12-03 17:56:06.541 I/EthernetStateTracker( 1595): reconnect()
12-03 17:56:06.541 I/EthernetStateTracker( 1595): reset dev eth0
12-03 17:56:06.581 D/Nat464Xlat( 1595): requiresClat: netType=9, hasIPv4Address=true
12-03 17:56:06.625 I/EthernetStateTracker( 1595): static ip config ipaddr 10.177.9.56 gateway 10.177.9.1 netmask 255.255.255.0 dns1 0.0.0.0 dns2 0.0.0.0 DHCP server 0.0.0.0 lease 0 seconds
12-03 17:56:06.625 V/EthernetStateTracker( 1595): static ip config succeeded
12-03 17:56:06.625 I/EthernetStateTracker( 1595): received i/f connected, running true
12-03 17:56:06.625 I/EthernetStateTracker( 1595): received config succeeded, running true
12-03 17:56:06.625 I/EthernetStateTracker( 1595): setState, skip: 1
12-03 17:56:06.633 W/ContextImpl( 1595): Calling a method in the system process without a qualified user: android.app.ContextImpl.sendStickyBroadcast:1289 com.mstar.android.ethernet.EthernetStateTracker.IntentBroadcast:343 com.mstar.android.ethernet.EthernetStateTracker.handleMessage:379 android.os.Handler.dispatchMessage:102 android.os.Looper.loop:136 
12-03 17:56:06.633 I/EthernetStateTracker( 1595): IntentBroadcast, event 1
12-03 17:56:06.633 I/EthernetStateTracker( 1595): received config succeeded, running true
12-03 17:56:06.633 I/EthernetStateTracker( 1595): setState, skip: 1
12-03 17:56:06.633 W/ContextImpl( 1595): Calling a method in the system process without a qualified user: android.app.ContextImpl.sendStickyBroadcast:1289 com.mstar.android.ethernet.EthernetStateTracker.IntentBroadcast:343 com.mstar.android.ethernet.EthernetStateTracker.handleMessage:379 android.os.Handler.dispatchMessage:102 android.os.Looper.loop:136 
12-03 17:56:06.637 I/EthernetStateTracker( 1595): IntentBroadcast, event 1
12-03 17:56:08.545 W/ContextImpl( 1950): Calling a method in the system process without a qualified user: android.app.ContextImpl.sendBroadcast:1131 android.content.ContextWrapper.sendBroadcast:365 com.dvb.auth.service.AAAService.c:-1 com.dvb.auth.service.AAAService.e:-1 com.dvb.auth.service.b.run:-1 
12-03 17:56:08.577 E/ActivityThread( 1595): Failed to find provider info for telephony
12-03 17:56:09.601 W/ContextImpl( 1950): Calling a method in the system process without a qualified user: android.app.ContextImpl.sendBroadcast:1131 android.content.ContextWrapper.sendBroadcast:365 com.dvb.auth.service.AAAService.c:-1 com.dvb.auth.service.AAAService.e:-1 com.dvb.auth.service.b.run:-1 
12-03 17:56:09.629 E/ActivityThread( 1595): Failed to find provider info for telephony
--------- beginning of /dev/log/main
12-03 17:56:09.869 D/iPanel  ( 2458): iPanel.debug("dispatchMessage:msg: 32774,5974,1")
12-03 17:56:09.869 D/iPanel  ( 2458): get getFocusedOrMainFrame
12-03 17:56:09.869 D/iPanel  ( 2458): getFrameByName 'eventFrame' frame=0x3c121a48 window=0x3c1226f8
12-03 17:56:09.869 D/iPanel  ( 2458): getFrameByName 'mainFrame' frame=0x3c12bdb8 window=0x3c223ae8
12-03 17:56:09.873 D/iPanel  ( 2458): iPanel.debug("dispatchMessage:iPanel.getFocusedOrMainFrame = http://10.177.64.3/hotel/index.htm")
12-03 17:56:09.873 D/iPanel  ( 2458): iPanel.debug("dispatchMessage:frame num: 2, keyEvent:system")
12-03 17:56:09.873 D/iPanel  ( 2458): iPanel.debug("dispatchMessage:#2. proc event 5974. url: http://10.177.64.3/hotel/index.htm")
12-03 17:56:09.873 D/iPanel  ( 2458): iPanel.debug("w=[object Window], document=[object HTMLDocument], keyCode=5974, modifiers=1, keyEvent=system")
12-03 17:56:09.873 D/iPanel  ( 2458): iPanel.debug("iPanelDealMsg event handler: (function(){	window.event = {		'which': 5974,		'keyCode': 5974,		'modifiers': 1,		'prevented': false,		'preventDefault': function() {			this.prevented = true;		}	};	var ret = document.onsystemevent(window.event);	if (window.event.prevented) return false;	return ret;})();")
12-03 17:56:09.873 D/iPanel  ( 2458): dom=0x3c223ae8 code=(function(){	window.event = {		'which': 5974,		'keyCode': 5974,		'modifiers': 1,		'prevented': false,		'preventDefault': function() {			this.prevented = true;		}	};	var ret = document.onsystemevent(window.event);	if (window.event.prevented) return false;	return ret;})();
12-03 17:56:09.873 D/webcore ( 2458): [execEventJS] code=(function(){	window.event = {		'which': 5974,		'keyCode': 5974,		'modifiers': 1,		'prevented': false,		'preventDefault': function() {			this.prevented = true;		}	};	var ret = document.onsystemevent(window.event);	if (window.event.prevented) return false;	return ret;})();
12-03 17:56:09.873 D/webcore ( 2458): [execEventJS] focusedOrMainFrame=http://10.177.64.3/hotel/index.htm
12-03 17:56:09.873 D/ScriptController( 2458): [executeScriptAndReturnValue] [V8] evaluate Script start. frame=0x3c12bdb8 url= line=1. source length=271
12-03 17:56:09.873 D/ScriptController( 2458): [executeScriptAndReturnValue] [V8] compile Script end. frame=0x3c12bdb8 
12-03 17:56:09.877 D/[skia]SkBitmap( 2458): [tryAllocPixels] allocator:0x633f52a8
12-03 17:56:09.881 D/[skia]SkBitmap( 2458): [tryAllocPixels] allocator:0x634755a0
12-03 17:56:09.881 D/iPanel  ( 2458): iPanel.debug("keyCode = OTHER_EVENT")
12-03 17:56:09.881 D/ScriptController( 2458): [executeScriptAndReturnValue] [V8] evaluate Script end. frame=0x3c12bdb8 
12-03 17:56:09.881 D/webcore ( 2458): [execEventJS] ret=1
12-03 17:56:09.881 D/iPanel  ( 2458): ret=1
12-03 17:56:09.881 D/iPanel  ( 2458): iPanel.debug("ret: true")
12-03 17:56:09.881 D/iPanel  ( 2458): iPanel.debug("dispatchMessage:#1. proc event 5974. url: ui:///eventpage.htm?ipanelcmd-name=eventFrame&script=ui:///ipanel.js")
12-03 17:56:09.885 D/iPanel  ( 2458): iPanel.debug("w=[object Window], document=[object HTMLDocument], keyCode=5974, modifiers=1, keyEvent=system")
12-03 17:56:09.885 D/iPanel  ( 2458): iPanel.debug("iPanelDealMsg event handler: (function(){	window.event = {		'which': 5974,		'keyCode': 5974,		'modifiers': 1,		'prevented': false,		'preventDefault': function() {			this.prevented = true;		}	};	var ret = document.onsystemevent(window.event);	if (window.event.prevented) return false;	return ret;})();")
12-03 17:56:09.885 D/iPanel  ( 2458): dom=0x3c1226f8 code=(function(){	window.event = {		'which': 5974,		'keyCode': 5974,		'modifiers': 1,		'prevented': false,		'preventDefault': function() {			this.prevented = true;		}	};	var ret = document.onsystemevent(window.event);	if (window.event.prevented) return false;	return ret;})();
12-03 17:56:09.885 D/webcore ( 2458): [execEventJS] code=(function(){	window.event = {		'which': 5974,		'keyCode': 5974,		'modifiers': 1,		'prevented': false,		'preventDefault': function() {			this.prevented = true;		}	};	var ret = document.onsystemevent(window.event);	if (window.event.prevented) return false;	return ret;})();
12-03 17:56:09.885 D/webcore ( 2458): [execEventJS] focusedOrMainFrame=ui:///eventpage.htm?ipanelcmd-name=eventFrame&script=ui:///ipanel.js
12-03 17:56:09.885 D/ScriptController( 2458): [executeScriptAndReturnValue] [V8] evaluate Script start. frame=0x3c121a48 url= line=1. source length=271
12-03 17:56:09.885 D/ScriptController( 2458): [executeScriptAndReturnValue] [V8] compile Script end. frame=0x3c121a48 
12-03 17:56:09.885 D/iPanel  ( 2458): iPanel.debug("eventpage grabEvent")
12-03 17:56:09.885 D/iPanel  ( 2458): getFrameByName 'mainFrame' frame=0x3c12bdb8 window=0x3c223ae8
12-03 17:56:09.885 D/iPanel  ( 2458): iPanel.debug("--zjh-- url = http://10.177.64.3/hotel/index.htm  keycode = 5974")
12-03 17:56:09.885 D/iPanel  ( 2458): iPanel.debug("eventpage.htm args.type==true")
12-03 17:56:09.885 D/iPanel  ( 2458): iPanel.debug("eventpage grabEvent eventObj==[object Object]")
12-03 17:56:09.885 D/iPanel  ( 2458): iPanel.debug("eventpage eventObj.code = EIS_MISC_HTML_OPEN_FINISHED")
12-03 17:56:09.885 D/iPanel  ( 2458): iPanel.debug("eventpage keyValue = 5974--p2:1")
12-03 17:56:09.889 D/iPanel  ( 2458): iPanel.debug("eventHandler---keycode==5974,p2=1")
12-03 17:56:09.889 D/ScriptController( 2458): [executeScriptAndReturnValue] [V8] evaluate Script end. frame=0x3c121a48 
12-03 17:56:09.889 D/webcore ( 2458): [execEventJS] ret=0
12-03 17:56:09.889 D/iPanel  ( 2458): ret=0
12-03 17:56:09.889 D/iPanel  ( 2458): iPanel.debug("ret: false")
12-03 17:56:09.889 D/iPanel  ( 2458): iPanel.debug("dispatchMessage:end")
12-03 17:56:09.889 D/ScriptController( 2458): [executeScriptAndReturnValue] [V8] evaluate Script end. frame=0x3c121a48 
12-03 17:56:09.889 D/webcoreBridge( 2458): execJS-->executeScript frame=0x3c121a48 end.
12-03 17:56:09.889 D/[blink]ResourceFetcher( 2458): [didFinishLoading] encoded length=1752 url=http://10.177.64.2:8080/ContentWS/services/queryPublicCategory.
12-03 17:56:09.889 D/V8ScriptRunner( 2458): [callFunction] start. frame = 0x3c12bdb8 function: xmlHttp.onreadystatechange url: http://10.177.64.3/hotel/js/global.js line: 904
12-03 17:56:09.889 D/iPanel  ( 2458): iPanel.debug("requestMenu responseText={"data":[{"Url":"","Type":0,"UrlEn":"","NameEn":"Television Programme","NameCn":"电视节目","ID":46,"Hotel":0,"Orders":1,"Icon":"http://10.177.64.2:8080/ContentWS/res/Image-0-46-categoryicon.png","IconEn":"http://10.177.64.2:8080/ContentWS/res/Image-0-46-categoryiconen.png","JsonUrl":"res/json/json_app_20171124180449.txt"},{"Url":"","Type":1,"UrlEn":"","NameEn":"Hotel service","NameCn":"酒店服务","ID":58,"Hotel":39,"Orders":1,"Icon":"http://10.177.64.2:8080/ContentWS/res/Image-39-58-categoryicon.png","IconEn":"http://10.177.64.2:8080/ContentWS/res/Image-39-58-categoryiconen.png","JsonUrl":"res/json/json_app_20171128164000.txt"},{"Url":"","Type":1,"UrlEn":"","NameEn":"Hotel Feature","NameCn":"酒店特色","ID":55,"Hotel":39,"Orders":2,"Icon":"http://10.177.64.2:8080/ContentWS/res/Image-39-55-categoryicon.png","IconEn":"http://10.177.64.2:8080/ContentWS/res/Image-39-55-categoryiconen.png","JsonUrl":"res/json/json_app_20171128112223.txt"},{"Url":"","Type":1,"UrlEn":"","NameEn":"Travel Guide","NameCn":"周边指南","ID":56,"Hotel":39,"Orders":3,"Icon":"http://10.177.64.2:8080/ContentWS/res/Image-39-56-categoryicon.png","IconEn":"http://10.177.64.2:8080/ContentWS/res/Image-39-56-categoryiconen.png","JsonUrl":"res/json/json_app_20171128112329.txt"},{"Url":"","Type":1,"UrlEn":"","NameEn":"Tourism Service","NameCn":"旅游服务","ID":57,"Hotel":39,"Orders":4,"Icon":"http://10.177.64.2:8080/ContentWS/res/Image-39-57-categoryicon.png","IconEn":"http://10.177.64.2:8080/ContentWS/res/Image-39-57-categoryiconen.png","JsonUrl":"res/json/json_app_20171128112504.txt"}]}")
12-03 17:56:09.889 D/iPanel  ( 2458): iPanel.debug("requestMenu get in")
12-03 17:56:09.889 D/iPanel  ( 2458): iPanel.debug("requestMenu menuList.length=5")
12-03 17:56:09.893 D/iPanel  ( 2458): iPanel.debug("requestMenu icon=http://10.177.64.2:8080/ContentWS/res/Image-39-58-categoryicon.png")
12-03 17:56:09.897 D/[blink]ResourceFetcher( 2458): [requestResource] url=http://10.177.64.3/hotel/images/text02.png.
12-03 17:56:09.897 D/url     ( 2458): [DoResolveRelative] [WEB] DoResolveRelative Error resolving.
12-03 17:56:09.897 D/[blink]ResourceFetcher( 2458): [requestResource] url=http://10.177.64.3/hotel/images/pic10_02.png.
12-03 17:56:09.897 D/url     ( 2458): [DoResolveRelative] [WEB] DoResolveRelative Error resolving.
12-03 17:56:09.897 D/iPanel  ( 2458): iPanel.debug("requestMenu icon=http://10.177.64.2:8080/ContentWS/res/Image-39-55-categoryicon.png")
12-03 17:56:09.897 D/[blink]ResourceFetcher( 2458): [requestResource] url=http://10.177.64.3/hotel/images/text03.png.
12-03 17:56:09.897 D/url     ( 2458): [DoResolveRelative] [WEB] DoResolveRelative Error resolving.
12-03 17:56:09.897 D/[blink]ResourceFetcher( 2458): [requestResource] url=http://10.177.64.3/hotel/images/pic10_03.png.
12-03 17:56:09.897 D/url     ( 2458): [DoResolveRelative] [WEB] DoResolveRelative Error resolving.
12-03 17:56:09.897 D/iPanel  ( 2458): iPanel.debug("requestMenu icon=http://10.177.64.2:8080/ContentWS/res/Image-39-56-categoryicon.png")
12-03 17:56:09.897 D/[blink]ResourceFetcher( 2458): [requestResource] url=http://10.177.64.3/hotel/images/text04.png.
12-03 17:56:09.897 D/url     ( 2458): [DoResolveRelative] [WEB] DoResolveRelative Error resolving.
12-03 17:56:09.905 D/[blink]ResourceFetcher( 2458): [requestResource] url=http://10.177.64.3/hotel/images/pic10_04.png.
12-03 17:56:09.905 D/url     ( 2458): [DoResolveRelative] [WEB] DoResolveRelative Error resolving.
12-03 17:56:09.905 D/iPanel  ( 2458): iPanel.debug("requestMenu icon=http://10.177.64.2:8080/ContentWS/res/Image-39-57-categoryicon.png")
12-03 17:56:09.905 D/[blink]ResourceFetcher( 2458): [requestResource] url=http://10.177.64.3/hotel/images/text05.png.
12-03 17:56:09.905 D/url     ( 2458): [DoResolveRelative] [WEB] DoResolveRelative Error resolving.
12-03 17:56:09.905 D/[blink]ResourceFetcher( 2458): [requestResource] url=http://10.177.64.3/hotel/images/pic10_05.png.
12-03 17:56:09.905 D/url     ( 2458): [DoResolveRelative] [WEB] DoResolveRelative Error resolving.
12-03 17:56:09.905 D/iPanel  ( 2458): iPanel.debug("requestMenu icon=http://10.177.64.2:8080/ContentWS/res/Image-0-46-categoryicon.png")
12-03 17:56:09.905 D/[blink]ResourceFetcher( 2458): [requestResource] url=http://10.177.64.3/hotel/images/text01.png.
12-03 17:56:09.905 D/url     ( 2458): [DoResolveRelative] [WEB] DoResolveRelative Error resolving.
12-03 17:56:09.905 D/[blink]ResourceFetcher( 2458): [requestResource] url=http://10.177.64.3/hotel/images/pic10_01.png.
12-03 17:56:09.905 D/url     ( 2458): [DoResolveRelative] [WEB] DoResolveRelative Error resolving.
12-03 17:56:09.909 D/iPanel  ( 2458): iPanel.debug("requestMenu icon=http://10.177.64.2:8080/ContentWS/res/Image-39-58-categoryicon.png")
12-03 17:56:09.909 D/[blink]ResourceFetcher( 2458): [requestResource] url=http://10.177.64.3/hotel/images/text02.png.
12-03 17:56:09.909 D/url     ( 2458): [DoResolveRelative] [WEB] DoResolveRelative Error resolving.
12-03 17:56:09.913 D/[blink]ResourceFetcher( 2458): [requestResource] url=http://10.177.64.3/hotel/images/pic10_02.png.
12-03 17:56:09.913 D/url     ( 2458): [DoResolveRelative] [WEB] DoResolveRelative Error resolving.
12-03 17:56:09.913 D/iPanel  ( 2458): iPanel.debug("requestMenu icon=http://10.177.64.2:8080/ContentWS/res/Image-39-55-categoryicon.png")
12-03 17:56:09.913 D/[blink]ResourceFetcher( 2458): [requestResource] url=http://10.177.64.3/hotel/images/text03.png.
12-03 17:56:09.913 D/url     ( 2458): [DoResolveRelative] [WEB] DoResolveRelative Error resolving.
12-03 17:56:09.913 D/[blink]ResourceFetcher( 2458): [requestResource] url=http://10.177.64.3/hotel/images/pic10_03.png.
12-03 17:56:09.913 D/url     ( 2458): [DoResolveRelative] [WEB] DoResolveRelative Error resolving.
12-03 17:56:09.913 D/iPanel  ( 2458): iPanel.debug("requestMenu icon=http://10.177.64.2:8080/ContentWS/res/Image-39-56-categoryicon.png")
12-03 17:56:09.913 D/[blink]ResourceFetcher( 2458): [requestResource] url=http://10.177.64.3/hotel/images/text04.png.
12-03 17:56:09.913 D/url     ( 2458): [DoResolveRelative] [WEB] DoResolveRelative Error resolving.
12-03 17:56:09.913 D/[blink]ResourceFetcher( 2458): [requestResource] url=http://10.177.64.3/hotel/images/pic10_04.png.
12-03 17:56:09.913 D/url     ( 2458): [DoResolveRelative] [WEB] DoResolveRelative Error resolving.
12-03 17:56:09.913 D/iPanel  ( 2458): iPanel.debug("requestMenu icon=http://10.177.64.2:8080/ContentWS/res/Image-39-57-categoryicon.png")
12-03 17:56:09.913 D/[blink]ResourceFetcher( 2458): [requestResource] url=http://10.177.64.3/hotel/images/text05.png.
12-03 17:56:09.913 D/url     ( 2458): [DoResolveRelative] [WEB] DoResolveRelative Error resolving.
12-03 17:56:09.913 D/[blink]ResourceFetcher( 2458): [requestResource] url=http://10.177.64.3/hotel/images/pic10_05.png.
12-03 17:56:09.913 D/url     ( 2458): [DoResolveRelative] [WEB] DoResolveRelative Error resolving.
12-03 17:56:09.913 D/iPanel  ( 2458): iPanel.debug("requestMenu icon=http://10.177.64.2:8080/ContentWS/res/Image-0-46-categoryicon.png")
12-03 17:56:09.913 D/[blink]ResourceFetcher( 2458): [requestResource] url=http://10.177.64.3/hotel/images/text01.png.
12-03 17:56:09.913 D/url     ( 2458): [DoResolveRelative] [WEB] DoResolveRelative Error resolving.
12-03 17:56:09.913 D/[blink]ResourceFetcher( 2458): [requestResource] url=http://10.177.64.3/hotel/images/pic10_01.png.
12-03 17:56:09.913 D/url     ( 2458): [DoResolveRelative] [WEB] DoResolveRelative Error resolving.
12-03 17:56:09.913 D/[blink]ResourceFetcher( 2458): [requestResource] url=http://10.177.64.3/hotel/images/text02.png.
12-03 17:56:09.913 D/url     ( 2458): [DoResolveRelative] [WEB] DoResolveRelative Error resolving.
12-03 17:56:09.921 D/[blink]ResourceFetcher( 2458): [requestResource] url=http://10.177.64.2:8080/ContentWS/res/Image-39-58-categoryicon.png.
12-03 17:56:09.921 D/url     ( 2458): [DoResolveRelative] [WEB] DoResolveRelative Error resolving.
12-03 17:56:09.921 D/ResourceLoader( 2458): [StartRequest] start request 0x6b819518 url='http://10.177.64.2:8080/ContentWS/res/Image-39-58-categoryicon.png'
12-03 17:56:09.921 D/AwRequestInterceptor( 2458): [MaybeInterceptRequest] request=0x6b819518
12-03 17:56:09.921 D/[blink]ResourceFetcher( 2458): [requestResource] url=http://10.177.64.2:8080/ContentWS/res/Image-39-55-categoryicon.png.
12-03 17:56:09.921 D/url     ( 2458): [DoResolveRelative] [WEB] DoResolveRelative Error resolving.
12-03 17:56:09.921 D/cr_AwContents( 2458): [AwContents.java:520] BackgroundThreadClientImpl shouldInterceptRequest url = http://10.177.64.2:8080/ContentWS/res/Image-39-58-categoryicon.png
12-03 17:56:09.921 D/[blink]ResourceFetcher( 2458): [requestResource] url=http://10.177.64.2:8080/ContentWS/res/Image-39-56-categoryicon.png.
12-03 17:56:09.921 D/cr_AwNullContentsClient( 2458): [AwNullContentsClient.java:59] shouldInterceptRequest url=http://10.177.64.2:8080/ContentWS/res/Image-39-58-categoryicon.png
12-03 17:56:09.921 D/BrowserWebViewClient( 2458): intercept request :http://10.177.64.2:8080/ContentWS/res/Image-39-58-categoryicon.png
12-03 17:56:09.921 D/url     ( 2458): [DoResolveRelative] [WEB] DoResolveRelative Error resolving.
12-03 17:56:09.921 D/ResourceLoader( 2458): [StartRequest] start request 0x6b63da90 url='http://10.177.64.2:8080/ContentWS/res/Image-39-55-categoryicon.png'
12-03 17:56:09.921 D/AwRequestInterceptor( 2458): [MaybeInterceptRequest] request=0x6b63da90
12-03 17:56:09.921 D/[blink]ResourceFetcher( 2458): [requestResource] url=http://10.177.64.2:8080/ContentWS/res/Image-39-57-categoryicon.png.
12-03 17:56:09.921 D/url     ( 2458): [DoResolveRelative] [WEB] DoResolveRelative Error resolving.
12-03 17:56:09.925 D/ResourceLoader( 2458): [StartRequest] start request 0x70725bb8 url='http://10.177.64.2:8080/ContentWS/res/Image-39-56-categoryicon.png'
12-03 17:56:09.925 D/AwRequestInterceptor( 2458): [MaybeInterceptRequest] request=0x70725bb8
12-03 17:56:09.925 D/cr_AwContents( 2458): [AwContents.java:520] BackgroundThreadClientImpl shouldInterceptRequest url = http://10.177.64.2:8080/ContentWS/res/Image-39-55-categoryicon.png
12-03 17:56:09.925 D/[blink]ResourceFetcher( 2458): [requestResource] url=http://10.177.64.2:8080/ContentWS/res/Image-0-46-categoryicon.png.
12-03 17:56:09.925 D/url     ( 2458): [DoResolveRelative] [WEB] DoResolveRelative Error resolving.
12-03 17:56:09.925 D/cr_AwNullContentsClient( 2458): [AwNullContentsClient.java:59] shouldInterceptRequest url=http://10.177.64.2:8080/ContentWS/res/Image-39-55-categoryicon.png
12-03 17:56:09.925 D/BrowserWebViewClient( 2458): intercept request :http://10.177.64.2:8080/ContentWS/res/Image-39-55-categoryicon.png
12-03 17:56:09.925 D/ResourceLoader( 2458): [StartRequest] start request 0x6fe3eb98 url='http://10.177.64.2:8080/ContentWS/res/Image-39-57-categoryicon.png'
12-03 17:56:09.925 D/[blink]ResourceFetcher( 2458): [requestResource] url=http://10.177.64.2:8080/ContentWS/res/Image-39-58-categoryicon.png.
12-03 17:56:09.925 D/AwRequestInterceptor( 2458): [MaybeInterceptRequest] request=0x6fe3eb98
12-03 17:56:09.925 D/url     ( 2458): [DoResolveRelative] [WEB] DoResolveRelative Error resolving.
12-03 17:56:09.925 D/V8ScriptRunner( 2458): [callFunction] end. frame = 0x3c12bdb8 function: xmlHttp.onreadystatechange url: http://10.177.64.3/hotel/js/global.js line: 904
12-03 17:56:09.925 D/cr_AwContents( 2458): [AwContents.java:520] BackgroundThreadClientImpl shouldInterceptRequest url = http://10.177.64.2:8080/ContentWS/res/Image-39-56-categoryicon.png
12-03 17:56:09.925 D/ResourceLoader( 2458): [StartRequest] start request 0x6b6481b0 url='http://10.177.64.2:8080/ContentWS/res/Image-0-46-categoryicon.png'
12-03 17:56:09.925 D/AwRequestInterceptor( 2458): [MaybeInterceptRequest] request=0x6b6481b0
12-03 17:56:09.925 D/cr_AwNullContentsClient( 2458): [AwNullContentsClient.java:59] shouldInterceptRequest url=http://10.177.64.2:8080/ContentWS/res/Image-39-56-categoryicon.png
12-03 17:56:09.925 D/BrowserWebViewClient( 2458): intercept request :http://10.177.64.2:8080/ContentWS/res/Image-39-56-categoryicon.png
12-03 17:56:09.925 D/AwRequestInterceptor( 2458): [MaybeInterceptRequest] request=0x6b819518
12-03 17:56:09.925 D/[cc]ProxyMain( 2458): [BeginMainFrame] cc.BeginMainFrame this:0x68d28aa0
12-03 17:56:09.925 D/[cc]LayerTreeHost( 2458): [AnimateLayers] AnimateLayers monotonic_time=284387006
12-03 17:56:09.925 D/[blink]FrameView( 2458): [updateStyleAndLayoutIfNeededRecursiveInternal] in... this:0x27204cb0.
12-03 17:56:09.925 D/cr_AwContents( 2458): [AwContents.java:520] BackgroundThreadClientImpl shouldInterceptRequest url = http://10.177.64.2:8080/ContentWS/res/Image-39-57-categoryicon.png
12-03 17:56:09.929 D/AwRequestInterceptor( 2458): [MaybeInterceptRequest] request=0x6b63da90
12-03 17:56:09.929 D/cr_AwNullContentsClient( 2458): [AwNullContentsClient.java:59] shouldInterceptRequest url=http://10.177.64.2:8080/ContentWS/res/Image-39-57-categoryicon.png
12-03 17:56:09.929 D/BrowserWebViewClient( 2458): intercept request :http://10.177.64.2:8080/ContentWS/res/Image-39-57-categoryicon.png
12-03 17:56:09.929 D/AwRequestInterceptor( 2458): [MaybeInterceptRequest] request=0x70725bb8
12-03 17:56:09.929 D/[blink]FrameView( 2458): [layout] start... this:0x27204cb0, frame=0x3c12bdb8 content size(1284, 720). 
12-03 17:56:09.929 D/[blink]FrameView( 2458): [layout] performPreLayoutTasks start... this:0x27204cb0
12-03 17:56:09.929 D/[blink]FrameView( 2458): [layout] performPreLayoutTasks end... this:0x27204cb0
12-03 17:56:09.929 D/[blink]FrameView( 2458): [layout] performLayout start... this:0x27204cb0
12-03 17:56:09.929 D/cr_AwContents( 2458): [AwContents.java:520] BackgroundThreadClientImpl shouldInterceptRequest url = http://10.177.64.2:8080/ContentWS/res/Image-0-46-categoryicon.png
12-03 17:56:09.929 D/AwRequestInterceptor( 2458): [MaybeInterceptRequest] request=0x6fe3eb98
12-03 17:56:09.933 D/cr_AwNullContentsClient( 2458): [AwNullContentsClient.java:59] shouldInterceptRequest url=http://10.177.64.2:8080/ContentWS/res/Image-0-46-categoryicon.png
12-03 17:56:09.933 D/BrowserWebViewClient( 2458): intercept request :http://10.177.64.2:8080/ContentWS/res/Image-0-46-categoryicon.png
12-03 17:56:09.933 D/[blink]FrameView( 2458): [layout] performLayout end... this:0x27204cb0
12-03 17:56:09.933 D/[blink]FrameView( 2458): [layout] call compositor()->didLayout()!
12-03 17:56:09.933 D/[blink]FrameView( 2458): [layout] updateDocumentAnnotatedRegions start... this:0x27204cb0
12-03 17:56:09.933 D/[blink]FrameView( 2458): [layout] scheduleOrPerformPostLayoutTasks start... this:0x27204cb0
12-03 17:56:09.933 D/[blink]FrameView( 2458): [layout] end... this:0x27204cb0
12-03 17:56:09.933 D/[blink]FrameView( 2458): [layout] out... this:0x27204cb0
12-03 17:56:09.933 D/[blink]FrameView( 2458): [updateStyleAndLayoutIfNeededRecursiveInternal] end... this:0x27204cb0.
12-03 17:56:09.933 D/[blink]FrameView( 2458): [updateLifecyclePhasesInternal] in... this:0x27204cb0, targetState=18
12-03 17:56:09.933 D/[blink]FrameView( 2458): [updateLifecyclePhasesInternal] call compositor()->updateIfNeededRecursive()!
12-03 17:56:09.933 D/AwRequestInterceptor( 2458): [MaybeInterceptRequest] request=0x6b6481b0
12-03 17:56:09.937 D/[blink] ImageResource( 2458): [getImage] ImageResource::getImage error occurred return null image
12-03 17:56:09.937 D/[blink] ImageResource( 2458): .
12-03 17:56:09.937 D/[blink] ImageResource( 2458): [getImage] ImageResource::getImage error occurred return null image
12-03 17:56:09.937 D/[blink] ImageResource( 2458): .
12-03 17:56:09.937 D/[blink] ImagePainter( 2458): [paintReplaced] ImagePainter::paintReplaced in w=2560, h=2560.
12-03 17:56:09.937 D/[blink] ImagePainter( 2458): [paintReplaced] ImagePainter::paintReplaced in w=2560, h=2560.
12-03 17:56:09.937 D/[blink] ImagePainter( 2458): [paintReplaced] ImagePainter::paintReplaced in w=14848, h=17856.
12-03 17:56:09.941 D/[blink] ImagePainter( 2458): [paintReplaced] ImagePainter::paintReplaced out.
12-03 17:56:09.941 D/[blink] ImagePainter( 2458): [paintReplaced] ImagePainter::paintReplaced in w=14848, h=6208.
12-03 17:56:09.941 D/[blink] ImagePainter( 2458): [paintReplaced] ImagePainter::paintReplaced out.
12-03 17:56:09.941 D/[blink] ImagePainter( 2458): [paintReplaced] ImagePainter::paintReplaced in w=14848, h=17856.
12-03 17:56:09.941 D/[blink] ImagePainter( 2458): [paintReplaced] ImagePainter::paintReplaced out.
12-03 17:56:09.941 D/[blink] ImagePainter( 2458): [paintReplaced] ImagePainter::paintReplaced in w=14848, h=6208.
12-03 17:56:09.941 D/[blink] ImagePainter( 2458): [paintReplaced] ImagePainter::paintReplaced out.
12-03 17:56:09.941 D/[blink] ImagePainter( 2458): [paintReplaced] ImagePainter::paintReplaced in w=14848, h=17856.
12-03 17:56:09.941 D/[blink] ImagePainter( 2458): [paintReplaced] ImagePainter::paintReplaced out.
12-03 17:56:09.941 D/[blink] ImagePainter( 2458): [paintReplaced] ImagePainter::paintReplaced in w=14848, h=6208.
12-03 17:56:09.941 D/[blink] ImagePainter( 2458): [paintReplaced] ImagePainter::paintReplaced out.
12-03 17:56:09.941 D/[blink] ImagePainter( 2458): [paintReplaced] ImagePainter::paintReplaced in w=14848, h=17856.
12-03 17:56:09.941 D/[blink] ImagePainter( 2458): [paintReplaced] ImagePainter::paintReplaced out.
12-03 17:56:09.941 D/[blink] ImagePainter( 2458): [paintReplaced] ImagePainter::paintReplaced in w=14848, h=6208.
12-03 17:56:09.941 D/[blink] ImagePainter( 2458): [paintReplaced] ImagePainter::paintReplaced out.
12-03 17:56:09.941 D/[blink] ImagePainter( 2458): [paintReplaced] ImagePainter::paintReplaced in w=14848, h=17856.
12-03 17:56:09.941 D/[blink] ImagePainter( 2458): [paintReplaced] ImagePainter::paintReplaced out.
12-03 17:56:09.941 D/[blink] ImagePainter( 2458): [paintReplaced] ImagePainter::paintReplaced in w=14848, h=6208.
12-03 17:56:09.941 D/[blink] ImagePainter( 2458): [paintReplaced] ImagePainter::paintReplaced out.
12-03 17:56:09.941 D/[blink] ImagePainter( 2458): [paintReplaced] ImagePainter::paintReplaced in w=14848, h=9472.
12-03 17:56:09.941 D/[blink] ImagePainter( 2458): [paintReplaced] ImagePainter::paintReplaced out.
12-03 17:56:09.941 D/[blink] ImagePainter( 2458): [paintReplaced] ImagePainter::paintReplaced in w=14848, h=9472.
12-03 17:56:09.941 D/[blink] ImagePainter( 2458): [paintReplaced] ImagePainter::paintReplaced out.
12-03 17:56:09.941 D/[blink] ImagePainter( 2458): [paintReplaced] ImagePainter::paintReplaced in w=14848, h=9472.
12-03 17:56:09.941 D/[blink] ImagePainter( 2458): [paintReplaced] ImagePainter::paintReplaced out.
12-03 17:56:09.941 D/[blink] ImagePainter( 2458): [paintReplaced] ImagePainter::paintReplaced in w=14848, h=9472.
12-03 17:56:09.941 D/[blink] ImagePainter( 2458): [paintReplaced] ImagePainter::paintReplaced out.
12-03 17:56:09.941 D/[blink] ImagePainter( 2458): [paintReplaced] ImagePainter::paintReplaced in w=14848, h=9472.
12-03 17:56:09.941 D/[blink] ImagePainter( 2458): [paintReplaced] ImagePainter::paintReplaced out.
12-03 17:56:09.941 D/[blink] ImagePainter( 2458): [paintReplaced] ImagePainter::paintReplaced in w=15680, h=18816.
12-03 17:56:09.941 D/[blink] ImagePainter( 2458): [paintReplaced] ImagePainter::paintReplaced out.
12-03 17:56:09.941 D/[blink] ImagePainter( 2458): [paintReplaced] ImagePainter::paintReplaced in w=15680, h=6656.
12-03 17:56:09.941 D/[blink] ImagePainter( 2458): [paintReplaced] ImagePainter::paintReplaced out.
12-03 17:56:09.941 D/[blink]FrameView( 2458): [updateLifecyclePhasesInternal] end... this:0x27204cb0
12-03 17:56:10.009 D/ResourceLoader( 2458): [ResponseCompleted] finish request 0x6b819518 url='http://10.177.64.2:8080/ContentWS/res/Image-39-58-categoryicon.png'
12-03 17:56:10.017 D/ResourceLoader( 2458): [ResponseCompleted] finish request 0x6b6481b0 url='http://10.177.64.2:8080/ContentWS/res/Image-0-46-categoryicon.png'
12-03 17:56:10.021 D/ResourceLoader( 2458): [ResponseCompleted] finish request 0x70725bb8 url='http://10.177.64.2:8080/ContentWS/res/Image-39-56-categoryicon.png'
12-03 17:56:10.021 D/ResourceLoader( 2458): [ResponseCompleted] finish request 0x6fe3eb98 url='http://10.177.64.2:8080/ContentWS/res/Image-39-57-categoryicon.png'
12-03 17:56:10.021 D/ResourceLoader( 2458): [ResponseCompleted] finish request 0x6b63da90 url='http://10.177.64.2:8080/ContentWS/res/Image-39-55-categoryicon.png'
12-03 17:56:10.061 D/[skia]SkBitmap( 2458): [tryAllocPixels] allocator:0x633f52a8
12-03 17:56:10.061 D/[skia]SkBitmap( 2458): [tryAllocPixels] allocator:0x634755a0
12-03 17:56:10.157 D/[skia]SkBitmap( 2458): [tryAllocPixels] allocator:0x633f52a8
12-03 17:56:10.165 D/[skia]SkBitmap( 2458): [tryAllocPixels] allocator:0x634755a0
12-03 17:56:10.209 D/[skia]SkBitmap( 2458): [tryAllocPixels] allocator:0x634755c8
12-03 17:56:10.257 D/NetworkMonitor( 2271): getNetworkStatus:true
12-03 17:56:10.261 D/[skia]SkBitmap( 2458): [tryAllocPixels] allocator:0x633f52a8
12-03 17:56:10.261 D/[skia]SkBitmap( 2458): [tryAllocPixels] allocator:0x634755a0
12-03 17:56:10.273 I/Advanced( 2458): [QUEUE] share_queue_sendEx size:1 4097 1159 0x6304fa80,postLoopId:0,dstid:1.
12-03 17:56:10.281 D/[skia]SkBitmap( 2458): [tryAllocPixels] allocator:0x634755c8
12-03 17:56:10.281 D/[skia]SkBitmap( 2458): [tryAllocPixels] allocator:0x634755c8
12-03 17:56:10.281 D/[skia]SkBitmap( 2458): [tryAllocPixels] allocator:0x634758c0
12-03 17:56:10.293 D/[skia]SkBitmap( 2458): [tryAllocPixels] allocator:0x634758c0
12-03 17:56:10.329 D/[skia]SkBitmap( 2458): [tryAllocPixels] allocator:0x634758c0
12-03 17:56:10.349 D/[skia]SkBitmap( 2458): [tryAllocPixels] allocator:0x634755a0
12-03 17:56:10.365 V/DownloadService( 2128): ______changeDuration() , duration = 6935s
12-03 17:56:10.365 E/DownloadService( 2128): __________________mThreadCount = 1
12-03 17:56:10.409 D/[blink] ImageResource( 2458): [updateImage] allDataReceived!! data size=3864
12-03 17:56:10.421 D/gralloc ( 1103): allocate buffer from ION HEAP 0x10000
12-03 17:56:10.421 D/gralloc ( 1103): allocate the descrete memory from 0x10000 HEAP
12-03 17:56:10.421 E/gralloc ( 1103): ioctl c0204909 failed with code -1: No such device
12-03 17:56:10.421 E/[Gralloc-ERROR]( 1103): int alloc_backend_alloc(alloc_device_t*, size_t, int, const native_handle_t**):217 Failed to ion_cust_alloc from ion_client:29
12-03 17:56:10.421 D/gralloc ( 1103): Not enough CMA memory, fallback system directly
12-03 17:56:10.421 D/gralloc ( 1103): allocate buffer from ION HEAP 0x1
12-03 17:56:10.421 D/gralloc ( 1103): allocate memory from system heap
12-03 17:56:10.421 D/[blink] ImageResource( 2458): [updateImage] allDataReceived!! data size=2664
12-03 17:56:10.425 D/[blink] ImageResource( 2458): [updateImage] allDataReceived!! data size=3864
12-03 17:56:10.433 D/[blink] ImageResource( 2458): [updateImage] allDataReceived!! data size=3864
12-03 17:56:10.433 D/[blink] ImageResource( 2458): [updateImage] allDataReceived!! data size=3864
12-03 17:56:10.445 D/[blink] ImageResource( 2458): [updateImage] allDataReceived!! data size=63792
12-03 17:56:10.473 I/Advanced( 2458): [QUEUE] share_queue_sendEx size:1 4097 1160 0x6304fa80,postLoopId:0,dstid:1.
12-03 17:56:10.481 D/[blink] ImageResource( 2458): [updateImage] allDataReceived!! data size=49000
12-03 17:56:10.481 D/[blink] ImageResource( 2458): [updateImage] allDataReceived!! data size=91304
12-03 17:56:10.485 D/[blink] ImageResource( 2458): [updateImage] allDataReceived!! data size=80856
12-03 17:56:10.485 D/[blink] ImageResource( 2458): [updateImage] allDataReceived!! data size=28728
12-03 17:56:10.485 D/[blink] ImageResource( 2458): [updateImage] allDataReceived!! data size=111264
12-03 17:56:10.489 D/[blink] ImageResource( 2458): [updateImage] allDataReceived!! data size=66376
12-03 17:56:10.489 D/[blink] ImageResource( 2458): [updateImage] allDataReceived!! data size=17144
12-03 17:56:10.489 D/[blink] ImageResource( 2458): [updateImage] allDataReceived!! data size=40312
12-03 17:56:10.489 D/[blink] ImageResource( 2458): [updateImage] allDataReceived!! data size=117368
12-03 17:56:10.489 D/[blink] ImageResource( 2458): [updateImage] allDataReceived!! data size=143120
12-03 17:56:10.489 D/[blink] ImageResource( 2458): [updateImage] allDataReceived!! data size=57688
12-03 17:56:10.493 D/[blink] ImageResource( 2458): [updateImage] allDataReceived!! data size=72168
12-03 17:56:10.501 D/[blink] ImageResource( 2458): [updateImage] allDataReceived!! data size=131279
12-03 17:56:10.505 D/[blink]ResourceFetcher( 2458): [didFinishLoading] encoded length=131511 url=http://10.177.64.2:8080/ContentWS/res/Image-39-58-categoryicon.png.
12-03 17:56:10.505 D/[blink] ImageResource( 2458): [updateImage] allDataReceived!! data size=131279
12-03 17:56:10.505 D/[blink] ImageResource( 2458): [updateImage] allDataReceived!! data size=101128
12-03 17:56:10.505 D/[blink] ImageResource( 2458): [updateImage] allDataReceived!! data size=85200
12-03 17:56:10.505 D/[blink] ImageResource( 2458): [updateImage] allDataReceived!! data size=174976
12-03 17:56:10.513 D/[blink] ImageResource( 2458): [updateImage] allDataReceived!! data size=82304
12-03 17:56:10.513 D/[blink] ImageResource( 2458): [updateImage] allDataReceived!! data size=125067
12-03 17:56:10.513 D/[blink]ResourceFetcher( 2458): [didFinishLoading] encoded length=125299 url=http://10.177.64.2:8080/ContentWS/res/Image-0-46-categoryicon.png.
12-03 17:56:10.513 D/[blink] ImageResource( 2458): [updateImage] allDataReceived!! data size=125067
12-03 17:56:10.513 D/[blink] ImageResource( 2458): [updateImage] allDataReceived!! data size=104024
12-03 17:56:10.513 D/[blink] ImageResource( 2458): [updateImage] allDataReceived!! data size=187796
12-03 17:56:10.513 D/[blink]ResourceFetcher( 2458): [didFinishLoading] encoded length=188028 url=http://10.177.64.2:8080/ContentWS/res/Image-39-56-categoryicon.png.
12-03 17:56:10.513 D/[blink] ImageResource( 2458): [updateImage] allDataReceived!! data size=187796
12-03 17:56:10.513 D/[blink] ImageResource( 2458): [updateImage] allDataReceived!! data size=105151
12-03 17:56:10.521 I/AdvancedPorting-PORT_MODULE_NET( 2458): network_task while... 
12-03 17:56:10.521 I/AdvancedPorting-PORT_MODULE_NET( 2458): 0 interface name: lo
12-03 17:56:10.521 I/AdvancedPorting-PORT_MODULE_NET( 2458): 1 interface name: eth0
12-03 17:56:10.521 I/AdvancedPorting-PORT_MODULE_NET( 2458): First interface name: lo
12-03 17:56:10.521 I/AdvancedPorting-PORT_MODULE_NET( 2458): network_task while...  net_i:1
12-03 17:56:10.521 I/AdvancedPorting-PORT_MODULE_NET( 2458): network_task while---name_interface[0]=lo
12-03 17:56:10.521 I/AdvancedPorting-PORT_MODULE_NET( 2458): network_task while---name_interface[1]=eth0
12-03 17:56:10.521 I/AdvancedPorting-PORT_MODULE_NET( 2458): network_task while---interface_name=eth0
12-03 17:56:10.521 I/AdvancedPorting-PORT_MODULE_NET( 2458): network_get_netlink_status(in)--if_name=eth0
12-03 17:56:10.521 I/AdvancedPorting-PORT_MODULE_NET( 2458): net.network.isconnected = no
12-03 17:56:10.521 I/AdvancedPorting-PORT_MODULE_NET( 2458): eth0 --network_get_netlink_status return retval=1
12-03 17:56:10.521 I/AdvancedPorting-PORT_MODULE_NET( 2458): stat = 1 last_status = 1
12-03 17:56:10.529 D/[blink]ResourceFetcher( 2458): [didFinishLoading] encoded length=105383 url=http://10.177.64.2:8080/ContentWS/res/Image-39-57-categoryicon.png.
12-03 17:56:10.529 D/[blink] ImageResource( 2458): [updateImage] allDataReceived!! data size=105151
12-03 17:56:10.529 D/[blink] ImageResource( 2458): [updateImage] allDataReceived!! data size=138776
12-03 17:56:10.533 D/[blink] ImageResource( 2458): [updateImage] allDataReceived!! data size=139322
12-03 17:56:10.533 D/[blink]ResourceFetcher( 2458): [didFinishLoading] encoded length=139554 url=http://10.177.64.2:8080/ContentWS/res/Image-39-55-categoryicon.png.
12-03 17:56:10.533 D/[blink] ImageResource( 2458): [updateImage] allDataReceived!! data size=139322
12-03 17:56:10.545 D/[cc]ProxyMain( 2458): [BeginMainFrame] cc.BeginMainFrame this:0x68d28aa0
12-03 17:56:10.545 D/[cc]LayerTreeHost( 2458): [AnimateLayers] AnimateLayers monotonic_time=284947043
12-03 17:56:10.545 D/[blink]FrameView( 2458): [updateStyleAndLayoutIfNeededRecursiveInternal] in... this:0x27204cb0.
12-03 17:56:10.545 D/[blink]FrameView( 2458): [updateStyleAndLayoutIfNeededRecursiveInternal] end... this:0x27204cb0.
12-03 17:56:10.545 D/[blink]FrameView( 2458): [updateLifecyclePhasesInternal] in... this:0x27204cb0, targetState=18
12-03 17:56:10.545 D/[blink]FrameView( 2458): [updateLifecyclePhasesInternal] call compositor()->updateIfNeededRecursive()!
12-03 17:56:10.549 D/[blink] ImagePainter( 2458): [paintReplaced] ImagePainter::paintReplaced in w=2560, h=2560.
12-03 17:56:10.549 D/[blink] ImagePainter( 2458): [paintReplaced] ImagePainter::paintReplaced in w=2560, h=2560.
12-03 17:56:10.549 D/[blink] ImagePainter( 2458): [paintReplaced] ImagePainter::paintReplaced in w=14848, h=17856.
12-03 17:56:10.549 D/[blink] ImagePainter( 2458): [paintReplaced] ImagePainter::paintReplaced out.
12-03 17:56:10.549 D/[blink] ImagePainter( 2458): [paintReplaced] ImagePainter::paintReplaced in w=14848, h=6208.
12-03 17:56:10.549 D/[blink] ImagePainter( 2458): [paintReplaced] ImagePainter::paintReplaced in w=14848, h=17856.
12-03 17:56:10.549 D/[blink] ImagePainter( 2458): [paintReplaced] ImagePainter::paintReplaced out.
12-03 17:56:10.549 D/[blink] ImagePainter( 2458): [paintReplaced] ImagePainter::paintReplaced in w=14848, h=6208.
12-03 17:56:10.549 D/[blink] ImagePainter( 2458): [paintReplaced] ImagePainter::paintReplaced in w=14848, h=17856.
12-03 17:56:10.549 D/[blink] ImagePainter( 2458): [paintReplaced] ImagePainter::paintReplaced out.
12-03 17:56:10.549 D/[blink] ImagePainter( 2458): [paintReplaced] ImagePainter::paintReplaced in w=14848, h=6208.
12-03 17:56:10.549 D/[blink] ImagePainter( 2458): [paintReplaced] ImagePainter::paintReplaced in w=14848, h=17856.
12-03 17:56:10.549 D/[blink] ImagePainter( 2458): [paintReplaced] ImagePainter::paintReplaced out.
12-03 17:56:10.549 D/[blink] ImagePainter( 2458): [paintReplaced] ImagePainter::paintReplaced in w=14848, h=6208.
12-03 17:56:10.549 D/[blink] ImagePainter( 2458): [paintReplaced] ImagePainter::paintReplaced in w=14848, h=17856.
12-03 17:56:10.549 D/[blink] ImagePainter( 2458): [paintReplaced] ImagePainter::paintReplaced out.
12-03 17:56:10.549 D/[blink] ImagePainter( 2458): [paintReplaced] ImagePainter::paintReplaced in w=14848, h=6208.
12-03 17:56:10.549 D/[blink] ImagePainter( 2458): [paintReplaced] ImagePainter::paintReplaced in w=14848, h=9472.
12-03 17:56:10.549 D/[blink] ImagePainter( 2458): [paintReplaced] ImagePainter::paintReplaced in w=14848, h=9472.
12-03 17:56:10.549 D/[blink] ImagePainter( 2458): [paintReplaced] ImagePainter::paintReplaced in w=14848, h=9472.
12-03 17:56:10.549 D/[blink] ImagePainter( 2458): [paintReplaced] ImagePainter::paintReplaced in w=14848, h=9472.
12-03 17:56:10.549 D/[blink] ImagePainter( 2458): [paintReplaced] ImagePainter::paintReplaced in w=14848, h=9472.
12-03 17:56:10.549 D/[blink] ImagePainter( 2458): [paintReplaced] ImagePainter::paintReplaced in w=15680, h=18816.
12-03 17:56:10.549 D/[blink] ImagePainter( 2458): [paintReplaced] ImagePainter::paintReplaced out.
12-03 17:56:10.549 D/[blink] ImagePainter( 2458): [paintReplaced] ImagePainter::paintReplaced in w=15680, h=6656.
12-03 17:56:10.549 D/[blink]FrameView( 2458): [updateLifecyclePhasesInternal] end... this:0x27204cb0
12-03 17:56:10.673 D/[skia]SkBitmap( 2458): [tryAllocPixels] allocator:0x634756b8
12-03 17:56:10.673 D/[skia]SkBitmap( 2458): [tryAllocPixels] allocator:0x634761f8
12-03 17:56:10.681 I/Advanced( 2458): [QUEUE] share_queue_sendEx size:1 4097 1161 0x6304fa80,postLoopId:0,dstid:1.
12-03 17:56:10.689 D/[skia]SkBitmap( 2458): [tryAllocPixels] allocator:0x63476748
12-03 17:56:10.693 D/gralloc ( 1103): allocate buffer from ION HEAP 0x10000
12-03 17:56:10.693 D/gralloc ( 1103): allocate the descrete memory from 0x10000 HEAP
12-03 17:56:10.693 E/gralloc ( 1103): ioctl c0204909 failed with code -1: No such device
12-03 17:56:10.693 E/[Gralloc-ERROR]( 1103): int alloc_backend_alloc(alloc_device_t*, size_t, int, const native_handle_t**):217 Failed to ion_cust_alloc from ion_client:29
12-03 17:56:10.693 D/gralloc ( 1103): Not enough CMA memory, fallback system directly
12-03 17:56:10.693 D/gralloc ( 1103): allocate buffer from ION HEAP 0x1
12-03 17:56:10.693 D/gralloc ( 1103): allocate memory from system heap
12-03 17:56:10.713 D/[skia]SkBitmap( 2458): [tryAllocPixels] allocator:0x634761f8
12-03 17:56:10.717 D/[skia]SkBitmap( 2458): [tryAllocPixels] allocator:0x63475640
12-03 17:56:10.809 W/HttpServer( 1778):  SocketException no Create!,retry!
12-03 17:56:10.941 D/WindowManager( 1595): currentClassName:com.ipanel.webapp.BrowserActivity,keyCode:4
12-03 17:56:10.945 D/WindowManager( 1595): interceptKeyTi keyCode=4 down=true repeatCount=0 keyguardOn=false mHomePressed=false canceled=false
12-03 17:56:10.961 D/cr_AwTestContainerView( 2458): [AwTestContainerView.java:63] [mainFrame]: [2017-11-21 16:30:02] dispatchKeyEvent keyCode = 4 event = KeyEvent { action=ACTION_DOWN, keyCode=KEYCODE_BACK, scanCode=158, metaState=0, flags=0x8, repeatCount=0, eventTime=285485, downTime=285485, deviceId=3, source=0x701 }
12-03 17:56:10.961 D/ImeAdapterAndroid( 2458): [SendKeyEvent] [BUILD TIME: ] dispatchKeyEvent key_code=4 modifiers=0 unicode_char=0 scan_code=158 is_system=0 tm=285485
12-03 17:56:10.965 D/RenderWidgetInputHandler( 2458): [HandleInputEvent] input_event type=8 name=KeyDown
12-03 17:56:10.965 D/RenderWidgetInputHandler( 2458): [HandleInputEvent] key_event.nativeKeyCode:4,widget_->GetTextInputType():0
12-03 17:56:10.965 D/RenderWidgetInputHandler( 2458): [HandleInputEvent] input_event type=8 prevent_default:0
12-03 17:56:10.965 D/WebViewImpl( 2458): [handleKeyEvent] keycode:166, eventType:8 native keycode:4 frame=0x3c12bdb8. url='http://10.177.64.3/hotel/index.htm'.
12-03 17:56:10.965 D/[blink]KeyboardEventManager( 2458): [keyEvent] initialKeyEvent KeyDown nativeKeyCode=4 windowsKeyCode=166 text[0]=0
12-03 17:56:10.965 D/[blink]KeyboardEventManager( 2458): [keyEvent] initialKeyEvent focusedNode=0x0
12-03 17:56:10.965 D/V8ScriptRunner( 2458): [callFunction] start. frame = 0x3c12bdb8 function: document.onkeydown url: http://10.177.64.3/hotel/js/global.js line: 238
12-03 17:56:10.965 D/base::KeyConverter( 2458): [get] convert 4 => 8.
12-03 17:56:10.965 D/[blink]KeyboardEvent( 2458): [keyCode] convert keycode: 4 -> 8.
12-03 17:56:10.965 D/iPanel  ( 2458): iPanel.debug("keyCode = KEY_BACK")
12-03 17:56:10.965 D/iPanel  ( 2458): iPanel.debug("[GlobalVar]: setItemValue key=menuPos val=1")
12-03 17:56:10.969 D/[blink]Location( 2458): [setLocation] m_frame=0x3c12bdb8 location.href completedURL=http://10.177.64.3/hotel/welcome.htm
12-03 17:56:10.969 D/[blink]NavigationScheduler( 2458): [scheduleLocationChange] frame=0x3c12bdb8 url=http://10.177.64.3/hotel/welcome.htm
12-03 17:56:10.969 D/V8ScriptRunner( 2458): [callFunction] end. frame = 0x3c12bdb8 function: document.onkeydown url: http://10.177.64.3/hotel/js/global.js line: 238
12-03 17:56:10.969 D/[blink]KeyboardEventManager( 2458): [keyEvent] dispatchResult = CanceledByEventHandler
12-03 17:56:10.969 D/[blink]FrameLoader( 2458): [load] load request isLoadingMainFrame=1, url:http://10.177.64.3/hotel/welcome.htm
12-03 17:56:10.977 D/FrameLoaderClientImpl( 2458): [didStartLoading] start load url:http://10.177.64.3/hotel/welcome.htm, isMainframe=1, frame=0x3c12bdb8. parent=null
12-03 17:56:10.977 D/Browser ( 2458): postProgressNotification type=0
12-03 17:56:10.977 D/[blink]FrameView( 2458): [setCanPaint] this:0x27204cb0, setCanPaint old canpaint=1, new canpaint=0 .
12-03 17:56:10.977 D/[blink]ResourceFetcher( 2458): [requestResource] url=http://10.177.64.3/hotel/welcome.htm.
12-03 17:56:10.977 D/url     ( 2458): [DoResolveRelative] [WEB] DoResolveRelative Error resolving.
12-03 17:56:10.977 D/[blink]DocumentLoader( 2458): [startLoadingMainResource]  load main resource:http://10.177.64.3/hotel/welcome.htm
12-03 17:56:10.977 D/webcoreBridge( 2458): #2492 execJS frameName='eventFrame' jscore='iPanel.dispatchMessage(32774,5975,1);'
12-03 17:56:10.977 D/webcoreBridge( 2458): execJS-->frame:0x3c121a48 focusFrame=0x3c12bdb8 focusFrame.script=0x326c6790
12-03 17:56:10.977 D/webcoreBridge( 2458): execJS-->executeScript frame=0x3c121a48 script=0x326c1988
12-03 17:56:10.977 D/ScriptController( 2458): [executeScriptAndReturnValue] [V8] evaluate Script start. frame=0x3c121a48 url= line=1. source length=37
12-03 17:56:10.977 D/iPanel  ( 2458): iPanel.debug("dispatchMessage:msg: 32774,5975,1")
12-03 17:56:10.985 D/ResourceLoader( 2458): [StartRequest] start request 0x6b63da90 url='http://10.177.64.3/hotel/welcome.htm'
12-03 17:56:10.985 D/iPanel  ( 2458): get getFocusedOrMainFrame
12-03 17:56:10.985 D/BrowserWebViewClient( 2458): onPageStarted webview = com.ipanel.android_webview.shell.AwWebViewImpl[mainFrame: focused=true url=http://10.177.64.3/hotel/index.htm] url = http://10.177.64.3/hotel/welcome.htm
12-03 17:56:10.985 D/Browser ( 2458): showIconLoading
12-03 17:56:10.985 D/AwRequestInterceptor( 2458): [MaybeInterceptRequest] request=0x6b63da90
12-03 17:56:10.985 D/cr_AwContents( 2458): [AwContents.java:520] BackgroundThreadClientImpl shouldInterceptRequest url = http://10.177.64.3/hotel/welcome.htm
12-03 17:56:10.985 D/iPanel  ( 2458): getFrameByName 'eventFrame' frame=0x3c121a48 window=0x3c1226f8
12-03 17:56:10.985 D/iPanel  ( 2458): getFrameByName 'mainFrame' frame=0x3c12bdb8 window=0x3c223ae8
12-03 17:56:10.985 D/cr_AwNullContentsClient( 2458): [AwNullContentsClient.java:59] shouldInterceptRequest url=http://10.177.64.3/hotel/welcome.htm
12-03 17:56:10.985 D/BrowserWebViewClient( 2458): intercept request :http://10.177.64.3/hotel/welcome.htm
12-03 17:56:10.985 D/iPanel  ( 2458): iPanel.debug("dispatchMessage:iPanel.getFocusedOrMainFrame = http://10.177.64.3/hotel/index.htm")
12-03 17:56:10.985 D/iPanel  ( 2458): iPanel.debug("dispatchMessage:frame num: 2, keyEvent:system")
12-03 17:56:10.985 D/iPanel  ( 2458): iPanel.debug("dispatchMessage:#2. proc event 5975. url: http://10.177.64.3/hotel/index.htm")
12-03 17:56:10.985 D/AwRequestInterceptor( 2458): [MaybeInterceptRequest] request=0x6b63da90
12-03 17:56:10.985 D/iPanel  ( 2458): iPanel.debug("w=[object Window], document=[object HTMLDocument], keyCode=5975, modifiers=1, keyEvent=system")
12-03 17:56:10.985 D/iPanel  ( 2458): iPanel.debug("iPanelDealMsg event handler: (function(){	window.event = {		'which': 5975,		'keyCode': 5975,		'modifiers': 1,		'prevented': false,		'preventDefault': function() {			this.prevented = true;		}	};	var ret = document.onsystemevent(window.event);	if (window.event.prevented) return false;	return ret;})();")
12-03 17:56:10.985 D/iPanel  ( 2458): dom=0x3c223ae8 code=(function(){	window.event = {		'which': 5975,		'keyCode': 5975,		'modifiers': 1,		'prevented': false,		'preventDefault': function() {			this.prevented = true;		}	};	var ret = document.onsystemevent(window.event);	if (window.event.prevented) return false;	return ret;})();
12-03 17:56:10.985 D/webcore ( 2458): [execEventJS] code=(function(){	window.event = {		'which': 5975,		'keyCode': 5975,		'modifiers': 1,		'prevented': false,		'preventDefault': function() {			this.prevented = true;		}	};	var ret = document.onsystemevent(window.event);	if (window.event.prevented) return false;	return ret;})();
12-03 17:56:10.985 D/webcore ( 2458): [execEventJS] focusedOrMainFrame=http://10.177.64.3/hotel/index.htm
12-03 17:56:10.985 D/ScriptController( 2458): [executeScriptAndReturnValue] [V8] evaluate Script start. frame=0x3c12bdb8 url= line=1. source length=271
12-03 17:56:10.993 D/ScriptController( 2458): [executeScriptAndReturnValue] [V8] compile Script end. frame=0x3c12bdb8 
12-03 17:56:10.993 D/iPanel  ( 2458): iPanel.debug("keyCode = OTHER_EVENT")
12-03 17:56:10.993 D/ScriptController( 2458): [executeScriptAndReturnValue] [V8] evaluate Script end. frame=0x3c12bdb8 
12-03 17:56:10.993 D/webcore ( 2458): [execEventJS] ret=1
12-03 17:56:10.993 D/iPanel  ( 2458): ret=1
12-03 17:56:10.993 D/iPanel  ( 2458): iPanel.debug("ret: true")
12-03 17:56:10.993 D/iPanel  ( 2458): iPanel.debug("dispatchMessage:#1. proc event 5975. url: ui:///eventpage.htm?ipanelcmd-name=eventFrame&script=ui:///ipanel.js")
12-03 17:56:10.993 D/iPanel  ( 2458): iPanel.debug("w=[object Window], document=[object HTMLDocument], keyCode=5975, modifiers=1, keyEvent=system")
12-03 17:56:10.993 D/iPanel  ( 2458): iPanel.debug("iPanelDealMsg event handler: (function(){	window.event = {		'which': 5975,		'keyCode': 5975,		'modifiers': 1,		'prevented': false,		'preventDefault': function() {			this.prevented = true;		}	};	var ret = document.onsystemevent(window.event);	if (window.event.prevented) return false;	return ret;})();")
12-03 17:56:10.993 D/iPanel  ( 2458): dom=0x3c1226f8 code=(function(){	window.event = {		'which': 5975,		'keyCode': 5975,		'modifiers': 1,		'prevented': false,		'preventDefault': function() {			this.prevented = true;		}	};	var ret = document.onsystemevent(window.event);	if (window.event.prevented) return false;	return ret;})();
