12-03 17:56:11.621 D/[blink]FrameView( 2458): [updateLifecyclePhasesInternal] call compositor()->updateIfNeededRecursive()!
12-03 17:56:11.625 D/[blink] ImagePainter( 2458): [paintReplaced] ImagePainter::paintReplaced in w=2560, h=2560.
12-03 17:56:11.625 D/[blink] ImagePainter( 2458): [paintReplaced] ImagePainter::paintReplaced in w=2560, h=2560.
12-03 17:56:11.625 D/[blink] ImagePainter( 2458): [paintReplaced] ImagePainter::paintReplaced in w=43136, h=24320.
12-03 17:56:11.625 D/[blink] ImagePainter( 2458): [paintReplaced] ImagePainter::paintReplaced out.
12-03 17:56:11.625 D/[blink]FrameView( 2458): [updateLifecyclePhasesInternal] end... this:0x27207c40
12-03 17:56:11.697 D/[skia]SkBitmap( 2458): [tryAllocPixels] allocator:0x63475618
12-03 17:56:11.917 I/Advanced( 2458): [QUEUE] share_queue_sendEx size:1 4097 1167 0x6304fa80,postLoopId:0,dstid:1.
12-03 17:56:12.121 I/Advanced( 2458): [QUEUE] share_queue_sendEx size:1 4097 1168 0x6304fa80,postLoopId:0,dstid:1.
12-03 17:56:12.229 D/RecentAppService( 2037): ╔═══════════════════════════════════════════════════════════════════════════════════════════════════
12-03 17:56:12.229 D/RecentAppService( 2037): ║ Timer-0, run(RecentAppService.java:87)
12-03 17:56:12.229 D/RecentAppService( 2037): ╟───────────────────────────────────────────────────────────────────────────────────────────────────
12-03 17:56:12.229 D/RecentAppService( 2037): ║ =>current top app is com.ipanel.android_webview.shell
12-03 17:56:12.229 D/RecentAppService( 2037): ╚═══════════════════════════════════════════════════════════════════════════════════════════════════
12-03 17:56:12.261 D/NetworkMonitor( 2271): getNetworkStatus:true
12-03 17:56:12.269 E/AAAService( 1950): >>>------>get user info----> {"areaCode":"0000","balance":"10","caId":"8451203773313017X","custId":"4842987","custName":"AAA测试用户","firstFlag":"1","retrunMsg":"成功","returnCode":"0","userId":"5130664"}<------<<<
12-03 17:56:12.273 D/ipsystemupdateserver( 2228): AAA userInfo >>> {"areaCode":"0000","balance":"10","caId":"8451203773313017X","custId":"4842987","custName":"AAA测试用户","firstFlag":"1","retrunMsg":"成功","returnCode":"0","userId":"5130664"}
12-03 17:56:12.273 D/ipsystemupdateserver( 2228): AAA ret area code >>> 0000
12-03 17:56:12.321 I/Advanced( 2458): [QUEUE] share_queue_sendEx size:1 4097 1169 0x6304fa80,postLoopId:0,dstid:1.
12-03 17:56:12.361 V/DownloadService( 2128): ______changeDuration() , duration = 6933s
12-03 17:56:12.361 E/DownloadService( 2128): __________________mThreadCount = 1
12-03 17:56:12.509 D/WindowManager( 1595): currentClassName:com.ipanel.webapp.BrowserActivity,keyCode:4
12-03 17:56:12.513 D/WindowManager( 1595): interceptKeyTi keyCode=4 down=true repeatCount=0 keyguardOn=false mHomePressed=false canceled=false
12-03 17:56:12.517 D/cr_AwTestContainerView( 2458): [AwTestContainerView.java:63] [mainFrame]: [2017-11-21 16:30:02] dispatchKeyEvent keyCode = 4 event = KeyEvent { action=ACTION_DOWN, keyCode=KEYCODE_BACK, scanCode=158, metaState=0, flags=0x8, repeatCount=0, eventTime=287054, downTime=287054, deviceId=3, source=0x701 }
12-03 17:56:12.517 D/ImeAdapterAndroid( 2458): [SendKeyEvent] [BUILD TIME: ] dispatchKeyEvent key_code=4 modifiers=0 unicode_char=0 scan_code=158 is_system=0 tm=287054
12-03 17:56:12.517 D/RenderWidgetInputHandler( 2458): [HandleInputEvent] input_event type=8 name=KeyDown
12-03 17:56:12.517 D/RenderWidgetInputHandler( 2458): [HandleInputEvent] key_event.nativeKeyCode:4,widget_->GetTextInputType():0
12-03 17:56:12.517 D/RenderWidgetInputHandler( 2458): [HandleInputEvent] input_event type=8 prevent_default:0
12-03 17:56:12.517 D/WebViewImpl( 2458): [handleKeyEvent] keycode:166, eventType:8 native keycode:4 frame=0x3c12bdb8. url='http://10.177.64.3/hotel/welcome.htm'.
12-03 17:56:12.517 D/[blink]KeyboardEventManager( 2458): [keyEvent] initialKeyEvent KeyDown nativeKeyCode=4 windowsKeyCode=166 text[0]=0
12-03 17:56:12.517 D/[blink]KeyboardEventManager( 2458): [keyEvent] initialKeyEvent focusedNode=0x0
12-03 17:56:12.517 D/V8ScriptRunner( 2458): [callFunction] start. frame = 0x3c12bdb8 function: document.onkeydown url: http://10.177.64.3/hotel/js/global.js line: 238
12-03 17:56:12.517 D/base::KeyConverter( 2458): [get] convert 4 => 8.
12-03 17:56:12.517 D/[blink]KeyboardEvent( 2458): [keyCode] convert keycode: 4 -> 8.
12-03 17:56:12.521 D/[blink]FrameLoader( 2458): [allowPlugins] allowPlugins return 1
12-03 17:56:12.521 D/[cc]beginFrameSource( 2458): [AddObserver] ExternalBeginFrameSource::AddObserver
12-03 17:56:12.521 D/V8ScriptRunner( 2458): [callFunction] end. frame = 0x3c12bdb8 function: document.onkeydown url: http://10.177.64.3/hotel/js/global.js line: 238
12-03 17:56:12.521 D/[blink]KeyboardEventManager( 2458): [keyEvent] dispatchResult = CanceledByEventHandler
12-03 17:56:12.521 I/AdvancedPorting-PORT_MODULE_NET( 2458): network_task while... 
12-03 17:56:12.521 I/AdvancedPorting-PORT_MODULE_NET( 2458): 0 interface name: lo
12-03 17:56:12.521 I/AdvancedPorting-PORT_MODULE_NET( 2458): 1 interface name: eth0
12-03 17:56:12.521 I/AdvancedPorting-PORT_MODULE_NET( 2458): First interface name: lo
12-03 17:56:12.521 I/AdvancedPorting-PORT_MODULE_NET( 2458): network_task while...  net_i:1
12-03 17:56:12.521 I/AdvancedPorting-PORT_MODULE_NET( 2458): network_task while---name_interface[0]=lo
12-03 17:56:12.521 I/AdvancedPorting-PORT_MODULE_NET( 2458): network_task while---name_interface[1]=eth0
12-03 17:56:12.521 I/AdvancedPorting-PORT_MODULE_NET( 2458): network_task while---interface_name=eth0
12-03 17:56:12.521 I/AdvancedPorting-PORT_MODULE_NET( 2458): network_get_netlink_status(in)--if_name=eth0
12-03 17:56:12.521 I/AdvancedPorting-PORT_MODULE_NET( 2458): net.network.isconnected = no
12-03 17:56:12.521 I/AdvancedPorting-PORT_MODULE_NET( 2458): eth0 --network_get_netlink_status return retval=1
12-03 17:56:12.521 I/AdvancedPorting-PORT_MODULE_NET( 2458): stat = 1 last_status = 1
12-03 17:56:12.545 D/[cc]ProxyMain( 2458): [BeginMainFrame] cc.BeginMainFrame this:0x68d28aa0
12-03 17:56:12.545 D/[cc]LayerTreeHost( 2458): [AnimateLayers] AnimateLayers monotonic_time=287086542
12-03 17:56:12.545 D/[blink]FrameView( 2458): [updateStyleAndLayoutIfNeededRecursiveInternal] in... this:0x27207c40.
12-03 17:56:12.545 D/[blink]FrameView( 2458): [layout] start... this:0x27207c40, frame=0x3c12bdb8 content size(1280, 720). 
12-03 17:56:12.545 D/[blink]FrameView( 2458): [layout] performPreLayoutTasks start... this:0x27207c40
12-03 17:56:12.545 D/[blink]FrameView( 2458): [layout] performPreLayoutTasks end... this:0x27207c40
12-03 17:56:12.545 D/[blink]FrameView( 2458): [layout] performLayout start... this:0x27207c40
12-03 17:56:12.545 D/[blink]FrameView( 2458): [layout] performLayout end... this:0x27207c40
12-03 17:56:12.545 D/[blink]FrameView( 2458): [layout] call compositor()->didLayout()!
12-03 17:56:12.545 D/[blink]FrameView( 2458): [layout] updateDocumentAnnotatedRegions start... this:0x27207c40
12-03 17:56:12.545 D/[blink]FrameView( 2458): [layout] scheduleOrPerformPostLayoutTasks start... this:0x27207c40
12-03 17:56:12.545 D/[blink]FrameView( 2458): [layout] end... this:0x27207c40
12-03 17:56:12.545 D/[blink]FrameView( 2458): [layout] out... this:0x27207c40
12-03 17:56:12.545 D/[blink]FrameView( 2458): [updateStyleAndLayoutIfNeededRecursiveInternal] end... this:0x27207c40.
12-03 17:56:12.549 D/[blink]FrameView( 2458): [updateLifecyclePhasesInternal] in... this:0x27207c40, targetState=18
12-03 17:56:12.549 D/[blink]FrameView( 2458): [updateLifecyclePhasesInternal] call compositor()->updateIfNeededRecursive()!
12-03 17:56:12.549 D/[blink] ImagePainter( 2458): [paintReplaced] ImagePainter::paintReplaced in w=2560, h=2560.
12-03 17:56:12.549 D/[blink] ImagePainter( 2458): [paintReplaced] ImagePainter::paintReplaced in w=2560, h=2560.
12-03 17:56:12.549 D/[blink] ImagePainter( 2458): [paintReplaced] ImagePainter::paintReplaced in w=43136, h=24320.
12-03 17:56:12.549 D/[blink]FrameView( 2458): [updateLifecyclePhasesInternal] end... this:0x27207c40
12-03 17:56:12.681 D/WindowManager( 1595): currentClassName:com.ipanel.webapp.BrowserActivity,keyCode:4
12-03 17:56:12.685 D/WindowManager( 1595): interceptKeyTi keyCode=4 down=false repeatCount=0 keyguardOn=false mHomePressed=false canceled=false
12-03 17:56:12.685 D/cr_AwTestContainerView( 2458): [AwTestContainerView.java:63] [mainFrame]: [2017-11-21 16:30:02] dispatchKeyEvent keyCode = 4 event = KeyEvent { action=ACTION_UP, keyCode=KEYCODE_BACK, scanCode=158, metaState=0, flags=0x8, repeatCount=0, eventTime=287226, downTime=287054, deviceId=3, source=0x701 }
12-03 17:56:12.685 D/ImeAdapterAndroid( 2458): [SendKeyEvent] [BUILD TIME: ] dispatchKeyEvent key_code=4 modifiers=0 unicode_char=0 scan_code=158 is_system=0 tm=287226
12-03 17:56:12.689 D/RenderWidgetInputHandler( 2458): [HandleInputEvent] input_event type=9 name=KeyUp
12-03 17:56:12.689 D/RenderWidgetInputHandler( 2458): [HandleInputEvent] key_event.nativeKeyCode:4,widget_->GetTextInputType():0
12-03 17:56:12.689 D/RenderWidgetInputHandler( 2458): [HandleInputEvent] input_event type=9 prevent_default:0
12-03 17:56:12.689 D/WebViewImpl( 2458): [handleKeyEvent] keycode:166, eventType:9 native keycode:4 frame=0x3c12bdb8. url='http://10.177.64.3/hotel/welcome.htm'.
12-03 17:56:12.689 D/[blink]KeyboardEventManager( 2458): [keyEvent] initialKeyEvent KeyUp nativeKeyCode=4 windowsKeyCode=166 text[0]=0
12-03 17:56:12.689 D/[blink]KeyboardEventManager( 2458): [keyEvent] initialKeyEvent focusedNode=0x0
12-03 17:56:12.737 I/Advanced( 2458): [QUEUE] share_queue_sendEx size:1 4097 1171 0x6304fa80,postLoopId:0,dstid:1.
12-03 17:56:12.937 I/Advanced( 2458): [QUEUE] share_queue_sendEx size:1 4097 1172 0x6304fa80,postLoopId:0,dstid:1.
12-03 17:56:13.137 I/Advanced( 2458): [QUEUE] share_queue_sendEx size:1 4097 1173 0x6304fa80,postLoopId:0,dstid:1.
12-03 17:56:13.313 D/WindowManager( 1595): currentClassName:com.ipanel.webapp.BrowserActivity,keyCode:4
12-03 17:56:13.313 D/WindowManager( 1595): interceptKeyTi keyCode=4 down=true repeatCount=0 keyguardOn=false mHomePressed=false canceled=false
12-03 17:56:13.317 D/cr_AwTestContainerView( 2458): [AwTestContainerView.java:63] [mainFrame]: [2017-11-21 16:30:02] dispatchKeyEvent keyCode = 4 event = KeyEvent { action=ACTION_DOWN, keyCode=KEYCODE_BACK, scanCode=158, metaState=0, flags=0x8, repeatCount=0, eventTime=287856, downTime=287856, deviceId=3, source=0x701 }
12-03 17:56:13.317 D/ImeAdapterAndroid( 2458): [SendKeyEvent] [BUILD TIME: ] dispatchKeyEvent key_code=4 modifiers=0 unicode_char=0 scan_code=158 is_system=0 tm=287856
12-03 17:56:13.321 D/RenderWidgetInputHandler( 2458): [HandleInputEvent] input_event type=8 name=KeyDown
12-03 17:56:13.321 D/RenderWidgetInputHandler( 2458): [HandleInputEvent] key_event.nativeKeyCode:4,widget_->GetTextInputType():0
12-03 17:56:13.321 D/RenderWidgetInputHandler( 2458): [HandleInputEvent] input_event type=8 prevent_default:0
12-03 17:56:13.321 D/WebViewImpl( 2458): [handleKeyEvent] keycode:166, eventType:8 native keycode:4 frame=0x3c12bdb8. url='http://10.177.64.3/hotel/welcome.htm'.
12-03 17:56:13.321 D/[blink]KeyboardEventManager( 2458): [keyEvent] initialKeyEvent KeyDown nativeKeyCode=4 windowsKeyCode=166 text[0]=0
12-03 17:56:13.321 D/[blink]KeyboardEventManager( 2458): [keyEvent] initialKeyEvent focusedNode=0x0
12-03 17:56:13.321 D/V8ScriptRunner( 2458): [callFunction] start. frame = 0x3c12bdb8 function: document.onkeydown url: http://10.177.64.3/hotel/js/global.js line: 238
12-03 17:56:13.321 D/base::KeyConverter( 2458): [get] convert 4 => 8.
12-03 17:56:13.321 D/[blink]KeyboardEvent( 2458): [keyCode] convert keycode: 4 -> 8.
12-03 17:56:13.321 D/[blink]FrameLoader( 2458): [allowPlugins] allowPlugins return 1
12-03 17:56:13.321 D/[cc]beginFrameSource( 2458): [AddObserver] ExternalBeginFrameSource::AddObserver
12-03 17:56:13.321 D/V8ScriptRunner( 2458): [callFunction] end. frame = 0x3c12bdb8 function: document.onkeydown url: http://10.177.64.3/hotel/js/global.js line: 238
12-03 17:56:13.321 D/[blink]KeyboardEventManager( 2458): [keyEvent] dispatchResult = CanceledByEventHandler
12-03 17:56:13.337 I/Advanced( 2458): [QUEUE] share_queue_sendEx size:1 4097 1174 0x6304fa80,postLoopId:0,dstid:1.
12-03 17:56:13.345 D/[cc]ProxyMain( 2458): [BeginMainFrame] cc.BeginMainFrame this:0x68d28aa0
12-03 17:56:13.345 D/[cc]LayerTreeHost( 2458): [AnimateLayers] AnimateLayers monotonic_time=287886488
12-03 17:56:13.345 D/[blink]FrameView( 2458): [updateStyleAndLayoutIfNeededRecursiveInternal] in... this:0x27207c40.
12-03 17:56:13.345 D/[blink]FrameView( 2458): [layout] start... this:0x27207c40, frame=0x3c12bdb8 content size(1280, 720). 
12-03 17:56:13.345 D/[blink]FrameView( 2458): [layout] performPreLayoutTasks start... this:0x27207c40
12-03 17:56:13.345 D/[blink]FrameView( 2458): [layout] performPreLayoutTasks end... this:0x27207c40
12-03 17:56:13.345 D/[blink]FrameView( 2458): [layout] performLayout start... this:0x27207c40
12-03 17:56:13.349 D/NETMANAGER( 1770): Start to accept.
12-03 17:56:13.349 D/[blink]FrameView( 2458): [layout] performLayout end... this:0x27207c40
12-03 17:56:13.349 D/[blink]FrameView( 2458): [layout] call compositor()->didLayout()!
12-03 17:56:13.349 D/[blink]FrameView( 2458): [layout] updateDocumentAnnotatedRegions start... this:0x27207c40
12-03 17:56:13.349 D/[blink]FrameView( 2458): [layout] scheduleOrPerformPostLayoutTasks start... this:0x27207c40
12-03 17:56:13.349 D/[blink]FrameView( 2458): [layout] end... this:0x27207c40
12-03 17:56:13.349 D/[blink]FrameView( 2458): [layout] out... this:0x27207c40
12-03 17:56:13.349 D/[blink]FrameView( 2458): [updateStyleAndLayoutIfNeededRecursiveInternal] end... this:0x27207c40.
12-03 17:56:13.349 D/[blink]FrameView( 2458): [updateLifecyclePhasesInternal] in... this:0x27207c40, targetState=18
12-03 17:56:13.349 D/[blink]FrameView( 2458): [updateLifecyclePhasesInternal] call compositor()->updateIfNeededRecursive()!
12-03 17:56:13.349 D/[blink] ImagePainter( 2458): [paintReplaced] ImagePainter::paintReplaced in w=2560, h=2560.
12-03 17:56:13.349 D/[blink] ImagePainter( 2458): [paintReplaced] ImagePainter::paintReplaced in w=2560, h=2560.
12-03 17:56:13.349 D/[blink] ImagePainter( 2458): [paintReplaced] ImagePainter::paintReplaced in w=43136, h=24320.
12-03 17:56:13.349 D/[blink]FrameView( 2458): [updateLifecyclePhasesInternal] end... this:0x27207c40
12-03 17:56:13.361 V/DownloadService( 2128): ______changeDuration() , duration = 6932s
12-03 17:56:13.365 E/DownloadService( 2128): __________________mThreadCount = 1
12-03 17:56:13.485 D/WindowManager( 1595): currentClassName:com.ipanel.webapp.BrowserActivity,keyCode:4
12-03 17:56:13.489 D/WindowManager( 1595): interceptKeyTi keyCode=4 down=false repeatCount=0 keyguardOn=false mHomePressed=false canceled=false
12-03 17:56:13.493 D/cr_AwTestContainerView( 2458): [AwTestContainerView.java:63] [mainFrame]: [2017-11-21 16:30:02] dispatchKeyEvent keyCode = 4 event = KeyEvent { action=ACTION_UP, keyCode=KEYCODE_BACK, scanCode=158, metaState=0, flags=0x8, repeatCount=0, eventTime=288031, downTime=287856, deviceId=3, source=0x701 }
12-03 17:56:13.493 D/ImeAdapterAndroid( 2458): [SendKeyEvent] [BUILD TIME: ] dispatchKeyEvent key_code=4 modifiers=0 unicode_char=0 scan_code=158 is_system=0 tm=288031
12-03 17:56:13.493 D/RenderWidgetInputHandler( 2458): [HandleInputEvent] input_event type=9 name=KeyUp
12-03 17:56:13.493 D/RenderWidgetInputHandler( 2458): [HandleInputEvent] key_event.nativeKeyCode:4,widget_->GetTextInputType():0
12-03 17:56:13.493 D/RenderWidgetInputHandler( 2458): [HandleInputEvent] input_event type=9 prevent_default:0
12-03 17:56:13.493 D/WebViewImpl( 2458): [handleKeyEvent] keycode:166, eventType:9 native keycode:4 frame=0x3c12bdb8. url='http://10.177.64.3/hotel/welcome.htm'.
12-03 17:56:13.493 D/[blink]KeyboardEventManager( 2458): [keyEvent] initialKeyEvent KeyUp nativeKeyCode=4 windowsKeyCode=166 text[0]=0
12-03 17:56:13.493 D/[blink]KeyboardEventManager( 2458): [keyEvent] initialKeyEvent focusedNode=0x0
12-03 17:56:13.521 I/AdvancedPorting-PORT_MODULE_NET( 2458): network_task while... 
12-03 17:56:13.521 I/AdvancedPorting-PORT_MODULE_NET( 2458): 0 interface name: lo
12-03 17:56:13.521 I/AdvancedPorting-PORT_MODULE_NET( 2458): 1 interface name: eth0
12-03 17:56:13.521 I/AdvancedPorting-PORT_MODULE_NET( 2458): First interface name: lo
12-03 17:56:13.521 I/AdvancedPorting-PORT_MODULE_NET( 2458): network_task while...  net_i:1
12-03 17:56:13.521 I/AdvancedPorting-PORT_MODULE_NET( 2458): network_task while---name_interface[0]=lo
12-03 17:56:13.521 I/AdvancedPorting-PORT_MODULE_NET( 2458): network_task while---name_interface[1]=eth0
12-03 17:56:13.521 I/AdvancedPorting-PORT_MODULE_NET( 2458): network_task while---interface_name=eth0
12-03 17:56:13.521 I/AdvancedPorting-PORT_MODULE_NET( 2458): network_get_netlink_status(in)--if_name=eth0
12-03 17:56:13.521 I/AdvancedPorting-PORT_MODULE_NET( 2458): net.network.isconnected = no
12-03 17:56:13.521 I/AdvancedPorting-PORT_MODULE_NET( 2458): eth0 --network_get_netlink_status return retval=1
12-03 17:56:13.521 I/AdvancedPorting-PORT_MODULE_NET( 2458): stat = 1 last_status = 1
12-03 17:56:13.541 I/Advanced( 2458): [QUEUE] share_queue_sendEx size:1 4097 1175 0x6304fa80,postLoopId:0,dstid:1.
12-03 17:56:13.737 W/System.err( 2392): java.net.SocketTimeoutException
12-03 17:56:13.737 W/System.err( 2392): 	at libcore.io.IoBridge.maybeThrowAfterRecvfrom(IoBridge.java:551)
12-03 17:56:13.737 W/System.err( 2392): 	at libcore.io.IoBridge.recvfrom(IoBridge.java:509)
12-03 17:56:13.737 W/System.err( 2392): 	at java.net.PlainDatagramSocketImpl.doRecv(PlainDatagramSocketImpl.java:161)
12-03 17:56:13.737 W/System.err( 2392): 	at java.net.PlainDatagramSocketImpl.receive(PlainDatagramSocketImpl.java:169)
12-03 17:56:13.737 W/System.err( 2392): 	at java.net.DatagramSocket.receive(DatagramSocket.java:250)
12-03 17:56:13.737 W/System.err( 2392): 	at com.coship.mes.stbsdk.apis.UDPClientManager.receiveData(UDPClientManager.java:146)
12-03 17:56:13.737 W/System.err( 2392): 	at com.coship.mes.stbsdk.apis.UDPClientReceiveService.run(UDPClientReceiveService.java:73)
12-03 17:56:13.737 W/System.err( 2392): 	at java.lang.Thread.run(Thread.java:841)
12-03 17:56:13.737 W/System.err( 2392): Caused by: libcore.io.ErrnoException: recvfrom failed: EAGAIN (Try again)
12-03 17:56:13.737 W/System.err( 2392): 	at libcore.io.Posix.recvfromBytes(Native Method)
12-03 17:56:13.737 W/System.err( 2392): 	at libcore.io.Posix.recvfrom(Posix.java:141)
12-03 17:56:13.737 W/System.err( 2392): 	at libcore.io.BlockGuardOs.recvfrom(BlockGuardOs.java:164)
12-03 17:56:13.737 W/System.err( 2392): 	at libcore.io.IoBridge.recvfrom(IoBridge.java:506)
12-03 17:56:13.737 W/System.err( 2392): 	... 6 more
12-03 17:56:13.737 W/System.err( 2392): java.net.SocketTimeoutException
12-03 17:56:13.737 W/System.err( 2392): 	at libcore.io.IoBridge.maybeThrowAfterRecvfrom(IoBridge.java:551)
12-03 17:56:13.737 W/System.err( 2392): 	at libcore.io.IoBridge.recvfrom(IoBridge.java:509)
12-03 17:56:13.737 W/System.err( 2392): 	at java.net.PlainDatagramSocketImpl.doRecv(PlainDatagramSocketImpl.java:161)
12-03 17:56:13.737 W/System.err( 2392): 	at java.net.PlainDatagramSocketImpl.receive(PlainDatagramSocketImpl.java:169)
12-03 17:56:13.737 W/System.err( 2392): 	at java.net.DatagramSocket.receive(DatagramSocket.java:250)
12-03 17:56:13.737 W/System.err( 2392): 	at com.coship.mes.stbsdk.apis.UDPClientManager.receiveData(UDPClientManager.java:146)
12-03 17:56:13.737 W/System.err( 2392): 	at com.coship.mes.stbsdk.apis.UDPClientReceiveService.run(UDPClientReceiveService.java:73)
12-03 17:56:13.737 W/System.err( 2392): 	at java.lang.Thread.run(Thread.java:841)
12-03 17:56:13.737 W/System.err( 2392): Caused by: libcore.io.ErrnoException: recvfrom failed: EAGAIN (Try again)
12-03 17:56:13.737 W/System.err( 2392): 	at libcore.io.Posix.recvfromBytes(Native Method)
12-03 17:56:13.737 W/System.err( 2392): 	at libcore.io.Posix.recvfrom(Posix.java:141)
12-03 17:56:13.737 W/System.err( 2392): 	at libcore.io.BlockGuardOs.recvfrom(BlockGuardOs.java:164)
12-03 17:56:13.737 W/System.err( 2392): 	at libcore.io.IoBridge.recvfrom(IoBridge.java:506)
12-03 17:56:13.737 W/System.err( 2392): 	... 6 more
12-03 17:56:13.737 I/System.out( 2392): --------recieve data:null
12-03 17:56:13.741 D/WindowManager( 1595): currentClassName:com.ipanel.webapp.BrowserActivity,keyCode:3
12-03 17:56:13.741 D/WindowManager( 1595): interceptKeyTi keyCode=3 down=true repeatCount=0 keyguardOn=false mHomePressed=false canceled=false
12-03 17:56:13.741 I/Advanced( 2458): [QUEUE] share_queue_sendEx size:1 4097 1176 0x6304fa80,postLoopId:0,dstid:1.
12-03 17:56:13.745 I/System.out( 2392): --------start recieve data
12-03 17:56:13.917 D/WindowManager( 1595): currentClassName:com.ipanel.webapp.BrowserActivity,keyCode:3
12-03 17:56:13.917 D/WindowManager( 1595): interceptKeyTi keyCode=3 down=false repeatCount=0 keyguardOn=false mHomePressed=true canceled=false
12-03 17:56:13.921 E/HomeKeyPressReceiver( 2377): android.intent.action.CLOSE_SYSTEM_DIALOGS
12-03 17:56:13.921 I/HomeReceiver( 2283): onReceive: action: android.intent.action.CLOSE_SYSTEM_DIALOGS
12-03 17:56:13.921 I/HomeReceiver( 2283): reason: homekey
12-03 17:56:13.921 I/HomeReceiver( 2283): homekey:com.ipanel.webapp.BrowserActivity
12-03 17:56:13.925 D/SurfaceFlinger( 1103): captureScreen: supportWidth = 1920, supportHeight = 1080, maxLayerZ = 21045
12-03 17:56:13.925 I/Surface ( 1103): Surface::setBuffersFormat format 1
12-03 17:56:13.925 D/gralloc ( 1103): allocate buffer from ION HEAP 0x1
12-03 17:56:13.925 D/gralloc ( 1103): allocate memory from system heap
12-03 17:56:13.925 I/ActivityManager( 1595): START u0 {act=android.intent.action.MAIN cat=[android.intent.category.HOME] flg=0x10200000 cmp=com.ccdt.app.tv.launcher/.view.activity.MainActivity} from pid 1595
12-03 17:56:13.941 I/Advanced( 2458): [QUEUE] share_queue_sendEx size:1 4097 1177 0x6304fa80,postLoopId:0,dstid:1.
12-03 17:56:13.981 D/dalvikvm( 1595): GC_FOR_ALLOC freed 116K, 24% free 6654K/8756K, paused 46ms, total 46ms
12-03 17:56:13.981 I/dalvikvm-heap( 1595): Grow heap (frag case) to 7.737MB for 280156-byte allocation
12-03 17:56:14.029 D/dalvikvm( 1595): GC_FOR_ALLOC freed 4K, 24% free 6923K/9032K, paused 45ms, total 45ms
12-03 17:56:14.073 D/dalvikvm( 1595): GC_FOR_ALLOC freed 274K, 27% free 6649K/9032K, paused 43ms, total 43ms
12-03 17:56:14.073 D/BrowserActivity( 2458): onPause start
12-03 17:56:14.073 D/browser.cc( 2458): [OnPause] 
12-03 17:56:14.073 D/PortingBridge( 2458): porting_bridge_on_pause---0
12-03 17:56:14.073 I/Advanced( 2458): [middleware] ipanel_middleware_message_post type=257,wParam=5780,lParam=1011
12-03 17:56:14.073 I/AdvancedPorting-PORT_MODULE_MEDIAPLAYER( 2458): [PORTING][ipanel_porting_mediaplayer_standby] CALLED
12-03 17:56:14.073 I/AdvancedPorting-PORT_MODULE_MEDIAPLAYER( 2458): [PORTING][ipanel_porting_mediaplayer_standby] END
12-03 17:56:14.073 I/Advanced( 2458): [middleware] ipanel_middleware_message_post type=257,wParam=5785,lParam=0
12-03 17:56:14.073 I/cr_AwContents( 2458): org.chromium.android_webview.AwContents@4233e290 onPause
12-03 17:56:14.073 D/webcoreBridge( 2458): #2492 execJS frameName='eventFrame' jscore='iPanel.dispatchMessage(32774,5780,1011);'
12-03 17:56:14.073 D/webcoreBridge( 2458): execJS-->frame:0x3c121a48 focusFrame=0x3c12bdb8 focusFrame.script=0x326c6790
12-03 17:56:14.073 D/webcoreBridge( 2458): execJS-->executeScript frame=0x3c121a48 script=0x326c1988
12-03 17:56:14.073 D/ScriptController( 2458): [executeScriptAndReturnValue] [V8] evaluate Script start. frame=0x3c121a48 url= line=1. source length=40
12-03 17:56:14.073 D/BrowserActivity( 2458): onPause end
12-03 17:56:14.073 D/iPanel  ( 2458): iPanel.debug("dispatchMessage:msg: 32774,5780,1011")
12-03 17:56:14.073 D/iPanel  ( 2458): get getFocusedOrMainFrame
12-03 17:56:14.073 D/iPanel  ( 2458): getFrameByName 'eventFrame' frame=0x3c121a48 window=0x3c1226f8
12-03 17:56:14.073 D/iPanel  ( 2458): getFrameByName 'mainFrame' frame=0x3c12bdb8 window=0x3c232408
12-03 17:56:14.073 D/iPanel  ( 2458): iPanel.debug("dispatchMessage:iPanel.getFocusedOrMainFrame = http://10.177.64.3/hotel/welcome.htm")
12-03 17:56:14.073 D/iPanel  ( 2458): iPanel.debug("dispatchMessage:frame num: 2, keyEvent:system")
12-03 17:56:14.073 D/iPanel  ( 2458): iPanel.debug("dispatchMessage:#2. proc event 5780. url: http://10.177.64.3/hotel/welcome.htm")
12-03 17:56:14.073 D/iPanel  ( 2458): iPanel.debug("w=[object Window], document=[object HTMLDocument], keyCode=5780, modifiers=1011, keyEvent=system")
12-03 17:56:14.073 D/iPanel  ( 2458): iPanel.debug("iPanelDealMsg event handler: (function(){	window.event = {		'which': 5780,		'keyCode': 5780,		'modifiers': 1011,		'prevented': false,		'preventDefault': function() {			this.prevented = true;		}	};	var ret = document.onsystemevent(window.event);	if (window.event.prevented) return false;	return ret;})();")
12-03 17:56:14.077 D/iPanel  ( 2458): dom=0x3c232408 code=(function(){	window.event = {		'which': 5780,		'keyCode': 5780,		'modifiers': 1011,		'prevented': false,		'preventDefault': function() {			this.prevented = true;		}	};	var ret = document.onsystemevent(window.event);	if (window.event.prevented) return false;	return ret;})();
12-03 17:56:14.077 D/webcore ( 2458): [execEventJS] code=(function(){	window.event = {		'which': 5780,		'keyCode': 5780,		'modifiers': 1011,		'prevented': false,		'preventDefault': function() {			this.prevented = true;		}	};	var ret = document.onsystemevent(window.event);	if (window.event.prevented) return false;	return ret;})();
12-03 17:56:14.077 D/webcore ( 2458): [execEventJS] focusedOrMainFrame=http://10.177.64.3/hotel/welcome.htm
12-03 17:56:14.077 D/ScriptController( 2458): [executeScriptAndReturnValue] [V8] evaluate Script start. frame=0x3c12bdb8 url= line=1. source length=274
12-03 17:56:14.081 D/ScriptController( 2458): [executeScriptAndReturnValue] [V8] compile Script end. frame=0x3c12bdb8 
12-03 17:56:14.081 D/[blink]FrameLoader( 2458): [allowPlugins] allowPlugins return 1
12-03 17:56:14.081 D/[cc]beginFrameSource( 2458): [AddObserver] ExternalBeginFrameSource::AddObserver
12-03 17:56:14.081 D/ScriptController( 2458): [executeScriptAndReturnValue] [V8] evaluate Script end. frame=0x3c12bdb8 
12-03 17:56:14.081 D/webcore ( 2458): [execEventJS] ret=1
12-03 17:56:14.081 D/iPanel  ( 2458): ret=1
12-03 17:56:14.081 D/iPanel  ( 2458): iPanel.debug("ret: true")
12-03 17:56:14.081 D/iPanel  ( 2458): iPanel.debug("dispatchMessage:#1. proc event 5780. url: ui:///eventpage.htm?ipanelcmd-name=eventFrame&script=ui:///ipanel.js")
12-03 17:56:14.081 D/iPanel  ( 2458): iPanel.debug("w=[object Window], document=[object HTMLDocument], keyCode=5780, modifiers=1011, keyEvent=system")
12-03 17:56:14.081 D/iPanel  ( 2458): iPanel.debug("iPanelDealMsg event handler: (function(){	window.event = {		'which': 5780,		'keyCode': 5780,		'modifiers': 1011,		'prevented': false,		'preventDefault': function() {			this.prevented = true;		}	};	var ret = document.onsystemevent(window.event);	if (window.event.prevented) return false;	return ret;})();")
12-03 17:56:14.081 D/iPanel  ( 2458): dom=0x3c1226f8 code=(function(){	window.event = {		'which': 5780,		'keyCode': 5780,		'modifiers': 1011,		'prevented': false,		'preventDefault': function() {			this.prevented = true;		}	};	var ret = document.onsystemevent(window.event);	if (window.event.prevented) return false;	return ret;})();
12-03 17:56:14.081 D/webcore ( 2458): [execEventJS] code=(function(){	window.event = {		'which': 5780,		'keyCode': 5780,		'modifiers': 1011,		'prevented': false,		'preventDefault': function() {			this.prevented = true;		}	};	var ret = document.onsystemevent(window.event);	if (window.event.prevented) return false;	return ret;})();
12-03 17:56:14.081 D/webcore ( 2458): [execEventJS] focusedOrMainFrame=ui:///eventpage.htm?ipanelcmd-name=eventFrame&script=ui:///ipanel.js
12-03 17:56:14.081 D/ScriptController( 2458): [executeScriptAndReturnValue] [V8] evaluate Script start. frame=0x3c121a48 url= line=1. source length=274
12-03 17:56:14.081 I/WUGUAN  ( 1595): pkg = cn.ccdt.ims
12-03 17:56:14.081 I/WUGUAN  ( 1595): axr.toString() = TaskRecord{4258a140 #1 A=com.ccdt.app.tv.launcher U=0 sz=2}
12-03 17:56:14.081 I/WUGUAN  ( 1595): pkg = com.pingshow.airecenter
12-03 17:56:14.081 I/WUGUAN  ( 1595): axr.toString() = TaskRecord{4258a140 #1 A=com.ccdt.app.tv.launcher U=0 sz=2}
12-03 17:56:14.081 I/WUGUAN  ( 1595): pkg = zime.ui
12-03 17:56:14.081 I/WUGUAN  ( 1595): axr.toString() = TaskRecord{4258a140 #1 A=com.ccdt.app.tv.launcher U=0 sz=2}
12-03 17:56:14.081 I/WUGUAN  ( 1595): pkg = com.huawei.iptv.stb.videotalk.activity
12-03 17:56:14.081 I/WUGUAN  ( 1595): axr.toString() = TaskRecord{4258a140 #1 A=com.ccdt.app.tv.launcher U=0 sz=2}
12-03 17:56:14.081 I/WUGUAN  ( 1595): pkg = hw.media.singletest
12-03 17:56:14.081 I/WUGUAN  ( 1595): axr.toString() = TaskRecord{4258a140 #1 A=com.ccdt.app.tv.launcher U=0 sz=2}
12-03 17:56:14.081 I/WUGUAN  ( 1595): pkg = com.huawei.videoengineapp
12-03 17:56:14.081 I/WUGUAN  ( 1595): axr.toString() = TaskRecord{4258a140 #1 A=com.ccdt.app.tv.launcher U=0 sz=2}
12-03 17:56:14.081 I/ActivityManager( 1595): TR2) TaskRecord{4258a140 #1 A=com.ccdt.app.tv.launcher U=0 sz=2}
12-03 17:56:14.081 I/ActivityManager( 1595): TR1) TaskRecord{425ca4a8 #3 A=com.ipanel.android_webview.shell U=0 sz=1}
12-03 17:56:14.085 D/ScriptController( 2458): [executeScriptAndReturnValue] [V8] compile Script end. frame=0x3c121a48 
12-03 17:56:14.085 D/iPanel  ( 2458): iPanel.debug("eventpage grabEvent")
12-03 17:56:14.085 D/iPanel  ( 2458): getFrameByName 'mainFrame' frame=0x3c12bdb8 window=0x3c232408
12-03 17:56:14.085 D/iPanel  ( 2458): iPanel.debug("--zjh-- url = http://10.177.64.3/hotel/welcome.htm  keycode = 5780")
12-03 17:56:14.085 D/iPanel  ( 2458): iPanel.debug("eventpage.htm args.type==false")
12-03 17:56:14.085 D/iPanel  ( 2458): iPanel.debug("eventpage grabEvent eventObj==[object Object]")
12-03 17:56:14.085 D/iPanel  ( 2458): iPanel.debug("eventpage eventObj.code = EIS_OTHER_APP_MESSAGE_OPEN")
12-03 17:56:14.085 D/iPanel  ( 2458): iPanel.debug("eventpage keyValue = 5780--p2:1011")
12-03 17:56:14.085 D/iPanel  ( 2458): iPanel.debug("eventHandler---keycode==5780,p2=1011")
12-03 17:56:14.089 D/ScriptController( 2458): [executeScriptAndReturnValue] [V8] evaluate Script end. frame=0x3c121a48 
12-03 17:56:14.089 D/webcore ( 2458): [execEventJS] ret=0
12-03 17:56:14.089 D/iPanel  ( 2458): ret=0
12-03 17:56:14.089 D/iPanel  ( 2458): iPanel.debug("ret: false")
12-03 17:56:14.089 D/iPanel  ( 2458): iPanel.debug("dispatchMessage:end")
12-03 17:56:14.089 D/ScriptController( 2458): [executeScriptAndReturnValue] [V8] evaluate Script end. frame=0x3c121a48 
12-03 17:56:14.089 D/webcoreBridge( 2458): execJS-->executeScript frame=0x3c121a48 end.
12-03 17:56:14.089 D/webcoreBridge( 2458): #2492 execJS frameName='eventFrame' jscore='iPanel.dispatchMessage(32774,5785,0);'
12-03 17:56:14.089 D/webcoreBridge( 2458): execJS-->frame:0x3c121a48 focusFrame=0x3c12bdb8 focusFrame.script=0x326c6790
12-03 17:56:14.089 D/webcoreBridge( 2458): execJS-->executeScript frame=0x3c121a48 script=0x326c1988
12-03 17:56:14.089 D/ScriptController( 2458): [executeScriptAndReturnValue] [V8] evaluate Script start. frame=0x3c121a48 url= line=1. source length=37
12-03 17:56:14.089 D/iPanel  ( 2458): iPanel.debug("dispatchMessage:msg: 32774,5785,0")
12-03 17:56:14.089 D/iPanel  ( 2458): get getFocusedOrMainFrame
12-03 17:56:14.089 D/iPanel  ( 2458): getFrameByName 'eventFrame' frame=0x3c121a48 window=0x3c1226f8
12-03 17:56:14.089 D/iPanel  ( 2458): getFrameByName 'mainFrame' frame=0x3c12bdb8 window=0x3c232408
12-03 17:56:14.089 D/iPanel  ( 2458): iPanel.debug("dispatchMessage:iPanel.getFocusedOrMainFrame = http://10.177.64.3/hotel/welcome.htm")
12-03 17:56:14.089 D/iPanel  ( 2458): iPanel.debug("dispatchMessage:frame num: 2, keyEvent:system")
12-03 17:56:14.089 D/iPanel  ( 2458): iPanel.debug("dispatchMessage:#2. proc event 5785. url: http://10.177.64.3/hotel/welcome.htm")
12-03 17:56:14.089 D/iPanel  ( 2458): iPanel.debug("w=[object Window], document=[object HTMLDocument], keyCode=5785, modifiers=0, keyEvent=system")
12-03 17:56:14.089 D/iPanel  ( 2458): iPanel.debug("iPanelDealMsg event handler: (function(){	window.event = {		'which': 5785,		'keyCode': 5785,		'modifiers': 0,		'prevented': false,		'preventDefault': function() {			this.prevented = true;		}	};	var ret = document.onsystemevent(window.event);	if (window.event.prevented) return false;	return ret;})();")
12-03 17:56:14.089 D/iPanel  ( 2458): dom=0x3c232408 code=(function(){	window.event = {		'which': 5785,		'keyCode': 5785,		'modifiers': 0,		'prevented': false,		'preventDefault': function() {			this.prevented = true;		}	};	var ret = document.onsystemevent(window.event);	if (window.event.prevented) return false;	return ret;})();
12-03 17:56:14.089 D/webcore ( 2458): [execEventJS] code=(function(){	window.event = {		'which': 5785,		'keyCode': 5785,		'modifiers': 0,		'prevented': false,		'preventDefault': function() {			this.prevented = true;		}	};	var ret = document.onsystemevent(window.event);	if (window.event.prevented) return false;	return ret;})();
12-03 17:56:14.089 D/webcore ( 2458): [execEventJS] focusedOrMainFrame=http://10.177.64.3/hotel/welcome.htm
12-03 17:56:14.089 D/ScriptController( 2458): [executeScriptAndReturnValue] [V8] evaluate Script start. frame=0x3c12bdb8 url= line=1. source length=271
12-03 17:56:14.089 D/ScriptController( 2458): [executeScriptAndReturnValue] [V8] compile Script end. frame=0x3c12bdb8 
12-03 17:56:14.089 D/[blink]FrameLoader( 2458): [allowPlugins] allowPlugins return 1
12-03 17:56:14.089 D/ScriptController( 2458): [executeScriptAndReturnValue] [V8] evaluate Script end. frame=0x3c12bdb8 
12-03 17:56:14.089 D/webcore ( 2458): [execEventJS] ret=1
12-03 17:56:14.089 D/iPanel  ( 2458): ret=1
12-03 17:56:14.089 D/iPanel  ( 2458): iPanel.debug("ret: true")
12-03 17:56:14.089 D/iPanel  ( 2458): iPanel.debug("dispatchMessage:#1. proc event 5785. url: ui:///eventpage.htm?ipanelcmd-name=eventFrame&script=ui:///ipanel.js")
12-03 17:56:14.089 D/iPanel  ( 2458): iPanel.debug("w=[object Window], document=[object HTMLDocument], keyCode=5785, modifiers=0, keyEvent=system")
12-03 17:56:14.089 D/iPanel  ( 2458): iPanel.debug("iPanelDealMsg event handler: (function(){	window.event = {		'which': 5785,		'keyCode': 5785,		'modifiers': 0,		'prevented': false,		'preventDefault': function() {			this.prevented = true;		}	};	var ret = document.onsystemevent(window.event);	if (window.event.prevented) return false;	return ret;})();")
12-03 17:56:14.089 D/iPanel  ( 2458): dom=0x3c1226f8 code=(function(){	window.event = {		'which': 5785,		'keyCode': 5785,		'modifiers': 0,		'prevented': false,		'preventDefault': function() {			this.prevented = true;		}	};	var ret = document.onsystemevent(window.event);	if (window.event.prevented) return false;	return ret;})();
12-03 17:56:14.089 D/webcore ( 2458): [execEventJS] code=(function(){	window.event = {		'which': 5785,		'keyCode': 5785,		'modifiers': 0,		'prevented': false,		'preventDefault': function() {			this.prevented = true;		}	};	var ret = document.onsystemevent(window.event);	if (window.event.prevented) return false;	return ret;})();
12-03 17:56:14.089 D/webcore ( 2458): [execEventJS] focusedOrMainFrame=ui:///eventpage.htm?ipanelcmd-name=eventFrame&script=ui:///ipanel.js
12-03 17:56:14.089 D/ScriptController( 2458): [executeScriptAndReturnValue] [V8] evaluate Script start. frame=0x3c121a48 url= line=1. source length=271
12-03 17:56:14.089 D/ScriptController( 2458): [executeScriptAndReturnValue] [V8] compile Script end. frame=0x3c121a48 
12-03 17:56:14.093 D/iPanel  ( 2458): iPanel.debug("eventpage grabEvent")
12-03 17:56:14.093 D/iPanel  ( 2458): getFrameByName 'mainFrame' frame=0x3c12bdb8 window=0x3c232408
12-03 17:56:14.093 D/iPanel  ( 2458): iPanel.debug("--zjh-- url = http://10.177.64.3/hotel/welcome.htm  keycode = 5785")
12-03 17:56:14.093 D/iPanel  ( 2458): iPanel.debug("eventpage.htm args.type==true")
12-03 17:56:14.093 D/iPanel  ( 2458): iPanel.debug("eventpage grabEvent eventObj==[object Object]")
12-03 17:56:14.093 D/iPanel  ( 2458): iPanel.debug("eventpage eventObj.code = EIS_APP_PAUSE")
12-03 17:56:14.097 D/iPanel  ( 2458): iPanel.debug("eventpage keyValue = 5785--p2:0")
12-03 17:56:14.097 D/iPanel  ( 2458): iPanel.debug("eventHandler---keycode==5785,p2=0")
12-03 17:56:14.097 D/ScriptController( 2458): [executeScriptAndReturnValue] [V8] evaluate Script end. frame=0x3c121a48 
12-03 17:56:14.097 D/webcore ( 2458): [execEventJS] ret=0
12-03 17:56:14.097 D/iPanel  ( 2458): ret=0
12-03 17:56:14.097 D/iPanel  ( 2458): iPanel.debug("ret: false")
12-03 17:56:14.097 D/iPanel  ( 2458): iPanel.debug("dispatchMessage:end")
12-03 17:56:14.097 D/ScriptController( 2458): [executeScriptAndReturnValue] [V8] evaluate Script end. frame=0x3c121a48 
12-03 17:56:14.097 D/webcoreBridge( 2458): execJS-->executeScript frame=0x3c121a48 end.
12-03 17:56:14.161 I/ActivityManager( 1595): TR2) TaskRecord{4258a140 #1 A=com.ccdt.app.tv.launcher U=0 sz=2}
12-03 17:56:14.161 I/ActivityManager( 1595): TR1) TaskRecord{425ca4a8 #3 A=com.ipanel.android_webview.shell U=0 sz=1}
12-03 17:56:14.185 I/AutoActivityForm( 1854): onActivityResume
12-03 17:56:14.185 I/AspectIView( 1854): anyInnerEvent:methodName:onActivityResume
12-03 17:56:14.185 I/AspectIView( 1854): anyInnerEvent:begin!joinPoint.getThis:com.ccdt.app.tv.launcher.view.witget.AutoActivityForm{443bfc90 V.E..... ......ID 0,0-1920,1080 #7f0d005d app:id/id_form_view}
12-03 17:56:14.185 I/EventBeanPool( 1854): findEvent:view:com.ccdt.app.tv.launcher.view.witget.AutoActivityForm{443bfc90 V.E..... ......ID 0,0-1920,1080 #7f0d005d app:id/id_form_view} methodName:onActivityResume subViewId:null
12-03 17:56:14.185 I/EventBeanPool( 1854): findEvent:viewBean:BaseViewBean{pX=0, pY=0, width=1920, height=1080, backgroundRId='default_form_background_image'} -- id=ActivityFormBean map:size:83
12-03 17:56:14.185 I/EventBeanPool( 1854): findEvent:privateEventMap:baseEventBean:InnerEventBean{aimViewId='VIDEO_2_346', aimMethodName='onActivityResume', params=null}BaseEventBean{, srcViewId='ActivityFormBean', srcMethodName='onActivityResume'} -- id=eventId:1
12-03 17:56:14.185 I/EventBeanPool( 1854): findEvent:privateEventMap:baseEventBean:InnerEventBean{aimViewId='VIDEO_2_346', aimMethodName='onActivityResume', params=null}BaseEventBean{, srcViewId='ActivityFormBean', srcMethodName='onActivityResume'} -- id=eventId:5
12-03 17:56:14.185 I/ViewBus ( 1854): compareMethod,name:onActivityResume method.getName:onActivityPause
12-03 17:56:14.185 I/ViewBus ( 1854): compareMethod,name:onActivityResume method.getName:onActivityRefresh
12-03 17:56:14.185 I/ViewBus ( 1854): mapArgs:args is null!
12-03 17:56:14.185 I/AutoVideoView_hlj( 1854): onActivityResume
12-03 17:56:14.185 I/ViewBus ( 1854): invoke ok:Method:viewId:VIDEO_2_346 method:onActivityResume args:null
12-03 17:56:14.185 I/ViewBus ( 1854): compareMethod,name:onActivityResume method.getName:onActivityPause
12-03 17:56:14.185 I/ViewBus ( 1854): compareMethod,name:onActivityResume method.getName:onActivityRefresh
12-03 17:56:14.185 I/ViewBus ( 1854): mapArgs:args is null!
12-03 17:56:14.185 I/AutoVideoView_hlj( 1854): onActivityResume
12-03 17:56:14.185 I/ViewBus ( 1854): invoke ok:Method:viewId:VIDEO_2_346 method:onActivityResume args:null
12-03 17:56:14.185 I/CollectEventBus( 1854): CollectEventBus:CollectEventBean{collectType='0003', collectDescription=''}
12-03 17:56:14.185 I/IDAServiceHelper( 1854): in info collect - o:0003 d:
12-03 17:56:14.189 D/DAService( 2048): O=0003,D=
12-03 17:56:14.189 I/IDAServiceHelper( 1854): ok info collect - o:0003 d:
12-03 17:56:14.197 I/IjkVideoAndDvbView( 1854): openVideo:mUri == null || mSurfaceHolder == null
12-03 17:56:14.197 I/IjkVideoAndDvbView( 1854): onSurfaceChanged:
12-03 17:56:14.201 D/hwcomposer( 1103): the mstar.maliion.dismem.location is in 0, but no available memory
12-03 17:56:14.201 D/hwcomposer( 1103): the mstar.maliion.dismem.location is in 0, but no available memory
12-03 17:56:14.209 D/NETMANAGER( 1770): mStbID = 17030841081517100424497
12-03 17:56:14.209 D/NETMANAGER( 1770): hwVer = 01.01.05.41
12-03 17:56:14.209 D/NETMANAGER( 1770): swVer = 00.00.03.08
12-03 17:56:14.209 D/NETMANAGER( 1770): parameterAll = CaNumber:
12-03 17:56:14.209 D/NETMANAGER( 1770): AreaCode:0000
12-03 17:56:14.209 D/NETMANAGER( 1770): SerialNumber:17030841081517100424497
12-03 17:56:14.209 D/NETMANAGER( 1770): HardwareVersion:01.01.05.41
12-03 17:56:14.209 D/NETMANAGER( 1770): SoftwareVersion:00.00.03.08
12-03 17:56:14.209 D/NETMANAGER( 1770): ManufacturerOUI:29
12-03 17:56:14.209 D/NETMANAGER( 1770): Manufacturer:Cycle Century
12-03 17:56:14.209 D/NETMANAGER( 1770): MiddleWareManufacturer:Cycle Century
12-03 17:56:14.209 D/NETMANAGER( 1770): CPURate:8
12-03 17:56:14.209 D/NETMANAGER( 1770): MemoryRate:23
12-03 17:56:14.209 D/NETMANAGER( 1770): WifiApSSID:wifi_test
12-03 17:56:14.213 I/Surface ( 1854): Surface::setBuffersFormat format 1
12-03 17:56:14.213 D/NETMANAGER( 1770): Start to read.query:all
12-03 17:56:14.213 D/NETMANAGER( 1770): Start to query and send.
12-03 17:56:14.217 D/gralloc ( 1103): allocate buffer from ION HEAP 0x10000
12-03 17:56:14.217 D/gralloc ( 1103): allocate the descrete memory from 0x10000 HEAP
12-03 17:56:14.217 E/gralloc ( 1103): ioctl c0204909 failed with code -1: No such device
12-03 17:56:14.217 E/[Gralloc-ERROR]( 1103): int alloc_backend_alloc(alloc_device_t*, size_t, int, const native_handle_t**):217 Failed to ion_cust_alloc from ion_client:29
12-03 17:56:14.217 D/gralloc ( 1103): Not enough CMA memory, fallback system directly
12-03 17:56:14.217 D/gralloc ( 1103): allocate buffer from ION HEAP 0x1
12-03 17:56:14.217 D/gralloc ( 1103): allocate memory from system heap
12-03 17:56:14.221 D/hwcomposer( 1103): the mstar.maliion.dismem.location is in 0, but no available memory
12-03 17:56:14.221 D/hwcomposer( 1103): the mstar.maliion.dismem.location is in 0, but no available memory
12-03 17:56:14.245 D/hwcomposer( 1103): the mstar.maliion.dismem.location is in 0, but no available memory
12-03 17:56:14.245 D/hwcomposer( 1103): the mstar.maliion.dismem.location is in 0, but no available memory
12-03 17:56:14.261 D/NetworkMonitor( 2271): getNetworkStatus:true
12-03 17:56:14.265 D/hwcomposer( 1103): the mstar.maliion.dismem.location is in 0, but no available memory
12-03 17:56:14.265 D/hwcomposer( 1103): the mstar.maliion.dismem.location is in 0, but no available memory
12-03 17:56:14.273 I/MiSysSrv( 1117): [37m[INFO] Change to Voltage: 115 mv (0x2A)[m
12-03 17:56:14.281 D/XmppServices( 1841): vurcserver log : XmppService-LoginCommond--v5->uid==-->8451203773313017X
12-03 17:56:14.281 D/hwcomposer( 1103): the mstar.maliion.dismem.location is in 0, but no available memory
12-03 17:56:14.281 D/hwcomposer( 1103): the mstar.maliion.dismem.location is in 0, but no available memory
12-03 17:56:14.285 D/XmppServices( 1841): vurcserver log : XmppService-->hid = a8bd3afc2571
12-03 17:56:14.293 D/XmppServices( 1841): vurcserver log : XmppService-->res = {"hid":"a8bd3afc2571"}
12-03 17:56:14.293 D/XmppServices( 1841): vurcserver log : XmppManager-->login connection!=null -->not-->Connected-->daidh
12-03 17:56:14.301 D/hwcomposer( 1103): the mstar.maliion.dismem.location is in 0, but no available memory
12-03 17:56:14.301 D/hwcomposer( 1103): the mstar.maliion.dismem.location is in 0, but no available memory
12-03 17:56:14.313 D/dalvikvm( 1841): GC_CONCURRENT freed 399K, 30% free 3425K/4872K, paused 2ms+5ms, total 22ms
12-03 17:56:14.313 D/dalvikvm( 1841): WAIT_FOR_CONCURRENT_GC blocked 12ms
12-03 17:56:14.317 D/SMACK   ( 1841): 09:56:14 上午 SENT (1111333352): <stream:stream to="hljvoole.com" xmlns="jabber:client" xmlns:stream="http://etherx.jabber.org/streams" version="1.0">
12-03 17:56:14.317 D/SMACK   ( 1841): 09:56:14 上午 RCV  (1111333352): <?xml version='1.0'?><stream:stream xmlns:stream='http://etherx.jabber.org/streams' xmlns='jabber:client' from='hljvoole.com' version='1.0' id='8kqcczucdu2qy4kffuut913hw18x3qycapomoiz2' xmlns:ack='http://www.xmpp.org/extensions/xep-0198.html#ns'><stream:error xmlns:stream='http://etherx.jabber.org/streams'><host-gone xmlns='urn:ietf:params:xml:ns:xmpp-streams'/><text xmlns='urn:ietf:params:xml:ns:xmpp-streams'>session manager for requested domain is not available</text></stream:error></stream:stream>
12-03 17:56:14.321 D/hwcomposer( 1103): the mstar.maliion.dismem.location is in 0, but no available memory
12-03 17:56:14.321 D/hwcomposer( 1103): the mstar.maliion.dismem.location is in 0, but no available memory
12-03 17:56:14.325 D/SMACK   ( 1841): 09:56:14 上午 SENT (1111333352): </stream:stream>
12-03 17:56:14.341 D/hwcomposer( 1103): the mstar.maliion.dismem.location is in 0, but no available memory
12-03 17:56:14.341 D/hwcomposer( 1103): the mstar.maliion.dismem.location is in 0, but no available memory
12-03 17:56:14.357 I/Advanced( 2458): [QUEUE] share_queue_sendEx size:1 4097 1179 0x6304fa80,postLoopId:0,dstid:1.
12-03 17:56:14.361 D/hwcomposer( 1103): the mstar.maliion.dismem.location is in 0, but no available memory
12-03 17:56:14.361 D/hwcomposer( 1103): the mstar.maliion.dismem.location is in 0, but no available memory
12-03 17:56:14.365 V/DownloadService( 2128): ______changeDuration() , duration = 6931s
12-03 17:56:14.365 E/DownloadService( 2128): __________________mThreadCount = 1
12-03 17:56:14.381 D/hwcomposer( 1103): the mstar.maliion.dismem.location is in 0, but no available memory
12-03 17:56:14.381 D/hwcomposer( 1103): the mstar.maliion.dismem.location is in 0, but no available memory
12-03 17:56:14.401 D/hwcomposer( 1103): the mstar.maliion.dismem.location is in 0, but no available memory
12-03 17:56:14.401 D/hwcomposer( 1103): the mstar.maliion.dismem.location is in 0, but no available memory
12-03 17:56:14.421 D/hwcomposer( 1103): the mstar.maliion.dismem.location is in 0, but no available memory
12-03 17:56:14.421 D/hwcomposer( 1103): the mstar.maliion.dismem.location is in 0, but no available memory
12-03 17:56:14.425 W/IInputConnectionWrapper( 1854): showStatusIcon on inactive InputConnection
12-03 17:56:14.445 D/hwcomposer( 1103): the mstar.maliion.dismem.location is in 0, but no available memory
12-03 17:56:14.445 D/hwcomposer( 1103): the mstar.maliion.dismem.location is in 0, but no available memory
12-03 17:56:14.449 D/MediaPlayerView( 2458): surfaceDestroyed
12-03 17:56:14.457 D/cr_AwTestContainerView.HardwareView( 2458): [AwTestContainerView.java:96] surfaceDestroyed
12-03 17:56:14.457 D/cr_AwTestContainerView( 2458): [AwTestContainerView.java:63] [mainFrame]: detachedContentsInternal
12-03 17:56:14.457 I/cr_AwContents( 2458): org.chromium.android_webview.AwContents@4233e290 onDetachedFromWindow
12-03 17:56:14.457 I/cr_AwContents( 2458): org.chromium.android_webview.AwContents@4233e290 hideAutofillPopup
12-03 17:56:14.465 D/gralloc ( 1103): allocate buffer from ION HEAP 0x10000
12-03 17:56:14.465 D/gralloc ( 1103): allocate the descrete memory from 0x10000 HEAP
12-03 17:56:14.465 E/gralloc ( 1103): ioctl c0204909 failed with code -1: No such device
12-03 17:56:14.465 E/[Gralloc-ERROR]( 1103): int alloc_backend_alloc(alloc_device_t*, size_t, int, const native_handle_t**):217 Failed to ion_cust_alloc from ion_client:29
12-03 17:56:14.465 D/gralloc ( 1103): Not enough CMA memory, fallback system directly
12-03 17:56:14.465 D/gralloc ( 1103): allocate buffer from ION HEAP 0x1
12-03 17:56:14.465 D/gralloc ( 1103): allocate memory from system heap
12-03 17:56:14.465 D/hwcomposer( 1103): the mstar.maliion.dismem.location is in 0, but no available memory
12-03 17:56:14.473 D/cr_AwTestContainerView.HardwareView( 2458): [AwTestContainerView.java:96] detachGLFunctor
12-03 17:56:14.477 D/XmppServices( 1841): vurcserver log : XmppManager-->ConnectionListener-->connectionClosedOnError-->daidh
12-03 17:56:14.477 D/XmppServices( 1841): vurcserver log : XmppService-->reLogin()
12-03 17:56:14.477 D/XmppServices( 1841): vurcserver log : XmppService-->reLogin()--ִ�����Ѿ�������-->executor.isShutdown()-->false
12-03 17:56:14.481 D/SMACK   ( 1841): stream:error (host-gone) text: session manager for requested domain is not available
12-03 17:56:14.481 D/hwcomposer( 1103): lastHWWindowInfo is dirty
12-03 17:56:14.501 D/gralloc ( 1103): allocate buffer from ION HEAP 0x1
12-03 17:56:14.501 D/gralloc ( 1103): allocate memory from system heap
12-03 17:56:14.517 I/GLThread( 2458): noticed surfaceView surface lost tid=122
12-03 17:56:14.517 W/EglHelper( 2458): destroySurface()  tid=122
12-03 17:56:14.521 I/AdvancedPorting-PORT_MODULE_NET( 2458): network_task while... 
12-03 17:56:14.521 I/AdvancedPorting-PORT_MODULE_NET( 2458): 0 interface name: lo
12-03 17:56:14.521 I/AdvancedPorting-PORT_MODULE_NET( 2458): 1 interface name: eth0
12-03 17:56:14.521 I/AdvancedPorting-PORT_MODULE_NET( 2458): First interface name: lo
12-03 17:56:14.521 I/AdvancedPorting-PORT_MODULE_NET( 2458): network_task while...  net_i:1
12-03 17:56:14.521 I/AdvancedPorting-PORT_MODULE_NET( 2458): network_task while---name_interface[0]=lo
12-03 17:56:14.521 I/AdvancedPorting-PORT_MODULE_NET( 2458): network_task while---name_interface[1]=eth0
12-03 17:56:14.521 I/AdvancedPorting-PORT_MODULE_NET( 2458): network_task while---interface_name=eth0
12-03 17:56:14.521 I/AdvancedPorting-PORT_MODULE_NET( 2458): network_get_netlink_status(in)--if_name=eth0
12-03 17:56:14.521 I/AdvancedPorting-PORT_MODULE_NET( 2458): net.network.isconnected = no
12-03 17:56:14.521 I/AdvancedPorting-PORT_MODULE_NET( 2458): eth0 --network_get_netlink_status return retval=1
12-03 17:56:14.521 I/AdvancedPorting-PORT_MODULE_NET( 2458): stat = 1 last_status = 1
12-03 17:56:14.529 I/Surface ( 2458): Surface::setBuffersFormat format 0
12-03 17:56:14.529 I/Surface ( 2458): Surface::setBuffersFormat format 0
12-03 17:56:14.541 D/gralloc ( 1103): allocate buffer from ION HEAP 0x1
