12-03 17:51:43.797 W/ContextImpl( 2077): Calling a method in the system process without a qualified user: android.app.ContextImpl.startService:1487 android.content.ContextWrapper.startService:494 android.content.ContextWrapper.startService:494 cn.ljwl.dyp.service.StartBroadcastReceiver.onReceive:-1 android.app.ActivityThread.handleReceiver:2407 
12-03 17:51:43.813 I/ActivityManager( 1595): Start proc cn.ljwl.dyp:remote for service cn.ljwl.dyp/.service.DYPService: pid=2090 uid=1000 gids={41000, 3003, 1028, 1015, 1007, 2001, 3002, 3001}
12-03 17:51:43.829 I/BootReceiver( 1595): Copying audit failures to DropBox
12-03 17:51:43.829 I/BootReceiver( 1595): Checking for fsck errors
12-03 17:51:43.921 W/ContextImpl( 2090): Calling a method in the system process without a qualified user: android.app.ContextImpl.bindService:1551 android.content.ContextWrapper.bindService:517 cn.ljwl.dyp.service.DYPService.onCreate:-1 android.app.ActivityThread.handleCreateService:2558 android.app.ActivityThread.access$1800:135 
12-03 17:51:43.937 I/ActivityManager( 1595): Start proc cn.ccdt.dvbplayer for service cn.ccdt.dvbplayer/cn.ljwl.bn.dvb.service.DVBInfoService: pid=2115 uid=1000 gids={41000, 3003, 1028, 1015, 1007, 2001, 3002, 3001}
12-03 17:51:43.937 W/ContextImpl( 2090): Calling a method in the system process without a qualified user: android.app.ContextImpl.bindService:1551 android.content.ContextWrapper.bindService:517 cn.ljwl.dyp.service.DYPService.onCreate:-1 android.app.ActivityThread.handleCreateService:2558 android.app.ActivityThread.access$1800:135 
12-03 17:51:43.977 W/BroadcastQueue( 1595): Permission Denial: receiving Intent { act=android.intent.action.BOOT_COMPLETED flg=0x8000010 (has extras) } to com.android.onetimeinitializer/.OneTimeInitializerReceiver requires android.permission.RECEIVE_BOOT_COMPLETED due to sender null (uid 1000)
12-03 17:51:44.005 W/ContextImpl( 1841): Calling a method in the system process without a qualified user: android.app.ContextImpl.startService:1487 android.content.ContextWrapper.startService:494 android.content.ContextWrapper.startService:494 com.voole.epg.vurcserver.StartServiceReceiver.onReceive:26 android.app.ActivityThread.handleReceiver:2407 
12-03 17:51:44.049 I/ActivityManager( 1595): Start proc com.voole.bootplay for broadcast com.voole.bootplay/.receiver.BootBroadcastReceiver: pid=2128 uid=10037 gids={50037, 3003, 1028, 1015}
12-03 17:51:44.157 W/ActivityThread( 1841): ClassLoader.loadClass: The class loader returned by Thread.getContextClassLoader() may fail for processes that host multiple applications. You should explicitly specify a context class loader. For example: Thread.setContextClassLoader(getClass().getClassLoader());
12-03 17:51:44.201 W/ContextImpl( 1841): Calling a method in the system process without a qualified user: android.app.ContextImpl.bindService:1551 android.content.ContextWrapper.bindService:517 com.voole.epg.vurcserver.hljcertification.HLJSarftManager.bindHLJService:66 com.voole.epg.vurcserver.xmpp.XmppServices.onStartCommand:72 android.app.ActivityThread.handleServiceArgs:2688 
12-03 17:51:44.433 I/ActivityManager( 1595): Delay finish: com.voole.bootplay/.receiver.BootBroadcastReceiver
12-03 17:51:44.513 I/ActivityManager( 1595): Start proc cn.ccdt.provider for content provider cn.ccdt.provider/android.ccdt.dvb.provider.NotificationProvider: pid=2165 uid=1000 gids={41000, 3003, 1028, 1015, 1007, 2001, 3002, 3001}
12-03 17:51:44.721 I/PowerManagerService( 1595): Boot animation finished.
12-03 17:51:44.977 W/ContextImpl( 1950): Calling a method in the system process without a qualified user: android.app.ContextImpl.sendBroadcast:1131 android.content.ContextWrapper.sendBroadcast:365 com.dvb.auth.service.AAAService.c:-1 com.dvb.auth.service.AAAService.e:-1 com.dvb.auth.service.b.run:-1 
12-03 17:51:46.817 I/ActivityManager( 1595): Waited long enough for: ServiceRecord{425f05c8 u0 cn.ljwl.dyp/.service.DYPService}
12-03 17:51:46.817 I/ActivityManager( 1595): Resuming delayed broadcast
12-03 17:51:46.821 W/ContextImpl( 1821): Calling a method in the system process without a qualified user: android.app.ContextImpl.startService:1487 android.content.ContextWrapper.startService:494 android.content.ContextWrapper.startService:494 cn.ccdt.da.BootBroadcastReceiver.onReceive:18 android.app.ActivityThread.handleReceiver:2407 
12-03 17:51:46.849 W/BroadcastQueue( 1595): Permission Denial: receiving Intent { act=android.intent.action.BOOT_COMPLETED flg=0x8000010 (has extras) } to com.aidufei.stbtest/com.aidufei.otoService.BootReceiver requires android.permission.RECEIVE_BOOT_COMPLETED due to sender null (uid 1000)
12-03 17:51:46.861 I/ActivityManager( 1595): Start proc app.ccdt.com.ipsystemupdateserver for broadcast app.ccdt.com.ipsystemupdateserver/.receiver.BootCompletedReceiver: pid=2228 uid=1000 gids={41000, 3003, 1028, 1015, 1007, 2001, 3002, 3001}
12-03 17:51:46.957 W/ContextImpl( 2228): Calling a method in the system process without a qualified user: android.app.ContextImpl.bindService:1551 android.content.ContextWrapper.bindService:517 app.ccdt.com.ipsystemupdateserver.servicehelper.AidlPertiesHelper.bindService:35 app.ccdt.com.ipsystemupdateserver.MyApp.onCreate:50 android.app.Instrumentation.callApplicationOnCreate:1007 
12-03 17:51:46.985 I/ActivityManager( 1595): Start proc com.ccdt.propertiesaidl for service com.ccdt.propertiesaidl/.PertiesService: pid=2243 uid=1000 gids={41000, 3003, 1028, 1015, 1007, 2001, 3002, 3001}
12-03 17:51:46.989 W/ContextImpl( 2228): Calling a method in the system process without a qualified user: android.app.ContextImpl.bindService:1551 android.content.ContextWrapper.bindService:517 app.ccdt.com.ipsystemupdateserver.servicehelper.GetTokenServiceHelper.bind:184 app.ccdt.com.ipsystemupdateserver.MyApp.onCreate:51 android.app.Instrumentation.callApplicationOnCreate:1007 
12-03 17:51:46.993 W/ContextImpl( 2228): Calling a method in the system process without a qualified user: android.app.ContextImpl.bindService:1551 android.content.ContextWrapper.bindService:517 app.ccdt.com.ipsystemupdateserver.servicehelper.GetTokenServiceHelper.bind:184 app.ccdt.com.ipsystemupdateserver.servicehelper.GetTokenServiceHelper.getAreaCode:37 app.ccdt.com.ipsystemupdateserver.MyApp.getAAAareaCode:64 
12-03 17:51:47.013 W/ContextImpl( 2228): Calling a method in the system process without a qualified user: android.app.ContextImpl.startService:1487 android.content.ContextWrapper.startService:494 android.content.ContextWrapper.startService:494 app.ccdt.com.ipsystemupdateserver.receiver.BootCompletedReceiver.onReceive:24 android.app.ActivityThread.handleReceiver:2407 
12-03 17:51:47.013 I/ActivityManager( 1595): Delay finish: app.ccdt.com.ipsystemupdateserver/.receiver.BootCompletedReceiver
12-03 17:51:47.233 I/ActivityManager( 1595): Waited long enough for: ServiceRecord{42541548 u0 com.voole.bootplay/com.gntv.report.service.ReportMessageService}
12-03 17:51:47.233 I/ActivityManager( 1595): Resuming delayed broadcast
12-03 17:51:47.257 W/ContextImpl( 1676): Calling a method in the system process without a qualified user: android.app.ContextImpl.startService:1487 android.content.ContextWrapper.startService:494 android.content.ContextWrapper.startService:494 com.mstar.tv.service.BootCompleteReceiver.onReceive:95 android.app.ActivityThread.handleReceiver:2407 
12-03 17:51:47.273 I/ActivityManager( 1595): Start proc com.yunos.localzone:backService for broadcast com.yunos.localzone/com.yunos.commons.MountReceiver: pid=2258 uid=10020 gids={50020, 1028, 1015, 3003}
12-03 17:51:47.425 W/ContextImpl( 1778): Calling a method in the system process without a qualified user: android.app.ContextImpl.startService:1487 android.content.ContextWrapper.startService:494 android.content.ContextWrapper.startService:494 com.ccdt.baidutvspeech.broadcast.StartBroadcast.onReceive:20 android.app.ActivityThread.handleReceiver:2407 
12-03 17:51:47.433 I/ActivityManager( 1595): Waited long enough for: ServiceRecord{425b73b8 u0 com.voole.bootplay/.service.DownloadService}
12-03 17:51:47.445 W/ContextImpl( 1802): Calling a method in the system process without a qualified user: android.app.ContextImpl.startService:1487 android.content.ContextWrapper.startService:494 android.content.ContextWrapper.startService:494 cn.ccdt.vooleplayservice.BootBroadcastReceiver.onReceive:20 android.app.ActivityThread.handleReceiver:2407 
12-03 17:51:47.465 I/ActivityManager( 1595): Start proc cn.ccdt.vooleplayservice:remote for service cn.ccdt.vooleplayservice/.VoolePlayService: pid=2271 uid=1000 gids={41000, 3003, 1028, 1015, 1007, 2001, 3002, 3001}
12-03 17:51:47.473 W/ContextImpl( 1770): Calling a method in the system process without a qualified user: android.app.ContextImpl.startService:1487 android.content.ContextWrapper.startService:494 android.content.ContextWrapper.startService:494 cn.ccdt.netmanager.NetManagerBroadcast.onReceive:23 android.app.ActivityThread.handleReceiver:2407 
12-03 17:51:47.481 W/ContextImpl( 1770): Calling a method in the system process without a qualified user: android.app.ContextImpl.startService:1487 android.content.ContextWrapper.startService:494 android.content.ContextWrapper.startService:494 cn.ccdt.netmanager.NetManagerBroadcast.onReceive:26 android.app.ActivityThread.handleReceiver:2407 
12-03 17:51:47.501 W/ContextImpl( 1770): Calling a method in the system process without a qualified user: android.app.ContextImpl.bindService:1551 android.content.ContextWrapper.bindService:517 cn.ccdt.netmanager.api.ApiServerService.bindAAAService:161 cn.ccdt.netmanager.api.ApiServerService.onCreate:100 android.app.ActivityThread.handleCreateService:2558 
12-03 17:51:47.517 I/ActivityManager( 1595): Start proc com.coship.vod for broadcast com.coship.vod/.service.VodReceiver: pid=2283 uid=1000 gids={41000, 3003, 1028, 1015, 1007, 2001, 3002, 3001}
12-03 17:51:47.525 W/ContextImpl( 1770): Calling a method in the system process without a qualified user: android.app.ContextImpl.bindService:1551 android.content.ContextWrapper.bindService:517 cn.ccdt.netmanager.api.ApiServerService.bindAAAService:161 cn.ccdt.netmanager.api.ApiServerService.VerificationTime:134 cn.ccdt.netmanager.api.ApiServerService.onCreate:101 
12-03 17:51:47.541 W/ActivityThread( 1770): ClassLoader.loadClass: The class loader returned by Thread.getContextClassLoader() may fail for processes that host multiple applications. You should explicitly specify a context class loader. For example: Thread.setContextClassLoader(getClass().getClassLoader());
12-03 17:51:47.573 W/ContextImpl( 2271): Calling a method in the system process without a qualified user: android.app.ContextImpl.bindService:1551 android.content.ContextWrapper.bindService:517 cn.ccdt.vooleplayservice.VoolePlayService.bindAAAService:102 cn.ccdt.vooleplayservice.VoolePlayService.onCreate:150 android.app.ActivityThread.handleCreateService:2558 
12-03 17:51:47.689 W/ContextImpl( 1778): Calling a method in the system process without a qualified user: android.app.ContextImpl.startService:1487 android.content.ContextWrapper.startService:494 com.foxykeep.datadroid.requestmanager.RequestManager.execute:247 com.ccdt.baidutvspeech.recognise.OffLineRecognise.sendDicVersion:554 com.ccdt.baidutvspeech.recognise.OffLineRecognise.initAnalyzer:149 
12-03 17:51:47.689 W/ContextImpl( 1778): Calling a method in the system process without a qualified user: android.app.ContextImpl.startService:1487 android.content.ContextWrapper.startService:494 com.foxykeep.datadroid.requestmanager.RequestManager.execute:247 com.ccdt.baidutvspeech.recognise.OnlineRecognise.sendHeartbeat:254 com.ccdt.baidutvspeech.recognise.OnlineRecognise.access$200:36 
12-03 17:51:47.693 W/ContextImpl( 1778): Calling a method in the system process without a qualified user: android.app.ContextImpl.startService:1487 android.content.ContextWrapper.startService:494 com.foxykeep.datadroid.requestmanager.RequestManager.execute:247 com.ccdt.baidutvspeech.recognise.OffLineRecognise.findLisence:532 com.ccdt.baidutvspeech.recognise.OffLineRecognise.initRecognise:143 
12-03 17:51:47.721 W/ActivityThread( 1778): ClassLoader.loadClass: The class loader returned by Thread.getContextClassLoader() may fail for processes that host multiple applications. You should explicitly specify a context class loader. For example: Thread.setContextClassLoader(getClass().getClassLoader());
12-03 17:51:47.893 W/ContextImpl( 1950): Calling a method in the system process without a qualified user: android.app.ContextImpl.sendBroadcast:1131 android.content.ContextWrapper.sendBroadcast:365 com.dvb.auth.service.AAAService.c:-1 com.dvb.auth.service.AAAService.e:-1 com.dvb.auth.service.b.run:-1 
12-03 17:51:47.993 W/ContextImpl( 2271): Calling a method in the system process without a qualified user: android.app.ContextImpl.bindService:1551 android.content.ContextWrapper.bindService:517 com.voole.sdk.b2b.B2B.init:131 com.voole.sdk.VoolePlay$1.run:114 <bottom of call stack> 
12-03 17:51:48.029 W/ActivityThread( 2271): ClassLoader.loadClass: The class loader returned by Thread.getContextClassLoader() may fail for processes that host multiple applications. You should explicitly specify a context class loader. For example: Thread.setContextClassLoader(getClass().getClassLoader());
12-03 17:51:48.057 W/ContextImpl( 2271): Calling a method in the system process without a qualified user: android.app.ContextImpl.bindService:1551 android.content.ContextWrapper.bindService:517 com.voole.sdk.b2b.B2B.init:131 com.voole.sdk.VoolePlay$1.run:114 <bottom of call stack> 
12-03 17:51:48.245 W/ContextImpl( 2283): Calling a method in the system process without a qualified user: android.app.ContextImpl.startService:1487 android.content.ContextWrapper.startService:494 com.coship.vod.VodApplication.e:89 com.coship.vod.VodApplication.onCreate:82 android.app.Instrumentation.callApplicationOnCreate:1007 
12-03 17:51:48.253 W/ContextImpl( 2283): Calling a method in the system process without a qualified user: android.app.ContextImpl.startService:1487 android.content.ContextWrapper.startService:494 com.coship.vod.VodApplication.f:94 com.coship.vod.VodApplication.onCreate:83 android.app.Instrumentation.callApplicationOnCreate:1007 
12-03 17:51:48.261 I/ActivityManager( 1595): Delay finish: com.coship.vod/.service.VodReceiver
12-03 17:51:48.725 D/ActivityThread( 1778): Loading provider android.ccdt.dvb.provider.ProgramProvider: android.ccdt.dvb.provider.ProgramProvider
12-03 17:51:49.397 W/ActivityThread( 2283): ClassLoader.getResourceAsStream: The class loader returned by Thread.getContextClassLoader() may fail for processes that host multiple applications. You should explicitly specify a context class loader. For example: Thread.setContextClassLoader(getClass().getClassLoader());
12-03 17:51:50.017 I/ActivityManager( 1595): Waited long enough for: ServiceRecord{425cba48 u0 app.ccdt.com.ipsystemupdateserver/.service.IpSystemUpdateService}
12-03 17:51:50.017 I/ActivityManager( 1595): Resuming delayed broadcast
12-03 17:51:50.037 I/ActivityManager( 1595): Start proc com.ccdt.itvision.appstore for broadcast com.ccdt.itvision.appstore/.receiver.StartBroadcastReceiver: pid=2359 uid=1000 gids={41000, 3003, 1028, 1015, 1007, 2001, 3002, 3001}
12-03 17:51:50.477 W/ContextImpl( 2359): Calling a method in the system process without a qualified user: android.app.ContextImpl.startService:1487 android.content.ContextWrapper.startService:494 com.ccdt.itvision.appstore.app.ITVApplication.startDownLoadService:68 com.ccdt.itvision.appstore.app.ITVApplication.onCreate:44 android.app.Instrumentation.callApplicationOnCreate:1007 
12-03 17:51:50.777 E/RemotePrintSpooler( 1595): Error removing obsolete print jobs .
12-03 17:51:50.777 E/RemotePrintSpooler( 1595): java.util.concurrent.TimeoutException: Cannot get spooler!
12-03 17:51:50.777 E/RemotePrintSpooler( 1595): 	at com.android.server.print.RemotePrintSpooler.bindLocked(RemotePrintSpooler.java:376)
12-03 17:51:50.777 E/RemotePrintSpooler( 1595): 	at com.android.server.print.RemotePrintSpooler.getRemoteInstanceLazy(RemotePrintSpooler.java:352)
12-03 17:51:50.777 E/RemotePrintSpooler( 1595): 	at com.android.server.print.RemotePrintSpooler.removeObsoletePrintJobs(RemotePrintSpooler.java:287)
12-03 17:51:50.777 E/RemotePrintSpooler( 1595): 	at com.android.server.print.UserState.removeObsoletePrintJobs(UserState.java:163)
12-03 17:51:50.777 E/RemotePrintSpooler( 1595): 	at com.android.server.print.PrintManagerService$1.run(PrintManagerService.java:94)
12-03 17:51:50.777 E/RemotePrintSpooler( 1595): 	at android.os.Handler.handleCallback(Handler.java:733)
12-03 17:51:50.777 E/RemotePrintSpooler( 1595): 	at android.os.Handler.dispatchMessage(Handler.java:95)
12-03 17:51:50.777 E/RemotePrintSpooler( 1595): 	at android.os.Looper.loop(Looper.java:136)
12-03 17:51:50.777 E/RemotePrintSpooler( 1595): 	at android.os.HandlerThread.run(HandlerThread.java:61)
12-03 17:51:50.973 E/ActivityThread( 1595): Failed to find provider info for telephony
12-03 17:51:51.253 I/ActivityManager( 1595): Waited long enough for: ServiceRecord{425fcae8 u0 com.coship.vod/.service.AuthenticationService}
12-03 17:51:51.257 I/ActivityManager( 1595): Waited long enough for: ServiceRecord{425fbd38 u0 com.coship.vod/.service.IdfService}
12-03 17:51:51.281 W/ContextImpl( 2359): Calling a method in the system process without a qualified user: android.app.ContextImpl.startService:1487 android.content.ContextWrapper.startService:494 android.content.ContextWrapper.startService:494 com.ccdt.itvision.appstore.receiver.StartBroadcastReceiver.onReceive:22 android.app.ActivityThread.handleReceiver:2407 
12-03 17:51:51.305 W/ContextImpl( 2359): Calling a method in the system process without a qualified user: android.app.ContextImpl.startService:1487 android.content.ContextWrapper.startService:494 android.content.ContextWrapper.startService:494 com.ccdt.itvision.appstore.service.ServiceStartManager.startService:34 com.ccdt.itvision.appstore.service.ServiceStartManager.startService:25 
12-03 17:51:51.329 I/ActivityManager( 1595): Start proc com.hooray.hoohome.hljyx for service com.hooray.hoohome.hljyx/com.hooray.hoohome.service.HooMessageService: pid=2377 uid=10040 gids={50040, 1028, 1015, 3003}
12-03 17:51:51.485 W/ContextImpl( 2359): Calling a method in the system process without a qualified user: android.app.ContextImpl.bindService:1551 android.content.ContextWrapper.bindService:517 com.ccdt.itvision.appstore.util.GetTokenServiceHelper.bind:189 com.ccdt.itvision.appstore.util.GetTokenServiceHelper.getAreaCode:71 com.ccdt.itvision.appstore.data.config.WSConfig.doCheckID:223 
12-03 17:51:51.513 W/ContextImpl( 2359): Calling a method in the system process without a qualified user: android.app.ContextImpl.bindService:1551 android.content.ContextWrapper.bindService:517 com.ccdt.itvision.appstore.util.GetTokenServiceHelper.bind:189 com.ccdt.itvision.appstore.util.GetTokenServiceHelper.getCaCardSn:38 com.ccdt.itvision.appstore.data.config.WSConfig.doCheckID:224 
12-03 17:51:51.673 I/ActivityManager( 1595): Start proc com.aidufei.stbtest for broadcast com.aidufei.stbtest/com.aidufei.otoService.BootReceiver: pid=2392 uid=10015 gids={50015, 3003, 1028, 1015}
12-03 17:51:52.113 D/ActivityThread( 2115): Loading provider android.ccdt.dvb.provider.ProgramProvider: android.ccdt.dvb.provider.ProgramProvider
12-03 17:51:53.485 I/ActivityManager( 1595): Waited long enough for: ServiceRecord{425fb4c0 u0 com.ccdt.itvision.appstore/.service.SystemAppDownloadService}
12-03 17:51:54.169 W/ContextImpl( 1841): Calling a method in the system process without a qualified user: android.app.ContextImpl.sendBroadcast:1131 android.content.ContextWrapper.sendBroadcast:365 com.voole.epg.vurcserver.upgrade.VersionUpgradeService.sendUpdateAfterBroadcast:707 com.voole.epg.vurcserver.upgrade.VersionUpgradeService$2.handleMessage:566 android.os.Handler.dispatchMessage:102 
12-03 17:51:54.333 I/ActivityManager( 1595): Waited long enough for: ServiceRecord{425d6ca0 u0 com.hooray.hoohome.hljyx/com.hooray.hoohome.service.HooMessageService}
12-03 17:51:55.849 I/ActivityManager( 1595): Waited long enough for: ServiceRecord{425be4b0 u0 com.aidufei.stbtest/com.aidufei.otoService.OtOService}
12-03 17:52:01.553 W/ContextImpl( 2359): Calling a method in the system process without a qualified user: android.app.ContextImpl.startService:1487 android.content.ContextWrapper.startService:494 com.foxykeep.datadroid.requestmanager.RequestManager.execute:247 com.ccdt.itvision.appstore.service.SystemAppDownloadService.sendGetWhiteListUrl:446 com.ccdt.itvision.appstore.service.SystemAppDownloadService.access$400:41 
12-03 17:52:01.617 W/ActivityThread( 2359): ClassLoader.loadClass: The class loader returned by Thread.getContextClassLoader() may fail for processes that host multiple applications. You should explicitly specify a context class loader. For example: Thread.setContextClassLoader(getClass().getClassLoader());
12-03 17:52:04.561 I/ActivityManager( 1595): Waited long enough for: ServiceRecord{425dd020 u0 com.ccdt.itvision.appstore/.service.ITvRequestService}
12-03 17:52:09.013 I/ActivityManager( 1595): START u0 {act=android.intent.action.VIEW flg=0x14000000 pkg=com.ccdt.itvision.appstore cmp=com.ccdt.itvision.appstore/.ui.home.StoreHomeActivityEx} from pid 1854
12-03 17:52:09.149 I/UsageStats( 1595): No package stats for pkg:com.ccdt.app.tv.launcher
12-03 17:52:09.173 I/WUGUAN  ( 1595): pkg = cn.ccdt.ims
12-03 17:52:09.173 I/WUGUAN  ( 1595): axr.toString() = TaskRecord{42616270 #2 A=com.ccdt.itvision.appstore U=0 sz=1}
12-03 17:52:09.173 I/WUGUAN  ( 1595): pkg = com.pingshow.airecenter
12-03 17:52:09.173 I/WUGUAN  ( 1595): axr.toString() = TaskRecord{42616270 #2 A=com.ccdt.itvision.appstore U=0 sz=1}
12-03 17:52:09.173 I/WUGUAN  ( 1595): pkg = zime.ui
12-03 17:52:09.173 I/WUGUAN  ( 1595): axr.toString() = TaskRecord{42616270 #2 A=com.ccdt.itvision.appstore U=0 sz=1}
12-03 17:52:09.173 I/WUGUAN  ( 1595): pkg = com.huawei.iptv.stb.videotalk.activity
12-03 17:52:09.173 I/WUGUAN  ( 1595): axr.toString() = TaskRecord{42616270 #2 A=com.ccdt.itvision.appstore U=0 sz=1}
12-03 17:52:09.173 I/WUGUAN  ( 1595): pkg = hw.media.singletest
12-03 17:52:09.173 I/WUGUAN  ( 1595): axr.toString() = TaskRecord{42616270 #2 A=com.ccdt.itvision.appstore U=0 sz=1}
12-03 17:52:09.173 I/WUGUAN  ( 1595): pkg = com.huawei.videoengineapp
12-03 17:52:09.173 I/WUGUAN  ( 1595): axr.toString() = TaskRecord{42616270 #2 A=com.ccdt.itvision.appstore U=0 sz=1}
12-03 17:52:09.173 I/ActivityManager( 1595): TR1) TaskRecord{42616270 #2 A=com.ccdt.itvision.appstore U=0 sz=1}
12-03 17:52:09.173 I/ActivityManager( 1595): TR0) TaskRecord{4258a140 #1 A=com.ccdt.app.tv.launcher U=0 sz=1}
12-03 17:52:09.265 I/ActivityManager( 1595): TR1) TaskRecord{42616270 #2 A=com.ccdt.itvision.appstore U=0 sz=1}
12-03 17:52:09.265 I/ActivityManager( 1595): TR0) TaskRecord{4258a140 #1 A=com.ccdt.app.tv.launcher U=0 sz=1}
12-03 17:52:09.265 V/ActivityManager( 1595): add to pkglist=com.antutu.ABenchMark
12-03 17:52:09.265 V/ActivityManager( 1595): add to pkglist=com.android.browser
12-03 17:52:09.269 V/ActivityManager( 1595): unmatched pkg name=com.ccdt.itvision.appstore
12-03 17:52:10.105 W/ContextImpl( 2359): Calling a method in the system process without a qualified user: android.app.ContextImpl.startService:1487 android.content.ContextWrapper.startService:494 com.foxykeep.datadroid.requestmanager.RequestManager.execute:247 com.ccdt.itvision.appstore.ui.home.StoreHomeActivityEx.sendChannelRequest:201 com.ccdt.itvision.appstore.ui.home.StoreHomeActivityEx.access$200:50 
12-03 17:52:10.357 W/ContextImpl( 2359): Calling a method in the system process without a qualified user: android.app.ContextImpl.startService:1487 android.content.ContextWrapper.startService:494 com.foxykeep.datadroid.requestmanager.RequestManager.execute:247 com.ccdt.itvision.appstore.ui.home.StoreHomeActivityEx.doChannels:366 com.ccdt.itvision.appstore.ui.home.StoreHomeActivityEx.onLoadingFinish:217 
12-03 17:52:10.365 W/ContextImpl( 2359): Calling a method in the system process without a qualified user: android.app.ContextImpl.startService:1487 android.content.ContextWrapper.startService:494 com.foxykeep.datadroid.requestmanager.RequestManager.execute:247 com.ccdt.itvision.appstore.ui.home.StoreHomeActivityEx.doChannels:366 com.ccdt.itvision.appstore.ui.home.StoreHomeActivityEx.onLoadingFinish:217 
12-03 17:52:10.369 W/ContextImpl( 2359): Calling a method in the system process without a qualified user: android.app.ContextImpl.startService:1487 android.content.ContextWrapper.startService:494 com.foxykeep.datadroid.requestmanager.RequestManager.execute:247 com.ccdt.itvision.appstore.ui.home.StoreHomeActivityEx.doChannels:366 com.ccdt.itvision.appstore.ui.home.StoreHomeActivityEx.onLoadingFinish:217 
12-03 17:52:10.381 W/ContextImpl( 2359): Calling a method in the system process without a qualified user: android.app.ContextImpl.startService:1487 android.content.ContextWrapper.startService:494 com.foxykeep.datadroid.requestmanager.RequestManager.execute:247 com.ccdt.itvision.appstore.ui.home.StoreHomeActivityEx.doChannels:366 com.ccdt.itvision.appstore.ui.home.StoreHomeActivityEx.onLoadingFinish:217 
12-03 17:52:11.409 I/ActivityManager( 1595): START u0 {cmp=com.ccdt.itvision.appstore/.ui.home.AppGridActivity} from pid 2359
12-03 17:52:11.425 I/ActivityManager( 1595): TR1) TaskRecord{42616270 #2 A=com.ccdt.itvision.appstore U=0 sz=2}
12-03 17:52:11.425 I/ActivityManager( 1595): TR0) TaskRecord{4258a140 #1 A=com.ccdt.app.tv.launcher U=0 sz=1}
12-03 17:52:11.425 V/ActivityManager( 1595): unmatched pkg name=com.ccdt.itvision.appstore
12-03 17:52:11.905 W/ContextImpl( 2359): Calling a method in the system process without a qualified user: android.app.ContextImpl.startService:1487 android.content.ContextWrapper.startService:494 com.foxykeep.datadroid.requestmanager.RequestManager.execute:247 com.ccdt.itvision.appstore.service.SystemAppDownloadService.sendGetWhiteListUrl:446 com.ccdt.itvision.appstore.service.SystemAppDownloadService.access$400:41 
12-03 17:52:15.993 I/ActivityManager( 1595): START u0 {cmp=com.ipanel.android_webview.shell/com.ipanel.webapp.BrowserActivity} from pid 2359
12-03 17:52:16.201 I/ActivityManager( 1595): Start proc com.ipanel.android_webview.shell for activity com.ipanel.android_webview.shell/com.ipanel.webapp.BrowserActivity: pid=2458 uid=10047 gids={50047, 1028, 1015, 3003}
12-03 17:52:16.237 I/WUGUAN  ( 1595): pkg = cn.ccdt.ims
12-03 17:52:16.237 I/WUGUAN  ( 1595): axr.toString() = TaskRecord{425ca4a8 #3 A=com.ipanel.android_webview.shell U=0 sz=1}
12-03 17:52:16.237 I/WUGUAN  ( 1595): pkg = com.pingshow.airecenter
12-03 17:52:16.237 I/WUGUAN  ( 1595): axr.toString() = TaskRecord{425ca4a8 #3 A=com.ipanel.android_webview.shell U=0 sz=1}
12-03 17:52:16.237 I/WUGUAN  ( 1595): pkg = zime.ui
12-03 17:52:16.237 I/WUGUAN  ( 1595): axr.toString() = TaskRecord{425ca4a8 #3 A=com.ipanel.android_webview.shell U=0 sz=1}
12-03 17:52:16.237 I/WUGUAN  ( 1595): pkg = com.huawei.iptv.stb.videotalk.activity
12-03 17:52:16.237 I/WUGUAN  ( 1595): axr.toString() = TaskRecord{425ca4a8 #3 A=com.ipanel.android_webview.shell U=0 sz=1}
12-03 17:52:16.237 I/WUGUAN  ( 1595): pkg = hw.media.singletest
12-03 17:52:16.237 I/WUGUAN  ( 1595): axr.toString() = TaskRecord{425ca4a8 #3 A=com.ipanel.android_webview.shell U=0 sz=1}
12-03 17:52:16.237 I/WUGUAN  ( 1595): pkg = com.huawei.videoengineapp
12-03 17:52:16.237 I/WUGUAN  ( 1595): axr.toString() = TaskRecord{425ca4a8 #3 A=com.ipanel.android_webview.shell U=0 sz=1}
12-03 17:52:16.237 I/ActivityManager( 1595): TR2) TaskRecord{425ca4a8 #3 A=com.ipanel.android_webview.shell U=0 sz=1}
12-03 17:52:16.237 I/ActivityManager( 1595): TR1) TaskRecord{42616270 #2 A=com.ccdt.itvision.appstore U=0 sz=2}
12-03 17:52:16.325 I/ActivityManager( 1595): TR2) TaskRecord{425ca4a8 #3 A=com.ipanel.android_webview.shell U=0 sz=1}
12-03 17:52:16.325 I/ActivityManager( 1595): TR1) TaskRecord{42616270 #2 A=com.ccdt.itvision.appstore U=0 sz=2}
12-03 17:52:21.985 W/ContextImpl( 2359): Calling a method in the system process without a qualified user: android.app.ContextImpl.startService:1487 android.content.ContextWrapper.startService:494 com.foxykeep.datadroid.requestmanager.RequestManager.execute:247 com.ccdt.itvision.appstore.service.SystemAppDownloadService.sendGetWhiteListUrl:446 com.ccdt.itvision.appstore.service.SystemAppDownloadService.access$400:41 
12-03 17:52:30.285 I/ActivityManager( 1595): START u0 {act=android.intent.action.MAIN flg=0x10000000 cmp=com.ccdt.app.tv.launcher/.view.activity.MainActivity} from pid 2458
12-03 17:52:30.381 I/WUGUAN  ( 1595): pkg = cn.ccdt.ims
12-03 17:52:30.381 I/WUGUAN  ( 1595): axr.toString() = TaskRecord{4258a140 #1 A=com.ccdt.app.tv.launcher U=0 sz=2}
12-03 17:52:30.381 I/WUGUAN  ( 1595): pkg = com.pingshow.airecenter
12-03 17:52:30.381 I/WUGUAN  ( 1595): axr.toString() = TaskRecord{4258a140 #1 A=com.ccdt.app.tv.launcher U=0 sz=2}
12-03 17:52:30.381 I/WUGUAN  ( 1595): pkg = zime.ui
12-03 17:52:30.381 I/WUGUAN  ( 1595): axr.toString() = TaskRecord{4258a140 #1 A=com.ccdt.app.tv.launcher U=0 sz=2}
12-03 17:52:30.381 I/WUGUAN  ( 1595): pkg = com.huawei.iptv.stb.videotalk.activity
12-03 17:52:30.381 I/WUGUAN  ( 1595): axr.toString() = TaskRecord{4258a140 #1 A=com.ccdt.app.tv.launcher U=0 sz=2}
12-03 17:52:30.381 I/WUGUAN  ( 1595): pkg = hw.media.singletest
12-03 17:52:30.381 I/WUGUAN  ( 1595): axr.toString() = TaskRecord{4258a140 #1 A=com.ccdt.app.tv.launcher U=0 sz=2}
12-03 17:52:30.381 I/WUGUAN  ( 1595): pkg = com.huawei.videoengineapp
12-03 17:52:30.381 I/WUGUAN  ( 1595): axr.toString() = TaskRecord{4258a140 #1 A=com.ccdt.app.tv.launcher U=0 sz=2}
12-03 17:52:30.381 I/ActivityManager( 1595): TR2) TaskRecord{4258a140 #1 A=com.ccdt.app.tv.launcher U=0 sz=2}
12-03 17:52:30.381 I/ActivityManager( 1595): TR1) TaskRecord{425ca4a8 #3 A=com.ipanel.android_webview.shell U=0 sz=1}
12-03 17:52:30.453 I/ActivityManager( 1595): TR2) TaskRecord{4258a140 #1 A=com.ccdt.app.tv.launcher U=0 sz=2}
12-03 17:52:30.453 I/ActivityManager( 1595): TR1) TaskRecord{425ca4a8 #3 A=com.ipanel.android_webview.shell U=0 sz=1}
12-03 17:52:30.453 V/ActivityManager( 1595): unmatched pkg name=com.ccdt.app.tv.launcher
12-03 17:52:32.025 W/ContextImpl( 2359): Calling a method in the system process without a qualified user: android.app.ContextImpl.startService:1487 android.content.ContextWrapper.startService:494 com.foxykeep.datadroid.requestmanager.RequestManager.execute:247 com.ccdt.itvision.appstore.service.SystemAppDownloadService.sendGetWhiteListUrl:446 com.ccdt.itvision.appstore.service.SystemAppDownloadService.access$400:41 
12-03 17:52:39.001 D/ConnectivityService( 1595): Sampling interval elapsed, updating statistics ..
12-03 17:52:39.013 D/ConnectivityService( 1595): Done.
12-03 17:52:39.013 D/ConnectivityService( 1595): Setting timer for 720seconds
12-03 17:52:40.141 I/ActivityManager( 1595): START u0 {act=android.intent.action.MAIN cat=[android.intent.category.HOME] flg=0x10200000 cmp=com.ccdt.app.tv.launcher/.view.activity.MainActivity} from pid 1595
12-03 17:52:41.565 I/ActivityManager( 1595): START u0 {act=android.intent.action.MAIN cat=[android.intent.category.HOME] flg=0x10200000 cmp=com.ccdt.app.tv.launcher/.view.activity.MainActivity} from pid 1595
12-03 17:52:42.193 I/ActivityManager( 1595): START u0 {act=android.intent.action.MAIN cat=[android.intent.category.HOME] flg=0x10200000 cmp=com.ccdt.app.tv.launcher/.view.activity.MainActivity} from pid 1595
12-03 17:52:47.425 I/ActivityManager( 1595): START u0 {act=android.intent.action.VIEW flg=0x14000000 pkg=com.ccdt.itvision.appstore cmp=com.ccdt.itvision.appstore/.ui.home.StoreHomeActivityEx} from pid 1854
12-03 17:52:47.533 I/WUGUAN  ( 1595): pkg = cn.ccdt.ims
12-03 17:52:47.533 I/WUGUAN  ( 1595): axr.toString() = TaskRecord{42616270 #2 A=com.ccdt.itvision.appstore U=0 sz=2}
12-03 17:52:47.533 I/WUGUAN  ( 1595): pkg = com.pingshow.airecenter
12-03 17:52:47.533 I/WUGUAN  ( 1595): axr.toString() = TaskRecord{42616270 #2 A=com.ccdt.itvision.appstore U=0 sz=2}
12-03 17:52:47.533 I/WUGUAN  ( 1595): pkg = zime.ui
12-03 17:52:47.533 I/WUGUAN  ( 1595): axr.toString() = TaskRecord{42616270 #2 A=com.ccdt.itvision.appstore U=0 sz=2}
12-03 17:52:47.533 I/WUGUAN  ( 1595): pkg = com.huawei.iptv.stb.videotalk.activity
12-03 17:52:47.533 I/WUGUAN  ( 1595): axr.toString() = TaskRecord{42616270 #2 A=com.ccdt.itvision.appstore U=0 sz=2}
12-03 17:52:47.533 I/WUGUAN  ( 1595): pkg = hw.media.singletest
12-03 17:52:47.533 I/WUGUAN  ( 1595): axr.toString() = TaskRecord{42616270 #2 A=com.ccdt.itvision.appstore U=0 sz=2}
12-03 17:52:47.533 I/WUGUAN  ( 1595): pkg = com.huawei.videoengineapp
12-03 17:52:47.533 I/WUGUAN  ( 1595): axr.toString() = TaskRecord{42616270 #2 A=com.ccdt.itvision.appstore U=0 sz=2}
12-03 17:52:47.533 I/ActivityManager( 1595): TR2) TaskRecord{42616270 #2 A=com.ccdt.itvision.appstore U=0 sz=2}
12-03 17:52:47.533 I/ActivityManager( 1595): TR1) TaskRecord{4258a140 #1 A=com.ccdt.app.tv.launcher U=0 sz=2}
12-03 17:52:47.601 I/ActivityManager( 1595): TR2) TaskRecord{42616270 #2 A=com.ccdt.itvision.appstore U=0 sz=2}
12-03 17:52:47.601 I/ActivityManager( 1595): TR1) TaskRecord{4258a140 #1 A=com.ccdt.app.tv.launcher U=0 sz=2}
12-03 17:52:47.777 W/ContextImpl( 2359): Calling a method in the system process without a qualified user: android.app.ContextImpl.startService:1487 android.content.ContextWrapper.startService:494 com.foxykeep.datadroid.requestmanager.RequestManager.execute:247 com.ccdt.itvision.appstore.ui.home.StoreHomeActivityEx.sendChannelRequest:201 com.ccdt.itvision.appstore.ui.home.StoreHomeActivityEx.access$200:50 
12-03 17:52:47.793 W/InputMethodManagerService( 1595): Starting input on non-focused client com.android.internal.view.IInputMethodClient$Stub$Proxy@425d4200 (uid=10017 pid=1854)
12-03 17:52:47.937 W/ContextImpl( 2359): Calling a method in the system process without a qualified user: android.app.ContextImpl.startService:1487 android.content.ContextWrapper.startService:494 com.foxykeep.datadroid.requestmanager.RequestManager.execute:247 com.ccdt.itvision.appstore.ui.home.StoreHomeActivityEx.doChannels:366 com.ccdt.itvision.appstore.ui.home.StoreHomeActivityEx.onLoadingFinish:217 
12-03 17:52:47.945 W/ContextImpl( 2359): Calling a method in the system process without a qualified user: android.app.ContextImpl.startService:1487 android.content.ContextWrapper.startService:494 com.foxykeep.datadroid.requestmanager.RequestManager.execute:247 com.ccdt.itvision.appstore.ui.home.StoreHomeActivityEx.doChannels:366 com.ccdt.itvision.appstore.ui.home.StoreHomeActivityEx.onLoadingFinish:217 
12-03 17:52:47.949 W/ContextImpl( 2359): Calling a method in the system process without a qualified user: android.app.ContextImpl.startService:1487 android.content.ContextWrapper.startService:494 com.foxykeep.datadroid.requestmanager.RequestManager.execute:247 com.ccdt.itvision.appstore.ui.home.StoreHomeActivityEx.doChannels:366 com.ccdt.itvision.appstore.ui.home.StoreHomeActivityEx.onLoadingFinish:217 
12-03 17:52:47.953 W/ContextImpl( 2359): Calling a method in the system process without a qualified user: android.app.ContextImpl.startService:1487 android.content.ContextWrapper.startService:494 com.foxykeep.datadroid.requestmanager.RequestManager.execute:247 com.ccdt.itvision.appstore.ui.home.StoreHomeActivityEx.doChannels:366 com.ccdt.itvision.appstore.ui.home.StoreHomeActivityEx.onLoadingFinish:217 
12-03 17:52:48.713 I/ActivityManager( 1595): START u0 {cmp=com.ccdt.itvision.appstore/.ui.home.AppGridActivity} from pid 2359
12-03 17:52:48.725 I/ActivityManager( 1595): TR2) TaskRecord{42616270 #2 A=com.ccdt.itvision.appstore U=0 sz=2}
12-03 17:52:48.725 I/ActivityManager( 1595): TR1) TaskRecord{4258a140 #1 A=com.ccdt.app.tv.launcher U=0 sz=2}
12-03 17:52:56.333 I/ActivityManager( 1595): START u0 {cmp=com.ipanel.android_webview.shell/com.ipanel.webapp.BrowserActivity} from pid 2359
12-03 17:52:56.405 I/WUGUAN  ( 1595): pkg = cn.ccdt.ims
12-03 17:52:56.405 I/WUGUAN  ( 1595): axr.toString() = TaskRecord{425ca4a8 #3 A=com.ipanel.android_webview.shell U=0 sz=1}
12-03 17:52:56.405 I/WUGUAN  ( 1595): pkg = com.pingshow.airecenter
12-03 17:52:56.405 I/WUGUAN  ( 1595): axr.toString() = TaskRecord{425ca4a8 #3 A=com.ipanel.android_webview.shell U=0 sz=1}
12-03 17:52:56.405 I/WUGUAN  ( 1595): pkg = zime.ui
12-03 17:52:56.405 I/WUGUAN  ( 1595): axr.toString() = TaskRecord{425ca4a8 #3 A=com.ipanel.android_webview.shell U=0 sz=1}
12-03 17:52:56.405 I/WUGUAN  ( 1595): pkg = com.huawei.iptv.stb.videotalk.activity
12-03 17:52:56.405 I/WUGUAN  ( 1595): axr.toString() = TaskRecord{425ca4a8 #3 A=com.ipanel.android_webview.shell U=0 sz=1}
12-03 17:52:56.405 I/WUGUAN  ( 1595): pkg = hw.media.singletest
12-03 17:52:56.405 I/WUGUAN  ( 1595): axr.toString() = TaskRecord{425ca4a8 #3 A=com.ipanel.android_webview.shell U=0 sz=1}
12-03 17:52:56.405 I/WUGUAN  ( 1595): pkg = com.huawei.videoengineapp
12-03 17:52:56.405 I/WUGUAN  ( 1595): axr.toString() = TaskRecord{425ca4a8 #3 A=com.ipanel.android_webview.shell U=0 sz=1}
12-03 17:52:56.405 I/ActivityManager( 1595): TR2) TaskRecord{425ca4a8 #3 A=com.ipanel.android_webview.shell U=0 sz=1}
12-03 17:52:56.405 I/ActivityManager( 1595): TR1) TaskRecord{42616270 #2 A=com.ccdt.itvision.appstore U=0 sz=2}
12-03 17:52:56.477 I/ActivityManager( 1595): TR2) TaskRecord{425ca4a8 #3 A=com.ipanel.android_webview.shell U=0 sz=1}
12-03 17:52:56.477 I/ActivityManager( 1595): TR1) TaskRecord{42616270 #2 A=com.ccdt.itvision.appstore U=0 sz=2}
12-03 17:56:04.097 W/UsbSettingsManager( 1595): no meta-data for ResolveInfo{427882d8 com.yunos.localzone/com.yunos.activity.DeviceListActivity m=0x108000}
12-03 17:56:04.105 W/ContextImpl( 1595): Calling a method in the system process without a qualified user: android.app.ContextImpl.sendBroadcast:1131 com.android.server.usb.UsbSettingsManager.deviceAttached:621 com.android.server.usb.UsbHostManager.usbDeviceAdded:171 com.android.server.usb.UsbHostManager.monitorUsbHostBus:-2 com.android.server.usb.UsbHostManager.access$000:46 
12-03 17:56:04.193 D/Vold    ( 1098): @@@isSDCard 0 isExternalSDcard:0
12-03 17:56:04.193 D/Vold    ( 1098): @@@isSDCard 0 isExternalSDcard:0
12-03 17:56:04.209 D/Vold    ( 1098): get the uuid 586B-884D of /dev/block/vold/8:1 when device add
12-03 17:56:04.209 W/Vold    ( 1098): No volumes handled block event for '/devices/platform/Mstar-ehci-2.1/usb1/1-1/1-1:1.0/host0/target0:0:0/0:0:0:0/block/sda/sda1'
12-03 17:56:04.209 D/Vold    ( 1098): Allocate mount point '/mnt/usb/sda1' for '/dev/block/vold/8:1'
12-03 17:56:04.209 D/Vold    ( 1098): Volume 586B-884D state changing -1 (Initializing) -> 0 (No-Media)
12-03 17:56:04.209 D/Vold    ( 1098): Volume 586B-884D state changing 0 (No-Media) -> 1 (Idle-Unmounted)
12-03 17:56:04.221 I/MountService( 1595): onEvent:: raw= 605 Volume 586B-884D /mnt/usb/sda1 state changed from -1 (Initializing) to 0 (No-Media) cooked =  605 Volume 586B-884D /mnt/usb/sda1 state changed from -1 (Initializing) to 0 (No-Media)
12-03 17:56:04.221 W/MountService( 1595): getVolumeState(/mnt/usb/sda1): Unknown volume
12-03 17:56:04.221 I/MountService( 1595): notifyVolumeStateChange::removed
12-03 17:56:04.225 I/MountService( 1595): onEvent:: raw= 605 Volume 586B-884D /mnt/usb/sda1 state changed from 0 (No-Media) to 1 (Idle-Unmounted) cooked =  605 Volume 586B-884D /mnt/usb/sda1 state changed from 0 (No-Media) to 1 (Idle-Unmounted)
12-03 17:56:04.225 W/MountService( 1595): getVolumeState(/mnt/usb/sda1): Unknown volume
12-03 17:56:04.225 I/MountService( 1595): notifyVolumeStateChange::removed
12-03 17:56:04.225 I/MountService( 1595): updating volume state for media bad removal nofs and unmountable
12-03 17:56:04.225 D/MountService( 1595): addVolumeLocked() StorageVolume:
12-03 17:56:04.225 D/MountService( 1595):     mStorageId=0 mPath=/mnt/usb/sda1 mDescriptionId=17040667 mPrimary=false 
12-03 17:56:04.225 D/MountService( 1595):     mRemovable=true mEmulated=false mMtpReserveSpace=0 mAllowMassStorage=false 
12-03 17:56:04.225 D/MountService( 1595):     mMaxFileSize=0 mOwner=null mUuid=null mUserLabel=null mState=null 
12-03 17:56:04.225 D/MountService( 1595): volume state changed for /mnt/usb/sda1 (removed -> unmounted)
12-03 17:56:04.229 D/MountService( 1595): sendStorageIntent Intent { act=android.intent.action.MEDIA_UNMOUNTED dat=file:///mnt/usb/sda1 (has extras) } to UserHandle{-1}
12-03 17:56:04.233 I/MountService( 1595): onEvent:: raw= 630 Volume 586B-884D /mnt/usb/sda1 Partition Added (8:1) cooked =  630 Volume 586B-884D /mnt/usb/sda1 Partition Added (8:1)
12-03 17:56:04.237 I/MountService( 1595): doMountVolume: Mouting /mnt/usb/sda1
12-03 17:56:04.245 D/VoldCmdListener( 1098): volume mount /mnt/usb/sda1
12-03 17:56:04.245 I/Vold    ( 1098): /dev/block/vold/8:1 being considered for volume 586B-884D
12-03 17:56:04.245 D/Vold    ( 1098): Volume 586B-884D state changing 1 (Idle-Unmounted) -> 3 (Checking)
12-03 17:56:04.245 E/Vold    ( 1098): /dev/block/vold/8:1 appears to be a read only filesystem - retrying mount RO
12-03 17:56:04.249 I/ActivityManager( 1595): Start proc com.android.externalstorage for broadcast com.android.externalstorage/.MountReceiver: pid=2618 uid=10003 gids={50003, 1028, 1015, 1023}
12-03 17:56:04.261 I/MountService( 1595): onEvent:: raw= 605 Volume 586B-884D /mnt/usb/sda1 state changed from 1 (Idle-Unmounted) to 3 (Checking) cooked =  605 Volume 586B-884D /mnt/usb/sda1 state changed from 1 (Idle-Unmounted) to 3 (Checking)
12-03 17:56:04.261 I/MountService( 1595): notifyVolumeStateChange::unmounted
12-03 17:56:04.261 I/MountService( 1595): updating volume state checking
12-03 17:56:04.261 D/MountService( 1595): volume state changed for /mnt/usb/sda1 (unmounted -> checking)
12-03 17:56:04.261 D/MountService( 1595): sendStorageIntent Intent { act=android.intent.action.MEDIA_CHECKING dat=file:///mnt/usb/sda1 (has extras) } to UserHandle{-1}
12-03 17:56:04.289 E/Vold    ( 1098): /dev/block/vold/8:1 failed to mount via NTFS (Invalid argument)
12-03 17:56:04.341 D/Vold    ( 1098): Volume 586B-884D state changing 3 (Checking) -> 4 (Mounted)
12-03 17:56:04.341 D/VoldCmdListener( 1098): volume shared /sdcard ums
12-03 17:56:04.349 I/MountService( 1595): onEvent:: raw= 613 586B-884D /mnt/usb/sda1 "586B-884D" cooked =  613 586B-884D /mnt/usb/sda1 586B-884D
12-03 17:56:04.357 I/MountService( 1595): onEvent:: raw= 614 586B-884D /mnt/usb/sda1 "M-hM-!" cooked =  614 586B-884D /mnt/usb/sda1 M-hM-!
12-03 17:56:04.365 I/MountService( 1595): onEvent:: raw= 605 Volume 586B-884D /mnt/usb/sda1 state changed from 3 (Checking) to 4 (Mounted) cooked =  605 Volume 586B-884D /mnt/usb/sda1 state changed from 3 (Checking) to 4 (Mounted)
12-03 17:56:04.365 I/MountService( 1595): notifyVolumeStateChange::checking
12-03 17:56:04.365 I/MountService( 1595): updating volume state mounted
12-03 17:56:04.365 D/MountService( 1595): volume state changed for /mnt/usb/sda1 (checking -> mounted)
12-03 17:56:04.365 D/MountService( 1595): sendStorageIntent Intent { act=android.intent.action.MEDIA_MOUNTED dat=file:///mnt/usb/sda1 (has extras) } to UserHandle{-1}
12-03 17:56:04.369 D/StatusBar.MstarDiskController( 1660): action on onReceive is : android.intent.action.MEDIA_MOUNTED
12-03 17:56:04.369 D/StatusBar.MstarDiskController( 1660): action : android.intent.action.MEDIA_MOUNTED
12-03 17:56:04.373 D/StatusBar.MstarDiskController( 1660): refreshView , N : 1 mCount : 1
12-03 17:56:04.381 D/StatusBar.MstarDiskController( 1660): v : android.widget.ImageView{42376428 G.ED.... ......I. 0,0-0,0 #7f070073 app:id/disk_device}
12-03 17:56:04.393 E/MountService( 1595): Failed to read response to volume shared /sdcard ums
12-03 17:56:04.773 W/InputMethodManagerService( 1595): Starting input on non-focused client com.android.internal.view.IInputMethodClient$Stub$Proxy@425afee8 (uid=10047 pid=2458)
12-03 17:56:05.377 V/EthernetMonitor( 1595): dev: eth0 ev 17
12-03 17:56:05.377 I/EthernetStateTracker( 1595): report new state DISCONNECTED on dev eth0
12-03 17:56:05.377 I/EthernetStateTracker( 1595): received i/f disconnected, running true
12-03 17:56:05.381 I/EthernetStateTracker( 1595): stop eth i/f, suspend true
12-03 17:56:05.437 V/EthernetMonitor( 1595): dev: eth0 ev 21
12-03 17:56:05.437 V/EthernetStateTracker( 1595): report eth0 i/f addr removed
12-03 17:56:05.441 D/ConnectivityService( 1595): ConnectivityChange for ETHERNET: DISCONNECTED/DISCONNECTED
12-03 17:56:05.445 D/ConnectivityService( 1595): tryFailover: set mActiveDefaultNetwork=-1, prevNetType=9
12-03 17:56:05.445 D/ConnectivityService( 1595): Attempting to switch to wifi
12-03 17:56:05.445 D/ConnectivityService( 1595): Attempting to switch to PPPOE
12-03 17:56:05.449 W/ContextImpl( 1595): Calling a method in the system process without a qualified user: android.app.ContextImpl.sendStickyBroadcast:1289 com.mstar.android.ethernet.EthernetStateTracker.IntentBroadcast:343 com.mstar.android.ethernet.EthernetStateTracker.postNotification:351 com.mstar.android.ethernet.EthernetStateTracker.setState:364 com.mstar.android.ethernet.EthernetStateTracker.handleMessage:400 
12-03 17:56:05.449 I/EthernetStateTracker( 1595): IntentBroadcast, event 4
12-03 17:56:05.501 D/ConnectivityService( 1595): resetConnections(eth0, 3)
12-03 17:56:05.501 I/PppoeStateTracker( 1595): receive EthernetStateTracker.EVENT_HW_DISCONNECTED
12-03 17:56:05.501 I/EthernetStateTracker( 1595): received addr removed, running false
12-03 17:56:05.525 D/Nat464Xlat( 1595): requiresClat: netType=9, hasIPv4Address=false
12-03 17:56:06.381 V/EthernetMonitor( 1595): dev: eth0 ev 16
12-03 17:56:06.381 V/EthernetStateTracker( 1595): report eth0 i/f is up
12-03 17:56:06.381 I/EthernetStateTracker( 1595): received i/f up, running false
12-03 17:56:06.385 W/ContextImpl( 1595): Calling a method in the system process without a qualified user: android.app.ContextImpl.sendStickyBroadcast:1289 com.mstar.android.ethernet.EthernetStateTracker.IntentBroadcast:343 com.mstar.android.ethernet.EthernetStateTracker.handleMessage:407 android.os.Handler.dispatchMessage:102 android.os.Looper.loop:136 
12-03 17:56:06.385 I/EthernetStateTracker( 1595): IntentBroadcast, event 5
12-03 17:56:06.385 I/EthernetStateTracker( 1595): reconnect()
12-03 17:56:06.385 I/EthernetStateTracker( 1595): reset dev eth0
12-03 17:56:06.445 I/EthernetStateTracker( 1595): static ip config ipaddr 10.177.9.56 gateway 10.177.9.1 netmask 255.255.255.0 dns1 0.0.0.0 dns2 0.0.0.0 DHCP server 0.0.0.0 lease 0 seconds
12-03 17:56:06.445 V/EthernetMonitor( 1595): dev: eth0 ev 20
12-03 17:56:06.445 V/EthernetStateTracker( 1595): report eth0 i/f is up
12-03 17:56:06.453 V/EthernetStateTracker( 1595): static ip config succeeded
12-03 17:56:06.453 I/EthernetStateTracker( 1595): report new state CONNECTED on dev eth0
12-03 17:56:06.453 V/EthernetMonitor( 1595): dev: eth0 ev 21
12-03 17:56:06.453 V/EthernetStateTracker( 1595): report eth0 i/f addr removed
12-03 17:56:06.453 V/EthernetMonitor( 1595): dev: eth0 ev 20
12-03 17:56:06.453 V/EthernetStateTracker( 1595): report eth0 i/f is up
12-03 17:56:06.453 I/EthernetStateTracker( 1595): report new state CONNECTED on dev eth0
12-03 17:56:06.453 I/EthernetStateTracker( 1595): received config succeeded, running true
12-03 17:56:06.453 D/ConnectivityService( 1595): ConnectivityChange for ETHERNET: CONNECTED/CONNECTED
12-03 17:56:06.461 E/ConnectivityService( 1595): Unexpected mtu value: Handler (com.mstar.android.ethernet.EthernetStateTracker) {424d22a8}
12-03 17:56:06.465 W/ContextImpl( 1595): Calling a method in the system process without a qualified user: android.app.ContextImpl.sendStickyBroadcast:1289 com.mstar.android.ethernet.EthernetStateTracker.IntentBroadcast:343 com.mstar.android.ethernet.EthernetStateTracker.postNotification:351 com.mstar.android.ethernet.EthernetStateTracker.setState:364 com.mstar.android.ethernet.EthernetStateTracker.handleMessage:379 
12-03 17:56:06.465 I/EthernetStateTracker( 1595): IntentBroadcast, event 1
12-03 17:56:06.465 I/EthernetStateTracker( 1595): received i/f up, running true
12-03 17:56:06.465 W/ContextImpl( 1595): Calling a method in the system process without a qualified user: android.app.ContextImpl.sendStickyBroadcast:1289 com.mstar.android.ethernet.EthernetStateTracker.IntentBroadcast:343 com.mstar.android.ethernet.EthernetStateTracker.handleMessage:407 android.os.Handler.dispatchMessage:102 android.os.Looper.loop:136 
12-03 17:56:06.465 I/EthernetStateTracker( 1595): IntentBroadcast, event 5
12-03 17:56:06.465 I/EthernetStateTracker( 1595): reconnect()
12-03 17:56:06.465 I/EthernetStateTracker( 1595): reset dev eth0
12-03 17:56:06.481 E/ConnectivityService( 1595): exception setting default dns interface: java.lang.IllegalArgumentException: command '24 resolver setifdns eth0 ' failed with '500 24 Wrong number of arguments to resolver setifdns'
12-03 17:56:06.521 I/ConnectivityService( 1595): update resolv.conf successed
12-03 17:56:06.533 I/EthernetStateTracker( 1595): static ip config ipaddr 10.177.9.56 gateway 10.177.9.1 netmask 255.255.255.0 dns1 0.0.0.0 dns2 0.0.0.0 DHCP server 0.0.0.0 lease 0 seconds
12-03 17:56:06.533 V/EthernetStateTracker( 1595): static ip config succeeded
12-03 17:56:06.533 I/EthernetStateTracker( 1595): received i/f connected, running true
12-03 17:56:06.533 I/EthernetStateTracker( 1595): received addr removed, running true
12-03 17:56:06.533 I/EthernetStateTracker( 1595): received i/f up, running true
12-03 17:56:06.541 W/ContextImpl( 1595): Calling a method in the system process without a qualified user: android.app.ContextImpl.sendStickyBroadcast:1289 com.mstar.android.ethernet.EthernetStateTracker.IntentBroadcast:343 com.mstar.android.ethernet.EthernetStateTracker.handleMessage:407 android.os.Handler.dispatchMessage:102 android.os.Looper.loop:136 
12-03 17:56:06.541 I/EthernetStateTracker( 1595): IntentBroadcast, event 5
