12-03 17:56:27.313 D/ipsystemupdateserver( 2228): AAA ret area code >>> 0000
12-03 17:56:27.325 D/DvbNative( 1250): [1361]<[ISystemControl, _refreshTimeToFpLed(), 1277]> ### refresh time for led background action. time=095627, format=24
12-03 17:56:27.325 D/DD      ( 1250): [DDErrorCode DD_FP_Display(int, const DDFPLightValule_S*)][1168]Enter
12-03 17:56:27.325 D/DD      ( 1250): <1361>[dd_fpanel][FUNC:DDErrorCode DD_FP_Display(int, const DDFPLightValule_S*) LINE:1256]uTime:956
12-03 17:56:27.329 D/DD      ( 1250): [DDErrorCode DD_FP_Display(int, const DDFPLightValule_S*)][1297]Exit Success.
12-03 17:56:27.389 V/DownloadService( 2128): ______changeDuration() , duration = 6918s
12-03 17:56:27.397 E/DownloadService( 2128): __________________mThreadCount = 1
12-03 17:56:27.501 D/XmppServices( 1841): vurcserver log : XmppManager-->ConnectionListener-->reconnectingIn-->daidh
12-03 17:56:27.541 I/AdvancedPorting-PORT_MODULE_NET( 2458): network_task while... 
12-03 17:56:27.541 I/AdvancedPorting-PORT_MODULE_NET( 2458): 0 interface name: lo
12-03 17:56:27.541 I/AdvancedPorting-PORT_MODULE_NET( 2458): 1 interface name: eth0
12-03 17:56:27.541 I/AdvancedPorting-PORT_MODULE_NET( 2458): First interface name: lo
12-03 17:56:27.541 I/AdvancedPorting-PORT_MODULE_NET( 2458): network_task while...  net_i:1
12-03 17:56:27.541 I/AdvancedPorting-PORT_MODULE_NET( 2458): network_task while---name_interface[0]=lo
12-03 17:56:27.541 I/AdvancedPorting-PORT_MODULE_NET( 2458): network_task while---name_interface[1]=eth0
12-03 17:56:27.541 I/AdvancedPorting-PORT_MODULE_NET( 2458): network_task while---interface_name=eth0
12-03 17:56:27.541 I/AdvancedPorting-PORT_MODULE_NET( 2458): network_get_netlink_status(in)--if_name=eth0
12-03 17:56:27.541 I/AdvancedPorting-PORT_MODULE_NET( 2458): net.network.isconnected = no
12-03 17:56:27.541 I/AdvancedPorting-PORT_MODULE_NET( 2458): eth0 --network_get_netlink_status return retval=1
12-03 17:56:27.541 I/AdvancedPorting-PORT_MODULE_NET( 2458): stat = 1 last_status = 1
12-03 17:56:27.553 I/Advanced( 2458): [QUEUE] share_queue_sendEx size:1 4097 1244 0x6304fa80,postLoopId:0,dstid:1.
12-03 17:56:27.753 I/Advanced( 2458): [QUEUE] share_queue_sendEx size:1 4097 1245 0x6304fa80,postLoopId:0,dstid:1.
12-03 17:56:28.161 I/Advanced( 2458): [QUEUE] share_queue_sendEx size:1 4097 1247 0x6304fa80,postLoopId:0,dstid:1.
12-03 17:56:28.285 D/NetworkMonitor( 2271): getNetworkStatus:true
12-03 17:56:28.305 D/NETMANAGER( 1770): Start to accept.
12-03 17:56:28.393 V/DownloadService( 2128): ______changeDuration() , duration = 6917s
12-03 17:56:28.401 E/DownloadService( 2128): __________________mThreadCount = 1
12-03 17:56:28.501 D/XmppServices( 1841): vurcserver log : XmppManager-->ConnectionListener-->reconnectingIn-->daidh
12-03 17:56:28.541 I/AdvancedPorting-PORT_MODULE_NET( 2458): network_task while... 
12-03 17:56:28.541 I/AdvancedPorting-PORT_MODULE_NET( 2458): 0 interface name: lo
12-03 17:56:28.541 I/AdvancedPorting-PORT_MODULE_NET( 2458): 1 interface name: eth0
12-03 17:56:28.541 I/AdvancedPorting-PORT_MODULE_NET( 2458): First interface name: lo
12-03 17:56:28.541 I/AdvancedPorting-PORT_MODULE_NET( 2458): network_task while...  net_i:1
12-03 17:56:28.541 I/AdvancedPorting-PORT_MODULE_NET( 2458): network_task while---name_interface[0]=lo
12-03 17:56:28.541 I/AdvancedPorting-PORT_MODULE_NET( 2458): network_task while---name_interface[1]=eth0
12-03 17:56:28.541 I/AdvancedPorting-PORT_MODULE_NET( 2458): network_task while---interface_name=eth0
12-03 17:56:28.541 I/AdvancedPorting-PORT_MODULE_NET( 2458): network_get_netlink_status(in)--if_name=eth0
12-03 17:56:28.541 I/AdvancedPorting-PORT_MODULE_NET( 2458): net.network.isconnected = no
12-03 17:56:28.541 I/AdvancedPorting-PORT_MODULE_NET( 2458): eth0 --network_get_netlink_status return retval=1
12-03 17:56:28.541 I/AdvancedPorting-PORT_MODULE_NET( 2458): stat = 1 last_status = 1
12-03 17:56:28.757 W/System.err( 2392): java.net.SocketTimeoutException
12-03 17:56:28.757 W/System.err( 2392): 	at libcore.io.IoBridge.maybeThrowAfterRecvfrom(IoBridge.java:551)
12-03 17:56:28.761 W/System.err( 2392): 	at libcore.io.IoBridge.recvfrom(IoBridge.java:509)
12-03 17:56:28.761 W/System.err( 2392): 	at java.net.PlainDatagramSocketImpl.doRecv(PlainDatagramSocketImpl.java:161)
12-03 17:56:28.761 W/System.err( 2392): 	at java.net.PlainDatagramSocketImpl.receive(PlainDatagramSocketImpl.java:169)
12-03 17:56:28.761 W/System.err( 2392): 	at java.net.DatagramSocket.receive(DatagramSocket.java:250)
12-03 17:56:28.761 W/System.err( 2392): 	at com.coship.mes.stbsdk.apis.UDPClientManager.receiveData(UDPClientManager.java:146)
12-03 17:56:28.761 W/System.err( 2392): 	at com.coship.mes.stbsdk.apis.UDPClientReceiveService.run(UDPClientReceiveService.java:73)
12-03 17:56:28.761 W/System.err( 2392): 	at java.lang.Thread.run(Thread.java:841)
12-03 17:56:28.761 W/System.err( 2392): Caused by: libcore.io.ErrnoException: recvfrom failed: EAGAIN (Try again)
12-03 17:56:28.761 W/System.err( 2392): 	at libcore.io.Posix.recvfromBytes(Native Method)
12-03 17:56:28.761 W/System.err( 2392): 	at libcore.io.Posix.recvfrom(Posix.java:141)
12-03 17:56:28.765 W/System.err( 2392): 	at libcore.io.BlockGuardOs.recvfrom(BlockGuardOs.java:164)
12-03 17:56:28.765 W/System.err( 2392): 	at libcore.io.IoBridge.recvfrom(IoBridge.java:506)
12-03 17:56:28.765 W/System.err( 2392): 	... 6 more
12-03 17:56:28.769 W/System.err( 2392): java.net.SocketTimeoutException
12-03 17:56:28.769 W/System.err( 2392): 	at libcore.io.IoBridge.maybeThrowAfterRecvfrom(IoBridge.java:551)
12-03 17:56:28.769 W/System.err( 2392): 	at libcore.io.IoBridge.recvfrom(IoBridge.java:509)
12-03 17:56:28.769 W/System.err( 2392): 	at java.net.PlainDatagramSocketImpl.doRecv(PlainDatagramSocketImpl.java:161)
12-03 17:56:28.769 W/System.err( 2392): 	at java.net.PlainDatagramSocketImpl.receive(PlainDatagramSocketImpl.java:169)
12-03 17:56:28.769 W/System.err( 2392): 	at java.net.DatagramSocket.receive(DatagramSocket.java:250)
12-03 17:56:28.769 W/System.err( 2392): 	at com.coship.mes.stbsdk.apis.UDPClientManager.receiveData(UDPClientManager.java:146)
12-03 17:56:28.769 W/System.err( 2392): 	at com.coship.mes.stbsdk.apis.UDPClientReceiveService.run(UDPClientReceiveService.java:73)
12-03 17:56:28.769 W/System.err( 2392): 	at java.lang.Thread.run(Thread.java:841)
12-03 17:56:28.769 W/System.err( 2392): Caused by: libcore.io.ErrnoException: recvfrom failed: EAGAIN (Try again)
12-03 17:56:28.769 W/System.err( 2392): 	at libcore.io.Posix.recvfromBytes(Native Method)
12-03 17:56:28.769 W/System.err( 2392): 	at libcore.io.Posix.recvfrom(Posix.java:141)
12-03 17:56:28.769 W/System.err( 2392): 	at libcore.io.BlockGuardOs.recvfrom(BlockGuardOs.java:164)
12-03 17:56:28.769 W/System.err( 2392): 	at libcore.io.IoBridge.recvfrom(IoBridge.java:506)
12-03 17:56:28.769 W/System.err( 2392): 	... 6 more
12-03 17:56:28.769 I/System.out( 2392): --------recieve data:null
12-03 17:56:28.769 I/System.out( 2392): --------start recieve data
12-03 17:56:28.789 I/Advanced( 2458): [QUEUE] share_queue_sendEx size:1 4097 1250 0x6304fa80,postLoopId:0,dstid:1.
12-03 17:56:28.993 I/Advanced( 2458): [QUEUE] share_queue_sendEx size:1 4097 1251 0x6304fa80,postLoopId:0,dstid:1.
12-03 17:56:29.209 D/NETMANAGER( 1770): mStbID = 17030841081517100424497
12-03 17:56:29.209 D/NETMANAGER( 1770): hwVer = 01.01.05.41
12-03 17:56:29.209 D/NETMANAGER( 1770): swVer = 00.00.03.08
12-03 17:56:29.209 D/NETMANAGER( 1770): parameterAll = CaNumber:
12-03 17:56:29.209 D/NETMANAGER( 1770): AreaCode:0000
12-03 17:56:29.209 D/NETMANAGER( 1770): SerialNumber:17030841081517100424497
12-03 17:56:29.209 D/NETMANAGER( 1770): HardwareVersion:01.01.05.41
12-03 17:56:29.209 D/NETMANAGER( 1770): SoftwareVersion:00.00.03.08
12-03 17:56:29.209 D/NETMANAGER( 1770): ManufacturerOUI:29
12-03 17:56:29.209 D/NETMANAGER( 1770): Manufacturer:Cycle Century
12-03 17:56:29.209 D/NETMANAGER( 1770): MiddleWareManufacturer:Cycle Century
12-03 17:56:29.209 D/NETMANAGER( 1770): CPURate:8
12-03 17:56:29.209 D/NETMANAGER( 1770): MemoryRate:23
12-03 17:56:29.209 D/NETMANAGER( 1770): WifiApSSID:wifi_test
12-03 17:56:29.209 D/NETMANAGER( 1770): Start to read.query:all
12-03 17:56:29.209 D/NETMANAGER( 1770): Start to query and send.
12-03 17:56:29.317 D/XmppServices( 1841): vurcserver log : XmppManager-->login connection!=null -->not-->Authenticated
12-03 17:56:29.405 V/DownloadService( 2128): ______changeDuration() , duration = 6916s
12-03 17:56:29.409 I/Advanced( 2458): [QUEUE] share_queue_sendEx size:1 4097 1253 0x6304fa80,postLoopId:0,dstid:1.
12-03 17:56:29.409 E/DownloadService( 2128): __________________mThreadCount = 1
12-03 17:56:29.541 I/AdvancedPorting-PORT_MODULE_NET( 2458): network_task while... 
12-03 17:56:29.541 I/AdvancedPorting-PORT_MODULE_NET( 2458): 0 interface name: lo
12-03 17:56:29.541 I/AdvancedPorting-PORT_MODULE_NET( 2458): 1 interface name: eth0
12-03 17:56:29.541 I/AdvancedPorting-PORT_MODULE_NET( 2458): First interface name: lo
12-03 17:56:29.541 I/AdvancedPorting-PORT_MODULE_NET( 2458): network_task while...  net_i:1
12-03 17:56:29.541 I/AdvancedPorting-PORT_MODULE_NET( 2458): network_task while---name_interface[0]=lo
12-03 17:56:29.541 I/AdvancedPorting-PORT_MODULE_NET( 2458): network_task while---name_interface[1]=eth0
12-03 17:56:29.541 I/AdvancedPorting-PORT_MODULE_NET( 2458): network_task while---interface_name=eth0
12-03 17:56:29.541 I/AdvancedPorting-PORT_MODULE_NET( 2458): network_get_netlink_status(in)--if_name=eth0
12-03 17:56:29.541 I/AdvancedPorting-PORT_MODULE_NET( 2458): net.network.isconnected = no
12-03 17:56:29.541 I/AdvancedPorting-PORT_MODULE_NET( 2458): eth0 --network_get_netlink_status return retval=1
12-03 17:56:29.541 I/AdvancedPorting-PORT_MODULE_NET( 2458): stat = 1 last_status = 1
12-03 17:56:29.605 I/Advanced( 2458): [QUEUE] share_queue_sendEx size:1 4097 1254 0x6304fa80,postLoopId:0,dstid:1.
12-03 17:56:29.813 I/Advanced( 2458): [QUEUE] share_queue_sendEx size:1 4097 1255 0x6304fa80,postLoopId:0,dstid:1.
12-03 17:56:30.013 I/Advanced( 2458): [QUEUE] share_queue_sendEx size:1 4097 1256 0x6304fa80,postLoopId:0,dstid:1.
12-03 17:56:30.217 I/Advanced( 2458): [QUEUE] share_queue_sendEx size:1 4097 1257 0x6304fa80,postLoopId:0,dstid:1.
12-03 17:56:30.245 D/RecentAppService( 2037): ╔═══════════════════════════════════════════════════════════════════════════════════════════════════
12-03 17:56:30.245 D/RecentAppService( 2037): ║ Timer-0, run(RecentAppService.java:87)
12-03 17:56:30.245 D/RecentAppService( 2037): ╟───────────────────────────────────────────────────────────────────────────────────────────────────
12-03 17:56:30.245 D/RecentAppService( 2037): ║ =>current top app is com.ccdt.app.tv.launcher
12-03 17:56:30.245 D/RecentAppService( 2037): ╚═══════════════════════════════════════════════════════════════════════════════════════════════════
12-03 17:56:30.289 D/NetworkMonitor( 2271): getNetworkStatus:true
12-03 17:56:30.317 E/AAAService( 1950): >>>------>get user info----> {"areaCode":"0000","balance":"10","caId":"8451203773313017X","custId":"4842987","custName":"AAA测试用户","firstFlag":"1","retrunMsg":"成功","returnCode":"0","userId":"5130664"}<------<<<
12-03 17:56:30.317 D/ipsystemupdateserver( 2228): AAA userInfo >>> {"areaCode":"0000","balance":"10","caId":"8451203773313017X","custId":"4842987","custName":"AAA测试用户","firstFlag":"1","retrunMsg":"成功","returnCode":"0","userId":"5130664"}
12-03 17:56:30.321 D/ipsystemupdateserver( 2228): AAA ret area code >>> 0000
12-03 17:56:30.397 V/DownloadService( 2128): ______changeDuration() , duration = 6915s
12-03 17:56:30.397 E/DownloadService( 2128): __________________mThreadCount = 1
12-03 17:56:30.417 I/Advanced( 2458): [QUEUE] share_queue_sendEx size:1 4097 1258 0x6304fa80,postLoopId:0,dstid:1.
12-03 17:56:30.545 I/AdvancedPorting-PORT_MODULE_NET( 2458): network_task while... 
12-03 17:56:30.545 I/AdvancedPorting-PORT_MODULE_NET( 2458): 0 interface name: lo
12-03 17:56:30.545 I/AdvancedPorting-PORT_MODULE_NET( 2458): 1 interface name: eth0
12-03 17:56:30.545 I/AdvancedPorting-PORT_MODULE_NET( 2458): First interface name: lo
12-03 17:56:30.545 I/AdvancedPorting-PORT_MODULE_NET( 2458): network_task while...  net_i:1
12-03 17:56:30.545 I/AdvancedPorting-PORT_MODULE_NET( 2458): network_task while---name_interface[0]=lo
12-03 17:56:30.545 I/AdvancedPorting-PORT_MODULE_NET( 2458): network_task while---name_interface[1]=eth0
12-03 17:56:30.545 I/AdvancedPorting-PORT_MODULE_NET( 2458): network_task while---interface_name=eth0
12-03 17:56:30.545 I/AdvancedPorting-PORT_MODULE_NET( 2458): network_get_netlink_status(in)--if_name=eth0
12-03 17:56:30.545 I/AdvancedPorting-PORT_MODULE_NET( 2458): net.network.isconnected = no
12-03 17:56:30.545 I/AdvancedPorting-PORT_MODULE_NET( 2458): eth0 --network_get_netlink_status return retval=1
12-03 17:56:30.545 I/AdvancedPorting-PORT_MODULE_NET( 2458): stat = 1 last_status = 1
12-03 17:56:30.625 I/Advanced( 2458): [QUEUE] share_queue_sendEx size:1 4097 1259 0x6304fa80,postLoopId:0,dstid:1.
12-03 17:56:30.817 W/HttpServer( 1778):  SocketException no Create!,retry!
12-03 17:56:31.041 I/Advanced( 2458): [QUEUE] share_queue_sendEx size:1 4097 1261 0x6304fa80,postLoopId:0,dstid:1.
12-03 17:56:31.397 V/DownloadService( 2128): ______changeDuration() , duration = 6914s
12-03 17:56:31.401 E/DownloadService( 2128): __________________mThreadCount = 1
12-03 17:56:31.445 I/Advanced( 2458): [QUEUE] share_queue_sendEx size:1 4097 1263 0x6304fa80,postLoopId:0,dstid:1.
12-03 17:56:31.545 I/AdvancedPorting-PORT_MODULE_NET( 2458): network_task while... 
12-03 17:56:31.545 I/AdvancedPorting-PORT_MODULE_NET( 2458): 0 interface name: lo
12-03 17:56:31.545 I/AdvancedPorting-PORT_MODULE_NET( 2458): 1 interface name: eth0
12-03 17:56:31.545 I/AdvancedPorting-PORT_MODULE_NET( 2458): First interface name: lo
12-03 17:56:31.545 I/AdvancedPorting-PORT_MODULE_NET( 2458): network_task while...  net_i:1
12-03 17:56:31.545 I/AdvancedPorting-PORT_MODULE_NET( 2458): network_task while---name_interface[0]=lo
12-03 17:56:31.545 I/AdvancedPorting-PORT_MODULE_NET( 2458): network_task while---name_interface[1]=eth0
12-03 17:56:31.545 I/AdvancedPorting-PORT_MODULE_NET( 2458): network_task while---interface_name=eth0
12-03 17:56:31.545 I/AdvancedPorting-PORT_MODULE_NET( 2458): network_get_netlink_status(in)--if_name=eth0
12-03 17:56:31.545 I/AdvancedPorting-PORT_MODULE_NET( 2458): net.network.isconnected = no
12-03 17:56:31.545 I/AdvancedPorting-PORT_MODULE_NET( 2458): eth0 --network_get_netlink_status return retval=1
12-03 17:56:31.545 I/AdvancedPorting-PORT_MODULE_NET( 2458): stat = 1 last_status = 1
12-03 17:56:31.649 I/Advanced( 2458): [QUEUE] share_queue_sendEx size:1 4097 1264 0x6304fa80,postLoopId:0,dstid:1.
12-03 17:56:31.853 I/Advanced( 2458): [QUEUE] share_queue_sendEx size:1 4097 1265 0x6304fa80,postLoopId:0,dstid:1.
12-03 17:56:32.053 I/Advanced( 2458): [QUEUE] share_queue_sendEx size:1 4097 1266 0x6304fa80,postLoopId:0,dstid:1.
12-03 17:56:32.257 I/Advanced( 2458): [QUEUE] share_queue_sendEx size:1 4097 1267 0x6304fa80,postLoopId:0,dstid:1.
12-03 17:56:32.293 D/NetworkMonitor( 2271): getNetworkStatus:true
12-03 17:56:32.401 V/DownloadService( 2128): ______changeDuration() , duration = 6913s
12-03 17:56:32.405 E/DownloadService( 2128): __________________mThreadCount = 1
12-03 17:56:32.545 I/AdvancedPorting-PORT_MODULE_NET( 2458): network_task while... 
12-03 17:56:32.545 I/AdvancedPorting-PORT_MODULE_NET( 2458): 0 interface name: lo
12-03 17:56:32.545 I/AdvancedPorting-PORT_MODULE_NET( 2458): 1 interface name: eth0
12-03 17:56:32.545 I/AdvancedPorting-PORT_MODULE_NET( 2458): First interface name: lo
12-03 17:56:32.545 I/AdvancedPorting-PORT_MODULE_NET( 2458): network_task while...  net_i:1
12-03 17:56:32.545 I/AdvancedPorting-PORT_MODULE_NET( 2458): network_task while---name_interface[0]=lo
12-03 17:56:32.545 I/AdvancedPorting-PORT_MODULE_NET( 2458): network_task while---name_interface[1]=eth0
12-03 17:56:32.545 I/AdvancedPorting-PORT_MODULE_NET( 2458): network_task while---interface_name=eth0
12-03 17:56:32.545 I/AdvancedPorting-PORT_MODULE_NET( 2458): network_get_netlink_status(in)--if_name=eth0
12-03 17:56:32.545 I/AdvancedPorting-PORT_MODULE_NET( 2458): net.network.isconnected = no
12-03 17:56:32.545 I/AdvancedPorting-PORT_MODULE_NET( 2458): eth0 --network_get_netlink_status return retval=1
12-03 17:56:32.545 I/AdvancedPorting-PORT_MODULE_NET( 2458): stat = 1 last_status = 1
12-03 17:56:32.865 I/Advanced( 2458): [QUEUE] share_queue_sendEx size:1 4097 1270 0x6304fa80,postLoopId:0,dstid:1.
12-03 17:56:33.069 I/Advanced( 2458): [QUEUE] share_queue_sendEx size:1 4097 1271 0x6304fa80,postLoopId:0,dstid:1.
12-03 17:56:33.245 D/RecentAppService( 2037): ╔═══════════════════════════════════════════════════════════════════════════════════════════════════
12-03 17:56:33.245 D/RecentAppService( 2037): ║ Timer-0, run(RecentAppService.java:87)
12-03 17:56:33.245 D/RecentAppService( 2037): ╟───────────────────────────────────────────────────────────────────────────────────────────────────
12-03 17:56:33.245 D/RecentAppService( 2037): ║ =>current top app is com.ccdt.app.tv.launcher
12-03 17:56:33.245 D/RecentAppService( 2037): ╚═══════════════════════════════════════════════════════════════════════════════════════════════════
12-03 17:56:33.269 I/Advanced( 2458): [QUEUE] share_queue_sendEx size:1 4097 1272 0x6304fa80,postLoopId:0,dstid:1.
12-03 17:56:33.305 D/NETMANAGER( 1770): Start to accept.
12-03 17:56:33.329 E/AAAService( 1950): >>>------>get user info----> {"areaCode":"0000","balance":"10","caId":"8451203773313017X","custId":"4842987","custName":"AAA测试用户","firstFlag":"1","retrunMsg":"成功","returnCode":"0","userId":"5130664"}<------<<<
12-03 17:56:33.329 D/ipsystemupdateserver( 2228): AAA userInfo >>> {"areaCode":"0000","balance":"10","caId":"8451203773313017X","custId":"4842987","custName":"AAA测试用户","firstFlag":"1","retrunMsg":"成功","returnCode":"0","userId":"5130664"}
12-03 17:56:33.329 D/ipsystemupdateserver( 2228): AAA ret area code >>> 0000
12-03 17:56:33.337 D/DvbNative( 1250): [1361]<[ISystemControl, _refreshTimeToFpLed(), 1277]> ### refresh time for led background action. time=095633, format=24
12-03 17:56:33.337 D/DD      ( 1250): [DDErrorCode DD_FP_Display(int, const DDFPLightValule_S*)][1168]Enter
12-03 17:56:33.337 D/DD      ( 1250): <1361>[dd_fpanel][FUNC:DDErrorCode DD_FP_Display(int, const DDFPLightValule_S*) LINE:1256]uTime:956
12-03 17:56:33.345 D/DD      ( 1250): [DDErrorCode DD_FP_Display(int, const DDFPLightValule_S*)][1297]Exit Success.
12-03 17:56:33.401 V/DownloadService( 2128): ______changeDuration() , duration = 6912s
12-03 17:56:33.405 E/DownloadService( 2128): __________________mThreadCount = 1
12-03 17:56:33.473 I/Advanced( 2458): [QUEUE] share_queue_sendEx size:1 4097 1273 0x6304fa80,postLoopId:0,dstid:1.
12-03 17:56:33.549 I/AdvancedPorting-PORT_MODULE_NET( 2458): network_task while... 
12-03 17:56:33.549 I/AdvancedPorting-PORT_MODULE_NET( 2458): 0 interface name: lo
12-03 17:56:33.549 I/AdvancedPorting-PORT_MODULE_NET( 2458): 1 interface name: eth0
12-03 17:56:33.549 I/AdvancedPorting-PORT_MODULE_NET( 2458): First interface name: lo
12-03 17:56:33.549 I/AdvancedPorting-PORT_MODULE_NET( 2458): network_task while...  net_i:1
12-03 17:56:33.549 I/AdvancedPorting-PORT_MODULE_NET( 2458): network_task while---name_interface[0]=lo
12-03 17:56:33.549 I/AdvancedPorting-PORT_MODULE_NET( 2458): network_task while---name_interface[1]=eth0
12-03 17:56:33.549 I/AdvancedPorting-PORT_MODULE_NET( 2458): network_task while---interface_name=eth0
12-03 17:56:33.549 I/AdvancedPorting-PORT_MODULE_NET( 2458): network_get_netlink_status(in)--if_name=eth0
12-03 17:56:33.549 I/AdvancedPorting-PORT_MODULE_NET( 2458): net.network.isconnected = no
12-03 17:56:33.549 I/AdvancedPorting-PORT_MODULE_NET( 2458): eth0 --network_get_netlink_status return retval=1
12-03 17:56:33.549 I/AdvancedPorting-PORT_MODULE_NET( 2458): stat = 1 last_status = 1
12-03 17:56:33.673 I/Advanced( 2458): [QUEUE] share_queue_sendEx size:1 4097 1274 0x6304fa80,postLoopId:0,dstid:1.
12-03 17:56:33.769 W/System.err( 2392): java.net.SocketTimeoutException
12-03 17:56:33.769 W/System.err( 2392): 	at libcore.io.IoBridge.maybeThrowAfterRecvfrom(IoBridge.java:551)
12-03 17:56:33.769 W/System.err( 2392): 	at libcore.io.IoBridge.recvfrom(IoBridge.java:509)
12-03 17:56:33.769 W/System.err( 2392): 	at java.net.PlainDatagramSocketImpl.doRecv(PlainDatagramSocketImpl.java:161)
12-03 17:56:33.769 W/System.err( 2392): 	at java.net.PlainDatagramSocketImpl.receive(PlainDatagramSocketImpl.java:169)
12-03 17:56:33.769 W/System.err( 2392): 	at java.net.DatagramSocket.receive(DatagramSocket.java:250)
12-03 17:56:33.769 W/System.err( 2392): 	at com.coship.mes.stbsdk.apis.UDPClientManager.receiveData(UDPClientManager.java:146)
12-03 17:56:33.769 W/System.err( 2392): 	at com.coship.mes.stbsdk.apis.UDPClientReceiveService.run(UDPClientReceiveService.java:73)
12-03 17:56:33.769 W/System.err( 2392): 	at java.lang.Thread.run(Thread.java:841)
12-03 17:56:33.769 W/System.err( 2392): Caused by: libcore.io.ErrnoException: recvfrom failed: EAGAIN (Try again)
12-03 17:56:33.769 W/System.err( 2392): 	at libcore.io.Posix.recvfromBytes(Native Method)
12-03 17:56:33.769 W/System.err( 2392): 	at libcore.io.Posix.recvfrom(Posix.java:141)
12-03 17:56:33.769 W/System.err( 2392): 	at libcore.io.BlockGuardOs.recvfrom(BlockGuardOs.java:164)
12-03 17:56:33.769 W/System.err( 2392): 	at libcore.io.IoBridge.recvfrom(IoBridge.java:506)
12-03 17:56:33.773 W/System.err( 2392): 	... 6 more
12-03 17:56:33.777 W/System.err( 2392): java.net.SocketTimeoutException
12-03 17:56:33.777 W/System.err( 2392): 	at libcore.io.IoBridge.maybeThrowAfterRecvfrom(IoBridge.java:551)
12-03 17:56:33.777 W/System.err( 2392): 	at libcore.io.IoBridge.recvfrom(IoBridge.java:509)
12-03 17:56:33.777 W/System.err( 2392): 	at java.net.PlainDatagramSocketImpl.doRecv(PlainDatagramSocketImpl.java:161)
12-03 17:56:33.777 W/System.err( 2392): 	at java.net.PlainDatagramSocketImpl.receive(PlainDatagramSocketImpl.java:169)
12-03 17:56:33.777 W/System.err( 2392): 	at java.net.DatagramSocket.receive(DatagramSocket.java:250)
12-03 17:56:33.777 W/System.err( 2392): 	at com.coship.mes.stbsdk.apis.UDPClientManager.receiveData(UDPClientManager.java:146)
12-03 17:56:33.777 W/System.err( 2392): 	at com.coship.mes.stbsdk.apis.UDPClientReceiveService.run(UDPClientReceiveService.java:73)
12-03 17:56:33.777 W/System.err( 2392): 	at java.lang.Thread.run(Thread.java:841)
12-03 17:56:33.777 W/System.err( 2392): Caused by: libcore.io.ErrnoException: recvfrom failed: EAGAIN (Try again)
12-03 17:56:33.777 W/System.err( 2392): 	at libcore.io.Posix.recvfromBytes(Native Method)
12-03 17:56:33.777 W/System.err( 2392): 	at libcore.io.Posix.recvfrom(Posix.java:141)
12-03 17:56:33.777 W/System.err( 2392): 	at libcore.io.BlockGuardOs.recvfrom(BlockGuardOs.java:164)
12-03 17:56:33.777 W/System.err( 2392): 	at libcore.io.IoBridge.recvfrom(IoBridge.java:506)
12-03 17:56:33.777 W/System.err( 2392): 	... 6 more
12-03 17:56:33.777 I/System.out( 2392): --------recieve data:null
12-03 17:56:33.777 I/System.out( 2392): --------start recieve data
12-03 17:56:34.085 I/Advanced( 2458): [QUEUE] share_queue_sendEx size:1 4097 1276 0x6304fa80,postLoopId:0,dstid:1.
12-03 17:56:34.209 D/NETMANAGER( 1770): mStbID = 17030841081517100424497
12-03 17:56:34.209 D/NETMANAGER( 1770): hwVer = 01.01.05.41
12-03 17:56:34.209 D/NETMANAGER( 1770): swVer = 00.00.03.08
12-03 17:56:34.209 D/NETMANAGER( 1770): parameterAll = CaNumber:
12-03 17:56:34.209 D/NETMANAGER( 1770): AreaCode:0000
12-03 17:56:34.209 D/NETMANAGER( 1770): SerialNumber:17030841081517100424497
12-03 17:56:34.209 D/NETMANAGER( 1770): HardwareVersion:01.01.05.41
12-03 17:56:34.209 D/NETMANAGER( 1770): SoftwareVersion:00.00.03.08
12-03 17:56:34.209 D/NETMANAGER( 1770): ManufacturerOUI:29
12-03 17:56:34.209 D/NETMANAGER( 1770): Manufacturer:Cycle Century
12-03 17:56:34.209 D/NETMANAGER( 1770): MiddleWareManufacturer:Cycle Century
12-03 17:56:34.209 D/NETMANAGER( 1770): CPURate:8
12-03 17:56:34.209 D/NETMANAGER( 1770): MemoryRate:23
12-03 17:56:34.209 D/NETMANAGER( 1770): WifiApSSID:wifi_test
12-03 17:56:34.213 D/NETMANAGER( 1770): Start to read.query:all
12-03 17:56:34.213 D/NETMANAGER( 1770): Start to query and send.
12-03 17:56:34.297 D/NetworkMonitor( 2271): getNetworkStatus:true
12-03 17:56:34.405 V/DownloadService( 2128): ______changeDuration() , duration = 6911s
12-03 17:56:34.409 E/DownloadService( 2128): __________________mThreadCount = 1
12-03 17:56:34.469 D/XmppServices( 1841): vurcserver log : XmppManager-->login Exception-->daidh-->false
12-03 17:56:34.469 D/XmppServices( 1841): vurcserver log : XmppManager-->login Exception--> in login method...No response from the server.
12-03 17:56:34.469 D/XmppServices( 1841): vurcserver log : XmppService-->reLogin()
12-03 17:56:34.469 D/XmppServices( 1841): vurcserver log : XmppService-->reLogin()--ִ�����Ѿ�������-->executor.isShutdown()-->false
12-03 17:56:34.549 I/AdvancedPorting-PORT_MODULE_NET( 2458): network_task while... 
12-03 17:56:34.549 I/AdvancedPorting-PORT_MODULE_NET( 2458): 0 interface name: lo
12-03 17:56:34.549 I/AdvancedPorting-PORT_MODULE_NET( 2458): 1 interface name: eth0
12-03 17:56:34.549 I/AdvancedPorting-PORT_MODULE_NET( 2458): First interface name: lo
12-03 17:56:34.549 I/AdvancedPorting-PORT_MODULE_NET( 2458): network_task while...  net_i:1
12-03 17:56:34.549 I/AdvancedPorting-PORT_MODULE_NET( 2458): network_task while---name_interface[0]=lo
12-03 17:56:34.549 I/AdvancedPorting-PORT_MODULE_NET( 2458): network_task while---name_interface[1]=eth0
12-03 17:56:34.549 I/AdvancedPorting-PORT_MODULE_NET( 2458): network_task while---interface_name=eth0
12-03 17:56:34.549 I/AdvancedPorting-PORT_MODULE_NET( 2458): network_get_netlink_status(in)--if_name=eth0
12-03 17:56:34.549 I/AdvancedPorting-PORT_MODULE_NET( 2458): net.network.isconnected = no
12-03 17:56:34.549 I/AdvancedPorting-PORT_MODULE_NET( 2458): eth0 --network_get_netlink_status return retval=1
12-03 17:56:34.549 I/AdvancedPorting-PORT_MODULE_NET( 2458): stat = 1 last_status = 1
12-03 17:56:35.405 V/DownloadService( 2128): ______changeDuration() , duration = 6910s
12-03 17:56:35.409 E/DownloadService( 2128): __________________mThreadCount = 1
12-03 17:56:35.497 I/Advanced( 2458): [QUEUE] share_queue_sendEx size:1 4097 1283 0x6304fa80,postLoopId:0,dstid:1.
12-03 17:56:35.545 I/AdvancedPorting-PORT_MODULE_NET( 2458): network_task while... 
12-03 17:56:35.545 I/AdvancedPorting-PORT_MODULE_NET( 2458): 0 interface name: lo
12-03 17:56:35.545 I/AdvancedPorting-PORT_MODULE_NET( 2458): 1 interface name: eth0
12-03 17:56:35.545 I/AdvancedPorting-PORT_MODULE_NET( 2458): First interface name: lo
12-03 17:56:35.545 I/AdvancedPorting-PORT_MODULE_NET( 2458): network_task while...  net_i:1
12-03 17:56:35.545 I/AdvancedPorting-PORT_MODULE_NET( 2458): network_task while---name_interface[0]=lo
12-03 17:56:35.545 I/AdvancedPorting-PORT_MODULE_NET( 2458): network_task while---name_interface[1]=eth0
12-03 17:56:35.545 I/AdvancedPorting-PORT_MODULE_NET( 2458): network_task while---interface_name=eth0
12-03 17:56:35.545 I/AdvancedPorting-PORT_MODULE_NET( 2458): network_get_netlink_status(in)--if_name=eth0
12-03 17:56:35.545 I/AdvancedPorting-PORT_MODULE_NET( 2458): net.network.isconnected = no
12-03 17:56:35.545 I/AdvancedPorting-PORT_MODULE_NET( 2458): eth0 --network_get_netlink_status return retval=1
12-03 17:56:35.545 I/AdvancedPorting-PORT_MODULE_NET( 2458): stat = 1 last_status = 1
12-03 17:56:35.701 I/Advanced( 2458): [QUEUE] share_queue_sendEx size:1 4097 1284 0x6304fa80,postLoopId:0,dstid:1.
12-03 17:56:35.817 W/HttpServer( 1778):  SocketException no Create!,retry!
12-03 17:56:35.905 I/Advanced( 2458): [QUEUE] share_queue_sendEx size:1 4097 1285 0x6304fa80,postLoopId:0,dstid:1.
12-03 17:56:36.105 I/Advanced( 2458): [QUEUE] share_queue_sendEx size:1 4097 1286 0x6304fa80,postLoopId:0,dstid:1.
12-03 17:56:36.249 D/RecentAppService( 2037): ╔═══════════════════════════════════════════════════════════════════════════════════════════════════
12-03 17:56:36.249 D/RecentAppService( 2037): ║ Timer-0, run(RecentAppService.java:87)
12-03 17:56:36.249 D/RecentAppService( 2037): ╟───────────────────────────────────────────────────────────────────────────────────────────────────
12-03 17:56:36.249 D/RecentAppService( 2037): ║ =>current top app is com.ccdt.app.tv.launcher
12-03 17:56:36.249 D/RecentAppService( 2037): ╚═══════════════════════════════════════════════════════════════════════════════════════════════════
12-03 17:56:36.301 D/NetworkMonitor( 2271): getNetworkStatus:true
12-03 17:56:36.309 I/Advanced( 2458): [QUEUE] share_queue_sendEx size:1 4097 1287 0x6304fa80,postLoopId:0,dstid:1.
12-03 17:56:36.337 E/AAAService( 1950): >>>------>get user info----> {"areaCode":"0000","balance":"10","caId":"8451203773313017X","custId":"4842987","custName":"AAA测试用户","firstFlag":"1","retrunMsg":"成功","returnCode":"0","userId":"5130664"}<------<<<
12-03 17:56:36.337 D/ipsystemupdateserver( 2228): AAA userInfo >>> {"areaCode":"0000","balance":"10","caId":"8451203773313017X","custId":"4842987","custName":"AAA测试用户","firstFlag":"1","retrunMsg":"成功","returnCode":"0","userId":"5130664"}
12-03 17:56:36.337 D/ipsystemupdateserver( 2228): AAA ret area code >>> 0000
12-03 17:56:36.409 V/DownloadService( 2128): ______changeDuration() , duration = 6909s
12-03 17:56:36.413 E/DownloadService( 2128): __________________mThreadCount = 1
12-03 17:56:36.445 D/dalvikvm( 2128): GC_CONCURRENT freed 392K, 32% free 3412K/4968K, paused 4ms+5ms, total 36ms
12-03 17:56:36.549 I/AdvancedPorting-PORT_MODULE_NET( 2458): network_task while... 
12-03 17:56:36.549 I/AdvancedPorting-PORT_MODULE_NET( 2458): 0 interface name: lo
12-03 17:56:36.549 I/AdvancedPorting-PORT_MODULE_NET( 2458): 1 interface name: eth0
12-03 17:56:36.549 I/AdvancedPorting-PORT_MODULE_NET( 2458): First interface name: lo
12-03 17:56:36.549 I/AdvancedPorting-PORT_MODULE_NET( 2458): network_task while...  net_i:1
12-03 17:56:36.549 I/AdvancedPorting-PORT_MODULE_NET( 2458): network_task while---name_interface[0]=lo
12-03 17:56:36.549 I/AdvancedPorting-PORT_MODULE_NET( 2458): network_task while---name_interface[1]=eth0
12-03 17:56:36.549 I/AdvancedPorting-PORT_MODULE_NET( 2458): network_task while---interface_name=eth0
12-03 17:56:36.549 I/AdvancedPorting-PORT_MODULE_NET( 2458): network_get_netlink_status(in)--if_name=eth0
12-03 17:56:36.549 I/AdvancedPorting-PORT_MODULE_NET( 2458): net.network.isconnected = no
12-03 17:56:36.549 I/AdvancedPorting-PORT_MODULE_NET( 2458): eth0 --network_get_netlink_status return retval=1
12-03 17:56:36.549 I/AdvancedPorting-PORT_MODULE_NET( 2458): stat = 1 last_status = 1
12-03 17:56:36.717 I/Advanced( 2458): [QUEUE] share_queue_sendEx size:1 4097 1289 0x6304fa80,postLoopId:0,dstid:1.
12-03 17:56:36.917 I/Advanced( 2458): [QUEUE] share_queue_sendEx size:1 4097 1290 0x6304fa80,postLoopId:0,dstid:1.
12-03 17:56:37.121 I/Advanced( 2458): [QUEUE] share_queue_sendEx size:1 4097 1291 0x6304fa80,postLoopId:0,dstid:1.
12-03 17:56:37.409 V/DownloadService( 2128): ______changeDuration() , duration = 6908s
12-03 17:56:37.413 E/DownloadService( 2128): __________________mThreadCount = 1
12-03 17:56:37.537 I/Advanced( 2458): [QUEUE] share_queue_sendEx size:1 4097 1293 0x6304fa80,postLoopId:0,dstid:1.
12-03 17:56:37.549 I/AdvancedPorting-PORT_MODULE_NET( 2458): network_task while... 
12-03 17:56:37.549 I/AdvancedPorting-PORT_MODULE_NET( 2458): 0 interface name: lo
12-03 17:56:37.549 I/AdvancedPorting-PORT_MODULE_NET( 2458): 1 interface name: eth0
12-03 17:56:37.549 I/AdvancedPorting-PORT_MODULE_NET( 2458): First interface name: lo
12-03 17:56:37.549 I/AdvancedPorting-PORT_MODULE_NET( 2458): network_task while...  net_i:1
12-03 17:56:37.549 I/AdvancedPorting-PORT_MODULE_NET( 2458): network_task while---name_interface[0]=lo
12-03 17:56:37.549 I/AdvancedPorting-PORT_MODULE_NET( 2458): network_task while---name_interface[1]=eth0
12-03 17:56:37.549 I/AdvancedPorting-PORT_MODULE_NET( 2458): network_task while---interface_name=eth0
12-03 17:56:37.549 I/AdvancedPorting-PORT_MODULE_NET( 2458): network_get_netlink_status(in)--if_name=eth0
12-03 17:56:37.549 I/AdvancedPorting-PORT_MODULE_NET( 2458): net.network.isconnected = no
12-03 17:56:37.549 I/AdvancedPorting-PORT_MODULE_NET( 2458): eth0 --network_get_netlink_status return retval=1
12-03 17:56:37.549 I/AdvancedPorting-PORT_MODULE_NET( 2458): stat = 1 last_status = 1
12-03 17:56:37.737 I/Advanced( 2458): [QUEUE] share_queue_sendEx size:1 4097 1294 0x6304fa80,postLoopId:0,dstid:1.
12-03 17:56:38.145 I/Advanced( 2458): [QUEUE] share_queue_sendEx size:1 4097 1296 0x6304fa80,postLoopId:0,dstid:1.
12-03 17:56:38.301 D/NETMANAGER( 1770): Start to accept.
12-03 17:56:38.301 D/NetworkMonitor( 2271): getNetworkStatus:true
12-03 17:56:38.345 I/Advanced( 2458): [QUEUE] share_queue_sendEx size:1 4097 1297 0x6304fa80,postLoopId:0,dstid:1.
12-03 17:56:38.413 V/DownloadService( 2128): ______changeDuration() , duration = 6907s
12-03 17:56:38.417 E/DownloadService( 2128): __________________mThreadCount = 1
12-03 17:56:38.549 I/Advanced( 2458): [QUEUE] share_queue_sendEx size:1 4097 1298 0x6304fa80,postLoopId:0,dstid:1.
12-03 17:56:38.553 I/AdvancedPorting-PORT_MODULE_NET( 2458): network_task while... 
12-03 17:56:38.553 I/AdvancedPorting-PORT_MODULE_NET( 2458): 0 interface name: lo
12-03 17:56:38.553 I/AdvancedPorting-PORT_MODULE_NET( 2458): 1 interface name: eth0
12-03 17:56:38.553 I/AdvancedPorting-PORT_MODULE_NET( 2458): First interface name: lo
12-03 17:56:38.553 I/AdvancedPorting-PORT_MODULE_NET( 2458): network_task while...  net_i:1
12-03 17:56:38.553 I/AdvancedPorting-PORT_MODULE_NET( 2458): network_task while---name_interface[0]=lo
12-03 17:56:38.553 I/AdvancedPorting-PORT_MODULE_NET( 2458): network_task while---name_interface[1]=eth0
12-03 17:56:38.553 I/AdvancedPorting-PORT_MODULE_NET( 2458): network_task while---interface_name=eth0
12-03 17:56:38.553 I/AdvancedPorting-PORT_MODULE_NET( 2458): network_get_netlink_status(in)--if_name=eth0
12-03 17:56:38.553 I/AdvancedPorting-PORT_MODULE_NET( 2458): net.network.isconnected = no
12-03 17:56:38.553 I/AdvancedPorting-PORT_MODULE_NET( 2458): eth0 --network_get_netlink_status return retval=1
12-03 17:56:38.553 I/AdvancedPorting-PORT_MODULE_NET( 2458): stat = 1 last_status = 1
12-03 17:56:38.753 I/Advanced( 2458): [QUEUE] share_queue_sendEx size:1 4097 1299 0x6304fa80,postLoopId:0,dstid:1.
12-03 17:56:38.777 W/System.err( 2392): java.net.SocketTimeoutException
12-03 17:56:38.777 W/System.err( 2392): 	at libcore.io.IoBridge.maybeThrowAfterRecvfrom(IoBridge.java:551)
12-03 17:56:38.777 W/System.err( 2392): 	at libcore.io.IoBridge.recvfrom(IoBridge.java:509)
12-03 17:56:38.777 W/System.err( 2392): 	at java.net.PlainDatagramSocketImpl.doRecv(PlainDatagramSocketImpl.java:161)
12-03 17:56:38.777 W/System.err( 2392): 	at java.net.PlainDatagramSocketImpl.receive(PlainDatagramSocketImpl.java:169)
12-03 17:56:38.777 W/System.err( 2392): 	at java.net.DatagramSocket.receive(DatagramSocket.java:250)
12-03 17:56:38.781 W/System.err( 2392): 	at com.coship.mes.stbsdk.apis.UDPClientManager.receiveData(UDPClientManager.java:146)
12-03 17:56:38.781 W/System.err( 2392): 	at com.coship.mes.stbsdk.apis.UDPClientReceiveService.run(UDPClientReceiveService.java:73)
12-03 17:56:38.781 W/System.err( 2392): 	at java.lang.Thread.run(Thread.java:841)
12-03 17:56:38.781 W/System.err( 2392): Caused by: libcore.io.ErrnoException: recvfrom failed: EAGAIN (Try again)
12-03 17:56:38.781 W/System.err( 2392): 	at libcore.io.Posix.recvfromBytes(Native Method)
12-03 17:56:38.781 W/System.err( 2392): 	at libcore.io.Posix.recvfrom(Posix.java:141)
12-03 17:56:38.781 W/System.err( 2392): 	at libcore.io.BlockGuardOs.recvfrom(BlockGuardOs.java:164)
12-03 17:56:38.781 W/System.err( 2392): 	at libcore.io.IoBridge.recvfrom(IoBridge.java:506)
12-03 17:56:38.781 W/System.err( 2392): 	... 6 more
12-03 17:56:38.785 W/System.err( 2392): java.net.SocketTimeoutException
12-03 17:56:38.785 W/System.err( 2392): 	at libcore.io.IoBridge.maybeThrowAfterRecvfrom(IoBridge.java:551)
12-03 17:56:38.785 W/System.err( 2392): 	at libcore.io.IoBridge.recvfrom(IoBridge.java:509)
12-03 17:56:38.785 W/System.err( 2392): 	at java.net.PlainDatagramSocketImpl.doRecv(PlainDatagramSocketImpl.java:161)
12-03 17:56:38.785 W/System.err( 2392): 	at java.net.PlainDatagramSocketImpl.receive(PlainDatagramSocketImpl.java:169)
12-03 17:56:38.785 W/System.err( 2392): 	at java.net.DatagramSocket.receive(DatagramSocket.java:250)
12-03 17:56:38.785 W/System.err( 2392): 	at com.coship.mes.stbsdk.apis.UDPClientManager.receiveData(UDPClientManager.java:146)
12-03 17:56:38.785 W/System.err( 2392): 	at com.coship.mes.stbsdk.apis.UDPClientReceiveService.run(UDPClientReceiveService.java:73)
12-03 17:56:38.785 W/System.err( 2392): 	at java.lang.Thread.run(Thread.java:841)
12-03 17:56:38.785 W/System.err( 2392): Caused by: libcore.io.ErrnoException: recvfrom failed: EAGAIN (Try again)
12-03 17:56:38.785 W/System.err( 2392): 	at libcore.io.Posix.recvfromBytes(Native Method)
12-03 17:56:38.785 W/System.err( 2392): 	at libcore.io.Posix.recvfrom(Posix.java:141)
12-03 17:56:38.785 W/System.err( 2392): 	at libcore.io.BlockGuardOs.recvfrom(BlockGuardOs.java:164)
12-03 17:56:38.785 W/System.err( 2392): 	at libcore.io.IoBridge.recvfrom(IoBridge.java:506)
12-03 17:56:38.785 W/System.err( 2392): 	... 6 more
12-03 17:56:38.785 I/System.out( 2392): --------recieve data:null
12-03 17:56:38.789 I/System.out( 2392): --------start recieve data
12-03 17:56:38.957 I/Advanced( 2458): [QUEUE] share_queue_sendEx size:1 4097 1300 0x6304fa80,postLoopId:0,dstid:1.
12-03 17:56:39.161 I/Advanced( 2458): [QUEUE] share_queue_sendEx size:1 4097 1301 0x6304fa80,postLoopId:0,dstid:1.
12-03 17:56:39.213 D/NETMANAGER( 1770): mStbID = 17030841081517100424497
12-03 17:56:39.213 D/NETMANAGER( 1770): hwVer = 01.01.05.41
12-03 17:56:39.213 D/NETMANAGER( 1770): swVer = 00.00.03.08
12-03 17:56:39.213 D/NETMANAGER( 1770): parameterAll = CaNumber:
12-03 17:56:39.213 D/NETMANAGER( 1770): AreaCode:0000
12-03 17:56:39.213 D/NETMANAGER( 1770): SerialNumber:17030841081517100424497
12-03 17:56:39.213 D/NETMANAGER( 1770): HardwareVersion:01.01.05.41
12-03 17:56:39.213 D/NETMANAGER( 1770): SoftwareVersion:00.00.03.08
12-03 17:56:39.213 D/NETMANAGER( 1770): ManufacturerOUI:29
12-03 17:56:39.213 D/NETMANAGER( 1770): Manufacturer:Cycle Century
12-03 17:56:39.213 D/NETMANAGER( 1770): MiddleWareManufacturer:Cycle Century
12-03 17:56:39.213 D/NETMANAGER( 1770): CPURate:8
12-03 17:56:39.213 D/NETMANAGER( 1770): MemoryRate:23
12-03 17:56:39.213 D/NETMANAGER( 1770): WifiApSSID:wifi_test
12-03 17:56:39.213 D/NETMANAGER( 1770): Start to read.query:all
12-03 17:56:39.213 D/NETMANAGER( 1770): Start to query and send.
12-03 17:56:39.249 D/RecentAppService( 2037): ╔═══════════════════════════════════════════════════════════════════════════════════════════════════
12-03 17:56:39.249 D/RecentAppService( 2037): ║ Timer-0, run(RecentAppService.java:87)
12-03 17:56:39.249 D/RecentAppService( 2037): ╟───────────────────────────────────────────────────────────────────────────────────────────────────
12-03 17:56:39.249 D/RecentAppService( 2037): ║ =>current top app is com.ccdt.app.tv.launcher
12-03 17:56:39.249 D/RecentAppService( 2037): ╚═══════════════════════════════════════════════════════════════════════════════════════════════════
12-03 17:56:39.345 E/AAAService( 1950): >>>------>get user info----> {"areaCode":"0000","balance":"10","caId":"8451203773313017X","custId":"4842987","custName":"AAA测试用户","firstFlag":"1","retrunMsg":"成功","returnCode":"0","userId":"5130664"}<------<<<
12-03 17:56:39.345 D/ipsystemupdateserver( 2228): AAA userInfo >>> {"areaCode":"0000","balance":"10","caId":"8451203773313017X","custId":"4842987","custName":"AAA测试用户","firstFlag":"1","retrunMsg":"成功","returnCode":"0","userId":"5130664"}
12-03 17:56:39.345 D/ipsystemupdateserver( 2228): AAA ret area code >>> 0000
12-03 17:56:39.353 D/DvbNative( 1250): [1361]<[ISystemControl, _refreshTimeToFpLed(), 1277]> ### refresh time for led background action. time=095639, format=24
12-03 17:56:39.353 D/DD      ( 1250): [DDErrorCode DD_FP_Display(int, const DDFPLightValule_S*)][1168]Enter
12-03 17:56:39.353 D/DD      ( 1250): <1361>[dd_fpanel][FUNC:DDErrorCode DD_FP_Display(int, const DDFPLightValule_S*) LINE:1256]uTime:956
12-03 17:56:39.357 D/DD      ( 1250): [DDErrorCode DD_FP_Display(int, const DDFPLightValule_S*)][1297]Exit Success.
12-03 17:56:39.413 V/DownloadService( 2128): ______changeDuration() , duration = 6906s
12-03 17:56:39.417 E/DownloadService( 2128): __________________mThreadCount = 1
12-03 17:56:39.553 I/AdvancedPorting-PORT_MODULE_NET( 2458): network_task while... 
12-03 17:56:39.553 I/AdvancedPorting-PORT_MODULE_NET( 2458): 0 interface name: lo
12-03 17:56:39.553 I/AdvancedPorting-PORT_MODULE_NET( 2458): 1 interface name: eth0
12-03 17:56:39.553 I/AdvancedPorting-PORT_MODULE_NET( 2458): First interface name: lo
12-03 17:56:39.553 I/AdvancedPorting-PORT_MODULE_NET( 2458): network_task while...  net_i:1
12-03 17:56:39.553 I/AdvancedPorting-PORT_MODULE_NET( 2458): network_task while---name_interface[0]=lo
12-03 17:56:39.553 I/AdvancedPorting-PORT_MODULE_NET( 2458): network_task while---name_interface[1]=eth0
12-03 17:56:39.553 I/AdvancedPorting-PORT_MODULE_NET( 2458): network_task while---interface_name=eth0
12-03 17:56:39.553 I/AdvancedPorting-PORT_MODULE_NET( 2458): network_get_netlink_status(in)--if_name=eth0
12-03 17:56:39.553 I/AdvancedPorting-PORT_MODULE_NET( 2458): net.network.isconnected = no
12-03 17:56:39.553 I/AdvancedPorting-PORT_MODULE_NET( 2458): eth0 --network_get_netlink_status return retval=1
12-03 17:56:39.553 I/AdvancedPorting-PORT_MODULE_NET( 2458): stat = 1 last_status = 1
12-03 17:56:40.305 D/NetworkMonitor( 2271): getNetworkStatus:true
12-03 17:56:40.417 V/DownloadService( 2128): ______changeDuration() , duration = 6905s
12-03 17:56:40.421 E/DownloadService( 2128): __________________mThreadCount = 1
12-03 17:56:40.553 I/AdvancedPorting-PORT_MODULE_NET( 2458): network_task while... 
12-03 17:56:40.553 I/AdvancedPorting-PORT_MODULE_NET( 2458): 0 interface name: lo
12-03 17:56:40.553 I/AdvancedPorting-PORT_MODULE_NET( 2458): 1 interface name: eth0
12-03 17:56:40.553 I/AdvancedPorting-PORT_MODULE_NET( 2458): First interface name: lo
12-03 17:56:40.553 I/AdvancedPorting-PORT_MODULE_NET( 2458): network_task while...  net_i:1
12-03 17:56:40.553 I/AdvancedPorting-PORT_MODULE_NET( 2458): network_task while---name_interface[0]=lo
12-03 17:56:40.553 I/AdvancedPorting-PORT_MODULE_NET( 2458): network_task while---name_interface[1]=eth0
12-03 17:56:40.553 I/AdvancedPorting-PORT_MODULE_NET( 2458): network_task while---interface_name=eth0
12-03 17:56:40.553 I/AdvancedPorting-PORT_MODULE_NET( 2458): network_get_netlink_status(in)--if_name=eth0
12-03 17:56:40.553 I/AdvancedPorting-PORT_MODULE_NET( 2458): net.network.isconnected = no
12-03 17:56:40.553 I/AdvancedPorting-PORT_MODULE_NET( 2458): eth0 --network_get_netlink_status return retval=1
12-03 17:56:40.553 I/AdvancedPorting-PORT_MODULE_NET( 2458): stat = 1 last_status = 1
12-03 17:56:40.821 W/HttpServer( 1778):  SocketException no Create!,retry!
12-03 17:56:41.421 V/DownloadService( 2128): ______changeDuration() , duration = 6904s
12-03 17:56:41.425 E/DownloadService( 2128): __________________mThreadCount = 1
12-03 17:56:41.557 I/AdvancedPorting-PORT_MODULE_NET( 2458): network_task while... 
12-03 17:56:41.557 I/AdvancedPorting-PORT_MODULE_NET( 2458): 0 interface name: lo
12-03 17:56:41.557 I/AdvancedPorting-PORT_MODULE_NET( 2458): 1 interface name: eth0
12-03 17:56:41.557 I/AdvancedPorting-PORT_MODULE_NET( 2458): First interface name: lo
12-03 17:56:41.557 I/AdvancedPorting-PORT_MODULE_NET( 2458): network_task while...  net_i:1
12-03 17:56:41.557 I/AdvancedPorting-PORT_MODULE_NET( 2458): network_task while---name_interface[0]=lo
12-03 17:56:41.557 I/AdvancedPorting-PORT_MODULE_NET( 2458): network_task while---name_interface[1]=eth0
12-03 17:56:41.557 I/AdvancedPorting-PORT_MODULE_NET( 2458): network_task while---interface_name=eth0
12-03 17:56:41.557 I/AdvancedPorting-PORT_MODULE_NET( 2458): network_get_netlink_status(in)--if_name=eth0
12-03 17:56:41.557 I/AdvancedPorting-PORT_MODULE_NET( 2458): net.network.isconnected = no
12-03 17:56:41.557 I/AdvancedPorting-PORT_MODULE_NET( 2458): eth0 --network_get_netlink_status return retval=1
12-03 17:56:41.557 I/AdvancedPorting-PORT_MODULE_NET( 2458): stat = 1 last_status = 1
12-03 17:56:42.253 D/RecentAppService( 2037): ╔═══════════════════════════════════════════════════════════════════════════════════════════════════
12-03 17:56:42.253 D/RecentAppService( 2037): ║ Timer-0, run(RecentAppService.java:87)
12-03 17:56:42.253 D/RecentAppService( 2037): ╟───────────────────────────────────────────────────────────────────────────────────────────────────
12-03 17:56:42.253 D/RecentAppService( 2037): ║ =>current top app is com.ccdt.app.tv.launcher
12-03 17:56:42.253 D/RecentAppService( 2037): ╚═══════════════════════════════════════════════════════════════════════════════════════════════════
12-03 17:56:42.305 D/NetworkMonitor( 2271): getNetworkStatus:true
12-03 17:56:42.353 E/AAAService( 1950): >>>------>get user info----> {"areaCode":"0000","balance":"10","caId":"8451203773313017X","custId":"4842987","custName":"AAA测试用户","firstFlag":"1","retrunMsg":"成功","returnCode":"0","userId":"5130664"}<------<<<
12-03 17:56:42.353 D/ipsystemupdateserver( 2228): AAA userInfo >>> {"areaCode":"0000","balance":"10","caId":"8451203773313017X","custId":"4842987","custName":"AAA测试用户","firstFlag":"1","retrunMsg":"成功","returnCode":"0","userId":"5130664"}
12-03 17:56:42.353 D/ipsystemupdateserver( 2228): AAA ret area code >>> 0000
12-03 17:56:42.421 V/DownloadService( 2128): ______changeDuration() , duration = 6903s
12-03 17:56:42.425 I/Advanced( 2458): [QUEUE] share_queue_sendEx size:1 4097 1317 0x6304fa80,postLoopId:0,dstid:1.
12-03 17:56:42.433 E/DownloadService( 2128): __________________mThreadCount = 1
12-03 17:56:42.557 I/AdvancedPorting-PORT_MODULE_NET( 2458): network_task while... 
12-03 17:56:42.557 I/AdvancedPorting-PORT_MODULE_NET( 2458): 0 interface name: lo
12-03 17:56:42.557 I/AdvancedPorting-PORT_MODULE_NET( 2458): 1 interface name: eth0
12-03 17:56:42.557 I/AdvancedPorting-PORT_MODULE_NET( 2458): First interface name: lo
12-03 17:56:42.557 I/AdvancedPorting-PORT_MODULE_NET( 2458): network_task while...  net_i:1
12-03 17:56:42.557 I/AdvancedPorting-PORT_MODULE_NET( 2458): network_task while---name_interface[0]=lo
12-03 17:56:42.557 I/AdvancedPorting-PORT_MODULE_NET( 2458): network_task while---name_interface[1]=eth0
12-03 17:56:42.557 I/AdvancedPorting-PORT_MODULE_NET( 2458): network_task while---interface_name=eth0
12-03 17:56:42.557 I/AdvancedPorting-PORT_MODULE_NET( 2458): network_get_netlink_status(in)--if_name=eth0
12-03 17:56:42.557 I/AdvancedPorting-PORT_MODULE_NET( 2458): net.network.isconnected = no
12-03 17:56:42.557 I/AdvancedPorting-PORT_MODULE_NET( 2458): eth0 --network_get_netlink_status return retval=1
12-03 17:56:42.557 I/AdvancedPorting-PORT_MODULE_NET( 2458): stat = 1 last_status = 1
12-03 17:56:42.625 I/Advanced( 2458): [QUEUE] share_queue_sendEx size:1 4097 1318 0x6304fa80,postLoopId:0,dstid:1.
12-03 17:56:43.097 D/DAService( 2048): sendInfo 5 min start!
12-03 17:56:43.109 E/DAService( 2048): mLastEvInfo null!
12-03 17:56:43.313 D/NETMANAGER( 1770): Start to accept.
12-03 17:56:43.417 V/DownloadService( 2128): ______changeDuration() , duration = 6902s
12-03 17:56:43.421 E/DownloadService( 2128): __________________mThreadCount = 1
12-03 17:56:43.433 I/Advanced( 2458): [QUEUE] share_queue_sendEx size:1 4097 1322 0x6304fa80,postLoopId:0,dstid:1.
12-03 17:56:43.541 D/CAS     ( 1250): [1566][CAS] CA UpdateFlash [1][Size:0xF000].
12-03 17:56:43.557 I/AdvancedPorting-PORT_MODULE_NET( 2458): network_task while... 
12-03 17:56:43.557 I/AdvancedPorting-PORT_MODULE_NET( 2458): 0 interface name: lo
12-03 17:56:43.557 I/AdvancedPorting-PORT_MODULE_NET( 2458): 1 interface name: eth0
12-03 17:56:43.557 I/AdvancedPorting-PORT_MODULE_NET( 2458): First interface name: lo
12-03 17:56:43.557 I/AdvancedPorting-PORT_MODULE_NET( 2458): network_task while...  net_i:1
12-03 17:56:43.557 I/AdvancedPorting-PORT_MODULE_NET( 2458): network_task while---name_interface[0]=lo
12-03 17:56:43.557 I/AdvancedPorting-PORT_MODULE_NET( 2458): network_task while---name_interface[1]=eth0
12-03 17:56:43.557 I/AdvancedPorting-PORT_MODULE_NET( 2458): network_task while---interface_name=eth0
12-03 17:56:43.557 I/AdvancedPorting-PORT_MODULE_NET( 2458): network_get_netlink_status(in)--if_name=eth0
12-03 17:56:43.557 I/AdvancedPorting-PORT_MODULE_NET( 2458): net.network.isconnected = no
12-03 17:56:43.557 I/AdvancedPorting-PORT_MODULE_NET( 2458): eth0 --network_get_netlink_status return retval=1
12-03 17:56:43.557 I/AdvancedPorting-PORT_MODULE_NET( 2458): stat = 1 last_status = 1
12-03 17:56:43.565 D/CAS     ( 1250): [1566][CAS] CA UpdateFlash [2][Size:0xF000].
12-03 17:56:43.637 I/Advanced( 2458): [QUEUE] share_queue_sendEx size:1 4097 1323 0x6304fa80,postLoopId:0,dstid:1.
12-03 17:56:43.789 W/System.err( 2392): java.net.SocketTimeoutException
12-03 17:56:43.789 W/System.err( 2392): 	at libcore.io.IoBridge.maybeThrowAfterRecvfrom(IoBridge.java:551)
12-03 17:56:43.789 W/System.err( 2392): 	at libcore.io.IoBridge.recvfrom(IoBridge.java:509)
12-03 17:56:43.789 W/System.err( 2392): 	at java.net.PlainDatagramSocketImpl.doRecv(PlainDatagramSocketImpl.java:161)
12-03 17:56:43.789 W/System.err( 2392): 	at java.net.PlainDatagramSocketImpl.receive(PlainDatagramSocketImpl.java:169)
12-03 17:56:43.789 W/System.err( 2392): 	at java.net.DatagramSocket.receive(DatagramSocket.java:250)
12-03 17:56:43.789 W/System.err( 2392): 	at com.coship.mes.stbsdk.apis.UDPClientManager.receiveData(UDPClientManager.java:146)
