12-31 16:00:02.003 D/CAS     ( 1252): [1252][CAS] CA_GetNvmISO BlockA [Size:0xF000].
12-31 16:00:02.011 D/CAS     ( 1252): [1252][CAS] CA_GetNvmISO BlockB [Size:0xF000].
12-31 16:00:02.011 D/CAS     ( 1252): [1252][CAS Nvm] Nvm Init!!!
12-31 16:00:02.011 D/CAS     ( 1252): [1252][CAS] DEMUX Init OK.
12-31 16:00:02.011 D/DD      ( 1252): <1252>[dd_descramble][FUNC:DDErrorCode DD_DSM_Init() LINE:163]Enter
12-31 16:00:02.015 I/MiSysSrv( 1117): [0m[HAL_DSCMB_SetBank][265] Set bank 0x9e7d8000
12-31 16:00:02.015 D/DD      ( 1252): <1252>[dd_descramble][FUNC:DDErrorCode DD_DSM_Init() LINE:188]Exit Success
12-31 16:00:02.015 D/CAS     ( 1252): [1252][CAS MULTI] CAS_MultiDescramInit.
12-31 16:00:02.015 D/CAS     ( 1252): [1252][CAS] Service Init OK.
12-31 16:00:02.015 D/CAS     ( 1252): [1252][CAS] CAS_Interface_Init OK.
12-31 16:00:02.015 D/CAS     ( 1252): [1252][CAS OS] Sema Init  B73DCDA8!!!
12-31 16:00:02.015 D/CAS     ( 1252): [1252][CAS OS] Sema Init  B73DCDD8!!!
12-31 16:00:02.015 D/CAS     ( 1252): [1252][CAS OS] Sema Init  B73DCE08!!!
12-31 16:00:02.015 D/CAS     ( 1252): [1252][CAS OS] Sema Init  B73DCE38!!!
12-31 16:00:02.015 D/CAS     ( 1252): [1252][CAS OS] Sema Init  B73DCE68!!!
12-31 16:00:02.015 D/CAS     ( 1252): [1252][CAS OS] Sema Init  B73DCE98!!!
12-31 16:00:02.015 D/CAS     ( 1252): [1252][CAS OS] Sema Init  B73DCEC8!!!
12-31 16:00:02.015 D/CAS     ( 1252): [1252][CAS OS] Sema Init  B73DCEF8!!!
12-31 16:00:02.015 D/CAS     ( 1252): [1252][CAS OS] Sema Init  B73DCF28!!!
12-31 16:00:02.015 D/CAS     ( 1252): [1252][CAS OS] Sema Init  B73DCF58!!!
12-31 16:00:02.015 D/CAS     ( 1252): [1252][CAS OS] Sema Init  B73DCF88!!!
12-31 16:00:02.015 D/CAS     ( 1252): [1252][CAS] CDSTBCA_GetSTBID Platform 0x144C, STB ID 0x84108151.
12-31 16:00:02.015 D/CAS     ( 1252): [1252][CAS] CDSTBCA_ReadBuffer, Block 1, Lenth 43776.
12-31 16:00:02.015 D/CAS     ( 1252): [1252][CAS] CDSTBCA_ReadBuffer, Block 2, Lenth 38224.
12-31 16:00:02.015 D/CAS     ( 1252): [1252][CAS] CDSTBCA_ReadBuffer, Block 1, Lenth 170.
12-31 16:00:02.015 D/DD      ( 1252): [DD_OS_ThreadCreate]name = CDCA_MSG_task,nPriority = 50,nStackSize = 0x2800
12-31 16:00:02.015 D/CAS     ( 1252): [1252][CAS OS] Create Task [CDCA_MSG_task][P:50].
12-31 16:00:02.015 D/DD      ( 1252): [DD_OS_ThreadCreate]name = CDCA_EMM_task,nPriority = 50,nStackSize = 0x2800
12-31 16:00:02.019 D/CAS     ( 1252): [1252][CAS OS] Create Task [CDCA_EMM_task][P:50].
12-31 16:00:02.019 D/DD      ( 1252): [DD_OS_ThreadCreate]name = CDCA_ECM_task,nPriority = 50,nStackSize = 0x2800
12-31 16:00:02.019 D/CAS     ( 1252): [1252][CAS OS] Create Task [CDCA_ECM_task][P:50].
12-31 16:00:02.019 D/CAS     ( 1252): [1252][CAS] CDCASTB_Init OK.
12-31 16:00:02.019 D/DD      ( 1252): [DD_OS_ThreadCreate]name = CASCTask,nPriority = 200,nStackSize = 0x1000
12-31 16:00:02.019 D/DD      ( 1252): <1252>[dd_smartcard][FUNC:DD_SMC_Open LINE:219]Enter
12-31 16:00:02.019 D/DD      ( 1252): <1252>[dd_smartcard][FUNC:DD_SMC_Open LINE:290]SMC freq=[0]
12-31 16:00:02.019 D/DD      ( 1252): <1252>[dd_smartcard][FUNC:DD_SMC_Open LINE:331]DD_SMC_SetParams is NOT called !!!
12-31 16:00:02.019 I/MiSysSrv( 1117): HAL_SC_Init In
12-31 16:00:02.019 I/MiSysSrv( 1117): Do reg_sm0_open
12-31 16:00:02.019 I/MiSysSrv( 1117): HAL_SC_SetClk,221
12-31 16:00:02.023 I/MiSysSrv( 1117): 3080
12-31 16:00:02.031 I/MiSysSrv( 1117): Send EVENT_NOTIFY_TEMPLATE
12-31 16:00:02.035 D/DD      ( 1252): <1370>[dd_smartcard][FUNC:_SmcCallbackFunc LINE:127]Enter
12-31 16:00:02.039 D/dalvikvm( 1104): GC_FOR_ALLOC freed 112K, 9% free 1298K/1412K, paused 12ms, total 12ms
12-31 16:00:02.067 D/CAS     ( 1252): [1252][CAS SC0] SCARD Insert!
12-31 16:00:02.067 D/DD      ( 1252): <1252>[dd_smartcard][FUNC:DD_SMC_Open LINE:422]CallBack DD_SMC_IN Happened.
12-31 16:00:02.067 D/DD      ( 1252): <1252>[dd_smartcard][FUNC:DD_SMC_Open LINE:428]bIsCardIn = 1
12-31 16:00:02.067 D/DD      ( 1252): <1252>[dd_smartcard][FUNC:DD_SMC_Open LINE:431]Exit Success
12-31 16:00:02.095 D/DD      ( 1252): <1577>[dd_tuner][FUNC:dd_tuner_task LINE:368]Not Start!
12-31 16:00:02.119 D/CAS     ( 1252): [1580][CAS SC] CDSTBCA_SCReset called.
12-31 16:00:02.119 D/CAS     ( 1252): [1580][CAS SC] SCard Checking! 0.
12-31 16:00:02.119 D/DvbNative( 1252): [1580]<[CasApi, callbackProxy(), 1528]> ### callbackProxy(), type=4096, param=0x0
12-31 16:00:02.119 W/DvbNative( 1252): [1580]<[CasApi, callbackProxy(), 1530]> [warn] ### not callback register! 
12-31 16:00:02.119 D/CAS     ( 1252): [1580][CAS] Send UI Callback 0x1000!!!
12-31 16:00:02.119 D/DvbNative( 1252): [1580]<[CasApi, callbackProxy(), 1528]> ### callbackProxy(), type=1, param=0x0
12-31 16:00:02.119 W/DvbNative( 1252): [1580]<[CasApi, callbackProxy(), 1530]> [warn] ### not callback register! 
12-31 16:00:02.119 D/CAS     ( 1252): [1580][CAS] Send UI Callback 0x0001!!!
12-31 16:00:02.119 D/DD      ( 1252): <1580>[dd_smartcard][FUNC:DD_SMC_Reset LINE:473]Enter
12-31 16:00:02.119 I/MiSysSrv( 1117): HAL_SC_SetClk,221
12-31 16:00:02.119 I/MiSysSrv( 1117): 8
12-31 16:00:02.167 D/CAS     ( 1252): [1252][CAS]  Init OK, CA Lib ver 0x113454A5!
12-31 16:00:02.167 D/CAS     ( 1252): [1252][CAS] CAS_GetScardInfo!!!
12-31 16:00:02.167 D/CAS     ( 1252): [1252][CAS] CAS_GetScardInfo end!!!
12-31 16:00:02.167 E/DvbNative( 1252): [1252][01;31m<[CasApi, SaveCasInfos(), 82]> [error] ### read smart card info failed! ret=0, status=255[0m
12-31 16:00:02.167 D/DvbNative( 1252): [1252]<[CmnCasInterface, saveCasInfo(), 1069]> ### [CDCAS] save smart card serial number = 0
12-31 16:00:02.171 D/DvbNative( 1252): [1252]<[CmnCasInterface, saveCasInfo(), 1082]> ### [CDCAS] save smart card id = 0
12-31 16:00:02.171 D/DvbNative( 1252): [1252]<[CmnCasInterface, saveCasInfo(), 1087]> ### [CDCAS] save smart card version = 0
12-31 16:00:02.171 D/DvbNative( 1252): [1252]<[CmnCasInterface, saveCasInfo(), 1097]> ### [CDCAS] save cas version = 0
12-31 16:00:02.175 D/DvbNative( 1252): [1252]<[CmnCasInterface, getInstance(), 79]> ### initialize ok. obj=0xb73db048, type=196608
12-31 16:00:02.175 D/DvbNative( 1252): [1252]<[Initializer, Initialize(), 731]> ### get cas instance! category=CDCAS
12-31 16:00:02.175 D/DvbNative( 1252): [1252]<[Initializer, _IPOTA_ScardSnChanged(), 610]> ### scard sn changed! scardSn=''
12-31 16:00:02.175 E/DvbNative( 1252): [1252][01;31m<[ConfigBase, getAsString(), 199]> [error] ### get config value failed! key=PrintDebugInfoSec[0m
12-31 16:00:02.175 D/DvbNative( 1252): [1252]<[BootErrDetect, startRunning(), 284]> ### disable bootup error detection!
12-31 16:00:02.179 D/DvbNative( 1252): [1252]<[Initializer, _IPOTA_UpdateInfoPropertyAfterInit(), 555]> ### persist.sys.IpOta.HwVer : '01.01.05.41'
12-31 16:00:02.179 D/DvbNative( 1252): [1252]<[Initializer, _IPOTA_UpdateInfoPropertyAfterInit(), 567]> ### persist.sys.IpOta.SwVer : '00.00.03.08'
12-31 16:00:02.179 E/DvbNative( 1252): [1252][01;31m<[Initializer, _IPOTA_UpdateInfoPropertyAfterInit(), 599]> [error] ### parser stb sn failed! SN='280a0e1020fe13012e31001a170a0e3563412ef00fe11a020e2'[0m
12-31 16:00:02.179 D/DvbNative( 1252): [1252]<[Initializer, Initialize(), 801]> ### #######################################################
12-31 16:00:02.179 D/DvbNative( 1252): [1252]<[Initializer, Initialize(), 802]> ### ################     Initialize end     ###############
12-31 16:00:02.179 D/DvbNative( 1252): [1252]<[Initializer, Initialize(), 803]> ### #######################################################
12-31 16:00:02.179 D/DvbNative( 1252): [1252]<[CmnService, instantiate(), 703]> ### ===>>>>>>>>>>[3] start ServiceStub
12-31 16:00:02.179 I/DvbNative( 1252): [1252]before initialize module Unspecific
12-31 16:00:02.179 E/DvbNative( 1252): [1252][01;31m<[ModuleProxy, globalInitialize(), 141]> [error] ### leak module, please check!!! module=Unspecific[0m
12-31 16:00:02.179 I/DvbNative( 1252): [1252]after initialize module Unspecific
12-31 16:00:02.179 I/DvbNative( 1252): [1252]before initialize module BootupActions
12-31 16:00:02.179 I/DvbNative( 1252): [1252]after initialize module BootupActions
12-31 16:00:02.179 I/DvbNative( 1252): [1252]before initialize module LivePlay
12-31 16:00:02.179 I/DvbNative( 1252): [1252]after initialize module LivePlay
12-31 16:00:02.179 I/DvbNative( 1252): [1252]before initialize module RawPlay
12-31 16:00:02.179 I/DvbNative( 1252): [1252]after initialize module RawPlay
12-31 16:00:02.179 I/DvbNative( 1252): [1252]before initialize module LiveSearch
12-31 16:00:02.179 V/DvbNative( 1252): [1252]<[MGExt_LiveSearch, MGExt_LiveSearch(), 30]> ### ========= trace =========
12-31 16:00:02.179 I/DvbNative( 1252): [1252]after initialize module LiveSearch
12-31 16:00:02.179 I/DvbNative( 1252): [1252]before initialize module CAS
12-31 16:00:02.179 I/DvbNative( 1252): [1252]after initialize module CAS
12-31 16:00:02.179 I/DvbNative( 1252): [1252]before initialize module Epg
12-31 16:00:02.179 I/DvbNative( 1252): [1252]after initialize module Epg
12-31 16:00:02.179 I/DvbNative( 1252): [1252]before initialize module Bouquet
12-31 16:00:02.179 I/DvbNative( 1252): [1252]after initialize module Bouquet
12-31 16:00:02.179 I/DvbNative( 1252): [1252]before initialize module SystemInfo
12-31 16:00:02.179 I/DvbNative( 1252): [1252]after initialize module SystemInfo
12-31 16:00:02.179 I/DvbNative( 1252): [1252]before initialize module SystemControl
12-31 16:00:02.179 I/DvbNative( 1252): [1252]after initialize module SystemControl
12-31 16:00:02.179 I/DvbNative( 1252): [1252]before initialize module DvbUpdate
12-31 16:00:02.179 I/DvbNative( 1252): [1252]after initialize module DvbUpdate
12-31 16:00:02.179 I/DvbNative( 1252): [1252]before initialize module IVIP
12-31 16:00:02.179 E/DvbNative( 1252): [1252][01;31m<[ModuleProxy, globalInitialize(), 141]> [error] ### leak module, please check!!! module=IVIP[0m
12-31 16:00:02.179 I/DvbNative( 1252): [1252]after initialize module IVIP
12-31 16:00:02.179 I/DvbNative( 1252): [1252]before initialize module OcDcDownLoad
12-31 16:00:02.179 I/DvbNative( 1252): [1252]after initialize module OcDcDownLoad
12-31 16:00:02.179 I/DvbNative( 1252): [1252]before initialize module Star
12-31 16:00:02.183 E/DvbNative( 1252): [1252][01;31m<[ModuleProxy, globalInitialize(), 141]> [error] ### leak module, please check!!! module=Star[0m
12-31 16:00:02.183 I/DvbNative( 1252): [1252]after initialize module Star
12-31 16:00:02.183 I/DvbNative( 1252): [1252]before initialize module PesFilter
12-31 16:00:02.183 D/DvbNative( 1252): [1252]<[MGExt_PesFilter, MGExt_PesFilter(), 239]> ### enter! this=0xb73df4a8
12-31 16:00:02.183 D/DvbNative( 1252): [1252]<[MGExt_PesFilter, _globalInitialize(), 255]> ### [CFG] ApiMaxPesFilterCnt=8
12-31 16:00:02.183 I/DvbNative( 1252): [1252]after initialize module PesFilter
12-31 16:00:02.183 I/DvbNative( 1252): [1252]before initialize module SectionFilter
12-31 16:00:02.183 D/DvbNative( 1252): [1252]<[MGExt_SectionFilter, MGExt_SectionFilter(), 259]> ### enter! this=0xb73df4b8
12-31 16:00:02.183 D/DvbNative( 1252): [1252]<[MGExt_SectionFilter, _globalInitialize(), 275]> ### [CFG] ApiMaxSectionFilterCnt=8
12-31 16:00:02.183 I/DvbNative( 1252): [1252]after initialize module SectionFilter
12-31 16:00:02.183 I/DvbNative( 1252): [1252]before initialize module PvrRecord
12-31 16:00:02.183 E/DvbNative( 1252): [1252][01;31m<[ModuleProxy, globalInitialize(), 141]> [error] ### leak module, please check!!! module=PvrRecord[0m
12-31 16:00:02.183 I/DvbNative( 1252): [1252]after initialize module PvrRecord
12-31 16:00:02.183 I/DvbNative( 1252): [1252]before initialize module PvrPlayback
12-31 16:00:02.183 E/DvbNative( 1252): [1252][01;31m<[ModuleProxy, globalInitialize(), 141]> [error] ### leak module, please check!!! module=PvrPlayback[0m
12-31 16:00:02.183 I/DvbNative( 1252): [1252]after initialize module PvrPlayback
12-31 16:00:02.183 I/DvbNative( 1252): [1252]before initialize module PvrPlaybackList
12-31 16:00:02.183 E/DvbNative( 1252): [1252][01;31m<[ModuleProxy, globalInitialize(), 141]> [error] ### leak module, please check!!! module=PvrPlaybackList[0m
12-31 16:00:02.183 I/DvbNative( 1252): [1252]after initialize module PvrPlaybackList
12-31 16:00:02.183 I/DvbNative( 1252): [1252]before initialize module MosaicCapture
12-31 16:00:02.183 I/DvbNative( 1252): [1252]after initialize module MosaicCapture
12-31 16:00:02.183 I/DvbNative( 1252): [1252]before initialize module MosaicPlay
12-31 16:00:02.183 I/DvbNative( 1252): [1252]after initialize module MosaicPlay
12-31 16:00:02.183 I/DvbNative( 1252): [1252]before initialize module Resource
12-31 16:00:02.183 I/DvbNative( 1252): [1252]after initialize module Resource
12-31 16:00:02.183 I/DvbNative( 1252): [1252]before initialize module Adv
12-31 16:00:02.183 I/DvbNative( 1252): [1252]after initialize module Adv
12-31 16:00:02.183 D/DvbNative( 1252): [1252]<[CmnService, instantiate(), 706]> ### ===>>>>>>>>>>[4] start PropertyStub
12-31 16:00:02.183 D/DvbNative( 1252): [1252]<[CmnService, instantiate(), 708]> ### <<<<<========== all have been started
12-31 16:00:02.183 D/DvbNative( 1252): [1252]<[main_dvbserver, main(), 64]> ### start bootup actions
12-31 16:00:02.183 D/DvbNative( 1252): [1252]<[BootupActions, _globalInitialize(), 58]> ### prepare to initialize! 
12-31 16:00:02.183 D/DvbNative( 1252): [1252]<[BootupActions, _globalInitialize(), 70]> ### initialize end! 
12-31 16:00:02.183 D/DvbNative( 1252): [1252]<[BootupActions, startActions(), 655]> ### prepare to start bootup actions
12-31 16:00:02.187 D/DvbNative( 1252): [1588]<[MGExt_Adv, onThreadWorking(), 169]> ### boot process start!
12-31 16:00:02.187 D/DvbNative( 1252): [1588]<[MGExt_Adv, onThreadWorking(), 176]> ### install key complete in bootup
12-31 16:00:02.191 D/DvbNative( 1252): [1589]<[PropertyStub, onThreadWorking(), 1392]> ### enter PropertyStub's working thread
12-31 16:00:02.191 D/DvbNative( 1252): [1589]<[PropertyStub, registerPropertyCmd(), 1326]> ### register property command. key=sys.Standby, proc=0xb6dea7f5
12-31 16:00:02.191 D/DvbNative( 1252): [1589]<[PropertyStub, registerPropertyCmd(), 1326]> ### register property command. key=sys.SimuStandBy, proc=0xb6dea369
12-31 16:00:02.191 D/DvbNative( 1252): [1589]<[PropertyStub, registerPropertyCmd(), 1326]> ### register property command. key=persist.sys.GraphicAlpha, proc=0xb6dea051
12-31 16:00:02.191 D/DvbNative( 1252): [1589]<[PropertyStub, registerPropertyCmd(), 1326]> ### register property command. key=persist.sys.TotSwitcher, proc=0xb6de8fcd
12-31 16:00:02.191 D/DvbNative( 1252): [1589]<[PropertyStub, registerPropertyCmd(), 1326]> ### register property command. key=persist.sys.TdtSwitcher, proc=0xb6de8c09
12-31 16:00:02.191 D/DvbNative( 1252): [1589]<[PropertyStub, registerPropertyCmd(), 1326]> ### register property command. key=sys.cmd.FpLed, proc=0xb6deaad5
12-31 16:00:02.191 D/DvbNative( 1252): [1589]<[PropertyStub, registerPropertyCmd(), 1326]> ### register property command. key=sys.cmd.SystemCall, proc=0xb6de83b9
12-31 16:00:02.191 D/DvbNative( 1252): [1589]<[PropertyStub, registerPropertyCmd(), 1326]> ### register property command. key=sys.cmd.BackupDvbDatabase, proc=0xb6de9dbd
12-31 16:00:02.191 D/DvbNative( 1252): [1589]<[PropertyStub, registerPropertyCmd(), 1326]> ### register property command. key=sys.cmd.resume.db.file, proc=0xb6deb255
12-31 16:00:02.191 D/DvbNative( 1252): [1589]<[PropertyStub, registerPropertyCmd(), 1326]> ### register property command. key=sys.cmd.resume.db.xml, proc=0xb6deace5
12-31 16:00:02.191 D/DvbNative( 1252): [1589]<[PropertyStub, registerPropertyCmd(), 1326]> ### register property command. key=sys.cmd.ApkInstall, proc=0xb6de9cad
12-31 16:00:02.191 D/DvbNative( 1252): [1589]<[PropertyStub, registerPropertyCmd(), 1326]> ### register property command. key=sys.cmd.TunerLock, proc=0xb6deca75
12-31 16:00:02.191 D/DvbNative( 1252): [1589]<[PropertyStub, registerPropertyCmd(), 1326]> ### register property command. key=sys.cmd.VideoZOrder, proc=0xb6de9969
12-31 16:00:02.191 D/DvbNative( 1252): [1589]<[PropertyStub, registerPropertyCmd(), 1326]> ### register property command. key=sys.cmd.TsRecorder, proc=0xb6debb2d
12-31 16:00:02.191 D/DvbNative( 1252): [1589]<[PropertyStub, registerPropertyCmd(), 1326]> ### register property command. key=sys.cmd.Upgrade, proc=0xb6de9675
12-31 16:00:02.191 D/DvbNative( 1252): [1589]<[PropertyStub, registerPropertyCmd(), 1326]> ### register property command. key=sys.cmd.CasLibSwitch, proc=0xb6de9391
12-31 16:00:02.191 D/DvbNative( 1252): [1589]<[PropertyStub, onThreadWorking(), 1416]> ### prepare to listen property command
12-31 16:00:02.191 D/EventHub( 1252): No input device configuration file found for device 'vinput'.
12-31 16:00:02.191 D/DvbNative( 1252): [1252]<[BootupActions, startActions(), 667]> ### database location is /dvb/databases/dvb/dvb 
12-31 16:00:02.195 D/DD      ( 1252): <1577>[dd_tuner][FUNC:dd_tuner_task LINE:368]Not Start!
12-31 16:00:02.195 D/DvbNative( 1252): [1252]<[BootupActions, startActions(), 671]> ### check database Ok!
12-31 16:00:02.195 D/DvbNative( 1252): [1252]<[BootupActions, startActions(), 695]> ### ota work mode is ''
12-31 16:00:02.195 D/DvbNative( 1252): [1252]<[BootupActions, startActions(), 708]> ### need detect OTA update! param=227000:6875:3:8000, freqKHz=227000, symbKHz=6875, modu=3, timeoutMs=8000 
12-31 16:00:02.195 D/DvbNative( 1252): [1252]<[BootupActions, startActions(), 734]> ### need detect ServList update! param=227000:6875:3:8000, freqKHz=227000, symbKHz=6875, modu=3, timeoutMs=8000 
12-31 16:00:02.195 D/DvbNative( 1252): [1252]<[BootupActions, _getNitVersion(), 561]> ### database location is /dvb/databases/dvb/dvb 
12-31 16:00:02.195 D/DvbNative( 1252): [1252]<[BootupActions, _getNitVersion(), 580]> ### searchNitVerByFre: search tb Data_Transponders, the freqencyKhz is 227000 
12-31 16:00:02.219 D/DvbNative( 1252): [1252]<[BootupActions, _getNitVersion(), 605]> ### searchNitVerByFre: search tb Data_Networks, the networkid is 1 
12-31 16:00:02.219 W/EventHub( 1252): Unable to disable kernel key repeat for /dev/input/event2: Function not implemented
12-31 16:00:02.223 I/EventHub( 1252): New device: id=1, fd=31, path='/dev/input/event2', name='vinput', classes=0x8000006f, configuration='', keyLayout='/system/usr/keylayout/Generic.kl', keyCharacterMap='/system/usr/keychars/Generic.kcm', builtinKeyboard=false, usingSuspendBlockIoctl=false, usingClockIoctl=true
12-31 16:00:02.223 D/DvbNative( 1252): [1252]<[BootupActions, _getNitVersion(), 622]> ### search db success, NIT version is -1
12-31 16:00:02.223 E/DvbNative( 1252): [1252][01;31m<[BootupActions, startActions(), 744]> [error] ### get NIT version failed! NitVersion=4294967295[0m
12-31 16:00:02.223 E/EventHub( 1252): could not get driver version for /dev/input/mouse1, Not a typewriter
12-31 16:00:02.223 D/DvbNative( 1252): [1355]<[BootupActions, _msgProc_StartBootupDetect(), 274]> ### prepare to start OTA upgrade detect! detectTpFlag=0x1, lockParam={tp=<227000,6875,3>, usbLnb=0}
12-31 16:00:02.223 V/DvbNative( 1252): [1355]<[Detector, startDetectTp(), 656]> ### ========= trace =========
12-31 16:00:02.223 D/DvbNative( 1252): [1355]<[Detector, startDetectTp(), 693]> ### [CFG] parser ota pid convert! cfg=41=8112;45=8114;39=8116;50=8120;46=8118;55=8122 
12-31 16:00:02.223 D/DvbNative( 1252): [1355]<[Detector, startDetectTp(), 704]> ### [CFG] parser ota pid  manufactureId=39,otaPid=8116
12-31 16:00:02.223 D/DvbNative( 1252): [1355]<[Detector, startDetectTp(), 704]> ### [CFG] parser ota pid  manufactureId=41,otaPid=8112
12-31 16:00:02.223 D/DvbNative( 1252): [1355]<[Detector, startDetectTp(), 704]> ### [CFG] parser ota pid  manufactureId=45,otaPid=8114
12-31 16:00:02.223 D/DvbNative( 1252): [1355]<[Detector, startDetectTp(), 704]> ### [CFG] parser ota pid  manufactureId=46,otaPid=8118
12-31 16:00:02.223 D/DvbNative( 1252): [1355]<[Detector, startDetectTp(), 704]> ### [CFG] parser ota pid  manufactureId=50,otaPid=8120
12-31 16:00:02.223 D/DvbNative( 1252): [1355]<[Detector, startDetectTp(), 704]> ### [CFG] parser ota pid  manufactureId=55,otaPid=8122
12-31 16:00:02.223 D/DvbNative( 1252): [1355]<[Detector, startDetectTp(), 710]> ### [CFG] parser ota pid convert end! count=6
12-31 16:00:02.227 D/DvbNative( 1252): [1355]<[Detector, startDetectTp(), 713]> ### [CFG] parser ota pid convert end! srcBoxId=41
12-31 16:00:02.227 D/DvbNative( 1252): [1355]<[Detector, startDetectTp(), 722]> ### ota pid converted! manufactureId=41, otaPid=8112
12-31 16:00:02.227 D/DvbNative( 1252): [1355]<[BootupActions, _msgProc_StartBootupDetect(), 299]> ### current detect timeout is 8000
12-31 16:00:02.227 V/DvbNative( 1252): [1355]<[IProgramRegionControl, IProgramRegionControl(), 505]> ### ========= trace =========
12-31 16:00:02.227 D/DvbNative( 1252): [1355]<[IProgramRegionControl, IProgramRegionControl(), 509]> ### mCasRegionCode=0
12-31 16:00:02.227 D/DvbNative( 1252): [1355]<[IProgramRegionControl, IProgramRegionControl(), 520]> ### ### program follow version is 255
12-31 16:00:02.227 D/DvbNative( 1252): [1355]<[BootupActions, _msgProc_DectFollowProTable(), 631]> ### after IProgramRegionControl::getInstance();
12-31 16:00:02.231 V/DvbNative( 1252): [1355]<[Detector, _msgProc_StartDetectTp(), 335]> ### ========= trace =========
12-31 16:00:02.231 D/DvbNative( 1252): [1355]<[Tuner, _printTunerInfo(), 267]> ### =========>>>>>>===== force lock tuner request =====<<<<<<========= count=1
12-31 16:00:02.231 D/DvbNative( 1252): [1355]<[Tuner, ForceLock(), 1912]> ### request to lock: tpParam=<227000,6875,3,4294967295>, useLnb=0, lnbParam=<18,0,4294967295,4294967295,0,0,0,0,0,255,0>
12-31 16:00:02.231 D/DvbNative( 1252): [1355]<[Tuner, ForceLock(), 2006]> ### try to force lock tuner. tunerId=0, status=Unlock(3)
12-31 16:00:02.231 D/DvbNative( 1252): [1355]<[Tuner, _tunerTuneInner(), 459]> ### enter! tunerId=0, type=101, NestUseCount=0, tpParam=<227000,6875,3,4294967295>, useLnb=0, lnbParam=<18,0,4294967295,4294967295,0,0,0,0,0,255,0>
12-31 16:00:02.231 D/DvbNative( 1252): [1355]<[Tuner, _tunerTuneInner(), 603]> ### configure DVBC/C2 tune parameters. type=101(DVB_C)
12-31 16:00:02.231 D/DvbNative( 1252): [1355]<[Tuner, _tunerTuneInner(), 619]> ### DD param: uFrequency=227000, uSymbolRate=6875000, uModulation=3
12-31 16:00:02.231 D/DD      ( 1252): <1355>[dd_tuner][FUNC:DD_Tuner_AddCallback LINE:721]Enter
12-31 16:00:02.231 D/DD      ( 1252): <1355>[dd_tuner][FUNC:DD_Tuner_AddCallback LINE:743]the callback is already register!
12-31 16:00:02.231 D/DD      ( 1252): <1355>[dd_tuner][FUNC:DD_Tuner_AddCallback LINE:744]Exit Success
12-31 16:00:02.231 D/DD      ( 1252): <1355>[dd_tuner][FUNC:DD_Tuner_Connect LINE:581]Enter
12-31 16:00:02.231 D/DD      ( 1252): <1355>[dd_tuner][FUNC:DD_Tuner_Connect LINE:605]frq 227000, QAM 3, SymbolRate 6875000, dwTunerId 0
12-31 16:00:02.231 I/MiSysSrv( 1117): [DTV_SetTune][665][MXL608]hy_tuner [tune]Freq:227.000000,eBandWidth:3,eMode:2
12-31 16:00:02.231 I/MiSysSrv( 1117): [DTV_SetTune][681][MXL608]hy_tuner ============================>DTV_SetTune 8M
12-31 16:00:02.231 I/MiSysSrv( 1117): MxLWare608_API_CfgTunerChanTune, signal type = 0, Freq = 227000000, BW = 2, Xtal = 0 
12-31 16:00:02.247 D/DvbNative( 1252): [1594]<[IProgramRegionControl, _msgProc_StartSearch(), 1034]> ### enter,type = 1
12-31 16:00:02.247 D/DvbNative( 1252): [1594]<[Tuner, _printTunerInfo(), 267]> ### =========>>>>>>===== force lock tuner request =====<<<<<<========= count=1
12-31 16:00:02.251 D/DvbNative( 1252): [1594]<[Tuner, ForceLock(), 1912]> ### request to lock: tpParam=<227000,6875,3,4294967295>, useLnb=0, lnbParam=<18,0,4294967295,4294967295,0,0,0,0,0,255,0>
12-31 16:00:02.251 D/DvbNative( 1252): [1594]<[Tuner, ForceLock(), 2006]> ### try to force lock tuner. tunerId=0, status=Locking(2)
12-31 16:00:02.275 I/LibraryLoader( 1104): Loading: webviewchromium
12-31 16:00:02.275 D/EventHub( 1252): No input device configuration file found for device 'MCE IR Keyboard/Mouse (ir)'.
12-31 16:00:02.287 I/EventHub( 1252): New device: id=2, fd=23, path='/dev/input/event1', name='MCE IR Keyboard/Mouse (ir)', classes=0x6b, configuration='', keyLayout='/system/usr/keylayout/Generic.kl', keyCharacterMap='/system/usr/keychars/Generic.kcm', builtinKeyboard=false, usingSuspendBlockIoctl=false, usingClockIoctl=true
12-31 16:00:02.287 E/EventHub( 1252): could not get driver version for /dev/input/mouse0, Not a typewriter
12-31 16:00:02.287 I/MiSysSrv( 1117): MxLWare608_API_ReqTunerLockStatus RfSynthStatus = 1, RefSynthStatus = 1[MDrv_Tuner_SetTuner][511][MXL608]hy_tuner 
12-31 16:00:02.287 I/MiSysSrv( 1117): Tuner locked
12-31 16:00:02.291 I/MiSysSrv( 1117): [MDrv_Tuner_SetTuner][513][MXL608]hy_tuner MxL608_0x5B : 10
12-31 16:00:02.295 D/DD      ( 1252): <1577>[dd_tuner][FUNC:dd_tuner_task LINE:368]Not Start!
12-31 16:00:02.295 I/MiSysSrv( 1117): [MDrv_Tuner_SetTuner][515][MXL608]hy_tuner MxL608_0x5C : b1
12-31 16:00:02.295 I/MiSysSrv( 1117): [DTV_DVB_C_SetFrequency][846][DC2800]hy_tuner  device_demodulator_extend2
12-31 16:00:02.295 I/MiSysSrv( 1117): [DTV_DVB_C_SetFrequency][848][DC2800]hy_tuner u32Frequency:227000, [3, 6875, 2]
12-31 16:00:02.299 I/MiSysSrv( 1117): [DTV_DVB_C_SetFrequency][909][DC2800]hy_tuner device_demodulator_extend2 exit
12-31 16:00:02.303 D/DD      ( 1252): <1355>[dd_tuner][FUNC:DD_Tuner_Connect LINE:704]Exit Success
12-31 16:00:02.311 D/DvbNative( 1252): [1588]<[ADV_CORE, adv_init(), 2122]> ### adv@enter!
12-31 16:00:02.311 D/DD      ( 1252): [DD_OS_ThreadCreate]name = AdvCoreTask,nPriority = 100,nStackSize = 0x10000
12-31 16:00:02.311 V/DvbNative( 1252): [1588]<[ADV_CORE, adv_lock_fre(), 1851]> ### ========= trace =========
12-31 16:00:02.311 D/DD      ( 1252): <1588>[dd_tuner][FUNC:DD_Tuner_AddCallback LINE:721]Enter
12-31 16:00:02.311 D/DD      ( 1252): <1588>[dd_tuner][FUNC:DD_Tuner_AddCallback LINE:758]register the callback success ,0XB25E49FC!
12-31 16:00:02.311 D/DD      ( 1252): <1588>[dd_tuner][FUNC:DD_Tuner_AddCallback LINE:759]Exit Success
12-31 16:00:02.311 D/DD      ( 1252): <1588>[dd_tuner][FUNC:DD_Tuner_Connect LINE:581]Enter
12-31 16:00:02.311 D/DD      ( 1252): <1588>[dd_tuner][FUNC:DD_Tuner_Connect LINE:605]frq 227000, QAM 3, SymbolRate 6875000, dwTunerId 0
12-31 16:00:02.315 D/DD      ( 1252): <1588>[dd_tuner][FUNC:DD_Tuner_Connect LINE:635]the same frq 227000, QAM 3 ,tuner unlocked!!
12-31 16:00:02.315 I/MiSysSrv( 1117): [DTV_SetTune][665][MXL608]hy_tuner [tune]Freq:227.000000,eBandWidth:3,eMode:2
12-31 16:00:02.315 I/MiSysSrv( 1117): [DTV_SetTune][681][MXL608]hy_tuner ============================>DTV_SetTune 8M
12-31 16:00:02.315 I/MiSysSrv( 1117): MxLWare608_API_CfgTunerChanTune, signal type = 0, Freq = 227000000, BW = 2, Xtal = 0 
12-31 16:00:02.323 I/MiSysSrv( 1117): device_audio_amp_MSH9010:: Mute set unMute !
12-31 16:00:02.323 I/MiSysSrv( 1117): none MI_DBG_LVL_L in PROC_CMD_LINE!
12-31 16:00:02.323 I/MiSysSrv( 1117): none MI_DBG_LVL_H in PROC_CMD_LINE!
12-31 16:00:02.351 E/KeyLayoutMap( 1252): /system/usr/keylayout/Vendor_0001_Product_0001_Version_0100.kl:223: Expected key code label, got 'YUNOS_TV_MOUSE'.
12-31 16:00:02.355 W/EventHub( 1252): Unable to disable kernel key repeat for /dev/input/event0: Function not implemented
12-31 16:00:02.355 I/EventHub( 1252): New device: id=3, fd=33, path='/dev/input/event0', name='MStar Smart TV IR Receiver', classes=0x61, configuration='/system/usr/idc/Vendor_3697_Product_0001.idc', keyLayout='/system/usr/keylayout/Vendor_3697_Product_0001.kl', keyCharacterMap='/system/usr/keychars/Generic.kcm', builtinKeyboard=false, usingSuspendBlockIoctl=false, usingClockIoctl=true
12-31 16:00:02.355 E/EventHub( 1252): could not get driver version for /dev/input/mice, Not a typewriter
12-31 16:00:02.379 I/MiSysSrv( 1117): MxLWare608_API_ReqTunerLockStatus RfSynthStatus = 1, RefSynthStatus = 1[MDrv_Tuner_SetTuner][511][MXL608]hy_tuner 
12-31 16:00:02.379 I/MiSysSrv( 1117): Tuner locked
12-31 16:00:02.379 I/MiSysSrv( 1117): [MDrv_Tuner_SetTuner][513][MXL608]hy_tuner MxL608_0x5B : 10
12-31 16:00:02.383 I/MiSysSrv( 1117): [MDrv_Tuner_SetTuner][515][MXL608]hy_tuner MxL608_0x5C : b1
12-31 16:00:02.383 I/MiSysSrv( 1117): [DTV_DVB_C_SetFrequency][846][DC2800]hy_tuner  device_demodulator_extend2
12-31 16:00:02.383 I/MiSysSrv( 1117): [DTV_DVB_C_SetFrequency][848][DC2800]hy_tuner u32Frequency:227000, [3, 6875, 2]
12-31 16:00:02.383 I/MiSysSrv( 1117): [DTV_DVB_C_SetFrequency][884][DC2800]hy_tuner  you lock same  [227000 6875 64 3]  !!
12-31 16:00:02.383 I/MiSysSrv( 1117): [DTV_DVB_C_SetFrequency][909][DC2800]hy_tuner device_demodulator_extend2 exit
12-31 16:00:02.383 D/DD      ( 1252): <1588>[dd_tuner][FUNC:DD_Tuner_Connect LINE:704]Exit Success
12-31 16:00:02.383 D/DD      ( 1252): <1588>[dd_demux][FUNC:DD_Demux_ConnectTuner LINE:102]Enter
12-31 16:00:02.383 E/DD      ( 1252): tuner&demux already connected
12-31 16:00:02.383 D/DD      ( 1252): <1588>[dd_demux][FUNC:DD_Demux_ConnectTuner LINE:113]Exit Success
12-31 16:00:02.451 I/LibraryLoader( 1104): Time to load native libraries: 176 ms (timestamps 2281-2457)
12-31 16:00:02.451 I/LibraryLoader( 1104): Expected native library version number "",actual native library version number ""
12-31 16:00:02.727 D/dalvikvm( 1104): GC_FOR_ALLOC freed 180K, 11% free 1614K/1804K, paused 14ms, total 14ms
12-31 16:00:02.823 I/MiSysSrv( 1117): [37m[INFO] Change to Voltage: 115 mv (0x2A)[m
12-31 16:00:02.915 D/dalvikvm( 1104): GC_FOR_ALLOC freed 269K, 13% free 1858K/2128K, paused 20ms, total 20ms
12-31 16:00:03.027 D/dalvikvm( 1104): GC_FOR_ALLOC freed 267K, 12% free 2101K/2372K, paused 24ms, total 24ms
12-31 16:00:03.103 W/Zygote  ( 1104): Class not found for preloading: java.lang.UnsafeByteSequence
12-31 16:00:03.183 D/dalvikvm( 1104): GC_FOR_ALLOC freed 304K, 12% free 2315K/2624K, paused 26ms, total 26ms
12-31 16:00:03.279 I/MiSysSrv( 1117): HAL_SC_SetClk,221
12-31 16:00:03.279 D/DD      ( 1252): <1580>[dd_smartcard][FUNC:DD_SMC_Reset LINE:534]retrytime: 0
12-31 16:00:03.279 I/MiSysSrv( 1117): 8
12-31 16:00:03.279 D/DD      ( 1252): <1580>[dd_smartcard][FUNC:DD_SMC_Reset LINE:566]pucAtr[0] = 0x3b
12-31 16:00:03.279 D/DD      ( 1252): <1580>[dd_smartcard][FUNC:DD_SMC_Reset LINE:566]pucAtr[1] = 0x34
12-31 16:00:03.279 D/DD      ( 1252): <1580>[dd_smartcard][FUNC:DD_SMC_Reset LINE:566]pucAtr[2] = 0x94
12-31 16:00:03.279 D/DD      ( 1252): <1580>[dd_smartcard][FUNC:DD_SMC_Reset LINE:566]pucAtr[3] = 0x0
12-31 16:00:03.279 D/DD      ( 1252): <1580>[dd_smartcard][FUNC:DD_SMC_Reset LINE:566]pucAtr[4] = 0x30
12-31 16:00:03.279 D/DD      ( 1252): <1580>[dd_smartcard][FUNC:DD_SMC_Reset LINE:566]pucAtr[5] = 0x42
12-31 16:00:03.279 D/DD      ( 1252): <1580>[dd_smartcard][FUNC:DD_SMC_Reset LINE:566]pucAtr[6] = 0x30
12-31 16:00:03.279 D/DD      ( 1252): <1580>[dd_smartcard][FUNC:DD_SMC_Reset LINE:566]pucAtr[7] = 0x30
12-31 16:00:03.279 D/DD      ( 1252): <1580>[dd_smartcard][FUNC:DD_SMC_Reset LINE:569]Exit Success
12-31 16:00:03.279 D/DvbNative( 1252): [1580]<[CasApi, callbackProxy(), 1528]> ### callbackProxy(), type=4096, param=0x0
12-31 16:00:03.279 E/DvbNative( 1252): [1580][01;31m<[CasApi, CasDataToParcel(), 188]> [error] ### invalid param! token=-1, pInParam=0x0, pOutParcel=0xb2704898 [0m
12-31 16:00:03.279 E/DvbNative( 1252): [1580][01;31m<[MGExt_CAS, _CallBackProxy(), 132]> [error] ### no client exist![0m
12-31 16:00:03.279 D/CAS     ( 1252): [1580][CAS] Send UI Callback 0x1000!!!
12-31 16:00:03.279 D/DvbNative( 1252): [1580]<[CasApi, callbackProxy(), 1528]> ### callbackProxy(), type=1, param=0x0
12-31 16:00:03.279 D/CAS     ( 1252): [1580][CAS] [0] CAS_GetErrorStatus, 0.
12-31 16:00:03.279 E/DvbNative( 1252): [1580][01;31m<[CasApi, CasDataToParcel(), 188]> [error] ### invalid param! token=-1, pInParam=0x0, pOutParcel=0xb2704898 [0m
12-31 16:00:03.279 E/DvbNative( 1252): [1580][01;31m<[MGExt_CAS, _CallBackProxy(), 132]> [error] ### no client exist![0m
12-31 16:00:03.279 D/CAS     ( 1252): [1580][CAS] Send UI Callback 0x0001!!!
12-31 16:00:03.279 D/CAS     ( 1252): [1580]pbyATR[0] = 3b 
12-31 16:00:03.279 D/CAS     ( 1252): [1580]pbyATR[1] = 34 
12-31 16:00:03.279 D/CAS     ( 1252): [1580]pbyATR[2] = 94 
12-31 16:00:03.279 D/CAS     ( 1252): [1580]pbyATR[3] = 0 
12-31 16:00:03.279 D/CAS     ( 1252): [1580]pbyATR[4] = 30 
12-31 16:00:03.279 D/CAS     ( 1252): [1580]pbyATR[5] = 42 
12-31 16:00:03.279 D/CAS     ( 1252): [1580]pbyATR[6] = 30 
12-31 16:00:03.279 D/CAS     ( 1252): [1580]pbyATR[7] = 30 
12-31 16:00:03.279 D/CAS     ( 1252): [1580]pbyATR[8] = 0 
12-31 16:00:03.279 D/CAS     ( 1252): [1580][CAS SWITCH] Unkown ATR!!!
12-31 16:00:03.279 D/CAS     ( 1252): [1583][CAS SC0] SCARD Get Reset Sema!
12-31 16:00:03.311 D/CAS     ( 1252): [1580][CAS] CDSTBCA_ActionRequestExt, TVS 0, Type 255, byLen 0.
12-31 16:00:03.343 I/System  ( 1104): Loaded time zone names for "zh_CN" in 152ms (139ms in ICU)
12-31 16:00:03.415 I/Zygote  ( 1104): ...preloaded 2777 classes in 2700ms.
12-31 16:00:03.603 I/MiSysSrv( 1117): _MI_AOUT_MUTE_AmpAndAV Set mute/unmute of Hdmi Audio
12-31 16:00:03.603 I/MiSysSrv( 1117): [1;36m>>>MI_IMPL_DISPLAY_GetDisplayHandle[602] 
12-31 16:00:03.603 I/MiSysSrv( 1117): [0m[1;32m[MI INFO]: ~~~~> MI_IMPL_DISPLAY_GetDisplayHandle(): [IN]u8DevIndex=0, [OUT]phDispHandle=0xbedf058c
12-31 16:00:03.603 I/MiSysSrv( 1117): [0m[1;36m>>>MI_ATOM_DISPLAY_GetDisplayHandle[1885] 
12-31 16:00:03.603 I/MiSysSrv( 1117): [0m[1;36m<<<MI_ATOM_DISPLAY_GetDisplayHandle[1902] 
12-31 16:00:03.603 I/MiSysSrv( 1117): [0m[1;36m<<<MI_IMPL_DISPLAY_GetDisplayHandle[614] 
12-31 16:00:03.603 I/MiSysSrv( 1117): [0m[1;32m[MI INFO]: <~~~~ MI_IMPL_DISPLAY_GetDisplayHandle(): [OUT]*phDispHandle(0xbedf058c)=0xffff0600
12-31 16:00:03.603 I/MiSysSrv( 1117): [0m[1;36m>>>MI_IMPL_DISPLAY_GetWindowHandle[625] 
12-31 16:00:03.603 I/MiSysSrv( 1117): [0m[1;32m[MI INFO]: ~~~~> MI_IMPL_DISPLAY_GetWindowHandle(): [IN]u8WindowIndex=0, [IN]hDispHandle=0xffff0600, [OUT]phWinHandle=0xbedf0590
12-31 16:00:03.603 I/MiSysSrv( 1117): [0m[1;36m>>>MI_ATOM_DISPLAY_GetWindowHandle[1908] 
12-31 16:00:03.607 I/MiSysSrv( 1117): [0m[1;36m<<<MI_ATOM_DISPLAY_GetWindowHandle[1935] 
12-31 16:00:03.607 I/MiSysSrv( 1117): [0m[1;36m<<<MI_IMPL_DISPLAY_GetWindowHandle[638] 
12-31 16:00:03.607 I/MiSysSrv( 1117): [0m[1;32m[MI INFO]: <~~~~ MI_IMPL_DISPLAY_GetWindowHandle(): [OUT]*phWinHandle(0xbedf0590)=0xffff0700
12-31 16:00:03.607 I/MiSysSrv( 1117): [0m[1;32m[MI INFO]: MI_IMPL_DISPLAY_GetWindowHandle :Get Winodow Hanle Time = 0ms
12-31 16:00:03.607 I/MiSysSrv( 1117): [0mnone MI_DBG_LVL_L in PROC_CMD_LINE!
12-31 16:00:03.607 I/MiSysSrv( 1117): none MI_DBG_LVL_H in PROC_CMD_LINE!
12-31 16:00:03.611 I/MiSysSrv( 1117): MPOOL size : 0x200000
12-31 16:00:03.611 I/MiSysSrv( 1117): [1;36m>>>MI_IMPL_DISPLAY_Init[462] 
12-31 16:00:03.611 I/MiSysSrv( 1117): [0m[1;32m[MI INFO]: ~~~~> MI_IMPL_DISPLAY_Init(): [IN]pstDispCap(0x9ba05bf4)={2}
12-31 16:00:03.611 I/tvos    ( 1118): [0m[1;32m
12-31 16:00:03.611 I/tvos    ( 1118):  Plugged in 
12-31 16:00:03.611 I/tvos    ( 1118): [0m[1;31m
12-31 16:00:03.611 I/tvos    ( 1118):  TV Don't support 4K2K 
12-31 16:00:03.611 I/MiSysSrv( 1117): [0m[1;32m[MI INFO]: MI_DISPLAY already Inited, return ok !
12-31 16:00:03.611 I/MiSysSrv( 1117): [0m[1;36m<<<MI_IMPL_DISPLAY_Init[469] 
12-31 16:00:03.611 I/MiSysSrv( 1117): [0m[1;36m>>>MI_IMPL_DISPLAY_GetDisplayHandle[602] 
12-31 16:00:03.611 I/MiSysSrv( 1117): [0m[1;32m[MI INFO]: ~~~~> MI_IMPL_DISPLAY_GetDisplayHandle(): [IN]u8DevIndex=0, [OUT]phDispHandle=0xbedf089c
12-31 16:00:03.611 I/MiSysSrv( 1117): [0m[1;36m>>>MI_ATOM_DISPLAY_GetDisplayHandle[1885] 
12-31 16:00:03.611 I/MiSysSrv( 1117): [0m[1;36m<<<MI_ATOM_DISPLAY_GetDisplayHandle[1902] 
12-31 16:00:03.611 I/MiSysSrv( 1117): [0m[1;36m<<<MI_IMPL_DISPLAY_GetDisplayHandle[614] 
12-31 16:00:03.611 I/tvos    ( 1118): [0mMW_Control::CommonEventMonitor get event,stComEvt.enCmd=30,recevid time=6614
12-31 16:00:03.615 I/MiSysSrv( 1117): [0m[1;32m[MI INFO]: <~~~~ MI_IMPL_DISPLAY_GetDisplayHandle(): [OUT]*phDispHandle(0xbedf089c)=0xffff0600
12-31 16:00:03.615 I/MiSysSrv( 1117): [0m[1;36m>>>MI_IMPL_DISPLAY_GetWindowHandle[625] 
12-31 16:00:03.615 I/MiSysSrv( 1117): [0m[1;32m[MI INFO]: ~~~~> MI_IMPL_DISPLAY_GetWindowHandle(): [IN]u8WindowIndex=0, [IN]hDispHandle=0xffff0600, [OUT]phWinHandle=0x9a480b6c
12-31 16:00:03.619 I/MiSysSrv( 1117): [0m[1;36m>>>MI_ATOM_DISPLAY_GetWindowHandle[1908] 
12-31 16:00:03.619 I/MiSysSrv( 1117): [0m[1;36m<<<MI_ATOM_DISPLAY_GetWindowHandle[1935] 
12-31 16:00:03.619 I/MiSysSrv( 1117): [0m[1;36m<<<MI_IMPL_DISPLAY_GetWindowHandle[638] 
12-31 16:00:03.619 I/MiSysSrv( 1117): [0m[1;32m[MI INFO]: <~~~~ MI_IMPL_DISPLAY_GetWindowHandle(): [OUT]*phWinHandle(0x9a480b6c)=0xffff0700
12-31 16:00:03.619 I/MiSysSrv( 1117): [0m[1;32m[MI INFO]: MI_IMPL_DISPLAY_GetWindowHandle :Get Winodow Hanle Time = 1ms
12-31 16:00:03.619 I/tvos    ( 1118): MW_Control::Build sucess!!
12-31 16:00:03.619 I/tvos    ( 1118): main init #2
12-31 16:00:03.623 I/MiSysSrv( 1117): [0mMPOOL size : 0x200000
12-31 16:00:03.623 I/tvos    ( 1118): main init #done
12-31 16:00:03.623 I/tvos    ( 1118): start mdebug:false
12-31 16:00:03.811 I/tvos    ( 1118): MW_Control::CommonEventMonitor get event,stComEvt.enCmd=20,recevid time=6811
12-31 16:00:03.815 I/tvos    ( 1118): MW_Control::CommonEventMonitor get event,stComEvt.enCmd=20,recevid time=6812
12-31 16:00:03.911 D/DD      ( 1252): <1577>[dd_tuner][FUNC:dd_tuner_task LINE:413]m_eTunerEvent:1,need tell dvb
12-31 16:00:03.911 D/DvbNative( 1252): [1577]<[Tuner, _tunerCallback(), 429]> ### DD tells unlock! tunerId=0, freqKHz=227000, nestUseCnt=0, status=Locking(2)
12-31 16:00:03.911 D/DvbNative( 1252): [1577]<[Tuner, _setTunerLEDState(), 343]> ### set tuner led state! bLocked=0
12-31 16:00:03.911 D/DD      ( 1252): [DDErrorCode DD_FP_Clear(int, DDFPLightName_E)][1314]Enter
12-31 16:00:03.911 E/DvbNative( 1252): [1355][01;31m<[Tuner, _tunerTuneInner(), 962]> [error] ### tuner tune failed! tunerId=0, tuneTimeMs=1681, curTimeMs=6913, status=Unlock(3), tpParam=<227000,6875,3,4294967295>, useLnb=0, lnbParam=<18,0,4294967295,4294967295,0,0,0,0,0,255,0>[0m
12-31 16:00:03.911 D/DvbNative( 1252): [1355]<[Tuner, _printTunerInfo(), 267]> ### =========>>>>>>===== force lock tuner failed =====<<<<<<========= count=1
12-31 16:00:03.911 D/DvbNative( 1252): [1355]<[Tuner, _printTunerInfo(), 290]> ### Tuner[0]: type=101, disabled=0, priority=100, tunerId=0, NestUseCount=1, tpParam=<227000,6875,3,4294967295>, useLnb=0, lnbParam=<18,0,4294967295,4294967295,0,0,0,0,0,255,0>
12-31 16:00:03.911 D/DvbNative( 1252): [1355]<[Tuner, _setTunerLEDState(), 343]> ### set tuner led state! bLocked=0
12-31 16:00:03.911 D/DD      ( 1252): [DDErrorCode DD_FP_Clear(int, DDFPLightName_E)][1314]Enter
12-31 16:00:03.911 D/DD      ( 1252): [DDErrorCode DD_FP_Clear(int, DDFPLightName_E)][1352]Exit Success.
12-31 16:00:03.911 D/DD      ( 1252): <1577>[dd_tuner][FUNC:dd_tuner_task LINE:413]m_eTunerEvent:1,need tell dvb
12-31 16:00:03.911 D/DvbNative( 1252): [1577]<[ADV_CORE, TunerCallback(), 1842]> ### eType:1. status=1,fre:227000
12-31 16:00:03.911 D/DvbNative( 1252): 
12-31 16:00:03.923 D/DD      ( 1252): [DDErrorCode DD_FP_Clear(int, DDFPLightName_E)][1352]Exit Success.
12-31 16:00:03.923 D/DvbNative( 1252): [1355]<[Detector, _msgProc_StartDetectTp(), 375]> ### retryCnt=0, bLocked=0
12-31 16:00:03.923 D/DvbNative( 1252): [1355]<[Tuner, disableChange(), 2478]> ### disable change tuner. tunerId=0, who=Detector
12-31 16:00:03.923 D/DvbNative( 1252): [1355]<[Detector, _msgProc_StartDetectTp(), 384]> ### start detect tp! flags=0x00000001
12-31 16:00:03.923 D/DvbNative( 1252): [1355]<[Detector, _msgProc_StartDetectTp(), 390]> ### start detect ota from ts! ota_pid=1fb0
12-31 16:00:03.923 D/DvbNative( 1252): [1355]<[Detector, _detectOtaByImageHead(), 597]> ### none filter exist, just use new one. 
12-31 16:00:03.923 D/DvbNative( 1252): [1594]<[Tuner, _tunerTuneInner(), 459]> ### enter! tunerId=0, type=101, NestUseCount=1, tpParam=<227000,6875,3,4294967295>, useLnb=0, lnbParam=<18,0,4294967295,4294967295,0,0,0,0,0,255,0>
12-31 16:00:03.927 D/DvbNative( 1252): [1594]<[Tuner, _tunerTuneInner(), 603]> ### configure DVBC/C2 tune parameters. type=101(DVB_C)
12-31 16:00:03.927 D/DvbNative( 1252): [1594]<[Tuner, _tunerTuneInner(), 619]> ### DD param: uFrequency=227000, uSymbolRate=6875000, uModulation=3
12-31 16:00:03.927 D/DD      ( 1252): <1594>[dd_tuner][FUNC:DD_Tuner_Connect LINE:581]Enter
12-31 16:00:03.927 D/DD      ( 1252): <1594>[dd_tuner][FUNC:DD_Tuner_Connect LINE:605]frq 227000, QAM 3, SymbolRate 6875000, dwTunerId 0
12-31 16:00:03.927 D/DD      ( 1252): <1594>[dd_tuner][FUNC:DD_Tuner_Connect LINE:635]the same frq 227000, QAM 3 ,tuner unlocked!!
12-31 16:00:03.935 I/MiSysSrv( 1117): [DTV_SetTune][665][MXL608]hy_tuner [tune]Freq:227.000000,eBandWidth:3,eMode:2
12-31 16:00:03.935 I/MiSysSrv( 1117): [DTV_SetTune][681][MXL608]hy_tuner ============================>DTV_SetTune 8M
12-31 16:00:03.935 I/MiSysSrv( 1117): MxLWare608_API_CfgTunerChanTune, signal type = 0, Freq = 227000000, BW = 2, Xtal = 0 
12-31 16:00:03.975 I/MiSysSrv( 1117): MxLWare608_API_ReqTunerLockStatus RfSynthStatus = 1, RefSynthStatus = 1[MDrv_Tuner_SetTuner][511][MXL608]hy_tuner 
12-31 16:00:03.975 I/MiSysSrv( 1117): Tuner locked
12-31 16:00:03.975 I/MiSysSrv( 1117): [MDrv_Tuner_SetTuner][513][MXL608]hy_tuner MxL608_0x5B : 10
12-31 16:00:03.983 I/MiSysSrv( 1117): [MDrv_Tuner_SetTuner][515][MXL608]hy_tuner MxL608_0x5C : b1
12-31 16:00:03.983 I/MiSysSrv( 1117): [DTV_DVB_C_SetFrequency][846][DC2800]hy_tuner  device_demodulator_extend2
12-31 16:00:03.983 I/MiSysSrv( 1117): [DTV_DVB_C_SetFrequency][848][DC2800]hy_tuner u32Frequency:227000, [3, 6875, 2]
12-31 16:00:03.983 I/MiSysSrv( 1117): [DTV_DVB_C_SetFrequency][884][DC2800]hy_tuner  you lock same  [227000 6875 64 3]  !!
12-31 16:00:03.983 I/MiSysSrv( 1117): [DTV_DVB_C_SetFrequency][909][DC2800]hy_tuner device_demodulator_extend2 exit
12-31 16:00:03.983 D/DD      ( 1252): <1594>[dd_tuner][FUNC:DD_Tuner_Connect LINE:704]Exit Success
12-31 16:00:04.007 D/dalvikvm( 1104): GC_EXPLICIT freed 298K, 12% free 2557K/2876K, paused 6ms+2ms, total 34ms
12-31 16:00:04.015 I/Zygote  ( 1104): Preloading resources...
12-31 16:00:04.027 W/Resources( 1104): Preloaded drawable resource #0x1080096 (android:drawable/toast_frame) that varies with configuration!!
12-31 16:00:04.035 W/Resources( 1104): Preloaded drawable resource #0x1080105 (android:drawable/btn_check_on_pressed_holo_light) that varies with configuration!!
12-31 16:00:04.035 W/Resources( 1104): Preloaded drawable resource #0x1080104 (android:drawable/btn_check_on_pressed_holo_dark) that varies with configuration!!
12-31 16:00:04.039 W/Resources( 1104): Preloaded drawable resource #0x1080102 (android:drawable/btn_check_on_holo_light) that varies with configuration!!
12-31 16:00:04.043 W/Resources( 1104): Preloaded drawable resource #0x1080101 (android:drawable/btn_check_on_holo_dark) that varies with configuration!!
12-31 16:00:04.047 W/Resources( 1104): Preloaded drawable resource #0x10800ff (android:drawable/btn_check_on_focused_holo_light) that varies with configuration!!
12-31 16:00:04.055 W/Resources( 1104): Preloaded drawable resource #0x10800fe (android:drawable/btn_check_on_focused_holo_dark) that varies with configuration!!
12-31 16:00:04.055 W/Resources( 1104): Preloaded drawable resource #0x10800fd (android:drawable/btn_check_on_disabled_holo_light) that varies with configuration!!
12-31 16:00:04.055 W/Resources( 1104): Preloaded drawable resource #0x10800fc (android:drawable/btn_check_on_disabled_holo_dark) that varies with configuration!!
12-31 16:00:04.059 W/Resources( 1104): Preloaded drawable resource #0x10800fb (android:drawable/btn_check_on_disabled_focused_holo_light) that varies with configuration!!
12-31 16:00:04.063 W/Resources( 1104): Preloaded drawable resource #0x10800fa (android:drawable/btn_check_on_disabled_focused_holo_dark) that varies with configuration!!
12-31 16:00:04.063 W/Resources( 1104): Preloaded drawable resource #0x10800f2 (android:drawable/btn_check_off_pressed_holo_light) that varies with configuration!!
12-31 16:00:04.067 W/Resources( 1104): Preloaded drawable resource #0x10800f1 (android:drawable/btn_check_off_pressed_holo_dark) that varies with configuration!!
12-31 16:00:04.067 W/Resources( 1104): Preloaded drawable resource #0x10800ed (android:drawable/btn_check_off_holo_light) that varies with configuration!!
12-31 16:00:04.071 W/Resources( 1104): Preloaded drawable resource #0x10800ec (android:drawable/btn_check_off_holo_dark) that varies with configuration!!
12-31 16:00:04.071 W/Resources( 1104): Preloaded drawable resource #0x10800ea (android:drawable/btn_check_off_focused_holo_light) that varies with configuration!!
12-31 16:00:04.075 W/Resources( 1104): Preloaded drawable resource #0x10800e9 (android:drawable/btn_check_off_focused_holo_dark) that varies with configuration!!
12-31 16:00:04.075 W/Resources( 1104): Preloaded drawable resource #0x10800e8 (android:drawable/btn_check_off_disabled_holo_light) that varies with configuration!!
12-31 16:00:04.079 W/Resources( 1104): Preloaded drawable resource #0x10800e7 (android:drawable/btn_check_off_disabled_holo_dark) that varies with configuration!!
12-31 16:00:04.079 W/Resources( 1104): Preloaded drawable resource #0x10800e6 (android:drawable/btn_check_off_disabled_focused_holo_light) that varies with configuration!!
12-31 16:00:04.083 W/Resources( 1104): Preloaded drawable resource #0x10800e5 (android:drawable/btn_check_off_disabled_focused_holo_dark) that varies with configuration!!
12-31 16:00:04.091 W/Resources( 1104): Preloaded drawable resource #0x1080102 (android:drawable/btn_check_on_holo_light) that varies with configuration!!
12-31 16:00:04.095 W/Resources( 1104): Preloaded drawable resource #0x10800ed (android:drawable/btn_check_off_holo_light) that varies with configuration!!
12-31 16:00:04.095 W/Resources( 1104): Preloaded drawable resource #0x1080105 (android:drawable/btn_check_on_pressed_holo_light) that varies with configuration!!
12-31 16:00:04.099 W/Resources( 1104): Preloaded drawable resource #0x10800f2 (android:drawable/btn_check_off_pressed_holo_light) that varies with configuration!!
12-31 16:00:04.103 W/Resources( 1104): Preloaded drawable resource #0x10800ff (android:drawable/btn_check_on_focused_holo_light) that varies with configuration!!
12-31 16:00:04.107 W/Resources( 1104): Preloaded drawable resource #0x10800ea (android:drawable/btn_check_off_focused_holo_light) that varies with configuration!!
12-31 16:00:04.107 W/Resources( 1104): Preloaded drawable resource #0x10800ed (android:drawable/btn_check_off_holo_light) that varies with configuration!!
12-31 16:00:04.111 W/Resources( 1104): Preloaded drawable resource #0x1080102 (android:drawable/btn_check_on_holo_light) that varies with configuration!!
12-31 16:00:04.115 W/Resources( 1104): Preloaded drawable resource #0x10800fd (android:drawable/btn_check_on_disabled_holo_light) that varies with configuration!!
12-31 16:00:04.119 W/Resources( 1104): Preloaded drawable resource #0x10800e8 (android:drawable/btn_check_off_disabled_holo_light) that varies with configuration!!
12-31 16:00:04.119 W/Resources( 1104): Preloaded drawable resource #0x10800fb (android:drawable/btn_check_on_disabled_focused_holo_light) that varies with configuration!!
12-31 16:00:04.123 W/Resources( 1104): Preloaded drawable resource #0x10800e6 (android:drawable/btn_check_off_disabled_focused_holo_light) that varies with configuration!!
12-31 16:00:04.127 W/Resources( 1104): Preloaded drawable resource #0x10800e8 (android:drawable/btn_check_off_disabled_holo_light) that varies with configuration!!
12-31 16:00:04.127 W/Resources( 1104): Preloaded drawable resource #0x10800fd (android:drawable/btn_check_on_disabled_holo_light) that varies with configuration!!
12-31 16:00:04.127 W/Resources( 1104): Preloaded drawable resource #0x10800dc (android:drawable/btn_check_holo_light) that varies with configuration!!
12-31 16:00:04.131 W/Resources( 1104): Preloaded drawable resource #0x1080101 (android:drawable/btn_check_on_holo_dark) that varies with configuration!!
12-31 16:00:04.135 W/Resources( 1104): Preloaded drawable resource #0x10800ec (android:drawable/btn_check_off_holo_dark) that varies with configuration!!
12-31 16:00:04.139 W/Resources( 1104): Preloaded drawable resource #0x1080104 (android:drawable/btn_check_on_pressed_holo_dark) that varies with configuration!!
12-31 16:00:04.139 W/Resources( 1104): Preloaded drawable resource #0x10800f1 (android:drawable/btn_check_off_pressed_holo_dark) that varies with configuration!!
12-31 16:00:04.143 W/Resources( 1104): Preloaded drawable resource #0x10800fe (android:drawable/btn_check_on_focused_holo_dark) that varies with configuration!!
12-31 16:00:04.147 W/Resources( 1104): Preloaded drawable resource #0x10800e9 (android:drawable/btn_check_off_focused_holo_dark) that varies with configuration!!
12-31 16:00:04.147 W/Resources( 1104): Preloaded drawable resource #0x10800ec (android:drawable/btn_check_off_holo_dark) that varies with configuration!!
12-31 16:00:04.155 W/Resources( 1104): Preloaded drawable resource #0x1080101 (android:drawable/btn_check_on_holo_dark) that varies with configuration!!
12-31 16:00:04.155 W/Resources( 1104): Preloaded drawable resource #0x10800fc (android:drawable/btn_check_on_disabled_holo_dark) that varies with configuration!!
12-31 16:00:04.155 W/Resources( 1104): Preloaded drawable resource #0x10800e7 (android:drawable/btn_check_off_disabled_holo_dark) that varies with configuration!!
12-31 16:00:04.159 W/Resources( 1104): Preloaded drawable resource #0x10800fa (android:drawable/btn_check_on_disabled_focused_holo_dark) that varies with configuration!!
12-31 16:00:04.163 W/Resources( 1104): Preloaded drawable resource #0x10800e5 (android:drawable/btn_check_off_disabled_focused_holo_dark) that varies with configuration!!
