12-31 16:00:02.663 D/        ( 1250): [_MDrv_PNL_Init_Output_Dclk][371]u16HTotal=2639,u16VTotal=1124,pstPanelInitData->u16HTotal=2639,pstPanelInitData->u16VTotal=1124, u16DefaultVFreq=500
12-31 16:00:02.667 I/MiSysSrv( 1117): >>>>>>>>>>>>m_pPanelName = DACOUT_1080I_50
12-31 16:00:02.667 I/MiSysSrv( 1117): ====Setup DCLK:296=========
12-31 16:00:02.667 I/MiSysSrv( 1117): >>>>>>>>>>>>m_pPanelName = DACOUT_1080I_50
12-31 16:00:02.667 I/MiSysSrv( 1117): >>>>>>>>>>>>m_pPanelName = DACOUT_1080I_50
12-31 16:00:02.667 I/MiSysSrv( 1117): >>>>>>>>>>>>m_pPanelName = DACOUT_1080I_50
12-31 16:00:02.675 I/MiSysSrv( 1117): CheckMbootLogoThread,line=265,wating mstar.disable.bootlogo done for 
12-31 16:00:02.679 I/tvos    ( 1118): main,line=221,mstar.disable.bootlogo = -1090757944, wating mstar.disable.bootlogo ... yangxk
12-31 16:00:02.695 I/MiSysSrv( 1117): CheckMbootLogoThread,line=265,wating mstar.disable.bootlogo done for 
12-31 16:00:02.715 I/MiSysSrv( 1117): CheckMbootLogoThread,line=265,wating mstar.disable.bootlogo done for 
12-31 16:00:02.723 I/MiSysSrv( 1117): ==time== dfb daemon start at [    2.724761]s
12-31 16:00:02.723 D/hwcomposer( 1103): lastVideoPlanes is dirty
12-31 16:00:02.723 D/hwcomposer( 1103): lastHWWindowInfo is dirty
12-31 16:00:02.731 I/MiSysSrv( 1117): ************************PQ Config Start*****************************
12-31 16:00:02.735 I/MiSysSrv( 1117): CheckMbootLogoThread,line=265,wating mstar.disable.bootlogo done for 
12-31 16:00:02.739 I/MiSysSrv( 1117): ************************PQ Config End*****************************
12-31 16:00:02.743 I/MiSysSrv( 1117): mapi_str m_SkiaDecodeMutex = 255
12-31 16:00:02.743 I/MiSysSrv( 1117): @@@: Enable KeyPad... 
12-31 16:00:02.743 I/MiSysSrv( 1117): @@@@ SetKEYPADCfg
12-31 16:00:02.743 I/        ( 1255): [MSOS_PRINT][003289]     ~!~mappd sharemem  @ 
12-31 16:00:02.743 I/MiSysSrv( 1117): Read Bandwidthtable.bin
12-31 16:00:02.743 I/        ( 1255): [MSOS_PRINT][000663]     pthread_mutex_init
12-31 16:00:02.743 I/        ( 1255): [MSOS_PRINT][000665]     CHIP_InitISR
12-31 16:00:02.743 I/        ( 1255): [utopia info] utopia init
12-31 16:00:02.747 I/        ( 1255): [utopia info] register module: MODULE_UTOPIA
12-31 16:00:02.747 I/        ( 1255): [utopia info] register module: MODULE_BDMA
12-31 16:00:02.747 I/        ( 1255): [utopia info] register module: MODULE_AESDMA
12-31 16:00:02.747 I/        ( 1255): [utopia info] register module: MODULE_DSCMB
12-31 16:00:02.747 I/        ( 1255): [utopia info] register module: MODULE_CI
12-31 16:00:02.751 I/        ( 1255): [utopia info] register module: MODULE_GOP
12-31 16:00:02.755 I/        ( 1255): [utopia info] register module: MODULE_GFX
12-31 16:00:02.755 I/        ( 1255): [utopia info] register module: MODULE_TVENCODER
12-31 16:00:02.755 I/        ( 1255): [utopia info] register module: MODULE_XC
12-31 16:00:02.755 I/MiSysSrv( 1117): CheckMbootLogoThread,line=265,wating mstar.disable.bootlogo done for 
12-31 16:00:02.755 I/        ( 1255): [utopia info] register module: MODULE_MBX
12-31 16:00:02.759 I/MiSysSrv( 1117): BinStartaDDR ID0=9b5c1008
12-31 16:00:02.759 I/MiSysSrv( 1117): BinStartaDDR ID2=b711f720
12-31 16:00:02.759 I/MiSysSrv( 1117): Read Bandwidthtable.bin
12-31 16:00:02.759 I/        ( 1255): [utopia info] register module: MODULE_DIP
12-31 16:00:02.759 I/MiSysSrv( 1117): BinStartaDDR ID0=9b5ac008
12-31 16:00:02.759 I/MiSysSrv( 1117): BinStartaDDR ID2=b7120288
12-31 16:00:02.759 I/        ( 1255): [utopia info] register module: MODULE_PNL
12-31 16:00:02.763 I/        ( 1255): [utopia info] register module: MODULE_VBI
12-31 16:00:02.763 I/        ( 1255): [utopia info] register module: MODULE_ACE
12-31 16:00:02.763 I/        ( 1255): [utopia info] register module: MODULE_DLC
12-31 16:00:02.763 I/        ( 1255): [utopia info] register module: MODULE_IR
12-31 16:00:02.763 I/        ( 1255): [utopia info] register module: MODULE_SAR
12-31 16:00:02.767 I/MiSysSrv( 1117): [35mFunction = SARRegisterToUtopia, Line = 1907, SAR Register finished[m
12-31 16:00:02.767 I/        ( 1255): [utopia info] register module: MODULE_MIU
12-31 16:00:02.767 I/        ( 1255): [utopia info] register module: MODULE_PWS
12-31 16:00:02.767 I/MiSysSrv( 1117): [35mFunction = PWSRegisterToUtopia, Line = 436, PWS Register finished[m
12-31 16:00:02.767 I/        ( 1255): [utopia info] register module: MODULE_FLASH
12-31 16:00:02.767 I/        ( 1255): [utopia info] register module: MODULE_SEM
12-31 16:00:02.767 I/        ( 1255): [utopia info] register module: MODULE_SYS
12-31 16:00:02.767 I/        ( 1255): [utopia info] register module: MODULE_VDEC_EX
12-31 16:00:02.771 I/        ( 1255): [utopia info] register module: MODULE_MVOP
12-31 16:00:02.771 I/        ( 1255): [utopia info] register module: MODULE_AVD
12-31 16:00:02.771 I/        ( 1255): [utopia info] register module: MODULE_DMX
12-31 16:00:02.771 I/        ( 1255): [utopia info] register module: MODULE_RTC
12-31 16:00:02.771 I/        ( 1255): [utopia info] register module: MODULE_HWI2C
12-31 16:00:02.771 I/        ( 1255): [utopia info] register module: MODULE_UART
12-31 16:00:02.775 I/        ( 1255): [utopia info] register module: MODULE_PWM
12-31 16:00:02.775 I/        ( 1255): [utopia info] register module: MODULE_NJPEG_EX
12-31 16:00:02.775 I/        ( 1255): [utopia info] register module: MODULE_GPD
12-31 16:00:02.775 I/MiSysSrv( 1117): CheckMbootLogoThread,line=265,wating mstar.disable.bootlogo done for 
12-31 16:00:02.775 I/MiSysSrv( 1117): MFERegisterToUtopia
12-31 16:00:02.775 I/        ( 1255): [utopia info] register module: MODULE_MFE
12-31 16:00:02.775 I/        ( 1255): [utopia info] register module: MODULE_CPU
12-31 16:00:02.779 I/        ( 1255): [utopia info] register module: MODULE_MSPI
12-31 16:00:02.779 I/        ( 1255): [utopia info] register module: MODULE_DAC
12-31 16:00:02.779 I/tvos    ( 1118): main,line=221,mstar.disable.bootlogo = -1090757944, wating mstar.disable.bootlogo ... yangxk
12-31 16:00:02.779 I/        ( 1255): [utopia info] register module: MODULE_GPIO
12-31 16:00:02.779 I/MiSysSrv( 1117): BOOL DFBInfo::SetKEYPADCfg(void) OK
12-31 16:00:02.779 I/MiSysSrv( 1117): ==========================================
12-31 16:00:02.779 I/MiSysSrv( 1117): DFB library 1.6.2 build @ 2015-10-27 07:25===========================================
12-31 16:00:02.791 I/MiSysSrv( 1117): DFBTest name=default_layer_opacity  value=255  dfb_config_read(3696)
12-31 16:00:02.791 I/MiSysSrv( 1117): DFBTest name=bg-color  value=00000000  dfb_config_read(3696)
12-31 16:00:02.791 I/MiSysSrv( 1117): DFBTest name=no-cursor  value=(null)  dfb_config_read(3696)
12-31 16:00:02.791 I/MiSysSrv( 1117): DFBTest name=module-dir  value=/tvservice/mslib/directfb-1.6-0  dfb_config_read(3696)
12-31 16:00:02.791 I/MiSysSrv( 1117): commandline read: dfb_daemon
12-31 16:00:02.791 I/MiSysSrv( 1117): ==time== DirectFBInit at [    2.789394]s
12-31 16:00:02.791 I/MiSysSrv( 1117): DirectFBCreate:361
12-31 16:00:02.791 I/MiSysSrv( 1117): the execute thead id is 1255
12-31 16:00:02.795 I/MiSysSrv( 1117): DFBTest name=system  value=mstaregl  DirectFBSetOption(324)
12-31 16:00:02.795 I/MiSysSrv( 1117): DFBTest name=keypad_callback  value=0xB4FF82FD  DirectFBSetOption(324)
12-31 16:00:02.795 I/MiSysSrv( 1117): DFBTest name=keypad_internal  value=10000  DirectFBSetOption(324)
12-31 16:00:02.795 I/MiSysSrv( 1117): DFBTest name=mst_gfx_width  value=1920  DirectFBSetOption(324)
12-31 16:00:02.795 I/MiSysSrv( 1117): CheckMbootLogoThread,line=265,wating mstar.disable.bootlogo done for 
12-31 16:00:02.795 I/MiSysSrv( 1117): DFBTest name=mst_gfx_height  value=1080  DirectFBSetOption(324)
12-31 16:00:02.795 I/MiSysSrv( 1117): DFBTest name=mst_lcd_width  value=1920  DirectFBSetOption(324)
12-31 16:00:02.795 I/MiSysSrv( 1117): DFBTest name=mst_lcd_height  value=1080  DirectFBSetOption(324)
12-31 16:00:02.799 I/MiSysSrv( 1117): DFBTest name=mst_gfx_h_offset  value=192  DirectFBSetOption(324)
12-31 16:00:02.803 I/MiSysSrv( 1117): [0]->m_pMmap_id is E_MMAP_ID_DUMMY2
12-31 16:00:02.803 I/MiSysSrv( 1117): [1]->m_pMmap_id is E_MMAP_ID_PM51_USAGE_MEM
12-31 16:00:02.803 I/MiSysSrv( 1117): [2]->m_pMmap_id is E_MMAP_ID_PM51_VAR_MEM
12-31 16:00:02.803 I/MiSysSrv( 1117): [3]->m_pMmap_id is E_MMAP_ID_DMX_VQUEUE
12-31 16:00:02.803 I/MiSysSrv( 1117): [4]->m_pMmap_id is E_LX_MEM
12-31 16:00:02.803 I/MiSysSrv( 1117): [5]->m_pMmap_id is E_EMAC_MEM
12-31 16:00:02.803 I/MiSysSrv( 1117): [6]->m_pMmap_id is E_MMAP_ID_DMX_SECBUF
12-31 16:00:02.803 I/MiSysSrv( 1117): [7]->m_pMmap_id is E_MMAP_ID_MBOOT_MEM_USAGE
12-31 16:00:02.803 I/MiSysSrv( 1117): [8]->m_pMmap_id is E_MMAP_ID_MBOOT_LOAD
12-31 16:00:02.803 I/MiSysSrv( 1117): [9]->m_pMmap_id is E_MMAP_ID_MBOOT_MB
12-31 16:00:02.803 I/MiSysSrv( 1117): [10]->m_pMmap_id is E_MMAP_ID_MBOOT_USB
12-31 16:00:02.807 I/MiSysSrv( 1117): [11]->m_pMmap_id is E_MMAP_ID_XC_MAIN_FB
12-31 16:00:02.807 I/MiSysSrv( 1117): [12]->m_pMmap_id is E_DFB_JPD_READ
12-31 16:00:02.807 I/MiSysSrv( 1117): [13]->m_pMmap_id is E_DFB_JPD_INTERNAL
12-31 16:00:02.807 I/MiSysSrv( 1117): [14]->m_pMmap_id is E_DFB_JPD_WRITE
12-31 16:00:02.807 I/MiSysSrv( 1117): [15]->m_pMmap_id is E_MMAP_ID_MAD_R2
12-31 16:00:02.807 I/MiSysSrv( 1117): [16]->m_pMmap_id is E_MMAP_ID_MAD_SE
12-31 16:00:02.807 I/MiSysSrv( 1117): [17]->m_pMmap_id is E_MMAP_ID_MAD_COMMON
12-31 16:00:02.807 I/MiSysSrv( 1117): [18]->m_pMmap_id is E_MMAP_ID_DUMMY1
12-31 16:00:02.807 I/MiSysSrv( 1117): [19]->m_pMmap_id is E_MMAP_ID_PHOTO_DISPLAY
12-31 16:00:02.807 I/MiSysSrv( 1117): [20]->m_pMmap_id is E_MMAP_ID_PHOTO_SHAREMEM
12-31 16:00:02.811 I/MiSysSrv( 1117): [21]->m_pMmap_id is E_MMAP_ID_JPD_READ
12-31 16:00:02.811 I/MiSysSrv( 1117): [22]->m_pMmap_id is E_MMAP_ID_JPD_WRITE
12-31 16:00:02.811 I/MiSysSrv( 1117): [23]->m_pMmap_id is E_MMAP_ID_PHOTO_INTER
12-31 16:00:02.811 I/MiSysSrv( 1117): [24]->m_pMmap_id is E_MMAP_ID_VDPLAYER_DATA
12-31 16:00:02.811 I/MiSysSrv( 1117): [25]->m_pMmap_id is E_MMAP_ID_VDPLAYER_SUBTITLE_BITSTREAM_BUFF
12-31 16:00:02.811 I/MiSysSrv( 1117): [26]->m_pMmap_id is E_MMAP_ID_VDPLAYER_BITSTREAM
12-31 16:00:02.811 I/MiSysSrv( 1117): [27]->m_pMmap_id is E_MMAP_ID_VDPLAYER_BITSTREAM_EXT
12-31 16:00:02.811 I/MiSysSrv( 1117): [28]->m_pMmap_id is E_MMAP_ID_MM_SUBTITLE_BUFFER
12-31 16:00:02.811 I/MiSysSrv( 1117): [29]->m_pMmap_id is E_PUMABOOT_MEM
12-31 16:00:02.811 I/MiSysSrv( 1117): [30]->m_pMmap_id is E_MMAP_ID_MFE
12-31 16:00:02.815 I/MiSysSrv( 1117): [31]->m_pMmap_id is E_BOOTVIDEO_MEM
12-31 16:00:02.815 I/MiSysSrv( 1117): [32]->m_pMmap_id is E_MMAP_ID_CAMERA
12-31 16:00:02.815 I/MiSysSrv( 1117): [33]->m_pMmap_id is E_DFB_FRAMEBUFFER
12-31 16:00:02.815 I/MiSysSrv( 1117): CheckMbootLogoThread,line=265,wating mstar.disable.bootlogo done for 
12-31 16:00:02.815 I/MiSysSrv( 1117): [34]->m_pMmap_id is E_MMAP_ID_GOP_FB
12-31 16:00:02.815 I/MiSysSrv( 1117): [35]->m_pMmap_id is E_MMAP_ID_HW_AES_BUF
12-31 16:00:02.815 I/MiSysSrv( 1117): [36]->m_pMmap_id is E_SECURE_UPDATE_AREA
12-31 16:00:02.815 I/MiSysSrv( 1117): [37]->m_pMmap_id is E_MMAP_ID_DUMMY3
12-31 16:00:02.819 I/MiSysSrv( 1117): [38]->m_pMmap_id is E_LX_MEM2
12-31 16:00:02.819 I/MiSysSrv( 1117): [39]->m_pMmap_id is E_MMAP_ID_VDEC_CPU
12-31 16:00:02.819 I/MiSysSrv( 1117): [40]->m_pMmap_id is E_MMAP_ID_VDEC_BITSTREAM
12-31 16:00:02.819 I/MiSysSrv( 1117): [41]->m_pMmap_id is E_MMAP_ID_VE
12-31 16:00:02.819 I/MiSysSrv( 1117): [42]->m_pMmap_id is E_MMAP_ID_CC
12-31 16:00:02.819 I/MiSysSrv( 1117): [43]->m_pMmap_id is E_MMAP_ID_XC_MLOAD
12-31 16:00:02.819 I/MiSysSrv( 1117): [44]->m_pMmap_id is E_MMAP_ID_XC_DS
12-31 16:00:02.819 I/MiSysSrv( 1117): [45]->m_pMmap_id is E_MST_GOP_REGDMA
12-31 16:00:02.819 I/MiSysSrv( 1117): [46]->m_pMmap_id is E_MST_GEVQ
12-31 16:00:02.819 I/MiSysSrv( 1117): [47]->m_pMmap_id is E_MMAP_ID_VDEC_SHARE_MEM
12-31 16:00:02.819 I/MiSysSrv( 1117): [48]->m_pMmap_id is E_MMAP_ID_DUMMY4
12-31 16:00:02.827 I/MiSysSrv( 1117): none MI_DBG_LVL_L in PROC_CMD_LINE!
12-31 16:00:02.827 I/MiSysSrv( 1117): none MI_DBG_LVL_H in PROC_CMD_LINE!
12-31 16:00:02.835 D/AndroidRuntime( 1104): 
12-31 16:00:02.835 D/AndroidRuntime( 1104): >>>>>> AndroidRuntime START com.android.internal.os.ZygoteInit <<<<<<
12-31 16:00:02.835 I/MiSysSrv( 1117): none MI_DBG_LVL_L in PROC_CMD_LINE!
12-31 16:00:02.835 I/MiSysSrv( 1117): none MI_DBG_LVL_H in PROC_CMD_LINE!
12-31 16:00:02.835 I/MiSysSrv( 1117): DFBTest name=mst_ge_vq_phys_addr  value=0x9FDA6000  DirectFBSetOption(324)
12-31 16:00:02.835 I/MiSysSrv( 1117): DFBTest name=mst_ge_vq_phys_len  value=524288  DirectFBSetOption(324)
12-31 16:00:02.835 I/MiSysSrv( 1117): DFBTest name=mst_gop_regdma_phys_addr  value=0x9FDA5000  DirectFBSetOption(324)
12-31 16:00:02.835 I/MiSysSrv( 1117): DFBTest name=mst_gop_regdma_phys_len  value=4096  DirectFBSetOption(324)
12-31 16:00:02.835 I/MiSysSrv( 1117): DFBTest name=mst_gfx_v_offset  value=0  DirectFBSetOption(324)
12-31 16:00:02.835 I/MiSysSrv( 1117): DFBTest name=mst_gfx_gop_index  value=0  DirectFBSetOption(324)
12-31 16:00:02.835 I/MiSysSrv( 1117): DFBTest name=mst_miu0_hal_offset  value=0x0  DirectFBSetOption(324)
12-31 16:00:02.835 I/MiSysSrv( 1117): DFBTest name=mst_miu1_hal_offset  value=0x80000000  DirectFBSetOption(324)
12-31 16:00:02.835 I/MiSysSrv( 1117): DFBTest name=mst_miu0_cpu_offset  value=0x20000000  DirectFBSetOption(324)
12-31 16:00:02.835 I/MiSysSrv( 1117): DFBTest name=mst_miu0_hal_length  value=0x20000000  DirectFBSetOption(324)
12-31 16:00:02.835 I/MiSysSrv( 1117): DFBTest name=mst_miu1_cpu_offset  value=0xA0000000  DirectFBSetOption(324)
12-31 16:00:02.835 I/MiSysSrv( 1117): DFBTest name=mst_miu1_hal_length  value=0x20000000  DirectFBSetOption(324)
12-31 16:00:02.835 I/MiSysSrv( 1117): DFBTest name=pixelformat  value=ARGB  DirectFBSetOption(324)
12-31 16:00:02.835 I/MiSysSrv( 1117): DFBTest name=video-phys  value=0x1C110000  DirectFBSetOption(324)
12-31 16:00:02.835 I/MiSysSrv( 1117): DFBTest name=video-length  value=0x1200000  DirectFBSetOption(324)
12-31 16:00:02.835 I/MiSysSrv( 1117): DFBTest name=mst_gop_counts  value=1  DirectFBSetOption(324)
12-31 16:00:02.835 I/MiSysSrv( 1117): DFBTest name=mst_gop_available[0]  value=1  DirectFBSetOption(324)
12-31 16:00:02.835 I/MiSysSrv( 1117): DFBTest name=mst_gop_available[1]  value=2  DirectFBSetOption(324)
12-31 16:00:02.835 I/MiSysSrv( 1117): DFBTest name=mst_gop_available[2]  value=3  DirectFBSetOption(324)
12-31 16:00:02.835 I/MiSysSrv( 1117): DFBTest name=mst_gop_dstPlane[0]  value=2  DirectFBSetOption(324)
12-31 16:00:02.835 I/MiSysSrv( 1117): DFBTest name=mst_gop_dstPlane[1]  value=2  DirectFBSetOption(324)
12-31 16:00:02.835 I/MiSysSrv( 1117): DFBTest name=mst_gop_dstPlane[2]  value=0  DirectFBSetOption(324)
12-31 16:00:02.835 I/MiSysSrv( 1117): DFBTest name=muxCounts  value=5  DirectFBSetOption(324)
12-31 16:00:02.835 I/MiSysSrv( 1117): DFBTest name=mux0_gopIndex  value=1  DirectFBSetOption(324)
12-31 16:00:02.835 I/MiSysSrv( 1117): DFBTest name=mux1_gopIndex  value=3  DirectFBSetOption(324)
12-31 16:00:02.835 I/MiSysSrv( 1117): DFBTest name=mux2_gopIndex  value=2  DirectFBSetOption(324)
12-31 16:00:02.835 I/MiSysSrv( 1117): DFBTest name=mux3_gopIndex  value=0  DirectFBSetOption(324)
12-31 16:00:02.835 I/MiSysSrv( 1117): DFBTest name=mux4_gopIndex  value=4  DirectFBSetOption(324)
12-31 16:00:02.835 I/MiSysSrv( 1117): DFBTest name=mux5_gopIndex  value=0  DirectFBSetOption(324)
12-31 16:00:02.835 I/MiSysSrv( 1117): DFBTest name=mst_jpeg_readbuff_addr  value=0x18A29000  DirectFBSetOption(324)
12-31 16:00:02.835 I/MiSysSrv( 1117): DFBTest name=mst_jpeg_readbuff_length  value=0x51000  DirectFBSetOption(324)
12-31 16:00:02.835 I/MiSysSrv( 1117): DFBTest name=mst_jpeg_interbuff_addr  value=0x18B29000  DirectFBSetOption(324)
12-31 16:00:02.835 I/MiSysSrv( 1117): DFBTest name=mst_jpeg_interbuff_length  value=0x630000  DirectFBSetOption(324)
12-31 16:00:02.835 I/MiSysSrv( 1117): DFBTest name=mst_jpeg_outbuff_addr  value=0x19159000  DirectFBSetOption(324)
12-31 16:00:02.835 I/MiSysSrv( 1117): DFBTest name=mst_jpeg_outbuff_length  value=0x800000  DirectFBSetOption(324)
12-31 16:00:02.835 I/MiSysSrv( 1117): DFBTest name=mst_jpeg_hwdecode  value=1  DirectFBSetOption(324)
12-31 16:00:02.835 I/MiSysSrv( 1117): DFBTest name=mst_GOP_Set_YUV  value=1  DirectFBSetOption(324)
12-31 16:00:02.835 I/MiSysSrv( 1117): (!) Direct/Signals: Unable to install signal handler for signal 123!
12-31 16:00:02.835 I/MiSysSrv( 1117):     --> Invalid argument
12-31 16:00:02.835 I/MiSysSrv( 1117):    ~~~~~~~~~~~~~~~~~~~~~~~~~~| DirectFB 1.6.2 |~~~~~~~~~~~~~~~~~~~~~~~~~~
12-31 16:00:02.835 I/MiSysSrv( 1117):         (c) 2001-2012  The world wide DirectFB Open Source Community
12-31 16:00:02.835 I/MiSysSrv( 1117):         (c) 2000-2004  Convergence (integrated media) GmbH
12-31 16:00:02.835 I/MiSysSrv( 1117):       ----------------------------------------------------------------
12-31 16:00:02.835 I/MiSysSrv( 1117): (*) DirectFB/Core: Multi Application Core. (2015-10-27 07:24) 
12-31 16:00:02.835 I/MiSysSrv( 1117): CheckMbootLogoThread,line=265,wating mstar.disable.bootlogo done for 
12-31 16:00:02.839 I/MiSysSrv( 1117): [GetModuleParameter_int]m_pModelDefaultName = /config/module/MStar_Default_Module.ini
12-31 16:00:02.847 I/MiSysSrv( 1117): [GetModuleParameter_int]m_pModelName = /config/module/Customer_Module.ini
12-31 16:00:02.851 D/AndroidRuntime( 1104): CheckJNI is OFF
12-31 16:00:02.851 I/MiSysSrv( 1117): [GetModuleParameter_int]retInDefault = -1
12-31 16:00:02.851 I/MiSysSrv( 1117): dfb_system_lookup:273
12-31 16:00:02.851 I/MiSysSrv( 1117): the dfbconfigsystem is mstaregl  the module name is devmem
12-31 16:00:02.855 I/MiSysSrv( 1117): dfb_system_lookup:284
12-31 16:00:02.859 I/MiSysSrv( 1117): CheckMbootLogoThread,line=265,wating mstar.disable.bootlogo done for 
12-31 16:00:02.859 I/MiSysSrv( 1117): none MI_DBG_LVL_L in PROC_CMD_LINE!
12-31 16:00:02.859 I/MiSysSrv( 1117): none MI_DBG_LVL_H in PROC_CMD_LINE!
12-31 16:00:02.859 I/MiSysSrv( 1117): device_dispout_panel, 164, MI_GPIO_GetHandle fail! eRet == 3
12-31 16:00:02.859 I/MiSysSrv( 1117): [1;31m[MI ERR ]: MI_ATOM_DISPOUT_GetHandle[1217]: Handle is not opened!
12-31 16:00:02.859 I/MiSysSrv( 1117): [0m[1;31m<<<MI_IMPL_DISPOUT_GetHandle[251] return ERR!
12-31 16:00:02.863 I/MiSysSrv( 1117): (*) Direct/Memcpy: Using libc memcpy()
12-31 16:00:02.867 I/MiSysSrv( 1117): (*) Fusion/SHM: Using MADV_REMOVE (3.10.23.0 >= 2.6.19.2)
12-31 16:00:02.871 I/MiSysSrv( 1117): (*) Direct/Thread: Started 'Fusion Dispatch' (-1) [MESSAGING OTHER/OTHER 0/0] <1040384>...
12-31 16:00:02.871 I/MiSysSrv( 1117): (*) Direct/Thread: Started 'Fusion Deferred' (-1) [MESSAGING OTHER/OTHER 0/0] <1040384>...
12-31 16:00:02.875 I/        ( 1255): [MSOS_PRINT][000544]     [MsOS_Init] already inited!
12-31 16:00:02.879 I/MiSysSrv( 1117): [0mCheckMbootLogoThread,line=265,wating mstar.disable.bootlogo done for 
12-31 16:00:02.879 I/tvos    ( 1118): main,line=221,mstar.disable.bootlogo = -1090757944, wating mstar.disable.bootlogo ... yangxk
12-31 16:00:02.887 I/        ( 1255): [MSOS_PRINT][000544]     [MsOS_Init] already inited!
12-31 16:00:02.887 D/        ( 1255): MDrv_PNL_Init u32PnlRiuBaseAddr = b4b56000
12-31 16:00:02.887 D/        ( 1255): MDrv_PNL_Init u32PMRiuBaseAddr = b4c1e000
12-31 16:00:02.891 I/MiSysSrv( 1117): [XC,Version][0;36m 
12-31 16:00:02.891 D/        ( 1255): 
12-31 16:00:02.891 D/        ( 1255): [GOP INFO] gop open
12-31 16:00:02.895 D/        ( 1255): 
12-31 16:00:02.895 D/        ( 1255): [MDrv_GOP_GWIN_SetMux] not support gop4 in this chip version!!
12-31 16:00:02.899 I/MiSysSrv( 1117): CheckMbootLogoThread,line=265,wating mstar.disable.bootlogo done for 
12-31 16:00:02.911 I/MiSysSrv( 1117): [1;31m[MI ERR ]: MI_ATOM_DISPOUT_GetHandle[1217]: Handle is not opened!
12-31 16:00:02.911 I/MiSysSrv( 1117): [0m[1;31m<<<MI_IMPL_DISPOUT_GetHandle[251] return ERR!
12-31 16:00:02.915 D/        ( 1255): 
12-31 16:00:02.915 D/        ( 1255): [MDrv_GOP_GWIN_SetMux] not support gop4 in this chip version!!
12-31 16:00:02.915 I/MiSysSrv( 1117):  [m
12-31 16:00:02.915 I/MiSysSrv( 1117):  DFB USE THE GFX : MSTAR_G2 
12-31 16:00:02.919 I/MiSysSrv( 1117): [0mCheckMbootLogoThread,line=265,wating mstar.disable.bootlogo done for 
12-31 16:00:02.939 I/MiSysSrv( 1117): CheckMbootLogoThread,line=265,wating mstar.disable.bootlogo done for 
12-31 16:00:02.943 D/dalvikvm( 1104): Unable to stat classpath element '/system/framework/ccdtwebkit.jar'
12-31 16:00:02.955 I/DvbNative( 1252): [1252]<[main_dvbserver, main(), 53]> ### ServiceManager: 0xb73c2110
12-31 16:00:02.955 D/DvbNative( 1252): [1252]<[main_dvbserver, main(), 56]> ### start service stub
12-31 16:00:02.955 D/DvbNative( 1252): [1252]<[CmnService, instantiate(), 698]> ### ===>>>>>>>>>>[1] import cfg properties
12-31 16:00:02.959 D/DvbNative( 1252): [1252]<[PropertyStub, importCfgProperty(), 1458]> ### begin import cfg file. idx=0, cfgFileName='/CcdtConfig/ProductCfg'
12-31 16:00:02.959 D/DvbNative( 1252): [1252]<[PropertyStub, importCfgProperty(), 1472]> ### [0] set cfg property: key='ro.ccdt.cfg.ProjectName', value='HeiLongJiangShengWang'
12-31 16:00:02.959 I/MiSysSrv( 1117): CheckMbootLogoThread,line=265,wating mstar.disable.bootlogo done for 
12-31 16:00:02.959 D/DvbNative( 1252): [1252]<[PropertyStub, importCfgProperty(), 1476]> ### end import cfg file. idx=0, cfgFileName='/CcdtConfig/ProductCfg'
12-31 16:00:02.959 D/DvbNative( 1252): [1252]<[PropertyStub, importCfgProperty(), 1458]> ### begin import cfg file. idx=1, cfgFileName='/CcdtConfig/CfgProperty'
12-31 16:00:02.959 D/DvbNative( 1252): [1252]<[PropertyStub, importCfgProperty(), 1472]> ### [0] set cfg property: key='ccdt.cfg.standby.mode', value='0'
12-31 16:00:02.959 I/MiSysSrv( 1117): [1;31m[MI ERR ]: MI_ATOM_DISPOUT_GetHandle[1217]: Handle is not opened!
12-31 16:00:02.959 I/MiSysSrv( 1117): [0m[1;31m<<<MI_IMPL_DISPOUT_GetHandle[251] return ERR!
12-31 16:00:02.963 D/DvbNative( 1252): [1252]<[PropertyStub, importCfgProperty(), 1472]> ### [1] set cfg property: key='ccdt.cfg.ccdtplayer.vodDefMode', value='hebei'
12-31 16:00:02.963 D/DvbNative( 1252): [1252]<[PropertyStub, importCfgProperty(), 1472]> ### [2] set cfg property: key='persist.sys.defTimeZoneOffset', value='-480'
12-31 16:00:02.963 D/DvbNative( 1252): [1252]<[PropertyStub, importCfgProperty(), 1472]> ### [3] set cfg property: key='ccdt.cfg.super.password', value='5350'
12-31 16:00:02.967 D/DvbNative( 1252): [1252]<[PropertyStub, importCfgProperty(), 1476]> ### end import cfg file. idx=1, cfgFileName='/CcdtConfig/CfgProperty'
12-31 16:00:02.967 D/DvbNative( 1252): [1252]<[CmnService, instantiate(), 700]> ### ===>>>>>>>>>>[2] start initializer
12-31 16:00:02.967 D/DvbNative( 1252): [1252]<[Initializer, Initialize(), 619]> ### #######################################################
12-31 16:00:02.967 D/DvbNative( 1252): [1252]<[Initializer, Initialize(), 620]> ### ################    Initialize begin    ###############
12-31 16:00:02.967 D/DvbNative( 1252): [1252]<[Initializer, Initialize(), 621]> ### #######################################################
12-31 16:00:02.971 D/DvbNative( 1252): [1252]<[ISystemControlAbstract, getInstance(), 32]> ### create ISystemControl 
12-31 16:00:02.979 I/MiSysSrv( 1117): [0mCheckMbootLogoThread,line=265,wating mstar.disable.bootlogo done for 
12-31 16:00:02.979 I/tvos    ( 1118): main,line=221,mstar.disable.bootlogo = -1090757944, wating mstar.disable.bootlogo ... yangxk
12-31 16:00:02.979 D/DvbNative( 1252): [1252]<[ISystemControl, _globalInitialize(), 83]> ### [CFG] EnableDateTimeAdjust=1 
12-31 16:00:02.979 D/DvbNative( 1252): [1252]<[ISystemControl, _globalInitialize(), 86]> ### [CFG] EnableTimeZoneAdjust=0 
12-31 16:00:02.983 D/DvbNative( 1252): [1252]<[ISystemControl, _globalInitialize(), 89]> ### [CFG] SyncTimeAndZoneInNative=1 
12-31 16:00:02.983 D/BootAnimation( 1324): boot animation start 0xbefa1ac0
12-31 16:00:02.983 I/BootAnimation( 1324): 5555555555555555
12-31 16:00:02.983 D/DvbNative( 1252): [1252]<[ISystemControl, ISystemControl(), 1310]> ### get default led background mode. mode=1
12-31 16:00:02.983 D/DvbNative( 1252): [1252]<[ISystemControl, ISystemControl(), 1323]> ### get default led refresh time interval! interval=6000
12-31 16:00:02.983 E/DvbNative( 1252): [1252][01;31m<[ISystemControl, ISystemControl(), 1392]> [error] ### need re-sync timezone for not match with kernel! value='-480'. offsetEast=480, kernelOffsetWest=0, kernelDstTime=0[0m
12-31 16:00:02.983 I/BootAnimation( 1324): 666666666666666
12-31 16:00:02.987 D/DvbNative( 1252): [1252]<[ISystemControl, ISystemControl(), 1422]> ### sync time zone. offsetEast=480, tz=GMT+08:00
12-31 16:00:02.987 I/BootAnimation( 1324): dinfo.w = 1920, dinfo.h = 1080
12-31 16:00:02.987 I/MiSysSrv( 1117): (*) DirectFB/Graphics: Generic Software Rasterizer 0.1 (Mstar corp.)
12-31 16:00:02.987 D/DvbNative( 1252): [1252]<[ISystemControl, _setTimeZoneToSys(), 1169]> ### set timezone offset ok. offsetEast=480 
12-31 16:00:02.991 D/libEGL  ( 1324): loaded /system/lib/egl/libGLES_mali.so
12-31 16:00:02.991 D/DvbNative( 1252): [1252]<[ISystemControl, _setDateTimeToSys(), 1204]> ### need sync time to kernel. curtime=2, dstTime=1262304000, gmtime=2010-1-1_0:0:0
12-31 16:00:00.000 I/MiSysSrv( 1117): (*) DirectFB/Core/WM: Default 0.3 (directfb.org)
12-31 16:00:00.000 I/MiSysSrv( 1117): NEOHEdfb_layer_context_init:248======
12-31 16:00:00.000 I/MiSysSrv( 1117): NEOHE dfb_layer_context_init:250======
12-31 16:00:00.000 I/MiSysSrv( 1117): NEOHE dfb_layer_context_init:255======
12-31 16:00:00.000 I/MiSysSrv( 1117): (*)  Allocate -> offset 14696448, pitch 5440, size 4177920
12-31 16:00:00.000 I/MiSysSrv( 1117): CheckMbootLogoThread,line=265,wating mstar.disable.bootlogo done for 
12-31 16:00:00.000 I/MiSysSrv( 1117): (*)  Allocate -> offset 10518528, pitch 5440, size 4177920
12-31 16:00:00.003 D/DvbNative( 1252): [1252]<[ISystemControl, _setDateTimeToSys(), 1238]> ### set time ok! mjd=55197, hmsBcd=0x000000, gmtime=2010-1-1_0:0:0, sysGmtTime='Thu Jan  1 00:00:02 1970
12-31 16:00:00.003 D/DvbNative( 1252): '
12-31 16:00:00.007 I/MiSysSrv( 1117): NEOHE dfb_layer_context_init:258======
12-31 16:00:00.007 I/MiSysSrv( 1117): NEOHE dfb_layer_context_init:271======
12-31 16:00:00.007 I/MiSysSrv( 1117): NEOHE dfb_layer_context_init:273======
12-31 16:00:00.007 I/MiSysSrv( 1117): flag DCAF_BRIGHTNESS not set! 
12-31 16:00:00.007 D/DvbNative( 1252): [1252]<[Initializer, Initialize(), 644]> ### system time zone offset(east) is : 480
12-31 16:00:00.007 D/DvbNative( 1252): [1252]<[Initializer, _resumeDbXmlFromRemoveable(), 296]> ### property switch off, ignore resume
12-31 16:00:00.007 I/MiSysSrv( 1117): neohe debug the new slot id is 0
12-31 16:00:00.007 D/DvbNative( 1252): [1252]<[Initializer, _resumeDatabaseFromRemoveable(), 407]> ### property switch off, ignore resume
12-31 16:00:00.007 D/DvbNative( 1252): [1252]<[Initializer, Initialize(), 657]> ### [CFG] BootNativeInitDBEnable=0, not need to check & init database
12-31 16:00:00.007 D/DvbNative( 1252): [1252]<[Initializer, Initialize(), 663]> ### ===== prepare to call dos initialize =====
12-31 16:00:00.011 D/DvbNative( 1252): [1252]<[Initializer, Initialize(), 672]> ### ===== prepare to call dd initialize =====
12-31 16:00:00.011 D/DD      ( 1252): <1252>[dd_utility][FUNC:DD_Platform_Init LINE:605]Enter
12-31 16:00:00.011 I/MiSysSrv( 1117): [1;31m[MI ERR ]: MI_ATOM_DISPOUT_GetHandle[1217]: Handle is not opened!
12-31 16:00:00.011 I/MiSysSrv( 1117): [0m[1;31m<<<MI_IMPL_DISPOUT_GetHandle[251] return ERR!
12-31 16:00:00.011 I/DD      ( 1252): <1252>[dd_utility][FUNC:_DD_Project_Init LINE:910]get_systeminfo getOUI:0x29 
12-31 16:00:00.015 I/BootAnimation( 1324): Bootanimation EGL informations:
12-31 16:00:00.015 E/DD      ( 1252): <1252>[dd_utility][FUNC:DD_Utility_getServialNo LINE:224]system_info.sn=280a0e1020fe13012e31001a170a0e3563412ef00fe11a020e2 
12-31 16:00:00.019 I/BootAnimation( 1324): vendor    : Android
12-31 16:00:00.019 I/BootAnimation( 1324): version   : 1.4 Android META-EGL
12-31 16:00:00.019 I/BootAnimation( 1324): extensions: EGL_KHR_get_all_proc_addresses EGL_ANDROID_presentation_time EGL_KHR_image EGL_KHR_image_base EGL_KHR_image_pixmap EGL_KHR_gl_texture_2D_image EGL_KHR_gl_texture_cubemap_image EGL_KHR_gl_renderbuffer_image EGL_KHR_fence_sync EGL_KHR_create_context EGL_EXT_create_context_robustness EGL_ANDROID_image_native_buffer EGL_ANDROID_recordable 
12-31 16:00:00.019 I/BootAnimation( 1324): Client API: OpenGL_ES
12-31 16:00:00.019 I/BootAnimation( 1324): EGLSurface: 8-8-8-8, config=0x60000013
12-31 16:00:00.019 E/cutils-trace( 1324): Error opening trace file: Permission denied (13)
12-31 16:00:00.019 I/Surface ( 1324): Surface::setBuffersFormat format 1
12-31 16:00:00.019 I/MiSysSrv( 1117): [0mCheckMbootLogoThread,line=265,wating mstar.disable.bootlogo done for 
12-31 16:00:00.027 D/gralloc ( 1103): allocate buffer from ION HEAP 0x10000
12-31 16:00:00.027 D/gralloc ( 1103): allocate the descrete memory from 0x10000 HEAP
12-31 16:00:00.027 E/gralloc ( 1103): ioctl c0204909 failed with code -1: No such device
12-31 16:00:00.031 E/[Gralloc-ERROR]( 1103): int alloc_backend_alloc(alloc_device_t*, size_t, int, const native_handle_t**):217 Failed to ion_cust_alloc from ion_client:29
12-31 16:00:00.031 D/gralloc ( 1103): Not enough CMA memory, fallback system directly
12-31 16:00:00.031 D/gralloc ( 1103): allocate buffer from ION HEAP 0x1
12-31 16:00:00.031 D/gralloc ( 1103): allocate memory from system heap
12-31 16:00:00.031 D/DD      ( 1252): <1252>[dd_inject][FUNC:DD_Injecter_Init LINE:145]Enter
12-31 16:00:00.031 E/        ( 1252): Init module first, please call MI_DMX_Init.
12-31 16:00:00.031 E/DD      ( 1252): <1252>[dd_inject][FUNC:DD_Injecter_Init LINE:162]Fail,ret:3 
12-31 16:00:00.031 D/DD      ( 1252): <1252>[dd_player][FUNC:DD_Player_Init LINE:1195]Enter
12-31 16:00:00.039 I/MiSysSrv( 1117): CheckMbootLogoThread,line=265,wating mstar.disable.bootlogo done for 
12-31 16:00:00.055 I/BootAnimation( 1324): there is no play.list
12-31 16:00:00.059 I/BootAnimation( 1324): numEntries =2 
12-31 16:00:00.059 I/MiSysSrv( 1117): CheckMbootLogoThread,line=265,wating mstar.disable.bootlogo done for 
12-31 16:00:00.059 D/dalvikvm( 1104): Trying to load lib libjavacore.so 0x0
12-31 16:00:00.059 I/BootAnimation( 1324): > type=p, count=0, pause=0, path=part0
12-31 16:00:00.059 I/MiSysSrv( 1117): [1;31m[MI ERR ]: MI_ATOM_DISPOUT_GetHandle[1217]: Handle is not opened!
12-31 16:00:00.059 I/MiSysSrv( 1117): [0m[1;31m<<<MI_IMPL_DISPOUT_GetHandle[251] return ERR!
12-31 16:00:00.071 I/        ( 1324): jpeg hw mutex s_index = 0
12-31 16:00:00.071 D/dalvikvm( 1104): Added shared lib libjavacore.so 0x0
12-31 16:00:00.079 I/tvos    ( 1118): main,line=221,mstar.disable.bootlogo = -1090757944, wating mstar.disable.bootlogo ... yangxk
12-31 16:00:00.083 I/MiSysSrv( 1117): [0mCheckMbootLogoThread,line=265,wating mstar.disable.bootlogo done for 
12-31 16:00:00.087 D/hwcomposer( 1103): the mstar.maliion.dismem.location is in 0, but no available memory
12-31 16:00:00.095 D/dalvikvm( 1104): Trying to load lib libnativehelper.so 0x0
12-31 16:00:00.095 D/dalvikvm( 1104): Added shared lib libnativehelper.so 0x0
12-31 16:00:00.095 D/dalvikvm( 1104): No JNI_OnLoad found in libnativehelper.so 0x0, skipping init
12-31 16:00:00.099 I/MiSysSrv( 1117): [1;32m[MI INFO]: [HWCAPS]:Info: ShmType 2 will be init!
12-31 16:00:00.099 I/MiSysSrv( 1117): [0m[1;32m[MI INFO]: [HWCAPS]:shmem buffer MI_HWCAPS_VIDEO size is 24
12-31 16:00:00.103 I/MiSysSrv( 1117): [0mCheckMbootLogoThread,line=265,wating mstar.disable.bootlogo done for 
12-31 16:00:00.107 E/        ( 1250): <<android>>      Start HAL_AUDIO_AllocateVars InitShmFlag=0
12-31 16:00:00.107 E/        ( 1250): <<android>>      create Audio SHM data ...
12-31 16:00:00.107 E/        ( 1250): <<android>>      Audio SHM data is created
12-31 16:00:00.111 E/        ( 1250): <<android>>      reset Audio SHM data ...
12-31 16:00:00.111 E/        ( 1250): <<android>>      End HAL_AUDIO_AllocateVars InitShmFlag=1, ClientCounter=1 
12-31 16:00:00.111 I/        ( 1250): <<android>>      Audio TEE Info SHM is created...
12-31 16:00:00.111 I/        ( 1250): <<android>>      reset Audio TEE Info SHM data ...
12-31 16:00:00.111 I/MiSysSrv( 1117): [1;31m[MI ERR ]: MI_ATOM_DISPOUT_GetHandle[1217]: Handle is not opened!
12-31 16:00:00.111 I/MiSysSrv( 1117): [0m[1;31m<<<MI_IMPL_DISPOUT_GetHandle[251] return ERR!
12-31 16:00:00.119 I/MiSysSrv( 1117): [0mIn HAL_AUDIO_SetDspBaseAddr, line(4376), u8Index(0x1), u32Bin_Base_Address(0x0), u32Mad_Base_Buffer_Adr(0x1a159000)
12-31 16:00:00.119 I/        ( 1250): <<android>>      1 DSPBinBaseAddress = 0x0
12-31 16:00:00.119 I/        ( 1250): <<android>>      1 DSPMadBaseBufferAdr = 0x0
12-31 16:00:00.119 I/        ( 1250): <<android>>      1 DSPMadMIUBank = 0
12-31 16:00:00.119 I/MiSysSrv( 1117): In HAL_AUDIO_SetDspBaseAddr, line(4376), u8Index(0x2), u32Bin_Base_Address(0x0), u32Mad_Base_Buffer_Adr(0x19959000)
12-31 16:00:00.119 I/        ( 1250): <<android>>      2 DSPBinBaseAddress = 0x0
12-31 16:00:00.123 I/        ( 1250): <<android>>      2 DSPMadBaseBufferAdr = 0x19959000
12-31 16:00:00.123 I/        ( 1250): <<android>>      2 DSPMadMIUBank = 0
12-31 16:00:00.123 E/        ( 1250): <<android>>      Start HAL_AUDIO_AllocateVars InitShmFlag=1
12-31 16:00:00.123 E/        ( 1250): <<android>>      HAL_AUDIO_AllocateVars QUERY ClientCounter=1
12-31 16:00:00.123 E/        ( 1250): <<android>>      End HAL_AUDIO_AllocateVars InitShmFlag=1, ClientCounter=1 
12-31 16:00:00.123 I/MiSysSrv( 1117): CheckMbootLogoThread,line=265,wating mstar.disable.bootlogo done for 
12-31 16:00:00.143 I/MiSysSrv( 1117): CheckMbootLogoThread,line=265,wating mstar.disable.bootlogo done for 
12-31 16:00:00.155 I/BootAnimation( 1324): initTexture #### 720 480
12-31 16:00:00.163 I/MiSysSrv( 1117): [1;31m[MI ERR ]: MI_ATOM_DISPOUT_GetHandle[1217]: Handle is not opened!
12-31 16:00:00.163 I/MiSysSrv( 1117): [0m[1;31m<<<MI_IMPL_DISPOUT_GetHandle[251] return ERR!
12-31 16:00:00.163 I/MiSysSrv( 1117): [0mCheckMbootLogoThread,line=265,wating mstar.disable.bootlogo done for 
12-31 16:00:00.171 D/gralloc ( 1103): allocate buffer from ION HEAP 0x1
12-31 16:00:00.171 D/gralloc ( 1103): allocate memory from system heap
12-31 16:00:00.175 I/MiSysSrv( 1117):       HAL_MAD2_SetMemInfo : SE_DSP_DDR_ADDR = 0x1A159000, DEC_R2_ADDR = 0x19959000
12-31 16:00:00.175 I/MiSysSrv( 1117):        ======> Audio DEC_R2 Base : 19959000
12-31 16:00:00.179 I/tvos    ( 1118): main,line=221,mstar.disable.bootlogo = -1090757944, wating mstar.disable.bootlogo ... yangxk
12-31 16:00:00.187 I/MiSysSrv( 1117): CheckMbootLogoThread,line=265,wating mstar.disable.bootlogo done for 
12-31 16:00:00.187 I/MiSysSrv( 1117): MDrv_AUDIO_SeSystemLoadCode() 
12-31 16:00:00.207 I/MiSysSrv( 1117): CheckMbootLogoThread,line=265,wating mstar.disable.bootlogo done for 
12-31 16:00:00.211 I/MiSysSrv( 1117): [1;31m[MI ERR ]: MI_ATOM_DISPOUT_GetHandle[1217]: Handle is not opened!
12-31 16:00:00.211 I/MiSysSrv( 1117): [0m[1;31m<<<MI_IMPL_DISPOUT_GetHandle[251] return ERR!
12-31 16:00:00.227 I/MiSysSrv( 1117): [0mCheckMbootLogoThread,line=265,wating mstar.disable.bootlogo done for 
12-31 16:00:00.239 I/MiSysSrv( 1117): [======= initialize DEC-R2[0] SHM =======]
12-31 16:00:00.239 I/MiSysSrv( 1117): [======= initialize DEC-R2[1] SHM =======]
12-31 16:00:00.247 I/MiSysSrv( 1117): audio DSP_SE LoadCode success..
12-31 16:00:00.247 I/MiSysSrv( 1117): CheckMbootLogoThread,line=265,wating mstar.disable.bootlogo done for 
12-31 16:00:00.263 I/MiSysSrv( 1117): [1;31m[MI ERR ]: MI_ATOM_DISPOUT_GetHandle[1217]: Handle is not opened!
12-31 16:00:00.263 I/MiSysSrv( 1117): [0m[1;31m<<<MI_IMPL_DISPOUT_GetHandle[251] return ERR!
12-31 16:00:00.263 D/        ( 1255): [MApi_GOP_GWIN_EnableTileMode] Not SUPPORT bEn:0 type:1
12-31 16:00:00.267 I/MiSysSrv( 1117): [0mCheckMbootLogoThread,line=265,wating mstar.disable.bootlogo done for 
12-31 16:00:00.279 I/tvos    ( 1118): main,line=221,mstar.disable.bootlogo = -1090757944, wating mstar.disable.bootlogo ... yangxk
12-31 16:00:00.287 I/MiSysSrv( 1117): CheckMbootLogoThread,line=265,wating mstar.disable.bootlogo done for 
12-31 16:00:00.299 D/dalvikvm( 1104): Note: class Landroid/app/ActivityManagerNative; has 179 unimplemented (abstract) methods
12-31 16:00:00.307 I/MiSysSrv( 1117): dfb_layer_region_flip_update:layer 0 is wrongly enabled. disable it! 
12-31 16:00:00.307 I/MiSysSrv( 1117): CheckMbootLogoThread,line=265,wating mstar.disable.bootlogo done for 
12-31 16:00:00.311 I/MiSysSrv( 1117): [1;31m[MI ERR ]: MI_ATOM_DISPOUT_GetHandle[1217]: Handle is not opened!
12-31 16:00:00.311 I/MiSysSrv( 1117): [0m[1;31m<<<MI_IMPL_DISPOUT_GetHandle[251] return ERR!
12-31 16:00:00.327 D/hwcomposer( 1103): lastHWWindowInfo is dirty
12-31 16:00:00.327 I/MiSysSrv( 1117): [0mCheckMbootLogoThread,line=265,wating mstar.disable.bootlogo done for 
12-31 16:00:00.347 I/MiSysSrv( 1117): dfb_layer_region_flip_update:layer 0 is wrongly disabled. Enable it! 
12-31 16:00:00.347 I/MiSysSrv( 1117): CheckMbootLogoThread,line=265,wating mstar.disable.bootlogo done for 
12-31 16:00:00.351 I/MiSysSrv( 1117): MDrv_AUDIO_DecoderLoadCode() 
12-31 16:00:00.351 I/MiSysSrv( 1117): DEC System code download finished!
12-31 16:00:00.355 I/        ( 1250): <<android>>      ===== Check Audio Decoder Protection from hash-key IP =====
12-31 16:00:00.355 I/        ( 1250): <<android>>      Hash-key Support DD.
12-31 16:00:00.355 I/        ( 1250): <<android>>      Hash-key Support DD+.
12-31 16:00:00.355 I/        ( 1250): <<android>>      Hash Key Check DTS Fail, no DTS license!!
12-31 16:00:00.355 I/        ( 1250): <<android>>      Hash Key Check WMA Fail, no WMA license!!
12-31 16:00:00.355 I/        ( 1250): <<android>>      Hash-key Support DRA.
12-31 16:00:00.355 I/        ( 1250): <<android>>      Hash Key Check DTSLBR Fail, no DTSLBR license!!
12-31 16:00:00.355 I/        ( 1250): <<android>>      Hash Key Check Dolby MS11 Fail, no Dolby MS11 license!!
12-31 16:00:00.355 I/        ( 1250): <<android>>      Hash Key Check DTSE Fail, no DTSE license!!
12-31 16:00:00.355 I/        ( 1250): <<android>>      Hash Key Check DTSNeoUltra Fail, no DTSNeoUltra license!!
12-31 16:00:00.355 I/        ( 1250): <<android>>      Hash Key Check SRS_TSHD Fail, no SRS_TSHD license!!
12-31 16:00:00.359 I/        ( 1250): <<android>>      Hash Key Check SRS_THEATERSOUND Fail, no SRS_THEATERSOUND license!!
12-31 16:00:00.359 I/        ( 1250): <<android>>      Hash Key Check DTS_StudioSound3D Fail, no DTS_StudioSound3D license!!
12-31 16:00:00.359 I/        ( 1250): <<android>>      Hash Key Check COOK Fail, no COOK license!!
12-31 16:00:00.359 I/        ( 1250): <<android>>      Hash Key Check DTS_HD Fail, no DTS_HD license!!
12-31 16:00:00.359 I/        ( 1250): <<android>>      ===== Check Protection IP End                         =====
12-31 16:00:00.359 I/MiSysSrv( 1117): [1;31m[MI ERR ]: MI_ATOM_AUDIO_Init[2509]: Audio decoder is in R2
12-31 16:00:00.363 I/MiSysSrv( 1117): [0m[1;31m[MI ERR ]: MI_ATOM_DISPOUT_GetHandle[1217]: Handle is not opened!
12-31 16:00:00.363 I/MiSysSrv( 1117): [0m[1;31m<<<MI_IMPL_DISPOUT_GetHandle[251] return ERR!
12-31 16:00:00.367 I/MiSysSrv( 1117): [0mCheckMbootLogoThread,line=265,wating mstar.disable.bootlogo done for 
12-31 16:00:00.371 I/MiSysSrv( 1117): [1;36m<<<MI_ATOM_DISPLAY_SetDebugLevel[3621] 
12-31 16:00:00.371 I/MiSysSrv( 1117): [0m[1;36m<<<MI_IMPL_DISPLAY_SetDebugLevel[2319] 
12-31 16:00:00.371 I/MiSysSrv( 1117): [0m[1;31m[MI ERR ]: MI_ATOM_DISPOUT_GetHandle[1217]: Handle is not opened!
12-31 16:00:00.371 I/MiSysSrv( 1117): [0m[1;31m<<<MI_IMPL_DISPOUT_GetHandle[251] return ERR!
12-31 16:00:00.375 I/MiSysSrv( 1117): [0m
12-31 16:00:00.375 I/MiSysSrv( 1117): [CPU INFO] cpu openCPUIoctl - MDrv_CMD_CPU_QueryClock
12-31 16:00:00.375 I/MiSysSrv( 1117): : No such file or directory
12-31 16:00:00.379 I/tvos    ( 1118): main,line=221,mstar.disable.bootlogo = -1090757944, wating mstar.disable.bootlogo ... yangxk
12-31 16:00:00.387 I/MiSysSrv( 1117): Cannot open interrupt descriptor for irq=382 CheckMbootLogoThread,line=265,wating mstar.disable.bootlogo done for 
12-31 16:00:00.407 I/MiSysSrv( 1117): CheckMbootLogoThread,line=265,wating mstar.disable.bootlogo done for 
12-31 16:00:00.427 I/MiSysSrv( 1117): CheckMbootLogoThread,line=265,wating mstar.disable.bootlogo done for 
12-31 16:00:00.447 I/MiSysSrv( 1117): CheckMbootLogoThread,line=265,wating mstar.disable.bootlogo done for 
12-31 16:00:00.467 I/MiSysSrv( 1117): ==time== DirectFBCreate at [    3.468705]s
12-31 16:00:00.467 I/MiSysSrv( 1117): CheckMbootLogoThread,line=265,wating mstar.disable.bootlogo done for 
12-31 16:00:00.479 I/tvos    ( 1118): main,line=221,mstar.disable.bootlogo = -1090757944, wating mstar.disable.bootlogo ... yangxk
12-31 16:00:00.487 I/MiSysSrv( 1117): MApi_HDMITx_DisableRegWrite FALSE 
12-31 16:00:00.487 I/MiSysSrv( 1117): CheckMbootLogoThread,line=265,wating mstar.disable.bootlogo done for 
12-31 16:00:00.511 I/MiSysSrv( 1117): CheckMbootLogoThread,line=265,wating mstar.disable.bootlogo done for 
12-31 16:00:00.531 I/MiSysSrv( 1117): CheckMbootLogoThread,line=265,wating mstar.disable.bootlogo done for 
12-31 16:00:00.551 I/MiSysSrv( 1117): CheckMbootLogoThread,line=265,wating mstar.disable.bootlogo done for 
12-31 16:00:00.567 D/gralloc ( 1103): allocate buffer from ION HEAP 0x1
12-31 16:00:00.567 D/gralloc ( 1103): allocate memory from system heap
12-31 16:00:00.579 I/tvos    ( 1118): main,line=221,mstar.disable.bootlogo = -1090757944, wating mstar.disable.bootlogo ... yangxk
12-31 16:00:00.591 E/memtrack( 1104): Couldn't load memtrack module (No such file or directory)
12-31 16:00:00.591 E/android.os.Debug( 1104): failed to load memtrack module: -2
12-31 16:00:00.683 I/tvos    ( 1118): mstar.disable.bootlogo = 1 yangxk
12-31 16:00:00.683 I/tvos    ( 1118): start main #1
12-31 16:00:00.683 I/tvos    ( 1118): start main #2
12-31 16:00:00.683 I/tvos    ( 1118): start main #3
12-31 16:00:00.683 I/tvos    ( 1118): main init #1
12-31 16:00:00.683 I/tvos    ( 1118): [1;32mLoadIniFile,line=156,m_b4K2K_ENABLE(1),m_eSystemType(3),m_eDVBSystem(0),m_bYPBPR_OUT_ENABLE(0)
12-31 16:00:00.695 I/SamplingProfilerIntegration( 1104): Profiling disabled.
12-31 16:00:00.711 I/Zygote  ( 1104): Preloading classes...
12-31 16:00:00.711 E/cutils-trace( 1104): Error opening trace file: Permission denied (13)
12-31 16:00:00.719 D/dalvikvm( 1104): GC_EXPLICIT freed 42K, 8% free 543K/588K, paused 0ms+1ms, total 4ms
12-31 16:00:00.747 I/MiSysSrv( 1117): none MI_DBG_LVL_L in PROC_CMD_LINE!
12-31 16:00:00.747 I/MiSysSrv( 1117): none MI_DBG_LVL_H in PROC_CMD_LINE!
12-31 16:00:00.747 I/MiSysSrv( 1117): [CPU INFO] cpu openCPUIoctl - MDrv_CMD_CPU_QueryClock
12-31 16:00:00.747 I/MiSysSrv( 1117): [HWI2C INFO] hwi2c opennone MI_DBG_LVL_L in PROC_CMD_LINE!
12-31 16:00:00.747 I/MiSysSrv( 1117): none MI_DBG_LVL_H in PROC_CMD_LINE!
12-31 16:00:00.751 I/tvos    ( 1118): [0m[1;31mMI_GPIO_Init success!!!
12-31 16:00:00.751 I/tvos    ( 1118): [0m[1;31mMI_GPIO_Open success!!!
12-31 16:00:00.751 I/MiSysSrv( 1117): none MI_DBG_LVL_L in PROC_CMD_LINE!
12-31 16:00:00.751 I/MiSysSrv( 1117): none MI_DBG_LVL_H in PROC_CMD_LINE!
12-31 16:00:00.775 I/MiSysSrv( 1117): [37m[INFO] Change to Voltage: 115 mv (0x2A)[m
12-31 16:00:00.927 I/MiSysSrv( 1117): none MI_DBG_LVL_L in PROC_CMD_LINE!
12-31 16:00:00.927 I/MiSysSrv( 1117): none MI_DBG_LVL_H in PROC_CMD_LINE!
12-31 16:00:00.927 I/MiSysSrv( 1117): [1;31m[MI ERR ]: MI_ATOM_FLASH_GetHandle[2465]: Handle no using!!!
12-31 16:00:00.927 V/NatController( 1101): runCmd(/system/bin/iptables -F natctrl_FORWARD) res=0
12-31 16:00:00.931 I/MiSysSrv( 1117): [0mMPOOL size : 0x200000
12-31 16:00:00.939 V/NatController( 1101): runCmd(/system/bin/iptables -A natctrl_FORWARD -j DROP) res=0
12-31 16:00:00.947 V/NatController( 1101): runCmd(/system/bin/iptables -t nat -F natctrl_nat_POSTROUTING) res=0
12-31 16:00:00.959 V/NatController( 1101): runCmd(/system/bin/ip rule flush) res=0
12-31 16:00:00.963 V/NatController( 1101): runCmd(/system/bin/ip -6 rule flush) res=0
12-31 16:00:00.971 V/NatController( 1101): runCmd(/system/bin/ip rule add from all lookup default prio 32767) res=0
12-31 16:00:00.979 V/NatController( 1101): runCmd(/system/bin/ip rule add from all lookup main prio 32766) res=0
12-31 16:00:00.987 V/NatController( 1101): runCmd(/system/bin/ip -6 rule add from all lookup default prio 32767) res=0
12-31 16:00:00.995 V/NatController( 1101): runCmd(/system/bin/ip -6 rule add from all lookup main prio 32766) res=0
12-31 16:00:01.003 V/NatController( 1101): runCmd(/system/bin/ip route flush cache) res=0
12-31 16:00:01.011 V/NatController( 1101): runCmd(/system/bin/iptables -F natctrl_tether_counters) res=1
12-31 16:00:01.019 V/NatController( 1101): runCmd(/system/bin/iptables -X natctrl_tether_counters) res=1
12-31 16:00:01.027 V/NatController( 1101): runCmd(/system/bin/iptables -N natctrl_tether_counters) res=0
12-31 16:00:01.067 D/gralloc ( 1103): allocate buffer from ION HEAP 0x1
12-31 16:00:01.067 D/gralloc ( 1103): allocate memory from system heap
12-31 16:00:01.499 I/        ( 1101): [MSOS_PRINT][003289]     ~!~mappd sharemem  @ 
12-31 16:00:01.499 I/        ( 1101): [MSOS_PRINT][000663]     pthread_mutex_init
12-31 16:00:01.499 I/        ( 1101): [MSOS_PRINT][000665]     CHIP_InitISR
12-31 16:00:01.499 I/        ( 1101): [utopia info] utopia init
12-31 16:00:01.499 D/DD      ( 1252): <1252>[dd_player][FUNC:_DD_Player_CreatTask LINE:933]Exit Success
12-31 16:00:01.499 I/MiSysSrv( 1117): AndroidServiceInitThread: Aout set output mute done 
12-31 16:00:01.499 I/MiSysSrv( 1117): AndroidServiceInitThread:audio init sucessed
12-31 16:00:01.499 I/MiSysSrv( 1117): [1;31m[MI ERR ]: MI_ATOM_DISPOUT_GetHandle[1217]: Handle is not opened!
12-31 16:00:01.499 I/MiSysSrv( 1117): [0m[1;31m<<<MI_IMPL_DISPOUT_GetHandle[251] return ERR!
12-31 16:00:01.499 D/DD      ( 1252): <1252>[dd_player][FUNC:DD_Player_Init LINE:1284]Exit Success
12-31 16:00:01.499 D/DD      ( 1252): <1252>[dd_audio][FUNC:DD_Audio_Init LINE:158]Enter
12-31 16:00:01.503 I/MiSysSrv( 1117): [0mjoining to WDT.
12-31 16:00:01.503 I/MiSysSrv( 1117): none MI_DBG_LVL_L in PROC_CMD_LINE!
12-31 16:00:01.503 I/MiSysSrv( 1117): none MI_DBG_LVL_H in PROC_CMD_LINE!
12-31 16:00:01.503 I/        ( 1101): [utopia info] register module: MODULE_UTOPIA
12-31 16:00:01.503 I/        ( 1101): [utopia info] register module: MODULE_BDMA
12-31 16:00:01.503 I/MiSysSrv( 1117): [MI_SYS_WDT] MI_WDT_INIT.....success
12-31 16:00:01.503 I/MiSysSrv( 1117): [1;31m[MI ERR ]: MI_ATOM_PM_GetHandle[1245]: PM module not opend
12-31 16:00:01.503 I/MiSysSrv( 1117): [0m[MI_SYS_WDT] MI_WDT_Open.....success
12-31 16:00:01.503 I/MiSysSrv( 1117): the length of the thread name exceeds 15, it will be truncated to 15 chars
12-31 16:00:01.503 I/        ( 1101): [utopia info] register module: MODULE_AESDMA
12-31 16:00:01.507 I/        ( 1101): [utopia info] register module: MODULE_DSCMB
12-31 16:00:01.507 I/MiSysSrv( 1117): [1;36m>>>MI_IMPL_DISPLAY_Init[462] 
12-31 16:00:01.507 I/MiSysSrv( 1117): [0m[1;32m[MI INFO]: ~~~~> MI_IMPL_DISPLAY_Init(): [IN]pstDispCap(0xbedf091c)={2}
12-31 16:00:01.507 I/MiSysSrv( 1117): [0m[1;32m[MI INFO]: MI_DISPLAY already Inited, return ok !
12-31 16:00:01.507 I/MiSysSrv( 1117): [0m[1;36m<<<MI_IMPL_DISPLAY_Init[469] 
12-31 16:00:01.507 I/        ( 1101): [utopia info] register module: MODULE_CI
12-31 16:00:01.507 I/        ( 1101): [utopia info] register module: MODULE_GOP
12-31 16:00:01.507 I/MiSysSrv( 1117): [0m[1;36m>>>MI_IMPL_DISPLAY_GetDisplayHandle[602] 
12-31 16:00:01.507 I/        ( 1101): [utopia info] register module: MODULE_GFX
12-31 16:00:01.507 I/MiSysSrv( 1117): [0m[1;32m[MI INFO]: ~~~~> MI_IMPL_DISPLAY_GetDisplayHandle(): [IN]u8DevIndex=0, [OUT]phDispHandle=0x9afafb74
12-31 16:00:01.507 I/        ( 1250): <<android>>      MApi_AUDIO_WritePreInitTable() : doesn't need to init again
12-31 16:00:01.507 I/        ( 1101): [utopia info] register module: MODULE_TVENCODER
12-31 16:00:01.507 I/MiSysSrv( 1117): [1;36m>>>MI_ATOM_AOUT_Init[3197] 
12-31 16:00:01.507 I/MiSysSrv( 1117): [0m[0m[1;36m>>>MI_ATOM_DISPLAY_GetDisplayHandle[1885] 
12-31 16:00:01.511 I/MiSysSrv( 1117): [0m[1;31m<<<MI_ATOM_DISPLAY_GetDisplayHandle[1896] Not open, handle is NULL!
12-31 16:00:01.511 I/MiSysSrv( 1117): [0m[1;31m<<<MI_IMPL_DISPLAY_GetDisplayHandle[610] return ERR!
12-31 16:00:01.511 I/        ( 1101): [utopia info] register module: MODULE_XC
12-31 16:00:01.511 I/MiSysSrv( 1117): [0m[1;32m[MI INFO]: <~~~~ MI_IMPL_DISPLAY_GetDisplayHandle(): [OUT]*phDispHandle(0x9afafb74)=0x0
12-31 16:00:01.511 I/        ( 1250): <<android>>      1 DSPBinBaseAddress = 0x0
12-31 16:00:01.511 I/MiSysSrv( 1117): [0mIn HAL_AUDIO_SetDspBaseAddr, line(4376), u8Index(0x1), u32Bin_Base_Address(0x0), u32Mad_Base_Buffer_Adr(0x1a159000)
12-31 16:00:01.511 I/        ( 1250): <<android>>      1 DSPMadBaseBufferAdr = 0x1a159000
12-31 16:00:01.511 I/        ( 1250): <<android>>      1 DSPMadMIUBank = 0
12-31 16:00:01.511 I/        ( 1101): [utopia info] register module: MODULE_MBX
12-31 16:00:01.511 I/MiSysSrv( 1117): [1;36m>>>MI_IMPL_DISPLAY_Open[516] 
12-31 16:00:01.511 I/MiSysSrv( 1117): [0m[1;32m[MI INFO]: ~~~~> MI_IMPL_DISPLAY_Open(): [IN]u8DispIndex=0, [OUT]phDispHandle=0xbedf08a4
12-31 16:00:01.511 I/MiSysSrv( 1117): [0m[1;36m>>>MI_ATOM_DISPLAY_Open[1719] 
12-31 16:00:01.511 I/MiSysSrv( 1117): [0m[1;36m<<<MI_ATOM_DISPLAY_Open[1745] 
12-31 16:00:01.511 I/MiSysSrv( 1117): [0m[1;36m<<<MI_IMPL_DISPLAY_Open[528] 
12-31 16:00:01.511 I/MiSysSrv( 1117): [0m[1;32m[MI INFO]: <~~~~ MI_IMPL_DISPLAY_Open(): [OUT]*phDispHandle(0xbedf08a4)=0xffff0600
12-31 16:00:01.511 I/        ( 1101): [utopia info] register module: MODULE_DIP
