12-31 16:00:05.367 W/Resources( 1104): Preloaded drawable resource #0x108035d (android:drawable/ic_menu_paste_holo_light) that varies with configuration!!
12-31 16:00:05.371 W/Resources( 1104): Preloaded drawable resource #0x1080363 (android:drawable/ic_menu_selectall_holo_light) that varies with configuration!!
12-31 16:00:05.375 W/Resources( 1104): Preloaded drawable resource #0x1080362 (android:drawable/ic_menu_selectall_holo_dark) that varies with configuration!!
12-31 16:00:05.399 W/Resources( 1104): Preloaded drawable resource #0x1080221 (android:drawable/dialog_bottom_holo_dark) that varies with configuration!!
12-31 16:00:05.399 D/DvbNative( 1252): [1588]<[ADV_CORE, adv_lock_fre(), 1879]> ### request to lock tuner. demuxId=0,cnt:0,frq:227000
12-31 16:00:05.399 D/DvbNative( 1252): 
12-31 16:00:05.399 D/DD      ( 1252): <1588>[dd_tuner][FUNC:DD_Tuner_DelCallback LINE:779]Enter
12-31 16:00:05.399 D/DD      ( 1252): <1588>[dd_tuner][FUNC:DD_Tuner_DelCallback LINE:802]del the callback success, 0XB25E49FC!
12-31 16:00:05.399 D/DD      ( 1252): <1588>[dd_tuner][FUNC:DD_Tuner_DelCallback LINE:803]Exit Success
12-31 16:00:05.399 E/DvbNative( 1252): [1588][01;31m<[ADV_CORE, adv_lock_fre(), 1883]> [error] ### lock tuner failed..[0m
12-31 16:00:05.399 W/Resources( 1104): Preloaded drawable resource #0x1080222 (android:drawable/dialog_bottom_holo_light) that varies with configuration!!
12-31 16:00:05.407 D/DvbNative( 1252): [1588]<[MGExt_Adv, onThreadWorking(), 189]> ### persist.sys.delayboot.on[1]
12-31 16:00:05.407 D/DvbNative( 1252): [1588]<[MGExt_Adv, onThreadWorking(), 194]> ### sys.program.follow.data[0]
12-31 16:00:05.411 W/Resources( 1104): Preloaded drawable resource #0x1080226 (android:drawable/dialog_full_holo_dark) that varies with configuration!!
12-31 16:00:05.419 W/Resources( 1104): Preloaded drawable resource #0x1080227 (android:drawable/dialog_full_holo_light) that varies with configuration!!
12-31 16:00:05.423 W/Resources( 1104): Preloaded drawable resource #0x108022f (android:drawable/dialog_middle_holo_dark) that varies with configuration!!
12-31 16:00:05.423 W/Resources( 1104): Preloaded drawable resource #0x1080230 (android:drawable/dialog_middle_holo_light) that varies with configuration!!
12-31 16:00:05.427 W/Resources( 1104): Preloaded drawable resource #0x1080231 (android:drawable/dialog_top_holo_dark) that varies with configuration!!
12-31 16:00:05.435 W/Resources( 1104): Preloaded drawable resource #0x1080232 (android:drawable/dialog_top_holo_light) that varies with configuration!!
12-31 16:00:05.439 W/Resources( 1104): Preloaded drawable resource #0x10802d4 (android:drawable/ic_dialog_alert_holo_dark) that varies with configuration!!
12-31 16:00:05.439 W/Resources( 1104): Preloaded drawable resource #0x10802d5 (android:drawable/ic_dialog_alert_holo_light) that varies with configuration!!
12-31 16:00:05.439 W/Resources( 1104): Preloaded drawable resource #0x10803f7 (android:drawable/list_divider_holo_dark) that varies with configuration!!
12-31 16:00:05.439 W/Resources( 1104): Preloaded drawable resource #0x10803f8 (android:drawable/list_divider_holo_light) that varies with configuration!!
12-31 16:00:05.439 W/Resources( 1104): Preloaded drawable resource #0x10803f8 (android:drawable/list_divider_holo_light) that varies with configuration!!
12-31 16:00:05.443 W/Resources( 1104): Preloaded drawable resource #0x10800bd (android:drawable/ab_transparent_dark_holo) that varies with configuration!!
12-31 16:00:05.443 W/Resources( 1104): Preloaded drawable resource #0x10800bb (android:drawable/ab_stacked_transparent_dark_holo) that varies with configuration!!
12-31 16:00:05.447 W/Resources( 1104): Preloaded drawable resource #0x10800a1 (android:drawable/ab_bottom_transparent_dark_holo) that varies with configuration!!
12-31 16:00:05.451 W/Resources( 1104): Preloaded drawable resource #0x10800b5 (android:drawable/ab_solid_dark_holo) that varies with configuration!!
12-31 16:00:05.451 W/Resources( 1104): Preloaded drawable resource #0x10800b8 (android:drawable/ab_stacked_solid_dark_holo) that varies with configuration!!
12-31 16:00:05.459 W/Resources( 1104): Preloaded drawable resource #0x108009e (android:drawable/ab_bottom_solid_dark_holo) that varies with configuration!!
12-31 16:00:05.463 W/Resources( 1104): Preloaded drawable resource #0x10800be (android:drawable/ab_transparent_light_holo) that varies with configuration!!
12-31 16:00:05.463 W/Resources( 1104): Preloaded drawable resource #0x10800bc (android:drawable/ab_stacked_transparent_light_holo) that varies with configuration!!
12-31 16:00:05.491 D/dalvikvm( 1104): GC_FOR_ALLOC freed 399K, 31% free 3108K/4492K, paused 30ms, total 30ms
12-31 16:00:05.491 W/Resources( 1104): Preloaded drawable resource #0x10800a2 (android:drawable/ab_bottom_transparent_light_holo) that varies with configuration!!
12-31 16:00:05.491 W/Resources( 1104): Preloaded drawable resource #0x10800b6 (android:drawable/ab_solid_light_holo) that varies with configuration!!
12-31 16:00:05.499 W/Resources( 1104): Preloaded drawable resource #0x10800ba (android:drawable/ab_stacked_solid_light_holo) that varies with configuration!!
12-31 16:00:05.503 W/Resources( 1104): Preloaded drawable resource #0x10800a0 (android:drawable/ab_bottom_solid_light_holo) that varies with configuration!!
12-31 16:00:05.503 W/Resources( 1104): Preloaded drawable resource #0x10800b7 (android:drawable/ab_solid_shadow_holo) that varies with configuration!!
12-31 16:00:05.507 W/Resources( 1104): Preloaded drawable resource #0x1080401 (android:drawable/list_pressed_holo_dark) that varies with configuration!!
12-31 16:00:05.507 W/Resources( 1104): Preloaded drawable resource #0x10803ff (android:drawable/list_longpressed_holo_dark) that varies with configuration!!
12-31 16:00:05.507 W/Resources( 1104): Preloaded drawable resource #0x108041d (android:drawable/list_selector_background_transition_holo_dark) that varies with configuration!!
12-31 16:00:05.511 W/Resources( 1104): Preloaded drawable resource #0x1080401 (android:drawable/list_pressed_holo_dark) that varies with configuration!!
12-31 16:00:05.511 W/Resources( 1104): Preloaded drawable resource #0x10803ff (android:drawable/list_longpressed_holo_dark) that varies with configuration!!
12-31 16:00:05.511 W/Resources( 1104): Preloaded drawable resource #0x108041d (android:drawable/list_selector_background_transition_holo_dark) that varies with configuration!!
12-31 16:00:05.511 W/Resources( 1104): Preloaded drawable resource #0x10803fa (android:drawable/list_focused_holo) that varies with configuration!!
12-31 16:00:05.515 W/Resources( 1104): Preloaded drawable resource #0x10803b6 (android:drawable/item_background_holo_dark) that varies with configuration!!
12-31 16:00:05.515 W/Resources( 1104): Preloaded drawable resource #0x1080402 (android:drawable/list_pressed_holo_light) that varies with configuration!!
12-31 16:00:05.519 W/Resources( 1104): Preloaded drawable resource #0x1080400 (android:drawable/list_longpressed_holo_light) that varies with configuration!!
12-31 16:00:05.519 W/Resources( 1104): Preloaded drawable resource #0x108041e (android:drawable/list_selector_background_transition_holo_light) that varies with configuration!!
12-31 16:00:05.519 W/Resources( 1104): Preloaded drawable resource #0x1080402 (android:drawable/list_pressed_holo_light) that varies with configuration!!
12-31 16:00:05.523 W/Resources( 1104): Preloaded drawable resource #0x1080400 (android:drawable/list_longpressed_holo_light) that varies with configuration!!
12-31 16:00:05.523 W/Resources( 1104): Preloaded drawable resource #0x108041e (android:drawable/list_selector_background_transition_holo_light) that varies with configuration!!
12-31 16:00:05.523 W/Resources( 1104): Preloaded drawable resource #0x10803fa (android:drawable/list_focused_holo) that varies with configuration!!
12-31 16:00:05.523 D/DD      ( 1252): <1577>[dd_tuner][FUNC:dd_tuner_task LINE:413]m_eTunerEvent:1,need tell dvb
12-31 16:00:05.523 D/DvbNative( 1252): [1577]<[Tuner, _tunerCallback(), 429]> ### DD tells unlock! tunerId=0, freqKHz=227000, nestUseCnt=1, status=Locking(2)
12-31 16:00:05.523 D/DvbNative( 1252): [1577]<[Tuner, _setTunerLEDState(), 343]> ### set tuner led state! bLocked=0
12-31 16:00:05.523 D/DD      ( 1252): [DDErrorCode DD_FP_Clear(int, DDFPLightName_E)][1314]Enter
12-31 16:00:05.523 W/Resources( 1104): Preloaded drawable resource #0x10803b7 (android:drawable/item_background_holo_light) that varies with configuration!!
12-31 16:00:05.531 W/Resources( 1104): Preloaded drawable resource #0x108027c (android:drawable/fastscroll_thumb_pressed_holo) that varies with configuration!!
12-31 16:00:05.531 D/DD      ( 1252): [DDErrorCode DD_FP_Clear(int, DDFPLightName_E)][1352]Exit Success.
12-31 16:00:05.531 W/Resources( 1104): Preloaded drawable resource #0x108027a (android:drawable/fastscroll_thumb_default_holo) that varies with configuration!!
12-31 16:00:05.531 W/Resources( 1104): Preloaded drawable resource #0x108027b (android:drawable/fastscroll_thumb_holo) that varies with configuration!!
12-31 16:00:05.535 W/Resources( 1104): Preloaded drawable resource #0x108027c (android:drawable/fastscroll_thumb_pressed_holo) that varies with configuration!!
12-31 16:00:05.535 W/Resources( 1104): Preloaded drawable resource #0x108027a (android:drawable/fastscroll_thumb_default_holo) that varies with configuration!!
12-31 16:00:05.535 W/Resources( 1104): Preloaded drawable resource #0x1080281 (android:drawable/fastscroll_track_pressed_holo_dark) that varies with configuration!!
12-31 16:00:05.539 W/Resources( 1104): Preloaded drawable resource #0x108027d (android:drawable/fastscroll_track_default_holo_dark) that varies with configuration!!
12-31 16:00:05.539 E/DvbNative( 1252): [1594][01;31m<[Tuner, _tunerTuneInner(), 962]> [error] ### tuner tune failed! tunerId=0, tuneTimeMs=1615, curTimeMs=8539, status=Unlock(3), tpParam=<227000,6875,3,4294967295>, useLnb=0, lnbParam=<18,0,4294967295,4294967295,0,0,0,0,0,255,0>[0m
12-31 16:00:05.539 D/DvbNative( 1252): [1594]<[Tuner, _printTunerInfo(), 267]> ### =========>>>>>>===== force lock tuner failed =====<<<<<<========= count=1
12-31 16:00:05.539 D/DvbNative( 1252): [1594]<[Tuner, _printTunerInfo(), 290]> ### Tuner[0]: type=101, disabled=1(Detector), priority=100, tunerId=0, NestUseCount=2, tpParam=<227000,6875,3,4294967295>, useLnb=0, lnbParam=<18,0,4294967295,4294967295,0,0,0,0,0,255,0>
12-31 16:00:05.539 D/DvbNative( 1252): [1594]<[Tuner, _setTunerLEDState(), 343]> ### set tuner led state! bLocked=0
12-31 16:00:05.539 D/DD      ( 1252): [DDErrorCode DD_FP_Clear(int, DDFPLightName_E)][1314]Enter
12-31 16:00:05.543 W/Resources( 1104): Preloaded drawable resource #0x108027f (android:drawable/fastscroll_track_holo_dark) that varies with configuration!!
12-31 16:00:05.543 W/Resources( 1104): Preloaded drawable resource #0x1080281 (android:drawable/fastscroll_track_pressed_holo_dark) that varies with configuration!!
12-31 16:00:05.543 W/Resources( 1104): Preloaded drawable resource #0x108027d (android:drawable/fastscroll_track_default_holo_dark) that varies with configuration!!
12-31 16:00:05.543 D/DD      ( 1252): [DDErrorCode DD_FP_Clear(int, DDFPLightName_E)][1352]Exit Success.
12-31 16:00:05.543 E/DvbNative( 1252): [1594][01;31m<[IProgramRegionControl, lockTuner(), 55]> [error] ### lock tuner failed! m_pTuner=0xb73c60e8,bLocked=0[0m
12-31 16:00:05.543 E/DvbNative( 1252): [1594][01;31m<[IProgramRegionControl, _msgProc_StartSearch(), 1043]> [error] ### Lock fail,return![0m
12-31 16:00:05.547 D/DvbNative( 1252): [1355]<[CasApi, checkMailOta(), 1636]> ### checkMailOta in ,isBootUpCheck=1
12-31 16:00:05.547 D/DvbNative( 1252): [1355]<[CasApi, checkMailOta(), 1644]> ### checkMailOta in ,emailInfo.bEmailNum=0
12-31 16:00:05.547 D/CAS     ( 1252): [1355][CAS] CAS_GetScardInfo!!!
12-31 16:00:05.551 D/CAS     ( 1252): [1355][CAS] CAS_GetScardInfo end!!!
12-31 16:00:05.551 D/DvbNative( 1252): [1355]<[CasApi, SaveCasInfos(), 64]> ### read smart card info ok
12-31 16:00:05.551 D/DvbNative( 1252): [1355]<[CmnCasInterface, saveCasInfo(), 1069]> ### [CDCAS] save smart card serial number = 
12-31 16:00:05.551 W/Resources( 1104): Preloaded drawable resource #0x1080276 (android:drawable/fastscroll_label_left_holo_dark) that varies with configuration!!
12-31 16:00:05.551 D/DvbNative( 1252): [1355]<[Initializer, _IPOTA_ScardSnChanged(), 610]> ### scard sn changed! scardSn=''
12-31 16:00:05.551 D/DvbNative( 1252): [1355]<[CmnCasInterface, saveCasInfo(), 1082]> ### [CDCAS] save smart card id = 
12-31 16:00:05.551 D/DvbNative( 1252): [1355]<[CmnCasInterface, saveCasInfo(), 1087]> ### [CDCAS] save smart card version = 0
12-31 16:00:05.551 D/DvbNative( 1252): [1355]<[CmnCasInterface, saveCasInfo(), 1097]> ### [CDCAS] save cas version = 0
12-31 16:00:05.559 W/Resources( 1104): Preloaded drawable resource #0x1080278 (android:drawable/fastscroll_label_right_holo_dark) that varies with configuration!!
12-31 16:00:05.559 W/Resources( 1104): Preloaded drawable resource #0x1080282 (android:drawable/fastscroll_track_pressed_holo_light) that varies with configuration!!
12-31 16:00:05.559 W/Resources( 1104): Preloaded drawable resource #0x108027e (android:drawable/fastscroll_track_default_holo_light) that varies with configuration!!
12-31 16:00:05.567 W/Resources( 1104): Preloaded drawable resource #0x1080280 (android:drawable/fastscroll_track_holo_light) that varies with configuration!!
12-31 16:00:05.567 W/Resources( 1104): Preloaded drawable resource #0x1080282 (android:drawable/fastscroll_track_pressed_holo_light) that varies with configuration!!
12-31 16:00:05.567 W/Resources( 1104): Preloaded drawable resource #0x108027e (android:drawable/fastscroll_track_default_holo_light) that varies with configuration!!
12-31 16:00:05.575 W/Resources( 1104): Preloaded drawable resource #0x1080277 (android:drawable/fastscroll_label_left_holo_light) that varies with configuration!!
12-31 16:00:05.583 W/Resources( 1104): Preloaded drawable resource #0x1080279 (android:drawable/fastscroll_label_right_holo_light) that varies with configuration!!
12-31 16:00:05.587 W/Resources( 1104): Preloaded drawable resource #0x1080665 (android:drawable/textfield_search_selected_holo_dark) that varies with configuration!!
12-31 16:00:05.587 W/Resources( 1104): Preloaded drawable resource #0x1080659 (android:drawable/textfield_search_default_holo_dark) that varies with configuration!!
12-31 16:00:05.591 W/Resources( 1104): Preloaded drawable resource #0x1080667 (android:drawable/textfield_searchview_holo_dark) that varies with configuration!!
12-31 16:00:05.591 W/Resources( 1104): Preloaded drawable resource #0x1080662 (android:drawable/textfield_search_right_selected_holo_dark) that varies with configuration!!
12-31 16:00:05.595 W/Resources( 1104): Preloaded drawable resource #0x1080660 (android:drawable/textfield_search_right_default_holo_dark) that varies with configuration!!
12-31 16:00:05.595 W/Resources( 1104): Preloaded drawable resource #0x1080669 (android:drawable/textfield_searchview_right_holo_dark) that varies with configuration!!
12-31 16:00:05.595 W/Resources( 1104): Preloaded drawable resource #0x1080666 (android:drawable/textfield_search_selected_holo_light) that varies with configuration!!
12-31 16:00:05.599 W/Resources( 1104): Preloaded drawable resource #0x108065a (android:drawable/textfield_search_default_holo_light) that varies with configuration!!
12-31 16:00:05.599 W/Resources( 1104): Preloaded drawable resource #0x1080668 (android:drawable/textfield_searchview_holo_light) that varies with configuration!!
12-31 16:00:05.603 W/Resources( 1104): Preloaded drawable resource #0x1080663 (android:drawable/textfield_search_right_selected_holo_light) that varies with configuration!!
12-31 16:00:05.603 W/Resources( 1104): Preloaded drawable resource #0x1080661 (android:drawable/textfield_search_right_default_holo_light) that varies with configuration!!
12-31 16:00:05.603 W/Resources( 1104): Preloaded drawable resource #0x108066a (android:drawable/textfield_searchview_right_holo_light) that varies with configuration!!
12-31 16:00:05.603 W/Resources( 1104): Preloaded drawable resource #0x1080665 (android:drawable/textfield_search_selected_holo_dark) that varies with configuration!!
12-31 16:00:05.603 W/Resources( 1104): Preloaded drawable resource #0x1080659 (android:drawable/textfield_search_default_holo_dark) that varies with configuration!!
12-31 16:00:05.603 W/Resources( 1104): Preloaded drawable resource #0x1080662 (android:drawable/textfield_search_right_selected_holo_dark) that varies with configuration!!
12-31 16:00:05.607 W/Resources( 1104): Preloaded drawable resource #0x1080660 (android:drawable/textfield_search_right_default_holo_dark) that varies with configuration!!
12-31 16:00:05.607 W/Resources( 1104): Preloaded drawable resource #0x1080666 (android:drawable/textfield_search_selected_holo_light) that varies with configuration!!
12-31 16:00:05.607 W/Resources( 1104): Preloaded drawable resource #0x108065a (android:drawable/textfield_search_default_holo_light) that varies with configuration!!
12-31 16:00:05.607 W/Resources( 1104): Preloaded drawable resource #0x1080663 (android:drawable/textfield_search_right_selected_holo_light) that varies with configuration!!
12-31 16:00:05.611 W/Resources( 1104): Preloaded drawable resource #0x1080661 (android:drawable/textfield_search_right_default_holo_light) that varies with configuration!!
12-31 16:00:05.611 W/Resources( 1104): Preloaded drawable resource #0x108062e (android:drawable/tab_unselected_holo) that varies with configuration!!
12-31 16:00:05.615 W/Resources( 1104): Preloaded drawable resource #0x1080629 (android:drawable/tab_selected_holo) that varies with configuration!!
12-31 16:00:05.615 W/Resources( 1104): Preloaded drawable resource #0x108062d (android:drawable/tab_unselected_focused_holo) that varies with configuration!!
12-31 16:00:05.619 W/Resources( 1104): Preloaded drawable resource #0x1080628 (android:drawable/tab_selected_focused_holo) that varies with configuration!!
12-31 16:00:05.619 W/Resources( 1104): Preloaded drawable resource #0x108062f (android:drawable/tab_unselected_pressed_holo) that varies with configuration!!
12-31 16:00:05.619 W/Resources( 1104): Preloaded drawable resource #0x108062a (android:drawable/tab_selected_pressed_holo) that varies with configuration!!
12-31 16:00:05.623 W/Resources( 1104): Preloaded drawable resource #0x108062f (android:drawable/tab_unselected_pressed_holo) that varies with configuration!!
12-31 16:00:05.623 W/Resources( 1104): Preloaded drawable resource #0x108062a (android:drawable/tab_selected_pressed_holo) that varies with configuration!!
12-31 16:00:05.623 W/Resources( 1104): Preloaded drawable resource #0x108061d (android:drawable/tab_indicator_holo) that varies with configuration!!
12-31 16:00:05.623 W/Resources( 1104): Preloaded drawable resource #0x108062e (android:drawable/tab_unselected_holo) that varies with configuration!!
12-31 16:00:05.627 W/Resources( 1104): Preloaded drawable resource #0x1080629 (android:drawable/tab_selected_holo) that varies with configuration!!
12-31 16:00:05.627 W/Resources( 1104): Preloaded drawable resource #0x108062d (android:drawable/tab_unselected_focused_holo) that varies with configuration!!
12-31 16:00:05.627 W/Resources( 1104): Preloaded drawable resource #0x1080628 (android:drawable/tab_selected_focused_holo) that varies with configuration!!
12-31 16:00:05.631 W/Resources( 1104): Preloaded drawable resource #0x108062f (android:drawable/tab_unselected_pressed_holo) that varies with configuration!!
12-31 16:00:05.631 W/Resources( 1104): Preloaded drawable resource #0x108062a (android:drawable/tab_selected_pressed_holo) that varies with configuration!!
12-31 16:00:05.643 I/Zygote  ( 1104): ...preloaded 274 resources in 1628ms.
12-31 16:00:05.659 I/Zygote  ( 1104): ...preloaded 31 resources in 13ms.
12-31 16:00:05.663 D/libEGL  ( 1104): loaded /system/lib/egl/libGLES_mali.so
12-31 16:00:05.707 D/dalvikvm( 1104): GC_EXPLICIT freed 461K, 31% free 3143K/4492K, paused 3ms+4ms, total 34ms
12-31 16:00:05.751 D/dalvikvm( 1104): GC_EXPLICIT freed 266K, 36% free 2876K/4492K, paused 4ms+3ms, total 37ms
12-31 16:00:05.787 D/dalvikvm( 1104): GC_EXPLICIT freed <1K, 36% free 2876K/4492K, paused 3ms+2ms, total 35ms
12-31 16:00:05.815 I/dalvikvm( 1104): System server process 1604 has been created
12-31 16:00:05.823 I/Zygote  ( 1104): Accepting command socket connections
12-31 16:00:05.907 D/DvbNative( 1252): [1588]<[MGExt_Adv, onThreadWorking(), 194]> ### sys.program.follow.data[1]
12-31 16:00:05.907 D/DvbNative( 1252): [1588]<[CasApi, getProductId(), 1806]> ### enter!
12-31 16:00:05.907 D/CAS     ( 1252): [1588][CAS] CAS_GetScardInfo!!!
12-31 16:00:05.907 D/CAS     ( 1252): [1588][CAS] CAS_GetScardInfo end!!!
12-31 16:00:05.907 D/CAS     ( 1252): [1588][CAS] CAS_QueryEntitleInfo Start!!!
12-31 16:00:05.907 E/CAS     ( 1252): [1588][CAS] ERROR: CAS_QueryEntitleInfo, Get Op IDs Failed!!!
12-31 16:00:05.907 D/CAS     ( 1252): [1588][CAS] CAS_GetEntitleInfo sector 0!!!
12-31 16:00:05.907 D/CAS     ( 1252): [1588][CAS] CAS_GetEntitleInfo End!!!
12-31 16:00:05.907 D/DvbNative( 1252): [1588]<[CasApi, getProductId(), 1825]> ### sectorInfo.bProductCount = 0, j = 0
12-31 16:00:05.907 D/CAS     ( 1252): [1588][CAS] CAS_GetEntitleInfo sector 1!!!
12-31 16:00:05.907 D/CAS     ( 1252): [1588][CAS] CAS_GetEntitleInfo End!!!
12-31 16:00:05.907 D/DvbNative( 1252): [1588]<[CasApi, getProductId(), 1825]> ### sectorInfo.bProductCount = 0, j = 0
12-31 16:00:05.907 D/CAS     ( 1252): [1588][CAS] CAS_GetEntitleInfo sector 2!!!
12-31 16:00:05.907 D/CAS     ( 1252): [1588][CAS] CAS_GetEntitleInfo End!!!
12-31 16:00:05.907 D/DvbNative( 1252): [1588]<[CasApi, getProductId(), 1825]> ### sectorInfo.bProductCount = 0, j = 0
12-31 16:00:05.907 D/CAS     ( 1252): [1588][CAS] CAS_GetEntitleInfo sector 3!!!
12-31 16:00:05.907 D/CAS     ( 1252): [1588][CAS] CAS_GetEntitleInfo End!!!
12-31 16:00:05.907 D/DvbNative( 1252): [1588]<[CasApi, getProductId(), 1825]> ### sectorInfo.bProductCount = 0, j = 0
12-31 16:00:05.907 D/DvbNative( 1252): [1588]<[IProgramRegionControl, checkProgramUpdate(), 441]> ### entitleInfo(count):0
12-31 16:00:05.907 W/DvbNative( 1252): [1588]<[IProgramRegionControl, checkProgramUpdate(), 446]> [warn] ### no invalid entitle info!
12-31 16:00:05.907 D/DvbNative( 1252): [1588]<[MGExt_Adv, onThreadWorking(), 209]> ### sys.ivip.pre.boot.completed[9],mstar.videoadvert.finished[1]
12-31 16:00:05.907 D/DvbNative( 1252): [1588]<[MGExt_Adv, onThreadWorking(), 216]> ### adv.data.get.completed[1]
12-31 16:00:05.907 V/DvbNative( 1252): [1588]<[ADV_MAIN, adv_copyBoot1File(), 103]> ### ========= trace =========
12-31 16:00:05.907 D/DvbNative( 1252): [1588]<[ADV_MAIN, adv_copyBoot1File(), 106]> ###  persist.sys.ad_fileupdate[0]
12-31 16:00:05.907 D/DvbNative( 1252): 
12-31 16:00:05.907 D/DvbNative( 1252): [1588]<[MGExt_Adv, onThreadWorking(), 221]> ### uninstall key complete in bootup
12-31 16:00:05.907 D/DvbNative( 1252): [1588]<[MGExt_Adv, onThreadWorking(), 224]> ### adv.data.get.completed[1]
12-31 16:00:05.907 D/DvbNative( 1252): [1588]<[MGExt_Adv, onThreadWorking(), 227]> ### cmdBuf=chown system:system /resource/ADV/DVB/*
12-31 16:00:05.927 D/DvbNative( 1252): [1588]<[activation_check, activationCheck_Init(), 35]> ### u16efuse_did[0]:0xa0d8,[1]:0x475f,[2]:0x03d8,[3]:0x0000 ,chipId:A0D8475F03D80000 !
12-31 16:00:05.931 D/SensorService( 1604): nuSensorService starting...
12-31 16:00:05.931 E/SensorService( 1604): couldn't load sensors module (No such file or directory)
12-31 16:00:05.931 I/SystemServer( 1604): Entered the Android system server!
12-31 16:00:06.151 I/SystemServer( 1604): Waiting for installd to be ready.
12-31 16:00:06.151 I/installd( 1107): new connection
12-31 16:00:06.151 I/Installer( 1604): connecting...
12-31 16:00:06.151 I/SystemServer( 1604): Power Manager
12-31 16:00:06.155 I/SystemServer( 1604): Activity Manager
12-31 16:00:06.387 I/ActivityManager( 1604): Memory class: 96
12-31 16:00:06.399 W/BatteryStatsImpl( 1604): Couldn't get kernel wake lock stats
12-31 16:00:06.439 D/dalvikvm( 1604): GC_CONCURRENT freed 114K, 26% free 3218K/4320K, paused 2ms+2ms, total 26ms
12-31 16:00:06.503 I/ActivityManager( 1604): parsePackagesList>> adding pkg=com.android.mslauncher
12-31 16:00:06.503 I/ActivityManager( 1604): parsePackagesList>> adding pkg=com.android.browser
12-31 16:00:06.515 I/IntentFirewall( 1604): Read new rules (A:0 B:0 S:0)
12-31 16:00:06.567 I/ActivityManager( 1604): Benchmark Hacking) adding allowed pkg=com.antutu.ABenchMark
12-31 16:00:06.575 I/SystemServer( 1604): Display Manager
12-31 16:00:06.575 I/SystemServer( 1604): Telephony Registry
12-31 16:00:06.579 I/dalvikvm( 1604): Could not find method com.android.internal.telephony.DefaultPhoneNotifier.convertCallState, referenced from method com.android.server.TelephonyRegistry.broadcastCallStateChanged
12-31 16:00:06.579 W/dalvikvm( 1604): VFY: unable to resolve static method 3327: Lcom/android/internal/telephony/DefaultPhoneNotifier;.convertCallState (I)Lcom/android/internal/telephony/PhoneConstants$State;
12-31 16:00:06.579 D/dalvikvm( 1604): VFY: replacing opcode 0x71 at 0x0017
12-31 16:00:06.579 I/dalvikvm( 1604): Could not find method com.android.internal.telephony.DefaultPhoneNotifier.convertDataState, referenced from method com.android.server.TelephonyRegistry.broadcastDataConnectionStateChanged
12-31 16:00:06.579 W/dalvikvm( 1604): VFY: unable to resolve static method 3328: Lcom/android/internal/telephony/DefaultPhoneNotifier;.convertDataState (I)Lcom/android/internal/telephony/PhoneConstants$DataState;
12-31 16:00:06.579 D/dalvikvm( 1604): VFY: replacing opcode 0x71 at 0x000a
12-31 16:00:06.583 I/DisplayManagerService( 1604): Display device added: DisplayDeviceInfo{"内置屏幕": 1920 x 1080, 50.0 fps, density 240, 240.0 x 240.0 dpi, touch INTERNAL, rotation 0, type BUILT_IN, FLAG_DEFAULT_DISPLAY, FLAG_ROTATES_WITH_CONTENT, FLAG_SECURE, FLAG_SUPPORTS_PROTECTED_BUFFERS}
12-31 16:00:06.595 I/SystemServer( 1604): Scheduling Policy
12-31 16:00:06.595 I/SystemServer( 1604): Package Manager
12-31 16:00:06.643 D/dalvikvm( 1604): GC_CONCURRENT freed 332K, 29% free 3394K/4716K, paused 3ms+4ms, total 30ms
12-31 16:00:06.679 D/SELinuxMMAC( 1604): Couldn't find install policy /data/security/mac_permissions.xml
12-31 16:00:06.679 D/SELinuxMMAC( 1604): Using install policy file /system/etc/security/mac_permissions.xml
12-31 16:00:06.815 D/dalvikvm( 1604): GC_CONCURRENT freed 375K, 29% free 3429K/4824K, paused 2ms+14ms, total 35ms
12-31 16:00:07.079 W/PackageManager( 1604): Library not found: /system/framework/com.android.future.usb.accessory.jar
12-31 16:00:07.079 W/PackageManager( 1604): Library not found: /system/framework/com.mstar.android.ext.jar
12-31 16:00:07.207 D/dalvikvm( 1604): GC_CONCURRENT freed 246K, 26% free 3621K/4856K, paused 2ms+5ms, total 29ms
12-31 16:00:07.215 W/CCDTOSSec231( 1604): IntentCheck(PackageParser) check android
12-31 16:00:07.215 W/CCDTOSSec231( 1604): FilterConfigLoader registerProvider: android.content.pm.security.pm.FilterConfigLoaderHljProvder
12-31 16:00:07.235 W/CCDTOSSec231( 1604): Load Config File:/system/etc/white.list
12-31 16:00:07.235 W/CCDTOSSec231( 1604): |  Size:4
12-31 16:00:07.235 W/CCDTOSSec231( 1604): |    Intent-Name:whitelist
12-31 16:00:07.235 W/CCDTOSSec231( 1604): |    Intent-List-Size:1
12-31 16:00:07.235 W/CCDTOSSec231( 1604): |      Item:com.ccdt.app.tv.launcher
12-31 16:00:07.239 W/CCDTOSSec231( 1604): |    Intent-Name:android.intent.action.BOOT_COMPLETED
12-31 16:00:07.239 W/CCDTOSSec231( 1604): |    Intent-List-Size:10
12-31 16:00:07.239 W/CCDTOSSec231( 1604): |      Item:com.pingshow.airecenter
12-31 16:00:07.239 W/CCDTOSSec231( 1604): |      Item:app.ccdt.com.ipsystemupdateserver
12-31 16:00:07.239 W/CCDTOSSec231( 1604): |      Item:cn.ccdt.da
12-31 16:00:07.239 W/CCDTOSSec231( 1604): |      Item:cn.ljwl.dyp
12-31 16:00:07.239 W/CCDTOSSec231( 1604): |      Item:cn.ljwl.aaa
12-31 16:00:07.239 W/CCDTOSSec231( 1604): |      Item:com.ljwl.client.payment
12-31 16:00:07.239 W/CCDTOSSec231( 1604): |      Item:com.newayte.nvideo.tv
12-31 16:00:07.243 W/CCDTOSSec231( 1604): |      Item:com.coship.vod
12-31 16:00:07.243 W/CCDTOSSec231( 1604): |      Item:com.aidufei.stbtest
12-31 16:00:07.243 W/CCDTOSSec231( 1604): |      Item:com.coship.vod.aidl
12-31 16:00:07.243 W/CCDTOSSec231( 1604): |    Intent-Name:android.intent.category.HOME
12-31 16:00:07.243 W/CCDTOSSec231( 1604): |    Intent-List-Size:1
12-31 16:00:07.243 W/CCDTOSSec231( 1604): |      Item:com.ccdt.app.tv.launcher
12-31 16:00:07.243 W/CCDTOSSec231( 1604): |    Intent-Name:install_permission
12-31 16:00:07.243 W/CCDTOSSec231( 1604): |    Intent-List-Size:10
12-31 16:00:07.243 W/CCDTOSSec231( 1604): |      Item:com.voole.vooledesktop
12-31 16:00:07.243 W/CCDTOSSec231( 1604): |      Item:rca.rc.tvtaobao
12-31 16:00:07.243 W/CCDTOSSec231( 1604): |      Item:com.ljwl.dt
12-31 16:00:07.243 W/CCDTOSSec231( 1604): |      Item:com.pd.ebelter_hlj
12-31 16:00:07.247 W/CCDTOSSec231( 1604): |      Item:com.cncbox.ikan
12-31 16:00:07.247 W/CCDTOSSec231( 1604): |      Item:com.jl.platform
12-31 16:00:07.247 W/CCDTOSSec231( 1604): |      Item:com.ljwl.client.payment
12-31 16:00:07.247 W/CCDTOSSec231( 1604): |      Item:ia.iok.aone.cinema
12-31 16:00:07.247 W/CCDTOSSec231( 1604): |      Item:com.tongyong.xxbox
12-31 16:00:07.247 W/CCDTOSSec231( 1604): |      Item:com.ccdt.app.tv.launcher
12-31 16:00:07.263 W/CCDTOSSec231( 1604): Load Config File:/system/etc/devicewhite.list
12-31 16:00:07.263 W/CCDTOSSec231( 1604): |  Size:1
12-31 16:00:07.267 W/CCDTOSSec231( 1604): |    Intent-Name:whitelist
12-31 16:00:07.267 W/CCDTOSSec231( 1604): |    Intent-List-Size:18
12-31 16:00:07.267 W/CCDTOSSec231( 1604): |      Item:android
12-31 16:00:07.267 W/CCDTOSSec231( 1604): |      Item:com.android.providers.downloads
12-31 16:00:07.267 W/CCDTOSSec231( 1604): |      Item:com.android.settings
12-31 16:00:07.267 W/CCDTOSSec231( 1604): |      Item:com.android.systemui
12-31 16:00:07.267 W/CCDTOSSec231( 1604): |      Item:com.android.providers.media
12-31 16:00:07.267 W/CCDTOSSec231( 1604): |      Item:com.android.onetimeinitializer
12-31 16:00:07.267 W/CCDTOSSec231( 1604): |      Item:com.ccdt.itvision.appstore
12-31 16:00:07.271 W/CCDTOSSec231( 1604): |      Item:cn.ccdt.provider
12-31 16:00:07.271 W/CCDTOSSec231( 1604): |      Item:com.android.inputmethod.latin
12-31 16:00:07.271 W/CCDTOSSec231( 1604): |      Item:com.mstar.android.setupwizard
12-31 16:00:07.271 W/CCDTOSSec231( 1604): |      Item:com.mstar.tv.service
12-31 16:00:07.271 W/CCDTOSSec231( 1604): |      Item:com.yunos.localzone
12-31 16:00:07.271 W/CCDTOSSec231( 1604): |      Item:com.ccdt.baidutvspeech
12-31 16:00:07.271 W/CCDTOSSec231( 1604): |      Item:com.voole.bootplay
12-31 16:00:07.271 W/CCDTOSSec231( 1604): |      Item:cn.ccdt.vooleplayservice
12-31 16:00:07.271 W/CCDTOSSec231( 1604): |      Item:com.voole.epg.vurcserver
12-31 16:00:07.271 W/CCDTOSSec231( 1604): |      Item:com.voole.playback
12-31 16:00:07.271 W/CCDTOSSec231( 1604): |      Item:cn.ccdt.netmanager
12-31 16:00:07.275 W/CCDTOSSec231( 1604): File /data/white.list not exit!
12-31 16:00:07.275 D/CCDTOSSec231( 1604): android is In White List
12-31 16:00:07.275 D/CCDTOSSec231( 1604): Check time cost: 62 ms
12-31 16:00:07.287 W/CCDTOSSec231( 1604): IntentCheck(PackageParser) check com.android.backupconfirm
12-31 16:00:07.287 D/CCDTOSSec231( 1604): Scan Activities
12-31 16:00:07.287 D/CCDTOSSec231( 1604): Scan Services
12-31 16:00:07.287 D/CCDTOSSec231( 1604): Scan Receivers
12-31 16:00:07.287 D/CCDTOSSec231( 1604): Scan Providers
12-31 16:00:07.287 D/CCDTOSSec231( 1604): Check time cost: 1 ms
12-31 16:00:07.303 W/CCDTOSSec231( 1604): IntentCheck(PackageParser) check com.android.defcontainer
12-31 16:00:07.303 D/CCDTOSSec231( 1604): Scan Activities
12-31 16:00:07.303 D/CCDTOSSec231( 1604): Scan Services
12-31 16:00:07.303 D/CCDTOSSec231( 1604): Scan Receivers
12-31 16:00:07.303 D/CCDTOSSec231( 1604): Scan Providers
12-31 16:00:07.303 D/CCDTOSSec231( 1604): Check time cost: 2 ms
12-31 16:00:07.319 W/CCDTOSSec231( 1604): IntentCheck(PackageParser) check com.android.providers.downloads
12-31 16:00:07.319 D/CCDTOSSec231( 1604): com.android.providers.downloads is In White List
12-31 16:00:07.319 D/CCDTOSSec231( 1604): Check time cost: 1 ms
12-31 16:00:07.331 W/CCDTOSSec231( 1604): IntentCheck(PackageParser) check com.android.externalstorage
12-31 16:00:07.331 D/CCDTOSSec231( 1604): Scan Activities
12-31 16:00:07.331 D/CCDTOSSec231( 1604): Scan Services
12-31 16:00:07.331 D/CCDTOSSec231( 1604): Scan Receivers
12-31 16:00:07.331 D/CCDTOSSec231( 1604): mCategories is NOT @ android.content.pm.PackageParser.ActivityIntentInfo
12-31 16:00:07.331 D/CCDTOSSec231( 1604): mCategories is NOT @ android.content.pm.PackageParser.IntentInfo
12-31 16:00:07.331 D/CCDTOSSec231( 1604): NO WORK:mCategories is null @ android.content.pm.PackageParser.ActivityIntentInfo
12-31 16:00:07.331 D/CCDTOSSec231( 1604): mActions is NOT @ android.content.pm.PackageParser.ActivityIntentInfo
12-31 16:00:07.331 D/CCDTOSSec231( 1604): mActions is NOT @ android.content.pm.PackageParser.IntentInfo
12-31 16:00:07.331 D/CCDTOSSec231( 1604): Get android.intent.action.MEDIA_MOUNTED from com.android.externalstorage
12-31 16:00:07.331 D/CCDTOSSec231( 1604): Get android.intent.action.MEDIA_UNMOUNTED from com.android.externalstorage
12-31 16:00:07.331 D/CCDTOSSec231( 1604): Scan Providers
12-31 16:00:07.331 D/CCDTOSSec231( 1604): mCategories is NOT @ android.content.pm.PackageParser.ProviderIntentInfo
12-31 16:00:07.331 D/CCDTOSSec231( 1604): mCategories is NOT @ android.content.pm.PackageParser.IntentInfo
12-31 16:00:07.331 D/CCDTOSSec231( 1604): NO WORK:mCategories is null @ android.content.pm.PackageParser.ProviderIntentInfo
12-31 16:00:07.331 D/CCDTOSSec231( 1604): mActions is NOT @ android.content.pm.PackageParser.ProviderIntentInfo
12-31 16:00:07.331 D/CCDTOSSec231( 1604): mActions is NOT @ android.content.pm.PackageParser.IntentInfo
12-31 16:00:07.331 D/CCDTOSSec231( 1604): Get android.content.action.DOCUMENTS_PROVIDER from com.android.externalstorage
12-31 16:00:07.331 D/CCDTOSSec231( 1604): mCategories is NOT @ android.content.pm.PackageParser.ProviderIntentInfo
12-31 16:00:07.331 D/CCDTOSSec231( 1604): mCategories is NOT @ android.content.pm.PackageParser.IntentInfo
12-31 16:00:07.331 D/CCDTOSSec231( 1604): NO WORK:mCategories is null @ android.content.pm.PackageParser.ProviderIntentInfo
12-31 16:00:07.331 D/CCDTOSSec231( 1604): mActions is NOT @ android.content.pm.PackageParser.ProviderIntentInfo
12-31 16:00:07.331 D/CCDTOSSec231( 1604): mActions is NOT @ android.content.pm.PackageParser.IntentInfo
12-31 16:00:07.331 D/CCDTOSSec231( 1604): Get android.content.action.DOCUMENTS_PROVIDER from com.android.externalstorage
12-31 16:00:07.331 D/CCDTOSSec231( 1604): Check time cost: 3 ms
12-31 16:00:07.339 W/CCDTOSSec231( 1604): IntentCheck(PackageParser) check com.android.location.fused
12-31 16:00:07.339 D/CCDTOSSec231( 1604): Scan Activities
12-31 16:00:07.339 D/CCDTOSSec231( 1604): Scan Services
12-31 16:00:07.339 D/CCDTOSSec231( 1604): mCategories is NOT @ android.content.pm.PackageParser.ServiceIntentInfo
12-31 16:00:07.343 D/CCDTOSSec231( 1604): mCategories is NOT @ android.content.pm.PackageParser.IntentInfo
12-31 16:00:07.343 D/CCDTOSSec231( 1604): NO WORK:mCategories is null @ android.content.pm.PackageParser.ServiceIntentInfo
12-31 16:00:07.343 D/CCDTOSSec231( 1604): mActions is NOT @ android.content.pm.PackageParser.ServiceIntentInfo
12-31 16:00:07.343 D/CCDTOSSec231( 1604): mActions is NOT @ android.content.pm.PackageParser.IntentInfo
12-31 16:00:07.343 D/CCDTOSSec231( 1604): Get com.android.location.service.FusedLocationProvider from com.android.location.fused
12-31 16:00:07.343 D/CCDTOSSec231( 1604): Scan Receivers
12-31 16:00:07.343 D/CCDTOSSec231( 1604): Scan Providers
12-31 16:00:07.343 D/CCDTOSSec231( 1604): Check time cost: 1 ms
12-31 16:00:07.351 W/CCDTOSSec231( 1604): IntentCheck(PackageParser) check com.android.inputdevices
12-31 16:00:07.351 D/CCDTOSSec231( 1604): Scan Activities
12-31 16:00:07.351 D/CCDTOSSec231( 1604): Scan Services
12-31 16:00:07.351 D/CCDTOSSec231( 1604): Scan Receivers
12-31 16:00:07.351 D/CCDTOSSec231( 1604): mCategories is NOT @ android.content.pm.PackageParser.ActivityIntentInfo
12-31 16:00:07.351 D/CCDTOSSec231( 1604): mCategories is NOT @ android.content.pm.PackageParser.IntentInfo
12-31 16:00:07.351 D/CCDTOSSec231( 1604): NO WORK:mCategories is null @ android.content.pm.PackageParser.ActivityIntentInfo
12-31 16:00:07.351 D/CCDTOSSec231( 1604): mActions is NOT @ android.content.pm.PackageParser.ActivityIntentInfo
12-31 16:00:07.355 D/CCDTOSSec231( 1604): mActions is NOT @ android.content.pm.PackageParser.IntentInfo
12-31 16:00:07.355 D/CCDTOSSec231( 1604): Get android.hardware.input.action.QUERY_KEYBOARD_LAYOUTS from com.android.inputdevices
12-31 16:00:07.355 D/CCDTOSSec231( 1604): Scan Providers
12-31 16:00:07.355 D/CCDTOSSec231( 1604): Check time cost: 1 ms
12-31 16:00:07.371 W/CCDTOSSec231( 1604): IntentCheck(PackageParser) check com.android.keyguard
12-31 16:00:07.371 D/CCDTOSSec231( 1604): Scan Activities
12-31 16:00:07.371 D/CCDTOSSec231( 1604): Scan Services
12-31 16:00:07.371 D/CCDTOSSec231( 1604): Scan Receivers
12-31 16:00:07.371 D/CCDTOSSec231( 1604): Scan Providers
12-31 16:00:07.371 D/CCDTOSSec231( 1604): Check time cost: 1 ms
12-31 16:00:07.383 W/CCDTOSSec231( 1604): IntentCheck(PackageParser) check com.android.providers.media
12-31 16:00:07.383 D/CCDTOSSec231( 1604): com.android.providers.media is In White List
12-31 16:00:07.383 D/CCDTOSSec231( 1604): Check time cost: 0 ms
12-31 16:00:07.395 W/CCDTOSSec231( 1604): IntentCheck(PackageParser) check com.android.musicfx
12-31 16:00:07.395 D/CCDTOSSec231( 1604): Scan Activities
12-31 16:00:07.395 D/CCDTOSSec231( 1604): mCategories is NOT @ android.content.pm.PackageParser.ActivityIntentInfo
12-31 16:00:07.395 D/CCDTOSSec231( 1604): mCategories is NOT @ android.content.pm.PackageParser.IntentInfo
12-31 16:00:07.395 D/CCDTOSSec231( 1604): Get android.intent.category.DEFAULT from com.android.musicfx
12-31 16:00:07.395 D/CCDTOSSec231( 1604): Get android.intent.category.CATEGORY_CONTENT_MUSIC from com.android.musicfx
12-31 16:00:07.395 D/CCDTOSSec231( 1604): mActions is NOT @ android.content.pm.PackageParser.ActivityIntentInfo
12-31 16:00:07.395 D/CCDTOSSec231( 1604): mActions is NOT @ android.content.pm.PackageParser.IntentInfo
12-31 16:00:07.395 D/CCDTOSSec231( 1604): Get android.media.action.DISPLAY_AUDIO_EFFECT_CONTROL_PANEL from com.android.musicfx
12-31 16:00:07.395 D/CCDTOSSec231( 1604): mCategories is NOT @ android.content.pm.PackageParser.ActivityIntentInfo
12-31 16:00:07.395 D/CCDTOSSec231( 1604): mCategories is NOT @ android.content.pm.PackageParser.IntentInfo
12-31 16:00:07.395 D/CCDTOSSec231( 1604): Get android.intent.category.DEFAULT from com.android.musicfx
12-31 16:00:07.395 D/CCDTOSSec231( 1604): mActions is NOT @ android.content.pm.PackageParser.ActivityIntentInfo
12-31 16:00:07.395 D/CCDTOSSec231( 1604): mActions is NOT @ android.content.pm.PackageParser.IntentInfo
12-31 16:00:07.395 D/CCDTOSSec231( 1604): Get android.media.action.DISPLAY_AUDIO_EFFECT_CONTROL_PANEL from com.android.musicfx
12-31 16:00:07.395 D/CCDTOSSec231( 1604): Scan Services
12-31 16:00:07.395 D/CCDTOSSec231( 1604): Scan Receivers
12-31 16:00:07.395 D/CCDTOSSec231( 1604): mCategories is NOT @ android.content.pm.PackageParser.ActivityIntentInfo
12-31 16:00:07.399 D/CCDTOSSec231( 1604): mCategories is NOT @ android.content.pm.PackageParser.IntentInfo
12-31 16:00:07.399 D/CCDTOSSec231( 1604): Get android.intent.category.DEFAULT from com.android.musicfx
12-31 16:00:07.399 D/CCDTOSSec231( 1604): mActions is NOT @ android.content.pm.PackageParser.ActivityIntentInfo
12-31 16:00:07.399 D/CCDTOSSec231( 1604): mActions is NOT @ android.content.pm.PackageParser.IntentInfo
12-31 16:00:07.399 D/CCDTOSSec231( 1604): Get android.media.action.OPEN_AUDIO_EFFECT_CONTROL_SESSION from com.android.musicfx
12-31 16:00:07.399 D/CCDTOSSec231( 1604): Get android.media.action.CLOSE_AUDIO_EFFECT_CONTROL_SESSION from com.android.musicfx
12-31 16:00:07.399 D/CCDTOSSec231( 1604): Get AudioEffect.ACTION_SET_PARAM from com.android.musicfx
12-31 16:00:07.399 D/CCDTOSSec231( 1604): Get AudioEffect.ACTION_GET_PARAM from com.android.musicfx
12-31 16:00:07.399 D/CCDTOSSec231( 1604): mCategories is NOT @ android.content.pm.PackageParser.ActivityIntentInfo
12-31 16:00:07.399 D/CCDTOSSec231( 1604): mCategories is NOT @ android.content.pm.PackageParser.IntentInfo
12-31 16:00:07.399 D/CCDTOSSec231( 1604): NO WORK:mCategories is null @ android.content.pm.PackageParser.ActivityIntentInfo
12-31 16:00:07.399 D/CCDTOSSec231( 1604): mActions is NOT @ android.content.pm.PackageParser.ActivityIntentInfo
12-31 16:00:07.399 D/CCDTOSSec231( 1604): mActions is NOT @ android.content.pm.PackageParser.IntentInfo
12-31 16:00:07.399 D/CCDTOSSec231( 1604): Get android.intent.action.PACKAGE_ADDED from com.android.musicfx
12-31 16:00:07.399 D/CCDTOSSec231( 1604): mCategories is NOT @ android.content.pm.PackageParser.ActivityIntentInfo
12-31 16:00:07.399 D/CCDTOSSec231( 1604): mCategories is NOT @ android.content.pm.PackageParser.IntentInfo
12-31 16:00:07.399 D/CCDTOSSec231( 1604): NO WORK:mCategories is null @ android.content.pm.PackageParser.ActivityIntentInfo
12-31 16:00:07.399 D/CCDTOSSec231( 1604): mActions is NOT @ android.content.pm.PackageParser.ActivityIntentInfo
12-31 16:00:07.399 D/CCDTOSSec231( 1604): mActions is NOT @ android.content.pm.PackageParser.IntentInfo
12-31 16:00:07.399 D/CCDTOSSec231( 1604): Get android.intent.action.PACKAGE_REPLACED from com.android.musicfx
12-31 16:00:07.399 D/CCDTOSSec231( 1604): mCategories is NOT @ android.content.pm.PackageParser.ActivityIntentInfo
12-31 16:00:07.399 D/CCDTOSSec231( 1604): mCategories is NOT @ android.content.pm.PackageParser.IntentInfo
12-31 16:00:07.399 D/CCDTOSSec231( 1604): NO WORK:mCategories is null @ android.content.pm.PackageParser.ActivityIntentInfo
12-31 16:00:07.399 D/CCDTOSSec231( 1604): mActions is NOT @ android.content.pm.PackageParser.ActivityIntentInfo
12-31 16:00:07.399 D/CCDTOSSec231( 1604): mActions is NOT @ android.content.pm.PackageParser.IntentInfo
12-31 16:00:07.399 D/CCDTOSSec231( 1604): Get android.intent.action.PACKAGE_REMOVED from com.android.musicfx
12-31 16:00:07.399 D/CCDTOSSec231( 1604): Scan Providers
12-31 16:00:07.399 D/CCDTOSSec231( 1604): Check time cost: 6 ms
12-31 16:00:07.407 W/CCDTOSSec231( 1604): IntentCheck(PackageParser) check com.android.onetimeinitializer
12-31 16:00:07.407 D/CCDTOSSec231( 1604): com.android.onetimeinitializer is In White List
12-31 16:00:07.407 D/CCDTOSSec231( 1604): Check time cost: 0 ms
12-31 16:00:07.415 W/CCDTOSSec231( 1604): IntentCheck(PackageParser) check com.android.proxyhandler
12-31 16:00:07.415 D/CCDTOSSec231( 1604): Scan Activities
12-31 16:00:07.415 D/CCDTOSSec231( 1604): Scan Services
12-31 16:00:07.415 D/CCDTOSSec231( 1604): Scan Receivers
12-31 16:00:07.415 D/CCDTOSSec231( 1604): Scan Providers
12-31 16:00:07.415 D/CCDTOSSec231( 1604): Check time cost: 0 ms
12-31 16:00:07.423 W/CCDTOSSec231( 1604): IntentCheck(PackageParser) check com.android.providers.settings
12-31 16:00:07.423 D/CCDTOSSec231( 1604): Scan Activities
12-31 16:00:07.423 D/CCDTOSSec231( 1604): Scan Services
12-31 16:00:07.423 D/CCDTOSSec231( 1604): Scan Receivers
12-31 16:00:07.423 D/CCDTOSSec231( 1604): Scan Providers
12-31 16:00:07.423 D/CCDTOSSec231( 1604): Check time cost: 0 ms
12-31 16:00:07.427 W/CCDTOSSec231( 1604): IntentCheck(PackageParser) check com.android.sharedstoragebackup
12-31 16:00:07.427 D/CCDTOSSec231( 1604): Scan Activities
12-31 16:00:07.427 D/CCDTOSSec231( 1604): Scan Services
12-31 16:00:07.427 D/CCDTOSSec231( 1604): Scan Receivers
12-31 16:00:07.427 D/CCDTOSSec231( 1604): Scan Providers
12-31 16:00:07.427 D/CCDTOSSec231( 1604): Check time cost: 0 ms
12-31 16:00:07.443 W/CCDTOSSec231( 1604): IntentCheck(PackageParser) check com.android.shell
12-31 16:00:07.443 D/CCDTOSSec231( 1604): Scan Activities
12-31 16:00:07.447 D/CCDTOSSec231( 1604): Scan Services
12-31 16:00:07.447 D/CCDTOSSec231( 1604): Scan Receivers
12-31 16:00:07.447 D/CCDTOSSec231( 1604): mCategories is NOT @ android.content.pm.PackageParser.ActivityIntentInfo
12-31 16:00:07.447 D/CCDTOSSec231( 1604): mCategories is NOT @ android.content.pm.PackageParser.IntentInfo
12-31 16:00:07.447 D/CCDTOSSec231( 1604): NO WORK:mCategories is null @ android.content.pm.PackageParser.ActivityIntentInfo
12-31 16:00:07.447 D/CCDTOSSec231( 1604): mActions is NOT @ android.content.pm.PackageParser.ActivityIntentInfo
12-31 16:00:07.447 D/CCDTOSSec231( 1604): mActions is NOT @ android.content.pm.PackageParser.IntentInfo
12-31 16:00:07.447 D/CCDTOSSec231( 1604): Get android.intent.action.BUGREPORT_FINISHED from com.android.shell
12-31 16:00:07.447 D/CCDTOSSec231( 1604): Scan Providers
12-31 16:00:07.447 D/CCDTOSSec231( 1604): Check time cost: 1 ms
12-31 16:00:07.471 D/dalvikvm( 1604): GC_CONCURRENT freed 262K, 25% free 3775K/5028K, paused 2ms+4ms, total 34ms
12-31 16:00:07.479 W/CCDTOSSec231( 1604): IntentCheck(PackageParser) check com.android.systemui
12-31 16:00:07.479 D/CCDTOSSec231( 1604): com.android.systemui is In White List
12-31 16:00:07.479 D/CCDTOSSec231( 1604): Check time cost: 0 ms
12-31 16:00:07.487 W/CCDTOSSec231( 1604): IntentCheck(PackageParser) check com.android.vpndialogs
12-31 16:00:07.487 D/CCDTOSSec231( 1604): Scan Activities
12-31 16:00:07.487 D/CCDTOSSec231( 1604): mCategories is NOT @ android.content.pm.PackageParser.ActivityIntentInfo
12-31 16:00:07.487 D/CCDTOSSec231( 1604): mCategories is NOT @ android.content.pm.PackageParser.IntentInfo
12-31 16:00:07.491 D/CCDTOSSec231( 1604): Get android.intent.category.DEFAULT from com.android.vpndialogs
12-31 16:00:07.491 D/CCDTOSSec231( 1604): mActions is NOT @ android.content.pm.PackageParser.ActivityIntentInfo
12-31 16:00:07.491 D/CCDTOSSec231( 1604): mActions is NOT @ android.content.pm.PackageParser.IntentInfo
12-31 16:00:07.491 D/CCDTOSSec231( 1604): Get android.intent.action.MAIN from com.android.vpndialogs
12-31 16:00:07.491 D/CCDTOSSec231( 1604): mCategories is NOT @ android.content.pm.PackageParser.ActivityIntentInfo
12-31 16:00:07.491 D/CCDTOSSec231( 1604): mCategories is NOT @ android.content.pm.PackageParser.IntentInfo
12-31 16:00:07.491 D/CCDTOSSec231( 1604): Get android.intent.category.DEFAULT from com.android.vpndialogs
12-31 16:00:07.491 D/CCDTOSSec231( 1604): mActions is NOT @ android.content.pm.PackageParser.ActivityIntentInfo
12-31 16:00:07.491 D/CCDTOSSec231( 1604): mActions is NOT @ android.content.pm.PackageParser.IntentInfo
12-31 16:00:07.495 D/CCDTOSSec231( 1604): Get android.intent.action.MAIN from com.android.vpndialogs
12-31 16:00:07.495 D/CCDTOSSec231( 1604): Scan Services
12-31 16:00:07.495 D/CCDTOSSec231( 1604): Scan Receivers
12-31 16:00:07.495 D/CCDTOSSec231( 1604): Scan Providers
12-31 16:00:07.495 D/CCDTOSSec231( 1604): Check time cost: 2 ms
12-31 16:00:07.503 W/CCDTOSSec231( 1604): IntentCheck(PackageParser) check com.android.wallpapercropper
12-31 16:00:07.503 D/CCDTOSSec231( 1604): Scan Activities
12-31 16:00:07.503 D/CCDTOSSec231( 1604): mCategories is NOT @ android.content.pm.PackageParser.ActivityIntentInfo
12-31 16:00:07.503 D/CCDTOSSec231( 1604): mCategories is NOT @ android.content.pm.PackageParser.IntentInfo
12-31 16:00:07.503 D/CCDTOSSec231( 1604): Get android.intent.category.DEFAULT from com.android.wallpapercropper
12-31 16:00:07.503 D/CCDTOSSec231( 1604): mActions is NOT @ android.content.pm.PackageParser.ActivityIntentInfo
12-31 16:00:07.503 D/CCDTOSSec231( 1604): mActions is NOT @ android.content.pm.PackageParser.IntentInfo
12-31 16:00:07.503 D/CCDTOSSec231( 1604): Get android.service.wallpaper.CROP_AND_SET_WALLPAPER from com.android.wallpapercropper
12-31 16:00:07.503 D/CCDTOSSec231( 1604): Scan Services
12-31 16:00:07.503 D/CCDTOSSec231( 1604): Scan Receivers
12-31 16:00:07.503 D/CCDTOSSec231( 1604): Scan Providers
12-31 16:00:07.503 D/CCDTOSSec231( 1604): Check time cost: 2 ms
12-31 16:00:07.511 W/CCDTOSSec231( 1604): IntentCheck(PackageParser) check cn.ljwl.aaa
12-31 16:00:07.511 D/CCDTOSSec231( 1604): Scan Activities
12-31 16:00:07.511 D/CCDTOSSec231( 1604): Scan Services
12-31 16:00:07.511 D/CCDTOSSec231( 1604): mCategories is NOT @ android.content.pm.PackageParser.ServiceIntentInfo
12-31 16:00:07.511 D/CCDTOSSec231( 1604): mCategories is NOT @ android.content.pm.PackageParser.IntentInfo
12-31 16:00:07.515 D/CCDTOSSec231( 1604): NO WORK:mCategories is null @ android.content.pm.PackageParser.ServiceIntentInfo
12-31 16:00:07.515 D/CCDTOSSec231( 1604): mActions is NOT @ android.content.pm.PackageParser.ServiceIntentInfo
12-31 16:00:07.515 D/CCDTOSSec231( 1604): mActions is NOT @ android.content.pm.PackageParser.IntentInfo
12-31 16:00:07.515 D/CCDTOSSec231( 1604): Get com.dvb.auth.service.GetTokenService from cn.ljwl.aaa
12-31 16:00:07.515 D/CCDTOSSec231( 1604): Scan Receivers
12-31 16:00:07.515 D/CCDTOSSec231( 1604): Scan Providers
12-31 16:00:07.515 D/CCDTOSSec231( 1604): Check time cost: 4 ms
12-31 16:00:07.515 I/PackageManager( 1604): Package cn.ljwl.aaa at /system/app/AAA8.0.apk ignored: updated version 99 better than this 8
12-31 16:00:07.523 W/CCDTOSSec231( 1604): IntentCheck(PackageParser) check com.voole.epg.vurcserver
12-31 16:00:07.523 D/CCDTOSSec231( 1604): com.voole.epg.vurcserver is In White List
12-31 16:00:07.523 D/CCDTOSSec231( 1604): Check time cost: 0 ms
12-31 16:00:07.539 W/CCDTOSSec231( 1604): IntentCheck(PackageParser) check com.ccdt.itvision.appstore
12-31 16:00:07.539 D/CCDTOSSec231( 1604): com.ccdt.itvision.appstore is In White List
12-31 16:00:07.539 D/CCDTOSSec231( 1604): Check time cost: 0 ms
