12-31 16:00:02.023 D/CAS     ( 1259): [1259][CAS MULTI] CAS_MultiDescramInit.
12-31 16:00:02.023 D/CAS     ( 1259): [1259][CAS] Service Init OK.
12-31 16:00:02.023 D/CAS     ( 1259): [1259][CAS] CAS_Interface_Init OK.
12-31 16:00:02.023 I/MiSysSrv( 1116): [0m[HAL_DSCMB_SetBank][265] Set bank 0x9e7d2000
12-31 16:00:02.027 D/CAS     ( 1259): [1259][CAS OS] Sema Init  B77FF178!!!
12-31 16:00:02.027 D/CAS     ( 1259): [1259][CAS OS] Sema Init  B7814090!!!
12-31 16:00:02.027 D/CAS     ( 1259): [1259][CAS OS] Sema Init  B78140C0!!!
12-31 16:00:02.027 D/CAS     ( 1259): [1259][CAS OS] Sema Init  B78140F0!!!
12-31 16:00:02.027 D/CAS     ( 1259): [1259][CAS OS] Sema Init  B7814120!!!
12-31 16:00:02.027 D/CAS     ( 1259): [1259][CAS OS] Sema Init  B7814150!!!
12-31 16:00:02.027 D/CAS     ( 1259): [1259][CAS OS] Sema Init  B7814180!!!
12-31 16:00:02.027 D/CAS     ( 1259): [1259][CAS OS] Sema Init  B78141B0!!!
12-31 16:00:02.027 D/CAS     ( 1259): [1259][CAS OS] Sema Init  B78141E0!!!
12-31 16:00:02.027 D/CAS     ( 1259): [1259][CAS OS] Sema Init  B7814210!!!
12-31 16:00:02.027 D/CAS     ( 1259): [1259][CAS OS] Sema Init  B7814240!!!
12-31 16:00:02.027 D/CAS     ( 1259): [1259][CAS] CDSTBCA_GetSTBID Platform 0x144C, STB ID 0x84108151.
12-31 16:00:02.027 D/CAS     ( 1259): [1259][CAS] CDSTBCA_ReadBuffer, Block 1, Lenth 43776.
12-31 16:00:02.027 D/CAS     ( 1259): [1259][CAS] CDSTBCA_ReadBuffer, Block 2, Lenth 38224.
12-31 16:00:02.027 D/CAS     ( 1259): [1259][CAS] CDSTBCA_ReadBuffer, Block 1, Lenth 170.
12-31 16:00:02.027 D/DD      ( 1259): [DD_OS_ThreadCreate]name = CDCA_MSG_task,nPriority = 50,nStackSize = 0x2800
12-31 16:00:02.027 D/CAS     ( 1259): [1259][CAS OS] Create Task [CDCA_MSG_task][P:50].
12-31 16:00:02.027 D/DD      ( 1259): [DD_OS_ThreadCreate]name = CDCA_EMM_task,nPriority = 50,nStackSize = 0x2800
12-31 16:00:02.027 D/CAS     ( 1259): [1259][CAS OS] Create Task [CDCA_EMM_task][P:50].
12-31 16:00:02.027 D/DD      ( 1259): [DD_OS_ThreadCreate]name = CDCA_ECM_task,nPriority = 50,nStackSize = 0x2800
12-31 16:00:02.027 D/CAS     ( 1259): [1259][CAS OS] Create Task [CDCA_ECM_task][P:50].
12-31 16:00:02.027 D/CAS     ( 1259): [1259][CAS] CDCASTB_Init OK.
12-31 16:00:02.027 D/DD      ( 1259): [DD_OS_ThreadCreate]name = CASCTask,nPriority = 200,nStackSize = 0x1000
12-31 16:00:02.031 D/DD      ( 1259): <1259>[dd_smartcard][FUNC:DD_SMC_Open LINE:219]Enter
12-31 16:00:02.031 D/DD      ( 1259): <1259>[dd_smartcard][FUNC:DD_SMC_Open LINE:290]SMC freq=[0]
12-31 16:00:02.031 D/DD      ( 1259): <1259>[dd_smartcard][FUNC:DD_SMC_Open LINE:331]DD_SMC_SetParams is NOT called !!!
12-31 16:00:02.035 I/MiSysSrv( 1116): HAL_SC_Init In
12-31 16:00:02.035 I/MiSysSrv( 1116): Do reg_sm0_open
12-31 16:00:02.035 I/MiSysSrv( 1116): HAL_SC_SetClk,221
12-31 16:00:02.035 I/MiSysSrv( 1116): 3080
12-31 16:00:02.047 I/MiSysSrv( 1116): Send EVENT_NOTIFY_TEMPLATE
12-31 16:00:02.047 D/DD      ( 1259): <1369>[dd_smartcard][FUNC:_SmcCallbackFunc LINE:127]Enter
12-31 16:00:02.079 D/CAS     ( 1259): [1259][CAS SC0] SCARD Insert!
12-31 16:00:02.079 D/DD      ( 1259): <1259>[dd_smartcard][FUNC:DD_SMC_Open LINE:422]CallBack DD_SMC_IN Happened.
12-31 16:00:02.079 D/DD      ( 1259): <1259>[dd_smartcard][FUNC:DD_SMC_Open LINE:428]bIsCardIn = 1
12-31 16:00:02.079 D/DD      ( 1259): <1259>[dd_smartcard][FUNC:DD_SMC_Open LINE:431]Exit Success
12-31 16:00:02.103 D/DD      ( 1259): <1570>[dd_tuner][FUNC:dd_tuner_task LINE:368]Not Start!
12-31 16:00:02.127 D/CAS     ( 1259): [1574][CAS SC] CDSTBCA_SCReset called.
12-31 16:00:02.127 D/CAS     ( 1259): [1574][CAS SC] SCard Checking! 0.
12-31 16:00:02.127 D/DvbNative( 1259): [1574]<[CasApi, callbackProxy(), 1528]> ### callbackProxy(), type=4096, param=0x0
12-31 16:00:02.127 W/DvbNative( 1259): [1574]<[CasApi, callbackProxy(), 1530]> [warn] ### not callback register! 
12-31 16:00:02.127 D/CAS     ( 1259): [1574][CAS] Send UI Callback 0x1000!!!
12-31 16:00:02.127 D/DvbNative( 1259): [1574]<[CasApi, callbackProxy(), 1528]> ### callbackProxy(), type=1, param=0x0
12-31 16:00:02.127 W/DvbNative( 1259): [1574]<[CasApi, callbackProxy(), 1530]> [warn] ### not callback register! 
12-31 16:00:02.127 D/CAS     ( 1259): [1574][CAS] Send UI Callback 0x0001!!!
12-31 16:00:02.127 D/DD      ( 1259): <1574>[dd_smartcard][FUNC:DD_SMC_Reset LINE:473]Enter
12-31 16:00:02.131 I/MiSysSrv( 1116): HAL_SC_SetClk,221
12-31 16:00:02.131 I/MiSysSrv( 1116): 8
12-31 16:00:02.179 D/CAS     ( 1259): [1259][CAS]  Init OK, CA Lib ver 0x113454A5!
12-31 16:00:02.179 D/CAS     ( 1259): [1259][CAS] CAS_GetScardInfo!!!
12-31 16:00:02.179 D/CAS     ( 1259): [1259][CAS] CAS_GetScardInfo end!!!
12-31 16:00:02.179 E/DvbNative( 1259): [1259][01;31m<[CasApi, SaveCasInfos(), 82]> [error] ### read smart card info failed! ret=0, status=255[0m
12-31 16:00:02.179 D/DvbNative( 1259): [1259]<[CmnCasInterface, saveCasInfo(), 1069]> ### [CDCAS] save smart card serial number = 0
12-31 16:00:02.183 D/DvbNative( 1259): [1259]<[CmnCasInterface, saveCasInfo(), 1082]> ### [CDCAS] save smart card id = 0
12-31 16:00:02.187 D/DvbNative( 1259): [1259]<[CmnCasInterface, saveCasInfo(), 1087]> ### [CDCAS] save smart card version = 0
12-31 16:00:02.187 D/DvbNative( 1259): [1259]<[CmnCasInterface, saveCasInfo(), 1097]> ### [CDCAS] save cas version = 0
12-31 16:00:02.191 D/DvbNative( 1259): [1259]<[CmnCasInterface, getInstance(), 79]> ### initialize ok. obj=0xb78123c8, type=196608
12-31 16:00:02.191 D/DvbNative( 1259): [1259]<[Initializer, Initialize(), 731]> ### get cas instance! category=CDCAS
12-31 16:00:02.191 D/DvbNative( 1259): [1259]<[Initializer, _IPOTA_ScardSnChanged(), 610]> ### scard sn changed! scardSn=''
12-31 16:00:02.191 E/DvbNative( 1259): [1259][01;31m<[ConfigBase, getAsString(), 199]> [error] ### get config value failed! key=PrintDebugInfoSec[0m
12-31 16:00:02.191 D/DvbNative( 1259): [1259]<[BootErrDetect, startRunning(), 284]> ### disable bootup error detection!
12-31 16:00:02.191 D/DvbNative( 1259): [1259]<[Initializer, _IPOTA_UpdateInfoPropertyAfterInit(), 555]> ### persist.sys.IpOta.HwVer : '01.01.05.41'
12-31 16:00:02.195 D/DvbNative( 1259): [1259]<[Initializer, _IPOTA_UpdateInfoPropertyAfterInit(), 567]> ### persist.sys.IpOta.SwVer : '00.00.03.08'
12-31 16:00:02.195 E/DvbNative( 1259): [1259][01;31m<[Initializer, _IPOTA_UpdateInfoPropertyAfterInit(), 599]> [error] ### parser stb sn failed! SN='280a0e1020fe13012e31001a170a0e3563412ef00fe11a020e2'[0m
12-31 16:00:02.195 D/DvbNative( 1259): [1259]<[Initializer, Initialize(), 801]> ### #######################################################
12-31 16:00:02.195 D/DvbNative( 1259): [1259]<[Initializer, Initialize(), 802]> ### ################     Initialize end     ###############
12-31 16:00:02.195 D/DvbNative( 1259): [1259]<[Initializer, Initialize(), 803]> ### #######################################################
12-31 16:00:02.195 D/DvbNative( 1259): [1259]<[CmnService, instantiate(), 703]> ### ===>>>>>>>>>>[3] start ServiceStub
12-31 16:00:02.195 I/DvbNative( 1259): [1259]before initialize module Unspecific
12-31 16:00:02.195 E/DvbNative( 1259): [1259][01;31m<[ModuleProxy, globalInitialize(), 141]> [error] ### leak module, please check!!! module=Unspecific[0m
12-31 16:00:02.195 I/DvbNative( 1259): [1259]after initialize module Unspecific
12-31 16:00:02.195 I/DvbNative( 1259): [1259]before initialize module BootupActions
12-31 16:00:02.199 I/DvbNative( 1259): [1259]after initialize module BootupActions
12-31 16:00:02.199 I/DvbNative( 1259): [1259]before initialize module LivePlay
12-31 16:00:02.199 I/DvbNative( 1259): [1259]after initialize module LivePlay
12-31 16:00:02.199 I/DvbNative( 1259): [1259]before initialize module RawPlay
12-31 16:00:02.199 I/DvbNative( 1259): [1259]after initialize module RawPlay
12-31 16:00:02.199 I/DvbNative( 1259): [1259]before initialize module LiveSearch
12-31 16:00:02.199 V/DvbNative( 1259): [1259]<[MGExt_LiveSearch, MGExt_LiveSearch(), 30]> ### ========= trace =========
12-31 16:00:02.199 I/DvbNative( 1259): [1259]after initialize module LiveSearch
12-31 16:00:02.199 I/DvbNative( 1259): [1259]before initialize module CAS
12-31 16:00:02.199 I/DvbNative( 1259): [1259]after initialize module CAS
12-31 16:00:02.199 I/DvbNative( 1259): [1259]before initialize module Epg
12-31 16:00:02.199 I/DvbNative( 1259): [1259]after initialize module Epg
12-31 16:00:02.199 I/DvbNative( 1259): [1259]before initialize module Bouquet
12-31 16:00:02.199 I/DvbNative( 1259): [1259]after initialize module Bouquet
12-31 16:00:02.199 I/DvbNative( 1259): [1259]before initialize module SystemInfo
12-31 16:00:02.199 I/DvbNative( 1259): [1259]after initialize module SystemInfo
12-31 16:00:02.199 I/DvbNative( 1259): [1259]before initialize module SystemControl
12-31 16:00:02.199 I/DvbNative( 1259): [1259]after initialize module SystemControl
12-31 16:00:02.199 I/DvbNative( 1259): [1259]before initialize module DvbUpdate
12-31 16:00:02.199 I/DvbNative( 1259): [1259]after initialize module DvbUpdate
12-31 16:00:02.199 I/DvbNative( 1259): [1259]before initialize module IVIP
12-31 16:00:02.199 E/DvbNative( 1259): [1259][01;31m<[ModuleProxy, globalInitialize(), 141]> [error] ### leak module, please check!!! module=IVIP[0m
12-31 16:00:02.199 I/DvbNative( 1259): [1259]after initialize module IVIP
12-31 16:00:02.199 I/DvbNative( 1259): [1259]before initialize module OcDcDownLoad
12-31 16:00:02.199 I/DvbNative( 1259): [1259]after initialize module OcDcDownLoad
12-31 16:00:02.199 I/DvbNative( 1259): [1259]before initialize module Star
12-31 16:00:02.199 E/DvbNative( 1259): [1259][01;31m<[ModuleProxy, globalInitialize(), 141]> [error] ### leak module, please check!!! module=Star[0m
12-31 16:00:02.199 I/DvbNative( 1259): [1259]after initialize module Star
12-31 16:00:02.199 I/DvbNative( 1259): [1259]before initialize module PesFilter
12-31 16:00:02.199 D/DvbNative( 1259): [1259]<[MGExt_PesFilter, MGExt_PesFilter(), 239]> ### enter! this=0xb78166f8
12-31 16:00:02.199 D/DvbNative( 1259): [1259]<[MGExt_PesFilter, _globalInitialize(), 255]> ### [CFG] ApiMaxPesFilterCnt=8
12-31 16:00:02.199 I/DvbNative( 1259): [1259]after initialize module PesFilter
12-31 16:00:02.199 I/DvbNative( 1259): [1259]before initialize module SectionFilter
12-31 16:00:02.199 D/DvbNative( 1259): [1259]<[MGExt_SectionFilter, MGExt_SectionFilter(), 259]> ### enter! this=0xb7816708
12-31 16:00:02.199 D/DvbNative( 1259): [1259]<[MGExt_SectionFilter, _globalInitialize(), 275]> ### [CFG] ApiMaxSectionFilterCnt=8
12-31 16:00:02.199 I/DvbNative( 1259): [1259]after initialize module SectionFilter
12-31 16:00:02.199 I/DvbNative( 1259): [1259]before initialize module PvrRecord
12-31 16:00:02.199 E/DvbNative( 1259): [1259][01;31m<[ModuleProxy, globalInitialize(), 141]> [error] ### leak module, please check!!! module=PvrRecord[0m
12-31 16:00:02.199 I/DvbNative( 1259): [1259]after initialize module PvrRecord
12-31 16:00:02.199 I/DvbNative( 1259): [1259]before initialize module PvrPlayback
12-31 16:00:02.199 E/DvbNative( 1259): [1259][01;31m<[ModuleProxy, globalInitialize(), 141]> [error] ### leak module, please check!!! module=PvrPlayback[0m
12-31 16:00:02.199 I/DvbNative( 1259): [1259]after initialize module PvrPlayback
12-31 16:00:02.199 I/DvbNative( 1259): [1259]before initialize module PvrPlaybackList
12-31 16:00:02.199 E/DvbNative( 1259): [1259][01;31m<[ModuleProxy, globalInitialize(), 141]> [error] ### leak module, please check!!! module=PvrPlaybackList[0m
12-31 16:00:02.199 I/DvbNative( 1259): [1259]after initialize module PvrPlaybackList
12-31 16:00:02.199 I/DvbNative( 1259): [1259]before initialize module MosaicCapture
12-31 16:00:02.199 I/DvbNative( 1259): [1259]after initialize module MosaicCapture
12-31 16:00:02.199 I/DvbNative( 1259): [1259]before initialize module MosaicPlay
12-31 16:00:02.199 I/DvbNative( 1259): [1259]after initialize module MosaicPlay
12-31 16:00:02.199 I/DvbNative( 1259): [1259]before initialize module Resource
12-31 16:00:02.199 I/DvbNative( 1259): [1259]after initialize module Resource
12-31 16:00:02.199 I/DvbNative( 1259): [1259]before initialize module Adv
12-31 16:00:02.199 I/DvbNative( 1259): [1259]after initialize module Adv
12-31 16:00:02.199 D/DvbNative( 1259): [1581]<[MGExt_Adv, onThreadWorking(), 169]> ### boot process start!
12-31 16:00:02.199 D/DvbNative( 1259): [1581]<[MGExt_Adv, onThreadWorking(), 176]> ### install key complete in bootup
12-31 16:00:02.199 D/EventHub( 1259): No input device configuration file found for device 'vinput'.
12-31 16:00:02.203 D/DD      ( 1259): <1570>[dd_tuner][FUNC:dd_tuner_task LINE:368]Not Start!
12-31 16:00:02.203 D/DvbNative( 1259): [1259]<[CmnService, instantiate(), 706]> ### ===>>>>>>>>>>[4] start PropertyStub
12-31 16:00:02.203 D/DvbNative( 1259): [1259]<[CmnService, instantiate(), 708]> ### <<<<<========== all have been started
12-31 16:00:02.203 D/DvbNative( 1259): [1259]<[main_dvbserver, main(), 64]> ### start bootup actions
12-31 16:00:02.203 D/DvbNative( 1259): [1259]<[BootupActions, _globalInitialize(), 58]> ### prepare to initialize! 
12-31 16:00:02.203 D/DvbNative( 1259): [1259]<[BootupActions, _globalInitialize(), 70]> ### initialize end! 
12-31 16:00:02.203 D/DvbNative( 1259): [1259]<[BootupActions, startActions(), 655]> ### prepare to start bootup actions
12-31 16:00:02.207 D/DvbNative( 1259): [1259]<[BootupActions, startActions(), 667]> ### database location is /dvb/databases/dvb/dvb 
12-31 16:00:02.211 D/DvbNative( 1259): [1584]<[PropertyStub, onThreadWorking(), 1392]> ### enter PropertyStub's working thread
12-31 16:00:02.211 D/DvbNative( 1259): [1584]<[PropertyStub, registerPropertyCmd(), 1326]> ### register property command. key=sys.Standby, proc=0xb6e167f5
12-31 16:00:02.211 D/DvbNative( 1259): [1584]<[PropertyStub, registerPropertyCmd(), 1326]> ### register property command. key=sys.SimuStandBy, proc=0xb6e16369
12-31 16:00:02.211 D/DvbNative( 1259): [1584]<[PropertyStub, registerPropertyCmd(), 1326]> ### register property command. key=persist.sys.GraphicAlpha, proc=0xb6e16051
12-31 16:00:02.211 D/DvbNative( 1259): [1584]<[PropertyStub, registerPropertyCmd(), 1326]> ### register property command. key=persist.sys.TotSwitcher, proc=0xb6e14fcd
12-31 16:00:02.211 D/DvbNative( 1259): [1584]<[PropertyStub, registerPropertyCmd(), 1326]> ### register property command. key=persist.sys.TdtSwitcher, proc=0xb6e14c09
12-31 16:00:02.211 D/DvbNative( 1259): [1584]<[PropertyStub, registerPropertyCmd(), 1326]> ### register property command. key=sys.cmd.FpLed, proc=0xb6e16ad5
12-31 16:00:02.211 D/DvbNative( 1259): [1584]<[PropertyStub, registerPropertyCmd(), 1326]> ### register property command. key=sys.cmd.SystemCall, proc=0xb6e143b9
12-31 16:00:02.211 D/DvbNative( 1259): [1584]<[PropertyStub, registerPropertyCmd(), 1326]> ### register property command. key=sys.cmd.BackupDvbDatabase, proc=0xb6e15dbd
12-31 16:00:02.211 D/DvbNative( 1259): [1584]<[PropertyStub, registerPropertyCmd(), 1326]> ### register property command. key=sys.cmd.resume.db.file, proc=0xb6e17255
12-31 16:00:02.211 D/DvbNative( 1259): [1584]<[PropertyStub, registerPropertyCmd(), 1326]> ### register property command. key=sys.cmd.resume.db.xml, proc=0xb6e16ce5
12-31 16:00:02.211 D/DvbNative( 1259): [1584]<[PropertyStub, registerPropertyCmd(), 1326]> ### register property command. key=sys.cmd.ApkInstall, proc=0xb6e15cad
12-31 16:00:02.211 D/DvbNative( 1259): [1584]<[PropertyStub, registerPropertyCmd(), 1326]> ### register property command. key=sys.cmd.TunerLock, proc=0xb6e18a75
12-31 16:00:02.211 D/DvbNative( 1259): [1584]<[PropertyStub, registerPropertyCmd(), 1326]> ### register property command. key=sys.cmd.VideoZOrder, proc=0xb6e15969
12-31 16:00:02.211 D/DvbNative( 1259): [1584]<[PropertyStub, registerPropertyCmd(), 1326]> ### register property command. key=sys.cmd.TsRecorder, proc=0xb6e17b2d
12-31 16:00:02.211 D/DvbNative( 1259): [1584]<[PropertyStub, registerPropertyCmd(), 1326]> ### register property command. key=sys.cmd.Upgrade, proc=0xb6e15675
12-31 16:00:02.211 D/DvbNative( 1259): [1584]<[PropertyStub, registerPropertyCmd(), 1326]> ### register property command. key=sys.cmd.CasLibSwitch, proc=0xb6e15391
12-31 16:00:02.211 D/DvbNative( 1259): [1584]<[PropertyStub, onThreadWorking(), 1416]> ### prepare to listen property command
12-31 16:00:02.215 D/DvbNative( 1259): [1259]<[BootupActions, startActions(), 671]> ### check database Ok!
12-31 16:00:02.215 D/DvbNative( 1259): [1259]<[BootupActions, startActions(), 695]> ### ota work mode is ''
12-31 16:00:02.215 D/DvbNative( 1259): [1259]<[BootupActions, startActions(), 708]> ### need detect OTA update! param=227000:6875:3:8000, freqKHz=227000, symbKHz=6875, modu=3, timeoutMs=8000 
12-31 16:00:02.215 D/DvbNative( 1259): [1259]<[BootupActions, startActions(), 734]> ### need detect ServList update! param=227000:6875:3:8000, freqKHz=227000, symbKHz=6875, modu=3, timeoutMs=8000 
12-31 16:00:02.215 D/DvbNative( 1259): [1259]<[BootupActions, _getNitVersion(), 561]> ### database location is /dvb/databases/dvb/dvb 
12-31 16:00:02.215 D/DvbNative( 1259): [1259]<[BootupActions, _getNitVersion(), 580]> ### searchNitVerByFre: search tb Data_Transponders, the freqencyKhz is 227000 
12-31 16:00:02.223 I/LibraryLoader( 1104): Loading: webviewchromium
12-31 16:00:02.227 W/EventHub( 1259): Unable to disable kernel key repeat for /dev/input/event2: Function not implemented
12-31 16:00:02.227 I/EventHub( 1259): New device: id=1, fd=30, path='/dev/input/event2', name='vinput', classes=0x8000006f, configuration='', keyLayout='/system/usr/keylayout/Generic.kl', keyCharacterMap='/system/usr/keychars/Generic.kcm', builtinKeyboard=false, usingSuspendBlockIoctl=false, usingClockIoctl=true
12-31 16:00:02.227 E/EventHub( 1259): could not get driver version for /dev/input/mouse1, Not a typewriter
12-31 16:00:02.231 D/DvbNative( 1259): [1259]<[BootupActions, _getNitVersion(), 605]> ### searchNitVerByFre: search tb Data_Networks, the networkid is 1 
12-31 16:00:02.243 D/DvbNative( 1259): [1259]<[BootupActions, _getNitVersion(), 622]> ### search db success, NIT version is -1
12-31 16:00:02.243 E/DvbNative( 1259): [1259][01;31m<[BootupActions, startActions(), 744]> [error] ### get NIT version failed! NitVersion=4294967295[0m
12-31 16:00:02.243 D/DvbNative( 1259): [1356]<[BootupActions, _msgProc_StartBootupDetect(), 274]> ### prepare to start OTA upgrade detect! detectTpFlag=0x1, lockParam={tp=<227000,6875,3>, usbLnb=0}
12-31 16:00:02.243 V/DvbNative( 1259): [1356]<[Detector, startDetectTp(), 656]> ### ========= trace =========
12-31 16:00:02.243 D/DvbNative( 1259): [1356]<[Detector, startDetectTp(), 693]> ### [CFG] parser ota pid convert! cfg=41=8112;45=8114;39=8116;50=8120;46=8118;55=8122 
12-31 16:00:02.243 D/DvbNative( 1259): [1356]<[Detector, startDetectTp(), 704]> ### [CFG] parser ota pid  manufactureId=39,otaPid=8116
12-31 16:00:02.243 D/DvbNative( 1259): [1356]<[Detector, startDetectTp(), 704]> ### [CFG] parser ota pid  manufactureId=41,otaPid=8112
12-31 16:00:02.243 D/DvbNative( 1259): [1356]<[Detector, startDetectTp(), 704]> ### [CFG] parser ota pid  manufactureId=45,otaPid=8114
12-31 16:00:02.243 D/DvbNative( 1259): [1356]<[Detector, startDetectTp(), 704]> ### [CFG] parser ota pid  manufactureId=46,otaPid=8118
12-31 16:00:02.243 D/DvbNative( 1259): [1356]<[Detector, startDetectTp(), 704]> ### [CFG] parser ota pid  manufactureId=50,otaPid=8120
12-31 16:00:02.243 D/DvbNative( 1259): [1356]<[Detector, startDetectTp(), 704]> ### [CFG] parser ota pid  manufactureId=55,otaPid=8122
12-31 16:00:02.243 D/DvbNative( 1259): [1356]<[Detector, startDetectTp(), 710]> ### [CFG] parser ota pid convert end! count=6
12-31 16:00:02.247 D/DvbNative( 1259): [1356]<[Detector, startDetectTp(), 713]> ### [CFG] parser ota pid convert end! srcBoxId=41
12-31 16:00:02.247 D/DvbNative( 1259): [1356]<[Detector, startDetectTp(), 722]> ### ota pid converted! manufactureId=41, otaPid=8112
12-31 16:00:02.247 D/DvbNative( 1259): [1356]<[BootupActions, _msgProc_StartBootupDetect(), 299]> ### current detect timeout is 8000
12-31 16:00:02.247 V/DvbNative( 1259): [1356]<[IProgramRegionControl, IProgramRegionControl(), 505]> ### ========= trace =========
12-31 16:00:02.247 D/DvbNative( 1259): [1356]<[IProgramRegionControl, IProgramRegionControl(), 509]> ### mCasRegionCode=0
12-31 16:00:02.247 D/DvbNative( 1259): [1356]<[IProgramRegionControl, IProgramRegionControl(), 520]> ### ### program follow version is 255
12-31 16:00:02.251 D/DvbNative( 1259): [1356]<[BootupActions, _msgProc_DectFollowProTable(), 631]> ### after IProgramRegionControl::getInstance();
12-31 16:00:02.251 V/DvbNative( 1259): [1356]<[Detector, _msgProc_StartDetectTp(), 335]> ### ========= trace =========
12-31 16:00:02.251 D/DvbNative( 1259): [1356]<[Tuner, _printTunerInfo(), 267]> ### =========>>>>>>===== force lock tuner request =====<<<<<<========= count=1
12-31 16:00:02.251 D/DvbNative( 1259): [1356]<[Tuner, ForceLock(), 1912]> ### request to lock: tpParam=<227000,6875,3,4294967295>, useLnb=0, lnbParam=<18,0,4294967295,4294967295,0,0,0,0,0,255,0>
12-31 16:00:02.251 D/DvbNative( 1259): [1356]<[Tuner, ForceLock(), 2006]> ### try to force lock tuner. tunerId=0, status=Unlock(3)
12-31 16:00:02.251 D/DvbNative( 1259): [1356]<[Tuner, _tunerTuneInner(), 459]> ### enter! tunerId=0, type=101, NestUseCount=0, tpParam=<227000,6875,3,4294967295>, useLnb=0, lnbParam=<18,0,4294967295,4294967295,0,0,0,0,0,255,0>
12-31 16:00:02.251 D/DvbNative( 1259): [1356]<[Tuner, _tunerTuneInner(), 603]> ### configure DVBC/C2 tune parameters. type=101(DVB_C)
12-31 16:00:02.251 D/DvbNative( 1259): [1356]<[Tuner, _tunerTuneInner(), 619]> ### DD param: uFrequency=227000, uSymbolRate=6875000, uModulation=3
12-31 16:00:02.251 D/DD      ( 1259): <1356>[dd_tuner][FUNC:DD_Tuner_AddCallback LINE:721]Enter
12-31 16:00:02.251 D/DD      ( 1259): <1356>[dd_tuner][FUNC:DD_Tuner_AddCallback LINE:743]the callback is already register!
12-31 16:00:02.251 D/DD      ( 1259): <1356>[dd_tuner][FUNC:DD_Tuner_AddCallback LINE:744]Exit Success
12-31 16:00:02.251 D/DD      ( 1259): <1356>[dd_tuner][FUNC:DD_Tuner_Connect LINE:581]Enter
12-31 16:00:02.251 D/DD      ( 1259): <1356>[dd_tuner][FUNC:DD_Tuner_Connect LINE:605]frq 227000, QAM 3, SymbolRate 6875000, dwTunerId 0
12-31 16:00:02.255 I/MiSysSrv( 1116): [DTV_SetTune][665][MXL608]hy_tuner [tune]Freq:227.000000,eBandWidth:3,eMode:2
12-31 16:00:02.255 I/MiSysSrv( 1116): [DTV_SetTune][681][MXL608]hy_tuner ============================>DTV_SetTune 8M
12-31 16:00:02.255 I/MiSysSrv( 1116): MxLWare608_API_CfgTunerChanTune, signal type = 0, Freq = 227000000, BW = 2, Xtal = 0 
12-31 16:00:02.271 D/DvbNative( 1259): [1588]<[IProgramRegionControl, _msgProc_StartSearch(), 1034]> ### enter,type = 1
12-31 16:00:02.271 D/DvbNative( 1259): [1588]<[Tuner, _printTunerInfo(), 267]> ### =========>>>>>>===== force lock tuner request =====<<<<<<========= count=1
12-31 16:00:02.271 D/DvbNative( 1259): [1588]<[Tuner, ForceLock(), 1912]> ### request to lock: tpParam=<227000,6875,3,4294967295>, useLnb=0, lnbParam=<18,0,4294967295,4294967295,0,0,0,0,0,255,0>
12-31 16:00:02.271 D/DvbNative( 1259): [1588]<[Tuner, ForceLock(), 2006]> ### try to force lock tuner. tunerId=0, status=Locking(2)
12-31 16:00:02.279 D/EventHub( 1259): No input device configuration file found for device 'MCE IR Keyboard/Mouse (ir)'.
12-31 16:00:02.291 I/EventHub( 1259): New device: id=2, fd=31, path='/dev/input/event1', name='MCE IR Keyboard/Mouse (ir)', classes=0x6b, configuration='', keyLayout='/system/usr/keylayout/Generic.kl', keyCharacterMap='/system/usr/keychars/Generic.kcm', builtinKeyboard=false, usingSuspendBlockIoctl=false, usingClockIoctl=true
12-31 16:00:02.295 E/EventHub( 1259): could not get driver version for /dev/input/mouse0, Not a typewriter
12-31 16:00:02.299 D/DvbNative( 1259): [1581]<[ADV_CORE, adv_init(), 2122]> ### adv@enter!
12-31 16:00:02.299 D/DD      ( 1259): [DD_OS_ThreadCreate]name = AdvCoreTask,nPriority = 100,nStackSize = 0x10000
12-31 16:00:02.299 V/DvbNative( 1259): [1581]<[ADV_CORE, adv_lock_fre(), 1851]> ### ========= trace =========
12-31 16:00:02.299 D/DD      ( 1259): <1581>[dd_tuner][FUNC:DD_Tuner_AddCallback LINE:721]Enter
12-31 16:00:02.299 D/DD      ( 1259): <1581>[dd_tuner][FUNC:DD_Tuner_AddCallback LINE:758]register the callback success ,0XB25109FC!
12-31 16:00:02.299 D/DD      ( 1259): <1581>[dd_tuner][FUNC:DD_Tuner_AddCallback LINE:759]Exit Success
12-31 16:00:02.299 D/DD      ( 1259): <1581>[dd_tuner][FUNC:DD_Tuner_Connect LINE:581]Enter
12-31 16:00:02.299 D/DD      ( 1259): <1581>[dd_tuner][FUNC:DD_Tuner_Connect LINE:605]frq 227000, QAM 3, SymbolRate 6875000, dwTunerId 0
12-31 16:00:02.303 D/DD      ( 1259): <1570>[dd_tuner][FUNC:dd_tuner_task LINE:368]Not Start!
12-31 16:00:02.307 I/MiSysSrv( 1116): MxLWare608_API_ReqTunerLockStatus RfSynthStatus = 1, RefSynthStatus = 1[MDrv_Tuner_SetTuner][511][MXL608]hy_tuner 
12-31 16:00:02.307 I/MiSysSrv( 1116): Tuner locked
12-31 16:00:02.311 I/MiSysSrv( 1116): [MDrv_Tuner_SetTuner][513][MXL608]hy_tuner MxL608_0x5B : 10
12-31 16:00:02.311 I/MiSysSrv( 1116): [MDrv_Tuner_SetTuner][515][MXL608]hy_tuner MxL608_0x5C : b1
12-31 16:00:02.311 I/MiSysSrv( 1116): [DTV_DVB_C_SetFrequency][846][DC2800]hy_tuner  device_demodulator_extend2
12-31 16:00:02.311 I/MiSysSrv( 1116): [DTV_DVB_C_SetFrequency][848][DC2800]hy_tuner u32Frequency:227000, [3, 6875, 2]
12-31 16:00:02.315 I/MiSysSrv( 1116): [DTV_DVB_C_SetFrequency][909][DC2800]hy_tuner device_demodulator_extend2 exit
12-31 16:00:02.315 D/DD      ( 1259): <1356>[dd_tuner][FUNC:DD_Tuner_Connect LINE:704]Exit Success
12-31 16:00:02.327 I/MiSysSrv( 1116): device_audio_amp_MSH9010:: Mute set unMute !
12-31 16:00:02.327 I/MiSysSrv( 1116): none MI_DBG_LVL_L in PROC_CMD_LINE!
12-31 16:00:02.327 I/MiSysSrv( 1116): none MI_DBG_LVL_H in PROC_CMD_LINE!
12-31 16:00:02.335 D/DD      ( 1259): <1581>[dd_tuner][FUNC:DD_Tuner_Connect LINE:635]the same frq 227000, QAM 3 ,tuner unlocked!!
12-31 16:00:02.335 I/MiSysSrv( 1116): [DTV_SetTune][665][MXL608]hy_tuner [tune]Freq:227.000000,eBandWidth:3,eMode:2
12-31 16:00:02.335 I/MiSysSrv( 1116): [DTV_SetTune][681][MXL608]hy_tuner ============================>DTV_SetTune 8M
12-31 16:00:02.339 I/MiSysSrv( 1116): MxLWare608_API_CfgTunerChanTune, signal type = 0, Freq = 227000000, BW = 2, Xtal = 0 
12-31 16:00:02.339 E/KeyLayoutMap( 1259): /system/usr/keylayout/Vendor_0001_Product_0001_Version_0100.kl:223: Expected key code label, got 'YUNOS_TV_MOUSE'.
12-31 16:00:02.347 W/EventHub( 1259): Unable to disable kernel key repeat for /dev/input/event0: Function not implemented
12-31 16:00:02.347 I/EventHub( 1259): New device: id=3, fd=33, path='/dev/input/event0', name='MStar Smart TV IR Receiver', classes=0x61, configuration='/system/usr/idc/Vendor_3697_Product_0001.idc', keyLayout='/system/usr/keylayout/Vendor_3697_Product_0001.kl', keyCharacterMap='/system/usr/keychars/Generic.kcm', builtinKeyboard=false, usingSuspendBlockIoctl=false, usingClockIoctl=true
12-31 16:00:02.347 E/EventHub( 1259): could not get driver version for /dev/input/mice, Not a typewriter
12-31 16:00:02.395 I/MiSysSrv( 1116): MxLWare608_API_ReqTunerLockStatus RfSynthStatus = 1, RefSynthStatus = 1[MDrv_Tuner_SetTuner][511][MXL608]hy_tuner 
12-31 16:00:02.395 I/MiSysSrv( 1116): Tuner locked
12-31 16:00:02.395 I/MiSysSrv( 1116): [MDrv_Tuner_SetTuner][513][MXL608]hy_tuner MxL608_0x5B : 10
12-31 16:00:02.395 I/MiSysSrv( 1116): [MDrv_Tuner_SetTuner][515][MXL608]hy_tuner MxL608_0x5C : b1
12-31 16:00:02.399 I/MiSysSrv( 1116): [DTV_DVB_C_SetFrequency][846][DC2800]hy_tuner  device_demodulator_extend2
12-31 16:00:02.399 I/MiSysSrv( 1116): [DTV_DVB_C_SetFrequency][848][DC2800]hy_tuner u32Frequency:227000, [3, 6875, 2]
12-31 16:00:02.399 I/MiSysSrv( 1116): [DTV_DVB_C_SetFrequency][884][DC2800]hy_tuner  you lock same  [227000 6875 64 3]  !!
12-31 16:00:02.399 I/MiSysSrv( 1116): [DTV_DVB_C_SetFrequency][909][DC2800]hy_tuner device_demodulator_extend2 exit
12-31 16:00:02.399 D/DD      ( 1259): <1581>[dd_tuner][FUNC:DD_Tuner_Connect LINE:704]Exit Success
12-31 16:00:02.399 D/DD      ( 1259): <1581>[dd_demux][FUNC:DD_Demux_ConnectTuner LINE:102]Enter
12-31 16:00:02.399 E/DD      ( 1259): tuner&demux already connected
12-31 16:00:02.399 D/DD      ( 1259): <1581>[dd_demux][FUNC:DD_Demux_ConnectTuner LINE:113]Exit Success
12-31 16:00:02.411 I/LibraryLoader( 1104): Time to load native libraries: 189 ms (timestamps 2226-2415)
12-31 16:00:02.411 I/LibraryLoader( 1104): Expected native library version number "",actual native library version number ""
12-31 16:00:02.711 D/dalvikvm( 1104): GC_FOR_ALLOC freed 180K, 11% free 1614K/1804K, paused 14ms, total 14ms
12-31 16:00:02.715 I/MiSysSrv( 1116): [37m[INFO] Change to Voltage: 115 mv (0x2A)[m
12-31 16:00:02.883 D/dalvikvm( 1104): GC_FOR_ALLOC freed 269K, 13% free 1858K/2128K, paused 18ms, total 18ms
12-31 16:00:02.971 D/dalvikvm( 1104): GC_FOR_ALLOC freed 267K, 12% free 2101K/2372K, paused 21ms, total 22ms
12-31 16:00:02.995 D/DvbNative( 1259): [1354]<[Initializer, _CmnWatchDog_Callback(), 144]> ### attach watchdog client. client=Tuner, curTimeMs=6098
12-31 16:00:02.995 D/DvbNative( 1259): [1354]<[Initializer, _CmnWatchDog_Callback(), 144]> ### attach watchdog client. client=IEpg, curTimeMs=6098
12-31 16:00:02.995 D/DvbNative( 1259): [1354]<[Initializer, _CmnWatchDog_Callback(), 144]> ### attach watchdog client. client=ChannelUpdating, curTimeMs=6098
12-31 16:00:03.031 W/Zygote  ( 1104): Class not found for preloading: java.lang.UnsafeByteSequence
12-31 16:00:03.103 D/dalvikvm( 1104): GC_FOR_ALLOC freed 303K, 12% free 2315K/2624K, paused 25ms, total 25ms
12-31 16:00:03.223 I/System  ( 1104): Loaded time zone names for "zh_CN" in 115ms (107ms in ICU)
12-31 16:00:03.227 I/MiSysSrv( 1116): HAL_SC_SetClk,221
12-31 16:00:03.227 D/DD      ( 1259): <1574>[dd_smartcard][FUNC:DD_SMC_Reset LINE:534]retrytime: 0
12-31 16:00:03.227 I/MiSysSrv( 1116): 8
12-31 16:00:03.227 D/DD      ( 1259): <1574>[dd_smartcard][FUNC:DD_SMC_Reset LINE:566]pucAtr[0] = 0x3b
12-31 16:00:03.227 D/DD      ( 1259): <1574>[dd_smartcard][FUNC:DD_SMC_Reset LINE:566]pucAtr[1] = 0x34
12-31 16:00:03.227 D/DD      ( 1259): <1574>[dd_smartcard][FUNC:DD_SMC_Reset LINE:566]pucAtr[2] = 0x94
12-31 16:00:03.227 D/DD      ( 1259): <1574>[dd_smartcard][FUNC:DD_SMC_Reset LINE:566]pucAtr[3] = 0x0
12-31 16:00:03.227 D/DD      ( 1259): <1574>[dd_smartcard][FUNC:DD_SMC_Reset LINE:566]pucAtr[4] = 0x30
12-31 16:00:03.227 D/DD      ( 1259): <1574>[dd_smartcard][FUNC:DD_SMC_Reset LINE:566]pucAtr[5] = 0x42
12-31 16:00:03.227 D/DD      ( 1259): <1574>[dd_smartcard][FUNC:DD_SMC_Reset LINE:566]pucAtr[6] = 0x30
12-31 16:00:03.227 D/DD      ( 1259): <1574>[dd_smartcard][FUNC:DD_SMC_Reset LINE:566]pucAtr[7] = 0x30
12-31 16:00:03.227 D/DD      ( 1259): <1574>[dd_smartcard][FUNC:DD_SMC_Reset LINE:569]Exit Success
12-31 16:00:03.227 D/DvbNative( 1259): [1574]<[CasApi, callbackProxy(), 1528]> ### callbackProxy(), type=4096, param=0x0
12-31 16:00:03.227 E/DvbNative( 1259): [1574][01;31m<[CasApi, CasDataToParcel(), 188]> [error] ### invalid param! token=-1, pInParam=0x0, pOutParcel=0xb2630898 [0m
12-31 16:00:03.227 E/DvbNative( 1259): [1574][01;31m<[MGExt_CAS, _CallBackProxy(), 132]> [error] ### no client exist![0m
12-31 16:00:03.227 D/CAS     ( 1259): [1574][CAS] Send UI Callback 0x1000!!!
12-31 16:00:03.227 D/DvbNative( 1259): [1574]<[CasApi, callbackProxy(), 1528]> ### callbackProxy(), type=1, param=0x0
12-31 16:00:03.227 D/CAS     ( 1259): [1574][CAS] [0] CAS_GetErrorStatus, 0.
12-31 16:00:03.227 E/DvbNative( 1259): [1574][01;31m<[CasApi, CasDataToParcel(), 188]> [error] ### invalid param! token=-1, pInParam=0x0, pOutParcel=0xb2630898 [0m
12-31 16:00:03.227 E/DvbNative( 1259): [1574][01;31m<[MGExt_CAS, _CallBackProxy(), 132]> [error] ### no client exist![0m
12-31 16:00:03.227 D/CAS     ( 1259): [1574][CAS] Send UI Callback 0x0001!!!
12-31 16:00:03.227 D/CAS     ( 1259): [1574]pbyATR[0] = 3b 
12-31 16:00:03.227 D/CAS     ( 1259): [1574]pbyATR[1] = 34 
12-31 16:00:03.227 D/CAS     ( 1259): [1574]pbyATR[2] = 94 
12-31 16:00:03.227 D/CAS     ( 1259): [1574]pbyATR[3] = 0 
12-31 16:00:03.227 D/CAS     ( 1259): [1574]pbyATR[4] = 30 
12-31 16:00:03.227 D/CAS     ( 1259): [1574]pbyATR[5] = 42 
12-31 16:00:03.227 D/CAS     ( 1259): [1574]pbyATR[6] = 30 
12-31 16:00:03.227 D/CAS     ( 1259): [1574]pbyATR[7] = 30 
12-31 16:00:03.227 D/CAS     ( 1259): [1574]pbyATR[8] = 0 
12-31 16:00:03.227 D/CAS     ( 1259): [1574][CAS SWITCH] Unkown ATR!!!
12-31 16:00:03.231 D/CAS     ( 1259): [1577][CAS SC0] SCARD Get Reset Sema!
12-31 16:00:03.259 D/CAS     ( 1259): [1574][CAS] CDSTBCA_ActionRequestExt, TVS 0, Type 255, byLen 0.
12-31 16:00:03.283 I/Zygote  ( 1104): ...preloaded 2777 classes in 2612ms.
12-31 16:00:03.599 I/MiSysSrv( 1116): _MI_AOUT_MUTE_AmpAndAV Set mute/unmute of Hdmi Audio
12-31 16:00:03.599 I/MiSysSrv( 1116): [1;36m>>>MI_IMPL_DISPLAY_GetDisplayHandle[602] 
12-31 16:00:03.603 I/MiSysSrv( 1116): [0m[1;32m[MI INFO]: ~~~~> MI_IMPL_DISPLAY_GetDisplayHandle(): [IN]u8DevIndex=0, [OUT]phDispHandle=0x99ff8864
12-31 16:00:03.603 I/MiSysSrv( 1116): [0m[1;36m>>>MI_ATOM_DISPLAY_GetDisplayHandle[1885] 
12-31 16:00:03.603 I/MiSysSrv( 1116): [0m[1;36m<<<MI_ATOM_DISPLAY_GetDisplayHandle[1902] 
12-31 16:00:03.603 I/MiSysSrv( 1116): [0mMPOOL size : 0x200000
12-31 16:00:03.607 I/MiSysSrv( 1116): [1;36m<<<MI_IMPL_DISPLAY_GetDisplayHandle[614] 
12-31 16:00:03.607 I/MiSysSrv( 1116): [0m[1;32m[MI INFO]: <~~~~ MI_IMPL_DISPLAY_GetDisplayHandle(): [OUT]*phDispHandle(0x99ff8864)=0xffff0600
12-31 16:00:03.607 I/MiSysSrv( 1116): [0m[1;36m>>>MI_IMPL_DISPLAY_GetWindowHandle[625] 
12-31 16:00:03.607 I/MiSysSrv( 1116): [0m[1;32m[MI INFO]: ~~~~> MI_IMPL_DISPLAY_GetWindowHandle(): [IN]u8WindowIndex=0, [IN]hDispHandle=0xffff0600, [OUT]phWinHandle=0x99ff8868
12-31 16:00:03.607 I/MiSysSrv( 1116): [0m[1;36m>>>MI_ATOM_DISPLAY_GetWindowHandle[1908] 
12-31 16:00:03.607 I/MiSysSrv( 1116): [0m[1;36m<<<MI_ATOM_DISPLAY_GetWindowHandle[1935] 
12-31 16:00:03.607 I/MiSysSrv( 1116): [0m[1;36m<<<MI_IMPL_DISPLAY_GetWindowHandle[638] 
12-31 16:00:03.607 I/MiSysSrv( 1116): [0m[1;32m[MI INFO]: <~~~~ MI_IMPL_DISPLAY_GetWindowHandle(): [OUT]*phWinHandle(0x99ff8868)=0xffff0700
12-31 16:00:03.607 I/MiSysSrv( 1116): [0m[1;32m[MI INFO]: MI_IMPL_DISPLAY_GetWindowHandle :Get Winodow Hanle Time = 1ms
12-31 16:00:03.607 I/MiSysSrv( 1116): [0mnone MI_DBG_LVL_L in PROC_CMD_LINE!
12-31 16:00:03.607 I/tvos    ( 1118): [0m[1;32m
12-31 16:00:03.607 I/tvos    ( 1118):  Plugged in 
12-31 16:00:03.607 I/tvos    ( 1118): [0m[1;31m
12-31 16:00:03.607 I/tvos    ( 1118):  TV Don't support 4K2K 
12-31 16:00:03.611 I/tvos    ( 1118): [0mMW_Control::CommonEventMonitor get event,stComEvt.enCmd=30,recevid time=6712
12-31 16:00:03.611 I/MiSysSrv( 1116): none MI_DBG_LVL_H in PROC_CMD_LINE!
12-31 16:00:03.611 I/MiSysSrv( 1116): [1;36m>>>MI_IMPL_DISPLAY_Init[462] 
12-31 16:00:03.611 I/MiSysSrv( 1116): [0m[1;32m[MI INFO]: ~~~~> MI_IMPL_DISPLAY_Init(): [IN]pstDispCap(0xbe9c291c)={2}
12-31 16:00:03.611 I/MiSysSrv( 1116): [0m[1;32m[MI INFO]: MI_DISPLAY already Inited, return ok !
12-31 16:00:03.611 I/MiSysSrv( 1116): [0m[1;36m<<<MI_IMPL_DISPLAY_Init[469] 
12-31 16:00:03.615 I/MiSysSrv( 1116): [0m[1;36m>>>MI_IMPL_DISPLAY_GetDisplayHandle[602] 
12-31 16:00:03.615 I/MiSysSrv( 1116): [0m[1;32m[MI INFO]: ~~~~> MI_IMPL_DISPLAY_GetDisplayHandle(): [IN]u8DevIndex=0, [OUT]phDispHandle=0x9b1a6b74
12-31 16:00:03.615 I/MiSysSrv( 1116): [0m[1;36m>>>MI_ATOM_DISPLAY_GetDisplayHandle[1885] 
12-31 16:00:03.615 I/MiSysSrv( 1116): [0m[1;36m<<<MI_ATOM_DISPLAY_GetDisplayHandle[1902] 
12-31 16:00:03.615 I/MiSysSrv( 1116): [0m[1;36m<<<MI_IMPL_DISPLAY_GetDisplayHandle[614] 
12-31 16:00:03.615 I/MiSysSrv( 1116): [0m[1;32m[MI INFO]: <~~~~ MI_IMPL_DISPLAY_GetDisplayHandle(): [OUT]*phDispHandle(0x9b1a6b74)=0xffff0600
12-31 16:00:03.615 I/MiSysSrv( 1116): [0m[1;36m>>>MI_IMPL_DISPLAY_GetWindowHandle[625] 
12-31 16:00:03.615 I/MiSysSrv( 1116): [0m[1;32m[MI INFO]: ~~~~> MI_IMPL_DISPLAY_GetWindowHandle(): [IN]u8WindowIndex=0, [IN]hDispHandle=0xffff0600, [OUT]phWinHandle=0xbe9c2894
12-31 16:00:03.615 I/MiSysSrv( 1116): [0m[1;36m>>>MI_ATOM_DISPLAY_GetWindowHandle[1908] 
12-31 16:00:03.615 I/MiSysSrv( 1116): [0m[1;36m<<<MI_ATOM_DISPLAY_GetWindowHandle[1935] 
12-31 16:00:03.619 I/MiSysSrv( 1116): [0m[1;36m<<<MI_IMPL_DISPLAY_GetWindowHandle[638] 
12-31 16:00:03.619 I/MiSysSrv( 1116): [0m[1;32m[MI INFO]: <~~~~ MI_IMPL_DISPLAY_GetWindowHandle(): [OUT]*phWinHandle(0xbe9c2894)=0xffff0700
12-31 16:00:03.619 I/MiSysSrv( 1116): [0m[1;32m[MI INFO]: MI_IMPL_DISPLAY_GetWindowHandle :Get Winodow Hanle Time = 1ms
12-31 16:00:03.619 I/tvos    ( 1118): MW_Control::Build sucess!!
12-31 16:00:03.619 I/tvos    ( 1118): main init #2
12-31 16:00:03.627 I/MiSysSrv( 1116): [0mMPOOL size : 0x200000
12-31 16:00:03.627 I/tvos    ( 1118): main init #done
12-31 16:00:03.627 I/tvos    ( 1118): start mdebug:false
12-31 16:00:03.719 I/MiSysSrv( 1116): [37m[INFO] Change to Voltage: 115 mv (0x2A)[m
12-31 16:00:03.739 D/dalvikvm( 1104): GC_EXPLICIT freed 298K, 12% free 2557K/2876K, paused 3ms+3ms, total 32ms
12-31 16:00:03.739 I/Zygote  ( 1104): Preloading resources...
12-31 16:00:03.747 W/Resources( 1104): Preloaded drawable resource #0x1080096 (android:drawable/toast_frame) that varies with configuration!!
12-31 16:00:03.755 W/Resources( 1104): Preloaded drawable resource #0x1080105 (android:drawable/btn_check_on_pressed_holo_light) that varies with configuration!!
12-31 16:00:03.755 W/Resources( 1104): Preloaded drawable resource #0x1080104 (android:drawable/btn_check_on_pressed_holo_dark) that varies with configuration!!
12-31 16:00:03.763 W/Resources( 1104): Preloaded drawable resource #0x1080102 (android:drawable/btn_check_on_holo_light) that varies with configuration!!
12-31 16:00:03.763 W/Resources( 1104): Preloaded drawable resource #0x1080101 (android:drawable/btn_check_on_holo_dark) that varies with configuration!!
12-31 16:00:03.771 W/Resources( 1104): Preloaded drawable resource #0x10800ff (android:drawable/btn_check_on_focused_holo_light) that varies with configuration!!
12-31 16:00:03.775 W/Resources( 1104): Preloaded drawable resource #0x10800fe (android:drawable/btn_check_on_focused_holo_dark) that varies with configuration!!
12-31 16:00:03.775 W/Resources( 1104): Preloaded drawable resource #0x10800fd (android:drawable/btn_check_on_disabled_holo_light) that varies with configuration!!
12-31 16:00:03.783 W/Resources( 1104): Preloaded drawable resource #0x10800fc (android:drawable/btn_check_on_disabled_holo_dark) that varies with configuration!!
12-31 16:00:03.783 W/Resources( 1104): Preloaded drawable resource #0x10800fb (android:drawable/btn_check_on_disabled_focused_holo_light) that varies with configuration!!
12-31 16:00:03.783 W/Resources( 1104): Preloaded drawable resource #0x10800fa (android:drawable/btn_check_on_disabled_focused_holo_dark) that varies with configuration!!
12-31 16:00:03.783 W/Resources( 1104): Preloaded drawable resource #0x10800f2 (android:drawable/btn_check_off_pressed_holo_light) that varies with configuration!!
12-31 16:00:03.791 W/Resources( 1104): Preloaded drawable resource #0x10800f1 (android:drawable/btn_check_off_pressed_holo_dark) that varies with configuration!!
12-31 16:00:03.791 W/Resources( 1104): Preloaded drawable resource #0x10800ed (android:drawable/btn_check_off_holo_light) that varies with configuration!!
12-31 16:00:03.791 W/Resources( 1104): Preloaded drawable resource #0x10800ec (android:drawable/btn_check_off_holo_dark) that varies with configuration!!
12-31 16:00:03.791 W/Resources( 1104): Preloaded drawable resource #0x10800ea (android:drawable/btn_check_off_focused_holo_light) that varies with configuration!!
12-31 16:00:03.791 W/Resources( 1104): Preloaded drawable resource #0x10800e9 (android:drawable/btn_check_off_focused_holo_dark) that varies with configuration!!
12-31 16:00:03.799 W/Resources( 1104): Preloaded drawable resource #0x10800e8 (android:drawable/btn_check_off_disabled_holo_light) that varies with configuration!!
12-31 16:00:03.799 W/Resources( 1104): Preloaded drawable resource #0x10800e7 (android:drawable/btn_check_off_disabled_holo_dark) that varies with configuration!!
12-31 16:00:03.799 W/Resources( 1104): Preloaded drawable resource #0x10800e6 (android:drawable/btn_check_off_disabled_focused_holo_light) that varies with configuration!!
12-31 16:00:03.807 W/Resources( 1104): Preloaded drawable resource #0x10800e5 (android:drawable/btn_check_off_disabled_focused_holo_dark) that varies with configuration!!
12-31 16:00:03.807 I/tvos    ( 1118): MW_Control::CommonEventMonitor get event,stComEvt.enCmd=20,recevid time=6908
12-31 16:00:03.807 I/tvos    ( 1118): MW_Control::CommonEventMonitor get event,stComEvt.enCmd=20,recevid time=6909
12-31 16:00:03.815 W/Resources( 1104): Preloaded drawable resource #0x1080102 (android:drawable/btn_check_on_holo_light) that varies with configuration!!
12-31 16:00:03.815 W/Resources( 1104): Preloaded drawable resource #0x10800ed (android:drawable/btn_check_off_holo_light) that varies with configuration!!
12-31 16:00:03.815 W/Resources( 1104): Preloaded drawable resource #0x1080105 (android:drawable/btn_check_on_pressed_holo_light) that varies with configuration!!
12-31 16:00:03.815 W/Resources( 1104): Preloaded drawable resource #0x10800f2 (android:drawable/btn_check_off_pressed_holo_light) that varies with configuration!!
12-31 16:00:03.823 W/Resources( 1104): Preloaded drawable resource #0x10800ff (android:drawable/btn_check_on_focused_holo_light) that varies with configuration!!
12-31 16:00:03.823 W/Resources( 1104): Preloaded drawable resource #0x10800ea (android:drawable/btn_check_off_focused_holo_light) that varies with configuration!!
12-31 16:00:03.827 W/Resources( 1104): Preloaded drawable resource #0x10800ed (android:drawable/btn_check_off_holo_light) that varies with configuration!!
12-31 16:00:03.827 W/Resources( 1104): Preloaded drawable resource #0x1080102 (android:drawable/btn_check_on_holo_light) that varies with configuration!!
12-31 16:00:03.835 W/Resources( 1104): Preloaded drawable resource #0x10800fd (android:drawable/btn_check_on_disabled_holo_light) that varies with configuration!!
12-31 16:00:03.835 W/Resources( 1104): Preloaded drawable resource #0x10800e8 (android:drawable/btn_check_off_disabled_holo_light) that varies with configuration!!
12-31 16:00:03.835 W/Resources( 1104): Preloaded drawable resource #0x10800fb (android:drawable/btn_check_on_disabled_focused_holo_light) that varies with configuration!!
12-31 16:00:03.835 W/Resources( 1104): Preloaded drawable resource #0x10800e6 (android:drawable/btn_check_off_disabled_focused_holo_light) that varies with configuration!!
12-31 16:00:03.843 W/Resources( 1104): Preloaded drawable resource #0x10800e8 (android:drawable/btn_check_off_disabled_holo_light) that varies with configuration!!
12-31 16:00:03.843 W/Resources( 1104): Preloaded drawable resource #0x10800fd (android:drawable/btn_check_on_disabled_holo_light) that varies with configuration!!
12-31 16:00:03.843 W/Resources( 1104): Preloaded drawable resource #0x10800dc (android:drawable/btn_check_holo_light) that varies with configuration!!
12-31 16:00:03.851 W/Resources( 1104): Preloaded drawable resource #0x1080101 (android:drawable/btn_check_on_holo_dark) that varies with configuration!!
12-31 16:00:03.851 W/Resources( 1104): Preloaded drawable resource #0x10800ec (android:drawable/btn_check_off_holo_dark) that varies with configuration!!
12-31 16:00:03.851 W/Resources( 1104): Preloaded drawable resource #0x1080104 (android:drawable/btn_check_on_pressed_holo_dark) that varies with configuration!!
12-31 16:00:03.851 W/Resources( 1104): Preloaded drawable resource #0x10800f1 (android:drawable/btn_check_off_pressed_holo_dark) that varies with configuration!!
12-31 16:00:03.859 W/Resources( 1104): Preloaded drawable resource #0x10800fe (android:drawable/btn_check_on_focused_holo_dark) that varies with configuration!!
12-31 16:00:03.859 W/Resources( 1104): Preloaded drawable resource #0x10800e9 (android:drawable/btn_check_off_focused_holo_dark) that varies with configuration!!
12-31 16:00:03.859 W/Resources( 1104): Preloaded drawable resource #0x10800ec (android:drawable/btn_check_off_holo_dark) that varies with configuration!!
12-31 16:00:03.863 W/Resources( 1104): Preloaded drawable resource #0x1080101 (android:drawable/btn_check_on_holo_dark) that varies with configuration!!
12-31 16:00:03.863 W/Resources( 1104): Preloaded drawable resource #0x10800fc (android:drawable/btn_check_on_disabled_holo_dark) that varies with configuration!!
12-31 16:00:03.871 W/Resources( 1104): Preloaded drawable resource #0x10800e7 (android:drawable/btn_check_off_disabled_holo_dark) that varies with configuration!!
12-31 16:00:03.871 W/Resources( 1104): Preloaded drawable resource #0x10800fa (android:drawable/btn_check_on_disabled_focused_holo_dark) that varies with configuration!!
12-31 16:00:03.871 W/Resources( 1104): Preloaded drawable resource #0x10800e5 (android:drawable/btn_check_off_disabled_focused_holo_dark) that varies with configuration!!
12-31 16:00:03.871 W/Resources( 1104): Preloaded drawable resource #0x10800e7 (android:drawable/btn_check_off_disabled_holo_dark) that varies with configuration!!
12-31 16:00:03.879 W/Resources( 1104): Preloaded drawable resource #0x10800fc (android:drawable/btn_check_on_disabled_holo_dark) that varies with configuration!!
12-31 16:00:03.879 W/Resources( 1104): Preloaded drawable resource #0x10800db (android:drawable/btn_check_holo_dark) that varies with configuration!!
12-31 16:00:03.879 W/Resources( 1104): Preloaded drawable resource #0x1080195 (android:drawable/btn_radio_on_pressed_holo_light) that varies with configuration!!
12-31 16:00:03.887 W/Resources( 1104): Preloaded drawable resource #0x1080194 (android:drawable/btn_radio_on_pressed_holo_dark) that varies with configuration!!
12-31 16:00:03.887 W/Resources( 1104): Preloaded drawable resource #0x1080192 (android:drawable/btn_radio_on_holo_light) that varies with configuration!!
12-31 16:00:03.891 W/Resources( 1104): Preloaded drawable resource #0x1080191 (android:drawable/btn_radio_on_holo_dark) that varies with configuration!!
12-31 16:00:03.891 W/Resources( 1104): Preloaded drawable resource #0x108018f (android:drawable/btn_radio_on_focused_holo_light) that varies with configuration!!
12-31 16:00:03.899 W/Resources( 1104): Preloaded drawable resource #0x108018e (android:drawable/btn_radio_on_focused_holo_dark) that varies with configuration!!
12-31 16:00:03.899 W/Resources( 1104): Preloaded drawable resource #0x108018d (android:drawable/btn_radio_on_disabled_holo_light) that varies with configuration!!
12-31 16:00:03.899 W/Resources( 1104): Preloaded drawable resource #0x108018c (android:drawable/btn_radio_on_disabled_holo_dark) that varies with configuration!!
12-31 16:00:03.907 W/Resources( 1104): Preloaded drawable resource #0x108018b (android:drawable/btn_radio_on_disabled_focused_holo_light) that varies with configuration!!
12-31 16:00:03.907 D/DD      ( 1259): <1570>[dd_tuner][FUNC:dd_tuner_task LINE:413]m_eTunerEvent:1,need tell dvb
12-31 16:00:03.907 D/DvbNative( 1259): [1570]<[Tuner, _tunerCallback(), 429]> ### DD tells unlock! tunerId=0, freqKHz=227000, nestUseCnt=0, status=Locking(2)
12-31 16:00:03.907 D/DvbNative( 1259): [1570]<[Tuner, _setTunerLEDState(), 343]> ### set tuner led state! bLocked=0
12-31 16:00:03.907 D/DD      ( 1259): [DDErrorCode DD_FP_Clear(int, DDFPLightName_E)][1314]Enter
12-31 16:00:03.907 W/Resources( 1104): Preloaded drawable resource #0x108018a (android:drawable/btn_radio_on_disabled_focused_holo_dark) that varies with configuration!!
12-31 16:00:03.907 W/Resources( 1104): Preloaded drawable resource #0x1080187 (android:drawable/btn_radio_off_pressed_holo_light) that varies with configuration!!
12-31 16:00:03.915 W/Resources( 1104): Preloaded drawable resource #0x1080186 (android:drawable/btn_radio_off_pressed_holo_dark) that varies with configuration!!
12-31 16:00:03.915 D/DD      ( 1259): [DDErrorCode DD_FP_Clear(int, DDFPLightName_E)][1352]Exit Success.
12-31 16:00:03.915 D/DD      ( 1259): <1570>[dd_tuner][FUNC:dd_tuner_task LINE:413]m_eTunerEvent:1,need tell dvb
12-31 16:00:03.915 D/DvbNative( 1259): [1570]<[ADV_CORE, TunerCallback(), 1842]> ### eType:1. status=1,fre:227000
12-31 16:00:03.915 D/DvbNative( 1259): 
12-31 16:00:03.915 W/Resources( 1104): Preloaded drawable resource #0x1080184 (android:drawable/btn_radio_off_holo_light) that varies with configuration!!
12-31 16:00:03.915 W/Resources( 1104): Preloaded drawable resource #0x1080183 (android:drawable/btn_radio_off_holo_dark) that varies with configuration!!
12-31 16:00:03.915 W/Resources( 1104): Preloaded drawable resource #0x1080181 (android:drawable/btn_radio_off_focused_holo_light) that varies with configuration!!
12-31 16:00:03.923 E/DvbNative( 1259): [1356][01;31m<[Tuner, _tunerTuneInner(), 962]> [error] ### tuner tune failed! tunerId=0, tuneTimeMs=1674, curTimeMs=7027, status=Unlock(3), tpParam=<227000,6875,3,4294967295>, useLnb=0, lnbParam=<18,0,4294967295,4294967295,0,0,0,0,0,255,0>[0m
12-31 16:00:03.923 D/DvbNative( 1259): [1356]<[Tuner, _printTunerInfo(), 267]> ### =========>>>>>>===== force lock tuner failed =====<<<<<<========= count=1
12-31 16:00:03.923 D/DvbNative( 1259): [1356]<[Tuner, _printTunerInfo(), 290]> ### Tuner[0]: type=101, disabled=0, priority=100, tunerId=0, NestUseCount=1, tpParam=<227000,6875,3,4294967295>, useLnb=0, lnbParam=<18,0,4294967295,4294967295,0,0,0,0,0,255,0>
12-31 16:00:03.923 D/DvbNative( 1259): [1356]<[Tuner, _setTunerLEDState(), 343]> ### set tuner led state! bLocked=0
12-31 16:00:03.923 D/DD      ( 1259): [DDErrorCode DD_FP_Clear(int, DDFPLightName_E)][1314]Enter
12-31 16:00:03.927 D/DD      ( 1259): [DDErrorCode DD_FP_Clear(int, DDFPLightName_E)][1352]Exit Success.
