12-31 16:00:04.999 W/Resources( 1104): Preloaded drawable resource #0x108035c (android:drawable/ic_menu_paste_holo_dark) that varies with configuration!!
12-31 16:00:05.003 W/Resources( 1104): Preloaded drawable resource #0x108035d (android:drawable/ic_menu_paste_holo_light) that varies with configuration!!
12-31 16:00:05.003 W/Resources( 1104): Preloaded drawable resource #0x1080363 (android:drawable/ic_menu_selectall_holo_light) that varies with configuration!!
12-31 16:00:05.011 W/Resources( 1104): Preloaded drawable resource #0x1080362 (android:drawable/ic_menu_selectall_holo_dark) that varies with configuration!!
12-31 16:00:05.027 W/Resources( 1104): Preloaded drawable resource #0x1080221 (android:drawable/dialog_bottom_holo_dark) that varies with configuration!!
12-31 16:00:05.035 W/Resources( 1104): Preloaded drawable resource #0x1080222 (android:drawable/dialog_bottom_holo_light) that varies with configuration!!
12-31 16:00:05.043 W/Resources( 1104): Preloaded drawable resource #0x1080226 (android:drawable/dialog_full_holo_dark) that varies with configuration!!
12-31 16:00:05.051 W/Resources( 1104): Preloaded drawable resource #0x1080227 (android:drawable/dialog_full_holo_light) that varies with configuration!!
12-31 16:00:05.055 W/Resources( 1104): Preloaded drawable resource #0x108022f (android:drawable/dialog_middle_holo_dark) that varies with configuration!!
12-31 16:00:05.055 W/Resources( 1104): Preloaded drawable resource #0x1080230 (android:drawable/dialog_middle_holo_light) that varies with configuration!!
12-31 16:00:05.059 W/Resources( 1104): Preloaded drawable resource #0x1080231 (android:drawable/dialog_top_holo_dark) that varies with configuration!!
12-31 16:00:05.067 W/Resources( 1104): Preloaded drawable resource #0x1080232 (android:drawable/dialog_top_holo_light) that varies with configuration!!
12-31 16:00:05.067 W/Resources( 1104): Preloaded drawable resource #0x10802d4 (android:drawable/ic_dialog_alert_holo_dark) that varies with configuration!!
12-31 16:00:05.071 W/Resources( 1104): Preloaded drawable resource #0x10802d5 (android:drawable/ic_dialog_alert_holo_light) that varies with configuration!!
12-31 16:00:05.071 W/Resources( 1104): Preloaded drawable resource #0x10803f7 (android:drawable/list_divider_holo_dark) that varies with configuration!!
12-31 16:00:05.075 W/Resources( 1104): Preloaded drawable resource #0x10803f8 (android:drawable/list_divider_holo_light) that varies with configuration!!
12-31 16:00:05.075 W/Resources( 1104): Preloaded drawable resource #0x10803f8 (android:drawable/list_divider_holo_light) that varies with configuration!!
12-31 16:00:05.075 W/Resources( 1104): Preloaded drawable resource #0x10800bd (android:drawable/ab_transparent_dark_holo) that varies with configuration!!
12-31 16:00:05.079 W/Resources( 1104): Preloaded drawable resource #0x10800bb (android:drawable/ab_stacked_transparent_dark_holo) that varies with configuration!!
12-31 16:00:05.087 W/Resources( 1104): Preloaded drawable resource #0x10800a1 (android:drawable/ab_bottom_transparent_dark_holo) that varies with configuration!!
12-31 16:00:05.087 W/Resources( 1104): Preloaded drawable resource #0x10800b5 (android:drawable/ab_solid_dark_holo) that varies with configuration!!
12-31 16:00:05.087 W/Resources( 1104): Preloaded drawable resource #0x10800b8 (android:drawable/ab_stacked_solid_dark_holo) that varies with configuration!!
12-31 16:00:05.087 W/Resources( 1104): Preloaded drawable resource #0x108009e (android:drawable/ab_bottom_solid_dark_holo) that varies with configuration!!
12-31 16:00:05.095 W/Resources( 1104): Preloaded drawable resource #0x10800be (android:drawable/ab_transparent_light_holo) that varies with configuration!!
12-31 16:00:05.099 W/Resources( 1104): Preloaded drawable resource #0x10800bc (android:drawable/ab_stacked_transparent_light_holo) that varies with configuration!!
12-31 16:00:05.127 D/dalvikvm( 1104): GC_FOR_ALLOC freed 399K, 31% free 3108K/4492K, paused 31ms, total 31ms
12-31 16:00:05.127 W/Resources( 1104): Preloaded drawable resource #0x10800a2 (android:drawable/ab_bottom_transparent_light_holo) that varies with configuration!!
12-31 16:00:05.127 W/Resources( 1104): Preloaded drawable resource #0x10800b6 (android:drawable/ab_solid_light_holo) that varies with configuration!!
12-31 16:00:05.135 W/Resources( 1104): Preloaded drawable resource #0x10800ba (android:drawable/ab_stacked_solid_light_holo) that varies with configuration!!
12-31 16:00:05.135 W/Resources( 1104): Preloaded drawable resource #0x10800a0 (android:drawable/ab_bottom_solid_light_holo) that varies with configuration!!
12-31 16:00:05.135 W/Resources( 1104): Preloaded drawable resource #0x10800b7 (android:drawable/ab_solid_shadow_holo) that varies with configuration!!
12-31 16:00:05.135 W/Resources( 1104): Preloaded drawable resource #0x1080401 (android:drawable/list_pressed_holo_dark) that varies with configuration!!
12-31 16:00:05.143 W/Resources( 1104): Preloaded drawable resource #0x10803ff (android:drawable/list_longpressed_holo_dark) that varies with configuration!!
12-31 16:00:05.143 W/Resources( 1104): Preloaded drawable resource #0x108041d (android:drawable/list_selector_background_transition_holo_dark) that varies with configuration!!
12-31 16:00:05.143 W/Resources( 1104): Preloaded drawable resource #0x1080401 (android:drawable/list_pressed_holo_dark) that varies with configuration!!
12-31 16:00:05.143 W/Resources( 1104): Preloaded drawable resource #0x10803ff (android:drawable/list_longpressed_holo_dark) that varies with configuration!!
12-31 16:00:05.143 W/Resources( 1104): Preloaded drawable resource #0x108041d (android:drawable/list_selector_background_transition_holo_dark) that varies with configuration!!
12-31 16:00:05.143 W/Resources( 1104): Preloaded drawable resource #0x10803fa (android:drawable/list_focused_holo) that varies with configuration!!
12-31 16:00:05.143 W/Resources( 1104): Preloaded drawable resource #0x10803b6 (android:drawable/item_background_holo_dark) that varies with configuration!!
12-31 16:00:05.151 W/Resources( 1104): Preloaded drawable resource #0x1080402 (android:drawable/list_pressed_holo_light) that varies with configuration!!
12-31 16:00:05.151 W/Resources( 1104): Preloaded drawable resource #0x1080400 (android:drawable/list_longpressed_holo_light) that varies with configuration!!
12-31 16:00:05.151 W/Resources( 1104): Preloaded drawable resource #0x108041e (android:drawable/list_selector_background_transition_holo_light) that varies with configuration!!
12-31 16:00:05.151 W/Resources( 1104): Preloaded drawable resource #0x1080402 (android:drawable/list_pressed_holo_light) that varies with configuration!!
12-31 16:00:05.151 W/Resources( 1104): Preloaded drawable resource #0x1080400 (android:drawable/list_longpressed_holo_light) that varies with configuration!!
12-31 16:00:05.151 W/Resources( 1104): Preloaded drawable resource #0x108041e (android:drawable/list_selector_background_transition_holo_light) that varies with configuration!!
12-31 16:00:05.155 W/Resources( 1104): Preloaded drawable resource #0x10803fa (android:drawable/list_focused_holo) that varies with configuration!!
12-31 16:00:05.155 W/Resources( 1104): Preloaded drawable resource #0x10803b7 (android:drawable/item_background_holo_light) that varies with configuration!!
12-31 16:00:05.155 W/Resources( 1104): Preloaded drawable resource #0x108027c (android:drawable/fastscroll_thumb_pressed_holo) that varies with configuration!!
12-31 16:00:05.163 W/Resources( 1104): Preloaded drawable resource #0x108027a (android:drawable/fastscroll_thumb_default_holo) that varies with configuration!!
12-31 16:00:05.163 W/Resources( 1104): Preloaded drawable resource #0x108027b (android:drawable/fastscroll_thumb_holo) that varies with configuration!!
12-31 16:00:05.163 W/Resources( 1104): Preloaded drawable resource #0x108027c (android:drawable/fastscroll_thumb_pressed_holo) that varies with configuration!!
12-31 16:00:05.163 W/Resources( 1104): Preloaded drawable resource #0x108027a (android:drawable/fastscroll_thumb_default_holo) that varies with configuration!!
12-31 16:00:05.171 W/Resources( 1104): Preloaded drawable resource #0x1080281 (android:drawable/fastscroll_track_pressed_holo_dark) that varies with configuration!!
12-31 16:00:05.171 W/Resources( 1104): Preloaded drawable resource #0x108027d (android:drawable/fastscroll_track_default_holo_dark) that varies with configuration!!
12-31 16:00:05.171 W/Resources( 1104): Preloaded drawable resource #0x108027f (android:drawable/fastscroll_track_holo_dark) that varies with configuration!!
12-31 16:00:05.171 W/Resources( 1104): Preloaded drawable resource #0x1080281 (android:drawable/fastscroll_track_pressed_holo_dark) that varies with configuration!!
12-31 16:00:05.171 W/Resources( 1104): Preloaded drawable resource #0x108027d (android:drawable/fastscroll_track_default_holo_dark) that varies with configuration!!
12-31 16:00:05.179 W/Resources( 1104): Preloaded drawable resource #0x1080276 (android:drawable/fastscroll_label_left_holo_dark) that varies with configuration!!
12-31 16:00:05.187 W/Resources( 1104): Preloaded drawable resource #0x1080278 (android:drawable/fastscroll_label_right_holo_dark) that varies with configuration!!
12-31 16:00:05.187 W/Resources( 1104): Preloaded drawable resource #0x1080282 (android:drawable/fastscroll_track_pressed_holo_light) that varies with configuration!!
12-31 16:00:05.187 W/Resources( 1104): Preloaded drawable resource #0x108027e (android:drawable/fastscroll_track_default_holo_light) that varies with configuration!!
12-31 16:00:05.195 W/Resources( 1104): Preloaded drawable resource #0x1080280 (android:drawable/fastscroll_track_holo_light) that varies with configuration!!
12-31 16:00:05.195 W/Resources( 1104): Preloaded drawable resource #0x1080282 (android:drawable/fastscroll_track_pressed_holo_light) that varies with configuration!!
12-31 16:00:05.195 W/Resources( 1104): Preloaded drawable resource #0x108027e (android:drawable/fastscroll_track_default_holo_light) that varies with configuration!!
12-31 16:00:05.203 W/Resources( 1104): Preloaded drawable resource #0x1080277 (android:drawable/fastscroll_label_left_holo_light) that varies with configuration!!
12-31 16:00:05.207 W/Resources( 1104): Preloaded drawable resource #0x1080279 (android:drawable/fastscroll_label_right_holo_light) that varies with configuration!!
12-31 16:00:05.207 D/DvbNative( 1259): [1584]<[PropertyStub, onProc_GraphicAlpha(), 323]> ### change graphic alpha. cur=-1, dst=255
12-31 16:00:05.207 D/DD      ( 1259): <1584>[dd_graphic][FUNC:DD_Graphic_SetSurfaceInfo LINE:257]Enter
12-31 16:00:05.207 D/DD      ( 1259): <1584>[dd_graphic][FUNC:DD_Graphic_SetSurfaceInfo LINE:259]Exit Success
12-31 16:00:05.215 W/Resources( 1104): Preloaded drawable resource #0x1080665 (android:drawable/textfield_search_selected_holo_dark) that varies with configuration!!
12-31 16:00:05.215 W/Resources( 1104): Preloaded drawable resource #0x1080659 (android:drawable/textfield_search_default_holo_dark) that varies with configuration!!
12-31 16:00:05.215 W/Resources( 1104): Preloaded drawable resource #0x1080667 (android:drawable/textfield_searchview_holo_dark) that varies with configuration!!
12-31 16:00:05.219 W/Resources( 1104): Preloaded drawable resource #0x1080662 (android:drawable/textfield_search_right_selected_holo_dark) that varies with configuration!!
12-31 16:00:05.219 W/Resources( 1104): Preloaded drawable resource #0x1080660 (android:drawable/textfield_search_right_default_holo_dark) that varies with configuration!!
12-31 16:00:05.219 W/Resources( 1104): Preloaded drawable resource #0x1080669 (android:drawable/textfield_searchview_right_holo_dark) that varies with configuration!!
12-31 16:00:05.219 W/Resources( 1104): Preloaded drawable resource #0x1080666 (android:drawable/textfield_search_selected_holo_light) that varies with configuration!!
12-31 16:00:05.227 W/Resources( 1104): Preloaded drawable resource #0x108065a (android:drawable/textfield_search_default_holo_light) that varies with configuration!!
12-31 16:00:05.227 W/Resources( 1104): Preloaded drawable resource #0x1080668 (android:drawable/textfield_searchview_holo_light) that varies with configuration!!
12-31 16:00:05.227 W/Resources( 1104): Preloaded drawable resource #0x1080663 (android:drawable/textfield_search_right_selected_holo_light) that varies with configuration!!
12-31 16:00:05.227 W/Resources( 1104): Preloaded drawable resource #0x1080661 (android:drawable/textfield_search_right_default_holo_light) that varies with configuration!!
12-31 16:00:05.227 W/Resources( 1104): Preloaded drawable resource #0x108066a (android:drawable/textfield_searchview_right_holo_light) that varies with configuration!!
12-31 16:00:05.227 W/Resources( 1104): Preloaded drawable resource #0x1080665 (android:drawable/textfield_search_selected_holo_dark) that varies with configuration!!
12-31 16:00:05.227 W/Resources( 1104): Preloaded drawable resource #0x1080659 (android:drawable/textfield_search_default_holo_dark) that varies with configuration!!
12-31 16:00:05.227 W/Resources( 1104): Preloaded drawable resource #0x1080662 (android:drawable/textfield_search_right_selected_holo_dark) that varies with configuration!!
12-31 16:00:05.235 W/Resources( 1104): Preloaded drawable resource #0x1080660 (android:drawable/textfield_search_right_default_holo_dark) that varies with configuration!!
12-31 16:00:05.235 W/Resources( 1104): Preloaded drawable resource #0x1080666 (android:drawable/textfield_search_selected_holo_light) that varies with configuration!!
12-31 16:00:05.235 W/Resources( 1104): Preloaded drawable resource #0x108065a (android:drawable/textfield_search_default_holo_light) that varies with configuration!!
12-31 16:00:05.235 W/Resources( 1104): Preloaded drawable resource #0x1080663 (android:drawable/textfield_search_right_selected_holo_light) that varies with configuration!!
12-31 16:00:05.235 W/Resources( 1104): Preloaded drawable resource #0x1080661 (android:drawable/textfield_search_right_default_holo_light) that varies with configuration!!
12-31 16:00:05.235 W/Resources( 1104): Preloaded drawable resource #0x108062e (android:drawable/tab_unselected_holo) that varies with configuration!!
12-31 16:00:05.235 W/Resources( 1104): Preloaded drawable resource #0x1080629 (android:drawable/tab_selected_holo) that varies with configuration!!
12-31 16:00:05.235 W/Resources( 1104): Preloaded drawable resource #0x108062d (android:drawable/tab_unselected_focused_holo) that varies with configuration!!
12-31 16:00:05.243 W/Resources( 1104): Preloaded drawable resource #0x1080628 (android:drawable/tab_selected_focused_holo) that varies with configuration!!
12-31 16:00:05.243 W/Resources( 1104): Preloaded drawable resource #0x108062f (android:drawable/tab_unselected_pressed_holo) that varies with configuration!!
12-31 16:00:05.243 W/Resources( 1104): Preloaded drawable resource #0x108062a (android:drawable/tab_selected_pressed_holo) that varies with configuration!!
12-31 16:00:05.243 W/Resources( 1104): Preloaded drawable resource #0x108062f (android:drawable/tab_unselected_pressed_holo) that varies with configuration!!
12-31 16:00:05.243 W/Resources( 1104): Preloaded drawable resource #0x108062a (android:drawable/tab_selected_pressed_holo) that varies with configuration!!
12-31 16:00:05.243 W/Resources( 1104): Preloaded drawable resource #0x108061d (android:drawable/tab_indicator_holo) that varies with configuration!!
12-31 16:00:05.243 W/Resources( 1104): Preloaded drawable resource #0x108062e (android:drawable/tab_unselected_holo) that varies with configuration!!
12-31 16:00:05.243 W/Resources( 1104): Preloaded drawable resource #0x1080629 (android:drawable/tab_selected_holo) that varies with configuration!!
12-31 16:00:05.251 W/Resources( 1104): Preloaded drawable resource #0x108062d (android:drawable/tab_unselected_focused_holo) that varies with configuration!!
12-31 16:00:05.251 W/Resources( 1104): Preloaded drawable resource #0x1080628 (android:drawable/tab_selected_focused_holo) that varies with configuration!!
12-31 16:00:05.251 W/Resources( 1104): Preloaded drawable resource #0x108062f (android:drawable/tab_unselected_pressed_holo) that varies with configuration!!
12-31 16:00:05.251 W/Resources( 1104): Preloaded drawable resource #0x108062a (android:drawable/tab_selected_pressed_holo) that varies with configuration!!
12-31 16:00:05.267 I/Zygote  ( 1104): ...preloaded 274 resources in 1529ms.
12-31 16:00:05.279 I/Zygote  ( 1104): ...preloaded 31 resources in 14ms.
12-31 16:00:05.279 D/libEGL  ( 1104): loaded /system/lib/egl/libGLES_mali.so
12-31 16:00:05.331 D/dalvikvm( 1104): GC_EXPLICIT freed 461K, 31% free 3143K/4492K, paused 2ms+4ms, total 34ms
12-31 16:00:05.371 D/dalvikvm( 1104): GC_EXPLICIT freed 266K, 36% free 2876K/4492K, paused 3ms+3ms, total 33ms
12-31 16:00:05.399 D/DvbNative( 1259): [1581]<[ADV_CORE, adv_lock_fre(), 1879]> ### request to lock tuner. demuxId=0,cnt:0,frq:227000
12-31 16:00:05.399 D/DvbNative( 1259): 
12-31 16:00:05.399 D/DD      ( 1259): <1581>[dd_tuner][FUNC:DD_Tuner_DelCallback LINE:779]Enter
12-31 16:00:05.399 D/DD      ( 1259): <1581>[dd_tuner][FUNC:DD_Tuner_DelCallback LINE:802]del the callback success, 0XB25109FC!
12-31 16:00:05.399 D/DD      ( 1259): <1581>[dd_tuner][FUNC:DD_Tuner_DelCallback LINE:803]Exit Success
12-31 16:00:05.399 E/DvbNative( 1259): [1581][01;31m<[ADV_CORE, adv_lock_fre(), 1883]> [error] ### lock tuner failed..[0m
12-31 16:00:05.399 D/dalvikvm( 1104): GC_EXPLICIT freed <1K, 36% free 2876K/4492K, paused 2ms+3ms, total 32ms
12-31 16:00:05.407 D/DvbNative( 1259): [1581]<[MGExt_Adv, onThreadWorking(), 189]> ### persist.sys.delayboot.on[1]
12-31 16:00:05.407 D/DvbNative( 1259): [1581]<[MGExt_Adv, onThreadWorking(), 194]> ### sys.program.follow.data[0]
12-31 16:00:05.423 I/dalvikvm( 1104): System server process 1597 has been created
12-31 16:00:05.423 I/Zygote  ( 1104): Accepting command socket connections
12-31 16:00:05.523 D/DD      ( 1259): <1570>[dd_tuner][FUNC:dd_tuner_task LINE:413]m_eTunerEvent:1,need tell dvb
12-31 16:00:05.523 D/DvbNative( 1259): [1570]<[Tuner, _tunerCallback(), 429]> ### DD tells unlock! tunerId=0, freqKHz=227000, nestUseCnt=1, status=Locking(2)
12-31 16:00:05.523 D/DvbNative( 1259): [1570]<[Tuner, _setTunerLEDState(), 343]> ### set tuner led state! bLocked=0
12-31 16:00:05.523 D/DD      ( 1259): [DDErrorCode DD_FP_Clear(int, DDFPLightName_E)][1314]Enter
12-31 16:00:05.531 D/SensorService( 1597): nuSensorService starting...
12-31 16:00:05.531 E/SensorService( 1597): couldn't load sensors module (No such file or directory)
12-31 16:00:05.531 D/DD      ( 1259): [DDErrorCode DD_FP_Clear(int, DDFPLightName_E)][1352]Exit Success.
12-31 16:00:05.531 I/SystemServer( 1597): Entered the Android system server!
12-31 16:00:05.551 E/DvbNative( 1259): [1588][01;31m<[Tuner, _tunerTuneInner(), 962]> [error] ### tuner tune failed! tunerId=0, tuneTimeMs=1617, curTimeMs=8651, status=Unlock(3), tpParam=<227000,6875,3,4294967295>, useLnb=0, lnbParam=<18,0,4294967295,4294967295,0,0,0,0,0,255,0>[0m
12-31 16:00:05.551 D/DvbNative( 1259): [1588]<[Tuner, _printTunerInfo(), 267]> ### =========>>>>>>===== force lock tuner failed =====<<<<<<========= count=1
12-31 16:00:05.551 D/DvbNative( 1259): [1588]<[Tuner, _printTunerInfo(), 290]> ### Tuner[0]: type=101, disabled=1(Detector), priority=100, tunerId=0, NestUseCount=2, tpParam=<227000,6875,3,4294967295>, useLnb=0, lnbParam=<18,0,4294967295,4294967295,0,0,0,0,0,255,0>
12-31 16:00:05.551 D/DvbNative( 1259): [1588]<[Tuner, _setTunerLEDState(), 343]> ### set tuner led state! bLocked=0
12-31 16:00:05.551 D/DD      ( 1259): [DDErrorCode DD_FP_Clear(int, DDFPLightName_E)][1314]Enter
12-31 16:00:05.551 D/DD      ( 1259): [DDErrorCode DD_FP_Clear(int, DDFPLightName_E)][1352]Exit Success.
12-31 16:00:05.551 E/DvbNative( 1259): [1588][01;31m<[IProgramRegionControl, lockTuner(), 55]> [error] ### lock tuner failed! m_pTuner=0xb7812000,bLocked=0[0m
12-31 16:00:05.551 E/DvbNative( 1259): [1588][01;31m<[IProgramRegionControl, _msgProc_StartSearch(), 1043]> [error] ### Lock fail,return![0m
12-31 16:00:05.559 D/DvbNative( 1259): [1356]<[CasApi, checkMailOta(), 1636]> ### checkMailOta in ,isBootUpCheck=1
12-31 16:00:05.559 D/DvbNative( 1259): [1356]<[CasApi, checkMailOta(), 1644]> ### checkMailOta in ,emailInfo.bEmailNum=0
12-31 16:00:05.559 D/CAS     ( 1259): [1356][CAS] CAS_GetScardInfo!!!
12-31 16:00:05.559 D/CAS     ( 1259): [1356][CAS] CAS_GetScardInfo end!!!
12-31 16:00:05.559 D/DvbNative( 1259): [1356]<[CasApi, SaveCasInfos(), 64]> ### read smart card info ok
12-31 16:00:05.559 D/DvbNative( 1259): [1356]<[CmnCasInterface, saveCasInfo(), 1069]> ### [CDCAS] save smart card serial number = 
12-31 16:00:05.563 D/DvbNative( 1259): [1356]<[Initializer, _IPOTA_ScardSnChanged(), 610]> ### scard sn changed! scardSn=''
12-31 16:00:05.563 D/DvbNative( 1259): [1356]<[CmnCasInterface, saveCasInfo(), 1082]> ### [CDCAS] save smart card id = 
12-31 16:00:05.567 D/DvbNative( 1259): [1356]<[CmnCasInterface, saveCasInfo(), 1087]> ### [CDCAS] save smart card version = 0
12-31 16:00:05.567 D/DvbNative( 1259): [1356]<[CmnCasInterface, saveCasInfo(), 1097]> ### [CDCAS] save cas version = 0
12-31 16:00:05.759 I/SystemServer( 1597): Waiting for installd to be ready.
12-31 16:00:05.759 I/installd( 1107): new connection
12-31 16:00:05.759 I/Installer( 1597): connecting...
12-31 16:00:05.767 I/SystemServer( 1597): Power Manager
12-31 16:00:05.767 I/SystemServer( 1597): Activity Manager
12-31 16:00:05.903 D/DvbNative( 1259): [1581]<[MGExt_Adv, onThreadWorking(), 194]> ### sys.program.follow.data[1]
12-31 16:00:05.903 D/DvbNative( 1259): [1581]<[CasApi, getProductId(), 1806]> ### enter!
12-31 16:00:05.903 D/CAS     ( 1259): [1581][CAS] CAS_GetScardInfo!!!
12-31 16:00:05.903 D/CAS     ( 1259): [1581][CAS] CAS_GetScardInfo end!!!
12-31 16:00:05.903 D/CAS     ( 1259): [1581][CAS] CAS_QueryEntitleInfo Start!!!
12-31 16:00:05.903 E/CAS     ( 1259): [1581][CAS] ERROR: CAS_QueryEntitleInfo, Get Op IDs Failed!!!
12-31 16:00:05.903 D/CAS     ( 1259): [1581][CAS] CAS_GetEntitleInfo sector 0!!!
12-31 16:00:05.903 D/CAS     ( 1259): [1581][CAS] CAS_GetEntitleInfo End!!!
12-31 16:00:05.903 D/DvbNative( 1259): [1581]<[CasApi, getProductId(), 1825]> ### sectorInfo.bProductCount = 0, j = 0
12-31 16:00:05.903 D/CAS     ( 1259): [1581][CAS] CAS_GetEntitleInfo sector 1!!!
12-31 16:00:05.903 D/CAS     ( 1259): [1581][CAS] CAS_GetEntitleInfo End!!!
12-31 16:00:05.903 D/DvbNative( 1259): [1581]<[CasApi, getProductId(), 1825]> ### sectorInfo.bProductCount = 0, j = 0
12-31 16:00:05.903 D/CAS     ( 1259): [1581][CAS] CAS_GetEntitleInfo sector 2!!!
12-31 16:00:05.903 D/CAS     ( 1259): [1581][CAS] CAS_GetEntitleInfo End!!!
12-31 16:00:05.903 D/DvbNative( 1259): [1581]<[CasApi, getProductId(), 1825]> ### sectorInfo.bProductCount = 0, j = 0
12-31 16:00:05.903 D/CAS     ( 1259): [1581][CAS] CAS_GetEntitleInfo sector 3!!!
12-31 16:00:05.903 D/CAS     ( 1259): [1581][CAS] CAS_GetEntitleInfo End!!!
12-31 16:00:05.903 D/DvbNative( 1259): [1581]<[CasApi, getProductId(), 1825]> ### sectorInfo.bProductCount = 0, j = 0
12-31 16:00:05.903 D/DvbNative( 1259): [1581]<[IProgramRegionControl, checkProgramUpdate(), 441]> ### entitleInfo(count):0
12-31 16:00:05.903 W/DvbNative( 1259): [1581]<[IProgramRegionControl, checkProgramUpdate(), 446]> [warn] ### no invalid entitle info!
12-31 16:00:05.903 D/DvbNative( 1259): [1581]<[MGExt_Adv, onThreadWorking(), 209]> ### sys.ivip.pre.boot.completed[9],mstar.videoadvert.finished[1]
12-31 16:00:05.903 D/DvbNative( 1259): [1581]<[MGExt_Adv, onThreadWorking(), 216]> ### adv.data.get.completed[1]
12-31 16:00:05.903 V/DvbNative( 1259): [1581]<[ADV_MAIN, adv_copyBoot1File(), 103]> ### ========= trace =========
12-31 16:00:05.903 D/DvbNative( 1259): [1581]<[ADV_MAIN, adv_copyBoot1File(), 106]> ###  persist.sys.ad_fileupdate[0]
12-31 16:00:05.903 D/DvbNative( 1259): 
12-31 16:00:05.903 D/DvbNative( 1259): [1581]<[MGExt_Adv, onThreadWorking(), 221]> ### uninstall key complete in bootup
12-31 16:00:05.907 D/DvbNative( 1259): [1581]<[MGExt_Adv, onThreadWorking(), 224]> ### adv.data.get.completed[1]
12-31 16:00:05.907 D/DvbNative( 1259): [1581]<[MGExt_Adv, onThreadWorking(), 227]> ### cmdBuf=chown system:system /resource/ADV/DVB/*
12-31 16:00:05.927 D/DvbNative( 1259): [1581]<[activation_check, activationCheck_Init(), 35]> ### u16efuse_did[0]:0xa0d8,[1]:0x475f,[2]:0x03d8,[3]:0x0000 ,chipId:A0D8475F03D80000 !
12-31 16:00:06.015 I/ActivityManager( 1597): Memory class: 96
12-31 16:00:06.031 W/BatteryStatsImpl( 1597): Couldn't get kernel wake lock stats
12-31 16:00:06.075 D/dalvikvm( 1597): GC_CONCURRENT freed 116K, 26% free 3220K/4324K, paused 3ms+5ms, total 29ms
12-31 16:00:06.139 I/ActivityManager( 1597): parsePackagesList>> adding pkg=com.android.mslauncher
12-31 16:00:06.139 I/ActivityManager( 1597): parsePackagesList>> adding pkg=com.android.browser
12-31 16:00:06.155 I/IntentFirewall( 1597): Read new rules (A:0 B:0 S:0)
12-31 16:00:06.199 I/ActivityManager( 1597): Benchmark Hacking) adding allowed pkg=com.antutu.ABenchMark
12-31 16:00:06.207 I/SystemServer( 1597): Display Manager
12-31 16:00:06.207 I/dalvikvm( 1597): Could not find method com.android.internal.telephony.DefaultPhoneNotifier.convertCallState, referenced from method com.android.server.TelephonyRegistry.broadcastCallStateChanged
12-31 16:00:06.207 W/dalvikvm( 1597): VFY: unable to resolve static method 3327: Lcom/android/internal/telephony/DefaultPhoneNotifier;.convertCallState (I)Lcom/android/internal/telephony/PhoneConstants$State;
12-31 16:00:06.207 D/dalvikvm( 1597): VFY: replacing opcode 0x71 at 0x0017
12-31 16:00:06.207 I/dalvikvm( 1597): Could not find method com.android.internal.telephony.DefaultPhoneNotifier.convertDataState, referenced from method com.android.server.TelephonyRegistry.broadcastDataConnectionStateChanged
12-31 16:00:06.207 W/dalvikvm( 1597): VFY: unable to resolve static method 3328: Lcom/android/internal/telephony/DefaultPhoneNotifier;.convertDataState (I)Lcom/android/internal/telephony/PhoneConstants$DataState;
12-31 16:00:06.207 D/dalvikvm( 1597): VFY: replacing opcode 0x71 at 0x000a
12-31 16:00:06.207 I/SystemServer( 1597): Telephony Registry
12-31 16:00:06.215 I/DisplayManagerService( 1597): Display device added: DisplayDeviceInfo{"内置屏幕": 1920 x 1080, 50.0 fps, density 240, 240.0 x 240.0 dpi, touch INTERNAL, rotation 0, type BUILT_IN, FLAG_DEFAULT_DISPLAY, FLAG_ROTATES_WITH_CONTENT, FLAG_SECURE, FLAG_SUPPORTS_PROTECTED_BUFFERS}
12-31 16:00:06.223 I/SystemServer( 1597): Scheduling Policy
12-31 16:00:06.223 I/SystemServer( 1597): Package Manager
12-31 16:00:06.267 D/dalvikvm( 1597): GC_CONCURRENT freed 326K, 29% free 3369K/4692K, paused 3ms+4ms, total 30ms
12-31 16:00:06.307 D/SELinuxMMAC( 1597): Couldn't find install policy /data/security/mac_permissions.xml
12-31 16:00:06.307 D/SELinuxMMAC( 1597): Using install policy file /system/etc/security/mac_permissions.xml
12-31 16:00:06.411 D/dalvikvm( 1597): GC_CONCURRENT freed 370K, 30% free 3394K/4804K, paused 4ms+7ms, total 31ms
12-31 16:00:06.699 W/PackageManager( 1597): Library not found: /system/framework/com.android.future.usb.accessory.jar
12-31 16:00:06.699 W/PackageManager( 1597): Library not found: /system/framework/com.mstar.android.ext.jar
12-31 16:00:06.799 D/dalvikvm( 1597): GC_CONCURRENT freed 252K, 27% free 3553K/4804K, paused 5ms+2ms, total 29ms
12-31 16:00:06.835 W/CCDTOSSec231( 1597): IntentCheck(PackageParser) check android
12-31 16:00:06.835 W/CCDTOSSec231( 1597): FilterConfigLoader registerProvider: android.content.pm.security.pm.FilterConfigLoaderHljProvder
12-31 16:00:06.859 W/CCDTOSSec231( 1597): Load Config File:/system/etc/white.list
12-31 16:00:06.859 W/CCDTOSSec231( 1597): |  Size:4
12-31 16:00:06.859 W/CCDTOSSec231( 1597): |    Intent-Name:whitelist
12-31 16:00:06.859 W/CCDTOSSec231( 1597): |    Intent-List-Size:1
12-31 16:00:06.859 W/CCDTOSSec231( 1597): |      Item:com.ccdt.app.tv.launcher
12-31 16:00:06.859 W/CCDTOSSec231( 1597): |    Intent-Name:android.intent.action.BOOT_COMPLETED
12-31 16:00:06.859 W/CCDTOSSec231( 1597): |    Intent-List-Size:10
12-31 16:00:06.859 W/CCDTOSSec231( 1597): |      Item:com.pingshow.airecenter
12-31 16:00:06.859 W/CCDTOSSec231( 1597): |      Item:app.ccdt.com.ipsystemupdateserver
12-31 16:00:06.859 W/CCDTOSSec231( 1597): |      Item:cn.ccdt.da
12-31 16:00:06.859 W/CCDTOSSec231( 1597): |      Item:cn.ljwl.dyp
12-31 16:00:06.867 W/CCDTOSSec231( 1597): |      Item:cn.ljwl.aaa
12-31 16:00:06.867 W/CCDTOSSec231( 1597): |      Item:com.ljwl.client.payment
12-31 16:00:06.867 W/CCDTOSSec231( 1597): |      Item:com.newayte.nvideo.tv
12-31 16:00:06.867 W/CCDTOSSec231( 1597): |      Item:com.coship.vod
12-31 16:00:06.867 W/CCDTOSSec231( 1597): |      Item:com.aidufei.stbtest
12-31 16:00:06.867 W/CCDTOSSec231( 1597): |      Item:com.coship.vod.aidl
12-31 16:00:06.867 W/CCDTOSSec231( 1597): |    Intent-Name:android.intent.category.HOME
12-31 16:00:06.867 W/CCDTOSSec231( 1597): |    Intent-List-Size:1
12-31 16:00:06.867 W/CCDTOSSec231( 1597): |      Item:com.ccdt.app.tv.launcher
12-31 16:00:06.867 W/CCDTOSSec231( 1597): |    Intent-Name:install_permission
12-31 16:00:06.867 W/CCDTOSSec231( 1597): |    Intent-List-Size:10
12-31 16:00:06.867 W/CCDTOSSec231( 1597): |      Item:com.voole.vooledesktop
12-31 16:00:06.867 W/CCDTOSSec231( 1597): |      Item:rca.rc.tvtaobao
12-31 16:00:06.867 W/CCDTOSSec231( 1597): |      Item:com.ljwl.dt
12-31 16:00:06.867 W/CCDTOSSec231( 1597): |      Item:com.pd.ebelter_hlj
12-31 16:00:06.867 W/CCDTOSSec231( 1597): |      Item:com.cncbox.ikan
12-31 16:00:06.867 W/CCDTOSSec231( 1597): |      Item:com.jl.platform
12-31 16:00:06.867 W/CCDTOSSec231( 1597): |      Item:com.ljwl.client.payment
12-31 16:00:06.867 W/CCDTOSSec231( 1597): |      Item:ia.iok.aone.cinema
12-31 16:00:06.867 W/CCDTOSSec231( 1597): |      Item:com.tongyong.xxbox
12-31 16:00:06.875 W/CCDTOSSec231( 1597): |      Item:com.ccdt.app.tv.launcher
12-31 16:00:06.891 W/CCDTOSSec231( 1597): Load Config File:/system/etc/devicewhite.list
12-31 16:00:06.891 W/CCDTOSSec231( 1597): |  Size:1
12-31 16:00:06.891 W/CCDTOSSec231( 1597): |    Intent-Name:whitelist
12-31 16:00:06.891 W/CCDTOSSec231( 1597): |    Intent-List-Size:18
12-31 16:00:06.891 W/CCDTOSSec231( 1597): |      Item:android
12-31 16:00:06.891 W/CCDTOSSec231( 1597): |      Item:com.android.providers.downloads
12-31 16:00:06.891 W/CCDTOSSec231( 1597): |      Item:com.android.settings
12-31 16:00:06.891 W/CCDTOSSec231( 1597): |      Item:com.android.systemui
12-31 16:00:06.891 W/CCDTOSSec231( 1597): |      Item:com.android.providers.media
12-31 16:00:06.891 W/CCDTOSSec231( 1597): |      Item:com.android.onetimeinitializer
12-31 16:00:06.891 W/CCDTOSSec231( 1597): |      Item:com.ccdt.itvision.appstore
12-31 16:00:06.891 W/CCDTOSSec231( 1597): |      Item:cn.ccdt.provider
12-31 16:00:06.891 W/CCDTOSSec231( 1597): |      Item:com.android.inputmethod.latin
12-31 16:00:06.891 W/CCDTOSSec231( 1597): |      Item:com.mstar.android.setupwizard
12-31 16:00:06.891 W/CCDTOSSec231( 1597): |      Item:com.mstar.tv.service
12-31 16:00:06.891 W/CCDTOSSec231( 1597): |      Item:com.yunos.localzone
12-31 16:00:06.891 W/CCDTOSSec231( 1597): |      Item:com.ccdt.baidutvspeech
12-31 16:00:06.891 W/CCDTOSSec231( 1597): |      Item:com.voole.bootplay
12-31 16:00:06.899 W/CCDTOSSec231( 1597): |      Item:cn.ccdt.vooleplayservice
12-31 16:00:06.899 W/CCDTOSSec231( 1597): |      Item:com.voole.epg.vurcserver
12-31 16:00:06.899 W/CCDTOSSec231( 1597): |      Item:com.voole.playback
12-31 16:00:06.899 W/CCDTOSSec231( 1597): |      Item:cn.ccdt.netmanager
12-31 16:00:06.899 W/CCDTOSSec231( 1597): File /data/white.list not exit!
12-31 16:00:06.899 D/CCDTOSSec231( 1597): android is In White List
12-31 16:00:06.899 D/CCDTOSSec231( 1597): Check time cost: 63 ms
12-31 16:00:06.915 W/CCDTOSSec231( 1597): IntentCheck(PackageParser) check com.android.backupconfirm
12-31 16:00:06.915 D/CCDTOSSec231( 1597): Scan Activities
12-31 16:00:06.915 D/CCDTOSSec231( 1597): Scan Services
12-31 16:00:06.915 D/CCDTOSSec231( 1597): Scan Receivers
12-31 16:00:06.915 D/CCDTOSSec231( 1597): Scan Providers
12-31 16:00:06.915 D/CCDTOSSec231( 1597): Check time cost: 2 ms
12-31 16:00:06.923 W/CCDTOSSec231( 1597): IntentCheck(PackageParser) check com.android.defcontainer
12-31 16:00:06.923 D/CCDTOSSec231( 1597): Scan Activities
12-31 16:00:06.931 D/CCDTOSSec231( 1597): Scan Services
12-31 16:00:06.931 D/CCDTOSSec231( 1597): Scan Receivers
12-31 16:00:06.931 D/CCDTOSSec231( 1597): Scan Providers
12-31 16:00:06.931 D/CCDTOSSec231( 1597): Check time cost: 2 ms
12-31 16:00:06.943 W/CCDTOSSec231( 1597): IntentCheck(PackageParser) check com.android.providers.downloads
12-31 16:00:06.943 D/CCDTOSSec231( 1597): com.android.providers.downloads is In White List
12-31 16:00:06.943 D/CCDTOSSec231( 1597): Check time cost: 0 ms
12-31 16:00:06.955 W/CCDTOSSec231( 1597): IntentCheck(PackageParser) check com.android.externalstorage
12-31 16:00:06.955 D/CCDTOSSec231( 1597): Scan Activities
12-31 16:00:06.955 D/CCDTOSSec231( 1597): Scan Services
12-31 16:00:06.955 D/CCDTOSSec231( 1597): Scan Receivers
12-31 16:00:06.955 D/CCDTOSSec231( 1597): mCategories is NOT @ android.content.pm.PackageParser.ActivityIntentInfo
12-31 16:00:06.955 D/CCDTOSSec231( 1597): mCategories is NOT @ android.content.pm.PackageParser.IntentInfo
12-31 16:00:06.955 D/CCDTOSSec231( 1597): NO WORK:mCategories is null @ android.content.pm.PackageParser.ActivityIntentInfo
12-31 16:00:06.955 D/CCDTOSSec231( 1597): mActions is NOT @ android.content.pm.PackageParser.ActivityIntentInfo
12-31 16:00:06.955 D/CCDTOSSec231( 1597): mActions is NOT @ android.content.pm.PackageParser.IntentInfo
12-31 16:00:06.955 D/CCDTOSSec231( 1597): Get android.intent.action.MEDIA_MOUNTED from com.android.externalstorage
12-31 16:00:06.955 D/CCDTOSSec231( 1597): Get android.intent.action.MEDIA_UNMOUNTED from com.android.externalstorage
12-31 16:00:06.955 D/CCDTOSSec231( 1597): Scan Providers
12-31 16:00:06.955 D/CCDTOSSec231( 1597): mCategories is NOT @ android.content.pm.PackageParser.ProviderIntentInfo
12-31 16:00:06.955 D/CCDTOSSec231( 1597): mCategories is NOT @ android.content.pm.PackageParser.IntentInfo
12-31 16:00:06.955 D/CCDTOSSec231( 1597): NO WORK:mCategories is null @ android.content.pm.PackageParser.ProviderIntentInfo
12-31 16:00:06.955 D/CCDTOSSec231( 1597): mActions is NOT @ android.content.pm.PackageParser.ProviderIntentInfo
12-31 16:00:06.955 D/CCDTOSSec231( 1597): mActions is NOT @ android.content.pm.PackageParser.IntentInfo
12-31 16:00:06.955 D/CCDTOSSec231( 1597): Get android.content.action.DOCUMENTS_PROVIDER from com.android.externalstorage
12-31 16:00:06.955 D/CCDTOSSec231( 1597): mCategories is NOT @ android.content.pm.PackageParser.ProviderIntentInfo
12-31 16:00:06.955 D/CCDTOSSec231( 1597): mCategories is NOT @ android.content.pm.PackageParser.IntentInfo
12-31 16:00:06.955 D/CCDTOSSec231( 1597): NO WORK:mCategories is null @ android.content.pm.PackageParser.ProviderIntentInfo
12-31 16:00:06.955 D/CCDTOSSec231( 1597): mActions is NOT @ android.content.pm.PackageParser.ProviderIntentInfo
12-31 16:00:06.955 D/CCDTOSSec231( 1597): mActions is NOT @ android.content.pm.PackageParser.IntentInfo
12-31 16:00:06.955 D/CCDTOSSec231( 1597): Get android.content.action.DOCUMENTS_PROVIDER from com.android.externalstorage
12-31 16:00:06.955 D/CCDTOSSec231( 1597): Check time cost: 4 ms
12-31 16:00:06.963 W/CCDTOSSec231( 1597): IntentCheck(PackageParser) check com.android.location.fused
12-31 16:00:06.963 D/CCDTOSSec231( 1597): Scan Activities
12-31 16:00:06.963 D/CCDTOSSec231( 1597): Scan Services
12-31 16:00:06.963 D/CCDTOSSec231( 1597): mCategories is NOT @ android.content.pm.PackageParser.ServiceIntentInfo
12-31 16:00:06.963 D/CCDTOSSec231( 1597): mCategories is NOT @ android.content.pm.PackageParser.IntentInfo
12-31 16:00:06.963 D/CCDTOSSec231( 1597): NO WORK:mCategories is null @ android.content.pm.PackageParser.ServiceIntentInfo
12-31 16:00:06.963 D/CCDTOSSec231( 1597): mActions is NOT @ android.content.pm.PackageParser.ServiceIntentInfo
12-31 16:00:06.963 D/CCDTOSSec231( 1597): mActions is NOT @ android.content.pm.PackageParser.IntentInfo
12-31 16:00:06.963 D/CCDTOSSec231( 1597): Get com.android.location.service.FusedLocationProvider from com.android.location.fused
12-31 16:00:06.963 D/CCDTOSSec231( 1597): Scan Receivers
12-31 16:00:06.963 D/CCDTOSSec231( 1597): Scan Providers
12-31 16:00:06.963 D/CCDTOSSec231( 1597): Check time cost: 2 ms
12-31 16:00:06.971 W/CCDTOSSec231( 1597): IntentCheck(PackageParser) check com.android.inputdevices
12-31 16:00:06.971 D/CCDTOSSec231( 1597): Scan Activities
12-31 16:00:06.971 D/CCDTOSSec231( 1597): Scan Services
12-31 16:00:06.971 D/CCDTOSSec231( 1597): Scan Receivers
12-31 16:00:06.971 D/CCDTOSSec231( 1597): mCategories is NOT @ android.content.pm.PackageParser.ActivityIntentInfo
12-31 16:00:06.971 D/CCDTOSSec231( 1597): mCategories is NOT @ android.content.pm.PackageParser.IntentInfo
12-31 16:00:06.971 D/CCDTOSSec231( 1597): NO WORK:mCategories is null @ android.content.pm.PackageParser.ActivityIntentInfo
12-31 16:00:06.971 D/CCDTOSSec231( 1597): mActions is NOT @ android.content.pm.PackageParser.ActivityIntentInfo
12-31 16:00:06.971 D/CCDTOSSec231( 1597): mActions is NOT @ android.content.pm.PackageParser.IntentInfo
12-31 16:00:06.971 D/CCDTOSSec231( 1597): Get android.hardware.input.action.QUERY_KEYBOARD_LAYOUTS from com.android.inputdevices
12-31 16:00:06.971 D/CCDTOSSec231( 1597): Scan Providers
12-31 16:00:06.971 D/CCDTOSSec231( 1597): Check time cost: 1 ms
12-31 16:00:06.987 W/CCDTOSSec231( 1597): IntentCheck(PackageParser) check com.android.keyguard
12-31 16:00:06.987 D/CCDTOSSec231( 1597): Scan Activities
12-31 16:00:06.987 D/CCDTOSSec231( 1597): Scan Services
12-31 16:00:06.987 D/CCDTOSSec231( 1597): Scan Receivers
12-31 16:00:06.987 D/CCDTOSSec231( 1597): Scan Providers
12-31 16:00:06.987 D/CCDTOSSec231( 1597): Check time cost: 0 ms
12-31 16:00:07.003 W/CCDTOSSec231( 1597): IntentCheck(PackageParser) check com.android.providers.media
12-31 16:00:07.003 D/CCDTOSSec231( 1597): com.android.providers.media is In White List
12-31 16:00:07.003 D/CCDTOSSec231( 1597): Check time cost: 1 ms
12-31 16:00:07.011 W/CCDTOSSec231( 1597): IntentCheck(PackageParser) check com.android.musicfx
12-31 16:00:07.011 D/CCDTOSSec231( 1597): Scan Activities
12-31 16:00:07.011 D/CCDTOSSec231( 1597): mCategories is NOT @ android.content.pm.PackageParser.ActivityIntentInfo
12-31 16:00:07.011 D/CCDTOSSec231( 1597): mCategories is NOT @ android.content.pm.PackageParser.IntentInfo
12-31 16:00:07.011 D/CCDTOSSec231( 1597): Get android.intent.category.DEFAULT from com.android.musicfx
12-31 16:00:07.011 D/CCDTOSSec231( 1597): Get android.intent.category.CATEGORY_CONTENT_MUSIC from com.android.musicfx
12-31 16:00:07.019 D/CCDTOSSec231( 1597): mActions is NOT @ android.content.pm.PackageParser.ActivityIntentInfo
12-31 16:00:07.019 D/CCDTOSSec231( 1597): mActions is NOT @ android.content.pm.PackageParser.IntentInfo
12-31 16:00:07.019 D/CCDTOSSec231( 1597): Get android.media.action.DISPLAY_AUDIO_EFFECT_CONTROL_PANEL from com.android.musicfx
12-31 16:00:07.019 D/CCDTOSSec231( 1597): mCategories is NOT @ android.content.pm.PackageParser.ActivityIntentInfo
12-31 16:00:07.019 D/CCDTOSSec231( 1597): mCategories is NOT @ android.content.pm.PackageParser.IntentInfo
12-31 16:00:07.019 D/CCDTOSSec231( 1597): Get android.intent.category.DEFAULT from com.android.musicfx
12-31 16:00:07.019 D/CCDTOSSec231( 1597): mActions is NOT @ android.content.pm.PackageParser.ActivityIntentInfo
12-31 16:00:07.019 D/CCDTOSSec231( 1597): mActions is NOT @ android.content.pm.PackageParser.IntentInfo
12-31 16:00:07.019 D/CCDTOSSec231( 1597): Get android.media.action.DISPLAY_AUDIO_EFFECT_CONTROL_PANEL from com.android.musicfx
12-31 16:00:07.019 D/CCDTOSSec231( 1597): Scan Services
12-31 16:00:07.019 D/CCDTOSSec231( 1597): Scan Receivers
12-31 16:00:07.019 D/CCDTOSSec231( 1597): mCategories is NOT @ android.content.pm.PackageParser.ActivityIntentInfo
12-31 16:00:07.019 D/CCDTOSSec231( 1597): mCategories is NOT @ android.content.pm.PackageParser.IntentInfo
12-31 16:00:07.019 D/CCDTOSSec231( 1597): Get android.intent.category.DEFAULT from com.android.musicfx
12-31 16:00:07.019 D/CCDTOSSec231( 1597): mActions is NOT @ android.content.pm.PackageParser.ActivityIntentInfo
12-31 16:00:07.019 D/CCDTOSSec231( 1597): mActions is NOT @ android.content.pm.PackageParser.IntentInfo
12-31 16:00:07.019 D/CCDTOSSec231( 1597): Get android.media.action.OPEN_AUDIO_EFFECT_CONTROL_SESSION from com.android.musicfx
12-31 16:00:07.019 D/CCDTOSSec231( 1597): Get android.media.action.CLOSE_AUDIO_EFFECT_CONTROL_SESSION from com.android.musicfx
12-31 16:00:07.019 D/CCDTOSSec231( 1597): Get AudioEffect.ACTION_SET_PARAM from com.android.musicfx
12-31 16:00:07.019 D/CCDTOSSec231( 1597): Get AudioEffect.ACTION_GET_PARAM from com.android.musicfx
12-31 16:00:07.027 D/CCDTOSSec231( 1597): mCategories is NOT @ android.content.pm.PackageParser.ActivityIntentInfo
12-31 16:00:07.027 D/CCDTOSSec231( 1597): mCategories is NOT @ android.content.pm.PackageParser.IntentInfo
12-31 16:00:07.027 D/CCDTOSSec231( 1597): NO WORK:mCategories is null @ android.content.pm.PackageParser.ActivityIntentInfo
12-31 16:00:07.027 D/CCDTOSSec231( 1597): mActions is NOT @ android.content.pm.PackageParser.ActivityIntentInfo
12-31 16:00:07.027 D/CCDTOSSec231( 1597): mActions is NOT @ android.content.pm.PackageParser.IntentInfo
12-31 16:00:07.027 D/CCDTOSSec231( 1597): Get android.intent.action.PACKAGE_ADDED from com.android.musicfx
12-31 16:00:07.027 D/CCDTOSSec231( 1597): mCategories is NOT @ android.content.pm.PackageParser.ActivityIntentInfo
12-31 16:00:07.027 D/CCDTOSSec231( 1597): mCategories is NOT @ android.content.pm.PackageParser.IntentInfo
12-31 16:00:07.027 D/CCDTOSSec231( 1597): NO WORK:mCategories is null @ android.content.pm.PackageParser.ActivityIntentInfo
12-31 16:00:07.027 D/CCDTOSSec231( 1597): mActions is NOT @ android.content.pm.PackageParser.ActivityIntentInfo
12-31 16:00:07.027 D/CCDTOSSec231( 1597): mActions is NOT @ android.content.pm.PackageParser.IntentInfo
12-31 16:00:07.027 D/CCDTOSSec231( 1597): Get android.intent.action.PACKAGE_REPLACED from com.android.musicfx
12-31 16:00:07.027 D/CCDTOSSec231( 1597): mCategories is NOT @ android.content.pm.PackageParser.ActivityIntentInfo
12-31 16:00:07.027 D/CCDTOSSec231( 1597): mCategories is NOT @ android.content.pm.PackageParser.IntentInfo
12-31 16:00:07.027 D/CCDTOSSec231( 1597): NO WORK:mCategories is null @ android.content.pm.PackageParser.ActivityIntentInfo
12-31 16:00:07.027 D/CCDTOSSec231( 1597): mActions is NOT @ android.content.pm.PackageParser.ActivityIntentInfo
12-31 16:00:07.027 D/CCDTOSSec231( 1597): mActions is NOT @ android.content.pm.PackageParser.IntentInfo
12-31 16:00:07.027 D/CCDTOSSec231( 1597): Get android.intent.action.PACKAGE_REMOVED from com.android.musicfx
12-31 16:00:07.027 D/CCDTOSSec231( 1597): Scan Providers
12-31 16:00:07.027 D/CCDTOSSec231( 1597): Check time cost: 12 ms
12-31 16:00:07.035 W/CCDTOSSec231( 1597): IntentCheck(PackageParser) check com.android.onetimeinitializer
12-31 16:00:07.035 D/CCDTOSSec231( 1597): com.android.onetimeinitializer is In White List
12-31 16:00:07.035 D/CCDTOSSec231( 1597): Check time cost: 1 ms
12-31 16:00:07.051 D/dalvikvm( 1597): GC_CONCURRENT freed 232K, 25% free 3748K/4972K, paused 4ms+4ms, total 32ms
12-31 16:00:07.051 W/CCDTOSSec231( 1597): IntentCheck(PackageParser) check com.android.proxyhandler
12-31 16:00:07.051 D/CCDTOSSec231( 1597): Scan Activities
12-31 16:00:07.051 D/CCDTOSSec231( 1597): Scan Services
12-31 16:00:07.051 D/CCDTOSSec231( 1597): Scan Receivers
12-31 16:00:07.051 D/CCDTOSSec231( 1597): Scan Providers
12-31 16:00:07.051 D/CCDTOSSec231( 1597): Check time cost: 5 ms
12-31 16:00:07.055 W/CCDTOSSec231( 1597): IntentCheck(PackageParser) check com.android.providers.settings
12-31 16:00:07.055 D/CCDTOSSec231( 1597): Scan Activities
12-31 16:00:07.055 D/CCDTOSSec231( 1597): Scan Services
12-31 16:00:07.055 D/CCDTOSSec231( 1597): Scan Receivers
12-31 16:00:07.055 D/CCDTOSSec231( 1597): Scan Providers
12-31 16:00:07.055 D/CCDTOSSec231( 1597): Check time cost: 0 ms
12-31 16:00:07.063 W/CCDTOSSec231( 1597): IntentCheck(PackageParser) check com.android.sharedstoragebackup
12-31 16:00:07.063 D/CCDTOSSec231( 1597): Scan Activities
12-31 16:00:07.063 D/CCDTOSSec231( 1597): Scan Services
12-31 16:00:07.063 D/CCDTOSSec231( 1597): Scan Receivers
12-31 16:00:07.063 D/CCDTOSSec231( 1597): Scan Providers
12-31 16:00:07.063 D/CCDTOSSec231( 1597): Check time cost: 1 ms
12-31 16:00:07.079 W/CCDTOSSec231( 1597): IntentCheck(PackageParser) check com.android.shell
12-31 16:00:07.079 D/CCDTOSSec231( 1597): Scan Activities
12-31 16:00:07.079 D/CCDTOSSec231( 1597): Scan Services
12-31 16:00:07.079 D/CCDTOSSec231( 1597): Scan Receivers
12-31 16:00:07.079 D/CCDTOSSec231( 1597): mCategories is NOT @ android.content.pm.PackageParser.ActivityIntentInfo
12-31 16:00:07.079 D/CCDTOSSec231( 1597): mCategories is NOT @ android.content.pm.PackageParser.IntentInfo
12-31 16:00:07.079 D/CCDTOSSec231( 1597): NO WORK:mCategories is null @ android.content.pm.PackageParser.ActivityIntentInfo
12-31 16:00:07.079 D/CCDTOSSec231( 1597): mActions is NOT @ android.content.pm.PackageParser.ActivityIntentInfo
12-31 16:00:07.079 D/CCDTOSSec231( 1597): mActions is NOT @ android.content.pm.PackageParser.IntentInfo
12-31 16:00:07.079 D/CCDTOSSec231( 1597): Get android.intent.action.BUGREPORT_FINISHED from com.android.shell
12-31 16:00:07.079 D/CCDTOSSec231( 1597): Scan Providers
12-31 16:00:07.079 D/CCDTOSSec231( 1597): Check time cost: 2 ms
12-31 16:00:07.103 W/CCDTOSSec231( 1597): IntentCheck(PackageParser) check com.android.systemui
12-31 16:00:07.103 D/CCDTOSSec231( 1597): com.android.systemui is In White List
12-31 16:00:07.103 D/CCDTOSSec231( 1597): Check time cost: 0 ms
12-31 16:00:07.115 W/CCDTOSSec231( 1597): IntentCheck(PackageParser) check com.android.vpndialogs
12-31 16:00:07.115 D/CCDTOSSec231( 1597): Scan Activities
12-31 16:00:07.115 D/CCDTOSSec231( 1597): mCategories is NOT @ android.content.pm.PackageParser.ActivityIntentInfo
12-31 16:00:07.115 D/CCDTOSSec231( 1597): mCategories is NOT @ android.content.pm.PackageParser.IntentInfo
12-31 16:00:07.115 D/CCDTOSSec231( 1597): Get android.intent.category.DEFAULT from com.android.vpndialogs
12-31 16:00:07.115 D/CCDTOSSec231( 1597): mActions is NOT @ android.content.pm.PackageParser.ActivityIntentInfo
12-31 16:00:07.115 D/CCDTOSSec231( 1597): mActions is NOT @ android.content.pm.PackageParser.IntentInfo
12-31 16:00:07.115 D/CCDTOSSec231( 1597): Get android.intent.action.MAIN from com.android.vpndialogs
12-31 16:00:07.115 D/CCDTOSSec231( 1597): mCategories is NOT @ android.content.pm.PackageParser.ActivityIntentInfo
12-31 16:00:07.115 D/CCDTOSSec231( 1597): mCategories is NOT @ android.content.pm.PackageParser.IntentInfo
12-31 16:00:07.115 D/CCDTOSSec231( 1597): Get android.intent.category.DEFAULT from com.android.vpndialogs
12-31 16:00:07.115 D/CCDTOSSec231( 1597): mActions is NOT @ android.content.pm.PackageParser.ActivityIntentInfo
12-31 16:00:07.115 D/CCDTOSSec231( 1597): mActions is NOT @ android.content.pm.PackageParser.IntentInfo
12-31 16:00:07.115 D/CCDTOSSec231( 1597): Get android.intent.action.MAIN from com.android.vpndialogs
12-31 16:00:07.115 D/CCDTOSSec231( 1597): Scan Services
12-31 16:00:07.115 D/CCDTOSSec231( 1597): Scan Receivers
12-31 16:00:07.115 D/CCDTOSSec231( 1597): Scan Providers
12-31 16:00:07.115 D/CCDTOSSec231( 1597): Check time cost: 3 ms
12-31 16:00:07.123 W/CCDTOSSec231( 1597): IntentCheck(PackageParser) check com.android.wallpapercropper
12-31 16:00:07.123 D/CCDTOSSec231( 1597): Scan Activities
12-31 16:00:07.127 D/CCDTOSSec231( 1597): mCategories is NOT @ android.content.pm.PackageParser.ActivityIntentInfo
12-31 16:00:07.127 D/CCDTOSSec231( 1597): mCategories is NOT @ android.content.pm.PackageParser.IntentInfo
12-31 16:00:07.127 D/CCDTOSSec231( 1597): Get android.intent.category.DEFAULT from com.android.wallpapercropper
12-31 16:00:07.127 D/CCDTOSSec231( 1597): mActions is NOT @ android.content.pm.PackageParser.ActivityIntentInfo
12-31 16:00:07.127 D/CCDTOSSec231( 1597): mActions is NOT @ android.content.pm.PackageParser.IntentInfo
12-31 16:00:07.127 D/CCDTOSSec231( 1597): Get android.service.wallpaper.CROP_AND_SET_WALLPAPER from com.android.wallpapercropper
12-31 16:00:07.127 D/CCDTOSSec231( 1597): Scan Services
12-31 16:00:07.127 D/CCDTOSSec231( 1597): Scan Receivers
12-31 16:00:07.127 D/CCDTOSSec231( 1597): Scan Providers
12-31 16:00:07.127 D/CCDTOSSec231( 1597): Check time cost: 2 ms
12-31 16:00:07.135 W/CCDTOSSec231( 1597): IntentCheck(PackageParser) check cn.ljwl.aaa
12-31 16:00:07.135 D/CCDTOSSec231( 1597): Scan Activities
12-31 16:00:07.135 D/CCDTOSSec231( 1597): Scan Services
12-31 16:00:07.135 D/CCDTOSSec231( 1597): mCategories is NOT @ android.content.pm.PackageParser.ServiceIntentInfo
12-31 16:00:07.135 D/CCDTOSSec231( 1597): mCategories is NOT @ android.content.pm.PackageParser.IntentInfo
12-31 16:00:07.135 D/CCDTOSSec231( 1597): NO WORK:mCategories is null @ android.content.pm.PackageParser.ServiceIntentInfo
12-31 16:00:07.135 D/CCDTOSSec231( 1597): mActions is NOT @ android.content.pm.PackageParser.ServiceIntentInfo
12-31 16:00:07.135 D/CCDTOSSec231( 1597): mActions is NOT @ android.content.pm.PackageParser.IntentInfo
12-31 16:00:07.135 D/CCDTOSSec231( 1597): Get com.dvb.auth.service.GetTokenService from cn.ljwl.aaa
12-31 16:00:07.135 D/CCDTOSSec231( 1597): Scan Receivers
12-31 16:00:07.135 D/CCDTOSSec231( 1597): Scan Providers
12-31 16:00:07.135 D/CCDTOSSec231( 1597): Check time cost: 2 ms
12-31 16:00:07.135 I/PackageManager( 1597): Package cn.ljwl.aaa at /system/app/AAA8.0.apk ignored: updated version 99 better than this 8
