01-01 08:00:16.308 D/ConnectivityService( 2017): Got NetworkFactory Messenger for Ethernet
01-01 08:00:16.517 I/ActivityManager( 2017): Config changes=200 {1.0 ?mcc?mnc zh_CN ?layoutDir sw720dp w1280dp h720dp 160dpi xlrg long land television -touch -keyb/v/h dpad/v s.4}
01-01 08:00:16.523 V/BackupManagerService( 2017): No ancestral data
01-01 08:00:16.525 D/BackupManagerService( 2017): Now staging backup of com.android.browser
01-01 08:00:16.531 D/BackupManagerService( 2017): Now staging backup of android
01-01 08:00:16.533 D/BackupManagerService( 2017): Now staging backup of com.android.providers.settings
01-01 08:00:16.534 D/BackupManagerService( 2017): Now staging backup of com.android.sharedstoragebackup
01-01 08:00:16.536 V/BackupManagerService( 2017): Starting with transport android/com.android.internal.backup.LocalTransport
01-01 08:00:16.536 V/BackupManagerService( 2017): Found transports: 1
01-01 08:00:16.536 I/BackupManagerService( 2017): Binding to transport host ComponentInfo{android/com.android.internal.backup.LocalTransportService}
01-01 08:00:16.540 I/BackupManagerService( 2017): Found stale backup journal, scheduling
01-01 08:00:16.556 E/WindowManager( 2017): load4KAppList: Use Full-HD mode
01-01 08:00:16.571 W/BatteryStatsImpl( 2017): Couldn't get kernel wake lock stats
01-01 08:00:16.572 I/DisplayManagerService( 2017): Display device changed: DisplayDeviceInfo{"内置屏幕": uniqueId="local:0", 1280 x 720, 60.000004 fps, supportedRefreshRates [60.000004], density 160, 160.0 x 160.0 dpi, appVsyncOff 0, presDeadline 17666666, touch INTERNAL, rotation 0, type BUILT_IN, state ON, FLAG_DEFAULT_DISPLAY, FLAG_ROTATES_WITH_CONTENT, FLAG_SECURE, FLAG_SUPPORTS_PROTECTED_BUFFERS}
01-01 08:00:16.597 I/AppOps  ( 2017): Pruning old package media/1013: new uid=-1
01-01 08:00:16.597 I/ActivityManager( 2017): System now ready
01-01 08:00:16.598 I/SystemServer( 2017): Making services ready
01-01 08:00:16.598 I/SystemServiceManager( 2017): Starting phase 550
01-01 08:00:16.601 I/SystemServer( 2017): WebViewFactory preparation
01-01 08:00:16.643 I/ActivityManager( 2017): Start proc 2123:android.process.media/u0a2 for broadcast com.android.providers.media/.MtpReceiver
01-01 08:00:16.655 D/UsbHostManager( 2017): Added device UsbDevice[mName=/dev/bus/usb/001/002,mVendorId=3034,mProductId=61817,mClass=0,mSubclass=0,mProtocol=0,mManufacturerName=Realtek,mProductName=802.11n,mSerialNumber=4C0FC7C3274B,mConfigurations=[
01-01 08:00:16.655 D/UsbHostManager( 2017): UsbConfiguration[mId=1,mName=null,mAttributes=160,mMaxPower=250,mInterfaces=[
01-01 08:00:16.655 D/UsbHostManager( 2017): UsbInterface[mId=0,mAlternateSetting=0,mName=null,mClass=255,mSubclass=255,mProtocol=255,mEndpoints=[
01-01 08:00:16.655 D/UsbHostManager( 2017): UsbEndpoint[mAddress=129,mAttributes=2,mMaxPacketSize=512,mInterval=0]
01-01 08:00:16.655 D/UsbHostManager( 2017): UsbEndpoint[mAddress=2,mAttributes=2,mMaxPacketSize=512,mInterval=0]
01-01 08:00:16.655 D/UsbHostManager( 2017): UsbEndpoint[mAddress=3,mAttributes=2,mMaxPacketSize=512,mInterval=0]]]]
01-01 08:00:16.656 W/ContextImpl( 2017): Calling a method in the system process without a qualified user: android.app.ContextImpl.sendBroadcast:1345 com.android.server.usb.UsbSettingsManager.deviceAttached:741 com.android.server.usb.UsbHostManager.endUsbDeviceAdded:224 com.android.server.usb.UsbHostManager.monitorUsbHostBus:-2 com.android.server.usb.UsbHostManager.access$000:42 
01-01 08:00:16.673 I/ActivityManager( 2017): Start proc 2141:WebViewLoader-armeabi-v7a/1037 [android.webkit.WebViewFactory$RelroFileCreator] for 
01-01 08:00:16.705 I/ActivityManager( 2017): Start proc 2161:com.android.systemui/u0a7 for service com.android.systemui/.SystemUIService
01-01 08:00:16.705 D/MountService( 2017): volume state changed for /storage/sdcard (unmounted -> mounted)
01-01 08:00:16.705 D/NetworkManagementService( 2017): enabling bandwidth control
01-01 08:00:16.706 D/MountService( 2017): sendStorageIntent Intent { act=android.intent.action.MEDIA_MOUNTED dat=file:///storage/sdcard flg=0x4000000 (has extras) } to UserHandle{-1}
01-01 08:00:16.711 W/PackageManager( 2017): Unknown permission android.permission.SYSTEM_OVERLAY_WINDOW in package com.suma.midware.back
01-01 08:00:16.711 W/PackageManager( 2017): Not granting permission android.permission.READ_LOGS to package com.sostation.happyle.huantv (protectionLevel=50 flags=0x88be44)
01-01 08:00:16.711 W/PackageManager( 2017): Not granting permission android.permission.RECEIVE_BOOT_COMPLETED to package com.sostation.happyle.huantv because it was previously installed without
01-01 08:00:16.711 W/PackageManager( 2017): Not granting permission android.permission.ACCESS_DOWNLOAD_MANAGER to package com.sostation.happyle.huantv (protectionLevel=18 flags=0x88be44)
01-01 08:00:16.711 W/PackageManager( 2017): Not granting permission android.permission.DEVICE_POWER to package com.sostation.happyle.huantv (protectionLevel=2 flags=0x88be44)
01-01 08:00:16.711 W/PackageManager( 2017): Not granting permission android.permission.MOUNT_UNMOUNT_FILESYSTEMS to package com.sostation.happyle.huantv (protectionLevel=18 flags=0x88be44)
01-01 08:00:16.711 W/PackageManager( 2017): Not granting permission android.permission.CHANGE_CONFIGURATION to package com.sostation.happyle.huantv (protectionLevel=50 flags=0x88be44)
01-01 08:00:16.711 W/PackageManager( 2017): Unknown permission com.android.launcher.permission.READ_SETTINGS in package com.sostation.happyle.huantv
01-01 08:00:16.711 W/PackageManager( 2017): Unknown permission com.android.launcher.permission.WRITE_SETTINGS in package com.sostation.happyle.huantv
01-01 08:00:16.711 W/PackageManager( 2017): Not granting permission android.permission.SET_DEBUG_APP to package com.sostation.happyle.huantv (protectionLevel=50 flags=0x88be44)
01-01 08:00:16.711 W/PackageManager( 2017): Not granting permission android.permission.ACCESS_DOWNLOAD_MANAGER to package com.android.browser (protectionLevel=18 flags=0x9be45)
01-01 08:00:16.711 W/PackageManager( 2017): Not granting permission android.permission.SEND_DOWNLOAD_COMPLETED_INTENTS to package com.android.browser (protectionLevel=2 flags=0x9be45)
01-01 08:00:16.712 W/PackageManager( 2017): Not granting permission android.permission.READ_LOGS to package com.ktcp.video (protectionLevel=50 flags=0x983e44)
01-01 08:00:16.712 W/PackageManager( 2017): Unknown permission android.permission.READ_SETTINGS in package com.ktcp.video
01-01 08:00:16.712 W/PackageManager( 2017): Not granting permission android.permission.RECEIVE_BOOT_COMPLETED to package com.ktcp.video because it was previously installed without
01-01 08:00:16.712 W/PackageManager( 2017): Unknown permission com.tencent.qqmusictv.playerservice in package com.ktcp.video
01-01 08:00:16.712 W/PackageManager( 2017): Not granting permission android.permission.MOUNT_UNMOUNT_FILESYSTEMS to package com.ktcp.video (protectionLevel=18 flags=0x983e44)
01-01 08:00:16.715 W/PackageManager( 2017): Unknown permission android.permission.SYSTEM_OVERLAY_WINDOW in package com.ktcp.video
01-01 08:00:16.715 W/PackageManager( 2017): Not granting permission android.permission.ACCESS_DOWNLOAD_MANAGER to package com.ktcp.video (protectionLevel=18 flags=0x983e44)
01-01 08:00:16.715 W/PackageManager( 2017): Unknown permission com.huawei.hwid.permission.ACCESS in package com.ktcp.video
01-01 08:00:16.715 W/PackageManager( 2017): Unknown permission com.huawei.appmarket.provider.readPermission in package com.ktcp.video
01-01 08:00:16.715 W/PackageManager( 2017): Unknown permission com.mstar.android.permissionn.ACCESS_TV_DATA in package com.ktcp.video
01-01 08:00:16.715 W/PackageManager( 2017): Unknown permission android.permission.RECEIVE_USER_PRESENT in package com.ktcp.video
01-01 08:00:16.715 W/PackageManager( 2017): Not granting permission android.permission.REAL_GET_TASKS to package com.ktcp.video (protectionLevel=18 flags=0x983e44)
01-01 08:00:16.715 W/PackageManager( 2017): Unknown permission com.ktcp.launcher.PREF_PROVIDER in package com.ktcp.video
01-01 08:00:16.715 W/PackageManager( 2017): Unknown permission com.ktcp.video.WebView in package com.ktcp.video
01-01 08:00:16.715 W/PackageManager( 2017): Unknown permission com.android.launcher.permission.WRITE_SETTINGS in package com.suma.midware.applist
01-01 08:00:16.715 W/PackageManager( 2017): Unknown permission com.android.launcher.permission.READ_SETTINGS in package com.suma.midware.applist
01-01 08:00:16.715 W/PackageManager( 2017): Unknown permission com.android.launcher.permission.WRITE_SETTINGS in package com.suma.midware.dvb
01-01 08:00:16.715 W/PackageManager( 2017): Unknown permission com.android.launcher.permission.READ_SETTINGS in package com.suma.midware.dvb
01-01 08:00:16.715 W/PackageManager( 2017): Not granting permission android.permission.READ_LOGS to package cn.kuwo.sing.tv (protectionLevel=50 flags=0xd8be44)
01-01 08:00:16.715 W/PackageManager( 2017): Unknown permission com.android.launcher.permission.READ_SETTINGS in package cn.kuwo.sing.tv
01-01 08:00:16.715 W/PackageManager( 2017): Unknown permission com.android.launcher.permission.WRITE_SETTINGS in package cn.kuwo.sing.tv
01-01 08:00:16.715 W/PackageManager( 2017): Not granting permission android.permission.MOUNT_UNMOUNT_FILESYSTEMS to package cn.kuwo.sing.tv (protectionLevel=18 flags=0xd8be44)
01-01 08:00:16.715 W/PackageManager( 2017): Unknown permission com.mstar.android.permissionn.ACCESS_TV_DATA in package cn.kuwo.sing.tv
01-01 08:00:16.715 W/PackageManager( 2017): Unknown permission android.permission.WRITE_INTERNAL_STORAGE in package com.sumavision.android.media.v
01-01 08:00:16.715 W/PackageManager( 2017): Not granting permission android.permission.READ_LOGS to package com.starcor.mango (protectionLevel=50 flags=0x98be44)
01-01 08:00:16.715 W/PackageManager( 2017): Not granting permission android.permission.RECEIVE_BOOT_COMPLETED to package com.starcor.mango because it was previously installed without
01-01 08:00:16.716 W/PackageManager( 2017): Unknown permission android.permission.RUN_INSTRUMENTATION in package com.starcor.mango
01-01 08:00:16.716 W/PackageManager( 2017): Unknown permission com.xiaomi.permission.MANAGE_ACCOUNTS in package com.starcor.mango
01-01 08:00:16.716 W/PackageManager( 2017): Not granting permission android.permission.MOUNT_UNMOUNT_FILESYSTEMS to package com.starcor.mango (protectionLevel=18 flags=0x98be44)
01-01 08:00:16.716 W/PackageManager( 2017): Unknown permission com.xiaomi.permission.AUTH_SERVICE in package com.starcor.mango
01-01 08:00:16.716 W/PackageManager( 2017): Not granting permission android.permission.MOUNT_UNMOUNT_FILESYSTEMS to package tv.huan.tutu.album (protectionLevel=18 flags=0x88be44)
01-01 08:00:16.716 W/PackageManager( 2017): Unknown permission android.permission.SYSTEM_OVERLAY_WINDOW in package tv.huan.tutu.album
01-01 08:00:16.716 W/PackageManager( 2017): Not granting permission android.permission.RECEIVE_BOOT_COMPLETED to package tv.huan.tutu.album because it was previously installed without
01-01 08:00:16.716 W/PackageManager( 2017): Not granting permission android.permission.BIND_DREAM_SERVICE to package tv.huan.tutu.album (protectionLevel=2 flags=0x88be44)
01-01 08:00:16.716 W/PackageManager( 2017): Unknown permission com.android.launcher.permission.WRITE_SETTINGS in package com.suma.midware.factorymenu
01-01 08:00:16.716 W/PackageManager( 2017): Unknown permission com.android.launcher.permission.READ_SETTINGS in package com.suma.midware.factorymenu
01-01 08:00:16.717 W/PackageManager( 2017): Unknown permission com.android.smspush.WAPPUSH_MANAGER_BIND in package com.android.phone
01-01 08:00:16.717 W/PackageManager( 2017): Not granting permission android.permission.RECEIVE_BOOT_COMPLETED to package com.trans.runcool because it was previously installed without
01-01 08:00:16.717 W/PackageManager( 2017): Not granting permission android.permission.MOUNT_UNMOUNT_FILESYSTEMS to package com.trans.runcool (protectionLevel=18 flags=0x48be44)
01-01 08:00:16.717 W/PackageManager( 2017): Not granting permission android.permission.CHANGE_CONFIGURATION to package com.trans.runcool (protectionLevel=50 flags=0x48be44)
01-01 08:00:16.717 W/PackageManager( 2017): Not granting permission android.permission.MOUNT_UNMOUNT_FILESYSTEMS to package com.gitvdemo.video (protectionLevel=18 flags=0xd8be44)
01-01 08:00:16.717 W/PackageManager( 2017): Unknown permission android.permission.SET_PROCESS_FOREGROUND in package com.gitvdemo.video
01-01 08:00:16.717 W/PackageManager( 2017): Not granting permission android.permission.RECEIVE_BOOT_COMPLETED to package com.gitvdemo.video because it was previously installed without
01-01 08:00:16.717 W/PackageManager( 2017): Not granting permission android.permission.ACCESS_CACHE_FILESYSTEM to package com.gitvdemo.video (protectionLevel=18 flags=0xd8be44)
01-01 08:00:16.717 W/PackageManager( 2017): Not granting permission android.permission.INJECT_EVENTS to package com.gitvdemo.video (protectionLevel=2 flags=0xd8be44)
01-01 08:00:16.717 W/PackageManager( 2017): Not granting permission android.permission.READ_LOGS to package com.gitvdemo.video (protectionLevel=50 flags=0xd8be44)
01-01 08:00:16.717 W/PackageManager( 2017): Unknown permission android.permission.RUN_INSTRUMENTATION in package com.gitvdemo.video
01-01 08:00:16.717 W/PackageManager( 2017): Unknown permission android.permission.USE_SPECIAL_UDISK in package com.gitvdemo.video
01-01 08:00:16.717 W/PackageManager( 2017): Not granting permission android.permission.MASTER_CLEAR to package com.gitvdemo.video (protectionLevel=18 flags=0xd8be44)
01-01 08:00:16.717 W/PackageManager( 2017): Unknown permission android.permission.READ_MEDIA_STORAGE in package com.gitvdemo.video
01-01 08:00:16.717 W/PackageManager( 2017): Not granting permission android.permission.WRITE_MEDIA_STORAGE to package com.gitvdemo.video (protectionLevel=18 flags=0xd8be44)
01-01 08:00:16.717 W/PackageManager( 2017): Not granting permission android.permission.INSTALL_LOCATION_PROVIDER to package com.gitvdemo.video (protectionLevel=18 flags=0xd8be44)
01-01 08:00:16.717 W/PackageManager( 2017): Not granting permission android.permission.INSTALL_PACKAGES to package com.gitvdemo.video (protectionLevel=18 flags=0xd8be44)
01-01 08:00:16.718 W/PackageManager( 2017): Not granting permission android.permission.DELETE_PACKAGES to package com.gitvdemo.video (protectionLevel=18 flags=0xd8be44)
01-01 08:00:16.718 W/PackageManager( 2017): Unknown permission com.smit.icast.DVB_SERVICE_PERMISSION in package com.gitvdemo.video
01-01 08:00:16.718 W/PackageManager( 2017): Not granting permission android.permission.INTERACT_ACROSS_USERS_FULL to package com.gitvdemo.video (protectionLevel=2 flags=0xd8be44)
01-01 08:00:16.718 W/PackageManager( 2017): Unknown permission android.permission.READ_SETTINGS in package com.gitvdemo.video
01-01 08:00:16.718 W/PackageManager( 2017): Unknown permission com.android.launcher.permission.WRITE_SETTINGS in package com.suma.midware.setting
01-01 08:00:16.718 W/PackageManager( 2017): Unknown permission com.android.launcher.permission.READ_SETTINGS in package com.suma.midware.setting
01-01 08:00:16.718 W/PackageManager( 2017): Unknown permission android.permission.SYSTEM_OVERLAY_WINDOW in package com.hisilicon.android.pqsetting
01-01 08:00:16.808 V/FingerprintService( 2017): startListening(android.service.fingerprint.IFingerprintServiceReceiver$Stub$Proxy@7752271)
01-01 08:00:16.903 I/ActivityManager( 2017): Start proc 2257:com.android.externalstorage/u0a3 for broadcast com.android.externalstorage/.MountReceiver
01-01 08:00:16.992 I/SystemServiceManager( 2017): Starting phase 600
01-01 08:00:16.996 I/BackupManagerService( 2017): Backup enabled => false
01-01 08:00:16.996 I/BackupManagerService( 2017): Opting out of backup
01-01 08:00:17.002 E/InputMethodManagerService( 2017): Ignoring setImeWindowStatus due to an invalid token. uid:1000 token:null
01-01 08:00:17.003 W/InputMethodManagerService( 2017): Skipping input method ComponentInfo{com.suma.midware.back/com.suma.midware.back.sanping.input.SoftInputService}: it does not require the permission android.permission.BIND_INPUT_METHOD
01-01 08:00:17.049 I/ActivityManager( 2017): Start proc 2342:com.amlogic.inputmethod.remote/u0a19 for service com.amlogic.inputmethod.remote/.RemoteIME
01-01 08:00:17.049 V/InputMethodManagerService( 2017): Adding window token: android.os.Binder@13f59349
01-01 08:00:17.068 W/LocationManagerService( 2017): no network location provider found
01-01 08:00:17.071 E/LocationManagerService( 2017): no geocoder provider found
01-01 08:00:17.071 E/LocationManagerService( 2017): FLP HAL not supported
01-01 08:00:17.073 E/LocationManagerService( 2017): Unable to bind FLP Geofence proxy.
01-01 08:00:17.074 E/LocationManagerService( 2017): Hardware Activity-Recognition not supported.
01-01 08:00:17.079 I/MmsServiceBroker( 2017): Delay connecting to MmsService until an API is called
01-01 08:00:17.112 I/ActivityManager( 2017): Start proc 2385:com.suma.midware.back/1000 for added application com.suma.midware.back
01-01 08:00:17.153 I/ActivityManager( 2017): Start proc 2405:com.hisilicon.android.hiRMService/1000 for added application com.hisilicon.android.hiRMService
01-01 08:00:17.197 I/ActivityManager( 2017): Start proc 2428:com.suma.midware.dms/1000 for added application com.suma.midware.dms
01-01 08:00:17.290 I/ActivityManager( 2017): Start proc 2450:com.suma.midware.global/1000 for added application com.suma.midware.global
01-01 08:00:17.321 I/ActivityManager( 2017): Start proc 2477:com.android.phone/1001 for added application com.android.phone
01-01 08:00:17.321 I/ActivityManager( 2017): START u0 {act=android.intent.action.MAIN cat=[android.intent.category.HOME] flg=0x10000000 cmp=com.suma.midware.home/.third.Main3DActivity} from uid 0 on display 0
01-01 08:00:17.329 V/WindowManager( 2017): addAppToken: AppWindowToken{29a8dd4b token=Token{146dce1a ActivityRecord{34c5d4c5 u0 com.suma.midware.home/.third.Main3DActivity t779}}} to stack=0 task=779 at 0
01-01 08:00:17.352 I/ActivityManager( 2017): Start proc 2495:com.suma.midware.home/1000 for activity com.suma.midware.home/.third.Main3DActivity
01-01 08:00:17.354 I/SystemServer( 2017): NGB ClassLoader dalvik.system.PathClassLoader[DexPathList[[],nativeLibraryDirectories=[/vendor/lib, /system/lib]]], parent dalvik.system.PathClassLoader[DexPathList[[zip file "/system/framework/services.jar", zip file "/system/framework/ethernet-service.jar", zip file "/system/framework/wifi-service.jar"],nativeLibraryDirectories=[/vendor/lib, /system/lib]]]
01-01 08:00:17.355 E/SystemServer( 2017): Some exception in loading class com.android.server.NgbEventManagerService
01-01 08:00:17.355 W/ActivityManager( 2017): Unable to start service Intent { cmp=com.android.printspooler/.model.PrintSpoolerService } U=0: not found
01-01 08:00:17.356 E/SystemServer( 2017): Can not get NGB Event Manager Service
01-01 08:00:17.356 W/SystemServer( 2017): ***********************************************
01-01 08:00:17.357 F/SystemServer( 2017): BOOT FAILURE making NGB Event Manager Service ready
01-01 08:00:17.357 F/SystemServer( 2017): java.lang.ClassNotFoundException: com.android.server.NgbEventManagerService
01-01 08:00:17.357 F/SystemServer( 2017): 	at java.lang.Class.classForName(Native Method)
01-01 08:00:17.357 F/SystemServer( 2017): 	at java.lang.Class.forName(Class.java:309)
01-01 08:00:17.357 F/SystemServer( 2017): 	at java.lang.Class.forName(Class.java:273)
01-01 08:00:17.357 F/SystemServer( 2017): 	at com.android.server.SystemServer.run(SystemServer.java:304)
01-01 08:00:17.357 F/SystemServer( 2017): 	at com.android.server.SystemServer.main(SystemServer.java:178)
01-01 08:00:17.357 F/SystemServer( 2017): 	at java.lang.reflect.Method.invoke(Native Method)
01-01 08:00:17.357 F/SystemServer( 2017): 	at java.lang.reflect.Method.invoke(Method.java:372)
01-01 08:00:17.357 F/SystemServer( 2017): 	at com.android.internal.os.ZygoteInit$MethodAndArgsCaller.run(ZygoteInit.java:903)
01-01 08:00:17.357 F/SystemServer( 2017): 	at com.android.internal.os.ZygoteInit.main(ZygoteInit.java:698)
01-01 08:00:17.357 F/SystemServer( 2017): Caused by: java.lang.ClassNotFoundException: Didn't find class "com.android.server.NgbEventManagerService" on path: DexPathList[[zip file "/system/framework/services.jar", zip file "/system/framework/ethernet-service.jar", zip file "/system/framework/wifi-service.jar"],nativeLibraryDirectories=[/vendor/lib, /system/lib]]
01-01 08:00:17.357 F/SystemServer( 2017): 	at dalvik.system.BaseDexClassLoader.findClass(BaseDexClassLoader.java:56)
01-01 08:00:17.357 F/SystemServer( 2017): 	at java.lang.ClassLoader.loadClass(ClassLoader.java:511)
01-01 08:00:17.357 F/SystemServer( 2017): 	at java.lang.ClassLoader.loadClass(ClassLoader.java:469)
01-01 08:00:17.357 F/SystemServer( 2017): 	... 9 more
01-01 08:00:17.357 F/SystemServer( 2017): 	Suppressed: java.lang.ClassNotFoundException: Didn't find class "com.android.server.NgbEventManagerService" on path: DexPathList[[directory "."],nativeLibraryDirectories=[/vendor/lib, /system/lib]]
01-01 08:00:17.357 F/SystemServer( 2017): 		at dalvik.system.BaseDexClassLoader.findClass(BaseDexClassLoader.java:56)
01-01 08:00:17.357 F/SystemServer( 2017): 		at java.lang.ClassLoader.loadClass(ClassLoader.java:511)
01-01 08:00:17.357 F/SystemServer( 2017): 		at java.lang.ClassLoader.loadClass(ClassLoader.java:504)
01-01 08:00:17.357 F/SystemServer( 2017): 		... 10 more
01-01 08:00:17.357 F/SystemServer( 2017): 		Suppressed: java.lang.ClassNotFoundException: com.android.server.NgbEventManagerService
01-01 08:00:17.357 F/SystemServer( 2017): 			at java.lang.Class.classForName(Native Method)
01-01 08:00:17.357 F/SystemServer( 2017): 			at java.lang.BootClassLoader.findClass(ClassLoader.java:781)
01-01 08:00:17.357 F/SystemServer( 2017): 			at java.lang.BootClassLoader.loadClass(ClassLoader.java:841)
01-01 08:00:17.357 F/SystemServer( 2017): 			at java.lang.ClassLoader.loadClass(ClassLoader.java:504)
01-01 08:00:17.357 F/SystemServer( 2017): 			... 11 more
01-01 08:00:17.357 F/SystemServer( 2017): 		Caused by: java.lang.NoClassDefFoundError: Class not found using the boot class loader; no stack available
01-01 08:00:17.360 E/SystemServer( 2017): Some exception in loading class com.android.server.NgbInputEventService
01-01 08:00:17.361 E/SystemServer( 2017): Can not get NGB Input Event Service
01-01 08:00:17.361 I/SystemServer( 2017): [DCAS] CASEventManagerService
01-01 08:00:17.361 I/SystemServer( 2017): catch throw
01-01 08:00:17.362 I/SystemServer( 2017): Enabled StrictMode for system server main thread.
01-01 08:00:17.374 V/ActivityManager( 2017): Display changed displayId=0
01-01 08:00:17.397 V/ActivityManager( 2017): Display changed displayId=0
01-01 08:00:17.430 I/Telecom ( 2017): TelecomGlobals: TelecomGlobals initializing
01-01 08:00:17.443 E/ActivityThread( 2017): Failed to find provider info for call_log
01-01 08:00:17.513 I/Telecom ( 2017): TelecomGlobals: CallsManager initialized
01-01 08:00:17.514 W/ContextImpl( 2017): Calling a method in the system process without a qualified user: android.app.ContextImpl.startService:1710 android.content.ContextWrapper.startService:516 com.android.server.telecom.BluetoothPhoneService.start:440 com.android.server.telecom.TelecomGlobals.initialize:93 com.android.server.telecom.TelecomService.onCreate:164 
01-01 08:00:17.515 V/CameraObserver( 2017): Intent.ACTION_CAMERA_PLUG: state: 0:name:video0
01-01 08:00:17.516 W/ContextImpl( 2017): Calling a method in the system process without a qualified user: android.app.ContextImpl.sendBroadcast:1345 com.android.server.CameraObserver.sendIntent:116 com.android.server.CameraObserver.access$000:37 com.android.server.CameraObserver$1.handleMessage:122 android.os.Handler.dispatchMessage:102 
01-01 08:00:17.517 D/ZenLog  ( 2017): downtime: Autotrigger skipped: not in downtime
01-01 08:00:17.522 W/ResourcesManager( 2017): Asset path '/system/framework/com.android.location.provider.jar' does not exist or contains no resources.
01-01 08:00:17.529 V/WiredAccessoryManager( 2017): init()
01-01 08:00:17.531 V/WiredAccessoryManager( 2017): newName=hdmi newState=16 headsetState=16 prev headsetState=0
01-01 08:00:17.543 W/AppWidgetServiceImpl( 2017): Failed to read state: java.io.FileNotFoundException: /data/system/users/0/appwidgets.xml: open failed: ENOENT (No such file or directory)
01-01 08:00:17.543 V/AppWidgetServiceImpl( 2017): Upgrading widget database from 0 to 1
01-01 08:00:17.553 V/BackupManagerService( 2017): Connected to transport ComponentInfo{android/com.android.internal.backup.LocalTransportService}
01-01 08:00:17.554 V/BackupManagerService( 2017): Registering transport android/com.android.internal.backup.LocalTransportService::android/com.android.internal.backup.LocalTransport = android.app.backup.BackupTransport$TransportImpl@17a24d0b
01-01 08:00:17.560 V/ActivityManager( 2017): Display changed displayId=0
01-01 08:00:17.564 W/ContextImpl( 2428): Calling a method in the system process without a qualified user: android.app.ContextImpl.bindService:1774 android.content.ContextWrapper.bindService:539 com.suma.midware.prop.i.b:-1 com.suma.midware.prop.i.a:-1 com.suma.midware.prop.BaseClientApplication.onCreate:-1 
01-01 08:00:17.567 V/WiredAccessoryManager( 2017): device hdmi connected
01-01 08:00:17.574 W/ContextImpl( 2450): Calling a method in the system process without a qualified user: android.app.ContextImpl.bindService:1774 android.content.ContextWrapper.bindService:539 com.suma.midware.prop.i.b:-1 com.suma.midware.prop.i.a:-1 com.suma.midware.global.GlobalApplication.onCreate:-1 
01-01 08:00:17.655 W/ContextImpl( 2495): Calling a method in the system process without a qualified user: android.app.ContextImpl.bindService:1774 android.content.ContextWrapper.bindService:539 com.suma.midware.prop.i.b:-1 com.suma.midware.prop.i.a:-1 com.suma.midware.home.HomeApplication.onCreate:-1 
01-01 08:00:17.735 W/ContextImpl( 2385): Calling a method in the system process without a qualified user: android.app.ContextImpl.startService:1710 android.content.ContextWrapper.startService:516 com.suma.midware.back.boot.ServiceBoot.b:-1 com.suma.midware.back.BackService.onCreate:-1 android.app.ActivityThread.handleCreateService:2761 
01-01 08:00:17.737 W/ContextImpl( 2385): Calling a method in the system process without a qualified user: android.app.ContextImpl.startService:1710 android.content.ContextWrapper.startService:516 com.suma.midware.back.boot.ServiceBoot.b:-1 com.suma.midware.back.BackService.onCreate:-1 android.app.ActivityThread.handleCreateService:2761 
01-01 08:00:17.747 W/ContextImpl( 2385): Calling a method in the system process without a qualified user: android.app.ContextImpl.startService:1710 android.content.ContextWrapper.startService:516 com.suma.midware.back.boot.neimeng.BackBootDealerNeimeng.a:-1 com.suma.midware.back.boot.ServiceBoot.b:-1 com.suma.midware.back.BackService.onCreate:-1 
01-01 08:00:17.766 D/WifiService( 2017): New client listening to asynchronous messages
01-01 08:00:17.837 E/ConnectivityService( 2017): Failed to find Messenger in unregisterNetworkFactory
01-01 08:00:17.839 D/ConnectivityService( 2017): Got NetworkFactory Messenger for Telephony
01-01 08:00:17.922 E/ActivityThread( 2477): Failed to find provider info for com.android.contacts
01-01 08:00:18.113 I/StatusBarManagerService( 2017): registerStatusBar bar=com.android.internal.statusbar.IStatusBar$Stub$Proxy@3a42a69b
01-01 08:00:18.580 D/WifiService( 2017): New client listening to asynchronous messages
01-01 08:00:18.612 I/ActivityManager( 2017): Start proc 2592:com.sumavision.android.media.v/u0a22 for broadcast com.sumavision.android.media.v/com.sumavision.android.media.c.MediaAppProReceiver
01-01 08:00:18.646 D/ConnectivityService( 2017): listenForNetwork for NetworkRequest [ id=2, legacyType=-1, [] ]
01-01 08:00:18.703 E/ActivityThread( 2161): Failed to find provider info for com.android.contacts
01-01 08:00:19.216 D/WifiService( 2017): New client listening to asynchronous messages
01-01 08:00:19.987 D/ConnectivityService( 2017): Got NetworkFactory Messenger for WIFI
01-01 08:00:19.987 D/ConnectivityService( 2017): Got NetworkFactory Messenger for WIFI_UT
01-01 08:00:21.268 W/ContextImpl( 2495): Calling a method in the system process without a qualified user: android.app.ContextImpl.sendBroadcast:1345 android.content.ContextWrapper.sendBroadcast:377 com.suma.midware.view.ext.BluetoothUpdate.b:-1 com.suma.midware.home.third.Main3DActivity.onResume:-1 android.app.Instrumentation.callActivityOnResume:1257 
01-01 08:00:21.283 D/WifiService( 2017): New client listening to asynchronous messages
01-01 08:00:21.288 W/ContextImpl( 2495): Calling a method in the system process without a qualified user: android.app.ContextImpl.sendBroadcast:1345 android.content.ContextWrapper.sendBroadcast:377 android.app.ActivityThread.performResumeActivity:2982 android.app.ActivityThread.handleResumeActivity:3023 android.app.ActivityThread.handleLaunchActivity:2392 
01-01 08:00:21.301 V/WindowManager( 2017): Based on layer: Adding window Window{269dc173 u0 com.suma.midware.home/com.suma.midware.home.third.Main3DActivity} at 1 of 6
01-01 08:00:21.345 V/WindowManager( 2017): Adding window Window{21b59ca9 u0 SurfaceView} at 1 of 7 (before Window{269dc173 u0 com.suma.midware.home/com.suma.midware.home.third.Main3DActivity})
01-01 08:00:21.350 V/WindowManager( 2017): Adding window Window{1c8901cf u0 SurfaceView} at 2 of 8 (before Window{269dc173 u0 com.suma.midware.home/com.suma.midware.home.third.Main3DActivity})
01-01 08:00:21.385 W/KeyguardServiceDelegate( 2017): onScreenTurnedOn(): no keyguard service!
01-01 08:00:21.420 I/ActivityManager( 2017): Start proc 2645:com.gitvdemo.video/u0a26 for broadcast com.gitvdemo.video/com.push.pushservice.receiver.PushServiceReceiver
01-01 08:00:21.450 W/ResourcesManager( 2645): Asset path '/system/framework/android.test.runner.jar' does not exist or contains no resources.
01-01 08:00:21.626 I/SystemServiceManager( 2017): Starting phase 1000
01-01 08:00:21.652 W/ActivityManager( 2017): getRunningAppProcesses: caller 10026 does not hold REAL_GET_TASKS; limiting output
01-01 08:00:21.838 D/WifiService( 2017): New client listening to asynchronous messages
01-01 08:00:21.887 W/ActivityManager( 2017): getRunningAppProcesses: caller 10026 does not hold REAL_GET_TASKS; limiting output
01-01 08:00:21.934 W/ContextImpl( 2495): Calling a method in the system process without a qualified user: android.app.ContextImpl.sendBroadcast:1345 android.content.ContextWrapper.sendBroadcast:377 com.suma.midware.home.third.Main3DActivity.a:-1 com.suma.midware.home.third.h.a:-1 com.sumavision.engine.core.base.c.onDrawFrame:-1 
01-01 08:00:22.147 I/ActivityManager( 2017): Start proc 2709:.pushdaemonservice/u0a26 for service com.gitvdemo.video/com.push.pushservice.api.PushService
01-01 08:00:22.152 W/BroadcastQueue( 2017): Permission Denial: receiving Intent { act=android.intent.action.BOOT_COMPLETED flg=0x8000010 (has extras) } to ProcessRecord{13851eea 2161:com.android.systemui/u0a7} (pid=2161, uid=10007) requires android.permission.RECEIVE_BOOT_COMPLETED due to sender null (uid 1000)
01-01 08:00:22.152 W/BroadcastQueue( 2017): Permission Denial: receiving Intent { act=android.intent.action.BOOT_COMPLETED flg=0x8000010 (has extras) } to ProcessRecord{13851eea 2161:com.android.systemui/u0a7} (pid=2161, uid=10007) requires android.permission.RECEIVE_BOOT_COMPLETED due to sender null (uid 1000)
01-01 08:00:22.156 W/BroadcastQueue( 2017): Permission Denial: receiving Intent { act=android.intent.action.BOOT_COMPLETED flg=0x8000010 (has extras) } to com.android.systemui/.BootReceiver requires android.permission.RECEIVE_BOOT_COMPLETED due to sender null (uid 1000)
01-01 08:00:22.158 W/BroadcastQueue( 2017): Permission Denial: receiving Intent { act=android.intent.action.BOOT_COMPLETED flg=0x8000010 (has extras) } to com.android.phone/.OtaStartupReceiver requires android.permission.RECEIVE_BOOT_COMPLETED due to sender null (uid 1000)
01-01 08:00:22.159 W/BroadcastQueue( 2017): Permission Denial: receiving Intent { act=android.intent.action.BOOT_COMPLETED flg=0x8000010 (has extras) } to com.gitvdemo.video/com.gala.video.app.epg.multiscreen.MultiScreenReceiver requires android.permission.RECEIVE_BOOT_COMPLETED due to sender null (uid 1000)
01-01 08:00:22.159 W/BroadcastQueue( 2017): Permission Denial: receiving Intent { act=android.intent.action.BOOT_COMPLETED flg=0x8000010 (has extras) } to com.android.providers.downloads/.DownloadReceiver requires android.permission.RECEIVE_BOOT_COMPLETED due to sender null (uid 1000)
01-01 08:00:22.160 W/BroadcastQueue( 2017): Permission Denial: receiving Intent { act=android.intent.action.BOOT_COMPLETED flg=0x8000010 (has extras) } to com.android.managedprovisioning/.BootReminder requires android.permission.RECEIVE_BOOT_COMPLETED due to sender null (uid 1000)
01-01 08:00:22.160 W/BroadcastQueue( 2017): Permission Denial: receiving Intent { act=android.intent.action.BOOT_COMPLETED flg=0x8000010 (has extras) } to com.android.providers.media/.MediaScannerReceiver requires android.permission.RECEIVE_BOOT_COMPLETED due to sender null (uid 1000)
01-01 08:00:22.160 W/BroadcastQueue( 2017): Permission Denial: receiving Intent { act=android.intent.action.BOOT_COMPLETED flg=0x8000010 (has extras) } to com.android.providers.media/.MtpReceiver requires android.permission.RECEIVE_BOOT_COMPLETED due to sender null (uid 1000)
01-01 08:00:22.162 W/ContextImpl( 2405): Calling a method in the system process without a qualified user: android.app.ContextImpl.startService:1710 android.content.ContextWrapper.startService:516 android.content.ContextWrapper.startService:516 com.hisilicon.android.hiRMService.HiRMBroadcastReceiver.onReceive:21 android.app.ActivityThread.handleReceiver:2609 
01-01 08:00:22.176 I/BootReceiver( 2017): Copying audit failures to DropBox
01-01 08:00:22.176 I/BootReceiver( 2017): Checking for fsck errors
01-01 08:00:22.190 D/WifiService( 2017): New client listening to asynchronous messages
01-01 08:00:22.228 I/ActivityManager( 2017): Start proc 2736:com.android.keychain/1000 for service com.android.keychain/.KeyChainService
01-01 08:00:22.288 W/BroadcastQueue( 2017): Permission Denial: receiving Intent { act=android.intent.action.BOOT_COMPLETED flg=0x8000010 (has extras) } to com.huan.appstore/.receiver.DeviceBootReceiver requires android.permission.RECEIVE_BOOT_COMPLETED due to sender null (uid 1000)
01-01 08:00:22.330 I/ActivityManager( 2017): Start proc 2758:com.sumavision.admindm/1000 for broadcast com.sumavision.admindm/.StartSessionBroadcastReceiver
01-01 08:00:22.427 W/ContextImpl( 2758): Calling a method in the system process without a qualified user: android.app.ContextImpl.startService:1710 android.content.ContextWrapper.startService:516 android.content.ContextWrapper.startService:516 com.sumavision.admindm.StartSessionBroadcastReceiver.onReceive:-1 android.app.ActivityThread.handleReceiver:2609 
01-01 08:00:22.432 W/ContextImpl( 2428): Calling a method in the system process without a qualified user: android.app.ContextImpl.startService:1710 android.content.ContextWrapper.startService:516 android.content.ContextWrapper.startService:516 com.suma.midware.dms.util.DmsUtil.a:-1 com.suma.midware.dms.util.DmsUtil.a:-1 
01-01 08:00:22.433 W/AlarmManager( 2017): Suspiciously short interval 5000 millis; expanding to 60 seconds
01-01 08:00:22.437 W/ContextImpl( 2450): Calling a method in the system process without a qualified user: android.app.ContextImpl.startService:1710 android.content.ContextWrapper.startService:516 com.suma.midware.global.receiver.BootReceiver.onReceive:-1 android.app.ActivityThread.handleReceiver:2609 android.app.ActivityThread.access$1700:151 
01-01 08:00:22.439 W/AlarmManager( 2017): Suspiciously short interval 10000 millis; expanding to 60 seconds
01-01 08:00:22.448 W/ContextImpl( 2385): Calling a method in the system process without a qualified user: android.app.ContextImpl.startService:1710 android.content.ContextWrapper.startService:516 android.content.ContextWrapper.startService:516 com.suma.midware.back.BackReceiver.onReceive:-1 android.app.ActivityThread.handleReceiver:2609 
01-01 08:00:22.481 I/ActivityManager( 2017): Start proc 2780:com.suma.midware.setting/1000 for broadcast com.suma.midware.setting/.BootReceiver
01-01 08:00:22.485 W/AlarmManager( 2017): Suspiciously short interval 5000 millis; expanding to 60 seconds
01-01 08:00:22.535 W/ContextImpl( 2758): Calling a method in the system process without a qualified user: android.app.ContextImpl.bindService:1774 android.content.ContextWrapper.bindService:539 com.suma.midware.prop.i.c:-1 com.suma.midware.prop.i.a:-1 com.sumavision.b.a.<init>:-1 
01-01 08:00:22.573 W/ContextImpl( 2780): Calling a method in the system process without a qualified user: android.app.ContextImpl.bindService:1774 android.content.ContextWrapper.bindService:539 com.suma.midware.prop.i.b:-1 com.suma.midware.prop.i.a:-1 com.suma.midware.setting.SetApplication.onCreate:-1 
01-01 08:00:22.578 W/ContextImpl( 2780): Calling a method in the system process without a qualified user: android.app.ContextImpl.startService:1710 android.content.ContextWrapper.startService:516 android.content.ContextWrapper.startService:516 com.suma.midware.setting.BootReceiver.onReceive:-1 android.app.ActivityThread.handleReceiver:2609 
01-01 08:00:22.581 W/AlarmManager( 2017): Suspiciously short interval 10000 millis; expanding to 60 seconds
01-01 08:00:22.583 W/BroadcastQueue( 2017): Permission Denial: receiving Intent { act=android.intent.action.BOOT_COMPLETED flg=0x8000010 (has extras) } to com.gitvdemo.video/com.push.pushservice.receiver.PushServiceReceiver requires android.permission.RECEIVE_BOOT_COMPLETED due to sender null (uid 1000)
01-01 08:00:22.583 W/BroadcastQueue( 2017): Permission Denial: receiving Intent { act=android.intent.action.BOOT_COMPLETED flg=0x8000010 (has extras) } to com.ktcp.video/.receiver.CHRestoreBroadcastReceiver requires android.permission.RECEIVE_BOOT_COMPLETED due to sender null (uid 1000)
01-01 08:00:22.583 W/BroadcastQueue( 2017): Permission Denial: receiving Intent { act=android.intent.action.BOOT_COMPLETED flg=0x8000010 (has extras) } to com.ktcp.video/com.ktcp.msg.lib.BootCompletedReceiver requires android.permission.RECEIVE_BOOT_COMPLETED due to sender null (uid 1000)
01-01 08:00:22.583 W/BroadcastQueue( 2017): Permission Denial: receiving Intent { act=android.intent.action.BOOT_COMPLETED flg=0x8000010 (has extras) } to com.ktcp.video/com.tencent.oma.push.BootstrapReceiver requires android.permission.RECEIVE_BOOT_COMPLETED due to sender null (uid 1000)
01-01 08:00:22.583 W/BroadcastQueue( 2017): Permission Denial: receiving Intent { act=android.intent.action.BOOT_COMPLETED flg=0x8000010 (has extras) } to com.ktcp.video/.receiver.BootstrapProjectionReceiver requires android.permission.RECEIVE_BOOT_COMPLETED due to sender null (uid 1000)
01-01 08:00:22.584 W/BroadcastQueue( 2017): Permission Denial: receiving Intent { act=android.intent.action.BOOT_COMPLETED flg=0x8000010 (has extras) } to com.ktcp.video/com.tencent.qqlivetv.android.recommendation.RecommendReceiver requires android.permission.RECEIVE_BOOT_COMPLETED due to sender null (uid 1000)
01-01 08:00:22.584 W/BroadcastQueue( 2017): Permission Denial: receiving Intent { act=android.intent.action.BOOT_COMPLETED flg=0x8000010 (has extras) } to com.ktcp.video/.receiver.AutoBootReceiver requires android.permission.RECEIVE_BOOT_COMPLETED due to sender null (uid 1000)
01-01 08:00:22.584 W/BroadcastQueue( 2017): Permission Denial: receiving Intent { act=android.intent.action.BOOT_COMPLETED flg=0x8000010 (has extras) } to com.starcor.mango/com.starcor.receiver.BootStartReceiver requires android.permission.RECEIVE_BOOT_COMPLETED due to sender null (uid 1000)
01-01 08:00:22.591 D/WifiService( 2017): New client listening to asynchronous messages
01-01 08:00:29.203 I/ActivityManager( 2017): Start proc 2875:com.gitvdemo.video:hcdn/u0a26 for service com.gitvdemo.video/com.gala.cubedaemon.services.HcdnService
01-01 08:00:29.225 W/ResourcesManager( 2875): Asset path '/system/framework/android.test.runner.jar' does not exist or contains no resources.
01-01 08:00:29.263 W/ActivityManager( 2017): getRunningAppProcesses: caller 10026 does not hold REAL_GET_TASKS; limiting output
01-01 08:00:29.306 I/ActivityManager( 2017): Start proc 2903:com.gitvdemo.video:daemon/u0a26 for service com.gitvdemo.video/com.gala.cubedaemon.services.DaemonService
01-01 08:00:29.326 W/ResourcesManager( 2903): Asset path '/system/framework/android.test.runner.jar' does not exist or contains no resources.
01-01 08:00:29.360 W/ActivityManager( 2017): getRunningAppProcesses: caller 10026 does not hold REAL_GET_TASKS; limiting output
01-01 08:00:29.379 W/ResourcesManager( 2017): Asset path '/system/framework/android.test.runner.jar' does not exist or contains no resources.
01-01 08:00:29.392 W/ResourcesManager( 2161): Asset path '/system/framework/android.test.runner.jar' does not exist or contains no resources.
01-01 08:00:31.288 I/ActivityManager( 2017): START u0 {act=com.suma.midware.action.channel.play cmp=com.suma.midware.dvb/.play.PlayActivity (has extras)} from uid 1000 on display 0
01-01 08:00:31.292 V/WindowManager( 2017): addAppToken: AppWindowToken{1a958880 token=Token{22440103 ActivityRecord{3364cdb2 u0 com.suma.midware.dvb/.play.PlayActivity t780}}} to stack=1 task=780 at 0
01-01 08:00:31.299 V/WindowManager( 2017): Adding window Window{a301d75 u0 Starting com.suma.midware.dvb} at 4 of 9 (after Window{269dc173 u0 com.suma.midware.home/com.suma.midware.home.third.Main3DActivity})
01-01 08:00:31.302 W/ContextImpl( 2495): Calling a method in the system process without a qualified user: android.app.ContextImpl.sendBroadcast:1345 android.content.ContextWrapper.sendBroadcast:377 android.app.ActivityThread.performPauseActivity:3259 android.app.ActivityThread.performPauseActivity:3225 android.app.ActivityThread.handlePauseActivity:3200 
01-01 08:00:31.334 I/ActivityManager( 2017): Start proc 2999:com.suma.midware.dvb/1000 for activity com.suma.midware.dvb/.play.PlayActivity
01-01 08:00:31.476 W/ContextImpl( 2999): Calling a method in the system process without a qualified user: android.app.ContextImpl.bindService:1774 android.content.ContextWrapper.bindService:539 com.suma.midware.prop.i.b:-1 com.suma.midware.prop.i.a:-1 com.suma.midware.dvb.DvbApplication.onCreate:-1 
01-01 08:00:31.571 D/ConnectivityService( 2017): registerNetworkAgent NetworkAgentInfo{ ni{[type: WIFI[], state: CONNECTING/CONNECTING, reason: (unspecified), extra: "ipanel", roaming: false, failover: false, isAvailable: true, isConnectedToProvisioningNetwork: false]}  network{null}  lp{{LinkAddresses: []  Routes: [] DnsAddresses: [] Domains: null MTU: 0 TcpBufferSizes: 524288,1048576,2097152,262144,524288,1048576}}  nc{[ Transports: WIFI Capabilities: INTERNET&NOT_RESTRICTED&TRUSTED&NOT_VPN LinkUpBandwidth>=1048576Kbps LinkDnBandwidth>=1048576Kbps]}  Score{20}  everValidated{false}  lastValidated{false}  created{false}  explicitlySelected{false} }
01-01 08:00:31.572 D/ConnectivityService( 2017): NetworkAgentInfo [WIFI () - 100] EVENT_NETWORK_INFO_CHANGED, going from null to CONNECTING
01-01 08:00:31.588 D/ConnectivityService( 2017): updateNetworkScore for NetworkAgentInfo [WIFI () - 100] to 60
01-01 08:00:31.983 E/ActivityThread( 2999): Failed to find provider info for com.suma.midware.update
01-01 08:00:31.984 I/ActivityManager( 2017): Force stopping com.suma.midware.vod appid=1000 user=0: from pid 2999
01-01 08:00:31.986 D/ActivityThread( 2999): Loading provider com.suma.midware.provider.ubas: com.suma.midware.back.db.UbaProvider
01-01 08:00:32.088 W/ContextImpl( 2999): Calling a method in the system process without a qualified user: android.app.ContextImpl.sendBroadcast:1345 android.content.ContextWrapper.sendBroadcast:377 android.app.ActivityThread.performResumeActivity:2982 android.app.ActivityThread.handleResumeActivity:3023 android.app.ActivityThread.handleLaunchActivity:2392 
01-01 08:00:32.106 V/WindowManager( 2017): Adding window Window{20d2a2c5 u0 com.suma.midware.dvb/com.suma.midware.dvb.play.PlayActivity} at 4 of 10 (before Window{a301d75 u0 Starting com.suma.midware.dvb})
01-01 08:00:32.147 W/ActivityManager( 2017): Process ProcessRecord{10a5841a 2709:.pushdaemonservice/u0a26} failed to attach
01-01 08:00:32.147 W/ActivityManager( 2017): Forcing bringing down service: ServiceRecord{ad55b4b u0 com.gitvdemo.video/com.push.pushservice.api.PushService}
01-01 08:00:32.147 I/ActivityManager( 2017): Killing 2709:.pushdaemonservice/u0a26 (adj -100): start timeout
01-01 08:00:32.580 D/WifiService( 2017): New client listening to asynchronous messages
01-01 08:00:33.205 D/ConnectivityService( 2017): NetworkAgentInfo [WIFI () - 100] EVENT_NETWORK_INFO_CHANGED, going from CONNECTING to CONNECTED
01-01 08:00:33.206 D/ConnectivityService( 2017): Adding iface wlan0 to network 100
01-01 08:00:33.239 E/ConnectivityService( 2017): Unexpected mtu value: 0, wlan0
01-01 08:00:33.239 D/ConnectivityService( 2017): Adding Route [fe80::/64 -> :: wlan0] to network 100
01-01 08:00:33.241 D/ConnectivityService( 2017): Adding Route [192.168.1.0/24 -> 0.0.0.0 wlan0] to network 100
01-01 08:00:33.242 D/ConnectivityService( 2017): Adding Route [0.0.0.0/0 -> 192.168.1.1 wlan0] to network 100
01-01 08:00:33.243 D/ConnectivityService( 2017): Setting Dns servers for network 100 to [/10.11.11.50, /202.99.224.68]
01-01 08:00:33.249 D/ConnectivityService( 2017): notifyType IP_CHANGED for NetworkAgentInfo [WIFI () - 100]
01-01 08:00:33.253 D/ConnectivityService( 2017): notifyType PRECHECK for NetworkAgentInfo [WIFI () - 100]
01-01 08:00:33.253 D/ConnectivityService( 2017): rematching NetworkAgentInfo [WIFI () - 100]
01-01 08:00:33.253 D/ConnectivityService( 2017):    accepting network in place of null
01-01 08:00:33.254 D/ConnectivityService( 2017): Switching to new default network: NetworkAgentInfo{ ni{[type: WIFI[], state: CONNECTED/CONNECTED, reason: (unspecified), extra: "ipanel", roaming: false, failover: false, isAvailable: true, isConnectedToProvisioningNetwork: false]}  network{100}  lp{{InterfaceName: wlan0 LinkAddresses: [192.168.1.102/24,]  Routes: [fe80::/64 -> :: wlan0,192.168.1.0/24 -> 0.0.0.0 wlan0,0.0.0.0/0 -> 192.168.1.1 wlan0,] DnsAddresses: [10.11.11.50,202.99.224.68,] Domains:  MTU: 0 TcpBufferSizes: 524288,1048576,2097152,262144,524288,1048576}}  nc{[ Transports: WIFI Capabilities: INTERNET&NOT_RESTRICTED&TRUSTED&NOT_VPN LinkUpBandwidth>=1048576Kbps LinkDnBandwidth>=1048576Kbps]}  Score{20}  everValidated{false}  lastValidated{false}  created{true}  explicitlySelected{false} }
01-01 08:00:33.255 D/ConnectivityService( 2017): Setting tx/rx TCP buffers to 524288,1048576,2097152,262144,524288,1048576
01-01 08:00:33.258 D/ConnectivityService( 2017): notifyType AVAILABLE for NetworkAgentInfo [WIFI () - 100]
01-01 08:00:33.258 D/CSLegacyTypeTracker( 2017): Sending connected broadcast for type 1 NetworkAgentInfo [WIFI () - 100] isDefaultNetwork=true
01-01 08:00:33.259 D/ConnectivityService( 2017): sendStickyBroadcast: action=android.net.conn.CONNECTIVITY_CHANGE_IMMEDIATE
01-01 08:00:33.259 D/ConnectivityService( 2017): sendStickyBroadcast: action=android.net.conn.CONNECTIVITY_CHANGE
01-01 08:00:33.280 D/ConnectivityService( 2017): setProvNotificationVisibleIntent: E visible=false networkType=0 extraInfo=null
01-01 08:00:33.280 D/ConnectivityService( 2017): Validated NetworkAgentInfo [WIFI () - 100]
01-01 08:00:33.280 D/ConnectivityService( 2017): rematching NetworkAgentInfo [WIFI () - 100]
01-01 08:00:33.280 D/ConnectivityService( 2017): Network NetworkAgentInfo [WIFI () - 100] was already satisfying request 1. No change.
01-01 08:00:33.280 D/ConnectivityService( 2017): notifyType AVAILABLE for NetworkAgentInfo [WIFI () - 100]
01-01 08:00:33.281 D/ConnectivityService( 2017): sendStickyBroadcast: action=android.net.conn.INET_CONDITION_ACTION
01-01 08:00:33.303 I/ActivityManager( 2017): Start proc 3100:.pushdaemonservice/u0a26 for service com.gitvdemo.video/com.push.pushservice.api.PushService
01-01 08:00:33.332 W/ResourcesManager( 3100): Asset path '/system/framework/android.test.runner.jar' does not exist or contains no resources.
01-01 08:00:33.372 W/ActivityManager( 2017): getRunningAppProcesses: caller 10026 does not hold REAL_GET_TASKS; limiting output
01-01 08:00:33.376 I/ActivityManager( 2017): Start proc 3122:com.sostation.happyle.huantv/u0a28 for broadcast com.sostation.happyle.huantv/com.youdao.sdk.common.YouDaoTrackerReceiver
01-01 08:00:33.378 D/ConnectivityService( 2017): notifyType IP_CHANGED for NetworkAgentInfo [WIFI () - 100]
01-01 08:00:33.454 W/ActivityManager( 2017): getRunningAppProcesses: caller 10026 does not hold REAL_GET_TASKS; limiting output
01-01 08:00:33.455 W/ActivityManager( 2017): getRunningAppProcesses: caller 10026 does not hold REAL_GET_TASKS; limiting output
01-01 08:00:33.519 I/ActivityManager( 2017): Start proc 3155:com.starcor.mango/u0a23 for broadcast com.starcor.mango/com.starcor.receiver.NetworkConnectionReceiver
01-01 08:00:33.539 W/ResourcesManager( 3155): Asset path '/system/framework/android.test.runner.jar' does not exist or contains no resources.
01-01 08:00:34.558 W/ActivityManager( 2017): getTasks: caller 10023 does not hold REAL_GET_TASKS; limiting output
01-01 08:00:34.560 W/ActivityManager( 2017): getRunningAppProcesses: caller 10023 does not hold REAL_GET_TASKS; limiting output
