10-31 15:09:51.236 D/base::Ini(15503): [getOption] getOption name='debug-eventManager-level' value=''.
10-31 15:09:51.236 D/base::Ini(15503): [getOption] getOption name='debug-eventManager-level' value=''.
10-31 15:09:51.236 D/base::Ini(15503): [getOption] getOption name='debug-eventManager-level' value=''.
10-31 15:09:51.236 D/base::Ini(15503): [getOption] getOption name='debug-eventManager-level' value=''.
10-31 15:09:51.236 D/base::Ini(15503): [getOption] getOption name='debug-netdev-level' value=''.
10-31 15:09:51.236 D/base::Ini(15503): [getOption] getOption name='debug-netdev-level' value=''.
10-31 15:09:51.236 D/base::Ini(15503): [getOption] getOption name='debug-netdev-level' value=''.
10-31 15:09:51.236 D/base::Ini(15503): [getOption] getOption name='debug-netdev-level' value=''.
10-31 15:09:51.236 D/base::Ini(15503): [getOption] getOption name='debug-eventManager-level' value=''.
10-31 15:09:51.236 D/base::Ini(15503): [getOption] getOption name='debug-eventManager-level' value=''.
10-31 15:09:51.247 D/base::Ini(15503): [getOption] getOption name='debug-eventManager-level' value=''.
10-31 15:09:51.247 D/base::Ini(15503): [getOption] getOption name='debug-eventManager-level' value=''.
10-31 15:09:51.247 D/base::Ini(15503): [getOption] getOption name='debug-eventManager-level' value=''.
10-31 15:09:51.247 D/base::Ini(15503): [getOption] getOption name='debug-eventManager-level' value=''.
10-31 15:09:51.247 D/base::Ini(15503): [getOption] getOption name='debug-eventManager-level' value=''.
10-31 15:09:51.247 D/base::Ini(15503): [getOption] getOption name='debug-eventManager-level' value=''.
10-31 15:09:51.247 D/base::Ini(15503): [getOption] getOption name='debug-eventManager-level' value=''.
10-31 15:09:51.247 D/base::Ini(15503): [getOption] getOption name='debug-eventManager-level' value=''.
10-31 15:09:51.247 D/base::Ini(15503): [getOption] getOption name='debug-eventManager-level' value=''.
10-31 15:09:51.247 D/base::Ini(15503): [getOption] getOption name='debug-eventManager-level' value=''.
10-31 15:09:51.247 D/base::Ini(15503): [getOption] getOption name='debug-netdev-level' value=''.
10-31 15:09:51.247 D/base::Ini(15503): [getOption] getOption name='debug-netdev-level' value=''.
10-31 15:09:51.247 D/base::Ini(15503): [getOption] getOption name='debug-netdev-level' value=''.
10-31 15:09:51.247 D/base::Ini(15503): [getOption] getOption name='debug-netdev-level' value=''.
10-31 15:09:51.247 D/base::Ini(15503): [getOption] getOption name='debug-eventManager-level' value=''.
10-31 15:09:51.247 D/base::Ini(15503): [getOption] getOption name='debug-eventManager-level' value=''.
10-31 15:09:51.247 D/base::Ini(15503): [getOption] getOption name='debug-eventManager-level' value=''.
10-31 15:09:51.247 D/base::Ini(15503): [getOption] getOption name='debug-eventManager-level' value=''.
10-31 15:09:51.247 D/base::Ini(15503): [getOption] getOption name='debug-eventManager-level' value=''.
10-31 15:09:51.247 D/base::Ini(15503): [getOption] getOption name='debug-eventManager-level' value=''.
10-31 15:09:51.247 D/base::Ini(15503): [getOption] getOption name='debug-eventManager-level' value=''.
10-31 15:09:51.247 D/base::Ini(15503): [getOption] getOption name='debug-eventManager-level' value=''.
10-31 15:09:51.247 D/base::Ini(15503): [getOption] getOption name='debug-eventManager-level' value=''.
10-31 15:09:51.248 D/base::Ini(15503): [getOption] getOption name='debug-eventManager-level' value=''.
10-31 15:09:51.248 D/base::Ini(15503): [getOption] getOption name='debug-eventManager-level' value=''.
10-31 15:09:51.248 D/base::Ini(15503): [getOption] getOption name='debug-eventManager-level' value=''.
10-31 15:09:51.248 D/base::Ini(15503): [getOption] getOption name='debug-eventManager-level' value=''.
10-31 15:09:51.248 D/base::Ini(15503): [getOption] getOption name='debug-eventManager-level' value=''.
10-31 15:09:51.248 D/base::Ini(15503): [getOption] getOption name='debug-eventManager-level' value=''.
10-31 15:09:51.248 D/base::Ini(15503): [getOption] getOption name='debug-eventManager-level' value=''.
10-31 15:09:51.447 D/base::Ini(15503): [getOption] getOption name='debug-eventManager-level' value=''.
10-31 15:09:51.447 D/base::Ini(15503): [getOption] getOption name='debug-eventManager-level' value=''.
10-31 15:09:51.447 D/base::Ini(15503): [getOption] getOption name='debug-eventManager-level' value=''.
10-31 15:09:51.447 D/base::Ini(15503): [getOption] getOption name='debug-eventManager-level' value=''.
10-31 15:09:51.447 D/base::Ini(15503): [getOption] getOption name='debug-eventManager-level' value=''.
10-31 15:09:51.447 D/base::Ini(15503): [getOption] getOption name='debug-eventManager-level' value=''.
10-31 15:09:51.447 D/base::Ini(15503): [getOption] getOption name='debug-eventManager-level' value=''.
10-31 15:09:51.447 D/base::Ini(15503): [getOption] getOption name='debug-eventManager-level' value=''.
10-31 15:09:51.447 D/base::Ini(15503): [getOption] getOption name='debug-eventManager-level' value=''.
10-31 15:09:51.447 D/base::Ini(15503): [getOption] getOption name='debug-eventManager-level' value=''.
10-31 15:09:51.447 D/base::Ini(15503): [getOption] getOption name='debug-eventManager-level' value=''.
10-31 15:09:51.447 D/base::Ini(15503): [getOption] getOption name='debug-netdev-level' value=''.
10-31 15:09:51.447 D/base::Ini(15503): [getOption] getOption name='debug-netdev-level' value=''.
10-31 15:09:51.448 D/base::Ini(15503): [getOption] getOption name='debug-netdev-level' value=''.
10-31 15:09:51.448 D/base::Ini(15503): [getOption] getOption name='debug-netdev-level' value=''.
10-31 15:09:51.458 D/base::Ini(15503): [getOption] getOption name='debug-eventManager-level' value=''.
10-31 15:09:51.458 D/base::Ini(15503): [getOption] getOption name='debug-eventManager-level' value=''.
10-31 15:09:51.458 D/base::Ini(15503): [getOption] getOption name='debug-eventManager-level' value=''.
10-31 15:09:51.458 D/base::Ini(15503): [getOption] getOption name='debug-eventManager-level' value=''.
10-31 15:09:51.458 D/base::Ini(15503): [getOption] getOption name='debug-eventManager-level' value=''.
10-31 15:09:51.458 D/base::Ini(15503): [getOption] getOption name='debug-eventManager-level' value=''.
10-31 15:09:51.458 D/base::Ini(15503): [getOption] getOption name='debug-eventManager-level' value=''.
10-31 15:09:51.458 D/base::Ini(15503): [getOption] getOption name='debug-netdev-level' value=''.
10-31 15:09:51.458 D/base::Ini(15503): [getOption] getOption name='debug-netdev-level' value=''.
10-31 15:09:51.458 D/base::Ini(15503): [getOption] getOption name='debug-netdev-level' value=''.
10-31 15:09:51.458 D/base::Ini(15503): [getOption] getOption name='debug-netdev-level' value=''.
10-31 15:09:51.458 D/base::Ini(15503): [getOption] getOption name='debug-eventManager-level' value=''.
10-31 15:09:51.458 D/base::Ini(15503): [getOption] getOption name='debug-eventManager-level' value=''.
10-31 15:09:51.458 D/base::Ini(15503): [getOption] getOption name='debug-eventManager-level' value=''.
10-31 15:09:51.458 D/base::Ini(15503): [getOption] getOption name='debug-eventManager-level' value=''.
10-31 15:09:51.458 D/base::Ini(15503): [getOption] getOption name='debug-eventManager-level' value=''.
10-31 15:09:51.458 D/base::Ini(15503): [getOption] getOption name='debug-eventManager-level' value=''.
10-31 15:09:51.458 D/base::Ini(15503): [getOption] getOption name='debug-eventManager-level' value=''.
10-31 15:09:51.458 D/base::Ini(15503): [getOption] getOption name='debug-eventManager-level' value=''.
10-31 15:09:51.458 D/base::Ini(15503): [getOption] getOption name='debug-eventManager-level' value=''.
10-31 15:09:51.458 D/base::Ini(15503): [getOption] getOption name='debug-eventManager-level' value=''.
10-31 15:09:51.459 D/base::Ini(15503): [getOption] getOption name='debug-eventManager-level' value=''.
10-31 15:09:51.459 D/base::Ini(15503): [getOption] getOption name='debug-eventManager-level' value=''.
10-31 15:09:51.459 D/base::Ini(15503): [getOption] getOption name='debug-eventManager-level' value=''.
10-31 15:09:51.459 D/base::Ini(15503): [getOption] getOption name='debug-eventManager-level' value=''.
10-31 15:09:51.459 D/base::Ini(15503): [getOption] getOption name='debug-eventManager-level' value=''.
10-31 15:09:51.459 D/base::Ini(15503): [getOption] getOption name='debug-eventManager-level' value=''.
10-31 15:09:51.459 D/base::Ini(15503): [getOption] getOption name='debug-eventManager-level' value=''.
10-31 15:09:51.459 D/base::Ini(15503): [getOption] getOption name='debug-eventManager-level' value=''.
10-31 15:09:51.459 D/base::Ini(15503): [getOption] getOption name='debug-eventManager-level' value=''.
10-31 15:09:51.659 D/base::Ini(15503): [getOption] getOption name='debug-eventManager-level' value=''.
10-31 15:09:51.659 D/base::Ini(15503): [getOption] getOption name='debug-eventManager-level' value=''.
10-31 15:09:51.659 D/base::Ini(15503): [getOption] getOption name='debug-eventManager-level' value=''.
10-31 15:09:51.659 D/base::Ini(15503): [getOption] getOption name='debug-eventManager-level' value=''.
10-31 15:09:51.659 D/base::Ini(15503): [getOption] getOption name='debug-eventManager-level' value=''.
10-31 15:09:51.659 D/base::Ini(15503): [getOption] getOption name='debug-eventManager-level' value=''.
10-31 15:09:51.659 D/base::Ini(15503): [getOption] getOption name='debug-eventManager-level' value=''.
10-31 15:09:51.659 D/base::Ini(15503): [getOption] getOption name='debug-eventManager-level' value=''.
10-31 15:09:51.659 D/base::Ini(15503): [getOption] getOption name='debug-netdev-level' value=''.
10-31 15:09:51.659 D/base::Ini(15503): [getOption] getOption name='debug-netdev-level' value=''.
10-31 15:09:51.659 D/base::Ini(15503): [getOption] getOption name='debug-netdev-level' value=''.
10-31 15:09:51.660 D/base::Ini(15503): [getOption] getOption name='debug-netdev-level' value=''.
10-31 15:09:51.660 D/base::Ini(15503): [getOption] getOption name='debug-eventManager-level' value=''.
10-31 15:09:51.660 D/base::Ini(15503): [getOption] getOption name='debug-eventManager-level' value=''.
10-31 15:09:51.660 D/base::Ini(15503): [getOption] getOption name='debug-netdev-level' value=''.
10-31 15:09:51.660 D/base::Ini(15503): [getOption] getOption name='debug-netdev-level' value=''.
10-31 15:09:51.660 D/base::Ini(15503): [getOption] getOption name='debug-netdev-level' value=''.
10-31 15:09:51.660 D/base::Ini(15503): [getOption] getOption name='debug-netdev-level' value=''.
10-31 15:09:51.660 D/base::Ini(15503): [getOption] getOption name='debug-eventManager-level' value=''.
10-31 15:09:51.660 D/base::Ini(15503): [getOption] getOption name='debug-eventManager-level' value=''.
10-31 15:09:51.660 D/base::Ini(15503): [getOption] getOption name='debug-eventManager-level' value=''.
10-31 15:09:51.660 D/base::Ini(15503): [getOption] getOption name='debug-eventManager-level' value=''.
10-31 15:09:51.660 D/base::Ini(15503): [getOption] getOption name='debug-eventManager-level' value=''.
10-31 15:09:51.660 D/base::Ini(15503): [getOption] getOption name='debug-eventManager-level' value=''.
10-31 15:09:51.660 D/base::Ini(15503): [getOption] getOption name='debug-eventManager-level' value=''.
10-31 15:09:51.660 D/base::Ini(15503): [getOption] getOption name='debug-eventManager-level' value=''.
10-31 15:09:51.660 D/base::Ini(15503): [getOption] getOption name='debug-eventManager-level' value=''.
10-31 15:09:51.660 D/base::Ini(15503): [getOption] getOption name='debug-eventManager-level' value=''.
10-31 15:09:51.660 D/base::Ini(15503): [getOption] getOption name='debug-eventManager-level' value=''.
10-31 15:09:51.660 D/base::Ini(15503): [getOption] getOption name='debug-eventManager-level' value=''.
10-31 15:09:51.660 D/base::Ini(15503): [getOption] getOption name='debug-eventManager-level' value=''.
10-31 15:09:51.660 D/base::Ini(15503): [getOption] getOption name='debug-eventManager-level' value=''.
10-31 15:09:51.660 D/base::Ini(15503): [getOption] getOption name='debug-eventManager-level' value=''.
10-31 15:09:51.661 D/base::Ini(15503): [getOption] getOption name='debug-eventManager-level' value=''.
10-31 15:09:51.661 D/base::Ini(15503): [getOption] getOption name='debug-eventManager-level' value=''.
10-31 15:09:51.661 D/base::Ini(15503): [getOption] getOption name='debug-eventManager-level' value=''.
10-31 15:09:51.661 D/base::Ini(15503): [getOption] getOption name='debug-eventManager-level' value=''.
10-31 15:09:51.727 D/BackBootDealerNeimeng( 2389): standbyState:
10-31 15:09:51.727 E/NetUtils( 2020): Interface eth0 LinkDown!
10-31 15:09:51.732 I/AdvancedPorting-PORT_MODULE_NET(15503): network_task while... 
10-31 15:09:51.732 I/AdvancedPorting-PORT_MODULE_NET(15503): 0 interface name: lo
10-31 15:09:51.732 I/AdvancedPorting-PORT_MODULE_NET(15503): 1 interface name: wlan0
10-31 15:09:51.732 I/AdvancedPorting-PORT_MODULE_NET(15503): First interface name: lo
10-31 15:09:51.732 I/AdvancedPorting-PORT_MODULE_NET(15503): network_task while...  net_i:1
10-31 15:09:51.732 I/AdvancedPorting-PORT_MODULE_NET(15503): network_task while---name_interface[0]=lo
10-31 15:09:51.732 I/AdvancedPorting-PORT_MODULE_NET(15503): network_task while---name_interface[1]=wlan0
10-31 15:09:51.732 I/AdvancedPorting-PORT_MODULE_NET(15503): network_task while---interface_name=wlan0
10-31 15:09:51.732 I/AdvancedPorting-PORT_MODULE_NET(15503): network_get_netlink_status(in)--if_name=wlan0
10-31 15:09:51.732 I/AdvancedPorting-PORT_MODULE_NET(15503): net.network.isconnected = no
10-31 15:09:51.732 I/AdvancedPorting-PORT_MODULE_NET(15503): wlan0 --network_get_netlink_status return retval=1
10-31 15:09:51.732 I/AdvancedPorting-PORT_MODULE_NET(15503): stat = 1 last_status = 1
10-31 15:09:51.860 D/base::Ini(15503): [getOption] getOption name='debug-eventManager-level' value=''.
10-31 15:09:51.860 D/base::Ini(15503): [getOption] getOption name='debug-eventManager-level' value=''.
10-31 15:09:51.860 D/base::Ini(15503): [getOption] getOption name='debug-eventManager-level' value=''.
10-31 15:09:51.860 D/base::Ini(15503): [getOption] getOption name='debug-eventManager-level' value=''.
10-31 15:09:51.860 D/base::Ini(15503): [getOption] getOption name='debug-eventManager-level' value=''.
10-31 15:09:51.860 D/base::Ini(15503): [getOption] getOption name='debug-eventManager-level' value=''.
10-31 15:09:51.860 D/base::Ini(15503): [getOption] getOption name='debug-eventManager-level' value=''.
10-31 15:09:51.860 D/base::Ini(15503): [getOption] getOption name='debug-eventManager-level' value=''.
10-31 15:09:51.860 D/base::Ini(15503): [getOption] getOption name='debug-netdev-level' value=''.
10-31 15:09:51.860 D/base::Ini(15503): [getOption] getOption name='debug-netdev-level' value=''.
10-31 15:09:51.860 D/base::Ini(15503): [getOption] getOption name='debug-netdev-level' value=''.
10-31 15:09:51.860 D/base::Ini(15503): [getOption] getOption name='debug-netdev-level' value=''.
10-31 15:09:51.860 D/base::Ini(15503): [getOption] getOption name='debug-eventManager-level' value=''.
10-31 15:09:51.861 D/base::Ini(15503): [getOption] getOption name='debug-eventManager-level' value=''.
10-31 15:09:51.861 D/base::Ini(15503): [getOption] getOption name='debug-eventManager-level' value=''.
10-31 15:09:51.871 D/base::Ini(15503): [getOption] getOption name='debug-eventManager-level' value=''.
10-31 15:09:51.871 D/base::Ini(15503): [getOption] getOption name='debug-eventManager-level' value=''.
10-31 15:09:51.871 D/base::Ini(15503): [getOption] getOption name='debug-eventManager-level' value=''.
10-31 15:09:51.871 D/base::Ini(15503): [getOption] getOption name='debug-eventManager-level' value=''.
10-31 15:09:51.871 D/base::Ini(15503): [getOption] getOption name='debug-eventManager-level' value=''.
10-31 15:09:51.871 D/base::Ini(15503): [getOption] getOption name='debug-eventManager-level' value=''.
10-31 15:09:51.871 D/base::Ini(15503): [getOption] getOption name='debug-eventManager-level' value=''.
10-31 15:09:51.871 D/base::Ini(15503): [getOption] getOption name='debug-eventManager-level' value=''.
10-31 15:09:51.871 D/base::Ini(15503): [getOption] getOption name='debug-eventManager-level' value=''.
10-31 15:09:51.871 D/base::Ini(15503): [getOption] getOption name='debug-eventManager-level' value=''.
10-31 15:09:51.871 D/base::Ini(15503): [getOption] getOption name='debug-netdev-level' value=''.
10-31 15:09:51.871 D/base::Ini(15503): [getOption] getOption name='debug-netdev-level' value=''.
10-31 15:09:51.871 D/base::Ini(15503): [getOption] getOption name='debug-netdev-level' value=''.
10-31 15:09:51.871 D/base::Ini(15503): [getOption] getOption name='debug-netdev-level' value=''.
10-31 15:09:51.871 D/base::Ini(15503): [getOption] getOption name='debug-eventManager-level' value=''.
10-31 15:09:51.871 D/base::Ini(15503): [getOption] getOption name='debug-eventManager-level' value=''.
10-31 15:09:51.871 D/base::Ini(15503): [getOption] getOption name='debug-eventManager-level' value=''.
10-31 15:09:51.871 D/base::Ini(15503): [getOption] getOption name='debug-eventManager-level' value=''.
10-31 15:09:51.872 D/base::Ini(15503): [getOption] getOption name='debug-eventManager-level' value=''.
10-31 15:09:51.872 D/base::Ini(15503): [getOption] getOption name='debug-eventManager-level' value=''.
10-31 15:09:51.872 D/base::Ini(15503): [getOption] getOption name='debug-eventManager-level' value=''.
10-31 15:09:51.872 D/base::Ini(15503): [getOption] getOption name='debug-eventManager-level' value=''.
10-31 15:09:51.872 D/base::Ini(15503): [getOption] getOption name='debug-eventManager-level' value=''.
10-31 15:09:51.872 D/base::Ini(15503): [getOption] getOption name='debug-eventManager-level' value=''.
10-31 15:09:51.872 D/base::Ini(15503): [getOption] getOption name='debug-eventManager-level' value=''.
10-31 15:09:51.872 D/base::Ini(15503): [getOption] getOption name='debug-eventManager-level' value=''.
10-31 15:09:51.872 D/base::Ini(15503): [getOption] getOption name='debug-eventManager-level' value=''.
10-31 15:09:51.872 D/base::Ini(15503): [getOption] getOption name='debug-eventManager-level' value=''.
10-31 15:09:51.872 D/base::Ini(15503): [getOption] getOption name='debug-eventManager-level' value=''.
10-31 15:09:51.872 D/base::Ini(15503): [getOption] getOption name='debug-eventManager-level' value=''.
10-31 15:09:52.072 D/base::Ini(15503): [getOption] getOption name='debug-eventManager-level' value=''.
10-31 15:09:52.072 D/base::Ini(15503): [getOption] getOption name='debug-eventManager-level' value=''.
10-31 15:09:52.072 D/base::Ini(15503): [getOption] getOption name='debug-eventManager-level' value=''.
10-31 15:09:52.072 D/base::Ini(15503): [getOption] getOption name='debug-eventManager-level' value=''.
10-31 15:09:52.072 D/base::Ini(15503): [getOption] getOption name='debug-eventManager-level' value=''.
10-31 15:09:52.072 D/base::Ini(15503): [getOption] getOption name='debug-eventManager-level' value=''.
10-31 15:09:52.072 D/base::Ini(15503): [getOption] getOption name='debug-eventManager-level' value=''.
10-31 15:09:52.072 D/base::Ini(15503): [getOption] getOption name='debug-eventManager-level' value=''.
10-31 15:09:52.073 D/base::Ini(15503): [getOption] getOption name='debug-eventManager-level' value=''.
10-31 15:09:52.073 D/base::Ini(15503): [getOption] getOption name='debug-eventManager-level' value=''.
10-31 15:09:52.073 D/base::Ini(15503): [getOption] getOption name='debug-eventManager-level' value=''.
10-31 15:09:52.073 I/Advanced(15503): [QUEUE] share_queue_sendEx size:1 4097 8418 0x8eb349e8,postLoopId:0,dstid:1.
10-31 15:09:52.073 D/base::Ini(15503): [getOption] getOption name='debug-eventManager-level' value=''.
10-31 15:09:52.073 D/base::Ini(15503): [getOption] getOption name='debug-eventManager-level' value=''.
10-31 15:09:52.073 D/base::Ini(15503): [getOption] getOption name='debug-eventManager-level' value=''.
10-31 15:09:52.073 D/base::Ini(15503): [getOption] getOption name='debug-eventManager-level' value=''.
10-31 15:09:52.073 D/base::Ini(15503): [getOption] getOption name='debug-eventManager-level' value=''.
10-31 15:09:52.073 D/base::Ini(15503): [getOption] getOption name='debug-eventManager-level' value=''.
10-31 15:09:52.073 D/base::Ini(15503): [getOption] getOption name='debug-eventManager-level' value=''.
10-31 15:09:52.073 D/base::Ini(15503): [getOption] getOption name='debug-netdev-level' value=''.
10-31 15:09:52.073 D/base::Ini(15503): [getOption] getOption name='debug-netdev-level' value=''.
10-31 15:09:52.073 D/base::Ini(15503): [getOption] getOption name='debug-netdev-level' value=''.
10-31 15:09:52.073 D/base::Ini(15503): [getOption] getOption name='debug-netdev-level' value=''.
10-31 15:09:52.073 D/base::Ini(15503): [getOption] getOption name='debug-netdev-level' value=''.
10-31 15:09:52.073 D/base::Ini(15503): [getOption] getOption name='debug-netdev-level' value=''.
10-31 15:09:52.073 D/base::Ini(15503): [getOption] getOption name='debug-netdev-level' value=''.
10-31 15:09:52.073 D/base::Ini(15503): [getOption] getOption name='debug-netdev-level' value=''.
10-31 15:09:52.073 D/base::Ini(15503): [getOption] getOption name='debug-eventManager-level' value=''.
10-31 15:09:52.073 D/base::Ini(15503): [getOption] getOption name='debug-eventManager-level' value=''.
10-31 15:09:52.073 D/base::Ini(15503): [getOption] getOption name='debug-eventManager-level' value=''.
10-31 15:09:52.073 D/base::Ini(15503): [getOption] getOption name='debug-eventManager-level' value=''.
10-31 15:09:52.073 D/base::Ini(15503): [getOption] getOption name='debug-eventManager-level' value=''.
10-31 15:09:52.073 D/base::Ini(15503): [getOption] getOption name='debug-eventManager-level' value=''.
10-31 15:09:52.074 D/base::Ini(15503): [getOption] getOption name='debug-eventManager-level' value=''.
10-31 15:09:52.074 D/base::Ini(15503): [getOption] getOption name='debug-eventManager-level' value=''.
10-31 15:09:52.074 D/base::Ini(15503): [getOption] getOption name='debug-eventManager-level' value=''.
10-31 15:09:52.074 D/base::Ini(15503): [getOption] getOption name='debug-eventManager-level' value=''.
10-31 15:09:52.074 D/base::Ini(15503): [getOption] getOption name='debug-eventManager-level' value=''.
10-31 15:09:52.074 D/base::Ini(15503): [getOption] getOption name='debug-eventManager-level' value=''.
10-31 15:09:52.074 D/base::Ini(15503): [getOption] getOption name='debug-eventManager-level' value=''.
10-31 15:09:52.074 D/base::Ini(15503): [getOption] getOption name='debug-eventManager-level' value=''.
10-31 15:09:52.074 D/base::Ini(15503): [getOption] getOption name='debug-eventManager-level' value=''.
10-31 15:09:52.074 D/base::Ini(15503): [getOption] getOption name='debug-eventManager-level' value=''.
10-31 15:09:52.109 E/storage_operate(15300): HCDN_LOG: [2017/10/31-15:09:52:109]:[func:GetTaskCount],[line:827],[oper:get task count],[state:0],[count:0]
10-31 15:09:52.109 E/storage_operate(15300): HCDN_LOG: [2017/10/31-15:09:52:109]:[func:GetTaskCount],[line:827],[oper:get task count],[state:0],[count:0]
10-31 15:09:52.109 E/storage_operate(15300): HCDN_LOG: [2017/10/31-15:09:52:109]:[func:GetTaskCount],[line:827],[oper:get task count],[state:1],[count:0]
10-31 15:09:52.228 D/BackBootDealerNeimeng( 2389): standbyState:
10-31 15:09:52.229 E/NetUtils( 2020): Interface eth0 LinkDown!
10-31 15:09:52.273 D/base::Ini(15503): [getOption] getOption name='debug-eventManager-level' value=''.
10-31 15:09:52.273 D/base::Ini(15503): [getOption] getOption name='debug-eventManager-level' value=''.
10-31 15:09:52.273 D/base::Ini(15503): [getOption] getOption name='debug-eventManager-level' value=''.
10-31 15:09:52.273 D/base::Ini(15503): [getOption] getOption name='debug-eventManager-level' value=''.
10-31 15:09:52.273 D/base::Ini(15503): [getOption] getOption name='debug-eventManager-level' value=''.
10-31 15:09:52.273 D/base::Ini(15503): [getOption] getOption name='debug-eventManager-level' value=''.
10-31 15:09:52.273 D/base::Ini(15503): [getOption] getOption name='debug-eventManager-level' value=''.
10-31 15:09:52.273 D/base::Ini(15503): [getOption] getOption name='debug-eventManager-level' value=''.
10-31 15:09:52.273 D/base::Ini(15503): [getOption] getOption name='debug-eventManager-level' value=''.
10-31 15:09:52.273 D/base::Ini(15503): [getOption] getOption name='debug-eventManager-level' value=''.
10-31 15:09:52.273 D/base::Ini(15503): [getOption] getOption name='debug-eventManager-level' value=''.
10-31 15:09:52.274 D/base::Ini(15503): [getOption] getOption name='debug-netdev-level' value=''.
10-31 15:09:52.274 D/base::Ini(15503): [getOption] getOption name='debug-netdev-level' value=''.
10-31 15:09:52.274 D/base::Ini(15503): [getOption] getOption name='debug-netdev-level' value=''.
10-31 15:09:52.274 D/base::Ini(15503): [getOption] getOption name='debug-netdev-level' value=''.
10-31 15:09:52.284 D/base::Ini(15503): [getOption] getOption name='debug-eventManager-level' value=''.
10-31 15:09:52.284 D/base::Ini(15503): [getOption] getOption name='debug-eventManager-level' value=''.
10-31 15:09:52.284 D/base::Ini(15503): [getOption] getOption name='debug-eventManager-level' value=''.
10-31 15:09:52.284 D/base::Ini(15503): [getOption] getOption name='debug-eventManager-level' value=''.
10-31 15:09:52.284 D/base::Ini(15503): [getOption] getOption name='debug-eventManager-level' value=''.
10-31 15:09:52.284 D/base::Ini(15503): [getOption] getOption name='debug-eventManager-level' value=''.
10-31 15:09:52.284 D/base::Ini(15503): [getOption] getOption name='debug-eventManager-level' value=''.
10-31 15:09:52.284 D/base::Ini(15503): [getOption] getOption name='debug-eventManager-level' value=''.
10-31 15:09:52.284 D/base::Ini(15503): [getOption] getOption name='debug-eventManager-level' value=''.
10-31 15:09:52.284 D/base::Ini(15503): [getOption] getOption name='debug-eventManager-level' value=''.
10-31 15:09:52.284 D/base::Ini(15503): [getOption] getOption name='debug-netdev-level' value=''.
10-31 15:09:52.284 D/base::Ini(15503): [getOption] getOption name='debug-netdev-level' value=''.
10-31 15:09:52.284 D/base::Ini(15503): [getOption] getOption name='debug-netdev-level' value=''.
10-31 15:09:52.284 D/base::Ini(15503): [getOption] getOption name='debug-netdev-level' value=''.
10-31 15:09:52.284 D/base::Ini(15503): [getOption] getOption name='debug-eventManager-level' value=''.
10-31 15:09:52.284 D/base::Ini(15503): [getOption] getOption name='debug-eventManager-level' value=''.
10-31 15:09:52.284 D/base::Ini(15503): [getOption] getOption name='debug-eventManager-level' value=''.
10-31 15:09:52.284 D/base::Ini(15503): [getOption] getOption name='debug-eventManager-level' value=''.
10-31 15:09:52.284 D/base::Ini(15503): [getOption] getOption name='debug-eventManager-level' value=''.
10-31 15:09:52.284 D/base::Ini(15503): [getOption] getOption name='debug-eventManager-level' value=''.
10-31 15:09:52.285 D/base::Ini(15503): [getOption] getOption name='debug-eventManager-level' value=''.
10-31 15:09:52.285 D/base::Ini(15503): [getOption] getOption name='debug-eventManager-level' value=''.
10-31 15:09:52.285 D/base::Ini(15503): [getOption] getOption name='debug-eventManager-level' value=''.
10-31 15:09:52.285 D/base::Ini(15503): [getOption] getOption name='debug-eventManager-level' value=''.
10-31 15:09:52.285 D/base::Ini(15503): [getOption] getOption name='debug-eventManager-level' value=''.
10-31 15:09:52.285 D/base::Ini(15503): [getOption] getOption name='debug-eventManager-level' value=''.
10-31 15:09:52.285 D/base::Ini(15503): [getOption] getOption name='debug-eventManager-level' value=''.
10-31 15:09:52.285 D/base::Ini(15503): [getOption] getOption name='debug-eventManager-level' value=''.
10-31 15:09:52.285 D/base::Ini(15503): [getOption] getOption name='debug-eventManager-level' value=''.
10-31 15:09:52.285 D/base::Ini(15503): [getOption] getOption name='debug-eventManager-level' value=''.
10-31 15:09:52.484 D/base::Ini(15503): [getOption] getOption name='debug-eventManager-level' value=''.
10-31 15:09:52.484 D/base::Ini(15503): [getOption] getOption name='debug-eventManager-level' value=''.
10-31 15:09:52.484 D/base::Ini(15503): [getOption] getOption name='debug-eventManager-level' value=''.
10-31 15:09:52.484 D/base::Ini(15503): [getOption] getOption name='debug-eventManager-level' value=''.
10-31 15:09:52.484 D/base::Ini(15503): [getOption] getOption name='debug-eventManager-level' value=''.
10-31 15:09:52.484 D/base::Ini(15503): [getOption] getOption name='debug-eventManager-level' value=''.
10-31 15:09:52.484 D/base::Ini(15503): [getOption] getOption name='debug-eventManager-level' value=''.
10-31 15:09:52.484 D/base::Ini(15503): [getOption] getOption name='debug-eventManager-level' value=''.
10-31 15:09:52.484 D/base::Ini(15503): [getOption] getOption name='debug-eventManager-level' value=''.
10-31 15:09:52.484 D/base::Ini(15503): [getOption] getOption name='debug-eventManager-level' value=''.
10-31 15:09:52.484 D/base::Ini(15503): [getOption] getOption name='debug-eventManager-level' value=''.
10-31 15:09:52.485 D/base::Ini(15503): [getOption] getOption name='debug-netdev-level' value=''.
10-31 15:09:52.485 D/base::Ini(15503): [getOption] getOption name='debug-netdev-level' value=''.
10-31 15:09:52.485 D/base::Ini(15503): [getOption] getOption name='debug-netdev-level' value=''.
10-31 15:09:52.485 D/base::Ini(15503): [getOption] getOption name='debug-netdev-level' value=''.
10-31 15:09:52.495 D/base::Ini(15503): [getOption] getOption name='debug-eventManager-level' value=''.
10-31 15:09:52.495 D/base::Ini(15503): [getOption] getOption name='debug-eventManager-level' value=''.
10-31 15:09:52.495 D/base::Ini(15503): [getOption] getOption name='debug-eventManager-level' value=''.
10-31 15:09:52.495 D/base::Ini(15503): [getOption] getOption name='debug-eventManager-level' value=''.
10-31 15:09:52.495 D/base::Ini(15503): [getOption] getOption name='debug-eventManager-level' value=''.
10-31 15:09:52.495 D/base::Ini(15503): [getOption] getOption name='debug-eventManager-level' value=''.
10-31 15:09:52.495 D/base::Ini(15503): [getOption] getOption name='debug-eventManager-level' value=''.
10-31 15:09:52.495 D/base::Ini(15503): [getOption] getOption name='debug-eventManager-level' value=''.
10-31 15:09:52.495 D/base::Ini(15503): [getOption] getOption name='debug-eventManager-level' value=''.
10-31 15:09:52.495 D/base::Ini(15503): [getOption] getOption name='debug-eventManager-level' value=''.
10-31 15:09:52.495 D/base::Ini(15503): [getOption] getOption name='debug-netdev-level' value=''.
10-31 15:09:52.495 D/base::Ini(15503): [getOption] getOption name='debug-netdev-level' value=''.
10-31 15:09:52.495 D/base::Ini(15503): [getOption] getOption name='debug-netdev-level' value=''.
10-31 15:09:52.495 D/base::Ini(15503): [getOption] getOption name='debug-netdev-level' value=''.
10-31 15:09:52.495 D/base::Ini(15503): [getOption] getOption name='debug-eventManager-level' value=''.
10-31 15:09:52.495 D/base::Ini(15503): [getOption] getOption name='debug-eventManager-level' value=''.
10-31 15:09:52.495 D/base::Ini(15503): [getOption] getOption name='debug-eventManager-level' value=''.
10-31 15:09:52.495 D/base::Ini(15503): [getOption] getOption name='debug-eventManager-level' value=''.
10-31 15:09:52.495 D/base::Ini(15503): [getOption] getOption name='debug-eventManager-level' value=''.
10-31 15:09:52.495 D/base::Ini(15503): [getOption] getOption name='debug-eventManager-level' value=''.
10-31 15:09:52.496 D/base::Ini(15503): [getOption] getOption name='debug-eventManager-level' value=''.
10-31 15:09:52.496 D/base::Ini(15503): [getOption] getOption name='debug-eventManager-level' value=''.
10-31 15:09:52.496 D/base::Ini(15503): [getOption] getOption name='debug-eventManager-level' value=''.
10-31 15:09:52.496 D/base::Ini(15503): [getOption] getOption name='debug-eventManager-level' value=''.
10-31 15:09:52.496 D/base::Ini(15503): [getOption] getOption name='debug-eventManager-level' value=''.
10-31 15:09:52.496 D/base::Ini(15503): [getOption] getOption name='debug-eventManager-level' value=''.
10-31 15:09:52.496 D/base::Ini(15503): [getOption] getOption name='debug-eventManager-level' value=''.
10-31 15:09:52.496 D/base::Ini(15503): [getOption] getOption name='debug-eventManager-level' value=''.
10-31 15:09:52.496 D/base::Ini(15503): [getOption] getOption name='debug-eventManager-level' value=''.
10-31 15:09:52.496 D/base::Ini(15503): [getOption] getOption name='debug-eventManager-level' value=''.
10-31 15:09:52.695 D/base::Ini(15503): [getOption] getOption name='debug-eventManager-level' value=''.
10-31 15:09:52.695 D/base::Ini(15503): [getOption] getOption name='debug-eventManager-level' value=''.
10-31 15:09:52.695 D/base::Ini(15503): [getOption] getOption name='debug-eventManager-level' value=''.
10-31 15:09:52.695 D/base::Ini(15503): [getOption] getOption name='debug-eventManager-level' value=''.
10-31 15:09:52.695 D/base::Ini(15503): [getOption] getOption name='debug-eventManager-level' value=''.
10-31 15:09:52.695 D/base::Ini(15503): [getOption] getOption name='debug-eventManager-level' value=''.
10-31 15:09:52.695 D/base::Ini(15503): [getOption] getOption name='debug-eventManager-level' value=''.
10-31 15:09:52.695 D/base::Ini(15503): [getOption] getOption name='debug-eventManager-level' value=''.
10-31 15:09:52.695 D/base::Ini(15503): [getOption] getOption name='debug-eventManager-level' value=''.
10-31 15:09:52.695 D/base::Ini(15503): [getOption] getOption name='debug-eventManager-level' value=''.
10-31 15:09:52.695 D/base::Ini(15503): [getOption] getOption name='debug-eventManager-level' value=''.
10-31 15:09:52.695 D/base::Ini(15503): [getOption] getOption name='debug-netdev-level' value=''.
10-31 15:09:52.696 D/base::Ini(15503): [getOption] getOption name='debug-netdev-level' value=''.
10-31 15:09:52.696 D/base::Ini(15503): [getOption] getOption name='debug-netdev-level' value=''.
10-31 15:09:52.696 D/base::Ini(15503): [getOption] getOption name='debug-netdev-level' value=''.
10-31 15:09:52.706 D/base::Ini(15503): [getOption] getOption name='debug-eventManager-level' value=''.
10-31 15:09:52.706 D/base::Ini(15503): [getOption] getOption name='debug-eventManager-level' value=''.
10-31 15:09:52.706 D/base::Ini(15503): [getOption] getOption name='debug-eventManager-level' value=''.
10-31 15:09:52.706 D/base::Ini(15503): [getOption] getOption name='debug-eventManager-level' value=''.
10-31 15:09:52.706 D/base::Ini(15503): [getOption] getOption name='debug-eventManager-level' value=''.
10-31 15:09:52.706 D/base::Ini(15503): [getOption] getOption name='debug-eventManager-level' value=''.
10-31 15:09:52.706 D/base::Ini(15503): [getOption] getOption name='debug-eventManager-level' value=''.
10-31 15:09:52.706 D/base::Ini(15503): [getOption] getOption name='debug-eventManager-level' value=''.
10-31 15:09:52.706 D/base::Ini(15503): [getOption] getOption name='debug-eventManager-level' value=''.
10-31 15:09:52.706 D/base::Ini(15503): [getOption] getOption name='debug-eventManager-level' value=''.
10-31 15:09:52.706 D/base::Ini(15503): [getOption] getOption name='debug-netdev-level' value=''.
10-31 15:09:52.706 D/base::Ini(15503): [getOption] getOption name='debug-netdev-level' value=''.
10-31 15:09:52.706 D/base::Ini(15503): [getOption] getOption name='debug-netdev-level' value=''.
10-31 15:09:52.706 D/base::Ini(15503): [getOption] getOption name='debug-netdev-level' value=''.
10-31 15:09:52.706 D/base::Ini(15503): [getOption] getOption name='debug-eventManager-level' value=''.
10-31 15:09:52.706 D/base::Ini(15503): [getOption] getOption name='debug-eventManager-level' value=''.
10-31 15:09:52.706 D/base::Ini(15503): [getOption] getOption name='debug-eventManager-level' value=''.
10-31 15:09:52.706 D/base::Ini(15503): [getOption] getOption name='debug-eventManager-level' value=''.
10-31 15:09:52.706 D/base::Ini(15503): [getOption] getOption name='debug-eventManager-level' value=''.
10-31 15:09:52.706 D/base::Ini(15503): [getOption] getOption name='debug-eventManager-level' value=''.
10-31 15:09:52.706 D/base::Ini(15503): [getOption] getOption name='debug-eventManager-level' value=''.
10-31 15:09:52.707 D/base::Ini(15503): [getOption] getOption name='debug-eventManager-level' value=''.
10-31 15:09:52.707 D/base::Ini(15503): [getOption] getOption name='debug-eventManager-level' value=''.
10-31 15:09:52.707 D/base::Ini(15503): [getOption] getOption name='debug-eventManager-level' value=''.
10-31 15:09:52.707 D/base::Ini(15503): [getOption] getOption name='debug-eventManager-level' value=''.
10-31 15:09:52.707 D/base::Ini(15503): [getOption] getOption name='debug-eventManager-level' value=''.
10-31 15:09:52.707 D/base::Ini(15503): [getOption] getOption name='debug-eventManager-level' value=''.
10-31 15:09:52.707 D/base::Ini(15503): [getOption] getOption name='debug-eventManager-level' value=''.
10-31 15:09:52.707 D/base::Ini(15503): [getOption] getOption name='debug-eventManager-level' value=''.
10-31 15:09:52.707 D/base::Ini(15503): [getOption] getOption name='debug-eventManager-level' value=''.
10-31 15:09:52.730 D/BackBootDealerNeimeng( 2389): standbyState:
10-31 15:09:52.730 E/NetUtils( 2020): Interface eth0 LinkDown!
10-31 15:09:52.732 I/AdvancedPorting-PORT_MODULE_NET(15503): network_task while... 
10-31 15:09:52.732 I/AdvancedPorting-PORT_MODULE_NET(15503): 0 interface name: lo
10-31 15:09:52.732 I/AdvancedPorting-PORT_MODULE_NET(15503): 1 interface name: wlan0
10-31 15:09:52.732 I/AdvancedPorting-PORT_MODULE_NET(15503): First interface name: lo
10-31 15:09:52.732 I/AdvancedPorting-PORT_MODULE_NET(15503): network_task while...  net_i:1
10-31 15:09:52.732 I/AdvancedPorting-PORT_MODULE_NET(15503): network_task while---name_interface[0]=lo
10-31 15:09:52.732 I/AdvancedPorting-PORT_MODULE_NET(15503): network_task while---name_interface[1]=wlan0
10-31 15:09:52.732 I/AdvancedPorting-PORT_MODULE_NET(15503): network_task while---interface_name=wlan0
10-31 15:09:52.732 I/AdvancedPorting-PORT_MODULE_NET(15503): network_get_netlink_status(in)--if_name=wlan0
10-31 15:09:52.732 I/AdvancedPorting-PORT_MODULE_NET(15503): net.network.isconnected = no
10-31 15:09:52.732 I/AdvancedPorting-PORT_MODULE_NET(15503): wlan0 --network_get_netlink_status return retval=1
10-31 15:09:52.732 I/AdvancedPorting-PORT_MODULE_NET(15503): stat = 1 last_status = 1
10-31 15:09:52.906 D/base::Ini(15503): [getOption] getOption name='debug-eventManager-level' value=''.
10-31 15:09:52.906 D/base::Ini(15503): [getOption] getOption name='debug-eventManager-level' value=''.
10-31 15:09:52.906 D/base::Ini(15503): [getOption] getOption name='debug-eventManager-level' value=''.
10-31 15:09:52.906 D/base::Ini(15503): [getOption] getOption name='debug-eventManager-level' value=''.
10-31 15:09:52.906 D/base::Ini(15503): [getOption] getOption name='debug-eventManager-level' value=''.
10-31 15:09:52.906 D/base::Ini(15503): [getOption] getOption name='debug-eventManager-level' value=''.
10-31 15:09:52.906 D/base::Ini(15503): [getOption] getOption name='debug-eventManager-level' value=''.
10-31 15:09:52.906 D/base::Ini(15503): [getOption] getOption name='debug-eventManager-level' value=''.
10-31 15:09:52.906 D/base::Ini(15503): [getOption] getOption name='debug-eventManager-level' value=''.
10-31 15:09:52.906 D/base::Ini(15503): [getOption] getOption name='debug-eventManager-level' value=''.
10-31 15:09:52.906 D/base::Ini(15503): [getOption] getOption name='debug-eventManager-level' value=''.
10-31 15:09:52.906 D/base::Ini(15503): [getOption] getOption name='debug-netdev-level' value=''.
10-31 15:09:52.906 D/base::Ini(15503): [getOption] getOption name='debug-netdev-level' value=''.
10-31 15:09:52.906 D/base::Ini(15503): [getOption] getOption name='debug-netdev-level' value=''.
10-31 15:09:52.906 D/base::Ini(15503): [getOption] getOption name='debug-netdev-level' value=''.
10-31 15:09:52.916 D/base::Ini(15503): [getOption] getOption name='debug-eventManager-level' value=''.
10-31 15:09:52.916 D/base::Ini(15503): [getOption] getOption name='debug-eventManager-level' value=''.
10-31 15:09:52.916 D/base::Ini(15503): [getOption] getOption name='debug-eventManager-level' value=''.
10-31 15:09:52.916 D/base::Ini(15503): [getOption] getOption name='debug-eventManager-level' value=''.
10-31 15:09:52.916 D/base::Ini(15503): [getOption] getOption name='debug-eventManager-level' value=''.
10-31 15:09:52.917 D/base::Ini(15503): [getOption] getOption name='debug-eventManager-level' value=''.
10-31 15:09:52.917 D/base::Ini(15503): [getOption] getOption name='debug-eventManager-level' value=''.
10-31 15:09:52.917 D/base::Ini(15503): [getOption] getOption name='debug-eventManager-level' value=''.
10-31 15:09:52.917 D/base::Ini(15503): [getOption] getOption name='debug-eventManager-level' value=''.
10-31 15:09:52.917 D/base::Ini(15503): [getOption] getOption name='debug-eventManager-level' value=''.
10-31 15:09:52.917 D/base::Ini(15503): [getOption] getOption name='debug-netdev-level' value=''.
10-31 15:09:52.917 D/base::Ini(15503): [getOption] getOption name='debug-netdev-level' value=''.
10-31 15:09:52.917 D/base::Ini(15503): [getOption] getOption name='debug-netdev-level' value=''.
10-31 15:09:52.917 D/base::Ini(15503): [getOption] getOption name='debug-netdev-level' value=''.
10-31 15:09:52.917 D/base::Ini(15503): [getOption] getOption name='debug-eventManager-level' value=''.
10-31 15:09:52.917 D/base::Ini(15503): [getOption] getOption name='debug-eventManager-level' value=''.
10-31 15:09:52.917 D/base::Ini(15503): [getOption] getOption name='debug-eventManager-level' value=''.
10-31 15:09:52.917 D/base::Ini(15503): [getOption] getOption name='debug-eventManager-level' value=''.
10-31 15:09:52.917 D/base::Ini(15503): [getOption] getOption name='debug-eventManager-level' value=''.
10-31 15:09:52.917 D/base::Ini(15503): [getOption] getOption name='debug-eventManager-level' value=''.
10-31 15:09:52.917 D/base::Ini(15503): [getOption] getOption name='debug-eventManager-level' value=''.
10-31 15:09:52.917 D/base::Ini(15503): [getOption] getOption name='debug-eventManager-level' value=''.
10-31 15:09:52.917 D/base::Ini(15503): [getOption] getOption name='debug-eventManager-level' value=''.
10-31 15:09:52.917 D/base::Ini(15503): [getOption] getOption name='debug-eventManager-level' value=''.
10-31 15:09:52.917 D/base::Ini(15503): [getOption] getOption name='debug-eventManager-level' value=''.
10-31 15:09:52.917 D/base::Ini(15503): [getOption] getOption name='debug-eventManager-level' value=''.
10-31 15:09:52.917 D/base::Ini(15503): [getOption] getOption name='debug-eventManager-level' value=''.
10-31 15:09:52.917 D/base::Ini(15503): [getOption] getOption name='debug-eventManager-level' value=''.
10-31 15:09:52.917 D/base::Ini(15503): [getOption] getOption name='debug-eventManager-level' value=''.
10-31 15:09:52.917 D/base::Ini(15503): [getOption] getOption name='debug-eventManager-level' value=''.
10-31 15:09:53.117 D/base::Ini(15503): [getOption] getOption name='debug-eventManager-level' value=''.
10-31 15:09:53.117 D/base::Ini(15503): [getOption] getOption name='debug-eventManager-level' value=''.
10-31 15:09:53.117 D/base::Ini(15503): [getOption] getOption name='debug-eventManager-level' value=''.
10-31 15:09:53.117 D/base::Ini(15503): [getOption] getOption name='debug-eventManager-level' value=''.
10-31 15:09:53.117 D/base::Ini(15503): [getOption] getOption name='debug-eventManager-level' value=''.
10-31 15:09:53.117 D/base::Ini(15503): [getOption] getOption name='debug-eventManager-level' value=''.
10-31 15:09:53.118 D/base::Ini(15503): [getOption] getOption name='debug-eventManager-level' value=''.
10-31 15:09:53.118 D/base::Ini(15503): [getOption] getOption name='debug-eventManager-level' value=''.
10-31 15:09:53.118 D/base::Ini(15503): [getOption] getOption name='debug-eventManager-level' value=''.
10-31 15:09:53.118 D/base::Ini(15503): [getOption] getOption name='debug-netdev-level' value=''.
10-31 15:09:53.118 D/base::Ini(15503): [getOption] getOption name='debug-netdev-level' value=''.
10-31 15:09:53.118 D/base::Ini(15503): [getOption] getOption name='debug-netdev-level' value=''.
10-31 15:09:53.118 D/base::Ini(15503): [getOption] getOption name='debug-netdev-level' value=''.
10-31 15:09:53.118 D/base::Ini(15503): [getOption] getOption name='debug-eventManager-level' value=''.
10-31 15:09:53.118 D/base::Ini(15503): [getOption] getOption name='debug-eventManager-level' value=''.
10-31 15:09:53.118 D/base::Ini(15503): [getOption] getOption name='debug-eventManager-level' value=''.
10-31 15:09:53.118 D/base::Ini(15503): [getOption] getOption name='debug-eventManager-level' value=''.
10-31 15:09:53.118 D/base::Ini(15503): [getOption] getOption name='debug-netdev-level' value=''.
10-31 15:09:53.118 D/base::Ini(15503): [getOption] getOption name='debug-netdev-level' value=''.
10-31 15:09:53.118 D/base::Ini(15503): [getOption] getOption name='debug-netdev-level' value=''.
10-31 15:09:53.118 D/base::Ini(15503): [getOption] getOption name='debug-netdev-level' value=''.
10-31 15:09:53.118 D/base::Ini(15503): [getOption] getOption name='debug-eventManager-level' value=''.
10-31 15:09:53.118 D/base::Ini(15503): [getOption] getOption name='debug-eventManager-level' value=''.
10-31 15:09:53.118 D/base::Ini(15503): [getOption] getOption name='debug-eventManager-level' value=''.
10-31 15:09:53.118 D/base::Ini(15503): [getOption] getOption name='debug-eventManager-level' value=''.
10-31 15:09:53.118 D/base::Ini(15503): [getOption] getOption name='debug-eventManager-level' value=''.
10-31 15:09:53.118 D/base::Ini(15503): [getOption] getOption name='debug-eventManager-level' value=''.
10-31 15:09:53.119 D/base::Ini(15503): [getOption] getOption name='debug-eventManager-level' value=''.
10-31 15:09:53.119 D/base::Ini(15503): [getOption] getOption name='debug-eventManager-level' value=''.
10-31 15:09:53.119 D/base::Ini(15503): [getOption] getOption name='debug-eventManager-level' value=''.
10-31 15:09:53.119 D/base::Ini(15503): [getOption] getOption name='debug-eventManager-level' value=''.
10-31 15:09:53.119 D/base::Ini(15503): [getOption] getOption name='debug-eventManager-level' value=''.
10-31 15:09:53.119 D/base::Ini(15503): [getOption] getOption name='debug-eventManager-level' value=''.
10-31 15:09:53.119 D/base::Ini(15503): [getOption] getOption name='debug-eventManager-level' value=''.
10-31 15:09:53.119 D/base::Ini(15503): [getOption] getOption name='debug-eventManager-level' value=''.
10-31 15:09:53.119 D/base::Ini(15503): [getOption] getOption name='debug-eventManager-level' value=''.
10-31 15:09:53.119 D/base::Ini(15503): [getOption] getOption name='debug-eventManager-level' value=''.
10-31 15:09:53.231 D/BackBootDealerNeimeng( 2389): standbyState:
10-31 15:09:53.231 E/NetUtils( 2020): Interface eth0 LinkDown!
10-31 15:09:53.318 D/base::Ini(15503): [getOption] getOption name='debug-eventManager-level' value=''.
10-31 15:09:53.318 D/base::Ini(15503): [getOption] getOption name='debug-eventManager-level' value=''.
10-31 15:09:53.318 D/base::Ini(15503): [getOption] getOption name='debug-eventManager-level' value=''.
10-31 15:09:53.318 D/base::Ini(15503): [getOption] getOption name='debug-eventManager-level' value=''.
10-31 15:09:53.318 D/base::Ini(15503): [getOption] getOption name='debug-eventManager-level' value=''.
10-31 15:09:53.318 D/base::Ini(15503): [getOption] getOption name='debug-eventManager-level' value=''.
10-31 15:09:53.318 D/base::Ini(15503): [getOption] getOption name='debug-eventManager-level' value=''.
10-31 15:09:53.318 D/base::Ini(15503): [getOption] getOption name='debug-eventManager-level' value=''.
10-31 15:09:53.318 D/base::Ini(15503): [getOption] getOption name='debug-eventManager-level' value=''.
10-31 15:09:53.318 D/base::Ini(15503): [getOption] getOption name='debug-eventManager-level' value=''.
10-31 15:09:53.318 D/base::Ini(15503): [getOption] getOption name='debug-eventManager-level' value=''.
10-31 15:09:53.319 D/base::Ini(15503): [getOption] getOption name='debug-netdev-level' value=''.
10-31 15:09:53.319 D/base::Ini(15503): [getOption] getOption name='debug-netdev-level' value=''.
10-31 15:09:53.319 D/base::Ini(15503): [getOption] getOption name='debug-netdev-level' value=''.
10-31 15:09:53.319 D/base::Ini(15503): [getOption] getOption name='debug-netdev-level' value=''.
10-31 15:09:53.329 D/base::Ini(15503): [getOption] getOption name='debug-eventManager-level' value=''.
10-31 15:09:53.329 D/base::Ini(15503): [getOption] getOption name='debug-eventManager-level' value=''.
10-31 15:09:53.329 D/base::Ini(15503): [getOption] getOption name='debug-eventManager-level' value=''.
10-31 15:09:53.329 D/base::Ini(15503): [getOption] getOption name='debug-eventManager-level' value=''.
10-31 15:09:53.329 D/base::Ini(15503): [getOption] getOption name='debug-eventManager-level' value=''.
10-31 15:09:53.329 D/base::Ini(15503): [getOption] getOption name='debug-eventManager-level' value=''.
10-31 15:09:53.329 D/base::Ini(15503): [getOption] getOption name='debug-eventManager-level' value=''.
10-31 15:09:53.329 D/base::Ini(15503): [getOption] getOption name='debug-eventManager-level' value=''.
10-31 15:09:53.329 D/base::Ini(15503): [getOption] getOption name='debug-eventManager-level' value=''.
10-31 15:09:53.329 D/base::Ini(15503): [getOption] getOption name='debug-eventManager-level' value=''.
10-31 15:09:53.329 D/base::Ini(15503): [getOption] getOption name='debug-netdev-level' value=''.
10-31 15:09:53.329 D/base::Ini(15503): [getOption] getOption name='debug-netdev-level' value=''.
