01-01 08:00:38.312 D/CSLegacyTypeTracker( 2021): Sending connected broadcast for type 1 NetworkAgentInfo [WIFI () - 100] isDefaultNetwork=true
01-01 08:00:38.312 D/ConnectivityService( 2021): sendStickyBroadcast: action=android.net.conn.CONNECTIVITY_CHANGE_IMMEDIATE
01-01 08:00:38.312 D/ConnectivityService( 2021): sendStickyBroadcast: action=android.net.conn.CONNECTIVITY_CHANGE
01-01 08:00:38.315 D/ConnectivityService( 2021): setProvNotificationVisibleIntent: E visible=false networkType=0 extraInfo=null
01-01 08:00:38.315 D/ConnectivityService( 2021): Validated NetworkAgentInfo [WIFI () - 100]
01-01 08:00:38.315 D/ConnectivityService( 2021): rematching NetworkAgentInfo [WIFI () - 100]
01-01 08:00:38.315 D/ConnectivityService( 2021): Network NetworkAgentInfo [WIFI () - 100] was already satisfying request 1. No change.
01-01 08:00:38.315 D/ConnectivityService( 2021): notifyType AVAILABLE for NetworkAgentInfo [WIFI () - 100]
01-01 08:00:38.327 D/ConnectivityService( 2021): sendStickyBroadcast: action=android.net.conn.INET_CONDITION_ACTION
01-01 08:00:38.371 I/ActivityManager( 2021): Start proc 3166:com.sostation.happyle.huantv/u0a28 for broadcast com.sostation.happyle.huantv/com.youdao.sdk.common.YouDaoTrackerReceiver
01-01 08:00:38.474 I/ActivityManager( 2021): Start proc 3192:com.starcor.mango/u0a23 for broadcast com.starcor.mango/com.starcor.receiver.NetworkConnectionReceiver
01-01 08:00:38.492 W/ResourcesManager( 3192): Asset path '/system/framework/android.test.runner.jar' does not exist or contains no resources.
01-01 08:00:39.347 W/ActivityManager( 2021): getTasks: caller 10023 does not hold REAL_GET_TASKS; limiting output
01-01 08:00:39.348 W/ActivityManager( 2021): getRunningAppProcesses: caller 10023 does not hold REAL_GET_TASKS; limiting output
01-01 08:00:39.351 W/ActivityManager( 2021): getTasks: caller 10023 does not hold REAL_GET_TASKS; limiting output
01-01 08:00:39.351 W/ActivityManager( 2021): getTasks: caller 10023 does not hold REAL_GET_TASKS; limiting output
01-01 08:00:39.378 W/ActivityManager( 2021): getTasks: caller 10023 does not hold REAL_GET_TASKS; limiting output
01-01 08:00:39.378 W/ActivityManager( 2021): getTasks: caller 10023 does not hold REAL_GET_TASKS; limiting output
10-31 16:46:33.006 W/ContextImpl( 2381): Calling a method in the system process without a qualified user: android.app.ContextImpl.sendBroadcast:1345 android.content.ContextWrapper.sendBroadcast:377 com.suma.midware.back.ivideo.b.a:-1 com.suma.midware.back.ivideo.neimeng.IvideoDealerNeimeng.b:-1 com.suma.midware.back.ivideo.neimeng.IvideoDealerNeimeng.e:-1 
10-31 16:46:33.097 W/ContextImpl( 2381): Calling a method in the system process without a qualified user: android.app.ContextImpl.sendBroadcast:1345 android.content.ContextWrapper.sendBroadcast:377 com.suma.midware.back.ivideo.b.a:-1 com.suma.midware.back.ivideo.neimeng.IvideoDealerNeimeng.e:-1 com.suma.midware.back.ivideo.e.run:-1 
10-31 16:46:33.255 W/ContextImpl( 2381): Calling a method in the system process without a qualified user: android.app.ContextImpl.sendBroadcast:1345 android.content.ContextWrapper.sendBroadcast:377 com.suma.midware.back.ivideo.b.a:-1 com.suma.midware.back.ivideo.neimeng.IvideoDealerNeimeng.e:-1 com.suma.midware.back.ivideo.e.run:-1 
10-31 16:46:35.246 W/ContextImpl( 2381): Calling a method in the system process without a qualified user: android.app.ContextImpl.sendBroadcast:1345 android.content.ContextWrapper.sendBroadcast:377 com.suma.midware.back.esg.e.f:-1 com.suma.midware.back.esg.f.run:-1 com.suma.midware.prop.util.c.run:-1 
10-31 16:46:36.249 W/ContextImpl( 2381): Calling a method in the system process without a qualified user: android.app.ContextImpl.sendBroadcast:1345 android.content.ContextWrapper.sendBroadcast:377 com.suma.midware.back.esg.e.f:-1 com.suma.midware.back.esg.f.run:-1 com.suma.midware.prop.util.c.run:-1 
10-31 16:46:39.252 W/ContextImpl( 2381): Calling a method in the system process without a qualified user: android.app.ContextImpl.sendBroadcast:1345 android.content.ContextWrapper.sendBroadcast:377 com.suma.midware.back.esg.e.f:-1 com.suma.midware.back.esg.f.run:-1 com.suma.midware.prop.util.c.run:-1 
10-31 16:46:40.254 W/ContextImpl( 2381): Calling a method in the system process without a qualified user: android.app.ContextImpl.sendBroadcast:1345 android.content.ContextWrapper.sendBroadcast:377 com.suma.midware.back.esg.e.f:-1 com.suma.midware.back.esg.f.run:-1 com.suma.midware.prop.util.c.run:-1 
10-31 16:46:41.383 I/ActivityManager( 2021): Waited long enough for: ServiceRecord{1b15d5e9 u0 com.sostation.happyle.huantv/com.youdao.sdk.common.YouDaoAppService}
10-31 16:46:42.160 I/ActivityManager( 2021): Waited long enough for: ServiceRecord{196ce7a5 u0 com.starcor.mango/com.starcor.report.ReportService}
10-31 16:46:42.161 I/ActivityManager( 2021): Waited long enough for: ServiceRecord{1091177a u0 com.starcor.mango/com.starcor.report.newreport.DataReportService}
10-31 16:46:42.291 I/ActivityManager( 2021): Waited long enough for: ServiceRecord{3d971bd2 u0 com.starcor.mango/com.mgtv.data.ott.sdk.core.service.DataReporterService}
10-31 16:46:43.258 W/ContextImpl( 2381): Calling a method in the system process without a qualified user: android.app.ContextImpl.sendBroadcast:1345 android.content.ContextWrapper.sendBroadcast:377 com.suma.midware.back.esg.e.f:-1 com.suma.midware.back.esg.f.run:-1 com.suma.midware.prop.util.c.run:-1 
10-31 16:46:44.260 W/ContextImpl( 2381): Calling a method in the system process without a qualified user: android.app.ContextImpl.sendBroadcast:1345 android.content.ContextWrapper.sendBroadcast:377 com.suma.midware.back.esg.e.f:-1 com.suma.midware.back.esg.f.run:-1 com.suma.midware.prop.util.c.run:-1 
10-31 16:46:47.262 W/ContextImpl( 2381): Calling a method in the system process without a qualified user: android.app.ContextImpl.sendBroadcast:1345 android.content.ContextWrapper.sendBroadcast:377 com.suma.midware.back.esg.e.f:-1 com.suma.midware.back.esg.f.run:-1 com.suma.midware.prop.util.c.run:-1 
10-31 16:46:48.265 W/ContextImpl( 2381): Calling a method in the system process without a qualified user: android.app.ContextImpl.sendBroadcast:1345 android.content.ContextWrapper.sendBroadcast:377 com.suma.midware.back.esg.e.f:-1 com.suma.midware.back.esg.f.run:-1 com.suma.midware.prop.util.c.run:-1 
10-31 16:46:51.268 W/ContextImpl( 2381): Calling a method in the system process without a qualified user: android.app.ContextImpl.sendBroadcast:1345 android.content.ContextWrapper.sendBroadcast:377 com.suma.midware.back.esg.e.f:-1 com.suma.midware.back.esg.f.run:-1 com.suma.midware.prop.util.c.run:-1 
10-31 16:46:52.271 W/ContextImpl( 2381): Calling a method in the system process without a qualified user: android.app.ContextImpl.sendBroadcast:1345 android.content.ContextWrapper.sendBroadcast:377 com.suma.midware.back.esg.e.f:-1 com.suma.midware.back.esg.f.run:-1 com.suma.midware.prop.util.c.run:-1 
10-31 16:46:55.275 W/ContextImpl( 2381): Calling a method in the system process without a qualified user: android.app.ContextImpl.sendBroadcast:1345 android.content.ContextWrapper.sendBroadcast:377 com.suma.midware.back.esg.e.f:-1 com.suma.midware.back.esg.f.run:-1 com.suma.midware.prop.util.c.run:-1 
10-31 16:46:56.278 W/ContextImpl( 2381): Calling a method in the system process without a qualified user: android.app.ContextImpl.sendBroadcast:1345 android.content.ContextWrapper.sendBroadcast:377 com.suma.midware.back.esg.e.f:-1 com.suma.midware.back.esg.f.run:-1 com.suma.midware.prop.util.c.run:-1 
10-31 16:46:59.282 W/ContextImpl( 2381): Calling a method in the system process without a qualified user: android.app.ContextImpl.sendBroadcast:1345 android.content.ContextWrapper.sendBroadcast:377 com.suma.midware.back.esg.e.f:-1 com.suma.midware.back.esg.f.run:-1 com.suma.midware.prop.util.c.run:-1 
10-31 16:47:00.285 W/ContextImpl( 2381): Calling a method in the system process without a qualified user: android.app.ContextImpl.sendBroadcast:1345 android.content.ContextWrapper.sendBroadcast:377 com.suma.midware.back.esg.e.f:-1 com.suma.midware.back.esg.f.run:-1 com.suma.midware.prop.util.c.run:-1 
10-31 16:47:03.288 W/ContextImpl( 2381): Calling a method in the system process without a qualified user: android.app.ContextImpl.sendBroadcast:1345 android.content.ContextWrapper.sendBroadcast:377 com.suma.midware.back.esg.e.f:-1 com.suma.midware.back.esg.f.run:-1 com.suma.midware.prop.util.c.run:-1 
10-31 16:47:04.291 W/ContextImpl( 2381): Calling a method in the system process without a qualified user: android.app.ContextImpl.sendBroadcast:1345 android.content.ContextWrapper.sendBroadcast:377 com.suma.midware.back.esg.e.f:-1 com.suma.midware.back.esg.f.run:-1 com.suma.midware.prop.util.c.run:-1 
10-31 16:47:07.294 W/ContextImpl( 2381): Calling a method in the system process without a qualified user: android.app.ContextImpl.sendBroadcast:1345 android.content.ContextWrapper.sendBroadcast:377 com.suma.midware.back.esg.e.f:-1 com.suma.midware.back.esg.f.run:-1 com.suma.midware.prop.util.c.run:-1 
10-31 16:47:08.297 W/ContextImpl( 2381): Calling a method in the system process without a qualified user: android.app.ContextImpl.sendBroadcast:1345 android.content.ContextWrapper.sendBroadcast:377 com.suma.midware.back.esg.e.f:-1 com.suma.midware.back.esg.f.run:-1 com.suma.midware.prop.util.c.run:-1 
10-31 16:47:11.300 W/ContextImpl( 2381): Calling a method in the system process without a qualified user: android.app.ContextImpl.sendBroadcast:1345 android.content.ContextWrapper.sendBroadcast:377 com.suma.midware.back.esg.e.f:-1 com.suma.midware.back.esg.f.run:-1 com.suma.midware.prop.util.c.run:-1 
10-31 16:47:12.301 W/ContextImpl( 2381): Calling a method in the system process without a qualified user: android.app.ContextImpl.sendBroadcast:1345 android.content.ContextWrapper.sendBroadcast:377 com.suma.midware.back.esg.e.f:-1 com.suma.midware.back.esg.f.run:-1 com.suma.midware.prop.util.c.run:-1 
10-31 16:47:15.304 W/ContextImpl( 2381): Calling a method in the system process without a qualified user: android.app.ContextImpl.sendBroadcast:1345 android.content.ContextWrapper.sendBroadcast:377 com.suma.midware.back.esg.e.f:-1 com.suma.midware.back.esg.f.run:-1 com.suma.midware.prop.util.c.run:-1 
10-31 16:47:16.318 W/ContextImpl( 2381): Calling a method in the system process without a qualified user: android.app.ContextImpl.sendBroadcast:1345 android.content.ContextWrapper.sendBroadcast:377 com.suma.midware.back.esg.e.f:-1 com.suma.midware.back.esg.f.run:-1 com.suma.midware.prop.util.c.run:-1 
10-31 16:47:17.321 W/ContextImpl( 2381): Calling a method in the system process without a qualified user: android.app.ContextImpl.sendBroadcast:1345 android.content.ContextWrapper.sendBroadcast:377 com.suma.midware.back.esg.e.f:-1 com.suma.midware.back.esg.f.run:-1 com.suma.midware.prop.util.c.run:-1 
10-31 16:47:18.324 W/ContextImpl( 2381): Calling a method in the system process without a qualified user: android.app.ContextImpl.sendBroadcast:1345 android.content.ContextWrapper.sendBroadcast:377 com.suma.midware.back.esg.e.f:-1 com.suma.midware.back.esg.f.run:-1 com.suma.midware.prop.util.c.run:-1 
10-31 16:48:05.174 E/RemotePrintSpooler( 2021): Error removing obsolete print jobs .
10-31 16:48:05.174 E/RemotePrintSpooler( 2021): java.util.concurrent.TimeoutException: Cannot get spooler!
10-31 16:48:05.174 E/RemotePrintSpooler( 2021): 	at com.android.server.print.RemotePrintSpooler.bindLocked(RemotePrintSpooler.java:378)
10-31 16:48:05.174 E/RemotePrintSpooler( 2021): 	at com.android.server.print.RemotePrintSpooler.getRemoteInstanceLazy(RemotePrintSpooler.java:354)
10-31 16:48:05.174 E/RemotePrintSpooler( 2021): 	at com.android.server.print.RemotePrintSpooler.removeObsoletePrintJobs(RemotePrintSpooler.java:289)
10-31 16:48:05.174 E/RemotePrintSpooler( 2021): 	at com.android.server.print.UserState.removeObsoletePrintJobs(UserState.java:165)
10-31 16:48:05.174 E/RemotePrintSpooler( 2021): 	at com.android.server.print.PrintManagerService$PrintManagerImpl$3.run(PrintManagerService.java:644)
10-31 16:48:05.174 E/RemotePrintSpooler( 2021): 	at android.os.Handler.handleCallback(Handler.java:739)
10-31 16:48:05.174 E/RemotePrintSpooler( 2021): 	at android.os.Handler.dispatchMessage(Handler.java:95)
10-31 16:48:05.174 E/RemotePrintSpooler( 2021): 	at android.os.Looper.loop(Looper.java:135)
10-31 16:48:05.174 E/RemotePrintSpooler( 2021): 	at android.os.HandlerThread.run(HandlerThread.java:61)
10-31 16:48:05.174 I/UsageStatsService( 2021): User[0] Flushing usage stats to disk
10-31 16:48:05.196 I/UsageStatsDatabase( 2021): Moving file /data/system/usagestats/0/daily/1420070400000 to /data/system/usagestats/0/daily/1509439547940
10-31 16:48:05.196 I/UsageStatsDatabase( 2021): Moving file /data/system/usagestats/0/weekly/1420070400000 to /data/system/usagestats/0/weekly/1509439547940
10-31 16:48:05.197 I/UsageStatsDatabase( 2021): Moving file /data/system/usagestats/0/monthly/1417824000000 to /data/system/usagestats/0/monthly/1507193147940
10-31 16:48:05.197 I/UsageStatsDatabase( 2021): Moving file /data/system/usagestats/0/yearly/1419120000000 to /data/system/usagestats/0/yearly/1508489147940
10-31 16:48:05.212 I/UsageStatsService( 2021): User[0] Rollover scheduled @ 2017-11-01 08:00:00(1509494400000)
10-31 16:48:21.380 W/ContextImpl( 2381): Calling a method in the system process without a qualified user: android.app.ContextImpl.sendBroadcast:1345 android.content.ContextWrapper.sendBroadcast:377 com.suma.midware.back.esg.e.f:-1 com.suma.midware.back.esg.f.run:-1 com.suma.midware.prop.util.c.run:-1 
10-31 16:48:22.385 W/ContextImpl( 2381): Calling a method in the system process without a qualified user: android.app.ContextImpl.sendBroadcast:1345 android.content.ContextWrapper.sendBroadcast:377 com.suma.midware.back.esg.e.f:-1 com.suma.midware.back.esg.f.run:-1 com.suma.midware.prop.util.c.run:-1 
10-31 16:48:23.388 W/ContextImpl( 2381): Calling a method in the system process without a qualified user: android.app.ContextImpl.sendBroadcast:1345 android.content.ContextWrapper.sendBroadcast:377 com.suma.midware.back.esg.e.f:-1 com.suma.midware.back.esg.f.run:-1 com.suma.midware.prop.util.c.run:-1 
10-31 16:49:26.461 W/ContextImpl( 2381): Calling a method in the system process without a qualified user: android.app.ContextImpl.sendBroadcast:1345 android.content.ContextWrapper.sendBroadcast:377 com.suma.midware.back.esg.e.f:-1 com.suma.midware.back.esg.f.run:-1 com.suma.midware.prop.util.c.run:-1 
10-31 16:49:27.462 W/ContextImpl( 2381): Calling a method in the system process without a qualified user: android.app.ContextImpl.sendBroadcast:1345 android.content.ContextWrapper.sendBroadcast:377 com.suma.midware.back.esg.e.f:-1 com.suma.midware.back.esg.f.run:-1 com.suma.midware.prop.util.c.run:-1 
10-31 16:49:28.465 W/ContextImpl( 2381): Calling a method in the system process without a qualified user: android.app.ContextImpl.sendBroadcast:1345 android.content.ContextWrapper.sendBroadcast:377 com.suma.midware.back.esg.e.f:-1 com.suma.midware.back.esg.f.run:-1 com.suma.midware.prop.util.c.run:-1 
10-31 16:50:31.526 W/ContextImpl( 2381): Calling a method in the system process without a qualified user: android.app.ContextImpl.sendBroadcast:1345 android.content.ContextWrapper.sendBroadcast:377 com.suma.midware.back.esg.e.f:-1 com.suma.midware.back.esg.f.run:-1 com.suma.midware.prop.util.c.run:-1 
10-31 16:50:32.529 W/ContextImpl( 2381): Calling a method in the system process without a qualified user: android.app.ContextImpl.sendBroadcast:1345 android.content.ContextWrapper.sendBroadcast:377 com.suma.midware.back.esg.e.f:-1 com.suma.midware.back.esg.f.run:-1 com.suma.midware.prop.util.c.run:-1 
10-31 16:50:33.532 W/ContextImpl( 2381): Calling a method in the system process without a qualified user: android.app.ContextImpl.sendBroadcast:1345 android.content.ContextWrapper.sendBroadcast:377 com.suma.midware.back.esg.e.f:-1 com.suma.midware.back.esg.f.run:-1 com.suma.midware.prop.util.c.run:-1 
10-31 16:51:36.574 W/ContextImpl( 2381): Calling a method in the system process without a qualified user: android.app.ContextImpl.sendBroadcast:1345 android.content.ContextWrapper.sendBroadcast:377 com.suma.midware.back.esg.e.f:-1 com.suma.midware.back.esg.f.run:-1 com.suma.midware.prop.util.c.run:-1 
10-31 16:51:37.575 W/ContextImpl( 2381): Calling a method in the system process without a qualified user: android.app.ContextImpl.sendBroadcast:1345 android.content.ContextWrapper.sendBroadcast:377 com.suma.midware.back.esg.e.f:-1 com.suma.midware.back.esg.f.run:-1 com.suma.midware.prop.util.c.run:-1 
10-31 16:51:38.578 W/ContextImpl( 2381): Calling a method in the system process without a qualified user: android.app.ContextImpl.sendBroadcast:1345 android.content.ContextWrapper.sendBroadcast:377 com.suma.midware.back.esg.e.f:-1 com.suma.midware.back.esg.f.run:-1 com.suma.midware.prop.util.c.run:-1 
10-31 16:52:41.638 W/ContextImpl( 2381): Calling a method in the system process without a qualified user: android.app.ContextImpl.sendBroadcast:1345 android.content.ContextWrapper.sendBroadcast:377 com.suma.midware.back.esg.e.f:-1 com.suma.midware.back.esg.f.run:-1 com.suma.midware.prop.util.c.run:-1 
10-31 16:52:42.641 W/ContextImpl( 2381): Calling a method in the system process without a qualified user: android.app.ContextImpl.sendBroadcast:1345 android.content.ContextWrapper.sendBroadcast:377 com.suma.midware.back.esg.e.f:-1 com.suma.midware.back.esg.f.run:-1 com.suma.midware.prop.util.c.run:-1 
10-31 16:52:43.644 W/ContextImpl( 2381): Calling a method in the system process without a qualified user: android.app.ContextImpl.sendBroadcast:1345 android.content.ContextWrapper.sendBroadcast:377 com.suma.midware.back.esg.e.f:-1 com.suma.midware.back.esg.f.run:-1 com.suma.midware.prop.util.c.run:-1 
10-31 16:53:15.256 W/ProcessCpuTracker( 2021): Skipping unknown process pid 3616
10-31 16:53:46.709 W/ContextImpl( 2381): Calling a method in the system process without a qualified user: android.app.ContextImpl.sendBroadcast:1345 android.content.ContextWrapper.sendBroadcast:377 com.suma.midware.back.esg.e.f:-1 com.suma.midware.back.esg.f.run:-1 com.suma.midware.prop.util.c.run:-1 
10-31 16:53:47.712 W/ContextImpl( 2381): Calling a method in the system process without a qualified user: android.app.ContextImpl.sendBroadcast:1345 android.content.ContextWrapper.sendBroadcast:377 com.suma.midware.back.esg.e.f:-1 com.suma.midware.back.esg.f.run:-1 com.suma.midware.prop.util.c.run:-1 
10-31 16:53:48.716 W/ContextImpl( 2381): Calling a method in the system process without a qualified user: android.app.ContextImpl.sendBroadcast:1345 android.content.ContextWrapper.sendBroadcast:377 com.suma.midware.back.esg.e.f:-1 com.suma.midware.back.esg.f.run:-1 com.suma.midware.prop.util.c.run:-1 
10-31 16:54:51.773 W/ContextImpl( 2381): Calling a method in the system process without a qualified user: android.app.ContextImpl.sendBroadcast:1345 android.content.ContextWrapper.sendBroadcast:377 com.suma.midware.back.esg.e.f:-1 com.suma.midware.back.esg.f.run:-1 com.suma.midware.prop.util.c.run:-1 
10-31 16:54:52.776 W/ContextImpl( 2381): Calling a method in the system process without a qualified user: android.app.ContextImpl.sendBroadcast:1345 android.content.ContextWrapper.sendBroadcast:377 com.suma.midware.back.esg.e.f:-1 com.suma.midware.back.esg.f.run:-1 com.suma.midware.prop.util.c.run:-1 
10-31 16:54:53.779 W/ContextImpl( 2381): Calling a method in the system process without a qualified user: android.app.ContextImpl.sendBroadcast:1345 android.content.ContextWrapper.sendBroadcast:377 com.suma.midware.back.esg.e.f:-1 com.suma.midware.back.esg.f.run:-1 com.suma.midware.prop.util.c.run:-1 
10-31 16:55:28.007 I/ActivityManager( 2021): START u0 {act=android.intent.action.MAIN cat=[android.intent.category.HOME] flg=0x10200000 cmp=com.suma.midware.home/.third.Main3DActivity} from uid 1000 on display 0
10-31 16:55:28.011 I/ActivityManager( 2021): Force stopping com.android.browser appid=10010 user=0: from pid 2381
10-31 16:55:28.027 W/ContextImpl( 2496): Calling a method in the system process without a qualified user: android.app.ContextImpl.sendBroadcast:1345 android.content.ContextWrapper.sendBroadcast:377 com.suma.midware.view.ext.BluetoothUpdate.b:-1 com.suma.midware.home.third.Main3DActivity.onResume:-1 android.app.Instrumentation.callActivityOnResume:1257 
10-31 16:55:32.758 I/ActivityManager( 2021): START u0 {act= cmp=com.ipanel.android_webview.shell/com.ipanel.webapp.BrowserActivity (has extras)} from uid 1000 on display 0
10-31 16:55:32.765 V/WindowManager( 2021): addAppToken: AppWindowToken{2eeda0cd token=Token{2cf94664 ActivityRecord{24b237f7 u0 com.ipanel.android_webview.shell/com.ipanel.webapp.BrowserActivity t770}}} to stack=1 task=770 at 0
10-31 16:55:32.772 V/WindowManager( 2021): Adding window Window{21708fce u0 Starting com.ipanel.android_webview.shell} at 5 of 10 (after Window{27596fd4 u0 com.suma.midware.dvb/com.suma.midware.dvb.play.PlayActivity})
10-31 16:55:32.796 W/ContextImpl( 2496): Calling a method in the system process without a qualified user: android.app.ContextImpl.sendBroadcast:1345 android.content.ContextWrapper.sendBroadcast:377 android.app.ActivityThread.performPauseActivity:3259 android.app.ActivityThread.performPauseActivity:3225 android.app.ActivityThread.handlePauseActivity:3200 
10-31 16:55:32.829 I/ActivityManager( 2021): Start proc 3702:com.ipanel.android_webview.shell/u0a32 for activity com.ipanel.android_webview.shell/com.ipanel.webapp.BrowserActivity
10-31 16:55:33.606 V/WindowManager( 2021): Adding window Window{393fc6c4 u0 com.ipanel.android_webview.shell/com.ipanel.webapp.BrowserActivity} at 5 of 11 (before Window{21708fce u0 Starting com.ipanel.android_webview.shell})
10-31 16:55:33.631 D/ConnectivityService( 2021): listenForNetwork for NetworkRequest [ id=3, legacyType=-1, [ Capabilities: INTERNET&NOT_RESTRICTED&TRUSTED] ]
10-31 16:55:33.631 D/ConnectivityService( 2021): handleRegisterNetworkRequest checking NetworkAgentInfo [WIFI () - 100]
10-31 16:55:33.631 D/ConnectivityService( 2021): apparently satisfied.  currentScore=60
10-31 16:55:33.684 V/WindowManager( 2021): Adding window Window{f0813a9 u0 SurfaceView} at 5 of 12 (before Window{393fc6c4 u0 com.ipanel.android_webview.shell/com.ipanel.webapp.BrowserActivity})
10-31 16:55:33.691 V/WindowManager( 2021): Adding window Window{1cf1d0cf u0 SurfaceView} at 6 of 13 (before Window{393fc6c4 u0 com.ipanel.android_webview.shell/com.ipanel.webapp.BrowserActivity})
10-31 16:55:33.712 W/ViewRootImpl( 3702): Cancelling event due to no window focus: KeyEvent { action=ACTION_UP, keyCode=KEYCODE_DPAD_CENTER, scanCode=28, metaState=0, flags=0x80000028, repeatCount=0, eventTime=588456, downTime=588246, deviceId=3, source=0x701 }
10-31 16:55:33.712 W/ViewRootImpl( 3702): Cancelling event due to no window focus: KeyEvent { action=ACTION_UP, keyCode=KEYCODE_DPAD_CENTER, scanCode=28, metaState=0, flags=0x80000028, repeatCount=0, eventTime=588456, downTime=588246, deviceId=3, source=0x701 }
10-31 16:55:33.712 W/ViewRootImpl( 3702): Cancelling event due to no window focus: KeyEvent { action=ACTION_UP, keyCode=KEYCODE_DPAD_CENTER, scanCode=28, metaState=0, flags=0x80000028, repeatCount=0, eventTime=588456, downTime=588246, deviceId=3, source=0x701 }
10-31 16:55:33.712 W/ViewRootImpl( 3702): Cancelling event due to no window focus: KeyEvent { action=ACTION_UP, keyCode=KEYCODE_DPAD_CENTER, scanCode=28, metaState=0, flags=0x80000028, repeatCount=0, eventTime=588456, downTime=588246, deviceId=3, source=0x701 }
10-31 16:55:33.712 W/ViewRootImpl( 3702): Cancelling event due to no window focus: KeyEvent { action=ACTION_UP, keyCode=KEYCODE_DPAD_CENTER, scanCode=28, metaState=0, flags=0x80000028, repeatCount=0, eventTime=588456, downTime=588246, deviceId=3, source=0x701 }
10-31 16:55:33.712 W/ViewRootImpl( 3702): Cancelling event due to no window focus: KeyEvent { action=ACTION_UP, keyCode=KEYCODE_DPAD_CENTER, scanCode=28, metaState=0, flags=0x80000028, repeatCount=0, eventTime=588456, downTime=588246, deviceId=3, source=0x701 }
10-31 16:55:33.715 W/ViewRootImpl( 3702): Cancelling event due to no window focus: KeyEvent { action=ACTION_UP, keyCode=KEYCODE_DPAD_CENTER, scanCode=28, metaState=0, flags=0x80000028, repeatCount=0, eventTime=588456, downTime=588246, deviceId=3, source=0x701 }
10-31 16:55:33.715 W/ViewRootImpl( 3702): Cancelling event due to no window focus: KeyEvent { action=ACTION_UP, keyCode=KEYCODE_DPAD_CENTER, scanCode=28, metaState=0, flags=0x80000028, repeatCount=0, eventTime=588456, downTime=588246, deviceId=3, source=0x701 }
10-31 16:55:33.715 W/ViewRootImpl( 3702): Cancelling event due to no window focus: KeyEvent { action=ACTION_UP, keyCode=KEYCODE_DPAD_CENTER, scanCode=28, metaState=0, flags=0x80000028, repeatCount=0, eventTime=588456, downTime=588246, deviceId=3, source=0x701 }
10-31 16:55:36.276 D/TaskPersister( 2021): removeObsoleteFile: deleting file=767_task.xml
10-31 16:55:36.276 D/TaskPersister( 2021): removeObsoleteFile: deleting file=767_task_thumbnail.png
10-31 16:55:48.694 I/ActivityManager( 2021): START u0 {act=android.intent.action.MAIN cat=[android.intent.category.HOME] flg=0x10200000 cmp=com.suma.midware.home/.third.Main3DActivity} from uid 1000 on display 0
10-31 16:55:48.711 I/ActivityManager( 2021): Force stopping com.android.browser appid=10010 user=0: from pid 2381
10-31 16:55:48.736 W/ContextImpl( 2496): Calling a method in the system process without a qualified user: android.app.ContextImpl.sendBroadcast:1345 android.content.ContextWrapper.sendBroadcast:377 com.suma.midware.view.ext.BluetoothUpdate.b:-1 com.suma.midware.home.third.Main3DActivity.onResume:-1 android.app.Instrumentation.callActivityOnResume:1257 
10-31 16:55:48.741 W/ContextImpl( 2496): Calling a method in the system process without a qualified user: android.app.ContextImpl.sendBroadcast:1345 android.content.ContextWrapper.sendBroadcast:377 android.app.ActivityThread.performResumeActivity:2982 android.app.ActivityThread.handleResumeActivity:3023 android.app.ActivityThread$H.handleMessage:1347 
10-31 16:55:56.806 W/ContextImpl( 2381): Calling a method in the system process without a qualified user: android.app.ContextImpl.sendBroadcast:1345 android.content.ContextWrapper.sendBroadcast:377 com.suma.midware.back.esg.e.f:-1 com.suma.midware.back.esg.f.run:-1 com.suma.midware.prop.util.c.run:-1 
10-31 16:55:57.809 W/ContextImpl( 2381): Calling a method in the system process without a qualified user: android.app.ContextImpl.sendBroadcast:1345 android.content.ContextWrapper.sendBroadcast:377 com.suma.midware.back.esg.e.f:-1 com.suma.midware.back.esg.f.run:-1 com.suma.midware.prop.util.c.run:-1 
10-31 16:55:58.810 W/ContextImpl( 2381): Calling a method in the system process without a qualified user: android.app.ContextImpl.sendBroadcast:1345 android.content.ContextWrapper.sendBroadcast:377 com.suma.midware.back.esg.e.f:-1 com.suma.midware.back.esg.f.run:-1 com.suma.midware.prop.util.c.run:-1 
10-31 16:56:00.092 I/ActivityManager( 2021): START u0 {act= cmp=com.ipanel.android_webview.shell/com.ipanel.webapp.BrowserActivity (has extras)} from uid 1000 on display 0
10-31 16:56:00.098 W/ContextImpl( 2496): Calling a method in the system process without a qualified user: android.app.ContextImpl.sendBroadcast:1345 android.content.ContextWrapper.sendBroadcast:377 android.app.ActivityThread.performPauseActivity:3259 android.app.ActivityThread.performPauseActivity:3225 android.app.ActivityThread.handlePauseActivity:3200 
10-31 16:56:00.482 W/ViewRootImpl( 3702): Cancelling event due to no window focus: KeyEvent { action=ACTION_UP, keyCode=KEYCODE_DPAD_CENTER, scanCode=28, metaState=0, flags=0x80000028, repeatCount=0, eventTime=615785, downTime=615576, deviceId=3, source=0x701 }
10-31 16:56:00.482 W/ViewRootImpl( 3702): Cancelling event due to no window focus: KeyEvent { action=ACTION_UP, keyCode=KEYCODE_DPAD_CENTER, scanCode=28, metaState=0, flags=0x80000028, repeatCount=0, eventTime=615785, downTime=615576, deviceId=3, source=0x701 }
10-31 16:56:00.482 W/ViewRootImpl( 3702): Cancelling event due to no window focus: KeyEvent { action=ACTION_UP, keyCode=KEYCODE_DPAD_CENTER, scanCode=28, metaState=0, flags=0x80000028, repeatCount=0, eventTime=615785, downTime=615576, deviceId=3, source=0x701 }
10-31 16:56:00.482 W/ViewRootImpl( 3702): Cancelling event due to no window focus: KeyEvent { action=ACTION_UP, keyCode=KEYCODE_DPAD_CENTER, scanCode=28, metaState=0, flags=0x80000028, repeatCount=0, eventTime=615785, downTime=615576, deviceId=3, source=0x701 }
10-31 16:56:00.482 W/ViewRootImpl( 3702): Cancelling event due to no window focus: KeyEvent { action=ACTION_UP, keyCode=KEYCODE_DPAD_CENTER, scanCode=28, metaState=0, flags=0x80000028, repeatCount=0, eventTime=615785, downTime=615576, deviceId=3, source=0x701 }
10-31 16:56:00.482 W/ViewRootImpl( 3702): Cancelling event due to no window focus: KeyEvent { action=ACTION_UP, keyCode=KEYCODE_DPAD_CENTER, scanCode=28, metaState=0, flags=0x80000028, repeatCount=0, eventTime=615785, downTime=615576, deviceId=3, source=0x701 }
10-31 16:57:01.903 W/ContextImpl( 2381): Calling a method in the system process without a qualified user: android.app.ContextImpl.sendBroadcast:1345 android.content.ContextWrapper.sendBroadcast:377 com.suma.midware.back.esg.e.f:-1 com.suma.midware.back.esg.f.run:-1 com.suma.midware.prop.util.c.run:-1 
10-31 16:57:02.906 W/ContextImpl( 2381): Calling a method in the system process without a qualified user: android.app.ContextImpl.sendBroadcast:1345 android.content.ContextWrapper.sendBroadcast:377 com.suma.midware.back.esg.e.f:-1 com.suma.midware.back.esg.f.run:-1 com.suma.midware.prop.util.c.run:-1 
10-31 16:57:03.911 W/ContextImpl( 2381): Calling a method in the system process without a qualified user: android.app.ContextImpl.sendBroadcast:1345 android.content.ContextWrapper.sendBroadcast:377 com.suma.midware.back.esg.e.f:-1 com.suma.midware.back.esg.f.run:-1 com.suma.midware.prop.util.c.run:-1 
10-31 16:58:06.985 W/ContextImpl( 2381): Calling a method in the system process without a qualified user: android.app.ContextImpl.sendBroadcast:1345 android.content.ContextWrapper.sendBroadcast:377 com.suma.midware.back.esg.e.f:-1 com.suma.midware.back.esg.f.run:-1 com.suma.midware.prop.util.c.run:-1 
10-31 16:58:07.988 W/ContextImpl( 2381): Calling a method in the system process without a qualified user: android.app.ContextImpl.sendBroadcast:1345 android.content.ContextWrapper.sendBroadcast:377 com.suma.midware.back.esg.e.f:-1 com.suma.midware.back.esg.f.run:-1 com.suma.midware.prop.util.c.run:-1 
10-31 16:58:08.992 W/ContextImpl( 2381): Calling a method in the system process without a qualified user: android.app.ContextImpl.sendBroadcast:1345 android.content.ContextWrapper.sendBroadcast:377 com.suma.midware.back.esg.e.f:-1 com.suma.midware.back.esg.f.run:-1 com.suma.midware.prop.util.c.run:-1 
10-31 16:59:12.079 W/ContextImpl( 2381): Calling a method in the system process without a qualified user: android.app.ContextImpl.sendBroadcast:1345 android.content.ContextWrapper.sendBroadcast:377 com.suma.midware.back.esg.e.f:-1 com.suma.midware.back.esg.f.run:-1 com.suma.midware.prop.util.c.run:-1 
10-31 16:59:13.082 W/ContextImpl( 2381): Calling a method in the system process without a qualified user: android.app.ContextImpl.sendBroadcast:1345 android.content.ContextWrapper.sendBroadcast:377 com.suma.midware.back.esg.e.f:-1 com.suma.midware.back.esg.f.run:-1 com.suma.midware.prop.util.c.run:-1 
10-31 16:59:14.086 W/ContextImpl( 2381): Calling a method in the system process without a qualified user: android.app.ContextImpl.sendBroadcast:1345 android.content.ContextWrapper.sendBroadcast:377 com.suma.midware.back.esg.e.f:-1 com.suma.midware.back.esg.f.run:-1 com.suma.midware.prop.util.c.run:-1 
10-31 17:00:17.164 W/ContextImpl( 2381): Calling a method in the system process without a qualified user: android.app.ContextImpl.sendBroadcast:1345 android.content.ContextWrapper.sendBroadcast:377 com.suma.midware.back.esg.e.f:-1 com.suma.midware.back.esg.f.run:-1 com.suma.midware.prop.util.c.run:-1 
10-31 17:00:18.168 W/ContextImpl( 2381): Calling a method in the system process without a qualified user: android.app.ContextImpl.sendBroadcast:1345 android.content.ContextWrapper.sendBroadcast:377 com.suma.midware.back.esg.e.f:-1 com.suma.midware.back.esg.f.run:-1 com.suma.midware.prop.util.c.run:-1 
10-31 17:00:19.171 W/ContextImpl( 2381): Calling a method in the system process without a qualified user: android.app.ContextImpl.sendBroadcast:1345 android.content.ContextWrapper.sendBroadcast:377 com.suma.midware.back.esg.e.f:-1 com.suma.midware.back.esg.f.run:-1 com.suma.midware.prop.util.c.run:-1 
10-31 17:01:22.260 W/ContextImpl( 2381): Calling a method in the system process without a qualified user: android.app.ContextImpl.sendBroadcast:1345 android.content.ContextWrapper.sendBroadcast:377 com.suma.midware.back.esg.e.f:-1 com.suma.midware.back.esg.f.run:-1 com.suma.midware.prop.util.c.run:-1 
10-31 17:01:23.263 W/ContextImpl( 2381): Calling a method in the system process without a qualified user: android.app.ContextImpl.sendBroadcast:1345 android.content.ContextWrapper.sendBroadcast:377 com.suma.midware.back.esg.e.f:-1 com.suma.midware.back.esg.f.run:-1 com.suma.midware.prop.util.c.run:-1 
10-31 17:01:24.267 W/ContextImpl( 2381): Calling a method in the system process without a qualified user: android.app.ContextImpl.sendBroadcast:1345 android.content.ContextWrapper.sendBroadcast:377 com.suma.midware.back.esg.e.f:-1 com.suma.midware.back.esg.f.run:-1 com.suma.midware.prop.util.c.run:-1 
10-31 17:02:27.360 W/ContextImpl( 2381): Calling a method in the system process without a qualified user: android.app.ContextImpl.sendBroadcast:1345 android.content.ContextWrapper.sendBroadcast:377 com.suma.midware.back.esg.e.f:-1 com.suma.midware.back.esg.f.run:-1 com.suma.midware.prop.util.c.run:-1 
10-31 17:02:28.363 W/ContextImpl( 2381): Calling a method in the system process without a qualified user: android.app.ContextImpl.sendBroadcast:1345 android.content.ContextWrapper.sendBroadcast:377 com.suma.midware.back.esg.e.f:-1 com.suma.midware.back.esg.f.run:-1 com.suma.midware.prop.util.c.run:-1 
10-31 17:02:29.367 W/ContextImpl( 2381): Calling a method in the system process without a qualified user: android.app.ContextImpl.sendBroadcast:1345 android.content.ContextWrapper.sendBroadcast:377 com.suma.midware.back.esg.e.f:-1 com.suma.midware.back.esg.f.run:-1 com.suma.midware.prop.util.c.run:-1 
10-31 17:03:32.433 W/ContextImpl( 2381): Calling a method in the system process without a qualified user: android.app.ContextImpl.sendBroadcast:1345 android.content.ContextWrapper.sendBroadcast:377 com.suma.midware.back.esg.e.f:-1 com.suma.midware.back.esg.f.run:-1 com.suma.midware.prop.util.c.run:-1 
10-31 17:03:33.436 W/ContextImpl( 2381): Calling a method in the system process without a qualified user: android.app.ContextImpl.sendBroadcast:1345 android.content.ContextWrapper.sendBroadcast:377 com.suma.midware.back.esg.e.f:-1 com.suma.midware.back.esg.f.run:-1 com.suma.midware.prop.util.c.run:-1 
10-31 17:03:34.440 W/ContextImpl( 2381): Calling a method in the system process without a qualified user: android.app.ContextImpl.sendBroadcast:1345 android.content.ContextWrapper.sendBroadcast:377 com.suma.midware.back.esg.e.f:-1 com.suma.midware.back.esg.f.run:-1 com.suma.midware.prop.util.c.run:-1 
10-31 17:04:37.520 W/ContextImpl( 2381): Calling a method in the system process without a qualified user: android.app.ContextImpl.sendBroadcast:1345 android.content.ContextWrapper.sendBroadcast:377 com.suma.midware.back.esg.e.f:-1 com.suma.midware.back.esg.f.run:-1 com.suma.midware.prop.util.c.run:-1 
10-31 17:04:38.523 W/ContextImpl( 2381): Calling a method in the system process without a qualified user: android.app.ContextImpl.sendBroadcast:1345 android.content.ContextWrapper.sendBroadcast:377 com.suma.midware.back.esg.e.f:-1 com.suma.midware.back.esg.f.run:-1 com.suma.midware.prop.util.c.run:-1 
10-31 17:04:39.527 W/ContextImpl( 2381): Calling a method in the system process without a qualified user: android.app.ContextImpl.sendBroadcast:1345 android.content.ContextWrapper.sendBroadcast:377 com.suma.midware.back.esg.e.f:-1 com.suma.midware.back.esg.f.run:-1 com.suma.midware.prop.util.c.run:-1 
10-31 17:04:50.700 I/ActivityManager( 2021): START u0 {act=android.intent.action.MAIN cat=[android.intent.category.HOME] flg=0x10200000 cmp=com.suma.midware.home/.third.Main3DActivity} from uid 1000 on display 0
10-31 17:04:50.753 I/ActivityManager( 2021): Force stopping com.android.browser appid=10010 user=0: from pid 2381
10-31 17:04:50.787 W/ContextImpl( 2496): Calling a method in the system process without a qualified user: android.app.ContextImpl.sendBroadcast:1345 android.content.ContextWrapper.sendBroadcast:377 com.suma.midware.view.ext.BluetoothUpdate.b:-1 com.suma.midware.home.third.Main3DActivity.onResume:-1 android.app.Instrumentation.callActivityOnResume:1257 
10-31 17:04:50.791 W/ContextImpl( 2496): Calling a method in the system process without a qualified user: android.app.ContextImpl.sendBroadcast:1345 android.content.ContextWrapper.sendBroadcast:377 android.app.ActivityThread.performResumeActivity:2982 android.app.ActivityThread.handleResumeActivity:3023 android.app.ActivityThread$H.handleMessage:1347 
10-31 17:05:09.086 I/ActivityManager( 2021): START u0 {act= cmp=com.suma.midware.setting/.main.SystemMainActivity} from uid 1000 on display 0
10-31 17:05:09.092 V/WindowManager( 2021): addAppToken: AppWindowToken{19a1ba8e token=Token{24249a89 ActivityRecord{23c56190 u0 com.suma.midware.setting/.main.SystemMainActivity t771}}} to stack=1 task=771 at 0
10-31 17:05:09.102 W/ContextImpl( 2496): Calling a method in the system process without a qualified user: android.app.ContextImpl.sendBroadcast:1345 android.content.ContextWrapper.sendBroadcast:377 android.app.ActivityThread.performPauseActivity:3259 android.app.ActivityThread.performPauseActivity:3225 android.app.ActivityThread.handlePauseActivity:3200 
10-31 17:05:09.189 V/WindowManager( 2021): Adding window Window{1b0e8d66 u0 Starting com.suma.midware.setting} at 8 of 13 (after Window{393fc6c4 u0 com.ipanel.android_webview.shell/com.ipanel.webapp.BrowserActivity})
10-31 17:05:09.253 W/ContextImpl( 2783): Calling a method in the system process without a qualified user: android.app.ContextImpl.sendBroadcast:1345 android.content.ContextWrapper.sendBroadcast:377 android.app.ActivityThread.performResumeActivity:2982 android.app.ActivityThread.handleResumeActivity:3023 android.app.ActivityThread.handleLaunchActivity:2392 
10-31 17:05:09.270 V/WindowManager( 2021): Adding window Window{5ec37f9 u0 com.suma.midware.setting/com.suma.midware.setting.main.SystemMainActivity} at 8 of 14 (before Window{1b0e8d66 u0 Starting com.suma.midware.setting})
10-31 17:05:09.305 W/ViewRootImpl( 2783): Cancelling event due to no window focus: KeyEvent { action=ACTION_UP, keyCode=KEYCODE_DPAD_CENTER, scanCode=28, metaState=0, flags=0x80000028, repeatCount=0, eventTime=1164786, downTime=1164576, deviceId=3, source=0x701 }
10-31 17:05:09.305 W/ViewRootImpl( 2783): Cancelling event due to no window focus: KeyEvent { action=ACTION_UP, keyCode=KEYCODE_DPAD_CENTER, scanCode=28, metaState=0, flags=0x80000028, repeatCount=0, eventTime=1164786, downTime=1164576, deviceId=3, source=0x701 }
10-31 17:05:09.305 W/ViewRootImpl( 2783): Cancelling event due to no window focus: KeyEvent { action=ACTION_UP, keyCode=KEYCODE_DPAD_CENTER, scanCode=28, metaState=0, flags=0x80000028, repeatCount=0, eventTime=1164786, downTime=1164576, deviceId=3, source=0x701 }
10-31 17:05:09.305 W/ViewRootImpl( 2783): Cancelling event due to no window focus: KeyEvent { action=ACTION_UP, keyCode=KEYCODE_DPAD_CENTER, scanCode=28, metaState=0, flags=0x80000028, repeatCount=0, eventTime=1164786, downTime=1164576, deviceId=3, source=0x701 }
10-31 17:05:09.305 W/ViewRootImpl( 2783): Cancelling event due to no window focus: KeyEvent { action=ACTION_UP, keyCode=KEYCODE_DPAD_CENTER, scanCode=28, metaState=0, flags=0x80000028, repeatCount=0, eventTime=1164786, downTime=1164576, deviceId=3, source=0x701 }
10-31 17:05:09.305 W/ViewRootImpl( 2783): Cancelling event due to no window focus: KeyEvent { action=ACTION_UP, keyCode=KEYCODE_DPAD_CENTER, scanCode=28, metaState=0, flags=0x80000028, repeatCount=0, eventTime=1164786, downTime=1164576, deviceId=3, source=0x701 }
10-31 17:05:09.305 W/ViewRootImpl( 2783): Cancelling event due to no window focus: KeyEvent { action=ACTION_UP, keyCode=KEYCODE_DPAD_CENTER, scanCode=28, metaState=0, flags=0x80000028, repeatCount=0, eventTime=1164786, downTime=1164576, deviceId=3, source=0x701 }
10-31 17:05:09.305 W/ViewRootImpl( 2783): Cancelling event due to no window focus: KeyEvent { action=ACTION_UP, keyCode=KEYCODE_DPAD_CENTER, scanCode=28, metaState=0, flags=0x80000028, repeatCount=0, eventTime=1164786, downTime=1164576, deviceId=3, source=0x701 }
10-31 17:05:09.305 W/ViewRootImpl( 2783): Cancelling event due to no window focus: KeyEvent { action=ACTION_UP, keyCode=KEYCODE_DPAD_CENTER, scanCode=28, metaState=0, flags=0x80000028, repeatCount=0, eventTime=1164786, downTime=1164576, deviceId=3, source=0x701 }
10-31 17:05:09.918 I/WindowState( 2021): WIN DEATH: Window{393fc6c4 u0 com.ipanel.android_webview.shell/com.ipanel.webapp.BrowserActivity}
10-31 17:05:09.918 W/WindowManager( 2021): Force-removing child win Window{1cf1d0cf u0 SurfaceView} from container Window{393fc6c4 u0 com.ipanel.android_webview.shell/com.ipanel.webapp.BrowserActivity}
10-31 17:05:09.920 D/ConnectivityService( 2021): ConnectivityService NetworkRequestInfo binderDied(NetworkRequest [ id=3, legacyType=-1, [ Capabilities: INTERNET&NOT_RESTRICTED&TRUSTED] ], android.os.BinderProxy@2d4af54a)
10-31 17:05:09.920 W/WindowManager( 2021): Force-removing child win Window{f0813a9 u0 SurfaceView} from container Window{393fc6c4 u0 com.ipanel.android_webview.shell/com.ipanel.webapp.BrowserActivity}
10-31 17:05:09.920 D/ConnectivityService( 2021): releasing NetworkRequest NetworkRequest [ id=3, legacyType=-1, [ Capabilities: INTERNET&NOT_RESTRICTED&TRUSTED] ]
10-31 17:05:09.922 I/ActivityManager( 2021): Process com.ipanel.android_webview.shell (pid 3702) has died
10-31 17:05:09.926 E/ConnectivityService( 2021): RemoteException caught trying to send a callback msg for NetworkRequest [ id=3, legacyType=-1, [ Capabilities: INTERNET&NOT_RESTRICTED&TRUSTED] ]
10-31 17:05:09.930 W/WindowManager( 2021): Failed looking up window
10-31 17:05:09.930 W/WindowManager( 2021): java.lang.IllegalArgumentException: Requested window android.os.BinderProxy@27d48b30 does not exist
10-31 17:05:09.930 W/WindowManager( 2021): 	at com.android.server.wm.WindowManagerService.windowForClientLocked(WindowManagerService.java:8654)
10-31 17:05:09.930 W/WindowManager( 2021): 	at com.android.server.wm.WindowManagerService.windowForClientLocked(WindowManagerService.java:8645)
10-31 17:05:09.930 W/WindowManager( 2021): 	at com.android.server.wm.WindowState$DeathRecipient.binderDied(WindowState.java:1142)
10-31 17:05:09.930 W/WindowManager( 2021): 	at android.os.BinderProxy.sendDeathNotice(Binder.java:551)
10-31 17:05:09.930 I/WindowState( 2021): WIN DEATH: null
10-31 17:05:10.379 I/ActivityManager( 2021): START u0 {cmp=com.suma.midware.setting/.net.NetMainActivity} from uid 1000 on display 0
10-31 17:05:10.384 V/WindowManager( 2021): addAppToken: AppWindowToken{3e47ed31 token=Token{bfd35d8 ActivityRecord{20e32cbb u0 com.suma.midware.setting/.net.NetMainActivity t771}}} to stack=1 task=771 at 1
10-31 17:05:10.386 W/ContextImpl( 2783): Calling a method in the system process without a qualified user: android.app.ContextImpl.sendBroadcast:1345 android.content.ContextWrapper.sendBroadcast:377 android.app.ActivityThread.performPauseActivity:3259 android.app.ActivityThread.performPauseActivity:3225 android.app.ActivityThread.handlePauseActivity:3200 
10-31 17:05:10.519 W/ContextImpl( 2783): Calling a method in the system process without a qualified user: android.app.ContextImpl.sendBroadcast:1345 android.content.ContextWrapper.sendBroadcast:377 android.app.ActivityThread.performResumeActivity:2982 android.app.ActivityThread.handleResumeActivity:3023 android.app.ActivityThread.handleLaunchActivity:2392 
10-31 17:05:10.523 V/WindowManager( 2021): Adding window Window{654e3a2 u0 com.suma.midware.setting/com.suma.midware.setting.net.NetMainActivity} at 6 of 11 (after Window{5ec37f9 u0 com.suma.midware.setting/com.suma.midware.setting.main.SystemMainActivity})
10-31 17:05:12.049 I/ActivityManager( 2021): START u0 {cmp=com.suma.midware.setting/.net.WifiConnectActivity} from uid 1000 on display 0
10-31 17:05:12.051 V/WindowManager( 2021): addAppToken: AppWindowToken{1e4e1169 token=Token{e20e7f0 ActivityRecord{cc7833 u0 com.suma.midware.setting/.net.WifiConnectActivity t771}}} to stack=1 task=771 at 2
10-31 17:05:12.053 W/ContextImpl( 2783): Calling a method in the system process without a qualified user: android.app.ContextImpl.sendBroadcast:1345 android.content.ContextWrapper.sendBroadcast:377 android.app.ActivityThread.performPauseActivity:3259 android.app.ActivityThread.performPauseActivity:3225 android.app.ActivityThread.handlePauseActivity:3200 
10-31 17:05:12.144 W/ContextImpl( 2783): Calling a method in the system process without a qualified user: android.app.ContextImpl.sendBroadcast:1345 android.content.ContextWrapper.sendBroadcast:377 android.app.ActivityThread.performResumeActivity:2982 android.app.ActivityThread.handleResumeActivity:3023 android.app.ActivityThread.handleLaunchActivity:2392 
10-31 17:05:12.147 V/WindowManager( 2021): Adding window Window{24fd84a1 u0 com.suma.midware.setting/com.suma.midware.setting.net.WifiConnectActivity} at 7 of 12 (after Window{654e3a2 u0 com.suma.midware.setting/com.suma.midware.setting.net.NetMainActivity})
--------- beginning of main
10-31 17:05:12.243 D/BaseActivity( 2783): getItemData ssid:"GDWL":isConnected:true:point.displaySsid:GDWL
10-31 17:05:12.245 D/WifiAdmin( 2783): [TN_main]isConnected bssid=86:79:73:27:8c:19,ssid="ipanel",infoSsid="GDWL"
10-31 17:05:12.245 E/StringUtil( 2783): [TN_main]getIntValue illegal str="ipanel",defaultValue=-1
10-31 17:05:12.245 E/StringUtil( 2783): [TN_main]getIntValue illegal str="GDWL",defaultValue=-1
10-31 17:05:12.245 D/BaseActivity( 2783): getItemData ssid:"ipanel":isConnected:false:point.displaySsid:ipanel
10-31 17:05:12.247 D/WifiAdmin( 2783): [TN_main]isConnected bssid=86:79:73:27:8c:19,ssid="TP-LINK_BAF2C2",infoSsid="GDWL"
10-31 17:05:12.247 E/StringUtil( 2783): [TN_main]getIntValue illegal str="TP-LINK_BAF2C2",defaultValue=-1
10-31 17:05:12.247 E/StringUtil( 2783): [TN_main]getIntValue illegal str="GDWL",defaultValue=-1
10-31 17:05:12.247 D/BaseActivity( 2783): getItemData ssid:"TP-LINK_BAF2C2":isConnected:false:point.displaySsid:TP-LINK_BAF2C2
10-31 17:05:12.249 D/WifiAdmin( 2783): [TN_main]isConnected bssid=86:79:73:27:8c:19,ssid="4lou",infoSsid="GDWL"
10-31 17:05:12.249 E/StringUtil( 2783): [TN_main]getIntValue illegal str="4lou",defaultValue=-1
10-31 17:05:12.249 E/StringUtil( 2783): [TN_main]getIntValue illegal str="GDWL",defaultValue=-1
10-31 17:05:12.249 D/BaseActivity( 2783): getItemData ssid:"4lou":isConnected:false:point.displaySsid:4lou
10-31 17:05:12.250 D/WifiAdmin( 2783): [TN_main]isConnected bssid=86:79:73:27:8c:19,ssid="WLGS",infoSsid="GDWL"
10-31 17:05:12.250 E/StringUtil( 2783): [TN_main]getIntValue illegal str="WLGS",defaultValue=-1
10-31 17:05:12.250 E/StringUtil( 2783): [TN_main]getIntValue illegal str="GDWL",defaultValue=-1
10-31 17:05:12.250 D/BaseActivity( 2783): getItemData ssid:"WLGS":isConnected:false:point.displaySsid:WLGS
10-31 17:05:12.251 D/WifiAdmin( 2783): [TN_main]isConnected bssid=86:79:73:27:8c:19,ssid="TOTOLINK_2feec4",infoSsid="GDWL"
10-31 17:05:12.251 E/StringUtil( 2783): [TN_main]getIntValue illegal str="TOTOLINK_2feec4",defaultValue=-1
10-31 17:05:12.252 E/StringUtil( 2783): [TN_main]getIntValue illegal str="GDWL",defaultValue=-1
10-31 17:05:12.252 D/BaseActivity( 2783): getItemData ssid:"TOTOLINK_2feec4":isConnected:false:point.displaySsid:TOTOLINK_2feec4
10-31 17:05:12.252 D/WifiAdmin( 2783): [TN_main]isConnected bssid=86:79:73:27:8c:19,ssid="HUAWEI Y560-CL00",infoSsid="GDWL"
10-31 17:05:12.253 E/StringUtil( 2783): [TN_main]getIntValue illegal str="HUAWEI Y560-CL00",defaultValue=-1
10-31 17:05:12.253 E/StringUtil( 2783): [TN_main]getIntValue illegal str="GDWL",defaultValue=-1
10-31 17:05:12.253 D/BaseActivity( 2783): getItemData ssid:"HUAWEI Y560-CL00":isConnected:false:point.displaySsid:HUAWEI Y560-CL00
10-31 17:05:12.254 D/WifiAdmin( 2783): [TN_main]isConnected bssid=86:79:73:27:8c:19,ssid="@PHICOMM_5C",infoSsid="GDWL"
10-31 17:05:12.254 E/StringUtil( 2783): [TN_main]getIntValue illegal str="@PHICOMM_5C",defaultValue=-1
10-31 17:05:12.254 E/StringUtil( 2783): [TN_main]getIntValue illegal str="GDWL",defaultValue=-1
10-31 17:05:12.254 D/BaseActivity( 2783): getItemData ssid:"@PHICOMM_5C":isConnected:false:point.displaySsid:@PHICOMM_5C
10-31 17:05:12.255 D/WifiAdmin( 2783): [TN_main]isConnected bssid=86:79:73:27:8c:19,ssid="MERCURY_EDE4",infoSsid="GDWL"
10-31 17:05:12.255 E/StringUtil( 2783): [TN_main]getIntValue illegal str="MERCURY_EDE4",defaultValue=-1
10-31 17:05:12.255 E/StringUtil( 2783): [TN_main]getIntValue illegal str="GDWL",defaultValue=-1
10-31 17:05:12.255 D/BaseActivity( 2783): getItemData ssid:"MERCURY_EDE4":isConnected:false:point.displaySsid:MERCURY_EDE4
10-31 17:05:12.256 D/WifiAdmin( 2783): [TN_main]isConnected bssid=86:79:73:27:8c:19,ssid="金多多",infoSsid="GDWL"
