10-31 17:56:39.096 I/AdvancedPorting-PORT_MODULE_NET( 3300): wlan0 --network_get_netlink_status return retval=1
10-31 17:56:39.096 I/AdvancedPorting-PORT_MODULE_NET( 3300): stat = 1 last_status = 1
10-31 17:56:39.144 D/BackBootDealerNeimeng( 2391): standbyState:
10-31 17:56:39.145 E/NetUtils( 2017): Interface eth0 LinkDown!
10-31 17:56:39.295 D/base::Ini( 3300): [getOption] getOption name='debug-eventManager-level' value=''.
10-31 17:56:39.295 D/base::Ini( 3300): [getOption] getOption name='debug-eventManager-level' value=''.
10-31 17:56:39.295 D/base::Ini( 3300): [getOption] getOption name='debug-eventManager-level' value=''.
10-31 17:56:39.295 D/base::Ini( 3300): [getOption] getOption name='debug-eventManager-level' value=''.
10-31 17:56:39.295 D/base::Ini( 3300): [getOption] getOption name='debug-eventManager-level' value=''.
10-31 17:56:39.295 D/base::Ini( 3300): [getOption] getOption name='debug-eventManager-level' value=''.
10-31 17:56:39.295 D/base::Ini( 3300): [getOption] getOption name='debug-eventManager-level' value=''.
10-31 17:56:39.295 D/base::Ini( 3300): [getOption] getOption name='debug-eventManager-level' value=''.
10-31 17:56:39.295 D/base::Ini( 3300): [getOption] getOption name='debug-eventManager-level' value=''.
10-31 17:56:39.295 D/base::Ini( 3300): [getOption] getOption name='debug-eventManager-level' value=''.
10-31 17:56:39.295 D/base::Ini( 3300): [getOption] getOption name='debug-eventManager-level' value=''.
10-31 17:56:39.295 D/base::Ini( 3300): [getOption] getOption name='debug-netdev-level' value=''.
10-31 17:56:39.295 D/base::Ini( 3300): [getOption] getOption name='debug-netdev-level' value=''.
10-31 17:56:39.295 D/base::Ini( 3300): [getOption] getOption name='debug-netdev-level' value=''.
10-31 17:56:39.295 D/base::Ini( 3300): [getOption] getOption name='debug-netdev-level' value=''.
10-31 17:56:39.305 D/base::Ini( 3300): [getOption] getOption name='debug-eventManager-level' value=''.
10-31 17:56:39.305 D/base::Ini( 3300): [getOption] getOption name='debug-eventManager-level' value=''.
10-31 17:56:39.305 D/base::Ini( 3300): [getOption] getOption name='debug-eventManager-level' value=''.
10-31 17:56:39.305 D/base::Ini( 3300): [getOption] getOption name='debug-eventManager-level' value=''.
10-31 17:56:39.305 D/base::Ini( 3300): [getOption] getOption name='debug-eventManager-level' value=''.
10-31 17:56:39.306 D/base::Ini( 3300): [getOption] getOption name='debug-eventManager-level' value=''.
10-31 17:56:39.306 D/base::Ini( 3300): [getOption] getOption name='debug-eventManager-level' value=''.
10-31 17:56:39.306 D/base::Ini( 3300): [getOption] getOption name='debug-eventManager-level' value=''.
10-31 17:56:39.306 D/base::Ini( 3300): [getOption] getOption name='debug-netdev-level' value=''.
10-31 17:56:39.306 D/base::Ini( 3300): [getOption] getOption name='debug-netdev-level' value=''.
10-31 17:56:39.306 D/base::Ini( 3300): [getOption] getOption name='debug-netdev-level' value=''.
10-31 17:56:39.306 D/base::Ini( 3300): [getOption] getOption name='debug-netdev-level' value=''.
10-31 17:56:39.306 D/base::Ini( 3300): [getOption] getOption name='debug-eventManager-level' value=''.
10-31 17:56:39.306 D/base::Ini( 3300): [getOption] getOption name='debug-eventManager-level' value=''.
10-31 17:56:39.307 D/base::Ini( 3300): [getOption] getOption name='debug-eventManager-level' value=''.
10-31 17:56:39.307 D/base::Ini( 3300): [getOption] getOption name='debug-eventManager-level' value=''.
10-31 17:56:39.307 D/base::Ini( 3300): [getOption] getOption name='debug-eventManager-level' value=''.
10-31 17:56:39.307 D/base::Ini( 3300): [getOption] getOption name='debug-eventManager-level' value=''.
10-31 17:56:39.307 D/base::Ini( 3300): [getOption] getOption name='debug-eventManager-level' value=''.
10-31 17:56:39.307 D/base::Ini( 3300): [getOption] getOption name='debug-eventManager-level' value=''.
10-31 17:56:39.307 D/base::Ini( 3300): [getOption] getOption name='debug-eventManager-level' value=''.
10-31 17:56:39.307 D/base::Ini( 3300): [getOption] getOption name='debug-eventManager-level' value=''.
10-31 17:56:39.307 D/base::Ini( 3300): [getOption] getOption name='debug-eventManager-level' value=''.
10-31 17:56:39.307 D/base::Ini( 3300): [getOption] getOption name='debug-eventManager-level' value=''.
10-31 17:56:39.307 D/base::Ini( 3300): [getOption] getOption name='debug-eventManager-level' value=''.
10-31 17:56:39.307 D/base::Ini( 3300): [getOption] getOption name='debug-eventManager-level' value=''.
10-31 17:56:39.307 D/base::Ini( 3300): [getOption] getOption name='debug-eventManager-level' value=''.
10-31 17:56:39.307 D/base::Ini( 3300): [getOption] getOption name='debug-eventManager-level' value=''.
10-31 17:56:39.308 D/base::Ini( 3300): [getOption] getOption name='debug-eventManager-level' value=''.
10-31 17:56:39.308 D/base::Ini( 3300): [getOption] getOption name='debug-eventManager-level' value=''.
10-31 17:56:39.508 D/base::Ini( 3300): [getOption] getOption name='debug-eventManager-level' value=''.
10-31 17:56:39.508 D/base::Ini( 3300): [getOption] getOption name='debug-eventManager-level' value=''.
10-31 17:56:39.508 D/base::Ini( 3300): [getOption] getOption name='debug-eventManager-level' value=''.
10-31 17:56:39.508 D/base::Ini( 3300): [getOption] getOption name='debug-eventManager-level' value=''.
10-31 17:56:39.508 D/base::Ini( 3300): [getOption] getOption name='debug-eventManager-level' value=''.
10-31 17:56:39.508 D/base::Ini( 3300): [getOption] getOption name='debug-eventManager-level' value=''.
10-31 17:56:39.508 D/base::Ini( 3300): [getOption] getOption name='debug-eventManager-level' value=''.
10-31 17:56:39.508 D/base::Ini( 3300): [getOption] getOption name='debug-eventManager-level' value=''.
10-31 17:56:39.508 D/base::Ini( 3300): [getOption] getOption name='debug-eventManager-level' value=''.
10-31 17:56:39.508 D/base::Ini( 3300): [getOption] getOption name='debug-eventManager-level' value=''.
10-31 17:56:39.508 D/base::Ini( 3300): [getOption] getOption name='debug-eventManager-level' value=''.
10-31 17:56:39.508 I/Advanced( 3300): [QUEUE] share_queue_sendEx size:1 4097 5212 0x8e35fc28,postLoopId:0,dstid:1.
10-31 17:56:39.508 D/base::Ini( 3300): [getOption] getOption name='debug-eventManager-level' value=''.
10-31 17:56:39.508 D/base::Ini( 3300): [getOption] getOption name='debug-eventManager-level' value=''.
10-31 17:56:39.508 D/base::Ini( 3300): [getOption] getOption name='debug-eventManager-level' value=''.
10-31 17:56:39.509 D/base::Ini( 3300): [getOption] getOption name='debug-eventManager-level' value=''.
10-31 17:56:39.509 D/base::Ini( 3300): [getOption] getOption name='debug-eventManager-level' value=''.
10-31 17:56:39.509 D/base::Ini( 3300): [getOption] getOption name='debug-eventManager-level' value=''.
10-31 17:56:39.509 D/base::Ini( 3300): [getOption] getOption name='debug-eventManager-level' value=''.
10-31 17:56:39.509 D/base::Ini( 3300): [getOption] getOption name='debug-netdev-level' value=''.
10-31 17:56:39.509 D/base::Ini( 3300): [getOption] getOption name='debug-netdev-level' value=''.
10-31 17:56:39.509 D/base::Ini( 3300): [getOption] getOption name='debug-netdev-level' value=''.
10-31 17:56:39.509 D/base::Ini( 3300): [getOption] getOption name='debug-netdev-level' value=''.
10-31 17:56:39.509 D/base::Ini( 3300): [getOption] getOption name='debug-netdev-level' value=''.
10-31 17:56:39.509 D/base::Ini( 3300): [getOption] getOption name='debug-netdev-level' value=''.
10-31 17:56:39.509 D/base::Ini( 3300): [getOption] getOption name='debug-netdev-level' value=''.
10-31 17:56:39.509 D/base::Ini( 3300): [getOption] getOption name='debug-netdev-level' value=''.
10-31 17:56:39.509 D/base::Ini( 3300): [getOption] getOption name='debug-eventManager-level' value=''.
10-31 17:56:39.509 D/base::Ini( 3300): [getOption] getOption name='debug-eventManager-level' value=''.
10-31 17:56:39.509 D/base::Ini( 3300): [getOption] getOption name='debug-eventManager-level' value=''.
10-31 17:56:39.509 D/base::Ini( 3300): [getOption] getOption name='debug-eventManager-level' value=''.
10-31 17:56:39.509 D/base::Ini( 3300): [getOption] getOption name='debug-eventManager-level' value=''.
10-31 17:56:39.509 D/base::Ini( 3300): [getOption] getOption name='debug-eventManager-level' value=''.
10-31 17:56:39.509 D/base::Ini( 3300): [getOption] getOption name='debug-eventManager-level' value=''.
10-31 17:56:39.510 D/base::Ini( 3300): [getOption] getOption name='debug-eventManager-level' value=''.
10-31 17:56:39.510 D/base::Ini( 3300): [getOption] getOption name='debug-eventManager-level' value=''.
10-31 17:56:39.510 D/base::Ini( 3300): [getOption] getOption name='debug-eventManager-level' value=''.
10-31 17:56:39.510 D/base::Ini( 3300): [getOption] getOption name='debug-eventManager-level' value=''.
10-31 17:56:39.510 D/base::Ini( 3300): [getOption] getOption name='debug-eventManager-level' value=''.
10-31 17:56:39.510 D/base::Ini( 3300): [getOption] getOption name='debug-eventManager-level' value=''.
10-31 17:56:39.510 D/base::Ini( 3300): [getOption] getOption name='debug-eventManager-level' value=''.
10-31 17:56:39.510 D/base::Ini( 3300): [getOption] getOption name='debug-eventManager-level' value=''.
10-31 17:56:39.510 D/base::Ini( 3300): [getOption] getOption name='debug-eventManager-level' value=''.
10-31 17:56:39.645 D/BackBootDealerNeimeng( 2391): standbyState:
10-31 17:56:39.647 E/NetUtils( 2017): Interface eth0 LinkDown!
10-31 17:56:39.709 D/base::Ini( 3300): [getOption] getOption name='debug-eventManager-level' value=''.
10-31 17:56:39.709 D/base::Ini( 3300): [getOption] getOption name='debug-eventManager-level' value=''.
10-31 17:56:39.709 D/base::Ini( 3300): [getOption] getOption name='debug-eventManager-level' value=''.
10-31 17:56:39.709 D/base::Ini( 3300): [getOption] getOption name='debug-eventManager-level' value=''.
10-31 17:56:39.709 D/base::Ini( 3300): [getOption] getOption name='debug-eventManager-level' value=''.
10-31 17:56:39.709 D/base::Ini( 3300): [getOption] getOption name='debug-eventManager-level' value=''.
10-31 17:56:39.709 D/base::Ini( 3300): [getOption] getOption name='debug-eventManager-level' value=''.
10-31 17:56:39.709 D/base::Ini( 3300): [getOption] getOption name='debug-eventManager-level' value=''.
10-31 17:56:39.709 D/base::Ini( 3300): [getOption] getOption name='debug-eventManager-level' value=''.
10-31 17:56:39.709 D/base::Ini( 3300): [getOption] getOption name='debug-eventManager-level' value=''.
10-31 17:56:39.710 D/base::Ini( 3300): [getOption] getOption name='debug-eventManager-level' value=''.
10-31 17:56:39.710 D/base::Ini( 3300): [getOption] getOption name='debug-netdev-level' value=''.
10-31 17:56:39.710 D/base::Ini( 3300): [getOption] getOption name='debug-netdev-level' value=''.
10-31 17:56:39.710 D/base::Ini( 3300): [getOption] getOption name='debug-netdev-level' value=''.
10-31 17:56:39.710 D/base::Ini( 3300): [getOption] getOption name='debug-netdev-level' value=''.
10-31 17:56:39.720 D/base::Ini( 3300): [getOption] getOption name='debug-eventManager-level' value=''.
10-31 17:56:39.720 D/base::Ini( 3300): [getOption] getOption name='debug-eventManager-level' value=''.
10-31 17:56:39.720 D/base::Ini( 3300): [getOption] getOption name='debug-eventManager-level' value=''.
10-31 17:56:39.720 D/base::Ini( 3300): [getOption] getOption name='debug-eventManager-level' value=''.
10-31 17:56:39.720 D/base::Ini( 3300): [getOption] getOption name='debug-eventManager-level' value=''.
10-31 17:56:39.720 D/base::Ini( 3300): [getOption] getOption name='debug-eventManager-level' value=''.
10-31 17:56:39.720 D/base::Ini( 3300): [getOption] getOption name='debug-eventManager-level' value=''.
10-31 17:56:39.720 D/base::Ini( 3300): [getOption] getOption name='debug-eventManager-level' value=''.
10-31 17:56:39.720 D/base::Ini( 3300): [getOption] getOption name='debug-eventManager-level' value=''.
10-31 17:56:39.720 D/base::Ini( 3300): [getOption] getOption name='debug-eventManager-level' value=''.
10-31 17:56:39.720 D/base::Ini( 3300): [getOption] getOption name='debug-netdev-level' value=''.
10-31 17:56:39.720 D/base::Ini( 3300): [getOption] getOption name='debug-netdev-level' value=''.
10-31 17:56:39.720 D/base::Ini( 3300): [getOption] getOption name='debug-netdev-level' value=''.
10-31 17:56:39.720 D/base::Ini( 3300): [getOption] getOption name='debug-netdev-level' value=''.
10-31 17:56:39.720 D/base::Ini( 3300): [getOption] getOption name='debug-eventManager-level' value=''.
10-31 17:56:39.720 D/base::Ini( 3300): [getOption] getOption name='debug-eventManager-level' value=''.
10-31 17:56:39.720 D/base::Ini( 3300): [getOption] getOption name='debug-eventManager-level' value=''.
10-31 17:56:39.720 D/base::Ini( 3300): [getOption] getOption name='debug-eventManager-level' value=''.
10-31 17:56:39.720 D/base::Ini( 3300): [getOption] getOption name='debug-eventManager-level' value=''.
10-31 17:56:39.721 D/base::Ini( 3300): [getOption] getOption name='debug-eventManager-level' value=''.
10-31 17:56:39.721 D/base::Ini( 3300): [getOption] getOption name='debug-eventManager-level' value=''.
10-31 17:56:39.721 D/base::Ini( 3300): [getOption] getOption name='debug-eventManager-level' value=''.
10-31 17:56:39.721 D/base::Ini( 3300): [getOption] getOption name='debug-eventManager-level' value=''.
10-31 17:56:39.721 D/base::Ini( 3300): [getOption] getOption name='debug-eventManager-level' value=''.
10-31 17:56:39.721 D/base::Ini( 3300): [getOption] getOption name='debug-eventManager-level' value=''.
10-31 17:56:39.721 D/base::Ini( 3300): [getOption] getOption name='debug-eventManager-level' value=''.
10-31 17:56:39.721 D/base::Ini( 3300): [getOption] getOption name='debug-eventManager-level' value=''.
10-31 17:56:39.721 D/base::Ini( 3300): [getOption] getOption name='debug-eventManager-level' value=''.
10-31 17:56:39.721 D/base::Ini( 3300): [getOption] getOption name='debug-eventManager-level' value=''.
10-31 17:56:39.721 D/base::Ini( 3300): [getOption] getOption name='debug-eventManager-level' value=''.
10-31 17:56:39.896 D/[cc]ProxyMain( 3300): [BeginMainFrame] cc.BeginMainFrame this:0x9f7f5d08
10-31 17:56:39.896 D/[cc]LayerTreeHost( 3300): [AnimateLayers] AnimateLayers monotonic_time=1207066618
10-31 17:56:39.897 D/[blink]FrameView( 3300): [updateStyleAndLayoutIfNeededRecursiveInternal] in... this:0x44bd6fc0.
10-31 17:56:39.897 D/[blink]FrameView( 3300): [updateStyleAndLayoutIfNeededRecursiveInternal] end... this:0x44bd6fc0.
10-31 17:56:39.897 D/[blink]FrameView( 3300): [updateLifecyclePhasesInternal] in... this:0x44bd6fc0, targetState=18
10-31 17:56:39.897 D/[blink]FrameView( 3300): [updateLifecyclePhasesInternal] call compositor()->updateIfNeededRecursive()!
10-31 17:56:39.898 D/[blink]AnimationTimeline( 3300): [wakeAfter] duration= 0.019166
10-31 17:56:39.899 D/[blink]FrameView( 3300): [updateLifecyclePhasesInternal] end... this:0x44bd6fc0
10-31 17:56:39.918 D/[cc]ProxyMain( 3300): [BeginMainFrame] cc.BeginMainFrame this:0x9f7f5d08
10-31 17:56:39.918 D/[cc]LayerTreeHost( 3300): [AnimateLayers] AnimateLayers monotonic_time=1207099951
10-31 17:56:39.918 D/[blink]FrameView( 3300): [updateStyleAndLayoutIfNeededRecursiveInternal] in... this:0x44bd6fc0.
10-31 17:56:39.919 D/[blink]FrameView( 3300): [updateStyleAndLayoutIfNeededRecursiveInternal] end... this:0x44bd6fc0.
10-31 17:56:39.919 D/[blink]FrameView( 3300): [updateLifecyclePhasesInternal] in... this:0x44bd6fc0, targetState=18
10-31 17:56:39.919 D/[blink]FrameView( 3300): [updateLifecyclePhasesInternal] call compositor()->updateIfNeededRecursive()!
10-31 17:56:39.920 D/base::Ini( 3300): [getOption] getOption name='debug-eventManager-level' value=''.
10-31 17:56:39.920 D/base::Ini( 3300): [getOption] getOption name='debug-eventManager-level' value=''.
10-31 17:56:39.920 D/base::Ini( 3300): [getOption] getOption name='debug-eventManager-level' value=''.
10-31 17:56:39.920 D/base::Ini( 3300): [getOption] getOption name='debug-eventManager-level' value=''.
10-31 17:56:39.920 D/base::Ini( 3300): [getOption] getOption name='debug-eventManager-level' value=''.
10-31 17:56:39.920 D/base::Ini( 3300): [getOption] getOption name='debug-eventManager-level' value=''.
10-31 17:56:39.920 D/base::Ini( 3300): [getOption] getOption name='debug-eventManager-level' value=''.
10-31 17:56:39.921 D/base::Ini( 3300): [getOption] getOption name='debug-eventManager-level' value=''.
10-31 17:56:39.921 D/base::Ini( 3300): [getOption] getOption name='debug-eventManager-level' value=''.
10-31 17:56:39.921 D/base::Ini( 3300): [getOption] getOption name='debug-eventManager-level' value=''.
10-31 17:56:39.921 D/base::Ini( 3300): [getOption] getOption name='debug-eventManager-level' value=''.
10-31 17:56:39.921 I/Advanced( 3300): [QUEUE] share_queue_sendEx size:1 4097 5214 0x8e35fc28,postLoopId:0,dstid:1.
10-31 17:56:39.921 D/base::Ini( 3300): [getOption] getOption name='debug-netdev-level' value=''.
10-31 17:56:39.921 D/base::Ini( 3300): [getOption] getOption name='debug-netdev-level' value=''.
10-31 17:56:39.921 D/base::Ini( 3300): [getOption] getOption name='debug-netdev-level' value=''.
10-31 17:56:39.921 D/base::Ini( 3300): [getOption] getOption name='debug-netdev-level' value=''.
10-31 17:56:39.921 D/base::Ini( 3300): [getOption] getOption name='debug-eventManager-level' value=''.
10-31 17:56:39.921 D/base::Ini( 3300): [getOption] getOption name='debug-eventManager-level' value=''.
10-31 17:56:39.921 D/base::Ini( 3300): [getOption] getOption name='debug-eventManager-level' value=''.
10-31 17:56:39.921 D/base::Ini( 3300): [getOption] getOption name='debug-netdev-level' value=''.
10-31 17:56:39.921 D/base::Ini( 3300): [getOption] getOption name='debug-netdev-level' value=''.
10-31 17:56:39.921 D/base::Ini( 3300): [getOption] getOption name='debug-netdev-level' value=''.
10-31 17:56:39.921 D/base::Ini( 3300): [getOption] getOption name='debug-netdev-level' value=''.
10-31 17:56:39.921 D/base::Ini( 3300): [getOption] getOption name='debug-eventManager-level' value=''.
10-31 17:56:39.921 D/base::Ini( 3300): [getOption] getOption name='debug-eventManager-level' value=''.
10-31 17:56:39.921 D/base::Ini( 3300): [getOption] getOption name='debug-eventManager-level' value=''.
10-31 17:56:39.921 D/base::Ini( 3300): [getOption] getOption name='debug-eventManager-level' value=''.
10-31 17:56:39.922 D/base::Ini( 3300): [getOption] getOption name='debug-eventManager-level' value=''.
10-31 17:56:39.922 D/base::Ini( 3300): [getOption] getOption name='debug-eventManager-level' value=''.
10-31 17:56:39.922 D/[blink]FrameView( 3300): [updateLifecyclePhasesInternal] end... this:0x44bd6fc0
10-31 17:56:39.922 D/base::Ini( 3300): [getOption] getOption name='debug-eventManager-level' value=''.
10-31 17:56:39.922 D/base::Ini( 3300): [getOption] getOption name='debug-eventManager-level' value=''.
10-31 17:56:39.922 D/base::Ini( 3300): [getOption] getOption name='debug-eventManager-level' value=''.
10-31 17:56:39.922 D/base::Ini( 3300): [getOption] getOption name='debug-eventManager-level' value=''.
10-31 17:56:39.922 D/base::Ini( 3300): [getOption] getOption name='debug-eventManager-level' value=''.
10-31 17:56:39.922 D/base::Ini( 3300): [getOption] getOption name='debug-eventManager-level' value=''.
10-31 17:56:39.922 D/base::Ini( 3300): [getOption] getOption name='debug-eventManager-level' value=''.
10-31 17:56:39.922 D/base::Ini( 3300): [getOption] getOption name='debug-eventManager-level' value=''.
10-31 17:56:39.922 D/base::Ini( 3300): [getOption] getOption name='debug-eventManager-level' value=''.
10-31 17:56:39.922 D/base::Ini( 3300): [getOption] getOption name='debug-eventManager-level' value=''.
10-31 17:56:39.929 D/[cc]ProxyMain( 3300): [BeginMainFrame] cc.BeginMainFrame this:0x9f7f5d08
10-31 17:56:39.930 D/[cc]LayerTreeHost( 3300): [AnimateLayers] AnimateLayers monotonic_time=1207116618
10-31 17:56:39.930 D/[blink]FrameView( 3300): [updateStyleAndLayoutIfNeededRecursiveInternal] in... this:0x44bd6fc0.
10-31 17:56:39.930 D/[blink]FrameView( 3300): [updateStyleAndLayoutIfNeededRecursiveInternal] end... this:0x44bd6fc0.
10-31 17:56:39.930 D/[blink]FrameView( 3300): [updateLifecyclePhasesInternal] in... this:0x44bd6fc0, targetState=18
10-31 17:56:39.930 D/[blink]FrameView( 3300): [updateLifecyclePhasesInternal] call compositor()->updateIfNeededRecursive()!
10-31 17:56:39.932 D/[blink]FrameView( 3300): [updateLifecyclePhasesInternal] end... this:0x44bd6fc0
10-31 17:56:39.946 D/[cc]ProxyMain( 3300): [BeginMainFrame] cc.BeginMainFrame this:0x9f7f5d08
10-31 17:56:39.947 D/[cc]LayerTreeHost( 3300): [AnimateLayers] AnimateLayers monotonic_time=1207133285
10-31 17:56:39.947 D/[blink]FrameView( 3300): [updateStyleAndLayoutIfNeededRecursiveInternal] in... this:0x44bd6fc0.
10-31 17:56:39.947 D/[blink]FrameView( 3300): [updateStyleAndLayoutIfNeededRecursiveInternal] end... this:0x44bd6fc0.
10-31 17:56:39.947 D/[blink]FrameView( 3300): [updateLifecyclePhasesInternal] in... this:0x44bd6fc0, targetState=18
10-31 17:56:39.947 D/[blink]FrameView( 3300): [updateLifecyclePhasesInternal] call compositor()->updateIfNeededRecursive()!
10-31 17:56:39.950 D/[blink]FrameView( 3300): [updateLifecyclePhasesInternal] end... this:0x44bd6fc0
10-31 17:56:39.967 D/[cc]ProxyMain( 3300): [BeginMainFrame] cc.BeginMainFrame this:0x9f7f5d08
10-31 17:56:39.970 D/[blink]FrameView( 3300): [layout] start... this:0x44bd6fc0, frame=0x48bac0a8 content size(1280, 720). 
10-31 17:56:39.970 D/[blink]FrameView( 3300): [layout] performPreLayoutTasks start... this:0x44bd6fc0
10-31 17:56:39.970 D/[blink]FrameView( 3300): [layout] performPreLayoutTasks end... this:0x44bd6fc0
10-31 17:56:39.970 D/[blink]FrameView( 3300): [layout] performLayout start... this:0x44bd6fc0
10-31 17:56:39.972 D/[blink]FrameView( 3300): [layout] performLayout end... this:0x44bd6fc0
10-31 17:56:39.972 D/[blink]FrameView( 3300): [layout] call compositor()->didLayout()!
10-31 17:56:39.972 D/[blink]FrameView( 3300): [layout] updateDocumentAnnotatedRegions start... this:0x44bd6fc0
10-31 17:56:39.972 D/[blink]FrameView( 3300): [layout] scheduleOrPerformPostLayoutTasks start... this:0x44bd6fc0
10-31 17:56:39.972 D/[blink]FrameView( 3300): [layout] end... this:0x44bd6fc0
10-31 17:56:39.972 D/[blink]FrameView( 3300): [layout] out... this:0x44bd6fc0
10-31 17:56:39.974 D/[cc]LayerTreeHost( 3300): [AnimateLayers] AnimateLayers monotonic_time=1207149951
10-31 17:56:39.974 D/[blink]FrameView( 3300): [updateStyleAndLayoutIfNeededRecursiveInternal] in... this:0x44bd6fc0.
10-31 17:56:39.975 D/[blink]FrameView( 3300): [layout] start... this:0x44bd6fc0, frame=0x48bac0a8 content size(1280, 720). 
10-31 17:56:39.975 D/[blink]FrameView( 3300): [layout] performPreLayoutTasks start... this:0x44bd6fc0
10-31 17:56:39.975 D/[blink]FrameView( 3300): [layout] performPreLayoutTasks end... this:0x44bd6fc0
10-31 17:56:39.975 D/[blink]FrameView( 3300): [layout] performLayout start... this:0x44bd6fc0
10-31 17:56:39.976 D/[blink]FrameView( 3300): [layout] performLayout end... this:0x44bd6fc0
10-31 17:56:39.976 D/[blink]FrameView( 3300): [layout] call compositor()->didLayout()!
10-31 17:56:39.976 D/[blink]FrameView( 3300): [layout] updateDocumentAnnotatedRegions start... this:0x44bd6fc0
10-31 17:56:39.976 D/[blink]FrameView( 3300): [layout] scheduleOrPerformPostLayoutTasks start... this:0x44bd6fc0
10-31 17:56:39.976 D/[blink]FrameView( 3300): [layout] end... this:0x44bd6fc0
10-31 17:56:39.977 D/[blink]FrameView( 3300): [layout] out... this:0x44bd6fc0
10-31 17:56:39.977 D/[blink]FrameView( 3300): [updateStyleAndLayoutIfNeededRecursiveInternal] end... this:0x44bd6fc0.
10-31 17:56:39.977 D/[blink]FrameView( 3300): [updateLifecyclePhasesInternal] in... this:0x44bd6fc0, targetState=18
10-31 17:56:39.977 D/[blink]FrameView( 3300): [updateLifecyclePhasesInternal] call compositor()->updateIfNeededRecursive()!
10-31 17:56:39.979 D/[cc]LayerTreeHost( 3300): [SetNeedsCommit] SetNeedsCommit!this:0x9f46c280
10-31 17:56:39.980 D/[cc]AnimationHost( 3300): [RegisterPlayerForElement] add player:0x8a00e160, this:0xb4b01fb0
10-31 17:56:39.980 D/[cc]LayerTreeHost( 3300): [SetNeedsCommit] SetNeedsCommit!this:0x9f46c280
10-31 17:56:39.980 D/[cc]AnimationPlayer( 3300): [AddAnimation] AddAnimation animation:0, this:0x8a00e160
10-31 17:56:39.982 D/[blink] ImagePainter( 3300): [paintReplaced] ImagePainter::paintReplaced in.
10-31 17:56:39.982 D/[blink] ImagePainter( 3300): [paintReplaced] ImagePainter::paintReplaced in.
10-31 17:56:39.982 D/[blink] ImagePainter( 3300): [paintReplaced] ImagePainter::paintReplaced in.
10-31 17:56:39.982 D/[blink] ImagePainter( 3300): [paintReplaced] ImagePainter::paintReplaced in.
10-31 17:56:39.982 D/[blink] ImagePainter( 3300): [paintReplaced] ImagePainter::paintReplaced in.
10-31 17:56:39.982 D/[blink] ImagePainter( 3300): [paintReplaced] ImagePainter::paintReplaced in.
10-31 17:56:39.982 D/[blink] ImagePainter( 3300): [paintReplaced] ImagePainter::paintReplaced in.
10-31 17:56:39.984 D/[blink]FrameView( 3300): [updateLifecyclePhasesInternal] end... this:0x44bd6fc0
10-31 17:56:39.988 D/[cc]AnimationHost( 3300): [RegisterPlayerForElement] add player:0x8a00e130, this:0xb4b017e0
10-31 17:56:39.990 D/[cc]ProxyMain( 3300): [BeginMainFrame] cc.BeginMainFrame this:0x9f7f5d08
10-31 17:56:39.990 D/[cc]LayerTreeHost( 3300): [AnimateLayers] AnimateLayers monotonic_time=1207166618
10-31 17:56:39.991 D/[blink]FrameView( 3300): [updateStyleAndLayoutIfNeededRecursiveInternal] in... this:0x44bd6fc0.
10-31 17:56:39.991 D/[blink]FrameView( 3300): [updateStyleAndLayoutIfNeededRecursiveInternal] end... this:0x44bd6fc0.
10-31 17:56:39.991 D/[blink]FrameView( 3300): [updateLifecyclePhasesInternal] in... this:0x44bd6fc0, targetState=18
10-31 17:56:39.991 D/[blink]FrameView( 3300): [updateLifecyclePhasesInternal] call compositor()->updateIfNeededRecursive()!
10-31 17:56:39.991 D/[blink]FrameView( 3300): [updateLifecyclePhasesInternal] end... this:0x44bd6fc0
10-31 17:56:40.006 D/[cc]ProxyMain( 3300): [BeginMainFrame] cc.BeginMainFrame this:0x9f7f5d08
10-31 17:56:40.006 D/[cc]LayerTreeHost( 3300): [AnimateLayers] AnimateLayers monotonic_time=1207199951
10-31 17:56:40.007 D/[blink]FrameView( 3300): [updateStyleAndLayoutIfNeededRecursiveInternal] in... this:0x44bd6fc0.
10-31 17:56:40.007 D/[blink]FrameView( 3300): [updateStyleAndLayoutIfNeededRecursiveInternal] end... this:0x44bd6fc0.
10-31 17:56:40.007 D/[blink]FrameView( 3300): [updateLifecyclePhasesInternal] in... this:0x44bd6fc0, targetState=18
10-31 17:56:40.007 D/[blink]FrameView( 3300): [updateLifecyclePhasesInternal] call compositor()->updateIfNeededRecursive()!
10-31 17:56:40.007 D/[blink]FrameView( 3300): [updateLifecyclePhasesInternal] end... this:0x44bd6fc0
10-31 17:56:40.026 D/[cc]ProxyMain( 3300): [BeginMainFrame] cc.BeginMainFrame this:0x9f7f5d08
10-31 17:56:40.026 D/[cc]LayerTreeHost( 3300): [AnimateLayers] AnimateLayers monotonic_time=1207216618
10-31 17:56:40.026 D/[blink]FrameView( 3300): [updateStyleAndLayoutIfNeededRecursiveInternal] in... this:0x44bd6fc0.
10-31 17:56:40.027 D/[blink]FrameView( 3300): [updateStyleAndLayoutIfNeededRecursiveInternal] end... this:0x44bd6fc0.
10-31 17:56:40.027 D/[blink]FrameView( 3300): [updateLifecyclePhasesInternal] in... this:0x44bd6fc0, targetState=18
10-31 17:56:40.027 D/[blink]FrameView( 3300): [updateLifecyclePhasesInternal] call compositor()->updateIfNeededRecursive()!
10-31 17:56:40.028 D/[blink]AnimationTimeline( 3300): [wakeAfter] duration= 4.352500
10-31 17:56:40.028 D/[blink]FrameView( 3300): [updateLifecyclePhasesInternal] end... this:0x44bd6fc0
10-31 17:56:40.096 I/AdvancedPorting-PORT_MODULE_NET( 3300): network_task while... 
10-31 17:56:40.096 I/AdvancedPorting-PORT_MODULE_NET( 3300): 0 interface name: lo
10-31 17:56:40.096 I/AdvancedPorting-PORT_MODULE_NET( 3300): 1 interface name: wlan0
10-31 17:56:40.096 I/AdvancedPorting-PORT_MODULE_NET( 3300): First interface name: lo
10-31 17:56:40.096 I/AdvancedPorting-PORT_MODULE_NET( 3300): network_task while...  net_i:1
10-31 17:56:40.096 I/AdvancedPorting-PORT_MODULE_NET( 3300): network_task while---name_interface[0]=lo
10-31 17:56:40.096 I/AdvancedPorting-PORT_MODULE_NET( 3300): network_task while---name_interface[1]=wlan0
10-31 17:56:40.096 I/AdvancedPorting-PORT_MODULE_NET( 3300): network_task while---interface_name=wlan0
10-31 17:56:40.096 I/AdvancedPorting-PORT_MODULE_NET( 3300): network_get_netlink_status(in)--if_name=wlan0
10-31 17:56:40.096 I/AdvancedPorting-PORT_MODULE_NET( 3300): net.network.isconnected = no
10-31 17:56:40.096 I/AdvancedPorting-PORT_MODULE_NET( 3300): wlan0 --network_get_netlink_status return retval=1
10-31 17:56:40.096 I/AdvancedPorting-PORT_MODULE_NET( 3300): stat = 1 last_status = 1
10-31 17:56:40.121 D/base::Ini( 3300): [getOption] getOption name='debug-eventManager-level' value=''.
10-31 17:56:40.121 D/base::Ini( 3300): [getOption] getOption name='debug-eventManager-level' value=''.
10-31 17:56:40.121 D/base::Ini( 3300): [getOption] getOption name='debug-eventManager-level' value=''.
10-31 17:56:40.121 D/base::Ini( 3300): [getOption] getOption name='debug-eventManager-level' value=''.
10-31 17:56:40.121 D/base::Ini( 3300): [getOption] getOption name='debug-eventManager-level' value=''.
10-31 17:56:40.121 D/base::Ini( 3300): [getOption] getOption name='debug-eventManager-level' value=''.
10-31 17:56:40.121 D/base::Ini( 3300): [getOption] getOption name='debug-eventManager-level' value=''.
10-31 17:56:40.121 D/base::Ini( 3300): [getOption] getOption name='debug-eventManager-level' value=''.
10-31 17:56:40.121 D/base::Ini( 3300): [getOption] getOption name='debug-eventManager-level' value=''.
10-31 17:56:40.121 D/base::Ini( 3300): [getOption] getOption name='debug-eventManager-level' value=''.
10-31 17:56:40.121 D/base::Ini( 3300): [getOption] getOption name='debug-eventManager-level' value=''.
10-31 17:56:40.121 D/base::Ini( 3300): [getOption] getOption name='debug-netdev-level' value=''.
10-31 17:56:40.121 D/base::Ini( 3300): [getOption] getOption name='debug-netdev-level' value=''.
10-31 17:56:40.121 D/base::Ini( 3300): [getOption] getOption name='debug-netdev-level' value=''.
10-31 17:56:40.121 D/base::Ini( 3300): [getOption] getOption name='debug-netdev-level' value=''.
10-31 17:56:40.131 D/base::Ini( 3300): [getOption] getOption name='debug-eventManager-level' value=''.
10-31 17:56:40.131 D/base::Ini( 3300): [getOption] getOption name='debug-eventManager-level' value=''.
10-31 17:56:40.131 D/base::Ini( 3300): [getOption] getOption name='debug-eventManager-level' value=''.
10-31 17:56:40.131 D/base::Ini( 3300): [getOption] getOption name='debug-eventManager-level' value=''.
10-31 17:56:40.131 D/base::Ini( 3300): [getOption] getOption name='debug-eventManager-level' value=''.
10-31 17:56:40.131 D/base::Ini( 3300): [getOption] getOption name='debug-eventManager-level' value=''.
10-31 17:56:40.131 D/base::Ini( 3300): [getOption] getOption name='debug-eventManager-level' value=''.
10-31 17:56:40.131 D/base::Ini( 3300): [getOption] getOption name='debug-eventManager-level' value=''.
10-31 17:56:40.132 D/base::Ini( 3300): [getOption] getOption name='debug-eventManager-level' value=''.
10-31 17:56:40.132 D/base::Ini( 3300): [getOption] getOption name='debug-netdev-level' value=''.
10-31 17:56:40.132 D/base::Ini( 3300): [getOption] getOption name='debug-netdev-level' value=''.
10-31 17:56:40.132 D/base::Ini( 3300): [getOption] getOption name='debug-netdev-level' value=''.
10-31 17:56:40.132 D/base::Ini( 3300): [getOption] getOption name='debug-netdev-level' value=''.
10-31 17:56:40.132 D/base::Ini( 3300): [getOption] getOption name='debug-eventManager-level' value=''.
10-31 17:56:40.132 D/base::Ini( 3300): [getOption] getOption name='debug-eventManager-level' value=''.
10-31 17:56:40.132 D/base::Ini( 3300): [getOption] getOption name='debug-eventManager-level' value=''.
10-31 17:56:40.132 D/base::Ini( 3300): [getOption] getOption name='debug-eventManager-level' value=''.
10-31 17:56:40.132 D/base::Ini( 3300): [getOption] getOption name='debug-eventManager-level' value=''.
10-31 17:56:40.132 D/base::Ini( 3300): [getOption] getOption name='debug-eventManager-level' value=''.
10-31 17:56:40.132 D/base::Ini( 3300): [getOption] getOption name='debug-eventManager-level' value=''.
10-31 17:56:40.132 D/base::Ini( 3300): [getOption] getOption name='debug-eventManager-level' value=''.
10-31 17:56:40.132 D/base::Ini( 3300): [getOption] getOption name='debug-eventManager-level' value=''.
10-31 17:56:40.132 D/base::Ini( 3300): [getOption] getOption name='debug-eventManager-level' value=''.
10-31 17:56:40.132 D/base::Ini( 3300): [getOption] getOption name='debug-eventManager-level' value=''.
10-31 17:56:40.132 D/base::Ini( 3300): [getOption] getOption name='debug-eventManager-level' value=''.
10-31 17:56:40.132 D/base::Ini( 3300): [getOption] getOption name='debug-eventManager-level' value=''.
10-31 17:56:40.132 D/base::Ini( 3300): [getOption] getOption name='debug-eventManager-level' value=''.
10-31 17:56:40.132 D/base::Ini( 3300): [getOption] getOption name='debug-eventManager-level' value=''.
10-31 17:56:40.132 D/base::Ini( 3300): [getOption] getOption name='debug-eventManager-level' value=''.
10-31 17:56:40.132 D/base::Ini( 3300): [getOption] getOption name='debug-eventManager-level' value=''.
10-31 17:56:40.148 D/BackBootDealerNeimeng( 2391): standbyState:
10-31 17:56:40.148 E/NetUtils( 2017): Interface eth0 LinkDown!
10-31 17:56:40.259 E/storage_operate( 2655): HCDN_LOG: [2017/10/31-17:56:40:259]:[func:GetTaskCount],[line:827],[oper:get task count],[state:0],[count:0]
10-31 17:56:40.259 E/storage_operate( 2655): HCDN_LOG: [2017/10/31-17:56:40:259]:[func:GetTaskCount],[line:827],[oper:get task count],[state:0],[count:0]
10-31 17:56:40.259 E/storage_operate( 2655): HCDN_LOG: [2017/10/31-17:56:40:259]:[func:GetTaskCount],[line:827],[oper:get task count],[state:1],[count:0]
10-31 17:56:40.332 D/base::Ini( 3300): [getOption] getOption name='debug-eventManager-level' value=''.
10-31 17:56:40.332 D/base::Ini( 3300): [getOption] getOption name='debug-eventManager-level' value=''.
10-31 17:56:40.332 D/base::Ini( 3300): [getOption] getOption name='debug-eventManager-level' value=''.
10-31 17:56:40.332 D/base::Ini( 3300): [getOption] getOption name='debug-eventManager-level' value=''.
10-31 17:56:40.332 D/base::Ini( 3300): [getOption] getOption name='debug-eventManager-level' value=''.
10-31 17:56:40.332 D/base::Ini( 3300): [getOption] getOption name='debug-eventManager-level' value=''.
10-31 17:56:40.332 D/base::Ini( 3300): [getOption] getOption name='debug-eventManager-level' value=''.
10-31 17:56:40.332 D/base::Ini( 3300): [getOption] getOption name='debug-eventManager-level' value=''.
10-31 17:56:40.332 D/base::Ini( 3300): [getOption] getOption name='debug-eventManager-level' value=''.
10-31 17:56:40.332 D/base::Ini( 3300): [getOption] getOption name='debug-eventManager-level' value=''.
10-31 17:56:40.332 D/base::Ini( 3300): [getOption] getOption name='debug-eventManager-level' value=''.
10-31 17:56:40.333 I/Advanced( 3300): [QUEUE] share_queue_sendEx size:1 4097 5216 0x8e35fc28,postLoopId:0,dstid:1.
10-31 17:56:40.333 D/base::Ini( 3300): [getOption] getOption name='debug-eventManager-level' value=''.
10-31 17:56:40.333 D/base::Ini( 3300): [getOption] getOption name='debug-eventManager-level' value=''.
10-31 17:56:40.333 D/base::Ini( 3300): [getOption] getOption name='debug-eventManager-level' value=''.
10-31 17:56:40.333 D/base::Ini( 3300): [getOption] getOption name='debug-eventManager-level' value=''.
10-31 17:56:40.333 D/base::Ini( 3300): [getOption] getOption name='debug-eventManager-level' value=''.
10-31 17:56:40.333 D/base::Ini( 3300): [getOption] getOption name='debug-eventManager-level' value=''.
10-31 17:56:40.333 D/base::Ini( 3300): [getOption] getOption name='debug-eventManager-level' value=''.
10-31 17:56:40.333 D/base::Ini( 3300): [getOption] getOption name='debug-netdev-level' value=''.
10-31 17:56:40.333 D/base::Ini( 3300): [getOption] getOption name='debug-netdev-level' value=''.
10-31 17:56:40.333 D/base::Ini( 3300): [getOption] getOption name='debug-netdev-level' value=''.
10-31 17:56:40.333 D/base::Ini( 3300): [getOption] getOption name='debug-netdev-level' value=''.
10-31 17:56:40.333 D/base::Ini( 3300): [getOption] getOption name='debug-netdev-level' value=''.
10-31 17:56:40.333 D/base::Ini( 3300): [getOption] getOption name='debug-netdev-level' value=''.
10-31 17:56:40.333 D/base::Ini( 3300): [getOption] getOption name='debug-netdev-level' value=''.
10-31 17:56:40.333 D/base::Ini( 3300): [getOption] getOption name='debug-netdev-level' value=''.
10-31 17:56:40.333 D/base::Ini( 3300): [getOption] getOption name='debug-eventManager-level' value=''.
10-31 17:56:40.333 D/base::Ini( 3300): [getOption] getOption name='debug-eventManager-level' value=''.
10-31 17:56:40.333 D/base::Ini( 3300): [getOption] getOption name='debug-eventManager-level' value=''.
10-31 17:56:40.333 D/base::Ini( 3300): [getOption] getOption name='debug-eventManager-level' value=''.
10-31 17:56:40.333 D/base::Ini( 3300): [getOption] getOption name='debug-eventManager-level' value=''.
10-31 17:56:40.333 D/base::Ini( 3300): [getOption] getOption name='debug-eventManager-level' value=''.
10-31 17:56:40.333 D/base::Ini( 3300): [getOption] getOption name='debug-eventManager-level' value=''.
10-31 17:56:40.334 D/base::Ini( 3300): [getOption] getOption name='debug-eventManager-level' value=''.
10-31 17:56:40.334 D/base::Ini( 3300): [getOption] getOption name='debug-eventManager-level' value=''.
10-31 17:56:40.334 D/base::Ini( 3300): [getOption] getOption name='debug-eventManager-level' value=''.
10-31 17:56:40.334 D/base::Ini( 3300): [getOption] getOption name='debug-eventManager-level' value=''.
10-31 17:56:40.334 D/base::Ini( 3300): [getOption] getOption name='debug-eventManager-level' value=''.
10-31 17:56:40.334 D/base::Ini( 3300): [getOption] getOption name='debug-eventManager-level' value=''.
10-31 17:56:40.334 D/base::Ini( 3300): [getOption] getOption name='debug-eventManager-level' value=''.
10-31 17:56:40.334 D/base::Ini( 3300): [getOption] getOption name='debug-eventManager-level' value=''.
10-31 17:56:40.334 D/base::Ini( 3300): [getOption] getOption name='debug-eventManager-level' value=''.
10-31 17:56:40.533 D/base::Ini( 3300): [getOption] getOption name='debug-eventManager-level' value=''.
10-31 17:56:40.533 D/base::Ini( 3300): [getOption] getOption name='debug-eventManager-level' value=''.
10-31 17:56:40.533 D/base::Ini( 3300): [getOption] getOption name='debug-eventManager-level' value=''.
10-31 17:56:40.533 D/base::Ini( 3300): [getOption] getOption name='debug-eventManager-level' value=''.
10-31 17:56:40.533 D/base::Ini( 3300): [getOption] getOption name='debug-eventManager-level' value=''.
10-31 17:56:40.533 D/base::Ini( 3300): [getOption] getOption name='debug-eventManager-level' value=''.
10-31 17:56:40.533 D/base::Ini( 3300): [getOption] getOption name='debug-eventManager-level' value=''.
10-31 17:56:40.533 D/base::Ini( 3300): [getOption] getOption name='debug-eventManager-level' value=''.
10-31 17:56:40.533 D/base::Ini( 3300): [getOption] getOption name='debug-eventManager-level' value=''.
10-31 17:56:40.533 D/base::Ini( 3300): [getOption] getOption name='debug-eventManager-level' value=''.
10-31 17:56:40.533 D/base::Ini( 3300): [getOption] getOption name='debug-eventManager-level' value=''.
10-31 17:56:40.534 D/base::Ini( 3300): [getOption] getOption name='debug-netdev-level' value=''.
10-31 17:56:40.534 D/base::Ini( 3300): [getOption] getOption name='debug-netdev-level' value=''.
10-31 17:56:40.534 D/base::Ini( 3300): [getOption] getOption name='debug-netdev-level' value=''.
10-31 17:56:40.534 D/base::Ini( 3300): [getOption] getOption name='debug-netdev-level' value=''.
10-31 17:56:40.544 D/base::Ini( 3300): [getOption] getOption name='debug-eventManager-level' value=''.
10-31 17:56:40.544 D/base::Ini( 3300): [getOption] getOption name='debug-eventManager-level' value=''.
10-31 17:56:40.544 D/base::Ini( 3300): [getOption] getOption name='debug-eventManager-level' value=''.
10-31 17:56:40.544 D/base::Ini( 3300): [getOption] getOption name='debug-eventManager-level' value=''.
10-31 17:56:40.544 D/base::Ini( 3300): [getOption] getOption name='debug-eventManager-level' value=''.
10-31 17:56:40.544 D/base::Ini( 3300): [getOption] getOption name='debug-eventManager-level' value=''.
10-31 17:56:40.544 D/base::Ini( 3300): [getOption] getOption name='debug-eventManager-level' value=''.
10-31 17:56:40.544 D/base::Ini( 3300): [getOption] getOption name='debug-eventManager-level' value=''.
10-31 17:56:40.544 D/base::Ini( 3300): [getOption] getOption name='debug-eventManager-level' value=''.
10-31 17:56:40.544 D/base::Ini( 3300): [getOption] getOption name='debug-eventManager-level' value=''.
10-31 17:56:40.544 D/base::Ini( 3300): [getOption] getOption name='debug-netdev-level' value=''.
10-31 17:56:40.544 D/base::Ini( 3300): [getOption] getOption name='debug-netdev-level' value=''.
10-31 17:56:40.544 D/base::Ini( 3300): [getOption] getOption name='debug-netdev-level' value=''.
10-31 17:56:40.544 D/base::Ini( 3300): [getOption] getOption name='debug-netdev-level' value=''.
10-31 17:56:40.544 D/base::Ini( 3300): [getOption] getOption name='debug-eventManager-level' value=''.
10-31 17:56:40.544 D/base::Ini( 3300): [getOption] getOption name='debug-eventManager-level' value=''.
10-31 17:56:40.545 D/base::Ini( 3300): [getOption] getOption name='debug-eventManager-level' value=''.
10-31 17:56:40.545 D/base::Ini( 3300): [getOption] getOption name='debug-eventManager-level' value=''.
10-31 17:56:40.545 D/base::Ini( 3300): [getOption] getOption name='debug-eventManager-level' value=''.
10-31 17:56:40.545 D/base::Ini( 3300): [getOption] getOption name='debug-eventManager-level' value=''.
10-31 17:56:40.545 D/base::Ini( 3300): [getOption] getOption name='debug-eventManager-level' value=''.
10-31 17:56:40.545 D/base::Ini( 3300): [getOption] getOption name='debug-eventManager-level' value=''.
10-31 17:56:40.545 D/base::Ini( 3300): [getOption] getOption name='debug-eventManager-level' value=''.
10-31 17:56:40.545 D/base::Ini( 3300): [getOption] getOption name='debug-eventManager-level' value=''.
10-31 17:56:40.545 D/base::Ini( 3300): [getOption] getOption name='debug-eventManager-level' value=''.
10-31 17:56:40.545 D/base::Ini( 3300): [getOption] getOption name='debug-eventManager-level' value=''.
10-31 17:56:40.545 D/base::Ini( 3300): [getOption] getOption name='debug-eventManager-level' value=''.
10-31 17:56:40.545 D/base::Ini( 3300): [getOption] getOption name='debug-eventManager-level' value=''.
10-31 17:56:40.545 D/base::Ini( 3300): [getOption] getOption name='debug-eventManager-level' value=''.
10-31 17:56:40.545 D/base::Ini( 3300): [getOption] getOption name='debug-eventManager-level' value=''.
10-31 17:56:40.649 D/BackBootDealerNeimeng( 2391): standbyState:
10-31 17:56:40.649 E/NetUtils( 2017): Interface eth0 LinkDown!
10-31 17:56:40.744 D/base::Ini( 3300): [getOption] getOption name='debug-eventManager-level' value=''.
10-31 17:56:40.744 D/base::Ini( 3300): [getOption] getOption name='debug-eventManager-level' value=''.
10-31 17:56:40.744 D/base::Ini( 3300): [getOption] getOption name='debug-eventManager-level' value=''.
10-31 17:56:40.744 D/base::Ini( 3300): [getOption] getOption name='debug-eventManager-level' value=''.
10-31 17:56:40.744 D/base::Ini( 3300): [getOption] getOption name='debug-eventManager-level' value=''.
10-31 17:56:40.744 D/base::Ini( 3300): [getOption] getOption name='debug-eventManager-level' value=''.
10-31 17:56:40.745 D/base::Ini( 3300): [getOption] getOption name='debug-eventManager-level' value=''.
10-31 17:56:40.745 D/base::Ini( 3300): [getOption] getOption name='debug-eventManager-level' value=''.
10-31 17:56:40.745 D/base::Ini( 3300): [getOption] getOption name='debug-eventManager-level' value=''.
10-31 17:56:40.745 D/base::Ini( 3300): [getOption] getOption name='debug-eventManager-level' value=''.
10-31 17:56:40.745 D/base::Ini( 3300): [getOption] getOption name='debug-eventManager-level' value=''.
10-31 17:56:40.745 D/base::Ini( 3300): [getOption] getOption name='debug-netdev-level' value=''.
10-31 17:56:40.745 D/base::Ini( 3300): [getOption] getOption name='debug-netdev-level' value=''.
10-31 17:56:40.745 D/base::Ini( 3300): [getOption] getOption name='debug-netdev-level' value=''.
10-31 17:56:40.745 D/base::Ini( 3300): [getOption] getOption name='debug-netdev-level' value=''.
10-31 17:56:40.755 D/base::Ini( 3300): [getOption] getOption name='debug-eventManager-level' value=''.
10-31 17:56:40.755 D/base::Ini( 3300): [getOption] getOption name='debug-eventManager-level' value=''.
10-31 17:56:40.755 D/base::Ini( 3300): [getOption] getOption name='debug-eventManager-level' value=''.
10-31 17:56:40.755 D/base::Ini( 3300): [getOption] getOption name='debug-eventManager-level' value=''.
10-31 17:56:40.755 D/base::Ini( 3300): [getOption] getOption name='debug-eventManager-level' value=''.
10-31 17:56:40.755 D/base::Ini( 3300): [getOption] getOption name='debug-eventManager-level' value=''.
10-31 17:56:40.755 D/base::Ini( 3300): [getOption] getOption name='debug-eventManager-level' value=''.
10-31 17:56:40.755 D/base::Ini( 3300): [getOption] getOption name='debug-eventManager-level' value=''.
10-31 17:56:40.755 D/base::Ini( 3300): [getOption] getOption name='debug-netdev-level' value=''.
10-31 17:56:40.755 D/base::Ini( 3300): [getOption] getOption name='debug-netdev-level' value=''.
10-31 17:56:40.755 D/base::Ini( 3300): [getOption] getOption name='debug-netdev-level' value=''.
10-31 17:56:40.755 D/base::Ini( 3300): [getOption] getOption name='debug-netdev-level' value=''.
10-31 17:56:40.755 D/base::Ini( 3300): [getOption] getOption name='debug-eventManager-level' value=''.
10-31 17:56:40.755 D/base::Ini( 3300): [getOption] getOption name='debug-eventManager-level' value=''.
10-31 17:56:40.756 D/base::Ini( 3300): [getOption] getOption name='debug-eventManager-level' value=''.
10-31 17:56:40.756 D/base::Ini( 3300): [getOption] getOption name='debug-eventManager-level' value=''.
10-31 17:56:40.756 D/base::Ini( 3300): [getOption] getOption name='debug-eventManager-level' value=''.
10-31 17:56:40.756 D/base::Ini( 3300): [getOption] getOption name='debug-eventManager-level' value=''.
10-31 17:56:40.756 D/base::Ini( 3300): [getOption] getOption name='debug-eventManager-level' value=''.
10-31 17:56:40.756 D/base::Ini( 3300): [getOption] getOption name='debug-eventManager-level' value=''.
10-31 17:56:40.756 D/base::Ini( 3300): [getOption] getOption name='debug-eventManager-level' value=''.
10-31 17:56:40.756 D/base::Ini( 3300): [getOption] getOption name='debug-eventManager-level' value=''.
10-31 17:56:40.756 D/base::Ini( 3300): [getOption] getOption name='debug-eventManager-level' value=''.
10-31 17:56:40.756 D/base::Ini( 3300): [getOption] getOption name='debug-eventManager-level' value=''.
10-31 17:56:40.756 D/base::Ini( 3300): [getOption] getOption name='debug-eventManager-level' value=''.
10-31 17:56:40.756 D/base::Ini( 3300): [getOption] getOption name='debug-eventManager-level' value=''.
10-31 17:56:40.756 D/base::Ini( 3300): [getOption] getOption name='debug-eventManager-level' value=''.
10-31 17:56:40.756 D/base::Ini( 3300): [getOption] getOption name='debug-eventManager-level' value=''.
10-31 17:56:40.756 D/base::Ini( 3300): [getOption] getOption name='debug-eventManager-level' value=''.
10-31 17:56:40.756 D/base::Ini( 3300): [getOption] getOption name='debug-eventManager-level' value=''.
10-31 17:56:40.956 D/base::Ini( 3300): [getOption] getOption name='debug-eventManager-level' value=''.
10-31 17:56:40.956 D/base::Ini( 3300): [getOption] getOption name='debug-eventManager-level' value=''.
10-31 17:56:40.956 D/base::Ini( 3300): [getOption] getOption name='debug-eventManager-level' value=''.
10-31 17:56:40.956 D/base::Ini( 3300): [getOption] getOption name='debug-eventManager-level' value=''.
10-31 17:56:40.956 D/base::Ini( 3300): [getOption] getOption name='debug-eventManager-level' value=''.
10-31 17:56:40.956 D/base::Ini( 3300): [getOption] getOption name='debug-eventManager-level' value=''.
10-31 17:56:40.957 D/base::Ini( 3300): [getOption] getOption name='debug-eventManager-level' value=''.
10-31 17:56:40.957 D/base::Ini( 3300): [getOption] getOption name='debug-eventManager-level' value=''.
10-31 17:56:40.957 D/base::Ini( 3300): [getOption] getOption name='debug-eventManager-level' value=''.
10-31 17:56:40.957 D/base::Ini( 3300): [getOption] getOption name='debug-eventManager-level' value=''.
10-31 17:56:40.957 D/base::Ini( 3300): [getOption] getOption name='debug-netdev-level' value=''.
10-31 17:56:40.957 D/base::Ini( 3300): [getOption] getOption name='debug-netdev-level' value=''.
10-31 17:56:40.957 D/base::Ini( 3300): [getOption] getOption name='debug-netdev-level' value=''.
10-31 17:56:40.957 D/base::Ini( 3300): [getOption] getOption name='debug-netdev-level' value=''.
10-31 17:56:40.957 D/base::Ini( 3300): [getOption] getOption name='debug-netdev-level' value=''.
10-31 17:56:40.957 D/base::Ini( 3300): [getOption] getOption name='debug-netdev-level' value=''.
10-31 17:56:40.957 D/base::Ini( 3300): [getOption] getOption name='debug-netdev-level' value=''.
10-31 17:56:40.957 D/base::Ini( 3300): [getOption] getOption name='debug-netdev-level' value=''.
10-31 17:56:40.957 D/base::Ini( 3300): [getOption] getOption name='debug-eventManager-level' value=''.
