01-01 08:00:16.221 D/ConnectivityService( 2021): Got NetworkFactory Messenger for Ethernet
01-01 08:00:16.430 I/ActivityManager( 2021): Config changes=200 {1.0 ?mcc?mnc zh_CN ?layoutDir sw720dp w1280dp h720dp 160dpi xlrg long land television -touch -keyb/v/h dpad/v s.4}
01-01 08:00:16.437 V/BackupManagerService( 2021): No ancestral data
01-01 08:00:16.439 D/BackupManagerService( 2021): Now staging backup of com.android.browser
01-01 08:00:16.444 D/BackupManagerService( 2021): Now staging backup of android
01-01 08:00:16.446 D/BackupManagerService( 2021): Now staging backup of com.android.providers.settings
01-01 08:00:16.447 D/BackupManagerService( 2021): Now staging backup of com.android.sharedstoragebackup
01-01 08:00:16.449 V/BackupManagerService( 2021): Starting with transport android/com.android.internal.backup.LocalTransport
01-01 08:00:16.449 V/BackupManagerService( 2021): Found transports: 1
01-01 08:00:16.449 I/BackupManagerService( 2021): Binding to transport host ComponentInfo{android/com.android.internal.backup.LocalTransportService}
01-01 08:00:16.452 I/BackupManagerService( 2021): Found stale backup journal, scheduling
01-01 08:00:16.467 E/WindowManager( 2021): load4KAppList: Use Full-HD mode
01-01 08:00:16.481 W/BatteryStatsImpl( 2021): Couldn't get kernel wake lock stats
01-01 08:00:16.482 I/DisplayManagerService( 2021): Display device changed: DisplayDeviceInfo{"内置屏幕": uniqueId="local:0", 1280 x 720, 60.000004 fps, supportedRefreshRates [60.000004], density 160, 160.0 x 160.0 dpi, appVsyncOff 0, presDeadline 17666666, touch INTERNAL, rotation 0, type BUILT_IN, state ON, FLAG_DEFAULT_DISPLAY, FLAG_ROTATES_WITH_CONTENT, FLAG_SECURE, FLAG_SUPPORTS_PROTECTED_BUFFERS}
01-01 08:00:16.504 I/AppOps  ( 2021): Pruning old package media/1013: new uid=-1
01-01 08:00:16.504 I/ActivityManager( 2021): System now ready
01-01 08:00:16.507 I/SystemServer( 2021): Making services ready
01-01 08:00:16.507 I/SystemServiceManager( 2021): Starting phase 550
01-01 08:00:16.510 I/SystemServer( 2021): WebViewFactory preparation
01-01 08:00:16.541 I/ActivityManager( 2021): Start proc 2127:android.process.media/u0a2 for broadcast com.android.providers.media/.MtpReceiver
01-01 08:00:16.563 D/UsbHostManager( 2021): Added device UsbDevice[mName=/dev/bus/usb/001/002,mVendorId=3034,mProductId=61817,mClass=0,mSubclass=0,mProtocol=0,mManufacturerName=Realtek,mProductName=802.11n,mSerialNumber=4C0FC7C3274B,mConfigurations=[
01-01 08:00:16.563 D/UsbHostManager( 2021): UsbConfiguration[mId=1,mName=null,mAttributes=160,mMaxPower=250,mInterfaces=[
01-01 08:00:16.563 D/UsbHostManager( 2021): UsbInterface[mId=0,mAlternateSetting=0,mName=null,mClass=255,mSubclass=255,mProtocol=255,mEndpoints=[
01-01 08:00:16.563 D/UsbHostManager( 2021): UsbEndpoint[mAddress=129,mAttributes=2,mMaxPacketSize=512,mInterval=0]
01-01 08:00:16.563 D/UsbHostManager( 2021): UsbEndpoint[mAddress=2,mAttributes=2,mMaxPacketSize=512,mInterval=0]
01-01 08:00:16.563 D/UsbHostManager( 2021): UsbEndpoint[mAddress=3,mAttributes=2,mMaxPacketSize=512,mInterval=0]]]]
01-01 08:00:16.563 W/ContextImpl( 2021): Calling a method in the system process without a qualified user: android.app.ContextImpl.sendBroadcast:1345 com.android.server.usb.UsbSettingsManager.deviceAttached:741 com.android.server.usb.UsbHostManager.endUsbDeviceAdded:224 com.android.server.usb.UsbHostManager.monitorUsbHostBus:-2 com.android.server.usb.UsbHostManager.access$000:42 
01-01 08:00:16.572 I/ActivityManager( 2021): Start proc 2145:WebViewLoader-armeabi-v7a/1037 [android.webkit.WebViewFactory$RelroFileCreator] for 
01-01 08:00:16.603 I/ActivityManager( 2021): Start proc 2164:com.android.systemui/u0a7 for service com.android.systemui/.SystemUIService
01-01 08:00:16.604 D/NetworkManagementService( 2021): enabling bandwidth control
01-01 08:00:16.604 D/MountService( 2021): volume state changed for /storage/sdcard (unmounted -> mounted)
01-01 08:00:16.605 D/MountService( 2021): sendStorageIntent Intent { act=android.intent.action.MEDIA_MOUNTED dat=file:///storage/sdcard flg=0x4000000 (has extras) } to UserHandle{-1}
01-01 08:00:16.608 W/PackageManager( 2021): Unknown permission android.permission.SYSTEM_OVERLAY_WINDOW in package com.suma.midware.back
01-01 08:00:16.608 W/PackageManager( 2021): Not granting permission android.permission.READ_LOGS to package com.sostation.happyle.huantv (protectionLevel=50 flags=0x88be44)
01-01 08:00:16.608 W/PackageManager( 2021): Not granting permission android.permission.RECEIVE_BOOT_COMPLETED to package com.sostation.happyle.huantv because it was previously installed without
01-01 08:00:16.608 W/PackageManager( 2021): Not granting permission android.permission.ACCESS_DOWNLOAD_MANAGER to package com.sostation.happyle.huantv (protectionLevel=18 flags=0x88be44)
01-01 08:00:16.608 W/PackageManager( 2021): Not granting permission android.permission.DEVICE_POWER to package com.sostation.happyle.huantv (protectionLevel=2 flags=0x88be44)
01-01 08:00:16.608 W/PackageManager( 2021): Not granting permission android.permission.MOUNT_UNMOUNT_FILESYSTEMS to package com.sostation.happyle.huantv (protectionLevel=18 flags=0x88be44)
01-01 08:00:16.608 W/PackageManager( 2021): Not granting permission android.permission.CHANGE_CONFIGURATION to package com.sostation.happyle.huantv (protectionLevel=50 flags=0x88be44)
01-01 08:00:16.608 W/PackageManager( 2021): Unknown permission com.android.launcher.permission.READ_SETTINGS in package com.sostation.happyle.huantv
01-01 08:00:16.609 W/PackageManager( 2021): Unknown permission com.android.launcher.permission.WRITE_SETTINGS in package com.sostation.happyle.huantv
01-01 08:00:16.609 W/PackageManager( 2021): Not granting permission android.permission.SET_DEBUG_APP to package com.sostation.happyle.huantv (protectionLevel=50 flags=0x88be44)
01-01 08:00:16.609 W/PackageManager( 2021): Not granting permission android.permission.ACCESS_DOWNLOAD_MANAGER to package com.android.browser (protectionLevel=18 flags=0x9be45)
01-01 08:00:16.609 W/PackageManager( 2021): Not granting permission android.permission.SEND_DOWNLOAD_COMPLETED_INTENTS to package com.android.browser (protectionLevel=2 flags=0x9be45)
01-01 08:00:16.609 W/PackageManager( 2021): Not granting permission android.permission.READ_LOGS to package com.ktcp.video (protectionLevel=50 flags=0x983e44)
01-01 08:00:16.609 W/PackageManager( 2021): Unknown permission android.permission.READ_SETTINGS in package com.ktcp.video
01-01 08:00:16.609 W/PackageManager( 2021): Not granting permission android.permission.RECEIVE_BOOT_COMPLETED to package com.ktcp.video because it was previously installed without
01-01 08:00:16.609 W/PackageManager( 2021): Unknown permission com.tencent.qqmusictv.playerservice in package com.ktcp.video
01-01 08:00:16.609 W/PackageManager( 2021): Not granting permission android.permission.MOUNT_UNMOUNT_FILESYSTEMS to package com.ktcp.video (protectionLevel=18 flags=0x983e44)
01-01 08:00:16.609 W/PackageManager( 2021): Unknown permission android.permission.SYSTEM_OVERLAY_WINDOW in package com.ktcp.video
01-01 08:00:16.609 W/PackageManager( 2021): Not granting permission android.permission.ACCESS_DOWNLOAD_MANAGER to package com.ktcp.video (protectionLevel=18 flags=0x983e44)
01-01 08:00:16.609 W/PackageManager( 2021): Unknown permission com.huawei.hwid.permission.ACCESS in package com.ktcp.video
01-01 08:00:16.609 W/PackageManager( 2021): Unknown permission com.huawei.appmarket.provider.readPermission in package com.ktcp.video
01-01 08:00:16.609 W/PackageManager( 2021): Unknown permission com.mstar.android.permissionn.ACCESS_TV_DATA in package com.ktcp.video
01-01 08:00:16.609 W/PackageManager( 2021): Unknown permission android.permission.RECEIVE_USER_PRESENT in package com.ktcp.video
01-01 08:00:16.609 W/PackageManager( 2021): Not granting permission android.permission.REAL_GET_TASKS to package com.ktcp.video (protectionLevel=18 flags=0x983e44)
01-01 08:00:16.609 W/PackageManager( 2021): Unknown permission com.ktcp.launcher.PREF_PROVIDER in package com.ktcp.video
01-01 08:00:16.609 W/PackageManager( 2021): Unknown permission com.ktcp.video.WebView in package com.ktcp.video
01-01 08:00:16.610 W/PackageManager( 2021): Unknown permission com.android.launcher.permission.WRITE_SETTINGS in package com.suma.midware.applist
01-01 08:00:16.610 W/PackageManager( 2021): Unknown permission com.android.launcher.permission.READ_SETTINGS in package com.suma.midware.applist
01-01 08:00:16.610 W/PackageManager( 2021): Unknown permission com.android.launcher.permission.WRITE_SETTINGS in package com.suma.midware.dvb
01-01 08:00:16.610 W/PackageManager( 2021): Unknown permission com.android.launcher.permission.READ_SETTINGS in package com.suma.midware.dvb
01-01 08:00:16.610 W/PackageManager( 2021): Not granting permission android.permission.READ_LOGS to package cn.kuwo.sing.tv (protectionLevel=50 flags=0xd8be44)
01-01 08:00:16.610 W/PackageManager( 2021): Unknown permission com.android.launcher.permission.READ_SETTINGS in package cn.kuwo.sing.tv
01-01 08:00:16.610 W/PackageManager( 2021): Unknown permission com.android.launcher.permission.WRITE_SETTINGS in package cn.kuwo.sing.tv
01-01 08:00:16.610 W/PackageManager( 2021): Not granting permission android.permission.MOUNT_UNMOUNT_FILESYSTEMS to package cn.kuwo.sing.tv (protectionLevel=18 flags=0xd8be44)
01-01 08:00:16.610 W/PackageManager( 2021): Unknown permission com.mstar.android.permissionn.ACCESS_TV_DATA in package cn.kuwo.sing.tv
01-01 08:00:16.610 W/PackageManager( 2021): Unknown permission android.permission.WRITE_INTERNAL_STORAGE in package com.sumavision.android.media.v
01-01 08:00:16.610 W/PackageManager( 2021): Not granting permission android.permission.READ_LOGS to package com.starcor.mango (protectionLevel=50 flags=0x98be44)
01-01 08:00:16.610 W/PackageManager( 2021): Not granting permission android.permission.RECEIVE_BOOT_COMPLETED to package com.starcor.mango because it was previously installed without
01-01 08:00:16.610 W/PackageManager( 2021): Unknown permission android.permission.RUN_INSTRUMENTATION in package com.starcor.mango
01-01 08:00:16.610 W/PackageManager( 2021): Unknown permission com.xiaomi.permission.MANAGE_ACCOUNTS in package com.starcor.mango
01-01 08:00:16.610 W/PackageManager( 2021): Not granting permission android.permission.MOUNT_UNMOUNT_FILESYSTEMS to package com.starcor.mango (protectionLevel=18 flags=0x98be44)
01-01 08:00:16.610 W/PackageManager( 2021): Unknown permission com.xiaomi.permission.AUTH_SERVICE in package com.starcor.mango
01-01 08:00:16.610 W/PackageManager( 2021): Not granting permission android.permission.MOUNT_UNMOUNT_FILESYSTEMS to package tv.huan.tutu.album (protectionLevel=18 flags=0x88be44)
01-01 08:00:16.610 W/PackageManager( 2021): Unknown permission android.permission.SYSTEM_OVERLAY_WINDOW in package tv.huan.tutu.album
01-01 08:00:16.610 W/PackageManager( 2021): Not granting permission android.permission.RECEIVE_BOOT_COMPLETED to package tv.huan.tutu.album because it was previously installed without
01-01 08:00:16.610 W/PackageManager( 2021): Not granting permission android.permission.BIND_DREAM_SERVICE to package tv.huan.tutu.album (protectionLevel=2 flags=0x88be44)
01-01 08:00:16.610 W/PackageManager( 2021): Unknown permission com.android.launcher.permission.WRITE_SETTINGS in package com.suma.midware.factorymenu
01-01 08:00:16.610 W/PackageManager( 2021): Unknown permission com.android.launcher.permission.READ_SETTINGS in package com.suma.midware.factorymenu
01-01 08:00:16.611 W/PackageManager( 2021): Unknown permission com.android.smspush.WAPPUSH_MANAGER_BIND in package com.android.phone
01-01 08:00:16.611 W/PackageManager( 2021): Not granting permission android.permission.RECEIVE_BOOT_COMPLETED to package com.trans.runcool because it was previously installed without
01-01 08:00:16.611 W/PackageManager( 2021): Not granting permission android.permission.MOUNT_UNMOUNT_FILESYSTEMS to package com.trans.runcool (protectionLevel=18 flags=0x48be44)
01-01 08:00:16.611 W/PackageManager( 2021): Not granting permission android.permission.CHANGE_CONFIGURATION to package com.trans.runcool (protectionLevel=50 flags=0x48be44)
01-01 08:00:16.611 W/PackageManager( 2021): Not granting permission android.permission.MOUNT_UNMOUNT_FILESYSTEMS to package com.gitvdemo.video (protectionLevel=18 flags=0xd8be44)
01-01 08:00:16.611 W/PackageManager( 2021): Unknown permission android.permission.SET_PROCESS_FOREGROUND in package com.gitvdemo.video
01-01 08:00:16.611 W/PackageManager( 2021): Not granting permission android.permission.RECEIVE_BOOT_COMPLETED to package com.gitvdemo.video because it was previously installed without
01-01 08:00:16.611 W/PackageManager( 2021): Not granting permission android.permission.ACCESS_CACHE_FILESYSTEM to package com.gitvdemo.video (protectionLevel=18 flags=0xd8be44)
01-01 08:00:16.611 W/PackageManager( 2021): Not granting permission android.permission.INJECT_EVENTS to package com.gitvdemo.video (protectionLevel=2 flags=0xd8be44)
01-01 08:00:16.611 W/PackageManager( 2021): Not granting permission android.permission.READ_LOGS to package com.gitvdemo.video (protectionLevel=50 flags=0xd8be44)
01-01 08:00:16.611 W/PackageManager( 2021): Unknown permission android.permission.RUN_INSTRUMENTATION in package com.gitvdemo.video
01-01 08:00:16.611 W/PackageManager( 2021): Unknown permission android.permission.USE_SPECIAL_UDISK in package com.gitvdemo.video
01-01 08:00:16.611 W/PackageManager( 2021): Not granting permission android.permission.MASTER_CLEAR to package com.gitvdemo.video (protectionLevel=18 flags=0xd8be44)
01-01 08:00:16.611 W/PackageManager( 2021): Unknown permission android.permission.READ_MEDIA_STORAGE in package com.gitvdemo.video
01-01 08:00:16.611 W/PackageManager( 2021): Not granting permission android.permission.WRITE_MEDIA_STORAGE to package com.gitvdemo.video (protectionLevel=18 flags=0xd8be44)
01-01 08:00:16.611 W/PackageManager( 2021): Not granting permission android.permission.INSTALL_LOCATION_PROVIDER to package com.gitvdemo.video (protectionLevel=18 flags=0xd8be44)
01-01 08:00:16.611 W/PackageManager( 2021): Not granting permission android.permission.INSTALL_PACKAGES to package com.gitvdemo.video (protectionLevel=18 flags=0xd8be44)
01-01 08:00:16.612 W/PackageManager( 2021): Not granting permission android.permission.DELETE_PACKAGES to package com.gitvdemo.video (protectionLevel=18 flags=0xd8be44)
01-01 08:00:16.612 W/PackageManager( 2021): Unknown permission com.smit.icast.DVB_SERVICE_PERMISSION in package com.gitvdemo.video
01-01 08:00:16.612 W/PackageManager( 2021): Not granting permission android.permission.INTERACT_ACROSS_USERS_FULL to package com.gitvdemo.video (protectionLevel=2 flags=0xd8be44)
01-01 08:00:16.612 W/PackageManager( 2021): Unknown permission android.permission.READ_SETTINGS in package com.gitvdemo.video
01-01 08:00:16.612 W/PackageManager( 2021): Unknown permission com.android.launcher.permission.WRITE_SETTINGS in package com.suma.midware.setting
01-01 08:00:16.612 W/PackageManager( 2021): Unknown permission com.android.launcher.permission.READ_SETTINGS in package com.suma.midware.setting
01-01 08:00:16.612 W/PackageManager( 2021): Unknown permission android.permission.SYSTEM_OVERLAY_WINDOW in package com.hisilicon.android.pqsetting
01-01 08:00:16.704 V/FingerprintService( 2021): startListening(android.service.fingerprint.IFingerprintServiceReceiver$Stub$Proxy@7752271)
01-01 08:00:16.789 I/ActivityManager( 2021): Start proc 2252:com.android.externalstorage/u0a3 for broadcast com.android.externalstorage/.MountReceiver
01-01 08:00:16.876 I/SystemServiceManager( 2021): Starting phase 600
01-01 08:00:16.884 I/BackupManagerService( 2021): Backup enabled => false
01-01 08:00:16.884 I/BackupManagerService( 2021): Opting out of backup
01-01 08:00:16.890 E/InputMethodManagerService( 2021): Ignoring setImeWindowStatus due to an invalid token. uid:1000 token:null
01-01 08:00:16.891 W/InputMethodManagerService( 2021): Skipping input method ComponentInfo{com.suma.midware.back/com.suma.midware.back.sanping.input.SoftInputService}: it does not require the permission android.permission.BIND_INPUT_METHOD
01-01 08:00:16.927 I/ActivityManager( 2021): Start proc 2339:com.amlogic.inputmethod.remote/u0a19 for service com.amlogic.inputmethod.remote/.RemoteIME
01-01 08:00:16.927 V/InputMethodManagerService( 2021): Adding window token: android.os.Binder@13f59349
01-01 08:00:16.948 W/LocationManagerService( 2021): no network location provider found
01-01 08:00:16.949 E/LocationManagerService( 2021): no geocoder provider found
01-01 08:00:16.950 E/LocationManagerService( 2021): FLP HAL not supported
01-01 08:00:16.952 E/LocationManagerService( 2021): Unable to bind FLP Geofence proxy.
01-01 08:00:16.952 E/LocationManagerService( 2021): Hardware Activity-Recognition not supported.
01-01 08:00:16.961 I/MmsServiceBroker( 2021): Delay connecting to MmsService until an API is called
01-01 08:00:16.999 I/ActivityManager( 2021): Start proc 2381:com.suma.midware.back/1000 for added application com.suma.midware.back
01-01 08:00:17.032 I/ActivityManager( 2021): Start proc 2406:com.hisilicon.android.hiRMService/1000 for added application com.hisilicon.android.hiRMService
01-01 08:00:17.063 I/ActivityManager( 2021): Start proc 2429:com.suma.midware.dms/1000 for added application com.suma.midware.dms
01-01 08:00:17.128 I/ActivityManager( 2021): Start proc 2450:com.suma.midware.global/1000 for added application com.suma.midware.global
01-01 08:00:17.181 I/ActivityManager( 2021): Start proc 2469:com.android.phone/1001 for added application com.android.phone
01-01 08:00:17.182 I/ActivityManager( 2021): START u0 {act=android.intent.action.MAIN cat=[android.intent.category.HOME] flg=0x10000000 cmp=com.suma.midware.home/.third.Main3DActivity} from uid 0 on display 0
01-01 08:00:17.192 V/WindowManager( 2021): addAppToken: AppWindowToken{29a8dd4b token=Token{146dce1a ActivityRecord{34c5d4c5 u0 com.suma.midware.home/.third.Main3DActivity t768}}} to stack=0 task=768 at 0
01-01 08:00:17.224 I/ActivityManager( 2021): Start proc 2496:com.suma.midware.home/1000 for activity com.suma.midware.home/.third.Main3DActivity
01-01 08:00:17.226 I/SystemServer( 2021): NGB ClassLoader dalvik.system.PathClassLoader[DexPathList[[],nativeLibraryDirectories=[/vendor/lib, /system/lib]]], parent dalvik.system.PathClassLoader[DexPathList[[zip file "/system/framework/services.jar", zip file "/system/framework/ethernet-service.jar", zip file "/system/framework/wifi-service.jar"],nativeLibraryDirectories=[/vendor/lib, /system/lib]]]
01-01 08:00:17.227 E/SystemServer( 2021): Some exception in loading class com.android.server.NgbEventManagerService
01-01 08:00:17.228 E/SystemServer( 2021): Can not get NGB Event Manager Service
01-01 08:00:17.228 W/SystemServer( 2021): ***********************************************
01-01 08:00:17.229 F/SystemServer( 2021): BOOT FAILURE making NGB Event Manager Service ready
01-01 08:00:17.229 F/SystemServer( 2021): java.lang.ClassNotFoundException: com.android.server.NgbEventManagerService
01-01 08:00:17.229 F/SystemServer( 2021): 	at java.lang.Class.classForName(Native Method)
01-01 08:00:17.229 F/SystemServer( 2021): 	at java.lang.Class.forName(Class.java:309)
01-01 08:00:17.229 F/SystemServer( 2021): 	at java.lang.Class.forName(Class.java:273)
01-01 08:00:17.229 F/SystemServer( 2021): 	at com.android.server.SystemServer.run(SystemServer.java:304)
01-01 08:00:17.229 F/SystemServer( 2021): 	at com.android.server.SystemServer.main(SystemServer.java:178)
01-01 08:00:17.229 F/SystemServer( 2021): 	at java.lang.reflect.Method.invoke(Native Method)
01-01 08:00:17.229 F/SystemServer( 2021): 	at java.lang.reflect.Method.invoke(Method.java:372)
01-01 08:00:17.229 F/SystemServer( 2021): 	at com.android.internal.os.ZygoteInit$MethodAndArgsCaller.run(ZygoteInit.java:903)
01-01 08:00:17.229 F/SystemServer( 2021): 	at com.android.internal.os.ZygoteInit.main(ZygoteInit.java:698)
01-01 08:00:17.229 F/SystemServer( 2021): Caused by: java.lang.ClassNotFoundException: Didn't find class "com.android.server.NgbEventManagerService" on path: DexPathList[[zip file "/system/framework/services.jar", zip file "/system/framework/ethernet-service.jar", zip file "/system/framework/wifi-service.jar"],nativeLibraryDirectories=[/vendor/lib, /system/lib]]
01-01 08:00:17.229 F/SystemServer( 2021): 	at dalvik.system.BaseDexClassLoader.findClass(BaseDexClassLoader.java:56)
01-01 08:00:17.229 F/SystemServer( 2021): 	at java.lang.ClassLoader.loadClass(ClassLoader.java:511)
01-01 08:00:17.229 F/SystemServer( 2021): 	at java.lang.ClassLoader.loadClass(ClassLoader.java:469)
01-01 08:00:17.229 F/SystemServer( 2021): 	... 9 more
01-01 08:00:17.229 F/SystemServer( 2021): 	Suppressed: java.lang.ClassNotFoundException: Didn't find class "com.android.server.NgbEventManagerService" on path: DexPathList[[directory "."],nativeLibraryDirectories=[/vendor/lib, /system/lib]]
01-01 08:00:17.229 F/SystemServer( 2021): 		at dalvik.system.BaseDexClassLoader.findClass(BaseDexClassLoader.java:56)
01-01 08:00:17.229 F/SystemServer( 2021): 		at java.lang.ClassLoader.loadClass(ClassLoader.java:511)
01-01 08:00:17.229 F/SystemServer( 2021): 		at java.lang.ClassLoader.loadClass(ClassLoader.java:504)
01-01 08:00:17.229 F/SystemServer( 2021): 		... 10 more
01-01 08:00:17.229 F/SystemServer( 2021): 		Suppressed: java.lang.ClassNotFoundException: com.android.server.NgbEventManagerService
01-01 08:00:17.229 F/SystemServer( 2021): 			at java.lang.Class.classForName(Native Method)
01-01 08:00:17.229 F/SystemServer( 2021): 			at java.lang.BootClassLoader.findClass(ClassLoader.java:781)
01-01 08:00:17.229 F/SystemServer( 2021): 			at java.lang.BootClassLoader.loadClass(ClassLoader.java:841)
01-01 08:00:17.229 F/SystemServer( 2021): 			at java.lang.ClassLoader.loadClass(ClassLoader.java:504)
01-01 08:00:17.229 F/SystemServer( 2021): 			... 11 more
01-01 08:00:17.229 F/SystemServer( 2021): 		Caused by: java.lang.NoClassDefFoundError: Class not found using the boot class loader; no stack available
01-01 08:00:17.230 E/SystemServer( 2021): Some exception in loading class com.android.server.NgbInputEventService
01-01 08:00:17.231 E/SystemServer( 2021): Can not get NGB Input Event Service
01-01 08:00:17.231 I/SystemServer( 2021): [DCAS] CASEventManagerService
01-01 08:00:17.231 I/SystemServer( 2021): catch throw
01-01 08:00:17.232 W/ActivityManager( 2021): Unable to start service Intent { cmp=com.android.printspooler/.model.PrintSpoolerService } U=0: not found
01-01 08:00:17.232 I/SystemServer( 2021): Enabled StrictMode for system server main thread.
01-01 08:00:17.252 V/ActivityManager( 2021): Display changed displayId=0
01-01 08:00:17.274 V/ActivityManager( 2021): Display changed displayId=0
01-01 08:00:17.325 I/Telecom ( 2021): TelecomGlobals: TelecomGlobals initializing
01-01 08:00:17.328 E/ActivityThread( 2021): Failed to find provider info for call_log
01-01 08:00:17.409 I/Telecom ( 2021): TelecomGlobals: CallsManager initialized
01-01 08:00:17.410 W/ContextImpl( 2021): Calling a method in the system process without a qualified user: android.app.ContextImpl.startService:1710 android.content.ContextWrapper.startService:516 com.android.server.telecom.BluetoothPhoneService.start:440 com.android.server.telecom.TelecomGlobals.initialize:93 com.android.server.telecom.TelecomService.onCreate:164 
01-01 08:00:17.412 V/CameraObserver( 2021): Intent.ACTION_CAMERA_PLUG: state: 0:name:video0
01-01 08:00:17.412 W/ContextImpl( 2021): Calling a method in the system process without a qualified user: android.app.ContextImpl.sendBroadcast:1345 com.android.server.CameraObserver.sendIntent:116 com.android.server.CameraObserver.access$000:37 com.android.server.CameraObserver$1.handleMessage:122 android.os.Handler.dispatchMessage:102 
01-01 08:00:17.414 D/ZenLog  ( 2021): downtime: Autotrigger skipped: not in downtime
01-01 08:00:17.418 W/ResourcesManager( 2021): Asset path '/system/framework/com.android.location.provider.jar' does not exist or contains no resources.
01-01 08:00:17.423 V/WiredAccessoryManager( 2021): init()
01-01 08:00:17.425 V/WiredAccessoryManager( 2021): newName=hdmi newState=16 headsetState=16 prev headsetState=0
01-01 08:00:17.432 W/AppWidgetServiceImpl( 2021): Failed to read state: java.io.FileNotFoundException: /data/system/users/0/appwidgets.xml: open failed: ENOENT (No such file or directory)
01-01 08:00:17.432 V/AppWidgetServiceImpl( 2021): Upgrading widget database from 0 to 1
01-01 08:00:17.441 V/BackupManagerService( 2021): Connected to transport ComponentInfo{android/com.android.internal.backup.LocalTransportService}
01-01 08:00:17.442 V/BackupManagerService( 2021): Registering transport android/com.android.internal.backup.LocalTransportService::android/com.android.internal.backup.LocalTransport = android.app.backup.BackupTransport$TransportImpl@17a24d0b
01-01 08:00:17.458 V/WiredAccessoryManager( 2021): device hdmi connected
01-01 08:00:17.463 W/ContextImpl( 2429): Calling a method in the system process without a qualified user: android.app.ContextImpl.bindService:1774 android.content.ContextWrapper.bindService:539 com.suma.midware.prop.i.b:-1 com.suma.midware.prop.i.a:-1 com.suma.midware.prop.BaseClientApplication.onCreate:-1 
01-01 08:00:17.519 W/ContextImpl( 2450): Calling a method in the system process without a qualified user: android.app.ContextImpl.bindService:1774 android.content.ContextWrapper.bindService:539 com.suma.midware.prop.i.b:-1 com.suma.midware.prop.i.a:-1 com.suma.midware.global.GlobalApplication.onCreate:-1 
01-01 08:00:17.541 W/ContextImpl( 2496): Calling a method in the system process without a qualified user: android.app.ContextImpl.bindService:1774 android.content.ContextWrapper.bindService:539 com.suma.midware.prop.i.b:-1 com.suma.midware.prop.i.a:-1 com.suma.midware.home.HomeApplication.onCreate:-1 
01-01 08:00:17.621 W/ContextImpl( 2381): Calling a method in the system process without a qualified user: android.app.ContextImpl.startService:1710 android.content.ContextWrapper.startService:516 com.suma.midware.back.boot.ServiceBoot.b:-1 com.suma.midware.back.BackService.onCreate:-1 android.app.ActivityThread.handleCreateService:2761 
01-01 08:00:17.623 W/ContextImpl( 2381): Calling a method in the system process without a qualified user: android.app.ContextImpl.startService:1710 android.content.ContextWrapper.startService:516 com.suma.midware.back.boot.ServiceBoot.b:-1 com.suma.midware.back.BackService.onCreate:-1 android.app.ActivityThread.handleCreateService:2761 
01-01 08:00:17.640 W/ContextImpl( 2381): Calling a method in the system process without a qualified user: android.app.ContextImpl.startService:1710 android.content.ContextWrapper.startService:516 com.suma.midware.back.boot.neimeng.BackBootDealerNeimeng.a:-1 com.suma.midware.back.boot.ServiceBoot.b:-1 com.suma.midware.back.BackService.onCreate:-1 
01-01 08:00:17.681 D/WifiService( 2021): New client listening to asynchronous messages
01-01 08:00:17.820 E/ConnectivityService( 2021): Failed to find Messenger in unregisterNetworkFactory
01-01 08:00:17.821 D/ConnectivityService( 2021): Got NetworkFactory Messenger for Telephony
01-01 08:00:17.846 E/ActivityThread( 2469): Failed to find provider info for com.android.contacts
01-01 08:00:17.999 I/StatusBarManagerService( 2021): registerStatusBar bar=com.android.internal.statusbar.IStatusBar$Stub$Proxy@3a42a69b
01-01 08:00:18.374 D/WifiService( 2021): New client listening to asynchronous messages
01-01 08:00:18.411 D/ConnectivityService( 2021): listenForNetwork for NetworkRequest [ id=2, legacyType=-1, [] ]
01-01 08:00:18.466 E/ActivityThread( 2164): Failed to find provider info for com.android.contacts
01-01 08:00:18.509 I/ActivityManager( 2021): Start proc 2598:com.sumavision.android.media.v/u0a22 for broadcast com.sumavision.android.media.v/com.sumavision.android.media.c.MediaAppProReceiver
01-01 08:00:19.077 D/WifiService( 2021): New client listening to asynchronous messages
01-01 08:00:20.054 D/ConnectivityService( 2021): Got NetworkFactory Messenger for WIFI
01-01 08:00:20.054 D/ConnectivityService( 2021): Got NetworkFactory Messenger for WIFI_UT
01-01 08:00:21.154 W/ContextImpl( 2496): Calling a method in the system process without a qualified user: android.app.ContextImpl.sendBroadcast:1345 android.content.ContextWrapper.sendBroadcast:377 com.suma.midware.view.ext.BluetoothUpdate.b:-1 com.suma.midware.home.third.Main3DActivity.onResume:-1 android.app.Instrumentation.callActivityOnResume:1257 
01-01 08:00:21.172 D/WifiService( 2021): New client listening to asynchronous messages
01-01 08:00:21.178 W/ContextImpl( 2496): Calling a method in the system process without a qualified user: android.app.ContextImpl.sendBroadcast:1345 android.content.ContextWrapper.sendBroadcast:377 android.app.ActivityThread.performResumeActivity:2982 android.app.ActivityThread.handleResumeActivity:3023 android.app.ActivityThread.handleLaunchActivity:2392 
01-01 08:00:21.192 V/WindowManager( 2021): Based on layer: Adding window Window{269dc173 u0 com.suma.midware.home/com.suma.midware.home.third.Main3DActivity} at 1 of 6
01-01 08:00:21.229 V/WindowManager( 2021): Adding window Window{21b59ca9 u0 SurfaceView} at 1 of 7 (before Window{269dc173 u0 com.suma.midware.home/com.suma.midware.home.third.Main3DActivity})
01-01 08:00:21.234 V/WindowManager( 2021): Adding window Window{1c8901cf u0 SurfaceView} at 2 of 8 (before Window{269dc173 u0 com.suma.midware.home/com.suma.midware.home.third.Main3DActivity})
01-01 08:00:21.269 W/KeyguardServiceDelegate( 2021): onScreenTurnedOn(): no keyguard service!
01-01 08:00:21.306 I/ActivityManager( 2021): Start proc 2648:com.gitvdemo.video/u0a26 for broadcast com.gitvdemo.video/com.push.pushservice.receiver.PushServiceReceiver
01-01 08:00:21.325 W/ResourcesManager( 2648): Asset path '/system/framework/android.test.runner.jar' does not exist or contains no resources.
01-01 08:00:21.511 I/SystemServiceManager( 2021): Starting phase 1000
01-01 08:00:21.516 V/ActivityManager( 2021): Display changed displayId=0
01-01 08:00:21.527 W/ActivityManager( 2021): getRunningAppProcesses: caller 10026 does not hold REAL_GET_TASKS; limiting output
01-01 08:00:21.709 D/WifiService( 2021): New client listening to asynchronous messages
01-01 08:00:21.763 W/ActivityManager( 2021): getRunningAppProcesses: caller 10026 does not hold REAL_GET_TASKS; limiting output
01-01 08:00:21.839 W/ContextImpl( 2496): Calling a method in the system process without a qualified user: android.app.ContextImpl.sendBroadcast:1345 android.content.ContextWrapper.sendBroadcast:377 com.suma.midware.home.third.Main3DActivity.a:-1 com.suma.midware.home.third.h.a:-1 com.sumavision.engine.core.base.c.onDrawFrame:-1 
01-01 08:00:21.968 I/ActivityManager( 2021): Start proc 2709:.pushdaemonservice/u0a26 for service com.gitvdemo.video/com.push.pushservice.api.PushService
01-01 08:00:21.973 W/BroadcastQueue( 2021): Permission Denial: receiving Intent { act=android.intent.action.BOOT_COMPLETED flg=0x8000010 (has extras) } to ProcessRecord{677a6d5 2164:com.android.systemui/u0a7} (pid=2164, uid=10007) requires android.permission.RECEIVE_BOOT_COMPLETED due to sender null (uid 1000)
01-01 08:00:22.025 I/ActivityManager( 2021): Start proc 2733:com.android.keychain/1000 for service com.android.keychain/.KeyChainService
01-01 08:00:22.025 W/BroadcastQueue( 2021): Permission Denial: receiving Intent { act=android.intent.action.BOOT_COMPLETED flg=0x8000010 (has extras) } to ProcessRecord{677a6d5 2164:com.android.systemui/u0a7} (pid=2164, uid=10007) requires android.permission.RECEIVE_BOOT_COMPLETED due to sender null (uid 1000)
01-01 08:00:22.035 W/BroadcastQueue( 2021): Permission Denial: receiving Intent { act=android.intent.action.BOOT_COMPLETED flg=0x8000010 (has extras) } to com.android.systemui/.BootReceiver requires android.permission.RECEIVE_BOOT_COMPLETED due to sender null (uid 1000)
01-01 08:00:22.035 W/BroadcastQueue( 2021): Permission Denial: receiving Intent { act=android.intent.action.BOOT_COMPLETED flg=0x8000010 (has extras) } to com.android.phone/.OtaStartupReceiver requires android.permission.RECEIVE_BOOT_COMPLETED due to sender null (uid 1000)
01-01 08:00:22.036 W/BroadcastQueue( 2021): Permission Denial: receiving Intent { act=android.intent.action.BOOT_COMPLETED flg=0x8000010 (has extras) } to com.gitvdemo.video/com.gala.video.app.epg.multiscreen.MultiScreenReceiver requires android.permission.RECEIVE_BOOT_COMPLETED due to sender null (uid 1000)
01-01 08:00:22.036 W/BroadcastQueue( 2021): Permission Denial: receiving Intent { act=android.intent.action.BOOT_COMPLETED flg=0x8000010 (has extras) } to com.android.providers.downloads/.DownloadReceiver requires android.permission.RECEIVE_BOOT_COMPLETED due to sender null (uid 1000)
01-01 08:00:22.037 W/BroadcastQueue( 2021): Permission Denial: receiving Intent { act=android.intent.action.BOOT_COMPLETED flg=0x8000010 (has extras) } to com.android.managedprovisioning/.BootReminder requires android.permission.RECEIVE_BOOT_COMPLETED due to sender null (uid 1000)
01-01 08:00:22.037 W/BroadcastQueue( 2021): Permission Denial: receiving Intent { act=android.intent.action.BOOT_COMPLETED flg=0x8000010 (has extras) } to com.android.providers.media/.MediaScannerReceiver requires android.permission.RECEIVE_BOOT_COMPLETED due to sender null (uid 1000)
01-01 08:00:22.037 W/BroadcastQueue( 2021): Permission Denial: receiving Intent { act=android.intent.action.BOOT_COMPLETED flg=0x8000010 (has extras) } to com.android.providers.media/.MtpReceiver requires android.permission.RECEIVE_BOOT_COMPLETED due to sender null (uid 1000)
01-01 08:00:22.043 W/ContextImpl( 2406): Calling a method in the system process without a qualified user: android.app.ContextImpl.startService:1710 android.content.ContextWrapper.startService:516 android.content.ContextWrapper.startService:516 com.hisilicon.android.hiRMService.HiRMBroadcastReceiver.onReceive:21 android.app.ActivityThread.handleReceiver:2609 
01-01 08:00:22.053 I/ActivityManager( 2021): Process .pushdaemonservice (pid 2709) has died
01-01 08:00:22.054 W/ActivityManager( 2021): Scheduling restart of crashed service com.gitvdemo.video/com.push.pushservice.api.PushService in 1000ms
01-01 08:00:22.054 I/BootReceiver( 2021): Copying audit failures to DropBox
01-01 08:00:22.054 I/BootReceiver( 2021): Checking for fsck errors
01-01 08:00:22.091 D/WifiService( 2021): New client listening to asynchronous messages
01-01 08:00:22.165 W/BroadcastQueue( 2021): Permission Denial: receiving Intent { act=android.intent.action.BOOT_COMPLETED flg=0x8000010 (has extras) } to com.huan.appstore/.receiver.DeviceBootReceiver requires android.permission.RECEIVE_BOOT_COMPLETED due to sender null (uid 1000)
01-01 08:00:22.206 I/ActivityManager( 2021): Start proc 2763:com.sumavision.admindm/1000 for broadcast com.sumavision.admindm/.StartSessionBroadcastReceiver
01-01 08:00:22.276 W/ContextImpl( 2763): Calling a method in the system process without a qualified user: android.app.ContextImpl.startService:1710 android.content.ContextWrapper.startService:516 android.content.ContextWrapper.startService:516 com.sumavision.admindm.StartSessionBroadcastReceiver.onReceive:-1 android.app.ActivityThread.handleReceiver:2609 
01-01 08:00:22.282 W/ContextImpl( 2429): Calling a method in the system process without a qualified user: android.app.ContextImpl.startService:1710 android.content.ContextWrapper.startService:516 android.content.ContextWrapper.startService:516 com.suma.midware.dms.util.DmsUtil.a:-1 com.suma.midware.dms.util.DmsUtil.a:-1 
01-01 08:00:22.283 W/AlarmManager( 2021): Suspiciously short interval 5000 millis; expanding to 60 seconds
01-01 08:00:22.287 W/ContextImpl( 2450): Calling a method in the system process without a qualified user: android.app.ContextImpl.startService:1710 android.content.ContextWrapper.startService:516 com.suma.midware.global.receiver.BootReceiver.onReceive:-1 android.app.ActivityThread.handleReceiver:2609 android.app.ActivityThread.access$1700:151 
01-01 08:00:22.288 W/AlarmManager( 2021): Suspiciously short interval 10000 millis; expanding to 60 seconds
01-01 08:00:22.293 W/ContextImpl( 2381): Calling a method in the system process without a qualified user: android.app.ContextImpl.startService:1710 android.content.ContextWrapper.startService:516 android.content.ContextWrapper.startService:516 com.suma.midware.back.BackReceiver.onReceive:-1 android.app.ActivityThread.handleReceiver:2609 
01-01 08:00:22.318 I/ActivityManager( 2021): Start proc 2783:com.suma.midware.setting/1000 for broadcast com.suma.midware.setting/.BootReceiver
01-01 08:00:22.324 W/AlarmManager( 2021): Suspiciously short interval 5000 millis; expanding to 60 seconds
01-01 08:00:22.373 W/ContextImpl( 2763): Calling a method in the system process without a qualified user: android.app.ContextImpl.bindService:1774 android.content.ContextWrapper.bindService:539 com.suma.midware.prop.i.c:-1 com.suma.midware.prop.i.a:-1 com.sumavision.b.a.<init>:-1 
01-01 08:00:22.450 W/ContextImpl( 2783): Calling a method in the system process without a qualified user: android.app.ContextImpl.bindService:1774 android.content.ContextWrapper.bindService:539 com.suma.midware.prop.i.b:-1 com.suma.midware.prop.i.a:-1 com.suma.midware.setting.SetApplication.onCreate:-1 
01-01 08:00:22.457 W/ContextImpl( 2783): Calling a method in the system process without a qualified user: android.app.ContextImpl.startService:1710 android.content.ContextWrapper.startService:516 android.content.ContextWrapper.startService:516 com.suma.midware.setting.BootReceiver.onReceive:-1 android.app.ActivityThread.handleReceiver:2609 
01-01 08:00:22.459 W/AlarmManager( 2021): Suspiciously short interval 10000 millis; expanding to 60 seconds
01-01 08:00:22.460 W/BroadcastQueue( 2021): Permission Denial: receiving Intent { act=android.intent.action.BOOT_COMPLETED flg=0x8000010 (has extras) } to com.gitvdemo.video/com.push.pushservice.receiver.PushServiceReceiver requires android.permission.RECEIVE_BOOT_COMPLETED due to sender null (uid 1000)
01-01 08:00:22.461 W/BroadcastQueue( 2021): Permission Denial: receiving Intent { act=android.intent.action.BOOT_COMPLETED flg=0x8000010 (has extras) } to com.ktcp.video/.receiver.CHRestoreBroadcastReceiver requires android.permission.RECEIVE_BOOT_COMPLETED due to sender null (uid 1000)
01-01 08:00:22.461 W/BroadcastQueue( 2021): Permission Denial: receiving Intent { act=android.intent.action.BOOT_COMPLETED flg=0x8000010 (has extras) } to com.ktcp.video/com.ktcp.msg.lib.BootCompletedReceiver requires android.permission.RECEIVE_BOOT_COMPLETED due to sender null (uid 1000)
01-01 08:00:22.461 W/BroadcastQueue( 2021): Permission Denial: receiving Intent { act=android.intent.action.BOOT_COMPLETED flg=0x8000010 (has extras) } to com.ktcp.video/com.tencent.oma.push.BootstrapReceiver requires android.permission.RECEIVE_BOOT_COMPLETED due to sender null (uid 1000)
01-01 08:00:22.461 W/BroadcastQueue( 2021): Permission Denial: receiving Intent { act=android.intent.action.BOOT_COMPLETED flg=0x8000010 (has extras) } to com.ktcp.video/.receiver.BootstrapProjectionReceiver requires android.permission.RECEIVE_BOOT_COMPLETED due to sender null (uid 1000)
01-01 08:00:22.461 W/BroadcastQueue( 2021): Permission Denial: receiving Intent { act=android.intent.action.BOOT_COMPLETED flg=0x8000010 (has extras) } to com.ktcp.video/com.tencent.qqlivetv.android.recommendation.RecommendReceiver requires android.permission.RECEIVE_BOOT_COMPLETED due to sender null (uid 1000)
01-01 08:00:22.461 W/BroadcastQueue( 2021): Permission Denial: receiving Intent { act=android.intent.action.BOOT_COMPLETED flg=0x8000010 (has extras) } to com.ktcp.video/.receiver.AutoBootReceiver requires android.permission.RECEIVE_BOOT_COMPLETED due to sender null (uid 1000)
01-01 08:00:22.461 W/BroadcastQueue( 2021): Permission Denial: receiving Intent { act=android.intent.action.BOOT_COMPLETED flg=0x8000010 (has extras) } to com.starcor.mango/com.starcor.receiver.BootStartReceiver requires android.permission.RECEIVE_BOOT_COMPLETED due to sender null (uid 1000)
01-01 08:00:22.502 D/WifiService( 2021): New client listening to asynchronous messages
01-01 08:00:23.076 I/ActivityManager( 2021): Start proc 2820:.pushdaemonservice/u0a26 for service com.gitvdemo.video/com.push.pushservice.api.PushService
01-01 08:00:23.090 W/ResourcesManager( 2820): Asset path '/system/framework/android.test.runner.jar' does not exist or contains no resources.
01-01 08:00:23.119 W/ActivityManager( 2021): getRunningAppProcesses: caller 10026 does not hold REAL_GET_TASKS; limiting output
01-01 08:00:23.174 W/ActivityManager( 2021): getRunningAppProcesses: caller 10026 does not hold REAL_GET_TASKS; limiting output
01-01 08:00:23.174 W/ActivityManager( 2021): getRunningAppProcesses: caller 10026 does not hold REAL_GET_TASKS; limiting output
01-01 08:00:28.494 I/ActivityManager( 2021): Start proc 2923:com.gitvdemo.video:hcdn/u0a26 for service com.gitvdemo.video/com.gala.cubedaemon.services.HcdnService
01-01 08:00:28.519 W/ResourcesManager( 2923): Asset path '/system/framework/android.test.runner.jar' does not exist or contains no resources.
01-01 08:00:28.565 W/ActivityManager( 2021): getRunningAppProcesses: caller 10026 does not hold REAL_GET_TASKS; limiting output
01-01 08:00:28.605 I/ActivityManager( 2021): Start proc 2952:com.gitvdemo.video:daemon/u0a26 for service com.gitvdemo.video/com.gala.cubedaemon.services.DaemonService
01-01 08:00:28.621 W/ResourcesManager( 2952): Asset path '/system/framework/android.test.runner.jar' does not exist or contains no resources.
01-01 08:00:28.655 W/ActivityManager( 2021): getRunningAppProcesses: caller 10026 does not hold REAL_GET_TASKS; limiting output
01-01 08:00:28.672 W/ResourcesManager( 2021): Asset path '/system/framework/android.test.runner.jar' does not exist or contains no resources.
01-01 08:00:28.684 W/ResourcesManager( 2164): Asset path '/system/framework/android.test.runner.jar' does not exist or contains no resources.
01-01 08:00:31.177 I/ActivityManager( 2021): START u0 {act=com.suma.midware.action.channel.play cmp=com.suma.midware.dvb/.play.PlayActivity (has extras)} from uid 1000 on display 0
01-01 08:00:31.186 V/WindowManager( 2021): addAppToken: AppWindowToken{15a8d7b token=Token{3cf4610a ActivityRecord{a301d75 u0 com.suma.midware.dvb/.play.PlayActivity t769}}} to stack=1 task=769 at 0
01-01 08:00:31.200 V/WindowManager( 2021): Adding window Window{3b63e544 u0 Starting com.suma.midware.dvb} at 4 of 9 (after Window{269dc173 u0 com.suma.midware.home/com.suma.midware.home.third.Main3DActivity})
01-01 08:00:31.200 W/ContextImpl( 2496): Calling a method in the system process without a qualified user: android.app.ContextImpl.sendBroadcast:1345 android.content.ContextWrapper.sendBroadcast:377 android.app.ActivityThread.performPauseActivity:3259 android.app.ActivityThread.performPauseActivity:3225 android.app.ActivityThread.handlePauseActivity:3200 
01-01 08:00:31.256 I/ActivityManager( 2021): Start proc 3048:com.suma.midware.dvb/1000 for activity com.suma.midware.dvb/.play.PlayActivity
01-01 08:00:31.390 W/ContextImpl( 3048): Calling a method in the system process without a qualified user: android.app.ContextImpl.bindService:1774 android.content.ContextWrapper.bindService:539 com.suma.midware.prop.i.b:-1 com.suma.midware.prop.i.a:-1 com.suma.midware.dvb.DvbApplication.onCreate:-1 
01-01 08:00:31.639 D/ConnectivityService( 2021): registerNetworkAgent NetworkAgentInfo{ ni{[type: WIFI[], state: CONNECTING/CONNECTING, reason: (unspecified), extra: "GDWL", roaming: false, failover: false, isAvailable: true, isConnectedToProvisioningNetwork: false]}  network{null}  lp{{LinkAddresses: []  Routes: [] DnsAddresses: [] Domains: null MTU: 0 TcpBufferSizes: 524288,1048576,2097152,262144,524288,1048576}}  nc{[ Transports: WIFI Capabilities: INTERNET&NOT_RESTRICTED&TRUSTED&NOT_VPN LinkUpBandwidth>=1048576Kbps LinkDnBandwidth>=1048576Kbps]}  Score{20}  everValidated{false}  lastValidated{false}  created{false}  explicitlySelected{false} }
01-01 08:00:31.639 D/ConnectivityService( 2021): NetworkAgentInfo [WIFI () - 100] EVENT_NETWORK_INFO_CHANGED, going from null to CONNECTING
01-01 08:00:31.654 D/ConnectivityService( 2021): updateNetworkScore for NetworkAgentInfo [WIFI () - 100] to 60
01-01 08:00:31.873 E/ActivityThread( 3048): Failed to find provider info for com.suma.midware.update
01-01 08:00:31.875 I/ActivityManager( 2021): Force stopping com.suma.midware.vod appid=1000 user=0: from pid 3048
01-01 08:00:31.878 D/ActivityThread( 3048): Loading provider com.suma.midware.provider.ubas: com.suma.midware.back.db.UbaProvider
01-01 08:00:31.983 W/ContextImpl( 3048): Calling a method in the system process without a qualified user: android.app.ContextImpl.sendBroadcast:1345 android.content.ContextWrapper.sendBroadcast:377 android.app.ActivityThread.performResumeActivity:2982 android.app.ActivityThread.handleResumeActivity:3023 android.app.ActivityThread.handleLaunchActivity:2392 
01-01 08:00:31.999 V/WindowManager( 2021): Adding window Window{27596fd4 u0 com.suma.midware.dvb/com.suma.midware.dvb.play.PlayActivity} at 4 of 10 (before Window{3b63e544 u0 Starting com.suma.midware.dvb})
01-01 08:00:32.424 D/WifiService( 2021): New client listening to asynchronous messages
01-01 08:00:34.695 D/TaskPersister( 2021): removeObsoleteFile: deleting file=765_task.xml
01-01 08:00:34.696 D/TaskPersister( 2021): removeObsoleteFile: deleting file=765_task_thumbnail.png
01-01 08:00:35.514 I/ActivityManager( 2021): START u0 {act=android.intent.action.MAIN cat=[android.intent.category.HOME] flg=0x10200000 cmp=com.suma.midware.home/.third.Main3DActivity} from uid 1000 on display 0
01-01 08:00:35.533 I/ActivityManager( 2021): Force stopping com.android.browser appid=10010 user=0: from pid 2381
01-01 08:00:35.536 I/ActivityManager( 2021): Process com.sumavision.android.media.v (pid 2598) has died
01-01 08:00:35.554 W/ContextImpl( 3048): Calling a method in the system process without a qualified user: android.app.ContextImpl.sendBroadcast:1345 android.content.ContextWrapper.sendBroadcast:377 android.app.ActivityThread.performPauseActivity:3259 android.app.ActivityThread.performPauseActivity:3225 android.app.ActivityThread.handlePauseActivity:3200 
01-01 08:00:35.591 W/ContextImpl( 2496): Calling a method in the system process without a qualified user: android.app.ContextImpl.sendBroadcast:1345 android.content.ContextWrapper.sendBroadcast:377 com.suma.midware.view.ext.BluetoothUpdate.b:-1 com.suma.midware.home.third.Main3DActivity.onResume:-1 android.app.Instrumentation.callActivityOnResume:1257 
01-01 08:00:35.594 W/ContextImpl( 2496): Calling a method in the system process without a qualified user: android.app.ContextImpl.sendBroadcast:1345 android.content.ContextWrapper.sendBroadcast:377 android.app.ActivityThread.performResumeActivity:2982 android.app.ActivityThread.handleResumeActivity:3023 android.app.ActivityThread$H.handleMessage:1347 
01-01 08:00:36.968 I/ActivityManager( 2021): Waited long enough for: ServiceRecord{320e3fb6 u0 com.gitvdemo.video/com.push.pushservice.api.PushService}
01-01 08:00:37.027 I/ActivityManager( 2021): Waited long enough for: ServiceRecord{f18db51 u0 com.gitvdemo.video/com.gala.video.lib.share.ifimpl.logrecord.service.LRProxyService}
01-01 08:00:37.278 I/ActivityManager( 2021): Waited long enough for: ServiceRecord{50cea97 u0 com.sumavision.admindm/.Session}
01-01 08:00:38.276 D/ConnectivityService( 2021): NetworkAgentInfo [WIFI () - 100] EVENT_NETWORK_INFO_CHANGED, going from CONNECTING to CONNECTED
01-01 08:00:38.278 D/ConnectivityService( 2021): Adding iface wlan0 to network 100
01-01 08:00:38.297 E/ConnectivityService( 2021): Unexpected mtu value: 0, wlan0
01-01 08:00:38.298 D/ConnectivityService( 2021): Adding Route [fe80::/64 -> :: wlan0] to network 100
01-01 08:00:38.299 D/ConnectivityService( 2021): Adding Route [10.0.0.0/22 -> 0.0.0.0 wlan0] to network 100
01-01 08:00:38.299 D/ConnectivityService( 2021): Adding Route [0.0.0.0/0 -> 10.0.0.1 wlan0] to network 100
01-01 08:00:38.300 D/ConnectivityService( 2021): Setting Dns servers for network 100 to [/10.11.11.50]
01-01 08:00:38.305 D/ConnectivityService( 2021): notifyType IP_CHANGED for NetworkAgentInfo [WIFI () - 100]
01-01 08:00:38.308 D/ConnectivityService( 2021): notifyType PRECHECK for NetworkAgentInfo [WIFI () - 100]
01-01 08:00:38.308 D/ConnectivityService( 2021): rematching NetworkAgentInfo [WIFI () - 100]
01-01 08:00:38.308 D/ConnectivityService( 2021):    accepting network in place of null
01-01 08:00:38.308 D/ConnectivityService( 2021): Switching to new default network: NetworkAgentInfo{ ni{[type: WIFI[], state: CONNECTED/CONNECTED, reason: (unspecified), extra: "GDWL", roaming: false, failover: false, isAvailable: true, isConnectedToProvisioningNetwork: false]}  network{100}  lp{{InterfaceName: wlan0 LinkAddresses: [fe80::4e0f:c7ff:fec3:274b/64,10.0.0.47/22,]  Routes: [fe80::/64 -> :: wlan0,10.0.0.0/22 -> 0.0.0.0 wlan0,0.0.0.0/0 -> 10.0.0.1 wlan0,] DnsAddresses: [10.11.11.50,] Domains:  MTU: 0 TcpBufferSizes: 524288,1048576,2097152,262144,524288,1048576}}  nc{[ Transports: WIFI Capabilities: INTERNET&NOT_RESTRICTED&TRUSTED&NOT_VPN LinkUpBandwidth>=1048576Kbps LinkDnBandwidth>=1048576Kbps]}  Score{20}  everValidated{false}  lastValidated{false}  created{true}  explicitlySelected{false} }
01-01 08:00:38.309 D/ConnectivityService( 2021): Setting tx/rx TCP buffers to 524288,1048576,2097152,262144,524288,1048576
01-01 08:00:38.311 D/ConnectivityService( 2021): notifyType AVAILABLE for NetworkAgentInfo [WIFI () - 100]
