10-31 15:09:49.790 D/base::Ini(15503): [getOption] getOption name='debug-eventManager-level' value=''.
10-31 15:09:49.790 D/base::Ini(15503): [getOption] getOption name='debug-eventManager-level' value=''.
10-31 15:09:49.790 D/base::Ini(15503): [getOption] getOption name='debug-eventManager-level' value=''.
10-31 15:09:49.790 D/base::Ini(15503): [getOption] getOption name='debug-eventManager-level' value=''.
10-31 15:09:49.790 D/base::Ini(15503): [getOption] getOption name='debug-eventManager-level' value=''.
10-31 15:09:49.990 D/base::Ini(15503): [getOption] getOption name='debug-eventManager-level' value=''.
10-31 15:09:49.990 D/base::Ini(15503): [getOption] getOption name='debug-eventManager-level' value=''.
10-31 15:09:49.990 D/base::Ini(15503): [getOption] getOption name='debug-eventManager-level' value=''.
10-31 15:09:49.990 D/base::Ini(15503): [getOption] getOption name='debug-eventManager-level' value=''.
10-31 15:09:49.990 D/base::Ini(15503): [getOption] getOption name='debug-eventManager-level' value=''.
10-31 15:09:49.990 D/base::Ini(15503): [getOption] getOption name='debug-eventManager-level' value=''.
10-31 15:09:49.990 D/base::Ini(15503): [getOption] getOption name='debug-eventManager-level' value=''.
10-31 15:09:49.991 D/base::Ini(15503): [getOption] getOption name='debug-eventManager-level' value=''.
10-31 15:09:49.991 D/base::Ini(15503): [getOption] getOption name='debug-eventManager-level' value=''.
10-31 15:09:49.991 D/base::Ini(15503): [getOption] getOption name='debug-netdev-level' value=''.
10-31 15:09:49.991 D/base::Ini(15503): [getOption] getOption name='debug-netdev-level' value=''.
10-31 15:09:49.991 D/base::Ini(15503): [getOption] getOption name='debug-netdev-level' value=''.
10-31 15:09:49.991 D/base::Ini(15503): [getOption] getOption name='debug-netdev-level' value=''.
10-31 15:09:49.991 D/base::Ini(15503): [getOption] getOption name='debug-eventManager-level' value=''.
10-31 15:09:49.991 D/base::Ini(15503): [getOption] getOption name='debug-eventManager-level' value=''.
10-31 15:09:49.991 D/base::Ini(15503): [getOption] getOption name='debug-eventManager-level' value=''.
10-31 15:09:49.991 D/base::Ini(15503): [getOption] getOption name='debug-eventManager-level' value=''.
10-31 15:09:49.991 D/base::Ini(15503): [getOption] getOption name='debug-netdev-level' value=''.
10-31 15:09:49.991 D/base::Ini(15503): [getOption] getOption name='debug-netdev-level' value=''.
10-31 15:09:49.991 D/base::Ini(15503): [getOption] getOption name='debug-netdev-level' value=''.
10-31 15:09:49.991 D/base::Ini(15503): [getOption] getOption name='debug-netdev-level' value=''.
10-31 15:09:49.991 D/base::Ini(15503): [getOption] getOption name='debug-eventManager-level' value=''.
10-31 15:09:49.991 D/base::Ini(15503): [getOption] getOption name='debug-eventManager-level' value=''.
10-31 15:09:49.991 D/base::Ini(15503): [getOption] getOption name='debug-eventManager-level' value=''.
10-31 15:09:49.991 D/base::Ini(15503): [getOption] getOption name='debug-eventManager-level' value=''.
10-31 15:09:49.991 D/base::Ini(15503): [getOption] getOption name='debug-eventManager-level' value=''.
10-31 15:09:49.991 D/base::Ini(15503): [getOption] getOption name='debug-eventManager-level' value=''.
10-31 15:09:49.991 D/base::Ini(15503): [getOption] getOption name='debug-eventManager-level' value=''.
10-31 15:09:49.992 D/base::Ini(15503): [getOption] getOption name='debug-eventManager-level' value=''.
10-31 15:09:49.992 D/base::Ini(15503): [getOption] getOption name='debug-eventManager-level' value=''.
10-31 15:09:49.992 D/base::Ini(15503): [getOption] getOption name='debug-eventManager-level' value=''.
10-31 15:09:49.992 D/base::Ini(15503): [getOption] getOption name='debug-eventManager-level' value=''.
10-31 15:09:49.992 D/base::Ini(15503): [getOption] getOption name='debug-eventManager-level' value=''.
10-31 15:09:49.992 D/base::Ini(15503): [getOption] getOption name='debug-eventManager-level' value=''.
10-31 15:09:49.992 D/base::Ini(15503): [getOption] getOption name='debug-eventManager-level' value=''.
10-31 15:09:49.992 D/base::Ini(15503): [getOption] getOption name='debug-eventManager-level' value=''.
10-31 15:09:49.992 D/base::Ini(15503): [getOption] getOption name='debug-eventManager-level' value=''.
10-31 15:09:50.027 D/ir_user ( 1587): PlayerTimeLineTrace:linux_keycode:0x6c(DOWN),	protocol: .
10-31 15:09:50.027 V/PT      ( 1583): >>INFO:irkey_task:[   17380.124642] /dev/input/event0: type=0001 code=006c val=00000001
10-31 15:09:50.027 V/PT      ( 1583): >>INFO:irkey_send:0x3001 0x0028 down
10-31 15:09:50.027 V/SUMA    ( 1583): ++++++++++++++  _roc_evtmgr_key_cbk 517:input = 12289, event=40, act=0x100
10-31 15:09:50.027 V/SUMA    ( 1583): lxm:_roc_evtmgr_key_cbk 519 17380124
10-31 15:09:50.027 V/SUMA    ( 1583): lxm:_roc_evtmgr_add_evt_into_queue 347 17380125
10-31 15:09:50.027 V/SUMA    ( 1583): ===================>> type=0 src=0 evt=40 act=0x100
10-31 15:09:50.027 V/PT      ( 1583): >>INFO:irkey_task:[   17380.124642] /dev/input/event0: type=0000 code=0000 val=00000000
10-31 15:09:50.028 V/SUMA    ( 1583): [sysset-s][event_manager_cbk 78]lxm cbid=1, cbk_reg=1, cpid=2452
10-31 15:09:50.028 D/NGBEvent( 2452): ngbEventCallBack type:0 source :40
10-31 15:09:50.028 D/NGBEvent( 2452): [NGBEventManager-JNI]-returning:1
10-31 15:09:50.028 D/NGBEvent( 2452): Input key event: keyCode=40
10-31 15:09:50.028 D/NGBEvent( 2452): src:40 = dest:40
10-31 15:09:50.028 I/System.out( 2452): [DEBUG EventManager] LWJ--Add event to java with evt=NgbEvent-[type = 1, subtype = 401, code = 40]
10-31 15:09:50.028 D/NGBEvent( 2452): [NGBEvent_log]--[EventManager--JNI]:		start
10-31 15:09:50.028 I/System.out( 2452): [DEBUG EventManager] broadcastEvent  :len 1
10-31 15:09:50.028 D/CombineKeyUtil( 2452): [TN_pool-1-thread-1]dealKeyEvent,combineIndex:-1:keyCode:20
10-31 15:09:50.029 D/KeyEventNgbDealer( 2452): [TN_pool-1-thread-1]handleKeyPressed keyEvent=NgbEvent-[type = 1, subtype = 401, code = 40],time=17380126
10-31 15:09:50.029 D/RemoteIME( 2347): onKeyDown event = KeyEvent { action=ACTION_DOWN, keyCode=KEYCODE_DPAD_DOWN, scanCode=108, metaState=0, flags=0x8, repeatCount=0, eventTime=17380124, downTime=17380124, deviceId=3, source=0x701 },mSkbContainer=com.amlogic.inputmethod.remote.SkbContainer{6622968 VFE..... .F....ID 0,0-1280,300}
10-31 15:09:50.031 D/cr_AwTestContainerView(15503): [AwTestContainerView.java:63] [mainFrame]: [2017-10-30 16:44:42] dispatchKeyEvent keyCode = 20 event = KeyEvent { action=ACTION_DOWN, keyCode=KEYCODE_DPAD_DOWN, scanCode=108, metaState=0, flags=0x8, repeatCount=0, eventTime=17380124, downTime=17380124, deviceId=3, source=0x701 }
10-31 15:09:50.031 D/ImeAdapterAndroid(15503): [SendKeyEvent] [BUILD TIME: ] dispatchKeyEvent key_code=20 modifiers=0 unicode_char=0 scan_code=108 is_system=0 tm=17380124
10-31 15:09:50.032 D/RenderWidgetInputHandler(15503): [HandleInputEvent] input_event type=8 name=KeyDown
10-31 15:09:50.032 D/RenderWidgetInputHandler(15503): [HandleInputEvent] input_event type=8 prevent_default:0
10-31 15:09:50.032 D/WebViewImpl(15503): [handleKeyEvent] keycode:40, eventType:8 native keycode:20 frame=0x495a9820. url='http://10.14.41.246/application/bxfc/sec/index.htm'.
10-31 15:09:50.032 D/[blink]KeyboardEventManager(15503): [keyEvent] initialKeyEvent KeyDown nativeKeyCode=20 windowsKeyCode=40 text[0]=0
10-31 15:09:50.032 D/[blink]KeyboardEventManager(15503): [keyEvent] initialKeyEvent focusedNode=0x0
10-31 15:09:50.033 D/V8ScriptRunner(15503): [callFunction] start. frame = 0x495a9820 function: eventHandler url: http://10.14.41.246/application/bxfc/sec/index.htm line: 133
10-31 15:09:50.033 D/base::KeyConverter(15503): [get] convert 20 => -1.
10-31 15:09:50.037 D/ChromeClientImpl(15503): [addMessageToConsole] [LOG:CONSOLE(9)] "----listDataPath--:http://10.14.41.245:13160/homed/program/get_list?accesstoken=R59F7DEA6U20858029K53724E0DIB1C7CC0AP8M2FAF083WDBA62693461&label=&pageidx=1&pagenum=20&depth=2", source:http://10.14.41.246/application/bxfc/sec/js/common.js (9)
10-31 15:09:50.038 D/ChromeClientImpl(15503): [addMessageToConsole] [LOG:CONSOLE(288)] "http://10.14.41.245:13160/homed/program/get_list?accesstoken=R59F7DEA6U20858029K53724E0DIB1C7CC0AP8M2FAF083WDBA62693461&label=&pageidx=1&pagenum=20&depth=2", source:http://10.14.41.246/application/bxfc/sec/js/common.js (288)
10-31 15:09:50.038 D/V8ScriptRunner(15503): [callFunction] start. frame = 0x495a9820 function: xmlHttp.onreadystatechange url: http://10.14.41.246/application/bxfc/sec/js/common.js line: 273
10-31 15:09:50.038 D/V8ScriptRunner(15503): [callFunction] end. frame = 0x495a9820 function: xmlHttp.onreadystatechange url: http://10.14.41.246/application/bxfc/sec/js/common.js line: 273
10-31 15:09:50.038 D/[blink]ResourceFetcher(15503): [requestResource] url=http://10.14.41.245:13160/homed/program/get_list?accesstoken=R59F7DEA6U20858029K53724E0DIB1C7CC0AP8M2FAF083WDBA62693461&label=&pageidx=1&pagenum=20&depth=2.
10-31 15:09:50.038 D/url     (15503): [DoResolveRelative] [WEB] DoResolveRelative Error resolving.
10-31 15:09:50.038 D/[blink]DOMTimer(15503): [DOMTimer] 0x8f46b758 setTimeout 500ms, repeat:0.
10-31 15:09:50.038 D/[blink]DOMTimer(15503): [DOMTimer] 0x8f46b7c8 setTimeout 30000ms, repeat:0.
10-31 15:09:50.039 D/ResourceLoader(15503): [StartRequest] start request 0x8b78b580 url='http://10.14.41.245:13160/homed/program/get_list?accesstoken=R59F7DEA6U20858029K53724E0DIB1C7CC0AP8M2FAF083WDBA62693461&label=&pageidx=1&pagenum=20&depth=2'
10-31 15:09:50.039 D/AwRequestInterceptor(15503): [MaybeInterceptRequest] request=0x8b78b580
10-31 15:09:50.039 D/[cc]beginFrameSource(15503): [AddObserver] ExternalBeginFrameSource::AddObserver
10-31 15:09:50.039 D/V8ScriptRunner(15503): [callFunction] end. frame = 0x495a9820 function: eventHandler url: http://10.14.41.246/application/bxfc/sec/index.htm line: 133
10-31 15:09:50.039 D/[blink]KeyboardEventManager(15503): [keyEvent] dispatchResult = CanceledByEventHandler
10-31 15:09:50.039 D/cr_AwContents(15503): [AwContents.java:520] BackgroundThreadClientImpl shouldInterceptRequest url = http://10.14.41.245:13160/homed/program/get_list?accesstoken=R59F7DEA6U20858029K53724E0DIB1C7CC0AP8M2FAF083WDBA62693461&label=&pageidx=1&pagenum=20&depth=2
10-31 15:09:50.040 D/cr_AwNullContentsClient(15503): [AwNullContentsClient.java:59] shouldInterceptRequest url=http://10.14.41.245:13160/homed/program/get_list?accesstoken=R59F7DEA6U20858029K53724E0DIB1C7CC0AP8M2FAF083WDBA62693461&label=&pageidx=1&pagenum=20&depth=2
10-31 15:09:50.040 D/BrowserWebViewClient(15503): intercept request :http://10.14.41.245:13160/homed/program/get_list?accesstoken=R59F7DEA6U20858029K53724E0DIB1C7CC0AP8M2FAF083WDBA62693461&label=&pageidx=1&pagenum=20&depth=2
10-31 15:09:50.040 D/AwRequestInterceptor(15503): [MaybeInterceptRequest] request=0x8b78b580
10-31 15:09:50.052 D/[cc]ProxyMain(15503): [BeginMainFrame] cc.BeginMainFrame this:0x9f6a5ba0
10-31 15:09:50.052 D/[cc]LayerTreeHost(15503): [AnimateLayers] AnimateLayers monotonic_time=17380149304
10-31 15:09:50.052 D/[blink]FrameView(15503): [updateStyleAndLayoutIfNeededRecursiveInternal] in... this:0x8f4667a8.
10-31 15:09:50.052 D/[blink]FrameView(15503): [layout] start... this:0x8f4667a8, frame=0x495a9820 content size(1280, 720). 
10-31 15:09:50.052 D/[blink]FrameView(15503): [layout] performPreLayoutTasks start... this:0x8f4667a8
10-31 15:09:50.052 D/[blink]FrameView(15503): [layout] performPreLayoutTasks end... this:0x8f4667a8
10-31 15:09:50.052 D/[blink]FrameView(15503): [layout] performLayout start... this:0x8f4667a8
10-31 15:09:50.053 D/[blink]FrameView(15503): [layout] performLayout end... this:0x8f4667a8
10-31 15:09:50.053 D/[blink]FrameView(15503): [layout] call compositor()->didLayout()!
10-31 15:09:50.053 D/[blink]FrameView(15503): [layout] updateDocumentAnnotatedRegions start... this:0x8f4667a8
10-31 15:09:50.053 D/[blink]FrameView(15503): [layout] scheduleOrPerformPostLayoutTasks start... this:0x8f4667a8
10-31 15:09:50.053 D/[blink]FrameView(15503): [layout] end... this:0x8f4667a8
10-31 15:09:50.053 D/[blink]FrameView(15503): [layout] out... this:0x8f4667a8
10-31 15:09:50.053 D/[blink]FrameView(15503): [updateStyleAndLayoutIfNeededRecursiveInternal] end... this:0x8f4667a8.
10-31 15:09:50.053 D/[blink]FrameView(15503): [updateLifecyclePhasesInternal] in... this:0x8f4667a8, targetState=18
10-31 15:09:50.053 D/[blink]FrameView(15503): [updateLifecyclePhasesInternal] call compositor()->updateIfNeededRecursive()!
10-31 15:09:50.054 D/[blink] ImagePainter(15503): [paintReplaced] ImagePainter::paintReplaced in.
10-31 15:09:50.054 D/[blink] ImagePainter(15503): [paintReplaced] ImagePainter::paintReplaced in.
10-31 15:09:50.054 D/[blink] ImagePainter(15503): [paintReplaced] ImagePainter::paintReplaced in.
10-31 15:09:50.054 D/[blink] ImagePainter(15503): [paintReplaced] ImagePainter::paintReplaced in.
10-31 15:09:50.054 D/[blink] ImagePainter(15503): [paintReplaced] ImagePainter::paintReplaced in.
10-31 15:09:50.054 D/[blink] ImagePainter(15503): [paintReplaced] ImagePainter::paintReplaced in.
10-31 15:09:50.054 D/[blink] ImagePainter(15503): [paintReplaced] ImagePainter::paintReplaced in.
10-31 15:09:50.054 D/[blink] ImagePainter(15503): [paintReplaced] ImagePainter::paintReplaced in.
10-31 15:09:50.054 D/[blink] ImagePainter(15503): [paintReplaced] ImagePainter::paintReplaced in.
10-31 15:09:50.054 D/[blink] ImagePainter(15503): [paintReplaced] ImagePainter::paintReplaced in.
10-31 15:09:50.054 D/[blink] BoxPainter(15503): [paintBoxDecorationBackgroundWithRect] BoxPainter::paintBoxDecorationBackgroundWithRect isImage=0, isLayoutImage=0
10-31 15:09:50.054 D/[blink]FrameView(15503): [updateLifecyclePhasesInternal] end... this:0x8f4667a8
10-31 15:09:50.055 D/ResourceLoader(15503): [ResponseCompleted] finish request 0x8b78b580 url='http://10.14.41.245:13160/homed/program/get_list?accesstoken=R59F7DEA6U20858029K53724E0DIB1C7CC0AP8M2FAF083WDBA62693461&label=&pageidx=1&pagenum=20&depth=2'
10-31 15:09:50.057 D/V8ScriptRunner(15503): [callFunction] start. frame = 0x495a9820 function: xmlHttp.onreadystatechange url: http://10.14.41.246/application/bxfc/sec/js/common.js line: 273
10-31 15:09:50.058 D/V8ScriptRunner(15503): [callFunction] end. frame = 0x495a9820 function: xmlHttp.onreadystatechange url: http://10.14.41.246/application/bxfc/sec/js/common.js line: 273
10-31 15:09:50.058 D/V8ScriptRunner(15503): [callFunction] start. frame = 0x495a9820 function: xmlHttp.onreadystatechange url: http://10.14.41.246/application/bxfc/sec/js/common.js line: 273
10-31 15:09:50.058 D/V8ScriptRunner(15503): [callFunction] end. frame = 0x495a9820 function: xmlHttp.onreadystatechange url: http://10.14.41.246/application/bxfc/sec/js/common.js line: 273
10-31 15:09:50.058 D/[blink]ResourceFetcher(15503): [didFinishLoading] encoded length=278 url=http://10.14.41.245:13160/homed/program/get_list?accesstoken=R59F7DEA6U20858029K53724E0DIB1C7CC0AP8M2FAF083WDBA62693461&label=&pageidx=1&pagenum=20&depth=2.
10-31 15:09:50.058 D/V8ScriptRunner(15503): [callFunction] start. frame = 0x495a9820 function: xmlHttp.onreadystatechange url: http://10.14.41.246/application/bxfc/sec/js/common.js line: 273
10-31 15:09:50.059 D/V8ScriptRunner(15503): [callFunction] end. frame = 0x495a9820 function: xmlHttp.onreadystatechange url: http://10.14.41.246/application/bxfc/sec/js/common.js line: 273
10-31 15:09:50.191 D/base::Ini(15503): [getOption] getOption name='debug-eventManager-level' value=''.
10-31 15:09:50.191 D/base::Ini(15503): [getOption] getOption name='debug-eventManager-level' value=''.
10-31 15:09:50.191 D/base::Ini(15503): [getOption] getOption name='debug-eventManager-level' value=''.
10-31 15:09:50.191 D/base::Ini(15503): [getOption] getOption name='debug-eventManager-level' value=''.
10-31 15:09:50.191 D/base::Ini(15503): [getOption] getOption name='debug-eventManager-level' value=''.
10-31 15:09:50.191 D/base::Ini(15503): [getOption] getOption name='debug-eventManager-level' value=''.
10-31 15:09:50.191 D/base::Ini(15503): [getOption] getOption name='debug-eventManager-level' value=''.
10-31 15:09:50.191 D/base::Ini(15503): [getOption] getOption name='debug-eventManager-level' value=''.
10-31 15:09:50.191 D/base::Ini(15503): [getOption] getOption name='debug-eventManager-level' value=''.
10-31 15:09:50.191 D/base::Ini(15503): [getOption] getOption name='debug-eventManager-level' value=''.
10-31 15:09:50.191 D/base::Ini(15503): [getOption] getOption name='debug-eventManager-level' value=''.
10-31 15:09:50.192 D/base::Ini(15503): [getOption] getOption name='debug-netdev-level' value=''.
10-31 15:09:50.192 D/base::Ini(15503): [getOption] getOption name='debug-netdev-level' value=''.
10-31 15:09:50.192 D/base::Ini(15503): [getOption] getOption name='debug-netdev-level' value=''.
10-31 15:09:50.192 D/base::Ini(15503): [getOption] getOption name='debug-netdev-level' value=''.
10-31 15:09:50.202 D/base::Ini(15503): [getOption] getOption name='debug-eventManager-level' value=''.
10-31 15:09:50.202 D/base::Ini(15503): [getOption] getOption name='debug-eventManager-level' value=''.
10-31 15:09:50.202 D/base::Ini(15503): [getOption] getOption name='debug-eventManager-level' value=''.
10-31 15:09:50.202 D/base::Ini(15503): [getOption] getOption name='debug-eventManager-level' value=''.
10-31 15:09:50.202 D/base::Ini(15503): [getOption] getOption name='debug-eventManager-level' value=''.
10-31 15:09:50.202 D/base::Ini(15503): [getOption] getOption name='debug-eventManager-level' value=''.
10-31 15:09:50.202 D/base::Ini(15503): [getOption] getOption name='debug-eventManager-level' value=''.
10-31 15:09:50.202 D/base::Ini(15503): [getOption] getOption name='debug-eventManager-level' value=''.
10-31 15:09:50.202 D/base::Ini(15503): [getOption] getOption name='debug-eventManager-level' value=''.
10-31 15:09:50.202 D/base::Ini(15503): [getOption] getOption name='debug-eventManager-level' value=''.
10-31 15:09:50.202 D/base::Ini(15503): [getOption] getOption name='debug-netdev-level' value=''.
10-31 15:09:50.202 D/base::Ini(15503): [getOption] getOption name='debug-netdev-level' value=''.
10-31 15:09:50.202 D/base::Ini(15503): [getOption] getOption name='debug-netdev-level' value=''.
10-31 15:09:50.202 D/base::Ini(15503): [getOption] getOption name='debug-netdev-level' value=''.
10-31 15:09:50.202 D/base::Ini(15503): [getOption] getOption name='debug-eventManager-level' value=''.
10-31 15:09:50.202 D/base::Ini(15503): [getOption] getOption name='debug-eventManager-level' value=''.
10-31 15:09:50.202 D/base::Ini(15503): [getOption] getOption name='debug-eventManager-level' value=''.
10-31 15:09:50.202 D/base::Ini(15503): [getOption] getOption name='debug-eventManager-level' value=''.
10-31 15:09:50.202 D/base::Ini(15503): [getOption] getOption name='debug-eventManager-level' value=''.
10-31 15:09:50.202 D/base::Ini(15503): [getOption] getOption name='debug-eventManager-level' value=''.
10-31 15:09:50.203 D/base::Ini(15503): [getOption] getOption name='debug-eventManager-level' value=''.
10-31 15:09:50.203 D/base::Ini(15503): [getOption] getOption name='debug-eventManager-level' value=''.
10-31 15:09:50.203 D/base::Ini(15503): [getOption] getOption name='debug-eventManager-level' value=''.
10-31 15:09:50.203 D/base::Ini(15503): [getOption] getOption name='debug-eventManager-level' value=''.
10-31 15:09:50.203 D/base::Ini(15503): [getOption] getOption name='debug-eventManager-level' value=''.
10-31 15:09:50.203 D/base::Ini(15503): [getOption] getOption name='debug-eventManager-level' value=''.
10-31 15:09:50.203 D/base::Ini(15503): [getOption] getOption name='debug-eventManager-level' value=''.
10-31 15:09:50.203 D/base::Ini(15503): [getOption] getOption name='debug-eventManager-level' value=''.
10-31 15:09:50.203 D/base::Ini(15503): [getOption] getOption name='debug-eventManager-level' value=''.
10-31 15:09:50.203 D/base::Ini(15503): [getOption] getOption name='debug-eventManager-level' value=''.
10-31 15:09:50.223 D/BackBootDealerNeimeng( 2389): standbyState:
10-31 15:09:50.224 E/NetUtils( 2020): Interface eth0 LinkDown!
10-31 15:09:50.345 D/ir_user ( 1587): PlayerTimeLineTrace:linux_keycode:0x6c(UP),	protocol: .
10-31 15:09:50.345 V/PT      ( 1583): >>INFO:irkey_task:[   17380.442862] /dev/input/event0: type=0001 code=006c val=00000000
10-31 15:09:50.345 V/PT      ( 1583): >>INFO:irkey_send:0x3001 0x0028 up  
10-31 15:09:50.345 V/SUMA    ( 1583): ++++++++++++++  _roc_evtmgr_key_cbk 517:input = 12289, event=40, act=0x400
10-31 15:09:50.345 V/SUMA    ( 1583): lxm:_roc_evtmgr_key_cbk 519 17380443
10-31 15:09:50.345 V/SUMA    ( 1583): lxm:_roc_evtmgr_add_key_into_queue 311 17380443
10-31 15:09:50.346 V/PT      ( 1583): >>INFO:irkey_task:[   17380.442862] /dev/input/event0: type=0000 code=0000 val=00000000
10-31 15:09:50.346 V/SUMA    ( 1583): ===================>> type=0 src=0 evt=40 act=0x400
10-31 15:09:50.346 V/SUMA    ( 1583): [sysset-s][event_manager_cbk 78]lxm cbid=1, cbk_reg=1, cpid=2452
10-31 15:09:50.346 D/NGBEvent( 2452): ngbEventCallBack type:0 source :40
10-31 15:09:50.346 D/NGBEvent( 2452): [NGBEventManager-JNI]-returning:1
10-31 15:09:50.346 D/NGBEvent( 2452): Input key event: keyCode=40
10-31 15:09:50.346 D/NGBEvent( 2452): src:40 = dest:40
10-31 15:09:50.346 I/System.out( 2452): [DEBUG EventManager] LWJ--Add event to java with evt=NgbEvent-[type = 1, subtype = 402, code = 40]
10-31 15:09:50.346 D/NGBEvent( 2452): [NGBEvent_log]--[EventManager--JNI]:		start
10-31 15:09:50.347 I/System.out( 2452): [DEBUG EventManager] broadcastEvent  :len 1
10-31 15:09:50.347 D/KeyEventNgbDealer( 2452): [TN_pool-1-thread-1]handleKeyReleased keyEvent=NgbEvent-[type = 1, subtype = 402, code = 40],time=17380444
10-31 15:09:50.348 D/RemoteIME( 2347): RemoteIME--> onKeyUp keyCode = 20
10-31 15:09:50.349 D/cr_AwTestContainerView(15503): [AwTestContainerView.java:63] [mainFrame]: [2017-10-30 16:44:42] dispatchKeyEvent keyCode = 20 event = KeyEvent { action=ACTION_UP, keyCode=KEYCODE_DPAD_DOWN, scanCode=108, metaState=0, flags=0x8, repeatCount=0, eventTime=17380442, downTime=17380124, deviceId=3, source=0x701 }
10-31 15:09:50.349 D/ImeAdapterAndroid(15503): [SendKeyEvent] [BUILD TIME: ] dispatchKeyEvent key_code=20 modifiers=0 unicode_char=0 scan_code=108 is_system=0 tm=17380442
10-31 15:09:50.350 D/RenderWidgetInputHandler(15503): [HandleInputEvent] input_event type=9 name=KeyUp
10-31 15:09:50.350 D/RenderWidgetInputHandler(15503): [HandleInputEvent] input_event type=9 prevent_default:0
10-31 15:09:50.350 D/WebViewImpl(15503): [handleKeyEvent] keycode:40, eventType:9 native keycode:20 frame=0x495a9820. url='http://10.14.41.246/application/bxfc/sec/index.htm'.
10-31 15:09:50.350 D/[blink]KeyboardEventManager(15503): [keyEvent] initialKeyEvent KeyUp nativeKeyCode=20 windowsKeyCode=40 text[0]=0
10-31 15:09:50.350 D/[blink]KeyboardEventManager(15503): [keyEvent] initialKeyEvent focusedNode=0x0
10-31 15:09:50.402 D/base::Ini(15503): [getOption] getOption name='debug-eventManager-level' value=''.
10-31 15:09:50.402 D/base::Ini(15503): [getOption] getOption name='debug-eventManager-level' value=''.
10-31 15:09:50.402 D/base::Ini(15503): [getOption] getOption name='debug-eventManager-level' value=''.
10-31 15:09:50.402 D/base::Ini(15503): [getOption] getOption name='debug-eventManager-level' value=''.
10-31 15:09:50.402 D/base::Ini(15503): [getOption] getOption name='debug-eventManager-level' value=''.
10-31 15:09:50.402 D/base::Ini(15503): [getOption] getOption name='debug-eventManager-level' value=''.
10-31 15:09:50.402 D/base::Ini(15503): [getOption] getOption name='debug-eventManager-level' value=''.
10-31 15:09:50.402 D/base::Ini(15503): [getOption] getOption name='debug-eventManager-level' value=''.
10-31 15:09:50.402 D/base::Ini(15503): [getOption] getOption name='debug-eventManager-level' value=''.
10-31 15:09:50.402 D/base::Ini(15503): [getOption] getOption name='debug-eventManager-level' value=''.
10-31 15:09:50.402 D/base::Ini(15503): [getOption] getOption name='debug-netdev-level' value=''.
10-31 15:09:50.402 D/base::Ini(15503): [getOption] getOption name='debug-netdev-level' value=''.
10-31 15:09:50.402 D/base::Ini(15503): [getOption] getOption name='debug-netdev-level' value=''.
10-31 15:09:50.402 D/base::Ini(15503): [getOption] getOption name='debug-netdev-level' value=''.
10-31 15:09:50.402 D/base::Ini(15503): [getOption] getOption name='debug-eventManager-level' value=''.
10-31 15:09:50.412 D/base::Ini(15503): [getOption] getOption name='debug-eventManager-level' value=''.
10-31 15:09:50.412 D/base::Ini(15503): [getOption] getOption name='debug-eventManager-level' value=''.
10-31 15:09:50.412 D/base::Ini(15503): [getOption] getOption name='debug-eventManager-level' value=''.
10-31 15:09:50.412 D/base::Ini(15503): [getOption] getOption name='debug-eventManager-level' value=''.
10-31 15:09:50.412 D/base::Ini(15503): [getOption] getOption name='debug-eventManager-level' value=''.
10-31 15:09:50.412 D/base::Ini(15503): [getOption] getOption name='debug-eventManager-level' value=''.
10-31 15:09:50.412 D/base::Ini(15503): [getOption] getOption name='debug-eventManager-level' value=''.
10-31 15:09:50.412 D/base::Ini(15503): [getOption] getOption name='debug-eventManager-level' value=''.
10-31 15:09:50.412 D/base::Ini(15503): [getOption] getOption name='debug-eventManager-level' value=''.
10-31 15:09:50.412 D/base::Ini(15503): [getOption] getOption name='debug-eventManager-level' value=''.
10-31 15:09:50.412 D/base::Ini(15503): [getOption] getOption name='debug-netdev-level' value=''.
10-31 15:09:50.412 D/base::Ini(15503): [getOption] getOption name='debug-netdev-level' value=''.
10-31 15:09:50.412 D/base::Ini(15503): [getOption] getOption name='debug-netdev-level' value=''.
10-31 15:09:50.412 D/base::Ini(15503): [getOption] getOption name='debug-netdev-level' value=''.
10-31 15:09:50.412 D/base::Ini(15503): [getOption] getOption name='debug-eventManager-level' value=''.
10-31 15:09:50.412 D/base::Ini(15503): [getOption] getOption name='debug-eventManager-level' value=''.
10-31 15:09:50.412 D/base::Ini(15503): [getOption] getOption name='debug-eventManager-level' value=''.
10-31 15:09:50.412 D/base::Ini(15503): [getOption] getOption name='debug-eventManager-level' value=''.
10-31 15:09:50.412 D/base::Ini(15503): [getOption] getOption name='debug-eventManager-level' value=''.
10-31 15:09:50.412 D/base::Ini(15503): [getOption] getOption name='debug-eventManager-level' value=''.
10-31 15:09:50.412 D/base::Ini(15503): [getOption] getOption name='debug-eventManager-level' value=''.
10-31 15:09:50.412 D/base::Ini(15503): [getOption] getOption name='debug-eventManager-level' value=''.
10-31 15:09:50.413 D/base::Ini(15503): [getOption] getOption name='debug-eventManager-level' value=''.
10-31 15:09:50.413 D/base::Ini(15503): [getOption] getOption name='debug-eventManager-level' value=''.
10-31 15:09:50.413 D/base::Ini(15503): [getOption] getOption name='debug-eventManager-level' value=''.
10-31 15:09:50.413 D/base::Ini(15503): [getOption] getOption name='debug-eventManager-level' value=''.
10-31 15:09:50.413 D/base::Ini(15503): [getOption] getOption name='debug-eventManager-level' value=''.
10-31 15:09:50.413 D/base::Ini(15503): [getOption] getOption name='debug-eventManager-level' value=''.
10-31 15:09:50.413 D/base::Ini(15503): [getOption] getOption name='debug-eventManager-level' value=''.
10-31 15:09:50.413 D/base::Ini(15503): [getOption] getOption name='debug-eventManager-level' value=''.
10-31 15:09:50.610 D/ir_user ( 1587): PlayerTimeLineTrace:linux_keycode:0x6a(DOWN),	protocol: .
10-31 15:09:50.610 V/PT      ( 1583): >>INFO:irkey_task:[   17380.708003] /dev/input/event0: type=0001 code=006a val=00000001
10-31 15:09:50.610 V/PT      ( 1583): >>INFO:irkey_send:0x3001 0x0027 down
10-31 15:09:50.610 V/SUMA    ( 1583): ++++++++++++++  _roc_evtmgr_key_cbk 517:input = 12289, event=39, act=0x100
10-31 15:09:50.610 V/SUMA    ( 1583): lxm:_roc_evtmgr_key_cbk 519 17380708
10-31 15:09:50.611 V/SUMA    ( 1583): lxm:_roc_evtmgr_add_evt_into_queue 347 17380708
10-31 15:09:50.611 V/PT      ( 1583): >>INFO:irkey_task:[   17380.708003] /dev/input/event0: type=0000 code=0000 val=00000000
10-31 15:09:50.611 V/SUMA    ( 1583): ===================>> type=0 src=0 evt=39 act=0x100
10-31 15:09:50.611 V/SUMA    ( 1583): [sysset-s][event_manager_cbk 78]lxm cbid=1, cbk_reg=1, cpid=2452
10-31 15:09:50.611 D/NGBEvent( 2452): ngbEventCallBack type:0 source :39
10-31 15:09:50.611 D/NGBEvent( 2452): [NGBEventManager-JNI]-returning:1
10-31 15:09:50.611 D/NGBEvent( 2452): Input key event: keyCode=39
10-31 15:09:50.611 D/NGBEvent( 2452): src:39 = dest:39
10-31 15:09:50.611 I/System.out( 2452): [DEBUG EventManager] LWJ--Add event to java with evt=NgbEvent-[type = 1, subtype = 401, code = 39]
10-31 15:09:50.611 D/NGBEvent( 2452): [NGBEvent_log]--[EventManager--JNI]:		start
10-31 15:09:50.612 I/System.out( 2452): [DEBUG EventManager] broadcastEvent  :len 1
10-31 15:09:50.612 D/CombineKeyUtil( 2452): [TN_pool-1-thread-1]dealKeyEvent,combineIndex:-1:keyCode:22
10-31 15:09:50.612 D/KeyEventNgbDealer( 2452): [TN_pool-1-thread-1]handleKeyPressed keyEvent=NgbEvent-[type = 1, subtype = 401, code = 39],time=17380709
10-31 15:09:50.613 D/base::Ini(15503): [getOption] getOption name='debug-eventManager-level' value=''.
10-31 15:09:50.613 D/RemoteIME( 2347): onKeyDown event = KeyEvent { action=ACTION_DOWN, keyCode=KEYCODE_DPAD_RIGHT, scanCode=106, metaState=0, flags=0x8, repeatCount=0, eventTime=17380708, downTime=17380708, deviceId=3, source=0x701 },mSkbContainer=com.amlogic.inputmethod.remote.SkbContainer{6622968 VFE..... .F....ID 0,0-1280,300}
10-31 15:09:50.613 D/base::Ini(15503): [getOption] getOption name='debug-eventManager-level' value=''.
10-31 15:09:50.613 D/base::Ini(15503): [getOption] getOption name='debug-eventManager-level' value=''.
10-31 15:09:50.613 D/base::Ini(15503): [getOption] getOption name='debug-eventManager-level' value=''.
10-31 15:09:50.613 D/base::Ini(15503): [getOption] getOption name='debug-eventManager-level' value=''.
10-31 15:09:50.613 D/base::Ini(15503): [getOption] getOption name='debug-eventManager-level' value=''.
10-31 15:09:50.613 D/base::Ini(15503): [getOption] getOption name='debug-eventManager-level' value=''.
10-31 15:09:50.613 D/base::Ini(15503): [getOption] getOption name='debug-eventManager-level' value=''.
10-31 15:09:50.613 D/base::Ini(15503): [getOption] getOption name='debug-eventManager-level' value=''.
10-31 15:09:50.613 D/base::Ini(15503): [getOption] getOption name='debug-eventManager-level' value=''.
10-31 15:09:50.613 D/base::Ini(15503): [getOption] getOption name='debug-eventManager-level' value=''.
10-31 15:09:50.613 I/Advanced(15503): [QUEUE] share_queue_sendEx size:1 4097 8411 0x8eb349e8,postLoopId:0,dstid:1.
10-31 15:09:50.613 D/base::Ini(15503): [getOption] getOption name='debug-eventManager-level' value=''.
10-31 15:09:50.613 D/base::Ini(15503): [getOption] getOption name='debug-eventManager-level' value=''.
10-31 15:09:50.613 D/base::Ini(15503): [getOption] getOption name='debug-eventManager-level' value=''.
10-31 15:09:50.613 D/base::Ini(15503): [getOption] getOption name='debug-eventManager-level' value=''.
10-31 15:09:50.613 D/base::Ini(15503): [getOption] getOption name='debug-eventManager-level' value=''.
10-31 15:09:50.613 D/base::Ini(15503): [getOption] getOption name='debug-eventManager-level' value=''.
10-31 15:09:50.614 D/base::Ini(15503): [getOption] getOption name='debug-eventManager-level' value=''.
10-31 15:09:50.614 D/base::Ini(15503): [getOption] getOption name='debug-netdev-level' value=''.
10-31 15:09:50.614 D/base::Ini(15503): [getOption] getOption name='debug-netdev-level' value=''.
10-31 15:09:50.614 D/base::Ini(15503): [getOption] getOption name='debug-netdev-level' value=''.
10-31 15:09:50.614 D/base::Ini(15503): [getOption] getOption name='debug-netdev-level' value=''.
10-31 15:09:50.614 D/base::Ini(15503): [getOption] getOption name='debug-netdev-level' value=''.
10-31 15:09:50.614 D/base::Ini(15503): [getOption] getOption name='debug-netdev-level' value=''.
10-31 15:09:50.614 D/base::Ini(15503): [getOption] getOption name='debug-netdev-level' value=''.
10-31 15:09:50.614 D/base::Ini(15503): [getOption] getOption name='debug-netdev-level' value=''.
10-31 15:09:50.614 D/base::Ini(15503): [getOption] getOption name='debug-eventManager-level' value=''.
10-31 15:09:50.614 D/base::Ini(15503): [getOption] getOption name='debug-eventManager-level' value=''.
10-31 15:09:50.614 D/base::Ini(15503): [getOption] getOption name='debug-eventManager-level' value=''.
10-31 15:09:50.614 D/base::Ini(15503): [getOption] getOption name='debug-eventManager-level' value=''.
10-31 15:09:50.614 D/base::Ini(15503): [getOption] getOption name='debug-eventManager-level' value=''.
10-31 15:09:50.614 D/base::Ini(15503): [getOption] getOption name='debug-eventManager-level' value=''.
10-31 15:09:50.614 D/base::Ini(15503): [getOption] getOption name='debug-eventManager-level' value=''.
10-31 15:09:50.614 D/base::Ini(15503): [getOption] getOption name='debug-eventManager-level' value=''.
10-31 15:09:50.614 D/base::Ini(15503): [getOption] getOption name='debug-eventManager-level' value=''.
10-31 15:09:50.614 D/base::Ini(15503): [getOption] getOption name='debug-eventManager-level' value=''.
10-31 15:09:50.614 D/base::Ini(15503): [getOption] getOption name='debug-eventManager-level' value=''.
10-31 15:09:50.614 D/base::Ini(15503): [getOption] getOption name='debug-eventManager-level' value=''.
10-31 15:09:50.614 D/base::Ini(15503): [getOption] getOption name='debug-eventManager-level' value=''.
10-31 15:09:50.614 D/base::Ini(15503): [getOption] getOption name='debug-eventManager-level' value=''.
10-31 15:09:50.614 D/base::Ini(15503): [getOption] getOption name='debug-eventManager-level' value=''.
10-31 15:09:50.614 D/base::Ini(15503): [getOption] getOption name='debug-eventManager-level' value=''.
10-31 15:09:50.615 D/cr_AwTestContainerView(15503): [AwTestContainerView.java:63] [mainFrame]: [2017-10-30 16:44:42] dispatchKeyEvent keyCode = 22 event = KeyEvent { action=ACTION_DOWN, keyCode=KEYCODE_DPAD_RIGHT, scanCode=106, metaState=0, flags=0x8, repeatCount=0, eventTime=17380708, downTime=17380708, deviceId=3, source=0x701 }
10-31 15:09:50.615 D/ImeAdapterAndroid(15503): [SendKeyEvent] [BUILD TIME: ] dispatchKeyEvent key_code=22 modifiers=0 unicode_char=0 scan_code=106 is_system=0 tm=17380708
10-31 15:09:50.616 D/RenderWidgetInputHandler(15503): [HandleInputEvent] input_event type=8 name=KeyDown
10-31 15:09:50.616 D/RenderWidgetInputHandler(15503): [HandleInputEvent] input_event type=8 prevent_default:0
10-31 15:09:50.616 D/WebViewImpl(15503): [handleKeyEvent] keycode:39, eventType:8 native keycode:22 frame=0x495a9820. url='http://10.14.41.246/application/bxfc/sec/index.htm'.
10-31 15:09:50.616 D/[blink]KeyboardEventManager(15503): [keyEvent] initialKeyEvent KeyDown nativeKeyCode=22 windowsKeyCode=39 text[0]=0
10-31 15:09:50.616 D/[blink]KeyboardEventManager(15503): [keyEvent] initialKeyEvent focusedNode=0x0
10-31 15:09:50.616 D/V8ScriptRunner(15503): [callFunction] start. frame = 0x495a9820 function: eventHandler url: http://10.14.41.246/application/bxfc/sec/index.htm line: 133
10-31 15:09:50.616 D/base::KeyConverter(15503): [get] convert 22 => -1.
10-31 15:09:50.618 D/V8ScriptRunner(15503): [callFunction] end. frame = 0x495a9820 function: eventHandler url: http://10.14.41.246/application/bxfc/sec/index.htm line: 133
10-31 15:09:50.618 D/[blink]KeyboardEventManager(15503): [keyEvent] dispatchResult = CanceledByEventHandler
10-31 15:09:50.724 D/BackBootDealerNeimeng( 2389): standbyState:
10-31 15:09:50.725 E/NetUtils( 2020): Interface eth0 LinkDown!
10-31 15:09:50.731 I/AdvancedPorting-PORT_MODULE_NET(15503): network_task while... 
10-31 15:09:50.731 I/AdvancedPorting-PORT_MODULE_NET(15503): 0 interface name: lo
10-31 15:09:50.731 I/AdvancedPorting-PORT_MODULE_NET(15503): 1 interface name: wlan0
10-31 15:09:50.731 I/AdvancedPorting-PORT_MODULE_NET(15503): First interface name: lo
10-31 15:09:50.731 I/AdvancedPorting-PORT_MODULE_NET(15503): network_task while...  net_i:1
10-31 15:09:50.731 I/AdvancedPorting-PORT_MODULE_NET(15503): network_task while---name_interface[0]=lo
10-31 15:09:50.731 I/AdvancedPorting-PORT_MODULE_NET(15503): network_task while---name_interface[1]=wlan0
10-31 15:09:50.731 I/AdvancedPorting-PORT_MODULE_NET(15503): network_task while---interface_name=wlan0
10-31 15:09:50.731 I/AdvancedPorting-PORT_MODULE_NET(15503): network_get_netlink_status(in)--if_name=wlan0
10-31 15:09:50.731 I/AdvancedPorting-PORT_MODULE_NET(15503): net.network.isconnected = no
10-31 15:09:50.731 I/AdvancedPorting-PORT_MODULE_NET(15503): wlan0 --network_get_netlink_status return retval=1
10-31 15:09:50.731 I/AdvancedPorting-PORT_MODULE_NET(15503): stat = 1 last_status = 1
10-31 15:09:50.814 D/base::Ini(15503): [getOption] getOption name='debug-eventManager-level' value=''.
10-31 15:09:50.814 D/base::Ini(15503): [getOption] getOption name='debug-eventManager-level' value=''.
10-31 15:09:50.814 D/base::Ini(15503): [getOption] getOption name='debug-eventManager-level' value=''.
10-31 15:09:50.814 D/base::Ini(15503): [getOption] getOption name='debug-eventManager-level' value=''.
10-31 15:09:50.814 D/base::Ini(15503): [getOption] getOption name='debug-eventManager-level' value=''.
10-31 15:09:50.814 D/base::Ini(15503): [getOption] getOption name='debug-eventManager-level' value=''.
10-31 15:09:50.814 D/base::Ini(15503): [getOption] getOption name='debug-eventManager-level' value=''.
10-31 15:09:50.814 D/base::Ini(15503): [getOption] getOption name='debug-eventManager-level' value=''.
10-31 15:09:50.814 D/base::Ini(15503): [getOption] getOption name='debug-eventManager-level' value=''.
10-31 15:09:50.814 D/base::Ini(15503): [getOption] getOption name='debug-eventManager-level' value=''.
10-31 15:09:50.814 D/base::Ini(15503): [getOption] getOption name='debug-eventManager-level' value=''.
10-31 15:09:50.814 D/base::Ini(15503): [getOption] getOption name='debug-netdev-level' value=''.
10-31 15:09:50.814 D/base::Ini(15503): [getOption] getOption name='debug-netdev-level' value=''.
10-31 15:09:50.814 D/base::Ini(15503): [getOption] getOption name='debug-netdev-level' value=''.
10-31 15:09:50.814 D/base::Ini(15503): [getOption] getOption name='debug-netdev-level' value=''.
10-31 15:09:50.820 D/ir_user ( 1587): PlayerTimeLineTrace:linux_keycode:0x6a(UP),	protocol: .
10-31 15:09:50.820 V/PT      ( 1583): >>INFO:irkey_task:[   17380.917604] /dev/input/event0: type=0001 code=006a val=00000000
10-31 15:09:50.820 V/PT      ( 1583): >>INFO:irkey_send:0x3001 0x0027 up  
10-31 15:09:50.820 V/SUMA    ( 1583): ++++++++++++++  _roc_evtmgr_key_cbk 517:input = 12289, event=39, act=0x400
10-31 15:09:50.820 V/SUMA    ( 1583): lxm:_roc_evtmgr_key_cbk 519 17380917
10-31 15:09:50.820 V/SUMA    ( 1583): lxm:_roc_evtmgr_add_key_into_queue 311 17380918
10-31 15:09:50.820 V/PT      ( 1583): >>INFO:irkey_task:[   17380.917604] /dev/input/event0: type=0000 code=0000 val=00000000
10-31 15:09:50.820 V/SUMA    ( 1583): ===================>> type=0 src=0 evt=39 act=0x400
10-31 15:09:50.820 V/SUMA    ( 1583): [sysset-s][event_manager_cbk 78]lxm cbid=1, cbk_reg=1, cpid=2452
10-31 15:09:50.821 D/NGBEvent( 2452): ngbEventCallBack type:0 source :39
10-31 15:09:50.821 D/NGBEvent( 2452): [NGBEventManager-JNI]-returning:1
10-31 15:09:50.821 D/NGBEvent( 2452): Input key event: keyCode=39
10-31 15:09:50.821 D/NGBEvent( 2452): src:39 = dest:39
10-31 15:09:50.821 I/System.out( 2452): [DEBUG EventManager] LWJ--Add event to java with evt=NgbEvent-[type = 1, subtype = 402, code = 39]
10-31 15:09:50.821 D/NGBEvent( 2452): [NGBEvent_log]--[EventManager--JNI]:		start
10-31 15:09:50.821 D/RemoteIME( 2347): RemoteIME--> onKeyUp keyCode = 22
10-31 15:09:50.821 I/System.out( 2452): [DEBUG EventManager] broadcastEvent  :len 1
10-31 15:09:50.821 D/KeyEventNgbDealer( 2452): [TN_pool-1-thread-1]handleKeyReleased keyEvent=NgbEvent-[type = 1, subtype = 402, code = 39],time=17380919
10-31 15:09:50.823 D/cr_AwTestContainerView(15503): [AwTestContainerView.java:63] [mainFrame]: [2017-10-30 16:44:42] dispatchKeyEvent keyCode = 22 event = KeyEvent { action=ACTION_UP, keyCode=KEYCODE_DPAD_RIGHT, scanCode=106, metaState=0, flags=0x8, repeatCount=0, eventTime=17380917, downTime=17380708, deviceId=3, source=0x701 }
10-31 15:09:50.823 D/ImeAdapterAndroid(15503): [SendKeyEvent] [BUILD TIME: ] dispatchKeyEvent key_code=22 modifiers=0 unicode_char=0 scan_code=106 is_system=0 tm=17380917
10-31 15:09:50.824 D/base::Ini(15503): [getOption] getOption name='debug-eventManager-level' value=''.
10-31 15:09:50.824 D/base::Ini(15503): [getOption] getOption name='debug-eventManager-level' value=''.
10-31 15:09:50.824 D/base::Ini(15503): [getOption] getOption name='debug-eventManager-level' value=''.
10-31 15:09:50.824 D/base::Ini(15503): [getOption] getOption name='debug-eventManager-level' value=''.
10-31 15:09:50.824 D/base::Ini(15503): [getOption] getOption name='debug-eventManager-level' value=''.
10-31 15:09:50.824 D/base::Ini(15503): [getOption] getOption name='debug-eventManager-level' value=''.
10-31 15:09:50.824 D/base::Ini(15503): [getOption] getOption name='debug-eventManager-level' value=''.
10-31 15:09:50.824 D/RenderWidgetInputHandler(15503): [HandleInputEvent] input_event type=9 name=KeyUp
10-31 15:09:50.824 D/base::Ini(15503): [getOption] getOption name='debug-eventManager-level' value=''.
10-31 15:09:50.824 D/RenderWidgetInputHandler(15503): [HandleInputEvent] input_event type=9 prevent_default:0
10-31 15:09:50.824 D/base::Ini(15503): [getOption] getOption name='debug-eventManager-level' value=''.
10-31 15:09:50.825 D/base::Ini(15503): [getOption] getOption name='debug-eventManager-level' value=''.
10-31 15:09:50.825 D/WebViewImpl(15503): [handleKeyEvent] keycode:39, eventType:9 native keycode:22 frame=0x495a9820. url='http://10.14.41.246/application/bxfc/sec/index.htm'.
10-31 15:09:50.825 D/[blink]KeyboardEventManager(15503): [keyEvent] initialKeyEvent KeyUp nativeKeyCode=22 windowsKeyCode=39 text[0]=0
10-31 15:09:50.825 D/[blink]KeyboardEventManager(15503): [keyEvent] initialKeyEvent focusedNode=0x0
10-31 15:09:50.825 D/base::Ini(15503): [getOption] getOption name='debug-netdev-level' value=''.
10-31 15:09:50.825 D/base::Ini(15503): [getOption] getOption name='debug-netdev-level' value=''.
10-31 15:09:50.825 D/base::Ini(15503): [getOption] getOption name='debug-netdev-level' value=''.
10-31 15:09:50.825 D/base::Ini(15503): [getOption] getOption name='debug-netdev-level' value=''.
10-31 15:09:50.825 D/base::Ini(15503): [getOption] getOption name='debug-eventManager-level' value=''.
10-31 15:09:50.825 D/base::Ini(15503): [getOption] getOption name='debug-eventManager-level' value=''.
10-31 15:09:50.825 D/base::Ini(15503): [getOption] getOption name='debug-eventManager-level' value=''.
10-31 15:09:50.825 D/base::Ini(15503): [getOption] getOption name='debug-eventManager-level' value=''.
10-31 15:09:50.825 D/base::Ini(15503): [getOption] getOption name='debug-eventManager-level' value=''.
10-31 15:09:50.825 D/base::Ini(15503): [getOption] getOption name='debug-eventManager-level' value=''.
10-31 15:09:50.825 D/base::Ini(15503): [getOption] getOption name='debug-eventManager-level' value=''.
10-31 15:09:50.825 D/base::Ini(15503): [getOption] getOption name='debug-eventManager-level' value=''.
10-31 15:09:50.825 D/base::Ini(15503): [getOption] getOption name='debug-eventManager-level' value=''.
10-31 15:09:50.825 D/base::Ini(15503): [getOption] getOption name='debug-eventManager-level' value=''.
10-31 15:09:50.825 D/base::Ini(15503): [getOption] getOption name='debug-eventManager-level' value=''.
10-31 15:09:50.825 D/base::Ini(15503): [getOption] getOption name='debug-eventManager-level' value=''.
10-31 15:09:50.825 D/base::Ini(15503): [getOption] getOption name='debug-eventManager-level' value=''.
10-31 15:09:50.826 D/base::Ini(15503): [getOption] getOption name='debug-eventManager-level' value=''.
10-31 15:09:50.826 D/base::Ini(15503): [getOption] getOption name='debug-eventManager-level' value=''.
10-31 15:09:50.826 D/base::Ini(15503): [getOption] getOption name='debug-eventManager-level' value=''.
10-31 15:09:51.025 D/base::Ini(15503): [getOption] getOption name='debug-eventManager-level' value=''.
10-31 15:09:51.025 D/base::Ini(15503): [getOption] getOption name='debug-eventManager-level' value=''.
10-31 15:09:51.025 D/base::Ini(15503): [getOption] getOption name='debug-eventManager-level' value=''.
10-31 15:09:51.025 D/base::Ini(15503): [getOption] getOption name='debug-eventManager-level' value=''.
10-31 15:09:51.025 D/base::Ini(15503): [getOption] getOption name='debug-eventManager-level' value=''.
10-31 15:09:51.025 D/base::Ini(15503): [getOption] getOption name='debug-eventManager-level' value=''.
10-31 15:09:51.025 D/base::Ini(15503): [getOption] getOption name='debug-eventManager-level' value=''.
10-31 15:09:51.025 D/base::Ini(15503): [getOption] getOption name='debug-eventManager-level' value=''.
10-31 15:09:51.025 D/base::Ini(15503): [getOption] getOption name='debug-eventManager-level' value=''.
10-31 15:09:51.025 D/base::Ini(15503): [getOption] getOption name='debug-eventManager-level' value=''.
10-31 15:09:51.025 D/base::Ini(15503): [getOption] getOption name='debug-eventManager-level' value=''.
10-31 15:09:51.025 D/base::Ini(15503): [getOption] getOption name='debug-netdev-level' value=''.
10-31 15:09:51.025 D/base::Ini(15503): [getOption] getOption name='debug-netdev-level' value=''.
10-31 15:09:51.025 D/base::Ini(15503): [getOption] getOption name='debug-netdev-level' value=''.
10-31 15:09:51.025 D/base::Ini(15503): [getOption] getOption name='debug-netdev-level' value=''.
10-31 15:09:51.035 D/base::Ini(15503): [getOption] getOption name='debug-eventManager-level' value=''.
10-31 15:09:51.035 D/base::Ini(15503): [getOption] getOption name='debug-eventManager-level' value=''.
10-31 15:09:51.035 D/base::Ini(15503): [getOption] getOption name='debug-eventManager-level' value=''.
10-31 15:09:51.035 D/base::Ini(15503): [getOption] getOption name='debug-eventManager-level' value=''.
10-31 15:09:51.036 D/base::Ini(15503): [getOption] getOption name='debug-eventManager-level' value=''.
10-31 15:09:51.036 D/base::Ini(15503): [getOption] getOption name='debug-eventManager-level' value=''.
10-31 15:09:51.036 D/base::Ini(15503): [getOption] getOption name='debug-eventManager-level' value=''.
10-31 15:09:51.036 D/base::Ini(15503): [getOption] getOption name='debug-eventManager-level' value=''.
10-31 15:09:51.036 D/base::Ini(15503): [getOption] getOption name='debug-eventManager-level' value=''.
10-31 15:09:51.036 D/base::Ini(15503): [getOption] getOption name='debug-eventManager-level' value=''.
10-31 15:09:51.036 D/base::Ini(15503): [getOption] getOption name='debug-netdev-level' value=''.
10-31 15:09:51.036 D/base::Ini(15503): [getOption] getOption name='debug-netdev-level' value=''.
10-31 15:09:51.036 D/base::Ini(15503): [getOption] getOption name='debug-netdev-level' value=''.
10-31 15:09:51.036 D/base::Ini(15503): [getOption] getOption name='debug-netdev-level' value=''.
10-31 15:09:51.036 D/base::Ini(15503): [getOption] getOption name='debug-eventManager-level' value=''.
10-31 15:09:51.036 D/base::Ini(15503): [getOption] getOption name='debug-eventManager-level' value=''.
10-31 15:09:51.036 D/base::Ini(15503): [getOption] getOption name='debug-eventManager-level' value=''.
10-31 15:09:51.036 D/base::Ini(15503): [getOption] getOption name='debug-eventManager-level' value=''.
10-31 15:09:51.036 D/base::Ini(15503): [getOption] getOption name='debug-eventManager-level' value=''.
10-31 15:09:51.036 D/base::Ini(15503): [getOption] getOption name='debug-eventManager-level' value=''.
10-31 15:09:51.036 D/base::Ini(15503): [getOption] getOption name='debug-eventManager-level' value=''.
10-31 15:09:51.036 D/base::Ini(15503): [getOption] getOption name='debug-eventManager-level' value=''.
10-31 15:09:51.036 D/base::Ini(15503): [getOption] getOption name='debug-eventManager-level' value=''.
10-31 15:09:51.036 D/base::Ini(15503): [getOption] getOption name='debug-eventManager-level' value=''.
10-31 15:09:51.036 D/base::Ini(15503): [getOption] getOption name='debug-eventManager-level' value=''.
10-31 15:09:51.036 D/base::Ini(15503): [getOption] getOption name='debug-eventManager-level' value=''.
10-31 15:09:51.036 D/base::Ini(15503): [getOption] getOption name='debug-eventManager-level' value=''.
10-31 15:09:51.036 D/base::Ini(15503): [getOption] getOption name='debug-eventManager-level' value=''.
10-31 15:09:51.036 D/base::Ini(15503): [getOption] getOption name='debug-eventManager-level' value=''.
10-31 15:09:51.037 D/base::Ini(15503): [getOption] getOption name='debug-eventManager-level' value=''.
10-31 15:09:51.226 D/BackBootDealerNeimeng( 2389): standbyState:
10-31 15:09:51.226 E/NetUtils( 2020): Interface eth0 LinkDown!
10-31 15:09:51.236 D/base::Ini(15503): [getOption] getOption name='debug-eventManager-level' value=''.
10-31 15:09:51.236 D/base::Ini(15503): [getOption] getOption name='debug-eventManager-level' value=''.
10-31 15:09:51.236 D/base::Ini(15503): [getOption] getOption name='debug-eventManager-level' value=''.
10-31 15:09:51.236 D/base::Ini(15503): [getOption] getOption name='debug-eventManager-level' value=''.
10-31 15:09:51.236 D/base::Ini(15503): [getOption] getOption name='debug-eventManager-level' value=''.
