10-31 18:42:54.852 V/SUMA    ( 1582): ++++++++++++++  _roc_evtmgr_key_cbk 517:input = 12289, event=39, act=0x100
10-31 18:42:54.852 V/SUMA    ( 1582): lxm:_roc_evtmgr_key_cbk 519 186088
10-31 18:42:54.852 V/SUMA    ( 1582): lxm:_roc_evtmgr_add_evt_into_queue 347 186088
10-31 18:42:54.852 V/PT      ( 1582): >>INFO:irkey_task:[     186.088308] /dev/input/event0: type=0000 code=0000 val=00000000
10-31 18:42:54.852 D/ir_user ( 1586): PlayerTimeLineTrace:linux_keycode:0x6a(DOWN),	protocol: .
10-31 18:42:54.852 V/SUMA    ( 1582): ===================>> type=0 src=0 evt=39 act=0x100
10-31 18:42:54.853 V/SUMA    ( 1582): [sysset-s][event_manager_cbk 78]lxm cbid=1, cbk_reg=1, cpid=2450
10-31 18:42:54.853 D/NGBEvent( 2450): ngbEventCallBack type:0 source :39
10-31 18:42:54.853 D/NGBEvent( 2450): [NGBEventManager-JNI]-returning:1
10-31 18:42:54.853 D/NGBEvent( 2450): Input key event: keyCode=39
10-31 18:42:54.853 D/NGBEvent( 2450): src:39 = dest:39
10-31 18:42:54.853 I/System.out( 2450): [DEBUG EventManager] LWJ--Add event to java with evt=NgbEvent-[type = 1, subtype = 401, code = 39]
10-31 18:42:54.854 D/NGBEvent( 2450): [NGBEvent_log]--[EventManager--JNI]:		start
10-31 18:42:54.854 D/RemoteIME( 2342): onKeyDown event = KeyEvent { action=ACTION_DOWN, keyCode=KEYCODE_DPAD_RIGHT, scanCode=106, metaState=0, flags=0x8, repeatCount=0, eventTime=186088, downTime=186088, deviceId=3, source=0x701 },mSkbContainer=null
10-31 18:42:54.854 I/System.out( 2450): [DEBUG EventManager] broadcastEvent  :len 1
10-31 18:42:54.854 D/CombineKeyUtil( 2450): [TN_pool-1-thread-1]dealKeyEvent,combineIndex:-1:keyCode:22
10-31 18:42:54.854 D/Main3DActivity( 2495): [TN_main]dispatchKeyEvent event=KeyEvent { action=ACTION_DOWN, keyCode=KEYCODE_DPAD_RIGHT, scanCode=106, metaState=0, flags=0x8, repeatCount=0, eventTime=186088, downTime=186088, deviceId=3, source=0x701 },isEventAble=true
10-31 18:42:54.854 D/KeyEventNgbDealer( 2450): [TN_pool-1-thread-1]handleKeyPressed keyEvent=NgbEvent-[type = 1, subtype = 401, code = 39],time=186090
10-31 18:42:54.854 D/BasicRootView( 2495): [TN_main]dispatchKeyEvent event=KeyEvent { action=ACTION_DOWN, keyCode=KEYCODE_DPAD_RIGHT, scanCode=106, metaState=0, flags=0x8, repeatCount=0, eventTime=186088, downTime=186088, deviceId=3, source=0x701 },curRootPanel=com.suma.midware.home.third.a.a@395c748b
10-31 18:42:54.854 D/GLRootRenderer( 2495): dispatchKeyEvent event:KeyEvent { action=ACTION_DOWN, keyCode=KEYCODE_DPAD_RIGHT, scanCode=106, metaState=0, flags=0x8, repeatCount=0, eventTime=186088, downTime=186088, deviceId=3, source=0x701 }:lastKeyCode:19:lastKeyAction:0:lastkeycount:0:size:0
10-31 18:42:54.855 D/Scene   ( 2495): dispatchKeyEvent event:KeyEvent { action=ACTION_DOWN, keyCode=KEYCODE_DPAD_RIGHT, scanCode=106, metaState=0, flags=0x8, repeatCount=0, eventTime=186088, downTime=186088, deviceId=3, source=0x701 }
10-31 18:42:54.855 D/Scene   ( 2495): dispatchKeyEvent currentFocus = com.suma.midware.view.b.d.b@224f8388
10-31 18:42:54.855 D/Scene   ( 2495): dispatchKeyEvent nextFocus:null
10-31 18:42:54.855 D/BasicColumn( 2495): [TN_GLThread 73]dealKeyEvent event=KeyEvent { action=ACTION_DOWN, keyCode=KEYCODE_DPAD_RIGHT, scanCode=106, metaState=0, flags=0x8, repeatCount=0, eventTime=186088, downTime=186088, deviceId=3, source=0x701 }
10-31 18:42:54.856 D/BasicColumn( 2495): [TN_GLThread 73]movePanelFocus index=0,nextIndex=1
10-31 18:42:54.856 E/BasicColumn( 2495): [TN_GLThread 73]dealPanelAnim illegal size=7,moveDistance=0
10-31 18:42:54.856 D/FixedRes( 2495): [TN_GLThread 73]getNineImgRes nineImgSize=2
10-31 18:42:54.859 D/BasicColumn( 2495): [TN_GLThread 73]dealFocusAnim x=-279.000,y=10.0000,scaleX=0.940075,scaleY=1.00000
10-31 18:42:54.859 D/HomePanel( 2495): [TN_GLThread 73]switchBasicPanel index=0,nextIndex=1,isTitleFocus=true
10-31 18:42:54.860 D/PlayTask( 2495): [TN_GLThread 73]isLegal playerType=-1,view=com.suma.midware.view.widget2d.CustomSurfaceView{2940147c V.E..... ........ 49,141-498,393}
10-31 18:42:54.860 D/PlayerManager( 2495): [TN_GLThread 73]addPlayTask playTask=[PlayDirectTask@73c0707]playTaskType[1]playType[0]playerType[-1]isEcmSet[false]playerIndex[0]tunerIndex[0]channel[[DirectChannel@32501b]channelID[0]oNetID[1]tsID[31]serviceID[3102]freq[371000]name[CCTV-1高清]serviceType[8]attr[24576]serialNum[1]serialNum4[1]pcrPID[49]refServiceID[-1]],state=0
10-31 18:42:54.861 D/PlayNgbDealer( 2385): [TN_Binder_1]findPlayer index=0,findType=0,channelIndex=0
10-31 18:42:54.861 D/PlayNgbDealer( 2385): [TN_Binder_1]canelPlayAsyTask index=0,playerInfo=[PlayerInfo@23ef1537]index[0]id[0]userPID[2495]playerState[2]isVideoPlay[false]isAudioPlay[false]isGetting[false]bChannel[[DirectChannel@32501b]channelID[0]oNetID[1]tsID[31]serviceID[3102]freq[371000]name[CCTV-1高清]serviceType[8]attr[24576]serialNum[1]serialNum4[1]pcrPID[49]refServiceID[-1]]retrieverTime[-1]playTime[24993]dataInfo[[DataInfo@3e7ce00d]playUrl[dvb://1.1f.c1e?apid=34&atype=6&vpid=32&vtype=1b&pcrpid=31&freq=371000]rect[Rect(49, 141 - 498, 393)]channel[[DirectChannel@32501b]channelID[0]oNetID[1]tsID[31]serviceID[3102]freq[371000]name[CCTV-1高清]serviceType[8]attr[24576]serialNum[1]serialNum4[1]pcrPID[49]refServiceID[-1]]],siRequest=null
10-31 18:42:54.861 D/PlayExcuter( 2495): [TN_GLThread 73]notifyPlay type=1,curType=-2,cancelType=-1,cancelVideoType=-1,isResetData=false,task=[PlayDirectTask@73c0707]playTaskType[1]playType[0]playerType[-1]isEcmSet[false]playerIndex[0]tunerIndex[0]channel[[DirectChannel@32501b]channelID[0]oNetID[1]tsID[31]serviceID[3102]freq[371000]name[CCTV-1高清]serviceType[8]attr[24576]serialNum[1]serialNum4[1]pcrPID[49]refServiceID[-1]],this.task=null,indexs=null
10-31 18:42:54.862 D/PlayExcuter( 2495): [TN_GLThread 73]mergeTask sourceTask=null,destiTask=[PlayDirectTask@73c0707]playTaskType[1]playType[0]playerType[-1]isEcmSet[false]playerIndex[0]tunerIndex[0]channel[[DirectChannel@32501b]channelID[0]oNetID[1]tsID[31]serviceID[3102]freq[371000]name[CCTV-1高清]serviceType[8]attr[24576]serialNum[1]serialNum4[1]pcrPID[49]refServiceID[-1]]
10-31 18:42:54.862 D/PlayExcuter( 2495): [TN_ThreadUtil-2]excuteTask task=[PlayDirectTask@73c0707]playTaskType[1]playType[0]playerType[-1]isEcmSet[false]playerIndex[0]tunerIndex[0]channel[[DirectChannel@32501b]channelID[0]oNetID[1]tsID[31]serviceID[3102]freq[371000]name[CCTV-1高清]serviceType[8]attr[24576]serialNum[1]serialNum4[1]pcrPID[49]refServiceID[-1]]
10-31 18:42:54.862 D/PlayExcuter( 2495): [TN_ThreadUtil-2]excuteTask curExcuter=com.suma.midware.prop.play.PlayDirectExcuter@28232e5d
10-31 18:42:54.863 D/PlayDirectExcuter( 2495): [TN_ThreadUtil-2]stop task=[PlayDirectTask@73c0707]playTaskType[1]playType[0]playerType[-1]isEcmSet[false]playerIndex[0]tunerIndex[0]channel[[DirectChannel@32501b]channelID[0]oNetID[1]tsID[31]serviceID[3102]freq[371000]name[CCTV-1高清]serviceType[8]attr[24576]serialNum[1]serialNum4[1]pcrPID[49]refServiceID[-1]],curType=-1
10-31 18:42:54.863 D/BasicPanel( 2495): [TN_GLThread 73]onBasicPanelChange isShow=false,isTitleFocus=true,isRight=true,animCmd=com.suma.midware.view.b.d.c@151d5034,rightBoard=1834.00,rightGas=40.0000,leftBoard=88.0000,xOffset=0.00000
10-31 18:42:54.863 D/PlayNgbDealer( 2385): [TN_Binder_4]setPlayerChannel index=0,channelIndex=0
10-31 18:42:54.863 D/PlayNgbDealer( 2385): [TN_Binder_4]findPlayer index=0,findType=0,channelIndex=0
10-31 18:42:54.863 D/PlayExcuter( 2495): [TN_ThreadUtil-2]dealStop task=[PlayDirectTask@73c0707]playTaskType[1]playType[0]playerType[-1]isEcmSet[false]playerIndex[0]tunerIndex[0]channel[[DirectChannel@32501b]channelID[0]oNetID[1]tsID[31]serviceID[3102]freq[371000]name[CCTV-1高清]serviceType[8]attr[24576]serialNum[1]serialNum4[1]pcrPID[49]refServiceID[-1]],curType=-1,playDealer=com.suma.midware.prop.play.b@20b7fc68
10-31 18:42:54.863 D/PlayNgbDealer( 2385): [TN_Binder_3]playStop index=0,stopType=0,stopMode=1,isEcmSet=false,isCaRelease=false,isStreamReset=true
10-31 18:42:54.863 D/PlayNgbDealer( 2385): [TN_Binder_3]findPlayer index=0,findType=0,channelIndex=0
10-31 18:42:54.863 D/Media   ( 2385): ^^^^player setStopMode.
10-31 18:42:54.863 D/BasicPanel( 2495): [TN_GLThread 73]onBasicPanelChange isShow=true,isTitleFocus=true,isRight=true,animCmd=com.suma.midware.view.b.d.c@151d5034,rightBoard=1863.00,rightGas=40.0000,leftBoard=88.0000,xOffset=0.00000
10-31 18:42:54.864 V/SUMA    ( 1582): [NGBM] ngb_media_player_set_video_stop_mode enter !!! hplayer=0xff0000
10-31 18:42:54.864 V/SUMA    ( 1582): [NGBM] ngb_media_player_set_video_stop_mode leave hplayer=0xff0000 ret=0 mode=1
10-31 18:42:54.864 I/System.out( 2385): [ERROR MediaSelectControlImpl] empty param stopping!
10-31 18:42:54.864 D/Media   ( 2385): ^^^^player stop.
10-31 18:42:54.864 D/BasicPanel( 2495): [TN_GLThread 73]onBasicPanelChangeStart isShow:false:isRight:true:basicPanel:com.suma.midware.view.b.d.d@389ebd80
10-31 18:42:54.864 V/SUMA    ( 1582): [NGBM] ngb_media_player_stop enter !!! hplayer=0xff0000
10-31 18:42:54.864 V/SUMA    ( 1582): [NGBM] context_resman_stop Roc_Timer_Stop !!!
10-31 18:42:54.864 D/HomePanel( 2495): [TN_GLThread 73]onBasicPanelChange basicPanel=com.suma.midware.view.b.d.d@389ebd80,isShow=false,isStart=true,isRight=true
10-31 18:42:54.864 V/SUMA    ( 1582): [NGBM] context_resman_stop context_resman_stop mode=1 !!!
10-31 18:42:54.864 V/PT      ( 1582): >> HI3798C_INFO:rocme_porting_video_stop- 
10-31 18:42:54.864 V/PT      ( 1582): _dvb_video_stop ok keep_last_pic=0
10-31 18:42:54.864 D/HomePanel( 2495): [TN_GLThread 73]onBasicPanelChange basicPanelIndex=0,xOffset=0.00000
10-31 18:42:54.864 V/PT      ( 1582): >>INFO:rocme_porting_av_modify_pid:SET aud_pid = 0x1fff 
10-31 18:42:54.864 V/PT      ( 1582): >>INFO:rocme_porting_av_modify_pid:SET vid_pid = 0x1fff 
10-31 18:42:54.864 V/PT      ( 1582): >>INFO:rocme_porting_av_modify_pid:SET pcr_pid = 0x1fff 
10-31 18:42:54.864 V/SUMA    ( 1582): [NGBM] ngb_media_player_stop leave hplayer=0x00ff0000 ret=0
10-31 18:42:54.864 V/SUMA    ( 1582): [NGBM] media_event_cbk ngbplayer[0xff0000] event=NGB_MEDIA_EVENT_STOP_SUCCESS
10-31 18:42:54.864 D/Media   ( 2385): ))))))))))))))((((ngb-media-player-event:19600010, 0
10-31 18:42:54.864 D/Media   ( 2385): [[[[[[[[[]]]]]]]]]]ngb-media-player-event:12b128a
10-31 18:42:54.864 D/PlayNgbDealer( 2385): [TN_MediaManager]onPlayerEvent index=0,event=org.ngb.media.PlayerEvent[source=class org.ngb.media.PlayerEvent]
10-31 18:42:54.865 D/BasicPanel( 2495): [TN_GLThread 73]onBasicPanelChangeStart isShow:true:isRight:true:basicPanel:com.suma.midware.view.b.d.d@a53dfb9
10-31 18:42:54.865 D/HomePanel( 2495): [TN_GLThread 73]onBasicPanelChange basicPanel=com.suma.midware.view.b.d.d@a53dfb9,isShow=true,isStart=true,isRight=true
10-31 18:42:54.865 D/PlayerHandler( 2385): [TN_MediaManager]sendPlayEvent index=0,type=3,reason=-1,rate=0.00000,size=1
10-31 18:42:54.865 D/HomePanel( 2495): [TN_GLThread 73]onBasicPanelChange basicPanelIndex=1,xOffset=0.00000
10-31 18:42:54.865 W/BasicRootPanel( 2495): [TN_GLThread 73]changeBgAttr coverImgRes null
10-31 18:42:54.865 D/ChannelHandler( 2495): [TN_main]processPlayEvent type=3,msgObj=-1
10-31 18:42:54.953 D/ir_user ( 1586): PlayerTimeLineTrace:linux_keycode:0x6a(UP),	protocol: .
10-31 18:42:54.953 V/PT      ( 1582): >>INFO:irkey_task:[     186.189442] /dev/input/event0: type=0001 code=006a val=00000000
10-31 18:42:54.953 V/PT      ( 1582): >>INFO:irkey_send:0x3001 0x0027 up  
10-31 18:42:54.953 V/SUMA    ( 1582): ++++++++++++++  _roc_evtmgr_key_cbk 517:input = 12289, event=39, act=0x400
10-31 18:42:54.953 V/SUMA    ( 1582): lxm:_roc_evtmgr_key_cbk 519 186189
10-31 18:42:54.953 V/SUMA    ( 1582): lxm:_roc_evtmgr_add_key_into_queue 311 186189
10-31 18:42:54.953 V/PT      ( 1582): >>INFO:irkey_task:[     186.189442] /dev/input/event0: type=0000 code=0000 val=00000000
10-31 18:42:54.953 V/SUMA    ( 1582): ===================>> type=0 src=0 evt=39 act=0x400
10-31 18:42:54.953 V/SUMA    ( 1582): [sysset-s][event_manager_cbk 78]lxm cbid=1, cbk_reg=1, cpid=2450
10-31 18:42:54.953 D/NGBEvent( 2450): ngbEventCallBack type:0 source :39
10-31 18:42:54.953 D/NGBEvent( 2450): [NGBEventManager-JNI]-returning:1
10-31 18:42:54.953 D/NGBEvent( 2450): Input key event: keyCode=39
10-31 18:42:54.953 D/NGBEvent( 2450): src:39 = dest:39
10-31 18:42:54.953 I/System.out( 2450): [DEBUG EventManager] LWJ--Add event to java with evt=NgbEvent-[type = 1, subtype = 402, code = 39]
10-31 18:42:54.953 D/NGBEvent( 2450): [NGBEvent_log]--[EventManager--JNI]:		start
10-31 18:42:54.953 I/System.out( 2450): [DEBUG EventManager] broadcastEvent  :len 1
10-31 18:42:54.954 D/KeyEventNgbDealer( 2450): [TN_pool-1-thread-1]handleKeyReleased keyEvent=NgbEvent-[type = 1, subtype = 402, code = 39],time=186190
10-31 18:42:54.954 D/RemoteIME( 2342): RemoteIME--> onKeyUp keyCode = 22
10-31 18:42:54.954 D/Main3DActivity( 2495): [TN_main]dispatchKeyEvent event=KeyEvent { action=ACTION_UP, keyCode=KEYCODE_DPAD_RIGHT, scanCode=106, metaState=0, flags=0x8, repeatCount=0, eventTime=186189, downTime=186088, deviceId=3, source=0x701 },isEventAble=false
10-31 18:42:54.966 D/BackBootDealerNeimeng( 2385): standbyState:
10-31 18:42:54.967 E/NetUtils( 2017): Interface eth0 LinkDown!
10-31 18:42:54.996 D/TextureManager( 2495): loadTexture name:panel_bg_full:textureID:169:recordSize:null
10-31 18:42:55.001 D/BasicFigure( 2495): [TN_GLThread 73]isDrawFocused relyElement=[BaseElement@3d27edaa]focusScale[1.15]elementAlpha[-1.0]refectAlpha[-1.0]isFocusAble[true]shadowIndex[-1]autoJumpType[-1]uniqueID[54resSize0]rect[NULL]
10-31 18:42:55.001 D/BasicFigure( 2495): [TN_GLThread 73]isDrawFocused basicFigure=com.suma.midware.view.b.c.c@2fe62d9b
10-31 18:42:55.006 D/BasicRootPanel( 2495): [TN_GLThread 73]getTVFigure curBasicPanel=com.suma.midware.view.b.d.d@a53dfb9
10-31 18:42:55.006 D/FixedRes( 2495): [TN_GLThread 73]getTVNoteTexture tvNoteType=3,tvNoteSubType=0
10-31 18:42:55.007 D/BasicPanel( 2495): [TN_GLThread 73]onBasicPanelChangeEnd isShow:false:isRight:true:basicPanel:com.suma.midware.view.b.d.d@389ebd80
10-31 18:42:55.007 D/HomePanel( 2495): [TN_GLThread 73]onBasicPanelChange basicPanel=com.suma.midware.view.b.d.d@389ebd80,isShow=false,isStart=false,isRight=true
10-31 18:42:55.007 D/HomePanel( 2495): [TN_GLThread 73]onBasicPanelChange basicPanelIndex=0,xOffset=0.00000
10-31 18:42:55.007 D/BasicPanel( 2495): [TN_GLThread 73]onBasicPanelChangeEnd isShow:true:isRight:true:basicPanel:com.suma.midware.view.b.d.d@a53dfb9
10-31 18:42:55.007 D/HomePanel( 2495): [TN_GLThread 73]onBasicPanelChange basicPanel=com.suma.midware.view.b.d.d@a53dfb9,isShow=true,isStart=false,isRight=true
10-31 18:42:55.007 D/HomePanel( 2495): [TN_GLThread 73]onBasicPanelChange basicPanelIndex=1,xOffset=0.00000
10-31 18:42:55.011 D/BasicFigure( 2495): [TN_GLThread 73]isDrawFocused relyElement=[BaseElement@3d27edaa]focusScale[1.15]elementAlpha[-1.0]refectAlpha[-1.0]isFocusAble[true]shadowIndex[-1]autoJumpType[-1]uniqueID[54resSize0]rect[NULL]
10-31 18:42:55.011 D/BasicFigure( 2495): [TN_GLThread 73]isDrawFocused basicFigure=com.suma.midware.view.b.c.c@2fe62d9b
10-31 18:42:55.023 D/BasicFigure( 2495): [TN_GLThread 73]isDrawFocused relyElement=[BaseElement@3d27edaa]focusScale[1.15]elementAlpha[-1.0]refectAlpha[-1.0]isFocusAble[true]shadowIndex[-1]autoJumpType[-1]uniqueID[54resSize0]rect[NULL]
10-31 18:42:55.023 D/BasicFigure( 2495): [TN_GLThread 73]isDrawFocused basicFigure=com.suma.midware.view.b.c.c@2fe62d9b
10-31 18:42:55.119 D/ir_user ( 1586): PlayerTimeLineTrace:linux_keycode:0x6a(DOWN),	protocol: .
10-31 18:42:55.119 V/PT      ( 1582): >>INFO:irkey_task:[     186.355869] /dev/input/event0: type=0001 code=006a val=00000001
10-31 18:42:55.120 V/PT      ( 1582): >>INFO:irkey_send:0x3001 0x0027 down
10-31 18:42:55.120 V/SUMA    ( 1582): ++++++++++++++  _roc_evtmgr_key_cbk 517:input = 12289, event=39, act=0x100
10-31 18:42:55.120 V/SUMA    ( 1582): lxm:_roc_evtmgr_key_cbk 519 186356
10-31 18:42:55.120 V/SUMA    ( 1582): lxm:_roc_evtmgr_add_evt_into_queue 347 186356
10-31 18:42:55.120 V/PT      ( 1582): >>INFO:irkey_task:[     186.355869] /dev/input/event0: type=0000 code=0000 val=00000000
10-31 18:42:55.120 V/SUMA    ( 1582): ===================>> type=0 src=0 evt=39 act=0x100
10-31 18:42:55.120 V/SUMA    ( 1582): [sysset-s][event_manager_cbk 78]lxm cbid=1, cbk_reg=1, cpid=2450
10-31 18:42:55.120 D/NGBEvent( 2450): ngbEventCallBack type:0 source :39
10-31 18:42:55.120 D/NGBEvent( 2450): [NGBEventManager-JNI]-returning:1
10-31 18:42:55.120 D/NGBEvent( 2450): Input key event: keyCode=39
10-31 18:42:55.121 D/NGBEvent( 2450): src:39 = dest:39
10-31 18:42:55.121 I/System.out( 2450): [DEBUG EventManager] LWJ--Add event to java with evt=NgbEvent-[type = 1, subtype = 401, code = 39]
10-31 18:42:55.121 D/NGBEvent( 2450): [NGBEvent_log]--[EventManager--JNI]:		start
10-31 18:42:55.121 I/System.out( 2450): [DEBUG EventManager] broadcastEvent  :len 1
10-31 18:42:55.121 D/CombineKeyUtil( 2450): [TN_pool-1-thread-1]dealKeyEvent,combineIndex:-1:keyCode:22
10-31 18:42:55.121 D/KeyEventNgbDealer( 2450): [TN_pool-1-thread-1]handleKeyPressed keyEvent=NgbEvent-[type = 1, subtype = 401, code = 39],time=186357
10-31 18:42:55.122 D/RemoteIME( 2342): onKeyDown event = KeyEvent { action=ACTION_DOWN, keyCode=KEYCODE_DPAD_RIGHT, scanCode=106, metaState=0, flags=0x8, repeatCount=0, eventTime=186355, downTime=186355, deviceId=3, source=0x701 },mSkbContainer=null
10-31 18:42:55.123 D/Main3DActivity( 2495): [TN_main]dispatchKeyEvent event=KeyEvent { action=ACTION_DOWN, keyCode=KEYCODE_DPAD_RIGHT, scanCode=106, metaState=0, flags=0x8, repeatCount=0, eventTime=186355, downTime=186355, deviceId=3, source=0x701 },isEventAble=true
10-31 18:42:55.123 D/InputEventConsistencyVerifier( 2495): KeyEvent: ACTION_DOWN but key is already down and this event is not a key repeat.
10-31 18:42:55.123 D/InputEventConsistencyVerifier( 2495):   in com.android.internal.policy.impl.PhoneWindow$DecorView{1593ba0 V.E..... R....... 0,0-1280,720}
10-31 18:42:55.123 D/InputEventConsistencyVerifier( 2495):   0: sent at 186355000000, KeyEvent { action=ACTION_DOWN, keyCode=KEYCODE_DPAD_RIGHT, scanCode=106, metaState=0, flags=0x8, repeatCount=0, eventTime=186355, downTime=186355, deviceId=3, source=0x701 }
10-31 18:42:55.123 D/InputEventConsistencyVerifier( 2495):   -- recent events --
10-31 18:42:55.123 D/InputEventConsistencyVerifier( 2495):   1: sent at 186088000000, KeyEvent { action=ACTION_DOWN, keyCode=KEYCODE_DPAD_RIGHT, scanCode=106, metaState=0, flags=0x8, repeatCount=0, eventTime=186088, downTime=186088, deviceId=3, source=0x701 }
10-31 18:42:55.123 D/InputEventConsistencyVerifier( 2495):   2: sent at 185689000000, KeyEvent { action=ACTION_DOWN, keyCode=KEYCODE_DPAD_UP, scanCode=103, metaState=0, flags=0x8, repeatCount=0, eventTime=185689, downTime=185689, deviceId=3, source=0x701 }
10-31 18:42:55.123 D/BasicRootView( 2495): [TN_main]dispatchKeyEvent event=KeyEvent { action=ACTION_DOWN, keyCode=KEYCODE_DPAD_RIGHT, scanCode=106, metaState=0, flags=0x80000008, repeatCount=0, eventTime=186355, downTime=186355, deviceId=3, source=0x701 },curRootPanel=com.suma.midware.home.third.a.a@395c748b
10-31 18:42:55.124 D/GLRootRenderer( 2495): dispatchKeyEvent event:KeyEvent { action=ACTION_DOWN, keyCode=KEYCODE_DPAD_RIGHT, scanCode=106, metaState=0, flags=0x80000008, repeatCount=0, eventTime=186355, downTime=186355, deviceId=3, source=0x701 }:lastKeyCode:22:lastKeyAction:0:lastkeycount:0:size:0
10-31 18:42:55.124 D/Scene   ( 2495): dispatchKeyEvent event:KeyEvent { action=ACTION_DOWN, keyCode=KEYCODE_DPAD_RIGHT, scanCode=106, metaState=0, flags=0x80000008, repeatCount=0, eventTime=186355, downTime=186355, deviceId=3, source=0x701 }
10-31 18:42:55.124 D/Scene   ( 2495): dispatchKeyEvent currentFocus = com.suma.midware.view.b.d.b@224f8388
10-31 18:42:55.124 D/Scene   ( 2495): dispatchKeyEvent nextFocus:null
10-31 18:42:55.124 D/BasicColumn( 2495): [TN_GLThread 73]dealKeyEvent event=KeyEvent { action=ACTION_DOWN, keyCode=KEYCODE_DPAD_RIGHT, scanCode=106, metaState=0, flags=0x80000008, repeatCount=0, eventTime=186355, downTime=186355, deviceId=3, source=0x701 }
10-31 18:42:55.124 D/BasicColumn( 2495): [TN_GLThread 73]movePanelFocus index=1,nextIndex=2
10-31 18:42:55.125 E/BasicColumn( 2495): [TN_GLThread 73]dealPanelAnim illegal size=7,moveDistance=0
10-31 18:42:55.125 D/FixedRes( 2495): [TN_GLThread 73]getNineImgRes nineImgSize=2
10-31 18:42:55.126 D/BasicColumn( 2495): [TN_GLThread 73]dealFocusAnim x=-171.000,y=10.0000,scaleX=0.940075,scaleY=1.00000
10-31 18:42:55.127 D/HomePanel( 2495): [TN_GLThread 73]switchBasicPanel index=1,nextIndex=2,isTitleFocus=true
10-31 18:42:55.128 D/BasicPanel( 2495): [TN_GLThread 73]onBasicPanelChange isShow=false,isTitleFocus=true,isRight=true,animCmd=com.suma.midware.view.b.d.c@e95359,rightBoard=1863.00,rightGas=40.0000,leftBoard=88.0000,xOffset=0.00000
10-31 18:42:55.129 D/BasicPanel( 2495): [TN_GLThread 73]onBasicPanelChange isShow=true,isTitleFocus=true,isRight=true,animCmd=com.suma.midware.view.b.d.c@e95359,rightBoard=1831.00,rightGas=40.0000,leftBoard=88.0000,xOffset=0.00000
10-31 18:42:55.129 D/BasicPanel( 2495): [TN_GLThread 73]onBasicPanelChangeStart isShow:false:isRight:true:basicPanel:com.suma.midware.view.b.d.d@a53dfb9
10-31 18:42:55.129 D/HomePanel( 2495): [TN_GLThread 73]onBasicPanelChange basicPanel=com.suma.midware.view.b.d.d@a53dfb9,isShow=false,isStart=true,isRight=true
10-31 18:42:55.129 D/HomePanel( 2495): [TN_GLThread 73]onBasicPanelChange basicPanelIndex=1,xOffset=0.00000
10-31 18:42:55.130 D/BasicPanel( 2495): [TN_GLThread 73]onBasicPanelChangeStart isShow:true:isRight:true:basicPanel:com.suma.midware.view.b.d.d@35f6cffe
10-31 18:42:55.130 D/HomePanel( 2495): [TN_GLThread 73]onBasicPanelChange basicPanel=com.suma.midware.view.b.d.d@35f6cffe,isShow=true,isStart=true,isRight=true
10-31 18:42:55.130 D/HomePanel( 2495): [TN_GLThread 73]onBasicPanelChange basicPanelIndex=2,xOffset=0.00000
10-31 18:42:55.130 W/BasicRootPanel( 2495): [TN_GLThread 73]changeBgAttr coverImgRes null
10-31 18:42:55.134 D/BasicFigure( 2495): [TN_GLThread 73]isDrawFocused relyElement=[BaseElement@3d27edaa]focusScale[1.15]elementAlpha[-1.0]refectAlpha[-1.0]isFocusAble[true]shadowIndex[-1]autoJumpType[-1]uniqueID[54resSize0]rect[NULL]
10-31 18:42:55.134 D/BasicFigure( 2495): [TN_GLThread 73]isDrawFocused basicFigure=com.suma.midware.view.b.c.c@2fe62d9b
10-31 18:42:55.144 D/BasicFigure( 2495): [TN_GLThread 73]isDrawFocused relyElement=[BaseElement@3d27edaa]focusScale[1.15]elementAlpha[-1.0]refectAlpha[-1.0]isFocusAble[true]shadowIndex[-1]autoJumpType[-1]uniqueID[54resSize0]rect[NULL]
10-31 18:42:55.144 D/BasicFigure( 2495): [TN_GLThread 73]isDrawFocused basicFigure=com.suma.midware.view.b.c.c@2fe62d9b
10-31 18:42:55.153 D/BasicFigure( 2495): [TN_GLThread 73]isDrawFocused relyElement=[BaseElement@3d27edaa]focusScale[1.15]elementAlpha[-1.0]refectAlpha[-1.0]isFocusAble[true]shadowIndex[-1]autoJumpType[-1]uniqueID[54resSize0]rect[NULL]
10-31 18:42:55.153 D/BasicFigure( 2495): [TN_GLThread 73]isDrawFocused basicFigure=com.suma.midware.view.b.c.c@2fe62d9b
10-31 18:42:55.167 D/BasicFigure( 2495): [TN_GLThread 73]isDrawFocused relyElement=[BaseElement@3d27edaa]focusScale[1.15]elementAlpha[-1.0]refectAlpha[-1.0]isFocusAble[true]shadowIndex[-1]autoJumpType[-1]uniqueID[54resSize0]rect[NULL]
10-31 18:42:55.167 D/BasicFigure( 2495): [TN_GLThread 73]isDrawFocused basicFigure=com.suma.midware.view.b.c.c@2fe62d9b
10-31 18:42:55.176 D/BasicFigure( 2495): [TN_GLThread 73]isDrawFocused relyElement=[BaseElement@3d27edaa]focusScale[1.15]elementAlpha[-1.0]refectAlpha[-1.0]isFocusAble[true]shadowIndex[-1]autoJumpType[-1]uniqueID[54resSize0]rect[NULL]
10-31 18:42:55.176 D/BasicFigure( 2495): [TN_GLThread 73]isDrawFocused basicFigure=com.suma.midware.view.b.c.c@2fe62d9b
10-31 18:42:55.186 D/BasicFigure( 2495): [TN_GLThread 73]isDrawFocused relyElement=[BaseElement@3d27edaa]focusScale[1.15]elementAlpha[-1.0]refectAlpha[-1.0]isFocusAble[true]shadowIndex[-1]autoJumpType[-1]uniqueID[54resSize0]rect[NULL]
10-31 18:42:55.186 D/BasicFigure( 2495): [TN_GLThread 73]isDrawFocused basicFigure=com.suma.midware.view.b.c.c@2fe62d9b
10-31 18:42:55.201 D/BasicFigure( 2495): [TN_GLThread 73]isDrawFocused relyElement=[BaseElement@3d27edaa]focusScale[1.15]elementAlpha[-1.0]refectAlpha[-1.0]isFocusAble[true]shadowIndex[-1]autoJumpType[-1]uniqueID[54resSize0]rect[NULL]
10-31 18:42:55.201 D/BasicFigure( 2495): [TN_GLThread 73]isDrawFocused basicFigure=com.suma.midware.view.b.c.c@2fe62d9b
10-31 18:42:55.218 D/BasicFigure( 2495): [TN_GLThread 73]isDrawFocused relyElement=[BaseElement@3d27edaa]focusScale[1.15]elementAlpha[-1.0]refectAlpha[-1.0]isFocusAble[true]shadowIndex[-1]autoJumpType[-1]uniqueID[54resSize0]rect[NULL]
10-31 18:42:55.218 D/BasicFigure( 2495): [TN_GLThread 73]isDrawFocused basicFigure=com.suma.midware.view.b.c.c@2fe62d9b
10-31 18:42:55.221 V/PT      ( 1582): >>INFO:irkey_task:[     186.457004] /dev/input/event0: type=0001 code=006a val=00000000
10-31 18:42:55.221 V/PT      ( 1582): >>INFO:irkey_send:0x3001 0x0027 up  
10-31 18:42:55.221 V/SUMA    ( 1582): ++++++++++++++  _roc_evtmgr_key_cbk 517:input = 12289, event=39, act=0x400
10-31 18:42:55.221 V/SUMA    ( 1582): lxm:_roc_evtmgr_key_cbk 519 186457
10-31 18:42:55.221 V/SUMA    ( 1582): lxm:_roc_evtmgr_add_key_into_queue 311 186457
10-31 18:42:55.221 V/PT      ( 1582): >>INFO:irkey_task:[     186.457004] /dev/input/event0: type=0000 code=0000 val=00000000
10-31 18:42:55.221 V/SUMA    ( 1582): ===================>> type=0 src=0 evt=39 act=0x400
10-31 18:42:55.221 V/SUMA    ( 1582): [sysset-s][event_manager_cbk 78]lxm cbid=1, cbk_reg=1, cpid=2450
10-31 18:42:55.221 D/ir_user ( 1586): PlayerTimeLineTrace:linux_keycode:0x6a(UP),	protocol: .
10-31 18:42:55.221 D/NGBEvent( 2450): ngbEventCallBack type:0 source :39
10-31 18:42:55.221 D/NGBEvent( 2450): [NGBEventManager-JNI]-returning:1
10-31 18:42:55.221 D/NGBEvent( 2450): Input key event: keyCode=39
10-31 18:42:55.221 D/NGBEvent( 2450): src:39 = dest:39
10-31 18:42:55.221 D/RemoteIME( 2342): RemoteIME--> onKeyUp keyCode = 22
10-31 18:42:55.221 I/System.out( 2450): [DEBUG EventManager] LWJ--Add event to java with evt=NgbEvent-[type = 1, subtype = 402, code = 39]
10-31 18:42:55.221 D/NGBEvent( 2450): [NGBEvent_log]--[EventManager--JNI]:		start
10-31 18:42:55.221 D/Main3DActivity( 2495): [TN_main]dispatchKeyEvent event=KeyEvent { action=ACTION_UP, keyCode=KEYCODE_DPAD_RIGHT, scanCode=106, metaState=0, flags=0x8, repeatCount=0, eventTime=186457, downTime=186355, deviceId=3, source=0x701 },isEventAble=false
10-31 18:42:55.221 I/System.out( 2450): [DEBUG EventManager] broadcastEvent  :len 1
10-31 18:42:55.222 D/KeyEventNgbDealer( 2450): [TN_pool-1-thread-1]handleKeyReleased keyEvent=NgbEvent-[type = 1, subtype = 402, code = 39],time=186458
10-31 18:42:55.236 D/BasicFigure( 2495): [TN_GLThread 73]isDrawFocused relyElement=[BaseElement@3d27edaa]focusScale[1.15]elementAlpha[-1.0]refectAlpha[-1.0]isFocusAble[true]shadowIndex[-1]autoJumpType[-1]uniqueID[54resSize0]rect[NULL]
10-31 18:42:55.236 D/BasicFigure( 2495): [TN_GLThread 73]isDrawFocused basicFigure=com.suma.midware.view.b.c.c@2fe62d9b
10-31 18:42:55.252 D/BasicFigure( 2495): [TN_GLThread 73]isDrawFocused relyElement=[BaseElement@3d27edaa]focusScale[1.15]elementAlpha[-1.0]refectAlpha[-1.0]isFocusAble[true]shadowIndex[-1]autoJumpType[-1]uniqueID[54resSize0]rect[NULL]
10-31 18:42:55.252 D/BasicFigure( 2495): [TN_GLThread 73]isDrawFocused basicFigure=com.suma.midware.view.b.c.c@2fe62d9b
10-31 18:42:55.268 D/BasicFigure( 2495): [TN_GLThread 73]isDrawFocused relyElement=[BaseElement@3d27edaa]focusScale[1.15]elementAlpha[-1.0]refectAlpha[-1.0]isFocusAble[true]shadowIndex[-1]autoJumpType[-1]uniqueID[54resSize0]rect[NULL]
10-31 18:42:55.268 D/BasicFigure( 2495): [TN_GLThread 73]isDrawFocused basicFigure=com.suma.midware.view.b.c.c@2fe62d9b
10-31 18:42:55.285 D/BasicFigure( 2495): [TN_GLThread 73]isDrawFocused relyElement=[BaseElement@3d27edaa]focusScale[1.15]elementAlpha[-1.0]refectAlpha[-1.0]isFocusAble[true]shadowIndex[-1]autoJumpType[-1]uniqueID[54resSize0]rect[NULL]
10-31 18:42:55.285 D/BasicFigure( 2495): [TN_GLThread 73]isDrawFocused basicFigure=com.suma.midware.view.b.c.c@2fe62d9b
10-31 18:42:55.302 D/BasicFigure( 2495): [TN_GLThread 73]isDrawFocused relyElement=[BaseElement@3d27edaa]focusScale[1.15]elementAlpha[-1.0]refectAlpha[-1.0]isFocusAble[true]shadowIndex[-1]autoJumpType[-1]uniqueID[54resSize0]rect[NULL]
10-31 18:42:55.302 D/BasicFigure( 2495): [TN_GLThread 73]isDrawFocused basicFigure=com.suma.midware.view.b.c.c@2fe62d9b
10-31 18:42:55.307 D/BasicPanel( 2495): [TN_GLThread 73]onBasicPanelChangeEnd isShow:false:isRight:true:basicPanel:com.suma.midware.view.b.d.d@a53dfb9
10-31 18:42:55.307 D/HomePanel( 2495): [TN_GLThread 73]onBasicPanelChange basicPanel=com.suma.midware.view.b.d.d@a53dfb9,isShow=false,isStart=false,isRight=true
10-31 18:42:55.308 D/HomePanel( 2495): [TN_GLThread 73]onBasicPanelChange basicPanelIndex=1,xOffset=0.00000
10-31 18:42:55.308 D/BasicPanel( 2495): [TN_GLThread 73]onBasicPanelChangeEnd isShow:true:isRight:true:basicPanel:com.suma.midware.view.b.d.d@35f6cffe
10-31 18:42:55.308 D/HomePanel( 2495): [TN_GLThread 73]onBasicPanelChange basicPanel=com.suma.midware.view.b.d.d@35f6cffe,isShow=true,isStart=false,isRight=true
10-31 18:42:55.308 D/HomePanel( 2495): [TN_GLThread 73]onBasicPanelChange basicPanelIndex=2,xOffset=0.00000
10-31 18:42:55.322 D/BasicFigure( 2495): [TN_GLThread 73]isDrawFocused relyElement=[BaseElement@3d27edaa]focusScale[1.15]elementAlpha[-1.0]refectAlpha[-1.0]isFocusAble[true]shadowIndex[-1]autoJumpType[-1]uniqueID[54resSize0]rect[NULL]
10-31 18:42:55.322 D/BasicFigure( 2495): [TN_GLThread 73]isDrawFocused basicFigure=com.suma.midware.view.b.c.c@2fe62d9b
10-31 18:42:55.341 D/BasicFigure( 2495): [TN_GLThread 73]isDrawFocused relyElement=[BaseElement@3d27edaa]focusScale[1.15]elementAlpha[-1.0]refectAlpha[-1.0]isFocusAble[true]shadowIndex[-1]autoJumpType[-1]uniqueID[54resSize0]rect[NULL]
10-31 18:42:55.342 D/BasicFigure( 2495): [TN_GLThread 73]isDrawFocused basicFigure=com.suma.midware.view.b.c.c@2fe62d9b
10-31 18:42:55.361 D/BasicFigure( 2495): [TN_GLThread 73]isDrawFocused relyElement=[BaseElement@3d27edaa]focusScale[1.15]elementAlpha[-1.0]refectAlpha[-1.0]isFocusAble[true]shadowIndex[-1]autoJumpType[-1]uniqueID[54resSize0]rect[NULL]
10-31 18:42:55.361 D/BasicFigure( 2495): [TN_GLThread 73]isDrawFocused basicFigure=com.suma.midware.view.b.c.c@2fe62d9b
10-31 18:42:55.372 V/PT      ( 1582): >>INFO:irkey_task:[     186.608791] /dev/input/event0: type=0001 code=006a val=00000001
10-31 18:42:55.372 V/PT      ( 1582): >>INFO:irkey_send:0x3001 0x0027 down
10-31 18:42:55.372 V/SUMA    ( 1582): ++++++++++++++  _roc_evtmgr_key_cbk 517:input = 12289, event=39, act=0x100
10-31 18:42:55.372 V/SUMA    ( 1582): lxm:_roc_evtmgr_key_cbk 519 186608
10-31 18:42:55.372 V/SUMA    ( 1582): lxm:_roc_evtmgr_add_evt_into_queue 347 186608
10-31 18:42:55.372 V/SUMA    ( 1582): ===================>> type=0 src=0 evt=39 act=0x100
10-31 18:42:55.372 V/PT      ( 1582): >>INFO:irkey_task:[     186.608791] /dev/input/event0: type=0000 code=0000 val=00000000
10-31 18:42:55.372 V/SUMA    ( 1582): [sysset-s][event_manager_cbk 78]lxm cbid=1, cbk_reg=1, cpid=2450
10-31 18:42:55.373 D/ir_user ( 1586): PlayerTimeLineTrace:linux_keycode:0x6a(DOWN),	protocol: .
10-31 18:42:55.373 D/NGBEvent( 2450): ngbEventCallBack type:0 source :39
10-31 18:42:55.373 D/NGBEvent( 2450): [NGBEventManager-JNI]-returning:1
10-31 18:42:55.373 D/NGBEvent( 2450): Input key event: keyCode=39
10-31 18:42:55.373 D/NGBEvent( 2450): src:39 = dest:39
10-31 18:42:55.373 I/System.out( 2450): [DEBUG EventManager] LWJ--Add event to java with evt=NgbEvent-[type = 1, subtype = 401, code = 39]
10-31 18:42:55.373 D/NGBEvent( 2450): [NGBEvent_log]--[EventManager--JNI]:		start
10-31 18:42:55.373 I/System.out( 2450): [DEBUG EventManager] broadcastEvent  :len 1
10-31 18:42:55.373 D/CombineKeyUtil( 2450): [TN_pool-1-thread-1]dealKeyEvent,combineIndex:-1:keyCode:22
10-31 18:42:55.373 D/KeyEventNgbDealer( 2450): [TN_pool-1-thread-1]handleKeyPressed keyEvent=NgbEvent-[type = 1, subtype = 401, code = 39],time=186609
10-31 18:42:55.373 D/RemoteIME( 2342): onKeyDown event = KeyEvent { action=ACTION_DOWN, keyCode=KEYCODE_DPAD_RIGHT, scanCode=106, metaState=0, flags=0x8, repeatCount=0, eventTime=186608, downTime=186608, deviceId=3, source=0x701 },mSkbContainer=null
10-31 18:42:55.373 D/Main3DActivity( 2495): [TN_main]dispatchKeyEvent event=KeyEvent { action=ACTION_DOWN, keyCode=KEYCODE_DPAD_RIGHT, scanCode=106, metaState=0, flags=0x8, repeatCount=0, eventTime=186608, downTime=186608, deviceId=3, source=0x701 },isEventAble=true
10-31 18:42:55.373 D/InputEventConsistencyVerifier( 2495): KeyEvent: ACTION_DOWN but key is already down and this event is not a key repeat.
10-31 18:42:55.373 D/InputEventConsistencyVerifier( 2495):   in com.android.internal.policy.impl.PhoneWindow$DecorView{1593ba0 V.E..... R....... 0,0-1280,720}
10-31 18:42:55.373 D/InputEventConsistencyVerifier( 2495):   0: sent at 186608000000, KeyEvent { action=ACTION_DOWN, keyCode=KEYCODE_DPAD_RIGHT, scanCode=106, metaState=0, flags=0x8, repeatCount=0, eventTime=186608, downTime=186608, deviceId=3, source=0x701 }
10-31 18:42:55.373 D/InputEventConsistencyVerifier( 2495):   -- recent events --
10-31 18:42:55.373 D/InputEventConsistencyVerifier( 2495):   1: sent at 186355000000, KeyEvent { action=ACTION_DOWN, keyCode=KEYCODE_DPAD_RIGHT, scanCode=106, metaState=0, flags=0x80000008, repeatCount=0, eventTime=186355, downTime=186355, deviceId=3, source=0x701 }
10-31 18:42:55.373 D/InputEventConsistencyVerifier( 2495):   2: sent at 186088000000, KeyEvent { action=ACTION_DOWN, keyCode=KEYCODE_DPAD_RIGHT, scanCode=106, metaState=0, flags=0x8, repeatCount=0, eventTime=186088, downTime=186088, deviceId=3, source=0x701 }
10-31 18:42:55.373 D/InputEventConsistencyVerifier( 2495):   3: sent at 185689000000, KeyEvent { action=ACTION_DOWN, keyCode=KEYCODE_DPAD_UP, scanCode=103, metaState=0, flags=0x8, repeatCount=0, eventTime=185689, downTime=185689, deviceId=3, source=0x701 }
10-31 18:42:55.373 D/BasicRootView( 2495): [TN_main]dispatchKeyEvent event=KeyEvent { action=ACTION_DOWN, keyCode=KEYCODE_DPAD_RIGHT, scanCode=106, metaState=0, flags=0x80000008, repeatCount=0, eventTime=186608, downTime=186608, deviceId=3, source=0x701 },curRootPanel=com.suma.midware.home.third.a.a@395c748b
10-31 18:42:55.373 D/GLRootRenderer( 2495): dispatchKeyEvent event:KeyEvent { action=ACTION_DOWN, keyCode=KEYCODE_DPAD_RIGHT, scanCode=106, metaState=0, flags=0x80000008, repeatCount=0, eventTime=186608, downTime=186608, deviceId=3, source=0x701 }:lastKeyCode:22:lastKeyAction:0:lastkeycount:1:size:0
10-31 18:42:55.382 D/BasicFigure( 2495): [TN_GLThread 73]isDrawFocused relyElement=[BaseElement@3d27edaa]focusScale[1.15]elementAlpha[-1.0]refectAlpha[-1.0]isFocusAble[true]shadowIndex[-1]autoJumpType[-1]uniqueID[54resSize0]rect[NULL]
10-31 18:42:55.382 D/BasicFigure( 2495): [TN_GLThread 73]isDrawFocused basicFigure=com.suma.midware.view.b.c.c@2fe62d9b
10-31 18:42:55.402 D/BasicFigure( 2495): [TN_GLThread 73]isDrawFocused relyElement=[BaseElement@3d27edaa]focusScale[1.15]elementAlpha[-1.0]refectAlpha[-1.0]isFocusAble[true]shadowIndex[-1]autoJumpType[-1]uniqueID[54resSize0]rect[NULL]
10-31 18:42:55.402 D/BasicFigure( 2495): [TN_GLThread 73]isDrawFocused basicFigure=com.suma.midware.view.b.c.c@2fe62d9b
10-31 18:42:55.421 D/BasicFigure( 2495): [TN_GLThread 73]isDrawFocused relyElement=[BaseElement@3d27edaa]focusScale[1.15]elementAlpha[-1.0]refectAlpha[-1.0]isFocusAble[true]shadowIndex[-1]autoJumpType[-1]uniqueID[54resSize0]rect[NULL]
10-31 18:42:55.422 D/BasicFigure( 2495): [TN_GLThread 73]isDrawFocused basicFigure=com.suma.midware.view.b.c.c@2fe62d9b
10-31 18:42:55.425 D/Scene   ( 2495): dispatchKeyEvent event:KeyEvent { action=ACTION_DOWN, keyCode=KEYCODE_DPAD_RIGHT, scanCode=106, metaState=0, flags=0x80000008, repeatCount=0, eventTime=186608, downTime=186608, deviceId=3, source=0x701 }
10-31 18:42:55.425 D/Scene   ( 2495): dispatchKeyEvent currentFocus = com.suma.midware.view.b.d.b@224f8388
10-31 18:42:55.425 D/Scene   ( 2495): dispatchKeyEvent nextFocus:null
10-31 18:42:55.425 D/BasicColumn( 2495): [TN_GLThread 73]dealKeyEvent event=KeyEvent { action=ACTION_DOWN, keyCode=KEYCODE_DPAD_RIGHT, scanCode=106, metaState=0, flags=0x80000008, repeatCount=0, eventTime=186608, downTime=186608, deviceId=3, source=0x701 }
10-31 18:42:55.425 D/BasicColumn( 2495): [TN_GLThread 73]movePanelFocus index=2,nextIndex=3
10-31 18:42:55.425 E/BasicColumn( 2495): [TN_GLThread 73]dealPanelAnim illegal size=7,moveDistance=0
10-31 18:42:55.425 D/FixedRes( 2495): [TN_GLThread 73]getNineImgRes nineImgSize=2
10-31 18:42:55.426 D/BasicColumn( 2495): [TN_GLThread 73]dealFocusAnim x=-63.0000,y=10.0000,scaleX=0.940075,scaleY=1.00000
10-31 18:42:55.426 D/HomePanel( 2495): [TN_GLThread 73]switchBasicPanel index=2,nextIndex=3,isTitleFocus=true
10-31 18:42:55.426 D/BasicPanel( 2495): [TN_GLThread 73]onBasicPanelChange isShow=false,isTitleFocus=true,isRight=true,animCmd=com.suma.midware.view.b.d.c@4cfff,rightBoard=1831.00,rightGas=40.0000,leftBoard=88.0000,xOffset=0.00000
10-31 18:42:55.427 D/BasicPanel( 2495): [TN_GLThread 73]onBasicPanelChange isShow=true,isTitleFocus=true,isRight=true,animCmd=com.suma.midware.view.b.d.c@4cfff,rightBoard=1863.00,rightGas=40.0000,leftBoard=88.0000,xOffset=0.00000
10-31 18:42:55.427 D/BasicPanel( 2495): [TN_GLThread 73]onBasicPanelChangeStart isShow:false:isRight:true:basicPanel:com.suma.midware.view.b.d.d@35f6cffe
10-31 18:42:55.427 D/HomePanel( 2495): [TN_GLThread 73]onBasicPanelChange basicPanel=com.suma.midware.view.b.d.d@35f6cffe,isShow=false,isStart=true,isRight=true
10-31 18:42:55.427 D/HomePanel( 2495): [TN_GLThread 73]onBasicPanelChange basicPanelIndex=2,xOffset=0.00000
10-31 18:42:55.427 D/BasicPanel( 2495): [TN_GLThread 73]onBasicPanelChangeStart isShow:true:isRight:true:basicPanel:com.suma.midware.view.b.d.d@9ea235f
10-31 18:42:55.427 D/HomePanel( 2495): [TN_GLThread 73]onBasicPanelChange basicPanel=com.suma.midware.view.b.d.d@9ea235f,isShow=true,isStart=true,isRight=true
10-31 18:42:55.427 D/HomePanel( 2495): [TN_GLThread 73]onBasicPanelChange basicPanelIndex=3,xOffset=0.00000
10-31 18:42:55.427 W/BasicRootPanel( 2495): [TN_GLThread 73]changeBgAttr coverImgRes null
10-31 18:42:55.442 D/BasicFigure( 2495): [TN_GLThread 73]isDrawFocused relyElement=[BaseElement@3d27edaa]focusScale[1.15]elementAlpha[-1.0]refectAlpha[-1.0]isFocusAble[true]shadowIndex[-1]autoJumpType[-1]uniqueID[54resSize0]rect[NULL]
10-31 18:42:55.442 D/BasicFigure( 2495): [TN_GLThread 73]isDrawFocused basicFigure=com.suma.midware.view.b.c.c@2fe62d9b
10-31 18:42:55.462 D/BasicFigure( 2495): [TN_GLThread 73]isDrawFocused relyElement=[BaseElement@3d27edaa]focusScale[1.15]elementAlpha[-1.0]refectAlpha[-1.0]isFocusAble[true]shadowIndex[-1]autoJumpType[-1]uniqueID[54resSize0]rect[NULL]
10-31 18:42:55.462 D/BasicFigure( 2495): [TN_GLThread 73]isDrawFocused basicFigure=com.suma.midware.view.b.c.c@2fe62d9b
10-31 18:42:55.467 D/BackBootDealerNeimeng( 2385): standbyState:
10-31 18:42:55.467 E/NetUtils( 2017): Interface eth0 LinkDown!
10-31 18:42:55.473 V/PT      ( 1582): >>INFO:irkey_task:[     186.709947] /dev/input/event0: type=0001 code=006a val=00000000
10-31 18:42:55.473 V/PT      ( 1582): >>INFO:irkey_send:0x3001 0x0027 up  
10-31 18:42:55.474 V/SUMA    ( 1582): ++++++++++++++  _roc_evtmgr_key_cbk 517:input = 12289, event=39, act=0x400
10-31 18:42:55.474 V/SUMA    ( 1582): lxm:_roc_evtmgr_key_cbk 519 186710
10-31 18:42:55.474 V/SUMA    ( 1582): lxm:_roc_evtmgr_add_key_into_queue 311 186710
10-31 18:42:55.474 V/PT      ( 1582): >>INFO:irkey_task:[     186.709947] /dev/input/event0: type=0000 code=0000 val=00000000
10-31 18:42:55.474 V/SUMA    ( 1582): ===================>> type=0 src=0 evt=39 act=0x400
10-31 18:42:55.474 V/SUMA    ( 1582): [sysset-s][event_manager_cbk 78]lxm cbid=1, cbk_reg=1, cpid=2450
10-31 18:42:55.474 D/ir_user ( 1586): PlayerTimeLineTrace:linux_keycode:0x6a(UP),	protocol: .
10-31 18:42:55.474 D/NGBEvent( 2450): ngbEventCallBack type:0 source :39
10-31 18:42:55.474 D/NGBEvent( 2450): [NGBEventManager-JNI]-returning:1
10-31 18:42:55.474 D/NGBEvent( 2450): Input key event: keyCode=39
10-31 18:42:55.474 D/NGBEvent( 2450): src:39 = dest:39
10-31 18:42:55.474 I/System.out( 2450): [DEBUG EventManager] LWJ--Add event to java with evt=NgbEvent-[type = 1, subtype = 402, code = 39]
10-31 18:42:55.474 D/NGBEvent( 2450): [NGBEvent_log]--[EventManager--JNI]:		start
10-31 18:42:55.474 I/System.out( 2450): [DEBUG EventManager] broadcastEvent  :len 1
10-31 18:42:55.474 D/KeyEventNgbDealer( 2450): [TN_pool-1-thread-1]handleKeyReleased keyEvent=NgbEvent-[type = 1, subtype = 402, code = 39],time=186710
10-31 18:42:55.475 D/RemoteIME( 2342): RemoteIME--> onKeyUp keyCode = 22
10-31 18:42:55.475 D/Main3DActivity( 2495): [TN_main]dispatchKeyEvent event=KeyEvent { action=ACTION_UP, keyCode=KEYCODE_DPAD_RIGHT, scanCode=106, metaState=0, flags=0x8, repeatCount=0, eventTime=186709, downTime=186608, deviceId=3, source=0x701 },isEventAble=false
10-31 18:42:55.483 D/BasicFigure( 2495): [TN_GLThread 73]isDrawFocused relyElement=[BaseElement@3d27edaa]focusScale[1.15]elementAlpha[-1.0]refectAlpha[-1.0]isFocusAble[true]shadowIndex[-1]autoJumpType[-1]uniqueID[54resSize0]rect[NULL]
10-31 18:42:55.483 D/BasicFigure( 2495): [TN_GLThread 73]isDrawFocused basicFigure=com.suma.midware.view.b.c.c@2fe62d9b
10-31 18:42:55.502 D/BasicFigure( 2495): [TN_GLThread 73]isDrawFocused relyElement=[BaseElement@3d27edaa]focusScale[1.15]elementAlpha[-1.0]refectAlpha[-1.0]isFocusAble[true]shadowIndex[-1]autoJumpType[-1]uniqueID[54resSize0]rect[NULL]
10-31 18:42:55.502 D/BasicFigure( 2495): [TN_GLThread 73]isDrawFocused basicFigure=com.suma.midware.view.b.c.c@2fe62d9b
10-31 18:42:55.523 D/BasicFigure( 2495): [TN_GLThread 73]isDrawFocused relyElement=[BaseElement@3d27edaa]focusScale[1.15]elementAlpha[-1.0]refectAlpha[-1.0]isFocusAble[true]shadowIndex[-1]autoJumpType[-1]uniqueID[54resSize0]rect[NULL]
10-31 18:42:55.523 D/BasicFigure( 2495): [TN_GLThread 73]isDrawFocused basicFigure=com.suma.midware.view.b.c.c@2fe62d9b
10-31 18:42:55.542 D/BasicFigure( 2495): [TN_GLThread 73]isDrawFocused relyElement=[BaseElement@3d27edaa]focusScale[1.15]elementAlpha[-1.0]refectAlpha[-1.0]isFocusAble[true]shadowIndex[-1]autoJumpType[-1]uniqueID[54resSize0]rect[NULL]
10-31 18:42:55.542 D/BasicFigure( 2495): [TN_GLThread 73]isDrawFocused basicFigure=com.suma.midware.view.b.c.c@2fe62d9b
10-31 18:42:55.562 D/BasicFigure( 2495): [TN_GLThread 73]isDrawFocused relyElement=[BaseElement@3d27edaa]focusScale[1.15]elementAlpha[-1.0]refectAlpha[-1.0]isFocusAble[true]shadowIndex[-1]autoJumpType[-1]uniqueID[54resSize0]rect[NULL]
10-31 18:42:55.562 D/BasicFigure( 2495): [TN_GLThread 73]isDrawFocused basicFigure=com.suma.midware.view.b.c.c@2fe62d9b
10-31 18:42:55.582 D/BasicFigure( 2495): [TN_GLThread 73]isDrawFocused relyElement=[BaseElement@3d27edaa]focusScale[1.15]elementAlpha[-1.0]refectAlpha[-1.0]isFocusAble[true]shadowIndex[-1]autoJumpType[-1]uniqueID[54resSize0]rect[NULL]
10-31 18:42:55.582 D/BasicFigure( 2495): [TN_GLThread 73]isDrawFocused basicFigure=com.suma.midware.view.b.c.c@2fe62d9b
10-31 18:42:55.602 D/BasicFigure( 2495): [TN_GLThread 73]isDrawFocused relyElement=[BaseElement@3d27edaa]focusScale[1.15]elementAlpha[-1.0]refectAlpha[-1.0]isFocusAble[true]shadowIndex[-1]autoJumpType[-1]uniqueID[54resSize0]rect[NULL]
10-31 18:42:55.602 D/BasicFigure( 2495): [TN_GLThread 73]isDrawFocused basicFigure=com.suma.midware.view.b.c.c@2fe62d9b
10-31 18:42:55.622 D/BasicFigure( 2495): [TN_GLThread 73]isDrawFocused relyElement=[BaseElement@3d27edaa]focusScale[1.15]elementAlpha[-1.0]refectAlpha[-1.0]isFocusAble[true]shadowIndex[-1]autoJumpType[-1]uniqueID[54resSize0]rect[NULL]
10-31 18:42:55.622 D/BasicFigure( 2495): [TN_GLThread 73]isDrawFocused basicFigure=com.suma.midware.view.b.c.c@2fe62d9b
10-31 18:42:55.640 V/PT      ( 1582): >>INFO:irkey_task:[     186.876491] /dev/input/event0: type=0001 code=006a val=00000001
10-31 18:42:55.640 V/PT      ( 1582): >>INFO:irkey_send:0x3001 0x0027 down
10-31 18:42:55.640 V/SUMA    ( 1582): ++++++++++++++  _roc_evtmgr_key_cbk 517:input = 12289, event=39, act=0x100
10-31 18:42:55.640 V/SUMA    ( 1582): lxm:_roc_evtmgr_key_cbk 519 186876
10-31 18:42:55.640 V/SUMA    ( 1582): lxm:_roc_evtmgr_add_evt_into_queue 347 186876
10-31 18:42:55.640 V/SUMA    ( 1582): ===================>> type=0 src=0 evt=39 act=0x100
10-31 18:42:55.640 V/PT      ( 1582): >>INFO:irkey_task:[     186.876491] /dev/input/event0: type=0000 code=0000 val=00000000
10-31 18:42:55.640 V/SUMA    ( 1582): [sysset-s][event_manager_cbk 78]lxm cbid=1, cbk_reg=1, cpid=2450
10-31 18:42:55.640 D/NGBEvent( 2450): ngbEventCallBack type:0 source :39
10-31 18:42:55.640 D/NGBEvent( 2450): [NGBEventManager-JNI]-returning:1
10-31 18:42:55.641 D/NGBEvent( 2450): Input key event: keyCode=39
10-31 18:42:55.641 D/NGBEvent( 2450): src:39 = dest:39
10-31 18:42:55.641 I/System.out( 2450): [DEBUG EventManager] LWJ--Add event to java with evt=NgbEvent-[type = 1, subtype = 401, code = 39]
10-31 18:42:55.641 D/ir_user ( 1586): PlayerTimeLineTrace:linux_keycode:0x6a(DOWN),	protocol: .
10-31 18:42:55.641 D/NGBEvent( 2450): [NGBEvent_log]--[EventManager--JNI]:		start
10-31 18:42:55.641 I/System.out( 2450): [DEBUG EventManager] broadcastEvent  :len 1
10-31 18:42:55.641 D/CombineKeyUtil( 2450): [TN_pool-1-thread-1]dealKeyEvent,combineIndex:-1:keyCode:22
10-31 18:42:55.641 D/KeyEventNgbDealer( 2450): [TN_pool-1-thread-1]handleKeyPressed keyEvent=NgbEvent-[type = 1, subtype = 401, code = 39],time=186877
10-31 18:42:55.642 D/RemoteIME( 2342): onKeyDown event = KeyEvent { action=ACTION_DOWN, keyCode=KEYCODE_DPAD_RIGHT, scanCode=106, metaState=0, flags=0x8, repeatCount=0, eventTime=186876, downTime=186876, deviceId=3, source=0x701 },mSkbContainer=null
10-31 18:42:55.642 D/Main3DActivity( 2495): [TN_main]dispatchKeyEvent event=KeyEvent { action=ACTION_DOWN, keyCode=KEYCODE_DPAD_RIGHT, scanCode=106, metaState=0, flags=0x8, repeatCount=0, eventTime=186876, downTime=186876, deviceId=3, source=0x701 },isEventAble=false
10-31 18:42:55.643 D/BasicFigure( 2495): [TN_GLThread 73]isDrawFocused relyElement=[BaseElement@3d27edaa]focusScale[1.15]elementAlpha[-1.0]refectAlpha[-1.0]isFocusAble[true]shadowIndex[-1]autoJumpType[-1]uniqueID[54resSize0]rect[NULL]
10-31 18:42:55.644 D/BasicFigure( 2495): [TN_GLThread 73]isDrawFocused basicFigure=com.suma.midware.view.b.c.c@2fe62d9b
10-31 18:42:55.662 D/BasicFigure( 2495): [TN_GLThread 73]isDrawFocused relyElement=[BaseElement@3d27edaa]focusScale[1.15]elementAlpha[-1.0]refectAlpha[-1.0]isFocusAble[true]shadowIndex[-1]autoJumpType[-1]uniqueID[54resSize0]rect[NULL]
10-31 18:42:55.662 D/BasicFigure( 2495): [TN_GLThread 73]isDrawFocused basicFigure=com.suma.midware.view.b.c.c@2fe62d9b
10-31 18:42:55.682 D/BasicFigure( 2495): [TN_GLThread 73]isDrawFocused relyElement=[BaseElement@3d27edaa]focusScale[1.15]elementAlpha[-1.0]refectAlpha[-1.0]isFocusAble[true]shadowIndex[-1]autoJumpType[-1]uniqueID[54resSize0]rect[NULL]
10-31 18:42:55.682 D/BasicFigure( 2495): [TN_GLThread 73]isDrawFocused basicFigure=com.suma.midware.view.b.c.c@2fe62d9b
10-31 18:42:55.702 D/BasicFigure( 2495): [TN_GLThread 73]isDrawFocused relyElement=[BaseElement@3d27edaa]focusScale[1.15]elementAlpha[-1.0]refectAlpha[-1.0]isFocusAble[true]shadowIndex[-1]autoJumpType[-1]uniqueID[54resSize0]rect[NULL]
10-31 18:42:55.702 D/BasicFigure( 2495): [TN_GLThread 73]isDrawFocused basicFigure=com.suma.midware.view.b.c.c@2fe62d9b
10-31 18:42:55.707 D/BasicPanel( 2495): [TN_GLThread 73]onBasicPanelChangeEnd isShow:false:isRight:true:basicPanel:com.suma.midware.view.b.d.d@35f6cffe
10-31 18:42:55.707 D/HomePanel( 2495): [TN_GLThread 73]onBasicPanelChange basicPanel=com.suma.midware.view.b.d.d@35f6cffe,isShow=false,isStart=false,isRight=true
10-31 18:42:55.707 D/HomePanel( 2495): [TN_GLThread 73]onBasicPanelChange basicPanelIndex=2,xOffset=0.00000
10-31 18:42:55.707 D/BasicPanel( 2495): [TN_GLThread 73]onBasicPanelChangeEnd isShow:true:isRight:true:basicPanel:com.suma.midware.view.b.d.d@9ea235f
10-31 18:42:55.707 D/HomePanel( 2495): [TN_GLThread 73]onBasicPanelChange basicPanel=com.suma.midware.view.b.d.d@9ea235f,isShow=true,isStart=false,isRight=true
10-31 18:42:55.707 D/HomePanel( 2495): [TN_GLThread 73]onBasicPanelChange basicPanelIndex=3,xOffset=0.00000
10-31 18:42:55.721 D/BasicFigure( 2495): [TN_GLThread 73]isDrawFocused relyElement=[BaseElement@3d27edaa]focusScale[1.15]elementAlpha[-1.0]refectAlpha[-1.0]isFocusAble[true]shadowIndex[-1]autoJumpType[-1]uniqueID[54resSize0]rect[NULL]
10-31 18:42:55.721 D/BasicFigure( 2495): [TN_GLThread 73]isDrawFocused basicFigure=com.suma.midware.view.b.c.c@2fe62d9b
10-31 18:42:55.741 D/BasicFigure( 2495): [TN_GLThread 73]isDrawFocused relyElement=[BaseElement@3d27edaa]focusScale[1.15]elementAlpha[-1.0]refectAlpha[-1.0]isFocusAble[true]shadowIndex[-1]autoJumpType[-1]uniqueID[54resSize0]rect[NULL]
10-31 18:42:55.741 D/BasicFigure( 2495): [TN_GLThread 73]isDrawFocused b