10-31 17:37:17.971 I/ActivityManager( 2017): Waited long enough for: ServiceRecord{3a4aa389 u0 com.gitvdemo.video/com.push.pushservice.api.PushService}
10-31 17:37:17.981 I/ActivityManager( 2017): Waited long enough for: ServiceRecord{3215a5db u0 com.gitvdemo.video/com.gala.video.lib.share.ifimpl.logrecord.service.LRProxyService}
10-31 17:37:18.114 W/ContextImpl( 2391): Calling a method in the system process without a qualified user: android.app.ContextImpl.sendBroadcast:1345 android.content.ContextWrapper.sendBroadcast:377 com.suma.midware.back.esg.e.f:-1 com.suma.midware.back.esg.f.run:-1 com.suma.midware.prop.util.c.run:-1 
10-31 17:37:18.225 I/ActivityManager( 2017): Waited long enough for: ServiceRecord{1dc41484 u0 com.sumavision.admindm/.Session}
10-31 17:37:19.116 W/ContextImpl( 2391): Calling a method in the system process without a qualified user: android.app.ContextImpl.sendBroadcast:1345 android.content.ContextWrapper.sendBroadcast:377 com.suma.midware.back.esg.e.f:-1 com.suma.midware.back.esg.f.run:-1 com.suma.midware.prop.util.c.run:-1 
10-31 17:37:22.121 W/ContextImpl( 2391): Calling a method in the system process without a qualified user: android.app.ContextImpl.sendBroadcast:1345 android.content.ContextWrapper.sendBroadcast:377 com.suma.midware.back.esg.e.f:-1 com.suma.midware.back.esg.f.run:-1 com.suma.midware.prop.util.c.run:-1 
10-31 17:37:23.123 W/ContextImpl( 2391): Calling a method in the system process without a qualified user: android.app.ContextImpl.sendBroadcast:1345 android.content.ContextWrapper.sendBroadcast:377 com.suma.midware.back.esg.e.f:-1 com.suma.midware.back.esg.f.run:-1 com.suma.midware.prop.util.c.run:-1 
10-31 17:37:23.403 I/ActivityManager( 2017): Waited long enough for: ServiceRecord{ffb862d u0 com.sostation.happyle.huantv/com.youdao.sdk.common.YouDaoAppService}
10-31 17:37:24.241 I/ActivityManager( 2017): Waited long enough for: ServiceRecord{28b75829 u0 com.starcor.mango/com.starcor.report.ReportService}
10-31 17:37:24.241 I/ActivityManager( 2017): Waited long enough for: ServiceRecord{ba337ae u0 com.starcor.mango/com.starcor.report.newreport.DataReportService}
10-31 17:37:24.399 I/ActivityManager( 2017): Waited long enough for: ServiceRecord{3dde8e86 u0 com.starcor.mango/com.mgtv.data.ott.sdk.core.service.DataReporterService}
10-31 17:37:26.126 W/ContextImpl( 2391): Calling a method in the system process without a qualified user: android.app.ContextImpl.sendBroadcast:1345 android.content.ContextWrapper.sendBroadcast:377 com.suma.midware.back.esg.e.f:-1 com.suma.midware.back.esg.f.run:-1 com.suma.midware.prop.util.c.run:-1 
10-31 17:37:26.953 I/ActivityManager( 2017): START u0 {act=android.intent.action.MAIN cat=[android.intent.category.HOME] flg=0x10200000 cmp=com.suma.midware.home/.third.Main3DActivity} from uid 1000 on display 0
10-31 17:37:26.973 I/ActivityManager( 2017): Force stopping com.android.browser appid=10010 user=0: from pid 2391
10-31 17:37:26.975 I/ActivityManager( 2017): Process com.sumavision.android.media.v (pid 2557) has died
10-31 17:37:26.991 W/ContextImpl( 3109): Calling a method in the system process without a qualified user: android.app.ContextImpl.sendBroadcast:1345 android.content.ContextWrapper.sendBroadcast:377 android.app.ActivityThread.performPauseActivity:3259 android.app.ActivityThread.performPauseActivity:3225 android.app.ActivityThread.handlePauseActivity:3200 
10-31 17:37:27.019 W/ContextImpl( 2498): Calling a method in the system process without a qualified user: android.app.ContextImpl.sendBroadcast:1345 android.content.ContextWrapper.sendBroadcast:377 com.suma.midware.view.ext.BluetoothUpdate.b:-1 com.suma.midware.home.third.Main3DActivity.onResume:-1 android.app.Instrumentation.callActivityOnResume:1257 
10-31 17:37:27.023 W/ContextImpl( 2498): Calling a method in the system process without a qualified user: android.app.ContextImpl.sendBroadcast:1345 android.content.ContextWrapper.sendBroadcast:377 android.app.ActivityThread.performResumeActivity:2982 android.app.ActivityThread.handleResumeActivity:3023 android.app.ActivityThread$H.handleMessage:1347 
10-31 17:37:27.129 W/ContextImpl( 2391): Calling a method in the system process without a qualified user: android.app.ContextImpl.sendBroadcast:1345 android.content.ContextWrapper.sendBroadcast:377 com.suma.midware.back.esg.e.f:-1 com.suma.midware.back.esg.f.run:-1 com.suma.midware.prop.util.c.run:-1 
10-31 17:37:29.538 I/ActivityManager( 2017): START u0 {act= cmp=com.suma.midware.setting/.main.SystemMainActivity} from uid 1000 on display 0
10-31 17:37:29.543 V/WindowManager( 2017): addAppToken: AppWindowToken{21695921 token=Token{36b21b88 ActivityRecord{254a5b2b u0 com.suma.midware.setting/.main.SystemMainActivity t774}}} to stack=1 task=774 at 0
10-31 17:37:29.543 W/ViewRootImpl( 2498): Cancelling event due to no window focus: KeyEvent { action=ACTION_UP, keyCode=KEYCODE_DPAD_CENTER, scanCode=28, metaState=0, flags=0x28, repeatCount=0, eventTime=56738, downTime=56726, deviceId=3, source=0x701 }
10-31 17:37:29.543 W/ViewRootImpl( 2498): Cancelling event due to no window focus: KeyEvent { action=ACTION_UP, keyCode=KEYCODE_DPAD_CENTER, scanCode=28, metaState=0, flags=0x28, repeatCount=0, eventTime=56738, downTime=56726, deviceId=3, source=0x701 }
10-31 17:37:29.543 W/ViewRootImpl( 2498): Cancelling event due to no window focus: KeyEvent { action=ACTION_UP, keyCode=KEYCODE_DPAD_CENTER, scanCode=28, metaState=0, flags=0x28, repeatCount=0, eventTime=56738, downTime=56726, deviceId=3, source=0x701 }
10-31 17:37:29.543 W/ViewRootImpl( 2498): Cancelling event due to no window focus: KeyEvent { action=ACTION_UP, keyCode=KEYCODE_DPAD_CENTER, scanCode=28, metaState=0, flags=0x28, repeatCount=0, eventTime=56738, downTime=56726, deviceId=3, source=0x701 }
10-31 17:37:29.543 W/ViewRootImpl( 2498): Cancelling event due to no window focus: KeyEvent { action=ACTION_UP, keyCode=KEYCODE_DPAD_CENTER, scanCode=28, metaState=0, flags=0x28, repeatCount=0, eventTime=56738, downTime=56726, deviceId=3, source=0x701 }
10-31 17:37:29.543 W/ViewRootImpl( 2498): Cancelling event due to no window focus: KeyEvent { action=ACTION_UP, keyCode=KEYCODE_DPAD_CENTER, scanCode=28, metaState=0, flags=0x28, repeatCount=0, eventTime=56738, downTime=56726, deviceId=3, source=0x701 }
10-31 17:37:29.584 W/ContextImpl( 2498): Calling a method in the system process without a qualified user: android.app.ContextImpl.sendBroadcast:1345 android.content.ContextWrapper.sendBroadcast:377 android.app.ActivityThread.performPauseActivity:3259 android.app.ActivityThread.performPauseActivity:3225 android.app.ActivityThread.handlePauseActivity:3200 
10-31 17:37:29.637 V/WindowManager( 2017): Adding window Window{d30b59 u0 Starting com.suma.midware.setting} at 5 of 10 (after Window{5924e1f u0 com.suma.midware.dvb/com.suma.midware.dvb.play.PlayActivity})
10-31 17:37:29.717 W/ContextImpl( 2798): Calling a method in the system process without a qualified user: android.app.ContextImpl.sendBroadcast:1345 android.content.ContextWrapper.sendBroadcast:377 android.app.ActivityThread.performResumeActivity:2982 android.app.ActivityThread.handleResumeActivity:3023 android.app.ActivityThread.handleLaunchActivity:2392 
10-31 17:37:29.732 V/WindowManager( 2017): Adding window Window{2be776b8 u0 com.suma.midware.setting/com.suma.midware.setting.main.SystemMainActivity} at 5 of 11 (before Window{d30b59 u0 Starting com.suma.midware.setting})
10-31 17:37:29.772 W/ViewRootImpl( 2798): Cancelling event due to no window focus: KeyEvent { action=ACTION_UP, keyCode=KEYCODE_DPAD_CENTER, scanCode=28, metaState=0, flags=0x80000028, repeatCount=0, eventTime=56936, downTime=56726, deviceId=3, source=0x701 }
10-31 17:37:29.772 W/ViewRootImpl( 2798): Cancelling event due to no window focus: KeyEvent { action=ACTION_UP, keyCode=KEYCODE_DPAD_CENTER, scanCode=28, metaState=0, flags=0x80000028, repeatCount=0, eventTime=56936, downTime=56726, deviceId=3, source=0x701 }
10-31 17:37:29.772 W/ViewRootImpl( 2798): Cancelling event due to no window focus: KeyEvent { action=ACTION_UP, keyCode=KEYCODE_DPAD_CENTER, scanCode=28, metaState=0, flags=0x80000028, repeatCount=0, eventTime=56936, downTime=56726, deviceId=3, source=0x701 }
10-31 17:37:29.772 W/ViewRootImpl( 2798): Cancelling event due to no window focus: KeyEvent { action=ACTION_UP, keyCode=KEYCODE_DPAD_CENTER, scanCode=28, metaState=0, flags=0x80000028, repeatCount=0, eventTime=56936, downTime=56726, deviceId=3, source=0x701 }
10-31 17:37:29.773 W/ViewRootImpl( 2798): Cancelling event due to no window focus: KeyEvent { action=ACTION_UP, keyCode=KEYCODE_DPAD_CENTER, scanCode=28, metaState=0, flags=0x80000028, repeatCount=0, eventTime=56936, downTime=56726, deviceId=3, source=0x701 }
10-31 17:37:29.773 W/ViewRootImpl( 2798): Cancelling event due to no window focus: KeyEvent { action=ACTION_UP, keyCode=KEYCODE_DPAD_CENTER, scanCode=28, metaState=0, flags=0x80000028, repeatCount=0, eventTime=56936, downTime=56726, deviceId=3, source=0x701 }
10-31 17:37:29.773 W/ViewRootImpl( 2798): Cancelling event due to no window focus: KeyEvent { action=ACTION_UP, keyCode=KEYCODE_DPAD_CENTER, scanCode=28, metaState=0, flags=0x80000028, repeatCount=0, eventTime=56936, downTime=56726, deviceId=3, source=0x701 }
10-31 17:37:29.773 W/ViewRootImpl( 2798): Cancelling event due to no window focus: KeyEvent { action=ACTION_UP, keyCode=KEYCODE_DPAD_CENTER, scanCode=28, metaState=0, flags=0x80000028, repeatCount=0, eventTime=56936, downTime=56726, deviceId=3, source=0x701 }
10-31 17:37:29.773 W/ViewRootImpl( 2798): Cancelling event due to no window focus: KeyEvent { action=ACTION_UP, keyCode=KEYCODE_DPAD_CENTER, scanCode=28, metaState=0, flags=0x80000028, repeatCount=0, eventTime=56936, downTime=56726, deviceId=3, source=0x701 }
10-31 17:37:30.131 W/ContextImpl( 2391): Calling a method in the system process without a qualified user: android.app.ContextImpl.sendBroadcast:1345 android.content.ContextWrapper.sendBroadcast:377 com.suma.midware.back.esg.e.f:-1 com.suma.midware.back.esg.f.run:-1 com.suma.midware.prop.util.c.run:-1 
10-31 17:37:30.845 I/ActivityManager( 2017): START u0 {cmp=com.suma.midware.setting/.net.NetMainActivity} from uid 1000 on display 0
10-31 17:37:30.849 V/WindowManager( 2017): addAppToken: AppWindowToken{2eeda0cd token=Token{2cf94664 ActivityRecord{24b237f7 u0 com.suma.midware.setting/.net.NetMainActivity t774}}} to stack=1 task=774 at 1
10-31 17:37:30.851 W/ContextImpl( 2798): Calling a method in the system process without a qualified user: android.app.ContextImpl.sendBroadcast:1345 android.content.ContextWrapper.sendBroadcast:377 android.app.ActivityThread.performPauseActivity:3259 android.app.ActivityThread.performPauseActivity:3225 android.app.ActivityThread.handlePauseActivity:3200 
10-31 17:37:30.945 W/ContextImpl( 2798): Calling a method in the system process without a qualified user: android.app.ContextImpl.sendBroadcast:1345 android.content.ContextWrapper.sendBroadcast:377 android.app.ActivityThread.performResumeActivity:2982 android.app.ActivityThread.handleResumeActivity:3023 android.app.ActivityThread.handleLaunchActivity:2392 
10-31 17:37:30.948 V/WindowManager( 2017): Adding window Window{21708fce u0 com.suma.midware.setting/com.suma.midware.setting.net.NetMainActivity} at 6 of 11 (after Window{2be776b8 u0 com.suma.midware.setting/com.suma.midware.setting.main.SystemMainActivity})
10-31 17:37:31.132 W/ContextImpl( 2391): Calling a method in the system process without a qualified user: android.app.ContextImpl.sendBroadcast:1345 android.content.ContextWrapper.sendBroadcast:377 com.suma.midware.back.esg.e.f:-1 com.suma.midware.back.esg.f.run:-1 com.suma.midware.prop.util.c.run:-1 
10-31 17:37:32.081 D/TaskPersister( 2017): removeObsoleteFile: deleting file=771_task.xml
10-31 17:37:32.082 D/TaskPersister( 2017): removeObsoleteFile: deleting file=771_task_thumbnail.png
10-31 17:37:34.134 W/ContextImpl( 2391): Calling a method in the system process without a qualified user: android.app.ContextImpl.sendBroadcast:1345 android.content.ContextWrapper.sendBroadcast:377 com.suma.midware.back.esg.e.f:-1 com.suma.midware.back.esg.f.run:-1 com.suma.midware.prop.util.c.run:-1 
10-31 17:37:34.824 I/ActivityManager( 2017): START u0 {cmp=com.suma.midware.setting/.net.NetInfoActivity} from uid 1000 on display 0
10-31 17:37:34.829 V/WindowManager( 2017): addAppToken: AppWindowToken{2ccb1c85 token=Token{1de4fdfc ActivityRecord{10122eef u0 com.suma.midware.setting/.net.NetInfoActivity t774}}} to stack=1 task=774 at 2
10-31 17:37:34.832 W/ContextImpl( 2798): Calling a method in the system process without a qualified user: android.app.ContextImpl.sendBroadcast:1345 android.content.ContextWrapper.sendBroadcast:377 android.app.ActivityThread.performPauseActivity:3259 android.app.ActivityThread.performPauseActivity:3225 android.app.ActivityThread.handlePauseActivity:3200 
10-31 17:37:34.888 W/ContextImpl( 2798): Calling a method in the system process without a qualified user: android.app.ContextImpl.sendBroadcast:1345 android.content.ContextWrapper.sendBroadcast:377 android.app.ActivityThread.performResumeActivity:2982 android.app.ActivityThread.handleResumeActivity:3023 android.app.ActivityThread.handleLaunchActivity:2392 
10-31 17:37:34.891 V/WindowManager( 2017): Adding window Window{20bacaa6 u0 com.suma.midware.setting/com.suma.midware.setting.net.NetInfoActivity} at 7 of 12 (after Window{21708fce u0 com.suma.midware.setting/com.suma.midware.setting.net.NetMainActivity})
10-31 17:37:35.137 W/ContextImpl( 2391): Calling a method in the system process without a qualified user: android.app.ContextImpl.sendBroadcast:1345 android.content.ContextWrapper.sendBroadcast:377 com.suma.midware.back.esg.e.f:-1 com.suma.midware.back.esg.f.run:-1 com.suma.midware.prop.util.c.run:-1 
10-31 17:37:38.141 W/ContextImpl( 2391): Calling a method in the system process without a qualified user: android.app.ContextImpl.sendBroadcast:1345 android.content.ContextWrapper.sendBroadcast:377 com.suma.midware.back.esg.e.f:-1 com.suma.midware.back.esg.f.run:-1 com.suma.midware.prop.util.c.run:-1 
10-31 17:37:39.144 W/ContextImpl( 2391): Calling a method in the system process without a qualified user: android.app.ContextImpl.sendBroadcast:1345 android.content.ContextWrapper.sendBroadcast:377 com.suma.midware.back.esg.e.f:-1 com.suma.midware.back.esg.f.run:-1 com.suma.midware.prop.util.c.run:-1 
10-31 17:37:42.147 W/ContextImpl( 2391): Calling a method in the system process without a qualified user: android.app.ContextImpl.sendBroadcast:1345 android.content.ContextWrapper.sendBroadcast:377 com.suma.midware.back.esg.e.f:-1 com.suma.midware.back.esg.f.run:-1 com.suma.midware.prop.util.c.run:-1 
10-31 17:37:43.150 W/ContextImpl( 2391): Calling a method in the system process without a qualified user: android.app.ContextImpl.sendBroadcast:1345 android.content.ContextWrapper.sendBroadcast:377 com.suma.midware.back.esg.e.f:-1 com.suma.midware.back.esg.f.run:-1 com.suma.midware.prop.util.c.run:-1 
10-31 17:37:46.154 W/ContextImpl( 2391): Calling a method in the system process without a qualified user: android.app.ContextImpl.sendBroadcast:1345 android.content.ContextWrapper.sendBroadcast:377 com.suma.midware.back.esg.e.f:-1 com.suma.midware.back.esg.f.run:-1 com.suma.midware.prop.util.c.run:-1 
10-31 17:37:47.157 W/ContextImpl( 2391): Calling a method in the system process without a qualified user: android.app.ContextImpl.sendBroadcast:1345 android.content.ContextWrapper.sendBroadcast:377 com.suma.midware.back.esg.e.f:-1 com.suma.midware.back.esg.f.run:-1 com.suma.midware.prop.util.c.run:-1 
10-31 17:37:50.161 W/ContextImpl( 2391): Calling a method in the system process without a qualified user: android.app.ContextImpl.sendBroadcast:1345 android.content.ContextWrapper.sendBroadcast:377 com.suma.midware.back.esg.e.f:-1 com.suma.midware.back.esg.f.run:-1 com.suma.midware.prop.util.c.run:-1 
10-31 17:37:51.163 W/ContextImpl( 2391): Calling a method in the system process without a qualified user: android.app.ContextImpl.sendBroadcast:1345 android.content.ContextWrapper.sendBroadcast:377 com.suma.midware.back.esg.e.f:-1 com.suma.midware.back.esg.f.run:-1 com.suma.midware.prop.util.c.run:-1 
10-31 17:37:54.167 W/ContextImpl( 2391): Calling a method in the system process without a qualified user: android.app.ContextImpl.sendBroadcast:1345 android.content.ContextWrapper.sendBroadcast:377 com.suma.midware.back.esg.e.f:-1 com.suma.midware.back.esg.f.run:-1 com.suma.midware.prop.util.c.run:-1 
10-31 17:37:55.170 W/ContextImpl( 2391): Calling a method in the system process without a qualified user: android.app.ContextImpl.sendBroadcast:1345 android.content.ContextWrapper.sendBroadcast:377 com.suma.midware.back.esg.e.f:-1 com.suma.midware.back.esg.f.run:-1 com.suma.midware.prop.util.c.run:-1 
10-31 17:37:58.173 W/ContextImpl( 2391): Calling a method in the system process without a qualified user: android.app.ContextImpl.sendBroadcast:1345 android.content.ContextWrapper.sendBroadcast:377 com.suma.midware.back.esg.e.f:-1 com.suma.midware.back.esg.f.run:-1 com.suma.midware.prop.util.c.run:-1 
10-31 17:37:59.176 W/ContextImpl( 2391): Calling a method in the system process without a qualified user: android.app.ContextImpl.sendBroadcast:1345 android.content.ContextWrapper.sendBroadcast:377 com.suma.midware.back.esg.e.f:-1 com.suma.midware.back.esg.f.run:-1 com.suma.midware.prop.util.c.run:-1 
10-31 17:38:02.180 W/ContextImpl( 2391): Calling a method in the system process without a qualified user: android.app.ContextImpl.sendBroadcast:1345 android.content.ContextWrapper.sendBroadcast:377 com.suma.midware.back.esg.e.f:-1 com.suma.midware.back.esg.f.run:-1 com.suma.midware.prop.util.c.run:-1 
10-31 17:38:03.183 W/ContextImpl( 2391): Calling a method in the system process without a qualified user: android.app.ContextImpl.sendBroadcast:1345 android.content.ContextWrapper.sendBroadcast:377 com.suma.midware.back.esg.e.f:-1 com.suma.midware.back.esg.f.run:-1 com.suma.midware.prop.util.c.run:-1 
10-31 17:38:06.186 W/ContextImpl( 2391): Calling a method in the system process without a qualified user: android.app.ContextImpl.sendBroadcast:1345 android.content.ContextWrapper.sendBroadcast:377 com.suma.midware.back.esg.e.f:-1 com.suma.midware.back.esg.f.run:-1 com.suma.midware.prop.util.c.run:-1 
10-31 17:38:07.189 W/ContextImpl( 2391): Calling a method in the system process without a qualified user: android.app.ContextImpl.sendBroadcast:1345 android.content.ContextWrapper.sendBroadcast:377 com.suma.midware.back.esg.e.f:-1 com.suma.midware.back.esg.f.run:-1 com.suma.midware.prop.util.c.run:-1 
10-31 17:38:09.178 W/ContextImpl( 2391): Calling a method in the system process without a qualified user: android.app.ContextImpl.sendBroadcast:1345 android.content.ContextWrapper.sendBroadcast:377 com.suma.midware.back.esg.e.f:-1 com.suma.midware.back.esg.f.run:-1 com.suma.midware.prop.util.c.run:-1 
10-31 17:38:10.181 W/ContextImpl( 2391): Calling a method in the system process without a qualified user: android.app.ContextImpl.sendBroadcast:1345 android.content.ContextWrapper.sendBroadcast:377 com.suma.midware.back.esg.e.f:-1 com.suma.midware.back.esg.f.run:-1 com.suma.midware.prop.util.c.run:-1 
10-31 17:38:11.184 W/ContextImpl( 2391): Calling a method in the system process without a qualified user: android.app.ContextImpl.sendBroadcast:1345 android.content.ContextWrapper.sendBroadcast:377 com.suma.midware.back.esg.e.f:-1 com.suma.midware.back.esg.f.run:-1 com.suma.midware.prop.util.c.run:-1 
10-31 17:38:40.384 I/ActivityManager( 2017): START u0 {act=android.intent.action.MAIN cat=[android.intent.category.HOME] flg=0x10200000 cmp=com.suma.midware.home/.third.Main3DActivity} from uid 1000 on display 0
10-31 17:38:40.400 I/ActivityManager( 2017): Force stopping com.android.browser appid=10010 user=0: from pid 2391
10-31 17:38:40.402 W/ContextImpl( 2798): Calling a method in the system process without a qualified user: android.app.ContextImpl.sendBroadcast:1345 android.content.ContextWrapper.sendBroadcast:377 android.app.ActivityThread.performPauseActivity:3259 android.app.ActivityThread.performPauseActivity:3225 android.app.ActivityThread.handlePauseActivity:3200 
10-31 17:38:40.420 W/ContextImpl( 2498): Calling a method in the system process without a qualified user: android.app.ContextImpl.sendBroadcast:1345 android.content.ContextWrapper.sendBroadcast:377 com.suma.midware.view.ext.BluetoothUpdate.b:-1 com.suma.midware.home.third.Main3DActivity.onResume:-1 android.app.Instrumentation.callActivityOnResume:1257 
10-31 17:38:40.425 W/ContextImpl( 2498): Calling a method in the system process without a qualified user: android.app.ContextImpl.sendBroadcast:1345 android.content.ContextWrapper.sendBroadcast:377 android.app.ActivityThread.performResumeActivity:2982 android.app.ActivityThread.handleResumeActivity:3023 android.app.ActivityThread$H.handleMessage:1347 
10-31 17:38:44.633 I/ActivityManager( 2017): START u0 {act= cmp=com.ipanel.android_webview.shell/com.ipanel.webapp.BrowserActivity (has extras)} from uid 1000 on display 0
10-31 17:38:44.637 V/WindowManager( 2017): addAppToken: AppWindowToken{1f61de2c token=Token{2ad2b1df ActivityRecord{2706887e u0 com.ipanel.android_webview.shell/com.ipanel.webapp.BrowserActivity t775}}} to stack=1 task=775 at 0
10-31 17:38:44.641 V/WindowManager( 2017): Adding window Window{2c24e771 u0 Starting com.ipanel.android_webview.shell} at 8 of 13 (after Window{20bacaa6 u0 com.suma.midware.setting/com.suma.midware.setting.net.NetInfoActivity})
10-31 17:38:44.647 W/ContextImpl( 2498): Calling a method in the system process without a qualified user: android.app.ContextImpl.sendBroadcast:1345 android.content.ContextWrapper.sendBroadcast:377 android.app.ActivityThread.performPauseActivity:3259 android.app.ActivityThread.performPauseActivity:3225 android.app.ActivityThread.handlePauseActivity:3200 
10-31 17:38:44.708 I/ActivityManager( 2017): Start proc 3300:com.ipanel.android_webview.shell/u0a32 for activity com.ipanel.android_webview.shell/com.ipanel.webapp.BrowserActivity
10-31 17:38:45.386 V/WindowManager( 2017): Adding window Window{394e8bbf u0 com.ipanel.android_webview.shell/com.ipanel.webapp.BrowserActivity} at 8 of 14 (before Window{2c24e771 u0 Starting com.ipanel.android_webview.shell})
10-31 17:38:45.409 D/ConnectivityService( 2017): listenForNetwork for NetworkRequest [ id=3, legacyType=-1, [ Capabilities: INTERNET&NOT_RESTRICTED&TRUSTED] ]
10-31 17:38:45.409 D/ConnectivityService( 2017): handleRegisterNetworkRequest checking NetworkAgentInfo [WIFI () - 100]
10-31 17:38:45.409 D/ConnectivityService( 2017): apparently satisfied.  currentScore=60
10-31 17:38:45.516 V/WindowManager( 2017): Adding window Window{4ce9b78 u0 SurfaceView} at 8 of 15 (before Window{394e8bbf u0 com.ipanel.android_webview.shell/com.ipanel.webapp.BrowserActivity})
10-31 17:38:45.535 V/WindowManager( 2017): Adding window Window{28100ab6 u0 SurfaceView} at 9 of 16 (before Window{394e8bbf u0 com.ipanel.android_webview.shell/com.ipanel.webapp.BrowserActivity})
10-31 17:38:45.553 W/ViewRootImpl( 3300): Cancelling event due to no window focus: KeyEvent { action=ACTION_UP, keyCode=KEYCODE_DPAD_CENTER, scanCode=28, metaState=0, flags=0x80000028, repeatCount=0, eventTime=132028, downTime=131819, deviceId=3, source=0x701 }
10-31 17:38:45.553 W/ViewRootImpl( 3300): Cancelling event due to no window focus: KeyEvent { action=ACTION_UP, keyCode=KEYCODE_DPAD_CENTER, scanCode=28, metaState=0, flags=0x80000028, repeatCount=0, eventTime=132028, downTime=131819, deviceId=3, source=0x701 }
10-31 17:38:45.553 W/ViewRootImpl( 3300): Cancelling event due to no window focus: KeyEvent { action=ACTION_UP, keyCode=KEYCODE_DPAD_CENTER, scanCode=28, metaState=0, flags=0x80000028, repeatCount=0, eventTime=132028, downTime=131819, deviceId=3, source=0x701 }
10-31 17:38:45.553 W/ViewRootImpl( 3300): Cancelling event due to no window focus: KeyEvent { action=ACTION_UP, keyCode=KEYCODE_DPAD_CENTER, scanCode=28, metaState=0, flags=0x80000028, repeatCount=0, eventTime=132028, downTime=131819, deviceId=3, source=0x701 }
10-31 17:38:45.553 W/ViewRootImpl( 3300): Cancelling event due to no window focus: KeyEvent { action=ACTION_UP, keyCode=KEYCODE_DPAD_CENTER, scanCode=28, metaState=0, flags=0x80000028, repeatCount=0, eventTime=132028, downTime=131819, deviceId=3, source=0x701 }
10-31 17:38:45.553 W/ViewRootImpl( 3300): Cancelling event due to no window focus: KeyEvent { action=ACTION_UP, keyCode=KEYCODE_DPAD_CENTER, scanCode=28, metaState=0, flags=0x80000028, repeatCount=0, eventTime=132028, downTime=131819, deviceId=3, source=0x701 }
10-31 17:38:45.557 W/ViewRootImpl( 3300): Cancelling event due to no window focus: KeyEvent { action=ACTION_UP, keyCode=KEYCODE_DPAD_CENTER, scanCode=28, metaState=0, flags=0x80000028, repeatCount=0, eventTime=132028, downTime=131819, deviceId=3, source=0x701 }
10-31 17:38:45.557 W/ViewRootImpl( 3300): Cancelling event due to no window focus: KeyEvent { action=ACTION_UP, keyCode=KEYCODE_DPAD_CENTER, scanCode=28, metaState=0, flags=0x80000028, repeatCount=0, eventTime=132028, downTime=131819, deviceId=3, source=0x701 }
10-31 17:38:45.557 W/ViewRootImpl( 3300): Cancelling event due to no window focus: KeyEvent { action=ACTION_UP, keyCode=KEYCODE_DPAD_CENTER, scanCode=28, metaState=0, flags=0x80000028, repeatCount=0, eventTime=132028, downTime=131819, deviceId=3, source=0x701 }
10-31 17:38:48.147 D/TaskPersister( 2017): removeObsoleteFile: deleting file=770_task.xml
10-31 17:38:48.148 D/TaskPersister( 2017): removeObsoleteFile: deleting file=770_task_thumbnail.png
10-31 17:38:53.472 E/RemotePrintSpooler( 2017): Error removing obsolete print jobs .
10-31 17:38:53.472 E/RemotePrintSpooler( 2017): java.util.concurrent.TimeoutException: Cannot get spooler!
10-31 17:38:53.472 E/RemotePrintSpooler( 2017): 	at com.android.server.print.RemotePrintSpooler.bindLocked(RemotePrintSpooler.java:378)
10-31 17:38:53.472 E/RemotePrintSpooler( 2017): 	at com.android.server.print.RemotePrintSpooler.getRemoteInstanceLazy(RemotePrintSpooler.java:354)
10-31 17:38:53.472 E/RemotePrintSpooler( 2017): 	at com.android.server.print.RemotePrintSpooler.removeObsoletePrintJobs(RemotePrintSpooler.java:289)
10-31 17:38:53.472 E/RemotePrintSpooler( 2017): 	at com.android.server.print.UserState.removeObsoletePrintJobs(UserState.java:165)
10-31 17:38:53.472 E/RemotePrintSpooler( 2017): 	at com.android.server.print.PrintManagerService$PrintManagerImpl$3.run(PrintManagerService.java:644)
10-31 17:38:53.472 E/RemotePrintSpooler( 2017): 	at android.os.Handler.handleCallback(Handler.java:739)
10-31 17:38:53.472 E/RemotePrintSpooler( 2017): 	at android.os.Handler.dispatchMessage(Handler.java:95)
10-31 17:38:53.472 E/RemotePrintSpooler( 2017): 	at android.os.Looper.loop(Looper.java:135)
10-31 17:38:53.472 E/RemotePrintSpooler( 2017): 	at android.os.HandlerThread.run(HandlerThread.java:61)
10-31 17:38:53.479 I/UsageStatsService( 2017): User[0] Flushing usage stats to disk
10-31 17:38:53.521 I/UsageStatsDatabase( 2017): Moving file /data/system/usagestats/0/daily/1420070400000 to /data/system/usagestats/0/daily/1509442596137
10-31 17:38:53.521 I/UsageStatsDatabase( 2017): Moving file /data/system/usagestats/0/weekly/1420070400000 to /data/system/usagestats/0/weekly/1509442596137
10-31 17:38:53.522 I/UsageStatsDatabase( 2017): Moving file /data/system/usagestats/0/monthly/1417824000000 to /data/system/usagestats/0/monthly/1507196196137
10-31 17:38:53.523 I/UsageStatsDatabase( 2017): Moving file /data/system/usagestats/0/yearly/1419120000000 to /data/system/usagestats/0/yearly/1508492196137
10-31 17:38:53.538 I/UsageStatsService( 2017): User[0] Rollover scheduled @ 2017-11-01 08:00:00(1509494400000)
10-31 17:39:14.218 W/ContextImpl( 2391): Calling a method in the system process without a qualified user: android.app.ContextImpl.sendBroadcast:1345 android.content.ContextWrapper.sendBroadcast:377 com.suma.midware.back.esg.e.f:-1 com.suma.midware.back.esg.f.run:-1 com.suma.midware.prop.util.c.run:-1 
10-31 17:39:15.220 W/ContextImpl( 2391): Calling a method in the system process without a qualified user: android.app.ContextImpl.sendBroadcast:1345 android.content.ContextWrapper.sendBroadcast:377 com.suma.midware.back.esg.e.f:-1 com.suma.midware.back.esg.f.run:-1 com.suma.midware.prop.util.c.run:-1 
10-31 17:39:16.223 W/ContextImpl( 2391): Calling a method in the system process without a qualified user: android.app.ContextImpl.sendBroadcast:1345 android.content.ContextWrapper.sendBroadcast:377 com.suma.midware.back.esg.e.f:-1 com.suma.midware.back.esg.f.run:-1 com.suma.midware.prop.util.c.run:-1 
10-31 17:40:19.242 W/ContextImpl( 2391): Calling a method in the system process without a qualified user: android.app.ContextImpl.sendBroadcast:1345 android.content.ContextWrapper.sendBroadcast:377 com.suma.midware.back.esg.e.f:-1 com.suma.midware.back.esg.f.run:-1 com.suma.midware.prop.util.c.run:-1 
10-31 17:40:20.244 W/ContextImpl( 2391): Calling a method in the system process without a qualified user: android.app.ContextImpl.sendBroadcast:1345 android.content.ContextWrapper.sendBroadcast:377 com.suma.midware.back.esg.e.f:-1 com.suma.midware.back.esg.f.run:-1 com.suma.midware.prop.util.c.run:-1 
10-31 17:40:21.247 W/ContextImpl( 2391): Calling a method in the system process without a qualified user: android.app.ContextImpl.sendBroadcast:1345 android.content.ContextWrapper.sendBroadcast:377 com.suma.midware.back.esg.e.f:-1 com.suma.midware.back.esg.f.run:-1 com.suma.midware.prop.util.c.run:-1 
10-31 17:41:24.266 W/ContextImpl( 2391): Calling a method in the system process without a qualified user: android.app.ContextImpl.sendBroadcast:1345 android.content.ContextWrapper.sendBroadcast:377 com.suma.midware.back.esg.e.f:-1 com.suma.midware.back.esg.f.run:-1 com.suma.midware.prop.util.c.run:-1 
10-31 17:41:25.268 W/ContextImpl( 2391): Calling a method in the system process without a qualified user: android.app.ContextImpl.sendBroadcast:1345 android.content.ContextWrapper.sendBroadcast:377 com.suma.midware.back.esg.e.f:-1 com.suma.midware.back.esg.f.run:-1 com.suma.midware.prop.util.c.run:-1 
10-31 17:41:26.271 W/ContextImpl( 2391): Calling a method in the system process without a qualified user: android.app.ContextImpl.sendBroadcast:1345 android.content.ContextWrapper.sendBroadcast:377 com.suma.midware.back.esg.e.f:-1 com.suma.midware.back.esg.f.run:-1 com.suma.midware.prop.util.c.run:-1 
10-31 17:42:29.296 W/ContextImpl( 2391): Calling a method in the system process without a qualified user: android.app.ContextImpl.sendBroadcast:1345 android.content.ContextWrapper.sendBroadcast:377 com.suma.midware.back.esg.e.f:-1 com.suma.midware.back.esg.f.run:-1 com.suma.midware.prop.util.c.run:-1 
10-31 17:42:30.297 W/ContextImpl( 2391): Calling a method in the system process without a qualified user: android.app.ContextImpl.sendBroadcast:1345 android.content.ContextWrapper.sendBroadcast:377 com.suma.midware.back.esg.e.f:-1 com.suma.midware.back.esg.f.run:-1 com.suma.midware.prop.util.c.run:-1 
10-31 17:42:31.300 W/ContextImpl( 2391): Calling a method in the system process without a qualified user: android.app.ContextImpl.sendBroadcast:1345 android.content.ContextWrapper.sendBroadcast:377 com.suma.midware.back.esg.e.f:-1 com.suma.midware.back.esg.f.run:-1 com.suma.midware.prop.util.c.run:-1 
10-31 17:43:34.327 W/ContextImpl( 2391): Calling a method in the system process without a qualified user: android.app.ContextImpl.sendBroadcast:1345 android.content.ContextWrapper.sendBroadcast:377 com.suma.midware.back.esg.e.f:-1 com.suma.midware.back.esg.f.run:-1 com.suma.midware.prop.util.c.run:-1 
10-31 17:43:35.329 W/ContextImpl( 2391): Calling a method in the system process without a qualified user: android.app.ContextImpl.sendBroadcast:1345 android.content.ContextWrapper.sendBroadcast:377 com.suma.midware.back.esg.e.f:-1 com.suma.midware.back.esg.f.run:-1 com.suma.midware.prop.util.c.run:-1 
10-31 17:43:36.332 W/ContextImpl( 2391): Calling a method in the system process without a qualified user: android.app.ContextImpl.sendBroadcast:1345 android.content.ContextWrapper.sendBroadcast:377 com.suma.midware.back.esg.e.f:-1 com.suma.midware.back.esg.f.run:-1 com.suma.midware.prop.util.c.run:-1 
10-31 17:44:39.371 W/ContextImpl( 2391): Calling a method in the system process without a qualified user: android.app.ContextImpl.sendBroadcast:1345 android.content.ContextWrapper.sendBroadcast:377 com.suma.midware.back.esg.e.f:-1 com.suma.midware.back.esg.f.run:-1 com.suma.midware.prop.util.c.run:-1 
10-31 17:44:40.374 W/ContextImpl( 2391): Calling a method in the system process without a qualified user: android.app.ContextImpl.sendBroadcast:1345 android.content.ContextWrapper.sendBroadcast:377 com.suma.midware.back.esg.e.f:-1 com.suma.midware.back.esg.f.run:-1 com.suma.midware.prop.util.c.run:-1 
10-31 17:44:41.377 W/ContextImpl( 2391): Calling a method in the system process without a qualified user: android.app.ContextImpl.sendBroadcast:1345 android.content.ContextWrapper.sendBroadcast:377 com.suma.midware.back.esg.e.f:-1 com.suma.midware.back.esg.f.run:-1 com.suma.midware.prop.util.c.run:-1 
10-31 17:45:44.409 W/ContextImpl( 2391): Calling a method in the system process without a qualified user: android.app.ContextImpl.sendBroadcast:1345 android.content.ContextWrapper.sendBroadcast:377 com.suma.midware.back.esg.e.f:-1 com.suma.midware.back.esg.f.run:-1 com.suma.midware.prop.util.c.run:-1 
10-31 17:45:45.411 W/ContextImpl( 2391): Calling a method in the system process without a qualified user: android.app.ContextImpl.sendBroadcast:1345 android.content.ContextWrapper.sendBroadcast:377 com.suma.midware.back.esg.e.f:-1 com.suma.midware.back.esg.f.run:-1 com.suma.midware.prop.util.c.run:-1 
10-31 17:45:46.415 W/ContextImpl( 2391): Calling a method in the system process without a qualified user: android.app.ContextImpl.sendBroadcast:1345 android.content.ContextWrapper.sendBroadcast:377 com.suma.midware.back.esg.e.f:-1 com.suma.midware.back.esg.f.run:-1 com.suma.midware.prop.util.c.run:-1 
10-31 17:46:49.452 W/ContextImpl( 2391): Calling a method in the system process without a qualified user: android.app.ContextImpl.sendBroadcast:1345 android.content.ContextWrapper.sendBroadcast:377 com.suma.midware.back.esg.e.f:-1 com.suma.midware.back.esg.f.run:-1 com.suma.midware.prop.util.c.run:-1 
10-31 17:46:50.454 W/ContextImpl( 2391): Calling a method in the system process without a qualified user: android.app.ContextImpl.sendBroadcast:1345 android.content.ContextWrapper.sendBroadcast:377 com.suma.midware.back.esg.e.f:-1 com.suma.midware.back.esg.f.run:-1 com.suma.midware.prop.util.c.run:-1 
10-31 17:46:51.455 W/ContextImpl( 2391): Calling a method in the system process without a qualified user: android.app.ContextImpl.sendBroadcast:1345 android.content.ContextWrapper.sendBroadcast:377 com.suma.midware.back.esg.e.f:-1 com.suma.midware.back.esg.f.run:-1 com.suma.midware.prop.util.c.run:-1 
10-31 17:47:54.497 W/ContextImpl( 2391): Calling a method in the system process without a qualified user: android.app.ContextImpl.sendBroadcast:1345 android.content.ContextWrapper.sendBroadcast:377 com.suma.midware.back.esg.e.f:-1 com.suma.midware.back.esg.f.run:-1 com.suma.midware.prop.util.c.run:-1 
10-31 17:47:55.499 W/ContextImpl( 2391): Calling a method in the system process without a qualified user: android.app.ContextImpl.sendBroadcast:1345 android.content.ContextWrapper.sendBroadcast:377 com.suma.midware.back.esg.e.f:-1 com.suma.midware.back.esg.f.run:-1 com.suma.midware.prop.util.c.run:-1 
10-31 17:47:56.500 W/ContextImpl( 2391): Calling a method in the system process without a qualified user: android.app.ContextImpl.sendBroadcast:1345 android.content.ContextWrapper.sendBroadcast:377 com.suma.midware.back.esg.e.f:-1 com.suma.midware.back.esg.f.run:-1 com.suma.midware.prop.util.c.run:-1 
10-31 17:48:59.541 W/ContextImpl( 2391): Calling a method in the system process without a qualified user: android.app.ContextImpl.sendBroadcast:1345 android.content.ContextWrapper.sendBroadcast:377 com.suma.midware.back.esg.e.f:-1 com.suma.midware.back.esg.f.run:-1 com.suma.midware.prop.util.c.run:-1 
10-31 17:49:00.543 W/ContextImpl( 2391): Calling a method in the system process without a qualified user: android.app.ContextImpl.sendBroadcast:1345 android.content.ContextWrapper.sendBroadcast:377 com.suma.midware.back.esg.e.f:-1 com.suma.midware.back.esg.f.run:-1 com.suma.midware.prop.util.c.run:-1 
10-31 17:49:01.545 W/ContextImpl( 2391): Calling a method in the system process without a qualified user: android.app.ContextImpl.sendBroadcast:1345 android.content.ContextWrapper.sendBroadcast:377 com.suma.midware.back.esg.e.f:-1 com.suma.midware.back.esg.f.run:-1 com.suma.midware.prop.util.c.run:-1 
10-31 17:50:04.597 W/ContextImpl( 2391): Calling a method in the system process without a qualified user: android.app.ContextImpl.sendBroadcast:1345 android.content.ContextWrapper.sendBroadcast:377 com.suma.midware.back.esg.e.f:-1 com.suma.midware.back.esg.f.run:-1 com.suma.midware.prop.util.c.run:-1 
10-31 17:50:05.600 W/ContextImpl( 2391): Calling a method in the system process without a qualified user: android.app.ContextImpl.sendBroadcast:1345 android.content.ContextWrapper.sendBroadcast:377 com.suma.midware.back.esg.e.f:-1 com.suma.midware.back.esg.f.run:-1 com.suma.midware.prop.util.c.run:-1 
10-31 17:50:06.603 W/ContextImpl( 2391): Calling a method in the system process without a qualified user: android.app.ContextImpl.sendBroadcast:1345 android.content.ContextWrapper.sendBroadcast:377 com.suma.midware.back.esg.e.f:-1 com.suma.midware.back.esg.f.run:-1 com.suma.midware.prop.util.c.run:-1 
10-31 17:51:09.649 W/ContextImpl( 2391): Calling a method in the system process without a qualified user: android.app.ContextImpl.sendBroadcast:1345 android.content.ContextWrapper.sendBroadcast:377 com.suma.midware.back.esg.e.f:-1 com.suma.midware.back.esg.f.run:-1 com.suma.midware.prop.util.c.run:-1 
10-31 17:51:10.651 W/ContextImpl( 2391): Calling a method in the system process without a qualified user: android.app.ContextImpl.sendBroadcast:1345 android.content.ContextWrapper.sendBroadcast:377 com.suma.midware.back.esg.e.f:-1 com.suma.midware.back.esg.f.run:-1 com.suma.midware.prop.util.c.run:-1 
10-31 17:51:11.654 W/ContextImpl( 2391): Calling a method in the system process without a qualified user: android.app.ContextImpl.sendBroadcast:1345 android.content.ContextWrapper.sendBroadcast:377 com.suma.midware.back.esg.e.f:-1 com.suma.midware.back.esg.f.run:-1 com.suma.midware.prop.util.c.run:-1 
10-31 17:52:14.681 W/ContextImpl( 2391): Calling a method in the system process without a qualified user: android.app.ContextImpl.sendBroadcast:1345 android.content.ContextWrapper.sendBroadcast:377 com.suma.midware.back.esg.e.f:-1 com.suma.midware.back.esg.f.run:-1 com.suma.midware.prop.util.c.run:-1 
10-31 17:52:15.683 W/ContextImpl( 2391): Calling a method in the system process without a qualified user: android.app.ContextImpl.sendBroadcast:1345 android.content.ContextWrapper.sendBroadcast:377 com.suma.midware.back.esg.e.f:-1 com.suma.midware.back.esg.f.run:-1 com.suma.midware.prop.util.c.run:-1 
10-31 17:52:16.687 W/ContextImpl( 2391): Calling a method in the system process without a qualified user: android.app.ContextImpl.sendBroadcast:1345 android.content.ContextWrapper.sendBroadcast:377 com.suma.midware.back.esg.e.f:-1 com.suma.midware.back.esg.f.run:-1 com.suma.midware.prop.util.c.run:-1 
10-31 17:53:19.709 W/ContextImpl( 2391): Calling a method in the system process without a qualified user: android.app.ContextImpl.sendBroadcast:1345 android.content.ContextWrapper.sendBroadcast:377 com.suma.midware.back.esg.e.f:-1 com.suma.midware.back.esg.f.run:-1 com.suma.midware.prop.util.c.run:-1 
10-31 17:53:20.711 W/ContextImpl( 2391): Calling a method in the system process without a qualified user: android.app.ContextImpl.sendBroadcast:1345 android.content.ContextWrapper.sendBroadcast:377 com.suma.midware.back.esg.e.f:-1 com.suma.midware.back.esg.f.run:-1 com.suma.midware.prop.util.c.run:-1 
10-31 17:53:21.714 W/ContextImpl( 2391): Calling a method in the system process without a qualified user: android.app.ContextImpl.sendBroadcast:1345 android.content.ContextWrapper.sendBroadcast:377 com.suma.midware.back.esg.e.f:-1 com.suma.midware.back.esg.f.run:-1 com.suma.midware.prop.util.c.run:-1 
10-31 17:54:24.749 W/ContextImpl( 2391): Calling a method in the system process without a qualified user: android.app.ContextImpl.sendBroadcast:1345 android.content.ContextWrapper.sendBroadcast:377 com.suma.midware.back.esg.e.f:-1 com.suma.midware.back.esg.f.run:-1 com.suma.midware.prop.util.c.run:-1 
10-31 17:54:25.751 W/ContextImpl( 2391): Calling a method in the system process without a qualified user: android.app.ContextImpl.sendBroadcast:1345 android.content.ContextWrapper.sendBroadcast:377 com.suma.midware.back.esg.e.f:-1 com.suma.midware.back.esg.f.run:-1 com.suma.midware.prop.util.c.run:-1 
10-31 17:54:26.754 W/ContextImpl( 2391): Calling a method in the system process without a qualified user: android.app.ContextImpl.sendBroadcast:1345 android.content.ContextWrapper.sendBroadcast:377 com.suma.midware.back.esg.e.f:-1 com.suma.midware.back.esg.f.run:-1 com.suma.midware.prop.util.c.run:-1 
10-31 17:55:23.643 I/ActivityManager( 2017): START u0 {act=android.intent.action.MAIN cat=[android.intent.category.HOME] flg=0x10200000 cmp=com.suma.midware.home/.third.Main3DActivity} from uid 1000 on display 0
10-31 17:55:23.666 I/ActivityManager( 2017): Force stopping com.android.browser appid=10010 user=0: from pid 2391
10-31 17:55:23.703 W/ContextImpl( 2498): Calling a method in the system process without a qualified user: android.app.ContextImpl.sendBroadcast:1345 android.content.ContextWrapper.sendBroadcast:377 com.suma.midware.view.ext.BluetoothUpdate.b:-1 com.suma.midware.home.third.Main3DActivity.onResume:-1 android.app.Instrumentation.callActivityOnResume:1257 
10-31 17:55:23.707 W/ContextImpl( 2498): Calling a method in the system process without a qualified user: android.app.ContextImpl.sendBroadcast:1345 android.content.ContextWrapper.sendBroadcast:377 android.app.ActivityThread.performResumeActivity:2982 android.app.ActivityThread.handleResumeActivity:3023 android.app.ActivityThread$H.handleMessage:1347 
10-31 17:55:28.797 I/ActivityManager( 2017): START u0 {act= cmp=com.ipanel.android_webview.shell/com.ipanel.webapp.BrowserActivity (has extras)} from uid 1000 on display 0
10-31 17:55:28.811 W/ContextImpl( 2498): Calling a method in the system process without a qualified user: android.app.ContextImpl.sendBroadcast:1345 android.content.ContextWrapper.sendBroadcast:377 android.app.ActivityThread.performPauseActivity:3259 android.app.ActivityThread.performPauseActivity:3225 android.app.ActivityThread.handlePauseActivity:3200 
10-31 17:55:29.774 W/ContextImpl( 2391): Calling a method in the system process without a qualified user: android.app.ContextImpl.sendBroadcast:1345 android.content.ContextWrapper.sendBroadcast:377 com.suma.midware.back.esg.e.f:-1 com.suma.midware.back.esg.f.run:-1 com.suma.midware.prop.util.c.run:-1 
10-31 17:55:30.775 W/ContextImpl( 2391): Calling a method in the system process without a qualified user: android.app.ContextImpl.sendBroadcast:1345 android.content.ContextWrapper.sendBroadcast:377 com.suma.midware.back.esg.e.f:-1 com.suma.midware.back.esg.f.run:-1 com.suma.midware.prop.util.c.run:-1 
10-31 17:55:31.779 W/ContextImpl( 2391): Calling a method in the system process without a qualified user: android.app.ContextImpl.sendBroadcast:1345 android.content.ContextWrapper.sendBroadcast:377 com.suma.midware.back.esg.e.f:-1 com.suma.midware.back.esg.f.run:-1 com.suma.midware.prop.util.c.run:-1 
10-31 17:56:34.863 W/ContextImpl( 2391): Calling a method in the system process without a qualified user: android.app.ContextImpl.sendBroadcast:1345 android.content.ContextWrapper.sendBroadcast:377 com.suma.midware.back.esg.e.f:-1 com.suma.midware.back.esg.f.run:-1 com.suma.midware.prop.util.c.run:-1 
10-31 17:56:35.866 W/ContextImpl( 2391): Calling a method in the system process without a qualified user: android.app.ContextImpl.sendBroadcast:1345 android.content.ContextWrapper.sendBroadcast:377 com.suma.midware.back.esg.e.f:-1 com.suma.midware.back.esg.f.run:-1 com.suma.midware.prop.util.c.run:-1 
--------- beginning of main
10-31 17:56:36.810 D/base::Ini( 3300): [getOption] getOption name='debug-netdev-level' value=''.
10-31 17:56:36.811 D/base::Ini( 3300): [getOption] getOption name='debug-eventManager-level' value=''.
10-31 17:56:36.811 D/base::Ini( 3300): [getOption] getOption name='debug-eventManager-level' value=''.
10-31 17:56:36.811 D/base::Ini( 3300): [getOption] getOption name='debug-eventManager-level' value=''.
10-31 17:56:36.811 D/base::Ini( 3300): [getOption] getOption name='debug-eventManager-level' value=''.
10-31 17:56:36.811 D/base::Ini( 3300): [getOption] getOption name='debug-eventManager-level' value=''.
10-31 17:56:36.811 D/base::Ini( 3300): [getOption] getOption name='debug-eventManager-level' value=''.
10-31 17:56:36.811 D/base::Ini( 3300): [getOption] getOption name='debug-eventManager-level' value=''.
10-31 17:56:36.811 D/base::Ini( 3300): [getOption] getOption name='debug-eventManager-level' value=''.
10-31 17:56:36.811 D/base::Ini( 3300): [getOption] getOption name='debug-eventManager-level' value=''.
10-31 17:56:36.811 D/base::Ini( 3300): [getOption] getOption name='debug-eventManager-level' value=''.
10-31 17:56:36.811 D/base::Ini( 3300): [getOption] getOption name='debug-eventManager-level' value=''.
10-31 17:56:36.811 D/base::Ini( 3300): [getOption] getOption name='debug-eventManager-level' value=''.
10-31 17:56:36.811 D/base::Ini( 3300): [getOption] getOption name='debug-eventManager-level' value=''.
10-31 17:56:36.811 D/base::Ini( 3300): [getOption] getOption name='debug-eventManager-level' value=''.
10-31 17:56:36.811 D/base::Ini( 3300): [getOption] getOption name='debug-eventManager-level' value=''.
10-31 17:56:36.811 D/base::Ini( 3300): [getOption] getOption name='debug-eventManager-level' value=''.
10-31 17:56:36.870 W/ContextImpl( 2391): Calling a method in the system process without a qualified user: android.app.ContextImpl.sendBroadcast:1345 android.content.ContextWrapper.sendBroadcast:377 com.suma.midware.back.esg.e.f:-1 com.suma.midware.back.esg.f.run:-1 com.suma.midware.prop.util.c.run:-1 
10-31 17:56:37.011 D/base::Ini( 3300): [getOption] getOption name='debug-eventManager-level' value=''.
10-31 17:56:37.012 D/base::Ini( 3300): [getOption] getOption name='debug-eventManager-level' value=''.
10-31 17:56:37.012 D/base::Ini( 3300): [getOption] getOption name='debug-eventManager-level' value=''.
10-31 17:56:37.012 D/base::Ini( 3300): [getOption] getOption name='debug-eventManager-level' value=''.
10-31 17:56:37.012 D/base::Ini( 3300): [getOption] getOption name='debug-eventManager-level' value=''.
10-31 17:56:37.012 D/base::Ini( 3300): [getOption] getOption name='debug-eventManager-level' value=''.
10-31 17:56:37.012 D/base::Ini( 3300): [getOption] getOption name='debug-eventManager-level' value=''.
10-31 17:56:37.012 D/base::Ini( 3300): [getOption] getOption name='debug-eventManager-level' value=''.
10-31 17:56:37.012 D/base::Ini( 3300): [getOption] getOption name='debug-eventManager-level' value=''.
10-31 17:56:37.012 D/base::Ini( 3300): [getOption] getOption name='debug-netdev-level' value=''.
10-31 17:56:37.012 D/base::Ini( 3300): [getOption] getOption name='debug-netdev-level' value=''.
10-31 17:56:37.012 D/base::Ini( 3300): [getOption] getOption name='debug-netdev-level' value=''.
10-31 17:56:37.012 D/base::Ini( 3300): [getOption] getOption name='debug-netdev-level' value=''.
10-31 17:56:37.012 D/base::Ini( 3300): [getOption] getOption name='debug-eventManager-level' value=''.
10-31 17:56:37.012 D/base::Ini( 3300): [getOption] getOption name='debug-eventManager-level' value=''.
10-31 17:56:37.012 D/base::Ini( 3300): [getOption] getOption name='debug-eventManager-level' value=''.
10-31 17:56:37.012 D/base::Ini( 3300): [getOption] getOption name='debug-eventManager-level' value=''.
10-31 17:56:37.012 D/base::Ini( 3300): [getOption] getOption name='debug-netdev-level' value=''.
10-31 17:56:37.012 D/base::Ini( 3300): [getOption] getOption name='debug-netdev-level' value=''.
10-31 17:56:37.012 D/base::Ini( 3300): [getOption] getOption name='debug-netdev-level' value=''.
10-31 17:56:37.012 D/base::Ini( 3300): [getOption] getOption name='debug-netdev-level' value=''.
10-31 17:56:37.012 D/base::Ini( 3300): [getOption] getOption name='debug-eventManager-level' value=''.
10-31 17:56:37.013 D/base::Ini( 3300): [getOption] getOption name='debug-eventManager-level' value=''.
10-31 17:56:37.013 D/base::Ini( 3300): [getOption] getOption name='debug-eventManager-level' value=''.
10-31 17:56:37.013 D/base::Ini( 3300): [getOption] getOption name='debug-eventManager-level' value=''.
10-31 17:56:37.013 D/base::Ini( 3300): [getOption] getOption name='debug-eventManager-level' value=''.
10-31 17:56:37.013 D/base::Ini( 3300): [getOption] getOption name='debug-eventManager-level' value=''.
10-31 17:56:37.013 D/base::Ini( 3300): [getOption] getOption name='debug-eventManager-level' value=''.
10-31 17:56:37.013 D/base::Ini( 3300): [getOption] getOption name='debug-eventManager-level' value=''.
10-31 17:56:37.013 D/base::Ini( 3300): [getOption] getOption name='debug-eventManager-level' value=''.
10-31 17:56:37.013 D/base::Ini( 3300): [getOption] getOption name='debug-eventManager-level' value=''.
