10-31 15:59:51.882 D/BasicFigure( 2498): [TN_GLThread 74]isDrawFocused relyElement=[BaseElement@190c8802]focusScale[1.15]elementAlpha[-1.0]refectAlpha[-1.0]isFocusAble[true]shadowIndex[-1]autoJumpType[-1]uniqueID[54resSize0]rect[NULL]
10-31 15:59:51.882 D/BasicFigure( 2498): [TN_GLThread 74]isDrawFocused basicFigure=com.suma.midware.view.b.c.c@2f52b513
10-31 15:59:52.020 E/storage_operate( 2899): HCDN_LOG: [2017/10/31-15:59:52:020]:[func:GetTaskCount],[line:827],[oper:get task count],[state:0],[count:0]
10-31 15:59:52.020 E/storage_operate( 2899): HCDN_LOG: [2017/10/31-15:59:52:020]:[func:GetTaskCount],[line:827],[oper:get task count],[state:0],[count:0]
10-31 15:59:52.020 E/storage_operate( 2899): HCDN_LOG: [2017/10/31-15:59:52:020]:[func:GetTaskCount],[line:827],[oper:get task count],[state:1],[count:0]
10-31 15:59:52.091 E/storage_operate( 2648): HCDN_LOG: [2017/10/31-15:59:52:091]:[func:GetTaskCount],[line:827],[oper:get task count],[state:0],[count:0]
10-31 15:59:52.091 E/storage_operate( 2648): HCDN_LOG: [2017/10/31-15:59:52:091]:[func:GetTaskCount],[line:827],[oper:get task count],[state:0],[count:0]
10-31 15:59:52.091 E/storage_operate( 2648): HCDN_LOG: [2017/10/31-15:59:52:091]:[func:GetTaskCount],[line:827],[oper:get task count],[state:1],[count:0]
10-31 15:59:52.375 D/BackBootDealerNeimeng( 2391): standbyState:
10-31 15:59:52.376 E/NetUtils( 2019): Interface eth0 LinkDown!
10-31 15:59:52.430 E/hcdn_upload( 2899): HCDN_LOG: [2017/10/31-15:59:52:430]:Update uload speed 1 kbps ,real:0 kbps,qsize:0,maxsize:12,timeout_speed:0 kbps 
10-31 15:59:52.877 D/BackBootDealerNeimeng( 2391): standbyState:
10-31 15:59:52.877 E/NetUtils( 2019): Interface eth0 LinkDown!
10-31 15:59:52.892 D/BasicFigure( 2498): [TN_GLThread 74]isDrawFocused relyElement=[BaseElement@190c8802]focusScale[1.15]elementAlpha[-1.0]refectAlpha[-1.0]isFocusAble[true]shadowIndex[-1]autoJumpType[-1]uniqueID[54resSize0]rect[NULL]
10-31 15:59:52.892 D/BasicFigure( 2498): [TN_GLThread 74]isDrawFocused basicFigure=com.suma.midware.view.b.c.c@2f52b513
10-31 15:59:53.378 D/BackBootDealerNeimeng( 2391): standbyState:
10-31 15:59:53.378 E/NetUtils( 2019): Interface eth0 LinkDown!
10-31 15:59:53.430 E/hcdn_upload( 2899): HCDN_LOG: [2017/10/31-15:59:53:430]:Update uload speed 1 kbps ,real:0 kbps,qsize:0,maxsize:12,timeout_speed:0 kbps 
10-31 15:59:53.879 D/BackBootDealerNeimeng( 2391): standbyState:
10-31 15:59:53.880 E/NetUtils( 2019): Interface eth0 LinkDown!
10-31 15:59:53.925 D/BasicFigure( 2498): [TN_GLThread 74]isDrawFocused relyElement=[BaseElement@190c8802]focusScale[1.15]elementAlpha[-1.0]refectAlpha[-1.0]isFocusAble[true]shadowIndex[-1]autoJumpType[-1]uniqueID[54resSize0]rect[NULL]
10-31 15:59:53.925 D/BasicFigure( 2498): [TN_GLThread 74]isDrawFocused basicFigure=com.suma.midware.view.b.c.c@2f52b513
10-31 15:59:54.381 D/BackBootDealerNeimeng( 2391): standbyState:
10-31 15:59:54.382 E/NetUtils( 2019): Interface eth0 LinkDown!
10-31 15:59:54.431 E/hcdn_upload( 2899): HCDN_LOG: [2017/10/31-15:59:54:431]:Update uload speed 1 kbps ,real:0 kbps,qsize:0,maxsize:12,timeout_speed:0 kbps 
10-31 15:59:54.882 D/BackBootDealerNeimeng( 2391): standbyState:
10-31 15:59:54.883 E/NetUtils( 2019): Interface eth0 LinkDown!
10-31 15:59:54.958 D/BasicFigure( 2498): [TN_GLThread 74]isDrawFocused relyElement=[BaseElement@190c8802]focusScale[1.15]elementAlpha[-1.0]refectAlpha[-1.0]isFocusAble[true]shadowIndex[-1]autoJumpType[-1]uniqueID[54resSize0]rect[NULL]
10-31 15:59:54.958 D/BasicFigure( 2498): [TN_GLThread 74]isDrawFocused basicFigure=com.suma.midware.view.b.c.c@2f52b513
10-31 15:59:55.020 E/storage_operate( 2899): HCDN_LOG: [2017/10/31-15:59:55:020]:[func:GetTaskCount],[line:827],[oper:get task count],[state:0],[count:0]
10-31 15:59:55.020 E/storage_operate( 2899): HCDN_LOG: [2017/10/31-15:59:55:020]:[func:GetTaskCount],[line:827],[oper:get task count],[state:0],[count:0]
10-31 15:59:55.020 E/storage_operate( 2899): HCDN_LOG: [2017/10/31-15:59:55:020]:[func:GetTaskCount],[line:827],[oper:get task count],[state:1],[count:0]
10-31 15:59:55.092 E/storage_operate( 2648): HCDN_LOG: [2017/10/31-15:59:55:092]:[func:GetTaskCount],[line:827],[oper:get task count],[state:0],[count:0]
10-31 15:59:55.092 E/storage_operate( 2648): HCDN_LOG: [2017/10/31-15:59:55:092]:[func:GetTaskCount],[line:827],[oper:get task count],[state:0],[count:0]
10-31 15:59:55.092 E/storage_operate( 2648): HCDN_LOG: [2017/10/31-15:59:55:092]:[func:GetTaskCount],[line:827],[oper:get task count],[state:1],[count:0]
10-31 15:59:55.384 D/BackBootDealerNeimeng( 2391): standbyState:
10-31 15:59:55.385 E/NetUtils( 2019): Interface eth0 LinkDown!
10-31 15:59:55.431 E/hcdn_upload( 2899): HCDN_LOG: [2017/10/31-15:59:55:431]:Update uload speed 1 kbps ,real:0 kbps,qsize:0,maxsize:12,timeout_speed:0 kbps 
10-31 15:59:55.730 D/ir_user ( 1587): PlayerTimeLineTrace:linux_keycode:0x67(DOWN),	protocol: .
10-31 15:59:55.730 V/PT      ( 1583): >>INFO:irkey_task:[     294.421904] /dev/input/event0: type=0001 code=0067 val=00000001
10-31 15:59:55.730 V/PT      ( 1583): >>INFO:irkey_send:0x3001 0x0026 down
10-31 15:59:55.730 V/SUMA    ( 1583): ++++++++++++++  _roc_evtmgr_key_cbk 517:input = 12289, event=38, act=0x100
10-31 15:59:55.730 V/SUMA    ( 1583): lxm:_roc_evtmgr_key_cbk 519 294422
10-31 15:59:55.730 V/SUMA    ( 1583): lxm:_roc_evtmgr_add_evt_into_queue 347 294422
10-31 15:59:55.730 V/PT      ( 1583): >>INFO:irkey_task:[     294.421904] /dev/input/event0: type=0000 code=0000 val=00000000
10-31 15:59:55.730 V/SUMA    ( 1583): ===================>> type=0 src=0 evt=38 act=0x100
10-31 15:59:55.731 V/SUMA    ( 1583): [sysset-s][event_manager_cbk 78]lxm cbid=1, cbk_reg=1, cpid=2457
10-31 15:59:55.731 D/NGBEvent( 2457): ngbEventCallBack type:0 source :38
10-31 15:59:55.731 D/NGBEvent( 2457): [NGBEventManager-JNI]-returning:1
10-31 15:59:55.731 D/NGBEvent( 2457): Input key event: keyCode=38
10-31 15:59:55.731 D/NGBEvent( 2457): src:38 = dest:38
10-31 15:59:55.731 I/System.out( 2457): [DEBUG EventManager] LWJ--Add event to java with evt=NgbEvent-[type = 1, subtype = 401, code = 38]
10-31 15:59:55.731 D/NGBEvent( 2457): [NGBEvent_log]--[EventManager--JNI]:		start
10-31 15:59:55.731 I/System.out( 2457): [DEBUG EventManager] broadcastEvent  :len 1
10-31 15:59:55.732 D/CombineKeyUtil( 2457): [TN_pool-1-thread-1]dealKeyEvent,combineIndex:-1:keyCode:19
10-31 15:59:55.732 D/KeyEventNgbDealer( 2457): [TN_pool-1-thread-1]handleKeyPressed keyEvent=NgbEvent-[type = 1, subtype = 401, code = 38],time=294423
10-31 15:59:55.733 D/RemoteIME( 2349): onKeyDown event = KeyEvent { action=ACTION_DOWN, keyCode=KEYCODE_DPAD_UP, scanCode=103, metaState=0, flags=0x8, repeatCount=0, eventTime=294421, downTime=294421, deviceId=3, source=0x701 },mSkbContainer=null
10-31 15:59:55.733 D/Main3DActivity( 2498): [TN_main]dispatchKeyEvent event=KeyEvent { action=ACTION_DOWN, keyCode=KEYCODE_DPAD_UP, scanCode=103, metaState=0, flags=0x8, repeatCount=0, eventTime=294421, downTime=294421, deviceId=3, source=0x701 },isEventAble=true
10-31 15:59:55.734 D/InputEventConsistencyVerifier( 2498): KeyEvent: ACTION_DOWN but key is already down and this event is not a key repeat.
10-31 15:59:55.734 D/InputEventConsistencyVerifier( 2498):   in com.android.internal.policy.impl.PhoneWindow$DecorView{e95359 V.E..... R.....I. 0,0-1280,720}
10-31 15:59:55.734 D/InputEventConsistencyVerifier( 2498):   0: sent at 294421000000, KeyEvent { action=ACTION_DOWN, keyCode=KEYCODE_DPAD_UP, scanCode=103, metaState=0, flags=0x8, repeatCount=0, eventTime=294421, downTime=294421, deviceId=3, source=0x701 }
10-31 15:59:55.734 D/InputEventConsistencyVerifier( 2498):   -- recent events --
10-31 15:59:55.734 D/InputEventConsistencyVerifier( 2498):   1: sent at 102665000000, KeyEvent { action=ACTION_DOWN, keyCode=KEYCODE_DPAD_CENTER, scanCode=28, metaState=0, flags=0x80000008, repeatCount=0, eventTime=102665, downTime=102665, deviceId=3, source=0x701 }
10-31 15:59:55.734 D/InputEventConsistencyVerifier( 2498):   2: sent at 102211000000, KeyEvent { action=ACTION_DOWN, keyCode=KEYCODE_DPAD_RIGHT, scanCode=106, metaState=0, flags=0x80000008, repeatCount=0, eventTime=102211, downTime=102211, deviceId=3, source=0x701 }
10-31 15:59:55.734 D/InputEventConsistencyVerifier( 2498):   3: sent at 101958000000, KeyEvent { action=ACTION_DOWN, keyCode=KEYCODE_DPAD_RIGHT, scanCode=106, metaState=0, flags=0x80000008, repeatCount=0, eventTime=101958, downTime=101958, deviceId=3, source=0x701 }
10-31 15:59:55.734 D/InputEventConsistencyVerifier( 2498):   4: sent at 101012000000, KeyEvent { action=ACTION_DOWN, keyCode=KEYCODE_DPAD_UP, scanCode=103, metaState=0, flags=0x80000008, repeatCount=0, eventTime=101012, downTime=101012, deviceId=3, source=0x701 }
10-31 15:59:55.734 D/InputEventConsistencyVerifier( 2498):   5: sent at 99384000000, KeyEvent { action=ACTION_DOWN, keyCode=KEYCODE_DPAD_RIGHT, scanCode=106, metaState=0, flags=0x80000008, repeatCount=0, eventTime=99384, downTime=99384, deviceId=3, source=0x701 }
10-31 15:59:55.734 D/BasicRootView( 2498): [TN_main]dispatchKeyEvent event=KeyEvent { action=ACTION_DOWN, keyCode=KEYCODE_DPAD_UP, scanCode=103, metaState=0, flags=0x80000008, repeatCount=0, eventTime=294421, downTime=294421, deviceId=3, source=0x701 },curRootPanel=com.suma.midware.home.third.a.a@395c748b
10-31 15:59:55.734 D/GLRootRenderer( 2498): dispatchKeyEvent event:KeyEvent { action=ACTION_DOWN, keyCode=KEYCODE_DPAD_UP, scanCode=103, metaState=0, flags=0x80000008, repeatCount=0, eventTime=294421, downTime=294421, deviceId=3, source=0x701 }:lastKeyCode:23:lastKeyAction:0:lastkeycount:0:size:0
10-31 15:59:55.734 D/Scene   ( 2498): dispatchKeyEvent event:KeyEvent { action=ACTION_DOWN, keyCode=KEYCODE_DPAD_UP, scanCode=103, metaState=0, flags=0x80000008, repeatCount=0, eventTime=294421, downTime=294421, deviceId=3, source=0x701 }
10-31 15:59:55.735 D/Scene   ( 2498): dispatchKeyEvent currentFocus = com.suma.midware.view.b.c.p@990e269
10-31 15:59:55.735 D/Scene   ( 2498): dispatchKeyEvent nextFocus:null
10-31 15:59:55.735 D/BasicFigure( 2498): [TN_GLThread 74]dealKeyEvent event=KeyEvent { action=ACTION_DOWN, keyCode=KEYCODE_DPAD_UP, scanCode=103, metaState=0, flags=0x80000008, repeatCount=0, eventTime=294421, downTime=294421, deviceId=3, source=0x701 }
10-31 15:59:55.736 D/MenuUtil( 2498): [TN_GLThread 74]searchVerticalFigure x=88.0000,y=220.000,width=646.000,height=363.000,excludeObj=com.suma.midware.view.b.c.p@990e269
10-31 15:59:55.737 D/MenuUtil( 2498): [TN_GLThread 74]isAbove y1=105.000,y2=220.000,cube1=890.0,110.0,1.0,cube2=646.0,363.0,1.0,obj3d1=com.suma.midware.view.b.d.b@118a1de9,obj3d2=com.suma.midware.view.b.c.p@990e269
10-31 15:59:55.738 D/MenuUtil( 2498): [TN_GLThread 74]isAbove y1=105.000,y2=105.000,cube1=890.0,110.0,1.0,cube2=890.0,110.0,1.0,obj3d1=com.suma.midware.view.b.d.b@118a1de9,obj3d2=com.suma.midware.view.b.d.b@118a1de9
10-31 15:59:55.738 D/BasicFigure( 2498): [TN_GLThread 74]onFocusLost figure=com.suma.midware.view.b.c.p@990e269
10-31 15:59:55.738 W/BasicRootPanel( 2498): [TN_GLThread 74]switchPanelLight lightFigure null
10-31 15:59:55.738 D/BasicColumn( 2498): [TN_GLThread 74]onFocus isFocus=true,index=0,nextIndex=-1
10-31 15:59:55.739 D/FixedRes( 2498): [TN_GLThread 74]getNineImgRes nineImgSize=2
10-31 15:59:55.739 D/BasicColumn( 2498): [TN_GLThread 74]moveFocus xOffset=151.000,yOffset=139.000
10-31 15:59:55.740 D/BasicColumn( 2498): [TN_GLThread 74]moveFocus width=267.000,height=199.000,curCube=116.0,60.0,1.0,curPosition=-387.0,10.0,0.0,focusScale=1.0,1.0,1.0
10-31 15:59:55.751 D/BasicFigure( 2498): [TN_GLThread 74]isDrawFocused relyElement=[BaseElement@190c8802]focusScale[1.15]elementAlpha[-1.0]refectAlpha[-1.0]isFocusAble[true]shadowIndex[-1]autoJumpType[-1]uniqueID[54resSize0]rect[NULL]
10-31 15:59:55.751 D/BasicFigure( 2498): [TN_GLThread 74]isDrawFocused basicFigure=com.suma.midware.view.b.c.c@2f52b513
10-31 15:59:55.762 D/BasicFigure( 2498): [TN_GLThread 74]isDrawFocused relyElement=[BaseElement@190c8802]focusScale[1.15]elementAlpha[-1.0]refectAlpha[-1.0]isFocusAble[true]shadowIndex[-1]autoJumpType[-1]uniqueID[54resSize0]rect[NULL]
10-31 15:59:55.763 D/BasicFigure( 2498): [TN_GLThread 74]isDrawFocused basicFigure=com.suma.midware.view.b.c.c@2f52b513
10-31 15:59:55.779 D/AppUtil ( 2391): [TN_ThreadUtil-1]getActivityPkg index=0,comp=ComponentInfo{com.suma.midware.home/com.suma.midware.home.third.Main3DActivity}
10-31 15:59:55.779 D/AppKiller( 2391): [TN_ThreadUtil-1]backKill curPkgName=com.suma.midware.home
10-31 15:59:55.780 D/AppKiller( 2391): [TN_ThreadUtil-1]backKill processName=com.sostation.happyle.huantv,processInfo=android.app.ActivityManager$RunningAppProcessInfo@1feaeb89
10-31 15:59:55.780 D/AppNgbKiller( 2391): [TN_ThreadUtil-1]forceKillApp processInfoFlag=0,hasActivityFlag=4
10-31 15:59:55.780 D/AppKiller( 2391): [TN_ThreadUtil-1]backKill processName=com.starcor.mango,processInfo=android.app.ActivityManager$RunningAppProcessInfo@1fc0378e
10-31 15:59:55.780 D/AppNgbKiller( 2391): [TN_ThreadUtil-1]forceKillApp processInfoFlag=0,hasActivityFlag=4
10-31 15:59:55.780 D/AppKiller( 2391): [TN_ThreadUtil-1]backKill processName=com.gitvdemo.video,processInfo=android.app.ActivityManager$RunningAppProcessInfo@1b991baf
10-31 15:59:55.780 D/AppNgbKiller( 2391): [TN_ThreadUtil-1]forceKillApp processInfoFlag=0,hasActivityFlag=4
10-31 15:59:55.780 D/AppKiller( 2391): [TN_ThreadUtil-1]backKill processName=com.gitvdemo.video:hcdn,processInfo=android.app.ActivityManager$RunningAppProcessInfo@3efa4bbc
10-31 15:59:55.780 D/AppNgbKiller( 2391): [TN_ThreadUtil-1]forceKillApp processInfoFlag=0,hasActivityFlag=4
10-31 15:59:55.780 D/AppKiller( 2391): [TN_ThreadUtil-1]backKill processName=com.gitvdemo.video:daemon,processInfo=android.app.ActivityManager$RunningAppProcessInfo@230db745
10-31 15:59:55.780 D/AppNgbKiller( 2391): [TN_ThreadUtil-1]forceKillApp processInfoFlag=0,hasActivityFlag=4
10-31 15:59:55.780 D/AppKiller( 2391): [TN_ThreadUtil-1]backKill processName=.pushdaemonservice,processInfo=android.app.ActivityManager$RunningAppProcessInfo@1f0c3e9a
10-31 15:59:55.780 D/AppNgbKiller( 2391): [TN_ThreadUtil-1]forceKillApp processInfoFlag=0,hasActivityFlag=4
10-31 15:59:55.788 I/System.out( 2391): [DEBUG SectionFilterGroup] be reaady to detach filtergroup:false
10-31 15:59:55.788 I/System.out( 2391): [DEBUG SectionFilterGroup] be reaady to detach filtergroup:false
10-31 15:59:55.831 D/ir_user ( 1587): PlayerTimeLineTrace:linux_keycode:0x67(UP),	protocol: .
10-31 15:59:55.831 V/PT      ( 1583): >>INFO:irkey_task:[     294.522776] /dev/input/event0: type=0001 code=0067 val=00000000
10-31 15:59:55.831 V/PT      ( 1583): >>INFO:irkey_send:0x3001 0x0026 up  
10-31 15:59:55.831 V/SUMA    ( 1583): ++++++++++++++  _roc_evtmgr_key_cbk 517:input = 12289, event=38, act=0x400
10-31 15:59:55.831 V/SUMA    ( 1583): lxm:_roc_evtmgr_key_cbk 519 294523
10-31 15:59:55.831 V/SUMA    ( 1583): lxm:_roc_evtmgr_add_key_into_queue 311 294523
10-31 15:59:55.831 V/PT      ( 1583): >>INFO:irkey_task:[     294.522776] /dev/input/event0: type=0000 code=0000 val=00000000
10-31 15:59:55.831 V/SUMA    ( 1583): ===================>> type=0 src=0 evt=38 act=0x400
10-31 15:59:55.832 V/SUMA    ( 1583): [sysset-s][event_manager_cbk 78]lxm cbid=1, cbk_reg=1, cpid=2457
10-31 15:59:55.832 D/NGBEvent( 2457): ngbEventCallBack type:0 source :38
10-31 15:59:55.832 D/NGBEvent( 2457): [NGBEventManager-JNI]-returning:1
10-31 15:59:55.832 D/NGBEvent( 2457): Input key event: keyCode=38
10-31 15:59:55.832 D/NGBEvent( 2457): src:38 = dest:38
10-31 15:59:55.832 I/System.out( 2457): [DEBUG EventManager] LWJ--Add event to java with evt=NgbEvent-[type = 1, subtype = 402, code = 38]
10-31 15:59:55.832 D/NGBEvent( 2457): [NGBEvent_log]--[EventManager--JNI]:		start
10-31 15:59:55.832 I/System.out( 2457): [DEBUG EventManager] broadcastEvent  :len 1
10-31 15:59:55.833 D/KeyEventNgbDealer( 2457): [TN_pool-1-thread-1]handleKeyReleased keyEvent=NgbEvent-[type = 1, subtype = 402, code = 38],time=294524
10-31 15:59:55.833 D/RemoteIME( 2349): RemoteIME--> onKeyUp keyCode = 19
10-31 15:59:55.833 D/Main3DActivity( 2498): [TN_main]dispatchKeyEvent event=KeyEvent { action=ACTION_UP, keyCode=KEYCODE_DPAD_UP, scanCode=103, metaState=0, flags=0x8, repeatCount=0, eventTime=294522, downTime=294421, deviceId=3, source=0x701 },isEventAble=true
10-31 15:59:55.885 D/BackBootDealerNeimeng( 2391): standbyState:
10-31 15:59:55.886 E/NetUtils( 2019): Interface eth0 LinkDown!
10-31 15:59:56.226 D/ir_user ( 1587): PlayerTimeLineTrace:linux_keycode:0x67(DOWN),	protocol: .
10-31 15:59:56.226 V/PT      ( 1583): >>INFO:irkey_task:[     294.917705] /dev/input/event0: type=0001 code=0067 val=00000001
10-31 15:59:56.226 V/PT      ( 1583): >>INFO:irkey_send:0x3001 0x0026 down
10-31 15:59:56.226 V/SUMA    ( 1583): ++++++++++++++  _roc_evtmgr_key_cbk 517:input = 12289, event=38, act=0x100
10-31 15:59:56.226 V/SUMA    ( 1583): lxm:_roc_evtmgr_key_cbk 519 294918
10-31 15:59:56.226 V/SUMA    ( 1583): lxm:_roc_evtmgr_add_evt_into_queue 347 294918
10-31 15:59:56.226 V/PT      ( 1583): >>INFO:irkey_task:[     294.917705] /dev/input/event0: type=0000 code=0000 val=00000000
10-31 15:59:56.226 V/SUMA    ( 1583): ===================>> type=0 src=0 evt=38 act=0x100
10-31 15:59:56.226 V/SUMA    ( 1583): [sysset-s][event_manager_cbk 78]lxm cbid=1, cbk_reg=1, cpid=2457
10-31 15:59:56.227 D/NGBEvent( 2457): ngbEventCallBack type:0 source :38
10-31 15:59:56.227 D/NGBEvent( 2457): [NGBEventManager-JNI]-returning:1
10-31 15:59:56.227 D/NGBEvent( 2457): Input key event: keyCode=38
10-31 15:59:56.227 D/NGBEvent( 2457): src:38 = dest:38
10-31 15:59:56.227 I/System.out( 2457): [DEBUG EventManager] LWJ--Add event to java with evt=NgbEvent-[type = 1, subtype = 401, code = 38]
10-31 15:59:56.227 D/NGBEvent( 2457): [NGBEvent_log]--[EventManager--JNI]:		start
10-31 15:59:56.227 I/System.out( 2457): [DEBUG EventManager] broadcastEvent  :len 1
10-31 15:59:56.227 D/CombineKeyUtil( 2457): [TN_pool-1-thread-1]dealKeyEvent,combineIndex:-1:keyCode:19
10-31 15:59:56.227 D/KeyEventNgbDealer( 2457): [TN_pool-1-thread-1]handleKeyPressed keyEvent=NgbEvent-[type = 1, subtype = 401, code = 38],time=294919
10-31 15:59:56.228 D/RemoteIME( 2349): onKeyDown event = KeyEvent { action=ACTION_DOWN, keyCode=KEYCODE_DPAD_UP, scanCode=103, metaState=0, flags=0x8, repeatCount=0, eventTime=294917, downTime=294917, deviceId=3, source=0x701 },mSkbContainer=null
10-31 15:59:56.228 D/Main3DActivity( 2498): [TN_main]dispatchKeyEvent event=KeyEvent { action=ACTION_DOWN, keyCode=KEYCODE_DPAD_UP, scanCode=103, metaState=0, flags=0x8, repeatCount=0, eventTime=294917, downTime=294917, deviceId=3, source=0x701 },isEventAble=true
10-31 15:59:56.229 D/InputEventConsistencyVerifier( 2498): KeyEvent: ACTION_DOWN but key is already down and this event is not a key repeat.
10-31 15:59:56.229 D/InputEventConsistencyVerifier( 2498):   in com.android.internal.policy.impl.PhoneWindow$DecorView{e95359 V.E..... R.....I. 0,0-1280,720}
10-31 15:59:56.229 D/InputEventConsistencyVerifier( 2498):   0: sent at 294917000000, KeyEvent { action=ACTION_DOWN, keyCode=KEYCODE_DPAD_UP, scanCode=103, metaState=0, flags=0x8, repeatCount=0, eventTime=294917, downTime=294917, deviceId=3, source=0x701 }
10-31 15:59:56.229 D/InputEventConsistencyVerifier( 2498):   -- recent events --
10-31 15:59:56.229 D/InputEventConsistencyVerifier( 2498):   1: sent at 294421000000, KeyEvent { action=ACTION_DOWN, keyCode=KEYCODE_DPAD_UP, scanCode=103, metaState=0, flags=0x80000008, repeatCount=0, eventTime=294421, downTime=294421, deviceId=3, source=0x701 }
10-31 15:59:56.229 D/InputEventConsistencyVerifier( 2498):   2: sent at 102665000000, KeyEvent { action=ACTION_DOWN, keyCode=KEYCODE_DPAD_CENTER, scanCode=28, metaState=0, flags=0x80000008, repeatCount=0, eventTime=102665, downTime=102665, deviceId=3, source=0x701 }
10-31 15:59:56.229 D/InputEventConsistencyVerifier( 2498):   3: sent at 102211000000, KeyEvent { action=ACTION_DOWN, keyCode=KEYCODE_DPAD_RIGHT, scanCode=106, metaState=0, flags=0x80000008, repeatCount=0, eventTime=102211, downTime=102211, deviceId=3, source=0x701 }
10-31 15:59:56.229 D/InputEventConsistencyVerifier( 2498):   4: sent at 101958000000, KeyEvent { action=ACTION_DOWN, keyCode=KEYCODE_DPAD_RIGHT, scanCode=106, metaState=0, flags=0x80000008, repeatCount=0, eventTime=101958, downTime=101958, deviceId=3, source=0x701 }
10-31 15:59:56.229 D/InputEventConsistencyVerifier( 2498):   5: sent at 101012000000, KeyEvent { action=ACTION_DOWN, keyCode=KEYCODE_DPAD_UP, scanCode=103, metaState=0, flags=0x80000008, repeatCount=0, eventTime=101012, downTime=101012, deviceId=3, source=0x701 }
10-31 15:59:56.229 D/BasicRootView( 2498): [TN_main]dispatchKeyEvent event=KeyEvent { action=ACTION_DOWN, keyCode=KEYCODE_DPAD_UP, scanCode=103, metaState=0, flags=0x80000008, repeatCount=0, eventTime=294917, downTime=294917, deviceId=3, source=0x701 },curRootPanel=com.suma.midware.home.third.a.a@395c748b
10-31 15:59:56.229 D/GLRootRenderer( 2498): dispatchKeyEvent event:KeyEvent { action=ACTION_DOWN, keyCode=KEYCODE_DPAD_UP, scanCode=103, metaState=0, flags=0x80000008, repeatCount=0, eventTime=294917, downTime=294917, deviceId=3, source=0x701 }:lastKeyCode:19:lastKeyAction:0:lastkeycount:0:size:0
10-31 15:59:56.229 D/Scene   ( 2498): dispatchKeyEvent event:KeyEvent { action=ACTION_DOWN, keyCode=KEYCODE_DPAD_UP, scanCode=103, metaState=0, flags=0x80000008, repeatCount=0, eventTime=294917, downTime=294917, deviceId=3, source=0x701 }
10-31 15:59:56.229 D/Scene   ( 2498): dispatchKeyEvent currentFocus = com.suma.midware.view.b.d.b@118a1de9
10-31 15:59:56.230 D/Scene   ( 2498): dispatchKeyEvent nextFocus:null
10-31 15:59:56.230 D/BasicColumn( 2498): [TN_GLThread 74]dealKeyEvent event=KeyEvent { action=ACTION_DOWN, keyCode=KEYCODE_DPAD_UP, scanCode=103, metaState=0, flags=0x80000008, repeatCount=0, eventTime=294917, downTime=294917, deviceId=3, source=0x701 }
10-31 15:59:56.231 D/MenuUtil( 2498): [TN_GLThread 74]searchVerticalFigure x=337.000,y=120.000,width=116.000,height=60.0000,excludeObj=null
10-31 15:59:56.232 D/FixedRes( 2498): [TN_GLThread 74]getNineImgRes nineImgSize=2
10-31 15:59:56.232 D/BasicColumn( 2498): [TN_GLThread 74]onFocus isFocus=false,index=0,nextIndex=-1
10-31 15:59:56.232 D/FixedRes( 2498): [TN_GLThread 74]getNineImgRes nineImgSize=2
10-31 15:59:56.233 D/BasicColumn( 2498): [TN_GLThread 74]moveFocus xOffset=151.000,yOffset=139.000
10-31 15:59:56.233 D/BasicFigure( 2498): [TN_GLThread 74]onFocusGain figure=com.suma.midware.view.b.c.c@7cf2e64
10-31 15:59:56.233 D/BasicFigure( 2498): [TN_GLThread 74]onGlobalFocusGain figure=com.suma.midware.view.b.c.c@7cf2e64
10-31 15:59:56.243 D/BasicFigure( 2498): [TN_GLThread 74]isDrawFocused relyElement=[BaseElement@190c8802]focusScale[1.15]elementAlpha[-1.0]refectAlpha[-1.0]isFocusAble[true]shadowIndex[-1]autoJumpType[-1]uniqueID[54resSize0]rect[NULL]
10-31 15:59:56.243 D/BasicFigure( 2498): [TN_GLThread 74]isDrawFocused basicFigure=com.suma.midware.view.b.c.c@2f52b513
10-31 15:59:56.253 D/BasicFigure( 2498): [TN_GLThread 74]isDrawFocused relyElement=[BaseElement@190c8802]focusScale[1.15]elementAlpha[-1.0]refectAlpha[-1.0]isFocusAble[true]shadowIndex[-1]autoJumpType[-1]uniqueID[54resSize0]rect[NULL]
10-31 15:59:56.253 D/BasicFigure( 2498): [TN_GLThread 74]isDrawFocused basicFigure=com.suma.midware.view.b.c.c@2f52b513
10-31 15:59:56.386 D/BackBootDealerNeimeng( 2391): standbyState:
10-31 15:59:56.387 E/NetUtils( 2019): Interface eth0 LinkDown!
10-31 15:59:56.432 E/hcdn_upload( 2899): HCDN_LOG: [2017/10/31-15:59:56:432]:Update uload speed 1 kbps ,real:0 kbps,qsize:0,maxsize:12,timeout_speed:0 kbps 
10-31 15:59:56.435 D/ir_user ( 1587): PlayerTimeLineTrace:linux_keycode:0x67(UP),	protocol: .
10-31 15:59:56.435 V/PT      ( 1583): >>INFO:irkey_task:[     295.127289] /dev/input/event0: type=0001 code=0067 val=00000000
10-31 15:59:56.435 V/PT      ( 1583): >>INFO:irkey_send:0x3001 0x0026 up  
10-31 15:59:56.436 V/SUMA    ( 1583): ++++++++++++++  _roc_evtmgr_key_cbk 517:input = 12289, event=38, act=0x400
10-31 15:59:56.436 V/SUMA    ( 1583): lxm:_roc_evtmgr_key_cbk 519 295127
10-31 15:59:56.436 V/SUMA    ( 1583): lxm:_roc_evtmgr_add_key_into_queue 311 295127
10-31 15:59:56.436 V/PT      ( 1583): >>INFO:irkey_task:[     295.127289] /dev/input/event0: type=0000 code=0000 val=00000000
10-31 15:59:56.436 V/SUMA    ( 1583): ===================>> type=0 src=0 evt=38 act=0x400
10-31 15:59:56.436 V/SUMA    ( 1583): [sysset-s][event_manager_cbk 78]lxm cbid=1, cbk_reg=1, cpid=2457
10-31 15:59:56.436 D/NGBEvent( 2457): ngbEventCallBack type:0 source :38
10-31 15:59:56.436 D/NGBEvent( 2457): [NGBEventManager-JNI]-returning:1
10-31 15:59:56.436 D/NGBEvent( 2457): Input key event: keyCode=38
10-31 15:59:56.436 D/NGBEvent( 2457): src:38 = dest:38
10-31 15:59:56.436 I/System.out( 2457): [DEBUG EventManager] LWJ--Add event to java with evt=NgbEvent-[type = 1, subtype = 402, code = 38]
10-31 15:59:56.437 D/NGBEvent( 2457): [NGBEvent_log]--[EventManager--JNI]:		start
10-31 15:59:56.437 I/System.out( 2457): [DEBUG EventManager] broadcastEvent  :len 1
10-31 15:59:56.437 D/KeyEventNgbDealer( 2457): [TN_pool-1-thread-1]handleKeyReleased keyEvent=NgbEvent-[type = 1, subtype = 402, code = 38],time=295128
10-31 15:59:56.437 D/RemoteIME( 2349): RemoteIME--> onKeyUp keyCode = 19
10-31 15:59:56.437 D/Main3DActivity( 2498): [TN_main]dispatchKeyEvent event=KeyEvent { action=ACTION_UP, keyCode=KEYCODE_DPAD_UP, scanCode=103, metaState=0, flags=0x8, repeatCount=0, eventTime=295127, downTime=294917, deviceId=3, source=0x701 },isEventAble=true
10-31 15:59:56.503 E/WifiStateMachine( 2019): WifiStateMachine CMD_START_SCAN source -2 txSuccessRate=3.62 rxSuccessRate=1.14 targetRoamBSSID=e4:f3:f5:aa:ad:88 RSSI=-37
10-31 15:59:56.769 D/ir_user ( 1587): PlayerTimeLineTrace:linux_keycode:0x6a(DOWN),	protocol: .
10-31 15:59:56.769 V/PT      ( 1583): >>INFO:irkey_task:[     295.461145] /dev/input/event0: type=0001 code=006a val=00000001
10-31 15:59:56.769 V/PT      ( 1583): >>INFO:irkey_send:0x3001 0x0027 down
10-31 15:59:56.769 V/SUMA    ( 1583): ++++++++++++++  _roc_evtmgr_key_cbk 517:input = 12289, event=39, act=0x100
10-31 15:59:56.769 V/SUMA    ( 1583): lxm:_roc_evtmgr_key_cbk 519 295461
10-31 15:59:56.769 V/SUMA    ( 1583): lxm:_roc_evtmgr_add_evt_into_queue 347 295461
10-31 15:59:56.770 V/PT      ( 1583): >>INFO:irkey_task:[     295.461145] /dev/input/event0: type=0000 code=0000 val=00000000
10-31 15:59:56.770 V/SUMA    ( 1583): ===================>> type=0 src=0 evt=39 act=0x100
10-31 15:59:56.770 V/SUMA    ( 1583): [sysset-s][event_manager_cbk 78]lxm cbid=1, cbk_reg=1, cpid=2457
10-31 15:59:56.770 D/NGBEvent( 2457): ngbEventCallBack type:0 source :39
10-31 15:59:56.770 D/NGBEvent( 2457): [NGBEventManager-JNI]-returning:1
10-31 15:59:56.770 D/NGBEvent( 2457): Input key event: keyCode=39
10-31 15:59:56.770 D/NGBEvent( 2457): src:39 = dest:39
10-31 15:59:56.770 I/System.out( 2457): [DEBUG EventManager] LWJ--Add event to java with evt=NgbEvent-[type = 1, subtype = 401, code = 39]
10-31 15:59:56.770 D/NGBEvent( 2457): [NGBEvent_log]--[EventManager--JNI]:		start
10-31 15:59:56.771 I/System.out( 2457): [DEBUG EventManager] broadcastEvent  :len 1
10-31 15:59:56.771 D/CombineKeyUtil( 2457): [TN_pool-1-thread-1]dealKeyEvent,combineIndex:-1:keyCode:22
10-31 15:59:56.771 D/KeyEventNgbDealer( 2457): [TN_pool-1-thread-1]handleKeyPressed keyEvent=NgbEvent-[type = 1, subtype = 401, code = 39],time=295462
10-31 15:59:56.771 D/RemoteIME( 2349): onKeyDown event = KeyEvent { action=ACTION_DOWN, keyCode=KEYCODE_DPAD_RIGHT, scanCode=106, metaState=0, flags=0x8, repeatCount=0, eventTime=295461, downTime=295461, deviceId=3, source=0x701 },mSkbContainer=null
10-31 15:59:56.772 D/Main3DActivity( 2498): [TN_main]dispatchKeyEvent event=KeyEvent { action=ACTION_DOWN, keyCode=KEYCODE_DPAD_RIGHT, scanCode=106, metaState=0, flags=0x8, repeatCount=0, eventTime=295461, downTime=295461, deviceId=3, source=0x701 },isEventAble=true
10-31 15:59:56.772 D/InputEventConsistencyVerifier( 2498): KeyEvent: ACTION_DOWN but key is already down and this event is not a key repeat.
10-31 15:59:56.772 D/InputEventConsistencyVerifier( 2498):   in com.android.internal.policy.impl.PhoneWindow$DecorView{e95359 V.E..... R.....I. 0,0-1280,720}
10-31 15:59:56.772 D/InputEventConsistencyVerifier( 2498):   0: sent at 295461000000, KeyEvent { action=ACTION_DOWN, keyCode=KEYCODE_DPAD_RIGHT, scanCode=106, metaState=0, flags=0x8, repeatCount=0, eventTime=295461, downTime=295461, deviceId=3, source=0x701 }
10-31 15:59:56.772 D/InputEventConsistencyVerifier( 2498):   -- recent events --
10-31 15:59:56.772 D/InputEventConsistencyVerifier( 2498):   1: sent at 294917000000, KeyEvent { action=ACTION_DOWN, keyCode=KEYCODE_DPAD_UP, scanCode=103, metaState=0, flags=0x80000008, repeatCount=0, eventTime=294917, downTime=294917, deviceId=3, source=0x701 }
10-31 15:59:56.772 D/InputEventConsistencyVerifier( 2498):   2: sent at 294421000000, KeyEvent { action=ACTION_DOWN, keyCode=KEYCODE_DPAD_UP, scanCode=103, metaState=0, flags=0x80000008, repeatCount=0, eventTime=294421, downTime=294421, deviceId=3, source=0x701 }
10-31 15:59:56.772 D/InputEventConsistencyVerifier( 2498):   3: sent at 102665000000, KeyEvent { action=ACTION_DOWN, keyCode=KEYCODE_DPAD_CENTER, scanCode=28, metaState=0, flags=0x80000008, repeatCount=0, eventTime=102665, downTime=102665, deviceId=3, source=0x701 }
10-31 15:59:56.772 D/InputEventConsistencyVerifier( 2498):   4: sent at 102211000000, KeyEvent { action=ACTION_DOWN, keyCode=KEYCODE_DPAD_RIGHT, scanCode=106, metaState=0, flags=0x80000008, repeatCount=0, eventTime=102211, downTime=102211, deviceId=3, source=0x701 }
10-31 15:59:56.772 D/InputEventConsistencyVerifier( 2498):   5: sent at 101958000000, KeyEvent { action=ACTION_DOWN, keyCode=KEYCODE_DPAD_RIGHT, scanCode=106, metaState=0, flags=0x80000008, repeatCount=0, eventTime=101958, downTime=101958, deviceId=3, source=0x701 }
10-31 15:59:56.773 D/BasicRootView( 2498): [TN_main]dispatchKeyEvent event=KeyEvent { action=ACTION_DOWN, keyCode=KEYCODE_DPAD_RIGHT, scanCode=106, metaState=0, flags=0x80000008, repeatCount=0, eventTime=295461, downTime=295461, deviceId=3, source=0x701 },curRootPanel=com.suma.midware.home.third.a.a@395c748b
10-31 15:59:56.773 D/GLRootRenderer( 2498): dispatchKeyEvent event:KeyEvent { action=ACTION_DOWN, keyCode=KEYCODE_DPAD_RIGHT, scanCode=106, metaState=0, flags=0x80000008, repeatCount=0, eventTime=295461, downTime=295461, deviceId=3, source=0x701 }:lastKeyCode:19:lastKeyAction:0:lastkeycount:1:size:0
10-31 15:59:56.773 D/Scene   ( 2498): dispatchKeyEvent event:KeyEvent { action=ACTION_DOWN, keyCode=KEYCODE_DPAD_RIGHT, scanCode=106, metaState=0, flags=0x80000008, repeatCount=0, eventTime=295461, downTime=295461, deviceId=3, source=0x701 }
10-31 15:59:56.773 D/Scene   ( 2498): dispatchKeyEvent currentFocus = com.suma.midware.view.b.c.c@7cf2e64
10-31 15:59:56.773 D/Scene   ( 2498): dispatchKeyEvent nextFocus:null
10-31 15:59:56.773 D/BasicFigure( 2498): [TN_GLThread 74]dealKeyEvent event=KeyEvent { action=ACTION_DOWN, keyCode=KEYCODE_DPAD_RIGHT, scanCode=106, metaState=0, flags=0x80000008, repeatCount=0, eventTime=295461, downTime=295461, deviceId=3, source=0x701 }
10-31 15:59:56.774 D/MenuUtil( 2498): [TN_GLThread 74]searchHorizontalFigure x=1354.00,y=3.00000,width=180.000,height=134.000,excludeObj=com.suma.midware.view.b.c.c@7cf2e64
10-31 15:59:56.775 D/BasicFigure( 2498): [TN_GLThread 74]dealLeftRight obj3d=com.suma.midware.view.b.c.c@39656493,obj3dSize=6,basicPanel=null
10-31 15:59:56.775 D/BasicFigure( 2498): [TN_GLThread 74]onFocusLost figure=com.suma.midware.view.b.c.c@7cf2e64
10-31 15:59:56.775 D/BasicFigure( 2498): [TN_GLThread 74]onGlobalFocusLost figure=com.suma.midware.view.b.c.c@7cf2e64
10-31 15:59:56.775 D/BasicFigure( 2498): [TN_GLThread 74]onFocusGain figure=com.suma.midware.view.b.c.c@39656493
10-31 15:59:56.775 D/BasicFigure( 2498): [TN_GLThread 74]onGlobalFocusGain figure=com.suma.midware.view.b.c.c@39656493
10-31 15:59:56.788 D/BasicFigure( 2498): [TN_GLThread 74]isDrawFocused relyElement=[BaseElement@190c8802]focusScale[1.15]elementAlpha[-1.0]refectAlpha[-1.0]isFocusAble[true]shadowIndex[-1]autoJumpType[-1]uniqueID[54resSize0]rect[NULL]
10-31 15:59:56.788 D/BasicFigure( 2498): [TN_GLThread 74]isDrawFocused basicFigure=com.suma.midware.view.b.c.c@2f52b513
10-31 15:59:56.798 D/BasicFigure( 2498): [TN_GLThread 74]isDrawFocused relyElement=[BaseElement@190c8802]focusScale[1.15]elementAlpha[-1.0]refectAlpha[-1.0]isFocusAble[true]shadowIndex[-1]autoJumpType[-1]uniqueID[54resSize0]rect[NULL]
10-31 15:59:56.798 D/BasicFigure( 2498): [TN_GLThread 74]isDrawFocused basicFigure=com.suma.midware.view.b.c.c@2f52b513
10-31 15:59:56.887 D/BackBootDealerNeimeng( 2391): standbyState:
10-31 15:59:56.888 E/NetUtils( 2019): Interface eth0 LinkDown!
10-31 15:59:56.979 D/ir_user ( 1587): PlayerTimeLineTrace:linux_keycode:0x6a(UP),	protocol: .
10-31 15:59:56.979 V/PT      ( 1583): >>INFO:irkey_task:[     295.670754] /dev/input/event0: type=0001 code=006a val=00000000
10-31 15:59:56.979 V/PT      ( 1583): >>INFO:irkey_send:0x3001 0x0027 up  
10-31 15:59:56.979 V/SUMA    ( 1583): ++++++++++++++  _roc_evtmgr_key_cbk 517:input = 12289, event=39, act=0x400
10-31 15:59:56.979 V/SUMA    ( 1583): lxm:_roc_evtmgr_key_cbk 519 295671
10-31 15:59:56.979 V/SUMA    ( 1583): lxm:_roc_evtmgr_add_key_into_queue 311 295671
10-31 15:59:56.979 V/PT      ( 1583): >>INFO:irkey_task:[     295.670754] /dev/input/event0: type=0000 code=0000 val=00000000
10-31 15:59:56.979 V/SUMA    ( 1583): ===================>> type=0 src=0 evt=39 act=0x400
10-31 15:59:56.979 V/SUMA    ( 1583): [sysset-s][event_manager_cbk 78]lxm cbid=1, cbk_reg=1, cpid=2457
10-31 15:59:56.980 D/NGBEvent( 2457): ngbEventCallBack type:0 source :39
10-31 15:59:56.980 D/NGBEvent( 2457): [NGBEventManager-JNI]-returning:1
10-31 15:59:56.980 D/NGBEvent( 2457): Input key event: keyCode=39
10-31 15:59:56.980 D/NGBEvent( 2457): src:39 = dest:39
10-31 15:59:56.980 I/System.out( 2457): [DEBUG EventManager] LWJ--Add event to java with evt=NgbEvent-[type = 1, subtype = 402, code = 39]
10-31 15:59:56.980 D/NGBEvent( 2457): [NGBEvent_log]--[EventManager--JNI]:		start
10-31 15:59:56.980 I/System.out( 2457): [DEBUG EventManager] broadcastEvent  :len 1
10-31 15:59:56.980 D/KeyEventNgbDealer( 2457): [TN_pool-1-thread-1]handleKeyReleased keyEvent=NgbEvent-[type = 1, subtype = 402, code = 39],time=295672
10-31 15:59:56.981 D/RemoteIME( 2349): RemoteIME--> onKeyUp keyCode = 22
10-31 15:59:56.982 D/Main3DActivity( 2498): [TN_main]dispatchKeyEvent event=KeyEvent { action=ACTION_UP, keyCode=KEYCODE_DPAD_RIGHT, scanCode=106, metaState=0, flags=0x8, repeatCount=0, eventTime=295670, downTime=295461, deviceId=3, source=0x701 },isEventAble=true
10-31 15:59:57.133 D/ir_user ( 1587): PlayerTimeLineTrace:linux_keycode:0x6a(DOWN),	protocol: .
10-31 15:59:57.133 V/PT      ( 1583): >>INFO:irkey_task:[     295.824666] /dev/input/event0: type=0001 code=006a val=00000001
10-31 15:59:57.133 V/PT      ( 1583): >>INFO:irkey_send:0x3001 0x0027 down
10-31 15:59:57.133 V/SUMA    ( 1583): ++++++++++++++  _roc_evtmgr_key_cbk 517:input = 12289, event=39, act=0x100
10-31 15:59:57.133 V/SUMA    ( 1583): lxm:_roc_evtmgr_key_cbk 519 295824
10-31 15:59:57.133 V/SUMA    ( 1583): lxm:_roc_evtmgr_add_evt_into_queue 347 295825
10-31 15:59:57.133 V/SUMA    ( 1583): ===================>> type=0 src=0 evt=39 act=0x100
10-31 15:59:57.133 V/SUMA    ( 1583): [sysset-s][event_manager_cbk 78]lxm cbid=1, cbk_reg=1, cpid=2457
10-31 15:59:57.133 V/PT      ( 1583): >>INFO:irkey_task:[     295.824666] /dev/input/event0: type=0000 code=0000 val=00000000
10-31 15:59:57.133 D/NGBEvent( 2457): ngbEventCallBack type:0 source :39
10-31 15:59:57.134 D/NGBEvent( 2457): [NGBEventManager-JNI]-returning:1
10-31 15:59:57.134 D/NGBEvent( 2457): Input key event: keyCode=39
10-31 15:59:57.134 D/NGBEvent( 2457): src:39 = dest:39
10-31 15:59:57.134 I/System.out( 2457): [DEBUG EventManager] LWJ--Add event to java with evt=NgbEvent-[type = 1, subtype = 401, code = 39]
10-31 15:59:57.134 D/NGBEvent( 2457): [NGBEvent_log]--[EventManager--JNI]:		start
10-31 15:59:57.134 I/System.out( 2457): [DEBUG EventManager] broadcastEvent  :len 1
10-31 15:59:57.134 D/CombineKeyUtil( 2457): [TN_pool-1-thread-1]dealKeyEvent,combineIndex:-1:keyCode:22
10-31 15:59:57.135 D/KeyEventNgbDealer( 2457): [TN_pool-1-thread-1]handleKeyPressed keyEvent=NgbEvent-[type = 1, subtype = 401, code = 39],time=295826
10-31 15:59:57.135 D/RemoteIME( 2349): onKeyDown event = KeyEvent { action=ACTION_DOWN, keyCode=KEYCODE_DPAD_RIGHT, scanCode=106, metaState=0, flags=0x8, repeatCount=0, eventTime=295824, downTime=295824, deviceId=3, source=0x701 },mSkbContainer=null
10-31 15:59:57.135 D/Main3DActivity( 2498): [TN_main]dispatchKeyEvent event=KeyEvent { action=ACTION_DOWN, keyCode=KEYCODE_DPAD_RIGHT, scanCode=106, metaState=0, flags=0x8, repeatCount=0, eventTime=295824, downTime=295824, deviceId=3, source=0x701 },isEventAble=true
10-31 15:59:57.136 D/InputEventConsistencyVerifier( 2498): KeyEvent: ACTION_DOWN but key is already down and this event is not a key repeat.
10-31 15:59:57.136 D/InputEventConsistencyVerifier( 2498):   in com.android.internal.policy.impl.PhoneWindow$DecorView{e95359 V.E..... R.....I. 0,0-1280,720}
10-31 15:59:57.136 D/InputEventConsistencyVerifier( 2498):   0: sent at 295824000000, KeyEvent { action=ACTION_DOWN, keyCode=KEYCODE_DPAD_RIGHT, scanCode=106, metaState=0, flags=0x8, repeatCount=0, eventTime=295824, downTime=295824, deviceId=3, source=0x701 }
10-31 15:59:57.136 D/InputEventConsistencyVerifier( 2498):   -- recent events --
10-31 15:59:57.136 D/InputEventConsistencyVerifier( 2498):   1: sent at 295461000000, KeyEvent { action=ACTION_DOWN, keyCode=KEYCODE_DPAD_RIGHT, scanCode=106, metaState=0, flags=0x80000008, repeatCount=0, eventTime=295461, downTime=295461, deviceId=3, source=0x701 }
10-31 15:59:57.136 D/InputEventConsistencyVerifier( 2498):   2: sent at 294917000000, KeyEvent { action=ACTION_DOWN, keyCode=KEYCODE_DPAD_UP, scanCode=103, metaState=0, flags=0x80000008, repeatCount=0, eventTime=294917, downTime=294917, deviceId=3, source=0x701 }
10-31 15:59:57.136 D/InputEventConsistencyVerifier( 2498):   3: sent at 294421000000, KeyEvent { action=ACTION_DOWN, keyCode=KEYCODE_DPAD_UP, scanCode=103, metaState=0, flags=0x80000008, repeatCount=0, eventTime=294421, downTime=294421, deviceId=3, source=0x701 }
10-31 15:59:57.136 D/InputEventConsistencyVerifier( 2498):   4: sent at 102665000000, KeyEvent { action=ACTION_DOWN, keyCode=KEYCODE_DPAD_CENTER, scanCode=28, metaState=0, flags=0x80000008, repeatCount=0, eventTime=102665, downTime=102665, deviceId=3, source=0x701 }
10-31 15:59:57.136 D/InputEventConsistencyVerifier( 2498):   5: sent at 102211000000, KeyEvent { action=ACTION_DOWN, keyCode=KEYCODE_DPAD_RIGHT, scanCode=106, metaState=0, flags=0x80000008, repeatCount=0, eventTime=102211, downTime=102211, deviceId=3, source=0x701 }
10-31 15:59:57.136 D/BasicRootView( 2498): [TN_main]dispatchKeyEvent event=KeyEvent { action=ACTION_DOWN, keyCode=KEYCODE_DPAD_RIGHT, scanCode=106, metaState=0, flags=0x80000008, repeatCount=0, eventTime=295824, downTime=295824, deviceId=3, source=0x701 },curRootPanel=com.suma.midware.home.third.a.a@395c748b
10-31 15:59:57.136 D/GLRootRenderer( 2498): dispatchKeyEvent event:KeyEvent { action=ACTION_DOWN, keyCode=KEYCODE_DPAD_RIGHT, scanCode=106, metaState=0, flags=0x80000008, repeatCount=0, eventTime=295824, downTime=295824, deviceId=3, source=0x701 }:lastKeyCode:22:lastKeyAction:0:lastkeycount:0:size:0
10-31 15:59:57.136 D/Scene   ( 2498): dispatchKeyEvent event:KeyEvent { action=ACTION_DOWN, keyCode=KEYCODE_DPAD_RIGHT, scanCode=106, metaState=0, flags=0x80000008, repeatCount=0, eventTime=295824, downTime=295824, deviceId=3, source=0x701 }
10-31 15:59:57.137 D/Scene   ( 2498): dispatchKeyEvent currentFocus = com.suma.midware.view.b.c.c@39656493
10-31 15:59:57.137 D/Scene   ( 2498): dispatchKeyEvent nextFocus:null
10-31 15:59:57.137 D/BasicFigure( 2498): [TN_GLThread 74]dealKeyEvent event=KeyEvent { action=ACTION_DOWN, keyCode=KEYCODE_DPAD_RIGHT, scanCode=106, metaState=0, flags=0x80000008, repeatCount=0, eventTime=295824, downTime=295824, deviceId=3, source=0x701 }
10-31 15:59:57.138 D/MenuUtil( 2498): [TN_GLThread 74]searchHorizontalFigure x=1468.00,y=3.00000,width=180.000,height=134.000,excludeObj=com.suma.midware.view.b.c.c@39656493
10-31 15:59:57.138 D/BasicFigure( 2498): [TN_GLThread 74]dealLeftRight obj3d=com.suma.midware.view.b.c.c@3182ccd0,obj3dSize=6,basicPanel=null
10-31 15:59:57.139 D/BasicFigure( 2498): [TN_GLThread 74]onFocusLost figure=com.suma.midware.view.b.c.c@39656493
10-31 15:59:57.139 D/BasicFigure( 2498): [TN_GLThread 74]onGlobalFocusLost figure=com.suma.midware.view.b.c.c@39656493
10-31 15:59:57.139 D/BasicFigure( 2498): [TN_GLThread 74]onFocusGain figure=com.suma.midware.view.b.c.c@3182ccd0
10-31 15:59:57.139 D/BasicFigure( 2498): [TN_GLThread 74]onGlobalFocusGain figure=com.suma.midware.view.b.c.c@3182ccd0
10-31 15:59:57.151 D/BasicFigure( 2498): [TN_GLThread 74]isDrawFocused relyElement=[BaseElement@190c8802]focusScale[1.15]elementAlpha[-1.0]refectAlpha[-1.0]isFocusAble[true]shadowIndex[-1]autoJumpType[-1]uniqueID[54resSize0]rect[NULL]
10-31 15:59:57.151 D/BasicFigure( 2498): [TN_GLThread 74]isDrawFocused basicFigure=com.suma.midware.view.b.c.c@2f52b513
10-31 15:59:57.160 D/BasicFigure( 2498): [TN_GLThread 74]isDrawFocused relyElement=[BaseElement@190c8802]focusScale[1.15]elementAlpha[-1.0]refectAlpha[-1.0]isFocusAble[true]shadowIndex[-1]autoJumpType[-1]uniqueID[54resSize0]rect[NULL]
10-31 15:59:57.160 D/BasicFigure( 2498): [TN_GLThread 74]isDrawFocused basicFigure=com.suma.midware.view.b.c.c@2f52b513
10-31 15:59:57.342 D/ir_user ( 1587): PlayerTimeLineTrace:linux_keycode:0x6a(UP),	protocol: .
10-31 15:59:57.342 V/PT      ( 1583): >>INFO:irkey_task:[     296.034214] /dev/input/event0: type=0001 code=006a val=00000000
10-31 15:59:57.342 V/PT      ( 1583): >>INFO:irkey_send:0x3001 0x0027 up  
10-31 15:59:57.342 V/SUMA    ( 1583): ++++++++++++++  _roc_evtmgr_key_cbk 517:input = 12289, event=39, act=0x400
10-31 15:59:57.342 V/SUMA    ( 1583): lxm:_roc_evtmgr_key_cbk 519 296034
10-31 15:59:57.343 V/SUMA    ( 1583): lxm:_roc_evtmgr_add_key_into_queue 311 296034
10-31 15:59:57.343 V/PT      ( 1583): >>INFO:irkey_task:[     296.034214] /dev/input/event0: type=0000 code=0000 val=00000000
10-31 15:59:57.343 V/SUMA    ( 1583): ===================>> type=0 src=0 evt=39 act=0x400
10-31 15:59:57.343 V/SUMA    ( 1583): [sysset-s][event_manager_cbk 78]lxm cbid=1, cbk_reg=1, cpid=2457
10-31 15:59:57.343 D/NGBEvent( 2457): ngbEventCallBack type:0 source :39
10-31 15:59:57.343 D/NGBEvent( 2457): [NGBEventManager-JNI]-returning:1
10-31 15:59:57.343 D/NGBEvent( 2457): Input key event: keyCode=39
10-31 15:59:57.343 D/NGBEvent( 2457): src:39 = dest:39
10-31 15:59:57.343 I/System.out( 2457): [DEBUG EventManager] LWJ--Add event to java with evt=NgbEvent-[type = 1, subtype = 402, code = 39]
10-31 15:59:57.344 D/NGBEvent( 2457): [NGBEvent_log]--[EventManager--JNI]:		start
10-31 15:59:57.344 I/System.out( 2457): [DEBUG EventManager] broadcastEvent  :len 1
10-31 15:59:57.344 D/KeyEventNgbDealer( 2457): [TN_pool-1-thread-1]handleKeyReleased keyEvent=NgbEvent-[type = 1, subtype = 402, code = 39],time=296035
10-31 15:59:57.344 D/RemoteIME( 2349): RemoteIME--> onKeyUp keyCode = 22
10-31 15:59:57.345 D/Main3DActivity( 2498): [TN_main]dispatchKeyEvent event=KeyEvent { action=ACTION_UP, keyCode=KEYCODE_DPAD_RIGHT, scanCode=106, metaState=0, flags=0x8, repeatCount=0, eventTime=296034, downTime=295824, deviceId=3, source=0x701 },isEventAble=true
10-31 15:59:57.388 D/BackBootDealerNeimeng( 2391): standbyState:
10-31 15:59:57.389 E/NetUtils( 2019): Interface eth0 LinkDown!
10-31 15:59:57.432 E/hcdn_upload( 2899): HCDN_LOG: [2017/10/31-15:59:57:432]:Update uload speed 1 kbps ,real:0 kbps,qsize:0,maxsize:12,timeout_speed:0 kbps 
10-31 15:59:57.731 D/ir_user ( 1587): PlayerTimeLineTrace:linux_keycode:0x1c(DOWN),	protocol: .
10-31 15:59:57.731 V/PT      ( 1583): >>INFO:irkey_task:[     296.422656] /dev/input/event0: type=0001 code=001c val=00000001
10-31 15:59:57.731 V/PT      ( 1583): >>INFO:irkey_send:0x3001 0x1001 down
10-31 15:59:57.731 V/SUMA    ( 1583): ++++++++++++++  _roc_evtmgr_key_cbk 517:input = 12289, event=4097, act=0x100
10-31 15:59:57.731 V/SUMA    ( 1583): lxm:_roc_evtmgr_key_cbk 519 296422
10-31 15:59:57.731 V/SUMA    ( 1583): lxm:_roc_evtmgr_add_evt_into_queue 347 296423
10-31 15:59:57.731 V/PT      ( 1583): >>INFO:irkey_task:[     296.422656] /dev/input/event0: type=0000 code=0000 val=00000000
10-31 15:59:57.731 V/SUMA    ( 1583): ===================>> type=0 src=0 evt=4097 act=0x100
10-31 15:59:57.731 V/SUMA    ( 1583): [sysset-s][event_manager_cbk 78]lxm cbid=1, cbk_reg=1, cpid=2457
10-31 15:59:57.732 D/NGBEvent( 2457): ngbEventCallBack type:0 source :4097
10-31 15:59:57.732 D/NGBEvent( 2457): [NGBEventManager-JNI]-returning:1
10-31 15:59:57.732 D/NGBEvent( 2457): Input key event: keyCode=4097
10-31 15:59:57.732 D/NGBEvent( 2457): src:4097 = dest:4097
10-31 15:59:57.732 I/System.out( 2457): [DEBUG EventManager] LWJ--Add event to java with evt=NgbEvent-[type = 1, subtype = 401, code = 4097]
10-31 15:59:57.732 D/NGBEvent( 2457): [NGBEvent_log]--[EventManager--JNI]:		start
10-31 15:59:57.732 I/System.out( 2457): [DEBUG EventManager] broadcastEvent  :len 1
10-31 15:59:57.732 D/CombineKeyUtil( 2457): [TN_pool-1-thread-1]dealKeyEvent,combineIndex:-1:keyCode:23
10-31 15:59:57.733 D/KeyEventNgbDealer( 2457): [TN_pool-1-thread-1]handleKeyPressed keyEvent=NgbEvent-[type = 1, subtype = 401, code = 4097],time=296424
10-31 15:59:57.733 D/RemoteIME( 2349): onKeyDown event = KeyEvent { action=ACTION_DOWN, keyCode=KEYCODE_DPAD_CENTER, scanCode=28, metaState=0, flags=0x8, repeatCount=0, eventTime=296422, downTime=296422, deviceId=3, source=0x701 },mSkbContainer=null
10-31 15:59:57.734 D/Main3DActivity( 2498): [TN_main]dispatchKeyEvent event=KeyEvent { action=ACTION_DOWN, keyCode=KEYCODE_DPAD_CENTER, scanCode=28, metaState=0, flags=0x8, repeatCount=0, eventTime=296422, downTime=296422, deviceId=3, source=0x701 },isEventAble=true
10-31 15:59:57.734 D/InputEventConsistencyVerifier( 2498): KeyEvent: ACTION_DOWN but key is already down and this event is not a key repeat.
10-31 15:59:57.734 D/InputEventConsistencyVerifier( 2498):   in com.android.internal.policy.impl.PhoneWindow$DecorView{e95359 V.E..... R.....I. 0,0-1280,720}
10-31 15:59:57.734 D/InputEventConsistencyVerifier( 2498):   0: sent at 296422000000, KeyEvent { action=ACTION_DOWN, keyCode=KEYCODE_DPAD_CENTER, scanCode=28, metaState=0, flags=0x8, repeatCount=0, eventTime=296422, downTime=296422, deviceId=3, source=0x701 }
10-31 15:59:57.734 D/InputEventConsistencyVerifier( 2498):   -- recent events --
10-31 15:59:57.734 D/InputEventConsistencyVerifier( 2498):   1: sent at 295824000000, KeyEvent { action=ACTION_DOWN, keyCode=KEYCODE_DPAD_RIGHT, scanCode=106, metaState=0, flags=0x80000008, repeatCount=0, eventTime=295824, downTime=295824, deviceId=3, source=0x701 }
10-31 15:59:57.734 D/InputEventConsistencyVerifier( 2498):   2: sent at 295461000000, KeyEvent { action=ACTION_DOWN, keyCode=KEYCODE_DPAD_RIGHT, scanCode=106, metaState=0, flags=0x80000008, repeatCount=0, eventTime=295461, downTime=295461, deviceId=3, source=0x701 }
10-31 15:59:57.734 D/InputEventConsistencyVerifier( 2498):   3: sent at 294917000000, KeyEvent { action=ACTION_DOWN, keyCode=KEYCODE_DPAD_UP, scanCode=103, metaState=0, flags=0x80000008, repeatCount=0, eventTime=294917, downTime=294917, deviceId=3, source=0x701 }
10-31 15:59:57.734 D/InputEventConsistencyVerifier( 2498):   4: sent at 294421000000, KeyEvent { action=ACTION_DOWN, keyCode=KEYCODE_DPAD_UP, scanCode=103, metaState=0, flags=0x80000008, repeatCount=0, eventTime=294421, downTime=294421, deviceId=3, source=0x701 }
10-31 15:59:57.734 D/InputEventConsistencyVerifier( 2498):   5: sent at 102665000000, KeyEvent { action=ACTION_DOWN, keyCode=KEYCODE_DPAD_CENTER, scanCode=28, metaState=0, flags=0x80000008, repeatCount=0, eventTime=102665, downTime=102665, deviceId=3, source=0x701 }
10-31 15:59:57.734 D/BasicRootView( 2498): [TN_main]dispatchKeyEvent event=KeyEvent { action=ACTION_DOWN, keyCode=KEYCODE_DPAD_CENTER, scanCode=28, metaState=0, flags=0x80000008, repeatCount=0, eventTime=296422, downTime=296422, deviceId=3, source=0x701 },curRootPanel=com.suma.midware.home.third.a.a@395c748b
10-31 15:59:57.735 D/GLRootRenderer( 2498): dispatchKeyEvent event:KeyEvent { action=ACTION_DOWN, keyCode=KEYCODE_DPAD_CENTER, scanCode=28, metaState=0, flags=0x80000008, repeatCount=0, eventTime=296422, downTime=296422, deviceId=3, source=0x701 }:lastKeyCode:22:lastKeyAction:0:lastkeycount:1:size:0
10-31 15:59:57.735 D/Scene   ( 2498): dispatchKeyEvent event:KeyEvent { action=ACTION_DOWN, keyCode=KEYCODE_DPAD_CENTER, scanCode=28, metaState=0, flags=0x80000008, repeatCount=0, eventTime=296422, downTime=296422, deviceId=3, source=0x701 }
10-31 15:59:57.735 D/Scene   ( 2498): dispatchKeyEvent currentFocus = com.suma.midware.view.b.c.c@3182ccd0
10-31 15:59:57.735 D/Scene   ( 2498): dispatchKeyEvent nextFocus:null
10-31 15:59:57.735 D/BasicFigure( 2498): [TN_GLThread 74]dealKeyEvent event=KeyEvent { action=ACTION_DOWN, keyCode=KEYCODE_DPAD_CENTER, scanCode=28, metaState=0, flags=0x80000008, repeatCount=0, eventTime=296422, downTime=296422, deviceId=3, source=0x701 }
