10-31 14:40:49.187 V/WindowManager( 2020): Adding window Window{1d752c68 u0 SurfaceView} at 5 of 13 (before Window{26b3949 u0 com.ipanel.android_webview.shell/com.ipanel.webapp.BrowserActivity})
10-31 14:40:49.270 W/ViewRootImpl(15503): Cancelling event due to no window focus: KeyEvent { action=ACTION_UP, keyCode=KEYCODE_DPAD_CENTER, scanCode=28, metaState=0, flags=0x80000028, repeatCount=0, eventTime=15638771, downTime=15638561, deviceId=3, source=0x701 }
10-31 14:40:49.270 W/ViewRootImpl(15503): Cancelling event due to no window focus: KeyEvent { action=ACTION_UP, keyCode=KEYCODE_DPAD_CENTER, scanCode=28, metaState=0, flags=0x80000028, repeatCount=0, eventTime=15638771, downTime=15638561, deviceId=3, source=0x701 }
10-31 14:40:49.270 W/ViewRootImpl(15503): Cancelling event due to no window focus: KeyEvent { action=ACTION_UP, keyCode=KEYCODE_DPAD_CENTER, scanCode=28, metaState=0, flags=0x80000028, repeatCount=0, eventTime=15638771, downTime=15638561, deviceId=3, source=0x701 }
10-31 14:40:49.270 W/ViewRootImpl(15503): Cancelling event due to no window focus: KeyEvent { action=ACTION_UP, keyCode=KEYCODE_DPAD_CENTER, scanCode=28, metaState=0, flags=0x80000028, repeatCount=0, eventTime=15638771, downTime=15638561, deviceId=3, source=0x701 }
10-31 14:40:49.270 W/ViewRootImpl(15503): Cancelling event due to no window focus: KeyEvent { action=ACTION_UP, keyCode=KEYCODE_DPAD_CENTER, scanCode=28, metaState=0, flags=0x80000028, repeatCount=0, eventTime=15638771, downTime=15638561, deviceId=3, source=0x701 }
10-31 14:40:49.270 W/ViewRootImpl(15503): Cancelling event due to no window focus: KeyEvent { action=ACTION_UP, keyCode=KEYCODE_DPAD_CENTER, scanCode=28, metaState=0, flags=0x80000028, repeatCount=0, eventTime=15638771, downTime=15638561, deviceId=3, source=0x701 }
10-31 14:40:49.273 W/ViewRootImpl(15503): Cancelling event due to no window focus: KeyEvent { action=ACTION_UP, keyCode=KEYCODE_DPAD_CENTER, scanCode=28, metaState=0, flags=0x80000028, repeatCount=0, eventTime=15638771, downTime=15638561, deviceId=3, source=0x701 }
10-31 14:40:49.273 W/ViewRootImpl(15503): Cancelling event due to no window focus: KeyEvent { action=ACTION_UP, keyCode=KEYCODE_DPAD_CENTER, scanCode=28, metaState=0, flags=0x80000028, repeatCount=0, eventTime=15638771, downTime=15638561, deviceId=3, source=0x701 }
10-31 14:40:49.273 W/ViewRootImpl(15503): Cancelling event due to no window focus: KeyEvent { action=ACTION_UP, keyCode=KEYCODE_DPAD_CENTER, scanCode=28, metaState=0, flags=0x80000028, repeatCount=0, eventTime=15638771, downTime=15638561, deviceId=3, source=0x701 }
10-31 14:40:52.023 W/ContextImpl( 2389): Calling a method in the system process without a qualified user: android.app.ContextImpl.sendBroadcast:1345 android.content.ContextWrapper.sendBroadcast:377 com.suma.midware.back.esg.e.f:-1 com.suma.midware.back.esg.f.run:-1 com.suma.midware.prop.util.c.run:-1 
10-31 14:40:53.025 W/ContextImpl( 2389): Calling a method in the system process without a qualified user: android.app.ContextImpl.sendBroadcast:1345 android.content.ContextWrapper.sendBroadcast:377 com.suma.midware.back.esg.e.f:-1 com.suma.midware.back.esg.f.run:-1 com.suma.midware.prop.util.c.run:-1 
10-31 14:40:53.900 I/ActivityManager( 2020): Waited long enough for: ServiceRecord{36d0a91d u0 com.gitvdemo.video/com.gala.video.lib.share.ifimpl.logrecord.service.LRProxyService}
10-31 14:40:54.027 W/ContextImpl( 2389): Calling a method in the system process without a qualified user: android.app.ContextImpl.sendBroadcast:1345 android.content.ContextWrapper.sendBroadcast:377 com.suma.midware.back.esg.e.f:-1 com.suma.midware.back.esg.f.run:-1 com.suma.midware.prop.util.c.run:-1 
--------- beginning of main
10-31 14:41:15.979 D/base::Ini(15503): [getOption] getOption name='debug-eventManager-level' value=''.
10-31 14:41:15.979 D/base::Ini(15503): [getOption] getOption name='debug-eventManager-level' value=''.
10-31 14:41:15.979 D/base::Ini(15503): [getOption] getOption name='debug-eventManager-level' value=''.
10-31 14:41:15.979 D/base::Ini(15503): [getOption] getOption name='debug-eventManager-level' value=''.
10-31 14:41:15.980 D/base::Ini(15503): [getOption] getOption name='debug-eventManager-level' value=''.
10-31 14:41:15.980 D/base::Ini(15503): [getOption] getOption name='debug-eventManager-level' value=''.
10-31 14:41:15.980 D/base::Ini(15503): [getOption] getOption name='debug-eventManager-level' value=''.
10-31 14:41:15.980 D/base::Ini(15503): [getOption] getOption name='debug-eventManager-level' value=''.
10-31 14:41:15.980 D/base::Ini(15503): [getOption] getOption name='debug-eventManager-level' value=''.
10-31 14:41:15.980 D/base::Ini(15503): [getOption] getOption name='debug-eventManager-level' value=''.
10-31 14:41:15.980 D/base::Ini(15503): [getOption] getOption name='debug-eventManager-level' value=''.
10-31 14:41:15.980 D/base::Ini(15503): [getOption] getOption name='debug-eventManager-level' value=''.
10-31 14:41:15.980 D/base::Ini(15503): [getOption] getOption name='debug-eventManager-level' value=''.
10-31 14:41:15.980 D/base::Ini(15503): [getOption] getOption name='debug-eventManager-level' value=''.
10-31 14:41:16.036 D/BackBootDealerNeimeng( 2389): standbyState:
10-31 14:41:16.037 E/NetUtils( 2020): Interface eth0 LinkDown!
10-31 14:41:16.180 D/base::Ini(15503): [getOption] getOption name='debug-eventManager-level' value=''.
10-31 14:41:16.180 D/base::Ini(15503): [getOption] getOption name='debug-eventManager-level' value=''.
10-31 14:41:16.180 D/base::Ini(15503): [getOption] getOption name='debug-eventManager-level' value=''.
10-31 14:41:16.180 D/base::Ini(15503): [getOption] getOption name='debug-eventManager-level' value=''.
10-31 14:41:16.180 D/base::Ini(15503): [getOption] getOption name='debug-eventManager-level' value=''.
10-31 14:41:16.180 D/base::Ini(15503): [getOption] getOption name='debug-eventManager-level' value=''.
10-31 14:41:16.180 D/base::Ini(15503): [getOption] getOption name='debug-eventManager-level' value=''.
10-31 14:41:16.180 D/base::Ini(15503): [getOption] getOption name='debug-eventManager-level' value=''.
10-31 14:41:16.180 D/base::Ini(15503): [getOption] getOption name='debug-eventManager-level' value=''.
10-31 14:41:16.180 D/base::Ini(15503): [getOption] getOption name='debug-eventManager-level' value=''.
10-31 14:41:16.181 D/base::Ini(15503): [getOption] getOption name='debug-eventManager-level' value=''.
10-31 14:41:16.181 I/Advanced(15503): [QUEUE] share_queue_sendEx size:1 4097 133 0x8eb349e8,postLoopId:0,dstid:1.
10-31 14:41:16.181 D/base::Ini(15503): [getOption] getOption name='debug-eventManager-level' value=''.
10-31 14:41:16.181 D/base::Ini(15503): [getOption] getOption name='debug-eventManager-level' value=''.
10-31 14:41:16.181 D/base::Ini(15503): [getOption] getOption name='debug-eventManager-level' value=''.
10-31 14:41:16.181 D/base::Ini(15503): [getOption] getOption name='debug-eventManager-level' value=''.
10-31 14:41:16.181 D/base::Ini(15503): [getOption] getOption name='debug-eventManager-level' value=''.
10-31 14:41:16.181 D/base::Ini(15503): [getOption] getOption name='debug-eventManager-level' value=''.
10-31 14:41:16.181 D/base::Ini(15503): [getOption] getOption name='debug-eventManager-level' value=''.
10-31 14:41:16.181 D/base::Ini(15503): [getOption] getOption name='debug-netdev-level' value=''.
10-31 14:41:16.181 D/base::Ini(15503): [getOption] getOption name='debug-netdev-level' value=''.
10-31 14:41:16.181 D/base::Ini(15503): [getOption] getOption name='debug-netdev-level' value=''.
10-31 14:41:16.181 D/base::Ini(15503): [getOption] getOption name='debug-netdev-level' value=''.
10-31 14:41:16.181 D/base::Ini(15503): [getOption] getOption name='debug-netdev-level' value=''.
10-31 14:41:16.181 D/base::Ini(15503): [getOption] getOption name='debug-netdev-level' value=''.
10-31 14:41:16.181 D/base::Ini(15503): [getOption] getOption name='debug-netdev-level' value=''.
10-31 14:41:16.181 D/base::Ini(15503): [getOption] getOption name='debug-netdev-level' value=''.
10-31 14:41:16.181 D/base::Ini(15503): [getOption] getOption name='debug-eventManager-level' value=''.
10-31 14:41:16.181 D/base::Ini(15503): [getOption] getOption name='debug-eventManager-level' value=''.
10-31 14:41:16.181 D/base::Ini(15503): [getOption] getOption name='debug-eventManager-level' value=''.
10-31 14:41:16.181 D/base::Ini(15503): [getOption] getOption name='debug-eventManager-level' value=''.
10-31 14:41:16.181 D/base::Ini(15503): [getOption] getOption name='debug-eventManager-level' value=''.
10-31 14:41:16.181 D/base::Ini(15503): [getOption] getOption name='debug-eventManager-level' value=''.
10-31 14:41:16.181 D/base::Ini(15503): [getOption] getOption name='debug-eventManager-level' value=''.
10-31 14:41:16.182 D/base::Ini(15503): [getOption] getOption name='debug-eventManager-level' value=''.
10-31 14:41:16.182 D/base::Ini(15503): [getOption] getOption name='debug-eventManager-level' value=''.
10-31 14:41:16.182 D/base::Ini(15503): [getOption] getOption name='debug-eventManager-level' value=''.
10-31 14:41:16.182 D/base::Ini(15503): [getOption] getOption name='debug-eventManager-level' value=''.
10-31 14:41:16.182 D/base::Ini(15503): [getOption] getOption name='debug-eventManager-level' value=''.
10-31 14:41:16.182 D/base::Ini(15503): [getOption] getOption name='debug-eventManager-level' value=''.
10-31 14:41:16.182 D/base::Ini(15503): [getOption] getOption name='debug-eventManager-level' value=''.
10-31 14:41:16.182 D/base::Ini(15503): [getOption] getOption name='debug-eventManager-level' value=''.
10-31 14:41:16.182 D/base::Ini(15503): [getOption] getOption name='debug-eventManager-level' value=''.
10-31 14:41:16.381 D/base::Ini(15503): [getOption] getOption name='debug-eventManager-level' value=''.
10-31 14:41:16.381 D/base::Ini(15503): [getOption] getOption name='debug-eventManager-level' value=''.
10-31 14:41:16.381 D/base::Ini(15503): [getOption] getOption name='debug-eventManager-level' value=''.
10-31 14:41:16.381 D/base::Ini(15503): [getOption] getOption name='debug-eventManager-level' value=''.
10-31 14:41:16.381 D/base::Ini(15503): [getOption] getOption name='debug-eventManager-level' value=''.
10-31 14:41:16.381 D/base::Ini(15503): [getOption] getOption name='debug-eventManager-level' value=''.
10-31 14:41:16.381 D/base::Ini(15503): [getOption] getOption name='debug-eventManager-level' value=''.
10-31 14:41:16.381 D/base::Ini(15503): [getOption] getOption name='debug-eventManager-level' value=''.
10-31 14:41:16.381 D/base::Ini(15503): [getOption] getOption name='debug-eventManager-level' value=''.
10-31 14:41:16.381 D/base::Ini(15503): [getOption] getOption name='debug-eventManager-level' value=''.
10-31 14:41:16.381 D/base::Ini(15503): [getOption] getOption name='debug-eventManager-level' value=''.
10-31 14:41:16.381 D/base::Ini(15503): [getOption] getOption name='debug-netdev-level' value=''.
10-31 14:41:16.382 D/base::Ini(15503): [getOption] getOption name='debug-netdev-level' value=''.
10-31 14:41:16.382 D/base::Ini(15503): [getOption] getOption name='debug-netdev-level' value=''.
10-31 14:41:16.382 D/base::Ini(15503): [getOption] getOption name='debug-netdev-level' value=''.
10-31 14:41:16.392 D/base::Ini(15503): [getOption] getOption name='debug-eventManager-level' value=''.
10-31 14:41:16.392 D/base::Ini(15503): [getOption] getOption name='debug-eventManager-level' value=''.
10-31 14:41:16.392 D/base::Ini(15503): [getOption] getOption name='debug-eventManager-level' value=''.
10-31 14:41:16.392 D/base::Ini(15503): [getOption] getOption name='debug-eventManager-level' value=''.
10-31 14:41:16.392 D/base::Ini(15503): [getOption] getOption name='debug-eventManager-level' value=''.
10-31 14:41:16.392 D/base::Ini(15503): [getOption] getOption name='debug-eventManager-level' value=''.
10-31 14:41:16.392 D/base::Ini(15503): [getOption] getOption name='debug-eventManager-level' value=''.
10-31 14:41:16.392 D/base::Ini(15503): [getOption] getOption name='debug-eventManager-level' value=''.
10-31 14:41:16.392 D/base::Ini(15503): [getOption] getOption name='debug-eventManager-level' value=''.
10-31 14:41:16.392 D/base::Ini(15503): [getOption] getOption name='debug-eventManager-level' value=''.
10-31 14:41:16.392 D/base::Ini(15503): [getOption] getOption name='debug-netdev-level' value=''.
10-31 14:41:16.392 D/base::Ini(15503): [getOption] getOption name='debug-netdev-level' value=''.
10-31 14:41:16.392 D/base::Ini(15503): [getOption] getOption name='debug-netdev-level' value=''.
10-31 14:41:16.392 D/base::Ini(15503): [getOption] getOption name='debug-netdev-level' value=''.
10-31 14:41:16.392 D/base::Ini(15503): [getOption] getOption name='debug-eventManager-level' value=''.
10-31 14:41:16.392 D/base::Ini(15503): [getOption] getOption name='debug-eventManager-level' value=''.
10-31 14:41:16.392 D/base::Ini(15503): [getOption] getOption name='debug-eventManager-level' value=''.
10-31 14:41:16.392 D/base::Ini(15503): [getOption] getOption name='debug-eventManager-level' value=''.
10-31 14:41:16.392 D/base::Ini(15503): [getOption] getOption name='debug-eventManager-level' value=''.
10-31 14:41:16.393 D/base::Ini(15503): [getOption] getOption name='debug-eventManager-level' value=''.
10-31 14:41:16.393 D/base::Ini(15503): [getOption] getOption name='debug-eventManager-level' value=''.
10-31 14:41:16.393 D/base::Ini(15503): [getOption] getOption name='debug-eventManager-level' value=''.
10-31 14:41:16.393 D/base::Ini(15503): [getOption] getOption name='debug-eventManager-level' value=''.
10-31 14:41:16.393 D/base::Ini(15503): [getOption] getOption name='debug-eventManager-level' value=''.
10-31 14:41:16.393 D/base::Ini(15503): [getOption] getOption name='debug-eventManager-level' value=''.
10-31 14:41:16.393 D/base::Ini(15503): [getOption] getOption name='debug-eventManager-level' value=''.
10-31 14:41:16.393 D/base::Ini(15503): [getOption] getOption name='debug-eventManager-level' value=''.
10-31 14:41:16.393 D/base::Ini(15503): [getOption] getOption name='debug-eventManager-level' value=''.
10-31 14:41:16.393 D/base::Ini(15503): [getOption] getOption name='debug-eventManager-level' value=''.
10-31 14:41:16.393 D/base::Ini(15503): [getOption] getOption name='debug-eventManager-level' value=''.
10-31 14:41:16.537 D/BackBootDealerNeimeng( 2389): standbyState:
10-31 14:41:16.538 E/NetUtils( 2020): Interface eth0 LinkDown!
10-31 14:41:16.592 D/base::Ini(15503): [getOption] getOption name='debug-eventManager-level' value=''.
10-31 14:41:16.592 D/base::Ini(15503): [getOption] getOption name='debug-eventManager-level' value=''.
10-31 14:41:16.592 D/base::Ini(15503): [getOption] getOption name='debug-eventManager-level' value=''.
10-31 14:41:16.592 D/base::Ini(15503): [getOption] getOption name='debug-eventManager-level' value=''.
10-31 14:41:16.592 D/base::Ini(15503): [getOption] getOption name='debug-eventManager-level' value=''.
10-31 14:41:16.592 D/base::Ini(15503): [getOption] getOption name='debug-eventManager-level' value=''.
10-31 14:41:16.592 D/base::Ini(15503): [getOption] getOption name='debug-eventManager-level' value=''.
10-31 14:41:16.592 D/base::Ini(15503): [getOption] getOption name='debug-eventManager-level' value=''.
10-31 14:41:16.593 D/base::Ini(15503): [getOption] getOption name='debug-eventManager-level' value=''.
10-31 14:41:16.593 D/base::Ini(15503): [getOption] getOption name='debug-eventManager-level' value=''.
10-31 14:41:16.593 D/base::Ini(15503): [getOption] getOption name='debug-eventManager-level' value=''.
10-31 14:41:16.593 D/base::Ini(15503): [getOption] getOption name='debug-netdev-level' value=''.
10-31 14:41:16.593 D/base::Ini(15503): [getOption] getOption name='debug-netdev-level' value=''.
10-31 14:41:16.593 D/base::Ini(15503): [getOption] getOption name='debug-netdev-level' value=''.
10-31 14:41:16.593 D/base::Ini(15503): [getOption] getOption name='debug-netdev-level' value=''.
10-31 14:41:16.603 D/base::Ini(15503): [getOption] getOption name='debug-eventManager-level' value=''.
10-31 14:41:16.603 D/base::Ini(15503): [getOption] getOption name='debug-eventManager-level' value=''.
10-31 14:41:16.603 D/base::Ini(15503): [getOption] getOption name='debug-eventManager-level' value=''.
10-31 14:41:16.603 D/base::Ini(15503): [getOption] getOption name='debug-eventManager-level' value=''.
10-31 14:41:16.603 D/base::Ini(15503): [getOption] getOption name='debug-eventManager-level' value=''.
10-31 14:41:16.603 D/base::Ini(15503): [getOption] getOption name='debug-eventManager-level' value=''.
10-31 14:41:16.603 D/base::Ini(15503): [getOption] getOption name='debug-eventManager-level' value=''.
10-31 14:41:16.603 D/base::Ini(15503): [getOption] getOption name='debug-eventManager-level' value=''.
10-31 14:41:16.603 D/base::Ini(15503): [getOption] getOption name='debug-eventManager-level' value=''.
10-31 14:41:16.603 D/base::Ini(15503): [getOption] getOption name='debug-eventManager-level' value=''.
10-31 14:41:16.603 D/base::Ini(15503): [getOption] getOption name='debug-netdev-level' value=''.
10-31 14:41:16.603 D/base::Ini(15503): [getOption] getOption name='debug-netdev-level' value=''.
10-31 14:41:16.603 D/base::Ini(15503): [getOption] getOption name='debug-netdev-level' value=''.
10-31 14:41:16.603 D/base::Ini(15503): [getOption] getOption name='debug-netdev-level' value=''.
10-31 14:41:16.603 D/base::Ini(15503): [getOption] getOption name='debug-eventManager-level' value=''.
10-31 14:41:16.603 D/base::Ini(15503): [getOption] getOption name='debug-eventManager-level' value=''.
10-31 14:41:16.604 D/base::Ini(15503): [getOption] getOption name='debug-eventManager-level' value=''.
10-31 14:41:16.604 D/base::Ini(15503): [getOption] getOption name='debug-eventManager-level' value=''.
10-31 14:41:16.604 D/base::Ini(15503): [getOption] getOption name='debug-eventManager-level' value=''.
10-31 14:41:16.604 D/base::Ini(15503): [getOption] getOption name='debug-eventManager-level' value=''.
10-31 14:41:16.604 D/base::Ini(15503): [getOption] getOption name='debug-eventManager-level' value=''.
10-31 14:41:16.604 D/base::Ini(15503): [getOption] getOption name='debug-eventManager-level' value=''.
10-31 14:41:16.604 D/base::Ini(15503): [getOption] getOption name='debug-eventManager-level' value=''.
10-31 14:41:16.604 D/base::Ini(15503): [getOption] getOption name='debug-eventManager-level' value=''.
10-31 14:41:16.604 D/base::Ini(15503): [getOption] getOption name='debug-eventManager-level' value=''.
10-31 14:41:16.604 D/base::Ini(15503): [getOption] getOption name='debug-eventManager-level' value=''.
10-31 14:41:16.604 D/base::Ini(15503): [getOption] getOption name='debug-eventManager-level' value=''.
10-31 14:41:16.604 D/base::Ini(15503): [getOption] getOption name='debug-eventManager-level' value=''.
10-31 14:41:16.604 D/base::Ini(15503): [getOption] getOption name='debug-eventManager-level' value=''.
10-31 14:41:16.604 D/base::Ini(15503): [getOption] getOption name='debug-eventManager-level' value=''.
10-31 14:41:16.636 D/[blink]DOMTimer(15503): [fired] 0x8f46e048 timeout fired.
10-31 14:41:16.636 D/V8ScriptRunner(15503): [callFunction] start. frame = 0x495a9820 function:  url: http://10.14.41.246/application/bxfc/index.htm line: 247
10-31 14:41:16.637 D/[cc]beginFrameSource(15503): [AddObserver] ExternalBeginFrameSource::AddObserver
10-31 14:41:16.637 D/V8ScriptRunner(15503): [callFunction] end. frame = 0x495a9820 function:  url: http://10.14.41.246/application/bxfc/index.htm line: 247
10-31 14:41:16.653 D/[cc]ProxyMain(15503): [BeginMainFrame] cc.BeginMainFrame this:0x9f6a5ba0
10-31 14:41:16.653 D/[cc]LayerTreeHost(15503): [AnimateLayers] AnimateLayers monotonic_time=15666749373
10-31 14:41:16.653 D/[blink]FrameView(15503): [updateStyleAndLayoutIfNeededRecursiveInternal] in... this:0x8f46b128.
10-31 14:41:16.653 D/[blink]FrameView(15503): [layout] start... this:0x8f46b128, frame=0x495a9820 content size(1280, 720). 
10-31 14:41:16.653 D/[blink]FrameView(15503): [layout] performPreLayoutTasks start... this:0x8f46b128
10-31 14:41:16.653 D/[blink]FrameView(15503): [layout] performPreLayoutTasks end... this:0x8f46b128
10-31 14:41:16.653 D/[blink]FrameView(15503): [layout] performLayout start... this:0x8f46b128
10-31 14:41:16.654 D/[blink]FrameView(15503): [layout] performLayout end... this:0x8f46b128
10-31 14:41:16.654 D/[blink]FrameView(15503): [layout] call compositor()->didLayout()!
10-31 14:41:16.654 D/[blink]FrameView(15503): [layout] updateDocumentAnnotatedRegions start... this:0x8f46b128
10-31 14:41:16.654 D/[blink]FrameView(15503): [layout] scheduleOrPerformPostLayoutTasks start... this:0x8f46b128
10-31 14:41:16.654 D/[blink]FrameView(15503): [layout] end... this:0x8f46b128
10-31 14:41:16.654 D/[blink]FrameView(15503): [layout] out... this:0x8f46b128
10-31 14:41:16.654 D/[blink]FrameView(15503): [updateStyleAndLayoutIfNeededRecursiveInternal] end... this:0x8f46b128.
10-31 14:41:16.654 D/[blink]FrameView(15503): [updateLifecyclePhasesInternal] in... this:0x8f46b128, targetState=18
10-31 14:41:16.654 D/[blink]FrameView(15503): [updateLifecyclePhasesInternal] call compositor()->updateIfNeededRecursive()!
10-31 14:41:16.655 D/[blink] ImagePainter(15503): [paintReplaced] ImagePainter::paintReplaced in.
10-31 14:41:16.655 D/[blink] ImagePainter(15503): [paintReplaced] ImagePainter::paintReplaced in.
10-31 14:41:16.655 D/[blink] ImagePainter(15503): [paintReplaced] ImagePainter::paintReplaced in.
10-31 14:41:16.655 D/[blink] ImagePainter(15503): [paintReplaced] ImagePainter::paintReplaced in.
10-31 14:41:16.655 D/[blink] ImagePainter(15503): [paintReplaced] ImagePainter::paintReplaced in.
10-31 14:41:16.655 D/[blink] ImagePainter(15503): [paintReplaced] ImagePainter::paintReplaced in.
10-31 14:41:16.656 D/[blink] ImagePainter(15503): [paintReplaced] ImagePainter::paintReplaced in.
10-31 14:41:16.656 D/[blink] ImagePainter(15503): [paintReplaced] ImagePainter::paintReplaced in.
10-31 14:41:16.656 D/[blink] ImagePainter(15503): [paintReplaced] ImagePainter::paintReplaced in.
10-31 14:41:16.656 D/[blink] ImagePainter(15503): [paintReplaced] ImagePainter::paintReplaced in.
10-31 14:41:16.656 D/[blink] ImagePainter(15503): [paintReplaced] ImagePainter::paintReplaced in.
10-31 14:41:16.656 D/[blink] ImagePainter(15503): [paintReplaced] ImagePainter::paintReplaced in.
10-31 14:41:16.656 D/[blink] ImagePainter(15503): [paintReplaced] ImagePainter::paintReplaced out.
10-31 14:41:16.656 D/[blink] ImagePainter(15503): [paintReplaced] ImagePainter::paintReplaced in.
10-31 14:41:16.656 D/[blink]FrameView(15503): [updateLifecyclePhasesInternal] end... this:0x8f46b128
10-31 14:41:16.804 D/base::Ini(15503): [getOption] getOption name='debug-eventManager-level' value=''.
10-31 14:41:16.804 D/base::Ini(15503): [getOption] getOption name='debug-eventManager-level' value=''.
10-31 14:41:16.804 D/base::Ini(15503): [getOption] getOption name='debug-eventManager-level' value=''.
10-31 14:41:16.804 D/base::Ini(15503): [getOption] getOption name='debug-eventManager-level' value=''.
10-31 14:41:16.804 D/base::Ini(15503): [getOption] getOption name='debug-eventManager-level' value=''.
10-31 14:41:16.804 D/base::Ini(15503): [getOption] getOption name='debug-eventManager-level' value=''.
10-31 14:41:16.804 D/base::Ini(15503): [getOption] getOption name='debug-eventManager-level' value=''.
10-31 14:41:16.804 D/base::Ini(15503): [getOption] getOption name='debug-eventManager-level' value=''.
10-31 14:41:16.804 D/base::Ini(15503): [getOption] getOption name='debug-eventManager-level' value=''.
10-31 14:41:16.805 D/base::Ini(15503): [getOption] getOption name='debug-netdev-level' value=''.
10-31 14:41:16.805 D/base::Ini(15503): [getOption] getOption name='debug-netdev-level' value=''.
10-31 14:41:16.805 D/base::Ini(15503): [getOption] getOption name='debug-netdev-level' value=''.
10-31 14:41:16.805 D/base::Ini(15503): [getOption] getOption name='debug-netdev-level' value=''.
10-31 14:41:16.805 D/base::Ini(15503): [getOption] getOption name='debug-eventManager-level' value=''.
10-31 14:41:16.805 D/base::Ini(15503): [getOption] getOption name='debug-eventManager-level' value=''.
10-31 14:41:16.805 D/base::Ini(15503): [getOption] getOption name='debug-eventManager-level' value=''.
10-31 14:41:16.805 D/base::Ini(15503): [getOption] getOption name='debug-eventManager-level' value=''.
10-31 14:41:16.805 D/base::Ini(15503): [getOption] getOption name='debug-netdev-level' value=''.
10-31 14:41:16.805 D/base::Ini(15503): [getOption] getOption name='debug-netdev-level' value=''.
10-31 14:41:16.805 D/base::Ini(15503): [getOption] getOption name='debug-netdev-level' value=''.
10-31 14:41:16.805 D/base::Ini(15503): [getOption] getOption name='debug-netdev-level' value=''.
10-31 14:41:16.805 D/base::Ini(15503): [getOption] getOption name='debug-eventManager-level' value=''.
10-31 14:41:16.805 D/base::Ini(15503): [getOption] getOption name='debug-eventManager-level' value=''.
10-31 14:41:16.805 D/base::Ini(15503): [getOption] getOption name='debug-eventManager-level' value=''.
10-31 14:41:16.805 D/base::Ini(15503): [getOption] getOption name='debug-eventManager-level' value=''.
10-31 14:41:16.805 D/base::Ini(15503): [getOption] getOption name='debug-eventManager-level' value=''.
10-31 14:41:16.805 D/base::Ini(15503): [getOption] getOption name='debug-eventManager-level' value=''.
10-31 14:41:16.805 D/base::Ini(15503): [getOption] getOption name='debug-eventManager-level' value=''.
10-31 14:41:16.805 D/base::Ini(15503): [getOption] getOption name='debug-eventManager-level' value=''.
10-31 14:41:16.805 D/base::Ini(15503): [getOption] getOption name='debug-eventManager-level' value=''.
10-31 14:41:16.805 D/base::Ini(15503): [getOption] getOption name='debug-eventManager-level' value=''.
10-31 14:41:16.805 D/base::Ini(15503): [getOption] getOption name='debug-eventManager-level' value=''.
10-31 14:41:16.806 D/base::Ini(15503): [getOption] getOption name='debug-eventManager-level' value=''.
10-31 14:41:16.806 D/base::Ini(15503): [getOption] getOption name='debug-eventManager-level' value=''.
10-31 14:41:16.806 D/base::Ini(15503): [getOption] getOption name='debug-eventManager-level' value=''.
10-31 14:41:16.806 D/base::Ini(15503): [getOption] getOption name='debug-eventManager-level' value=''.
10-31 14:41:16.806 D/base::Ini(15503): [getOption] getOption name='debug-eventManager-level' value=''.
10-31 14:41:16.887 I/AdvancedPorting-PORT_MODULE_NET(15503): network_task while... 
10-31 14:41:16.888 I/AdvancedPorting-PORT_MODULE_NET(15503): 0 interface name: lo
10-31 14:41:16.888 I/AdvancedPorting-PORT_MODULE_NET(15503): 1 interface name: wlan0
10-31 14:41:16.888 I/AdvancedPorting-PORT_MODULE_NET(15503): First interface name: lo
10-31 14:41:16.888 I/AdvancedPorting-PORT_MODULE_NET(15503): network_task while...  net_i:1
10-31 14:41:16.888 I/AdvancedPorting-PORT_MODULE_NET(15503): network_task while---name_interface[0]=lo
10-31 14:41:16.888 I/AdvancedPorting-PORT_MODULE_NET(15503): network_task while---name_interface[1]=wlan0
10-31 14:41:16.888 I/AdvancedPorting-PORT_MODULE_NET(15503): network_task while---interface_name=wlan0
10-31 14:41:16.888 I/AdvancedPorting-PORT_MODULE_NET(15503): network_get_netlink_status(in)--if_name=wlan0
10-31 14:41:16.888 I/AdvancedPorting-PORT_MODULE_NET(15503): net.network.isconnected = no
10-31 14:41:16.888 I/AdvancedPorting-PORT_MODULE_NET(15503): wlan0 --network_get_netlink_status return retval=1
10-31 14:41:16.888 I/AdvancedPorting-PORT_MODULE_NET(15503): stat = 1 last_status = 1
10-31 14:41:17.005 D/base::Ini(15503): [getOption] getOption name='debug-eventManager-level' value=''.
10-31 14:41:17.005 D/base::Ini(15503): [getOption] getOption name='debug-eventManager-level' value=''.
10-31 14:41:17.005 D/base::Ini(15503): [getOption] getOption name='debug-eventManager-level' value=''.
10-31 14:41:17.005 D/base::Ini(15503): [getOption] getOption name='debug-eventManager-level' value=''.
10-31 14:41:17.005 D/base::Ini(15503): [getOption] getOption name='debug-eventManager-level' value=''.
10-31 14:41:17.005 D/base::Ini(15503): [getOption] getOption name='debug-eventManager-level' value=''.
10-31 14:41:17.005 D/base::Ini(15503): [getOption] getOption name='debug-eventManager-level' value=''.
10-31 14:41:17.005 D/base::Ini(15503): [getOption] getOption name='debug-eventManager-level' value=''.
10-31 14:41:17.005 D/base::Ini(15503): [getOption] getOption name='debug-eventManager-level' value=''.
10-31 14:41:17.005 D/base::Ini(15503): [getOption] getOption name='debug-eventManager-level' value=''.
10-31 14:41:17.005 D/base::Ini(15503): [getOption] getOption name='debug-eventManager-level' value=''.
10-31 14:41:17.005 D/base::Ini(15503): [getOption] getOption name='debug-netdev-level' value=''.
10-31 14:41:17.005 D/base::Ini(15503): [getOption] getOption name='debug-netdev-level' value=''.
10-31 14:41:17.005 D/base::Ini(15503): [getOption] getOption name='debug-netdev-level' value=''.
10-31 14:41:17.006 D/base::Ini(15503): [getOption] getOption name='debug-netdev-level' value=''.
10-31 14:41:17.015 D/base::Ini(15503): [getOption] getOption name='debug-eventManager-level' value=''.
10-31 14:41:17.016 D/base::Ini(15503): [getOption] getOption name='debug-eventManager-level' value=''.
10-31 14:41:17.016 D/base::Ini(15503): [getOption] getOption name='debug-eventManager-level' value=''.
10-31 14:41:17.016 D/base::Ini(15503): [getOption] getOption name='debug-eventManager-level' value=''.
10-31 14:41:17.016 D/base::Ini(15503): [getOption] getOption name='debug-eventManager-level' value=''.
10-31 14:41:17.016 D/base::Ini(15503): [getOption] getOption name='debug-eventManager-level' value=''.
10-31 14:41:17.016 D/base::Ini(15503): [getOption] getOption name='debug-eventManager-level' value=''.
10-31 14:41:17.016 D/base::Ini(15503): [getOption] getOption name='debug-eventManager-level' value=''.
10-31 14:41:17.016 D/base::Ini(15503): [getOption] getOption name='debug-eventManager-level' value=''.
10-31 14:41:17.016 D/base::Ini(15503): [getOption] getOption name='debug-eventManager-level' value=''.
10-31 14:41:17.016 D/base::Ini(15503): [getOption] getOption name='debug-netdev-level' value=''.
10-31 14:41:17.016 D/base::Ini(15503): [getOption] getOption name='debug-netdev-level' value=''.
10-31 14:41:17.016 D/base::Ini(15503): [getOption] getOption name='debug-netdev-level' value=''.
10-31 14:41:17.016 D/base::Ini(15503): [getOption] getOption name='debug-netdev-level' value=''.
10-31 14:41:17.016 D/base::Ini(15503): [getOption] getOption name='debug-eventManager-level' value=''.
10-31 14:41:17.016 D/base::Ini(15503): [getOption] getOption name='debug-eventManager-level' value=''.
10-31 14:41:17.016 D/base::Ini(15503): [getOption] getOption name='debug-eventManager-level' value=''.
10-31 14:41:17.016 D/base::Ini(15503): [getOption] getOption name='debug-eventManager-level' value=''.
10-31 14:41:17.016 D/base::Ini(15503): [getOption] getOption name='debug-eventManager-level' value=''.
10-31 14:41:17.016 D/base::Ini(15503): [getOption] getOption name='debug-eventManager-level' value=''.
10-31 14:41:17.016 D/base::Ini(15503): [getOption] getOption name='debug-eventManager-level' value=''.
10-31 14:41:17.016 D/base::Ini(15503): [getOption] getOption name='debug-eventManager-level' value=''.
10-31 14:41:17.016 D/base::Ini(15503): [getOption] getOption name='debug-eventManager-level' value=''.
10-31 14:41:17.016 D/base::Ini(15503): [getOption] getOption name='debug-eventManager-level' value=''.
10-31 14:41:17.017 D/base::Ini(15503): [getOption] getOption name='debug-eventManager-level' value=''.
10-31 14:41:17.017 D/base::Ini(15503): [getOption] getOption name='debug-eventManager-level' value=''.
10-31 14:41:17.017 D/base::Ini(15503): [getOption] getOption name='debug-eventManager-level' value=''.
10-31 14:41:17.017 D/base::Ini(15503): [getOption] getOption name='debug-eventManager-level' value=''.
10-31 14:41:17.017 D/base::Ini(15503): [getOption] getOption name='debug-eventManager-level' value=''.
10-31 14:41:17.017 D/base::Ini(15503): [getOption] getOption name='debug-eventManager-level' value=''.
10-31 14:41:17.039 D/BackBootDealerNeimeng( 2389): standbyState:
10-31 14:41:17.039 E/NetUtils( 2020): Interface eth0 LinkDown!
10-31 14:41:17.216 D/base::Ini(15503): [getOption] getOption name='debug-eventManager-level' value=''.
10-31 14:41:17.216 D/base::Ini(15503): [getOption] getOption name='debug-eventManager-level' value=''.
10-31 14:41:17.216 D/base::Ini(15503): [getOption] getOption name='debug-eventManager-level' value=''.
10-31 14:41:17.216 D/base::Ini(15503): [getOption] getOption name='debug-eventManager-level' value=''.
10-31 14:41:17.216 D/base::Ini(15503): [getOption] getOption name='debug-eventManager-level' value=''.
10-31 14:41:17.216 D/base::Ini(15503): [getOption] getOption name='debug-eventManager-level' value=''.
10-31 14:41:17.216 D/base::Ini(15503): [getOption] getOption name='debug-eventManager-level' value=''.
10-31 14:41:17.216 D/base::Ini(15503): [getOption] getOption name='debug-eventManager-level' value=''.
10-31 14:41:17.216 D/base::Ini(15503): [getOption] getOption name='debug-eventManager-level' value=''.
10-31 14:41:17.216 D/base::Ini(15503): [getOption] getOption name='debug-eventManager-level' value=''.
10-31 14:41:17.216 D/base::Ini(15503): [getOption] getOption name='debug-eventManager-level' value=''.
10-31 14:41:17.216 D/base::Ini(15503): [getOption] getOption name='debug-netdev-level' value=''.
10-31 14:41:17.216 D/base::Ini(15503): [getOption] getOption name='debug-netdev-level' value=''.
10-31 14:41:17.216 D/base::Ini(15503): [getOption] getOption name='debug-netdev-level' value=''.
10-31 14:41:17.217 D/base::Ini(15503): [getOption] getOption name='debug-netdev-level' value=''.
10-31 14:41:17.226 D/base::Ini(15503): [getOption] getOption name='debug-eventManager-level' value=''.
10-31 14:41:17.227 D/base::Ini(15503): [getOption] getOption name='debug-eventManager-level' value=''.
10-31 14:41:17.227 D/base::Ini(15503): [getOption] getOption name='debug-eventManager-level' value=''.
10-31 14:41:17.227 D/base::Ini(15503): [getOption] getOption name='debug-eventManager-level' value=''.
10-31 14:41:17.227 D/base::Ini(15503): [getOption] getOption name='debug-eventManager-level' value=''.
10-31 14:41:17.227 D/base::Ini(15503): [getOption] getOption name='debug-eventManager-level' value=''.
10-31 14:41:17.227 D/base::Ini(15503): [getOption] getOption name='debug-eventManager-level' value=''.
10-31 14:41:17.227 D/base::Ini(15503): [getOption] getOption name='debug-eventManager-level' value=''.
10-31 14:41:17.227 D/base::Ini(15503): [getOption] getOption name='debug-eventManager-level' value=''.
10-31 14:41:17.227 D/base::Ini(15503): [getOption] getOption name='debug-eventManager-level' value=''.
10-31 14:41:17.227 D/base::Ini(15503): [getOption] getOption name='debug-netdev-level' value=''.
10-31 14:41:17.227 D/base::Ini(15503): [getOption] getOption name='debug-netdev-level' value=''.
10-31 14:41:17.227 D/base::Ini(15503): [getOption] getOption name='debug-netdev-level' value=''.
10-31 14:41:17.227 D/base::Ini(15503): [getOption] getOption name='debug-netdev-level' value=''.
10-31 14:41:17.227 D/base::Ini(15503): [getOption] getOption name='debug-eventManager-level' value=''.
10-31 14:41:17.227 D/base::Ini(15503): [getOption] getOption name='debug-eventManager-level' value=''.
10-31 14:41:17.227 D/base::Ini(15503): [getOption] getOption name='debug-eventManager-level' value=''.
10-31 14:41:17.227 D/base::Ini(15503): [getOption] getOption name='debug-eventManager-level' value=''.
10-31 14:41:17.227 D/base::Ini(15503): [getOption] getOption name='debug-eventManager-level' value=''.
10-31 14:41:17.227 D/base::Ini(15503): [getOption] getOption name='debug-eventManager-level' value=''.
10-31 14:41:17.227 D/base::Ini(15503): [getOption] getOption name='debug-eventManager-level' value=''.
10-31 14:41:17.227 D/base::Ini(15503): [getOption] getOption name='debug-eventManager-level' value=''.
10-31 14:41:17.227 D/base::Ini(15503): [getOption] getOption name='debug-eventManager-level' value=''.
10-31 14:41:17.227 D/base::Ini(15503): [getOption] getOption name='debug-eventManager-level' value=''.
10-31 14:41:17.227 D/base::Ini(15503): [getOption] getOption name='debug-eventManager-level' value=''.
10-31 14:41:17.228 D/base::Ini(15503): [getOption] getOption name='debug-eventManager-level' value=''.
10-31 14:41:17.228 D/base::Ini(15503): [getOption] getOption name='debug-eventManager-level' value=''.
10-31 14:41:17.228 D/base::Ini(15503): [getOption] getOption name='debug-eventManager-level' value=''.
10-31 14:41:17.228 D/base::Ini(15503): [getOption] getOption name='debug-eventManager-level' value=''.
10-31 14:41:17.228 D/base::Ini(15503): [getOption] getOption name='debug-eventManager-level' value=''.
10-31 14:41:17.352 D/AppUtil ( 2389): [TN_ThreadUtil-1]getActivityPkg index=0,comp=ComponentInfo{com.ipanel.android_webview.shell/com.ipanel.webapp.BrowserActivity}
10-31 14:41:17.352 D/AppKiller( 2389): [TN_ThreadUtil-1]backKill curPkgName=com.ipanel.android_webview.shell
10-31 14:41:17.352 D/AppKiller( 2389): [TN_ThreadUtil-1]backKill processName=com.sostation.happyle.huantv,processInfo=android.app.ActivityManager$RunningAppProcessInfo@1455ff5e
10-31 14:41:17.353 D/AppNgbKiller( 2389): [TN_ThreadUtil-1]forceKillApp processInfoFlag=0,hasActivityFlag=4
10-31 14:41:17.353 D/AppKiller( 2389): [TN_ThreadUtil-1]backKill processName=com.gitvdemo.video,processInfo=android.app.ActivityManager$RunningAppProcessInfo@3d208f3f
10-31 14:41:17.353 D/AppNgbKiller( 2389): [TN_ThreadUtil-1]forceKillApp processInfoFlag=0,hasActivityFlag=4
10-31 14:41:17.353 D/AppKiller( 2389): [TN_ThreadUtil-1]backKill processName=com.gitvdemo.video:hcdn,processInfo=android.app.ActivityManager$RunningAppProcessInfo@3c3c600c
10-31 14:41:17.353 D/AppNgbKiller( 2389): [TN_ThreadUtil-1]forceKillApp processInfoFlag=0,hasActivityFlag=4
10-31 14:41:17.353 D/AppKiller( 2389): [TN_ThreadUtil-1]backKill processName=com.gitvdemo.video:daemon,processInfo=android.app.ActivityManager$RunningAppProcessInfo@2040bd55
10-31 14:41:17.353 D/AppNgbKiller( 2389): [TN_ThreadUtil-1]forceKillApp processInfoFlag=0,hasActivityFlag=4
10-31 14:41:17.353 D/AppKiller( 2389): [TN_ThreadUtil-1]backKill processName=.pushdaemonservice,processInfo=android.app.ActivityManager$RunningAppProcessInfo@39feb36a
10-31 14:41:17.354 D/AppNgbKiller( 2389): [TN_ThreadUtil-1]forceKillApp processInfoFlag=0,hasActivityFlag=4
10-31 14:41:17.427 D/base::Ini(15503): [getOption] getOption name='debug-eventManager-level' value=''.
10-31 14:41:17.427 D/base::Ini(15503): [getOption] getOption name='debug-eventManager-level' value=''.
10-31 14:41:17.427 D/base::Ini(15503): [getOption] getOption name='debug-eventManager-level' value=''.
10-31 14:41:17.427 D/base::Ini(15503): [getOption] getOption name='debug-eventManager-level' value=''.
10-31 14:41:17.427 D/base::Ini(15503): [getOption] getOption name='debug-eventManager-level' value=''.
10-31 14:41:17.427 D/base::Ini(15503): [getOption] getOption name='debug-eventManager-level' value=''.
10-31 14:41:17.427 D/base::Ini(15503): [getOption] getOption name='debug-eventManager-level' value=''.
10-31 14:41:17.427 D/base::Ini(15503): [getOption] getOption name='debug-eventManager-level' value=''.
10-31 14:41:17.427 D/base::Ini(15503): [getOption] getOption name='debug-eventManager-level' value=''.
10-31 14:41:17.427 D/base::Ini(15503): [getOption] getOption name='debug-eventManager-level' value=''.
10-31 14:41:17.427 D/base::Ini(15503): [getOption] getOption name='debug-eventManager-level' value=''.
10-31 14:41:17.427 D/base::Ini(15503): [getOption] getOption name='debug-netdev-level' value=''.
10-31 14:41:17.427 D/base::Ini(15503): [getOption] getOption name='debug-netdev-level' value=''.
10-31 14:41:17.427 D/base::Ini(15503): [getOption] getOption name='debug-netdev-level' value=''.
10-31 14:41:17.427 D/base::Ini(15503): [getOption] getOption name='debug-netdev-level' value=''.
10-31 14:41:17.437 D/base::Ini(15503): [getOption] getOption name='debug-eventManager-level' value=''.
10-31 14:41:17.437 D/base::Ini(15503): [getOption] getOption name='debug-eventManager-level' value=''.
10-31 14:41:17.437 D/base::Ini(15503): [getOption] getOption name='debug-eventManager-level' value=''.
10-31 14:41:17.437 D/base::Ini(15503): [getOption] getOption name='debug-eventManager-level' value=''.
10-31 14:41:17.437 D/base::Ini(15503): [getOption] getOption name='debug-eventManager-level' value=''.
10-31 14:41:17.437 D/base::Ini(15503): [getOption] getOption name='debug-eventManager-level' value=''.
10-31 14:41:17.437 D/base::Ini(15503): [getOption] getOption name='debug-eventManager-level' value=''.
10-31 14:41:17.437 D/base::Ini(15503): [getOption] getOption name='debug-eventManager-level' value=''.
10-31 14:41:17.437 D/base::Ini(15503): [getOption] getOption name='debug-eventManager-level' value=''.
10-31 14:41:17.437 D/base::Ini(15503): [getOption] getOption name='debug-netdev-level' value=''.
10-31 14:41:17.437 D/base::Ini(15503): [getOption] getOption name='debug-netdev-level' value=''.
10-31 14:41:17.437 D/base::Ini(15503): [getOption] getOption name='debug-netdev-level' value=''.
10-31 14:41:17.437 D/base::Ini(15503): [getOption] getOption name='debug-netdev-level' value=''.
10-31 14:41:17.437 D/base::Ini(15503): [getOption] getOption name='debug-eventManager-level' value=''.
10-31 14:41:17.437 D/base::Ini(15503): [getOption] getOption name='debug-eventManager-level' value=''.
10-31 14:41:17.437 D/base::Ini(15503): [getOption] getOption name='debug-eventManager-level' value=''.
10-31 14:41:17.437 D/base::Ini(15503): [getOption] getOption name='debug-eventManager-level' value=''.
10-31 14:41:17.437 D/base::Ini(15503): [getOption] getOption name='debug-eventManager-level' value=''.
10-31 14:41:17.437 D/base::Ini(15503): [getOption] getOption name='debug-eventManager-level' value=''.
10-31 14:41:17.437 D/base::Ini(15503): [getOption] getOption name='debug-eventManager-level' value=''.
10-31 14:41:17.437 D/base::Ini(15503): [getOption] getOption name='debug-eventManager-level' value=''.
10-31 14:41:17.437 D/base::Ini(15503): [getOption] getOption name='debug-eventManager-level' value=''.
10-31 14:41:17.437 D/base::Ini(15503): [getOption] getOption name='debug-eventManager-level' value=''.
10-31 14:41:17.437 D/base::Ini(15503): [getOption] getOption name='debug-eventManager-level' value=''.
10-31 14:41:17.437 D/base::Ini(15503): [getOption] getOption name='debug-eventManager-level' value=''.
10-31 14:41:17.437 D/base::Ini(15503): [getOption] getOption name='debug-eventManager-level' value=''.
10-31 14:41:17.437 D/base::Ini(15503): [getOption] getOption name='debug-eventManager-level' value=''.
10-31 14:41:17.437 D/base::Ini(15503): [getOption] getOption name='debug-eventManager-level' value=''.
10-31 14:41:17.437 D/base::Ini(15503): [getOption] getOption name='debug-eventManager-level' value=''.
10-31 14:41:17.437 D/base::Ini(15503): [getOption] getOption name='debug-eventManager-level' value=''.
10-31 14:41:17.540 D/BackBootDealerNeimeng( 2389): standbyState:
10-31 14:41:17.541 E/NetUtils( 2020): Interface eth0 LinkDown!
10-31 14:41:17.634 D/[blink]DOMTimer(15503): [fired] 0x8f46c900 timeout fired.
10-31 14:41:17.634 D/V8ScriptRunner(15503): [callFunction] start. frame = 0x495a9820 function:  url: http://10.14.41.246/application/bxfc/index.htm line: 232
10-31 14:41:17.635 D/[cc]beginFrameSource(15503): [AddObserver] ExternalBeginFrameSource::AddObserver
10-31 14:41:17.636 D/[blink]DOMTimer(15503): [DOMTimer] 0x8f46e0b8 setTimeout 30ms, repeat:1.
10-31 14:41:17.636 D/V8ScriptRunner(15503): [callFunction] end. frame = 0x495a9820 function:  url: http://10.14.41.246/application/bxfc/index.htm line: 232
10-31 14:41:17.638 D/base::Ini(15503): [getOption] getOption name='debug-eventManager-level' value=''.
10-31 14:41:17.638 D/base::Ini(15503): [getOption] getOption name='debug-eventManager-level' value=''.
10-31 14:41:17.638 D/base::Ini(15503): [getOption] getOption name='debug-eventManager-level' value=''.
10-31 14:41:17.638 D/base::Ini(15503): [getOption] getOption name='debug-eventManager-level' value=''.
10-31 14:41:17.638 D/base::Ini(15503): [getOption] getOption name='debug-eventManager-level' value=''.
10-31 14:41:17.638 D/base::Ini(15503): [getOption] getOption name='debug-eventManager-level' value=''.
10-31 14:41:17.638 D/base::Ini(15503): [getOption] getOption name='debug-eventManager-level' value=''.
10-31 14:41:17.638 D/base::Ini(15503): [getOption] getOption name='debug-eventManager-level' value=''.
10-31 14:41:17.638 D/base::Ini(15503): [getOption] getOption name='debug-eventManager-level' value=''.
10-31 14:41:17.638 D/base::Ini(15503): [getOption] getOption name='debug-eventManager-level' value=''.
10-31 14:41:17.638 D/base::Ini(15503): [getOption] getOption name='debug-eventManager-level' value=''.
10-31 14:41:17.638 D/base::Ini(15503): [getOption] getOption name='debug-eventManager-level' value=''.
10-31 14:41:17.638 D/base::Ini(15503): [getOption] getOption name='debug-eventManager-level' value=''.
10-31 14:41:17.638 D/base::Ini(15503): [getOption] getOption name='debug-netdev-level' value=''.
10-31 14:41:17.638 D/base::Ini(15503): [getOption] getOption name='debug-netdev-level' value=''.
10-31 14:41:17.638 D/base::Ini(15503): [getOption] getOption name='debug-netdev-level' value=''.
10-31 14:41:17.638 D/base::Ini(15503): [getOption] getOption name='debug-netdev-level' value=''.
10-31 14:41:17.638 D/base::Ini(15503): [getOption] getOption name='debug-netdev-level' value=''.
10-31 14:41:17.639 D/base::Ini(15503): [getOption] getOption name='debug-netdev-level' value=''.
10-31 14:41:17.639 D/base::Ini(15503): [getOption] getOption name='debug-netdev-level' value=''.
10-31 14:41:17.639 D/base::Ini(15503): [getOption] getOption name='debug-netdev-level' value=''.
10-31 14:41:17.639 D/base::Ini(15503): [getOption] getOption name='debug-eventManager-level' value=''.
10-31 14:41:17.639 D/base::Ini(15503): [getOption] getOption name='debug-eventManager-level' value=''.
10-31 14:41:17.639 D/base::Ini(15503): [getOption] getOption name='debug-eventManager-level' value=''.
10-31 14:41:17.639 D/base::Ini(15503): [getOption] getOption name='debug-eventManager-level' value=''.
10-31 14:41:17.639 D/base::Ini(15503): [getOption] getOption name='debug-eventManager-level' value=''.
10-31 14:41:17.639 D/base::Ini(15503): [getOption] getOption name='debug-eventManager-level' value=''.
10-31 14:41:17.639 D/base::Ini(15503): [getOption] getOption name='debug-eventManager-level' value=''.
10-31 14:41:17.639 D/base::Ini(15503): [getOption] getOption name='debug-eventManager-level' value=''.
10-31 14:41:17.639 D/base::Ini(15503): [getOption] getOption name='debug-eventManager-level' value=''.
10-31 14:41:17.639 D/base::Ini(15503): [getOption] getOption name='debug-eventManager-level' value=''.
10-31 14:41:17.639 D/base::Ini(15503): [getOption] getOption name='debug-eventManager-level' value=''.
10-31 14:41:17.639 D/base::Ini(15503): [getOption] getOption name='debug-eventManager-level' value=''.
10-31 14:41:17.639 D/base::Ini(15503): [getOption] getOption name='debug-eventManager-level' value=''.
10-31 14:41:17.639 D/base::Ini(15503): [getOption] getOption name='debug-eventManager-level' value=''.
10-31 14:41:17.639 D/base::Ini(15503): [getOption] getOption name='debug-eventManager-level' value=''.
10-31 14:41:17.639 D/base::Ini(15503): [getOption] getOption name='debug-eventManager-level' value=''.
10-31 14:41:17.653 D/[cc]ProxyMain(15503): [BeginMainFrame] cc.BeginMainFrame this:0x9f6a5ba0
10-31 14:41:17.653 D/[cc]LayerTreeHost(15503): [AnimateLayers] AnimateLayers monotonic_time=15667749373
10-31 14:41:17.653 D/[blink]FrameView(15503): [updateStyleAndLayoutIfNeededRecursiveInternal] in... this:0x8f46b128.
10-31 14:41:17.653 D/[blink]FrameView(15503): [updateStyleAndLayoutIfNeededRecursiveInternal] end... this:0x8f46b128.
10-31 14:41:17.653 D/[blink]FrameView(15503): [updateLifecyclePhasesInternal] in... this:0x8f46b128, targetState=18
10-31 14:41:17.653 D/[blink]FrameView(15503): [updateLifecyclePhasesInternal] call compositor()->updateIfNeededRecursive()!
10-31 14:41:17.654 D/[blink] ImagePainter(15503): [paintReplaced] ImagePainter::paintReplaced in.
10-31 14:41:17.655 D/[blink] ImagePainter(15503): [paintReplaced] ImagePainter::paintReplaced in.
10-31 14:41:17.655 D/[blink] ImagePainter(15503): [paintReplaced] ImagePainter::paintReplaced in.
10-31 14:41:17.655 D/[blink] ImagePainter(15503): [paintReplaced] ImagePainter::paintReplaced in.
10-31 14:41:17.655 D/[blink] ImagePainter(15503): [paintReplaced] ImagePainter::paintReplaced in.
10-31 14:41:17.655 D/[blink] ImagePainter(15503): [paintReplaced] ImagePainter::paintReplaced in.
10-31 14:41:17.655 D/[blink] ImagePainter(15503): [paintReplaced] ImagePainter::paintReplaced in.
10-31 14:41:17.655 D/[blink] ImagePainter(15503): [paintReplaced] ImagePainter::paintReplaced in.
10-31 14:41:17.655 D/[blink] ImagePainter(15503): [paintReplaced] ImagePainter::paintReplaced in.
10-31 14:41:17.655 D/[blink] ImagePainter(15503): [paintReplaced] ImagePainter::paintReplaced in.
10-31 14:41:17.655 D/[blink] ImagePainter(15503): [paintReplaced] ImagePainter::paintReplaced in.
10-31 14:41:17.655 D/[blink] ImagePainter(15503): [paintReplaced] ImagePainter::paintReplaced in.
