10-31 17:37:29.045 D/NGBEvent( 2452): ngbEventCallBack type:0 source :39
10-31 17:37:29.045 D/NGBEvent( 2452): [NGBEventManager-JNI]-returning:1
10-31 17:37:29.045 D/NGBEvent( 2452): Input key event: keyCode=39
10-31 17:37:29.045 D/NGBEvent( 2452): src:39 = dest:39
10-31 17:37:29.045 I/System.out( 2452): [DEBUG EventManager] LWJ--Add event to java with evt=NgbEvent-[type = 1, subtype = 402, code = 39]
10-31 17:37:29.045 D/NGBEvent( 2452): [NGBEvent_log]--[EventManager--JNI]:		start
10-31 17:37:29.046 I/System.out( 2452): [DEBUG EventManager] broadcastEvent  :len 1
10-31 17:37:29.046 D/KeyEventNgbDealer( 2452): [TN_pool-1-thread-1]handleKeyReleased keyEvent=NgbEvent-[type = 1, subtype = 402, code = 39],time=56241
10-31 17:37:29.046 D/RemoteIME( 2349): RemoteIME--> onKeyUp keyCode = 22
10-31 17:37:29.046 D/Main3DActivity( 2498): [TN_main]dispatchKeyEvent event=KeyEvent { action=ACTION_UP, keyCode=KEYCODE_DPAD_RIGHT, scanCode=106, metaState=0, flags=0x8, repeatCount=0, eventTime=56240, downTime=56042, deviceId=3, source=0x701 },isEventAble=true
10-31 17:37:29.099 D/ir_user ( 1586): PlayerTimeLineTrace:linux_keycode:0x6a(DOWN),	protocol: .
10-31 17:37:29.099 V/PT      ( 1582): >>INFO:irkey_task:[      56.295250] /dev/input/event0: type=0001 code=006a val=00000001
10-31 17:37:29.099 V/PT      ( 1582): >>INFO:irkey_send:0x3001 0x0027 down
10-31 17:37:29.100 V/SUMA    ( 1582): ++++++++++++++  _roc_evtmgr_key_cbk 517:input = 12289, event=39, act=0x100
10-31 17:37:29.100 V/SUMA    ( 1582): lxm:_roc_evtmgr_key_cbk 519 56295
10-31 17:37:29.100 V/SUMA    ( 1582): lxm:_roc_evtmgr_add_evt_into_queue 347 56295
10-31 17:37:29.100 V/SUMA    ( 1582): ===================>> type=0 src=0 evt=39 act=0x100
10-31 17:37:29.100 V/PT      ( 1582): >>INFO:irkey_task:[      56.295250] /dev/input/event0: type=0000 code=0000 val=00000000
10-31 17:37:29.100 V/SUMA    ( 1582): [sysset-s][event_manager_cbk 78]lxm cbid=1, cbk_reg=1, cpid=2452
10-31 17:37:29.100 D/NGBEvent( 2452): ngbEventCallBack type:0 source :39
10-31 17:37:29.100 D/NGBEvent( 2452): [NGBEventManager-JNI]-returning:1
10-31 17:37:29.100 D/NGBEvent( 2452): Input key event: keyCode=39
10-31 17:37:29.100 D/NGBEvent( 2452): src:39 = dest:39
10-31 17:37:29.100 I/System.out( 2452): [DEBUG EventManager] LWJ--Add event to java with evt=NgbEvent-[type = 1, subtype = 401, code = 39]
10-31 17:37:29.100 D/NGBEvent( 2452): [NGBEvent_log]--[EventManager--JNI]:		start
10-31 17:37:29.100 I/System.out( 2452): [DEBUG EventManager] broadcastEvent  :len 1
10-31 17:37:29.100 D/CombineKeyUtil( 2452): [TN_pool-1-thread-1]dealKeyEvent,combineIndex:-1:keyCode:22
10-31 17:37:29.100 D/KeyEventNgbDealer( 2452): [TN_pool-1-thread-1]handleKeyPressed keyEvent=NgbEvent-[type = 1, subtype = 401, code = 39],time=56295
10-31 17:37:29.100 D/RemoteIME( 2349): onKeyDown event = KeyEvent { action=ACTION_DOWN, keyCode=KEYCODE_DPAD_RIGHT, scanCode=106, metaState=0, flags=0x8, repeatCount=0, eventTime=56295, downTime=56295, deviceId=3, source=0x701 },mSkbContainer=null
10-31 17:37:29.101 D/Main3DActivity( 2498): [TN_main]dispatchKeyEvent event=KeyEvent { action=ACTION_DOWN, keyCode=KEYCODE_DPAD_RIGHT, scanCode=106, metaState=0, flags=0x8, repeatCount=0, eventTime=56295, downTime=56295, deviceId=3, source=0x701 },isEventAble=true
10-31 17:37:29.101 D/InputEventConsistencyVerifier( 2498): KeyEvent: ACTION_DOWN but key is already down and this event is not a key repeat.
10-31 17:37:29.101 D/InputEventConsistencyVerifier( 2498):   in com.android.internal.policy.impl.PhoneWindow$DecorView{1667699c V.E..... R....... 0,0-1280,720}
10-31 17:37:29.101 D/InputEventConsistencyVerifier( 2498):   0: sent at 56295000000, KeyEvent { action=ACTION_DOWN, keyCode=KEYCODE_DPAD_RIGHT, scanCode=106, metaState=0, flags=0x8, repeatCount=0, eventTime=56295, downTime=56295, deviceId=3, source=0x701 }
10-31 17:37:29.101 D/InputEventConsistencyVerifier( 2498):   -- recent events --
10-31 17:37:29.101 D/InputEventConsistencyVerifier( 2498):   1: sent at 56042000000, KeyEvent { action=ACTION_DOWN, keyCode=KEYCODE_DPAD_RIGHT, scanCode=106, metaState=0, flags=0x8, repeatCount=0, eventTime=56042, downTime=56042, deviceId=3, source=0x701 }
10-31 17:37:29.101 D/InputEventConsistencyVerifier( 2498):   2: sent at 55486000000, KeyEvent { action=ACTION_DOWN, keyCode=KEYCODE_DPAD_UP, scanCode=103, metaState=0, flags=0x80000008, repeatCount=0, eventTime=55486, downTime=55486, deviceId=3, source=0x701 }
10-31 17:37:29.101 D/InputEventConsistencyVerifier( 2498):   3: sent at 55150000000, KeyEvent { action=ACTION_DOWN, keyCode=KEYCODE_DPAD_UP, scanCode=103, metaState=0, flags=0x8, repeatCount=0, eventTime=55150, downTime=55150, deviceId=3, source=0x701 }
10-31 17:37:29.101 D/BasicRootView( 2498): [TN_main]dispatchKeyEvent event=KeyEvent { action=ACTION_DOWN, keyCode=KEYCODE_DPAD_RIGHT, scanCode=106, metaState=0, flags=0x80000008, repeatCount=0, eventTime=56295, downTime=56295, deviceId=3, source=0x701 },curRootPanel=com.suma.midware.home.third.a.a@395c748b
10-31 17:37:29.101 D/GLRootRenderer( 2498): dispatchKeyEvent event:KeyEvent { action=ACTION_DOWN, keyCode=KEYCODE_DPAD_RIGHT, scanCode=106, metaState=0, flags=0x80000008, repeatCount=0, eventTime=56295, downTime=56295, deviceId=3, source=0x701 }:lastKeyCode:22:lastKeyAction:0:lastkeycount:0:size:0
10-31 17:37:29.101 D/Scene   ( 2498): dispatchKeyEvent event:KeyEvent { action=ACTION_DOWN, keyCode=KEYCODE_DPAD_RIGHT, scanCode=106, metaState=0, flags=0x80000008, repeatCount=0, eventTime=56295, downTime=56295, deviceId=3, source=0x701 }
10-31 17:37:29.101 D/Scene   ( 2498): dispatchKeyEvent currentFocus = com.suma.midware.view.b.c.c@224f8388
10-31 17:37:29.101 D/Scene   ( 2498): dispatchKeyEvent nextFocus:null
10-31 17:37:29.101 D/BasicFigure( 2498): [TN_GLThread 73]dealKeyEvent event=KeyEvent { action=ACTION_DOWN, keyCode=KEYCODE_DPAD_RIGHT, scanCode=106, metaState=0, flags=0x80000008, repeatCount=0, eventTime=56295, downTime=56295, deviceId=3, source=0x701 }
10-31 17:37:29.102 D/MenuUtil( 2498): [TN_GLThread 73]searchHorizontalFigure x=1468.00,y=3.00000,width=180.000,height=134.000,excludeObj=com.suma.midware.view.b.c.c@224f8388
10-31 17:37:29.102 D/BasicFigure( 2498): [TN_GLThread 73]dealLeftRight obj3d=com.suma.midware.view.b.c.c@191ea121,obj3dSize=6,basicPanel=null
10-31 17:37:29.102 D/BasicFigure( 2498): [TN_GLThread 73]onFocusLost figure=com.suma.midware.view.b.c.c@224f8388
10-31 17:37:29.102 D/BasicFigure( 2498): [TN_GLThread 73]onGlobalFocusLost figure=com.suma.midware.view.b.c.c@224f8388
10-31 17:37:29.102 D/BasicFigure( 2498): [TN_GLThread 73]onFocusGain figure=com.suma.midware.view.b.c.c@191ea121
10-31 17:37:29.102 D/BasicFigure( 2498): [TN_GLThread 73]onGlobalFocusGain figure=com.suma.midware.view.b.c.c@191ea121
10-31 17:37:29.110 D/BasicFigure( 2498): [TN_GLThread 73]isDrawFocused relyElement=[BaseElement@3d27edaa]focusScale[1.15]elementAlpha[-1.0]refectAlpha[-1.0]isFocusAble[true]shadowIndex[-1]autoJumpType[-1]uniqueID[54resSize0]rect[NULL]
10-31 17:37:29.110 D/BasicFigure( 2498): [TN_GLThread 73]isDrawFocused basicFigure=com.suma.midware.view.b.c.c@2fe62d9b
10-31 17:37:29.122 D/BasicFigure( 2498): [TN_GLThread 73]isDrawFocused relyElement=[BaseElement@3d27edaa]focusScale[1.15]elementAlpha[-1.0]refectAlpha[-1.0]isFocusAble[true]shadowIndex[-1]autoJumpType[-1]uniqueID[54resSize0]rect[NULL]
10-31 17:37:29.122 D/BasicFigure( 2498): [TN_GLThread 73]isDrawFocused basicFigure=com.suma.midware.view.b.c.c@2fe62d9b
10-31 17:37:29.133 D/BasicFigure( 2498): [TN_GLThread 73]isDrawFocused relyElement=[BaseElement@3d27edaa]focusScale[1.15]elementAlpha[-1.0]refectAlpha[-1.0]isFocusAble[true]shadowIndex[-1]autoJumpType[-1]uniqueID[54resSize0]rect[NULL]
10-31 17:37:29.133 D/BasicFigure( 2498): [TN_GLThread 73]isDrawFocused basicFigure=com.suma.midware.view.b.c.c@2fe62d9b
10-31 17:37:29.212 V/SUMA    ( 1582): >> [CA]rocme_porting_ca_get_area_info_suma: DVTCASTB_GetAreaInfo area_info->card_area = 7000  
10-31 17:37:29.212 V/SUMA    ( 1582): >> [CA]rocme_porting_ca_get_area_info_suma: DVTCASTB_GetAreaInfo area_info->set_card_area_time = 1506507111  
10-31 17:37:29.212 V/SUMA    ( 1582): >> [CA]rocme_porting_ca_get_area_info_suma: DVTCASTB_GetAreaInfo area_info->start_flag = 0  
10-31 17:37:29.213 V/SUMA    ( 1582): >> [CA]rocme_porting_ca_get_area_info_suma: DVTCASTB_GetAreaInfo area_info->set_flag_time = 0  
10-31 17:37:29.213 V/SUMA    ( 2391): [cas-c][CA_Manager_GetAreaInfoSync 2580]leave !!!
10-31 17:37:29.213 D/CAManagerNative( 2391): getCardInfo.CA_Manager_GetAreaInfoSync result=0
10-31 17:37:29.213 D/CAManagerNative( 2391): getCardInfo card_area=7000,card_area_time=0
10-31 17:37:29.213 V/SUMA    ( 2391): [cas-c][CA_Manager_GetCardLockStatus 989]enter !!!
10-31 17:37:29.232 V/SUMA    ( 2391): [cas-c][CA_Manager_GetCardLockStatus 1001]leave !!!
10-31 17:37:29.269 V/SUMA    ( 2391): [cas-c][CA_Manager_GetWatchRating 1547]leave !!!
10-31 17:37:29.269 D/CAManagerNative( 2391): CA watch TV ,The Min age is 18 
10-31 17:37:29.270 V/SUMA    ( 2391): [cas-c][CA_Manager_GetWorkTime 1481]leave !!!
10-31 17:37:29.270 I/System.out( 2391): [DEBUG CAWorkTime]  the param startHour is 0
10-31 17:37:29.270 I/System.out( 2391): [DEBUG CAWorkTime]  the param startMinute is 0
10-31 17:37:29.270 I/System.out( 2391): [DEBUG CAWorkTime]  the param endHour is 23
10-31 17:37:29.270 I/System.out( 2391): [DEBUG CAWorkTime]  the param endMinute is 59
10-31 17:37:29.271 D/CaNgbDealer( 2391): [TN_Binder_3]getCaUserDataArray key=246
10-31 17:37:29.309 D/ir_user ( 1586): PlayerTimeLineTrace:linux_keycode:0x6a(UP),	protocol: .
10-31 17:37:29.309 V/PT      ( 1582): >>INFO:irkey_task:[      56.504884] /dev/input/event0: type=0001 code=006a val=00000000
10-31 17:37:29.309 V/PT      ( 1582): >>INFO:irkey_send:0x3001 0x0027 up  
10-31 17:37:29.309 V/SUMA    ( 1582): ++++++++++++++  _roc_evtmgr_key_cbk 517:input = 12289, event=39, act=0x400
10-31 17:37:29.309 V/SUMA    ( 1582): lxm:_roc_evtmgr_key_cbk 519 56505
10-31 17:37:29.310 V/SUMA    ( 1582): lxm:_roc_evtmgr_add_key_into_queue 311 56505
10-31 17:37:29.310 V/PT      ( 1582): >>INFO:irkey_task:[      56.504884] /dev/input/event0: type=0000 code=0000 val=00000000
10-31 17:37:29.310 V/SUMA    ( 1582): ===================>> type=0 src=0 evt=39 act=0x400
10-31 17:37:29.310 V/SUMA    ( 1582): [sysset-s][event_manager_cbk 78]lxm cbid=1, cbk_reg=1, cpid=2452
10-31 17:37:29.310 D/NGBEvent( 2452): ngbEventCallBack type:0 source :39
10-31 17:37:29.310 D/NGBEvent( 2452): [NGBEventManager-JNI]-returning:1
10-31 17:37:29.310 D/NGBEvent( 2452): Input key event: keyCode=39
10-31 17:37:29.310 D/NGBEvent( 2452): src:39 = dest:39
10-31 17:37:29.310 I/System.out( 2452): [DEBUG EventManager] LWJ--Add event to java with evt=NgbEvent-[type = 1, subtype = 402, code = 39]
10-31 17:37:29.310 D/NGBEvent( 2452): [NGBEvent_log]--[EventManager--JNI]:		start
10-31 17:37:29.311 I/System.out( 2452): [DEBUG EventManager] broadcastEvent  :len 1
10-31 17:37:29.311 D/KeyEventNgbDealer( 2452): [TN_pool-1-thread-1]handleKeyReleased keyEvent=NgbEvent-[type = 1, subtype = 402, code = 39],time=56506
10-31 17:37:29.312 D/RemoteIME( 2349): RemoteIME--> onKeyUp keyCode = 22
10-31 17:37:29.312 D/Main3DActivity( 2498): [TN_main]dispatchKeyEvent event=KeyEvent { action=ACTION_UP, keyCode=KEYCODE_DPAD_RIGHT, scanCode=106, metaState=0, flags=0x8, repeatCount=0, eventTime=56504, downTime=56295, deviceId=3, source=0x701 },isEventAble=true
10-31 17:37:29.328 D/BackBootDealerNeimeng( 2391): standbyState:
10-31 17:37:29.328 E/NetUtils( 2017): Interface eth0 LinkDown!
10-31 17:37:29.531 D/ir_user ( 1586): PlayerTimeLineTrace:linux_keycode:0x1c(DOWN),	protocol: .
10-31 17:37:29.531 V/PT      ( 1582): >>INFO:irkey_task:[      56.726740] /dev/input/event0: type=0001 code=001c val=00000001
10-31 17:37:29.531 V/PT      ( 1582): >>INFO:irkey_send:0x3001 0x1001 down
10-31 17:37:29.531 V/SUMA    ( 1582): ++++++++++++++  _roc_evtmgr_key_cbk 517:input = 12289, event=4097, act=0x100
10-31 17:37:29.531 V/SUMA    ( 1582): lxm:_roc_evtmgr_key_cbk 519 56727
10-31 17:37:29.531 V/SUMA    ( 1582): lxm:_roc_evtmgr_add_evt_into_queue 347 56727
10-31 17:37:29.532 V/SUMA    ( 1582): ===================>> type=0 src=0 evt=4097 act=0x100
10-31 17:37:29.532 V/PT      ( 1582): >>INFO:irkey_task:[      56.726740] /dev/input/event0: type=0000 code=0000 val=00000000
10-31 17:37:29.532 V/SUMA    ( 1582): [sysset-s][event_manager_cbk 78]lxm cbid=1, cbk_reg=1, cpid=2452
10-31 17:37:29.532 D/NGBEvent( 2452): ngbEventCallBack type:0 source :4097
10-31 17:37:29.532 D/NGBEvent( 2452): [NGBEventManager-JNI]-returning:1
10-31 17:37:29.532 D/NGBEvent( 2452): Input key event: keyCode=4097
10-31 17:37:29.532 D/NGBEvent( 2452): src:4097 = dest:4097
10-31 17:37:29.532 I/System.out( 2452): [DEBUG EventManager] LWJ--Add event to java with evt=NgbEvent-[type = 1, subtype = 401, code = 4097]
10-31 17:37:29.532 D/NGBEvent( 2452): [NGBEvent_log]--[EventManager--JNI]:		start
10-31 17:37:29.532 I/System.out( 2452): [DEBUG EventManager] broadcastEvent  :len 1
10-31 17:37:29.533 D/CombineKeyUtil( 2452): [TN_pool-1-thread-1]dealKeyEvent,combineIndex:-1:keyCode:23
10-31 17:37:29.533 D/KeyEventNgbDealer( 2452): [TN_pool-1-thread-1]handleKeyPressed keyEvent=NgbEvent-[type = 1, subtype = 401, code = 4097],time=56728
10-31 17:37:29.533 D/RemoteIME( 2349): onKeyDown event = KeyEvent { action=ACTION_DOWN, keyCode=KEYCODE_DPAD_CENTER, scanCode=28, metaState=0, flags=0x8, repeatCount=0, eventTime=56726, downTime=56726, deviceId=3, source=0x701 },mSkbContainer=null
10-31 17:37:29.533 D/Main3DActivity( 2498): [TN_main]dispatchKeyEvent event=KeyEvent { action=ACTION_DOWN, keyCode=KEYCODE_DPAD_CENTER, scanCode=28, metaState=0, flags=0x8, repeatCount=0, eventTime=56726, downTime=56726, deviceId=3, source=0x701 },isEventAble=true
10-31 17:37:29.534 D/BasicRootView( 2498): [TN_main]dispatchKeyEvent event=KeyEvent { action=ACTION_DOWN, keyCode=KEYCODE_DPAD_CENTER, scanCode=28, metaState=0, flags=0x8, repeatCount=0, eventTime=56726, downTime=56726, deviceId=3, source=0x701 },curRootPanel=com.suma.midware.home.third.a.a@395c748b
10-31 17:37:29.534 D/GLRootRenderer( 2498): dispatchKeyEvent event:KeyEvent { action=ACTION_DOWN, keyCode=KEYCODE_DPAD_CENTER, scanCode=28, metaState=0, flags=0x8, repeatCount=0, eventTime=56726, downTime=56726, deviceId=3, source=0x701 }:lastKeyCode:22:lastKeyAction:0:lastkeycount:1:size:0
10-31 17:37:29.534 D/Scene   ( 2498): dispatchKeyEvent event:KeyEvent { action=ACTION_DOWN, keyCode=KEYCODE_DPAD_CENTER, scanCode=28, metaState=0, flags=0x8, repeatCount=0, eventTime=56726, downTime=56726, deviceId=3, source=0x701 }
10-31 17:37:29.534 D/Scene   ( 2498): dispatchKeyEvent currentFocus = com.suma.midware.view.b.c.c@191ea121
10-31 17:37:29.534 D/Scene   ( 2498): dispatchKeyEvent nextFocus:null
10-31 17:37:29.534 D/BasicFigure( 2498): [TN_GLThread 73]dealKeyEvent event=KeyEvent { action=ACTION_DOWN, keyCode=KEYCODE_DPAD_CENTER, scanCode=28, metaState=0, flags=0x8, repeatCount=0, eventTime=56726, downTime=56726, deviceId=3, source=0x701 }
10-31 17:37:29.535 D/BasicFigure( 2498): [TN_GLThread 73]onClick autoJumpType=-1,size=1,element=[BaseElement@7a8d946]focusScale[1.15]elementAlpha[-1.0]refectAlpha[-1.0]isFocusAble[true]shadowIndex[-1]autoJumpType[-1]uniqueID[33resSize5]rect[1582.0,3.0,180.0,134.0],figure=com.suma.midware.view.b.c.c@191ea121
10-31 17:37:29.535 D/AppUtil ( 2498): [TN_GLThread 73]convertLink link null
10-31 17:37:29.536 D/HomeConfig( 2498): [TN_GLThread 73]getUnableNote element=[BaseElement@7a8d946]focusScale[1.15]elementAlpha[-1.0]refectAlpha[-1.0]isFocusAble[true]shadowIndex[-1]autoJumpType[-1]uniqueID[33resSize5]rect[1582.0,3.0,180.0,134.0]
10-31 17:37:29.537 D/Main3DActivity( 2498): [TN_GLThread 73]startApp intent=Intent { act= cmp=com.suma.midware.setting/.main.SystemMainActivity },noteText=精彩无限，敬请期待,comp=ComponentInfo{com.suma.midware.setting/com.suma.midware.setting.main.SystemMainActivity}
10-31 17:37:29.538 I/ActivityManager( 2017): START u0 {act= cmp=com.suma.midware.setting/.main.SystemMainActivity} from uid 1000 on display 0
10-31 17:37:29.543 D/RemoteIME( 2349): RemoteIME--> onKeyUp keyCode = 23
10-31 17:37:29.543 V/WindowManager( 2017): addAppToken: AppWindowToken{21695921 token=Token{36b21b88 ActivityRecord{254a5b2b u0 com.suma.midware.setting/.main.SystemMainActivity t774}}} to stack=1 task=774 at 0
10-31 17:37:29.543 W/ViewRootImpl( 2498): Cancelling event due to no window focus: KeyEvent { action=ACTION_UP, keyCode=KEYCODE_DPAD_CENTER, scanCode=28, metaState=0, flags=0x28, repeatCount=0, eventTime=56738, downTime=56726, deviceId=3, source=0x701 }
10-31 17:37:29.543 W/ViewRootImpl( 2498): Cancelling event due to no window focus: KeyEvent { action=ACTION_UP, keyCode=KEYCODE_DPAD_CENTER, scanCode=28, metaState=0, flags=0x28, repeatCount=0, eventTime=56738, downTime=56726, deviceId=3, source=0x701 }
10-31 17:37:29.543 W/ViewRootImpl( 2498): Cancelling event due to no window focus: KeyEvent { action=ACTION_UP, keyCode=KEYCODE_DPAD_CENTER, scanCode=28, metaState=0, flags=0x28, repeatCount=0, eventTime=56738, downTime=56726, deviceId=3, source=0x701 }
10-31 17:37:29.543 D/Main3DActivity( 2498): [TN_main]dispatchKeyEvent event=KeyEvent { action=ACTION_UP, keyCode=KEYCODE_DPAD_CENTER, scanCode=28, metaState=0, flags=0x28, repeatCount=0, eventTime=56738, downTime=56726, deviceId=3, source=0x701 },isEventAble=true
10-31 17:37:29.543 W/ViewRootImpl( 2498): Cancelling event due to no window focus: KeyEvent { action=ACTION_UP, keyCode=KEYCODE_DPAD_CENTER, scanCode=28, metaState=0, flags=0x28, repeatCount=0, eventTime=56738, downTime=56726, deviceId=3, source=0x701 }
10-31 17:37:29.543 W/ViewRootImpl( 2498): Cancelling event due to no window focus: KeyEvent { action=ACTION_UP, keyCode=KEYCODE_DPAD_CENTER, scanCode=28, metaState=0, flags=0x28, repeatCount=0, eventTime=56738, downTime=56726, deviceId=3, source=0x701 }
10-31 17:37:29.543 W/ViewRootImpl( 2498): Cancelling event due to no window focus: KeyEvent { action=ACTION_UP, keyCode=KEYCODE_DPAD_CENTER, scanCode=28, metaState=0, flags=0x28, repeatCount=0, eventTime=56738, downTime=56726, deviceId=3, source=0x701 }
10-31 17:37:29.545 D/BaseApplication( 2498): [TN_main]onActivityPaused activity=com.suma.midware.home.third.Main3DActivity@46ab53e
10-31 17:37:29.545 D/Main3DActivity( 2498): [TN_main]onPause time=56740,appStartMode=1
10-31 17:37:29.545 D/GLRootView( 2498): doAction isPause:true:isCreated:true:isPaused:false
10-31 17:37:29.545 D/Main3DActivity( 2498): [TN_main]onPause time=56741,appStartMode=1,clsName=com.suma.midware.home.third.Main3DActivity
10-31 17:37:29.545 D/PlayExcuter( 2498): [TN_main]notifyPlay type=9,curType=-2,cancelType=2,cancelVideoType=1,isResetData=true,task=null,this.task=[PlayDirectTask@27f990b3]playTaskType[6]playType[0]playerType[-1]isEcmSet[true]playerIndex[0]tunerIndex[0]channel[[DirectChannel@32501b]channelID[0]oNetID[1]tsID[31]serviceID[3102]freq[371000]name[CCTV-1高清]serviceType[8]attr[24576]serialNum[1]serialNum4[1]pcrPID[49]refServiceID[-1]],indexs=null
10-31 17:37:29.546 D/PlayExcuter( 2498): [TN_main]releasePlayer curType=-2,cancelType=2,task=[PlayDirectTask@27f990b3]playTaskType[6]playType[0]playerType[-1]isEcmSet[true]playerIndex[0]tunerIndex[0]channel[[DirectChannel@32501b]channelID[0]oNetID[1]tsID[31]serviceID[3102]freq[371000]name[CCTV-1高清]serviceType[8]attr[24576]serialNum[1]serialNum4[1]pcrPID[49]refServiceID[-1]]
10-31 17:37:29.546 D/PlayNgbDealer( 2391): [TN_Binder_1]findPlayer index=0,findType=0,channelIndex=0
10-31 17:37:29.546 D/PlayNgbDealer( 2391): [TN_Binder_1]releasePlayer index=0,playerNum=1,videoType=1,isResetData=true,isCheckPID=false
10-31 17:37:29.547 E/TerminalHandler( 2391): [TN_Binder_1]getTerminalDealer illegal terminalType=-1
10-31 17:37:29.547 E/TerminalHandler( 2391): [TN_Binder_1]removeTerminalListener illegal dealer=null,listener=com.suma.midware.back.play.i@8cfeb64:
10-31 17:37:29.549 D/Media   ( 2391): ^^^^player unregistPlayerListener.
10-31 17:37:29.549 V/SUMA    ( 1582): [NGBM] ngb_media_player_unreg enter !!! hplayer=0xff0000
10-31 17:37:29.549 V/SUMA    ( 1582): [NGBM] ngb_media_player_unreg leave hplayer=0xff0000 ret=0
10-31 17:37:29.549 D/Media   ( 2391): ^^^^unregister mediaplayer code=0
10-31 17:37:29.551 D/Media   ( 2391): ^^^^player deallocate.
10-31 17:37:29.551 V/SUMA    ( 2391): [ngbplayer-c][ngb_media_player_close 301]ngb_media_player_close
10-31 17:37:29.552 V/SUMA    ( 1582): [NGBM] ngb_media_player_close enter !!! hplayer=0xff0000
10-31 17:37:29.552 V/SUMA    ( 1582): [NGBM] context_resman_close enter !!!
10-31 17:37:29.552 V/SUMA    ( 1582): [CAM] CA_Manager_UnRegisterChannelCallback() leave hEventHandle=0x19370002
10-31 17:37:29.552 V/SUMA    ( 1582): >> [CA]rocme_porting_ca_set_ecm_info_suma: channel_id = 0 ecm_pid = 0x0 puzzle_ecm = 0x0 tnr_id = 0 
10-31 17:37:29.552 V/SUMA    ( 1582): [CAM] CA_Manager_StopChannel() leave !
10-31 17:37:29.552 V/SUMA    ( 1582): >> rocme_porting_ca_release_channel_suma : channel_id  = 0 
10-31 17:37:29.552 V/SUMA    ( 1582): [CAM] CA_Manager_ReleaseChannel() leave ! ret=0 id=0
10-31 17:37:29.552 V/SUMA    ( 1582): [NGBM] context_resman_stop Roc_Timer_Stop !!!
10-31 17:37:29.552 V/SUMA    ( 1582): [NGBM] context_resman_stop context_resman_stop mode=1 !!!
10-31 17:37:29.552 V/PT      ( 1582): >> HI3798C_INFO:rocme_porting_video_stop- 
10-31 17:37:29.552 V/PT      ( 1582): _dvb_video_stop ok keep_last_pic=0
10-31 17:37:29.552 V/PT      ( 1582): >>INFO:rocme_porting_av_modify_pid:SET aud_pid = 0x1fff 
10-31 17:37:29.552 V/PT      ( 1582): >>INFO:rocme_porting_av_modify_pid:SET vid_pid = 0x1fff 
10-31 17:37:29.552 V/PT      ( 1582): >>INFO:rocme_porting_av_modify_pid:SET pcr_pid = 0x1fff 
10-31 17:37:29.552 V/PT      ( 1582): >> HI3798C_INFO:rocme_porting_video_stop- 
10-31 17:37:29.552 V/PT      ( 1582): _dvb_video_stop ok keep_last_pic=0
10-31 17:37:29.555 D/BasicFigure( 2498): [TN_GLThread 73]isDrawFocused relyElement=[BaseElement@3d27edaa]focusScale[1.15]elementAlpha[-1.0]refectAlpha[-1.0]isFocusAble[true]shadowIndex[-1]autoJumpType[-1]uniqueID[54resSize0]rect[NULL]
10-31 17:37:29.556 D/BasicFigure( 2498): [TN_GLThread 73]isDrawFocused basicFigure=com.suma.midware.view.b.c.c@2fe62d9b
10-31 17:37:29.557 D/BasicRootPanel( 2498): [TN_GLThread 73]getTVFigure curBasicPanel=com.suma.midware.view.b.d.d@389ebd80
10-31 17:37:29.557 D/FixedRes( 2498): [TN_GLThread 73]getTVNoteTexture tvNoteType=-1,tvNoteSubType=0
10-31 17:37:29.557 W/MenuUtil( 2498): [TN_GLThread 73]loadResTexture illegal value=null
10-31 17:37:29.557 D/TextureManager( 2498): deleteTexture key:系统无信号_36_-1_0_5.0_3.0_3.0_-7829368:textureID:166
10-31 17:37:29.567 D/BasicFigure( 2498): [TN_GLThread 73]isDrawFocused relyElement=[BaseElement@3d27edaa]focusScale[1.15]elementAlpha[-1.0]refectAlpha[-1.0]isFocusAble[true]shadowIndex[-1]autoJumpType[-1]uniqueID[54resSize0]rect[NULL]
10-31 17:37:29.567 D/BasicFigure( 2498): [TN_GLThread 73]isDrawFocused basicFigure=com.suma.midware.view.b.c.c@2fe62d9b
10-31 17:37:29.568 D/IPLoaderNeimeng( 2391): after wait time17:37:29:monitorInterval:5000
10-31 17:37:29.568 D/IPLoaderNeimeng( 2391): before dealUpdateCheck time:17:37:29:isMsgBroadcast:false:monitorInterval:5000:processState:1
10-31 17:37:29.568 D/IPLoaderNeimeng( 2391): dealUpdateCheck isFirstSuccessUpdate:false:monitorInterval:5000
10-31 17:37:29.569 D/LoadHttpHandler( 2391): [TN_ThreadUtil-4]doNormal proxyConfig=null
10-31 17:37:29.581 V/PT      ( 1582): >> HI3798C_INFO:rocme_porting_av_destory- 
10-31 17:37:29.581 V/PT      ( 1582): _dvb_player_destory ok 
10-31 17:37:29.581 V/SUMA    ( 1582): zdq ++++++++++++++++ Roc_ResMan_Decoder_Release cnt=0
10-31 17:37:29.581 V/SUMA    ( 1582): [NGBM] ngb_media_player_close leave hplayer=0x00ff0000 ret=0
10-31 17:37:29.581 V/SUMA    ( 2391): [ngbplayer-c][ngb_media_player_close 310]client player release
10-31 17:37:29.581 D/PlayerManager( 2498): [TN_main]cancelPlayTask cancleType=2,cancelVideoType=1,isResetData=true,isCheckPID=false,state=0,indexs=null
10-31 17:37:29.582 D/SysEventHandler( 2391): [TN_Binder_2]removeEventListener binder=android.os.BinderProxy@1d73396a
10-31 17:37:29.582 D/DataBaseHandler( 2391): [TN_Binder_5]removeDataListener binder=android.os.BinderProxy@3789ee5b
10-31 17:37:29.583 D/PlayerHandler( 2391): [TN_Binder_4]removePlayListener binder=android.os.BinderProxy@21bc66f8
10-31 17:37:29.583 D/Main3DActivity( 2498): [TN_main]onPause endTime=56779,appStartMode=-1
10-31 17:37:29.584 W/ContextImpl( 2498): Calling a method in the system process without a qualified user: android.app.ContextImpl.sendBroadcast:1345 android.content.ContextWrapper.sendBroadcast:377 android.app.ActivityThread.performPauseActivity:3259 android.app.ActivityThread.performPauseActivity:3225 android.app.ActivityThread.handlePauseActivity:3200 
10-31 17:37:29.593 V/SUMA    ( 1582): >> [CA] rocme_porting_ca_get_user_def_data_suma just for output:  *user_def_data=0(0x0)  
10-31 17:37:29.593 V/SUMA    ( 2391): [cas-c][CA_Manager_GetUserDefData 1941]leave !!!
10-31 17:37:29.593 D/CAManagerNative( 2391): getPrivateData key=246(0xf6),failed with result=-1
10-31 17:37:29.593 E/ByteUtil( 2498): [TN_AndroidTimer-0]getInt index=0,isBigEndia=true,bytes=null
10-31 17:37:29.594 D/CaNgbDealer( 2391): [TN_Binder_2]getCaCardInfo res=[I@205ca82,isCache=true
10-31 17:37:29.594 D/ConfigUpdateOttAdmin( 2498): [TN_ThreadUtil-0]dealUpdateCheck menuConfig=[MenuConfig@f5d]configID[3840]configAlias[homeConfig]configName[home_config.dat]version[1]isFilePath1[false]rootView[com.suma.midware.home.third.h{17a1d61f VFE..... .F...... 0,0-1280,720}]rootLayout[null]
10-31 17:37:29.594 D/FileIOUtil( 2498): [TN_ThreadUtil-0]deleteFile filePath=/data/user/0/com.suma.midware.home/files/launcherRes/f00/1/,containRootDir=false
10-31 17:37:29.594 D/FileIOUtil( 2498): [TN_ThreadUtil-0]deleteFile file=/data/user/0/com.suma.midware.home/files/launcherRes/f00/1,containRootDir=false
10-31 17:37:29.595 E/ConfigUpdateNeimengOttAdmin( 2498): [TN_ThreadUtil-0]checkConfig url=http://tvos-launcher.96066.com:8082/LancherWeb/getLauncherUpdatePackage?areaCode=&serialNumber=15510217220000014&standardVersion=1.0&mac=&hardVersion=04.01.01.02&launcherVersion=0&locationCode=7000&cardOutID=8150010316662691&softVersion=03.16.00.03&type=1&model=8
10-31 17:37:29.595 E/FlyAndWeatherUpdate( 2498): [TN_ThreadUtil-1]url: http://tvos-launcher.96066.com:8082/LancherWeb/getLauncherWeather?hardVersion=04.01.01.02&locationCode=7000&softVersion=03.16.00.03&serialNumber=15510217220000014&type=1&mac=&model=8
10-31 17:37:29.596 D/LoadHttpHandler( 2498): [TN_ThreadUtil-0]doNormal proxyConfig=null
10-31 17:37:29.597 D/LoadHttpHandler( 2498): [TN_ThreadUtil-1]doNormal proxyConfig=null
10-31 17:37:29.599 D/BaseApplication( 2798): [TN_main]onActivityCreated activity=com.suma.midware.setting.main.SystemMainActivity@214a3984,savedInstanceState=null
10-31 17:37:29.637 V/WindowManager( 2017): Adding window Window{d30b59 u0 Starting com.suma.midware.setting} at 5 of 10 (after Window{5924e1f u0 com.suma.midware.dvb/com.suma.midware.dvb.play.PlayActivity})
10-31 17:37:29.644 D/LoadHttpHandler( 2391): [TN_ThreadUtil-4]doNormal responseCode=404
10-31 17:37:29.644 D/LoadHttpTask( 2391): dealUpdateCheck responseCode:404:data:null:downloadResult:false
10-31 17:37:29.644 D/IPLoaderNeimeng( 2391): after dealUpdateCheck time:17:37:29:isMsgBroadcast:false:monitorInterval:5000:processState:1
10-31 17:37:29.644 D/IPLoaderNeimeng( 2391): before wait time17:37:29:monitorInterval:5000
10-31 17:37:29.698 D/PropManager( 2798): [TN_main]init startTime=56894,isAsy=false,initState=2,versionTime=2017-07-18 15:30,verifyVersion=5.2
10-31 17:37:29.708 D/PlayExcuter( 2498): [TN_main]surfaceDestroyed surface=Surface(name=null)/@0x1dae5881,rect=Rect(49, 141 - 498, 393),curSurface=Surface(name=null)/@0x1dae5881,holder=android.view.SurfaceView$4@360c96b9
10-31 17:37:29.715 D/LoadHttpHandler( 2498): [TN_ThreadUtil-1]doNormal responseCode=200
10-31 17:37:29.715 D/LoadHttpHandler( 2498): [TN_ThreadUtil-1]doNormal savePath=null,fileName=null,total=-1
10-31 17:37:29.716 E/FlyAndWeatherUpdate( 2498): [TN_ThreadUtil-1]isWeatherUpdate is not need update
10-31 17:37:29.716 D/BaseApplication( 2798): [TN_main]onActivityStarted activity=com.suma.midware.setting.main.SystemMainActivity@214a3984
10-31 17:37:29.716 D/BaseApplication( 2798): [TN_main]onActivityResumed activity=com.suma.midware.setting.main.SystemMainActivity@214a3984
10-31 17:37:29.717 W/ContextImpl( 2798): Calling a method in the system process without a qualified user: android.app.ContextImpl.sendBroadcast:1345 android.content.ContextWrapper.sendBroadcast:377 android.app.ActivityThread.performResumeActivity:2982 android.app.ActivityThread.handleResumeActivity:3023 android.app.ActivityThread.handleLaunchActivity:2392 
10-31 17:37:29.721 D/OpenGLRenderer( 2798): Use EGL_SWAP_BEHAVIOR_PRESERVED: false
10-31 17:37:29.725 D/LoadHttpHandler( 2498): [TN_ThreadUtil-0]doNormal responseCode=200
10-31 17:37:29.726 D/LoadHttpHandler( 2498): [TN_ThreadUtil-0]doNormal savePath=null,fileName=null,total=-1
10-31 17:37:29.726 E/ConfigUpdateNeimengOttAdmin( 2498): [TN_ThreadUtil-0]data: {"status":"0","errorMessage":"","data":""}
10-31 17:37:29.726 E/ConfigUpdateNeimengOttAdmin( 2498): [TN_ThreadUtil-0]checkConfig illegal version is null
10-31 17:37:29.729 D/Atlas   ( 2798): Validating map...
10-31 17:37:29.732 V/WindowManager( 2017): Adding window Window{2be776b8 u0 com.suma.midware.setting/com.suma.midware.setting.main.SystemMainActivity} at 5 of 11 (before Window{d30b59 u0 Starting com.suma.midware.setting})
10-31 17:37:29.740 D/ir_user ( 1586): PlayerTimeLineTrace:linux_keycode:0x1c(UP),	protocol: .
10-31 17:37:29.740 V/PT      ( 1582): >>INFO:irkey_task:[      56.936262] /dev/input/event0: type=0001 code=001c val=00000000
10-31 17:37:29.741 V/PT      ( 1582): >>INFO:irkey_send:0x3001 0x1001 up  
10-31 17:37:29.741 V/SUMA    ( 1582): ++++++++++++++  _roc_evtmgr_key_cbk 517:input = 12289, event=4097, act=0x400
10-31 17:37:29.741 V/SUMA    ( 1582): lxm:_roc_evtmgr_key_cbk 519 56936
10-31 17:37:29.741 V/SUMA    ( 1582): lxm:_roc_evtmgr_add_key_into_queue 311 56936
10-31 17:37:29.741 V/PT      ( 1582): >>INFO:irkey_task:[      56.936262] /dev/input/event0: type=0000 code=0000 val=00000000
10-31 17:37:29.741 V/SUMA    ( 1582): ===================>> type=0 src=0 evt=4097 act=0x400
10-31 17:37:29.741 V/SUMA    ( 1582): [sysset-s][event_manager_cbk 78]lxm cbid=1, cbk_reg=1, cpid=2452
10-31 17:37:29.741 D/NGBEvent( 2452): ngbEventCallBack type:0 source :4097
10-31 17:37:29.741 D/NGBEvent( 2452): [NGBEventManager-JNI]-returning:1
10-31 17:37:29.741 D/NGBEvent( 2452): Input key event: keyCode=4097
10-31 17:37:29.741 D/NGBEvent( 2452): src:4097 = dest:4097
10-31 17:37:29.741 I/System.out( 2452): [DEBUG EventManager] LWJ--Add event to java with evt=NgbEvent-[type = 1, subtype = 402, code = 4097]
10-31 17:37:29.741 D/NGBEvent( 2452): [NGBEvent_log]--[EventManager--JNI]:		start
10-31 17:37:29.741 I/System.out( 2452): [DEBUG EventManager] broadcastEvent  :len 1
10-31 17:37:29.741 D/KeyEventNgbDealer( 2452): [TN_pool-1-thread-1]handleKeyReleased keyEvent=NgbEvent-[type = 1, subtype = 402, code = 4097],time=56936
10-31 17:37:29.757 I/OpenGLRenderer( 2798): Initialized EGL, version 1.4
10-31 17:37:29.758 D/OpenGLRenderer( 2798): Enabling debug mode 0
10-31 17:37:29.772 D/InputEventConsistencyVerifier( 2798): KeyEvent: ACTION_UP but key was not down.
10-31 17:37:29.772 D/InputEventConsistencyVerifier( 2798):   in android.view.ViewRootImpl@3b71f97f
10-31 17:37:29.772 D/InputEventConsistencyVerifier( 2798):   0: sent at 56936000000, KeyEvent { action=ACTION_UP, keyCode=KEYCODE_DPAD_CENTER, scanCode=28, metaState=0, flags=0x8, repeatCount=0, eventTime=56936, downTime=56726, deviceId=3, source=0x701 }
10-31 17:37:29.772 W/ViewRootImpl( 2798): Cancelling event due to no window focus: KeyEvent { action=ACTION_UP, keyCode=KEYCODE_DPAD_CENTER, scanCode=28, metaState=0, flags=0x80000028, repeatCount=0, eventTime=56936, downTime=56726, deviceId=3, source=0x701 }
10-31 17:37:29.772 W/ViewRootImpl( 2798): Cancelling event due to no window focus: KeyEvent { action=ACTION_UP, keyCode=KEYCODE_DPAD_CENTER, scanCode=28, metaState=0, flags=0x80000028, repeatCount=0, eventTime=56936, downTime=56726, deviceId=3, source=0x701 }
10-31 17:37:29.772 W/ViewRootImpl( 2798): Cancelling event due to no window focus: KeyEvent { action=ACTION_UP, keyCode=KEYCODE_DPAD_CENTER, scanCode=28, metaState=0, flags=0x80000028, repeatCount=0, eventTime=56936, downTime=56726, deviceId=3, source=0x701 }
10-31 17:37:29.772 W/ViewRootImpl( 2798): Cancelling event due to no window focus: KeyEvent { action=ACTION_UP, keyCode=KEYCODE_DPAD_CENTER, scanCode=28, metaState=0, flags=0x80000028, repeatCount=0, eventTime=56936, downTime=56726, deviceId=3, source=0x701 }
10-31 17:37:29.773 W/ViewRootImpl( 2798): Cancelling event due to no window focus: KeyEvent { action=ACTION_UP, keyCode=KEYCODE_DPAD_CENTER, scanCode=28, metaState=0, flags=0x80000028, repeatCount=0, eventTime=56936, downTime=56726, deviceId=3, source=0x701 }
10-31 17:37:29.773 W/ViewRootImpl( 2798): Cancelling event due to no window focus: KeyEvent { action=ACTION_UP, keyCode=KEYCODE_DPAD_CENTER, scanCode=28, metaState=0, flags=0x80000028, repeatCount=0, eventTime=56936, downTime=56726, deviceId=3, source=0x701 }
10-31 17:37:29.773 W/ViewRootImpl( 2798): Cancelling event due to no window focus: KeyEvent { action=ACTION_UP, keyCode=KEYCODE_DPAD_CENTER, scanCode=28, metaState=0, flags=0x80000028, repeatCount=0, eventTime=56936, downTime=56726, deviceId=3, source=0x701 }
10-31 17:37:29.773 W/ViewRootImpl( 2798): Cancelling event due to no window focus: KeyEvent { action=ACTION_UP, keyCode=KEYCODE_DPAD_CENTER, scanCode=28, metaState=0, flags=0x80000028, repeatCount=0, eventTime=56936, downTime=56726, deviceId=3, source=0x701 }
10-31 17:37:29.773 W/ViewRootImpl( 2798): Cancelling event due to no window focus: KeyEvent { action=ACTION_UP, keyCode=KEYCODE_DPAD_CENTER, scanCode=28, metaState=0, flags=0x80000028, repeatCount=0, eventTime=56936, downTime=56726, deviceId=3, source=0x701 }
10-31 17:37:29.774 D/RemoteIME( 2349): onFinishInput.
10-31 17:37:29.775 D/RemoteIME( 2349): onStartInput  ccontentType: 0 Restarting:false
10-31 17:37:29.828 D/BackBootDealerNeimeng( 2391): standbyState:
10-31 17:37:29.829 E/NetUtils( 2017): Interface eth0 LinkDown!
10-31 17:37:29.831 I/ActivityManager( 2017): Displayed com.suma.midware.setting/.main.SystemMainActivity: +246ms
10-31 17:37:30.131 W/ContextImpl( 2391): Calling a method in the system process without a qualified user: android.app.ContextImpl.sendBroadcast:1345 android.content.ContextWrapper.sendBroadcast:377 com.suma.midware.back.esg.e.f:-1 com.suma.midware.back.esg.f.run:-1 com.suma.midware.prop.util.c.run:-1 
10-31 17:37:30.329 D/BackBootDealerNeimeng( 2391): standbyState:
10-31 17:37:30.330 E/NetUtils( 2017): Interface eth0 LinkDown!
10-31 17:37:30.602 D/BasicFigure( 2498): [TN_GLThread 73]isDrawFocused relyElement=[BaseElement@3d27edaa]focusScale[1.15]elementAlpha[-1.0]refectAlpha[-1.0]isFocusAble[true]shadowIndex[-1]autoJumpType[-1]uniqueID[54resSize0]rect[NULL]
10-31 17:37:30.602 D/BasicFigure( 2498): [TN_GLThread 73]isDrawFocused basicFigure=com.suma.midware.view.b.c.c@2fe62d9b
10-31 17:37:30.617 D/GLRootView( 2498): surfaceDestroyed holder:android.view.SurfaceView$4@c42406f
10-31 17:37:30.627 V/PT      ( 1582): >>INFO:irkey_task:[      57.822557] /dev/input/event0: type=0001 code=001c val=00000001
10-31 17:37:30.627 V/PT      ( 1582): >>INFO:irkey_send:0x3001 0x1001 down
10-31 17:37:30.627 V/SUMA    ( 1582): ++++++++++++++  _roc_evtmgr_key_cbk 517:input = 12289, event=4097, act=0x100
10-31 17:37:30.627 V/SUMA    ( 1582): lxm:_roc_evtmgr_key_cbk 519 57822
10-31 17:37:30.627 V/SUMA    ( 1582): lxm:_roc_evtmgr_add_evt_into_queue 347 57822
10-31 17:37:30.627 V/PT      ( 1582): >>INFO:irkey_task:[      57.822557] /dev/input/event0: type=0000 code=0000 val=00000000
10-31 17:37:30.627 V/SUMA    ( 1582): ===================>> type=0 src=0 evt=4097 act=0x100
10-31 17:37:30.627 D/ir_user ( 1586): PlayerTimeLineTrace:linux_keycode:0x1c(DOWN),	protocol: .
10-31 17:37:30.627 V/SUMA    ( 1582): [sysset-s][event_manager_cbk 78]lxm cbid=1, cbk_reg=1, cpid=2452
10-31 17:37:30.627 D/NGBEvent( 2452): ngbEventCallBack type:0 source :4097
10-31 17:37:30.627 D/NGBEvent( 2452): [NGBEventManager-JNI]-returning:1
10-31 17:37:30.627 D/NGBEvent( 2452): Input key event: keyCode=4097
10-31 17:37:30.627 D/NGBEvent( 2452): src:4097 = dest:4097
10-31 17:37:30.627 I/System.out( 2452): [DEBUG EventManager] LWJ--Add event to java with evt=NgbEvent-[type = 1, subtype = 401, code = 4097]
10-31 17:37:30.627 D/NGBEvent( 2452): [NGBEvent_log]--[EventManager--JNI]:		start
10-31 17:37:30.627 I/System.out( 2452): [DEBUG EventManager] broadcastEvent  :len 1
10-31 17:37:30.627 D/BaseApplication( 2498): [TN_main]onActivitySaveInstanceState activity=com.suma.midware.home.third.Main3DActivity@46ab53e,outState=Bundle[{android:viewHierarchyState=Bundle[{android:views={16908290=android.view.AbsSavedState$1@6ad9e96, 2131427428=android.view.AbsSavedState$1@6ad9e96, 2131427429=android.view.AbsSavedState$1@6ad9e96, 2131427430=android.widget.ProgressBar$SavedState@a93cb1e, 2131427431=android.view.AbsSavedState$1@6ad9e96, 2131427432=android.view.AbsSavedState$1@6ad9e96, 2131427433=android.view.AbsSavedState$1@6ad9e96, 2131427447=android.view.AbsSavedState$1@6ad9e96, 2131427448=android.view.AbsSavedState$1@6ad9e96, 2131427449=android.widget.ProgressBar$SavedState@4cfff, 2131427450=android.view.AbsSavedState$1@6ad9e96, 2131427451=android.view.AbsSavedState$1@6ad9e96, 2131427452=android.view.AbsSavedState$1@6ad9e96, 2131427453=android.view.AbsSavedState$1@6ad9e96, 2131427454=android.view.AbsSavedState$1@6ad9e96, 2131427455=android.view.AbsSavedState$1@6ad9e96, 2131427456=android.view.AbsSavedState$1@6ad9e96, 2131427457=android.view.AbsSavedState$1@6ad9e96}}]}]
10-31 17:37:30.627 D/BaseApplication( 2498): [TN_main]onActivityStopped activity=com.suma.midware.home.third.Main3DActivity@46ab53e
10-31 17:37:30.627 D/CombineKeyUtil( 2452): [TN_pool-1-thread-1]dealKeyEvent,combineIndex:-1:keyCode:23
10-31 17:37:30.628 D/HomeFlyWord( 2498): [TN_main]stopScrollView isReset=false
10-31 17:37:30.628 W/HomeFlyWord( 2498): [TN_main]stopScrollView scrollView null
10-31 17:37:30.628 D/KeyEventNgbDealer( 2452): [TN_pool-1-thread-1]handleKeyPressed keyEvent=NgbEvent-[type = 1, subtype = 401, code = 4097],time=57823
10-31 17:37:30.628 D/Main3DActivity( 2498): [TN_main]onStop time=57823
10-31 17:37:30.628 D/BaseApplication( 2498): [TN_main]onTrimMemory level=80
10-31 17:37:30.629 D/RemoteIME( 2349): onKeyDown event = KeyEvent { action=ACTION_DOWN, keyCode=KEYCODE_DPAD_CENTER, scanCode=28, metaState=0, flags=0x8, repeatCount=0, eventTime=57822, downTime=57822, deviceId=3, source=0x701 },mSkbContainer=null
10-31 17:37:30.830 D/BackBootDealerNeimeng( 2391): standbyState:
10-31 17:37:30.832 E/NetUtils( 2017): Interface eth0 LinkDown!
10-31 17:37:30.837 V/PT      ( 1582): >>INFO:irkey_task:[      58.032275] /dev/input/event0: type=0001 code=001c val=00000000
10-31 17:37:30.837 V/PT      ( 1582): >>INFO:irkey_send:0x3001 0x1001 up  
10-31 17:37:30.837 V/SUMA    ( 1582): ++++++++++++++  _roc_evtmgr_key_cbk 517:input = 12289, event=4097, act=0x400
10-31 17:37:30.837 V/SUMA    ( 1582): lxm:_roc_evtmgr_key_cbk 519 58032
10-31 17:37:30.837 V/SUMA    ( 1582): lxm:_roc_evtmgr_add_key_into_queue 311 58032
10-31 17:37:30.837 V/PT      ( 1582): >>INFO:irkey_task:[      58.032275] /dev/input/event0: type=0000 code=0000 val=00000000
10-31 17:37:30.837 V/SUMA    ( 1582): ===================>> type=0 src=0 evt=4097 act=0x400
10-31 17:37:30.837 D/ir_user ( 1586): PlayerTimeLineTrace:linux_keycode:0x1c(UP),	protocol: .
10-31 17:37:30.837 V/SUMA    ( 1582): [sysset-s][event_manager_cbk 78]lxm cbid=1, cbk_reg=1, cpid=2452
10-31 17:37:30.837 D/NGBEvent( 2452): ngbEventCallBack type:0 source :4097
10-31 17:37:30.838 D/NGBEvent( 2452): [NGBEventManager-JNI]-returning:1
10-31 17:37:30.838 D/NGBEvent( 2452): Input key event: keyCode=4097
10-31 17:37:30.838 D/NGBEvent( 2452): src:4097 = dest:4097
10-31 17:37:30.838 I/System.out( 2452): [DEBUG EventManager] LWJ--Add event to java with evt=NgbEvent-[type = 1, subtype = 402, code = 4097]
10-31 17:37:30.838 D/NGBEvent( 2452): [NGBEvent_log]--[EventManager--JNI]:		start
10-31 17:37:30.838 I/System.out( 2452): [DEBUG EventManager] broadcastEvent  :len 1
10-31 17:37:30.838 D/RemoteIME( 2349): RemoteIME--> onKeyUp keyCode = 23
10-31 17:37:30.839 D/KeyEventNgbDealer( 2452): [TN_pool-1-thread-1]handleKeyReleased keyEvent=NgbEvent-[type = 1, subtype = 402, code = 4097],time=58033
10-31 17:37:30.845 I/ActivityManager( 2017): START u0 {cmp=com.suma.midware.setting/.net.NetMainActivity} from uid 1000 on display 0
10-31 17:37:30.848 E/AudioPolicyManager( 1569): AudioPolicyManagerBase::checkAndSetVolume index=0 ro.suma.vol=0,10,18,26,34,42,49,56,63,70,76,82,88,93,97,100 valid vol[index]=0
10-31 17:37:30.848 E/AudioPolicyManager( 1569): AudioPolicyManagerBase::checkAndSetVolume9 0,0.000000
10-31 17:37:30.849 V/WindowManager( 2017): addAppToken: AppWindowToken{2eeda0cd token=Token{2cf94664 ActivityRecord{24b237f7 u0 com.suma.midware.setting/.net.NetMainActivity t774}}} to stack=1 task=774 at 1
10-31 17:37:30.850 D/BaseApplication( 2798): [TN_main]onActivityPaused activity=com.suma.midware.setting.main.SystemMainActivity@214a3984
10-31 17:37:30.851 W/ContextImpl( 2798): Calling a method in the system process without a qualified user: android.app.ContextImpl.sendBroadcast:1345 android.content.ContextWrapper.sendBroadcast:377 android.app.ActivityThread.performPauseActivity:3259 android.app.ActivityThread.performPauseActivity:3225 android.app.ActivityThread.handlePauseActivity:3200 
10-31 17:37:30.856 D/BaseApplication( 2798): [TN_main]onActivityCreated activity=com.suma.midware.setting.net.NetMainActivity@3ddc238,savedInstanceState=null
10-31 17:37:30.857 D/audio_hal( 1569): out_set_parameters kvpairs = routing=2
10-31 17:37:30.857 D/audio_hal( 1569): func:out_set_parameters, 2 ---> HISI_AO_CARD_ID(0, 0) 
10-31 17:37:30.857 E/AudioPolicyManager( 1569): AudioPolicyManagerBase::checkAndSetVolume index=1 ro.suma.vol=0,10,18,26,34,42,49,56,63,70,76,82,88,93,97,100 valid vol[index]=10
10-31 17:37:30.857 E/AudioPolicyManager( 1569): AudioPolicyManagerBase::checkAndSetVolume0 1,0.100000
10-31 17:37:30.857 E/AudioPolicyManager( 1569): AudioPolicyManagerBase::checkAndSetVolume index=2 ro.suma.vol=0,10,18,26,34,42,49,56,63,70,76,82,88,93,97,100 valid vol[index]=18
10-31 17:37:30.857 E/AudioPolicyManager( 1569): AudioPolicyManagerBase::checkAndSetVolume1 2,0.180000
10-31 17:37:30.857 E/AudioPolicyManager( 1569): AudioPolicyManagerBase::checkAndSetVolume index=2 ro.suma.vol=0,10,18,26,34,42,49,56,63,70,76,82,88,93,97,100 valid vol[index]=18
10-31 17:37:30.857 E/AudioPolicyManager( 1569): AudioPolicyManagerBase::checkAndSetVolume2 2,0.180000
10-31 17:37:30.857 E/AudioPolicyManager( 1569): AudioPolicyManagerBase::checkAndSetVolume index=4 ro.suma.vol=0,10,18,26,34,42,49,56,63,70,76,82,88,93,97,100 valid vol[index]=34
10-31 17:37:30.857 E/AudioPolicyManager( 1569): AudioPolicyManagerBase::checkAndSetVolume3 4,0.340000
10-31 17:37:30.857 E/AudioPolicyManager( 1569): sysVol = 34
10-31 17:37:30.857 E/AudioPolicyManager( 1569): volArr = 34
10-31 17:37:30.861 E/AudioPolicyManager( 1569): AudioPolicyManagerBase::checkAndSetVolume index=2 ro.suma.vol=0,10,18,26,34,42,49,56,63,70,76,82,88,93,97,100 valid vol[index]=18
10-31 17:37:30.861 E/AudioPolicyManager( 1569): AudioPolicyManagerBase::checkAndSetVolume4 2,0.180000
10-31 17:37:30.861 E/AudioPolicyManager( 1569): AudioPolicyManagerBase::checkAndSetVolume index=2 ro.suma.vol=0,10,18,26,34,42,49,56,63,70,76,82,88,93,97,100 valid vol[index]=18
10-31 17:37:30.861 E/AudioPolicyManager( 1569): AudioPolicyManagerBase::checkAndSetVolume5 2,0.180000
10-31 17:37:30.861 E/AudioPolicyManager( 1569): AudioPolicyManagerBase::checkAndSetVolume index=2 ro.suma.vol=0,10,18,26,34,42,49,56,63,70,76,82,88,93,97,100 valid vol[index]=18
10-31 17:37:30.861 E/AudioPolicyManager( 1569): AudioPolicyManagerBase::checkAndSetVolume7 2,0.180000
10-31 17:37:30.861 E/AudioPolicyManager( 1569): AudioPolicyManagerBase::checkAndSetVolume index=4 ro.suma.vol=0,10,18,26,34,42,49,56,63,70,76,82,88,93,97,100 valid vol[index]=34
10-31 17:37:30.861 E/AudioPolicyManager( 1569): AudioPolicyManagerBase::checkAndSetVolume8 4,0.340000
10-31 17:37:30.861 E/AudioPolicyManager( 1569): AudioPolicyManagerBase::checkAndSetVolume index=4 ro.suma.vol=0,10,18,26,34,42,49,56,63,70,76,82,88,93,97,100 valid vol[index]=34
10-31 17:37:30.861 E/AudioPolicyManager( 1569): AudioPolicyManagerBase::checkAndSetVolume10 4,0.340000
10-31 17:37:30.861 E/AudioPolicyManager( 1569): AudioPolicyManagerBase::checkAndSetVolume index=0 ro.suma.vol=0,10,18,26,34,42,49,56,63,70,76,82,88,93,97,100 valid vol[index]=0
10-31 17:37:30.861 E/AudioPolicyManager( 1569): AudioPolicyManagerBase::checkAndSetVolume11 0,0.000000
10-31 17:37:30.861 E/AudioPolicyManager( 1569): AudioPolicyManagerBase::checkAndSetVolume index=2 ro.suma.vol=0,10,18,26,34,42,49,56,63,70,76,82,88,93,97,100 valid vol[index]=18
10-31 17:37:30.861 E/AudioPolicyManager( 1569): AudioPolicyManagerBase::checkAndSetVolume1 2,0.180000
10-31 17:37:30.925 D/BaseApplication( 2798): [TN_main]onActivityStarted activity=com.suma.midware.setting.net.NetMainActivity@3ddc238
10-31 17:37:30.926 D/BaseApplication( 2798): [TN_main]onActivityResumed activity=com.suma.midware.setting.net.NetMainActivity@3ddc238
10-31 17:37:30.926 E/NetUtils( 2017): Interface eth0 LinkDown!
10-31 17:37:30.934 E/StringUtil( 2798): [TN_main]getIntValue illegal str="ipanel",defaultValue=-1
10-31 17:37:30.934 E/StringUtil( 2798): [TN_main]getIntValue illegal str="ipanel",defaultValue=-1
10-31 17:37:30.943 E/ClassUtil( 2798): [TN_main]getField ipAssignment java.lang.NoSuchFieldException
10-31 17:37:30.943 E/StringUtil( 2798): [TN_main]getIntValue illegal str="ipanel",defaultValue=-1
10-31 17:37:30.945 D/NetMainActivity( 2798): onResume focusView:null
10-31 17:37:30.945 W/ContextImpl( 2798): Calling a method in the system process without a qualified user: android.app.ContextImpl.sendBroadcast:1345 android.content.ContextWrapper.sendBroadcast:377 android.app.ActivityThread.performResumeActivity:2982 android.app.ActivityThread.handleResumeActivity:3023 android.app.ActivityThread.handleLaunchActivity:2392 
10-31 17:37:30.948 V/WindowManager( 2017): Adding window Window{21708fce u0 com.suma.midware.setting/com.suma.midware.setting.net.NetMainActivity} at 6 of 11 (after Window{2be776b8 u0 com.suma.midware.setting/com.suma.midware.setting.main.SystemMainActivity})
10-31 17:37:30.993 D/SystemListItem( 2798): onFocusChangecom.suma.midware.setting.util.SystemListItem{16ffa5e3 VFE...C. .F....ID 194,100-1086,165 #7f0b006c app:id/setting_net_connect_in_wireless}:itemID:65536:arg1:true
10-31 17:37:31.011 I/ActivityManager( 2017): Displayed com.suma.midware.setting/.net.NetMainActivity: +159ms
10-31 17:37:31.011 D/RemoteIME( 2349): onFinishInput.
10-31 17:37:31.011 D/RemoteIME( 2349): onStartInput  ccontentType: 0 Restarting:false
10-31 17:37:31.078 E/storage_operate( 2655): HCDN_LOG: [2017/10/31-17:37:31:078]:[func:GetTaskCount],[line:827],[oper:get task count],[state:0],[count:0]
10-31 17:37:31.078 E/storage_operate( 2655): HCDN_LOG: [2017/10/31-17:37:31:078]:[func:GetTaskCount],[line:827],[oper:get task count],[state:0],[count:0]
10-31 17:37:31.078 E/storage_operate( 2655): HCDN_LOG: [2017/10/31-17:37:31:078]:[func:GetTaskCount],[line:827],[oper:get task count],[state:1],[count:0]
10-31 17:37:31.111 D/audio_hal( 1569): pcm_open card:device(hw:0:0) flags(0x8) out(0xb5077280)
10-31 17:37:31.132 W/ContextImpl( 2391): Calling a method in the system process without a qualified user: android.app.ContextImpl.sendBroadcast:1345 android.content.ContextWrapper.sendBroadcast:377 com.suma.midware.back.esg.e.f:-1 com.suma.midware.back.esg.f.run:-1 com.suma.midware.prop.util.c.run:-1 
10-31 17:37:31.226 D/BaseApplication( 2798): [TN_main]onActivitySaveInstanceState activity=com.suma.midware.setting.main.SystemMainActivity@214a3984,outState=Bundle[{android:viewHierarchyState=Bundle[{android:views={16908290=android.view.AbsSavedState$1@1dfcbd3f, 2131427401=android.view.AbsSavedState$1@1dfcbd3f, 2131427402=android.view.AbsSavedState$1@1dfcbd3f, 2131427403=android.view.AbsSavedState$1@1dfcbd3f, 2131427404=android.view.AbsSavedState$1@1dfcbd3f, 2131427405=android.view.AbsSavedState$1@1dfcbd3f, 2131427406=android.view.AbsSavedState$1@1dfcbd3f, 2131427407=android.view.AbsSavedState$1@1dfcbd3f, 2131427408=android.view.AbsSavedState$1@1dfcbd3f, 2131427409=android.view.AbsSavedState$1@1dfcbd3f}, android:focusedViewId=2131427404}]}]
10-31 17:37:31.227 D/BaseApplication( 2798): [TN_main]onActivityStopped activity=com.suma.midware.setting.main.SystemMainActivity@214a3984
10-31 17:37:31.242 D/audio_hal( 1569): out_get_latency: out(0xb5077280) latency=20
10-31 17:37:31.262 D/audio_hal( 1569): out_get_latency: out(0xb5077280) latency=20
10-31 17:37:31.332 D/BackBootDealerNeimeng( 2391): standbyState:
10-31 17:37:31.333 E/NetUtils( 2017): Interface eth0 LinkDown!
10-31 17:37:31.833 D/BackBootDealerNeimeng( 2391): standbyState:
10-31 17:37:31.834 E/NetUtils( 2017): Interface eth0 LinkDown!
10-31 17:37:31.880 D/AppUtil ( 2391): [TN_ThreadUtil-1]getActivityPkg index=0,comp=ComponentInfo{com.suma.midware.setting/com.suma.midware.setting.net.NetMainActivity}
