10-31 18:42:19.741 E/hcdn_upload( 2875): HCDN_LOG: [2017/10/31-18:42:19:741]:Update uload speed 1 kbps ,real:0 kbps,qsize:0,maxsize:12,timeout_speed:0 kbps 
10-31 18:42:19.741 D/BasicFigure( 2495): [TN_GLThread 73]isDrawFocused relyElement=[BaseElement@3d27edaa]focusScale[1.15]elementAlpha[-1.0]refectAlpha[-1.0]isFocusAble[true]shadowIndex[-1]autoJumpType[-1]uniqueID[54resSize0]rect[NULL]
10-31 18:42:19.741 D/BasicFigure( 2495): [TN_GLThread 73]isDrawFocused basicFigure=com.suma.midware.view.b.c.c@2fe62d9b
10-31 18:42:19.875 D/BackBootDealerNeimeng( 2385): standbyState:
10-31 18:42:19.877 E/NetUtils( 2017): Interface eth0 LinkDown!
10-31 18:42:20.212 D/EsgNeiMengDealer( 2385): [TN_ThreadUtil-12]checkBootAd bootAd=[Advertisment@34d5d2aa]category[1]version[0]profile[2]group[[GroupProperty@3eb6ae9b]associateType[3]groupIDs[len:10:10000:7101:7105:9999:7000:17:1001:20002:20001:1003]]service[null]period[[Advertisment@3ddc238]dates[]times[len0:102:len1:102:20170821 000000-20170821 235959:20170822 000000-20170822 235959:20170823 000000-20170823 235959:20170824 000000-20170824 235959:20170825 000000-20170825 235959:20170826 000000-20170826 235959:20170827 000000-20170827 235959:20170828 000000-20170828 235959:20170829 000000-20170829 235959:20170830 000000-20170830 235959:20170831 000000-20170831 235959:20170901 000000-20170901 235959:20170902 000000-20170902 235959:20170903 000000-20170903 235959:20170904 000000-20170904 235959:20170905 000000-20170905 235959:20170906 000000-20170906 235959:20170907 000000-20170907 235959:20170908 000000-20170908 235959:20170909 000000-20170909 235959:20170910 000000-20170910 235959:20170911 000000-20170911 235959:20170912 000000-20170912 235959:20170913 000000-20170913 235959:20170914 000000-20170914 235959:20170915 000000-20170915 235959:20170916 000000-20170916 235959:20170917 000000-20170917 235959:20170918 000000-20170918 235959:20170919 000000-20170919 235959:20170920 000000-20170920 235959:20170921 000000-20170921 235959:20170922 000000-20170922 235959:20170923 000000-20170923 235959:20170924 000000-20170924 235959:20170925 000000-20170925 235959:20170926 000000-20170926 235959:20170927 000000-20170927 235959:20170928 000000-20170928 235959:20170929 000000-20170929 235959:20170930 000000-20170930 235959:20171001 000000-20171001 235959:20171002 000000-20171002 235959:20171003 000000-20171003 235959:20171004 000000-20171004 235959:20171005 000000-20171005 235959:20171006 000000-20171006 235959:20171007 000000-20171007 235959:20171008 000000-20171008 235959:20171009 000000-20171009 235959:20171010 000000-20171010 235959:20171011 000000-20171011 235959:20171012 000000-20171012 235959:20171013 000000-20171013 235959:20171014 000000-20171014 235959:20171015 000000-20171015 235959:20171016 000000-20171016 235959:20171017 000000-20171017 235959:20171018 000000-20171018 235959:20171019 000000-20171019 235959:20171020 000000-20171020 235959:20171021 000000-20171021 235959:20171022 000000-20171022 235959:20171023 000000-20171023 235959:20171024 000000-20171024 235959:20171025 000000-20171025 235959:20171026 000000-20171026 235959:20171027 000000-20171027 235959:20171028 000000-20171028 235959:20171029 000000-20171029 235959:20171030 000000-20171030 235959:20171031 000000-20171031 235959:20171101 000000-20171101 235959:20171102 000000-20171102 235959:20171103 000000-20171103 235959:20171104 000000-20171104 235959:20171105 000000-20171105 235959:20171106 000000-20171106 235959:20171107 000000-20171107 235959:20171108 000000-20171108 235959:20171109 000000-20171109 235959:20171110 000000-20171110 235959:20171111 000000-20171111 235959:20171112 000000-20171112 235959:20171113 000000-20171113 235959:20171114 000000-20171114 235959:20171115 000000-20171115 235959:20171116 000000-20171116 235959:20171117 000000-20171117 235959:20171118 000000-20171118 235959:20171119 000000-20171119 235959:20171120 000000-20171120 235959:20171121 000000-20171121 235959:20171122 000000-20171122 235959:20171123 000000-20171123 235959:20171124 000000-20171124 235959:20171125 000000-20171125 235959:20171126 000000-20171126 235959:20171127 000000-20171127 235959:20171128 000000-20171128 235959:20171129 000000-20171129 235959:20171130 000000-20171130 235959]]
10-31 18:42:20.213 I/System.out( 2385): [DEBUG SectionFilterGroup] The filterGroupHandle is: -1622496408
10-31 18:42:20.213 D/LoadPipeHandler( 2385): [TN_ThreadUtil-12]dealTableLoad pipeTask=[LoadPipeTask@14e99871]pID[16]tableID[64]tunerIndex[0]offset[3]timeout[5000]isNeedTune[false]fileName[null]
10-31 18:42:20.213 D/filter  ( 2385): [FilterManager-JNI] - start filter:pid=16, tableid=64, bufferNum=0
10-31 18:42:20.213 D/filter  ( 2385): [FilterManager-JNI] - 
10-31 18:42:20.213 D/filter  ( 2385): [FilterManager-JNI] - 
10-31 18:42:20.213 D/filter  ( 2385): [FilterManager-JNI] - The table id is proper.
10-31 18:42:20.213 D/filter  ( 2385): ####in java native method open filter:pid=16,							code=40,00,00,00,mask=ff,00,00,00
10-31 18:42:20.213 D/filter  ( 2385): [FilterManager-JNI] - Filter mode to ROCME_RES_FLT_MODE_UNROB_FILTER.
10-31 18:42:20.213 V/SUMA    ( 1582): [resman-s][onTransact 216]code[0x12000200] client pid = 2385
10-31 18:42:20.213 V/SUMA    ( 1582): [resman-s][onTransact 615]TRANS_CODE_RESMAN_FILETER_REQUEST enter
10-31 18:42:20.213 V/SUMA    ( 1582): [resman-s][onTransact 623]filter request m_client[0].cpid = 2385
10-31 18:42:20.213 I/System.out( 2385): [DEBUG SectionFilterGroup] The run() method, and the filterGroupHandle is: -1622496408
10-31 18:42:20.213 V/SUMA    ( 1582): [resman-s][onTransact 627]filter handler request filter_handler[0]
10-31 18:42:20.213 V/SUMA    ( 1582): >> Roc_ResMan_Filter_Request handler = 0x12029050 
10-31 18:42:20.213 V/SUMA    ( 1582): [resman-s][onTransact 657]TRANS_CODE_RESMAN_FILETER_REQUEST leave
10-31 18:42:20.214 V/SUMA    ( 1582): [resman-s][onTransact 1574]leave transact client pid = 2385
10-31 18:42:20.214 V/SUMA    ( 2385): [resman-c][Roc_ResMan_Filter_Request 1311]leave !!!
10-31 18:42:20.214 V/SUMA    ( 2385): [resman-c][dvbc_resman_flt_request 162]dvbc(2385)## s_resman_client_flt_hcbk request cbk idx=0 !!!
10-31 18:42:20.214 V/SUMA    ( 1582): [resman-s][onTransact 216]code[0x12000204] client pid = 2385
10-31 18:42:20.214 V/SUMA    ( 1582): [resman-s][onTransact 1574]leave transact client pid = 2385
10-31 18:42:20.214 V/SUMA    ( 2385): [resman-c][Roc_ResMan_Filter_Modify 1514]leave !!!
10-31 18:42:20.214 V/SUMA    ( 1582): [resman-s][onTransact 216]code[0x12000202] client pid = 2385
10-31 18:42:20.214 V/SUMA    ( 1582): [resman-s][onTransact 1574]leave transact client pid = 2385
10-31 18:42:20.214 V/SUMA    ( 2385): [resman-c][Roc_ResMan_Filter_Run 1431]leave !!!
10-31 18:42:20.214 D/filter  ( 2385): open file=302157904,pid=16,index=0 with tuner index 0
10-31 18:42:20.377 D/BackBootDealerNeimeng( 2385): standbyState:
10-31 18:42:20.378 E/NetUtils( 2017): Interface eth0 LinkDown!
10-31 18:42:20.741 E/hcdn_upload( 2875): HCDN_LOG: [2017/10/31-18:42:20:741]:Update uload speed 1 kbps ,real:0 kbps,qsize:0,maxsize:12,timeout_speed:0 kbps 
10-31 18:42:20.776 D/BasicFigure( 2495): [TN_GLThread 73]isDrawFocused relyElement=[BaseElement@3d27edaa]focusScale[1.15]elementAlpha[-1.0]refectAlpha[-1.0]isFocusAble[true]shadowIndex[-1]autoJumpType[-1]uniqueID[54resSize0]rect[NULL]
10-31 18:42:20.777 D/BasicFigure( 2495): [TN_GLThread 73]isDrawFocused basicFigure=com.suma.midware.view.b.c.c@2fe62d9b
10-31 18:42:20.878 D/BackBootDealerNeimeng( 2385): standbyState:
10-31 18:42:20.879 E/NetUtils( 2017): Interface eth0 LinkDown!
10-31 18:42:21.361 E/storage_operate( 2875): HCDN_LOG: [2017/10/31-18:42:21:361]:[func:GetPgfCapacityChange],[line:76],[oper:get pgf capacity change],[total_space:5364],[free_space:4300]
10-31 18:42:21.361 E/storage_operate( 2875): HCDN_LOG: [2017/10/31-18:42:21:361]:[func:UpdatePgfCapacity],[line:1013],[oper:update pgf capacity],[state:1]
10-31 18:42:21.379 D/BackBootDealerNeimeng( 2385): standbyState:
10-31 18:42:21.380 E/NetUtils( 2017): Interface eth0 LinkDown!
10-31 18:42:21.382 E/storage_operate( 2875): HCDN_LOG: [2017/10/31-18:42:21:381]:[func:GetTaskCount],[line:827],[oper:get task count],[state:0],[count:0]
10-31 18:42:21.382 E/storage_operate( 2875): HCDN_LOG: [2017/10/31-18:42:21:382]:[func:GetTaskCount],[line:827],[oper:get task count],[state:0],[count:0]
10-31 18:42:21.382 E/storage_operate( 2875): HCDN_LOG: [2017/10/31-18:42:21:382]:[func:GetTaskCount],[line:827],[oper:get task count],[state:1],[count:0]
10-31 18:42:21.426 E/storage_operate( 2645): HCDN_LOG: [2017/10/31-18:42:21:426]:[func:GetPgfCapacityChange],[line:76],[oper:get pgf capacity change],[total_space:5364],[free_space:4300]
10-31 18:42:21.426 E/storage_operate( 2645): HCDN_LOG: [2017/10/31-18:42:21:426]:[func:UpdatePgfCapacity],[line:1013],[oper:update pgf capacity],[state:1]
10-31 18:42:21.446 E/storage_operate( 2645): HCDN_LOG: [2017/10/31-18:42:21:446]:[func:GetTaskCount],[line:827],[oper:get task count],[state:0],[count:0]
10-31 18:42:21.446 E/storage_operate( 2645): HCDN_LOG: [2017/10/31-18:42:21:446]:[func:GetTaskCount],[line:827],[oper:get task count],[state:0],[count:0]
10-31 18:42:21.446 E/storage_operate( 2645): HCDN_LOG: [2017/10/31-18:42:21:446]:[func:GetTaskCount],[line:827],[oper:get task count],[state:1],[count:0]
10-31 18:42:21.742 E/hcdn_upload( 2875): HCDN_LOG: [2017/10/31-18:42:21:742]:Update uload speed 1 kbps ,real:0 kbps,qsize:0,maxsize:12,timeout_speed:0 kbps 
10-31 18:42:21.748 E/UGCHttpClient( 2875): HCDN_LOG: [2017/10/31-18:42:21:748]:GetHostByName(msg.ptqy.gitv.tv) takes 2 ms.
10-31 18:42:21.809 D/BasicFigure( 2495): [TN_GLThread 73]isDrawFocused relyElement=[BaseElement@3d27edaa]focusScale[1.15]elementAlpha[-1.0]refectAlpha[-1.0]isFocusAble[true]shadowIndex[-1]autoJumpType[-1]uniqueID[54resSize0]rect[NULL]
10-31 18:42:21.809 D/BasicFigure( 2495): [TN_GLThread 73]isDrawFocused basicFigure=com.suma.midware.view.b.c.c@2fe62d9b
10-31 18:42:21.847 E/UGCHttpClient( 2645): HCDN_LOG: [2017/10/31-18:42:21:847]:GetHostByName(msg.ptqy.gitv.tv) takes 2 ms.
10-31 18:42:21.852 E/UGCHttpClient( 2875): HCDN_LOG: [2017/10/31-18:42:21:852]:connect(msg.ptqy.gitv.tv) takes 104 ms.
10-31 18:42:21.880 D/BackBootDealerNeimeng( 2385): standbyState:
10-31 18:42:21.881 E/NetUtils( 2017): Interface eth0 LinkDown!
10-31 18:42:21.979 E/UGCHttpClient( 2645): HCDN_LOG: [2017/10/31-18:42:21:979]:connect(msg.ptqy.gitv.tv) takes 132 ms.
10-31 18:42:21.980 E/cdnetwork( 2875): HCDN_LOG: [2017/10/31-18:42:21:980]:GET url Complete http://msg.ptqy.gitv.tv/b?t=11&pf=3&p=31&p1=312&c1=&s1=&u=gxxoyinq35fijfdc7i2f57lmxvoeg65a&rn=152982&ct=ppsapclientstat&instlid=&cliexename=hcdnclient.exe&drawflashesp=0&runtime_len=0&udpport_ok=1&net_type=12&cachepgf_exist=0&cachepgf_attr=0&cachebt_dir_exist=0&cachepgf_dir_exist=0&cachepgf_bif_exist=0&cachebt_mediadata_exist=0&bt_file_count=0&bt_block_count=0&pgf_file_count=3&pgf_block_count=26&selected_file_count=2&selected_block_count=26&hcev=10.2.52.67&hcndv=10.2.52.67&hfphdv=0.0.0.0&lcdv=10.2.52.67&su=
10-31 18:42:21.981 E/HttpPost( 2875): HCDN_LOG: [2017/10/31-18:42:21:981]:http://msg.ptqy.gitv.tv/b?t=11&pf=3&p=31&p1=312&c1=&s1=&u=gxxoyinq35fijfdc7i2f57lmxvoeg65a&rn=152982&ct=ppsapclientstat&instlid=&cliexename=hcdnclient.exe&drawflashesp=0&runtime_len=0&udpport_ok=1&net_type=12&cachepgf_exist=0&cachepgf_attr=0&cachebt_dir_exist=0&cachepgf_dir_exist=0&cachepgf_bif_exist=0&cachebt_mediadata_exist=0&bt_file_count=0&bt_block_count=0&pgf_file_count=3&pgf_block_count=26&selected_file_count=2&selected_block_count=26&hcev=10.2.52.67&hcndv=10.2.52.67&hfphdv=0.0.0.0&lcdv=10.2.52.67&su= 
10-31 18:42:22.083 E/cdnetwork( 2645): HCDN_LOG: [2017/10/31-18:42:22:083]:GET url Complete http://msg.ptqy.gitv.tv/b?t=11&pf=3&p=31&p1=312&c1=&s1=&u=nfomkl5bhjdmfhl5cdo6w52etfc5utnv&rn=153081&ct=ppsapclientstat&instlid=&cliexename=hcdnclient.exe&drawflashesp=0&runtime_len=0&udpport_ok=1&net_type=12&cachepgf_exist=0&cachepgf_attr=0&cachebt_dir_exist=0&cachepgf_dir_exist=0&cachepgf_bif_exist=0&cachebt_mediadata_exist=0&bt_file_count=0&bt_block_count=0&pgf_file_count=0&pgf_block_count=0&selected_file_count=-1&selected_block_count=0&hcev=10.2.2.67&hcndv=10.2.2.67&hfphdv=0.0.0.0&lcdv=10.2.2.67&su=
10-31 18:42:22.083 E/HttpPost( 2645): HCDN_LOG: [2017/10/31-18:42:22:083]:http://msg.ptqy.gitv.tv/b?t=11&pf=3&p=31&p1=312&c1=&s1=&u=nfomkl5bhjdmfhl5cdo6w52etfc5utnv&rn=153081&ct=ppsapclientstat&instlid=&cliexename=hcdnclient.exe&drawflashesp=0&runtime_len=0&udpport_ok=1&net_type=12&cachepgf_exist=0&cachepgf_attr=0&cachebt_dir_exist=0&cachepgf_dir_exist=0&cachepgf_bif_exist=0&cachebt_mediadata_exist=0&bt_file_count=0&bt_block_count=0&pgf_file_count=0&pgf_block_count=0&selected_file_count=-1&selected_block_count=0&hcev=10.2.2.67&hcndv=10.2.2.67&hfphdv=0.0.0.0&lcdv=10.2.2.67&su= 
10-31 18:42:22.381 D/BackBootDealerNeimeng( 2385): standbyState:
10-31 18:42:22.382 E/NetUtils( 2017): Interface eth0 LinkDown!
10-31 18:42:22.744 E/hcdn_upload( 2875): HCDN_LOG: [2017/10/31-18:42:22:744]:Update uload speed 1 kbps ,real:0 kbps,qsize:0,maxsize:12,timeout_speed:0 kbps 
10-31 18:42:22.843 D/BasicFigure( 2495): [TN_GLThread 73]isDrawFocused relyElement=[BaseElement@3d27edaa]focusScale[1.15]elementAlpha[-1.0]refectAlpha[-1.0]isFocusAble[true]shadowIndex[-1]autoJumpType[-1]uniqueID[54resSize0]rect[NULL]
10-31 18:42:22.843 D/BasicFigure( 2495): [TN_GLThread 73]isDrawFocused basicFigure=com.suma.midware.view.b.c.c@2fe62d9b
10-31 18:42:22.883 D/BackBootDealerNeimeng( 2385): standbyState:
10-31 18:42:22.883 E/NetUtils( 2017): Interface eth0 LinkDown!
10-31 18:42:23.383 D/BackBootDealerNeimeng( 2385): standbyState:
10-31 18:42:23.385 E/NetUtils( 2017): Interface eth0 LinkDown!
10-31 18:42:23.745 E/hcdn_upload( 2875): HCDN_LOG: [2017/10/31-18:42:23:745]:Update uload speed 1 kbps ,real:0 kbps,qsize:0,maxsize:12,timeout_speed:0 kbps 
10-31 18:42:23.867 D/BasicFigure( 2495): [TN_GLThread 73]isDrawFocused relyElement=[BaseElement@3d27edaa]focusScale[1.15]elementAlpha[-1.0]refectAlpha[-1.0]isFocusAble[true]shadowIndex[-1]autoJumpType[-1]uniqueID[54resSize0]rect[NULL]
10-31 18:42:23.867 D/BasicFigure( 2495): [TN_GLThread 73]isDrawFocused basicFigure=com.suma.midware.view.b.c.c@2fe62d9b
10-31 18:42:23.885 D/BackBootDealerNeimeng( 2385): standbyState:
10-31 18:42:23.885 E/NetUtils( 2017): Interface eth0 LinkDown!
10-31 18:42:24.382 E/storage_operate( 2875): HCDN_LOG: [2017/10/31-18:42:24:382]:[func:GetTaskCount],[line:827],[oper:get task count],[state:0],[count:0]
10-31 18:42:24.382 E/storage_operate( 2875): HCDN_LOG: [2017/10/31-18:42:24:382]:[func:GetTaskCount],[line:827],[oper:get task count],[state:0],[count:0]
10-31 18:42:24.382 E/storage_operate( 2875): HCDN_LOG: [2017/10/31-18:42:24:382]:[func:GetTaskCount],[line:827],[oper:get task count],[state:1],[count:0]
10-31 18:42:24.386 D/BackBootDealerNeimeng( 2385): standbyState:
10-31 18:42:24.387 E/NetUtils( 2017): Interface eth0 LinkDown!
10-31 18:42:24.446 E/storage_operate( 2645): HCDN_LOG: [2017/10/31-18:42:24:446]:[func:GetTaskCount],[line:827],[oper:get task count],[state:0],[count:0]
10-31 18:42:24.447 E/storage_operate( 2645): HCDN_LOG: [2017/10/31-18:42:24:446]:[func:GetTaskCount],[line:827],[oper:get task count],[state:0],[count:0]
10-31 18:42:24.447 E/storage_operate( 2645): HCDN_LOG: [2017/10/31-18:42:24:447]:[func:GetTaskCount],[line:827],[oper:get task count],[state:1],[count:0]
10-31 18:42:24.745 E/hcdn_upload( 2875): HCDN_LOG: [2017/10/31-18:42:24:745]:Update uload speed 1 kbps ,real:0 kbps,qsize:0,maxsize:12,timeout_speed:0 kbps 
10-31 18:42:24.887 D/BackBootDealerNeimeng( 2385): standbyState:
10-31 18:42:24.888 E/NetUtils( 2017): Interface eth0 LinkDown!
10-31 18:42:24.889 D/BasicFigure( 2495): [TN_GLThread 73]isDrawFocused relyElement=[BaseElement@3d27edaa]focusScale[1.15]elementAlpha[-1.0]refectAlpha[-1.0]isFocusAble[true]shadowIndex[-1]autoJumpType[-1]uniqueID[54resSize0]rect[NULL]
10-31 18:42:24.889 D/BasicFigure( 2495): [TN_GLThread 73]isDrawFocused basicFigure=com.suma.midware.view.b.c.c@2fe62d9b
10-31 18:42:24.992 E/WifiStateMachine( 2017): WifiStateMachine CMD_START_SCAN source -2 txSuccessRate=9.29 rxSuccessRate=6.68 targetRoamBSSID=e4:f3:f5:aa:ad:88 RSSI=-41
10-31 18:42:24.992 E/WifiStateMachine( 2017): WifiStateMachine starting scan for "ipanel"WPA_PSK with 2467
10-31 18:42:25.214 I/System.out( 2385): [DEBUG SectionFilterGroup] be reaady to detach filtergroup:true
10-31 18:42:25.215 V/SUMA    ( 1582): [resman-s][onTransact 216]code[0x12000201] client pid = 2385
10-31 18:42:25.215 V/SUMA    ( 1582): [resman-s][onTransact 665]TRANS_CODE_RESMAN_FILETER_RELEASE enter
10-31 18:42:25.215 V/SUMA    ( 1582): >> Roc_ResMan_Filter_Release handler = 0x12029050 
10-31 18:42:25.216 V/SUMA    ( 1582): [resman-s][onTransact 674]filter release m_client[0].cpid = 2385
10-31 18:42:25.216 V/SUMA    ( 1582): [resman-s][onTransact 678]filter handler release filter_handler[0]
10-31 18:42:25.216 V/SUMA    ( 1582): [resman-s][onTransact 688]TRANS_CODE_RESMAN_FILETER_RELEASE leave
10-31 18:42:25.216 V/SUMA    ( 1582): [resman-s][onTransact 1574]leave transact client pid = 2385
10-31 18:42:25.216 V/SUMA    ( 2385): [resman-c][dvbc_resman_flt_release 183]dvbc(2385)## s_resman_client_flt_hcbk release cbk idx=0 !!!
10-31 18:42:25.216 V/SUMA    ( 2385): [resman-c][Roc_ResMan_Filter_Release 1403]leave !!!
10-31 18:42:25.216 W/EsgNeiMengDealer( 2385): [TN_ThreadUtil-12]handleNormTable table content null
10-31 18:42:25.216 D/EsgNeiMengDealer( 2385): [TN_ThreadUtil-12]dealUpdateInfo updateInfo=null
10-31 18:42:25.216 D/EsgRunner( 2385): [TN_ThreadUtil-12]notifyUpdateEnd ads=null
10-31 18:42:25.236 W/ContextImpl( 2385): Calling a method in the system process without a qualified user: android.app.ContextImpl.sendBroadcast:1345 android.content.ContextWrapper.sendBroadcast:377 com.suma.midware.back.esg.e.f:-1 com.suma.midware.back.esg.f.run:-1 com.suma.midware.prop.util.c.run:-1 
10-31 18:42:25.388 D/BackBootDealerNeimeng( 2385): standbyState:
10-31 18:42:25.389 E/NetUtils( 2017): Interface eth0 LinkDown!
10-31 18:42:25.529 D/home/BaseRequestTask( 2645): [TID 3209] invoke task = com.gala.video.app.epg.home.data.hdata.task.ThemeRequestTask thread id = 130
10-31 18:42:25.530 D/<TVAPI> DEBUG isUpdateData) ( 2645): isUpdateData=theme-true
10-31 18:42:25.530 D/<TVAPI> DEBUG TVApiProperty) ( 2645): read passport-device-id=tv_8bac9bf85141b2cb71d85d93b621fd8e_1502420529045
10-31 18:42:25.531 D/<TVAPI> DEBUG id=13, theme) ( 2645): url = http://data2.itv.ptqy.gitv.tv/itv/themeList/1654
10-31 18:42:25.531 D/<TVAPI> DEBUG id=13, theme) ( 2645): header = qyid:tv_8bac9bf85141b2cb71d85d93b621fd8e_1502420529045
10-31 18:42:25.531 D/<TVAPI> DEBUG id=13, theme) ( 2645): header = ov:5.1.1
10-31 18:42:25.531 D/<TVAPI> DEBUG id=13, theme) ( 2645): header = apkVer:7.7.0.64088
10-31 18:42:25.531 D/<TVAPI> DEBUG id=13, theme) ( 2645): header = apiKey:70bae32b94c48e1fdb3ccfd18f17841d
10-31 18:42:25.728 I/EthernetNetworkFactory( 2017): updateInterfaceState :the mIface is:eth0iface is wlan0 true
10-31 18:42:25.746 E/hcdn_upload( 2875): HCDN_LOG: [2017/10/31-18:42:25:746]:Update uload speed 1 kbps ,real:0 kbps,qsize:0,maxsize:12,timeout_speed:0 kbps 
10-31 18:42:25.749 E/WifiAutoJoinController ( 2017): ipanel e4:f3:f5:aa:ad:88 rssi=-41 cap [WPA-PSK-CCMP][WPA2-PSK-CCMP][ESS] is not scored
10-31 18:42:25.750 E/WifiAutoJoinController ( 2017): GDWL 86:79:73:27:8c:19 rssi=-40 cap [WPA-PSK-CCMP][WPA2-PSK-CCMP][ESS] is not scored
10-31 18:42:25.750 E/WifiAutoJoinController ( 2017): GDWL 86:79:73:27:8c:0d rssi=-52 cap [WPA-PSK-CCMP][WPA2-PSK-CCMP][ESS] is not scored
10-31 18:42:25.750 E/WifiAutoJoinController ( 2017): GDWL 86:79:73:27:8c:11 rssi=-64 cap [WPA-PSK-CCMP][WPA2-PSK-CCMP][ESS] is not scored
10-31 18:42:25.751 E/WifiAutoJoinController ( 2017): TP-LINK_BAF2C2 0c:72:2c:ba:f2:c2 rssi=-59 cap [WPA-PSK-CCMP][WPA2-PSK-CCMP][WPS][ESS] is not scored
10-31 18:42:25.751 E/WifiAutoJoinController ( 2017): GDWL 86:79:73:27:8c:1d rssi=-69 cap [WPA-PSK-CCMP][WPA2-PSK-CCMP][ESS] is not scored
10-31 18:42:25.752 E/WifiAutoJoinController ( 2017): TP-LINK_11AF56 9c:21:6a:11:af:56 rssi=-68 cap [WPA-PSK-CCMP][WPA2-PSK-CCMP][WPS][ESS] is not scored
10-31 18:42:25.752 E/WifiAutoJoinController ( 2017): GDWL 86:79:73:27:8c:13 rssi=-72 cap [WPA-PSK-CCMP][WPA2-PSK-CCMP][ESS] is not scored
10-31 18:42:25.753 E/WifiAutoJoinController ( 2017): GDWL 86:79:73:27:8c:27 rssi=-72 cap [WPA-PSK-CCMP][WPA2-PSK-CCMP][ESS] is not scored
10-31 18:42:25.753 E/WifiAutoJoinController ( 2017): @PHICOMM_5C 2c:b2:1a:6e:fb:5e rssi=-78 cap [WPA-PSK-CCMP+TKIP][WPA2-PSK-CCMP+TKIP][ESS] is not scored
10-31 18:42:25.753 E/WifiAutoJoinController ( 2017): CMCC 06:11:b5:17:bd:d5 rssi=-70 cap [WPA-EAP-CCMP+TKIP][WPA2-EAP-CCMP+TKIP][ESS] is not scored
10-31 18:42:25.754 E/WifiAutoJoinController ( 2017): 金多多 74:7d:24:13:b6:8a rssi=-76 cap [WPA-PSK-CCMP+TKIP][WPA2-PSK-CCMP+TKIP][ESS] is not scored
10-31 18:42:25.755 E/WifiAutoJoinController ( 2017):  84:79:73:27:8c:19 rssi=-41 cap [WEP][ESS] is not scored
10-31 18:42:25.755 E/WifiAutoJoinController ( 2017):  84:79:73:27:8c:0d rssi=-54 cap [WEP][ESS] is not scored
10-31 18:42:25.756 E/WifiAutoJoinController ( 2017):  84:79:73:27:8c:11 rssi=-62 cap [WEP][ESS] is not scored
10-31 18:42:25.756 E/WifiAutoJoinController ( 2017):  84:79:73:27:8c:2f rssi=-76 cap [WEP][ESS] is not scored
10-31 18:42:25.757 E/WifiAutoJoinController ( 2017):  84:79:73:27:8c:1d rssi=-62 cap [WEP][ESS] is not scored
10-31 18:42:25.757 E/WifiAutoJoinController ( 2017):  84:79:73:27:8c:13 rssi=-70 cap [WEP][ESS] is not scored
10-31 18:42:25.758 E/WifiAutoJoinController ( 2017): MERCURY_EDE4 e4:f3:f5:6a:ed:e4 rssi=-62 cap [ESS] is not scored
10-31 18:42:25.759 E/WifiAutoJoinController ( 2017): CMCC-family 0a:11:b5:17:bd:d5 rssi=-72 cap [ESS] is not scored
10-31 18:42:25.761 E/WifiAutoJoinController ( 2017): and-Business 0e:11:b5:17:bd:d5 rssi=-74 cap [ESS] is not scored
10-31 18:42:25.761 E/WifiAutoJoinController ( 2017): CMCC-WEB 00:11:b5:17:bd:d5 rssi=-74 cap [ESS] is not scored
10-31 18:42:25.762 E/WifiAutoJoinController ( 2017): WLGS 1c:fa:68:05:a3:5a rssi=-71 cap [WPA-PSK-CCMP][WPA2-PSK-CCMP][WPS][ESS] is not scored
10-31 18:42:25.763 E/WifiAutoJoinController ( 2017): Office_Net e4:f3:f5:a4:00:c0 rssi=-64 cap [WPA-PSK-CCMP][WPA2-PSK-CCMP][ESS] is not scored
10-31 18:42:25.763 E/WifiAutoJoinController ( 2017): GDWL 86:79:73:27:8c:2f rssi=-72 cap [WPA-PSK-CCMP][WPA2-PSK-CCMP][ESS] is not scored
10-31 18:42:25.764 E/WifiAutoJoinController ( 2017): TP-LINK_gsbgs 9c:21:6a:1e:b5:48 rssi=-78 cap [WPA-PSK-CCMP][WPA2-PSK-CCMP][WPS][ESS] is not scored
10-31 18:42:25.765 E/WifiAutoJoinController ( 2017):  84:79:73:27:8c:27 rssi=-76 cap [WEP][ESS] is not scored
10-31 18:42:25.765 E/WifiAutoJoinController ( 2017): HUAWEI-VYGUV5 00:5a:13:61:fa:ac rssi=-78 cap [ESS] is not scored
10-31 18:42:25.766 E/WifiAutoJoinController ( 2017): ChinaNet-UzCV 34:a2:a2:90:9d:c8 rssi=-80 cap [WPA2-PSK-CCMP+TKIP][ESS] is not scored
10-31 18:42:25.766 E/WifiAutoJoinController ( 2017):  84:79:73:27:87:8f rssi=-76 cap [WEP][ESS] is not scored
10-31 18:42:25.767 E/WifiAutoJoinController ( 2017): ageScanResultsOut delay 40000 size 30 now 1509446545766
10-31 18:42:25.767 E/WifiAutoJoinController ( 2017): newSupplicantResults size=30 known=9 true
10-31 18:42:25.768 E/WifiAutoJoinController ( 2017): attemptAutoJoin() status=bssid=e4:f3:f5:aa:ad:88
10-31 18:42:25.768 E/WifiAutoJoinController ( 2017): freq=2467
10-31 18:42:25.768 E/WifiAutoJoinController ( 2017): ssid=ipanel
10-31 18:42:25.768 E/WifiAutoJoinController ( 2017): id=8
10-31 18:42:25.768 E/WifiAutoJoinController ( 2017): mode=station
10-31 18:42:25.768 E/WifiAutoJoinController ( 2017): pairwise_cipher=CCMP
10-31 18:42:25.768 E/WifiAutoJoinController ( 2017): group_cipher=CCMP
10-31 18:42:25.768 E/WifiAutoJoinController ( 2017): key_mgmt=WPA2-PSK
10-31 18:42:25.768 E/WifiAutoJoinController ( 2017): wpa_state=COMPLETED
10-31 18:42:25.768 E/WifiAutoJoinController ( 2017): ip_address=192.168.1.102
10-31 18:42:25.768 E/WifiAutoJoinController ( 2017): p2p_device_address=4e:0f:c7:c3:27:4b
10-31 18:42:25.768 E/WifiAutoJoinController ( 2017): address=4c:0f:c7:c3:27:4b
10-31 18:42:25.768 E/WifiAutoJoinController ( 2017): uuid=4ed22322-d375-585e-aa05-5d2aae1a3dae split=13
10-31 18:42:25.768 E/WifiAutoJoinController ( 2017): attemptAutoJoin() num recent config 3 current="ipanel"WPA_PSK ---> suppNetId=8
10-31 18:42:25.768 E/WifiAutoJoinController ( 2017): attemptAutoJoin good candidate seen, bumped hard -> status=0 "ipanel"WPA_PSK rssi=(-41,-127) num=(1,0)
10-31 18:42:25.768 E/WifiAutoJoinController ( 2017): attemptAutoJoin skip current candidate  8 key "ipanel"WPA_PSK
10-31 18:42:25.769 E/WifiAutoJoinController ( 2017): attemptAutoJoin good candidate seen, bumped hard -> status=0 "GDWL"WPA_PSK rssi=(-40,-127) num=(9,0)
10-31 18:42:25.769 E/WifiAutoJoinController ( 2017): attemptAutoJoin trying id=3 "GDWL"WPA_PSK status=0
10-31 18:42:25.769 E/WifiAutoJoinController ( 2017): attemptAutoJoin do not unblacklist due to low visibility 0 key "HUAWEI-VYGUV5"NONE rssi=(-78,-127) num=(1,0)
10-31 18:42:25.769 E/WifiAutoJoinController ( 2017): attemptAutoJoin trying id=1 "HUAWEI-VYGUV5"NONE status=0 current candidate "GDWL"WPA_PSK
10-31 18:42:25.769 E/WifiAutoJoinController ( 2017): attemptAutoJoin will compare candidate  "GDWL"WPA_PSK with "HUAWEI-VYGUV5"NONE
10-31 18:42:25.769 E/WifiAutoJoinController ( 2017):     compareWifiConfigurationsRSSI: "GDWL"WPA_PSK rssi=-40,-127 boost=0 "HUAWEI-VYGUV5"NONE rssi=-78,-127 boost=0
10-31 18:42:25.769 E/WifiAutoJoinController ( 2017):         "GDWL"WPA_PSK is5=false score=-40 "HUAWEI-VYGUV5"NONE is5=false score=-78
10-31 18:42:25.769 E/WifiAutoJoinController ( 2017):     compareWifiConfigurationsRSSI "GDWL"WPA_PSK rssi=(-40,-127) num=(9,0) > "HUAWEI-VYGUV5"NONE rssi=(-78,-127) num=(1,0) -> -38
10-31 18:42:25.769 E/WifiAutoJoinController ( 2017): compareWifiConfigurations: "GDWL"WPA_PSK > "HUAWEI-VYGUV5"NONE order -38
10-31 18:42:25.769 E/WifiAutoJoinController ( 2017): compareNetwork will compare "GDWL"WPA_PSK with current "ipanel"WPA_PSK
10-31 18:42:25.769 E/WifiAutoJoinController ( 2017):     compareWifiConfigurationsRSSI: "ipanel"WPA_PSK rssi=-41,-127 boost=25 "GDWL"WPA_PSK rssi=-40,-127 boost=0
10-31 18:42:25.769 E/WifiAutoJoinController ( 2017):         "ipanel"WPA_PSK is5=false score=-16 "GDWL"WPA_PSK is5=false score=-40
10-31 18:42:25.769 E/WifiAutoJoinController ( 2017):     compareWifiConfigurationsRSSI "ipanel"WPA_PSK rssi=(-41,-127) num=(1,0) > "GDWL"WPA_PSK rssi=(-40,-127) num=(9,0) -> -24
10-31 18:42:25.770 E/WifiAutoJoinController ( 2017): compareWifiConfigurations: "ipanel"WPA_PSK > "GDWL"WPA_PSK order -24
10-31 18:42:25.770 E/WifiAutoJoinController ( 2017): attemptAutoJoin networkSwitching candidate "GDWL"WPA_PSK with current "ipanel"WPA_PSK linked=false : delta=-24  -> not switching
10-31 18:42:25.770 E/WifiAutoJoinController ( 2017): attemptRoam: "ipanel"WPA_PSK Found e4:f3:f5:aa:ad:88 rssi=-41 freq=2467 Current: e4:f3:f5:aa:ad:88
10-31 18:42:25.770 E/WifiAutoJoinController ( 2017): Done attemptAutoJoin status=0
10-31 18:42:25.837 I/XulMessageCenter( 3155): Auto cleanup finished
10-31 18:42:25.845 I/XulMessageCenter( 3155): Auto cleanup finished
10-31 18:42:25.890 D/BackBootDealerNeimeng( 2385): standbyState:
10-31 18:42:25.891 E/NetUtils( 2017): Interface eth0 LinkDown!
10-31 18:42:25.919 D/BasicFigure( 2495): [TN_GLThread 73]isDrawFocused relyElement=[BaseElement@3d27edaa]focusScale[1.15]elementAlpha[-1.0]refectAlpha[-1.0]isFocusAble[true]shadowIndex[-1]autoJumpType[-1]uniqueID[54resSize0]rect[NULL]
10-31 18:42:25.919 D/BasicFigure( 2495): [TN_GLThread 73]isDrawFocused basicFigure=com.suma.midware.view.b.c.c@2fe62d9b
10-31 18:42:25.922 D/<TVAPI> DEBUG id=13, theme, response_time = 355ms) ( 2645): data = {"msg":"","code":"N000000","data":[{"bt":"20160620","et":"20161231","field":"day","kv":{"theme_source":"http://static.ptqy.gitv.tv/ext/common/tv/c2beee76822946b4a91d75077aef3e32.zip","channel_icon_urls":"http://pic6.ptqy.gitv.tv/common/tv/20160817/chnicon/chn_9.png,http://pic1.ptqy.gitv.tv/common/tv/20160817/chnicon/chn_8.png,http://pic6.ptqy.gitv.tv/common/tv/20160817/chnicon/chn_7.png,http://pic1.ptqy.gitv.tv/common/tv/20160817/chnicon/chn_6.png,http://pic6.ptqy.gitv.tv/common/tv/20160817/chnicon/chn_5.png,http://pic1.ptqy.gitv.tv/common/tv/20160817/chnicon/chn_4.png,http://pic3.ptqy.gitv.tv/common/tv/20160817/chnicon/chn_32.png,http://pic3.ptqy.gitv.tv/common/tv/20160817/chnicon/chn_31.png,http://pic5.ptqy.gitv.tv/common/tv/20160817/chnicon/chn_30.png,http://pic3.ptqy.gitv.tv/common/tv/20160817/chnicon/chn_3.png,http://pic8.ptqy.gitv.tv/common/tv/20160817/chnicon/chn_29.png,http://pic8.ptqy.gitv.tv/common/tv/20160817/chnicon/chn_28.png,http://pic7.ptqy.gitv.tv/common/tv/20160817/chnicon/chn_27.png,http://pic3.ptqy.gitv.tv/common/tv/20160817/chnicon/chn_26.png,http://pic7.ptqy.gitv.tv/common/tv/20160817/chnicon/chn_25.png,http://pic2.ptqy.gitv.tv/common/tv/20160817/chnicon/chn_24.png,http://pic3.ptqy.gitv.tv/common/tv/20160817/chnicon/chn_22.png,http://pic3.ptqy.gitv.tv/common/tv/20160817/chnicon/chn_21.png,http://pic4.ptqy.gitv.tv/common/tv/20160817/chnicon/chn_2.png,http://pic4.ptqy.gitv.tv/common/tv/20160817/chnicon/chn_17.png,http://pic9.ptqy.gitv.tv/common/tv/20160817/chnicon/chn_15.png,http://pic5.ptqy.gitv.tv/common/tv/20160817/chnicon/chn_13.png,http://pic4.ptqy.gitv.tv/common/tv/20160817/chnicon/chn_12.png,http://pic4.ptqy.gitv.tv/common/tv/20160817/chnicon/chn_10004.png,http://pic1.ptqy.gitv.tv/common/tv/20160817/chnicon/chn_10003.png,http://pic0.ptqy.gitv.tv/common/tv/20160817/chnicon/chn_10002.png,http://pic5.ptqy.gitv.tv/common/tv/20160817/chnicon/chn_100005.png,http://pic0.ptqy.gitv.tv/common/tv/20160817/chnicon/chn_1000004.png,http://pic8.ptqy.gitv.tv/common/tv/20160817/chnicon/chn_1000002.png,http://pic3.ptqy.gitv.tv/common/tv/20160817/chnicon/chn_10.png,http://pic7.ptqy.gitv.tv/common/tv/20160817/chnicon/chn_1.png"},"name":"白天模式"}]}
10-31 18:42:25.925 D/home/DataRequestTaskExecutors( 2645): [TID 3209] execute task action onFinished task count reserved = 0
10-31 18:42:25.925 D/DataRequestRouter( 2645): [TID 3209] pre task id : -1,next task id : -1
10-31 18:42:25.944 I/XulMessageCenter( 3155): Auto cleanup finished
10-31 18:42:26.239 W/ContextImpl( 2385): Calling a method in the system process without a qualified user: android.app.ContextImpl.sendBroadcast:1345 android.content.ContextWrapper.sendBroadcast:377 com.suma.midware.back.esg.e.f:-1 com.suma.midware.back.esg.f.run:-1 com.suma.midware.prop.util.c.run:-1 
10-31 18:42:26.391 D/BackBootDealerNeimeng( 2385): standbyState:
10-31 18:42:26.392 E/NetUtils( 2017): Interface eth0 LinkDown!
10-31 18:42:26.746 E/hcdn_upload( 2875): HCDN_LOG: [2017/10/31-18:42:26:746]:Update uload speed 1 kbps ,real:0 kbps,qsize:0,maxsize:12,timeout_speed:0 kbps 
10-31 18:42:26.892 D/BackBootDealerNeimeng( 2385): standbyState:
10-31 18:42:26.893 E/NetUtils( 2017): Interface eth0 LinkDown!
10-31 18:42:26.929 D/BasicFigure( 2495): [TN_GLThread 73]isDrawFocused relyElement=[BaseElement@3d27edaa]focusScale[1.15]elementAlpha[-1.0]refectAlpha[-1.0]isFocusAble[true]shadowIndex[-1]autoJumpType[-1]uniqueID[54resSize0]rect[NULL]
10-31 18:42:26.929 D/BasicFigure( 2495): [TN_GLThread 73]isDrawFocused basicFigure=com.suma.midware.view.b.c.c@2fe62d9b
10-31 18:42:27.196 I/SystemTimeManager( 3155): doSynchronizedTime reset synProtection=0
10-31 18:42:27.204 I/Api     ( 3155): srcApiName:N2_A_3, 转换后的url=
10-31 18:42:27.204 I/Api     ( 3155): /SyncTime?OutputType=json&Mac=A8-F4-70-1C-47-8D&MacId=A8-F4-70-1C-47-8D&Version=5.5.118.200.2.DBEI.0.0_Release&UserId=mgtvmacA8F4701C478D&UserAgent=nn_player%2Fstd%2F1.0.0&_support=10000000
10-31 18:42:27.204 I/SCHttpApiEngine( 3155): runTask taskId:3, Name:N2_A_3,forceUpdate:false , url:/SyncTime?OutputType=json&Mac=A8-F4-70-1C-47-8D&MacId=A8-F4-70-1C-47-8D&Version=5.5.118.200.2.DBEI.0.0_Release&UserId=mgtvmacA8F4701C478D&UserAgent=nn_player%2Fstd%2F1.0.0&_support=10000000
10-31 18:42:27.204 I/SCHttpApiEngine( 3155): runTask engine cache not use taskId:3 taskName:N2_A_3 CacheLife:0s
10-31 18:42:27.204 I/Starcor ( 3155): Req url    (N2_A_3):/SyncTime?OutputType=json&Mac=A8-F4-70-1C-47-8D&MacId=A8-F4-70-1C-47-8D&Version=5.5.118.200.2.DBEI.0.0_Release&UserId=mgtvmacA8F4701C478D&UserAgent=nn_player%2Fstd%2F1.0.0&_support=10000000
10-31 18:42:27.204 I/Starcor ( 3155): httpDns url(N2_A_3):/SyncTime?OutputType=json&Mac=A8-F4-70-1C-47-8D&MacId=A8-F4-70-1C-47-8D&Version=5.5.118.200.2.DBEI.0.0_Release&UserId=mgtvmacA8F4701C478D&UserAgent=nn_player%2Fstd%2F1.0.0&_support=10000000
10-31 18:42:27.205 W/System.err( 3155): java.net.MalformedURLException: Protocol not found: /SyncTime?OutputType=json&Mac=A8-F4-70-1C-47-8D&MacId=A8-F4-70-1C-47-8D&Version=5.5.118.200.2.DBEI.0.0_Release&UserId=mgtvmacA8F4701C478D&UserAgent=nn_player%2Fstd%2F1.0.0&_support=10000000
10-31 18:42:27.205 W/System.err( 3155): 	at java.net.URL.<init>(URL.java:176)
10-31 18:42:27.205 W/System.err( 3155): 	at java.net.URL.<init>(URL.java:125)
10-31 18:42:27.205 W/System.err( 3155): 	at com.starcor.core.utils.HttpUtil.tryGetIp(HttpUtil.java:79)
10-31 18:42:27.205 W/System.err( 3155): 	at com.starcor.httpapi.core.SCHttpTools.doRequest(SCHttpTools.java:124)
10-31 18:42:27.205 W/System.err( 3155): 	at com.starcor.httpapi.core.SCHttpApiEngine$ApiRunnable.runTask(SCHttpApiEngine.java:507)
10-31 18:42:27.205 W/System.err( 3155): 	at com.starcor.httpapi.core.SCHttpApiEngine$ApiRunnable.run(SCHttpApiEngine.java:442)
10-31 18:42:27.205 W/System.err( 3155): 	at java.lang.Thread.run(Thread.java:818)
10-31 18:42:27.206 W/System.err( 3155): java.lang.IllegalStateException: Target host must not be null, or set in parameters. scheme=null, host=null, path=/SyncTime
10-31 18:42:27.206 W/System.err( 3155): 	at org.apache.http.impl.client.DefaultRequestDirector.determineRoute(DefaultRequestDirector.java:596)
10-31 18:42:27.206 W/System.err( 3155): 	at org.apache.http.impl.client.DefaultRequestDirector.execute(DefaultRequestDirector.java:298)
10-31 18:42:27.206 W/System.err( 3155): 	at org.apache.http.impl.client.AbstractHttpClient.execute(AbstractHttpClient.java:560)
10-31 18:42:27.206 W/System.err( 3155): 	at org.apache.http.impl.client.AbstractHttpClient.execute(AbstractHttpClient.java:492)
10-31 18:42:27.206 W/System.err( 3155): 	at org.apache.http.impl.client.AbstractHttpClient.execute(AbstractHttpClient.java:470)
10-31 18:42:27.206 W/System.err( 3155): 	at com.starcor.httpapi.core.SCHttpTools.doRequest(SCHttpTools.java:197)
10-31 18:42:27.206 W/System.err( 3155): 	at com.starcor.httpapi.core.SCHttpApiEngine$ApiRunnable.runTask(SCHttpApiEngine.java:507)
10-31 18:42:27.206 W/System.err( 3155): 	at com.starcor.httpapi.core.SCHttpApiEngine$ApiRunnable.run(SCHttpApiEngine.java:442)
10-31 18:42:27.206 W/System.err( 3155): 	at java.lang.Thread.run(Thread.java:818)
10-31 18:42:27.207 I/Starcor ( 3155): Req url    (N2_A_3):/SyncTime?OutputType=json&Mac=A8-F4-70-1C-47-8D&MacId=A8-F4-70-1C-47-8D&Version=5.5.118.200.2.DBEI.0.0_Release&UserId=mgtvmacA8F4701C478D&UserAgent=nn_player%2Fstd%2F1.0.0&_support=10000000
10-31 18:42:27.207 I/Starcor ( 3155): httpDns url(N2_A_3):/SyncTime?OutputType=json&Mac=A8-F4-70-1C-47-8D&MacId=A8-F4-70-1C-47-8D&Version=5.5.118.200.2.DBEI.0.0_Release&UserId=mgtvmacA8F4701C478D&UserAgent=nn_player%2Fstd%2F1.0.0&_support=10000000
10-31 18:42:27.207 W/System.err( 3155): java.net.MalformedURLException: Protocol not found: /SyncTime?OutputType=json&Mac=A8-F4-70-1C-47-8D&MacId=A8-F4-70-1C-47-8D&Version=5.5.118.200.2.DBEI.0.0_Release&UserId=mgtvmacA8F4701C478D&UserAgent=nn_player%2Fstd%2F1.0.0&_support=10000000
10-31 18:42:27.208 W/System.err( 3155): 	at java.net.URL.<init>(URL.java:176)
10-31 18:42:27.208 W/System.err( 3155): 	at java.net.URL.<init>(URL.java:125)
10-31 18:42:27.208 W/System.err( 3155): 	at com.starcor.core.utils.HttpUtil.tryGetIp(HttpUtil.java:79)
10-31 18:42:27.208 W/System.err( 3155): 	at com.starcor.httpapi.core.SCHttpTools.doRequest(SCHttpTools.java:124)
10-31 18:42:27.208 W/System.err( 3155): 	at com.starcor.httpapi.core.SCHttpApiEngine$ApiRunnable.runTask(SCHttpApiEngine.java:507)
10-31 18:42:27.208 W/System.err( 3155): 	at com.starcor.httpapi.core.SCHttpApiEngine$ApiRunnable.run(SCHttpApiEngine.java:442)
10-31 18:42:27.208 W/System.err( 3155): 	at java.lang.Thread.run(Thread.java:818)
10-31 18:42:27.209 W/System.err( 3155): java.lang.IllegalStateException: Target host must not be null, or set in parameters. scheme=null, host=null, path=/SyncTime
10-31 18:42:27.209 W/System.err( 3155): 	at org.apache.http.impl.client.DefaultRequestDirector.determineRoute(DefaultRequestDirector.java:596)
10-31 18:42:27.209 W/System.err( 3155): 	at org.apache.http.impl.client.DefaultRequestDirector.execute(DefaultRequestDirector.java:298)
10-31 18:42:27.209 W/System.err( 3155): 	at org.apache.http.impl.client.AbstractHttpClient.execute(AbstractHttpClient.java:560)
10-31 18:42:27.209 W/System.err( 3155): 	at org.apache.http.impl.client.AbstractHttpClient.execute(AbstractHttpClient.java:492)
10-31 18:42:27.209 W/System.err( 3155): 	at org.apache.http.impl.client.AbstractHttpClient.execute(AbstractHttpClient.java:470)
10-31 18:42:27.209 W/System.err( 3155): 	at com.starcor.httpapi.core.SCHttpTools.doRequest(SCHttpTools.java:197)
10-31 18:42:27.209 W/System.err( 3155): 	at com.starcor.httpapi.core.SCHttpApiEngine$ApiRunnable.runTask(SCHttpApiEngine.java:507)
10-31 18:42:27.209 W/System.err( 3155): 	at com.starcor.httpapi.core.SCHttpApiEngine$ApiRunnable.run(SCHttpApiEngine.java:442)
10-31 18:42:27.209 W/System.err( 3155): 	at java.lang.Thread.run(Thread.java:818)
10-31 18:42:27.210 I/Starcor ( 3155): Req url    (N2_A_3):/SyncTime?OutputType=json&Mac=A8-F4-70-1C-47-8D&MacId=A8-F4-70-1C-47-8D&Version=5.5.118.200.2.DBEI.0.0_Release&UserId=mgtvmacA8F4701C478D&UserAgent=nn_player%2Fstd%2F1.0.0&_support=10000000
10-31 18:42:27.210 I/Starcor ( 3155): httpDns url(N2_A_3):/SyncTime?OutputType=json&Mac=A8-F4-70-1C-47-8D&MacId=A8-F4-70-1C-47-8D&Version=5.5.118.200.2.DBEI.0.0_Release&UserId=mgtvmacA8F4701C478D&UserAgent=nn_player%2Fstd%2F1.0.0&_support=10000000
10-31 18:42:27.210 W/System.err( 3155): java.net.MalformedURLException: Protocol not found: /SyncTime?OutputType=json&Mac=A8-F4-70-1C-47-8D&MacId=A8-F4-70-1C-47-8D&Version=5.5.118.200.2.DBEI.0.0_Release&UserId=mgtvmacA8F4701C478D&UserAgent=nn_player%2Fstd%2F1.0.0&_support=10000000
10-31 18:42:27.210 W/System.err( 3155): 	at java.net.URL.<init>(URL.java:176)
10-31 18:42:27.210 W/System.err( 3155): 	at java.net.URL.<init>(URL.java:125)
10-31 18:42:27.210 W/System.err( 3155): 	at com.starcor.core.utils.HttpUtil.tryGetIp(HttpUtil.java:79)
10-31 18:42:27.210 W/System.err( 3155): 	at com.starcor.httpapi.core.SCHttpTools.doRequest(SCHttpTools.java:124)
10-31 18:42:27.210 W/System.err( 3155): 	at com.starcor.httpapi.core.SCHttpApiEngine$ApiRunnable.runTask(SCHttpApiEngine.java:507)
10-31 18:42:27.210 W/System.err( 3155): 	at com.starcor.httpapi.core.SCHttpApiEngine$ApiRunnable.run(SCHttpApiEngine.java:442)
10-31 18:42:27.210 W/System.err( 3155): 	at java.lang.Thread.run(Thread.java:818)
10-31 18:42:27.212 W/System.err( 3155): java.lang.IllegalStateException: Target host must not be null, or set in parameters. scheme=null, host=null, path=/SyncTime
10-31 18:42:27.212 W/System.err( 3155): 	at org.apache.http.impl.client.DefaultRequestDirector.determineRoute(DefaultRequestDirector.java:596)
10-31 18:42:27.212 W/System.err( 3155): 	at org.apache.http.impl.client.DefaultRequestDirector.execute(DefaultRequestDirector.java:298)
10-31 18:42:27.212 W/System.err( 3155): 	at org.apache.http.impl.client.AbstractHttpClient.execute(AbstractHttpClient.java:560)
10-31 18:42:27.212 W/System.err( 3155): 	at org.apache.http.impl.client.AbstractHttpClient.execute(AbstractHttpClient.java:492)
10-31 18:42:27.212 W/System.err( 3155): 	at org.apache.http.impl.client.AbstractHttpClient.execute(AbstractHttpClient.java:470)
10-31 18:42:27.212 W/System.err( 3155): 	at com.starcor.httpapi.core.SCHttpTools.doRequest(SCHttpTools.java:197)
10-31 18:42:27.212 W/System.err( 3155): 	at com.starcor.httpapi.core.SCHttpApiEngine$ApiRunnable.runTask(SCHttpApiEngine.java:507)
10-31 18:42:27.212 W/System.err( 3155): 	at com.starcor.httpapi.core.SCHttpApiEngine$ApiRunnable.run(SCHttpApiEngine.java:442)
10-31 18:42:27.212 W/System.err( 3155): 	at java.lang.Thread.run(Thread.java:818)
10-31 18:42:27.213 I/Starcor ( 3155): Req url    (N2_A_3):/SyncTime?OutputType=json&Mac=A8-F4-70-1C-47-8D&MacId=A8-F4-70-1C-47-8D&Version=5.5.118.200.2.DBEI.0.0_Release&UserId=mgtvmacA8F4701C478D&UserAgent=nn_player%2Fstd%2F1.0.0&_support=10000000
10-31 18:42:27.213 I/Starcor ( 3155): httpDns url(N2_A_3):/SyncTime?OutputType=json&Mac=A8-F4-70-1C-47-8D&MacId=A8-F4-70-1C-47-8D&Version=5.5.118.200.2.DBEI.0.0_Release&UserId=mgtvmacA8F4701C478D&UserAgent=nn_player%2Fstd%2F1.0.0&_support=10000000
10-31 18:42:27.213 W/System.err( 3155): java.net.MalformedURLException: Protocol not found: /SyncTime?OutputType=json&Mac=A8-F4-70-1C-47-8D&MacId=A8-F4-70-1C-47-8D&Version=5.5.118.200.2.DBEI.0.0_Release&UserId=mgtvmacA8F4701C478D&UserAgent=nn_player%2Fstd%2F1.0.0&_support=10000000
10-31 18:42:27.213 W/System.err( 3155): 	at java.net.URL.<init>(URL.java:176)
10-31 18:42:27.213 W/System.err( 3155): 	at java.net.URL.<init>(URL.java:125)
10-31 18:42:27.213 W/System.err( 3155): 	at com.starcor.core.utils.HttpUtil.tryGetIp(HttpUtil.java:79)
10-31 18:42:27.213 W/System.err( 3155): 	at com.starcor.httpapi.core.SCHttpTools.doRequest(SCHttpTools.java:124)
10-31 18:42:27.213 W/System.err( 3155): 	at com.starcor.httpapi.core.SCHttpApiEngine$ApiRunnable.runTask(SCHttpApiEngine.java:507)
10-31 18:42:27.213 W/System.err( 3155): 	at com.starcor.httpapi.core.SCHttpApiEngine$ApiRunnable.run(SCHttpApiEngine.java:442)
10-31 18:42:27.213 W/System.err( 3155): 	at java.lang.Thread.run(Thread.java:818)
10-31 18:42:27.214 W/System.err( 3155): java.lang.IllegalStateException: Target host must not be null, or set in parameters. scheme=null, host=null, path=/SyncTime
10-31 18:42:27.214 W/System.err( 3155): 	at org.apache.http.impl.client.DefaultRequestDirector.determineRoute(DefaultRequestDirector.java:596)
10-31 18:42:27.214 W/System.err( 3155): 	at org.apache.http.impl.client.DefaultRequestDirector.execute(DefaultRequestDirector.java:298)
10-31 18:42:27.214 W/System.err( 3155): 	at org.apache.http.impl.client.AbstractHttpClient.execute(AbstractHttpClient.java:560)
10-31 18:42:27.214 W/System.err( 3155): 	at org.apache.http.impl.client.AbstractHttpClient.execute(AbstractHttpClient.java:492)
10-31 18:42:27.214 W/System.err( 3155): 	at org.apache.http.impl.client.AbstractHttpClient.execute(AbstractHttpClient.java:470)
10-31 18:42:27.214 W/System.err( 3155): 	at com.starcor.httpapi.core.SCHttpTools.doRequest(SCHttpTools.java:197)
10-31 18:42:27.214 W/System.err( 3155): 	at com.starcor.httpapi.core.SCHttpApiEngine$ApiRunnable.runTask(SCHttpApiEngine.java:507)
10-31 18:42:27.214 W/System.err( 3155): 	at com.starcor.httpapi.core.SCHttpApiEngine$ApiRunnable.run(SCHttpApiEngine.java:442)
10-31 18:42:27.214 W/System.err( 3155): 	at java.lang.Thread.run(Thread.java:818)
10-31 18:42:27.217 I/Api     ( 3155): srcApiName:N2_A_3, 转换后的url=
10-31 18:42:27.217 I/Api     ( 3155): /SyncTime?OutputType=json&Mac=A8-F4-70-1C-47-8D&MacId=A8-F4-70-1C-47-8D&Version=5.5.118.200.2.DBEI.0.0_Release&UserId=mgtvmacA8F4701C478D&UserAgent=nn_player%2Fstd%2F1.0.0&_support=10000000
10-31 18:42:27.217 I/SCHttpApiEngine( 3155): runTask complete taskId:3, taskName:N2_A_3, CacheLife:0s, coast time:15ms
10-31 18:42:27.217 W/SystemTimeManager( 3155): Time synchronization fails,reslut code:0
10-31 18:42:27.217 I/SystemTimeManager( 3155): handleMessage reset synProtection=0
10-31 18:42:27.241 W/ContextImpl( 2385): Calling a method in the system process without a qualified user: android.app.ContextImpl.sendBroadcast:1345 android.content.ContextWrapper.sendBroadcast:377 com.suma.midware.back.esg.e.f:-1 com.suma.midware.back.esg.f.run:-1 com.suma.midware.prop.util.c.run:-1 
10-31 18:42:27.383 E/storage_operate( 2875): HCDN_LOG: [2017/10/31-18:42:27:382]:[func:GetTaskCount],[line:827],[oper:get task count],[state:0],[count:0]
10-31 18:42:27.383 E/storage_operate( 2875): HCDN_LOG: [2017/10/31-18:42:27:383]:[func:GetTaskCount],[line:827],[oper:get task count],[state:0],[count:0]
10-31 18:42:27.383 E/storage_operate( 2875): HCDN_LOG: [2017/10/31-18:42:27:383]:[func:GetTaskCount],[line:827],[oper:get task count],[state:1],[count:0]
10-31 18:42:27.393 D/BackBootDealerNeimeng( 2385): standbyState:
10-31 18:42:27.394 E/NetUtils( 2017): Interface eth0 LinkDown!
10-31 18:42:27.447 E/storage_operate( 2645): HCDN_LOG: [2017/10/31-18:42:27:447]:[func:GetTaskCount],[line:827],[oper:get task count],[state:0],[count:0]
10-31 18:42:27.447 E/storage_operate( 2645): HCDN_LOG: [2017/10/31-18:42:27:447]:[func:GetTaskCount],[line:827],[oper:get task count],[state:0],[count:0]
10-31 18:42:27.447 E/storage_operate( 2645): HCDN_LOG: [2017/10/31-18:42:27:447]:[func:GetTaskCount],[line:827],[oper:get task count],[state:1],[count:0]
10-31 18:42:27.747 E/hcdn_upload( 2875): HCDN_LOG: [2017/10/31-18:42:27:747]:Update uload speed 1 kbps ,real:0 kbps,qsize:0,maxsize:12,timeout_speed:0 kbps 
10-31 18:42:27.895 D/BackBootDealerNeimeng( 2385): standbyState:
10-31 18:42:27.896 E/NetUtils( 2017): Interface eth0 LinkDown!
10-31 18:42:27.950 D/BasicFigure( 2495): [TN_GLThread 73]isDrawFocused relyElement=[BaseElement@3d27edaa]focusScale[1.15]elementAlpha[-1.0]refectAlpha[-1.0]isFocusAble[true]shadowIndex[-1]autoJumpType[-1]uniqueID[54resSize0]rect[NULL]
10-31 18:42:27.950 D/BasicFigure( 2495): [TN_GLThread 73]isDrawFocused basicFigure=com.suma.midware.view.b.c.c@2fe62d9b
10-31 18:42:28.396 D/BackBootDealerNeimeng( 2385): standbyState:
10-31 18:42:28.397 E/NetUtils( 2017): Interface eth0 LinkDown!
10-31 18:42:28.747 E/hcdn_upload( 2875): HCDN_LOG: [2017/10/31-18:42:28:747]:Update uload speed 1 kbps ,real:0 kbps,qsize:0,maxsize:12,timeout_speed:0 kbps 
10-31 18:42:28.897 D/BackBootDealerNeimeng( 2385): standbyState:
10-31 18:42:28.898 E/NetUtils( 2017): Interface eth0 LinkDown!
10-31 18:42:28.984 D/BasicFigure( 2495): [TN_GLThread 73]isDrawFocused relyElement=[BaseElement@3d27edaa]focusScale[1.15]elementAlpha[-1.0]refectAlpha[-1.0]isFocusAble[true]shadowIndex[-1]autoJumpType[-1]uniqueID[54resSize0]rect[NULL]
10-31 18:42:28.984 D/BasicFigure( 2495): [TN_GLThread 73]isDrawFocused basicFigure=com.suma.midware.view.b.c.c@2fe62d9b
10-31 18:42:29.399 D/BackBootDealerNeimeng( 2385): standbyState:
10-31 18:42:29.399 E/NetUtils( 2017): Interface eth0 LinkDown!
10-31 18:42:29.748 E/hcdn_upload( 2875): HCDN_LOG: [2017/10/31-18:42:29:748]:Update uload speed 1 kbps ,real:0 kbps,qsize:0,maxsize:12,timeout_speed:0 kbps 
10-31 18:42:29.900 D/BackBootDealerNeimeng( 2385): standbyState:
10-31 18:42:29.901 E/NetUtils( 2017): Interface eth0 LinkDown!
10-31 18:42:30.019 D/BasicFigure( 2495): [TN_GLThread 73]isDrawFocused relyElement=[BaseElement@3d27edaa]focusScale[1.15]elementAlpha[-1.0]refectAlpha[-1.0]isFocusAble[true]shadowIndex[-1]autoJumpType[-1]uniqueID[54resSize0]rect[NULL]
10-31 18:42:30.019 D/BasicFigure( 2495): [TN_GLThread 73]isDrawFocused basicFigure=com.suma.midware.view.b.c.c@2fe62d9b
10-31 18:42:30.383 E/storage_operate( 2875): HCDN_LOG: [2017/10/31-18:42:30:383]:[func:GetTaskCount],[line:827],[oper:get task count],[state:0],[count:0]
10-31 18:42:30.383 E/storage_operate( 2875): HCDN_LOG: [2017/10/31-18:42:30:383]:[func:GetTaskCount],[line:827],[oper:get task count],[state:0],[count:0]
10-31 18:42:30.383 E/storage_operate( 2875): HCDN_LOG: [2017/10/31-18:42:30:383]:[func:GetTaskCount],[line:827],[oper:get task count],[state:1],[count:0]
10-31 18:42:30.401 D/BackBootDealerNeimeng( 2385): standbyState:
10-31 18:42:30.402 E/NetUtils( 2017): Interface eth0 LinkDown!
10-31 18:42:30.447 E/storage_operate( 2645): HCDN_LOG: [2017/10/31-18:42:30:447]:[func:GetTaskCount],[line:827],[oper:get task count],[state:0],[count:0]
10-31 18:42:30.447 E/storage_operate( 2645): HCDN_LOG: [2017/10/31-18:42:30:447]:[func:GetTaskCount],[line:827],[oper:get task count],[state:0],[count:0]
10-31 18:42:30.447 E/storage_operate( 2645): HCDN_LOG: [2017/10/31-18:42:30:447]:[func:GetTaskCount],[line:827],[oper:get task count],[state:1],[count:0]
10-31 18:42:30.748 E/hcdn_upload( 2875): HCDN_LOG: [2017/10/31-18:42:30:748]:Update uload speed 1 kbps ,real:0 kbps,qsize:0,maxsize:12,timeout_speed:0 kbps 
10-31 18:42:30.902 D/BackBootDealerNeimeng( 2385): standbyState:
10-31 18:42:30.903 E/NetUtils( 2017): Interface eth0 LinkDown!
10-31 18:42:31.053 D/BasicFigure( 2495): [TN_GLThread 73]isDrawFocused relyElement=[BaseElement@3d27edaa]focusScale[1.15]elementAlpha[-1.0]refectAlpha[-1.0]isFocusAble[true]shadowIndex[-1]autoJumpType[-1]uniqueID[54resSize0]rect[NULL]
10-31 18:42:31.053 D/BasicFigure( 2495): [TN_GLThread 73]isDrawFocused basicFigure=com.suma.midware.view.b.c.c@2fe62d9b
10-31 18:42:31.403 D/BackBootDealerNeimeng( 2385): standbyState:
10-31 18:42:31.404 E/NetUtils( 2017): Interface eth0 LinkDown!
10-31 18:42:31.749 E/hcdn_upload( 2875): HCDN_LOG: [2017/10/31-18:42:31:749]:Update uload speed 1 kbps ,real:0 kbps,qsize:0,maxsize:12,timeout_speed:0 kbps 
10-31 18:42:31.905 D/BackBootDealerNeimeng( 2385): standbyState:
10-31 18:42:31.906 E/NetUtils( 2017): Interface eth0 LinkDown!
