10-31 16:01:09.474 E/hcdn_upload( 2899): HCDN_LOG: [2017/10/31-16:01:09:474]:Update uload speed 1 kbps ,real:0 kbps,qsize:0,maxsize:12,timeout_speed:0 kbps 
10-31 16:01:09.588 D/BackBootDealerNeimeng( 2391): standbyState:
10-31 16:01:09.589 E/NetUtils( 2019): Interface eth0 LinkDown!
10-31 16:01:10.032 E/storage_operate( 2899): HCDN_LOG: [2017/10/31-16:01:10:032]:[func:GetTaskCount],[line:827],[oper:get task count],[state:0],[count:0]
10-31 16:01:10.033 E/storage_operate( 2899): HCDN_LOG: [2017/10/31-16:01:10:033]:[func:GetTaskCount],[line:827],[oper:get task count],[state:0],[count:0]
10-31 16:01:10.033 E/storage_operate( 2899): HCDN_LOG: [2017/10/31-16:01:10:033]:[func:GetTaskCount],[line:827],[oper:get task count],[state:1],[count:0]
10-31 16:01:10.089 D/BackBootDealerNeimeng( 2391): standbyState:
10-31 16:01:10.090 E/NetUtils( 2019): Interface eth0 LinkDown!
10-31 16:01:10.104 E/storage_operate( 2648): HCDN_LOG: [2017/10/31-16:01:10:104]:[func:GetTaskCount],[line:827],[oper:get task count],[state:0],[count:0]
10-31 16:01:10.105 E/storage_operate( 2648): HCDN_LOG: [2017/10/31-16:01:10:105]:[func:GetTaskCount],[line:827],[oper:get task count],[state:0],[count:0]
10-31 16:01:10.105 E/storage_operate( 2648): HCDN_LOG: [2017/10/31-16:01:10:105]:[func:GetTaskCount],[line:827],[oper:get task count],[state:1],[count:0]
10-31 16:01:10.475 E/hcdn_upload( 2899): HCDN_LOG: [2017/10/31-16:01:10:475]:Update uload speed 1 kbps ,real:0 kbps,qsize:0,maxsize:12,timeout_speed:0 kbps 
10-31 16:01:10.591 D/BackBootDealerNeimeng( 2391): standbyState:
10-31 16:01:10.592 E/NetUtils( 2019): Interface eth0 LinkDown!
10-31 16:01:11.092 D/BackBootDealerNeimeng( 2391): standbyState:
10-31 16:01:11.093 E/NetUtils( 2019): Interface eth0 LinkDown!
10-31 16:01:11.475 E/hcdn_upload( 2899): HCDN_LOG: [2017/10/31-16:01:11:475]:Update uload speed 1 kbps ,real:0 kbps,qsize:0,maxsize:12,timeout_speed:0 kbps 
10-31 16:01:11.594 D/BackBootDealerNeimeng( 2391): standbyState:
10-31 16:01:11.595 E/NetUtils( 2019): Interface eth0 LinkDown!
10-31 16:01:12.095 D/BackBootDealerNeimeng( 2391): standbyState:
10-31 16:01:12.096 E/NetUtils( 2019): Interface eth0 LinkDown!
10-31 16:01:12.476 E/hcdn_upload( 2899): HCDN_LOG: [2017/10/31-16:01:12:476]:Update uload speed 1 kbps ,real:0 kbps,qsize:0,maxsize:12,timeout_speed:0 kbps 
10-31 16:01:12.596 D/BackBootDealerNeimeng( 2391): standbyState:
10-31 16:01:12.598 E/NetUtils( 2019): Interface eth0 LinkDown!
10-31 16:01:13.033 E/storage_operate( 2899): HCDN_LOG: [2017/10/31-16:01:13:033]:[func:GetTaskCount],[line:827],[oper:get task count],[state:0],[count:0]
10-31 16:01:13.033 E/storage_operate( 2899): HCDN_LOG: [2017/10/31-16:01:13:033]:[func:GetTaskCount],[line:827],[oper:get task count],[state:0],[count:0]
10-31 16:01:13.033 E/storage_operate( 2899): HCDN_LOG: [2017/10/31-16:01:13:033]:[func:GetTaskCount],[line:827],[oper:get task count],[state:1],[count:0]
10-31 16:01:13.098 D/BackBootDealerNeimeng( 2391): standbyState:
10-31 16:01:13.099 E/NetUtils( 2019): Interface eth0 LinkDown!
10-31 16:01:13.105 E/storage_operate( 2648): HCDN_LOG: [2017/10/31-16:01:13:105]:[func:GetTaskCount],[line:827],[oper:get task count],[state:0],[count:0]
10-31 16:01:13.105 E/storage_operate( 2648): HCDN_LOG: [2017/10/31-16:01:13:105]:[func:GetTaskCount],[line:827],[oper:get task count],[state:0],[count:0]
10-31 16:01:13.105 E/storage_operate( 2648): HCDN_LOG: [2017/10/31-16:01:13:105]:[func:GetTaskCount],[line:827],[oper:get task count],[state:1],[count:0]
10-31 16:01:13.477 E/hcdn_upload( 2899): HCDN_LOG: [2017/10/31-16:01:13:477]:Update uload speed 1 kbps ,real:0 kbps,qsize:0,maxsize:12,timeout_speed:0 kbps 
10-31 16:01:13.599 D/BackBootDealerNeimeng( 2391): standbyState:
10-31 16:01:13.600 E/NetUtils( 2019): Interface eth0 LinkDown!
10-31 16:01:14.100 D/BackBootDealerNeimeng( 2391): standbyState:
10-31 16:01:14.101 E/NetUtils( 2019): Interface eth0 LinkDown!
10-31 16:01:14.477 E/hcdn_upload( 2899): HCDN_LOG: [2017/10/31-16:01:14:477]:Update uload speed 1 kbps ,real:0 kbps,qsize:0,maxsize:12,timeout_speed:0 kbps 
10-31 16:01:14.602 D/BackBootDealerNeimeng( 2391): standbyState:
10-31 16:01:14.602 E/NetUtils( 2019): Interface eth0 LinkDown!
10-31 16:01:14.865 D/Advertiser( 2433): End of sleep at time:1509436874865
10-31 16:01:14.865 D/Advertiser( 2433): Begin announce....with thread:org.cybergarage.d.b.a@2f3daa9e
10-31 16:01:14.865 D/TimerUtil( 2433): waitRandom time=300,waitTime=115
10-31 16:01:14.866 D/Device  ( 2433): announce deviceDataBindAddress null
10-31 16:01:14.870 D/Device  ( 2433): announce 0 bindAddress=192.168.1.102
10-31 16:01:14.871 D/HTTPMUSocket( 2433): open addr=239.255.255.250,port=1900,bindAddr=192.168.1.102
10-31 16:01:14.875 D/HTTPMUSocket( 2433): send msg:NOTIFY * HTTP/1.1
10-31 16:01:14.875 D/HTTPMUSocket( 2433): Server: Linux/3.18.24_hi3798mv2x UPnP/1.0 CyberLinkJava/1.8
10-31 16:01:14.875 D/HTTPMUSocket( 2433): Cache-Control: max-age=1800
10-31 16:01:14.875 D/HTTPMUSocket( 2433): Location: http://192.168.1.102:38520/description.xml
10-31 16:01:14.875 D/HTTPMUSocket( 2433): NTS: ssdp:alive
10-31 16:01:14.875 D/HTTPMUSocket( 2433): NT: upnp:rootdevice
10-31 16:01:14.875 D/HTTPMUSocket( 2433): USN: uuid:bedb84c3-dcc5-4b75-8e79-308771ab5a9f::upnp:rootdevice
10-31 16:01:14.875 D/HTTPMUSocket( 2433): HOST: 239.255.255.250:1900
10-31 16:01:14.875 D/HTTPMUSocket( 2433): 
10-31 16:01:14.875 D/HTTPMUSocket( 2433): bindAddr:null and port:-1
10-31 16:01:14.875 D/HTTPMUSocket( 2433): /192.168.1.102
10-31 16:01:14.878 D/HTTPMUSocket( 2433): send msg:NOTIFY * HTTP/1.1
10-31 16:01:14.878 D/HTTPMUSocket( 2433): Server: Linux/3.18.24_hi3798mv2x UPnP/1.0 CyberLinkJava/1.8
10-31 16:01:14.878 D/HTTPMUSocket( 2433): Cache-Control: max-age=1800
10-31 16:01:14.878 D/HTTPMUSocket( 2433): Location: http://192.168.1.102:38520/description.xml
10-31 16:01:14.878 D/HTTPMUSocket( 2433): NTS: ssdp:alive
10-31 16:01:14.878 D/HTTPMUSocket( 2433): NT: uuid:bedb84c3-dcc5-4b75-8e79-308771ab5a9f
10-31 16:01:14.878 D/HTTPMUSocket( 2433): USN: uuid:bedb84c3-dcc5-4b75-8e79-308771ab5a9f
10-31 16:01:14.878 D/HTTPMUSocket( 2433): HOST: 239.255.255.250:1900
10-31 16:01:14.878 D/HTTPMUSocket( 2433): 
10-31 16:01:14.878 D/HTTPMUSocket( 2433): bindAddr:null and port:-1
10-31 16:01:14.878 D/HTTPMUSocket( 2433): /192.168.1.102
10-31 16:01:14.879 D/HTTPMUSocket( 2433): send msg:NOTIFY * HTTP/1.1
10-31 16:01:14.879 D/HTTPMUSocket( 2433): Server: Linux/3.18.24_hi3798mv2x UPnP/1.0 CyberLinkJava/1.8
10-31 16:01:14.879 D/HTTPMUSocket( 2433): Cache-Control: max-age=1800
10-31 16:01:14.879 D/HTTPMUSocket( 2433): Location: http://192.168.1.102:38520/description.xml
10-31 16:01:14.879 D/HTTPMUSocket( 2433): NTS: ssdp:alive
10-31 16:01:14.879 D/HTTPMUSocket( 2433): NT: urn:schemas-upnp-org:device:MediaServer:1
10-31 16:01:14.879 D/HTTPMUSocket( 2433): USN: uuid:bedb84c3-dcc5-4b75-8e79-308771ab5a9f::urn:schemas-upnp-org:device:MediaServer:1
10-31 16:01:14.879 D/HTTPMUSocket( 2433): HOST: 239.255.255.250:1900
10-31 16:01:14.879 D/HTTPMUSocket( 2433): 
10-31 16:01:14.879 D/HTTPMUSocket( 2433): bindAddr:null and port:-1
10-31 16:01:14.880 D/HTTPMUSocket( 2433): /192.168.1.102
10-31 16:01:14.881 D/Device  ( 2433): announce bindAddr=192.168.1.102,devLocation=http://192.168.1.102:38520/description.xml,location=http://192.168.1.102:38520/description.xml
10-31 16:01:14.881 D/Device  ( 2433): announce bindAddr=192.168.1.102,serviceDesUrl=
10-31 16:01:14.882 D/HTTPMUSocket( 2433): open addr=239.255.255.250,port=1900,bindAddr=192.168.1.102
10-31 16:01:14.886 D/TimerUtil( 2433): waitRandom time=300,waitTime=138
10-31 16:01:14.887 D/HTTPMUSocket( 2433): send msg:NOTIFY * HTTP/1.1
10-31 16:01:14.887 D/HTTPMUSocket( 2433): Server: Linux/3.18.24_hi3798mv2x UPnP/1.0 CyberLinkJava/1.8
10-31 16:01:14.887 D/HTTPMUSocket( 2433): Cache-Control: max-age=1800
10-31 16:01:14.887 D/HTTPMUSocket( 2433): Location: http://192.168.1.102:38520/description.xml
10-31 16:01:14.887 D/HTTPMUSocket( 2433): NTS: ssdp:alive
10-31 16:01:14.887 D/HTTPMUSocket( 2433): NT: urn:schemas-upnp-org:service:ContentDirectory:1
10-31 16:01:14.887 D/HTTPMUSocket( 2433): USN: uuid:bedb84c3-dcc5-4b75-8e79-308771ab5a9f::urn:schemas-upnp-org:service:ContentDirectory:1
10-31 16:01:14.887 D/HTTPMUSocket( 2433): HOST: 239.255.255.250:1900
10-31 16:01:14.887 D/HTTPMUSocket( 2433): 
10-31 16:01:14.887 D/HTTPMUSocket( 2433): bindAddr:null and port:-1
10-31 16:01:14.887 D/HTTPMUSocket( 2433): /192.168.1.102
10-31 16:01:14.888 D/Device  ( 2433): announce bindAddr=192.168.1.102,serviceDesUrl=
10-31 16:01:14.889 D/HTTPMUSocket( 2433): open addr=239.255.255.250,port=1900,bindAddr=192.168.1.102
10-31 16:01:14.893 D/TimerUtil( 2433): waitRandom time=300,waitTime=62
10-31 16:01:14.893 D/HTTPMUSocket( 2433): send msg:NOTIFY * HTTP/1.1
10-31 16:01:14.893 D/HTTPMUSocket( 2433): Server: Linux/3.18.24_hi3798mv2x UPnP/1.0 CyberLinkJava/1.8
10-31 16:01:14.893 D/HTTPMUSocket( 2433): Cache-Control: max-age=1800
10-31 16:01:14.893 D/HTTPMUSocket( 2433): Location: http://192.168.1.102:38520/description.xml
10-31 16:01:14.893 D/HTTPMUSocket( 2433): NTS: ssdp:alive
10-31 16:01:14.893 D/HTTPMUSocket( 2433): NT: urn:schemas-upnp-org:service:ConnectionManager:1
10-31 16:01:14.893 D/HTTPMUSocket( 2433): USN: uuid:bedb84c3-dcc5-4b75-8e79-308771ab5a9f::urn:schemas-upnp-org:service:ConnectionManager:1
10-31 16:01:14.893 D/HTTPMUSocket( 2433): HOST: 239.255.255.250:1900
10-31 16:01:14.893 D/HTTPMUSocket( 2433): 
10-31 16:01:14.894 D/HTTPMUSocket( 2433): bindAddr:null and port:-1
10-31 16:01:14.894 D/HTTPMUSocket( 2433): /192.168.1.102
10-31 16:01:14.895 D/Device  ( 2433): announce bindAddr=192.168.1.102,serviceDesUrl=
10-31 16:01:14.896 D/HTTPMUSocket( 2433): open addr=239.255.255.250,port=1900,bindAddr=192.168.1.102
10-31 16:01:14.900 D/TimerUtil( 2433): waitRandom time=300,waitTime=18
10-31 16:01:14.901 D/HTTPMUSocket( 2433): send msg:NOTIFY * HTTP/1.1
10-31 16:01:14.901 D/HTTPMUSocket( 2433): Server: Linux/3.18.24_hi3798mv2x UPnP/1.0 CyberLinkJava/1.8
10-31 16:01:14.901 D/HTTPMUSocket( 2433): Cache-Control: max-age=1800
10-31 16:01:14.901 D/HTTPMUSocket( 2433): Location: http://192.168.1.102:38520/description.xml
10-31 16:01:14.901 D/HTTPMUSocket( 2433): NTS: ssdp:alive
10-31 16:01:14.901 D/HTTPMUSocket( 2433): NT: urn:schemas-upnp-org:service:AVTransport:1
10-31 16:01:14.901 D/HTTPMUSocket( 2433): USN: uuid:bedb84c3-dcc5-4b75-8e79-308771ab5a9f::urn:schemas-upnp-org:service:AVTransport:1
10-31 16:01:14.901 D/HTTPMUSocket( 2433): HOST: 239.255.255.250:1900
10-31 16:01:14.901 D/HTTPMUSocket( 2433): 
10-31 16:01:14.901 D/HTTPMUSocket( 2433): bindAddr:null and port:-1
10-31 16:01:14.901 D/HTTPMUSocket( 2433): /192.168.1.102
10-31 16:01:14.902 D/Device  ( 2433): announce bindAddr=192.168.1.102,serviceDesUrl=
10-31 16:01:14.903 D/HTTPMUSocket( 2433): open addr=239.255.255.250,port=1900,bindAddr=192.168.1.102
10-31 16:01:14.907 D/TimerUtil( 2433): waitRandom time=300,waitTime=282
10-31 16:01:14.907 D/HTTPMUSocket( 2433): send msg:NOTIFY * HTTP/1.1
10-31 16:01:14.907 D/HTTPMUSocket( 2433): Server: Linux/3.18.24_hi3798mv2x UPnP/1.0 CyberLinkJava/1.8
10-31 16:01:14.907 D/HTTPMUSocket( 2433): Cache-Control: max-age=1800
10-31 16:01:14.907 D/HTTPMUSocket( 2433): Location: http://192.168.1.102:38520/description.xml
10-31 16:01:14.907 D/HTTPMUSocket( 2433): NTS: ssdp:alive
10-31 16:01:14.907 D/HTTPMUSocket( 2433): NT: urn:sumavision.com:service:X_SUMA_EVENT:1
10-31 16:01:14.907 D/HTTPMUSocket( 2433): USN: uuid:bedb84c3-dcc5-4b75-8e79-308771ab5a9f::urn:sumavision.com:service:X_SUMA_EVENT:1
10-31 16:01:14.907 D/HTTPMUSocket( 2433): HOST: 239.255.255.250:1900
10-31 16:01:14.907 D/HTTPMUSocket( 2433): 
10-31 16:01:14.908 D/HTTPMUSocket( 2433): bindAddr:null and port:-1
10-31 16:01:14.908 D/HTTPMUSocket( 2433): /192.168.1.102
10-31 16:01:14.909 D/Advertiser( 2433): Advertise12:55000 at time:1509436874909 with thread:org.cybergarage.d.b.a@2f3daa9e
10-31 16:01:15.103 D/BackBootDealerNeimeng( 2391): standbyState:
10-31 16:01:15.104 E/NetUtils( 2019): Interface eth0 LinkDown!
10-31 16:01:15.478 E/hcdn_upload( 2899): HCDN_LOG: [2017/10/31-16:01:15:478]:Update uload speed 1 kbps ,real:0 kbps,qsize:0,maxsize:12,timeout_speed:0 kbps 
10-31 16:01:15.604 D/BackBootDealerNeimeng( 2391): standbyState:
10-31 16:01:15.605 E/NetUtils( 2019): Interface eth0 LinkDown!
10-31 16:01:16.033 E/storage_operate( 2899): HCDN_LOG: [2017/10/31-16:01:16:033]:[func:GetTaskCount],[line:827],[oper:get task count],[state:0],[count:0]
10-31 16:01:16.033 E/storage_operate( 2899): HCDN_LOG: [2017/10/31-16:01:16:033]:[func:GetTaskCount],[line:827],[oper:get task count],[state:0],[count:0]
10-31 16:01:16.033 E/storage_operate( 2899): HCDN_LOG: [2017/10/31-16:01:16:033]:[func:GetTaskCount],[line:827],[oper:get task count],[state:1],[count:0]
10-31 16:01:16.105 E/storage_operate( 2648): HCDN_LOG: [2017/10/31-16:01:16:105]:[func:GetTaskCount],[line:827],[oper:get task count],[state:0],[count:0]
10-31 16:01:16.105 E/storage_operate( 2648): HCDN_LOG: [2017/10/31-16:01:16:105]:[func:GetTaskCount],[line:827],[oper:get task count],[state:0],[count:0]
10-31 16:01:16.105 E/storage_operate( 2648): HCDN_LOG: [2017/10/31-16:01:16:105]:[func:GetTaskCount],[line:827],[oper:get task count],[state:1],[count:0]
10-31 16:01:16.106 D/BackBootDealerNeimeng( 2391): standbyState:
10-31 16:01:16.106 E/NetUtils( 2019): Interface eth0 LinkDown!
10-31 16:01:16.478 E/hcdn_upload( 2899): HCDN_LOG: [2017/10/31-16:01:16:478]:Update uload speed 1 kbps ,real:0 kbps,qsize:0,maxsize:12,timeout_speed:0 kbps 
10-31 16:01:16.514 E/WifiStateMachine( 2019): WifiStateMachine CMD_START_SCAN source -2 txSuccessRate=11.06 rxSuccessRate=5.18 targetRoamBSSID=e4:f3:f5:aa:ad:88 RSSI=-41
10-31 16:01:16.514 E/WifiStateMachine( 2019): WifiStateMachine starting scan for "ipanel"WPA_PSK with 2467
10-31 16:01:16.607 D/BackBootDealerNeimeng( 2391): standbyState:
10-31 16:01:16.607 E/NetUtils( 2019): Interface eth0 LinkDown!
10-31 16:01:17.108 D/BackBootDealerNeimeng( 2391): standbyState:
10-31 16:01:17.109 E/NetUtils( 2019): Interface eth0 LinkDown!
10-31 16:01:17.248 I/EthernetNetworkFactory( 2019): updateInterfaceState :the mIface is:eth0iface is wlan0 true
10-31 16:01:17.268 E/WifiAutoJoinController ( 2019): GDWL 86:79:73:27:8c:19 rssi=-43 cap [WPA-PSK-CCMP][WPA2-PSK-CCMP][ESS] is not scored
10-31 16:01:17.268 E/WifiAutoJoinController ( 2019): GDWL 86:79:73:27:8c:0d rssi=-50 cap [WPA-PSK-CCMP][WPA2-PSK-CCMP][ESS] is not scored
10-31 16:01:17.268 E/WifiAutoJoinController ( 2019): GDWL 86:79:73:27:8c:11 rssi=-66 cap [WPA-PSK-CCMP][WPA2-PSK-CCMP][ESS] is not scored
10-31 16:01:17.269 E/WifiAutoJoinController ( 2019): TP-LINK_BAF2C2 0c:72:2c:ba:f2:c2 rssi=-66 cap [WPA-PSK-CCMP][WPA2-PSK-CCMP][WPS][ESS] is not scored
10-31 16:01:17.269 E/WifiAutoJoinController ( 2019): ipanel e4:f3:f5:aa:ad:88 rssi=-41 cap [WPA-PSK-CCMP][WPA2-PSK-CCMP][ESS] is not scored
10-31 16:01:17.270 E/WifiAutoJoinController ( 2019): Office_Net e4:f3:f5:a4:00:c0 rssi=-65 cap [WPA-PSK-CCMP][WPA2-PSK-CCMP][ESS] is not scored
10-31 16:01:17.270 E/WifiAutoJoinController ( 2019): GDWL 86:79:73:27:8c:1d rssi=-62 cap [WPA-PSK-CCMP][WPA2-PSK-CCMP][ESS] is not scored
10-31 16:01:17.271 E/WifiAutoJoinController ( 2019): WLGS 1c:fa:68:05:a3:5a rssi=-76 cap [WPA-PSK-CCMP][WPA2-PSK-CCMP][WPS][ESS] is not scored
10-31 16:01:17.271 E/WifiAutoJoinController ( 2019):  84:79:73:27:8c:0d rssi=-54 cap [WEP][ESS] is not scored
10-31 16:01:17.272 E/WifiAutoJoinController ( 2019):  84:79:73:27:8c:19 rssi=-39 cap [WEP][ESS] is not scored
10-31 16:01:17.272 E/WifiAutoJoinController ( 2019):  84:79:73:27:8c:11 rssi=-66 cap [WEP][ESS] is not scored
10-31 16:01:17.273 E/WifiAutoJoinController ( 2019):  84:79:73:27:8c:2f rssi=-72 cap [WEP][ESS] is not scored
10-31 16:01:17.274 E/WifiAutoJoinController ( 2019): MERCURY_EDE4 e4:f3:f5:6a:ed:e4 rssi=-64 cap [ESS] is not scored
10-31 16:01:17.274 E/WifiAutoJoinController ( 2019): TP-LINK_11AF56 9c:21:6a:11:af:56 rssi=-76 cap [WPA-PSK-CCMP][WPA2-PSK-CCMP][WPS][ESS] is not scored
10-31 16:01:17.275 E/WifiAutoJoinController ( 2019):  84:79:73:27:8c:1d rssi=-70 cap [WEP][ESS] is not scored
10-31 16:01:17.275 E/WifiAutoJoinController ( 2019): 4lou ec:26:ca:2e:87:1a rssi=-76 cap [WPA-PSK-CCMP][WPA2-PSK-CCMP][ESS] is not scored
10-31 16:01:17.276 E/WifiAutoJoinController ( 2019):  84:79:73:27:8c:27 rssi=-78 cap [WEP][ESS] is not scored
10-31 16:01:17.276 E/WifiAutoJoinController ( 2019): TOTOLINK_2feec4 f4:28:53:2f:ee:c4 rssi=-78 cap [WPA-PSK-CCMP+TKIP][WPA2-PSK-CCMP+TKIP][WPS][ESS] is not scored
10-31 16:01:17.277 E/WifiAutoJoinController ( 2019): zhangjia c8:3a:35:4a:ad:00 rssi=-80 cap [WPA-PSK-CCMP][WPA2-PSK-CCMP][ESS] is not scored
10-31 16:01:17.277 E/WifiAutoJoinController ( 2019): HUAWEI-VYGUV5 00:5a:13:61:fa:ac rssi=-80 cap [ESS] is not scored
10-31 16:01:17.278 E/WifiAutoJoinController ( 2019): GDWL 86:79:73:27:8c:2b rssi=-80 cap [WPA-PSK-CCMP][WPA2-PSK-CCMP][ESS] is not scored
10-31 16:01:17.278 E/WifiAutoJoinController ( 2019): CMCC 06:11:b5:17:bd:d5 rssi=-76 cap [WPA-EAP-CCMP+TKIP][WPA2-EAP-CCMP+TKIP][ESS] is not scored
10-31 16:01:17.279 E/WifiAutoJoinController ( 2019): CMCC-family 0a:11:b5:17:bd:d5 rssi=-76 cap [ESS] is not scored
10-31 16:01:17.279 E/WifiAutoJoinController ( 2019): GDWL 86:79:73:27:8c:13 rssi=-72 cap [WPA-PSK-CCMP][WPA2-PSK-CCMP][ESS] is not scored
10-31 16:01:17.280 E/WifiAutoJoinController ( 2019): 影视娱乐频道 24:69:68:79:91:8a rssi=-76 cap [WPA-PSK-CCMP][WPA2-PSK-CCMP][ESS] is not scored
10-31 16:01:17.280 E/WifiAutoJoinController ( 2019): Domywifi 14:3d:f2:79:4b:3c rssi=-76 cap [WPA2-PSK-CCMP+TKIP][ESS] is not scored
10-31 16:01:17.281 E/WifiAutoJoinController ( 2019):  1c:60:de:81:25:2c rssi=-80 cap [WPA-PSK-CCMP][WPA2-PSK-CCMP][ESS] is not scored
10-31 16:01:17.281 E/WifiAutoJoinController ( 2019): ageScanResultsOut delay 40000 size 27 now 1509436877281
10-31 16:01:17.281 E/WifiAutoJoinController ( 2019): newSupplicantResults size=27 known=8 true
10-31 16:01:17.283 E/WifiAutoJoinController ( 2019): attemptAutoJoin() status=bssid=e4:f3:f5:aa:ad:88
10-31 16:01:17.283 E/WifiAutoJoinController ( 2019): freq=2467
10-31 16:01:17.283 E/WifiAutoJoinController ( 2019): ssid=ipanel
10-31 16:01:17.283 E/WifiAutoJoinController ( 2019): id=8
10-31 16:01:17.283 E/WifiAutoJoinController ( 2019): mode=station
10-31 16:01:17.283 E/WifiAutoJoinController ( 2019): pairwise_cipher=CCMP
10-31 16:01:17.283 E/WifiAutoJoinController ( 2019): group_cipher=CCMP
10-31 16:01:17.283 E/WifiAutoJoinController ( 2019): key_mgmt=WPA2-PSK
10-31 16:01:17.283 E/WifiAutoJoinController ( 2019): wpa_state=COMPLETED
10-31 16:01:17.283 E/WifiAutoJoinController ( 2019): ip_address=192.168.1.102
10-31 16:01:17.283 E/WifiAutoJoinController ( 2019): p2p_device_address=4e:0f:c7:c3:27:4b
10-31 16:01:17.283 E/WifiAutoJoinController ( 2019): address=4c:0f:c7:c3:27:4b
10-31 16:01:17.283 E/WifiAutoJoinController ( 2019): uuid=4ed22322-d375-585e-aa05-5d2aae1a3dae split=13
10-31 16:01:17.283 E/WifiAutoJoinController ( 2019): attemptAutoJoin() num recent config 3 current="ipanel"WPA_PSK last="ipanel"WPA_PSK ---> suppNetId=8
10-31 16:01:17.283 E/WifiAutoJoinController ( 2019): attemptAutoJoin good candidate seen, bumped hard -> status=0 "ipanel"WPA_PSK rssi=(-41,-127) num=(1,0)
10-31 16:01:17.283 E/WifiAutoJoinController ( 2019): attemptAutoJoin skip current candidate  8 key "ipanel"WPA_PSK
10-31 16:01:17.283 E/WifiAutoJoinController ( 2019): attemptAutoJoin good candidate seen, bumped hard -> status=0 "GDWL"WPA_PSK rssi=(-43,-127) num=(9,0)
10-31 16:01:17.283 E/WifiAutoJoinController ( 2019): attemptAutoJoin trying id=3 "GDWL"WPA_PSK status=0
10-31 16:01:17.283 E/WifiAutoJoinController ( 2019): attemptAutoJoin do not unblacklist due to low visibility 0 key "HUAWEI-VYGUV5"NONE rssi=(-80,-127) num=(1,0)
10-31 16:01:17.283 E/WifiAutoJoinController ( 2019): attemptAutoJoin trying id=1 "HUAWEI-VYGUV5"NONE status=0 current candidate "GDWL"WPA_PSK
10-31 16:01:17.284 E/WifiAutoJoinController ( 2019): attemptAutoJoin will compare candidate  "GDWL"WPA_PSK with "HUAWEI-VYGUV5"NONE
10-31 16:01:17.284 E/WifiAutoJoinController ( 2019):     compareWifiConfigurationsRSSI: "GDWL"WPA_PSK rssi=-43,-127 boost=0 "HUAWEI-VYGUV5"NONE rssi=-80,-127 boost=0
10-31 16:01:17.284 E/WifiAutoJoinController ( 2019):         "GDWL"WPA_PSK is5=false score=-43 "HUAWEI-VYGUV5"NONE is5=false score=-80
10-31 16:01:17.284 E/WifiAutoJoinController ( 2019):     compareWifiConfigurationsRSSI "GDWL"WPA_PSK rssi=(-43,-127) num=(9,0) > "HUAWEI-VYGUV5"NONE rssi=(-80,-127) num=(1,0) -> -37
10-31 16:01:17.284 E/WifiAutoJoinController ( 2019): compareWifiConfigurations: "GDWL"WPA_PSK > "HUAWEI-VYGUV5"NONE order -37
10-31 16:01:17.284 E/WifiAutoJoinController ( 2019): compareNetwork will compare "GDWL"WPA_PSK with current "ipanel"WPA_PSK
10-31 16:01:17.284 E/WifiAutoJoinController ( 2019):     compareWifiConfigurationsRSSI: "ipanel"WPA_PSK rssi=-41,-127 boost=25 "GDWL"WPA_PSK rssi=-43,-127 boost=0
10-31 16:01:17.284 E/WifiAutoJoinController ( 2019):         "ipanel"WPA_PSK is5=false score=-16 "GDWL"WPA_PSK is5=false score=-43
10-31 16:01:17.284 E/WifiAutoJoinController ( 2019):     compareWifiConfigurationsRSSI "ipanel"WPA_PSK rssi=(-41,-127) num=(1,0) > "GDWL"WPA_PSK rssi=(-43,-127) num=(9,0) -> -27
10-31 16:01:17.284 E/WifiAutoJoinController ( 2019): compareWifiConfigurations: "ipanel"WPA_PSK > "GDWL"WPA_PSK order -27
10-31 16:01:17.284 E/WifiAutoJoinController ( 2019):      ...and prefers -100 "ipanel"WPA_PSK over "GDWL"WPA_PSK because it is the last selected -> -127
10-31 16:01:17.285 E/WifiAutoJoinController ( 2019): attemptAutoJoin networkSwitching candidate "GDWL"WPA_PSK with current "ipanel"WPA_PSK linked=false : delta=-127  -> not switching
10-31 16:01:17.285 E/WifiAutoJoinController ( 2019): attemptRoam: "ipanel"WPA_PSK Found e4:f3:f5:aa:ad:88 rssi=-41 freq=2467 Current: e4:f3:f5:aa:ad:88
10-31 16:01:17.285 E/WifiAutoJoinController ( 2019): Done attemptAutoJoin status=0
10-31 16:01:17.479 E/hcdn_upload( 2899): HCDN_LOG: [2017/10/31-16:01:17:479]:Update uload speed 1 kbps ,real:0 kbps,qsize:0,maxsize:12,timeout_speed:0 kbps 
10-31 16:01:17.609 D/BackBootDealerNeimeng( 2391): standbyState:
10-31 16:01:17.610 E/NetUtils( 2019): Interface eth0 LinkDown!
10-31 16:01:17.645 E/NetUtils( 2019): Interface eth0 LinkDown!
10-31 16:01:17.645 D/SetService( 2793): ispppoeOpen:true:reConnectCount:5
10-31 16:01:17.646 D/PppoeImplTvos( 2793): [TN_Thread-106]getPppoeState pppoeState=2
10-31 16:01:17.646 E/ClassUtil( 2793): [TN_Thread-106]getMethod getDatabaseInterfaceName java.lang.NoSuchMethodException
10-31 16:01:17.647 D/PppoeImplTvos( 2793): [TN_Thread-106]getPppoeConnectState ifaceName=ppp0,result=10
10-31 16:01:17.647 D/SetService( 2793): pppoeState:0:pppoeConnected:false:curActivity:com.suma.midware.setting.net.NetInfoActivity@220ad1a7
10-31 16:01:17.647 D/PppoeImplTvos( 2793): [TN_Thread-106]openPppoe timeout=10000
10-31 16:01:17.648 D/PppoeImplTvos( 2793): [TN_Thread-106]getPppoeState pppoeState=2
10-31 16:01:17.649 E/ClassUtil( 2793): [TN_Thread-106]getMethod getDatabaseInterfaceName java.lang.NoSuchMethodException
10-31 16:01:17.650 I/EthernetServiceImpl( 2019): setEthernetState from 1 to 1
10-31 16:01:18.111 D/BackBootDealerNeimeng( 2391): standbyState:
10-31 16:01:18.111 E/NetUtils( 2019): Interface eth0 LinkDown!
10-31 16:01:18.480 E/hcdn_upload( 2899): HCDN_LOG: [2017/10/31-16:01:18:480]:Update uload speed 1 kbps ,real:0 kbps,qsize:0,maxsize:12,timeout_speed:0 kbps 
10-31 16:01:18.612 D/BackBootDealerNeimeng( 2391): standbyState:
10-31 16:01:18.613 E/NetUtils( 2019): Interface eth0 LinkDown!
10-31 16:01:19.034 E/storage_operate( 2899): HCDN_LOG: [2017/10/31-16:01:19:034]:[func:GetTaskCount],[line:827],[oper:get task count],[state:0],[count:0]
10-31 16:01:19.034 E/storage_operate( 2899): HCDN_LOG: [2017/10/31-16:01:19:034]:[func:GetTaskCount],[line:827],[oper:get task count],[state:0],[count:0]
10-31 16:01:19.034 E/storage_operate( 2899): HCDN_LOG: [2017/10/31-16:01:19:034]:[func:GetTaskCount],[line:827],[oper:get task count],[state:1],[count:0]
10-31 16:01:19.105 E/storage_operate( 2648): HCDN_LOG: [2017/10/31-16:01:19:105]:[func:GetTaskCount],[line:827],[oper:get task count],[state:0],[count:0]
10-31 16:01:19.106 E/storage_operate( 2648): HCDN_LOG: [2017/10/31-16:01:19:105]:[func:GetTaskCount],[line:827],[oper:get task count],[state:0],[count:0]
10-31 16:01:19.106 E/storage_operate( 2648): HCDN_LOG: [2017/10/31-16:01:19:106]:[func:GetTaskCount],[line:827],[oper:get task count],[state:1],[count:0]
10-31 16:01:19.113 D/BackBootDealerNeimeng( 2391): standbyState:
10-31 16:01:19.114 E/NetUtils( 2019): Interface eth0 LinkDown!
10-31 16:01:19.480 E/hcdn_upload( 2899): HCDN_LOG: [2017/10/31-16:01:19:480]:Update uload speed 1 kbps ,real:0 kbps,qsize:0,maxsize:12,timeout_speed:0 kbps 
10-31 16:01:19.615 D/BackBootDealerNeimeng( 2391): standbyState:
10-31 16:01:19.616 E/NetUtils( 2019): Interface eth0 LinkDown!
10-31 16:01:20.116 D/BackBootDealerNeimeng( 2391): standbyState:
10-31 16:01:20.117 E/NetUtils( 2019): Interface eth0 LinkDown!
10-31 16:01:20.481 E/hcdn_upload( 2899): HCDN_LOG: [2017/10/31-16:01:20:481]:Update uload speed 1 kbps ,real:0 kbps,qsize:0,maxsize:12,timeout_speed:0 kbps 
10-31 16:01:20.617 D/BackBootDealerNeimeng( 2391): standbyState:
10-31 16:01:20.618 E/NetUtils( 2019): Interface eth0 LinkDown!
10-31 16:01:21.051 V/SUMA    ( 1583): [VOD EXT]_ERRO:onewave_auth_req1st(1180) 
10-31 16:01:21.051 V/SUMA    ( 1583): connect() failed, errno=10026 !
10-31 16:01:21.051 V/SUMA    ( 1583): [VOD EXT]_DBUG:onewave_auth_req1st(1290) 
10-31 16:01:21.051 V/SUMA    ( 1583): err,leave onewave_auth_req1st 
10-31 16:01:21.119 D/BackBootDealerNeimeng( 2391): standbyState:
10-31 16:01:21.120 E/NetUtils( 2019): Interface eth0 LinkDown!
10-31 16:01:21.481 E/hcdn_upload( 2899): HCDN_LOG: [2017/10/31-16:01:21:481]:Update uload speed 1 kbps ,real:0 kbps,qsize:0,maxsize:12,timeout_speed:0 kbps 
10-31 16:01:21.621 D/BackBootDealerNeimeng( 2391): standbyState:
10-31 16:01:21.621 E/NetUtils( 2019): Interface eth0 LinkDown!
10-31 16:01:22.034 E/storage_operate( 2899): HCDN_LOG: [2017/10/31-16:01:22:034]:[func:GetTaskCount],[line:827],[oper:get task count],[state:0],[count:0]
10-31 16:01:22.034 E/storage_operate( 2899): HCDN_LOG: [2017/10/31-16:01:22:034]:[func:GetTaskCount],[line:827],[oper:get task count],[state:0],[count:0]
10-31 16:01:22.034 E/storage_operate( 2899): HCDN_LOG: [2017/10/31-16:01:22:034]:[func:GetTaskCount],[line:827],[oper:get task count],[state:1],[count:0]
10-31 16:01:22.106 E/storage_operate( 2648): HCDN_LOG: [2017/10/31-16:01:22:106]:[func:GetTaskCount],[line:827],[oper:get task count],[state:0],[count:0]
10-31 16:01:22.106 E/storage_operate( 2648): HCDN_LOG: [2017/10/31-16:01:22:106]:[func:GetTaskCount],[line:827],[oper:get task count],[state:0],[count:0]
10-31 16:01:22.106 E/storage_operate( 2648): HCDN_LOG: [2017/10/31-16:01:22:106]:[func:GetTaskCount],[line:827],[oper:get task count],[state:1],[count:0]
10-31 16:01:22.122 D/BackBootDealerNeimeng( 2391): standbyState:
10-31 16:01:22.122 E/NetUtils( 2019): Interface eth0 LinkDown!
10-31 16:01:22.482 E/hcdn_upload( 2899): HCDN_LOG: [2017/10/31-16:01:22:482]:Update uload speed 1 kbps ,real:0 kbps,qsize:0,maxsize:12,timeout_speed:0 kbps 
10-31 16:01:22.622 D/BackBootDealerNeimeng( 2391): standbyState:
10-31 16:01:22.623 E/NetUtils( 2019): Interface eth0 LinkDown!
10-31 16:01:22.767 D/AppUtil ( 2391): [TN_ThreadUtil-14]getActivityPkg index=0,comp=ComponentInfo{com.suma.midware.setting/com.suma.midware.setting.net.NetInfoActivity}
10-31 16:01:22.767 D/AppRuleBaseDealer( 2391): backExcute curActivityPkgName:com.suma.midware.setting
10-31 16:01:23.124 D/BackBootDealerNeimeng( 2391): standbyState:
10-31 16:01:23.125 E/NetUtils( 2019): Interface eth0 LinkDown!
10-31 16:01:23.482 E/hcdn_upload( 2899): HCDN_LOG: [2017/10/31-16:01:23:482]:Update uload speed 1 kbps ,real:0 kbps,qsize:0,maxsize:12,timeout_speed:0 kbps 
10-31 16:01:23.625 D/BackBootDealerNeimeng( 2391): standbyState:
10-31 16:01:23.626 E/NetUtils( 2019): Interface eth0 LinkDown!
10-31 16:01:24.127 D/BackBootDealerNeimeng( 2391): standbyState:
10-31 16:01:24.127 E/NetUtils( 2019): Interface eth0 LinkDown!
10-31 16:01:24.312 D/ir_user ( 1587): PlayerTimeLineTrace:linux_keycode:0x66(DOWN),	protocol: .
10-31 16:01:24.312 V/PT      ( 1583): >>INFO:irkey_task:[     383.004422] /dev/input/event0: type=0001 code=0066 val=00000001
10-31 16:01:24.313 V/PT      ( 1583): >> HI3798C_ERRO:irkey_send-310- 
10-31 16:01:24.313 V/PT      ( 1583): unkown key=0x66
10-31 16:01:24.313 V/PT      ( 1583): >>INFO:irkey_send:0x3001 0x108e down
10-31 16:01:24.313 V/SUMA    ( 1583): ++++++++++++++  _roc_evtmgr_key_cbk 517:input = 12289, event=4238, act=0x100
10-31 16:01:24.313 V/SUMA    ( 1583): lxm:_roc_evtmgr_key_cbk 519 383004
10-31 16:01:24.313 V/SUMA    ( 1583): lxm:_roc_evtmgr_add_evt_into_queue 347 383004
10-31 16:01:24.313 V/SUMA    ( 1583): ===================>> type=0 src=0 evt=4238 act=0x100
10-31 16:01:24.313 V/PT      ( 1583): >>INFO:irkey_task:[     383.004422] /dev/input/event0: type=0000 code=0000 val=00000000
10-31 16:01:24.313 V/SUMA    ( 1583): [sysset-s][event_manager_cbk 78]lxm cbid=1, cbk_reg=1, cpid=2457
10-31 16:01:24.313 D/NGBEvent( 2457): ngbEventCallBack type:0 source :4238
10-31 16:01:24.313 D/NGBEvent( 2457): [NGBEventManager-JNI]-returning:1
10-31 16:01:24.313 D/NGBEvent( 2457): Input key event: keyCode=4238
10-31 16:01:24.314 D/NGBEvent( 2457): src:4238 = dest:4238
10-31 16:01:24.314 I/System.out( 2457): [DEBUG EventManager] LWJ--Add event to java with evt=NgbEvent-[type = 1, subtype = 401, code = 4238]
10-31 16:01:24.314 D/NGBEvent( 2457): [NGBEvent_log]--[EventManager--JNI]:		start
10-31 16:01:24.314 I/System.out( 2457): [DEBUG EventManager] broadcastEvent  :len 1
10-31 16:01:24.314 D/CombineKeyUtil( 2457): [TN_pool-1-thread-1]dealKeyEvent,combineIndex:-1:keyCode:0
10-31 16:01:24.314 D/KeyEventNgbDealer( 2457): [TN_pool-1-thread-1]handleKeyPressed keyEvent=NgbEvent-[type = 1, subtype = 401, code = 4238],time=383006
10-31 16:01:24.483 E/hcdn_upload( 2899): HCDN_LOG: [2017/10/31-16:01:24:483]:Update uload speed 1 kbps ,real:0 kbps,qsize:0,maxsize:12,timeout_speed:0 kbps 
10-31 16:01:24.522 V/PT      ( 1583): >>INFO:irkey_task:[     383.214008] /dev/input/event0: type=0001 code=0066 val=00000000
10-31 16:01:24.522 V/PT      ( 1583): >> HI3798C_ERRO:irkey_send-310- 
10-31 16:01:24.522 D/ir_user ( 1587): PlayerTimeLineTrace:linux_keycode:0x66(UP),	protocol: .
10-31 16:01:24.522 V/PT      ( 1583): unkown key=0x66
10-31 16:01:24.522 V/PT      ( 1583): >>INFO:irkey_send:0x3001 0x108e up  
10-31 16:01:24.522 V/SUMA    ( 1583): ++++++++++++++  _roc_evtmgr_key_cbk 517:input = 12289, event=4238, act=0x400
10-31 16:01:24.522 V/SUMA    ( 1583): lxm:_roc_evtmgr_key_cbk 519 383214
10-31 16:01:24.522 V/SUMA    ( 1583): lxm:_roc_evtmgr_add_key_into_queue 311 383214
10-31 16:01:24.523 V/PT      ( 1583): >>INFO:irkey_task:[     383.214008] /dev/input/event0: type=0000 code=0000 val=00000000
10-31 16:01:24.523 V/SUMA    ( 1583): ===================>> type=0 src=0 evt=4238 act=0x400
10-31 16:01:24.523 V/SUMA    ( 1583): [sysset-s][event_manager_cbk 78]lxm cbid=1, cbk_reg=1, cpid=2457
10-31 16:01:24.523 D/NGBEvent( 2457): ngbEventCallBack type:0 source :4238
10-31 16:01:24.523 D/NGBEvent( 2457): [NGBEventManager-JNI]-returning:1
10-31 16:01:24.524 D/NGBEvent( 2457): Input key event: keyCode=4238
10-31 16:01:24.524 D/NGBEvent( 2457): src:4238 = dest:4238
10-31 16:01:24.524 I/System.out( 2457): [DEBUG EventManager] LWJ--Add event to java with evt=NgbEvent-[type = 1, subtype = 402, code = 4238]
10-31 16:01:24.524 D/NGBEvent( 2457): [NGBEvent_log]--[EventManager--JNI]:		start
10-31 16:01:24.524 I/System.out( 2457): [DEBUG EventManager] broadcastEvent  :len 1
10-31 16:01:24.525 D/KeyEventNgbDealer( 2457): [TN_pool-1-thread-1]handleKeyReleased keyEvent=NgbEvent-[type = 1, subtype = 402, code = 4238],time=383216
10-31 16:01:24.526 I/ActivityManager( 2019): START u0 {act=android.intent.action.MAIN cat=[android.intent.category.HOME] flg=0x10200000 cmp=com.suma.midware.home/.third.Main3DActivity} from uid 1000 on display 0
10-31 16:01:24.526 D/HomeReceiver( 2391): [TN_main]onReceive context=com.suma.midware.back.BackService@22d5d4b5,intent=Intent { act=android.intent.action.CLOSE_SYSTEM_DIALOGS flg=0x50000010 (has extras) },action=android.intent.action.CLOSE_SYSTEM_DIALOGS
10-31 16:01:24.526 D/HomeReceiver( 2391): [TN_main]onReceive reason=homekey
10-31 16:01:24.526 E/HomeReceiver( 2391): [TN_main]onReceive home key down
10-31 16:01:24.527 D/HomeReceiver( 2793): [TN_main]onReceive context=com.suma.midware.setting.net.NetInfoActivity@220ad1a7,intent=Intent { act=android.intent.action.CLOSE_SYSTEM_DIALOGS flg=0x50000010 (has extras) },action=android.intent.action.CLOSE_SYSTEM_DIALOGS
10-31 16:01:24.527 D/HomeReceiver( 2793): [TN_main]onReceive reason=homekey
10-31 16:01:24.527 E/PlayActivity( 3024): action:android.intent.action.CLOSE_SYSTEM_DIALOGS,reason:homekey
10-31 16:01:24.527 E/HomeReceiver( 2793): [TN_main]onReceive home key down
10-31 16:01:24.528 D/HomeReceiver( 2498): [TN_main]onReceive context=com.suma.midware.home.third.Main3DActivity@46ab53e,intent=Intent { act=android.intent.action.CLOSE_SYSTEM_DIALOGS flg=0x50000010 (has extras) },action=android.intent.action.CLOSE_SYSTEM_DIALOGS
10-31 16:01:24.528 D/HomeReceiver( 2498): [TN_main]onReceive reason=homekey
10-31 16:01:24.528 W/Main3DActivity( 2498): [TN_main]11111onReceive home key down,appStartMode:0
10-31 16:01:24.528 E/HomeReceiver( 2498): [TN_main]onReceive home key down
10-31 16:01:24.542 D/BaseApplication( 2793): [TN_main]onActivityPaused activity=com.suma.midware.setting.net.NetInfoActivity@220ad1a7
10-31 16:01:24.543 I/ActivityManager( 2019): Force stopping com.android.browser appid=10010 user=0: from pid 2391
10-31 16:01:24.545 D/BackBootDealerNeimeng( 2391): handleHomeKey isRunning:false
10-31 16:01:24.545 D/HomeReceiver( 2391): [TN_main]onReceive context=com.suma.midware.back.BackApplication@a6b03dd,intent=Intent { act=android.intent.action.CLOSE_SYSTEM_DIALOGS flg=0x50000010 (has extras) },action=android.intent.action.CLOSE_SYSTEM_DIALOGS
10-31 16:01:24.545 D/HomeReceiver( 2391): [TN_main]onReceive reason=homekey
10-31 16:01:24.545 E/HomeReceiver( 2391): [TN_main]onReceive home key down
10-31 16:01:24.546 W/ContextImpl( 2793): Calling a method in the system process without a qualified user: android.app.ContextImpl.sendBroadcast:1345 android.content.ContextWrapper.sendBroadcast:377 android.app.ActivityThread.performPauseActivity:3259 android.app.ActivityThread.performPauseActivity:3225 android.app.ActivityThread.handlePauseActivity:3200 
10-31 16:01:24.560 D/Main3DActivity( 2498): [TN_main]onNewIntent time=383252,intent=Intent { act=android.intent.action.MAIN cat=[android.intent.category.HOME] flg=0x10600000 cmp=com.suma.midware.home/.third.Main3DActivity }
10-31 16:01:24.561 D/BaseApplication( 2498): [TN_main]onActivityStarted activity=com.suma.midware.home.third.Main3DActivity@46ab53e
10-31 16:01:24.561 D/Main3DActivity( 2498): [TN_main]onStart time=383253
10-31 16:01:24.561 E/FlyAndWeatherUpdate( 2498): [TN_main]spflyWord is empty
10-31 16:01:24.561 D/HomeFlyWord( 2498): [TN_main]startScrollView delay=2000
10-31 16:01:24.561 W/HomeFlyWord( 2498): [TN_main]startScrollView scrollView null
10-31 16:01:24.561 D/Main3DActivity( 2498): [TN_main]onResume time=383253,isFirst=false
10-31 16:01:24.561 D/BaseApplication( 2498): [TN_main]onActivityResumed activity=com.suma.midware.home.third.Main3DActivity@46ab53e
10-31 16:01:24.562 D/PlayExcuter( 2498): [TN_main]notifyPlay type=9,curType=-2,cancelType=3,cancelVideoType=1,isResetData=true,task=null,this.task=[PlayDirectTask@1ee125c]playTaskType[6]playType[0]playerType[-1]isEcmSet[true]playerIndex[0]tunerIndex[0]channel[[DirectChannel@32501b]channelID[0]oNetID[1]tsID[31]serviceID[3102]freq[371000]name[CCTV-1高清]serviceType[8]attr[24576]serialNum[1]serialNum4[1]pcrPID[49]refServiceID[-1]],indexs=null
10-31 16:01:24.562 D/PlayExcuter( 2498): [TN_main]releasePlayer curType=-2,cancelType=3,task=[PlayDirectTask@1ee125c]playTaskType[6]playType[0]playerType[-1]isEcmSet[true]playerIndex[0]tunerIndex[0]channel[[DirectChannel@32501b]channelID[0]oNetID[1]tsID[31]serviceID[3102]freq[371000]name[CCTV-1高清]serviceType[8]attr[24576]serialNum[1]serialNum4[1]pcrPID[49]refServiceID[-1]]
10-31 16:01:24.562 D/PlayBaseDealer( 2391): [TN_Binder_3]releasePlayers cancelType=3,videoType=1,isResetData=true,curPlayerIndex=-1,isCheckPID=false
10-31 16:01:24.562 D/PlayBaseDealer( 2391): [TN_Binder_3]releasePlayers size=1
10-31 16:01:24.562 D/PlayNgbDealer( 2391): [TN_Binder_3]findPlayer index=0,findType=0,channelIndex=0
10-31 16:01:24.562 E/PlayNgbDealer( 2391): [TN_Binder_3]releasePlayer index=0 player is null
10-31 16:01:24.562 D/PlayerManager( 2498): [TN_main]cancelPlayTask cancleType=3,cancelVideoType=1,isResetData=true,isCheckPID=false,state=0,indexs=null
10-31 16:01:24.562 D/DataBaseManager( 2498): [TN_main]getAttrList comparatorMode=-1,comparatorType=-1,termType=10
10-31 16:01:24.562 D/DataBaseManager( 2498): [TN_main]getAttrList comparatorMode=-1,comparatorType=-1,termType=10
10-31 16:01:24.563 D/DataBaseManager( 2498): [TN_main]getAttrList comparatorMode=-1,comparatorType=-1,termType=10
10-31 16:01:24.563 D/DataBaseManager( 2498): [TN_main]getAttrList comparatorMode=-1,comparatorType=-1,termType=10
10-31 16:01:24.563 D/DataBaseManager( 2498): [TN_main]getAttrList comparatorMode=-1,comparatorType=-1,termType=10
10-31 16:01:24.563 D/DataBaseManager( 2498): [TN_main]getAttrList comparatorMode=-1,comparatorType=-1,termType=10
10-31 16:01:24.563 D/DataBaseManager( 2498): [TN_main]getAttrList comparatorMode=-1,comparatorType=-1,termType=10
10-31 16:01:24.563 D/DataBaseManager( 2498): [TN_main]getAttrList comparatorMode=-1,comparatorType=-1,termType=10
10-31 16:01:24.564 D/DataBaseManager( 2498): [TN_main]getAttrList comparatorMode=-1,comparatorType=-1,termType=10
10-31 16:01:24.564 D/DataBaseManager( 2498): [TN_main]getAttrList comparatorMode=-1,comparatorType=-1,termType=10
10-31 16:01:24.564 D/DataBaseManager( 2498): [TN_main]getAttrList comparatorMode=-1,comparatorType=-1,termType=10
10-31 16:01:24.564 D/DataBaseManager( 2498): [TN_main]getAttrList comparatorMode=-1,comparatorType=-1,termType=10
10-31 16:01:24.564 D/DataBaseManager( 2498): [TN_main]getAttrList comparatorMode=-1,comparatorType=-1,termType=10
10-31 16:01:24.564 D/DataBaseManager( 2498): [TN_main]getAttrList comparatorMode=-1,comparatorType=-1,termType=5
10-31 16:01:24.567 D/DataBase( 2391): [TN_Binder_2]getCurChannel index=0,lastChannelNum=2,database=com.suma.midware.back.database.neimeng.DirectDataBaseNeimeng@20ebee0a
10-31 16:01:24.567 D/DataBase( 2391): [TN_Binder_2]getCurChannel index=0,curChannel=[DirectChannel@32501b]channelID[0]oNetID[1]tsID[31]serviceID[3102]freq[371000]name[CCTV-1高清]serviceType[8]attr[24576]serialNum[1]serialNum4[1]pcrPID[49]refServiceID[-1]
10-31 16:01:24.567 D/ChannelHandler( 2498): [TN_main]update curChannel=[DirectChannel@32501b]channelID[0]oNetID[1]tsID[31]serviceID[3102]freq[371000]name[CCTV-1高清]serviceType[8]attr[24576]serialNum[1]serialNum4[1]pcrPID[49]refServiceID[-1]
10-31 16:01:24.568 D/SysEventHandler( 2391): [TN_Binder_4]addEventListener binder=android.os.BinderProxy@1d73396a
10-31 16:01:24.568 D/DataBaseHandler( 2391): [TN_Binder_1]addDataListener binder=android.os.BinderProxy@3789ee5b
10-31 16:01:24.568 D/PlayerHandler( 2391): [TN_Binder_3]addPlayListener binder=android.os.BinderProxy@21bc66f8
10-31 16:01:24.571 D/ChannelHandler( 2498): [TN_main]start userChannelinfo=
10-31 16:01:24.572 W/ContextImpl( 2498): Calling a method in the system process without a qualified user: android.app.ContextImpl.sendBroadcast:1345 android.content.ContextWrapper.sendBroadcast:377 com.suma.midware.view.ext.BluetoothUpdate.b:-1 com.suma.midware.home.third.Main3DActivity.onResume:-1 android.app.Instrumentation.callActivityOnResume:1257 
10-31 16:01:24.573 E/NetUtils( 2019): Interface eth0 LinkDown!
10-31 16:01:24.574 D/NetUpdate( 2498): [TN_main]checkNetState state=1
10-31 16:01:24.574 D/Main3DActivity( 2498): [TN_main]onResume curPanel=com.suma.midware.home.third.a.a@395c748b,intent=Intent { act=android.intent.action.MAIN cat=[android.intent.category.HOME] flg=0x10600000 cmp=com.suma.midware.home/.third.Main3DActivity },appStartMode=0
10-31 16:01:24.574 D/GLRootView( 2498): doAction isPause:false:isCreated:true:isPaused:false
10-31 16:01:24.574 D/SoundAndroidAdmin( 2391): [TN_Binder_2]isMute state=false
10-31 16:01:24.575 D/Main3DActivity( 2498): [TN_main]onResume endTime=383267,isEventDeal=true
10-31 16:01:24.576 W/ContextImpl( 2498): Calling a method in the system process without a qualified user: android.app.ContextImpl.sendBroadcast:1345 android.content.ContextWrapper.sendBroadcast:377 android.app.ActivityThread.performResumeActivity:2982 android.app.ActivityThread.handleResumeActivity:3023 android.app.ActivityThread$H.handleMessage:1347 
10-31 16:01:24.583 D/GLRootView( 2498): surfaceCreated holder:android.view.SurfaceView$4@c42406f
10-31 16:01:24.584 D/SUMA_ENGINE3d( 2498):  thread[GLThread 74] onSurfaceChanged w: 1280, h : 720
10-31 16:01:24.584 D/SUMA_ENGINE3d( 2498):  thread[GLThread 74] onSurfaceChanged startModeTime:383275
10-31 16:01:24.584 D/SUMA_ENGINE3d( 2498):  thread[GLThread 74] onSurfaceChanged endTime:383276
10-31 16:01:24.585 D/TextureManager( 2498): deleteTexture key:15:59_24_-1711276033_0_5.0_3.0_3.0_-7829368:textureID:23
10-31 16:01:24.587 D/BasicRootPanel( 2498): [TN_GLThread 74]updateMultiState type=1,state=1
10-31 16:01:24.587 D/MultiStateFigure( 2498): [TN_GLThread 74]setWorkState workState=1,this.workState=1
10-31 16:01:24.587 W/MultiStateFigure( 2498): [TN_GLThread 74]setWorkState same workState=1
10-31 16:01:24.587 D/BasicRootView( 2498): [TN_GLThread 74]switchRootPanel panelIndex=0,isAnim=false,subPanelIndex=-1
10-31 16:01:24.587 D/BasicRootView( 2498): [TN_GLThread 74]switchRootPanel isFirst=false,curPanel=com.suma.midware.home.third.a.a@395c748b
10-31 16:01:24.587 D/BasicRootPanel( 2498): [TN_GLThread 74]hidePanel curPanelIndex=0,lastFocus=false,panelSize=7
10-31 16:01:24.587 D/BasicRootPanel( 2498): [TN_GLThread 74]hidePanel basicFigure=com.suma.midware.view.b.c.p@990e269
10-31 16:01:24.587 D/BasicFigure( 2498): [TN_GLThread 74]onFocusLost figure=com.suma.midware.view.b.c.p@990e269
10-31 16:01:24.587 W/BasicRootPanel( 2498): [TN_GLThread 74]switchPanelLight lightFigure null
10-31 16:01:24.587 D/HomePanel( 2498): [TN_GLThread 74]dealPanelShow subPanelIndex=-1,size=7
10-31 16:01:24.587 D/HomePanel( 2498): [TN_GLThread 74]dealPanelShow curPanelIndex=0,lastFocus=false,subPanelIndex=0,subFocusIndex=0
10-31 16:01:24.587 D/BasicFigure( 2498): [TN_GLThread 74]onFocusLost figure=com.suma.midware.view.b.c.c@3182ccd0
10-31 16:01:24.587 D/BasicFigure( 2498): [TN_GLThread 74]onGlobalFocusLost figure=com.suma.midware.view.b.c.c@3182ccd0
10-31 16:01:24.587 D/BasicColumn( 2498): [TN_GLThread 74]onFocus isFocus=false,index=0,nextIndex=-1
10-31 16:01:24.587 D/FixedRes( 2498): [TN_GLThread 74]getNineImgRes nineImgSize=2
10-31 16:01:24.588 D/BasicColumn( 2498): [TN_GLThread 74]moveFocus xOffset=151.000,yOffset=139.000
10-31 16:01:24.588 D/BasicFigure( 2498): [TN_GLThread 74]onFocusGain figure=com.suma.midware.view.b.c.p@990e269
10-31 16:01:24.588 D/BasicFigure( 2498): [TN_GLThread 74]onFocusGain panelIndex=0,curPanelIndex=0,basicFigure=com.suma.midware.view.b.c.p@990e269
10-31 16:01:24.588 D/BasicFigure( 2498): [TN_GLThread 74]dealFocusGainAnim scaleLargeAnim null
10-31 16:01:24.588 D/BasicRootPanel( 2498): [TN_GLThread 74]isPlayAble curBasicPanel=com.suma.midware.view.b.d.d@389ebd80
10-31 16:01:24.588 D/BasicPanel( 2498): [TN_GLThread 74]isPlayAble xOffset=0.00000
10-31 16:01:24.589 D/ChannelHandler( 2498): [TN_GLThread 74]startPlay isForce=true,curChannel=[DirectChannel@32501b]channelID[0]oNetID[1]tsID[31]serviceID[3102]freq[371000]name[CCTV-1高清]serviceType[8]attr[24576]serialNum[1]serialNum4[1]pcrPID[49]refServiceID[-1]
10-31 16:01:24.589 D/PlayNgbDealer( 2391): [TN_Binder_4]findPlayer index=0,findType=0,channelIndex=0
10-31 16:01:24.589 E/PlayNgbDealer( 2391): [TN_Binder_4]getChannel index=0 player null
10-31 16:01:24.590 D/PlayTask( 2498): [TN_GLThread 74]isLegal playerType=-1,view=com.suma.midware.view.widget2d.CustomSurfaceView{1dfe581c V.E..... ......I. 49,141-498,393}
10-31 16:01:24.590 D/PlayerManager( 2498): [TN_GLThread 74]addPlayTask playTask=[PlayDirectTask@1618c5de]playTaskType[0]playType[0]playerType[-1]isEcmSet[true]playerIndex[0]tunerIndex[0]channel[[DirectChannel@32501b]channelID[0]oNetID[1]tsID[31]serviceID[3102]freq[371000]name[CCTV-1高清]serviceType[8]attr[24576]serialNum[1]serialNum4[1]pcrPID[49]refServiceID[-1]],state=0
10-31 16:01:24.590 D/PlayNgbDealer( 2391): [TN_Binder_4]startPlayAsyTask index=0,channel=[DirectChannel@32501b]channelID[0]oNetID[1]tsID[31]serviceID[3102]freq[371000]name[CCTV-1高清]serviceType[8]attr[24576]serialNum[1]serialNum4[1]pcrPID[49]refServiceID[-1]
10-31 16:01:24.590 D/PlayNgbDealer( 2391): [TN_Binder_4]findPlayer index=0,findType=2,channelIndex=0
10-31 16:01:24.590 E/PlayNgbDealer( 2391): [TN_Binder_4]startPlayAsyTask index=0 player null
10-31 16:01:24.591 D/PlayExcuter( 2498): [TN_GLThread 74]notifyPlay type=0,curType=-2,cancelType=-1,cancelVideoType=-1,isResetData=false,task=[PlayDirectTask@1618c5de]playTaskType[0]playType[0]playerType[-1]isEcmSet[true]playerIndex[0]tunerIndex[0]channel[[DirectChannel@32501b]channelID[0]oNetID[1]tsID[31]serviceID[3102]freq[371000]name[CCTV-1高清]serviceType[8]attr[24576]serialNum[1]serialNum4[1]pcrPID[49]refServiceID[-1]],this.task=null,indexs=null
10-31 16:01:24.591 D/PlayExcuter( 2498): [TN_GLThread 74]mergeTask sourceTask=null,destiTask=[PlayDirectTask@1618c5de]playTaskType[0]playType[0]playerType[-1]isEcmSet[true]playerIndex[0]tunerIndex[0]channel[[DirectChannel@32501b]channelID[0]oNetID[1]tsID[31]serviceID[3102]freq[371000]name[CCTV-1高清]serviceType[8]attr[24576]serialNum[1]serialNum4[1]pcrPID[49]refServiceID[-1]]
10-31 16:01:24.591 D/PlayExcuter( 2498): [TN_ThreadUtil-2]excuteTask task=[PlayDirectTask@1618c5de]playTaskType[0]playType[0]playerType[-1]isEcmSet[true]playerIndex[0]tunerIndex[0]ch