10-31 17:56:45.915 D/base::Ini( 3300): [getOption] getOption name='debug-eventManager-level' value=''.
10-31 17:56:45.915 D/base::Ini( 3300): [getOption] getOption name='debug-eventManager-level' value=''.
10-31 17:56:45.915 D/base::Ini( 3300): [getOption] getOption name='debug-eventManager-level' value=''.
10-31 17:56:45.915 D/base::Ini( 3300): [getOption] getOption name='debug-eventManager-level' value=''.
10-31 17:56:45.915 D/base::Ini( 3300): [getOption] getOption name='debug-eventManager-level' value=''.
10-31 17:56:45.966 V/SUMA    ( 1582): >> rocme_porting_[0]tuner[0]_scanning fre = 371000 sym = 6875 qam = 3 ,res_state = 0x1
10-31 17:56:45.966 V/SUMA    ( 1582): [resman-s][dvb_server_resman_event_cbk 1615]enter dvb_server_resman_event_cbk
10-31 17:56:45.967 V/SUMA    ( 1582): [resman-s][dvb_server_resman_event_cbk 1656]leave dvb_server_resman_event_cbk
10-31 17:56:45.967 D/tuning  ( 2391): ^^^tunerEventCallback is called,  event=210002 
10-31 17:56:45.967 V/SUMA    ( 1582): >> ROC TNR(0)-EVENT = 0x210002 ROC_RES_TUNER_TUNER_EVT_LOCK_FAILED
10-31 17:56:45.967 V/SUMA    ( 1582): >> Roc_Tuner_CableScanning end : time = 1213162 ms ,total time = 1190 ms 
10-31 17:56:45.967 V/SUMA    ( 1582): [resman-s][onTransact 216]code[0x1200010b] client pid = 2391
10-31 17:56:45.970 E/HI_TUNER( 1582): [ERROR-HI_TUNER]:HI_UNF_TUNER_GetBER[4827]:SIGNAL DROP
10-31 17:56:45.971 E/HI_TUNER( 1582): [ERROR-HI_TUNER]:HI_UNF_TUNER_GetSNR[5131]:SIGNAL DROP
10-31 17:56:45.973 V/PT      ( 1582): >>INFO:rocme_porting_tuner_get_signal_info:u32SNR = 0x0,u32SignalStrength = 0x6
10-31 17:56:45.973 V/PT      ( 1582): >>INFO:rocme_porting_tuner_get_signal_info:base_integer = 0x0,base_decimal = 0x0,exponent = 0x7
10-31 17:56:45.974 V/SUMA    ( 1582): [resman-s][onTransact 1574]leave transact client pid = 2391
10-31 17:56:45.975 I/System.out( 2391): [DEBUG TunerInfo] integer :0
10-31 17:56:45.975 I/System.out( 2391): [DEBUG TunerInfo] berDecimal :0
10-31 17:56:45.976 I/System.out( 2391): [DEBUG TunerInfo] berExp :7
10-31 17:56:45.976 D/SysEventBaseDealer( 2391): [TN_ThreadUtil-9]handleSignalEvent signalType=1
10-31 17:56:45.976 E/HI_TUNER( 1582): [ERROR-HI_TUNER]:HI_UNF_TUNER_GetBER[4827]:SIGNAL DROP
10-31 17:56:45.977 E/HI_TUNER( 1582): [ERROR-HI_TUNER]:HI_UNF_TUNER_GetSNR[5131]:SIGNAL DROP
10-31 17:56:45.978 V/PT      ( 1582): >>INFO:rocme_porting_tuner_get_signal_info:u32SNR = 0x0,u32SignalStrength = 0x6
10-31 17:56:45.979 V/PT      ( 1582): >>INFO:rocme_porting_tuner_get_signal_info:base_integer = 0x0,base_decimal = 0x0,exponent = 0x7
10-31 17:56:45.980 V/SUMA    ( 1582): [resman-s][onTransact 1574]leave transact client pid = 2391
10-31 17:56:45.980 D/tuning  ( 2391): ^^^^in tuner callBack. Query result=1,freq=371000
10-31 17:56:45.981 I/System.out( 2391): [DEBUG networkInterface] You see: NI listener's size=1
10-31 17:56:45.981 D/TunerNgbDealer( 2391): [TN_Thread-57]receiveNIEvent event=org.davic.net.tuning.NetworkInterfaceTuningOverEvent[source=class org.davic.net.tuning.NetworkInterfaceTuningOverEvent]
10-31 17:56:45.981 D/TunerNgbDealer( 2391): [TN_Thread-57]receiveNIEvent 0 tunerDes=[TunerDes@8f68708]isLock[false]isReserve[true]nHandle[0]moduleName[null]ni[org.davic.net.tuning.NetworkInterface@264c1ea1]nic[org.ngb.broadcast.dvb.tuning.DvbNetworkInterfaceController@114448c6]ds[[CableDeliverySystem@1544d8dd]freq[371000]fecOuter[0]modulation[3]symbolRate[6875]fecInner[0]]
10-31 17:56:46.003 D/BasicFigure( 2498): [TN_GLThread 73]isDrawFocused relyElement=[BaseElement@3d27edaa]focusScale[1.15]elementAlpha[-1.0]refectAlpha[-1.0]isFocusAble[true]shadowIndex[-1]autoJumpType[-1]uniqueID[54resSize0]rect[NULL]
10-31 17:56:46.004 D/BasicFigure( 2498): [TN_GLThread 73]isDrawFocused basicFigure=com.suma.midware.view.b.c.c@2fe62d9b
10-31 17:56:46.098 I/AdvancedPorting-PORT_MODULE_NET( 3300): network_task while... 
10-31 17:56:46.098 I/AdvancedPorting-PORT_MODULE_NET( 3300): 0 interface name: lo
10-31 17:56:46.099 I/AdvancedPorting-PORT_MODULE_NET( 3300): 1 interface name: wlan0
10-31 17:56:46.099 I/AdvancedPorting-PORT_MODULE_NET( 3300): First interface name: lo
10-31 17:56:46.099 I/AdvancedPorting-PORT_MODULE_NET( 3300): network_task while...  net_i:1
10-31 17:56:46.099 I/AdvancedPorting-PORT_MODULE_NET( 3300): network_task while---name_interface[0]=lo
10-31 17:56:46.099 I/AdvancedPorting-PORT_MODULE_NET( 3300): network_task while---name_interface[1]=wlan0
10-31 17:56:46.099 I/AdvancedPorting-PORT_MODULE_NET( 3300): network_task while---interface_name=wlan0
10-31 17:56:46.099 I/AdvancedPorting-PORT_MODULE_NET( 3300): network_get_netlink_status(in)--if_name=wlan0
10-31 17:56:46.099 I/AdvancedPorting-PORT_MODULE_NET( 3300): net.network.isconnected = no
10-31 17:56:46.099 I/AdvancedPorting-PORT_MODULE_NET( 3300): wlan0 --network_get_netlink_status return retval=1
10-31 17:56:46.099 I/AdvancedPorting-PORT_MODULE_NET( 3300): stat = 1 last_status = 1
10-31 17:56:46.114 D/base::Ini( 3300): [getOption] getOption name='debug-eventManager-level' value=''.
10-31 17:56:46.114 D/base::Ini( 3300): [getOption] getOption name='debug-eventManager-level' value=''.
10-31 17:56:46.114 D/base::Ini( 3300): [getOption] getOption name='debug-eventManager-level' value=''.
10-31 17:56:46.114 D/base::Ini( 3300): [getOption] getOption name='debug-eventManager-level' value=''.
10-31 17:56:46.114 D/base::Ini( 3300): [getOption] getOption name='debug-eventManager-level' value=''.
10-31 17:56:46.114 D/base::Ini( 3300): [getOption] getOption name='debug-eventManager-level' value=''.
10-31 17:56:46.114 D/base::Ini( 3300): [getOption] getOption name='debug-eventManager-level' value=''.
10-31 17:56:46.114 D/base::Ini( 3300): [getOption] getOption name='debug-eventManager-level' value=''.
10-31 17:56:46.115 D/base::Ini( 3300): [getOption] getOption name='debug-eventManager-level' value=''.
10-31 17:56:46.115 D/base::Ini( 3300): [getOption] getOption name='debug-eventManager-level' value=''.
10-31 17:56:46.115 D/base::Ini( 3300): [getOption] getOption name='debug-eventManager-level' value=''.
10-31 17:56:46.115 D/base::Ini( 3300): [getOption] getOption name='debug-netdev-level' value=''.
10-31 17:56:46.115 D/base::Ini( 3300): [getOption] getOption name='debug-netdev-level' value=''.
10-31 17:56:46.115 D/base::Ini( 3300): [getOption] getOption name='debug-netdev-level' value=''.
10-31 17:56:46.115 D/base::Ini( 3300): [getOption] getOption name='debug-netdev-level' value=''.
10-31 17:56:46.118 D/CAManagerNative( 2391): getCardInfo.CA_Manager_GetMotherCardID result=0,motherCardID=0
10-31 17:56:46.119 V/SUMA    ( 2391): [cas-c][CA_Manager_GetAreaInfoSync 2565]enter !!!
10-31 17:56:46.125 D/base::Ini( 3300): [getOption] getOption name='debug-eventManager-level' value=''.
10-31 17:56:46.125 D/base::Ini( 3300): [getOption] getOption name='debug-eventManager-level' value=''.
10-31 17:56:46.125 D/base::Ini( 3300): [getOption] getOption name='debug-eventManager-level' value=''.
10-31 17:56:46.125 D/base::Ini( 3300): [getOption] getOption name='debug-eventManager-level' value=''.
10-31 17:56:46.125 D/base::Ini( 3300): [getOption] getOption name='debug-eventManager-level' value=''.
10-31 17:56:46.125 D/base::Ini( 3300): [getOption] getOption name='debug-eventManager-level' value=''.
10-31 17:56:46.125 D/base::Ini( 3300): [getOption] getOption name='debug-eventManager-level' value=''.
10-31 17:56:46.125 D/base::Ini( 3300): [getOption] getOption name='debug-eventManager-level' value=''.
10-31 17:56:46.125 D/base::Ini( 3300): [getOption] getOption name='debug-eventManager-level' value=''.
10-31 17:56:46.125 D/base::Ini( 3300): [getOption] getOption name='debug-eventManager-level' value=''.
10-31 17:56:46.125 D/base::Ini( 3300): [getOption] getOption name='debug-netdev-level' value=''.
10-31 17:56:46.125 D/base::Ini( 3300): [getOption] getOption name='debug-netdev-level' value=''.
10-31 17:56:46.125 D/base::Ini( 3300): [getOption] getOption name='debug-netdev-level' value=''.
10-31 17:56:46.125 D/base::Ini( 3300): [getOption] getOption name='debug-netdev-level' value=''.
10-31 17:56:46.125 D/base::Ini( 3300): [getOption] getOption name='debug-eventManager-level' value=''.
10-31 17:56:46.125 D/base::Ini( 3300): [getOption] getOption name='debug-eventManager-level' value=''.
10-31 17:56:46.126 D/base::Ini( 3300): [getOption] getOption name='debug-eventManager-level' value=''.
10-31 17:56:46.126 D/base::Ini( 3300): [getOption] getOption name='debug-eventManager-level' value=''.
10-31 17:56:46.126 D/base::Ini( 3300): [getOption] getOption name='debug-eventManager-level' value=''.
10-31 17:56:46.126 D/base::Ini( 3300): [getOption] getOption name='debug-eventManager-level' value=''.
10-31 17:56:46.126 D/base::Ini( 3300): [getOption] getOption name='debug-eventManager-level' value=''.
10-31 17:56:46.126 D/base::Ini( 3300): [getOption] getOption name='debug-eventManager-level' value=''.
10-31 17:56:46.126 D/base::Ini( 3300): [getOption] getOption name='debug-eventManager-level' value=''.
10-31 17:56:46.126 D/base::Ini( 3300): [getOption] getOption name='debug-eventManager-level' value=''.
10-31 17:56:46.126 D/base::Ini( 3300): [getOption] getOption name='debug-eventManager-level' value=''.
10-31 17:56:46.126 D/base::Ini( 3300): [getOption] getOption name='debug-eventManager-level' value=''.
10-31 17:56:46.126 D/base::Ini( 3300): [getOption] getOption name='debug-eventManager-level' value=''.
10-31 17:56:46.126 D/base::Ini( 3300): [getOption] getOption name='debug-eventManager-level' value=''.
10-31 17:56:46.126 D/base::Ini( 3300): [getOption] getOption name='debug-eventManager-level' value=''.
10-31 17:56:46.126 D/base::Ini( 3300): [getOption] getOption name='debug-eventManager-level' value=''.
10-31 17:56:46.162 D/BackBootDealerNeimeng( 2391): standbyState:
10-31 17:56:46.163 E/NetUtils( 2017): Interface eth0 LinkDown!
10-31 17:56:46.260 E/storage_operate( 2655): HCDN_LOG: [2017/10/31-17:56:46:260]:[func:GetTaskCount],[line:827],[oper:get task count],[state:0],[count:0]
10-31 17:56:46.260 E/storage_operate( 2655): HCDN_LOG: [2017/10/31-17:56:46:260]:[func:GetTaskCount],[line:827],[oper:get task count],[state:0],[count:0]
10-31 17:56:46.261 E/storage_operate( 2655): HCDN_LOG: [2017/10/31-17:56:46:260]:[func:GetTaskCount],[line:827],[oper:get task count],[state:1],[count:0]
10-31 17:56:46.326 D/base::Ini( 3300): [getOption] getOption name='debug-eventManager-level' value=''.
10-31 17:56:46.326 D/base::Ini( 3300): [getOption] getOption name='debug-eventManager-level' value=''.
10-31 17:56:46.326 D/base::Ini( 3300): [getOption] getOption name='debug-eventManager-level' value=''.
10-31 17:56:46.326 D/base::Ini( 3300): [getOption] getOption name='debug-eventManager-level' value=''.
10-31 17:56:46.326 D/base::Ini( 3300): [getOption] getOption name='debug-eventManager-level' value=''.
10-31 17:56:46.326 D/base::Ini( 3300): [getOption] getOption name='debug-eventManager-level' value=''.
10-31 17:56:46.326 D/base::Ini( 3300): [getOption] getOption name='debug-eventManager-level' value=''.
10-31 17:56:46.327 D/base::Ini( 3300): [getOption] getOption name='debug-eventManager-level' value=''.
10-31 17:56:46.327 D/base::Ini( 3300): [getOption] getOption name='debug-eventManager-level' value=''.
10-31 17:56:46.327 D/base::Ini( 3300): [getOption] getOption name='debug-netdev-level' value=''.
10-31 17:56:46.327 D/base::Ini( 3300): [getOption] getOption name='debug-netdev-level' value=''.
10-31 17:56:46.327 D/base::Ini( 3300): [getOption] getOption name='debug-netdev-level' value=''.
10-31 17:56:46.327 D/base::Ini( 3300): [getOption] getOption name='debug-netdev-level' value=''.
10-31 17:56:46.327 D/base::Ini( 3300): [getOption] getOption name='debug-eventManager-level' value=''.
10-31 17:56:46.327 D/base::Ini( 3300): [getOption] getOption name='debug-eventManager-level' value=''.
10-31 17:56:46.327 D/base::Ini( 3300): [getOption] getOption name='debug-eventManager-level' value=''.
10-31 17:56:46.327 D/base::Ini( 3300): [getOption] getOption name='debug-eventManager-level' value=''.
10-31 17:56:46.327 D/base::Ini( 3300): [getOption] getOption name='debug-netdev-level' value=''.
10-31 17:56:46.327 D/base::Ini( 3300): [getOption] getOption name='debug-netdev-level' value=''.
10-31 17:56:46.327 D/base::Ini( 3300): [getOption] getOption name='debug-netdev-level' value=''.
10-31 17:56:46.327 D/base::Ini( 3300): [getOption] getOption name='debug-netdev-level' value=''.
10-31 17:56:46.327 D/base::Ini( 3300): [getOption] getOption name='debug-eventManager-level' value=''.
10-31 17:56:46.327 D/base::Ini( 3300): [getOption] getOption name='debug-eventManager-level' value=''.
10-31 17:56:46.327 D/base::Ini( 3300): [getOption] getOption name='debug-eventManager-level' value=''.
10-31 17:56:46.327 D/base::Ini( 3300): [getOption] getOption name='debug-eventManager-level' value=''.
10-31 17:56:46.327 D/base::Ini( 3300): [getOption] getOption name='debug-eventManager-level' value=''.
10-31 17:56:46.327 D/base::Ini( 3300): [getOption] getOption name='debug-eventManager-level' value=''.
10-31 17:56:46.327 D/base::Ini( 3300): [getOption] getOption name='debug-eventManager-level' value=''.
10-31 17:56:46.328 D/base::Ini( 3300): [getOption] getOption name='debug-eventManager-level' value=''.
10-31 17:56:46.328 D/base::Ini( 3300): [getOption] getOption name='debug-eventManager-level' value=''.
10-31 17:56:46.328 D/base::Ini( 3300): [getOption] getOption name='debug-eventManager-level' value=''.
10-31 17:56:46.328 D/base::Ini( 3300): [getOption] getOption name='debug-eventManager-level' value=''.
10-31 17:56:46.328 D/base::Ini( 3300): [getOption] getOption name='debug-eventManager-level' value=''.
10-31 17:56:46.328 D/base::Ini( 3300): [getOption] getOption name='debug-eventManager-level' value=''.
10-31 17:56:46.328 D/base::Ini( 3300): [getOption] getOption name='debug-eventManager-level' value=''.
10-31 17:56:46.328 D/base::Ini( 3300): [getOption] getOption name='debug-eventManager-level' value=''.
10-31 17:56:46.328 D/base::Ini( 3300): [getOption] getOption name='debug-eventManager-level' value=''.
10-31 17:56:46.342 V/SUMA    ( 1582): >> [CA]rocme_porting_ca_get_area_info_suma: DVTCASTB_GetAreaInfo area_info->card_area = 7000  
10-31 17:56:46.343 V/SUMA    ( 1582): >> [CA]rocme_porting_ca_get_area_info_suma: DVTCASTB_GetAreaInfo area_info->set_card_area_time = 1506507111  
10-31 17:56:46.343 V/SUMA    ( 1582): >> [CA]rocme_porting_ca_get_area_info_suma: DVTCASTB_GetAreaInfo area_info->start_flag = 0  
10-31 17:56:46.343 V/SUMA    ( 1582): >> [CA]rocme_porting_ca_get_area_info_suma: DVTCASTB_GetAreaInfo area_info->set_flag_time = 0  
10-31 17:56:46.343 V/SUMA    ( 2391): [cas-c][CA_Manager_GetAreaInfoSync 2580]leave !!!
10-31 17:56:46.343 D/CAManagerNative( 2391): getCardInfo.CA_Manager_GetAreaInfoSync result=0
10-31 17:56:46.343 D/CAManagerNative( 2391): getCardInfo card_area=7000,card_area_time=0
10-31 17:56:46.343 V/SUMA    ( 2391): [cas-c][CA_Manager_GetCAProvider 922]enter !!!
10-31 17:56:46.344 V/SUMA    ( 2391): [cas-c][CA_Manager_GetCAProvider 936]leave !!!
10-31 17:56:46.344 D/CAManagerNative( 2391): CA_Manager_GetCAProvider result : 0
10-31 17:56:46.344 D/CAManagerNative( 2391): CA_Manager_GetCAProvider provider : 0
10-31 17:56:46.344 I/System.out( 2391): [DEBUG CAManager] isCardPresent manufactureID=0,cardID=31666269,serialNum=8150010316662691
10-31 17:56:46.344 D/CaNgbDealer( 2391): [TN_Binder_5]isCardInsert isInsert=true
10-31 17:56:46.350 D/CaNgbDealer( 2391): [TN_Binder_1]getCaCardInfo res=[I@20745128,isCache=false
10-31 17:56:46.350 V/SUMA    ( 2391): [cas-c][CA_Manager_GetManufactureInfoSync 2590]enter !!!
10-31 17:56:46.511 V/SUMA    ( 2391): [cas-c][CA_Manager_GetManufactureInfoSync 2604]leave !!!
10-31 17:56:46.511 D/CAManagerNative( 2391): getCardInfo.CA_Manager_GetManufactureInfoSync result=0
10-31 17:56:46.527 D/base::Ini( 3300): [getOption] getOption name='debug-eventManager-level' value=''.
10-31 17:56:46.527 D/base::Ini( 3300): [getOption] getOption name='debug-eventManager-level' value=''.
10-31 17:56:46.527 D/base::Ini( 3300): [getOption] getOption name='debug-eventManager-level' value=''.
10-31 17:56:46.527 D/base::Ini( 3300): [getOption] getOption name='debug-eventManager-level' value=''.
10-31 17:56:46.527 D/base::Ini( 3300): [getOption] getOption name='debug-eventManager-level' value=''.
10-31 17:56:46.527 D/base::Ini( 3300): [getOption] getOption name='debug-eventManager-level' value=''.
10-31 17:56:46.527 D/base::Ini( 3300): [getOption] getOption name='debug-eventManager-level' value=''.
10-31 17:56:46.527 D/base::Ini( 3300): [getOption] getOption name='debug-eventManager-level' value=''.
10-31 17:56:46.527 D/base::Ini( 3300): [getOption] getOption name='debug-eventManager-level' value=''.
10-31 17:56:46.527 D/base::Ini( 3300): [getOption] getOption name='debug-eventManager-level' value=''.
10-31 17:56:46.527 D/base::Ini( 3300): [getOption] getOption name='debug-eventManager-level' value=''.
10-31 17:56:46.528 D/base::Ini( 3300): [getOption] getOption name='debug-netdev-level' value=''.
10-31 17:56:46.528 D/base::Ini( 3300): [getOption] getOption name='debug-netdev-level' value=''.
10-31 17:56:46.528 D/base::Ini( 3300): [getOption] getOption name='debug-netdev-level' value=''.
10-31 17:56:46.528 D/base::Ini( 3300): [getOption] getOption name='debug-netdev-level' value=''.
10-31 17:56:46.538 D/base::Ini( 3300): [getOption] getOption name='debug-eventManager-level' value=''.
10-31 17:56:46.538 D/base::Ini( 3300): [getOption] getOption name='debug-eventManager-level' value=''.
10-31 17:56:46.538 D/base::Ini( 3300): [getOption] getOption name='debug-eventManager-level' value=''.
10-31 17:56:46.538 D/base::Ini( 3300): [getOption] getOption name='debug-eventManager-level' value=''.
10-31 17:56:46.538 D/base::Ini( 3300): [getOption] getOption name='debug-eventManager-level' value=''.
10-31 17:56:46.538 D/base::Ini( 3300): [getOption] getOption name='debug-eventManager-level' value=''.
10-31 17:56:46.538 D/base::Ini( 3300): [getOption] getOption name='debug-eventManager-level' value=''.
10-31 17:56:46.538 D/base::Ini( 3300): [getOption] getOption name='debug-eventManager-level' value=''.
10-31 17:56:46.538 D/base::Ini( 3300): [getOption] getOption name='debug-netdev-level' value=''.
10-31 17:56:46.538 D/base::Ini( 3300): [getOption] getOption name='debug-netdev-level' value=''.
10-31 17:56:46.538 D/base::Ini( 3300): [getOption] getOption name='debug-netdev-level' value=''.
10-31 17:56:46.538 D/base::Ini( 3300): [getOption] getOption name='debug-netdev-level' value=''.
10-31 17:56:46.538 D/base::Ini( 3300): [getOption] getOption name='debug-eventManager-level' value=''.
10-31 17:56:46.538 D/base::Ini( 3300): [getOption] getOption name='debug-eventManager-level' value=''.
10-31 17:56:46.539 D/base::Ini( 3300): [getOption] getOption name='debug-eventManager-level' value=''.
10-31 17:56:46.539 D/base::Ini( 3300): [getOption] getOption name='debug-eventManager-level' value=''.
10-31 17:56:46.539 D/base::Ini( 3300): [getOption] getOption name='debug-eventManager-level' value=''.
10-31 17:56:46.539 D/base::Ini( 3300): [getOption] getOption name='debug-eventManager-level' value=''.
10-31 17:56:46.539 D/base::Ini( 3300): [getOption] getOption name='debug-eventManager-level' value=''.
10-31 17:56:46.539 D/base::Ini( 3300): [getOption] getOption name='debug-eventManager-level' value=''.
10-31 17:56:46.539 D/base::Ini( 3300): [getOption] getOption name='debug-eventManager-level' value=''.
10-31 17:56:46.539 D/base::Ini( 3300): [getOption] getOption name='debug-eventManager-level' value=''.
10-31 17:56:46.539 D/base::Ini( 3300): [getOption] getOption name='debug-eventManager-level' value=''.
10-31 17:56:46.539 D/base::Ini( 3300): [getOption] getOption name='debug-eventManager-level' value=''.
10-31 17:56:46.539 D/base::Ini( 3300): [getOption] getOption name='debug-eventManager-level' value=''.
10-31 17:56:46.539 D/base::Ini( 3300): [getOption] getOption name='debug-eventManager-level' value=''.
10-31 17:56:46.539 D/base::Ini( 3300): [getOption] getOption name='debug-eventManager-level' value=''.
10-31 17:56:46.539 D/base::Ini( 3300): [getOption] getOption name='debug-eventManager-level' value=''.
10-31 17:56:46.539 D/base::Ini( 3300): [getOption] getOption name='debug-eventManager-level' value=''.
10-31 17:56:46.539 D/base::Ini( 3300): [getOption] getOption name='debug-eventManager-level' value=''.
10-31 17:56:46.663 D/BackBootDealerNeimeng( 2391): standbyState:
10-31 17:56:46.664 E/NetUtils( 2017): Interface eth0 LinkDown!
10-31 17:56:46.724 D/CAManagerNative( 2391): getCardInfo.CA_Manager_GetMotherCardID result=0,motherCardID=0
10-31 17:56:46.725 V/SUMA    ( 2391): [cas-c][CA_Manager_GetAreaInfoSync 2565]enter !!!
10-31 17:56:46.739 D/base::Ini( 3300): [getOption] getOption name='debug-eventManager-level' value=''.
10-31 17:56:46.740 D/base::Ini( 3300): [getOption] getOption name='debug-eventManager-level' value=''.
10-31 17:56:46.740 D/base::Ini( 3300): [getOption] getOption name='debug-eventManager-level' value=''.
10-31 17:56:46.740 D/base::Ini( 3300): [getOption] getOption name='debug-eventManager-level' value=''.
10-31 17:56:46.740 D/base::Ini( 3300): [getOption] getOption name='debug-eventManager-level' value=''.
10-31 17:56:46.740 D/base::Ini( 3300): [getOption] getOption name='debug-eventManager-level' value=''.
10-31 17:56:46.740 D/base::Ini( 3300): [getOption] getOption name='debug-eventManager-level' value=''.
10-31 17:56:46.740 D/base::Ini( 3300): [getOption] getOption name='debug-eventManager-level' value=''.
10-31 17:56:46.740 D/base::Ini( 3300): [getOption] getOption name='debug-eventManager-level' value=''.
10-31 17:56:46.740 D/base::Ini( 3300): [getOption] getOption name='debug-netdev-level' value=''.
10-31 17:56:46.740 D/base::Ini( 3300): [getOption] getOption name='debug-netdev-level' value=''.
10-31 17:56:46.740 D/base::Ini( 3300): [getOption] getOption name='debug-netdev-level' value=''.
10-31 17:56:46.740 D/base::Ini( 3300): [getOption] getOption name='debug-netdev-level' value=''.
10-31 17:56:46.740 D/base::Ini( 3300): [getOption] getOption name='debug-eventManager-level' value=''.
10-31 17:56:46.740 D/base::Ini( 3300): [getOption] getOption name='debug-eventManager-level' value=''.
10-31 17:56:46.740 D/base::Ini( 3300): [getOption] getOption name='debug-netdev-level' value=''.
10-31 17:56:46.740 D/base::Ini( 3300): [getOption] getOption name='debug-netdev-level' value=''.
10-31 17:56:46.740 D/base::Ini( 3300): [getOption] getOption name='debug-netdev-level' value=''.
10-31 17:56:46.740 D/base::Ini( 3300): [getOption] getOption name='debug-netdev-level' value=''.
10-31 17:56:46.740 D/base::Ini( 3300): [getOption] getOption name='debug-eventManager-level' value=''.
10-31 17:56:46.740 D/base::Ini( 3300): [getOption] getOption name='debug-eventManager-level' value=''.
10-31 17:56:46.741 D/base::Ini( 3300): [getOption] getOption name='debug-eventManager-level' value=''.
10-31 17:56:46.741 D/base::Ini( 3300): [getOption] getOption name='debug-eventManager-level' value=''.
10-31 17:56:46.741 D/base::Ini( 3300): [getOption] getOption name='debug-eventManager-level' value=''.
10-31 17:56:46.741 D/base::Ini( 3300): [getOption] getOption name='debug-eventManager-level' value=''.
10-31 17:56:46.741 D/base::Ini( 3300): [getOption] getOption name='debug-eventManager-level' value=''.
10-31 17:56:46.741 D/base::Ini( 3300): [getOption] getOption name='debug-eventManager-level' value=''.
10-31 17:56:46.741 D/base::Ini( 3300): [getOption] getOption name='debug-eventManager-level' value=''.
10-31 17:56:46.741 D/base::Ini( 3300): [getOption] getOption name='debug-eventManager-level' value=''.
10-31 17:56:46.741 D/base::Ini( 3300): [getOption] getOption name='debug-eventManager-level' value=''.
10-31 17:56:46.741 D/base::Ini( 3300): [getOption] getOption name='debug-eventManager-level' value=''.
10-31 17:56:46.741 D/base::Ini( 3300): [getOption] getOption name='debug-eventManager-level' value=''.
10-31 17:56:46.741 D/base::Ini( 3300): [getOption] getOption name='debug-eventManager-level' value=''.
10-31 17:56:46.741 D/base::Ini( 3300): [getOption] getOption name='debug-eventManager-level' value=''.
10-31 17:56:46.741 D/base::Ini( 3300): [getOption] getOption name='debug-eventManager-level' value=''.
10-31 17:56:46.741 D/base::Ini( 3300): [getOption] getOption name='debug-eventManager-level' value=''.
10-31 17:56:46.741 D/base::Ini( 3300): [getOption] getOption name='debug-eventManager-level' value=''.
10-31 17:56:46.941 D/base::Ini( 3300): [getOption] getOption name='debug-eventManager-level' value=''.
10-31 17:56:46.941 D/base::Ini( 3300): [getOption] getOption name='debug-eventManager-level' value=''.
10-31 17:56:46.941 D/base::Ini( 3300): [getOption] getOption name='debug-eventManager-level' value=''.
10-31 17:56:46.941 D/base::Ini( 3300): [getOption] getOption name='debug-eventManager-level' value=''.
10-31 17:56:46.941 D/base::Ini( 3300): [getOption] getOption name='debug-eventManager-level' value=''.
10-31 17:56:46.942 D/base::Ini( 3300): [getOption] getOption name='debug-eventManager-level' value=''.
10-31 17:56:46.942 D/base::Ini( 3300): [getOption] getOption name='debug-eventManager-level' value=''.
10-31 17:56:46.942 D/base::Ini( 3300): [getOption] getOption name='debug-eventManager-level' value=''.
10-31 17:56:46.942 D/base::Ini( 3300): [getOption] getOption name='debug-eventManager-level' value=''.
10-31 17:56:46.942 D/base::Ini( 3300): [getOption] getOption name='debug-eventManager-level' value=''.
10-31 17:56:46.942 D/base::Ini( 3300): [getOption] getOption name='debug-netdev-level' value=''.
10-31 17:56:46.942 D/base::Ini( 3300): [getOption] getOption name='debug-netdev-level' value=''.
10-31 17:56:46.942 D/base::Ini( 3300): [getOption] getOption name='debug-netdev-level' value=''.
10-31 17:56:46.942 D/base::Ini( 3300): [getOption] getOption name='debug-netdev-level' value=''.
10-31 17:56:46.942 D/base::Ini( 3300): [getOption] getOption name='debug-netdev-level' value=''.
10-31 17:56:46.942 D/base::Ini( 3300): [getOption] getOption name='debug-netdev-level' value=''.
10-31 17:56:46.942 D/base::Ini( 3300): [getOption] getOption name='debug-netdev-level' value=''.
10-31 17:56:46.942 D/base::Ini( 3300): [getOption] getOption name='debug-netdev-level' value=''.
10-31 17:56:46.942 D/base::Ini( 3300): [getOption] getOption name='debug-eventManager-level' value=''.
10-31 17:56:46.942 D/base::Ini( 3300): [getOption] getOption name='debug-eventManager-level' value=''.
10-31 17:56:46.942 D/base::Ini( 3300): [getOption] getOption name='debug-eventManager-level' value=''.
10-31 17:56:46.942 D/base::Ini( 3300): [getOption] getOption name='debug-eventManager-level' value=''.
10-31 17:56:46.942 D/base::Ini( 3300): [getOption] getOption name='debug-eventManager-level' value=''.
10-31 17:56:46.942 D/base::Ini( 3300): [getOption] getOption name='debug-eventManager-level' value=''.
10-31 17:56:46.942 D/base::Ini( 3300): [getOption] getOption name='debug-eventManager-level' value=''.
10-31 17:56:46.942 D/base::Ini( 3300): [getOption] getOption name='debug-eventManager-level' value=''.
10-31 17:56:46.942 D/base::Ini( 3300): [getOption] getOption name='debug-eventManager-level' value=''.
10-31 17:56:46.943 D/base::Ini( 3300): [getOption] getOption name='debug-eventManager-level' value=''.
10-31 17:56:46.943 D/base::Ini( 3300): [getOption] getOption name='debug-eventManager-level' value=''.
10-31 17:56:46.943 D/base::Ini( 3300): [getOption] getOption name='debug-eventManager-level' value=''.
10-31 17:56:46.943 D/base::Ini( 3300): [getOption] getOption name='debug-eventManager-level' value=''.
10-31 17:56:46.943 D/base::Ini( 3300): [getOption] getOption name='debug-eventManager-level' value=''.
10-31 17:56:46.943 D/base::Ini( 3300): [getOption] getOption name='debug-eventManager-level' value=''.
10-31 17:56:46.943 D/base::Ini( 3300): [getOption] getOption name='debug-eventManager-level' value=''.
10-31 17:56:46.943 D/base::Ini( 3300): [getOption] getOption name='debug-eventManager-level' value=''.
10-31 17:56:46.943 D/base::Ini( 3300): [getOption] getOption name='debug-eventManager-level' value=''.
10-31 17:56:46.943 D/base::Ini( 3300): [getOption] getOption name='debug-eventManager-level' value=''.
10-31 17:56:46.948 V/SUMA    ( 1582): >> [CA]rocme_porting_ca_get_area_info_suma: DVTCASTB_GetAreaInfo area_info->card_area = 7000  
10-31 17:56:46.949 V/SUMA    ( 1582): >> [CA]rocme_porting_ca_get_area_info_suma: DVTCASTB_GetAreaInfo area_info->set_card_area_time = 1506507111  
10-31 17:56:46.949 V/SUMA    ( 1582): >> [CA]rocme_porting_ca_get_area_info_suma: DVTCASTB_GetAreaInfo area_info->start_flag = 0  
10-31 17:56:46.949 V/SUMA    ( 1582): >> [CA]rocme_porting_ca_get_area_info_suma: DVTCASTB_GetAreaInfo area_info->set_flag_time = 0  
10-31 17:56:46.949 V/SUMA    ( 2391): [cas-c][CA_Manager_GetAreaInfoSync 2580]leave !!!
10-31 17:56:46.949 D/CAManagerNative( 2391): getCardInfo.CA_Manager_GetAreaInfoSync result=0
10-31 17:56:46.949 D/CAManagerNative( 2391): getCardInfo card_area=7000,card_area_time=0
10-31 17:56:46.949 V/SUMA    ( 2391): [cas-c][CA_Manager_GetCardLockStatus 989]enter !!!
10-31 17:56:46.968 V/SUMA    ( 2391): [cas-c][CA_Manager_GetCardLockStatus 1001]leave !!!
10-31 17:56:47.006 V/SUMA    ( 2391): [cas-c][CA_Manager_GetWatchRating 1547]leave !!!
10-31 17:56:47.006 D/CAManagerNative( 2391): CA watch TV ,The Min age is 18 
10-31 17:56:47.006 V/SUMA    ( 2391): [cas-c][CA_Manager_GetWorkTime 1481]leave !!!
10-31 17:56:47.006 I/System.out( 2391): [DEBUG CAWorkTime]  the param startHour is 0
10-31 17:56:47.006 I/System.out( 2391): [DEBUG CAWorkTime]  the param startMinute is 0
10-31 17:56:47.006 I/System.out( 2391): [DEBUG CAWorkTime]  the param endHour is 23
10-31 17:56:47.006 I/System.out( 2391): [DEBUG CAWorkTime]  the param endMinute is 59
10-31 17:56:47.008 D/CaNgbDealer( 2391): [TN_Binder_2]getCaUserDataArray key=246
10-31 17:56:47.037 D/BasicFigure( 2498): [TN_GLThread 73]isDrawFocused relyElement=[BaseElement@3d27edaa]focusScale[1.15]elementAlpha[-1.0]refectAlpha[-1.0]isFocusAble[true]shadowIndex[-1]autoJumpType[-1]uniqueID[54resSize0]rect[NULL]
10-31 17:56:47.038 D/BasicFigure( 2498): [TN_GLThread 73]isDrawFocused basicFigure=com.suma.midware.view.b.c.c@2fe62d9b
10-31 17:56:47.099 I/AdvancedPorting-PORT_MODULE_NET( 3300): network_task while... 
10-31 17:56:47.099 I/AdvancedPorting-PORT_MODULE_NET( 3300): 0 interface name: lo
10-31 17:56:47.099 I/AdvancedPorting-PORT_MODULE_NET( 3300): 1 interface name: wlan0
10-31 17:56:47.099 I/AdvancedPorting-PORT_MODULE_NET( 3300): First interface name: lo
10-31 17:56:47.099 I/AdvancedPorting-PORT_MODULE_NET( 3300): network_task while...  net_i:1
10-31 17:56:47.099 I/AdvancedPorting-PORT_MODULE_NET( 3300): network_task while---name_interface[0]=lo
10-31 17:56:47.099 I/AdvancedPorting-PORT_MODULE_NET( 3300): network_task while---name_interface[1]=wlan0
10-31 17:56:47.099 I/AdvancedPorting-PORT_MODULE_NET( 3300): network_task while---interface_name=wlan0
10-31 17:56:47.099 I/AdvancedPorting-PORT_MODULE_NET( 3300): network_get_netlink_status(in)--if_name=wlan0
10-31 17:56:47.099 I/AdvancedPorting-PORT_MODULE_NET( 3300): net.network.isconnected = no
10-31 17:56:47.099 I/AdvancedPorting-PORT_MODULE_NET( 3300): wlan0 --network_get_netlink_status return retval=1
10-31 17:56:47.099 I/AdvancedPorting-PORT_MODULE_NET( 3300): stat = 1 last_status = 1
10-31 17:56:47.143 D/base::Ini( 3300): [getOption] getOption name='debug-eventManager-level' value=''.
10-31 17:56:47.143 D/base::Ini( 3300): [getOption] getOption name='debug-eventManager-level' value=''.
10-31 17:56:47.143 D/base::Ini( 3300): [getOption] getOption name='debug-eventManager-level' value=''.
10-31 17:56:47.143 D/base::Ini( 3300): [getOption] getOption name='debug-eventManager-level' value=''.
10-31 17:56:47.143 D/base::Ini( 3300): [getOption] getOption name='debug-eventManager-level' value=''.
10-31 17:56:47.143 D/base::Ini( 3300): [getOption] getOption name='debug-eventManager-level' value=''.
10-31 17:56:47.143 D/base::Ini( 3300): [getOption] getOption name='debug-eventManager-level' value=''.
10-31 17:56:47.143 D/base::Ini( 3300): [getOption] getOption name='debug-eventManager-level' value=''.
10-31 17:56:47.143 D/base::Ini( 3300): [getOption] getOption name='debug-eventManager-level' value=''.
10-31 17:56:47.143 D/base::Ini( 3300): [getOption] getOption name='debug-eventManager-level' value=''.
10-31 17:56:47.144 D/base::Ini( 3300): [getOption] getOption name='debug-eventManager-level' value=''.
10-31 17:56:47.144 I/Advanced( 3300): [QUEUE] share_queue_sendEx size:1 4097 5249 0x8e35fc28,postLoopId:0,dstid:1.
10-31 17:56:47.144 D/base::Ini( 3300): [getOption] getOption name='debug-eventManager-level' value=''.
10-31 17:56:47.144 D/base::Ini( 3300): [getOption] getOption name='debug-eventManager-level' value=''.
10-31 17:56:47.144 D/base::Ini( 3300): [getOption] getOption name='debug-eventManager-level' value=''.
10-31 17:56:47.144 D/base::Ini( 3300): [getOption] getOption name='debug-eventManager-level' value=''.
10-31 17:56:47.144 D/base::Ini( 3300): [getOption] getOption name='debug-eventManager-level' value=''.
10-31 17:56:47.144 D/base::Ini( 3300): [getOption] getOption name='debug-eventManager-level' value=''.
10-31 17:56:47.144 D/base::Ini( 3300): [getOption] getOption name='debug-eventManager-level' value=''.
10-31 17:56:47.144 D/base::Ini( 3300): [getOption] getOption name='debug-netdev-level' value=''.
10-31 17:56:47.144 D/base::Ini( 3300): [getOption] getOption name='debug-netdev-level' value=''.
10-31 17:56:47.144 D/base::Ini( 3300): [getOption] getOption name='debug-netdev-level' value=''.
10-31 17:56:47.144 D/base::Ini( 3300): [getOption] getOption name='debug-netdev-level' value=''.
10-31 17:56:47.144 D/base::Ini( 3300): [getOption] getOption name='debug-netdev-level' value=''.
10-31 17:56:47.144 D/base::Ini( 3300): [getOption] getOption name='debug-netdev-level' value=''.
10-31 17:56:47.144 D/base::Ini( 3300): [getOption] getOption name='debug-netdev-level' value=''.
10-31 17:56:47.144 D/base::Ini( 3300): [getOption] getOption name='debug-netdev-level' value=''.
10-31 17:56:47.144 D/base::Ini( 3300): [getOption] getOption name='debug-eventManager-level' value=''.
10-31 17:56:47.144 D/base::Ini( 3300): [getOption] getOption name='debug-eventManager-level' value=''.
10-31 17:56:47.144 D/base::Ini( 3300): [getOption] getOption name='debug-eventManager-level' value=''.
10-31 17:56:47.144 D/base::Ini( 3300): [getOption] getOption name='debug-eventManager-level' value=''.
10-31 17:56:47.144 D/base::Ini( 3300): [getOption] getOption name='debug-eventManager-level' value=''.
10-31 17:56:47.144 D/base::Ini( 3300): [getOption] getOption name='debug-eventManager-level' value=''.
10-31 17:56:47.144 D/base::Ini( 3300): [getOption] getOption name='debug-eventManager-level' value=''.
10-31 17:56:47.145 D/base::Ini( 3300): [getOption] getOption name='debug-eventManager-level' value=''.
10-31 17:56:47.145 D/base::Ini( 3300): [getOption] getOption name='debug-eventManager-level' value=''.
10-31 17:56:47.145 D/base::Ini( 3300): [getOption] getOption name='debug-eventManager-level' value=''.
10-31 17:56:47.145 D/base::Ini( 3300): [getOption] getOption name='debug-eventManager-level' value=''.
10-31 17:56:47.145 D/base::Ini( 3300): [getOption] getOption name='debug-eventManager-level' value=''.
10-31 17:56:47.145 D/base::Ini( 3300): [getOption] getOption name='debug-eventManager-level' value=''.
10-31 17:56:47.145 D/base::Ini( 3300): [getOption] getOption name='debug-eventManager-level' value=''.
10-31 17:56:47.145 D/base::Ini( 3300): [getOption] getOption name='debug-eventManager-level' value=''.
10-31 17:56:47.145 D/base::Ini( 3300): [getOption] getOption name='debug-eventManager-level' value=''.
10-31 17:56:47.164 D/BackBootDealerNeimeng( 2391): standbyState:
10-31 17:56:47.165 E/NetUtils( 2017): Interface eth0 LinkDown!
10-31 17:56:47.329 V/SUMA    ( 1582): >> [CA] rocme_porting_ca_get_user_def_data_suma just for output:  *user_def_data=0(0x0)  
10-31 17:56:47.330 V/SUMA    ( 2391): [cas-c][CA_Manager_GetUserDefData 1941]leave !!!
10-31 17:56:47.330 D/CAManagerNative( 2391): getPrivateData key=246(0xf6),failed with result=-1
10-31 17:56:47.330 E/ByteUtil( 2498): [TN_AndroidTimer-0]getInt index=0,isBigEndia=true,bytes=null
10-31 17:56:47.331 D/ConfigUpdateOttAdmin( 2498): [TN_ThreadUtil-0]dealUpdateCheck menuConfig=[MenuConfig@f5d]configID[3840]configAlias[homeConfig]configName[home_config.dat]version[1]isFilePath1[false]rootView[com.suma.midware.home.third.h{17a1d61f VFE..... .F...... 0,0-1280,720}]rootLayout[null]
10-31 17:56:47.331 D/CaNgbDealer( 2391): [TN_Binder_3]getCaCardInfo res=[I@2f30ee41,isCache=true
10-31 17:56:47.332 D/FileIOUtil( 2498): [TN_ThreadUtil-0]deleteFile filePath=/data/user/0/com.suma.midware.home/files/launcherRes/f00/1/,containRootDir=false
10-31 17:56:47.332 D/FileIOUtil( 2498): [TN_ThreadUtil-0]deleteFile file=/data/user/0/com.suma.midware.home/files/launcherRes/f00/1,containRootDir=false
10-31 17:56:47.332 E/ConfigUpdateNeimengOttAdmin( 2498): [TN_ThreadUtil-0]checkConfig url=http://tvos-launcher.96066.com:8082/LancherWeb/getLauncherUpdatePackage?areaCode=&serialNumber=15510217220000014&standardVersion=1.0&mac=&hardVersion=04.01.01.02&launcherVersion=0&locationCode=7000&cardOutID=8150010316662691&softVersion=03.16.00.03&type=1&model=8
10-31 17:56:47.333 E/FlyAndWeatherUpdate( 2498): [TN_ThreadUtil-1]url: http://tvos-launcher.96066.com:8082/LancherWeb/getLauncherWeather?hardVersion=04.01.01.02&locationCode=7000&softVersion=03.16.00.03&serialNumber=15510217220000014&type=1&mac=&model=8
10-31 17:56:47.333 D/LoadHttpHandler( 2498): [TN_ThreadUtil-0]doNormal proxyConfig=null
10-31 17:56:47.334 D/LoadHttpHandler( 2498): [TN_ThreadUtil-1]doNormal proxyConfig=null
10-31 17:56:47.344 D/base::Ini( 3300): [getOption] getOption name='debug-eventManager-level' value=''.
10-31 17:56:47.344 D/base::Ini( 3300): [getOption] getOption name='debug-eventManager-level' value=''.
10-31 17:56:47.344 D/base::Ini( 3300): [getOption] getOption name='debug-eventManager-level' value=''.
10-31 17:56:47.344 D/base::Ini( 3300): [getOption] getOption name='debug-eventManager-level' value=''.
10-31 17:56:47.344 D/base::Ini( 3300): [getOption] getOption name='debug-eventManager-level' value=''.
10-31 17:56:47.344 D/base::Ini( 3300): [getOption] getOption name='debug-eventManager-level' value=''.
10-31 17:56:47.344 D/base::Ini( 3300): [getOption] getOption name='debug-eventManager-level' value=''.
10-31 17:56:47.344 D/base::Ini( 3300): [getOption] getOption name='debug-eventManager-level' value=''.
10-31 17:56:47.344 D/base::Ini( 3300): [getOption] getOption name='debug-eventManager-level' value=''.
10-31 17:56:47.344 D/base::Ini( 3300): [getOption] getOption name='debug-eventManager-level' value=''.
10-31 17:56:47.344 D/base::Ini( 3300): [getOption] getOption name='debug-eventManager-level' value=''.
10-31 17:56:47.345 D/base::Ini( 3300): [getOption] getOption name='debug-netdev-level' value=''.
10-31 17:56:47.345 D/base::Ini( 3300): [getOption] getOption name='debug-netdev-level' value=''.
10-31 17:56:47.345 D/base::Ini( 3300): [getOption] getOption name='debug-netdev-level' value=''.
10-31 17:56:47.345 D/base::Ini( 3300): [getOption] getOption name='debug-netdev-level' value=''.
10-31 17:56:47.355 D/base::Ini( 3300): [getOption] getOption name='debug-eventManager-level' value=''.
10-31 17:56:47.355 D/base::Ini( 3300): [getOption] getOption name='debug-eventManager-level' value=''.
10-31 17:56:47.355 D/base::Ini( 3300): [getOption] getOption name='debug-eventManager-level' value=''.
10-31 17:56:47.355 D/base::Ini( 3300): [getOption] getOption name='debug-eventManager-level' value=''.
10-31 17:56:47.355 D/base::Ini( 3300): [getOption] getOption name='debug-eventManager-level' value=''.
10-31 17:56:47.355 D/base::Ini( 3300): [getOption] getOption name='debug-eventManager-level' value=''.
10-31 17:56:47.355 D/base::Ini( 3300): [getOption] getOption name='debug-eventManager-level' value=''.
10-31 17:56:47.355 D/base::Ini( 3300): [getOption] getOption name='debug-eventManager-level' value=''.
10-31 17:56:47.355 D/base::Ini( 3300): [getOption] getOption name='debug-eventManager-level' value=''.
10-31 17:56:47.355 D/base::Ini( 3300): [getOption] getOption name='debug-eventManager-level' value=''.
10-31 17:56:47.355 D/base::Ini( 3300): [getOption] getOption name='debug-netdev-level' value=''.
10-31 17:56:47.355 D/base::Ini( 3300): [getOption] getOption name='debug-netdev-level' value=''.
10-31 17:56:47.355 D/base::Ini( 3300): [getOption] getOption name='debug-netdev-level' value=''.
10-31 17:56:47.355 D/base::Ini( 3300): [getOption] getOption name='debug-netdev-level' value=''.
10-31 17:56:47.355 D/base::Ini( 3300): [getOption] getOption name='debug-eventManager-level' value=''.
10-31 17:56:47.355 D/base::Ini( 3300): [getOption] getOption name='debug-eventManager-level' value=''.
10-31 17:56:47.355 D/base::Ini( 3300): [getOption] getOption name='debug-eventManager-level' value=''.
10-31 17:56:47.355 D/base::Ini( 3300): [getOption] getOption name='debug-eventManager-level' value=''.
10-31 17:56:47.356 D/base::Ini( 3300): [getOption] getOption name='debug-eventManager-level' value=''.
10-31 17:56:47.356 D/base::Ini( 3300): [getOption] getOption name='debug-eventManager-level' value=''.
10-31 17:56:47.356 D/base::Ini( 3300): [getOption] getOption name='debug-eventManager-level' value=''.
10-31 17:56:47.356 D/base::Ini( 3300): [getOption] getOption name='debug-eventManager-level' value=''.
10-31 17:56:47.356 D/base::Ini( 3300): [getOption] getOption name='debug-eventManager-level' value=''.
10-31 17:56:47.356 D/base::Ini( 3300): [getOption] getOption name='debug-eventManager-level' value=''.
10-31 17:56:47.356 D/base::Ini( 3300): [getOption] getOption name='debug-eventManager-level' value=''.
10-31 17:56:47.356 D/base::Ini( 3300): [getOption] getOption name='debug-eventManager-level' value=''.
10-31 17:56:47.356 D/base::Ini( 3300): [getOption] getOption name='debug-eventManager-level' value=''.
10-31 17:56:47.356 D/base::Ini( 3300): [getOption] getOption name='debug-eventManager-level' value=''.
10-31 17:56:47.356 D/base::Ini( 3300): [getOption] getOption name='debug-eventManager-level' value=''.
10-31 17:56:47.356 D/base::Ini( 3300): [getOption] getOption name='debug-eventManager-level' value=''.
10-31 17:56:47.431 D/LoadHttpHandler( 2498): [TN_ThreadUtil-1]doNormal responseCode=200
10-31 17:56:47.432 D/LoadHttpHandler( 2498): [TN_ThreadUtil-1]doNormal savePath=null,fileName=null,total=-1
10-31 17:56:47.432 E/FlyAndWeatherUpdate( 2498): [TN_ThreadUtil-1]isWeatherUpdate is not need update
10-31 17:56:47.485 D/LoadHttpHandler( 2498): [TN_ThreadUtil-0]doNormal responseCode=200
10-31 17:56:47.485 D/LoadHttpHandler( 2498): [TN_ThreadUtil-0]doNormal savePath=null,fileName=null,total=-1
10-31 17:56:47.485 E/ConfigUpdateNeimengOttAdmin( 2498): [TN_ThreadUtil-0]data: {"status":"0","errorMessage":"","data":""}
10-31 17:56:47.486 E/ConfigUpdateNeimengOttAdmin( 2498): [TN_ThreadUtil-0]checkConfig illegal version is null
10-31 17:56:47.555 D/base::Ini( 3300): [getOption] getOption name='debug-eventManager-level' value=''.
10-31 17:56:47.555 D/base::Ini( 3300): [getOption] getOption name='debug-eventManager-level' value=''.
10-31 17:56:47.555 D/base::Ini( 3300): [getOption] getOption name='debug-eventManager-level' value=''.
10-31 17:56:47.556 D/base::Ini( 3300): [getOption] getOption name='debug-eventManager-level' value=''.
10-31 17:56:47.556 D/base::Ini( 3300): [getOption] getOption name='debug-eventManager-level' value=''.
10-31 17:56:47.556 D/base::Ini( 3300): [getOption] getOption name='debug-eventManager-level' value=''.
10-31 17:56:47.556 D/base::Ini( 3300): [getOption] getOption name='debug-eventManager-level' value=''.
10-31 17:56:47.556 D/base::Ini( 3300): [getOption] getOption name='debug-eventManager-level' value=''.
10-31 17:56:47.556 D/base::Ini( 3300): [getOption] getOption name='debug-eventManager-level' value=''.
10-31 17:56:47.556 D/base::Ini( 3300): [getOption] getOption name='debug-eventManager-level' value=''.
10-31 17:56:47.556 D/base::Ini( 3300): [getOption] getOption name='debug-eventManager-level' value=''.
10-31 17:56:47.556 D/base::Ini( 3300): [getOption] getOption name='debug-netdev-level' value=''.
10-31 17:56:47.556 D/base::Ini( 3300): [getOption] getOption name='debug-netdev-level' value=''.
10-31 17:56:47.556 D/base::Ini( 3300): [getOption] getOption name='debug-netdev-level' value=''.
10-31 17:56:47.556 D/base::Ini( 3300): [getOption] getOption name='debug-netdev-level' value=''.
10-31 17:56:47.566 D/base::Ini( 3300): [getOption] getOption name='debug-eventManager-level' value=''.
10-31 17:56:47.566 D/base::Ini( 3300): [getOption] getOption name='debug-eventManager-level' value=''.
10-31 17:56:47.566 D/base::Ini( 3300): [getOption] getOption name='debug-eventManager-level' value=''.
10-31 17:56:47.566 D/base::Ini( 3300): [getOption] getOption name='debug-eventManager-level' value=''.
10-31 17:56:47.566 D/base::Ini( 3300): [getOption] getOption name='debug-eventManager-level' value=''.
10-31 17:56:47.566 D/base::Ini( 3300): [getOption] getOption name='debug-eventManager-level' value=''.
10-31 17:56:47.566 D/base::Ini( 3300): [getOption] getOption name='debug-eventManager-level' value=''.
10-31 17:56:47.566 D/base::Ini( 3300): [getOption] getOption name='debug-eventManager-level' value=''.
10-31 17:56:47.566 D/base::Ini( 3300): [getOption] getOption name='debug-eventManager-level' value=''.
10-31 17:56:47.566 D/base::Ini( 3300): [getOption] getOption name='debug-eventManager-level' value=''.
10-31 17:56:47.566 D/base::Ini( 3300): [getOption] getOption name='debug-netdev-level' value=''.
10-31 17:56:47.566 D/base::Ini( 3300): [getOption] getOption name='debug-netdev-level' value=''.
10-31 17:56:47.566 D/base::Ini( 3300): [getOption] getOption name='debug-netdev-level' value=''.
10-31 17:56:47.567 D/base::Ini( 3300): [getOptio