10-31 17:56:44.196 D/WebViewImpl( 3300): [handleKeyEvent] keycode:0, eventType:9 native keycode:82 frame=0x48bac0a8. url='http://10.14.41.246/application/bxfc/sec/index.htm'.
10-31 17:56:44.196 D/[blink]KeyboardEventManager( 3300): [keyEvent] initialKeyEvent KeyUp nativeKeyCode=82 windowsKeyCode=0 text[0]=0
10-31 17:56:44.196 D/[blink]KeyboardEventManager( 3300): [keyEvent] initialKeyEvent focusedNode=0x0
10-31 17:56:44.266 D/base::Ini( 3300): [getOption] getOption name='debug-eventManager-level' value=''.
10-31 17:56:44.266 D/base::Ini( 3300): [getOption] getOption name='debug-eventManager-level' value=''.
10-31 17:56:44.266 D/base::Ini( 3300): [getOption] getOption name='debug-eventManager-level' value=''.
10-31 17:56:44.266 D/base::Ini( 3300): [getOption] getOption name='debug-eventManager-level' value=''.
10-31 17:56:44.266 D/base::Ini( 3300): [getOption] getOption name='debug-eventManager-level' value=''.
10-31 17:56:44.266 D/base::Ini( 3300): [getOption] getOption name='debug-eventManager-level' value=''.
10-31 17:56:44.266 D/base::Ini( 3300): [getOption] getOption name='debug-eventManager-level' value=''.
10-31 17:56:44.266 D/base::Ini( 3300): [getOption] getOption name='debug-eventManager-level' value=''.
10-31 17:56:44.266 D/base::Ini( 3300): [getOption] getOption name='debug-eventManager-level' value=''.
10-31 17:56:44.266 D/base::Ini( 3300): [getOption] getOption name='debug-eventManager-level' value=''.
10-31 17:56:44.266 D/base::Ini( 3300): [getOption] getOption name='debug-eventManager-level' value=''.
10-31 17:56:44.266 I/Advanced( 3300): [QUEUE] share_queue_sendEx size:1 4097 5235 0x8e35fc28,postLoopId:0,dstid:1.
10-31 17:56:44.266 D/base::Ini( 3300): [getOption] getOption name='debug-eventManager-level' value=''.
10-31 17:56:44.266 D/base::Ini( 3300): [getOption] getOption name='debug-eventManager-level' value=''.
10-31 17:56:44.266 D/base::Ini( 3300): [getOption] getOption name='debug-eventManager-level' value=''.
10-31 17:56:44.266 D/base::Ini( 3300): [getOption] getOption name='debug-eventManager-level' value=''.
10-31 17:56:44.266 D/base::Ini( 3300): [getOption] getOption name='debug-eventManager-level' value=''.
10-31 17:56:44.266 D/base::Ini( 3300): [getOption] getOption name='debug-eventManager-level' value=''.
10-31 17:56:44.266 D/base::Ini( 3300): [getOption] getOption name='debug-eventManager-level' value=''.
10-31 17:56:44.266 D/base::Ini( 3300): [getOption] getOption name='debug-netdev-level' value=''.
10-31 17:56:44.266 D/base::Ini( 3300): [getOption] getOption name='debug-netdev-level' value=''.
10-31 17:56:44.266 D/base::Ini( 3300): [getOption] getOption name='debug-netdev-level' value=''.
10-31 17:56:44.266 D/base::Ini( 3300): [getOption] getOption name='debug-netdev-level' value=''.
10-31 17:56:44.266 D/base::Ini( 3300): [getOption] getOption name='debug-netdev-level' value=''.
10-31 17:56:44.266 D/base::Ini( 3300): [getOption] getOption name='debug-netdev-level' value=''.
10-31 17:56:44.266 D/base::Ini( 3300): [getOption] getOption name='debug-netdev-level' value=''.
10-31 17:56:44.266 D/base::Ini( 3300): [getOption] getOption name='debug-netdev-level' value=''.
10-31 17:56:44.266 D/base::Ini( 3300): [getOption] getOption name='debug-eventManager-level' value=''.
10-31 17:56:44.266 D/base::Ini( 3300): [getOption] getOption name='debug-eventManager-level' value=''.
10-31 17:56:44.266 D/base::Ini( 3300): [getOption] getOption name='debug-eventManager-level' value=''.
10-31 17:56:44.266 D/base::Ini( 3300): [getOption] getOption name='debug-eventManager-level' value=''.
10-31 17:56:44.266 D/base::Ini( 3300): [getOption] getOption name='debug-eventManager-level' value=''.
10-31 17:56:44.266 D/base::Ini( 3300): [getOption] getOption name='debug-eventManager-level' value=''.
10-31 17:56:44.266 D/base::Ini( 3300): [getOption] getOption name='debug-eventManager-level' value=''.
10-31 17:56:44.266 D/base::Ini( 3300): [getOption] getOption name='debug-eventManager-level' value=''.
10-31 17:56:44.266 D/base::Ini( 3300): [getOption] getOption name='debug-eventManager-level' value=''.
10-31 17:56:44.266 D/base::Ini( 3300): [getOption] getOption name='debug-eventManager-level' value=''.
10-31 17:56:44.266 D/base::Ini( 3300): [getOption] getOption name='debug-eventManager-level' value=''.
10-31 17:56:44.266 D/base::Ini( 3300): [getOption] getOption name='debug-eventManager-level' value=''.
10-31 17:56:44.266 D/base::Ini( 3300): [getOption] getOption name='debug-eventManager-level' value=''.
10-31 17:56:44.266 D/base::Ini( 3300): [getOption] getOption name='debug-eventManager-level' value=''.
10-31 17:56:44.266 D/base::Ini( 3300): [getOption] getOption name='debug-eventManager-level' value=''.
10-31 17:56:44.266 D/base::Ini( 3300): [getOption] getOption name='debug-eventManager-level' value=''.
10-31 17:56:44.381 D/[cc]beginFrameSource( 3300): [AddObserver] ExternalBeginFrameSource::AddObserver
10-31 17:56:44.389 D/[cc]ProxyMain( 3300): [BeginMainFrame] cc.BeginMainFrame this:0x9f7f5d08
10-31 17:56:44.389 D/[cc]LayerTreeHost( 3300): [AnimateLayers] AnimateLayers monotonic_time=1211583284
10-31 17:56:44.389 D/[blink]FrameView( 3300): [updateStyleAndLayoutIfNeededRecursiveInternal] in... this:0x44bd6fc0.
10-31 17:56:44.389 D/[blink]FrameView( 3300): [updateStyleAndLayoutIfNeededRecursiveInternal] end... this:0x44bd6fc0.
10-31 17:56:44.389 D/[blink]FrameView( 3300): [updateLifecyclePhasesInternal] in... this:0x44bd6fc0, targetState=18
10-31 17:56:44.389 D/[blink]FrameView( 3300): [updateLifecyclePhasesInternal] call compositor()->updateIfNeededRecursive()!
10-31 17:56:44.389 D/[blink]FrameView( 3300): [updateLifecyclePhasesInternal] end... this:0x44bd6fc0
10-31 17:56:44.466 D/base::Ini( 3300): [getOption] getOption name='debug-eventManager-level' value=''.
10-31 17:56:44.466 D/base::Ini( 3300): [getOption] getOption name='debug-eventManager-level' value=''.
10-31 17:56:44.466 D/base::Ini( 3300): [getOption] getOption name='debug-eventManager-level' value=''.
10-31 17:56:44.466 D/base::Ini( 3300): [getOption] getOption name='debug-eventManager-level' value=''.
10-31 17:56:44.466 D/base::Ini( 3300): [getOption] getOption name='debug-eventManager-level' value=''.
10-31 17:56:44.466 D/base::Ini( 3300): [getOption] getOption name='debug-eventManager-level' value=''.
10-31 17:56:44.467 D/base::Ini( 3300): [getOption] getOption name='debug-eventManager-level' value=''.
10-31 17:56:44.467 D/base::Ini( 3300): [getOption] getOption name='debug-eventManager-level' value=''.
10-31 17:56:44.467 D/base::Ini( 3300): [getOption] getOption name='debug-eventManager-level' value=''.
10-31 17:56:44.467 D/base::Ini( 3300): [getOption] getOption name='debug-eventManager-level' value=''.
10-31 17:56:44.467 D/base::Ini( 3300): [getOption] getOption name='debug-eventManager-level' value=''.
10-31 17:56:44.467 I/Advanced( 3300): [QUEUE] share_queue_sendEx size:1 4097 5236 0x8e35fc28,postLoopId:0,dstid:1.
10-31 17:56:44.467 D/base::Ini( 3300): [getOption] getOption name='debug-eventManager-level' value=''.
10-31 17:56:44.467 D/base::Ini( 3300): [getOption] getOption name='debug-eventManager-level' value=''.
10-31 17:56:44.467 D/base::Ini( 3300): [getOption] getOption name='debug-eventManager-level' value=''.
10-31 17:56:44.467 D/base::Ini( 3300): [getOption] getOption name='debug-eventManager-level' value=''.
10-31 17:56:44.467 D/base::Ini( 3300): [getOption] getOption name='debug-eventManager-level' value=''.
10-31 17:56:44.467 D/base::Ini( 3300): [getOption] getOption name='debug-eventManager-level' value=''.
10-31 17:56:44.467 D/base::Ini( 3300): [getOption] getOption name='debug-eventManager-level' value=''.
10-31 17:56:44.467 D/base::Ini( 3300): [getOption] getOption name='debug-netdev-level' value=''.
10-31 17:56:44.467 D/base::Ini( 3300): [getOption] getOption name='debug-netdev-level' value=''.
10-31 17:56:44.467 D/base::Ini( 3300): [getOption] getOption name='debug-netdev-level' value=''.
10-31 17:56:44.467 D/base::Ini( 3300): [getOption] getOption name='debug-netdev-level' value=''.
10-31 17:56:44.467 D/base::Ini( 3300): [getOption] getOption name='debug-netdev-level' value=''.
10-31 17:56:44.467 D/base::Ini( 3300): [getOption] getOption name='debug-netdev-level' value=''.
10-31 17:56:44.467 D/base::Ini( 3300): [getOption] getOption name='debug-netdev-level' value=''.
10-31 17:56:44.467 D/base::Ini( 3300): [getOption] getOption name='debug-netdev-level' value=''.
10-31 17:56:44.467 D/base::Ini( 3300): [getOption] getOption name='debug-eventManager-level' value=''.
10-31 17:56:44.467 D/base::Ini( 3300): [getOption] getOption name='debug-eventManager-level' value=''.
10-31 17:56:44.468 D/base::Ini( 3300): [getOption] getOption name='debug-eventManager-level' value=''.
10-31 17:56:44.468 D/base::Ini( 3300): [getOption] getOption name='debug-eventManager-level' value=''.
10-31 17:56:44.468 D/base::Ini( 3300): [getOption] getOption name='debug-eventManager-level' value=''.
10-31 17:56:44.468 D/base::Ini( 3300): [getOption] getOption name='debug-eventManager-level' value=''.
10-31 17:56:44.468 D/base::Ini( 3300): [getOption] getOption name='debug-eventManager-level' value=''.
10-31 17:56:44.468 D/base::Ini( 3300): [getOption] getOption name='debug-eventManager-level' value=''.
10-31 17:56:44.468 D/base::Ini( 3300): [getOption] getOption name='debug-eventManager-level' value=''.
10-31 17:56:44.468 D/base::Ini( 3300): [getOption] getOption name='debug-eventManager-level' value=''.
10-31 17:56:44.468 D/base::Ini( 3300): [getOption] getOption name='debug-eventManager-level' value=''.
10-31 17:56:44.468 D/base::Ini( 3300): [getOption] getOption name='debug-eventManager-level' value=''.
10-31 17:56:44.468 D/base::Ini( 3300): [getOption] getOption name='debug-eventManager-level' value=''.
10-31 17:56:44.468 D/base::Ini( 3300): [getOption] getOption name='debug-eventManager-level' value=''.
10-31 17:56:44.468 D/base::Ini( 3300): [getOption] getOption name='debug-eventManager-level' value=''.
10-31 17:56:44.468 D/base::Ini( 3300): [getOption] getOption name='debug-eventManager-level' value=''.
10-31 17:56:44.496 D/ir_user ( 1586): PlayerTimeLineTrace:linux_keycode:0x66(DOWN),	protocol: .
10-31 17:56:44.496 V/PT      ( 1582): >>INFO:irkey_task:[    1211.691999] /dev/input/event0: type=0001 code=0066 val=00000001
10-31 17:56:44.496 V/PT      ( 1582): >> HI3798C_ERRO:irkey_send-310- 
10-31 17:56:44.496 V/PT      ( 1582): unkown key=0x66
10-31 17:56:44.496 V/PT      ( 1582): >>INFO:irkey_send:0x3001 0x108e down
10-31 17:56:44.497 V/SUMA    ( 1582): ++++++++++++++  _roc_evtmgr_key_cbk 517:input = 12289, event=4238, act=0x100
10-31 17:56:44.497 V/SUMA    ( 1582): lxm:_roc_evtmgr_key_cbk 519 1211692
10-31 17:56:44.497 V/SUMA    ( 1582): lxm:_roc_evtmgr_add_evt_into_queue 347 1211692
10-31 17:56:44.497 V/SUMA    ( 1582): ===================>> type=0 src=0 evt=4238 act=0x100
10-31 17:56:44.497 V/PT      ( 1582): >>INFO:irkey_task:[    1211.691999] /dev/input/event0: type=0000 code=0000 val=00000000
10-31 17:56:44.497 V/SUMA    ( 1582): [sysset-s][event_manager_cbk 78]lxm cbid=1, cbk_reg=1, cpid=2452
10-31 17:56:44.497 D/NGBEvent( 2452): ngbEventCallBack type:0 source :4238
10-31 17:56:44.497 D/NGBEvent( 2452): [NGBEventManager-JNI]-returning:1
10-31 17:56:44.497 D/NGBEvent( 2452): Input key event: keyCode=4238
10-31 17:56:44.497 D/NGBEvent( 2452): src:4238 = dest:4238
10-31 17:56:44.498 I/System.out( 2452): [DEBUG EventManager] LWJ--Add event to java with evt=NgbEvent-[type = 1, subtype = 401, code = 4238]
10-31 17:56:44.498 D/NGBEvent( 2452): [NGBEvent_log]--[EventManager--JNI]:		start
10-31 17:56:44.498 I/System.out( 2452): [DEBUG EventManager] broadcastEvent  :len 1
10-31 17:56:44.498 D/CombineKeyUtil( 2452): [TN_pool-1-thread-1]dealKeyEvent,combineIndex:-1:keyCode:0
10-31 17:56:44.498 D/KeyEventNgbDealer( 2452): [TN_pool-1-thread-1]handleKeyPressed keyEvent=NgbEvent-[type = 1, subtype = 401, code = 4238],time=1211693
10-31 17:56:44.658 D/BackBootDealerNeimeng( 2391): standbyState:
10-31 17:56:44.659 E/NetUtils( 2017): Interface eth0 LinkDown!
10-31 17:56:44.667 D/base::Ini( 3300): [getOption] getOption name='debug-eventManager-level' value=''.
10-31 17:56:44.667 D/base::Ini( 3300): [getOption] getOption name='debug-eventManager-level' value=''.
10-31 17:56:44.667 D/base::Ini( 3300): [getOption] getOption name='debug-eventManager-level' value=''.
10-31 17:56:44.667 D/base::Ini( 3300): [getOption] getOption name='debug-eventManager-level' value=''.
10-31 17:56:44.667 D/base::Ini( 3300): [getOption] getOption name='debug-eventManager-level' value=''.
10-31 17:56:44.667 D/base::Ini( 3300): [getOption] getOption name='debug-eventManager-level' value=''.
10-31 17:56:44.667 D/base::Ini( 3300): [getOption] getOption name='debug-eventManager-level' value=''.
10-31 17:56:44.667 D/base::Ini( 3300): [getOption] getOption name='debug-eventManager-level' value=''.
10-31 17:56:44.668 D/base::Ini( 3300): [getOption] getOption name='debug-eventManager-level' value=''.
10-31 17:56:44.668 D/base::Ini( 3300): [getOption] getOption name='debug-eventManager-level' value=''.
10-31 17:56:44.668 D/base::Ini( 3300): [getOption] getOption name='debug-eventManager-level' value=''.
10-31 17:56:44.668 D/base::Ini( 3300): [getOption] getOption name='debug-netdev-level' value=''.
10-31 17:56:44.668 D/base::Ini( 3300): [getOption] getOption name='debug-netdev-level' value=''.
10-31 17:56:44.668 D/base::Ini( 3300): [getOption] getOption name='debug-netdev-level' value=''.
10-31 17:56:44.668 D/base::Ini( 3300): [getOption] getOption name='debug-netdev-level' value=''.
10-31 17:56:44.678 D/base::Ini( 3300): [getOption] getOption name='debug-eventManager-level' value=''.
10-31 17:56:44.678 D/base::Ini( 3300): [getOption] getOption name='debug-eventManager-level' value=''.
10-31 17:56:44.678 D/base::Ini( 3300): [getOption] getOption name='debug-eventManager-level' value=''.
10-31 17:56:44.678 D/base::Ini( 3300): [getOption] getOption name='debug-eventManager-level' value=''.
10-31 17:56:44.678 D/base::Ini( 3300): [getOption] getOption name='debug-eventManager-level' value=''.
10-31 17:56:44.678 D/base::Ini( 3300): [getOption] getOption name='debug-eventManager-level' value=''.
10-31 17:56:44.678 D/base::Ini( 3300): [getOption] getOption name='debug-eventManager-level' value=''.
10-31 17:56:44.678 D/base::Ini( 3300): [getOption] getOption name='debug-eventManager-level' value=''.
10-31 17:56:44.678 D/base::Ini( 3300): [getOption] getOption name='debug-eventManager-level' value=''.
10-31 17:56:44.678 D/base::Ini( 3300): [getOption] getOption name='debug-eventManager-level' value=''.
10-31 17:56:44.678 D/base::Ini( 3300): [getOption] getOption name='debug-netdev-level' value=''.
10-31 17:56:44.678 D/base::Ini( 3300): [getOption] getOption name='debug-netdev-level' value=''.
10-31 17:56:44.678 D/base::Ini( 3300): [getOption] getOption name='debug-netdev-level' value=''.
10-31 17:56:44.678 D/base::Ini( 3300): [getOption] getOption name='debug-netdev-level' value=''.
10-31 17:56:44.678 D/base::Ini( 3300): [getOption] getOption name='debug-eventManager-level' value=''.
10-31 17:56:44.678 D/base::Ini( 3300): [getOption] getOption name='debug-eventManager-level' value=''.
10-31 17:56:44.678 D/base::Ini( 3300): [getOption] getOption name='debug-eventManager-level' value=''.
10-31 17:56:44.678 D/base::Ini( 3300): [getOption] getOption name='debug-eventManager-level' value=''.
10-31 17:56:44.679 D/base::Ini( 3300): [getOption] getOption name='debug-eventManager-level' value=''.
10-31 17:56:44.679 D/base::Ini( 3300): [getOption] getOption name='debug-eventManager-level' value=''.
10-31 17:56:44.679 D/base::Ini( 3300): [getOption] getOption name='debug-eventManager-level' value=''.
10-31 17:56:44.679 D/base::Ini( 3300): [getOption] getOption name='debug-eventManager-level' value=''.
10-31 17:56:44.679 D/base::Ini( 3300): [getOption] getOption name='debug-eventManager-level' value=''.
10-31 17:56:44.679 D/base::Ini( 3300): [getOption] getOption name='debug-eventManager-level' value=''.
10-31 17:56:44.679 D/base::Ini( 3300): [getOption] getOption name='debug-eventManager-level' value=''.
10-31 17:56:44.679 D/base::Ini( 3300): [getOption] getOption name='debug-eventManager-level' value=''.
10-31 17:56:44.679 D/base::Ini( 3300): [getOption] getOption name='debug-eventManager-level' value=''.
10-31 17:56:44.679 D/base::Ini( 3300): [getOption] getOption name='debug-eventManager-level' value=''.
10-31 17:56:44.679 D/base::Ini( 3300): [getOption] getOption name='debug-eventManager-level' value=''.
10-31 17:56:44.679 D/base::Ini( 3300): [getOption] getOption name='debug-eventManager-level' value=''.
10-31 17:56:44.706 D/ir_user ( 1586): PlayerTimeLineTrace:linux_keycode:0x66(UP),	protocol: .
10-31 17:56:44.706 V/PT      ( 1582): >>INFO:irkey_task:[    1211.901587] /dev/input/event0: type=0001 code=0066 val=00000000
10-31 17:56:44.706 V/PT      ( 1582): >> HI3798C_ERRO:irkey_send-310- 
10-31 17:56:44.706 V/PT      ( 1582): unkown key=0x66
10-31 17:56:44.706 V/PT      ( 1582): >>INFO:irkey_send:0x3001 0x108e up  
10-31 17:56:44.706 V/SUMA    ( 1582): ++++++++++++++  _roc_evtmgr_key_cbk 517:input = 12289, event=4238, act=0x400
10-31 17:56:44.706 V/SUMA    ( 1582): lxm:_roc_evtmgr_key_cbk 519 1211902
10-31 17:56:44.706 V/SUMA    ( 1582): lxm:_roc_evtmgr_add_key_into_queue 311 1211902
10-31 17:56:44.706 V/PT      ( 1582): >>INFO:irkey_task:[    1211.901587] /dev/input/event0: type=0000 code=0000 val=00000000
10-31 17:56:44.707 V/SUMA    ( 1582): ===================>> type=0 src=0 evt=4238 act=0x400
10-31 17:56:44.707 V/SUMA    ( 1582): [sysset-s][event_manager_cbk 78]lxm cbid=1, cbk_reg=1, cpid=2452
10-31 17:56:44.707 D/NGBEvent( 2452): ngbEventCallBack type:0 source :4238
10-31 17:56:44.707 D/NGBEvent( 2452): [NGBEventManager-JNI]-returning:1
10-31 17:56:44.707 D/NGBEvent( 2452): Input key event: keyCode=4238
10-31 17:56:44.707 D/NGBEvent( 2452): src:4238 = dest:4238
10-31 17:56:44.707 I/System.out( 2452): [DEBUG EventManager] LWJ--Add event to java with evt=NgbEvent-[type = 1, subtype = 402, code = 4238]
10-31 17:56:44.707 D/NGBEvent( 2452): [NGBEvent_log]--[EventManager--JNI]:		start
10-31 17:56:44.707 I/System.out( 2452): [DEBUG EventManager] broadcastEvent  :len 1
10-31 17:56:44.708 D/KeyEventNgbDealer( 2452): [TN_pool-1-thread-1]handleKeyReleased keyEvent=NgbEvent-[type = 1, subtype = 402, code = 4238],time=1211903
10-31 17:56:44.710 D/HomeReceiver( 2498): [TN_main]onReceive context=com.suma.midware.home.third.Main3DActivity@46ab53e,intent=Intent { act=android.intent.action.CLOSE_SYSTEM_DIALOGS flg=0x50000010 (has extras) },action=android.intent.action.CLOSE_SYSTEM_DIALOGS
10-31 17:56:44.710 I/ActivityManager( 2017): START u0 {act=android.intent.action.MAIN cat=[android.intent.category.HOME] flg=0x10200000 cmp=com.suma.midware.home/.third.Main3DActivity} from uid 1000 on display 0
10-31 17:56:44.710 D/HomeReceiver( 2498): [TN_main]onReceive reason=homekey
10-31 17:56:44.710 D/HomeReceiver( 2391): [TN_main]onReceive context=com.suma.midware.back.BackService@22d5d4b5,intent=Intent { act=android.intent.action.CLOSE_SYSTEM_DIALOGS flg=0x50000010 (has extras) },action=android.intent.action.CLOSE_SYSTEM_DIALOGS
10-31 17:56:44.710 W/Main3DActivity( 2498): [TN_main]11111onReceive home key down,appStartMode:0
10-31 17:56:44.710 E/HomeReceiver( 2498): [TN_main]onReceive home key down
10-31 17:56:44.710 D/HomeReceiver( 2391): [TN_main]onReceive reason=homekey
10-31 17:56:44.710 E/HomeReceiver( 2391): [TN_main]onReceive home key down
10-31 17:56:44.711 E/PlayActivity( 3109): action:android.intent.action.CLOSE_SYSTEM_DIALOGS,reason:homekey
10-31 17:56:44.729 D/BrowserActivity( 3300): onPause start
10-31 17:56:44.729 D/browser.cc( 3300): [OnPause] 
10-31 17:56:44.729 D/PortingBridge( 3300): porting_bridge_on_pause---0
10-31 17:56:44.729 D/base::Ini( 3300): [getOption] getOption name='debug-control-level' value=''.
10-31 17:56:44.729 I/Advanced( 3300): [middleware] ipanel_middleware_message_post type=257,wParam=5780,lParam=1011
10-31 17:56:44.729 I/AdvancedPorting-PORT_MODULE_MEDIAPLAYER( 3300): [PORTING][ipanel_porting_mediaplayer_standby] CALLED
10-31 17:56:44.729 I/AdvancedPorting-PORT_MODULE_MEDIAPLAYER( 3300): [PORTING][ipanel_porting_mediaplayer_standby] END
10-31 17:56:44.729 D/base::Ini( 3300): [getOption] getOption name='debug-control-level' value=''.
10-31 17:56:44.729 I/Advanced( 3300): [middleware] ipanel_middleware_message_post type=257,wParam=5785,lParam=0
10-31 17:56:44.729 D/webcoreBridge( 3300): #3335 execJS frameName='eventFrame' jscore='iPanel.dispatchMessage(32774,5780,1011);'
10-31 17:56:44.729 D/webcoreBridge( 3300): execJS-->frame:0x48ba1a48 focusFrame=0x48bac0a8 focusFrame.script=0x8ef86918
10-31 17:56:44.729 D/webcoreBridge( 3300): execJS-->executeScript frame=0x48ba1a48 script=0x8ef81988
10-31 17:56:44.729 D/ScriptController( 3300): [executeScriptAndReturnValue] [V8] evaluate Script start. frame=0x48ba1a48 url= line=1. source length=40
10-31 17:56:44.729 I/cr_AwContents( 3300): org.chromium.android_webview.AwContents@3b71f97f onPause
10-31 17:56:44.729 D/BrowserActivity( 3300): onPause end
10-31 17:56:44.729 D/iPanel  ( 3300): iPanel.debug("dispatchMessage:msg: 32774,5780,1011")
10-31 17:56:44.729 D/iPanel  ( 3300): get getFocusedOrMainFrame
10-31 17:56:44.729 D/iPanel  ( 3300): getFrameByName 'eventFrame' frame=0x48ba1a48 window=0x48ba26f8
10-31 17:56:44.729 D/iPanel  ( 3300): getFrameByName 'mainFrame' frame=0x48bac0a8 window=0x48ca23a0
10-31 17:56:44.730 D/iPanel  ( 3300): iPanel.debug("dispatchMessage:iPanel.getFocusedOrMainFrame = http://10.14.41.246/application/bxfc/sec/index.htm")
10-31 17:56:44.730 D/iPanel  ( 3300): iPanel.debug("dispatchMessage:frame num: 2, keyEvent:system")
10-31 17:56:44.730 D/iPanel  ( 3300): iPanel.debug("dispatchMessage:#2. proc event 5780. url: http://10.14.41.246/application/bxfc/sec/index.htm")
10-31 17:56:44.730 D/iPanel  ( 3300): iPanel.debug("w=[object Window], document=[object HTMLDocument], keyCode=5780, modifiers=1011, keyEvent=system")
10-31 17:56:44.730 D/iPanel  ( 3300): iPanel.debug("onsystemevent is not listening")
10-31 17:56:44.730 D/iPanel  ( 3300): iPanel.debug("dispatchMessage:#1. proc event 5780. url: ui:///eventpage.htm?ipanelcmd-name=eventFrame&script=ui:///ipanel.js")
10-31 17:56:44.730 D/iPanel  ( 3300): iPanel.debug("w=[object Window], document=[object HTMLDocument], keyCode=5780, modifiers=1011, keyEvent=system")
10-31 17:56:44.730 D/iPanel  ( 3300): iPanel.debug("eventpage grabEvent")
10-31 17:56:44.730 D/iPanel  ( 3300): getFrameByName 'mainFrame' frame=0x48bac0a8 window=0x48ca23a0
10-31 17:56:44.730 D/iPanel  ( 3300): iPanel.debug("--zjh-- url = http://10.14.41.246/application/bxfc/sec/index.htm  keycode = 5780")
10-31 17:56:44.730 D/iPanel  ( 3300): iPanel.debug("eventpage.htm args.type==false")
10-31 17:56:44.730 D/iPanel  ( 3300): iPanel.debug("eventpage grabEvent eventObj==[object Object]")
10-31 17:56:44.730 D/iPanel  ( 3300): iPanel.debug("eventpage eventObj.code = EIS_OTHER_APP_MESSAGE_OPEN")
10-31 17:56:44.730 D/iPanel  ( 3300): iPanel.debug("eventpage keyValue = 5780--p2:1011")
10-31 17:56:44.730 D/ChromeClientImpl( 3300): [addMessageToConsole] [LOG:CONSOLE(643)] "eventHandler---keycode==5780,p2=1011", source:ui:///mediaPlayer.js (643)
10-31 17:56:44.730 D/iPanel  ( 3300): iPanel.debug("ret: 0")
10-31 17:56:44.730 D/iPanel  ( 3300): iPanel.debug("dispatchMessage:end")
10-31 17:56:44.730 D/ScriptController( 3300): [executeScriptAndReturnValue] [V8] evaluate Script end. frame=0x48ba1a48 
10-31 17:56:44.730 D/webcoreBridge( 3300): execJS-->executeScript frame=0x48ba1a48 end.
10-31 17:56:44.731 D/webcoreBridge( 3300): #3335 execJS frameName='eventFrame' jscore='iPanel.dispatchMessage(32774,5785,0);'
10-31 17:56:44.731 D/webcoreBridge( 3300): execJS-->frame:0x48ba1a48 focusFrame=0x48bac0a8 focusFrame.script=0x8ef86918
10-31 17:56:44.731 D/webcoreBridge( 3300): execJS-->executeScript frame=0x48ba1a48 script=0x8ef81988
10-31 17:56:44.731 D/ScriptController( 3300): [executeScriptAndReturnValue] [V8] evaluate Script start. frame=0x48ba1a48 url= line=1. source length=37
10-31 17:56:44.731 D/iPanel  ( 3300): iPanel.debug("dispatchMessage:msg: 32774,5785,0")
10-31 17:56:44.731 D/iPanel  ( 3300): get getFocusedOrMainFrame
10-31 17:56:44.731 D/iPanel  ( 3300): getFrameByName 'eventFrame' frame=0x48ba1a48 window=0x48ba26f8
10-31 17:56:44.731 D/iPanel  ( 3300): getFrameByName 'mainFrame' frame=0x48bac0a8 window=0x48ca23a0
10-31 17:56:44.731 D/iPanel  ( 3300): iPanel.debug("dispatchMessage:iPanel.getFocusedOrMainFrame = http://10.14.41.246/application/bxfc/sec/index.htm")
10-31 17:56:44.731 D/iPanel  ( 3300): iPanel.debug("dispatchMessage:frame num: 2, keyEvent:system")
10-31 17:56:44.731 D/iPanel  ( 3300): iPanel.debug("dispatchMessage:#2. proc event 5785. url: http://10.14.41.246/application/bxfc/sec/index.htm")
10-31 17:56:44.731 D/iPanel  ( 3300): iPanel.debug("w=[object Window], document=[object HTMLDocument], keyCode=5785, modifiers=0, keyEvent=system")
10-31 17:56:44.731 D/iPanel  ( 3300): iPanel.debug("onsystemevent is not listening")
10-31 17:56:44.731 D/iPanel  ( 3300): iPanel.debug("dispatchMessage:#1. proc event 5785. url: ui:///eventpage.htm?ipanelcmd-name=eventFrame&script=ui:///ipanel.js")
10-31 17:56:44.731 D/iPanel  ( 3300): iPanel.debug("w=[object Window], document=[object HTMLDocument], keyCode=5785, modifiers=0, keyEvent=system")
10-31 17:56:44.731 D/iPanel  ( 3300): iPanel.debug("eventpage grabEvent")
10-31 17:56:44.731 D/iPanel  ( 3300): getFrameByName 'mainFrame' frame=0x48bac0a8 window=0x48ca23a0
10-31 17:56:44.731 D/iPanel  ( 3300): iPanel.debug("--zjh-- url = http://10.14.41.246/application/bxfc/sec/index.htm  keycode = 5785")
10-31 17:56:44.731 D/iPanel  ( 3300): iPanel.debug("eventpage.htm args.type==true")
10-31 17:56:44.731 D/iPanel  ( 3300): iPanel.debug("eventpage grabEvent eventObj==[object Object]")
10-31 17:56:44.731 D/iPanel  ( 3300): iPanel.debug("eventpage eventObj.code = EIS_APP_PAUSE")
10-31 17:56:44.731 D/iPanel  ( 3300): iPanel.debug("eventpage keyValue = 5785--p2:0")
10-31 17:56:44.732 D/ChromeClientImpl( 3300): [addMessageToConsole] [LOG:CONSOLE(643)] "eventHandler---keycode==5785,p2=0", source:ui:///mediaPlayer.js (643)
10-31 17:56:44.732 D/iPanel  ( 3300): iPanel.debug("ret: 0")
10-31 17:56:44.732 D/iPanel  ( 3300): iPanel.debug("dispatchMessage:end")
10-31 17:56:44.732 D/ScriptController( 3300): [executeScriptAndReturnValue] [V8] evaluate Script end. frame=0x48ba1a48 
10-31 17:56:44.732 D/webcoreBridge( 3300): execJS-->executeScript frame=0x48ba1a48 end.
10-31 17:56:44.732 D/[cc]beginFrameSource( 3300): [AddObserver] ExternalBeginFrameSource::AddObserver
10-31 17:56:44.735 I/ActivityManager( 2017): Force stopping com.android.browser appid=10010 user=0: from pid 2391
10-31 17:56:44.737 D/BackBootDealerNeimeng( 2391): handleHomeKey isRunning:false
10-31 17:56:44.738 D/HomeReceiver( 2391): [TN_main]onReceive context=com.suma.midware.back.BackApplication@f6f15a2,intent=Intent { act=android.intent.action.CLOSE_SYSTEM_DIALOGS flg=0x50000010 (has extras) },action=android.intent.action.CLOSE_SYSTEM_DIALOGS
10-31 17:56:44.738 D/HomeReceiver( 2391): [TN_main]onReceive reason=homekey
10-31 17:56:44.738 E/HomeReceiver( 2391): [TN_main]onReceive home key down
10-31 17:56:44.738 I/art     ( 2017): Background sticky concurrent mark sweep GC freed 4166(339KB) AllocSpace objects, 0(0B) LOS objects, 0% free, 19MB/20MB, paused 5.971ms total 14.480ms
10-31 17:56:44.739 D/Main3DActivity( 2498): [TN_main]onNewIntent time=1211934,intent=Intent { act=android.intent.action.MAIN cat=[android.intent.category.HOME] flg=0x10600000 cmp=com.suma.midware.home/.third.Main3DActivity }
10-31 17:56:44.741 D/BaseApplication( 2498): [TN_main]onActivityStarted activity=com.suma.midware.home.third.Main3DActivity@46ab53e
10-31 17:56:44.741 D/Main3DActivity( 2498): [TN_main]onStart time=1211936
10-31 17:56:44.741 E/FlyAndWeatherUpdate( 2498): [TN_main]spflyWord is empty
10-31 17:56:44.741 D/HomeFlyWord( 2498): [TN_main]startScrollView delay=2000
10-31 17:56:44.741 W/HomeFlyWord( 2498): [TN_main]startScrollView scrollView null
10-31 17:56:44.742 D/Main3DActivity( 2498): [TN_main]onResume time=1211937,isFirst=false
10-31 17:56:44.742 D/BaseApplication( 2498): [TN_main]onActivityResumed activity=com.suma.midware.home.third.Main3DActivity@46ab53e
10-31 17:56:44.742 D/PlayExcuter( 2498): [TN_main]notifyPlay type=9,curType=-2,cancelType=3,cancelVideoType=1,isResetData=true,task=null,this.task=[PlayDirectTask@d5d001d]playTaskType[1]playType[0]playerType[-1]isEcmSet[false]playerIndex[0]tunerIndex[0]channel[[DirectChannel@32501b]channelID[0]oNetID[1]tsID[31]serviceID[3102]freq[371000]name[CCTV-1高清]serviceType[8]attr[24576]serialNum[1]serialNum4[1]pcrPID[49]refServiceID[-1]],indexs=null
10-31 17:56:44.742 D/PlayExcuter( 2498): [TN_main]releasePlayer curType=-2,cancelType=3,task=[PlayDirectTask@d5d001d]playTaskType[1]playType[0]playerType[-1]isEcmSet[false]playerIndex[0]tunerIndex[0]channel[[DirectChannel@32501b]channelID[0]oNetID[1]tsID[31]serviceID[3102]freq[371000]name[CCTV-1高清]serviceType[8]attr[24576]serialNum[1]serialNum4[1]pcrPID[49]refServiceID[-1]]
10-31 17:56:44.742 D/PlayBaseDealer( 2391): [TN_Binder_5]releasePlayers cancelType=3,videoType=1,isResetData=true,curPlayerIndex=-1,isCheckPID=false
10-31 17:56:44.742 D/PlayBaseDealer( 2391): [TN_Binder_5]releasePlayers size=1
10-31 17:56:44.742 D/PlayNgbDealer( 2391): [TN_Binder_5]findPlayer index=0,findType=0,channelIndex=0
10-31 17:56:44.742 E/PlayNgbDealer( 2391): [TN_Binder_5]releasePlayer index=0 player is null
10-31 17:56:44.743 D/PlayerManager( 2498): [TN_main]cancelPlayTask cancleType=3,cancelVideoType=1,isResetData=true,isCheckPID=false,state=0,indexs=null
10-31 17:56:44.743 D/DataBaseManager( 2498): [TN_main]getAttrList comparatorMode=-1,comparatorType=-1,termType=10
10-31 17:56:44.743 D/DataBaseManager( 2498): [TN_main]getAttrList comparatorMode=-1,comparatorType=-1,termType=10
10-31 17:56:44.743 D/DataBaseManager( 2498): [TN_main]getAttrList comparatorMode=-1,comparatorType=-1,termType=10
10-31 17:56:44.743 D/DataBaseManager( 2498): [TN_main]getAttrList comparatorMode=-1,comparatorType=-1,termType=10
10-31 17:56:44.743 D/DataBaseManager( 2498): [TN_main]getAttrList comparatorMode=-1,comparatorType=-1,termType=10
10-31 17:56:44.744 D/DataBaseManager( 2498): [TN_main]getAttrList comparatorMode=-1,comparatorType=-1,termType=10
10-31 17:56:44.744 D/DataBaseManager( 2498): [TN_main]getAttrList comparatorMode=-1,comparatorType=-1,termType=10
10-31 17:56:44.744 D/DataBaseManager( 2498): [TN_main]getAttrList comparatorMode=-1,comparatorType=-1,termType=10
10-31 17:56:44.744 D/DataBaseManager( 2498): [TN_main]getAttrList comparatorMode=-1,comparatorType=-1,termType=10
10-31 17:56:44.744 D/DataBaseManager( 2498): [TN_main]getAttrList comparatorMode=-1,comparatorType=-1,termType=10
10-31 17:56:44.745 D/DataBaseManager( 2498): [TN_main]getAttrList comparatorMode=-1,comparatorType=-1,termType=10
10-31 17:56:44.745 D/DataBaseManager( 2498): [TN_main]getAttrList comparatorMode=-1,comparatorType=-1,termType=10
10-31 17:56:44.745 D/DataBaseManager( 2498): [TN_main]getAttrList comparatorMode=-1,comparatorType=-1,termType=10
10-31 17:56:44.745 D/DataBaseManager( 2498): [TN_main]getAttrList comparatorMode=-1,comparatorType=-1,termType=5
10-31 17:56:44.748 D/DataBase( 2391): [TN_Binder_3]getCurChannel index=0,lastChannelNum=2,database=com.suma.midware.back.database.neimeng.DirectDataBaseNeimeng@20ebee0a
10-31 17:56:44.748 D/DataBase( 2391): [TN_Binder_3]getCurChannel index=0,curChannel=[DirectChannel@32501b]channelID[0]oNetID[1]tsID[31]serviceID[3102]freq[371000]name[CCTV-1高清]serviceType[8]attr[24576]serialNum[1]serialNum4[1]pcrPID[49]refServiceID[-1]
10-31 17:56:44.748 D/ChannelHandler( 2498): [TN_main]update curChannel=[DirectChannel@32501b]channelID[0]oNetID[1]tsID[31]serviceID[3102]freq[371000]name[CCTV-1高清]serviceType[8]attr[24576]serialNum[1]serialNum4[1]pcrPID[49]refServiceID[-1]
10-31 17:56:44.748 D/SysEventHandler( 2391): [TN_Binder_1]addEventListener binder=android.os.BinderProxy@3a33c32f
10-31 17:56:44.749 D/DataBaseHandler( 2391): [TN_Binder_2]addDataListener binder=android.os.BinderProxy@32dc9d3c
10-31 17:56:44.749 D/PlayerHandler( 2391): [TN_Binder_4]addPlayListener binder=android.os.BinderProxy@383f6ac5
10-31 17:56:44.751 D/ChannelHandler( 2498): [TN_main]start userChannelinfo=
10-31 17:56:44.753 W/ContextImpl( 2498): Calling a method in the system process without a qualified user: android.app.ContextImpl.sendBroadcast:1345 android.content.ContextWrapper.sendBroadcast:377 com.suma.midware.view.ext.BluetoothUpdate.b:-1 com.suma.midware.home.third.Main3DActivity.onResume:-1 android.app.Instrumentation.callActivityOnResume:1257 
10-31 17:56:44.753 E/NetUtils( 2017): Interface eth0 LinkDown!
10-31 17:56:44.755 D/NetUpdate( 2498): [TN_main]checkNetState state=1
10-31 17:56:44.755 D/Main3DActivity( 2498): [TN_main]onResume curPanel=com.suma.midware.home.third.a.a@395c748b,intent=Intent { act=android.intent.action.MAIN cat=[android.intent.category.HOME] flg=0x10600000 cmp=com.suma.midware.home/.third.Main3DActivity },appStartMode=0
10-31 17:56:44.755 D/GLRootView( 2498): doAction isPause:false:isCreated:true:isPaused:false
10-31 17:56:44.755 D/SoundAndroidAdmin( 2391): [TN_Binder_5]isMute state=false
10-31 17:56:44.756 D/Main3DActivity( 2498): [TN_main]onResume endTime=1211951,isEventDeal=true
10-31 17:56:44.756 W/ContextImpl( 2498): Calling a method in the system process without a qualified user: android.app.ContextImpl.sendBroadcast:1345 android.content.ContextWrapper.sendBroadcast:377 android.app.ActivityThread.performResumeActivity:2982 android.app.ActivityThread.handleResumeActivity:3023 android.app.ActivityThread$H.handleMessage:1347 
10-31 17:56:44.763 D/GLRootView( 2498): surfaceCreated holder:android.view.SurfaceView$4@c42406f
10-31 17:56:44.765 D/SUMA_ENGINE3d( 2498):  thread[GLThread 73] onSurfaceChanged w: 1280, h : 720
10-31 17:56:44.765 D/SUMA_ENGINE3d( 2498):  thread[GLThread 73] onSurfaceChanged startModeTime:1211960
10-31 17:56:44.766 D/SUMA_ENGINE3d( 2498):  thread[GLThread 73] onSurfaceChanged endTime:1211961
10-31 17:56:44.767 D/TextureManager( 2498): deleteTexture key:17:55_24_-1711276033_0_5.0_3.0_3.0_-7829368:textureID:23
10-31 17:56:44.768 D/BasicRootPanel( 2498): [TN_GLThread 73]updateMultiState type=1,state=1
10-31 17:56:44.768 D/MultiStateFigure( 2498): [TN_GLThread 73]setWorkState workState=1,this.workState=1
10-31 17:56:44.768 W/MultiStateFigure( 2498): [TN_GLThread 73]setWorkState same workState=1
10-31 17:56:44.768 D/BasicRootView( 2498): [TN_GLThread 73]switchRootPanel panelIndex=0,isAnim=false,subPanelIndex=-1
10-31 17:56:44.768 D/BasicRootView( 2498): [TN_GLThread 73]switchRootPanel isFirst=false,curPanel=com.suma.midware.home.third.a.a@395c748b
10-31 17:56:44.768 D/BasicRootPanel( 2498): [TN_GLThread 73]hidePanel curPanelIndex=5,lastFocus=false,panelSize=7
10-31 17:56:44.768 D/BasicRootPanel( 2498): [TN_GLThread 73]hidePanel basicFigure=com.suma.midware.view.b.c.c@35b2d30b
10-31 17:56:44.769 D/BasicFigure( 2498): [TN_GLThread 73]onFocusLost figure=com.suma.midware.view.b.c.c@35b2d30b
10-31 17:56:44.769 W/BasicRootPanel( 2498): [TN_GLThread 73]switchPanelLight lightFigure null
10-31 17:56:44.769 D/HomePanel( 2498): [TN_GLThread 73]dealPanelShow subPanelIndex=-1,size=7
10-31 17:56:44.769 D/HomePanel( 2498): [TN_GLThread 73]dealPanelShow curPanelIndex=5,lastFocus=false,subPanelIndex=0,subFocusIndex=0
10-31 17:56:44.769 W/BasicRootPanel( 2498): [TN_GLThread 73]changeBgAttr coverImgRes null
10-31 17:56:44.769 D/FixedRes( 2498): [TN_GLThread 73]getNineImgRes nineImgSize=2
10-31 17:56:44.769 D/BasicColumn( 2498): [TN_GLThread 73]moveFocus xOffset=151.000,yOffset=139.000
10-31 17:56:44.769 D/BasicColumn( 2498): [TN_GLThread 73]onFocus isFocus=false,index=0,nextIndex=-1
10-31 17:56:44.769 D/FixedRes( 2498): [TN_GLThread 73]getNineImgRes nineImgSize=2
10-31 17:56:44.769 D/BasicColumn( 2498): [TN_GLThread 73]moveFocus xOffset=151.000,yOffset=139.000
10-31 17:56:44.769 D/BasicFigure( 2498): [TN_GLThread 73]onFocusGain figure=com.suma.midware.view.b.c.p@990e269
10-31 17:56:44.770 D/BasicFigure( 2498): [TN_GLThread 73]onFocusGain panelIndex=0,curPanelIndex=0,basicFigure=com.suma.midware.view.b.c.p@990e269
10-31 17:56:44.770 D/BasicFigure( 2498): [TN_GLThread 73]dealFocusGainAnim scaleLargeAnim null
10-31 17:56:44.770 D/BasicRootPanel( 2498): [TN_GLThread 73]isPlayAble curBasicPanel=com.suma.midware.view.b.d.d@389ebd80
10-31 17:56:44.770 D/BasicPanel( 2498): [TN_GLThread 73]isPlayAble xOffset=0.00000
10-31 17:56:44.770 D/ChannelHandler( 2498): [TN_GLThread 73]startPlay isForce=true,curChannel=[DirectChannel@32501b]channelID[0]oNetID[1]tsID[31]serviceID[3102]freq[371000]name[CCTV-1高清]serviceType[8]attr[24576]serialNum[1]serialNum4[1]pcrPID[49]refServiceID[-1]
10-31 17:56:44.770 D/PlayNgbDealer( 2391): [TN_Binder_3]findPlayer index=0,findType=0,channelIndex=0
10-31 17:56:44.770 E/PlayNgbDealer( 2391): [TN_Binder_3]getChannel index=0 player null
10-31 17:56:44.771 D/PlayTask( 2498): [TN_GLThread 73]isLegal playerType=-1,view=com.suma.midware.view.widget2d.CustomSurfaceView{2940147c V.E..... ......I. 49,141-498,393}
10-31 17:56:44.771 D/PlayerManager( 2498): [TN_GLThread 73]addPlayTask playTask=[PlayDirectTask@24be4442]playTaskType[0]playType[0]playerType[-1]isEcmSet[true]playerIndex[0]tunerIndex[0]channel[[DirectChannel@32501b]channelID[0]oNetID[1]tsID[31]serviceID[3102]freq[371000]name[CCTV-1高清]serviceType[8]attr[24576]serialNum[1]serialNum4[1]pcrPID[49]refServiceID[-1]],state=0
10-31 17:56:44.772 D/PlayNgbDealer( 2391): [TN_Binder_5]startPlayAsyTask index=0,channel=[DirectChannel@32501b]channelID[0]oNetID[1]tsID[31]serviceID[3102]freq[371000]name[CCTV-1高清]serviceType[8]attr[24576]serialNum[1]serialNum4[1]pcrPID[49]refServiceID[-1]
10-31 17:56:44.772 D/PlayNgbDealer( 2391): [TN_Binder_5]findPlayer index=0,findType=2,channelIndex=0
10-31 17:56:44.772 E/PlayNgbDealer( 2391): [TN_Binder_5]startPlayAsyTask index=0 player null
10-31 17:56:44.772 D/PlayExcuter( 2498): [TN_GLThread 73]notifyPlay type=0,curType=-2,cancelType=-1,cancelVideoType=-1,isResetData=false,task=[PlayDirectTask@24be4442]playTaskType[0]playType[0]playerType[-1]isEcmSet[true]playerIndex[0]tunerIndex[0]channel[[DirectChannel@32501b]channelID[0]oNetID[1]tsID[31]serviceID[3102]freq[371000]name[CCTV-1高清]serviceType[8]attr[24576]serialNum[1]serialNum4[1]pcrPID[49]refServiceID[-1]],this.task=null,indexs=null
10-31 17:56:44.772 D/PlayExcuter( 2498): [TN_GLThread 73]mergeTask sourceTask=null,destiTask=[PlayDirectTask@24be4442]playTaskType[0]playType[0]playerType[-1]isEcmSet[true]playerIndex[0]tunerIndex[0]channel[[DirectChannel@32501b]channelID[0]oNetID[1]tsID[31]serviceID[3102]freq[371000]name[CCTV-1高清]serviceType[8]attr[24576]serialNum[1]serialNum4[1]pcrPID[49]refServiceID[-1]]
10-31 17:56:44.772 D/BasicFigure( 2498): [TN_GLThread 73]onFocusLost time:1211968
10-31 17:56:44.772 D/PlayExcuter( 2498): [TN_ThreadUtil-2]excuteTask task=[PlayDirectTask@24be4442]playTaskType[0]playType[0]playerType[-1]isEcmSet[true]playerIndex[0]tunerIndex[0]channel[[DirectChannel@32501b]channelID[0]oNetID[1]tsID[31]serviceID[3102]freq[371000]name[CCTV-1高清]serviceType[8]attr[24576]serialNum[1]serialNum4[1]pcrPID[49]refServiceID[-1]]
10-31 17:56:44.772 D/PlayExcuter( 2498): [TN_ThreadUtil-2]excuteTask curExcuter=com.suma.midware.prop.play.PlayDirectExcuter@2adb5c53
10-31 17:56:44.773 D/PlayDirectExcuter( 2498): [TN_ThreadUtil-2]play task=[PlayDirectTask@24be4442]playTaskType[0]playType[0]playerType[-1]isEcmSet[true]playerIndex[0]tunerIndex[0]channel[[DirectChannel@32501b]channelID[0]oNetID[1]tsID[31]serviceID[3102]freq[371000]name[CCTV-1高清]serviceType[8]attr[24576]serialNum[1]serialNum4[1]pcrPID[49]refServiceID[-1]],curType=-1
10-31 17:56:44.773 D/PlayNgbDealer( 2391): [TN_Binder_3]setPlayerChannel index=0,channelIndex=0
10-31 17:56:44.773 D/PlayNgbDealer( 2391): [TN_Binder_3]findPlayer index=0,findType=0,channelIndex=0
10-31 17:56:44.773 E/PlayNgbDealer( 2391): [TN_Binder_3]setPlayerChannel index=0 player null
10-31 17:56:44.773 D/PlayExcuter( 2498): [TN_ThreadUtil-2]dealPlayStop task=[PlayDirectTask@24be4442]playTaskType[0]playType[0]playerType[-1]isEcmSet[true]playerIndex[0]tunerIndex[0]channel[[DirectChannel@32501b]channelID[0]oNetID[1]tsID[31]serviceID[3102]freq[371000]name[CCTV-1高清]serviceType[8]attr[24576]serialNum[1]serialNum4[1]pcrPID[49]refServiceID[-1]],curType=-1,playerIndex=0,playDealer=com.suma.midware.prop.play.b@20b7fc68
10-31 17:56:44.773 D/PlayNgbDealer( 2391): [TN_Binder_1]findPlayer index=0,findType=0,channelIndex=0
10-31 17:56:44.773 E/PlayNgbDealer( 2391): [TN_Binder_1]getPlayerState index=0 player null
10-31 17:56:44.773 D/PlayExcuter( 2498): [TN_ThreadUtil-2]dealSurface task=[PlayDirectTask@24be4442]playTaskType[0]playType[0]playerType[-1]isEcmSet[true]playerIndex[0]tunerIndex[0]channel[[DirectChannel@32501b]channelID[0]oNetID[1]tsID[31]serviceID[3102]freq[371000]name[CCTV-1高清]serviceType[8]attr[24576]serialNum[1]serialNum4[1]pcrPID[49]refServiceID[-1]],curType=-1,playDealer=com.suma.midware.prop.play.b@20b7fc68,view=com.suma.midware.view.widget2d.CustomSurfaceView{2940147c V.E..... ......I. 49,141-498,393}
10-31 17:56:44.773 D/PlayExcuter( 2498): [TN_ThreadUtil-2]dealSurface surface=Surface(name=null)/@0x1dae5881,curSurface=Surface(name=null)/@0x1dae5881,curRect=Rect(49, 141 - 498, 393)
10-31 17:56:44.774 D/PlayNgbDealer( 2391): [TN_Binder_4]playStop index=0,stopType=0,stopMode=1,isEcmSet=false,isCaRelease=false,isStreamReset=true
10-31 17:56:44.774 D/PlayNgbDealer( 2391): [TN_Binder_4]findPlayer index=0,findType=0,channelIndex=0
10-31 17:56:44.775 E/PlayNgbDealer( 2391): [TN_Binder_4]playStop index=0 player null
10-31 17:56:44.775 D/TunerNgbDealer( 2391): [TN_Binder_5]scanFreqImpl 0 channel=[DirectChannel@32501b]channelID[0]oNetID[1]tsID[31]serviceID[3102]freq[371000]name[CCTV-1高清]serviceType[8]attr[24576]serialNum[1]serialNum4[1]pcrPID[49]refServiceID[-1],isAsy=true
10-31 17:56:44.776 D/TunerNgbDealer( 2391): [TN_Binder_5]reserveTuner 0 tunerDes=[TunerDes@8f68708]isLock[false]isReserve[true]nHandle[0]moduleName[null]ni[org.davic.net.tuning.NetworkInterface@264c1ea1]nic[org.ngb.broadcast.dvb.tuning.DvbNetworkInterfaceController@114448c6]ds[[CableDeliverySystem@1544d8dd]freq[371000]fecOuter[0]modulation[3]symbolRate[6875]fecInner[0]]
10-31 17:56:44.776 D/tuning  ( 2391): ^^^^ts.type=0x44
10-31 17:56:44.776 D/tuning  ( 2391): ^^^^call tuner with type=0x44, freq=371000, symbolRate=6875, modulation=3,pos = 0
10-31 17:56:44.776 D/tuning  ( 2391): ^^^^Calling tune with freq=371000, symbol=6875, modulation=3
10-31 17:56:44.776 V/SUMA    ( 2391): [vtuner-c][vtuner_scanning 219]enter! 
10-31 17:56:44.776 V/SUMA    ( 1582): [vtuner-s][onTransact]enter!!! TRANS_CODE_VTUNER_SCAN
10-31 17:56:44.776 V/SUMA    ( 1582): [VTUNER] vtuner_scanning() enter !!! freq=[371000 6875 3] type=0 index=0
10-31 17:56:44.776 V/SUMA    ( 1582): >> Roc_Tuner_CableScanning beginning : time = 1211972 ms 
10-31 17:56:44.776 V/SUMA    ( 1582): [VTUNER] resman_tuner_lock() leave !!! tuner id=0 ret=0
10-31 17:56:44.776 V/SUMA    ( 1582): [VTUNER] vtuner_scanning() leave!!! tuner_index=0 ret=0
10-31 17:56:44.776 V/SUMA    ( 1582): [vtuner-s][onTransact]leave!!! TRANS_CODE_VTUNER_SCAN tuner_index=0x0 ret=0
10-31 17:56:44.777 V/SUMA    ( 2391): [vtuner-c][vtuner_scanning 234]leave! tuner_index=0 ret=0 
10-31 17:56:44.777 D/tuning  ( 2391): cable. result=0
10-31 17:56:44.777 I/System.out( 2391): [DEBUG networkInterface] You see: NI listener's size=1
10-31 17:56:44.777 D/SysEventBaseDealer( 2391): [TN_Binder_3]resetSignalState index=0,infos=[Lcom.suma.midware.back.sysevent.g;@19038236
10-31 17:56:44.777 D/TunerNgbDealer( 2391): [TN_Thread-111]receiveNIEvent event=org.davic.net.tuning.NetworkInterfaceTuningEvent[source=org.davic.net.tuning.NetworkInterface@264c1ea1]
10-31 17:56:44.777 D/SysEventBaseDealer( 2391): [TN_Binder_3]resetSignalState index=0,info=[PlayStateInfo@2f8e7bc8]index[0]signalState[1]caState[-1]caErrCode[0]channel[null]
10-31 17:56:44.779 D/SoundAndroidAdmin( 2391): [TN_Binder_1]checkVolume volume=27,nowVolume=4,maxVolume=15,lastVolume=4
10-31 17:56:44.779 D/TextureManager( 2498): loadTexture name:17:56_24_-1711276033_0_5.0_3.0_3.0_-7829368:textureID:23:recordSize:null
10-31 17:56:44.779 D/SoundNgbAdmin( 2391): [TN_Binder_1]setVolume volume=27,isEffect=false,result=true
10-31 17:56:44.779 V/SUMA    ( 1582): roc_ss_get_item:get ROC_SYSSET_MUTE OK 
10-31 17:56:44.779 D/SoundNgbAdmin( 2391): [TN_Binder_1]isMute state=false
10-31 17:56:44.780 D/SoundAndroidAdmin( 2391): [TN_Binder_1]setVolume volume=27,isMute=false,isEffect=false,maxVolume=15,lastVolume=4
10-31 17:56:44.780 V/SUMA    ( 1582): roc_ss_set_item:set ROC_SYSSET_TRACK OK 
10-31 17:56:44.780 D/SoundNgbAdmin( 2391): [TN_Binder_2]setTrack track=1,result=true
10-31 17:56:44.780 D/SoundAndroidAdmin( 2391): [TN_Binder_2]setTrack track=1
10-31 17:56:44.786 D/BasicFigure( 2498): [TN_GLThread 73]isDrawFocused relyElement=[BaseElement@3d27edaa]focusScale[1.15]elementAlpha[-1.0]refectAlpha[-1.0]isFocusAble[true]shadowIndex[-1]autoJumpType[-1]uniqueID[54resSize0]rect[NULL]
10-31 17:56:44.786 D/BasicFigure( 2498): [TN_GLThread 73]isDrawFocused basicFigure=com.suma.midware.view.b.c.c@2fe62d9b
10-31 17:56:44.787 V/SUMA    ( 1582): Roc_ResMan_Tuner_Modify(index=0)[new: 371000, old: 371000 ver=123]. 
10-31 17:56:44.787 V/PT      ( 1582): >> HI3798C_INFO:rocme_porting_tuner_scanning- 
10-31 17:56:44.787 V/PT      ( 1582): Freq = 371000, Sym = 6875, QAM = 3 
10-31 17:56:44.787 V/PT      ( 1582):  
10-31 17:56:44.796 D/SUMA_ENGINE3d( 2498):  thread[GLThread 73] onSurfaceChanged w: 1280, h : 720
10-31 17:56:44.796 D/SUMA_ENGINE3d( 2498):  thread[GLThread 73] onSurfaceChanged startModeTime:1211991
10-31 17:56:44.796 D/SUMA_ENGINE3d( 2498):  thread[GLThread 73] onSurfaceChanged endTime:1211992
10-31 17:56:44.797 D/BasicFigure( 2498): [TN_GLThread 73]onFocusMoveAnim moveSpace=0.00000,x=-549.000,xOffset=0.00000
10-31 17:56:44.797 D/FixedRes( 2498): [TN_GLThread 73]getNineImgRes nineImgSize=2
10-31 17:56:44.797 W/BasicRootPanel( 2498): [TN_GLThread 73]switchPanelLight lightFigure null
10-31 17:56:44.807 D/BasicFigure( 2498): [TN_GLThread 73]isDrawFocused relyElement=[BaseElement@3d27edaa]focusScale[1.15]elementAlpha[-1.0]refectAlpha[-1.0]isFocusAble[true]shadowIndex[-1]autoJumpType[-1]uniqueID[54resSize0]rect[NULL]
10-31 17:56:44.807 D/BasicFigure( 2498): [TN_GLThread 73]isDrawFocused basicFigure=com.suma.midware.view.b.c.c@2fe62d9b
10-31 17:56:44.808 D/GLRootView( 2498): surfaceChanged holder:android.view.SurfaceView$4@c42406f:format:-3:width:1280:height:720
10-31 17:56:44.816 I/OpenGLRenderer( 2498): Initialized EGL, version 1.4
10-31 17:56:44.827 D/BasicFigure( 2498): [TN_GLThread 73]isDrawFocused relyElement=[BaseElement@3d27edaa]focusScale[1.15]elementAlpha[-1.0]refectAlpha[-1.0]isFocusAble[true]shadowIndex[-1]autoJumpType[-1]uniqueID[54resSize0]rect[NULL]
10-31 17:56:44.827 D/BasicFigure( 2498): [TN_GLThread 73]isDrawFocused basicFigure=com.suma.midware.view.b.c.c@2fe62d9b
10-31 17:56:44.836 D/ChannelHandler( 2498): [TN_main]handleMessage note=SIGNAL
10-31 17:56:44.838 D/RemoteIME( 2349): onFinishInput.
10-31 17:56:44.838 D/RemoteIME( 2349): onStartInput  ccontentType: 0 Restarting:false
10-31 17:56:44.849 D/BasicFigure( 2498): [TN_GLThread 73]isDrawFocused relyElement=[BaseElement@3d27edaa]focusScale[1.15]elementAlpha[-1.0]refectAlpha[-1.0]isFocusAble[true]shadowIndex[-1]autoJumpType[-1]uniqueID[54resSize0]rect[NULL]
10-31 17:56:44.849 D/BasicFigure( 2498): [TN_GLThread 73]isDrawFocused basicFigure=com.suma.midware.view.b.c.c@2fe62d9b
10-31 17:56:44.851 D/BasicRootPanel( 2498): [TN_GLThread 73]getTVFigure curBasicPanel=com.suma.midware.view.b.d.d@389ebd80
10-31 17:56:44.851 D/FixedRes( 2498): [TN_GLThread 73]getTVNoteTexture tvNoteType=3,tvNoteSubType=0
10-31 17:56:44.858 D/MediaPlayerView( 3300): surfaceDestroyed
10-31 17:56:44.862 D/cr_AwTestContainerView.HardwareView( 3300): [AwTestContainerView.java:96] surfaceDestroyed
10-31 17:56:44.863 D/cr_AwTestContainerView( 3300): [AwTestContainerView.java:63] [mainFrame]: detachedContentsInternal
10-31 17:56:44.863 I/cr_AwContents( 3300): org.chromium.android_webview.AwContents@3b71f97f onDetachedFromWindow
10-31 17:56:44.863 I/cr_AwContents( 3300): org.chromium.android_webview.AwContents@3b71f97f hideAutofillPopup
10-31 17:56:44.864 D/TextureManager( 2498): loadTexture name:系统无信号_36_-1_0_5.0_3.0_3.0_-7829368:textureID:166:recordSize:null
10-31 17:56:44.865 D/cr_AwTestContainerView.HardwareView( 3300): [AwTestContainerView.java:96] detachGLFunctor
10-31 17:56:44.866 D/BasicFigure( 2498): [TN_GLThread 73]isDrawFocused relyElement=[BaseElement@3d27edaa]focusScale[1.15]elementAlpha[-1.0]refectAlpha[-1.0]isFocusAble[true]shadowIndex[-1]autoJumpType[-1]uniqueID[54resSize0]rect[NULL]
10-31 17:56:44.866 D/BasicFigure( 2498): [TN_GLThread 73]isDrawFocused basicFigure=com.suma.midware.view.b.c.c@2fe62d9b
10-31 17:56:44.878 D/BasicFigure( 2498): [TN_GLThread 73]isDrawFocused relyElement=[BaseElement@3d27edaa]focusScale[1.15]elementAlpha[-1.0]refectAlpha[-1.0]isFocusAble[true]shadowIndex[-1]autoJumpType[-1]uniqueID[54resSize0]rect[NULL]
10-31 17:56:44.878 D/BasicFigure( 2498): [TN_GLThread 73]isDrawFocused basicFigure=com.suma.midware.view.b.c.c@2fe62d9b
10-31 17:56:44.878 D/base::Ini( 3300): [getOption] getOption name='debug-eventManager-level' value=''.
