01-01 08:00:16.281 D/ConnectivityService( 2017): Got NetworkFactory Messenger for Ethernet
01-01 08:00:16.490 I/ActivityManager( 2017): Config changes=200 {1.0 ?mcc?mnc zh_CN ?layoutDir sw720dp w1280dp h720dp 160dpi xlrg long land television -touch -keyb/v/h dpad/v s.4}
01-01 08:00:16.496 V/BackupManagerService( 2017): No ancestral data
01-01 08:00:16.498 D/BackupManagerService( 2017): Now staging backup of com.android.browser
01-01 08:00:16.503 D/BackupManagerService( 2017): Now staging backup of android
01-01 08:00:16.505 D/BackupManagerService( 2017): Now staging backup of com.android.providers.settings
01-01 08:00:16.507 D/BackupManagerService( 2017): Now staging backup of com.android.sharedstoragebackup
01-01 08:00:16.509 V/BackupManagerService( 2017): Starting with transport android/com.android.internal.backup.LocalTransport
01-01 08:00:16.509 V/BackupManagerService( 2017): Found transports: 1
01-01 08:00:16.509 I/BackupManagerService( 2017): Binding to transport host ComponentInfo{android/com.android.internal.backup.LocalTransportService}
01-01 08:00:16.512 I/BackupManagerService( 2017): Found stale backup journal, scheduling
01-01 08:00:16.526 E/WindowManager( 2017): load4KAppList: Use Full-HD mode
01-01 08:00:16.540 W/BatteryStatsImpl( 2017): Couldn't get kernel wake lock stats
01-01 08:00:16.541 I/DisplayManagerService( 2017): Display device changed: DisplayDeviceInfo{"内置屏幕": uniqueId="local:0", 1280 x 720, 60.000004 fps, supportedRefreshRates [60.000004], density 160, 160.0 x 160.0 dpi, appVsyncOff 0, presDeadline 17666666, touch INTERNAL, rotation 0, type BUILT_IN, state ON, FLAG_DEFAULT_DISPLAY, FLAG_ROTATES_WITH_CONTENT, FLAG_SECURE, FLAG_SUPPORTS_PROTECTED_BUFFERS}
01-01 08:00:16.566 I/AppOps  ( 2017): Pruning old package media/1013: new uid=-1
01-01 08:00:16.566 I/ActivityManager( 2017): System now ready
01-01 08:00:16.569 I/SystemServer( 2017): Making services ready
01-01 08:00:16.569 I/SystemServiceManager( 2017): Starting phase 550
01-01 08:00:16.572 I/SystemServer( 2017): WebViewFactory preparation
01-01 08:00:16.604 I/ActivityManager( 2017): Start proc 2129:android.process.media/u0a2 for broadcast com.android.providers.media/.MtpReceiver
01-01 08:00:16.625 D/UsbHostManager( 2017): Added device UsbDevice[mName=/dev/bus/usb/001/002,mVendorId=3034,mProductId=61817,mClass=0,mSubclass=0,mProtocol=0,mManufacturerName=Realtek,mProductName=802.11n,mSerialNumber=4C0FC7C3274B,mConfigurations=[
01-01 08:00:16.625 D/UsbHostManager( 2017): UsbConfiguration[mId=1,mName=null,mAttributes=160,mMaxPower=250,mInterfaces=[
01-01 08:00:16.625 D/UsbHostManager( 2017): UsbInterface[mId=0,mAlternateSetting=0,mName=null,mClass=255,mSubclass=255,mProtocol=255,mEndpoints=[
01-01 08:00:16.625 D/UsbHostManager( 2017): UsbEndpoint[mAddress=129,mAttributes=2,mMaxPacketSize=512,mInterval=0]
01-01 08:00:16.625 D/UsbHostManager( 2017): UsbEndpoint[mAddress=2,mAttributes=2,mMaxPacketSize=512,mInterval=0]
01-01 08:00:16.625 D/UsbHostManager( 2017): UsbEndpoint[mAddress=3,mAttributes=2,mMaxPacketSize=512,mInterval=0]]]]
01-01 08:00:16.626 W/ContextImpl( 2017): Calling a method in the system process without a qualified user: android.app.ContextImpl.sendBroadcast:1345 com.android.server.usb.UsbSettingsManager.deviceAttached:741 com.android.server.usb.UsbHostManager.endUsbDeviceAdded:224 com.android.server.usb.UsbHostManager.monitorUsbHostBus:-2 com.android.server.usb.UsbHostManager.access$000:42 
01-01 08:00:16.636 I/ActivityManager( 2017): Start proc 2147:WebViewLoader-armeabi-v7a/1037 [android.webkit.WebViewFactory$RelroFileCreator] for 
01-01 08:00:16.670 I/ActivityManager( 2017): Start proc 2166:com.android.systemui/u0a7 for service com.android.systemui/.SystemUIService
01-01 08:00:16.670 D/NetworkManagementService( 2017): enabling bandwidth control
01-01 08:00:16.671 D/MountService( 2017): volume state changed for /storage/sdcard (unmounted -> mounted)
01-01 08:00:16.672 D/MountService( 2017): sendStorageIntent Intent { act=android.intent.action.MEDIA_MOUNTED dat=file:///storage/sdcard flg=0x4000000 (has extras) } to UserHandle{-1}
01-01 08:00:16.678 W/PackageManager( 2017): Unknown permission android.permission.SYSTEM_OVERLAY_WINDOW in package com.suma.midware.back
01-01 08:00:16.678 W/PackageManager( 2017): Not granting permission android.permission.READ_LOGS to package com.sostation.happyle.huantv (protectionLevel=50 flags=0x88be44)
01-01 08:00:16.678 W/PackageManager( 2017): Not granting permission android.permission.RECEIVE_BOOT_COMPLETED to package com.sostation.happyle.huantv because it was previously installed without
01-01 08:00:16.678 W/PackageManager( 2017): Not granting permission android.permission.ACCESS_DOWNLOAD_MANAGER to package com.sostation.happyle.huantv (protectionLevel=18 flags=0x88be44)
01-01 08:00:16.678 W/PackageManager( 2017): Not granting permission android.permission.DEVICE_POWER to package com.sostation.happyle.huantv (protectionLevel=2 flags=0x88be44)
01-01 08:00:16.678 W/PackageManager( 2017): Not granting permission android.permission.MOUNT_UNMOUNT_FILESYSTEMS to package com.sostation.happyle.huantv (protectionLevel=18 flags=0x88be44)
01-01 08:00:16.678 W/PackageManager( 2017): Not granting permission android.permission.CHANGE_CONFIGURATION to package com.sostation.happyle.huantv (protectionLevel=50 flags=0x88be44)
01-01 08:00:16.678 W/PackageManager( 2017): Unknown permission com.android.launcher.permission.READ_SETTINGS in package com.sostation.happyle.huantv
01-01 08:00:16.678 W/PackageManager( 2017): Unknown permission com.android.launcher.permission.WRITE_SETTINGS in package com.sostation.happyle.huantv
01-01 08:00:16.678 W/PackageManager( 2017): Not granting permission android.permission.SET_DEBUG_APP to package com.sostation.happyle.huantv (protectionLevel=50 flags=0x88be44)
01-01 08:00:16.678 W/PackageManager( 2017): Not granting permission android.permission.ACCESS_DOWNLOAD_MANAGER to package com.android.browser (protectionLevel=18 flags=0x9be45)
01-01 08:00:16.678 W/PackageManager( 2017): Not granting permission android.permission.SEND_DOWNLOAD_COMPLETED_INTENTS to package com.android.browser (protectionLevel=2 flags=0x9be45)
01-01 08:00:16.678 W/PackageManager( 2017): Not granting permission android.permission.READ_LOGS to package com.ktcp.video (protectionLevel=50 flags=0x983e44)
01-01 08:00:16.678 W/PackageManager( 2017): Unknown permission android.permission.READ_SETTINGS in package com.ktcp.video
01-01 08:00:16.678 W/PackageManager( 2017): Not granting permission android.permission.RECEIVE_BOOT_COMPLETED to package com.ktcp.video because it was previously installed without
01-01 08:00:16.678 W/PackageManager( 2017): Unknown permission com.tencent.qqmusictv.playerservice in package com.ktcp.video
01-01 08:00:16.678 W/PackageManager( 2017): Not granting permission android.permission.MOUNT_UNMOUNT_FILESYSTEMS to package com.ktcp.video (protectionLevel=18 flags=0x983e44)
01-01 08:00:16.678 W/PackageManager( 2017): Unknown permission android.permission.SYSTEM_OVERLAY_WINDOW in package com.ktcp.video
01-01 08:00:16.678 W/PackageManager( 2017): Not granting permission android.permission.ACCESS_DOWNLOAD_MANAGER to package com.ktcp.video (protectionLevel=18 flags=0x983e44)
01-01 08:00:16.678 W/PackageManager( 2017): Unknown permission com.huawei.hwid.permission.ACCESS in package com.ktcp.video
01-01 08:00:16.678 W/PackageManager( 2017): Unknown permission com.huawei.appmarket.provider.readPermission in package com.ktcp.video
01-01 08:00:16.678 W/PackageManager( 2017): Unknown permission com.mstar.android.permissionn.ACCESS_TV_DATA in package com.ktcp.video
01-01 08:00:16.678 W/PackageManager( 2017): Unknown permission android.permission.RECEIVE_USER_PRESENT in package com.ktcp.video
01-01 08:00:16.678 W/PackageManager( 2017): Not granting permission android.permission.REAL_GET_TASKS to package com.ktcp.video (protectionLevel=18 flags=0x983e44)
01-01 08:00:16.678 W/PackageManager( 2017): Unknown permission com.ktcp.launcher.PREF_PROVIDER in package com.ktcp.video
01-01 08:00:16.678 W/PackageManager( 2017): Unknown permission com.ktcp.video.WebView in package com.ktcp.video
01-01 08:00:16.679 W/PackageManager( 2017): Unknown permission com.android.launcher.permission.WRITE_SETTINGS in package com.suma.midware.applist
01-01 08:00:16.679 W/PackageManager( 2017): Unknown permission com.android.launcher.permission.READ_SETTINGS in package com.suma.midware.applist
01-01 08:00:16.679 W/PackageManager( 2017): Unknown permission com.android.launcher.permission.WRITE_SETTINGS in package com.suma.midware.dvb
01-01 08:00:16.679 W/PackageManager( 2017): Unknown permission com.android.launcher.permission.READ_SETTINGS in package com.suma.midware.dvb
01-01 08:00:16.679 W/PackageManager( 2017): Not granting permission android.permission.READ_LOGS to package cn.kuwo.sing.tv (protectionLevel=50 flags=0xd8be44)
01-01 08:00:16.679 W/PackageManager( 2017): Unknown permission com.android.launcher.permission.READ_SETTINGS in package cn.kuwo.sing.tv
01-01 08:00:16.679 W/PackageManager( 2017): Unknown permission com.android.launcher.permission.WRITE_SETTINGS in package cn.kuwo.sing.tv
01-01 08:00:16.679 W/PackageManager( 2017): Not granting permission android.permission.MOUNT_UNMOUNT_FILESYSTEMS to package cn.kuwo.sing.tv (protectionLevel=18 flags=0xd8be44)
01-01 08:00:16.679 W/PackageManager( 2017): Unknown permission com.mstar.android.permissionn.ACCESS_TV_DATA in package cn.kuwo.sing.tv
01-01 08:00:16.679 W/PackageManager( 2017): Unknown permission android.permission.WRITE_INTERNAL_STORAGE in package com.sumavision.android.media.v
01-01 08:00:16.679 W/PackageManager( 2017): Not granting permission android.permission.READ_LOGS to package com.starcor.mango (protectionLevel=50 flags=0x98be44)
01-01 08:00:16.679 W/PackageManager( 2017): Not granting permission android.permission.RECEIVE_BOOT_COMPLETED to package com.starcor.mango because it was previously installed without
01-01 08:00:16.679 W/PackageManager( 2017): Unknown permission android.permission.RUN_INSTRUMENTATION in package com.starcor.mango
01-01 08:00:16.679 W/PackageManager( 2017): Unknown permission com.xiaomi.permission.MANAGE_ACCOUNTS in package com.starcor.mango
01-01 08:00:16.679 W/PackageManager( 2017): Not granting permission android.permission.MOUNT_UNMOUNT_FILESYSTEMS to package com.starcor.mango (protectionLevel=18 flags=0x98be44)
01-01 08:00:16.679 W/PackageManager( 2017): Unknown permission com.xiaomi.permission.AUTH_SERVICE in package com.starcor.mango
01-01 08:00:16.679 W/PackageManager( 2017): Not granting permission android.permission.MOUNT_UNMOUNT_FILESYSTEMS to package tv.huan.tutu.album (protectionLevel=18 flags=0x88be44)
01-01 08:00:16.679 W/PackageManager( 2017): Unknown permission android.permission.SYSTEM_OVERLAY_WINDOW in package tv.huan.tutu.album
01-01 08:00:16.679 W/PackageManager( 2017): Not granting permission android.permission.RECEIVE_BOOT_COMPLETED to package tv.huan.tutu.album because it was previously installed without
01-01 08:00:16.679 W/PackageManager( 2017): Not granting permission android.permission.BIND_DREAM_SERVICE to package tv.huan.tutu.album (protectionLevel=2 flags=0x88be44)
01-01 08:00:16.679 W/PackageManager( 2017): Unknown permission com.android.launcher.permission.WRITE_SETTINGS in package com.suma.midware.factorymenu
01-01 08:00:16.679 W/PackageManager( 2017): Unknown permission com.android.launcher.permission.READ_SETTINGS in package com.suma.midware.factorymenu
01-01 08:00:16.679 W/PackageManager( 2017): Unknown permission com.android.smspush.WAPPUSH_MANAGER_BIND in package com.android.phone
01-01 08:00:16.679 W/PackageManager( 2017): Not granting permission android.permission.RECEIVE_BOOT_COMPLETED to package com.trans.runcool because it was previously installed without
01-01 08:00:16.680 W/PackageManager( 2017): Not granting permission android.permission.MOUNT_UNMOUNT_FILESYSTEMS to package com.trans.runcool (protectionLevel=18 flags=0x48be44)
01-01 08:00:16.680 W/PackageManager( 2017): Not granting permission android.permission.CHANGE_CONFIGURATION to package com.trans.runcool (protectionLevel=50 flags=0x48be44)
01-01 08:00:16.680 W/PackageManager( 2017): Not granting permission android.permission.MOUNT_UNMOUNT_FILESYSTEMS to package com.gitvdemo.video (protectionLevel=18 flags=0xd8be44)
01-01 08:00:16.680 W/PackageManager( 2017): Unknown permission android.permission.SET_PROCESS_FOREGROUND in package com.gitvdemo.video
01-01 08:00:16.680 W/PackageManager( 2017): Not granting permission android.permission.RECEIVE_BOOT_COMPLETED to package com.gitvdemo.video because it was previously installed without
01-01 08:00:16.680 W/PackageManager( 2017): Not granting permission android.permission.ACCESS_CACHE_FILESYSTEM to package com.gitvdemo.video (protectionLevel=18 flags=0xd8be44)
01-01 08:00:16.680 W/PackageManager( 2017): Not granting permission android.permission.INJECT_EVENTS to package com.gitvdemo.video (protectionLevel=2 flags=0xd8be44)
01-01 08:00:16.680 W/PackageManager( 2017): Not granting permission android.permission.READ_LOGS to package com.gitvdemo.video (protectionLevel=50 flags=0xd8be44)
01-01 08:00:16.680 W/PackageManager( 2017): Unknown permission android.permission.RUN_INSTRUMENTATION in package com.gitvdemo.video
01-01 08:00:16.681 W/PackageManager( 2017): Unknown permission android.permission.USE_SPECIAL_UDISK in package com.gitvdemo.video
01-01 08:00:16.681 W/PackageManager( 2017): Not granting permission android.permission.MASTER_CLEAR to package com.gitvdemo.video (protectionLevel=18 flags=0xd8be44)
01-01 08:00:16.681 W/PackageManager( 2017): Unknown permission android.permission.READ_MEDIA_STORAGE in package com.gitvdemo.video
01-01 08:00:16.681 W/PackageManager( 2017): Not granting permission android.permission.WRITE_MEDIA_STORAGE to package com.gitvdemo.video (protectionLevel=18 flags=0xd8be44)
01-01 08:00:16.681 W/PackageManager( 2017): Not granting permission android.permission.INSTALL_LOCATION_PROVIDER to package com.gitvdemo.video (protectionLevel=18 flags=0xd8be44)
01-01 08:00:16.681 W/PackageManager( 2017): Not granting permission android.permission.INSTALL_PACKAGES to package com.gitvdemo.video (protectionLevel=18 flags=0xd8be44)
01-01 08:00:16.681 W/PackageManager( 2017): Not granting permission android.permission.DELETE_PACKAGES to package com.gitvdemo.video (protectionLevel=18 flags=0xd8be44)
01-01 08:00:16.681 W/PackageManager( 2017): Unknown permission com.smit.icast.DVB_SERVICE_PERMISSION in package com.gitvdemo.video
01-01 08:00:16.681 W/PackageManager( 2017): Not granting permission android.permission.INTERACT_ACROSS_USERS_FULL to package com.gitvdemo.video (protectionLevel=2 flags=0xd8be44)
01-01 08:00:16.681 W/PackageManager( 2017): Unknown permission android.permission.READ_SETTINGS in package com.gitvdemo.video
01-01 08:00:16.681 W/PackageManager( 2017): Unknown permission com.android.launcher.permission.WRITE_SETTINGS in package com.suma.midware.setting
01-01 08:00:16.681 W/PackageManager( 2017): Unknown permission com.android.launcher.permission.READ_SETTINGS in package com.suma.midware.setting
01-01 08:00:16.681 W/PackageManager( 2017): Unknown permission android.permission.SYSTEM_OVERLAY_WINDOW in package com.hisilicon.android.pqsetting
01-01 08:00:16.773 V/FingerprintService( 2017): startListening(android.service.fingerprint.IFingerprintServiceReceiver$Stub$Proxy@7752271)
01-01 08:00:16.867 I/ActivityManager( 2017): Start proc 2256:com.android.externalstorage/u0a3 for broadcast com.android.externalstorage/.MountReceiver
01-01 08:00:16.977 I/SystemServiceManager( 2017): Starting phase 600
01-01 08:00:16.981 I/BackupManagerService( 2017): Backup enabled => false
01-01 08:00:16.981 I/BackupManagerService( 2017): Opting out of backup
01-01 08:00:16.985 E/InputMethodManagerService( 2017): Ignoring setImeWindowStatus due to an invalid token. uid:1000 token:null
01-01 08:00:16.987 W/InputMethodManagerService( 2017): Skipping input method ComponentInfo{com.suma.midware.back/com.suma.midware.back.sanping.input.SoftInputService}: it does not require the permission android.permission.BIND_INPUT_METHOD
01-01 08:00:17.032 I/ActivityManager( 2017): Start proc 2349:com.amlogic.inputmethod.remote/u0a19 for service com.amlogic.inputmethod.remote/.RemoteIME
01-01 08:00:17.032 V/InputMethodManagerService( 2017): Adding window token: android.os.Binder@13f59349
01-01 08:00:17.049 W/LocationManagerService( 2017): no network location provider found
01-01 08:00:17.051 E/LocationManagerService( 2017): no geocoder provider found
01-01 08:00:17.051 E/LocationManagerService( 2017): FLP HAL not supported
01-01 08:00:17.059 E/LocationManagerService( 2017): Unable to bind FLP Geofence proxy.
01-01 08:00:17.059 E/LocationManagerService( 2017): Hardware Activity-Recognition not supported.
01-01 08:00:17.064 I/MmsServiceBroker( 2017): Delay connecting to MmsService until an API is called
01-01 08:00:17.101 I/ActivityManager( 2017): Start proc 2391:com.suma.midware.back/1000 for added application com.suma.midware.back
01-01 08:00:17.128 I/ActivityManager( 2017): Start proc 2409:com.hisilicon.android.hiRMService/1000 for added application com.hisilicon.android.hiRMService
01-01 08:00:17.158 I/ActivityManager( 2017): Start proc 2432:com.suma.midware.dms/1000 for added application com.suma.midware.dms
01-01 08:00:17.228 I/ActivityManager( 2017): Start proc 2452:com.suma.midware.global/1000 for added application com.suma.midware.global
01-01 08:00:17.278 I/ActivityManager( 2017): Start proc 2476:com.android.phone/1001 for added application com.android.phone
01-01 08:00:17.278 I/ActivityManager( 2017): START u0 {act=android.intent.action.MAIN cat=[android.intent.category.HOME] flg=0x10000000 cmp=com.suma.midware.home/.third.Main3DActivity} from uid 0 on display 0
01-01 08:00:17.286 V/WindowManager( 2017): addAppToken: AppWindowToken{1eb3f841 token=Token{23554328 ActivityRecord{29a8dd4b u0 com.suma.midware.home/.third.Main3DActivity t772}}} to stack=0 task=772 at 0
01-01 08:00:17.317 I/ActivityManager( 2017): Start proc 2498:com.suma.midware.home/1000 for activity com.suma.midware.home/.third.Main3DActivity
01-01 08:00:17.318 I/SystemServer( 2017): NGB ClassLoader dalvik.system.PathClassLoader[DexPathList[[],nativeLibraryDirectories=[/vendor/lib, /system/lib]]], parent dalvik.system.PathClassLoader[DexPathList[[zip file "/system/framework/services.jar", zip file "/system/framework/ethernet-service.jar", zip file "/system/framework/wifi-service.jar"],nativeLibraryDirectories=[/vendor/lib, /system/lib]]]
01-01 08:00:17.318 W/ActivityManager( 2017): Unable to start service Intent { cmp=com.android.printspooler/.model.PrintSpoolerService } U=0: not found
01-01 08:00:17.319 E/SystemServer( 2017): Some exception in loading class com.android.server.NgbEventManagerService
01-01 08:00:17.319 E/SystemServer( 2017): Can not get NGB Event Manager Service
01-01 08:00:17.320 W/SystemServer( 2017): ***********************************************
01-01 08:00:17.320 F/SystemServer( 2017): BOOT FAILURE making NGB Event Manager Service ready
01-01 08:00:17.320 F/SystemServer( 2017): java.lang.ClassNotFoundException: com.android.server.NgbEventManagerService
01-01 08:00:17.320 F/SystemServer( 2017): 	at java.lang.Class.classForName(Native Method)
01-01 08:00:17.320 F/SystemServer( 2017): 	at java.lang.Class.forName(Class.java:309)
01-01 08:00:17.320 F/SystemServer( 2017): 	at java.lang.Class.forName(Class.java:273)
01-01 08:00:17.320 F/SystemServer( 2017): 	at com.android.server.SystemServer.run(SystemServer.java:304)
01-01 08:00:17.320 F/SystemServer( 2017): 	at com.android.server.SystemServer.main(SystemServer.java:178)
01-01 08:00:17.320 F/SystemServer( 2017): 	at java.lang.reflect.Method.invoke(Native Method)
01-01 08:00:17.320 F/SystemServer( 2017): 	at java.lang.reflect.Method.invoke(Method.java:372)
01-01 08:00:17.320 F/SystemServer( 2017): 	at com.android.internal.os.ZygoteInit$MethodAndArgsCaller.run(ZygoteInit.java:903)
01-01 08:00:17.320 F/SystemServer( 2017): 	at com.android.internal.os.ZygoteInit.main(ZygoteInit.java:698)
01-01 08:00:17.320 F/SystemServer( 2017): Caused by: java.lang.ClassNotFoundException: Didn't find class "com.android.server.NgbEventManagerService" on path: DexPathList[[zip file "/system/framework/services.jar", zip file "/system/framework/ethernet-service.jar", zip file "/system/framework/wifi-service.jar"],nativeLibraryDirectories=[/vendor/lib, /system/lib]]
01-01 08:00:17.320 F/SystemServer( 2017): 	at dalvik.system.BaseDexClassLoader.findClass(BaseDexClassLoader.java:56)
01-01 08:00:17.320 F/SystemServer( 2017): 	at java.lang.ClassLoader.loadClass(ClassLoader.java:511)
01-01 08:00:17.320 F/SystemServer( 2017): 	at java.lang.ClassLoader.loadClass(ClassLoader.java:469)
01-01 08:00:17.320 F/SystemServer( 2017): 	... 9 more
01-01 08:00:17.320 F/SystemServer( 2017): 	Suppressed: java.lang.ClassNotFoundException: Didn't find class "com.android.server.NgbEventManagerService" on path: DexPathList[[directory "."],nativeLibraryDirectories=[/vendor/lib, /system/lib]]
01-01 08:00:17.320 F/SystemServer( 2017): 		at dalvik.system.BaseDexClassLoader.findClass(BaseDexClassLoader.java:56)
01-01 08:00:17.320 F/SystemServer( 2017): 		at java.lang.ClassLoader.loadClass(ClassLoader.java:511)
01-01 08:00:17.320 F/SystemServer( 2017): 		at java.lang.ClassLoader.loadClass(ClassLoader.java:504)
01-01 08:00:17.320 F/SystemServer( 2017): 		... 10 more
01-01 08:00:17.320 F/SystemServer( 2017): 		Suppressed: java.lang.ClassNotFoundException: com.android.server.NgbEventManagerService
01-01 08:00:17.320 F/SystemServer( 2017): 			at java.lang.Class.classForName(Native Method)
01-01 08:00:17.320 F/SystemServer( 2017): 			at java.lang.BootClassLoader.findClass(ClassLoader.java:781)
01-01 08:00:17.320 F/SystemServer( 2017): 			at java.lang.BootClassLoader.loadClass(ClassLoader.java:841)
01-01 08:00:17.320 F/SystemServer( 2017): 			at java.lang.ClassLoader.loadClass(ClassLoader.java:504)
01-01 08:00:17.320 F/SystemServer( 2017): 			... 11 more
01-01 08:00:17.320 F/SystemServer( 2017): 		Caused by: java.lang.NoClassDefFoundError: Class not found using the boot class loader; no stack available
01-01 08:00:17.322 E/SystemServer( 2017): Some exception in loading class com.android.server.NgbInputEventService
01-01 08:00:17.325 E/SystemServer( 2017): Can not get NGB Input Event Service
01-01 08:00:17.325 I/SystemServer( 2017): [DCAS] CASEventManagerService
01-01 08:00:17.325 I/SystemServer( 2017): catch throw
01-01 08:00:17.328 I/SystemServer( 2017): Enabled StrictMode for system server main thread.
01-01 08:00:17.330 V/ActivityManager( 2017): Display changed displayId=0
01-01 08:00:17.359 V/ActivityManager( 2017): Display changed displayId=0
01-01 08:00:17.397 I/Telecom ( 2017): TelecomGlobals: TelecomGlobals initializing
01-01 08:00:17.400 E/ActivityThread( 2017): Failed to find provider info for call_log
01-01 08:00:17.454 I/Telecom ( 2017): TelecomGlobals: CallsManager initialized
01-01 08:00:17.455 W/ContextImpl( 2017): Calling a method in the system process without a qualified user: android.app.ContextImpl.startService:1710 android.content.ContextWrapper.startService:516 com.android.server.telecom.BluetoothPhoneService.start:440 com.android.server.telecom.TelecomGlobals.initialize:93 com.android.server.telecom.TelecomService.onCreate:164 
01-01 08:00:17.456 V/CameraObserver( 2017): Intent.ACTION_CAMERA_PLUG: state: 0:name:video0
01-01 08:00:17.456 W/ContextImpl( 2017): Calling a method in the system process without a qualified user: android.app.ContextImpl.sendBroadcast:1345 com.android.server.CameraObserver.sendIntent:116 com.android.server.CameraObserver.access$000:37 com.android.server.CameraObserver$1.handleMessage:122 android.os.Handler.dispatchMessage:102 
01-01 08:00:17.457 D/ZenLog  ( 2017): downtime: Autotrigger skipped: not in downtime
01-01 08:00:17.462 W/ResourcesManager( 2017): Asset path '/system/framework/com.android.location.provider.jar' does not exist or contains no resources.
01-01 08:00:17.471 V/WiredAccessoryManager( 2017): init()
01-01 08:00:17.473 V/WiredAccessoryManager( 2017): newName=hdmi newState=16 headsetState=16 prev headsetState=0
01-01 08:00:17.482 W/AppWidgetServiceImpl( 2017): Failed to read state: java.io.FileNotFoundException: /data/system/users/0/appwidgets.xml: open failed: ENOENT (No such file or directory)
01-01 08:00:17.483 V/AppWidgetServiceImpl( 2017): Upgrading widget database from 0 to 1
01-01 08:00:17.489 V/BackupManagerService( 2017): Connected to transport ComponentInfo{android/com.android.internal.backup.LocalTransportService}
01-01 08:00:17.489 V/BackupManagerService( 2017): Registering transport android/com.android.internal.backup.LocalTransportService::android/com.android.internal.backup.LocalTransport = android.app.backup.BackupTransport$TransportImpl@251657e8
01-01 08:00:17.497 V/ActivityManager( 2017): Display changed displayId=0
01-01 08:00:17.500 V/WiredAccessoryManager( 2017): device hdmi connected
01-01 08:00:17.535 W/ContextImpl( 2432): Calling a method in the system process without a qualified user: android.app.ContextImpl.bindService:1774 android.content.ContextWrapper.bindService:539 com.suma.midware.prop.i.b:-1 com.suma.midware.prop.i.a:-1 com.suma.midware.prop.BaseClientApplication.onCreate:-1 
01-01 08:00:17.575 W/ContextImpl( 2452): Calling a method in the system process without a qualified user: android.app.ContextImpl.bindService:1774 android.content.ContextWrapper.bindService:539 com.suma.midware.prop.i.b:-1 com.suma.midware.prop.i.a:-1 com.suma.midware.global.GlobalApplication.onCreate:-1 
01-01 08:00:17.620 W/ContextImpl( 2498): Calling a method in the system process without a qualified user: android.app.ContextImpl.bindService:1774 android.content.ContextWrapper.bindService:539 com.suma.midware.prop.i.b:-1 com.suma.midware.prop.i.a:-1 com.suma.midware.home.HomeApplication.onCreate:-1 
01-01 08:00:17.725 E/ConnectivityService( 2017): Failed to find Messenger in unregisterNetworkFactory
01-01 08:00:17.727 D/ConnectivityService( 2017): Got NetworkFactory Messenger for Telephony
01-01 08:00:17.760 E/ActivityThread( 2476): Failed to find provider info for com.android.contacts
01-01 08:00:17.872 I/StatusBarManagerService( 2017): registerStatusBar bar=com.android.internal.statusbar.IStatusBar$Stub$Proxy@32c60fd8
01-01 08:00:18.055 I/ActivityManager( 2017): Start proc 2557:com.sumavision.android.media.v/u0a22 for broadcast com.sumavision.android.media.v/com.sumavision.android.media.c.MediaAppProReceiver
01-01 08:00:18.148 D/WifiService( 2017): New client listening to asynchronous messages
01-01 08:00:18.175 D/ConnectivityService( 2017): listenForNetwork for NetworkRequest [ id=2, legacyType=-1, [] ]
01-01 08:00:18.264 E/ActivityThread( 2166): Failed to find provider info for com.android.contacts
01-01 08:00:18.765 D/WifiService( 2017): New client listening to asynchronous messages
01-01 08:00:19.943 D/ConnectivityService( 2017): Got NetworkFactory Messenger for WIFI
01-01 08:00:19.943 D/ConnectivityService( 2017): Got NetworkFactory Messenger for WIFI_UT
01-01 08:00:22.564 W/ContextImpl( 2391): Calling a method in the system process without a qualified user: android.app.ContextImpl.startService:1710 android.content.ContextWrapper.startService:516 com.suma.midware.back.boot.ServiceBoot.b:-1 com.suma.midware.back.BackService.onCreate:-1 android.app.ActivityThread.handleCreateService:2761 
01-01 08:00:22.566 W/ContextImpl( 2391): Calling a method in the system process without a qualified user: android.app.ContextImpl.startService:1710 android.content.ContextWrapper.startService:516 com.suma.midware.back.boot.ServiceBoot.b:-1 com.suma.midware.back.BackService.onCreate:-1 android.app.ActivityThread.handleCreateService:2761 
01-01 08:00:22.573 W/ContextImpl( 2391): Calling a method in the system process without a qualified user: android.app.ContextImpl.startService:1710 android.content.ContextWrapper.startService:516 com.suma.midware.back.boot.neimeng.BackBootDealerNeimeng.a:-1 com.suma.midware.back.boot.ServiceBoot.b:-1 com.suma.midware.back.BackService.onCreate:-1 
01-01 08:00:22.590 D/WifiService( 2017): New client listening to asynchronous messages
01-01 08:00:25.972 W/ContextImpl( 2498): Calling a method in the system process without a qualified user: android.app.ContextImpl.sendBroadcast:1345 android.content.ContextWrapper.sendBroadcast:377 com.suma.midware.view.ext.BluetoothUpdate.b:-1 com.suma.midware.home.third.Main3DActivity.onResume:-1 android.app.Instrumentation.callActivityOnResume:1257 
01-01 08:00:25.987 D/WifiService( 2017): New client listening to asynchronous messages
01-01 08:00:25.992 W/ContextImpl( 2498): Calling a method in the system process without a qualified user: android.app.ContextImpl.sendBroadcast:1345 android.content.ContextWrapper.sendBroadcast:377 android.app.ActivityThread.performResumeActivity:2982 android.app.ActivityThread.handleResumeActivity:3023 android.app.ActivityThread.handleLaunchActivity:2392 
01-01 08:00:26.005 V/WindowManager( 2017): Based on layer: Adding window Window{269dc173 u0 com.suma.midware.home/com.suma.midware.home.third.Main3DActivity} at 1 of 6
01-01 08:00:26.049 V/WindowManager( 2017): Adding window Window{21b59ca9 u0 SurfaceView} at 1 of 7 (before Window{269dc173 u0 com.suma.midware.home/com.suma.midware.home.third.Main3DActivity})
01-01 08:00:26.056 V/WindowManager( 2017): Adding window Window{1c8901cf u0 SurfaceView} at 2 of 8 (before Window{269dc173 u0 com.suma.midware.home/com.suma.midware.home.third.Main3DActivity})
01-01 08:00:26.091 W/KeyguardServiceDelegate( 2017): onScreenTurnedOn(): no keyguard service!
01-01 08:00:26.136 I/ActivityManager( 2017): Start proc 2655:com.gitvdemo.video/u0a26 for broadcast com.gitvdemo.video/com.push.pushservice.receiver.PushServiceReceiver
01-01 08:00:26.153 W/ResourcesManager( 2655): Asset path '/system/framework/android.test.runner.jar' does not exist or contains no resources.
01-01 08:00:26.339 W/ActivityManager( 2017): getRunningAppProcesses: caller 10026 does not hold REAL_GET_TASKS; limiting output
01-01 08:00:26.341 I/SystemServiceManager( 2017): Starting phase 1000
01-01 08:00:26.528 D/WifiService( 2017): New client listening to asynchronous messages
01-01 08:00:26.581 W/ActivityManager( 2017): getRunningAppProcesses: caller 10026 does not hold REAL_GET_TASKS; limiting output
01-01 08:00:26.644 W/ContextImpl( 2498): Calling a method in the system process without a qualified user: android.app.ContextImpl.sendBroadcast:1345 android.content.ContextWrapper.sendBroadcast:377 com.suma.midware.home.third.Main3DActivity.a:-1 com.suma.midware.home.third.h.a:-1 com.sumavision.engine.core.base.c.onDrawFrame:-1 
01-01 08:00:26.832 I/ActivityManager( 2017): Start proc 2719:.pushdaemonservice/u0a26 for service com.gitvdemo.video/com.push.pushservice.api.PushService
01-01 08:00:26.838 W/BroadcastQueue( 2017): Permission Denial: receiving Intent { act=android.intent.action.BOOT_COMPLETED flg=0x8000010 (has extras) } to ProcessRecord{13851eea 2166:com.android.systemui/u0a7} (pid=2166, uid=10007) requires android.permission.RECEIVE_BOOT_COMPLETED due to sender null (uid 1000)
01-01 08:00:26.838 W/BroadcastQueue( 2017): Permission Denial: receiving Intent { act=android.intent.action.BOOT_COMPLETED flg=0x8000010 (has extras) } to ProcessRecord{13851eea 2166:com.android.systemui/u0a7} (pid=2166, uid=10007) requires android.permission.RECEIVE_BOOT_COMPLETED due to sender null (uid 1000)
01-01 08:00:26.840 W/BroadcastQueue( 2017): Permission Denial: receiving Intent { act=android.intent.action.BOOT_COMPLETED flg=0x8000010 (has extras) } to com.android.systemui/.BootReceiver requires android.permission.RECEIVE_BOOT_COMPLETED due to sender null (uid 1000)
01-01 08:00:26.841 W/BroadcastQueue( 2017): Permission Denial: receiving Intent { act=android.intent.action.BOOT_COMPLETED flg=0x8000010 (has extras) } to com.android.phone/.OtaStartupReceiver requires android.permission.RECEIVE_BOOT_COMPLETED due to sender null (uid 1000)
01-01 08:00:26.841 W/BroadcastQueue( 2017): Permission Denial: receiving Intent { act=android.intent.action.BOOT_COMPLETED flg=0x8000010 (has extras) } to com.gitvdemo.video/com.gala.video.app.epg.multiscreen.MultiScreenReceiver requires android.permission.RECEIVE_BOOT_COMPLETED due to sender null (uid 1000)
01-01 08:00:26.842 W/BroadcastQueue( 2017): Permission Denial: receiving Intent { act=android.intent.action.BOOT_COMPLETED flg=0x8000010 (has extras) } to com.android.providers.downloads/.DownloadReceiver requires android.permission.RECEIVE_BOOT_COMPLETED due to sender null (uid 1000)
01-01 08:00:26.842 W/BroadcastQueue( 2017): Permission Denial: receiving Intent { act=android.intent.action.BOOT_COMPLETED flg=0x8000010 (has extras) } to com.android.managedprovisioning/.BootReminder requires android.permission.RECEIVE_BOOT_COMPLETED due to sender null (uid 1000)
01-01 08:00:26.842 W/BroadcastQueue( 2017): Permission Denial: receiving Intent { act=android.intent.action.BOOT_COMPLETED flg=0x8000010 (has extras) } to com.android.providers.media/.MediaScannerReceiver requires android.permission.RECEIVE_BOOT_COMPLETED due to sender null (uid 1000)
01-01 08:00:26.844 W/BroadcastQueue( 2017): Permission Denial: receiving Intent { act=android.intent.action.BOOT_COMPLETED flg=0x8000010 (has extras) } to com.android.providers.media/.MtpReceiver requires android.permission.RECEIVE_BOOT_COMPLETED due to sender null (uid 1000)
01-01 08:00:26.854 W/ContextImpl( 2409): Calling a method in the system process without a qualified user: android.app.ContextImpl.startService:1710 android.content.ContextWrapper.startService:516 android.content.ContextWrapper.startService:516 com.hisilicon.android.hiRMService.HiRMBroadcastReceiver.onReceive:21 android.app.ActivityThread.handleReceiver:2609 
01-01 08:00:26.861 I/BootReceiver( 2017): Copying audit failures to DropBox
01-01 08:00:26.862 I/BootReceiver( 2017): Checking for fsck errors
01-01 08:00:26.896 D/WifiService( 2017): New client listening to asynchronous messages
01-01 08:00:26.917 I/ActivityManager( 2017): Start proc 2748:com.android.keychain/1000 for service com.android.keychain/.KeyChainService
01-01 08:00:26.932 W/ResourcesManager( 2719): Asset path '/system/framework/android.test.runner.jar' does not exist or contains no resources.
01-01 08:00:26.979 W/BroadcastQueue( 2017): Permission Denial: receiving Intent { act=android.intent.action.BOOT_COMPLETED flg=0x8000010 (has extras) } to com.huan.appstore/.receiver.DeviceBootReceiver requires android.permission.RECEIVE_BOOT_COMPLETED due to sender null (uid 1000)
01-01 08:00:27.011 W/ActivityManager( 2017): getRunningAppProcesses: caller 10026 does not hold REAL_GET_TASKS; limiting output
01-01 08:00:27.018 I/ActivityManager( 2017): Start proc 2771:com.sumavision.admindm/1000 for broadcast com.sumavision.admindm/.StartSessionBroadcastReceiver
01-01 08:00:27.086 W/ContextImpl( 2771): Calling a method in the system process without a qualified user: android.app.ContextImpl.startService:1710 android.content.ContextWrapper.startService:516 android.content.ContextWrapper.startService:516 com.sumavision.admindm.StartSessionBroadcastReceiver.onReceive:-1 android.app.ActivityThread.handleReceiver:2609 
01-01 08:00:27.093 W/ContextImpl( 2432): Calling a method in the system process without a qualified user: android.app.ContextImpl.startService:1710 android.content.ContextWrapper.startService:516 android.content.ContextWrapper.startService:516 com.suma.midware.dms.util.DmsUtil.a:-1 com.suma.midware.dms.util.DmsUtil.a:-1 
01-01 08:00:27.094 W/AlarmManager( 2017): Suspiciously short interval 5000 millis; expanding to 60 seconds
01-01 08:00:27.098 W/ContextImpl( 2452): Calling a method in the system process without a qualified user: android.app.ContextImpl.startService:1710 android.content.ContextWrapper.startService:516 com.suma.midware.global.receiver.BootReceiver.onReceive:-1 android.app.ActivityThread.handleReceiver:2609 android.app.ActivityThread.access$1700:151 
01-01 08:00:27.100 W/AlarmManager( 2017): Suspiciously short interval 10000 millis; expanding to 60 seconds
01-01 08:00:27.111 W/ContextImpl( 2391): Calling a method in the system process without a qualified user: android.app.ContextImpl.startService:1710 android.content.ContextWrapper.startService:516 android.content.ContextWrapper.startService:516 com.suma.midware.back.BackReceiver.onReceive:-1 android.app.ActivityThread.handleReceiver:2609 
01-01 08:00:27.147 W/ActivityManager( 2017): getRunningAppProcesses: caller 10026 does not hold REAL_GET_TASKS; limiting output
01-01 08:00:27.167 I/ActivityManager( 2017): Start proc 2798:com.suma.midware.setting/1000 for broadcast com.suma.midware.setting/.BootReceiver
01-01 08:00:27.168 W/ActivityManager( 2017): getRunningAppProcesses: caller 10026 does not hold REAL_GET_TASKS; limiting output
01-01 08:00:27.171 W/AlarmManager( 2017): Suspiciously short interval 5000 millis; expanding to 60 seconds
01-01 08:00:27.224 W/ContextImpl( 2771): Calling a method in the system process without a qualified user: android.app.ContextImpl.bindService:1774 android.content.ContextWrapper.bindService:539 com.suma.midware.prop.i.c:-1 com.suma.midware.prop.i.a:-1 com.sumavision.b.a.<init>:-1 
01-01 08:00:27.314 W/ContextImpl( 2798): Calling a method in the system process without a qualified user: android.app.ContextImpl.bindService:1774 android.content.ContextWrapper.bindService:539 com.suma.midware.prop.i.b:-1 com.suma.midware.prop.i.a:-1 com.suma.midware.setting.SetApplication.onCreate:-1 
01-01 08:00:27.324 W/ContextImpl( 2798): Calling a method in the system process without a qualified user: android.app.ContextImpl.startService:1710 android.content.ContextWrapper.startService:516 android.content.ContextWrapper.startService:516 com.suma.midware.setting.BootReceiver.onReceive:-1 android.app.ActivityThread.handleReceiver:2609 
01-01 08:00:27.326 W/AlarmManager( 2017): Suspiciously short interval 10000 millis; expanding to 60 seconds
01-01 08:00:27.327 W/BroadcastQueue( 2017): Permission Denial: receiving Intent { act=android.intent.action.BOOT_COMPLETED flg=0x8000010 (has extras) } to com.gitvdemo.video/com.push.pushservice.receiver.PushServiceReceiver requires android.permission.RECEIVE_BOOT_COMPLETED due to sender null (uid 1000)
01-01 08:00:27.328 W/BroadcastQueue( 2017): Permission Denial: receiving Intent { act=android.intent.action.BOOT_COMPLETED flg=0x8000010 (has extras) } to com.ktcp.video/.receiver.CHRestoreBroadcastReceiver requires android.permission.RECEIVE_BOOT_COMPLETED due to sender null (uid 1000)
01-01 08:00:27.328 W/BroadcastQueue( 2017): Permission Denial: receiving Intent { act=android.intent.action.BOOT_COMPLETED flg=0x8000010 (has extras) } to com.ktcp.video/com.ktcp.msg.lib.BootCompletedReceiver requires android.permission.RECEIVE_BOOT_COMPLETED due to sender null (uid 1000)
01-01 08:00:27.328 W/BroadcastQueue( 2017): Permission Denial: receiving Intent { act=android.intent.action.BOOT_COMPLETED flg=0x8000010 (has extras) } to com.ktcp.video/com.tencent.oma.push.BootstrapReceiver requires android.permission.RECEIVE_BOOT_COMPLETED due to sender null (uid 1000)
01-01 08:00:27.328 W/BroadcastQueue( 2017): Permission Denial: receiving Intent { act=android.intent.action.BOOT_COMPLETED flg=0x8000010 (has extras) } to com.ktcp.video/.receiver.BootstrapProjectionReceiver requires android.permission.RECEIVE_BOOT_COMPLETED due to sender null (uid 1000)
01-01 08:00:27.328 W/BroadcastQueue( 2017): Permission Denial: receiving Intent { act=android.intent.action.BOOT_COMPLETED flg=0x8000010 (has extras) } to com.ktcp.video/com.tencent.qqlivetv.android.recommendation.RecommendReceiver requires android.permission.RECEIVE_BOOT_COMPLETED due to sender null (uid 1000)
01-01 08:00:27.328 W/BroadcastQueue( 2017): Permission Denial: receiving Intent { act=android.intent.action.BOOT_COMPLETED flg=0x8000010 (has extras) } to com.ktcp.video/.receiver.AutoBootReceiver requires android.permission.RECEIVE_BOOT_COMPLETED due to sender null (uid 1000)
01-01 08:00:27.328 W/BroadcastQueue( 2017): Permission Denial: receiving Intent { act=android.intent.action.BOOT_COMPLETED flg=0x8000010 (has extras) } to com.starcor.mango/com.starcor.receiver.BootStartReceiver requires android.permission.RECEIVE_BOOT_COMPLETED due to sender null (uid 1000)
01-01 08:00:27.368 D/WifiService( 2017): New client listening to asynchronous messages
01-01 08:00:31.468 D/ConnectivityService( 2017): registerNetworkAgent NetworkAgentInfo{ ni{[type: WIFI[], state: CONNECTING/CONNECTING, reason: (unspecified), extra: "ipanel", roaming: false, failover: false, isAvailable: true, isConnectedToProvisioningNetwork: false]}  network{null}  lp{{LinkAddresses: []  Routes: [] DnsAddresses: [] Domains: null MTU: 0 TcpBufferSizes: 524288,1048576,2097152,262144,524288,1048576}}  nc{[ Transports: WIFI Capabilities: INTERNET&NOT_RESTRICTED&TRUSTED&NOT_VPN LinkUpBandwidth>=1048576Kbps LinkDnBandwidth>=1048576Kbps]}  Score{20}  everValidated{false}  lastValidated{false}  created{false}  explicitlySelected{false} }
01-01 08:00:31.468 D/ConnectivityService( 2017): NetworkAgentInfo [WIFI () - 100] EVENT_NETWORK_INFO_CHANGED, going from null to CONNECTING
01-01 08:00:31.481 D/ConnectivityService( 2017): updateNetworkScore for NetworkAgentInfo [WIFI () - 100] to 60
01-01 08:00:32.097 D/ConnectivityService( 2017): NetworkAgentInfo [WIFI () - 100] EVENT_NETWORK_INFO_CHANGED, going from CONNECTING to CONNECTED
01-01 08:00:32.098 D/ConnectivityService( 2017): Adding iface wlan0 to network 100
01-01 08:00:32.128 E/ConnectivityService( 2017): Unexpected mtu value: 0, wlan0
01-01 08:00:32.128 D/ConnectivityService( 2017): Adding Route [fe80::/64 -> :: wlan0] to network 100
01-01 08:00:32.129 D/ConnectivityService( 2017): Adding Route [192.168.1.0/24 -> 0.0.0.0 wlan0] to network 100
01-01 08:00:32.130 D/ConnectivityService( 2017): Adding Route [0.0.0.0/0 -> 192.168.1.1 wlan0] to network 100
01-01 08:00:32.131 D/ConnectivityService( 2017): Setting Dns servers for network 100 to [/10.11.11.50, /202.99.224.68]
01-01 08:00:32.136 D/ConnectivityService( 2017): notifyType IP_CHANGED for NetworkAgentInfo [WIFI () - 100]
01-01 08:00:32.139 D/ConnectivityService( 2017): notifyType PRECHECK for NetworkAgentInfo [WIFI () - 100]
01-01 08:00:32.139 D/ConnectivityService( 2017): rematching NetworkAgentInfo [WIFI () - 100]
01-01 08:00:32.139 D/ConnectivityService( 2017):    accepting network in place of null
01-01 08:00:32.140 D/ConnectivityService( 2017): Switching to new default network: NetworkAgentInfo{ ni{[type: WIFI[], state: CONNECTED/CONNECTED, reason: (unspecified), extra: "ipanel", roaming: false, failover: false, isAvailable: true, isConnectedToProvisioningNetwork: false]}  network{100}  lp{{InterfaceName: wlan0 LinkAddresses: [192.168.1.102/24,]  Routes: [fe80::/64 -> :: wlan0,192.168.1.0/24 -> 0.0.0.0 wlan0,0.0.0.0/0 -> 192.168.1.1 wlan0,] DnsAddresses: [10.11.11.50,202.99.224.68,] Domains:  MTU: 0 TcpBufferSizes: 524288,1048576,2097152,262144,524288,1048576}}  nc{[ Transports: WIFI Capabilities: INTERNET&NOT_RESTRICTED&TRUSTED&NOT_VPN LinkUpBandwidth>=1048576Kbps LinkDnBandwidth>=1048576Kbps]}  Score{20}  everValidated{false}  lastValidated{false}  created{true}  explicitlySelected{false} }
01-01 08:00:32.140 D/ConnectivityService( 2017): Setting tx/rx TCP buffers to 524288,1048576,2097152,262144,524288,1048576
01-01 08:00:32.143 D/ConnectivityService( 2017): notifyType AVAILABLE for NetworkAgentInfo [WIFI () - 100]
01-01 08:00:32.144 D/CSLegacyTypeTracker( 2017): Sending connected broadcast for type 1 NetworkAgentInfo [WIFI () - 100] isDefaultNetwork=true
01-01 08:00:32.144 D/ConnectivityService( 2017): sendStickyBroadcast: action=android.net.conn.CONNECTIVITY_CHANGE_IMMEDIATE
01-01 08:00:32.144 D/ConnectivityService( 2017): sendStickyBroadcast: action=android.net.conn.CONNECTIVITY_CHANGE
01-01 08:00:32.145 D/ConnectivityService( 2017): setProvNotificationVisibleIntent: E visible=false networkType=0 extraInfo=null
01-01 08:00:32.147 D/ConnectivityService( 2017): Validated NetworkAgentInfo [WIFI () - 100]
01-01 08:00:32.147 D/ConnectivityService( 2017): rematching NetworkAgentInfo [WIFI () - 100]
01-01 08:00:32.147 D/ConnectivityService( 2017): Network NetworkAgentInfo [WIFI () - 100] was already satisfying request 1. No change.
01-01 08:00:32.147 D/ConnectivityService( 2017): notifyType AVAILABLE for NetworkAgentInfo [WIFI () - 100]
01-01 08:00:32.149 D/ConnectivityService( 2017): sendStickyBroadcast: action=android.net.conn.INET_CONDITION_ACTION
01-01 08:00:32.197 I/ActivityManager( 2017): Start proc 2913:com.sostation.happyle.huantv/u0a28 for broadcast com.sostation.happyle.huantv/com.youdao.sdk.common.YouDaoTrackerReceiver
01-01 08:00:32.287 I/ActivityManager( 2017): Start proc 2937:com.starcor.mango/u0a23 for broadcast com.starcor.mango/com.starcor.receiver.NetworkConnectionReceiver
01-01 08:00:32.302 W/ResourcesManager( 2937): Asset path '/system/framework/android.test.runner.jar' does not exist or contains no resources.
01-01 08:00:32.699 D/ConnectivityService( 2017): notifyType IP_CHANGED for NetworkAgentInfo [WIFI () - 100]
01-01 08:00:33.257 W/ActivityManager( 2017): getTasks: caller 10023 does not hold REAL_GET_TASKS; limiting output
01-01 08:00:33.259 W/ActivityManager( 2017): getRunningAppProcesses: caller 10023 does not hold REAL_GET_TASKS; limiting output
01-01 08:00:33.261 W/ActivityManager( 2017): getTasks: caller 10023 does not hold REAL_GET_TASKS; limiting output
01-01 08:00:33.262 W/ActivityManager( 2017): getTasks: caller 10023 does not hold REAL_GET_TASKS; limiting output
01-01 08:00:33.299 W/ActivityManager( 2017): getTasks: caller 10023 does not hold REAL_GET_TASKS; limiting output
01-01 08:00:33.300 W/ActivityManager( 2017): getTasks: caller 10023 does not hold REAL_GET_TASKS; limiting output
01-01 08:00:35.991 I/ActivityManager( 2017): START u0 {act=com.suma.midware.action.channel.play cmp=com.suma.midware.dvb/.play.PlayActivity (has extras)} from uid 1000 on display 0
01-01 08:00:35.995 V/WindowManager( 2017): addAppToken: AppWindowToken{a866d1 token=Token{305311f8 ActivityRecord{1af4655b u0 com.suma.midware.dvb/.play.PlayActivity t773}}} to stack=1 task=773 at 0
01-01 08:00:36.000 V/WindowManager( 2017): Adding window Window{1726dec2 u0 Starting com.suma.midware.dvb} at 4 of 9 (after Window{269dc173 u0 com.suma.midware.home/com.suma.midware.home.third.Main3DActivity})
01-01 08:00:36.002 W/ContextImpl( 2498): Calling a method in the system process without a qualified user: android.app.ContextImpl.sendBroadcast:1345 android.content.ContextWrapper.sendBroadcast:377 android.app.ActivityThread.performPauseActivity:3259 android.app.ActivityThread.performPauseActivity:3225 android.app.ActivityThread.handlePauseActivity:3200 
01-01 08:00:36.042 I/ActivityManager( 2017): Start proc 3109:com.suma.midware.dvb/1000 for activity com.suma.midware.dvb/.play.PlayActivity
01-01 08:00:36.179 W/ContextImpl( 3109): Calling a method in the system process without a qualified user: android.app.ContextImpl.bindService:1774 android.content.ContextWrapper.bindService:539 com.suma.midware.prop.i.b:-1 com.suma.midware.prop.i.a:-1 com.suma.midware.dvb.DvbApplication.onCreate:-1 
01-01 08:00:36.637 E/ActivityThread( 3109): Failed to find provider info for com.suma.midware.update
01-01 08:00:36.639 I/ActivityManager( 2017): Force stopping com.suma.midware.vod appid=1000 user=0: from pid 3109
01-01 08:00:36.640 D/ActivityThread( 3109): Loading provider com.suma.midware.provider.ubas: com.suma.midware.back.db.UbaProvider
01-01 08:00:36.732 W/ContextImpl( 3109): Calling a method in the system process without a qualified user: android.app.ContextImpl.sendBroadcast:1345 android.content.ContextWrapper.sendBroadcast:377 android.app.ActivityThread.performResumeActivity:2982 android.app.ActivityThread.handleResumeActivity:3023 android.app.ActivityThread.handleLaunchActivity:2392 
01-01 08:00:36.749 V/WindowManager( 2017): Adding window Window{5924e1f u0 com.suma.midware.dvb/com.suma.midware.dvb.play.PlayActivity} at 4 of 10 (before Window{1726dec2 u0 Starting com.suma.midware.dvb})
01-01 08:00:37.274 D/WifiService( 2017): New client listening to asynchronous messages
01-01 08:00:39.501 D/TaskPersister( 2017): removeObsoleteFile: deleting file=769_task.xml
01-01 08:00:39.502 D/TaskPersister( 2017): removeObsoleteFile: deleting file=769_task_thumbnail.png
10-31 17:37:16.006 W/ContextImpl( 2391): Calling a method in the system process without a qualified user: android.app.ContextImpl.sendBroadcast:1345 android.content.ContextWrapper.sendBroadcast:377 com.suma.midware.back.ivideo.b.a:-1 com.suma.midware.back.ivideo.neimeng.IvideoDealerNeimeng.b:-1 com.suma.midware.back.ivideo.neimeng.IvideoDealerNeimeng.e:-1 
10-31 17:37:16.088 W/ContextImpl( 2391): Calling a method in the system process without a qualified user: android.app.ContextImpl.sendBroadcast:1345 android.content.ContextWrapper.sendBroadcast:377 com.suma.midware.back.ivideo.b.a:-1 com.suma.midware.back.ivideo.neimeng.IvideoDealerNeimeng.e:-1 com.suma.midware.back.ivideo.e.run:-1 
10-31 17:37:16.265 W/ContextImpl( 2391): Calling a method in the system process without a qualified user: android.app.ContextImpl.sendBroadcast:1345 android.content.ContextWrapper.sendBroadcast:377 com.suma.midware.back.ivideo.b.a:-1 com.suma.midware.back.ivideo.neimeng.IvideoDealerNeimeng.e:-1 com.suma.midware.back.ivideo.e.run:-1 
--------- beginning of main
