10-31 15:59:57.736 D/BasicFigure( 2498): [TN_GLThread 74]onClick autoJumpType=-1,size=1,element=[BaseElement@27f8c4c9]focusScale[1.15]elementAlpha[-1.0]refectAlpha[-1.0]isFocusAble[true]shadowIndex[-1]autoJumpType[-1]uniqueID[33resSize5]rect[1582.0,3.0,180.0,134.0],figure=com.suma.midware.view.b.c.c@3182ccd0
10-31 15:59:57.736 D/AppUtil ( 2498): [TN_GLThread 74]convertLink link null
10-31 15:59:57.736 D/HomeConfig( 2498): [TN_GLThread 74]getUnableNote element=[BaseElement@27f8c4c9]focusScale[1.15]elementAlpha[-1.0]refectAlpha[-1.0]isFocusAble[true]shadowIndex[-1]autoJumpType[-1]uniqueID[33resSize5]rect[1582.0,3.0,180.0,134.0]
10-31 15:59:57.737 D/Main3DActivity( 2498): [TN_GLThread 74]startApp intent=Intent { act= cmp=com.suma.midware.setting/.main.SystemMainActivity },noteText=精彩无限，敬请期待,comp=ComponentInfo{com.suma.midware.setting/com.suma.midware.setting.main.SystemMainActivity}
10-31 15:59:57.738 I/ActivityManager( 2019): START u0 {act= cmp=com.suma.midware.setting/.main.SystemMainActivity} from uid 1000 on display 0
10-31 15:59:57.741 D/RemoteIME( 2349): RemoteIME--> onKeyUp keyCode = 23
10-31 15:59:57.741 D/Main3DActivity( 2498): [TN_main]dispatchKeyEvent event=KeyEvent { action=ACTION_UP, keyCode=KEYCODE_DPAD_CENTER, scanCode=28, metaState=0, flags=0x28, repeatCount=0, eventTime=296432, downTime=296422, deviceId=3, source=0x701 },isEventAble=true
10-31 15:59:57.743 D/BaseApplication( 2498): [TN_main]onActivityPaused activity=com.suma.midware.home.third.Main3DActivity@46ab53e
10-31 15:59:57.743 D/Main3DActivity( 2498): [TN_main]onPause time=296434,appStartMode=1
10-31 15:59:57.743 D/GLRootView( 2498): doAction isPause:true:isCreated:true:isPaused:false
10-31 15:59:57.744 D/BaseApplication( 2793): [TN_main]onActivityDestroyed activity=com.suma.midware.setting.net.NetMainActivity@2c4e8656
10-31 15:59:57.746 D/Main3DActivity( 2498): [TN_main]onPause time=296438,appStartMode=1,clsName=com.suma.midware.home.third.Main3DActivity
10-31 15:59:57.746 D/PlayExcuter( 2498): [TN_main]notifyPlay type=9,curType=-2,cancelType=2,cancelVideoType=1,isResetData=true,task=null,this.task=[PlayDirectTask@1ee125c]playTaskType[6]playType[0]playerType[-1]isEcmSet[true]playerIndex[0]tunerIndex[0]channel[[DirectChannel@32501b]channelID[0]oNetID[1]tsID[31]serviceID[3102]freq[371000]name[CCTV-1高清]serviceType[8]attr[24576]serialNum[1]serialNum4[1]pcrPID[49]refServiceID[-1]],indexs=null
10-31 15:59:57.746 D/PlayExcuter( 2498): [TN_main]releasePlayer curType=-2,cancelType=2,task=[PlayDirectTask@1ee125c]playTaskType[6]playType[0]playerType[-1]isEcmSet[true]playerIndex[0]tunerIndex[0]channel[[DirectChannel@32501b]channelID[0]oNetID[1]tsID[31]serviceID[3102]freq[371000]name[CCTV-1高清]serviceType[8]attr[24576]serialNum[1]serialNum4[1]pcrPID[49]refServiceID[-1]]
10-31 15:59:57.747 D/PlayNgbDealer( 2391): [TN_Binder_4]findPlayer index=0,findType=0,channelIndex=0
10-31 15:59:57.747 D/PlayNgbDealer( 2391): [TN_Binder_4]releasePlayer index=0,playerNum=1,videoType=1,isResetData=true,isCheckPID=false
10-31 15:59:57.747 E/TerminalHandler( 2391): [TN_Binder_4]removeTerminalListener illegal dealer=null,listener=com.suma.midware.back.play.i@2689675d:
10-31 15:59:57.747 D/Media   ( 2391): ^^^^player unregistPlayerListener.
10-31 15:59:57.747 V/SUMA    ( 1583): [NGBM] ngb_media_player_unreg enter !!! hplayer=0xff0000
10-31 15:59:57.747 V/SUMA    ( 1583): [NGBM] context_vplayer_ioctl leave. ret=0
10-31 15:59:57.747 V/SUMA    ( 1583): [NGBM] ngb_media_player_unreg leave hplayer=0xff0000 ret=0
10-31 15:59:57.747 D/Media   ( 2391): ^^^^unregister mediaplayer code=0
10-31 15:59:57.747 D/Media   ( 2391): ^^^^player deallocate.
10-31 15:59:57.747 V/SUMA    ( 2391): [ngbplayer-c][ngb_media_player_close 301]ngb_media_player_close
10-31 15:59:57.748 V/SUMA    ( 1583): [NGBM] ngb_media_player_close enter !!! hplayer=0xff0000
10-31 15:59:57.748 V/SUMA    ( 1583): [VPLAYER 0xabcd0000] vplayer_close() enter! hvplayer=0xb307a100
10-31 15:59:57.748 V/SUMA    ( 1583): [VPLAYER 0xabcd0000] vplayer_close() leave! hvplayer=0xb307a100
10-31 15:59:57.748 V/SUMA    ( 1583): [NGBM] ngb_media_player_close leave hplayer=0x00ff0000 ret=0
10-31 15:59:57.748 V/SUMA    ( 2391): [ngbplayer-c][ngb_media_player_close 310]client player release
10-31 15:59:57.748 D/PlayerManager( 2498): [TN_main]cancelPlayTask cancleType=2,cancelVideoType=1,isResetData=true,isCheckPID=false,state=0,indexs=null
10-31 15:59:57.748 D/SysEventHandler( 2391): [TN_Binder_1]removeEventListener binder=android.os.BinderProxy@1d73396a
10-31 15:59:57.749 D/DataBaseHandler( 2391): [TN_Binder_3]removeDataListener binder=android.os.BinderProxy@3789ee5b
10-31 15:59:57.749 D/PlayerHandler( 2391): [TN_Binder_2]removePlayListener binder=android.os.BinderProxy@21bc66f8
10-31 15:59:57.750 D/Main3DActivity( 2498): [TN_main]onPause endTime=296441,appStartMode=-1
10-31 15:59:57.750 W/ContextImpl( 2498): Calling a method in the system process without a qualified user: android.app.ContextImpl.sendBroadcast:1345 android.content.ContextWrapper.sendBroadcast:377 android.app.ActivityThread.performPauseActivity:3259 android.app.ActivityThread.performPauseActivity:3225 android.app.ActivityThread.handlePauseActivity:3200 
10-31 15:59:57.756 D/BasicFigure( 2498): [TN_GLThread 74]isDrawFocused relyElement=[BaseElement@190c8802]focusScale[1.15]elementAlpha[-1.0]refectAlpha[-1.0]isFocusAble[true]shadowIndex[-1]autoJumpType[-1]uniqueID[54resSize0]rect[NULL]
10-31 15:59:57.756 D/BasicFigure( 2498): [TN_GLThread 74]isDrawFocused basicFigure=com.suma.midware.view.b.c.c@2f52b513
10-31 15:59:57.757 D/BasicRootPanel( 2498): [TN_GLThread 74]getTVFigure curBasicPanel=com.suma.midware.view.b.d.d@389ebd80
10-31 15:59:57.757 D/FixedRes( 2498): [TN_GLThread 74]getTVNoteTexture tvNoteType=-1,tvNoteSubType=0
10-31 15:59:57.757 W/MenuUtil( 2498): [TN_GLThread 74]loadResTexture illegal value=null
10-31 15:59:57.757 D/TextureManager( 2498): deleteTexture key:系统无信号_36_-1_0_5.0_3.0_3.0_-7829368:textureID:63
10-31 15:59:57.761 D/BaseApplication( 2793): [TN_main]onActivityStarted activity=com.suma.midware.setting.main.SystemMainActivity@214a3984
10-31 15:59:57.761 D/BaseApplication( 2793): [TN_main]onActivityResumed activity=com.suma.midware.setting.main.SystemMainActivity@214a3984
10-31 15:59:57.762 W/ContextImpl( 2793): Calling a method in the system process without a qualified user: android.app.ContextImpl.sendBroadcast:1345 android.content.ContextWrapper.sendBroadcast:377 android.app.ActivityThread.performResumeActivity:2982 android.app.ActivityThread.handleResumeActivity:3023 android.app.ActivityThread$H.handleMessage:1347 
10-31 15:59:57.769 D/BasicFigure( 2498): [TN_GLThread 74]isDrawFocused relyElement=[BaseElement@190c8802]focusScale[1.15]elementAlpha[-1.0]refectAlpha[-1.0]isFocusAble[true]shadowIndex[-1]autoJumpType[-1]uniqueID[54resSize0]rect[NULL]
10-31 15:59:57.769 D/BasicFigure( 2498): [TN_GLThread 74]isDrawFocused basicFigure=com.suma.midware.view.b.c.c@2f52b513
10-31 15:59:57.792 D/RemoteIME( 2349): onFinishInput.
10-31 15:59:57.792 D/RemoteIME( 2349): onStartInput  ccontentType: 0 Restarting:false
10-31 15:59:57.850 D/PlayExcuter( 2498): [TN_main]surfaceDestroyed surface=Surface(name=null)/@0x77bf080,rect=Rect(49, 141 - 498, 393),curSurface=Surface(name=null)/@0x77bf080,holder=android.view.SurfaceView$4@202b0e57
10-31 15:59:57.889 D/BackBootDealerNeimeng( 2391): standbyState:
10-31 15:59:57.889 E/NetUtils( 2019): Interface eth0 LinkDown!
10-31 15:59:57.940 D/ir_user ( 1587): PlayerTimeLineTrace:linux_keycode:0x1c(UP),	protocol: .
10-31 15:59:57.940 V/PT      ( 1583): >>INFO:irkey_task:[     296.632163] /dev/input/event0: type=0001 code=001c val=00000000
10-31 15:59:57.940 V/PT      ( 1583): >>INFO:irkey_send:0x3001 0x1001 up  
10-31 15:59:57.940 V/SUMA    ( 1583): ++++++++++++++  _roc_evtmgr_key_cbk 517:input = 12289, event=4097, act=0x400
10-31 15:59:57.940 V/SUMA    ( 1583): lxm:_roc_evtmgr_key_cbk 519 296632
10-31 15:59:57.941 V/SUMA    ( 1583): lxm:_roc_evtmgr_add_key_into_queue 311 296632
10-31 15:59:57.941 V/PT      ( 1583): >>INFO:irkey_task:[     296.632163] /dev/input/event0: type=0000 code=0000 val=00000000
10-31 15:59:57.941 V/SUMA    ( 1583): ===================>> type=0 src=0 evt=4097 act=0x400
10-31 15:59:57.941 V/SUMA    ( 1583): [sysset-s][event_manager_cbk 78]lxm cbid=1, cbk_reg=1, cpid=2457
10-31 15:59:57.941 D/NGBEvent( 2457): ngbEventCallBack type:0 source :4097
10-31 15:59:57.941 D/NGBEvent( 2457): [NGBEventManager-JNI]-returning:1
10-31 15:59:57.941 D/NGBEvent( 2457): Input key event: keyCode=4097
10-31 15:59:57.941 D/NGBEvent( 2457): src:4097 = dest:4097
10-31 15:59:57.941 I/System.out( 2457): [DEBUG EventManager] LWJ--Add event to java with evt=NgbEvent-[type = 1, subtype = 402, code = 4097]
10-31 15:59:57.942 D/NGBEvent( 2457): [NGBEvent_log]--[EventManager--JNI]:		start
10-31 15:59:57.942 I/System.out( 2457): [DEBUG EventManager] broadcastEvent  :len 1
10-31 15:59:57.942 D/KeyEventNgbDealer( 2457): [TN_pool-1-thread-1]handleKeyReleased keyEvent=NgbEvent-[type = 1, subtype = 402, code = 4097],time=296633
10-31 15:59:57.942 D/InputEventConsistencyVerifier( 2793): KeyEvent: ACTION_UP but key was not down.
10-31 15:59:57.942 D/InputEventConsistencyVerifier( 2793):   in android.view.ViewRootImpl@3b71f97f
10-31 15:59:57.942 D/InputEventConsistencyVerifier( 2793):   0: sent at 296632000000, KeyEvent { action=ACTION_UP, keyCode=KEYCODE_DPAD_CENTER, scanCode=28, metaState=0, flags=0x8, repeatCount=0, eventTime=296632, downTime=296422, deviceId=3, source=0x701 }
10-31 15:59:57.942 D/InputEventConsistencyVerifier( 2793):   -- recent events --
10-31 15:59:57.942 D/InputEventConsistencyVerifier( 2793):   1: sent at 103793000000, KeyEvent { action=ACTION_UP, keyCode=KEYCODE_DPAD_CENTER, scanCode=28, metaState=0, flags=0x8, repeatCount=0, eventTime=103793, downTime=103583, deviceId=3, source=0x701 }
10-31 15:59:57.942 D/InputEventConsistencyVerifier( 2793):   2: sent at 103583000000, KeyEvent { action=ACTION_DOWN, keyCode=KEYCODE_DPAD_CENTER, scanCode=28, metaState=0, flags=0x8, repeatCount=0, eventTime=103583, downTime=103583, deviceId=3, source=0x701 }
10-31 15:59:57.942 D/InputEventConsistencyVerifier( 2793):   3: sent at 102875000000, KeyEvent { action=ACTION_UP, keyCode=KEYCODE_DPAD_CENTER, scanCode=28, metaState=0, flags=0x80000008, repeatCount=0, eventTime=102875, downTime=102665, deviceId=3, source=0x701 }
10-31 15:59:57.942 D/InputEventConsistencyVerifier( 2793):   4: sent at 68679000000, KeyEvent { action=ACTION_UP, keyCode=KEYCODE_DPAD_CENTER, scanCode=28, metaState=0, flags=0x8, repeatCount=0, eventTime=68679, downTime=68470, deviceId=3, source=0x701 }
10-31 15:59:57.942 D/InputEventConsistencyVerifier( 2793):   5: sent at 68470000000, KeyEvent { action=ACTION_DOWN, keyCode=KEYCODE_DPAD_CENTER, scanCode=28, metaState=0, flags=0x8, repeatCount=0, eventTime=68470, downTime=68470, deviceId=3, source=0x701 }
10-31 15:59:57.943 D/RemoteIME( 2349): RemoteIME--> onKeyUp keyCode = 23
10-31 15:59:58.021 E/storage_operate( 2899): HCDN_LOG: [2017/10/31-15:59:58:021]:[func:GetTaskCount],[line:827],[oper:get task count],[state:0],[count:0]
10-31 15:59:58.021 E/storage_operate( 2899): HCDN_LOG: [2017/10/31-15:59:58:021]:[func:GetTaskCount],[line:827],[oper:get task count],[state:0],[count:0]
10-31 15:59:58.021 E/storage_operate( 2899): HCDN_LOG: [2017/10/31-15:59:58:021]:[func:GetTaskCount],[line:827],[oper:get task count],[state:1],[count:0]
10-31 15:59:58.092 E/storage_operate( 2648): HCDN_LOG: [2017/10/31-15:59:58:092]:[func:GetTaskCount],[line:827],[oper:get task count],[state:0],[count:0]
10-31 15:59:58.092 E/storage_operate( 2648): HCDN_LOG: [2017/10/31-15:59:58:092]:[func:GetTaskCount],[line:827],[oper:get task count],[state:0],[count:0]
10-31 15:59:58.092 E/storage_operate( 2648): HCDN_LOG: [2017/10/31-15:59:58:092]:[func:GetTaskCount],[line:827],[oper:get task count],[state:1],[count:0]
10-31 15:59:58.212 I/EthernetNetworkFactory( 2019): updateInterfaceState :the mIface is:eth0iface is wlan0 true
10-31 15:59:58.234 E/WifiAutoJoinController ( 2019): GDWL 86:79:73:27:8c:19 rssi=-43 cap [WPA-PSK-CCMP][WPA2-PSK-CCMP][ESS] is not scored
10-31 15:59:58.234 E/WifiAutoJoinController ( 2019): GDWL 86:79:73:27:8c:0d rssi=-50 cap [WPA-PSK-CCMP][WPA2-PSK-CCMP][ESS] is not scored
10-31 15:59:58.234 E/WifiAutoJoinController ( 2019): GDWL 86:79:73:27:8c:11 rssi=-66 cap [WPA-PSK-CCMP][WPA2-PSK-CCMP][ESS] is not scored
10-31 15:59:58.235 E/WifiAutoJoinController ( 2019): TP-LINK_BAF2C2 0c:72:2c:ba:f2:c2 rssi=-66 cap [WPA-PSK-CCMP][WPA2-PSK-CCMP][WPS][ESS] is not scored
10-31 15:59:58.236 E/WifiAutoJoinController ( 2019): ipanel e4:f3:f5:aa:ad:88 rssi=-39 cap [WPA-PSK-CCMP][WPA2-PSK-CCMP][ESS] is not scored
10-31 15:59:58.236 E/WifiAutoJoinController ( 2019): Office_Net e4:f3:f5:a4:00:c0 rssi=-65 cap [WPA-PSK-CCMP][WPA2-PSK-CCMP][ESS] is not scored
10-31 15:59:58.237 E/WifiAutoJoinController ( 2019): GDWL 86:79:73:27:8c:1d rssi=-62 cap [WPA-PSK-CCMP][WPA2-PSK-CCMP][ESS] is not scored
10-31 15:59:58.237 E/WifiAutoJoinController ( 2019): WLGS 1c:fa:68:05:a3:5a rssi=-70 cap [WPA-PSK-CCMP][WPA2-PSK-CCMP][WPS][ESS] is not scored
10-31 15:59:58.238 E/WifiAutoJoinController ( 2019):  84:79:73:27:8c:0d rssi=-54 cap [WEP][ESS] is not scored
10-31 15:59:58.238 E/WifiAutoJoinController ( 2019):  84:79:73:27:8c:19 rssi=-39 cap [WEP][ESS] is not scored
10-31 15:59:58.239 E/WifiAutoJoinController ( 2019):  84:79:73:27:8c:11 rssi=-66 cap [WEP][ESS] is not scored
10-31 15:59:58.239 E/WifiAutoJoinController ( 2019):  84:79:73:27:8c:2f rssi=-72 cap [WEP][ESS] is not scored
10-31 15:59:58.240 E/WifiAutoJoinController ( 2019): MERCURY_EDE4 e4:f3:f5:6a:ed:e4 rssi=-68 cap [ESS] is not scored
10-31 15:59:58.241 E/WifiAutoJoinController ( 2019): TP-LINK_11AF56 9c:21:6a:11:af:56 rssi=-76 cap [WPA-PSK-CCMP][WPA2-PSK-CCMP][WPS][ESS] is not scored
10-31 15:59:58.241 E/WifiAutoJoinController ( 2019):  84:79:73:27:8c:1d rssi=-70 cap [WEP][ESS] is not scored
10-31 15:59:58.242 E/WifiAutoJoinController ( 2019): 4lou ec:26:ca:2e:87:1a rssi=-76 cap [WPA-PSK-CCMP][WPA2-PSK-CCMP][ESS] is not scored
10-31 15:59:58.243 E/WifiAutoJoinController ( 2019):  84:79:73:27:8c:27 rssi=-78 cap [WEP][ESS] is not scored
10-31 15:59:58.244 E/WifiAutoJoinController ( 2019): TOTOLINK_2feec4 f4:28:53:2f:ee:c4 rssi=-78 cap [WPA-PSK-CCMP+TKIP][WPA2-PSK-CCMP+TKIP][WPS][ESS] is not scored
10-31 15:59:58.244 E/WifiAutoJoinController ( 2019): zhangjia c8:3a:35:4a:ad:00 rssi=-80 cap [WPA-PSK-CCMP][WPA2-PSK-CCMP][ESS] is not scored
10-31 15:59:58.245 E/WifiAutoJoinController ( 2019): HUAWEI-VYGUV5 00:5a:13:61:fa:ac rssi=-80 cap [ESS] is not scored
10-31 15:59:58.245 E/WifiAutoJoinController ( 2019): GDWL 86:79:73:27:8c:2b rssi=-80 cap [WPA-PSK-CCMP][WPA2-PSK-CCMP][ESS] is not scored
10-31 15:59:58.246 E/WifiAutoJoinController ( 2019): CMCC 06:11:b5:17:bd:d5 rssi=-76 cap [WPA-EAP-CCMP+TKIP][WPA2-EAP-CCMP+TKIP][ESS] is not scored
10-31 15:59:58.246 E/WifiAutoJoinController ( 2019): CMCC-family 0a:11:b5:17:bd:d5 rssi=-76 cap [ESS] is not scored
10-31 15:59:58.247 E/WifiAutoJoinController ( 2019): GDWL 86:79:73:27:8c:13 rssi=-72 cap [WPA-PSK-CCMP][WPA2-PSK-CCMP][ESS] is not scored
10-31 15:59:58.247 E/WifiAutoJoinController ( 2019): 影视娱乐频道 24:69:68:79:91:8a rssi=-76 cap [WPA-PSK-CCMP][WPA2-PSK-CCMP][ESS] is not scored
10-31 15:59:58.248 E/WifiAutoJoinController ( 2019): Domywifi 14:3d:f2:79:4b:3c rssi=-76 cap [WPA2-PSK-CCMP+TKIP][ESS] is not scored
10-31 15:59:58.248 E/WifiAutoJoinController ( 2019): ageScanResultsOut delay 40000 size 29 now 1509436798248
10-31 15:59:58.248 E/WifiAutoJoinController ( 2019): newSupplicantResults size=29 known=8 true
10-31 15:59:58.250 E/WifiAutoJoinController ( 2019): attemptAutoJoin() status=bssid=e4:f3:f5:aa:ad:88
10-31 15:59:58.250 E/WifiAutoJoinController ( 2019): freq=2467
10-31 15:59:58.250 E/WifiAutoJoinController ( 2019): ssid=ipanel
10-31 15:59:58.250 E/WifiAutoJoinController ( 2019): id=8
10-31 15:59:58.250 E/WifiAutoJoinController ( 2019): mode=station
10-31 15:59:58.250 E/WifiAutoJoinController ( 2019): pairwise_cipher=CCMP
10-31 15:59:58.250 E/WifiAutoJoinController ( 2019): group_cipher=CCMP
10-31 15:59:58.250 E/WifiAutoJoinController ( 2019): key_mgmt=WPA2-PSK
10-31 15:59:58.250 E/WifiAutoJoinController ( 2019): wpa_state=COMPLETED
10-31 15:59:58.250 E/WifiAutoJoinController ( 2019): ip_address=192.168.1.102
10-31 15:59:58.250 E/WifiAutoJoinController ( 2019): p2p_device_address=4e:0f:c7:c3:27:4b
10-31 15:59:58.250 E/WifiAutoJoinController ( 2019): address=4c:0f:c7:c3:27:4b
10-31 15:59:58.250 E/WifiAutoJoinController ( 2019): uuid=4ed22322-d375-585e-aa05-5d2aae1a3dae split=13
10-31 15:59:58.250 E/WifiAutoJoinController ( 2019): attemptAutoJoin() num recent config 3 current="ipanel"WPA_PSK last="ipanel"WPA_PSK ---> suppNetId=8
10-31 15:59:58.250 E/WifiAutoJoinController ( 2019): attemptAutoJoin good candidate seen, bumped hard -> status=0 "ipanel"WPA_PSK rssi=(-39,-127) num=(1,0)
10-31 15:59:58.250 E/WifiAutoJoinController ( 2019): attemptAutoJoin skip current candidate  8 key "ipanel"WPA_PSK
10-31 15:59:58.250 E/WifiAutoJoinController ( 2019): attemptAutoJoin good candidate seen, bumped hard -> status=0 "GDWL"WPA_PSK rssi=(-43,-127) num=(9,0)
10-31 15:59:58.250 E/WifiAutoJoinController ( 2019): attemptAutoJoin trying id=3 "GDWL"WPA_PSK status=0
10-31 15:59:58.250 E/WifiAutoJoinController ( 2019): attemptAutoJoin do not unblacklist due to low visibility 0 key "HUAWEI-VYGUV5"NONE rssi=(-80,-127) num=(1,0)
10-31 15:59:58.251 E/WifiAutoJoinController ( 2019): attemptAutoJoin trying id=1 "HUAWEI-VYGUV5"NONE status=0 current candidate "GDWL"WPA_PSK
10-31 15:59:58.251 E/WifiAutoJoinController ( 2019): attemptAutoJoin will compare candidate  "GDWL"WPA_PSK with "HUAWEI-VYGUV5"NONE
10-31 15:59:58.251 E/WifiAutoJoinController ( 2019):     compareWifiConfigurationsRSSI: "GDWL"WPA_PSK rssi=-43,-127 boost=0 "HUAWEI-VYGUV5"NONE rssi=-80,-127 boost=0
10-31 15:59:58.251 E/WifiAutoJoinController ( 2019):         "GDWL"WPA_PSK is5=false score=-43 "HUAWEI-VYGUV5"NONE is5=false score=-80
10-31 15:59:58.251 E/WifiAutoJoinController ( 2019):     compareWifiConfigurationsRSSI "GDWL"WPA_PSK rssi=(-43,-127) num=(9,0) > "HUAWEI-VYGUV5"NONE rssi=(-80,-127) num=(1,0) -> -37
10-31 15:59:58.251 E/WifiAutoJoinController ( 2019): compareWifiConfigurations: "GDWL"WPA_PSK > "HUAWEI-VYGUV5"NONE order -37
10-31 15:59:58.251 E/WifiAutoJoinController ( 2019): compareNetwork will compare "GDWL"WPA_PSK with current "ipanel"WPA_PSK
10-31 15:59:58.251 E/WifiAutoJoinController ( 2019):     compareWifiConfigurationsRSSI: "ipanel"WPA_PSK rssi=-39,-127 boost=25 "GDWL"WPA_PSK rssi=-43,-127 boost=0
10-31 15:59:58.251 E/WifiAutoJoinController ( 2019):         "ipanel"WPA_PSK is5=false score=-14 "GDWL"WPA_PSK is5=false score=-43
10-31 15:59:58.251 E/WifiAutoJoinController ( 2019):     compareWifiConfigurationsRSSI "ipanel"WPA_PSK rssi=(-39,-127) num=(1,0) > "GDWL"WPA_PSK rssi=(-43,-127) num=(9,0) -> -29
10-31 15:59:58.251 E/WifiAutoJoinController ( 2019): compareWifiConfigurations: "ipanel"WPA_PSK > "GDWL"WPA_PSK order -29
10-31 15:59:58.252 E/WifiAutoJoinController ( 2019):      ...and prefers -100 "ipanel"WPA_PSK over "GDWL"WPA_PSK because it is the last selected -> -129
10-31 15:59:58.252 E/WifiAutoJoinController ( 2019): attemptAutoJoin networkSwitching candidate "GDWL"WPA_PSK with current "ipanel"WPA_PSK linked=false : delta=-129  -> not switching
10-31 15:59:58.252 E/WifiAutoJoinController ( 2019): attemptRoam: "ipanel"WPA_PSK Found e4:f3:f5:aa:ad:88 rssi=-39 freq=2467 Current: e4:f3:f5:aa:ad:88
10-31 15:59:58.252 E/WifiAutoJoinController ( 2019): Done attemptAutoJoin status=0
10-31 15:59:58.254 D/WifiAdmin( 2793): [TN_main]dealWifiMsg action=android.net.wifi.SCAN_RESULTS,intent=Intent { act=android.net.wifi.SCAN_RESULTS flg=0x4000010 }
10-31 15:59:58.390 D/BackBootDealerNeimeng( 2391): standbyState:
10-31 15:59:58.391 E/NetUtils( 2019): Interface eth0 LinkDown!
10-31 15:59:58.433 E/hcdn_upload( 2899): HCDN_LOG: [2017/10/31-15:59:58:433]:Update uload speed 1 kbps ,real:0 kbps,qsize:0,maxsize:12,timeout_speed:0 kbps 
10-31 15:59:58.799 D/BasicFigure( 2498): [TN_GLThread 74]isDrawFocused relyElement=[BaseElement@190c8802]focusScale[1.15]elementAlpha[-1.0]refectAlpha[-1.0]isFocusAble[true]shadowIndex[-1]autoJumpType[-1]uniqueID[54resSize0]rect[NULL]
10-31 15:59:58.799 D/BasicFigure( 2498): [TN_GLThread 74]isDrawFocused basicFigure=com.suma.midware.view.b.c.c@2f52b513
10-31 15:59:58.811 D/ConfigUpdateOttAdmin( 2498): [TN_ThreadUtil-0]dealUpdateCheck menuConfig=[MenuConfig@f5d]configID[3840]configAlias[homeConfig]configName[home_config.dat]version[1]isFilePath1[false]rootView[com.suma.midware.home.third.h{1da98f35 VFE..... .F...... 0,0-1280,720}]rootLayout[null]
10-31 15:59:58.811 D/FileIOUtil( 2498): [TN_ThreadUtil-0]deleteFile filePath=/data/user/0/com.suma.midware.home/files/launcherRes/f00/1/,containRootDir=false
10-31 15:59:58.811 D/FileIOUtil( 2498): [TN_ThreadUtil-0]deleteFile file=/data/user/0/com.suma.midware.home/files/launcherRes/f00/1,containRootDir=false
10-31 15:59:58.812 E/ConfigUpdateNeimengOttAdmin( 2498): [TN_ThreadUtil-0]checkConfig url=http://tvos-launcher.96066.com:8082/LancherWeb/getLauncherUpdatePackage?areaCode=&serialNumber=15510217220000014&standardVersion=1.0&mac=&hardVersion=04.01.01.02&launcherVersion=0&locationCode=7000&cardOutID=8150010316662691&softVersion=03.16.00.03&type=1&model=8
10-31 15:59:58.813 D/LoadHttpHandler( 2498): [TN_ThreadUtil-0]doNormal proxyConfig=null
10-31 15:59:58.816 D/GLRootView( 2498): surfaceDestroyed holder:android.view.SurfaceView$4@c42406f
10-31 15:59:58.824 D/BaseApplication( 2498): [TN_main]onActivitySaveInstanceState activity=com.suma.midware.home.third.Main3DActivity@46ab53e,outState=Bundle[{android:viewHierarchyState=Bundle[{android:views={16908290=android.view.AbsSavedState$1@6ad9e96, 2131427428=android.view.AbsSavedState$1@6ad9e96, 2131427429=android.view.AbsSavedState$1@6ad9e96, 2131427430=android.widget.ProgressBar$SavedState@3a101292, 2131427431=android.view.AbsSavedState$1@6ad9e96, 2131427432=android.view.AbsSavedState$1@6ad9e96, 2131427433=android.view.AbsSavedState$1@6ad9e96, 2131427447=android.view.AbsSavedState$1@6ad9e96, 2131427448=android.view.AbsSavedState$1@6ad9e96, 2131427449=android.widget.ProgressBar$SavedState@d6c9463, 2131427450=android.view.AbsSavedState$1@6ad9e96, 2131427451=android.view.AbsSavedState$1@6ad9e96, 2131427452=android.view.AbsSavedState$1@6ad9e96, 2131427453=android.view.AbsSavedState$1@6ad9e96, 2131427454=android.view.AbsSavedState$1@6ad9e96, 2131427455=android.view.AbsSavedState$1@6ad9e96, 2131427456=android.view.AbsSavedState$1@6ad9e96, 2131427457=android.view.AbsSavedState$1@6ad9e96}}]}]
10-31 15:59:58.824 D/BaseApplication( 2498): [TN_main]onActivityStopped activity=com.suma.midware.home.third.Main3DActivity@46ab53e
10-31 15:59:58.824 D/HomeFlyWord( 2498): [TN_main]stopScrollView isReset=false
10-31 15:59:58.824 W/HomeFlyWord( 2498): [TN_main]stopScrollView scrollView null
10-31 15:59:58.824 D/Main3DActivity( 2498): [TN_main]onStop time=297516
10-31 15:59:58.825 D/BaseApplication( 2498): [TN_main]onTrimMemory level=80
10-31 15:59:58.826 D/WifiAdmin( 2498): [TN_main]dealWifiMsg action=android.net.wifi.SCAN_RESULTS,intent=Intent { act=android.net.wifi.SCAN_RESULTS flg=0x4000010 }
10-31 15:59:58.891 D/BackBootDealerNeimeng( 2391): standbyState:
10-31 15:59:58.892 E/NetUtils( 2019): Interface eth0 LinkDown!
10-31 15:59:58.924 D/ir_user ( 1587): PlayerTimeLineTrace:linux_keycode:0x1c(DOWN),	protocol: .
10-31 15:59:58.924 V/PT      ( 1583): >>INFO:irkey_task:[     297.615740] /dev/input/event0: type=0001 code=001c val=00000001
10-31 15:59:58.924 V/PT      ( 1583): >>INFO:irkey_send:0x3001 0x1001 down
10-31 15:59:58.924 V/SUMA    ( 1583): ++++++++++++++  _roc_evtmgr_key_cbk 517:input = 12289, event=4097, act=0x100
10-31 15:59:58.924 V/SUMA    ( 1583): lxm:_roc_evtmgr_key_cbk 519 297616
10-31 15:59:58.924 V/SUMA    ( 1583): lxm:_roc_evtmgr_add_evt_into_queue 347 297616
10-31 15:59:58.924 V/PT      ( 1583): >>INFO:irkey_task:[     297.615740] /dev/input/event0: type=0000 code=0000 val=00000000
10-31 15:59:58.924 V/SUMA    ( 1583): ===================>> type=0 src=0 evt=4097 act=0x100
10-31 15:59:58.924 V/SUMA    ( 1583): [sysset-s][event_manager_cbk 78]lxm cbid=1, cbk_reg=1, cpid=2457
10-31 15:59:58.925 D/NGBEvent( 2457): ngbEventCallBack type:0 source :4097
10-31 15:59:58.925 D/NGBEvent( 2457): [NGBEventManager-JNI]-returning:1
10-31 15:59:58.925 D/NGBEvent( 2457): Input key event: keyCode=4097
10-31 15:59:58.925 D/NGBEvent( 2457): src:4097 = dest:4097
10-31 15:59:58.925 I/System.out( 2457): [DEBUG EventManager] LWJ--Add event to java with evt=NgbEvent-[type = 1, subtype = 401, code = 4097]
10-31 15:59:58.925 D/NGBEvent( 2457): [NGBEvent_log]--[EventManager--JNI]:		start
10-31 15:59:58.925 I/System.out( 2457): [DEBUG EventManager] broadcastEvent  :len 1
10-31 15:59:58.925 D/CombineKeyUtil( 2457): [TN_pool-1-thread-1]dealKeyEvent,combineIndex:-1:keyCode:23
10-31 15:59:58.926 D/KeyEventNgbDealer( 2457): [TN_pool-1-thread-1]handleKeyPressed keyEvent=NgbEvent-[type = 1, subtype = 401, code = 4097],time=297617
10-31 15:59:58.927 D/RemoteIME( 2349): onKeyDown event = KeyEvent { action=ACTION_DOWN, keyCode=KEYCODE_DPAD_CENTER, scanCode=28, metaState=0, flags=0x8, repeatCount=0, eventTime=297615, downTime=297615, deviceId=3, source=0x701 },mSkbContainer=null
10-31 15:59:58.928 D/LoadHttpHandler( 2498): [TN_ThreadUtil-0]doNormal responseCode=200
10-31 15:59:58.929 D/LoadHttpHandler( 2498): [TN_ThreadUtil-0]doNormal savePath=null,fileName=null,total=-1
10-31 15:59:58.929 E/ConfigUpdateNeimengOttAdmin( 2498): [TN_ThreadUtil-0]data: {"status":"0","errorMessage":"","data":""}
10-31 15:59:58.929 E/ConfigUpdateNeimengOttAdmin( 2498): [TN_ThreadUtil-0]checkConfig illegal version is null
10-31 15:59:59.133 D/ir_user ( 1587): PlayerTimeLineTrace:linux_keycode:0x1c(UP),	protocol: .
10-31 15:59:59.133 V/PT      ( 1583): >>INFO:irkey_task:[     297.825377] /dev/input/event0: type=0001 code=001c val=00000000
10-31 15:59:59.133 V/PT      ( 1583): >>INFO:irkey_send:0x3001 0x1001 up  
10-31 15:59:59.134 V/SUMA    ( 1583): ++++++++++++++  _roc_evtmgr_key_cbk 517:input = 12289, event=4097, act=0x400
10-31 15:59:59.134 V/SUMA    ( 1583): lxm:_roc_evtmgr_key_cbk 519 297825
10-31 15:59:59.134 V/SUMA    ( 1583): lxm:_roc_evtmgr_add_key_into_queue 311 297825
10-31 15:59:59.134 V/PT      ( 1583): >>INFO:irkey_task:[     297.825377] /dev/input/event0: type=0000 code=0000 val=00000000
10-31 15:59:59.134 V/SUMA    ( 1583): ===================>> type=0 src=0 evt=4097 act=0x400
10-31 15:59:59.134 V/SUMA    ( 1583): [sysset-s][event_manager_cbk 78]lxm cbid=1, cbk_reg=1, cpid=2457
10-31 15:59:59.134 D/NGBEvent( 2457): ngbEventCallBack type:0 source :4097
10-31 15:59:59.134 D/NGBEvent( 2457): [NGBEventManager-JNI]-returning:1
10-31 15:59:59.134 D/NGBEvent( 2457): Input key event: keyCode=4097
10-31 15:59:59.134 D/NGBEvent( 2457): src:4097 = dest:4097
10-31 15:59:59.135 I/System.out( 2457): [DEBUG EventManager] LWJ--Add event to java with evt=NgbEvent-[type = 1, subtype = 402, code = 4097]
10-31 15:59:59.135 D/NGBEvent( 2457): [NGBEvent_log]--[EventManager--JNI]:		start
10-31 15:59:59.135 I/System.out( 2457): [DEBUG EventManager] broadcastEvent  :len 1
10-31 15:59:59.135 D/KeyEventNgbDealer( 2457): [TN_pool-1-thread-1]handleKeyReleased keyEvent=NgbEvent-[type = 1, subtype = 402, code = 4097],time=297826
10-31 15:59:59.136 D/RemoteIME( 2349): RemoteIME--> onKeyUp keyCode = 23
10-31 15:59:59.137 I/ActivityManager( 2019): START u0 {cmp=com.suma.midware.setting/.net.NetMainActivity} from uid 1000 on display 0
10-31 15:59:59.142 E/AudioPolicyManager( 1570): AudioPolicyManagerBase::checkAndSetVolume index=2 ro.suma.vol=0,10,18,26,34,42,49,56,63,70,76,82,88,93,97,100 valid vol[index]=18
10-31 15:59:59.142 E/AudioPolicyManager( 1570): AudioPolicyManagerBase::checkAndSetVolume1 2,0.180000
10-31 15:59:59.145 V/WindowManager( 2019): addAppToken: AppWindowToken{237e33e token=Token{5ec37f9 ActivityRecord{1afc4ec0 u0 com.suma.midware.setting/.net.NetMainActivity t766}}} to stack=1 task=766 at 1
10-31 15:59:59.147 D/BaseApplication( 2793): [TN_main]onActivityPaused activity=com.suma.midware.setting.main.SystemMainActivity@214a3984
10-31 15:59:59.147 W/ContextImpl( 2793): Calling a method in the system process without a qualified user: android.app.ContextImpl.sendBroadcast:1345 android.content.ContextWrapper.sendBroadcast:377 android.app.ActivityThread.performPauseActivity:3259 android.app.ActivityThread.performPauseActivity:3225 android.app.ActivityThread.handlePauseActivity:3200 
10-31 15:59:59.152 D/BaseApplication( 2793): [TN_main]onActivityCreated activity=com.suma.midware.setting.net.NetMainActivity@2c6cf563,savedInstanceState=null
10-31 15:59:59.154 D/audio_hal( 1570): pcm_open card:device(hw:0:0) flags(0x8) out(0xb5077280)
10-31 15:59:59.204 D/BaseApplication( 2793): [TN_main]onActivityStarted activity=com.suma.midware.setting.net.NetMainActivity@2c6cf563
10-31 15:59:59.204 D/BaseApplication( 2793): [TN_main]onActivityResumed activity=com.suma.midware.setting.net.NetMainActivity@2c6cf563
10-31 15:59:59.205 E/NetUtils( 2019): Interface eth0 LinkDown!
10-31 15:59:59.210 E/StringUtil( 2793): [TN_main]getIntValue illegal str="ipanel",defaultValue=-1
10-31 15:59:59.210 E/StringUtil( 2793): [TN_main]getIntValue illegal str="ipanel",defaultValue=-1
10-31 15:59:59.210 E/StringUtil( 2793): [TN_main]getIntValue illegal str="ipanel",defaultValue=-1
10-31 15:59:59.211 D/NetMainActivity( 2793): onResume focusView:null
10-31 15:59:59.211 W/ContextImpl( 2793): Calling a method in the system process without a qualified user: android.app.ContextImpl.sendBroadcast:1345 android.content.ContextWrapper.sendBroadcast:377 android.app.ActivityThread.performResumeActivity:2982 android.app.ActivityThread.handleResumeActivity:3023 android.app.ActivityThread.handleLaunchActivity:2392 
10-31 15:59:59.214 V/WindowManager( 2019): Adding window Window{20e32cbb u0 com.suma.midware.setting/com.suma.midware.setting.net.NetMainActivity} at 6 of 11 (after Window{10122eef u0 com.suma.midware.setting/com.suma.midware.setting.main.SystemMainActivity})
10-31 15:59:59.265 D/SystemListItem( 2793): onFocusChangecom.suma.midware.setting.util.SystemListItem{1b991baf VFE...C. .F....ID 194,100-1086,165 #7f0b006c app:id/setting_net_connect_in_wireless}:itemID:65536:arg1:true
10-31 15:59:59.278 I/ActivityManager( 2019): Displayed com.suma.midware.setting/.net.NetMainActivity: +130ms
10-31 15:59:59.278 D/RemoteIME( 2349): onFinishInput.
10-31 15:59:59.279 D/RemoteIME( 2349): onStartInput  ccontentType: 0 Restarting:false
10-31 15:59:59.286 D/audio_hal( 1570): out_get_latency: out(0xb5077280) latency=20
10-31 15:59:59.306 D/audio_hal( 1570): out_get_latency: out(0xb5077280) latency=20
10-31 15:59:59.392 D/BackBootDealerNeimeng( 2391): standbyState:
10-31 15:59:59.393 E/NetUtils( 2019): Interface eth0 LinkDown!
10-31 15:59:59.433 E/hcdn_upload( 2899): HCDN_LOG: [2017/10/31-15:59:59:433]:Update uload speed 1 kbps ,real:0 kbps,qsize:0,maxsize:12,timeout_speed:0 kbps 
10-31 15:59:59.496 D/BaseApplication( 2793): [TN_main]onActivitySaveInstanceState activity=com.suma.midware.setting.main.SystemMainActivity@214a3984,outState=Bundle[{android:viewHierarchyState=Bundle[{android:views={16908290=android.view.AbsSavedState$1@1dfcbd3f, 2131427401=android.view.AbsSavedState$1@1dfcbd3f, 2131427402=android.view.AbsSavedState$1@1dfcbd3f, 2131427403=android.view.AbsSavedState$1@1dfcbd3f, 2131427404=android.view.AbsSavedState$1@1dfcbd3f, 2131427405=android.view.AbsSavedState$1@1dfcbd3f, 2131427406=android.view.AbsSavedState$1@1dfcbd3f, 2131427407=android.view.AbsSavedState$1@1dfcbd3f, 2131427408=android.view.AbsSavedState$1@1dfcbd3f, 2131427409=android.view.AbsSavedState$1@1dfcbd3f}, android:focusedViewId=2131427404}]}]
10-31 15:59:59.496 D/BaseApplication( 2793): [TN_main]onActivityStopped activity=com.suma.midware.setting.main.SystemMainActivity@214a3984
10-31 15:59:59.893 D/BackBootDealerNeimeng( 2391): standbyState:
10-31 15:59:59.894 E/NetUtils( 2019): Interface eth0 LinkDown!
10-31 16:00:00.395 D/BackBootDealerNeimeng( 2391): standbyState:
10-31 16:00:00.395 E/NetUtils( 2019): Interface eth0 LinkDown!
10-31 16:00:00.434 E/hcdn_upload( 2899): HCDN_LOG: [2017/10/31-16:00:00:434]:Update uload speed 1 kbps ,real:0 kbps,qsize:0,maxsize:12,timeout_speed:0 kbps 
10-31 16:00:00.828 D/TimeUpdate( 2498): [TN_main]dealTimeUpdate curTime=java.util.GregorianCalendar[time=1509436800828,areFieldsSet=true,lenient=true,zone=Asia/Shanghai,firstDayOfWeek=1,minimalDaysInFirstWeek=1,ERA=1,YEAR=2017,MONTH=9,WEEK_OF_YEAR=44,WEEK_OF_MONTH=5,DAY_OF_MONTH=31,DAY_OF_YEAR=304,DAY_OF_WEEK=3,DAY_OF_WEEK_IN_MONTH=5,AM_PM=1,HOUR=4,HOUR_OF_DAY=16,MINUTE=0,SECOND=0,MILLISECOND=828,ZONE_OFFSET=28800000,DST_OFFSET=0]
10-31 16:00:00.892 D/ir_user ( 1587): PlayerTimeLineTrace:linux_keycode:0x6c(DOWN),	protocol: .
10-31 16:00:00.892 V/PT      ( 1583): >>INFO:irkey_task:[     299.584245] /dev/input/event0: type=0001 code=006c val=00000001
10-31 16:00:00.892 V/PT      ( 1583): >>INFO:irkey_send:0x3001 0x0028 down
10-31 16:00:00.892 V/SUMA    ( 1583): ++++++++++++++  _roc_evtmgr_key_cbk 517:input = 12289, event=40, act=0x100
10-31 16:00:00.893 V/SUMA    ( 1583): lxm:_roc_evtmgr_key_cbk 519 299584
10-31 16:00:00.893 V/SUMA    ( 1583): lxm:_roc_evtmgr_add_evt_into_queue 347 299584
10-31 16:00:00.893 V/PT      ( 1583): >>INFO:irkey_task:[     299.584245] /dev/input/event0: type=0000 code=0000 val=00000000
10-31 16:00:00.893 V/SUMA    ( 1583): ===================>> type=0 src=0 evt=40 act=0x100
10-31 16:00:00.893 V/SUMA    ( 1583): [sysset-s][event_manager_cbk 78]lxm cbid=1, cbk_reg=1, cpid=2457
10-31 16:00:00.893 D/NGBEvent( 2457): ngbEventCallBack type:0 source :40
10-31 16:00:00.893 D/NGBEvent( 2457): [NGBEventManager-JNI]-returning:1
10-31 16:00:00.893 D/NGBEvent( 2457): Input key event: keyCode=40
10-31 16:00:00.893 D/NGBEvent( 2457): src:40 = dest:40
10-31 16:00:00.893 I/System.out( 2457): [DEBUG EventManager] LWJ--Add event to java with evt=NgbEvent-[type = 1, subtype = 401, code = 40]
10-31 16:00:00.894 D/NGBEvent( 2457): [NGBEvent_log]--[EventManager--JNI]:		start
10-31 16:00:00.894 I/System.out( 2457): [DEBUG EventManager] broadcastEvent  :len 1
10-31 16:00:00.894 D/CombineKeyUtil( 2457): [TN_pool-1-thread-1]dealKeyEvent,combineIndex:-1:keyCode:20
10-31 16:00:00.894 D/KeyEventNgbDealer( 2457): [TN_pool-1-thread-1]handleKeyPressed keyEvent=NgbEvent-[type = 1, subtype = 401, code = 40],time=299585
10-31 16:00:00.894 D/RemoteIME( 2349): onKeyDown event = KeyEvent { action=ACTION_DOWN, keyCode=KEYCODE_DPAD_DOWN, scanCode=108, metaState=0, flags=0x8, repeatCount=0, eventTime=299584, downTime=299584, deviceId=3, source=0x701 },mSkbContainer=null
10-31 16:00:00.895 D/BaseActivity( 2793): dealKeyEvent,baseItem:com.suma.midware.setting.util.SystemListItem{1b991baf VFE...C. .F...... 194,100-1086,165 #7f0b006c app:id/setting_net_connect_in_wireless}:itemID:65536:event:KeyEvent { action=ACTION_DOWN, keyCode=KEYCODE_DPAD_DOWN, scanCode=108, metaState=0, flags=0x8, repeatCount=0, eventTime=299584, downTime=299584, deviceId=3, source=0x701 }
10-31 16:00:00.896 D/BackBootDealerNeimeng( 2391): standbyState:
10-31 16:00:00.896 D/SystemListItem( 2793): onFocusChangecom.suma.midware.setting.util.SystemListItem{1b991baf VFE...C. ......ID 194,100-1086,165 #7f0b006c app:id/setting_net_connect_in_wireless}:itemID:65536:arg1:false
10-31 16:00:00.897 D/SystemListItem( 2793): onFocusChangecom.suma.midware.setting.util.SystemListItem{3efa4bbc VFE...C. .F....ID 194,165-1086,230 #7f0b006d app:id/setting_net_connect_in_eth}:itemID:65537:arg1:true
10-31 16:00:00.897 E/NetUtils( 2019): Interface eth0 LinkDown!
10-31 16:00:00.910 D/RemoteIME( 2349): onFinishInput.
10-31 16:00:00.910 D/RemoteIME( 2349): onStartInput  ccontentType: 0 Restarting:false
10-31 16:00:01.021 E/storage_operate( 2899): HCDN_LOG: [2017/10/31-16:00:01:021]:[func:GetTaskCount],[line:827],[oper:get task count],[state:0],[count:0]
10-31 16:00:01.021 E/storage_operate( 2899): HCDN_LOG: [2017/10/31-16:00:01:021]:[func:GetTaskCount],[line:827],[oper:get task count],[state:0],[count:0]
10-31 16:00:01.021 E/storage_operate( 2899): HCDN_LOG: [2017/10/31-16:00:01:021]:[func:GetTaskCount],[line:827],[oper:get task count],[state:1],[count:0]
10-31 16:00:01.093 E/storage_operate( 2648): HCDN_LOG: [2017/10/31-16:00:01:093]:[func:GetTaskCount],[line:827],[oper:get task count],[state:0],[count:0]
10-31 16:00:01.093 E/storage_operate( 2648): HCDN_LOG: [2017/10/31-16:00:01:093]:[func:GetTaskCount],[line:827],[oper:get task count],[state:0],[count:0]
10-31 16:00:01.093 E/storage_operate( 2648): HCDN_LOG: [2017/10/31-16:00:01:093]:[func:GetTaskCount],[line:827],[oper:get task count],[state:1],[count:0]
10-31 16:00:01.162 D/ir_user ( 1587): PlayerTimeLineTrace:linux_keycode:0x6c(HOLD),	protocol: .
10-31 16:00:01.211 E/NetUtils( 2019): Interface eth0 LinkDown!
10-31 16:00:01.211 D/NetMainActivity( 2793): processNetCheck netState:0:newState:0
10-31 16:00:01.379 D/ir_user ( 1587): PlayerTimeLineTrace:linux_keycode:0x6c(HOLD),	protocol: .
10-31 16:00:01.395 D/RemoteIME( 2349): onKeyDown event = KeyEvent { action=ACTION_DOWN, keyCode=KEYCODE_DPAD_DOWN, scanCode=108, metaState=0, flags=0x88, repeatCount=1, eventTime=300085, downTime=299584, deviceId=3, source=0x701 },mSkbContainer=null
10-31 16:00:01.395 D/BaseActivity( 2793): dealKeyEvent,baseItem:com.suma.midware.setting.util.SystemListItem{3efa4bbc VFE...C. .F...... 194,165-1086,230 #7f0b006d app:id/setting_net_connect_in_eth}:itemID:65537:event:KeyEvent { action=ACTION_DOWN, keyCode=KEYCODE_DPAD_DOWN, scanCode=108, metaState=0, flags=0x88, repeatCount=1, eventTime=300085, downTime=299584, deviceId=3, source=0x701 }
10-31 16:00:01.396 D/SystemListItem( 2793): onFocusChangecom.suma.midware.setting.util.SystemListItem{3efa4bbc VFE...C. ......ID 194,165-1086,230 #7f0b006d app:id/setting_net_connect_in_eth}:itemID:65537:arg1:false
10-31 16:00:01.396 D/SystemListItem( 2793): onFocusChangecom.suma.midware.setting.util.SystemListItem{230db745 VFE...C. .F....ID 194,312-1086,377 #7f0b0070 app:id/setting_net_hotpot_set}:itemID:65539:arg1:true
10-31 16:00:01.398 D/BackBootDealerNeimeng( 2391): standbyState:
10-31 16:00:01.398 E/NetUtils( 2019): Interface eth0 LinkDown!
10-31 16:00:01.412 D/RemoteIME( 2349): onFinishInput.
10-31 16:00:01.413 D/RemoteIME( 2349): onStartInput  ccontentType: 0 Restarting:false
10-31 16:00:01.435 E/hcdn_upload( 2899): HCDN_LOG: [2017/10/31-16:00:01:435]:Update uload speed 1 kbps ,real:0 kbps,qsize:0,maxsize:12,timeout_speed:0 kbps 
10-31 16:00:01.443 V/PT      ( 1583): >>INFO:irkey_send:0x3001 0x0028 down
10-31 16:00:01.443 V/SUMA    ( 1583): ++++++++++++++  _roc_evtmgr_key_cbk 517:input = 12289, event=40, act=0x100
10-31 16:00:01.443 V/SUMA    ( 1583): lxm:_roc_evtmgr_key_cbk 519 300135
10-31 16:00:01.443 V/SUMA    ( 1583): lxm:_roc_evtmgr_add_evt_into_queue 347 300135
10-31 16:00:01.443 V/SUMA    ( 1583): ===================>> type=0 src=0 evt=40 act=0x100
10-31 16:00:01.443 V/SUMA    ( 1583): [sysset-s][event_manager_cbk 78]lxm cbid=1, cbk_reg=1, cpid=2457
10-31 16:00:01.444 D/NGBEvent( 2457): ngbEventCallBack type:0 source :40
10-31 16:00:01.444 D/NGBEvent( 2457): [NGBEventManager-JNI]-returning:1
10-31 16:00:01.444 D/NGBEvent( 2457): Input key event: keyCode=40
10-31 16:00:01.444 D/NGBEvent( 2457): src:40 = dest:40
10-31 16:00:01.444 I/System.out( 2457): [DEBUG EventManager] LWJ--Add event to java with evt=NgbEvent-[type = 1, subtype = 401, code = 40]
10-31 16:00:01.444 D/NGBEvent( 2457): [NGBEvent_log]--[EventManager--JNI]:		start
10-31 16:00:01.444 I/System.out( 2457): [DEBUG EventManager] broadcastEvent  :len 1
10-31 16:00:01.444 D/CombineKeyUtil( 2457): [TN_pool-1-thread-1]dealKeyEvent,combineIndex:-1:keyCode:20
10-31 16:00:01.445 D/KeyEventNgbDealer( 2457): [TN_pool-1-thread-1]handleKeyPressed keyEvent=NgbEvent-[type = 1, subtype = 401, code = 40],time=300136
10-31 16:00:01.446 D/RemoteIME( 2349): onKeyDown event = KeyEvent { action=ACTION_DOWN, keyCode=KEYCODE_DPAD_DOWN, scanCode=108, metaState=0, flags=0x8, repeatCount=2, eventTime=300136, downTime=299584, deviceId=3, source=0x701 },mSkbContainer=null
10-31 16:00:01.447 D/BaseActivity( 2793): dealKeyEvent,baseItem:com.suma.midware.setting.util.SystemListItem{230db745 VFE...C. .F....I. 194,312-1086,377 #7f0b0070 app:id/setting_net_hotpot_set}:itemID:65539:event:KeyEvent { action=ACTION_DOWN, keyCode=KEYCODE_DPAD_DOWN, scanCode=108, metaState=0, flags=0x8, repeatCount=2, eventTime=300136, downTime=299584, deviceId=3, source=0x701 }
10-31 16:00:01.447 D/SystemListItem( 2793): onFocusChangecom.suma.midware.setting.util.SystemListItem{230db745 VFE...C. ......ID 194,312-1086,377 #7f0b0070 app:id/setting_net_hotpot_set}:itemID:65539:arg1:false
10-31 16:00:01.448 D/SystemListItem( 2793): onFocusChangecom.suma.midware.setting.util.SystemListItem{1f0c3e9a VFE...C. .F....ID 194,377-1086,442 #7f0b0071 app:id/setting_net_wifi_mode}:itemID:65540:arg1:true
10-31 16:00:01.464 D/RemoteIME( 2349): onFinishInput.
10-31 16:00:01.464 D/RemoteIME( 2349): onStartInput  ccontentType: 0 Restarting:false
10-31 16:00:01.497 D/RemoteIME( 2349): onKeyDown event = KeyEvent { action=ACTION_DOWN, keyCode=KEYCODE_DPAD_DOWN, scanCode=108, metaState=0, flags=0x8, repeatCount=3, eventTime=300186, downTime=299584, deviceId=3, source=0x701 },mSkbContainer=null
10-31 16:00:01.497 D/BaseActivity( 2793): dealKeyEvent,baseItem:com.suma.midware.setting.util.SystemListItem{1f0c3e9a VFE...C. .F....I. 194,377-1086,442 #7f0b0071 app:id/setting_net_wifi_mode}:itemID:65540:event:KeyEvent { action=ACTION_DOWN, keyCode=KEYCODE_DPAD_DOWN, scanCode=108, metaState=0, flags=0x8, repeatCount=3, eventTime=300186, downTime=299584, deviceId=3, source=0x701 }
10-31 16:00:01.498 D/SystemListItem( 2793): onFocusChangecom.suma.midware.setting.util.SystemListItem{1f0c3e9a VFE...C. ......ID 194,377-1086,442 #7f0b0071 app:id/setting_net_wifi_mode}:itemID:65540:arg1:false
10-31 16:00:01.498 D/SystemListItem( 2793): onFocusChangecom.suma.midware.setting.util.SystemListItem{3865c3cb VFE...C. .F....ID 194,442-1086,507 #7f0b0072 app:id/setting_net_hotpot_resume}:itemID:65541:arg1:true
10-31 16:00:01.514 D/RemoteIME( 2349): onFinishInput.
10-31 16:00:01.514 D/RemoteIME( 2349): onStartInput  ccontentType: 0 Restarting:false
10-31 16:00:01.546 D/RemoteIME( 2349): onKeyDown event = KeyEvent { action=ACTION_DOWN, keyCode=KEYCODE_DPAD_DOWN, scanCode=108, metaState=0, flags=0x8, repeatCount=4, eventTime=300236, downTime=299584, deviceId=3, source=0x701 },mSkbContainer=null
10-31 16:00:01.547 D/BaseActivity( 2793): dealKeyEvent,baseItem:com.suma.midware.setting.util.SystemListItem{3865c3cb VFE...C. .F....I. 194,442-1086,507 #7f0b0072 app:id/setting_net_hotpot_resume}:itemID:65541:event:KeyEvent { action=ACTION_DOWN, keyCode=KEYCODE_DPAD_DOWN, scanCode=108, metaState=0, flags=0x8, repeatCount=4, eventTime=300236, downTime=299584, deviceId=3, source=0x701 }
10-31 16:00:01.547 D/SystemListItem( 2793): onFocusChangecom.suma.midware.setting.util.SystemListItem{3865c3cb VFE...C. ......ID 194,442-1086,507 #7f0b0072 app:id/setting_net_hotpot_resume}:itemID:65541:arg1:false
10-31 16:00:01.548 D/SystemListItem( 2793): onFocusChangecom.suma.midware.setting.util.SystemListItem{3efe67a8 VFE...C. .F....ID 194,589-1086,654 #7f0b0074 app:id/setting_net_ping}:itemID:65542:arg1:true
10-31 16:00:01.565 D/RemoteIME( 2349): onFinishInput.
10-31 16:00:01.565 D/RemoteIME( 2349): onStartInput  ccontentType: 0 Restarting:false
10-31 16:00:01.596 D/ir_user ( 1587): PlayerTimeLineTrace:linux_keycode:0x6c(HOLD),	protocol: .
10-31 16:00:01.597 D/RemoteIME( 2349): onKeyDown event = KeyEvent { action=ACTION_DOWN, keyCode=KEYCODE_DPAD_DOWN, scanCode=108, metaState=0, flags=0x8, repeatCount=5, eventTime=300287, downTime=299584, deviceId=3, source=0x701 },mSkbContainer=null
10-31 16:00:01.597 D/BaseActivity( 2793): dealKeyEvent,baseItem:com.suma.midware.setting.util.SystemListItem{3efe67a8 VFE...C. .F....I. 194,589-1086,654 #7f0b0074 app:id/setting_net_ping}:itemID:65542:event:KeyEvent { action=ACTION_DOWN, keyCode=KEYCODE_DPAD_DOWN, scanCode=108, metaState=0, flags=0x8, repeatCount=5, eventTime=300287, downTime=299584, deviceId=3, source=0x701 }
10-31 16:00:01.598 D/SystemListItem( 2793): onFocusChangecom.suma.midware.setting.util.SystemListItem{3efe67a8 VFE...C. ......ID 194,589-1086,654 #7f0b0074 app:id/setting_net_ping}:itemID:65542:arg1:false
10-31 16:00:01.598 D/SystemListItem( 2793): onFocusChangecom.suma.midware.setting.util.SystemListItem{29d782c1 VFE...C. .F....ID 194,736-1086,801 #7f0b0077 app:id/setting_net_info}:itemID:65544:arg1:true
10-31 16:00:01.616 D/RemoteIME( 2349): onFinishInput.
10-31 16:00:01.616 D/RemoteIME( 2349): onStartInput  ccontentType: 0 Restarting:false
10-31 16:00:01.647 D/RemoteIME( 2349): onKeyDown event = KeyEvent { action=ACTION_DOWN, keyCode=KEYCODE_DPAD_DOWN, scanCode=108, metaState=0, flags=0x8, repeatCount=6, eventTime=300337, downTime=299584, deviceId=3, source=0x701 },mSkbContainer=null
10-31 16:00:01.648 D/BaseActivity( 2793): dealKeyEvent,baseItem:com.suma.midware.setting.util.SystemListItem{29d782c1 VFE...C. .F....I. 194,736-1086,801 #7f0b0077 app:id/setting_net_info}:itemID:65544:event:KeyEvent { action=ACTION_DOWN, keyCode=KEYCODE_DPAD_DOWN, scanCode=108, metaState=0, flags=0x8, repeatCount=6, eventTime=300337, downTime=299584, deviceId=3, source=0x701 }
10-31 16:00:01.697 D/RemoteIME( 2349): onKeyDown event = KeyEvent { action=ACTION_DOWN, keyCode=KEYCODE_DPAD_DOWN, scanCode=108, metaState=0, flags=0x8, repeatCount=7, eventTime=300388, downTime=299584, deviceId=3, source=0x701 },mSkbContainer=null
10-31 16:00:01.698 D/BaseActivity( 2793): dealKeyEvent,baseItem:com.suma.midware.setting.util.SystemListItem{29d782c1 VFE...C. .F....I. 194,736-1086,801 #7f0b0077 app:id/setting_net_info}:itemID:65544:event:KeyEvent { action=ACTION_DOWN, keyCode=KEYCODE_DPAD_DOWN, scanCode=108, metaState=0, flags=0x8, repeatCount=7, eventTime=300388, downTime=299584, deviceId=3, source=0x701 }
10-31 16:00:01.748 D/RemoteIME( 2349): onKeyDown event = KeyEvent { action=ACTION_DOWN, keyCode=KEYCODE_DPAD_DOWN, scanCode=108, metaState=0, flags=0x8, repeatCount=8, eventTime=300439, downTime=299584, deviceId=3, source=0x701 },mSkbContainer=null
10-31 16:00:01.748 D/BaseActivity( 2793): dealKeyEvent,baseItem:com.suma.midware.setting.util.SystemListItem{29d782c1 VFE...C. .F....I. 194,736-1086,801 #7f0b0077 app:id/setting_net_info}:itemID:65544:event:KeyEvent { action=ACTION_DOWN, keyCode=KEYCODE_DPAD_DOWN, scanCode=108, metaState=0, flags=0x8, repeatCount=8, eventTime=300439, downTime=299584, deviceId=3, source=0x701 }
10-31 16:00:01.799 D/RemoteIME( 2349): onKeyDown event = KeyEvent { action=ACTION_DOWN, keyCode=KEYCODE_DPAD_DOWN, scanCode=108, metaState=0, flags=0x8, repeatCount=9, eventTime=300490, downTime=299584, deviceId=3, source=0x701 },mSkbContainer=null
10-31 16:00:01.800 D/BaseActivity( 2793): dealKeyEvent,baseItem:com.suma.midware.setting.util.SystemListItem{29d782c1 VFE...C. .F....I. 194,736-1086,801 #7f0b0077 app:id/setting_net_info}:itemID:65544:event:KeyEvent { action=ACTION_DOWN, keyCode=KEYCODE_DPAD_DOWN, scanCode=108, metaState=0, flags=0x8, repeatCount=9, eventTime=300490, downTime=299584, deviceId=3, source=0x701 }
10-31 16:00:01.813 D/ir_user ( 1587): PlayerTimeLineTrace:linux_keycode:0x6c(HOLD),	protocol: .
10-31 16:00:01.849 D/RemoteIME( 2349): onKeyDown event = KeyEvent { action=ACTION_DOWN, keyCode=KEYCODE_DPAD_DOWN, scanCode=108, metaState=0, flags=0x8, repeatCount=10, eventTime=300540, downTime=299584, deviceId=3, source=0x701 },mSkbContainer=null
10-31 16:00:01.850 D/BaseActivity( 2793): dealKeyEvent,baseItem:com.suma.midware.setting.util.SystemListItem{29d782c1 VFE...C. .F...... 194,736-1086,801 #7f0b0077 app:id/setting_net_info}:itemID:65544:event:KeyEvent { action=ACTION_DOWN, keyCode=KEYCODE_DPAD_DOWN, scanCode=108, metaState=0, flags=0x8, repeatCount=10, eventTime=300540, downTime=299584, deviceId=3, source=0x701 }
10-31 16:00:01.899 D/BackBootDealerNeimeng( 2391): standbyState:
10-31 16:00:01.900 E/NetUtils( 2019): Interface eth0 LinkDown!
10-31 16:00:01.901 D/RemoteIME( 2349): onKeyDown event = KeyEvent { action=ACTION_DOWN, keyCode=KEYCODE_DPAD_DOWN, scanCode=108, metaState=0, flags=0x8, repeatCount=11, eventTime=300591, downTime=299584, deviceId=3, source=0x701 },mSkbContainer=null
10-31 16:00:01.901 D/BaseActivity( 2793): dealKeyEvent,baseItem:com.suma.midware.setting.util.SystemListItem{29d782c1 VFE...C. .F...... 194,736-1086,801 #7f0b0077 app:id/setting_net_info}:itemID:65544:event:KeyEvent { action=ACTION_DOWN, keyCode=KEYCODE_DPAD_DOWN, scanCode=108, metaState=0, flags=0x8, repeatCount=11, eventTime=300591, downTime=299584, deviceId=3, source=0x701 }
10-31 16:00:01.951 D/RemoteIME( 2349): onKeyDown event = KeyEvent { action=ACTION_DOWN, keyCode=KEYCODE_DPAD_DOWN, scanCode=108, metaState=0, flags=0x8, repeatCount=12, eventTime=300642, downTime=299584, deviceId=3, source=0x701 },mSkbContainer=null
10-31 16:00:01.952 D/BaseActivity( 2793): dealKeyEvent,baseItem:com.suma.midware.setting.util.SystemListItem{29d782c1 VFE...C. .F...... 194,736-1086,801 #7f0b0077 app:id/setting_net_info}:itemID:65544:event:KeyEvent { action=ACTION_DOWN, keyCode=KEYCODE_DPAD_DOWN, scanCode=108, metaState=0, flags=0x8, repeatCount=12, eventTime=300642, downTime=299584, deviceId=3, source=0x701 }
10-31 16:00:01.993 V/PT      ( 1583): >>INFO:irkey_send:0x3001 0x0028 down
