10-31 18:42:32.076 D/BasicFigure( 2495): [TN_GLThread 73]isDrawFocused relyElement=[BaseElement@3d27edaa]focusScale[1.15]elementAlpha[-1.0]refectAlpha[-1.0]isFocusAble[true]shadowIndex[-1]autoJumpType[-1]uniqueID[54resSize0]rect[NULL]
10-31 18:42:32.076 D/BasicFigure( 2495): [TN_GLThread 73]isDrawFocused basicFigure=com.suma.midware.view.b.c.c@2fe62d9b
10-31 18:42:32.406 D/BackBootDealerNeimeng( 2385): standbyState:
10-31 18:42:32.407 E/NetUtils( 2017): Interface eth0 LinkDown!
10-31 18:42:32.749 E/hcdn_upload( 2875): HCDN_LOG: [2017/10/31-18:42:32:749]:Update uload speed 1 kbps ,real:0 kbps,qsize:0,maxsize:12,timeout_speed:0 kbps 
10-31 18:42:32.908 D/BackBootDealerNeimeng( 2385): standbyState:
10-31 18:42:32.909 E/NetUtils( 2017): Interface eth0 LinkDown!
10-31 18:42:33.098 D/BasicFigure( 2495): [TN_GLThread 73]isDrawFocused relyElement=[BaseElement@3d27edaa]focusScale[1.15]elementAlpha[-1.0]refectAlpha[-1.0]isFocusAble[true]shadowIndex[-1]autoJumpType[-1]uniqueID[54resSize0]rect[NULL]
10-31 18:42:33.098 D/BasicFigure( 2495): [TN_GLThread 73]isDrawFocused basicFigure=com.suma.midware.view.b.c.c@2fe62d9b
10-31 18:42:33.383 E/storage_operate( 2875): HCDN_LOG: [2017/10/31-18:42:33:383]:[func:GetTaskCount],[line:827],[oper:get task count],[state:0],[count:0]
10-31 18:42:33.383 E/storage_operate( 2875): HCDN_LOG: [2017/10/31-18:42:33:383]:[func:GetTaskCount],[line:827],[oper:get task count],[state:0],[count:0]
10-31 18:42:33.383 E/storage_operate( 2875): HCDN_LOG: [2017/10/31-18:42:33:383]:[func:GetTaskCount],[line:827],[oper:get task count],[state:1],[count:0]
10-31 18:42:33.409 D/BackBootDealerNeimeng( 2385): standbyState:
10-31 18:42:33.409 E/NetUtils( 2017): Interface eth0 LinkDown!
10-31 18:42:33.448 E/storage_operate( 2645): HCDN_LOG: [2017/10/31-18:42:33:448]:[func:GetTaskCount],[line:827],[oper:get task count],[state:0],[count:0]
10-31 18:42:33.448 E/storage_operate( 2645): HCDN_LOG: [2017/10/31-18:42:33:448]:[func:GetTaskCount],[line:827],[oper:get task count],[state:0],[count:0]
10-31 18:42:33.448 E/storage_operate( 2645): HCDN_LOG: [2017/10/31-18:42:33:448]:[func:GetTaskCount],[line:827],[oper:get task count],[state:1],[count:0]
10-31 18:42:33.750 E/hcdn_upload( 2875): HCDN_LOG: [2017/10/31-18:42:33:750]:Update uload speed 1 kbps ,real:0 kbps,qsize:0,maxsize:12,timeout_speed:0 kbps 
10-31 18:42:33.853 W/System.err( 2758): java.net.ConnectException: failed to connect to tvos-tms.96066.com/10.254.233.5 (port 80): connect failed: ETIMEDOUT (Connection timed out)
10-31 18:42:33.853 W/System.err( 2758): 	at libcore.io.IoBridge.connect(IoBridge.java:124)
10-31 18:42:33.853 W/System.err( 2758): 	at java.net.PlainSocketImpl.connect(PlainSocketImpl.java:183)
10-31 18:42:33.853 W/System.err( 2758): 	at java.net.PlainSocketImpl.connect(PlainSocketImpl.java:456)
10-31 18:42:33.853 W/System.err( 2758): 	at java.net.Socket.connect(Socket.java:882)
10-31 18:42:33.854 W/System.err( 2758): 	at com.android.okhttp.internal.Platform.connectSocket(Platform.java:174)
10-31 18:42:33.854 W/System.err( 2758): 	at com.android.okhttp.Connection.connect(Connection.java:152)
10-31 18:42:33.854 W/System.err( 2758): 	at com.android.okhttp.internal.http.HttpEngine.connect(HttpEngine.java:276)
10-31 18:42:33.854 W/System.err( 2758): 	at com.android.okhttp.internal.http.HttpEngine.sendRequest(HttpEngine.java:211)
10-31 18:42:33.854 W/System.err( 2758): 	at com.android.okhttp.internal.http.HttpURLConnectionImpl.execute(HttpURLConnectionImpl.java:382)
10-31 18:42:33.854 W/System.err( 2758): 	at com.android.okhttp.internal.http.HttpURLConnectionImpl.connect(HttpURLConnectionImpl.java:106)
10-31 18:42:33.854 W/System.err( 2758): 	at com.android.okhttp.internal.http.HttpURLConnectionImpl.getOutputStream(HttpURLConnectionImpl.java:217)
10-31 18:42:33.854 W/System.err( 2758): 	at com.sumavision.admindm.c.f.b(Unknown Source)
10-31 18:42:33.854 W/System.err( 2758): 	at com.sumavision.admindm.c.f.a(Unknown Source)
10-31 18:42:33.854 W/System.err( 2758): 	at com.sumavision.admindm.k.a.a(Unknown Source)
10-31 18:42:33.854 W/System.err( 2758): 	at com.sumavision.admindm.c.f.e(Unknown Source)
10-31 18:42:33.854 W/System.err( 2758): 	at com.sumavision.admindm.c.a.run(Unknown Source)
10-31 18:42:33.854 W/System.err( 2758): 	at java.lang.Thread.run(Thread.java:818)
10-31 18:42:33.855 W/System.err( 2758): Caused by: android.system.ErrnoException: connect failed: ETIMEDOUT (Connection timed out)
10-31 18:42:33.855 W/System.err( 2758): 	at libcore.io.Posix.connect(Native Method)
10-31 18:42:33.855 W/System.err( 2758): 	at libcore.io.BlockGuardOs.connect(BlockGuardOs.java:111)
10-31 18:42:33.855 W/System.err( 2758): 	at libcore.io.IoBridge.connectErrno(IoBridge.java:137)
10-31 18:42:33.855 W/System.err( 2758): 	at libcore.io.IoBridge.connect(IoBridge.java:122)
10-31 18:42:33.855 W/System.err( 2758): 	... 16 more
10-31 18:42:33.856 I/Com     ( 2758): run  session.run() with fault :com.sumavision.admindm.q.a
10-31 18:42:33.856 W/System.err( 2758): com.sumavision.admindm.q.a
10-31 18:42:33.856 W/System.err( 2758): 	at com.sumavision.admindm.c.f.b(Unknown Source)
10-31 18:42:33.856 W/System.err( 2758): 	at com.sumavision.admindm.c.f.a(Unknown Source)
10-31 18:42:33.856 W/System.err( 2758): 	at com.sumavision.admindm.k.a.a(Unknown Source)
10-31 18:42:33.856 W/System.err( 2758): 	at com.sumavision.admindm.c.f.e(Unknown Source)
10-31 18:42:33.856 W/System.err( 2758): 	at com.sumavision.admindm.c.a.run(Unknown Source)
10-31 18:42:33.856 W/System.err( 2758): 	at java.lang.Thread.run(Thread.java:818)
10-31 18:42:33.856 I/Com     ( 2758): run need retry :1 and sleep :8711
10-31 18:42:33.910 D/BackBootDealerNeimeng( 2385): standbyState:
10-31 18:42:33.911 E/NetUtils( 2017): Interface eth0 LinkDown!
10-31 18:42:34.132 D/BasicFigure( 2495): [TN_GLThread 73]isDrawFocused relyElement=[BaseElement@3d27edaa]focusScale[1.15]elementAlpha[-1.0]refectAlpha[-1.0]isFocusAble[true]shadowIndex[-1]autoJumpType[-1]uniqueID[54resSize0]rect[NULL]
10-31 18:42:34.132 D/BasicFigure( 2495): [TN_GLThread 73]isDrawFocused basicFigure=com.suma.midware.view.b.c.c@2fe62d9b
10-31 18:42:34.408 E/NetUtils( 2017): Interface eth0 LinkDown!
10-31 18:42:34.408 D/SetService( 2780): ispppoeOpen:true:reConnectCount:2
10-31 18:42:34.409 D/PppoeImplTvos( 2780): [TN_Thread-105]getPppoeState pppoeState=2
10-31 18:42:34.409 E/ClassUtil( 2780): [TN_Thread-105]getMethod getDatabaseInterfaceName java.lang.NoSuchMethodException
10-31 18:42:34.409 D/PppoeImplTvos( 2780): [TN_Thread-105]getPppoeConnectState ifaceName=ppp0,result=10
10-31 18:42:34.410 D/SetService( 2780): pppoeState:0:pppoeConnected:false:curActivity:null
10-31 18:42:34.410 D/PppoeImplTvos( 2780): [TN_Thread-105]openPppoe timeout=10000
10-31 18:42:34.410 D/PppoeImplTvos( 2780): [TN_Thread-105]getPppoeState pppoeState=2
10-31 18:42:34.411 E/ClassUtil( 2780): [TN_Thread-105]getMethod getDatabaseInterfaceName java.lang.NoSuchMethodException
10-31 18:42:34.411 D/BackBootDealerNeimeng( 2385): standbyState:
10-31 18:42:34.412 E/NetUtils( 2017): Interface eth0 LinkDown!
10-31 18:42:34.412 I/EthernetServiceImpl( 2017): setEthernetState from 1 to 1
10-31 18:42:34.750 E/hcdn_upload( 2875): HCDN_LOG: [2017/10/31-18:42:34:750]:Update uload speed 1 kbps ,real:0 kbps,qsize:0,maxsize:12,timeout_speed:0 kbps 
10-31 18:42:34.912 D/BackBootDealerNeimeng( 2385): standbyState:
10-31 18:42:34.913 E/NetUtils( 2017): Interface eth0 LinkDown!
10-31 18:42:35.165 D/BasicFigure( 2495): [TN_GLThread 73]isDrawFocused relyElement=[BaseElement@3d27edaa]focusScale[1.15]elementAlpha[-1.0]refectAlpha[-1.0]isFocusAble[true]shadowIndex[-1]autoJumpType[-1]uniqueID[54resSize0]rect[NULL]
10-31 18:42:35.165 D/BasicFigure( 2495): [TN_GLThread 73]isDrawFocused basicFigure=com.suma.midware.view.b.c.c@2fe62d9b
10-31 18:42:35.414 D/BackBootDealerNeimeng( 2385): standbyState:
10-31 18:42:35.414 E/NetUtils( 2017): Interface eth0 LinkDown!
10-31 18:42:35.751 E/hcdn_upload( 2875): HCDN_LOG: [2017/10/31-18:42:35:751]:Update uload speed 1 kbps ,real:0 kbps,qsize:0,maxsize:12,timeout_speed:0 kbps 
10-31 18:42:35.915 D/BackBootDealerNeimeng( 2385): standbyState:
10-31 18:42:35.916 E/NetUtils( 2017): Interface eth0 LinkDown!
10-31 18:42:36.199 D/BasicFigure( 2495): [TN_GLThread 73]isDrawFocused relyElement=[BaseElement@3d27edaa]focusScale[1.15]elementAlpha[-1.0]refectAlpha[-1.0]isFocusAble[true]shadowIndex[-1]autoJumpType[-1]uniqueID[54resSize0]rect[NULL]
10-31 18:42:36.199 D/BasicFigure( 2495): [TN_GLThread 73]isDrawFocused basicFigure=com.suma.midware.view.b.c.c@2fe62d9b
10-31 18:42:36.383 E/storage_operate( 2875): HCDN_LOG: [2017/10/31-18:42:36:383]:[func:GetTaskCount],[line:827],[oper:get task count],[state:0],[count:0]
10-31 18:42:36.384 E/storage_operate( 2875): HCDN_LOG: [2017/10/31-18:42:36:383]:[func:GetTaskCount],[line:827],[oper:get task count],[state:0],[count:0]
10-31 18:42:36.384 E/storage_operate( 2875): HCDN_LOG: [2017/10/31-18:42:36:384]:[func:GetTaskCount],[line:827],[oper:get task count],[state:1],[count:0]
10-31 18:42:36.416 D/BackBootDealerNeimeng( 2385): standbyState:
10-31 18:42:36.417 E/NetUtils( 2017): Interface eth0 LinkDown!
10-31 18:42:36.448 E/storage_operate( 2645): HCDN_LOG: [2017/10/31-18:42:36:448]:[func:GetTaskCount],[line:827],[oper:get task count],[state:0],[count:0]
10-31 18:42:36.448 E/storage_operate( 2645): HCDN_LOG: [2017/10/31-18:42:36:448]:[func:GetTaskCount],[line:827],[oper:get task count],[state:0],[count:0]
10-31 18:42:36.448 E/storage_operate( 2645): HCDN_LOG: [2017/10/31-18:42:36:448]:[func:GetTaskCount],[line:827],[oper:get task count],[state:1],[count:0]
10-31 18:42:36.751 E/hcdn_upload( 2875): HCDN_LOG: [2017/10/31-18:42:36:751]:Update uload speed 1 kbps ,real:0 kbps,qsize:0,maxsize:12,timeout_speed:0 kbps 
10-31 18:42:36.917 D/BackBootDealerNeimeng( 2385): standbyState:
10-31 18:42:36.918 E/NetUtils( 2017): Interface eth0 LinkDown!
10-31 18:42:37.232 D/BasicFigure( 2495): [TN_GLThread 73]isDrawFocused relyElement=[BaseElement@3d27edaa]focusScale[1.15]elementAlpha[-1.0]refectAlpha[-1.0]isFocusAble[true]shadowIndex[-1]autoJumpType[-1]uniqueID[54resSize0]rect[NULL]
10-31 18:42:37.233 D/BasicFigure( 2495): [TN_GLThread 73]isDrawFocused basicFigure=com.suma.midware.view.b.c.c@2fe62d9b
10-31 18:42:37.418 D/BackBootDealerNeimeng( 2385): standbyState:
10-31 18:42:37.419 E/NetUtils( 2017): Interface eth0 LinkDown!
10-31 18:42:37.752 E/hcdn_upload( 2875): HCDN_LOG: [2017/10/31-18:42:37:752]:Update uload speed 1 kbps ,real:0 kbps,qsize:0,maxsize:12,timeout_speed:0 kbps 
10-31 18:42:37.919 D/BackBootDealerNeimeng( 2385): standbyState:
10-31 18:42:37.920 E/NetUtils( 2017): Interface eth0 LinkDown!
10-31 18:42:38.263 D/BasicFigure( 2495): [TN_GLThread 73]isDrawFocused relyElement=[BaseElement@3d27edaa]focusScale[1.15]elementAlpha[-1.0]refectAlpha[-1.0]isFocusAble[true]shadowIndex[-1]autoJumpType[-1]uniqueID[54resSize0]rect[NULL]
10-31 18:42:38.263 D/BasicFigure( 2495): [TN_GLThread 73]isDrawFocused basicFigure=com.suma.midware.view.b.c.c@2fe62d9b
10-31 18:42:38.421 D/BackBootDealerNeimeng( 2385): standbyState:
10-31 18:42:38.422 E/NetUtils( 2017): Interface eth0 LinkDown!
10-31 18:42:38.752 E/hcdn_upload( 2875): HCDN_LOG: [2017/10/31-18:42:38:752]:Update uload speed 1 kbps ,real:0 kbps,qsize:0,maxsize:12,timeout_speed:0 kbps 
10-31 18:42:38.922 D/BackBootDealerNeimeng( 2385): standbyState:
10-31 18:42:38.923 E/NetUtils( 2017): Interface eth0 LinkDown!
10-31 18:42:39.297 D/BasicFigure( 2495): [TN_GLThread 73]isDrawFocused relyElement=[BaseElement@3d27edaa]focusScale[1.15]elementAlpha[-1.0]refectAlpha[-1.0]isFocusAble[true]shadowIndex[-1]autoJumpType[-1]uniqueID[54resSize0]rect[NULL]
10-31 18:42:39.297 D/BasicFigure( 2495): [TN_GLThread 73]isDrawFocused basicFigure=com.suma.midware.view.b.c.c@2fe62d9b
10-31 18:42:39.384 E/storage_operate( 2875): HCDN_LOG: [2017/10/31-18:42:39:384]:[func:GetTaskCount],[line:827],[oper:get task count],[state:0],[count:0]
10-31 18:42:39.384 E/storage_operate( 2875): HCDN_LOG: [2017/10/31-18:42:39:384]:[func:GetTaskCount],[line:827],[oper:get task count],[state:0],[count:0]
10-31 18:42:39.384 E/storage_operate( 2875): HCDN_LOG: [2017/10/31-18:42:39:384]:[func:GetTaskCount],[line:827],[oper:get task count],[state:1],[count:0]
10-31 18:42:39.423 D/BackBootDealerNeimeng( 2385): standbyState:
10-31 18:42:39.425 E/NetUtils( 2017): Interface eth0 LinkDown!
10-31 18:42:39.448 E/storage_operate( 2645): HCDN_LOG: [2017/10/31-18:42:39:448]:[func:GetTaskCount],[line:827],[oper:get task count],[state:0],[count:0]
10-31 18:42:39.448 E/storage_operate( 2645): HCDN_LOG: [2017/10/31-18:42:39:448]:[func:GetTaskCount],[line:827],[oper:get task count],[state:0],[count:0]
10-31 18:42:39.449 E/storage_operate( 2645): HCDN_LOG: [2017/10/31-18:42:39:449]:[func:GetTaskCount],[line:827],[oper:get task count],[state:1],[count:0]
10-31 18:42:39.753 E/hcdn_upload( 2875): HCDN_LOG: [2017/10/31-18:42:39:753]:Update uload speed 1 kbps ,real:0 kbps,qsize:0,maxsize:12,timeout_speed:0 kbps 
10-31 18:42:39.925 D/BackBootDealerNeimeng( 2385): standbyState:
10-31 18:42:39.926 E/NetUtils( 2017): Interface eth0 LinkDown!
10-31 18:42:40.332 D/BasicFigure( 2495): [TN_GLThread 73]isDrawFocused relyElement=[BaseElement@3d27edaa]focusScale[1.15]elementAlpha[-1.0]refectAlpha[-1.0]isFocusAble[true]shadowIndex[-1]autoJumpType[-1]uniqueID[54resSize0]rect[NULL]
10-31 18:42:40.332 D/BasicFigure( 2495): [TN_GLThread 73]isDrawFocused basicFigure=com.suma.midware.view.b.c.c@2fe62d9b
10-31 18:42:40.427 D/BackBootDealerNeimeng( 2385): standbyState:
10-31 18:42:40.427 E/NetUtils( 2017): Interface eth0 LinkDown!
10-31 18:42:40.753 E/hcdn_upload( 2875): HCDN_LOG: [2017/10/31-18:42:40:753]:Update uload speed 1 kbps ,real:0 kbps,qsize:0,maxsize:12,timeout_speed:0 kbps 
10-31 18:42:40.928 D/BackBootDealerNeimeng( 2385): standbyState:
10-31 18:42:40.929 E/NetUtils( 2017): Interface eth0 LinkDown!
10-31 18:42:41.366 D/BasicFigure( 2495): [TN_GLThread 73]isDrawFocused relyElement=[BaseElement@3d27edaa]focusScale[1.15]elementAlpha[-1.0]refectAlpha[-1.0]isFocusAble[true]shadowIndex[-1]autoJumpType[-1]uniqueID[54resSize0]rect[NULL]
10-31 18:42:41.366 D/BasicFigure( 2495): [TN_GLThread 73]isDrawFocused basicFigure=com.suma.midware.view.b.c.c@2fe62d9b
10-31 18:42:41.429 D/BackBootDealerNeimeng( 2385): standbyState:
10-31 18:42:41.430 E/NetUtils( 2017): Interface eth0 LinkDown!
10-31 18:42:41.754 E/hcdn_upload( 2875): HCDN_LOG: [2017/10/31-18:42:41:754]:Update uload speed 1 kbps ,real:0 kbps,qsize:0,maxsize:12,timeout_speed:0 kbps 
10-31 18:42:41.930 D/BackBootDealerNeimeng( 2385): standbyState:
10-31 18:42:41.931 E/NetUtils( 2017): Interface eth0 LinkDown!
10-31 18:42:42.384 E/storage_operate( 2875): HCDN_LOG: [2017/10/31-18:42:42:384]:[func:GetTaskCount],[line:827],[oper:get task count],[state:0],[count:0]
10-31 18:42:42.385 E/storage_operate( 2875): HCDN_LOG: [2017/10/31-18:42:42:385]:[func:GetTaskCount],[line:827],[oper:get task count],[state:0],[count:0]
10-31 18:42:42.385 E/storage_operate( 2875): HCDN_LOG: [2017/10/31-18:42:42:385]:[func:GetTaskCount],[line:827],[oper:get task count],[state:1],[count:0]
10-31 18:42:42.400 D/BasicFigure( 2495): [TN_GLThread 73]isDrawFocused relyElement=[BaseElement@3d27edaa]focusScale[1.15]elementAlpha[-1.0]refectAlpha[-1.0]isFocusAble[true]shadowIndex[-1]autoJumpType[-1]uniqueID[54resSize0]rect[NULL]
10-31 18:42:42.401 D/BasicFigure( 2495): [TN_GLThread 73]isDrawFocused basicFigure=com.suma.midware.view.b.c.c@2fe62d9b
10-31 18:42:42.431 D/BackBootDealerNeimeng( 2385): standbyState:
10-31 18:42:42.432 E/NetUtils( 2017): Interface eth0 LinkDown!
10-31 18:42:42.449 E/storage_operate( 2645): HCDN_LOG: [2017/10/31-18:42:42:449]:[func:GetTaskCount],[line:827],[oper:get task count],[state:0],[count:0]
10-31 18:42:42.449 E/storage_operate( 2645): HCDN_LOG: [2017/10/31-18:42:42:449]:[func:GetTaskCount],[line:827],[oper:get task count],[state:0],[count:0]
10-31 18:42:42.449 E/storage_operate( 2645): HCDN_LOG: [2017/10/31-18:42:42:449]:[func:GetTaskCount],[line:827],[oper:get task count],[state:1],[count:0]
10-31 18:42:42.568 I/Com     ( 2758): run new connect
10-31 18:42:42.568 D/TR69Session GetParameterValues( 2758): getTextValue start [Device.ManagementServer.ConnectionRequestURL] and getter: com.sumavision.e.a.dg@2b462e16
10-31 18:42:42.568 D/ManagementServer( 2758): key:ConnectionRequestURL
10-31 18:42:42.568 D/GwClientType( 2758): getClientType CM_GW
10-31 18:42:42.568 D/GwUtils ( 2758): getWanIp start1111
10-31 18:42:42.568 D/GwUtils ( 2758): getWanIp ethName:eth0
10-31 18:42:42.568 D/GwUtils ( 2758): getWanIp wlanName:wlan0
10-31 18:42:42.568 D/GwUtils ( 2758): getWanIp pppoeName:ppp0
10-31 18:42:42.572 D/GwUtils ( 2758): getWanIpFromEthName addr.getHostAddress()2:fe80::4e0f:c7ff:fec3:274b%wlan0
10-31 18:42:42.572 D/GwUtils ( 2758): getWanIpFromEthName addr.getHostAddress()2:192.168.1.102
10-31 18:42:42.573 D/GwUtils ( 2758): getWanIpFromEthName addr.getHostAddress()2:::1%1
10-31 18:42:42.573 D/GwUtils ( 2758): getWanIpFromEthName addr.getHostAddress()2:127.0.0.1
10-31 18:42:42.573 D/GwUtils ( 2758): getWanIp ipRes1:
10-31 18:42:42.576 D/GwUtils ( 2758): getWanIpFromEthName addr.getHostAddress()2:fe80::4e0f:c7ff:fec3:274b%wlan0
10-31 18:42:42.576 D/GwUtils ( 2758): getWanIpFromEthName addr.getHostAddress()2:192.168.1.102
10-31 18:42:42.577 D/GwUtils ( 2758): getWanIpFromEthName addr.getHostAddress()2:::1%1
10-31 18:42:42.577 D/GwUtils ( 2758): getWanIpFromEthName addr.getHostAddress()2:127.0.0.1
10-31 18:42:42.577 D/GwUtils ( 2758): getWanIpFromEthName list ---------------------eth0
10-31 18:42:42.577 D/GwUtils ( 2758): getWanIp ipRes2:
10-31 18:42:42.580 D/GwUtils ( 2758): getWanIpFromEthName list ---------------------wlan0
10-31 18:42:42.581 D/GwUtils ( 2758): getWanIpFromEthName request ip = fe80::4e0f:c7ff:fec3:274b%wlan0
10-31 18:42:42.581 D/GwUtils ( 2758): addr.getHostAddress():fe80::4e0f:c7ff:fec3:274b%wlan0
10-31 18:42:42.581 D/GwUtils ( 2758): getWanIpFromEthName request ip = 192.168.1.102
10-31 18:42:42.581 D/GwUtils ( 2758): getWanIpFromEthName request ip:192.168.1.102
10-31 18:42:42.581 D/GwUtils ( 2758): getWanIp ipRes3:192.168.1.102
10-31 18:42:42.581 D/TR69Session GetParameterValues( 2758): getTextValue end
10-31 18:42:42.581 I/Com     ( 2758): run comcomcom===============http://192.168.1.102:16001/cpe
10-31 18:42:42.581 I/TR69Session( 2758): TR69Session create TR69Session with retry1
10-31 18:42:42.581 I/TR69Session( 2758): run create session
10-31 18:42:42.582 I/TR69Session( 2758): run Open session on ACS: http://tvos-tms.96066.com
10-31 18:42:42.582 I/TR69Session( 2758): run  and serverURL:http://tvos-tms.96066.com
10-31 18:42:42.582 I/TR69Session( 2758): run event number = 1
10-31 18:42:42.582 D/TR69Session( 2758): run TR069 SESSION CPE ------ 1 parameterData.getEventsArray().length = 1
10-31 18:42:42.582 D/TR69Session( 2758): run TR069 SESSION CPE ------ 2
10-31 18:42:42.582 D/Inform  ( 2758): perform start perform ------ 1
10-31 18:42:42.585 I/TR69Session( 2758): doSoapRequest start
10-31 18:42:42.585 I/TR69Session( 2758): doRequest TR069Session doRequest ------ 1
10-31 18:42:42.585 I/TR69Session( 2758): doRequest serverURL==============http://tvos-tms.96066.com
10-31 18:42:42.587 I/TR69Session( 2758): setHeaders No sessionID is present when sending msg
10-31 18:42:42.754 E/hcdn_upload( 2875): HCDN_LOG: [2017/10/31-18:42:42:754]:Update uload speed 1 kbps ,real:0 kbps,qsize:0,maxsize:12,timeout_speed:0 kbps 
10-31 18:42:42.903 D/AppUtil ( 2385): [TN_ThreadUtil-1]getActivityPkg index=0,comp=ComponentInfo{com.suma.midware.home/com.suma.midware.home.third.Main3DActivity}
10-31 18:42:42.903 D/AppKiller( 2385): [TN_ThreadUtil-1]backKill curPkgName=com.suma.midware.home
10-31 18:42:42.903 D/AppKiller( 2385): [TN_ThreadUtil-1]backKill processName=com.sostation.happyle.huantv,processInfo=android.app.ActivityManager$RunningAppProcessInfo@2c4e8656
10-31 18:42:42.903 D/AppNgbKiller( 2385): [TN_ThreadUtil-1]forceKillApp processInfoFlag=0,hasActivityFlag=4
10-31 18:42:42.903 D/AppKiller( 2385): [TN_ThreadUtil-1]backKill processName=com.starcor.mango,processInfo=android.app.ActivityManager$RunningAppProcessInfo@6e196d7
10-31 18:42:42.903 D/AppNgbKiller( 2385): [TN_ThreadUtil-1]forceKillApp processInfoFlag=0,hasActivityFlag=4
10-31 18:42:42.903 D/AppKiller( 2385): [TN_ThreadUtil-1]backKill processName=.pushdaemonservice,processInfo=android.app.ActivityManager$RunningAppProcessInfo@2b4cebc4
10-31 18:42:42.903 D/AppNgbKiller( 2385): [TN_ThreadUtil-1]forceKillApp processInfoFlag=0,hasActivityFlag=4
10-31 18:42:42.903 D/AppKiller( 2385): [TN_ThreadUtil-1]backKill processName=com.gitvdemo.video,processInfo=android.app.ActivityManager$RunningAppProcessInfo@3d2e4aad
10-31 18:42:42.903 D/AppNgbKiller( 2385): [TN_ThreadUtil-1]forceKillApp processInfoFlag=0,hasActivityFlag=4
10-31 18:42:42.904 D/AppKiller( 2385): [TN_ThreadUtil-1]backKill processName=com.gitvdemo.video:hcdn,processInfo=android.app.ActivityManager$RunningAppProcessInfo@1644b1e2
10-31 18:42:42.904 D/AppNgbKiller( 2385): [TN_ThreadUtil-1]forceKillApp processInfoFlag=0,hasActivityFlag=4
10-31 18:42:42.904 D/AppKiller( 2385): [TN_ThreadUtil-1]backKill processName=com.gitvdemo.video:daemon,processInfo=android.app.ActivityManager$RunningAppProcessInfo@203ec973
10-31 18:42:42.904 D/AppNgbKiller( 2385): [TN_ThreadUtil-1]forceKillApp processInfoFlag=0,hasActivityFlag=4
10-31 18:42:42.932 D/BackBootDealerNeimeng( 2385): standbyState:
10-31 18:42:42.933 E/NetUtils( 2017): Interface eth0 LinkDown!
10-31 18:42:43.433 D/BackBootDealerNeimeng( 2385): standbyState:
10-31 18:42:43.434 E/NetUtils( 2017): Interface eth0 LinkDown!
10-31 18:42:43.436 D/BasicFigure( 2495): [TN_GLThread 73]isDrawFocused relyElement=[BaseElement@3d27edaa]focusScale[1.15]elementAlpha[-1.0]refectAlpha[-1.0]isFocusAble[true]shadowIndex[-1]autoJumpType[-1]uniqueID[54resSize0]rect[NULL]
10-31 18:42:43.436 D/BasicFigure( 2495): [TN_GLThread 73]isDrawFocused basicFigure=com.suma.midware.view.b.c.c@2fe62d9b
10-31 18:42:43.754 E/hcdn_upload( 2875): HCDN_LOG: [2017/10/31-18:42:43:754]:Update uload speed 1 kbps ,real:0 kbps,qsize:0,maxsize:12,timeout_speed:0 kbps 
10-31 18:42:43.934 D/BackBootDealerNeimeng( 2385): standbyState:
10-31 18:42:43.935 E/NetUtils( 2017): Interface eth0 LinkDown!
10-31 18:42:44.413 D/PppoeImplTvos( 2780): [TN_Thread-105]getPppoeState pppoeState=2
10-31 18:42:44.436 D/BackBootDealerNeimeng( 2385): standbyState:
10-31 18:42:44.437 E/NetUtils( 2017): Interface eth0 LinkDown!
10-31 18:42:44.470 D/BasicFigure( 2495): [TN_GLThread 73]isDrawFocused relyElement=[BaseElement@3d27edaa]focusScale[1.15]elementAlpha[-1.0]refectAlpha[-1.0]isFocusAble[true]shadowIndex[-1]autoJumpType[-1]uniqueID[54resSize0]rect[NULL]
10-31 18:42:44.470 D/BasicFigure( 2495): [TN_GLThread 73]isDrawFocused basicFigure=com.suma.midware.view.b.c.c@2fe62d9b
10-31 18:42:44.755 E/hcdn_upload( 2875): HCDN_LOG: [2017/10/31-18:42:44:755]:Update uload speed 1 kbps ,real:0 kbps,qsize:0,maxsize:12,timeout_speed:0 kbps 
10-31 18:42:44.937 D/BackBootDealerNeimeng( 2385): standbyState:
10-31 18:42:44.938 E/NetUtils( 2017): Interface eth0 LinkDown!
10-31 18:42:44.994 E/WifiStateMachine( 2017): WifiStateMachine CMD_START_SCAN source -2 txSuccessRate=6.54 rxSuccessRate=7.52 targetRoamBSSID=e4:f3:f5:aa:ad:88 RSSI=-37
10-31 18:42:45.385 E/storage_operate( 2875): HCDN_LOG: [2017/10/31-18:42:45:385]:[func:GetTaskCount],[line:827],[oper:get task count],[state:0],[count:0]
10-31 18:42:45.385 E/storage_operate( 2875): HCDN_LOG: [2017/10/31-18:42:45:385]:[func:GetTaskCount],[line:827],[oper:get task count],[state:0],[count:0]
10-31 18:42:45.385 E/storage_operate( 2875): HCDN_LOG: [2017/10/31-18:42:45:385]:[func:GetTaskCount],[line:827],[oper:get task count],[state:1],[count:0]
10-31 18:42:45.438 D/BackBootDealerNeimeng( 2385): standbyState:
10-31 18:42:45.439 E/NetUtils( 2017): Interface eth0 LinkDown!
10-31 18:42:45.449 E/storage_operate( 2645): HCDN_LOG: [2017/10/31-18:42:45:449]:[func:GetTaskCount],[line:827],[oper:get task count],[state:0],[count:0]
10-31 18:42:45.449 E/storage_operate( 2645): HCDN_LOG: [2017/10/31-18:42:45:449]:[func:GetTaskCount],[line:827],[oper:get task count],[state:0],[count:0]
10-31 18:42:45.449 E/storage_operate( 2645): HCDN_LOG: [2017/10/31-18:42:45:449]:[func:GetTaskCount],[line:827],[oper:get task count],[state:1],[count:0]
10-31 18:42:45.505 D/BasicFigure( 2495): [TN_GLThread 73]isDrawFocused relyElement=[BaseElement@3d27edaa]focusScale[1.15]elementAlpha[-1.0]refectAlpha[-1.0]isFocusAble[true]shadowIndex[-1]autoJumpType[-1]uniqueID[54resSize0]rect[NULL]
10-31 18:42:45.505 D/BasicFigure( 2495): [TN_GLThread 73]isDrawFocused basicFigure=com.suma.midware.view.b.c.c@2fe62d9b
10-31 18:42:45.755 E/hcdn_upload( 2875): HCDN_LOG: [2017/10/31-18:42:45:755]:Update uload speed 1 kbps ,real:0 kbps,qsize:0,maxsize:12,timeout_speed:0 kbps 
10-31 18:42:45.940 D/BackBootDealerNeimeng( 2385): standbyState:
10-31 18:42:45.941 E/NetUtils( 2017): Interface eth0 LinkDown!
10-31 18:42:46.441 D/BackBootDealerNeimeng( 2385): standbyState:
10-31 18:42:46.442 E/NetUtils( 2017): Interface eth0 LinkDown!
10-31 18:42:46.540 D/BasicFigure( 2495): [TN_GLThread 73]isDrawFocused relyElement=[BaseElement@3d27edaa]focusScale[1.15]elementAlpha[-1.0]refectAlpha[-1.0]isFocusAble[true]shadowIndex[-1]autoJumpType[-1]uniqueID[54resSize0]rect[NULL]
10-31 18:42:46.540 D/BasicFigure( 2495): [TN_GLThread 73]isDrawFocused basicFigure=com.suma.midware.view.b.c.c@2fe62d9b
10-31 18:42:46.699 I/EthernetNetworkFactory( 2017): updateInterfaceState :the mIface is:eth0iface is wlan0 true
10-31 18:42:46.718 E/WifiAutoJoinController ( 2017): ipanel e4:f3:f5:aa:ad:88 rssi=-37 cap [WPA-PSK-CCMP][WPA2-PSK-CCMP][ESS] is not scored
10-31 18:42:46.719 E/WifiAutoJoinController ( 2017): GDWL 86:79:73:27:8c:19 rssi=-45 cap [WPA-PSK-CCMP][WPA2-PSK-CCMP][ESS] is not scored
10-31 18:42:46.719 E/WifiAutoJoinController ( 2017): GDWL 86:79:73:27:8c:0d rssi=-56 cap [WPA-PSK-CCMP][WPA2-PSK-CCMP][ESS] is not scored
10-31 18:42:46.720 E/WifiAutoJoinController ( 2017): GDWL 86:79:73:27:8c:11 rssi=-66 cap [WPA-PSK-CCMP][WPA2-PSK-CCMP][ESS] is not scored
10-31 18:42:46.720 E/WifiAutoJoinController ( 2017): TP-LINK_BAF2C2 0c:72:2c:ba:f2:c2 rssi=-70 cap [WPA-PSK-CCMP][WPA2-PSK-CCMP][WPS][ESS] is not scored
10-31 18:42:46.721 E/WifiAutoJoinController ( 2017): GDWL 86:79:73:27:8c:1d rssi=-71 cap [WPA-PSK-CCMP][WPA2-PSK-CCMP][ESS] is not scored
10-31 18:42:46.721 E/WifiAutoJoinController ( 2017): TP-LINK_11AF56 9c:21:6a:11:af:56 rssi=-68 cap [WPA-PSK-CCMP][WPA2-PSK-CCMP][WPS][ESS] is not scored
10-31 18:42:46.722 E/WifiAutoJoinController ( 2017): GDWL 86:79:73:27:8c:13 rssi=-72 cap [WPA-PSK-CCMP][WPA2-PSK-CCMP][ESS] is not scored
10-31 18:42:46.722 E/WifiAutoJoinController ( 2017): GDWL 86:79:73:27:8c:27 rssi=-72 cap [WPA-PSK-CCMP][WPA2-PSK-CCMP][ESS] is not scored
10-31 18:42:46.722 E/WifiAutoJoinController ( 2017): CMCC 06:11:b5:17:bd:d5 rssi=-76 cap [WPA-EAP-CCMP+TKIP][WPA2-EAP-CCMP+TKIP][ESS] is not scored
10-31 18:42:46.723 E/WifiAutoJoinController ( 2017):  84:79:73:27:8c:19 rssi=-38 cap [WEP][ESS] is not scored
10-31 18:42:46.723 E/WifiAutoJoinController ( 2017):  84:79:73:27:8c:0d rssi=-54 cap [WEP][ESS] is not scored
10-31 18:42:46.724 E/WifiAutoJoinController ( 2017):  84:79:73:27:8c:11 rssi=-66 cap [WEP][ESS] is not scored
10-31 18:42:46.724 E/WifiAutoJoinController ( 2017):  84:79:73:27:8c:2f rssi=-76 cap [WEP][ESS] is not scored
10-31 18:42:46.725 E/WifiAutoJoinController ( 2017):  84:79:73:27:8c:1d rssi=-66 cap [WEP][ESS] is not scored
10-31 18:42:46.726 E/WifiAutoJoinController ( 2017):  84:79:73:27:8c:13 rssi=-70 cap [WEP][ESS] is not scored
10-31 18:42:46.726 E/WifiAutoJoinController ( 2017): MERCURY_EDE4 e4:f3:f5:6a:ed:e4 rssi=-61 cap [ESS] is not scored
10-31 18:42:46.727 E/WifiAutoJoinController ( 2017): CMCC-family 0a:11:b5:17:bd:d5 rssi=-74 cap [ESS] is not scored
10-31 18:42:46.727 E/WifiAutoJoinController ( 2017): and-Business 0e:11:b5:17:bd:d5 rssi=-74 cap [ESS] is not scored
10-31 18:42:46.728 E/WifiAutoJoinController ( 2017): CMCC-WEB 00:11:b5:17:bd:d5 rssi=-74 cap [ESS] is not scored
10-31 18:42:46.728 E/WifiAutoJoinController ( 2017): Office_Net e4:f3:f5:a4:00:c0 rssi=-64 cap [WPA-PSK-CCMP][WPA2-PSK-CCMP][ESS] is not scored
10-31 18:42:46.729 E/WifiAutoJoinController ( 2017): GDWL 86:79:73:27:8c:2f rssi=-72 cap [WPA-PSK-CCMP][WPA2-PSK-CCMP][ESS] is not scored
10-31 18:42:46.729 E/WifiAutoJoinController ( 2017): TP-LINK_gsbgs 9c:21:6a:1e:b5:48 rssi=-78 cap [WPA-PSK-CCMP][WPA2-PSK-CCMP][WPS][ESS] is not scored
10-31 18:42:46.730 E/WifiAutoJoinController ( 2017): HUAWEI-VYGUV5 00:5a:13:61:fa:ac rssi=-76 cap [ESS] is not scored
10-31 18:42:46.730 E/WifiAutoJoinController ( 2017): and-Business 0a:64:c7:2d:cc:89 rssi=-75 cap [ESS] is not scored
10-31 18:42:46.731 E/WifiAutoJoinController ( 2017): ageScanResultsOut delay 40000 size 31 now 1509446566730
10-31 18:42:46.731 E/WifiAutoJoinController ( 2017): newSupplicantResults size=31 known=9 true
10-31 18:42:46.732 E/WifiAutoJoinController ( 2017): attemptAutoJoin() status=bssid=e4:f3:f5:aa:ad:88
10-31 18:42:46.732 E/WifiAutoJoinController ( 2017): freq=2467
10-31 18:42:46.732 E/WifiAutoJoinController ( 2017): ssid=ipanel
10-31 18:42:46.732 E/WifiAutoJoinController ( 2017): id=8
10-31 18:42:46.732 E/WifiAutoJoinController ( 2017): mode=station
10-31 18:42:46.732 E/WifiAutoJoinController ( 2017): pairwise_cipher=CCMP
10-31 18:42:46.732 E/WifiAutoJoinController ( 2017): group_cipher=CCMP
10-31 18:42:46.732 E/WifiAutoJoinController ( 2017): key_mgmt=WPA2-PSK
10-31 18:42:46.732 E/WifiAutoJoinController ( 2017): wpa_state=COMPLETED
10-31 18:42:46.732 E/WifiAutoJoinController ( 2017): ip_address=192.168.1.102
10-31 18:42:46.732 E/WifiAutoJoinController ( 2017): p2p_device_address=4e:0f:c7:c3:27:4b
10-31 18:42:46.732 E/WifiAutoJoinController ( 2017): address=4c:0f:c7:c3:27:4b
10-31 18:42:46.732 E/WifiAutoJoinController ( 2017): uuid=4ed22322-d375-585e-aa05-5d2aae1a3dae split=13
10-31 18:42:46.732 E/WifiAutoJoinController ( 2017): attemptAutoJoin() num recent config 3 current="ipanel"WPA_PSK ---> suppNetId=8
10-31 18:42:46.732 E/WifiAutoJoinController ( 2017): attemptAutoJoin good candidate seen, bumped hard -> status=0 "ipanel"WPA_PSK rssi=(-37,-127) num=(1,0)
10-31 18:42:46.733 E/WifiAutoJoinController ( 2017): attemptAutoJoin skip current candidate  8 key "ipanel"WPA_PSK
10-31 18:42:46.733 E/WifiAutoJoinController ( 2017): attemptAutoJoin good candidate seen, bumped hard -> status=0 "GDWL"WPA_PSK rssi=(-45,-127) num=(9,0)
10-31 18:42:46.733 E/WifiAutoJoinController ( 2017): attemptAutoJoin trying id=3 "GDWL"WPA_PSK status=0
10-31 18:42:46.733 E/WifiAutoJoinController ( 2017): attemptAutoJoin good candidate seen, bumped soft -> status=0 "HUAWEI-VYGUV5"NONE rssi=(-76,-127) num=(1,0)
10-31 18:42:46.733 E/WifiAutoJoinController ( 2017): attemptAutoJoin trying id=1 "HUAWEI-VYGUV5"NONE status=0 current candidate "GDWL"WPA_PSK
10-31 18:42:46.733 E/WifiAutoJoinController ( 2017): attemptAutoJoin will compare candidate  "GDWL"WPA_PSK with "HUAWEI-VYGUV5"NONE
10-31 18:42:46.733 E/WifiAutoJoinController ( 2017):     compareWifiConfigurationsRSSI: "GDWL"WPA_PSK rssi=-45,-127 boost=0 "HUAWEI-VYGUV5"NONE rssi=-76,-127 boost=0
10-31 18:42:46.733 E/WifiAutoJoinController ( 2017):         "GDWL"WPA_PSK is5=false score=-45 "HUAWEI-VYGUV5"NONE is5=false score=-76
10-31 18:42:46.733 E/WifiAutoJoinController ( 2017):     compareWifiConfigurationsRSSI "GDWL"WPA_PSK rssi=(-45,-127) num=(9,0) > "HUAWEI-VYGUV5"NONE rssi=(-76,-127) num=(1,0) -> -31
10-31 18:42:46.733 E/WifiAutoJoinController ( 2017): compareWifiConfigurations: "GDWL"WPA_PSK > "HUAWEI-VYGUV5"NONE order -31
10-31 18:42:46.733 E/WifiAutoJoinController ( 2017): compareNetwork will compare "GDWL"WPA_PSK with current "ipanel"WPA_PSK
10-31 18:42:46.733 E/WifiAutoJoinController ( 2017):     compareWifiConfigurationsRSSI: "ipanel"WPA_PSK rssi=-37,-127 boost=25 "GDWL"WPA_PSK rssi=-45,-127 boost=0
10-31 18:42:46.733 E/WifiAutoJoinController ( 2017):         "ipanel"WPA_PSK is5=false score=-12 "GDWL"WPA_PSK is5=false score=-45
10-31 18:42:46.734 E/WifiAutoJoinController ( 2017):     compareWifiConfigurationsRSSI "ipanel"WPA_PSK rssi=(-37,-127) num=(1,0) > "GDWL"WPA_PSK rssi=(-45,-127) num=(9,0) -> -33
10-31 18:42:46.734 E/WifiAutoJoinController ( 2017): compareWifiConfigurations: "ipanel"WPA_PSK > "GDWL"WPA_PSK order -33
10-31 18:42:46.734 E/WifiAutoJoinController ( 2017): attemptAutoJoin networkSwitching candidate "GDWL"WPA_PSK with current "ipanel"WPA_PSK linked=false : delta=-33  -> not switching
10-31 18:42:46.734 E/WifiAutoJoinController ( 2017): attemptRoam: "ipanel"WPA_PSK Found e4:f3:f5:aa:ad:88 rssi=-37 freq=2467 Current: e4:f3:f5:aa:ad:88
10-31 18:42:46.734 E/WifiAutoJoinController ( 2017): Done attemptAutoJoin status=0
10-31 18:42:46.736 D/WifiAdmin( 2495): [TN_main]dealWifiMsg action=android.net.wifi.SCAN_RESULTS,intent=Intent { act=android.net.wifi.SCAN_RESULTS flg=0x4000010 }
10-31 18:42:46.736 D/WifiAdmin( 2780): [TN_main]dealWifiMsg action=android.net.wifi.SCAN_RESULTS,intent=Intent { act=android.net.wifi.SCAN_RESULTS flg=0x4000010 }
10-31 18:42:46.756 E/hcdn_upload( 2875): HCDN_LOG: [2017/10/31-18:42:46:756]:Update uload speed 1 kbps ,real:0 kbps,qsize:0,maxsize:12,timeout_speed:0 kbps 
10-31 18:42:46.943 D/BackBootDealerNeimeng( 2385): standbyState:
10-31 18:42:46.943 E/NetUtils( 2017): Interface eth0 LinkDown!
10-31 18:42:47.444 D/BackBootDealerNeimeng( 2385): standbyState:
10-31 18:42:47.445 E/NetUtils( 2017): Interface eth0 LinkDown!
10-31 18:42:47.575 D/BasicFigure( 2495): [TN_GLThread 73]isDrawFocused relyElement=[BaseElement@3d27edaa]focusScale[1.15]elementAlpha[-1.0]refectAlpha[-1.0]isFocusAble[true]shadowIndex[-1]autoJumpType[-1]uniqueID[54resSize0]rect[NULL]
10-31 18:42:47.575 D/BasicFigure( 2495): [TN_GLThread 73]isDrawFocused basicFigure=com.suma.midware.view.b.c.c@2fe62d9b
10-31 18:42:47.756 E/hcdn_upload( 2875): HCDN_LOG: [2017/10/31-18:42:47:756]:Update uload speed 1 kbps ,real:0 kbps,qsize:0,maxsize:12,timeout_speed:0 kbps 
10-31 18:42:47.946 D/BackBootDealerNeimeng( 2385): standbyState:
10-31 18:42:47.947 E/NetUtils( 2017): Interface eth0 LinkDown!
10-31 18:42:48.386 E/storage_operate( 2875): HCDN_LOG: [2017/10/31-18:42:48:385]:[func:GetTaskCount],[line:827],[oper:get task count],[state:0],[count:0]
10-31 18:42:48.386 E/storage_operate( 2875): HCDN_LOG: [2017/10/31-18:42:48:386]:[func:GetTaskCount],[line:827],[oper:get task count],[state:0],[count:0]
10-31 18:42:48.386 E/storage_operate( 2875): HCDN_LOG: [2017/10/31-18:42:48:386]:[func:GetTaskCount],[line:827],[oper:get task count],[state:1],[count:0]
10-31 18:42:48.447 D/BackBootDealerNeimeng( 2385): standbyState:
10-31 18:42:48.448 E/NetUtils( 2017): Interface eth0 LinkDown!
10-31 18:42:48.450 E/storage_operate( 2645): HCDN_LOG: [2017/10/31-18:42:48:449]:[func:GetTaskCount],[line:827],[oper:get task count],[state:0],[count:0]
10-31 18:42:48.450 E/storage_operate( 2645): HCDN_LOG: [2017/10/31-18:42:48:450]:[func:GetTaskCount],[line:827],[oper:get task count],[state:0],[count:0]
10-31 18:42:48.450 E/storage_operate( 2645): HCDN_LOG: [2017/10/31-18:42:48:450]:[func:GetTaskCount],[line:827],[oper:get task count],[state:1],[count:0]
10-31 18:42:48.610 D/BasicFigure( 2495): [TN_GLThread 73]isDrawFocused relyElement=[BaseElement@3d27edaa]focusScale[1.15]elementAlpha[-1.0]refectAlpha[-1.0]isFocusAble[true]shadowIndex[-1]autoJumpType[-1]uniqueID[54resSize0]rect[NULL]
10-31 18:42:48.610 D/BasicFigure( 2495): [TN_GLThread 73]isDrawFocused basicFigure=com.suma.midware.view.b.c.c@2fe62d9b
10-31 18:42:48.757 E/hcdn_upload( 2875): HCDN_LOG: [2017/10/31-18:42:48:757]:Update uload speed 1 kbps ,real:0 kbps,qsize:0,maxsize:12,timeout_speed:0 kbps 
10-31 18:42:48.948 D/BackBootDealerNeimeng( 2385): standbyState:
10-31 18:42:48.950 E/NetUtils( 2017): Interface eth0 LinkDown!
10-31 18:42:49.450 D/BackBootDealerNeimeng( 2385): standbyState:
10-31 18:42:49.451 E/NetUtils( 2017): Interface eth0 LinkDown!
10-31 18:42:49.643 D/BasicFigure( 2495): [TN_GLThread 73]isDrawFocused relyElement=[BaseElement@3d27edaa]focusScale[1.15]elementAlpha[-1.0]refectAlpha[-1.0]isFocusAble[true]shadowIndex[-1]autoJumpType[-1]uniqueID[54resSize0]rect[NULL]
10-31 18:42:49.643 D/BasicFigure( 2495): [TN_GLThread 73]isDrawFocused basicFigure=com.suma.midware.view.b.c.c@2fe62d9b
10-31 18:42:49.757 E/hcdn_upload( 2875): HCDN_LOG: [2017/10/31-18:42:49:757]:Update uload speed 1 kbps ,real:0 kbps,qsize:0,maxsize:12,timeout_speed:0 kbps 
10-31 18:42:49.951 D/BackBootDealerNeimeng( 2385): standbyState:
10-31 18:42:49.953 E/NetUtils( 2017): Interface eth0 LinkDown!
10-31 18:42:50.454 D/BackBootDealerNeimeng( 2385): standbyState:
10-31 18:42:50.455 E/NetUtils( 2017): Interface eth0 LinkDown!
10-31 18:42:50.678 D/BasicFigure( 2495): [TN_GLThread 73]isDrawFocused relyElement=[BaseElement@3d27edaa]focusScale[1.15]elementAlpha[-1.0]refectAlpha[-1.0]isFocusAble[true]shadowIndex[-1]autoJumpType[-1]uniqueID[54resSize0]rect[NULL]
10-31 18:42:50.678 D/BasicFigure( 2495): [TN_GLThread 73]isDrawFocused basicFigure=com.suma.midware.view.b.c.c@2fe62d9b
10-31 18:42:50.757 E/hcdn_upload( 2875): HCDN_LOG: [2017/10/31-18:42:50:757]:Update uload speed 1 kbps ,real:0 kbps,qsize:0,maxsize:12,timeout_speed:0 kbps 
10-31 18:42:50.955 D/BackBootDealerNeimeng( 2385): standbyState:
10-31 18:42:50.956 E/NetUtils( 2017): Interface eth0 LinkDown!
10-31 18:42:51.386 E/storage_operate( 2875): HCDN_LOG: [2017/10/31-18:42:51:386]:[func:GetTaskCount],[line:827],[oper:get task count],[state:0],[count:0]
10-31 18:42:51.386 E/storage_operate( 2875): HCDN_LOG: [2017/10/31-18:42:51:386]:[func:GetTaskCount],[line:827],[oper:get task count],[state:0],[count:0]
10-31 18:42:51.386 E/storage_operate( 2875): HCDN_LOG: [2017/10/31-18:42:51:386]:[func:GetTaskCount],[line:827],[oper:get task count],[state:1],[count:0]
10-31 18:42:51.450 E/storage_operate( 2645): HCDN_LOG: [2017/10/31-18:42:51:450]:[func:GetTaskCount],[line:827],[oper:get task count],[state:0],[count:0]
10-31 18:42:51.450 E/storage_operate( 2645): HCDN_LOG: [2017/10/31-18:42:51:450]:[func:GetTaskCount],[line:827],[oper:get task count],[state:0],[count:0]
10-31 18:42:51.450 E/storage_operate( 2645): HCDN_LOG: [2017/10/31-18:42:51:450]:[func:GetTaskCount],[line:827],[oper:get task count],[state:1],[count:0]
10-31 18:42:51.456 D/BackBootDealerNeimeng( 2385): standbyState:
10-31 18:42:51.457 E/NetUtils( 2017): Interface eth0 LinkDown!
10-31 18:42:51.713 D/BasicFigure( 2495): [TN_GLThread 73]isDrawFocused relyElement=[BaseElement@3d27edaa]focusScale[1.15]elementAlpha[-1.0]refectAlpha[-1.0]isFocusAble[true]shadowIndex[-1]autoJumpType[-1]uniqueID[54resSize0]rect[NULL]
10-31 18:42:51.713 D/BasicFigure( 2495): [TN_GLThread 73]isDrawFocused basicFigure=com.suma.midware.view.b.c.c@2fe62d9b
10-31 18:42:51.758 E/hcdn_upload( 2875): HCDN_LOG: [2017/10/31-18:42:51:758]:Update uload speed 1 kbps ,real:0 kbps,qsize:0,maxsize:12,timeout_speed:0 kbps 
10-31 18:42:51.958 D/BackBootDealerNeimeng( 2385): standbyState:
10-31 18:42:51.959 E/NetUtils( 2017): Interface eth0 LinkDown!
10-31 18:42:52.459 D/BackBootDealerNeimeng( 2385): standbyState:
10-31 18:42:52.460 E/NetUtils( 2017): Interface eth0 LinkDown!
10-31 18:42:52.748 D/BasicFigure( 2495): [TN_GLThread 73]isDrawFocused relyElement=[BaseElement@3d27edaa]focusScale[1.15]elementAlpha[-1.0]refectAlpha[-1.0]isFocusAble[true]shadowIndex[-1]autoJumpType[-1]uniqueID[54resSize0]rect[NULL]
10-31 18:42:52.748 D/BasicFigure( 2495): [TN_GLThread 73]isDrawFocused basicFigure=com.suma.midware.view.b.c.c@2fe62d9b
10-31 18:42:52.758 E/hcdn_upload( 2875): HCDN_LOG: [2017/10/31-18:42:52:758]:Update uload speed 1 kbps ,real:0 kbps,qsize:0,maxsize:12,timeout_speed:0 kbps 
10-31 18:42:52.961 D/BackBootDealerNeimeng( 2385): standbyState:
10-31 18:42:52.961 E/NetUtils( 2017): Interface eth0 LinkDown!
10-31 18:42:53.462 D/BackBootDealerNeimeng( 2385): standbyState:
10-31 18:42:53.463 E/NetUtils( 2017): Interface eth0 LinkDown!
10-31 18:42:53.759 E/hcdn_upload( 2875): HCDN_LOG: [2017/10/31-18:42:53:759]:Update uload speed 1 kbps ,real:0 kbps,qsize:0,maxsize:12,timeout_speed:0 kbps 
10-31 18:42:53.784 D/BasicFigure( 2495): [TN_GLThread 73]isDrawFocused relyElement=[BaseElement@3d27edaa]focusScale[1.15]elementAlpha[-1.0]refectAlpha[-1.0]isFocusAble[true]shadowIndex[-1]autoJumpType[-1]uniqueID[54resSize0]rect[NULL]
10-31 18:42:53.785 D/BasicFigure( 2495): [TN_GLThread 73]isDrawFocused basicFigure=com.suma.midware.view.b.c.c@2fe62d9b
10-31 18:42:53.963 D/BackBootDealerNeimeng( 2385): standbyState:
10-31 18:42:53.965 E/NetUtils( 2017): Interface eth0 LinkDown!
10-31 18:42:54.387 E/storage_operate( 2875): HCDN_LOG: [2017/10/31-18:42:54:387]:[func:GetTaskCount],[line:827],[oper:get task count],[state:0],[count:0]
10-31 18:42:54.387 E/storage_operate( 2875): HCDN_LOG: [2017/10/31-18:42:54:387]:[func:GetTaskCount],[line:827],[oper:get task count],[state:0],[count:0]
10-31 18:42:54.387 E/storage_operate( 2875): HCDN_LOG: [2017/10/31-18:42:54:387]:[func:GetTaskCount],[line:827],[oper:get task count],[state:1],[count:0]
10-31 18:42:54.451 E/storage_operate( 2645): HCDN_LOG: [2017/10/31-18:42:54:450]:[func:GetTaskCount],[line:827],[oper:get task count],[state:0],[count:0]
10-31 18:42:54.451 E/storage_operate( 2645): HCDN_LOG: [2017/10/31-18:42:54:451]:[func:GetTaskCount],[line:827],[oper:get task count],[state:0],[count:0]
10-31 18:42:54.451 E/storage_operate( 2645): HCDN_LOG: [2017/10/31-18:42:54:451]:[func:GetTaskCount],[line:827],[oper:get task count],[state:1],[count:0]
10-31 18:42:54.453 V/PT      ( 1582): >>INFO:irkey_task:[     185.689415] /dev/input/event0: type=0001 code=0067 val=00000001
10-31 18:42:54.453 V/PT      ( 1582): >>INFO:irkey_send:0x3001 0x0026 down
10-31 18:42:54.453 V/SUMA    ( 1582): ++++++++++++++  _roc_evtmgr_key_cbk 517:input = 12289, event=38, act=0x100
10-31 18:42:54.453 V/SUMA    ( 1582): lxm:_roc_evtmgr_key_cbk 519 185689
10-31 18:42:54.453 V/SUMA    ( 1582): lxm:_roc_evtmgr_add_evt_into_queue 347 185689
10-31 18:42:54.453 V/PT      ( 1582): >>INFO:irkey_task:[     185.689415] /dev/input/event0: type=0000 code=0000 val=00000000
10-31 18:42:54.454 V/SUMA    ( 1582): ===================>> type=0 src=0 evt=38 act=0x100
10-31 18:42:54.454 V/SUMA    ( 1582): [sysset-s][event_manager_cbk 78]lxm cbid=1, cbk_reg=1, cpid=2450
10-31 18:42:54.454 D/NGBEvent( 2450): ngbEventCallBack type:0 source :38
10-31 18:42:54.454 D/NGBEvent( 2450): [NGBEventManager-JNI]-returning:1
10-31 18:42:54.454 D/NGBEvent( 2450): Input key event: keyCode=38
10-31 18:42:54.454 D/NGBEvent( 2450): src:38 = dest:38
10-31 18:42:54.454 I/System.out( 2450): [DEBUG EventManager] LWJ--Add event to java with evt=NgbEvent-[type = 1, subtype = 401, code = 38]
10-31 18:42:54.454 D/ir_user ( 1586): PlayerTimeLineTrace:linux_keycode:0x67(DOWN),	protocol: .
10-31 18:42:54.454 D/NGBEvent( 2450): [NGBEvent_log]--[EventManager--JNI]:		start
10-31 18:42:54.455 I/System.out( 2450): [DEBUG EventManager] broadcastEvent  :len 1
10-31 18:42:54.455 D/CombineKeyUtil( 2450): [TN_pool-1-thread-1]dealKeyEvent,combineIndex:-1:keyCode:19
10-31 18:42:54.455 D/KeyEventNgbDealer( 2450): [TN_pool-1-thread-1]handleKeyPressed keyEvent=NgbEvent-[type = 1, subtype = 401, code = 38],time=185691
10-31 18:42:54.457 D/RemoteIME( 2342): onKeyDown event = KeyEvent { action=ACTION_DOWN, keyCode=KEYCODE_DPAD_UP, scanCode=103, metaState=0, flags=0x8, repeatCount=0, eventTime=185689, downTime=185689, deviceId=3, source=0x701 },mSkbContainer=null
10-31 18:42:54.458 D/Main3DActivity( 2495): [TN_main]dispatchKeyEvent event=KeyEvent { action=ACTION_DOWN, keyCode=KEYCODE_DPAD_UP, scanCode=103, metaState=0, flags=0x8, repeatCount=0, eventTime=185689, downTime=185689, deviceId=3, source=0x701 },isEventAble=true
10-31 18:42:54.459 D/BasicRootView( 2495): [TN_main]dispatchKeyEvent event=KeyEvent { action=ACTION_DOWN, keyCode=KEYCODE_DPAD_UP, scanCode=103, metaState=0, flags=0x8, repeatCount=0, eventTime=185689, downTime=185689, deviceId=3, source=0x701 },curRootPanel=com.suma.midware.home.third.a.a@395c748b
10-31 18:42:54.459 D/GLRootRenderer( 2495): dispatchKeyEvent event:KeyEvent { action=ACTION_DOWN, keyCode=KEYCODE_DPAD_UP, scanCode=103, metaState=0, flags=0x8, repeatCount=0, eventTime=185689, downTime=185689, deviceId=3, source=0x701 }:lastKeyCode:-1:lastKeyAction:-1:lastkeycount:0:size:0
10-31 18:42:54.459 D/Scene   ( 2495): dispatchKeyEvent event:KeyEvent { action=ACTION_DOWN, keyCode=KEYCODE_DPAD_UP, scanCode=103, metaState=0, flags=0x8, repeatCount=0, eventTime=185689, downTime=185689, deviceId=3, source=0x701 }
10-31 18:42:54.460 D/Scene   ( 2495): dispatchKeyEvent currentFocus = com.suma.midware.view.b.c.p@990e269
10-31 18:42:54.460 D/Scene   ( 2495): dispatchKeyEvent nextFocus:null
10-31 18:42:54.460 D/BasicFigure( 2495): [TN_GLThread 73]dealKeyEvent event=KeyEvent { action=ACTION_DOWN, keyCode=KEYCODE_DPAD_UP, scanCode=103, metaState=0, flags=0x8, repeatCount=0, eventTime=185689, downTime=185689, deviceId=3, source=0x701 }
10-31 18:42:54.461 D/MenuUtil( 2495): [TN_GLThread 73]searchVerticalFigure x=88.0000,y=220.000,width=646.000,height=363.000,excludeObj=com.suma.midware.view.b.c.p@990e269
10-31 18:42:54.463 D/MenuUtil( 2495): [TN_GLThread 73]isAbove y1=105.000,y2=220.000,cube1=890.0,110.0,1.0,cube2=646.0,363.0,1.0,obj3d1=com.suma.midware.view.b.d.b@224f8388,obj3d2=com.suma.midware.view.b.c.p@990e269
10-31 18:42:54.464 D/MenuUtil( 2495): [TN_GLThread 73]isAbove y1=105.000,y2=105.000,cube1=890.0,110.0,1.0,cube2=890.0,110.0,1.0,obj3d1=com.suma.midware.view.b.d.b@224f8388,obj3d2=com.suma.midware.view.b.d.b@224f8388
10-31 18:42:54.464 D/BasicFigure( 2495): [TN_GLThread 73]onFocusLost figure=com.suma.midware.view.b.c.p@990e269
10-31 18:42:54.464 W/BasicRootPanel( 2495): [TN_GLThread 73]switchPanelLight lightFigure null
10-31 18:42:54.464 D/BasicColumn( 2495): [TN_GLThread 73]onFocus isFocus=true,index=0,nextIndex=-1
10-31 18:42:54.464 D/FixedRes( 2495): [TN_GLThread 73]getNineImgRes nineImgSize=2
10-31 18:42:54.464 D/BasicColumn( 2495): [TN_GLThread 73]moveFocus xOffset=151.000,yOffset=139.000
10-31 18:42:54.464 D/BasicColumn( 2495): [TN_GLThread 73]moveFocus width=267.000,height=199.000,curCube=116.0,60.0,1.0,curPosition=-387.0,10.0,0.0,focusScale=1.0,1.0,1.0
10-31 18:42:54.466 D/BackBootDealerNeimeng( 2385): standbyState:
10-31 18:42:54.466 E/NetUtils( 2017): Interface eth0 LinkDown!
10-31 18:42:54.470 D/BasicFigure( 2495): [TN_GLThread 73]isDrawFocused relyElement=[BaseElement@3d27edaa]focusScale[1.15]elementAlpha[-1.0]refectAlpha[-1.0]isFocusAble[true]shadowIndex[-1]autoJumpType[-1]uniqueID[54resSize0]rect[NULL]
10-31 18:42:54.470 D/BasicFigure( 2495): [TN_GLThread 73]isDrawFocused basicFigure=com.suma.midware.view.b.c.c@2fe62d9b
10-31 18:42:54.478 D/TextureManager( 2495): loadTexture name:column_focus:textureID:168:recordSize:null
10-31 18:42:54.488 D/BasicFigure( 2495): [TN_GLThread 73]isDrawFocused relyElement=[BaseElement@3d27edaa]focusScale[1.15]elementAlpha[-1.0]refectAlpha[-1.0]isFocusAble[true]shadowIndex[-1]autoJumpType[-1]uniqueID[54resSize0]rect[NULL]
10-31 18:42:54.488 D/BasicFigure( 2495): [TN_GLThread 73]isDrawFocused basicFigure=com.suma.midware.view.b.c.c@2fe62d9b
10-31 18:42:54.662 V/PT      ( 1582): >>INFO:irkey_task:[     185.898706] /dev/input/event0: type=0001 code=0067 val=00000000
10-31 18:42:54.662 V/PT      ( 1582): >>INFO:irkey_send:0x3001 0x0026 up  
10-31 18:42:54.662 V/SUMA    ( 1582): ++++++++++++++  _roc_evtmgr_key_cbk 517:input = 12289, event=38, act=0x400
10-31 18:42:54.663 V/SUMA    ( 1582): lxm:_roc_evtmgr_key_cbk 519 185899
10-31 18:42:54.663 V/SUMA    ( 1582): lxm:_roc_evtmgr_add_key_into_queue 311 185899
10-31 18:42:54.663 D/ir_user ( 1586): PlayerTimeLineTrace:linux_keycode:0x67(UP),	protocol: .
10-31 18:42:54.663 V/PT      ( 1582): >>INFO:irkey_task:[     185.898706] /dev/input/event0: type=0000 code=0000 val=00000000
10-31 18:42:54.663 V/SUMA    ( 1582): ===================>> type=0 src=0 evt=38 act=0x400
10-31 18:42:54.663 V/SUMA    ( 1582): [sysset-s][event_manager_cbk 78]lxm cbid=1, cbk_reg=1, cpid=2450
10-31 18:42:54.663 D/NGBEvent( 2450): ngbEventCallBack type:0 source :38
10-31 18:42:54.663 D/NGBEvent( 2450): [NGBEventManager-JNI]-returning:1
10-31 18:42:54.663 D/NGBEvent( 2450): Input key event: keyCode=38
10-31 18:42:54.663 D/NGBEvent( 2450): src:38 = dest:38
10-31 18:42:54.664 I/System.out( 2450): [DEBUG EventManager] LWJ--Add event to java with evt=NgbEvent-[type = 1, subtype = 402, code = 38]
10-31 18:42:54.664 D/NGBEvent( 2450): [NGBEvent_log]--[EventManager--JNI]:		start
10-31 18:42:54.664 D/RemoteIME( 2342): RemoteIME--> onKeyUp keyCode = 19
10-31 18:42:54.664 I/System.out( 2450): [DEBUG EventManager] broadcastEvent  :len 1
10-31 18:42:54.664 D/Main3DActivity( 2495): [TN_main]dispatchKeyEvent event=KeyEvent { action=ACTION_UP, keyCode=KEYCODE_DPAD_UP, scanCode=103, metaState=0, flags=0x8, repeatCount=0, eventTime=185898, downTime=185689, deviceId=3, source=0x701 },isEventAble=true
10-31 18:42:54.664 D/KeyEventNgbDealer( 2450): [TN_pool-1-thread-1]handleKeyReleased keyEvent=NgbEvent-[type = 1, subtype = 402, code = 38],time=185900
10-31 18:42:54.759 E/hcdn_upload( 2875): HCDN_LOG: [2017/10/31-18:42:54:759]:Update uload speed 1 kbps ,real:0 kbps,qsize:0,maxsize:12,timeout_speed:0 kbps 
10-31 18:42:54.852 V/PT      ( 1582): >>INFO:irkey_task:[     186.088308] /dev/input/event0: type=0001 code=006a val=00000001
10-31 18:42:54.852 V/PT      ( 1582): >>INFO:irkey_send:0x3001 0x0027 down
