01-01 08:00:38.384 D/ConnectivityService( 2019): setProvNotificationVisibleIntent: E visible=false networkType=0 extraInfo=null
01-01 08:00:38.384 D/ConnectivityService( 2019): Validated NetworkAgentInfo [WIFI () - 100]
01-01 08:00:38.384 D/ConnectivityService( 2019): rematching NetworkAgentInfo [WIFI () - 100]
01-01 08:00:38.384 D/ConnectivityService( 2019): Network NetworkAgentInfo [WIFI () - 100] was already satisfying request 1. No change.
01-01 08:00:38.385 D/ConnectivityService( 2019): notifyType AVAILABLE for NetworkAgentInfo [WIFI () - 100]
01-01 08:00:38.386 D/ConnectivityService( 2019): sendStickyBroadcast: action=android.net.conn.INET_CONDITION_ACTION
01-01 08:00:38.435 I/ActivityManager( 2019): Start proc 3144:com.sostation.happyle.huantv/u0a28 for broadcast com.sostation.happyle.huantv/com.youdao.sdk.common.YouDaoTrackerReceiver
01-01 08:00:38.538 I/ActivityManager( 2019): Start proc 3167:com.starcor.mango/u0a23 for broadcast com.starcor.mango/com.starcor.receiver.NetworkConnectionReceiver
01-01 08:00:38.559 W/ResourcesManager( 3167): Asset path '/system/framework/android.test.runner.jar' does not exist or contains no resources.
01-01 08:00:39.482 W/ActivityManager( 2019): getTasks: caller 10023 does not hold REAL_GET_TASKS; limiting output
01-01 08:00:39.483 W/ActivityManager( 2019): getRunningAppProcesses: caller 10023 does not hold REAL_GET_TASKS; limiting output
01-01 08:00:39.486 W/ActivityManager( 2019): getTasks: caller 10023 does not hold REAL_GET_TASKS; limiting output
01-01 08:00:39.486 W/ActivityManager( 2019): getTasks: caller 10023 does not hold REAL_GET_TASKS; limiting output
01-01 08:00:39.522 W/ActivityManager( 2019): getTasks: caller 10023 does not hold REAL_GET_TASKS; limiting output
01-01 08:00:39.522 W/ActivityManager( 2019): getTasks: caller 10023 does not hold REAL_GET_TASKS; limiting output
10-31 15:55:50.011 W/ContextImpl( 2391): Calling a method in the system process without a qualified user: android.app.ContextImpl.sendBroadcast:1345 android.content.ContextWrapper.sendBroadcast:377 com.suma.midware.back.ivideo.b.a:-1 com.suma.midware.back.ivideo.neimeng.IvideoDealerNeimeng.b:-1 com.suma.midware.back.ivideo.neimeng.IvideoDealerNeimeng.e:-1 
10-31 15:55:50.100 W/ContextImpl( 2391): Calling a method in the system process without a qualified user: android.app.ContextImpl.sendBroadcast:1345 android.content.ContextWrapper.sendBroadcast:377 com.suma.midware.back.ivideo.b.a:-1 com.suma.midware.back.ivideo.neimeng.IvideoDealerNeimeng.e:-1 com.suma.midware.back.ivideo.e.run:-1 
10-31 15:55:50.287 W/ContextImpl( 2391): Calling a method in the system process without a qualified user: android.app.ContextImpl.sendBroadcast:1345 android.content.ContextWrapper.sendBroadcast:377 com.suma.midware.back.ivideo.b.a:-1 com.suma.midware.back.ivideo.neimeng.IvideoDealerNeimeng.e:-1 com.suma.midware.back.ivideo.e.run:-1 
10-31 15:55:52.699 W/ContextImpl( 2391): Calling a method in the system process without a qualified user: android.app.ContextImpl.sendBroadcast:1345 android.content.ContextWrapper.sendBroadcast:377 com.suma.midware.back.esg.e.f:-1 com.suma.midware.back.esg.f.run:-1 com.suma.midware.prop.util.c.run:-1 
10-31 15:55:53.703 W/ContextImpl( 2391): Calling a method in the system process without a qualified user: android.app.ContextImpl.sendBroadcast:1345 android.content.ContextWrapper.sendBroadcast:377 com.suma.midware.back.esg.e.f:-1 com.suma.midware.back.esg.f.run:-1 com.suma.midware.prop.util.c.run:-1 
10-31 15:55:55.797 I/ActivityManager( 2019): START u0 {act= cmp=com.suma.midware.setting/.main.SystemMainActivity} from uid 1000 on display 0
10-31 15:55:55.801 V/WindowManager( 2019): addAppToken: AppWindowToken{30589cc token=Token{3f9147ff ActivityRecord{727231e u0 com.suma.midware.setting/.main.SystemMainActivity t766}}} to stack=1 task=766 at 0
10-31 15:55:55.817 W/ContextImpl( 2498): Calling a method in the system process without a qualified user: android.app.ContextImpl.sendBroadcast:1345 android.content.ContextWrapper.sendBroadcast:377 android.app.ActivityThread.performPauseActivity:3259 android.app.ActivityThread.performPauseActivity:3225 android.app.ActivityThread.handlePauseActivity:3200 
10-31 15:55:55.898 V/WindowManager( 2019): Adding window Window{2cf94664 u0 Starting com.suma.midware.setting} at 5 of 10 (after Window{27596fd4 u0 com.suma.midware.dvb/com.suma.midware.dvb.play.PlayActivity})
10-31 15:55:55.947 W/ContextImpl( 2793): Calling a method in the system process without a qualified user: android.app.ContextImpl.sendBroadcast:1345 android.content.ContextWrapper.sendBroadcast:377 android.app.ActivityThread.performResumeActivity:2982 android.app.ActivityThread.handleResumeActivity:3023 android.app.ActivityThread.handleLaunchActivity:2392 
10-31 15:55:55.965 V/WindowManager( 2019): Adding window Window{10122eef u0 com.suma.midware.setting/com.suma.midware.setting.main.SystemMainActivity} at 5 of 11 (before Window{2cf94664 u0 Starting com.suma.midware.setting})
10-31 15:55:56.009 W/ViewRootImpl( 2793): Cancelling event due to no window focus: KeyEvent { action=ACTION_UP, keyCode=KEYCODE_DPAD_CENTER, scanCode=28, metaState=0, flags=0x80000028, repeatCount=0, eventTime=54690, downTime=54480, deviceId=3, source=0x701 }
10-31 15:55:56.009 W/ViewRootImpl( 2793): Cancelling event due to no window focus: KeyEvent { action=ACTION_UP, keyCode=KEYCODE_DPAD_CENTER, scanCode=28, metaState=0, flags=0x80000028, repeatCount=0, eventTime=54690, downTime=54480, deviceId=3, source=0x701 }
10-31 15:55:56.009 W/ViewRootImpl( 2793): Cancelling event due to no window focus: KeyEvent { action=ACTION_UP, keyCode=KEYCODE_DPAD_CENTER, scanCode=28, metaState=0, flags=0x80000028, repeatCount=0, eventTime=54690, downTime=54480, deviceId=3, source=0x701 }
10-31 15:55:56.009 W/ViewRootImpl( 2793): Cancelling event due to no window focus: KeyEvent { action=ACTION_UP, keyCode=KEYCODE_DPAD_CENTER, scanCode=28, metaState=0, flags=0x80000028, repeatCount=0, eventTime=54690, downTime=54480, deviceId=3, source=0x701 }
10-31 15:55:56.009 W/ViewRootImpl( 2793): Cancelling event due to no window focus: KeyEvent { action=ACTION_UP, keyCode=KEYCODE_DPAD_CENTER, scanCode=28, metaState=0, flags=0x80000028, repeatCount=0, eventTime=54690, downTime=54480, deviceId=3, source=0x701 }
10-31 15:55:56.009 W/ViewRootImpl( 2793): Cancelling event due to no window focus: KeyEvent { action=ACTION_UP, keyCode=KEYCODE_DPAD_CENTER, scanCode=28, metaState=0, flags=0x80000028, repeatCount=0, eventTime=54690, downTime=54480, deviceId=3, source=0x701 }
10-31 15:55:56.009 W/ViewRootImpl( 2793): Cancelling event due to no window focus: KeyEvent { action=ACTION_UP, keyCode=KEYCODE_DPAD_CENTER, scanCode=28, metaState=0, flags=0x80000028, repeatCount=0, eventTime=54690, downTime=54480, deviceId=3, source=0x701 }
10-31 15:55:56.009 W/ViewRootImpl( 2793): Cancelling event due to no window focus: KeyEvent { action=ACTION_UP, keyCode=KEYCODE_DPAD_CENTER, scanCode=28, metaState=0, flags=0x80000028, repeatCount=0, eventTime=54690, downTime=54480, deviceId=3, source=0x701 }
10-31 15:55:56.009 W/ViewRootImpl( 2793): Cancelling event due to no window focus: KeyEvent { action=ACTION_UP, keyCode=KEYCODE_DPAD_CENTER, scanCode=28, metaState=0, flags=0x80000028, repeatCount=0, eventTime=54690, downTime=54480, deviceId=3, source=0x701 }
10-31 15:55:56.706 W/ContextImpl( 2391): Calling a method in the system process without a qualified user: android.app.ContextImpl.sendBroadcast:1345 android.content.ContextWrapper.sendBroadcast:377 com.suma.midware.back.esg.e.f:-1 com.suma.midware.back.esg.f.run:-1 com.suma.midware.prop.util.c.run:-1 
10-31 15:55:57.708 W/ContextImpl( 2391): Calling a method in the system process without a qualified user: android.app.ContextImpl.sendBroadcast:1345 android.content.ContextWrapper.sendBroadcast:377 com.suma.midware.back.esg.e.f:-1 com.suma.midware.back.esg.f.run:-1 com.suma.midware.prop.util.c.run:-1 
10-31 15:55:57.949 I/ActivityManager( 2019): Waited long enough for: ServiceRecord{1b15d5e9 u0 com.sostation.happyle.huantv/com.youdao.sdk.common.YouDaoAppService}
10-31 15:55:58.810 I/ActivityManager( 2019): Waited long enough for: ServiceRecord{196ce7a5 u0 com.starcor.mango/com.starcor.report.ReportService}
10-31 15:55:58.811 I/ActivityManager( 2019): Waited long enough for: ServiceRecord{1091177a u0 com.starcor.mango/com.starcor.report.newreport.DataReportService}
10-31 15:55:58.929 I/ActivityManager( 2019): Waited long enough for: ServiceRecord{3d971bd2 u0 com.starcor.mango/com.mgtv.data.ott.sdk.core.service.DataReporterService}
10-31 15:55:59.309 D/TaskPersister( 2019): removeObsoleteFile: deleting file=763_task.xml
10-31 15:55:59.310 D/TaskPersister( 2019): removeObsoleteFile: deleting file=763_task_thumbnail.png
10-31 15:56:00.711 W/ContextImpl( 2391): Calling a method in the system process without a qualified user: android.app.ContextImpl.sendBroadcast:1345 android.content.ContextWrapper.sendBroadcast:377 com.suma.midware.back.esg.e.f:-1 com.suma.midware.back.esg.f.run:-1 com.suma.midware.prop.util.c.run:-1 
10-31 15:56:01.714 W/ContextImpl( 2391): Calling a method in the system process without a qualified user: android.app.ContextImpl.sendBroadcast:1345 android.content.ContextWrapper.sendBroadcast:377 com.suma.midware.back.esg.e.f:-1 com.suma.midware.back.esg.f.run:-1 com.suma.midware.prop.util.c.run:-1 
10-31 15:56:04.717 W/ContextImpl( 2391): Calling a method in the system process without a qualified user: android.app.ContextImpl.sendBroadcast:1345 android.content.ContextWrapper.sendBroadcast:377 com.suma.midware.back.esg.e.f:-1 com.suma.midware.back.esg.f.run:-1 com.suma.midware.prop.util.c.run:-1 
10-31 15:56:05.720 W/ContextImpl( 2391): Calling a method in the system process without a qualified user: android.app.ContextImpl.sendBroadcast:1345 android.content.ContextWrapper.sendBroadcast:377 com.suma.midware.back.esg.e.f:-1 com.suma.midware.back.esg.f.run:-1 com.suma.midware.prop.util.c.run:-1 
10-31 15:56:08.724 W/ContextImpl( 2391): Calling a method in the system process without a qualified user: android.app.ContextImpl.sendBroadcast:1345 android.content.ContextWrapper.sendBroadcast:377 com.suma.midware.back.esg.e.f:-1 com.suma.midware.back.esg.f.run:-1 com.suma.midware.prop.util.c.run:-1 
10-31 15:56:09.726 W/ContextImpl( 2391): Calling a method in the system process without a qualified user: android.app.ContextImpl.sendBroadcast:1345 android.content.ContextWrapper.sendBroadcast:377 com.suma.midware.back.esg.e.f:-1 com.suma.midware.back.esg.f.run:-1 com.suma.midware.prop.util.c.run:-1 
10-31 15:56:09.996 I/ActivityManager( 2019): START u0 {cmp=com.suma.midware.setting/.net.NetMainActivity} from uid 1000 on display 0
10-31 15:56:10.002 V/WindowManager( 2019): addAppToken: AppWindowToken{2881fde8 token=Token{387ccb0b ActivityRecord{909dada u0 com.suma.midware.setting/.net.NetMainActivity t766}}} to stack=1 task=766 at 1
10-31 15:56:10.004 W/ContextImpl( 2793): Calling a method in the system process without a qualified user: android.app.ContextImpl.sendBroadcast:1345 android.content.ContextWrapper.sendBroadcast:377 android.app.ActivityThread.performPauseActivity:3259 android.app.ActivityThread.performPauseActivity:3225 android.app.ActivityThread.handlePauseActivity:3200 
10-31 15:56:10.097 W/ContextImpl( 2793): Calling a method in the system process without a qualified user: android.app.ContextImpl.sendBroadcast:1345 android.content.ContextWrapper.sendBroadcast:377 android.app.ActivityThread.performResumeActivity:2982 android.app.ActivityThread.handleResumeActivity:3023 android.app.ActivityThread.handleLaunchActivity:2392 
10-31 15:56:10.100 V/WindowManager( 2019): Adding window Window{2af5573d u0 com.suma.midware.setting/com.suma.midware.setting.net.NetMainActivity} at 6 of 11 (after Window{10122eef u0 com.suma.midware.setting/com.suma.midware.setting.main.SystemMainActivity})
10-31 15:56:12.309 I/ActivityManager( 2019): START u0 {cmp=com.suma.midware.setting/.net.WifiConnectActivity} from uid 1000 on display 0
10-31 15:56:12.314 V/WindowManager( 2019): addAppToken: AppWindowToken{b54a200 token=Token{37919083 ActivityRecord{138eb32 u0 com.suma.midware.setting/.net.WifiConnectActivity t766}}} to stack=1 task=766 at 2
10-31 15:56:12.316 W/ContextImpl( 2793): Calling a method in the system process without a qualified user: android.app.ContextImpl.sendBroadcast:1345 android.content.ContextWrapper.sendBroadcast:377 android.app.ActivityThread.performPauseActivity:3259 android.app.ActivityThread.performPauseActivity:3225 android.app.ActivityThread.handlePauseActivity:3200 
10-31 15:56:12.420 W/ContextImpl( 2793): Calling a method in the system process without a qualified user: android.app.ContextImpl.sendBroadcast:1345 android.content.ContextWrapper.sendBroadcast:377 android.app.ActivityThread.performResumeActivity:2982 android.app.ActivityThread.handleResumeActivity:3023 android.app.ActivityThread.handleLaunchActivity:2392 
10-31 15:56:12.423 V/WindowManager( 2019): Adding window Window{1624b118 u0 com.suma.midware.setting/com.suma.midware.setting.net.WifiConnectActivity} at 7 of 12 (after Window{2af5573d u0 com.suma.midware.setting/com.suma.midware.setting.net.NetMainActivity})
10-31 15:56:12.730 W/ContextImpl( 2391): Calling a method in the system process without a qualified user: android.app.ContextImpl.sendBroadcast:1345 android.content.ContextWrapper.sendBroadcast:377 com.suma.midware.back.esg.e.f:-1 com.suma.midware.back.esg.f.run:-1 com.suma.midware.prop.util.c.run:-1 
10-31 15:56:13.731 W/ContextImpl( 2391): Calling a method in the system process without a qualified user: android.app.ContextImpl.sendBroadcast:1345 android.content.ContextWrapper.sendBroadcast:377 com.suma.midware.back.esg.e.f:-1 com.suma.midware.back.esg.f.run:-1 com.suma.midware.prop.util.c.run:-1 
10-31 15:56:15.489 V/WindowManager( 2019): not Base app: Adding window Window{3ca12956 u0 com.suma.midware.setting/com.suma.midware.setting.net.WifiConnectActivity} at 8 of 13
10-31 15:56:15.500 E/addOrUpdateNetwork( 2019):  uid = 1000 SSID "ipanel" nid=8
10-31 15:56:15.659 D/ConnectivityService( 2019): NetworkAgentInfo [WIFI () - 100] EVENT_NETWORK_INFO_CHANGED, going from CONNECTED to DISCONNECTED
10-31 15:56:15.659 D/ConnectivityService( 2019): NetworkAgentInfo [WIFI () - 100] got DISCONNECTED, was satisfying 2
10-31 15:56:15.699 D/ConnectivityService( 2019): notifyType LOST for NetworkAgentInfo [WIFI () - 100]
10-31 15:56:15.699 D/ConnectivityService( 2019): Checking for replacement network to handle request NetworkRequest [ id=1, legacyType=-1, [ Capabilities: INTERNET&NOT_RESTRICTED&TRUSTED&NOT_VPN] ]
10-31 15:56:15.699 D/CSLegacyTypeTracker( 2019): Sending disconnected broadcast for type 1 NetworkAgentInfo [WIFI () - 100] isDefaultNetwork=false
10-31 15:56:15.699 D/ConnectivityService( 2019): sendStickyBroadcast: action=android.net.conn.CONNECTIVITY_CHANGE_IMMEDIATE
10-31 15:56:15.700 D/ConnectivityService( 2019): sendStickyBroadcast: action=android.net.conn.CONNECTIVITY_CHANGE
10-31 15:56:15.700 E/ConnectivityService( 2019): EVENT_NETWORK_INFO_CHANGED from unknown NetworkAgent
10-31 15:56:15.742 D/ConnectivityService( 2019): registerNetworkAgent NetworkAgentInfo{ ni{[type: WIFI[], state: CONNECTING/CONNECTING, reason: (unspecified), extra: "ipanel", roaming: false, failover: false, isAvailable: true, isConnectedToProvisioningNetwork: false]}  network{null}  lp{{InterfaceName: wlan0 LinkAddresses: []  Routes: [] DnsAddresses: [] Domains: null MTU: 0 TcpBufferSizes: 524288,1048576,2097152,262144,524288,1048576}}  nc{[ Transports: WIFI Capabilities: INTERNET&NOT_RESTRICTED&TRUSTED&NOT_VPN LinkUpBandwidth>=1048576Kbps LinkDnBandwidth>=1048576Kbps]}  Score{20}  everValidated{false}  lastValidated{false}  created{false}  explicitlySelected{false} }
10-31 15:56:15.742 D/ConnectivityService( 2019): NetworkAgentInfo [WIFI () - 101] EVENT_NETWORK_INFO_CHANGED, going from null to CONNECTING
10-31 15:56:15.753 D/ConnectivityService( 2019): updateNetworkScore for NetworkAgentInfo [WIFI () - 101] to 60
10-31 15:56:16.465 D/ConnectivityService( 2019): NetworkAgentInfo [WIFI () - 101] EVENT_NETWORK_INFO_CHANGED, going from CONNECTING to CONNECTED
10-31 15:56:16.466 D/ConnectivityService( 2019): Adding iface wlan0 to network 101
10-31 15:56:16.479 E/ConnectivityService( 2019): Unexpected mtu value: 0, wlan0
10-31 15:56:16.479 D/ConnectivityService( 2019): Adding Route [fe80::/64 -> :: wlan0] to network 101
10-31 15:56:16.480 D/ConnectivityService( 2019): Adding Route [192.168.1.0/24 -> 0.0.0.0 wlan0] to network 101
10-31 15:56:16.480 D/ConnectivityService( 2019): Adding Route [0.0.0.0/0 -> 192.168.1.1 wlan0] to network 101
10-31 15:56:16.481 D/ConnectivityService( 2019): Setting Dns servers for network 101 to [/10.11.11.50, /202.99.224.68]
10-31 15:56:16.485 D/ConnectivityService( 2019): notifyType IP_CHANGED for NetworkAgentInfo [WIFI () - 101]
10-31 15:56:16.488 D/ConnectivityService( 2019): notifyType PRECHECK for NetworkAgentInfo [WIFI () - 101]
10-31 15:56:16.488 D/ConnectivityService( 2019): rematching NetworkAgentInfo [WIFI () - 101]
10-31 15:56:16.488 D/ConnectivityService( 2019):    accepting network in place of null
10-31 15:56:16.489 D/ConnectivityService( 2019): Switching to new default network: NetworkAgentInfo{ ni{[type: WIFI[], state: CONNECTED/CONNECTED, reason: (unspecified), extra: "ipanel", roaming: false, failover: false, isAvailable: true, isConnectedToProvisioningNetwork: false]}  network{101}  lp{{InterfaceName: wlan0 LinkAddresses: [192.168.1.102/24,]  Routes: [fe80::/64 -> :: wlan0,192.168.1.0/24 -> 0.0.0.0 wlan0,0.0.0.0/0 -> 192.168.1.1 wlan0,] DnsAddresses: [10.11.11.50,202.99.224.68,] Domains:  MTU: 0 TcpBufferSizes: 524288,1048576,2097152,262144,524288,1048576}}  nc{[ Transports: WIFI Capabilities: INTERNET&NOT_RESTRICTED&TRUSTED&NOT_VPN LinkUpBandwidth>=1048576Kbps LinkDnBandwidth>=1048576Kbps]}  Score{20}  everValidated{false}  lastValidated{false}  created{true}  explicitlySelected{false} }
10-31 15:56:16.490 D/ConnectivityService( 2019): notifyType AVAILABLE for NetworkAgentInfo [WIFI () - 101]
10-31 15:56:16.491 D/CSLegacyTypeTracker( 2019): Sending connected broadcast for type 1 NetworkAgentInfo [WIFI () - 101] isDefaultNetwork=true
10-31 15:56:16.491 D/ConnectivityService( 2019): sendStickyBroadcast: action=android.net.conn.CONNECTIVITY_CHANGE_IMMEDIATE
10-31 15:56:16.491 D/ConnectivityService( 2019): sendStickyBroadcast: action=android.net.conn.CONNECTIVITY_CHANGE
10-31 15:56:16.494 D/ConnectivityService( 2019): setProvNotificationVisibleIntent: E visible=false networkType=0 extraInfo=null
10-31 15:56:16.495 D/ConnectivityService( 2019): Validated NetworkAgentInfo [WIFI () - 101]
10-31 15:56:16.495 D/ConnectivityService( 2019): rematching NetworkAgentInfo [WIFI () - 101]
10-31 15:56:16.495 D/ConnectivityService( 2019): Network NetworkAgentInfo [WIFI () - 101] was already satisfying request 1. No change.
10-31 15:56:16.495 D/ConnectivityService( 2019): notifyType AVAILABLE for NetworkAgentInfo [WIFI () - 101]
10-31 15:56:16.496 D/ConnectivityService( 2019): sendStickyBroadcast: action=android.net.conn.INET_CONDITION_ACTION
10-31 15:56:16.735 W/ContextImpl( 2391): Calling a method in the system process without a qualified user: android.app.ContextImpl.sendBroadcast:1345 android.content.ContextWrapper.sendBroadcast:377 com.suma.midware.back.esg.e.f:-1 com.suma.midware.back.esg.f.run:-1 com.suma.midware.prop.util.c.run:-1 
10-31 15:56:17.389 D/ConnectivityService( 2019): notifyType IP_CHANGED for NetworkAgentInfo [WIFI () - 101]
10-31 15:56:17.736 W/ContextImpl( 2391): Calling a method in the system process without a qualified user: android.app.ContextImpl.sendBroadcast:1345 android.content.ContextWrapper.sendBroadcast:377 com.suma.midware.back.esg.e.f:-1 com.suma.midware.back.esg.f.run:-1 com.suma.midware.prop.util.c.run:-1 
10-31 15:56:19.018 W/InputMethodManagerService( 2019): Window already focused, ignoring focus gain of: com.android.internal.view.IInputMethodClient$Stub$Proxy@1c598c63 attribute=null, token = android.os.BinderProxy@31da8cfb
10-31 15:56:20.741 W/ContextImpl( 2391): Calling a method in the system process without a qualified user: android.app.ContextImpl.sendBroadcast:1345 android.content.ContextWrapper.sendBroadcast:377 com.suma.midware.back.esg.e.f:-1 com.suma.midware.back.esg.f.run:-1 com.suma.midware.prop.util.c.run:-1 
10-31 15:56:21.744 W/ContextImpl( 2391): Calling a method in the system process without a qualified user: android.app.ContextImpl.sendBroadcast:1345 android.content.ContextWrapper.sendBroadcast:377 com.suma.midware.back.esg.e.f:-1 com.suma.midware.back.esg.f.run:-1 com.suma.midware.prop.util.c.run:-1 
10-31 15:56:24.748 W/ContextImpl( 2391): Calling a method in the system process without a qualified user: android.app.ContextImpl.sendBroadcast:1345 android.content.ContextWrapper.sendBroadcast:377 com.suma.midware.back.esg.e.f:-1 com.suma.midware.back.esg.f.run:-1 com.suma.midware.prop.util.c.run:-1 
10-31 15:56:25.749 W/ContextImpl( 2391): Calling a method in the system process without a qualified user: android.app.ContextImpl.sendBroadcast:1345 android.content.ContextWrapper.sendBroadcast:377 com.suma.midware.back.esg.e.f:-1 com.suma.midware.back.esg.f.run:-1 com.suma.midware.prop.util.c.run:-1 
10-31 15:56:28.753 W/ContextImpl( 2391): Calling a method in the system process without a qualified user: android.app.ContextImpl.sendBroadcast:1345 android.content.ContextWrapper.sendBroadcast:377 com.suma.midware.back.esg.e.f:-1 com.suma.midware.back.esg.f.run:-1 com.suma.midware.prop.util.c.run:-1 
10-31 15:56:29.756 W/ContextImpl( 2391): Calling a method in the system process without a qualified user: android.app.ContextImpl.sendBroadcast:1345 android.content.ContextWrapper.sendBroadcast:377 com.suma.midware.back.esg.e.f:-1 com.suma.midware.back.esg.f.run:-1 com.suma.midware.prop.util.c.run:-1 
10-31 15:56:30.227 I/ActivityManager( 2019): Force stopping com.android.browser appid=10010 user=0: from pid 2391
10-31 15:56:30.228 I/ActivityManager( 2019): START u0 {act=android.intent.action.MAIN cat=[android.intent.category.HOME] flg=0x10200000 cmp=com.suma.midware.home/.third.Main3DActivity} from uid 1000 on display 0
10-31 15:56:30.245 W/ContextImpl( 2793): Calling a method in the system process without a qualified user: android.app.ContextImpl.sendBroadcast:1345 android.content.ContextWrapper.sendBroadcast:377 android.app.ActivityThread.performPauseActivity:3259 android.app.ActivityThread.performPauseActivity:3225 android.app.ActivityThread.handlePauseActivity:3200 
10-31 15:56:30.273 W/ContextImpl( 2498): Calling a method in the system process without a qualified user: android.app.ContextImpl.sendBroadcast:1345 android.content.ContextWrapper.sendBroadcast:377 com.suma.midware.view.ext.BluetoothUpdate.b:-1 com.suma.midware.home.third.Main3DActivity.onResume:-1 android.app.Instrumentation.callActivityOnResume:1257 
10-31 15:56:30.277 W/ContextImpl( 2498): Calling a method in the system process without a qualified user: android.app.ContextImpl.sendBroadcast:1345 android.content.ContextWrapper.sendBroadcast:377 android.app.ActivityThread.performResumeActivity:2982 android.app.ActivityThread.handleResumeActivity:3023 android.app.ActivityThread$H.handleMessage:1347 
10-31 15:56:32.748 W/ContextImpl( 2391): Calling a method in the system process without a qualified user: android.app.ContextImpl.sendBroadcast:1345 android.content.ContextWrapper.sendBroadcast:377 com.suma.midware.back.esg.e.f:-1 com.suma.midware.back.esg.f.run:-1 com.suma.midware.prop.util.c.run:-1 
10-31 15:56:33.749 W/ContextImpl( 2391): Calling a method in the system process without a qualified user: android.app.ContextImpl.sendBroadcast:1345 android.content.ContextWrapper.sendBroadcast:377 com.suma.midware.back.esg.e.f:-1 com.suma.midware.back.esg.f.run:-1 com.suma.midware.prop.util.c.run:-1 
10-31 15:56:34.751 W/ContextImpl( 2391): Calling a method in the system process without a qualified user: android.app.ContextImpl.sendBroadcast:1345 android.content.ContextWrapper.sendBroadcast:377 com.suma.midware.back.esg.e.f:-1 com.suma.midware.back.esg.f.run:-1 com.suma.midware.prop.util.c.run:-1 
10-31 15:56:43.981 I/ActivityManager( 2019): START u0 {act= cmp=com.suma.midware.setting/.main.SystemMainActivity} from uid 1000 on display 0
10-31 15:56:43.993 W/ContextImpl( 2498): Calling a method in the system process without a qualified user: android.app.ContextImpl.sendBroadcast:1345 android.content.ContextWrapper.sendBroadcast:377 android.app.ActivityThread.performPauseActivity:3259 android.app.ActivityThread.performPauseActivity:3225 android.app.ActivityThread.handlePauseActivity:3200 
10-31 15:56:44.003 W/ContextImpl( 2793): Calling a method in the system process without a qualified user: android.app.ContextImpl.sendBroadcast:1345 android.content.ContextWrapper.sendBroadcast:377 android.app.ActivityThread.performResumeActivity:2982 android.app.ActivityThread.handleResumeActivity:3023 android.app.ActivityThread$H.handleMessage:1347 
10-31 15:56:45.103 I/ActivityManager( 2019): START u0 {cmp=com.suma.midware.setting/.net.NetMainActivity} from uid 1000 on display 0
10-31 15:56:45.105 V/WindowManager( 2019): addAppToken: AppWindowToken{3d17628d token=Token{1c0df724 ActivityRecord{30dc33b7 u0 com.suma.midware.setting/.net.NetMainActivity t766}}} to stack=1 task=766 at 1
10-31 15:56:45.108 W/ContextImpl( 2793): Calling a method in the system process without a qualified user: android.app.ContextImpl.sendBroadcast:1345 android.content.ContextWrapper.sendBroadcast:377 android.app.ActivityThread.performPauseActivity:3259 android.app.ActivityThread.performPauseActivity:3225 android.app.ActivityThread.handlePauseActivity:3200 
10-31 15:56:45.171 W/ContextImpl( 2793): Calling a method in the system process without a qualified user: android.app.ContextImpl.sendBroadcast:1345 android.content.ContextWrapper.sendBroadcast:377 android.app.ActivityThread.performResumeActivity:2982 android.app.ActivityThread.handleResumeActivity:3023 android.app.ActivityThread.handleLaunchActivity:2392 
10-31 15:56:45.173 V/WindowManager( 2019): Adding window Window{19a1ba8e u0 com.suma.midware.setting/com.suma.midware.setting.net.NetMainActivity} at 6 of 11 (after Window{10122eef u0 com.suma.midware.setting/com.suma.midware.setting.main.SystemMainActivity})
10-31 15:56:46.702 I/ActivityManager( 2019): START u0 {act=android.intent.action.MAIN cat=[android.intent.category.HOME] flg=0x10200000 cmp=com.suma.midware.home/.third.Main3DActivity} from uid 1000 on display 0
10-31 15:56:46.731 I/ActivityManager( 2019): Force stopping com.android.browser appid=10010 user=0: from pid 2391
10-31 15:56:46.734 W/ContextImpl( 2793): Calling a method in the system process without a qualified user: android.app.ContextImpl.sendBroadcast:1345 android.content.ContextWrapper.sendBroadcast:377 android.app.ActivityThread.performPauseActivity:3259 android.app.ActivityThread.performPauseActivity:3225 android.app.ActivityThread.handlePauseActivity:3200 
10-31 15:56:46.755 W/ContextImpl( 2498): Calling a method in the system process without a qualified user: android.app.ContextImpl.sendBroadcast:1345 android.content.ContextWrapper.sendBroadcast:377 com.suma.midware.view.ext.BluetoothUpdate.b:-1 com.suma.midware.home.third.Main3DActivity.onResume:-1 android.app.Instrumentation.callActivityOnResume:1257 
10-31 15:56:46.759 W/ContextImpl( 2498): Calling a method in the system process without a qualified user: android.app.ContextImpl.sendBroadcast:1345 android.content.ContextWrapper.sendBroadcast:377 android.app.ActivityThread.performResumeActivity:2982 android.app.ActivityThread.handleResumeActivity:3023 android.app.ActivityThread$H.handleMessage:1347 
10-31 15:57:21.740 E/RemotePrintSpooler( 2019): Error removing obsolete print jobs .
10-31 15:57:21.740 E/RemotePrintSpooler( 2019): java.util.concurrent.TimeoutException: Cannot get spooler!
10-31 15:57:21.740 E/RemotePrintSpooler( 2019): 	at com.android.server.print.RemotePrintSpooler.bindLocked(RemotePrintSpooler.java:378)
10-31 15:57:21.740 E/RemotePrintSpooler( 2019): 	at com.android.server.print.RemotePrintSpooler.getRemoteInstanceLazy(RemotePrintSpooler.java:354)
10-31 15:57:21.740 E/RemotePrintSpooler( 2019): 	at com.android.server.print.RemotePrintSpooler.removeObsoletePrintJobs(RemotePrintSpooler.java:289)
10-31 15:57:21.740 E/RemotePrintSpooler( 2019): 	at com.android.server.print.UserState.removeObsoletePrintJobs(UserState.java:165)
10-31 15:57:21.740 E/RemotePrintSpooler( 2019): 	at com.android.server.print.PrintManagerService$PrintManagerImpl$3.run(PrintManagerService.java:644)
10-31 15:57:21.740 E/RemotePrintSpooler( 2019): 	at android.os.Handler.handleCallback(Handler.java:739)
10-31 15:57:21.740 E/RemotePrintSpooler( 2019): 	at android.os.Handler.dispatchMessage(Handler.java:95)
10-31 15:57:21.740 E/RemotePrintSpooler( 2019): 	at android.os.Looper.loop(Looper.java:135)
10-31 15:57:21.740 E/RemotePrintSpooler( 2019): 	at android.os.HandlerThread.run(HandlerThread.java:61)
10-31 15:57:21.741 I/UsageStatsService( 2019): User[0] Flushing usage stats to disk
10-31 15:57:21.763 I/UsageStatsDatabase( 2019): Moving file /data/system/usagestats/0/daily/1420070400000 to /data/system/usagestats/0/daily/1509436504443
10-31 15:57:21.764 I/UsageStatsDatabase( 2019): Moving file /data/system/usagestats/0/weekly/1420070400000 to /data/system/usagestats/0/weekly/1509436504443
10-31 15:57:21.765 I/UsageStatsDatabase( 2019): Moving file /data/system/usagestats/0/monthly/1417824000000 to /data/system/usagestats/0/monthly/1507190104443
10-31 15:57:21.765 I/UsageStatsDatabase( 2019): Moving file /data/system/usagestats/0/yearly/1419120000000 to /data/system/usagestats/0/yearly/1508486104443
10-31 15:57:21.779 I/UsageStatsService( 2019): User[0] Rollover scheduled @ 2017-11-01 08:00:00(1509494400000)
10-31 15:57:37.828 W/ContextImpl( 2391): Calling a method in the system process without a qualified user: android.app.ContextImpl.sendBroadcast:1345 android.content.ContextWrapper.sendBroadcast:377 com.suma.midware.back.esg.e.f:-1 com.suma.midware.back.esg.f.run:-1 com.suma.midware.prop.util.c.run:-1 
10-31 15:57:38.830 W/ContextImpl( 2391): Calling a method in the system process without a qualified user: android.app.ContextImpl.sendBroadcast:1345 android.content.ContextWrapper.sendBroadcast:377 com.suma.midware.back.esg.e.f:-1 com.suma.midware.back.esg.f.run:-1 com.suma.midware.prop.util.c.run:-1 
10-31 15:57:39.834 W/ContextImpl( 2391): Calling a method in the system process without a qualified user: android.app.ContextImpl.sendBroadcast:1345 android.content.ContextWrapper.sendBroadcast:377 com.suma.midware.back.esg.e.f:-1 com.suma.midware.back.esg.f.run:-1 com.suma.midware.prop.util.c.run:-1 
10-31 15:58:42.909 W/ContextImpl( 2391): Calling a method in the system process without a qualified user: android.app.ContextImpl.sendBroadcast:1345 android.content.ContextWrapper.sendBroadcast:377 com.suma.midware.back.esg.e.f:-1 com.suma.midware.back.esg.f.run:-1 com.suma.midware.prop.util.c.run:-1 
10-31 15:58:43.911 W/ContextImpl( 2391): Calling a method in the system process without a qualified user: android.app.ContextImpl.sendBroadcast:1345 android.content.ContextWrapper.sendBroadcast:377 com.suma.midware.back.esg.e.f:-1 com.suma.midware.back.esg.f.run:-1 com.suma.midware.prop.util.c.run:-1 
10-31 15:58:44.915 W/ContextImpl( 2391): Calling a method in the system process without a qualified user: android.app.ContextImpl.sendBroadcast:1345 android.content.ContextWrapper.sendBroadcast:377 com.suma.midware.back.esg.e.f:-1 com.suma.midware.back.esg.f.run:-1 com.suma.midware.prop.util.c.run:-1 
--------- beginning of main
10-31 15:59:20.817 D/TimerUtil( 2433): waitRandom time=300,waitTime=65
10-31 15:59:20.817 D/HTTPMUSocket( 2433): send msg:NOTIFY * HTTP/1.1
10-31 15:59:20.817 D/HTTPMUSocket( 2433): Server: Linux/3.18.24_hi3798mv2x UPnP/1.0 CyberLinkJava/1.8
10-31 15:59:20.817 D/HTTPMUSocket( 2433): Cache-Control: max-age=1800
10-31 15:59:20.817 D/HTTPMUSocket( 2433): Location: http://192.168.1.102:38520/description.xml
10-31 15:59:20.817 D/HTTPMUSocket( 2433): NTS: ssdp:alive
10-31 15:59:20.817 D/HTTPMUSocket( 2433): NT: urn:sumavision.com:service:X_SUMA_EVENT:1
10-31 15:59:20.817 D/HTTPMUSocket( 2433): USN: uuid:bedb84c3-dcc5-4b75-8e79-308771ab5a9f::urn:sumavision.com:service:X_SUMA_EVENT:1
10-31 15:59:20.817 D/HTTPMUSocket( 2433): HOST: 239.255.255.250:1900
10-31 15:59:20.817 D/HTTPMUSocket( 2433): 
10-31 15:59:20.818 D/HTTPMUSocket( 2433): bindAddr:null and port:-1
10-31 15:59:20.818 D/HTTPMUSocket( 2433): /192.168.1.102
10-31 15:59:20.818 D/Advertiser( 2433): Advertise12:56000 at time:1509436760818 with thread:org.cybergarage.d.b.a@2f3daa9e
10-31 15:59:20.913 D/BasicFigure( 2498): [TN_GLThread 74]isDrawFocused relyElement=[BaseElement@190c8802]focusScale[1.15]elementAlpha[-1.0]refectAlpha[-1.0]isFocusAble[true]shadowIndex[-1]autoJumpType[-1]uniqueID[54resSize0]rect[NULL]
10-31 15:59:20.913 D/BasicFigure( 2498): [TN_GLThread 74]isDrawFocused basicFigure=com.suma.midware.view.b.c.c@2f52b513
10-31 15:59:21.296 D/BackBootDealerNeimeng( 2391): standbyState:
10-31 15:59:21.297 E/NetUtils( 2019): Interface eth0 LinkDown!
10-31 15:59:21.411 E/hcdn_upload( 2899): HCDN_LOG: [2017/10/31-15:59:21:411]:Update uload speed 1 kbps ,real:0 kbps,qsize:0,maxsize:12,timeout_speed:0 kbps 
10-31 15:59:21.798 D/BackBootDealerNeimeng( 2391): standbyState:
10-31 15:59:21.798 E/NetUtils( 2019): Interface eth0 LinkDown!
10-31 15:59:21.945 D/BasicFigure( 2498): [TN_GLThread 74]isDrawFocused relyElement=[BaseElement@190c8802]focusScale[1.15]elementAlpha[-1.0]refectAlpha[-1.0]isFocusAble[true]shadowIndex[-1]autoJumpType[-1]uniqueID[54resSize0]rect[NULL]
10-31 15:59:21.945 D/BasicFigure( 2498): [TN_GLThread 74]isDrawFocused basicFigure=com.suma.midware.view.b.c.c@2f52b513
10-31 15:59:22.015 E/storage_operate( 2899): HCDN_LOG: [2017/10/31-15:59:22:015]:[func:GetTaskCount],[line:827],[oper:get task count],[state:0],[count:0]
10-31 15:59:22.015 E/storage_operate( 2899): HCDN_LOG: [2017/10/31-15:59:22:015]:[func:GetTaskCount],[line:827],[oper:get task count],[state:0],[count:0]
10-31 15:59:22.015 E/storage_operate( 2899): HCDN_LOG: [2017/10/31-15:59:22:015]:[func:GetTaskCount],[line:827],[oper:get task count],[state:1],[count:0]
10-31 15:59:22.086 E/storage_operate( 2648): HCDN_LOG: [2017/10/31-15:59:22:086]:[func:GetTaskCount],[line:827],[oper:get task count],[state:0],[count:0]
10-31 15:59:22.086 E/storage_operate( 2648): HCDN_LOG: [2017/10/31-15:59:22:086]:[func:GetTaskCount],[line:827],[oper:get task count],[state:0],[count:0]
10-31 15:59:22.086 E/storage_operate( 2648): HCDN_LOG: [2017/10/31-15:59:22:086]:[func:GetTaskCount],[line:827],[oper:get task count],[state:1],[count:0]
10-31 15:59:22.299 D/BackBootDealerNeimeng( 2391): standbyState:
10-31 15:59:22.300 E/NetUtils( 2019): Interface eth0 LinkDown!
10-31 15:59:22.412 E/hcdn_upload( 2899): HCDN_LOG: [2017/10/31-15:59:22:412]:Update uload speed 1 kbps ,real:0 kbps,qsize:0,maxsize:12,timeout_speed:0 kbps 
10-31 15:59:22.800 D/BackBootDealerNeimeng( 2391): standbyState:
10-31 15:59:22.801 E/NetUtils( 2019): Interface eth0 LinkDown!
10-31 15:59:22.978 D/BasicFigure( 2498): [TN_GLThread 74]isDrawFocused relyElement=[BaseElement@190c8802]focusScale[1.15]elementAlpha[-1.0]refectAlpha[-1.0]isFocusAble[true]shadowIndex[-1]autoJumpType[-1]uniqueID[54resSize0]rect[NULL]
10-31 15:59:22.978 D/BasicFigure( 2498): [TN_GLThread 74]isDrawFocused basicFigure=com.suma.midware.view.b.c.c@2f52b513
10-31 15:59:23.302 D/BackBootDealerNeimeng( 2391): standbyState:
10-31 15:59:23.302 E/NetUtils( 2019): Interface eth0 LinkDown!
10-31 15:59:23.412 E/hcdn_upload( 2899): HCDN_LOG: [2017/10/31-15:59:23:412]:Update uload speed 1 kbps ,real:0 kbps,qsize:0,maxsize:12,timeout_speed:0 kbps 
10-31 15:59:23.803 D/BackBootDealerNeimeng( 2391): standbyState:
10-31 15:59:23.803 E/NetUtils( 2019): Interface eth0 LinkDown!
10-31 15:59:24.010 D/BasicFigure( 2498): [TN_GLThread 74]isDrawFocused relyElement=[BaseElement@190c8802]focusScale[1.15]elementAlpha[-1.0]refectAlpha[-1.0]isFocusAble[true]shadowIndex[-1]autoJumpType[-1]uniqueID[54resSize0]rect[NULL]
10-31 15:59:24.011 D/BasicFigure( 2498): [TN_GLThread 74]isDrawFocused basicFigure=com.suma.midware.view.b.c.c@2f52b513
10-31 15:59:24.304 D/BackBootDealerNeimeng( 2391): standbyState:
10-31 15:59:24.305 E/NetUtils( 2019): Interface eth0 LinkDown!
10-31 15:59:24.413 E/hcdn_upload( 2899): HCDN_LOG: [2017/10/31-15:59:24:413]:Update uload speed 1 kbps ,real:0 kbps,qsize:0,maxsize:12,timeout_speed:0 kbps 
10-31 15:59:24.805 D/BackBootDealerNeimeng( 2391): standbyState:
10-31 15:59:24.806 E/NetUtils( 2019): Interface eth0 LinkDown!
10-31 15:59:25.015 E/storage_operate( 2899): HCDN_LOG: [2017/10/31-15:59:25:015]:[func:GetTaskCount],[line:827],[oper:get task count],[state:0],[count:0]
10-31 15:59:25.016 E/storage_operate( 2899): HCDN_LOG: [2017/10/31-15:59:25:016]:[func:GetTaskCount],[line:827],[oper:get task count],[state:0],[count:0]
10-31 15:59:25.016 E/storage_operate( 2899): HCDN_LOG: [2017/10/31-15:59:25:016]:[func:GetTaskCount],[line:827],[oper:get task count],[state:1],[count:0]
10-31 15:59:25.045 D/BasicFigure( 2498): [TN_GLThread 74]isDrawFocused relyElement=[BaseElement@190c8802]focusScale[1.15]elementAlpha[-1.0]refectAlpha[-1.0]isFocusAble[true]shadowIndex[-1]autoJumpType[-1]uniqueID[54resSize0]rect[NULL]
10-31 15:59:25.045 D/BasicFigure( 2498): [TN_GLThread 74]isDrawFocused basicFigure=com.suma.midware.view.b.c.c@2f52b513
10-31 15:59:25.087 E/storage_operate( 2648): HCDN_LOG: [2017/10/31-15:59:25:086]:[func:GetTaskCount],[line:827],[oper:get task count],[state:0],[count:0]
10-31 15:59:25.087 E/storage_operate( 2648): HCDN_LOG: [2017/10/31-15:59:25:087]:[func:GetTaskCount],[line:827],[oper:get task count],[state:0],[count:0]
10-31 15:59:25.087 E/storage_operate( 2648): HCDN_LOG: [2017/10/31-15:59:25:087]:[func:GetTaskCount],[line:827],[oper:get task count],[state:1],[count:0]
10-31 15:59:25.307 D/BackBootDealerNeimeng( 2391): standbyState:
10-31 15:59:25.307 E/NetUtils( 2019): Interface eth0 LinkDown!
10-31 15:59:25.413 E/hcdn_upload( 2899): HCDN_LOG: [2017/10/31-15:59:25:413]:Update uload speed 1 kbps ,real:0 kbps,qsize:0,maxsize:12,timeout_speed:0 kbps 
10-31 15:59:25.769 D/AppUtil ( 2391): [TN_ThreadUtil-1]getActivityPkg index=0,comp=ComponentInfo{com.suma.midware.home/com.suma.midware.home.third.Main3DActivity}
10-31 15:59:25.769 D/AppKiller( 2391): [TN_ThreadUtil-1]backKill curPkgName=com.suma.midware.home
10-31 15:59:25.769 D/AppKiller( 2391): [TN_ThreadUtil-1]backKill processName=com.sostation.happyle.huantv,processInfo=android.app.ActivityManager$RunningAppProcessInfo@2fafe7b6
10-31 15:59:25.769 D/AppNgbKiller( 2391): [TN_ThreadUtil-1]forceKillApp processInfoFlag=0,hasActivityFlag=4
10-31 15:59:25.770 D/AppKiller( 2391): [TN_ThreadUtil-1]backKill processName=com.starcor.mango,processInfo=android.app.ActivityManager$RunningAppProcessInfo@13434cb7
10-31 15:59:25.770 D/AppNgbKiller( 2391): [TN_ThreadUtil-1]forceKillApp processInfoFlag=0,hasActivityFlag=4
10-31 15:59:25.770 D/AppKiller( 2391): [TN_ThreadUtil-1]backKill processName=com.gitvdemo.video,processInfo=android.app.ActivityManager$RunningAppProcessInfo@1919c24
10-31 15:59:25.770 D/AppNgbKiller( 2391): [TN_ThreadUtil-1]forceKillApp processInfoFlag=0,hasActivityFlag=4
10-31 15:59:25.770 D/AppKiller( 2391): [TN_ThreadUtil-1]backKill processName=com.gitvdemo.video:hcdn,processInfo=android.app.ActivityManager$RunningAppProcessInfo@306aa38d
10-31 15:59:25.770 D/AppNgbKiller( 2391): [TN_ThreadUtil-1]forceKillApp processInfoFlag=0,hasActivityFlag=4
10-31 15:59:25.770 D/AppKiller( 2391): [TN_ThreadUtil-1]backKill processName=com.gitvdemo.video:daemon,processInfo=android.app.ActivityManager$RunningAppProcessInfo@274ac942
10-31 15:59:25.770 D/AppNgbKiller( 2391): [TN_ThreadUtil-1]forceKillApp processInfoFlag=0,hasActivityFlag=4
10-31 15:59:25.771 D/AppKiller( 2391): [TN_ThreadUtil-1]backKill processName=.pushdaemonservice,processInfo=android.app.ActivityManager$RunningAppProcessInfo@2f35fd53
10-31 15:59:25.771 D/AppNgbKiller( 2391): [TN_ThreadUtil-1]forceKillApp processInfoFlag=0,hasActivityFlag=4
10-31 15:59:25.808 D/BackBootDealerNeimeng( 2391): standbyState:
10-31 15:59:25.809 E/NetUtils( 2019): Interface eth0 LinkDown!
10-31 15:59:26.079 D/BasicFigure( 2498): [TN_GLThread 74]isDrawFocused relyElement=[BaseElement@190c8802]focusScale[1.15]elementAlpha[-1.0]refectAlpha[-1.0]isFocusAble[true]shadowIndex[-1]autoJumpType[-1]uniqueID[54resSize0]rect[NULL]
10-31 15:59:26.080 D/BasicFigure( 2498): [TN_GLThread 74]isDrawFocused basicFigure=com.suma.midware.view.b.c.c@2f52b513
10-31 15:59:26.309 D/BackBootDealerNeimeng( 2391): standbyState:
10-31 15:59:26.310 E/NetUtils( 2019): Interface eth0 LinkDown!
10-31 15:59:26.414 E/hcdn_upload( 2899): HCDN_LOG: [2017/10/31-15:59:26:414]:Update uload speed 1 kbps ,real:0 kbps,qsize:0,maxsize:12,timeout_speed:0 kbps 
10-31 15:59:26.810 D/BackBootDealerNeimeng( 2391): standbyState:
10-31 15:59:26.811 E/NetUtils( 2019): Interface eth0 LinkDown!
10-31 15:59:27.113 D/BasicFigure( 2498): [TN_GLThread 74]isDrawFocused relyElement=[BaseElement@190c8802]focusScale[1.15]elementAlpha[-1.0]refectAlpha[-1.0]isFocusAble[true]shadowIndex[-1]autoJumpType[-1]uniqueID[54resSize0]rect[NULL]
10-31 15:59:27.113 D/BasicFigure( 2498): [TN_GLThread 74]isDrawFocused basicFigure=com.suma.midware.view.b.c.c@2f52b513
10-31 15:59:27.312 D/BackBootDealerNeimeng( 2391): standbyState:
10-31 15:59:27.312 E/NetUtils( 2019): Interface eth0 LinkDown!
10-31 15:59:27.415 E/hcdn_upload( 2899): HCDN_LOG: [2017/10/31-15:59:27:415]:Update uload speed 1 kbps ,real:0 kbps,qsize:0,maxsize:12,timeout_speed:0 kbps 
10-31 15:59:27.813 D/BackBootDealerNeimeng( 2391): standbyState:
10-31 15:59:27.814 E/NetUtils( 2019): Interface eth0 LinkDown!
10-31 15:59:28.016 E/storage_operate( 2899): HCDN_LOG: [2017/10/31-15:59:28:016]:[func:GetTaskCount],[line:827],[oper:get task count],[state:0],[count:0]
10-31 15:59:28.016 E/storage_operate( 2899): HCDN_LOG: [2017/10/31-15:59:28:016]:[func:GetTaskCount],[line:827],[oper:get task count],[state:0],[count:0]
10-31 15:59:28.016 E/storage_operate( 2899): HCDN_LOG: [2017/10/31-15:59:28:016]:[func:GetTaskCount],[line:827],[oper:get task count],[state:1],[count:0]
10-31 15:59:28.087 E/storage_operate( 2648): HCDN_LOG: [2017/10/31-15:59:28:087]:[func:GetTaskCount],[line:827],[oper:get task count],[state:0],[count:0]
10-31 15:59:28.087 E/storage_operate( 2648): HCDN_LOG: [2017/10/31-15:59:28:087]:[func:GetTaskCount],[line:827],[oper:get task count],[state:0],[count:0]
10-31 15:59:28.087 E/storage_operate( 2648): HCDN_LOG: [2017/10/31-15:59:28:087]:[func:GetTaskCount],[line:827],[oper:get task count],[state:1],[count:0]
10-31 15:59:28.147 D/BasicFigure( 2498): [TN_GLThread 74]isDrawFocused relyElement=[BaseElement@190c8802]focusScale[1.15]elementAlpha[-1.0]refectAlpha[-1.0]isFocusAble[true]shadowIndex[-1]autoJumpType[-1]uniqueID[54resSize0]rect[NULL]
10-31 15:59:28.147 D/BasicFigure( 2498): [TN_GLThread 74]isDrawFocused basicFigure=com.suma.midware.view.b.c.c@2f52b513
10-31 15:59:28.314 D/BackBootDealerNeimeng( 2391): standbyState:
10-31 15:59:28.315 E/NetUtils( 2019): Interface eth0 LinkDown!
10-31 15:59:28.415 E/hcdn_upload( 2899): HCDN_LOG: [2017/10/31-15:59:28:415]:Update uload speed 1 kbps ,real:0 kbps,qsize:0,maxsize:12,timeout_speed:0 kbps 
10-31 15:59:28.815 D/BackBootDealerNeimeng( 2391): standbyState:
10-31 15:59:28.816 E/NetUtils( 2019): Interface eth0 LinkDown!
10-31 15:59:29.179 D/BasicFigure( 2498): [TN_GLThread 74]isDrawFocused relyElement=[BaseElement@190c8802]focusScale[1.15]elementAlpha[-1.0]refectAlpha[-1.0]isFocusAble[true]shadowIndex[-1]autoJumpType[-1]uniqueID[54resSize0]rect[NULL]
10-31 15:59:29.179 D/BasicFigure( 2498): [TN_GLThread 74]isDrawFocused basicFigure=com.suma.midware.view.b.c.c@2f52b513
10-31 15:59:29.317 D/BackBootDealerNeimeng( 2391): standbyState:
10-31 15:59:29.318 E/NetUtils( 2019): Interface eth0 LinkDown!
10-31 15:59:29.416 E/hcdn_upload( 2899): HCDN_LOG: [2017/10/31-15:59:29:416]:Update uload speed 1 kbps ,real:0 kbps,qsize:0,maxsize:12,timeout_speed:0 kbps 
10-31 15:59:29.818 D/BackBootDealerNeimeng( 2391): standbyState:
10-31 15:59:29.819 E/NetUtils( 2019): Interface eth0 LinkDown!
10-31 15:59:30.213 D/BasicFigure( 2498): [TN_GLThread 74]isDrawFocused relyElement=[BaseElement@190c8802]focusScale[1.15]elementAlpha[-1.0]refectAlpha[-1.0]isFocusAble[true]shadowIndex[-1]autoJumpType[-1]uniqueID[54resSize0]rect[NULL]
10-31 15:59:30.213 D/BasicFigure( 2498): [TN_GLThread 74]isDrawFocused basicFigure=com.suma.midware.view.b.c.c@2f52b513
10-31 15:59:30.319 D/BackBootDealerNeimeng( 2391): standbyState:
10-31 15:59:30.320 E/NetUtils( 2019): Interface eth0 LinkDown!
10-31 15:59:30.416 E/hcdn_upload( 2899): HCDN_LOG: [2017/10/31-15:59:30:416]:Update uload speed 1 kbps ,real:0 kbps,qsize:0,maxsize:12,timeout_speed:0 kbps 
10-31 15:59:30.821 D/BackBootDealerNeimeng( 2391): standbyState:
10-31 15:59:30.822 E/NetUtils( 2019): Interface eth0 LinkDown!
10-31 15:59:31.016 E/storage_operate( 2899): HCDN_LOG: [2017/10/31-15:59:31:016]:[func:GetTaskCount],[line:827],[oper:get task count],[state:0],[count:0]
10-31 15:59:31.017 E/storage_operate( 2899): HCDN_LOG: [2017/10/31-15:59:31:017]:[func:GetTaskCount],[line:827],[oper:get task count],[state:0],[count:0]
10-31 15:59:31.017 E/storage_operate( 2899): HCDN_LOG: [2017/10/31-15:59:31:017]:[func:GetTaskCount],[line:827],[oper:get task count],[state:1],[count:0]
10-31 15:59:31.088 E/storage_operate( 2648): HCDN_LOG: [2017/10/31-15:59:31:087]:[func:GetTaskCount],[line:827],[oper:get task count],[state:0],[count:0]
10-31 15:59:31.088 E/storage_operate( 2648): HCDN_LOG: [2017/10/31-15:59:31:088]:[func:GetTaskCount],[line:827],[oper:get task count],[state:0],[count:0]
10-31 15:59:31.088 E/storage_operate( 2648): HCDN_LOG: [2017/10/31-15:59:31:088]:[func:GetTaskCount],[line:827],[oper:get task count],[state:1],[count:0]
10-31 15:59:31.247 D/BasicFigure( 2498): [TN_GLThread 74]isDrawFocused relyElement=[BaseElement@190c8802]focusScale[1.15]elementAlpha[-1.0]refectAlpha[-1.0]isFocusAble[true]shadowIndex[-1]autoJumpType[-1]uniqueID[54resSize0]rect[NULL]
10-31 15:59:31.247 D/BasicFigure( 2498): [TN_GLThread 74]isDrawFocused basicFigure=com.suma.midware.view.b.c.c@2f52b513
10-31 15:59:31.322 D/BackBootDealerNeimeng( 2391): standbyState:
10-31 15:59:31.323 E/NetUtils( 2019): Interface eth0 LinkDown!
10-31 15:59:31.417 E/hcdn_upload( 2899): HCDN_LOG: [2017/10/31-15:59:31:417]:Update uload speed 1 kbps ,real:0 kbps,qsize:0,maxsize:12,timeout_speed:0 kbps 
10-31 15:59:31.823 D/BackBootDealerNeimeng( 2391): standbyState:
10-31 15:59:31.824 E/NetUtils( 2019): Interface eth0 LinkDown!
10-31 15:59:32.280 D/BasicFigure( 2498): [TN_GLThread 74]isDrawFocused relyElement=[BaseElement@190c8802]focusScale[1.15]elementAlpha[-1.0]refectAlpha[-1.0]isFocusAble[true]shadowIndex[-1]autoJumpType[-1]uniqueID[54resSize0]rect[NULL]
10-31 15:59:32.280 D/BasicFigure( 2498): [TN_GLThread 74]isDrawFocused basicFigure=com.suma.midware.view.b.c.c@2f52b513
10-31 15:59:32.324 D/BackBootDealerNeimeng( 2391): standbyState:
10-31 15:59:32.325 E/NetUtils( 2019): Interface eth0 LinkDown!
10-31 15:59:32.418 E/hcdn_upload( 2899): HCDN_LOG: [2017/10/31-15:59:32:418]:Update uload speed 1 kbps ,real:0 kbps,qsize:0,maxsize:12,timeout_speed:0 kbps 
10-31 15:59:32.825 D/BackBootDealerNeimeng( 2391): standbyState:
10-31 15:59:32.826 E/NetUtils( 2019): Interface eth0 LinkDown!
10-31 15:59:33.313 D/BasicFigure( 2498): [TN_GLThread 74]isDrawFocused relyElement=[BaseElement@190c8802]focusScale[1.15]elementAlpha[-1.0]refectAlpha[-1.0]isFocusAble[true]shadowIndex[-1]autoJumpType[-1]uniqueID[54resSize0]rect[NULL]
10-31 15:59:33.313 D/BasicFigure( 2498): [TN_GLThread 74]isDrawFocused basicFigure=com.suma.midware.view.b.c.c@2f52b513
10-31 15:59:33.327 D/BackBootDealerNeimeng( 2391): standbyState:
10-31 15:59:33.327 E/NetUtils( 2019): Interface eth0 LinkDown!
10-31 15:59:33.418 E/hcdn_upload( 2899): HCDN_LOG: [2017/10/31-15:59:33:418]:Update uload speed 1 kbps ,real:0 kbps,qsize:0,maxsize:12,timeout_speed:0 kbps 
10-31 15:59:33.828 D/BackBootDealerNeimeng( 2391): standbyState:
10-31 15:59:33.828 E/NetUtils( 2019): Interface eth0 LinkDown!
10-31 15:59:33.981 E/storage_operate( 2899): HCDN_LOG: [2017/10/31-15:59:33:981]:[func:GetPgfCapacityChange],[line:76],[oper:get pgf capacity change],[total_space:5364],[free_space:4300]
10-31 15:59:33.981 E/storage_operate( 2899): HCDN_LOG: [2017/10/31-15:59:33:981]:[func:UpdatePgfCapacity],[line:1013],[oper:update pgf capacity],[state:1]
10-31 15:59:34.017 E/storage_operate( 2899): HCDN_LOG: [2017/10/31-15:59:34:017]:[func:GetTaskCount],[line:827],[oper:get task count],[state:0],[count:0]
10-31 15:59:34.017 E/storage_operate( 2899): HCDN_LOG: [2017/10/31-15:59:34:017]:[func:GetTaskCount],[line:827],[oper:get task count],[state:0],[count:0]
10-31 15:59:34.017 E/storage_operate( 2899): HCDN_LOG: [2017/10/31-15:59:34:017]:[func:GetTaskCount],[line:827],[oper:get task count],[state:1],[count:0]
10-31 15:59:34.050 E/storage_operate( 2648): HCDN_LOG: [2017/10/31-15:59:34:050]:[func:GetPgfCapacityChange],[line:76],[oper:get pgf capacity change],[total_space:5364],[free_space:4300]
10-31 15:59:34.050 E/storage_operate( 2648): HCDN_LOG: [2017/10/31-15:59:34:050]:[func:UpdatePgfCapacity],[line:1013],[oper:update pgf capacity],[state:1]
