10-31 13:46:40.774 W/ContextImpl( 2389): Calling a method in the system process without a qualified user: android.app.ContextImpl.sendBroadcast:1345 android.content.ContextWrapper.sendBroadcast:377 com.suma.midware.back.esg.e.f:-1 com.suma.midware.back.esg.f.run:-1 com.suma.midware.prop.util.c.run:-1 
10-31 13:47:43.838 W/ContextImpl( 2389): Calling a method in the system process without a qualified user: android.app.ContextImpl.sendBroadcast:1345 android.content.ContextWrapper.sendBroadcast:377 com.suma.midware.back.esg.e.f:-1 com.suma.midware.back.esg.f.run:-1 com.suma.midware.prop.util.c.run:-1 
10-31 13:47:44.841 W/ContextImpl( 2389): Calling a method in the system process without a qualified user: android.app.ContextImpl.sendBroadcast:1345 android.content.ContextWrapper.sendBroadcast:377 com.suma.midware.back.esg.e.f:-1 com.suma.midware.back.esg.f.run:-1 com.suma.midware.prop.util.c.run:-1 
10-31 13:47:45.844 W/ContextImpl( 2389): Calling a method in the system process without a qualified user: android.app.ContextImpl.sendBroadcast:1345 android.content.ContextWrapper.sendBroadcast:377 com.suma.midware.back.esg.e.f:-1 com.suma.midware.back.esg.f.run:-1 com.suma.midware.prop.util.c.run:-1 
10-31 13:48:48.911 W/ContextImpl( 2389): Calling a method in the system process without a qualified user: android.app.ContextImpl.sendBroadcast:1345 android.content.ContextWrapper.sendBroadcast:377 com.suma.midware.back.esg.e.f:-1 com.suma.midware.back.esg.f.run:-1 com.suma.midware.prop.util.c.run:-1 
10-31 13:48:49.914 W/ContextImpl( 2389): Calling a method in the system process without a qualified user: android.app.ContextImpl.sendBroadcast:1345 android.content.ContextWrapper.sendBroadcast:377 com.suma.midware.back.esg.e.f:-1 com.suma.midware.back.esg.f.run:-1 com.suma.midware.prop.util.c.run:-1 
10-31 13:48:50.919 W/ContextImpl( 2389): Calling a method in the system process without a qualified user: android.app.ContextImpl.sendBroadcast:1345 android.content.ContextWrapper.sendBroadcast:377 com.suma.midware.back.esg.e.f:-1 com.suma.midware.back.esg.f.run:-1 com.suma.midware.prop.util.c.run:-1 
10-31 13:49:53.953 W/ContextImpl( 2389): Calling a method in the system process without a qualified user: android.app.ContextImpl.sendBroadcast:1345 android.content.ContextWrapper.sendBroadcast:377 com.suma.midware.back.esg.e.f:-1 com.suma.midware.back.esg.f.run:-1 com.suma.midware.prop.util.c.run:-1 
10-31 13:49:54.956 W/ContextImpl( 2389): Calling a method in the system process without a qualified user: android.app.ContextImpl.sendBroadcast:1345 android.content.ContextWrapper.sendBroadcast:377 com.suma.midware.back.esg.e.f:-1 com.suma.midware.back.esg.f.run:-1 com.suma.midware.prop.util.c.run:-1 
10-31 13:49:55.959 W/ContextImpl( 2389): Calling a method in the system process without a qualified user: android.app.ContextImpl.sendBroadcast:1345 android.content.ContextWrapper.sendBroadcast:377 com.suma.midware.back.esg.e.f:-1 com.suma.midware.back.esg.f.run:-1 com.suma.midware.prop.util.c.run:-1 
10-31 13:50:09.910 W/BatteryStatsImpl( 2020): Couldn't get kernel wake lock stats
10-31 13:50:59.040 W/ContextImpl( 2389): Calling a method in the system process without a qualified user: android.app.ContextImpl.sendBroadcast:1345 android.content.ContextWrapper.sendBroadcast:377 com.suma.midware.back.esg.e.f:-1 com.suma.midware.back.esg.f.run:-1 com.suma.midware.prop.util.c.run:-1 
10-31 13:51:00.033 I/ProcessStatsService( 2020): Prepared write state in 3ms
10-31 13:51:00.036 I/ProcessStatsService( 2020): Prepared write state in 2ms
10-31 13:51:00.043 W/ContextImpl( 2389): Calling a method in the system process without a qualified user: android.app.ContextImpl.sendBroadcast:1345 android.content.ContextWrapper.sendBroadcast:377 com.suma.midware.back.esg.e.f:-1 com.suma.midware.back.esg.f.run:-1 com.suma.midware.prop.util.c.run:-1 
10-31 13:51:01.046 W/ContextImpl( 2389): Calling a method in the system process without a qualified user: android.app.ContextImpl.sendBroadcast:1345 android.content.ContextWrapper.sendBroadcast:377 com.suma.midware.back.esg.e.f:-1 com.suma.midware.back.esg.f.run:-1 com.suma.midware.prop.util.c.run:-1 
10-31 13:51:40.392 W/ProcessCpuTracker( 2020): Skipping unknown process pid 11625
10-31 13:52:04.106 W/ContextImpl( 2389): Calling a method in the system process without a qualified user: android.app.ContextImpl.sendBroadcast:1345 android.content.ContextWrapper.sendBroadcast:377 com.suma.midware.back.esg.e.f:-1 com.suma.midware.back.esg.f.run:-1 com.suma.midware.prop.util.c.run:-1 
10-31 13:52:05.108 W/ContextImpl( 2389): Calling a method in the system process without a qualified user: android.app.ContextImpl.sendBroadcast:1345 android.content.ContextWrapper.sendBroadcast:377 com.suma.midware.back.esg.e.f:-1 com.suma.midware.back.esg.f.run:-1 com.suma.midware.prop.util.c.run:-1 
10-31 13:52:06.110 W/ContextImpl( 2389): Calling a method in the system process without a qualified user: android.app.ContextImpl.sendBroadcast:1345 android.content.ContextWrapper.sendBroadcast:377 com.suma.midware.back.esg.e.f:-1 com.suma.midware.back.esg.f.run:-1 com.suma.midware.prop.util.c.run:-1 
10-31 13:53:09.179 W/ContextImpl( 2389): Calling a method in the system process without a qualified user: android.app.ContextImpl.sendBroadcast:1345 android.content.ContextWrapper.sendBroadcast:377 com.suma.midware.back.esg.e.f:-1 com.suma.midware.back.esg.f.run:-1 com.suma.midware.prop.util.c.run:-1 
10-31 13:53:10.182 W/ContextImpl( 2389): Calling a method in the system process without a qualified user: android.app.ContextImpl.sendBroadcast:1345 android.content.ContextWrapper.sendBroadcast:377 com.suma.midware.back.esg.e.f:-1 com.suma.midware.back.esg.f.run:-1 com.suma.midware.prop.util.c.run:-1 
10-31 13:53:11.186 W/ContextImpl( 2389): Calling a method in the system process without a qualified user: android.app.ContextImpl.sendBroadcast:1345 android.content.ContextWrapper.sendBroadcast:377 com.suma.midware.back.esg.e.f:-1 com.suma.midware.back.esg.f.run:-1 com.suma.midware.prop.util.c.run:-1 
10-31 13:54:14.250 W/ContextImpl( 2389): Calling a method in the system process without a qualified user: android.app.ContextImpl.sendBroadcast:1345 android.content.ContextWrapper.sendBroadcast:377 com.suma.midware.back.esg.e.f:-1 com.suma.midware.back.esg.f.run:-1 com.suma.midware.prop.util.c.run:-1 
10-31 13:54:15.253 W/ContextImpl( 2389): Calling a method in the system process without a qualified user: android.app.ContextImpl.sendBroadcast:1345 android.content.ContextWrapper.sendBroadcast:377 com.suma.midware.back.esg.e.f:-1 com.suma.midware.back.esg.f.run:-1 com.suma.midware.prop.util.c.run:-1 
10-31 13:54:16.256 W/ContextImpl( 2389): Calling a method in the system process without a qualified user: android.app.ContextImpl.sendBroadcast:1345 android.content.ContextWrapper.sendBroadcast:377 com.suma.midware.back.esg.e.f:-1 com.suma.midware.back.esg.f.run:-1 com.suma.midware.prop.util.c.run:-1 
10-31 13:55:19.314 W/ContextImpl( 2389): Calling a method in the system process without a qualified user: android.app.ContextImpl.sendBroadcast:1345 android.content.ContextWrapper.sendBroadcast:377 com.suma.midware.back.esg.e.f:-1 com.suma.midware.back.esg.f.run:-1 com.suma.midware.prop.util.c.run:-1 
10-31 13:55:20.317 W/ContextImpl( 2389): Calling a method in the system process without a qualified user: android.app.ContextImpl.sendBroadcast:1345 android.content.ContextWrapper.sendBroadcast:377 com.suma.midware.back.esg.e.f:-1 com.suma.midware.back.esg.f.run:-1 com.suma.midware.prop.util.c.run:-1 
10-31 13:55:21.320 W/ContextImpl( 2389): Calling a method in the system process without a qualified user: android.app.ContextImpl.sendBroadcast:1345 android.content.ContextWrapper.sendBroadcast:377 com.suma.midware.back.esg.e.f:-1 com.suma.midware.back.esg.f.run:-1 com.suma.midware.prop.util.c.run:-1 
10-31 13:56:24.356 W/ContextImpl( 2389): Calling a method in the system process without a qualified user: android.app.ContextImpl.sendBroadcast:1345 android.content.ContextWrapper.sendBroadcast:377 com.suma.midware.back.esg.e.f:-1 com.suma.midware.back.esg.f.run:-1 com.suma.midware.prop.util.c.run:-1 
10-31 13:56:25.359 W/ContextImpl( 2389): Calling a method in the system process without a qualified user: android.app.ContextImpl.sendBroadcast:1345 android.content.ContextWrapper.sendBroadcast:377 com.suma.midware.back.esg.e.f:-1 com.suma.midware.back.esg.f.run:-1 com.suma.midware.prop.util.c.run:-1 
10-31 13:56:26.362 W/ContextImpl( 2389): Calling a method in the system process without a qualified user: android.app.ContextImpl.sendBroadcast:1345 android.content.ContextWrapper.sendBroadcast:377 com.suma.midware.back.esg.e.f:-1 com.suma.midware.back.esg.f.run:-1 com.suma.midware.prop.util.c.run:-1 
10-31 13:57:29.423 W/ContextImpl( 2389): Calling a method in the system process without a qualified user: android.app.ContextImpl.sendBroadcast:1345 android.content.ContextWrapper.sendBroadcast:377 com.suma.midware.back.esg.e.f:-1 com.suma.midware.back.esg.f.run:-1 com.suma.midware.prop.util.c.run:-1 
10-31 13:57:30.426 W/ContextImpl( 2389): Calling a method in the system process without a qualified user: android.app.ContextImpl.sendBroadcast:1345 android.content.ContextWrapper.sendBroadcast:377 com.suma.midware.back.esg.e.f:-1 com.suma.midware.back.esg.f.run:-1 com.suma.midware.prop.util.c.run:-1 
10-31 13:57:31.430 W/ContextImpl( 2389): Calling a method in the system process without a qualified user: android.app.ContextImpl.sendBroadcast:1345 android.content.ContextWrapper.sendBroadcast:377 com.suma.midware.back.esg.e.f:-1 com.suma.midware.back.esg.f.run:-1 com.suma.midware.prop.util.c.run:-1 
10-31 13:58:34.503 W/ContextImpl( 2389): Calling a method in the system process without a qualified user: android.app.ContextImpl.sendBroadcast:1345 android.content.ContextWrapper.sendBroadcast:377 com.suma.midware.back.esg.e.f:-1 com.suma.midware.back.esg.f.run:-1 com.suma.midware.prop.util.c.run:-1 
10-31 13:58:35.506 W/ContextImpl( 2389): Calling a method in the system process without a qualified user: android.app.ContextImpl.sendBroadcast:1345 android.content.ContextWrapper.sendBroadcast:377 com.suma.midware.back.esg.e.f:-1 com.suma.midware.back.esg.f.run:-1 com.suma.midware.prop.util.c.run:-1 
10-31 13:58:36.509 W/ContextImpl( 2389): Calling a method in the system process without a qualified user: android.app.ContextImpl.sendBroadcast:1345 android.content.ContextWrapper.sendBroadcast:377 com.suma.midware.back.esg.e.f:-1 com.suma.midware.back.esg.f.run:-1 com.suma.midware.prop.util.c.run:-1 
10-31 13:59:39.578 W/ContextImpl( 2389): Calling a method in the system process without a qualified user: android.app.ContextImpl.sendBroadcast:1345 android.content.ContextWrapper.sendBroadcast:377 com.suma.midware.back.esg.e.f:-1 com.suma.midware.back.esg.f.run:-1 com.suma.midware.prop.util.c.run:-1 
10-31 13:59:40.581 W/ContextImpl( 2389): Calling a method in the system process without a qualified user: android.app.ContextImpl.sendBroadcast:1345 android.content.ContextWrapper.sendBroadcast:377 com.suma.midware.back.esg.e.f:-1 com.suma.midware.back.esg.f.run:-1 com.suma.midware.prop.util.c.run:-1 
10-31 13:59:41.585 W/ContextImpl( 2389): Calling a method in the system process without a qualified user: android.app.ContextImpl.sendBroadcast:1345 android.content.ContextWrapper.sendBroadcast:377 com.suma.midware.back.esg.e.f:-1 com.suma.midware.back.esg.f.run:-1 com.suma.midware.prop.util.c.run:-1 
10-31 14:00:44.649 W/ContextImpl( 2389): Calling a method in the system process without a qualified user: android.app.ContextImpl.sendBroadcast:1345 android.content.ContextWrapper.sendBroadcast:377 com.suma.midware.back.esg.e.f:-1 com.suma.midware.back.esg.f.run:-1 com.suma.midware.prop.util.c.run:-1 
10-31 14:00:45.652 W/ContextImpl( 2389): Calling a method in the system process without a qualified user: android.app.ContextImpl.sendBroadcast:1345 android.content.ContextWrapper.sendBroadcast:377 com.suma.midware.back.esg.e.f:-1 com.suma.midware.back.esg.f.run:-1 com.suma.midware.prop.util.c.run:-1 
10-31 14:00:46.655 W/ContextImpl( 2389): Calling a method in the system process without a qualified user: android.app.ContextImpl.sendBroadcast:1345 android.content.ContextWrapper.sendBroadcast:377 com.suma.midware.back.esg.e.f:-1 com.suma.midware.back.esg.f.run:-1 com.suma.midware.prop.util.c.run:-1 
10-31 14:01:49.730 W/ContextImpl( 2389): Calling a method in the system process without a qualified user: android.app.ContextImpl.sendBroadcast:1345 android.content.ContextWrapper.sendBroadcast:377 com.suma.midware.back.esg.e.f:-1 com.suma.midware.back.esg.f.run:-1 com.suma.midware.prop.util.c.run:-1 
10-31 14:01:50.733 W/ContextImpl( 2389): Calling a method in the system process without a qualified user: android.app.ContextImpl.sendBroadcast:1345 android.content.ContextWrapper.sendBroadcast:377 com.suma.midware.back.esg.e.f:-1 com.suma.midware.back.esg.f.run:-1 com.suma.midware.prop.util.c.run:-1 
10-31 14:01:51.736 W/ContextImpl( 2389): Calling a method in the system process without a qualified user: android.app.ContextImpl.sendBroadcast:1345 android.content.ContextWrapper.sendBroadcast:377 com.suma.midware.back.esg.e.f:-1 com.suma.midware.back.esg.f.run:-1 com.suma.midware.prop.util.c.run:-1 
10-31 14:02:54.810 W/ContextImpl( 2389): Calling a method in the system process without a qualified user: android.app.ContextImpl.sendBroadcast:1345 android.content.ContextWrapper.sendBroadcast:377 com.suma.midware.back.esg.e.f:-1 com.suma.midware.back.esg.f.run:-1 com.suma.midware.prop.util.c.run:-1 
10-31 14:02:55.813 W/ContextImpl( 2389): Calling a method in the system process without a qualified user: android.app.ContextImpl.sendBroadcast:1345 android.content.ContextWrapper.sendBroadcast:377 com.suma.midware.back.esg.e.f:-1 com.suma.midware.back.esg.f.run:-1 com.suma.midware.prop.util.c.run:-1 
10-31 14:02:56.816 W/ContextImpl( 2389): Calling a method in the system process without a qualified user: android.app.ContextImpl.sendBroadcast:1345 android.content.ContextWrapper.sendBroadcast:377 com.suma.midware.back.esg.e.f:-1 com.suma.midware.back.esg.f.run:-1 com.suma.midware.prop.util.c.run:-1 
10-31 14:03:59.890 W/ContextImpl( 2389): Calling a method in the system process without a qualified user: android.app.ContextImpl.sendBroadcast:1345 android.content.ContextWrapper.sendBroadcast:377 com.suma.midware.back.esg.e.f:-1 com.suma.midware.back.esg.f.run:-1 com.suma.midware.prop.util.c.run:-1 
10-31 14:04:00.893 W/ContextImpl( 2389): Calling a method in the system process without a qualified user: android.app.ContextImpl.sendBroadcast:1345 android.content.ContextWrapper.sendBroadcast:377 com.suma.midware.back.esg.e.f:-1 com.suma.midware.back.esg.f.run:-1 com.suma.midware.prop.util.c.run:-1 
10-31 14:04:01.896 W/ContextImpl( 2389): Calling a method in the system process without a qualified user: android.app.ContextImpl.sendBroadcast:1345 android.content.ContextWrapper.sendBroadcast:377 com.suma.midware.back.esg.e.f:-1 com.suma.midware.back.esg.f.run:-1 com.suma.midware.prop.util.c.run:-1 
10-31 14:05:04.957 W/ContextImpl( 2389): Calling a method in the system process without a qualified user: android.app.ContextImpl.sendBroadcast:1345 android.content.ContextWrapper.sendBroadcast:377 com.suma.midware.back.esg.e.f:-1 com.suma.midware.back.esg.f.run:-1 com.suma.midware.prop.util.c.run:-1 
10-31 14:05:05.960 W/ContextImpl( 2389): Calling a method in the system process without a qualified user: android.app.ContextImpl.sendBroadcast:1345 android.content.ContextWrapper.sendBroadcast:377 com.suma.midware.back.esg.e.f:-1 com.suma.midware.back.esg.f.run:-1 com.suma.midware.prop.util.c.run:-1 
10-31 14:05:06.963 W/ContextImpl( 2389): Calling a method in the system process without a qualified user: android.app.ContextImpl.sendBroadcast:1345 android.content.ContextWrapper.sendBroadcast:377 com.suma.midware.back.esg.e.f:-1 com.suma.midware.back.esg.f.run:-1 com.suma.midware.prop.util.c.run:-1 
10-31 14:06:10.023 W/ContextImpl( 2389): Calling a method in the system process without a qualified user: android.app.ContextImpl.sendBroadcast:1345 android.content.ContextWrapper.sendBroadcast:377 com.suma.midware.back.esg.e.f:-1 com.suma.midware.back.esg.f.run:-1 com.suma.midware.prop.util.c.run:-1 
10-31 14:06:11.026 W/ContextImpl( 2389): Calling a method in the system process without a qualified user: android.app.ContextImpl.sendBroadcast:1345 android.content.ContextWrapper.sendBroadcast:377 com.suma.midware.back.esg.e.f:-1 com.suma.midware.back.esg.f.run:-1 com.suma.midware.prop.util.c.run:-1 
10-31 14:06:12.029 W/ContextImpl( 2389): Calling a method in the system process without a qualified user: android.app.ContextImpl.sendBroadcast:1345 android.content.ContextWrapper.sendBroadcast:377 com.suma.midware.back.esg.e.f:-1 com.suma.midware.back.esg.f.run:-1 com.suma.midware.prop.util.c.run:-1 
10-31 14:07:15.097 W/ContextImpl( 2389): Calling a method in the system process without a qualified user: android.app.ContextImpl.sendBroadcast:1345 android.content.ContextWrapper.sendBroadcast:377 com.suma.midware.back.esg.e.f:-1 com.suma.midware.back.esg.f.run:-1 com.suma.midware.prop.util.c.run:-1 
10-31 14:07:16.100 W/ContextImpl( 2389): Calling a method in the system process without a qualified user: android.app.ContextImpl.sendBroadcast:1345 android.content.ContextWrapper.sendBroadcast:377 com.suma.midware.back.esg.e.f:-1 com.suma.midware.back.esg.f.run:-1 com.suma.midware.prop.util.c.run:-1 
10-31 14:07:17.104 W/ContextImpl( 2389): Calling a method in the system process without a qualified user: android.app.ContextImpl.sendBroadcast:1345 android.content.ContextWrapper.sendBroadcast:377 com.suma.midware.back.esg.e.f:-1 com.suma.midware.back.esg.f.run:-1 com.suma.midware.prop.util.c.run:-1 
10-31 14:08:20.159 W/ContextImpl( 2389): Calling a method in the system process without a qualified user: android.app.ContextImpl.sendBroadcast:1345 android.content.ContextWrapper.sendBroadcast:377 com.suma.midware.back.esg.e.f:-1 com.suma.midware.back.esg.f.run:-1 com.suma.midware.prop.util.c.run:-1 
10-31 14:08:21.162 W/ContextImpl( 2389): Calling a method in the system process without a qualified user: android.app.ContextImpl.sendBroadcast:1345 android.content.ContextWrapper.sendBroadcast:377 com.suma.midware.back.esg.e.f:-1 com.suma.midware.back.esg.f.run:-1 com.suma.midware.prop.util.c.run:-1 
10-31 14:08:22.165 W/ContextImpl( 2389): Calling a method in the system process without a qualified user: android.app.ContextImpl.sendBroadcast:1345 android.content.ContextWrapper.sendBroadcast:377 com.suma.midware.back.esg.e.f:-1 com.suma.midware.back.esg.f.run:-1 com.suma.midware.prop.util.c.run:-1 
10-31 14:09:25.223 W/ContextImpl( 2389): Calling a method in the system process without a qualified user: android.app.ContextImpl.sendBroadcast:1345 android.content.ContextWrapper.sendBroadcast:377 com.suma.midware.back.esg.e.f:-1 com.suma.midware.back.esg.f.run:-1 com.suma.midware.prop.util.c.run:-1 
10-31 14:09:26.226 W/ContextImpl( 2389): Calling a method in the system process without a qualified user: android.app.ContextImpl.sendBroadcast:1345 android.content.ContextWrapper.sendBroadcast:377 com.suma.midware.back.esg.e.f:-1 com.suma.midware.back.esg.f.run:-1 com.suma.midware.prop.util.c.run:-1 
10-31 14:09:27.229 W/ContextImpl( 2389): Calling a method in the system process without a qualified user: android.app.ContextImpl.sendBroadcast:1345 android.content.ContextWrapper.sendBroadcast:377 com.suma.midware.back.esg.e.f:-1 com.suma.midware.back.esg.f.run:-1 com.suma.midware.prop.util.c.run:-1 
10-31 14:09:38.532 D/UsbHostManager( 2020): Added device UsbDevice[mName=/dev/bus/usb/003/002,mVendorId=2385,mProductId=5733,mClass=0,mSubclass=0,mProtocol=0,mManufacturerName=Kingston,mProductName=DataTraveler 2.0,mSerialNumber=08606E6B6612FDC0B7166B8F,mConfigurations=[
10-31 14:09:38.532 D/UsbHostManager( 2020): UsbConfiguration[mId=1,mName=null,mAttributes=128,mMaxPower=50,mInterfaces=[
10-31 14:09:38.532 D/UsbHostManager( 2020): UsbInterface[mId=0,mAlternateSetting=0,mName=null,mClass=8,mSubclass=6,mProtocol=80,mEndpoints=[
10-31 14:09:38.532 D/UsbHostManager( 2020): UsbEndpoint[mAddress=129,mAttributes=2,mMaxPacketSize=512,mInterval=255]
10-31 14:09:38.532 D/UsbHostManager( 2020): UsbEndpoint[mAddress=2,mAttributes=2,mMaxPacketSize=512,mInterval=255]]]]
10-31 14:09:38.539 W/ContextImpl( 2020): Calling a method in the system process without a qualified user: android.app.ContextImpl.sendBroadcast:1345 com.android.server.usb.UsbSettingsManager.deviceAttached:741 com.android.server.usb.UsbHostManager.endUsbDeviceAdded:224 com.android.server.usb.UsbHostManager.monitorUsbHostBus:-2 com.android.server.usb.UsbHostManager.access$000:42 
10-31 14:09:39.651 D/DirectVolume( 1565): [void DirectVolume::handleDiskAdded(const char*, NetlinkEvent*)-178] :**********Add Disk Begining**********
10-31 14:09:39.652 W/Vold    ( 1565): No volumes handled block event for '/devices/platform/soc/f98a0000.xhci/usb3/3-1/3-1:1.0/host0/target0:0:0/0:0:0:0/block/sda'
10-31 14:09:39.652 D/DirectVolume( 1565): [void DirectVolume::handlePartitionAdded(const char*, NetlinkEvent*)-225] :----> handlePartitionAdded devpath = /devices/platform/soc/f98a0000.xhci/usb3/3-1/3-1:1.0/host0/target0:0:0/0:0:0:0/block/sda/sda1 .
10-31 14:09:39.652 D/DirectVolume( 1565): [void DirectVolume::handlePartitionAdded(const char*, NetlinkEvent*)-260] :DirectVolume : handlePartitionAdded, mountpoint /mnt/sda/sda1, label /sda/sda1, major 8, minor 1, devpath /devices/platform/soc/f98a0000.xhci/usb3/3-1/3-1:1.0/host0/target0:0:0/0:0:0:0/block/sda/sda1
10-31 14:09:39.652 D/Vold    ( 1565): [void Volume::setState(int)-313] :Volume /sda/sda1 state changing -1 (Initializing) -> 0 (No-Media)
10-31 14:09:39.653 D/PartVolume( 1565): [virtual int PartVolume::handleBlockEvent(NetlinkEvent*)-92] :********PartVolume handleBlockEvent Begining********
10-31 14:09:39.653 D/PartVolume( 1565): [virtual int PartVolume::handleBlockEvent(NetlinkEvent*)-101] :PathCollection is Value------->/devices/platform/soc/f98a0000.xhci/usb3/3-1/3-1:1.0/host0/target0:0:0/0:0:0:0/block/sda/sda1
10-31 14:09:39.653 D/PartVolume( 1565): [void PartVolume::handlePartitionAdded(const char*, NetlinkEvent*)-124] :********PartVolume handlePartitionAdded Begining********
10-31 14:09:39.653 D/PartVolume( 1565): [void PartVolume::handlePartitionAdded(const char*, NetlinkEvent*)-132] :handlePartitionAdded. mPartMajor = 8, mPartMinor = 1, major = 8, minor = 1
10-31 14:09:39.654 E/MountService( 2020): VolumeState.NoMedia .
10-31 14:09:39.655 D/MountService( 2020): volume state changed for /mnt/sda/sda1 (null -> -1)
10-31 14:09:39.659 E/MountService( 2020): notifyVolumeStateChange getVolumeState !!
10-31 14:09:39.737 D/Vold    ( 1565): [void Volume::setState(int)-313] :Volume /sda/sda1 state changing 0 (No-Media) -> 1 (Idle-Unmounted)
10-31 14:09:39.737 D/PartVolume( 1565): [void PartVolume::handlePartitionAdded(const char*, NetlinkEvent*)-148] :Volume /sda/sda1 /mnt/sda/sda1 disk inserted (8:1)
10-31 14:09:39.737 D/Vold    ( 1565): [void VolumeManager::handleBlockEvent(NetlinkEvent*)-326] :Device '/devices/platform/soc/f98a0000.xhci/usb3/3-1/3-1:1.0/host0/target0:0:0/0:0:0:0/block/sda/sda1' event handled by volume /sda/sda1
10-31 14:09:39.738 E/MountService( 2020): notifyVolumeStateChange getVolumeState !!
10-31 14:09:39.738 D/MountService( 2020): volume state changed for /mnt/sda/sda1 (-1 -> unmounted)
10-31 14:09:39.743 E/MountService( 2020): Failed to read response to volume shared /storage/sdcard ums
10-31 14:09:39.745 E/MountService( 2020): getIndexInSpec -->4
10-31 14:09:39.746 D/Vold    ( 1565): [int Volume::mountVol()-596] :Mount Volume devicePath [/dev/block/vold/8:1], Mount Point [/mnt/sda/sda1]
10-31 14:09:39.746 D/Vold    ( 1565): [void Volume::setState(int)-313] :Volume /sda/sda1 state changing 1 (Idle-Unmounted) -> 3 (Checking)
10-31 14:09:39.746 D/Vold    ( 1565): [int Volume::mountVol()-604] :Volume Mount Point: [/mnt/sda/sda1]
10-31 14:09:39.746 D/Vold    ( 1565): [void Volume::mkdir_p(const char*, mode_t, uid_t, gid_t)-957] :Mountpoint pDir [/mnt/sda/sda1], slash [/sda/sda1]
10-31 14:09:39.746 D/Vold    ( 1565): [void Volume::mkdir_p(const char*, mode_t, uid_t, gid_t)-957] :Mountpoint pDir [/mnt/sda/sda1], slash [/sda1]
10-31 14:09:39.747 D/Vold    ( 1565): [void Volume::mkdir_p(const char*, mode_t, uid_t, gid_t)-957] :Mountpoint pDir [/mnt/sda/sda1], slash [(null)]
10-31 14:09:39.747 E/MountService( 2020): notifyVolumeStateChange getVolumeState !!
10-31 14:09:39.747 D/MountService( 2020): volume state changed for /mnt/sda/sda1 (unmounted -> checking)
10-31 14:09:39.768 D/Vold    ( 1565): [int Volume::mountVol()-624] :/dev/block/vold/8:1 success to mount VFAT!
10-31 14:09:39.776 I/ValidateNoPeople( 2020): skipping global notification
10-31 14:09:39.827 D/Vold    ( 1565): [int Volume::extractMetadata(const char*)-922] :blkid identified as /dev/block/vold/8:1: LABEL="" UUID="0001-7D5B" TYPE="vfat" 
10-31 14:09:39.829 E/MountService( 2020): VolumeUserLabelChange , path = /mnt/sda/sda1 , userLabel =
10-31 14:09:39.829 D/Vold    ( 1565): [void Volume::setState(int)-307] :Volume /sda/sda1 state changing 3 (Checking) -> 4 (Mounted), UUID=0001-7D5B, DevType=USB3.0, DevNode = 2049, DiskLabel = (null)
10-31 14:09:39.830 W/MountService( 2020): [ sunchentong ] VolumeDiskInserted , path = /mnt/sda/sda1
10-31 14:09:39.830 E/MountService( 2020): VolumeState.Mounted .path = /mnt/sda/sda1
10-31 14:09:39.831 D/MountService( 2020): Enter mDiskLableList.get(i).isUsed 
10-31 14:09:39.831 D/MountService( 2020): SDCardIndex < 0, i = 0 ,  tempLable =
10-31 14:09:39.831 D/MountService( 2020): Enter addStorageVolume path = /mnt/sda/sda1
10-31 14:09:39.831 E/MountService( 2020): volume != null , addStorageVolume path = /mnt/sda/sda1
10-31 14:09:39.831 E/MountService( 2020): notifyVolumeStateChange getVolumeState !!
10-31 14:09:39.831 D/MountService( 2020): volume state changed for /mnt/sda/sda1 (checking -> mounted)
10-31 14:09:39.831 D/MountService( 2020): sendStorageIntent Intent { act=android.intent.action.MEDIA_MOUNTED dat=file:///mnt/sda/sda1 flg=0x4000000 (has extras) } to UserHandle{-1}
10-31 14:09:39.990 W/InputMethodManagerService( 2020): Starting input on non-focused client com.android.internal.view.IInputMethodClient$Stub$Proxy@bb664d6 (uid=1000 pid=2496)
10-31 14:09:43.572 I/ActivityManager( 2020): START u0 {act= cmp=com.suma.midware.setting/.main.SystemMainActivity} from uid 1000 on display 0
10-31 14:09:43.583 W/ContextImpl( 2496): Calling a method in the system process without a qualified user: android.app.ContextImpl.sendBroadcast:1345 android.content.ContextWrapper.sendBroadcast:377 android.app.ActivityThread.performPauseActivity:3259 android.app.ActivityThread.performPauseActivity:3225 android.app.ActivityThread.handlePauseActivity:3200 
10-31 14:09:43.594 W/ViewRootImpl( 2496): Cancelling event due to no window focus: KeyEvent { action=ACTION_UP, keyCode=KEYCODE_DPAD_CENTER, scanCode=28, metaState=0, flags=0x28, repeatCount=0, eventTime=13773690, downTime=13773665, deviceId=3, source=0x701 }
10-31 14:09:43.594 W/ViewRootImpl( 2496): Cancelling event due to no window focus: KeyEvent { action=ACTION_UP, keyCode=KEYCODE_DPAD_CENTER, scanCode=28, metaState=0, flags=0x28, repeatCount=0, eventTime=13773690, downTime=13773665, deviceId=3, source=0x701 }
10-31 14:09:43.594 W/ViewRootImpl( 2496): Cancelling event due to no window focus: KeyEvent { action=ACTION_UP, keyCode=KEYCODE_DPAD_CENTER, scanCode=28, metaState=0, flags=0x28, repeatCount=0, eventTime=13773690, downTime=13773665, deviceId=3, source=0x701 }
10-31 14:09:43.594 W/ViewRootImpl( 2496): Cancelling event due to no window focus: KeyEvent { action=ACTION_UP, keyCode=KEYCODE_DPAD_CENTER, scanCode=28, metaState=0, flags=0x28, repeatCount=0, eventTime=13773690, downTime=13773665, deviceId=3, source=0x701 }
10-31 14:09:43.594 W/ViewRootImpl( 2496): Cancelling event due to no window focus: KeyEvent { action=ACTION_UP, keyCode=KEYCODE_DPAD_CENTER, scanCode=28, metaState=0, flags=0x28, repeatCount=0, eventTime=13773690, downTime=13773665, deviceId=3, source=0x701 }
10-31 14:09:43.594 W/ViewRootImpl( 2496): Cancelling event due to no window focus: KeyEvent { action=ACTION_UP, keyCode=KEYCODE_DPAD_CENTER, scanCode=28, metaState=0, flags=0x28, repeatCount=0, eventTime=13773690, downTime=13773665, deviceId=3, source=0x701 }
10-31 14:09:43.609 W/ContextImpl( 2794): Calling a method in the system process without a qualified user: android.app.ContextImpl.sendBroadcast:1345 android.content.ContextWrapper.sendBroadcast:377 android.app.ActivityThread.performResumeActivity:2982 android.app.ActivityThread.handleResumeActivity:3023 android.app.ActivityThread$H.handleMessage:1347 
10-31 14:09:44.808 I/ActivityManager( 2020): START u0 {cmp=com.suma.midware.setting/.net.NetMainActivity} from uid 1000 on display 0
10-31 14:09:44.810 V/WindowManager( 2020): addAppToken: AppWindowToken{e3cbd29 token=Token{2cb3eab0 ActivityRecord{112cdf3 u0 com.suma.midware.setting/.net.NetMainActivity t753}}} to stack=1 task=753 at 1
10-31 14:09:44.813 W/ContextImpl( 2794): Calling a method in the system process without a qualified user: android.app.ContextImpl.sendBroadcast:1345 android.content.ContextWrapper.sendBroadcast:377 android.app.ActivityThread.performPauseActivity:3259 android.app.ActivityThread.performPauseActivity:3225 android.app.ActivityThread.handlePauseActivity:3200 
10-31 14:09:44.909 W/ContextImpl( 2794): Calling a method in the system process without a qualified user: android.app.ContextImpl.sendBroadcast:1345 android.content.ContextWrapper.sendBroadcast:377 android.app.ActivityThread.performResumeActivity:2982 android.app.ActivityThread.handleResumeActivity:3023 android.app.ActivityThread.handleLaunchActivity:2392 
10-31 14:09:44.912 V/WindowManager( 2020): Adding window Window{212031ba u0 com.suma.midware.setting/com.suma.midware.setting.net.NetMainActivity} at 6 of 12 (after Window{24b237f7 u0 com.suma.midware.setting/com.suma.midware.setting.main.SystemMainActivity})
10-31 14:09:45.885 I/ActivityManager( 2020): Start proc 12365:com.sumavision.android.media.v/u0a22 for broadcast com.sumavision.android.media.v/com.sumavision.android.media.c.MediaAppProReceiver
10-31 14:10:30.289 W/ContextImpl( 2389): Calling a method in the system process without a qualified user: android.app.ContextImpl.sendBroadcast:1345 android.content.ContextWrapper.sendBroadcast:377 com.suma.midware.back.esg.e.f:-1 com.suma.midware.back.esg.f.run:-1 com.suma.midware.prop.util.c.run:-1 
10-31 14:10:31.292 W/ContextImpl( 2389): Calling a method in the system process without a qualified user: android.app.ContextImpl.sendBroadcast:1345 android.content.ContextWrapper.sendBroadcast:377 com.suma.midware.back.esg.e.f:-1 com.suma.midware.back.esg.f.run:-1 com.suma.midware.prop.util.c.run:-1 
10-31 14:10:32.296 W/ContextImpl( 2389): Calling a method in the system process without a qualified user: android.app.ContextImpl.sendBroadcast:1345 android.content.ContextWrapper.sendBroadcast:377 com.suma.midware.back.esg.e.f:-1 com.suma.midware.back.esg.f.run:-1 com.suma.midware.prop.util.c.run:-1 
10-31 14:11:02.917 I/ActivityManager( 2020): START u0 {cmp=com.suma.midware.setting/.net.NetInfoActivity} from uid 1000 on display 0
10-31 14:11:02.923 V/WindowManager( 2020): addAppToken: AppWindowToken{352db074 token=Token{44cc047 ActivityRecord{188faf86 u0 com.suma.midware.setting/.net.NetInfoActivity t753}}} to stack=1 task=753 at 2
10-31 14:11:02.925 W/ContextImpl( 2794): Calling a method in the system process without a qualified user: android.app.ContextImpl.sendBroadcast:1345 android.content.ContextWrapper.sendBroadcast:377 android.app.ActivityThread.performPauseActivity:3259 android.app.ActivityThread.performPauseActivity:3225 android.app.ActivityThread.handlePauseActivity:3200 
10-31 14:11:02.992 W/ContextImpl( 2794): Calling a method in the system process without a qualified user: android.app.ContextImpl.sendBroadcast:1345 android.content.ContextWrapper.sendBroadcast:377 android.app.ActivityThread.performResumeActivity:2982 android.app.ActivityThread.handleResumeActivity:3023 android.app.ActivityThread.handleLaunchActivity:2392 
10-31 14:11:02.995 V/WindowManager( 2020): Adding window Window{8224299 u0 com.suma.midware.setting/com.suma.midware.setting.net.NetInfoActivity} at 7 of 13 (after Window{212031ba u0 com.suma.midware.setting/com.suma.midware.setting.net.NetMainActivity})
10-31 14:11:35.362 W/ContextImpl( 2389): Calling a method in the system process without a qualified user: android.app.ContextImpl.sendBroadcast:1345 android.content.ContextWrapper.sendBroadcast:377 com.suma.midware.back.esg.e.f:-1 com.suma.midware.back.esg.f.run:-1 com.suma.midware.prop.util.c.run:-1 
10-31 14:11:36.365 W/ContextImpl( 2389): Calling a method in the system process without a qualified user: android.app.ContextImpl.sendBroadcast:1345 android.content.ContextWrapper.sendBroadcast:377 com.suma.midware.back.esg.e.f:-1 com.suma.midware.back.esg.f.run:-1 com.suma.midware.prop.util.c.run:-1 
10-31 14:11:37.368 W/ContextImpl( 2389): Calling a method in the system process without a qualified user: android.app.ContextImpl.sendBroadcast:1345 android.content.ContextWrapper.sendBroadcast:377 com.suma.midware.back.esg.e.f:-1 com.suma.midware.back.esg.f.run:-1 com.suma.midware.prop.util.c.run:-1 
10-31 14:11:51.863 D/ConnectivityService( 2020): NetworkAgentInfo [WIFI () - 101] EVENT_NETWORK_INFO_CHANGED, going from CONNECTED to CONNECTING
10-31 14:11:51.868 D/ConnectivityService( 2020): NetworkAgentInfo [WIFI () - 101] EVENT_NETWORK_INFO_CHANGED, going from CONNECTING to CONNECTED
10-31 14:12:08.514 I/ActivityManager( 2020): START u0 {act=android.intent.action.MAIN cat=[android.intent.category.HOME] flg=0x10200000 cmp=com.suma.midware.home/.third.Main3DActivity} from uid 1000 on display 0
10-31 14:12:08.530 I/ActivityManager( 2020): Force stopping com.android.browser appid=10010 user=0: from pid 2389
10-31 14:12:08.532 I/ActivityManager( 2020): Process com.sumavision.android.media.v (pid 12365) has died
10-31 14:12:08.533 W/ContextImpl( 2794): Calling a method in the system process without a qualified user: android.app.ContextImpl.sendBroadcast:1345 android.content.ContextWrapper.sendBroadcast:377 android.app.ActivityThread.performPauseActivity:3259 android.app.ActivityThread.performPauseActivity:3225 android.app.ActivityThread.handlePauseActivity:3200 
10-31 14:12:08.554 W/ContextImpl( 2496): Calling a method in the system process without a qualified user: android.app.ContextImpl.sendBroadcast:1345 android.content.ContextWrapper.sendBroadcast:377 com.suma.midware.view.ext.BluetoothUpdate.b:-1 com.suma.midware.home.third.Main3DActivity.onResume:-1 android.app.Instrumentation.callActivityOnResume:1257 
10-31 14:12:08.557 W/ContextImpl( 2496): Calling a method in the system process without a qualified user: android.app.ContextImpl.sendBroadcast:1345 android.content.ContextWrapper.sendBroadcast:377 android.app.ActivityThread.performResumeActivity:2982 android.app.ActivityThread.handleResumeActivity:3023 android.app.ActivityThread$H.handleMessage:1347 
10-31 14:12:15.207 I/ActivityManager( 2020): START u0 {act= cmp=com.sumavision.android.media.v/.MediaAppActivity} from uid 1000 on display 0
10-31 14:12:15.213 V/WindowManager( 2020): addAppToken: AppWindowToken{2f604937 token=Token{1b690636 ActivityRecord{26a0abd1 u0 com.sumavision.android.media.v/.MediaAppActivity t756}}} to stack=1 task=756 at 0
10-31 14:12:15.216 V/WindowManager( 2020): Adding window Window{34ca8110 u0 Starting com.sumavision.android.media.v} at 8 of 14 (after Window{8224299 u0 com.suma.midware.setting/com.suma.midware.setting.net.NetInfoActivity})
10-31 14:12:15.219 W/ContextImpl( 2496): Calling a method in the system process without a qualified user: android.app.ContextImpl.sendBroadcast:1345 android.content.ContextWrapper.sendBroadcast:377 android.app.ActivityThread.performPauseActivity:3259 android.app.ActivityThread.performPauseActivity:3225 android.app.ActivityThread.handlePauseActivity:3200 
10-31 14:12:15.259 I/ActivityManager( 2020): Start proc 12510:com.sumavision.android.media.v/u0a22 for activity com.sumavision.android.media.v/.MediaAppActivity
10-31 14:12:15.448 V/WindowManager( 2020): Adding window Window{32d278d4 u0 com.sumavision.android.media.v/com.sumavision.android.media.v.MediaAppActivity} at 8 of 15 (before Window{34ca8110 u0 Starting com.sumavision.android.media.v})
10-31 14:12:15.499 W/ViewRootImpl(12510): Cancelling event due to no window focus: KeyEvent { action=ACTION_UP, keyCode=KEYCODE_DPAD_CENTER, scanCode=28, metaState=0, flags=0x80000028, repeatCount=0, eventTime=13925507, downTime=13925298, deviceId=3, source=0x701 }
10-31 14:12:15.499 W/ViewRootImpl(12510): Cancelling event due to no window focus: KeyEvent { action=ACTION_UP, keyCode=KEYCODE_DPAD_CENTER, scanCode=28, metaState=0, flags=0x80000028, repeatCount=0, eventTime=13925507, downTime=13925298, deviceId=3, source=0x701 }
10-31 14:12:15.499 W/ViewRootImpl(12510): Cancelling event due to no window focus: KeyEvent { action=ACTION_UP, keyCode=KEYCODE_DPAD_CENTER, scanCode=28, metaState=0, flags=0x80000028, repeatCount=0, eventTime=13925507, downTime=13925298, deviceId=3, source=0x701 }
10-31 14:12:15.499 W/ViewRootImpl(12510): Cancelling event due to no window focus: KeyEvent { action=ACTION_UP, keyCode=KEYCODE_DPAD_CENTER, scanCode=28, metaState=0, flags=0x80000028, repeatCount=0, eventTime=13925507, downTime=13925298, deviceId=3, source=0x701 }
10-31 14:12:15.499 W/ViewRootImpl(12510): Cancelling event due to no window focus: KeyEvent { action=ACTION_UP, keyCode=KEYCODE_DPAD_CENTER, scanCode=28, metaState=0, flags=0x80000028, repeatCount=0, eventTime=13925507, downTime=13925298, deviceId=3, source=0x701 }
10-31 14:12:15.499 W/ViewRootImpl(12510): Cancelling event due to no window focus: KeyEvent { action=ACTION_UP, keyCode=KEYCODE_DPAD_CENTER, scanCode=28, metaState=0, flags=0x80000028, repeatCount=0, eventTime=13925507, downTime=13925298, deviceId=3, source=0x701 }
10-31 14:12:18.541 I/ActivityManager( 2020): START u0 {cmp=com.sumavision.android.media.v/.MediaListActivity (has extras)} from uid 10022 on display 0
10-31 14:12:18.545 V/WindowManager( 2020): addAppToken: AppWindowToken{31c66b1 token=Token{cd9a558 ActivityRecord{25b5aa3b u0 com.sumavision.android.media.v/.MediaListActivity t756}}} to stack=1 task=756 at 1
10-31 14:12:18.549 W/ActivityManager( 2020): getTasks: caller 10022 does not hold REAL_GET_TASKS; limiting output
10-31 14:12:18.701 V/WindowManager( 2020): Adding window Window{1eddea9c u0 com.sumavision.android.media.v/com.sumavision.android.media.v.MediaListActivity} at 9 of 15 (after Window{32d278d4 u0 com.sumavision.android.media.v/com.sumavision.android.media.v.MediaAppActivity})
10-31 14:12:19.224 D/TaskPersister( 2020): removeObsoleteFile: deleting file=725_task.xml
10-31 14:12:19.225 D/TaskPersister( 2020): removeObsoleteFile: deleting file=725_task_thumbnail.png
10-31 14:12:39.010 I/ActivityManager( 2020): START u0 {act=android.intent.action.VIEW dat=file:///mnt/sda/sda1/iPanelIPTVTestVideo_sphy.apk typ=application/vnd.android.package-archive cmp=com.android.packageinstaller/.PackageInstallerActivity (has extras)} from uid 10022 on display 0
10-31 14:12:39.018 V/WindowManager( 2020): addAppToken: AppWindowToken{1b6bb5d token=Token{3c2f134 ActivityRecord{125f8c07 u0 com.android.packageinstaller/.PackageInstallerActivity t756}}} to stack=1 task=756 at 2
10-31 14:12:39.020 W/ActivityManager( 2020): getTasks: caller 10022 does not hold REAL_GET_TASKS; limiting output
10-31 14:12:39.054 I/ActivityManager( 2020): Start proc 12605:com.android.packageinstaller/u0a17 for activity com.android.packageinstaller/.PackageInstallerActivity
10-31 14:12:39.276 V/WindowManager( 2020): Adding window Window{f64641e u0 com.android.packageinstaller/com.android.packageinstaller.PackageInstallerActivity} at 10 of 16 (after Window{1eddea9c u0 com.sumavision.android.media.v/com.sumavision.android.media.v.MediaListActivity})
10-31 14:12:40.402 W/ContextImpl( 2389): Calling a method in the system process without a qualified user: android.app.ContextImpl.sendBroadcast:1345 android.content.ContextWrapper.sendBroadcast:377 com.suma.midware.back.esg.e.f:-1 com.suma.midware.back.esg.f.run:-1 com.suma.midware.prop.util.c.run:-1 
10-31 14:12:41.405 W/ContextImpl( 2389): Calling a method in the system process without a qualified user: android.app.ContextImpl.sendBroadcast:1345 android.content.ContextWrapper.sendBroadcast:377 com.suma.midware.back.esg.e.f:-1 com.suma.midware.back.esg.f.run:-1 com.suma.midware.prop.util.c.run:-1 
10-31 14:12:42.409 W/ContextImpl( 2389): Calling a method in the system process without a qualified user: android.app.ContextImpl.sendBroadcast:1345 android.content.ContextWrapper.sendBroadcast:377 com.suma.midware.back.esg.e.f:-1 com.suma.midware.back.esg.f.run:-1 com.suma.midware.prop.util.c.run:-1 
10-31 14:12:43.132 I/ActivityManager( 2020): START u0 {dat=file:///mnt/sda/sda1/iPanelIPTVTestVideo_sphy.apk cmp=com.android.packageinstaller/.InstallAppProgress (has extras)} from uid 10017 on display 0
10-31 14:12:43.136 V/WindowManager( 2020): addAppToken: AppWindowToken{1c92afb8 token=Token{359ce21b ActivityRecord{266ea42a u0 com.android.packageinstaller/.InstallAppProgress t756}}} to stack=1 task=756 at 3
10-31 14:12:43.188 I/ActivityManager( 2020): Start proc 12634:com.android.defcontainer/u0a1 for service com.android.defcontainer/.DefaultContainerService
10-31 14:12:43.192 V/WindowManager( 2020): Adding window Window{10a38e82 u0 com.android.packageinstaller/com.android.packageinstaller.InstallAppProgress} at 11 of 17 (after Window{f64641e u0 com.android.packageinstaller/com.android.packageinstaller.PackageInstallerActivity})
10-31 14:12:43.351 D/DefContainer(12634): Copying /mnt/sda/sda1/iPanelIPTVTestVideo_sphy.apk to base.apk
10-31 14:12:47.935 D/PackageManager( 2020): Renaming /data/app/vmdl1764620270.tmp to /data/app/com.ipanel.android_webview.video-1
10-31 14:12:50.232 V/BackupManagerService( 2020): restoreAtInstall pkg=com.ipanel.android_webview.video token=1 restoreSet=0
10-31 14:12:50.238 V/BackupManagerService( 2020): Finishing install immediately
10-31 14:12:50.273 D/BackupManagerService( 2020): Received broadcast Intent { act=android.intent.action.PACKAGE_ADDED dat=package:com.ipanel.android_webview.video flg=0x4000010 (has extras) }
10-31 14:12:50.289 W/InputMethodManagerService( 2020): Skipping input method ComponentInfo{com.suma.midware.back/com.suma.midware.back.sanping.input.SoftInputService}: it does not require the permission android.permission.BIND_INPUT_METHOD
10-31 14:12:54.997 I/ActivityManager( 2020): Force stopping com.android.browser appid=10010 user=0: from pid 2389
10-31 14:12:54.999 I/ActivityManager( 2020): START u0 {act=android.intent.action.MAIN cat=[android.intent.category.HOME] flg=0x10200000 cmp=com.suma.midware.home/.third.Main3DActivity} from uid 1000 on display 0
10-31 14:12:55.030 I/WindowState( 2020): WIN DEATH: Window{32d278d4 u0 com.sumavision.android.media.v/com.sumavision.android.media.v.MediaAppActivity}
10-31 14:12:55.031 I/ActivityManager( 2020): Process com.sumavision.android.media.v (pid 12510) has died
10-31 14:12:55.032 W/ActivityManager( 2020): Scheduling restart of crashed service com.sumavision.android.media.v/com.sumavision.android.media.c.MediaPlaybackService in 1000ms
10-31 14:12:55.035 I/WindowState( 2020): WIN DEATH: Window{1eddea9c u0 com.sumavision.android.media.v/com.sumavision.android.media.v.MediaListActivity}
10-31 14:12:55.069 W/ContextImpl( 2496): Calling a method in the system process without a qualified user: android.app.ContextImpl.sendBroadcast:1345 android.content.ContextWrapper.sendBroadcast:377 com.suma.midware.view.ext.BluetoothUpdate.b:-1 com.suma.midware.home.third.Main3DActivity.onResume:-1 android.app.Instrumentation.callActivityOnResume:1257 
10-31 14:12:55.072 W/ContextImpl( 2496): Calling a method in the system process without a qualified user: android.app.ContextImpl.sendBroadcast:1345 android.content.ContextWrapper.sendBroadcast:377 android.app.ActivityThread.performResumeActivity:2982 android.app.ActivityThread.handleResumeActivity:3023 android.app.ActivityThread$H.handleMessage:1347 
10-31 14:12:55.166 W/InputMethodManagerService( 2020): Got RemoteException sending setActive(false) notification to pid 12510 uid 10022
10-31 14:12:56.092 I/ActivityManager( 2020): Start proc 12679:com.sumavision.android.media.v/u0a22 for service com.sumavision.android.media.v/com.sumavision.android.media.c.MediaPlaybackService
10-31 14:13:45.466 W/ContextImpl( 2389): Calling a method in the system process without a qualified user: android.app.ContextImpl.sendBroadcast:1345 android.content.ContextWrapper.sendBroadcast:377 com.suma.midware.back.esg.e.f:-1 com.suma.midware.back.esg.f.run:-1 com.suma.midware.prop.util.c.run:-1 
10-31 14:13:46.468 W/ContextImpl( 2389): Calling a method in the system process without a qualified user: android.app.ContextImpl.sendBroadcast:1345 android.content.ContextWrapper.sendBroadcast:377 com.suma.midware.back.esg.e.f:-1 com.suma.midware.back.esg.f.run:-1 com.suma.midware.prop.util.c.run:-1 
10-31 14:13:47.471 W/ContextImpl( 2389): Calling a method in the system process without a qualified user: android.app.ContextImpl.sendBroadcast:1345 android.content.ContextWrapper.sendBroadcast:377 com.suma.midware.back.esg.e.f:-1 com.suma.midware.back.esg.f.run:-1 com.suma.midware.prop.util.c.run:-1 
10-31 14:14:50.508 W/ContextImpl( 2389): Calling a method in the system process without a qualified user: android.app.ContextImpl.sendBroadcast:1345 android.content.ContextWrapper.sendBroadcast:377 com.suma.midware.back.esg.e.f:-1 com.suma.midware.back.esg.f.run:-1 com.suma.midware.prop.util.c.run:-1 
10-31 14:14:51.516 W/ContextImpl( 2389): Calling a method in the system process without a qualified user: android.app.ContextImpl.sendBroadcast:1345 android.content.ContextWrapper.sendBroadcast:377 com.suma.midware.back.esg.e.f:-1 com.suma.midware.back.esg.f.run:-1 com.suma.midware.prop.util.c.run:-1 
10-31 14:14:52.519 W/ContextImpl( 2389): Calling a method in the system process without a qualified user: android.app.ContextImpl.sendBroadcast:1345 android.content.ContextWrapper.sendBroadcast:377 com.suma.midware.back.esg.e.f:-1 com.suma.midware.back.esg.f.run:-1 com.suma.midware.prop.util.c.run:-1 
10-31 14:15:55.579 W/ContextImpl( 2389): Calling a method in the system process without a qualified user: android.app.ContextImpl.sendBroadcast:1345 android.content.ContextWrapper.sendBroadcast:377 com.suma.midware.back.esg.e.f:-1 com.suma.midware.back.esg.f.run:-1 com.suma.midware.prop.util.c.run:-1 
10-31 14:15:56.582 W/ContextImpl( 2389): Calling a method in the system process without a qualified user: android.app.ContextImpl.sendBroadcast:1345 android.content.ContextWrapper.sendBroadcast:377 com.suma.midware.back.esg.e.f:-1 com.suma.midware.back.esg.f.run:-1 com.suma.midware.prop.util.c.run:-1 
10-31 14:15:57.585 W/ContextImpl( 2389): Calling a method in the system process without a qualified user: android.app.ContextImpl.sendBroadcast:1345 android.content.ContextWrapper.sendBroadcast:377 com.suma.midware.back.esg.e.f:-1 com.suma.midware.back.esg.f.run:-1 com.suma.midware.prop.util.c.run:-1 
10-31 14:16:46.782 I/ActivityManager( 2020): START u0 {act=android.intent.action.MAIN cat=[android.intent.category.LAUNCHER] pkg=com.huan.appstore cmp=com.huan.appstore/.ui.WelcomeActivity} from uid 1000 on display 0
10-31 14:16:46.789 V/WindowManager( 2020): addAppToken: AppWindowToken{29aa5ede token=Token{432de19 ActivityRecord{147b3960 u0 com.huan.appstore/.ui.WelcomeActivity t751}}} to stack=0 task=751 at 1
10-31 14:16:46.795 W/ContextImpl( 2496): Calling a method in the system process without a qualified user: android.app.ContextImpl.sendBroadcast:1345 android.content.ContextWrapper.sendBroadcast:377 android.app.ActivityThread.performPauseActivity:3259 android.app.ActivityThread.performPauseActivity:3225 android.app.ActivityThread.handlePauseActivity:3200 
10-31 14:16:46.795 V/WindowManager( 2020): Adding window Window{198fa1db u0 Starting com.huan.appstore} at 8 of 14 (after Window{29f18dfb u0 com.suma.midware.home/com.suma.midware.home.third.Main3DActivity})
10-31 14:16:46.819 I/ActivityManager( 2020): Start proc 12838:com.huan.appstore/u0a21 for activity com.huan.appstore/.ui.WelcomeActivity
10-31 14:16:46.846 W/ViewRootImpl( 2496): Cancelling event due to no window focus: KeyEvent { action=ACTION_UP, keyCode=KEYCODE_DPAD_CENTER, scanCode=28, metaState=0, flags=0x28, repeatCount=0, eventTime=14196888, downTime=14196875, deviceId=3, source=0x701 }
10-31 14:16:46.846 W/ViewRootImpl( 2496): Cancelling event due to no window focus: KeyEvent { action=ACTION_UP, keyCode=KEYCODE_DPAD_CENTER, scanCode=28, metaState=0, flags=0x28, repeatCount=0, eventTime=14196888, downTime=14196875, deviceId=3, source=0x701 }
10-31 14:16:46.846 W/ViewRootImpl( 2496): Cancelling event due to no window focus: KeyEvent { action=ACTION_UP, keyCode=KEYCODE_DPAD_CENTER, scanCode=28, metaState=0, flags=0x28, repeatCount=0, eventTime=14196888, downTime=14196875, deviceId=3, source=0x701 }
10-31 14:16:46.846 W/ViewRootImpl( 2496): Cancelling event due to no window focus: KeyEvent { action=ACTION_UP, keyCode=KEYCODE_DPAD_CENTER, scanCode=28, metaState=0, flags=0x28, repeatCount=0, eventTime=14196888, downTime=14196875, deviceId=3, source=0x701 }
