10-31 17:05:18.118 W/Settings.AccessPoint( 2783): oriSSid:P"CMCC-WEB":ssid:"CMCC-WEB":result:SSID: CMCC-WEB,oriSSID: P"CMCC-WEB",oriSSID1: P"CMCC-WEB", BSSID: 00:11:b5:17:bd:d5, capabilities: [ESS], level: -74, frequency: 2437, timestamp: 1169367142, distance: ?(cm), distanceSd: ?(cm)
10-31 17:05:18.118 D/BaseActivity( 2783): desSsid:com.suma.midware.setting.net.a.a@1a49d832
10-31 17:05:18.118 E/StringUtil( 2783): [TN_main]getIntValue illegal str=and-Business,defaultValue=-1
10-31 17:05:18.118 E/StringUtil( 2783): [TN_main]getIntValue illegal str=and-Business,defaultValue=-1
10-31 17:05:18.118 E/WifiUtil( 2783): [TN_main]getSSIDContent not standard ssid=and-Business
10-31 17:05:18.118 I/System.out( 2783): 0x616e642d427573696e657373
10-31 17:05:18.118 W/Settings.AccessPoint( 2783): oriSSid:P"and-Business":ssid:"and-Business":result:SSID: and-Business,oriSSID: P"and-Business",oriSSID1: P"and-Business", BSSID: 0e:11:b5:17:bd:d5, capabilities: [ESS], level: -75, frequency: 2437, timestamp: 1169367108, distance: ?(cm), distanceSd: ?(cm)
10-31 17:05:18.118 D/BaseActivity( 2783): desSsid:com.suma.midware.setting.net.a.a@19fc7983
10-31 17:05:18.118 E/StringUtil( 2783): [TN_main]getIntValue illegal str=HUAWEI-VYGUV5,defaultValue=-1
10-31 17:05:18.118 E/StringUtil( 2783): [TN_main]getIntValue illegal str=HUAWEI-VYGUV5,defaultValue=-1
10-31 17:05:18.118 E/WifiUtil( 2783): [TN_main]getSSIDContent not standard ssid=HUAWEI-VYGUV5
10-31 17:05:18.118 I/System.out( 2783): 0x4855415745492d565947555635
10-31 17:05:18.119 W/Settings.AccessPoint( 2783): oriSSid:P"HUAWEI-VYGUV5":ssid:"HUAWEI-VYGUV5":result:SSID: HUAWEI-VYGUV5,oriSSID: P"HUAWEI-VYGUV5",oriSSID1: P"HUAWEI-VYGUV5", BSSID: 00:5a:13:61:fa:ac, capabilities: [ESS], level: -84, frequency: 2427, timestamp: 1169367120, distance: ?(cm), distanceSd: ?(cm)
10-31 17:05:18.119 D/BaseActivity( 2783): desSsid:com.suma.midware.setting.net.a.a@3bd7d700
10-31 17:05:18.120 D/WifiAdmin( 2783): [TN_main]isConnected bssid=e4:f3:f5:aa:ad:88,ssid="ipanel",infoSsid="ipanel"
10-31 17:05:18.120 E/StringUtil( 2783): [TN_main]getIntValue illegal str="ipanel",defaultValue=-1
10-31 17:05:18.120 E/StringUtil( 2783): [TN_main]getIntValue illegal str="ipanel",defaultValue=-1
10-31 17:05:18.121 D/WifiAdmin( 2783): [TN_main]isConnected bssid=e4:f3:f5:aa:ad:88,ssid="TP-LINK_11AF56",infoSsid="ipanel"
10-31 17:05:18.121 E/StringUtil( 2783): [TN_main]getIntValue illegal str="TP-LINK_11AF56",defaultValue=-1
10-31 17:05:18.121 E/StringUtil( 2783): [TN_main]getIntValue illegal str="ipanel",defaultValue=-1
10-31 17:05:18.122 D/WifiAdmin( 2783): [TN_main]isConnected bssid=e4:f3:f5:aa:ad:88,ssid="ipanel",infoSsid="ipanel"
10-31 17:05:18.122 E/StringUtil( 2783): [TN_main]getIntValue illegal str="ipanel",defaultValue=-1
10-31 17:05:18.122 E/StringUtil( 2783): [TN_main]getIntValue illegal str="ipanel",defaultValue=-1
10-31 17:05:18.124 D/WifiAdmin( 2783): [TN_main]isConnected bssid=e4:f3:f5:aa:ad:88,ssid="TP-LINK_11AF56",infoSsid="ipanel"
10-31 17:05:18.124 E/StringUtil( 2783): [TN_main]getIntValue illegal str="TP-LINK_11AF56",defaultValue=-1
10-31 17:05:18.124 E/StringUtil( 2783): [TN_main]getIntValue illegal str="ipanel",defaultValue=-1
10-31 17:05:18.125 D/WifiAdmin( 2783): [TN_main]isConnected bssid=e4:f3:f5:aa:ad:88,ssid="GDWL",infoSsid="ipanel"
10-31 17:05:18.126 E/StringUtil( 2783): [TN_main]getIntValue illegal str="GDWL",defaultValue=-1
10-31 17:05:18.126 E/StringUtil( 2783): [TN_main]getIntValue illegal str="ipanel",defaultValue=-1
10-31 17:05:18.127 D/WifiAdmin( 2783): [TN_main]isConnected bssid=e4:f3:f5:aa:ad:88,ssid="TP-LINK_BAF2C2",infoSsid="ipanel"
10-31 17:05:18.127 E/StringUtil( 2783): [TN_main]getIntValue illegal str="TP-LINK_BAF2C2",defaultValue=-1
10-31 17:05:18.127 E/StringUtil( 2783): [TN_main]getIntValue illegal str="ipanel",defaultValue=-1
10-31 17:05:18.128 D/WifiAdmin( 2783): [TN_main]isConnected bssid=e4:f3:f5:aa:ad:88,ssid="GDWL",infoSsid="ipanel"
10-31 17:05:18.128 E/StringUtil( 2783): [TN_main]getIntValue illegal str="GDWL",defaultValue=-1
10-31 17:05:18.128 E/StringUtil( 2783): [TN_main]getIntValue illegal str="ipanel",defaultValue=-1
10-31 17:05:18.129 D/WifiAdmin( 2783): [TN_main]isConnected bssid=e4:f3:f5:aa:ad:88,ssid="TP-LINK_BAF2C2",infoSsid="ipanel"
10-31 17:05:18.129 E/StringUtil( 2783): [TN_main]getIntValue illegal str="TP-LINK_BAF2C2",defaultValue=-1
10-31 17:05:18.129 E/StringUtil( 2783): [TN_main]getIntValue illegal str="ipanel",defaultValue=-1
10-31 17:05:18.132 D/WifiAdmin( 2783): [TN_main]isConnected bssid=e4:f3:f5:aa:ad:88,ssid="TP-LINK_11AF56",infoSsid="ipanel"
10-31 17:05:18.132 E/StringUtil( 2783): [TN_main]getIntValue illegal str="TP-LINK_11AF56",defaultValue=-1
10-31 17:05:18.132 E/StringUtil( 2783): [TN_main]getIntValue illegal str="ipanel",defaultValue=-1
10-31 17:05:18.133 D/WifiAdmin( 2783): [TN_main]isConnected bssid=e4:f3:f5:aa:ad:88,ssid="Office_Net",infoSsid="ipanel"
10-31 17:05:18.134 E/StringUtil( 2783): [TN_main]getIntValue illegal str="Office_Net",defaultValue=-1
10-31 17:05:18.134 E/StringUtil( 2783): [TN_main]getIntValue illegal str="ipanel",defaultValue=-1
10-31 17:05:18.135 D/WifiAdmin( 2783): [TN_main]isConnected bssid=e4:f3:f5:aa:ad:88,ssid="TP-LINK_11AF56",infoSsid="ipanel"
10-31 17:05:18.135 E/StringUtil( 2783): [TN_main]getIntValue illegal str="TP-LINK_11AF56",defaultValue=-1
10-31 17:05:18.135 E/StringUtil( 2783): [TN_main]getIntValue illegal str="ipanel",defaultValue=-1
10-31 17:05:18.136 D/WifiAdmin( 2783): [TN_main]isConnected bssid=e4:f3:f5:aa:ad:88,ssid="Office_Net",infoSsid="ipanel"
10-31 17:05:18.136 E/StringUtil( 2783): [TN_main]getIntValue illegal str="Office_Net",defaultValue=-1
10-31 17:05:18.136 E/StringUtil( 2783): [TN_main]getIntValue illegal str="ipanel",defaultValue=-1
10-31 17:05:18.136 D/WifiAdmin( 2783): [TN_main]isConnected bssid=e4:f3:f5:aa:ad:88,ssid="TP-LINK_BAF2C2",infoSsid="ipanel"
10-31 17:05:18.136 E/StringUtil( 2783): [TN_main]getIntValue illegal str="TP-LINK_BAF2C2",defaultValue=-1
10-31 17:05:18.137 E/StringUtil( 2783): [TN_main]getIntValue illegal str="ipanel",defaultValue=-1
10-31 17:05:18.137 D/WifiAdmin( 2783): [TN_main]isConnected bssid=e4:f3:f5:aa:ad:88,ssid="WLGS",infoSsid="ipanel"
10-31 17:05:18.137 E/StringUtil( 2783): [TN_main]getIntValue illegal str="WLGS",defaultValue=-1
10-31 17:05:18.137 E/StringUtil( 2783): [TN_main]getIntValue illegal str="ipanel",defaultValue=-1
10-31 17:05:18.138 D/WifiAdmin( 2783): [TN_main]isConnected bssid=e4:f3:f5:aa:ad:88,ssid="TP-LINK_11AF56",infoSsid="ipanel"
10-31 17:05:18.138 E/StringUtil( 2783): [TN_main]getIntValue illegal str="TP-LINK_11AF56",defaultValue=-1
10-31 17:05:18.138 E/StringUtil( 2783): [TN_main]getIntValue illegal str="ipanel",defaultValue=-1
10-31 17:05:18.139 D/WifiAdmin( 2783): [TN_main]isConnected bssid=e4:f3:f5:aa:ad:88,ssid="WLGS",infoSsid="ipanel"
10-31 17:05:18.139 E/StringUtil( 2783): [TN_main]getIntValue illegal str="WLGS",defaultValue=-1
10-31 17:05:18.139 E/StringUtil( 2783): [TN_main]getIntValue illegal str="ipanel",defaultValue=-1
10-31 17:05:18.140 D/WifiAdmin( 2783): [TN_main]isConnected bssid=e4:f3:f5:aa:ad:88,ssid="Office_Net",infoSsid="ipanel"
10-31 17:05:18.140 E/StringUtil( 2783): [TN_main]getIntValue illegal str="Office_Net",defaultValue=-1
10-31 17:05:18.141 E/StringUtil( 2783): [TN_main]getIntValue illegal str="ipanel",defaultValue=-1
10-31 17:05:18.141 D/WifiAdmin( 2783): [TN_main]isConnected bssid=e4:f3:f5:aa:ad:88,ssid="@PHICOMM_5C",infoSsid="ipanel"
10-31 17:05:18.141 E/StringUtil( 2783): [TN_main]getIntValue illegal str="@PHICOMM_5C",defaultValue=-1
10-31 17:05:18.141 E/StringUtil( 2783): [TN_main]getIntValue illegal str="ipanel",defaultValue=-1
10-31 17:05:18.142 D/WifiAdmin( 2783): [TN_main]isConnected bssid=e4:f3:f5:aa:ad:88,ssid="TP-LINK_BAF2C2",infoSsid="ipanel"
10-31 17:05:18.142 E/StringUtil( 2783): [TN_main]getIntValue illegal str="TP-LINK_BAF2C2",defaultValue=-1
10-31 17:05:18.142 E/StringUtil( 2783): [TN_main]getIntValue illegal str="ipanel",defaultValue=-1
10-31 17:05:18.143 D/WifiAdmin( 2783): [TN_main]isConnected bssid=e4:f3:f5:aa:ad:88,ssid="@PHICOMM_5C",infoSsid="ipanel"
10-31 17:05:18.143 E/StringUtil( 2783): [TN_main]getIntValue illegal str="@PHICOMM_5C",defaultValue=-1
10-31 17:05:18.143 E/StringUtil( 2783): [TN_main]getIntValue illegal str="ipanel",defaultValue=-1
10-31 17:05:18.144 D/WifiAdmin( 2783): [TN_main]isConnected bssid=e4:f3:f5:aa:ad:88,ssid="WLGS",infoSsid="ipanel"
10-31 17:05:18.144 E/StringUtil( 2783): [TN_main]getIntValue illegal str="WLGS",defaultValue=-1
10-31 17:05:18.144 E/StringUtil( 2783): [TN_main]getIntValue illegal str="ipanel",defaultValue=-1
10-31 17:05:18.145 D/WifiAdmin( 2783): [TN_main]isConnected bssid=e4:f3:f5:aa:ad:88,ssid="TP-LINK_gsbgs",infoSsid="ipanel"
10-31 17:05:18.145 E/StringUtil( 2783): [TN_main]getIntValue illegal str="TP-LINK_gsbgs",defaultValue=-1
10-31 17:05:18.145 E/StringUtil( 2783): [TN_main]getIntValue illegal str="ipanel",defaultValue=-1
10-31 17:05:18.146 D/WifiAdmin( 2783): [TN_main]isConnected bssid=e4:f3:f5:aa:ad:88,ssid="TP-LINK_BAF2C2",infoSsid="ipanel"
10-31 17:05:18.146 E/StringUtil( 2783): [TN_main]getIntValue illegal str="TP-LINK_BAF2C2",defaultValue=-1
10-31 17:05:18.146 E/StringUtil( 2783): [TN_main]getIntValue illegal str="ipanel",defaultValue=-1
10-31 17:05:18.147 D/WifiAdmin( 2783): [TN_main]isConnected bssid=e4:f3:f5:aa:ad:88,ssid="TP-LINK_gsbgs",infoSsid="ipanel"
10-31 17:05:18.147 E/StringUtil( 2783): [TN_main]getIntValue illegal str="TP-LINK_gsbgs",defaultValue=-1
10-31 17:05:18.147 E/StringUtil( 2783): [TN_main]getIntValue illegal str="ipanel",defaultValue=-1
10-31 17:05:18.148 D/WifiAdmin( 2783): [TN_main]isConnected bssid=e4:f3:f5:aa:ad:88,ssid="WLGS",infoSsid="ipanel"
10-31 17:05:18.148 E/StringUtil( 2783): [TN_main]getIntValue illegal str="WLGS",defaultValue=-1
10-31 17:05:18.148 E/StringUtil( 2783): [TN_main]getIntValue illegal str="ipanel",defaultValue=-1
10-31 17:05:18.149 D/WifiAdmin( 2783): [TN_main]isConnected bssid=e4:f3:f5:aa:ad:88,ssid="TP-LINK_gsbgs",infoSsid="ipanel"
10-31 17:05:18.149 E/StringUtil( 2783): [TN_main]getIntValue illegal str="TP-LINK_gsbgs",defaultValue=-1
10-31 17:05:18.149 E/StringUtil( 2783): [TN_main]getIntValue illegal str="ipanel",defaultValue=-1
10-31 17:05:18.150 D/WifiAdmin( 2783): [TN_main]isConnected bssid=e4:f3:f5:aa:ad:88,ssid="@PHICOMM_5C",infoSsid="ipanel"
10-31 17:05:18.150 E/StringUtil( 2783): [TN_main]getIntValue illegal str="@PHICOMM_5C",defaultValue=-1
10-31 17:05:18.150 E/StringUtil( 2783): [TN_main]getIntValue illegal str="ipanel",defaultValue=-1
10-31 17:05:18.151 D/WifiAdmin( 2783): [TN_main]isConnected bssid=e4:f3:f5:aa:ad:88,ssid="CMCC",infoSsid="ipanel"
10-31 17:05:18.151 E/StringUtil( 2783): [TN_main]getIntValue illegal str="CMCC",defaultValue=-1
10-31 17:05:18.151 E/StringUtil( 2783): [TN_main]getIntValue illegal str="ipanel",defaultValue=-1
10-31 17:05:18.152 D/WifiAdmin( 2783): [TN_main]isConnected bssid=e4:f3:f5:aa:ad:88,ssid="Office_Net",infoSsid="ipanel"
10-31 17:05:18.152 E/StringUtil( 2783): [TN_main]getIntValue illegal str="Office_Net",defaultValue=-1
10-31 17:05:18.152 E/StringUtil( 2783): [TN_main]getIntValue illegal str="ipanel",defaultValue=-1
10-31 17:05:18.153 D/WifiAdmin( 2783): [TN_main]isConnected bssid=e4:f3:f5:aa:ad:88,ssid="CMCC",infoSsid="ipanel"
10-31 17:05:18.153 E/StringUtil( 2783): [TN_main]getIntValue illegal str="CMCC",defaultValue=-1
10-31 17:05:18.153 E/StringUtil( 2783): [TN_main]getIntValue illegal str="ipanel",defaultValue=-1
10-31 17:05:18.154 D/WifiAdmin( 2783): [TN_main]isConnected bssid=e4:f3:f5:aa:ad:88,ssid="@PHICOMM_5C",infoSsid="ipanel"
10-31 17:05:18.154 E/StringUtil( 2783): [TN_main]getIntValue illegal str="@PHICOMM_5C",defaultValue=-1
10-31 17:05:18.154 E/StringUtil( 2783): [TN_main]getIntValue illegal str="ipanel",defaultValue=-1
10-31 17:05:18.155 D/WifiAdmin( 2783): [TN_main]isConnected bssid=e4:f3:f5:aa:ad:88,ssid="CMCC",infoSsid="ipanel"
10-31 17:05:18.155 E/StringUtil( 2783): [TN_main]getIntValue illegal str="CMCC",defaultValue=-1
10-31 17:05:18.155 E/StringUtil( 2783): [TN_main]getIntValue illegal str="ipanel",defaultValue=-1
10-31 17:05:18.156 D/WifiAdmin( 2783): [TN_main]isConnected bssid=e4:f3:f5:aa:ad:88,ssid="TP-LINK_gsbgs",infoSsid="ipanel"
10-31 17:05:18.156 E/StringUtil( 2783): [TN_main]getIntValue illegal str="TP-LINK_gsbgs",defaultValue=-1
10-31 17:05:18.156 E/StringUtil( 2783): [TN_main]getIntValue illegal str="ipanel",defaultValue=-1
10-31 17:05:18.157 D/WifiAdmin( 2783): [TN_main]isConnected bssid=e4:f3:f5:aa:ad:88,ssid="MERCURY_EDE4",infoSsid="ipanel"
10-31 17:05:18.157 E/StringUtil( 2783): [TN_main]getIntValue illegal str="MERCURY_EDE4",defaultValue=-1
10-31 17:05:18.157 E/StringUtil( 2783): [TN_main]getIntValue illegal str="ipanel",defaultValue=-1
10-31 17:05:18.158 D/WifiAdmin( 2783): [TN_main]isConnected bssid=e4:f3:f5:aa:ad:88,ssid="Office_Net",infoSsid="ipanel"
10-31 17:05:18.158 E/StringUtil( 2783): [TN_main]getIntValue illegal str="Office_Net",defaultValue=-1
10-31 17:05:18.158 E/StringUtil( 2783): [TN_main]getIntValue illegal str="ipanel",defaultValue=-1
10-31 17:05:18.159 D/WifiAdmin( 2783): [TN_main]isConnected bssid=e4:f3:f5:aa:ad:88,ssid="MERCURY_EDE4",infoSsid="ipanel"
10-31 17:05:18.159 E/StringUtil( 2783): [TN_main]getIntValue illegal str="MERCURY_EDE4",defaultValue=-1
10-31 17:05:18.159 E/StringUtil( 2783): [TN_main]getIntValue illegal str="ipanel",defaultValue=-1
10-31 17:05:18.160 D/WifiAdmin( 2783): [TN_main]isConnected bssid=e4:f3:f5:aa:ad:88,ssid="TP-LINK_11AF56",infoSsid="ipanel"
10-31 17:05:18.160 E/StringUtil( 2783): [TN_main]getIntValue illegal str="TP-LINK_11AF56",defaultValue=-1
10-31 17:05:18.160 E/StringUtil( 2783): [TN_main]getIntValue illegal str="ipanel",defaultValue=-1
10-31 17:05:18.161 D/WifiAdmin( 2783): [TN_main]isConnected bssid=e4:f3:f5:aa:ad:88,ssid="MERCURY_EDE4",infoSsid="ipanel"
10-31 17:05:18.161 E/StringUtil( 2783): [TN_main]getIntValue illegal str="MERCURY_EDE4",defaultValue=-1
10-31 17:05:18.161 E/StringUtil( 2783): [TN_main]getIntValue illegal str="ipanel",defaultValue=-1
10-31 17:05:18.162 D/WifiAdmin( 2783): [TN_main]isConnected bssid=e4:f3:f5:aa:ad:88,ssid="GDWL",infoSsid="ipanel"
10-31 17:05:18.162 E/StringUtil( 2783): [TN_main]getIntValue illegal str="GDWL",defaultValue=-1
10-31 17:05:18.162 E/StringUtil( 2783): [TN_main]getIntValue illegal str="ipanel",defaultValue=-1
10-31 17:05:18.163 D/WifiAdmin( 2783): [TN_main]isConnected bssid=e4:f3:f5:aa:ad:88,ssid="CMCC-family",infoSsid="ipanel"
10-31 17:05:18.163 E/StringUtil( 2783): [TN_main]getIntValue illegal str="CMCC-family",defaultValue=-1
10-31 17:05:18.163 E/StringUtil( 2783): [TN_main]getIntValue illegal str="ipanel",defaultValue=-1
10-31 17:05:18.164 D/WifiAdmin( 2783): [TN_main]isConnected bssid=e4:f3:f5:aa:ad:88,ssid="Office_Net",infoSsid="ipanel"
10-31 17:05:18.164 E/StringUtil( 2783): [TN_main]getIntValue illegal str="Office_Net",defaultValue=-1
10-31 17:05:18.164 E/StringUtil( 2783): [TN_main]getIntValue illegal str="ipanel",defaultValue=-1
10-31 17:05:18.165 D/WifiAdmin( 2783): [TN_main]isConnected bssid=e4:f3:f5:aa:ad:88,ssid="CMCC-family",infoSsid="ipanel"
10-31 17:05:18.165 E/StringUtil( 2783): [TN_main]getIntValue illegal str="CMCC-family",defaultValue=-1
10-31 17:05:18.165 E/StringUtil( 2783): [TN_main]getIntValue illegal str="ipanel",defaultValue=-1
10-31 17:05:18.166 D/WifiAdmin( 2783): [TN_main]isConnected bssid=e4:f3:f5:aa:ad:88,ssid="TP-LINK_gsbgs",infoSsid="ipanel"
10-31 17:05:18.166 E/StringUtil( 2783): [TN_main]getIntValue illegal str="TP-LINK_gsbgs",defaultValue=-1
10-31 17:05:18.166 E/StringUtil( 2783): [TN_main]getIntValue illegal str="ipanel",defaultValue=-1
10-31 17:05:18.167 D/WifiAdmin( 2783): [TN_main]isConnected bssid=e4:f3:f5:aa:ad:88,ssid="CMCC-family",infoSsid="ipanel"
10-31 17:05:18.167 E/StringUtil( 2783): [TN_main]getIntValue illegal str="CMCC-family",defaultValue=-1
10-31 17:05:18.167 E/StringUtil( 2783): [TN_main]getIntValue illegal str="ipanel",defaultValue=-1
10-31 17:05:18.168 D/WifiAdmin( 2783): [TN_main]isConnected bssid=e4:f3:f5:aa:ad:88,ssid="CMCC",infoSsid="ipanel"
10-31 17:05:18.168 E/StringUtil( 2783): [TN_main]getIntValue illegal str="CMCC",defaultValue=-1
10-31 17:05:18.168 E/StringUtil( 2783): [TN_main]getIntValue illegal str="ipanel",defaultValue=-1
10-31 17:05:18.169 D/WifiAdmin( 2783): [TN_main]isConnected bssid=e4:f3:f5:aa:ad:88,ssid="CMCC-WEB",infoSsid="ipanel"
10-31 17:05:18.169 E/StringUtil( 2783): [TN_main]getIntValue illegal str="CMCC-WEB",defaultValue=-1
10-31 17:05:18.169 E/StringUtil( 2783): [TN_main]getIntValue illegal str="ipanel",defaultValue=-1
10-31 17:05:18.170 D/WifiAdmin( 2783): [TN_main]isConnected bssid=e4:f3:f5:aa:ad:88,ssid="Office_Net",infoSsid="ipanel"
10-31 17:05:18.170 E/StringUtil( 2783): [TN_main]getIntValue illegal str="Office_Net",defaultValue=-1
10-31 17:05:18.170 E/StringUtil( 2783): [TN_main]getIntValue illegal str="ipanel",defaultValue=-1
10-31 17:05:18.171 D/WifiAdmin( 2783): [TN_main]isConnected bssid=e4:f3:f5:aa:ad:88,ssid="CMCC-WEB",infoSsid="ipanel"
10-31 17:05:18.171 E/StringUtil( 2783): [TN_main]getIntValue illegal str="CMCC-WEB",defaultValue=-1
10-31 17:05:18.171 E/StringUtil( 2783): [TN_main]getIntValue illegal str="ipanel",defaultValue=-1
10-31 17:05:18.172 D/WifiAdmin( 2783): [TN_main]isConnected bssid=e4:f3:f5:aa:ad:88,ssid="TP-LINK_gsbgs",infoSsid="ipanel"
10-31 17:05:18.172 E/StringUtil( 2783): [TN_main]getIntValue illegal str="TP-LINK_gsbgs",defaultValue=-1
10-31 17:05:18.172 E/StringUtil( 2783): [TN_main]getIntValue illegal str="ipanel",defaultValue=-1
10-31 17:05:18.173 D/WifiAdmin( 2783): [TN_main]isConnected bssid=e4:f3:f5:aa:ad:88,ssid="CMCC-WEB",infoSsid="ipanel"
10-31 17:05:18.173 E/StringUtil( 2783): [TN_main]getIntValue illegal str="CMCC-WEB",defaultValue=-1
10-31 17:05:18.173 E/StringUtil( 2783): [TN_main]getIntValue illegal str="ipanel",defaultValue=-1
10-31 17:05:18.174 D/WifiAdmin( 2783): [TN_main]isConnected bssid=e4:f3:f5:aa:ad:88,ssid="CMCC-family",infoSsid="ipanel"
10-31 17:05:18.174 E/StringUtil( 2783): [TN_main]getIntValue illegal str="CMCC-family",defaultValue=-1
10-31 17:05:18.174 E/StringUtil( 2783): [TN_main]getIntValue illegal str="ipanel",defaultValue=-1
10-31 17:05:18.175 D/WifiAdmin( 2783): [TN_main]isConnected bssid=e4:f3:f5:aa:ad:88,ssid="and-Business",infoSsid="ipanel"
10-31 17:05:18.175 E/StringUtil( 2783): [TN_main]getIntValue illegal str="and-Business",defaultValue=-1
10-31 17:05:18.175 E/StringUtil( 2783): [TN_main]getIntValue illegal str="ipanel",defaultValue=-1
10-31 17:05:18.176 D/WifiAdmin( 2783): [TN_main]isConnected bssid=e4:f3:f5:aa:ad:88,ssid="WLGS",infoSsid="ipanel"
10-31 17:05:18.176 E/StringUtil( 2783): [TN_main]getIntValue illegal str="WLGS",defaultValue=-1
10-31 17:05:18.176 E/StringUtil( 2783): [TN_main]getIntValue illegal str="ipanel",defaultValue=-1
10-31 17:05:18.177 D/WifiAdmin( 2783): [TN_main]isConnected bssid=e4:f3:f5:aa:ad:88,ssid="and-Business",infoSsid="ipanel"
10-31 17:05:18.177 E/StringUtil( 2783): [TN_main]getIntValue illegal str="and-Business",defaultValue=-1
10-31 17:05:18.177 E/StringUtil( 2783): [TN_main]getIntValue illegal str="ipanel",defaultValue=-1
10-31 17:05:18.178 D/WifiAdmin( 2783): [TN_main]isConnected bssid=e4:f3:f5:aa:ad:88,ssid="CMCC",infoSsid="ipanel"
10-31 17:05:18.178 E/StringUtil( 2783): [TN_main]getIntValue illegal str="CMCC",defaultValue=-1
10-31 17:05:18.178 E/StringUtil( 2783): [TN_main]getIntValue illegal str="ipanel",defaultValue=-1
10-31 17:05:18.179 D/WifiAdmin( 2783): [TN_main]isConnected bssid=e4:f3:f5:aa:ad:88,ssid="and-Business",infoSsid="ipanel"
10-31 17:05:18.179 E/StringUtil( 2783): [TN_main]getIntValue illegal str="and-Business",defaultValue=-1
10-31 17:05:18.179 E/StringUtil( 2783): [TN_main]getIntValue illegal str="ipanel",defaultValue=-1
10-31 17:05:18.180 D/WifiAdmin( 2783): [TN_main]isConnected bssid=e4:f3:f5:aa:ad:88,ssid="CMCC-WEB",infoSsid="ipanel"
10-31 17:05:18.180 E/StringUtil( 2783): [TN_main]getIntValue illegal str="CMCC-WEB",defaultValue=-1
10-31 17:05:18.180 E/StringUtil( 2783): [TN_main]getIntValue illegal str="ipanel",defaultValue=-1
10-31 17:05:18.181 D/WifiAdmin( 2783): [TN_main]isConnected bssid=e4:f3:f5:aa:ad:88,ssid="HUAWEI-VYGUV5",infoSsid="ipanel"
10-31 17:05:18.181 E/StringUtil( 2783): [TN_main]getIntValue illegal str="HUAWEI-VYGUV5",defaultValue=-1
10-31 17:05:18.181 E/StringUtil( 2783): [TN_main]getIntValue illegal str="ipanel",defaultValue=-1
10-31 17:05:18.182 D/WifiAdmin( 2783): [TN_main]isConnected bssid=e4:f3:f5:aa:ad:88,ssid="WLGS",infoSsid="ipanel"
10-31 17:05:18.182 E/StringUtil( 2783): [TN_main]getIntValue illegal str="WLGS",defaultValue=-1
10-31 17:05:18.182 E/StringUtil( 2783): [TN_main]getIntValue illegal str="ipanel",defaultValue=-1
10-31 17:05:18.183 D/WifiAdmin( 2783): [TN_main]isConnected bssid=e4:f3:f5:aa:ad:88,ssid="HUAWEI-VYGUV5",infoSsid="ipanel"
10-31 17:05:18.183 E/StringUtil( 2783): [TN_main]getIntValue illegal str="HUAWEI-VYGUV5",defaultValue=-1
10-31 17:05:18.183 E/StringUtil( 2783): [TN_main]getIntValue illegal str="ipanel",defaultValue=-1
10-31 17:05:18.184 D/WifiAdmin( 2783): [TN_main]isConnected bssid=e4:f3:f5:aa:ad:88,ssid="CMCC-family",infoSsid="ipanel"
10-31 17:05:18.184 E/StringUtil( 2783): [TN_main]getIntValue illegal str="CMCC-family",defaultValue=-1
10-31 17:05:18.184 E/StringUtil( 2783): [TN_main]getIntValue illegal str="ipanel",defaultValue=-1
10-31 17:05:18.185 D/WifiAdmin( 2783): [TN_main]isConnected bssid=e4:f3:f5:aa:ad:88,ssid="HUAWEI-VYGUV5",infoSsid="ipanel"
10-31 17:05:18.185 E/StringUtil( 2783): [TN_main]getIntValue illegal str="HUAWEI-VYGUV5",defaultValue=-1
10-31 17:05:18.185 E/StringUtil( 2783): [TN_main]getIntValue illegal str="ipanel",defaultValue=-1
10-31 17:05:18.186 D/WifiAdmin( 2783): [TN_main]isConnected bssid=e4:f3:f5:aa:ad:88,ssid="and-Business",infoSsid="ipanel"
10-31 17:05:18.186 E/StringUtil( 2783): [TN_main]getIntValue illegal str="and-Business",defaultValue=-1
10-31 17:05:18.186 E/StringUtil( 2783): [TN_main]getIntValue illegal str="ipanel",defaultValue=-1
10-31 17:05:18.191 D/WifiAdmin( 2783): [TN_main]isConnected bssid=e4:f3:f5:aa:ad:88,ssid="ipanel",infoSsid="ipanel"
10-31 17:05:18.192 E/StringUtil( 2783): [TN_main]getIntValue illegal str="ipanel",defaultValue=-1
10-31 17:05:18.192 E/StringUtil( 2783): [TN_main]getIntValue illegal str="ipanel",defaultValue=-1
10-31 17:05:18.192 D/BaseActivity( 2783): getItemData ssid:"ipanel":isConnected:true:point.displaySsid:ipanel
10-31 17:05:18.193 D/WifiAdmin( 2783): [TN_main]isConnected bssid=e4:f3:f5:aa:ad:88,ssid="GDWL",infoSsid="ipanel"
10-31 17:05:18.193 E/StringUtil( 2783): [TN_main]getIntValue illegal str="GDWL",defaultValue=-1
10-31 17:05:18.193 E/StringUtil( 2783): [TN_main]getIntValue illegal str="ipanel",defaultValue=-1
10-31 17:05:18.193 D/BaseActivity( 2783): getItemData ssid:"GDWL":isConnected:false:point.displaySsid:GDWL
10-31 17:05:18.194 D/WifiAdmin( 2783): [TN_main]isConnected bssid=e4:f3:f5:aa:ad:88,ssid="MERCURY_EDE4",infoSsid="ipanel"
10-31 17:05:18.194 E/StringUtil( 2783): [TN_main]getIntValue illegal str="MERCURY_EDE4",defaultValue=-1
10-31 17:05:18.194 E/StringUtil( 2783): [TN_main]getIntValue illegal str="ipanel",defaultValue=-1
10-31 17:05:18.194 D/BaseActivity( 2783): getItemData ssid:"MERCURY_EDE4":isConnected:false:point.displaySsid:MERCURY_EDE4
10-31 17:05:18.196 D/WifiAdmin( 2783): [TN_main]isConnected bssid=e4:f3:f5:aa:ad:88,ssid="TP-LINK_11AF56",infoSsid="ipanel"
10-31 17:05:18.197 E/StringUtil( 2783): [TN_main]getIntValue illegal str="TP-LINK_11AF56",defaultValue=-1
10-31 17:05:18.197 E/StringUtil( 2783): [TN_main]getIntValue illegal str="ipanel",defaultValue=-1
10-31 17:05:18.197 D/BaseActivity( 2783): getItemData ssid:"TP-LINK_11AF56":isConnected:false:point.displaySsid:TP-LINK_11AF56
10-31 17:05:18.198 D/WifiAdmin( 2783): [TN_main]isConnected bssid=e4:f3:f5:aa:ad:88,ssid="TP-LINK_BAF2C2",infoSsid="ipanel"
10-31 17:05:18.199 E/StringUtil( 2783): [TN_main]getIntValue illegal str="TP-LINK_BAF2C2",defaultValue=-1
10-31 17:05:18.199 E/StringUtil( 2783): [TN_main]getIntValue illegal str="ipanel",defaultValue=-1
10-31 17:05:18.199 D/BaseActivity( 2783): getItemData ssid:"TP-LINK_BAF2C2":isConnected:false:point.displaySsid:TP-LINK_BAF2C2
10-31 17:05:18.200 D/WifiAdmin( 2783): [TN_main]isConnected bssid=e4:f3:f5:aa:ad:88,ssid="Office_Net",infoSsid="ipanel"
10-31 17:05:18.200 E/StringUtil( 2783): [TN_main]getIntValue illegal str="Office_Net",defaultValue=-1
10-31 17:05:18.200 E/StringUtil( 2783): [TN_main]getIntValue illegal str="ipanel",defaultValue=-1
10-31 17:05:18.200 D/BaseActivity( 2783): getItemData ssid:"Office_Net":isConnected:false:point.displaySsid:Office_Net
10-31 17:05:18.202 D/WifiAdmin( 2783): [TN_main]isConnected bssid=e4:f3:f5:aa:ad:88,ssid="WLGS",infoSsid="ipanel"
10-31 17:05:18.202 E/StringUtil( 2783): [TN_main]getIntValue illegal str="WLGS",defaultValue=-1
10-31 17:05:18.202 E/StringUtil( 2783): [TN_main]getIntValue illegal str="ipanel",defaultValue=-1
10-31 17:05:18.202 D/BaseActivity( 2783): getItemData ssid:"WLGS":isConnected:false:point.displaySsid:WLGS
10-31 17:05:18.203 D/WifiAdmin( 2783): [TN_main]isConnected bssid=e4:f3:f5:aa:ad:88,ssid="@PHICOMM_5C",infoSsid="ipanel"
10-31 17:05:18.203 E/StringUtil( 2783): [TN_main]getIntValue illegal str="@PHICOMM_5C",defaultValue=-1
10-31 17:05:18.203 E/StringUtil( 2783): [TN_main]getIntValue illegal str="ipanel",defaultValue=-1
10-31 17:05:18.203 D/BaseActivity( 2783): getItemData ssid:"@PHICOMM_5C":isConnected:false:point.displaySsid:@PHICOMM_5C
10-31 17:05:18.205 D/WifiAdmin( 2783): [TN_main]isConnected bssid=e4:f3:f5:aa:ad:88,ssid="TP-LINK_gsbgs",infoSsid="ipanel"
10-31 17:05:18.205 E/StringUtil( 2783): [TN_main]getIntValue illegal str="TP-LINK_gsbgs",defaultValue=-1
10-31 17:05:18.205 E/StringUtil( 2783): [TN_main]getIntValue illegal str="ipanel",defaultValue=-1
10-31 17:05:18.205 D/BaseActivity( 2783): getItemData ssid:"TP-LINK_gsbgs":isConnected:false:point.displaySsid:TP-LINK_gsbgs
10-31 17:05:18.206 D/WifiAdmin( 2783): [TN_main]isConnected bssid=e4:f3:f5:aa:ad:88,ssid="CMCC",infoSsid="ipanel"
10-31 17:05:18.207 E/StringUtil( 2783): [TN_main]getIntValue illegal str="CMCC",defaultValue=-1
10-31 17:05:18.207 E/StringUtil( 2783): [TN_main]getIntValue illegal str="ipanel",defaultValue=-1
10-31 17:05:18.207 D/BaseActivity( 2783): getItemData ssid:"CMCC":isConnected:false:point.displaySsid:CMCC
10-31 17:05:18.208 D/WifiAdmin( 2783): [TN_main]isConnected bssid=e4:f3:f5:aa:ad:88,ssid="CMCC-family",infoSsid="ipanel"
10-31 17:05:18.208 E/StringUtil( 2783): [TN_main]getIntValue illegal str="CMCC-family",defaultValue=-1
10-31 17:05:18.208 E/StringUtil( 2783): [TN_main]getIntValue illegal str="ipanel",defaultValue=-1
10-31 17:05:18.208 D/BaseActivity( 2783): getItemData ssid:"CMCC-family":isConnected:false:point.displaySsid:CMCC-family
10-31 17:05:18.210 D/WifiAdmin( 2783): [TN_main]isConnected bssid=e4:f3:f5:aa:ad:88,ssid="CMCC-WEB",infoSsid="ipanel"
10-31 17:05:18.210 E/StringUtil( 2783): [TN_main]getIntValue illegal str="CMCC-WEB",defaultValue=-1
10-31 17:05:18.210 E/StringUtil( 2783): [TN_main]getIntValue illegal str="ipanel",defaultValue=-1
10-31 17:05:18.210 D/BaseActivity( 2783): getItemData ssid:"CMCC-WEB":isConnected:false:point.displaySsid:CMCC-WEB
10-31 17:05:18.212 D/WifiAdmin( 2783): [TN_main]isConnected bssid=e4:f3:f5:aa:ad:88,ssid="and-Business",infoSsid="ipanel"
10-31 17:05:18.212 E/StringUtil( 2783): [TN_main]getIntValue illegal str="and-Business",defaultValue=-1
10-31 17:05:18.212 E/StringUtil( 2783): [TN_main]getIntValue illegal str="ipanel",defaultValue=-1
10-31 17:05:18.212 D/BaseActivity( 2783): getItemData ssid:"and-Business":isConnected:false:point.displaySsid:and-Business
10-31 17:05:18.213 D/WifiAdmin( 2783): [TN_main]isConnected bssid=e4:f3:f5:aa:ad:88,ssid="HUAWEI-VYGUV5",infoSsid="ipanel"
10-31 17:05:18.214 E/StringUtil( 2783): [TN_main]getIntValue illegal str="HUAWEI-VYGUV5",defaultValue=-1
10-31 17:05:18.214 E/StringUtil( 2783): [TN_main]getIntValue illegal str="ipanel",defaultValue=-1
10-31 17:05:18.214 D/BaseActivity( 2783): getItemData ssid:"HUAWEI-VYGUV5":isConnected:false:point.displaySsid:HUAWEI-VYGUV5
10-31 17:05:18.425 D/BackBootDealerNeimeng( 2381): standbyState:
10-31 17:05:18.426 E/NetUtils( 2021): Interface eth0 LinkDown!
10-31 17:05:18.789 D/BaseActivity( 2783): handleMessage msg:{ when=-6ms what=6 target=com.suma.midware.setting.net.av }:isResumed:true
10-31 17:05:18.926 D/BackBootDealerNeimeng( 2381): standbyState:
10-31 17:05:18.927 E/NetUtils( 2021): Interface eth0 LinkDown!
10-31 17:05:19.053 E/hcdn_upload( 2923): HCDN_LOG: [2017/10/31-17:05:19:053]:Update uload speed 1 kbps ,real:0 kbps,qsize:0,maxsize:12,timeout_speed:0 kbps 
10-31 17:05:19.428 D/BackBootDealerNeimeng( 2381): standbyState:
10-31 17:05:19.428 E/NetUtils( 2021): Interface eth0 LinkDown!
10-31 17:05:19.791 D/MultiScreen/Base( 2648): MultiScreen ready to send msg 4
10-31 17:05:19.792 D/MultiScreen( 2648): WorkHandler receive msg 4
10-31 17:05:19.792 D/MultiScreen/Base( 2648): MultiScreen start
10-31 17:05:19.792 D/MultiScreen/Base( 2648): MultiScreen ready to send msg 1
10-31 17:05:19.792 D/MultiScreen( 2648): WorkHandler receive msg 1
10-31 17:05:19.792 D/MultiScreen/Base( 2648): checkNetwork
10-31 17:05:19.793 D/MultiScreen( 2648): getType :1
10-31 17:05:19.793 D/MultiScreen( 2648): isAvaliable() true, extra="ipanel"
10-31 17:05:19.793 D/MultiScreen/Base( 2648): installDlna
10-31 17:05:19.801 D/MultiScreen/Base( 2648): MultiScreen launch ip : 192.168.1.102, mPackageName=com.gitvdemo.video
10-31 17:05:19.804 D/aaa     ( 2648): /data/data/com.gitvdemo.video/files
10-31 17:05:19.804 D/MultiScreen/Base( 2648): MultiScreen set drm log path success!
10-31 17:05:19.921 D/MultiScreen/Base( 2648): MultiScreen launch result : true
10-31 17:05:19.929 D/BackBootDealerNeimeng( 2381): standbyState:
10-31 17:05:19.929 E/NetUtils( 2021): Interface eth0 LinkDown!
10-31 17:05:20.049 E/storage_operate( 2923): HCDN_LOG: [2017/10/31-17:05:20:049]:[func:GetTaskCount],[line:827],[oper:get task count],[state:0],[count:0]
10-31 17:05:20.049 E/storage_operate( 2923): HCDN_LOG: [2017/10/31-17:05:20:049]:[func:GetTaskCount],[line:827],[oper:get task count],[state:0],[count:0]
10-31 17:05:20.049 E/storage_operate( 2923): HCDN_LOG: [2017/10/31-17:05:20:049]:[func:GetTaskCount],[line:827],[oper:get task count],[state:1],[count:0]
10-31 17:05:20.054 E/hcdn_upload( 2923): HCDN_LOG: [2017/10/31-17:05:20:054]:Update uload speed 1 kbps ,real:0 kbps,qsize:0,maxsize:12,timeout_speed:0 kbps 
10-31 17:05:20.112 D/WifiAdmin( 2496): [TN_main]dealWifiMsg action=android.net.wifi.RSSI_CHANGED,intent=Intent { act=android.net.wifi.RSSI_CHANGED flg=0x4000010 (has extras) }
10-31 17:05:20.112 D/WifiAdmin( 2783): [TN_main]dealWifiMsg action=android.net.wifi.RSSI_CHANGED,intent=Intent { act=android.net.wifi.RSSI_CHANGED flg=0x4000010 (has extras) }
10-31 17:05:20.113 I/BaseActivity( 2783): receive Broadcast = android.net.wifi.RSSI_CHANGED
10-31 17:05:20.113 D/BaseActivity( 2783): handleMessage msg:{ when=0 what=6 target=com.suma.midware.setting.net.av }:isResumed:true
10-31 17:05:20.118 E/storage_operate( 2648): HCDN_LOG: [2017/10/31-17:05:20:118]:[func:GetTaskCount],[line:827],[oper:get task count],[state:0],[count:0]
10-31 17:05:20.118 E/storage_operate( 2648): HCDN_LOG: [2017/10/31-17:05:20:118]:[func:GetTaskCount],[line:827],[oper:get task count],[state:0],[count:0]
10-31 17:05:20.118 E/storage_operate( 2648): HCDN_LOG: [2017/10/31-17:05:20:118]:[func:GetTaskCount],[line:827],[oper:get task count],[state:1],[count:0]
10-31 17:05:20.292 D/BaseActivity( 2783): after1500 dismiss
10-31 17:05:20.294 W/InputMethodManagerService( 2021): Window already focused, ignoring focus gain of: com.android.internal.view.IInputMethodClient$Stub$Proxy@11ff1e50 attribute=null, token = android.os.BinderProxy@1395c508
10-31 17:05:20.430 D/BackBootDealerNeimeng( 2381): standbyState:
10-31 17:05:20.431 E/NetUtils( 2021): Interface eth0 LinkDown!
10-31 17:05:20.873 D/DmsService( 2429): [TN_ThreadUtil-restart_dms_service]startDmsService time=1176369
10-31 17:05:20.874 I/MediaServer( 2429): start media server:Suma_Server:caEvt:com.suma.midware.dms.c.e@8f68708
10-31 17:05:20.874 D/Device  ( 2429): stop adv=null,doByeBye=true
10-31 17:05:20.874 D/Device  ( 2429): byebye deviceDataBindAddress null
10-31 17:05:20.879 D/Device  ( 2429): byebye 0 bindAddress=192.168.1.102
10-31 17:05:20.879 D/Device  ( 2429): byebye bindAddr=192.168.1.102
10-31 17:05:20.879 D/HTTPMUSocket( 2429): open addr=239.255.255.250,port=1900,bindAddr=192.168.1.102
10-31 17:05:20.883 D/HTTPMUSocket( 2429): send msg:NOTIFY * HTTP/1.1
10-31 17:05:20.883 D/HTTPMUSocket( 2429): NTS: ssdp:byebye
10-31 17:05:20.883 D/HTTPMUSocket( 2429): NT: upnp:rootdevice
10-31 17:05:20.883 D/HTTPMUSocket( 2429): USN: uuid:bedb84c3-dcc5-4b75-8e79-308771ab5a9f::upnp:rootdevice
10-31 17:05:20.883 D/HTTPMUSocket( 2429): HOST: 239.255.255.250:1900
10-31 17:05:20.883 D/HTTPMUSocket( 2429): 
10-31 17:05:20.884 D/HTTPMUSocket( 2429): bindAddr:null and port:-1
10-31 17:05:20.884 D/HTTPMUSocket( 2429): /192.168.1.102
10-31 17:05:20.885 D/Device  ( 2429): root device bye bye
10-31 17:05:20.885 D/HTTPMUSocket( 2429): send msg:NOTIFY * HTTP/1.1
10-31 17:05:20.885 D/HTTPMUSocket( 2429): NTS: ssdp:byebye
10-31 17:05:20.885 D/HTTPMUSocket( 2429): NT: urn:schemas-upnp-org:device:MediaServer:1
10-31 17:05:20.885 D/HTTPMUSocket( 2429): USN: uuid:bedb84c3-dcc5-4b75-8e79-308771ab5a9f::urn:schemas-upnp-org:device:MediaServer:1
10-31 17:05:20.885 D/HTTPMUSocket( 2429): HOST: 239.255.255.250:1900
10-31 17:05:20.885 D/HTTPMUSocket( 2429): 
10-31 17:05:20.885 D/HTTPMUSocket( 2429): bindAddr:null and port:-1
10-31 17:05:20.886 D/HTTPMUSocket( 2429): /192.168.1.102
10-31 17:05:20.886 D/Device  ( 2429): not root device bye bye
10-31 17:05:20.887 D/HTTPMUSocket( 2429): open addr=239.255.255.250,port=1900,bindAddr=192.168.1.102
10-31 17:05:20.891 D/TimerUtil( 2429): waitRandom time=300,waitTime=230
10-31 17:05:20.892 D/HTTPMUSocket( 2429): send msg:NOTIFY * HTTP/1.1
10-31 17:05:20.892 D/HTTPMUSocket( 2429): NTS: ssdp:byebye
10-31 17:05:20.892 D/HTTPMUSocket( 2429): NT: urn:schemas-upnp-org:service:ContentDirectory:1
10-31 17:05:20.892 D/HTTPMUSocket( 2429): USN: uuid:bedb84c3-dcc5-4b75-8e79-308771ab5a9f::urn:schemas-upnp-org:service:ContentDirectory:1
10-31 17:05:20.892 D/HTTPMUSocket( 2429): HOST: 239.255.255.250:1900
10-31 17:05:20.892 D/HTTPMUSocket( 2429): 
10-31 17:05:20.892 D/HTTPMUSocket( 2429): bindAddr:null and port:-1
10-31 17:05:20.892 D/HTTPMUSocket( 2429): /192.168.1.102
10-31 17:05:20.893 D/Service ( 2429): service bye bye:urn:schemas-upnp-org:service:ContentDirectory:1
10-31 17:05:20.894 D/HTTPMUSocket( 2429): open addr=239.255.255.250,port=1900,bindAddr=192.168.1.102
10-31 17:05:20.898 D/TimerUtil( 2429): waitRandom time=300,waitTime=78
10-31 17:05:20.898 D/HTTPMUSocket( 2429): send msg:NOTIFY * HTTP/1.1
10-31 17:05:20.898 D/HTTPMUSocket( 2429): NTS: ssdp:byebye
10-31 17:05:20.898 D/HTTPMUSocket( 2429): NT: urn:schemas-upnp-org:service:ConnectionManager:1
10-31 17:05:20.898 D/HTTPMUSocket( 2429): USN: uuid:bedb84c3-dcc5-4b75-8e79-308771ab5a9f::urn:schemas-upnp-org:service:ConnectionManager:1
10-31 17:05:20.898 D/HTTPMUSocket( 2429): HOST: 239.255.255.250:1900
10-31 17:05:20.898 D/HTTPMUSocket( 2429): 
10-31 17:05:20.898 D/HTTPMUSocket( 2429): bindAddr:null and port:-1
10-31 17:05:20.899 D/HTTPMUSocket( 2429): /192.168.1.102
10-31 17:05:20.899 D/Service ( 2429): service bye bye:urn:schemas-upnp-org:service:ConnectionManager:1
10-31 17:05:20.900 D/HTTPMUSocket( 2429): open addr=239.255.255.250,port=1900,bindAddr=192.168.1.102
10-31 17:05:20.904 D/TimerUtil( 2429): waitRandom time=300,waitTime=248
10-31 17:05:20.904 D/HTTPMUSocket( 2429): send msg:NOTIFY * HTTP/1.1
10-31 17:05:20.904 D/HTTPMUSocket( 2429): NTS: ssdp:byebye
10-31 17:05:20.904 D/HTTPMUSocket( 2429): NT: urn:schemas-upnp-org:service:AVTransport:1
10-31 17:05:20.904 D/HTTPMUSocket( 2429): USN: uuid:bedb84c3-dcc5-4b75-8e79-308771ab5a9f::urn:schemas-upnp-org:service:AVTransport:1
10-31 17:05:20.904 D/HTTPMUSocket( 2429): HOST: 239.255.255.250:1900
10-31 17:05:20.904 D/HTTPMUSocket( 2429): 
10-31 17:05:20.904 D/HTTPMUSocket( 2429): bindAddr:null and port:-1
10-31 17:05:20.904 D/HTTPMUSocket( 2429): /192.168.1.102
10-31 17:05:20.905 D/Service ( 2429): service bye bye:urn:schemas-upnp-org:service:AVTransport:1
10-31 17:05:20.906 D/HTTPMUSocket( 2429): open addr=239.255.255.250,port=1900,bindAddr=192.168.1.102
10-31 17:05:20.908 D/TimerUtil( 2429): waitRandom time=300,waitTime=166
10-31 17:05:20.909 D/HTTPMUSocket( 2429): send msg:NOTIFY * HTTP/1.1
10-31 17:05:20.909 D/HTTPMUSocket( 2429): NTS: ssdp:byebye
10-31 17:05:20.909 D/HTTPMUSocket( 2429): NT: urn:sumavision.com:service:X_SUMA_EVENT:1
10-31 17:05:20.909 D/HTTPMUSocket( 2429): USN: uuid:bedb84c3-dcc5-4b75-8e79-308771ab5a9f::urn:sumavision.com:service:X_SUMA_EVENT:1
10-31 17:05:20.909 D/HTTPMUSocket( 2429): HOST: 239.255.255.250:1900
10-31 17:05:20.909 D/HTTPMUSocket( 2429): 
10-31 17:05:20.909 D/HTTPMUSocket( 2429): bindAddr:null and port:-1
10-31 17:05:20.909 D/HTTPMUSocket( 2429): /192.168.1.102
10-31 17:05:20.910 D/Service ( 2429): service bye bye:urn:sumavision.com:service:X_SUMA_EVENT:1
10-31 17:05:20.910 D/Device  ( 2429): start beginPort=38520
10-31 17:05:20.910 I/HTTPServer( 2429): open socket with port : 38520:addr:
10-31 17:05:20.910 D/Device  ( 2429): start endPort=38520,count=1
10-31 17:05:20.910 D/HTTPServerList( 2429): start...with server size:1
10-31 17:05:20.910 D/HTTPServerList( 2429): Begin start server:org.cybergarage.a.h@3e6d2f20
10-31 17:05:20.916 D/HTTPMUSocket( 2429): open addr=239.255.255.250,port=1900,bindAddr=192.168.1.102
10-31 17:05:20.920 D/TimerUtil( 2429): waitRandom time=300,waitTime=120
10-31 17:05:20.920 D/Device  ( 2429): announce deviceDataBindAddress null
10-31 17:05:20.923 D/Device  ( 2429): announce 0 bindAddress=192.168.1.102
10-31 17:05:20.923 D/HTTPMUSocket( 2429): open addr=239.255.255.250,port=1900,bindAddr=192.168.1.102
10-31 17:05:20.926 D/HTTPMUSocket( 2429): send msg:NOTIFY * HTTP/1.1
10-31 17:05:20.926 D/HTTPMUSocket( 2429): Server: Linux/3.18.24_hi3798mv2x UPnP/1.0 CyberLinkJava/1.8
10-31 17:05:20.926 D/HTTPMUSocket( 2429): Cache-Control: max-age=1800
10-31 17:05:20.926 D/HTTPMUSocket( 2429): Location: http://192.168.1.102:38520/description.xml
10-31 17:05:20.926 D/HTTPMUSocket( 2429): NTS: ssdp:alive
10-31 17:05:20.926 D/HTTPMUSocket( 2429): NT: upnp:rootdevice
10-31 17:05:20.926 D/HTTPMUSocket( 2429): USN: uuid:bedb84c3-dcc5-4b75-8e79-308771ab5a9f::upnp:rootdevice
10-31 17:05:20.926 D/HTTPMUSocket( 2429): HOST: 239.255.255.250:1900
10-31 17:05:20.926 D/HTTPMUSocket( 2429): 
10-31 17:05:20.926 D/HTTPMUSocket( 2429): bindAddr:null and port:-1
10-31 17:05:20.927 D/HTTPMUSocket( 2429): /192.168.1.102
10-31 17:05:20.927 D/HTTPMUSocket( 2429): send msg:NOTIFY * HTTP/1.1
10-31 17:05:20.927 D/HTTPMUSocket( 2429): Server: Linux/3.18.24_hi3798mv2x UPnP/1.0 CyberLinkJava/1.8
10-31 17:05:20.927 D/HTTPMUSocket( 2429): Cache-Control: max-age=1800
10-31 17:05:20.927 D/HTTPMUSocket( 2429): Location: http://192.168.1.102:38520/description.xml
10-31 17:05:20.927 D/HTTPMUSocket( 2429): NTS: ssdp:alive
10-31 17:05:20.927 D/HTTPMUSocket( 2429): NT: uuid:bedb84c3-dcc5-4b75-8e79-308771ab5a9f
10-31 17:05:20.927 D/HTTPMUSocket( 2429): USN: uuid:bedb84c3-dcc5-4b75-8e79-308771ab5a9f
10-31 17:05:20.927 D/HTTPMUSocket( 2429): HOST: 239.255.255.250:1900
10-31 17:05:20.927 D/HTTPMUSocket( 2429): 
10-31 17:05:20.928 D/HTTPMUSocket( 2429): bindAddr:null and port:-1
10-31 17:05:20.928 D/HTTPMUSocket( 2429): /192.168.1.102
10-31 17:05:20.929 D/HTTPMUSocket( 2429): send msg:NOTIFY * HTTP/1.1
10-31 17:05:20.929 D/HTTPMUSocket( 2429): Server: Linux/3.18.24_hi3798mv2x UPnP/1.0 CyberLinkJava/1.8
10-31 17:05:20.929 D/HTTPMUSocket( 2429): Cache-Control: max-age=1800
10-31 17:05:20.929 D/HTTPMUSocket( 2429): Location: http://192.168.1.102:38520/description.xml
10-31 17:05:20.929 D/HTTPMUSocket( 2429): NTS: ssdp:alive
10-31 17:05:20.929 D/HTTPMUSocket( 2429): NT: urn:schemas-upnp-org:device:MediaServer:1
10-31 17:05:20.929 D/HTTPMUSocket( 2429): USN: uuid:bedb84c3-dcc5-4b75-8e79-308771ab5a9f::urn:schemas-upnp-org:device:MediaServer:1
10-31 17:05:20.929 D/HTTPMUSocket( 2429): HOST: 239.255.255.250:1900
10-31 17:05:20.929 D/HTTPMUSocket( 2429): 
10-31 17:05:20.929 D/HTTPMUSocket( 2429): bindAddr:null and port:-1
10-31 17:05:20.929 D/HTTPMUSocket( 2429): /192.168.1.102
10-31 17:05:20.930 D/Device  ( 2429): announce bindAddr=192.168.1.102,devLocation=http://192.168.1.102:38520/description.xml,location=http://192.168.1.102:38520/description.xml
10-31 17:05:20.930 D/Device  ( 2429): announce bindAddr=192.168.1.102,serviceDesUrl=
10-31 17:05:20.931 D/HTTPMUSocket( 2429): open addr=239.255.255.250,port=1900,bindAddr=192.168.1.102
10-31 17:05:20.931 D/BackBootDealerNeimeng( 2381): standbyState:
10-31 17:05:20.932 E/NetUtils( 2021): Interface eth0 LinkDown!
10-31 17:05:20.934 D/TimerUtil( 2429): waitRandom time=300,waitTime=122
10-31 17:05:20.934 D/HTTPMUSocket( 2429): send msg:NOTIFY * HTTP/1.1
10-31 17:05:20.934 D/HTTPMUSocket( 2429): Server: Linux/3.18.24_hi3798mv2x UPnP/1.0 CyberLinkJava/1.8
10-31 17:05:20.934 D/HTTPMUSocket( 2429): Cache-Control: max-age=1800
10-31 17:05:20.934 D/HTTPMUSocket( 2429): Location: http://192.168.1.102:38520/description.xml
10-31 17:05:20.934 D/HTTPMUSocket( 2429): NTS: ssdp:alive
10-31 17:05:20.934 D/HTTPMUSocket( 2429): NT: urn:schemas-upnp-org:service:ContentDirectory:1
10-31 17:05:20.934 D/HTTPMUSocket( 2429): USN: uuid:bedb84c3-dcc5-4b75-8e79-308771ab5a9f::urn:schemas-upnp-org:service:ContentDirectory:1
10-31 17:05:20.934 D/HTTPMUSocket( 2429): HOST: 239.255.255.250:1900
10-31 17:05:20.934 D/HTTPMUSocket( 2429): 
10-31 17:05:20.934 D/HTTPMUSocket( 2429): bindAddr:null and port:-1
10-31 17:05:20.936 D/HTTPMUSocket( 2429): /192.168.1.102
10-31 17:05:20.937 D/Device  ( 2429): announce bindAddr=192.168.1.102,serviceDesUrl=
10-31 17:05:20.938 D/HTTPMUSocket( 2429): open addr=239.255.255.250,port=1900,bindAddr=192.168.1.102
10-31 17:05:20.940 D/TimerUtil( 2429): waitRandom time=300,waitTime=222
10-31 17:05:20.941 D/HTTPMUSocket( 2429): send msg:NOTIFY * HTTP/1.1
10-31 17:05:20.941 D/HTTPMUSocket( 2429): Server: Linux/3.18.24_hi3798mv2x UPnP/1.0 CyberLinkJava/1.8
10-31 17:05:20.941 D/HTTPMUSocket( 2429): Cache-Control: max-age=1800
10-31 17:05:20.941 D/HTTPMUSocket( 2429): Location: http://192.168.1.102:38520/description.xml
10-31 17:05:20.941 D/HTTPMUSocket( 2429): NTS: ssdp:alive
10-31 17:05:20.941 D/HTTPMUSocket( 2429): NT: urn:schemas-upnp-org:service:ConnectionManager:1
10-31 17:05:20.941 D/HTTPMUSocket( 2429): USN: uuid:bedb84c3-dcc5-4b75-8e79-308771ab5a9f::urn:schemas-upnp-org:service:ConnectionManager:1
10-31 17:05:20.941 D/HTTPMUSocket( 2429): HOST: 239.255.255.250:1900
10-31 17:05:20.941 D/HTTPMUSocket( 2429): 
10-31 17:05:20.941 D/HTTPMUSocket( 2429): bindAddr:null and port:-1
10-31 17:05:20.941 D/HTTPMUSocket( 2429): /192.168.1.102
10-31 17:05:20.942 D/Device  ( 2429): announce bindAddr=192.168.1.102,serviceDesUrl=
10-31 17:05:20.942 D/HTTPMUSocket( 2429): open addr=239.255.255.250,port=1900,bindAddr=192.168.1.102
10-31 17:05:20.944 D/TimerUtil( 2429): waitRandom time=300,waitTime=217
10-31 17:05:20.944 D/HTTPMUSocket( 2429): send msg:NOTIFY * HTTP/1.1
10-31 17:05:20.944 D/HTTPMUSocket( 2429): Server: Linux/3.18.24_hi3798mv2x UPnP/1.0 CyberLinkJava/1.8
10-31 17:05:20.944 D/HTTPMUSocket( 2429): Cache-Control: max-age=1800
10-31 17:05:20.944 D/HTTPMUSocket( 2429): Location: http://192.168.1.102:38520/description.xml
10-31 17:05:20.944 D/HTTPMUSocket( 2429): NTS: ssdp:alive
10-31 17:05:20.944 D/HTTPMUSocket( 2429): NT: urn:schemas-upnp-org:service:AVTransport:1
10-31 17:05:20.944 D/HTTPMUSocket( 2429): USN: uuid:bedb84c3-dcc5-4b75-8e79-308771ab5a9f::urn:schemas-upnp-org:service:AVTransport:1
10-31 17:05:20.944 D/HTTPMUSocket( 2429): HOST: 239.255.255.250:1900
10-31 17:05:20.944 D/HTTPMUSocket( 2429): 
10-31 17:05:20.944 D/HTTPMUSocket( 2429): bindAddr:null and port:-1
10-31 17:05:20.945 D/HTTPMUSocket( 2429): /192.168.1.102
10-31 17:05:20.946 D/Device  ( 2429): announce bindAddr=192.168.1.102,serviceDesUrl=
10-31 17:05:20.946 D/HTTPMUSocket( 2429): open addr=239.255.255.250,port=1900,bindAddr=192.168.1.102
10-31 17:05:20.949 D/TimerUtil( 2429): waitRandom time=300,waitTime=51
10-31 17:05:20.949 D/HTTPMUSocket( 2429): send msg:NOTIFY * HTTP/1.1
10-31 17:05:20.949 D/HTTPMUSocket( 2429): Server: Linux/3.18.24_hi3798mv2x UPnP/1.0 CyberLinkJava/1.8
10-31 17:05:20.949 D/HTTPMUSocket( 2429): Cache-Control: max-age=1800
10-31 17:05:20.949 D/HTTPMUSocket( 2429): Location: http://192.168.1.102:38520/description.xml
10-31 17:05:20.949 D/HTTPMUSocket( 2429): NTS: ssdp:alive
10-31 17:05:20.949 D/HTTPMUSocket( 2429): NT: urn:sumavision.com:service:X_SUMA_EVENT:1
10-31 17:05:20.949 D/HTTPMUSocket( 2429): USN: uuid:bedb84c3-dcc5-4b75-8e79-308771ab5a9f::urn:sumavision.com:service:X_SUMA_EVENT:1
10-31 17:05:20.949 D/HTTPMUSocket( 2429): HOST: 239.255.255.250:1900
10-31 17:05:20.949 D/HTTPMUSocket( 2429): 
10-31 17:05:20.949 D/HTTPMUSocket( 2429): bindAddr:null and port:-1
10-31 17:05:20.949 D/HTTPMUSocket( 2429): /192.168.1.102
10-31 17:05:20.950 I/CAEventService( 2429): startCAEventMonitor mediaServer:com.suma.midware.dms.c.g@114448c6
10-31 17:05:20.950 I/HTTPServer( 2429): open socket with port : 9527:addr:
10-31 17:05:20.950 D/HTTPServerList( 2429): start...with server size:1
10-31 17:05:20.950 D/HTTPServerList( 2429): Begin start server:org.cybergarage.a.h@2b9900d9
10-31 17:05:20.950 D/Advertiser( 2429): Advertise12:34000 at time:1509440720950 with thread:org.cybergarage.d.b.a@2f3daa9e
10-31 17:05:20.956 D/FileIOUtil( 2429): [TN_ThreadUtil-restart_dms_service]forceCreateFile filePath=/data/ngb/rma/js/fileinfo.js,isDir=false
10-31 17:05:20.956 D/FileIOUtil( 2429): [TN_ThreadUtil-restart_dms_service]forceCreateFile file=/data/ngb/rma/js/fileinfo.js,isDir=false
10-31 17:05:20.956 E/MediaJs ( 2429): [TN_ThreadUtil-restart_dms_service]writeJsFile path=/data/ngb/rma/js/fileinfo.js create failed
10-31 17:05:21.054 E/hcdn_upload( 2923): HCDN_LOG: [2017/10/31-17:05:21:054]:Update uload speed 1 kbps ,real:0 kbps,qsize:0,maxsize:12,timeout_speed:0 kbps 
10-31 17:05:21.433 D/BackBootDealerNeimeng( 2381): standbyState:
10-31 17:05:21.434 E/NetUtils( 2021): Interface eth0 LinkDown!
10-31 17:05:21.769 D/ir_user ( 1599): PlayerTimeLineTrace:linux_keycode:0x66(DOWN),	protocol: .
10-31 17:05:21.769 V/PT      ( 1582): >>INFO:irkey_task:[    1177.264712] /dev/input/event0: type=0001 code=0066 val=00000001
10-31 17:05:21.769 V/PT      ( 1582): >> HI3798C_ERRO:irkey_send-310- 
10-31 17:05:21.769 V/PT      ( 1582): unkown key=0x66
10-31 17:05:21.769 V/PT      ( 1582): >>INFO:irkey_send:0x3001 0x108e down
10-31 17:05:21.769 V/SUMA    ( 1582): ++++++++++++++  _roc_evtmgr_key_cbk 517:input = 12289, event=4238, act=0x100
10-31 17:05:21.769 V/SUMA    ( 1582): lxm:_roc_evtmgr_key_cbk 519 1177265
10-31 17:05:21.769 V/SUMA    ( 1582): lxm:_roc_evtmgr_add_evt_into_queue 347 1177265
10-31 17:05:21.769 V/PT      ( 1582): >>INFO:irkey_task:[    1177.264712] /dev/input/event0: type=0000 code=0000 val=00000000
10-31 17:05:21.769 V/SUMA    ( 1582): ===================>> type=0 src=0 evt=4238 act=0x100
10-31 17:05:21.769 V/SUMA    ( 1582): [sysset-s][event_manager_cbk 78]lxm cbid=1, cbk_reg=1, cpid=2450
10-31 17:05:21.770 D/NGBEvent( 2450): ngbEventCallBack type:0 source :4238
10-31 17:05:21.770 D/NGBEvent( 2450): Input key event: keyCode=4238
10-31 17:05:21.770 D/NGBEvent( 2450): src:4238 = dest:4238
10-31 17:05:21.770 I/System.out( 2450): [DEBUG EventManager] LWJ--Add event to java with evt=NgbEvent-[type = 1, subtype = 401, code = 4238]
10-31 17:05:21.770 D/NGBEvent( 2450): [NGBEvent_log]--[EventManager--JNI]:		start
10-31 17:05:21.770 I/System.out( 2450): [DEBUG EventManager] broadcastEvent  :len 1
10-31 17:05:21.770 D/CombineKeyUtil( 2450): [TN_pool-1-thread-1]dealKeyEvent,combineIndex:-1:keyCode:0
10-31 17:05:21.770 D/KeyEventNgbDealer( 2450): [TN_pool-1-thread-1]handleKeyPressed keyEvent=NgbEvent-[type = 1, subtype = 401, code = 4238],time=1177266
10-31 17:05:21.770 D/NGBEvent( 2450): [NGBEventManager-JNI]-returning:1
10-31 17:05:21.934 D/BackBootDealerNeimeng( 2381): standbyState:
10-31 17:05:21.935 E/NetUtils( 2021): Interface eth0 LinkDown!
10-31 17:05:21.978 D/ir_user ( 1599): PlayerTimeLineTrace:linux_keycode:0x66(UP),	protocol: .
10-31 17:05:21.978 V/PT      ( 1582): >>INFO:irkey_task:[    1177.474307] /dev/input/event0: type=0001 code=0066 val=00000000
10-31 17:05:21.978 V/PT      ( 1582): >> HI3798C_ERRO:irkey_send-310- 
10-31 17:05:21.978 V/PT      ( 1582): unkown key=0x66
10-31 17:05:21.978 V/PT      ( 1582): >>INFO:irkey_send:0x3001 0x108e up  
10-31 17:05:21.978 V/SUMA    ( 1582): ++++++++++++++  _roc_evtmgr_key_cbk 517:input = 12289, event=4238, act=0x400
10-31 17:05:21.979 V/SUMA    ( 1582): lxm:_roc_evtmgr_key_cbk 519 1177474
10-31 17:05:21.979 V/SUMA    ( 1582): lxm:_roc_evtmgr_add_key_into_queue 311 1177474
10-31 17:05:21.979 V/PT      ( 1582): >>INFO:irkey_task:[    1177.474307] /dev/input/event0: type=0000 code=0000 val=00000000
10-31 17:05:21.979 V/SUMA    ( 1582): ===================>> type=0 src=0 evt=4238 act=0x400
