10-31 15:09:55.420 D/base::Ini(15503): [getOption] getOption name='debug-eventManager-level' value=''.
10-31 15:09:55.420 D/base::Ini(15503): [getOption] getOption name='debug-eventManager-level' value=''.
10-31 15:09:55.420 D/base::Ini(15503): [getOption] getOption name='debug-eventManager-level' value=''.
10-31 15:09:55.420 D/base::Ini(15503): [getOption] getOption name='debug-eventManager-level' value=''.
10-31 15:09:55.420 D/base::Ini(15503): [getOption] getOption name='debug-eventManager-level' value=''.
10-31 15:09:55.620 D/base::Ini(15503): [getOption] getOption name='debug-eventManager-level' value=''.
10-31 15:09:55.621 D/base::Ini(15503): [getOption] getOption name='debug-eventManager-level' value=''.
10-31 15:09:55.621 D/base::Ini(15503): [getOption] getOption name='debug-eventManager-level' value=''.
10-31 15:09:55.621 D/base::Ini(15503): [getOption] getOption name='debug-eventManager-level' value=''.
10-31 15:09:55.621 D/base::Ini(15503): [getOption] getOption name='debug-eventManager-level' value=''.
10-31 15:09:55.621 D/base::Ini(15503): [getOption] getOption name='debug-eventManager-level' value=''.
10-31 15:09:55.621 D/base::Ini(15503): [getOption] getOption name='debug-eventManager-level' value=''.
10-31 15:09:55.621 D/base::Ini(15503): [getOption] getOption name='debug-eventManager-level' value=''.
10-31 15:09:55.621 D/base::Ini(15503): [getOption] getOption name='debug-eventManager-level' value=''.
10-31 15:09:55.621 D/base::Ini(15503): [getOption] getOption name='debug-eventManager-level' value=''.
10-31 15:09:55.621 D/base::Ini(15503): [getOption] getOption name='debug-eventManager-level' value=''.
10-31 15:09:55.621 I/Advanced(15503): [QUEUE] share_queue_sendEx size:1 4097 8435 0x8eb349e8,postLoopId:0,dstid:1.
10-31 15:09:55.621 D/base::Ini(15503): [getOption] getOption name='debug-eventManager-level' value=''.
10-31 15:09:55.621 D/base::Ini(15503): [getOption] getOption name='debug-eventManager-level' value=''.
10-31 15:09:55.621 D/base::Ini(15503): [getOption] getOption name='debug-eventManager-level' value=''.
10-31 15:09:55.621 D/base::Ini(15503): [getOption] getOption name='debug-eventManager-level' value=''.
10-31 15:09:55.621 D/base::Ini(15503): [getOption] getOption name='debug-eventManager-level' value=''.
10-31 15:09:55.621 D/base::Ini(15503): [getOption] getOption name='debug-eventManager-level' value=''.
10-31 15:09:55.621 D/base::Ini(15503): [getOption] getOption name='debug-eventManager-level' value=''.
10-31 15:09:55.621 D/base::Ini(15503): [getOption] getOption name='debug-netdev-level' value=''.
10-31 15:09:55.621 D/base::Ini(15503): [getOption] getOption name='debug-netdev-level' value=''.
10-31 15:09:55.621 D/base::Ini(15503): [getOption] getOption name='debug-netdev-level' value=''.
10-31 15:09:55.621 D/base::Ini(15503): [getOption] getOption name='debug-netdev-level' value=''.
10-31 15:09:55.622 D/base::Ini(15503): [getOption] getOption name='debug-netdev-level' value=''.
10-31 15:09:55.622 D/base::Ini(15503): [getOption] getOption name='debug-netdev-level' value=''.
10-31 15:09:55.622 D/base::Ini(15503): [getOption] getOption name='debug-netdev-level' value=''.
10-31 15:09:55.622 D/base::Ini(15503): [getOption] getOption name='debug-netdev-level' value=''.
10-31 15:09:55.622 D/base::Ini(15503): [getOption] getOption name='debug-eventManager-level' value=''.
10-31 15:09:55.622 D/base::Ini(15503): [getOption] getOption name='debug-eventManager-level' value=''.
10-31 15:09:55.622 D/base::Ini(15503): [getOption] getOption name='debug-eventManager-level' value=''.
10-31 15:09:55.622 D/base::Ini(15503): [getOption] getOption name='debug-eventManager-level' value=''.
10-31 15:09:55.622 D/base::Ini(15503): [getOption] getOption name='debug-eventManager-level' value=''.
10-31 15:09:55.622 D/base::Ini(15503): [getOption] getOption name='debug-eventManager-level' value=''.
10-31 15:09:55.622 D/base::Ini(15503): [getOption] getOption name='debug-eventManager-level' value=''.
10-31 15:09:55.622 D/base::Ini(15503): [getOption] getOption name='debug-eventManager-level' value=''.
10-31 15:09:55.622 D/base::Ini(15503): [getOption] getOption name='debug-eventManager-level' value=''.
10-31 15:09:55.622 D/base::Ini(15503): [getOption] getOption name='debug-eventManager-level' value=''.
10-31 15:09:55.622 D/base::Ini(15503): [getOption] getOption name='debug-eventManager-level' value=''.
10-31 15:09:55.622 D/base::Ini(15503): [getOption] getOption name='debug-eventManager-level' value=''.
10-31 15:09:55.622 D/base::Ini(15503): [getOption] getOption name='debug-eventManager-level' value=''.
10-31 15:09:55.622 D/base::Ini(15503): [getOption] getOption name='debug-eventManager-level' value=''.
10-31 15:09:55.622 D/base::Ini(15503): [getOption] getOption name='debug-eventManager-level' value=''.
10-31 15:09:55.622 D/base::Ini(15503): [getOption] getOption name='debug-eventManager-level' value=''.
10-31 15:09:55.733 I/AdvancedPorting-PORT_MODULE_NET(15503): network_task while... 
10-31 15:09:55.734 I/AdvancedPorting-PORT_MODULE_NET(15503): 0 interface name: lo
10-31 15:09:55.734 I/AdvancedPorting-PORT_MODULE_NET(15503): 1 interface name: wlan0
10-31 15:09:55.734 I/AdvancedPorting-PORT_MODULE_NET(15503): First interface name: lo
10-31 15:09:55.734 I/AdvancedPorting-PORT_MODULE_NET(15503): network_task while...  net_i:1
10-31 15:09:55.734 I/AdvancedPorting-PORT_MODULE_NET(15503): network_task while---name_interface[0]=lo
10-31 15:09:55.734 I/AdvancedPorting-PORT_MODULE_NET(15503): network_task while---name_interface[1]=wlan0
10-31 15:09:55.734 I/AdvancedPorting-PORT_MODULE_NET(15503): network_task while---interface_name=wlan0
10-31 15:09:55.734 I/AdvancedPorting-PORT_MODULE_NET(15503): network_get_netlink_status(in)--if_name=wlan0
10-31 15:09:55.734 I/AdvancedPorting-PORT_MODULE_NET(15503): net.network.isconnected = no
10-31 15:09:55.734 I/AdvancedPorting-PORT_MODULE_NET(15503): wlan0 --network_get_netlink_status return retval=1
10-31 15:09:55.734 I/AdvancedPorting-PORT_MODULE_NET(15503): stat = 1 last_status = 1
10-31 15:09:55.736 D/BackBootDealerNeimeng( 2389): standbyState:
10-31 15:09:55.737 E/NetUtils( 2020): Interface eth0 LinkDown!
10-31 15:09:55.822 D/base::Ini(15503): [getOption] getOption name='debug-eventManager-level' value=''.
10-31 15:09:55.823 D/base::Ini(15503): [getOption] getOption name='debug-eventManager-level' value=''.
10-31 15:09:55.823 D/base::Ini(15503): [getOption] getOption name='debug-eventManager-level' value=''.
10-31 15:09:55.823 D/base::Ini(15503): [getOption] getOption name='debug-eventManager-level' value=''.
10-31 15:09:55.823 D/base::Ini(15503): [getOption] getOption name='debug-eventManager-level' value=''.
10-31 15:09:55.823 D/base::Ini(15503): [getOption] getOption name='debug-eventManager-level' value=''.
10-31 15:09:55.823 D/base::Ini(15503): [getOption] getOption name='debug-eventManager-level' value=''.
10-31 15:09:55.823 D/base::Ini(15503): [getOption] getOption name='debug-eventManager-level' value=''.
10-31 15:09:55.823 D/base::Ini(15503): [getOption] getOption name='debug-eventManager-level' value=''.
10-31 15:09:55.823 D/base::Ini(15503): [getOption] getOption name='debug-eventManager-level' value=''.
10-31 15:09:55.823 D/base::Ini(15503): [getOption] getOption name='debug-eventManager-level' value=''.
10-31 15:09:55.823 I/Advanced(15503): [QUEUE] share_queue_sendEx size:1 4097 8436 0x8eb349e8,postLoopId:0,dstid:1.
10-31 15:09:55.823 D/base::Ini(15503): [getOption] getOption name='debug-eventManager-level' value=''.
10-31 15:09:55.823 D/base::Ini(15503): [getOption] getOption name='debug-eventManager-level' value=''.
10-31 15:09:55.823 D/base::Ini(15503): [getOption] getOption name='debug-eventManager-level' value=''.
10-31 15:09:55.823 D/base::Ini(15503): [getOption] getOption name='debug-eventManager-level' value=''.
10-31 15:09:55.823 D/base::Ini(15503): [getOption] getOption name='debug-eventManager-level' value=''.
10-31 15:09:55.823 D/base::Ini(15503): [getOption] getOption name='debug-eventManager-level' value=''.
10-31 15:09:55.823 D/base::Ini(15503): [getOption] getOption name='debug-eventManager-level' value=''.
10-31 15:09:55.824 D/base::Ini(15503): [getOption] getOption name='debug-netdev-level' value=''.
10-31 15:09:55.824 D/base::Ini(15503): [getOption] getOption name='debug-netdev-level' value=''.
10-31 15:09:55.824 D/base::Ini(15503): [getOption] getOption name='debug-netdev-level' value=''.
10-31 15:09:55.824 D/base::Ini(15503): [getOption] getOption name='debug-netdev-level' value=''.
10-31 15:09:55.824 D/base::Ini(15503): [getOption] getOption name='debug-netdev-level' value=''.
10-31 15:09:55.824 D/base::Ini(15503): [getOption] getOption name='debug-netdev-level' value=''.
10-31 15:09:55.824 D/base::Ini(15503): [getOption] getOption name='debug-netdev-level' value=''.
10-31 15:09:55.824 D/base::Ini(15503): [getOption] getOption name='debug-netdev-level' value=''.
10-31 15:09:55.824 D/base::Ini(15503): [getOption] getOption name='debug-eventManager-level' value=''.
10-31 15:09:55.824 D/base::Ini(15503): [getOption] getOption name='debug-eventManager-level' value=''.
10-31 15:09:55.824 D/base::Ini(15503): [getOption] getOption name='debug-eventManager-level' value=''.
10-31 15:09:55.824 D/base::Ini(15503): [getOption] getOption name='debug-eventManager-level' value=''.
10-31 15:09:55.824 D/base::Ini(15503): [getOption] getOption name='debug-eventManager-level' value=''.
10-31 15:09:55.824 D/base::Ini(15503): [getOption] getOption name='debug-eventManager-level' value=''.
10-31 15:09:55.824 D/base::Ini(15503): [getOption] getOption name='debug-eventManager-level' value=''.
10-31 15:09:55.824 D/base::Ini(15503): [getOption] getOption name='debug-eventManager-level' value=''.
10-31 15:09:55.824 D/base::Ini(15503): [getOption] getOption name='debug-eventManager-level' value=''.
10-31 15:09:55.824 D/base::Ini(15503): [getOption] getOption name='debug-eventManager-level' value=''.
10-31 15:09:55.824 D/base::Ini(15503): [getOption] getOption name='debug-eventManager-level' value=''.
10-31 15:09:55.824 D/base::Ini(15503): [getOption] getOption name='debug-eventManager-level' value=''.
10-31 15:09:55.824 D/base::Ini(15503): [getOption] getOption name='debug-eventManager-level' value=''.
10-31 15:09:55.824 D/base::Ini(15503): [getOption] getOption name='debug-eventManager-level' value=''.
10-31 15:09:55.824 D/base::Ini(15503): [getOption] getOption name='debug-eventManager-level' value=''.
10-31 15:09:55.824 D/base::Ini(15503): [getOption] getOption name='debug-eventManager-level' value=''.
10-31 15:09:56.024 D/base::Ini(15503): [getOption] getOption name='debug-eventManager-level' value=''.
10-31 15:09:56.024 D/base::Ini(15503): [getOption] getOption name='debug-eventManager-level' value=''.
10-31 15:09:56.024 D/base::Ini(15503): [getOption] getOption name='debug-eventManager-level' value=''.
10-31 15:09:56.024 D/base::Ini(15503): [getOption] getOption name='debug-eventManager-level' value=''.
10-31 15:09:56.024 D/base::Ini(15503): [getOption] getOption name='debug-eventManager-level' value=''.
10-31 15:09:56.024 D/base::Ini(15503): [getOption] getOption name='debug-eventManager-level' value=''.
10-31 15:09:56.024 D/base::Ini(15503): [getOption] getOption name='debug-eventManager-level' value=''.
10-31 15:09:56.024 D/base::Ini(15503): [getOption] getOption name='debug-eventManager-level' value=''.
10-31 15:09:56.024 D/base::Ini(15503): [getOption] getOption name='debug-eventManager-level' value=''.
10-31 15:09:56.024 D/base::Ini(15503): [getOption] getOption name='debug-eventManager-level' value=''.
10-31 15:09:56.024 D/base::Ini(15503): [getOption] getOption name='debug-eventManager-level' value=''.
10-31 15:09:56.024 D/base::Ini(15503): [getOption] getOption name='debug-netdev-level' value=''.
10-31 15:09:56.024 D/base::Ini(15503): [getOption] getOption name='debug-netdev-level' value=''.
10-31 15:09:56.024 D/base::Ini(15503): [getOption] getOption name='debug-netdev-level' value=''.
10-31 15:09:56.024 D/base::Ini(15503): [getOption] getOption name='debug-netdev-level' value=''.
10-31 15:09:56.034 D/base::Ini(15503): [getOption] getOption name='debug-eventManager-level' value=''.
10-31 15:09:56.034 D/base::Ini(15503): [getOption] getOption name='debug-eventManager-level' value=''.
10-31 15:09:56.034 D/base::Ini(15503): [getOption] getOption name='debug-eventManager-level' value=''.
10-31 15:09:56.034 D/base::Ini(15503): [getOption] getOption name='debug-eventManager-level' value=''.
10-31 15:09:56.034 D/base::Ini(15503): [getOption] getOption name='debug-eventManager-level' value=''.
10-31 15:09:56.034 D/base::Ini(15503): [getOption] getOption name='debug-eventManager-level' value=''.
10-31 15:09:56.034 D/base::Ini(15503): [getOption] getOption name='debug-eventManager-level' value=''.
10-31 15:09:56.035 D/base::Ini(15503): [getOption] getOption name='debug-eventManager-level' value=''.
10-31 15:09:56.035 D/base::Ini(15503): [getOption] getOption name='debug-eventManager-level' value=''.
10-31 15:09:56.035 D/base::Ini(15503): [getOption] getOption name='debug-eventManager-level' value=''.
10-31 15:09:56.035 D/base::Ini(15503): [getOption] getOption name='debug-netdev-level' value=''.
10-31 15:09:56.035 D/base::Ini(15503): [getOption] getOption name='debug-netdev-level' value=''.
10-31 15:09:56.035 D/base::Ini(15503): [getOption] getOption name='debug-netdev-level' value=''.
10-31 15:09:56.035 D/base::Ini(15503): [getOption] getOption name='debug-netdev-level' value=''.
10-31 15:09:56.035 D/base::Ini(15503): [getOption] getOption name='debug-eventManager-level' value=''.
10-31 15:09:56.035 D/base::Ini(15503): [getOption] getOption name='debug-eventManager-level' value=''.
10-31 15:09:56.035 D/base::Ini(15503): [getOption] getOption name='debug-eventManager-level' value=''.
10-31 15:09:56.035 D/base::Ini(15503): [getOption] getOption name='debug-eventManager-level' value=''.
10-31 15:09:56.035 D/base::Ini(15503): [getOption] getOption name='debug-eventManager-level' value=''.
10-31 15:09:56.035 D/base::Ini(15503): [getOption] getOption name='debug-eventManager-level' value=''.
10-31 15:09:56.035 D/base::Ini(15503): [getOption] getOption name='debug-eventManager-level' value=''.
10-31 15:09:56.035 D/base::Ini(15503): [getOption] getOption name='debug-eventManager-level' value=''.
10-31 15:09:56.035 D/base::Ini(15503): [getOption] getOption name='debug-eventManager-level' value=''.
10-31 15:09:56.035 D/base::Ini(15503): [getOption] getOption name='debug-eventManager-level' value=''.
10-31 15:09:56.035 D/base::Ini(15503): [getOption] getOption name='debug-eventManager-level' value=''.
10-31 15:09:56.035 D/base::Ini(15503): [getOption] getOption name='debug-eventManager-level' value=''.
10-31 15:09:56.035 D/base::Ini(15503): [getOption] getOption name='debug-eventManager-level' value=''.
10-31 15:09:56.035 D/base::Ini(15503): [getOption] getOption name='debug-eventManager-level' value=''.
10-31 15:09:56.035 D/base::Ini(15503): [getOption] getOption name='debug-eventManager-level' value=''.
10-31 15:09:56.035 D/base::Ini(15503): [getOption] getOption name='debug-eventManager-level' value=''.
10-31 15:09:56.235 D/base::Ini(15503): [getOption] getOption name='debug-eventManager-level' value=''.
10-31 15:09:56.235 D/base::Ini(15503): [getOption] getOption name='debug-eventManager-level' value=''.
10-31 15:09:56.235 D/base::Ini(15503): [getOption] getOption name='debug-eventManager-level' value=''.
10-31 15:09:56.235 D/base::Ini(15503): [getOption] getOption name='debug-eventManager-level' value=''.
10-31 15:09:56.235 D/base::Ini(15503): [getOption] getOption name='debug-eventManager-level' value=''.
10-31 15:09:56.235 D/base::Ini(15503): [getOption] getOption name='debug-eventManager-level' value=''.
10-31 15:09:56.235 D/base::Ini(15503): [getOption] getOption name='debug-eventManager-level' value=''.
10-31 15:09:56.235 D/base::Ini(15503): [getOption] getOption name='debug-eventManager-level' value=''.
10-31 15:09:56.235 D/base::Ini(15503): [getOption] getOption name='debug-eventManager-level' value=''.
10-31 15:09:56.235 D/base::Ini(15503): [getOption] getOption name='debug-eventManager-level' value=''.
10-31 15:09:56.235 D/base::Ini(15503): [getOption] getOption name='debug-eventManager-level' value=''.
10-31 15:09:56.235 D/base::Ini(15503): [getOption] getOption name='debug-netdev-level' value=''.
10-31 15:09:56.235 D/base::Ini(15503): [getOption] getOption name='debug-netdev-level' value=''.
10-31 15:09:56.235 D/base::Ini(15503): [getOption] getOption name='debug-netdev-level' value=''.
10-31 15:09:56.235 D/base::Ini(15503): [getOption] getOption name='debug-netdev-level' value=''.
10-31 15:09:56.237 D/BackBootDealerNeimeng( 2389): standbyState:
10-31 15:09:56.238 E/NetUtils( 2020): Interface eth0 LinkDown!
10-31 15:09:56.245 D/base::Ini(15503): [getOption] getOption name='debug-eventManager-level' value=''.
10-31 15:09:56.245 D/base::Ini(15503): [getOption] getOption name='debug-eventManager-level' value=''.
10-31 15:09:56.245 D/base::Ini(15503): [getOption] getOption name='debug-eventManager-level' value=''.
10-31 15:09:56.245 D/base::Ini(15503): [getOption] getOption name='debug-eventManager-level' value=''.
10-31 15:09:56.245 D/base::Ini(15503): [getOption] getOption name='debug-eventManager-level' value=''.
10-31 15:09:56.245 D/base::Ini(15503): [getOption] getOption name='debug-eventManager-level' value=''.
10-31 15:09:56.245 D/base::Ini(15503): [getOption] getOption name='debug-eventManager-level' value=''.
10-31 15:09:56.245 D/base::Ini(15503): [getOption] getOption name='debug-eventManager-level' value=''.
10-31 15:09:56.245 D/base::Ini(15503): [getOption] getOption name='debug-eventManager-level' value=''.
10-31 15:09:56.246 D/base::Ini(15503): [getOption] getOption name='debug-eventManager-level' value=''.
10-31 15:09:56.246 D/base::Ini(15503): [getOption] getOption name='debug-netdev-level' value=''.
10-31 15:09:56.246 D/base::Ini(15503): [getOption] getOption name='debug-netdev-level' value=''.
10-31 15:09:56.246 D/base::Ini(15503): [getOption] getOption name='debug-netdev-level' value=''.
10-31 15:09:56.246 D/base::Ini(15503): [getOption] getOption name='debug-netdev-level' value=''.
10-31 15:09:56.246 D/base::Ini(15503): [getOption] getOption name='debug-eventManager-level' value=''.
10-31 15:09:56.246 D/base::Ini(15503): [getOption] getOption name='debug-eventManager-level' value=''.
10-31 15:09:56.246 D/base::Ini(15503): [getOption] getOption name='debug-eventManager-level' value=''.
10-31 15:09:56.246 D/base::Ini(15503): [getOption] getOption name='debug-eventManager-level' value=''.
10-31 15:09:56.246 D/base::Ini(15503): [getOption] getOption name='debug-eventManager-level' value=''.
10-31 15:09:56.246 D/base::Ini(15503): [getOption] getOption name='debug-eventManager-level' value=''.
10-31 15:09:56.246 D/base::Ini(15503): [getOption] getOption name='debug-eventManager-level' value=''.
10-31 15:09:56.246 D/base::Ini(15503): [getOption] getOption name='debug-eventManager-level' value=''.
10-31 15:09:56.246 D/base::Ini(15503): [getOption] getOption name='debug-eventManager-level' value=''.
10-31 15:09:56.246 D/base::Ini(15503): [getOption] getOption name='debug-eventManager-level' value=''.
10-31 15:09:56.246 D/base::Ini(15503): [getOption] getOption name='debug-eventManager-level' value=''.
10-31 15:09:56.246 D/base::Ini(15503): [getOption] getOption name='debug-eventManager-level' value=''.
10-31 15:09:56.246 D/base::Ini(15503): [getOption] getOption name='debug-eventManager-level' value=''.
10-31 15:09:56.246 D/base::Ini(15503): [getOption] getOption name='debug-eventManager-level' value=''.
10-31 15:09:56.246 D/base::Ini(15503): [getOption] getOption name='debug-eventManager-level' value=''.
10-31 15:09:56.246 D/base::Ini(15503): [getOption] getOption name='debug-eventManager-level' value=''.
10-31 15:09:56.447 D/base::Ini(15503): [getOption] getOption name='debug-eventManager-level' value=''.
10-31 15:09:56.447 D/base::Ini(15503): [getOption] getOption name='debug-eventManager-level' value=''.
10-31 15:09:56.447 D/base::Ini(15503): [getOption] getOption name='debug-eventManager-level' value=''.
10-31 15:09:56.447 D/base::Ini(15503): [getOption] getOption name='debug-eventManager-level' value=''.
10-31 15:09:56.447 D/base::Ini(15503): [getOption] getOption name='debug-eventManager-level' value=''.
10-31 15:09:56.447 D/base::Ini(15503): [getOption] getOption name='debug-eventManager-level' value=''.
10-31 15:09:56.447 D/base::Ini(15503): [getOption] getOption name='debug-eventManager-level' value=''.
10-31 15:09:56.447 D/base::Ini(15503): [getOption] getOption name='debug-eventManager-level' value=''.
10-31 15:09:56.447 D/base::Ini(15503): [getOption] getOption name='debug-eventManager-level' value=''.
10-31 15:09:56.447 D/base::Ini(15503): [getOption] getOption name='debug-netdev-level' value=''.
10-31 15:09:56.447 D/base::Ini(15503): [getOption] getOption name='debug-netdev-level' value=''.
10-31 15:09:56.447 D/base::Ini(15503): [getOption] getOption name='debug-netdev-level' value=''.
10-31 15:09:56.447 D/base::Ini(15503): [getOption] getOption name='debug-netdev-level' value=''.
10-31 15:09:56.447 D/base::Ini(15503): [getOption] getOption name='debug-eventManager-level' value=''.
10-31 15:09:56.447 D/base::Ini(15503): [getOption] getOption name='debug-netdev-level' value=''.
10-31 15:09:56.447 D/base::Ini(15503): [getOption] getOption name='debug-netdev-level' value=''.
10-31 15:09:56.447 D/base::Ini(15503): [getOption] getOption name='debug-netdev-level' value=''.
10-31 15:09:56.447 D/base::Ini(15503): [getOption] getOption name='debug-netdev-level' value=''.
10-31 15:09:56.448 D/base::Ini(15503): [getOption] getOption name='debug-eventManager-level' value=''.
10-31 15:09:56.448 D/base::Ini(15503): [getOption] getOption name='debug-eventManager-level' value=''.
10-31 15:09:56.448 D/base::Ini(15503): [getOption] getOption name='debug-eventManager-level' value=''.
10-31 15:09:56.448 D/base::Ini(15503): [getOption] getOption name='debug-eventManager-level' value=''.
10-31 15:09:56.448 D/base::Ini(15503): [getOption] getOption name='debug-eventManager-level' value=''.
10-31 15:09:56.448 D/base::Ini(15503): [getOption] getOption name='debug-eventManager-level' value=''.
10-31 15:09:56.448 D/base::Ini(15503): [getOption] getOption name='debug-eventManager-level' value=''.
10-31 15:09:56.448 D/base::Ini(15503): [getOption] getOption name='debug-eventManager-level' value=''.
10-31 15:09:56.448 D/base::Ini(15503): [getOption] getOption name='debug-eventManager-level' value=''.
10-31 15:09:56.448 D/base::Ini(15503): [getOption] getOption name='debug-eventManager-level' value=''.
10-31 15:09:56.448 D/base::Ini(15503): [getOption] getOption name='debug-eventManager-level' value=''.
10-31 15:09:56.448 D/base::Ini(15503): [getOption] getOption name='debug-eventManager-level' value=''.
10-31 15:09:56.448 D/base::Ini(15503): [getOption] getOption name='debug-eventManager-level' value=''.
10-31 15:09:56.448 D/base::Ini(15503): [getOption] getOption name='debug-eventManager-level' value=''.
10-31 15:09:56.448 D/base::Ini(15503): [getOption] getOption name='debug-eventManager-level' value=''.
10-31 15:09:56.448 D/base::Ini(15503): [getOption] getOption name='debug-eventManager-level' value=''.
10-31 15:09:56.448 D/base::Ini(15503): [getOption] getOption name='debug-eventManager-level' value=''.
10-31 15:09:56.448 D/base::Ini(15503): [getOption] getOption name='debug-eventManager-level' value=''.
10-31 15:09:56.448 D/base::Ini(15503): [getOption] getOption name='debug-eventManager-level' value=''.
10-31 15:09:56.648 D/base::Ini(15503): [getOption] getOption name='debug-eventManager-level' value=''.
10-31 15:09:56.648 D/base::Ini(15503): [getOption] getOption name='debug-eventManager-level' value=''.
10-31 15:09:56.648 D/base::Ini(15503): [getOption] getOption name='debug-eventManager-level' value=''.
10-31 15:09:56.649 D/base::Ini(15503): [getOption] getOption name='debug-eventManager-level' value=''.
10-31 15:09:56.649 D/base::Ini(15503): [getOption] getOption name='debug-eventManager-level' value=''.
10-31 15:09:56.649 D/base::Ini(15503): [getOption] getOption name='debug-eventManager-level' value=''.
10-31 15:09:56.649 D/base::Ini(15503): [getOption] getOption name='debug-eventManager-level' value=''.
10-31 15:09:56.649 D/base::Ini(15503): [getOption] getOption name='debug-eventManager-level' value=''.
10-31 15:09:56.649 D/base::Ini(15503): [getOption] getOption name='debug-netdev-level' value=''.
10-31 15:09:56.649 D/base::Ini(15503): [getOption] getOption name='debug-netdev-level' value=''.
10-31 15:09:56.649 D/base::Ini(15503): [getOption] getOption name='debug-netdev-level' value=''.
10-31 15:09:56.649 D/base::Ini(15503): [getOption] getOption name='debug-netdev-level' value=''.
10-31 15:09:56.649 D/base::Ini(15503): [getOption] getOption name='debug-eventManager-level' value=''.
10-31 15:09:56.649 D/base::Ini(15503): [getOption] getOption name='debug-eventManager-level' value=''.
10-31 15:09:56.649 D/base::Ini(15503): [getOption] getOption name='debug-netdev-level' value=''.
10-31 15:09:56.649 D/base::Ini(15503): [getOption] getOption name='debug-netdev-level' value=''.
10-31 15:09:56.649 D/base::Ini(15503): [getOption] getOption name='debug-netdev-level' value=''.
10-31 15:09:56.649 D/base::Ini(15503): [getOption] getOption name='debug-netdev-level' value=''.
10-31 15:09:56.649 D/base::Ini(15503): [getOption] getOption name='debug-eventManager-level' value=''.
10-31 15:09:56.649 D/base::Ini(15503): [getOption] getOption name='debug-eventManager-level' value=''.
10-31 15:09:56.649 D/base::Ini(15503): [getOption] getOption name='debug-eventManager-level' value=''.
10-31 15:09:56.649 D/base::Ini(15503): [getOption] getOption name='debug-eventManager-level' value=''.
10-31 15:09:56.649 D/base::Ini(15503): [getOption] getOption name='debug-eventManager-level' value=''.
10-31 15:09:56.650 D/base::Ini(15503): [getOption] getOption name='debug-eventManager-level' value=''.
10-31 15:09:56.650 D/base::Ini(15503): [getOption] getOption name='debug-eventManager-level' value=''.
10-31 15:09:56.650 D/base::Ini(15503): [getOption] getOption name='debug-eventManager-level' value=''.
10-31 15:09:56.650 D/base::Ini(15503): [getOption] getOption name='debug-eventManager-level' value=''.
10-31 15:09:56.650 D/base::Ini(15503): [getOption] getOption name='debug-eventManager-level' value=''.
10-31 15:09:56.650 D/base::Ini(15503): [getOption] getOption name='debug-eventManager-level' value=''.
10-31 15:09:56.650 D/base::Ini(15503): [getOption] getOption name='debug-eventManager-level' value=''.
10-31 15:09:56.650 D/base::Ini(15503): [getOption] getOption name='debug-eventManager-level' value=''.
10-31 15:09:56.650 D/base::Ini(15503): [getOption] getOption name='debug-eventManager-level' value=''.
10-31 15:09:56.650 D/base::Ini(15503): [getOption] getOption name='debug-eventManager-level' value=''.
10-31 15:09:56.650 D/base::Ini(15503): [getOption] getOption name='debug-eventManager-level' value=''.
10-31 15:09:56.650 D/base::Ini(15503): [getOption] getOption name='debug-eventManager-level' value=''.
10-31 15:09:56.650 D/base::Ini(15503): [getOption] getOption name='debug-eventManager-level' value=''.
10-31 15:09:56.650 D/base::Ini(15503): [getOption] getOption name='debug-eventManager-level' value=''.
10-31 15:09:56.734 I/AdvancedPorting-PORT_MODULE_NET(15503): network_task while... 
10-31 15:09:56.734 I/AdvancedPorting-PORT_MODULE_NET(15503): 0 interface name: lo
10-31 15:09:56.734 I/AdvancedPorting-PORT_MODULE_NET(15503): 1 interface name: wlan0
10-31 15:09:56.734 I/AdvancedPorting-PORT_MODULE_NET(15503): First interface name: lo
10-31 15:09:56.734 I/AdvancedPorting-PORT_MODULE_NET(15503): network_task while...  net_i:1
10-31 15:09:56.734 I/AdvancedPorting-PORT_MODULE_NET(15503): network_task while---name_interface[0]=lo
10-31 15:09:56.734 I/AdvancedPorting-PORT_MODULE_NET(15503): network_task while---name_interface[1]=wlan0
10-31 15:09:56.734 I/AdvancedPorting-PORT_MODULE_NET(15503): network_task while---interface_name=wlan0
10-31 15:09:56.734 I/AdvancedPorting-PORT_MODULE_NET(15503): network_get_netlink_status(in)--if_name=wlan0
10-31 15:09:56.734 I/AdvancedPorting-PORT_MODULE_NET(15503): net.network.isconnected = no
10-31 15:09:56.734 I/AdvancedPorting-PORT_MODULE_NET(15503): wlan0 --network_get_netlink_status return retval=1
10-31 15:09:56.734 I/AdvancedPorting-PORT_MODULE_NET(15503): stat = 1 last_status = 1
10-31 15:09:56.739 D/BackBootDealerNeimeng( 2389): standbyState:
10-31 15:09:56.740 E/NetUtils( 2020): Interface eth0 LinkDown!
10-31 15:09:56.850 D/base::Ini(15503): [getOption] getOption name='debug-eventManager-level' value=''.
10-31 15:09:56.850 D/base::Ini(15503): [getOption] getOption name='debug-eventManager-level' value=''.
10-31 15:09:56.850 D/base::Ini(15503): [getOption] getOption name='debug-eventManager-level' value=''.
10-31 15:09:56.850 D/base::Ini(15503): [getOption] getOption name='debug-eventManager-level' value=''.
10-31 15:09:56.850 D/base::Ini(15503): [getOption] getOption name='debug-eventManager-level' value=''.
10-31 15:09:56.850 D/base::Ini(15503): [getOption] getOption name='debug-eventManager-level' value=''.
10-31 15:09:56.850 D/base::Ini(15503): [getOption] getOption name='debug-eventManager-level' value=''.
10-31 15:09:56.850 D/base::Ini(15503): [getOption] getOption name='debug-eventManager-level' value=''.
10-31 15:09:56.851 D/base::Ini(15503): [getOption] getOption name='debug-netdev-level' value=''.
10-31 15:09:56.851 D/base::Ini(15503): [getOption] getOption name='debug-netdev-level' value=''.
10-31 15:09:56.851 D/base::Ini(15503): [getOption] getOption name='debug-netdev-level' value=''.
10-31 15:09:56.851 D/base::Ini(15503): [getOption] getOption name='debug-netdev-level' value=''.
10-31 15:09:56.851 D/base::Ini(15503): [getOption] getOption name='debug-eventManager-level' value=''.
10-31 15:09:56.851 D/base::Ini(15503): [getOption] getOption name='debug-eventManager-level' value=''.
10-31 15:09:56.851 D/base::Ini(15503): [getOption] getOption name='debug-netdev-level' value=''.
10-31 15:09:56.851 D/base::Ini(15503): [getOption] getOption name='debug-netdev-level' value=''.
10-31 15:09:56.851 D/base::Ini(15503): [getOption] getOption name='debug-netdev-level' value=''.
10-31 15:09:56.851 D/base::Ini(15503): [getOption] getOption name='debug-netdev-level' value=''.
10-31 15:09:56.851 D/base::Ini(15503): [getOption] getOption name='debug-eventManager-level' value=''.
10-31 15:09:56.851 D/base::Ini(15503): [getOption] getOption name='debug-eventManager-level' value=''.
10-31 15:09:56.851 D/base::Ini(15503): [getOption] getOption name='debug-eventManager-level' value=''.
10-31 15:09:56.851 D/base::Ini(15503): [getOption] getOption name='debug-eventManager-level' value=''.
10-31 15:09:56.851 D/base::Ini(15503): [getOption] getOption name='debug-eventManager-level' value=''.
10-31 15:09:56.851 D/base::Ini(15503): [getOption] getOption name='debug-eventManager-level' value=''.
10-31 15:09:56.851 D/base::Ini(15503): [getOption] getOption name='debug-eventManager-level' value=''.
10-31 15:09:56.851 D/base::Ini(15503): [getOption] getOption name='debug-eventManager-level' value=''.
10-31 15:09:56.851 D/base::Ini(15503): [getOption] getOption name='debug-eventManager-level' value=''.
10-31 15:09:56.851 D/base::Ini(15503): [getOption] getOption name='debug-eventManager-level' value=''.
10-31 15:09:56.852 D/base::Ini(15503): [getOption] getOption name='debug-eventManager-level' value=''.
10-31 15:09:56.852 D/base::Ini(15503): [getOption] getOption name='debug-eventManager-level' value=''.
10-31 15:09:56.852 D/base::Ini(15503): [getOption] getOption name='debug-eventManager-level' value=''.
10-31 15:09:56.852 D/base::Ini(15503): [getOption] getOption name='debug-eventManager-level' value=''.
10-31 15:09:56.852 D/base::Ini(15503): [getOption] getOption name='debug-eventManager-level' value=''.
10-31 15:09:56.852 D/base::Ini(15503): [getOption] getOption name='debug-eventManager-level' value=''.
10-31 15:09:56.852 D/base::Ini(15503): [getOption] getOption name='debug-eventManager-level' value=''.
10-31 15:09:56.852 D/base::Ini(15503): [getOption] getOption name='debug-eventManager-level' value=''.
10-31 15:09:56.852 D/base::Ini(15503): [getOption] getOption name='debug-eventManager-level' value=''.
10-31 15:09:57.052 D/base::Ini(15503): [getOption] getOption name='debug-eventManager-level' value=''.
10-31 15:09:57.052 D/base::Ini(15503): [getOption] getOption name='debug-eventManager-level' value=''.
10-31 15:09:57.052 D/base::Ini(15503): [getOption] getOption name='debug-eventManager-level' value=''.
10-31 15:09:57.052 D/base::Ini(15503): [getOption] getOption name='debug-eventManager-level' value=''.
10-31 15:09:57.052 D/base::Ini(15503): [getOption] getOption name='debug-eventManager-level' value=''.
10-31 15:09:57.052 D/base::Ini(15503): [getOption] getOption name='debug-eventManager-level' value=''.
10-31 15:09:57.052 D/base::Ini(15503): [getOption] getOption name='debug-eventManager-level' value=''.
10-31 15:09:57.052 D/base::Ini(15503): [getOption] getOption name='debug-eventManager-level' value=''.
10-31 15:09:57.052 D/base::Ini(15503): [getOption] getOption name='debug-netdev-level' value=''.
10-31 15:09:57.052 D/base::Ini(15503): [getOption] getOption name='debug-netdev-level' value=''.
10-31 15:09:57.052 D/base::Ini(15503): [getOption] getOption name='debug-netdev-level' value=''.
10-31 15:09:57.052 D/base::Ini(15503): [getOption] getOption name='debug-netdev-level' value=''.
10-31 15:09:57.053 D/base::Ini(15503): [getOption] getOption name='debug-eventManager-level' value=''.
10-31 15:09:57.053 D/base::Ini(15503): [getOption] getOption name='debug-eventManager-level' value=''.
10-31 15:09:57.053 D/base::Ini(15503): [getOption] getOption name='debug-netdev-level' value=''.
10-31 15:09:57.053 D/base::Ini(15503): [getOption] getOption name='debug-netdev-level' value=''.
10-31 15:09:57.053 D/base::Ini(15503): [getOption] getOption name='debug-netdev-level' value=''.
10-31 15:09:57.053 D/base::Ini(15503): [getOption] getOption name='debug-netdev-level' value=''.
10-31 15:09:57.053 D/base::Ini(15503): [getOption] getOption name='debug-eventManager-level' value=''.
10-31 15:09:57.053 D/base::Ini(15503): [getOption] getOption name='debug-eventManager-level' value=''.
10-31 15:09:57.053 D/base::Ini(15503): [getOption] getOption name='debug-eventManager-level' value=''.
10-31 15:09:57.053 D/base::Ini(15503): [getOption] getOption name='debug-eventManager-level' value=''.
10-31 15:09:57.053 D/base::Ini(15503): [getOption] getOption name='debug-eventManager-level' value=''.
10-31 15:09:57.053 D/base::Ini(15503): [getOption] getOption name='debug-eventManager-level' value=''.
10-31 15:09:57.053 D/base::Ini(15503): [getOption] getOption name='debug-eventManager-level' value=''.
10-31 15:09:57.053 D/base::Ini(15503): [getOption] getOption name='debug-eventManager-level' value=''.
10-31 15:09:57.053 D/base::Ini(15503): [getOption] getOption name='debug-eventManager-level' value=''.
10-31 15:09:57.053 D/base::Ini(15503): [getOption] getOption name='debug-eventManager-level' value=''.
10-31 15:09:57.053 D/base::Ini(15503): [getOption] getOption name='debug-eventManager-level' value=''.
10-31 15:09:57.053 D/base::Ini(15503): [getOption] getOption name='debug-eventManager-level' value=''.
10-31 15:09:57.053 D/base::Ini(15503): [getOption] getOption name='debug-eventManager-level' value=''.
10-31 15:09:57.054 D/base::Ini(15503): [getOption] getOption name='debug-eventManager-level' value=''.
10-31 15:09:57.054 D/base::Ini(15503): [getOption] getOption name='debug-eventManager-level' value=''.
10-31 15:09:57.054 D/base::Ini(15503): [getOption] getOption name='debug-eventManager-level' value=''.
10-31 15:09:57.054 D/base::Ini(15503): [getOption] getOption name='debug-eventManager-level' value=''.
10-31 15:09:57.054 D/base::Ini(15503): [getOption] getOption name='debug-eventManager-level' value=''.
10-31 15:09:57.054 D/base::Ini(15503): [getOption] getOption name='debug-eventManager-level' value=''.
10-31 15:09:57.240 D/BackBootDealerNeimeng( 2389): standbyState:
10-31 15:09:57.241 E/NetUtils( 2020): Interface eth0 LinkDown!
10-31 15:09:57.253 D/base::Ini(15503): [getOption] getOption name='debug-eventManager-level' value=''.
10-31 15:09:57.253 D/base::Ini(15503): [getOption] getOption name='debug-eventManager-level' value=''.
10-31 15:09:57.253 D/base::Ini(15503): [getOption] getOption name='debug-eventManager-level' value=''.
10-31 15:09:57.253 D/base::Ini(15503): [getOption] getOption name='debug-eventManager-level' value=''.
10-31 15:09:57.253 D/base::Ini(15503): [getOption] getOption name='debug-eventManager-level' value=''.
10-31 15:09:57.253 D/base::Ini(15503): [getOption] getOption name='debug-eventManager-level' value=''.
10-31 15:09:57.253 D/base::Ini(15503): [getOption] getOption name='debug-eventManager-level' value=''.
10-31 15:09:57.253 D/base::Ini(15503): [getOption] getOption name='debug-eventManager-level' value=''.
10-31 15:09:57.253 D/base::Ini(15503): [getOption] getOption name='debug-eventManager-level' value=''.
10-31 15:09:57.253 D/base::Ini(15503): [getOption] getOption name='debug-eventManager-level' value=''.
10-31 15:09:57.253 D/base::Ini(15503): [getOption] getOption name='debug-eventManager-level' value=''.
10-31 15:09:57.253 D/base::Ini(15503): [getOption] getOption name='debug-netdev-level' value=''.
10-31 15:09:57.253 D/base::Ini(15503): [getOption] getOption name='debug-netdev-level' value=''.
10-31 15:09:57.254 D/base::Ini(15503): [getOption] getOption name='debug-netdev-level' value=''.
10-31 15:09:57.254 D/base::Ini(15503): [getOption] getOption name='debug-netdev-level' value=''.
10-31 15:09:57.264 D/base::Ini(15503): [getOption] getOption name='debug-eventManager-level' value=''.
10-31 15:09:57.264 D/base::Ini(15503): [getOption] getOption name='debug-eventManager-level' value=''.
10-31 15:09:57.264 D/base::Ini(15503): [getOption] getOption name='debug-eventManager-level' value=''.
10-31 15:09:57.264 D/base::Ini(15503): [getOption] getOption name='debug-eventManager-level' value=''.
10-31 15:09:57.264 D/base::Ini(15503): [getOption] getOption name='debug-eventManager-level' value=''.
10-31 15:09:57.264 D/base::Ini(15503): [getOption] getOption name='debug-eventManager-level' value=''.
10-31 15:09:57.264 D/base::Ini(15503): [getOption] getOption name='debug-eventManager-level' value=''.
10-31 15:09:57.264 D/base::Ini(15503): [getOption] getOption name='debug-eventManager-level' value=''.
10-31 15:09:57.264 D/base::Ini(15503): [getOption] getOption name='debug-eventManager-level' value=''.
10-31 15:09:57.264 D/base::Ini(15503): [getOption] getOption name='debug-eventManager-level' value=''.
10-31 15:09:57.264 D/base::Ini(15503): [getOption] getOption name='debug-netdev-level' value=''.
10-31 15:09:57.264 D/base::Ini(15503): [getOption] getOption name='debug-netdev-level' value=''.
10-31 15:09:57.264 D/base::Ini(15503): [getOption] getOption name='debug-netdev-level' value=''.
10-31 15:09:57.264 D/base::Ini(15503): [getOption] getOption name='debug-netdev-level' value=''.
10-31 15:09:57.264 D/base::Ini(15503): [getOption] getOption name='debug-eventManager-level' value=''.
10-31 15:09:57.264 D/base::Ini(15503): [getOption] getOption name='debug-eventManager-level' value=''.
10-31 15:09:57.264 D/base::Ini(15503): [getOption] getOption name='debug-eventManager-level' value=''.
10-31 15:09:57.264 D/base::Ini(15503): [getOption] getOption name='debug-eventManager-level' value=''.
10-31 15:09:57.264 D/base::Ini(15503): [getOption] getOption name='debug-eventManager-level' value=''.
10-31 15:09:57.264 D/base::Ini(15503): [getOption] getOption name='debug-eventManager-level' value=''.
10-31 15:09:57.264 D/base::Ini(15503): [getOption] getOption name='debug-eventManager-level' value=''.
10-31 15:09:57.264 D/base::Ini(15503): [getOption] getOption name='debug-eventManager-level' value=''.
10-31 15:09:57.264 D/base::Ini(15503): [getOption] getOption name='debug-eventManager-level' value=''.
10-31 15:09:57.265 D/base::Ini(15503): [getOption] getOption name='debug-eventManager-level' value=''.
10-31 15:09:57.265 D/base::Ini(15503): [getOption] getOption name='debug-eventManager-level' value=''.
10-31 15:09:57.265 D/base::Ini(15503): [getOption] getOption name='debug-eventManager-level' value=''.
10-31 15:09:57.265 D/base::Ini(15503): [getOption] getOption name='debug-eventManager-level' value=''.
10-31 15:09:57.265 D/base::Ini(15503): [getOption] getOption name='debug-eventManager-level' value=''.
10-31 15:09:57.265 D/base::Ini(15503): [getOption] getOption name='debug-eventManager-level' value=''.
10-31 15:09:57.265 D/base::Ini(15503): [getOption] getOption name='debug-eventManager-level' value=''.
10-31 15:09:57.342 D/Advertiser( 2431): End of sleep at time:1509433797342
10-31 15:09:57.342 D/Advertiser( 2431): Begin announce....with thread:org.cybergarage.d.b.a@2f3daa9e
10-31 15:09:57.342 D/TimerUtil( 2431): waitRandom time=300,waitTime=53
10-31 15:09:57.342 D/Device  ( 2431): announce deviceDataBindAddress null
10-31 15:09:57.346 D/Device  ( 2431): announce 0 bindAddress=192.168.1.102
10-31 15:09:57.346 D/HTTPMUSocket( 2431): open addr=239.255.255.250,port=1900,bindAddr=192.168.1.102
10-31 15:09:57.350 D/HTTPMUSocket( 2431): send msg:NOTIFY * HTTP/1.1
10-31 15:09:57.350 D/HTTPMUSocket( 2431): Server: Linux/3.18.24_hi3798mv2x UPnP/1.0 CyberLinkJava/1.8
10-31 15:09:57.350 D/HTTPMUSocket( 2431): Cache-Control: max-age=1800
10-31 15:09:57.350 D/HTTPMUSocket( 2431): Location: http://192.168.1.102:38520/description.xml
10-31 15:09:57.350 D/HTTPMUSocket( 2431): NTS: ssdp:alive
10-31 15:09:57.350 D/HTTPMUSocket( 2431): NT: upnp:rootdevice
10-31 15:09:57.350 D/HTTPMUSocket( 2431): USN: uuid:bedb84c3-dcc5-4b75-8e79-308771ab5a9f::upnp:rootdevice
10-31 15:09:57.350 D/HTTPMUSocket( 2431): HOST: 239.255.255.250:1900
10-31 15:09:57.350 D/HTTPMUSocket( 2431): 
10-31 15:09:57.350 D/HTTPMUSocket( 2431): bindAddr:null and port:-1
10-31 15:09:57.350 D/HTTPMUSocket( 2431): /192.168.1.102
10-31 15:09:57.352 D/HTTPMUSocket( 2431): send msg:NOTIFY * HTTP/1.1
10-31 15:09:57.352 D/HTTPMUSocket( 2431): Server: Linux/3.18.24_hi3798mv2x UPnP/1.0 CyberLinkJava/1.8
10-31 15:09:57.352 D/HTTPMUSocket( 2431): Cache-Control: max-age=1800
10-31 15:09:57.352 D/HTTPMUSocket( 2431): Location: http://192.168.1.102:38520/description.xml
10-31 15:09:57.352 D/HTTPMUSocket( 2431): NTS: ssdp:alive
10-31 15:09:57.352 D/HTTPMUSocket( 2431): NT: uuid:bedb84c3-dcc5-4b75-8e79-308771ab5a9f
10-31 15:09:57.352 D/HTTPMUSocket( 2431): USN: uuid:bedb84c3-dcc5-4b75-8e79-308771ab5a9f
10-31 15:09:57.352 D/HTTPMUSocket( 2431): HOST: 239.255.255.250:1900
10-31 15:09:57.352 D/HTTPMUSocket( 2431): 
10-31 15:09:57.352 D/HTTPMUSocket( 2431): bindAddr:null and port:-1
10-31 15:09:57.352 D/HTTPMUSocket( 2431): /192.168.1.102
10-31 15:09:57.353 D/HTTPMUSocket( 2431): send msg:NOTIFY * HTTP/1.1
10-31 15:09:57.353 D/HTTPMUSocket( 2431): Server: Linux/3.18.24_hi3798mv2x UPnP/1.0 CyberLinkJava/1.8
10-31 15:09:57.353 D/HTTPMUSocket( 2431): Cache-Control: max-age=1800
10-31 15:09:57.353 D/HTTPMUSocket( 2431): Location: http://192.168.1.102:38520/description.xml
10-31 15:09:57.353 D/HTTPMUSocket( 2431): NTS: ssdp:alive
10-31 15:09:57.353 D/HTTPMUSocket( 2431): NT: urn:schemas-upnp-org:device:MediaServer:1
10-31 15:09:57.353 D/HTTPMUSocket( 2431): USN: uuid:bedb84c3-dcc5-4b75-8e79-308771ab5a9f::urn:schemas-upnp-org:device:MediaServer:1
10-31 15:09:57.353 D/HTTPMUSocket( 2431): HOST: 239.255.255.250:1900
10-31 15:09:57.353 D/HTTPMUSocket( 2431): 
10-31 15:09:57.353 D/HTTPMUSocket( 2431): bindAddr:null and port:-1
10-31 15:09:57.354 D/HTTPMUSocket( 2431): /192.168.1.102
10-31 15:09:57.355 D/Device  ( 2431): announce bindAddr=192.168.1.102,devLocation=http://192.168.1.102:38520/description.xml,location=http://192.168.1.102:38520/description.xml
10-31 15:09:57.355 D/Device  ( 2431): announce bindAddr=192.168.1.102,serviceDesUrl=
10-31 15:09:57.356 D/HTTPMUSocket( 2431): open addr=239.255.255.250,port=1900,bindAddr=192.168.1.102
10-31 15:09:57.359 D/TimerUtil( 2431): waitRandom time=300,waitTime=35
10-31 15:09:57.360 D/HTTPMUSocket( 2431): send msg:NOTIFY * HTTP/1.1
10-31 15:09:57.360 D/HTTPMUSocket( 2431): Server: Linux/3.18.24_hi3798mv2x UPnP/1.0 CyberLinkJava/1.8
10-31 15:09:57.360 D/HTTPMUSocket( 2431): Cache-Control: max-age=1800
10-31 15:09:57.360 D/HTTPMUSocket( 2431): Location: http://192.168.1.102:38520/description.xml
10-31 15:09:57.360 D/HTTPMUSocket( 2431): NTS: ssdp:alive
10-31 15:09:57.360 D/HTTPMUSocket( 2431): NT: urn:schemas-upnp-org:service:ContentDirectory:1
10-31 15:09:57.360 D/HTTPMUSocket( 2431): USN: uuid:bedb84c3-dcc5-4b75-8e79-308771ab5a9f::urn:schemas-upnp-org:service:ContentDirectory:1
10-31 15:09:57.360 D/HTTPMUSocket( 2431): HOST: 239.255.255.250:1900
10-31 15:09:57.360 D/HTTPMUSocket( 2431): 
10-31 15:09:57.360 D/HTTPMUSocket( 2431): bindAddr:null and port:-1
10-31 15:09:57.360 D/HTTPMUSocket( 2431): /192.168.1.102
10-31 15:09:57.361 D/Device  ( 2431): announce bindAddr=192.168.1.102,serviceDesUrl=
10-31 15:09:57.362 D/HTTPMUSocket( 2431): open addr=239.255.255.250,port=1900,bindAddr=192.168.1.102
10-31 15:09:57.365 D/TimerUtil( 2431): waitRandom time=300,waitTime=101
10-31 15:09:57.365 D/HTTPMUSocket( 2431): send msg:NOTIFY * HTTP/1.1
10-31 15:09:57.365 D/HTTPMUSocket( 2431): Server: Linux/3.18.24_hi3798mv2x UPnP/1.0 CyberLinkJava/1.8
10-31 15:09:57.365 D/HTTPMUSocket( 2431): Cache-Control: max-age=1800
10-31 15:09:57.365 D/HTTPMUSocket( 2431): Location: http://192.168.1.102:38520/description.xml
10-31 15:09:57.365 D/HTTPMUSocket( 2431): NTS: ssdp:alive
10-31 15:09:57.365 D/HTTPMUSocket( 2431): NT: urn:schemas-upnp-org:service:ConnectionManager:1
10-31 15:09:57.365 D/HTTPMUSocket( 2431): USN: uuid:bedb84c3-dcc5-4b75-8e79-308771ab5a9f::urn:schemas-upnp-org:service:ConnectionManager:1
10-31 15:09:57.365 D/HTTPMUSocket( 2431): HOST: 239.255.255.250:1900
10-31 15:09:57.365 D/HTTPMUSocket( 2431): 
10-31 15:09:57.365 D/HTTPMUSocket( 2431): bindAddr:null and port:-1
10-31 15:09:57.366 D/HTTPMUSocket( 2431): /192.168.1.102
10-31 15:09:57.367 D/Device  ( 2431): announce bindAddr=192.168.1.102,serviceDesUrl=
10-31 15:09:57.368 D/HTTPMUSocket( 2431): open addr=239.255.255.250,port=1900,bindAddr=192.168.1.102
10-31 15:09:57.371 D/TimerUtil( 2431): waitRandom time=300,waitTime=16
10-31 15:09:57.371 D/HTTPMUSocket( 2431): send msg:NOTIFY * HTTP/1.1
10-31 15:09:57.371 D/HTTPMUS