10-31 17:05:21.979 V/SUMA    ( 1582): [sysset-s][event_manager_cbk 78]lxm cbid=1, cbk_reg=1, cpid=2450
10-31 17:05:21.979 D/NGBEvent( 2450): ngbEventCallBack type:0 source :4238
10-31 17:05:21.979 D/NGBEvent( 2450): [NGBEventManager-JNI]-returning:1
10-31 17:05:21.979 D/NGBEvent( 2450): Input key event: keyCode=4238
10-31 17:05:21.979 D/NGBEvent( 2450): src:4238 = dest:4238
10-31 17:05:21.980 I/System.out( 2450): [DEBUG EventManager] LWJ--Add event to java with evt=NgbEvent-[type = 1, subtype = 402, code = 4238]
10-31 17:05:21.980 D/NGBEvent( 2450): [NGBEvent_log]--[EventManager--JNI]:		start
10-31 17:05:21.980 I/System.out( 2450): [DEBUG EventManager] broadcastEvent  :len 1
10-31 17:05:21.980 D/KeyEventNgbDealer( 2450): [TN_pool-1-thread-1]handleKeyReleased keyEvent=NgbEvent-[type = 1, subtype = 402, code = 4238],time=1177476
10-31 17:05:21.982 I/ActivityManager( 2021): START u0 {act=android.intent.action.MAIN cat=[android.intent.category.HOME] flg=0x10200000 cmp=com.suma.midware.home/.third.Main3DActivity} from uid 1000 on display 0
10-31 17:05:21.983 D/HomeReceiver( 2381): [TN_main]onReceive context=com.suma.midware.back.BackService@22d5d4b5,intent=Intent { act=android.intent.action.CLOSE_SYSTEM_DIALOGS flg=0x50000010 (has extras) },action=android.intent.action.CLOSE_SYSTEM_DIALOGS
10-31 17:05:21.983 D/HomeReceiver( 2381): [TN_main]onReceive reason=homekey
10-31 17:05:21.983 E/HomeReceiver( 2381): [TN_main]onReceive home key down
10-31 17:05:21.983 D/HomeReceiver( 2783): [TN_main]onReceive context=com.suma.midware.setting.net.WifiConnectActivity@2a3b9b55,intent=Intent { act=android.intent.action.CLOSE_SYSTEM_DIALOGS flg=0x50000010 (has extras) },action=android.intent.action.CLOSE_SYSTEM_DIALOGS
10-31 17:05:21.983 D/HomeReceiver( 2783): [TN_main]onReceive reason=homekey
10-31 17:05:21.983 E/PlayActivity( 3048): action:android.intent.action.CLOSE_SYSTEM_DIALOGS,reason:homekey
10-31 17:05:21.983 E/HomeReceiver( 2783): [TN_main]onReceive home key down
10-31 17:05:21.984 D/HomeReceiver( 2496): [TN_main]onReceive context=com.suma.midware.home.third.Main3DActivity@46ab53e,intent=Intent { act=android.intent.action.CLOSE_SYSTEM_DIALOGS flg=0x50000010 (has extras) },action=android.intent.action.CLOSE_SYSTEM_DIALOGS
10-31 17:05:21.984 D/HomeReceiver( 2496): [TN_main]onReceive reason=homekey
10-31 17:05:21.984 W/Main3DActivity( 2496): [TN_main]11111onReceive home key down,appStartMode:0
10-31 17:05:21.984 E/HomeReceiver( 2496): [TN_main]onReceive home key down
10-31 17:05:21.998 D/BaseApplication( 2783): [TN_main]onActivityPaused activity=com.suma.midware.setting.net.WifiConnectActivity@2a3b9b55
10-31 17:05:21.999 I/ActivityManager( 2021): Force stopping com.android.browser appid=10010 user=0: from pid 2381
10-31 17:05:22.001 W/ContextImpl( 2783): Calling a method in the system process without a qualified user: android.app.ContextImpl.sendBroadcast:1345 android.content.ContextWrapper.sendBroadcast:377 android.app.ActivityThread.performPauseActivity:3259 android.app.ActivityThread.performPauseActivity:3225 android.app.ActivityThread.handlePauseActivity:3200 
10-31 17:05:22.001 D/BackBootDealerNeimeng( 2381): handleHomeKey isRunning:false
10-31 17:05:22.001 D/HomeReceiver( 2381): [TN_main]onReceive context=com.suma.midware.back.BackApplication@2f3daa9e,intent=Intent { act=android.intent.action.CLOSE_SYSTEM_DIALOGS flg=0x50000010 (has extras) },action=android.intent.action.CLOSE_SYSTEM_DIALOGS
10-31 17:05:22.002 D/HomeReceiver( 2381): [TN_main]onReceive reason=homekey
10-31 17:05:22.002 E/HomeReceiver( 2381): [TN_main]onReceive home key down
10-31 17:05:22.008 D/Main3DActivity( 2496): [TN_main]onNewIntent time=1177503,intent=Intent { act=android.intent.action.MAIN cat=[android.intent.category.HOME] flg=0x10600000 cmp=com.suma.midware.home/.third.Main3DActivity }
10-31 17:05:22.009 D/BaseApplication( 2496): [TN_main]onActivityStarted activity=com.suma.midware.home.third.Main3DActivity@46ab53e
10-31 17:05:22.009 D/Main3DActivity( 2496): [TN_main]onStart time=1177505
10-31 17:05:22.009 E/FlyAndWeatherUpdate( 2496): [TN_main]spflyWord is empty
10-31 17:05:22.009 D/HomeFlyWord( 2496): [TN_main]startScrollView delay=2000
10-31 17:05:22.009 W/HomeFlyWord( 2496): [TN_main]startScrollView scrollView null
10-31 17:05:22.009 D/Main3DActivity( 2496): [TN_main]onResume time=1177505,isFirst=false
10-31 17:05:22.009 D/BaseApplication( 2496): [TN_main]onActivityResumed activity=com.suma.midware.home.third.Main3DActivity@46ab53e
10-31 17:05:22.009 D/PlayExcuter( 2496): [TN_main]notifyPlay type=9,curType=-2,cancelType=3,cancelVideoType=1,isResetData=true,task=null,this.task=[PlayDirectTask@3d88ca8c]playTaskType[6]playType[0]playerType[-1]isEcmSet[true]playerIndex[0]tunerIndex[0]channel[[DirectChannel@32501b]channelID[0]oNetID[1]tsID[31]serviceID[3102]freq[371000]name[CCTV-1高清]serviceType[8]attr[24576]serialNum[1]serialNum4[1]pcrPID[49]refServiceID[-1]],indexs=null
10-31 17:05:22.009 D/PlayExcuter( 2496): [TN_main]releasePlayer curType=-2,cancelType=3,task=[PlayDirectTask@3d88ca8c]playTaskType[6]playType[0]playerType[-1]isEcmSet[true]playerIndex[0]tunerIndex[0]channel[[DirectChannel@32501b]channelID[0]oNetID[1]tsID[31]serviceID[3102]freq[371000]name[CCTV-1高清]serviceType[8]attr[24576]serialNum[1]serialNum4[1]pcrPID[49]refServiceID[-1]]
10-31 17:05:22.009 D/PlayBaseDealer( 2381): [TN_Binder_4]releasePlayers cancelType=3,videoType=1,isResetData=true,curPlayerIndex=-1,isCheckPID=false
10-31 17:05:22.010 D/PlayBaseDealer( 2381): [TN_Binder_4]releasePlayers size=1
10-31 17:05:22.010 D/PlayNgbDealer( 2381): [TN_Binder_4]findPlayer index=0,findType=0,channelIndex=0
10-31 17:05:22.010 E/PlayNgbDealer( 2381): [TN_Binder_4]releasePlayer index=0 player is null
10-31 17:05:22.010 D/PlayerManager( 2496): [TN_main]cancelPlayTask cancleType=3,cancelVideoType=1,isResetData=true,isCheckPID=false,state=0,indexs=null
10-31 17:05:22.010 D/DataBaseManager( 2496): [TN_main]getAttrList comparatorMode=-1,comparatorType=-1,termType=10
10-31 17:05:22.010 D/DataBaseManager( 2496): [TN_main]getAttrList comparatorMode=-1,comparatorType=-1,termType=10
10-31 17:05:22.010 D/DataBaseManager( 2496): [TN_main]getAttrList comparatorMode=-1,comparatorType=-1,termType=10
10-31 17:05:22.010 D/DataBaseManager( 2496): [TN_main]getAttrList comparatorMode=-1,comparatorType=-1,termType=10
10-31 17:05:22.010 D/DataBaseManager( 2496): [TN_main]getAttrList comparatorMode=-1,comparatorType=-1,termType=10
10-31 17:05:22.011 D/DataBaseManager( 2496): [TN_main]getAttrList comparatorMode=-1,comparatorType=-1,termType=10
10-31 17:05:22.011 D/DataBaseManager( 2496): [TN_main]getAttrList comparatorMode=-1,comparatorType=-1,termType=10
10-31 17:05:22.011 D/DataBaseManager( 2496): [TN_main]getAttrList comparatorMode=-1,comparatorType=-1,termType=10
10-31 17:05:22.011 D/DataBaseManager( 2496): [TN_main]getAttrList comparatorMode=-1,comparatorType=-1,termType=10
10-31 17:05:22.011 D/DataBaseManager( 2496): [TN_main]getAttrList comparatorMode=-1,comparatorType=-1,termType=10
10-31 17:05:22.011 D/DataBaseManager( 2496): [TN_main]getAttrList comparatorMode=-1,comparatorType=-1,termType=10
10-31 17:05:22.012 D/DataBaseManager( 2496): [TN_main]getAttrList comparatorMode=-1,comparatorType=-1,termType=10
10-31 17:05:22.012 D/DataBaseManager( 2496): [TN_main]getAttrList comparatorMode=-1,comparatorType=-1,termType=10
10-31 17:05:22.012 D/DataBaseManager( 2496): [TN_main]getAttrList comparatorMode=-1,comparatorType=-1,termType=5
10-31 17:05:22.014 D/DataBase( 2381): [TN_Binder_1]getCurChannel index=0,lastChannelNum=2,database=com.suma.midware.back.database.neimeng.DirectDataBaseNeimeng@3162e0d6
10-31 17:05:22.014 D/DataBase( 2381): [TN_Binder_1]getCurChannel index=0,curChannel=[DirectChannel@32501b]channelID[0]oNetID[1]tsID[31]serviceID[3102]freq[371000]name[CCTV-1高清]serviceType[8]attr[24576]serialNum[1]serialNum4[1]pcrPID[49]refServiceID[-1]
10-31 17:05:22.015 D/ChannelHandler( 2496): [TN_main]update curChannel=[DirectChannel@32501b]channelID[0]oNetID[1]tsID[31]serviceID[3102]freq[371000]name[CCTV-1高清]serviceType[8]attr[24576]serialNum[1]serialNum4[1]pcrPID[49]refServiceID[-1]
10-31 17:05:22.015 D/SysEventHandler( 2381): [TN_Binder_3]addEventListener binder=android.os.BinderProxy@1d73396a
10-31 17:05:22.015 D/DataBaseHandler( 2381): [TN_Binder_2]addDataListener binder=android.os.BinderProxy@3789ee5b
10-31 17:05:22.016 D/PlayerHandler( 2381): [TN_Binder_4]addPlayListener binder=android.os.BinderProxy@21bc66f8
10-31 17:05:22.018 D/ChannelHandler( 2496): [TN_main]start userChannelinfo=
10-31 17:05:22.020 W/ContextImpl( 2496): Calling a method in the system process without a qualified user: android.app.ContextImpl.sendBroadcast:1345 android.content.ContextWrapper.sendBroadcast:377 com.suma.midware.view.ext.BluetoothUpdate.b:-1 com.suma.midware.home.third.Main3DActivity.onResume:-1 android.app.Instrumentation.callActivityOnResume:1257 
10-31 17:05:22.020 E/NetUtils( 2021): Interface eth0 LinkDown!
10-31 17:05:22.022 D/NetUpdate( 2496): [TN_main]checkNetState state=1
10-31 17:05:22.022 D/Main3DActivity( 2496): [TN_main]onResume curPanel=com.suma.midware.home.third.a.a@395c748b,intent=Intent { act=android.intent.action.MAIN cat=[android.intent.category.HOME] flg=0x10600000 cmp=com.suma.midware.home/.third.Main3DActivity },appStartMode=0
10-31 17:05:22.022 D/GLRootView( 2496): doAction isPause:false:isCreated:true:isPaused:false
10-31 17:05:22.022 D/SoundAndroidAdmin( 2381): [TN_Binder_1]isMute state=false
10-31 17:05:22.023 D/Main3DActivity( 2496): [TN_main]onResume endTime=1177519,isEventDeal=true
10-31 17:05:22.023 W/ContextImpl( 2496): Calling a method in the system process without a qualified user: android.app.ContextImpl.sendBroadcast:1345 android.content.ContextWrapper.sendBroadcast:377 android.app.ActivityThread.performResumeActivity:2982 android.app.ActivityThread.handleResumeActivity:3023 android.app.ActivityThread$H.handleMessage:1347 
10-31 17:05:22.029 D/GLRootView( 2496): surfaceCreated holder:android.view.SurfaceView$4@c42406f
10-31 17:05:22.030 D/SUMA_ENGINE3d( 2496):  thread[GLThread 74] onSurfaceChanged w: 1280, h : 720
10-31 17:05:22.030 D/SUMA_ENGINE3d( 2496):  thread[GLThread 74] onSurfaceChanged startModeTime:1177526
10-31 17:05:22.031 D/SUMA_ENGINE3d( 2496):  thread[GLThread 74] onSurfaceChanged endTime:1177527
10-31 17:05:22.033 D/BasicRootPanel( 2496): [TN_GLThread 74]updateMultiState type=1,state=1
10-31 17:05:22.033 D/MultiStateFigure( 2496): [TN_GLThread 74]setWorkState workState=1,this.workState=1
10-31 17:05:22.033 W/MultiStateFigure( 2496): [TN_GLThread 74]setWorkState same workState=1
10-31 17:05:22.033 D/BasicRootView( 2496): [TN_GLThread 74]switchRootPanel panelIndex=0,isAnim=false,subPanelIndex=-1
10-31 17:05:22.033 D/BasicRootView( 2496): [TN_GLThread 74]switchRootPanel isFirst=false,curPanel=com.suma.midware.home.third.a.a@395c748b
10-31 17:05:22.033 D/BasicRootPanel( 2496): [TN_GLThread 74]hidePanel curPanelIndex=0,lastFocus=false,panelSize=7
10-31 17:05:22.033 D/BasicRootPanel( 2496): [TN_GLThread 74]hidePanel basicFigure=com.suma.midware.view.b.c.p@990e269
10-31 17:05:22.033 D/BasicFigure( 2496): [TN_GLThread 74]onFocusLost figure=com.suma.midware.view.b.c.p@990e269
10-31 17:05:22.033 W/BasicRootPanel( 2496): [TN_GLThread 74]switchPanelLight lightFigure null
10-31 17:05:22.033 D/HomePanel( 2496): [TN_GLThread 74]dealPanelShow subPanelIndex=-1,size=7
10-31 17:05:22.033 D/HomePanel( 2496): [TN_GLThread 74]dealPanelShow curPanelIndex=0,lastFocus=false,subPanelIndex=0,subFocusIndex=0
10-31 17:05:22.033 D/BasicFigure( 2496): [TN_GLThread 74]onFocusLost figure=com.suma.midware.view.b.c.c@330bdf24
10-31 17:05:22.033 D/BasicFigure( 2496): [TN_GLThread 74]onGlobalFocusLost figure=com.suma.midware.view.b.c.c@330bdf24
10-31 17:05:22.033 D/BasicColumn( 2496): [TN_GLThread 74]onFocus isFocus=false,index=0,nextIndex=-1
10-31 17:05:22.033 D/FixedRes( 2496): [TN_GLThread 74]getNineImgRes nineImgSize=2
10-31 17:05:22.033 D/BasicColumn( 2496): [TN_GLThread 74]moveFocus xOffset=151.000,yOffset=139.000
10-31 17:05:22.033 D/BasicFigure( 2496): [TN_GLThread 74]onFocusGain figure=com.suma.midware.view.b.c.p@990e269
10-31 17:05:22.034 D/BasicFigure( 2496): [TN_GLThread 74]onFocusGain panelIndex=0,curPanelIndex=0,basicFigure=com.suma.midware.view.b.c.p@990e269
10-31 17:05:22.034 D/BasicFigure( 2496): [TN_GLThread 74]dealFocusGainAnim scaleLargeAnim null
10-31 17:05:22.034 D/BasicRootPanel( 2496): [TN_GLThread 74]isPlayAble curBasicPanel=com.suma.midware.view.b.d.d@389ebd80
10-31 17:05:22.034 D/BasicPanel( 2496): [TN_GLThread 74]isPlayAble xOffset=0.00000
10-31 17:05:22.034 D/ChannelHandler( 2496): [TN_GLThread 74]startPlay isForce=true,curChannel=[DirectChannel@32501b]channelID[0]oNetID[1]tsID[31]serviceID[3102]freq[371000]name[CCTV-1高清]serviceType[8]attr[24576]serialNum[1]serialNum4[1]pcrPID[49]refServiceID[-1]
10-31 17:05:22.034 D/PlayNgbDealer( 2381): [TN_Binder_3]findPlayer index=0,findType=0,channelIndex=0
10-31 17:05:22.034 E/PlayNgbDealer( 2381): [TN_Binder_3]getChannel index=0 player null
10-31 17:05:22.035 D/PlayTask( 2496): [TN_GLThread 74]isLegal playerType=-1,view=com.suma.midware.view.widget2d.CustomSurfaceView{2a6eb105 V.E..... ......I. 49,141-498,393}
10-31 17:05:22.035 D/PlayerManager( 2496): [TN_GLThread 74]addPlayTask playTask=[PlayDirectTask@10b9c990]playTaskType[0]playType[0]playerType[-1]isEcmSet[true]playerIndex[0]tunerIndex[0]channel[[DirectChannel@32501b]channelID[0]oNetID[1]tsID[31]serviceID[3102]freq[371000]name[CCTV-1高清]serviceType[8]attr[24576]serialNum[1]serialNum4[1]pcrPID[49]refServiceID[-1]],state=0
10-31 17:05:22.035 D/PlayNgbDealer( 2381): [TN_Binder_3]startPlayAsyTask index=0,channel=[DirectChannel@32501b]channelID[0]oNetID[1]tsID[31]serviceID[3102]freq[371000]name[CCTV-1高清]serviceType[8]attr[24576]serialNum[1]serialNum4[1]pcrPID[49]refServiceID[-1]
10-31 17:05:22.035 D/PlayNgbDealer( 2381): [TN_Binder_3]findPlayer index=0,findType=2,channelIndex=0
10-31 17:05:22.035 E/PlayNgbDealer( 2381): [TN_Binder_3]startPlayAsyTask index=0 player null
10-31 17:05:22.035 D/PlayExcuter( 2496): [TN_GLThread 74]notifyPlay type=0,curType=-2,cancelType=-1,cancelVideoType=-1,isResetData=false,task=[PlayDirectTask@10b9c990]playTaskType[0]playType[0]playerType[-1]isEcmSet[true]playerIndex[0]tunerIndex[0]channel[[DirectChannel@32501b]channelID[0]oNetID[1]tsID[31]serviceID[3102]freq[371000]name[CCTV-1高清]serviceType[8]attr[24576]serialNum[1]serialNum4[1]pcrPID[49]refServiceID[-1]],this.task=null,indexs=null
10-31 17:05:22.036 D/PlayExcuter( 2496): [TN_GLThread 74]mergeTask sourceTask=null,destiTask=[PlayDirectTask@10b9c990]playTaskType[0]playType[0]playerType[-1]isEcmSet[true]playerIndex[0]tunerIndex[0]channel[[DirectChannel@32501b]channelID[0]oNetID[1]tsID[31]serviceID[3102]freq[371000]name[CCTV-1高清]serviceType[8]attr[24576]serialNum[1]serialNum4[1]pcrPID[49]refServiceID[-1]]
10-31 17:05:22.036 D/PlayExcuter( 2496): [TN_ThreadUtil-2]excuteTask task=[PlayDirectTask@10b9c990]playTaskType[0]playType[0]playerType[-1]isEcmSet[true]playerIndex[0]tunerIndex[0]channel[[DirectChannel@32501b]channelID[0]oNetID[1]tsID[31]serviceID[3102]freq[371000]name[CCTV-1高清]serviceType[8]attr[24576]serialNum[1]serialNum4[1]pcrPID[49]refServiceID[-1]]
10-31 17:05:22.036 D/PlayExcuter( 2496): [TN_ThreadUtil-2]excuteTask curExcuter=com.suma.midware.prop.play.PlayDirectExcuter@2fe4e289
10-31 17:05:22.036 D/PlayDirectExcuter( 2496): [TN_ThreadUtil-2]play task=[PlayDirectTask@10b9c990]playTaskType[0]playType[0]playerType[-1]isEcmSet[true]playerIndex[0]tunerIndex[0]channel[[DirectChannel@32501b]channelID[0]oNetID[1]tsID[31]serviceID[3102]freq[371000]name[CCTV-1高清]serviceType[8]attr[24576]serialNum[1]serialNum4[1]pcrPID[49]refServiceID[-1]],curType=-1
10-31 17:05:22.036 D/BasicFigure( 2496): [TN_GLThread 74]onFocusMoveAnim moveSpace=0.00000,x=-549.000,xOffset=0.00000
10-31 17:05:22.036 D/FixedRes( 2496): [TN_GLThread 74]getNineImgRes nineImgSize=2
10-31 17:05:22.036 W/BasicRootPanel( 2496): [TN_GLThread 74]switchPanelLight lightFigure null
10-31 17:05:22.036 D/PlayNgbDealer( 2381): [TN_Binder_2]setPlayerChannel index=0,channelIndex=0
10-31 17:05:22.036 D/PlayNgbDealer( 2381): [TN_Binder_2]findPlayer index=0,findType=0,channelIndex=0
10-31 17:05:22.036 E/PlayNgbDealer( 2381): [TN_Binder_2]setPlayerChannel index=0 player null
10-31 17:05:22.036 D/PlayExcuter( 2496): [TN_ThreadUtil-2]dealPlayStop task=[PlayDirectTask@10b9c990]playTaskType[0]playType[0]playerType[-1]isEcmSet[true]playerIndex[0]tunerIndex[0]channel[[DirectChannel@32501b]channelID[0]oNetID[1]tsID[31]serviceID[3102]freq[371000]name[CCTV-1高清]serviceType[8]attr[24576]serialNum[1]serialNum4[1]pcrPID[49]refServiceID[-1]],curType=-1,playerIndex=0,playDealer=com.suma.midware.prop.play.b@20b7fc68
10-31 17:05:22.037 D/PlayNgbDealer( 2381): [TN_Binder_4]findPlayer index=0,findType=0,channelIndex=0
10-31 17:05:22.037 E/PlayNgbDealer( 2381): [TN_Binder_4]getPlayerState index=0 player null
10-31 17:05:22.037 D/PlayExcuter( 2496): [TN_ThreadUtil-2]dealSurface task=[PlayDirectTask@10b9c990]playTaskType[0]playType[0]playerType[-1]isEcmSet[true]playerIndex[0]tunerIndex[0]channel[[DirectChannel@32501b]channelID[0]oNetID[1]tsID[31]serviceID[3102]freq[371000]name[CCTV-1高清]serviceType[8]attr[24576]serialNum[1]serialNum4[1]pcrPID[49]refServiceID[-1]],curType=-1,playDealer=com.suma.midware.prop.play.b@20b7fc68,view=com.suma.midware.view.widget2d.CustomSurfaceView{2a6eb105 V.E..... ......I. 49,141-498,393}
10-31 17:05:22.037 D/PlayExcuter( 2496): [TN_ThreadUtil-2]dealSurface surface=Surface(name=null)/@0x1dae5881,curSurface=Surface(name=null)/@0x1dae5881,curRect=Rect(49, 141 - 498, 393)
10-31 17:05:22.038 D/PlayNgbDealer( 2381): [TN_Binder_3]playStop index=0,stopType=0,stopMode=1,isEcmSet=false,isCaRelease=false,isStreamReset=true
10-31 17:05:22.038 D/PlayNgbDealer( 2381): [TN_Binder_3]findPlayer index=0,findType=0,channelIndex=0
10-31 17:05:22.038 E/PlayNgbDealer( 2381): [TN_Binder_3]playStop index=0 player null
10-31 17:05:22.039 D/TunerNgbDealer( 2381): [TN_Binder_2]scanFreqImpl 0 channel=[DirectChannel@32501b]channelID[0]oNetID[1]tsID[31]serviceID[3102]freq[371000]name[CCTV-1高清]serviceType[8]attr[24576]serialNum[1]serialNum4[1]pcrPID[49]refServiceID[-1],isAsy=true
10-31 17:05:22.039 D/TunerNgbDealer( 2381): [TN_Binder_2]reserveTuner 0 tunerDes=[TunerDes@a1a4e8f]isLock[false]isReserve[true]nHandle[0]moduleName[null]ni[org.davic.net.tuning.NetworkInterface@22bd351c]nic[org.ngb.broadcast.dvb.tuning.DvbNetworkInterfaceController@20665525]ds[[CableDeliverySystem@1544d8dd]freq[371000]fecOuter[0]modulation[3]symbolRate[6875]fecInner[0]]
10-31 17:05:22.040 D/tuning  ( 2381): ^^^^ts.type=0x44
10-31 17:05:22.040 D/tuning  ( 2381): ^^^^call tuner with type=0x44, freq=371000, symbolRate=6875, modulation=3,pos = 0
10-31 17:05:22.040 D/tuning  ( 2381): ^^^^Calling tune with freq=371000, symbol=6875, modulation=3
10-31 17:05:22.040 V/SUMA    ( 2381): [vtuner-c][vtuner_scanning 219]enter! 
10-31 17:05:22.040 V/SUMA    ( 1582): [vtuner-s][onTransact]enter!!! TRANS_CODE_VTUNER_SCAN
10-31 17:05:22.040 V/SUMA    ( 1582): [VTUNER] vtuner_scanning() enter !!! freq=[371000 6875 3] type=0 index=0
10-31 17:05:22.040 V/SUMA    ( 1582): >> Roc_Tuner_CableScanning beginning : time = 1177536 ms 
10-31 17:05:22.040 V/SUMA    ( 1582): [VTUNER] resman_tuner_lock() leave !!! tuner id=0 ret=0
10-31 17:05:22.040 V/SUMA    ( 1582): [VTUNER] vtuner_scanning() leave!!! tuner_index=0 ret=0
10-31 17:05:22.040 V/SUMA    ( 1582): [vtuner-s][onTransact]leave!!! TRANS_CODE_VTUNER_SCAN tuner_index=0x0 ret=0
10-31 17:05:22.040 V/SUMA    ( 2381): [vtuner-c][vtuner_scanning 234]leave! tuner_index=0 ret=0 
10-31 17:05:22.040 D/tuning  ( 2381): cable. result=0
10-31 17:05:22.040 I/System.out( 2381): [DEBUG networkInterface] You see: NI listener's size=1
10-31 17:05:22.040 D/TunerNgbDealer( 2381): [TN_Thread-111]receiveNIEvent event=org.davic.net.tuning.NetworkInterfaceTuningEvent[source=org.davic.net.tuning.NetworkInterface@22bd351c]
10-31 17:05:22.041 D/SysEventBaseDealer( 2381): [TN_Binder_4]resetSignalState index=0,infos=[Lcom.suma.midware.back.sysevent.g;@19038236
10-31 17:05:22.041 D/SysEventBaseDealer( 2381): [TN_Binder_4]resetSignalState index=0,info=[PlayStateInfo@2e11d461]index[0]signalState[1]caState[-1]caErrCode[0]channel[null]
10-31 17:05:22.042 D/SoundAndroidAdmin( 2381): [TN_Binder_3]checkVolume volume=27,nowVolume=4,maxVolume=15,lastVolume=4
10-31 17:05:22.042 D/SoundNgbAdmin( 2381): [TN_Binder_3]setVolume volume=27,isEffect=false,result=true
10-31 17:05:22.043 V/SUMA    ( 1582): roc_ss_get_item:get ROC_SYSSET_MUTE OK 
10-31 17:05:22.043 D/SoundNgbAdmin( 2381): [TN_Binder_3]isMute state=false
10-31 17:05:22.043 D/SoundAndroidAdmin( 2381): [TN_Binder_3]setVolume volume=27,isMute=false,isEffect=false,maxVolume=15,lastVolume=4
10-31 17:05:22.043 V/SUMA    ( 1582): roc_ss_set_item:set ROC_SYSSET_TRACK OK 
10-31 17:05:22.043 D/SoundNgbAdmin( 2381): [TN_Binder_2]setTrack track=1,result=true
10-31 17:05:22.043 D/SoundAndroidAdmin( 2381): [TN_Binder_2]setTrack track=1
10-31 17:05:22.050 D/BasicFigure( 2496): [TN_GLThread 74]isDrawFocused relyElement=[BaseElement@3d27edaa]focusScale[1.15]elementAlpha[-1.0]refectAlpha[-1.0]isFocusAble[true]shadowIndex[-1]autoJumpType[-1]uniqueID[54resSize0]rect[NULL]
10-31 17:05:22.050 D/BasicFigure( 2496): [TN_GLThread 74]isDrawFocused basicFigure=com.suma.midware.view.b.c.c@2fe62d9b
10-31 17:05:22.050 V/SUMA    ( 1582): Roc_ResMan_Tuner_Modify(index=0)[new: 371000, old: 371000 ver=123]. 
10-31 17:05:22.050 V/PT      ( 1582): >> HI3798C_INFO:rocme_porting_tuner_scanning- 
10-31 17:05:22.050 V/PT      ( 1582): Freq = 371000, Sym = 6875, QAM = 3 
10-31 17:05:22.050 V/PT      ( 1582):  
10-31 17:05:22.055 E/hcdn_upload( 2923): HCDN_LOG: [2017/10/31-17:05:22:055]:Update uload speed 1 kbps ,real:0 kbps,qsize:0,maxsize:12,timeout_speed:0 kbps 
10-31 17:05:22.058 D/SUMA_ENGINE3d( 2496):  thread[GLThread 74] onSurfaceChanged w: 1280, h : 720
10-31 17:05:22.058 D/SUMA_ENGINE3d( 2496):  thread[GLThread 74] onSurfaceChanged startModeTime:1177554
10-31 17:05:22.059 D/SUMA_ENGINE3d( 2496):  thread[GLThread 74] onSurfaceChanged endTime:1177555
10-31 17:05:22.068 D/BasicFigure( 2496): [TN_GLThread 74]isDrawFocused relyElement=[BaseElement@3d27edaa]focusScale[1.15]elementAlpha[-1.0]refectAlpha[-1.0]isFocusAble[true]shadowIndex[-1]autoJumpType[-1]uniqueID[54resSize0]rect[NULL]
10-31 17:05:22.068 D/BasicFigure( 2496): [TN_GLThread 74]isDrawFocused basicFigure=com.suma.midware.view.b.c.c@2fe62d9b
10-31 17:05:22.069 D/GLRootView( 2496): surfaceChanged holder:android.view.SurfaceView$4@c42406f:format:-3:width:1280:height:720
10-31 17:05:22.076 I/OpenGLRenderer( 2496): Initialized EGL, version 1.4
10-31 17:05:22.087 D/ChannelHandler( 2496): [TN_main]handleMessage note=SIGNAL
10-31 17:05:22.089 D/RemoteIME( 2339): onFinishInput.
10-31 17:05:22.089 D/RemoteIME( 2339): onStartInput  ccontentType: 0 Restarting:false
10-31 17:05:22.094 D/BasicFigure( 2496): [TN_GLThread 74]isDrawFocused relyElement=[BaseElement@3d27edaa]focusScale[1.15]elementAlpha[-1.0]refectAlpha[-1.0]isFocusAble[true]shadowIndex[-1]autoJumpType[-1]uniqueID[54resSize0]rect[NULL]
10-31 17:05:22.094 D/BasicFigure( 2496): [TN_GLThread 74]isDrawFocused basicFigure=com.suma.midware.view.b.c.c@2fe62d9b
10-31 17:05:22.097 D/BasicRootPanel( 2496): [TN_GLThread 74]getTVFigure curBasicPanel=com.suma.midware.view.b.d.d@389ebd80
10-31 17:05:22.098 D/FixedRes( 2496): [TN_GLThread 74]getTVNoteTexture tvNoteType=3,tvNoteSubType=0
10-31 17:05:22.115 D/BaseApplication( 2783): [TN_main]onActivitySaveInstanceState activity=com.suma.midware.setting.net.WifiConnectActivity@2a3b9b55,outState=Bundle[{android:viewHierarchyState=Bundle[{android:views={16908290=android.view.AbsSavedState$1@1dfcbd3f, 2131427352=android.view.AbsSavedState$1@1dfcbd3f, 2131427366=android.view.AbsSavedState$1@1dfcbd3f, 2131427425=android.view.AbsSavedState$1@1dfcbd3f, 2131427426=android.view.AbsSavedState$1@1dfcbd3f, 2131427427=android.view.AbsSavedState$1@1dfcbd3f, 2131427428=android.view.AbsSavedState$1@1dfcbd3f, 2131427429=android.view.AbsSavedState$1@1dfcbd3f, 2131427430=android.view.AbsSavedState$1@1dfcbd3f, 2131427431=android.view.AbsSavedState$1@1dfcbd3f, 2131427432=android.view.AbsSavedState$1@1dfcbd3f, 2131427433=android.view.AbsSavedState$1@1dfcbd3f, 2131427434=android.view.AbsSavedState$1@1dfcbd3f, 2131427471=android.view.AbsSavedState$1@1dfcbd3f, 2131427472=android.view.AbsSavedState$1@1dfcbd3f, 2131427473=android.view.AbsSavedState$1@1dfcbd3f, 2131427474=android.view.AbsSavedState$1@1dfcbd3f, 2131427475=android.view.AbsSavedState$1@1dfcbd3f, 2131427476=android.widget.ProgressBar$SavedState@2d63632c, 2131427477=android.view.AbsSavedState$1@1dfcbd3f, 2131427478=android.view.AbsSavedState$1@1dfcbd3f, 2131427479=android.view.AbsSavedState$1@1dfcbd3f, 2131427480=android.view.AbsSavedState$1@1dfcbd3f, 2131427481=android.view.AbsSavedState$1@1dfcbd3f, 2131427482=android.view.AbsSavedState$1@1dfcbd3f, 2131427483=android.view.AbsSavedState$1@1dfcbd3f, 2131427484=android.view.AbsSavedState$1@1dfcbd3f, 2131427485=android.view.AbsSavedState$1@1dfcbd3f, 2131427486=android.view.AbsSavedState$1@1dfcbd3f, 2131427487=android.view.AbsSavedState$1@1dfcbd3f, 2131427488=android.view.AbsSavedState$1@1dfcbd3f, 2131427489=android.view.AbsSavedState$1@1dfcbd3f, 2131427490=android.view.AbsSavedState$1@1dfcbd3f, 2131427491=android.view.AbsSavedState$1@1dfcbd3f, 2131427492=android.view.AbsSavedState$1@1dfcbd3f, 2131427493=android.view.AbsSavedState$1@1dfcbd3f, 2131427494=android.view.AbsSavedState$1@1dfcbd3f, 2131427495=android.view.AbsSavedState$1@1dfcbd3f, 2131427496=android.view.AbsSavedState$1@1dfcbd3f, 2131427497=android.view.AbsSavedState$1@1dfcbd3f, 2131427498=android.view.AbsSavedState$1@1dfcbd3f, 2131427499=android.view.AbsSavedState$1@1dfcbd3f, 2131427500=android.view.AbsSavedState$1@1dfcbd3f, 2131427549=android.view.AbsSavedState$1@1dfcbd3f, 2131427550=android.view.AbsSavedState$1@1dfcbd3f, 2131427551=android.view.AbsSavedState$1@1dfcbd3f, 2131427552=android.view.AbsSavedState$1@1dfcbd3f, 2131427553=android.view.AbsSavedState$1@1dfcbd3f, 2131427554=android.view.AbsSavedState$1@1dfcbd3f, 2131427555=android.view.AbsSavedState$1@1dfcbd3f, 2131427556=android.view.AbsSavedState$1@1dfcbd3f, 2131427557=android.view.AbsSavedState$1@1dfcbd3f, 2131427558=android.view.AbsSavedState$1@1dfcbd3f, 2131427559=android.view.AbsSavedState$1@1dfcbd3f, 2131427560=android.view.AbsSavedState$1@1dfcbd3f, 2131427561=android.view.AbsSavedState$1@1dfcbd3f, 2131427562=android.view.AbsSavedState$1@1dfcbd3f, 2131427563=TextView.SavedState{3b90d1f5 start=0 end=0 text=}, 2131427564=android.view.AbsSavedState$1@1dfcbd3f, 2131427565=android.view.AbsSavedState$1@1dfcbd3f, 2131427566=android.view.AbsSavedState$1@1dfcbd3f}}]}]
10-31 17:05:22.115 D/BaseApplication( 2783): [TN_main]onActivityStopped activity=com.suma.midware.setting.net.WifiConnectActivity@2a3b9b55
10-31 17:05:22.116 D/BaseApplication( 2783): [TN_main]onTrimMemory level=20
10-31 17:05:22.119 D/TextureManager( 2496): loadTexture name:系统无信号_36_-1_0_5.0_3.0_3.0_-7829368:textureID:166:recordSize:null
10-31 17:05:22.120 D/BasicFigure( 2496): [TN_GLThread 74]isDrawFocused relyElement=[BaseElement@3d27edaa]focusScale[1.15]elementAlpha[-1.0]refectAlpha[-1.0]isFocusAble[true]shadowIndex[-1]autoJumpType[-1]uniqueID[54resSize0]rect[NULL]
10-31 17:05:22.121 D/BasicFigure( 2496): [TN_GLThread 74]isDrawFocused basicFigure=com.suma.midware.view.b.c.c@2fe62d9b
10-31 17:05:22.133 D/BasicFigure( 2496): [TN_GLThread 74]isDrawFocused relyElement=[BaseElement@3d27edaa]focusScale[1.15]elementAlpha[-1.0]refectAlpha[-1.0]isFocusAble[true]shadowIndex[-1]autoJumpType[-1]uniqueID[54resSize0]rect[NULL]
10-31 17:05:22.133 D/BasicFigure( 2496): [TN_GLThread 74]isDrawFocused basicFigure=com.suma.midware.view.b.c.c@2fe62d9b
10-31 17:05:22.149 D/BasicFigure( 2496): [TN_GLThread 74]isDrawFocused relyElement=[BaseElement@3d27edaa]focusScale[1.15]elementAlpha[-1.0]refectAlpha[-1.0]isFocusAble[true]shadowIndex[-1]autoJumpType[-1]uniqueID[54resSize0]rect[NULL]
10-31 17:05:22.149 D/BasicFigure( 2496): [TN_GLThread 74]isDrawFocused basicFigure=com.suma.midware.view.b.c.c@2fe62d9b
10-31 17:05:22.159 D/BasicFigure( 2496): [TN_GLThread 74]isDrawFocused relyElement=[BaseElement@3d27edaa]focusScale[1.15]elementAlpha[-1.0]refectAlpha[-1.0]isFocusAble[true]shadowIndex[-1]autoJumpType[-1]uniqueID[54resSize0]rect[NULL]
10-31 17:05:22.159 D/BasicFigure( 2496): [TN_GLThread 74]isDrawFocused basicFigure=com.suma.midware.view.b.c.c@2fe62d9b
10-31 17:05:22.169 D/BasicFigure( 2496): [TN_GLThread 74]isDrawFocused relyElement=[BaseElement@3d27edaa]focusScale[1.15]elementAlpha[-1.0]refectAlpha[-1.0]isFocusAble[true]shadowIndex[-1]autoJumpType[-1]uniqueID[54resSize0]rect[NULL]
10-31 17:05:22.169 D/BasicFigure( 2496): [TN_GLThread 74]isDrawFocused basicFigure=com.suma.midware.view.b.c.c@2fe62d9b
10-31 17:05:22.181 D/BasicFigure( 2496): [TN_GLThread 74]isDrawFocused relyElement=[BaseElement@3d27edaa]focusScale[1.15]elementAlpha[-1.0]refectAlpha[-1.0]isFocusAble[true]shadowIndex[-1]autoJumpType[-1]uniqueID[54resSize0]rect[NULL]
10-31 17:05:22.181 D/BasicFigure( 2496): [TN_GLThread 74]isDrawFocused basicFigure=com.suma.midware.view.b.c.c@2fe62d9b
10-31 17:05:22.196 D/BasicFigure( 2496): [TN_GLThread 74]isDrawFocused relyElement=[BaseElement@3d27edaa]focusScale[1.15]elementAlpha[-1.0]refectAlpha[-1.0]isFocusAble[true]shadowIndex[-1]autoJumpType[-1]uniqueID[54resSize0]rect[NULL]
10-31 17:05:22.196 D/BasicFigure( 2496): [TN_GLThread 74]isDrawFocused basicFigure=com.suma.midware.view.b.c.c@2fe62d9b
10-31 17:05:22.213 D/BasicFigure( 2496): [TN_GLThread 74]isDrawFocused relyElement=[BaseElement@3d27edaa]focusScale[1.15]elementAlpha[-1.0]refectAlpha[-1.0]isFocusAble[true]shadowIndex[-1]autoJumpType[-1]uniqueID[54resSize0]rect[NULL]
10-31 17:05:22.213 D/BasicFigure( 2496): [TN_GLThread 74]isDrawFocused basicFigure=com.suma.midware.view.b.c.c@2fe62d9b
10-31 17:05:22.233 D/BasicFigure( 2496): [TN_GLThread 74]isDrawFocused relyElement=[BaseElement@3d27edaa]focusScale[1.15]elementAlpha[-1.0]refectAlpha[-1.0]isFocusAble[true]shadowIndex[-1]autoJumpType[-1]uniqueID[54resSize0]rect[NULL]
10-31 17:05:22.233 D/BasicFigure( 2496): [TN_GLThread 74]isDrawFocused basicFigure=com.suma.midware.view.b.c.c@2fe62d9b
10-31 17:05:22.252 D/BasicFigure( 2496): [TN_GLThread 74]isDrawFocused relyElement=[BaseElement@3d27edaa]focusScale[1.15]elementAlpha[-1.0]refectAlpha[-1.0]isFocusAble[true]shadowIndex[-1]autoJumpType[-1]uniqueID[54resSize0]rect[NULL]
10-31 17:05:22.252 D/BasicFigure( 2496): [TN_GLThread 74]isDrawFocused basicFigure=com.suma.midware.view.b.c.c@2fe62d9b
10-31 17:05:22.435 D/BackBootDealerNeimeng( 2381): standbyState:
10-31 17:05:22.436 D/ChannelHandler( 2496): [TN_main]changeSurfaceView width=1920,rect=[BaseRect@f6841383]x[74.0]y[212.0]z[0.0]xSize[674.0]ySize[379.0]zSize[0.0]xRotation[0.0]yRotation[0.0]zRotation[0.0]xScale[0.0]yScale[0.0]zScale[0.0],displayMetrics=DisplayMetrics{density=1.0, width=1280, height=720, scaledDensity=1.0, xdpi=160.0, ydpi=160.0}
10-31 17:05:22.437 E/NetUtils( 2021): Interface eth0 LinkDown!
10-31 17:05:22.437 D/PlayNgbDealer( 2381): [TN_Binder_4]findPlayer index=0,findType=1,channelIndex=0
10-31 17:05:22.437 D/Media   ( 2381): ^^^^player preparePlayer channelNum=0.
10-31 17:05:22.437 D/Media   ( 2381): ^^^^preparePlayer, url==NULL
10-31 17:05:22.437 V/SUMA    ( 2381): [ngbplayer-c][ngb_media_player_open 252]ngb media player open
10-31 17:05:22.437 V/SUMA    ( 1582): [NGBM] ngb_media_player_open enter !!! url=(null), channel=0
10-31 17:05:22.438 V/SUMA    ( 1582): [NGBM] media_print_video_attr display=1 rect=[0 0 1920 1080] ratio=6 cvrs=4
10-31 17:05:22.438 V/SUMA    ( 1582): [NGBM] context_vplayer_handle vplayer create ok!
10-31 17:05:22.438 V/SUMA    ( 1582): [VPLAYER] vplayer_init() version=2015-01-05-01
10-31 17:05:22.438 V/SUMA    ( 1582): [VPLAYER] vplayer_open() enter! url=(null)
10-31 17:05:22.438 V/SUMA    ( 1582): [VPLAYER 0xabcd0000] vplayer_open() leave! hvplayer=0xb42d6a00
10-31 17:05:22.438 V/SUMA    ( 1582): [NGBM] context_vplayer_ioctl unknown command 12
10-31 17:05:22.438 V/SUMA    ( 1582): [NGBM] context_vplayer_ioctl leave. ret=0
10-31 17:05:22.438 V/SUMA    ( 1582): [VPLAYER 0xabcd0000] vplayer_ioctl() enter! hvplayer=0xb42d6a00 VPLAYER_IOCTL_SET_WINDOW
10-31 17:05:22.438 V/SUMA    ( 1582): [VPLAYER 0xabcd0000] vplayer_ioctl() leave! hvplayer=0xb42d6a00 VPLAYER_IOCTL_SET_WINDOW rect=[0 0 1920 1080]
10-31 17:05:22.438 V/SUMA    ( 1582): [NGBM] context_vplayer_ioctl leave. ret=0
10-31 17:05:22.438 V/SUMA    ( 1582): [VPLAYER 0xabcd0000] vplayer_ioctl() enter! hvplayer=0xb42d6a00 VPLAYER_IOCTL_SET_ASPECT_RATIO
10-31 17:05:22.439 V/SUMA    ( 1582): [VPLAYER 0xabcd0000] vplayer_ioctl() leave! hvplayer=0xb42d6a00 VPLAYER_IOCTL_SET_ASPECT_RATIO ratio=6
10-31 17:05:22.439 V/SUMA    ( 1582): [NGBM] context_vplayer_ioctl leave. ret=0
10-31 17:05:22.439 V/SUMA    ( 1582): [VPLAYER 0xabcd0000] vplayer_ioctl() enter! hvplayer=0xb42d6a00 VPLAYER_IOCTL_SET_ASPECT_CVRS 
10-31 17:05:22.439 V/SUMA    ( 1582): [VPLAYER 0xabcd0000] vplayer_ioctl() leave! hvplayer=0xb42d6a00 VPLAYER_IOCTL_SET_ASPECT_CVRS cvrs=4
10-31 17:05:22.439 V/SUMA    ( 1582): [NGBM] context_vplayer_ioctl leave. ret=0
10-31 17:05:22.439 V/SUMA    ( 1582): [NGBM] media_print_video_attr display=1 rect=[0 0 1920 1080] ratio=6 cvrs=4
10-31 17:05:22.439 V/SUMA    ( 1582): [NGBM] ngb_media_player_open leave hplayer=0x00ff0000 ret=0
10-31 17:05:22.439 V/SUMA    ( 1582):        url=NULL
10-31 17:05:22.439 V/SUMA    ( 2381): [ngbplayer-c][ngb_media_player_open 282]ngbplayers = 1
10-31 17:05:22.439 D/Media   ( 2381): ^^^^player registPlayerListener.
10-31 17:05:22.440 V/SUMA    ( 1582): [NGBM] ngb_media_player_enreg enter !!! hplayer=0xff0000
10-31 17:05:22.440 V/SUMA    ( 1582): [NGBM] context_vplayer_ioctl leave. ret=0
10-31 17:05:22.440 V/SUMA    ( 1582): [NGBM] ngb_media_player_enreg leave hplayer=0x00ff0000 ret=0
10-31 17:05:22.440 D/PlayNgbDealer( 2381): [TN_Binder_4]findPlayer index=0,player=org.ngb.media.PlayerImpl@1ef365e8
10-31 17:05:22.440 D/PlayNgbDealer( 2381): [TN_Binder_4]setPlayerWindow index=0,playerNum=1,rect=Rect(49, 141 - 498, 393),info=[PlayerInfo@23ef1537]index[0]id[0]userPID[2496]playerState[-1]isVideoPlay[false]isAudioPlay[false]isGetting[false]bChannel[null]retrieverTime[-1]playTime[-1]dataInfo[[DataInfo@3e7ce00d]playUrl[null]rect[null]channel[null]]
10-31 17:05:22.440 D/Media   ( 2381): ^^^^player setBounds.
10-31 17:05:22.441 V/SUMA    ( 1582): [NGBM] ngb_media_player_set_video_window enter !!! hplayer=0xff0000
10-31 17:05:22.441 V/SUMA    ( 1582): [VPLAYER 0xabcd0000] vplayer_ioctl() enter! hvplayer=0xb42d6a00 VPLAYER_IOCTL_SET_WINDOW
10-31 17:05:22.441 V/SUMA    ( 1582): [VPLAYER 0xabcd0000] vplayer_ioctl() leave! hvplayer=0xb42d6a00 VPLAYER_IOCTL_SET_WINDOW rect=[49 141 449 252]
10-31 17:05:22.441 V/SUMA    ( 1582): [NGBM] context_vplayer_ioctl leave. ret=0
10-31 17:05:22.441 V/SUMA    ( 1582): [NGBM] ngb_media_player_set_video_window leave hplayer=0xff0000 ret=0
10-31 17:05:22.442 D/PlayerManager( 2496): [TN_main]addPlayTask playTask=[PlayDirectTask@2070628e]playTaskType[6]playType[0]playerType[-1]isEcmSet[true]playerIndex[0]tunerIndex[0]channel[[DirectChannel@32501b]channelID[0]oNetID[1]tsID[31]serviceID[3102]freq[371000]name[CCTV-1高清]serviceType[8]attr[24576]serialNum[1]serialNum4[1]pcrPID[49]refServiceID[-1]],state=0
10-31 17:05:22.442 D/PlayExcuter( 2496): [TN_main]notifyPlay type=8,curType=-2,cancelType=-1,cancelVideoType=-1,isResetData=false,task=[PlayDirectTask@2070628e]playTaskType[6]playType[0]playerType[-1]isEcmSet[true]playerIndex[0]tunerIndex[0]channel[[DirectChannel@32501b]channelID[0]oNetID[1]tsID[31]serviceID[3102]freq[371000]name[CCTV-1高清]serviceType[8]attr[24576]serialNum[1]serialNum4[1]pcrPID[49]refServiceID[-1]],this.task=null,indexs=null
10-31 17:05:22.443 D/PlayExcuter( 2496): [TN_main]mergeTask sourceTask=null,destiTask=[PlayDirectTask@2070628e]playTaskType[6]playType[0]playerType[-1]isEcmSet[true]playerIndex[0]tunerIndex[0]channel[[DirectChannel@32501b]channelID[0]oNetID[1]tsID[31]serviceID[3102]freq[371000]name[CCTV-1高清]serviceType[8]attr[24576]serialNum[1]serialNum4[1]pcrPID[49]refServiceID[-1]]
10-31 17:05:22.443 D/PlayExcuter( 2496): [TN_ThreadUtil-2]excuteTask task=[PlayDirectTask@2070628e]playTaskType[6]playType[0]playerType[-1]isEcmSet[true]playerIndex[0]tunerIndex[0]channel[[DirectChannel@32501b]channelID[0]oNetID[1]tsID[31]serviceID[3102]freq[371000]name[CCTV-1高清]serviceType[8]attr[24576]serialNum[1]serialNum4[1]pcrPID[49]refServiceID[-1]]
10-31 17:05:22.443 D/PlayExcuter( 2496): [TN_ThreadUtil-2]excuteTask curExcuter=com.suma.midware.prop.play.PlayDirectExcuter@15b56aaf
10-31 17:05:22.454 D/CustomSurfaceView( 2496): onMeasure widthMeasureSpec:400001c1:heightMeasureSpec:800002d0:width:449:height:252
10-31 17:05:22.455 D/CustomSurfaceView( 2496): onMeasure width:449:height:720
10-31 17:05:22.455 D/CustomSurfaceView( 2496): onMeasure widthMeasureSpec:400001c1:heightMeasureSpec:400000fc:width:449:height:252
10-31 17:05:22.455 D/CustomSurfaceView( 2496): onMeasure width:449:height:252
10-31 17:05:22.455 D/CustomSurfaceView( 2496): onMeasure widthMeasureSpec:400001c1:heightMeasureSpec:800002d0:width:449:height:252
10-31 17:05:22.455 D/CustomSurfaceView( 2496): onMeasure width:449:height:720
10-31 17:05:22.455 D/CustomSurfaceView( 2496): onMeasure widthMeasureSpec:400001c1:heightMeasureSpec:400000fc:width:449:height:252
10-31 17:05:22.455 D/CustomSurfaceView( 2496): onMeasure width:449:height:252
10-31 17:05:22.541 D/SysEventBaseDealer( 2381): [TN_ThreadUtil-9]handleEvent event=[SignalEvent@101f4401]signalState[-1]index[0]channel[null]
10-31 17:05:22.541 D/SysEventBaseDealer( 2381): [TN_ThreadUtil-9]handleSignalEvent signalEvent=[SignalEvent@101f4401]signalState[-1]index[0]channel[null],channel=null
10-31 17:05:22.541 D/SysEventBaseDealer( 2381): [TN_ThreadUtil-9]handleSignalEvent 0 info=[PlayStateInfo@2e11d461]index[0]signalState[1]caState[-1]caErrCode[0]channel[null]
10-31 17:05:22.542 V/SUMA    ( 1582): [resman-s][onTransact 216]code[0x1200010b] client pid = 2381
10-31 17:05:22.875 I/StateVariable( 2429): curr value 13 value : 13
10-31 17:05:22.937 D/BackBootDealerNeimeng( 2381): standbyState:
10-31 17:05:22.938 E/NetUtils( 2021): Interface eth0 LinkDown!
10-31 17:05:23.010 V/SUMA    ( 2381): [cas-c][CA_Manager_GetManufactureInfoSync 2590]enter !!!
10-31 17:05:23.017 W/ResourceType( 2164): No package identifier when getting value for resource number 0x00000000
10-31 17:05:23.017 W/PackageManager( 2164): Failure retrieving resources for com.suma.midware.setting: Resource ID #0x0
10-31 17:05:23.043 V/PT      ( 1582): >>INFO:irkey_task:[    1178.539126] /dev/input/event0: type=0001 code=0067 val=00000001
10-31 17:05:23.043 D/ir_user ( 1599): PlayerTimeLineTrace:linux_keycode:0x67(DOWN),	protocol: .
10-31 17:05:23.043 V/PT      ( 1582): >>INFO:irkey_send:0x3001 0x0026 down
10-31 17:05:23.043 V/SUMA    ( 1582): ++++++++++++++  _roc_evtmgr_key_cbk 517:input = 12289, event=38, act=0x100
10-31 17:05:23.043 V/SUMA    ( 1582): lxm:_roc_evtmgr_key_cbk 519 1178539
10-31 17:05:23.043 V/SUMA    ( 1582): lxm:_roc_evtmgr_add_evt_into_queue 347 1178539
10-31 17:05:23.044 V/PT      ( 1582): >>INFO:irkey_task:[    1178.539126] /dev/input/event0: type=0000 code=0000 val=00000000
10-31 17:05:23.044 V/SUMA    ( 1582): ===================>> type=0 src=0 evt=38 act=0x100
10-31 17:05:23.044 V/SUMA    ( 1582): [sysset-s][event_manager_cbk 78]lxm cbid=1, cbk_reg=1, cpid=2450
10-31 17:05:23.044 D/NGBEvent( 2450): ngbEventCallBack type:0 source :38
10-31 17:05:23.044 D/NGBEvent( 2450): [NGBEventManager-JNI]-returning:1
10-31 17:05:23.044 D/NGBEvent( 2450): Input key event: keyCode=38
10-31 17:05:23.044 D/NGBEvent( 2450): src:38 = dest:38
10-31 17:05:23.044 I/System.out( 2450): [DEBUG EventManager] LWJ--Add event to java with evt=NgbEvent-[type = 1, subtype = 401, code = 38]
10-31 17:05:23.044 D/NGBEvent( 2450): [NGBEvent_log]--[EventManager--JNI]:		start
10-31 17:05:23.044 I/System.out( 2450): [DEBUG EventManager] broadcastEvent  :len 1
10-31 17:05:23.045 D/CombineKeyUtil( 2450): [TN_pool-1-thread-1]dealKeyEvent,combineIndex:-1:keyCode:19
10-31 17:05:23.045 D/KeyEventNgbDealer( 2450): [TN_pool-1-thread-1]handleKeyPressed keyEvent=NgbEvent-[type = 1, subtype = 401, code = 38],time=1178540
10-31 17:05:23.045 D/RemoteIME( 2339): onKeyDown event = KeyEvent { action=ACTION_DOWN, keyCode=KEYCODE_DPAD_UP, scanCode=103, metaState=0, flags=0x8, repeatCount=0, eventTime=1178539, downTime=1178539, deviceId=3, source=0x701 },mSkbContainer=null
10-31 17:05:23.046 D/Main3DActivity( 2496): [TN_main]dispatchKeyEvent event=KeyEvent { action=ACTION_DOWN, keyCode=KEYCODE_DPAD_UP, scanCode=103, metaState=0, flags=0x8, repeatCount=0, eventTime=1178539, downTime=1178539, deviceId=3, source=0x701 },isEventAble=true
10-31 17:05:23.046 D/InputEventConsistencyVerifier( 2496): KeyEvent: ACTION_DOWN but key is already down and this event is not a key repeat.
10-31 17:05:23.046 D/InputEventConsistencyVerifier( 2496):   in com.android.internal.policy.impl.PhoneWindow$DecorView{d5737ce V.E..... R.....I. 0,0-1280,720}
10-31 17:05:23.046 D/InputEventConsistencyVerifier( 2496):   0: sent at 1178539000000, KeyEvent { action=ACTION_DOWN, keyCode=KEYCODE_DPAD_UP, scanCode=103, metaState=0, flags=0x8, repeatCount=0, eventTime=1178539, downTime=1178539, deviceId=3, source=0x701 }
10-31 17:05:23.046 D/InputEventConsistencyVerifier( 2496):   -- recent events --
10-31 17:05:23.046 D/InputEventConsistencyVerifier( 2496):   1: sent at 1164576000000, KeyEvent { action=ACTION_DOWN, keyCode=KEYCODE_DPAD_CENTER, scanCode=28, metaState=0, flags=0x80000008, repeatCount=0, eventTime=1164576, downTime=1164576, deviceId=3, source=0x701 }
10-31 17:05:23.046 D/InputEventConsistencyVerifier( 2496):   2: sent at 1164199000000, KeyEvent { action=ACTION_DOWN, keyCode=KEYCODE_DPAD_RIGHT, scanCode=106, metaState=0, flags=0x80000008, repeatCount=0, eventTime=1164199, downTime=1164199, deviceId=3, source=0x701 }
10-31 17:05:23.046 D/InputEventConsistencyVerifier( 2496):   3: sent at 1163753000000, KeyEvent { action=ACTION_DOWN, keyCode=KEYCODE_DPAD_RIGHT, scanCode=106, metaState=0, flags=0x80000008, repeatCount=0, eventTime=1163753, downTime=1163753, deviceId=3, source=0x701 }
10-31 17:05:23.046 D/InputEventConsistencyVerifier( 2496):   4: sent at 1163279000000, KeyEvent { action=ACTION_DOWN, keyCode=KEYCODE_DPAD_UP, scanCode=103, metaState=0, flags=0x80000008, repeatCount=0, eventTime=1163279, downTime=1163279, deviceId=3, source=0x701 }
10-31 17:05:23.046 D/InputEventConsistencyVerifier( 2496):   5: sent at 1162847000000, KeyEvent { action=ACTION_DOWN, keyCode=KEYCODE_DPAD_UP, scanCode=103, metaState=0, flags=0x80000008, repeatCount=0, eventTime=1162847, downTime=1162847, deviceId=3, source=0x701 }
10-31 17:05:23.047 D/BasicRootView( 2496): [TN_main]dispatchKeyEvent event=KeyEvent { action=ACTION_DOWN, keyCode=KEYCODE_DPAD_UP, scanCode=103, metaState=0, flags=0x80000008, repeatCount=0, eventTime=1178539, downTime=1178539, deviceId=3, source=0x701 },curRootPanel=com.suma.midware.home.third.a.a@395c748b
10-31 17:05:23.047 D/GLRootRenderer( 2496): dispatchKeyEvent event:KeyEvent { action=ACTION_DOWN, keyCode=KEYCODE_DPAD_UP, scanCode=103, metaState=0, flags=0x80000008, repeatCount=0, eventTime=1178539, downTime=1178539, deviceId=3, source=0x701 }:lastKeyCode:23:lastKeyAction:0:lastkeycount:0:size:0
10-31 17:05:23.047 D/Scene   ( 2496): dispatchKeyEvent event:KeyEvent { action=ACTION_DOWN, keyCode=KEYCODE_DPAD_UP, scanCode=103, metaState=0, flags=0x80000008, repeatCount=0, eventTime=1178539, downTime=1178539, deviceId=3, source=0x701 }
10-31 17:05:23.047 D/Scene   ( 2496): dispatchKeyEvent currentFocus = com.suma.midware.view.b.c.p@990e269
10-31 17:05:23.047 D/Scene   ( 2496): dispatchKeyEvent nextFocus:null
10-31 17:05:23.048 D/BasicFigure( 2496): [TN_GLThread 74]dealKeyEvent event=KeyEvent { action=ACTION_DOWN, keyCode=KEYCODE_DPAD_UP, scanCode=103, metaState=0, flags=0x80000008, repeatCount=0, eventTime=1178539, downTime=1178539, deviceId=3, source=0x701 }
10-31 17:05:23.049 D/MenuUtil( 2496): [TN_GLThread 74]searchVerticalFigure x=88.0000,y=220.000,width=646.000,height=363.000,excludeObj=com.suma.midware.view.b.c.p@990e269
10-31 17:05:23.049 E/storage_operate( 2923): HCDN_LOG: [2017/10/31-17:05:23:049]:[func:GetTaskCount],[line:827],[oper:get task count],[state:0],[count:0]
10-31 17:05:23.049 E/storage_operate( 2923): HCDN_LOG: [2017/10/31-17:05:23:049]:[func:GetTaskCount],[line:827],[oper:get task count],[state:0],[count:0]
10-31 17:05:23.049 E/storage_operate( 2923): HCDN_LOG: [2017/10/31-17:05:23:049]:[func:GetTaskCount],[line:827],[oper:get task count],[state:1],[count:0]
10-31 17:05:23.050 D/MenuUtil( 2496): [TN_GLThread 74]isAbove y1=105.000,y2=220.000,cube1=890.0,110.0,1.0,cube2=646.0,363.0,1.0,obj3d1=com.suma.midware.view.b.d.b@3001ff6,obj3d2=com.suma.midware.view.b.c.p@990e269
10-31 17:05:23.051 D/MenuUtil( 2496): [TN_GLThread 74]isAbove y1=105.000,y2=105.000,cube1=890.0,110.0,1.0,cube2=890.0,110.0,1.0,obj3d1=com.suma.midware.view.b.d.b@3001ff6,obj3d2=com.suma.midware.view.b.d.b@3001ff6
10-31 17:05:23.051 D/BasicFigure( 2496): [TN_GLThread 74]onFocusLost figure=com.suma.midware.view.b.c.p@990e269
10-31 17:05:23.051 W/BasicRootPanel( 2496): [TN_GLThread 74]switchPanelLight lightFigure null
10-31 17:05:23.051 D/BasicColumn( 2496): [TN_GLThread 74]onFocus isFocus=true,index=0,nextIndex=-1
10-31 17:05:23.051 D/FixedRes( 2496): [TN_GLThread 74]getNineImgRes nineImgSize=2
10-31 17:05:23.052 D/BasicColumn( 2496): [TN_GLThread 74]moveFocus xOffset=151.000,yOffset=139.000
10-31 17:05:23.053 D/BasicColumn( 2496): [TN_GLThread 74]moveFocus width=267.000,height=199.000,curCube=116.0,60.0,1.0,curPosition=-387.0,10.0,0.0,focusScale=1.0,1.0,1.0
10-31 17:05:23.055 E/hcdn_upload( 2923): HCDN_LOG: [2017/10/31-17:05:23:055]:Update uload speed 1 kbps ,real:0 kbps,qsize:0,maxsize:12,timeout_speed:0 kbps 
10-31 17:05:23.063 D/BasicFigure( 2496): [TN_GLThread 74]isDrawFocused relyElement=[BaseElement@3d27edaa]focusScale[1.15]elementAlpha[-1.0]refectAlpha[-1.0]isFocusAble[true]shadowIndex[-1]autoJumpType[-1]uniqueID[54resSize0]rect[NULL]
10-31 17:05:23.063 D/BasicFigure( 2496): [TN_GLThread 74]isDrawFocused basicFigure=com.suma.midware.view.b.c.c@2fe62d9b
10-31 17:05:23.073 D/BasicFigure( 2496): [TN_GLThread 74]isDrawFocused relyElement=[BaseElement@3d27edaa]focusScale[1.15]elementAlpha[-1.0]refectAlpha[-1.0]isFocusAble[true]shadowIndex[-1]autoJumpType[-1]uniqueID[54resSize0]rect[NULL]
10-31 17:05:23.073 D/BasicFigure( 2496): [TN_GLThread 74]isDrawFocused basicFigure=com.suma.midware.view.b.c.c@2fe62d9b
10-31 17:05:23.118 E/storage_operate( 2648): HCDN_LOG: [2017/10/31-17:05:23:118]:[func:GetTaskCount],[line:827],[oper:get task count],[state:0],[count:0]
10-31 17:05:23.118 E/storage_operate( 2648): HCDN_LOG: [2017/10/31-17:05:23:118]:[func:GetTaskCount],[line:827],[oper:get task count],[state:0],[count:0]
10-31 17:05:23.118 E/storage_operate( 2648): HCDN_LOG: [2017/10/31-17:05:23:118]:[func:GetTaskCount],[line:827],[oper:get task count],[state:1],[count:0]
10-31 17:05:23.172 V/SUMA    ( 2381): [cas-c][CA_Manager_GetManufactureInfoSync 2604]leave !!!
10-31 17:05:23.172 D/CAManagerNative( 2381): getCardInfo.CA_Manager_GetManufactureInfoSync result=0
10-31 17:05:23.233 V/SUMA    ( 1582): >> rocme_porting_[0]tuner[0]_scanning fre = 371000 sym = 6875 qam = 3 ,res_state = 0x1
10-31 17:05:23.233 V/SUMA    ( 1582): [resman-s][dvb_server_resman_event_cbk 1615]enter dvb_server_resman_event_cbk
10-31 17:05:23.234 V/SUMA    ( 1582): [resman-s][dvb_server_resman_event_cbk 1656]leave dvb_server_resman_event_cbk
10-31 17:05:23.234 V/SUMA    ( 1582): >> ROC TNR(0)-EVENT = 0x210002 ROC_RES_TUNER_TUNER_EVT_LOCK_FAILED
10-31 17:05:23.234 V/SUMA    ( 1582): >> Roc_Tuner_CableScanning end : time = 1178729 ms ,total time = 1193 ms 
10-31 17:05:23.234 D/tuning  ( 2381): ^^^tunerEventCallback is called,  event=210002 
10-31 17:05:23.235 V/SUMA    ( 1582): [resman-s][onTransact 216]code[0x1200010b] client pid = 2381
10-31 17:05:23.235 E/HI_TUNER( 1582): [ERROR-HI_TUNER]:HI_UNF_TUNER_GetBER[4827]:SIGNAL DROP
10-31 17:05:23.237 E/HI_TUNER( 1582): [ERROR-HI_TUNER]:HI_UNF_TUNER_GetSNR[5131]:SIGNAL DROP
10-31 17:05:23.238 V/PT      ( 1582): >>INFO:rocme_porting_tuner_get_signal_info:u32SNR = 0x0,u32SignalStrength = 0x6
10-31 17:05:23.238 V/PT      ( 1582): >>INFO:rocme_porting_tuner_get_signal_info:base_integer = 0x0,base_decimal = 0x0,exponent = 0x7
10-31 17:05:23.240 V/SUMA    ( 1582): [resman-s][onTransact 1574]leave transact client pid = 2381
10-31 17:05:23.240 I/System.out( 2381): [DEBUG TunerInfo] integer :0
10-31 17:05:23.240 I/System.out( 2381): [DEBUG TunerInfo] berDecimal :0
10-31 17:05:23.240 I/System.out( 2381): [DEBUG TunerInfo] berExp :7
10-31 17:05:23.240 D/SysEventBaseDealer( 2381): [TN_ThreadUtil-9]handleSignalEvent signalType=1
10-31 17:05:23.241 E/HI_TUNER( 1582): [ERROR-HI_TUNER]:HI_UNF_TUNER_GetBER[4827]:SIGNAL DROP
10-31 17:05:23.243 E/HI_TUNER( 1582): [ERROR-HI_TUNER]:HI_UNF_TUNER_GetSNR[5131]:SIGNAL DROP
10-31 17:05:23.244 V/PT      ( 1582): >>INFO:rocme_porting_tuner_get_signal_info:u32SNR = 0x0,u32SignalStrength = 0x6
10-31 17:05:23.244 V/PT      ( 1582): >>INFO:rocme_porting_tuner_get_signal_info:base_integer = 0x0,base_decimal = 0x0,exponent = 0x7
10-31 17:05:23.246 V/SUMA    ( 1582): [resman-s][onTransact 1574]leave transact client pid = 2381
