10-31 15:09:53.329 D/base::Ini(15503): [getOption] getOption name='debug-netdev-level' value=''.
10-31 15:09:53.329 D/base::Ini(15503): [getOption] getOption name='debug-netdev-level' value=''.
10-31 15:09:53.329 D/base::Ini(15503): [getOption] getOption name='debug-eventManager-level' value=''.
10-31 15:09:53.329 D/base::Ini(15503): [getOption] getOption name='debug-eventManager-level' value=''.
10-31 15:09:53.329 D/base::Ini(15503): [getOption] getOption name='debug-eventManager-level' value=''.
10-31 15:09:53.329 D/base::Ini(15503): [getOption] getOption name='debug-eventManager-level' value=''.
10-31 15:09:53.329 D/base::Ini(15503): [getOption] getOption name='debug-eventManager-level' value=''.
10-31 15:09:53.330 D/base::Ini(15503): [getOption] getOption name='debug-eventManager-level' value=''.
10-31 15:09:53.330 D/base::Ini(15503): [getOption] getOption name='debug-eventManager-level' value=''.
10-31 15:09:53.330 D/base::Ini(15503): [getOption] getOption name='debug-eventManager-level' value=''.
10-31 15:09:53.330 D/base::Ini(15503): [getOption] getOption name='debug-eventManager-level' value=''.
10-31 15:09:53.330 D/base::Ini(15503): [getOption] getOption name='debug-eventManager-level' value=''.
10-31 15:09:53.330 D/base::Ini(15503): [getOption] getOption name='debug-eventManager-level' value=''.
10-31 15:09:53.330 D/base::Ini(15503): [getOption] getOption name='debug-eventManager-level' value=''.
10-31 15:09:53.330 D/base::Ini(15503): [getOption] getOption name='debug-eventManager-level' value=''.
10-31 15:09:53.330 D/base::Ini(15503): [getOption] getOption name='debug-eventManager-level' value=''.
10-31 15:09:53.330 D/base::Ini(15503): [getOption] getOption name='debug-eventManager-level' value=''.
10-31 15:09:53.330 D/base::Ini(15503): [getOption] getOption name='debug-eventManager-level' value=''.
10-31 15:09:53.530 D/base::Ini(15503): [getOption] getOption name='debug-eventManager-level' value=''.
10-31 15:09:53.530 D/base::Ini(15503): [getOption] getOption name='debug-eventManager-level' value=''.
10-31 15:09:53.530 D/base::Ini(15503): [getOption] getOption name='debug-eventManager-level' value=''.
10-31 15:09:53.530 D/base::Ini(15503): [getOption] getOption name='debug-eventManager-level' value=''.
10-31 15:09:53.530 D/base::Ini(15503): [getOption] getOption name='debug-eventManager-level' value=''.
10-31 15:09:53.530 D/base::Ini(15503): [getOption] getOption name='debug-eventManager-level' value=''.
10-31 15:09:53.530 D/base::Ini(15503): [getOption] getOption name='debug-eventManager-level' value=''.
10-31 15:09:53.530 D/base::Ini(15503): [getOption] getOption name='debug-eventManager-level' value=''.
10-31 15:09:53.530 D/base::Ini(15503): [getOption] getOption name='debug-eventManager-level' value=''.
10-31 15:09:53.530 D/base::Ini(15503): [getOption] getOption name='debug-netdev-level' value=''.
10-31 15:09:53.531 D/base::Ini(15503): [getOption] getOption name='debug-netdev-level' value=''.
10-31 15:09:53.531 D/base::Ini(15503): [getOption] getOption name='debug-netdev-level' value=''.
10-31 15:09:53.531 D/base::Ini(15503): [getOption] getOption name='debug-netdev-level' value=''.
10-31 15:09:53.531 D/base::Ini(15503): [getOption] getOption name='debug-eventManager-level' value=''.
10-31 15:09:53.531 D/base::Ini(15503): [getOption] getOption name='debug-eventManager-level' value=''.
10-31 15:09:53.531 D/base::Ini(15503): [getOption] getOption name='debug-eventManager-level' value=''.
10-31 15:09:53.531 D/base::Ini(15503): [getOption] getOption name='debug-eventManager-level' value=''.
10-31 15:09:53.531 D/base::Ini(15503): [getOption] getOption name='debug-netdev-level' value=''.
10-31 15:09:53.531 D/base::Ini(15503): [getOption] getOption name='debug-netdev-level' value=''.
10-31 15:09:53.531 D/base::Ini(15503): [getOption] getOption name='debug-netdev-level' value=''.
10-31 15:09:53.531 D/base::Ini(15503): [getOption] getOption name='debug-netdev-level' value=''.
10-31 15:09:53.531 D/base::Ini(15503): [getOption] getOption name='debug-eventManager-level' value=''.
10-31 15:09:53.531 D/base::Ini(15503): [getOption] getOption name='debug-eventManager-level' value=''.
10-31 15:09:53.531 D/base::Ini(15503): [getOption] getOption name='debug-eventManager-level' value=''.
10-31 15:09:53.531 D/base::Ini(15503): [getOption] getOption name='debug-eventManager-level' value=''.
10-31 15:09:53.531 D/base::Ini(15503): [getOption] getOption name='debug-eventManager-level' value=''.
10-31 15:09:53.531 D/base::Ini(15503): [getOption] getOption name='debug-eventManager-level' value=''.
10-31 15:09:53.531 D/base::Ini(15503): [getOption] getOption name='debug-eventManager-level' value=''.
10-31 15:09:53.531 D/base::Ini(15503): [getOption] getOption name='debug-eventManager-level' value=''.
10-31 15:09:53.531 D/base::Ini(15503): [getOption] getOption name='debug-eventManager-level' value=''.
10-31 15:09:53.531 D/base::Ini(15503): [getOption] getOption name='debug-eventManager-level' value=''.
10-31 15:09:53.531 D/base::Ini(15503): [getOption] getOption name='debug-eventManager-level' value=''.
10-31 15:09:53.531 D/base::Ini(15503): [getOption] getOption name='debug-eventManager-level' value=''.
10-31 15:09:53.532 D/base::Ini(15503): [getOption] getOption name='debug-eventManager-level' value=''.
10-31 15:09:53.532 D/base::Ini(15503): [getOption] getOption name='debug-eventManager-level' value=''.
10-31 15:09:53.532 D/base::Ini(15503): [getOption] getOption name='debug-eventManager-level' value=''.
10-31 15:09:53.532 D/base::Ini(15503): [getOption] getOption name='debug-eventManager-level' value=''.
10-31 15:09:53.731 D/base::Ini(15503): [getOption] getOption name='debug-eventManager-level' value=''.
10-31 15:09:53.731 D/base::Ini(15503): [getOption] getOption name='debug-eventManager-level' value=''.
10-31 15:09:53.731 D/base::Ini(15503): [getOption] getOption name='debug-eventManager-level' value=''.
10-31 15:09:53.731 D/base::Ini(15503): [getOption] getOption name='debug-eventManager-level' value=''.
10-31 15:09:53.731 D/base::Ini(15503): [getOption] getOption name='debug-eventManager-level' value=''.
10-31 15:09:53.731 D/base::Ini(15503): [getOption] getOption name='debug-eventManager-level' value=''.
10-31 15:09:53.731 D/base::Ini(15503): [getOption] getOption name='debug-eventManager-level' value=''.
10-31 15:09:53.731 D/base::Ini(15503): [getOption] getOption name='debug-eventManager-level' value=''.
10-31 15:09:53.731 D/base::Ini(15503): [getOption] getOption name='debug-eventManager-level' value=''.
10-31 15:09:53.731 D/base::Ini(15503): [getOption] getOption name='debug-eventManager-level' value=''.
10-31 15:09:53.731 D/base::Ini(15503): [getOption] getOption name='debug-eventManager-level' value=''.
10-31 15:09:53.731 D/base::Ini(15503): [getOption] getOption name='debug-netdev-level' value=''.
10-31 15:09:53.731 D/base::Ini(15503): [getOption] getOption name='debug-netdev-level' value=''.
10-31 15:09:53.731 D/base::Ini(15503): [getOption] getOption name='debug-netdev-level' value=''.
10-31 15:09:53.731 D/base::Ini(15503): [getOption] getOption name='debug-netdev-level' value=''.
10-31 15:09:53.732 D/BackBootDealerNeimeng( 2389): standbyState:
10-31 15:09:53.732 E/NetUtils( 2020): Interface eth0 LinkDown!
10-31 15:09:53.732 I/AdvancedPorting-PORT_MODULE_NET(15503): network_task while... 
10-31 15:09:53.732 I/AdvancedPorting-PORT_MODULE_NET(15503): 0 interface name: lo
10-31 15:09:53.732 I/AdvancedPorting-PORT_MODULE_NET(15503): 1 interface name: wlan0
10-31 15:09:53.732 I/AdvancedPorting-PORT_MODULE_NET(15503): First interface name: lo
10-31 15:09:53.733 I/AdvancedPorting-PORT_MODULE_NET(15503): network_task while...  net_i:1
10-31 15:09:53.733 I/AdvancedPorting-PORT_MODULE_NET(15503): network_task while---name_interface[0]=lo
10-31 15:09:53.733 I/AdvancedPorting-PORT_MODULE_NET(15503): network_task while---name_interface[1]=wlan0
10-31 15:09:53.733 I/AdvancedPorting-PORT_MODULE_NET(15503): network_task while---interface_name=wlan0
10-31 15:09:53.733 I/AdvancedPorting-PORT_MODULE_NET(15503): network_get_netlink_status(in)--if_name=wlan0
10-31 15:09:53.733 I/AdvancedPorting-PORT_MODULE_NET(15503): net.network.isconnected = no
10-31 15:09:53.733 I/AdvancedPorting-PORT_MODULE_NET(15503): wlan0 --network_get_netlink_status return retval=1
10-31 15:09:53.733 I/AdvancedPorting-PORT_MODULE_NET(15503): stat = 1 last_status = 1
10-31 15:09:53.741 D/base::Ini(15503): [getOption] getOption name='debug-eventManager-level' value=''.
10-31 15:09:53.741 D/base::Ini(15503): [getOption] getOption name='debug-eventManager-level' value=''.
10-31 15:09:53.741 D/base::Ini(15503): [getOption] getOption name='debug-eventManager-level' value=''.
10-31 15:09:53.742 D/base::Ini(15503): [getOption] getOption name='debug-eventManager-level' value=''.
10-31 15:09:53.742 D/base::Ini(15503): [getOption] getOption name='debug-eventManager-level' value=''.
10-31 15:09:53.742 D/base::Ini(15503): [getOption] getOption name='debug-eventManager-level' value=''.
10-31 15:09:53.742 D/base::Ini(15503): [getOption] getOption name='debug-eventManager-level' value=''.
10-31 15:09:53.742 D/base::Ini(15503): [getOption] getOption name='debug-eventManager-level' value=''.
10-31 15:09:53.742 D/base::Ini(15503): [getOption] getOption name='debug-eventManager-level' value=''.
10-31 15:09:53.742 D/base::Ini(15503): [getOption] getOption name='debug-eventManager-level' value=''.
10-31 15:09:53.742 D/base::Ini(15503): [getOption] getOption name='debug-netdev-level' value=''.
10-31 15:09:53.742 D/base::Ini(15503): [getOption] getOption name='debug-netdev-level' value=''.
10-31 15:09:53.742 D/base::Ini(15503): [getOption] getOption name='debug-netdev-level' value=''.
10-31 15:09:53.742 D/base::Ini(15503): [getOption] getOption name='debug-netdev-level' value=''.
10-31 15:09:53.742 D/base::Ini(15503): [getOption] getOption name='debug-eventManager-level' value=''.
10-31 15:09:53.742 D/base::Ini(15503): [getOption] getOption name='debug-eventManager-level' value=''.
10-31 15:09:53.742 D/base::Ini(15503): [getOption] getOption name='debug-eventManager-level' value=''.
10-31 15:09:53.742 D/base::Ini(15503): [getOption] getOption name='debug-eventManager-level' value=''.
10-31 15:09:53.742 D/base::Ini(15503): [getOption] getOption name='debug-eventManager-level' value=''.
10-31 15:09:53.742 D/base::Ini(15503): [getOption] getOption name='debug-eventManager-level' value=''.
10-31 15:09:53.742 D/base::Ini(15503): [getOption] getOption name='debug-eventManager-level' value=''.
10-31 15:09:53.742 D/base::Ini(15503): [getOption] getOption name='debug-eventManager-level' value=''.
10-31 15:09:53.742 D/base::Ini(15503): [getOption] getOption name='debug-eventManager-level' value=''.
10-31 15:09:53.742 D/base::Ini(15503): [getOption] getOption name='debug-eventManager-level' value=''.
10-31 15:09:53.742 D/base::Ini(15503): [getOption] getOption name='debug-eventManager-level' value=''.
10-31 15:09:53.742 D/base::Ini(15503): [getOption] getOption name='debug-eventManager-level' value=''.
10-31 15:09:53.742 D/base::Ini(15503): [getOption] getOption name='debug-eventManager-level' value=''.
10-31 15:09:53.743 D/base::Ini(15503): [getOption] getOption name='debug-eventManager-level' value=''.
10-31 15:09:53.743 D/base::Ini(15503): [getOption] getOption name='debug-eventManager-level' value=''.
10-31 15:09:53.743 D/base::Ini(15503): [getOption] getOption name='debug-eventManager-level' value=''.
10-31 15:09:53.942 D/base::Ini(15503): [getOption] getOption name='debug-eventManager-level' value=''.
10-31 15:09:53.942 D/base::Ini(15503): [getOption] getOption name='debug-eventManager-level' value=''.
10-31 15:09:53.942 D/base::Ini(15503): [getOption] getOption name='debug-eventManager-level' value=''.
10-31 15:09:53.942 D/base::Ini(15503): [getOption] getOption name='debug-eventManager-level' value=''.
10-31 15:09:53.942 D/base::Ini(15503): [getOption] getOption name='debug-eventManager-level' value=''.
10-31 15:09:53.942 D/base::Ini(15503): [getOption] getOption name='debug-eventManager-level' value=''.
10-31 15:09:53.942 D/base::Ini(15503): [getOption] getOption name='debug-eventManager-level' value=''.
10-31 15:09:53.942 D/base::Ini(15503): [getOption] getOption name='debug-eventManager-level' value=''.
10-31 15:09:53.942 D/base::Ini(15503): [getOption] getOption name='debug-eventManager-level' value=''.
10-31 15:09:53.942 D/base::Ini(15503): [getOption] getOption name='debug-eventManager-level' value=''.
10-31 15:09:53.942 D/base::Ini(15503): [getOption] getOption name='debug-eventManager-level' value=''.
10-31 15:09:53.942 D/base::Ini(15503): [getOption] getOption name='debug-netdev-level' value=''.
10-31 15:09:53.942 D/base::Ini(15503): [getOption] getOption name='debug-netdev-level' value=''.
10-31 15:09:53.942 D/base::Ini(15503): [getOption] getOption name='debug-netdev-level' value=''.
10-31 15:09:53.942 D/base::Ini(15503): [getOption] getOption name='debug-netdev-level' value=''.
10-31 15:09:53.952 D/base::Ini(15503): [getOption] getOption name='debug-eventManager-level' value=''.
10-31 15:09:53.952 D/base::Ini(15503): [getOption] getOption name='debug-eventManager-level' value=''.
10-31 15:09:53.952 D/base::Ini(15503): [getOption] getOption name='debug-eventManager-level' value=''.
10-31 15:09:53.952 D/base::Ini(15503): [getOption] getOption name='debug-eventManager-level' value=''.
10-31 15:09:53.952 D/base::Ini(15503): [getOption] getOption name='debug-eventManager-level' value=''.
10-31 15:09:53.953 D/base::Ini(15503): [getOption] getOption name='debug-eventManager-level' value=''.
10-31 15:09:53.953 D/base::Ini(15503): [getOption] getOption name='debug-eventManager-level' value=''.
10-31 15:09:53.953 D/base::Ini(15503): [getOption] getOption name='debug-eventManager-level' value=''.
10-31 15:09:53.953 D/base::Ini(15503): [getOption] getOption name='debug-eventManager-level' value=''.
10-31 15:09:53.953 D/base::Ini(15503): [getOption] getOption name='debug-eventManager-level' value=''.
10-31 15:09:53.953 D/base::Ini(15503): [getOption] getOption name='debug-netdev-level' value=''.
10-31 15:09:53.953 D/base::Ini(15503): [getOption] getOption name='debug-netdev-level' value=''.
10-31 15:09:53.953 D/base::Ini(15503): [getOption] getOption name='debug-netdev-level' value=''.
10-31 15:09:53.953 D/base::Ini(15503): [getOption] getOption name='debug-netdev-level' value=''.
10-31 15:09:53.953 D/base::Ini(15503): [getOption] getOption name='debug-eventManager-level' value=''.
10-31 15:09:53.953 D/base::Ini(15503): [getOption] getOption name='debug-eventManager-level' value=''.
10-31 15:09:53.953 D/base::Ini(15503): [getOption] getOption name='debug-eventManager-level' value=''.
10-31 15:09:53.953 D/base::Ini(15503): [getOption] getOption name='debug-eventManager-level' value=''.
10-31 15:09:53.953 D/base::Ini(15503): [getOption] getOption name='debug-eventManager-level' value=''.
10-31 15:09:53.953 D/base::Ini(15503): [getOption] getOption name='debug-eventManager-level' value=''.
10-31 15:09:53.953 D/base::Ini(15503): [getOption] getOption name='debug-eventManager-level' value=''.
10-31 15:09:53.953 D/base::Ini(15503): [getOption] getOption name='debug-eventManager-level' value=''.
10-31 15:09:53.953 D/base::Ini(15503): [getOption] getOption name='debug-eventManager-level' value=''.
10-31 15:09:53.953 D/base::Ini(15503): [getOption] getOption name='debug-eventManager-level' value=''.
10-31 15:09:53.953 D/base::Ini(15503): [getOption] getOption name='debug-eventManager-level' value=''.
10-31 15:09:53.953 D/base::Ini(15503): [getOption] getOption name='debug-eventManager-level' value=''.
10-31 15:09:53.953 D/base::Ini(15503): [getOption] getOption name='debug-eventManager-level' value=''.
10-31 15:09:53.953 D/base::Ini(15503): [getOption] getOption name='debug-eventManager-level' value=''.
10-31 15:09:53.953 D/base::Ini(15503): [getOption] getOption name='debug-eventManager-level' value=''.
10-31 15:09:53.954 D/base::Ini(15503): [getOption] getOption name='debug-eventManager-level' value=''.
10-31 15:09:54.153 D/base::Ini(15503): [getOption] getOption name='debug-eventManager-level' value=''.
10-31 15:09:54.153 D/base::Ini(15503): [getOption] getOption name='debug-eventManager-level' value=''.
10-31 15:09:54.153 D/base::Ini(15503): [getOption] getOption name='debug-eventManager-level' value=''.
10-31 15:09:54.153 D/base::Ini(15503): [getOption] getOption name='debug-eventManager-level' value=''.
10-31 15:09:54.153 D/base::Ini(15503): [getOption] getOption name='debug-eventManager-level' value=''.
10-31 15:09:54.153 D/base::Ini(15503): [getOption] getOption name='debug-eventManager-level' value=''.
10-31 15:09:54.153 D/base::Ini(15503): [getOption] getOption name='debug-eventManager-level' value=''.
10-31 15:09:54.153 D/base::Ini(15503): [getOption] getOption name='debug-eventManager-level' value=''.
10-31 15:09:54.153 D/base::Ini(15503): [getOption] getOption name='debug-eventManager-level' value=''.
10-31 15:09:54.153 D/base::Ini(15503): [getOption] getOption name='debug-eventManager-level' value=''.
10-31 15:09:54.153 D/base::Ini(15503): [getOption] getOption name='debug-eventManager-level' value=''.
10-31 15:09:54.153 D/base::Ini(15503): [getOption] getOption name='debug-netdev-level' value=''.
10-31 15:09:54.153 D/base::Ini(15503): [getOption] getOption name='debug-netdev-level' value=''.
10-31 15:09:54.153 D/base::Ini(15503): [getOption] getOption name='debug-netdev-level' value=''.
10-31 15:09:54.153 D/base::Ini(15503): [getOption] getOption name='debug-netdev-level' value=''.
10-31 15:09:54.163 D/base::Ini(15503): [getOption] getOption name='debug-eventManager-level' value=''.
10-31 15:09:54.163 D/base::Ini(15503): [getOption] getOption name='debug-eventManager-level' value=''.
10-31 15:09:54.163 D/base::Ini(15503): [getOption] getOption name='debug-eventManager-level' value=''.
10-31 15:09:54.163 D/base::Ini(15503): [getOption] getOption name='debug-eventManager-level' value=''.
10-31 15:09:54.163 D/base::Ini(15503): [getOption] getOption name='debug-eventManager-level' value=''.
10-31 15:09:54.163 D/base::Ini(15503): [getOption] getOption name='debug-eventManager-level' value=''.
10-31 15:09:54.164 D/base::Ini(15503): [getOption] getOption name='debug-eventManager-level' value=''.
10-31 15:09:54.164 D/base::Ini(15503): [getOption] getOption name='debug-eventManager-level' value=''.
10-31 15:09:54.164 D/base::Ini(15503): [getOption] getOption name='debug-eventManager-level' value=''.
10-31 15:09:54.164 D/base::Ini(15503): [getOption] getOption name='debug-eventManager-level' value=''.
10-31 15:09:54.164 D/base::Ini(15503): [getOption] getOption name='debug-netdev-level' value=''.
10-31 15:09:54.164 D/base::Ini(15503): [getOption] getOption name='debug-netdev-level' value=''.
10-31 15:09:54.164 D/base::Ini(15503): [getOption] getOption name='debug-netdev-level' value=''.
10-31 15:09:54.164 D/base::Ini(15503): [getOption] getOption name='debug-netdev-level' value=''.
10-31 15:09:54.164 D/base::Ini(15503): [getOption] getOption name='debug-eventManager-level' value=''.
10-31 15:09:54.164 D/base::Ini(15503): [getOption] getOption name='debug-eventManager-level' value=''.
10-31 15:09:54.164 D/base::Ini(15503): [getOption] getOption name='debug-eventManager-level' value=''.
10-31 15:09:54.164 D/base::Ini(15503): [getOption] getOption name='debug-eventManager-level' value=''.
10-31 15:09:54.164 D/base::Ini(15503): [getOption] getOption name='debug-eventManager-level' value=''.
10-31 15:09:54.164 D/base::Ini(15503): [getOption] getOption name='debug-eventManager-level' value=''.
10-31 15:09:54.164 D/base::Ini(15503): [getOption] getOption name='debug-eventManager-level' value=''.
10-31 15:09:54.164 D/base::Ini(15503): [getOption] getOption name='debug-eventManager-level' value=''.
10-31 15:09:54.164 D/base::Ini(15503): [getOption] getOption name='debug-eventManager-level' value=''.
10-31 15:09:54.164 D/base::Ini(15503): [getOption] getOption name='debug-eventManager-level' value=''.
10-31 15:09:54.164 D/base::Ini(15503): [getOption] getOption name='debug-eventManager-level' value=''.
10-31 15:09:54.164 D/base::Ini(15503): [getOption] getOption name='debug-eventManager-level' value=''.
10-31 15:09:54.164 D/base::Ini(15503): [getOption] getOption name='debug-eventManager-level' value=''.
10-31 15:09:54.164 D/base::Ini(15503): [getOption] getOption name='debug-eventManager-level' value=''.
10-31 15:09:54.164 D/base::Ini(15503): [getOption] getOption name='debug-eventManager-level' value=''.
10-31 15:09:54.164 D/base::Ini(15503): [getOption] getOption name='debug-eventManager-level' value=''.
10-31 15:09:54.233 D/BackBootDealerNeimeng( 2389): standbyState:
10-31 15:09:54.234 E/NetUtils( 2020): Interface eth0 LinkDown!
10-31 15:09:54.364 D/base::Ini(15503): [getOption] getOption name='debug-eventManager-level' value=''.
10-31 15:09:54.364 D/base::Ini(15503): [getOption] getOption name='debug-eventManager-level' value=''.
10-31 15:09:54.364 D/base::Ini(15503): [getOption] getOption name='debug-eventManager-level' value=''.
10-31 15:09:54.364 D/base::Ini(15503): [getOption] getOption name='debug-eventManager-level' value=''.
10-31 15:09:54.364 D/base::Ini(15503): [getOption] getOption name='debug-eventManager-level' value=''.
10-31 15:09:54.364 D/base::Ini(15503): [getOption] getOption name='debug-eventManager-level' value=''.
10-31 15:09:54.364 D/base::Ini(15503): [getOption] getOption name='debug-eventManager-level' value=''.
10-31 15:09:54.364 D/base::Ini(15503): [getOption] getOption name='debug-eventManager-level' value=''.
10-31 15:09:54.364 D/base::Ini(15503): [getOption] getOption name='debug-eventManager-level' value=''.
10-31 15:09:54.364 D/base::Ini(15503): [getOption] getOption name='debug-eventManager-level' value=''.
10-31 15:09:54.364 D/base::Ini(15503): [getOption] getOption name='debug-netdev-level' value=''.
10-31 15:09:54.364 D/base::Ini(15503): [getOption] getOption name='debug-netdev-level' value=''.
10-31 15:09:54.364 D/base::Ini(15503): [getOption] getOption name='debug-netdev-level' value=''.
10-31 15:09:54.364 D/base::Ini(15503): [getOption] getOption name='debug-netdev-level' value=''.
10-31 15:09:54.364 D/base::Ini(15503): [getOption] getOption name='debug-eventManager-level' value=''.
10-31 15:09:54.374 D/base::Ini(15503): [getOption] getOption name='debug-eventManager-level' value=''.
10-31 15:09:54.375 D/base::Ini(15503): [getOption] getOption name='debug-eventManager-level' value=''.
10-31 15:09:54.375 D/base::Ini(15503): [getOption] getOption name='debug-eventManager-level' value=''.
10-31 15:09:54.375 D/base::Ini(15503): [getOption] getOption name='debug-eventManager-level' value=''.
10-31 15:09:54.375 D/base::Ini(15503): [getOption] getOption name='debug-eventManager-level' value=''.
10-31 15:09:54.375 D/base::Ini(15503): [getOption] getOption name='debug-eventManager-level' value=''.
10-31 15:09:54.375 D/base::Ini(15503): [getOption] getOption name='debug-eventManager-level' value=''.
10-31 15:09:54.375 D/base::Ini(15503): [getOption] getOption name='debug-eventManager-level' value=''.
10-31 15:09:54.375 D/base::Ini(15503): [getOption] getOption name='debug-eventManager-level' value=''.
10-31 15:09:54.375 D/base::Ini(15503): [getOption] getOption name='debug-eventManager-level' value=''.
10-31 15:09:54.375 D/base::Ini(15503): [getOption] getOption name='debug-netdev-level' value=''.
10-31 15:09:54.375 D/base::Ini(15503): [getOption] getOption name='debug-netdev-level' value=''.
10-31 15:09:54.375 D/base::Ini(15503): [getOption] getOption name='debug-netdev-level' value=''.
10-31 15:09:54.375 D/base::Ini(15503): [getOption] getOption name='debug-netdev-level' value=''.
10-31 15:09:54.375 D/base::Ini(15503): [getOption] getOption name='debug-eventManager-level' value=''.
10-31 15:09:54.375 D/base::Ini(15503): [getOption] getOption name='debug-eventManager-level' value=''.
10-31 15:09:54.375 D/base::Ini(15503): [getOption] getOption name='debug-eventManager-level' value=''.
10-31 15:09:54.375 D/base::Ini(15503): [getOption] getOption name='debug-eventManager-level' value=''.
10-31 15:09:54.375 D/base::Ini(15503): [getOption] getOption name='debug-eventManager-level' value=''.
10-31 15:09:54.375 D/base::Ini(15503): [getOption] getOption name='debug-eventManager-level' value=''.
10-31 15:09:54.375 D/base::Ini(15503): [getOption] getOption name='debug-eventManager-level' value=''.
10-31 15:09:54.375 D/base::Ini(15503): [getOption] getOption name='debug-eventManager-level' value=''.
10-31 15:09:54.375 D/base::Ini(15503): [getOption] getOption name='debug-eventManager-level' value=''.
10-31 15:09:54.375 D/base::Ini(15503): [getOption] getOption name='debug-eventManager-level' value=''.
10-31 15:09:54.375 D/base::Ini(15503): [getOption] getOption name='debug-eventManager-level' value=''.
10-31 15:09:54.375 D/base::Ini(15503): [getOption] getOption name='debug-eventManager-level' value=''.
10-31 15:09:54.376 D/base::Ini(15503): [getOption] getOption name='debug-eventManager-level' value=''.
10-31 15:09:54.376 D/base::Ini(15503): [getOption] getOption name='debug-eventManager-level' value=''.
10-31 15:09:54.376 D/base::Ini(15503): [getOption] getOption name='debug-eventManager-level' value=''.
10-31 15:09:54.376 D/base::Ini(15503): [getOption] getOption name='debug-eventManager-level' value=''.
10-31 15:09:54.575 D/base::Ini(15503): [getOption] getOption name='debug-eventManager-level' value=''.
10-31 15:09:54.575 D/base::Ini(15503): [getOption] getOption name='debug-eventManager-level' value=''.
10-31 15:09:54.575 D/base::Ini(15503): [getOption] getOption name='debug-eventManager-level' value=''.
10-31 15:09:54.575 D/base::Ini(15503): [getOption] getOption name='debug-eventManager-level' value=''.
10-31 15:09:54.575 D/base::Ini(15503): [getOption] getOption name='debug-eventManager-level' value=''.
10-31 15:09:54.575 D/base::Ini(15503): [getOption] getOption name='debug-eventManager-level' value=''.
10-31 15:09:54.575 D/base::Ini(15503): [getOption] getOption name='debug-eventManager-level' value=''.
10-31 15:09:54.575 D/base::Ini(15503): [getOption] getOption name='debug-eventManager-level' value=''.
10-31 15:09:54.575 D/base::Ini(15503): [getOption] getOption name='debug-eventManager-level' value=''.
10-31 15:09:54.575 D/base::Ini(15503): [getOption] getOption name='debug-netdev-level' value=''.
10-31 15:09:54.575 D/base::Ini(15503): [getOption] getOption name='debug-netdev-level' value=''.
10-31 15:09:54.575 D/base::Ini(15503): [getOption] getOption name='debug-netdev-level' value=''.
10-31 15:09:54.575 D/base::Ini(15503): [getOption] getOption name='debug-netdev-level' value=''.
10-31 15:09:54.575 D/base::Ini(15503): [getOption] getOption name='debug-eventManager-level' value=''.
10-31 15:09:54.575 D/base::Ini(15503): [getOption] getOption name='debug-eventManager-level' value=''.
10-31 15:09:54.586 D/base::Ini(15503): [getOption] getOption name='debug-eventManager-level' value=''.
10-31 15:09:54.586 D/base::Ini(15503): [getOption] getOption name='debug-eventManager-level' value=''.
10-31 15:09:54.586 D/base::Ini(15503): [getOption] getOption name='debug-eventManager-level' value=''.
10-31 15:09:54.586 D/base::Ini(15503): [getOption] getOption name='debug-eventManager-level' value=''.
10-31 15:09:54.586 D/base::Ini(15503): [getOption] getOption name='debug-eventManager-level' value=''.
10-31 15:09:54.586 D/base::Ini(15503): [getOption] getOption name='debug-eventManager-level' value=''.
10-31 15:09:54.586 D/base::Ini(15503): [getOption] getOption name='debug-eventManager-level' value=''.
10-31 15:09:54.586 D/base::Ini(15503): [getOption] getOption name='debug-eventManager-level' value=''.
10-31 15:09:54.586 D/base::Ini(15503): [getOption] getOption name='debug-eventManager-level' value=''.
10-31 15:09:54.586 D/base::Ini(15503): [getOption] getOption name='debug-eventManager-level' value=''.
10-31 15:09:54.586 D/base::Ini(15503): [getOption] getOption name='debug-netdev-level' value=''.
10-31 15:09:54.586 D/base::Ini(15503): [getOption] getOption name='debug-netdev-level' value=''.
10-31 15:09:54.586 D/base::Ini(15503): [getOption] getOption name='debug-netdev-level' value=''.
10-31 15:09:54.586 D/base::Ini(15503): [getOption] getOption name='debug-netdev-level' value=''.
10-31 15:09:54.586 D/base::Ini(15503): [getOption] getOption name='debug-eventManager-level' value=''.
10-31 15:09:54.586 D/base::Ini(15503): [getOption] getOption name='debug-eventManager-level' value=''.
10-31 15:09:54.586 D/base::Ini(15503): [getOption] getOption name='debug-eventManager-level' value=''.
10-31 15:09:54.586 D/base::Ini(15503): [getOption] getOption name='debug-eventManager-level' value=''.
10-31 15:09:54.586 D/base::Ini(15503): [getOption] getOption name='debug-eventManager-level' value=''.
10-31 15:09:54.586 D/base::Ini(15503): [getOption] getOption name='debug-eventManager-level' value=''.
10-31 15:09:54.586 D/base::Ini(15503): [getOption] getOption name='debug-eventManager-level' value=''.
10-31 15:09:54.587 D/base::Ini(15503): [getOption] getOption name='debug-eventManager-level' value=''.
10-31 15:09:54.587 D/base::Ini(15503): [getOption] getOption name='debug-eventManager-level' value=''.
10-31 15:09:54.587 D/base::Ini(15503): [getOption] getOption name='debug-eventManager-level' value=''.
10-31 15:09:54.587 D/base::Ini(15503): [getOption] getOption name='debug-eventManager-level' value=''.
10-31 15:09:54.587 D/base::Ini(15503): [getOption] getOption name='debug-eventManager-level' value=''.
10-31 15:09:54.587 D/base::Ini(15503): [getOption] getOption name='debug-eventManager-level' value=''.
10-31 15:09:54.587 D/base::Ini(15503): [getOption] getOption name='debug-eventManager-level' value=''.
10-31 15:09:54.587 D/base::Ini(15503): [getOption] getOption name='debug-eventManager-level' value=''.
10-31 15:09:54.587 D/base::Ini(15503): [getOption] getOption name='debug-eventManager-level' value=''.
10-31 15:09:54.733 I/AdvancedPorting-PORT_MODULE_NET(15503): network_task while... 
10-31 15:09:54.733 I/AdvancedPorting-PORT_MODULE_NET(15503): 0 interface name: lo
10-31 15:09:54.733 I/AdvancedPorting-PORT_MODULE_NET(15503): 1 interface name: wlan0
10-31 15:09:54.733 I/AdvancedPorting-PORT_MODULE_NET(15503): First interface name: lo
10-31 15:09:54.733 I/AdvancedPorting-PORT_MODULE_NET(15503): network_task while...  net_i:1
10-31 15:09:54.733 I/AdvancedPorting-PORT_MODULE_NET(15503): network_task while---name_interface[0]=lo
10-31 15:09:54.733 I/AdvancedPorting-PORT_MODULE_NET(15503): network_task while---name_interface[1]=wlan0
10-31 15:09:54.733 I/AdvancedPorting-PORT_MODULE_NET(15503): network_task while---interface_name=wlan0
10-31 15:09:54.733 I/AdvancedPorting-PORT_MODULE_NET(15503): network_get_netlink_status(in)--if_name=wlan0
10-31 15:09:54.733 I/AdvancedPorting-PORT_MODULE_NET(15503): net.network.isconnected = no
10-31 15:09:54.733 I/AdvancedPorting-PORT_MODULE_NET(15503): wlan0 --network_get_netlink_status return retval=1
10-31 15:09:54.733 I/AdvancedPorting-PORT_MODULE_NET(15503): stat = 1 last_status = 1
10-31 15:09:54.734 D/BackBootDealerNeimeng( 2389): standbyState:
10-31 15:09:54.735 E/NetUtils( 2020): Interface eth0 LinkDown!
10-31 15:09:54.786 D/base::Ini(15503): [getOption] getOption name='debug-eventManager-level' value=''.
10-31 15:09:54.786 D/base::Ini(15503): [getOption] getOption name='debug-eventManager-level' value=''.
10-31 15:09:54.786 D/base::Ini(15503): [getOption] getOption name='debug-eventManager-level' value=''.
10-31 15:09:54.786 D/base::Ini(15503): [getOption] getOption name='debug-eventManager-level' value=''.
10-31 15:09:54.786 D/base::Ini(15503): [getOption] getOption name='debug-eventManager-level' value=''.
10-31 15:09:54.786 D/base::Ini(15503): [getOption] getOption name='debug-eventManager-level' value=''.
10-31 15:09:54.786 D/base::Ini(15503): [getOption] getOption name='debug-eventManager-level' value=''.
10-31 15:09:54.786 D/base::Ini(15503): [getOption] getOption name='debug-eventManager-level' value=''.
10-31 15:09:54.786 D/base::Ini(15503): [getOption] getOption name='debug-eventManager-level' value=''.
10-31 15:09:54.786 D/base::Ini(15503): [getOption] getOption name='debug-eventManager-level' value=''.
10-31 15:09:54.786 D/base::Ini(15503): [getOption] getOption name='debug-eventManager-level' value=''.
10-31 15:09:54.786 D/base::Ini(15503): [getOption] getOption name='debug-netdev-level' value=''.
10-31 15:09:54.786 D/base::Ini(15503): [getOption] getOption name='debug-netdev-level' value=''.
10-31 15:09:54.787 D/base::Ini(15503): [getOption] getOption name='debug-netdev-level' value=''.
10-31 15:09:54.787 D/base::Ini(15503): [getOption] getOption name='debug-netdev-level' value=''.
10-31 15:09:54.797 D/base::Ini(15503): [getOption] getOption name='debug-eventManager-level' value=''.
10-31 15:09:54.797 D/base::Ini(15503): [getOption] getOption name='debug-eventManager-level' value=''.
10-31 15:09:54.797 D/base::Ini(15503): [getOption] getOption name='debug-eventManager-level' value=''.
10-31 15:09:54.797 D/base::Ini(15503): [getOption] getOption name='debug-eventManager-level' value=''.
10-31 15:09:54.797 D/base::Ini(15503): [getOption] getOption name='debug-eventManager-level' value=''.
10-31 15:09:54.797 D/base::Ini(15503): [getOption] getOption name='debug-eventManager-level' value=''.
10-31 15:09:54.797 D/base::Ini(15503): [getOption] getOption name='debug-eventManager-level' value=''.
10-31 15:09:54.797 D/base::Ini(15503): [getOption] getOption name='debug-eventManager-level' value=''.
10-31 15:09:54.797 D/base::Ini(15503): [getOption] getOption name='debug-eventManager-level' value=''.
10-31 15:09:54.797 D/base::Ini(15503): [getOption] getOption name='debug-eventManager-level' value=''.
10-31 15:09:54.797 D/base::Ini(15503): [getOption] getOption name='debug-netdev-level' value=''.
10-31 15:09:54.797 D/base::Ini(15503): [getOption] getOption name='debug-netdev-level' value=''.
10-31 15:09:54.797 D/base::Ini(15503): [getOption] getOption name='debug-netdev-level' value=''.
10-31 15:09:54.797 D/base::Ini(15503): [getOption] getOption name='debug-netdev-level' value=''.
10-31 15:09:54.797 D/base::Ini(15503): [getOption] getOption name='debug-eventManager-level' value=''.
10-31 15:09:54.797 D/base::Ini(15503): [getOption] getOption name='debug-eventManager-level' value=''.
10-31 15:09:54.797 D/base::Ini(15503): [getOption] getOption name='debug-eventManager-level' value=''.
10-31 15:09:54.797 D/base::Ini(15503): [getOption] getOption name='debug-eventManager-level' value=''.
10-31 15:09:54.797 D/base::Ini(15503): [getOption] getOption name='debug-eventManager-level' value=''.
10-31 15:09:54.797 D/base::Ini(15503): [getOption] getOption name='debug-eventManager-level' value=''.
10-31 15:09:54.797 D/base::Ini(15503): [getOption] getOption name='debug-eventManager-level' value=''.
10-31 15:09:54.797 D/base::Ini(15503): [getOption] getOption name='debug-eventManager-level' value=''.
10-31 15:09:54.798 D/base::Ini(15503): [getOption] getOption name='debug-eventManager-level' value=''.
10-31 15:09:54.798 D/base::Ini(15503): [getOption] getOption name='debug-eventManager-level' value=''.
10-31 15:09:54.798 D/base::Ini(15503): [getOption] getOption name='debug-eventManager-level' value=''.
10-31 15:09:54.798 D/base::Ini(15503): [getOption] getOption name='debug-eventManager-level' value=''.
10-31 15:09:54.798 D/base::Ini(15503): [getOption] getOption name='debug-eventManager-level' value=''.
10-31 15:09:54.798 D/base::Ini(15503): [getOption] getOption name='debug-eventManager-level' value=''.
10-31 15:09:54.798 D/base::Ini(15503): [getOption] getOption name='debug-eventManager-level' value=''.
10-31 15:09:54.798 D/base::Ini(15503): [getOption] getOption name='debug-eventManager-level' value=''.
10-31 15:09:54.997 D/base::Ini(15503): [getOption] getOption name='debug-eventManager-level' value=''.
10-31 15:09:54.997 D/base::Ini(15503): [getOption] getOption name='debug-eventManager-level' value=''.
10-31 15:09:54.997 D/base::Ini(15503): [getOption] getOption name='debug-eventManager-level' value=''.
10-31 15:09:54.997 D/base::Ini(15503): [getOption] getOption name='debug-eventManager-level' value=''.
10-31 15:09:54.997 D/base::Ini(15503): [getOption] getOption name='debug-eventManager-level' value=''.
10-31 15:09:54.997 D/base::Ini(15503): [getOption] getOption name='debug-eventManager-level' value=''.
10-31 15:09:54.997 D/base::Ini(15503): [getOption] getOption name='debug-eventManager-level' value=''.
10-31 15:09:54.997 D/base::Ini(15503): [getOption] getOption name='debug-eventManager-level' value=''.
10-31 15:09:54.997 D/base::Ini(15503): [getOption] getOption name='debug-eventManager-level' value=''.
10-31 15:09:54.997 D/base::Ini(15503): [getOption] getOption name='debug-eventManager-level' value=''.
10-31 15:09:54.997 D/base::Ini(15503): [getOption] getOption name='debug-eventManager-level' value=''.
10-31 15:09:54.997 D/base::Ini(15503): [getOption] getOption name='debug-netdev-level' value=''.
10-31 15:09:54.998 D/base::Ini(15503): [getOption] getOption name='debug-netdev-level' value=''.
10-31 15:09:54.998 D/base::Ini(15503): [getOption] getOption name='debug-netdev-level' value=''.
10-31 15:09:54.998 D/base::Ini(15503): [getOption] getOption name='debug-netdev-level' value=''.
10-31 15:09:55.008 D/base::Ini(15503): [getOption] getOption name='debug-eventManager-level' value=''.
10-31 15:09:55.008 D/base::Ini(15503): [getOption] getOption name='debug-eventManager-level' value=''.
10-31 15:09:55.008 D/base::Ini(15503): [getOption] getOption name='debug-eventManager-level' value=''.
10-31 15:09:55.008 D/base::Ini(15503): [getOption] getOption name='debug-eventManager-level' value=''.
10-31 15:09:55.008 D/base::Ini(15503): [getOption] getOption name='debug-eventManager-level' value=''.
10-31 15:09:55.008 D/base::Ini(15503): [getOption] getOption name='debug-eventManager-level' value=''.
10-31 15:09:55.008 D/base::Ini(15503): [getOption] getOption name='debug-eventManager-level' value=''.
10-31 15:09:55.008 D/base::Ini(15503): [getOption] getOption name='debug-eventManager-level' value=''.
10-31 15:09:55.008 D/base::Ini(15503): [getOption] getOption name='debug-eventManager-level' value=''.
10-31 15:09:55.008 D/base::Ini(15503): [getOption] getOption name='debug-eventManager-level' value=''.
10-31 15:09:55.008 D/base::Ini(15503): [getOption] getOption name='debug-netdev-level' value=''.
10-31 15:09:55.008 D/base::Ini(15503): [getOption] getOption name='debug-netdev-level' value=''.
10-31 15:09:55.008 D/base::Ini(15503): [getOption] getOption name='debug-netdev-level' value=''.
10-31 15:09:55.008 D/base::Ini(15503): [getOption] getOption name='debug-netdev-level' value=''.
10-31 15:09:55.008 D/base::Ini(15503): [getOption] getOption name='debug-eventManager-level' value=''.
10-31 15:09:55.008 D/base::Ini(15503): [getOption] getOption name='debug-eventManager-level' value=''.
10-31 15:09:55.008 D/base::Ini(15503): [getOption] getOption name='debug-eventManager-level' value=''.
10-31 15:09:55.008 D/base::Ini(15503): [getOption] getOption name='debug-eventManager-level' value=''.
10-31 15:09:55.008 D/base::Ini(15503): [getOption] getOption name='debug-eventManager-level' value=''.
10-31 15:09:55.008 D/base::Ini(15503): [getOption] getOption name='debug-eventManager-level' value=''.
10-31 15:09:55.008 D/base::Ini(15503): [getOption] getOption name='debug-eventManager-level' value=''.
10-31 15:09:55.008 D/base::Ini(15503): [getOption] getOption name='debug-eventManager-level' value=''.
10-31 15:09:55.009 D/base::Ini(15503): [getOption] getOption name='debug-eventManager-level' value=''.
10-31 15:09:55.009 D/base::Ini(15503): [getOption] getOption name='debug-eventManager-level' value=''.
10-31 15:09:55.009 D/base::Ini(15503): [getOption] getOption name='debug-eventManager-level' value=''.
10-31 15:09:55.009 D/base::Ini(15503): [getOption] getOption name='debug-eventManager-level' value=''.
10-31 15:09:55.009 D/base::Ini(15503): [getOption] getOption name='debug-eventManager-level' value=''.
10-31 15:09:55.009 D/base::Ini(15503): [getOption] getOption name='debug-eventManager-level' value=''.
10-31 15:09:55.009 D/base::Ini(15503): [getOption] getOption name='debug-eventManager-level' value=''.
10-31 15:09:55.009 D/base::Ini(15503): [getOption] getOption name='debug-eventManager-level' value=''.
10-31 15:09:55.109 E/storage_operate(15300): HCDN_LOG: [2017/10/31-15:09:55:109]:[func:GetTaskCount],[line:827],[oper:get task count],[state:0],[count:0]
10-31 15:09:55.109 E/storage_operate(15300): HCDN_LOG: [2017/10/31-15:09:55:109]:[func:GetTaskCount],[line:827],[oper:get task count],[state:0],[count:0]
10-31 15:09:55.110 E/storage_operate(15300): HCDN_LOG: [2017/10/31-15:09:55:109]:[func:GetTaskCount],[line:827],[oper:get task count],[state:1],[count:0]
10-31 15:09:55.208 D/base::Ini(15503): [getOption] getOption name='debug-eventManager-level' value=''.
10-31 15:09:55.208 D/base::Ini(15503): [getOption] getOption name='debug-eventManager-level' value=''.
10-31 15:09:55.208 D/base::Ini(15503): [getOption] getOption name='debug-eventManager-level' value=''.
10-31 15:09:55.208 D/base::Ini(15503): [getOption] getOption name='debug-eventManager-level' value=''.
10-31 15:09:55.208 D/base::Ini(15503): [getOption] getOption name='debug-eventManager-level' value=''.
10-31 15:09:55.208 D/base::Ini(15503): [getOption] getOption name='debug-eventManager-level' value=''.
10-31 15:09:55.208 D/base::Ini(15503): [getOption] getOption name='debug-eventManager-level' value=''.
10-31 15:09:55.208 D/base::Ini(15503): [getOption] getOption name='debug-eventManager-level' value=''.
10-31 15:09:55.208 D/base::Ini(15503): [getOption] getOption name='debug-eventManager-level' value=''.
10-31 15:09:55.208 D/base::Ini(15503): [getOption] getOption name='debug-eventManager-level' value=''.
10-31 15:09:55.208 D/base::Ini(15503): [getOption] getOption name='debug-eventManager-level' value=''.
10-31 15:09:55.209 D/base::Ini(15503): [getOption] getOption name='debug-netdev-level' value=''.
10-31 15:09:55.209 D/base::Ini(15503): [getOption] getOption name='debug-netdev-level' value=''.
10-31 15:09:55.209 D/base::Ini(15503): [getOption] getOption name='debug-netdev-level' value=''.
10-31 15:09:55.209 D/base::Ini(15503): [getOption] getOption name='debug-netdev-level' value=''.
10-31 15:09:55.218 D/base::Ini(15503): [getOption] getOption name='debug-eventManager-level' value=''.
10-31 15:09:55.218 D/base::Ini(15503): [getOption] getOption name='debug-eventManager-level' value=''.
10-31 15:09:55.218 D/base::Ini(15503): [getOption] getOption name='debug-eventManager-level' value=''.
10-31 15:09:55.218 D/base::Ini(15503): [getOption] getOption name='debug-eventManager-level' value=''.
10-31 15:09:55.218 D/base::Ini(15503): [getOption] getOption name='debug-eventManager-level' value=''.
10-31 15:09:55.218 D/base::Ini(15503): [getOption] getOption name='debug-eventManager-level' value=''.
10-31 15:09:55.218 D/base::Ini(15503): [getOption] getOption name='debug-eventManager-level' value=''.
10-31 15:09:55.218 D/base::Ini(15503): [getOption] getOption name='debug-eventManager-level' value=''.
10-31 15:09:55.218 D/base::Ini(15503): [getOption] getOption name='debug-eventManager-level' value=''.
10-31 15:09:55.218 D/base::Ini(15503): [getOption] getOption name='debug-eventManager-level' value=''.
10-31 15:09:55.218 D/base::Ini(15503): [getOption] getOption name='debug-netdev-level' value=''.
10-31 15:09:55.218 D/base::Ini(15503): [getOption] getOption name='debug-netdev-level' value=''.
10-31 15:09:55.218 D/base::Ini(15503): [getOption] getOption name='debug-netdev-level' value=''.
10-31 15:09:55.218 D/base::Ini(15503): [getOption] getOption name='debug-netdev-level' value=''.
10-31 15:09:55.218 D/base::Ini(15503): [getOption] getOption name='debug-eventManager-level' value=''.
10-31 15:09:55.218 D/base::Ini(15503): [getOption] getOption name='debug-eventManager-level' value=''.
10-31 15:09:55.218 D/base::Ini(15503): [getOption] getOption name='debug-eventManager-level' value=''.
10-31 15:09:55.218 D/base::Ini(15503): [getOption] getOption name='debug-eventManager-level' value=''.
10-31 15:09:55.218 D/base::Ini(15503): [getOption] getOption name='debug-eventManager-level' value=''.
10-31 15:09:55.218 D/base::Ini(15503): [getOption] getOption name='debug-eventManager-level' value=''.
10-31 15:09:55.218 D/base::Ini(15503): [getOption] getOption name='debug-eventManager-level' value=''.
10-31 15:09:55.218 D/base::Ini(15503): [getOption] getOption name='debug-eventManager-level' value=''.
10-31 15:09:55.218 D/base::Ini(15503): [getOption] getOption name='debug-eventManager-level' value=''.
10-31 15:09:55.218 D/base::Ini(15503): [getOption] getOption name='debug-eventManager-level' value=''.
10-31 15:09:55.218 D/base::Ini(15503): [getOption] getOption name='debug-eventManager-level' value=''.
10-31 15:09:55.218 D/base::Ini(15503): [getOption] getOption name='debug-eventManager-level' value=''.
10-31 15:09:55.218 D/base::Ini(15503): [getOption] getOption name='debug-eventManager-level' value=''.
10-31 15:09:55.218 D/base::Ini(15503): [getOption] getOption name='debug-eventManager-level' value=''.
10-31 15:09:55.218 D/base::Ini(15503): [getOption] getOption name='debug-eventManager-level' value=''.
10-31 15:09:55.218 D/base::Ini(15503): [getOption] getOption name='debug-eventManager-level' value=''.
10-31 15:09:55.235 D/BackBootDealerNeimeng( 2389): standbyState:
10-31 15:09:55.236 E/NetUtils( 2020): Interface eth0 LinkDown!
10-31 15:09:55.419 D/base::Ini(15503): [getOption] getOption name='debug-eventManager-level' value=''.
10-31 15:09:55.419 D/base::Ini(15503): [getOption] getOption name='debug-eventManager-level' value=''.
10-31 15:09:55.419 D/base::Ini(15503): [getOption] getOption name='debug-eventManager-level' value=''.
10-31 15:09:55.419 D/base::Ini(15503): [getOption] getOption name='debug-eventManager-level' value=''.
10-31 15:09:55.419 D/base::Ini(15503): [getOption] getOption name='debug-eventManager-level' value=''.
10-31 15:09:55.419 D/base::Ini(15503): [getOption] getOption name='debug-eventManager-level' value=''.
10-31 15:09:55.419 D/base::Ini(15503): [getOption] getOption name='debug-eventManager-level' value=''.
10-31 15:09:55.419 D/base::Ini(15503): [getOption] getOption name='debug-eventManager-level' value=''.
10-31 15:09:55.419 D/base::Ini(15503): [getOption] getOption name='debug-eventManager-level' value=''.
10-31 15:09:55.419 D/base::Ini(15503): [getOption] getOption name='debug-eventManager-level' value=''.
10-31 15:09:55.419 D/base::Ini(15503): [getOption] getOption name='debug-eventManager-level' value=''.
10-31 15:09:55.419 I/Advanced(15503): [QUEUE] share_queue_sendEx size:1 4097 8434 0x8eb349e8,postLoopId:0,dstid:1.
10-31 15:09:55.419 D/base::Ini(15503): [getOption] getOption name='debug-eventManager-level' value=''.
10-31 15:09:55.419 D/base::Ini(15503): [getOption] getOption name='debug-eventManager-level' value=''.
10-31 15:09:55.419 D/base::Ini(15503): [getOption] getOption name='debug-eventManager-level' value=''.
10-31 15:09:55.419 D/base::Ini(15503): [getOption] getOption name='debug-eventManager-level' value=''.
10-31 15:09:55.419 D/base::Ini(15503): [getOption] getOption name='debug-eventManager-level' value=''.
10-31 15:09:55.419 D/base::Ini(15503): [getOption] getOption name='debug-eventManager-level' value=''.
10-31 15:09:55.419 D/base::Ini(15503): [getOption] getOption name='debug-eventManager-level' value=''.
10-31 15:09:55.419 D/base::Ini(15503): [getOption] getOption name='debug-netdev-level' value=''.
10-31 15:09:55.419 D/base::Ini(15503): [getOption] getOption name='debug-netdev-level' value=''.
10-31 15:09:55.419 D/base::Ini(15503): [getOption] getOption name='debug-netdev-level' value=''.
10-31 15:09:55.420 D/base::Ini(15503): [getOption] getOption name='debug-netdev-level' value=''.
10-31 15:09:55.420 D/base::Ini(15503): [getOption] getOption name='debug-netdev-level' value=''.
10-31 15:09:55.420 D/base::Ini(15503): [getOption] getOption name='debug-netdev-level' value=''.
10-31 15:09:55.420 D/base::Ini(15503): [getOption] getOption name='debug-netdev-level' value=''.
10-31 15:09:55.420 D/base::Ini(15503): [getOption] getOption name='debug-netdev-level' value=''.
10-31 15:09:55.420 D/base::Ini(15503): [getOption] getOption name='debug-eventManager-level' value=''.
10-31 15:09:55.420 D/base::Ini(15503): [getOption] getOption name='debug-eventManager-level' value=''.
10-31 15:09:55.420 D/base::Ini(15503): [getOption] getOption name='debug-eventManager-level' value=''.
10-31 15:09:55.420 D/base::Ini(15503): [getOption] getOption name='debug-eventManager-level' value=''.
10-31 15:09:55.420 D/base::Ini(15503): [getOption] getOption name='debug-eventManager-level' value=''.
10-31 15:09:55.420 D/base::Ini(15503): [getOption] getOption name='debug-eventManager-level' value=''.
10-31 15:09:55.420 D/base::Ini(15503): [getOption] getOption name='debug-eventManager-level' value=''.
10-31 15:09:55.420 D/base::Ini(15503): [getOption] getOption name='debug-eventManager-level' value=''.
10-31 15:09:55.420 D/base::Ini(15503): [getOption] getOption name='debug-eventManager-level' value=''.
10-31 15:09:55.420 D/base::Ini(15503): [getOption] getOption name='debug-eventManager-level' value=''.
10-31 15:09:55.420 D/base::Ini(15503): [getOption] getOption name='debug-eventManager-level' value=''.
