10-31 17:37:49.002 E/WifiAutoJoinController ( 2017): Domywifi 14:3d:f2:79:4b:3c rssi=-82 cap [WPA2-PSK-CCMP+TKIP][ESS] is not scored
10-31 17:37:49.002 E/WifiAutoJoinController ( 2017):  84:79:73:27:8c:19 rssi=-48 cap [WEP][ESS] is not scored
10-31 17:37:49.003 E/WifiAutoJoinController ( 2017):  84:79:73:27:8c:11 rssi=-62 cap [WEP][ESS] is not scored
10-31 17:37:49.003 E/WifiAutoJoinController ( 2017):  84:79:73:27:8c:1d rssi=-68 cap [WEP][ESS] is not scored
10-31 17:37:49.004 E/WifiAutoJoinController ( 2017):  84:79:73:27:8c:2f rssi=-72 cap [WEP][ESS] is not scored
10-31 17:37:49.004 E/WifiAutoJoinController ( 2017):  84:79:73:27:8c:27 rssi=-74 cap [WEP][ESS] is not scored
10-31 17:37:49.004 E/WifiAutoJoinController ( 2017): MERCURY_EDE4 e4:f3:f5:6a:ed:e4 rssi=-67 cap [ESS] is not scored
10-31 17:37:49.005 E/WifiAutoJoinController ( 2017): CMCC-family 0a:11:b5:17:bd:d5 rssi=-72 cap [ESS] is not scored
10-31 17:37:49.005 E/WifiAutoJoinController ( 2017): CMCC-WEB 00:11:b5:17:bd:d5 rssi=-74 cap [ESS] is not scored
10-31 17:37:49.005 E/WifiAutoJoinController ( 2017): and-Business 0e:11:b5:17:bd:d5 rssi=-75 cap [ESS] is not scored
10-31 17:37:49.006 E/WifiAutoJoinController ( 2017): Office_Net e4:f3:f5:a4:00:c0 rssi=-67 cap [WPA-PSK-CCMP][WPA2-PSK-CCMP][ESS] is not scored
10-31 17:37:49.006 E/WifiAutoJoinController ( 2017): ant b0:41:1d:31:f2:9b rssi=-76 cap [WPA-PSK-CCMP+TKIP][WPA2-PSK-CCMP+TKIP][ESS] is not scored
10-31 17:37:49.006 E/WifiAutoJoinController ( 2017):  84:79:73:27:8c:0d rssi=-52 cap [WEP][ESS] is not scored
10-31 17:37:49.007 E/WifiAutoJoinController ( 2017):  84:79:73:27:8c:13 rssi=-86 cap [WEP][ESS] is not scored
10-31 17:37:49.007 E/WifiAutoJoinController ( 2017): ageScanResultsOut delay 40000 size 29 now 1509442669007
10-31 17:37:49.007 E/WifiAutoJoinController ( 2017): newSupplicantResults size=29 known=8 true
10-31 17:37:49.008 E/WifiAutoJoinController ( 2017): attemptAutoJoin() status=bssid=e4:f3:f5:aa:ad:88
10-31 17:37:49.008 E/WifiAutoJoinController ( 2017): freq=2467
10-31 17:37:49.008 E/WifiAutoJoinController ( 2017): ssid=ipanel
10-31 17:37:49.008 E/WifiAutoJoinController ( 2017): id=8
10-31 17:37:49.008 E/WifiAutoJoinController ( 2017): mode=station
10-31 17:37:49.008 E/WifiAutoJoinController ( 2017): pairwise_cipher=CCMP
10-31 17:37:49.008 E/WifiAutoJoinController ( 2017): group_cipher=CCMP
10-31 17:37:49.008 E/WifiAutoJoinController ( 2017): key_mgmt=WPA2-PSK
10-31 17:37:49.008 E/WifiAutoJoinController ( 2017): wpa_state=COMPLETED
10-31 17:37:49.008 E/WifiAutoJoinController ( 2017): ip_address=192.168.1.102
10-31 17:37:49.008 E/WifiAutoJoinController ( 2017): p2p_device_address=4e:0f:c7:c3:27:4b
10-31 17:37:49.008 E/WifiAutoJoinController ( 2017): address=4c:0f:c7:c3:27:4b
10-31 17:37:49.008 E/WifiAutoJoinController ( 2017): uuid=4ed22322-d375-585e-aa05-5d2aae1a3dae split=13
10-31 17:37:49.009 E/WifiAutoJoinController ( 2017): attemptAutoJoin() num recent config 2 current="ipanel"WPA_PSK ---> suppNetId=8
10-31 17:37:49.009 E/WifiAutoJoinController ( 2017): attemptAutoJoin good candidate seen, bumped hard -> status=0 "ipanel"WPA_PSK rssi=(-44,-127) num=(1,0)
10-31 17:37:49.009 E/WifiAutoJoinController ( 2017): attemptAutoJoin skip current candidate  8 key "ipanel"WPA_PSK
10-31 17:37:49.009 E/WifiAutoJoinController ( 2017): attemptAutoJoin good candidate seen, bumped hard -> status=0 "GDWL"WPA_PSK rssi=(-39,-127) num=(7,0)
10-31 17:37:49.009 E/WifiAutoJoinController ( 2017): attemptAutoJoin trying id=3 "GDWL"WPA_PSK status=0
10-31 17:37:49.009 E/WifiAutoJoinController ( 2017): compareNetwork will compare "GDWL"WPA_PSK with current "ipanel"WPA_PSK
10-31 17:37:49.009 E/WifiAutoJoinController ( 2017):     compareWifiConfigurationsRSSI: "ipanel"WPA_PSK rssi=-44,-127 boost=25 "GDWL"WPA_PSK rssi=-39,-127 boost=0
10-31 17:37:49.009 E/WifiAutoJoinController ( 2017):         "ipanel"WPA_PSK is5=false score=-19 "GDWL"WPA_PSK is5=false score=-39
10-31 17:37:49.009 E/WifiAutoJoinController ( 2017):     compareWifiConfigurationsRSSI "ipanel"WPA_PSK rssi=(-44,-127) num=(1,0) > "GDWL"WPA_PSK rssi=(-39,-127) num=(7,0) -> -20
10-31 17:37:49.009 E/WifiAutoJoinController ( 2017): compareWifiConfigurations: "ipanel"WPA_PSK > "GDWL"WPA_PSK order -20
10-31 17:37:49.009 E/WifiAutoJoinController ( 2017): attemptAutoJoin networkSwitching candidate "GDWL"WPA_PSK with current "ipanel"WPA_PSK linked=false : delta=-20  -> not switching
10-31 17:37:49.009 E/WifiAutoJoinController ( 2017): attemptRoam: "ipanel"WPA_PSK Found e4:f3:f5:aa:ad:88 rssi=-44 freq=2467 Current: e4:f3:f5:aa:ad:88
10-31 17:37:49.009 E/WifiAutoJoinController ( 2017): Done attemptAutoJoin status=0
10-31 17:37:49.081 E/storage_operate( 2655): HCDN_LOG: [2017/10/31-17:37:49:081]:[func:GetTaskCount],[line:827],[oper:get task count],[state:0],[count:0]
10-31 17:37:49.081 E/storage_operate( 2655): HCDN_LOG: [2017/10/31-17:37:49:081]:[func:GetTaskCount],[line:827],[oper:get task count],[state:0],[count:0]
10-31 17:37:49.081 E/storage_operate( 2655): HCDN_LOG: [2017/10/31-17:37:49:081]:[func:GetTaskCount],[line:827],[oper:get task count],[state:1],[count:0]
10-31 17:37:49.377 D/BackBootDealerNeimeng( 2391): standbyState:
10-31 17:37:49.378 E/NetUtils( 2017): Interface eth0 LinkDown!
10-31 17:37:49.405 D/Advertiser( 2432): End of sleep at time:1509442669405
10-31 17:37:49.405 D/Advertiser( 2432): Begin announce....with thread:org.cybergarage.d.b.a@25ed9e23
10-31 17:37:49.405 D/TimerUtil( 2432): waitRandom time=300,waitTime=246
10-31 17:37:49.405 D/Device  ( 2432): announce deviceDataBindAddress null
10-31 17:37:49.409 D/Device  ( 2432): announce 0 bindAddress=192.168.1.102
10-31 17:37:49.410 D/HTTPMUSocket( 2432): open addr=239.255.255.250,port=1900,bindAddr=192.168.1.102
10-31 17:37:49.414 D/HTTPMUSocket( 2432): send msg:NOTIFY * HTTP/1.1
10-31 17:37:49.414 D/HTTPMUSocket( 2432): Server: Linux/3.18.24_hi3798mv2x UPnP/1.0 CyberLinkJava/1.8
10-31 17:37:49.414 D/HTTPMUSocket( 2432): Cache-Control: max-age=1800
10-31 17:37:49.414 D/HTTPMUSocket( 2432): Location: http://192.168.1.102:38520/description.xml
10-31 17:37:49.414 D/HTTPMUSocket( 2432): NTS: ssdp:alive
10-31 17:37:49.414 D/HTTPMUSocket( 2432): NT: upnp:rootdevice
10-31 17:37:49.414 D/HTTPMUSocket( 2432): USN: uuid:bedb84c3-dcc5-4b75-8e79-308771ab5a9f::upnp:rootdevice
10-31 17:37:49.414 D/HTTPMUSocket( 2432): HOST: 239.255.255.250:1900
10-31 17:37:49.414 D/HTTPMUSocket( 2432): 
10-31 17:37:49.414 D/HTTPMUSocket( 2432): bindAddr:null and port:-1
10-31 17:37:49.415 D/HTTPMUSocket( 2432): /192.168.1.102
10-31 17:37:49.416 D/HTTPMUSocket( 2432): send msg:NOTIFY * HTTP/1.1
10-31 17:37:49.416 D/HTTPMUSocket( 2432): Server: Linux/3.18.24_hi3798mv2x UPnP/1.0 CyberLinkJava/1.8
10-31 17:37:49.416 D/HTTPMUSocket( 2432): Cache-Control: max-age=1800
10-31 17:37:49.416 D/HTTPMUSocket( 2432): Location: http://192.168.1.102:38520/description.xml
10-31 17:37:49.416 D/HTTPMUSocket( 2432): NTS: ssdp:alive
10-31 17:37:49.416 D/HTTPMUSocket( 2432): NT: uuid:bedb84c3-dcc5-4b75-8e79-308771ab5a9f
10-31 17:37:49.416 D/HTTPMUSocket( 2432): USN: uuid:bedb84c3-dcc5-4b75-8e79-308771ab5a9f
10-31 17:37:49.416 D/HTTPMUSocket( 2432): HOST: 239.255.255.250:1900
10-31 17:37:49.416 D/HTTPMUSocket( 2432): 
10-31 17:37:49.416 D/HTTPMUSocket( 2432): bindAddr:null and port:-1
10-31 17:37:49.417 D/HTTPMUSocket( 2432): /192.168.1.102
10-31 17:37:49.418 D/HTTPMUSocket( 2432): send msg:NOTIFY * HTTP/1.1
10-31 17:37:49.418 D/HTTPMUSocket( 2432): Server: Linux/3.18.24_hi3798mv2x UPnP/1.0 CyberLinkJava/1.8
10-31 17:37:49.418 D/HTTPMUSocket( 2432): Cache-Control: max-age=1800
10-31 17:37:49.418 D/HTTPMUSocket( 2432): Location: http://192.168.1.102:38520/description.xml
10-31 17:37:49.418 D/HTTPMUSocket( 2432): NTS: ssdp:alive
10-31 17:37:49.418 D/HTTPMUSocket( 2432): NT: urn:schemas-upnp-org:device:MediaServer:1
10-31 17:37:49.418 D/HTTPMUSocket( 2432): USN: uuid:bedb84c3-dcc5-4b75-8e79-308771ab5a9f::urn:schemas-upnp-org:device:MediaServer:1
10-31 17:37:49.418 D/HTTPMUSocket( 2432): HOST: 239.255.255.250:1900
10-31 17:37:49.418 D/HTTPMUSocket( 2432): 
10-31 17:37:49.418 D/HTTPMUSocket( 2432): bindAddr:null and port:-1
10-31 17:37:49.418 D/HTTPMUSocket( 2432): /192.168.1.102
10-31 17:37:49.419 D/Device  ( 2432): announce bindAddr=192.168.1.102,devLocation=http://192.168.1.102:38520/description.xml,location=http://192.168.1.102:38520/description.xml
10-31 17:37:49.419 D/Device  ( 2432): announce bindAddr=192.168.1.102,serviceDesUrl=
10-31 17:37:49.420 D/HTTPMUSocket( 2432): open addr=239.255.255.250,port=1900,bindAddr=192.168.1.102
10-31 17:37:49.424 D/TimerUtil( 2432): waitRandom time=300,waitTime=24
10-31 17:37:49.424 D/HTTPMUSocket( 2432): send msg:NOTIFY * HTTP/1.1
10-31 17:37:49.424 D/HTTPMUSocket( 2432): Server: Linux/3.18.24_hi3798mv2x UPnP/1.0 CyberLinkJava/1.8
10-31 17:37:49.424 D/HTTPMUSocket( 2432): Cache-Control: max-age=1800
10-31 17:37:49.424 D/HTTPMUSocket( 2432): Location: http://192.168.1.102:38520/description.xml
10-31 17:37:49.424 D/HTTPMUSocket( 2432): NTS: ssdp:alive
10-31 17:37:49.424 D/HTTPMUSocket( 2432): NT: urn:schemas-upnp-org:service:ContentDirectory:1
10-31 17:37:49.424 D/HTTPMUSocket( 2432): USN: uuid:bedb84c3-dcc5-4b75-8e79-308771ab5a9f::urn:schemas-upnp-org:service:ContentDirectory:1
10-31 17:37:49.424 D/HTTPMUSocket( 2432): HOST: 239.255.255.250:1900
10-31 17:37:49.424 D/HTTPMUSocket( 2432): 
10-31 17:37:49.425 D/HTTPMUSocket( 2432): bindAddr:null and port:-1
10-31 17:37:49.425 D/HTTPMUSocket( 2432): /192.168.1.102
10-31 17:37:49.426 D/Device  ( 2432): announce bindAddr=192.168.1.102,serviceDesUrl=
10-31 17:37:49.427 D/HTTPMUSocket( 2432): open addr=239.255.255.250,port=1900,bindAddr=192.168.1.102
10-31 17:37:49.432 D/TimerUtil( 2432): waitRandom time=300,waitTime=71
10-31 17:37:49.433 D/HTTPMUSocket( 2432): send msg:NOTIFY * HTTP/1.1
10-31 17:37:49.433 D/HTTPMUSocket( 2432): Server: Linux/3.18.24_hi3798mv2x UPnP/1.0 CyberLinkJava/1.8
10-31 17:37:49.433 D/HTTPMUSocket( 2432): Cache-Control: max-age=1800
10-31 17:37:49.433 D/HTTPMUSocket( 2432): Location: http://192.168.1.102:38520/description.xml
10-31 17:37:49.433 D/HTTPMUSocket( 2432): NTS: ssdp:alive
10-31 17:37:49.433 D/HTTPMUSocket( 2432): NT: urn:schemas-upnp-org:service:ConnectionManager:1
10-31 17:37:49.433 D/HTTPMUSocket( 2432): USN: uuid:bedb84c3-dcc5-4b75-8e79-308771ab5a9f::urn:schemas-upnp-org:service:ConnectionManager:1
10-31 17:37:49.433 D/HTTPMUSocket( 2432): HOST: 239.255.255.250:1900
10-31 17:37:49.433 D/HTTPMUSocket( 2432): 
10-31 17:37:49.433 D/HTTPMUSocket( 2432): bindAddr:null and port:-1
10-31 17:37:49.434 D/HTTPMUSocket( 2432): /192.168.1.102
10-31 17:37:49.434 D/Device  ( 2432): announce bindAddr=192.168.1.102,serviceDesUrl=
10-31 17:37:49.435 D/HTTPMUSocket( 2432): open addr=239.255.255.250,port=1900,bindAddr=192.168.1.102
10-31 17:37:49.439 D/TimerUtil( 2432): waitRandom time=300,waitTime=53
10-31 17:37:49.440 D/HTTPMUSocket( 2432): send msg:NOTIFY * HTTP/1.1
10-31 17:37:49.440 D/HTTPMUSocket( 2432): Server: Linux/3.18.24_hi3798mv2x UPnP/1.0 CyberLinkJava/1.8
10-31 17:37:49.440 D/HTTPMUSocket( 2432): Cache-Control: max-age=1800
10-31 17:37:49.440 D/HTTPMUSocket( 2432): Location: http://192.168.1.102:38520/description.xml
10-31 17:37:49.440 D/HTTPMUSocket( 2432): NTS: ssdp:alive
10-31 17:37:49.440 D/HTTPMUSocket( 2432): NT: urn:schemas-upnp-org:service:AVTransport:1
10-31 17:37:49.440 D/HTTPMUSocket( 2432): USN: uuid:bedb84c3-dcc5-4b75-8e79-308771ab5a9f::urn:schemas-upnp-org:service:AVTransport:1
10-31 17:37:49.440 D/HTTPMUSocket( 2432): HOST: 239.255.255.250:1900
10-31 17:37:49.440 D/HTTPMUSocket( 2432): 
10-31 17:37:49.440 D/HTTPMUSocket( 2432): bindAddr:null and port:-1
10-31 17:37:49.440 D/HTTPMUSocket( 2432): /192.168.1.102
10-31 17:37:49.441 D/Device  ( 2432): announce bindAddr=192.168.1.102,serviceDesUrl=
10-31 17:37:49.441 D/HTTPMUSocket( 2432): open addr=239.255.255.250,port=1900,bindAddr=192.168.1.102
10-31 17:37:49.442 D/TimerUtil( 2432): waitRandom time=300,waitTime=123
10-31 17:37:49.443 D/HTTPMUSocket( 2432): send msg:NOTIFY * HTTP/1.1
10-31 17:37:49.443 D/HTTPMUSocket( 2432): Server: Linux/3.18.24_hi3798mv2x UPnP/1.0 CyberLinkJava/1.8
10-31 17:37:49.443 D/HTTPMUSocket( 2432): Cache-Control: max-age=1800
10-31 17:37:49.443 D/HTTPMUSocket( 2432): Location: http://192.168.1.102:38520/description.xml
10-31 17:37:49.443 D/HTTPMUSocket( 2432): NTS: ssdp:alive
10-31 17:37:49.443 D/HTTPMUSocket( 2432): NT: urn:sumavision.com:service:X_SUMA_EVENT:1
10-31 17:37:49.443 D/HTTPMUSocket( 2432): USN: uuid:bedb84c3-dcc5-4b75-8e79-308771ab5a9f::urn:sumavision.com:service:X_SUMA_EVENT:1
10-31 17:37:49.443 D/HTTPMUSocket( 2432): HOST: 239.255.255.250:1900
10-31 17:37:49.443 D/HTTPMUSocket( 2432): 
10-31 17:37:49.443 D/HTTPMUSocket( 2432): bindAddr:null and port:-1
10-31 17:37:49.443 D/HTTPMUSocket( 2432): /192.168.1.102
10-31 17:37:49.443 D/Advertiser( 2432): Advertise12:45000 at time:1509442669443 with thread:org.cybergarage.d.b.a@25ed9e23
10-31 17:37:49.879 D/BackBootDealerNeimeng( 2391): standbyState:
10-31 17:37:49.880 E/NetUtils( 2017): Interface eth0 LinkDown!
10-31 17:37:50.161 W/ContextImpl( 2391): Calling a method in the system process without a qualified user: android.app.ContextImpl.sendBroadcast:1345 android.content.ContextWrapper.sendBroadcast:377 com.suma.midware.back.esg.e.f:-1 com.suma.midware.back.esg.f.run:-1 com.suma.midware.prop.util.c.run:-1 
10-31 17:37:50.380 D/BackBootDealerNeimeng( 2391): standbyState:
10-31 17:37:50.381 E/NetUtils( 2017): Interface eth0 LinkDown!
10-31 17:37:50.881 D/BackBootDealerNeimeng( 2391): standbyState:
10-31 17:37:50.882 E/NetUtils( 2017): Interface eth0 LinkDown!
10-31 17:37:51.163 W/ContextImpl( 2391): Calling a method in the system process without a qualified user: android.app.ContextImpl.sendBroadcast:1345 android.content.ContextWrapper.sendBroadcast:377 com.suma.midware.back.esg.e.f:-1 com.suma.midware.back.esg.f.run:-1 com.suma.midware.prop.util.c.run:-1 
10-31 17:37:51.383 D/BackBootDealerNeimeng( 2391): standbyState:
10-31 17:37:51.384 E/NetUtils( 2017): Interface eth0 LinkDown!
10-31 17:37:51.884 D/BackBootDealerNeimeng( 2391): standbyState:
10-31 17:37:51.885 E/NetUtils( 2017): Interface eth0 LinkDown!
10-31 17:37:52.081 E/storage_operate( 2655): HCDN_LOG: [2017/10/31-17:37:52:081]:[func:GetTaskCount],[line:827],[oper:get task count],[state:0],[count:0]
10-31 17:37:52.081 E/storage_operate( 2655): HCDN_LOG: [2017/10/31-17:37:52:081]:[func:GetTaskCount],[line:827],[oper:get task count],[state:0],[count:0]
10-31 17:37:52.081 E/storage_operate( 2655): HCDN_LOG: [2017/10/31-17:37:52:081]:[func:GetTaskCount],[line:827],[oper:get task count],[state:1],[count:0]
10-31 17:37:52.385 D/BackBootDealerNeimeng( 2391): standbyState:
10-31 17:37:52.386 E/NetUtils( 2017): Interface eth0 LinkDown!
10-31 17:37:52.887 D/BackBootDealerNeimeng( 2391): standbyState:
10-31 17:37:52.888 E/NetUtils( 2017): Interface eth0 LinkDown!
10-31 17:37:53.388 D/BackBootDealerNeimeng( 2391): standbyState:
10-31 17:37:53.389 E/NetUtils( 2017): Interface eth0 LinkDown!
10-31 17:37:53.889 D/BackBootDealerNeimeng( 2391): standbyState:
10-31 17:37:53.890 E/NetUtils( 2017): Interface eth0 LinkDown!
10-31 17:37:54.167 W/ContextImpl( 2391): Calling a method in the system process without a qualified user: android.app.ContextImpl.sendBroadcast:1345 android.content.ContextWrapper.sendBroadcast:377 com.suma.midware.back.esg.e.f:-1 com.suma.midware.back.esg.f.run:-1 com.suma.midware.prop.util.c.run:-1 
10-31 17:37:54.391 D/BackBootDealerNeimeng( 2391): standbyState:
10-31 17:37:54.391 E/NetUtils( 2017): Interface eth0 LinkDown!
10-31 17:37:54.892 D/BackBootDealerNeimeng( 2391): standbyState:
10-31 17:37:54.893 E/NetUtils( 2017): Interface eth0 LinkDown!
10-31 17:37:55.082 E/storage_operate( 2655): HCDN_LOG: [2017/10/31-17:37:55:082]:[func:GetTaskCount],[line:827],[oper:get task count],[state:0],[count:0]
10-31 17:37:55.082 E/storage_operate( 2655): HCDN_LOG: [2017/10/31-17:37:55:082]:[func:GetTaskCount],[line:827],[oper:get task count],[state:0],[count:0]
10-31 17:37:55.082 E/storage_operate( 2655): HCDN_LOG: [2017/10/31-17:37:55:082]:[func:GetTaskCount],[line:827],[oper:get task count],[state:1],[count:0]
10-31 17:37:55.170 W/ContextImpl( 2391): Calling a method in the system process without a qualified user: android.app.ContextImpl.sendBroadcast:1345 android.content.ContextWrapper.sendBroadcast:377 com.suma.midware.back.esg.e.f:-1 com.suma.midware.back.esg.f.run:-1 com.suma.midware.prop.util.c.run:-1 
10-31 17:37:55.394 D/BackBootDealerNeimeng( 2391): standbyState:
10-31 17:37:55.394 E/NetUtils( 2017): Interface eth0 LinkDown!
10-31 17:37:55.895 D/BackBootDealerNeimeng( 2391): standbyState:
10-31 17:37:55.896 E/NetUtils( 2017): Interface eth0 LinkDown!
10-31 17:37:56.396 D/BackBootDealerNeimeng( 2391): standbyState:
10-31 17:37:56.397 E/NetUtils( 2017): Interface eth0 LinkDown!
10-31 17:37:56.897 D/BackBootDealerNeimeng( 2391): standbyState:
10-31 17:37:56.898 E/NetUtils( 2017): Interface eth0 LinkDown!
10-31 17:37:57.399 D/BackBootDealerNeimeng( 2391): standbyState:
10-31 17:37:57.400 E/NetUtils( 2017): Interface eth0 LinkDown!
10-31 17:37:57.900 D/BackBootDealerNeimeng( 2391): standbyState:
10-31 17:37:57.901 E/NetUtils( 2017): Interface eth0 LinkDown!
10-31 17:37:58.082 E/storage_operate( 2655): HCDN_LOG: [2017/10/31-17:37:58:082]:[func:GetTaskCount],[line:827],[oper:get task count],[state:0],[count:0]
10-31 17:37:58.082 E/storage_operate( 2655): HCDN_LOG: [2017/10/31-17:37:58:082]:[func:GetTaskCount],[line:827],[oper:get task count],[state:0],[count:0]
10-31 17:37:58.082 E/storage_operate( 2655): HCDN_LOG: [2017/10/31-17:37:58:082]:[func:GetTaskCount],[line:827],[oper:get task count],[state:1],[count:0]
10-31 17:37:58.173 W/ContextImpl( 2391): Calling a method in the system process without a qualified user: android.app.ContextImpl.sendBroadcast:1345 android.content.ContextWrapper.sendBroadcast:377 com.suma.midware.back.esg.e.f:-1 com.suma.midware.back.esg.f.run:-1 com.suma.midware.prop.util.c.run:-1 
10-31 17:37:58.401 D/BackBootDealerNeimeng( 2391): standbyState:
10-31 17:37:58.402 E/NetUtils( 2017): Interface eth0 LinkDown!
10-31 17:37:58.903 D/BackBootDealerNeimeng( 2391): standbyState:
10-31 17:37:58.904 E/NetUtils( 2017): Interface eth0 LinkDown!
10-31 17:37:59.176 W/ContextImpl( 2391): Calling a method in the system process without a qualified user: android.app.ContextImpl.sendBroadcast:1345 android.content.ContextWrapper.sendBroadcast:377 com.suma.midware.back.esg.e.f:-1 com.suma.midware.back.esg.f.run:-1 com.suma.midware.prop.util.c.run:-1 
10-31 17:37:59.404 D/BackBootDealerNeimeng( 2391): standbyState:
10-31 17:37:59.405 E/NetUtils( 2017): Interface eth0 LinkDown!
10-31 17:37:59.905 D/BackBootDealerNeimeng( 2391): standbyState:
10-31 17:37:59.906 E/NetUtils( 2017): Interface eth0 LinkDown!
10-31 17:38:00.407 D/BackBootDealerNeimeng( 2391): standbyState:
10-31 17:38:00.407 E/NetUtils( 2017): Interface eth0 LinkDown!
10-31 17:38:00.660 D/TimeUpdate( 2498): [TN_main]dealTimeUpdate curTime=java.util.GregorianCalendar[time=1509442680660,areFieldsSet=true,lenient=true,zone=Asia/Shanghai,firstDayOfWeek=1,minimalDaysInFirstWeek=1,ERA=1,YEAR=2017,MONTH=9,WEEK_OF_YEAR=44,WEEK_OF_MONTH=5,DAY_OF_MONTH=31,DAY_OF_YEAR=304,DAY_OF_WEEK=3,DAY_OF_WEEK_IN_MONTH=5,AM_PM=1,HOUR=5,HOUR_OF_DAY=17,MINUTE=38,SECOND=0,MILLISECOND=660,ZONE_OFFSET=28800000,DST_OFFSET=0]
10-31 17:38:00.908 D/BackBootDealerNeimeng( 2391): standbyState:
10-31 17:38:00.909 E/NetUtils( 2017): Interface eth0 LinkDown!
10-31 17:38:01.083 E/storage_operate( 2655): HCDN_LOG: [2017/10/31-17:38:01:083]:[func:GetTaskCount],[line:827],[oper:get task count],[state:0],[count:0]
10-31 17:38:01.083 E/storage_operate( 2655): HCDN_LOG: [2017/10/31-17:38:01:083]:[func:GetTaskCount],[line:827],[oper:get task count],[state:0],[count:0]
10-31 17:38:01.083 E/storage_operate( 2655): HCDN_LOG: [2017/10/31-17:38:01:083]:[func:GetTaskCount],[line:827],[oper:get task count],[state:1],[count:0]
10-31 17:38:01.409 D/BackBootDealerNeimeng( 2391): standbyState:
10-31 17:38:01.410 E/NetUtils( 2017): Interface eth0 LinkDown!
10-31 17:38:01.909 D/AppUtil ( 2391): [TN_ThreadUtil-1]getActivityPkg index=0,comp=ComponentInfo{com.suma.midware.setting/com.suma.midware.setting.net.NetInfoActivity}
10-31 17:38:01.909 D/AppKiller( 2391): [TN_ThreadUtil-1]backKill curPkgName=com.suma.midware.setting
10-31 17:38:01.909 D/AppKiller( 2391): [TN_ThreadUtil-1]backKill processName=com.sostation.happyle.huantv,processInfo=android.app.ActivityManager$RunningAppProcessInfo@c5c7d85
10-31 17:38:01.909 D/AppNgbKiller( 2391): [TN_ThreadUtil-1]forceKillApp processInfoFlag=0,hasActivityFlag=4
10-31 17:38:01.909 D/AppKiller( 2391): [TN_ThreadUtil-1]backKill processName=com.starcor.mango,processInfo=android.app.ActivityManager$RunningAppProcessInfo@b7e27da
10-31 17:38:01.910 D/AppNgbKiller( 2391): [TN_ThreadUtil-1]forceKillApp processInfoFlag=0,hasActivityFlag=4
10-31 17:38:01.910 D/AppKiller( 2391): [TN_ThreadUtil-1]backKill processName=com.gitvdemo.video,processInfo=android.app.ActivityManager$RunningAppProcessInfo@177940b
10-31 17:38:01.910 D/AppNgbKiller( 2391): [TN_ThreadUtil-1]forceKillApp processInfoFlag=0,hasActivityFlag=4
10-31 17:38:01.910 D/AppKiller( 2391): [TN_ThreadUtil-1]backKill processName=.pushdaemonservice,processInfo=android.app.ActivityManager$RunningAppProcessInfo@1a8792e8
10-31 17:38:01.910 D/AppNgbKiller( 2391): [TN_ThreadUtil-1]forceKillApp processInfoFlag=0,hasActivityFlag=4
10-31 17:38:01.911 D/BackBootDealerNeimeng( 2391): standbyState:
10-31 17:38:01.911 E/NetUtils( 2017): Interface eth0 LinkDown!
10-31 17:38:02.180 W/ContextImpl( 2391): Calling a method in the system process without a qualified user: android.app.ContextImpl.sendBroadcast:1345 android.content.ContextWrapper.sendBroadcast:377 com.suma.midware.back.esg.e.f:-1 com.suma.midware.back.esg.f.run:-1 com.suma.midware.prop.util.c.run:-1 
10-31 17:38:02.412 D/BackBootDealerNeimeng( 2391): standbyState:
10-31 17:38:02.413 E/NetUtils( 2017): Interface eth0 LinkDown!
10-31 17:38:02.913 D/BackBootDealerNeimeng( 2391): standbyState:
10-31 17:38:02.914 E/NetUtils( 2017): Interface eth0 LinkDown!
10-31 17:38:03.183 W/ContextImpl( 2391): Calling a method in the system process without a qualified user: android.app.ContextImpl.sendBroadcast:1345 android.content.ContextWrapper.sendBroadcast:377 com.suma.midware.back.esg.e.f:-1 com.suma.midware.back.esg.f.run:-1 com.suma.midware.prop.util.c.run:-1 
10-31 17:38:03.415 D/BackBootDealerNeimeng( 2391): standbyState:
10-31 17:38:03.415 E/NetUtils( 2017): Interface eth0 LinkDown!
10-31 17:38:03.916 D/BackBootDealerNeimeng( 2391): standbyState:
10-31 17:38:03.917 E/NetUtils( 2017): Interface eth0 LinkDown!
10-31 17:38:04.083 E/storage_operate( 2655): HCDN_LOG: [2017/10/31-17:38:04:083]:[func:GetTaskCount],[line:827],[oper:get task count],[state:0],[count:0]
10-31 17:38:04.083 E/storage_operate( 2655): HCDN_LOG: [2017/10/31-17:38:04:083]:[func:GetTaskCount],[line:827],[oper:get task count],[state:0],[count:0]
10-31 17:38:04.083 E/storage_operate( 2655): HCDN_LOG: [2017/10/31-17:38:04:083]:[func:GetTaskCount],[line:827],[oper:get task count],[state:1],[count:0]
10-31 17:38:04.155 D/EsgNeiMengDealer( 2391): [TN_ThreadUtil-12]checkBootAd bootAd=[Advertisment@3ddc238]category[1]version[0]profile[2]group[[GroupProperty@25e8f211]associateType[3]groupIDs[len:10:10000:7101:7105:9999:7000:17:1001:20002:20001:1003]]service[null]period[[Advertisment@28166f76]dates[]times[len0:102:len1:102:20170821 000000-20170821 235959:20170822 000000-20170822 235959:20170823 000000-20170823 235959:20170824 000000-20170824 235959:20170825 000000-20170825 235959:20170826 000000-20170826 235959:20170827 000000-20170827 235959:20170828 000000-20170828 235959:20170829 000000-20170829 235959:20170830 000000-20170830 235959:20170831 000000-20170831 235959:20170901 000000-20170901 235959:20170902 000000-20170902 235959:20170903 000000-20170903 235959:20170904 000000-20170904 235959:20170905 000000-20170905 235959:20170906 000000-20170906 235959:20170907 000000-20170907 235959:20170908 000000-20170908 235959:20170909 000000-20170909 235959:20170910 000000-20170910 235959:20170911 000000-20170911 235959:20170912 000000-20170912 235959:20170913 000000-20170913 235959:20170914 000000-20170914 235959:20170915 000000-20170915 235959:20170916 000000-20170916 235959:20170917 000000-20170917 235959:20170918 000000-20170918 235959:20170919 000000-20170919 235959:20170920 000000-20170920 235959:20170921 000000-20170921 235959:20170922 000000-20170922 235959:20170923 000000-20170923 235959:20170924 000000-20170924 235959:20170925 000000-20170925 235959:20170926 000000-20170926 235959:20170927 000000-20170927 235959:20170928 000000-20170928 235959:20170929 000000-20170929 235959:20170930 000000-20170930 235959:20171001 000000-20171001 235959:20171002 000000-20171002 235959:20171003 000000-20171003 235959:20171004 000000-20171004 235959:20171005 000000-20171005 235959:20171006 000000-20171006 235959:20171007 000000-20171007 235959:20171008 000000-20171008 235959:20171009 000000-20171009 235959:20171010 000000-20171010 235959:20171011 000000-20171011 235959:20171012 000000-20171012 235959:20171013 000000-20171013 235959:20171014 000000-20171014 235959:20171015 000000-20171015 235959:20171016 000000-20171016 235959:20171017 000000-20171017 235959:20171018 000000-20171018 235959:20171019 000000-20171019 235959:20171020 000000-20171020 235959:20171021 000000-20171021 235959:20171022 000000-20171022 235959:20171023 000000-20171023 235959:20171024 000000-20171024 235959:20171025 000000-20171025 235959:20171026 000000-20171026 235959:20171027 000000-20171027 235959:20171028 000000-20171028 235959:20171029 000000-20171029 235959:20171030 000000-20171030 235959:20171031 000000-20171031 235959:20171101 000000-20171101 235959:20171102 000000-20171102 235959:20171103 000000-20171103 235959:20171104 000000-20171104 235959:20171105 000000-20171105 235959:20171106 000000-20171106 235959:20171107 000000-20171107 235959:20171108 000000-20171108 235959:20171109 000000-20171109 235959:20171110 000000-20171110 235959:20171111 000000-20171111 235959:20171112 000000-20171112 235959:20171113 000000-20171113 235959:20171114 000000-20171114 235959:20171115 000000-20171115 235959:20171116 000000-20171116 235959:20171117 000000-20171117 235959:20171118 000000-20171118 235959:20171119 000000-20171119 235959:20171120 000000-20171120 235959:20171121 000000-20171121 235959:20171122 000000-20171122 235959:20171123 000000-20171123 235959:20171124 000000-20171124 235959:20171125 000000-20171125 235959:20171126 000000-20171126 235959:20171127 000000-20171127 235959:20171128 000000-20171128 235959:20171129 000000-20171129 235959:20171130 000000-20171130 235959]]
10-31 17:38:04.155 I/System.out( 2391): [DEBUG SectionFilterGroup] The filterGroupHandle is: -1622490424
10-31 17:38:04.156 D/LoadPipeHandler( 2391): [TN_ThreadUtil-12]dealTableLoad pipeTask=[LoadPipeTask@21ec6d01]pID[16]tableID[64]tunerIndex[0]offset[3]timeout[5000]isNeedTune[false]fileName[null]
10-31 17:38:04.156 D/filter  ( 2391): [FilterManager-JNI] - start filter:pid=16, tableid=64, bufferNum=0
10-31 17:38:04.156 D/filter  ( 2391): [FilterManager-JNI] - 
10-31 17:38:04.156 D/filter  ( 2391): [FilterManager-JNI] - 
10-31 17:38:04.156 D/filter  ( 2391): [FilterManager-JNI] - The table id is proper.
10-31 17:38:04.156 D/filter  ( 2391): ####in java native method open filter:pid=16,							code=40,00,00,00,mask=ff,00,00,00
10-31 17:38:04.156 D/filter  ( 2391): [FilterManager-JNI] - Filter mode to ROCME_RES_FLT_MODE_UNROB_FILTER.
10-31 17:38:04.156 V/SUMA    ( 1582): [resman-s][onTransact 216]code[0x12000200] client pid = 2391
10-31 17:38:04.156 V/SUMA    ( 1582): [resman-s][onTransact 615]TRANS_CODE_RESMAN_FILETER_REQUEST enter
10-31 17:38:04.156 I/System.out( 2391): [DEBUG SectionFilterGroup] The run() method, and the filterGroupHandle is: -1622490424
10-31 17:38:04.156 V/SUMA    ( 1582): [resman-s][onTransact 623]filter request m_client[0].cpid = 2391
10-31 17:38:04.156 V/SUMA    ( 1582): [resman-s][onTransact 627]filter handler request filter_handler[0]
10-31 17:38:04.156 V/SUMA    ( 1582): >> Roc_ResMan_Filter_Request handler = 0x120995d0 
10-31 17:38:04.156 V/SUMA    ( 1582): [resman-s][onTransact 657]TRANS_CODE_RESMAN_FILETER_REQUEST leave
10-31 17:38:04.156 V/SUMA    ( 1582): [resman-s][onTransact 1574]leave transact client pid = 2391
10-31 17:38:04.156 V/SUMA    ( 2391): [resman-c][Roc_ResMan_Filter_Request 1311]leave !!!
10-31 17:38:04.157 V/SUMA    ( 2391): [resman-c][dvbc_resman_flt_request 162]dvbc(2391)## s_resman_client_flt_hcbk request cbk idx=0 !!!
10-31 17:38:04.157 V/SUMA    ( 1582): [resman-s][onTransact 216]code[0x12000204] client pid = 2391
10-31 17:38:04.157 V/SUMA    ( 1582): [resman-s][onTransact 1574]leave transact client pid = 2391
10-31 17:38:04.157 V/SUMA    ( 2391): [resman-c][Roc_ResMan_Filter_Modify 1514]leave !!!
10-31 17:38:04.157 V/SUMA    ( 1582): [resman-s][onTransact 216]code[0x12000202] client pid = 2391
10-31 17:38:04.157 V/SUMA    ( 1582): [resman-s][onTransact 1574]leave transact client pid = 2391
10-31 17:38:04.157 V/SUMA    ( 2391): [resman-c][Roc_ResMan_Filter_Run 1431]leave !!!
10-31 17:38:04.157 D/filter  ( 2391): open file=302618064,pid=16,index=0 with tuner index 0
10-31 17:38:04.417 D/BackBootDealerNeimeng( 2391): standbyState:
10-31 17:38:04.418 E/NetUtils( 2017): Interface eth0 LinkDown!
10-31 17:38:04.919 D/BackBootDealerNeimeng( 2391): standbyState:
10-31 17:38:04.920 E/NetUtils( 2017): Interface eth0 LinkDown!
10-31 17:38:05.420 D/BackBootDealerNeimeng( 2391): standbyState:
10-31 17:38:05.421 E/NetUtils( 2017): Interface eth0 LinkDown!
10-31 17:38:05.921 D/BackBootDealerNeimeng( 2391): standbyState:
10-31 17:38:05.922 E/NetUtils( 2017): Interface eth0 LinkDown!
10-31 17:38:06.186 W/ContextImpl( 2391): Calling a method in the system process without a qualified user: android.app.ContextImpl.sendBroadcast:1345 android.content.ContextWrapper.sendBroadcast:377 com.suma.midware.back.esg.e.f:-1 com.suma.midware.back.esg.f.run:-1 com.suma.midware.prop.util.c.run:-1 
10-31 17:38:06.423 D/BackBootDealerNeimeng( 2391): standbyState:
10-31 17:38:06.424 E/NetUtils( 2017): Interface eth0 LinkDown!
10-31 17:38:06.924 D/BackBootDealerNeimeng( 2391): standbyState:
10-31 17:38:06.925 E/NetUtils( 2017): Interface eth0 LinkDown!
10-31 17:38:07.084 E/storage_operate( 2655): HCDN_LOG: [2017/10/31-17:38:07:084]:[func:GetTaskCount],[line:827],[oper:get task count],[state:0],[count:0]
10-31 17:38:07.084 E/storage_operate( 2655): HCDN_LOG: [2017/10/31-17:38:07:084]:[func:GetTaskCount],[line:827],[oper:get task count],[state:0],[count:0]
10-31 17:38:07.084 E/storage_operate( 2655): HCDN_LOG: [2017/10/31-17:38:07:084]:[func:GetTaskCount],[line:827],[oper:get task count],[state:1],[count:0]
10-31 17:38:07.189 W/ContextImpl( 2391): Calling a method in the system process without a qualified user: android.app.ContextImpl.sendBroadcast:1345 android.content.ContextWrapper.sendBroadcast:377 com.suma.midware.back.esg.e.f:-1 com.suma.midware.back.esg.f.run:-1 com.suma.midware.prop.util.c.run:-1 
10-31 17:38:07.426 D/BackBootDealerNeimeng( 2391): standbyState:
10-31 17:38:07.427 E/NetUtils( 2017): Interface eth0 LinkDown!
10-31 17:38:07.926 V/SUMA    ( 1582): >> Roc_ResMan_Filter_Release handler = 0x12028690 
10-31 17:38:07.926 V/SUMA    ( 1582): >> Roc_ResMan_Filter_Release handler = 0x12038730 
10-31 17:38:07.926 V/SUMA    ( 1582): [eit] process_evt_msg_timeout() eit_sh_flt_stop !!!
10-31 17:38:07.927 D/BackBootDealerNeimeng( 2391): standbyState:
10-31 17:38:07.928 E/NetUtils( 2017): Interface eth0 LinkDown!
10-31 17:38:08.245 E/WifiStateMachine( 2017): WifiStateMachine CMD_START_SCAN source -2 txSuccessRate=3.20 rxSuccessRate=3.21 targetRoamBSSID=e4:f3:f5:aa:ad:88 RSSI=-43
10-31 17:38:08.428 D/BackBootDealerNeimeng( 2391): standbyState:
10-31 17:38:08.429 E/NetUtils( 2017): Interface eth0 LinkDown!
10-31 17:38:08.832 D/DynamicQDataProvider( 2655): [TID 2655] checkImageURLUpdate, tag = 22 imageUrls = http://pic2.ptqy.gitv.tv/common/tv/20170914/650c9e7411294011a1ef6a451c31258d.png
10-31 17:38:08.832 D/DynamicQDataProvider( 2655): [TID 2655] generateOnlineImageNameList, on line imageUrl = http://pic2.ptqy.gitv.tv/common/tv/20170914/650c9e7411294011a1ef6a451c31258d.png
10-31 17:38:08.832 D/DynamicQDataProvider( 2655): [TID 2655] checkImageURLUpdate, onLineImageNameList = [650c9e7411294011a1ef6a451c31258d.png]
10-31 17:38:08.832 D/DynamicQDataProvider( 2655): [TID 2655] generateLocalPathImageNameList, local imagePathList = [/data/data/com.gitvdemo.video/cache/galaimages/650c9e7411294011a1ef6a451c31258d.png]
10-31 17:38:08.832 D/DynamicQDataProvider( 2655): [TID 2655] checkImageURLUpdate, localImageNameList = [650c9e7411294011a1ef6a451c31258d.png]
10-31 17:38:08.833 D/DynamicQDataProvider( 2655): [TID 2655] compare onLine images with local images by name ...
10-31 17:38:08.833 D/DynamicQDataProvider( 2655): [TID 2655] checkImageURLUpdate, Do not need to update
10-31 17:38:08.894 I/XulMessageCenter( 2937): Auto cleanup finished
10-31 17:38:08.902 I/XulMessageCenter( 2937): Auto cleanup finished
10-31 17:38:08.930 D/BackBootDealerNeimeng( 2391): standbyState:
10-31 17:38:08.931 E/NetUtils( 2017): Interface eth0 LinkDown!
10-31 17:38:08.984 I/XulMessageCenter( 2937): Auto cleanup finished
10-31 17:38:09.157 I/System.out( 2391): [DEBUG SectionFilterGroup] be reaady to detach filtergroup:true
10-31 17:38:09.158 V/SUMA    ( 1582): [resman-s][onTransact 216]code[0x12000201] client pid = 2391
10-31 17:38:09.158 V/SUMA    ( 1582): [resman-s][onTransact 665]TRANS_CODE_RESMAN_FILETER_RELEASE enter
10-31 17:38:09.158 V/SUMA    ( 1582): >> Roc_ResMan_Filter_Release handler = 0x120995d0 
10-31 17:38:09.158 V/SUMA    ( 1582): [resman-s][onTransact 674]filter release m_client[0].cpid = 2391
10-31 17:38:09.158 V/SUMA    ( 1582): [resman-s][onTransact 678]filter handler release filter_handler[0]
10-31 17:38:09.158 V/SUMA    ( 1582): [resman-s][onTransact 688]TRANS_CODE_RESMAN_FILETER_RELEASE leave
10-31 17:38:09.158 V/SUMA    ( 1582): [resman-s][onTransact 1574]leave transact client pid = 2391
10-31 17:38:09.159 V/SUMA    ( 2391): [resman-c][dvbc_resman_flt_release 183]dvbc(2391)## s_resman_client_flt_hcbk release cbk idx=0 !!!
10-31 17:38:09.159 V/SUMA    ( 2391): [resman-c][Roc_ResMan_Filter_Release 1403]leave !!!
10-31 17:38:09.159 W/EsgNeiMengDealer( 2391): [TN_ThreadUtil-12]handleNormTable table content null
10-31 17:38:09.159 D/EsgNeiMengDealer( 2391): [TN_ThreadUtil-12]dealUpdateInfo updateInfo=null
10-31 17:38:09.159 D/EsgRunner( 2391): [TN_ThreadUtil-12]notifyUpdateEnd ads=null
10-31 17:38:09.178 W/ContextImpl( 2391): Calling a method in the system process without a qualified user: android.app.ContextImpl.sendBroadcast:1345 android.content.ContextWrapper.sendBroadcast:377 com.suma.midware.back.esg.e.f:-1 com.suma.midware.back.esg.f.run:-1 com.suma.midware.prop.util.c.run:-1 
10-31 17:38:09.431 D/BackBootDealerNeimeng( 2391): standbyState:
10-31 17:38:09.432 E/NetUtils( 2017): Interface eth0 LinkDown!
10-31 17:38:09.933 D/BackBootDealerNeimeng( 2391): standbyState:
10-31 17:38:09.933 E/NetUtils( 2017): Interface eth0 LinkDown!
10-31 17:38:09.950 I/EthernetNetworkFactory( 2017): updateInterfaceState :the mIface is:eth0iface is wlan0 true
10-31 17:38:09.955 E/WifiAutoJoinController ( 2017): ipanel e4:f3:f5:aa:ad:88 rssi=-43 cap [WPA-PSK-CCMP][WPA2-PSK-CCMP][ESS] is not scored
10-31 17:38:09.955 E/WifiAutoJoinController ( 2017): GDWL 86:79:73:27:8c:19 rssi=-39 cap [WPA-PSK-CCMP][WPA2-PSK-CCMP][ESS] is not scored
10-31 17:38:09.955 E/WifiAutoJoinController ( 2017): GDWL 86:79:73:27:8c:0d rssi=-58 cap [WPA-PSK-CCMP][WPA2-PSK-CCMP][ESS] is not scored
10-31 17:38:09.955 E/WifiAutoJoinController ( 2017): GDWL 86:79:73:27:8c:11 rssi=-64 cap [WPA-PSK-CCMP][WPA2-PSK-CCMP][ESS] is not scored
10-31 17:38:09.955 E/WifiAutoJoinController ( 2017): GDWL 86:79:73:27:8c:1d rssi=-63 cap [WPA-PSK-CCMP][WPA2-PSK-CCMP][ESS] is not scored
10-31 17:38:09.955 E/WifiAutoJoinController ( 2017): TP-LINK_BAF2C2 0c:72:2c:ba:f2:c2 rssi=-68 cap [WPA-PSK-CCMP][WPA2-PSK-CCMP][WPS][ESS] is not scored
10-31 17:38:09.956 E/WifiAutoJoinController ( 2017): GDWL 86:79:73:27:8c:13 rssi=-76 cap [WPA-PSK-CCMP][WPA2-PSK-CCMP][ESS] is not scored
10-31 17:38:09.956 E/WifiAutoJoinController ( 2017): TP-LINK_11AF56 9c:21:6a:11:af:56 rssi=-72 cap [WPA-PSK-CCMP][WPA2-PSK-CCMP][WPS][ESS] is not scored
10-31 17:38:09.956 E/WifiAutoJoinController ( 2017): TOTOLINK_2feec4 f4:28:53:2f:ee:c4 rssi=-72 cap [WPA-PSK-CCMP+TKIP][WPA2-PSK-CCMP+TKIP][WPS][ESS] is not scored
10-31 17:38:09.956 E/WifiAutoJoinController ( 2017): 4lou ec:26:ca:2e:87:1a rssi=-74 cap [WPA-PSK-CCMP][WPA2-PSK-CCMP][ESS] is not scored
10-31 17:38:09.956 E/WifiAutoJoinController ( 2017): WLGS 1c:fa:68:05:a3:5a rssi=-74 cap [WPA-PSK-CCMP][WPA2-PSK-CCMP][WPS][ESS] is not scored
10-31 17:38:09.956 E/WifiAutoJoinController ( 2017): GDWL 86:79:73:27:8c:27 rssi=-76 cap [WPA-PSK-CCMP][WPA2-PSK-CCMP][ESS] is not scored
10-31 17:38:09.956 E/WifiAutoJoinController ( 2017): ChinaNet-UzCV 34:a2:a2:90:9d:c8 rssi=-77 cap [WPA2-PSK-CCMP+TKIP][ESS] is not scored
10-31 17:38:09.957 E/WifiAutoJoinController ( 2017): GDWL 86:79:73:27:8c:2f rssi=-70 cap [WPA-PSK-CCMP][WPA2-PSK-CCMP][ESS] is not scored
10-31 17:38:09.957 E/WifiAutoJoinController ( 2017): CMCC 06:11:b5:17:bd:d5 rssi=-76 cap [WPA-EAP-CCMP+TKIP][WPA2-EAP-CCMP+TKIP][ESS] is not scored
10-31 17:38:09.957 E/WifiAutoJoinController ( 2017):  84:79:73:27:8c:19 rssi=-38 cap [WEP][ESS] is not scored
10-31 17:38:09.957 E/WifiAutoJoinController ( 2017):  84:79:73:27:8c:11 rssi=-64 cap [WEP][ESS] is not scored
10-31 17:38:09.957 E/WifiAutoJoinController ( 2017):  84:79:73:27:8c:1d rssi=-71 cap [WEP][ESS] is not scored
10-31 17:38:09.957 E/WifiAutoJoinController ( 2017):  84:79:73:27:8c:2f rssi=-72 cap [WEP][ESS] is not scored
10-31 17:38:09.957 E/WifiAutoJoinController ( 2017):  84:79:73:27:8c:27 rssi=-74 cap [WEP][ESS] is not scored
10-31 17:38:09.958 E/WifiAutoJoinController ( 2017): MERCURY_EDE4 e4:f3:f5:6a:ed:e4 rssi=-62 cap [ESS] is not scored
10-31 17:38:09.958 E/WifiAutoJoinController ( 2017): CMCC-family 0a:11:b5:17:bd:d5 rssi=-76 cap [ESS] is not scored
10-31 17:38:09.958 E/WifiAutoJoinController ( 2017): CMCC-WEB 00:11:b5:17:bd:d5 rssi=-74 cap [ESS] is not scored
10-31 17:38:09.958 E/WifiAutoJoinController ( 2017): and-Business 0e:11:b5:17:bd:d5 rssi=-76 cap [ESS] is not scored
10-31 17:38:09.958 E/WifiAutoJoinController ( 2017): Office_Net e4:f3:f5:a4:00:c0 rssi=-67 cap [WPA-PSK-CCMP][WPA2-PSK-CCMP][ESS] is not scored
10-31 17:38:09.958 E/WifiAutoJoinController ( 2017): ant b0:41:1d:31:f2:9b rssi=-76 cap [WPA-PSK-CCMP+TKIP][WPA2-PSK-CCMP+TKIP][ESS] is not scored
10-31 17:38:09.959 E/WifiAutoJoinController ( 2017):  84:79:73:27:8c:0d rssi=-58 cap [WEP][ESS] is not scored
10-31 17:38:09.959 E/WifiAutoJoinController ( 2017):  84:79:73:27:8c:13 rssi=-86 cap [WEP][ESS] is not scored
10-31 17:38:09.959 E/WifiAutoJoinController ( 2017):  84:79:73:27:8c:2d rssi=-76 cap [WEP][ESS] is not scored
10-31 17:38:09.959 E/WifiAutoJoinController ( 2017): and-Business 0a:64:c7:2d:cc:89 rssi=-88 cap [ESS] is not scored
10-31 17:38:09.959 E/WifiAutoJoinController ( 2017): ageScanResultsOut delay 40000 size 31 now 1509442689959
10-31 17:38:09.959 E/WifiAutoJoinController ( 2017): newSupplicantResults size=31 known=8 true
10-31 17:38:09.960 E/WifiAutoJoinController ( 2017): attemptAutoJoin() status=bssid=e4:f3:f5:aa:ad:88
10-31 17:38:09.960 E/WifiAutoJoinController ( 2017): freq=2467
10-31 17:38:09.960 E/WifiAutoJoinController ( 2017): ssid=ipanel
10-31 17:38:09.960 E/WifiAutoJoinController ( 2017): id=8
10-31 17:38:09.960 E/WifiAutoJoinController ( 2017): mode=station
10-31 17:38:09.960 E/WifiAutoJoinController ( 2017): pairwise_cipher=CCMP
10-31 17:38:09.960 E/WifiAutoJoinController ( 2017): group_cipher=CCMP
10-31 17:38:09.960 E/WifiAutoJoinController ( 2017): key_mgmt=WPA2-PSK
10-31 17:38:09.960 E/WifiAutoJoinController ( 2017): wpa_state=COMPLETED
10-31 17:38:09.960 E/WifiAutoJoinController ( 2017): ip_address=192.168.1.102
10-31 17:38:09.960 E/WifiAutoJoinController ( 2017): p2p_device_address=4e:0f:c7:c3:27:4b
10-31 17:38:09.960 E/WifiAutoJoinController ( 2017): address=4c:0f:c7:c3:27:4b
10-31 17:38:09.960 E/WifiAutoJoinController ( 2017): uuid=4ed22322-d375-585e-aa05-5d2aae1a3dae split=13
10-31 17:38:09.960 E/WifiAutoJoinController ( 2017): attemptAutoJoin() num recent config 2 current="ipanel"WPA_PSK ---> suppNetId=8
10-31 17:38:09.960 E/WifiAutoJoinController ( 2017): attemptAutoJoin good candidate seen, bumped hard -> status=0 "ipanel"WPA_PSK rssi=(-43,-127) num=(1,0)
10-31 17:38:09.960 E/WifiAutoJoinController ( 2017): attemptAutoJoin skip current candidate  8 key "ipanel"WPA_PSK
10-31 17:38:09.960 E/WifiAutoJoinController ( 2017): attemptAutoJoin good candidate seen, bumped hard -> status=0 "GDWL"WPA_PSK rssi=(-39,-127) num=(7,0)
10-31 17:38:09.960 E/WifiAutoJoinController ( 2017): attemptAutoJoin trying id=3 "GDWL"WPA_PSK status=0
10-31 17:38:09.960 E/WifiAutoJoinController ( 2017): compareNetwork will compare "GDWL"WPA_PSK with current "ipanel"WPA_PSK
10-31 17:38:09.960 E/WifiAutoJoinController ( 2017):     compareWifiConfigurationsRSSI: "ipanel"WPA_PSK rssi=-43,-127 boost=25 "GDWL"WPA_PSK rssi=-39,-127 boost=0
10-31 17:38:09.960 E/WifiAutoJoinController ( 2017):         "ipanel"WPA_PSK is5=false score=-18 "GDWL"WPA_PSK is5=false score=-39
10-31 17:38:09.960 E/WifiAutoJoinController ( 2017):     compareWifiConfigurationsRSSI "ipanel"WPA_PSK rssi=(-43,-127) num=(1,0) > "GDWL"WPA_PSK rssi=(-39,-127) num=(7,0) -> -21
10-31 17:38:09.960 E/WifiAutoJoinController ( 2017): compareWifiConfigurations: "ipanel"WPA_PSK > "GDWL"WPA_PSK order -21
10-31 17:38:09.960 E/WifiAutoJoinController ( 2017): attemptAutoJoin networkSwitching candidate "GDWL"WPA_PSK with current "ipanel"WPA_PSK linked=false : delta=-21  -> not switching
10-31 17:38:09.960 E/WifiAutoJoinController ( 2017): attemptRoam: "ipanel"WPA_PSK Found e4:f3:f5:aa:ad:88 rssi=-43 freq=2467 Current: e4:f3:f5:aa:ad:88
10-31 17:38:09.960 E/WifiAutoJoinController ( 2017): Done attemptAutoJoin status=0
10-31 17:38:09.961 D/WifiAdmin( 2498): [TN_main]dealWifiMsg action=android.net.wifi.SCAN_RESULTS,intent=Intent { act=android.net.wifi.SCAN_RESULTS flg=0x4000010 }
10-31 17:38:09.961 D/WifiAdmin( 2798): [TN_main]dealWifiMsg action=android.net.wifi.SCAN_RESULTS,intent=Intent { act=android.net.wifi.SCAN_RESULTS flg=0x4000010 }
10-31 17:38:10.074 E/storage_operate( 2655): HCDN_LOG: [2017/10/31-17:38:10:074]:[func:GetPgfCapacityChange],[line:76],[oper:get pgf capacity change],[total_space:5364],[free_space:4300]
10-31 17:38:10.074 E/storage_operate( 2655): HCDN_LOG: [2017/10/31-17:38:10:074]:[func:UpdatePgfCapacity],[line:1013],[oper:update pgf capacity],[state:1]
10-31 17:38:10.074 E/storage_operate( 2655): HCDN_LOG: [2017/10/31-17:38:10:074]:[func:UpdateWriteBlockCount],[line:893],[oper:update write count],[new write:0]
10-31 17:38:10.084 E/storage_operate( 2655): HCDN_LOG: [2017/10/31-17:38:10:084]:[func:GetTaskCount],[line:827],[oper:get task count],[state:0],[count:0]
10-31 17:38:10.084 E/storage_operate( 2655): HCDN_LOG: [2017/10/31-17:38:10:084]:[func:GetTaskCount],[line:827],[oper:get task count],[state:0],[count:0]
10-31 17:38:10.084 E/storage_operate( 2655): HCDN_LOG: [2017/10/31-17:38:10:084]:[func:GetTaskCount],[line:827],[oper:get task count],[state:1],[count:0]
10-31 17:38:10.181 W/ContextImpl( 2391): Calling a method in the system process without a qualified user: android.app.ContextImpl.sendBroadcast:1345 android.content.ContextWrapper.sendBroadcast:377 com.suma.midware.back.esg.e.f:-1 com.suma.midware.back.esg.f.run:-1 com.suma.midware.prop.util.c.run:-1 
10-31 17:38:10.390 E/hcdn_downloadengine( 2655): HCDN_LOG: [2017/10/31-17:38:10:390]:HttpDownFile,341     request_url[http://data.video.ptqy.gitv.tv/v.f4v]
10-31 17:38:10.415 E/UGCHttpClient( 2655): HCDN_LOG: [2017/10/31-17:38:10:415]:GetHostByName(data.video.ptqy.gitv.tv) takes 24 ms.
10-31 17:38:10.433 D/BackBootDealerNeimeng( 2391): standbyState:
10-31 17:38:10.434 E/NetUtils( 2017): Interface eth0 LinkDown!
10-31 17:38:10.470 E/UGCHttpClient( 2655): HCDN_LOG: [2017/10/31-17:38:10:470]:connect(data.video.ptqy.gitv.tv) takes 56 ms.
10-31 17:38:10.525 E/UGCHttpClient( 2655): HCDN_LOG: [2017/10/31-17:38:10:525]:GetHostByName(pdata.video.ptqy.gitv.tv) takes 36 ms.
10-31 17:38:10.528 E/hcdn_downloadengine( 2655): HCDN_LOG: [2017/10/31-17:38:10:528]:GetIspProvince,213     http json : {"t":"SCC|NeiMeng-103.230.202.9","m":"1","websock":"1","time":"1509442810","v":"2015-12-22 v3.0.26","l":"http://43.254.170.84/v.f4v?uuid=67e6ca09-59f844fa-4e","z":"huhehaote2_scc"}
10-31 17:38:10.528 E/hcdn_downloadengine( 2655): HCDN_LOG: [2017/10/31-17:38:10:528]:GetData,141,	wstrSaveFile is /storage/sdcard/qcache/config/vodservercfg.blf,
10-31 17:38:10.528 E/hcdn_downloadengine( 2655): HCDN_LOG: [2017/10/31-17:38:10:528]:HttpDownFile,190     request_url[http://policy.video.ptqy.gitv.tv/vodservercfg.blf?su=gxxoyinq35fijfdc7i2f57lmxvoeg65a]
10-31 17:38:10.531 E/UGCHttpClient( 2655): HCDN_LOG: [2017/10/31-17:38:10:531]:GetHostByName(policy.video.ptqy.gitv.tv) takes 3 ms.
10-31 17:38:10.569 E/UGCHttpClient( 2655): HCDN_LOG: [2017/10/31-17:38:10:569]:connect(policy.video.ptqy.gitv.tv) takes 37 ms.
10-31 17:38:10.585 E/UGCHttpClient( 2655): HCDN_LOG: [2017/10/31-17:38:10:585]:connect(pdata.video.ptqy.gitv.tv) takes 59 ms.
10-31 17:38:10.611 E/hcdn_downloadengine( 2655): HCDN_LOG: [2017/10/31-17:38:10:611]:HttpDownFile,234    http return code[304]
10-31 17:38:10.611 E/hcdn_downloadengine( 2655): HCDN_LOG: [2017/10/31-17:38:10:611]:HttpDownFile,258 szFileSavePath = /storage/sdcard/qcache/config/vodservercfg.blf, httpclient.GetDataLength() = 0
10-31 17:38:10.611 E/hcdn_downloadengine( 2655): HCDN_LOG: [2017/10/31-17:38:10:611]:CHttpDownloadFile http download ok!
10-31 17:38:10.611 E/hcdn_downloadengine( 2655): HCDN_LOG: [2017/10/31-17:38:10:611]:HttpDownDcdnConfigFile,382     request_url[http://static.ptqy.gitv.tv/ext/common/hcdncfg.tv.json ]
10-31 17:38:10.670 E/UGCHttpClient( 2655): HCDN_LOG: [2017/10/31-17:38:10:670]:GetHostByName(static.ptqy.gitv.tv) takes 58 ms.
10-31 17:38:10.753 E/UGCHttpClient( 2655): HCDN_LOG: [2017/10/31-17:38:10:753]:connect(static.ptqy.gitv.tv) takes 83 ms.
10-31 17:38:10.836 E/hcdn_downloadengine( 2655): HCDN_LOG: [2017/10/31-17:38:10:836]:HttpDownDcdnConfigFile,438    http return code[304]
10-31 17:38:10.935 D/BackBootDealerNeimeng( 2391): standbyState:
10-31 17:38:10.936 E/NetUtils( 2017): Interface eth0 LinkDown!
10-31 17:38:11.184 W/ContextImpl( 2391): Calling a method in the system process without a qualified user: android.app.ContextImpl.sendBroadcast:1345 android.content.ContextWrapper.sendBroadcast:377 com.suma.midware.back.esg.e.f:-1 com.suma.midware.back.esg.f.run:-1 com.suma.midware.prop.util.c.run:-1 
10-31 17:38:11.436 D/BackBootDealerNeimeng( 2391): standbyState:
10-31 17:38:11.437 E/NetUtils( 2017): Interface eth0 LinkDown!
10-31 17:38:11.937 D/BackBootDealerNeimeng( 2391): standbyState:
10-31 17:38:11.938 E/NetUtils( 2017): Interface eth0 LinkDown!
10-31 17:38:12.439 D/BackBootDealerNeimeng( 2391): standbyState:
10-31 17:38:12.439 E/NetUtils( 2017): Interface eth0 LinkDown!
10-31 17:38:12.940 D/BackBootDealerNeimeng( 2391): standbyState:
10-31 17:38:12.941 E/NetUtils( 2017): Interface eth0 LinkDown!
10-31 17:38:13.085 E/storage_operate( 2655): HCDN_LOG: [2017/10/31-17:38:13:085]:[func:GetTaskCount],[line:827],[oper:get task count],[state:0],[count:0]
10-31 17:38:13.085 E/storage_operate( 2655): HCDN_LOG: [2017/10/31-17:38:13:085]:[func:GetTaskCount],[line:827],[oper:get task count],[state:0],[count:0]
10-31 17:38:13.085 E/storage_operate( 2655): HCDN_LOG: [2017/10/31-17:38:13:085]:[func:GetTaskCount],[line:827],[oper:get task count],[state:1],[count:0]
10-31 17:38:13.441 D/BackBootDealerNeimeng( 2391): standbyState:
10-31 17:38:13.442 E/NetUtils( 2017): Interface eth0 LinkDown!
10-31 17:38:13.572 E/NetUtils( 2017): Interface eth0 LinkDown!
10-31 17:38:13.572 D/SetService( 2798): ispppoeOpen:true:reConnectCount:1
10-31 17:38:13.573 D/PppoeImplTvos( 2798): [TN_Thread-105]getPppoeState pppoeState=2
10-31 17:38:13.573 E/ClassUtil( 2798): [TN_Thread-105]getMethod getDatabaseInterfaceName java.lang.NoSuchMethodException
10-31 17:38:13.574 D/PppoeImplTvos( 2798): [TN_Thread-105]getPppoeConnectState ifaceName=ppp0,result=10
10-31 17:38:13.574 D/SetService( 2798): pppoeState:0:pppoeConnected:false:curActivity:com.suma.midware.setting.net.NetInfoActivity@23ef1537
10-31 17:38:13.577 D/PppoeImplTvos( 2798): [TN_Thread-105]openPppoe timeout=10000
10-31 17:38:13.577 D/PppoeImplTvos( 2798): [TN_Thread-105]getPppoeState pppoeState=2
10-31 17:38:13.578 E/ClassUtil( 2798): [TN_Thread-105]getMethod getDatabaseInterfaceName java.lang.NoSuchMethodException
10-31 17:38:13.579 I/EthernetServiceImpl( 2017): setEthernetState from 1 to 1
10-31 17:38:13.943 D/BackBootDealerNeimeng( 2391): standbyState:
10-31 17:38:13.943 E/NetUtils( 2017): Interface eth0 LinkDown!
10-31 17:38:14.444 D/BackBootDealerNeimeng( 2391): standbyState:
10-31 17:38:14.445 E/NetUtils( 2017): Interface eth0 LinkDown!
10-31 17:38:14.945 D/BackBootDealerNeimeng( 2391): standbyState:
