10-31 17:37:27.136 D/BaseApplication( 3109): [TN_main]onActivitySaveInstanceState activity=com.suma.midware.dvb.play.PlayActivity@40f36bb,outState=Bundle[{android:viewHierarchyState=Bundle[{android:views={16908290=android.view.AbsSavedState$1@27415792, 2131427408=android.view.AbsSavedState$1@27415792, 2131427409=android.view.AbsSavedState$1@27415792, 2131427444=android.view.AbsSavedState$1@27415792, 2131427446=android.view.AbsSavedState$1@27415792, 2131427447=com.suma.midware.view.widget2d.AutoScrollTextView$SavedState@2c6cf563, 2131427448=com.suma.midware.view.widget2d.AutoScrollTextView$SavedState@abad560, 2131427449=android.view.AbsSavedState$1@27415792, 2131427450=android.view.AbsSavedState$1@27415792, 2131427451=android.view.AbsSavedState$1@27415792, 2131427452=android.view.AbsSavedState$1@27415792, 2131427453=android.view.AbsSavedState$1@27415792, 2131427454=android.view.AbsSavedState$1@27415792, 2131427455=android.view.AbsSavedState$1@27415792, 2131427456=android.view.AbsSavedState$1@27415792, 2131427457=android.view.AbsSavedState$1@27415792, 2131427458=android.view.AbsSavedState$1@27415792, 2131427459=android.view.AbsSavedState$1@27415792, 2131427460=android.view.AbsSavedState$1@27415792, 2131427461=android.view.AbsSavedState$1@27415792, 2131427462=android.view.AbsSavedState$1@27415792, 2131427463=android.view.AbsSavedState$1@27415792, 2131427464=android.view.AbsSavedState$1@27415792, 2131427465=android.view.AbsSavedState$1@27415792, 2131427466=android.view.AbsSavedState$1@27415792, 2131427467=android.view.AbsSavedState$1@27415792, 2131427468=android.view.AbsSavedState$1@27415792, 2131427469=android.view.AbsSavedState$1@27415792, 2131427470=android.view.AbsSavedState$1@27415792, 2131427471=android.view.AbsSavedState$1@27415792, 2131427472=android.view.AbsSavedState$1@27415792, 2131427473=android.view.AbsSavedState$1@27415792, 2131427474=android.view.AbsSavedState$1@27415792, 2131427475=android.view.AbsSavedState$1@27415792, 2131427476=android.view.AbsSavedState$1@27415792, 2131427477=android.view.AbsSavedState$1@27415792, 2131427478=android.view.AbsSavedState$1@27415792, 2131427479=android.view.AbsSavedState$1@27415792, 2131427480=android.view.AbsSavedState$1@27415792, 2131427481=android.view.AbsSavedState$1@27415792, 2131427482=android.view.AbsSavedState$1@27415792, 2131427483=android.view.AbsSavedState$1@27415792, 2131427484=android.view.AbsSavedState$1@27415792, 2131427485=android.view.AbsSavedState$1@27415792, 2131427486=android.view.AbsSavedState$1@27415792, 2131427487=android.view.AbsSavedState$1@27415792, 2131427488=android.view.AbsSavedState$1@27415792, 2131427489=android.view.AbsSavedState$1@27415792, 2131427490=android.view.AbsSavedState$1@27415792, 2131427491=android.view.AbsSavedState$1@27415792, 2131427492=android.view.AbsSavedState$1@27415792, 2131427493=android.view.AbsSavedState$1@27415792, 2131427494=android.view.AbsSavedState$1@27415792, 2131427495=android.view.AbsSavedState$1@27415792, 2131427496=android.view.AbsSavedState$1@27415792, 2131427497=android.view.AbsSavedState$1@27415792, 2131427498=android.view.AbsSavedState$1@27415792, 2131427499=android.view.AbsSavedState$1@27415792, 2131427500=android.view.AbsSavedState$1@27415792, 2131427501=android.view.AbsSavedState$1@27415792, 2131427502=android.view.AbsSavedState$1@27415792, 2131427503=android.view.AbsSavedState$1@27415792, 2131427504=android.view.AbsSavedState$1@27415792, 2131427505=android.view.AbsSavedState$1@27415792, 2131427506=android.view.AbsSavedState$1@27415792, 2131427507=android.view.AbsSavedState$1@27415792, 2131427508=android.view.AbsSavedState$1@27415792, 2131427509=android.view.AbsSavedState$1@27415792, 2131427510=android.view.AbsSavedState$1@27415792, 2131427511=android.view.AbsSavedState$1@27415792, 2131427512=android.view.AbsSavedState$1@27415792, 2131427513=android.view.AbsSavedState$1@27415792, 2131427514=android.view.AbsSavedState$1@27415792, 2131427515=android.view.AbsSavedState$1@27415792, 2131427516=android.view.AbsSavedState$1@27415792, 2131427517=android.view.AbsSavedState$1@27415792, 2131427518=android.view.AbsSavedState
10-31 17:37:27.136 D/BaseApplication( 3109): [TN_main]onActivityStopped activity=com.suma.midware.dvb.play.PlayActivity@40f36bb
10-31 17:37:27.138 D/BaseApplication( 3109): [TN_main]onTrimMemory level=80
10-31 17:37:27.143 D/BasicFigure( 2498): [TN_GLThread 73]isDrawFocused relyElement=[BaseElement@3d27edaa]focusScale[1.15]elementAlpha[-1.0]refectAlpha[-1.0]isFocusAble[true]shadowIndex[-1]autoJumpType[-1]uniqueID[54resSize0]rect[NULL]
10-31 17:37:27.143 D/BasicFigure( 2498): [TN_GLThread 73]isDrawFocused basicFigure=com.suma.midware.view.b.c.c@2fe62d9b
10-31 17:37:27.153 D/BasicFigure( 2498): [TN_GLThread 73]isDrawFocused relyElement=[BaseElement@3d27edaa]focusScale[1.15]elementAlpha[-1.0]refectAlpha[-1.0]isFocusAble[true]shadowIndex[-1]autoJumpType[-1]uniqueID[54resSize0]rect[NULL]
10-31 17:37:27.153 D/BasicFigure( 2498): [TN_GLThread 73]isDrawFocused basicFigure=com.suma.midware.view.b.c.c@2fe62d9b
10-31 17:37:27.163 D/BasicFigure( 2498): [TN_GLThread 73]isDrawFocused relyElement=[BaseElement@3d27edaa]focusScale[1.15]elementAlpha[-1.0]refectAlpha[-1.0]isFocusAble[true]shadowIndex[-1]autoJumpType[-1]uniqueID[54resSize0]rect[NULL]
10-31 17:37:27.163 D/BasicFigure( 2498): [TN_GLThread 73]isDrawFocused basicFigure=com.suma.midware.view.b.c.c@2fe62d9b
10-31 17:37:27.179 D/BasicFigure( 2498): [TN_GLThread 73]isDrawFocused relyElement=[BaseElement@3d27edaa]focusScale[1.15]elementAlpha[-1.0]refectAlpha[-1.0]isFocusAble[true]shadowIndex[-1]autoJumpType[-1]uniqueID[54resSize0]rect[NULL]
10-31 17:37:27.180 D/BasicFigure( 2498): [TN_GLThread 73]isDrawFocused basicFigure=com.suma.midware.view.b.c.c@2fe62d9b
10-31 17:37:27.190 D/BasicFigure( 2498): [TN_GLThread 73]isDrawFocused relyElement=[BaseElement@3d27edaa]focusScale[1.15]elementAlpha[-1.0]refectAlpha[-1.0]isFocusAble[true]shadowIndex[-1]autoJumpType[-1]uniqueID[54resSize0]rect[NULL]
10-31 17:37:27.190 D/BasicFigure( 2498): [TN_GLThread 73]isDrawFocused basicFigure=com.suma.midware.view.b.c.c@2fe62d9b
10-31 17:37:27.199 D/BasicFigure( 2498): [TN_GLThread 73]isDrawFocused relyElement=[BaseElement@3d27edaa]focusScale[1.15]elementAlpha[-1.0]refectAlpha[-1.0]isFocusAble[true]shadowIndex[-1]autoJumpType[-1]uniqueID[54resSize0]rect[NULL]
10-31 17:37:27.199 D/BasicFigure( 2498): [TN_GLThread 73]isDrawFocused basicFigure=com.suma.midware.view.b.c.c@2fe62d9b
10-31 17:37:27.210 D/BasicFigure( 2498): [TN_GLThread 73]isDrawFocused relyElement=[BaseElement@3d27edaa]focusScale[1.15]elementAlpha[-1.0]refectAlpha[-1.0]isFocusAble[true]shadowIndex[-1]autoJumpType[-1]uniqueID[54resSize0]rect[NULL]
10-31 17:37:27.210 D/BasicFigure( 2498): [TN_GLThread 73]isDrawFocused basicFigure=com.suma.midware.view.b.c.c@2fe62d9b
10-31 17:37:27.226 D/BasicFigure( 2498): [TN_GLThread 73]isDrawFocused relyElement=[BaseElement@3d27edaa]focusScale[1.15]elementAlpha[-1.0]refectAlpha[-1.0]isFocusAble[true]shadowIndex[-1]autoJumpType[-1]uniqueID[54resSize0]rect[NULL]
10-31 17:37:27.226 D/BasicFigure( 2498): [TN_GLThread 73]isDrawFocused basicFigure=com.suma.midware.view.b.c.c@2fe62d9b
10-31 17:37:27.242 D/BasicFigure( 2498): [TN_GLThread 73]isDrawFocused relyElement=[BaseElement@3d27edaa]focusScale[1.15]elementAlpha[-1.0]refectAlpha[-1.0]isFocusAble[true]shadowIndex[-1]autoJumpType[-1]uniqueID[54resSize0]rect[NULL]
10-31 17:37:27.242 D/BasicFigure( 2498): [TN_GLThread 73]isDrawFocused basicFigure=com.suma.midware.view.b.c.c@2fe62d9b
10-31 17:37:27.259 D/BasicFigure( 2498): [TN_GLThread 73]isDrawFocused relyElement=[BaseElement@3d27edaa]focusScale[1.15]elementAlpha[-1.0]refectAlpha[-1.0]isFocusAble[true]shadowIndex[-1]autoJumpType[-1]uniqueID[54resSize0]rect[NULL]
10-31 17:37:27.259 D/BasicFigure( 2498): [TN_GLThread 73]isDrawFocused basicFigure=com.suma.midware.view.b.c.c@2fe62d9b
10-31 17:37:27.323 D/BackBootDealerNeimeng( 2391): standbyState:
10-31 17:37:27.324 E/NetUtils( 2017): Interface eth0 LinkDown!
10-31 17:37:27.441 D/ChannelHandler( 2498): [TN_main]changeSurfaceView width=1920,rect=[BaseRect@f6841383]x[74.0]y[212.0]z[0.0]xSize[674.0]ySize[379.0]zSize[0.0]xRotation[0.0]yRotation[0.0]zRotation[0.0]xScale[0.0]yScale[0.0]zScale[0.0],displayMetrics=DisplayMetrics{density=1.0, width=1280, height=720, scaledDensity=1.0, xdpi=160.0, ydpi=160.0}
10-31 17:37:27.441 D/PlayNgbDealer( 2391): [TN_Binder_4]findPlayer index=0,findType=1,channelIndex=0
10-31 17:37:27.441 D/PlayNgbDealer( 2391): [TN_Binder_4]setPlayerWindow index=0,playerNum=1,rect=Rect(49, 141 - 498, 393),info=[PlayerInfo@23ef1537]index[0]id[0]userPID[2498]playerState[2]isVideoPlay[false]isAudioPlay[false]isGetting[false]bChannel[[DirectChannel@32501b]channelID[0]oNetID[1]tsID[31]serviceID[3102]freq[371000]name[CCTV-1高清]serviceType[8]attr[24576]serialNum[1]serialNum4[1]pcrPID[49]refServiceID[-1]]retrieverTime[-1]playTime[30036]dataInfo[[DataInfo@3e7ce00d]playUrl[dvb://1.1f.c1e?apid=34&atype=6&vpid=32&vtype=1b&pcrpid=31&freq=371000]rect[Rect(0, 0 - 1280, 720)]channel[[DirectChannel@32501b]channelID[0]oNetID[1]tsID[31]serviceID[3102]freq[371000]name[CCTV-1高清]serviceType[8]attr[24576]serialNum[1]serialNum4[1]pcrPID[49]refServiceID[-1]]]
10-31 17:37:27.441 D/Media   ( 2391): ^^^^player setBounds.
10-31 17:37:27.442 V/SUMA    ( 1582): [NGBM] ngb_media_player_set_video_window enter !!! hplayer=0xff0000
10-31 17:37:27.442 V/PT      ( 1582): >>INFO:rocme_porting_video_set_window:################# u32Width = 1280 
10-31 17:37:27.442 V/PT      ( 1582): >>INFO:rocme_porting_video_set_window:################# u32Height = 720 
10-31 17:37:27.442 V/PT      ( 1582): >>INFO:rocme_porting_video_set_window:################# rect.x_start = 49 
10-31 17:37:27.442 V/PT      ( 1582): >>INFO:rocme_porting_video_set_window:################# rect.y_start = 141 
10-31 17:37:27.442 V/PT      ( 1582): >>INFO:rocme_porting_video_set_window:################# rect.width = 449 
10-31 17:37:27.442 V/PT      ( 1582): >>INFO:rocme_porting_video_set_window:################# rect.height = 252 
10-31 17:37:27.442 V/PT      ( 1582): >>INFO:rocme_porting_video_set_window:################# WinAttr.enDisp = 1 
10-31 17:37:27.442 V/PT      ( 1582): >>INFO:rocme_porting_video_set_window:################# WinAttr.bVirtual = 0 
10-31 17:37:27.442 V/PT      ( 1582): >>INFO:rocme_porting_video_set_window:################# WinAttr.stInputRect.s32X = 0 
10-31 17:37:27.442 V/PT      ( 1582): >>INFO:rocme_porting_video_set_window:################# WinAttr.stInputRect.s32Y = 0 
10-31 17:37:27.442 V/PT      ( 1582): >>INFO:rocme_porting_video_set_window:################# WinAttr.stInputRect.s32Width = 0 
10-31 17:37:27.442 V/PT      ( 1582): >>INFO:rocme_porting_video_set_window:################# WinAttr.stInputRect.s32Height = 0 
10-31 17:37:27.442 V/PT      ( 1582): >>INFO:rocme_porting_video_set_window:################# WinAttr.stOutputRect.s32X = 49 
10-31 17:37:27.442 V/PT      ( 1582): >>INFO:rocme_porting_video_set_window:################# WinAttr.stOutputRect.s32Y = 141 
10-31 17:37:27.442 V/PT      ( 1582): >>INFO:rocme_porting_video_set_window:################# WinAttr.stOutputRect.s32Width = 449 
10-31 17:37:27.442 V/PT      ( 1582): >>INFO:rocme_porting_video_set_window:################# WinAttr.stOutputRect.s32Height = 252 
10-31 17:37:27.453 V/PT      ( 1582): >> HI3798C_INFO:rocme_porting_video_set_window- 
10-31 17:37:27.453 V/PT      ( 1582): SET av_handle = 0x410000 [49,141,449,252] 
10-31 17:37:27.453 V/SUMA    ( 1582): [NGBM] ngb_media_player_set_video_window leave hplayer=0xff0000 ret=0
10-31 17:37:27.454 D/PlayerManager( 2498): [TN_main]addPlayTask playTask=[PlayDirectTask@27f990b3]playTaskType[6]playType[0]playerType[-1]isEcmSet[true]playerIndex[0]tunerIndex[0]channel[[DirectChannel@32501b]channelID[0]oNetID[1]tsID[31]serviceID[3102]freq[371000]name[CCTV-1高清]serviceType[8]attr[24576]serialNum[1]serialNum4[1]pcrPID[49]refServiceID[-1]],state=0
10-31 17:37:27.454 D/PlayExcuter( 2498): [TN_main]notifyPlay type=8,curType=-2,cancelType=-1,cancelVideoType=-1,isResetData=false,task=[PlayDirectTask@27f990b3]playTaskType[6]playType[0]playerType[-1]isEcmSet[true]playerIndex[0]tunerIndex[0]channel[[DirectChannel@32501b]channelID[0]oNetID[1]tsID[31]serviceID[3102]freq[371000]name[CCTV-1高清]serviceType[8]attr[24576]serialNum[1]serialNum4[1]pcrPID[49]refServiceID[-1]],this.task=null,indexs=null
10-31 17:37:27.454 D/PlayExcuter( 2498): [TN_main]mergeTask sourceTask=null,destiTask=[PlayDirectTask@27f990b3]playTaskType[6]playType[0]playerType[-1]isEcmSet[true]playerIndex[0]tunerIndex[0]channel[[DirectChannel@32501b]channelID[0]oNetID[1]tsID[31]serviceID[3102]freq[371000]name[CCTV-1高清]serviceType[8]attr[24576]serialNum[1]serialNum4[1]pcrPID[49]refServiceID[-1]]
10-31 17:37:27.454 D/PlayExcuter( 2498): [TN_ThreadUtil-2]excuteTask task=[PlayDirectTask@27f990b3]playTaskType[6]playType[0]playerType[-1]isEcmSet[true]playerIndex[0]tunerIndex[0]channel[[DirectChannel@32501b]channelID[0]oNetID[1]tsID[31]serviceID[3102]freq[371000]name[CCTV-1高清]serviceType[8]attr[24576]serialNum[1]serialNum4[1]pcrPID[49]refServiceID[-1]]
10-31 17:37:27.454 D/PlayExcuter( 2498): [TN_ThreadUtil-2]excuteTask curExcuter=com.suma.midware.prop.play.PlayDirectExcuter@2ccb5670
10-31 17:37:27.455 D/CustomSurfaceView( 2498): onMeasure widthMeasureSpec:400001c1:heightMeasureSpec:800002d0:width:1280:height:720
10-31 17:37:27.455 D/CustomSurfaceView( 2498): onMeasure width:449:height:720
10-31 17:37:27.455 D/CustomSurfaceView( 2498): onMeasure widthMeasureSpec:400001c1:heightMeasureSpec:400000fc:width:1280:height:720
10-31 17:37:27.455 D/CustomSurfaceView( 2498): onMeasure width:449:height:252
10-31 17:37:27.455 D/CustomSurfaceView( 2498): onMeasure widthMeasureSpec:400001c1:heightMeasureSpec:800002d0:width:1280:height:720
10-31 17:37:27.455 D/CustomSurfaceView( 2498): onMeasure width:449:height:720
10-31 17:37:27.455 D/CustomSurfaceView( 2498): onMeasure widthMeasureSpec:400001c1:heightMeasureSpec:400000fc:width:1280:height:720
10-31 17:37:27.455 D/CustomSurfaceView( 2498): onMeasure width:449:height:252
10-31 17:37:27.474 D/PlayExcuter( 2498): [TN_main]surfaceChanged surface=Surface(name=null)/@0x1dae5881,rect=Rect(49, 141 - 498, 393),curSurface=Surface(name=null)/@0x1dae5881,holder=android.view.SurfaceView$4@360c96b9
10-31 17:37:27.553 D/SysEventBaseDealer( 2391): [TN_ThreadUtil-9]handleEvent event=[SignalEvent@6a154f6]signalState[-1]index[0]channel[null]
10-31 17:37:27.553 D/SysEventBaseDealer( 2391): [TN_ThreadUtil-9]handleSignalEvent signalEvent=[SignalEvent@6a154f6]signalState[-1]index[0]channel[null],channel=null
10-31 17:37:27.553 D/SysEventBaseDealer( 2391): [TN_ThreadUtil-9]handleSignalEvent 0 info=[PlayStateInfo@2f8e7bc8]index[0]signalState[1]caState[-1]caErrCode[0]channel[null]
10-31 17:37:27.554 V/SUMA    ( 1582): [resman-s][onTransact 216]code[0x1200010b] client pid = 2391
10-31 17:37:27.824 D/BackBootDealerNeimeng( 2391): standbyState:
10-31 17:37:27.825 E/NetUtils( 2017): Interface eth0 LinkDown!
10-31 17:37:27.955 D/ir_user ( 1586): PlayerTimeLineTrace:linux_keycode:0x67(DOWN),	protocol: .
10-31 17:37:27.955 V/PT      ( 1582): >>INFO:irkey_task:[      55.150928] /dev/input/event0: type=0001 code=0067 val=00000001
10-31 17:37:27.955 V/PT      ( 1582): >>INFO:irkey_send:0x3001 0x0026 down
10-31 17:37:27.955 V/SUMA    ( 1582): ++++++++++++++  _roc_evtmgr_key_cbk 517:input = 12289, event=38, act=0x100
10-31 17:37:27.955 V/SUMA    ( 1582): lxm:_roc_evtmgr_key_cbk 519 55151
10-31 17:37:27.956 V/SUMA    ( 1582): lxm:_roc_evtmgr_add_evt_into_queue 347 55151
10-31 17:37:27.956 V/SUMA    ( 1582): ===================>> type=0 src=0 evt=38 act=0x100
10-31 17:37:27.956 V/PT      ( 1582): >>INFO:irkey_task:[      55.150928] /dev/input/event0: type=0000 code=0000 val=00000000
10-31 17:37:27.956 V/SUMA    ( 1582): [sysset-s][event_manager_cbk 78]lxm cbid=1, cbk_reg=1, cpid=2452
10-31 17:37:27.956 D/NGBEvent( 2452): ngbEventCallBack type:0 source :38
10-31 17:37:27.956 D/NGBEvent( 2452): [NGBEventManager-JNI]-returning:1
10-31 17:37:27.956 D/NGBEvent( 2452): Input key event: keyCode=38
10-31 17:37:27.956 D/NGBEvent( 2452): src:38 = dest:38
10-31 17:37:27.956 I/System.out( 2452): [DEBUG EventManager] LWJ--Add event to java with evt=NgbEvent-[type = 1, subtype = 401, code = 38]
10-31 17:37:27.957 D/NGBEvent( 2452): [NGBEvent_log]--[EventManager--JNI]:		start
10-31 17:37:27.957 I/System.out( 2452): [DEBUG EventManager] broadcastEvent  :len 1
10-31 17:37:27.957 D/CombineKeyUtil( 2452): [TN_pool-1-thread-1]dealKeyEvent,combineIndex:-1:keyCode:19
10-31 17:37:27.957 D/KeyEventNgbDealer( 2452): [TN_pool-1-thread-1]handleKeyPressed keyEvent=NgbEvent-[type = 1, subtype = 401, code = 38],time=55152
10-31 17:37:27.960 D/RemoteIME( 2349): onKeyDown event = KeyEvent { action=ACTION_DOWN, keyCode=KEYCODE_DPAD_UP, scanCode=103, metaState=0, flags=0x8, repeatCount=0, eventTime=55150, downTime=55150, deviceId=3, source=0x701 },mSkbContainer=null
10-31 17:37:27.962 D/Main3DActivity( 2498): [TN_main]dispatchKeyEvent event=KeyEvent { action=ACTION_DOWN, keyCode=KEYCODE_DPAD_UP, scanCode=103, metaState=0, flags=0x8, repeatCount=0, eventTime=55150, downTime=55150, deviceId=3, source=0x701 },isEventAble=true
10-31 17:37:27.962 D/BasicRootView( 2498): [TN_main]dispatchKeyEvent event=KeyEvent { action=ACTION_DOWN, keyCode=KEYCODE_DPAD_UP, scanCode=103, metaState=0, flags=0x8, repeatCount=0, eventTime=55150, downTime=55150, deviceId=3, source=0x701 },curRootPanel=com.suma.midware.home.third.a.a@395c748b
10-31 17:37:27.962 D/GLRootRenderer( 2498): dispatchKeyEvent event:KeyEvent { action=ACTION_DOWN, keyCode=KEYCODE_DPAD_UP, scanCode=103, metaState=0, flags=0x8, repeatCount=0, eventTime=55150, downTime=55150, deviceId=3, source=0x701 }:lastKeyCode:-1:lastKeyAction:-1:lastkeycount:0:size:0
10-31 17:37:27.963 D/Scene   ( 2498): dispatchKeyEvent event:KeyEvent { action=ACTION_DOWN, keyCode=KEYCODE_DPAD_UP, scanCode=103, metaState=0, flags=0x8, repeatCount=0, eventTime=55150, downTime=55150, deviceId=3, source=0x701 }
10-31 17:37:27.963 D/Scene   ( 2498): dispatchKeyEvent currentFocus = com.suma.midware.view.b.c.p@990e269
10-31 17:37:27.963 D/Scene   ( 2498): dispatchKeyEvent nextFocus:null
10-31 17:37:27.963 D/BasicFigure( 2498): [TN_GLThread 73]dealKeyEvent event=KeyEvent { action=ACTION_DOWN, keyCode=KEYCODE_DPAD_UP, scanCode=103, metaState=0, flags=0x8, repeatCount=0, eventTime=55150, downTime=55150, deviceId=3, source=0x701 }
10-31 17:37:27.965 D/MenuUtil( 2498): [TN_GLThread 73]searchVerticalFigure x=88.0000,y=220.000,width=646.000,height=363.000,excludeObj=com.suma.midware.view.b.c.p@990e269
10-31 17:37:27.966 D/MenuUtil( 2498): [TN_GLThread 73]isAbove y1=105.000,y2=220.000,cube1=890.0,110.0,1.0,cube2=646.0,363.0,1.0,obj3d1=com.suma.midware.view.b.d.b@118a1de9,obj3d2=com.suma.midware.view.b.c.p@990e269
10-31 17:37:27.967 D/MenuUtil( 2498): [TN_GLThread 73]isAbove y1=105.000,y2=105.000,cube1=890.0,110.0,1.0,cube2=890.0,110.0,1.0,obj3d1=com.suma.midware.view.b.d.b@118a1de9,obj3d2=com.suma.midware.view.b.d.b@118a1de9
10-31 17:37:27.967 D/BasicFigure( 2498): [TN_GLThread 73]onFocusLost figure=com.suma.midware.view.b.c.p@990e269
10-31 17:37:27.967 W/BasicRootPanel( 2498): [TN_GLThread 73]switchPanelLight lightFigure null
10-31 17:37:27.967 D/BasicColumn( 2498): [TN_GLThread 73]onFocus isFocus=true,index=0,nextIndex=-1
10-31 17:37:27.967 D/FixedRes( 2498): [TN_GLThread 73]getNineImgRes nineImgSize=2
10-31 17:37:27.967 D/BasicColumn( 2498): [TN_GLThread 73]moveFocus xOffset=151.000,yOffset=139.000
10-31 17:37:27.967 D/BasicColumn( 2498): [TN_GLThread 73]moveFocus width=267.000,height=199.000,curCube=116.0,60.0,1.0,curPosition=-387.0,10.0,0.0,focusScale=1.0,1.0,1.0
10-31 17:37:27.972 D/BasicFigure( 2498): [TN_GLThread 73]isDrawFocused relyElement=[BaseElement@3d27edaa]focusScale[1.15]elementAlpha[-1.0]refectAlpha[-1.0]isFocusAble[true]shadowIndex[-1]autoJumpType[-1]uniqueID[54resSize0]rect[NULL]
10-31 17:37:27.972 D/BasicFigure( 2498): [TN_GLThread 73]isDrawFocused basicFigure=com.suma.midware.view.b.c.c@2fe62d9b
10-31 17:37:27.981 D/TextureManager( 2498): loadTexture name:column_focus:textureID:168:recordSize:null
10-31 17:37:27.991 D/BasicFigure( 2498): [TN_GLThread 73]isDrawFocused relyElement=[BaseElement@3d27edaa]focusScale[1.15]elementAlpha[-1.0]refectAlpha[-1.0]isFocusAble[true]shadowIndex[-1]autoJumpType[-1]uniqueID[54resSize0]rect[NULL]
10-31 17:37:27.991 D/BasicFigure( 2498): [TN_GLThread 73]isDrawFocused basicFigure=com.suma.midware.view.b.c.c@2fe62d9b
10-31 17:37:27.998 W/ResourceType( 2166): No package identifier when getting value for resource number 0x00000000
10-31 17:37:27.998 W/PackageManager( 2166): Failure retrieving resources for com.suma.midware.dvb: Resource ID #0x0
10-31 17:37:28.007 V/SUMA    ( 2391): [cas-c][CA_Manager_GetManufactureInfoSync 2590]enter !!!
10-31 17:37:28.077 E/storage_operate( 2655): HCDN_LOG: [2017/10/31-17:37:28:077]:[func:GetTaskCount],[line:827],[oper:get task count],[state:0],[count:0]
10-31 17:37:28.077 E/storage_operate( 2655): HCDN_LOG: [2017/10/31-17:37:28:077]:[func:GetTaskCount],[line:827],[oper:get task count],[state:0],[count:0]
10-31 17:37:28.078 E/storage_operate( 2655): HCDN_LOG: [2017/10/31-17:37:28:078]:[func:GetTaskCount],[line:827],[oper:get task count],[state:1],[count:0]
10-31 17:37:28.165 D/ir_user ( 1586): PlayerTimeLineTrace:linux_keycode:0x67(UP),	protocol: .
10-31 17:37:28.165 V/PT      ( 1582): >>INFO:irkey_task:[      55.360500] /dev/input/event0: type=0001 code=0067 val=00000000
10-31 17:37:28.165 V/PT      ( 1582): >>INFO:irkey_send:0x3001 0x0026 up  
10-31 17:37:28.165 V/SUMA    ( 1582): ++++++++++++++  _roc_evtmgr_key_cbk 517:input = 12289, event=38, act=0x400
10-31 17:37:28.165 V/SUMA    ( 1582): lxm:_roc_evtmgr_key_cbk 519 55360
10-31 17:37:28.165 V/SUMA    ( 1582): lxm:_roc_evtmgr_add_key_into_queue 311 55360
10-31 17:37:28.165 V/PT      ( 1582): >>INFO:irkey_task:[      55.360500] /dev/input/event0: type=0000 code=0000 val=00000000
10-31 17:37:28.165 V/SUMA    ( 1582): ===================>> type=0 src=0 evt=38 act=0x400
10-31 17:37:28.165 V/SUMA    ( 1582): [sysset-s][event_manager_cbk 78]lxm cbid=1, cbk_reg=1, cpid=2452
10-31 17:37:28.166 D/NGBEvent( 2452): ngbEventCallBack type:0 source :38
10-31 17:37:28.166 D/NGBEvent( 2452): [NGBEventManager-JNI]-returning:1
10-31 17:37:28.166 D/NGBEvent( 2452): Input key event: keyCode=38
10-31 17:37:28.166 D/NGBEvent( 2452): src:38 = dest:38
10-31 17:37:28.166 I/System.out( 2452): [DEBUG EventManager] LWJ--Add event to java with evt=NgbEvent-[type = 1, subtype = 402, code = 38]
10-31 17:37:28.166 I/System.out( 2452): [DEBUG EventManager] broadcastEvent  :len 1
10-31 17:37:28.167 D/KeyEventNgbDealer( 2452): [TN_pool-1-thread-1]handleKeyReleased keyEvent=NgbEvent-[type = 1, subtype = 402, code = 38],time=55362
10-31 17:37:28.167 D/NGBEvent( 2452): [NGBEvent_log]--[EventManager--JNI]:		start
10-31 17:37:28.167 D/RemoteIME( 2349): RemoteIME--> onKeyUp keyCode = 19
10-31 17:37:28.168 D/Main3DActivity( 2498): [TN_main]dispatchKeyEvent event=KeyEvent { action=ACTION_UP, keyCode=KEYCODE_DPAD_UP, scanCode=103, metaState=0, flags=0x8, repeatCount=0, eventTime=55360, downTime=55150, deviceId=3, source=0x701 },isEventAble=true
10-31 17:37:28.168 V/SUMA    ( 2391): [cas-c][CA_Manager_GetManufactureInfoSync 2604]leave !!!
10-31 17:37:28.169 D/CAManagerNative( 2391): getCardInfo.CA_Manager_GetManufactureInfoSync result=0
10-31 17:37:28.234 V/SUMA    ( 1582): >> rocme_porting_[0]tuner[0]_scanning fre = 371000 sym = 6875 qam = 3 ,res_state = 0x1
10-31 17:37:28.234 V/SUMA    ( 1582): [resman-s][dvb_server_resman_event_cbk 1615]enter dvb_server_resman_event_cbk
10-31 17:37:28.234 V/SUMA    ( 1582): [resman-s][dvb_server_resman_event_cbk 1656]leave dvb_server_resman_event_cbk
10-31 17:37:28.234 V/SUMA    ( 1582): >> ROC TNR(0)-EVENT = 0x210002 ROC_RES_TUNER_TUNER_EVT_LOCK_FAILED
10-31 17:37:28.234 D/tuning  ( 2391): ^^^tunerEventCallback is called,  event=210002 
10-31 17:37:28.234 V/SUMA    ( 1582): >> Roc_Tuner_CableScanning end : time = 55430 ms ,total time = 1183 ms 
10-31 17:37:28.234 V/SUMA    ( 1582): [resman-s][onTransact 216]code[0x1200010b] client pid = 2391
10-31 17:37:28.236 E/HI_TUNER( 1582): [ERROR-HI_TUNER]:HI_UNF_TUNER_GetBER[4827]:SIGNAL DROP
10-31 17:37:28.238 E/HI_TUNER( 1582): [ERROR-HI_TUNER]:HI_UNF_TUNER_GetSNR[5131]:SIGNAL DROP
10-31 17:37:28.238 V/PT      ( 1582): >>INFO:rocme_porting_tuner_get_signal_info:u32SNR = 0x0,u32SignalStrength = 0x6
10-31 17:37:28.238 V/PT      ( 1582): >>INFO:rocme_porting_tuner_get_signal_info:base_integer = 0x0,base_decimal = 0x0,exponent = 0x7
10-31 17:37:28.240 V/SUMA    ( 1582): [resman-s][onTransact 1574]leave transact client pid = 2391
10-31 17:37:28.240 I/System.out( 2391): [DEBUG TunerInfo] integer :0
10-31 17:37:28.240 I/System.out( 2391): [DEBUG TunerInfo] berDecimal :0
10-31 17:37:28.240 I/System.out( 2391): [DEBUG TunerInfo] berExp :7
10-31 17:37:28.240 D/SysEventBaseDealer( 2391): [TN_ThreadUtil-9]handleSignalEvent signalType=1
10-31 17:37:28.241 E/HI_TUNER( 1582): [ERROR-HI_TUNER]:HI_UNF_TUNER_GetBER[4827]:SIGNAL DROP
10-31 17:37:28.241 E/WifiStateMachine( 2017): WifiStateMachine CMD_START_SCAN source -2 txSuccessRate=10.53 rxSuccessRate=9.28 targetRoamBSSID=e4:f3:f5:aa:ad:88 RSSI=-44
10-31 17:37:28.241 E/WifiStateMachine( 2017): WifiStateMachine starting scan for "ipanel"WPA_PSK with 2467
10-31 17:37:28.242 E/HI_TUNER( 1582): [ERROR-HI_TUNER]:HI_UNF_TUNER_GetSNR[5131]:SIGNAL DROP
10-31 17:37:28.243 V/PT      ( 1582): >>INFO:rocme_porting_tuner_get_signal_info:u32SNR = 0x0,u32SignalStrength = 0x6
10-31 17:37:28.243 V/PT      ( 1582): >>INFO:rocme_porting_tuner_get_signal_info:base_integer = 0x0,base_decimal = 0x0,exponent = 0x7
10-31 17:37:28.244 V/SUMA    ( 1582): [resman-s][onTransact 1574]leave transact client pid = 2391
10-31 17:37:28.244 D/tuning  ( 2391): ^^^^in tuner callBack. Query result=1,freq=371000
10-31 17:37:28.244 I/System.out( 2391): [DEBUG networkInterface] You see: NI listener's size=1
10-31 17:37:28.244 D/TunerNgbDealer( 2391): [TN_Thread-57]receiveNIEvent event=org.davic.net.tuning.NetworkInterfaceTuningOverEvent[source=class org.davic.net.tuning.NetworkInterfaceTuningOverEvent]
10-31 17:37:28.244 D/TunerNgbDealer( 2391): [TN_Thread-57]receiveNIEvent 0 tunerDes=[TunerDes@8f68708]isLock[false]isReserve[true]nHandle[0]moduleName[null]ni[org.davic.net.tuning.NetworkInterface@264c1ea1]nic[org.ngb.broadcast.dvb.tuning.DvbNetworkInterfaceController@114448c6]ds[[CableDeliverySystem@1544d8dd]freq[371000]fecOuter[0]modulation[3]symbolRate[6875]fecInner[0]]
10-31 17:37:28.290 D/ir_user ( 1586): PlayerTimeLineTrace:linux_keycode:0x67(DOWN),	protocol: .
10-31 17:37:28.291 V/PT      ( 1582): >>INFO:irkey_task:[      55.486192] /dev/input/event0: type=0001 code=0067 val=00000001
10-31 17:37:28.291 V/PT      ( 1582): >>INFO:irkey_send:0x3001 0x0026 down
10-31 17:37:28.291 V/SUMA    ( 1582): ++++++++++++++  _roc_evtmgr_key_cbk 517:input = 12289, event=38, act=0x100
10-31 17:37:28.291 V/SUMA    ( 1582): lxm:_roc_evtmgr_key_cbk 519 55486
10-31 17:37:28.291 V/SUMA    ( 1582): lxm:_roc_evtmgr_add_evt_into_queue 347 55486
10-31 17:37:28.291 V/SUMA    ( 1582): ===================>> type=0 src=0 evt=38 act=0x100
10-31 17:37:28.291 V/PT      ( 1582): >>INFO:irkey_task:[      55.486192] /dev/input/event0: type=0000 code=0000 val=00000000
10-31 17:37:28.291 V/SUMA    ( 1582): [sysset-s][event_manager_cbk 78]lxm cbid=1, cbk_reg=1, cpid=2452
10-31 17:37:28.291 D/NGBEvent( 2452): ngbEventCallBack type:0 source :38
10-31 17:37:28.291 D/NGBEvent( 2452): [NGBEventManager-JNI]-returning:1
10-31 17:37:28.291 D/NGBEvent( 2452): Input key event: keyCode=38
10-31 17:37:28.291 D/NGBEvent( 2452): src:38 = dest:38
10-31 17:37:28.292 I/System.out( 2452): [DEBUG EventManager] LWJ--Add event to java with evt=NgbEvent-[type = 1, subtype = 401, code = 38]
10-31 17:37:28.292 D/NGBEvent( 2452): [NGBEvent_log]--[EventManager--JNI]:		start
10-31 17:37:28.292 I/System.out( 2452): [DEBUG EventManager] broadcastEvent  :len 1
10-31 17:37:28.292 D/CombineKeyUtil( 2452): [TN_pool-1-thread-1]dealKeyEvent,combineIndex:-1:keyCode:19
10-31 17:37:28.292 D/KeyEventNgbDealer( 2452): [TN_pool-1-thread-1]handleKeyPressed keyEvent=NgbEvent-[type = 1, subtype = 401, code = 38],time=55487
10-31 17:37:28.293 D/RemoteIME( 2349): onKeyDown event = KeyEvent { action=ACTION_DOWN, keyCode=KEYCODE_DPAD_UP, scanCode=103, metaState=0, flags=0x8, repeatCount=0, eventTime=55486, downTime=55486, deviceId=3, source=0x701 },mSkbContainer=null
10-31 17:37:28.293 D/Main3DActivity( 2498): [TN_main]dispatchKeyEvent event=KeyEvent { action=ACTION_DOWN, keyCode=KEYCODE_DPAD_UP, scanCode=103, metaState=0, flags=0x8, repeatCount=0, eventTime=55486, downTime=55486, deviceId=3, source=0x701 },isEventAble=true
10-31 17:37:28.293 D/InputEventConsistencyVerifier( 2498): KeyEvent: ACTION_DOWN but key is already down and this event is not a key repeat.
10-31 17:37:28.293 D/InputEventConsistencyVerifier( 2498):   in com.android.internal.policy.impl.PhoneWindow$DecorView{1667699c V.E..... R....... 0,0-1280,720}
10-31 17:37:28.293 D/InputEventConsistencyVerifier( 2498):   0: sent at 55486000000, KeyEvent { action=ACTION_DOWN, keyCode=KEYCODE_DPAD_UP, scanCode=103, metaState=0, flags=0x8, repeatCount=0, eventTime=55486, downTime=55486, deviceId=3, source=0x701 }
10-31 17:37:28.293 D/InputEventConsistencyVerifier( 2498):   -- recent events --
10-31 17:37:28.293 D/InputEventConsistencyVerifier( 2498):   1: sent at 55150000000, KeyEvent { action=ACTION_DOWN, keyCode=KEYCODE_DPAD_UP, scanCode=103, metaState=0, flags=0x8, repeatCount=0, eventTime=55150, downTime=55150, deviceId=3, source=0x701 }
10-31 17:37:28.294 D/BasicRootView( 2498): [TN_main]dispatchKeyEvent event=KeyEvent { action=ACTION_DOWN, keyCode=KEYCODE_DPAD_UP, scanCode=103, metaState=0, flags=0x80000008, repeatCount=0, eventTime=55486, downTime=55486, deviceId=3, source=0x701 },curRootPanel=com.suma.midware.home.third.a.a@395c748b
10-31 17:37:28.294 D/GLRootRenderer( 2498): dispatchKeyEvent event:KeyEvent { action=ACTION_DOWN, keyCode=KEYCODE_DPAD_UP, scanCode=103, metaState=0, flags=0x80000008, repeatCount=0, eventTime=55486, downTime=55486, deviceId=3, source=0x701 }:lastKeyCode:19:lastKeyAction:0:lastkeycount:0:size:0
10-31 17:37:28.294 D/Scene   ( 2498): dispatchKeyEvent event:KeyEvent { action=ACTION_DOWN, keyCode=KEYCODE_DPAD_UP, scanCode=103, metaState=0, flags=0x80000008, repeatCount=0, eventTime=55486, downTime=55486, deviceId=3, source=0x701 }
10-31 17:37:28.294 D/Scene   ( 2498): dispatchKeyEvent currentFocus = com.suma.midware.view.b.d.b@118a1de9
10-31 17:37:28.294 D/Scene   ( 2498): dispatchKeyEvent nextFocus:null
10-31 17:37:28.294 D/BasicColumn( 2498): [TN_GLThread 73]dealKeyEvent event=KeyEvent { action=ACTION_DOWN, keyCode=KEYCODE_DPAD_UP, scanCode=103, metaState=0, flags=0x80000008, repeatCount=0, eventTime=55486, downTime=55486, deviceId=3, source=0x701 }
10-31 17:37:28.296 D/MenuUtil( 2498): [TN_GLThread 73]searchVerticalFigure x=337.000,y=120.000,width=116.000,height=60.0000,excludeObj=null
10-31 17:37:28.296 D/FixedRes( 2498): [TN_GLThread 73]getNineImgRes nineImgSize=2
10-31 17:37:28.297 D/BasicColumn( 2498): [TN_GLThread 73]onFocus isFocus=false,index=0,nextIndex=-1
10-31 17:37:28.297 D/FixedRes( 2498): [TN_GLThread 73]getNineImgRes nineImgSize=2
10-31 17:37:28.298 D/BasicColumn( 2498): [TN_GLThread 73]moveFocus xOffset=151.000,yOffset=139.000
10-31 17:37:28.298 D/BasicFigure( 2498): [TN_GLThread 73]onFocusGain figure=com.suma.midware.view.b.c.c@16ddafa5
10-31 17:37:28.298 D/BasicFigure( 2498): [TN_GLThread 73]onGlobalFocusGain figure=com.suma.midware.view.b.c.c@16ddafa5
10-31 17:37:28.314 D/TextureManager( 2498): loadTexture name:config_global_buton_foc:textureID:169:recordSize:null
10-31 17:37:28.315 D/BasicFigure( 2498): [TN_GLThread 73]isDrawFocused relyElement=[BaseElement@3d27edaa]focusScale[1.15]elementAlpha[-1.0]refectAlpha[-1.0]isFocusAble[true]shadowIndex[-1]autoJumpType[-1]uniqueID[54resSize0]rect[NULL]
10-31 17:37:28.315 D/BasicFigure( 2498): [TN_GLThread 73]isDrawFocused basicFigure=com.suma.midware.view.b.c.c@2fe62d9b
10-31 17:37:28.325 D/BasicFigure( 2498): [TN_GLThread 73]isDrawFocused relyElement=[BaseElement@3d27edaa]focusScale[1.15]elementAlpha[-1.0]refectAlpha[-1.0]isFocusAble[true]shadowIndex[-1]autoJumpType[-1]uniqueID[54resSize0]rect[NULL]
10-31 17:37:28.325 D/BasicFigure( 2498): [TN_GLThread 73]isDrawFocused basicFigure=com.suma.midware.view.b.c.c@2fe62d9b
10-31 17:37:28.325 D/BackBootDealerNeimeng( 2391): standbyState:
10-31 17:37:28.326 E/NetUtils( 2017): Interface eth0 LinkDown!
10-31 17:37:28.382 D/CAManagerNative( 2391): getCardInfo.CA_Manager_GetMotherCardID result=0,motherCardID=0
10-31 17:37:28.382 V/SUMA    ( 2391): [cas-c][CA_Manager_GetAreaInfoSync 2565]enter !!!
10-31 17:37:28.500 D/ir_user ( 1586): PlayerTimeLineTrace:linux_keycode:0x67(UP),	protocol: .
10-31 17:37:28.500 V/PT      ( 1582): >>INFO:irkey_task:[      55.695759] /dev/input/event0: type=0001 code=0067 val=00000000
10-31 17:37:28.500 V/PT      ( 1582): >>INFO:irkey_send:0x3001 0x0026 up  
10-31 17:37:28.500 V/SUMA    ( 1582): ++++++++++++++  _roc_evtmgr_key_cbk 517:input = 12289, event=38, act=0x400
10-31 17:37:28.500 V/SUMA    ( 1582): lxm:_roc_evtmgr_key_cbk 519 55696
10-31 17:37:28.500 V/SUMA    ( 1582): lxm:_roc_evtmgr_add_key_into_queue 311 55696
10-31 17:37:28.501 V/PT      ( 1582): >>INFO:irkey_task:[      55.695759] /dev/input/event0: type=0000 code=0000 val=00000000
10-31 17:37:28.501 V/SUMA    ( 1582): ===================>> type=0 src=0 evt=38 act=0x400
10-31 17:37:28.501 V/SUMA    ( 1582): [sysset-s][event_manager_cbk 78]lxm cbid=1, cbk_reg=1, cpid=2452
10-31 17:37:28.501 D/NGBEvent( 2452): ngbEventCallBack type:0 source :38
10-31 17:37:28.501 D/NGBEvent( 2452): [NGBEventManager-JNI]-returning:1
10-31 17:37:28.501 D/NGBEvent( 2452): Input key event: keyCode=38
10-31 17:37:28.501 D/NGBEvent( 2452): src:38 = dest:38
10-31 17:37:28.501 I/System.out( 2452): [DEBUG EventManager] LWJ--Add event to java with evt=NgbEvent-[type = 1, subtype = 402, code = 38]
10-31 17:37:28.501 D/NGBEvent( 2452): [NGBEvent_log]--[EventManager--JNI]:		start
10-31 17:37:28.502 I/System.out( 2452): [DEBUG EventManager] broadcastEvent  :len 1
10-31 17:37:28.502 D/KeyEventNgbDealer( 2452): [TN_pool-1-thread-1]handleKeyReleased keyEvent=NgbEvent-[type = 1, subtype = 402, code = 38],time=55697
10-31 17:37:28.502 D/RemoteIME( 2349): RemoteIME--> onKeyUp keyCode = 19
10-31 17:37:28.503 D/Main3DActivity( 2498): [TN_main]dispatchKeyEvent event=KeyEvent { action=ACTION_UP, keyCode=KEYCODE_DPAD_UP, scanCode=103, metaState=0, flags=0x8, repeatCount=0, eventTime=55695, downTime=55486, deviceId=3, source=0x701 },isEventAble=true
10-31 17:37:28.605 V/SUMA    ( 1582): >> [CA]rocme_porting_ca_get_area_info_suma: DVTCASTB_GetAreaInfo area_info->card_area = 7000  
10-31 17:37:28.605 V/SUMA    ( 1582): >> [CA]rocme_porting_ca_get_area_info_suma: DVTCASTB_GetAreaInfo area_info->set_card_area_time = 1506507111  
10-31 17:37:28.605 V/SUMA    ( 1582): >> [CA]rocme_porting_ca_get_area_info_suma: DVTCASTB_GetAreaInfo area_info->start_flag = 0  
10-31 17:37:28.605 V/SUMA    ( 1582): >> [CA]rocme_porting_ca_get_area_info_suma: DVTCASTB_GetAreaInfo area_info->set_flag_time = 0  
10-31 17:37:28.605 V/SUMA    ( 2391): [cas-c][CA_Manager_GetAreaInfoSync 2580]leave !!!
10-31 17:37:28.605 D/CAManagerNative( 2391): getCardInfo.CA_Manager_GetAreaInfoSync result=0
10-31 17:37:28.605 D/CAManagerNative( 2391): getCardInfo card_area=7000,card_area_time=0
10-31 17:37:28.605 V/SUMA    ( 2391): [cas-c][CA_Manager_GetCAProvider 922]enter !!!
10-31 17:37:28.605 V/SUMA    ( 2391): [cas-c][CA_Manager_GetCAProvider 936]leave !!!
10-31 17:37:28.605 D/CAManagerNative( 2391): CA_Manager_GetCAProvider result : 0
10-31 17:37:28.605 D/CAManagerNative( 2391): CA_Manager_GetCAProvider provider : 0
10-31 17:37:28.605 I/System.out( 2391): [DEBUG CAManager] isCardPresent manufactureID=0,cardID=31666269,serialNum=8150010316662691
10-31 17:37:28.605 D/CaNgbDealer( 2391): [TN_Binder_2]isCardInsert isInsert=true
10-31 17:37:28.613 D/CaNgbDealer( 2391): [TN_Binder_4]getCaCardInfo res=[I@26d850f7,isCache=false
10-31 17:37:28.614 V/SUMA    ( 2391): [cas-c][CA_Manager_GetManufactureInfoSync 2590]enter !!!
10-31 17:37:28.775 V/SUMA    ( 2391): [cas-c][CA_Manager_GetManufactureInfoSync 2604]leave !!!
10-31 17:37:28.775 D/CAManagerNative( 2391): getCardInfo.CA_Manager_GetManufactureInfoSync result=0
10-31 17:37:28.826 D/BackBootDealerNeimeng( 2391): standbyState:
10-31 17:37:28.827 E/NetUtils( 2017): Interface eth0 LinkDown!
10-31 17:37:28.847 D/ir_user ( 1586): PlayerTimeLineTrace:linux_keycode:0x6a(DOWN),	protocol: .
10-31 17:37:28.847 V/PT      ( 1582): >>INFO:irkey_task:[      56.042926] /dev/input/event0: type=0001 code=006a val=00000001
10-31 17:37:28.847 V/PT      ( 1582): >>INFO:irkey_send:0x3001 0x0027 down
10-31 17:37:28.847 V/SUMA    ( 1582): ++++++++++++++  _roc_evtmgr_key_cbk 517:input = 12289, event=39, act=0x100
10-31 17:37:28.847 V/SUMA    ( 1582): lxm:_roc_evtmgr_key_cbk 519 56043
10-31 17:37:28.848 V/SUMA    ( 1582): lxm:_roc_evtmgr_add_evt_into_queue 347 56043
10-31 17:37:28.848 V/PT      ( 1582): >>INFO:irkey_task:[      56.042926] /dev/input/event0: type=0000 code=0000 val=00000000
10-31 17:37:28.848 V/SUMA    ( 1582): ===================>> type=0 src=0 evt=39 act=0x100
10-31 17:37:28.848 V/SUMA    ( 1582): [sysset-s][event_manager_cbk 78]lxm cbid=1, cbk_reg=1, cpid=2452
10-31 17:37:28.848 D/NGBEvent( 2452): ngbEventCallBack type:0 source :39
10-31 17:37:28.848 D/NGBEvent( 2452): [NGBEventManager-JNI]-returning:1
10-31 17:37:28.848 D/NGBEvent( 2452): Input key event: keyCode=39
10-31 17:37:28.848 D/NGBEvent( 2452): src:39 = dest:39
10-31 17:37:28.849 I/System.out( 2452): [DEBUG EventManager] LWJ--Add event to java with evt=NgbEvent-[type = 1, subtype = 401, code = 39]
10-31 17:37:28.849 D/NGBEvent( 2452): [NGBEvent_log]--[EventManager--JNI]:		start
10-31 17:37:28.849 I/System.out( 2452): [DEBUG EventManager] broadcastEvent  :len 1
10-31 17:37:28.849 D/CombineKeyUtil( 2452): [TN_pool-1-thread-1]dealKeyEvent,combineIndex:-1:keyCode:22
10-31 17:37:28.849 D/KeyEventNgbDealer( 2452): [TN_pool-1-thread-1]handleKeyPressed keyEvent=NgbEvent-[type = 1, subtype = 401, code = 39],time=56044
10-31 17:37:28.850 D/RemoteIME( 2349): onKeyDown event = KeyEvent { action=ACTION_DOWN, keyCode=KEYCODE_DPAD_RIGHT, scanCode=106, metaState=0, flags=0x8, repeatCount=0, eventTime=56042, downTime=56042, deviceId=3, source=0x701 },mSkbContainer=null
10-31 17:37:28.850 D/Main3DActivity( 2498): [TN_main]dispatchKeyEvent event=KeyEvent { action=ACTION_DOWN, keyCode=KEYCODE_DPAD_RIGHT, scanCode=106, metaState=0, flags=0x8, repeatCount=0, eventTime=56042, downTime=56042, deviceId=3, source=0x701 },isEventAble=true
10-31 17:37:28.851 D/BasicRootView( 2498): [TN_main]dispatchKeyEvent event=KeyEvent { action=ACTION_DOWN, keyCode=KEYCODE_DPAD_RIGHT, scanCode=106, metaState=0, flags=0x8, repeatCount=0, eventTime=56042, downTime=56042, deviceId=3, source=0x701 },curRootPanel=com.suma.midware.home.third.a.a@395c748b
10-31 17:37:28.851 D/GLRootRenderer( 2498): dispatchKeyEvent event:KeyEvent { action=ACTION_DOWN, keyCode=KEYCODE_DPAD_RIGHT, scanCode=106, metaState=0, flags=0x8, repeatCount=0, eventTime=56042, downTime=56042, deviceId=3, source=0x701 }:lastKeyCode:19:lastKeyAction:0:lastkeycount:1:size:0
10-31 17:37:28.851 D/Scene   ( 2498): dispatchKeyEvent event:KeyEvent { action=ACTION_DOWN, keyCode=KEYCODE_DPAD_RIGHT, scanCode=106, metaState=0, flags=0x8, repeatCount=0, eventTime=56042, downTime=56042, deviceId=3, source=0x701 }
10-31 17:37:28.851 D/Scene   ( 2498): dispatchKeyEvent currentFocus = com.suma.midware.view.b.c.c@16ddafa5
10-31 17:37:28.851 D/Scene   ( 2498): dispatchKeyEvent nextFocus:null
10-31 17:37:28.852 D/BasicFigure( 2498): [TN_GLThread 73]dealKeyEvent event=KeyEvent { action=ACTION_DOWN, keyCode=KEYCODE_DPAD_RIGHT, scanCode=106, metaState=0, flags=0x8, repeatCount=0, eventTime=56042, downTime=56042, deviceId=3, source=0x701 }
10-31 17:37:28.853 D/MenuUtil( 2498): [TN_GLThread 73]searchHorizontalFigure x=1354.00,y=3.00000,width=180.000,height=134.000,excludeObj=com.suma.midware.view.b.c.c@16ddafa5
10-31 17:37:28.853 D/BasicFigure( 2498): [TN_GLThread 73]dealLeftRight obj3d=com.suma.midware.view.b.c.c@224f8388,obj3dSize=6,basicPanel=null
10-31 17:37:28.854 D/BasicFigure( 2498): [TN_GLThread 73]onFocusLost figure=com.suma.midware.view.b.c.c@16ddafa5
10-31 17:37:28.854 D/BasicFigure( 2498): [TN_GLThread 73]onGlobalFocusLost figure=com.suma.midware.view.b.c.c@16ddafa5
10-31 17:37:28.854 D/BasicFigure( 2498): [TN_GLThread 73]onFocusGain figure=com.suma.midware.view.b.c.c@224f8388
10-31 17:37:28.854 D/BasicFigure( 2498): [TN_GLThread 73]onGlobalFocusGain figure=com.suma.midware.view.b.c.c@224f8388
10-31 17:37:28.866 D/BasicFigure( 2498): [TN_GLThread 73]isDrawFocused relyElement=[BaseElement@3d27edaa]focusScale[1.15]elementAlpha[-1.0]refectAlpha[-1.0]isFocusAble[true]shadowIndex[-1]autoJumpType[-1]uniqueID[54resSize0]rect[NULL]
10-31 17:37:28.866 D/BasicFigure( 2498): [TN_GLThread 73]isDrawFocused basicFigure=com.suma.midware.view.b.c.c@2fe62d9b
10-31 17:37:28.876 D/BasicFigure( 2498): [TN_GLThread 73]isDrawFocused relyElement=[BaseElement@3d27edaa]focusScale[1.15]elementAlpha[-1.0]refectAlpha[-1.0]isFocusAble[true]shadowIndex[-1]autoJumpType[-1]uniqueID[54resSize0]rect[NULL]
10-31 17:37:28.876 D/BasicFigure( 2498): [TN_GLThread 73]isDrawFocused basicFigure=com.suma.midware.view.b.c.c@2fe62d9b
10-31 17:37:28.977 I/EthernetNetworkFactory( 2017): updateInterfaceState :the mIface is:eth0iface is wlan0 true
10-31 17:37:28.988 D/CAManagerNative( 2391): getCardInfo.CA_Manager_GetMotherCardID result=0,motherCardID=0
10-31 17:37:28.989 V/SUMA    ( 2391): [cas-c][CA_Manager_GetAreaInfoSync 2565]enter !!!
10-31 17:37:28.999 E/WifiAutoJoinController ( 2017): ipanel e4:f3:f5:aa:ad:88 rssi=-42 cap [WPA-PSK-CCMP][WPA2-PSK-CCMP][ESS] is not scored
10-31 17:37:29.000 E/WifiAutoJoinController ( 2017): GDWL 86:79:73:27:8c:19 rssi=-39 cap [WPA-PSK-CCMP][WPA2-PSK-CCMP][ESS] is not scored
10-31 17:37:29.001 E/WifiAutoJoinController ( 2017): GDWL 86:79:73:27:8c:0d rssi=-56 cap [WPA-PSK-CCMP][WPA2-PSK-CCMP][ESS] is not scored
10-31 17:37:29.001 E/WifiAutoJoinController ( 2017): GDWL 86:79:73:27:8c:11 rssi=-62 cap [WPA-PSK-CCMP][WPA2-PSK-CCMP][ESS] is not scored
10-31 17:37:29.002 E/WifiAutoJoinController ( 2017): GDWL 86:79:73:27:8c:1d rssi=-66 cap [WPA-PSK-CCMP][WPA2-PSK-CCMP][ESS] is not scored
10-31 17:37:29.002 E/WifiAutoJoinController ( 2017): TP-LINK_BAF2C2 0c:72:2c:ba:f2:c2 rssi=-68 cap [WPA-PSK-CCMP][WPA2-PSK-CCMP][WPS][ESS] is not scored
10-31 17:37:29.003 E/WifiAutoJoinController ( 2017): GDWL 86:79:73:27:8c:13 rssi=-72 cap [WPA-PSK-CCMP][WPA2-PSK-CCMP][ESS] is not scored
10-31 17:37:29.003 E/WifiAutoJoinController ( 2017): TP-LINK_11AF56 9c:21:6a:11:af:56 rssi=-71 cap [WPA-PSK-CCMP][WPA2-PSK-CCMP][WPS][ESS] is not scored
10-31 17:37:29.004 E/WifiAutoJoinController ( 2017): TOTOLINK_2feec4 f4:28:53:2f:ee:c4 rssi=-73 cap [WPA-PSK-CCMP+TKIP][WPA2-PSK-CCMP+TKIP][WPS][ESS] is not scored
10-31 17:37:29.004 E/WifiAutoJoinController ( 2017): 4lou ec:26:ca:2e:87:1a rssi=-74 cap [WPA-PSK-CCMP][WPA2-PSK-CCMP][ESS] is not scored
10-31 17:37:29.005 E/WifiAutoJoinController ( 2017): WLGS 1c:fa:68:05:a3:5a rssi=-74 cap [WPA-PSK-CCMP][WPA2-PSK-CCMP][WPS][ESS] is not scored
10-31 17:37:29.006 E/WifiAutoJoinController ( 2017): GDWL 86:79:73:27:8c:27 rssi=-76 cap [WPA-PSK-CCMP][WPA2-PSK-CCMP][ESS] is not scored
10-31 17:37:29.006 E/WifiAutoJoinController ( 2017): ChinaNet-UzCV 34:a2:a2:90:9d:c8 rssi=-77 cap [WPA2-PSK-CCMP+TKIP][ESS] is not scored
10-31 17:37:29.007 E/WifiAutoJoinController ( 2017): GDWL 86:79:73:27:8c:2f rssi=-72 cap [WPA-PSK-CCMP][WPA2-PSK-CCMP][ESS] is not scored
10-31 17:37:29.007 E/WifiAutoJoinController ( 2017): CMCC 06:11:b5:17:bd:d5 rssi=-76 cap [WPA-EAP-CCMP+TKIP][WPA2-EAP-CCMP+TKIP][ESS] is not scored
10-31 17:37:29.008 E/WifiAutoJoinController ( 2017): Domywifi 14:3d:f2:79:4b:3c rssi=-82 cap [WPA2-PSK-CCMP+TKIP][ESS] is not scored
10-31 17:37:29.009 E/WifiAutoJoinController ( 2017):  84:79:73:27:8c:19 rssi=-48 cap [WEP][ESS] is not scored
10-31 17:37:29.009 E/WifiAutoJoinController ( 2017):  84:79:73:27:8c:11 rssi=-62 cap [WEP][ESS] is not scored
10-31 17:37:29.010 E/WifiAutoJoinController ( 2017):  84:79:73:27:8c:1d rssi=-68 cap [WEP][ESS] is not scored
10-31 17:37:29.011 E/WifiAutoJoinController ( 2017):  84:79:73:27:8c:2f rssi=-72 cap [WEP][ESS] is not scored
10-31 17:37:29.011 E/WifiAutoJoinController ( 2017):  84:79:73:27:8c:27 rssi=-74 cap [WEP][ESS] is not scored
10-31 17:37:29.012 E/WifiAutoJoinController ( 2017): MERCURY_EDE4 e4:f3:f5:6a:ed:e4 rssi=-67 cap [ESS] is not scored
10-31 17:37:29.012 E/WifiAutoJoinController ( 2017): CMCC-family 0a:11:b5:17:bd:d5 rssi=-72 cap [ESS] is not scored
10-31 17:37:29.013 E/WifiAutoJoinController ( 2017): CMCC-WEB 00:11:b5:17:bd:d5 rssi=-74 cap [ESS] is not scored
10-31 17:37:29.013 E/WifiAutoJoinController ( 2017): and-Business 0e:11:b5:17:bd:d5 rssi=-75 cap [ESS] is not scored
10-31 17:37:29.014 E/WifiAutoJoinController ( 2017): Office_Net e4:f3:f5:a4:00:c0 rssi=-67 cap [WPA-PSK-CCMP][WPA2-PSK-CCMP][ESS] is not scored
10-31 17:37:29.015 E/WifiAutoJoinController ( 2017): ant b0:41:1d:31:f2:9b rssi=-76 cap [WPA-PSK-CCMP+TKIP][WPA2-PSK-CCMP+TKIP][ESS] is not scored
10-31 17:37:29.015 E/WifiAutoJoinController ( 2017):  84:79:73:27:8c:0d rssi=-52 cap [WEP][ESS] is not scored
10-31 17:37:29.016 E/WifiAutoJoinController ( 2017):  84:79:73:27:8c:13 rssi=-86 cap [WEP][ESS] is not scored
10-31 17:37:29.016 E/WifiAutoJoinController ( 2017): ageScanResultsOut delay 40000 size 29 now 1509442649016
10-31 17:37:29.017 E/WifiAutoJoinController ( 2017): newSupplicantResults size=29 known=8 true
10-31 17:37:29.018 E/WifiAutoJoinController ( 2017): attemptAutoJoin() status=bssid=e4:f3:f5:aa:ad:88
10-31 17:37:29.018 E/WifiAutoJoinController ( 2017): freq=2467
10-31 17:37:29.018 E/WifiAutoJoinController ( 2017): ssid=ipanel
10-31 17:37:29.018 E/WifiAutoJoinController ( 2017): id=8
10-31 17:37:29.018 E/WifiAutoJoinController ( 2017): mode=station
10-31 17:37:29.018 E/WifiAutoJoinController ( 2017): pairwise_cipher=CCMP
10-31 17:37:29.018 E/WifiAutoJoinController ( 2017): group_cipher=CCMP
10-31 17:37:29.018 E/WifiAutoJoinController ( 2017): key_mgmt=WPA2-PSK
10-31 17:37:29.018 E/WifiAutoJoinController ( 2017): wpa_state=COMPLETED
10-31 17:37:29.018 E/WifiAutoJoinController ( 2017): ip_address=192.168.1.102
10-31 17:37:29.018 E/WifiAutoJoinController ( 2017): p2p_device_address=4e:0f:c7:c3:27:4b
10-31 17:37:29.018 E/WifiAutoJoinController ( 2017): address=4c:0f:c7:c3:27:4b
10-31 17:37:29.018 E/WifiAutoJoinController ( 2017): uuid=4ed22322-d375-585e-aa05-5d2aae1a3dae split=13
10-31 17:37:29.018 E/WifiAutoJoinController ( 2017): attemptAutoJoin() num recent config 2 current="ipanel"WPA_PSK ---> suppNetId=8
10-31 17:37:29.018 E/WifiAutoJoinController ( 2017): attemptAutoJoin good candidate seen, bumped hard -> status=0 "ipanel"WPA_PSK rssi=(-42,-127) num=(1,0)
10-31 17:37:29.019 E/WifiAutoJoinController ( 2017): attemptAutoJoin skip current candidate  8 key "ipanel"WPA_PSK
10-31 17:37:29.019 E/WifiAutoJoinController ( 2017): attemptAutoJoin good candidate seen, bumped hard -> status=0 "GDWL"WPA_PSK rssi=(-39,-127) num=(7,0)
10-31 17:37:29.019 E/WifiAutoJoinController ( 2017): attemptAutoJoin trying id=3 "GDWL"WPA_PSK status=0
10-31 17:37:29.019 E/WifiAutoJoinController ( 2017): compareNetwork will compare "GDWL"WPA_PSK with current "ipanel"WPA_PSK
10-31 17:37:29.019 E/WifiAutoJoinController ( 2017):     compareWifiConfigurationsRSSI: "ipanel"WPA_PSK rssi=-42,-127 boost=25 "GDWL"WPA_PSK rssi=-39,-127 boost=0
10-31 17:37:29.019 E/WifiAutoJoinController ( 2017):         "ipanel"WPA_PSK is5=false score=-17 "GDWL"WPA_PSK is5=false score=-39
10-31 17:37:29.019 E/WifiAutoJoinController ( 2017):     compareWifiConfigurationsRSSI "ipanel"WPA_PSK rssi=(-42,-127) num=(1,0) > "GDWL"WPA_PSK rssi=(-39,-127) num=(7,0) -> -22
10-31 17:37:29.019 E/WifiAutoJoinController ( 2017): compareWifiConfigurations: "ipanel"WPA_PSK > "GDWL"WPA_PSK order -22
10-31 17:37:29.019 E/WifiAutoJoinController ( 2017): attemptAutoJoin networkSwitching candidate "GDWL"WPA_PSK with current "ipanel"WPA_PSK linked=false : delta=-22  -> not switching
10-31 17:37:29.019 E/WifiAutoJoinController ( 2017): attemptRoam: "ipanel"WPA_PSK Found e4:f3:f5:aa:ad:88 rssi=-42 freq=2467 Current: e4:f3:f5:aa:ad:88
10-31 17:37:29.019 E/WifiAutoJoinController ( 2017): Done attemptAutoJoin status=0
10-31 17:37:29.045 D/ir_user ( 1586): PlayerTimeLineTrace:linux_keycode:0x6a(UP),	protocol: .
10-31 17:37:29.045 V/PT      ( 1582): >>INFO:irkey_task:[      56.240652] /dev/input/event0: type=0001 code=006a val=00000000
10-31 17:37:29.045 V/PT      ( 1582): >>INFO:irkey_send:0x3001 0x0027 up  
10-31 17:37:29.045 V/SUMA    ( 1582): ++++++++++++++  _roc_evtmgr_key_cbk 517:input = 12289, event=39, act=0x400
10-31 17:37:29.045 V/SUMA    ( 1582): lxm:_roc_evtmgr_key_cbk 519 56240
10-31 17:37:29.045 V/SUMA    ( 1582): lxm:_roc_evtmgr_add_key_into_queue 311 56240
10-31 17:37:29.045 V/PT      ( 1582): >>INFO:irkey_task:[      56.240652] /dev/input/event0: type=0000 code=0000 val=00000000
10-31 17:37:29.045 V/SUMA    ( 1582): ===================>> type=0 src=0 evt=39 act=0x400
10-31 17:37:29.045 V/SUMA    ( 1582): [sysset-s][event_manager_cbk 78]lxm cbid=1, cbk_reg=1, cpid=2452
