11-01 11:39:13.718 D/[cc]LayerTreeHost( 4774): [SetNeedsCommit] SetNeedsCommit!this:0x9f466340
11-01 11:39:13.718 D/[cc]LayerTreeHost( 4774): [SetNeedsCommit] SetNeedsCommit!this:0x9f466340
11-01 11:39:13.718 D/[cc]LayerTreeHost( 4774): [SetNeedsCommit] SetNeedsCommit!this:0x9f466340
11-01 11:39:13.718 D/[cc]LayerTreeHost( 4774): [SetNeedsCommit] SetNeedsCommit!this:0x9f466340
11-01 11:39:13.718 D/[cc]LayerTreeHost( 4774): [SetNeedsCommit] SetNeedsCommit!this:0x9f466340
11-01 11:39:13.718 D/[cc]LayerTreeHost( 4774): [SetNeedsCommit] SetNeedsCommit!this:0x9f466340
11-01 11:39:13.718 D/[cc]LayerTreeHost( 4774): [SetNeedsCommit] SetNeedsCommit!this:0x9f466340
11-01 11:39:13.718 D/[cc]LayerTreeHost( 4774): [SetNeedsCommit] SetNeedsCommit!this:0x9f466340
11-01 11:39:13.718 D/[cc]LayerTreeHost( 4774): [SetNeedsCommit] SetNeedsCommit!this:0x9f466340
11-01 11:39:13.718 D/[cc]LayerTreeHost( 4774): [SetNeedsCommit] SetNeedsCommit!this:0x9f466340
11-01 11:39:13.720 D/[blink]FrameView( 4774): [updateLifecyclePhasesInternal] end... this:0x2ba0a520
11-01 11:39:13.721 D/webcoreBridge( 4774): #4810 execJS frameName='eventFrame' jscore='iPanel.dispatchMessage(32774,5974,1);'
11-01 11:39:13.721 D/webcoreBridge( 4774): execJS-->frame:0x29701a48 focusFrame=0x29709820 focusFrame.script=0x4f9a5f18
11-01 11:39:13.721 D/webcoreBridge( 4774): execJS-->executeScript frame=0x29701a48 script=0x4f9a1988
11-01 11:39:13.721 D/ScriptController( 4774): [executeScriptAndReturnValue] [V8] evaluate Script start. frame=0x29701a48 url= line=1. source length=37
11-01 11:39:13.723 D/iPanel  ( 4774): iPanel.debug("dispatchMessage:msg: 32774,5974,1")
11-01 11:39:13.723 D/iPanel  ( 4774): get getFocusedOrMainFrame
11-01 11:39:13.723 D/iPanel  ( 4774): getFrameByName 'eventFrame' frame=0x29701a48 window=0x297026f8
11-01 11:39:13.723 D/iPanel  ( 4774): getFrameByName 'mainFrame' frame=0x29709820 window=0x2982c2c0
11-01 11:39:13.724 D/iPanel  ( 4774): iPanel.debug("dispatchMessage:iPanel.getFocusedOrMainFrame = http://10.14.41.246/application/shfw/index.htm")
11-01 11:39:13.724 D/iPanel  ( 4774): iPanel.debug("dispatchMessage:frame num: 2, keyEvent:system")
11-01 11:39:13.724 D/iPanel  ( 4774): iPanel.debug("dispatchMessage:#2. proc event 5974. url: http://10.14.41.246/application/shfw/index.htm")
11-01 11:39:13.724 D/iPanel  ( 4774): iPanel.debug("w=[object Window], document=[object HTMLDocument], keyCode=5974, modifiers=1, keyEvent=system")
11-01 11:39:13.727 D/ChromeClientImpl( 4774): [addMessageToConsole] [LOG:CONSOLE(32)] "index keycode=EIS_MISC_HTML_OPEN_FINISHED", source:http://10.14.41.246/application/shfw/js/common.js (32)
11-01 11:39:13.727 D/iPanel  ( 4774): iPanel.debug("ret: true")
11-01 11:39:13.728 D/iPanel  ( 4774): iPanel.debug("dispatchMessage:#1. proc event 5974. url: ui:///eventpage.htm?ipanelcmd-name=eventFrame&script=ui:///ipanel.js")
11-01 11:39:13.728 D/iPanel  ( 4774): iPanel.debug("w=[object Window], document=[object HTMLDocument], keyCode=5974, modifiers=1, keyEvent=system")
11-01 11:39:13.728 D/iPanel  ( 4774): iPanel.debug("eventpage grabEvent")
11-01 11:39:13.728 D/iPanel  ( 4774): getFrameByName 'mainFrame' frame=0x29709820 window=0x2982c2c0
11-01 11:39:13.728 D/iPanel  ( 4774): iPanel.debug("--zjh-- url = http://10.14.41.246/application/shfw/index.htm  keycode = 5974")
11-01 11:39:13.728 D/iPanel  ( 4774): iPanel.debug("eventpage.htm args.type==true")
11-01 11:39:13.728 D/iPanel  ( 4774): iPanel.debug("eventpage grabEvent eventObj==[object Object]")
11-01 11:39:13.728 D/iPanel  ( 4774): iPanel.debug("eventpage eventObj.code = EIS_MISC_HTML_OPEN_FINISHED")
11-01 11:39:13.728 D/iPanel  ( 4774): iPanel.debug("eventpage keyValue = 5974--p2:1")
11-01 11:39:13.728 D/ChromeClientImpl( 4774): [addMessageToConsole] [LOG:CONSOLE(643)] "eventHandler---keycode==5974,p2=1", source:ui:///mediaPlayer.js (643)
11-01 11:39:13.728 D/iPanel  ( 4774): iPanel.debug("ret: 0")
11-01 11:39:13.728 D/iPanel  ( 4774): iPanel.debug("dispatchMessage:end")
11-01 11:39:13.728 D/ScriptController( 4774): [executeScriptAndReturnValue] [V8] evaluate Script end. frame=0x29701a48 
11-01 11:39:13.728 D/webcoreBridge( 4774): execJS-->executeScript frame=0x29701a48 end.
11-01 11:39:13.765 D/[blink]DOMTimer( 4774): [fired] 0x2ba0a4b0 timeout fired.
11-01 11:39:13.765 D/ScriptController( 4774): [executeScriptAndReturnValue] [V8] evaluate Script start. frame=0x29701a48 url= line=1. source length=22
11-01 11:39:13.765 D/iPanel  ( 4774): iPanel.debug("checkOverlayCreated")
11-01 11:39:13.765 D/[blink]DOMTimer( 4774): [DOMTimer] 0x2ba0cac8 setTimeout 300ms, repeat:0.
11-01 11:39:13.765 D/ScriptController( 4774): [executeScriptAndReturnValue] [V8] evaluate Script end. frame=0x29701a48 
11-01 11:39:13.792 I/AdvancedPorting-PORT_MODULE_NET( 4774): network_task while... 
11-01 11:39:13.792 I/AdvancedPorting-PORT_MODULE_NET( 4774): 0 interface name: lo
11-01 11:39:13.792 I/AdvancedPorting-PORT_MODULE_NET( 4774): 1 interface name: wlan0
11-01 11:39:13.792 I/AdvancedPorting-PORT_MODULE_NET( 4774): First interface name: lo
11-01 11:39:13.792 I/AdvancedPorting-PORT_MODULE_NET( 4774): network_task while...  net_i:1
11-01 11:39:13.792 I/AdvancedPorting-PORT_MODULE_NET( 4774): network_task while---name_interface[0]=lo
11-01 11:39:13.792 I/AdvancedPorting-PORT_MODULE_NET( 4774): network_task while---name_interface[1]=wlan0
11-01 11:39:13.792 I/AdvancedPorting-PORT_MODULE_NET( 4774): network_task while---interface_name=wlan0
11-01 11:39:13.792 I/AdvancedPorting-PORT_MODULE_NET( 4774): network_get_netlink_status(in)--if_name=wlan0
11-01 11:39:13.792 I/AdvancedPorting-PORT_MODULE_NET( 4774): net.network.isconnected = no
11-01 11:39:13.792 I/AdvancedPorting-PORT_MODULE_NET( 4774): wlan0 --network_get_netlink_status return retval=1
11-01 11:39:13.792 I/AdvancedPorting-PORT_MODULE_NET( 4774): stat = 1 last_status = 1
11-01 11:39:13.803 D/ir_user ( 1585): PlayerTimeLineTrace:linux_keycode:0x9e(UP),	protocol: .
11-01 11:39:13.803 V/PT      ( 1581): >>INFO:irkey_task:[    1354.725934] /dev/input/event0: type=0001 code=009e val=00000000
11-01 11:39:13.803 V/PT      ( 1581): >>INFO:irkey_send:0x3001 0x1000 up  
11-01 11:39:13.803 V/SUMA    ( 1581): ++++++++++++++  _roc_evtmgr_key_cbk 517:input = 12289, event=4096, act=0x400
11-01 11:39:13.803 V/SUMA    ( 1581): lxm:_roc_evtmgr_key_cbk 519 1354726
11-01 11:39:13.803 V/SUMA    ( 1581): lxm:_roc_evtmgr_add_key_into_queue 311 1354726
11-01 11:39:13.803 V/PT      ( 1581): >>INFO:irkey_task:[    1354.725934] /dev/input/event0: type=0000 code=0000 val=00000000
11-01 11:39:13.803 V/SUMA    ( 1581): ===================>> type=0 src=0 evt=4096 act=0x400
11-01 11:39:13.803 V/SUMA    ( 1581): [sysset-s][event_manager_cbk 78]lxm cbid=1, cbk_reg=1, cpid=2452
11-01 11:39:13.803 D/NGBEvent( 2452): ngbEventCallBack type:0 source :4096
11-01 11:39:13.803 D/NGBEvent( 2452): [NGBEventManager-JNI]-returning:1
11-01 11:39:13.803 D/NGBEvent( 2452): Input key event: keyCode=4096
11-01 11:39:13.803 D/NGBEvent( 2452): src:4096 = dest:4096
11-01 11:39:13.803 I/System.out( 2452): [DEBUG EventManager] LWJ--Add event to java with evt=NgbEvent-[type = 1, subtype = 402, code = 4096]
11-01 11:39:13.803 D/NGBEvent( 2452): [NGBEvent_log]--[EventManager--JNI]:		start
11-01 11:39:13.803 I/System.out( 2452): [DEBUG EventManager] broadcastEvent  :len 1
11-01 11:39:13.803 D/KeyEventNgbDealer( 2452): [TN_pool-1-thread-1]handleKeyReleased keyEvent=NgbEvent-[type = 1, subtype = 402, code = 4096],time=1354726
11-01 11:39:13.804 D/RemoteIME( 2337): RemoteIME--> onKeyUp keyCode = 4
11-01 11:39:13.804 D/cr_AwTestContainerView( 4774): [AwTestContainerView.java:63] [mainFrame]: [unknown] dispatchKeyEvent keyCode = 4 event = KeyEvent { action=ACTION_UP, keyCode=KEYCODE_BACK, scanCode=158, metaState=0, flags=0x8, repeatCount=0, eventTime=1354725, downTime=1354516, deviceId=3, source=0x701 }
11-01 11:39:13.804 D/ImeAdapterAndroid( 4774): [SendKeyEvent] [BUILD TIME: ] dispatchKeyEvent key_code=4 modifiers=0 unicode_char=0 scan_code=158 is_system=0 tm=1354725
11-01 11:39:13.805 D/RenderWidgetInputHandler( 4774): [HandleInputEvent] input_event type=9 name=KeyUp
11-01 11:39:13.805 D/RenderWidgetInputHandler( 4774): [HandleInputEvent] input_event type=9 prevent_default:0
11-01 11:39:13.805 D/WebViewImpl( 4774): [handleKeyEvent] keycode:166, eventType:9 native keycode:4 frame=0x29709820. url='http://10.14.41.246/application/shfw/index.htm'.
11-01 11:39:13.805 D/[blink]KeyboardEventManager( 4774): [keyEvent] initialKeyEvent KeyUp nativeKeyCode=4 windowsKeyCode=166 text[0]=0
11-01 11:39:13.805 D/[blink]KeyboardEventManager( 4774): [keyEvent] initialKeyEvent focusedNode=0x0
11-01 11:39:13.877 I/Advanced( 4774): [QUEUE] share_queue_sendEx size:1 4097 85 0x8f9aff30,postLoopId:0,dstid:1.
11-01 11:39:14.065 D/[blink]DOMTimer( 4774): [fired] 0x2ba0cac8 timeout fired.
11-01 11:39:14.065 D/ScriptController( 4774): [executeScriptAndReturnValue] [V8] evaluate Script start. frame=0x29701a48 url= line=1. source length=22
11-01 11:39:14.065 D/iPanel  ( 4774): iPanel.debug("checkOverlayCreated")
11-01 11:39:14.065 D/[blink]DOMTimer( 4774): [DOMTimer] 0x2ba0cb38 setTimeout 300ms, repeat:0.
11-01 11:39:14.065 D/ScriptController( 4774): [executeScriptAndReturnValue] [V8] evaluate Script end. frame=0x29701a48 
11-01 11:39:14.078 I/Advanced( 4774): [QUEUE] share_queue_sendEx size:1 4097 86 0x8f9aff30,postLoopId:0,dstid:1.
11-01 11:39:14.102 V/SUMA    ( 1581): [mnt_ait_pol] csubtbl=1 ait_pid=0x1f40 hsrv=0xc0ce
11-01 11:39:14.114 D/BackBootDealerNeimeng( 2369): standbyState:
11-01 11:39:14.115 E/NetUtils( 2018): Interface eth0 LinkDown!
11-01 11:39:14.276 D/ir_user ( 1585): PlayerTimeLineTrace:linux_keycode:0x6a(DOWN),	protocol: .
11-01 11:39:14.276 V/PT      ( 1581): >>INFO:irkey_task:[    1355.198903] /dev/input/event0: type=0001 code=006a val=00000001
11-01 11:39:14.276 V/PT      ( 1581): >>INFO:irkey_send:0x3001 0x0027 down
11-01 11:39:14.276 V/SUMA    ( 1581): ++++++++++++++  _roc_evtmgr_key_cbk 517:input = 12289, event=39, act=0x100
11-01 11:39:14.276 V/SUMA    ( 1581): lxm:_roc_evtmgr_key_cbk 519 1355199
11-01 11:39:14.276 V/SUMA    ( 1581): lxm:_roc_evtmgr_add_evt_into_queue 347 1355199
11-01 11:39:14.276 V/PT      ( 1581): >>INFO:irkey_task:[    1355.198903] /dev/input/event0: type=0000 code=0000 val=00000000
11-01 11:39:14.276 V/SUMA    ( 1581): ===================>> type=0 src=0 evt=39 act=0x100
11-01 11:39:14.276 V/SUMA    ( 1581): [sysset-s][event_manager_cbk 78]lxm cbid=1, cbk_reg=1, cpid=2452
11-01 11:39:14.277 D/NGBEvent( 2452): ngbEventCallBack type:0 source :39
11-01 11:39:14.277 D/NGBEvent( 2452): [NGBEventManager-JNI]-returning:1
11-01 11:39:14.277 D/NGBEvent( 2452): Input key event: keyCode=39
11-01 11:39:14.277 D/NGBEvent( 2452): src:39 = dest:39
11-01 11:39:14.277 I/System.out( 2452): [DEBUG EventManager] LWJ--Add event to java with evt=NgbEvent-[type = 1, subtype = 401, code = 39]
11-01 11:39:14.277 D/NGBEvent( 2452): [NGBEvent_log]--[EventManager--JNI]:		start
11-01 11:39:14.277 I/System.out( 2452): [DEBUG EventManager] broadcastEvent  :len 1
11-01 11:39:14.277 D/CombineKeyUtil( 2452): [TN_pool-1-thread-1]dealKeyEvent,combineIndex:-1:keyCode:22
11-01 11:39:14.277 D/KeyEventNgbDealer( 2452): [TN_pool-1-thread-1]handleKeyPressed keyEvent=NgbEvent-[type = 1, subtype = 401, code = 39],time=1355200
11-01 11:39:14.278 D/RemoteIME( 2337): onKeyDown event = KeyEvent { action=ACTION_DOWN, keyCode=KEYCODE_DPAD_RIGHT, scanCode=106, metaState=0, flags=0x8, repeatCount=0, eventTime=1355198, downTime=1355198, deviceId=3, source=0x701 },mSkbContainer=null
11-01 11:39:14.278 I/Advanced( 4774): [QUEUE] share_queue_sendEx size:1 4097 87 0x8f9aff30,postLoopId:0,dstid:1.
11-01 11:39:14.279 D/cr_AwTestContainerView( 4774): [AwTestContainerView.java:63] [mainFrame]: [unknown] dispatchKeyEvent keyCode = 22 event = KeyEvent { action=ACTION_DOWN, keyCode=KEYCODE_DPAD_RIGHT, scanCode=106, metaState=0, flags=0x8, repeatCount=0, eventTime=1355198, downTime=1355198, deviceId=3, source=0x701 }
11-01 11:39:14.280 D/ImeAdapterAndroid( 4774): [SendKeyEvent] [BUILD TIME: ] dispatchKeyEvent key_code=22 modifiers=0 unicode_char=0 scan_code=106 is_system=0 tm=1355198
11-01 11:39:14.281 D/RenderWidgetInputHandler( 4774): [HandleInputEvent] input_event type=8 name=KeyDown
11-01 11:39:14.281 D/RenderWidgetInputHandler( 4774): [HandleInputEvent] input_event type=8 prevent_default:0
11-01 11:39:14.281 D/WebViewImpl( 4774): [handleKeyEvent] keycode:39, eventType:8 native keycode:22 frame=0x29709820. url='http://10.14.41.246/application/shfw/index.htm'.
11-01 11:39:14.281 D/[blink]KeyboardEventManager( 4774): [keyEvent] initialKeyEvent KeyDown nativeKeyCode=22 windowsKeyCode=39 text[0]=0
11-01 11:39:14.281 D/[blink]KeyboardEventManager( 4774): [keyEvent] initialKeyEvent focusedNode=0x0
11-01 11:39:14.282 D/V8ScriptRunner( 4774): [callFunction] start. frame = 0x29709820 function: document.onkeydown url: http://10.14.41.246/application/shfw/js/keyevent.js line: 22
11-01 11:39:14.283 D/base::KeyConverter( 4774): [get] convert 22 => -1.
11-01 11:39:14.283 D/ChromeClientImpl( 4774): [addMessageToConsole] [LOG:CONSOLE(32)] "index keycode=KEY_RIGHT", source:http://10.14.41.246/application/shfw/js/common.js (32)
11-01 11:39:14.285 D/[cc]beginFrameSource( 4774): [AddObserver] ExternalBeginFrameSource::AddObserver
11-01 11:39:14.285 D/V8ScriptRunner( 4774): [callFunction] end. frame = 0x29709820 function: document.onkeydown url: http://10.14.41.246/application/shfw/js/keyevent.js line: 22
11-01 11:39:14.285 D/[blink]KeyboardEventManager( 4774): [keyEvent] dispatchResult = CanceledByEventHandler
11-01 11:39:14.294 D/[cc]ProxyMain( 4774): [BeginMainFrame] cc.BeginMainFrame this:0x9f6fa8d0
11-01 11:39:14.294 D/[cc]LayerTreeHost( 4774): [AnimateLayers] AnimateLayers monotonic_time=1355216612
11-01 11:39:14.294 D/[blink]FrameView( 4774): [updateStyleAndLayoutIfNeededRecursiveInternal] in... this:0x2ba0a520.
11-01 11:39:14.294 D/[blink]FrameView( 4774): [layout] start... this:0x2ba0a520, frame=0x29709820 content size(1280, 720). 
11-01 11:39:14.294 D/[blink]FrameView( 4774): [layout] performPreLayoutTasks start... this:0x2ba0a520
11-01 11:39:14.294 D/[blink]FrameView( 4774): [layout] performPreLayoutTasks end... this:0x2ba0a520
11-01 11:39:14.294 D/[blink]FrameView( 4774): [layout] performLayout start... this:0x2ba0a520
11-01 11:39:14.295 D/[blink]FrameView( 4774): [layout] performLayout end... this:0x2ba0a520
11-01 11:39:14.295 D/[blink]FrameView( 4774): [layout] call compositor()->didLayout()!
11-01 11:39:14.295 D/[blink]FrameView( 4774): [layout] updateDocumentAnnotatedRegions start... this:0x2ba0a520
11-01 11:39:14.295 D/[blink]FrameView( 4774): [layout] scheduleOrPerformPostLayoutTasks start... this:0x2ba0a520
11-01 11:39:14.295 D/[blink]FrameView( 4774): [layout] end... this:0x2ba0a520
11-01 11:39:14.295 D/[blink]FrameView( 4774): [layout] out... this:0x2ba0a520
11-01 11:39:14.295 D/[blink]FrameView( 4774): [updateStyleAndLayoutIfNeededRecursiveInternal] end... this:0x2ba0a520.
11-01 11:39:14.295 D/[blink]FrameView( 4774): [updateLifecyclePhasesInternal] in... this:0x2ba0a520, targetState=18
11-01 11:39:14.295 D/[blink]FrameView( 4774): [updateLifecyclePhasesInternal] call compositor()->updateIfNeededRecursive()!
11-01 11:39:14.296 D/[blink]FrameView( 4774): [updateLifecyclePhasesInternal] end... this:0x2ba0a520
11-01 11:39:14.365 D/[blink]DOMTimer( 4774): [fired] 0x2ba0cb38 timeout fired.
11-01 11:39:14.365 D/ScriptController( 4774): [executeScriptAndReturnValue] [V8] evaluate Script start. frame=0x29701a48 url= line=1. source length=22
11-01 11:39:14.366 D/iPanel  ( 4774): iPanel.debug("checkOverlayCreated")
11-01 11:39:14.366 D/[blink]DOMTimer( 4774): [DOMTimer] 0x2ba0cba8 setTimeout 300ms, repeat:0.
11-01 11:39:14.366 D/ScriptController( 4774): [executeScriptAndReturnValue] [V8] evaluate Script end. frame=0x29701a48 
11-01 11:39:14.474 V/PT      ( 1581): >>INFO:irkey_task:[    1355.397112] /dev/input/event0: type=0001 code=006a val=00000000
11-01 11:39:14.474 V/PT      ( 1581): >>INFO:irkey_send:0x3001 0x0027 up  
11-01 11:39:14.474 V/SUMA    ( 1581): ++++++++++++++  _roc_evtmgr_key_cbk 517:input = 12289, event=39, act=0x400
11-01 11:39:14.474 V/SUMA    ( 1581): lxm:_roc_evtmgr_key_cbk 519 1355397
11-01 11:39:14.474 V/SUMA    ( 1581): lxm:_roc_evtmgr_add_key_into_queue 311 1355397
11-01 11:39:14.474 V/PT      ( 1581): >>INFO:irkey_task:[    1355.397112] /dev/input/event0: type=0000 code=0000 val=00000000
11-01 11:39:14.474 V/SUMA    ( 1581): ===================>> type=0 src=0 evt=39 act=0x400
11-01 11:39:14.474 V/SUMA    ( 1581): [sysset-s][event_manager_cbk 78]lxm cbid=1, cbk_reg=1, cpid=2452
11-01 11:39:14.474 D/NGBEvent( 2452): ngbEventCallBack type:0 source :39
11-01 11:39:14.474 D/NGBEvent( 2452): [NGBEventManager-JNI]-returning:1
11-01 11:39:14.475 D/NGBEvent( 2452): Input key event: keyCode=39
11-01 11:39:14.475 D/ir_user ( 1585): PlayerTimeLineTrace:linux_keycode:0x6a(UP),	protocol: .
11-01 11:39:14.475 D/NGBEvent( 2452): src:39 = dest:39
11-01 11:39:14.475 I/System.out( 2452): [DEBUG EventManager] LWJ--Add event to java with evt=NgbEvent-[type = 1, subtype = 402, code = 39]
11-01 11:39:14.475 D/NGBEvent( 2452): [NGBEvent_log]--[EventManager--JNI]:		start
11-01 11:39:14.475 I/System.out( 2452): [DEBUG EventManager] broadcastEvent  :len 1
11-01 11:39:14.475 D/RemoteIME( 2337): RemoteIME--> onKeyUp keyCode = 22
11-01 11:39:14.475 D/KeyEventNgbDealer( 2452): [TN_pool-1-thread-1]handleKeyReleased keyEvent=NgbEvent-[type = 1, subtype = 402, code = 39],time=1355398
11-01 11:39:14.476 D/cr_AwTestContainerView( 4774): [AwTestContainerView.java:63] [mainFrame]: [unknown] dispatchKeyEvent keyCode = 22 event = KeyEvent { action=ACTION_UP, keyCode=KEYCODE_DPAD_RIGHT, scanCode=106, metaState=0, flags=0x8, repeatCount=0, eventTime=1355397, downTime=1355198, deviceId=3, source=0x701 }
11-01 11:39:14.476 D/ImeAdapterAndroid( 4774): [SendKeyEvent] [BUILD TIME: ] dispatchKeyEvent key_code=22 modifiers=0 unicode_char=0 scan_code=106 is_system=0 tm=1355397
11-01 11:39:14.477 D/RenderWidgetInputHandler( 4774): [HandleInputEvent] input_event type=9 name=KeyUp
11-01 11:39:14.477 D/RenderWidgetInputHandler( 4774): [HandleInputEvent] input_event type=9 prevent_default:0
11-01 11:39:14.477 D/WebViewImpl( 4774): [handleKeyEvent] keycode:39, eventType:9 native keycode:22 frame=0x29709820. url='http://10.14.41.246/application/shfw/index.htm'.
11-01 11:39:14.477 D/[blink]KeyboardEventManager( 4774): [keyEvent] initialKeyEvent KeyUp nativeKeyCode=22 windowsKeyCode=39 text[0]=0
11-01 11:39:14.477 D/[blink]KeyboardEventManager( 4774): [keyEvent] initialKeyEvent focusedNode=0x0
11-01 11:39:14.478 I/Advanced( 4774): [QUEUE] share_queue_sendEx size:1 4097 88 0x8f9aff30,postLoopId:0,dstid:1.
11-01 11:39:14.479 D/[blink]memoryCache( 4774): [evict] remove:http://10.14.41.245:13160/recommend/get_recommend_by_label?sdsize=375x210|246x138|160x200|240x300|500x280&hdsize=375x210|246x138|160x200|240x300|500x280&vodsize=375x210|246x138|160x200|240x300|500x280&appsize=375x210|246x138|160x200|240x300|500x280&chnlsize=375x210|246x138|160x200|240x300&musicsize=375x210|246x138|160x200|240x300&accesstoken=R59F93CE8U208B5029K53724E13IB1C7CC0AP8M2FAF084WDBA97DB2681&label=137&pageidx=1&pagenum=24
11-01 11:39:14.479 D/[blink]memoryCache( 4774): [evict] remove:http://10.14.41.245:13160/homed/programtype/get_list?accesstoken=R59F93CE8U208B5029K53724E13IB1C7CC0AP8M2FAF084WDBA97DB2681&label=137&depth=1
11-01 11:39:14.479 D/[blink]memoryCache( 4774): [evict] remove:http://api.slave.homed.me:13160/homed/program/get_list?accesstoken=TOKEN50001002&label=undefined&pageidx=1&pagenum=20&depth=1
11-01 11:39:14.479 D/[blink]memoryCache( 4774): [evict] remove:http://api.slave.homed.me:13160/homed/programtype/get_list?accesstoken=TOKEN50001002&label=7616&depth=1
11-01 11:39:14.480 D/[blink]FrameView( 4774): [~FrameView] destroy FrameView frame=0x29709820 frame view=0x2ba02ec0
11-01 11:39:14.480 D/[blink]FrameView( 4774): [~FrameView] destroy FrameView frame=0x29709820 frame view=0x2ba05708
11-01 11:39:14.480 D/[blink]FrameView( 4774): [~FrameView] destroy FrameView frame=0x29709820 frame view=0x2ba1c7a0
11-01 11:39:14.528 V/PT      ( 1581): >>INFO:irkey_task:[    1355.450828] /dev/input/event0: type=0001 code=006a val=00000001
11-01 11:39:14.528 V/PT      ( 1581): >>INFO:irkey_send:0x3001 0x0027 down
11-01 11:39:14.528 V/SUMA    ( 1581): ++++++++++++++  _roc_evtmgr_key_cbk 517:input = 12289, event=39, act=0x100
11-01 11:39:14.528 V/SUMA    ( 1581): lxm:_roc_evtmgr_key_cbk 519 1355450
11-01 11:39:14.528 V/SUMA    ( 1581): lxm:_roc_evtmgr_add_evt_into_queue 347 1355451
11-01 11:39:14.528 V/PT      ( 1581): >>INFO:irkey_task:[    1355.450828] /dev/input/event0: type=0000 code=0000 val=00000000
11-01 11:39:14.528 V/SUMA    ( 1581): ===================>> type=0 src=0 evt=39 act=0x100
11-01 11:39:14.528 V/SUMA    ( 1581): [sysset-s][event_manager_cbk 78]lxm cbid=1, cbk_reg=1, cpid=2452
11-01 11:39:14.528 D/ir_user ( 1585): PlayerTimeLineTrace:linux_keycode:0x6a(DOWN),	protocol: .
11-01 11:39:14.528 D/NGBEvent( 2452): ngbEventCallBack type:0 source :39
11-01 11:39:14.528 D/NGBEvent( 2452): [NGBEventManager-JNI]-returning:1
11-01 11:39:14.528 D/NGBEvent( 2452): Input key event: keyCode=39
11-01 11:39:14.528 D/NGBEvent( 2452): src:39 = dest:39
11-01 11:39:14.528 I/System.out( 2452): [DEBUG EventManager] LWJ--Add event to java with evt=NgbEvent-[type = 1, subtype = 401, code = 39]
11-01 11:39:14.528 D/NGBEvent( 2452): [NGBEvent_log]--[EventManager--JNI]:		start
11-01 11:39:14.528 I/System.out( 2452): [DEBUG EventManager] broadcastEvent  :len 1
11-01 11:39:14.528 D/CombineKeyUtil( 2452): [TN_pool-1-thread-1]dealKeyEvent,combineIndex:-1:keyCode:22
11-01 11:39:14.528 D/KeyEventNgbDealer( 2452): [TN_pool-1-thread-1]handleKeyPressed keyEvent=NgbEvent-[type = 1, subtype = 401, code = 39],time=1355451
11-01 11:39:14.528 D/RemoteIME( 2337): onKeyDown event = KeyEvent { action=ACTION_DOWN, keyCode=KEYCODE_DPAD_RIGHT, scanCode=106, metaState=0, flags=0x8, repeatCount=0, eventTime=1355450, downTime=1355450, deviceId=3, source=0x701 },mSkbContainer=null
11-01 11:39:14.529 D/cr_AwTestContainerView( 4774): [AwTestContainerView.java:63] [mainFrame]: [unknown] dispatchKeyEvent keyCode = 22 event = KeyEvent { action=ACTION_DOWN, keyCode=KEYCODE_DPAD_RIGHT, scanCode=106, metaState=0, flags=0x8, repeatCount=0, eventTime=1355450, downTime=1355450, deviceId=3, source=0x701 }
11-01 11:39:14.529 D/ImeAdapterAndroid( 4774): [SendKeyEvent] [BUILD TIME: ] dispatchKeyEvent key_code=22 modifiers=0 unicode_char=0 scan_code=106 is_system=0 tm=1355450
11-01 11:39:14.530 D/RenderWidgetInputHandler( 4774): [HandleInputEvent] input_event type=8 name=KeyDown
11-01 11:39:14.530 D/RenderWidgetInputHandler( 4774): [HandleInputEvent] input_event type=8 prevent_default:0
11-01 11:39:14.530 D/WebViewImpl( 4774): [handleKeyEvent] keycode:39, eventType:8 native keycode:22 frame=0x29709820. url='http://10.14.41.246/application/shfw/index.htm'.
11-01 11:39:14.530 D/[blink]KeyboardEventManager( 4774): [keyEvent] initialKeyEvent KeyDown nativeKeyCode=22 windowsKeyCode=39 text[0]=0
11-01 11:39:14.530 D/[blink]KeyboardEventManager( 4774): [keyEvent] initialKeyEvent focusedNode=0x0
11-01 11:39:14.530 D/V8ScriptRunner( 4774): [callFunction] start. frame = 0x29709820 function: document.onkeydown url: http://10.14.41.246/application/shfw/js/keyevent.js line: 22
11-01 11:39:14.530 D/base::KeyConverter( 4774): [get] convert 22 => -1.
11-01 11:39:14.530 D/ChromeClientImpl( 4774): [addMessageToConsole] [LOG:CONSOLE(32)] "index keycode=KEY_RIGHT", source:http://10.14.41.246/application/shfw/js/common.js (32)
11-01 11:39:14.530 D/[cc]beginFrameSource( 4774): [AddObserver] ExternalBeginFrameSource::AddObserver
11-01 11:39:14.530 D/V8ScriptRunner( 4774): [callFunction] end. frame = 0x29709820 function: document.onkeydown url: http://10.14.41.246/application/shfw/js/keyevent.js line: 22
11-01 11:39:14.530 D/[blink]KeyboardEventManager( 4774): [keyEvent] dispatchResult = CanceledByEventHandler
11-01 11:39:14.544 D/[cc]ProxyMain( 4774): [BeginMainFrame] cc.BeginMainFrame this:0x9f6fa8d0
11-01 11:39:14.544 D/[cc]LayerTreeHost( 4774): [AnimateLayers] AnimateLayers monotonic_time=1355466612
11-01 11:39:14.544 D/[blink]FrameView( 4774): [updateStyleAndLayoutIfNeededRecursiveInternal] in... this:0x2ba0a520.
11-01 11:39:14.545 D/[blink]FrameView( 4774): [layout] start... this:0x2ba0a520, frame=0x29709820 content size(1280, 720). 
11-01 11:39:14.545 D/[blink]FrameView( 4774): [layout] performPreLayoutTasks start... this:0x2ba0a520
11-01 11:39:14.545 D/[blink]FrameView( 4774): [layout] performPreLayoutTasks end... this:0x2ba0a520
11-01 11:39:14.545 D/[blink]FrameView( 4774): [layout] performLayout start... this:0x2ba0a520
11-01 11:39:14.545 D/[blink]FrameView( 4774): [layout] performLayout end... this:0x2ba0a520
11-01 11:39:14.545 D/[blink]FrameView( 4774): [layout] call compositor()->didLayout()!
11-01 11:39:14.545 D/[blink]FrameView( 4774): [layout] updateDocumentAnnotatedRegions start... this:0x2ba0a520
11-01 11:39:14.545 D/[blink]FrameView( 4774): [layout] scheduleOrPerformPostLayoutTasks start... this:0x2ba0a520
11-01 11:39:14.545 D/[blink]FrameView( 4774): [layout] end... this:0x2ba0a520
11-01 11:39:14.545 D/[blink]FrameView( 4774): [layout] out... this:0x2ba0a520
11-01 11:39:14.545 D/[blink]FrameView( 4774): [updateStyleAndLayoutIfNeededRecursiveInternal] end... this:0x2ba0a520.
11-01 11:39:14.545 D/[blink]FrameView( 4774): [updateLifecyclePhasesInternal] in... this:0x2ba0a520, targetState=18
11-01 11:39:14.545 D/[blink]FrameView( 4774): [updateLifecyclePhasesInternal] call compositor()->updateIfNeededRecursive()!
11-01 11:39:14.546 D/[blink]FrameView( 4774): [updateLifecyclePhasesInternal] end... this:0x2ba0a520
11-01 11:39:14.577 E/WifiStateMachine( 2018): WifiStateMachine CMD_START_SCAN source -2 txSuccessRate=105.82 rxSuccessRate=117.91 targetRoamBSSID=e4:f3:f5:aa:ad:88 RSSI=-42
11-01 11:39:14.587 D/IPLoaderNeimeng( 2369): after wait time11:39:14:monitorInterval:5000
11-01 11:39:14.587 D/IPLoaderNeimeng( 2369): before dealUpdateCheck time:11:39:14:isMsgBroadcast:false:monitorInterval:5000:processState:1
11-01 11:39:14.587 D/IPLoaderNeimeng( 2369): dealUpdateCheck isFirstSuccessUpdate:false:monitorInterval:5000
11-01 11:39:14.587 D/LoadHttpHandler( 2369): [TN_ThreadUtil-4]doNormal proxyConfig=null
11-01 11:39:14.615 D/BackBootDealerNeimeng( 2369): standbyState:
11-01 11:39:14.615 E/NetUtils( 2018): Interface eth0 LinkDown!
11-01 11:39:14.629 V/PT      ( 1581): >>INFO:irkey_task:[    1355.552131] /dev/input/event0: type=0001 code=006a val=00000000
11-01 11:39:14.629 V/PT      ( 1581): >>INFO:irkey_send:0x3001 0x0027 up  
11-01 11:39:14.629 V/SUMA    ( 1581): ++++++++++++++  _roc_evtmgr_key_cbk 517:input = 12289, event=39, act=0x400
11-01 11:39:14.629 V/SUMA    ( 1581): lxm:_roc_evtmgr_key_cbk 519 1355552
11-01 11:39:14.629 V/SUMA    ( 1581): lxm:_roc_evtmgr_add_key_into_queue 311 1355552
11-01 11:39:14.630 V/PT      ( 1581): >>INFO:irkey_task:[    1355.552131] /dev/input/event0: type=0000 code=0000 val=00000000
11-01 11:39:14.630 V/SUMA    ( 1581): ===================>> type=0 src=0 evt=39 act=0x400
11-01 11:39:14.630 D/ir_user ( 1585): PlayerTimeLineTrace:linux_keycode:0x6a(UP),	protocol: .
11-01 11:39:14.630 V/SUMA    ( 1581): [sysset-s][event_manager_cbk 78]lxm cbid=1, cbk_reg=1, cpid=2452
11-01 11:39:14.630 D/NGBEvent( 2452): ngbEventCallBack type:0 source :39
11-01 11:39:14.630 D/NGBEvent( 2452): [NGBEventManager-JNI]-returning:1
11-01 11:39:14.630 D/NGBEvent( 2452): Input key event: keyCode=39
11-01 11:39:14.630 D/NGBEvent( 2452): src:39 = dest:39
11-01 11:39:14.630 I/System.out( 2452): [DEBUG EventManager] LWJ--Add event to java with evt=NgbEvent-[type = 1, subtype = 402, code = 39]
11-01 11:39:14.630 D/NGBEvent( 2452): [NGBEvent_log]--[EventManager--JNI]:		start
11-01 11:39:14.630 D/RemoteIME( 2337): RemoteIME--> onKeyUp keyCode = 22
11-01 11:39:14.630 I/System.out( 2452): [DEBUG EventManager] broadcastEvent  :len 1
11-01 11:39:14.631 D/KeyEventNgbDealer( 2452): [TN_pool-1-thread-1]handleKeyReleased keyEvent=NgbEvent-[type = 1, subtype = 402, code = 39],time=1355553
11-01 11:39:14.632 D/cr_AwTestContainerView( 4774): [AwTestContainerView.java:63] [mainFrame]: [unknown] dispatchKeyEvent keyCode = 22 event = KeyEvent { action=ACTION_UP, keyCode=KEYCODE_DPAD_RIGHT, scanCode=106, metaState=0, flags=0x8, repeatCount=0, eventTime=1355552, downTime=1355450, deviceId=3, source=0x701 }
11-01 11:39:14.632 D/ImeAdapterAndroid( 4774): [SendKeyEvent] [BUILD TIME: ] dispatchKeyEvent key_code=22 modifiers=0 unicode_char=0 scan_code=106 is_system=0 tm=1355552
11-01 11:39:14.633 D/RenderWidgetInputHandler( 4774): [HandleInputEvent] input_event type=9 name=KeyUp
11-01 11:39:14.633 D/RenderWidgetInputHandler( 4774): [HandleInputEvent] input_event type=9 prevent_default:0
11-01 11:39:14.634 D/WebViewImpl( 4774): [handleKeyEvent] keycode:39, eventType:9 native keycode:22 frame=0x29709820. url='http://10.14.41.246/application/shfw/index.htm'.
11-01 11:39:14.634 D/[blink]KeyboardEventManager( 4774): [keyEvent] initialKeyEvent KeyUp nativeKeyCode=22 windowsKeyCode=39 text[0]=0
11-01 11:39:14.634 D/[blink]KeyboardEventManager( 4774): [keyEvent] initialKeyEvent focusedNode=0x0
11-01 11:39:14.644 D/LoadHttpHandler( 2369): [TN_ThreadUtil-4]doNormal responseCode=404
11-01 11:39:14.644 D/LoadHttpTask( 2369): dealUpdateCheck responseCode:404:data:null:downloadResult:false
11-01 11:39:14.645 D/IPLoaderNeimeng( 2369): after dealUpdateCheck time:11:39:14:isMsgBroadcast:false:monitorInterval:5000:processState:1
11-01 11:39:14.645 D/IPLoaderNeimeng( 2369): before wait time11:39:14:monitorInterval:5000
11-01 11:39:14.666 D/[blink]DOMTimer( 4774): [fired] 0x2ba0cba8 timeout fired.
11-01 11:39:14.666 D/ScriptController( 4774): [executeScriptAndReturnValue] [V8] evaluate Script start. frame=0x29701a48 url= line=1. source length=22
11-01 11:39:14.666 D/iPanel  ( 4774): iPanel.debug("checkOverlayCreated")
11-01 11:39:14.666 D/[blink]DOMTimer( 4774): [DOMTimer] 0x2ba0cc18 setTimeout 300ms, repeat:0.
11-01 11:39:14.666 D/ScriptController( 4774): [executeScriptAndReturnValue] [V8] evaluate Script end. frame=0x29701a48 
11-01 11:39:14.679 I/Advanced( 4774): [QUEUE] share_queue_sendEx size:1 4097 89 0x8f9aff30,postLoopId:0,dstid:1.
11-01 11:39:14.722 V/PT      ( 1581): >>INFO:irkey_task:[    1355.645184] /dev/input/event0: type=0001 code=006a val=00000001
11-01 11:39:14.722 V/PT      ( 1581): >>INFO:irkey_send:0x3001 0x0027 down
11-01 11:39:14.722 V/SUMA    ( 1581): ++++++++++++++  _roc_evtmgr_key_cbk 517:input = 12289, event=39, act=0x100
11-01 11:39:14.722 V/SUMA    ( 1581): lxm:_roc_evtmgr_key_cbk 519 1355645
11-01 11:39:14.722 V/SUMA    ( 1581): lxm:_roc_evtmgr_add_evt_into_queue 347 1355645
11-01 11:39:14.722 V/PT      ( 1581): >>INFO:irkey_task:[    1355.645184] /dev/input/event0: type=0000 code=0000 val=00000000
11-01 11:39:14.722 V/SUMA    ( 1581): ===================>> type=0 src=0 evt=39 act=0x100
11-01 11:39:14.722 V/SUMA    ( 1581): [sysset-s][event_manager_cbk 78]lxm cbid=1, cbk_reg=1, cpid=2452
11-01 11:39:14.722 D/ir_user ( 1585): PlayerTimeLineTrace:linux_keycode:0x6a(DOWN),	protocol: .
11-01 11:39:14.722 D/NGBEvent( 2452): ngbEventCallBack type:0 source :39
11-01 11:39:14.722 D/NGBEvent( 2452): [NGBEventManager-JNI]-returning:1
11-01 11:39:14.722 D/NGBEvent( 2452): Input key event: keyCode=39
11-01 11:39:14.722 D/NGBEvent( 2452): src:39 = dest:39
11-01 11:39:14.722 I/System.out( 2452): [DEBUG EventManager] LWJ--Add event to java with evt=NgbEvent-[type = 1, subtype = 401, code = 39]
11-01 11:39:14.722 D/NGBEvent( 2452): [NGBEvent_log]--[EventManager--JNI]:		start
11-01 11:39:14.723 I/System.out( 2452): [DEBUG EventManager] broadcastEvent  :len 1
11-01 11:39:14.723 D/CombineKeyUtil( 2452): [TN_pool-1-thread-1]dealKeyEvent,combineIndex:-1:keyCode:22
11-01 11:39:14.723 D/KeyEventNgbDealer( 2452): [TN_pool-1-thread-1]handleKeyPressed keyEvent=NgbEvent-[type = 1, subtype = 401, code = 39],time=1355645
11-01 11:39:14.723 D/RemoteIME( 2337): onKeyDown event = KeyEvent { action=ACTION_DOWN, keyCode=KEYCODE_DPAD_RIGHT, scanCode=106, metaState=0, flags=0x8, repeatCount=0, eventTime=1355645, downTime=1355645, deviceId=3, source=0x701 },mSkbContainer=null
11-01 11:39:14.724 D/cr_AwTestContainerView( 4774): [AwTestContainerView.java:63] [mainFrame]: [unknown] dispatchKeyEvent keyCode = 22 event = KeyEvent { action=ACTION_DOWN, keyCode=KEYCODE_DPAD_RIGHT, scanCode=106, metaState=0, flags=0x8, repeatCount=0, eventTime=1355645, downTime=1355645, deviceId=3, source=0x701 }
11-01 11:39:14.724 D/ImeAdapterAndroid( 4774): [SendKeyEvent] [BUILD TIME: ] dispatchKeyEvent key_code=22 modifiers=0 unicode_char=0 scan_code=106 is_system=0 tm=1355645
11-01 11:39:14.725 D/RenderWidgetInputHandler( 4774): [HandleInputEvent] input_event type=8 name=KeyDown
11-01 11:39:14.725 D/RenderWidgetInputHandler( 4774): [HandleInputEvent] input_event type=8 prevent_default:0
11-01 11:39:14.725 D/WebViewImpl( 4774): [handleKeyEvent] keycode:39, eventType:8 native keycode:22 frame=0x29709820. url='http://10.14.41.246/application/shfw/index.htm'.
11-01 11:39:14.725 D/[blink]KeyboardEventManager( 4774): [keyEvent] initialKeyEvent KeyDown nativeKeyCode=22 windowsKeyCode=39 text[0]=0
11-01 11:39:14.725 D/[blink]KeyboardEventManager( 4774): [keyEvent] initialKeyEvent focusedNode=0x0
11-01 11:39:14.725 D/V8ScriptRunner( 4774): [callFunction] start. frame = 0x29709820 function: document.onkeydown url: http://10.14.41.246/application/shfw/js/keyevent.js line: 22
11-01 11:39:14.725 D/base::KeyConverter( 4774): [get] convert 22 => -1.
11-01 11:39:14.725 D/ChromeClientImpl( 4774): [addMessageToConsole] [LOG:CONSOLE(32)] "index keycode=KEY_RIGHT", source:http://10.14.41.246/application/shfw/js/common.js (32)
11-01 11:39:14.725 D/[cc]beginFrameSource( 4774): [AddObserver] ExternalBeginFrameSource::AddObserver
11-01 11:39:14.726 D/V8ScriptRunner( 4774): [callFunction] end. frame = 0x29709820 function: document.onkeydown url: http://10.14.41.246/application/shfw/js/keyevent.js line: 22
11-01 11:39:14.726 D/[blink]KeyboardEventManager( 4774): [keyEvent] dispatchResult = CanceledByEventHandler
11-01 11:39:14.728 D/[cc]ProxyMain( 4774): [BeginMainFrame] cc.BeginMainFrame this:0x9f6fa8d0
11-01 11:39:14.728 D/[cc]LayerTreeHost( 4774): [AnimateLayers] AnimateLayers monotonic_time=1355649945
11-01 11:39:14.728 D/[blink]FrameView( 4774): [updateStyleAndLayoutIfNeededRecursiveInternal] in... this:0x2ba0a520.
11-01 11:39:14.728 D/[blink]FrameView( 4774): [layout] start... this:0x2ba0a520, frame=0x29709820 content size(1280, 720). 
11-01 11:39:14.728 D/[blink]FrameView( 4774): [layout] performPreLayoutTasks start... this:0x2ba0a520
11-01 11:39:14.728 D/[blink]FrameView( 4774): [layout] performPreLayoutTasks end... this:0x2ba0a520
11-01 11:39:14.729 D/[blink]FrameView( 4774): [layout] performLayout start... this:0x2ba0a520
11-01 11:39:14.729 D/[blink]FrameView( 4774): [layout] performLayout end... this:0x2ba0a520
11-01 11:39:14.729 D/[blink]FrameView( 4774): [layout] call compositor()->didLayout()!
11-01 11:39:14.729 D/[blink]FrameView( 4774): [layout] updateDocumentAnnotatedRegions start... this:0x2ba0a520
11-01 11:39:14.729 D/[blink]FrameView( 4774): [layout] scheduleOrPerformPostLayoutTasks start... this:0x2ba0a520
11-01 11:39:14.729 D/[blink]FrameView( 4774): [layout] end... this:0x2ba0a520
11-01 11:39:14.729 D/[blink]FrameView( 4774): [layout] out... this:0x2ba0a520
11-01 11:39:14.729 D/[blink]FrameView( 4774): [updateStyleAndLayoutIfNeededRecursiveInternal] end... this:0x2ba0a520.
11-01 11:39:14.729 D/[blink]FrameView( 4774): [updateLifecyclePhasesInternal] in... this:0x2ba0a520, targetState=18
11-01 11:39:14.729 D/[blink]FrameView( 4774): [updateLifecyclePhasesInternal] call compositor()->updateIfNeededRecursive()!
11-01 11:39:14.730 D/[blink]FrameView( 4774): [updateLifecyclePhasesInternal] end... this:0x2ba0a520
11-01 11:39:14.792 I/AdvancedPorting-PORT_MODULE_NET( 4774): network_task while... 
11-01 11:39:14.792 I/AdvancedPorting-PORT_MODULE_NET( 4774): 0 interface name: lo
11-01 11:39:14.792 I/AdvancedPorting-PORT_MODULE_NET( 4774): 1 interface name: wlan0
11-01 11:39:14.792 I/AdvancedPorting-PORT_MODULE_NET( 4774): First interface name: lo
11-01 11:39:14.792 I/AdvancedPorting-PORT_MODULE_NET( 4774): network_task while...  net_i:1
11-01 11:39:14.792 I/AdvancedPorting-PORT_MODULE_NET( 4774): network_task while---name_interface[0]=lo
11-01 11:39:14.792 I/AdvancedPorting-PORT_MODULE_NET( 4774): network_task while---name_interface[1]=wlan0
11-01 11:39:14.792 I/AdvancedPorting-PORT_MODULE_NET( 4774): network_task while---interface_name=wlan0
11-01 11:39:14.792 I/AdvancedPorting-PORT_MODULE_NET( 4774): network_get_netlink_status(in)--if_name=wlan0
11-01 11:39:14.792 I/AdvancedPorting-PORT_MODULE_NET( 4774): net.network.isconnected = no
11-01 11:39:14.792 I/AdvancedPorting-PORT_MODULE_NET( 4774): wlan0 --network_get_netlink_status return retval=1
11-01 11:39:14.792 I/AdvancedPorting-PORT_MODULE_NET( 4774): stat = 1 last_status = 1
11-01 11:39:14.823 V/PT      ( 1581): >>INFO:irkey_task:[    1355.746395] /dev/input/event0: type=0001 code=006a val=00000000
11-01 11:39:14.823 V/PT      ( 1581): >>INFO:irkey_send:0x3001 0x0027 up  
11-01 11:39:14.823 V/SUMA    ( 1581): ++++++++++++++  _roc_evtmgr_key_cbk 517:input = 12289, event=39, act=0x400
11-01 11:39:14.823 V/SUMA    ( 1581): lxm:_roc_evtmgr_key_cbk 519 1355746
11-01 11:39:14.823 V/SUMA    ( 1581): lxm:_roc_evtmgr_add_key_into_queue 311 1355746
11-01 11:39:14.823 V/PT      ( 1581): >>INFO:irkey_task:[    1355.746395] /dev/input/event0: type=0000 code=0000 val=00000000
11-01 11:39:14.823 V/SUMA    ( 1581): ===================>> type=0 src=0 evt=39 act=0x400
11-01 11:39:14.823 D/ir_user ( 1585): PlayerTimeLineTrace:linux_keycode:0x6a(UP),	protocol: .
11-01 11:39:14.823 V/SUMA    ( 1581): [sysset-s][event_manager_cbk 78]lxm cbid=1, cbk_reg=1, cpid=2452
11-01 11:39:14.823 D/NGBEvent( 2452): ngbEventCallBack type:0 source :39
11-01 11:39:14.824 D/NGBEvent( 2452): [NGBEventManager-JNI]-returning:1
11-01 11:39:14.824 D/NGBEvent( 2452): Input key event: keyCode=39
11-01 11:39:14.824 D/NGBEvent( 2452): src:39 = dest:39
11-01 11:39:14.824 I/System.out( 2452): [DEBUG EventManager] LWJ--Add event to java with evt=NgbEvent-[type = 1, subtype = 402, code = 39]
11-01 11:39:14.824 D/NGBEvent( 2452): [NGBEvent_log]--[EventManager--JNI]:		start
11-01 11:39:14.824 I/System.out( 2452): [DEBUG EventManager] broadcastEvent  :len 1
11-01 11:39:14.824 D/KeyEventNgbDealer( 2452): [TN_pool-1-thread-1]handleKeyReleased keyEvent=NgbEvent-[type = 1, subtype = 402, code = 39],time=1355746
11-01 11:39:14.824 D/RemoteIME( 2337): RemoteIME--> onKeyUp keyCode = 22
11-01 11:39:14.825 D/cr_AwTestContainerView( 4774): [AwTestContainerView.java:63] [mainFrame]: [unknown] dispatchKeyEvent keyCode = 22 event = KeyEvent { action=ACTION_UP, keyCode=KEYCODE_DPAD_RIGHT, scanCode=106, metaState=0, flags=0x8, repeatCount=0, eventTime=1355746, downTime=1355645, deviceId=3, source=0x701 }
11-01 11:39:14.825 D/ImeAdapterAndroid( 4774): [SendKeyEvent] [BUILD TIME: ] dispatchKeyEvent key_code=22 modifiers=0 unicode_char=0 scan_code=106 is_system=0 tm=1355746
11-01 11:39:14.825 D/RenderWidgetInputHandler( 4774): [HandleInputEvent] input_event type=9 name=KeyUp
11-01 11:39:14.825 D/RenderWidgetInputHandler( 4774): [HandleInputEvent] input_event type=9 prevent_default:0
11-01 11:39:14.825 D/WebViewImpl( 4774): [handleKeyEvent] keycode:39, eventType:9 native keycode:22 frame=0x29709820. url='http://10.14.41.246/application/shfw/index.htm'.
11-01 11:39:14.825 D/[blink]KeyboardEventManager( 4774): [keyEvent] initialKeyEvent KeyUp nativeKeyCode=22 windowsKeyCode=39 text[0]=0
11-01 11:39:14.825 D/[blink]KeyboardEventManager( 4774): [keyEvent] initialKeyEvent focusedNode=0x0
11-01 11:39:14.879 I/Advanced( 4774): [QUEUE] share_queue_sendEx size:1 4097 90 0x8f9aff30,postLoopId:0,dstid:1.
11-01 11:39:14.966 D/[blink]DOMTimer( 4774): [fired] 0x2ba0cc18 timeout fired.
11-01 11:39:14.966 D/ScriptController( 4774): [executeScriptAndReturnValue] [V8] evaluate Script start. frame=0x29701a48 url= line=1. source length=22
11-01 11:39:14.967 D/iPanel  ( 4774): iPanel.debug("checkOverlayCreated")
11-01 11:39:14.967 D/[blink]DOMTimer( 4774): [DOMTimer] 0x2ba0cc88 setTimeout 300ms, repeat:0.
11-01 11:39:14.967 D/ScriptController( 4774): [executeScriptAndReturnValue] [V8] evaluate Script end. frame=0x29701a48 
11-01 11:39:15.116 D/BackBootDealerNeimeng( 2369): standbyState:
11-01 11:39:15.116 E/NetUtils( 2018): Interface eth0 LinkDown!
11-01 11:39:15.214 V/PT      ( 1581): >>INFO:irkey_task:[    1356.137141] /dev/input/event0: type=0001 code=006a val=00000001
11-01 11:39:15.214 V/PT      ( 1581): >>INFO:irkey_send:0x3001 0x0027 down
11-01 11:39:15.214 V/SUMA    ( 1581): ++++++++++++++  _roc_evtmgr_key_cbk 517:input = 12289, event=39, act=0x100
11-01 11:39:15.214 V/SUMA    ( 1581): lxm:_roc_evtmgr_key_cbk 519 1356137
11-01 11:39:15.214 V/SUMA    ( 1581): lxm:_roc_evtmgr_add_evt_into_queue 347 1356137
11-01 11:39:15.215 V/SUMA    ( 1581): ===================>> type=0 src=0 evt=39 act=0x100
11-01 11:39:15.215 V/PT      ( 1581): >>INFO:irkey_task:[    1356.137141] /dev/input/event0: type=0000 code=0000 val=00000000
11-01 11:39:15.215 V/SUMA    ( 1581): [sysset-s][event_manager_cbk 78]lxm cbid=1, cbk_reg=1, cpid=2452
11-01 11:39:15.215 D/ir_user ( 1585): PlayerTimeLineTrace:linux_keycode:0x6a(DOWN),	protocol: .
11-01 11:39:15.215 D/NGBEvent( 2452): ngbEventCallBack type:0 source :39
11-01 11:39:15.215 D/NGBEvent( 2452): [NGBEventManager-JNI]-returning:1
11-01 11:39:15.215 D/NGBEvent( 2452): Input key event: keyCode=39
11-01 11:39:15.215 D/NGBEvent( 2452): src:39 = dest:39
11-01 11:39:15.215 I/System.out( 2452): [DEBUG EventManager] LWJ--Add event to java with evt=NgbEvent-[type = 1, subtype = 401, code = 39]
11-01 11:39:15.215 D/NGBEvent( 2452): [NGBEvent_log]--[EventManager--JNI]:		start
11-01 11:39:15.215 I/System.out( 2452): [DEBUG EventManager] broadcastEvent  :len 1
11-01 11:39:15.216 D/CombineKeyUtil( 2452): [TN_pool-1-thread-1]dealKeyEvent,combineIndex:-1:keyCode:22
11-01 11:39:15.216 D/KeyEventNgbDealer( 2452): [TN_pool-1-thread-1]handleKeyPressed keyEvent=NgbEvent-[type = 1, subtype = 401, code = 39],time=1356138
11-01 11:39:15.216 D/RemoteIME( 2337): onKeyDown event = KeyEvent { action=ACTION_DOWN, keyCode=KEYCODE_DPAD_RIGHT, scanCode=106, metaState=0, flags=0x8, repeatCount=0, eventTime=1356137, downTime=1356137, deviceId=3, source=0x701 },mSkbContainer=null
11-01 11:39:15.218 D/cr_AwTestContainerView( 4774): [AwTestContainerView.java:63] [mainFrame]: [unknown] dispatchKeyEvent keyCode = 22 event = KeyEvent { action=ACTION_DOWN, keyCode=KEYCODE_DPAD_RIGHT, scanCode=106, metaState=0, flags=0x8, repeatCount=0, eventTime=1356137, downTime=1356137, deviceId=3, source=0x701 }
11-01 11:39:15.218 D/ImeAdapterAndroid( 4774): [SendKeyEvent] [BUILD TIME: ] dispatchKeyEvent key_code=22 modifiers=0 unicode_char=0 scan_code=106 is_system=0 tm=1356137
11-01 11:39:15.219 D/RenderWidgetInputHandler( 4774): [HandleInputEvent] input_event type=8 name=KeyDown
11-01 11:39:15.219 D/RenderWidgetInputHandler( 4774): [HandleInputEvent] input_event type=8 prevent_default:0
11-01 11:39:15.219 D/WebViewImpl( 4774): [handleKeyEvent] keycode:39, eventType:8 native keycode:22 frame=0x29709820. url='http://10.14.41.246/application/shfw/index.htm'.
11-01 11:39:15.219 D/[blink]KeyboardEventManager( 4774): [keyEvent] initialKeyEvent KeyDown nativeKeyCode=22 windowsKeyCode=39 text[0]=0
11-01 11:39:15.219 D/[blink]KeyboardEventManager( 4774): [keyEvent] initialKeyEvent focusedNode=0x0
11-01 11:39:15.219 D/V8ScriptRunner( 4774): [callFunction] start. frame = 0x29709820 function: document.onkeydown url: http://10.14.41.246/application/shfw/js/keyevent.js line: 22
11-01 11:39:15.219 D/base::KeyConverter( 4774): [get] convert 22 => -1.
11-01 11:39:15.220 D/ChromeClientImpl( 4774): [addMessageToConsole] [LOG:CONSOLE(32)] "index keycode=KEY_RIGHT", source:http://10.14.41.246/application/shfw/js/common.js (32)
11-01 11:39:15.220 D/[cc]beginFrameSource( 4774): [AddObserver] ExternalBeginFrameSource::AddObserver
11-01 11:39:15.221 D/V8ScriptRunner( 4774): [callFunction] end. frame = 0x29709820 function: document.onkeydown url: http://10.14.41.246/application/shfw/js/keyevent.js line: 22
11-01 11:39:15.221 D/[blink]KeyboardEventManager( 4774): [keyEvent] dispatchResult = CanceledByEventHandler
11-01 11:39:15.227 D/[cc]ProxyMain( 4774): [BeginMainFrame] cc.BeginMainFrame this:0x9f6fa8d0
11-01 11:39:15.227 D/[cc]LayerTreeHost( 4774): [AnimateLayers] AnimateLayers monotonic_time=1356149945
11-01 11:39:15.227 D/[blink]FrameView( 4774): [updateStyleAndLayoutIfNeededRecursiveInternal] in... this:0x2ba0a520.
11-01 11:39:15.228 D/[blink]FrameView( 4774): [layout] start... this:0x2ba0a520, frame=0x29709820 content size(1280, 720). 
11-01 11:39:15.228 D/[blink]FrameView( 4774): [layout] performPreLayoutTasks start... this:0x2ba0a520
11-01 11:39:15.228 D/[blink]FrameView( 4774): [layout] performPreLayoutTasks end... this:0x2ba0a520
11-01 11:39:15.228 D/[blink]FrameView( 4774): [layout] performLayout start... this:0x2ba0a520
11-01 11:39:15.228 D/[blink]FrameView( 4774): [layout] performLayout end... this:0x2ba0a520
11-01 11:39:15.228 D/[blink]FrameView( 4774): [layout] call compositor()->didLayout()!
11-01 11:39:15.228 D/[blink]FrameView( 4774): [layout] updateDocumentAnnotatedRegions start... this:0x2ba0a520
11-01 11:39:15.228 D/[blink]FrameView( 4774): [layout] scheduleOrPerformPostLayoutTasks start... this:0x2ba0a520
11-01 11:39:15.228 D/[blink]FrameView( 4774): [layout] end... this:0x2ba0a520
11-01 11:39:15.228 D/[blink]FrameView( 4774): [layout] out... this:0x2ba0a520
11-01 11:39:15.228 D/[blink]FrameView( 4774): [updateStyleAndLayoutIfNeededRecursiveInternal] end... this:0x2ba0a520.
11-01 11:39:15.228 D/[blink]FrameView( 4774): [updateLifecyclePhasesInternal] in... this:0x2ba0a520, targetState=18
11-01 11:39:15.228 D/[blink]FrameView( 4774): [updateLifecyclePhasesInternal] call compositor()->updateIfNeededRecursive()!
11-01 11:39:15.229 D/[blink]FrameView( 4774): [updateLifecyclePhasesInternal] end... this:0x2ba0a520
11-01 11:39:15.267 D/[blink]DOMTimer( 4774): [fired] 0x2ba0cc88 timeout fired.
11-01 11:39:15.267 D/ScriptController( 4774): [executeScriptAndReturnValue] [V8] evaluate Script start. frame=0x29701a48 url= line=1. source length=22
11-01 11:39:15.267 D/iPanel  ( 4774): iPanel.debug("checkOverlayCreated")
11-01 11:39:15.267 D/[blink]DOMTimer( 4774): [DOMTimer] 0x2ba0ccf8 setTimeout 300ms, repeat:0.
11-01 11:39:15.267 D/ScriptController( 4774): [executeScriptAndReturnValue] [V8] evaluate Script end. frame=0x29701a48 
11-01 11:39:15.288 I/Advanced( 4774): [QUEUE] share_queue_sendEx size:1 4097 92 0x8f9aff30,postLoopId:0,dstid:1.
11-01 11:39:15.315 V/PT      ( 1581): >>INFO:irkey_task:[    1356.238330] /dev/input/event0: type=0001 code=006a val=00000000
11-01 11:39:15.315 V/PT      ( 1581): >>INFO:irkey_send:0x3001 0x0027 up  
11-01 11:39:15.315 V/SUMA    ( 1581): ++++++++++++++  _roc_evtmgr_key_cbk 517:input = 12289, event=39, act=0x400
11-01 11:39:15.316 V/SUMA    ( 1581): lxm:_roc_evtmgr_key_cbk 519 1356238
11-01 11:39:15.316 V/SUMA    ( 1581): lxm:_roc_evtmgr_add_key_into_queue 311 1356238
11-01 11:39:15.316 V/PT      ( 1581): >>INFO:irkey_task:[    1356.238330] /dev/input/event0: type=0000 code=0000 val=00000000
11-01 11:39:15.316 V/SUMA    ( 1581): ===================>> type=0 src=0 evt=39 act=0x400
11-01 11:39:15.316 V/SUMA    ( 1581): [sysset-s][event_manager_cbk 78]lxm cbid=1, cbk_reg=1, cpid=2452
11-01 11:39:15.316 D/NGBEvent( 2452): ngbEventCallBack type:0 source :39
11-01 11:39:15.316 D/NGBEvent( 2452): [NGBEventManager-JNI]-returning:1
11-01 11:39:15.316 D/ir_user ( 1585): PlayerTimeLineTrace:linux_keycode:0x6a(UP),	protocol: .
11-01 11:39:15.316 D/NGBEvent( 2452): Input key event: keyCode=39
11-01 11:39:15.316 D/NGBEvent( 2452): src:39 = dest:39
11-01 11:39:15.317 I/System.out( 2452): [DEBUG EventManager] LWJ--Add event to java with evt=NgbEvent-[type = 1, subtype = 402, code = 39]
11-01 11:39:15.317 D/NGBEvent( 2452): [NGBEvent_log]--[EventManager--JNI]:		start
11-01 11:39:15.317 I/System.out( 2452): [DEBUG EventManager] broadcastEvent  :len 1
11-01 11:39:15.317 D/KeyEventNgbDealer( 2452): [TN_pool-1-thread-1]handleKeyReleased keyEvent=NgbEvent-[type = 1, subtype = 402, code = 39],time=1356240
11-01 11:39:15.317 D/RemoteIME( 2337): RemoteIME--> onKeyUp keyCode = 22
11-01 11:39:15.319 D/cr_AwTestContainerView( 4774): [AwTestContainerView.java:63] [mainFrame]: [unknown] dispatchKeyEvent keyCode = 22 event = KeyEvent { action=ACTION_UP, keyCode=KEYCODE_DPAD_RIGHT, scanCode=106, metaState=0, flags=0x8, repeatCount=0, eventTime=1356238, downTime=1356137, deviceId=3, source=0x701 }
11-01 11:39:15.319 D/ImeAdapterAndroid( 4774): [SendKeyEvent] [BUILD TIME: ] dispatchKeyEvent key_code=22 modifiers=0 unicode_char=0 scan_code=106 is_system=0 tm=1356238
11-01 11:39:15.320 D/RenderWidgetInputHandler( 4774): [HandleInputEvent] input_event type=9 name=KeyUp
11-01 11:39:15.320 D/RenderWidgetInputHandler( 4774): [HandleInputEvent] input_event type=9 prevent_default:0
