11-01 11:39:15.711 D/cr_AwContents( 4774): [AwContents.java:520] BackgroundThreadClientImpl shouldInterceptRequest url = http://api.slave.homed.me:13160/homed/program/get_list?accesstoken=TOKEN50001002&label=undefined&pageidx=1&pagenum=20&depth=1
11-01 11:39:15.711 D/cr_AwNullContentsClient( 4774): [AwNullContentsClient.java:62] shouldInterceptRequest url=http://api.slave.homed.me:13160/homed/program/get_list?accesstoken=TOKEN50001002&label=undefined&pageidx=1&pagenum=20&depth=1
11-01 11:39:15.711 D/BrowserWebViewClient( 4774): intercept request :http://api.slave.homed.me:13160/homed/program/get_list?accesstoken=TOKEN50001002&label=undefined&pageidx=1&pagenum=20&depth=1
11-01 11:39:15.711 D/AwRequestInterceptor( 4774): [MaybeInterceptRequest] request=0x9f4e6600
11-01 11:39:15.711 D/[blink]DOMTimer( 4774): [DOMTimer] 0x2ba119c0 setTimeout 500ms, repeat:0.
11-01 11:39:15.711 D/[blink]DOMTimer( 4774): [DOMTimer] 0x2ba11a30 setTimeout 30000ms, repeat:0.
11-01 11:39:15.712 D/V8ScriptRunner( 4774): [callFunction] end. frame = 0x29709820 function: xmlHttp.onreadystatechange url: http://10.14.41.246/application/shfw/ListPage/js/common.js line: 234
11-01 11:39:15.712 D/[cc]ProxyMain( 4774): [BeginMainFrame] cc.BeginMainFrame this:0x9f6fa8d0
11-01 11:39:15.712 D/[cc]LayerTreeHost( 4774): [AnimateLayers] AnimateLayers monotonic_time=1356633279
11-01 11:39:15.712 D/[blink]FrameView( 4774): [updateStyleAndLayoutIfNeededRecursiveInternal] in... this:0x2ba0cd68.
11-01 11:39:15.712 D/[blink]FrameView( 4774): [layout] start... this:0x2ba0cd68, frame=0x29709820 content size(1280, 720). 
11-01 11:39:15.712 D/[blink]FrameView( 4774): [layout] performPreLayoutTasks start... this:0x2ba0cd68
11-01 11:39:15.712 D/[blink]FrameView( 4774): [layout] performPreLayoutTasks end... this:0x2ba0cd68
11-01 11:39:15.712 D/[blink]FrameView( 4774): [layout] performLayout start... this:0x2ba0cd68
11-01 11:39:15.713 D/[blink]FrameView( 4774): [layout] performLayout end... this:0x2ba0cd68
11-01 11:39:15.713 D/[blink]FrameView( 4774): [layout] call compositor()->didLayout()!
11-01 11:39:15.713 D/[blink]FrameView( 4774): [layout] updateDocumentAnnotatedRegions start... this:0x2ba0cd68
11-01 11:39:15.713 D/[blink]FrameView( 4774): [layout] scheduleOrPerformPostLayoutTasks start... this:0x2ba0cd68
11-01 11:39:15.713 D/[blink]FrameView( 4774): [layout] end... this:0x2ba0cd68
11-01 11:39:15.713 D/[blink]FrameView( 4774): [layout] out... this:0x2ba0cd68
11-01 11:39:15.713 D/[blink]FrameView( 4774): [updateStyleAndLayoutIfNeededRecursiveInternal] end... this:0x2ba0cd68.
11-01 11:39:15.713 D/[blink]FrameView( 4774): [updateLifecyclePhasesInternal] in... this:0x2ba0cd68, targetState=18
11-01 11:39:15.713 D/[blink]FrameView( 4774): [updateLifecyclePhasesInternal] call compositor()->updateIfNeededRecursive()!
11-01 11:39:15.715 D/[blink]FrameView( 4774): [updateLifecyclePhasesInternal] end... this:0x2ba0cd68
11-01 11:39:15.750 D/ir_user ( 1585): PlayerTimeLineTrace:linux_keycode:0x1c(UP),	protocol: .
11-01 11:39:15.750 V/PT      ( 1581): >>INFO:irkey_task:[    1356.673446] /dev/input/event0: type=0001 code=001c val=00000000
11-01 11:39:15.750 V/PT      ( 1581): >>INFO:irkey_send:0x3001 0x1001 up  
11-01 11:39:15.750 V/SUMA    ( 1581): ++++++++++++++  _roc_evtmgr_key_cbk 517:input = 12289, event=4097, act=0x400
11-01 11:39:15.750 V/SUMA    ( 1581): lxm:_roc_evtmgr_key_cbk 519 1356673
11-01 11:39:15.750 V/SUMA    ( 1581): lxm:_roc_evtmgr_add_key_into_queue 311 1356673
11-01 11:39:15.750 V/PT      ( 1581): >>INFO:irkey_task:[    1356.673446] /dev/input/event0: type=0000 code=0000 val=00000000
11-01 11:39:15.750 V/SUMA    ( 1581): ===================>> type=0 src=0 evt=4097 act=0x400
11-01 11:39:15.750 V/SUMA    ( 1581): [sysset-s][event_manager_cbk 78]lxm cbid=1, cbk_reg=1, cpid=2452
11-01 11:39:15.751 D/NGBEvent( 2452): ngbEventCallBack type:0 source :4097
11-01 11:39:15.751 D/NGBEvent( 2452): [NGBEventManager-JNI]-returning:1
11-01 11:39:15.751 D/NGBEvent( 2452): Input key event: keyCode=4097
11-01 11:39:15.751 D/NGBEvent( 2452): src:4097 = dest:4097
11-01 11:39:15.751 I/System.out( 2452): [DEBUG EventManager] LWJ--Add event to java with evt=NgbEvent-[type = 1, subtype = 402, code = 4097]
11-01 11:39:15.751 D/NGBEvent( 2452): [NGBEvent_log]--[EventManager--JNI]:		start
11-01 11:39:15.751 I/System.out( 2452): [DEBUG EventManager] broadcastEvent  :len 1
11-01 11:39:15.751 D/KeyEventNgbDealer( 2452): [TN_pool-1-thread-1]handleKeyReleased keyEvent=NgbEvent-[type = 1, subtype = 402, code = 4097],time=1356674
11-01 11:39:15.751 D/RemoteIME( 2337): RemoteIME--> onKeyUp keyCode = 23
11-01 11:39:15.752 D/cr_AwTestContainerView( 4774): [AwTestContainerView.java:63] [mainFrame]: [unknown] dispatchKeyEvent keyCode = 23 event = KeyEvent { action=ACTION_UP, keyCode=KEYCODE_DPAD_CENTER, scanCode=28, metaState=0, flags=0x8, repeatCount=0, eventTime=1356673, downTime=1356464, deviceId=3, source=0x701 }
11-01 11:39:15.752 D/ImeAdapterAndroid( 4774): [SendKeyEvent] [BUILD TIME: ] dispatchKeyEvent key_code=23 modifiers=0 unicode_char=0 scan_code=28 is_system=0 tm=1356673
11-01 11:39:15.752 D/RenderWidgetInputHandler( 4774): [HandleInputEvent] input_event type=9 name=KeyUp
11-01 11:39:15.753 D/RenderWidgetInputHandler( 4774): [HandleInputEvent] input_event type=9 prevent_default:0
11-01 11:39:15.753 D/WebViewImpl( 4774): [handleKeyEvent] keycode:13, eventType:9 native keycode:23 frame=0x29709820. url='http://10.14.41.246/application/shfw/ListPage/index.htm'.
11-01 11:39:15.753 D/[blink]KeyboardEventManager( 4774): [keyEvent] initialKeyEvent KeyUp nativeKeyCode=23 windowsKeyCode=13 text[0]=13
11-01 11:39:15.753 D/[blink]KeyboardEventManager( 4774): [keyEvent] initialKeyEvent focusedNode=0x0
11-01 11:39:15.792 I/AdvancedPorting-PORT_MODULE_NET( 4774): network_task while... 
11-01 11:39:15.793 I/AdvancedPorting-PORT_MODULE_NET( 4774): 0 interface name: lo
11-01 11:39:15.793 I/AdvancedPorting-PORT_MODULE_NET( 4774): 1 interface name: wlan0
11-01 11:39:15.793 I/AdvancedPorting-PORT_MODULE_NET( 4774): First interface name: lo
11-01 11:39:15.793 I/AdvancedPorting-PORT_MODULE_NET( 4774): network_task while...  net_i:1
11-01 11:39:15.793 I/AdvancedPorting-PORT_MODULE_NET( 4774): network_task while---name_interface[0]=lo
11-01 11:39:15.793 I/AdvancedPorting-PORT_MODULE_NET( 4774): network_task while---name_interface[1]=wlan0
11-01 11:39:15.793 I/AdvancedPorting-PORT_MODULE_NET( 4774): network_task while---interface_name=wlan0
11-01 11:39:15.793 I/AdvancedPorting-PORT_MODULE_NET( 4774): network_get_netlink_status(in)--if_name=wlan0
11-01 11:39:15.793 I/AdvancedPorting-PORT_MODULE_NET( 4774): net.network.isconnected = no
11-01 11:39:15.793 I/AdvancedPorting-PORT_MODULE_NET( 4774): wlan0 --network_get_netlink_status return retval=1
11-01 11:39:15.793 I/AdvancedPorting-PORT_MODULE_NET( 4774): stat = 1 last_status = 1
11-01 11:39:15.806 D/ResourceLoader( 4774): [ResponseCompleted] finish request 0x9f4e6600 url='http://api.slave.homed.me:13160/homed/program/get_list?accesstoken=TOKEN50001002&label=undefined&pageidx=1&pagenum=20&depth=1'
11-01 11:39:15.806 D/V8ScriptRunner( 4774): [callFunction] start. frame = 0x29709820 function: xmlHttp.onreadystatechange url: http://10.14.41.246/application/shfw/ListPage/js/common.js line: 234
11-01 11:39:15.806 D/V8ScriptRunner( 4774): [callFunction] end. frame = 0x29709820 function: xmlHttp.onreadystatechange url: http://10.14.41.246/application/shfw/ListPage/js/common.js line: 234
11-01 11:39:15.806 D/V8ScriptRunner( 4774): [callFunction] start. frame = 0x29709820 function: xmlHttp.onreadystatechange url: http://10.14.41.246/application/shfw/ListPage/js/common.js line: 234
11-01 11:39:15.807 D/V8ScriptRunner( 4774): [callFunction] end. frame = 0x29709820 function: xmlHttp.onreadystatechange url: http://10.14.41.246/application/shfw/ListPage/js/common.js line: 234
11-01 11:39:15.807 D/[blink]ResourceFetcher( 4774): [didFinishLoading] encoded length=299 url=http://api.slave.homed.me:13160/homed/program/get_list?accesstoken=TOKEN50001002&label=undefined&pageidx=1&pagenum=20&depth=1.
11-01 11:39:15.807 D/V8ScriptRunner( 4774): [callFunction] start. frame = 0x29709820 function: xmlHttp.onreadystatechange url: http://10.14.41.246/application/shfw/ListPage/js/common.js line: 234
11-01 11:39:15.808 D/V8      ( 4774): [TypeError] [V8] JS Error: TypeError: slice, url=http://10.14.41.246/application/shfw/ListPage/index.htm, line=208
11-01 11:39:15.808 D/V8      ( 4774): [NewError] [V8] Factory::NewError: Cannot read property 'slice' of undefined
11-01 11:39:15.808 D/V8      ( 4774): [TypeError] [V8] JS Throw: TypeError, ../../v8/src/ic/ic.cc(370)
11-01 11:39:15.808 D/V8      ( 4774): [Throw] [V8] Isolate::Throw!
11-01 11:39:15.808 D/V8      ( 4774): [TypeError] [V8] TypeError exception clear!
11-01 11:39:15.808 D/V8      ( 4774): [__RT_impl_Runtime_ThrowCalledNonCallable] [V8] JS Throw: __RT_impl_Runtime_ThrowCalledNonCallable, ../../v8/src/runtime/runtime-internal.cc(460)
11-01 11:39:15.808 D/V8      ( 4774): [NewError] [V8] Factory::NewError: result_data.list.slice is not a function
11-01 11:39:15.808 D/V8      ( 4774): [Throw] [V8] Isolate::Throw!
11-01 11:39:15.808 D/ChromeClientImpl( 4774): [addMessageToConsole] [ERROR:CONSOLE(208)] "Uncaught TypeError: result_data.list.slice is not a function", source:http://10.14.41.246/application/shfw/ListPage/index.htm (208)
11-01 11:39:15.808 D/V8ScriptRunner( 4774): [callFunction] end. frame = 0x29709820 function: xmlHttp.onreadystatechange url: http://10.14.41.246/application/shfw/ListPage/js/common.js line: 234
11-01 11:39:15.880 D/[blink]DOMTimer( 4774): [fired] 0x2ba0d1b8 timeout fired.
11-01 11:39:15.880 D/ScriptController( 4774): [executeScriptAndReturnValue] [V8] evaluate Script start. frame=0x29701a48 url= line=1. source length=22
11-01 11:39:15.880 D/iPanel  ( 4774): iPanel.debug("checkOverlayCreated")
11-01 11:39:15.880 D/[blink]DOMTimer( 4774): [DOMTimer] 0x2ba11aa0 setTimeout 300ms, repeat:0.
11-01 11:39:15.881 D/ScriptController( 4774): [executeScriptAndReturnValue] [V8] evaluate Script end. frame=0x29701a48 
11-01 11:39:15.889 I/Advanced( 4774): [QUEUE] share_queue_sendEx size:1 4097 95 0x8f9aff30,postLoopId:0,dstid:1.
11-01 11:39:16.090 I/Advanced( 4774): [QUEUE] share_queue_sendEx size:1 4097 96 0x8f9aff30,postLoopId:0,dstid:1.
11-01 11:39:16.117 D/BackBootDealerNeimeng( 2369): standbyState:
11-01 11:39:16.118 E/NetUtils( 2018): Interface eth0 LinkDown!
11-01 11:39:16.181 D/[blink]DOMTimer( 4774): [fired] 0x2ba11aa0 timeout fired.
11-01 11:39:16.181 D/ScriptController( 4774): [executeScriptAndReturnValue] [V8] evaluate Script start. frame=0x29701a48 url= line=1. source length=22
11-01 11:39:16.181 D/iPanel  ( 4774): iPanel.debug("checkOverlayCreated")
11-01 11:39:16.181 D/[blink]DOMTimer( 4774): [DOMTimer] 0x2ba11b10 setTimeout 300ms, repeat:0.
11-01 11:39:16.181 D/ScriptController( 4774): [executeScriptAndReturnValue] [V8] evaluate Script end. frame=0x29701a48 
11-01 11:39:16.481 D/[blink]DOMTimer( 4774): [fired] 0x2ba11b10 timeout fired.
11-01 11:39:16.482 D/ScriptController( 4774): [executeScriptAndReturnValue] [V8] evaluate Script start. frame=0x29701a48 url= line=1. source length=22
11-01 11:39:16.482 D/iPanel  ( 4774): iPanel.debug("checkOverlayCreated")
11-01 11:39:16.482 D/[blink]DOMTimer( 4774): [DOMTimer] 0x2ba11b80 setTimeout 300ms, repeat:0.
11-01 11:39:16.482 D/ScriptController( 4774): [executeScriptAndReturnValue] [V8] evaluate Script end. frame=0x29701a48 
11-01 11:39:16.499 I/Advanced( 4774): [QUEUE] share_queue_sendEx size:1 4097 98 0x8f9aff30,postLoopId:0,dstid:1.
11-01 11:39:16.618 D/BackBootDealerNeimeng( 2369): standbyState:
11-01 11:39:16.619 E/NetUtils( 2018): Interface eth0 LinkDown!
11-01 11:39:16.700 I/Advanced( 4774): [QUEUE] share_queue_sendEx size:1 4097 99 0x8f9aff30,postLoopId:0,dstid:1.
11-01 11:39:16.782 D/[blink]DOMTimer( 4774): [fired] 0x2ba11b80 timeout fired.
11-01 11:39:16.782 D/ScriptController( 4774): [executeScriptAndReturnValue] [V8] evaluate Script start. frame=0x29701a48 url= line=1. source length=22
11-01 11:39:16.782 D/iPanel  ( 4774): iPanel.debug("checkOverlayCreated")
11-01 11:39:16.783 D/[blink]DOMTimer( 4774): [DOMTimer] 0x2ba11bf0 setTimeout 300ms, repeat:0.
11-01 11:39:16.783 D/ScriptController( 4774): [executeScriptAndReturnValue] [V8] evaluate Script end. frame=0x29701a48 
11-01 11:39:16.793 I/AdvancedPorting-PORT_MODULE_NET( 4774): network_task while... 
11-01 11:39:16.793 I/AdvancedPorting-PORT_MODULE_NET( 4774): 0 interface name: lo
11-01 11:39:16.793 I/AdvancedPorting-PORT_MODULE_NET( 4774): 1 interface name: wlan0
11-01 11:39:16.793 I/AdvancedPorting-PORT_MODULE_NET( 4774): First interface name: lo
11-01 11:39:16.793 I/AdvancedPorting-PORT_MODULE_NET( 4774): network_task while...  net_i:1
11-01 11:39:16.793 I/AdvancedPorting-PORT_MODULE_NET( 4774): network_task while---name_interface[0]=lo
11-01 11:39:16.793 I/AdvancedPorting-PORT_MODULE_NET( 4774): network_task while---name_interface[1]=wlan0
11-01 11:39:16.793 I/AdvancedPorting-PORT_MODULE_NET( 4774): network_task while---interface_name=wlan0
11-01 11:39:16.793 I/AdvancedPorting-PORT_MODULE_NET( 4774): network_get_netlink_status(in)--if_name=wlan0
11-01 11:39:16.793 I/AdvancedPorting-PORT_MODULE_NET( 4774): net.network.isconnected = no
11-01 11:39:16.793 I/AdvancedPorting-PORT_MODULE_NET( 4774): wlan0 --network_get_netlink_status return retval=1
11-01 11:39:16.793 I/AdvancedPorting-PORT_MODULE_NET( 4774): stat = 1 last_status = 1
11-01 11:39:16.900 I/Advanced( 4774): [QUEUE] share_queue_sendEx size:1 4097 100 0x8f9aff30,postLoopId:0,dstid:1.
11-01 11:39:17.083 D/[blink]DOMTimer( 4774): [fired] 0x2ba11bf0 timeout fired.
11-01 11:39:17.083 D/ScriptController( 4774): [executeScriptAndReturnValue] [V8] evaluate Script start. frame=0x29701a48 url= line=1. source length=22
11-01 11:39:17.083 D/iPanel  ( 4774): iPanel.debug("checkOverlayCreated")
11-01 11:39:17.083 D/[blink]DOMTimer( 4774): [DOMTimer] 0x2ba11c60 setTimeout 300ms, repeat:0.
11-01 11:39:17.083 D/ScriptController( 4774): [executeScriptAndReturnValue] [V8] evaluate Script end. frame=0x29701a48 
11-01 11:39:17.101 I/Advanced( 4774): [QUEUE] share_queue_sendEx size:1 4097 101 0x8f9aff30,postLoopId:0,dstid:1.
11-01 11:39:17.119 D/BackBootDealerNeimeng( 2369): standbyState:
11-01 11:39:17.121 E/NetUtils( 2018): Interface eth0 LinkDown!
11-01 11:39:17.384 D/[blink]DOMTimer( 4774): [fired] 0x2ba11c60 timeout fired.
11-01 11:39:17.384 D/ScriptController( 4774): [executeScriptAndReturnValue] [V8] evaluate Script start. frame=0x29701a48 url= line=1. source length=22
11-01 11:39:17.384 D/iPanel  ( 4774): iPanel.debug("checkOverlayCreated")
11-01 11:39:17.384 D/[blink]DOMTimer( 4774): [DOMTimer] 0x2ba11cd0 setTimeout 300ms, repeat:0.
11-01 11:39:17.384 D/ScriptController( 4774): [executeScriptAndReturnValue] [V8] evaluate Script end. frame=0x29701a48 
11-01 11:39:17.510 I/Advanced( 4774): [QUEUE] share_queue_sendEx size:1 4097 103 0x8f9aff30,postLoopId:0,dstid:1.
11-01 11:39:17.621 D/BackBootDealerNeimeng( 2369): standbyState:
11-01 11:39:17.622 E/NetUtils( 2018): Interface eth0 LinkDown!
11-01 11:39:17.684 D/[blink]DOMTimer( 4774): [fired] 0x2ba11cd0 timeout fired.
11-01 11:39:17.684 D/ScriptController( 4774): [executeScriptAndReturnValue] [V8] evaluate Script start. frame=0x29701a48 url= line=1. source length=22
11-01 11:39:17.685 D/iPanel  ( 4774): iPanel.debug("checkOverlayCreated")
11-01 11:39:17.685 D/[blink]DOMTimer( 4774): [DOMTimer] 0x2ba11d40 setTimeout 300ms, repeat:0.
11-01 11:39:17.685 D/ScriptController( 4774): [executeScriptAndReturnValue] [V8] evaluate Script end. frame=0x29701a48 
11-01 11:39:17.711 I/Advanced( 4774): [QUEUE] share_queue_sendEx size:1 4097 104 0x8f9aff30,postLoopId:0,dstid:1.
11-01 11:39:17.793 I/AdvancedPorting-PORT_MODULE_NET( 4774): network_task while... 
11-01 11:39:17.793 I/AdvancedPorting-PORT_MODULE_NET( 4774): 0 interface name: lo
11-01 11:39:17.793 I/AdvancedPorting-PORT_MODULE_NET( 4774): 1 interface name: wlan0
11-01 11:39:17.793 I/AdvancedPorting-PORT_MODULE_NET( 4774): First interface name: lo
11-01 11:39:17.793 I/AdvancedPorting-PORT_MODULE_NET( 4774): network_task while...  net_i:1
11-01 11:39:17.793 I/AdvancedPorting-PORT_MODULE_NET( 4774): network_task while---name_interface[0]=lo
11-01 11:39:17.793 I/AdvancedPorting-PORT_MODULE_NET( 4774): network_task while---name_interface[1]=wlan0
11-01 11:39:17.794 I/AdvancedPorting-PORT_MODULE_NET( 4774): network_task while---interface_name=wlan0
11-01 11:39:17.794 I/AdvancedPorting-PORT_MODULE_NET( 4774): network_get_netlink_status(in)--if_name=wlan0
11-01 11:39:17.794 I/AdvancedPorting-PORT_MODULE_NET( 4774): net.network.isconnected = no
11-01 11:39:17.794 I/AdvancedPorting-PORT_MODULE_NET( 4774): wlan0 --network_get_netlink_status return retval=1
11-01 11:39:17.794 I/AdvancedPorting-PORT_MODULE_NET( 4774): stat = 1 last_status = 1
11-01 11:39:17.912 I/Advanced( 4774): [QUEUE] share_queue_sendEx size:1 4097 105 0x8f9aff30,postLoopId:0,dstid:1.
11-01 11:39:17.985 D/[blink]DOMTimer( 4774): [fired] 0x2ba11d40 timeout fired.
11-01 11:39:17.985 D/ScriptController( 4774): [executeScriptAndReturnValue] [V8] evaluate Script start. frame=0x29701a48 url= line=1. source length=22
11-01 11:39:17.985 D/iPanel  ( 4774): iPanel.debug("checkOverlayCreated")
11-01 11:39:17.985 D/[blink]DOMTimer( 4774): [DOMTimer] 0x2ba11db0 setTimeout 300ms, repeat:0.
11-01 11:39:17.986 D/ScriptController( 4774): [executeScriptAndReturnValue] [V8] evaluate Script end. frame=0x29701a48 
11-01 11:39:18.122 D/BackBootDealerNeimeng( 2369): standbyState:
11-01 11:39:18.123 E/NetUtils( 2018): Interface eth0 LinkDown!
11-01 11:39:18.286 D/[blink]DOMTimer( 4774): [fired] 0x2ba11db0 timeout fired.
11-01 11:39:18.286 D/ScriptController( 4774): [executeScriptAndReturnValue] [V8] evaluate Script start. frame=0x29701a48 url= line=1. source length=22
11-01 11:39:18.286 D/iPanel  ( 4774): iPanel.debug("checkOverlayCreated")
11-01 11:39:18.286 D/[blink]DOMTimer( 4774): [DOMTimer] 0x2ba11e20 setTimeout 300ms, repeat:0.
11-01 11:39:18.286 D/ScriptController( 4774): [executeScriptAndReturnValue] [V8] evaluate Script end. frame=0x29701a48 
11-01 11:39:18.321 I/Advanced( 4774): [QUEUE] share_queue_sendEx size:1 4097 107 0x8f9aff30,postLoopId:0,dstid:1.
11-01 11:39:18.522 I/Advanced( 4774): [QUEUE] share_queue_sendEx size:1 4097 108 0x8f9aff30,postLoopId:0,dstid:1.
11-01 11:39:18.587 D/[blink]DOMTimer( 4774): [fired] 0x2ba11e20 timeout fired.
11-01 11:39:18.587 D/ScriptController( 4774): [executeScriptAndReturnValue] [V8] evaluate Script start. frame=0x29701a48 url= line=1. source length=22
11-01 11:39:18.587 D/iPanel  ( 4774): iPanel.debug("checkOverlayCreated")
11-01 11:39:18.587 D/[blink]DOMTimer( 4774): [DOMTimer] 0x2ba11e90 setTimeout 300ms, repeat:0.
11-01 11:39:18.587 D/ScriptController( 4774): [executeScriptAndReturnValue] [V8] evaluate Script end. frame=0x29701a48 
11-01 11:39:18.623 D/BackBootDealerNeimeng( 2369): standbyState:
11-01 11:39:18.624 E/NetUtils( 2018): Interface eth0 LinkDown!
11-01 11:39:18.722 I/Advanced( 4774): [QUEUE] share_queue_sendEx size:1 4097 109 0x8f9aff30,postLoopId:0,dstid:1.
11-01 11:39:18.794 I/AdvancedPorting-PORT_MODULE_NET( 4774): network_task while... 
11-01 11:39:18.794 I/AdvancedPorting-PORT_MODULE_NET( 4774): 0 interface name: lo
11-01 11:39:18.794 I/AdvancedPorting-PORT_MODULE_NET( 4774): 1 interface name: wlan0
11-01 11:39:18.794 I/AdvancedPorting-PORT_MODULE_NET( 4774): First interface name: lo
11-01 11:39:18.794 I/AdvancedPorting-PORT_MODULE_NET( 4774): network_task while...  net_i:1
11-01 11:39:18.794 I/AdvancedPorting-PORT_MODULE_NET( 4774): network_task while---name_interface[0]=lo
11-01 11:39:18.794 I/AdvancedPorting-PORT_MODULE_NET( 4774): network_task while---name_interface[1]=wlan0
11-01 11:39:18.794 I/AdvancedPorting-PORT_MODULE_NET( 4774): network_task while---interface_name=wlan0
11-01 11:39:18.794 I/AdvancedPorting-PORT_MODULE_NET( 4774): network_get_netlink_status(in)--if_name=wlan0
11-01 11:39:18.794 I/AdvancedPorting-PORT_MODULE_NET( 4774): net.network.isconnected = no
11-01 11:39:18.794 I/AdvancedPorting-PORT_MODULE_NET( 4774): wlan0 --network_get_netlink_status return retval=1
11-01 11:39:18.794 I/AdvancedPorting-PORT_MODULE_NET( 4774): stat = 1 last_status = 1
11-01 11:39:18.887 D/[blink]DOMTimer( 4774): [fired] 0x2ba11e90 timeout fired.
11-01 11:39:18.887 D/ScriptController( 4774): [executeScriptAndReturnValue] [V8] evaluate Script start. frame=0x29701a48 url= line=1. source length=22
11-01 11:39:18.888 D/iPanel  ( 4774): iPanel.debug("checkOverlayCreated")
11-01 11:39:18.888 D/[blink]DOMTimer( 4774): [DOMTimer] 0x2ba11f00 setTimeout 300ms, repeat:0.
11-01 11:39:18.888 D/ScriptController( 4774): [executeScriptAndReturnValue] [V8] evaluate Script end. frame=0x29701a48 
11-01 11:39:18.923 I/Advanced( 4774): [QUEUE] share_queue_sendEx size:1 4097 110 0x8f9aff30,postLoopId:0,dstid:1.
11-01 11:39:19.123 I/Advanced( 4774): [QUEUE] share_queue_sendEx size:1 4097 111 0x8f9aff30,postLoopId:0,dstid:1.
11-01 11:39:19.125 D/BackBootDealerNeimeng( 2369): standbyState:
11-01 11:39:19.126 E/NetUtils( 2018): Interface eth0 LinkDown!
11-01 11:39:19.188 D/[blink]DOMTimer( 4774): [fired] 0x2ba11f00 timeout fired.
11-01 11:39:19.188 D/ScriptController( 4774): [executeScriptAndReturnValue] [V8] evaluate Script start. frame=0x29701a48 url= line=1. source length=22
11-01 11:39:19.188 D/iPanel  ( 4774): iPanel.debug("checkOverlayCreated")
11-01 11:39:19.188 D/[blink]DOMTimer( 4774): [DOMTimer] 0x2ba11f70 setTimeout 300ms, repeat:0.
11-01 11:39:19.188 D/ScriptController( 4774): [executeScriptAndReturnValue] [V8] evaluate Script end. frame=0x29701a48 
11-01 11:39:19.324 I/Advanced( 4774): [QUEUE] share_queue_sendEx size:1 4097 112 0x8f9aff30,postLoopId:0,dstid:1.
11-01 11:39:19.489 D/[blink]DOMTimer( 4774): [fired] 0x2ba11f70 timeout fired.
11-01 11:39:19.489 D/ScriptController( 4774): [executeScriptAndReturnValue] [V8] evaluate Script start. frame=0x29701a48 url= line=1. source length=22
11-01 11:39:19.489 D/iPanel  ( 4774): iPanel.debug("checkOverlayCreated")
11-01 11:39:19.489 D/[blink]DOMTimer( 4774): [DOMTimer] 0x2ba11fe0 setTimeout 300ms, repeat:0.
11-01 11:39:19.489 D/ScriptController( 4774): [executeScriptAndReturnValue] [V8] evaluate Script end. frame=0x29701a48 
11-01 11:39:19.524 I/Advanced( 4774): [QUEUE] share_queue_sendEx size:1 4097 113 0x8f9aff30,postLoopId:0,dstid:1.
11-01 11:39:19.626 D/BackBootDealerNeimeng( 2369): standbyState:
11-01 11:39:19.627 E/NetUtils( 2018): Interface eth0 LinkDown!
11-01 11:39:19.725 I/Advanced( 4774): [QUEUE] share_queue_sendEx size:1 4097 114 0x8f9aff30,postLoopId:0,dstid:1.
11-01 11:39:19.789 D/[blink]DOMTimer( 4774): [fired] 0x2ba11fe0 timeout fired.
11-01 11:39:19.789 D/ScriptController( 4774): [executeScriptAndReturnValue] [V8] evaluate Script start. frame=0x29701a48 url= line=1. source length=22
11-01 11:39:19.790 D/iPanel  ( 4774): iPanel.debug("checkOverlayCreated")
11-01 11:39:19.790 D/[blink]DOMTimer( 4774): [DOMTimer] 0x2ba12050 setTimeout 300ms, repeat:0.
11-01 11:39:19.790 D/ScriptController( 4774): [executeScriptAndReturnValue] [V8] evaluate Script end. frame=0x29701a48 
11-01 11:39:19.794 I/AdvancedPorting-PORT_MODULE_NET( 4774): network_task while... 
11-01 11:39:19.794 I/AdvancedPorting-PORT_MODULE_NET( 4774): 0 interface name: lo
11-01 11:39:19.794 I/AdvancedPorting-PORT_MODULE_NET( 4774): 1 interface name: wlan0
11-01 11:39:19.794 I/AdvancedPorting-PORT_MODULE_NET( 4774): First interface name: lo
11-01 11:39:19.794 I/AdvancedPorting-PORT_MODULE_NET( 4774): network_task while...  net_i:1
11-01 11:39:19.795 I/AdvancedPorting-PORT_MODULE_NET( 4774): network_task while---name_interface[0]=lo
11-01 11:39:19.795 I/AdvancedPorting-PORT_MODULE_NET( 4774): network_task while---name_interface[1]=wlan0
11-01 11:39:19.795 I/AdvancedPorting-PORT_MODULE_NET( 4774): network_task while---interface_name=wlan0
11-01 11:39:19.795 I/AdvancedPorting-PORT_MODULE_NET( 4774): network_get_netlink_status(in)--if_name=wlan0
11-01 11:39:19.795 I/AdvancedPorting-PORT_MODULE_NET( 4774): net.network.isconnected = no
11-01 11:39:19.795 I/AdvancedPorting-PORT_MODULE_NET( 4774): wlan0 --network_get_netlink_status return retval=1
11-01 11:39:19.795 I/AdvancedPorting-PORT_MODULE_NET( 4774): stat = 1 last_status = 1
11-01 11:39:19.925 I/Advanced( 4774): [QUEUE] share_queue_sendEx size:1 4097 115 0x8f9aff30,postLoopId:0,dstid:1.
11-01 11:39:20.090 D/[blink]DOMTimer( 4774): [fired] 0x2ba12050 timeout fired.
11-01 11:39:20.090 D/ScriptController( 4774): [executeScriptAndReturnValue] [V8] evaluate Script start. frame=0x29701a48 url= line=1. source length=22
11-01 11:39:20.090 D/iPanel  ( 4774): iPanel.debug("checkOverlayCreated")
11-01 11:39:20.090 D/[blink]DOMTimer( 4774): [DOMTimer] 0x2ba120c0 setTimeout 300ms, repeat:0.
11-01 11:39:20.091 D/ScriptController( 4774): [executeScriptAndReturnValue] [V8] evaluate Script end. frame=0x29701a48 
11-01 11:39:20.126 I/Advanced( 4774): [QUEUE] share_queue_sendEx size:1 4097 116 0x8f9aff30,postLoopId:0,dstid:1.
11-01 11:39:20.127 D/BackBootDealerNeimeng( 2369): standbyState:
11-01 11:39:20.128 E/NetUtils( 2018): Interface eth0 LinkDown!
11-01 11:39:20.326 I/Advanced( 4774): [QUEUE] share_queue_sendEx size:1 4097 117 0x8f9aff30,postLoopId:0,dstid:1.
11-01 11:39:20.391 D/[blink]DOMTimer( 4774): [fired] 0x2ba120c0 timeout fired.
11-01 11:39:20.391 D/ScriptController( 4774): [executeScriptAndReturnValue] [V8] evaluate Script start. frame=0x29701a48 url= line=1. source length=22
11-01 11:39:20.391 D/iPanel  ( 4774): iPanel.debug("checkOverlayCreated")
11-01 11:39:20.391 D/[blink]DOMTimer( 4774): [DOMTimer] 0x2ba12130 setTimeout 300ms, repeat:0.
11-01 11:39:20.391 D/ScriptController( 4774): [executeScriptAndReturnValue] [V8] evaluate Script end. frame=0x29701a48 
11-01 11:39:20.527 I/Advanced( 4774): [QUEUE] share_queue_sendEx size:1 4097 118 0x8f9aff30,postLoopId:0,dstid:1.
11-01 11:39:20.628 D/BackBootDealerNeimeng( 2369): standbyState:
11-01 11:39:20.629 E/NetUtils( 2018): Interface eth0 LinkDown!
11-01 11:39:20.691 D/[blink]DOMTimer( 4774): [fired] 0x2ba12130 timeout fired.
11-01 11:39:20.692 D/ScriptController( 4774): [executeScriptAndReturnValue] [V8] evaluate Script start. frame=0x29701a48 url= line=1. source length=22
11-01 11:39:20.692 D/iPanel  ( 4774): iPanel.debug("checkOverlayCreated")
11-01 11:39:20.692 D/[blink]DOMTimer( 4774): [DOMTimer] 0x2ba121a0 setTimeout 300ms, repeat:0.
11-01 11:39:20.692 D/ScriptController( 4774): [executeScriptAndReturnValue] [V8] evaluate Script end. frame=0x29701a48 
11-01 11:39:20.727 I/Advanced( 4774): [QUEUE] share_queue_sendEx size:1 4097 119 0x8f9aff30,postLoopId:0,dstid:1.
11-01 11:39:20.795 I/AdvancedPorting-PORT_MODULE_NET( 4774): network_task while... 
11-01 11:39:20.795 I/AdvancedPorting-PORT_MODULE_NET( 4774): 0 interface name: lo
11-01 11:39:20.795 I/AdvancedPorting-PORT_MODULE_NET( 4774): 1 interface name: wlan0
11-01 11:39:20.795 I/AdvancedPorting-PORT_MODULE_NET( 4774): First interface name: lo
11-01 11:39:20.795 I/AdvancedPorting-PORT_MODULE_NET( 4774): network_task while...  net_i:1
11-01 11:39:20.795 I/AdvancedPorting-PORT_MODULE_NET( 4774): network_task while---name_interface[0]=lo
11-01 11:39:20.795 I/AdvancedPorting-PORT_MODULE_NET( 4774): network_task while---name_interface[1]=wlan0
11-01 11:39:20.795 I/AdvancedPorting-PORT_MODULE_NET( 4774): network_task while---interface_name=wlan0
11-01 11:39:20.795 I/AdvancedPorting-PORT_MODULE_NET( 4774): network_get_netlink_status(in)--if_name=wlan0
11-01 11:39:20.795 I/AdvancedPorting-PORT_MODULE_NET( 4774): net.network.isconnected = no
11-01 11:39:20.795 I/AdvancedPorting-PORT_MODULE_NET( 4774): wlan0 --network_get_netlink_status return retval=1
11-01 11:39:20.795 I/AdvancedPorting-PORT_MODULE_NET( 4774): stat = 1 last_status = 1
11-01 11:39:20.928 I/Advanced( 4774): [QUEUE] share_queue_sendEx size:1 4097 120 0x8f9aff30,postLoopId:0,dstid:1.
11-01 11:39:20.992 D/[blink]DOMTimer( 4774): [fired] 0x2ba121a0 timeout fired.
11-01 11:39:20.992 D/ScriptController( 4774): [executeScriptAndReturnValue] [V8] evaluate Script start. frame=0x29701a48 url= line=1. source length=22
11-01 11:39:20.992 D/iPanel  ( 4774): iPanel.debug("checkOverlayCreated")
11-01 11:39:20.993 D/[blink]DOMTimer( 4774): [DOMTimer] 0x2ba12210 setTimeout 300ms, repeat:0.
11-01 11:39:20.993 D/ScriptController( 4774): [executeScriptAndReturnValue] [V8] evaluate Script end. frame=0x29701a48 
11-01 11:39:21.128 I/Advanced( 4774): [QUEUE] share_queue_sendEx size:1 4097 121 0x8f9aff30,postLoopId:0,dstid:1.
11-01 11:39:21.130 D/BackBootDealerNeimeng( 2369): standbyState:
11-01 11:39:21.131 E/NetUtils( 2018): Interface eth0 LinkDown!
11-01 11:39:21.293 D/[blink]DOMTimer( 4774): [fired] 0x2ba12210 timeout fired.
11-01 11:39:21.293 D/ScriptController( 4774): [executeScriptAndReturnValue] [V8] evaluate Script start. frame=0x29701a48 url= line=1. source length=22
11-01 11:39:21.293 D/iPanel  ( 4774): iPanel.debug("checkOverlayCreated")
11-01 11:39:21.293 D/[blink]DOMTimer( 4774): [DOMTimer] 0x2ba12280 setTimeout 300ms, repeat:0.
11-01 11:39:21.293 D/ScriptController( 4774): [executeScriptAndReturnValue] [V8] evaluate Script end. frame=0x29701a48 
11-01 11:39:21.329 I/Advanced( 4774): [QUEUE] share_queue_sendEx size:1 4097 122 0x8f9aff30,postLoopId:0,dstid:1.
11-01 11:39:21.421 D/IPLoaderNeimeng( 2369): after wait time11:39:21:monitorInterval:5000
11-01 11:39:21.421 D/IPLoaderNeimeng( 2369): before dealUpdateCheck time:11:39:21:isMsgBroadcast:false:monitorInterval:5000:processState:1
11-01 11:39:21.421 D/IPLoaderNeimeng( 2369): dealUpdateCheck isFirstSuccessUpdate:false:monitorInterval:5000
11-01 11:39:21.422 D/LoadHttpHandler( 2369): [TN_ThreadUtil-4]doNormal proxyConfig=null
11-01 11:39:21.529 I/Advanced( 4774): [QUEUE] share_queue_sendEx size:1 4097 123 0x8f9aff30,postLoopId:0,dstid:1.
11-01 11:39:21.594 D/[blink]DOMTimer( 4774): [fired] 0x2ba12280 timeout fired.
11-01 11:39:21.594 D/ScriptController( 4774): [executeScriptAndReturnValue] [V8] evaluate Script start. frame=0x29701a48 url= line=1. source length=22
11-01 11:39:21.594 D/iPanel  ( 4774): iPanel.debug("checkOverlayCreated")
11-01 11:39:21.594 D/[blink]DOMTimer( 4774): [DOMTimer] 0x2ba122f0 setTimeout 300ms, repeat:0.
11-01 11:39:21.594 D/ScriptController( 4774): [executeScriptAndReturnValue] [V8] evaluate Script end. frame=0x29701a48 
11-01 11:39:21.625 D/LoadHttpHandler( 2369): [TN_ThreadUtil-4]doNormal responseCode=404
11-01 11:39:21.625 D/LoadHttpTask( 2369): dealUpdateCheck responseCode:404:data:null:downloadResult:false
11-01 11:39:21.626 D/IPLoaderNeimeng( 2369): after dealUpdateCheck time:11:39:21:isMsgBroadcast:false:monitorInterval:5000:processState:1
11-01 11:39:21.626 D/IPLoaderNeimeng( 2369): before wait time11:39:21:monitorInterval:5000
11-01 11:39:21.631 D/BackBootDealerNeimeng( 2369): standbyState:
11-01 11:39:21.632 E/NetUtils( 2018): Interface eth0 LinkDown!
11-01 11:39:21.730 I/Advanced( 4774): [QUEUE] share_queue_sendEx size:1 4097 124 0x8f9aff30,postLoopId:0,dstid:1.
11-01 11:39:21.795 I/AdvancedPorting-PORT_MODULE_NET( 4774): network_task while... 
11-01 11:39:21.795 I/AdvancedPorting-PORT_MODULE_NET( 4774): 0 interface name: lo
11-01 11:39:21.796 I/AdvancedPorting-PORT_MODULE_NET( 4774): 1 interface name: wlan0
11-01 11:39:21.796 I/AdvancedPorting-PORT_MODULE_NET( 4774): First interface name: lo
11-01 11:39:21.796 I/AdvancedPorting-PORT_MODULE_NET( 4774): network_task while...  net_i:1
11-01 11:39:21.796 I/AdvancedPorting-PORT_MODULE_NET( 4774): network_task while---name_interface[0]=lo
11-01 11:39:21.796 I/AdvancedPorting-PORT_MODULE_NET( 4774): network_task while---name_interface[1]=wlan0
11-01 11:39:21.796 I/AdvancedPorting-PORT_MODULE_NET( 4774): network_task while---interface_name=wlan0
11-01 11:39:21.796 I/AdvancedPorting-PORT_MODULE_NET( 4774): network_get_netlink_status(in)--if_name=wlan0
11-01 11:39:21.796 I/AdvancedPorting-PORT_MODULE_NET( 4774): net.network.isconnected = no
11-01 11:39:21.796 I/AdvancedPorting-PORT_MODULE_NET( 4774): wlan0 --network_get_netlink_status return retval=1
11-01 11:39:21.796 I/AdvancedPorting-PORT_MODULE_NET( 4774): stat = 1 last_status = 1
11-01 11:39:21.894 D/[blink]DOMTimer( 4774): [fired] 0x2ba122f0 timeout fired.
11-01 11:39:21.894 D/ScriptController( 4774): [executeScriptAndReturnValue] [V8] evaluate Script start. frame=0x29701a48 url= line=1. source length=22
11-01 11:39:21.895 D/iPanel  ( 4774): iPanel.debug("checkOverlayCreated")
11-01 11:39:21.895 D/[blink]DOMTimer( 4774): [DOMTimer] 0x2ba12360 setTimeout 300ms, repeat:0.
11-01 11:39:21.895 D/ScriptController( 4774): [executeScriptAndReturnValue] [V8] evaluate Script end. frame=0x29701a48 
11-01 11:39:22.132 D/BackBootDealerNeimeng( 2369): standbyState:
11-01 11:39:22.132 E/NetUtils( 2018): Interface eth0 LinkDown!
11-01 11:39:22.139 I/Advanced( 4774): [QUEUE] share_queue_sendEx size:1 4097 126 0x8f9aff30,postLoopId:0,dstid:1.
11-01 11:39:22.195 D/[blink]DOMTimer( 4774): [fired] 0x2ba12360 timeout fired.
11-01 11:39:22.195 D/ScriptController( 4774): [executeScriptAndReturnValue] [V8] evaluate Script start. frame=0x29701a48 url= line=1. source length=22
11-01 11:39:22.195 D/iPanel  ( 4774): iPanel.debug("checkOverlayCreated")
11-01 11:39:22.195 D/[blink]DOMTimer( 4774): [DOMTimer] 0x2ba123d0 setTimeout 300ms, repeat:0.
11-01 11:39:22.195 D/ScriptController( 4774): [executeScriptAndReturnValue] [V8] evaluate Script end. frame=0x29701a48 
11-01 11:39:22.340 I/Advanced( 4774): [QUEUE] share_queue_sendEx size:1 4097 127 0x8f9aff30,postLoopId:0,dstid:1.
11-01 11:39:22.495 D/[blink]DOMTimer( 4774): [fired] 0x2ba123d0 timeout fired.
11-01 11:39:22.496 D/ScriptController( 4774): [executeScriptAndReturnValue] [V8] evaluate Script start. frame=0x29701a48 url= line=1. source length=22
11-01 11:39:22.496 D/iPanel  ( 4774): iPanel.debug("checkOverlayCreated")
11-01 11:39:22.496 D/[blink]DOMTimer( 4774): [DOMTimer] 0x2ba12440 setTimeout 300ms, repeat:0.
11-01 11:39:22.496 D/ScriptController( 4774): [executeScriptAndReturnValue] [V8] evaluate Script end. frame=0x29701a48 
11-01 11:39:22.540 I/Advanced( 4774): [QUEUE] share_queue_sendEx size:1 4097 128 0x8f9aff30,postLoopId:0,dstid:1.
11-01 11:39:22.633 D/BackBootDealerNeimeng( 2369): standbyState:
11-01 11:39:22.634 E/NetUtils( 2018): Interface eth0 LinkDown!
11-01 11:39:22.741 I/Advanced( 4774): [QUEUE] share_queue_sendEx size:1 4097 129 0x8f9aff30,postLoopId:0,dstid:1.
11-01 11:39:22.796 I/AdvancedPorting-PORT_MODULE_NET( 4774): network_task while... 
11-01 11:39:22.796 I/AdvancedPorting-PORT_MODULE_NET( 4774): 0 interface name: lo
11-01 11:39:22.796 I/AdvancedPorting-PORT_MODULE_NET( 4774): 1 interface name: wlan0
11-01 11:39:22.796 I/AdvancedPorting-PORT_MODULE_NET( 4774): First interface name: lo
11-01 11:39:22.796 I/AdvancedPorting-PORT_MODULE_NET( 4774): network_task while...  net_i:1
11-01 11:39:22.796 I/AdvancedPorting-PORT_MODULE_NET( 4774): network_task while---name_interface[0]=lo
11-01 11:39:22.796 D/[blink]DOMTimer( 4774): [fired] 0x2ba12440 timeout fired.
11-01 11:39:22.796 I/AdvancedPorting-PORT_MODULE_NET( 4774): network_task while---name_interface[1]=wlan0
11-01 11:39:22.796 I/AdvancedPorting-PORT_MODULE_NET( 4774): network_task while---interface_name=wlan0
11-01 11:39:22.796 D/ScriptController( 4774): [executeScriptAndReturnValue] [V8] evaluate Script start. frame=0x29701a48 url= line=1. source length=22
11-01 11:39:22.796 I/AdvancedPorting-PORT_MODULE_NET( 4774): network_get_netlink_status(in)--if_name=wlan0
11-01 11:39:22.796 I/AdvancedPorting-PORT_MODULE_NET( 4774): net.network.isconnected = no
11-01 11:39:22.796 I/AdvancedPorting-PORT_MODULE_NET( 4774): wlan0 --network_get_netlink_status return retval=1
11-01 11:39:22.796 I/AdvancedPorting-PORT_MODULE_NET( 4774): stat = 1 last_status = 1
11-01 11:39:22.796 D/iPanel  ( 4774): iPanel.debug("checkOverlayCreated")
11-01 11:39:22.797 D/[blink]DOMTimer( 4774): [DOMTimer] 0x2ba124b0 setTimeout 300ms, repeat:0.
11-01 11:39:22.797 D/ScriptController( 4774): [executeScriptAndReturnValue] [V8] evaluate Script end. frame=0x29701a48 
11-01 11:39:23.097 D/[blink]DOMTimer( 4774): [fired] 0x2ba124b0 timeout fired.
11-01 11:39:23.097 D/ScriptController( 4774): [executeScriptAndReturnValue] [V8] evaluate Script start. frame=0x29701a48 url= line=1. source length=22
11-01 11:39:23.097 D/iPanel  ( 4774): iPanel.debug("checkOverlayCreated")
11-01 11:39:23.097 D/[blink]DOMTimer( 4774): [DOMTimer] 0x2ba12520 setTimeout 300ms, repeat:0.
11-01 11:39:23.097 D/ScriptController( 4774): [executeScriptAndReturnValue] [V8] evaluate Script end. frame=0x29701a48 
11-01 11:39:23.134 D/BackBootDealerNeimeng( 2369): standbyState:
11-01 11:39:23.135 E/NetUtils( 2018): Interface eth0 LinkDown!
11-01 11:39:23.151 I/Advanced( 4774): [QUEUE] share_queue_sendEx size:1 4097 131 0x8f9aff30,postLoopId:0,dstid:1.
11-01 11:39:23.351 I/Advanced( 4774): [QUEUE] share_queue_sendEx size:1 4097 132 0x8f9aff30,postLoopId:0,dstid:1.
11-01 11:39:23.398 D/[blink]DOMTimer( 4774): [fired] 0x2ba12520 timeout fired.
11-01 11:39:23.398 D/ScriptController( 4774): [executeScriptAndReturnValue] [V8] evaluate Script start. frame=0x29701a48 url= line=1. source length=22
11-01 11:39:23.398 D/iPanel  ( 4774): iPanel.debug("checkOverlayCreated")
11-01 11:39:23.398 D/[blink]DOMTimer( 4774): [DOMTimer] 0x2ba12590 setTimeout 300ms, repeat:0.
11-01 11:39:23.398 D/ScriptController( 4774): [executeScriptAndReturnValue] [V8] evaluate Script end. frame=0x29701a48 
11-01 11:39:23.551 I/Advanced( 4774): [QUEUE] share_queue_sendEx size:1 4097 133 0x8f9aff30,postLoopId:0,dstid:1.
11-01 11:39:23.636 D/BackBootDealerNeimeng( 2369): standbyState:
11-01 11:39:23.636 E/NetUtils( 2018): Interface eth0 LinkDown!
11-01 11:39:23.698 D/[blink]DOMTimer( 4774): [fired] 0x2ba12590 timeout fired.
11-01 11:39:23.698 D/ScriptController( 4774): [executeScriptAndReturnValue] [V8] evaluate Script start. frame=0x29701a48 url= line=1. source length=22
11-01 11:39:23.699 D/iPanel  ( 4774): iPanel.debug("checkOverlayCreated")
11-01 11:39:23.699 D/[blink]DOMTimer( 4774): [DOMTimer] 0x2ba12600 setTimeout 300ms, repeat:0.
11-01 11:39:23.699 D/ScriptController( 4774): [executeScriptAndReturnValue] [V8] evaluate Script end. frame=0x29701a48 
11-01 11:39:23.752 I/Advanced( 4774): [QUEUE] share_queue_sendEx size:1 4097 134 0x8f9aff30,postLoopId:0,dstid:1.
11-01 11:39:23.796 I/AdvancedPorting-PORT_MODULE_NET( 4774): network_task while... 
11-01 11:39:23.796 I/AdvancedPorting-PORT_MODULE_NET( 4774): 0 interface name: lo
11-01 11:39:23.796 I/AdvancedPorting-PORT_MODULE_NET( 4774): 1 interface name: wlan0
11-01 11:39:23.797 I/AdvancedPorting-PORT_MODULE_NET( 4774): First interface name: lo
11-01 11:39:23.797 I/AdvancedPorting-PORT_MODULE_NET( 4774): network_task while...  net_i:1
11-01 11:39:23.797 I/AdvancedPorting-PORT_MODULE_NET( 4774): network_task while---name_interface[0]=lo
11-01 11:39:23.797 I/AdvancedPorting-PORT_MODULE_NET( 4774): network_task while---name_interface[1]=wlan0
11-01 11:39:23.797 I/AdvancedPorting-PORT_MODULE_NET( 4774): network_task while---interface_name=wlan0
11-01 11:39:23.797 I/AdvancedPorting-PORT_MODULE_NET( 4774): network_get_netlink_status(in)--if_name=wlan0
11-01 11:39:23.797 I/AdvancedPorting-PORT_MODULE_NET( 4774): net.network.isconnected = no
11-01 11:39:23.797 I/AdvancedPorting-PORT_MODULE_NET( 4774): wlan0 --network_get_netlink_status return retval=1
11-01 11:39:23.797 I/AdvancedPorting-PORT_MODULE_NET( 4774): stat = 1 last_status = 1
11-01 11:39:23.952 I/Advanced( 4774): [QUEUE] share_queue_sendEx size:1 4097 135 0x8f9aff30,postLoopId:0,dstid:1.
11-01 11:39:23.999 D/[blink]DOMTimer( 4774): [fired] 0x2ba12600 timeout fired.
11-01 11:39:23.999 D/ScriptController( 4774): [executeScriptAndReturnValue] [V8] evaluate Script start. frame=0x29701a48 url= line=1. source length=22
11-01 11:39:23.999 D/iPanel  ( 4774): iPanel.debug("checkOverlayCreated")
11-01 11:39:23.999 D/[blink]DOMTimer( 4774): [DOMTimer] 0x2ba12670 setTimeout 300ms, repeat:0.
11-01 11:39:24.000 D/ScriptController( 4774): [executeScriptAndReturnValue] [V8] evaluate Script end. frame=0x29701a48 
11-01 11:39:24.103 V/SUMA    ( 1581): [mnt_ait_pol] csubtbl=0 ait_pid=0x1f40 hsrv=0xc0cd
11-01 11:39:24.137 D/BackBootDealerNeimeng( 2369): standbyState:
11-01 11:39:24.138 E/NetUtils( 2018): Interface eth0 LinkDown!
11-01 11:39:24.153 I/Advanced( 4774): [QUEUE] share_queue_sendEx size:1 4097 136 0x8f9aff30,postLoopId:0,dstid:1.
11-01 11:39:24.300 D/[blink]DOMTimer( 4774): [fired] 0x2ba12670 timeout fired.
11-01 11:39:24.300 D/ScriptController( 4774): [executeScriptAndReturnValue] [V8] evaluate Script start. frame=0x29701a48 url= line=1. source length=22
11-01 11:39:24.300 D/iPanel  ( 4774): iPanel.debug("checkOverlayCreated")
11-01 11:39:24.300 D/[blink]DOMTimer( 4774): [DOMTimer] 0x2ba126e0 setTimeout 300ms, repeat:0.
11-01 11:39:24.300 D/ScriptController( 4774): [executeScriptAndReturnValue] [V8] evaluate Script end. frame=0x29701a48 
11-01 11:39:24.562 I/Advanced( 4774): [QUEUE] share_queue_sendEx size:1 4097 138 0x8f9aff30,postLoopId:0,dstid:1.
11-01 11:39:24.600 D/[blink]DOMTimer( 4774): [fired] 0x2ba126e0 timeout fired.
11-01 11:39:24.601 D/ScriptController( 4774): [executeScriptAndReturnValue] [V8] evaluate Script start. frame=0x29701a48 url= line=1. source length=22
11-01 11:39:24.601 D/iPanel  ( 4774): iPanel.debug("checkOverlayCreated")
11-01 11:39:24.601 D/[blink]DOMTimer( 4774): [DOMTimer] 0x2ba12750 setTimeout 300ms, repeat:0.
11-01 11:39:24.601 D/ScriptController( 4774): [executeScriptAndReturnValue] [V8] evaluate Script end. frame=0x29701a48 
11-01 11:39:24.638 D/BackBootDealerNeimeng( 2369): standbyState:
11-01 11:39:24.639 E/NetUtils( 2018): Interface eth0 LinkDown!
11-01 11:39:24.763 I/Advanced( 4774): [QUEUE] share_queue_sendEx size:1 4097 139 0x8f9aff30,postLoopId:0,dstid:1.
11-01 11:39:24.797 I/AdvancedPorting-PORT_MODULE_NET( 4774): network_task while... 
11-01 11:39:24.797 I/AdvancedPorting-PORT_MODULE_NET( 4774): 0 interface name: lo
11-01 11:39:24.797 I/AdvancedPorting-PORT_MODULE_NET( 4774): 1 interface name: wlan0
11-01 11:39:24.797 I/AdvancedPorting-PORT_MODULE_NET( 4774): First interface name: lo
11-01 11:39:24.797 I/AdvancedPorting-PORT_MODULE_NET( 4774): network_task while...  net_i:1
11-01 11:39:24.797 I/AdvancedPorting-PORT_MODULE_NET( 4774): network_task while---name_interface[0]=lo
11-01 11:39:24.797 I/AdvancedPorting-PORT_MODULE_NET( 4774): network_task while---name_interface[1]=wlan0
11-01 11:39:24.797 I/AdvancedPorting-PORT_MODULE_NET( 4774): network_task while---interface_name=wlan0
11-01 11:39:24.797 I/AdvancedPorting-PORT_MODULE_NET( 4774): network_get_netlink_status(in)--if_name=wlan0
11-01 11:39:24.797 I/AdvancedPorting-PORT_MODULE_NET( 4774): net.network.isconnected = no
11-01 11:39:24.797 I/AdvancedPorting-PORT_MODULE_NET( 4774): wlan0 --network_get_netlink_status return retval=1
11-01 11:39:24.797 I/AdvancedPorting-PORT_MODULE_NET( 4774): stat = 1 last_status = 1
11-01 11:39:24.901 D/[blink]DOMTimer( 4774): [fired] 0x2ba12750 timeout fired.
11-01 11:39:24.901 D/ScriptController( 4774): [executeScriptAndReturnValue] [V8] evaluate Script start. frame=0x29701a48 url= line=1. source length=22
11-01 11:39:24.902 D/iPanel  ( 4774): iPanel.debug("checkOverlayCreated")
11-01 11:39:24.902 D/[blink]DOMTimer( 4774): [DOMTimer] 0x2ba127c0 setTimeout 300ms, repeat:0.
11-01 11:39:24.902 D/ScriptController( 4774): [executeScriptAndReturnValue] [V8] evaluate Script end. frame=0x29701a48 
11-01 11:39:24.963 I/Advanced( 4774): [QUEUE] share_queue_sendEx size:1 4097 140 0x8f9aff30,postLoopId:0,dstid:1.
11-01 11:39:25.139 D/BackBootDealerNeimeng( 2369): standbyState:
11-01 11:39:25.140 E/NetUtils( 2018): Interface eth0 LinkDown!
11-01 11:39:25.164 I/Advanced( 4774): [QUEUE] share_queue_sendEx size:1 4097 141 0x8f9aff30,postLoopId:0,dstid:1.
11-01 11:39:25.202 D/[blink]DOMTimer( 4774): [fired] 0x2ba127c0 timeout fired.
11-01 11:39:25.202 D/ScriptController( 4774): [executeScriptAndReturnValue] [V8] evaluate Script start. frame=0x29701a48 url= line=1. source length=22
11-01 11:39:25.202 D/iPanel  ( 4774): iPanel.debug("checkOverlayCreated")
11-01 11:39:25.202 D/[blink]DOMTimer( 4774): [DOMTimer] 0x2ba12830 setTimeout 300ms, repeat:0.
11-01 11:39:25.202 D/ScriptController( 4774): [executeScriptAndReturnValue] [V8] evaluate Script end. frame=0x29701a48 
11-01 11:39:25.364 I/Advanced( 4774): [QUEUE] share_queue_sendEx size:1 4097 142 0x8f9aff30,postLoopId:0,dstid:1.
11-01 11:39:25.503 D/[blink]DOMTimer( 4774): [fired] 0x2ba12830 timeout fired.
11-01 11:39:25.503 D/ScriptController( 4774): [executeScriptAndReturnValue] [V8] evaluate Script start. frame=0x29701a48 url= line=1. source length=22
11-01 11:39:25.503 D/iPanel  ( 4774): iPanel.debug("checkOverlayCreated")
11-01 11:39:25.503 D/[blink]DOMTimer( 4774): [DOMTimer] 0x2ba128a0 setTimeout 300ms, repeat:0.
11-01 11:39:25.503 D/ScriptController( 4774): [executeScriptAndReturnValue] [V8] evaluate Script end. frame=0x29701a48 
11-01 11:39:25.565 I/Advanced( 4774): [QUEUE] share_queue_sendEx size:1 4097 143 0x8f9aff30,postLoopId:0,dstid:1.
11-01 11:39:25.640 D/BackBootDealerNeimeng( 2369): standbyState:
11-01 11:39:25.641 E/NetUtils( 2018): Interface eth0 LinkDown!
11-01 11:39:25.765 I/Advanced( 4774): [QUEUE] share_queue_sendEx size:1 4097 144 0x8f9aff30,postLoopId:0,dstid:1.
11-01 11:39:25.797 I/AdvancedPorting-PORT_MODULE_NET( 4774): network_task while... 
11-01 11:39:25.797 I/AdvancedPorting-PORT_MODULE_NET( 4774): 0 interface name: lo
11-01 11:39:25.797 I/AdvancedPorting-PORT_MODULE_NET( 4774): 1 interface name: wlan0
11-01 11:39:25.797 I/AdvancedPorting-PORT_MODULE_NET( 4774): First interface name: lo
11-01 11:39:25.797 I/AdvancedPorting-PORT_MODULE_NET( 4774): network_task while...  net_i:1
11-01 11:39:25.797 I/AdvancedPorting-PORT_MODULE_NET( 4774): network_task while---name_interface[0]=lo
11-01 11:39:25.797 I/AdvancedPorting-PORT_MODULE_NET( 4774): network_task while---name_interface[1]=wlan0
11-01 11:39:25.797 I/AdvancedPorting-PORT_MODULE_NET( 4774): network_task while---interface_name=wlan0
11-01 11:39:25.798 I/AdvancedPorting-PORT_MODULE_NET( 4774): network_get_netlink_status(in)--if_name=wlan0
11-01 11:39:25.798 I/AdvancedPorting-PORT_MODULE_NET( 4774): net.network.isconnected = no
11-01 11:39:25.798 I/AdvancedPorting-PORT_MODULE_NET( 4774): wlan0 --network_get_netlink_status return retval=1
11-01 11:39:25.798 I/AdvancedPorting-PORT_MODULE_NET( 4774): stat = 1 last_status = 1
11-01 11:39:25.803 D/[blink]DOMTimer( 4774): [fired] 0x2ba128a0 timeout fired.
11-01 11:39:25.803 D/ScriptController( 4774): [executeScriptAndReturnValue] [V8] evaluate Script start. frame=0x29701a48 url= line=1. source length=22
11-01 11:39:25.804 D/iPanel  ( 4774): iPanel.debug("checkOverlayCreated")
11-01 11:39:25.804 D/[blink]DOMTimer( 4774): [DOMTimer] 0x2ba12910 setTimeout 300ms, repeat:0.
11-01 11:39:25.804 D/ScriptController( 4774): [executeScriptAndReturnValue] [V8] evaluate Script end. frame=0x29701a48 
11-01 11:39:25.965 I/Advanced( 4774): [QUEUE] share_queue_sendEx size:1 4097 145 0x8f9aff30,postLoopId:0,dstid:1.
11-01 11:39:26.104 D/[blink]DOMTimer( 4774): [fired] 0x2ba12910 timeout fired.
11-01 11:39:26.104 D/ScriptController( 4774): [executeScriptAndReturnValue] [V8] evaluate Script start. frame=0x29701a48 url= line=1. source length=22
11-01 11:39:26.104 D/iPanel  ( 4774): iPanel.debug("checkOverlayCreated")
11-01 11:39:26.104 D/[blink]DOMTimer( 4774): [DOMTimer] 0x2ba12980 setTimeout 300ms, repeat:0.
11-01 11:39:26.105 D/ScriptController( 4774): [executeScriptAndReturnValue] [V8] evaluate Script end. frame=0x29701a48 
11-01 11:39:26.141 D/BackBootDealerNeimeng( 2369): standbyState:
11-01 11:39:26.142 E/NetUtils( 2018): Interface eth0 LinkDown!
11-01 11:39:26.166 I/Advanced( 4774): [QUEUE] share_queue_sendEx size:1 4097 146 0x8f9aff30,postLoopId:0,dstid:1.
11-01 11:39:26.366 I/Advanced( 4774): [QUEUE] share_queue_sendEx size:1 4097 147 0x8f9aff30,postLoopId:0,dstid:1.
11-01 11:39:26.405 D/[blink]DOMTimer( 4774): [fired] 0x2ba12980 timeout fired.
11-01 11:39:26.405 D/ScriptController( 4774): [executeScriptAndReturnValue] [V8] evaluate Script start. frame=0x29701a48 url= line=1. source length=22
11-01 11:39:26.405 D/iPanel  ( 4774): iPanel.debug("checkOverlayCreated")
11-01 11:39:26.405 D/[blink]DOMTimer( 4774): [DOMTimer] 0x2ba129f0 setTimeout 300ms, repeat:0.
11-01 11:39:26.405 D/ScriptController( 4774): [executeScriptAndReturnValue] [V8] evaluate Script end. frame=0x29701a48 
11-01 11:39:26.567 I/Advanced( 4774): [QUEUE] share_queue_sendEx size:1 4097 148 0x8f9aff30,postLoopId:0,dstid:1.
11-01 11:39:26.642 D/BackBootDealerNeimeng( 2369): standbyState:
11-01 11:39:26.643 E/NetUtils( 2018): Interface eth0 LinkDown!
11-01 11:39:26.705 D/[blink]DOMTimer( 4774): [fired] 0x2ba129f0 timeout fired.
11-01 11:39:26.706 D/ScriptController( 4774): [executeScriptAndReturnValue] [V8] evaluate Script start. frame=0x29701a48 url= line=1. source length=22
11-01 11:39:26.706 D/iPanel  ( 4774): iPanel.debug("checkOverlayCreated")
11-01 11:39:26.706 D/[blink]DOMTimer( 4774): [DOMTimer] 0x2ba12a60 setTimeout 300ms, repeat:0.
11-01 11:39:26.706 D/ScriptController( 4774): [executeScriptAndReturnValue] [V8] evaluate Script end. frame=0x29701a48 
11-01 11:39:26.798 I/AdvancedPorting-PORT_MODULE_NET( 4774): network_task while... 
