11-01 11:20:33.335 W/WindowManager( 2018): 	at com.android.server.wm.WindowManagerService.windowForClientLocked(WindowManagerService.java:8645)
11-01 11:20:33.335 W/WindowManager( 2018): 	at com.android.server.wm.WindowState$DeathRecipient.binderDied(WindowState.java:1142)
11-01 11:20:33.335 W/WindowManager( 2018): 	at android.os.BinderProxy.sendDeathNotice(Binder.java:551)
11-01 11:20:33.335 I/WindowState( 2018): WIN DEATH: null
11-01 11:20:33.335 W/WindowManager( 2018): Failed looking up window
11-01 11:20:33.335 W/WindowManager( 2018): java.lang.IllegalArgumentException: Requested window android.os.BinderProxy@b013d48 does not exist
11-01 11:20:33.335 W/WindowManager( 2018): 	at com.android.server.wm.WindowManagerService.windowForClientLocked(WindowManagerService.java:8654)
11-01 11:20:33.335 W/WindowManager( 2018): 	at com.android.server.wm.WindowManagerService.windowForClientLocked(WindowManagerService.java:8645)
11-01 11:20:33.335 W/WindowManager( 2018): 	at com.android.server.wm.WindowState$DeathRecipient.binderDied(WindowState.java:1142)
11-01 11:20:33.335 W/WindowManager( 2018): 	at android.os.BinderProxy.sendDeathNotice(Binder.java:551)
11-01 11:20:33.335 I/WindowState( 2018): WIN DEATH: null
11-01 11:21:48.431 I/ActivityManager( 2018): START u0 {act=android.intent.action.MAIN cat=[android.intent.category.HOME] flg=0x10200000 cmp=com.suma.midware.home/.third.Main3DActivity} from uid 1000 on display 0
11-01 11:21:48.444 I/ActivityManager( 2018): Force stopping com.android.browser appid=10010 user=0: from pid 2369
11-01 11:21:48.446 W/ContextImpl( 2705): Calling a method in the system process without a qualified user: android.app.ContextImpl.sendBroadcast:1345 android.content.ContextWrapper.sendBroadcast:377 android.app.ActivityThread.performPauseActivity:3259 android.app.ActivityThread.performPauseActivity:3225 android.app.ActivityThread.handlePauseActivity:3200 
11-01 11:21:48.475 W/ContextImpl( 2499): Calling a method in the system process without a qualified user: android.app.ContextImpl.sendBroadcast:1345 android.content.ContextWrapper.sendBroadcast:377 com.suma.midware.view.ext.BluetoothUpdate.b:-1 com.suma.midware.home.third.Main3DActivity.onResume:-1 android.app.Instrumentation.callActivityOnResume:1257 
11-01 11:21:48.480 W/ContextImpl( 2499): Calling a method in the system process without a qualified user: android.app.ContextImpl.sendBroadcast:1345 android.content.ContextWrapper.sendBroadcast:377 android.app.ActivityThread.performResumeActivity:2982 android.app.ActivityThread.handleResumeActivity:3023 android.app.ActivityThread$H.handleMessage:1347 
11-01 11:21:52.834 I/ActivityManager( 2018): START u0 {act= cmp=com.ipanel.android_webview.shell/com.ipanel.webapp.BrowserActivity (has extras)} from uid 1000 on display 0
11-01 11:21:52.842 W/ContextImpl( 2499): Calling a method in the system process without a qualified user: android.app.ContextImpl.sendBroadcast:1345 android.content.ContextWrapper.sendBroadcast:377 android.app.ActivityThread.performPauseActivity:3259 android.app.ActivityThread.performPauseActivity:3225 android.app.ActivityThread.handlePauseActivity:3200 
11-01 11:21:52.845 V/WindowManager( 2018): Adding window Window{8c1e9fa u0 Starting com.ipanel.android_webview.shell} at 7 of 12 (after Window{50cea97 u0 com.suma.midware.setting/com.suma.midware.setting.net.NetInfoActivity})
11-01 11:21:52.869 I/ActivityManager( 2018): Start proc 3181:com.ipanel.android_webview.shell/u0a23 for activity com.ipanel.android_webview.shell/com.ipanel.webapp.BrowserActivity
11-01 11:21:53.242 V/WindowManager( 2018): Adding window Window{1818ab50 u0 com.ipanel.android_webview.shell/com.ipanel.webapp.BrowserActivity} at 7 of 13 (before Window{8c1e9fa u0 Starting com.ipanel.android_webview.shell})
11-01 11:21:53.268 D/ConnectivityService( 2018): listenForNetwork for NetworkRequest [ id=4, legacyType=-1, [ Capabilities: INTERNET&NOT_RESTRICTED&TRUSTED] ]
11-01 11:21:53.268 D/ConnectivityService( 2018): handleRegisterNetworkRequest checking NetworkAgentInfo [WIFI () - 100]
11-01 11:21:53.268 D/ConnectivityService( 2018): apparently satisfied.  currentScore=60
11-01 11:21:53.344 V/WindowManager( 2018): Adding window Window{2909e905 u0 SurfaceView} at 7 of 14 (before Window{1818ab50 u0 com.ipanel.android_webview.shell/com.ipanel.webapp.BrowserActivity})
11-01 11:21:53.427 V/WindowManager( 2018): Adding window Window{1e43ab8b u0 SurfaceView} at 8 of 15 (before Window{1818ab50 u0 com.ipanel.android_webview.shell/com.ipanel.webapp.BrowserActivity})
11-01 11:21:53.501 W/ViewRootImpl( 3181): Cancelling event due to no window focus: KeyEvent { action=ACTION_UP, keyCode=KEYCODE_DPAD_CENTER, scanCode=28, metaState=0, flags=0x80000028, repeatCount=0, eventTime=313963, downTime=313753, deviceId=3, source=0x701 }
11-01 11:21:53.501 W/ViewRootImpl( 3181): Cancelling event due to no window focus: KeyEvent { action=ACTION_UP, keyCode=KEYCODE_DPAD_CENTER, scanCode=28, metaState=0, flags=0x80000028, repeatCount=0, eventTime=313963, downTime=313753, deviceId=3, source=0x701 }
11-01 11:21:53.501 W/ViewRootImpl( 3181): Cancelling event due to no window focus: KeyEvent { action=ACTION_UP, keyCode=KEYCODE_DPAD_CENTER, scanCode=28, metaState=0, flags=0x80000028, repeatCount=0, eventTime=313963, downTime=313753, deviceId=3, source=0x701 }
11-01 11:21:53.501 W/ViewRootImpl( 3181): Cancelling event due to no window focus: KeyEvent { action=ACTION_UP, keyCode=KEYCODE_DPAD_CENTER, scanCode=28, metaState=0, flags=0x80000028, repeatCount=0, eventTime=313963, downTime=313753, deviceId=3, source=0x701 }
11-01 11:21:53.501 W/ViewRootImpl( 3181): Cancelling event due to no window focus: KeyEvent { action=ACTION_UP, keyCode=KEYCODE_DPAD_CENTER, scanCode=28, metaState=0, flags=0x80000028, repeatCount=0, eventTime=313963, downTime=313753, deviceId=3, source=0x701 }
11-01 11:21:53.501 W/ViewRootImpl( 3181): Cancelling event due to no window focus: KeyEvent { action=ACTION_UP, keyCode=KEYCODE_DPAD_CENTER, scanCode=28, metaState=0, flags=0x80000028, repeatCount=0, eventTime=313963, downTime=313753, deviceId=3, source=0x701 }
11-01 11:21:53.502 W/ViewRootImpl( 3181): Cancelling event due to no window focus: KeyEvent { action=ACTION_UP, keyCode=KEYCODE_DPAD_CENTER, scanCode=28, metaState=0, flags=0x80000028, repeatCount=0, eventTime=313963, downTime=313753, deviceId=3, source=0x701 }
11-01 11:21:53.502 W/ViewRootImpl( 3181): Cancelling event due to no window focus: KeyEvent { action=ACTION_UP, keyCode=KEYCODE_DPAD_CENTER, scanCode=28, metaState=0, flags=0x80000028, repeatCount=0, eventTime=313963, downTime=313753, deviceId=3, source=0x701 }
11-01 11:21:53.502 W/ViewRootImpl( 3181): Cancelling event due to no window focus: KeyEvent { action=ACTION_UP, keyCode=KEYCODE_DPAD_CENTER, scanCode=28, metaState=0, flags=0x80000028, repeatCount=0, eventTime=313963, downTime=313753, deviceId=3, source=0x701 }
11-01 11:26:32.446 I/ActivityManager( 2018): START u0 {act=android.intent.action.MAIN cat=[android.intent.category.HOME] flg=0x10200000 cmp=com.suma.midware.home/.third.Main3DActivity} from uid 1000 on display 0
11-01 11:26:32.463 I/ActivityManager( 2018): Force stopping com.android.browser appid=10010 user=0: from pid 2369
11-01 11:26:32.490 W/ContextImpl( 2499): Calling a method in the system process without a qualified user: android.app.ContextImpl.sendBroadcast:1345 android.content.ContextWrapper.sendBroadcast:377 com.suma.midware.view.ext.BluetoothUpdate.b:-1 com.suma.midware.home.third.Main3DActivity.onResume:-1 android.app.Instrumentation.callActivityOnResume:1257 
11-01 11:26:32.493 W/ContextImpl( 2499): Calling a method in the system process without a qualified user: android.app.ContextImpl.sendBroadcast:1345 android.content.ContextWrapper.sendBroadcast:377 android.app.ActivityThread.performResumeActivity:2982 android.app.ActivityThread.handleResumeActivity:3023 android.app.ActivityThread$H.handleMessage:1347 
11-01 11:26:33.537 I/WindowState( 2018): WIN DEATH: Window{2909e905 u0 SurfaceView}
11-01 11:26:33.537 D/ConnectivityService( 2018): ConnectivityService NetworkRequestInfo binderDied(NetworkRequest [ id=4, legacyType=-1, [ Capabilities: INTERNET&NOT_RESTRICTED&TRUSTED] ], android.os.BinderProxy@3cf4610a)
11-01 11:26:33.537 D/ConnectivityService( 2018): releasing NetworkRequest NetworkRequest [ id=4, legacyType=-1, [ Capabilities: INTERNET&NOT_RESTRICTED&TRUSTED] ]
11-01 11:26:33.539 I/ActivityManager( 2018): Process com.ipanel.android_webview.shell (pid 3181) has died
11-01 11:26:33.543 E/ConnectivityService( 2018): RemoteException caught trying to send a callback msg for NetworkRequest [ id=4, legacyType=-1, [ Capabilities: INTERNET&NOT_RESTRICTED&TRUSTED] ]
11-01 11:26:33.545 I/WindowState( 2018): WIN DEATH: Window{1e43ab8b u0 SurfaceView}
11-01 11:26:33.546 I/WindowState( 2018): WIN DEATH: Window{1818ab50 u0 com.ipanel.android_webview.shell/com.ipanel.webapp.BrowserActivity}
11-01 11:27:47.005 I/ActivityManager( 2018): START u0 {act=android.intent.action.MAIN cat=[android.intent.category.LAUNCHER] pkg=com.huan.appstore cmp=com.huan.appstore/.ui.WelcomeActivity} from uid 1000 on display 0
11-01 11:27:47.007 V/WindowManager( 2018): addAppToken: AppWindowToken{18f21bf1 token=Token{12cbe798 ActivityRecord{15a8d7b u0 com.huan.appstore/.ui.WelcomeActivity t100}}} to stack=0 task=100 at 1
11-01 11:27:47.011 V/WindowManager( 2018): Adding window Window{24c80762 u0 Starting com.huan.appstore} at 7 of 12 (after Window{34953cab u0 com.suma.midware.home/com.suma.midware.home.third.Main3DActivity})
11-01 11:27:47.013 W/ContextImpl( 2499): Calling a method in the system process without a qualified user: android.app.ContextImpl.sendBroadcast:1345 android.content.ContextWrapper.sendBroadcast:377 android.app.ActivityThread.performPauseActivity:3259 android.app.ActivityThread.performPauseActivity:3225 android.app.ActivityThread.handlePauseActivity:3200 
11-01 11:27:47.063 I/ActivityManager( 2018): Start proc 3501:com.huan.appstore/u0a21 for activity com.huan.appstore/.ui.WelcomeActivity
11-01 11:27:47.064 W/ViewRootImpl( 2499): Cancelling event due to no window focus: KeyEvent { action=ACTION_UP, keyCode=KEYCODE_DPAD_CENTER, scanCode=28, metaState=0, flags=0x28, repeatCount=0, eventTime=667931, downTime=667923, deviceId=3, source=0x701 }
11-01 11:27:47.064 W/ViewRootImpl( 2499): Cancelling event due to no window focus: KeyEvent { action=ACTION_UP, keyCode=KEYCODE_DPAD_CENTER, scanCode=28, metaState=0, flags=0x28, repeatCount=0, eventTime=667931, downTime=667923, deviceId=3, source=0x701 }
11-01 11:27:47.064 W/ViewRootImpl( 2499): Cancelling event due to no window focus: KeyEvent { action=ACTION_UP, keyCode=KEYCODE_DPAD_CENTER, scanCode=28, metaState=0, flags=0x28, repeatCount=0, eventTime=667931, downTime=667923, deviceId=3, source=0x701 }
11-01 11:27:47.064 W/ViewRootImpl( 2499): Cancelling event due to no window focus: KeyEvent { action=ACTION_UP, keyCode=KEYCODE_DPAD_CENTER, scanCode=28, metaState=0, flags=0x28, repeatCount=0, eventTime=667931, downTime=667923, deviceId=3, source=0x701 }
11-01 11:27:47.065 W/ViewRootImpl( 2499): Cancelling event due to no window focus: KeyEvent { action=ACTION_UP, keyCode=KEYCODE_DPAD_CENTER, scanCode=28, metaState=0, flags=0x28, repeatCount=0, eventTime=667931, downTime=667923, deviceId=3, source=0x701 }
11-01 11:27:47.065 W/ViewRootImpl( 2499): Cancelling event due to no window focus: KeyEvent { action=ACTION_UP, keyCode=KEYCODE_DPAD_CENTER, scanCode=28, metaState=0, flags=0x28, repeatCount=0, eventTime=667931, downTime=667923, deviceId=3, source=0x701 }
11-01 11:27:47.230 W/ActivityManager( 2018): Unable to start service Intent { act=com.huan.packageinstaller.PackageInstallerService } U=0: not found
11-01 11:27:47.232 W/ActivityManager( 2018): Unable to start service Intent { act=com.huan.packageinstaller.UninstallerService } U=0: not found
11-01 11:27:47.505 V/WindowManager( 2018): Adding window Window{80e3ce3 u0 com.huan.appstore/com.huan.appstore.ui.WelcomeActivity} at 7 of 13 (before Window{24c80762 u0 Starting com.huan.appstore})
11-01 11:27:47.668 W/ViewRootImpl( 3501): Cancelling event due to no window focus: KeyEvent { action=ACTION_UP, keyCode=KEYCODE_DPAD_CENTER, scanCode=28, metaState=0, flags=0x80000028, repeatCount=0, eventTime=668025, downTime=667923, deviceId=3, source=0x701 }
11-01 11:27:47.668 W/ViewRootImpl( 3501): Cancelling event due to no window focus: KeyEvent { action=ACTION_UP, keyCode=KEYCODE_DPAD_CENTER, scanCode=28, metaState=0, flags=0x80000028, repeatCount=0, eventTime=668025, downTime=667923, deviceId=3, source=0x701 }
11-01 11:27:47.668 W/ViewRootImpl( 3501): Cancelling event due to no window focus: KeyEvent { action=ACTION_UP, keyCode=KEYCODE_DPAD_CENTER, scanCode=28, metaState=0, flags=0x80000028, repeatCount=0, eventTime=668025, downTime=667923, deviceId=3, source=0x701 }
11-01 11:27:47.668 W/ViewRootImpl( 3501): Cancelling event due to no window focus: KeyEvent { action=ACTION_UP, keyCode=KEYCODE_DPAD_CENTER, scanCode=28, metaState=0, flags=0x80000028, repeatCount=0, eventTime=668025, downTime=667923, deviceId=3, source=0x701 }
11-01 11:27:47.668 W/ViewRootImpl( 3501): Cancelling event due to no window focus: KeyEvent { action=ACTION_UP, keyCode=KEYCODE_DPAD_CENTER, scanCode=28, metaState=0, flags=0x80000028, repeatCount=0, eventTime=668025, downTime=667923, deviceId=3, source=0x701 }
11-01 11:27:47.668 W/ViewRootImpl( 3501): Cancelling event due to no window focus: KeyEvent { action=ACTION_UP, keyCode=KEYCODE_DPAD_CENTER, scanCode=28, metaState=0, flags=0x80000028, repeatCount=0, eventTime=668025, downTime=667923, deviceId=3, source=0x701 }
11-01 11:27:49.492 I/ActivityManager( 2018): START u0 {cmp=com.huan.appstore/.ui.MainActivity} from uid 10021 on display 0
11-01 11:27:49.495 V/WindowManager( 2018): addAppToken: AppWindowToken{2df727ca token=Token{d7ac735 ActivityRecord{3e12e56c u0 com.huan.appstore/.ui.MainActivity t100}}} to stack=0 task=100 at 2
11-01 11:27:49.639 V/WindowManager( 2018): Adding window Window{1b15d5e9 u0 com.huan.appstore/com.huan.appstore.ui.MainActivity} at 8 of 13 (after Window{80e3ce3 u0 com.huan.appstore/com.huan.appstore.ui.WelcomeActivity})
11-01 11:27:54.440 I/ActivityManager( 2018): START u0 {cmp=com.huan.appstore/.ui.InstalledActivity} from uid 10021 on display 0
11-01 11:27:54.445 V/WindowManager( 2018): addAppToken: AppWindowToken{19200415 token=Token{30589cc ActivityRecord{3f9147ff u0 com.huan.appstore/.ui.InstalledActivity t100}}} to stack=0 task=100 at 2
11-01 11:27:54.494 V/WindowManager( 2018): Adding window Window{1b3664d0 u0 com.huan.appstore/com.huan.appstore.ui.InstalledActivity} at 8 of 13 (after Window{1b15d5e9 u0 com.huan.appstore/com.huan.appstore.ui.MainActivity})
11-01 11:28:08.866 D/UsbHostManager( 2018): Added device UsbDevice[mName=/dev/bus/usb/003/002,mVendorId=2385,mProductId=5733,mClass=0,mSubclass=0,mProtocol=0,mManufacturerName=Kingston,mProductName=DataTraveler 2.0,mSerialNumber=08606E6B6612FDC0B7166B8F,mConfigurations=[
11-01 11:28:08.866 D/UsbHostManager( 2018): UsbConfiguration[mId=1,mName=null,mAttributes=128,mMaxPower=50,mInterfaces=[
11-01 11:28:08.866 D/UsbHostManager( 2018): UsbInterface[mId=0,mAlternateSetting=0,mName=null,mClass=8,mSubclass=6,mProtocol=80,mEndpoints=[
11-01 11:28:08.866 D/UsbHostManager( 2018): UsbEndpoint[mAddress=129,mAttributes=2,mMaxPacketSize=512,mInterval=255]
11-01 11:28:08.866 D/UsbHostManager( 2018): UsbEndpoint[mAddress=2,mAttributes=2,mMaxPacketSize=512,mInterval=255]]]]
11-01 11:28:08.866 W/ContextImpl( 2018): Calling a method in the system process without a qualified user: android.app.ContextImpl.sendBroadcast:1345 com.android.server.usb.UsbSettingsManager.deviceAttached:741 com.android.server.usb.UsbHostManager.endUsbDeviceAdded:224 com.android.server.usb.UsbHostManager.monitorUsbHostBus:-2 com.android.server.usb.UsbHostManager.access$000:42 
11-01 11:28:09.925 D/DirectVolume( 1563): [void DirectVolume::handleDiskAdded(const char*, NetlinkEvent*)-178] :**********Add Disk Begining**********
11-01 11:28:09.925 W/Vold    ( 1563): No volumes handled block event for '/devices/platform/soc/f98a0000.xhci/usb3/3-1/3-1:1.0/host0/target0:0:0/0:0:0:0/block/sda'
11-01 11:28:09.925 D/DirectVolume( 1563): [void DirectVolume::handlePartitionAdded(const char*, NetlinkEvent*)-225] :----> handlePartitionAdded devpath = /devices/platform/soc/f98a0000.xhci/usb3/3-1/3-1:1.0/host0/target0:0:0/0:0:0:0/block/sda/sda1 .
11-01 11:28:09.926 D/DirectVolume( 1563): [void DirectVolume::handlePartitionAdded(const char*, NetlinkEvent*)-260] :DirectVolume : handlePartitionAdded, mountpoint /mnt/sda/sda1, label /sda/sda1, major 8, minor 1, devpath /devices/platform/soc/f98a0000.xhci/usb3/3-1/3-1:1.0/host0/target0:0:0/0:0:0:0/block/sda/sda1
11-01 11:28:09.926 D/Vold    ( 1563): [void Volume::setState(int)-313] :Volume /sda/sda1 state changing -1 (Initializing) -> 0 (No-Media)
11-01 11:28:09.926 D/PartVolume( 1563): [virtual int PartVolume::handleBlockEvent(NetlinkEvent*)-92] :********PartVolume handleBlockEvent Begining********
11-01 11:28:09.926 D/PartVolume( 1563): [virtual int PartVolume::handleBlockEvent(NetlinkEvent*)-101] :PathCollection is Value------->/devices/platform/soc/f98a0000.xhci/usb3/3-1/3-1:1.0/host0/target0:0:0/0:0:0:0/block/sda/sda1
11-01 11:28:09.926 D/PartVolume( 1563): [void PartVolume::handlePartitionAdded(const char*, NetlinkEvent*)-124] :********PartVolume handlePartitionAdded Begining********
11-01 11:28:09.926 D/PartVolume( 1563): [void PartVolume::handlePartitionAdded(const char*, NetlinkEvent*)-132] :handlePartitionAdded. mPartMajor = 8, mPartMinor = 1, major = 8, minor = 1
11-01 11:28:09.927 E/MountService( 2018): VolumeState.NoMedia .
11-01 11:28:09.927 D/MountService( 2018): volume state changed for /mnt/sda/sda1 (null -> -1)
11-01 11:28:09.931 E/MountService( 2018): notifyVolumeStateChange getVolumeState !!
11-01 11:28:09.986 D/Vold    ( 1563): [void Volume::setState(int)-313] :Volume /sda/sda1 state changing 0 (No-Media) -> 1 (Idle-Unmounted)
11-01 11:28:09.986 D/PartVolume( 1563): [void PartVolume::handlePartitionAdded(const char*, NetlinkEvent*)-148] :Volume /sda/sda1 /mnt/sda/sda1 disk inserted (8:1)
11-01 11:28:09.986 D/Vold    ( 1563): [void VolumeManager::handleBlockEvent(NetlinkEvent*)-326] :Device '/devices/platform/soc/f98a0000.xhci/usb3/3-1/3-1:1.0/host0/target0:0:0/0:0:0:0/block/sda/sda1' event handled by volume /sda/sda1
11-01 11:28:09.986 E/MountService( 2018): notifyVolumeStateChange getVolumeState !!
11-01 11:28:09.986 D/MountService( 2018): volume state changed for /mnt/sda/sda1 (-1 -> unmounted)
11-01 11:28:09.988 E/MountService( 2018): getIndexInSpec -->4
11-01 11:28:09.988 E/MountService( 2018): Failed to read response to volume shared /storage/sdcard ums
11-01 11:28:09.989 D/Vold    ( 1563): [int Volume::mountVol()-596] :Mount Volume devicePath [/dev/block/vold/8:1], Mount Point [/mnt/sda/sda1]
11-01 11:28:09.989 D/Vold    ( 1563): [void Volume::setState(int)-313] :Volume /sda/sda1 state changing 1 (Idle-Unmounted) -> 3 (Checking)
11-01 11:28:09.989 D/Vold    ( 1563): [int Volume::mountVol()-604] :Volume Mount Point: [/mnt/sda/sda1]
11-01 11:28:09.989 D/Vold    ( 1563): [void Volume::mkdir_p(const char*, mode_t, uid_t, gid_t)-957] :Mountpoint pDir [/mnt/sda/sda1], slash [/sda/sda1]
11-01 11:28:09.989 D/Vold    ( 1563): [void Volume::mkdir_p(const char*, mode_t, uid_t, gid_t)-957] :Mountpoint pDir [/mnt/sda/sda1], slash [/sda1]
11-01 11:28:09.989 D/Vold    ( 1563): [void Volume::mkdir_p(const char*, mode_t, uid_t, gid_t)-957] :Mountpoint pDir [/mnt/sda/sda1], slash [(null)]
11-01 11:28:09.989 E/MountService( 2018): notifyVolumeStateChange getVolumeState !!
11-01 11:28:09.989 D/MountService( 2018): volume state changed for /mnt/sda/sda1 (unmounted -> checking)
11-01 11:28:09.995 I/ValidateNoPeople( 2018): skipping global notification
11-01 11:28:10.010 D/Vold    ( 1563): [int Volume::mountVol()-624] :/dev/block/vold/8:1 success to mount VFAT!
11-01 11:28:10.041 D/Vold    ( 1563): [int Volume::extractMetadata(const char*)-922] :blkid identified as /dev/block/vold/8:1: LABEL="文件" UUID="0001-7D5B" TYPE="vfat" 
11-01 11:28:10.041 E/MountService( 2018): VolumeUserLabelChange , path = /mnt/sda/sda1 , userLabel =文件
11-01 11:28:10.041 D/Vold    ( 1563): [void Volume::setState(int)-307] :Volume /sda/sda1 state changing 3 (Checking) -> 4 (Mounted), UUID=0001-7D5B, DevType=USB3.0, DevNode = 2049, DiskLabel = (null)
11-01 11:28:10.041 E/MountService( 2018): VolumeState.Mounted .path = /mnt/sda/sda1
11-01 11:28:10.042 W/MountService( 2018): [ sunchentong ] VolumeDiskInserted , path = /mnt/sda/sda1
11-01 11:28:10.042 D/MountService( 2018): Enter mDiskLableList.get(i).isUsed 
11-01 11:28:10.042 D/MountService( 2018): SDCardIndex < 0, i = 0 ,  tempLable =
11-01 11:28:10.042 D/MountService( 2018): Enter addStorageVolume path = /mnt/sda/sda1
11-01 11:28:10.042 E/MountService( 2018): volume != null , addStorageVolume path = /mnt/sda/sda1
11-01 11:28:10.042 E/MountService( 2018): notifyVolumeStateChange getVolumeState !!
11-01 11:28:10.042 D/MountService( 2018): volume state changed for /mnt/sda/sda1 (checking -> mounted)
11-01 11:28:10.042 D/MountService( 2018): sendStorageIntent Intent { act=android.intent.action.MEDIA_MOUNTED dat=file:///mnt/sda/sda1 flg=0x4000000 (has extras) } to UserHandle{-1}
11-01 11:28:10.115 W/InputMethodManagerService( 2018): Starting input on non-focused client com.android.internal.view.IInputMethodClient$Stub$Proxy@28652a39 (uid=10021 pid=3501)
11-01 11:28:11.007 I/ActivityManager( 2018): START u0 {act=android.intent.action.MAIN cat=[android.intent.category.HOME] flg=0x10200000 cmp=com.suma.midware.home/.third.Main3DActivity} from uid 1000 on display 0
11-01 11:28:11.010 I/ActivityManager( 2018): Force stopping com.android.browser appid=10010 user=0: from pid 2369
11-01 11:28:11.205 E/ActivityThread( 3501): Activity com.huan.appstore.ui.MainActivity has leaked IntentReceiver com.huan.appstore.ui.widget.UpgradeImplantChild$1@3001ff6 that was originally registered here. Are you missing a call to unregisterReceiver()?
11-01 11:28:11.205 E/ActivityThread( 3501): android.app.IntentReceiverLeaked: Activity com.huan.appstore.ui.MainActivity has leaked IntentReceiver com.huan.appstore.ui.widget.UpgradeImplantChild$1@3001ff6 that was originally registered here. Are you missing a call to unregisterReceiver()?
11-01 11:28:11.205 E/ActivityThread( 3501): 	at android.app.LoadedApk$ReceiverDispatcher.<init>(LoadedApk.java:905)
11-01 11:28:11.205 E/ActivityThread( 3501): 	at android.app.LoadedApk.getReceiverDispatcher(LoadedApk.java:706)
11-01 11:28:11.205 E/ActivityThread( 3501): 	at android.app.ContextImpl.registerReceiverInternal(ContextImpl.java:1661)
11-01 11:28:11.205 E/ActivityThread( 3501): 	at android.app.ContextImpl.registerReceiver(ContextImpl.java:1641)
11-01 11:28:11.205 E/ActivityThread( 3501): 	at android.app.ContextImpl.registerReceiver(ContextImpl.java:1635)
11-01 11:28:11.205 E/ActivityThread( 3501): 	at android.content.ContextWrapper.registerReceiver(ContextWrapper.java:489)
11-01 11:28:11.205 E/ActivityThread( 3501): 	at com.huan.appstore.ui.widget.UpgradeImplantChild.attach(UpgradeImplantChild.java:53)
11-01 11:28:11.205 E/ActivityThread( 3501): 	at java.lang.reflect.Method.invoke(Native Method)
11-01 11:28:11.205 E/ActivityThread( 3501): 	at java.lang.reflect.Method.invoke(Method.java:372)
11-01 11:28:11.205 E/ActivityThread( 3501): 	at com.huan.appstore.utils.ReflexUtil.execute(ReflexUtil.java:32)
11-01 11:28:11.205 E/ActivityThread( 3501): 	at com.huan.appstore.ui.view.FloatLayout$ItemLayout$1.attachChild(FloatLayout.java:42)
11-01 11:28:11.205 E/ActivityThread( 3501): 	at com.huan.appstore.ui.view.FloatLayout$ItemLayout$1.add(FloatLayout.java:37)
11-01 11:28:11.205 E/ActivityThread( 3501): 	at com.huan.appstore.ui.view.FloatLayout$ItemLayout$1.add(FloatLayout.java:1)
11-01 11:28:11.205 E/ActivityThread( 3501): 	at com.huan.appstore.ui.view.impl.ManagerDisplay.attach(ManagerDisplay.java:141)
11-01 11:28:11.205 E/ActivityThread( 3501): 	at com.huan.appstore.ui.MainActivity.addLocalDatas(MainActivity.java:507)
11-01 11:28:11.205 E/ActivityThread( 3501): 	at com.huan.appstore.ui.MainActivity.BINDMENUS(MainActivity.java:194)
11-01 11:28:11.205 E/ActivityThread( 3501): 	at com.huan.appstore.ui.MainActivity.loadLocalMenu(MainActivity.java:349)
11-01 11:28:11.205 E/ActivityThread( 3501): 	at com.huan.appstore.ui.MainActivity$7.onPostExecute(MainActivity.java:300)
11-01 11:28:11.205 E/ActivityThread( 3501): 	at com.huan.appstore.ui.MainActivity$7.onPostExecute(MainActivity.java:1)
11-01 11:28:11.205 E/ActivityThread( 3501): 	at android.os.AsyncTask.finish(AsyncTask.java:636)
11-01 11:28:11.205 E/ActivityThread( 3501): 	at android.os.AsyncTask.access$500(AsyncTask.java:177)
11-01 11:28:11.205 E/ActivityThread( 3501): 	at android.os.AsyncTask$InternalHandler.handleMessage(AsyncTask.java:653)
11-01 11:28:11.205 E/ActivityThread( 3501): 	at android.os.Handler.dispatchMessage(Handler.java:102)
11-01 11:28:11.205 E/ActivityThread( 3501): 	at android.os.Looper.loop(Looper.java:135)
11-01 11:28:11.205 E/ActivityThread( 3501): 	at android.app.ActivityThread.main(ActivityThread.java:5267)
11-01 11:28:11.205 E/ActivityThread( 3501): 	at java.lang.reflect.Method.invoke(Native Method)
11-01 11:28:11.205 E/ActivityThread( 3501): 	at java.lang.reflect.Method.invoke(Method.java:372)
11-01 11:28:11.205 E/ActivityThread( 3501): 	at com.android.internal.os.ZygoteInit$MethodAndArgsCaller.run(ZygoteInit.java:903)
11-01 11:28:11.205 E/ActivityThread( 3501): 	at com.android.internal.os.ZygoteInit.main(ZygoteInit.java:698)
11-01 11:28:11.208 E/ActivityThread( 3501): Activity com.huan.appstore.ui.MainActivity has leaked IntentReceiver com.huan.appstore.ui.widget.InstalledImplantChild$1@28232e5d that was originally registered here. Are you missing a call to unregisterReceiver()?
11-01 11:28:11.208 E/ActivityThread( 3501): android.app.IntentReceiverLeaked: Activity com.huan.appstore.ui.MainActivity has leaked IntentReceiver com.huan.appstore.ui.widget.InstalledImplantChild$1@28232e5d that was originally registered here. Are you missing a call to unregisterReceiver()?
11-01 11:28:11.208 E/ActivityThread( 3501): 	at android.app.LoadedApk$ReceiverDispatcher.<init>(LoadedApk.java:905)
11-01 11:28:11.208 E/ActivityThread( 3501): 	at android.app.LoadedApk.getReceiverDispatcher(LoadedApk.java:706)
11-01 11:28:11.208 E/ActivityThread( 3501): 	at android.app.ContextImpl.registerReceiverInternal(ContextImpl.java:1661)
11-01 11:28:11.208 E/ActivityThread( 3501): 	at android.app.ContextImpl.registerReceiver(ContextImpl.java:1641)
11-01 11:28:11.208 E/ActivityThread( 3501): 	at android.app.ContextImpl.registerReceiver(ContextImpl.java:1635)
11-01 11:28:11.208 E/ActivityThread( 3501): 	at android.content.ContextWrapper.registerReceiver(ContextWrapper.java:489)
11-01 11:28:11.208 E/ActivityThread( 3501): 	at com.huan.appstore.ui.widget.InstalledImplantChild.attach(InstalledImplantChild.java:60)
11-01 11:28:11.208 E/ActivityThread( 3501): 	at java.lang.reflect.Method.invoke(Native Method)
11-01 11:28:11.208 E/ActivityThread( 3501): 	at java.lang.reflect.Method.invoke(Method.java:372)
11-01 11:28:11.208 E/ActivityThread( 3501): 	at com.huan.appstore.utils.ReflexUtil.execute(ReflexUtil.java:32)
11-01 11:28:11.208 E/ActivityThread( 3501): 	at com.huan.appstore.ui.view.FloatLayout$ItemLayout$1.attachChild(FloatLayout.java:42)
11-01 11:28:11.208 E/ActivityThread( 3501): 	at com.huan.appstore.ui.view.FloatLayout$ItemLayout$1.add(FloatLayout.java:37)
11-01 11:28:11.208 E/ActivityThread( 3501): 	at com.huan.appstore.ui.view.FloatLayout$ItemLayout$1.add(FloatLayout.java:1)
11-01 11:28:11.208 E/ActivityThread( 3501): 	at com.huan.appstore.ui.view.impl.ManagerDisplay.attach(ManagerDisplay.java:141)
11-01 11:28:11.208 E/ActivityThread( 3501): 	at com.huan.appstore.ui.MainActivity.addLocalDatas(MainActivity.java:507)
11-01 11:28:11.208 E/ActivityThread( 3501): 	at com.huan.appstore.ui.MainActivity.BINDMENUS(MainActivity.java:194)
11-01 11:28:11.208 E/ActivityThread( 3501): 	at com.huan.appstore.ui.MainActivity.loadLocalMenu(MainActivity.java:349)
11-01 11:28:11.208 E/ActivityThread( 3501): 	at com.huan.appstore.ui.MainActivity$7.onPostExecute(MainActivity.java:300)
11-01 11:28:11.208 E/ActivityThread( 3501): 	at com.huan.appstore.ui.MainActivity$7.onPostExecute(MainActivity.java:1)
11-01 11:28:11.208 E/ActivityThread( 3501): 	at android.os.AsyncTask.finish(AsyncTask.java:636)
11-01 11:28:11.208 E/ActivityThread( 3501): 	at android.os.AsyncTask.access$500(AsyncTask.java:177)
11-01 11:28:11.208 E/ActivityThread( 3501): 	at android.os.AsyncTask$InternalHandler.handleMessage(AsyncTask.java:653)
11-01 11:28:11.208 E/ActivityThread( 3501): 	at android.os.Handler.dispatchMessage(Handler.java:102)
11-01 11:28:11.208 E/ActivityThread( 3501): 	at android.os.Looper.loop(Looper.java:135)
11-01 11:28:11.208 E/ActivityThread( 3501): 	at android.app.ActivityThread.main(ActivityThread.java:5267)
11-01 11:28:11.208 E/ActivityThread( 3501): 	at java.lang.reflect.Method.invoke(Native Method)
11-01 11:28:11.208 E/ActivityThread( 3501): 	at java.lang.reflect.Method.invoke(Method.java:372)
11-01 11:28:11.208 E/ActivityThread( 3501): 	at com.android.internal.os.ZygoteInit$MethodAndArgsCaller.run(ZygoteInit.java:903)
11-01 11:28:11.208 E/ActivityThread( 3501): 	at com.android.internal.os.ZygoteInit.main(ZygoteInit.java:698)
11-01 11:28:11.223 W/ContextImpl( 2499): Calling a method in the system process without a qualified user: android.app.ContextImpl.sendBroadcast:1345 android.content.ContextWrapper.sendBroadcast:377 com.suma.midware.view.ext.BluetoothUpdate.b:-1 com.suma.midware.home.third.Main3DActivity.onResume:-1 android.app.Instrumentation.callActivityOnResume:1257 
11-01 11:28:11.226 W/ContextImpl( 2499): Calling a method in the system process without a qualified user: android.app.ContextImpl.sendBroadcast:1345 android.content.ContextWrapper.sendBroadcast:377 android.app.ActivityThread.performResumeActivity:2982 android.app.ActivityThread.handleResumeActivity:3023 android.app.ActivityThread$H.handleMessage:1347 
11-01 11:28:12.088 W/ContextImpl( 2369): Calling a method in the system process without a qualified user: android.app.ContextImpl.startActivity:1242 android.content.ContextWrapper.startActivity:323 com.suma.midware.back.boot.neimeng.f.run:-1 android.os.Handler.handleCallback:739 android.os.Handler.dispatchMessage:95 
11-01 11:28:12.088 W/ContextImpl( 2369): Calling a method in the system process without a qualified user: android.app.ContextImpl.startActivity:1254 android.app.ContextImpl.startActivity:1243 android.content.ContextWrapper.startActivity:323 com.suma.midware.back.boot.neimeng.f.run:-1 android.os.Handler.handleCallback:739 
11-01 11:28:12.089 I/ActivityManager( 2018): START u0 {flg=0x10000000 cmp=com.sumavision.android.media.v/.MediaAppActivity} from uid 1000 on display 0
11-01 11:28:12.092 V/WindowManager( 2018): addAppToken: AppWindowToken{39bafdd7 token=Token{3ca12956 ActivityRecord{2c24e771 u0 com.sumavision.android.media.v/.MediaAppActivity t103}}} to stack=1 task=103 at 0
11-01 11:28:12.098 V/WindowManager( 2018): Based on layer: Adding window Window{27d48b30 u0 Starting com.sumavision.android.media.v} at 7 of 12
11-01 11:28:12.101 W/ContextImpl( 2499): Calling a method in the system process without a qualified user: android.app.ContextImpl.sendBroadcast:1345 android.content.ContextWrapper.sendBroadcast:377 android.app.ActivityThread.performPauseActivity:3259 android.app.ActivityThread.performPauseActivity:3225 android.app.ActivityThread.handlePauseActivity:3200 
11-01 11:28:12.149 I/ActivityManager( 2018): Start proc 3691:com.sumavision.android.media.v/u0a22 for activity com.sumavision.android.media.v/.MediaAppActivity
11-01 11:28:12.356 V/WindowManager( 2018): Adding window Window{1e0468f4 u0 com.sumavision.android.media.v/com.sumavision.android.media.v.MediaAppActivity} at 7 of 13 (before Window{27d48b30 u0 Starting com.sumavision.android.media.v})
11-01 11:28:12.403 W/ViewRootImpl( 3691): Cancelling event due to no window focus: KeyEvent { action=ACTION_UP, keyCode=KEYCODE_DPAD_CENTER, scanCode=28, metaState=0, flags=0x80000028, repeatCount=0, eventTime=693209, downTime=693000, deviceId=3, source=0x701 }
11-01 11:28:12.403 W/ViewRootImpl( 3691): Cancelling event due to no window focus: KeyEvent { action=ACTION_UP, keyCode=KEYCODE_DPAD_CENTER, scanCode=28, metaState=0, flags=0x80000028, repeatCount=0, eventTime=693209, downTime=693000, deviceId=3, source=0x701 }
11-01 11:28:12.403 W/ViewRootImpl( 3691): Cancelling event due to no window focus: KeyEvent { action=ACTION_UP, keyCode=KEYCODE_DPAD_CENTER, scanCode=28, metaState=0, flags=0x80000028, repeatCount=0, eventTime=693209, downTime=693000, deviceId=3, source=0x701 }
11-01 11:28:12.403 W/ViewRootImpl( 3691): Cancelling event due to no window focus: KeyEvent { action=ACTION_UP, keyCode=KEYCODE_DPAD_CENTER, scanCode=28, metaState=0, flags=0x80000028, repeatCount=0, eventTime=693209, downTime=693000, deviceId=3, source=0x701 }
11-01 11:28:12.403 W/ViewRootImpl( 3691): Cancelling event due to no window focus: KeyEvent { action=ACTION_UP, keyCode=KEYCODE_DPAD_CENTER, scanCode=28, metaState=0, flags=0x80000028, repeatCount=0, eventTime=693209, downTime=693000, deviceId=3, source=0x701 }
11-01 11:28:12.403 W/ViewRootImpl( 3691): Cancelling event due to no window focus: KeyEvent { action=ACTION_UP, keyCode=KEYCODE_DPAD_CENTER, scanCode=28, metaState=0, flags=0x80000028, repeatCount=0, eventTime=693209, downTime=693000, deviceId=3, source=0x701 }
11-01 11:28:14.522 I/ActivityManager( 2018): START u0 {cmp=com.sumavision.android.media.v/.MediaListActivity (has extras)} from uid 10022 on display 0
11-01 11:28:14.523 V/WindowManager( 2018): addAppToken: AppWindowToken{3626f251 token=Token{4ce9b78 ActivityRecord{346a24db u0 com.sumavision.android.media.v/.MediaListActivity t103}}} to stack=1 task=103 at 1
11-01 11:28:14.525 W/ActivityManager( 2018): getTasks: caller 10022 does not hold REAL_GET_TASKS; limiting output
11-01 11:28:14.686 V/WindowManager( 2018): Adding window Window{b4706bc u0 com.sumavision.android.media.v/com.sumavision.android.media.v.MediaListActivity} at 8 of 13 (after Window{1e0468f4 u0 com.sumavision.android.media.v/com.sumavision.android.media.v.MediaAppActivity})
11-01 11:28:16.602 D/TaskPersister( 2018): removeObsoleteFile: deleting file=87_task.xml
11-01 11:28:16.602 D/TaskPersister( 2018): removeObsoleteFile: deleting file=87_task.xml.bak
11-01 11:28:16.603 D/TaskPersister( 2018): removeObsoleteFile: deleting file=87_task_thumbnail.png
11-01 11:28:32.445 I/ActivityManager( 2018): START u0 {act=android.intent.action.VIEW dat=file:///mnt/sda/sda1/iPanelIPTVTestVideo_sphy.apk typ=application/vnd.android.package-archive cmp=com.android.packageinstaller/.PackageInstallerActivity (has extras)} from uid 10022 on display 0
11-01 11:28:32.448 V/WindowManager( 2018): addAppToken: AppWindowToken{2f308fd token=Token{346f7154 ActivityRecord{372b78a7 u0 com.android.packageinstaller/.PackageInstallerActivity t103}}} to stack=1 task=103 at 2
11-01 11:28:32.450 W/ActivityManager( 2018): getTasks: caller 10022 does not hold REAL_GET_TASKS; limiting output
11-01 11:28:32.488 I/ActivityManager( 2018): Start proc 3843:com.android.packageinstaller/u0a17 for activity com.android.packageinstaller/.PackageInstallerActivity
11-01 11:28:32.652 V/WindowManager( 2018): Adding window Window{237e33e u0 com.android.packageinstaller/com.android.packageinstaller.PackageInstallerActivity} at 9 of 14 (after Window{b4706bc u0 com.sumavision.android.media.v/com.sumavision.android.media.v.MediaListActivity})
11-01 11:28:35.809 I/ActivityManager( 2018): START u0 {dat=file:///mnt/sda/sda1/iPanelIPTVTestVideo_sphy.apk cmp=com.android.packageinstaller/.InstallAppProgress (has extras)} from uid 10017 on display 0
11-01 11:28:35.815 V/WindowManager( 2018): addAppToken: AppWindowToken{bfd35d8 token=Token{20e32cbb ActivityRecord{2d4af54a u0 com.android.packageinstaller/.InstallAppProgress t103}}} to stack=1 task=103 at 3
11-01 11:28:35.872 I/ActivityManager( 2018): Start proc 3875:com.android.defcontainer/u0a1 for service com.android.defcontainer/.DefaultContainerService
11-01 11:28:35.874 V/WindowManager( 2018): Adding window Window{654e3a2 u0 com.android.packageinstaller/com.android.packageinstaller.InstallAppProgress} at 10 of 15 (after Window{237e33e u0 com.android.packageinstaller/com.android.packageinstaller.PackageInstallerActivity})
11-01 11:28:36.020 D/DefContainer( 3875): Copying /mnt/sda/sda1/iPanelIPTVTestVideo_sphy.apk to base.apk
11-01 11:28:39.163 W/PackageManager( 2018): installPackageLI
11-01 11:28:56.121 I/ActivityManager( 2018): START u0 {act=android.intent.action.VIEW dat=file:///mnt/sda/sda1/iPanelIPTVTestVideo_sphy.apk typ=application/vnd.android.package-archive cmp=com.android.packageinstaller/.PackageInstallerActivity (has extras)} from uid 10022 on display 0
11-01 11:28:56.122 V/WindowManager( 2018): addAppToken: AppWindowToken{3ee0fb4c token=Token{13d58f7f ActivityRecord{1f39d89e u0 com.android.packageinstaller/.PackageInstallerActivity t103}}} to stack=1 task=103 at 2
11-01 11:28:56.124 W/ActivityManager( 2018): getTasks: caller 10022 does not hold REAL_GET_TASKS; limiting output
11-01 11:28:56.180 V/WindowManager( 2018): Adding window Window{1366e0aa u0 com.android.packageinstaller/com.android.packageinstaller.PackageInstallerActivity} at 9 of 14 (after Window{b4706bc u0 com.sumavision.android.media.v/com.sumavision.android.media.v.MediaListActivity})
11-01 11:28:59.188 I/ActivityManager( 2018): START u0 {dat=file:///mnt/sda/sda1/iPanelIPTVTestVideo_sphy.apk cmp=com.android.packageinstaller/.InstallAppProgress (has extras)} from uid 10017 on display 0
11-01 11:28:59.189 V/WindowManager( 2018): addAppToken: AppWindowToken{1ebfd811 token=Token{2bc88038 ActivityRecord{8bda49b u0 com.android.packageinstaller/.InstallAppProgress t103}}} to stack=1 task=103 at 3
11-01 11:28:59.220 V/WindowManager( 2018): Adding window Window{13d6db02 u0 com.android.packageinstaller/com.android.packageinstaller.InstallAppProgress} at 10 of 15 (after Window{1366e0aa u0 com.android.packageinstaller/com.android.packageinstaller.PackageInstallerActivity})
11-01 11:28:59.225 D/DefContainer( 3875): Copying /mnt/sda/sda1/iPanelIPTVTestVideo_sphy.apk to base.apk
11-01 11:29:01.614 D/PackageManager( 2018): Renaming /data/app/vmdl914238230.tmp to /data/app/com.ipanel.android_webview.video-1
11-01 11:29:03.539 V/BackupManagerService( 2018): restoreAtInstall pkg=com.ipanel.android_webview.video token=2 restoreSet=0
11-01 11:29:03.543 V/BackupManagerService( 2018): Finishing install immediately
11-01 11:29:03.553 W/InputMethodManagerService( 2018): Skipping input method ComponentInfo{com.suma.midware.back/com.suma.midware.back.sanping.input.SoftInputService}: it does not require the permission android.permission.BIND_INPUT_METHOD
11-01 11:29:03.564 D/BackupManagerService( 2018): Received broadcast Intent { act=android.intent.action.PACKAGE_ADDED dat=package:com.ipanel.android_webview.video flg=0x4000010 (has extras) }
11-01 11:29:06.398 I/ActivityManager( 2018): START u0 {act=android.intent.action.MAIN cat=[android.intent.category.HOME] flg=0x10200000 cmp=com.suma.midware.home/.third.Main3DActivity} from uid 1000 on display 0
11-01 11:29:06.414 I/ActivityManager( 2018): Force stopping com.android.browser appid=10010 user=0: from pid 2369
11-01 11:29:06.429 I/WindowState( 2018): WIN DEATH: Window{1e0468f4 u0 com.sumavision.android.media.v/com.sumavision.android.media.v.MediaAppActivity}
11-01 11:29:06.430 I/WindowState( 2018): WIN DEATH: Window{b4706bc u0 com.sumavision.android.media.v/com.sumavision.android.media.v.MediaListActivity}
11-01 11:29:06.431 I/ActivityManager( 2018): Process com.sumavision.android.media.v (pid 3691) has died
11-01 11:29:06.433 W/ActivityManager( 2018): Scheduling restart of crashed service com.sumavision.android.media.v/com.sumavision.android.media.c.MediaPlaybackService in 1000ms
11-01 11:29:06.459 W/ContextImpl( 2499): Calling a method in the system process without a qualified user: android.app.ContextImpl.sendBroadcast:1345 android.content.ContextWrapper.sendBroadcast:377 com.suma.midware.view.ext.BluetoothUpdate.b:-1 com.suma.midware.home.third.Main3DActivity.onResume:-1 android.app.Instrumentation.callActivityOnResume:1257 
11-01 11:29:06.462 W/ContextImpl( 2499): Calling a method in the system process without a qualified user: android.app.ContextImpl.sendBroadcast:1345 android.content.ContextWrapper.sendBroadcast:377 android.app.ActivityThread.performResumeActivity:2982 android.app.ActivityThread.handleResumeActivity:3023 android.app.ActivityThread$H.handleMessage:1347 
11-01 11:29:06.555 W/InputMethodManagerService( 2018): Got RemoteException sending setActive(false) notification to pid 3691 uid 10022
11-01 11:29:07.480 I/ActivityManager( 2018): Start proc 3951:com.sumavision.android.media.v/u0a22 for service com.sumavision.android.media.v/com.sumavision.android.media.c.MediaPlaybackService
11-01 11:29:13.103 I/ActivityManager( 2018): START u0 {act=android.intent.action.MAIN cat=[android.intent.category.LAUNCHER] pkg=com.huan.appstore cmp=com.huan.appstore/.ui.WelcomeActivity} from uid 1000 on display 0
11-01 11:29:13.105 V/WindowManager( 2018): addAppToken: AppWindowToken{2badf9e0 token=Token{3f5bdbe3 ActivityRecord{3f99c812 u0 com.huan.appstore/.ui.WelcomeActivity t100}}} to stack=0 task=100 at 1
11-01 11:29:13.110 W/ContextImpl( 2499): Calling a method in the system process without a qualified user: android.app.ContextImpl.sendBroadcast:1345 android.content.ContextWrapper.sendBroadcast:377 android.app.ActivityThread.performPauseActivity:3259 android.app.ActivityThread.performPauseActivity:3225 android.app.ActivityThread.handlePauseActivity:3200 
11-01 11:29:13.115 W/ViewRootImpl( 2499): Cancelling event due to no window focus: KeyEvent { action=ACTION_UP, keyCode=KEYCODE_DPAD_CENTER, scanCode=28, metaState=0, flags=0x28, repeatCount=0, eventTime=754029, downTime=754017, deviceId=3, source=0x701 }
11-01 11:29:13.115 W/ViewRootImpl( 2499): Cancelling event due to no window focus: KeyEvent { action=ACTION_UP, keyCode=KEYCODE_DPAD_CENTER, scanCode=28, metaState=0, flags=0x28, repeatCount=0, eventTime=754029, downTime=754017, deviceId=3, source=0x701 }
11-01 11:29:13.115 W/ViewRootImpl( 2499): Cancelling event due to no window focus: KeyEvent { action=ACTION_UP, keyCode=KEYCODE_DPAD_CENTER, scanCode=28, metaState=0, flags=0x28, repeatCount=0, eventTime=754029, downTime=754017, deviceId=3, source=0x701 }
11-01 11:29:13.115 W/ViewRootImpl( 2499): Cancelling event due to no window focus: KeyEvent { action=ACTION_UP, keyCode=KEYCODE_DPAD_CENTER, scanCode=28, metaState=0, flags=0x28, repeatCount=0, eventTime=754029, downTime=754017, deviceId=3, source=0x701 }
11-01 11:29:13.115 W/ViewRootImpl( 2499): Cancelling event due to no window focus: KeyEvent { action=ACTION_UP, keyCode=KEYCODE_DPAD_CENTER, scanCode=28, metaState=0, flags=0x28, repeatCount=0, eventTime=754029, downTime=754017, deviceId=3, source=0x701 }
11-01 11:29:13.115 W/ViewRootImpl( 2499): Cancelling event due to no window focus: KeyEvent { action=ACTION_UP, keyCode=KEYCODE_DPAD_CENTER, scanCode=28, metaState=0, flags=0x28, repeatCount=0, eventTime=754029, downTime=754017, deviceId=3, source=0x701 }
11-01 11:29:13.279 V/WindowManager( 2018): Adding window Window{648535e u0 com.huan.appstore/com.huan.appstore.ui.WelcomeActivity} at 7 of 12 (after Window{34953cab u0 com.suma.midware.home/com.suma.midware.home.third.Main3DActivity})
11-01 11:29:15.273 I/ActivityManager( 2018): START u0 {cmp=com.huan.appstore/.ui.MainActivity} from uid 10021 on display 0
11-01 11:29:15.277 V/WindowManager( 2018): addAppToken: AppWindowToken{17357036 token=Token{3d947dd1 ActivityRecord{119524f8 u0 com.huan.appstore/.ui.MainActivity t100}}} to stack=0 task=100 at 2
11-01 11:29:15.318 V/WindowManager( 2018): Adding window Window{235309c5 u0 com.huan.appstore/com.huan.appstore.ui.MainActivity} at 8 of 13 (after Window{648535e u0 com.huan.appstore/com.huan.appstore.ui.WelcomeActivity})
11-01 11:29:19.670 I/ActivityManager( 2018): START u0 {cmp=com.huan.appstore/.ui.InstalledActivity} from uid 10021 on display 0
11-01 11:29:19.672 V/WindowManager( 2018): addAppToken: AppWindowToken{f0e5d1f token=Token{3a04d8be ActivityRecord{18a59379 u0 com.huan.appstore/.ui.InstalledActivity t100}}} to stack=0 task=100 at 2
11-01 11:29:19.687 W/ViewRootImpl( 3501): Cancelling event due to no window focus: KeyEvent { action=ACTION_UP, keyCode=KEYCODE_DPAD_CENTER, scanCode=28, metaState=0, flags=0x28, repeatCount=0, eventTime=760596, downTime=760592, deviceId=3, source=0x701 }
11-01 11:29:19.687 W/ViewRootImpl( 3501): Cancelling event due to no window focus: KeyEvent { action=ACTION_UP, keyCode=KEYCODE_DPAD_CENTER, scanCode=28, metaState=0, flags=0x28, repeatCount=0, eventTime=760596, downTime=760592, deviceId=3, source=0x701 }
11-01 11:29:19.687 W/ViewRootImpl( 3501): Cancelling event due to no window focus: KeyEvent { action=ACTION_UP, keyCode=KEYCODE_DPAD_CENTER, scanCode=28, metaState=0, flags=0x28, repeatCount=0, eventTime=760596, downTime=760592, deviceId=3, source=0x701 }
11-01 11:29:19.688 W/ViewRootImpl( 3501): Cancelling event due to no window focus: KeyEvent { action=ACTION_UP, keyCode=KEYCODE_DPAD_CENTER, scanCode=28, metaState=0, flags=0x80000028, repeatCount=0, eventTime=760596, downTime=760592, deviceId=3, source=0x701 }
11-01 11:29:19.688 W/ViewRootImpl( 3501): Cancelling event due to no window focus: KeyEvent { action=ACTION_UP, keyCode=KEYCODE_DPAD_CENTER, scanCode=28, metaState=0, flags=0x80000028, repeatCount=0, eventTime=760596, downTime=760592, deviceId=3, source=0x701 }
11-01 11:29:19.688 W/ViewRootImpl( 3501): Cancelling event due to no window focus: KeyEvent { action=ACTION_UP, keyCode=KEYCODE_DPAD_CENTER, scanCode=28, metaState=0, flags=0x80000028, repeatCount=0, eventTime=760596, downTime=760592, deviceId=3, source=0x701 }
11-01 11:29:19.725 V/WindowManager( 2018): Adding window Window{b17e122 u0 com.huan.appstore/com.huan.appstore.ui.InstalledActivity} at 8 of 13 (after Window{235309c5 u0 com.huan.appstore/com.huan.appstore.ui.MainActivity})
11-01 11:29:22.139 V/WindowManager( 2018): not Base app: Adding window Window{262ccea5 u0 com.huan.appstore/com.huan.appstore.ui.InstalledActivity} at 9 of 14
11-01 11:29:23.752 I/ActivityManager( 2018): START u0 {act=android.intent.action.MAIN cat=[android.intent.category.LAUNCHER] flg=0x10000000 pkg=com.ipanel.android_webview.video cmp=com.ipanel.android_webview.video/com.ipanel.webapp.BrowserActivity} from uid 10021 on display 0
11-01 11:29:23.760 V/WindowManager( 2018): addAppToken: AppWindowToken{2d3b3c46 token=Token{17c0b021 ActivityRecord{33046e88 u0 com.ipanel.android_webview.video/com.ipanel.webapp.BrowserActivity t104}}} to stack=1 task=104 at 0
11-01 11:29:23.763 V/WindowManager( 2018): Based on layer: Adding window Window{27c1a3a3 u0 Starting com.ipanel.android_webview.video} at 10 of 15
11-01 11:29:23.807 I/ActivityManager( 2018): Start proc 4026:com.ipanel.android_webview.video/u0a25 for activity com.ipanel.android_webview.video/com.ipanel.webapp.BrowserActivity
11-01 11:29:24.182 V/WindowManager( 2018): Adding window Window{264e55a6 u0 com.ipanel.android_webview.video/com.ipanel.webapp.BrowserActivity} at 9 of 15 (before Window{27c1a3a3 u0 Starting com.ipanel.android_webview.video})
11-01 11:29:24.203 D/ConnectivityService( 2018): listenForNetwork for NetworkRequest [ id=5, legacyType=-1, [ Capabilities: INTERNET&NOT_RESTRICTED&TRUSTED] ]
11-01 11:29:24.204 D/ConnectivityService( 2018): handleRegisterNetworkRequest checking NetworkAgentInfo [WIFI () - 100]
11-01 11:29:24.204 D/ConnectivityService( 2018): apparently satisfied.  currentScore=60
11-01 11:29:24.263 V/WindowManager( 2018): Adding window Window{35d1af83 u0 SurfaceView} at 9 of 16 (before Window{264e55a6 u0 com.ipanel.android_webview.video/com.ipanel.webapp.BrowserActivity})
11-01 11:29:24.328 V/WindowManager( 2018): Adding window Window{2157e139 u0 SurfaceView} at 10 of 17 (before Window{264e55a6 u0 com.ipanel.android_webview.video/com.ipanel.webapp.BrowserActivity})
11-01 11:30:51.719 I/ActivityManager( 2018): START u0 {act=android.intent.action.MAIN cat=[android.intent.category.HOME] flg=0x10200000 cmp=com.suma.midware.home/.third.Main3DActivity} from uid 1000 on display 0
11-01 11:30:51.743 I/ActivityManager( 2018): Force stopping com.android.browser appid=10010 user=0: from pid 2369
11-01 11:30:51.744 I/ActivityManager( 2018): Process com.sumavision.android.media.v (pid 3951) has died
11-01 11:30:51.774 W/ContextImpl( 2499): Calling a method in the system process without a qualified user: android.app.ContextImpl.sendBroadcast:1345 android.content.ContextWrapper.sendBroadcast:377 com.suma.midware.view.ext.BluetoothUpdate.b:-1 com.suma.midware.home.third.Main3DActivity.onResume:-1 android.app.Instrumentation.callActivityOnResume:1257 
11-01 11:30:51.778 W/ContextImpl( 2499): Calling a method in the system process without a qualified user: android.app.ContextImpl.sendBroadcast:1345 android.content.ContextWrapper.sendBroadcast:377 android.app.ActivityThread.performResumeActivity:2982 android.app.ActivityThread.handleResumeActivity:3023 android.app.ActivityThread$H.handleMessage:1347 
11-01 11:30:53.627 I/ActivityManager( 2018): START u0 {act= cmp=com.ipanel.android_webview.shell/com.ipanel.webapp.BrowserActivity (has extras)} from uid 1000 on display 0
