11-01 11:39:26.798 I/AdvancedPorting-PORT_MODULE_NET( 4774): 0 interface name: lo
11-01 11:39:26.798 I/AdvancedPorting-PORT_MODULE_NET( 4774): 1 interface name: wlan0
11-01 11:39:26.798 I/AdvancedPorting-PORT_MODULE_NET( 4774): First interface name: lo
11-01 11:39:26.798 I/AdvancedPorting-PORT_MODULE_NET( 4774): network_task while...  net_i:1
11-01 11:39:26.798 I/AdvancedPorting-PORT_MODULE_NET( 4774): network_task while---name_interface[0]=lo
11-01 11:39:26.798 I/AdvancedPorting-PORT_MODULE_NET( 4774): network_task while---name_interface[1]=wlan0
11-01 11:39:26.798 I/AdvancedPorting-PORT_MODULE_NET( 4774): network_task while---interface_name=wlan0
11-01 11:39:26.798 I/AdvancedPorting-PORT_MODULE_NET( 4774): network_get_netlink_status(in)--if_name=wlan0
11-01 11:39:26.798 I/AdvancedPorting-PORT_MODULE_NET( 4774): net.network.isconnected = no
11-01 11:39:26.798 I/AdvancedPorting-PORT_MODULE_NET( 4774): wlan0 --network_get_netlink_status return retval=1
11-01 11:39:26.798 I/AdvancedPorting-PORT_MODULE_NET( 4774): stat = 1 last_status = 1
11-01 11:39:26.977 I/Advanced( 4774): [QUEUE] share_queue_sendEx size:1 4097 150 0x8f9aff30,postLoopId:0,dstid:1.
11-01 11:39:27.006 D/[blink]DOMTimer( 4774): [fired] 0x2ba12a60 timeout fired.
11-01 11:39:27.006 D/ScriptController( 4774): [executeScriptAndReturnValue] [V8] evaluate Script start. frame=0x29701a48 url= line=1. source length=22
11-01 11:39:27.006 D/iPanel  ( 4774): iPanel.debug("checkOverlayCreated")
11-01 11:39:27.007 D/[blink]DOMTimer( 4774): [DOMTimer] 0x2ba12ad0 setTimeout 300ms, repeat:0.
11-01 11:39:27.007 D/ScriptController( 4774): [executeScriptAndReturnValue] [V8] evaluate Script end. frame=0x29701a48 
11-01 11:39:27.143 D/BackBootDealerNeimeng( 2369): standbyState:
11-01 11:39:27.145 E/NetUtils( 2018): Interface eth0 LinkDown!
11-01 11:39:27.307 D/[blink]DOMTimer( 4774): [fired] 0x2ba12ad0 timeout fired.
11-01 11:39:27.307 D/ScriptController( 4774): [executeScriptAndReturnValue] [V8] evaluate Script start. frame=0x29701a48 url= line=1. source length=22
11-01 11:39:27.307 D/iPanel  ( 4774): iPanel.debug("checkOverlayCreated")
11-01 11:39:27.307 D/[blink]DOMTimer( 4774): [DOMTimer] 0x2ba12b40 setTimeout 300ms, repeat:0.
11-01 11:39:27.307 D/ScriptController( 4774): [executeScriptAndReturnValue] [V8] evaluate Script end. frame=0x29701a48 
11-01 11:39:27.386 I/Advanced( 4774): [QUEUE] share_queue_sendEx size:1 4097 152 0x8f9aff30,postLoopId:0,dstid:1.
11-01 11:39:27.587 I/Advanced( 4774): [QUEUE] share_queue_sendEx size:1 4097 153 0x8f9aff30,postLoopId:0,dstid:1.
11-01 11:39:27.608 D/[blink]DOMTimer( 4774): [fired] 0x2ba12b40 timeout fired.
11-01 11:39:27.608 D/ScriptController( 4774): [executeScriptAndReturnValue] [V8] evaluate Script start. frame=0x29701a48 url= line=1. source length=22
11-01 11:39:27.608 D/iPanel  ( 4774): iPanel.debug("checkOverlayCreated")
11-01 11:39:27.608 D/[blink]DOMTimer( 4774): [DOMTimer] 0x2ba12bb0 setTimeout 300ms, repeat:0.
11-01 11:39:27.608 D/ScriptController( 4774): [executeScriptAndReturnValue] [V8] evaluate Script end. frame=0x29701a48 
11-01 11:39:27.645 D/BackBootDealerNeimeng( 2369): standbyState:
11-01 11:39:27.646 E/NetUtils( 2018): Interface eth0 LinkDown!
11-01 11:39:27.787 I/Advanced( 4774): [QUEUE] share_queue_sendEx size:1 4097 154 0x8f9aff30,postLoopId:0,dstid:1.
11-01 11:39:27.798 I/AdvancedPorting-PORT_MODULE_NET( 4774): network_task while... 
11-01 11:39:27.798 I/AdvancedPorting-PORT_MODULE_NET( 4774): 0 interface name: lo
11-01 11:39:27.798 I/AdvancedPorting-PORT_MODULE_NET( 4774): 1 interface name: wlan0
11-01 11:39:27.798 I/AdvancedPorting-PORT_MODULE_NET( 4774): First interface name: lo
11-01 11:39:27.798 I/AdvancedPorting-PORT_MODULE_NET( 4774): network_task while...  net_i:1
11-01 11:39:27.798 I/AdvancedPorting-PORT_MODULE_NET( 4774): network_task while---name_interface[0]=lo
11-01 11:39:27.799 I/AdvancedPorting-PORT_MODULE_NET( 4774): network_task while---name_interface[1]=wlan0
11-01 11:39:27.799 I/AdvancedPorting-PORT_MODULE_NET( 4774): network_task while---interface_name=wlan0
11-01 11:39:27.799 I/AdvancedPorting-PORT_MODULE_NET( 4774): network_get_netlink_status(in)--if_name=wlan0
11-01 11:39:27.799 I/AdvancedPorting-PORT_MODULE_NET( 4774): net.network.isconnected = no
11-01 11:39:27.799 I/AdvancedPorting-PORT_MODULE_NET( 4774): wlan0 --network_get_netlink_status return retval=1
11-01 11:39:27.799 I/AdvancedPorting-PORT_MODULE_NET( 4774): stat = 1 last_status = 1
11-01 11:39:27.908 D/[blink]DOMTimer( 4774): [fired] 0x2ba12bb0 timeout fired.
11-01 11:39:27.908 D/ScriptController( 4774): [executeScriptAndReturnValue] [V8] evaluate Script start. frame=0x29701a48 url= line=1. source length=22
11-01 11:39:27.909 D/iPanel  ( 4774): iPanel.debug("checkOverlayCreated")
11-01 11:39:27.909 D/[blink]DOMTimer( 4774): [DOMTimer] 0x2ba12c20 setTimeout 300ms, repeat:0.
11-01 11:39:27.909 D/ScriptController( 4774): [executeScriptAndReturnValue] [V8] evaluate Script end. frame=0x29701a48 
11-01 11:39:27.988 I/Advanced( 4774): [QUEUE] share_queue_sendEx size:1 4097 155 0x8f9aff30,postLoopId:0,dstid:1.
11-01 11:39:28.146 D/BackBootDealerNeimeng( 2369): standbyState:
11-01 11:39:28.147 E/NetUtils( 2018): Interface eth0 LinkDown!
11-01 11:39:28.189 I/Advanced( 4774): [QUEUE] share_queue_sendEx size:1 4097 156 0x8f9aff30,postLoopId:0,dstid:1.
11-01 11:39:28.209 D/[blink]DOMTimer( 4774): [fired] 0x2ba12c20 timeout fired.
11-01 11:39:28.209 D/ScriptController( 4774): [executeScriptAndReturnValue] [V8] evaluate Script start. frame=0x29701a48 url= line=1. source length=22
11-01 11:39:28.209 D/iPanel  ( 4774): iPanel.debug("checkOverlayCreated")
11-01 11:39:28.209 D/[blink]DOMTimer( 4774): [DOMTimer] 0x2ba12c90 setTimeout 300ms, repeat:0.
11-01 11:39:28.209 D/ScriptController( 4774): [executeScriptAndReturnValue] [V8] evaluate Script end. frame=0x29701a48 
11-01 11:39:28.390 I/Advanced( 4774): [QUEUE] share_queue_sendEx size:1 4097 157 0x8f9aff30,postLoopId:0,dstid:1.
11-01 11:39:28.509 D/[blink]DOMTimer( 4774): [fired] 0x2ba12c90 timeout fired.
11-01 11:39:28.509 D/ScriptController( 4774): [executeScriptAndReturnValue] [V8] evaluate Script start. frame=0x29701a48 url= line=1. source length=22
11-01 11:39:28.510 D/iPanel  ( 4774): iPanel.debug("checkOverlayCreated")
11-01 11:39:28.510 D/[blink]DOMTimer( 4774): [DOMTimer] 0x2ba12d00 setTimeout 300ms, repeat:0.
11-01 11:39:28.510 D/ScriptController( 4774): [executeScriptAndReturnValue] [V8] evaluate Script end. frame=0x29701a48 
11-01 11:39:28.647 D/BackBootDealerNeimeng( 2369): standbyState:
11-01 11:39:28.648 E/NetUtils( 2018): Interface eth0 LinkDown!
11-01 11:39:28.799 I/AdvancedPorting-PORT_MODULE_NET( 4774): network_task while... 
11-01 11:39:28.799 I/AdvancedPorting-PORT_MODULE_NET( 4774): 0 interface name: lo
11-01 11:39:28.799 I/AdvancedPorting-PORT_MODULE_NET( 4774): 1 interface name: wlan0
11-01 11:39:28.799 I/AdvancedPorting-PORT_MODULE_NET( 4774): First interface name: lo
11-01 11:39:28.799 I/AdvancedPorting-PORT_MODULE_NET( 4774): network_task while...  net_i:1
11-01 11:39:28.799 I/AdvancedPorting-PORT_MODULE_NET( 4774): network_task while---name_interface[0]=lo
11-01 11:39:28.799 I/AdvancedPorting-PORT_MODULE_NET( 4774): network_task while---name_interface[1]=wlan0
11-01 11:39:28.799 I/AdvancedPorting-PORT_MODULE_NET( 4774): network_task while---interface_name=wlan0
11-01 11:39:28.799 I/AdvancedPorting-PORT_MODULE_NET( 4774): network_get_netlink_status(in)--if_name=wlan0
11-01 11:39:28.799 I/AdvancedPorting-PORT_MODULE_NET( 4774): net.network.isconnected = no
11-01 11:39:28.799 I/AdvancedPorting-PORT_MODULE_NET( 4774): wlan0 --network_get_netlink_status return retval=1
11-01 11:39:28.799 I/AdvancedPorting-PORT_MODULE_NET( 4774): stat = 1 last_status = 1
11-01 11:39:28.800 I/Advanced( 4774): [QUEUE] share_queue_sendEx size:1 4097 159 0x8f9aff30,postLoopId:0,dstid:1.
11-01 11:39:28.810 D/[blink]DOMTimer( 4774): [fired] 0x2ba12d00 timeout fired.
11-01 11:39:28.810 D/ScriptController( 4774): [executeScriptAndReturnValue] [V8] evaluate Script start. frame=0x29701a48 url= line=1. source length=22
11-01 11:39:28.810 D/iPanel  ( 4774): iPanel.debug("checkOverlayCreated")
11-01 11:39:28.810 D/[blink]DOMTimer( 4774): [DOMTimer] 0x2ba12d70 setTimeout 300ms, repeat:0.
11-01 11:39:28.811 D/ScriptController( 4774): [executeScriptAndReturnValue] [V8] evaluate Script end. frame=0x29701a48 
11-01 11:39:29.111 D/[blink]DOMTimer( 4774): [fired] 0x2ba12d70 timeout fired.
11-01 11:39:29.111 D/ScriptController( 4774): [executeScriptAndReturnValue] [V8] evaluate Script start. frame=0x29701a48 url= line=1. source length=22
11-01 11:39:29.111 D/iPanel  ( 4774): iPanel.debug("checkOverlayCreated")
11-01 11:39:29.111 D/[blink]DOMTimer( 4774): [DOMTimer] 0x2ba12de0 setTimeout 300ms, repeat:0.
11-01 11:39:29.111 D/ScriptController( 4774): [executeScriptAndReturnValue] [V8] evaluate Script end. frame=0x29701a48 
11-01 11:39:29.148 D/BackBootDealerNeimeng( 2369): standbyState:
11-01 11:39:29.149 E/NetUtils( 2018): Interface eth0 LinkDown!
11-01 11:39:29.210 I/Advanced( 4774): [QUEUE] share_queue_sendEx size:1 4097 161 0x8f9aff30,postLoopId:0,dstid:1.
11-01 11:39:29.411 D/[blink]DOMTimer( 4774): [fired] 0x2ba12de0 timeout fired.
11-01 11:39:29.411 D/ScriptController( 4774): [executeScriptAndReturnValue] [V8] evaluate Script start. frame=0x29701a48 url= line=1. source length=22
11-01 11:39:29.412 D/iPanel  ( 4774): iPanel.debug("checkOverlayCreated")
11-01 11:39:29.412 D/[blink]DOMTimer( 4774): [DOMTimer] 0x2ba12e50 setTimeout 300ms, repeat:0.
11-01 11:39:29.412 D/ScriptController( 4774): [executeScriptAndReturnValue] [V8] evaluate Script end. frame=0x29701a48 
11-01 11:39:29.619 I/Advanced( 4774): [QUEUE] share_queue_sendEx size:1 4097 163 0x8f9aff30,postLoopId:0,dstid:1.
11-01 11:39:29.650 D/BackBootDealerNeimeng( 2369): standbyState:
11-01 11:39:29.650 E/NetUtils( 2018): Interface eth0 LinkDown!
11-01 11:39:29.712 D/[blink]DOMTimer( 4774): [fired] 0x2ba12e50 timeout fired.
11-01 11:39:29.712 D/ScriptController( 4774): [executeScriptAndReturnValue] [V8] evaluate Script start. frame=0x29701a48 url= line=1. source length=22
11-01 11:39:29.712 D/iPanel  ( 4774): iPanel.debug("checkOverlayCreated")
11-01 11:39:29.712 D/[blink]DOMTimer( 4774): [DOMTimer] 0x2ba12ec0 setTimeout 300ms, repeat:0.
11-01 11:39:29.713 D/ScriptController( 4774): [executeScriptAndReturnValue] [V8] evaluate Script end. frame=0x29701a48 
11-01 11:39:29.799 I/AdvancedPorting-PORT_MODULE_NET( 4774): network_task while... 
11-01 11:39:29.799 I/AdvancedPorting-PORT_MODULE_NET( 4774): 0 interface name: lo
11-01 11:39:29.799 I/AdvancedPorting-PORT_MODULE_NET( 4774): 1 interface name: wlan0
11-01 11:39:29.799 I/AdvancedPorting-PORT_MODULE_NET( 4774): First interface name: lo
11-01 11:39:29.800 I/AdvancedPorting-PORT_MODULE_NET( 4774): network_task while...  net_i:1
11-01 11:39:29.800 I/AdvancedPorting-PORT_MODULE_NET( 4774): network_task while---name_interface[0]=lo
11-01 11:39:29.800 I/AdvancedPorting-PORT_MODULE_NET( 4774): network_task while---name_interface[1]=wlan0
11-01 11:39:29.800 I/AdvancedPorting-PORT_MODULE_NET( 4774): network_task while---interface_name=wlan0
11-01 11:39:29.800 I/AdvancedPorting-PORT_MODULE_NET( 4774): network_get_netlink_status(in)--if_name=wlan0
11-01 11:39:29.800 I/AdvancedPorting-PORT_MODULE_NET( 4774): net.network.isconnected = no
11-01 11:39:29.800 I/AdvancedPorting-PORT_MODULE_NET( 4774): wlan0 --network_get_netlink_status return retval=1
11-01 11:39:29.800 I/AdvancedPorting-PORT_MODULE_NET( 4774): stat = 1 last_status = 1
11-01 11:39:29.820 I/Advanced( 4774): [QUEUE] share_queue_sendEx size:1 4097 164 0x8f9aff30,postLoopId:0,dstid:1.
11-01 11:39:30.013 D/[blink]DOMTimer( 4774): [fired] 0x2ba12ec0 timeout fired.
11-01 11:39:30.013 D/ScriptController( 4774): [executeScriptAndReturnValue] [V8] evaluate Script start. frame=0x29701a48 url= line=1. source length=22
11-01 11:39:30.013 D/iPanel  ( 4774): iPanel.debug("checkOverlayCreated")
11-01 11:39:30.013 D/[blink]DOMTimer( 4774): [DOMTimer] 0x2ba12f30 setTimeout 300ms, repeat:0.
11-01 11:39:30.013 D/ScriptController( 4774): [executeScriptAndReturnValue] [V8] evaluate Script end. frame=0x29701a48 
11-01 11:39:30.020 I/Advanced( 4774): [QUEUE] share_queue_sendEx size:1 4097 165 0x8f9aff30,postLoopId:0,dstid:1.
11-01 11:39:30.151 D/BackBootDealerNeimeng( 2369): standbyState:
11-01 11:39:30.152 E/NetUtils( 2018): Interface eth0 LinkDown!
11-01 11:39:30.221 I/Advanced( 4774): [QUEUE] share_queue_sendEx size:1 4097 166 0x8f9aff30,postLoopId:0,dstid:1.
11-01 11:39:30.314 D/[blink]DOMTimer( 4774): [fired] 0x2ba12f30 timeout fired.
11-01 11:39:30.314 D/ScriptController( 4774): [executeScriptAndReturnValue] [V8] evaluate Script start. frame=0x29701a48 url= line=1. source length=22
11-01 11:39:30.314 D/iPanel  ( 4774): iPanel.debug("checkOverlayCreated")
11-01 11:39:30.314 D/[blink]DOMTimer( 4774): [DOMTimer] 0x2ba12fa0 setTimeout 300ms, repeat:0.
11-01 11:39:30.314 D/ScriptController( 4774): [executeScriptAndReturnValue] [V8] evaluate Script end. frame=0x29701a48 
11-01 11:39:30.421 I/Advanced( 4774): [QUEUE] share_queue_sendEx size:1 4097 167 0x8f9aff30,postLoopId:0,dstid:1.
11-01 11:39:30.614 D/[blink]DOMTimer( 4774): [fired] 0x2ba12fa0 timeout fired.
11-01 11:39:30.614 D/ScriptController( 4774): [executeScriptAndReturnValue] [V8] evaluate Script start. frame=0x29701a48 url= line=1. source length=22
11-01 11:39:30.615 D/iPanel  ( 4774): iPanel.debug("checkOverlayCreated")
11-01 11:39:30.615 D/[blink]DOMTimer( 4774): [DOMTimer] 0x2ba13010 setTimeout 300ms, repeat:0.
11-01 11:39:30.615 D/ScriptController( 4774): [executeScriptAndReturnValue] [V8] evaluate Script end. frame=0x29701a48 
11-01 11:39:30.622 I/Advanced( 4774): [QUEUE] share_queue_sendEx size:1 4097 168 0x8f9aff30,postLoopId:0,dstid:1.
11-01 11:39:30.652 D/BackBootDealerNeimeng( 2369): standbyState:
11-01 11:39:30.653 E/NetUtils( 2018): Interface eth0 LinkDown!
11-01 11:39:30.800 I/AdvancedPorting-PORT_MODULE_NET( 4774): network_task while... 
11-01 11:39:30.800 I/AdvancedPorting-PORT_MODULE_NET( 4774): 0 interface name: lo
11-01 11:39:30.800 I/AdvancedPorting-PORT_MODULE_NET( 4774): 1 interface name: wlan0
11-01 11:39:30.800 I/AdvancedPorting-PORT_MODULE_NET( 4774): First interface name: lo
11-01 11:39:30.800 I/AdvancedPorting-PORT_MODULE_NET( 4774): network_task while...  net_i:1
11-01 11:39:30.800 I/AdvancedPorting-PORT_MODULE_NET( 4774): network_task while---name_interface[0]=lo
11-01 11:39:30.800 I/AdvancedPorting-PORT_MODULE_NET( 4774): network_task while---name_interface[1]=wlan0
11-01 11:39:30.800 I/AdvancedPorting-PORT_MODULE_NET( 4774): network_task while---interface_name=wlan0
11-01 11:39:30.800 I/AdvancedPorting-PORT_MODULE_NET( 4774): network_get_netlink_status(in)--if_name=wlan0
11-01 11:39:30.800 I/AdvancedPorting-PORT_MODULE_NET( 4774): net.network.isconnected = no
11-01 11:39:30.800 I/AdvancedPorting-PORT_MODULE_NET( 4774): wlan0 --network_get_netlink_status return retval=1
11-01 11:39:30.800 I/AdvancedPorting-PORT_MODULE_NET( 4774): stat = 1 last_status = 1
11-01 11:39:30.915 D/[blink]DOMTimer( 4774): [fired] 0x2ba13010 timeout fired.
11-01 11:39:30.915 D/ScriptController( 4774): [executeScriptAndReturnValue] [V8] evaluate Script start. frame=0x29701a48 url= line=1. source length=22
11-01 11:39:30.915 D/iPanel  ( 4774): iPanel.debug("checkOverlayCreated")
11-01 11:39:30.915 D/[blink]DOMTimer( 4774): [DOMTimer] 0x2ba13080 setTimeout 300ms, repeat:0.
11-01 11:39:30.915 D/ScriptController( 4774): [executeScriptAndReturnValue] [V8] evaluate Script end. frame=0x29701a48 
11-01 11:39:31.032 I/Advanced( 4774): [QUEUE] share_queue_sendEx size:1 4097 170 0x8f9aff30,postLoopId:0,dstid:1.
11-01 11:39:31.153 D/BackBootDealerNeimeng( 2369): standbyState:
11-01 11:39:31.154 E/NetUtils( 2018): Interface eth0 LinkDown!
11-01 11:39:31.216 D/[blink]DOMTimer( 4774): [fired] 0x2ba13080 timeout fired.
11-01 11:39:31.216 D/ScriptController( 4774): [executeScriptAndReturnValue] [V8] evaluate Script start. frame=0x29701a48 url= line=1. source length=22
11-01 11:39:31.216 D/iPanel  ( 4774): iPanel.debug("checkOverlayCreated")
11-01 11:39:31.216 D/[blink]DOMTimer( 4774): [DOMTimer] 0x2ba130f0 setTimeout 300ms, repeat:0.
11-01 11:39:31.216 D/ScriptController( 4774): [executeScriptAndReturnValue] [V8] evaluate Script end. frame=0x29701a48 
11-01 11:39:31.232 I/Advanced( 4774): [QUEUE] share_queue_sendEx size:1 4097 171 0x8f9aff30,postLoopId:0,dstid:1.
11-01 11:39:31.432 I/Advanced( 4774): [QUEUE] share_queue_sendEx size:1 4097 172 0x8f9aff30,postLoopId:0,dstid:1.
11-01 11:39:31.516 D/[blink]DOMTimer( 4774): [fired] 0x2ba130f0 timeout fired.
11-01 11:39:31.516 D/ScriptController( 4774): [executeScriptAndReturnValue] [V8] evaluate Script start. frame=0x29701a48 url= line=1. source length=22
11-01 11:39:31.517 D/iPanel  ( 4774): iPanel.debug("checkOverlayCreated")
11-01 11:39:31.517 D/[blink]DOMTimer( 4774): [DOMTimer] 0x2ba13160 setTimeout 300ms, repeat:0.
11-01 11:39:31.517 D/ScriptController( 4774): [executeScriptAndReturnValue] [V8] evaluate Script end. frame=0x29701a48 
11-01 11:39:31.633 I/Advanced( 4774): [QUEUE] share_queue_sendEx size:1 4097 173 0x8f9aff30,postLoopId:0,dstid:1.
11-01 11:39:31.655 D/BackBootDealerNeimeng( 2369): standbyState:
11-01 11:39:31.655 E/NetUtils( 2018): Interface eth0 LinkDown!
11-01 11:39:31.800 I/AdvancedPorting-PORT_MODULE_NET( 4774): network_task while... 
11-01 11:39:31.800 I/AdvancedPorting-PORT_MODULE_NET( 4774): 0 interface name: lo
11-01 11:39:31.801 I/AdvancedPorting-PORT_MODULE_NET( 4774): 1 interface name: wlan0
11-01 11:39:31.801 I/AdvancedPorting-PORT_MODULE_NET( 4774): First interface name: lo
11-01 11:39:31.801 I/AdvancedPorting-PORT_MODULE_NET( 4774): network_task while...  net_i:1
11-01 11:39:31.801 I/AdvancedPorting-PORT_MODULE_NET( 4774): network_task while---name_interface[0]=lo
11-01 11:39:31.801 I/AdvancedPorting-PORT_MODULE_NET( 4774): network_task while---name_interface[1]=wlan0
11-01 11:39:31.801 I/AdvancedPorting-PORT_MODULE_NET( 4774): network_task while---interface_name=wlan0
11-01 11:39:31.801 I/AdvancedPorting-PORT_MODULE_NET( 4774): network_get_netlink_status(in)--if_name=wlan0
11-01 11:39:31.801 I/AdvancedPorting-PORT_MODULE_NET( 4774): net.network.isconnected = no
11-01 11:39:31.801 I/AdvancedPorting-PORT_MODULE_NET( 4774): wlan0 --network_get_netlink_status return retval=1
11-01 11:39:31.801 I/AdvancedPorting-PORT_MODULE_NET( 4774): stat = 1 last_status = 1
11-01 11:39:31.817 D/[blink]DOMTimer( 4774): [fired] 0x2ba13160 timeout fired.
11-01 11:39:31.817 D/ScriptController( 4774): [executeScriptAndReturnValue] [V8] evaluate Script start. frame=0x29701a48 url= line=1. source length=22
11-01 11:39:31.817 D/iPanel  ( 4774): iPanel.debug("checkOverlayCreated")
11-01 11:39:31.818 D/[blink]DOMTimer( 4774): [DOMTimer] 0x2ba131d0 setTimeout 300ms, repeat:0.
11-01 11:39:31.818 D/ScriptController( 4774): [executeScriptAndReturnValue] [V8] evaluate Script end. frame=0x29701a48 
11-01 11:39:31.833 I/Advanced( 4774): [QUEUE] share_queue_sendEx size:1 4097 174 0x8f9aff30,postLoopId:0,dstid:1.
11-01 11:39:32.034 I/Advanced( 4774): [QUEUE] share_queue_sendEx size:1 4097 175 0x8f9aff30,postLoopId:0,dstid:1.
11-01 11:39:32.118 D/[blink]DOMTimer( 4774): [fired] 0x2ba131d0 timeout fired.
11-01 11:39:32.118 D/ScriptController( 4774): [executeScriptAndReturnValue] [V8] evaluate Script start. frame=0x29701a48 url= line=1. source length=22
11-01 11:39:32.118 D/iPanel  ( 4774): iPanel.debug("checkOverlayCreated")
11-01 11:39:32.118 D/[blink]DOMTimer( 4774): [DOMTimer] 0x2ba13240 setTimeout 300ms, repeat:0.
11-01 11:39:32.118 D/ScriptController( 4774): [executeScriptAndReturnValue] [V8] evaluate Script end. frame=0x29701a48 
11-01 11:39:32.156 D/BackBootDealerNeimeng( 2369): standbyState:
11-01 11:39:32.157 E/NetUtils( 2018): Interface eth0 LinkDown!
11-01 11:39:32.418 D/[blink]DOMTimer( 4774): [fired] 0x2ba13240 timeout fired.
11-01 11:39:32.419 D/ScriptController( 4774): [executeScriptAndReturnValue] [V8] evaluate Script start. frame=0x29701a48 url= line=1. source length=22
11-01 11:39:32.419 D/iPanel  ( 4774): iPanel.debug("checkOverlayCreated")
11-01 11:39:32.419 D/[blink]DOMTimer( 4774): [DOMTimer] 0x2ba132b0 setTimeout 300ms, repeat:0.
11-01 11:39:32.419 D/ScriptController( 4774): [executeScriptAndReturnValue] [V8] evaluate Script end. frame=0x29701a48 
11-01 11:39:32.444 I/Advanced( 4774): [QUEUE] share_queue_sendEx size:1 4097 177 0x8f9aff30,postLoopId:0,dstid:1.
11-01 11:39:32.644 I/Advanced( 4774): [QUEUE] share_queue_sendEx size:1 4097 178 0x8f9aff30,postLoopId:0,dstid:1.
11-01 11:39:32.657 D/BackBootDealerNeimeng( 2369): standbyState:
11-01 11:39:32.658 E/NetUtils( 2018): Interface eth0 LinkDown!
11-01 11:39:32.719 D/[blink]DOMTimer( 4774): [fired] 0x2ba132b0 timeout fired.
11-01 11:39:32.719 D/ScriptController( 4774): [executeScriptAndReturnValue] [V8] evaluate Script start. frame=0x29701a48 url= line=1. source length=22
11-01 11:39:32.720 D/iPanel  ( 4774): iPanel.debug("checkOverlayCreated")
11-01 11:39:32.720 D/[blink]DOMTimer( 4774): [DOMTimer] 0x2ba13320 setTimeout 300ms, repeat:0.
11-01 11:39:32.720 D/ScriptController( 4774): [executeScriptAndReturnValue] [V8] evaluate Script end. frame=0x29701a48 
11-01 11:39:32.801 I/AdvancedPorting-PORT_MODULE_NET( 4774): network_task while... 
11-01 11:39:32.801 I/AdvancedPorting-PORT_MODULE_NET( 4774): 0 interface name: lo
11-01 11:39:32.801 I/AdvancedPorting-PORT_MODULE_NET( 4774): 1 interface name: wlan0
11-01 11:39:32.801 I/AdvancedPorting-PORT_MODULE_NET( 4774): First interface name: lo
11-01 11:39:32.801 I/AdvancedPorting-PORT_MODULE_NET( 4774): network_task while...  net_i:1
11-01 11:39:32.801 I/AdvancedPorting-PORT_MODULE_NET( 4774): network_task while---name_interface[0]=lo
11-01 11:39:32.801 I/AdvancedPorting-PORT_MODULE_NET( 4774): network_task while---name_interface[1]=wlan0
11-01 11:39:32.801 I/AdvancedPorting-PORT_MODULE_NET( 4774): network_task while---interface_name=wlan0
11-01 11:39:32.801 I/AdvancedPorting-PORT_MODULE_NET( 4774): network_get_netlink_status(in)--if_name=wlan0
11-01 11:39:32.801 I/AdvancedPorting-PORT_MODULE_NET( 4774): net.network.isconnected = no
11-01 11:39:32.801 I/AdvancedPorting-PORT_MODULE_NET( 4774): wlan0 --network_get_netlink_status return retval=1
11-01 11:39:32.801 I/AdvancedPorting-PORT_MODULE_NET( 4774): stat = 1 last_status = 1
11-01 11:39:32.844 I/Advanced( 4774): [QUEUE] share_queue_sendEx size:1 4097 179 0x8f9aff30,postLoopId:0,dstid:1.
11-01 11:39:33.020 D/[blink]DOMTimer( 4774): [fired] 0x2ba13320 timeout fired.
11-01 11:39:33.020 D/ScriptController( 4774): [executeScriptAndReturnValue] [V8] evaluate Script start. frame=0x29701a48 url= line=1. source length=22
11-01 11:39:33.020 D/iPanel  ( 4774): iPanel.debug("checkOverlayCreated")
11-01 11:39:33.020 D/[blink]DOMTimer( 4774): [DOMTimer] 0x2ba13390 setTimeout 300ms, repeat:0.
11-01 11:39:33.020 D/ScriptController( 4774): [executeScriptAndReturnValue] [V8] evaluate Script end. frame=0x29701a48 
11-01 11:39:33.045 I/Advanced( 4774): [QUEUE] share_queue_sendEx size:1 4097 180 0x8f9aff30,postLoopId:0,dstid:1.
11-01 11:39:33.158 D/BackBootDealerNeimeng( 2369): standbyState:
11-01 11:39:33.159 E/NetUtils( 2018): Interface eth0 LinkDown!
11-01 11:39:33.245 I/Advanced( 4774): [QUEUE] share_queue_sendEx size:1 4097 181 0x8f9aff30,postLoopId:0,dstid:1.
11-01 11:39:33.321 D/[blink]DOMTimer( 4774): [fired] 0x2ba13390 timeout fired.
11-01 11:39:33.321 D/ScriptController( 4774): [executeScriptAndReturnValue] [V8] evaluate Script start. frame=0x29701a48 url= line=1. source length=22
11-01 11:39:33.321 D/iPanel  ( 4774): iPanel.debug("checkOverlayCreated")
11-01 11:39:33.321 D/[blink]DOMTimer( 4774): [DOMTimer] 0x2ba13400 setTimeout 300ms, repeat:0.
11-01 11:39:33.321 D/ScriptController( 4774): [executeScriptAndReturnValue] [V8] evaluate Script end. frame=0x29701a48 
11-01 11:39:33.446 I/Advanced( 4774): [QUEUE] share_queue_sendEx size:1 4097 182 0x8f9aff30,postLoopId:0,dstid:1.
11-01 11:39:33.621 D/[blink]DOMTimer( 4774): [fired] 0x2ba13400 timeout fired.
11-01 11:39:33.621 D/ScriptController( 4774): [executeScriptAndReturnValue] [V8] evaluate Script start. frame=0x29701a48 url= line=1. source length=22
11-01 11:39:33.622 D/iPanel  ( 4774): iPanel.debug("checkOverlayCreated")
11-01 11:39:33.622 D/[blink]DOMTimer( 4774): [DOMTimer] 0x2ba13470 setTimeout 300ms, repeat:0.
11-01 11:39:33.622 D/ScriptController( 4774): [executeScriptAndReturnValue] [V8] evaluate Script end. frame=0x29701a48 
11-01 11:39:33.660 D/BackBootDealerNeimeng( 2369): standbyState:
11-01 11:39:33.660 E/NetUtils( 2018): Interface eth0 LinkDown!
11-01 11:39:33.801 I/AdvancedPorting-PORT_MODULE_NET( 4774): network_task while... 
11-01 11:39:33.802 I/AdvancedPorting-PORT_MODULE_NET( 4774): 0 interface name: lo
11-01 11:39:33.802 I/AdvancedPorting-PORT_MODULE_NET( 4774): 1 interface name: wlan0
11-01 11:39:33.802 I/AdvancedPorting-PORT_MODULE_NET( 4774): First interface name: lo
11-01 11:39:33.802 I/AdvancedPorting-PORT_MODULE_NET( 4774): network_task while...  net_i:1
11-01 11:39:33.802 I/AdvancedPorting-PORT_MODULE_NET( 4774): network_task while---name_interface[0]=lo
11-01 11:39:33.802 I/AdvancedPorting-PORT_MODULE_NET( 4774): network_task while---name_interface[1]=wlan0
11-01 11:39:33.802 I/AdvancedPorting-PORT_MODULE_NET( 4774): network_task while---interface_name=wlan0
11-01 11:39:33.802 I/AdvancedPorting-PORT_MODULE_NET( 4774): network_get_netlink_status(in)--if_name=wlan0
11-01 11:39:33.802 I/AdvancedPorting-PORT_MODULE_NET( 4774): net.network.isconnected = no
11-01 11:39:33.802 I/AdvancedPorting-PORT_MODULE_NET( 4774): wlan0 --network_get_netlink_status return retval=1
11-01 11:39:33.802 I/AdvancedPorting-PORT_MODULE_NET( 4774): stat = 1 last_status = 1
11-01 11:39:33.856 I/Advanced( 4774): [QUEUE] share_queue_sendEx size:1 4097 184 0x8f9aff30,postLoopId:0,dstid:1.
11-01 11:39:33.922 D/[blink]DOMTimer( 4774): [fired] 0x2ba13470 timeout fired.
11-01 11:39:33.922 D/ScriptController( 4774): [executeScriptAndReturnValue] [V8] evaluate Script start. frame=0x29701a48 url= line=1. source length=22
11-01 11:39:33.922 D/iPanel  ( 4774): iPanel.debug("checkOverlayCreated")
11-01 11:39:33.922 D/[blink]DOMTimer( 4774): [DOMTimer] 0x2ba134e0 setTimeout 300ms, repeat:0.
11-01 11:39:33.922 D/ScriptController( 4774): [executeScriptAndReturnValue] [V8] evaluate Script end. frame=0x29701a48 
11-01 11:39:34.053 D/AppUtil ( 2369): [TN_ThreadUtil-1]getActivityPkg index=0,comp=ComponentInfo{com.ipanel.android_webview.shell/com.ipanel.webapp.BrowserActivity}
11-01 11:39:34.053 D/AppKiller( 2369): [TN_ThreadUtil-1]backKill curPkgName=com.ipanel.android_webview.shell
11-01 11:39:34.056 I/Advanced( 4774): [QUEUE] share_queue_sendEx size:1 4097 185 0x8f9aff30,postLoopId:0,dstid:1.
11-01 11:39:34.103 V/SUMA    ( 1581): [mnt_ait_pol] csubtbl=1 ait_pid=0x1f40 hsrv=0xc0ce
11-01 11:39:34.161 D/BackBootDealerNeimeng( 2369): standbyState:
11-01 11:39:34.162 E/NetUtils( 2018): Interface eth0 LinkDown!
11-01 11:39:34.223 D/[blink]DOMTimer( 4774): [fired] 0x2ba134e0 timeout fired.
11-01 11:39:34.223 D/ScriptController( 4774): [executeScriptAndReturnValue] [V8] evaluate Script start. frame=0x29701a48 url= line=1. source length=22
11-01 11:39:34.223 D/iPanel  ( 4774): iPanel.debug("checkOverlayCreated")
11-01 11:39:34.223 D/[blink]DOMTimer( 4774): [DOMTimer] 0x2ba13550 setTimeout 300ms, repeat:0.
11-01 11:39:34.223 D/ScriptController( 4774): [executeScriptAndReturnValue] [V8] evaluate Script end. frame=0x29701a48 
11-01 11:39:34.256 I/Advanced( 4774): [QUEUE] share_queue_sendEx size:1 4097 186 0x8f9aff30,postLoopId:0,dstid:1.
11-01 11:39:34.457 I/Advanced( 4774): [QUEUE] share_queue_sendEx size:1 4097 187 0x8f9aff30,postLoopId:0,dstid:1.
11-01 11:39:34.523 D/[blink]DOMTimer( 4774): [fired] 0x2ba13550 timeout fired.
11-01 11:39:34.523 D/ScriptController( 4774): [executeScriptAndReturnValue] [V8] evaluate Script start. frame=0x29701a48 url= line=1. source length=22
11-01 11:39:34.523 D/iPanel  ( 4774): iPanel.debug("checkOverlayCreated")
11-01 11:39:34.524 D/[blink]DOMTimer( 4774): [DOMTimer] 0x2ba135c0 setTimeout 300ms, repeat:0.
11-01 11:39:34.524 D/ScriptController( 4774): [executeScriptAndReturnValue] [V8] evaluate Script end. frame=0x29701a48 
11-01 11:39:34.580 E/WifiStateMachine( 2018): WifiStateMachine CMD_START_SCAN source -2 txSuccessRate=1.69 rxSuccessRate=1.67 targetRoamBSSID=e4:f3:f5:aa:ad:88 RSSI=-43
11-01 11:39:34.580 E/WifiStateMachine( 2018): WifiStateMachine starting scan for "ipanel"WPA_PSK with 2467
11-01 11:39:34.662 D/BackBootDealerNeimeng( 2369): standbyState:
11-01 11:39:34.662 E/NetUtils( 2018): Interface eth0 LinkDown!
11-01 11:39:34.802 I/AdvancedPorting-PORT_MODULE_NET( 4774): network_task while... 
11-01 11:39:34.802 I/AdvancedPorting-PORT_MODULE_NET( 4774): 0 interface name: lo
11-01 11:39:34.802 I/AdvancedPorting-PORT_MODULE_NET( 4774): 1 interface name: wlan0
11-01 11:39:34.802 I/AdvancedPorting-PORT_MODULE_NET( 4774): First interface name: lo
11-01 11:39:34.802 I/AdvancedPorting-PORT_MODULE_NET( 4774): network_task while...  net_i:1
11-01 11:39:34.802 I/AdvancedPorting-PORT_MODULE_NET( 4774): network_task while---name_interface[0]=lo
11-01 11:39:34.802 I/AdvancedPorting-PORT_MODULE_NET( 4774): network_task while---name_interface[1]=wlan0
11-01 11:39:34.802 I/AdvancedPorting-PORT_MODULE_NET( 4774): network_task while---interface_name=wlan0
11-01 11:39:34.802 I/AdvancedPorting-PORT_MODULE_NET( 4774): network_get_netlink_status(in)--if_name=wlan0
11-01 11:39:34.802 I/AdvancedPorting-PORT_MODULE_NET( 4774): net.network.isconnected = no
11-01 11:39:34.802 I/AdvancedPorting-PORT_MODULE_NET( 4774): wlan0 --network_get_netlink_status return retval=1
11-01 11:39:34.802 I/AdvancedPorting-PORT_MODULE_NET( 4774): stat = 1 last_status = 1
11-01 11:39:34.824 D/[blink]DOMTimer( 4774): [fired] 0x2ba135c0 timeout fired.
11-01 11:39:34.824 D/ScriptController( 4774): [executeScriptAndReturnValue] [V8] evaluate Script start. frame=0x29701a48 url= line=1. source length=22
11-01 11:39:34.824 D/iPanel  ( 4774): iPanel.debug("checkOverlayCreated")
11-01 11:39:34.824 D/[blink]DOMTimer( 4774): [DOMTimer] 0x2ba13630 setTimeout 300ms, repeat:0.
11-01 11:39:34.824 D/ScriptController( 4774): [executeScriptAndReturnValue] [V8] evaluate Script end. frame=0x29701a48 
11-01 11:39:34.866 I/Advanced( 4774): [QUEUE] share_queue_sendEx size:1 4097 189 0x8f9aff30,postLoopId:0,dstid:1.
11-01 11:39:35.067 I/Advanced( 4774): [QUEUE] share_queue_sendEx size:1 4097 190 0x8f9aff30,postLoopId:0,dstid:1.
11-01 11:39:35.124 D/[blink]DOMTimer( 4774): [fired] 0x2ba13630 timeout fired.
11-01 11:39:35.125 D/ScriptController( 4774): [executeScriptAndReturnValue] [V8] evaluate Script start. frame=0x29701a48 url= line=1. source length=22
11-01 11:39:35.125 D/iPanel  ( 4774): iPanel.debug("checkOverlayCreated")
11-01 11:39:35.125 D/[blink]DOMTimer( 4774): [DOMTimer] 0x2ba136a0 setTimeout 300ms, repeat:0.
11-01 11:39:35.125 D/ScriptController( 4774): [executeScriptAndReturnValue] [V8] evaluate Script end. frame=0x29701a48 
11-01 11:39:35.141 V/SUMA    ( 1581): [VOD EXT]_DBUG:onewave_auth(1656) 
11-01 11:39:35.141 V/SUMA    ( 1581): enter onewave_auth 
11-01 11:39:35.141 V/SUMA    ( 1581): [VOD EXT]_DBUG:onewave_auth_req1st(1163) 
11-01 11:39:35.141 V/SUMA    ( 1581): enter onewave_auth_req1st 
11-01 11:39:35.163 D/BackBootDealerNeimeng( 2369): standbyState:
11-01 11:39:35.164 E/NetUtils( 2018): Interface eth0 LinkDown!
11-01 11:39:35.267 I/Advanced( 4774): [QUEUE] share_queue_sendEx size:1 4097 191 0x8f9aff30,postLoopId:0,dstid:1.
11-01 11:39:35.313 I/EthernetNetworkFactory( 2018): updateInterfaceState :the mIface is:eth0iface is wlan0 true
11-01 11:39:35.331 E/WifiAutoJoinController ( 2018): ipanel e4:f3:f5:aa:ad:88 rssi=-43 cap [WPA-PSK-CCMP][WPA2-PSK-CCMP][ESS] is not scored
11-01 11:39:35.332 E/WifiAutoJoinController ( 2018): GDWL 86:79:73:27:8c:19 rssi=-42 cap [WPA-PSK-CCMP][WPA2-PSK-CCMP][ESS] is not scored
11-01 11:39:35.332 E/WifiAutoJoinController ( 2018): Office_Net e4:f3:f5:a4:00:c0 rssi=-66 cap [WPA-PSK-CCMP][WPA2-PSK-CCMP][ESS] is not scored
11-01 11:39:35.333 E/WifiAutoJoinController ( 2018): WLGS 1c:fa:68:05:a3:5a rssi=-70 cap [WPA-PSK-CCMP][WPA2-PSK-CCMP][WPS][ESS] is not scored
11-01 11:39:35.333 E/WifiAutoJoinController ( 2018):  84:79:73:27:8c:19 rssi=-42 cap [WEP][ESS] is not scored
11-01 11:39:35.334 E/WifiAutoJoinController ( 2018): MERCURY_EDE4 e4:f3:f5:6a:ed:e4 rssi=-48 cap [ESS] is not scored
11-01 11:39:35.334 E/WifiAutoJoinController ( 2018): GDWL 86:79:73:27:8c:0d rssi=-52 cap [WPA-PSK-CCMP][WPA2-PSK-CCMP][ESS] is not scored
11-01 11:39:35.334 E/WifiAutoJoinController ( 2018): TP-LINK_11AF56 9c:21:6a:11:af:56 rssi=-62 cap [WPA-PSK-CCMP][WPA2-PSK-CCMP][WPS][ESS] is not scored
11-01 11:39:35.335 E/WifiAutoJoinController ( 2018): TP-LINK_BAF2C2 0c:72:2c:ba:f2:c2 rssi=-63 cap [WPA-PSK-CCMP][WPA2-PSK-CCMP][WPS][ESS] is not scored
11-01 11:39:35.335 E/WifiAutoJoinController ( 2018): GDWL 86:79:73:27:8c:11 rssi=-68 cap [WPA-PSK-CCMP][WPA2-PSK-CCMP][ESS] is not scored
11-01 11:39:35.336 E/WifiAutoJoinController ( 2018): GDWL 86:79:73:27:8c:1d rssi=-69 cap [WPA-PSK-CCMP][WPA2-PSK-CCMP][ESS] is not scored
11-01 11:39:35.336 E/WifiAutoJoinController ( 2018): GDWL 86:79:73:27:8c:27 rssi=-72 cap [WPA-PSK-CCMP][WPA2-PSK-CCMP][ESS] is not scored
11-01 11:39:35.336 E/WifiAutoJoinController ( 2018): GDWL 86:79:73:27:8c:13 rssi=-72 cap [WPA-PSK-CCMP][WPA2-PSK-CCMP][ESS] is not scored
11-01 11:39:35.337 E/WifiAutoJoinController ( 2018): @PHICOMM_4C 74:7d:24:13:60:4e rssi=-74 cap [WPA-PSK-CCMP+TKIP][WPA2-PSK-CCMP+TKIP][ESS] is not scored
11-01 11:39:35.337 E/WifiAutoJoinController ( 2018): GDWL 86:79:73:27:8c:2f rssi=-76 cap [WPA-PSK-CCMP][WPA2-PSK-CCMP][ESS] is not scored
11-01 11:39:35.338 E/WifiAutoJoinController ( 2018): GDWL 86:79:73:27:8c:23 rssi=-80 cap [WPA-PSK-CCMP][WPA2-PSK-CCMP][ESS] is not scored
11-01 11:39:35.338 E/WifiAutoJoinController ( 2018): GDWL 86:79:73:27:8c:2b rssi=-80 cap [WPA-PSK-CCMP][WPA2-PSK-CCMP][ESS] is not scored
11-01 11:39:35.338 E/WifiAutoJoinController ( 2018): CMCC 06:11:b5:17:bd:d5 rssi=-76 cap [WPA-EAP-CCMP+TKIP][WPA2-EAP-CCMP+TKIP][ESS] is not scored
11-01 11:39:35.339 E/WifiAutoJoinController ( 2018): GDWL 86:79:73:27:87:8f rssi=-82 cap [WPA-PSK-CCMP][WPA2-PSK-CCMP][ESS] is not scored
11-01 11:39:35.339 E/WifiAutoJoinController ( 2018):  84:79:73:27:8c:0d rssi=-54 cap [WEP][ESS] is not scored
11-01 11:39:35.340 E/WifiAutoJoinController ( 2018):  84:79:73:27:8c:2f rssi=-70 cap [WEP][ESS] is not scored
11-01 11:39:35.340 E/WifiAutoJoinController ( 2018):  84:79:73:27:8c:11 rssi=-71 cap [WEP][ESS] is not scored
11-01 11:39:35.340 E/WifiAutoJoinController ( 2018):  84:79:73:27:8c:1d rssi=-73 cap [WEP][ESS] is not scored
11-01 11:39:35.341 E/WifiAutoJoinController ( 2018):  84:79:73:27:8c:27 rssi=-74 cap [WEP][ESS] is not scored
11-01 11:39:35.341 E/WifiAutoJoinController ( 2018):  84:79:73:27:8c:13 rssi=-76 cap [WEP][ESS] is not scored
11-01 11:39:35.341 E/WifiAutoJoinController ( 2018): HUAWEI-VYGUV5 00:5a:13:61:fa:ac rssi=-80 cap [ESS] is not scored
11-01 11:39:35.342 E/WifiAutoJoinController ( 2018): and-Business 0e:11:b5:17:bd:d5 rssi=-76 cap [ESS] is not scored
11-01 11:39:35.342 E/WifiAutoJoinController ( 2018): CMCC-WEB 00:11:b5:17:bd:d5 rssi=-76 cap [ESS] is not scored
11-01 11:39:35.343 E/WifiAutoJoinController ( 2018): ageScanResultsOut delay 40000 size 28 now 1509507575343
11-01 11:39:35.343 E/WifiAutoJoinController ( 2018): newSupplicantResults size=28 known=1 true
11-01 11:39:35.344 E/WifiAutoJoinController ( 2018): attemptAutoJoin() status=bssid=e4:f3:f5:aa:ad:88
11-01 11:39:35.344 E/WifiAutoJoinController ( 2018): freq=2467
11-01 11:39:35.344 E/WifiAutoJoinController ( 2018): ssid=ipanel
11-01 11:39:35.344 E/WifiAutoJoinController ( 2018): id=2
11-01 11:39:35.344 E/WifiAutoJoinController ( 2018): mode=station
11-01 11:39:35.344 E/WifiAutoJoinController ( 2018): pairwise_cipher=CCMP
11-01 11:39:35.344 E/WifiAutoJoinController ( 2018): group_cipher=CCMP
11-01 11:39:35.344 E/WifiAutoJoinController ( 2018): key_mgmt=WPA2-PSK
11-01 11:39:35.344 E/WifiAutoJoinController ( 2018): wpa_state=COMPLETED
11-01 11:39:35.344 E/WifiAutoJoinController ( 2018): ip_address=192.168.1.104
11-01 11:39:35.344 E/WifiAutoJoinController ( 2018): p2p_device_address=1e:1e:e3:f1:fc:dd
11-01 11:39:35.344 E/WifiAutoJoinController ( 2018): address=1c:1e:e3:f1:fc:dd
11-01 11:39:35.344 E/WifiAutoJoinController ( 2018): uuid=8feff296-4de7-5c65-93e1-674cdaf3a7cb split=13
11-01 11:39:35.344 E/WifiAutoJoinController ( 2018): attemptAutoJoin() num recent config 1 current="ipanel"WPA_PSK ---> suppNetId=2
11-01 11:39:35.344 E/WifiAutoJoinController ( 2018): attemptAutoJoin good candidate seen, bumped hard -> status=0 "ipanel"WPA_PSK rssi=(-43,-127) num=(1,0)
11-01 11:39:35.344 E/WifiAutoJoinController ( 2018): attemptAutoJoin skip current candidate  2 key "ipanel"WPA_PSK
11-01 11:39:35.344 E/WifiAutoJoinController ( 2018): attemptRoam: "ipanel"WPA_PSK Found e4:f3:f5:aa:ad:88 rssi=-43 freq=2467 Current: e4:f3:f5:aa:ad:88
11-01 11:39:35.344 E/WifiAutoJoinController ( 2018): Done attemptAutoJoin status=0
11-01 11:39:35.425 D/[blink]DOMTimer( 4774): [fired] 0x2ba136a0 timeout fired.
11-01 11:39:35.425 D/ScriptController( 4774): [executeScriptAndReturnValue] [V8] evaluate Script start. frame=0x29701a48 url= line=1. source length=22
11-01 11:39:35.426 D/iPanel  ( 4774): iPanel.debug("checkOverlayCreated")
11-01 11:39:35.426 D/[blink]DOMTimer( 4774): [DOMTimer] 0x2ba13710 setTimeout 300ms, repeat:0.
11-01 11:39:35.426 D/ScriptController( 4774): [executeScriptAndReturnValue] [V8] evaluate Script end. frame=0x29701a48 
11-01 11:39:35.468 I/Advanced( 4774): [QUEUE] share_queue_sendEx size:1 4097 192 0x8f9aff30,postLoopId:0,dstid:1.
11-01 11:39:35.664 D/BackBootDealerNeimeng( 2369): standbyState:
11-01 11:39:35.665 E/NetUtils( 2018): Interface eth0 LinkDown!
11-01 11:39:35.668 I/Advanced( 4774): [QUEUE] share_queue_sendEx size:1 4097 193 0x8f9aff30,postLoopId:0,dstid:1.
11-01 11:39:35.726 D/[blink]DOMTimer( 4774): [fired] 0x2ba13710 timeout fired.
11-01 11:39:35.726 D/ScriptController( 4774): [executeScriptAndReturnValue] [V8] evaluate Script start. frame=0x29701a48 url= line=1. source length=22
11-01 11:39:35.726 D/iPanel  ( 4774): iPanel.debug("checkOverlayCreated")
11-01 11:39:35.726 D/[blink]DOMTimer( 4774): [DOMTimer] 0x2ba13780 setTimeout 300ms, repeat:0.
11-01 11:39:35.726 D/ScriptController( 4774): [executeScriptAndReturnValue] [V8] evaluate Script end. frame=0x29701a48 
11-01 11:39:35.803 I/AdvancedPorting-PORT_MODULE_NET( 4774): network_task while... 
11-01 11:39:35.803 I/AdvancedPorting-PORT_MODULE_NET( 4774): 0 interface name: lo
11-01 11:39:35.803 I/AdvancedPorting-PORT_MODULE_NET( 4774): 1 interface name: wlan0
11-01 11:39:35.803 I/AdvancedPorting-PORT_MODULE_NET( 4774): First interface name: lo
11-01 11:39:35.803 I/AdvancedPorting-PORT_MODULE_NET( 4774): network_task while...  net_i:1
11-01 11:39:35.803 I/AdvancedPorting-PORT_MODULE_NET( 4774): network_task while---name_interface[0]=lo
11-01 11:39:35.803 I/AdvancedPorting-PORT_MODULE_NET( 4774): network_task while---name_interface[1]=wlan0
11-01 11:39:35.803 I/AdvancedPorting-PORT_MODULE_NET( 4774): network_task while---interface_name=wlan0
11-01 11:39:35.803 I/AdvancedPorting-PORT_MODULE_NET( 4774): network_get_netlink_status(in)--if_name=wlan0
11-01 11:39:35.803 I/AdvancedPorting-PORT_MODULE_NET( 4774): net.network.isconnected = no
11-01 11:39:35.803 I/AdvancedPorting-PORT_MODULE_NET( 4774): wlan0 --network_get_netlink_status return retval=1
11-01 11:39:35.803 I/AdvancedPorting-PORT_MODULE_NET( 4774): stat = 1 last_status = 1
11-01 11:39:35.869 I/Advanced( 4774): [QUEUE] share_queue_sendEx size:1 4097 194 0x8f9aff30,postLoopId:0,dstid:1.
11-01 11:39:36.027 D/[blink]DOMTimer( 4774): [fired] 0x2ba13780 timeout fired.
11-01 11:39:36.027 D/ScriptController( 4774): [executeScriptAndReturnValue] [V8] evaluate Script start. frame=0x29701a48 url= line=1. source length=22
11-01 11:39:36.027 D/iPanel  ( 4774): iPanel.debug("checkOverlayCreated")
11-01 11:39:36.027 D/[blink]DOMTimer( 4774): [DOMTimer] 0x2ba137f0 setTimeout 300ms, repeat:0.
11-01 11:39:36.027 D/ScriptController( 4774): [executeScriptAndReturnValue] [V8] evaluate Script end. frame=0x29701a48 
11-01 11:39:36.165 D/BackBootDealerNeimeng( 2369): standbyState:
11-01 11:39:36.166 E/NetUtils( 2018): Interface eth0 LinkDown!
11-01 11:39:36.279 I/Advanced( 4774): [QUEUE] share_queue_sendEx size:1 4097 196 0x8f9aff30,postLoopId:0,dstid:1.
11-01 11:39:36.327 D/[blink]DOMTimer( 4774): [fired] 0x2ba137f0 timeout fired.
11-01 11:39:36.327 D/ScriptController( 4774): [executeScriptAndReturnValue] [V8] evaluate Script start. frame=0x29701a48 url= line=1. source length=22
11-01 11:39:36.328 D/iPanel  ( 4774): iPanel.debug("checkOverlayCreated")
11-01 11:39:36.328 D/[blink]DOMTimer( 4774): [DOMTimer] 0x2ba13860 setTimeout 300ms, repeat:0.
11-01 11:39:36.328 D/ScriptController( 4774): [executeScriptAndReturnValue] [V8] evaluate Script end. frame=0x29701a48 
11-01 11:39:36.479 I/Advanced( 4774): [QUEUE] share_queue_sendEx size:1 4097 197 0x8f9aff30,postLoopId:0,dstid:1.
11-01 11:39:36.628 D/[blink]DOMTimer( 4774): [fired] 0x2ba13860 timeout fired.
11-01 11:39:36.628 D/ScriptController( 4774): [executeScriptAndReturnValue] [V8] evaluate Script start. frame=0x29701a48 url= line=1. source length=22
11-01 11:39:36.628 D/iPanel  ( 4774): iPanel.debug("checkOverlayCreated")
11-01 11:39:36.628 D/[blink]DOMTimer( 4774): [DOMTimer] 0x2ba138d0 setTimeout 300ms, repeat:0.
11-01 11:39:36.629 D/ScriptController( 4774): [executeScriptAndReturnValue] [V8] evaluate Script end. frame=0x29701a48 
11-01 11:39:36.667 D/BackBootDealerNeimeng( 2369): standbyState:
11-01 11:39:36.667 E/NetUtils( 2018): Interface eth0 LinkDown!
11-01 11:39:36.679 I/Advanced( 4774): [QUEUE] share_queue_sendEx size:1 4097 198 0x8f9aff30,postLoopId:0,dstid:1.
11-01 11:39:36.803 I/AdvancedPorting-PORT_MODULE_NET( 4774): network_task while... 
11-01 11:39:36.803 I/AdvancedPorting-PORT_MODULE_NET( 4774): 0 interface name: lo
11-01 11:39:36.803 I/AdvancedPorting-PORT_MODULE_NET( 4774): 1 interface name: wlan0
11-01 11:39:36.803 I/AdvancedPorting-PORT_MODULE_NET( 4774): First interface name: lo
11-01 11:39:36.803 I/AdvancedPorting-PORT_MODULE_NET( 4774): network_task while...  net_i:1
11-01 11:39:36.803 I/AdvancedPorting-PORT_MODULE_NET( 4774): network_task while---name_interface[0]=lo
11-01 11:39:36.803 I/AdvancedPorting-PORT_MODULE_NET( 4774): network_task while---name_interface[1]=wlan0
11-01 11:39:36.803 I/AdvancedPorting-PORT_MODULE_NET( 4774): network_task while---interface_name=wlan0
11-01 11:39:36.803 I/AdvancedPorting-PORT_MODULE_NET( 4774): network_get_netlink_status(in)--if_name=wlan0
11-01 11:39:36.803 I/AdvancedPorting-PORT_MODULE_NET( 4774): net.network.isconnected = no
11-01 11:39:36.803 I/AdvancedPorting-PORT_MODULE_NET( 4774): wlan0 --network_get_netlink_status return retval=1
11-01 11:39:36.804 I/AdvancedPorting-PORT_MODULE_NET( 4774): stat = 1 last_status = 1
11-01 11:39:36.880 I/Advanced( 4774): [QUEUE] share_queue_sendEx size:1 4097 199 0x8f9aff30,postLoopId:0,dstid:1.
11-01 11:39:36.929 D/[blink]DOMTimer( 4774): [fired] 0x2ba138d0 timeout fired.
11-01 11:39:36.929 D/ScriptController( 4774): [executeScriptAndReturnValue] [V8] evaluate Script start. frame=0x29701a48 url= line=1. source length=22
11-01 11:39:36.929 D/iPanel  ( 4774): iPanel.debug("checkOverlayCreated")
11-01 11:39:36.929 D/[blink]DOMTimer( 4774): [DOMTimer] 0x2ba13940 setTimeout 300ms, repeat:0.
11-01 11:39:36.929 D/ScriptController( 4774): [executeScriptAndReturnValue] [V8] evaluate Script end. frame=0x29701a48 
11-01 11:39:37.080 I/Advanced( 4774): [QUEUE] share_queue_sendEx size:1 4097 200 0x8f9aff30,postLoopId:0,dstid:1.
11-01 11:39:37.168 D/BackBootDealerNeimeng( 2369): standbyState:
11-01 11:39:37.169 E/NetUtils( 2018): Interface eth0 LinkDown!
11-01 11:39:37.229 D/[blink]DOMTimer( 4774): [fired] 0x2ba13940 timeout fired.
11-01 11:39:37.230 D/ScriptController( 4774): [executeScriptAndReturnValue] [V8] evaluate Script start. frame=0x29701a48 url= line=1. source length=22
11-01 11:39:37.230 D/iPanel  ( 4774): iPanel.debug("checkOverlayCreated")
11-01 11:39:37.230 D/[blink]DOMTimer( 4774): [DOMTimer] 0x2ba139b0 setTimeout 300ms, repeat:0.
11-01 11:39:37.230 D/ScriptController( 4774): [executeScriptAndReturnValue] [V8] evaluate Script end. frame=0x29701a48 
11-01 11:39:37.281 I/Advanced( 4774): [QUEUE] share_queue_sendEx size:1 4097 201 0x8f9aff30,postLoopId:0,dstid:1.
11-01 11:39:37.481 I/Advanced( 4774): [QUEUE] share_queue_sendEx size:1 4097 202 0x8f9aff30,postLoopId:0,dstid:1.
11-01 11:39:37.530 D/[blink]DOMTimer( 4774): [fired] 0x2ba139b0 timeout fired.
11-01 11:39:37.530 D/ScriptController( 4774): [executeScriptAndReturnValue] [V8] evaluate Script start. frame=0x29701a48 url= line=1. source length=22
11-01 11:39:37.535 D/iPanel  ( 4774): iPanel.debug("checkOverlayCreated")
11-01 11:39:37.535 D/[blink]DOMTimer( 4774): [DOMTimer] 0x2ba13a20 setTimeout 300ms, repeat:0.
11-01 11:39:37.536 D/ScriptController( 4774): [executeScriptAndReturnValue] [V8] evaluate Script end. frame=0x29701a48 
11-01 11:39:37.669 D/BackBootDealerNeimeng( 2369): standbyState:
11-01 11:39:37.670 E/NetUtils( 2018): Interface eth0 LinkDown!
11-01 11:39:37.682 I/Advanced( 4774): [QUEUE] share_queue_sendEx size:1 4097 203 0x8f9aff30,postLoopId:0,dstid:1.
11-01 11:39:37.804 I/AdvancedPorting-PORT_MODULE_NET( 4774): network_task while... 
11-01 11:39:37.804 I/AdvancedPorting-PORT_MODULE_NET( 4774): 0 interface name: lo
11-01 11:39:37.804 I/AdvancedPorting-PORT_MODULE_NET( 4774): 1 interface name: wlan0
11-01 11:39:37.804 I/AdvancedPorting-PORT_MODULE_NET( 4774): First interface name: lo
11-01 11:39:37.804 I/AdvancedPorting-PORT_MODULE_NET( 4774): network_task while...  net_i:1
11-01 11:39:37.804 I/AdvancedPorting-PORT_MODULE_NET( 4774): network_task while---name_interface[0]=lo
11-01 11:39:37.804 I/AdvancedPorting-PORT_MODULE_NET( 4774): network_task while---name_interface[1]=wlan0
11-01 11:39:37.804 I/AdvancedPorting-PORT_MODULE_NET( 4774): network_task while---interface_name=wlan0
11-01 11:39:37.804 I/AdvancedPorting-PORT_MODULE_NET( 4774): netwo