01-01 08:00:16.243 D/ConnectivityService( 2019): Got NetworkFactory Messenger for Ethernet
01-01 08:00:16.452 I/ActivityManager( 2019): Config changes=200 {1.0 ?mcc?mnc zh_CN ?layoutDir sw720dp w1280dp h720dp 160dpi xlrg long land television -touch -keyb/v/h dpad/v s.4}
01-01 08:00:16.458 V/BackupManagerService( 2019): No ancestral data
01-01 08:00:16.460 D/BackupManagerService( 2019): Now staging backup of com.android.browser
01-01 08:00:16.466 D/BackupManagerService( 2019): Now staging backup of android
01-01 08:00:16.467 D/BackupManagerService( 2019): Now staging backup of com.android.providers.settings
01-01 08:00:16.469 D/BackupManagerService( 2019): Now staging backup of com.android.sharedstoragebackup
01-01 08:00:16.471 V/BackupManagerService( 2019): Starting with transport android/com.android.internal.backup.LocalTransport
01-01 08:00:16.471 V/BackupManagerService( 2019): Found transports: 1
01-01 08:00:16.471 I/BackupManagerService( 2019): Binding to transport host ComponentInfo{android/com.android.internal.backup.LocalTransportService}
01-01 08:00:16.474 I/BackupManagerService( 2019): Found stale backup journal, scheduling
01-01 08:00:16.490 E/WindowManager( 2019): load4KAppList: Use Full-HD mode
01-01 08:00:16.504 W/BatteryStatsImpl( 2019): Couldn't get kernel wake lock stats
01-01 08:00:16.506 I/DisplayManagerService( 2019): Display device changed: DisplayDeviceInfo{"内置屏幕": uniqueId="local:0", 1280 x 720, 60.000004 fps, supportedRefreshRates [60.000004], density 160, 160.0 x 160.0 dpi, appVsyncOff 0, presDeadline 17666666, touch INTERNAL, rotation 0, type BUILT_IN, state ON, FLAG_DEFAULT_DISPLAY, FLAG_ROTATES_WITH_CONTENT, FLAG_SECURE, FLAG_SUPPORTS_PROTECTED_BUFFERS}
01-01 08:00:16.528 I/AppOps  ( 2019): Pruning old package media/1013: new uid=-1
01-01 08:00:16.529 I/ActivityManager( 2019): System now ready
01-01 08:00:16.531 I/SystemServer( 2019): Making services ready
01-01 08:00:16.532 I/SystemServiceManager( 2019): Starting phase 550
01-01 08:00:16.535 I/SystemServer( 2019): WebViewFactory preparation
01-01 08:00:16.567 I/ActivityManager( 2019): Start proc 2129:android.process.media/u0a2 for broadcast com.android.providers.media/.MtpReceiver
01-01 08:00:16.588 D/UsbHostManager( 2019): Added device UsbDevice[mName=/dev/bus/usb/001/002,mVendorId=3034,mProductId=61817,mClass=0,mSubclass=0,mProtocol=0,mManufacturerName=Realtek,mProductName=802.11n,mSerialNumber=4C0FC7C3274B,mConfigurations=[
01-01 08:00:16.588 D/UsbHostManager( 2019): UsbConfiguration[mId=1,mName=null,mAttributes=160,mMaxPower=250,mInterfaces=[
01-01 08:00:16.588 D/UsbHostManager( 2019): UsbInterface[mId=0,mAlternateSetting=0,mName=null,mClass=255,mSubclass=255,mProtocol=255,mEndpoints=[
01-01 08:00:16.588 D/UsbHostManager( 2019): UsbEndpoint[mAddress=129,mAttributes=2,mMaxPacketSize=512,mInterval=0]
01-01 08:00:16.588 D/UsbHostManager( 2019): UsbEndpoint[mAddress=2,mAttributes=2,mMaxPacketSize=512,mInterval=0]
01-01 08:00:16.588 D/UsbHostManager( 2019): UsbEndpoint[mAddress=3,mAttributes=2,mMaxPacketSize=512,mInterval=0]]]]
01-01 08:00:16.588 W/ContextImpl( 2019): Calling a method in the system process without a qualified user: android.app.ContextImpl.sendBroadcast:1345 com.android.server.usb.UsbSettingsManager.deviceAttached:741 com.android.server.usb.UsbHostManager.endUsbDeviceAdded:224 com.android.server.usb.UsbHostManager.monitorUsbHostBus:-2 com.android.server.usb.UsbHostManager.access$000:42 
01-01 08:00:16.599 I/ActivityManager( 2019): Start proc 2147:WebViewLoader-armeabi-v7a/1037 [android.webkit.WebViewFactory$RelroFileCreator] for 
01-01 08:00:16.634 I/ActivityManager( 2019): Start proc 2166:com.android.systemui/u0a7 for service com.android.systemui/.SystemUIService
01-01 08:00:16.634 D/MountService( 2019): volume state changed for /storage/sdcard (unmounted -> mounted)
01-01 08:00:16.635 D/NetworkManagementService( 2019): enabling bandwidth control
01-01 08:00:16.635 D/MountService( 2019): sendStorageIntent Intent { act=android.intent.action.MEDIA_MOUNTED dat=file:///storage/sdcard flg=0x4000000 (has extras) } to UserHandle{-1}
01-01 08:00:16.641 W/PackageManager( 2019): Unknown permission android.permission.SYSTEM_OVERLAY_WINDOW in package com.suma.midware.back
01-01 08:00:16.641 W/PackageManager( 2019): Not granting permission android.permission.READ_LOGS to package com.sostation.happyle.huantv (protectionLevel=50 flags=0x88be44)
01-01 08:00:16.641 W/PackageManager( 2019): Not granting permission android.permission.RECEIVE_BOOT_COMPLETED to package com.sostation.happyle.huantv because it was previously installed without
01-01 08:00:16.641 W/PackageManager( 2019): Not granting permission android.permission.ACCESS_DOWNLOAD_MANAGER to package com.sostation.happyle.huantv (protectionLevel=18 flags=0x88be44)
01-01 08:00:16.641 W/PackageManager( 2019): Not granting permission android.permission.DEVICE_POWER to package com.sostation.happyle.huantv (protectionLevel=2 flags=0x88be44)
01-01 08:00:16.641 W/PackageManager( 2019): Not granting permission android.permission.MOUNT_UNMOUNT_FILESYSTEMS to package com.sostation.happyle.huantv (protectionLevel=18 flags=0x88be44)
01-01 08:00:16.641 W/PackageManager( 2019): Not granting permission android.permission.CHANGE_CONFIGURATION to package com.sostation.happyle.huantv (protectionLevel=50 flags=0x88be44)
01-01 08:00:16.641 W/PackageManager( 2019): Unknown permission com.android.launcher.permission.READ_SETTINGS in package com.sostation.happyle.huantv
01-01 08:00:16.641 W/PackageManager( 2019): Unknown permission com.android.launcher.permission.WRITE_SETTINGS in package com.sostation.happyle.huantv
01-01 08:00:16.641 W/PackageManager( 2019): Not granting permission android.permission.SET_DEBUG_APP to package com.sostation.happyle.huantv (protectionLevel=50 flags=0x88be44)
01-01 08:00:16.641 W/PackageManager( 2019): Not granting permission android.permission.ACCESS_DOWNLOAD_MANAGER to package com.android.browser (protectionLevel=18 flags=0x9be45)
01-01 08:00:16.641 W/PackageManager( 2019): Not granting permission android.permission.SEND_DOWNLOAD_COMPLETED_INTENTS to package com.android.browser (protectionLevel=2 flags=0x9be45)
01-01 08:00:16.641 W/PackageManager( 2019): Not granting permission android.permission.READ_LOGS to package com.ktcp.video (protectionLevel=50 flags=0x983e44)
01-01 08:00:16.641 W/PackageManager( 2019): Unknown permission android.permission.READ_SETTINGS in package com.ktcp.video
01-01 08:00:16.641 W/PackageManager( 2019): Not granting permission android.permission.RECEIVE_BOOT_COMPLETED to package com.ktcp.video because it was previously installed without
01-01 08:00:16.641 W/PackageManager( 2019): Unknown permission com.tencent.qqmusictv.playerservice in package com.ktcp.video
01-01 08:00:16.641 W/PackageManager( 2019): Not granting permission android.permission.MOUNT_UNMOUNT_FILESYSTEMS to package com.ktcp.video (protectionLevel=18 flags=0x983e44)
01-01 08:00:16.641 W/PackageManager( 2019): Unknown permission android.permission.SYSTEM_OVERLAY_WINDOW in package com.ktcp.video
01-01 08:00:16.641 W/PackageManager( 2019): Not granting permission android.permission.ACCESS_DOWNLOAD_MANAGER to package com.ktcp.video (protectionLevel=18 flags=0x983e44)
01-01 08:00:16.641 W/PackageManager( 2019): Unknown permission com.huawei.hwid.permission.ACCESS in package com.ktcp.video
01-01 08:00:16.641 W/PackageManager( 2019): Unknown permission com.huawei.appmarket.provider.readPermission in package com.ktcp.video
01-01 08:00:16.641 W/PackageManager( 2019): Unknown permission com.mstar.android.permissionn.ACCESS_TV_DATA in package com.ktcp.video
01-01 08:00:16.641 W/PackageManager( 2019): Unknown permission android.permission.RECEIVE_USER_PRESENT in package com.ktcp.video
01-01 08:00:16.642 W/PackageManager( 2019): Not granting permission android.permission.REAL_GET_TASKS to package com.ktcp.video (protectionLevel=18 flags=0x983e44)
01-01 08:00:16.642 W/PackageManager( 2019): Unknown permission com.ktcp.launcher.PREF_PROVIDER in package com.ktcp.video
01-01 08:00:16.642 W/PackageManager( 2019): Unknown permission com.ktcp.video.WebView in package com.ktcp.video
01-01 08:00:16.643 W/PackageManager( 2019): Unknown permission com.android.launcher.permission.WRITE_SETTINGS in package com.suma.midware.applist
01-01 08:00:16.643 W/PackageManager( 2019): Unknown permission com.android.launcher.permission.READ_SETTINGS in package com.suma.midware.applist
01-01 08:00:16.643 W/PackageManager( 2019): Unknown permission com.android.launcher.permission.WRITE_SETTINGS in package com.suma.midware.dvb
01-01 08:00:16.643 W/PackageManager( 2019): Unknown permission com.android.launcher.permission.READ_SETTINGS in package com.suma.midware.dvb
01-01 08:00:16.643 W/PackageManager( 2019): Not granting permission android.permission.READ_LOGS to package cn.kuwo.sing.tv (protectionLevel=50 flags=0xd8be44)
01-01 08:00:16.643 W/PackageManager( 2019): Unknown permission com.android.launcher.permission.READ_SETTINGS in package cn.kuwo.sing.tv
01-01 08:00:16.643 W/PackageManager( 2019): Unknown permission com.android.launcher.permission.WRITE_SETTINGS in package cn.kuwo.sing.tv
01-01 08:00:16.643 W/PackageManager( 2019): Not granting permission android.permission.MOUNT_UNMOUNT_FILESYSTEMS to package cn.kuwo.sing.tv (protectionLevel=18 flags=0xd8be44)
01-01 08:00:16.643 W/PackageManager( 2019): Unknown permission com.mstar.android.permissionn.ACCESS_TV_DATA in package cn.kuwo.sing.tv
01-01 08:00:16.643 W/PackageManager( 2019): Unknown permission android.permission.WRITE_INTERNAL_STORAGE in package com.sumavision.android.media.v
01-01 08:00:16.643 W/PackageManager( 2019): Not granting permission android.permission.READ_LOGS to package com.starcor.mango (protectionLevel=50 flags=0x98be44)
01-01 08:00:16.643 W/PackageManager( 2019): Not granting permission android.permission.RECEIVE_BOOT_COMPLETED to package com.starcor.mango because it was previously installed without
01-01 08:00:16.643 W/PackageManager( 2019): Unknown permission android.permission.RUN_INSTRUMENTATION in package com.starcor.mango
01-01 08:00:16.643 W/PackageManager( 2019): Unknown permission com.xiaomi.permission.MANAGE_ACCOUNTS in package com.starcor.mango
01-01 08:00:16.643 W/PackageManager( 2019): Not granting permission android.permission.MOUNT_UNMOUNT_FILESYSTEMS to package com.starcor.mango (protectionLevel=18 flags=0x98be44)
01-01 08:00:16.643 W/PackageManager( 2019): Unknown permission com.xiaomi.permission.AUTH_SERVICE in package com.starcor.mango
01-01 08:00:16.643 W/PackageManager( 2019): Not granting permission android.permission.MOUNT_UNMOUNT_FILESYSTEMS to package tv.huan.tutu.album (protectionLevel=18 flags=0x88be44)
01-01 08:00:16.643 W/PackageManager( 2019): Unknown permission android.permission.SYSTEM_OVERLAY_WINDOW in package tv.huan.tutu.album
01-01 08:00:16.643 W/PackageManager( 2019): Not granting permission android.permission.RECEIVE_BOOT_COMPLETED to package tv.huan.tutu.album because it was previously installed without
01-01 08:00:16.643 W/PackageManager( 2019): Not granting permission android.permission.BIND_DREAM_SERVICE to package tv.huan.tutu.album (protectionLevel=2 flags=0x88be44)
01-01 08:00:16.643 W/PackageManager( 2019): Unknown permission com.android.launcher.permission.WRITE_SETTINGS in package com.suma.midware.factorymenu
01-01 08:00:16.643 W/PackageManager( 2019): Unknown permission com.android.launcher.permission.READ_SETTINGS in package com.suma.midware.factorymenu
01-01 08:00:16.643 W/PackageManager( 2019): Unknown permission com.android.smspush.WAPPUSH_MANAGER_BIND in package com.android.phone
01-01 08:00:16.644 W/PackageManager( 2019): Not granting permission android.permission.RECEIVE_BOOT_COMPLETED to package com.trans.runcool because it was previously installed without
01-01 08:00:16.644 W/PackageManager( 2019): Not granting permission android.permission.MOUNT_UNMOUNT_FILESYSTEMS to package com.trans.runcool (protectionLevel=18 flags=0x48be44)
01-01 08:00:16.644 W/PackageManager( 2019): Not granting permission android.permission.CHANGE_CONFIGURATION to package com.trans.runcool (protectionLevel=50 flags=0x48be44)
01-01 08:00:16.644 W/PackageManager( 2019): Not granting permission android.permission.MOUNT_UNMOUNT_FILESYSTEMS to package com.gitvdemo.video (protectionLevel=18 flags=0xd8be44)
01-01 08:00:16.644 W/PackageManager( 2019): Unknown permission android.permission.SET_PROCESS_FOREGROUND in package com.gitvdemo.video
01-01 08:00:16.644 W/PackageManager( 2019): Not granting permission android.permission.RECEIVE_BOOT_COMPLETED to package com.gitvdemo.video because it was previously installed without
01-01 08:00:16.644 W/PackageManager( 2019): Not granting permission android.permission.ACCESS_CACHE_FILESYSTEM to package com.gitvdemo.video (protectionLevel=18 flags=0xd8be44)
01-01 08:00:16.644 W/PackageManager( 2019): Not granting permission android.permission.INJECT_EVENTS to package com.gitvdemo.video (protectionLevel=2 flags=0xd8be44)
01-01 08:00:16.644 W/PackageManager( 2019): Not granting permission android.permission.READ_LOGS to package com.gitvdemo.video (protectionLevel=50 flags=0xd8be44)
01-01 08:00:16.644 W/PackageManager( 2019): Unknown permission android.permission.RUN_INSTRUMENTATION in package com.gitvdemo.video
01-01 08:00:16.644 W/PackageManager( 2019): Unknown permission android.permission.USE_SPECIAL_UDISK in package com.gitvdemo.video
01-01 08:00:16.644 W/PackageManager( 2019): Not granting permission android.permission.MASTER_CLEAR to package com.gitvdemo.video (protectionLevel=18 flags=0xd8be44)
01-01 08:00:16.644 W/PackageManager( 2019): Unknown permission android.permission.READ_MEDIA_STORAGE in package com.gitvdemo.video
01-01 08:00:16.644 W/PackageManager( 2019): Not granting permission android.permission.WRITE_MEDIA_STORAGE to package com.gitvdemo.video (protectionLevel=18 flags=0xd8be44)
01-01 08:00:16.644 W/PackageManager( 2019): Not granting permission android.permission.INSTALL_LOCATION_PROVIDER to package com.gitvdemo.video (protectionLevel=18 flags=0xd8be44)
01-01 08:00:16.644 W/PackageManager( 2019): Not granting permission android.permission.INSTALL_PACKAGES to package com.gitvdemo.video (protectionLevel=18 flags=0xd8be44)
01-01 08:00:16.644 W/PackageManager( 2019): Not granting permission android.permission.DELETE_PACKAGES to package com.gitvdemo.video (protectionLevel=18 flags=0xd8be44)
01-01 08:00:16.644 W/PackageManager( 2019): Unknown permission com.smit.icast.DVB_SERVICE_PERMISSION in package com.gitvdemo.video
01-01 08:00:16.644 W/PackageManager( 2019): Not granting permission android.permission.INTERACT_ACROSS_USERS_FULL to package com.gitvdemo.video (protectionLevel=2 flags=0xd8be44)
01-01 08:00:16.644 W/PackageManager( 2019): Unknown permission android.permission.READ_SETTINGS in package com.gitvdemo.video
01-01 08:00:16.644 W/PackageManager( 2019): Unknown permission com.android.launcher.permission.WRITE_SETTINGS in package com.suma.midware.setting
01-01 08:00:16.644 W/PackageManager( 2019): Unknown permission com.android.launcher.permission.READ_SETTINGS in package com.suma.midware.setting
01-01 08:00:16.644 W/PackageManager( 2019): Unknown permission android.permission.SYSTEM_OVERLAY_WINDOW in package com.hisilicon.android.pqsetting
01-01 08:00:16.735 V/FingerprintService( 2019): startListening(android.service.fingerprint.IFingerprintServiceReceiver$Stub$Proxy@7752271)
01-01 08:00:16.776 I/ActivityManager( 2019): Start proc 2223:com.android.externalstorage/u0a3 for broadcast com.android.externalstorage/.MountReceiver
01-01 08:00:16.947 I/SystemServiceManager( 2019): Starting phase 600
01-01 08:00:16.952 I/BackupManagerService( 2019): Backup enabled => false
01-01 08:00:16.952 I/BackupManagerService( 2019): Opting out of backup
01-01 08:00:16.957 E/InputMethodManagerService( 2019): Ignoring setImeWindowStatus due to an invalid token. uid:1000 token:null
01-01 08:00:16.959 W/InputMethodManagerService( 2019): Skipping input method ComponentInfo{com.suma.midware.back/com.suma.midware.back.sanping.input.SoftInputService}: it does not require the permission android.permission.BIND_INPUT_METHOD
01-01 08:00:16.985 I/ActivityManager( 2019): Start proc 2349:com.amlogic.inputmethod.remote/u0a19 for service com.amlogic.inputmethod.remote/.RemoteIME
01-01 08:00:16.986 V/InputMethodManagerService( 2019): Adding window token: android.os.Binder@13f59349
01-01 08:00:17.001 W/LocationManagerService( 2019): no network location provider found
01-01 08:00:17.009 E/LocationManagerService( 2019): no geocoder provider found
01-01 08:00:17.009 E/LocationManagerService( 2019): FLP HAL not supported
01-01 08:00:17.011 E/LocationManagerService( 2019): Unable to bind FLP Geofence proxy.
01-01 08:00:17.012 E/LocationManagerService( 2019): Hardware Activity-Recognition not supported.
01-01 08:00:17.021 I/MmsServiceBroker( 2019): Delay connecting to MmsService until an API is called
01-01 08:00:17.063 I/ActivityManager( 2019): Start proc 2391:com.suma.midware.back/1000 for added application com.suma.midware.back
01-01 08:00:17.093 I/ActivityManager( 2019): Start proc 2409:com.hisilicon.android.hiRMService/1000 for added application com.hisilicon.android.hiRMService
01-01 08:00:17.129 I/ActivityManager( 2019): Start proc 2433:com.suma.midware.dms/1000 for added application com.suma.midware.dms
01-01 08:00:17.214 I/ActivityManager( 2019): Start proc 2457:com.suma.midware.global/1000 for added application com.suma.midware.global
01-01 08:00:17.254 I/ActivityManager( 2019): Start proc 2480:com.android.phone/1001 for added application com.android.phone
01-01 08:00:17.255 I/ActivityManager( 2019): START u0 {act=android.intent.action.MAIN cat=[android.intent.category.HOME] flg=0x10000000 cmp=com.suma.midware.home/.third.Main3DActivity} from uid 0 on display 0
01-01 08:00:17.262 V/WindowManager( 2019): addAppToken: AppWindowToken{1eb3f841 token=Token{23554328 ActivityRecord{29a8dd4b u0 com.suma.midware.home/.third.Main3DActivity t764}}} to stack=0 task=764 at 0
01-01 08:00:17.294 I/ActivityManager( 2019): Start proc 2498:com.suma.midware.home/1000 for activity com.suma.midware.home/.third.Main3DActivity
01-01 08:00:17.296 I/SystemServer( 2019): NGB ClassLoader dalvik.system.PathClassLoader[DexPathList[[],nativeLibraryDirectories=[/vendor/lib, /system/lib]]], parent dalvik.system.PathClassLoader[DexPathList[[zip file "/system/framework/services.jar", zip file "/system/framework/ethernet-service.jar", zip file "/system/framework/wifi-service.jar"],nativeLibraryDirectories=[/vendor/lib, /system/lib]]]
01-01 08:00:17.296 E/SystemServer( 2019): Some exception in loading class com.android.server.NgbEventManagerService
01-01 08:00:17.296 W/ActivityManager( 2019): Unable to start service Intent { cmp=com.android.printspooler/.model.PrintSpoolerService } U=0: not found
01-01 08:00:17.297 E/SystemServer( 2019): Can not get NGB Event Manager Service
01-01 08:00:17.297 W/SystemServer( 2019): ***********************************************
01-01 08:00:17.300 F/SystemServer( 2019): BOOT FAILURE making NGB Event Manager Service ready
01-01 08:00:17.300 F/SystemServer( 2019): java.lang.ClassNotFoundException: com.android.server.NgbEventManagerService
01-01 08:00:17.300 F/SystemServer( 2019): 	at java.lang.Class.classForName(Native Method)
01-01 08:00:17.300 F/SystemServer( 2019): 	at java.lang.Class.forName(Class.java:309)
01-01 08:00:17.300 F/SystemServer( 2019): 	at java.lang.Class.forName(Class.java:273)
01-01 08:00:17.300 F/SystemServer( 2019): 	at com.android.server.SystemServer.run(SystemServer.java:304)
01-01 08:00:17.300 F/SystemServer( 2019): 	at com.android.server.SystemServer.main(SystemServer.java:178)
01-01 08:00:17.300 F/SystemServer( 2019): 	at java.lang.reflect.Method.invoke(Native Method)
01-01 08:00:17.300 F/SystemServer( 2019): 	at java.lang.reflect.Method.invoke(Method.java:372)
01-01 08:00:17.300 F/SystemServer( 2019): 	at com.android.internal.os.ZygoteInit$MethodAndArgsCaller.run(ZygoteInit.java:903)
01-01 08:00:17.300 F/SystemServer( 2019): 	at com.android.internal.os.ZygoteInit.main(ZygoteInit.java:698)
01-01 08:00:17.300 F/SystemServer( 2019): Caused by: java.lang.ClassNotFoundException: Didn't find class "com.android.server.NgbEventManagerService" on path: DexPathList[[zip file "/system/framework/services.jar", zip file "/system/framework/ethernet-service.jar", zip file "/system/framework/wifi-service.jar"],nativeLibraryDirectories=[/vendor/lib, /system/lib]]
01-01 08:00:17.300 F/SystemServer( 2019): 	at dalvik.system.BaseDexClassLoader.findClass(BaseDexClassLoader.java:56)
01-01 08:00:17.300 F/SystemServer( 2019): 	at java.lang.ClassLoader.loadClass(ClassLoader.java:511)
01-01 08:00:17.300 F/SystemServer( 2019): 	at java.lang.ClassLoader.loadClass(ClassLoader.java:469)
01-01 08:00:17.300 F/SystemServer( 2019): 	... 9 more
01-01 08:00:17.300 F/SystemServer( 2019): 	Suppressed: java.lang.ClassNotFoundException: Didn't find class "com.android.server.NgbEventManagerService" on path: DexPathList[[directory "."],nativeLibraryDirectories=[/vendor/lib, /system/lib]]
01-01 08:00:17.300 F/SystemServer( 2019): 		at dalvik.system.BaseDexClassLoader.findClass(BaseDexClassLoader.java:56)
01-01 08:00:17.300 F/SystemServer( 2019): 		at java.lang.ClassLoader.loadClass(ClassLoader.java:511)
01-01 08:00:17.300 F/SystemServer( 2019): 		at java.lang.ClassLoader.loadClass(ClassLoader.java:504)
01-01 08:00:17.300 F/SystemServer( 2019): 		... 10 more
01-01 08:00:17.300 F/SystemServer( 2019): 		Suppressed: java.lang.ClassNotFoundException: com.android.server.NgbEventManagerService
01-01 08:00:17.300 F/SystemServer( 2019): 			at java.lang.Class.classForName(Native Method)
01-01 08:00:17.300 F/SystemServer( 2019): 			at java.lang.BootClassLoader.findClass(ClassLoader.java:781)
01-01 08:00:17.300 F/SystemServer( 2019): 			at java.lang.BootClassLoader.loadClass(ClassLoader.java:841)
01-01 08:00:17.300 F/SystemServer( 2019): 			at java.lang.ClassLoader.loadClass(ClassLoader.java:504)
01-01 08:00:17.300 F/SystemServer( 2019): 			... 11 more
01-01 08:00:17.300 F/SystemServer( 2019): 		Caused by: java.lang.NoClassDefFoundError: Class not found using the boot class loader; no stack available
01-01 08:00:17.301 E/SystemServer( 2019): Some exception in loading class com.android.server.NgbInputEventService
01-01 08:00:17.302 E/SystemServer( 2019): Can not get NGB Input Event Service
01-01 08:00:17.302 I/SystemServer( 2019): [DCAS] CASEventManagerService
01-01 08:00:17.303 I/SystemServer( 2019): catch throw
01-01 08:00:17.305 I/SystemServer( 2019): Enabled StrictMode for system server main thread.
01-01 08:00:17.315 V/ActivityManager( 2019): Display changed displayId=0
01-01 08:00:17.369 V/ActivityManager( 2019): Display changed displayId=0
01-01 08:00:17.412 I/Telecom ( 2019): TelecomGlobals: TelecomGlobals initializing
01-01 08:00:17.415 E/ActivityThread( 2019): Failed to find provider info for call_log
01-01 08:00:17.487 I/Telecom ( 2019): TelecomGlobals: CallsManager initialized
01-01 08:00:17.488 W/ContextImpl( 2019): Calling a method in the system process without a qualified user: android.app.ContextImpl.startService:1710 android.content.ContextWrapper.startService:516 com.android.server.telecom.BluetoothPhoneService.start:440 com.android.server.telecom.TelecomGlobals.initialize:93 com.android.server.telecom.TelecomService.onCreate:164 
01-01 08:00:17.490 V/CameraObserver( 2019): Intent.ACTION_CAMERA_PLUG: state: 0:name:video0
01-01 08:00:17.490 W/ContextImpl( 2019): Calling a method in the system process without a qualified user: android.app.ContextImpl.sendBroadcast:1345 com.android.server.CameraObserver.sendIntent:116 com.android.server.CameraObserver.access$000:37 com.android.server.CameraObserver$1.handleMessage:122 android.os.Handler.dispatchMessage:102 
01-01 08:00:17.491 D/ZenLog  ( 2019): downtime: Autotrigger skipped: not in downtime
01-01 08:00:17.496 W/ResourcesManager( 2019): Asset path '/system/framework/com.android.location.provider.jar' does not exist or contains no resources.
01-01 08:00:17.501 V/WiredAccessoryManager( 2019): init()
01-01 08:00:17.503 V/WiredAccessoryManager( 2019): newName=hdmi newState=16 headsetState=16 prev headsetState=0
01-01 08:00:17.505 W/ContextImpl( 2433): Calling a method in the system process without a qualified user: android.app.ContextImpl.bindService:1774 android.content.ContextWrapper.bindService:539 com.suma.midware.prop.i.b:-1 com.suma.midware.prop.i.a:-1 com.suma.midware.prop.BaseClientApplication.onCreate:-1 
01-01 08:00:17.510 W/AppWidgetServiceImpl( 2019): Failed to read state: java.io.FileNotFoundException: /data/system/users/0/appwidgets.xml: open failed: ENOENT (No such file or directory)
01-01 08:00:17.510 V/AppWidgetServiceImpl( 2019): Upgrading widget database from 0 to 1
01-01 08:00:17.519 V/BackupManagerService( 2019): Connected to transport ComponentInfo{android/com.android.internal.backup.LocalTransportService}
01-01 08:00:17.519 V/BackupManagerService( 2019): Registering transport android/com.android.internal.backup.LocalTransportService::android/com.android.internal.backup.LocalTransport = android.app.backup.BackupTransport$TransportImpl@34a6aee7
01-01 08:00:17.536 V/WiredAccessoryManager( 2019): device hdmi connected
01-01 08:00:17.549 W/ContextImpl( 2457): Calling a method in the system process without a qualified user: android.app.ContextImpl.bindService:1774 android.content.ContextWrapper.bindService:539 com.suma.midware.prop.i.b:-1 com.suma.midware.prop.i.a:-1 com.suma.midware.global.GlobalApplication.onCreate:-1 
01-01 08:00:17.601 W/ContextImpl( 2498): Calling a method in the system process without a qualified user: android.app.ContextImpl.bindService:1774 android.content.ContextWrapper.bindService:539 com.suma.midware.prop.i.b:-1 com.suma.midware.prop.i.a:-1 com.suma.midware.home.HomeApplication.onCreate:-1 
01-01 08:00:17.703 W/ContextImpl( 2391): Calling a method in the system process without a qualified user: android.app.ContextImpl.startService:1710 android.content.ContextWrapper.startService:516 com.suma.midware.back.boot.ServiceBoot.b:-1 com.suma.midware.back.BackService.onCreate:-1 android.app.ActivityThread.handleCreateService:2761 
01-01 08:00:17.706 W/ContextImpl( 2391): Calling a method in the system process without a qualified user: android.app.ContextImpl.startService:1710 android.content.ContextWrapper.startService:516 com.suma.midware.back.boot.ServiceBoot.b:-1 com.suma.midware.back.BackService.onCreate:-1 android.app.ActivityThread.handleCreateService:2761 
01-01 08:00:17.718 W/ContextImpl( 2391): Calling a method in the system process without a qualified user: android.app.ContextImpl.startService:1710 android.content.ContextWrapper.startService:516 com.suma.midware.back.boot.neimeng.BackBootDealerNeimeng.a:-1 com.suma.midware.back.boot.ServiceBoot.b:-1 com.suma.midware.back.BackService.onCreate:-1 
01-01 08:00:17.750 D/WifiService( 2019): New client listening to asynchronous messages
01-01 08:00:17.783 E/ConnectivityService( 2019): Failed to find Messenger in unregisterNetworkFactory
01-01 08:00:17.785 D/ConnectivityService( 2019): Got NetworkFactory Messenger for Telephony
01-01 08:00:17.823 E/ActivityThread( 2480): Failed to find provider info for com.android.contacts
01-01 08:00:17.973 I/StatusBarManagerService( 2019): registerStatusBar bar=com.android.internal.statusbar.IStatusBar$Stub$Proxy@3a42a69b
01-01 08:00:18.315 D/WifiService( 2019): New client listening to asynchronous messages
01-01 08:00:18.353 D/ConnectivityService( 2019): listenForNetwork for NetworkRequest [ id=2, legacyType=-1, [] ]
01-01 08:00:18.414 E/ActivityThread( 2166): Failed to find provider info for com.android.contacts
01-01 08:00:19.012 I/ActivityManager( 2019): Start proc 2603:com.sumavision.android.media.v/u0a22 for broadcast com.sumavision.android.media.v/com.sumavision.android.media.c.MediaAppProReceiver
01-01 08:00:19.065 D/WifiService( 2019): New client listening to asynchronous messages
01-01 08:00:20.006 D/ConnectivityService( 2019): Got NetworkFactory Messenger for WIFI
01-01 08:00:20.006 D/ConnectivityService( 2019): Got NetworkFactory Messenger for WIFI_UT
01-01 08:00:21.530 W/ContextImpl( 2498): Calling a method in the system process without a qualified user: android.app.ContextImpl.sendBroadcast:1345 android.content.ContextWrapper.sendBroadcast:377 com.suma.midware.view.ext.BluetoothUpdate.b:-1 com.suma.midware.home.third.Main3DActivity.onResume:-1 android.app.Instrumentation.callActivityOnResume:1257 
01-01 08:00:21.547 D/WifiService( 2019): New client listening to asynchronous messages
01-01 08:00:21.552 W/ContextImpl( 2498): Calling a method in the system process without a qualified user: android.app.ContextImpl.sendBroadcast:1345 android.content.ContextWrapper.sendBroadcast:377 android.app.ActivityThread.performResumeActivity:2982 android.app.ActivityThread.handleResumeActivity:3023 android.app.ActivityThread.handleLaunchActivity:2392 
01-01 08:00:21.565 V/WindowManager( 2019): Based on layer: Adding window Window{269dc173 u0 com.suma.midware.home/com.suma.midware.home.third.Main3DActivity} at 1 of 6
01-01 08:00:21.597 V/WindowManager( 2019): Adding window Window{21b59ca9 u0 SurfaceView} at 1 of 7 (before Window{269dc173 u0 com.suma.midware.home/com.suma.midware.home.third.Main3DActivity})
01-01 08:00:21.602 V/WindowManager( 2019): Adding window Window{1c8901cf u0 SurfaceView} at 2 of 8 (before Window{269dc173 u0 com.suma.midware.home/com.suma.midware.home.third.Main3DActivity})
01-01 08:00:21.639 W/KeyguardServiceDelegate( 2019): onScreenTurnedOn(): no keyguard service!
01-01 08:00:21.674 I/ActivityManager( 2019): Start proc 2648:com.gitvdemo.video/u0a26 for broadcast com.gitvdemo.video/com.push.pushservice.receiver.PushServiceReceiver
01-01 08:00:21.699 W/ResourcesManager( 2648): Asset path '/system/framework/android.test.runner.jar' does not exist or contains no resources.
01-01 08:00:21.924 I/SystemServiceManager( 2019): Starting phase 1000
01-01 08:00:21.931 V/ActivityManager( 2019): Display changed displayId=0
01-01 08:00:22.065 W/ActivityManager( 2019): getRunningAppProcesses: caller 10026 does not hold REAL_GET_TASKS; limiting output
01-01 08:00:22.252 D/WifiService( 2019): New client listening to asynchronous messages
01-01 08:00:22.300 W/ActivityManager( 2019): getRunningAppProcesses: caller 10026 does not hold REAL_GET_TASKS; limiting output
01-01 08:00:22.318 W/ContextImpl( 2498): Calling a method in the system process without a qualified user: android.app.ContextImpl.sendBroadcast:1345 android.content.ContextWrapper.sendBroadcast:377 com.suma.midware.home.third.Main3DActivity.a:-1 com.suma.midware.home.third.h.a:-1 com.sumavision.engine.core.base.c.onDrawFrame:-1 
01-01 08:00:22.594 I/ActivityManager( 2019): Start proc 2708:.pushdaemonservice/u0a26 for service com.gitvdemo.video/com.push.pushservice.api.PushService
01-01 08:00:22.599 W/BroadcastQueue( 2019): Permission Denial: receiving Intent { act=android.intent.action.BOOT_COMPLETED flg=0x8000010 (has extras) } to ProcessRecord{677a6d5 2166:com.android.systemui/u0a7} (pid=2166, uid=10007) requires android.permission.RECEIVE_BOOT_COMPLETED due to sender null (uid 1000)
01-01 08:00:22.599 W/BroadcastQueue( 2019): Permission Denial: receiving Intent { act=android.intent.action.BOOT_COMPLETED flg=0x8000010 (has extras) } to ProcessRecord{677a6d5 2166:com.android.systemui/u0a7} (pid=2166, uid=10007) requires android.permission.RECEIVE_BOOT_COMPLETED due to sender null (uid 1000)
01-01 08:00:22.602 W/BroadcastQueue( 2019): Permission Denial: receiving Intent { act=android.intent.action.BOOT_COMPLETED flg=0x8000010 (has extras) } to com.android.systemui/.BootReceiver requires android.permission.RECEIVE_BOOT_COMPLETED due to sender null (uid 1000)
01-01 08:00:22.603 W/BroadcastQueue( 2019): Permission Denial: receiving Intent { act=android.intent.action.BOOT_COMPLETED flg=0x8000010 (has extras) } to com.android.phone/.OtaStartupReceiver requires android.permission.RECEIVE_BOOT_COMPLETED due to sender null (uid 1000)
01-01 08:00:22.603 W/BroadcastQueue( 2019): Permission Denial: receiving Intent { act=android.intent.action.BOOT_COMPLETED flg=0x8000010 (has extras) } to com.gitvdemo.video/com.gala.video.app.epg.multiscreen.MultiScreenReceiver requires android.permission.RECEIVE_BOOT_COMPLETED due to sender null (uid 1000)
01-01 08:00:22.604 W/BroadcastQueue( 2019): Permission Denial: receiving Intent { act=android.intent.action.BOOT_COMPLETED flg=0x8000010 (has extras) } to com.android.providers.downloads/.DownloadReceiver requires android.permission.RECEIVE_BOOT_COMPLETED due to sender null (uid 1000)
01-01 08:00:22.628 I/BootReceiver( 2019): Copying audit failures to DropBox
01-01 08:00:22.628 I/BootReceiver( 2019): Checking for fsck errors
01-01 08:00:22.653 I/ActivityManager( 2019): Start proc 2734:com.android.keychain/1000 for service com.android.keychain/.KeyChainService
01-01 08:00:22.659 W/BroadcastQueue( 2019): Permission Denial: receiving Intent { act=android.intent.action.BOOT_COMPLETED flg=0x8000010 (has extras) } to com.android.managedprovisioning/.BootReminder requires android.permission.RECEIVE_BOOT_COMPLETED due to sender null (uid 1000)
01-01 08:00:22.659 W/BroadcastQueue( 2019): Permission Denial: receiving Intent { act=android.intent.action.BOOT_COMPLETED flg=0x8000010 (has extras) } to com.android.providers.media/.MediaScannerReceiver requires android.permission.RECEIVE_BOOT_COMPLETED due to sender null (uid 1000)
01-01 08:00:22.659 W/BroadcastQueue( 2019): Permission Denial: receiving Intent { act=android.intent.action.BOOT_COMPLETED flg=0x8000010 (has extras) } to com.android.providers.media/.MtpReceiver requires android.permission.RECEIVE_BOOT_COMPLETED due to sender null (uid 1000)
01-01 08:00:22.661 W/ContextImpl( 2409): Calling a method in the system process without a qualified user: android.app.ContextImpl.startService:1710 android.content.ContextWrapper.startService:516 android.content.ContextWrapper.startService:516 com.hisilicon.android.hiRMService.HiRMBroadcastReceiver.onReceive:21 android.app.ActivityThread.handleReceiver:2609 
01-01 08:00:22.674 W/ResourcesManager( 2708): Asset path '/system/framework/android.test.runner.jar' does not exist or contains no resources.
01-01 08:00:22.690 D/WifiService( 2019): New client listening to asynchronous messages
01-01 08:00:22.760 W/ActivityManager( 2019): getRunningAppProcesses: caller 10026 does not hold REAL_GET_TASKS; limiting output
01-01 08:00:22.776 W/BroadcastQueue( 2019): Permission Denial: receiving Intent { act=android.intent.action.BOOT_COMPLETED flg=0x8000010 (has extras) } to com.huan.appstore/.receiver.DeviceBootReceiver requires android.permission.RECEIVE_BOOT_COMPLETED due to sender null (uid 1000)
01-01 08:00:22.817 I/ActivityManager( 2019): Start proc 2761:com.sumavision.admindm/1000 for broadcast com.sumavision.admindm/.StartSessionBroadcastReceiver
01-01 08:00:22.867 W/ActivityManager( 2019): getRunningAppProcesses: caller 10026 does not hold REAL_GET_TASKS; limiting output
01-01 08:00:22.868 W/ActivityManager( 2019): getRunningAppProcesses: caller 10026 does not hold REAL_GET_TASKS; limiting output
01-01 08:00:22.900 W/ContextImpl( 2761): Calling a method in the system process without a qualified user: android.app.ContextImpl.startService:1710 android.content.ContextWrapper.startService:516 android.content.ContextWrapper.startService:516 com.sumavision.admindm.StartSessionBroadcastReceiver.onReceive:-1 android.app.ActivityThread.handleReceiver:2609 
01-01 08:00:22.903 W/ContextImpl( 2433): Calling a method in the system process without a qualified user: android.app.ContextImpl.startService:1710 android.content.ContextWrapper.startService:516 android.content.ContextWrapper.startService:516 com.suma.midware.dms.util.DmsUtil.a:-1 com.suma.midware.dms.util.DmsUtil.a:-1 
01-01 08:00:22.905 W/AlarmManager( 2019): Suspiciously short interval 5000 millis; expanding to 60 seconds
01-01 08:00:22.909 W/ContextImpl( 2457): Calling a method in the system process without a qualified user: android.app.ContextImpl.startService:1710 android.content.ContextWrapper.startService:516 com.suma.midware.global.receiver.BootReceiver.onReceive:-1 android.app.ActivityThread.handleReceiver:2609 android.app.ActivityThread.access$1700:151 
01-01 08:00:22.913 W/AlarmManager( 2019): Suspiciously short interval 10000 millis; expanding to 60 seconds
01-01 08:00:22.921 W/ContextImpl( 2391): Calling a method in the system process without a qualified user: android.app.ContextImpl.startService:1710 android.content.ContextWrapper.startService:516 android.content.ContextWrapper.startService:516 com.suma.midware.back.BackReceiver.onReceive:-1 android.app.ActivityThread.handleReceiver:2609 
01-01 08:00:22.957 I/ActivityManager( 2019): Start proc 2793:com.suma.midware.setting/1000 for broadcast com.suma.midware.setting/.BootReceiver
01-01 08:00:22.976 W/AlarmManager( 2019): Suspiciously short interval 5000 millis; expanding to 60 seconds
01-01 08:00:23.012 W/ContextImpl( 2761): Calling a method in the system process without a qualified user: android.app.ContextImpl.bindService:1774 android.content.ContextWrapper.bindService:539 com.suma.midware.prop.i.c:-1 com.suma.midware.prop.i.a:-1 com.sumavision.b.a.<init>:-1 
01-01 08:00:23.068 W/ContextImpl( 2793): Calling a method in the system process without a qualified user: android.app.ContextImpl.bindService:1774 android.content.ContextWrapper.bindService:539 com.suma.midware.prop.i.b:-1 com.suma.midware.prop.i.a:-1 com.suma.midware.setting.SetApplication.onCreate:-1 
01-01 08:00:23.079 W/ContextImpl( 2793): Calling a method in the system process without a qualified user: android.app.ContextImpl.startService:1710 android.content.ContextWrapper.startService:516 android.content.ContextWrapper.startService:516 com.suma.midware.setting.BootReceiver.onReceive:-1 android.app.ActivityThread.handleReceiver:2609 
01-01 08:00:23.087 W/AlarmManager( 2019): Suspiciously short interval 10000 millis; expanding to 60 seconds
01-01 08:00:23.090 W/BroadcastQueue( 2019): Permission Denial: receiving Intent { act=android.intent.action.BOOT_COMPLETED flg=0x8000010 (has extras) } to com.gitvdemo.video/com.push.pushservice.receiver.PushServiceReceiver requires android.permission.RECEIVE_BOOT_COMPLETED due to sender null (uid 1000)
01-01 08:00:23.091 W/BroadcastQueue( 2019): Permission Denial: receiving Intent { act=android.intent.action.BOOT_COMPLETED flg=0x8000010 (has extras) } to com.ktcp.video/.receiver.CHRestoreBroadcastReceiver requires android.permission.RECEIVE_BOOT_COMPLETED due to sender null (uid 1000)
01-01 08:00:23.091 W/BroadcastQueue( 2019): Permission Denial: receiving Intent { act=android.intent.action.BOOT_COMPLETED flg=0x8000010 (has extras) } to com.ktcp.video/com.ktcp.msg.lib.BootCompletedReceiver requires android.permission.RECEIVE_BOOT_COMPLETED due to sender null (uid 1000)
01-01 08:00:23.091 W/BroadcastQueue( 2019): Permission Denial: receiving Intent { act=android.intent.action.BOOT_COMPLETED flg=0x8000010 (has extras) } to com.ktcp.video/com.tencent.oma.push.BootstrapReceiver requires android.permission.RECEIVE_BOOT_COMPLETED due to sender null (uid 1000)
01-01 08:00:23.091 W/BroadcastQueue( 2019): Permission Denial: receiving Intent { act=android.intent.action.BOOT_COMPLETED flg=0x8000010 (has extras) } to com.ktcp.video/.receiver.BootstrapProjectionReceiver requires android.permission.RECEIVE_BOOT_COMPLETED due to sender null (uid 1000)
01-01 08:00:23.091 W/BroadcastQueue( 2019): Permission Denial: receiving Intent { act=android.intent.action.BOOT_COMPLETED flg=0x8000010 (has extras) } to com.ktcp.video/com.tencent.qqlivetv.android.recommendation.RecommendReceiver requires android.permission.RECEIVE_BOOT_COMPLETED due to sender null (uid 1000)
01-01 08:00:23.091 W/BroadcastQueue( 2019): Permission Denial: receiving Intent { act=android.intent.action.BOOT_COMPLETED flg=0x8000010 (has extras) } to com.ktcp.video/.receiver.AutoBootReceiver requires android.permission.RECEIVE_BOOT_COMPLETED due to sender null (uid 1000)
01-01 08:00:23.091 W/BroadcastQueue( 2019): Permission Denial: receiving Intent { act=android.intent.action.BOOT_COMPLETED flg=0x8000010 (has extras) } to com.starcor.mango/com.starcor.receiver.BootStartReceiver requires android.permission.RECEIVE_BOOT_COMPLETED due to sender null (uid 1000)
01-01 08:00:23.140 D/WifiService( 2019): New client listening to asynchronous messages
01-01 08:00:29.158 I/ActivityManager( 2019): Start proc 2899:com.gitvdemo.video:hcdn/u0a26 for service com.gitvdemo.video/com.gala.cubedaemon.services.HcdnService
01-01 08:00:29.174 W/ResourcesManager( 2899): Asset path '/system/framework/android.test.runner.jar' does not exist or contains no resources.
01-01 08:00:29.207 W/ActivityManager( 2019): getRunningAppProcesses: caller 10026 does not hold REAL_GET_TASKS; limiting output
01-01 08:00:29.250 I/ActivityManager( 2019): Start proc 2927:com.gitvdemo.video:daemon/u0a26 for service com.gitvdemo.video/com.gala.cubedaemon.services.DaemonService
01-01 08:00:29.273 W/ResourcesManager( 2927): Asset path '/system/framework/android.test.runner.jar' does not exist or contains no resources.
01-01 08:00:29.309 W/ActivityManager( 2019): getRunningAppProcesses: caller 10026 does not hold REAL_GET_TASKS; limiting output
01-01 08:00:29.327 W/ResourcesManager( 2019): Asset path '/system/framework/android.test.runner.jar' does not exist or contains no resources.
01-01 08:00:29.340 W/ResourcesManager( 2166): Asset path '/system/framework/android.test.runner.jar' does not exist or contains no resources.
01-01 08:00:31.553 I/ActivityManager( 2019): START u0 {act=com.suma.midware.action.channel.play cmp=com.suma.midware.dvb/.play.PlayActivity (has extras)} from uid 1000 on display 0
01-01 08:00:31.561 V/WindowManager( 2019): addAppToken: AppWindowToken{15a8d7b token=Token{3cf4610a ActivityRecord{a301d75 u0 com.suma.midware.dvb/.play.PlayActivity t765}}} to stack=1 task=765 at 0
01-01 08:00:31.572 W/ContextImpl( 2498): Calling a method in the system process without a qualified user: android.app.ContextImpl.sendBroadcast:1345 android.content.ContextWrapper.sendBroadcast:377 android.app.ActivityThread.performPauseActivity:3259 android.app.ActivityThread.performPauseActivity:3225 android.app.ActivityThread.handlePauseActivity:3200 
01-01 08:00:31.572 V/WindowManager( 2019): Adding window Window{3b63e544 u0 Starting com.suma.midware.dvb} at 4 of 9 (after Window{269dc173 u0 com.suma.midware.home/com.suma.midware.home.third.Main3DActivity})
01-01 08:00:31.639 I/ActivityManager( 2019): Start proc 3024:com.suma.midware.dvb/1000 for activity com.suma.midware.dvb/.play.PlayActivity
01-01 08:00:31.665 D/ConnectivityService( 2019): registerNetworkAgent NetworkAgentInfo{ ni{[type: WIFI[], state: CONNECTING/CONNECTING, reason: (unspecified), extra: "GDWL", roaming: false, failover: false, isAvailable: true, isConnectedToProvisioningNetwork: false]}  network{null}  lp{{LinkAddresses: []  Routes: [] DnsAddresses: [] Domains: null MTU: 0 TcpBufferSizes: 524288,1048576,2097152,262144,524288,1048576}}  nc{[ Transports: WIFI Capabilities: INTERNET&NOT_RESTRICTED&TRUSTED&NOT_VPN LinkUpBandwidth>=1048576Kbps LinkDnBandwidth>=1048576Kbps]}  Score{20}  everValidated{false}  lastValidated{false}  created{false}  explicitlySelected{false} }
01-01 08:00:31.666 D/ConnectivityService( 2019): NetworkAgentInfo [WIFI () - 100] EVENT_NETWORK_INFO_CHANGED, going from null to CONNECTING
01-01 08:00:31.701 D/ConnectivityService( 2019): updateNetworkScore for NetworkAgentInfo [WIFI () - 100] to 60
01-01 08:00:31.794 W/ContextImpl( 3024): Calling a method in the system process without a qualified user: android.app.ContextImpl.bindService:1774 android.content.ContextWrapper.bindService:539 com.suma.midware.prop.i.b:-1 com.suma.midware.prop.i.a:-1 com.suma.midware.dvb.DvbApplication.onCreate:-1 
01-01 08:00:32.266 E/ActivityThread( 3024): Failed to find provider info for com.suma.midware.update
01-01 08:00:32.268 I/ActivityManager( 2019): Force stopping com.suma.midware.vod appid=1000 user=0: from pid 3024
01-01 08:00:32.271 D/ActivityThread( 3024): Loading provider com.suma.midware.provider.ubas: com.suma.midware.back.db.UbaProvider
01-01 08:00:32.359 W/ContextImpl( 3024): Calling a method in the system process without a qualified user: android.app.ContextImpl.sendBroadcast:1345 android.content.ContextWrapper.sendBroadcast:377 android.app.ActivityThread.performResumeActivity:2982 android.app.ActivityThread.handleResumeActivity:3023 android.app.ActivityThread.handleLaunchActivity:2392 
01-01 08:00:32.376 V/WindowManager( 2019): Adding window Window{27596fd4 u0 com.suma.midware.dvb/com.suma.midware.dvb.play.PlayActivity} at 4 of 10 (before Window{3b63e544 u0 Starting com.suma.midware.dvb})
01-01 08:00:33.055 D/WifiService( 2019): New client listening to asynchronous messages
01-01 08:00:35.067 D/TaskPersister( 2019): removeObsoleteFile: deleting file=761_task.xml
01-01 08:00:35.068 D/TaskPersister( 2019): removeObsoleteFile: deleting file=761_task_thumbnail.png
01-01 08:00:35.758 I/ActivityManager( 2019): START u0 {act=android.intent.action.MAIN cat=[android.intent.category.HOME] flg=0x10200000 cmp=com.suma.midware.home/.third.Main3DActivity} from uid 1000 on display 0
01-01 08:00:35.777 I/ActivityManager( 2019): Force stopping com.android.browser appid=10010 user=0: from pid 2391
01-01 08:00:35.778 I/ActivityManager( 2019): Process com.sumavision.android.media.v (pid 2603) has died
01-01 08:00:35.806 W/ContextImpl( 3024): Calling a method in the system process without a qualified user: android.app.ContextImpl.sendBroadcast:1345 android.content.ContextWrapper.sendBroadcast:377 android.app.ActivityThread.performPauseActivity:3259 android.app.ActivityThread.performPauseActivity:3225 android.app.ActivityThread.handlePauseActivity:3200 
01-01 08:00:35.831 W/ContextImpl( 2498): Calling a method in the system process without a qualified user: android.app.ContextImpl.sendBroadcast:1345 android.content.ContextWrapper.sendBroadcast:377 com.suma.midware.view.ext.BluetoothUpdate.b:-1 com.suma.midware.home.third.Main3DActivity.onResume:-1 android.app.Instrumentation.callActivityOnResume:1257 
01-01 08:00:35.836 W/ContextImpl( 2498): Calling a method in the system process without a qualified user: android.app.ContextImpl.sendBroadcast:1345 android.content.ContextWrapper.sendBroadcast:377 android.app.ActivityThread.performResumeActivity:2982 android.app.ActivityThread.handleResumeActivity:3023 android.app.ActivityThread$H.handleMessage:1347 
01-01 08:00:37.595 I/ActivityManager( 2019): Waited long enough for: ServiceRecord{320e3fb6 u0 com.gitvdemo.video/com.push.pushservice.api.PushService}
01-01 08:00:37.601 I/ActivityManager( 2019): Waited long enough for: ServiceRecord{13851eea u0 com.gitvdemo.video/com.gala.video.lib.share.ifimpl.logrecord.service.LRProxyService}
01-01 08:00:37.901 I/ActivityManager( 2019): Waited long enough for: ServiceRecord{1e2c9a69 u0 com.sumavision.admindm/.Session}
01-01 08:00:38.323 D/ConnectivityService( 2019): NetworkAgentInfo [WIFI () - 100] EVENT_NETWORK_INFO_CHANGED, going from CONNECTING to CONNECTED
01-01 08:00:38.324 D/ConnectivityService( 2019): Adding iface wlan0 to network 100
01-01 08:00:38.346 E/ConnectivityService( 2019): Unexpected mtu value: 0, wlan0
01-01 08:00:38.347 D/ConnectivityService( 2019): Adding Route [fe80::/64 -> :: wlan0] to network 100
01-01 08:00:38.348 D/ConnectivityService( 2019): Adding Route [10.0.0.0/22 -> 0.0.0.0 wlan0] to network 100
01-01 08:00:38.349 D/ConnectivityService( 2019): Adding Route [0.0.0.0/0 -> 10.0.0.1 wlan0] to network 100
01-01 08:00:38.350 D/ConnectivityService( 2019): Setting Dns servers for network 100 to [/10.11.11.50]
01-01 08:00:38.356 D/ConnectivityService( 2019): notifyType IP_CHANGED for NetworkAgentInfo [WIFI () - 100]
01-01 08:00:38.359 D/ConnectivityService( 2019): notifyType PRECHECK for NetworkAgentInfo [WIFI () - 100]
01-01 08:00:38.359 D/ConnectivityService( 2019): rematching NetworkAgentInfo [WIFI () - 100]
01-01 08:00:38.359 D/ConnectivityService( 2019):    accepting network in place of null
01-01 08:00:38.360 D/ConnectivityService( 2019): Switching to new default network: NetworkAgentInfo{ ni{[type: WIFI[], state: CONNECTED/CONNECTED, reason: (unspecified), extra: "GDWL", roaming: false, failover: false, isAvailable: true, isConnectedToProvisioningNetwork: false]}  network{100}  lp{{InterfaceName: wlan0 LinkAddresses: [fe80::4e0f:c7ff:fec3:274b/64,10.0.0.47/22,]  Routes: [fe80::/64 -> :: wlan0,10.0.0.0/22 -> 0.0.0.0 wlan0,0.0.0.0/0 -> 10.0.0.1 wlan0,] DnsAddresses: [10.11.11.50,] Domains:  MTU: 0 TcpBufferSizes: 524288,1048576,2097152,262144,524288,1048576}}  nc{[ Transports: WIFI Capabilities: INTERNET&NOT_RESTRICTED&TRUSTED&NOT_VPN LinkUpBandwidth>=1048576Kbps LinkDnBandwidth>=1048576Kbps]}  Score{20}  everValidated{false}  lastValidated{false}  created{true}  explicitlySelected{false} }
01-01 08:00:38.361 D/ConnectivityService( 2019): Setting tx/rx TCP buffers to 524288,1048576,2097152,262144,524288,1048576
01-01 08:00:38.363 D/ConnectivityService( 2019): notifyType AVAILABLE for NetworkAgentInfo [WIFI () - 100]
01-01 08:00:38.364 D/CSLegacyTypeTracker( 2019): Sending connected broadcast for type 1 NetworkAgentInfo [WIFI () - 100] isDefaultNetwork=true
01-01 08:00:38.364 D/ConnectivityService( 2019): sendStickyBroadcast: action=android.net.conn.CONNECTIVITY_CHANGE_IMMEDIATE
01-01 08:00:38.365 D/ConnectivityService( 2019): sendStickyBroadcast: action=android.net.conn.CONNECTIVITY_CHANGE
