10-31 16:09:33.583 W/ContextImpl( 2391): Calling a method in the system process without a qualified user: android.app.ContextImpl.sendBroadcast:1345 android.content.ContextWrapper.sendBroadcast:377 com.suma.midware.back.esg.e.f:-1 com.suma.midware.back.esg.f.run:-1 com.suma.midware.prop.util.c.run:-1 
10-31 16:09:34.585 W/ContextImpl( 2391): Calling a method in the system process without a qualified user: android.app.ContextImpl.sendBroadcast:1345 android.content.ContextWrapper.sendBroadcast:377 com.suma.midware.back.esg.e.f:-1 com.suma.midware.back.esg.f.run:-1 com.suma.midware.prop.util.c.run:-1 
10-31 16:09:35.588 W/ContextImpl( 2391): Calling a method in the system process without a qualified user: android.app.ContextImpl.sendBroadcast:1345 android.content.ContextWrapper.sendBroadcast:377 com.suma.midware.back.esg.e.f:-1 com.suma.midware.back.esg.f.run:-1 com.suma.midware.prop.util.c.run:-1 
10-31 16:10:38.666 W/ContextImpl( 2391): Calling a method in the system process without a qualified user: android.app.ContextImpl.sendBroadcast:1345 android.content.ContextWrapper.sendBroadcast:377 com.suma.midware.back.esg.e.f:-1 com.suma.midware.back.esg.f.run:-1 com.suma.midware.prop.util.c.run:-1 
10-31 16:10:39.669 W/ContextImpl( 2391): Calling a method in the system process without a qualified user: android.app.ContextImpl.sendBroadcast:1345 android.content.ContextWrapper.sendBroadcast:377 com.suma.midware.back.esg.e.f:-1 com.suma.midware.back.esg.f.run:-1 com.suma.midware.prop.util.c.run:-1 
10-31 16:10:40.672 W/ContextImpl( 2391): Calling a method in the system process without a qualified user: android.app.ContextImpl.sendBroadcast:1345 android.content.ContextWrapper.sendBroadcast:377 com.suma.midware.back.esg.e.f:-1 com.suma.midware.back.esg.f.run:-1 com.suma.midware.prop.util.c.run:-1 
10-31 16:11:43.735 W/ContextImpl( 2391): Calling a method in the system process without a qualified user: android.app.ContextImpl.sendBroadcast:1345 android.content.ContextWrapper.sendBroadcast:377 com.suma.midware.back.esg.e.f:-1 com.suma.midware.back.esg.f.run:-1 com.suma.midware.prop.util.c.run:-1 
10-31 16:11:44.737 W/ContextImpl( 2391): Calling a method in the system process without a qualified user: android.app.ContextImpl.sendBroadcast:1345 android.content.ContextWrapper.sendBroadcast:377 com.suma.midware.back.esg.e.f:-1 com.suma.midware.back.esg.f.run:-1 com.suma.midware.prop.util.c.run:-1 
10-31 16:11:45.739 W/ContextImpl( 2391): Calling a method in the system process without a qualified user: android.app.ContextImpl.sendBroadcast:1345 android.content.ContextWrapper.sendBroadcast:377 com.suma.midware.back.esg.e.f:-1 com.suma.midware.back.esg.f.run:-1 com.suma.midware.prop.util.c.run:-1 
10-31 16:12:48.801 W/ContextImpl( 2391): Calling a method in the system process without a qualified user: android.app.ContextImpl.sendBroadcast:1345 android.content.ContextWrapper.sendBroadcast:377 com.suma.midware.back.esg.e.f:-1 com.suma.midware.back.esg.f.run:-1 com.suma.midware.prop.util.c.run:-1 
10-31 16:12:49.803 W/ContextImpl( 2391): Calling a method in the system process without a qualified user: android.app.ContextImpl.sendBroadcast:1345 android.content.ContextWrapper.sendBroadcast:377 com.suma.midware.back.esg.e.f:-1 com.suma.midware.back.esg.f.run:-1 com.suma.midware.prop.util.c.run:-1 
10-31 16:12:50.807 W/ContextImpl( 2391): Calling a method in the system process without a qualified user: android.app.ContextImpl.sendBroadcast:1345 android.content.ContextWrapper.sendBroadcast:377 com.suma.midware.back.esg.e.f:-1 com.suma.midware.back.esg.f.run:-1 com.suma.midware.prop.util.c.run:-1 
10-31 16:13:53.869 W/ContextImpl( 2391): Calling a method in the system process without a qualified user: android.app.ContextImpl.sendBroadcast:1345 android.content.ContextWrapper.sendBroadcast:377 com.suma.midware.back.esg.e.f:-1 com.suma.midware.back.esg.f.run:-1 com.suma.midware.prop.util.c.run:-1 
10-31 16:13:54.872 W/ContextImpl( 2391): Calling a method in the system process without a qualified user: android.app.ContextImpl.sendBroadcast:1345 android.content.ContextWrapper.sendBroadcast:377 com.suma.midware.back.esg.e.f:-1 com.suma.midware.back.esg.f.run:-1 com.suma.midware.prop.util.c.run:-1 
10-31 16:13:55.876 W/ContextImpl( 2391): Calling a method in the system process without a qualified user: android.app.ContextImpl.sendBroadcast:1345 android.content.ContextWrapper.sendBroadcast:377 com.suma.midware.back.esg.e.f:-1 com.suma.midware.back.esg.f.run:-1 com.suma.midware.prop.util.c.run:-1 
10-31 16:14:58.940 W/ContextImpl( 2391): Calling a method in the system process without a qualified user: android.app.ContextImpl.sendBroadcast:1345 android.content.ContextWrapper.sendBroadcast:377 com.suma.midware.back.esg.e.f:-1 com.suma.midware.back.esg.f.run:-1 com.suma.midware.prop.util.c.run:-1 
10-31 16:14:59.943 W/ContextImpl( 2391): Calling a method in the system process without a qualified user: android.app.ContextImpl.sendBroadcast:1345 android.content.ContextWrapper.sendBroadcast:377 com.suma.midware.back.esg.e.f:-1 com.suma.midware.back.esg.f.run:-1 com.suma.midware.prop.util.c.run:-1 
10-31 16:15:00.946 W/ContextImpl( 2391): Calling a method in the system process without a qualified user: android.app.ContextImpl.sendBroadcast:1345 android.content.ContextWrapper.sendBroadcast:377 com.suma.midware.back.esg.e.f:-1 com.suma.midware.back.esg.f.run:-1 com.suma.midware.prop.util.c.run:-1 
10-31 16:15:20.246 I/UsageStatsService( 2019): User[0] Flushing usage stats to disk
10-31 16:16:04.004 W/ContextImpl( 2391): Calling a method in the system process without a qualified user: android.app.ContextImpl.sendBroadcast:1345 android.content.ContextWrapper.sendBroadcast:377 com.suma.midware.back.esg.e.f:-1 com.suma.midware.back.esg.f.run:-1 com.suma.midware.prop.util.c.run:-1 
10-31 16:16:05.008 W/ContextImpl( 2391): Calling a method in the system process without a qualified user: android.app.ContextImpl.sendBroadcast:1345 android.content.ContextWrapper.sendBroadcast:377 com.suma.midware.back.esg.e.f:-1 com.suma.midware.back.esg.f.run:-1 com.suma.midware.prop.util.c.run:-1 
10-31 16:16:06.011 W/ContextImpl( 2391): Calling a method in the system process without a qualified user: android.app.ContextImpl.sendBroadcast:1345 android.content.ContextWrapper.sendBroadcast:377 com.suma.midware.back.esg.e.f:-1 com.suma.midware.back.esg.f.run:-1 com.suma.midware.prop.util.c.run:-1 
10-31 16:17:09.081 W/ContextImpl( 2391): Calling a method in the system process without a qualified user: android.app.ContextImpl.sendBroadcast:1345 android.content.ContextWrapper.sendBroadcast:377 com.suma.midware.back.esg.e.f:-1 com.suma.midware.back.esg.f.run:-1 com.suma.midware.prop.util.c.run:-1 
10-31 16:17:10.084 W/ContextImpl( 2391): Calling a method in the system process without a qualified user: android.app.ContextImpl.sendBroadcast:1345 android.content.ContextWrapper.sendBroadcast:377 com.suma.midware.back.esg.e.f:-1 com.suma.midware.back.esg.f.run:-1 com.suma.midware.prop.util.c.run:-1 
10-31 16:17:11.088 W/ContextImpl( 2391): Calling a method in the system process without a qualified user: android.app.ContextImpl.sendBroadcast:1345 android.content.ContextWrapper.sendBroadcast:377 com.suma.midware.back.esg.e.f:-1 com.suma.midware.back.esg.f.run:-1 com.suma.midware.prop.util.c.run:-1 
10-31 16:18:14.145 W/ContextImpl( 2391): Calling a method in the system process without a qualified user: android.app.ContextImpl.sendBroadcast:1345 android.content.ContextWrapper.sendBroadcast:377 com.suma.midware.back.esg.e.f:-1 com.suma.midware.back.esg.f.run:-1 com.suma.midware.prop.util.c.run:-1 
10-31 16:18:15.148 W/ContextImpl( 2391): Calling a method in the system process without a qualified user: android.app.ContextImpl.sendBroadcast:1345 android.content.ContextWrapper.sendBroadcast:377 com.suma.midware.back.esg.e.f:-1 com.suma.midware.back.esg.f.run:-1 com.suma.midware.prop.util.c.run:-1 
10-31 16:18:16.151 W/ContextImpl( 2391): Calling a method in the system process without a qualified user: android.app.ContextImpl.sendBroadcast:1345 android.content.ContextWrapper.sendBroadcast:377 com.suma.midware.back.esg.e.f:-1 com.suma.midware.back.esg.f.run:-1 com.suma.midware.prop.util.c.run:-1 
10-31 16:19:19.191 W/ContextImpl( 2391): Calling a method in the system process without a qualified user: android.app.ContextImpl.sendBroadcast:1345 android.content.ContextWrapper.sendBroadcast:377 com.suma.midware.back.esg.e.f:-1 com.suma.midware.back.esg.f.run:-1 com.suma.midware.prop.util.c.run:-1 
10-31 16:19:20.193 W/ContextImpl( 2391): Calling a method in the system process without a qualified user: android.app.ContextImpl.sendBroadcast:1345 android.content.ContextWrapper.sendBroadcast:377 com.suma.midware.back.esg.e.f:-1 com.suma.midware.back.esg.f.run:-1 com.suma.midware.prop.util.c.run:-1 
10-31 16:19:21.196 W/ContextImpl( 2391): Calling a method in the system process without a qualified user: android.app.ContextImpl.sendBroadcast:1345 android.content.ContextWrapper.sendBroadcast:377 com.suma.midware.back.esg.e.f:-1 com.suma.midware.back.esg.f.run:-1 com.suma.midware.prop.util.c.run:-1 
10-31 16:20:24.261 W/ContextImpl( 2391): Calling a method in the system process without a qualified user: android.app.ContextImpl.sendBroadcast:1345 android.content.ContextWrapper.sendBroadcast:377 com.suma.midware.back.esg.e.f:-1 com.suma.midware.back.esg.f.run:-1 com.suma.midware.prop.util.c.run:-1 
10-31 16:20:25.263 W/ContextImpl( 2391): Calling a method in the system process without a qualified user: android.app.ContextImpl.sendBroadcast:1345 android.content.ContextWrapper.sendBroadcast:377 com.suma.midware.back.esg.e.f:-1 com.suma.midware.back.esg.f.run:-1 com.suma.midware.prop.util.c.run:-1 
10-31 16:20:26.267 W/ContextImpl( 2391): Calling a method in the system process without a qualified user: android.app.ContextImpl.sendBroadcast:1345 android.content.ContextWrapper.sendBroadcast:377 com.suma.midware.back.esg.e.f:-1 com.suma.midware.back.esg.f.run:-1 com.suma.midware.prop.util.c.run:-1 
10-31 16:21:29.326 W/ContextImpl( 2391): Calling a method in the system process without a qualified user: android.app.ContextImpl.sendBroadcast:1345 android.content.ContextWrapper.sendBroadcast:377 com.suma.midware.back.esg.e.f:-1 com.suma.midware.back.esg.f.run:-1 com.suma.midware.prop.util.c.run:-1 
10-31 16:21:30.328 W/ContextImpl( 2391): Calling a method in the system process without a qualified user: android.app.ContextImpl.sendBroadcast:1345 android.content.ContextWrapper.sendBroadcast:377 com.suma.midware.back.esg.e.f:-1 com.suma.midware.back.esg.f.run:-1 com.suma.midware.prop.util.c.run:-1 
10-31 16:21:31.332 W/ContextImpl( 2391): Calling a method in the system process without a qualified user: android.app.ContextImpl.sendBroadcast:1345 android.content.ContextWrapper.sendBroadcast:377 com.suma.midware.back.esg.e.f:-1 com.suma.midware.back.esg.f.run:-1 com.suma.midware.prop.util.c.run:-1 
10-31 16:22:34.399 W/ContextImpl( 2391): Calling a method in the system process without a qualified user: android.app.ContextImpl.sendBroadcast:1345 android.content.ContextWrapper.sendBroadcast:377 com.suma.midware.back.esg.e.f:-1 com.suma.midware.back.esg.f.run:-1 com.suma.midware.prop.util.c.run:-1 
10-31 16:22:35.402 W/ContextImpl( 2391): Calling a method in the system process without a qualified user: android.app.ContextImpl.sendBroadcast:1345 android.content.ContextWrapper.sendBroadcast:377 com.suma.midware.back.esg.e.f:-1 com.suma.midware.back.esg.f.run:-1 com.suma.midware.prop.util.c.run:-1 
10-31 16:22:36.405 W/ContextImpl( 2391): Calling a method in the system process without a qualified user: android.app.ContextImpl.sendBroadcast:1345 android.content.ContextWrapper.sendBroadcast:377 com.suma.midware.back.esg.e.f:-1 com.suma.midware.back.esg.f.run:-1 com.suma.midware.prop.util.c.run:-1 
10-31 16:23:39.442 W/ContextImpl( 2391): Calling a method in the system process without a qualified user: android.app.ContextImpl.sendBroadcast:1345 android.content.ContextWrapper.sendBroadcast:377 com.suma.midware.back.esg.e.f:-1 com.suma.midware.back.esg.f.run:-1 com.suma.midware.prop.util.c.run:-1 
10-31 16:23:40.445 W/ContextImpl( 2391): Calling a method in the system process without a qualified user: android.app.ContextImpl.sendBroadcast:1345 android.content.ContextWrapper.sendBroadcast:377 com.suma.midware.back.esg.e.f:-1 com.suma.midware.back.esg.f.run:-1 com.suma.midware.prop.util.c.run:-1 
10-31 16:23:41.446 W/ContextImpl( 2391): Calling a method in the system process without a qualified user: android.app.ContextImpl.sendBroadcast:1345 android.content.ContextWrapper.sendBroadcast:377 com.suma.midware.back.esg.e.f:-1 com.suma.midware.back.esg.f.run:-1 com.suma.midware.prop.util.c.run:-1 
10-31 16:24:44.510 W/ContextImpl( 2391): Calling a method in the system process without a qualified user: android.app.ContextImpl.sendBroadcast:1345 android.content.ContextWrapper.sendBroadcast:377 com.suma.midware.back.esg.e.f:-1 com.suma.midware.back.esg.f.run:-1 com.suma.midware.prop.util.c.run:-1 
10-31 16:24:45.513 W/ContextImpl( 2391): Calling a method in the system process without a qualified user: android.app.ContextImpl.sendBroadcast:1345 android.content.ContextWrapper.sendBroadcast:377 com.suma.midware.back.esg.e.f:-1 com.suma.midware.back.esg.f.run:-1 com.suma.midware.prop.util.c.run:-1 
10-31 16:24:46.516 W/ContextImpl( 2391): Calling a method in the system process without a qualified user: android.app.ContextImpl.sendBroadcast:1345 android.content.ContextWrapper.sendBroadcast:377 com.suma.midware.back.esg.e.f:-1 com.suma.midware.back.esg.f.run:-1 com.suma.midware.prop.util.c.run:-1 
10-31 16:25:01.334 W/BatteryStatsImpl( 2019): Couldn't get kernel wake lock stats
10-31 16:25:21.323 I/ProcessStatsService( 2019): Prepared write state in 7ms
10-31 16:25:21.332 I/ProcessStatsService( 2019): Pruning old procstats: /data/system/procstats/state-2017-10-29-13-09-00.bin
10-31 16:25:49.574 W/ContextImpl( 2391): Calling a method in the system process without a qualified user: android.app.ContextImpl.sendBroadcast:1345 android.content.ContextWrapper.sendBroadcast:377 com.suma.midware.back.esg.e.f:-1 com.suma.midware.back.esg.f.run:-1 com.suma.midware.prop.util.c.run:-1 
10-31 16:25:50.576 W/ContextImpl( 2391): Calling a method in the system process without a qualified user: android.app.ContextImpl.sendBroadcast:1345 android.content.ContextWrapper.sendBroadcast:377 com.suma.midware.back.esg.e.f:-1 com.suma.midware.back.esg.f.run:-1 com.suma.midware.prop.util.c.run:-1 
10-31 16:25:51.579 W/ContextImpl( 2391): Calling a method in the system process without a qualified user: android.app.ContextImpl.sendBroadcast:1345 android.content.ContextWrapper.sendBroadcast:377 com.suma.midware.back.esg.e.f:-1 com.suma.midware.back.esg.f.run:-1 com.suma.midware.prop.util.c.run:-1 
10-31 16:26:54.653 W/ContextImpl( 2391): Calling a method in the system process without a qualified user: android.app.ContextImpl.sendBroadcast:1345 android.content.ContextWrapper.sendBroadcast:377 com.suma.midware.back.esg.e.f:-1 com.suma.midware.back.esg.f.run:-1 com.suma.midware.prop.util.c.run:-1 
10-31 16:26:55.656 W/ContextImpl( 2391): Calling a method in the system process without a qualified user: android.app.ContextImpl.sendBroadcast:1345 android.content.ContextWrapper.sendBroadcast:377 com.suma.midware.back.esg.e.f:-1 com.suma.midware.back.esg.f.run:-1 com.suma.midware.prop.util.c.run:-1 
10-31 16:26:56.659 W/ContextImpl( 2391): Calling a method in the system process without a qualified user: android.app.ContextImpl.sendBroadcast:1345 android.content.ContextWrapper.sendBroadcast:377 com.suma.midware.back.esg.e.f:-1 com.suma.midware.back.esg.f.run:-1 com.suma.midware.prop.util.c.run:-1 
10-31 16:27:32.382 W/ProcessCpuTracker( 2019): Skipping unknown process pid 4744
10-31 16:27:59.716 W/ContextImpl( 2391): Calling a method in the system process without a qualified user: android.app.ContextImpl.sendBroadcast:1345 android.content.ContextWrapper.sendBroadcast:377 com.suma.midware.back.esg.e.f:-1 com.suma.midware.back.esg.f.run:-1 com.suma.midware.prop.util.c.run:-1 
10-31 16:28:00.718 W/ContextImpl( 2391): Calling a method in the system process without a qualified user: android.app.ContextImpl.sendBroadcast:1345 android.content.ContextWrapper.sendBroadcast:377 com.suma.midware.back.esg.e.f:-1 com.suma.midware.back.esg.f.run:-1 com.suma.midware.prop.util.c.run:-1 
10-31 16:28:01.722 W/ContextImpl( 2391): Calling a method in the system process without a qualified user: android.app.ContextImpl.sendBroadcast:1345 android.content.ContextWrapper.sendBroadcast:377 com.suma.midware.back.esg.e.f:-1 com.suma.midware.back.esg.f.run:-1 com.suma.midware.prop.util.c.run:-1 
10-31 16:28:08.821 I/ActivityManager( 2019): START u0 {act=android.intent.action.MAIN cat=[android.intent.category.HOME] flg=0x10200000 cmp=com.suma.midware.home/.third.Main3DActivity} from uid 1000 on display 0
10-31 16:28:08.838 I/ActivityManager( 2019): Force stopping com.android.browser appid=10010 user=0: from pid 2391
10-31 16:28:08.873 W/ContextImpl( 2498): Calling a method in the system process without a qualified user: android.app.ContextImpl.sendBroadcast:1345 android.content.ContextWrapper.sendBroadcast:377 com.suma.midware.view.ext.BluetoothUpdate.b:-1 com.suma.midware.home.third.Main3DActivity.onResume:-1 android.app.Instrumentation.callActivityOnResume:1257 
10-31 16:28:08.878 W/ContextImpl( 2498): Calling a method in the system process without a qualified user: android.app.ContextImpl.sendBroadcast:1345 android.content.ContextWrapper.sendBroadcast:377 android.app.ActivityThread.performResumeActivity:2982 android.app.ActivityThread.handleResumeActivity:3023 android.app.ActivityThread$H.handleMessage:1347 
10-31 16:28:14.195 I/ActivityManager( 2019): START u0 {act= cmp=com.ipanel.android_webview.shell/com.ipanel.webapp.BrowserActivity (has extras)} from uid 1000 on display 0
10-31 16:28:14.210 W/ContextImpl( 2498): Calling a method in the system process without a qualified user: android.app.ContextImpl.sendBroadcast:1345 android.content.ContextWrapper.sendBroadcast:377 android.app.ActivityThread.performPauseActivity:3259 android.app.ActivityThread.performPauseActivity:3225 android.app.ActivityThread.handlePauseActivity:3200 
10-31 16:28:14.508 W/ViewRootImpl( 3664): Cancelling event due to no window focus: KeyEvent { action=ACTION_UP, keyCode=KEYCODE_DPAD_CENTER, scanCode=28, metaState=0, flags=0x80000028, repeatCount=0, eventTime=1993092, downTime=1992883, deviceId=3, source=0x701 }
10-31 16:28:14.508 W/ViewRootImpl( 3664): Cancelling event due to no window focus: KeyEvent { action=ACTION_UP, keyCode=KEYCODE_DPAD_CENTER, scanCode=28, metaState=0, flags=0x80000028, repeatCount=0, eventTime=1993092, downTime=1992883, deviceId=3, source=0x701 }
10-31 16:28:14.508 W/ViewRootImpl( 3664): Cancelling event due to no window focus: KeyEvent { action=ACTION_UP, keyCode=KEYCODE_DPAD_CENTER, scanCode=28, metaState=0, flags=0x80000028, repeatCount=0, eventTime=1993092, downTime=1992883, deviceId=3, source=0x701 }
10-31 16:28:14.508 W/ViewRootImpl( 3664): Cancelling event due to no window focus: KeyEvent { action=ACTION_UP, keyCode=KEYCODE_DPAD_CENTER, scanCode=28, metaState=0, flags=0x80000028, repeatCount=0, eventTime=1993092, downTime=1992883, deviceId=3, source=0x701 }
10-31 16:28:14.508 W/ViewRootImpl( 3664): Cancelling event due to no window focus: KeyEvent { action=ACTION_UP, keyCode=KEYCODE_DPAD_CENTER, scanCode=28, metaState=0, flags=0x80000028, repeatCount=0, eventTime=1993092, downTime=1992883, deviceId=3, source=0x701 }
10-31 16:28:14.508 W/ViewRootImpl( 3664): Cancelling event due to no window focus: KeyEvent { action=ACTION_UP, keyCode=KEYCODE_DPAD_CENTER, scanCode=28, metaState=0, flags=0x80000028, repeatCount=0, eventTime=1993092, downTime=1992883, deviceId=3, source=0x701 }
10-31 16:29:04.746 W/ContextImpl( 2391): Calling a method in the system process without a qualified user: android.app.ContextImpl.sendBroadcast:1345 android.content.ContextWrapper.sendBroadcast:377 com.suma.midware.back.esg.e.f:-1 com.suma.midware.back.esg.f.run:-1 com.suma.midware.prop.util.c.run:-1 
10-31 16:29:05.748 W/ContextImpl( 2391): Calling a method in the system process without a qualified user: android.app.ContextImpl.sendBroadcast:1345 android.content.ContextWrapper.sendBroadcast:377 com.suma.midware.back.esg.e.f:-1 com.suma.midware.back.esg.f.run:-1 com.suma.midware.prop.util.c.run:-1 
10-31 16:29:06.750 W/ContextImpl( 2391): Calling a method in the system process without a qualified user: android.app.ContextImpl.sendBroadcast:1345 android.content.ContextWrapper.sendBroadcast:377 com.suma.midware.back.esg.e.f:-1 com.suma.midware.back.esg.f.run:-1 com.suma.midware.prop.util.c.run:-1 
10-31 16:29:33.460 I/ActivityManager( 2019): START u0 {act=android.intent.action.MAIN cat=[android.intent.category.HOME] flg=0x10200000 cmp=com.suma.midware.home/.third.Main3DActivity} from uid 1000 on display 0
10-31 16:29:33.497 I/ActivityManager( 2019): Force stopping com.android.browser appid=10010 user=0: from pid 2391
10-31 16:29:33.547 W/ContextImpl( 2498): Calling a method in the system process without a qualified user: android.app.ContextImpl.sendBroadcast:1345 android.content.ContextWrapper.sendBroadcast:377 com.suma.midware.view.ext.BluetoothUpdate.b:-1 com.suma.midware.home.third.Main3DActivity.onResume:-1 android.app.Instrumentation.callActivityOnResume:1257 
10-31 16:29:33.551 W/ContextImpl( 2498): Calling a method in the system process without a qualified user: android.app.ContextImpl.sendBroadcast:1345 android.content.ContextWrapper.sendBroadcast:377 android.app.ActivityThread.performResumeActivity:2982 android.app.ActivityThread.handleResumeActivity:3023 android.app.ActivityThread$H.handleMessage:1347 
--------- beginning of main
10-31 16:29:38.834 D/base::Ini( 3664): [getOption] getOption name='debug-eventManager-level' value=''.
10-31 16:29:38.834 D/base::Ini( 3664): [getOption] getOption name='debug-eventManager-level' value=''.
10-31 16:29:38.834 D/base::Ini( 3664): [getOption] getOption name='debug-eventManager-level' value=''.
10-31 16:29:38.834 D/base::Ini( 3664): [getOption] getOption name='debug-eventManager-level' value=''.
10-31 16:29:38.834 D/base::Ini( 3664): [getOption] getOption name='debug-eventManager-level' value=''.
10-31 16:29:38.834 D/base::Ini( 3664): [getOption] getOption name='debug-eventManager-level' value=''.
10-31 16:29:38.834 D/base::Ini( 3664): [getOption] getOption name='debug-eventManager-level' value=''.
10-31 16:29:38.834 D/base::Ini( 3664): [getOption] getOption name='debug-eventManager-level' value=''.
10-31 16:29:38.834 D/base::Ini( 3664): [getOption] getOption name='debug-eventManager-level' value=''.
10-31 16:29:38.834 D/base::Ini( 3664): [getOption] getOption name='debug-eventManager-level' value=''.
10-31 16:29:38.834 D/base::Ini( 3664): [getOption] getOption name='debug-netdev-level' value=''.
10-31 16:29:38.834 D/base::Ini( 3664): [getOption] getOption name='debug-netdev-level' value=''.
10-31 16:29:38.834 D/base::Ini( 3664): [getOption] getOption name='debug-netdev-level' value=''.
10-31 16:29:38.834 D/base::Ini( 3664): [getOption] getOption name='debug-netdev-level' value=''.
10-31 16:29:38.834 D/base::Ini( 3664): [getOption] getOption name='debug-netdev-level' value=''.
10-31 16:29:38.834 D/base::Ini( 3664): [getOption] getOption name='debug-netdev-level' value=''.
10-31 16:29:38.834 D/base::Ini( 3664): [getOption] getOption name='debug-netdev-level' value=''.
10-31 16:29:38.834 D/base::Ini( 3664): [getOption] getOption name='debug-netdev-level' value=''.
10-31 16:29:38.834 D/base::Ini( 3664): [getOption] getOption name='debug-eventManager-level' value=''.
10-31 16:29:38.834 D/base::Ini( 3664): [getOption] getOption name='debug-eventManager-level' value=''.
10-31 16:29:38.834 D/base::Ini( 3664): [getOption] getOption name='debug-eventManager-level' value=''.
10-31 16:29:38.834 D/base::Ini( 3664): [getOption] getOption name='debug-eventManager-level' value=''.
10-31 16:29:38.834 D/base::Ini( 3664): [getOption] getOption name='debug-eventManager-level' value=''.
10-31 16:29:38.834 D/base::Ini( 3664): [getOption] getOption name='debug-eventManager-level' value=''.
10-31 16:29:38.834 D/base::Ini( 3664): [getOption] getOption name='debug-eventManager-level' value=''.
10-31 16:29:38.834 D/base::Ini( 3664): [getOption] getOption name='debug-eventManager-level' value=''.
10-31 16:29:38.834 D/base::Ini( 3664): [getOption] getOption name='debug-eventManager-level' value=''.
10-31 16:29:38.834 D/base::Ini( 3664): [getOption] getOption name='debug-eventManager-level' value=''.
10-31 16:29:38.834 D/base::Ini( 3664): [getOption] getOption name='debug-eventManager-level' value=''.
10-31 16:29:38.834 D/base::Ini( 3664): [getOption] getOption name='debug-eventManager-level' value=''.
10-31 16:29:38.834 D/base::Ini( 3664): [getOption] getOption name='debug-eventManager-level' value=''.
10-31 16:29:38.834 D/base::Ini( 3664): [getOption] getOption name='debug-eventManager-level' value=''.
10-31 16:29:38.834 D/base::Ini( 3664): [getOption] getOption name='debug-eventManager-level' value=''.
10-31 16:29:38.834 D/base::Ini( 3664): [getOption] getOption name='debug-eventManager-level' value=''.
10-31 16:29:38.850 D/BasicFigure( 2498): [TN_GLThread 74]isDrawFocused relyElement=[BaseElement@190c8802]focusScale[1.15]elementAlpha[-1.0]refectAlpha[-1.0]isFocusAble[true]shadowIndex[-1]autoJumpType[-1]uniqueID[54resSize0]rect[NULL]
10-31 16:29:38.850 D/BasicFigure( 2498): [TN_GLThread 74]isDrawFocused basicFigure=com.suma.midware.view.b.c.c@2f52b513
10-31 16:29:38.870 D/BasicFigure( 2498): [TN_GLThread 74]isDrawFocused relyElement=[BaseElement@190c8802]focusScale[1.15]elementAlpha[-1.0]refectAlpha[-1.0]isFocusAble[true]shadowIndex[-1]autoJumpType[-1]uniqueID[54resSize0]rect[NULL]
10-31 16:29:38.870 D/BasicFigure( 2498): [TN_GLThread 74]isDrawFocused basicFigure=com.suma.midware.view.b.c.c@2f52b513
10-31 16:29:38.890 D/BasicFigure( 2498): [TN_GLThread 74]isDrawFocused relyElement=[BaseElement@190c8802]focusScale[1.15]elementAlpha[-1.0]refectAlpha[-1.0]isFocusAble[true]shadowIndex[-1]autoJumpType[-1]uniqueID[54resSize0]rect[NULL]
10-31 16:29:38.890 D/BasicFigure( 2498): [TN_GLThread 74]isDrawFocused basicFigure=com.suma.midware.view.b.c.c@2f52b513
10-31 16:29:38.910 D/BasicFigure( 2498): [TN_GLThread 74]isDrawFocused relyElement=[BaseElement@190c8802]focusScale[1.15]elementAlpha[-1.0]refectAlpha[-1.0]isFocusAble[true]shadowIndex[-1]autoJumpType[-1]uniqueID[54resSize0]rect[NULL]
10-31 16:29:38.910 D/BasicFigure( 2498): [TN_GLThread 74]isDrawFocused basicFigure=com.suma.midware.view.b.c.c@2f52b513
10-31 16:29:38.937 D/BasicFigure( 2498): [TN_GLThread 74]isDrawFocused relyElement=[BaseElement@190c8802]focusScale[1.15]elementAlpha[-1.0]refectAlpha[-1.0]isFocusAble[true]shadowIndex[-1]autoJumpType[-1]uniqueID[54resSize0]rect[NULL]
10-31 16:29:38.937 D/BasicFigure( 2498): [TN_GLThread 74]isDrawFocused basicFigure=com.suma.midware.view.b.c.c@2f52b513
10-31 16:29:38.979 D/ir_user ( 1587): PlayerTimeLineTrace:linux_keycode:0x6a(DOWN),	protocol: .
10-31 16:29:38.979 V/PT      ( 1583): >>INFO:irkey_task:[    2077.671040] /dev/input/event0: type=0001 code=006a val=00000001
10-31 16:29:38.979 V/PT      ( 1583): >>INFO:irkey_send:0x3001 0x0027 down
10-31 16:29:38.979 V/SUMA    ( 1583): ++++++++++++++  _roc_evtmgr_key_cbk 517:input = 12289, event=39, act=0x100
10-31 16:29:38.979 V/SUMA    ( 1583): lxm:_roc_evtmgr_key_cbk 519 2077671
10-31 16:29:38.979 V/SUMA    ( 1583): lxm:_roc_evtmgr_add_evt_into_queue 347 2077671
10-31 16:29:38.979 V/SUMA    ( 1583): ===================>> type=0 src=0 evt=39 act=0x100
10-31 16:29:38.979 V/PT      ( 1583): >>INFO:irkey_task:[    2077.671040] /dev/input/event0: type=0000 code=0000 val=00000000
10-31 16:29:38.979 V/SUMA    ( 1583): [sysset-s][event_manager_cbk 78]lxm cbid=1, cbk_reg=1, cpid=2457
10-31 16:29:38.979 D/NGBEvent( 2457): ngbEventCallBack type:0 source :39
10-31 16:29:38.979 D/NGBEvent( 2457): [NGBEventManager-JNI]-returning:1
10-31 16:29:38.979 D/NGBEvent( 2457): Input key event: keyCode=39
10-31 16:29:38.979 D/NGBEvent( 2457): src:39 = dest:39
10-31 16:29:38.979 I/System.out( 2457): [DEBUG EventManager] LWJ--Add event to java with evt=NgbEvent-[type = 1, subtype = 401, code = 39]
10-31 16:29:38.980 D/NGBEvent( 2457): [NGBEvent_log]--[EventManager--JNI]:		start
10-31 16:29:38.980 I/System.out( 2457): [DEBUG EventManager] broadcastEvent  :len 1
10-31 16:29:38.980 D/CombineKeyUtil( 2457): [TN_pool-1-thread-1]dealKeyEvent,combineIndex:-1:keyCode:22
10-31 16:29:38.980 D/KeyEventNgbDealer( 2457): [TN_pool-1-thread-1]handleKeyPressed keyEvent=NgbEvent-[type = 1, subtype = 401, code = 39],time=2077671
10-31 16:29:38.980 D/RemoteIME( 2349): onKeyDown event = KeyEvent { action=ACTION_DOWN, keyCode=KEYCODE_DPAD_RIGHT, scanCode=106, metaState=0, flags=0x8, repeatCount=0, eventTime=2077671, downTime=2077671, deviceId=3, source=0x701 },mSkbContainer=null
10-31 16:29:38.980 D/Main3DActivity( 2498): [TN_main]dispatchKeyEvent event=KeyEvent { action=ACTION_DOWN, keyCode=KEYCODE_DPAD_RIGHT, scanCode=106, metaState=0, flags=0x8, repeatCount=0, eventTime=2077671, downTime=2077671, deviceId=3, source=0x701 },isEventAble=true
10-31 16:29:38.980 D/InputEventConsistencyVerifier( 2498): KeyEvent: ACTION_DOWN but key is already down and this event is not a key repeat.
10-31 16:29:38.980 D/InputEventConsistencyVerifier( 2498):   in com.android.internal.policy.impl.PhoneWindow$DecorView{e95359 V.E..... R.....I. 0,0-1280,720}
10-31 16:29:38.980 D/InputEventConsistencyVerifier( 2498):   0: sent at 2077671000000, KeyEvent { action=ACTION_DOWN, keyCode=KEYCODE_DPAD_RIGHT, scanCode=106, metaState=0, flags=0x8, repeatCount=0, eventTime=2077671, downTime=2077671, deviceId=3, source=0x701 }
10-31 16:29:38.980 D/InputEventConsistencyVerifier( 2498):   -- recent events --
10-31 16:29:38.980 D/InputEventConsistencyVerifier( 2498):   1: sent at 2077293000000, KeyEvent { action=ACTION_DOWN, keyCode=KEYCODE_DPAD_RIGHT, scanCode=106, metaState=0, flags=0x80000008, repeatCount=0, eventTime=2077293, downTime=2077293, deviceId=3, source=0x701 }
10-31 16:29:38.980 D/InputEventConsistencyVerifier( 2498):   2: sent at 2076776000000, KeyEvent { action=ACTION_DOWN, keyCode=KEYCODE_DPAD_DOWN, scanCode=108, metaState=0, flags=0x80000008, repeatCount=0, eventTime=2076776, downTime=2076776, deviceId=3, source=0x701 }
10-31 16:29:38.980 D/InputEventConsistencyVerifier( 2498):   3: sent at 2076496000000, KeyEvent { action=ACTION_DOWN, keyCode=KEYCODE_DPAD_DOWN, scanCode=108, metaState=0, flags=0x80000008, repeatCount=0, eventTime=2076496, downTime=2076496, deviceId=3, source=0x701 }
10-31 16:29:38.980 D/InputEventConsistencyVerifier( 2498):   4: sent at 2076229000000, KeyEvent { action=ACTION_DOWN, keyCode=KEYCODE_DPAD_DOWN, scanCode=108, metaState=0, flags=0x80000008, repeatCount=0, eventTime=2076229, downTime=2076229, deviceId=3, source=0x701 }
10-31 16:29:38.980 D/InputEventConsistencyVerifier( 2498):   5: sent at 2075797000000, KeyEvent { action=ACTION_DOWN, keyCode=KEYCODE_DPAD_RIGHT, scanCode=106, metaState=0, flags=0x80000008, repeatCount=0, eventTime=2075797, downTime=2075797, deviceId=3, source=0x701 }
10-31 16:29:38.980 D/BasicRootView( 2498): [TN_main]dispatchKeyEvent event=KeyEvent { action=ACTION_DOWN, keyCode=KEYCODE_DPAD_RIGHT, scanCode=106, metaState=0, flags=0x80000008, repeatCount=0, eventTime=2077671, downTime=2077671, deviceId=3, source=0x701 },curRootPanel=com.suma.midware.home.third.a.a@395c748b
10-31 16:29:38.981 D/GLRootRenderer( 2498): dispatchKeyEvent event:KeyEvent { action=ACTION_DOWN, keyCode=KEYCODE_DPAD_RIGHT, scanCode=106, metaState=0, flags=0x80000008, repeatCount=0, eventTime=2077671, downTime=2077671, deviceId=3, source=0x701 }:lastKeyCode:22:lastKeyAction:0:lastkeycount:0:size:0
10-31 16:29:38.981 D/Scene   ( 2498): dispatchKeyEvent event:KeyEvent { action=ACTION_DOWN, keyCode=KEYCODE_DPAD_RIGHT, scanCode=106, metaState=0, flags=0x80000008, repeatCount=0, eventTime=2077671, downTime=2077671, deviceId=3, source=0x701 }
10-31 16:29:38.981 D/Scene   ( 2498): dispatchKeyEvent currentFocus = com.suma.midware.view.b.c.c@10b9c990
10-31 16:29:38.981 D/Scene   ( 2498): dispatchKeyEvent nextFocus:null
10-31 16:29:38.981 D/BasicFigure( 2498): [TN_GLThread 74]dealKeyEvent event=KeyEvent { action=ACTION_DOWN, keyCode=KEYCODE_DPAD_RIGHT, scanCode=106, metaState=0, flags=0x80000008, repeatCount=0, eventTime=2077671, downTime=2077671, deviceId=3, source=0x701 }
10-31 16:29:38.981 D/MenuUtil( 2498): [TN_GLThread 74]searchHorizontalFigure x=1191.00,y=692.000,width=188.000,height=221.000,excludeObj=com.suma.midware.view.b.c.c@10b9c990
10-31 16:29:38.982 D/BasicFigure( 2498): [TN_GLThread 74]dealLeftRight obj3d=com.suma.midware.view.b.c.c@2fe4e289,obj3dSize=20,basicPanel=com.suma.midware.view.b.d.d@1e49be75
10-31 16:29:38.982 D/BasicFigure( 2498): [TN_GLThread 74]onFocusLost figure=com.suma.midware.view.b.c.c@10b9c990
10-31 16:29:38.982 W/BasicRootPanel( 2498): [TN_GLThread 74]switchPanelLight lightFigure null
10-31 16:29:38.982 D/BasicFigure( 2498): [TN_GLThread 74]onFocusGain figure=com.suma.midware.view.b.c.c@2fe4e289
10-31 16:29:38.982 D/BasicFigure( 2498): [TN_GLThread 74]onFocusGain panelIndex=5,curPanelIndex=5,basicFigure=com.suma.midware.view.b.c.c@2fe4e289
10-31 16:29:38.982 D/BasicFigure( 2498): [TN_GLThread 74]onFocusLost time:2077673
10-31 16:29:38.987 D/BasicFigure( 2498): [TN_GLThread 74]isDrawFocused relyElement=[BaseElement@190c8802]focusScale[1.15]elementAlpha[-1.0]refectAlpha[-1.0]isFocusAble[true]shadowIndex[-1]autoJumpType[-1]uniqueID[54resSize0]rect[NULL]
10-31 16:29:38.987 D/BasicFigure( 2498): [TN_GLThread 74]isDrawFocused basicFigure=com.suma.midware.view.b.c.c@2f52b513
10-31 16:29:38.989 D/BasicFigure( 2498): [TN_GLThread 74]onFocusMoveAnim moveSpace=0.00000,x=528.000,xOffset=0.00000
10-31 16:29:38.989 D/FixedRes( 2498): [TN_GLThread 74]getNineImgRes nineImgSize=2
10-31 16:29:38.989 W/BasicRootPanel( 2498): [TN_GLThread 74]switchPanelLight lightFigure null
10-31 16:29:38.995 D/BasicFigure( 2498): [TN_GLThread 74]isDrawFocused relyElement=[BaseElement@190c8802]focusScale[1.15]elementAlpha[-1.0]refectAlpha[-1.0]isFocusAble[true]shadowIndex[-1]autoJumpType[-1]uniqueID[54resSize0]rect[NULL]
10-31 16:29:38.995 D/BasicFigure( 2498): [TN_GLThread 74]isDrawFocused basicFigure=com.suma.midware.view.b.c.c@2f52b513
10-31 16:29:39.002 D/BasicFigure( 2498): [TN_GLThread 74]isDrawFocused relyElement=[BaseElement@190c8802]focusScale[1.15]elementAlpha[-1.0]refectAlpha[-1.0]isFocusAble[true]shadowIndex[-1]autoJumpType[-1]uniqueID[54resSize0]rect[NULL]
10-31 16:29:39.002 D/BasicFigure( 2498): [TN_GLThread 74]isDrawFocused basicFigure=com.suma.midware.view.b.c.c@2f52b513
10-31 16:29:39.010 D/BasicFigure( 2498): [TN_GLThread 74]isDrawFocused relyElement=[BaseElement@190c8802]focusScale[1.15]elementAlpha[-1.0]refectAlpha[-1.0]isFocusAble[true]shadowIndex[-1]autoJumpType[-1]uniqueID[54resSize0]rect[NULL]
10-31 16:29:39.010 D/BasicFigure( 2498): [TN_GLThread 74]isDrawFocused basicFigure=com.suma.midware.view.b.c.c@2f52b513
10-31 16:29:39.030 D/BasicFigure( 2498): [TN_GLThread 74]isDrawFocused relyElement=[BaseElement@190c8802]focusScale[1.15]elementAlpha[-1.0]refectAlpha[-1.0]isFocusAble[true]shadowIndex[-1]autoJumpType[-1]uniqueID[54resSize0]rect[NULL]
10-31 16:29:39.030 D/BasicFigure( 2498): [TN_GLThread 74]isDrawFocused basicFigure=com.suma.midware.view.b.c.c@2f52b513
10-31 16:29:39.033 D/base::Ini( 3664): [getOption] getOption name='debug-eventManager-level' value=''.
10-31 16:29:39.033 D/base::Ini( 3664): [getOption] getOption name='debug-eventManager-level' value=''.
10-31 16:29:39.033 D/base::Ini( 3664): [getOption] getOption name='debug-eventManager-level' value=''.
10-31 16:29:39.033 D/base::Ini( 3664): [getOption] getOption name='debug-eventManager-level' value=''.
10-31 16:29:39.033 D/base::Ini( 3664): [getOption] getOption name='debug-eventManager-level' value=''.
10-31 16:29:39.033 D/base::Ini( 3664): [getOption] getOption name='debug-eventManager-level' value=''.
10-31 16:29:39.033 D/base::Ini( 3664): [getOption] getOption name='debug-eventManager-level' value=''.
10-31 16:29:39.033 D/base::Ini( 3664): [getOption] getOption name='debug-eventManager-level' value=''.
10-31 16:29:39.033 D/base::Ini( 3664): [getOption] getOption name='debug-eventManager-level' value=''.
10-31 16:29:39.033 D/base::Ini( 3664): [getOption] getOption name='debug-eventManager-level' value=''.
10-31 16:29:39.033 D/base::Ini( 3664): [getOption] getOption name='debug-eventManager-level' value=''.
10-31 16:29:39.033 D/base::Ini( 3664): [getOption] getOption name='debug-netdev-level' value=''.
10-31 16:29:39.033 D/base::Ini( 3664): [getOption] getOption name='debug-netdev-level' value=''.
10-31 16:29:39.033 D/base::Ini( 3664): [getOption] getOption name='debug-netdev-level' value=''.
10-31 16:29:39.033 D/base::Ini( 3664): [getOption] getOption name='debug-netdev-level' value=''.
10-31 16:29:39.035 D/BackBootDealerNeimeng( 2391): standbyState:
10-31 16:29:39.036 E/NetUtils( 2019): Interface eth0 LinkDown!
10-31 16:29:39.043 D/base::Ini( 3664): [getOption] getOption name='debug-eventManager-level' value=''.
10-31 16:29:39.043 D/base::Ini( 3664): [getOption] getOption name='debug-eventManager-level' value=''.
10-31 16:29:39.043 D/base::Ini( 3664): [getOption] getOption name='debug-eventManager-level' value=''.
10-31 16:29:39.043 D/base::Ini( 3664): [getOption] getOption name='debug-eventManager-level' value=''.
10-31 16:29:39.043 D/base::Ini( 3664): [getOption] getOption name='debug-eventManager-level' value=''.
10-31 16:29:39.043 D/base::Ini( 3664): [getOption] getOption name='debug-eventManager-level' value=''.
10-31 16:29:39.043 D/base::Ini( 3664): [getOption] getOption name='debug-eventManager-level' value=''.
10-31 16:29:39.043 D/base::Ini( 3664): [getOption] getOption name='debug-eventManager-level' value=''.
10-31 16:29:39.043 D/base::Ini( 3664): [getOption] getOption name='debug-eventManager-level' value=''.
10-31 16:29:39.043 D/base::Ini( 3664): [getOption] getOption name='debug-eventManager-level' value=''.
10-31 16:29:39.044 D/base::Ini( 3664): [getOption] getOption name='debug-netdev-level' value=''.
10-31 16:29:39.044 D/base::Ini( 3664): [getOption] getOption name='debug-netdev-level' value=''.
10-31 16:29:39.044 D/base::Ini( 3664): [getOption] getOption name='debug-netdev-level' value=''.
10-31 16:29:39.044 D/base::Ini( 3664): [getOption] getOption name='debug-netdev-level' value=''.
10-31 16:29:39.044 D/base::Ini( 3664): [getOption] getOption name='debug-eventManager-level' value=''.
10-31 16:29:39.044 D/base::Ini( 3664): [getOption] getOption name='debug-eventManager-level' value=''.
10-31 16:29:39.044 D/base::Ini( 3664): [getOption] getOption name='debug-eventManager-level' value=''.
10-31 16:29:39.044 D/base::Ini( 3664): [getOption] getOption name='debug-eventManager-level' value=''.
10-31 16:29:39.044 D/base::Ini( 3664): [getOption] getOption name='debug-eventManager-level' value=''.
10-31 16:29:39.044 D/base::Ini( 3664): [getOption] getOption name='debug-eventManager-level' value=''.
10-31 16:29:39.044 D/base::Ini( 3664): [getOption] getOption name='debug-eventManager-level' value=''.
10-31 16:29:39.044 D/base::Ini( 3664): [getOption] getOption name='debug-eventManager-level' value=''.
10-31 16:29:39.044 D/base::Ini( 3664): [getOption] getOption name='debug-eventManager-level' value=''.
10-31 16:29:39.044 D/base::Ini( 3664): [getOption] getOption name='debug-eventManager-level' value=''.
10-31 16:29:39.044 D/base::Ini( 3664): [getOption] getOption name='debug-eventManager-level' value=''.
10-31 16:29:39.044 D/base::Ini( 3664): [getOption] getOption name='debug-eventManager-level' value=''.
10-31 16:29:39.044 D/base::Ini( 3664): [getOption] getOption name='debug-eventManager-level' value=''.
10-31 16:29:39.044 D/base::Ini( 3664): [getOption] getOption name='debug-eventManager-level' value=''.
10-31 16:29:39.044 D/base::Ini( 3664): [getOption] getOption name='debug-eventManager-level' value=''.
10-31 16:29:39.044 D/base::Ini( 3664): [getOption] getOption name='debug-eventManager-level' value=''.
10-31 16:29:39.050 D/BasicFigure( 2498): [TN_GLThread 74]isDrawFocused relyElement=[BaseElement@190c8802]focusScale[1.15]elementAlpha[-1.0]refectAlpha[-1.0]isFocusAble[true]shadowIndex[-1]autoJumpType[-1]uniqueID[54resSize0]rect[NULL]
10-31 16:29:39.050 D/BasicFigure( 2498): [TN_GLThread 74]isDrawFocused basicFigure=com.suma.midware.view.b.c.c@2f52b513
10-31 16:29:39.070 D/BasicFigure( 2498): [TN_GLThread 74]isDrawFocused relyElement=[BaseElement@190c8802]focusScale[1.15]elementAlpha[-1.0]refectAlpha[-1.0]isFocusAble[true]shadowIndex[-1]autoJumpType[-1]uniqueID[54resSize0]rect[NULL]
10-31 16:29:39.070 D/BasicFigure( 2498): [TN_GLThread 74]isDrawFocused basicFigure=com.suma.midware.view.b.c.c@2f52b513
10-31 16:29:39.094 D/BasicFigure( 2498): [TN_GLThread 74]isDrawFocused relyElement=[BaseElement@190c8802]focusScale[1.15]elementAlpha[-1.0]refectAlpha[-1.0]isFocusAble[true]shadowIndex[-1]autoJumpType[-1]uniqueID[54resSize0]rect[NULL]
10-31 16:29:39.094 D/BasicFigure( 2498): [TN_GLThread 74]isDrawFocused basicFigure=com.suma.midware.view.b.c.c@2f52b513
10-31 16:29:39.116 D/BasicFigure( 2498): [TN_GLThread 74]isDrawFocused relyElement=[BaseElement@190c8802]focusScale[1.15]elementAlpha[-1.0]refectAlpha[-1.0]isFocusAble[true]shadowIndex[-1]autoJumpType[-1]uniqueID[54resSize0]rect[NULL]
10-31 16:29:39.116 D/BasicFigure( 2498): [TN_GLThread 74]isDrawFocused basicFigure=com.suma.midware.view.b.c.c@2f52b513
10-31 16:29:39.130 D/BasicFigure( 2498): [TN_GLThread 74]isDrawFocused relyElement=[BaseElement@190c8802]focusScale[1.15]elementAlpha[-1.0]refectAlpha[-1.0]isFocusAble[true]shadowIndex[-1]autoJumpType[-1]uniqueID[54resSize0]rect[NULL]
10-31 16:29:39.130 D/BasicFigure( 2498): [TN_GLThread 74]isDrawFocused basicFigure=com.suma.midware.view.b.c.c@2f52b513
10-31 16:29:39.150 D/BasicFigure( 2498): [TN_GLThread 74]isDrawFocused relyElement=[BaseElement@190c8802]focusScale[1.15]elementAlpha[-1.0]refectAlpha[-1.0]isFocusAble[true]shadowIndex[-1]autoJumpType[-1]uniqueID[54resSize0]rect[NULL]
10-31 16:29:39.150 D/BasicFigure( 2498): [TN_GLThread 74]isDrawFocused basicFigure=com.suma.midware.view.b.c.c@2f52b513
10-31 16:29:39.170 D/BasicFigure( 2498): [TN_GLThread 74]isDrawFocused relyElement=[BaseElement@190c8802]focusScale[1.15]elementAlpha[-1.0]refectAlpha[-1.0]isFocusAble[true]shadowIndex[-1]autoJumpType[-1]uniqueID[54resSize0]rect[NULL]
10-31 16:29:39.170 D/BasicFigure( 2498): [TN_GLThread 74]isDrawFocused basicFigure=com.suma.midware.view.b.c.c@2f52b513
10-31 16:29:39.189 V/PT      ( 1583): >>INFO:irkey_task:[    2077.880690] /dev/input/event0: type=0001 code=006a val=00000000
10-31 16:29:39.189 V/PT      ( 1583): >>INFO:irkey_send:0x3001 0x0027 up  
10-31 16:29:39.189 V/SUMA    ( 1583): ++++++++++++++  _roc_evtmgr_key_cbk 517:input = 12289, event=39, act=0x400
10-31 16:29:39.189 V/SUMA    ( 1583): lxm:_roc_evtmgr_key_cbk 519 2077881
10-31 16:29:39.189 V/SUMA    ( 1583): lxm:_roc_evtmgr_add_key_into_queue 311 2077881
10-31 16:29:39.189 V/PT      ( 1583): >>INFO:irkey_task:[    2077.880690] /dev/input/event0: type=0000 code=0000 val=00000000
10-31 16:29:39.189 V/SUMA    ( 1583): ===================>> type=0 src=0 evt=39 act=0x400
10-31 16:29:39.189 V/SUMA    ( 1583): [sysset-s][event_manager_cbk 78]lxm cbid=1, cbk_reg=1, cpid=2457
10-31 16:29:39.189 D/NGBEvent( 2457): ngbEventCallBack type:0 source :39
10-31 16:29:39.189 D/NGBEvent( 2457): [NGBEventManager-JNI]-returning:1
10-31 16:29:39.189 D/NGBEvent( 2457): Input key event: keyCode=39
10-31 16:29:39.189 D/ir_user ( 1587): PlayerTimeLineTrace:linux_keycode:0x6a(UP),	protocol: .
10-31 16:29:39.189 D/NGBEvent( 2457): src:39 = dest:39
10-31 16:29:39.190 I/System.out( 2457): [DEBUG EventManager] LWJ--Add event to java with evt=NgbEvent-[type = 1, subtype = 402, code = 39]
10-31 16:29:39.190 D/NGBEvent( 2457): [NGBEvent_log]--[EventManager--JNI]:		start
10-31 16:29:39.190 I/System.out( 2457): [DEBUG EventManager] broadcastEvent  :len 1
10-31 16:29:39.190 D/KeyEventNgbDealer( 2457): [TN_pool-1-thread-1]handleKeyReleased keyEvent=NgbEvent-[type = 1, subtype = 402, code = 39],time=2077881
10-31 16:29:39.190 D/RemoteIME( 2349): RemoteIME--> onKeyUp keyCode = 22
10-31 16:29:39.191 D/Main3DActivity( 2498): [TN_main]dispatchKeyEvent event=KeyEvent { action=ACTION_UP, keyCode=KEYCODE_DPAD_RIGHT, scanCode=106, metaState=0, flags=0x8, repeatCount=0, eventTime=2077880, downTime=2077671, deviceId=3, source=0x701 },isEventAble=true
10-31 16:29:39.197 D/BasicFigure( 2498): [TN_GLThread 74]isDrawFocused relyElement=[BaseElement@190c8802]focusScale[1.15]elementAlpha[-1.0]refectAlpha[-1.0]isFocusAble[true]shadowIndex[-1]autoJumpType[-1]uniqueID[54resSize0]rect[NULL]
10-31 16:29:39.197 D/BasicFigure( 2498): [TN_GLThread 74]isDrawFocused basicFigure=com.suma.midware.view.b.c.c@2f52b513
10-31 16:29:39.211 D/BasicFigure( 2498): [TN_GLThread 74]isDrawFocused relyElement=[BaseElement@190c8802]focusScale[1.15]elementAlpha[-1.0]refectAlpha[-1.0]isFocusAble[true]shadowIndex[-1]autoJumpType[-1]uniqueID[54resSize0]rect[NULL]
10-31 16:29:39.211 D/BasicFigure( 2498): [TN_GLThread 74]isDrawFocused basicFigure=com.suma.midware.view.b.c.c@2f52b513
10-31 16:29:39.230 D/BasicFigure( 2498): [TN_GLThread 74]isDrawFocused relyElement=[BaseElement@190c8802]focusScale[1.15]elementAlpha[-1.0]refectAlpha[-1.0]isFocusAble[true]shadowIndex[-1]autoJumpType[-1]uniqueID[54resSize0]rect[NULL]
10-31 16:29:39.230 D/BasicFigure( 2498): [TN_GLThread 74]isDrawFocused basicFigure=com.suma.midware.view.b.c.c@2f52b513
10-31 16:29:39.244 D/base::Ini( 3664): [getOption] getOption name='debug-eventManager-level' value=''.
10-31 16:29:39.244 D/base::Ini( 3664): [getOption] getOption name='debug-eventManager-level' value=''.
10-31 16:29:39.244 D/base::Ini( 3664): [getOption] getOption name='debug-eventManager-level' value=''.
10-31 16:29:39.244 D/base::Ini( 3664): [getOption] getOption name='debug-eventManager-level' value=''.
10-31 16:29:39.244 D/base::Ini( 3664): [getOption] getOption name='debug-eventManager-level' value=''.
10-31 16:29:39.244 D/base::Ini( 3664): [getOption] getOption name='debug-eventManager-level' value=''.
10-31 16:29:39.244 D/base::Ini( 3664): [getOption] getOption name='debug-eventManager-level' value=''.
10-31 16:29:39.244 D/base::Ini( 3664): [getOption] getOption name='debug-eventManager-level' value=''.
10-31 16:29:39.244 D/base::Ini( 3664): [getOption] getOption name='debug-eventManager-level' value=''.
10-31 16:29:39.244 D/base::Ini( 3664): [getOption] getOption name='debug-eventManager-level' value=''.
10-31 16:29:39.244 D/base::Ini( 3664): [getOption] getOption name='debug-eventManager-level' value=''.
10-31 16:29:39.244 I/Advanced( 3664): [QUEUE] share_queue_sendEx size:1 4097 8165 0x8e98e438,postLoopId:0,dstid:1.
10-31 16:29:39.244 D/base::Ini( 3664): [getOption] getOption name='debug-eventManager-level' value=''.
10-31 16:29:39.244 D/base::Ini( 3664): [getOption] getOption name='debug-eventManager-level' value=''.
10-31 16:29:39.244 D/base::Ini( 3664): [getOption] getOption name='debug-eventManager-level' value=''.
10-31 16:29:39.245 D/base::Ini( 3664): [getOption] getOption name='debug-eventManager-level' value=''.
10-31 16:29:39.245 D/base::Ini( 3664): [getOption] getOption name='debug-eventManager-level' value=''.
10-31 16:29:39.245 D/base::Ini( 3664): [getOption] getOption name='debug-eventManager-level' value=''.
10-31 16:29:39.245 D/base::Ini( 3664): [getOption] getOption name='debug-eventManager-level' value=''.
10-31 16:29:39.245 D/base::Ini( 3664): [getOption] getOption name='debug-netdev-level' value=''.
10-31 16:29:39.245 D/base::Ini( 3664): [getOption] getOption name='debug-netdev-level' value=''.
10-31 16:29:39.245 D/base::Ini( 3664): [getOption] getOption name='debug-netdev-level' value=''.
10-31 16:29:39.245 D/base::Ini( 3664): [getOption] getOption name='debug-netdev-level' value=''.
10-31 16:29:39.245 D/base::Ini( 3664): [getOption] getOption name='debug-netdev-level' value=''.
10-31 16:29:39.245 D/base::Ini( 3664): [getOption] getOption name='debug-netdev-level' value=''.
10-31 16:29:39.245 D/base::Ini( 3664): [getOption] getOption name='debug-netdev-level' value=''.
10-31 16:29:39.245 D/base::Ini( 3664): [getOption] getOption name='debug-netdev-level' value=''.
10-31 16:29:39.245 D/base::Ini( 3664): [getOption] getOption name='debug-eventManager-level' value=''.
10-31 16:29:39.245 D/base::Ini( 3664): [getOption] getOption name='debug-eventManager-level' value=''.
10-31 16:29:39.245 D/base::Ini( 3664): [getOption] getOption name='debug-eventManager-level' value=''.
10-31 16:29:39.245 D/base::Ini( 3664): [getOption] getOption name='debug-eventManager-level' value=''.
10-31 16:29:39.245 D/base::Ini( 3664): [getOption] getOption name='debug-eventManager-level' value=''.
10-31 16:29:39.245 D/base::Ini( 3664): [getOption] getOption name='debug-eventManager-level' value=''.
10-31 16:29:39.245 D/base::Ini( 3664): [getOption] getOption name='debug-eventManager-level' value=''.
10-31 16:29:39.245 D/base::Ini( 3664): [getOption] getOption name='debug-eventManager-level' value=''.
10-31 16:29:39.245 D/base::Ini( 3664): [getOption] getOption name='debug-eventManager-level' value=''.
10-31 16:29:39.245 D/base::Ini( 3664): [getOption] getOption name='debug-eventManager-level' value=''.
