10-31 16:29:40.661 D/base::Ini( 3664): [getOption] getOption name='debug-eventManager-level' value=''.
10-31 16:29:40.661 D/base::Ini( 3664): [getOption] getOption name='debug-eventManager-level' value=''.
10-31 16:29:40.661 D/base::Ini( 3664): [getOption] getOption name='debug-eventManager-level' value=''.
10-31 16:29:40.662 D/base::Ini( 3664): [getOption] getOption name='debug-eventManager-level' value=''.
10-31 16:29:40.662 D/base::Ini( 3664): [getOption] getOption name='debug-eventManager-level' value=''.
10-31 16:29:40.662 D/base::Ini( 3664): [getOption] getOption name='debug-eventManager-level' value=''.
10-31 16:29:40.662 D/base::Ini( 3664): [getOption] getOption name='debug-eventManager-level' value=''.
10-31 16:29:40.662 D/base::Ini( 3664): [getOption] getOption name='debug-eventManager-level' value=''.
10-31 16:29:40.662 D/base::Ini( 3664): [getOption] getOption name='debug-eventManager-level' value=''.
10-31 16:29:40.662 D/base::Ini( 3664): [getOption] getOption name='debug-eventManager-level' value=''.
10-31 16:29:40.662 D/base::Ini( 3664): [getOption] getOption name='debug-eventManager-level' value=''.
10-31 16:29:40.662 D/base::Ini( 3664): [getOption] getOption name='debug-eventManager-level' value=''.
10-31 16:29:40.662 D/base::Ini( 3664): [getOption] getOption name='debug-eventManager-level' value=''.
10-31 16:29:40.679 D/BasicFigure( 2498): [TN_GLThread 74]isDrawFocused relyElement=[BaseElement@190c8802]focusScale[1.15]elementAlpha[-1.0]refectAlpha[-1.0]isFocusAble[true]shadowIndex[-1]autoJumpType[-1]uniqueID[54resSize0]rect[NULL]
10-31 16:29:40.680 D/BasicFigure( 2498): [TN_GLThread 74]isDrawFocused basicFigure=com.suma.midware.view.b.c.c@2f52b513
10-31 16:29:40.691 D/GLRootView( 2498): surfaceDestroyed holder:android.view.SurfaceView$4@c42406f
10-31 16:29:40.703 D/BaseApplication( 2498): [TN_main]onActivitySaveInstanceState activity=com.suma.midware.home.third.Main3DActivity@46ab53e,outState=Bundle[{android:viewHierarchyState=Bundle[{android:views={16908290=android.view.AbsSavedState$1@6ad9e96, 2131427428=android.view.AbsSavedState$1@6ad9e96, 2131427429=android.view.AbsSavedState$1@6ad9e96, 2131427430=android.widget.ProgressBar$SavedState@182f240a, 2131427431=android.view.AbsSavedState$1@6ad9e96, 2131427432=android.view.AbsSavedState$1@6ad9e96, 2131427433=android.view.AbsSavedState$1@6ad9e96, 2131427447=android.view.AbsSavedState$1@6ad9e96, 2131427448=android.view.AbsSavedState$1@6ad9e96, 2131427449=android.widget.ProgressBar$SavedState@12c9947b, 2131427450=android.view.AbsSavedState$1@6ad9e96, 2131427451=android.view.AbsSavedState$1@6ad9e96, 2131427452=android.view.AbsSavedState$1@6ad9e96, 2131427453=android.view.AbsSavedState$1@6ad9e96, 2131427454=android.view.AbsSavedState$1@6ad9e96, 2131427455=android.view.AbsSavedState$1@6ad9e96, 2131427456=android.view.AbsSavedState$1@6ad9e96, 2131427457=android.view.AbsSavedState$1@6ad9e96}}]}]
10-31 16:29:40.703 D/BaseApplication( 2498): [TN_main]onActivityStopped activity=com.suma.midware.home.third.Main3DActivity@46ab53e
10-31 16:29:40.703 D/HomeFlyWord( 2498): [TN_main]stopScrollView isReset=false
10-31 16:29:40.703 W/HomeFlyWord( 2498): [TN_main]stopScrollView scrollView null
10-31 16:29:40.703 D/Main3DActivity( 2498): [TN_main]onStop time=2079395
10-31 16:29:40.704 D/BaseApplication( 2498): [TN_main]onTrimMemory level=80
10-31 16:29:40.861 D/base::Ini( 3664): [getOption] getOption name='debug-eventManager-level' value=''.
10-31 16:29:40.861 D/base::Ini( 3664): [getOption] getOption name='debug-eventManager-level' value=''.
10-31 16:29:40.861 D/base::Ini( 3664): [getOption] getOption name='debug-eventManager-level' value=''.
10-31 16:29:40.861 D/base::Ini( 3664): [getOption] getOption name='debug-eventManager-level' value=''.
10-31 16:29:40.861 D/base::Ini( 3664): [getOption] getOption name='debug-eventManager-level' value=''.
10-31 16:29:40.861 D/base::Ini( 3664): [getOption] getOption name='debug-eventManager-level' value=''.
10-31 16:29:40.861 D/base::Ini( 3664): [getOption] getOption name='debug-eventManager-level' value=''.
10-31 16:29:40.861 D/base::Ini( 3664): [getOption] getOption name='debug-eventManager-level' value=''.
10-31 16:29:40.861 D/base::Ini( 3664): [getOption] getOption name='debug-eventManager-level' value=''.
10-31 16:29:40.861 D/base::Ini( 3664): [getOption] getOption name='debug-netdev-level' value=''.
10-31 16:29:40.862 D/base::Ini( 3664): [getOption] getOption name='debug-netdev-level' value=''.
10-31 16:29:40.862 D/base::Ini( 3664): [getOption] getOption name='debug-netdev-level' value=''.
10-31 16:29:40.862 D/base::Ini( 3664): [getOption] getOption name='debug-netdev-level' value=''.
10-31 16:29:40.862 D/base::Ini( 3664): [getOption] getOption name='debug-eventManager-level' value=''.
10-31 16:29:40.862 D/base::Ini( 3664): [getOption] getOption name='debug-eventManager-level' value=''.
10-31 16:29:40.862 D/base::Ini( 3664): [getOption] getOption name='debug-netdev-level' value=''.
10-31 16:29:40.862 D/base::Ini( 3664): [getOption] getOption name='debug-netdev-level' value=''.
10-31 16:29:40.862 D/base::Ini( 3664): [getOption] getOption name='debug-netdev-level' value=''.
10-31 16:29:40.862 D/base::Ini( 3664): [getOption] getOption name='debug-netdev-level' value=''.
10-31 16:29:40.862 D/base::Ini( 3664): [getOption] getOption name='debug-eventManager-level' value=''.
10-31 16:29:40.862 D/base::Ini( 3664): [getOption] getOption name='debug-eventManager-level' value=''.
10-31 16:29:40.862 D/base::Ini( 3664): [getOption] getOption name='debug-eventManager-level' value=''.
10-31 16:29:40.862 D/base::Ini( 3664): [getOption] getOption name='debug-eventManager-level' value=''.
10-31 16:29:40.862 D/base::Ini( 3664): [getOption] getOption name='debug-eventManager-level' value=''.
10-31 16:29:40.862 D/base::Ini( 3664): [getOption] getOption name='debug-eventManager-level' value=''.
10-31 16:29:40.862 D/base::Ini( 3664): [getOption] getOption name='debug-eventManager-level' value=''.
10-31 16:29:40.862 D/base::Ini( 3664): [getOption] getOption name='debug-eventManager-level' value=''.
10-31 16:29:40.862 D/base::Ini( 3664): [getOption] getOption name='debug-eventManager-level' value=''.
10-31 16:29:40.862 D/base::Ini( 3664): [getOption] getOption name='debug-eventManager-level' value=''.
10-31 16:29:40.862 D/base::Ini( 3664): [getOption] getOption name='debug-eventManager-level' value=''.
10-31 16:29:40.862 D/base::Ini( 3664): [getOption] getOption name='debug-eventManager-level' value=''.
10-31 16:29:40.863 D/base::Ini( 3664): [getOption] getOption name='debug-eventManager-level' value=''.
10-31 16:29:40.863 D/base::Ini( 3664): [getOption] getOption name='debug-eventManager-level' value=''.
10-31 16:29:40.863 D/base::Ini( 3664): [getOption] getOption name='debug-eventManager-level' value=''.
10-31 16:29:40.863 D/base::Ini( 3664): [getOption] getOption name='debug-eventManager-level' value=''.
10-31 16:29:40.863 D/base::Ini( 3664): [getOption] getOption name='debug-eventManager-level' value=''.
10-31 16:29:40.863 D/base::Ini( 3664): [getOption] getOption name='debug-eventManager-level' value=''.
10-31 16:29:41.038 D/BackBootDealerNeimeng( 2391): standbyState:
10-31 16:29:41.039 E/NetUtils( 2019): Interface eth0 LinkDown!
10-31 16:29:41.063 D/base::Ini( 3664): [getOption] getOption name='debug-eventManager-level' value=''.
10-31 16:29:41.063 D/base::Ini( 3664): [getOption] getOption name='debug-eventManager-level' value=''.
10-31 16:29:41.063 D/base::Ini( 3664): [getOption] getOption name='debug-eventManager-level' value=''.
10-31 16:29:41.063 D/base::Ini( 3664): [getOption] getOption name='debug-eventManager-level' value=''.
10-31 16:29:41.063 D/base::Ini( 3664): [getOption] getOption name='debug-eventManager-level' value=''.
10-31 16:29:41.063 D/base::Ini( 3664): [getOption] getOption name='debug-eventManager-level' value=''.
10-31 16:29:41.063 D/base::Ini( 3664): [getOption] getOption name='debug-eventManager-level' value=''.
10-31 16:29:41.063 D/base::Ini( 3664): [getOption] getOption name='debug-eventManager-level' value=''.
10-31 16:29:41.063 D/base::Ini( 3664): [getOption] getOption name='debug-eventManager-level' value=''.
10-31 16:29:41.063 D/base::Ini( 3664): [getOption] getOption name='debug-netdev-level' value=''.
10-31 16:29:41.063 D/base::Ini( 3664): [getOption] getOption name='debug-netdev-level' value=''.
10-31 16:29:41.063 D/base::Ini( 3664): [getOption] getOption name='debug-netdev-level' value=''.
10-31 16:29:41.063 D/base::Ini( 3664): [getOption] getOption name='debug-netdev-level' value=''.
10-31 16:29:41.063 D/base::Ini( 3664): [getOption] getOption name='debug-eventManager-level' value=''.
10-31 16:29:41.064 D/base::Ini( 3664): [getOption] getOption name='debug-eventManager-level' value=''.
10-31 16:29:41.064 D/base::Ini( 3664): [getOption] getOption name='debug-eventManager-level' value=''.
10-31 16:29:41.064 D/base::Ini( 3664): [getOption] getOption name='debug-eventManager-level' value=''.
10-31 16:29:41.064 D/base::Ini( 3664): [getOption] getOption name='debug-netdev-level' value=''.
10-31 16:29:41.064 D/base::Ini( 3664): [getOption] getOption name='debug-netdev-level' value=''.
10-31 16:29:41.064 D/base::Ini( 3664): [getOption] getOption name='debug-netdev-level' value=''.
10-31 16:29:41.064 D/base::Ini( 3664): [getOption] getOption name='debug-netdev-level' value=''.
10-31 16:29:41.064 D/base::Ini( 3664): [getOption] getOption name='debug-eventManager-level' value=''.
10-31 16:29:41.064 D/base::Ini( 3664): [getOption] getOption name='debug-eventManager-level' value=''.
10-31 16:29:41.064 D/base::Ini( 3664): [getOption] getOption name='debug-eventManager-level' value=''.
10-31 16:29:41.064 D/base::Ini( 3664): [getOption] getOption name='debug-eventManager-level' value=''.
10-31 16:29:41.064 D/base::Ini( 3664): [getOption] getOption name='debug-eventManager-level' value=''.
10-31 16:29:41.064 D/base::Ini( 3664): [getOption] getOption name='debug-eventManager-level' value=''.
10-31 16:29:41.064 D/base::Ini( 3664): [getOption] getOption name='debug-eventManager-level' value=''.
10-31 16:29:41.064 D/base::Ini( 3664): [getOption] getOption name='debug-eventManager-level' value=''.
10-31 16:29:41.064 D/base::Ini( 3664): [getOption] getOption name='debug-eventManager-level' value=''.
10-31 16:29:41.064 D/base::Ini( 3664): [getOption] getOption name='debug-eventManager-level' value=''.
10-31 16:29:41.064 D/base::Ini( 3664): [getOption] getOption name='debug-eventManager-level' value=''.
10-31 16:29:41.064 D/base::Ini( 3664): [getOption] getOption name='debug-eventManager-level' value=''.
10-31 16:29:41.064 D/base::Ini( 3664): [getOption] getOption name='debug-eventManager-level' value=''.
10-31 16:29:41.064 D/base::Ini( 3664): [getOption] getOption name='debug-eventManager-level' value=''.
10-31 16:29:41.064 D/base::Ini( 3664): [getOption] getOption name='debug-eventManager-level' value=''.
10-31 16:29:41.064 D/base::Ini( 3664): [getOption] getOption name='debug-eventManager-level' value=''.
10-31 16:29:41.264 D/base::Ini( 3664): [getOption] getOption name='debug-eventManager-level' value=''.
10-31 16:29:41.264 D/base::Ini( 3664): [getOption] getOption name='debug-eventManager-level' value=''.
10-31 16:29:41.264 D/base::Ini( 3664): [getOption] getOption name='debug-eventManager-level' value=''.
10-31 16:29:41.264 D/base::Ini( 3664): [getOption] getOption name='debug-eventManager-level' value=''.
10-31 16:29:41.264 D/base::Ini( 3664): [getOption] getOption name='debug-eventManager-level' value=''.
10-31 16:29:41.264 D/base::Ini( 3664): [getOption] getOption name='debug-eventManager-level' value=''.
10-31 16:29:41.264 D/base::Ini( 3664): [getOption] getOption name='debug-eventManager-level' value=''.
10-31 16:29:41.264 D/base::Ini( 3664): [getOption] getOption name='debug-eventManager-level' value=''.
10-31 16:29:41.264 D/base::Ini( 3664): [getOption] getOption name='debug-eventManager-level' value=''.
10-31 16:29:41.264 D/base::Ini( 3664): [getOption] getOption name='debug-eventManager-level' value=''.
10-31 16:29:41.264 D/base::Ini( 3664): [getOption] getOption name='debug-eventManager-level' value=''.
10-31 16:29:41.264 D/base::Ini( 3664): [getOption] getOption name='debug-netdev-level' value=''.
10-31 16:29:41.264 D/base::Ini( 3664): [getOption] getOption name='debug-netdev-level' value=''.
10-31 16:29:41.264 D/base::Ini( 3664): [getOption] getOption name='debug-netdev-level' value=''.
10-31 16:29:41.264 D/base::Ini( 3664): [getOption] getOption name='debug-netdev-level' value=''.
10-31 16:29:41.274 D/base::Ini( 3664): [getOption] getOption name='debug-eventManager-level' value=''.
10-31 16:29:41.274 D/base::Ini( 3664): [getOption] getOption name='debug-eventManager-level' value=''.
10-31 16:29:41.274 D/base::Ini( 3664): [getOption] getOption name='debug-eventManager-level' value=''.
10-31 16:29:41.274 D/base::Ini( 3664): [getOption] getOption name='debug-eventManager-level' value=''.
10-31 16:29:41.274 D/base::Ini( 3664): [getOption] getOption name='debug-eventManager-level' value=''.
10-31 16:29:41.274 D/base::Ini( 3664): [getOption] getOption name='debug-eventManager-level' value=''.
10-31 16:29:41.274 D/base::Ini( 3664): [getOption] getOption name='debug-eventManager-level' value=''.
10-31 16:29:41.275 D/base::Ini( 3664): [getOption] getOption name='debug-eventManager-level' value=''.
10-31 16:29:41.275 D/base::Ini( 3664): [getOption] getOption name='debug-eventManager-level' value=''.
10-31 16:29:41.275 D/base::Ini( 3664): [getOption] getOption name='debug-eventManager-level' value=''.
10-31 16:29:41.275 D/base::Ini( 3664): [getOption] getOption name='debug-netdev-level' value=''.
10-31 16:29:41.275 D/base::Ini( 3664): [getOption] getOption name='debug-netdev-level' value=''.
10-31 16:29:41.275 D/base::Ini( 3664): [getOption] getOption name='debug-netdev-level' value=''.
10-31 16:29:41.275 D/base::Ini( 3664): [getOption] getOption name='debug-netdev-level' value=''.
10-31 16:29:41.275 D/base::Ini( 3664): [getOption] getOption name='debug-eventManager-level' value=''.
10-31 16:29:41.275 D/base::Ini( 3664): [getOption] getOption name='debug-eventManager-level' value=''.
10-31 16:29:41.275 D/base::Ini( 3664): [getOption] getOption name='debug-eventManager-level' value=''.
10-31 16:29:41.275 D/base::Ini( 3664): [getOption] getOption name='debug-eventManager-level' value=''.
10-31 16:29:41.275 D/base::Ini( 3664): [getOption] getOption name='debug-eventManager-level' value=''.
10-31 16:29:41.275 D/base::Ini( 3664): [getOption] getOption name='debug-eventManager-level' value=''.
10-31 16:29:41.275 D/base::Ini( 3664): [getOption] getOption name='debug-eventManager-level' value=''.
10-31 16:29:41.275 D/base::Ini( 3664): [getOption] getOption name='debug-eventManager-level' value=''.
10-31 16:29:41.275 D/base::Ini( 3664): [getOption] getOption name='debug-eventManager-level' value=''.
10-31 16:29:41.275 D/base::Ini( 3664): [getOption] getOption name='debug-eventManager-level' value=''.
10-31 16:29:41.275 D/base::Ini( 3664): [getOption] getOption name='debug-eventManager-level' value=''.
10-31 16:29:41.275 D/base::Ini( 3664): [getOption] getOption name='debug-eventManager-level' value=''.
10-31 16:29:41.275 D/base::Ini( 3664): [getOption] getOption name='debug-eventManager-level' value=''.
10-31 16:29:41.275 D/base::Ini( 3664): [getOption] getOption name='debug-eventManager-level' value=''.
10-31 16:29:41.275 D/base::Ini( 3664): [getOption] getOption name='debug-eventManager-level' value=''.
10-31 16:29:41.275 D/base::Ini( 3664): [getOption] getOption name='debug-eventManager-level' value=''.
10-31 16:29:41.370 I/AdvancedPorting-PORT_MODULE_NET( 3664): network_task while... 
10-31 16:29:41.370 I/AdvancedPorting-PORT_MODULE_NET( 3664): 0 interface name: lo
10-31 16:29:41.370 I/AdvancedPorting-PORT_MODULE_NET( 3664): 1 interface name: wlan0
10-31 16:29:41.370 I/AdvancedPorting-PORT_MODULE_NET( 3664): First interface name: lo
10-31 16:29:41.370 I/AdvancedPorting-PORT_MODULE_NET( 3664): network_task while...  net_i:1
10-31 16:29:41.370 I/AdvancedPorting-PORT_MODULE_NET( 3664): network_task while---name_interface[0]=lo
10-31 16:29:41.371 I/AdvancedPorting-PORT_MODULE_NET( 3664): network_task while---name_interface[1]=wlan0
10-31 16:29:41.371 I/AdvancedPorting-PORT_MODULE_NET( 3664): network_task while---interface_name=wlan0
10-31 16:29:41.371 I/AdvancedPorting-PORT_MODULE_NET( 3664): network_get_netlink_status(in)--if_name=wlan0
10-31 16:29:41.371 I/AdvancedPorting-PORT_MODULE_NET( 3664): net.network.isconnected = no
10-31 16:29:41.371 I/AdvancedPorting-PORT_MODULE_NET( 3664): wlan0 --network_get_netlink_status return retval=1
10-31 16:29:41.371 I/AdvancedPorting-PORT_MODULE_NET( 3664): stat = 1 last_status = 1
10-31 16:29:41.475 D/base::Ini( 3664): [getOption] getOption name='debug-eventManager-level' value=''.
10-31 16:29:41.475 D/base::Ini( 3664): [getOption] getOption name='debug-eventManager-level' value=''.
10-31 16:29:41.475 D/base::Ini( 3664): [getOption] getOption name='debug-eventManager-level' value=''.
10-31 16:29:41.475 D/base::Ini( 3664): [getOption] getOption name='debug-eventManager-level' value=''.
10-31 16:29:41.475 D/base::Ini( 3664): [getOption] getOption name='debug-eventManager-level' value=''.
10-31 16:29:41.475 D/base::Ini( 3664): [getOption] getOption name='debug-eventManager-level' value=''.
10-31 16:29:41.475 D/base::Ini( 3664): [getOption] getOption name='debug-eventManager-level' value=''.
10-31 16:29:41.475 D/base::Ini( 3664): [getOption] getOption name='debug-eventManager-level' value=''.
10-31 16:29:41.475 D/base::Ini( 3664): [getOption] getOption name='debug-eventManager-level' value=''.
10-31 16:29:41.475 D/base::Ini( 3664): [getOption] getOption name='debug-eventManager-level' value=''.
10-31 16:29:41.475 D/base::Ini( 3664): [getOption] getOption name='debug-eventManager-level' value=''.
10-31 16:29:41.475 D/base::Ini( 3664): [getOption] getOption name='debug-netdev-level' value=''.
10-31 16:29:41.475 D/base::Ini( 3664): [getOption] getOption name='debug-netdev-level' value=''.
10-31 16:29:41.475 D/base::Ini( 3664): [getOption] getOption name='debug-netdev-level' value=''.
10-31 16:29:41.475 D/base::Ini( 3664): [getOption] getOption name='debug-netdev-level' value=''.
10-31 16:29:41.485 D/base::Ini( 3664): [getOption] getOption name='debug-eventManager-level' value=''.
10-31 16:29:41.485 D/base::Ini( 3664): [getOption] getOption name='debug-eventManager-level' value=''.
10-31 16:29:41.485 D/base::Ini( 3664): [getOption] getOption name='debug-eventManager-level' value=''.
10-31 16:29:41.485 D/base::Ini( 3664): [getOption] getOption name='debug-eventManager-level' value=''.
10-31 16:29:41.485 D/base::Ini( 3664): [getOption] getOption name='debug-eventManager-level' value=''.
10-31 16:29:41.485 D/base::Ini( 3664): [getOption] getOption name='debug-eventManager-level' value=''.
10-31 16:29:41.485 D/base::Ini( 3664): [getOption] getOption name='debug-eventManager-level' value=''.
10-31 16:29:41.486 D/base::Ini( 3664): [getOption] getOption name='debug-eventManager-level' value=''.
10-31 16:29:41.486 D/base::Ini( 3664): [getOption] getOption name='debug-eventManager-level' value=''.
10-31 16:29:41.486 D/base::Ini( 3664): [getOption] getOption name='debug-eventManager-level' value=''.
10-31 16:29:41.486 D/base::Ini( 3664): [getOption] getOption name='debug-netdev-level' value=''.
10-31 16:29:41.486 D/base::Ini( 3664): [getOption] getOption name='debug-netdev-level' value=''.
10-31 16:29:41.486 D/base::Ini( 3664): [getOption] getOption name='debug-netdev-level' value=''.
10-31 16:29:41.486 D/base::Ini( 3664): [getOption] getOption name='debug-netdev-level' value=''.
10-31 16:29:41.486 D/base::Ini( 3664): [getOption] getOption name='debug-eventManager-level' value=''.
10-31 16:29:41.486 D/base::Ini( 3664): [getOption] getOption name='debug-eventManager-level' value=''.
10-31 16:29:41.486 D/base::Ini( 3664): [getOption] getOption name='debug-eventManager-level' value=''.
10-31 16:29:41.486 D/base::Ini( 3664): [getOption] getOption name='debug-eventManager-level' value=''.
10-31 16:29:41.486 D/base::Ini( 3664): [getOption] getOption name='debug-eventManager-level' value=''.
10-31 16:29:41.486 D/base::Ini( 3664): [getOption] getOption name='debug-eventManager-level' value=''.
10-31 16:29:41.486 D/base::Ini( 3664): [getOption] getOption name='debug-eventManager-level' value=''.
10-31 16:29:41.486 D/base::Ini( 3664): [getOption] getOption name='debug-eventManager-level' value=''.
10-31 16:29:41.486 D/base::Ini( 3664): [getOption] getOption name='debug-eventManager-level' value=''.
10-31 16:29:41.486 D/base::Ini( 3664): [getOption] getOption name='debug-eventManager-level' value=''.
10-31 16:29:41.486 D/base::Ini( 3664): [getOption] getOption name='debug-eventManager-level' value=''.
10-31 16:29:41.486 D/base::Ini( 3664): [getOption] getOption name='debug-eventManager-level' value=''.
10-31 16:29:41.486 D/base::Ini( 3664): [getOption] getOption name='debug-eventManager-level' value=''.
10-31 16:29:41.486 D/base::Ini( 3664): [getOption] getOption name='debug-eventManager-level' value=''.
10-31 16:29:41.486 D/base::Ini( 3664): [getOption] getOption name='debug-eventManager-level' value=''.
10-31 16:29:41.486 D/base::Ini( 3664): [getOption] getOption name='debug-eventManager-level' value=''.
10-31 16:29:41.540 D/BackBootDealerNeimeng( 2391): standbyState:
10-31 16:29:41.541 E/NetUtils( 2019): Interface eth0 LinkDown!
10-31 16:29:41.686 D/base::Ini( 3664): [getOption] getOption name='debug-eventManager-level' value=''.
10-31 16:29:41.686 D/base::Ini( 3664): [getOption] getOption name='debug-eventManager-level' value=''.
10-31 16:29:41.686 D/base::Ini( 3664): [getOption] getOption name='debug-eventManager-level' value=''.
10-31 16:29:41.686 D/base::Ini( 3664): [getOption] getOption name='debug-eventManager-level' value=''.
10-31 16:29:41.686 D/base::Ini( 3664): [getOption] getOption name='debug-eventManager-level' value=''.
10-31 16:29:41.686 D/base::Ini( 3664): [getOption] getOption name='debug-eventManager-level' value=''.
10-31 16:29:41.686 D/base::Ini( 3664): [getOption] getOption name='debug-eventManager-level' value=''.
10-31 16:29:41.686 D/base::Ini( 3664): [getOption] getOption name='debug-eventManager-level' value=''.
10-31 16:29:41.686 D/base::Ini( 3664): [getOption] getOption name='debug-eventManager-level' value=''.
10-31 16:29:41.686 D/base::Ini( 3664): [getOption] getOption name='debug-netdev-level' value=''.
10-31 16:29:41.686 D/base::Ini( 3664): [getOption] getOption name='debug-netdev-level' value=''.
10-31 16:29:41.686 D/base::Ini( 3664): [getOption] getOption name='debug-netdev-level' value=''.
10-31 16:29:41.686 D/base::Ini( 3664): [getOption] getOption name='debug-netdev-level' value=''.
10-31 16:29:41.686 D/base::Ini( 3664): [getOption] getOption name='debug-eventManager-level' value=''.
10-31 16:29:41.686 D/base::Ini( 3664): [getOption] getOption name='debug-eventManager-level' value=''.
10-31 16:29:41.697 D/base::Ini( 3664): [getOption] getOption name='debug-eventManager-level' value=''.
10-31 16:29:41.697 D/base::Ini( 3664): [getOption] getOption name='debug-eventManager-level' value=''.
10-31 16:29:41.697 D/base::Ini( 3664): [getOption] getOption name='debug-eventManager-level' value=''.
10-31 16:29:41.697 D/base::Ini( 3664): [getOption] getOption name='debug-eventManager-level' value=''.
10-31 16:29:41.697 D/base::Ini( 3664): [getOption] getOption name='debug-eventManager-level' value=''.
10-31 16:29:41.697 D/base::Ini( 3664): [getOption] getOption name='debug-eventManager-level' value=''.
10-31 16:29:41.697 D/base::Ini( 3664): [getOption] getOption name='debug-eventManager-level' value=''.
10-31 16:29:41.697 D/base::Ini( 3664): [getOption] getOption name='debug-eventManager-level' value=''.
10-31 16:29:41.697 D/base::Ini( 3664): [getOption] getOption name='debug-netdev-level' value=''.
10-31 16:29:41.697 D/base::Ini( 3664): [getOption] getOption name='debug-netdev-level' value=''.
10-31 16:29:41.697 D/base::Ini( 3664): [getOption] getOption name='debug-netdev-level' value=''.
10-31 16:29:41.697 D/base::Ini( 3664): [getOption] getOption name='debug-netdev-level' value=''.
10-31 16:29:41.697 D/base::Ini( 3664): [getOption] getOption name='debug-eventManager-level' value=''.
10-31 16:29:41.697 D/base::Ini( 3664): [getOption] getOption name='debug-eventManager-level' value=''.
10-31 16:29:41.697 D/base::Ini( 3664): [getOption] getOption name='debug-eventManager-level' value=''.
10-31 16:29:41.697 D/base::Ini( 3664): [getOption] getOption name='debug-eventManager-level' value=''.
10-31 16:29:41.697 D/base::Ini( 3664): [getOption] getOption name='debug-eventManager-level' value=''.
10-31 16:29:41.697 D/base::Ini( 3664): [getOption] getOption name='debug-eventManager-level' value=''.
10-31 16:29:41.697 D/base::Ini( 3664): [getOption] getOption name='debug-eventManager-level' value=''.
10-31 16:29:41.697 D/base::Ini( 3664): [getOption] getOption name='debug-eventManager-level' value=''.
10-31 16:29:41.698 D/base::Ini( 3664): [getOption] getOption name='debug-eventManager-level' value=''.
10-31 16:29:41.698 D/base::Ini( 3664): [getOption] getOption name='debug-eventManager-level' value=''.
10-31 16:29:41.698 D/base::Ini( 3664): [getOption] getOption name='debug-eventManager-level' value=''.
10-31 16:29:41.698 D/base::Ini( 3664): [getOption] getOption name='debug-eventManager-level' value=''.
10-31 16:29:41.698 D/base::Ini( 3664): [getOption] getOption name='debug-eventManager-level' value=''.
10-31 16:29:41.698 D/base::Ini( 3664): [getOption] getOption name='debug-eventManager-level' value=''.
10-31 16:29:41.698 D/base::Ini( 3664): [getOption] getOption name='debug-eventManager-level' value=''.
10-31 16:29:41.698 D/base::Ini( 3664): [getOption] getOption name='debug-eventManager-level' value=''.
10-31 16:29:41.698 D/base::Ini( 3664): [getOption] getOption name='debug-eventManager-level' value=''.
10-31 16:29:41.698 D/base::Ini( 3664): [getOption] getOption name='debug-eventManager-level' value=''.
10-31 16:29:41.744 D/ir_user ( 1587): PlayerTimeLineTrace:linux_keycode:0x66(DOWN),	protocol: .
10-31 16:29:41.745 V/PT      ( 1583): >>INFO:irkey_task:[    2080.436515] /dev/input/event0: type=0001 code=0066 val=00000001
10-31 16:29:41.745 V/PT      ( 1583): >> HI3798C_ERRO:irkey_send-310- 
10-31 16:29:41.745 V/PT      ( 1583): unkown key=0x66
10-31 16:29:41.745 V/PT      ( 1583): >>INFO:irkey_send:0x3001 0x108e down
10-31 16:29:41.745 V/SUMA    ( 1583): ++++++++++++++  _roc_evtmgr_key_cbk 517:input = 12289, event=4238, act=0x100
10-31 16:29:41.745 V/SUMA    ( 1583): lxm:_roc_evtmgr_key_cbk 519 2080436
10-31 16:29:41.745 V/SUMA    ( 1583): lxm:_roc_evtmgr_add_evt_into_queue 347 2080437
10-31 16:29:41.745 V/SUMA    ( 1583): ===================>> type=0 src=0 evt=4238 act=0x100
10-31 16:29:41.745 V/PT      ( 1583): >>INFO:irkey_task:[    2080.436515] /dev/input/event0: type=0000 code=0000 val=00000000
10-31 16:29:41.745 V/SUMA    ( 1583): [sysset-s][event_manager_cbk 78]lxm cbid=1, cbk_reg=1, cpid=2457
10-31 16:29:41.746 D/NGBEvent( 2457): ngbEventCallBack type:0 source :4238
10-31 16:29:41.746 D/NGBEvent( 2457): [NGBEventManager-JNI]-returning:1
10-31 16:29:41.746 D/NGBEvent( 2457): Input key event: keyCode=4238
10-31 16:29:41.746 D/NGBEvent( 2457): src:4238 = dest:4238
10-31 16:29:41.746 I/System.out( 2457): [DEBUG EventManager] LWJ--Add event to java with evt=NgbEvent-[type = 1, subtype = 401, code = 4238]
10-31 16:29:41.746 D/NGBEvent( 2457): [NGBEvent_log]--[EventManager--JNI]:		start
10-31 16:29:41.746 I/System.out( 2457): [DEBUG EventManager] broadcastEvent  :len 1
10-31 16:29:41.746 D/CombineKeyUtil( 2457): [TN_pool-1-thread-1]dealKeyEvent,combineIndex:-1:keyCode:0
10-31 16:29:41.746 D/KeyEventNgbDealer( 2457): [TN_pool-1-thread-1]handleKeyPressed keyEvent=NgbEvent-[type = 1, subtype = 401, code = 4238],time=2080438
10-31 16:29:41.898 D/base::Ini( 3664): [getOption] getOption name='debug-eventManager-level' value=''.
10-31 16:29:41.898 D/base::Ini( 3664): [getOption] getOption name='debug-eventManager-level' value=''.
10-31 16:29:41.898 D/base::Ini( 3664): [getOption] getOption name='debug-eventManager-level' value=''.
10-31 16:29:41.898 D/base::Ini( 3664): [getOption] getOption name='debug-eventManager-level' value=''.
10-31 16:29:41.898 D/base::Ini( 3664): [getOption] getOption name='debug-eventManager-level' value=''.
10-31 16:29:41.898 D/base::Ini( 3664): [getOption] getOption name='debug-eventManager-level' value=''.
10-31 16:29:41.898 D/base::Ini( 3664): [getOption] getOption name='debug-eventManager-level' value=''.
10-31 16:29:41.898 D/base::Ini( 3664): [getOption] getOption name='debug-eventManager-level' value=''.
10-31 16:29:41.898 D/base::Ini( 3664): [getOption] getOption name='debug-eventManager-level' value=''.
10-31 16:29:41.898 D/base::Ini( 3664): [getOption] getOption name='debug-netdev-level' value=''.
10-31 16:29:41.899 D/base::Ini( 3664): [getOption] getOption name='debug-netdev-level' value=''.
10-31 16:29:41.899 D/base::Ini( 3664): [getOption] getOption name='debug-netdev-level' value=''.
10-31 16:29:41.899 D/base::Ini( 3664): [getOption] getOption name='debug-netdev-level' value=''.
10-31 16:29:41.899 D/base::Ini( 3664): [getOption] getOption name='debug-eventManager-level' value=''.
10-31 16:29:41.899 D/base::Ini( 3664): [getOption] getOption name='debug-eventManager-level' value=''.
10-31 16:29:41.899 D/base::Ini( 3664): [getOption] getOption name='debug-eventManager-level' value=''.
10-31 16:29:41.899 D/base::Ini( 3664): [getOption] getOption name='debug-eventManager-level' value=''.
10-31 16:29:41.899 D/base::Ini( 3664): [getOption] getOption name='debug-netdev-level' value=''.
10-31 16:29:41.899 D/base::Ini( 3664): [getOption] getOption name='debug-netdev-level' value=''.
10-31 16:29:41.899 D/base::Ini( 3664): [getOption] getOption name='debug-netdev-level' value=''.
10-31 16:29:41.899 D/base::Ini( 3664): [getOption] getOption name='debug-netdev-level' value=''.
10-31 16:29:41.899 D/base::Ini( 3664): [getOption] getOption name='debug-eventManager-level' value=''.
10-31 16:29:41.899 D/base::Ini( 3664): [getOption] getOption name='debug-eventManager-level' value=''.
10-31 16:29:41.899 D/base::Ini( 3664): [getOption] getOption name='debug-eventManager-level' value=''.
10-31 16:29:41.899 D/base::Ini( 3664): [getOption] getOption name='debug-eventManager-level' value=''.
10-31 16:29:41.899 D/base::Ini( 3664): [getOption] getOption name='debug-eventManager-level' value=''.
10-31 16:29:41.899 D/base::Ini( 3664): [getOption] getOption name='debug-eventManager-level' value=''.
10-31 16:29:41.899 D/base::Ini( 3664): [getOption] getOption name='debug-eventManager-level' value=''.
10-31 16:29:41.899 D/base::Ini( 3664): [getOption] getOption name='debug-eventManager-level' value=''.
10-31 16:29:41.899 D/base::Ini( 3664): [getOption] getOption name='debug-eventManager-level' value=''.
10-31 16:29:41.899 D/base::Ini( 3664): [getOption] getOption name='debug-eventManager-level' value=''.
10-31 16:29:41.899 D/base::Ini( 3664): [getOption] getOption name='debug-eventManager-level' value=''.
10-31 16:29:41.900 D/base::Ini( 3664): [getOption] getOption name='debug-eventManager-level' value=''.
10-31 16:29:41.900 D/base::Ini( 3664): [getOption] getOption name='debug-eventManager-level' value=''.
10-31 16:29:41.900 D/base::Ini( 3664): [getOption] getOption name='debug-eventManager-level' value=''.
10-31 16:29:41.900 D/base::Ini( 3664): [getOption] getOption name='debug-eventManager-level' value=''.
10-31 16:29:41.900 D/base::Ini( 3664): [getOption] getOption name='debug-eventManager-level' value=''.
10-31 16:29:41.954 D/ir_user ( 1587): PlayerTimeLineTrace:linux_keycode:0x66(UP),	protocol: .
10-31 16:29:41.954 V/PT      ( 1583): >>INFO:irkey_task:[    2080.646123] /dev/input/event0: type=0001 code=0066 val=00000000
10-31 16:29:41.954 V/PT      ( 1583): >> HI3798C_ERRO:irkey_send-310- 
10-31 16:29:41.954 V/PT      ( 1583): unkown key=0x66
10-31 16:29:41.954 V/PT      ( 1583): >>INFO:irkey_send:0x3001 0x108e up  
10-31 16:29:41.954 V/SUMA    ( 1583): ++++++++++++++  _roc_evtmgr_key_cbk 517:input = 12289, event=4238, act=0x400
10-31 16:29:41.954 V/SUMA    ( 1583): lxm:_roc_evtmgr_key_cbk 519 2080646
10-31 16:29:41.955 V/SUMA    ( 1583): lxm:_roc_evtmgr_add_key_into_queue 311 2080646
10-31 16:29:41.955 V/PT      ( 1583): >>INFO:irkey_task:[    2080.646123] /dev/input/event0: type=0000 code=0000 val=00000000
10-31 16:29:41.955 V/SUMA    ( 1583): ===================>> type=0 src=0 evt=4238 act=0x400
10-31 16:29:41.955 V/SUMA    ( 1583): [sysset-s][event_manager_cbk 78]lxm cbid=1, cbk_reg=1, cpid=2457
10-31 16:29:41.955 D/NGBEvent( 2457): ngbEventCallBack type:0 source :4238
10-31 16:29:41.955 D/NGBEvent( 2457): [NGBEventManager-JNI]-returning:1
10-31 16:29:41.956 D/NGBEvent( 2457): Input key event: keyCode=4238
10-31 16:29:41.956 D/NGBEvent( 2457): src:4238 = dest:4238
10-31 16:29:41.956 I/System.out( 2457): [DEBUG EventManager] LWJ--Add event to java with evt=NgbEvent-[type = 1, subtype = 402, code = 4238]
10-31 16:29:41.956 D/NGBEvent( 2457): [NGBEvent_log]--[EventManager--JNI]:		start
10-31 16:29:41.956 I/System.out( 2457): [DEBUG EventManager] broadcastEvent  :len 1
10-31 16:29:41.956 D/KeyEventNgbDealer( 2457): [TN_pool-1-thread-1]handleKeyReleased keyEvent=NgbEvent-[type = 1, subtype = 402, code = 4238],time=2080648
10-31 16:29:41.958 D/HomeReceiver( 2391): [TN_main]onReceive context=com.suma.midware.back.BackService@22d5d4b5,intent=Intent { act=android.intent.action.CLOSE_SYSTEM_DIALOGS flg=0x50000010 (has extras) },action=android.intent.action.CLOSE_SYSTEM_DIALOGS
10-31 16:29:41.958 D/HomeReceiver( 2391): [TN_main]onReceive reason=homekey
10-31 16:29:41.958 E/HomeReceiver( 2391): [TN_main]onReceive home key down
10-31 16:29:41.959 D/HomeReceiver( 2498): [TN_main]onReceive context=com.suma.midware.home.third.Main3DActivity@46ab53e,intent=Intent { act=android.intent.action.CLOSE_SYSTEM_DIALOGS flg=0x50000010 (has extras) },action=android.intent.action.CLOSE_SYSTEM_DIALOGS
10-31 16:29:41.959 D/HomeReceiver( 2498): [TN_main]onReceive reason=homekey
10-31 16:29:41.960 W/Main3DActivity( 2498): [TN_main]11111onReceive home key down,appStartMode:0
10-31 16:29:41.960 I/ActivityManager( 2019): Force stopping com.android.browser appid=10010 user=0: from pid 2391
10-31 16:29:41.960 E/HomeReceiver( 2498): [TN_main]onReceive home key down
10-31 16:29:41.960 E/PlayActivity( 3024): action:android.intent.action.CLOSE_SYSTEM_DIALOGS,reason:homekey
10-31 16:29:41.963 I/ActivityManager( 2019): START u0 {act=android.intent.action.MAIN cat=[android.intent.category.HOME] flg=0x10200000 cmp=com.suma.midware.home/.third.Main3DActivity} from uid 1000 on display 0
10-31 16:29:41.965 D/BackBootDealerNeimeng( 2391): handleHomeKey isRunning:false
10-31 16:29:41.965 D/HomeReceiver( 2391): [TN_main]onReceive context=com.suma.midware.back.BackApplication@a6b03dd,intent=Intent { act=android.intent.action.CLOSE_SYSTEM_DIALOGS flg=0x50000010 (has extras) },action=android.intent.action.CLOSE_SYSTEM_DIALOGS
10-31 16:29:41.965 D/HomeReceiver( 2391): [TN_main]onReceive reason=homekey
10-31 16:29:41.965 E/HomeReceiver( 2391): [TN_main]onReceive home key down
10-31 16:29:41.978 D/BrowserActivity( 3664): onPause start
10-31 16:29:41.978 D/browser.cc( 3664): [OnPause] 
10-31 16:29:41.978 D/PortingBridge( 3664): porting_bridge_on_pause---0
10-31 16:29:41.978 D/base::Ini( 3664): [getOption] getOption name='debug-control-level' value=''.
10-31 16:29:41.978 I/Advanced( 3664): [middleware] ipanel_middleware_message_post type=257,wParam=5780,lParam=1011
10-31 16:29:41.978 I/AdvancedPorting-PORT_MODULE_MEDIAPLAYER( 3664): [PORTING][ipanel_porting_mediaplayer_standby] CALLED
10-31 16:29:41.978 I/AdvancedPorting-PORT_MODULE_MEDIAPLAYER( 3664): [PORTING][ipanel_porting_mediaplayer_standby] END
10-31 16:29:41.978 D/base::Ini( 3664): [getOption] getOption name='debug-control-level' value=''.
10-31 16:29:41.978 I/Advanced( 3664): [middleware] ipanel_middleware_message_post type=257,wParam=5785,lParam=0
10-31 16:29:41.978 D/webcoreBridge( 3664): #3700 execJS frameName='eventFrame' jscore='iPanel.dispatchMessage(32774,5780,1011);'
10-31 16:29:41.978 D/webcoreBridge( 3664): execJS-->frame:0x2da21a48 focusFrame=0x2da2c0a8 focusFrame.script=0x43ec6918
10-31 16:29:41.978 D/webcoreBridge( 3664): execJS-->executeScript frame=0x2da21a48 script=0x43ec1988
10-31 16:29:41.978 D/ScriptController( 3664): [executeScriptAndReturnValue] [V8] evaluate Script start. frame=0x2da21a48 url= line=1. source length=40
10-31 16:29:41.978 I/cr_AwContents( 3664): org.chromium.android_webview.AwContents@3b71f97f onPause
10-31 16:29:41.978 D/iPanel  ( 3664): iPanel.debug("dispatchMessage:msg: 32774,5780,1011")
10-31 16:29:41.978 D/iPanel  ( 3664): get getFocusedOrMainFrame
10-31 16:29:41.978 D/BrowserActivity( 3664): onPause end
10-31 16:29:41.978 D/iPanel  ( 3664): getFrameByName 'eventFrame' frame=0x2da21a48 window=0x2da226f8
10-31 16:29:41.978 D/iPanel  ( 3664): getFrameByName 'mainFrame' frame=0x2da2c0a8 window=0x2db38758
10-31 16:29:41.978 D/iPanel  ( 3664): iPanel.debug("dispatchMessage:iPanel.getFocusedOrMainFrame = http://10.14.41.246/application/bxfc/index.htm?backUrl=http%3A%2F%2F10.14.41.246%2Fapplication%2FgoBack.html")
10-31 16:29:41.978 D/iPanel  ( 3664): iPanel.debug("dispatchMessage:frame num: 2, keyEvent:system")
10-31 16:29:41.978 D/iPanel  ( 3664): iPanel.debug("dispatchMessage:#2. proc event 5780. url: http://10.14.41.246/application/bxfc/index.htm?backUrl=http%3A%2F%2F10.14.41.246%2Fapplication%2FgoBack.html")
10-31 16:29:41.978 D/iPanel  ( 3664): iPanel.debug("w=[object Window], document=[object HTMLDocument], keyCode=5780, modifiers=1011, keyEvent=system")
10-31 16:29:41.978 D/iPanel  ( 3664): iPanel.debug("onsystemevent is not listening")
10-31 16:29:41.978 D/iPanel  ( 3664): iPanel.debug("dispatchMessage:#1. proc event 5780. url: ui:///eventpage.htm?ipanelcmd-name=eventFrame&script=ui:///ipanel.js")
10-31 16:29:41.978 D/iPanel  ( 3664): iPanel.debug("w=[object Window], document=[object HTMLDocument], keyCode=5780, modifiers=1011, keyEvent=system")
10-31 16:29:41.979 D/iPanel  ( 3664): iPanel.debug("eventpage grabEvent")
10-31 16:29:41.979 D/iPanel  ( 3664): getFrameByName 'mainFrame' frame=0x2da2c0a8 window=0x2db38758
10-31 16:29:41.979 D/iPanel  ( 3664): iPanel.debug("--zjh-- url = http://10.14.41.246/application/bxfc/index.htm?backUrl=http%3A%2F%2F10.14.41.246%2Fapplication%2FgoBack.html  keycode = 5780")
10-31 16:29:41.979 D/iPanel  ( 3664): iPanel.debug("eventpage.htm args.type==false")
10-31 16:29:41.979 D/iPanel  ( 3664): iPanel.debug("eventpage grabEvent eventObj==[object Object]")
10-31 16:29:41.979 D/iPanel  ( 3664): iPanel.debug("eventpage eventObj.code = EIS_OTHER_APP_MESSAGE_OPEN")
10-31 16:29:41.979 D/iPanel  ( 3664): iPanel.debug("eventpage keyValue = 5780--p2:1011")
10-31 16:29:41.979 D/ChromeClientImpl( 3664): [addMessageToConsole] [LOG:CONSOLE(643)] "eventHandler---keycode==5780,p2=1011", source:ui:///mediaPlayer.js (643)
10-31 16:29:41.979 D/iPanel  ( 3664): iPanel.debug("ret: 0")
10-31 16:29:41.979 D/iPanel  ( 3664): iPanel.debug("dispatchMessage:end")
10-31 16:29:41.979 D/ScriptController( 3664): [executeScriptAndReturnValue] [V8] evaluate Script end. frame=0x2da21a48 
10-31 16:29:41.979 D/webcoreBridge( 3664): execJS-->executeScript frame=0x2da21a48 end.
10-31 16:29:41.979 D/webcoreBridge( 3664): #3700 execJS frameName='eventFrame' jscore='iPanel.dispatchMessage(32774,5785,0);'
10-31 16:29:41.979 D/webcoreBridge( 3664): execJS-->frame:0x2da21a48 focusFrame=0x2da2c0a8 focusFrame.script=0x43ec6918
10-31 16:29:41.979 D/webcoreBridge( 3664): execJS-->executeScript frame=0x2da21a48 script=0x43ec1988
10-31 16:29:41.979 D/ScriptController( 3664): [executeScriptAndReturnValue] [V8] evaluate Script start. frame=0x2da21a48 url= line=1. source length=37
10-31 16:29:41.979 D/iPanel  ( 3664): iPanel.debug("dispatchMessage:msg: 32774,5785,0")
10-31 16:29:41.979 D/iPanel  ( 3664): get getFocusedOrMainFrame
10-31 16:29:41.979 D/iPanel  ( 3664): getFrameByName 'eventFrame' frame=0x2da21a48 window=0x2da226f8
10-31 16:29:41.979 D/iPanel  ( 3664): getFrameByName 'mainFrame' frame=0x2da2c0a8 window=0x2db38758
10-31 16:29:41.979 D/iPanel  ( 3664): iPanel.debug("dispatchMessage:iPanel.getFocusedOrMainFrame = http://10.14.41.246/application/bxfc/index.htm?backUrl=http%3A%2F%2F10.14.41.246%2Fapplication%2FgoBack.html")
10-31 16:29:41.979 D/iPanel  ( 3664): iPanel.debug("dispatchMessage:frame num: 2, keyEvent:system")
10-31 16:29:41.979 D/iPanel  ( 3664): iPanel.debug("dispatchMessage:#2. proc event 5785. url: http://10.14.41.246/application/bxfc/index.htm?backUrl=http%3A%2F%2F10.14.41.246%2Fapplication%2FgoBack.html")
10-31 16:29:41.980 D/iPanel  ( 3664): iPanel.debug("w=[object Window], document=[object HTMLDocument], keyCode=5785, modifiers=0, keyEvent=system")
10-31 16:29:41.980 D/iPanel  ( 3664): iPanel.debug("onsystemevent is not listening")
10-31 16:29:41.980 D/iPanel  ( 3664): iPanel.debug("dispatchMessage:#1. proc event 5785. url: ui:///eventpage.htm?ipanelcmd-name=eventFrame&script=ui:///ipanel.js")
10-31 16:29:41.980 D/iPanel  ( 3664): iPanel.debug("w=[object Window], document=[object HTMLDocument], keyCode=5785, modifiers=0, keyEvent=system")
10-31 16:29:41.980 D/iPanel  ( 3664): iPanel.debug("eventpage grabEvent")
10-31 16:29:41.980 D/iPanel  ( 3664): getFrameByName 'mainFrame' frame=0x2da2c0a8 window=0x2db38758
10-31 16:29:41.980 D/iPanel  ( 3664): iPanel.debug("--zjh-- url = http://10.14.41.246/application/bxfc/index.htm?backUrl=http%3A%2F%2F10.14.41.246%2Fapplication%2FgoBack.html  keycode = 5785")
10-31 16:29:41.980 D/iPanel  ( 3664): iPanel.debug("eventpage.htm args.type==true")
10-31 16:29:41.980 D/iPanel  ( 3664): iPanel.debug("eventpage grabEvent eventObj==[object Object]")
10-31 16:29:41.980 D/iPanel  ( 3664): iPanel.debug("eventpage eventObj.code = EIS_APP_PAUSE")
10-31 16:29:41.980 D/iPanel  ( 3664): iPanel.debug("eventpage keyValue = 5785--p2:0")
10-31 16:29:41.980 D/ChromeClientImpl( 3664): [addMessageToConsole] [LOG:CONSOLE(643)] "eventHandler---keycode==5785,p2=0", source:ui:///mediaPlayer.js (643)
10-31 16:29:41.980 D/iPanel  ( 3664): iPanel.debug("ret: 0")
10-31 16:29:41.980 D/iPanel  ( 3664): iPanel.debug("dispatchMessage:end")
10-31 16:29:41.980 D/ScriptController( 3664): [executeScriptAndReturnValue] [V8] evaluate Script end. frame=0x2da21a48 
10-31 16:29:41.980 D/webcoreBridge( 3664): execJS-->executeScript frame=0x2da21a48 end.
10-31 16:29:41.980 D/[cc]beginFrameSource( 3664): [AddObserver] ExternalBeginFrameSource::AddObserver
10-31 16:29:41.994 D/Main3DActivity( 2498): [TN_main]onNewIntent time=2080685,intent=Intent { act=android.intent.action.MAIN cat=[android.intent.category.HOME] flg=0x10600000 cmp=com.suma.midware.home/.third.Main3DActivity }
10-31 16:29:41.994 D/BaseApplication( 2498): [TN_main]onActivityStarted activity=com.suma.midware.home.third.Main3DActivity@46ab53e
10-31 16:29:41.994 D/Main3DActivity( 2498): [TN_main]onStart time=2080686
10-31 16:29:41.994 E/FlyAndWeatherUpdate( 2498): [TN_main]spflyWord is empty
10-31 16:29:41.994 D/HomeFlyWord( 2498): [TN_main]startScrollView delay=2000
10-31 16:29:41.995 W/HomeFlyWord( 2498): [TN_main]startScrollView scrollView null
10-31 16:29:41.995 D/Main3DActivity( 2498): [TN_main]onResume time=2080686,isFirst=false
10-31 16:29:41.995 D/BaseApplication( 2498): [TN_main]onActivityResumed activity=com.suma.midware.home.third.Main3DActivity@46ab53e
10-31 16:29:41.995 D/PlayExcuter( 2498): [TN_main]notifyPlay type=9,curType=-2,cancelType=3,cancelVideoType=1,isResetData=true,task=null,this.task=[PlayDirectTask@352e42bd]playTaskType[1]playType[0]playerType[-1]isEcmSet[false]playerIndex[0]tunerIndex[0]channel[[DirectChannel@32501b]channelID[0]oNetID[1]tsID[31]serviceID[3102]freq[371000]name[CCTV-1高清]serviceType[8]attr[24576]serialNum[1]serialNum4[1]pcrPID[49]refServiceID[-1]],indexs=null
10-31 16:29:41.995 D/PlayExcuter( 2498): [TN_main]releasePlayer curType=-2,cancelType=3,task=[PlayDirectTask@352e42bd]playTaskType[1]playType[0]playerType[-1]isEcmSet[false]playerIndex[0]tunerIndex[0]channel[[DirectChannel@32501b]channelID[0]oNetID[1]tsID[31]serviceID[3102]freq[371000]name[CCTV-1高清]serviceType[8]attr[24576]serialNum[1]serialNum4[1]pcrPID[49]refServiceID[-1]]
10-31 16:29:41.995 D/PlayBaseDealer( 2391): [TN_Binder_1]releasePlayers cancelType=3,videoType=1,isResetData=true,curPlayerIndex=-1,isCheckPID=false
10-31 16:29:41.995 D/PlayBaseDealer( 2391): [TN_Binder_1]releasePlayers size=1
10-31 16:29:41.995 D/PlayNgbDealer( 2391): [TN_Binder_1]findPlayer index=0,findType=0,channelIndex=0
10-31 16:29:41.995 E/PlayNgbDealer( 2391): [TN_Binder_1]releasePlayer index=0 player is null
10-31 16:29:41.995 D/PlayerManager( 2498): [TN_main]cancelPlayTask cancleType=3,cancelVideoType=1,isResetData=true,isCheckPID=false,state=0,indexs=null
10-31 16:29:41.995 D/DataBaseManager( 2498): [TN_main]getAttrList comparatorMode=-1,comparatorType=-1,termType=10
10-31 16:29:41.996 D/DataBaseManager( 2498): [TN_main]getAttrList comparatorMode=-1,comparatorType=-1,termType=10
10-31 16:29:41.996 D/DataBaseManager( 2498): [TN_main]getAttrList comparatorMode=-1,comparatorType=-1,termType=10
10-31 16:29:41.996 D/DataBaseManager( 2498): [TN_main]getAttrList comparatorMode=-1,comparatorType=-1,termType=10
10-31 16:29:41.996 D/DataBaseManager( 2498): [TN_main]getAttrList comparatorMode=-1,comparatorType=-1,termType=10
10-31 16:29:41.996 D/DataBaseManager( 2498): [TN_main]getAttrList comparatorMode=-1,comparatorType=-1,termType=10
10-31 16:29:41.996 D/DataBaseManager( 2498): [TN_main]getAttrList comparatorMode=-1,comparatorType=-1,termType=10
10-31 16:29:41.997 D/DataBaseManager( 2498): [TN_main]getAttrList comparatorMode=-1,comparatorType=-1,termType=10
10-31 16:29:41.997 D/DataBaseManager( 2498): [TN_main]getAttrList comparatorMode=-1,comparatorType=-1,termType=10
10-31 16:29:41.997 D/DataBaseManager( 2498): [TN_main]getAttrList comparatorMode=-1,comparatorType=-1,termType=10
10-31 16:29:41.997 D/DataBaseManager( 2498): [TN_main]getAttrList comparatorMode=-1,comparatorType=-1,termType=10
10-31 16:29:41.997 D/DataBaseManager( 2498): [TN_main]getAttrList comparatorMode=-1,comparatorType=-1,termType=10
10-31 16:29:41.998 D/DataBaseManager( 2498): [TN_main]getAttrList comparatorMode=-1,comparatorType=-1,termType=10
10-31 16:29:41.998 D/DataBaseManager( 2498): [TN_main]getAttrList comparatorMode=-1,comparatorType=-1,termType=5
10-31 16:29:42.000 D/DataBase( 2391): [TN_Binder_3]getCurChannel index=0,lastChannelNum=2,database=com.suma.midware.back.database.neimeng.DirectDataBaseNeimeng@20ebee0a
10-31 16:29:42.000 D/DataBase( 2391): [TN_Binder_3]getCurChannel index=0,curChannel=[DirectChannel@32501b]channelID[0]oNetID[1]tsID[31]serviceID[3102]freq[371000]name[CCTV-1高清]serviceType[8]attr[24576]serialNum[1]serialNum4[1]pcrPID[49]refServiceID[-1]
10-31 16:29:42.001 D/ChannelHandler( 2498): [TN_main]update curChannel=[DirectChannel@32501b]channelID[0]oNetID[1]tsID[31]serviceID[3102]freq[371000]name[CCTV-1高清]serviceType[8]attr[24576]serialNum[1]serialNum4[1]pcrPID[49]refServiceID[-1]
10-31 16:29:42.001 D/SysEventHandler( 2391): [TN_Binder_4]addEventListener binder=android.os.BinderProxy@2e59e758
10-31 16:29:42.001 D/DataBaseHandler( 2391): [TN_Binder_2]addDataListener binder=android.os.BinderProxy@26d480b1
10-31 16:29:42.001 D/PlayerHandler( 2391): [TN_Binder_1]addPlayListener binder=android.os.BinderProxy@196e996
10-31 16:29:42.004 D/ChannelHandler( 2498): [TN_main]start userChannelinfo=
10-31 16:29:42.005 W/ContextImpl( 2498): Calling a method in the system process without a qualified user: android.app.ContextImpl.sendBroadcast:1345 android.content.ContextWrapper.sendBroadcast:377 com.suma.midware.view.ext.BluetoothUpdate.b:-1 com.suma.midware.home.third.Main3DActivity.onResume:-1 android.app.Instrumentation.callActivityOnResume:1257 
10-31 16:29:42.006 E/NetUtils( 2019): Interface eth0 LinkDown!
10-31 16:29:42.007 D/NetUpdate( 2498): [TN_main]checkNetState state=1
10-31 16:29:42.007 D/Main3DActivity( 2498): [TN_main]onResume curPanel=com.suma.midware.home.third.a.a@395c748b,intent=Intent { act=android.intent.action.MAIN cat=[android.intent.category.HOME] flg=0x10600000 cmp=com.suma.midware.home/.third.Main3DActivity },appStartMode=0
10-31 16:29:42.007 D/GLRootView( 2498): doAction isPause:false:isCreated:true:isPaused:false
10-31 16:29:42.007 D/SoundAndroidAdmin( 2391): [TN_Binder_3]isMute state=false
10-31 16:29:42.009 D/Main3DActivity( 2498): [TN_main]onResume endTime=2080701,isEventDeal=true
10-31 16:29:42.010 W/ContextImpl( 2498): Calling a method in the system process without a qualified user: android.app.ContextImpl.sendBroadcast:1345 android.content.ContextWrapper.sendBroadcast:377 android.app.ActivityThread.performResumeActivity:2982 android.app.ActivityThread.handleResumeActivity:3023 android.app.ActivityThread$H.handleMessage:1347 
10-31 16:29:42.017 D/GLRootView( 2498): surfaceCreated holder:android.view.SurfaceView$4@c42406f
10-31 16:29:42.018 D/SUMA_ENGINE3d( 2498):  thread[GLThread 74] onSurfaceChanged w: 1280, h : 720
10-31 16:29:42.019 D/SUMA_ENGINE3d( 2498):  thread[GLThread 74] onSurfaceChanged startModeTime:2080710
10-31 16:29:42.019 D/SUMA_ENGINE3d( 2498):  thread[GLThread 74] onSurfaceChanged endTime:2080711
10-31 16:29:42.023 D/BasicRootPanel( 2498): [TN_GLThread 74]updateMultiState type=1,state=1
