--------- beginning of system
11-13 09:58:06.924 W/ContextImpl( 2404): Calling a method in the system process without a qualified user: android.app.ContextImpl.sendBroadcast:1345 android.content.ContextWrapper.sendBroadcast:377 com.suma.midware.back.esg.e.f:-1 com.suma.midware.back.esg.f.run:-1 com.suma.midware.prop.util.c.run:-1 
11-13 09:59:09.990 W/ContextImpl( 2404): Calling a method in the system process without a qualified user: android.app.ContextImpl.sendBroadcast:1345 android.content.ContextWrapper.sendBroadcast:377 com.suma.midware.back.esg.e.f:-1 com.suma.midware.back.esg.f.run:-1 com.suma.midware.prop.util.c.run:-1 
11-13 09:59:10.992 W/ContextImpl( 2404): Calling a method in the system process without a qualified user: android.app.ContextImpl.sendBroadcast:1345 android.content.ContextWrapper.sendBroadcast:377 com.suma.midware.back.esg.e.f:-1 com.suma.midware.back.esg.f.run:-1 com.suma.midware.prop.util.c.run:-1 
11-13 09:59:11.994 W/ContextImpl( 2404): Calling a method in the system process without a qualified user: android.app.ContextImpl.sendBroadcast:1345 android.content.ContextWrapper.sendBroadcast:377 com.suma.midware.back.esg.e.f:-1 com.suma.midware.back.esg.f.run:-1 com.suma.midware.prop.util.c.run:-1 
11-13 09:59:34.200 I/ActivityManager( 2033): Process com.sumavision.admindm (pid 2696) has died
11-13 09:59:34.226 D/WifiService( 2033): Client connection lost with reason: 4
11-13 09:59:34.255 W/ActivityManager( 2033): Scheduling restart of crashed service com.sumavision.admindm/.Session in 1000ms
11-13 09:59:34.259 I/ActivityManager( 2033): Process com.android.keychain (pid 2671) has died
11-13 09:59:34.260 I/ActivityManager( 2033): Process com.android.externalstorage (pid 2237) has died
11-13 09:59:35.273 I/ActivityManager( 2033): Start proc 6849:com.sumavision.admindm/1000 for service com.sumavision.admindm/.Session
11-13 09:59:35.482 W/ContextImpl( 6849): Calling a method in the system process without a qualified user: android.app.ContextImpl.bindService:1774 android.content.ContextWrapper.bindService:539 com.suma.midware.prop.i.c:-1 com.suma.midware.prop.i.a:-1 com.sumavision.b.a.<init>:-1 
11-13 09:59:45.618 D/WifiService( 2033): New client listening to asynchronous messages
11-13 10:00:15.045 W/ContextImpl( 2404): Calling a method in the system process without a qualified user: android.app.ContextImpl.sendBroadcast:1345 android.content.ContextWrapper.sendBroadcast:377 com.suma.midware.back.esg.e.f:-1 com.suma.midware.back.esg.f.run:-1 com.suma.midware.prop.util.c.run:-1 
11-13 10:00:16.049 W/ContextImpl( 2404): Calling a method in the system process without a qualified user: android.app.ContextImpl.sendBroadcast:1345 android.content.ContextWrapper.sendBroadcast:377 com.suma.midware.back.esg.e.f:-1 com.suma.midware.back.esg.f.run:-1 com.suma.midware.prop.util.c.run:-1 
11-13 10:00:17.050 W/ContextImpl( 2404): Calling a method in the system process without a qualified user: android.app.ContextImpl.sendBroadcast:1345 android.content.ContextWrapper.sendBroadcast:377 com.suma.midware.back.esg.e.f:-1 com.suma.midware.back.esg.f.run:-1 com.suma.midware.prop.util.c.run:-1 
11-13 10:01:20.084 W/ContextImpl( 2404): Calling a method in the system process without a qualified user: android.app.ContextImpl.sendBroadcast:1345 android.content.ContextWrapper.sendBroadcast:377 com.suma.midware.back.esg.e.f:-1 com.suma.midware.back.esg.f.run:-1 com.suma.midware.prop.util.c.run:-1 
11-13 10:01:21.087 W/ContextImpl( 2404): Calling a method in the system process without a qualified user: android.app.ContextImpl.sendBroadcast:1345 android.content.ContextWrapper.sendBroadcast:377 com.suma.midware.back.esg.e.f:-1 com.suma.midware.back.esg.f.run:-1 com.suma.midware.prop.util.c.run:-1 
11-13 10:01:22.090 W/ContextImpl( 2404): Calling a method in the system process without a qualified user: android.app.ContextImpl.sendBroadcast:1345 android.content.ContextWrapper.sendBroadcast:377 com.suma.midware.back.esg.e.f:-1 com.suma.midware.back.esg.f.run:-1 com.suma.midware.prop.util.c.run:-1 
11-13 10:02:01.226 I/UsageStatsService( 2033): User[0] Flushing usage stats to disk
11-13 10:02:25.138 W/ContextImpl( 2404): Calling a method in the system process without a qualified user: android.app.ContextImpl.sendBroadcast:1345 android.content.ContextWrapper.sendBroadcast:377 com.suma.midware.back.esg.e.f:-1 com.suma.midware.back.esg.f.run:-1 com.suma.midware.prop.util.c.run:-1 
11-13 10:02:26.140 W/ContextImpl( 2404): Calling a method in the system process without a qualified user: android.app.ContextImpl.sendBroadcast:1345 android.content.ContextWrapper.sendBroadcast:377 com.suma.midware.back.esg.e.f:-1 com.suma.midware.back.esg.f.run:-1 com.suma.midware.prop.util.c.run:-1 
11-13 10:02:27.144 W/ContextImpl( 2404): Calling a method in the system process without a qualified user: android.app.ContextImpl.sendBroadcast:1345 android.content.ContextWrapper.sendBroadcast:377 com.suma.midware.back.esg.e.f:-1 com.suma.midware.back.esg.f.run:-1 com.suma.midware.prop.util.c.run:-1 
11-13 10:03:30.160 W/ContextImpl( 2404): Calling a method in the system process without a qualified user: android.app.ContextImpl.sendBroadcast:1345 android.content.ContextWrapper.sendBroadcast:377 com.suma.midware.back.esg.e.f:-1 com.suma.midware.back.esg.f.run:-1 com.suma.midware.prop.util.c.run:-1 
11-13 10:03:31.162 W/ContextImpl( 2404): Calling a method in the system process without a qualified user: android.app.ContextImpl.sendBroadcast:1345 android.content.ContextWrapper.sendBroadcast:377 com.suma.midware.back.esg.e.f:-1 com.suma.midware.back.esg.f.run:-1 com.suma.midware.prop.util.c.run:-1 
11-13 10:03:32.165 W/ContextImpl( 2404): Calling a method in the system process without a qualified user: android.app.ContextImpl.sendBroadcast:1345 android.content.ContextWrapper.sendBroadcast:377 com.suma.midware.back.esg.e.f:-1 com.suma.midware.back.esg.f.run:-1 com.suma.midware.prop.util.c.run:-1 
11-13 10:04:35.223 W/ContextImpl( 2404): Calling a method in the system process without a qualified user: android.app.ContextImpl.sendBroadcast:1345 android.content.ContextWrapper.sendBroadcast:377 com.suma.midware.back.esg.e.f:-1 com.suma.midware.back.esg.f.run:-1 com.suma.midware.prop.util.c.run:-1 
11-13 10:04:36.226 W/ContextImpl( 2404): Calling a method in the system process without a qualified user: android.app.ContextImpl.sendBroadcast:1345 android.content.ContextWrapper.sendBroadcast:377 com.suma.midware.back.esg.e.f:-1 com.suma.midware.back.esg.f.run:-1 com.suma.midware.prop.util.c.run:-1 
11-13 10:04:37.229 W/ContextImpl( 2404): Calling a method in the system process without a qualified user: android.app.ContextImpl.sendBroadcast:1345 android.content.ContextWrapper.sendBroadcast:377 com.suma.midware.back.esg.e.f:-1 com.suma.midware.back.esg.f.run:-1 com.suma.midware.prop.util.c.run:-1 
11-13 10:05:00.438 I/ActivityManager( 2033): START u0 {act=android.intent.action.MAIN cat=[android.intent.category.HOME] flg=0x10200000 cmp=com.suma.midware.home/.third.Main3DActivity} from uid 1000 on display 0
11-13 10:05:00.457 I/ActivityManager( 2033): Force stopping com.android.browser appid=10010 user=0: from pid 2404
11-13 10:05:00.488 W/ContextImpl( 2514): Calling a method in the system process without a qualified user: android.app.ContextImpl.sendBroadcast:1345 android.content.ContextWrapper.sendBroadcast:377 com.suma.midware.view.ext.BluetoothUpdate.b:-1 com.suma.midware.home.third.Main3DActivity.onResume:-1 android.app.Instrumentation.callActivityOnResume:1257 
11-13 10:05:00.491 I/ActivityManager( 2033): Force stopping com.suma.midware.vod appid=1000 user=0: from pid 2514
11-13 10:05:00.492 W/ContextImpl( 2514): Calling a method in the system process without a qualified user: android.app.ContextImpl.sendBroadcast:1345 android.content.ContextWrapper.sendBroadcast:377 android.app.ActivityThread.performResumeActivity:2982 android.app.ActivityThread.handleResumeActivity:3023 android.app.ActivityThread$H.handleMessage:1347 
11-13 10:05:04.538 I/ActivityManager( 2033): START u0 {act= cmp=com.ipanel.android_webview.shell/com.ipanel.webapp.BrowserActivity (has extras)} from uid 1000 on display 0
11-13 10:05:04.547 W/ContextImpl( 2514): Calling a method in the system process without a qualified user: android.app.ContextImpl.sendBroadcast:1345 android.content.ContextWrapper.sendBroadcast:377 android.app.ActivityThread.performPauseActivity:3259 android.app.ActivityThread.performPauseActivity:3225 android.app.ActivityThread.handlePauseActivity:3200 
11-13 10:05:04.557 W/ViewRootImpl( 2514): Cancelling event due to no window focus: KeyEvent { action=ACTION_UP, keyCode=KEYCODE_DPAD_CENTER, scanCode=28, metaState=0, flags=0x28, repeatCount=0, eventTime=4804787, downTime=4804766, deviceId=4, source=0x701 }
11-13 10:05:04.557 W/ViewRootImpl( 2514): Cancelling event due to no window focus: KeyEvent { action=ACTION_UP, keyCode=KEYCODE_DPAD_CENTER, scanCode=28, metaState=0, flags=0x28, repeatCount=0, eventTime=4804787, downTime=4804766, deviceId=4, source=0x701 }
11-13 10:05:04.557 W/ViewRootImpl( 2514): Cancelling event due to no window focus: KeyEvent { action=ACTION_UP, keyCode=KEYCODE_DPAD_CENTER, scanCode=28, metaState=0, flags=0x28, repeatCount=0, eventTime=4804787, downTime=4804766, deviceId=4, source=0x701 }
11-13 10:05:04.557 W/ViewRootImpl( 2514): Cancelling event due to no window focus: KeyEvent { action=ACTION_UP, keyCode=KEYCODE_DPAD_CENTER, scanCode=28, metaState=0, flags=0x28, repeatCount=0, eventTime=4804787, downTime=4804766, deviceId=4, source=0x701 }
11-13 10:05:04.557 W/ViewRootImpl( 2514): Cancelling event due to no window focus: KeyEvent { action=ACTION_UP, keyCode=KEYCODE_DPAD_CENTER, scanCode=28, metaState=0, flags=0x28, repeatCount=0, eventTime=4804787, downTime=4804766, deviceId=4, source=0x701 }
11-13 10:05:04.557 W/ViewRootImpl( 2514): Cancelling event due to no window focus: KeyEvent { action=ACTION_UP, keyCode=KEYCODE_DPAD_CENTER, scanCode=28, metaState=0, flags=0x28, repeatCount=0, eventTime=4804787, downTime=4804766, deviceId=4, source=0x701 }
11-13 10:05:40.263 W/ContextImpl( 2404): Calling a method in the system process without a qualified user: android.app.ContextImpl.sendBroadcast:1345 android.content.ContextWrapper.sendBroadcast:377 com.suma.midware.back.esg.e.f:-1 com.suma.midware.back.esg.f.run:-1 com.suma.midware.prop.util.c.run:-1 
11-13 10:05:41.265 W/ContextImpl( 2404): Calling a method in the system process without a qualified user: android.app.ContextImpl.sendBroadcast:1345 android.content.ContextWrapper.sendBroadcast:377 com.suma.midware.back.esg.e.f:-1 com.suma.midware.back.esg.f.run:-1 com.suma.midware.prop.util.c.run:-1 
11-13 10:05:42.267 W/ContextImpl( 2404): Calling a method in the system process without a qualified user: android.app.ContextImpl.sendBroadcast:1345 android.content.ContextWrapper.sendBroadcast:377 com.suma.midware.back.esg.e.f:-1 com.suma.midware.back.esg.f.run:-1 com.suma.midware.prop.util.c.run:-1 
11-13 10:06:04.028 I/ActivityManager( 2033): moveTaskToBack: TaskRecord{47a8657 #1127 A=com.ipanel.android_webview.shell U=0 sz=1}
11-13 10:06:04.108 W/ContextImpl( 2514): Calling a method in the system process without a qualified user: android.app.ContextImpl.sendBroadcast:1345 android.content.ContextWrapper.sendBroadcast:377 com.suma.midware.view.ext.BluetoothUpdate.b:-1 com.suma.midware.home.third.Main3DActivity.onResume:-1 android.app.Instrumentation.callActivityOnResume:1257 
11-13 10:06:04.114 I/ActivityManager( 2033): Force stopping com.suma.midware.vod appid=1000 user=0: from pid 2514
11-13 10:06:04.114 W/ContextImpl( 2514): Calling a method in the system process without a qualified user: android.app.ContextImpl.sendBroadcast:1345 android.content.ContextWrapper.sendBroadcast:377 android.app.ActivityThread.performResumeActivity:2982 android.app.ActivityThread.handleResumeActivity:3023 android.app.ActivityThread$H.handleMessage:1347 
11-13 10:06:27.921 I/WindowState( 2033): WIN DEATH: Window{22f291d2 u0 com.ipanel.android_webview.shell/com.ipanel.webapp.BrowserActivity}
11-13 10:06:27.922 I/ActivityManager( 2033): Process com.ipanel.android_webview.shell (pid 6573) has died
11-13 10:06:27.929 D/ConnectivityService( 2033): ConnectivityService NetworkRequestInfo binderDied(NetworkRequest [ id=8, legacyType=-1, [ Capabilities: INTERNET&NOT_RESTRICTED&TRUSTED] ], android.os.BinderProxy@217d4cc4)
11-13 10:06:27.930 W/WindowManager( 2033): Force-removing child win Window{292b5215 u0 SurfaceView} from container Window{22f291d2 u0 com.ipanel.android_webview.shell/com.ipanel.webapp.BrowserActivity}
11-13 10:06:27.930 D/ConnectivityService( 2033): releasing NetworkRequest NetworkRequest [ id=8, legacyType=-1, [ Capabilities: INTERNET&NOT_RESTRICTED&TRUSTED] ]
11-13 10:06:27.939 W/WindowManager( 2033): Force-removing child win Window{158c65ff u0 SurfaceView} from container Window{22f291d2 u0 com.ipanel.android_webview.shell/com.ipanel.webapp.BrowserActivity}
11-13 10:06:27.942 E/ConnectivityService( 2033): RemoteException caught trying to send a callback msg for NetworkRequest [ id=8, legacyType=-1, [ Capabilities: INTERNET&NOT_RESTRICTED&TRUSTED] ]
11-13 10:06:27.963 W/WindowManager( 2033): Failed looking up window
11-13 10:06:27.963 W/WindowManager( 2033): java.lang.IllegalArgumentException: Requested window android.os.BinderProxy@25c3f91e does not exist
11-13 10:06:27.963 W/WindowManager( 2033): 	at com.android.server.wm.WindowManagerService.windowForClientLocked(WindowManagerService.java:8654)
11-13 10:06:27.963 W/WindowManager( 2033): 	at com.android.server.wm.WindowManagerService.windowForClientLocked(WindowManagerService.java:8645)
11-13 10:06:27.963 W/WindowManager( 2033): 	at com.android.server.wm.WindowState$DeathRecipient.binderDied(WindowState.java:1142)
11-13 10:06:27.963 W/WindowManager( 2033): 	at android.os.BinderProxy.sendDeathNotice(Binder.java:551)
11-13 10:06:27.963 I/WindowState( 2033): WIN DEATH: null
11-13 10:06:27.964 W/WindowManager( 2033): Failed looking up window
11-13 10:06:27.964 W/WindowManager( 2033): java.lang.IllegalArgumentException: Requested window android.os.BinderProxy@16154fcc does not exist
11-13 10:06:27.964 W/WindowManager( 2033): 	at com.android.server.wm.WindowManagerService.windowForClientLocked(WindowManagerService.java:8654)
11-13 10:06:27.964 W/WindowManager( 2033): 	at com.android.server.wm.WindowManagerService.windowForClientLocked(WindowManagerService.java:8645)
11-13 10:06:27.964 W/WindowManager( 2033): 	at com.android.server.wm.WindowState$DeathRecipient.binderDied(WindowState.java:1142)
11-13 10:06:27.964 W/WindowManager( 2033): 	at android.os.BinderProxy.sendDeathNotice(Binder.java:551)
11-13 10:06:27.964 I/WindowState( 2033): WIN DEATH: null
11-13 10:06:45.312 W/ContextImpl( 2404): Calling a method in the system process without a qualified user: android.app.ContextImpl.sendBroadcast:1345 android.content.ContextWrapper.sendBroadcast:377 com.suma.midware.back.esg.e.f:-1 com.suma.midware.back.esg.f.run:-1 com.suma.midware.prop.util.c.run:-1 
11-13 10:06:46.315 W/ContextImpl( 2404): Calling a method in the system process without a qualified user: android.app.ContextImpl.sendBroadcast:1345 android.content.ContextWrapper.sendBroadcast:377 com.suma.midware.back.esg.e.f:-1 com.suma.midware.back.esg.f.run:-1 com.suma.midware.prop.util.c.run:-1 
11-13 10:06:47.317 W/ContextImpl( 2404): Calling a method in the system process without a qualified user: android.app.ContextImpl.sendBroadcast:1345 android.content.ContextWrapper.sendBroadcast:377 com.suma.midware.back.esg.e.f:-1 com.suma.midware.back.esg.f.run:-1 com.suma.midware.prop.util.c.run:-1 
11-13 10:07:50.372 W/ContextImpl( 2404): Calling a method in the system process without a qualified user: android.app.ContextImpl.sendBroadcast:1345 android.content.ContextWrapper.sendBroadcast:377 com.suma.midware.back.esg.e.f:-1 com.suma.midware.back.esg.f.run:-1 com.suma.midware.prop.util.c.run:-1 
11-13 10:07:51.375 W/ContextImpl( 2404): Calling a method in the system process without a qualified user: android.app.ContextImpl.sendBroadcast:1345 android.content.ContextWrapper.sendBroadcast:377 com.suma.midware.back.esg.e.f:-1 com.suma.midware.back.esg.f.run:-1 com.suma.midware.prop.util.c.run:-1 
11-13 10:07:52.378 W/ContextImpl( 2404): Calling a method in the system process without a qualified user: android.app.ContextImpl.sendBroadcast:1345 android.content.ContextWrapper.sendBroadcast:377 com.suma.midware.back.esg.e.f:-1 com.suma.midware.back.esg.f.run:-1 com.suma.midware.prop.util.c.run:-1 
11-13 10:08:03.915 I/ActivityManager( 2033): START u0 {act= cmp=com.ipanel.android_webview.shell/com.ipanel.webapp.BrowserActivity (has extras)} from uid 1000 on display 0
11-13 10:08:03.923 W/ContextImpl( 2514): Calling a method in the system process without a qualified user: android.app.ContextImpl.sendBroadcast:1345 android.content.ContextWrapper.sendBroadcast:377 android.app.ActivityThread.performPauseActivity:3259 android.app.ActivityThread.performPauseActivity:3225 android.app.ActivityThread.handlePauseActivity:3200 
11-13 10:08:03.959 I/ActivityManager( 2033): Start proc 7357:com.ipanel.android_webview.shell/u0a35 for activity com.ipanel.android_webview.shell/com.ipanel.webapp.BrowserActivity
11-13 10:08:03.960 V/WindowManager( 2033): Adding window Window{14af5e73 u0 Starting com.ipanel.android_webview.shell} at 8 of 13 (after Window{205e500e u0 com.suma.midware.setting/com.suma.midware.setting.net.NetInfoActivity})
11-13 10:08:04.767 V/WindowManager( 2033): Adding window Window{b772051 u0 com.ipanel.android_webview.shell/com.ipanel.webapp.BrowserActivity} at 8 of 14 (before Window{14af5e73 u0 Starting com.ipanel.android_webview.shell})
11-13 10:08:04.798 D/ConnectivityService( 2033): listenForNetwork for NetworkRequest [ id=9, legacyType=-1, [ Capabilities: INTERNET&NOT_RESTRICTED&TRUSTED] ]
11-13 10:08:04.802 D/ConnectivityService( 2033): handleRegisterNetworkRequest checking NetworkAgentInfo [WIFI () - 100]
11-13 10:08:04.802 D/ConnectivityService( 2033): apparently satisfied.  currentScore=60
11-13 10:08:04.832 V/WindowManager( 2033): Adding window Window{38151242 u0 SurfaceView} at 8 of 15 (before Window{b772051 u0 com.ipanel.android_webview.shell/com.ipanel.webapp.BrowserActivity})
11-13 10:08:04.838 V/WindowManager( 2033): Adding window Window{13404790 u0 SurfaceView} at 9 of 16 (before Window{b772051 u0 com.ipanel.android_webview.shell/com.ipanel.webapp.BrowserActivity})
11-13 10:08:04.846 W/ViewRootImpl( 7357): Cancelling event due to no window focus: KeyEvent { action=ACTION_UP, keyCode=KEYCODE_DPAD_CENTER, scanCode=28, metaState=0, flags=0x80000028, repeatCount=0, eventTime=4984349, downTime=4984140, deviceId=4, source=0x701 }
11-13 10:08:04.846 W/ViewRootImpl( 7357): Cancelling event due to no window focus: KeyEvent { action=ACTION_UP, keyCode=KEYCODE_DPAD_CENTER, scanCode=28, metaState=0, flags=0x80000028, repeatCount=0, eventTime=4984349, downTime=4984140, deviceId=4, source=0x701 }
11-13 10:08:04.846 W/ViewRootImpl( 7357): Cancelling event due to no window focus: KeyEvent { action=ACTION_UP, keyCode=KEYCODE_DPAD_CENTER, scanCode=28, metaState=0, flags=0x80000028, repeatCount=0, eventTime=4984349, downTime=4984140, deviceId=4, source=0x701 }
11-13 10:08:04.846 W/ViewRootImpl( 7357): Cancelling event due to no window focus: KeyEvent { action=ACTION_UP, keyCode=KEYCODE_DPAD_CENTER, scanCode=28, metaState=0, flags=0x80000028, repeatCount=0, eventTime=4984349, downTime=4984140, deviceId=4, source=0x701 }
11-13 10:08:04.846 W/ViewRootImpl( 7357): Cancelling event due to no window focus: KeyEvent { action=ACTION_UP, keyCode=KEYCODE_DPAD_CENTER, scanCode=28, metaState=0, flags=0x80000028, repeatCount=0, eventTime=4984349, downTime=4984140, deviceId=4, source=0x701 }
11-13 10:08:04.846 W/ViewRootImpl( 7357): Cancelling event due to no window focus: KeyEvent { action=ACTION_UP, keyCode=KEYCODE_DPAD_CENTER, scanCode=28, metaState=0, flags=0x80000028, repeatCount=0, eventTime=4984349, downTime=4984140, deviceId=4, source=0x701 }
11-13 10:08:04.849 W/ViewRootImpl( 7357): Cancelling event due to no window focus: KeyEvent { action=ACTION_UP, keyCode=KEYCODE_DPAD_CENTER, scanCode=28, metaState=0, flags=0x80000028, repeatCount=0, eventTime=4984349, downTime=4984140, deviceId=4, source=0x701 }
11-13 10:08:04.849 W/ViewRootImpl( 7357): Cancelling event due to no window focus: KeyEvent { action=ACTION_UP, keyCode=KEYCODE_DPAD_CENTER, scanCode=28, metaState=0, flags=0x80000028, repeatCount=0, eventTime=4984349, downTime=4984140, deviceId=4, source=0x701 }
11-13 10:08:04.849 W/ViewRootImpl( 7357): Cancelling event due to no window focus: KeyEvent { action=ACTION_UP, keyCode=KEYCODE_DPAD_CENTER, scanCode=28, metaState=0, flags=0x80000028, repeatCount=0, eventTime=4984349, downTime=4984140, deviceId=4, source=0x701 }
11-13 10:08:04.985 W/ViewRootImpl( 2514): Cancelling event due to no window focus: KeyEvent { action=ACTION_UP, keyCode=KEYCODE_DPAD_CENTER, scanCode=28, metaState=0, flags=0x28, repeatCount=0, eventTime=4984218, downTime=4984140, deviceId=4, source=0x701 }
11-13 10:08:04.985 W/ViewRootImpl( 2514): Cancelling event due to no window focus: KeyEvent { action=ACTION_UP, keyCode=KEYCODE_DPAD_CENTER, scanCode=28, metaState=0, flags=0x28, repeatCount=0, eventTime=4984218, downTime=4984140, deviceId=4, source=0x701 }
11-13 10:08:04.985 W/ViewRootImpl( 2514): Cancelling event due to no window focus: KeyEvent { action=ACTION_UP, keyCode=KEYCODE_DPAD_CENTER, scanCode=28, metaState=0, flags=0x28, repeatCount=0, eventTime=4984218, downTime=4984140, deviceId=4, source=0x701 }
11-13 10:08:04.985 W/ViewRootImpl( 2514): Cancelling event due to no window focus: KeyEvent { action=ACTION_UP, keyCode=KEYCODE_DPAD_CENTER, scanCode=28, metaState=0, flags=0x28, repeatCount=0, eventTime=4984218, downTime=4984140, deviceId=4, source=0x701 }
11-13 10:08:04.986 W/ViewRootImpl( 2514): Cancelling event due to no window focus: KeyEvent { action=ACTION_UP, keyCode=KEYCODE_DPAD_CENTER, scanCode=28, metaState=0, flags=0x28, repeatCount=0, eventTime=4984218, downTime=4984140, deviceId=4, source=0x701 }
11-13 10:08:04.986 W/ViewRootImpl( 2514): Cancelling event due to no window focus: KeyEvent { action=ACTION_UP, keyCode=KEYCODE_DPAD_CENTER, scanCode=28, metaState=0, flags=0x28, repeatCount=0, eventTime=4984218, downTime=4984140, deviceId=4, source=0x701 }
11-13 10:08:04.986 W/ViewRootImpl( 2514): Cancelling event due to no window focus: KeyEvent { action=ACTION_UP, keyCode=KEYCODE_DPAD_CENTER, scanCode=28, metaState=0, flags=0x28, repeatCount=0, eventTime=4984218, downTime=4984140, deviceId=4, source=0x701 }
11-13 10:08:04.986 W/ViewRootImpl( 2514): Cancelling event due to no window focus: KeyEvent { action=ACTION_UP, keyCode=KEYCODE_DPAD_CENTER, scanCode=28, metaState=0, flags=0x28, repeatCount=0, eventTime=4984218, downTime=4984140, deviceId=4, source=0x701 }
11-13 10:08:04.986 W/ViewRootImpl( 2514): Cancelling event due to no window focus: KeyEvent { action=ACTION_UP, keyCode=KEYCODE_DPAD_CENTER, scanCode=28, metaState=0, flags=0x28, repeatCount=0, eventTime=4984218, downTime=4984140, deviceId=4, source=0x701 }
11-13 10:08:08.458 I/ActivityManager( 2033): moveTaskToBack: TaskRecord{47a8657 #1127 A=com.ipanel.android_webview.shell U=0 sz=1}
11-13 10:08:08.528 W/ContextImpl( 2514): Calling a method in the system process without a qualified user: android.app.ContextImpl.sendBroadcast:1345 android.content.ContextWrapper.sendBroadcast:377 com.suma.midware.view.ext.BluetoothUpdate.b:-1 com.suma.midware.home.third.Main3DActivity.onResume:-1 android.app.Instrumentation.callActivityOnResume:1257 
11-13 10:08:08.531 W/ContextImpl( 2514): Calling a method in the system process without a qualified user: android.app.ContextImpl.sendBroadcast:1345 android.content.ContextWrapper.sendBroadcast:377 android.app.ActivityThread.performResumeActivity:2982 android.app.ActivityThread.handleResumeActivity:3023 android.app.ActivityThread$H.handleMessage:1347 
11-13 10:08:08.532 I/ActivityManager( 2033): Force stopping com.suma.midware.vod appid=1000 user=0: from pid 2514
11-13 10:08:10.882 I/ActivityManager( 2033): START u0 {act= cmp=com.ipanel.android_webview.shell/com.ipanel.webapp.BrowserActivity (has extras)} from uid 1000 on display 0
11-13 10:08:10.887 W/ContextImpl( 2514): Calling a method in the system process without a qualified user: android.app.ContextImpl.sendBroadcast:1345 android.content.ContextWrapper.sendBroadcast:377 android.app.ActivityThread.performPauseActivity:3259 android.app.ActivityThread.performPauseActivity:3225 android.app.ActivityThread.handlePauseActivity:3200 
11-13 10:08:10.902 W/ViewRootImpl( 2514): Cancelling event due to no window focus: KeyEvent { action=ACTION_UP, keyCode=KEYCODE_DPAD_CENTER, scanCode=28, metaState=0, flags=0x28, repeatCount=0, eventTime=4991134, downTime=4991112, deviceId=4, source=0x701 }
11-13 10:08:10.902 W/ViewRootImpl( 2514): Cancelling event due to no window focus: KeyEvent { action=ACTION_UP, keyCode=KEYCODE_DPAD_CENTER, scanCode=28, metaState=0, flags=0x28, repeatCount=0, eventTime=4991134, downTime=4991112, deviceId=4, source=0x701 }
11-13 10:08:10.902 W/ViewRootImpl( 2514): Cancelling event due to no window focus: KeyEvent { action=ACTION_UP, keyCode=KEYCODE_DPAD_CENTER, scanCode=28, metaState=0, flags=0x28, repeatCount=0, eventTime=4991134, downTime=4991112, deviceId=4, source=0x701 }
11-13 10:08:10.902 W/ViewRootImpl( 2514): Cancelling event due to no window focus: KeyEvent { action=ACTION_UP, keyCode=KEYCODE_DPAD_CENTER, scanCode=28, metaState=0, flags=0x28, repeatCount=0, eventTime=4991134, downTime=4991112, deviceId=4, source=0x701 }
11-13 10:08:10.902 W/ViewRootImpl( 2514): Cancelling event due to no window focus: KeyEvent { action=ACTION_UP, keyCode=KEYCODE_DPAD_CENTER, scanCode=28, metaState=0, flags=0x28, repeatCount=0, eventTime=4991134, downTime=4991112, deviceId=4, source=0x701 }
11-13 10:08:10.902 W/ViewRootImpl( 2514): Cancelling event due to no window focus: KeyEvent { action=ACTION_UP, keyCode=KEYCODE_DPAD_CENTER, scanCode=28, metaState=0, flags=0x28, repeatCount=0, eventTime=4991134, downTime=4991112, deviceId=4, source=0x701 }
11-13 10:08:55.404 W/ContextImpl( 2404): Calling a method in the system process without a qualified user: android.app.ContextImpl.sendBroadcast:1345 android.content.ContextWrapper.sendBroadcast:377 com.suma.midware.back.esg.e.f:-1 com.suma.midware.back.esg.f.run:-1 com.suma.midware.prop.util.c.run:-1 
11-13 10:08:56.407 W/ContextImpl( 2404): Calling a method in the system process without a qualified user: android.app.ContextImpl.sendBroadcast:1345 android.content.ContextWrapper.sendBroadcast:377 com.suma.midware.back.esg.e.f:-1 com.suma.midware.back.esg.f.run:-1 com.suma.midware.prop.util.c.run:-1 
11-13 10:08:57.410 W/ContextImpl( 2404): Calling a method in the system process without a qualified user: android.app.ContextImpl.sendBroadcast:1345 android.content.ContextWrapper.sendBroadcast:377 com.suma.midware.back.esg.e.f:-1 com.suma.midware.back.esg.f.run:-1 com.suma.midware.prop.util.c.run:-1 
11-13 10:09:13.954 I/ActivityManager( 2033): START u0 {act=android.intent.action.MAIN cat=[android.intent.category.HOME] flg=0x10200000 cmp=com.suma.midware.home/.third.Main3DActivity} from uid 1000 on display 0
11-13 10:09:14.006 I/ActivityManager( 2033): Force stopping com.android.browser appid=10010 user=0: from pid 2404
11-13 10:09:14.029 W/ContextImpl( 2514): Calling a method in the system process without a qualified user: android.app.ContextImpl.sendBroadcast:1345 android.content.ContextWrapper.sendBroadcast:377 com.suma.midware.view.ext.BluetoothUpdate.b:-1 com.suma.midware.home.third.Main3DActivity.onResume:-1 android.app.Instrumentation.callActivityOnResume:1257 
11-13 10:09:14.032 I/ActivityManager( 2033): Force stopping com.suma.midware.vod appid=1000 user=0: from pid 2514
11-13 10:09:14.032 W/ContextImpl( 2514): Calling a method in the system process without a qualified user: android.app.ContextImpl.sendBroadcast:1345 android.content.ContextWrapper.sendBroadcast:377 android.app.ActivityThread.performResumeActivity:2982 android.app.ActivityThread.handleResumeActivity:3023 android.app.ActivityThread$H.handleMessage:1347 
11-13 10:09:19.909 I/ActivityManager( 2033): START u0 {act= cmp=com.ipanel.android_webview.shell/com.ipanel.webapp.BrowserActivity (has extras)} from uid 1000 on display 0
11-13 10:09:19.920 W/ContextImpl( 2514): Calling a method in the system process without a qualified user: android.app.ContextImpl.sendBroadcast:1345 android.content.ContextWrapper.sendBroadcast:377 android.app.ActivityThread.performPauseActivity:3259 android.app.ActivityThread.performPauseActivity:3225 android.app.ActivityThread.handlePauseActivity:3200 
11-13 10:10:00.465 W/ContextImpl( 2404): Calling a method in the system process without a qualified user: android.app.ContextImpl.sendBroadcast:1345 android.content.ContextWrapper.sendBroadcast:377 com.suma.midware.back.esg.e.f:-1 com.suma.midware.back.esg.f.run:-1 com.suma.midware.prop.util.c.run:-1 
11-13 10:10:01.467 W/ContextImpl( 2404): Calling a method in the system process without a qualified user: android.app.ContextImpl.sendBroadcast:1345 android.content.ContextWrapper.sendBroadcast:377 com.suma.midware.back.esg.e.f:-1 com.suma.midware.back.esg.f.run:-1 com.suma.midware.prop.util.c.run:-1 
11-13 10:10:02.471 W/ContextImpl( 2404): Calling a method in the system process without a qualified user: android.app.ContextImpl.sendBroadcast:1345 android.content.ContextWrapper.sendBroadcast:377 com.suma.midware.back.esg.e.f:-1 com.suma.midware.back.esg.f.run:-1 com.suma.midware.prop.util.c.run:-1 
11-13 10:11:05.518 W/ContextImpl( 2404): Calling a method in the system process without a qualified user: android.app.ContextImpl.sendBroadcast:1345 android.content.ContextWrapper.sendBroadcast:377 com.suma.midware.back.esg.e.f:-1 com.suma.midware.back.esg.f.run:-1 com.suma.midware.prop.util.c.run:-1 
11-13 10:11:06.521 W/ContextImpl( 2404): Calling a method in the system process without a qualified user: android.app.ContextImpl.sendBroadcast:1345 android.content.ContextWrapper.sendBroadcast:377 com.suma.midware.back.esg.e.f:-1 com.suma.midware.back.esg.f.run:-1 com.suma.midware.prop.util.c.run:-1 
11-13 10:11:07.524 W/ContextImpl( 2404): Calling a method in the system process without a qualified user: android.app.ContextImpl.sendBroadcast:1345 android.content.ContextWrapper.sendBroadcast:377 com.suma.midware.back.esg.e.f:-1 com.suma.midware.back.esg.f.run:-1 com.suma.midware.prop.util.c.run:-1 
11-13 10:12:10.572 W/ContextImpl( 2404): Calling a method in the system process without a qualified user: android.app.ContextImpl.sendBroadcast:1345 android.content.ContextWrapper.sendBroadcast:377 com.suma.midware.back.esg.e.f:-1 com.suma.midware.back.esg.f.run:-1 com.suma.midware.prop.util.c.run:-1 
11-13 10:12:11.575 W/ContextImpl( 2404): Calling a method in the system process without a qualified user: android.app.ContextImpl.sendBroadcast:1345 android.content.ContextWrapper.sendBroadcast:377 com.suma.midware.back.esg.e.f:-1 com.suma.midware.back.esg.f.run:-1 com.suma.midware.prop.util.c.run:-1 
11-13 10:12:12.578 W/ContextImpl( 2404): Calling a method in the system process without a qualified user: android.app.ContextImpl.sendBroadcast:1345 android.content.ContextWrapper.sendBroadcast:377 com.suma.midware.back.esg.e.f:-1 com.suma.midware.back.esg.f.run:-1 com.suma.midware.prop.util.c.run:-1 
11-13 10:12:51.038 D/UsbHostManager( 2033): Added device UsbDevice[mName=/dev/bus/usb/003/002,mVendorId=1423,mProductId=25479,mClass=0,mSubclass=0,mProtocol=0,mManufacturerName=Generic,mProductName=Teclast CoolFlash,mSerialNumber=4EC21231,mConfigurations=[
11-13 10:12:51.038 D/UsbHostManager( 2033): UsbConfiguration[mId=1,mName=null,mAttributes=128,mMaxPower=100,mInterfaces=[
11-13 10:12:51.038 D/UsbHostManager( 2033): UsbInterface[mId=0,mAlternateSetting=0,mName=null,mClass=8,mSubclass=6,mProtocol=80,mEndpoints=[
11-13 10:12:51.038 D/UsbHostManager( 2033): UsbEndpoint[mAddress=1,mAttributes=2,mMaxPacketSize=512,mInterval=0]
11-13 10:12:51.038 D/UsbHostManager( 2033): UsbEndpoint[mAddress=130,mAttributes=2,mMaxPacketSize=512,mInterval=0]]]]
11-13 10:12:51.051 W/ContextImpl( 2033): Calling a method in the system process without a qualified user: android.app.ContextImpl.sendBroadcast:1345 com.android.server.usb.UsbSettingsManager.deviceAttached:741 com.android.server.usb.UsbHostManager.endUsbDeviceAdded:224 com.android.server.usb.UsbHostManager.monitorUsbHostBus:-2 com.android.server.usb.UsbHostManager.access$000:42 
11-13 10:12:52.064 D/DirectVolume( 1563): [void DirectVolume::handleDiskAdded(const char*, NetlinkEvent*)-178] :**********Add Disk Begining**********
11-13 10:12:52.064 W/Vold    ( 1563): No volumes handled block event for '/devices/platform/soc/f98a0000.xhci/usb3/3-1/3-1:1.0/host0/target0:0:0/0:0:0:0/block/sda'
11-13 10:12:52.064 D/DirectVolume( 1563): [void DirectVolume::handlePartitionAdded(const char*, NetlinkEvent*)-225] :----> handlePartitionAdded devpath = /devices/platform/soc/f98a0000.xhci/usb3/3-1/3-1:1.0/host0/target0:0:0/0:0:0:0/block/sda/sda1 .
11-13 10:12:52.064 D/DirectVolume( 1563): [void DirectVolume::handlePartitionAdded(const char*, NetlinkEvent*)-260] :DirectVolume : handlePartitionAdded, mountpoint /mnt/sda/sda1, label /sda/sda1, major 8, minor 1, devpath /devices/platform/soc/f98a0000.xhci/usb3/3-1/3-1:1.0/host0/target0:0:0/0:0:0:0/block/sda/sda1
11-13 10:12:52.064 D/Vold    ( 1563): [void Volume::setState(int)-313] :Volume /sda/sda1 state changing -1 (Initializing) -> 0 (No-Media)
11-13 10:12:52.064 D/PartVolume( 1563): [virtual int PartVolume::handleBlockEvent(NetlinkEvent*)-92] :********PartVolume handleBlockEvent Begining********
11-13 10:12:52.064 D/PartVolume( 1563): [virtual int PartVolume::handleBlockEvent(NetlinkEvent*)-101] :PathCollection is Value------->/devices/platform/soc/f98a0000.xhci/usb3/3-1/3-1:1.0/host0/target0:0:0/0:0:0:0/block/sda/sda1
11-13 10:12:52.064 D/PartVolume( 1563): [void PartVolume::handlePartitionAdded(const char*, NetlinkEvent*)-124] :********PartVolume handlePartitionAdded Begining********
11-13 10:12:52.064 D/PartVolume( 1563): [void PartVolume::handlePartitionAdded(const char*, NetlinkEvent*)-132] :handlePartitionAdded. mPartMajor = 8, mPartMinor = 1, major = 8, minor = 1
11-13 10:12:52.073 E/MountService( 2033): VolumeState.NoMedia .
11-13 10:12:52.073 D/MountService( 2033): volume state changed for /mnt/sda/sda1 (null -> -1)
11-13 10:12:52.079 E/MountService( 2033): notifyVolumeStateChange getVolumeState !!
11-13 10:12:52.240 D/Vold    ( 1563): [void Volume::setState(int)-313] :Volume /sda/sda1 state changing 0 (No-Media) -> 1 (Idle-Unmounted)
11-13 10:12:52.240 D/PartVolume( 1563): [void PartVolume::handlePartitionAdded(const char*, NetlinkEvent*)-148] :Volume /sda/sda1 /mnt/sda/sda1 disk inserted (8:1)
11-13 10:12:52.240 D/Vold    ( 1563): [void VolumeManager::handleBlockEvent(NetlinkEvent*)-326] :Device '/devices/platform/soc/f98a0000.xhci/usb3/3-1/3-1:1.0/host0/target0:0:0/0:0:0:0/block/sda/sda1' event handled by volume /sda/sda1
11-13 10:12:52.241 E/MountService( 2033): notifyVolumeStateChange getVolumeState !!
11-13 10:12:52.241 D/MountService( 2033): volume state changed for /mnt/sda/sda1 (-1 -> unmounted)
11-13 10:12:52.254 E/MountService( 2033): Failed to read response to volume shared /storage/sdcard ums
11-13 10:12:52.256 E/MountService( 2033): getIndexInSpec -->4
11-13 10:12:52.257 D/Vold    ( 1563): [int Volume::mountVol()-596] :Mount Volume devicePath [/dev/block/vold/8:1], Mount Point [/mnt/sda/sda1]
11-13 10:12:52.258 D/Vold    ( 1563): [void Volume::setState(int)-313] :Volume /sda/sda1 state changing 1 (Idle-Unmounted) -> 3 (Checking)
11-13 10:12:52.258 D/Vold    ( 1563): [int Volume::mountVol()-604] :Volume Mount Point: [/mnt/sda/sda1]
11-13 10:12:52.258 D/Vold    ( 1563): [void Volume::mkdir_p(const char*, mode_t, uid_t, gid_t)-957] :Mountpoint pDir [/mnt/sda/sda1], slash [/sda/sda1]
11-13 10:12:52.258 D/Vold    ( 1563): [void Volume::mkdir_p(const char*, mode_t, uid_t, gid_t)-957] :Mountpoint pDir [/mnt/sda/sda1], slash [/sda1]
11-13 10:12:52.258 D/Vold    ( 1563): [void Volume::mkdir_p(const char*, mode_t, uid_t, gid_t)-957] :Mountpoint pDir [/mnt/sda/sda1], slash [(null)]
11-13 10:12:52.258 E/MountService( 2033): notifyVolumeStateChange getVolumeState !!
11-13 10:12:52.259 D/MountService( 2033): volume state changed for /mnt/sda/sda1 (unmounted -> checking)
11-13 10:12:52.276 D/Vold    ( 1563): [int Volume::mountVol()-624] :/dev/block/vold/8:1 success to mount VFAT!
11-13 10:12:52.304 I/ValidateNoPeople( 2033): skipping global notification
11-13 10:12:52.433 D/Vold    ( 1563): [int Volume::extractMetadata(const char*)-922] :blkid identified as /dev/block/vold/8:1: UUID="0009-8D10" TYPE="vfat" 
11-13 10:12:52.434 E/MountService( 2033): VolumeUserLabelChange , path = /mnt/sda/sda1 , userLabel =null
11-13 10:12:52.434 D/Vold    ( 1563): [void Volume::setState(int)-307] :Volume /sda/sda1 state changing 3 (Checking) -> 4 (Mounted), UUID=0009-8D10, DevType=USB3.0, DevNode = 2049, DiskLabel = (null)
11-13 10:12:52.435 E/MountService( 2033): VolumeState.Mounted .path = /mnt/sda/sda1
11-13 10:12:52.436 W/MountService( 2033): [ sunchentong ] VolumeDiskInserted , path = /mnt/sda/sda1
11-13 10:12:52.437 D/MountService( 2033): Enter mDiskLableList.get(i).isUsed 
11-13 10:12:52.437 D/MountService( 2033): SDCardIndex < 0, i = 0 ,  tempLable =À€
11-13 10:12:52.437 D/MountService( 2033): Enter addStorageVolume path = /mnt/sda/sda1
11-13 10:12:52.437 E/MountService( 2033): volume != null , addStorageVolume path = /mnt/sda/sda1
11-13 10:12:52.437 E/MountService( 2033): notifyVolumeStateChange getVolumeState !!
11-13 10:12:52.437 D/MountService( 2033): volume state changed for /mnt/sda/sda1 (checking -> mounted)
11-13 10:12:52.438 D/MountService( 2033): sendStorageIntent Intent { act=android.intent.action.MEDIA_MOUNTED dat=file:///mnt/sda/sda1 flg=0x4000000 (has extras) } to UserHandle{-1}
11-13 10:12:52.534 I/ActivityManager( 2033): Start proc 7743:com.android.externalstorage/u0a3 for broadcast com.android.externalstorage/.MountReceiver
11-13 10:12:52.677 W/InputMethodManagerService( 2033): Starting input on non-focused client com.android.internal.view.IInputMethodClient$Stub$Proxy@21c8ef52 (uid=10035 pid=7357)
11-13 10:12:53.097 I/ActivityManager( 2033): Start proc 7768:com.sumavision.android.media.v/u0a22 for broadcast com.sumavision.android.media.v/com.sumavision.android.media.c.MediaAppProReceiver
11-13 10:12:59.037 I/ActivityManager( 2033): Force stopping com.android.browser appid=10010 user=0: from pid 2404
11-13 10:12:59.038 I/ActivityManager( 2033): START u0 {act=android.intent.action.MAIN cat=[android.intent.category.HOME] flg=0x10200000 cmp=com.suma.midware.home/.third.Main3DActivity} from uid 1000 on display 0
11-13 10:12:59.062 I/ActivityManager( 2033): Process com.sumavision.android.media.v (pid 7768) has died
11-13 10:12:59.086 W/ContextImpl( 2514): Calling a method in the system process without a qualified user: android.app.ContextImpl.sendBroadcast:1345 android.content.ContextWrapper.sendBroadcast:377 com.suma.midware.view.ext.BluetoothUpdate.b:-1 com.suma.midware.home.third.Main3DActivity.onResume:-1 android.app.Instrumentation.callActivityOnResume:1257 
11-13 10:12:59.090 I/ActivityManager( 2033): Force stopping com.suma.midware.vod appid=1000 user=0: from pid 2514
11-13 10:12:59.090 W/ContextImpl( 2514): Calling a method in the system process without a qualified user: android.app.ContextImpl.sendBroadcast:1345 android.content.ContextWrapper.sendBroadcast:377 android.app.ActivityThread.performResumeActivity:2982 android.app.ActivityThread.handleResumeActivity:3023 android.app.ActivityThread$H.handleMessage:1347 
11-13 10:13:01.097 I/ActivityManager( 2033): START u0 {act= cmp=com.suma.midware.setting/.main.SystemMainActivity} from uid 1000 on display 0
11-13 10:13:01.105 W/ContextImpl( 2514): Calling a method in the system process without a qualified user: android.app.ContextImpl.sendBroadcast:1345 android.content.ContextWrapper.sendBroadcast:377 android.app.ActivityThread.performPauseActivity:3259 android.app.ActivityThread.performPauseActivity:3225 android.app.ActivityThread.handlePauseActivity:3200 
11-13 10:13:01.116 W/ViewRootImpl( 2514): Cancelling event due to no window focus: KeyEvent { action=ACTION_UP, keyCode=KEYCODE_DPAD_CENTER, scanCode=28, metaState=0, flags=0x28, repeatCount=0, eventTime=5281348, downTime=5281322, deviceId=4, source=0x701 }
11-13 10:13:01.117 W/ViewRootImpl( 2514): Cancelling event due to no window focus: KeyEvent { action=ACTION_UP, keyCode=KEYCODE_DPAD_CENTER, scanCode=28, metaState=0, flags=0x28, repeatCount=0, eventTime=5281348, downTime=5281322, deviceId=4, source=0x701 }
11-13 10:13:01.117 W/ViewRootImpl( 2514): Cancelling event due to no window focus: KeyEvent { action=ACTION_UP, keyCode=KEYCODE_DPAD_CENTER, scanCode=28, metaState=0, flags=0x28, repeatCount=0, eventTime=5281348, downTime=5281322, deviceId=4, source=0x701 }
11-13 10:13:01.117 W/ViewRootImpl( 2514): Cancelling event due to no window focus: KeyEvent { action=ACTION_UP, keyCode=KEYCODE_DPAD_CENTER, scanCode=28, metaState=0, flags=0x28, repeatCount=0, eventTime=5281348, downTime=5281322, deviceId=4, source=0x701 }
11-13 10:13:01.117 W/ViewRootImpl( 2514): Cancelling event due to no window focus: KeyEvent { action=ACTION_UP, keyCode=KEYCODE_DPAD_CENTER, scanCode=28, metaState=0, flags=0x28, repeatCount=0, eventTime=5281348, downTime=5281322, deviceId=4, source=0x701 }
11-13 10:13:01.117 W/ViewRootImpl( 2514): Cancelling event due to no window focus: KeyEvent { action=ACTION_UP, keyCode=KEYCODE_DPAD_CENTER, scanCode=28, metaState=0, flags=0x28, repeatCount=0, eventTime=5281348, downTime=5281322, deviceId=4, source=0x701 }
11-13 10:13:01.126 W/ContextImpl( 2716): Calling a method in the system process without a qualified user: android.app.ContextImpl.sendBroadcast:1345 android.content.ContextWrapper.sendBroadcast:377 android.app.ActivityThread.performResumeActivity:2982 android.app.ActivityThread.handleResumeActivity:3023 android.app.ActivityThread$H.handleMessage:1347 
11-13 10:13:02.392 W/ContextImpl( 2716): Calling a method in the system process without a qualified user: android.app.ContextImpl.sendBroadcast:1345 android.content.ContextWrapper.sendBroadcast:377 android.app.ActivityThread.performPauseActivity:3259 android.app.ActivityThread.performPauseActivity:3225 android.app.ActivityThread.handlePauseActivity:3200 
11-13 10:13:02.414 W/ContextImpl( 2514): Calling a method in the system process without a qualified user: android.app.ContextImpl.sendBroadcast:1345 android.content.ContextWrapper.sendBroadcast:377 com.suma.midware.view.ext.BluetoothUpdate.b:-1 com.suma.midware.home.third.Main3DActivity.onResume:-1 android.app.Instrumentation.callActivityOnResume:1257 
11-13 10:13:02.417 W/ContextImpl( 2514): Calling a method in the system process without a qualified user: android.app.ContextImpl.sendBroadcast:1345 android.content.ContextWrapper.sendBroadcast:377 android.app.ActivityThread.performResumeActivity:2982 android.app.ActivityThread.handleResumeActivity:3023 android.app.ActivityThread$H.handleMessage:1347 
11-13 10:13:02.417 I/ActivityManager( 2033): Force stopping com.suma.midware.vod appid=1000 user=0: from pid 2514
11-13 10:13:07.714 I/ActivityManager( 2033): START u0 {act= cmp=com.huan.appstore/.ui.InstalledActivity} from uid 1000 on display 0
11-13 10:13:07.720 V/WindowManager( 2033): addAppToken: AppWindowToken{2bc21e05 token=Token{939157c ActivityRecord{1551f46f u0 com.huan.appstore/.ui.InstalledActivity t1124}}} to stack=0 task=1124 at 1
11-13 10:13:07.724 V/WindowManager( 2033): Adding window Window{b822626 u0 Starting com.huan.appstore} at 8 of 13 (after Window{3a3913c8 u0 com.suma.midware.home/com.suma.midware.home.third.Main3DActivity})
11-13 10:13:07.724 W/ContextImpl( 2514): Calling a method in the system process without a qualified user: android.app.ContextImpl.sendBroadcast:1345 android.content.ContextWrapper.sendBroadcast:377 android.app.ActivityThread.performPauseActivity:3259 android.app.ActivityThread.performPauseActivity:3225 android.app.ActivityThread.handlePauseActivity:3200 
11-13 10:13:07.748 I/ActivityManager( 2033): Start proc 7809:com.huan.appstore/u0a21 for activity com.huan.appstore/.ui.InstalledActivity
11-13 10:13:07.774 W/ViewRootImpl( 2514): Cancelling event due to no window focus: KeyEvent { action=ACTION_UP, keyCode=KEYCODE_DPAD_CENTER, scanCode=28, metaState=0, flags=0x28, repeatCount=0, eventTime=5287954, downTime=5287943, deviceId=4, source=0x701 }
11-13 10:13:07.774 W/ViewRootImpl( 2514): Cancelling event due to no window focus: KeyEvent { action=ACTION_UP, keyCode=KEYCODE_DPAD_CENTER, scanCode=28, metaState=0, flags=0x28, repeatCount=0, eventTime=5287954, downTime=5287943, deviceId=4, source=0x701 }
11-13 10:13:07.774 W/ViewRootImpl( 2514): Cancelling event due to no window focus: KeyEvent { action=ACTION_UP, keyCode=KEYCODE_DPAD_CENTER, scanCode=28, metaState=0, flags=0x28, repeatCount=0, eventTime=5287954, downTime=5287943, deviceId=4, source=0x701 }
11-13 10:13:07.774 W/ViewRootImpl( 2514): Cancelling event due to no window focus: KeyEvent { action=ACTION_UP, keyCode=KEYCODE_DPAD_CENTER, scanCode=28, metaState=0, flags=0x28, repeatCount=0, eventTime=5287954, downTime=5287943, deviceId=4, source=0x701 }
11-13 10:13:07.774 W/ViewRootImpl( 2514): Cancelling event due to no window focus: KeyEvent { action=ACTION_UP, keyCode=KEYCODE_DPAD_CENTER, scanCode=28, metaState=0, flags=0x28, repeatCount=0, eventTime=5287954, downTime=5287943, deviceId=4, source=0x701 }
11-13 10:13:07.774 W/ViewRootImpl( 2514): Cancelling event due to no window focus: KeyEvent { action=ACTION_UP, keyCode=KEYCODE_DPAD_CENTER, scanCode=28, metaState=0, flags=0x28, repeatCount=0, eventTime=5287954, downTime=5287943, deviceId=4, source=0x701 }
11-13 10:13:07.997 W/ActivityManager( 2033): Unable to start service Intent { act=com.huan.packageinstaller.PackageInstallerService } U=0: not found
11-13 10:13:07.999 W/ActivityManager( 2033): Unable to start service Intent { act=com.huan.packageinstaller.UninstallerService } U=0: not found
11-13 10:13:08.213 V/WindowManager( 2033): Adding window Window{2a8bf862 u0 com.huan.appstore/com.huan.appstore.ui.InstalledActivity} at 8 of 14 (before Window{b822626 u0 Starting com.huan.appstore})
11-13 10:13:08.241 W/ViewRootImpl( 7809): Cancelling event due to no window focus: KeyEvent { action=ACTION_UP, keyCode=KEYCODE_DPAD_CENTER, scanCode=28, metaState=0, flags=0x80000028, repeatCount=0, eventTime=5288153, downTime=5287943, deviceId=4, source=0x701 }
11-13 10:13:08.241 W/ViewRootImpl( 7809): Cancelling event due to no window focus: KeyEvent { action=ACTION_UP, keyCode=KEYCODE_DPAD_CENTER, scanCode=28, metaState=0, flags=0x80000028, repeatCount=0, eventTime=5288153, downTime=5287943, deviceId=4, source=0x701 }
11-13 10:13:08.241 W/ViewRootImpl( 7809): Cancelling event due to no window focus: KeyEvent { action=ACTION_UP, keyCode=KEYCODE_DPAD_CENTER, scanCode=28, metaState=0, flags=0x80000028, repeatCount=0, eventTime=5288153, downTime=5287943, deviceId=4, source=0x701 }
11-13 10:13:08.241 W/ViewRootImpl( 7809): Cancelling event due to no window focus: KeyEvent { action=ACTION_UP, keyCode=KEYCODE_DPAD_CENTER, scanCode=28, metaState=0, flags=0x80000028, repeatCount=0, eventTime=5288153, downTime=5287943, deviceId=4, source=0x701 }
11-13 10:13:08.241 W/ViewRootImpl( 7809): Cancelling event due to no window focus: KeyEvent { action=ACTION_UP, keyCode=KEYCODE_DPAD_CENTER, scanCode=28, metaState=0, flags=0x80000028, repeatCount=0, eventTime=5288153, downTime=5287943, deviceId=4, source=0x701 }
11-13 10:13:08.242 W/ViewRootImpl( 7809): Cancelling event due to no window focus: KeyEvent { action=ACTION_UP, keyCode=KEYCODE_DPAD_CENTER, scanCode=28, metaState=0, flags=0x80000028, repeatCount=0, eventTime=5288153, downTime=5287943, deviceId=4, source=0x701 }
11-13 10:13:08.242 W/ViewRootImpl( 7809): Cancelling event due to no window focus: KeyEvent { action=ACTION_UP, keyCode=KEYCODE_DPAD_CENTER, scanCode=28, metaState=0, flags=0x80000028, repeatCount=0, eventTime=5288153, downTime=5287943, deviceId=4, source=0x701 }
11-13 10:13:08.242 W/ViewRootImpl( 7809): Cancelling event due to no window focus: KeyEvent { action=ACTION_UP, keyCode=KEYCODE_DPAD_CENTER, scanCode=28, metaState=0, flags=0x80000028, repeatCount=0, eventTime=5288153, downTime=5287943, deviceId=4, source=0x701 }
11-13 10:13:08.242 W/ViewRootImpl( 7809): Cancelling event due to no window focus: KeyEvent { action=ACTION_UP, keyCode=KEYCODE_DPAD_CENTER, scanCode=28, metaState=0, flags=0x80000028, repeatCount=0, eventTime=5288153, downTime=5287943, deviceId=4, source=0x701 }
11-13 10:13:11.256 V/WindowManager( 2033): not Base app: Adding window Window{a5d68e6 u0 com.huan.appstore/com.huan.appstore.ui.InstalledActivity} at 9 of 14
11-13 10:13:13.740 I/ActivityManager( 2033): Force stopping com.yzx.im_demo appid=10044 user=-1: uninstall pkg
11-13 10:13:13.778 I/ActivityManager( 2033): Force stopping com.yzx.im_demo appid=10044 user=0: pkg removed
11-13 10:13:13.793 D/JobSchedulerService( 2033): Receieved: android.intent.action.PACKAGE_REMOVED
11-13 10:13:13.793 D/BackupManagerService( 2033): Received broadcast Intent { act=android.intent.action.PACKAGE_REMOVED dat=package:com.yzx.im_demo flg=0x4000010 (has extras) }
11-13 10:13:13.814 I/ActivityManager( 2033): Start proc 7892:com.android.keychain/1000 for broadcast com.android.keychain/.KeyChainBroadcastReceiver
