11-13 10:13:13.815 D/TaskPersister( 2033): removeObsoleteFile: deleting file=1123_task.xml
11-13 10:13:13.816 D/TaskPersister( 2033): removeObsoleteFile: deleting file=1123_task_thumbnail.png
11-13 10:13:13.838 W/InputMethodManagerService( 2033): Skipping input method ComponentInfo{com.suma.midware.back/com.suma.midware.back.sanping.input.SoftInputService}: it does not require the permission android.permission.BIND_INPUT_METHOD
11-13 10:13:13.839 W/ActivityManager( 2033): getTasks: caller 10021 does not hold REAL_GET_TASKS; limiting output
11-13 10:13:13.851 W/ContextImpl( 7892): Calling a method in the system process without a qualified user: android.app.ContextImpl.startService:1710 android.content.ContextWrapper.startService:516 android.content.ContextWrapper.startService:516 com.android.keychain.KeyChainBroadcastReceiver.onReceive:12 android.app.ActivityThread.handleReceiver:2609 
11-13 10:13:13.896 I/ActivityManager( 2033): Start proc 7911:com.tv.wuyetong/u0a33 for broadcast com.tv.wuyetong/com.xiaomi.mitv.store.view.AppInstallReceiver
11-13 10:13:13.980 I/ActivityManager( 2033): Start proc 7930:com.android.defcontainer/u0a1 for service com.android.defcontainer/.DefaultContainerService
11-13 10:13:14.044 I/ActivityManager( 2033): Start proc 7956:com.android.documentsui/u0a13 for broadcast com.android.documentsui/.PackageReceiver
11-13 10:13:14.737 D/WifiService( 2033): New client listening to asynchronous messages
11-13 10:13:15.012 W/ContextImpl( 2514): Calling a method in the system process without a qualified user: android.app.ContextImpl.sendBroadcast:1345 android.content.ContextWrapper.sendBroadcast:377 com.suma.midware.view.ext.BluetoothUpdate.b:-1 com.suma.midware.home.third.Main3DActivity.onResume:-1 android.app.Instrumentation.callActivityOnResume:1257 
11-13 10:13:15.015 W/ContextImpl( 2514): Calling a method in the system process without a qualified user: android.app.ContextImpl.sendBroadcast:1345 android.content.ContextWrapper.sendBroadcast:377 android.app.ActivityThread.performResumeActivity:2982 android.app.ActivityThread.handleResumeActivity:3023 android.app.ActivityThread$H.handleMessage:1347 
11-13 10:13:15.015 I/ActivityManager( 2033): Force stopping com.suma.midware.vod appid=1000 user=0: from pid 2514
11-13 10:13:15.602 W/ContextImpl( 2404): Calling a method in the system process without a qualified user: android.app.ContextImpl.sendBroadcast:1345 android.content.ContextWrapper.sendBroadcast:377 com.suma.midware.back.esg.e.f:-1 com.suma.midware.back.esg.f.run:-1 com.suma.midware.prop.util.c.run:-1 
11-13 10:13:16.605 W/ContextImpl( 2404): Calling a method in the system process without a qualified user: android.app.ContextImpl.sendBroadcast:1345 android.content.ContextWrapper.sendBroadcast:377 com.suma.midware.back.esg.e.f:-1 com.suma.midware.back.esg.f.run:-1 com.suma.midware.prop.util.c.run:-1 
11-13 10:13:17.606 W/ContextImpl( 2404): Calling a method in the system process without a qualified user: android.app.ContextImpl.sendBroadcast:1345 android.content.ContextWrapper.sendBroadcast:377 com.suma.midware.back.esg.e.f:-1 com.suma.midware.back.esg.f.run:-1 com.suma.midware.prop.util.c.run:-1 
11-13 10:13:17.852 I/ActivityManager( 2033): START u0 {act= cmp=com.sumavision.android.media.v/.MediaAppActivity} from uid 1000 on display 0
11-13 10:13:17.859 V/WindowManager( 2033): addAppToken: AppWindowToken{24c35246 token=Token{12a35e21 ActivityRecord{22d1488 u0 com.sumavision.android.media.v/.MediaAppActivity t1129}}} to stack=1 task=1129 at 0
11-13 10:13:17.862 V/WindowManager( 2033): Adding window Window{3f5ee1a3 u0 Starting com.sumavision.android.media.v} at 8 of 14 (after Window{b772051 u0 com.ipanel.android_webview.shell/com.ipanel.webapp.BrowserActivity})
11-13 10:13:17.865 W/ContextImpl( 2514): Calling a method in the system process without a qualified user: android.app.ContextImpl.sendBroadcast:1345 android.content.ContextWrapper.sendBroadcast:377 android.app.ActivityThread.performPauseActivity:3259 android.app.ActivityThread.performPauseActivity:3225 android.app.ActivityThread.handlePauseActivity:3200 
11-13 10:13:17.889 I/ActivityManager( 2033): Start proc 8032:com.sumavision.android.media.v/u0a22 for activity com.sumavision.android.media.v/.MediaAppActivity
11-13 10:13:17.890 W/ViewRootImpl( 2514): Cancelling event due to no window focus: KeyEvent { action=ACTION_UP, keyCode=KEYCODE_DPAD_CENTER, scanCode=28, metaState=0, flags=0x28, repeatCount=0, eventTime=5298094, downTime=5298078, deviceId=4, source=0x701 }
11-13 10:13:17.890 W/ViewRootImpl( 2514): Cancelling event due to no window focus: KeyEvent { action=ACTION_UP, keyCode=KEYCODE_DPAD_CENTER, scanCode=28, metaState=0, flags=0x28, repeatCount=0, eventTime=5298094, downTime=5298078, deviceId=4, source=0x701 }
11-13 10:13:17.890 W/ViewRootImpl( 2514): Cancelling event due to no window focus: KeyEvent { action=ACTION_UP, keyCode=KEYCODE_DPAD_CENTER, scanCode=28, metaState=0, flags=0x28, repeatCount=0, eventTime=5298094, downTime=5298078, deviceId=4, source=0x701 }
11-13 10:13:17.890 W/ViewRootImpl( 2514): Cancelling event due to no window focus: KeyEvent { action=ACTION_UP, keyCode=KEYCODE_DPAD_CENTER, scanCode=28, metaState=0, flags=0x28, repeatCount=0, eventTime=5298094, downTime=5298078, deviceId=4, source=0x701 }
11-13 10:13:17.890 W/ViewRootImpl( 2514): Cancelling event due to no window focus: KeyEvent { action=ACTION_UP, keyCode=KEYCODE_DPAD_CENTER, scanCode=28, metaState=0, flags=0x28, repeatCount=0, eventTime=5298094, downTime=5298078, deviceId=4, source=0x701 }
11-13 10:13:17.890 W/ViewRootImpl( 2514): Cancelling event due to no window focus: KeyEvent { action=ACTION_UP, keyCode=KEYCODE_DPAD_CENTER, scanCode=28, metaState=0, flags=0x28, repeatCount=0, eventTime=5298094, downTime=5298078, deviceId=4, source=0x701 }
11-13 10:13:18.075 V/WindowManager( 2033): Adding window Window{209d84f7 u0 com.sumavision.android.media.v/com.sumavision.android.media.v.MediaAppActivity} at 8 of 15 (before Window{3f5ee1a3 u0 Starting com.sumavision.android.media.v})
11-13 10:13:18.126 W/ViewRootImpl( 8032): Cancelling event due to no window focus: KeyEvent { action=ACTION_UP, keyCode=KEYCODE_DPAD_CENTER, scanCode=28, metaState=0, flags=0x80000028, repeatCount=0, eventTime=5298287, downTime=5298078, deviceId=4, source=0x701 }
11-13 10:13:18.126 W/ViewRootImpl( 8032): Cancelling event due to no window focus: KeyEvent { action=ACTION_UP, keyCode=KEYCODE_DPAD_CENTER, scanCode=28, metaState=0, flags=0x80000028, repeatCount=0, eventTime=5298287, downTime=5298078, deviceId=4, source=0x701 }
11-13 10:13:18.126 W/ViewRootImpl( 8032): Cancelling event due to no window focus: KeyEvent { action=ACTION_UP, keyCode=KEYCODE_DPAD_CENTER, scanCode=28, metaState=0, flags=0x80000028, repeatCount=0, eventTime=5298287, downTime=5298078, deviceId=4, source=0x701 }
11-13 10:13:18.126 W/ViewRootImpl( 8032): Cancelling event due to no window focus: KeyEvent { action=ACTION_UP, keyCode=KEYCODE_DPAD_CENTER, scanCode=28, metaState=0, flags=0x80000028, repeatCount=0, eventTime=5298287, downTime=5298078, deviceId=4, source=0x701 }
11-13 10:13:18.126 W/ViewRootImpl( 8032): Cancelling event due to no window focus: KeyEvent { action=ACTION_UP, keyCode=KEYCODE_DPAD_CENTER, scanCode=28, metaState=0, flags=0x80000028, repeatCount=0, eventTime=5298287, downTime=5298078, deviceId=4, source=0x701 }
11-13 10:13:18.126 W/ViewRootImpl( 8032): Cancelling event due to no window focus: KeyEvent { action=ACTION_UP, keyCode=KEYCODE_DPAD_CENTER, scanCode=28, metaState=0, flags=0x80000028, repeatCount=0, eventTime=5298287, downTime=5298078, deviceId=4, source=0x701 }
11-13 10:13:21.367 D/TaskPersister( 2033): removeObsoleteFile: deleting file=1121_task.xml
11-13 10:13:21.368 D/TaskPersister( 2033): removeObsoleteFile: deleting file=1121_task_thumbnail.png
11-13 10:13:28.224 I/WindowState( 2033): WIN DEATH: Window{13404790 u0 SurfaceView}
11-13 10:13:28.224 D/ConnectivityService( 2033): ConnectivityService NetworkRequestInfo binderDied(NetworkRequest [ id=9, legacyType=-1, [ Capabilities: INTERNET&NOT_RESTRICTED&TRUSTED] ], android.os.BinderProxy@f906bda)
11-13 10:13:28.225 D/ConnectivityService( 2033): releasing NetworkRequest NetworkRequest [ id=9, legacyType=-1, [ Capabilities: INTERNET&NOT_RESTRICTED&TRUSTED] ]
11-13 10:13:28.227 I/ActivityManager( 2033): Process com.ipanel.android_webview.shell (pid 7357) has died
11-13 10:13:28.231 E/ConnectivityService( 2033): RemoteException caught trying to send a callback msg for NetworkRequest [ id=9, legacyType=-1, [ Capabilities: INTERNET&NOT_RESTRICTED&TRUSTED] ]
11-13 10:13:28.232 I/WindowState( 2033): WIN DEATH: Window{b772051 u0 com.ipanel.android_webview.shell/com.ipanel.webapp.BrowserActivity}
11-13 10:13:28.232 W/WindowManager( 2033): Force-removing child win Window{38151242 u0 SurfaceView} from container Window{b772051 u0 com.ipanel.android_webview.shell/com.ipanel.webapp.BrowserActivity}
11-13 10:13:28.236 W/WindowManager( 2033): Failed looking up window
11-13 10:13:28.236 W/WindowManager( 2033): java.lang.IllegalArgumentException: Requested window android.os.BinderProxy@23c708d does not exist
11-13 10:13:28.236 W/WindowManager( 2033): 	at com.android.server.wm.WindowManagerService.windowForClientLocked(WindowManagerService.java:8654)
11-13 10:13:28.236 W/WindowManager( 2033): 	at com.android.server.wm.WindowManagerService.windowForClientLocked(WindowManagerService.java:8645)
11-13 10:13:28.236 W/WindowManager( 2033): 	at com.android.server.wm.WindowState$DeathRecipient.binderDied(WindowState.java:1142)
11-13 10:13:28.236 W/WindowManager( 2033): 	at android.os.BinderProxy.sendDeathNotice(Binder.java:551)
11-13 10:13:28.236 I/WindowState( 2033): WIN DEATH: null
11-13 10:13:28.992 I/ActivityManager( 2033): Waited long enough for: ServiceRecord{cd9a558 u0 com.tv.wuyetong/com.yealink.NotifyService}
11-13 10:13:51.171 I/ActivityManager( 2033): START u0 {cmp=com.sumavision.android.media.v/.MediaListActivity (has extras)} from uid 10022 on display 0
11-13 10:13:51.175 V/WindowManager( 2033): addAppToken: AppWindowToken{20c68101 token=Token{aed76e8 ActivityRecord{25f6880b u0 com.sumavision.android.media.v/.MediaListActivity t1129}}} to stack=1 task=1129 at 1
11-13 10:13:51.179 W/ActivityManager( 2033): getTasks: caller 10022 does not hold REAL_GET_TASKS; limiting output
11-13 10:13:51.329 V/WindowManager( 2033): Adding window Window{37a4072c u0 com.sumavision.android.media.v/com.sumavision.android.media.v.MediaListActivity} at 6 of 11 (after Window{209d84f7 u0 com.sumavision.android.media.v/com.sumavision.android.media.v.MediaAppActivity})
11-13 10:13:56.073 I/ActivityManager( 2033): START u0 {act=android.intent.action.VIEW dat=file:///mnt/sda/sda1/IM_DEMO.apk typ=application/vnd.android.package-archive cmp=com.android.packageinstaller/.PackageInstallerActivity (has extras)} from uid 10022 on display 0
11-13 10:13:56.080 V/WindowManager( 2033): addAppToken: AppWindowToken{34129ead token=Token{207e0fc4 ActivityRecord{2350cad7 u0 com.android.packageinstaller/.PackageInstallerActivity t1129}}} to stack=1 task=1129 at 2
11-13 10:13:56.082 W/ActivityManager( 2033): getTasks: caller 10022 does not hold REAL_GET_TASKS; limiting output
11-13 10:13:56.125 I/ActivityManager( 2033): Start proc 8124:com.android.packageinstaller/u0a17 for activity com.android.packageinstaller/.PackageInstallerActivity
11-13 10:13:56.399 V/WindowManager( 2033): Adding window Window{c880e2e u0 com.android.packageinstaller/com.android.packageinstaller.PackageInstallerActivity} at 7 of 12 (after Window{37a4072c u0 com.sumavision.android.media.v/com.sumavision.android.media.v.MediaListActivity})
11-13 10:14:00.091 I/ActivityManager( 2033): START u0 {dat=file:///mnt/sda/sda1/IM_DEMO.apk cmp=com.android.packageinstaller/.InstallAppProgress (has extras)} from uid 10017 on display 0
11-13 10:14:00.095 V/WindowManager( 2033): addAppToken: AppWindowToken{8ce8948 token=Token{3300e7eb ActivityRecord{38adf3a u0 com.android.packageinstaller/.InstallAppProgress t1129}}} to stack=1 task=1129 at 3
11-13 10:14:00.129 V/WindowManager( 2033): Adding window Window{25206963 u0 com.android.packageinstaller/com.android.packageinstaller.InstallAppProgress} at 8 of 13 (after Window{c880e2e u0 com.android.packageinstaller/com.android.packageinstaller.PackageInstallerActivity})
11-13 10:14:00.388 D/DefContainer( 7930): Copying /mnt/sda/sda1/IM_DEMO.apk to base.apk
11-13 10:14:03.422 D/PackageManager( 2033): Renaming /data/app/vmdl1868461038.tmp to /data/app/com.yzx.im_demo-1
11-13 10:14:06.822 W/PackageManager( 2033): Unknown permission com.android.launcher.permission.READ_SETTINGS in package com.yzx.im_demo
11-13 10:14:06.845 V/BackupManagerService( 2033): restoreAtInstall pkg=com.yzx.im_demo token=1 restoreSet=0
11-13 10:14:06.847 V/BackupManagerService( 2033): Finishing install immediately
11-13 10:14:06.852 W/InputMethodManagerService( 2033): Skipping input method ComponentInfo{com.suma.midware.back/com.suma.midware.back.sanping.input.SoftInputService}: it does not require the permission android.permission.BIND_INPUT_METHOD
11-13 10:14:06.857 D/BackupManagerService( 2033): Received broadcast Intent { act=android.intent.action.PACKAGE_ADDED dat=package:com.yzx.im_demo flg=0x4000010 (has extras) }
11-13 10:14:06.858 W/BackupManagerService( 2033): Removing schedule queue dupe of com.yzx.im_demo
11-13 10:14:20.655 W/ContextImpl( 2404): Calling a method in the system process without a qualified user: android.app.ContextImpl.sendBroadcast:1345 android.content.ContextWrapper.sendBroadcast:377 com.suma.midware.back.esg.e.f:-1 com.suma.midware.back.esg.f.run:-1 com.suma.midware.prop.util.c.run:-1 
11-13 10:14:21.658 W/ContextImpl( 2404): Calling a method in the system process without a qualified user: android.app.ContextImpl.sendBroadcast:1345 android.content.ContextWrapper.sendBroadcast:377 com.suma.midware.back.esg.e.f:-1 com.suma.midware.back.esg.f.run:-1 com.suma.midware.prop.util.c.run:-1 
11-13 10:14:22.661 W/ContextImpl( 2404): Calling a method in the system process without a qualified user: android.app.ContextImpl.sendBroadcast:1345 android.content.ContextWrapper.sendBroadcast:377 com.suma.midware.back.esg.e.f:-1 com.suma.midware.back.esg.f.run:-1 com.suma.midware.prop.util.c.run:-1 
11-13 10:14:59.836 W/BatteryStatsImpl( 2033): Couldn't get kernel wake lock stats
11-13 10:15:24.760 I/ProcessStatsService( 2033): Prepared write state in 5ms
11-13 10:15:25.705 W/ContextImpl( 2404): Calling a method in the system process without a qualified user: android.app.ContextImpl.sendBroadcast:1345 android.content.ContextWrapper.sendBroadcast:377 com.suma.midware.back.esg.e.f:-1 com.suma.midware.back.esg.f.run:-1 com.suma.midware.prop.util.c.run:-1 
11-13 10:15:26.708 W/ContextImpl( 2404): Calling a method in the system process without a qualified user: android.app.ContextImpl.sendBroadcast:1345 android.content.ContextWrapper.sendBroadcast:377 com.suma.midware.back.esg.e.f:-1 com.suma.midware.back.esg.f.run:-1 com.suma.midware.prop.util.c.run:-1 
11-13 10:15:27.711 W/ContextImpl( 2404): Calling a method in the system process without a qualified user: android.app.ContextImpl.sendBroadcast:1345 android.content.ContextWrapper.sendBroadcast:377 com.suma.midware.back.esg.e.f:-1 com.suma.midware.back.esg.f.run:-1 com.suma.midware.prop.util.c.run:-1 
11-13 10:15:56.283 I/ActivityManager( 2033): START u0 {act=android.intent.action.MAIN cat=[android.intent.category.LAUNCHER] flg=0x10000000 pkg=com.yzx.im_demo cmp=com.yzx.im_demo/.IMDemoActivity} from uid 10017 on display 0
11-13 10:15:56.289 W/ResourcesManager( 2033): Asset path '/system/framework/android.test.runner.jar' does not exist or contains no resources.
11-13 10:15:56.294 V/WindowManager( 2033): addAppToken: AppWindowToken{20d905a7 token=Token{1f62e66 ActivityRecord{1ae596c1 u0 com.yzx.im_demo/.IMDemoActivity t1130}}} to stack=1 task=1130 at 0
11-13 10:15:56.318 V/WindowManager( 2033): Adding window Window{5fee7c0 u0 Starting com.yzx.im_demo} at 8 of 13 (after Window{25206963 u0 com.android.packageinstaller/com.android.packageinstaller.InstallAppProgress})
11-13 10:15:56.367 I/ActivityManager( 2033): Start proc 8274:com.yzx.im_demo/u0a45 for activity com.yzx.im_demo/.IMDemoActivity
11-13 10:15:56.398 W/ResourcesManager( 8274): Asset path '/system/framework/android.test.runner.jar' does not exist or contains no resources.
11-13 10:15:56.557 V/WindowManager( 2033): Adding window Window{278e98ee u0 com.yzx.im_demo/com.yzx.im_demo.IMDemoActivity} at 8 of 14 (before Window{5fee7c0 u0 Starting com.yzx.im_demo})
11-13 10:15:56.629 W/ResourcesManager( 2181): Asset path '/system/framework/android.test.runner.jar' does not exist or contains no resources.
11-13 10:15:57.535 I/ActivityManager( 2033): START u0 {cmp=com.yzx.im_demo/com.ipanel.videotalk.login.LoginActivty} from uid 10045 on display 0
11-13 10:15:57.539 V/WindowManager( 2033): addAppToken: AppWindowToken{9294c95 token=Token{20bca44c ActivityRecord{34a23c7f u0 com.yzx.im_demo/com.ipanel.videotalk.login.LoginActivty t1131}}} to stack=1 task=1131 at 0
11-13 10:15:57.546 V/WindowManager( 2033): Adding window Window{e28219b u0 Starting com.yzx.im_demo} at 8 of 13 (after Window{278e98ee u0 com.yzx.im_demo/com.yzx.im_demo.IMDemoActivity})
11-13 10:15:57.760 V/WindowManager( 2033): Adding window Window{2d5f2913 u0 com.yzx.im_demo/com.ipanel.videotalk.login.LoginActivty} at 8 of 14 (before Window{e28219b u0 Starting com.yzx.im_demo})
11-13 10:16:24.341 D/DirectVolume( 1563): Volume none /mnt partition 8:1 removed
11-13 10:16:24.341 D/PartVolume( 1563): [virtual int PartVolume::handleBlockEvent(NetlinkEvent*)-92] :********PartVolume handleBlockEvent Begining********
11-13 10:16:24.341 D/PartVolume( 1563): [virtual int PartVolume::handleBlockEvent(NetlinkEvent*)-101] :PathCollection is Value------->/devices/platform/soc/f98a0000.xhci/usb3/3-1/3-1:1.0/host0/target0:0:0/0:0:0:0/block/sda/sda1
11-13 10:16:24.341 D/PartVolume( 1563): [void PartVolume::handlePartitionRemoved(const char*, NetlinkEvent*)-163] :********PartVolume handlePartitionRemoved Begining********
11-13 10:16:24.341 D/PartVolume( 1563): [void PartVolume::handlePartitionRemoved(const char*, NetlinkEvent*)-170] :Volume /sda/sda1 /mnt/sda/sda1 partition 8:1 removed
11-13 10:16:24.341 D/PartVolume( 1563): [void PartVolume::handlePartitionRemoved(const char*, NetlinkEvent*)-204] :Device Node------>2049
11-13 10:16:24.341 D/Vold    ( 1563): [void Volume::setState(int)-313] :Volume /sda/sda1 state changing 4 (Mounted) -> 5 (Unmounting)
11-13 10:16:24.341 D/Vold    ( 1563): [void Volume::setState(int)-313] :Volume /sda/sda1 state changing 5 (Unmounting) -> 1 (Idle-Unmounted)
11-13 10:16:24.341 E/MountService( 2033): VolumeState.Unmounting .
11-13 10:16:24.341 E/MountService( 2033): notifyVolumeStateChange getVolumeState !!
11-13 10:16:24.341 D/MountService( 2033): sendStorageIntent Intent { act=android.intent.action.MEDIA_EJECT dat=file:///mnt/sda/sda1 flg=0x4000000 (has extras) } to UserHandle{-1}
11-13 10:16:24.342 E/MountService( 2033): notifyVolumeStateChange getVolumeState !!
11-13 10:16:24.342 D/MountService( 2033): volume state changed for /mnt/sda/sda1 (mounted -> unmounted)
11-13 10:16:24.343 D/MountService( 2033): sendStorageIntent Intent { act=android.intent.action.MEDIA_UNMOUNTED dat=file:///mnt/sda/sda1 flg=0x4000000 (has extras) } to UserHandle{-1}
11-13 10:16:24.344 E/MountService( 2033): Failed to read response to volume shared /storage/sdcard ums
11-13 10:16:25.341 D/Vold    ( 1563): [int Volume::doUnmount(const char*, bool)-726] :doUnmount path = /mnt/sda/sda1 
11-13 10:16:25.341 D/Vold    ( 1563): [int Volume::doUnmount(const char*, bool)-750] :Failed to unmount /mnt/sda/sda1 (Device or resource busy, retries 9, action 0)
11-13 10:16:25.495 E/ProcessKiller( 1563): Process /system/bin/sh (8063) has cwd within /mnt/sda/sda1
11-13 10:16:26.504 D/Vold    ( 1563): [int Volume::doUnmount(const char*, bool)-750] :Failed to unmount /mnt/sda/sda1 (Device or resource busy, retries 8, action 0)
11-13 10:16:26.661 E/ProcessKiller( 1563): Process /system/bin/sh (8063) has cwd within /mnt/sda/sda1
11-13 10:16:27.669 D/Vold    ( 1563): [int Volume::doUnmount(const char*, bool)-750] :Failed to unmount /mnt/sda/sda1 (Device or resource busy, retries 7, action 0)
11-13 10:16:27.824 E/ProcessKiller( 1563): Process /system/bin/sh (8063) has cwd within /mnt/sda/sda1
11-13 10:16:28.832 D/Vold    ( 1563): [int Volume::doUnmount(const char*, bool)-750] :Failed to unmount /mnt/sda/sda1 (Device or resource busy, retries 6, action 0)
11-13 10:16:29.003 E/ProcessKiller( 1563): Process /system/bin/sh (8063) has cwd within /mnt/sda/sda1
11-13 10:16:30.011 D/Vold    ( 1563): [int Volume::doUnmount(const char*, bool)-750] :Failed to unmount /mnt/sda/sda1 (Device or resource busy, retries 5, action 0)
11-13 10:16:30.163 E/ProcessKiller( 1563): Process /system/bin/sh (8063) has cwd within /mnt/sda/sda1
11-13 10:16:30.753 W/ContextImpl( 2404): Calling a method in the system process without a qualified user: android.app.ContextImpl.sendBroadcast:1345 android.content.ContextWrapper.sendBroadcast:377 com.suma.midware.back.esg.e.f:-1 com.suma.midware.back.esg.f.run:-1 com.suma.midware.prop.util.c.run:-1 
11-13 10:16:31.171 D/Vold    ( 1563): [int Volume::doUnmount(const char*, bool)-750] :Failed to unmount /mnt/sda/sda1 (Device or resource busy, retries 4, action 0)
11-13 10:16:31.325 E/ProcessKiller( 1563): Process /system/bin/sh (8063) has cwd within /mnt/sda/sda1
11-13 10:16:31.755 W/ContextImpl( 2404): Calling a method in the system process without a qualified user: android.app.ContextImpl.sendBroadcast:1345 android.content.ContextWrapper.sendBroadcast:377 com.suma.midware.back.esg.e.f:-1 com.suma.midware.back.esg.f.run:-1 com.suma.midware.prop.util.c.run:-1 
11-13 10:16:32.333 D/Vold    ( 1563): [int Volume::doUnmount(const char*, bool)-750] :Failed to unmount /mnt/sda/sda1 (Device or resource busy, retries 3, action 0)
11-13 10:16:32.487 E/ProcessKiller( 1563): Process /system/bin/sh (8063) has cwd within /mnt/sda/sda1
11-13 10:16:32.758 W/ContextImpl( 2404): Calling a method in the system process without a qualified user: android.app.ContextImpl.sendBroadcast:1345 android.content.ContextWrapper.sendBroadcast:377 com.suma.midware.back.esg.e.f:-1 com.suma.midware.back.esg.f.run:-1 com.suma.midware.prop.util.c.run:-1 
11-13 10:16:33.495 D/Vold    ( 1563): [int Volume::doUnmount(const char*, bool)-750] :Failed to unmount /mnt/sda/sda1 (Device or resource busy, retries 2, action 1)
11-13 10:16:33.650 E/ProcessKiller( 1563): Process /system/bin/sh (8063) has cwd within /mnt/sda/sda1
11-13 10:16:33.650 W/ProcessKiller( 1563): Sending SIGHUP to process 8063
11-13 10:16:34.658 D/Vold    ( 1563): [int Volume::doUnmount(const char*, bool)-750] :Failed to unmount /mnt/sda/sda1 (Device or resource busy, retries 1, action 2)
11-13 10:16:34.804 E/ProcessKiller( 1563): Process /system/bin/sh (8063) has cwd within /mnt/sda/sda1
11-13 10:16:34.804 E/ProcessKiller( 1563): Sending SIGKILL to process 8063
11-13 10:16:35.817 D/Vold    ( 1563): [int Volume::doUnmount(const char*, bool)-735] :/mnt/sda/sda1 sucessfully unmounted
11-13 10:16:35.818 I/Vold    ( 1563): /mnt/sda/sda1 unmounted successfully
11-13 10:16:35.818 W/Vold    ( 1563): Duplicate state (1)
11-13 10:16:35.818 D/Vold    ( 1563): [static void Volume::rmdir_p(const char*)-995] :pTemp----->/mnt/sda/sda1
11-13 10:16:35.818 D/Vold    ( 1563): [static void Volume::rmdir_p(const char*)-1004] :slash------>/sda1
11-13 10:16:35.818 D/Vold    ( 1563): [static void Volume::rmdir_p(const char*)-1004] :slash------>/sda
11-13 10:16:35.818 D/PartVolume( 1563): Crisis averted
11-13 10:16:35.818 D/Vold    ( 1563): [void Volume::setState(int)-313] :Volume /sda/sda1 state changing 1 (Idle-Unmounted) -> 0 (No-Media)
11-13 10:16:35.818 D/Vold    ( 1563): [void VolumeManager::handleBlockEvent(NetlinkEvent*)-326] :Device '/devices/platform/soc/f98a0000.xhci/usb3/3-1/3-1:1.0/host0/target0:0:0/0:0:0:0/block/sda/sda1' event handled by volume /sda/sda1
11-13 10:16:35.818 D/DirectVolume( 1563): Volume none /mnt disk 8:0 removed
11-13 10:16:35.818 W/Vold    ( 1563): Duplicate state (0)
11-13 10:16:35.819 D/PartVolume( 1563): [virtual int PartVolume::handleBlockEvent(NetlinkEvent*)-92] :********PartVolume handleBlockEvent Begining********
11-13 10:16:35.819 W/Vold    ( 1563): No volumes handled block event for '/devices/platform/soc/f98a0000.xhci/usb3/3-1/3-1:1.0/host0/target0:0:0/0:0:0:0/block/sda'
11-13 10:16:35.819 E/MountService( 2033): VolumeUserLabelChange , path = /mnt/sda/sda1 , userLabel =null
11-13 10:16:35.819 E/MountService( 2033): VolumeState.NoMedia .
11-13 10:16:35.819 D/MountService( 2033): volume state changed for /mnt/sda/sda1 (unmounted -> 1)
11-13 10:16:35.820 E/MountService( 2033): notifyVolumeStateChange getVolumeState !!
11-13 10:16:35.820 D/MountService( 2033): volume state changed for /mnt/sda/sda1 (1 -> unmounted)
11-13 10:16:35.821 D/MountService( 2033): volume state changed for /mnt/sda/sda1 (unmounted -> removed)
11-13 10:16:35.822 W/MountService( 2033): getVolumeState(/storage): Unknown volume
11-13 10:16:35.822 E/VoldConnector( 2033): Error handling '631 Volume none /storage disk removed (8:0)': java.lang.IllegalArgumentException
11-13 10:16:35.822 E/MountService( 2033): Failed to read response to volume shared /storage/sdcard ums
11-13 10:16:35.831 I/ValidateNoPeople( 2033): skipping global notification
11-13 10:17:35.803 W/ContextImpl( 2404): Calling a method in the system process without a qualified user: android.app.ContextImpl.sendBroadcast:1345 android.content.ContextWrapper.sendBroadcast:377 com.suma.midware.back.esg.e.f:-1 com.suma.midware.back.esg.f.run:-1 com.suma.midware.prop.util.c.run:-1 
11-13 10:17:36.806 W/ContextImpl( 2404): Calling a method in the system process without a qualified user: android.app.ContextImpl.sendBroadcast:1345 android.content.ContextWrapper.sendBroadcast:377 com.suma.midware.back.esg.e.f:-1 com.suma.midware.back.esg.f.run:-1 com.suma.midware.prop.util.c.run:-1 
11-13 10:17:37.809 W/ContextImpl( 2404): Calling a method in the system process without a qualified user: android.app.ContextImpl.sendBroadcast:1345 android.content.ContextWrapper.sendBroadcast:377 com.suma.midware.back.esg.e.f:-1 com.suma.midware.back.esg.f.run:-1 com.suma.midware.prop.util.c.run:-1 
11-13 10:18:40.867 W/ContextImpl( 2404): Calling a method in the system process without a qualified user: android.app.ContextImpl.sendBroadcast:1345 android.content.ContextWrapper.sendBroadcast:377 com.suma.midware.back.esg.e.f:-1 com.suma.midware.back.esg.f.run:-1 com.suma.midware.prop.util.c.run:-1 
11-13 10:18:41.870 W/ContextImpl( 2404): Calling a method in the system process without a qualified user: android.app.ContextImpl.sendBroadcast:1345 android.content.ContextWrapper.sendBroadcast:377 com.suma.midware.back.esg.e.f:-1 com.suma.midware.back.esg.f.run:-1 com.suma.midware.prop.util.c.run:-1 
11-13 10:18:42.873 W/ContextImpl( 2404): Calling a method in the system process without a qualified user: android.app.ContextImpl.sendBroadcast:1345 android.content.ContextWrapper.sendBroadcast:377 com.suma.midware.back.esg.e.f:-1 com.suma.midware.back.esg.f.run:-1 com.suma.midware.prop.util.c.run:-1 
11-13 10:19:45.923 W/ContextImpl( 2404): Calling a method in the system process without a qualified user: android.app.ContextImpl.sendBroadcast:1345 android.content.ContextWrapper.sendBroadcast:377 com.suma.midware.back.esg.e.f:-1 com.suma.midware.back.esg.f.run:-1 com.suma.midware.prop.util.c.run:-1 
11-13 10:19:46.926 W/ContextImpl( 2404): Calling a method in the system process without a qualified user: android.app.ContextImpl.sendBroadcast:1345 android.content.ContextWrapper.sendBroadcast:377 com.suma.midware.back.esg.e.f:-1 com.suma.midware.back.esg.f.run:-1 com.suma.midware.prop.util.c.run:-1 
11-13 10:19:47.929 W/ContextImpl( 2404): Calling a method in the system process without a qualified user: android.app.ContextImpl.sendBroadcast:1345 android.content.ContextWrapper.sendBroadcast:377 com.suma.midware.back.esg.e.f:-1 com.suma.midware.back.esg.f.run:-1 com.suma.midware.prop.util.c.run:-1 
11-13 10:20:50.978 W/ContextImpl( 2404): Calling a method in the system process without a qualified user: android.app.ContextImpl.sendBroadcast:1345 android.content.ContextWrapper.sendBroadcast:377 com.suma.midware.back.esg.e.f:-1 com.suma.midware.back.esg.f.run:-1 com.suma.midware.prop.util.c.run:-1 
11-13 10:20:51.981 W/ContextImpl( 2404): Calling a method in the system process without a qualified user: android.app.ContextImpl.sendBroadcast:1345 android.content.ContextWrapper.sendBroadcast:377 com.suma.midware.back.esg.e.f:-1 com.suma.midware.back.esg.f.run:-1 com.suma.midware.prop.util.c.run:-1 
11-13 10:20:52.984 W/ContextImpl( 2404): Calling a method in the system process without a qualified user: android.app.ContextImpl.sendBroadcast:1345 android.content.ContextWrapper.sendBroadcast:377 com.suma.midware.back.esg.e.f:-1 com.suma.midware.back.esg.f.run:-1 com.suma.midware.prop.util.c.run:-1 
11-13 10:21:32.176 V/WindowManager( 2033): not Base app: Adding window Window{42fe9e5 u0 com.yzx.im_demo/com.ipanel.videotalk.login.LoginActivty} at 7 of 13
11-13 10:21:33.180 I/ActivityManager( 2033): START u0 {cmp=com.yzx.im_demo/com.ipanel.videotalk.home.HomeActivity (has extras)} from uid 10045 on display 0
11-13 10:21:33.188 V/WindowManager( 2033): addAppToken: AppWindowToken{1d026f47 token=Token{16e2ba86 ActivityRecord{3fa3f61 u0 com.yzx.im_demo/com.ipanel.videotalk.home.HomeActivity t1131}}} to stack=1 task=1131 at 1
11-13 10:21:33.448 D/WifiService( 2033): New client listening to asynchronous messages
11-13 10:21:33.540 W/InputMethodManagerService( 2033): Window already focused, ignoring focus gain of: com.android.internal.view.IInputMethodClient$Stub$Proxy@2fdb3374 attribute=null, token = android.os.BinderProxy@16724c02
11-13 10:21:33.776 V/WindowManager( 2033): Adding window Window{91ff912 u0 com.yzx.im_demo/com.ipanel.videotalk.home.HomeActivity} at 7 of 13 (after Window{2d5f2913 u0 com.yzx.im_demo/com.ipanel.videotalk.login.LoginActivty})
11-13 10:21:56.024 W/ContextImpl( 2404): Calling a method in the system process without a qualified user: android.app.ContextImpl.sendBroadcast:1345 android.content.ContextWrapper.sendBroadcast:377 com.suma.midware.back.esg.e.f:-1 com.suma.midware.back.esg.f.run:-1 com.suma.midware.prop.util.c.run:-1 
11-13 10:21:57.026 W/ContextImpl( 2404): Calling a method in the system process without a qualified user: android.app.ContextImpl.sendBroadcast:1345 android.content.ContextWrapper.sendBroadcast:377 com.suma.midware.back.esg.e.f:-1 com.suma.midware.back.esg.f.run:-1 com.suma.midware.prop.util.c.run:-1 
11-13 10:21:58.029 W/ContextImpl( 2404): Calling a method in the system process without a qualified user: android.app.ContextImpl.sendBroadcast:1345 android.content.ContextWrapper.sendBroadcast:377 com.suma.midware.back.esg.e.f:-1 com.suma.midware.back.esg.f.run:-1 com.suma.midware.prop.util.c.run:-1 
11-13 10:22:45.265 I/ActivityManager( 2033): START u0 {flg=0x10000000 cmp=com.yzx.im_demo/com.ipanel.videotalk.InComingCallActivity (has extras)} from uid 10045 on display 0
11-13 10:22:45.268 V/WindowManager( 2033): addAppToken: AppWindowToken{26bd986a token=Token{c81655 ActivityRecord{21557d0c u0 com.yzx.im_demo/com.ipanel.videotalk.InComingCallActivity t1131}}} to stack=1 task=1131 at 2
11-13 10:22:45.303 V/WindowManager( 2033): Adding window Window{45fb837 u0 com.yzx.im_demo/com.ipanel.videotalk.InComingCallActivity} at 8 of 14 (after Window{91ff912 u0 com.yzx.im_demo/com.ipanel.videotalk.home.HomeActivity})
11-13 10:22:45.307 V/WindowManager( 2033): Adding window Window{34bdbb0d u0 com.yzx.im_demo/com.ipanel.videotalk.InComingCallActivity} at 8 of 15 (before Window{45fb837 u0 com.yzx.im_demo/com.ipanel.videotalk.InComingCallActivity})
11-13 10:22:53.366 I/ActivityManager( 2033): START u0 {flg=0x10000000 cmp=com.yzx.im_demo/com.ipanel.videotalk.VideoCallActivty (has extras)} from uid 10045 on display 0
11-13 10:22:53.370 V/WindowManager( 2033): addAppToken: AppWindowToken{1d7e574b token=Token{28a4f01a ActivityRecord{1cbc3ec5 u0 com.yzx.im_demo/com.ipanel.videotalk.VideoCallActivty t1131}}} to stack=1 task=1131 at 3
11-13 10:22:53.405 W/BackupManagerService( 2033): dataChanged but no participant pkg='com.android.providers.settings' uid=10045
11-13 10:22:53.511 V/WindowManager( 2033): Adding window Window{3a208140 u0 com.yzx.im_demo/com.ipanel.videotalk.VideoCallActivty} at 9 of 15 (after Window{34bdbb0d u0 com.yzx.im_demo/com.ipanel.videotalk.InComingCallActivity})
11-13 10:22:53.532 V/WindowManager( 2033): Adding window Window{37199be u0 SurfaceView} at 9 of 16 (before Window{3a208140 u0 com.yzx.im_demo/com.ipanel.videotalk.VideoCallActivty})
11-13 10:22:53.538 V/WindowManager( 2033): Adding window Window{1a2c716c u0 SurfaceView} at 9 of 17 (before Window{37199be u0 SurfaceView})
11-13 10:22:53.742 V/WindowManager( 2033): Adding window Window{3018d222 u0 SurfaceView} at 9 of 18 (before Window{1a2c716c u0 SurfaceView EXITING})
11-13 10:22:53.803 V/WindowManager( 2033): Adding window Window{39f6ba70 u0 SurfaceView} at 13 of 19 (after Window{3a208140 u0 com.yzx.im_demo/com.ipanel.videotalk.VideoCallActivty})
11-13 10:23:01.050 W/ContextImpl( 2404): Calling a method in the system process without a qualified user: android.app.ContextImpl.sendBroadcast:1345 android.content.ContextWrapper.sendBroadcast:377 com.suma.midware.back.esg.e.f:-1 com.suma.midware.back.esg.f.run:-1 com.suma.midware.prop.util.c.run:-1 
11-13 10:23:02.052 W/ContextImpl( 2404): Calling a method in the system process without a qualified user: android.app.ContextImpl.sendBroadcast:1345 android.content.ContextWrapper.sendBroadcast:377 com.suma.midware.back.esg.e.f:-1 com.suma.midware.back.esg.f.run:-1 com.suma.midware.prop.util.c.run:-1 
11-13 10:23:03.054 W/ContextImpl( 2404): Calling a method in the system process without a qualified user: android.app.ContextImpl.sendBroadcast:1345 android.content.ContextWrapper.sendBroadcast:377 com.suma.midware.back.esg.e.f:-1 com.suma.midware.back.esg.f.run:-1 com.suma.midware.prop.util.c.run:-1 
11-13 10:23:58.554 W/BackupManagerService( 2033): dataChanged but no participant pkg='com.android.providers.settings' uid=10045
11-13 10:24:06.117 W/ContextImpl( 2404): Calling a method in the system process without a qualified user: android.app.ContextImpl.sendBroadcast:1345 android.content.ContextWrapper.sendBroadcast:377 com.suma.midware.back.esg.e.f:-1 com.suma.midware.back.esg.f.run:-1 com.suma.midware.prop.util.c.run:-1 
11-13 10:24:07.120 W/ContextImpl( 2404): Calling a method in the system process without a qualified user: android.app.ContextImpl.sendBroadcast:1345 android.content.ContextWrapper.sendBroadcast:377 com.suma.midware.back.esg.e.f:-1 com.suma.midware.back.esg.f.run:-1 com.suma.midware.prop.util.c.run:-1 
11-13 10:24:08.123 W/ContextImpl( 2404): Calling a method in the system process without a qualified user: android.app.ContextImpl.sendBroadcast:1345 android.content.ContextWrapper.sendBroadcast:377 com.suma.midware.back.esg.e.f:-1 com.suma.midware.back.esg.f.run:-1 com.suma.midware.prop.util.c.run:-1 
11-13 10:25:00.460 I/UsageStatsService( 2033): User[0] Flushing usage stats to disk
11-13 10:25:11.180 W/ContextImpl( 2404): Calling a method in the system process without a qualified user: android.app.ContextImpl.sendBroadcast:1345 android.content.ContextWrapper.sendBroadcast:377 com.suma.midware.back.esg.e.f:-1 com.suma.midware.back.esg.f.run:-1 com.suma.midware.prop.util.c.run:-1 
11-13 10:25:12.183 W/ContextImpl( 2404): Calling a method in the system process without a qualified user: android.app.ContextImpl.sendBroadcast:1345 android.content.ContextWrapper.sendBroadcast:377 com.suma.midware.back.esg.e.f:-1 com.suma.midware.back.esg.f.run:-1 com.suma.midware.prop.util.c.run:-1 
11-13 10:25:13.184 W/ContextImpl( 2404): Calling a method in the system process without a qualified user: android.app.ContextImpl.sendBroadcast:1345 android.content.ContextWrapper.sendBroadcast:377 com.suma.midware.back.esg.e.f:-1 com.suma.midware.back.esg.f.run:-1 com.suma.midware.prop.util.c.run:-1 
11-13 10:26:16.234 W/ContextImpl( 2404): Calling a method in the system process without a qualified user: android.app.ContextImpl.sendBroadcast:1345 android.content.ContextWrapper.sendBroadcast:377 com.suma.midware.back.esg.e.f:-1 com.suma.midware.back.esg.f.run:-1 com.suma.midware.prop.util.c.run:-1 
11-13 10:26:17.239 W/ContextImpl( 2404): Calling a method in the system process without a qualified user: android.app.ContextImpl.sendBroadcast:1345 android.content.ContextWrapper.sendBroadcast:377 com.suma.midware.back.esg.e.f:-1 com.suma.midware.back.esg.f.run:-1 com.suma.midware.prop.util.c.run:-1 
11-13 10:26:18.242 W/ContextImpl( 2404): Calling a method in the system process without a qualified user: android.app.ContextImpl.sendBroadcast:1345 android.content.ContextWrapper.sendBroadcast:377 com.suma.midware.back.esg.e.f:-1 com.suma.midware.back.esg.f.run:-1 com.suma.midware.prop.util.c.run:-1 
11-13 10:27:16.576 V/WindowManager( 2033): not Base app: Adding window Window{821572b u0 com.yzx.im_demo/com.ipanel.videotalk.home.HomeActivity} at 8 of 14
11-13 10:27:17.508 I/ActivityManager( 2033): START u0 {flg=0x20000 cmp=com.yzx.im_demo/com.ipanel.videotalk.VideoCallActivty (has extras)} from uid 10045 on display 0
11-13 10:27:17.509 V/WindowManager( 2033): addAppToken: AppWindowToken{b7e07d2 token=Token{1920825d ActivityRecord{292b7434 u0 com.yzx.im_demo/com.ipanel.videotalk.VideoCallActivty t1131}}} to stack=1 task=1131 at 2
11-13 10:27:17.531 W/BackupManagerService( 2033): dataChanged but no participant pkg='com.android.providers.settings' uid=10045
11-13 10:27:17.552 V/WindowManager( 2033): Adding window Window{31de2891 u0 com.yzx.im_demo/com.ipanel.videotalk.VideoCallActivty} at 8 of 15 (after Window{91ff912 u0 com.yzx.im_demo/com.ipanel.videotalk.home.HomeActivity})
11-13 10:27:17.559 V/WindowManager( 2033): Adding window Window{3a23f3f7 u0 SurfaceView} at 9 of 16 (before Window{184a611b u0 com.yzx.im_demo})
11-13 10:27:17.576 V/WindowManager( 2033): Adding window Window{1dabbccd u0 SurfaceView} at 8 of 17 (before Window{31de2891 u0 com.yzx.im_demo/com.ipanel.videotalk.VideoCallActivty})
11-13 10:27:17.580 V/WindowManager( 2033): Adding window Window{2299d893 u0 SurfaceView} at 8 of 18 (before Window{1dabbccd u0 SurfaceView})
11-13 10:27:18.115 V/WindowManager( 2033): Adding window Window{245546da u0 SurfaceView} at 8 of 17 (before Window{31de2891 u0 com.yzx.im_demo/com.ipanel.videotalk.VideoCallActivty})
11-13 10:27:18.124 V/WindowManager( 2033): Adding window Window{116949e8 u0 SurfaceView} at 10 of 18 (after Window{31de2891 u0 com.yzx.im_demo/com.ipanel.videotalk.VideoCallActivty})
11-13 10:27:21.297 W/ContextImpl( 2404): Calling a method in the system process without a qualified user: android.app.ContextImpl.sendBroadcast:1345 android.content.ContextWrapper.sendBroadcast:377 com.suma.midware.back.esg.e.f:-1 com.suma.midware.back.esg.f.run:-1 com.suma.midware.prop.util.c.run:-1 
11-13 10:27:22.300 W/ContextImpl( 2404): Calling a method in the system process without a qualified user: android.app.ContextImpl.sendBroadcast:1345 android.content.ContextWrapper.sendBroadcast:377 com.suma.midware.back.esg.e.f:-1 com.suma.midware.back.esg.f.run:-1 com.suma.midware.prop.util.c.run:-1 
11-13 10:27:23.304 W/ContextImpl( 2404): Calling a method in the system process without a qualified user: android.app.ContextImpl.sendBroadcast:1345 android.content.ContextWrapper.sendBroadcast:377 com.suma.midware.back.esg.e.f:-1 com.suma.midware.back.esg.f.run:-1 com.suma.midware.prop.util.c.run:-1 
11-13 10:27:45.003 V/WindowManager( 2033): not Base app: Adding window Window{1f03c8e7 u0 com.yzx.im_demo/com.ipanel.videotalk.VideoCallActivty} at 11 of 19
11-13 10:27:47.108 W/ActivityManager( 2033): Duplicate finish request for ActivityRecord{292b7434 u0 com.yzx.im_demo/com.ipanel.videotalk.VideoCallActivty t1131 f}
11-13 10:27:47.365 W/BackupManagerService( 2033): dataChanged but no participant pkg='com.android.providers.settings' uid=10045
11-13 10:27:48.280 V/WindowManager( 2033): not Base app: Adding window Window{2d7d1a8a u0 com.yzx.im_demo/com.ipanel.videotalk.home.HomeActivity} at 8 of 14
11-13 10:27:49.291 I/ActivityManager( 2033): START u0 {flg=0x20000 cmp=com.yzx.im_demo/com.ipanel.videotalk.VideoCallActivty (has extras)} from uid 10045 on display 0
11-13 10:27:49.293 V/WindowManager( 2033): addAppToken: AppWindowToken{3e4ba5ad token=Token{116ad2c4 ActivityRecord{32bab9d7 u0 com.yzx.im_demo/com.ipanel.videotalk.VideoCallActivty t1131}}} to stack=1 task=1131 at 2
11-13 10:27:49.313 W/BackupManagerService( 2033): dataChanged but no participant pkg='com.android.providers.settings' uid=10045
11-13 10:27:49.339 V/WindowManager( 2033): Adding window Window{35d93a3a u0 com.yzx.im_demo/com.ipanel.videotalk.VideoCallActivty} at 8 of 14 (after Window{91ff912 u0 com.yzx.im_demo/com.ipanel.videotalk.home.HomeActivity})
11-13 10:27:49.373 V/WindowManager( 2033): Adding window Window{23afdc48 u0 SurfaceView} at 8 of 15 (before Window{35d93a3a u0 com.yzx.im_demo/com.ipanel.videotalk.VideoCallActivty})
11-13 10:27:49.379 V/WindowManager( 2033): Adding window Window{3710c006 u0 SurfaceView} at 8 of 16 (before Window{23afdc48 u0 SurfaceView})
11-13 10:27:49.835 V/WindowManager( 2033): Adding window Window{23811519 u0 SurfaceView} at 8 of 15 (before Window{35d93a3a u0 com.yzx.im_demo/com.ipanel.videotalk.VideoCallActivty})
11-13 10:27:49.857 V/WindowManager( 2033): Adding window Window{19fb6e8c u0 SurfaceView} at 10 of 16 (after Window{35d93a3a u0 com.yzx.im_demo/com.ipanel.videotalk.VideoCallActivty})
11-13 10:28:26.326 W/ContextImpl( 2404): Calling a method in the system process without a qualified user: android.app.ContextImpl.sendBroadcast:1345 android.content.ContextWrapper.sendBroadcast:377 com.suma.midware.back.esg.e.f:-1 com.suma.midware.back.esg.f.run:-1 com.suma.midware.prop.util.c.run:-1 
11-13 10:28:27.327 W/ContextImpl( 2404): Calling a method in the system process without a qualified user: android.app.ContextImpl.sendBroadcast:1345 android.content.ContextWrapper.sendBroadcast:377 com.suma.midware.back.esg.e.f:-1 com.suma.midware.back.esg.f.run:-1 com.suma.midware.prop.util.c.run:-1 
11-13 10:28:28.329 W/ContextImpl( 2404): Calling a method in the system process without a qualified user: android.app.ContextImpl.sendBroadcast:1345 android.content.ContextWrapper.sendBroadcast:377 com.suma.midware.back.esg.e.f:-1 com.suma.midware.back.esg.f.run:-1 com.suma.midware.prop.util.c.run:-1 
11-13 10:28:59.382 W/BackupManagerService( 2033): dataChanged but no participant pkg='com.android.providers.settings' uid=10045
11-13 10:29:31.382 W/ContextImpl( 2404): Calling a method in the system process without a qualified user: android.app.ContextImpl.sendBroadcast:1345 android.content.ContextWrapper.sendBroadcast:377 com.suma.midware.back.esg.e.f:-1 com.suma.midware.back.esg.f.run:-1 com.suma.midware.prop.util.c.run:-1 
11-13 10:29:32.385 W/ContextImpl( 2404): Calling a method in the system process without a qualified user: android.app.ContextImpl.sendBroadcast:1345 android.content.ContextWrapper.sendBroadcast:377 com.suma.midware.back.esg.e.f:-1 com.suma.midware.back.esg.f.run:-1 com.suma.midware.prop.util.c.run:-1 
11-13 10:29:33.388 W/ContextImpl( 2404): Calling a method in the system process without a qualified user: android.app.ContextImpl.sendBroadcast:1345 android.content.ContextWrapper.sendBroadcast:377 com.suma.midware.back.esg.e.f:-1 com.suma.midware.back.esg.f.run:-1 com.suma.midware.prop.util.c.run:-1 
11-13 10:30:36.443 W/ContextImpl( 2404): Calling a method in the system process without a qualified user: android.app.ContextImpl.sendBroadcast:1345 android.content.ContextWrapper.sendBroadcast:377 com.suma.midware.back.esg.e.f:-1 com.suma.midware.back.esg.f.run:-1 com.suma.midware.prop.util.c.run:-1 
11-13 10:30:37.446 W/ContextImpl( 2404): Calling a method in the system process without a qualified user: android.app.ContextImpl.sendBroadcast:1345 android.content.ContextWrapper.sendBroadcast:377 com.suma.midware.back.esg.e.f:-1 com.suma.midware.back.esg.f.run:-1 com.suma.midware.prop.util.c.run:-1 
11-13 10:30:38.449 W/ContextImpl( 2404): Calling a method in the system process without a qualified user: android.app.ContextImpl.sendBroadcast:1345 android.content.ContextWrapper.sendBroadcast:377 com.suma.midware.back.esg.e.f:-1 com.suma.midware.back.esg.f.run:-1 com.suma.midware.prop.util.c.run:-1 
11-13 10:31:41.522 W/ContextImpl( 2404): Calling a method in the system process without a qualified user: android.app.ContextImpl.sendBroadcast:1345 android.content.ContextWrapper.sendBroadcast:377 com.suma.midware.back.esg.e.f:-1 com.suma.midware.back.esg.f.run:-1 com.suma.midware.prop.util.c.run:-1 
11-13 10:31:42.525 W/ContextImpl( 2404): Calling a method in the system process without a qualified user: android.app.ContextImpl.sendBroadcast:1345 android.content.ContextWrapper.sendBroadcast:377 com.suma.midware.back.esg.e.f:-1 com.suma.midware.back.esg.f.run:-1 com.suma.midware.prop.util.c.run:-1 
11-13 10:31:43.528 W/ContextImpl( 2404): Calling a method in the system process without a qualified user: android.app.ContextImpl.sendBroadcast:1345 android.content.ContextWrapper.sendBroadcast:377 com.suma.midware.back.esg.e.f:-1 com.suma.midware.back.esg.f.run:-1 com.suma.midware.prop.util.c.run:-1 
11-13 10:32:46.573 W/ContextImpl( 2404): Calling a method in the system process without a qualified user: android.app.ContextImpl.sendBroadcast:1345 android.content.ContextWrapper.sendBroadcast:377 com.suma.midware.back.esg.e.f:-1 com.suma.midware.back.esg.f.run:-1 com.suma.midware.prop.util.c.run:-1 
11-13 10:32:47.576 W/ContextImpl( 2404): Calling a method in the system process without a qualified user: android.app.ContextImpl.sendBroadcast:1345 android.content.ContextWrapper.sendBroadcast:377 com.suma.midware.back.esg.e.f:-1 com.suma.midware.back.esg.f.run:-1 com.suma.midware.prop.util.c.run:-1 
11-13 10:32:48.578 W/ContextImpl( 2404): Calling a method in the system process without a qualified user: android.app.ContextImpl.sendBroadcast:1345 android.content.ContextWrapper.sendBroadcast:377 com.suma.midware.back.esg.e.f:-1 com.suma.midware.back.esg.f.run:-1 com.suma.midware.prop.util.c.run:-1 
11-13 10:33:51.624 W/ContextImpl( 2404): Calling a method in the system process without a qualified user: android.app.ContextImpl.sendBroadcast:1345 android.content.ContextWrapper.sendBroadcast:377 com.suma.midware.back.esg.e.f:-1 com.suma.midware.back.esg.f.run:-1 com.suma.midware.prop.util.c.run:-1 
11-13 10:33:52.627 W/ContextImpl( 2404): Calling a method in the system process without a qualified user: android.app.ContextImpl.sendBroadcast:1345 android.content.ContextWrapper.sendBroadcast:377 com.suma.midware.back.esg.e.f:-1 com.suma.midware.back.esg.f.run:-1 com.suma.midware.prop.util.c.run:-1 
11-13 10:33:53.630 W/ContextImpl( 2404): Calling a method in the system process without a qualified user: android.app.ContextImpl.sendBroadcast:1345 android.content.ContextWrapper.sendBroadcast:377 com.suma.midware.back.esg.e.f:-1 com.suma.midware.back.esg.f.run:-1 com.suma.midware.prop.util.c.run:-1 
11-13 10:34:56.682 W/ContextImpl( 2404): Calling a method in the system process without a qualified user: android.app.ContextImpl.sendBroadcast:1345 android.content.ContextWrapper.sendBroadcast:377 com.suma.midware.back.esg.e.f:-1 com.suma.midware.back.esg.f.run:-1 com.suma.midware.prop.util.c.run:-1 
11-13 10:34:57.685 W/ContextImpl( 2404): Calling a method in the system process without a qualified user: android.app.ContextImpl.sendBroadcast:1345 android.content.ContextWrapper.sendBroadcast:377 com.suma.midware.back.esg.e.f:-1 com.suma.midware.back.esg.f.run:-1 com.suma.midware.prop.util.c.run:-1 
11-13 10:34:58.689 W/ContextImpl( 2404): Calling a method in the system process without a qualified user: android.app.ContextImpl.sendBroadcast:1345 android.content.ContextWrapper.sendBroadcast:377 com.suma.midware.back.esg.e.f:-1 com.suma.midware.back.esg.f.run:-1 com.suma.midware.prop.util.c.run:-1 
11-13 10:36:01.745 W/ContextImpl( 2404): Calling a method in the system process without a qualified user: android.app.ContextImpl.sendBroadcast:1345 android.content.ContextWrapper.sendBroadcast:377 com.suma.midware.back.esg.e.f:-1 com.suma.midware.back.esg.f.run:-1 com.suma.midware.prop.util.c.run:-1 
11-13 10:36:02.748 W/ContextImpl( 2404): Calling a method in the system process without a qualified user: android.app.ContextImpl.sendBroadcast:1345 android.content.ContextWrapper.sendBroadcast:377 com.suma.midware.back.esg.e.f:-1 com.suma.midware.back.esg.f.run:-1 com.suma.midware.prop.util.c.run:-1 
11-13 10:36:03.751 W/ContextImpl( 2404): Calling a method in the system process without a qualified user: android.app.ContextImpl.sendBroadcast:1345 android.content.ContextWrapper.sendBroadcast:377 com.suma.midware.back.esg.e.f:-1 com.suma.midware.back.esg.f.run:-1 com.suma.midware.prop.util.c.run:-1 
11-13 10:36:35.723 I/ActivityManager( 2033): START u0 {act=android.intent.action.MAIN cat=[android.intent.category.HOME] flg=0x10200000 cmp=com.suma.midware.home/.third.Main3DActivity} from uid 1000 on display 0
11-13 10:36:35.744 I/ActivityManager( 2033): Force stopping com.android.browser appid=10010 user=0: from pid 2404
11-13 10:36:35.765 I/WindowState( 2033): WIN DEATH: Window{209d84f7 u0 com.sumavision.android.media.v/com.sumavision.android.media.v.MediaAppActivity}
