11-13 10:55:30.850 I/ActivityManager( 2033):   pers  P    25135 kB: com.android.systemui (pid 2181) fixed
11-13 10:55:30.850 I/ActivityManager( 2033):   pers  P    21907 kB: com.suma.midware.back (pid 2404) fixed
11-13 10:55:30.850 I/ActivityManager( 2033):   pers  P    12200 kB: com.suma.midware.dms (pid 2448) fixed
11-13 10:55:30.850 I/ActivityManager( 2033):   pers  P     6467 kB: com.suma.midware.global (pid 2471) fixed
11-13 10:55:30.850 I/ActivityManager( 2033):   pers  P     6203 kB: com.android.phone (pid 2496) fixed
11-13 10:55:30.850 I/ActivityManager( 2033):   pers  P     4134 kB: com.hisilicon.android.hiRMService (pid 2424) fixed
11-13 10:55:30.850 I/ActivityManager( 2033):   fore  T    22709 kB: com.suma.midware.home (pid 2514) top-activity
11-13 10:55:30.850 I/ActivityManager( 2033):   prcp  IB    9190 kB: com.amlogic.inputmethod.remote (pid 2386) service
11-13 10:55:30.850 I/ActivityManager( 2033):                        com.amlogic.inputmethod.remote/.RemoteIME<=Proc{2033:system/1000}
11-13 10:55:30.850 I/ActivityManager( 2033):   prcp  IF    6984 kB: com.yzx.im_demo (pid 9973) fg-service
11-13 10:55:30.850 I/ActivityManager( 2033):   svc   S    15790 kB: com.starcor.mango (pid 10225) started-services
11-13 10:55:30.850 I/ActivityManager( 2033):   svc   S     6076 kB: com.huan.appstore (pid 10090) started-services
11-13 10:55:30.850 I/ActivityManager( 2033):   svcb  S     8281 kB: com.sumavision.admindm (pid 9952) started-services
11-13 10:55:30.850 I/ActivityManager( 2033):   svcb  S     7719 kB: com.suma.midware.setting (pid 9912) started-services
11-13 10:55:30.850 I/ActivityManager( 2033):   cch   S    46435 kB: com.tv.wuyetong (pid 7911) cch-started-services
11-13 10:55:30.850 I/ActivityManager( 2033):             280883 kB: TOTAL
11-13 10:55:30.850 I/ActivityManager( 2033):   MemInfo: 26904 kB slab, 1868 kB shmem, 0 kB vm alloc, 8744 kB page tables 5880 kB kernel stack
11-13 10:55:30.850 I/ActivityManager( 2033):            3520 kB buffers, 98612 kB cached, 49004 kB mapped, 334168 kB free
11-13 10:55:30.850 I/ActivityManager( 2033):   Free RAM: 433731 kB
11-13 10:55:30.850 I/ActivityManager( 2033):   Used RAM: 277844 kB
11-13 10:55:30.850 I/ActivityManager( 2033):   Lost RAM: 195121 kB
11-13 10:55:32.728 W/ContextImpl( 2404): Calling a method in the system process without a qualified user: android.app.ContextImpl.sendBroadcast:1345 android.content.ContextWrapper.sendBroadcast:377 com.suma.midware.back.esg.e.f:-1 com.suma.midware.back.esg.f.run:-1 com.suma.midware.prop.util.c.run:-1 
11-13 10:55:33.730 W/ContextImpl( 2404): Calling a method in the system process without a qualified user: android.app.ContextImpl.sendBroadcast:1345 android.content.ContextWrapper.sendBroadcast:377 com.suma.midware.back.esg.e.f:-1 com.suma.midware.back.esg.f.run:-1 com.suma.midware.prop.util.c.run:-1 
11-13 10:55:34.733 W/ContextImpl( 2404): Calling a method in the system process without a qualified user: android.app.ContextImpl.sendBroadcast:1345 android.content.ContextWrapper.sendBroadcast:377 com.suma.midware.back.esg.e.f:-1 com.suma.midware.back.esg.f.run:-1 com.suma.midware.prop.util.c.run:-1 
11-13 10:56:08.695 I/ActivityManager( 2033): START u0 {act= cmp=com.ipanel.android_webview.shell/com.ipanel.webapp.BrowserActivity (has extras)} from uid 1000 on display 0
11-13 10:56:08.702 W/ContextImpl( 2514): Calling a method in the system process without a qualified user: android.app.ContextImpl.sendBroadcast:1345 android.content.ContextWrapper.sendBroadcast:377 android.app.ActivityThread.performPauseActivity:3259 android.app.ActivityThread.performPauseActivity:3225 android.app.ActivityThread.handlePauseActivity:3200 
11-13 10:56:08.751 V/WindowManager( 2033): Based on layer: Adding window Window{388a65eb u0 Starting com.ipanel.android_webview.shell} at 4 of 10
11-13 10:56:08.752 I/ActivityManager( 2033): Start proc 11333:com.ipanel.android_webview.shell/u0a35 for activity com.ipanel.android_webview.shell/com.ipanel.webapp.BrowserActivity
11-13 10:56:09.533 V/WindowManager( 2033): Adding window Window{25ea6d89 u0 com.ipanel.android_webview.shell/com.ipanel.webapp.BrowserActivity} at 4 of 11 (before Window{388a65eb u0 Starting com.ipanel.android_webview.shell})
11-13 10:56:09.565 D/ConnectivityService( 2033): listenForNetwork for NetworkRequest [ id=12, legacyType=-1, [ Capabilities: INTERNET&NOT_RESTRICTED&TRUSTED] ]
11-13 10:56:09.565 D/ConnectivityService( 2033): handleRegisterNetworkRequest checking NetworkAgentInfo [WIFI () - 100]
11-13 10:56:09.565 D/ConnectivityService( 2033): apparently satisfied.  currentScore=60
11-13 10:56:09.630 V/WindowManager( 2033): Adding window Window{2b7e389a u0 SurfaceView} at 4 of 12 (before Window{25ea6d89 u0 com.ipanel.android_webview.shell/com.ipanel.webapp.BrowserActivity})
11-13 10:56:09.636 V/WindowManager( 2033): Adding window Window{1e21f1a8 u0 SurfaceView} at 5 of 13 (before Window{25ea6d89 u0 com.ipanel.android_webview.shell/com.ipanel.webapp.BrowserActivity})
11-13 10:56:09.658 W/ViewRootImpl(11333): Cancelling event due to no window focus: KeyEvent { action=ACTION_UP, keyCode=KEYCODE_DPAD_CENTER, scanCode=28, metaState=0, flags=0x80000028, repeatCount=0, eventTime=7869129, downTime=7868920, deviceId=4, source=0x701 }
11-13 10:56:09.658 W/ViewRootImpl(11333): Cancelling event due to no window focus: KeyEvent { action=ACTION_UP, keyCode=KEYCODE_DPAD_CENTER, scanCode=28, metaState=0, flags=0x80000028, repeatCount=0, eventTime=7869129, downTime=7868920, deviceId=4, source=0x701 }
11-13 10:56:09.658 W/ViewRootImpl(11333): Cancelling event due to no window focus: KeyEvent { action=ACTION_UP, keyCode=KEYCODE_DPAD_CENTER, scanCode=28, metaState=0, flags=0x80000028, repeatCount=0, eventTime=7869129, downTime=7868920, deviceId=4, source=0x701 }
11-13 10:56:09.658 W/ViewRootImpl(11333): Cancelling event due to no window focus: KeyEvent { action=ACTION_UP, keyCode=KEYCODE_DPAD_CENTER, scanCode=28, metaState=0, flags=0x80000028, repeatCount=0, eventTime=7869129, downTime=7868920, deviceId=4, source=0x701 }
11-13 10:56:09.658 W/ViewRootImpl(11333): Cancelling event due to no window focus: KeyEvent { action=ACTION_UP, keyCode=KEYCODE_DPAD_CENTER, scanCode=28, metaState=0, flags=0x80000028, repeatCount=0, eventTime=7869129, downTime=7868920, deviceId=4, source=0x701 }
11-13 10:56:09.658 W/ViewRootImpl(11333): Cancelling event due to no window focus: KeyEvent { action=ACTION_UP, keyCode=KEYCODE_DPAD_CENTER, scanCode=28, metaState=0, flags=0x80000028, repeatCount=0, eventTime=7869129, downTime=7868920, deviceId=4, source=0x701 }
11-13 10:56:09.660 W/ViewRootImpl(11333): Cancelling event due to no window focus: KeyEvent { action=ACTION_UP, keyCode=KEYCODE_DPAD_CENTER, scanCode=28, metaState=0, flags=0x80000028, repeatCount=0, eventTime=7869129, downTime=7868920, deviceId=4, source=0x701 }
11-13 10:56:09.660 W/ViewRootImpl(11333): Cancelling event due to no window focus: KeyEvent { action=ACTION_UP, keyCode=KEYCODE_DPAD_CENTER, scanCode=28, metaState=0, flags=0x80000028, repeatCount=0, eventTime=7869129, downTime=7868920, deviceId=4, source=0x701 }
11-13 10:56:09.660 W/ViewRootImpl(11333): Cancelling event due to no window focus: KeyEvent { action=ACTION_UP, keyCode=KEYCODE_DPAD_CENTER, scanCode=28, metaState=0, flags=0x80000028, repeatCount=0, eventTime=7869129, downTime=7868920, deviceId=4, source=0x701 }
11-13 10:56:09.802 W/ViewRootImpl( 2514): Cancelling event due to no window focus: KeyEvent { action=ACTION_UP, keyCode=KEYCODE_DPAD_CENTER, scanCode=28, metaState=0, flags=0x28, repeatCount=0, eventTime=7869038, downTime=7868920, deviceId=4, source=0x701 }
11-13 10:56:09.802 W/ViewRootImpl( 2514): Cancelling event due to no window focus: KeyEvent { action=ACTION_UP, keyCode=KEYCODE_DPAD_CENTER, scanCode=28, metaState=0, flags=0x28, repeatCount=0, eventTime=7869038, downTime=7868920, deviceId=4, source=0x701 }
11-13 10:56:09.802 W/ViewRootImpl( 2514): Cancelling event due to no window focus: KeyEvent { action=ACTION_UP, keyCode=KEYCODE_DPAD_CENTER, scanCode=28, metaState=0, flags=0x28, repeatCount=0, eventTime=7869038, downTime=7868920, deviceId=4, source=0x701 }
11-13 10:56:09.803 W/ViewRootImpl( 2514): Cancelling event due to no window focus: KeyEvent { action=ACTION_UP, keyCode=KEYCODE_DPAD_CENTER, scanCode=28, metaState=0, flags=0x28, repeatCount=0, eventTime=7869038, downTime=7868920, deviceId=4, source=0x701 }
11-13 10:56:09.803 W/ViewRootImpl( 2514): Cancelling event due to no window focus: KeyEvent { action=ACTION_UP, keyCode=KEYCODE_DPAD_CENTER, scanCode=28, metaState=0, flags=0x28, repeatCount=0, eventTime=7869038, downTime=7868920, deviceId=4, source=0x701 }
11-13 10:56:09.803 W/ViewRootImpl( 2514): Cancelling event due to no window focus: KeyEvent { action=ACTION_UP, keyCode=KEYCODE_DPAD_CENTER, scanCode=28, metaState=0, flags=0x28, repeatCount=0, eventTime=7869038, downTime=7868920, deviceId=4, source=0x701 }
11-13 10:56:09.803 W/ViewRootImpl( 2514): Cancelling event due to no window focus: KeyEvent { action=ACTION_UP, keyCode=KEYCODE_DPAD_CENTER, scanCode=28, metaState=0, flags=0x28, repeatCount=0, eventTime=7869038, downTime=7868920, deviceId=4, source=0x701 }
11-13 10:56:09.803 W/ViewRootImpl( 2514): Cancelling event due to no window focus: KeyEvent { action=ACTION_UP, keyCode=KEYCODE_DPAD_CENTER, scanCode=28, metaState=0, flags=0x28, repeatCount=0, eventTime=7869038, downTime=7868920, deviceId=4, source=0x701 }
11-13 10:56:09.803 W/ViewRootImpl( 2514): Cancelling event due to no window focus: KeyEvent { action=ACTION_UP, keyCode=KEYCODE_DPAD_CENTER, scanCode=28, metaState=0, flags=0x28, repeatCount=0, eventTime=7869038, downTime=7868920, deviceId=4, source=0x701 }
11-13 10:56:14.475 I/ActivityManager( 2033): START u0 {act=android.intent.action.MAIN cat=[android.intent.category.HOME] flg=0x10200000 cmp=com.suma.midware.home/.third.Main3DActivity} from uid 1000 on display 0
11-13 10:56:14.492 I/ActivityManager( 2033): Force stopping com.android.browser appid=10010 user=0: from pid 2404
11-13 10:56:14.512 W/ContextImpl( 2514): Calling a method in the system process without a qualified user: android.app.ContextImpl.sendBroadcast:1345 android.content.ContextWrapper.sendBroadcast:377 com.suma.midware.view.ext.BluetoothUpdate.b:-1 com.suma.midware.home.third.Main3DActivity.onResume:-1 android.app.Instrumentation.callActivityOnResume:1257 
11-13 10:56:14.515 I/ActivityManager( 2033): Force stopping com.suma.midware.vod appid=1000 user=0: from pid 2514
11-13 10:56:14.516 W/ContextImpl( 2514): Calling a method in the system process without a qualified user: android.app.ContextImpl.sendBroadcast:1345 android.content.ContextWrapper.sendBroadcast:377 android.app.ActivityThread.performResumeActivity:2982 android.app.ActivityThread.handleResumeActivity:3023 android.app.ActivityThread$H.handleMessage:1347 
11-13 10:56:30.251 I/WindowState( 2033): WIN DEATH: Window{25ea6d89 u0 com.ipanel.android_webview.shell/com.ipanel.webapp.BrowserActivity}
11-13 10:56:30.252 W/WindowManager( 2033): Force-removing child win Window{1e21f1a8 u0 SurfaceView} from container Window{25ea6d89 u0 com.ipanel.android_webview.shell/com.ipanel.webapp.BrowserActivity}
11-13 10:56:30.252 D/ConnectivityService( 2033): ConnectivityService NetworkRequestInfo binderDied(NetworkRequest [ id=12, legacyType=-1, [ Capabilities: INTERNET&NOT_RESTRICTED&TRUSTED] ], android.os.BinderProxy@8c727bb)
11-13 10:56:30.252 D/ConnectivityService( 2033): releasing NetworkRequest NetworkRequest [ id=12, legacyType=-1, [ Capabilities: INTERNET&NOT_RESTRICTED&TRUSTED] ]
11-13 10:56:30.258 E/ConnectivityService( 2033): RemoteException caught trying to send a callback msg for NetworkRequest [ id=12, legacyType=-1, [ Capabilities: INTERNET&NOT_RESTRICTED&TRUSTED] ]
11-13 10:56:30.258 I/ActivityManager( 2033): Process com.ipanel.android_webview.shell (pid 11333) has died
11-13 10:56:30.260 W/WindowManager( 2033): Force-removing child win Window{2b7e389a u0 SurfaceView} from container Window{25ea6d89 u0 com.ipanel.android_webview.shell/com.ipanel.webapp.BrowserActivity}
11-13 10:56:30.264 W/WindowManager( 2033): Failed looking up window
11-13 10:56:30.264 W/WindowManager( 2033): java.lang.IllegalArgumentException: Requested window android.os.BinderProxy@16835945 does not exist
11-13 10:56:30.264 W/WindowManager( 2033): 	at com.android.server.wm.WindowManagerService.windowForClientLocked(WindowManagerService.java:8654)
11-13 10:56:30.264 W/WindowManager( 2033): 	at com.android.server.wm.WindowManagerService.windowForClientLocked(WindowManagerService.java:8645)
11-13 10:56:30.264 W/WindowManager( 2033): 	at com.android.server.wm.WindowState$DeathRecipient.binderDied(WindowState.java:1142)
11-13 10:56:30.264 W/WindowManager( 2033): 	at android.os.BinderProxy.sendDeathNotice(Binder.java:551)
11-13 10:56:30.264 I/WindowState( 2033): WIN DEATH: null
11-13 10:56:37.130 I/ActivityManager( 2033): START u0 {act= cmp=com.ipanel.android_webview.shell/com.ipanel.webapp.BrowserActivity (has extras)} from uid 1000 on display 0
11-13 10:56:37.137 W/ContextImpl( 2514): Calling a method in the system process without a qualified user: android.app.ContextImpl.sendBroadcast:1345 android.content.ContextWrapper.sendBroadcast:377 android.app.ActivityThread.performPauseActivity:3259 android.app.ActivityThread.performPauseActivity:3225 android.app.ActivityThread.handlePauseActivity:3200 
11-13 10:56:37.141 V/WindowManager( 2033): Based on layer: Adding window Window{34f9316 u0 Starting com.ipanel.android_webview.shell} at 4 of 10
11-13 10:56:37.163 I/ActivityManager( 2033): Start proc 11449:com.ipanel.android_webview.shell/u0a35 for activity com.ipanel.android_webview.shell/com.ipanel.webapp.BrowserActivity
11-13 10:56:37.515 V/WindowManager( 2033): Adding window Window{8c06a4c u0 com.ipanel.android_webview.shell/com.ipanel.webapp.BrowserActivity} at 4 of 11 (before Window{34f9316 u0 Starting com.ipanel.android_webview.shell})
11-13 10:56:37.538 D/ConnectivityService( 2033): listenForNetwork for NetworkRequest [ id=13, legacyType=-1, [ Capabilities: INTERNET&NOT_RESTRICTED&TRUSTED] ]
11-13 10:56:37.538 D/ConnectivityService( 2033): handleRegisterNetworkRequest checking NetworkAgentInfo [WIFI () - 100]
11-13 10:56:37.538 D/ConnectivityService( 2033): apparently satisfied.  currentScore=60
11-13 10:56:37.636 V/WindowManager( 2033): Adding window Window{1f354b11 u0 SurfaceView} at 4 of 12 (before Window{8c06a4c u0 com.ipanel.android_webview.shell/com.ipanel.webapp.BrowserActivity})
11-13 10:56:37.700 V/WindowManager( 2033): Adding window Window{12a21a77 u0 SurfaceView} at 5 of 13 (before Window{8c06a4c u0 com.ipanel.android_webview.shell/com.ipanel.webapp.BrowserActivity})
11-13 10:56:37.752 W/ViewRootImpl(11449): Cancelling event due to no window focus: KeyEvent { action=ACTION_UP, keyCode=KEYCODE_DPAD_CENTER, scanCode=28, metaState=0, flags=0x80000028, repeatCount=0, eventTime=7897569, downTime=7897359, deviceId=4, source=0x701 }
11-13 10:56:37.752 W/ViewRootImpl(11449): Cancelling event due to no window focus: KeyEvent { action=ACTION_UP, keyCode=KEYCODE_DPAD_CENTER, scanCode=28, metaState=0, flags=0x80000028, repeatCount=0, eventTime=7897569, downTime=7897359, deviceId=4, source=0x701 }
11-13 10:56:37.752 W/ViewRootImpl(11449): Cancelling event due to no window focus: KeyEvent { action=ACTION_UP, keyCode=KEYCODE_DPAD_CENTER, scanCode=28, metaState=0, flags=0x80000028, repeatCount=0, eventTime=7897569, downTime=7897359, deviceId=4, source=0x701 }
11-13 10:56:37.752 W/ViewRootImpl(11449): Cancelling event due to no window focus: KeyEvent { action=ACTION_UP, keyCode=KEYCODE_DPAD_CENTER, scanCode=28, metaState=0, flags=0x80000028, repeatCount=0, eventTime=7897569, downTime=7897359, deviceId=4, source=0x701 }
11-13 10:56:37.752 W/ViewRootImpl(11449): Cancelling event due to no window focus: KeyEvent { action=ACTION_UP, keyCode=KEYCODE_DPAD_CENTER, scanCode=28, metaState=0, flags=0x80000028, repeatCount=0, eventTime=7897569, downTime=7897359, deviceId=4, source=0x701 }
11-13 10:56:37.752 W/ViewRootImpl(11449): Cancelling event due to no window focus: KeyEvent { action=ACTION_UP, keyCode=KEYCODE_DPAD_CENTER, scanCode=28, metaState=0, flags=0x80000028, repeatCount=0, eventTime=7897569, downTime=7897359, deviceId=4, source=0x701 }
11-13 10:56:37.754 W/ViewRootImpl(11449): Cancelling event due to no window focus: KeyEvent { action=ACTION_UP, keyCode=KEYCODE_DPAD_CENTER, scanCode=28, metaState=0, flags=0x80000028, repeatCount=0, eventTime=7897569, downTime=7897359, deviceId=4, source=0x701 }
11-13 10:56:37.754 W/ViewRootImpl(11449): Cancelling event due to no window focus: KeyEvent { action=ACTION_UP, keyCode=KEYCODE_DPAD_CENTER, scanCode=28, metaState=0, flags=0x80000028, repeatCount=0, eventTime=7897569, downTime=7897359, deviceId=4, source=0x701 }
11-13 10:56:37.754 W/ViewRootImpl(11449): Cancelling event due to no window focus: KeyEvent { action=ACTION_UP, keyCode=KEYCODE_DPAD_CENTER, scanCode=28, metaState=0, flags=0x80000028, repeatCount=0, eventTime=7897569, downTime=7897359, deviceId=4, source=0x701 }
11-13 10:56:37.773 W/ContextImpl( 2404): Calling a method in the system process without a qualified user: android.app.ContextImpl.sendBroadcast:1345 android.content.ContextWrapper.sendBroadcast:377 com.suma.midware.back.esg.e.f:-1 com.suma.midware.back.esg.f.run:-1 com.suma.midware.prop.util.c.run:-1 
11-13 10:56:38.185 W/ViewRootImpl( 2514): Cancelling event due to no window focus: KeyEvent { action=ACTION_UP, keyCode=KEYCODE_DPAD_CENTER, scanCode=28, metaState=0, flags=0x28, repeatCount=0, eventTime=7897417, downTime=7897359, deviceId=4, source=0x701 }
11-13 10:56:38.185 W/ViewRootImpl( 2514): Cancelling event due to no window focus: KeyEvent { action=ACTION_UP, keyCode=KEYCODE_DPAD_CENTER, scanCode=28, metaState=0, flags=0x28, repeatCount=0, eventTime=7897417, downTime=7897359, deviceId=4, source=0x701 }
11-13 10:56:38.185 W/ViewRootImpl( 2514): Cancelling event due to no window focus: KeyEvent { action=ACTION_UP, keyCode=KEYCODE_DPAD_CENTER, scanCode=28, metaState=0, flags=0x28, repeatCount=0, eventTime=7897417, downTime=7897359, deviceId=4, source=0x701 }
11-13 10:56:38.186 W/ViewRootImpl( 2514): Cancelling event due to no window focus: KeyEvent { action=ACTION_UP, keyCode=KEYCODE_DPAD_CENTER, scanCode=28, metaState=0, flags=0x28, repeatCount=0, eventTime=7897417, downTime=7897359, deviceId=4, source=0x701 }
11-13 10:56:38.186 W/ViewRootImpl( 2514): Cancelling event due to no window focus: KeyEvent { action=ACTION_UP, keyCode=KEYCODE_DPAD_CENTER, scanCode=28, metaState=0, flags=0x28, repeatCount=0, eventTime=7897417, downTime=7897359, deviceId=4, source=0x701 }
11-13 10:56:38.186 W/ViewRootImpl( 2514): Cancelling event due to no window focus: KeyEvent { action=ACTION_UP, keyCode=KEYCODE_DPAD_CENTER, scanCode=28, metaState=0, flags=0x28, repeatCount=0, eventTime=7897417, downTime=7897359, deviceId=4, source=0x701 }
11-13 10:56:38.186 W/ViewRootImpl( 2514): Cancelling event due to no window focus: KeyEvent { action=ACTION_UP, keyCode=KEYCODE_DPAD_CENTER, scanCode=28, metaState=0, flags=0x28, repeatCount=0, eventTime=7897417, downTime=7897359, deviceId=4, source=0x701 }
11-13 10:56:38.186 W/ViewRootImpl( 2514): Cancelling event due to no window focus: KeyEvent { action=ACTION_UP, keyCode=KEYCODE_DPAD_CENTER, scanCode=28, metaState=0, flags=0x28, repeatCount=0, eventTime=7897417, downTime=7897359, deviceId=4, source=0x701 }
11-13 10:56:38.186 W/ViewRootImpl( 2514): Cancelling event due to no window focus: KeyEvent { action=ACTION_UP, keyCode=KEYCODE_DPAD_CENTER, scanCode=28, metaState=0, flags=0x28, repeatCount=0, eventTime=7897417, downTime=7897359, deviceId=4, source=0x701 }
11-13 10:56:38.775 W/ContextImpl( 2404): Calling a method in the system process without a qualified user: android.app.ContextImpl.sendBroadcast:1345 android.content.ContextWrapper.sendBroadcast:377 com.suma.midware.back.esg.e.f:-1 com.suma.midware.back.esg.f.run:-1 com.suma.midware.prop.util.c.run:-1 
11-13 10:56:39.777 W/ContextImpl( 2404): Calling a method in the system process without a qualified user: android.app.ContextImpl.sendBroadcast:1345 android.content.ContextWrapper.sendBroadcast:377 com.suma.midware.back.esg.e.f:-1 com.suma.midware.back.esg.f.run:-1 com.suma.midware.prop.util.c.run:-1 
11-13 10:56:50.637 I/ActivityManager( 2033): START u0 {act=android.intent.action.MAIN cat=[android.intent.category.HOME] flg=0x10200000 cmp=com.suma.midware.home/.third.Main3DActivity} from uid 1000 on display 0
11-13 10:56:50.666 I/ActivityManager( 2033): Force stopping com.android.browser appid=10010 user=0: from pid 2404
11-13 10:56:50.699 W/ContextImpl( 2514): Calling a method in the system process without a qualified user: android.app.ContextImpl.sendBroadcast:1345 android.content.ContextWrapper.sendBroadcast:377 com.suma.midware.view.ext.BluetoothUpdate.b:-1 com.suma.midware.home.third.Main3DActivity.onResume:-1 android.app.Instrumentation.callActivityOnResume:1257 
11-13 10:56:50.702 W/ContextImpl( 2514): Calling a method in the system process without a qualified user: android.app.ContextImpl.sendBroadcast:1345 android.content.ContextWrapper.sendBroadcast:377 android.app.ActivityThread.performResumeActivity:2982 android.app.ActivityThread.handleResumeActivity:3023 android.app.ActivityThread$H.handleMessage:1347 
11-13 10:56:50.702 I/ActivityManager( 2033): Force stopping com.suma.midware.vod appid=1000 user=0: from pid 2514
11-13 10:57:00.287 I/WindowState( 2033): WIN DEATH: Window{1f354b11 u0 SurfaceView}
11-13 10:57:00.287 I/ActivityManager( 2033): Process com.ipanel.android_webview.shell (pid 11449) has died
11-13 10:57:00.288 I/WindowState( 2033): WIN DEATH: Window{12a21a77 u0 SurfaceView}
11-13 10:57:00.289 D/ConnectivityService( 2033): ConnectivityService NetworkRequestInfo binderDied(NetworkRequest [ id=13, legacyType=-1, [ Capabilities: INTERNET&NOT_RESTRICTED&TRUSTED] ], android.os.BinderProxy@1fbac726)
11-13 10:57:00.289 D/ConnectivityService( 2033): releasing NetworkRequest NetworkRequest [ id=13, legacyType=-1, [ Capabilities: INTERNET&NOT_RESTRICTED&TRUSTED] ]
11-13 10:57:00.290 I/WindowState( 2033): WIN DEATH: Window{8c06a4c u0 com.ipanel.android_webview.shell/com.ipanel.webapp.BrowserActivity}
11-13 10:57:00.304 E/ConnectivityService( 2033): RemoteException caught trying to send a callback msg for NetworkRequest [ id=13, legacyType=-1, [ Capabilities: INTERNET&NOT_RESTRICTED&TRUSTED] ]
11-13 10:57:42.838 W/ContextImpl( 2404): Calling a method in the system process without a qualified user: android.app.ContextImpl.sendBroadcast:1345 android.content.ContextWrapper.sendBroadcast:377 com.suma.midware.back.esg.e.f:-1 com.suma.midware.back.esg.f.run:-1 com.suma.midware.prop.util.c.run:-1 
11-13 10:57:43.841 W/ContextImpl( 2404): Calling a method in the system process without a qualified user: android.app.ContextImpl.sendBroadcast:1345 android.content.ContextWrapper.sendBroadcast:377 com.suma.midware.back.esg.e.f:-1 com.suma.midware.back.esg.f.run:-1 com.suma.midware.prop.util.c.run:-1 
11-13 10:57:44.844 W/ContextImpl( 2404): Calling a method in the system process without a qualified user: android.app.ContextImpl.sendBroadcast:1345 android.content.ContextWrapper.sendBroadcast:377 com.suma.midware.back.esg.e.f:-1 com.suma.midware.back.esg.f.run:-1 com.suma.midware.prop.util.c.run:-1 
11-13 10:58:47.889 W/ContextImpl( 2404): Calling a method in the system process without a qualified user: android.app.ContextImpl.sendBroadcast:1345 android.content.ContextWrapper.sendBroadcast:377 com.suma.midware.back.esg.e.f:-1 com.suma.midware.back.esg.f.run:-1 com.suma.midware.prop.util.c.run:-1 
11-13 10:58:48.892 W/ContextImpl( 2404): Calling a method in the system process without a qualified user: android.app.ContextImpl.sendBroadcast:1345 android.content.ContextWrapper.sendBroadcast:377 com.suma.midware.back.esg.e.f:-1 com.suma.midware.back.esg.f.run:-1 com.suma.midware.prop.util.c.run:-1 
11-13 10:58:49.895 W/ContextImpl( 2404): Calling a method in the system process without a qualified user: android.app.ContextImpl.sendBroadcast:1345 android.content.ContextWrapper.sendBroadcast:377 com.suma.midware.back.esg.e.f:-1 com.suma.midware.back.esg.f.run:-1 com.suma.midware.prop.util.c.run:-1 
11-13 10:59:52.950 W/ContextImpl( 2404): Calling a method in the system process without a qualified user: android.app.ContextImpl.sendBroadcast:1345 android.content.ContextWrapper.sendBroadcast:377 com.suma.midware.back.esg.e.f:-1 com.suma.midware.back.esg.f.run:-1 com.suma.midware.prop.util.c.run:-1 
11-13 10:59:53.953 W/ContextImpl( 2404): Calling a method in the system process without a qualified user: android.app.ContextImpl.sendBroadcast:1345 android.content.ContextWrapper.sendBroadcast:377 com.suma.midware.back.esg.e.f:-1 com.suma.midware.back.esg.f.run:-1 com.suma.midware.prop.util.c.run:-1 
11-13 10:59:54.956 W/ContextImpl( 2404): Calling a method in the system process without a qualified user: android.app.ContextImpl.sendBroadcast:1345 android.content.ContextWrapper.sendBroadcast:377 com.suma.midware.back.esg.e.f:-1 com.suma.midware.back.esg.f.run:-1 com.suma.midware.prop.util.c.run:-1 
11-13 11:00:16.207 I/ActivityManager( 2033): START u0 {act= cmp=com.huan.appstore/.ui.InstalledActivity} from uid 1000 on display 0
11-13 11:00:16.211 V/WindowManager( 2033): addAppToken: AppWindowToken{3de0ddbd token=Token{550a114 ActivityRecord{18988f67 u0 com.huan.appstore/.ui.InstalledActivity t1124}}} to stack=0 task=1124 at 1
11-13 11:00:16.219 W/ContextImpl( 2514): Calling a method in the system process without a qualified user: android.app.ContextImpl.sendBroadcast:1345 android.content.ContextWrapper.sendBroadcast:377 android.app.ActivityThread.performPauseActivity:3259 android.app.ActivityThread.performPauseActivity:3225 android.app.ActivityThread.handlePauseActivity:3200 
11-13 11:00:16.230 W/ViewRootImpl( 2514): Cancelling event due to no window focus: KeyEvent { action=ACTION_UP, keyCode=KEYCODE_DPAD_CENTER, scanCode=28, metaState=0, flags=0x28, repeatCount=0, eventTime=8116447, downTime=8116430, deviceId=4, source=0x701 }
11-13 11:00:16.230 W/ViewRootImpl( 2514): Cancelling event due to no window focus: KeyEvent { action=ACTION_UP, keyCode=KEYCODE_DPAD_CENTER, scanCode=28, metaState=0, flags=0x28, repeatCount=0, eventTime=8116447, downTime=8116430, deviceId=4, source=0x701 }
11-13 11:00:16.230 W/ViewRootImpl( 2514): Cancelling event due to no window focus: KeyEvent { action=ACTION_UP, keyCode=KEYCODE_DPAD_CENTER, scanCode=28, metaState=0, flags=0x28, repeatCount=0, eventTime=8116447, downTime=8116430, deviceId=4, source=0x701 }
11-13 11:00:16.230 W/ViewRootImpl( 2514): Cancelling event due to no window focus: KeyEvent { action=ACTION_UP, keyCode=KEYCODE_DPAD_CENTER, scanCode=28, metaState=0, flags=0x28, repeatCount=0, eventTime=8116447, downTime=8116430, deviceId=4, source=0x701 }
11-13 11:00:16.230 W/ViewRootImpl( 2514): Cancelling event due to no window focus: KeyEvent { action=ACTION_UP, keyCode=KEYCODE_DPAD_CENTER, scanCode=28, metaState=0, flags=0x28, repeatCount=0, eventTime=8116447, downTime=8116430, deviceId=4, source=0x701 }
11-13 11:00:16.230 W/ViewRootImpl( 2514): Cancelling event due to no window focus: KeyEvent { action=ACTION_UP, keyCode=KEYCODE_DPAD_CENTER, scanCode=28, metaState=0, flags=0x28, repeatCount=0, eventTime=8116447, downTime=8116430, deviceId=4, source=0x701 }
11-13 11:00:16.437 V/WindowManager( 2033): Adding window Window{104e2057 u0 com.huan.appstore/com.huan.appstore.ui.InstalledActivity} at 4 of 10 (after Window{3a3913c8 u0 com.suma.midware.home/com.suma.midware.home.third.Main3DActivity})
11-13 11:00:16.493 W/ViewRootImpl(10090): Cancelling event due to no window focus: KeyEvent { action=ACTION_UP, keyCode=KEYCODE_DPAD_CENTER, scanCode=28, metaState=0, flags=0x80000028, repeatCount=0, eventTime=8116531, downTime=8116430, deviceId=4, source=0x701 }
11-13 11:00:16.493 W/ViewRootImpl(10090): Cancelling event due to no window focus: KeyEvent { action=ACTION_UP, keyCode=KEYCODE_DPAD_CENTER, scanCode=28, metaState=0, flags=0x80000028, repeatCount=0, eventTime=8116531, downTime=8116430, deviceId=4, source=0x701 }
11-13 11:00:16.493 W/ViewRootImpl(10090): Cancelling event due to no window focus: KeyEvent { action=ACTION_UP, keyCode=KEYCODE_DPAD_CENTER, scanCode=28, metaState=0, flags=0x80000028, repeatCount=0, eventTime=8116531, downTime=8116430, deviceId=4, source=0x701 }
11-13 11:00:16.493 W/ViewRootImpl(10090): Cancelling event due to no window focus: KeyEvent { action=ACTION_UP, keyCode=KEYCODE_DPAD_CENTER, scanCode=28, metaState=0, flags=0x80000028, repeatCount=0, eventTime=8116531, downTime=8116430, deviceId=4, source=0x701 }
11-13 11:00:16.493 W/ViewRootImpl(10090): Cancelling event due to no window focus: KeyEvent { action=ACTION_UP, keyCode=KEYCODE_DPAD_CENTER, scanCode=28, metaState=0, flags=0x80000028, repeatCount=0, eventTime=8116531, downTime=8116430, deviceId=4, source=0x701 }
11-13 11:00:16.493 W/ViewRootImpl(10090): Cancelling event due to no window focus: KeyEvent { action=ACTION_UP, keyCode=KEYCODE_DPAD_CENTER, scanCode=28, metaState=0, flags=0x80000028, repeatCount=0, eventTime=8116531, downTime=8116430, deviceId=4, source=0x701 }
11-13 11:00:16.493 W/ViewRootImpl(10090): Cancelling event due to no window focus: KeyEvent { action=ACTION_UP, keyCode=KEYCODE_DPAD_CENTER, scanCode=28, metaState=0, flags=0x80000028, repeatCount=0, eventTime=8116531, downTime=8116430, deviceId=4, source=0x701 }
11-13 11:00:16.493 W/ViewRootImpl(10090): Cancelling event due to no window focus: KeyEvent { action=ACTION_UP, keyCode=KEYCODE_DPAD_CENTER, scanCode=28, metaState=0, flags=0x80000028, repeatCount=0, eventTime=8116531, downTime=8116430, deviceId=4, source=0x701 }
11-13 11:00:16.493 W/ViewRootImpl(10090): Cancelling event due to no window focus: KeyEvent { action=ACTION_UP, keyCode=KEYCODE_DPAD_CENTER, scanCode=28, metaState=0, flags=0x80000028, repeatCount=0, eventTime=8116531, downTime=8116430, deviceId=4, source=0x701 }
11-13 11:00:20.737 V/WindowManager( 2033): not Base app: Adding window Window{3976c34f u0 com.huan.appstore/com.huan.appstore.ui.InstalledActivity} at 5 of 11
11-13 11:00:22.825 I/ActivityManager( 2033): START u0 {act=android.intent.action.MAIN cat=[android.intent.category.LAUNCHER] flg=0x10000000 pkg=com.yzx.im_demo cmp=com.yzx.im_demo/.IMDemoActivity} from uid 10021 on display 0
11-13 11:00:22.834 V/WindowManager( 2033): addAppToken: AppWindowToken{3f9458c8 token=Token{1806456b ActivityRecord{1cfd42ba u0 com.yzx.im_demo/.IMDemoActivity t1131}}} to stack=1 task=1131 at 2
11-13 11:00:22.909 I/ActivityManager( 2033): START u0 {cmp=com.yzx.im_demo/com.ipanel.videotalk.home.HomeActivity (has extras)} from uid 10045 on display 0
11-13 11:00:22.912 W/ActivityManager( 2033): Duplicate finish request for ActivityRecord{1cfd42ba u0 com.yzx.im_demo/.IMDemoActivity t1131 f}
11-13 11:00:22.917 V/WindowManager( 2033): Based on layer: Adding window Window{1ac3fe9d u0 Starting com.yzx.im_demo} at 6 of 12
11-13 11:00:23.295 V/WindowManager( 2033): Adding window Window{2a34f0d1 u0 com.yzx.im_demo/com.ipanel.videotalk.home.HomeActivity} at 5 of 12 (before Window{1ac3fe9d u0 Starting com.yzx.im_demo})
11-13 11:00:24.129 D/WifiService( 2033): New client listening to asynchronous messages
11-13 11:00:29.141 V/WindowManager( 2033): not Base app: Adding window Window{4105ed3 u0 com.yzx.im_demo/com.ipanel.videotalk.home.HomeActivity} at 6 of 12
11-13 11:00:30.123 I/ActivityManager( 2033): START u0 {cmp=com.yzx.im_demo/com.ipanel.videotalk.login.LoginActivty} from uid 10045 on display 0
11-13 11:00:30.128 W/ActivityManager( 2033): Duplicate finish request for ActivityRecord{3fa3f61 u0 com.yzx.im_demo/com.ipanel.videotalk.home.HomeActivity t1131 f}
11-13 11:00:30.136 V/WindowManager( 2033): Adding window Window{46ca61a u0 Starting com.yzx.im_demo} at 5 of 12 (before Window{2a34f0d1 u0 com.yzx.im_demo/com.ipanel.videotalk.home.HomeActivity})
11-13 11:00:30.246 V/WindowManager( 2033): Adding window Window{30090f7d u0 com.yzx.im_demo/com.ipanel.videotalk.login.LoginActivty} at 5 of 13 (before Window{46ca61a u0 Starting com.yzx.im_demo})
11-13 11:00:57.980 W/ContextImpl( 2404): Calling a method in the system process without a qualified user: android.app.ContextImpl.sendBroadcast:1345 android.content.ContextWrapper.sendBroadcast:377 com.suma.midware.back.esg.e.f:-1 com.suma.midware.back.esg.f.run:-1 com.suma.midware.prop.util.c.run:-1 
11-13 11:00:58.982 W/ContextImpl( 2404): Calling a method in the system process without a qualified user: android.app.ContextImpl.sendBroadcast:1345 android.content.ContextWrapper.sendBroadcast:377 com.suma.midware.back.esg.e.f:-1 com.suma.midware.back.esg.f.run:-1 com.suma.midware.prop.util.c.run:-1 
11-13 11:00:59.985 W/ContextImpl( 2404): Calling a method in the system process without a qualified user: android.app.ContextImpl.sendBroadcast:1345 android.content.ContextWrapper.sendBroadcast:377 com.suma.midware.back.esg.e.f:-1 com.suma.midware.back.esg.f.run:-1 com.suma.midware.prop.util.c.run:-1 
11-13 11:01:08.089 V/WindowManager( 2033): not Base app: Adding window Window{21340d88 u0 com.yzx.im_demo/com.ipanel.videotalk.login.LoginActivty} at 6 of 12
11-13 11:01:08.223 I/ActivityManager( 2033): START u0 {cmp=com.yzx.im_demo/com.ipanel.videotalk.login.RegisterActivity (has extras)} from uid 10045 on display 0
11-13 11:01:08.224 V/WindowManager( 2033): addAppToken: AppWindowToken{37397dd2 token=Token{3568105d ActivityRecord{1ec07a34 u0 com.yzx.im_demo/com.ipanel.videotalk.login.RegisterActivity t1131}}} to stack=1 task=1131 at 1
11-13 11:01:08.226 W/InputMethodManagerService( 2033): Window already focused, ignoring focus gain of: com.android.internal.view.IInputMethodClient$Stub$Proxy@2a3cbea3 attribute=null, token = android.os.BinderProxy@289781d4
11-13 11:01:08.244 V/WindowManager( 2033): Adding window Window{1a9a5559 u0 com.yzx.im_demo/com.ipanel.videotalk.login.RegisterActivity} at 7 of 13 (after Window{21340d88 u0 com.yzx.im_demo/com.ipanel.videotalk.login.LoginActivty EXITING})
11-13 11:01:14.952 V/WindowManager( 2033): not Base app: Adding window Window{162a9693 u0 com.yzx.im_demo/com.ipanel.videotalk.login.RegisterActivity} at 7 of 13
11-13 11:01:15.306 W/InputMethodManagerService( 2033): Window already focused, ignoring focus gain of: com.android.internal.view.IInputMethodClient$Stub$Proxy@215e08ef attribute=null, token = android.os.BinderProxy@130505a0
11-13 11:01:19.069 V/WindowManager( 2033): not Base app: Adding window Window{3b5826e7 u0 com.yzx.im_demo/com.ipanel.videotalk.login.RegisterActivity} at 7 of 13
11-13 11:01:19.552 I/ActivityManager( 2033): START u0 {cmp=com.yzx.im_demo/com.ipanel.videotalk.home.HomeActivity (has extras)} from uid 10045 on display 0
11-13 11:01:19.557 V/WindowManager( 2033): addAppToken: AppWindowToken{3997439 token=Token{e3d400 ActivityRecord{2df64a83 u0 com.yzx.im_demo/com.ipanel.videotalk.home.HomeActivity t1131}}} to stack=1 task=1131 at 2
11-13 11:01:19.871 W/InputMethodManagerService( 2033): Window already focused, ignoring focus gain of: com.android.internal.view.IInputMethodClient$Stub$Proxy@26d60a7e attribute=null, token = android.os.BinderProxy@130505a0
11-13 11:01:19.894 V/WindowManager( 2033): Adding window Window{23b2302c u0 com.yzx.im_demo/com.ipanel.videotalk.home.HomeActivity} at 7 of 13 (after Window{1a9a5559 u0 com.yzx.im_demo/com.ipanel.videotalk.login.RegisterActivity})
11-13 11:02:03.047 W/ContextImpl( 2404): Calling a method in the system process without a qualified user: android.app.ContextImpl.sendBroadcast:1345 android.content.ContextWrapper.sendBroadcast:377 com.suma.midware.back.esg.e.f:-1 com.suma.midware.back.esg.f.run:-1 com.suma.midware.prop.util.c.run:-1 
11-13 11:02:04.050 W/ContextImpl( 2404): Calling a method in the system process without a qualified user: android.app.ContextImpl.sendBroadcast:1345 android.content.ContextWrapper.sendBroadcast:377 com.suma.midware.back.esg.e.f:-1 com.suma.midware.back.esg.f.run:-1 com.suma.midware.prop.util.c.run:-1 
11-13 11:02:05.053 W/ContextImpl( 2404): Calling a method in the system process without a qualified user: android.app.ContextImpl.sendBroadcast:1345 android.content.ContextWrapper.sendBroadcast:377 com.suma.midware.back.esg.e.f:-1 com.suma.midware.back.esg.f.run:-1 com.suma.midware.prop.util.c.run:-1 
11-13 11:03:08.108 W/ContextImpl( 2404): Calling a method in the system process without a qualified user: android.app.ContextImpl.sendBroadcast:1345 android.content.ContextWrapper.sendBroadcast:377 com.suma.midware.back.esg.e.f:-1 com.suma.midware.back.esg.f.run:-1 com.suma.midware.prop.util.c.run:-1 
11-13 11:03:09.111 W/ContextImpl( 2404): Calling a method in the system process without a qualified user: android.app.ContextImpl.sendBroadcast:1345 android.content.ContextWrapper.sendBroadcast:377 com.suma.midware.back.esg.e.f:-1 com.suma.midware.back.esg.f.run:-1 com.suma.midware.prop.util.c.run:-1 
11-13 11:03:10.114 W/ContextImpl( 2404): Calling a method in the system process without a qualified user: android.app.ContextImpl.sendBroadcast:1345 android.content.ContextWrapper.sendBroadcast:377 com.suma.midware.back.esg.e.f:-1 com.suma.midware.back.esg.f.run:-1 com.suma.midware.prop.util.c.run:-1 
11-13 11:04:13.157 W/ContextImpl( 2404): Calling a method in the system process without a qualified user: android.app.ContextImpl.sendBroadcast:1345 android.content.ContextWrapper.sendBroadcast:377 com.suma.midware.back.esg.e.f:-1 com.suma.midware.back.esg.f.run:-1 com.suma.midware.prop.util.c.run:-1 
11-13 11:04:14.158 W/ContextImpl( 2404): Calling a method in the system process without a qualified user: android.app.ContextImpl.sendBroadcast:1345 android.content.ContextWrapper.sendBroadcast:377 com.suma.midware.back.esg.e.f:-1 com.suma.midware.back.esg.f.run:-1 com.suma.midware.prop.util.c.run:-1 
11-13 11:04:15.162 W/ContextImpl( 2404): Calling a method in the system process without a qualified user: android.app.ContextImpl.sendBroadcast:1345 android.content.ContextWrapper.sendBroadcast:377 com.suma.midware.back.esg.e.f:-1 com.suma.midware.back.esg.f.run:-1 com.suma.midware.prop.util.c.run:-1 
11-13 11:05:18.211 W/ContextImpl( 2404): Calling a method in the system process without a qualified user: android.app.ContextImpl.sendBroadcast:1345 android.content.ContextWrapper.sendBroadcast:377 com.suma.midware.back.esg.e.f:-1 com.suma.midware.back.esg.f.run:-1 com.suma.midware.prop.util.c.run:-1 
11-13 11:05:19.212 W/ContextImpl( 2404): Calling a method in the system process without a qualified user: android.app.ContextImpl.sendBroadcast:1345 android.content.ContextWrapper.sendBroadcast:377 com.suma.midware.back.esg.e.f:-1 com.suma.midware.back.esg.f.run:-1 com.suma.midware.prop.util.c.run:-1 
11-13 11:05:20.215 W/ContextImpl( 2404): Calling a method in the system process without a qualified user: android.app.ContextImpl.sendBroadcast:1345 android.content.ContextWrapper.sendBroadcast:377 com.suma.midware.back.esg.e.f:-1 com.suma.midware.back.esg.f.run:-1 com.suma.midware.prop.util.c.run:-1 
11-13 11:06:23.276 W/ContextImpl( 2404): Calling a method in the system process without a qualified user: android.app.ContextImpl.sendBroadcast:1345 android.content.ContextWrapper.sendBroadcast:377 com.suma.midware.back.esg.e.f:-1 com.suma.midware.back.esg.f.run:-1 com.suma.midware.prop.util.c.run:-1 
11-13 11:06:24.278 W/ContextImpl( 2404): Calling a method in the system process without a qualified user: android.app.ContextImpl.sendBroadcast:1345 android.content.ContextWrapper.sendBroadcast:377 com.suma.midware.back.esg.e.f:-1 com.suma.midware.back.esg.f.run:-1 com.suma.midware.prop.util.c.run:-1 
11-13 11:06:25.282 W/ContextImpl( 2404): Calling a method in the system process without a qualified user: android.app.ContextImpl.sendBroadcast:1345 android.content.ContextWrapper.sendBroadcast:377 com.suma.midware.back.esg.e.f:-1 com.suma.midware.back.esg.f.run:-1 com.suma.midware.prop.util.c.run:-1 
11-13 11:07:28.343 W/ContextImpl( 2404): Calling a method in the system process without a qualified user: android.app.ContextImpl.sendBroadcast:1345 android.content.ContextWrapper.sendBroadcast:377 com.suma.midware.back.esg.e.f:-1 com.suma.midware.back.esg.f.run:-1 com.suma.midware.prop.util.c.run:-1 
11-13 11:07:29.345 W/ContextImpl( 2404): Calling a method in the system process without a qualified user: android.app.ContextImpl.sendBroadcast:1345 android.content.ContextWrapper.sendBroadcast:377 com.suma.midware.back.esg.e.f:-1 com.suma.midware.back.esg.f.run:-1 com.suma.midware.prop.util.c.run:-1 
11-13 11:07:30.349 W/ContextImpl( 2404): Calling a method in the system process without a qualified user: android.app.ContextImpl.sendBroadcast:1345 android.content.ContextWrapper.sendBroadcast:377 com.suma.midware.back.esg.e.f:-1 com.suma.midware.back.esg.f.run:-1 com.suma.midware.prop.util.c.run:-1 
11-13 11:08:33.401 W/ContextImpl( 2404): Calling a method in the system process without a qualified user: android.app.ContextImpl.sendBroadcast:1345 android.content.ContextWrapper.sendBroadcast:377 com.suma.midware.back.esg.e.f:-1 com.suma.midware.back.esg.f.run:-1 com.suma.midware.prop.util.c.run:-1 
11-13 11:08:34.404 W/ContextImpl( 2404): Calling a method in the system process without a qualified user: android.app.ContextImpl.sendBroadcast:1345 android.content.ContextWrapper.sendBroadcast:377 com.suma.midware.back.esg.e.f:-1 com.suma.midware.back.esg.f.run:-1 com.suma.midware.prop.util.c.run:-1 
11-13 11:08:35.407 W/ContextImpl( 2404): Calling a method in the system process without a qualified user: android.app.ContextImpl.sendBroadcast:1345 android.content.ContextWrapper.sendBroadcast:377 com.suma.midware.back.esg.e.f:-1 com.suma.midware.back.esg.f.run:-1 com.suma.midware.prop.util.c.run:-1 
11-13 11:09:38.455 W/ContextImpl( 2404): Calling a method in the system process without a qualified user: android.app.ContextImpl.sendBroadcast:1345 android.content.ContextWrapper.sendBroadcast:377 com.suma.midware.back.esg.e.f:-1 com.suma.midware.back.esg.f.run:-1 com.suma.midware.prop.util.c.run:-1 
11-13 11:09:39.458 W/ContextImpl( 2404): Calling a method in the system process without a qualified user: android.app.ContextImpl.sendBroadcast:1345 android.content.ContextWrapper.sendBroadcast:377 com.suma.midware.back.esg.e.f:-1 com.suma.midware.back.esg.f.run:-1 com.suma.midware.prop.util.c.run:-1 
11-13 11:09:40.461 W/ContextImpl( 2404): Calling a method in the system process without a qualified user: android.app.ContextImpl.sendBroadcast:1345 android.content.ContextWrapper.sendBroadcast:377 com.suma.midware.back.esg.e.f:-1 com.suma.midware.back.esg.f.run:-1 com.suma.midware.prop.util.c.run:-1 
11-13 11:10:43.514 W/ContextImpl( 2404): Calling a method in the system process without a qualified user: android.app.ContextImpl.sendBroadcast:1345 android.content.ContextWrapper.sendBroadcast:377 com.suma.midware.back.esg.e.f:-1 com.suma.midware.back.esg.f.run:-1 com.suma.midware.prop.util.c.run:-1 
11-13 11:10:44.516 W/ContextImpl( 2404): Calling a method in the system process without a qualified user: android.app.ContextImpl.sendBroadcast:1345 android.content.ContextWrapper.sendBroadcast:377 com.suma.midware.back.esg.e.f:-1 com.suma.midware.back.esg.f.run:-1 com.suma.midware.prop.util.c.run:-1 
11-13 11:10:45.519 W/ContextImpl( 2404): Calling a method in the system process without a qualified user: android.app.ContextImpl.sendBroadcast:1345 android.content.ContextWrapper.sendBroadcast:377 com.suma.midware.back.esg.e.f:-1 com.suma.midware.back.esg.f.run:-1 com.suma.midware.prop.util.c.run:-1 
11-13 11:10:52.440 I/ActivityManager( 2033): START u0 {act=android.intent.action.MAIN cat=[android.intent.category.HOME] flg=0x10200000 cmp=com.suma.midware.home/.third.Main3DActivity} from uid 1000 on display 0
11-13 11:10:52.457 I/ActivityManager( 2033): Force stopping com.android.browser appid=10010 user=0: from pid 2404
11-13 11:10:52.480 W/ContextImpl( 2514): Calling a method in the system process without a qualified user: android.app.ContextImpl.sendBroadcast:1345 android.content.ContextWrapper.sendBroadcast:377 com.suma.midware.view.ext.BluetoothUpdate.b:-1 com.suma.midware.home.third.Main3DActivity.onResume:-1 android.app.Instrumentation.callActivityOnResume:1257 
11-13 11:10:52.483 I/ActivityManager( 2033): Force stopping com.suma.midware.vod appid=1000 user=0: from pid 2514
11-13 11:10:52.485 W/ContextImpl( 2514): Calling a method in the system process without a qualified user: android.app.ContextImpl.sendBroadcast:1345 android.content.ContextWrapper.sendBroadcast:377 android.app.ActivityThread.performResumeActivity:2982 android.app.ActivityThread.handleResumeActivity:3023 android.app.ActivityThread$H.handleMessage:1347 
11-13 11:10:56.532 I/ActivityManager( 2033): START u0 {act= cmp=com.ipanel.android_webview.shell/com.ipanel.webapp.BrowserActivity (has extras)} from uid 1000 on display 0
11-13 11:10:56.539 W/ContextImpl( 2514): Calling a method in the system process without a qualified user: android.app.ContextImpl.sendBroadcast:1345 android.content.ContextWrapper.sendBroadcast:377 android.app.ActivityThread.performPauseActivity:3259 android.app.ActivityThread.performPauseActivity:3225 android.app.ActivityThread.handlePauseActivity:3200 
11-13 11:10:56.543 V/WindowManager( 2033): Adding window Window{d62ab65 u0 Starting com.ipanel.android_webview.shell} at 6 of 12 (after Window{23b2302c u0 com.yzx.im_demo/com.ipanel.videotalk.home.HomeActivity})
11-13 11:10:56.575 I/ActivityManager( 2033): Start proc 12353:com.ipanel.android_webview.shell/u0a35 for activity com.ipanel.android_webview.shell/com.ipanel.webapp.BrowserActivity
11-13 11:10:56.995 V/WindowManager( 2033): Adding window Window{29228e53 u0 com.ipanel.android_webview.shell/com.ipanel.webapp.BrowserActivity} at 6 of 13 (before Window{d62ab65 u0 Starting com.ipanel.android_webview.shell})
11-13 11:10:57.016 D/ConnectivityService( 2033): listenForNetwork for NetworkRequest [ id=14, legacyType=-1, [ Capabilities: INTERNET&NOT_RESTRICTED&TRUSTED] ]
11-13 11:10:57.017 D/ConnectivityService( 2033): handleRegisterNetworkRequest checking NetworkAgentInfo [WIFI () - 100]
11-13 11:10:57.017 D/ConnectivityService( 2033): apparently satisfied.  currentScore=60
11-13 11:10:57.084 V/WindowManager( 2033): Adding window Window{620d8bc u0 SurfaceView} at 6 of 14 (before Window{29228e53 u0 com.ipanel.android_webview.shell/com.ipanel.webapp.BrowserActivity})
11-13 11:10:57.154 V/WindowManager( 2033): Adding window Window{38ae139a u0 SurfaceView} at 7 of 15 (before Window{29228e53 u0 com.ipanel.android_webview.shell/com.ipanel.webapp.BrowserActivity})
11-13 11:10:57.217 W/ViewRootImpl(12353): Cancelling event due to no window focus: KeyEvent { action=ACTION_UP, keyCode=KEYCODE_DPAD_CENTER, scanCode=28, metaState=0, flags=0x80000028, repeatCount=0, eventTime=8756966, downTime=8756757, deviceId=4, source=0x701 }
11-13 11:10:57.217 W/ViewRootImpl(12353): Cancelling event due to no window focus: KeyEvent { action=ACTION_UP, keyCode=KEYCODE_DPAD_CENTER, scanCode=28, metaState=0, flags=0x80000028, repeatCount=0, eventTime=8756966, downTime=8756757, deviceId=4, source=0x701 }
11-13 11:10:57.217 W/ViewRootImpl(12353): Cancelling event due to no window focus: KeyEvent { action=ACTION_UP, keyCode=KEYCODE_DPAD_CENTER, scanCode=28, metaState=0, flags=0x80000028, repeatCount=0, eventTime=8756966, downTime=8756757, deviceId=4, source=0x701 }
11-13 11:10:57.217 W/ViewRootImpl(12353): Cancelling event due to no window focus: KeyEvent { action=ACTION_UP, keyCode=KEYCODE_DPAD_CENTER, scanCode=28, metaState=0, flags=0x80000028, repeatCount=0, eventTime=8756966, downTime=8756757, deviceId=4, source=0x701 }
11-13 11:10:57.217 W/ViewRootImpl(12353): Cancelling event due to no window focus: KeyEvent { action=ACTION_UP, keyCode=KEYCODE_DPAD_CENTER, scanCode=28, metaState=0, flags=0x80000028, repeatCount=0, eventTime=8756966, downTime=8756757, deviceId=4, source=0x701 }
11-13 11:10:57.217 W/ViewRootImpl(12353): Cancelling event due to no window focus: KeyEvent { action=ACTION_UP, keyCode=KEYCODE_DPAD_CENTER, scanCode=28, metaState=0, flags=0x80000028, repeatCount=0, eventTime=8756966, downTime=8756757, deviceId=4, source=0x701 }
11-13 11:10:57.219 W/ViewRootImpl(12353): Cancelling event due to no window focus: KeyEvent { action=ACTION_UP, keyCode=KEYCODE_DPAD_CENTER, scanCode=28, metaState=0, flags=0x80000028, repeatCount=0, eventTime=8756966, downTime=8756757, deviceId=4, source=0x701 }
11-13 11:10:57.219 W/ViewRootImpl(12353): Cancelling event due to no window focus: KeyEvent { action=ACTION_UP, keyCode=KEYCODE_DPAD_CENTER, scanCode=28, metaState=0, flags=0x80000028, repeatCount=0, eventTime=8756966, downTime=8756757, deviceId=4, source=0x701 }
11-13 11:10:57.219 W/ViewRootImpl(12353): Cancelling event due to no window focus: KeyEvent { action=ACTION_UP, keyCode=KEYCODE_DPAD_CENTER, scanCode=28, metaState=0, flags=0x80000028, repeatCount=0, eventTime=8756966, downTime=8756757, deviceId=4, source=0x701 }
11-13 11:11:00.904 I/WindowState( 2033): WIN DEATH: Window{23b2302c u0 com.yzx.im_demo/com.ipanel.videotalk.home.HomeActivity}
11-13 11:11:00.904 D/WifiService( 2033): Client connection lost with reason: 4
11-13 11:11:00.907 I/ActivityManager( 2033): Process com.yzx.im_demo (pid 9973) has died
11-13 11:11:00.907 W/ActivityManager( 2033): Scheduling restart of crashed service com.yzx.im_demo/com.yzx.service.ConnectionService in 1000ms
11-13 11:11:00.908 I/WindowState( 2033): WIN DEATH: Window{30090f7d u0 com.yzx.im_demo/com.ipanel.videotalk.login.LoginActivty}
11-13 11:11:01.539 I/ActivityManager( 2033): Low on memory:
