01-01 08:00:01.443 I/MiSysSrv( 1118): [0m[MI_SYS_WDT] MI_WDT_Open.....success
01-01 08:00:01.443 I/MiSysSrv( 1118): the length of the thread name exceeds 15, it will be truncated to 15 chars
01-01 08:00:01.443 I/        ( 1251): <<android>>      MApi_AUDIO_WritePreInitTable() : doesn't need to init again
01-01 08:00:01.443 I/MiSysSrv( 1118): [1;36m>>>MI_IMPL_DISPLAY_Init[462] 
01-01 08:00:01.443 I/MiSysSrv( 1118): [0m[1;32m[MI INFO]: ~~~~> MI_IMPL_DISPLAY_Init(): [IN]pstDispCap(0x9b812bf4)={2}
01-01 08:00:01.443 I/MiSysSrv( 1118): [0m[1;32m[MI INFO]: MI_DISPLAY already Inited, return ok !
01-01 08:00:01.443 I/MiSysSrv( 1118): [0m[1;36m<<<MI_IMPL_DISPLAY_Init[469] 
01-01 08:00:01.443 I/MiSysSrv( 1118): [0m[1;36m>>>MI_ATOM_AOUT_Init[3197] 
01-01 08:00:01.443 I/        ( 1251): <<android>>      1 DSPBinBaseAddress = 0x0
01-01 08:00:01.443 I/        ( 1251): <<android>>      1 DSPMadBaseBufferAdr = 0x1a159000
01-01 08:00:01.443 I/        ( 1251): <<android>>      1 DSPMadMIUBank = 0
01-01 08:00:01.443 I/        ( 1251): <<android>>      2 DSPBinBaseAddress = 0x0
01-01 08:00:01.443 I/        ( 1251): <<android>>      2 DSPMadBaseBufferAdr = 0x19959000
01-01 08:00:01.443 I/        ( 1251): <<android>>      2 DSPMadMIUBank = 0
01-01 08:00:01.443 E/        ( 1251): <<android>>      HAL_MAD_SetCommInfo: g_FuncPrt_Hal_SetAudioParam2 already register !!
01-01 08:00:01.443 E/        ( 1251): <<android>>      HAL_MAD_SetCommInfo: g_FuncPrt_Hal_GetAudioInfo2 already register !!
01-01 08:00:01.443 I/MiSysSrv( 1118): [0mIn HAL_AUDIO_SetDspBaseAddr, line(4376), u8Index(0x1), u32Bin_Base_Address(0x0), u32Mad_Base_Buffer_Adr(0x1a159000)
01-01 08:00:01.443 I/MiSysSrv( 1118): In HAL_AUDIO_SetDspBaseAddr, line(4376), u8Index(0x2), u32Bin_Base_Address(0x0), u32Mad_Base_Buffer_Adr(0x19959000)
01-01 08:00:01.443 I/MiSysSrv( 1118): MApi_AUDIO_Initialize doesn't need to init again
01-01 08:00:01.443 I/MiSysSrv( 1118): none MI_DBG_LVL_L in PROC_CMD_LINE!
01-01 08:00:01.443 I/MiSysSrv( 1118): none MI_DBG_LVL_H in PROC_CMD_LINE!
01-01 08:00:01.447 I/MiSysSrv( 1118): [1;36m>>>MI_IMPL_DISPLAY_GetDisplayHandle[602] 
01-01 08:00:01.447 I/MiSysSrv( 1118): [0m[1;32m[MI INFO]: ~~~~> MI_IMPL_DISPLAY_GetDisplayHandle(): [IN]u8DevIndex=0, [OUT]phDispHandle=0x9b910b74
01-01 08:00:01.447 I/MiSysSrv( 1118): [0m[1;36m>>>MI_ATOM_DISPLAY_GetDisplayHandle[1885] 
01-01 08:00:01.447 I/MiSysSrv( 1118): [0m[1;31m<<<MI_ATOM_DISPLAY_GetDisplayHandle[1896] Not open, handle is NULL!
01-01 08:00:01.447 I/MiSysSrv( 1118): [0m[1;31m<<<MI_IMPL_DISPLAY_GetDisplayHandle[610] return ERR!
01-01 08:00:01.447 I/MiSysSrv( 1118): [0m[1;32m[MI INFO]: <~~~~ MI_IMPL_DISPLAY_GetDisplayHandle(): [OUT]*phDispHandle(0x9b910b74)=0x0
01-01 08:00:01.447 I/MiSysSrv( 1118): [0m[1;31m[MI ERR ]: MI_ATOM_AOUT_GetHandle[4253]: Please open device to get handle
01-01 08:00:01.447 I/MiSysSrv( 1118): [0m[1;36m>>>MI_IMPL_DISPLAY_Open[516] 
01-01 08:00:01.447 I/MiSysSrv( 1118): [0m[1;32m[MI INFO]: ~~~~> MI_IMPL_DISPLAY_Open(): [IN]u8DispIndex=0, [OUT]phDispHandle=0x9aaccb7c
01-01 08:00:01.447 I/MiSysSrv( 1118): [0m[1;36m>>>MI_ATOM_DISPLAY_Open[1719] 
01-01 08:00:01.447 I/MiSysSrv( 1118): [0m[1;36m<<<MI_ATOM_DISPLAY_Open[1745] 
01-01 08:00:01.447 I/MiSysSrv( 1118): [0m[1;36m<<<MI_IMPL_DISPLAY_Open[528] 
01-01 08:00:01.447 I/MiSysSrv( 1118): [0m[1;32m[MI INFO]: <~~~~ MI_IMPL_DISPLAY_Open(): [OUT]*phDispHandle(0x9aaccb7c)=0xffff0600
01-01 08:00:01.447 D/DD      ( 1254): <1254>[dd_audio][FUNC:DD_Audio_Init LINE:196]need open audioout
01-01 08:00:01.447 I/MiSysSrv( 1118): [0m[1;36m>>>MI_IMPL_DISPLAY_GetWindowHandle[625] 
01-01 08:00:01.447 I/MiSysSrv( 1118): [0m[1;32m[MI INFO]: ~~~~> MI_IMPL_DISPLAY_GetWindowHandle(): [IN]u8WindowIndex=0, [IN]hDispHandle=0xffff0600, [OUT]phWinHandle=0x9b812b6c
01-01 08:00:01.447 I/MiSysSrv( 1118): [0m[1;36m>>>MI_ATOM_DISPLAY_GetWindowHandle[1908] 
01-01 08:00:01.447 I/MiSysSrv( 1118): [0m[1;36m<<<MI_ATOM_DISPLAY_GetWindowHandle[1935] 
01-01 08:00:01.447 I/MiSysSrv( 1118): [0m[1;36m<<<MI_IMPL_DISPLAY_GetWindowHandle[638] 
01-01 08:00:01.447 I/MiSysSrv( 1118): [0m[1;32m[MI INFO]: <~~~~ MI_IMPL_DISPLAY_GetWindowHandle(): [OUT]*phWinHandle(0x9b812b6c)=0xffffffff
01-01 08:00:01.447 I/MiSysSrv( 1118): [0m[1;32m[MI INFO]: MI_IMPL_DISPLAY_GetWindowHandle :Get Winodow Hanle Time = 0ms
01-01 08:00:01.447 I/MiSysSrv( 1118): [0m[1;36m>>>MI_ATOM_AOUT_Open[3415] 
01-01 08:00:01.451 I/MiSysSrv( 1118): [0m[1;32m[MI INFO]: ePath = 10
01-01 08:00:01.451 I/MiSysSrv( 1118): [0m[1;32m[MI INFO]: vol = 0
01-01 08:00:01.451 I/MiSysSrv( 1118): [0m[1;32m[MI INFO]: ePath = 10
01-01 08:00:01.451 I/MiSysSrv( 1118): [0m[1;32m[MI INFO]: ePath = 10
01-01 08:00:01.451 I/MiSysSrv( 1118): [0m[1;32m[MI INFO]: _MI_AOUT_GetMute(2953) u: 0, d: 0, i: 0, init: 0, p: 0
01-01 08:00:01.451 I/MiSysSrv( 1118): [0m[1;36m>>>MI_IMPL_DISPLAY_OpenWindowHandle[559] 
01-01 08:00:01.451 I/MiSysSrv( 1118): [0m[1;32m[MI INFO]: ~~~~> MI_IMPL_DISPLAY_OpenWindowHandle(): [IN]u8WindowIndex=0, [IN]hDispHandle=0xffff0600, [OUT]phWinHandle=0xbeabd89c
01-01 08:00:01.451 I/MiSysSrv( 1118): [0m[1;36m>>>MI_ATOM_DISPLAY_OpenWindowHandle[1771] 
01-01 08:00:01.451 I/MiSysSrv( 1118): [0m[1;36m<<<MI_ATOM_DISPLAY_OpenWindowHandle[1841] 
01-01 08:00:01.451 I/MiSysSrv( 1118): [0m[1;36m<<<MI_IMPL_DISPLAY_OpenWindowHandle[571] 
01-01 08:00:01.451 I/MiSysSrv( 1118): [0m[1;32m[MI INFO]: <~~~~ MI_IMPL_DISPLAY_OpenWindowHandle(): [OUT]*phWinHandle(0xbeabd89c)=0xffff0700
01-01 08:00:01.451 I/MiSysSrv( 1118): [0m[1;36m>>>_MI_DISPLAY_HandlerThread[630] 
01-01 08:00:01.451 I/tvos    ( 1119): [1;32m
01-01 08:00:01.451 I/tvos    ( 1119): ---------_InputSrcTypeToCntIdx---in---------
01-01 08:00:01.451 I/tvos    ( 1119): [0m[1;32m
01-01 08:00:01.451 I/tvos    ( 1119): ---------_InputSrcTypeToCntIdx---out---u8Index=34------
01-01 08:00:01.451 I/tvos    ( 1119): [0m[1;32m[1;32m[631]MI_BOOL MW_Picture::InitWindowPictureMode() u8Contrast 50,u8Brightness 50,u8Saturation 50,u8Sharpness 50,u8Hue 50[0;0m
01-01 08:00:01.451 I/tvos    ( 1119): [0m[1;32m
01-01 08:00:01.451 I/tvos    ( 1119): ---------_InputSrcTypeToCntIdx---in---------
01-01 08:00:01.451 I/tvos    ( 1119): [0m[1;32m
01-01 08:00:01.451 I/tvos    ( 1119): ---------_InputSrcTypeToCntIdx---out---u8Index=34------
01-01 08:00:01.451 I/tvos    ( 1119): [0m[1;32m
01-01 08:00:01.451 I/tvos    ( 1119): ########################Brightness[0m[1;32m
01-01 08:00:01.451 I/tvos    ( 1119): OSD0:80[0m[1;32m
01-01 08:00:01.451 I/tvos    ( 1119): OSD25:110[0m[1;32m
01-01 08:00:01.451 I/tvos    ( 1119): OSD50:128[0m[1;32m
01-01 08:00:01.451 I/tvos    ( 1119): OSD75:140[0m[1;32m
01-01 08:00:01.451 I/tvos    ( 1119): OSD100:148[0m[1;32m
01-01 08:00:01.451 I/tvos    ( 1119): #####Brightness Pre Value=50[0m[1;32m
01-01 08:00:01.455 I/MiSysSrv( 1118): [0m[1;36m>>>MI_IMPL_DISPLAY_SetWindowPictureMode[1349] 
01-01 08:00:01.455 I/MiSysSrv( 1118): [0m[1;32m[MI INFO]: ~~~~> MI_IMPL_DISPLAY_SetWindowPictureMode(): [IN]hWinHandle=0xffff0700, ePictureMode=1, pstPictureMode(0x9b812bf4)={24,128,0,0,0,0}
01-01 08:00:01.455 I/MiSysSrv( 1118): [0m[1;36m>>>MI_ATOM_DISPLAY_SetWindowPictureMode[2303] 
01-01 08:00:01.455 I/MiSysSrv( 1118): [0m[1;36m>>>_MI_DISPLAY_GetPQWindowType[364] 
01-01 08:00:01.455 I/MiSysSrv( 1118): [0m[1;36m>>>_MI_DISPLAY_GetDisplayWindowIndex[342] 
01-01 08:00:01.455 I/MiSysSrv( 1118): [0m[1;36m<<<_MI_DISPLAY_GetDisplayWindowIndex[358] 
01-01 08:00:01.455 I/MiSysSrv( 1118): [0m[1;36m<<<_MI_DISPLAY_GetPQWindowType[403] 
01-01 08:00:01.455 I/MiSysSrv( 1118): [0m[1;36m>>>_MI_DISPLAY_GetDisplayWindowIndex[342] 
01-01 08:00:01.455 I/MiSysSrv( 1118): [0m[1;36m<<<_MI_DISPLAY_GetDisplayWindowIndex[358] 
01-01 08:00:01.455 I/MiSysSrv( 1118): [0m[1;32m[MI INFO]: MI_ATOM_DISPLAY_SetWindowPictureMode,2335:ePictureMode = 1
01-01 08:00:01.455 I/MiSysSrv( 1118): [0m[1;32m[MI INFO]: MI_ATOM_DISPLAY_SetWindowPictureMode,2338:stPicMode.u32Brightness = 128
01-01 08:00:01.455 I/MiSysSrv( 1118): [0m[1;36m<<<MI_ATOM_DISPLAY_SetWindowPictureMode[2385] 
01-01 08:00:01.455 I/MiSysSrv( 1118): [0m[1;36m<<<MI_IMPL_DISPLAY_SetWindowPictureMode[1365] 
01-01 08:00:01.455 I/tvos    ( 1119): #####Brightness Post Value=128[0m[1;32m
01-01 08:00:01.455 I/tvos    ( 1119): ---------_InputSrcTypeToCntIdx---in---------
01-01 08:00:01.455 I/MiSysSrv( 1118): [0m[1;36m>>>MI_IMPL_DISPLAY_SetWindowPictureMode[1349] 
01-01 08:00:01.455 I/tvos    ( 1119): [0m[1;32m
01-01 08:00:01.455 I/tvos    ( 1119): ---------_InputSrcTypeToCntIdx---out---u8Index=34------
01-01 08:00:01.455 I/MiSysSrv( 1118): [0m[1;32m[MI INFO]: ~~~~> MI_IMPL_DISPLAY_SetWindowPictureMode(): [IN]hWinHandle=0xffff0700, ePictureMode=16, pstPictureMode(0x9aaccbf4)={24,0,0,0,0,18}
01-01 08:00:01.455 I/tvos    ( 1119): [0m[1;32m
01-01 08:00:01.455 I/MiSysSrv( 1118): [0m[1;36m>>>MI_ATOM_DISPLAY_SetWindowPictureMode[2303] 
01-01 08:00:01.455 I/tvos    ( 1119): ########################Sharpness[0m[1;32m
01-01 08:00:01.455 I/MiSysSrv( 1118): [0m[1;36m>>>_MI_DISPLAY_GetPQWindowType[364] 
01-01 08:00:01.455 I/tvos    ( 1119): OSD0:0[0m[1;32m
01-01 08:00:01.455 I/MiSysSrv( 1118): [0m[1;36m>>>_MI_DISPLAY_GetDisplayWindowIndex[342] 
01-01 08:00:01.455 I/tvos    ( 1119): OSD25:4[0m[1;32m
01-01 08:00:01.455 I/MiSysSrv( 1118): [0m[1;36m<<<_MI_DISPLAY_GetDisplayWindowIndex[358] 
01-01 08:00:01.455 I/tvos    ( 1119): OSD50:18[0m[1;32m
01-01 08:00:01.455 I/MiSysSrv( 1118): [0m[1;36m<<<_MI_DISPLAY_GetPQWindowType[403] 
01-01 08:00:01.455 I/tvos    ( 1119): OSD75:28[0m[1;32m
01-01 08:00:01.455 I/MiSysSrv( 1118): [0m[1;36m>>>_MI_DISPLAY_GetDisplayWindowIndex[342] 
01-01 08:00:01.455 I/tvos    ( 1119): OSD100:63[0m[1;32m
01-01 08:00:01.455 I/MiSysSrv( 1118): [0m[1;36m<<<_MI_DISPLAY_GetDisplayWindowIndex[358] 
01-01 08:00:01.455 I/tvos    ( 1119): #####Sharpness Pre Value=50[0m[1;32m
01-01 08:00:01.455 I/MiSysSrv( 1118): [0m[1;32m[MI INFO]: MI_ATOM_DISPLAY_SetWindowPictureMode,2335:ePictureMode = 16
01-01 08:00:01.455 I/tvos    ( 1119): #####Sharpness Post Value=18[0m[1;32m
01-01 08:00:01.455 I/MiSysSrv( 1118): [0m[1;32m[MI INFO]: MI_ATOM_DISPLAY_SetWindowPictureMode,2380:stPicMode.u32Sharpness = 18
01-01 08:00:01.455 I/tvos    ( 1119): ---------_InputSrcTypeToCntIdx---in---------
01-01 08:00:01.455 I/MiSysSrv( 1118): [0m[1;36m<<<MI_ATOM_DISPLAY_SetWindowPictureMode[2385] 
01-01 08:00:01.455 I/tvos    ( 1119): [0m[1;32m
01-01 08:00:01.455 I/MiSysSrv( 1118): [0m[1;36m<<<MI_IMPL_DISPLAY_SetWindowPictureMode[1365] 
01-01 08:00:01.455 I/tvos    ( 1119): ---------_InputSrcTypeToCntIdx---out---u8Index=34------
01-01 08:00:01.455 I/tvos    ( 1119): [0m[1;32m
01-01 08:00:01.455 I/tvos    ( 1119): ########################Contrast[0m[1;32m
01-01 08:00:01.455 I/tvos    ( 1119): OSD0:16[0m[1;32m
01-01 08:00:01.455 I/tvos    ( 1119): OSD25:50[0m[1;32m
01-01 08:00:01.455 I/tvos    ( 1119): OSD50:128[0m[1;32m
01-01 08:00:01.455 I/tvos    ( 1119): OSD75:138[0m[1;32m
01-01 08:00:01.455 I/tvos    ( 1119): OSD100:150[0m[1;32m
01-01 08:00:01.455 I/tvos    ( 1119): #####Contrast Pre Value=50
01-01 08:00:01.455 I/tvos    ( 1119): [0m[1;32m
01-01 08:00:01.455 I/tvos    ( 1119): #####Contrast Post Value=128
01-01 08:00:01.459 I/MiSysSrv( 1118): [0m[1;36m>>>MI_IMPL_DISPLAY_SetWindowPictureMode[1349] 
01-01 08:00:01.459 I/MiSysSrv( 1118): [0m[1;32m[MI INFO]: ~~~~> MI_IMPL_DISPLAY_SetWindowPictureMode(): [IN]hWinHandle=0xffff0700, ePictureMode=2, pstPictureMode(0xbeabd91c)={24,0,128,0,0,0}
01-01 08:00:01.459 I/MiSysSrv( 1118): [0m[1;36m>>>MI_ATOM_DISPLAY_SetWindowPictureMode[2303] 
01-01 08:00:01.459 I/MiSysSrv( 1118): [0m[1;36m>>>_MI_DISPLAY_GetPQWindowType[364] 
01-01 08:00:01.459 I/MiSysSrv( 1118): [0m[1;36m>>>_MI_DISPLAY_GetDisplayWindowIndex[342] 
01-01 08:00:01.459 I/MiSysSrv( 1118): [0m[1;36m<<<_MI_DISPLAY_GetDisplayWindowIndex[358] 
01-01 08:00:01.459 I/MiSysSrv( 1118): [0m[1;36m<<<_MI_DISPLAY_GetPQWindowType[403] 
01-01 08:00:01.459 I/MiSysSrv( 1118): [0m[1;36m>>>_MI_DISPLAY_GetDisplayWindowIndex[342] 
01-01 08:00:01.459 I/MiSysSrv( 1118): [0m[1;36m<<<_MI_DISPLAY_GetDisplayWindowIndex[358] 
01-01 08:00:01.459 I/MiSysSrv( 1118): [0m[1;32m[MI INFO]: MI_ATOM_DISPLAY_SetWindowPictureMode,2335:ePictureMode = 2
01-01 08:00:01.459 I/MiSysSrv( 1118): [0m[1;32m[MI INFO]: MI_ATOM_DISPLAY_SetWindowPictureMode,2362:stPicMode.u32Contrast = 128
01-01 08:00:01.475 I/MiSysSrv( 1118): [0m[1;36m<<<MI_ATOM_DISPLAY_SetWindowPictureMode[2385] 
01-01 08:00:01.475 I/MiSysSrv( 1118): [0m[1;36m<<<MI_IMPL_DISPLAY_SetWindowPictureMode[1365] 
01-01 08:00:01.475 I/tvos    ( 1119): [0m[1;32m
01-01 08:00:01.475 I/tvos    ( 1119): ---------_InputSrcTypeToCntIdx---in---------
01-01 08:00:01.475 I/tvos    ( 1119): [0m[1;32m
01-01 08:00:01.475 I/tvos    ( 1119): ---------_InputSrcTypeToCntIdx---out---u8Index=34------
01-01 08:00:01.475 I/tvos    ( 1119): [0m[1;32m
01-01 08:00:01.475 I/tvos    ( 1119): ########################Saturation[0m[1;32m
01-01 08:00:01.475 I/tvos    ( 1119): OSD0:0[0m[1;32m
01-01 08:00:01.475 I/tvos    ( 1119): OSD25:64[0m[1;32m
01-01 08:00:01.475 I/tvos    ( 1119): OSD50:128[0m[1;32m
01-01 08:00:01.475 I/tvos    ( 1119): OSD75:175[0m[1;32m
01-01 08:00:01.475 I/tvos    ( 1119): OSD100:192[0m[1;32m
01-01 08:00:01.475 I/tvos    ( 1119): #####Saturation Pre Value=50[0m[1;32m
01-01 08:00:01.475 I/MiSysSrv( 1118): [0m[1;36m>>>MI_IMPL_DISPLAY_SetWindowPictureMode[1349] 
01-01 08:00:01.475 I/MiSysSrv( 1118): [0m[1;32m[MI INFO]: ~~~~> MI_IMPL_DISPLAY_SetWindowPictureMode(): [IN]hWinHandle=0xffff0700, ePictureMode=8, pstPictureMode(0x9b812bf4)={24,0,0,0,128,0}
01-01 08:00:01.475 I/MiSysSrv( 1118): [0m[1;36m>>>MI_ATOM_DISPLAY_SetWindowPictureMode[2303] 
01-01 08:00:01.475 I/MiSysSrv( 1118): [0m[1;36m>>>_MI_DISPLAY_GetPQWindowType[364] 
01-01 08:00:01.475 I/MiSysSrv( 1118): [0m[1;36m>>>_MI_DISPLAY_GetDisplayWindowIndex[342] 
01-01 08:00:01.475 I/MiSysSrv( 1118): [0m[1;36m<<<_MI_DISPLAY_GetDisplayWindowIndex[358] 
01-01 08:00:01.475 I/MiSysSrv( 1118): [0m[1;36m<<<_MI_DISPLAY_GetPQWindowType[403] 
01-01 08:00:01.475 I/MiSysSrv( 1118): [0m[1;36m>>>_MI_DISPLAY_GetDisplayWindowIndex[342] 
01-01 08:00:01.475 I/MiSysSrv( 1118): [0m[1;36m<<<_MI_DISPLAY_GetDisplayWindowIndex[358] 
01-01 08:00:01.475 I/MiSysSrv( 1118): [0m[1;32m[MI INFO]: MI_ATOM_DISPLAY_SetWindowPictureMode,2335:ePictureMode = 8
01-01 08:00:01.475 I/MiSysSrv( 1118): [0m[1;32m[MI INFO]: MI_ATOM_DISPLAY_SetWindowPictureMode,2374:stPicMode.u32Saturation = 128
01-01 08:00:01.475 I/MiSysSrv( 1118): [0m[1;36m<<<MI_ATOM_DISPLAY_SetWindowPictureMode[2385] 
01-01 08:00:01.475 I/MiSysSrv( 1118): [0m[1;36m<<<MI_IMPL_DISPLAY_SetWindowPictureMode[1365] 
01-01 08:00:01.475 I/tvos    ( 1119): #####Saturation Post Value=128[0m[1;32m
01-01 08:00:01.475 I/tvos    ( 1119): ---------_InputSrcTypeToCntIdx---in---------
01-01 08:00:01.475 I/tvos    ( 1119): [0m[1;32m
01-01 08:00:01.475 I/tvos    ( 1119): ---------_InputSrcTypeToCntIdx---out---u8Index=34------
01-01 08:00:01.475 I/tvos    ( 1119): [0m[1;32m
01-01 08:00:01.475 I/tvos    ( 1119): ########################Hue[0m[1;32m
01-01 08:00:01.475 I/tvos    ( 1119): OSD0:35[0m[1;32m
01-01 08:00:01.475 I/tvos    ( 1119): OSD25:42[0m[1;32m
01-01 08:00:01.475 I/tvos    ( 1119): OSD50:50[0m[1;32m
01-01 08:00:01.475 I/tvos    ( 1119): OSD75:57[0m[1;32m
01-01 08:00:01.475 I/tvos    ( 1119): OSD100:65[0m[1;32m
01-01 08:00:01.475 I/tvos    ( 1119): #####Hue Pre Value=50[0m[1;32m
01-01 08:00:01.479 I/MiSysSrv( 1118): [0m[1;36m>>>MI_IMPL_DISPLAY_SetWindowPictureMode[1349] 
01-01 08:00:01.479 I/MiSysSrv( 1118): [0m[1;32m[MI INFO]: ~~~~> MI_IMPL_DISPLAY_SetWindowPictureMode(): [IN]hWinHandle=0xffff0700, ePictureMode=4, pstPictureMode(0x9aaccbf4)={24,0,0,50,0,0}
01-01 08:00:01.479 I/MiSysSrv( 1118): [0m[1;36m>>>MI_ATOM_DISPLAY_SetWindowPictureMode[2303] 
01-01 08:00:01.479 I/MiSysSrv( 1118): [0m[1;36m>>>_MI_DISPLAY_GetPQWindowType[364] 
01-01 08:00:01.479 I/MiSysSrv( 1118): [0m[1;36m>>>_MI_DISPLAY_GetDisplayWindowIndex[342] 
01-01 08:00:01.479 I/MiSysSrv( 1118): [0m[1;36m<<<_MI_DISPLAY_GetDisplayWindowIndex[358] 
01-01 08:00:01.479 I/MiSysSrv( 1118): [0m[1;36m<<<_MI_DISPLAY_GetPQWindowType[403] 
01-01 08:00:01.479 I/MiSysSrv( 1118): [0m[1;36m>>>_MI_DISPLAY_GetDisplayWindowIndex[342] 
01-01 08:00:01.479 I/MiSysSrv( 1118): [0m[1;36m<<<_MI_DISPLAY_GetDisplayWindowIndex[358] 
01-01 08:00:01.479 I/MiSysSrv( 1118): [0m[1;32m[MI INFO]: MI_ATOM_DISPLAY_SetWindowPictureMode,2335:ePictureMode = 4
01-01 08:00:01.479 I/MiSysSrv( 1118): [0m[1;32m[MI INFO]: MI_ATOM_DISPLAY_SetWindowPictureMode,2368:stPicMode.u32Hue = 50
01-01 08:00:01.479 I/MiSysSrv( 1118): [0m[1;36m<<<MI_ATOM_DISPLAY_SetWindowPictureMode[2385] 
01-01 08:00:01.479 I/MiSysSrv( 1118): [0m[1;36m<<<MI_IMPL_DISPLAY_SetWindowPictureMode[1365] 
01-01 08:00:01.479 I/MiDispoutService( 1251): impl handle 0x444f0004 closed!
01-01 08:00:01.479 I/MiSysSrv( 1118): [0mdelete_weak_handle, impl_hanlde => 1146028036
01-01 08:00:01.479 E/MiDispoutService( 1251): in funciton close line 642. invalid resource handle
01-01 08:00:01.479 E/MiDispoutService( 1251): in funciton close line 642. invalid resource handle
01-01 08:00:01.479 I/tvos    ( 1119): #####Hue Post Value=50[0mMI_DISPOUT_Close(m_hHDMITxHandle) return FALSE,return = 3!!,/home/gaojie/Work/HeiLJ/Android-BUQ/android/MI_project/project/middleware/mi_mw_tvos/mw/mw_picture/MW_Picture.cpp,ReleaseDispout,line=850
01-01 08:00:01.479 I/MiSysSrv( 1118): none MI_DBG_LVL_L in PROC_CMD_LINE!
01-01 08:00:01.479 I/MiSysSrv( 1118): none MI_DBG_LVL_H in PROC_CMD_LINE!
01-01 08:00:01.479 I/MiSysSrv( 1118): [1;31m[MI ERR ]: MI_ATOM_PM_Init[1113]: WDT module has inited
01-01 08:00:01.483 I/MiSysSrv( 1118): [0m[1;31m[MI ERR ]: MI_ATOM_PM_InitWatchDog[1577]: WDT has inited
01-01 08:00:01.483 I/tvos    ( 1119): [MI_SYS_WDT] Get handle: 144420
01-01 08:00:01.483 I/MiSysSrv( 1118): [0m[1;31m[MI ERR ]: MI_ATOM_PM_InitHeartBeatMonitor[1661]: Heart beat monitor has been inited
01-01 08:00:01.527 D/dalvikvm( 1105): GC_FOR_ALLOC freed 158K, 16% free 897K/1056K, paused 7ms, total 7ms
01-01 08:00:01.575 I/tvos    ( 1119): [1;31m<<<MiAoutGetHandle[819] Ret ERROR
01-01 08:00:01.575 I/MiSysSrv( 1118): [0m[1;36m>>>_MI_AOUT_GetCaps[2970] 
01-01 08:00:01.575 I/MiSysSrv( 1118): [0m[1;32m[MI INFO]: [HWCAPS]:Info: ShmType 1 will be init!
01-01 08:00:01.575 I/MiSysSrv( 1118): [0m[1;32m[MI INFO]: [HWCAPS]:shmem buffer MI_HWCAPS_AOUT size is 8
01-01 08:00:01.575 I/MiSysSrv( 1118): [0m[1;31m[MI ERR ]: MI_ATOM_AOUT_GetHandle[4253]: Please open device to get handle
01-01 08:00:01.575 I/MiSysSrv( 1118): [0m[1;36m>>>MI_ATOM_AOUT_Open[3415] 
01-01 08:00:01.575 I/MiSysSrv( 1118): [0m[1;32m[MI INFO]: ePath = 4
01-01 08:00:01.575 I/MiSysSrv( 1118): [0m[1;32m[MI INFO]: vol = 0
01-01 08:00:01.579 I/MiSysSrv( 1118): [0m[1;32m[MI INFO]: ePath = 4
01-01 08:00:01.579 I/MiSysSrv( 1118): [0m[1;32m[MI INFO]: ePath = 4
01-01 08:00:01.579 I/MiSysSrv( 1118): [0m[1;32m[MI INFO]: _MI_AOUT_GetMute(2953) u: 0, d: 0, i: 0, init: 0, p: 0
01-01 08:00:01.579 D/DD      ( 1254): <1254>[dd_audio][FUNC:DD_Audio_Init LINE:207]Exit Success
01-01 08:00:01.579 D/DD      ( 1254): <1254>[dd_aout][FUNC:DDAOUTInit LINE:99]Enter
01-01 08:00:01.579 D/DD      ( 1254): <1254>[dd_aout][FUNC:DDAOUTInit LINE:101]Exit Success
01-01 08:00:01.579 D/DD      ( 1254): <1254>[dd_utility][FUNC:_DD_Pm_Init LINE:564]Enter
01-01 08:00:01.579 I/MiSysSrv( 1118): [0mnone MI_DBG_LVL_L in PROC_CMD_LINE!
01-01 08:00:01.579 I/MiSysSrv( 1118): none MI_DBG_LVL_H in PROC_CMD_LINE!
01-01 08:00:01.583 D/DD      ( 1254): <1254>[dd_utility][FUNC:_DD_Pm_Init LINE:577]Success
01-01 08:00:01.583 D/DD      ( 1254): <1254>[dd_utility][FUNC:_DD_Pm_Init LINE:578]Exit Success
01-01 08:00:01.583 D/DD      ( 1254): [DDErrorCode DD_FP_Init()][1364]Enter
01-01 08:00:01.583 I/        ( 1254): [MSOS_PRINT][003289]     ~!~mappd sharemem  @ 
01-01 08:00:01.583 I/        ( 1254): [MSOS_PRINT][000663]     pthread_mutex_init
01-01 08:00:01.583 I/        ( 1254): [MSOS_PRINT][000665]     CHIP_InitISR
01-01 08:00:01.583 I/        ( 1254): [utopia info] utopia init
01-01 08:00:01.583 I/        ( 1254): [utopia info] register module: MODULE_UTOPIA
01-01 08:00:01.583 I/        ( 1254): [utopia info] register module: MODULE_BDMA
01-01 08:00:01.583 I/        ( 1254): [utopia info] register module: MODULE_AESDMA
01-01 08:00:01.583 I/        ( 1254): [utopia info] register module: MODULE_DSCMB
01-01 08:00:01.583 I/        ( 1254): [utopia info] register module: MODULE_CI
01-01 08:00:01.583 I/        ( 1254): [utopia info] register module: MODULE_GOP
01-01 08:00:01.583 I/        ( 1254): [utopia info] register module: MODULE_GFX
01-01 08:00:01.587 I/        ( 1254): [utopia info] register module: MODULE_TVENCODER
01-01 08:00:01.587 I/        ( 1254): [utopia info] register module: MODULE_XC
01-01 08:00:01.587 I/        ( 1254): [utopia info] register module: MODULE_MBX
01-01 08:00:01.587 I/        ( 1254): [utopia info] register module: MODULE_DIP
01-01 08:00:01.587 I/        ( 1254): [utopia info] register module: MODULE_PNL
01-01 08:00:01.587 I/        ( 1254): [utopia info] register module: MODULE_VBI
01-01 08:00:01.587 I/        ( 1254): [utopia info] register module: MODULE_ACE
01-01 08:00:01.587 I/        ( 1254): [utopia info] register module: MODULE_DLC
01-01 08:00:01.587 I/        ( 1254): [utopia info] register module: MODULE_IR
01-01 08:00:01.587 I/        ( 1254): [utopia info] register module: MODULE_SAR
01-01 08:00:01.587 I/        ( 1254): [utopia info] register module: MODULE_MIU
01-01 08:00:01.587 I/        ( 1254): [utopia info] register module: MODULE_PWS
01-01 08:00:01.591 I/        ( 1254): [utopia info] register module: MODULE_FLASH
01-01 08:00:01.591 I/        ( 1254): [utopia info] register module: MODULE_SEM
01-01 08:00:01.591 I/        ( 1254): [utopia info] register module: MODULE_SYS
01-01 08:00:01.591 I/        ( 1254): [utopia info] register module: MODULE_VDEC_EX
01-01 08:00:01.591 I/        ( 1254): [utopia info] register module: MODULE_MVOP
01-01 08:00:01.591 I/        ( 1254): [utopia info] register module: MODULE_AVD
01-01 08:00:01.591 I/        ( 1254): [utopia info] register module: MODULE_DMX
01-01 08:00:01.591 I/        ( 1254): [utopia info] register module: MODULE_RTC
01-01 08:00:01.591 I/        ( 1254): [utopia info] register module: MODULE_HWI2C
01-01 08:00:01.591 I/        ( 1254): [utopia info] register module: MODULE_UART
01-01 08:00:01.591 I/        ( 1254): [utopia info] register module: MODULE_PWM
01-01 08:00:01.591 I/        ( 1254): [utopia info] register module: MODULE_NJPEG_EX
01-01 08:00:01.591 I/        ( 1254): [utopia info] register module: MODULE_GPD
01-01 08:00:01.591 I/        ( 1254): [utopia info] register module: MODULE_MFE
01-01 08:00:01.595 I/        ( 1254): [utopia info] register module: MODULE_CPU
01-01 08:00:01.595 I/        ( 1254): [utopia info] register module: MODULE_MSPI
01-01 08:00:01.595 I/        ( 1254): [utopia info] register module: MODULE_DAC
01-01 08:00:01.595 I/        ( 1254): [utopia info] register module: MODULE_GPIO
01-01 08:00:01.595 D/TextLayoutCache( 1105): Using debug level = 0 - Debug Enabled = 0
01-01 08:00:01.607 I/MiSysSrv( 1118): [1;36m>>>_MI_AOUT_GetCaps[2970] 
01-01 08:00:01.607 I/MiSysSrv( 1118): [0m[1;32m[MI INFO]: [HWCAPS]:Info: aout caps has been updated!
01-01 08:00:01.611 I/MiSysSrv( 1118): [0m[1;31m[MI ERR ]: MI_ATOM_AOUT_GetHandle[4253]: Please open device to get handle
01-01 08:00:01.611 I/tvos    ( 1119): [0m[1;31m<<<MiAoutGetHandle[819] Ret ERROR
01-01 08:00:01.611 I/MiSysSrv( 1118): [0m[1;36m>>>MI_ATOM_AOUT_Open[3415] 
01-01 08:00:01.611 I/MiSysSrv( 1118): [0m[1;32m[MI INFO]: ePath = 5
01-01 08:00:01.611 I/MiSysSrv( 1118): [0m[1;32m[MI INFO]: vol = 0
01-01 08:00:01.611 I/MiSysSrv( 1118): [0m[1;32m[MI INFO]: ePath = 5
01-01 08:00:01.611 I/MiSysSrv( 1118): [0m[1;32m[MI INFO]: ePath = 5
01-01 08:00:01.611 I/MiSysSrv( 1118): [0m[1;32m[MI INFO]: _MI_AOUT_GetMute(2953) u: 0, d: 0, i: 0, init: 0, p: 0
01-01 08:00:01.611 I/MiSysSrv( 1118): [0m[1;36m>>>_MI_AOUT_GetCaps[2970] 
01-01 08:00:01.611 I/MiSysSrv( 1118): [0m[1;32m[MI INFO]: [HWCAPS]:Info: aout caps has been updated!
01-01 08:00:01.611 I/MiSysSrv( 1118): [0m[1;31m[MI ERR ]: MI_ATOM_AOUT_GetHandle[4253]: Please open device to get handle
01-01 08:00:01.611 I/tvos    ( 1119): [0m[1;31m<<<MiAoutGetHandle[819] Ret ERROR
01-01 08:00:01.611 I/MiSysSrv( 1118): [0m[1;36m>>>MI_ATOM_AOUT_Open[3415] 
01-01 08:00:01.611 I/MiSysSrv( 1118): [0m[1;32m[MI INFO]: ePath = 2
01-01 08:00:01.611 I/MiSysSrv( 1118): [0m[1;32m[MI INFO]: vol = 0
01-01 08:00:01.611 I/MiSysSrv( 1118): [0m[1;32m[MI INFO]: ePath = 2
01-01 08:00:01.611 I/MiSysSrv( 1118): [0m[1;32m[MI INFO]: ePath = 2
01-01 08:00:01.611 I/MiSysSrv( 1118): [0m[1;32m[MI INFO]: _MI_AOUT_GetMute(2953) u: 0, d: 0, i: 0, init: 0, p: 0
01-01 08:00:01.647 I/MiSysSrv( 1118): [0m[1;36m>>>_MI_AOUT_GetCaps[2970] 
01-01 08:00:01.647 I/MiSysSrv( 1118): [0m[1;32m[MI INFO]: [HWCAPS]:Info: aout caps has been updated!
01-01 08:00:01.647 I/tvos    ( 1119): [0mInitResource,line=1410
01-01 08:00:01.647 I/MiSysSrv( 1118): [0m[1;32m[MI INFO]: ePath = 4
01-01 08:00:01.647 I/MiSysSrv( 1118): [0m[1;32m[MI INFO]: _MI_AOUT_SetMute(2656)SE has already unmuted!
01-01 08:00:01.647 I/tvos    ( 1119): [mi Demo]SPDIF mute: 0
01-01 08:00:01.647 I/MiSysSrv( 1118): [0m[1;32m[MI INFO]: ePath = 2
01-01 08:00:01.647 I/MiSysSrv( 1118): [0m[1;32m[MI INFO]: _MI_AOUT_SetMute(2656)SE has already unmuted!
01-01 08:00:01.651 I/MiSysSrv( 1118): [0m[1;31m[MI ERR ]: MI_ATOM_AUDIO_GetHandle[3840]: Please open device to get handle
01-01 08:00:01.651 I/MiSysSrv( 1118): [0mDecID = 2 AU_GetDecID() 6632 
01-01 08:00:01.651 I/MiSysSrv( 1118): DecID = 2 AU_GetDecID() 6636 
01-01 08:00:01.651 I/        ( 1251): <<android>>      DecRet = 2 MApi_AUDIO_OpenDecodeSystem() 1385 
01-01 08:00:01.651 I/        ( 1251): <<android>>      ===== Check Audio Decoder Protection from hash-key IP =====
01-01 08:00:01.651 I/MiSysSrv( 1118): DecID = 2 AU_GetDecID() 6641 
01-01 08:00:01.651 I/        ( 1251): <<android>>      Hash-key Support DD.
01-01 08:00:01.651 I/MiSysSrv( 1118): DecID = 2 HAL_AUDIO_OpenDecodeSystem() 6673 
01-01 08:00:01.651 I/        ( 1251): <<android>>      Hash-key Support DD+.
01-01 08:00:01.651 I/        ( 1251): <<android>>      Hash Key Check DTS Fail, no DTS license!!
01-01 08:00:01.651 I/        ( 1251): <<android>>      Hash Key Check WMA Fail, no WMA license!!
01-01 08:00:01.651 I/        ( 1251): <<android>>      Hash-key Support DRA.
01-01 08:00:01.651 I/        ( 1251): <<android>>      Hash Key Check DTSLBR Fail, no DTSLBR license!!
01-01 08:00:01.651 I/        ( 1251): <<android>>      Hash Key Check Dolby MS11 Fail, no Dolby MS11 license!!
01-01 08:00:01.651 I/        ( 1251): <<android>>      Hash Key Check DTSE Fail, no DTSE license!!
01-01 08:00:01.651 I/        ( 1251): <<android>>      Hash Key Check DTSNeoUltra Fail, no DTSNeoUltra license!!
01-01 08:00:01.651 I/        ( 1251): <<android>>      Hash Key Check SRS_TSHD Fail, no SRS_TSHD license!!
01-01 08:00:01.651 I/        ( 1251): <<android>>      Hash Key Check SRS_THEATERSOUND Fail, no SRS_THEATERSOUND license!!
01-01 08:00:01.651 I/        ( 1251): <<android>>      Hash Key Check DTS_StudioSound3D Fail, no DTS_StudioSound3D license!!
01-01 08:00:01.651 I/        ( 1251): <<android>>      Hash Key Check COOK Fail, no COOK license!!
01-01 08:00:01.651 I/        ( 1251): <<android>>      Hash Key Check DTS_HD Fail, no DTS_HD license!!
01-01 08:00:01.651 I/        ( 1251): <<android>>      ===== Check Protection IP End                         =====
01-01 08:00:01.651 I/MiSysSrv( 1118): Reload Success
01-01 08:00:01.651 I/MiSysSrv( 1118): Input
01-01 08:00:01.651 I/MiSysSrv( 1118): eAudFormat = 1
01-01 08:00:01.651 I/MiSysSrv( 1118): eGroup = 0
01-01 08:00:01.651 I/MiSysSrv( 1118): eDSPId = 0
01-01 08:00:01.651 I/MiSysSrv( 1118): eStcSource = 0
01-01 08:00:01.651 I/MiSysSrv( 1118): DecId = 2
01-01 08:00:01.651 I/MiSysSrv( 1118): eAudFormat = 1
01-01 08:00:01.651 I/MiSysSrv( 1118): eGroup = 0
01-01 08:00:01.651 I/MiSysSrv( 1118): eDSPId = 0
01-01 08:00:01.651 I/MiSysSrv( 1118): eStcSource = 0
01-01 08:00:01.651 I/        ( 1251): <<android>>      Dec Id 2 opened MApi_AUDIO_OpenDecodeSystem() 1404 
01-01 08:00:01.651 I/MiSysSrv( 1118): DecID = 2 AU_GetDecID() 6632 
01-01 08:00:01.651 I/MiSysSrv( 1118): DecID = 0 AU_GetDecID() 6632 
01-01 08:00:01.651 I/MiSysSrv( 1118): DecID = 0 AU_GetDecID() 6636 
01-01 08:00:01.651 I/MiSysSrv( 1118): DecID = 0 AU_GetDecID() 6641 
01-01 08:00:01.651 I/        ( 1251): <<android>>      DecRet = 0 MApi_AUDIO_OpenDecodeSystem() 1385 
01-01 08:00:01.651 I/        ( 1251): <<android>>      ===== Check Audio Decoder Protection from hash-key IP =====
01-01 08:00:01.651 I/        ( 1251): <<android>>      Hash-key Support DD.
01-01 08:00:01.651 I/        ( 1251): <<android>>      Hash-key Support DD+.
01-01 08:00:01.651 I/        ( 1251): <<android>>      Hash Key Check DTS Fail, no DTS license!!
01-01 08:00:01.651 I/        ( 1251): <<android>>      Hash Key Check WMA Fail, no WMA license!!
01-01 08:00:01.651 I/MiSysSrv( 1118): DecID = 0 HAL_AUDIO_OpenDecodeSystem() 6673 
01-01 08:00:01.651 I/        ( 1251): <<android>>      Hash-key Support DRA.
01-01 08:00:01.651 I/        ( 1251): <<android>>      Hash Key Check DTSLBR Fail, no DTSLBR license!!
01-01 08:00:01.651 I/        ( 1251): <<android>>      Hash Key Check Dolby MS11 Fail, no Dolby MS11 license!!
01-01 08:00:01.651 I/        ( 1251): <<android>>      Hash Key Check DTSE Fail, no DTSE license!!
01-01 08:00:01.651 I/        ( 1251): <<android>>      Hash Key Check DTSNeoUltra Fail, no DTSNeoUltra license!!
01-01 08:00:01.651 I/        ( 1251): <<android>>      Hash Key Check SRS_TSHD Fail, no SRS_TSHD license!!
01-01 08:00:01.651 I/        ( 1251): <<android>>      Hash Key Check SRS_THEATERSOUND Fail, no SRS_THEATERSOUND license!!
01-01 08:00:01.651 I/        ( 1251): <<android>>      Hash Key Check DTS_StudioSound3D Fail, no DTS_StudioSound3D license!!
01-01 08:00:01.651 I/        ( 1251): <<android>>      Hash Key Check COOK Fail, no COOK license!!
01-01 08:00:01.651 I/        ( 1251): <<android>>      Hash Key Check DTS_HD Fail, no DTS_HD license!!
01-01 08:00:01.651 I/        ( 1251): <<android>>      ===== Check Protection IP End                         =====
01-01 08:00:01.651 I/MiSysSrv( 1118): Reload Success
01-01 08:00:01.651 I/MiSysSrv( 1118): Input
01-01 08:00:01.651 I/MiSysSrv( 1118): eAudFormat = 1
01-01 08:00:01.651 I/MiSysSrv( 1118): eGroup = 0
01-01 08:00:01.655 I/MiSysSrv( 1118): eDSPId = 0
01-01 08:00:01.655 I/MiSysSrv( 1118): eStcSource = 0
01-01 08:00:01.655 I/MiSysSrv( 1118): DecId = 0
01-01 08:00:01.655 I/MiSysSrv( 1118): eAudFormat = 1
01-01 08:00:01.655 I/MiSysSrv( 1118): eGroup = 0
01-01 08:00:01.655 I/MiSysSrv( 1118): eDSPId = 0
01-01 08:00:01.655 I/MiSysSrv( 1118): eStcSource = 0
01-01 08:00:01.655 I/        ( 1251): <<android>>      Dec Id 0 opened MApi_AUDIO_OpenDecodeSystem() 1404 
01-01 08:00:01.655 I/MiSysSrv( 1118): DecID 0 disconnect MApi_AUDIO_ReleaseDecodeSystem() 1470
01-01 08:00:01.655 I/MiSysSrv( 1118): DecID 2 disconnect MApi_AUDIO_ReleaseDecodeSystem() 1470
01-01 08:00:01.659 I/MiSysSrv( 1118): delete_weak_handle, impl_hanlde => -1233352056
01-01 08:00:01.663 I/MiSysSrv( 1118): [37m[INFO] Change to Voltage: 115 mv (0x2A)[m
01-01 08:00:01.671 I/tvos    ( 1119): MW_Sound::SetVolume 4,u32Volume=40
01-01 08:00:01.671 I/MiSysSrv( 1118): [1;32m[MI INFO]: ePath = 4
01-01 08:00:01.671 I/MiSysSrv( 1118): [0m[1;32m[MI INFO]: vol = 40
01-01 08:00:01.671 I/tvos    ( 1119): MW_Sound::SetVolume 5,u32Volume=40
01-01 08:00:01.671 I/MiSysSrv( 1118): [0m[1;32m[MI INFO]: ePath = 5
01-01 08:00:01.671 I/MiSysSrv( 1118): [0m[1;32m[MI INFO]: vol = 40
01-01 08:00:01.671 I/tvos    ( 1119): MW_Sound::SetVolume 2,u32Volume=100
01-01 08:00:01.671 I/MiSysSrv( 1118): [0m[1;32m[MI INFO]: ePath = 2
01-01 08:00:01.671 I/MiSysSrv( 1118): [0m[1;32m[MI INFO]: vol = 100
01-01 08:00:01.675 I/dalvikvm( 1105): threadid=1: recursive native library load attempt (/system/lib/libmedia_jni.so)
01-01 08:00:01.675 D/MtpDeviceJNI( 1105): register_android_mtp_MtpDevice
01-01 08:00:01.675 I/MiSysSrv( 1118): [0mMPOOL size : 0x200000
01-01 08:00:01.679 I/dalvikvm( 1105): threadid=1: recursive native library load attempt (/system/lib/libmedia_jni.so)
01-01 08:00:01.679 I/dalvikvm( 1105): threadid=1: recursive native library load attempt (/system/lib/libmedia_jni.so)
01-01 08:00:01.679 I/dalvikvm( 1105): threadid=1: recursive native library load attempt (/system/lib/libmedia_jni.so)
01-01 08:00:01.679 I/tvos    ( 1119): connect[185]connect[189]connect[195][1;32m
01-01 08:00:01.679 I/tvos    ( 1119):  u8TvOrSTB == 1,  InitV3D,  513
01-01 08:00:01.695 I/MiSysSrv( 1118): [GetModuleParameter_int]m_pModelDefaultName = /config/module/MStar_Default_Module.ini
01-01 08:00:01.703 I/MiSysSrv( 1118): [GetModuleParameter_int]m_pModelName = /config/module/Customer_Module.ini
01-01 08:00:01.707 I/MiSysSrv( 1118): [GetModuleParameter_int]retInDefault = -1
01-01 08:00:01.723 I/MiSysSrv( 1118): [GetModuleParameter_int]m_pModelDefaultName = /config/module/MStar_Default_Module.ini
01-01 08:00:01.731 I/MiSysSrv( 1118): [GetModuleParameter_int]m_pModelName = /config/module/Customer_Module.ini
01-01 08:00:01.735 I/MiSysSrv( 1118): [GetModuleParameter_int]retInDefault = -1
01-01 08:00:01.739 I/MiSysSrv( 1118): [1;36m>>>MI_IMPL_DISPLAY_GetDisplayHandle[602] 
01-01 08:00:01.739 I/MiSysSrv( 1118): [0m[1;32m[MI INFO]: ~~~~> MI_IMPL_DISPLAY_GetDisplayHandle(): [IN]u8DevIndex=0, [OUT]phDispHandle=0xbeabd58c
01-01 08:00:01.739 I/MiSysSrv( 1118): [0m[1;36m>>>MI_ATOM_DISPLAY_GetDisplayHandle[1885] 
01-01 08:00:01.739 I/MiSysSrv( 1118): [0m[1;36m<<<MI_ATOM_DISPLAY_GetDisplayHandle[1902] 
01-01 08:00:01.739 I/MiSysSrv( 1118): [0m[1;36m<<<MI_IMPL_DISPLAY_GetDisplayHandle[614] 
01-01 08:00:01.739 I/MiSysSrv( 1118): [0m[1;32m[MI INFO]: <~~~~ MI_IMPL_DISPLAY_GetDisplayHandle(): [OUT]*phDispHandle(0xbeabd58c)=0xffff0600
01-01 08:00:01.739 I/MiSysSrv( 1118): [0m[1;36m>>>MI_IMPL_DISPLAY_GetWindowHandle[625] 
01-01 08:00:01.739 I/MiSysSrv( 1118): [0m[1;32m[MI INFO]: ~~~~> MI_IMPL_DISPLAY_GetWindowHandle(): [IN]u8WindowIndex=0, [IN]hDispHandle=0xffff0600, [OUT]phWinHandle=0xbeabd590
01-01 08:00:01.739 I/MiSysSrv( 1118): [0m[1;36m>>>MI_ATOM_DISPLAY_GetWindowHandle[1908] 
01-01 08:00:01.739 I/MiSysSrv( 1118): [0m[1;36m<<<MI_ATOM_DISPLAY_GetWindowHandle[1935] 
01-01 08:00:01.739 I/MiSysSrv( 1118): [0m[1;36m<<<MI_IMPL_DISPLAY_GetWindowHandle[638] 
01-01 08:00:01.739 I/MiSysSrv( 1118): [0m[1;32m[MI INFO]: <~~~~ MI_IMPL_DISPLAY_GetWindowHandle(): [OUT]*phWinHandle(0xbeabd590)=0xffff0700
01-01 08:00:01.739 I/MiSysSrv( 1118): [0m[1;32m[MI INFO]: MI_IMPL_DISPLAY_GetWindowHandle :Get Winodow Hanle Time = 0ms
01-01 08:00:01.739 I/MiSysSrv( 1118): [0mnone MI_DBG_LVL_L in PROC_CMD_LINE!
01-01 08:00:01.739 I/MiSysSrv( 1118): none MI_DBG_LVL_H in PROC_CMD_LINE!
01-01 08:00:01.739 I/MiSysSrv( 1118): [1;36m>>>MI_IMPL_DISPLAY_Init[462] 
01-01 08:00:01.739 I/MiSysSrv( 1118): [0m[1;32m[MI INFO]: ~~~~> MI_IMPL_DISPLAY_Init(): [IN]pstDispCap(0x9b910bf4)={2}
01-01 08:00:01.739 I/MiSysSrv( 1118): [0m[1;32m[MI INFO]: MI_DISPLAY already Inited, return ok !
01-01 08:00:01.739 I/MiSysSrv( 1118): [0m[1;36m<<<MI_IMPL_DISPLAY_Init[469] 
01-01 08:00:01.739 I/MiSysSrv( 1118): [0m[1;36m>>>MI_IMPL_DISPLAY_GetDisplayHandle[602] 
01-01 08:00:01.739 I/MiSysSrv( 1118): [0m[1;32m[MI INFO]: ~~~~> MI_IMPL_DISPLAY_GetDisplayHandle(): [IN]u8DevIndex=0, [OUT]phDispHandle=0xbeabd89c
01-01 08:00:01.739 I/MiSysSrv( 1118): [0m[1;36m>>>MI_ATOM_DISPLAY_GetDisplayHandle[1885] 
01-01 08:00:01.739 I/MiSysSrv( 1118): [0m[1;36m<<<MI_ATOM_DISPLAY_GetDisplayHandle[1902] 
01-01 08:00:01.739 I/MiSysSrv( 1118): [0m[1;36m<<<MI_IMPL_DISPLAY_GetDisplayHandle[614] 
01-01 08:00:01.739 I/MiSysSrv( 1118): [0m[1;32m[MI INFO]: <~~~~ MI_IMPL_DISPLAY_GetDisplayHandle(): [OUT]*phDispHandle(0xbeabd89c)=0xffff0600
01-01 08:00:01.739 I/MiSysSrv( 1118): [0m[1;36m>>>MI_IMPL_DISPLAY_GetWindowHandle[625] 
01-01 08:00:01.739 I/MiSysSrv( 1118): [0m[1;32m[MI INFO]: ~~~~> MI_IMPL_DISPLAY_GetWindowHandle(): [IN]u8WindowIndex=0, [IN]hDispHandle=0xffff0600, [OUT]phWinHandle=0xbeabd894
01-01 08:00:01.739 I/MiSysSrv( 1118): [0m[1;36m>>>MI_ATOM_DISPLAY_GetWindowHandle[1908] 
01-01 08:00:01.739 I/MiSysSrv( 1118): [0m[1;36m<<<MI_ATOM_DISPLAY_GetWindowHandle[1935] 
01-01 08:00:01.739 I/MiSysSrv( 1118): [0m[1;36m<<<MI_IMPL_DISPLAY_GetWindowHandle[638] 
01-01 08:00:01.739 I/MiSysSrv( 1118): [0m[1;32m[MI INFO]: <~~~~ MI_IMPL_DISPLAY_GetWindowHandle(): [OUT]*phWinHandle(0xbeabd894)=0xffff0700
01-01 08:00:01.739 I/MiSysSrv( 1118): [0m[1;32m[MI INFO]: MI_IMPL_DISPLAY_GetWindowHandle :Get Winodow Hanle Time = 0ms
01-01 08:00:01.743 I/tvos    ( 1119): [0mMW_Control::Build sucess!!
01-01 08:00:01.743 I/tvos    ( 1119): main init #2
01-01 08:00:01.743 I/MiSysSrv( 1118): [0mMPOOL size : 0x200000
01-01 08:00:01.747 I/tvos    ( 1119): main init #done
01-01 08:00:01.747 I/tvos    ( 1119): start mdebug:false
01-01 08:00:01.763 D/DD      ( 1254): [void _DD_FP_TaskEntry()][1040]Enter
01-01 08:00:01.767 D/DD      ( 1254): [DDErrorCode DD_FP_Init()][1486]Exit Success.
01-01 08:00:01.767 D/DD      ( 1254): <1254>[dd_tuner][FUNC:DD_Tuner_Init LINE:441]Enter
01-01 08:00:01.767 I/MiSysSrv( 1118): none MI_DBG_LVL_L in PROC_CMD_LINE!
01-01 08:00:01.767 I/MiSysSrv( 1118): none MI_DBG_LVL_H in PROC_CMD_LINE!
01-01 08:00:01.767 I/MiSysSrv( 1118): none MI_DBG_LVL_L in PROC_CMD_LINE!
01-01 08:00:01.767 I/MiSysSrv( 1118): none MI_DBG_LVL_H in PROC_CMD_LINE!
01-01 08:00:01.771 D/DD      ( 1254): <1254>[dd_tuner][FUNC:_MI_IIC_Init LINE:310]come here
01-01 08:00:01.771 I/MiSysSrv( 1118): [DeviceDemodCreate][124][DC2800]hy_tuner enter
01-01 08:00:01.771 I/MiSysSrv( 1118): none MI_DBG_LVL_L in PROC_CMD_LINE!
01-01 08:00:01.771 I/MiSysSrv( 1118): none MI_DBG_LVL_H in PROC_CMD_LINE!
01-01 08:00:01.771 I/MiSysSrv( 1118): >>>>>>>>static void mapi_i2c::CreateI2CDevices():i2c_device = 0, I2C bus = 1 , Mutex#=1
01-01 08:00:01.771 I/MiSysSrv( 1118): >>>>>>>>static void mapi_i2c::CreateI2CDevices():i2c_device = 1, I2C bus = 1 , Mutex#=1
01-01 08:00:01.771 I/MiSysSrv( 1118): >>>>>>>>static void mapi_i2c::CreateI2CDevices():i2c_device = 2, I2C bus = 1 , Mutex#=1
01-01 08:00:01.771 I/MiSysSrv( 1118): >>>>>>>>static void mapi_i2c::CreateI2CDevices():i2c_device = 3, I2C bus = 1 , Mutex#=1
01-01 08:00:01.771 I/MiSysSrv( 1118): >>>>>>>>static void mapi_i2c::CreateI2CDevices():i2c_device = 4, I2C bus = 0 , Mutex#=0
01-01 08:00:01.771 I/MiSysSrv( 1118): >>>>>>>>static void mapi_i2c::CreateI2CDevices():i2c_device = 5, I2C bus = 0 , Mutex#=0
01-01 08:00:01.775 I/MiSysSrv( 1118): I2C::SWBUS[0] SCL=015 SDA=016 DELAY=100
01-01 08:00:01.775 I/MiSysSrv( 1118): [CPU INFO] cpu openCPUIoctl - MDrv_CMD_CPU_QueryClock
01-01 08:00:01.775 I/MiSysSrv( 1118): [GetHwVendorId][360][hy_tuner]vendor id:29
01-01 08:00:01.775 I/MiSysSrv( 1118): [mt_fe_dmd_dc2800_config_default][100][hy_tuner]MXL608
01-01 08:00:01.775 I/MiSysSrv( 1118): [DeviceDemodCreate][221][DC2800]hy_tuner exit ok
01-01 08:00:01.775 I/MiSysSrv( 1118): [1;31m[MI ERR ]: MI_ATOM_TUNER_GetHandle[1911]: Handle of TunerMode = 2 don't exist!
01-01 08:00:01.779 I/MiSysSrv( 1118): [0m[1;32m[MI INFO]: [MI_ATOM_TUNER_Open][1377][hy_tuner][eTunerMode:2]
01-01 08:00:01.779 I/MiSysSrv( 1118): [0m[Connect][245][TDA10025]hy_tuner device_demodulator_NXP_TDA10025: u8VendorId:29
01-01 08:00:01.779 I/MiSysSrv( 1118): [Connect][249][TDA10025]hy_tuner device_demodulator_NXP_TDA10025: Vendor is not skyworth ,demod not TDA10025,return fail.
01-01 08:00:01.779 I/MiSysSrv( 1118): device_demodulator_extend_MxL241SF: Connect
01-01 08:00:01.779 I/MiSysSrv( 1118): [Connect][232][DC2800]hy_tuner device_demodulator_extend2_DC2800: u8VendorId:29 enter
01-01 08:00:01.779 I/MiSysSrv( 1118): [Connect][249][DC2800]hy_tuner device_demodulator_extend2_DC2800:GetDeviceI2C E_MI_IIC_GID_DEMOD_DYNAMIC_SLAVE_ID_2 ->
01-01 08:00:01.779 I/MiSysSrv( 1118): none MI_DBG_LVL_L in PROC_CMD_LINE!
01-01 08:00:01.779 I/MiSysSrv( 1118): none MI_DBG_LVL_H in PROC_CMD_LINE!
01-01 08:00:01.779 I/MiSysSrv( 1118): I2C Device Num = 5
01-01 08:00:01.779 I/MiSysSrv( 1118): Orig I2C Device[2] ID = 1 SlaveId = 30, Bus = 1
01-01 08:00:01.779 I/MiSysSrv( 1118): ==>
01-01 08:00:01.779 I/MiSysSrv( 1118): Orig I2C Device[2] ID = 1 SlaveId = 56, Bus = 1
01-01 08:00:01.779 I/MiSysSrv( 1118): [Connect][255][DC2800]hy_tuner device_demodulator_extend2_DC2800:GetDeviceI2C Demod hnd:4c0cc 
01-01 08:00:01.779 I/MiSysSrv( 1118): [Connect][260][DC2800]hy_tuner device_demodulator_extend2_DC2800:exit ok
01-01 08:00:01.779 I/MiSysSrv( 1118): [1;32m[MI INFO]: [MI_ATOM_TUNER_Open][1384][hy_tuner]pDemod[2] Connect ok
01-01 08:00:01.779 I/MiSysSrv( 1118): [0m[Power_On_Initialization][314][DC2800]hy_tuner  device_demodulator_extend2
01-01 08:00:01.779 I/MiSysSrv( 1118): [SetCurrentDemodulatorType][1205][DC2800]hy_tuner  device_demodulator_extend2
01-01 08:00:01.779 I/MiSysSrv( 1118): [1;32m[MI INFO]: [MI_ATOM_TUNER_Open][1416][hy_tuner][tuner:0][bUsed:0][eUsable:0]
01-01 08:00:01.779 I/MiSysSrv( 1118): [0m[Connect][559][MXL608]hy_tuner device_tuner_MXL608 u8VendorId:29
01-01 08:00:01.779 I/MiSysSrv( 1118): [Connect][564][MXL608]hy_tuner device_tuner_MXL608 u8VendorId is unionman
01-01 08:00:01.779 I/MiSysSrv( 1118): [Connect][583][MXL608]hy_tuner GetDeviceI2C E_MI_IIC_GID_TUNER ->
01-01 08:00:01.779 I/MiSysSrv( 1118): Orig I2C Device[0] ID = 0 SlaveId = 192, Bus = 1
01-01 08:00:01.779 I/MiSysSrv( 1118): ==>
01-01 08:00:01.779 I/MiSysSrv( 1118): Orig I2C Device[0] ID = 0 SlaveId = 196, Bus = 1
01-01 08:00:01.779 I/MiSysSrv( 1118): [Connect][591][MXL608]hy_tuner GetDeviceI2C E_MI_IIC_GID_TUNER hnd:5c0b4 
01-01 08:00:01.803 I/MiSysSrv( 1118): MxLWare608_API_CfgDevSoftResetMxLWare608_API_CfgDevOverwriteDefaultsMxLWare608_API_CfgDevXtalMxLWare608_API_CfgTunerIFOutParam, Manual set = 0 
01-01 08:00:01.807 I/MiSysSrv( 1118): MxLWare608_API_CfgTunerAGC, AGC sel = 1, attack point set = 66, Flip = 0 
01-01 08:00:01.887 I/MiSysSrv( 1118): MxLWare608_API_CfgTunerMode: Signal Mode = 0, IF Freq = 7200, xtal = 0, IF Gain = 11[MDrv_Tuner_Init][530][MXL608]hy_tuner 
01-01 08:00:01.887 I/MiSysSrv( 1118):  MXL608 INIT OK
01-01 08:00:01.887 I/MiSysSrv( 1118): [1;32m[MI INFO]: [MI_ATOM_TUNER_Open][1430][hy_tuner] pTuner[0]
01-01 08:00:01.887 I/MiSysSrv( 1118): [0mtime is 889857
01-01 08:00:01.887 I/MiSysSrv( 1118): [1;32m[MI INFO]: [HWCAPS]:Info: ShmType 3 will be init!
01-01 08:00:01.887 I/MiSysSrv( 1118): [0m[1;32m[MI INFO]: [HWCAPS]:shmem buffer MI_HWCAPS_DMX size is 60
01-01 08:00:01.887 I/MiSysSrv( 1118): [0m[1;31m[MI ERR ]: _MI_HWCAPS_UpdateDmxCaps[613]: [HWCAPS]:Error: failed to MApi_DMX_GetCap(DMX_CAP_MMFI0_FILTER_NUM)!
01-01 08:00:01.887 I/MiSysSrv( 1118): [0m[1;32m[MI INFO]: [HWCAPS]:Info: video caps has been updated!
01-01 08:00:01.887 I/MiSysSrv( 1118): [0m[1;32m[MI INFO]: [HWCAPS]:Info: ShmType 0 will be init!
01-01 08:00:01.887 I/MiSysSrv( 1118): [0m[1;32m[MI INFO]: [HWCAPS]:shmem buffer MI_HWCAPS_AUDIO size is 28
01-01 08:00:01.895 I/MiSysSrv( 1118): [0m[HAL_TSP_CPU_SetBase][2842] load firmware (address, size) = (0x15a29000, 0x00005493)
01-01 08:00:01.895 I/MiSysSrv( 1118): firmware 111 0x15a29000 0x00000015 0x0000a290
01-01 08:00:01.899 E/EmojiFactory_jni( 1105): Failed to load libemoji.so: dlopen failed: library "libemoji.so" not found
01-01 08:00:01.899 I/MiSysSrv( 1118): [MDrv_TSP_SetDbgLevel][5697] _u32TSPDGBLevel 1 
01-01 08:00:01.899 I/MiSysSrv( 1118): [WARNING][TSP] Not allow AP to change driver debug level for error handling!!!
01-01 08:00:01.903 I/MiSysSrv( 1118): [1;32m[MI INFO]: [HWCAPS]:Info: dmx caps has been updated!
01-01 08:00:01.903 I/MiSysSrv( 1118): [0m[1;32m[MI INFO]: [HWCAPS]:Info: video caps has been updated!
01-01 08:00:01.903 I/MiSysSrv( 1118): [0m[1;32m[MI INFO]: [HWCAPS]:Info:audio caps has been updated!
01-01 08:00:01.903 I/MiSysSrv( 1118): [0mtime is 905385
01-01 08:00:01.903 I/MiSysSrv( 1118): SwitchToDvbC..........................
01-01 08:00:01.903 I/MiSysSrv( 1118): [TunerConnectDemod][261]hy_tuner connect tuner[0] and demod[2]
01-01 08:00:01.903 I/MiSysSrv( 1118): [1;32m[MI INFO]: [MI_ATOM_TUNER_Open][1470][hy_tuner] pTuner[0] pDemod[2]
01-01 08:00:01.903 D/DD      ( 1254): <1571>[dd_tuner][FUNC:dd_tuner_task LINE:368]Not Start!
01-01 08:00:01.903 D/DD      ( 1254): <1254>[dd_tuner][FUNC:DD_Tuner_Init LINE:529]Exit Success
01-01 08:00:01.903 D/DD      ( 1254): <1254>[dd_demux][FUNC:DD_Demux_Init LINE:180]Enter
01-01 08:00:01.907 I/MiSysSrv( 1118): [0mtime is 908932
01-01 08:00:01.907 I/MiSysSrv( 1118): [1;32m[MI INFO]: [HWCAPS]:Info: dmx caps has been updated!
01-01 08:00:01.907 I/MiSysSrv( 1118): [0m[1;32m[MI INFO]: [HWCAPS]:Info: video caps has been updated!
01-01 08:00:01.907 I/MiSysSrv( 1118): [0m[1;32m[MI INFO]: [HWCAPS]:Info:audio caps has been updated!
01-01 08:00:01.907 D/DD      ( 1254): dmx caps infor livein = 1, pidfilt = 64, pvr = 1, filein = 1 secfilt = 30, video = 2, audio = 2 !
01-01 08:00:01.907 D/DD      ( 1254): <1254>[dd_demux][FUNC:DD_Demux_Init LINE:369]Exit Success
01-01 08:00:01.907 E/DD      ( 1254): <1254>[dd_utility][FUNC:APP_SignCheck LINE:814]APP_SignCheck check first
01-01 08:00:01.907 E/DD      ( 1254): <1254>[dd_utility][FUNC:ANDROID_SIGN_FLASH_READ LINE:729]data = /system/lib/libDvbServer.so
01-01 08:00:01.907 I/DD      ( 1254): <1254>[dd_utility][FUNC:ANDROID_SIGN_FLASH_READ LINE:768]find signfile.bin in system/
01-01 08:00:01.911 I/DD      ( 1254): <1254>[dd_utility][FUNC:ANDROID_SIGN_FLASH_READ LINE:780]read dvb/signfile.bin data[0xbe,0xbe,0xbe,0ab,0xcd,0x0,0xb4,0x58]
01-01 08:00:01.911 E/DD      ( 1254): <1254>[dd_utility][FUNC:APP_SignCheck LINE:818]APP_SignCheck check success
01-01 08:00:01.911 D/DD      ( 1254): <1254>[dd_utility][FUNC:DD_Platform_Init LINE:648]Exit Success
01-01 08:00:01.911 D/DD      ( 1254): <1254>[dd_video][FUNC:DD_Video_SetWindowSize LINE:765]Enter
01-01 08:00:01.911 E/DD      ( 1254): <1254>[dd_video][FUNC:DD_Video_SetWindowSize LINE:781]param invalid:null
01-01 08:00:01.911 D/DD      ( 1254): <1254>[dd_video][FUNC:DD_Video_SetWindowSize LINE:765]Enter
01-01 08:00:01.911 D/DD      ( 1254): <1254>[dd_video][FUNC:DD_Video_SetWindowSize LINE:783]nVideoIndex = 0,eScreenDevice = 2,new window info--x = 0,y = 0,width = 1920,height = 1080
01-01 08:00:01.911 D/DD      ( 1254): <1254>[dd_video][FUNC:DD_Video_SetWindowSize LINE:792]old window info--x = 0,y = 0,width = 1920,height = 1080
01-01 08:00:01.911 D/DD      ( 1254): <1254>[dd_video][FUNC:DD_Video_SetWindowSize LINE:796]same window info,not need set prop
01-01 08:00:01.911 D/DD      ( 1254): <1254>[dd_video][FUNC:DD_Video_SetWindowSize LINE:797]Exit Success
01-01 08:00:01.911 D/DvbNative( 1254): [1254]<[Initializer, Initialize(), 689]> ### dd initialize ok!!! retryCount=0
01-01 08:00:01.911 D/DvbNative( 1254): [1254]<[Initializer, Initialize(), 694]> ### ===== prepare to call demux initialize =====
01-01 08:00:01.911 D/DD      ( 1254): <1254>[dd_demux][FUNC:DD_Demux_GetCount LINE:81]Enter
01-01 08:00:01.911 D/DD      ( 1254): <1254>[dd_demux][FUNC:DD_Demux_GetCount LINE:84]Exit Success
01-01 08:00:01.911 D/DvbNative( 1254): [1254]<[Demux, Initialize(), 37]> ### available demux count: 1
01-01 08:00:01.911 D/DvbNative( 1254): [1254]<[Demux, Demux(), 63]> ### create demux instance! this=0xb8f16a48, demuxId=0, priority=0
01-01 08:00:01.911 D/DvbNative( 1254): [1254]<[Demux, Initialize(), 42]> ### create demux ok! demuxId=0
01-01 08:00:01.911 D/DvbNative( 1254): [1254]<[Initializer, Initialize(), 702]> ### ===== prepare to call tuner initialize =====
01-01 08:00:01.911 D/DvbNative( 1254): [1254]<[Tuner, Initialize(), 1466]> ### enter
01-01 08:00:01.911 D/DvbNative( 1254): [1254]<[Tuner, Initialize(), 1482]> ### >>>>>>>>> before initialize tuner's message sub-system >>>>>>>>>
01-01 08:00:01.911 D/DvbNative( 1254): [1254]<[Tuner, Initialize(), 1491]> ### [CFG] MaxAllowedTunerCount=1
01-01 08:00:01.911 D/DvbNative( 1254): [1254]<[Tuner, Initialize(), 1496]> ### [CFG] TunerTuneTimeoutMs=2000
01-01 08:00:01.911 D/DvbNative( 1254): [1254]<[Tuner, Initialize(), 1501]> ### [CFG] TunerTuneLedCtrlMode=0
01-01 08:00:01.911 E/DvbNative( 1254): [1254][01;31m<[ConfigBase, getAsString(), 199]> [error] ### get config value failed! key=TunerAllowRepeatTune[0m
01-01 08:00:01.911 D/DvbNative( 1254): [1254]<[Tuner, Initialize(), 1506]> ### [CFG] TunerAllowRepeatTune=1
01-01 08:00:01.911 D/DvbNative( 1254): [1254]<[Tuner, Initialize(), 1519]> ### <<<<<<<<< after initialize Tuner's message sub-system <<<<<<<<<
01-01 08:00:01.911 D/DvbNative( 1254): [1254]<[Tuner, Initialize(), 1525]> ### >>>>>>>>> before initialize tuner instance(s) >>>>>>>>>
01-01 08:00:01.911 D/DvbNative( 1254): [1254]<[Tuner, Initialize(), 1529]> ### MaxTunerCount=1, needAllocTunerCnt=1
01-01 08:00:01.911 D/DvbNative( 1254): [1254]<[Tuner, Tuner(), 1331]> ### enter! pTuner=0xb8f17198
01-01 08:00:01.911 D/DD      ( 1254): <1254>[dd_tuner][FUNC:DD_Tuner_GetAllDeviceId LINE:981]Enter
01-01 08:00:01.911 D/DD      ( 1254): <1254>[dd_tuner][FUNC:DD_Tuner_GetAllDeviceId LINE:998]Exit Success
01-01 08:00:01.911 D/DvbNative( 1254): [1254]<[Tuner, Tuner(), 1343]> ### actTunerNum=1
01-01 08:00:01.911 D/DD      ( 1254): <1254>[dd_tuner][FUNC:DD_Tuner_GetDeviceInfo LINE:949]Enter
01-01 08:00:01.911 D/DD      ( 1254): <1254>[dd_tuner][FUNC:DD_Tuner_GetDeviceInfo LINE:963]Exit Success
01-01 08:00:01.911 D/DD      ( 1254): <1254>[dd_tuner][FUNC:DD_Tuner_AddCallback LINE:721]Enter
