01-01 08:00:03.847 W/Resources( 1105): Preloaded drawable resource #0x1080116 (android:drawable/btn_default_disabled_focused_holo_light) that varies with configuration!!
01-01 08:00:03.847 W/Resources( 1105): Preloaded drawable resource #0x1080115 (android:drawable/btn_default_disabled_focused_holo_dark) that varies with configuration!!
01-01 08:00:03.855 W/Resources( 1105): Preloaded drawable resource #0x1080123 (android:drawable/btn_default_normal_holo_dark) that varies with configuration!!
01-01 08:00:03.859 W/Resources( 1105): Preloaded drawable resource #0x1080118 (android:drawable/btn_default_disabled_holo_dark) that varies with configuration!!
01-01 08:00:03.859 W/Resources( 1105): Preloaded drawable resource #0x1080127 (android:drawable/btn_default_pressed_holo_dark) that varies with configuration!!
01-01 08:00:03.859 W/Resources( 1105): Preloaded drawable resource #0x108011b (android:drawable/btn_default_focused_holo_dark) that varies with configuration!!
01-01 08:00:03.859 W/Resources( 1105): Preloaded drawable resource #0x1080123 (android:drawable/btn_default_normal_holo_dark) that varies with configuration!!
01-01 08:00:03.867 W/Resources( 1105): Preloaded drawable resource #0x1080115 (android:drawable/btn_default_disabled_focused_holo_dark) that varies with configuration!!
01-01 08:00:03.867 W/Resources( 1105): Preloaded drawable resource #0x1080118 (android:drawable/btn_default_disabled_holo_dark) that varies with configuration!!
01-01 08:00:03.867 W/Resources( 1105): Preloaded drawable resource #0x108011d (android:drawable/btn_default_holo_dark) that varies with configuration!!
01-01 08:00:03.867 W/Resources( 1105): Preloaded drawable resource #0x1080124 (android:drawable/btn_default_normal_holo_light) that varies with configuration!!
01-01 08:00:03.875 W/Resources( 1105): Preloaded drawable resource #0x1080119 (android:drawable/btn_default_disabled_holo_light) that varies with configuration!!
01-01 08:00:03.875 W/Resources( 1105): Preloaded drawable resource #0x1080128 (android:drawable/btn_default_pressed_holo_light) that varies with configuration!!
01-01 08:00:03.875 W/Resources( 1105): Preloaded drawable resource #0x108011c (android:drawable/btn_default_focused_holo_light) that varies with configuration!!
01-01 08:00:03.883 W/Resources( 1105): Preloaded drawable resource #0x1080124 (android:drawable/btn_default_normal_holo_light) that varies with configuration!!
01-01 08:00:03.883 I/tvos    ( 1119): MW_Control::CommonEventMonitor get event,stComEvt.enCmd=20,recevid time=7037
01-01 08:00:03.883 I/tvos    ( 1119): /home/gaojie/Work/HeiLJ/Android-BUQ/android/MI_project/project/middleware/mi_mw_tvos/mw/mw_picture/MW_Picture.cpp,[SetHdmiAudioAttr] line=973,HANDLE is NULL, please open/get handle firstly!
01-01 08:00:03.883 I/tvos    ( 1119): [1;31mAudioMonitorService,line=556,MI_DISPOUT_HdmiSetAttr fail
01-01 08:00:03.883 I/tvos    ( 1119): [0mMW_Control::CommonEventMonitor get event,stComEvt.enCmd=20,recevid time=7037
01-01 08:00:03.883 I/tvos    ( 1119): /home/gaojie/Work/HeiLJ/Android-BUQ/android/MI_project/project/middleware/mi_mw_tvos/mw/mw_picture/MW_Picture.cpp,[SetHdmiAudioAttr] line=973,HANDLE is NULL, please open/get handle firstly!
01-01 08:00:03.883 I/tvos    ( 1119): [1;31mAudioMonitorService,line=570,MI_DISPOUT_HdmiSetAttr fail
01-01 08:00:03.883 W/Resources( 1105): Preloaded drawable resource #0x1080116 (android:drawable/btn_default_disabled_focused_holo_light) that varies with configuration!!
01-01 08:00:03.883 W/Resources( 1105): Preloaded drawable resource #0x1080119 (android:drawable/btn_default_disabled_holo_light) that varies with configuration!!
01-01 08:00:03.883 W/Resources( 1105): Preloaded drawable resource #0x108011e (android:drawable/btn_default_holo_light) that varies with configuration!!
01-01 08:00:03.891 W/Resources( 1105): Preloaded drawable resource #0x10801d1 (android:drawable/btn_star_off_normal_holo_light) that varies with configuration!!
01-01 08:00:03.891 W/Resources( 1105): Preloaded drawable resource #0x10801db (android:drawable/btn_star_on_normal_holo_light) that varies with configuration!!
01-01 08:00:03.899 W/Resources( 1105): Preloaded drawable resource #0x10801d7 (android:drawable/btn_star_on_disabled_holo_light) that varies with configuration!!
01-01 08:00:03.899 W/Resources( 1105): Preloaded drawable resource #0x10801cd (android:drawable/btn_star_off_disabled_holo_light) that varies with configuration!!
01-01 08:00:03.907 W/Resources( 1105): Preloaded drawable resource #0x10801dd (android:drawable/btn_star_on_pressed_holo_light) that varies with configuration!!
01-01 08:00:03.911 W/Resources( 1105): Preloaded drawable resource #0x10801d3 (android:drawable/btn_star_off_pressed_holo_light) that varies with configuration!!
01-01 08:00:03.911 W/Resources( 1105): Preloaded drawable resource #0x10801d9 (android:drawable/btn_star_on_focused_holo_light) that varies with configuration!!
01-01 08:00:03.919 W/Resources( 1105): Preloaded drawable resource #0x10801cf (android:drawable/btn_star_off_focused_holo_light) that varies with configuration!!
01-01 08:00:03.919 W/Resources( 1105): Preloaded drawable resource #0x10801d5 (android:drawable/btn_star_on_disabled_focused_holo_light) that varies with configuration!!
01-01 08:00:03.927 W/Resources( 1105): Preloaded drawable resource #0x10801cb (android:drawable/btn_star_off_disabled_focused_holo_light) that varies with configuration!!
01-01 08:00:03.927 W/Resources( 1105): Preloaded drawable resource #0x10801d1 (android:drawable/btn_star_off_normal_holo_light) that varies with configuration!!
01-01 08:00:03.935 W/Resources( 1105): Preloaded drawable resource #0x10801db (android:drawable/btn_star_on_normal_holo_light) that varies with configuration!!
01-01 08:00:03.935 W/Resources( 1105): Preloaded drawable resource #0x10801d7 (android:drawable/btn_star_on_disabled_holo_light) that varies with configuration!!
01-01 08:00:03.935 W/Resources( 1105): Preloaded drawable resource #0x10801cd (android:drawable/btn_star_off_disabled_holo_light) that varies with configuration!!
01-01 08:00:03.943 W/Resources( 1105): Preloaded drawable resource #0x10801dd (android:drawable/btn_star_on_pressed_holo_light) that varies with configuration!!
01-01 08:00:03.943 W/Resources( 1105): Preloaded drawable resource #0x10801d3 (android:drawable/btn_star_off_pressed_holo_light) that varies with configuration!!
01-01 08:00:03.951 W/Resources( 1105): Preloaded drawable resource #0x10801d9 (android:drawable/btn_star_on_focused_holo_light) that varies with configuration!!
01-01 08:00:03.959 W/Resources( 1105): Preloaded drawable resource #0x10801cf (android:drawable/btn_star_off_focused_holo_light) that varies with configuration!!
01-01 08:00:03.963 W/Resources( 1105): Preloaded drawable resource #0x10801d5 (android:drawable/btn_star_on_disabled_focused_holo_light) that varies with configuration!!
01-01 08:00:03.963 W/Resources( 1105): Preloaded drawable resource #0x10801d7 (android:drawable/btn_star_on_disabled_holo_light) that varies with configuration!!
01-01 08:00:03.971 W/Resources( 1105): Preloaded drawable resource #0x10801cb (android:drawable/btn_star_off_disabled_focused_holo_light) that varies with configuration!!
01-01 08:00:03.971 W/Resources( 1105): Preloaded drawable resource #0x10801cd (android:drawable/btn_star_off_disabled_holo_light) that varies with configuration!!
01-01 08:00:03.971 W/Resources( 1105): Preloaded drawable resource #0x10801d1 (android:drawable/btn_star_off_normal_holo_light) that varies with configuration!!
01-01 08:00:03.975 W/Resources( 1105): Preloaded drawable resource #0x10801db (android:drawable/btn_star_on_normal_holo_light) that varies with configuration!!
01-01 08:00:03.975 W/Resources( 1105): Preloaded drawable resource #0x10801c8 (android:drawable/btn_star_holo_light) that varies with configuration!!
01-01 08:00:03.979 W/Resources( 1105): Preloaded drawable resource #0x10801d0 (android:drawable/btn_star_off_normal_holo_dark) that varies with configuration!!
01-01 08:00:03.979 W/Resources( 1105): Preloaded drawable resource #0x10801da (android:drawable/btn_star_on_normal_holo_dark) that varies with configuration!!
01-01 08:00:03.983 W/Resources( 1105): Preloaded drawable resource #0x10801d6 (android:drawable/btn_star_on_disabled_holo_dark) that varies with configuration!!
01-01 08:00:03.987 W/Resources( 1105): Preloaded drawable resource #0x10801cc (android:drawable/btn_star_off_disabled_holo_dark) that varies with configuration!!
01-01 08:00:03.987 W/Resources( 1105): Preloaded drawable resource #0x10801dc (android:drawable/btn_star_on_pressed_holo_dark) that varies with configuration!!
01-01 08:00:03.991 W/Resources( 1105): Preloaded drawable resource #0x10801d2 (android:drawable/btn_star_off_pressed_holo_dark) that varies with configuration!!
01-01 08:00:03.995 W/Resources( 1105): Preloaded drawable resource #0x10801d8 (android:drawable/btn_star_on_focused_holo_dark) that varies with configuration!!
01-01 08:00:03.999 W/Resources( 1105): Preloaded drawable resource #0x10801ce (android:drawable/btn_star_off_focused_holo_dark) that varies with configuration!!
01-01 08:00:04.007 W/Resources( 1105): Preloaded drawable resource #0x10801d4 (android:drawable/btn_star_on_disabled_focused_holo_dark) that varies with configuration!!
01-01 08:00:04.011 W/Resources( 1105): Preloaded drawable resource #0x10801ca (android:drawable/btn_star_off_disabled_focused_holo_dark) that varies with configuration!!
01-01 08:00:04.015 W/Resources( 1105): Preloaded drawable resource #0x10801d0 (android:drawable/btn_star_off_normal_holo_dark) that varies with configuration!!
01-01 08:00:04.015 W/Resources( 1105): Preloaded drawable resource #0x10801da (android:drawable/btn_star_on_normal_holo_dark) that varies with configuration!!
01-01 08:00:04.019 W/Resources( 1105): Preloaded drawable resource #0x10801d6 (android:drawable/btn_star_on_disabled_holo_dark) that varies with configuration!!
01-01 08:00:04.023 W/Resources( 1105): Preloaded drawable resource #0x10801cc (android:drawable/btn_star_off_disabled_holo_dark) that varies with configuration!!
01-01 08:00:04.027 W/Resources( 1105): Preloaded drawable resource #0x10801dc (android:drawable/btn_star_on_pressed_holo_dark) that varies with configuration!!
01-01 08:00:04.031 W/Resources( 1105): Preloaded drawable resource #0x10801d2 (android:drawable/btn_star_off_pressed_holo_dark) that varies with configuration!!
01-01 08:00:04.031 W/Resources( 1105): Preloaded drawable resource #0x10801d8 (android:drawable/btn_star_on_focused_holo_dark) that varies with configuration!!
01-01 08:00:04.039 W/Resources( 1105): Preloaded drawable resource #0x10801ce (android:drawable/btn_star_off_focused_holo_dark) that varies with configuration!!
01-01 08:00:04.039 W/Resources( 1105): Preloaded drawable resource #0x10801d4 (android:drawable/btn_star_on_disabled_focused_holo_dark) that varies with configuration!!
01-01 08:00:04.043 W/Resources( 1105): Preloaded drawable resource #0x10801d6 (android:drawable/btn_star_on_disabled_holo_dark) that varies with configuration!!
01-01 08:00:04.047 W/Resources( 1105): Preloaded drawable resource #0x10801ca (android:drawable/btn_star_off_disabled_focused_holo_dark) that varies with configuration!!
01-01 08:00:04.051 W/Resources( 1105): Preloaded drawable resource #0x10801cc (android:drawable/btn_star_off_disabled_holo_dark) that varies with configuration!!
01-01 08:00:04.051 W/Resources( 1105): Preloaded drawable resource #0x10801d0 (android:drawable/btn_star_off_normal_holo_dark) that varies with configuration!!
01-01 08:00:04.079 D/dalvikvm( 1105): GC_FOR_ALLOC freed 499K, 17% free 2901K/3476K, paused 27ms, total 27ms
01-01 08:00:04.079 W/Resources( 1105): Preloaded drawable resource #0x10801da (android:drawable/btn_star_on_normal_holo_dark) that varies with configuration!!
01-01 08:00:04.079 W/Resources( 1105): Preloaded drawable resource #0x10801c7 (android:drawable/btn_star_holo_dark) that varies with configuration!!
01-01 08:00:04.087 W/Resources( 1105): Preloaded drawable resource #0x10801f7 (android:drawable/btn_toggle_on_pressed_holo_light) that varies with configuration!!
01-01 08:00:04.087 W/Resources( 1105): Preloaded drawable resource #0x10801f6 (android:drawable/btn_toggle_on_pressed_holo_dark) that varies with configuration!!
01-01 08:00:04.087 W/Resources( 1105): Preloaded drawable resource #0x10801f5 (android:drawable/btn_toggle_on_normal_holo_light) that varies with configuration!!
01-01 08:00:04.095 W/Resources( 1105): Preloaded drawable resource #0x10801f4 (android:drawable/btn_toggle_on_normal_holo_dark) that varies with configuration!!
01-01 08:00:04.095 W/Resources( 1105): Preloaded drawable resource #0x10801f3 (android:drawable/btn_toggle_on_focused_holo_light) that varies with configuration!!
01-01 08:00:04.095 W/Resources( 1105): Preloaded drawable resource #0x10801f2 (android:drawable/btn_toggle_on_focused_holo_dark) that varies with configuration!!
01-01 08:00:04.095 W/Resources( 1105): Preloaded drawable resource #0x10801f1 (android:drawable/btn_toggle_on_disabled_holo_light) that varies with configuration!!
01-01 08:00:04.103 W/Resources( 1105): Preloaded drawable resource #0x10801f0 (android:drawable/btn_toggle_on_disabled_holo_dark) that varies with configuration!!
01-01 08:00:04.103 W/Resources( 1105): Preloaded drawable resource #0x10801ef (android:drawable/btn_toggle_on_disabled_focused_holo_light) that varies with configuration!!
01-01 08:00:04.103 W/Resources( 1105): Preloaded drawable resource #0x10801ee (android:drawable/btn_toggle_on_disabled_focused_holo_dark) that varies with configuration!!
01-01 08:00:04.107 W/Resources( 1105): Preloaded drawable resource #0x10801ec (android:drawable/btn_toggle_off_pressed_holo_light) that varies with configuration!!
01-01 08:00:04.107 W/Resources( 1105): Preloaded drawable resource #0x10801eb (android:drawable/btn_toggle_off_pressed_holo_dark) that varies with configuration!!
01-01 08:00:04.111 W/Resources( 1105): Preloaded drawable resource #0x10801ea (android:drawable/btn_toggle_off_normal_holo_light) that varies with configuration!!
01-01 08:00:04.111 W/Resources( 1105): Preloaded drawable resource #0x10801e9 (android:drawable/btn_toggle_off_normal_holo_dark) that varies with configuration!!
01-01 08:00:04.115 W/Resources( 1105): Preloaded drawable resource #0x10801e8 (android:drawable/btn_toggle_off_focused_holo_light) that varies with configuration!!
01-01 08:00:04.115 W/Resources( 1105): Preloaded drawable resource #0x10801e7 (android:drawable/btn_toggle_off_focused_holo_dark) that varies with configuration!!
01-01 08:00:04.119 W/Resources( 1105): Preloaded drawable resource #0x10801e6 (android:drawable/btn_toggle_off_disabled_holo_light) that varies with configuration!!
01-01 08:00:04.123 W/Resources( 1105): Preloaded drawable resource #0x10801e5 (android:drawable/btn_toggle_off_disabled_holo_dark) that varies with configuration!!
01-01 08:00:04.123 I/MiSysSrv( 1118): HAL_SC_SetClk,221
01-01 08:00:04.123 I/MiSysSrv( 1118): 8
01-01 08:00:04.123 D/DD      ( 1254): <1580>[dd_smartcard][FUNC:DD_SMC_Reset LINE:534]retrytime: 0
01-01 08:00:04.123 W/Resources( 1105): Preloaded drawable resource #0x10801e4 (android:drawable/btn_toggle_off_disabled_focused_holo_light) that varies with configuration!!
01-01 08:00:04.123 D/DD      ( 1254): <1580>[dd_smartcard][FUNC:DD_SMC_Reset LINE:566]pucAtr[0] = 0x3b
01-01 08:00:04.123 D/DD      ( 1254): <1580>[dd_smartcard][FUNC:DD_SMC_Reset LINE:566]pucAtr[1] = 0x34
01-01 08:00:04.123 D/DD      ( 1254): <1580>[dd_smartcard][FUNC:DD_SMC_Reset LINE:566]pucAtr[2] = 0x94
01-01 08:00:04.123 D/DD      ( 1254): <1580>[dd_smartcard][FUNC:DD_SMC_Reset LINE:566]pucAtr[3] = 0x0
01-01 08:00:04.123 D/DD      ( 1254): <1580>[dd_smartcard][FUNC:DD_SMC_Reset LINE:566]pucAtr[4] = 0x30
01-01 08:00:04.123 D/DD      ( 1254): <1580>[dd_smartcard][FUNC:DD_SMC_Reset LINE:566]pucAtr[5] = 0x42
01-01 08:00:04.123 D/DD      ( 1254): <1580>[dd_smartcard][FUNC:DD_SMC_Reset LINE:566]pucAtr[6] = 0x30
01-01 08:00:04.123 D/DD      ( 1254): <1580>[dd_smartcard][FUNC:DD_SMC_Reset LINE:566]pucAtr[7] = 0x30
01-01 08:00:04.123 D/DD      ( 1254): <1580>[dd_smartcard][FUNC:DD_SMC_Reset LINE:569]Exit Success
01-01 08:00:04.123 D/CAS     ( 1254): [1580][427858639[CAS SC] ATR [
01-01 08:00:04.123 D/CAS     ( 1254): [1580][4278586393B,
01-01 08:00:04.123 D/CAS     ( 1254): [1580][42785863934,
01-01 08:00:04.123 D/CAS     ( 1254): [1580][42785863994,
01-01 08:00:04.123 D/CAS     ( 1254): [1580][42785863900,
01-01 08:00:04.123 D/CAS     ( 1254): [1580][42785863930,
01-01 08:00:04.123 D/CAS     ( 1254): [1580][42785863942,
01-01 08:00:04.123 D/CAS     ( 1254): [1580][42785863930,
01-01 08:00:04.123 D/CAS     ( 1254): [1580][42785864030,
01-01 08:00:04.123 D/CAS     ( 1254): [1580][427858640].
01-01 08:00:04.123 D/CAS     ( 1254): [1580][427858640pbyATR[0] = 3b 
01-01 08:00:04.123 D/CAS     ( 1254): [1580][427858640pbyATR[1] = 34 
01-01 08:00:04.123 D/CAS     ( 1254): [1580][427858640pbyATR[2] = 94 
01-01 08:00:04.123 D/CAS     ( 1254): [1580][427858640pbyATR[3] = 0 
01-01 08:00:04.123 D/CAS     ( 1254): [1580][427858640pbyATR[4] = 30 
01-01 08:00:04.123 D/CAS     ( 1254): [1580][427858640pbyATR[5] = 42 
01-01 08:00:04.123 D/CAS     ( 1254): [1580][427858640pbyATR[6] = 30 
01-01 08:00:04.123 D/CAS     ( 1254): [1580][427858640pbyATR[7] = 30 
01-01 08:00:04.123 D/CAS     ( 1254): [1580][427858640pbyATR[8] = 0 
01-01 08:00:04.123 D/CAS     ( 1254): [1580][427858640[CAS SWITCH] Unkown ATR!!!
01-01 08:00:04.123 D/CAS     ( 1254): [1580][427858640[CAS SC] SCard Insert to lib!0.
01-01 08:00:04.123 D/CAS     ( 1254): [1580][427858640[CAS] DVTSTBCA_EmailNotify, bShow 255.
01-01 08:00:04.123 D/CAS     ( 1254): [1580][427858640[CAS] SET Email Icon = 0.
01-01 08:00:04.123 W/Resources( 1105): Preloaded drawable resource #0x10801e3 (android:drawable/btn_toggle_off_disabled_focused_holo_dark) that varies with configuration!!
01-01 08:00:04.127 W/Resources( 1105): Preloaded drawable resource #0x10801f5 (android:drawable/btn_toggle_on_normal_holo_light) that varies with configuration!!
01-01 08:00:04.131 W/Resources( 1105): Preloaded drawable resource #0x10801f1 (android:drawable/btn_toggle_on_disabled_holo_light) that varies with configuration!!
01-01 08:00:04.131 W/Resources( 1105): Preloaded drawable resource #0x10801f7 (android:drawable/btn_toggle_on_pressed_holo_light) that varies with configuration!!
01-01 08:00:04.131 W/Resources( 1105): Preloaded drawable resource #0x10801f3 (android:drawable/btn_toggle_on_focused_holo_light) that varies with configuration!!
01-01 08:00:04.135 W/Resources( 1105): Preloaded drawable resource #0x10801f5 (android:drawable/btn_toggle_on_normal_holo_light) that varies with configuration!!
01-01 08:00:04.139 W/Resources( 1105): Preloaded drawable resource #0x10801ef (android:drawable/btn_toggle_on_disabled_focused_holo_light) that varies with configuration!!
01-01 08:00:04.139 W/Resources( 1105): Preloaded drawable resource #0x10801f1 (android:drawable/btn_toggle_on_disabled_holo_light) that varies with configuration!!
01-01 08:00:04.139 W/Resources( 1105): Preloaded drawable resource #0x10801ea (android:drawable/btn_toggle_off_normal_holo_light) that varies with configuration!!
01-01 08:00:04.147 W/Resources( 1105): Preloaded drawable resource #0x10801e6 (android:drawable/btn_toggle_off_disabled_holo_light) that varies with configuration!!
01-01 08:00:04.147 W/Resources( 1105): Preloaded drawable resource #0x10801ec (android:drawable/btn_toggle_off_pressed_holo_light) that varies with configuration!!
01-01 08:00:04.147 W/Resources( 1105): Preloaded drawable resource #0x10801e8 (android:drawable/btn_toggle_off_focused_holo_light) that varies with configuration!!
01-01 08:00:04.147 W/Resources( 1105): Preloaded drawable resource #0x10801ea (android:drawable/btn_toggle_off_normal_holo_light) that varies with configuration!!
01-01 08:00:04.155 W/Resources( 1105): Preloaded drawable resource #0x10801e4 (android:drawable/btn_toggle_off_disabled_focused_holo_light) that varies with configuration!!
01-01 08:00:04.155 D/CAS     ( 1254): [1580][427858642[CAS SC0] CMD --> 7 [
01-01 08:00:04.155 D/CAS     ( 1254): [1580][427858642	00, A4, 04, 00, 02, 3F, 00, 00,
01-01 08:00:04.155 D/CAS     ( 1254): [1580][427858642].
01-01 08:00:04.155 D/CAS     ( 1254): [CAS SC0] REPLY 2 [
01-01 08:00:04.155 D/CAS     ( 1254): [1580][427858642	6E, 00, 00, 00, 00, 00, 00, 00,
01-01 08:00:04.155 D/CAS     ( 1254): [1580][427858642].
01-01 08:00:04.155 D/CAS     ( 1254): [1580][427858642[CAS SC] DVTCASTB_SCInsert returned
01-01 08:00:04.155 E/CAS     ( 1254): [1580][427858642[CAS] ERROR: DVTCASTB_GetRating, Failed 19!!!
01-01 08:00:04.155 D/CAS     ( 1254): [1580][427858642[CAS] ScardInfo Worktime 00:00 - 00:00, Result 17.
01-01 08:00:04.155 D/CAS     ( 1254): [1580][427858642[CAS] ScardInfo Region 0x0, start 0, Result 251658239.
01-01 08:00:04.155 D/CAS     ( 1254): [1580][427858642[CAS] ScardInfo ScardID [0]!!!
01-01 08:00:04.155 D/CAS     ( 1254): [1580][427858642[CAS] ScardInfo STBCASVer [0x0]!!!
01-01 08:00:04.155 D/CAS     ( 1254): [1580][427858642[CAS] ScardInfo SCCASVer [0]!!!
01-01 08:00:04.155 D/CAS     ( 1254): [1580][427858642[CAS] ScardInfo SCCOSVer [0]!!!
01-01 08:00:04.155 D/CAS     ( 1254): [1580][427858642[CAS] ScardInfo ScardNum []!!!
01-01 08:00:04.155 D/CAS     ( 1254): [1580][427858642[CAS] ScardInfo ManufName []!!!
01-01 08:00:04.155 D/CAS     ( 1254): [1580][427858642[CAS] ScardInfo, This is a Mother Card!!!
01-01 08:00:04.155 D/CAS     ( 1254): [1580][427858642[CAS] ScardInfo PIN Status [UNLOCK]!!!
01-01 08:00:04.155 W/Resources( 1105): Preloaded drawable resource #0x10801e6 (android:drawable/btn_toggle_off_disabled_holo_light) that varies with configuration!!
01-01 08:00:04.155 W/Resources( 1105): Preloaded drawable resource #0x10801e1 (android:drawable/btn_toggle_holo_light) that varies with configuration!!
01-01 08:00:04.159 W/Resources( 1105): Preloaded drawable resource #0x10801f4 (android:drawable/btn_toggle_on_normal_holo_dark) that varies with configuration!!
01-01 08:00:04.159 W/Resources( 1105): Preloaded drawable resource #0x10801f0 (android:drawable/btn_toggle_on_disabled_holo_dark) that varies with configuration!!
01-01 08:00:04.163 W/Resources( 1105): Preloaded drawable resource #0x10801f6 (android:drawable/btn_toggle_on_pressed_holo_dark) that varies with configuration!!
01-01 08:00:04.163 W/Resources( 1105): Preloaded drawable resource #0x10801f2 (android:drawable/btn_toggle_on_focused_holo_dark) that varies with configuration!!
01-01 08:00:04.163 D/DvbNative( 1254): [1580]<[CasApi, SaveCasInfos(), 97]> ### read smart card info ok
01-01 08:00:04.163 D/DvbNative( 1254): [1580]<[CasApi, SaveCasInfos(), 108]> ### 0
01-01 08:00:04.163 D/DvbNative( 1254): [1580]<[CasApi, SaveCasInfos(), 109]> ### 
01-01 08:00:04.163 D/DvbNative( 1254): [1580]<[CmnCasInterface, saveCasInfo(), 1069]> ### [ShumaCAS] save smart card serial number = 
01-01 08:00:04.167 W/Resources( 1105): Preloaded drawable resource #0x10801f4 (android:drawable/btn_toggle_on_normal_holo_dark) that varies with configuration!!
01-01 08:00:04.167 D/DvbNative( 1254): [1580]<[Initializer, _IPOTA_ScardSnChanged(), 610]> ### scard sn changed! scardSn=''
01-01 08:00:04.171 W/Resources( 1105): Preloaded drawable resource #0x10801ee (android:drawable/btn_toggle_on_disabled_focused_holo_dark) that varies with configuration!!
01-01 08:00:04.171 D/DvbNative( 1254): [1580]<[CmnCasInterface, saveCasInfo(), 1092]> ### [ShumaCAS] save card area code = 0
01-01 08:00:04.171 D/DvbNative( 1254): [1580]<[CasApi, SaveCasInfos(), 120]> ### SaveCasInfos card ok
01-01 08:00:04.171 W/Resources( 1105): Preloaded drawable resource #0x10801f0 (android:drawable/btn_toggle_on_disabled_holo_dark) that varies with configuration!!
01-01 08:00:04.171 E/DvbNative( 1254): [1580][01;31m<[MGExt_CAS, _CallBackProxy(), 132]> [error] ### no client exist![0m
01-01 08:00:04.171 D/CAS     ( 1254): [1580][427858644[CAS] Send UI Callback 0x1000!!!
01-01 08:00:04.175 W/Resources( 1105): Preloaded drawable resource #0x10801e9 (android:drawable/btn_toggle_off_normal_holo_dark) that varies with configuration!!
01-01 08:00:04.179 W/Resources( 1105): Preloaded drawable resource #0x10801e5 (android:drawable/btn_toggle_off_disabled_holo_dark) that varies with configuration!!
01-01 08:00:04.179 W/Resources( 1105): Preloaded drawable resource #0x10801eb (android:drawable/btn_toggle_off_pressed_holo_dark) that varies with configuration!!
01-01 08:00:04.179 W/Resources( 1105): Preloaded drawable resource #0x10801e7 (android:drawable/btn_toggle_off_focused_holo_dark) that varies with configuration!!
01-01 08:00:04.183 W/Resources( 1105): Preloaded drawable resource #0x10801e9 (android:drawable/btn_toggle_off_normal_holo_dark) that varies with configuration!!
01-01 08:00:04.187 W/Resources( 1105): Preloaded drawable resource #0x10801e3 (android:drawable/btn_toggle_off_disabled_focused_holo_dark) that varies with configuration!!
01-01 08:00:04.187 W/Resources( 1105): Preloaded drawable resource #0x10801e5 (android:drawable/btn_toggle_off_disabled_holo_dark) that varies with configuration!!
01-01 08:00:04.187 W/Resources( 1105): Preloaded drawable resource #0x10801e0 (android:drawable/btn_toggle_holo_dark) that varies with configuration!!
01-01 08:00:04.195 W/Resources( 1105): Preloaded drawable resource #0x108064f (android:drawable/textfield_multiline_default_holo_light) that varies with configuration!!
01-01 08:00:04.195 W/Resources( 1105): Preloaded drawable resource #0x1080653 (android:drawable/textfield_multiline_disabled_holo_light) that varies with configuration!!
01-01 08:00:04.199 W/Resources( 1105): Preloaded drawable resource #0x108064d (android:drawable/textfield_multiline_activated_holo_light) that varies with configuration!!
01-01 08:00:04.199 W/Resources( 1105): Preloaded drawable resource #0x1080655 (android:drawable/textfield_multiline_focused_holo_light) that varies with configuration!!
01-01 08:00:04.199 W/Resources( 1105): Preloaded drawable resource #0x108064f (android:drawable/textfield_multiline_default_holo_light) that varies with configuration!!
01-01 08:00:04.203 W/Resources( 1105): Preloaded drawable resource #0x1080651 (android:drawable/textfield_multiline_disabled_focused_holo_light) that varies with configuration!!
01-01 08:00:04.203 W/Resources( 1105): Preloaded drawable resource #0x1080653 (android:drawable/textfield_multiline_disabled_holo_light) that varies with configuration!!
01-01 08:00:04.207 W/Resources( 1105): Preloaded drawable resource #0x1080642 (android:drawable/textfield_default_holo_light) that varies with configuration!!
01-01 08:00:04.207 W/Resources( 1105): Preloaded drawable resource #0x1080647 (android:drawable/textfield_disabled_holo_light) that varies with configuration!!
01-01 08:00:04.211 W/Resources( 1105): Preloaded drawable resource #0x108063a (android:drawable/textfield_activated_holo_light) that varies with configuration!!
01-01 08:00:04.211 W/Resources( 1105): Preloaded drawable resource #0x108064a (android:drawable/textfield_focused_holo_light) that varies with configuration!!
01-01 08:00:04.211 W/Resources( 1105): Preloaded drawable resource #0x1080642 (android:drawable/textfield_default_holo_light) that varies with configuration!!
01-01 08:00:04.215 W/Resources( 1105): Preloaded drawable resource #0x1080645 (android:drawable/textfield_disabled_focused_holo_light) that varies with configuration!!
01-01 08:00:04.215 W/Resources( 1105): Preloaded drawable resource #0x1080647 (android:drawable/textfield_disabled_holo_light) that varies with configuration!!
01-01 08:00:04.215 W/Resources( 1105): Preloaded drawable resource #0x1080258 (android:drawable/edit_text_holo_light) that varies with configuration!!
01-01 08:00:04.219 W/Resources( 1105): Preloaded drawable resource #0x108064e (android:drawable/textfield_multiline_default_holo_dark) that varies with configuration!!
01-01 08:00:04.219 W/Resources( 1105): Preloaded drawable resource #0x1080652 (android:drawable/textfield_multiline_disabled_holo_dark) that varies with configuration!!
01-01 08:00:04.223 W/Resources( 1105): Preloaded drawable resource #0x108064c (android:drawable/textfield_multiline_activated_holo_dark) that varies with configuration!!
01-01 08:00:04.223 W/Resources( 1105): Preloaded drawable resource #0x1080654 (android:drawable/textfield_multiline_focused_holo_dark) that varies with configuration!!
01-01 08:00:04.227 W/Resources( 1105): Preloaded drawable resource #0x108064e (android:drawable/textfield_multiline_default_holo_dark) that varies with configuration!!
01-01 08:00:04.227 W/Resources( 1105): Preloaded drawable resource #0x1080650 (android:drawable/textfield_multiline_disabled_focused_holo_dark) that varies with configuration!!
01-01 08:00:04.231 W/Resources( 1105): Preloaded drawable resource #0x1080652 (android:drawable/textfield_multiline_disabled_holo_dark) that varies with configuration!!
01-01 08:00:04.231 W/Resources( 1105): Preloaded drawable resource #0x1080641 (android:drawable/textfield_default_holo_dark) that varies with configuration!!
01-01 08:00:04.231 W/Resources( 1105): Preloaded drawable resource #0x1080646 (android:drawable/textfield_disabled_holo_dark) that varies with configuration!!
01-01 08:00:04.235 W/Resources( 1105): Preloaded drawable resource #0x1080639 (android:drawable/textfield_activated_holo_dark) that varies with configuration!!
01-01 08:00:04.239 W/Resources( 1105): Preloaded drawable resource #0x1080649 (android:drawable/textfield_focused_holo_dark) that varies with configuration!!
01-01 08:00:04.239 W/Resources( 1105): Preloaded drawable resource #0x1080641 (android:drawable/textfield_default_holo_dark) that varies with configuration!!
01-01 08:00:04.243 W/Resources( 1105): Preloaded drawable resource #0x1080644 (android:drawable/textfield_disabled_focused_holo_dark) that varies with configuration!!
01-01 08:00:04.243 W/Resources( 1105): Preloaded drawable resource #0x1080646 (android:drawable/textfield_disabled_holo_dark) that varies with configuration!!
01-01 08:00:04.243 W/Resources( 1105): Preloaded drawable resource #0x1080257 (android:drawable/edit_text_holo_dark) that varies with configuration!!
01-01 08:00:04.255 W/Resources( 1105): Preloaded drawable resource #0x1080636 (android:drawable/text_select_handle_left) that varies with configuration!!
01-01 08:00:04.259 W/Resources( 1105): Preloaded drawable resource #0x1080638 (android:drawable/text_select_handle_right) that varies with configuration!!
01-01 08:00:04.263 W/Resources( 1105): Preloaded drawable resource #0x1080633 (android:drawable/text_edit_paste_window) that varies with configuration!!
01-01 08:00:04.267 W/Resources( 1105): Preloaded drawable resource #0x108026d (android:drawable/expander_close_holo_dark) that varies with configuration!!
01-01 08:00:04.267 W/Resources( 1105): Preloaded drawable resource #0x108026e (android:drawable/expander_close_holo_light) that varies with configuration!!
01-01 08:00:04.267 W/Resources( 1105): Preloaded drawable resource #0x108026d (android:drawable/expander_close_holo_dark) that varies with configuration!!
01-01 08:00:04.271 W/Resources( 1105): Preloaded drawable resource #0x1080274 (android:drawable/expander_open_holo_dark) that varies with configuration!!
01-01 08:00:04.271 W/Resources( 1105): Preloaded drawable resource #0x1080270 (android:drawable/expander_group_holo_dark) that varies with configuration!!
01-01 08:00:04.275 W/Resources( 1105): Preloaded drawable resource #0x108026e (android:drawable/expander_close_holo_light) that varies with configuration!!
01-01 08:00:04.275 W/Resources( 1105): Preloaded drawable resource #0x1080275 (android:drawable/expander_open_holo_light) that varies with configuration!!
01-01 08:00:04.275 W/Resources( 1105): Preloaded drawable resource #0x1080271 (android:drawable/expander_group_holo_light) that varies with configuration!!
01-01 08:00:04.283 W/Resources( 1105): Preloaded drawable resource #0x1080401 (android:drawable/list_pressed_holo_dark) that varies with configuration!!
01-01 08:00:04.283 W/Resources( 1105): Preloaded drawable resource #0x10803ff (android:drawable/list_longpressed_holo_dark) that varies with configuration!!
01-01 08:00:04.283 W/Resources( 1105): Preloaded drawable resource #0x108041d (android:drawable/list_selector_background_transition_holo_dark) that varies with configuration!!
01-01 08:00:04.287 W/Resources( 1105): Preloaded drawable resource #0x1080401 (android:drawable/list_pressed_holo_dark) that varies with configuration!!
01-01 08:00:04.287 W/Resources( 1105): Preloaded drawable resource #0x10803ff (android:drawable/list_longpressed_holo_dark) that varies with configuration!!
01-01 08:00:04.287 W/Resources( 1105): Preloaded drawable resource #0x108041d (android:drawable/list_selector_background_transition_holo_dark) that varies with configuration!!
01-01 08:00:04.287 W/Resources( 1105): Preloaded drawable resource #0x10803fa (android:drawable/list_focused_holo) that varies with configuration!!
01-01 08:00:04.287 W/Resources( 1105): Preloaded drawable resource #0x1080424 (android:drawable/list_selector_holo_dark) that varies with configuration!!
01-01 08:00:04.291 W/Resources( 1105): Preloaded drawable resource #0x1080402 (android:drawable/list_pressed_holo_light) that varies with configuration!!
01-01 08:00:04.295 W/Resources( 1105): Preloaded drawable resource #0x1080400 (android:drawable/list_longpressed_holo_light) that varies with configuration!!
01-01 08:00:04.295 W/Resources( 1105): Preloaded drawable resource #0x108041e (android:drawable/list_selector_background_transition_holo_light) that varies with configuration!!
01-01 08:00:04.295 W/Resources( 1105): Preloaded drawable resource #0x1080402 (android:drawable/list_pressed_holo_light) that varies with configuration!!
01-01 08:00:04.295 W/Resources( 1105): Preloaded drawable resource #0x1080400 (android:drawable/list_longpressed_holo_light) that varies with configuration!!
01-01 08:00:04.295 W/Resources( 1105): Preloaded drawable resource #0x108041e (android:drawable/list_selector_background_transition_holo_light) that varies with configuration!!
01-01 08:00:04.295 W/Resources( 1105): Preloaded drawable resource #0x10803fa (android:drawable/list_focused_holo) that varies with configuration!!
01-01 08:00:04.295 W/Resources( 1105): Preloaded drawable resource #0x1080425 (android:drawable/list_selector_holo_light) that varies with configuration!!
01-01 08:00:04.295 W/Resources( 1105): Preloaded drawable resource #0x1080404 (android:drawable/list_section_divider_holo_light) that varies with configuration!!
01-01 08:00:04.295 W/Resources( 1105): Preloaded drawable resource #0x1080403 (android:drawable/list_section_divider_holo_dark) that varies with configuration!!
01-01 08:00:04.303 W/Resources( 1105): Preloaded drawable resource #0x1080435 (android:drawable/menu_hardkey_panel_holo_dark) that varies with configuration!!
01-01 08:00:04.307 W/Resources( 1105): Preloaded drawable resource #0x1080436 (android:drawable/menu_hardkey_panel_holo_light) that varies with configuration!!
01-01 08:00:04.339 D/dalvikvm( 1105): GC_FOR_ALLOC freed 540K, 15% free 3305K/3868K, paused 28ms, total 28ms
01-01 08:00:04.351 W/Resources( 1105): Preloaded drawable resource #0x1080434 (android:drawable/menu_dropdown_panel_holo_light) that varies with configuration!!
01-01 08:00:04.359 W/Resources( 1105): Preloaded drawable resource #0x1080433 (android:drawable/menu_dropdown_panel_holo_dark) that varies with configuration!!
01-01 08:00:04.363 W/Resources( 1105): Preloaded drawable resource #0x108043a (android:drawable/menu_popup_panel_holo_light) that varies with configuration!!
01-01 08:00:04.367 W/Resources( 1105): Preloaded drawable resource #0x1080439 (android:drawable/menu_popup_panel_holo_dark) that varies with configuration!!
01-01 08:00:04.375 W/Resources( 1105): Preloaded drawable resource #0x108043a (android:drawable/menu_popup_panel_holo_light) that varies with configuration!!
01-01 08:00:04.379 W/Resources( 1105): Preloaded drawable resource #0x1080434 (android:drawable/menu_dropdown_panel_holo_light) that varies with configuration!!
01-01 08:00:04.379 W/Resources( 1105): Preloaded drawable resource #0x1080438 (android:drawable/menu_panel_holo_light) that varies with configuration!!
01-01 08:00:04.383 W/Resources( 1105): Preloaded drawable resource #0x1080439 (android:drawable/menu_popup_panel_holo_dark) that varies with configuration!!
01-01 08:00:04.391 W/Resources( 1105): Preloaded drawable resource #0x1080433 (android:drawable/menu_dropdown_panel_holo_dark) that varies with configuration!!
01-01 08:00:04.391 W/Resources( 1105): Preloaded drawable resource #0x1080437 (android:drawable/menu_panel_holo_dark) that varies with configuration!!
01-01 08:00:04.395 W/Resources( 1105): Preloaded drawable resource #0x108047f (android:drawable/overscroll_edge) that varies with configuration!!
01-01 08:00:04.479 D/dalvikvm( 1105): GC_FOR_ALLOC freed 772K, 29% free 2774K/3868K, paused 27ms, total 27ms
01-01 08:00:04.511 D/dalvikvm( 1105): GC_FOR_ALLOC freed <1K, 25% free 3394K/4492K, paused 30ms, total 30ms
01-01 08:00:04.535 W/Resources( 1105): Preloaded drawable resource #0x1080480 (android:drawable/overscroll_glow) that varies with configuration!!
01-01 08:00:04.539 W/Resources( 1105): Preloaded drawable resource #0x1080548 (android:drawable/spinner_16_outer_holo) that varies with configuration!!
01-01 08:00:04.539 W/Resources( 1105): Preloaded drawable resource #0x1080547 (android:drawable/spinner_16_inner_holo) that varies with configuration!!
01-01 08:00:04.543 W/Resources( 1105): Preloaded drawable resource #0x108054c (android:drawable/spinner_48_outer_holo) that varies with configuration!!
01-01 08:00:04.547 W/Resources( 1105): Preloaded drawable resource #0x108054b (android:drawable/spinner_48_inner_holo) that varies with configuration!!
01-01 08:00:04.555 W/Resources( 1105): Preloaded drawable resource #0x108054e (android:drawable/spinner_76_outer_holo) that varies with configuration!!
01-01 08:00:04.563 W/Resources( 1105): Preloaded drawable resource #0x108054d (android:drawable/spinner_76_inner_holo) that varies with configuration!!
01-01 08:00:04.563 W/Resources( 1105): Preloaded drawable resource #0x10804c8 (android:drawable/progress_bg_holo_dark) that varies with configuration!!
01-01 08:00:04.563 W/Resources( 1105): Preloaded drawable resource #0x10804c9 (android:drawable/progress_bg_holo_light) that varies with configuration!!
01-01 08:00:04.563 W/Resources( 1105): Preloaded drawable resource #0x10804c8 (android:drawable/progress_bg_holo_dark) that varies with configuration!!
01-01 08:00:04.567 W/Resources( 1105): Preloaded drawable resource #0x10804d5 (android:drawable/progress_secondary_holo_dark) that varies with configuration!!
01-01 08:00:04.567 W/Resources( 1105): Preloaded drawable resource #0x10804d3 (android:drawable/progress_primary_holo_dark) that varies with configuration!!
01-01 08:00:04.567 W/Resources( 1105): Preloaded drawable resource #0x10804ca (android:drawable/progress_horizontal_holo_dark) that varies with configuration!!
01-01 08:00:04.571 W/Resources( 1105): Preloaded drawable resource #0x10804c9 (android:drawable/progress_bg_holo_light) that varies with configuration!!
01-01 08:00:04.571 W/Resources( 1105): Preloaded drawable resource #0x10804d6 (android:drawable/progress_secondary_holo_light) that varies with configuration!!
01-01 08:00:04.571 W/Resources( 1105): Preloaded drawable resource #0x10804d4 (android:drawable/progress_primary_holo_light) that varies with configuration!!
01-01 08:00:04.571 W/Resources( 1105): Preloaded drawable resource #0x10804cb (android:drawable/progress_horizontal_holo_light) that varies with configuration!!
01-01 08:00:04.579 W/Resources( 1105): Preloaded drawable resource #0x10804de (android:drawable/progressbar_indeterminate_holo1) that varies with configuration!!
01-01 08:00:04.583 W/Resources( 1105): Preloaded drawable resource #0x10804df (android:drawable/progressbar_indeterminate_holo2) that varies with configuration!!
01-01 08:00:04.587 W/Resources( 1105): Preloaded drawable resource #0x10804e0 (android:drawable/progressbar_indeterminate_holo3) that varies with configuration!!
01-01 08:00:04.595 W/Resources( 1105): Preloaded drawable resource #0x10804e1 (android:drawable/progressbar_indeterminate_holo4) that varies with configuration!!
01-01 08:00:04.599 W/Resources( 1105): Preloaded drawable resource #0x10804e2 (android:drawable/progressbar_indeterminate_holo5) that varies with configuration!!
01-01 08:00:04.607 W/Resources( 1105): Preloaded drawable resource #0x10804e3 (android:drawable/progressbar_indeterminate_holo6) that varies with configuration!!
01-01 08:00:04.635 D/dalvikvm( 1105): GC_FOR_ALLOC freed 946K, 30% free 3160K/4492K, paused 26ms, total 26ms
01-01 08:00:04.639 W/Resources( 1105): Preloaded drawable resource #0x10804e4 (android:drawable/progressbar_indeterminate_holo7) that varies with configuration!!
01-01 08:00:04.643 W/Resources( 1105): Preloaded drawable resource #0x10804e5 (android:drawable/progressbar_indeterminate_holo8) that varies with configuration!!
01-01 08:00:04.643 W/Resources( 1105): Preloaded drawable resource #0x10804cc (android:drawable/progress_indeterminate_horizontal_holo) that varies with configuration!!
01-01 08:00:04.667 I/MiSysSrv( 1118): [37m[INFO] Change to Voltage: 115 mv (0x2A)[m
01-01 08:00:04.675 D/dalvikvm( 1105): GC_EXPLICIT freed 703K, 42% free 2631K/4492K, paused 2ms+2ms, total 29ms
01-01 08:00:04.683 W/Resources( 1105): Preloaded drawable resource #0x108054e (android:drawable/spinner_76_outer_holo) that varies with configuration!!
01-01 08:00:04.691 W/Resources( 1105): Preloaded drawable resource #0x108054d (android:drawable/spinner_76_inner_holo) that varies with configuration!!
01-01 08:00:04.695 W/Resources( 1105): Preloaded drawable resource #0x10804ce (android:drawable/progress_large_holo) that varies with configuration!!
01-01 08:00:04.695 W/Resources( 1105): Preloaded drawable resource #0x108054c (android:drawable/spinner_48_outer_holo) that varies with configuration!!
01-01 08:00:04.703 D/DD      ( 1254): <1571>[dd_tuner][FUNC:dd_tuner_task LINE:413]m_eTunerEvent:1,need tell dvb
01-01 08:00:04.703 D/DvbNative( 1254): [1571]<[Tuner, _tunerCallback(), 429]> ### DD tells unlock! tunerId=0, freqKHz=227000, nestUseCnt=0, status=Locking(2)
01-01 08:00:04.703 D/DvbNative( 1254): [1571]<[Tuner, _setTunerLEDState(), 343]> ### set tuner led state! bLocked=0
01-01 08:00:04.703 W/Resources( 1105): Preloaded drawable resource #0x108054b (android:drawable/spinner_48_inner_holo) that varies with configuration!!
01-01 08:00:04.703 D/DD      ( 1254): [DDErrorCode DD_FP_Clear(int, DDFPLightName_E)][1314]Enter
01-01 08:00:04.703 W/Resources( 1105): Preloaded drawable resource #0x10804d1 (android:drawable/progress_medium_holo) that varies with configuration!!
01-01 08:00:04.703 W/Resources( 1105): Preloaded drawable resource #0x10804d3 (android:drawable/progress_primary_holo_dark) that varies with configuration!!
01-01 08:00:04.703 W/Resources( 1105): Preloaded drawable resource #0x10804d4 (android:drawable/progress_primary_holo_light) that varies with configuration!!
01-01 08:00:04.703 W/Resources( 1105): Preloaded drawable resource #0x10804d5 (android:drawable/progress_secondary_holo_dark) that varies with configuration!!
01-01 08:00:04.703 W/Resources( 1105): Preloaded drawable resource #0x10804d6 (android:drawable/progress_secondary_holo_light) that varies with configuration!!
01-01 08:00:04.707 D/DD      ( 1254): [DDErrorCode DD_FP_Clear(int, DDFPLightName_E)][1352]Exit Success.
01-01 08:00:04.707 D/DD      ( 1254): <1571>[dd_tuner][FUNC:dd_tuner_task LINE:413]m_eTunerEvent:1,need tell dvb
01-01 08:00:04.707 W/Resources( 1105): Preloaded drawable resource #0x1080548 (android:drawable/spinner_16_outer_holo) that varies with configuration!!
01-01 08:00:04.707 D/DvbNative( 1254): [1571]<[ADV_CORE, TunerCallback(), 1842]> ### eType:1. status=1,fre:227000
01-01 08:00:04.707 D/DvbNative( 1254): 
01-01 08:00:04.707 W/Resources( 1105): Preloaded drawable resource #0x1080547 (android:drawable/spinner_16_inner_holo) that varies with configuration!!
01-01 08:00:04.707 W/Resources( 1105): Preloaded drawable resource #0x10804d8 (android:drawable/progress_small_holo) that varies with configuration!!
01-01 08:00:04.711 W/Resources( 1105): Preloaded drawable resource #0x1080538 (android:drawable/scrubber_track_holo_dark) that varies with configuration!!
01-01 08:00:04.711 W/Resources( 1105): Preloaded drawable resource #0x1080537 (android:drawable/scrubber_secondary_holo) that varies with configuration!!
01-01 08:00:04.715 W/Resources( 1105): Preloaded drawable resource #0x1080534 (android:drawable/scrubber_primary_holo) that varies with configuration!!
01-01 08:00:04.715 W/Resources( 1105): Preloaded drawable resource #0x1080535 (android:drawable/scrubber_progress_horizontal_holo_dark) that varies with configuration!!
01-01 08:00:04.715 W/Resources( 1105): Preloaded drawable resource #0x1080539 (android:drawable/scrubber_track_holo_light) that varies with configuration!!
01-01 08:00:04.715 E/DvbNative( 1254): [1363][01;31m<[Tuner, _tunerTuneInner(), 962]> [error] ### tuner tune failed! tunerId=0, tuneTimeMs=1682, curTimeMs=7872, status=Unlock(3), tpParam=<227000,6875,3,4294967295>, useLnb=0, lnbParam=<18,0,4294967295,4294967295,0,0,0,0,0,255,0>[0m
01-01 08:00:04.715 D/DvbNative( 1254): [1363]<[Tuner, _printTunerInfo(), 267]> ### =========>>>>>>===== force lock tuner failed =====<<<<<<========= count=1
01-01 08:00:04.715 D/DvbNative( 1254): [1363]<[Tuner, _printTunerInfo(), 290]> ### Tuner[0]: type=101, disabled=0, priority=100, tunerId=0, NestUseCount=1, tpParam=<227000,6875,3,4294967295>, useLnb=0, lnbParam=<18,0,4294967295,4294967295,0,0,0,0,0,255,0>
01-01 08:00:04.715 D/DvbNative( 1254): [1363]<[Tuner, _setTunerLEDState(), 343]> ### set tuner led state! bLocked=0
01-01 08:00:04.715 D/DD      ( 1254): [DDErrorCode DD_FP_Clear(int, DDFPLightName_E)][1314]Enter
01-01 08:00:04.723 D/DD      ( 1254): [DDErrorCode DD_FP_Clear(int, DDFPLightName_E)][1352]Exit Success.
01-01 08:00:04.723 D/DvbNative( 1254): [1363]<[Detector, _msgProc_StartDetectTp(), 375]> ### retryCnt=0, bLocked=0
01-01 08:00:04.723 D/DvbNative( 1254): [1363]<[Tuner, disableChange(), 2478]> ### disable change tuner. tunerId=0, who=Detector
01-01 08:00:04.723 D/DvbNative( 1254): [1363]<[Detector, _msgProc_StartDetectTp(), 384]> ### start detect tp! flags=0x00000001
01-01 08:00:04.723 D/DvbNative( 1254): [1363]<[Detector, _msgProc_StartDetectTp(), 390]> ### start detect ota from ts! ota_pid=1fb0
01-01 08:00:04.723 D/DvbNative( 1254): [1363]<[Detector, _detectOtaByImageHead(), 597]> ### none filter exist, just use new one. 
01-01 08:00:04.723 D/DvbNative( 1254): [1591]<[Tuner, _tunerTuneInner(), 459]> ### enter! tunerId=0, type=101, NestUseCount=1, tpParam=<227000,6875,3,4294967295>, useLnb=0, lnbParam=<18,0,4294967295,4294967295,0,0,0,0,0,255,0>
01-01 08:00:04.723 D/DvbNative( 1254): [1591]<[Tuner, _tunerTuneInner(), 603]> ### configure DVBC/C2 tune parameters. type=101(DVB_C)
01-01 08:00:04.723 D/DvbNative( 1254): [1591]<[Tuner, _tunerTuneInner(), 619]> ### DD param: uFrequency=227000, uSymbolRate=6875000, uModulation=3
01-01 08:00:04.723 D/DD      ( 1254): <1591>[dd_tuner][FUNC:DD_Tuner_Connect LINE:581]Enter
01-01 08:00:04.723 D/DD      ( 1254): <1591>[dd_tuner][FUNC:DD_Tuner_Connect LINE:605]frq 227000, QAM 3, SymbolRate 6875000, dwTunerId 0
01-01 08:00:04.727 W/Resources( 1105): Preloaded drawable resource #0x1080537 (android:drawable/scrubber_secondary_holo) that varies with configuration!!
01-01 08:00:04.727 D/DD      ( 1254): <1591>[dd_tuner][FUNC:DD_Tuner_Connect LINE:635]the same frq 227000, QAM 3 ,tuner unlocked!!
01-01 08:00:04.727 W/Resources( 1105): Preloaded drawable resource #0x1080534 (android:drawable/scrubber_primary_holo) that varies with configuration!!
01-01 08:00:04.727 W/Resources( 1105): Preloaded drawable resource #0x1080536 (android:drawable/scrubber_progress_horizontal_holo_light) that varies with configuration!!
01-01 08:00:04.731 I/MiSysSrv( 1118): [DTV_SetTune][665][MXL608]hy_tuner [tune]Freq:227.000000,eBandWidth:3,eMode:2
01-01 08:00:04.731 I/MiSysSrv( 1118): [DTV_SetTune][681][MXL608]hy_tuner ============================>DTV_SetTune 8M
01-01 08:00:04.731 I/MiSysSrv( 1118): MxLWare608_API_CfgTunerChanTune, signal type = 0, Freq = 227000000, BW = 2, Xtal = 0 
01-01 08:00:04.735 W/Resources( 1105): Preloaded drawable resource #0x108052b (android:drawable/scrollbar_handle_holo_dark) that varies with configuration!!
01-01 08:00:04.735 W/Resources( 1105): Preloaded drawable resource #0x108052c (android:drawable/scrollbar_handle_holo_light) that varies with configuration!!
01-01 08:00:04.775 W/Resources( 1105): Preloaded drawable resource #0x1080208 (android:drawable/cab_background_bottom_holo_dark) that varies with configuration!!
01-01 08:00:04.779 W/Resources( 1105): Preloaded drawable resource #0x108020b (android:drawable/cab_background_top_holo_light) that varies with configuration!!
01-01 08:00:04.779 W/Resources( 1105): Preloaded drawable resource #0x1080209 (android:drawable/cab_background_bottom_holo_light) that varies with configuration!!
01-01 08:00:04.779 W/Resources( 1105): Preloaded drawable resource #0x10802bf (android:drawable/ic_cab_done_holo_dark) that varies with configuration!!
01-01 08:00:04.783 W/Resources( 1105): Preloaded drawable resource #0x108020a (android:drawable/cab_background_top_holo_dark) that varies with configuration!!
01-01 08:00:04.783 I/MiSysSrv( 1118): MxLWare608_API_ReqTunerLockStatus RfSynthStatus = 1, RefSynthStatus = 1[MDrv_Tuner_SetTuner][511][MXL608]hy_tuner 
01-01 08:00:04.783 I/MiSysSrv( 1118): Tuner locked
