01-01 08:00:02.751 I/MiSysSrv( 1118): >>>>>>>>>>>>m_pPanelName = DACOUT_1080I_50
01-01 08:00:02.751 I/MiSysSrv( 1118): CheckMbootLogoThread,line=265,wating mstar.disable.bootlogo done for 
01-01 08:00:02.771 I/MiSysSrv( 1118): CheckMbootLogoThread,line=265,wating mstar.disable.bootlogo done for 
01-01 08:00:02.787 I/tvos    ( 1119): main,line=221,mstar.disable.bootlogo = -1098335544, wating mstar.disable.bootlogo ... yangxk
01-01 08:00:02.791 I/MiSysSrv( 1118): CheckMbootLogoThread,line=265,wating mstar.disable.bootlogo done for 
01-01 08:00:02.811 D/hwcomposer( 1104): lastVideoPlanes is dirty
01-01 08:00:02.811 D/hwcomposer( 1104): lastHWWindowInfo is dirty
01-01 08:00:02.811 I/MiSysSrv( 1118): CheckMbootLogoThread,line=265,wating mstar.disable.bootlogo done for 
01-01 08:00:02.819 I/MiSysSrv( 1118): ************************PQ Config Start*****************************
01-01 08:00:02.827 I/MiSysSrv( 1118): ************************PQ Config End*****************************
01-01 08:00:02.831 I/MiSysSrv( 1118): Read Bandwidthtable.bin
01-01 08:00:02.831 I/MiSysSrv( 1118): CheckMbootLogoThread,line=265,wating mstar.disable.bootlogo done for 
01-01 08:00:02.839 I/MiSysSrv( 1118): BinStartaDDR ID0=9b4e8008
01-01 08:00:02.839 I/MiSysSrv( 1118): BinStartaDDR ID2=b7a21718
01-01 08:00:02.839 I/MiSysSrv( 1118): Read Bandwidthtable.bin
01-01 08:00:02.839 I/MiSysSrv( 1118): BinStartaDDR ID0=9b4d3008
01-01 08:00:02.839 I/MiSysSrv( 1118): BinStartaDDR ID2=b7a22280
01-01 08:00:02.851 I/MiSysSrv( 1118): CheckMbootLogoThread,line=265,wating mstar.disable.bootlogo done for 
01-01 08:00:02.871 I/MiSysSrv( 1118): CheckMbootLogoThread,line=265,wating mstar.disable.bootlogo done for 
01-01 08:00:02.887 I/tvos    ( 1119): main,line=221,mstar.disable.bootlogo = -1098335544, wating mstar.disable.bootlogo ... yangxk
01-01 08:00:02.895 I/MiSysSrv( 1118): CheckMbootLogoThread,line=265,wating mstar.disable.bootlogo done for 
01-01 08:00:02.907 I/MiSysSrv( 1118): none MI_DBG_LVL_L in PROC_CMD_LINE!
01-01 08:00:02.907 I/MiSysSrv( 1118): none MI_DBG_LVL_H in PROC_CMD_LINE!
01-01 08:00:02.915 I/MiSysSrv( 1118): none MI_DBG_LVL_L in PROC_CMD_LINE!
01-01 08:00:02.915 I/MiSysSrv( 1118): none MI_DBG_LVL_H in PROC_CMD_LINE!
01-01 08:00:02.915 I/MiSysSrv( 1118): CheckMbootLogoThread,line=265,wating mstar.disable.bootlogo done for 
01-01 08:00:02.935 I/MiSysSrv( 1118): CheckMbootLogoThread,line=265,wating mstar.disable.bootlogo done for 
01-01 08:00:02.935 I/MiSysSrv( 1118): ==time== dfb daemon start at [    2.936681]s
01-01 08:00:02.935 D/AndroidRuntime( 1105): 
01-01 08:00:02.935 D/AndroidRuntime( 1105): >>>>>> AndroidRuntime START com.android.internal.os.ZygoteInit <<<<<<
01-01 08:00:02.935 I/MiSysSrv( 1118): [GetModuleParameter_int]m_pModelDefaultName = /config/module/MStar_Default_Module.ini
01-01 08:00:02.939 I/MiSysSrv( 1118): [GetModuleParameter_int]m_pModelName = /config/module/Customer_Module.ini
01-01 08:00:02.943 D/AndroidRuntime( 1105): CheckJNI is OFF
01-01 08:00:02.947 I/MiSysSrv( 1118): [GetModuleParameter_int]retInDefault = -1
01-01 08:00:02.947 I/MiSysSrv( 1118): none MI_DBG_LVL_L in PROC_CMD_LINE!
01-01 08:00:02.947 I/MiSysSrv( 1118): none MI_DBG_LVL_H in PROC_CMD_LINE!
01-01 08:00:02.947 I/MiSysSrv( 1118): device_dispout_panel, 164, MI_GPIO_GetHandle fail! eRet == 3
01-01 08:00:02.947 I/MiSysSrv( 1118): [1;31m[MI ERR ]: MI_ATOM_DISPOUT_GetHandle[1217]: Handle is not opened!
01-01 08:00:02.947 I/MiSysSrv( 1118): [0m[1;31m<<<MI_IMPL_DISPOUT_GetHandle[251] return ERR!
01-01 08:00:02.955 I/MiSysSrv( 1118): [0mCheckMbootLogoThread,line=265,wating mstar.disable.bootlogo done for 
01-01 08:00:02.955 I/MiSysSrv( 1118): mapi_str m_SkiaDecodeMutex = 255
01-01 08:00:02.955 I/MiSysSrv( 1118): @@@: Enable KeyPad... 
01-01 08:00:02.955 I/MiSysSrv( 1118): @@@@ SetKEYPADCfg
01-01 08:00:02.959 I/        ( 1255): [MSOS_PRINT][003289]     ~!~mappd sharemem  @ 
01-01 08:00:02.959 I/        ( 1255): [MSOS_PRINT][000663]     pthread_mutex_init
01-01 08:00:02.959 I/        ( 1255): [MSOS_PRINT][000665]     CHIP_InitISR
01-01 08:00:02.959 I/        ( 1255): [utopia info] utopia init
01-01 08:00:02.963 I/        ( 1255): [utopia info] register module: MODULE_UTOPIA
01-01 08:00:02.963 I/        ( 1255): [utopia info] register module: MODULE_BDMA
01-01 08:00:02.963 I/        ( 1255): [utopia info] register module: MODULE_AESDMA
01-01 08:00:02.963 I/        ( 1255): [utopia info] register module: MODULE_DSCMB
01-01 08:00:02.963 I/        ( 1255): [utopia info] register module: MODULE_CI
01-01 08:00:02.967 I/        ( 1255): [utopia info] register module: MODULE_GOP
01-01 08:00:02.967 I/        ( 1255): [utopia info] register module: MODULE_GFX
01-01 08:00:02.967 I/        ( 1255): [utopia info] register module: MODULE_TVENCODER
01-01 08:00:02.971 I/        ( 1255): [utopia info] register module: MODULE_XC
01-01 08:00:02.971 I/        ( 1255): [utopia info] register module: MODULE_MBX
01-01 08:00:02.971 I/        ( 1255): [utopia info] register module: MODULE_DIP
01-01 08:00:02.975 I/        ( 1255): [utopia info] register module: MODULE_PNL
01-01 08:00:02.975 I/MiSysSrv( 1118): CheckMbootLogoThread,line=265,wating mstar.disable.bootlogo done for 
01-01 08:00:02.975 I/        ( 1255): [utopia info] register module: MODULE_VBI
01-01 08:00:02.975 I/        ( 1255): [utopia info] register module: MODULE_ACE
01-01 08:00:02.979 I/        ( 1255): [utopia info] register module: MODULE_DLC
01-01 08:00:02.979 I/        ( 1255): [utopia info] register module: MODULE_IR
01-01 08:00:02.979 I/        ( 1255): [utopia info] register module: MODULE_SAR
01-01 08:00:02.979 I/MiSysSrv( 1118): [35mFunction = SARRegisterToUtopia, Line = 1907, SAR Register finished[m
01-01 08:00:02.979 I/        ( 1255): [utopia info] register module: MODULE_MIU
01-01 08:00:02.979 I/        ( 1255): [utopia info] register module: MODULE_PWS
01-01 08:00:02.983 I/MiSysSrv( 1118): [35mFunction = PWSRegisterToUtopia, Line = 436, PWS Register finished[m
01-01 08:00:02.983 I/        ( 1255): [utopia info] register module: MODULE_FLASH
01-01 08:00:02.983 I/        ( 1255): [utopia info] register module: MODULE_SEM
01-01 08:00:02.983 I/        ( 1255): [utopia info] register module: MODULE_SYS
01-01 08:00:02.983 I/        ( 1255): [utopia info] register module: MODULE_VDEC_EX
01-01 08:00:02.983 I/        ( 1255): [utopia info] register module: MODULE_MVOP
01-01 08:00:02.987 I/        ( 1255): [utopia info] register module: MODULE_AVD
01-01 08:00:02.987 I/        ( 1255): [utopia info] register module: MODULE_DMX
01-01 08:00:02.987 I/        ( 1255): [utopia info] register module: MODULE_RTC
01-01 08:00:02.987 I/tvos    ( 1119): main,line=221,mstar.disable.bootlogo = -1098335544, wating mstar.disable.bootlogo ... yangxk
01-01 08:00:02.991 I/        ( 1255): [utopia info] register module: MODULE_HWI2C
01-01 08:00:02.991 I/        ( 1255): [utopia info] register module: MODULE_UART
01-01 08:00:02.991 I/        ( 1255): [utopia info] register module: MODULE_PWM
01-01 08:00:02.991 I/        ( 1255): [utopia info] register module: MODULE_NJPEG_EX
01-01 08:00:02.995 I/        ( 1255): [utopia info] register module: MODULE_GPD
01-01 08:00:02.995 I/MiSysSrv( 1118): MFERegisterToUtopia
01-01 08:00:02.995 I/MiSysSrv( 1118): CheckMbootLogoThread,line=265,wating mstar.disable.bootlogo done for 
01-01 08:00:02.995 I/        ( 1255): [utopia info] register module: MODULE_MFE
01-01 08:00:02.995 I/        ( 1255): [utopia info] register module: MODULE_CPU
01-01 08:00:02.995 I/        ( 1255): [utopia info] register module: MODULE_MSPI
01-01 08:00:02.999 I/        ( 1255): [utopia info] register module: MODULE_DAC
01-01 08:00:02.999 I/        ( 1255): [utopia info] register module: MODULE_GPIO
01-01 08:00:02.999 I/MiSysSrv( 1118): BOOL DFBInfo::SetKEYPADCfg(void) OK
01-01 08:00:02.999 I/MiSysSrv( 1118): [1;31m[MI ERR ]: MI_ATOM_DISPOUT_GetHandle[1217]: Handle is not opened!
01-01 08:00:02.999 I/MiSysSrv( 1118): [0m[1;31m<<<MI_IMPL_DISPOUT_GetHandle[251] return ERR!
01-01 08:00:02.999 I/MiSysSrv( 1118): ==========================================
01-01 08:00:02.999 I/MiSysSrv( 1118): DFB library 1.6.2 build @ 2015-10-27 07:25===========================================
01-01 08:00:03.015 I/MiSysSrv( 1118): DFBTest name=default_layer_opacity  value=255  dfb_config_read(3696)
01-01 08:00:03.015 I/MiSysSrv( 1118): DFBTest name=bg-color  value=00000000  dfb_config_read(3696)
01-01 08:00:03.015 I/MiSysSrv( 1118): DFBTest name=no-cursor  value=(null)  dfb_config_read(3696)
01-01 08:00:03.015 I/MiSysSrv( 1118): DFBTest name=module-dir  value=/tvservice/mslib/directfb-1.6-0  dfb_config_read(3696)
01-01 08:00:03.015 I/MiSysSrv( 1118): commandline read: dfb_daemon
01-01 08:00:03.015 I/MiSysSrv( 1118): ==time== DirectFBInit at [    3.011045]s
01-01 08:00:03.015 I/MiSysSrv( 1118): DirectFBCreate:361
01-01 08:00:03.015 I/MiSysSrv( 1118): the execute thead id is 1255
01-01 08:00:03.015 I/MiSysSrv( 1118): DFBTest name=system  value=mstaregl  DirectFBSetOption(324)
01-01 08:00:03.015 I/MiSysSrv( 1118): DFBTest name=keypad_callback  value=0xB500D2FD  DirectFBSetOption(324)
01-01 08:00:03.015 I/MiSysSrv( 1118): DFBTest name=keypad_internal  value=10000  DirectFBSetOption(324)
01-01 08:00:03.015 I/MiSysSrv( 1118): DFBTest name=mst_gfx_width  value=1920  DirectFBSetOption(324)
01-01 08:00:03.015 I/MiSysSrv( 1118): DFBTest name=mst_gfx_height  value=1080  DirectFBSetOption(324)
01-01 08:00:03.015 I/MiSysSrv( 1118): DFBTest name=mst_lcd_width  value=1920  DirectFBSetOption(324)
01-01 08:00:03.015 I/MiSysSrv( 1118): DFBTest name=mst_lcd_height  value=1080  DirectFBSetOption(324)
01-01 08:00:03.015 I/MiSysSrv( 1118): DFBTest name=mst_gfx_h_offset  value=192  DirectFBSetOption(324)
01-01 08:00:03.015 I/MiSysSrv( 1118): [0mCheckMbootLogoThread,line=265,wating mstar.disable.bootlogo done for 
01-01 08:00:03.019 I/MiSysSrv( 1118): [0]->m_pMmap_id is E_MMAP_ID_DUMMY2
01-01 08:00:03.019 I/MiSysSrv( 1118): [1]->m_pMmap_id is E_MMAP_ID_PM51_USAGE_MEM
01-01 08:00:03.023 I/MiSysSrv( 1118): [2]->m_pMmap_id is E_MMAP_ID_PM51_VAR_MEM
01-01 08:00:03.023 I/MiSysSrv( 1118): [3]->m_pMmap_id is E_MMAP_ID_DMX_VQUEUE
01-01 08:00:03.023 I/MiSysSrv( 1118): [4]->m_pMmap_id is E_LX_MEM
01-01 08:00:03.023 I/MiSysSrv( 1118): [5]->m_pMmap_id is E_EMAC_MEM
01-01 08:00:03.027 I/MiSysSrv( 1118): [6]->m_pMmap_id is E_MMAP_ID_DMX_SECBUF
01-01 08:00:03.027 I/MiSysSrv( 1118): [7]->m_pMmap_id is E_MMAP_ID_MBOOT_MEM_USAGE
01-01 08:00:03.027 I/MiSysSrv( 1118): [8]->m_pMmap_id is E_MMAP_ID_MBOOT_LOAD
01-01 08:00:03.027 I/MiSysSrv( 1118): [9]->m_pMmap_id is E_MMAP_ID_MBOOT_MB
01-01 08:00:03.031 I/MiSysSrv( 1118): [10]->m_pMmap_id is E_MMAP_ID_MBOOT_USB
01-01 08:00:03.031 I/MiSysSrv( 1118): [11]->m_pMmap_id is E_MMAP_ID_XC_MAIN_FB
01-01 08:00:03.031 I/MiSysSrv( 1118): [12]->m_pMmap_id is E_DFB_JPD_READ
01-01 08:00:03.031 I/MiSysSrv( 1118): [13]->m_pMmap_id is E_DFB_JPD_INTERNAL
01-01 08:00:03.035 I/MiSysSrv( 1118): [14]->m_pMmap_id is E_DFB_JPD_WRITE
01-01 08:00:03.035 I/MiSysSrv( 1118): [15]->m_pMmap_id is E_MMAP_ID_MAD_R2
01-01 08:00:03.035 I/MiSysSrv( 1118): CheckMbootLogoThread,line=265,wating mstar.disable.bootlogo done for 
01-01 08:00:03.035 I/MiSysSrv( 1118): [16]->m_pMmap_id is E_MMAP_ID_MAD_SE
01-01 08:00:03.035 I/MiSysSrv( 1118): [17]->m_pMmap_id is E_MMAP_ID_MAD_COMMON
01-01 08:00:03.039 I/MiSysSrv( 1118): [18]->m_pMmap_id is E_MMAP_ID_DUMMY1
01-01 08:00:03.039 I/MiSysSrv( 1118): [19]->m_pMmap_id is E_MMAP_ID_PHOTO_DISPLAY
01-01 08:00:03.039 I/MiSysSrv( 1118): [20]->m_pMmap_id is E_MMAP_ID_PHOTO_SHAREMEM
01-01 08:00:03.039 I/MiSysSrv( 1118): [21]->m_pMmap_id is E_MMAP_ID_JPD_READ
01-01 08:00:03.039 I/MiSysSrv( 1118): [22]->m_pMmap_id is E_MMAP_ID_JPD_WRITE
01-01 08:00:03.039 I/MiSysSrv( 1118): [23]->m_pMmap_id is E_MMAP_ID_PHOTO_INTER
01-01 08:00:03.043 I/MiSysSrv( 1118): [24]->m_pMmap_id is E_MMAP_ID_VDPLAYER_DATA
01-01 08:00:03.043 I/MiSysSrv( 1118): [25]->m_pMmap_id is E_MMAP_ID_VDPLAYER_SUBTITLE_BITSTREAM_BUFF
01-01 08:00:03.043 I/MiSysSrv( 1118): [26]->m_pMmap_id is E_MMAP_ID_VDPLAYER_BITSTREAM
01-01 08:00:03.043 D/BootAnimation( 1323): boot animation start 0xbe98bac0
01-01 08:00:03.047 I/BootAnimation( 1323): 5555555555555555
01-01 08:00:03.047 D/dalvikvm( 1105): Unable to stat classpath element '/system/framework/ccdtwebkit.jar'
01-01 08:00:03.047 I/BootAnimation( 1323): 666666666666666
01-01 08:00:03.047 I/MiSysSrv( 1118): [27]->m_pMmap_id is E_MMAP_ID_VDPLAYER_BITSTREAM_EXT
01-01 08:00:03.047 I/MiSysSrv( 1118): [28]->m_pMmap_id is E_MMAP_ID_MM_SUBTITLE_BUFFER
01-01 08:00:03.047 I/MiSysSrv( 1118): [29]->m_pMmap_id is E_PUMABOOT_MEM
01-01 08:00:03.051 I/BootAnimation( 1323): dinfo.w = 1920, dinfo.h = 1080
01-01 08:00:03.051 I/MiSysSrv( 1118): [30]->m_pMmap_id is E_MMAP_ID_MFE
01-01 08:00:03.051 I/MiSysSrv( 1118): [1;31m[MI ERR ]: MI_ATOM_DISPOUT_GetHandle[1217]: Handle is not opened!
01-01 08:00:03.051 I/MiSysSrv( 1118): [0m[1;31m<<<MI_IMPL_DISPOUT_GetHandle[251] return ERR!
01-01 08:00:03.051 I/MiSysSrv( 1118): [31]->m_pMmap_id is E_BOOTVIDEO_MEM
01-01 08:00:03.051 I/MiSysSrv( 1118): [32]->m_pMmap_id is E_MMAP_ID_CAMERA
01-01 08:00:03.051 I/MiSysSrv( 1118): [33]->m_pMmap_id is E_DFB_FRAMEBUFFER
01-01 08:00:03.051 I/MiSysSrv( 1118): [34]->m_pMmap_id is E_MMAP_ID_GOP_FB
01-01 08:00:03.051 I/MiSysSrv( 1118): [35]->m_pMmap_id is E_MMAP_ID_HW_AES_BUF
01-01 08:00:03.051 I/MiSysSrv( 1118): [36]->m_pMmap_id is E_SECURE_UPDATE_AREA
01-01 08:00:03.055 I/MiSysSrv( 1118): [37]->m_pMmap_id is E_MMAP_ID_DUMMY3
01-01 08:00:03.055 I/MiSysSrv( 1118): [38]->m_pMmap_id is E_LX_MEM2
01-01 08:00:03.055 I/MiSysSrv( 1118): [39]->m_pMmap_id is E_MMAP_ID_VDEC_CPU
01-01 08:00:03.055 I/MiSysSrv( 1118): [40]->m_pMmap_id is E_MMAP_ID_VDEC_BITSTREAM
01-01 08:00:03.055 I/MiSysSrv( 1118): [41]->m_pMmap_id is E_MMAP_ID_VE
01-01 08:00:03.055 I/MiSysSrv( 1118): [42]->m_pMmap_id is E_MMAP_ID_CC
01-01 08:00:03.055 I/MiSysSrv( 1118): [0mCheckMbootLogoThread,line=265,wating mstar.disable.bootlogo done for 
01-01 08:00:03.055 I/MiSysSrv( 1118): [43]->m_pMmap_id is E_MMAP_ID_XC_MLOAD
01-01 08:00:03.055 I/MiSysSrv( 1118): [44]->m_pMmap_id is E_MMAP_ID_XC_DS
01-01 08:00:03.055 I/MiSysSrv( 1118): [45]->m_pMmap_id is E_MST_GOP_REGDMA
01-01 08:00:03.059 I/MiSysSrv( 1118): [46]->m_pMmap_id is E_MST_GEVQ
01-01 08:00:03.059 I/MiSysSrv( 1118): [47]->m_pMmap_id is E_MMAP_ID_VDEC_SHARE_MEM
01-01 08:00:03.059 D/libEGL  ( 1323): loaded /system/lib/egl/libGLES_mali.so
01-01 08:00:03.059 I/MiSysSrv( 1118): [48]->m_pMmap_id is E_MMAP_ID_DUMMY4
01-01 08:00:03.063 I/MiSysSrv( 1118): DFBTest name=mst_ge_vq_phys_addr  value=0x9FDA6000  DirectFBSetOption(324)
01-01 08:00:03.063 I/MiSysSrv( 1118): DFBTest name=mst_ge_vq_phys_len  value=524288  DirectFBSetOption(324)
01-01 08:00:03.063 I/MiSysSrv( 1118): DFBTest name=mst_gop_regdma_phys_addr  value=0x9FDA5000  DirectFBSetOption(324)
01-01 08:00:03.063 I/MiSysSrv( 1118): DFBTest name=mst_gop_regdma_phys_len  value=4096  DirectFBSetOption(324)
01-01 08:00:03.063 I/MiSysSrv( 1118): DFBTest name=mst_gfx_v_offset  value=0  DirectFBSetOption(324)
01-01 08:00:03.067 I/MiSysSrv( 1118): DFBTest name=mst_gfx_gop_index  value=0  DirectFBSetOption(324)
01-01 08:00:03.067 I/MiSysSrv( 1118): DFBTest name=mst_miu0_hal_offset  value=0x0  DirectFBSetOption(324)
01-01 08:00:03.067 I/MiSysSrv( 1118): DFBTest name=mst_miu1_hal_offset  value=0x80000000  DirectFBSetOption(324)
01-01 08:00:03.067 I/MiSysSrv( 1118): DFBTest name=mst_miu0_cpu_offset  value=0x20000000  DirectFBSetOption(324)
01-01 08:00:03.067 I/MiSysSrv( 1118): DFBTest name=mst_miu0_hal_length  value=0x20000000  DirectFBSetOption(324)
01-01 08:00:03.067 I/MiSysSrv( 1118): DFBTest name=mst_miu1_cpu_offset  value=0xA0000000  DirectFBSetOption(324)
01-01 08:00:03.067 I/MiSysSrv( 1118): DFBTest name=mst_miu1_hal_length  value=0x20000000  DirectFBSetOption(324)
01-01 08:00:03.067 I/MiSysSrv( 1118): DFBTest name=pixelformat  value=ARGB  DirectFBSetOption(324)
01-01 08:00:03.067 I/MiSysSrv( 1118): DFBTest name=video-phys  value=0x1C110000  DirectFBSetOption(324)
01-01 08:00:03.067 I/MiSysSrv( 1118): DFBTest name=video-length  value=0x1200000  DirectFBSetOption(324)
01-01 08:00:03.067 I/MiSysSrv( 1118): DFBTest name=mst_gop_counts  value=1  DirectFBSetOption(324)
01-01 08:00:03.071 I/MiSysSrv( 1118): DFBTest name=mst_gop_available[0]  value=1  DirectFBSetOption(324)
01-01 08:00:03.071 I/MiSysSrv( 1118): DFBTest name=mst_gop_available[1]  value=2  DirectFBSetOption(324)
01-01 08:00:03.071 I/MiSysSrv( 1118): DFBTest name=mst_gop_available[2]  value=3  DirectFBSetOption(324)
01-01 08:00:03.071 I/MiSysSrv( 1118): DFBTest name=mst_gop_dstPlane[0]  value=2  DirectFBSetOption(324)
01-01 08:00:03.071 I/MiSysSrv( 1118): DFBTest name=mst_gop_dstPlane[1]  value=2  DirectFBSetOption(324)
01-01 08:00:03.071 I/MiSysSrv( 1118): DFBTest name=mst_gop_dstPlane[2]  value=0  DirectFBSetOption(324)
01-01 08:00:03.071 I/MiSysSrv( 1118): DFBTest name=muxCounts  value=5  DirectFBSetOption(324)
01-01 08:00:03.071 I/MiSysSrv( 1118): DFBTest name=mux0_gopIndex  value=1  DirectFBSetOption(324)
01-01 08:00:03.071 I/MiSysSrv( 1118): DFBTest name=mux1_gopIndex  value=3  DirectFBSetOption(324)
01-01 08:00:03.071 I/MiSysSrv( 1118): DFBTest name=mux2_gopIndex  value=2  DirectFBSetOption(324)
01-01 08:00:03.075 I/MiSysSrv( 1118): DFBTest name=mux3_gopIndex  value=0  DirectFBSetOption(324)
01-01 08:00:03.075 I/MiSysSrv( 1118): DFBTest name=mux4_gopIndex  value=4  DirectFBSetOption(324)
01-01 08:00:03.075 I/MiSysSrv( 1118): DFBTest name=mux5_gopIndex  value=0  DirectFBSetOption(324)
01-01 08:00:03.075 I/MiSysSrv( 1118): DFBTest name=mst_jpeg_readbuff_addr  value=0x18A29000  DirectFBSetOption(324)
01-01 08:00:03.075 I/MiSysSrv( 1118): CheckMbootLogoThread,line=265,wating mstar.disable.bootlogo done for 
01-01 08:00:03.075 I/MiSysSrv( 1118): DFBTest name=mst_jpeg_readbuff_length  value=0x51000  DirectFBSetOption(324)
01-01 08:00:03.075 I/MiSysSrv( 1118): DFBTest name=mst_jpeg_interbuff_addr  value=0x18B29000  DirectFBSetOption(324)
01-01 08:00:03.075 I/MiSysSrv( 1118): DFBTest name=mst_jpeg_interbuff_length  value=0x630000  DirectFBSetOption(324)
01-01 08:00:03.079 I/BootAnimation( 1323): Bootanimation EGL informations:
01-01 08:00:03.079 I/MiSysSrv( 1118): DFBTest name=mst_jpeg_outbuff_addr  value=0x19159000  DirectFBSetOption(324)
01-01 08:00:03.079 I/BootAnimation( 1323): vendor    : Android
01-01 08:00:03.079 I/BootAnimation( 1323): version   : 1.4 Android META-EGL
01-01 08:00:03.079 I/BootAnimation( 1323): extensions: EGL_KHR_get_all_proc_addresses EGL_ANDROID_presentation_time EGL_KHR_image EGL_KHR_image_base EGL_KHR_image_pixmap EGL_KHR_gl_texture_2D_image EGL_KHR_gl_texture_cubemap_image EGL_KHR_gl_renderbuffer_image EGL_KHR_fence_sync EGL_KHR_create_context EGL_EXT_create_context_robustness EGL_ANDROID_image_native_buffer EGL_ANDROID_recordable 
01-01 08:00:03.079 I/BootAnimation( 1323): Client API: OpenGL_ES
01-01 08:00:03.079 I/BootAnimation( 1323): EGLSurface: 8-8-8-8, config=0x60000013
01-01 08:00:03.079 E/cutils-trace( 1323): Error opening trace file: Permission denied (13)
01-01 08:00:03.079 I/MiSysSrv( 1118): DFBTest name=mst_jpeg_outbuff_length  value=0x800000  DirectFBSetOption(324)
01-01 08:00:03.079 I/MiSysSrv( 1118): DFBTest name=mst_jpeg_hwdecode  value=1  DirectFBSetOption(324)
01-01 08:00:03.079 I/MiSysSrv( 1118): DFBTest name=mst_GOP_Set_YUV  value=1  DirectFBSetOption(324)
01-01 08:00:03.079 I/MiSysSrv( 1118): (!) Direct/Signals: Unable to install signal handler for signal 123!
01-01 08:00:03.079 I/MiSysSrv( 1118):     --> Invalid argument
01-01 08:00:03.079 I/MiSysSrv( 1118):    ~~~~~~~~~~~~~~~~~~~~~~~~~~| DirectFB 1.6.2 |~~~~~~~~~~~~~~~~~~~~~~~~~~
01-01 08:00:03.079 I/MiSysSrv( 1118):         (c) 2001-2012  The world wide DirectFB Open Source Community
01-01 08:00:03.079 I/MiSysSrv( 1118):         (c) 2000-2004  Convergence (integrated media) GmbH
01-01 08:00:03.079 I/MiSysSrv( 1118):       ----------------------------------------------------------------
01-01 08:00:03.079 I/MiSysSrv( 1118): (*) DirectFB/Core: Multi Application Core. (2015-10-27 07:24) 
01-01 08:00:03.087 D/gralloc ( 1104): allocate buffer from ION HEAP 0x10000
01-01 08:00:03.087 D/gralloc ( 1104): allocate the descrete memory from 0x10000 HEAP
01-01 08:00:03.087 I/tvos    ( 1119): main,line=221,mstar.disable.bootlogo = -1098335544, wating mstar.disable.bootlogo ... yangxk
01-01 08:00:03.087 E/gralloc ( 1104): ioctl c0204909 failed with code -1: No such device
01-01 08:00:03.091 E/[Gralloc-ERROR]( 1104): int alloc_backend_alloc(alloc_device_t*, size_t, int, const native_handle_t**):214 Failed to ion_cust_alloc from ion_client:29
01-01 08:00:03.091 D/gralloc ( 1104): allocate buffer from ION HEAP 0x1
01-01 08:00:03.091 D/gralloc ( 1104): allocate memory from system heap
01-01 08:00:03.095 I/MiSysSrv( 1118): CheckMbootLogoThread,line=265,wating mstar.disable.bootlogo done for 
01-01 08:00:03.111 I/MiSysSrv( 1118): dfb_system_lookup:273
01-01 08:00:03.111 I/MiSysSrv( 1118): the dfbconfigsystem is mstaregl  the module name is devmem
01-01 08:00:03.111 I/MiSysSrv( 1118): dfb_system_lookup:284
01-01 08:00:03.111 I/MiSysSrv( 1118): [1;31m[MI ERR ]: MI_ATOM_DISPOUT_GetHandle[1217]: Handle is not opened!
01-01 08:00:03.111 I/MiSysSrv( 1118): [0m[1;31m<<<MI_IMPL_DISPOUT_GetHandle[251] return ERR!
01-01 08:00:03.111 I/MiSysSrv( 1118): (*) Direct/Memcpy: Using libc memcpy()
01-01 08:00:03.111 I/MiSysSrv( 1118): (*) Fusion/SHM: Using MADV_REMOVE (3.10.23.0 >= 2.6.19.2)
01-01 08:00:03.115 I/MiSysSrv( 1118): [0mCheckMbootLogoThread,line=265,wating mstar.disable.bootlogo done for 
01-01 08:00:03.115 I/MiSysSrv( 1118): (*) Direct/Thread: Started 'Fusion Dispatch' (-1) [MESSAGING OTHER/OTHER 0/0] <1040384>...
01-01 08:00:03.119 I/MiSysSrv( 1118): (*) Direct/Thread: Started 'Fusion Deferred' (-1) [MESSAGING OTHER/OTHER 0/0] <1040384>...
01-01 08:00:03.123 I/        ( 1255): [MSOS_PRINT][000544]     [MsOS_Init] already inited!
01-01 08:00:03.123 I/DvbNative( 1254): [1254]<[main_dvbserver, main(), 53]> ### ServiceManager: 0xb8f13110
01-01 08:00:03.123 D/DvbNative( 1254): [1254]<[main_dvbserver, main(), 56]> ### start service stub
01-01 08:00:03.123 D/DvbNative( 1254): [1254]<[CmnService, instantiate(), 698]> ### ===>>>>>>>>>>[1] import cfg properties
01-01 08:00:03.123 D/DvbNative( 1254): [1254]<[PropertyStub, importCfgProperty(), 1458]> ### begin import cfg file. idx=0, cfgFileName='/CcdtConfig/ProductCfg'
01-01 08:00:03.127 D/DvbNative( 1254): [1254]<[PropertyStub, importCfgProperty(), 1472]> ### [0] set cfg property: key='ro.ccdt.cfg.ProjectName', value='HeiLongJiangShengWang'
01-01 08:00:03.127 D/DvbNative( 1254): [1254]<[PropertyStub, importCfgProperty(), 1476]> ### end import cfg file. idx=0, cfgFileName='/CcdtConfig/ProductCfg'
01-01 08:00:03.127 D/DvbNative( 1254): [1254]<[PropertyStub, importCfgProperty(), 1458]> ### begin import cfg file. idx=1, cfgFileName='/CcdtConfig/CfgProperty'
01-01 08:00:03.127 D/DvbNative( 1254): [1254]<[PropertyStub, importCfgProperty(), 1472]> ### [0] set cfg property: key='ccdt.cfg.standby.mode', value='0'
01-01 08:00:03.127 D/DvbNative( 1254): [1254]<[PropertyStub, importCfgProperty(), 1472]> ### [1] set cfg property: key='ccdt.cfg.ccdtplayer.vodDefMode', value='hebei'
01-01 08:00:03.127 D/DvbNative( 1254): [1254]<[PropertyStub, importCfgProperty(), 1472]> ### [2] set cfg property: key='persist.sys.defTimeZoneOffset', value='-480'
01-01 08:00:03.131 I/BootAnimation( 1323): there is no play.list
01-01 08:00:03.131 D/DvbNative( 1254): [1254]<[PropertyStub, importCfgProperty(), 1472]> ### [3] set cfg property: key='ccdt.cfg.super.password', value='5350'
01-01 08:00:03.131 D/DvbNative( 1254): [1254]<[PropertyStub, importCfgProperty(), 1476]> ### end import cfg file. idx=1, cfgFileName='/CcdtConfig/CfgProperty'
01-01 08:00:03.131 D/DvbNative( 1254): [1254]<[CmnService, instantiate(), 700]> ### ===>>>>>>>>>>[2] start initializer
01-01 08:00:03.131 D/DvbNative( 1254): [1254]<[Initializer, Initialize(), 619]> ### #######################################################
01-01 08:00:03.131 D/DvbNative( 1254): [1254]<[Initializer, Initialize(), 620]> ### ################    Initialize begin    ###############
01-01 08:00:03.131 D/DvbNative( 1254): [1254]<[Initializer, Initialize(), 621]> ### #######################################################
01-01 08:00:03.135 D/DvbNative( 1254): [1254]<[ISystemControlAbstract, getInstance(), 32]> ### create ISystemControl 
01-01 08:00:03.135 I/MiSysSrv( 1118): CheckMbootLogoThread,line=265,wating mstar.disable.bootlogo done for 
01-01 08:00:03.135 I/BootAnimation( 1323): numEntries =2 
01-01 08:00:03.139 I/BootAnimation( 1323): > type=p, count=0, pause=0, path=part0
01-01 08:00:03.139 I/        ( 1255): [MSOS_PRINT][000544]     [MsOS_Init] already inited!
01-01 08:00:03.139 D/        ( 1255): MDrv_PNL_Init u32PnlRiuBaseAddr = b4b6b000
01-01 08:00:03.139 D/        ( 1255): MDrv_PNL_Init u32PMRiuBaseAddr = b4c33000
01-01 08:00:03.139 D/        ( 1255): 
01-01 08:00:03.139 D/        ( 1255): [GOP INFO] gop open
01-01 08:00:03.143 D/DvbNative( 1254): [1254]<[ISystemControl, _globalInitialize(), 83]> ### [CFG] EnableDateTimeAdjust=1 
01-01 08:00:03.143 D/DvbNative( 1254): [1254]<[ISystemControl, _globalInitialize(), 86]> ### [CFG] EnableTimeZoneAdjust=0 
01-01 08:00:03.143 D/DvbNative( 1254): [1254]<[ISystemControl, _globalInitialize(), 89]> ### [CFG] SyncTimeAndZoneInNative=1 
01-01 08:00:03.143 D/        ( 1255): 
01-01 08:00:03.143 D/        ( 1255): [MDrv_GOP_GWIN_SetMux] not support gop4 in this chip version!!
01-01 08:00:03.143 D/DvbNative( 1254): [1254]<[ISystemControl, ISystemControl(), 1310]> ### get default led background mode. mode=1
01-01 08:00:03.143 D/DvbNative( 1254): [1254]<[ISystemControl, ISystemControl(), 1323]> ### get default led refresh time interval! interval=6000
01-01 08:00:03.143 E/DvbNative( 1254): [1254][01;31m<[ISystemControl, ISystemControl(), 1392]> [error] ### need re-sync timezone for not match with kernel! value='-480'. offsetEast=480, kernelOffsetWest=0, kernelDstTime=0[0m
01-01 08:00:03.143 D/DvbNative( 1254): [1254]<[ISystemControl, ISystemControl(), 1422]> ### sync time zone. offsetEast=480, tz=GMT+08:00
01-01 08:00:03.143 D/        ( 1255): 
01-01 08:00:03.143 D/        ( 1255): [MDrv_GOP_GWIN_SetMux] not support gop4 in this chip version!!
01-01 08:00:03.143 I/MiSysSrv( 1118): [XC,Version][0;36m 
01-01 08:00:03.143 I/MiSysSrv( 1118):  [m
01-01 08:00:03.143 I/MiSysSrv( 1118):  DFB USE THE GFX : MSTAR_G2 
01-01 08:00:03.147 D/DvbNative( 1254): [1254]<[ISystemControl, _setTimeZoneToSys(), 1169]> ### set timezone offset ok. offsetEast=480 
01-01 08:00:03.147 D/DvbNative( 1254): [1254]<[ISystemControl, _setDateTimeToSys(), 1204]> ### need sync time to kernel. curtime=3, dstTime=1262304000, gmtime=2010-1-1_0:0:0
01-01 08:00:00.000 I/MiSysSrv( 1118): [1;31m[MI ERR ]: MI_ATOM_DISPOUT_GetHandle[1217]: Handle is not opened!
01-01 08:00:00.000 I/MiSysSrv( 1118): [0m[1;31m<<<MI_IMPL_DISPOUT_GetHandle[251] return ERR!
01-01 08:00:00.000 I/        ( 1323): jpeg hw mutex s_index = 0
01-01 08:00:00.003 I/MiSysSrv( 1118): [0mCheckMbootLogoThread,line=265,wating mstar.disable.bootlogo done for 
01-01 08:00:00.007 D/DvbNative( 1254): [1254]<[ISystemControl, _setDateTimeToSys(), 1238]> ### set time ok! mjd=55197, hmsBcd=0x000000, gmtime=2010-1-1_0:0:0, sysGmtTime='Thu Jan  1 00:00:03 1970
01-01 08:00:00.007 D/DvbNative( 1254): '
01-01 08:00:00.007 D/DvbNative( 1254): [1254]<[Initializer, Initialize(), 644]> ### system time zone offset(east) is : 480
01-01 08:00:00.007 D/DvbNative( 1254): [1254]<[Initializer, _resumeDbXmlFromRemoveable(), 296]> ### property switch off, ignore resume
01-01 08:00:00.007 D/DvbNative( 1254): [1254]<[Initializer, _resumeDatabaseFromRemoveable(), 407]> ### property switch off, ignore resume
01-01 08:00:00.007 D/DvbNative( 1254): [1254]<[Initializer, Initialize(), 657]> ### [CFG] BootNativeInitDBEnable=0, not need to check & init database
01-01 08:00:00.007 D/DvbNative( 1254): [1254]<[Initializer, Initialize(), 663]> ### ===== prepare to call dos initialize =====
01-01 08:00:00.007 D/DvbNative( 1254): [1254]<[Initializer, Initialize(), 672]> ### ===== prepare to call dd initialize =====
01-01 08:00:00.007 D/DD      ( 1254): <1254>[dd_utility][FUNC:DD_Platform_Init LINE:605]Enter
01-01 08:00:00.011 I/DD      ( 1254): <1254>[dd_utility][FUNC:_DD_Project_Init LINE:910]get_systeminfo getOUI:0x29 
01-01 08:00:00.011 E/DD      ( 1254): <1254>[dd_utility][FUNC:DD_Utility_getServialNo LINE:224]system_info.sn=280a0e1020fe13012e31001a170a0e3563412ef00fe11a020e2 
01-01 08:00:00.023 D/hwcomposer( 1104): the mstar.maliion.dismem.location is in 0, but no available memory
01-01 08:00:00.023 D/DD      ( 1254): <1254>[dd_inject][FUNC:DD_Injecter_Init LINE:145]Enter
01-01 08:00:00.023 E/        ( 1254): Init module first, please call MI_DMX_Init.
01-01 08:00:00.023 E/DD      ( 1254): <1254>[dd_inject][FUNC:DD_Injecter_Init LINE:162]Fail,ret:3 
01-01 08:00:00.023 D/DD      ( 1254): <1254>[dd_player][FUNC:DD_Player_Init LINE:1195]Enter
01-01 08:00:00.023 I/MiSysSrv( 1118): CheckMbootLogoThread,line=265,wating mstar.disable.bootlogo done for 
01-01 08:00:00.039 I/tvos    ( 1119): main,line=221,mstar.disable.bootlogo = -1098335544, wating mstar.disable.bootlogo ... yangxk
01-01 08:00:00.047 I/MiSysSrv( 1118): CheckMbootLogoThread,line=265,wating mstar.disable.bootlogo done for 
01-01 08:00:00.051 I/MiSysSrv( 1118): [1;31m[MI ERR ]: MI_ATOM_DISPOUT_GetHandle[1217]: Handle is not opened!
01-01 08:00:00.051 I/MiSysSrv( 1118): [0m[1;31m<<<MI_IMPL_DISPOUT_GetHandle[251] return ERR!
01-01 08:00:00.055 I/MiSysSrv( 1118): (*) DirectFB/Graphics: Generic Software Rasterizer 0.1 (Mstar corp.)
01-01 08:00:00.059 D/dalvikvm( 1105): Trying to load lib libjavacore.so 0x0
01-01 08:00:00.067 I/MiSysSrv( 1118): (*) DirectFB/Core/WM: Default 0.3 (directfb.org)
01-01 08:00:00.067 I/MiSysSrv( 1118): NEOHEdfb_layer_context_init:248======
01-01 08:00:00.067 I/MiSysSrv( 1118): NEOHE dfb_layer_context_init:250======
01-01 08:00:00.067 I/MiSysSrv( 1118): NEOHE dfb_layer_context_init:255======
01-01 08:00:00.067 I/MiSysSrv( 1118): (*)  Allocate -> offset 14696448, pitch 5440, size 4177920
01-01 08:00:00.067 I/MiSysSrv( 1118): [0mCheckMbootLogoThread,line=265,wating mstar.disable.bootlogo done for 
01-01 08:00:00.071 I/MiSysSrv( 1118): (*)  Allocate -> offset 10518528, pitch 5440, size 4177920
01-01 08:00:00.071 I/MiSysSrv( 1118): NEOHE dfb_layer_context_init:258======
01-01 08:00:00.071 I/MiSysSrv( 1118): NEOHE dfb_layer_context_init:271======
01-01 08:00:00.071 I/MiSysSrv( 1118): NEOHE dfb_layer_context_init:273======
01-01 08:00:00.071 I/MiSysSrv( 1118): flag DCAF_BRIGHTNESS not set! 
01-01 08:00:00.071 I/MiSysSrv( 1118): neohe debug the new slot id is 0
01-01 08:00:00.083 D/dalvikvm( 1105): Added shared lib libjavacore.so 0x0
01-01 08:00:00.087 I/MiSysSrv( 1118): CheckMbootLogoThread,line=265,wating mstar.disable.bootlogo done for 
01-01 08:00:00.095 D/hwcomposer( 1104): lastHWWindowInfo is dirty
01-01 08:00:00.095 I/MiSysSrv( 1118): [1;32m[MI INFO]: [HWCAPS]:Info: ShmType 2 will be init!
01-01 08:00:00.099 I/BootAnimation( 1323): initTexture #### 720 480
01-01 08:00:00.099 I/MiSysSrv( 1118): [0m[1;32m[MI INFO]: [HWCAPS]:shmem buffer MI_HWCAPS_VIDEO size is 24
01-01 08:00:00.099 I/MiSysSrv( 1118): [0m[1;31m[MI ERR ]: _MI_Video_CB_Task[238]: g_VideoEvt = NULL!
01-01 08:00:00.099 I/MiSysSrv( 1118): [0m[1;31m[MI ERR ]: MI_ATOM_DISPOUT_GetHandle[1217]: Handle is not opened!
01-01 08:00:00.099 I/MiSysSrv( 1118): [0m[1;31m<<<MI_IMPL_DISPOUT_GetHandle[251] return ERR!
01-01 08:00:00.103 E/        ( 1251): <<android>>      Start HAL_AUDIO_AllocateVars InitShmFlag=0
01-01 08:00:00.103 E/        ( 1251): <<android>>      create Audio SHM data ...
01-01 08:00:00.103 E/        ( 1251): <<android>>      Audio SHM data is created
01-01 08:00:00.103 E/        ( 1251): <<android>>      reset Audio SHM data ...
01-01 08:00:00.103 E/        ( 1251): <<android>>      End HAL_AUDIO_AllocateVars InitShmFlag=1, ClientCounter=1 
01-01 08:00:00.107 I/MiSysSrv( 1118): [0mCheckMbootLogoThread,line=265,wating mstar.disable.bootlogo done for 
01-01 08:00:00.111 I/        ( 1251): <<android>>      Audio TEE Info SHM is created...
01-01 08:00:00.111 I/        ( 1251): <<android>>      reset Audio TEE Info SHM data ...
01-01 08:00:00.115 D/gralloc ( 1104): allocate buffer from ION HEAP 0x1
01-01 08:00:00.115 D/gralloc ( 1104): allocate memory from system heap
01-01 08:00:00.115 D/dalvikvm( 1105): Trying to load lib libnativehelper.so 0x0
01-01 08:00:00.115 D/dalvikvm( 1105): Added shared lib libnativehelper.so 0x0
01-01 08:00:00.115 D/dalvikvm( 1105): No JNI_OnLoad found in libnativehelper.so 0x0, skipping init
01-01 08:00:00.119 I/MiSysSrv( 1118): In HAL_AUDIO_SetDspBaseAddr, line(4376), u8Index(0x1), u32Bin_Base_Address(0x0), u32Mad_Base_Buffer_Adr(0x1a159000)
01-01 08:00:00.119 I/        ( 1251): <<android>>      1 DSPBinBaseAddress = 0x0
01-01 08:00:00.119 I/        ( 1251): <<android>>      1 DSPMadBaseBufferAdr = 0x0
01-01 08:00:00.119 I/        ( 1251): <<android>>      1 DSPMadMIUBank = 0
01-01 08:00:00.119 I/MiSysSrv( 1118): In HAL_AUDIO_SetDspBaseAddr, line(4376), u8Index(0x2), u32Bin_Base_Address(0x0), u32Mad_Base_Buffer_Adr(0x19959000)
01-01 08:00:00.119 I/        ( 1251): <<android>>      2 DSPBinBaseAddress = 0x0
01-01 08:00:00.119 I/        ( 1251): <<android>>      2 DSPMadBaseBufferAdr = 0x19959000
01-01 08:00:00.119 I/        ( 1251): <<android>>      2 DSPMadMIUBank = 0
01-01 08:00:00.119 E/        ( 1251): <<android>>      Start HAL_AUDIO_AllocateVars InitShmFlag=1
01-01 08:00:00.119 E/        ( 1251): <<android>>      HAL_AUDIO_AllocateVars QUERY ClientCounter=1
01-01 08:00:00.123 E/        ( 1251): <<android>>      End HAL_AUDIO_AllocateVars InitShmFlag=1, ClientCounter=1 
01-01 08:00:00.127 I/MiSysSrv( 1118): CheckMbootLogoThread,line=265,wating mstar.disable.bootlogo done for 
01-01 08:00:00.139 I/tvos    ( 1119): main,line=221,mstar.disable.bootlogo = -1098335544, wating mstar.disable.bootlogo ... yangxk
01-01 08:00:00.147 I/MiSysSrv( 1118): CheckMbootLogoThread,line=265,wating mstar.disable.bootlogo done for 
01-01 08:00:00.151 I/MiSysSrv( 1118): [1;31m[MI ERR ]: MI_ATOM_DISPOUT_GetHandle[1217]: Handle is not opened!
01-01 08:00:00.151 I/MiSysSrv( 1118): [0m[1;31m<<<MI_IMPL_DISPOUT_GetHandle[251] return ERR!
01-01 08:00:00.167 I/MiSysSrv( 1118): [0mCheckMbootLogoThread,line=265,wating mstar.disable.bootlogo done for 
01-01 08:00:00.175 I/MiSysSrv( 1118):       HAL_MAD2_SetMemInfo : SE_DSP_DDR_ADDR = 0x1A159000, DEC_R2_ADDR = 0x19959000
01-01 08:00:00.179 I/MiSysSrv( 1118):        ======> Audio DEC_R2 Base : 19959000
01-01 08:00:00.187 I/MiSysSrv( 1118): MDrv_AUDIO_SeSystemLoadCode() 
01-01 08:00:00.187 I/MiSysSrv( 1118): CheckMbootLogoThread,line=265,wating mstar.disable.bootlogo done for 
01-01 08:00:00.203 I/MiSysSrv( 1118): [1;31m[MI ERR ]: MI_ATOM_DISPOUT_GetHandle[1217]: Handle is not opened!
01-01 08:00:00.203 I/MiSysSrv( 1118): [0m[1;31m<<<MI_IMPL_DISPOUT_GetHandle[251] return ERR!
01-01 08:00:00.207 I/MiSysSrv( 1118): [0mCheckMbootLogoThread,line=265,wating mstar.disable.bootlogo done for 
01-01 08:00:00.227 I/MiSysSrv( 1118): [======= initialize DEC-R2[0] SHM =======]
01-01 08:00:00.227 I/MiSysSrv( 1118): [======= initialize DEC-R2[1] SHM =======]
01-01 08:00:00.227 I/MiSysSrv( 1118): CheckMbootLogoThread,line=265,wating mstar.disable.bootlogo done for 
01-01 08:00:00.231 I/MiSysSrv( 1118): audio DSP_SE LoadCode success..
01-01 08:00:00.239 I/tvos    ( 1119): main,line=221,mstar.disable.bootlogo = -1098335544, wating mstar.disable.bootlogo ... yangxk
01-01 08:00:00.247 I/MiSysSrv( 1118): CheckMbootLogoThread,line=265,wating mstar.disable.bootlogo done for 
01-01 08:00:00.251 I/MiSysSrv( 1118): [1;31m[MI ERR ]: MI_ATOM_DISPOUT_GetHandle[1217]: Handle is not opened!
01-01 08:00:00.251 I/MiSysSrv( 1118): [0m[1;31m<<<MI_IMPL_DISPOUT_GetHandle[251] return ERR!
01-01 08:00:00.267 I/MiSysSrv( 1118): [0mCheckMbootLogoThread,line=265,wating mstar.disable.bootlogo done for 
01-01 08:00:00.287 I/MiSysSrv( 1118): CheckMbootLogoThread,line=265,wating mstar.disable.bootlogo done for 
01-01 08:00:00.295 I/MiSysSrv( 1118): MDrv_AUDIO_DecoderLoadCode() 
01-01 08:00:00.295 I/MiSysSrv( 1118): DEC System code download finished!
01-01 08:00:00.299 I/        ( 1251): <<android>>      ===== Check Audio Decoder Protection from hash-key IP =====
01-01 08:00:00.299 I/        ( 1251): <<android>>      Hash-key Support DD.
01-01 08:00:00.299 I/        ( 1251): <<android>>      Hash-key Support DD+.
01-01 08:00:00.299 I/        ( 1251): <<android>>      Hash Key Check DTS Fail, no DTS license!!
01-01 08:00:00.299 I/        ( 1251): <<android>>      Hash Key Check WMA Fail, no WMA license!!
01-01 08:00:00.299 I/        ( 1251): <<android>>      Hash-key Support DRA.
01-01 08:00:00.299 I/        ( 1251): <<android>>      Hash Key Check DTSLBR Fail, no DTSLBR license!!
01-01 08:00:00.299 I/        ( 1251): <<android>>      Hash Key Check Dolby MS11 Fail, no Dolby MS11 license!!
01-01 08:00:00.299 I/        ( 1251): <<android>>      Hash Key Check DTSE Fail, no DTSE license!!
01-01 08:00:00.299 I/        ( 1251): <<android>>      Hash Key Check DTSNeoUltra Fail, no DTSNeoUltra license!!
01-01 08:00:00.299 I/        ( 1251): <<android>>      Hash Key Check SRS_TSHD Fail, no SRS_TSHD license!!
01-01 08:00:00.299 I/        ( 1251): <<android>>      Hash Key Check SRS_THEATERSOUND Fail, no SRS_THEATERSOUND license!!
01-01 08:00:00.299 I/        ( 1251): <<android>>      Hash Key Check DTS_StudioSound3D Fail, no DTS_StudioSound3D license!!
01-01 08:00:00.299 I/        ( 1251): <<android>>      Hash Key Check COOK Fail, no COOK license!!
01-01 08:00:00.299 I/        ( 1251): <<android>>      Hash Key Check DTS_HD Fail, no DTS_HD license!!
01-01 08:00:00.299 I/        ( 1251): <<android>>      ===== Check Protection IP End                         =====
01-01 08:00:00.303 I/MiSysSrv( 1118): [1;31m[MI ERR ]: MI_ATOM_AUDIO_Init[2509]: Audio decoder is in R2
01-01 08:00:00.303 I/MiSysSrv( 1118): [0m[1;31m[MI ERR ]: MI_ATOM_DISPOUT_GetHandle[1217]: Handle is not opened!
01-01 08:00:00.303 I/MiSysSrv( 1118): [0m[1;31m<<<MI_IMPL_DISPOUT_GetHandle[251] return ERR!
01-01 08:00:00.307 I/MiSysSrv( 1118): [0mCheckMbootLogoThread,line=265,wating mstar.disable.bootlogo done for 
01-01 08:00:00.311 I/MiSysSrv( 1118): [1;36m<<<MI_ATOM_DISPLAY_SetDebugLevel[3621] 
01-01 08:00:00.311 I/MiSysSrv( 1118): [0m[1;36m<<<MI_IMPL_DISPLAY_SetDebugLevel[2319] 
01-01 08:00:00.311 I/MiSysSrv( 1118): [0m[1;31m[MI ERR ]: MI_ATOM_DISPOUT_GetHandle[1217]: Handle is not opened!
01-01 08:00:00.311 I/MiSysSrv( 1118): [0m[1;31m<<<MI_IMPL_DISPOUT_GetHandle[251] return ERR!
01-01 08:00:00.315 I/MiSysSrv( 1118): [0m
01-01 08:00:00.315 I/MiSysSrv( 1118): [CPU INFO] cpu openCPUIoctl - MDrv_CMD_CPU_QueryClock
01-01 08:00:00.315 I/MiSysSrv( 1118): : No such file or directory
01-01 08:00:00.315 D/dalvikvm( 1105): Note: class Landroid/app/ActivityManagerNative; has 179 unimplemented (abstract) methods
01-01 08:00:00.315 D/        ( 1255): [MApi_GOP_GWIN_EnableTileMode] Not SUPPORT bEn:0 type:1
01-01 08:00:00.327 I/MiSysSrv( 1118): Cannot open interrupt descriptor for irq=382 CheckMbootLogoThread,line=265,wating mstar.disable.bootlogo done for 
01-01 08:00:00.339 I/tvos    ( 1119): main,line=221,mstar.disable.bootlogo = -1098335544, wating mstar.disable.bootlogo ... yangxk
01-01 08:00:00.347 I/MiSysSrv( 1118): CheckMbootLogoThread,line=265,wating mstar.disable.bootlogo done for 
01-01 08:00:00.359 I/MiSysSrv( 1118): dfb_layer_region_flip_update:layer 0 is wrongly enabled. disable it! 
01-01 08:00:00.367 I/MiSysSrv( 1118): CheckMbootLogoThread,line=265,wating mstar.disable.bootlogo done for 
01-01 08:00:00.391 I/MiSysSrv( 1118): CheckMbootLogoThread,line=265,wating mstar.disable.bootlogo done for 
01-01 08:00:00.395 I/MiSysSrv( 1118): dfb_layer_region_flip_update:layer 0 is wrongly disabled. Enable it! 
01-01 08:00:00.411 I/MiSysSrv( 1118): CheckMbootLogoThread,line=265,wating mstar.disable.bootlogo done for 
01-01 08:00:00.427 I/MiSysSrv( 1118): MApi_HDMITx_DisableRegWrite FALSE 
01-01 08:00:00.431 I/MiSysSrv( 1118): CheckMbootLogoThread,line=265,wating mstar.disable.bootlogo done for 
01-01 08:00:00.443 I/tvos    ( 1119): main,line=221,mstar.disable.bootlogo = -1098335544, wating mstar.disable.bootlogo ... yangxk
01-01 08:00:00.451 I/MiSysSrv( 1118): CheckMbootLogoThread,line=265,wating mstar.disable.bootlogo done for 
01-01 08:00:00.471 I/MiSysSrv( 1118): CheckMbootLogoThread,line=265,wating mstar.disable.bootlogo done for 
01-01 08:00:00.491 I/MiSysSrv( 1118): CheckMbootLogoThread,line=265,wating mstar.disable.bootlogo done for 
01-01 08:00:00.495 D/gralloc ( 1104): allocate buffer from ION HEAP 0x1
01-01 08:00:00.495 D/gralloc ( 1104): allocate memory from system heap
01-01 08:00:00.519 I/MiSysSrv( 1118): ==time== DirectFBCreate at [    3.672701]s
01-01 08:00:00.543 I/tvos    ( 1119): main,line=221,mstar.disable.bootlogo = -1098335544, wating mstar.disable.bootlogo ... yangxk
01-01 08:00:00.591 E/memtrack( 1105): Couldn't load memtrack module (No such file or directory)
01-01 08:00:00.591 E/android.os.Debug( 1105): failed to load memtrack module: -2
01-01 08:00:00.643 I/tvos    ( 1119): mstar.disable.bootlogo = 1 yangxk
01-01 08:00:00.643 I/tvos    ( 1119): start main #1
01-01 08:00:00.643 I/tvos    ( 1119): start main #2
01-01 08:00:00.643 I/tvos    ( 1119): start main #3
01-01 08:00:00.647 I/tvos    ( 1119): main init #1
01-01 08:00:00.647 I/tvos    ( 1119): [1;32mLoadIniFile,line=156,m_b4K2K_ENABLE(1),m_eSystemType(3),m_eDVBSystem(0),m_bYPBPR_OUT_ENABLE(0)
01-01 08:00:00.683 I/SamplingProfilerIntegration( 1105): Profiling disabled.
01-01 08:00:00.699 I/Zygote  ( 1105): Preloading classes...
01-01 08:00:00.699 E/cutils-trace( 1105): Error opening trace file: Permission denied (13)
01-01 08:00:00.703 D/dalvikvm( 1105): GC_EXPLICIT freed 42K, 8% free 543K/588K, paused 1ms+0ms, total 4ms
01-01 08:00:00.711 I/MiSysSrv( 1118): none MI_DBG_LVL_L in PROC_CMD_LINE!
01-01 08:00:00.711 I/MiSysSrv( 1118): none MI_DBG_LVL_H in PROC_CMD_LINE!
01-01 08:00:00.711 I/MiSysSrv( 1118): [CPU INFO] cpu openCPUIoctl - MDrv_CMD_CPU_QueryClock
01-01 08:00:00.715 I/MiSysSrv( 1118): [HWI2C INFO] hwi2c opennone MI_DBG_LVL_L in PROC_CMD_LINE!
01-01 08:00:00.715 I/MiSysSrv( 1118): none MI_DBG_LVL_H in PROC_CMD_LINE!
01-01 08:00:00.715 I/tvos    ( 1119): [0m[1;31mMI_GPIO_Init success!!!
01-01 08:00:00.715 I/tvos    ( 1119): [0m[1;31mMI_GPIO_Open success!!!
01-01 08:00:00.715 I/MiSysSrv( 1118): none MI_DBG_LVL_L in PROC_CMD_LINE!
01-01 08:00:00.715 I/MiSysSrv( 1118): none MI_DBG_LVL_H in PROC_CMD_LINE!
01-01 08:00:00.743 I/MiSysSrv( 1118): [37m[INFO] Change to Voltage: 115 mv (0x2A)[m
01-01 08:00:00.803 V/NatController( 1102): runCmd(/system/bin/iptables -F natctrl_FORWARD) res=0
01-01 08:00:00.815 V/NatController( 1102): runCmd(/system/bin/iptables -A natctrl_FORWARD -j DROP) res=0
01-01 08:00:00.827 V/NatController( 1102): runCmd(/system/bin/iptables -t nat -F natctrl_nat_POSTROUTING) res=0
01-01 08:00:00.843 V/NatController( 1102): runCmd(/system/bin/ip rule flush) res=0
01-01 08:00:00.851 V/NatController( 1102): runCmd(/system/bin/ip -6 rule flush) res=0
01-01 08:00:00.859 V/NatController( 1102): runCmd(/system/bin/ip rule add from all lookup default prio 32767) res=0
01-01 08:00:00.871 V/NatController( 1102): runCmd(/system/bin/ip rule add from all lookup main prio 32766) res=0
01-01 08:00:00.879 V/NatController( 1102): runCmd(/system/bin/ip -6 rule add from all lookup default prio 32767) res=0
01-01 08:00:00.887 V/NatController( 1102): runCmd(/system/bin/ip -6 rule add from all lookup main prio 32766) res=0
01-01 08:00:00.891 I/MiSysSrv( 1118): none MI_DBG_LVL_L in PROC_CMD_LINE!
01-01 08:00:00.891 I/MiSysSrv( 1118): none MI_DBG_LVL_H in PROC_CMD_LINE!
01-01 08:00:00.891 I/MiSysSrv( 1118): [1;31m[MI ERR ]: MI_ATOM_FLASH_GetHandle[2465]: Handle no using!!!
01-01 08:00:00.895 V/NatController( 1102): runCmd(/system/bin/ip route flush cache) res=0
01-01 08:00:00.895 I/MiSysSrv( 1118): [0mMPOOL size : 0x200000
01-01 08:00:00.903 V/NatController( 1102): runCmd(/system/bin/iptables -F natctrl_tether_counters) res=1
01-01 08:00:00.911 V/NatController( 1102): runCmd(/system/bin/iptables -X natctrl_tether_counters) res=1
01-01 08:00:00.919 V/NatController( 1102): runCmd(/system/bin/iptables -N natctrl_tether_counters) res=0
01-01 08:00:00.995 D/gralloc ( 1104): allocate buffer from ION HEAP 0x1
01-01 08:00:00.995 D/gralloc ( 1104): allocate memory from system heap
01-01 08:00:01.379 I/        ( 1102): [MSOS_PRINT][003289]     ~!~mappd sharemem  @ 
01-01 08:00:01.379 I/        ( 1102): [MSOS_PRINT][000663]     pthread_mutex_init
01-01 08:00:01.383 I/        ( 1102): [MSOS_PRINT][000665]     CHIP_InitISR
01-01 08:00:01.383 I/        ( 1102): [utopia info] utopia init
01-01 08:00:01.383 I/        ( 1102): [utopia info] register module: MODULE_UTOPIA
01-01 08:00:01.383 I/        ( 1102): [utopia info] register module: MODULE_BDMA
01-01 08:00:01.383 I/        ( 1102): [utopia info] register module: MODULE_AESDMA
01-01 08:00:01.383 I/        ( 1102): [utopia info] register module: MODULE_DSCMB
01-01 08:00:01.383 I/        ( 1102): [utopia info] register module: MODULE_CI
01-01 08:00:01.383 I/        ( 1102): [utopia info] register module: MODULE_GOP
01-01 08:00:01.383 I/        ( 1102): [utopia info] register module: MODULE_GFX
01-01 08:00:01.383 I/        ( 1102): [utopia info] register module: MODULE_TVENCODER
01-01 08:00:01.383 I/        ( 1102): [utopia info] register module: MODULE_XC
01-01 08:00:01.387 I/        ( 1102): [utopia info] register module: MODULE_MBX
01-01 08:00:01.387 I/        ( 1102): [utopia info] register module: MODULE_DIP
01-01 08:00:01.387 I/        ( 1102): [utopia info] register module: MODULE_PNL
01-01 08:00:01.387 I/        ( 1102): [utopia info] register module: MODULE_VBI
01-01 08:00:01.387 I/        ( 1102): [utopia info] register module: MODULE_ACE
01-01 08:00:01.387 I/        ( 1102): [utopia info] register module: MODULE_DLC
01-01 08:00:01.387 I/        ( 1102): [utopia info] register module: MODULE_IR
01-01 08:00:01.387 I/        ( 1102): [utopia info] register module: MODULE_SAR
01-01 08:00:01.391 I/        ( 1102): [utopia info] register module: MODULE_MIU
01-01 08:00:01.391 I/        ( 1102): [utopia info] register module: MODULE_PWS
01-01 08:00:01.391 I/        ( 1102): [utopia info] register module: MODULE_FLASH
01-01 08:00:01.391 I/        ( 1102): [utopia info] register module: MODULE_SEM
01-01 08:00:01.391 I/        ( 1102): [utopia info] register module: MODULE_SYS
01-01 08:00:01.391 I/        ( 1102): [utopia info] register module: MODULE_VDEC_EX
01-01 08:00:01.391 I/        ( 1102): [utopia info] register module: MODULE_MVOP
01-01 08:00:01.391 I/        ( 1102): [utopia info] register module: MODULE_AVD
01-01 08:00:01.395 I/        ( 1102): [utopia info] register module: MODULE_DMX
01-01 08:00:01.395 I/        ( 1102): [utopia info] register module: MODULE_RTC
01-01 08:00:01.395 I/        ( 1102): [utopia info] register module: MODULE_HWI2C
01-01 08:00:01.395 I/        ( 1102): [utopia info] register module: MODULE_UART
01-01 08:00:01.395 I/        ( 1102): [utopia info] register module: MODULE_PWM
01-01 08:00:01.395 I/        ( 1102): [utopia info] register module: MODULE_NJPEG_EX
01-01 08:00:01.395 I/        ( 1102): [utopia info] register module: MODULE_GPD
01-01 08:00:01.395 I/        ( 1102): [utopia info] register module: MODULE_MFE
01-01 08:00:01.395 I/        ( 1102): [utopia info] register module: MODULE_CPU
01-01 08:00:01.399 I/        ( 1102): [utopia info] register module: MODULE_MSPI
01-01 08:00:01.399 I/        ( 1102): [utopia info] register module: MODULE_DAC
01-01 08:00:01.399 I/        ( 1102): [utopia info] register module: MODULE_GPIO
01-01 08:00:01.399 D/MDnsDS  ( 1102): MDnsSdListener::Hander starting up
01-01 08:00:01.399 D/MDnsDS  ( 1102): MDnsSdListener starting to monitor
01-01 08:00:01.399 D/MDnsDS  ( 1102): Going to poll with pollCount 1
01-01 08:00:01.407 I/Netd    ( 1102): ifc_get_info 4163
01-01 08:00:01.407 I/Netd    ( 1102): action 4
01-01 08:00:01.407 I/Netd    ( 1102): IFF_RUNNING = true 
01-01 08:00:01.439 I/MiSysSrv( 1118): [1;31m[MI ERR ]: MI_ATOM_DISPOUT_GetHandle[1217]: Handle is not opened!
01-01 08:00:01.439 I/MiSysSrv( 1118): [0m[1;31m<<<MI_IMPL_DISPOUT_GetHandle[251] return ERR!
01-01 08:00:01.439 I/MiSysSrv( 1118): [0mAndroidServiceInitThread: Aout set output mute done 
01-01 08:00:01.439 I/MiSysSrv( 1118): AndroidServiceInitThread:audio init sucessed
01-01 08:00:01.439 E/MiDispoutService( 1251): in funciton dup line 576. invalid resource handle
01-01 08:00:01.439 I/MiSysSrv( 1118): joining to WDT.
01-01 08:00:01.439 D/DD      ( 1254): <1254>[dd_player][FUNC:_DD_Player_CreatTask LINE:933]Exit Success
01-01 08:00:01.439 E/MiDispoutService( 1251): in funciton dup line 576. invalid resource handle
01-01 08:00:01.439 D/DD      ( 1254): <1254>[dd_player][FUNC:DD_Player_Init LINE:1284]Exit Success
01-01 08:00:01.439 D/DD      ( 1254): <1254>[dd_audio][FUNC:DD_Audio_Init LINE:158]Enter
01-01 08:00:01.439 I/MiSysSrv( 1118): none MI_DBG_LVL_L in PROC_CMD_LINE!
01-01 08:00:01.439 I/MiSysSrv( 1118): none MI_DBG_LVL_H in PROC_CMD_LINE!
01-01 08:00:01.439 I/tvos    ( 1119): [0mMI_DISPOUT_DupHandle(_hDispouttemp,TRUE,&_hDispout) return FALSE,return = 3!!,/home/gaojie/Work/HeiLJ/Android-BUQ/android/MI_project/project/middleware/mi_mw_tvos/mw/mw_picture/MW_Picture.cpp,DispoutOpen,line=877
01-01 08:00:01.443 I/MiSysSrv( 1118): [MI_SYS_WDT] MI_WDT_INIT.....success
01-01 08:00:01.443 I/MiSysSrv( 1118): [1;31m[MI ERR ]: MI_ATOM_PM_GetHandle[1245]: PM module not opend
