01-01 08:00:01.911 D/DD      ( 1254): <1254>[dd_tuner][FUNC:DD_Tuner_AddCallback LINE:758]register the callback success ,0XBEE685FC!
01-01 08:00:01.911 D/DD      ( 1254): <1254>[dd_tuner][FUNC:DD_Tuner_AddCallback LINE:759]Exit Success
01-01 08:00:01.911 D/DvbNative( 1254): [1254]<[Tuner, Tuner(), 1431]> ### alloc tuner! tunerId=0, type=101(DVB_C), this=0xb8f17198
01-01 08:00:01.911 D/DvbNative( 1254): [1254]<[Tuner, Initialize(), 1537]> ### alloc tuner! tunerIdx=0, pTuner=0xb8f17198, tunerId=0
01-01 08:00:01.911 D/DvbNative( 1254): [1254]<[Demux, alloc(), 95]> ### prepare to alloc demux! user='Tuner-0'
01-01 08:00:01.911 D/DvbNative( 1254): [1254]<[Demux, _printDemuxInfo(), 77]> ### =========>>>>>>===== after alloc ok =====<<<<<<========= count=1
01-01 08:00:01.911 D/DvbNative( 1254): [1254]<[Demux, _printDemuxInfo(), 83]> ### Demux[0]: Used! owner=Tuner-0
01-01 08:00:01.911 D/DvbNative( 1254): [1254]<[Tuner, _checkConnectTuner(), 972]> ### auto connect tuner to demux! tunerId=0, demuxId=0
01-01 08:00:01.911 D/DD      ( 1254): <1254>[dd_demux][FUNC:DD_Demux_ConnectTuner LINE:102]Enter
01-01 08:00:01.911 D/DD      ( 1254): <1254>[dd_demux][FUNC:DD_Demux_ConnectTuner LINE:125]Exit Success
01-01 08:00:01.911 D/DvbNative( 1254): [1254]<[Tuner, Initialize(), 1542]> ### try to connect tuner with demux. tunerId=0, demuxId=0
01-01 08:00:01.911 D/DvbNative( 1254): [1254]<[Demux, freeze(), 166]> ### freeze tuner. demuxId=0
01-01 08:00:01.911 D/DvbNative( 1254): [1254]<[Tuner, _printTunerInfo(), 267]> ### =========>>>>>>===== tuner status =====<<<<<<========= count=1
01-01 08:00:01.911 D/DvbNative( 1254): [1254]<[Tuner, Initialize(), 1570]> ### <<<<<<<<< after initialize tuner instance(s) <<<<<<<<<
01-01 08:00:01.911 D/DvbNative( 1254): [1254]<[Tuner, Initialize(), 1575]> ### exit
01-01 08:00:01.911 D/DvbNative( 1254): [1254]<[Initializer, Initialize(), 727]> ### ===== prepare to initialize cas =====
01-01 08:00:01.911 D/DvbNative( 1254): [1254]<[CmnCasInterface, _globalInitialize(), 120]> ### [CFG] CatFilterTimeout=3000
01-01 08:00:01.911 D/DvbNative( 1254): [1254]<[CmnCasInterface, _globalInitialize(), 124]> ### [CFG] PmtFilterTimeout=3000
01-01 08:00:01.911 D/DvbNative( 1254): [1254]<[AVErrSm, _globalInitialize(), 74]> ### [CFG] AvErrTrdPtsLostMs=5000
01-01 08:00:01.911 D/DvbNative( 1254): [1254]<[AVErrSm, _globalInitialize(), 76]> ### [CFG] AvErrTrdPtsResumeMs=1000
01-01 08:00:01.911 D/DvbNative( 1254): [1254]<[AVErrSm, _globalInitialize(), 78]> ### [CFG] AvErrTrdTunerUnlockMs=3000
01-01 08:00:01.911 D/DvbNative( 1254): [1254]<[AVErrSm, _globalInitialize(), 80]> ### [CFG] AvErrTrdTunerLockMs=1000
01-01 08:00:01.911 D/DvbNative( 1254): [1254]<[AVErrSm, _globalInitialize(), 82]> ### [CFG] AvErrTrdCasErrorMs=3000
01-01 08:00:01.911 D/DvbNative( 1254): [1254]<[AVErrSm, _globalInitialize(), 84]> ### [CFG] AvErrTrdCasResumeMs=1000
01-01 08:00:01.911 D/DvbNative( 1254): [1254]<[AVErrSm, getInstance(), 99]> ### create instance. devId=0. existCnt=0
01-01 08:00:01.911 D/DvbNative( 1254): [1254]<[AVErrSm, AVErrSm(), 114]> ### enter! this=0xb8f2c068, devId=0
01-01 08:00:01.911 D/DvbNative( 1254): [1254]<[CmnCasInterface, getInstance(), 71]> ### ===== create CmnCas object ===== 
01-01 08:00:01.915 D/DvbNative( 1254): [1254]<[CmnCasInterface, CmnCasInterface(), 155]> ### write CAS category. key="ro.sys.cas.category" value="ShumaCAS"
01-01 08:00:01.915 D/DvbNative( 1254): [1254]<[CmnCasInterface, getInstance(), 75]> ### prepare to initialize CAS. obj=0xb8f2c0f8, type=262144
01-01 08:00:01.915 E/DvbNative( 1254): [1254][01;31m<[ConfigBase, getAsString(), 199]> [error] ### get config value failed! key=PrintDebugInfoSec[0m
01-01 08:00:01.915 D/DvbNative( 1254): [1254]<[CmnCasInterface, callMethod(), 242]> ### require cas api
01-01 08:00:01.915 D/DvbNative( 1254): [1254]<[CmnCasInterface, callMethod(), 287]> ### call method! token=0, method=ShumaMethod_Initialize, callCnt=1, pInParcel=0x0, pOutParcel=0x0 
01-01 08:00:01.915 D/DvbNative( 1254): [1254]<[CasApi, _CasMethod_ShumaMethod_Initialize(), 537]> ### initialize cas! 
01-01 08:00:01.915 D/CAS     ( 1254): [1254][427858418[CAS] WARNING: Use Default init param [CA05_V200_01.03.0027_L5170].
01-01 08:00:01.915 D/CAS     ( 1254): [1254][427858418[CAS] CAS_Interface_Init OK.
01-01 08:00:01.915 D/CAS     ( 1254): [1254][427858418[CAS OS] CAS_OS_Init Called.
01-01 08:00:01.915 D/DD      ( 1254): [DD_OS_ThreadCreate]name = CANvmTask,nPriority = 200,nStackSize = 0x1000
01-01 08:00:01.915 D/CAS     ( 1254): [1254][427858418[CAS] CA_GetNvmISO [Size:0x8078].
01-01 08:00:01.955 D/dalvikvm( 1105): GC_FOR_ALLOC freed 112K, 9% free 1298K/1412K, paused 10ms, total 10ms
01-01 08:00:02.003 D/DD      ( 1254): <1571>[dd_tuner][FUNC:dd_tuner_task LINE:368]Not Start!
01-01 08:00:02.103 D/DD      ( 1254): <1571>[dd_tuner][FUNC:dd_tuner_task LINE:368]Not Start!
01-01 08:00:02.155 I/LibraryLoader( 1105): Loading: webviewchromium
01-01 08:00:02.203 D/DD      ( 1254): <1571>[dd_tuner][FUNC:dd_tuner_task LINE:368]Not Start!
01-01 08:00:02.247 I/MiSysSrv( 1118): [0mdevice_audio_amp_MSH9010:: Mute set unMute !
01-01 08:00:02.247 I/MiSysSrv( 1118): none MI_DBG_LVL_L in PROC_CMD_LINE!
01-01 08:00:02.247 I/MiSysSrv( 1118): none MI_DBG_LVL_H in PROC_CMD_LINE!
01-01 08:00:02.307 D/DD      ( 1254): <1571>[dd_tuner][FUNC:dd_tuner_task LINE:368]Not Start!
01-01 08:00:02.319 I/LibraryLoader( 1105): Time to load native libraries: 163 ms (timestamps 2159-2322)
01-01 08:00:02.319 I/LibraryLoader( 1105): Expected native library version number "",actual native library version number ""
01-01 08:00:02.407 D/DD      ( 1254): <1571>[dd_tuner][FUNC:dd_tuner_task LINE:368]Not Start!
01-01 08:00:02.507 D/DD      ( 1254): <1571>[dd_tuner][FUNC:dd_tuner_task LINE:368]Not Start!
01-01 08:00:02.583 D/dalvikvm( 1105): GC_FOR_ALLOC freed 180K, 11% free 1614K/1804K, paused 12ms, total 13ms
01-01 08:00:02.607 D/DD      ( 1254): <1571>[dd_tuner][FUNC:dd_tuner_task LINE:368]Not Start!
01-01 08:00:02.707 D/DD      ( 1254): <1571>[dd_tuner][FUNC:dd_tuner_task LINE:368]Not Start!
01-01 08:00:02.747 D/dalvikvm( 1105): GC_FOR_ALLOC freed 269K, 13% free 1858K/2128K, paused 16ms, total 16ms
01-01 08:00:02.807 D/DD      ( 1254): <1571>[dd_tuner][FUNC:dd_tuner_task LINE:368]Not Start!
01-01 08:00:02.827 D/dalvikvm( 1105): GC_FOR_ALLOC freed 267K, 12% free 2101K/2372K, paused 20ms, total 20ms
01-01 08:00:02.883 W/Zygote  ( 1105): Class not found for preloading: java.lang.UnsafeByteSequence
01-01 08:00:02.907 D/DD      ( 1254): <1571>[dd_tuner][FUNC:dd_tuner_task LINE:368]Not Start!
01-01 08:00:02.915 D/CAS     ( 1254): [1254][427858519[CAS NVM] Start Check Format!
01-01 08:00:02.919 D/CAS     ( 1254): [1254][427858519[CAS NVM] Check Format OK!
01-01 08:00:02.919 D/CAS     ( 1254): [1254][427858519[CAS NVM] Start Check Format!
01-01 08:00:02.919 D/CAS     ( 1254): [1254][427858519[CAS NVM] Check Format OK!
01-01 08:00:02.919 D/CAS     ( 1254): [1254][427858519[CAS NVM] Nvm Init OK.
01-01 08:00:02.919 D/DD      ( 1254): [DD_OS_ThreadCreate]name = CASDEMUX,nPriority = 100,nStackSize = 0x80000
01-01 08:00:02.919 D/CAS     ( 1254): [1254][427858519[CAS DMX] DEMUX Init OK.
01-01 08:00:02.919 D/DD      ( 1254): <1254>[dd_descramble][FUNC:DDErrorCode DD_DSM_Init() LINE:163]Enter
01-01 08:00:02.919 I/MiSysSrv( 1118): [HAL_DSCMB_SetBank][265] Set bank 0x9e6ff000
01-01 08:00:02.919 D/DD      ( 1254): <1254>[dd_descramble][FUNC:DDErrorCode DD_DSM_Init() LINE:188]Exit Success
01-01 08:00:02.919 D/CAS     ( 1254): [1254][427858519[CAS] Service Init OK.
01-01 08:00:02.919 D/CAS     ( 1254): [1254][427858519[CAS] DVTCASTB_Init Start. gCAParallelCount 2
01-01 08:00:02.919 D/CAS     ( 1254): [1254][427858519[CAS OS] Sema Init  B8F2FA38!!!
01-01 08:00:02.919 D/CAS     ( 1254): [1254][427858519[CAS OS] Sema Init  B8F2FA58!!!
01-01 08:00:02.919 D/CAS     ( 1254): [1254][427858519[CAS OS] Sema Init  B8F2FB88!!!
01-01 08:00:02.919 D/CAS     ( 1254): [1254][427858519[CAS OS] Sema Init  B8F2FBB8!!!
01-01 08:00:02.919 D/CAS     ( 1254): [1254][427858519[CAS OS] Sema Init  B8F2FBE8!!!
01-01 08:00:02.919 D/CAS     ( 1254): [1254][427858519[CAS OS] Sema Init  B8F2FC18!!!
01-01 08:00:02.919 D/CAS     ( 1254): [1254][427858519[CAS OS] Sema Init  B8F2FC48!!!
01-01 08:00:02.919 D/CAS     ( 1254): [1254][427858519[CAS OS] Sema Init  B8F2FC78!!!
01-01 08:00:02.919 D/CAS     ( 1254): [1254][427858519[CAS OS] Sema Init  B8F2FC98!!!
01-01 08:00:02.919 D/CAS     ( 1254): [1254][427858519[CAS OS] Sema Init  B8F2FCD8!!!
01-01 08:00:02.919 D/CAS     ( 1254): [1254][427858519[CAS OS] Sema Init  B8F2FD08!!!
01-01 08:00:02.919 D/CAS     ( 1254): [1254][427858519[CAS OS] Sema Init  B8F2FD38!!!
01-01 08:00:02.919 D/CAS     ( 1254): [1254][427858519[CAS OS] Sema Init  B8F2FD68!!!
01-01 08:00:02.919 D/CAS     ( 1254): [1254][427858519[DVT LIB] 
01-01 08:00:02.919 D/CAS     ( 1254):  Sumavision Date:Dec 14 2015 00:47:04  Version:022824001315121408 
01-01 08:00:02.919 D/CAS     ( 1254): 
01-01 08:00:02.919 D/CAS     ( 1254): [1254][427858519[CAS NVM] DVTSTBCA_GetDataFromEeprom, Lenth [72].
01-01 08:00:02.919 D/CAS     ( 1254): [1254][427858519[CAS NVM] DVTSTBCA_GetDataBufferAddr, Addr B44D9E0C, Size 0x8000.
01-01 08:00:02.919 D/CAS     ( 1254): [1254][427858519[CAS NVM] DVTSTBCA_ReadDataBuffer, Addr B44D9E0C[120].
01-01 08:00:02.919 D/CAS     ( 1254): [1254][427858519[CAS NVM] DVTSTBCA_ReadDataBuffer, Addr B44D9E84[20484].
01-01 08:00:02.923 D/CAS     ( 1254): [1254][427858519[CAS NVM] DVTSTBCA_ReadDataBuffer, Addr B44DEE88[1208].
01-01 08:00:02.923 D/CAS     ( 1254): [1254][427858519[CAS NVM] DVTSTBCA_ReadDataBuffer, Addr B44DF340[8].
01-01 08:00:02.923 D/CAS     ( 1254): [1254][427858519[CAS NVM] DVTSTBCA_ReadDataBuffer, Addr B44DF348[408].
01-01 08:00:02.923 D/CAS     ( 1254): [1254][427858519[CAS NVM] DVTSTBCA_ReadDataBuffer, Addr B44DF4E0[2008].
01-01 08:00:02.923 D/CAS     ( 1254): [1254][427858519[CAS NVM] DVTSTBCA_ReadDataBuffer, Addr B44DFCB8[12].
01-01 08:00:02.923 D/CAS     ( 1254): [1254][427858519[CAS NVM] DVTSTBCA_ReadDataBuffer, Addr B44DFCC4[8].
01-01 08:00:02.923 D/CAS     ( 1254): [1254][427858519[CAS NVM] DVTSTBCA_ReadDataBuffer, Addr B44DFCCC[2944].
01-01 08:00:02.927 D/DD      ( 1254): [DD_OS_ThreadCreate]name = CAS_Task,nPriority = 100,nStackSize = 0x1000
01-01 08:00:02.927 D/CAS     ( 1254): [1254][427858520[CAS OS] Create Task [DVTEcm_DisposeTask][P:101].
01-01 08:00:02.927 D/DD      ( 1254): [DD_OS_ThreadCreate]name = CAS_Task,nPriority = 101,nStackSize = 0x1000
01-01 08:00:02.927 D/CAS     ( 1254): [1254][427858520[CAS OS] Create Task [DVTEmm_ReceivingTask][P:102].
01-01 08:00:02.927 D/DD      ( 1254): [DD_OS_ThreadCreate]name = CAS_Task,nPriority = 102,nStackSize = 0x1000
01-01 08:00:02.927 D/CAS     ( 1254): [1254][427858520[CAS OS] Create Task [DVTEmm_DisposeTask][P:103].
01-01 08:00:02.927 D/DD      ( 1254): [DD_OS_ThreadCreate]name = CAS_Task,nPriority = 103,nStackSize = 0x1000
01-01 08:00:02.927 D/CAS     ( 1254): [1254][427858520[CAS OS] Create Task [DVTMsg_OSDTask][P:104].
01-01 08:00:02.927 D/DD      ( 1254): [DD_OS_ThreadCreate]name = CAS_Task,nPriority = 104,nStackSize = 0x1000
01-01 08:00:02.927 D/CAS     ( 1254): [1254][427858520[CAS OS] Create Task [DVTMsg_FingerPrintTask][P:105].
01-01 08:00:02.927 D/CAS     ( 1254): [1254][427858520[CAS] DVTCASTB_Init OK. caParallelCnt 2
01-01 08:00:02.927 D/CAS     ( 1254): [1254][427858520[CAS SC] CAS_SCard_Init.
01-01 08:00:02.927 D/DD      ( 1254): [DD_OS_ThreadCreate]name = CASCTask,nPriority = 200,nStackSize = 0x1000
01-01 08:00:02.927 D/DD      ( 1254): <1254>[dd_smartcard][FUNC:DD_SMC_Open LINE:219]Enter
01-01 08:00:02.927 D/DD      ( 1254): <1254>[dd_smartcard][FUNC:DD_SMC_Open LINE:290]SMC freq=[0]
01-01 08:00:02.927 D/DD      ( 1254): <1254>[dd_smartcard][FUNC:DD_SMC_Open LINE:331]DD_SMC_SetParams is NOT called !!!
01-01 08:00:02.931 I/MiSysSrv( 1118): HAL_SC_Init In
01-01 08:00:02.931 I/MiSysSrv( 1118): Do reg_sm0_open
01-01 08:00:02.931 I/MiSysSrv( 1118): HAL_SC_SetClk,221
01-01 08:00:02.931 I/MiSysSrv( 1118): 3080
01-01 08:00:02.943 I/MiSysSrv( 1118): Send EVENT_NOTIFY_TEMPLATE
01-01 08:00:02.943 D/DD      ( 1254): <1375>[dd_smartcard][FUNC:_SmcCallbackFunc LINE:127]Enter
01-01 08:00:02.955 I/Netd    ( 1102): ifc_get_info 4163
01-01 08:00:02.955 I/Netd    ( 1102): action 6
01-01 08:00:02.955 D/dalvikvm( 1105): GC_FOR_ALLOC freed 304K, 12% free 2315K/2624K, paused 25ms, total 25ms
01-01 08:00:02.975 D/CAS     ( 1254): [1254][427858524[CAS SC0] SCARD Insert!
01-01 08:00:02.975 D/DD      ( 1254): <1254>[dd_smartcard][FUNC:DD_SMC_Open LINE:422]CallBack DD_SMC_IN Happened.
01-01 08:00:02.975 D/DD      ( 1254): <1254>[dd_smartcard][FUNC:DD_SMC_Open LINE:428]bIsCardIn = 1
01-01 08:00:02.975 D/DD      ( 1254): <1254>[dd_smartcard][FUNC:DD_SMC_Open LINE:431]Exit Success
01-01 08:00:02.975 D/CAS     ( 1254): [1580][427858524[CAS SC0] SCARD Get Reset Sema!
01-01 08:00:02.975 D/CAS     ( 1254): [1580][427858524[CAS SC0] DD_SMC_Reset Called!
01-01 08:00:02.975 W/DvbNative( 1254): [1580]<[CasApi, callbackProxy(), 1321]> [warn] ### not callback register! 
01-01 08:00:02.975 D/CAS     ( 1254): [1580][427858524[CAS] Send UI Callback 0x1000!!!
01-01 08:00:02.975 D/DD      ( 1254): <1580>[dd_smartcard][FUNC:DD_SMC_Reset LINE:473]Enter
01-01 08:00:02.975 I/MiSysSrv( 1118): HAL_SC_SetClk,221
01-01 08:00:02.975 I/MiSysSrv( 1118): 8
01-01 08:00:02.983 E/DvbNative( 1254): [1254][01;31m<[CasApi, SaveCasInfos(), 126]> [error] ### read smart card info failed! ret=0, status=255[0m
01-01 08:00:02.983 D/DvbNative( 1254): [1254]<[CmnCasInterface, saveCasInfo(), 1069]> ### [ShumaCAS] save smart card serial number = 0
01-01 08:00:02.987 D/DvbNative( 1254): [1254]<[CmnCasInterface, saveCasInfo(), 1092]> ### [ShumaCAS] save card area code = 0
01-01 08:00:02.987 D/DvbNative( 1254): [1254]<[CasApi, SaveCasInfos(), 133]> ### SaveCasInfos card out
01-01 08:00:02.991 D/DvbNative( 1254): [1254]<[CmnCasInterface, getInstance(), 79]> ### initialize ok. obj=0xb8f2c0f8, type=262144
01-01 08:00:02.991 D/DvbNative( 1254): [1254]<[Initializer, Initialize(), 731]> ### get cas instance! category=ShumaCAS
01-01 08:00:02.991 D/DvbNative( 1254): [1254]<[Initializer, _IPOTA_ScardSnChanged(), 610]> ### scard sn changed! scardSn=''
01-01 08:00:02.991 E/DvbNative( 1254): [1254][01;31m<[ConfigBase, getAsString(), 199]> [error] ### get config value failed! key=PrintDebugInfoSec[0m
01-01 08:00:02.991 D/DvbNative( 1254): [1254]<[BootErrDetect, startRunning(), 284]> ### disable bootup error detection!
01-01 08:00:02.991 D/DvbNative( 1254): [1254]<[Initializer, _IPOTA_UpdateInfoPropertyAfterInit(), 555]> ### persist.sys.IpOta.HwVer : '01.01.05.41'
01-01 08:00:02.991 D/DvbNative( 1254): [1254]<[Initializer, _IPOTA_UpdateInfoPropertyAfterInit(), 567]> ### persist.sys.IpOta.SwVer : '00.00.03.06'
01-01 08:00:02.995 E/DvbNative( 1254): [1254][01;31m<[Initializer, _IPOTA_UpdateInfoPropertyAfterInit(), 599]> [error] ### parser stb sn failed! SN='280a0e1020fe13012e31001a170a0e3563412ef00fe11a020e2'[0m
01-01 08:00:02.995 D/DvbNative( 1254): [1254]<[Initializer, Initialize(), 801]> ### #######################################################
01-01 08:00:02.995 D/DvbNative( 1254): [1254]<[Initializer, Initialize(), 802]> ### ################     Initialize end     ###############
01-01 08:00:02.995 D/DvbNative( 1254): [1254]<[Initializer, Initialize(), 803]> ### #######################################################
01-01 08:00:02.995 D/DvbNative( 1254): [1254]<[CmnService, instantiate(), 703]> ### ===>>>>>>>>>>[3] start ServiceStub
01-01 08:00:02.995 I/DvbNative( 1254): [1254]before initialize module Unspecific
01-01 08:00:02.995 E/DvbNative( 1254): [1254][01;31m<[ModuleProxy, globalInitialize(), 141]> [error] ### leak module, please check!!! module=Unspecific[0m
01-01 08:00:02.995 I/DvbNative( 1254): [1254]after initialize module Unspecific
01-01 08:00:02.995 I/DvbNative( 1254): [1254]before initialize module BootupActions
01-01 08:00:02.995 I/DvbNative( 1254): [1254]after initialize module BootupActions
01-01 08:00:02.995 I/DvbNative( 1254): [1254]before initialize module LivePlay
01-01 08:00:02.995 I/DvbNative( 1254): [1254]after initialize module LivePlay
01-01 08:00:02.995 I/DvbNative( 1254): [1254]before initialize module RawPlay
01-01 08:00:02.995 I/DvbNative( 1254): [1254]after initialize module RawPlay
01-01 08:00:02.995 I/DvbNative( 1254): [1254]before initialize module LiveSearch
01-01 08:00:02.995 V/DvbNative( 1254): [1254]<[MGExt_LiveSearch, MGExt_LiveSearch(), 30]> ### ========= trace =========
01-01 08:00:02.995 I/DvbNative( 1254): [1254]after initialize module LiveSearch
01-01 08:00:02.995 I/DvbNative( 1254): [1254]before initialize module CAS
01-01 08:00:02.995 I/DvbNative( 1254): [1254]after initialize module CAS
01-01 08:00:02.995 I/DvbNative( 1254): [1254]before initialize module Epg
01-01 08:00:02.995 I/DvbNative( 1254): [1254]after initialize module Epg
01-01 08:00:02.995 I/DvbNative( 1254): [1254]before initialize module Bouquet
01-01 08:00:02.995 I/DvbNative( 1254): [1254]after initialize module Bouquet
01-01 08:00:02.995 I/DvbNative( 1254): [1254]before initialize module SystemInfo
01-01 08:00:02.995 I/DvbNative( 1254): [1254]after initialize module SystemInfo
01-01 08:00:02.995 I/DvbNative( 1254): [1254]before initialize module SystemControl
01-01 08:00:02.995 I/DvbNative( 1254): [1254]after initialize module SystemControl
01-01 08:00:02.995 I/DvbNative( 1254): [1254]before initialize module DvbUpdate
01-01 08:00:02.995 I/DvbNative( 1254): [1254]after initialize module DvbUpdate
01-01 08:00:02.995 I/DvbNative( 1254): [1254]before initialize module IVIP
01-01 08:00:02.995 E/DvbNative( 1254): [1254][01;31m<[ModuleProxy, globalInitialize(), 141]> [error] ### leak module, please check!!! module=IVIP[0m
01-01 08:00:02.995 I/DvbNative( 1254): [1254]after initialize module IVIP
01-01 08:00:02.995 I/DvbNative( 1254): [1254]before initialize module OcDcDownLoad
01-01 08:00:02.995 I/DvbNative( 1254): [1254]after initialize module OcDcDownLoad
01-01 08:00:02.995 I/DvbNative( 1254): [1254]before initialize module Star
01-01 08:00:02.995 E/DvbNative( 1254): [1254][01;31m<[ModuleProxy, globalInitialize(), 141]> [error] ### leak module, please check!!! module=Star[0m
01-01 08:00:02.995 I/DvbNative( 1254): [1254]after initialize module Star
01-01 08:00:02.995 I/DvbNative( 1254): [1254]before initialize module PesFilter
01-01 08:00:02.995 D/DvbNative( 1254): [1254]<[MGExt_PesFilter, MGExt_PesFilter(), 239]> ### enter! this=0xb8f32390
01-01 08:00:02.995 D/DvbNative( 1254): [1254]<[MGExt_PesFilter, _globalInitialize(), 255]> ### [CFG] ApiMaxPesFilterCnt=8
01-01 08:00:02.995 I/DvbNative( 1254): [1254]after initialize module PesFilter
01-01 08:00:02.995 I/DvbNative( 1254): [1254]before initialize module SectionFilter
01-01 08:00:02.995 D/DvbNative( 1254): [1254]<[MGExt_SectionFilter, MGExt_SectionFilter(), 259]> ### enter! this=0xb8f323a0
01-01 08:00:02.995 D/DvbNative( 1254): [1254]<[MGExt_SectionFilter, _globalInitialize(), 275]> ### [CFG] ApiMaxSectionFilterCnt=8
01-01 08:00:02.995 I/DvbNative( 1254): [1254]after initialize module SectionFilter
01-01 08:00:02.995 I/DvbNative( 1254): [1254]before initialize module PvrRecord
01-01 08:00:02.995 E/DvbNative( 1254): [1254][01;31m<[ModuleProxy, globalInitialize(), 141]> [error] ### leak module, please check!!! module=PvrRecord[0m
01-01 08:00:02.995 I/DvbNative( 1254): [1254]after initialize module PvrRecord
01-01 08:00:02.995 I/DvbNative( 1254): [1254]before initialize module PvrPlayback
01-01 08:00:02.995 E/DvbNative( 1254): [1254][01;31m<[ModuleProxy, globalInitialize(), 141]> [error] ### leak module, please check!!! module=PvrPlayback[0m
01-01 08:00:02.995 I/DvbNative( 1254): [1254]after initialize module PvrPlayback
01-01 08:00:02.995 I/DvbNative( 1254): [1254]before initialize module PvrPlaybackList
01-01 08:00:02.995 E/DvbNative( 1254): [1254][01;31m<[ModuleProxy, globalInitialize(), 141]> [error] ### leak module, please check!!! module=PvrPlaybackList[0m
01-01 08:00:02.995 I/DvbNative( 1254): [1254]after initialize module PvrPlaybackList
01-01 08:00:02.995 I/DvbNative( 1254): [1254]before initialize module MosaicCapture
01-01 08:00:02.995 I/DvbNative( 1254): [1254]after initialize module MosaicCapture
01-01 08:00:02.995 I/DvbNative( 1254): [1254]before initialize module MosaicPlay
01-01 08:00:02.995 I/DvbNative( 1254): [1254]after initialize module MosaicPlay
01-01 08:00:02.995 I/DvbNative( 1254): [1254]before initialize module Resource
01-01 08:00:02.995 I/DvbNative( 1254): [1254]after initialize module Resource
01-01 08:00:02.995 I/DvbNative( 1254): [1254]before initialize module Adv
01-01 08:00:02.995 I/DvbNative( 1254): [1254]after initialize module Adv
01-01 08:00:02.995 D/DvbNative( 1254): [1584]<[MGExt_Adv, onThreadWorking(), 169]> ### boot process start!
01-01 08:00:02.995 D/DvbNative( 1254): [1584]<[MGExt_Adv, onThreadWorking(), 176]> ### install key complete in bootup
01-01 08:00:02.995 D/EventHub( 1254): No input device configuration file found for device 'vinput'.
01-01 08:00:02.999 D/DvbNative( 1254): [1254]<[CmnService, instantiate(), 706]> ### ===>>>>>>>>>>[4] start PropertyStub
01-01 08:00:02.999 D/DvbNative( 1254): [1254]<[CmnService, instantiate(), 708]> ### <<<<<========== all have been started
01-01 08:00:02.999 D/DvbNative( 1254): [1254]<[main_dvbserver, main(), 64]> ### start bootup actions
01-01 08:00:02.999 D/DvbNative( 1254): [1254]<[BootupActions, _globalInitialize(), 58]> ### prepare to initialize! 
01-01 08:00:02.999 D/DvbNative( 1254): [1254]<[BootupActions, _globalInitialize(), 70]> ### initialize end! 
01-01 08:00:02.999 D/DvbNative( 1254): [1254]<[BootupActions, startActions(), 655]> ### prepare to start bootup actions
01-01 08:00:03.003 D/DvbNative( 1254): [1254]<[BootupActions, startActions(), 667]> ### database location is /dvb/databases/dvb/dvb 
01-01 08:00:03.003 D/DvbNative( 1254): [1587]<[PropertyStub, onThreadWorking(), 1392]> ### enter PropertyStub's working thread
01-01 08:00:03.003 D/DvbNative( 1254): [1587]<[PropertyStub, registerPropertyCmd(), 1326]> ### register property command. key=sys.Standby, proc=0xb6e847f5
01-01 08:00:03.003 D/DvbNative( 1254): [1587]<[PropertyStub, registerPropertyCmd(), 1326]> ### register property command. key=sys.SimuStandBy, proc=0xb6e84369
01-01 08:00:03.003 D/DvbNative( 1254): [1587]<[PropertyStub, registerPropertyCmd(), 1326]> ### register property command. key=persist.sys.GraphicAlpha, proc=0xb6e84051
01-01 08:00:03.003 D/DvbNative( 1254): [1254]<[BootupActions, startActions(), 671]> ### check database Ok!
01-01 08:00:03.003 D/DvbNative( 1254): [1587]<[PropertyStub, registerPropertyCmd(), 1326]> ### register property command. key=persist.sys.TotSwitcher, proc=0xb6e82fcd
01-01 08:00:03.003 D/DvbNative( 1254): [1254]<[BootupActions, startActions(), 695]> ### ota work mode is ''
01-01 08:00:03.003 D/DvbNative( 1254): [1254]<[BootupActions, startActions(), 708]> ### need detect OTA update! param=227000:6875:3:8000, freqKHz=227000, symbKHz=6875, modu=3, timeoutMs=8000 
01-01 08:00:03.003 D/DvbNative( 1254): [1254]<[BootupActions, startActions(), 734]> ### need detect ServList update! param=227000:6875:3:8000, freqKHz=227000, symbKHz=6875, modu=3, timeoutMs=8000 
01-01 08:00:03.003 D/DvbNative( 1254): [1254]<[BootupActions, _getNitVersion(), 561]> ### database location is /dvb/databases/dvb/dvb 
01-01 08:00:03.003 D/DvbNative( 1254): [1254]<[BootupActions, _getNitVersion(), 580]> ### searchNitVerByFre: search tb Data_Transponders, the freqencyKhz is 227000 
01-01 08:00:03.003 D/DvbNative( 1254): [1587]<[PropertyStub, registerPropertyCmd(), 1326]> ### register property command. key=persist.sys.TdtSwitcher, proc=0xb6e82c09
01-01 08:00:03.003 D/DvbNative( 1254): [1587]<[PropertyStub, registerPropertyCmd(), 1326]> ### register property command. key=sys.cmd.FpLed, proc=0xb6e84ad5
01-01 08:00:03.007 D/DD      ( 1254): <1571>[dd_tuner][FUNC:dd_tuner_task LINE:368]Not Start!
01-01 08:00:03.007 D/DvbNative( 1254): [1587]<[PropertyStub, registerPropertyCmd(), 1326]> ### register property command. key=sys.cmd.SystemCall, proc=0xb6e823b9
01-01 08:00:03.007 D/DvbNative( 1254): [1587]<[PropertyStub, registerPropertyCmd(), 1326]> ### register property command. key=sys.cmd.BackupDvbDatabase, proc=0xb6e83dbd
01-01 08:00:03.007 D/DvbNative( 1254): [1587]<[PropertyStub, registerPropertyCmd(), 1326]> ### register property command. key=sys.cmd.resume.db.file, proc=0xb6e85255
01-01 08:00:03.007 D/DvbNative( 1254): [1587]<[PropertyStub, registerPropertyCmd(), 1326]> ### register property command. key=sys.cmd.resume.db.xml, proc=0xb6e84ce5
01-01 08:00:03.007 D/DvbNative( 1254): [1587]<[PropertyStub, registerPropertyCmd(), 1326]> ### register property command. key=sys.cmd.ApkInstall, proc=0xb6e83cad
01-01 08:00:03.007 D/DvbNative( 1254): [1587]<[PropertyStub, registerPropertyCmd(), 1326]> ### register property command. key=sys.cmd.TunerLock, proc=0xb6e86a75
01-01 08:00:03.007 D/DvbNative( 1254): [1587]<[PropertyStub, registerPropertyCmd(), 1326]> ### register property command. key=sys.cmd.VideoZOrder, proc=0xb6e83969
01-01 08:00:03.007 D/DvbNative( 1254): [1587]<[PropertyStub, registerPropertyCmd(), 1326]> ### register property command. key=sys.cmd.TsRecorder, proc=0xb6e85b2d
01-01 08:00:03.007 D/DvbNative( 1254): [1587]<[PropertyStub, registerPropertyCmd(), 1326]> ### register property command. key=sys.cmd.Upgrade, proc=0xb6e83675
01-01 08:00:03.007 D/DvbNative( 1254): [1587]<[PropertyStub, registerPropertyCmd(), 1326]> ### register property command. key=sys.cmd.CasLibSwitch, proc=0xb6e83391
01-01 08:00:03.007 D/DvbNative( 1254): [1587]<[PropertyStub, onThreadWorking(), 1416]> ### prepare to listen property command
01-01 08:00:03.015 W/EventHub( 1254): Unable to disable kernel key repeat for /dev/input/event2: Function not implemented
01-01 08:00:03.015 I/EventHub( 1254): New device: id=1, fd=32, path='/dev/input/event2', name='vinput', classes=0x8000006f, configuration='', keyLayout='/system/usr/keylayout/Generic.kl', keyCharacterMap='/system/usr/keychars/Generic.kcm', builtinKeyboard=false, usingSuspendBlockIoctl=false, usingClockIoctl=true
01-01 08:00:03.015 E/EventHub( 1254): could not get driver version for /dev/input/mouse1, Not a typewriter
01-01 08:00:03.023 D/DvbNative( 1254): [1254]<[BootupActions, _getNitVersion(), 605]> ### searchNitVerByFre: search tb Data_Networks, the networkid is 1 
01-01 08:00:03.027 D/DvbNative( 1254): [1254]<[BootupActions, _getNitVersion(), 622]> ### search db success, NIT version is -1
01-01 08:00:03.027 E/DvbNative( 1254): [1254][01;31m<[BootupActions, startActions(), 744]> [error] ### get NIT version failed! NitVersion=4294967295[0m
01-01 08:00:03.027 D/DvbNative( 1254): [1363]<[BootupActions, _msgProc_StartBootupDetect(), 274]> ### prepare to start OTA upgrade detect! detectTpFlag=0x1, lockParam={tp=<227000,6875,3>, usbLnb=0}
01-01 08:00:03.027 V/DvbNative( 1254): [1363]<[Detector, startDetectTp(), 656]> ### ========= trace =========
01-01 08:00:03.027 D/DvbNative( 1254): [1363]<[Detector, startDetectTp(), 693]> ### [CFG] parser ota pid convert! cfg=41=8112;45=8114;39=8116;50=8120;46=8118;55=8122 
01-01 08:00:03.027 D/DvbNative( 1254): [1363]<[Detector, startDetectTp(), 704]> ### [CFG] parser ota pid  manufactureId=39,otaPid=8116
01-01 08:00:03.027 D/DvbNative( 1254): [1363]<[Detector, startDetectTp(), 704]> ### [CFG] parser ota pid  manufactureId=41,otaPid=8112
01-01 08:00:03.027 D/DvbNative( 1254): [1363]<[Detector, startDetectTp(), 704]> ### [CFG] parser ota pid  manufactureId=45,otaPid=8114
01-01 08:00:03.027 D/DvbNative( 1254): [1363]<[Detector, startDetectTp(), 704]> ### [CFG] parser ota pid  manufactureId=46,otaPid=8118
01-01 08:00:03.027 D/DvbNative( 1254): [1363]<[Detector, startDetectTp(), 704]> ### [CFG] parser ota pid  manufactureId=50,otaPid=8120
01-01 08:00:03.031 D/DvbNative( 1254): [1363]<[Detector, startDetectTp(), 704]> ### [CFG] parser ota pid  manufactureId=55,otaPid=8122
01-01 08:00:03.031 D/DvbNative( 1254): [1363]<[Detector, startDetectTp(), 710]> ### [CFG] parser ota pid convert end! count=6
01-01 08:00:03.031 D/DvbNative( 1254): [1363]<[Detector, startDetectTp(), 713]> ### [CFG] parser ota pid convert end! srcBoxId=41
01-01 08:00:03.031 D/DvbNative( 1254): [1363]<[Detector, startDetectTp(), 722]> ### ota pid converted! manufactureId=41, otaPid=8112
01-01 08:00:03.031 D/DvbNative( 1254): [1363]<[BootupActions, _msgProc_StartBootupDetect(), 299]> ### current detect timeout is 8000
01-01 08:00:03.031 V/DvbNative( 1254): [1363]<[IProgramRegionControl, IProgramRegionControl(), 505]> ### ========= trace =========
01-01 08:00:03.031 D/DvbNative( 1254): [1363]<[IProgramRegionControl, IProgramRegionControl(), 509]> ### mCasRegionCode=0
01-01 08:00:03.031 D/DvbNative( 1254): [1363]<[IProgramRegionControl, IProgramRegionControl(), 520]> ### ### program follow version is 255
01-01 08:00:03.035 D/DvbNative( 1254): [1363]<[BootupActions, _msgProc_DectFollowProTable(), 631]> ### after IProgramRegionControl::getInstance();
01-01 08:00:03.035 V/DvbNative( 1254): [1363]<[Detector, _msgProc_StartDetectTp(), 335]> ### ========= trace =========
01-01 08:00:03.035 D/DvbNative( 1254): [1363]<[Tuner, _printTunerInfo(), 267]> ### =========>>>>>>===== force lock tuner request =====<<<<<<========= count=1
01-01 08:00:03.035 D/DvbNative( 1254): [1363]<[Tuner, ForceLock(), 1912]> ### request to lock: tpParam=<227000,6875,3,4294967295>, useLnb=0, lnbParam=<18,0,4294967295,4294967295,0,0,0,0,0,255,0>
01-01 08:00:03.035 D/DvbNative( 1254): [1363]<[Tuner, ForceLock(), 2006]> ### try to force lock tuner. tunerId=0, status=Unlock(3)
01-01 08:00:03.035 D/DvbNative( 1254): [1363]<[Tuner, _tunerTuneInner(), 459]> ### enter! tunerId=0, type=101, NestUseCount=0, tpParam=<227000,6875,3,4294967295>, useLnb=0, lnbParam=<18,0,4294967295,4294967295,0,0,0,0,0,255,0>
01-01 08:00:03.035 D/DvbNative( 1254): [1363]<[Tuner, _tunerTuneInner(), 603]> ### configure DVBC/C2 tune parameters. type=101(DVB_C)
01-01 08:00:03.035 D/DvbNative( 1254): [1363]<[Tuner, _tunerTuneInner(), 619]> ### DD param: uFrequency=227000, uSymbolRate=6875000, uModulation=3
01-01 08:00:03.035 D/DD      ( 1254): <1363>[dd_tuner][FUNC:DD_Tuner_AddCallback LINE:721]Enter
01-01 08:00:03.035 D/DD      ( 1254): <1363>[dd_tuner][FUNC:DD_Tuner_AddCallback LINE:743]the callback is already register!
01-01 08:00:03.035 D/DD      ( 1254): <1363>[dd_tuner][FUNC:DD_Tuner_AddCallback LINE:744]Exit Success
01-01 08:00:03.035 D/DD      ( 1254): <1363>[dd_tuner][FUNC:DD_Tuner_Connect LINE:581]Enter
01-01 08:00:03.035 D/DD      ( 1254): <1363>[dd_tuner][FUNC:DD_Tuner_Connect LINE:605]frq 227000, QAM 3, SymbolRate 6875000, dwTunerId 0
01-01 08:00:03.043 I/MiSysSrv( 1118): [DTV_SetTune][665][MXL608]hy_tuner [tune]Freq:227.000000,eBandWidth:3,eMode:2
01-01 08:00:03.043 I/MiSysSrv( 1118): [DTV_SetTune][681][MXL608]hy_tuner ============================>DTV_SetTune 8M
01-01 08:00:03.043 I/MiSysSrv( 1118): MxLWare608_API_CfgTunerChanTune, signal type = 0, Freq = 227000000, BW = 2, Xtal = 0 
01-01 08:00:03.055 D/EventHub( 1254): No input device configuration file found for device 'MCE IR Keyboard/Mouse (ir)'.
01-01 08:00:03.055 D/DvbNative( 1254): [1591]<[IProgramRegionControl, _msgProc_StartSearch(), 1034]> ### enter,type = 1
01-01 08:00:03.055 D/DvbNative( 1254): [1591]<[Tuner, _printTunerInfo(), 267]> ### =========>>>>>>===== force lock tuner request =====<<<<<<========= count=1
01-01 08:00:03.055 D/DvbNative( 1254): [1591]<[Tuner, ForceLock(), 1912]> ### request to lock: tpParam=<227000,6875,3,4294967295>, useLnb=0, lnbParam=<18,0,4294967295,4294967295,0,0,0,0,0,255,0>
01-01 08:00:03.055 D/DvbNative( 1254): [1591]<[Tuner, ForceLock(), 2006]> ### try to force lock tuner. tunerId=0, status=Locking(2)
01-01 08:00:03.063 I/EventHub( 1254): New device: id=2, fd=33, path='/dev/input/event1', name='MCE IR Keyboard/Mouse (ir)', classes=0x6b, configuration='', keyLayout='/system/usr/keylayout/Generic.kl', keyCharacterMap='/system/usr/keychars/Generic.kcm', builtinKeyboard=false, usingSuspendBlockIoctl=false, usingClockIoctl=true
01-01 08:00:03.063 E/EventHub( 1254): could not get driver version for /dev/input/mouse0, Not a typewriter
01-01 08:00:03.083 D/DvbNative( 1254): [1584]<[ADV_CORE, adv_init(), 2122]> ### adv@enter!
01-01 08:00:03.083 D/DD      ( 1254): [DD_OS_ThreadCreate]name = AdvCoreTask,nPriority = 100,nStackSize = 0x10000
01-01 08:00:03.083 V/DvbNative( 1254): [1584]<[ADV_CORE, adv_lock_fre(), 1851]> ### ========= trace =========
01-01 08:00:03.083 D/DD      ( 1254): <1584>[dd_tuner][FUNC:DD_Tuner_AddCallback LINE:721]Enter
01-01 08:00:03.083 D/DD      ( 1254): <1584>[dd_tuner][FUNC:DD_Tuner_AddCallback LINE:758]register the callback success ,0XB26329FC!
01-01 08:00:03.083 D/DD      ( 1254): <1584>[dd_tuner][FUNC:DD_Tuner_AddCallback LINE:759]Exit Success
01-01 08:00:03.083 D/DD      ( 1254): <1584>[dd_tuner][FUNC:DD_Tuner_Connect LINE:581]Enter
01-01 08:00:03.083 D/DD      ( 1254): <1584>[dd_tuner][FUNC:DD_Tuner_Connect LINE:605]frq 227000, QAM 3, SymbolRate 6875000, dwTunerId 0
01-01 08:00:03.095 I/MiSysSrv( 1118): MxLWare608_API_ReqTunerLockStatus RfSynthStatus = 1, RefSynthStatus = 1[MDrv_Tuner_SetTuner][511][MXL608]hy_tuner 
01-01 08:00:03.095 I/MiSysSrv( 1118): Tuner locked
01-01 08:00:03.095 I/MiSysSrv( 1118): [MDrv_Tuner_SetTuner][513][MXL608]hy_tuner MxL608_0x5B : 10
01-01 08:00:03.095 I/MiSysSrv( 1118): [MDrv_Tuner_SetTuner][515][MXL608]hy_tuner MxL608_0x5C : b1
01-01 08:00:03.095 I/MiSysSrv( 1118): [DTV_DVB_C_SetFrequency][846][DC2800]hy_tuner  device_demodulator_extend2
01-01 08:00:03.095 I/MiSysSrv( 1118): [DTV_DVB_C_SetFrequency][848][DC2800]hy_tuner u32Frequency:227000, [3, 6875, 2]
01-01 08:00:03.095 D/DD      ( 1254): <1363>[dd_tuner][FUNC:DD_Tuner_Connect LINE:704]Exit Success
01-01 08:00:03.095 I/MiSysSrv( 1118): [DTV_DVB_C_SetFrequency][909][DC2800]hy_tuner device_demodulator_extend2 exit
01-01 08:00:03.111 E/KeyLayoutMap( 1254): /system/usr/keylayout/Vendor_0001_Product_0001_Version_0100.kl:223: Expected key code label, got 'YUNOS_TV_MOUSE'.
01-01 08:00:03.115 I/System  ( 1105): Loaded time zone names for "zh_CN" in 155ms (146ms in ICU)
01-01 08:00:03.115 D/DD      ( 1254): <1584>[dd_tuner][FUNC:DD_Tuner_Connect LINE:635]the same frq 227000, QAM 3 ,tuner unlocked!!
01-01 08:00:03.119 W/EventHub( 1254): Unable to disable kernel key repeat for /dev/input/event0: Function not implemented
01-01 08:00:03.119 I/EventHub( 1254): New device: id=3, fd=34, path='/dev/input/event0', name='MStar Smart TV IR Receiver', classes=0x61, configuration='/system/usr/idc/Vendor_3697_Product_0001.idc', keyLayout='/system/usr/keylayout/Vendor_3697_Product_0001.kl', keyCharacterMap='/system/usr/keychars/Generic.kcm', builtinKeyboard=false, usingSuspendBlockIoctl=false, usingClockIoctl=true
01-01 08:00:03.119 E/EventHub( 1254): could not get driver version for /dev/input/mice, Not a typewriter
01-01 08:00:03.119 I/MiSysSrv( 1118): [DTV_SetTune][665][MXL608]hy_tuner [tune]Freq:227.000000,eBandWidth:3,eMode:2
01-01 08:00:03.119 I/MiSysSrv( 1118): [DTV_SetTune][681][MXL608]hy_tuner ============================>DTV_SetTune 8M
01-01 08:00:03.123 I/MiSysSrv( 1118): MxLWare608_API_CfgTunerChanTune, signal type = 0, Freq = 227000000, BW = 2, Xtal = 0 
01-01 08:00:03.171 I/Zygote  ( 1105): ...preloaded 2777 classes in 2475ms.
01-01 08:00:03.179 I/MiSysSrv( 1118): MxLWare608_API_ReqTunerLockStatus RfSynthStatus = 1, RefSynthStatus = 1[MDrv_Tuner_SetTuner][511][MXL608]hy_tuner 
01-01 08:00:03.179 I/MiSysSrv( 1118): Tuner locked
01-01 08:00:03.179 I/MiSysSrv( 1118): [MDrv_Tuner_SetTuner][513][MXL608]hy_tuner MxL608_0x5B : 10
01-01 08:00:03.183 I/MiSysSrv( 1118): [MDrv_Tuner_SetTuner][515][MXL608]hy_tuner MxL608_0x5C : b1
01-01 08:00:03.183 I/MiSysSrv( 1118): [DTV_DVB_C_SetFrequency][846][DC2800]hy_tuner  device_demodulator_extend2
01-01 08:00:03.183 I/MiSysSrv( 1118): [DTV_DVB_C_SetFrequency][848][DC2800]hy_tuner u32Frequency:227000, [3, 6875, 2]
01-01 08:00:03.183 I/MiSysSrv( 1118): [DTV_DVB_C_SetFrequency][884][DC2800]hy_tuner  you lock same  [227000 6875 64 3]  !!
01-01 08:00:03.183 I/MiSysSrv( 1118): [DTV_DVB_C_SetFrequency][909][DC2800]hy_tuner device_demodulator_extend2 exit
01-01 08:00:03.183 D/DD      ( 1254): <1584>[dd_tuner][FUNC:DD_Tuner_Connect LINE:704]Exit Success
01-01 08:00:03.183 D/DD      ( 1254): <1584>[dd_demux][FUNC:DD_Demux_ConnectTuner LINE:102]Enter
01-01 08:00:03.183 E/DD      ( 1254): tuner&demux already connected
01-01 08:00:03.183 D/DD      ( 1254): <1584>[dd_demux][FUNC:DD_Demux_ConnectTuner LINE:113]Exit Success
01-01 08:00:03.607 D/dalvikvm( 1105): GC_EXPLICIT freed 298K, 12% free 2557K/2876K, paused 2ms+2ms, total 25ms
01-01 08:00:03.607 I/Zygote  ( 1105): Preloading resources...
01-01 08:00:03.619 W/Resources( 1105): Preloaded drawable resource #0x1080096 (android:drawable/toast_frame) that varies with configuration!!
01-01 08:00:03.619 W/Resources( 1105): Preloaded drawable resource #0x1080105 (android:drawable/btn_check_on_pressed_holo_light) that varies with configuration!!
01-01 08:00:03.623 W/Resources( 1105): Preloaded drawable resource #0x1080104 (android:drawable/btn_check_on_pressed_holo_dark) that varies with configuration!!
01-01 08:00:03.627 W/Resources( 1105): Preloaded drawable resource #0x1080102 (android:drawable/btn_check_on_holo_light) that varies with configuration!!
01-01 08:00:03.631 W/Resources( 1105): Preloaded drawable resource #0x1080101 (android:drawable/btn_check_on_holo_dark) that varies with configuration!!
01-01 08:00:03.635 W/Resources( 1105): Preloaded drawable resource #0x10800ff (android:drawable/btn_check_on_focused_holo_light) that varies with configuration!!
01-01 08:00:03.639 W/Resources( 1105): Preloaded drawable resource #0x10800fe (android:drawable/btn_check_on_focused_holo_dark) that varies with configuration!!
01-01 08:00:03.639 W/Resources( 1105): Preloaded drawable resource #0x10800fd (android:drawable/btn_check_on_disabled_holo_light) that varies with configuration!!
01-01 08:00:03.643 W/Resources( 1105): Preloaded drawable resource #0x10800fc (android:drawable/btn_check_on_disabled_holo_dark) that varies with configuration!!
01-01 08:00:03.643 W/Resources( 1105): Preloaded drawable resource #0x10800fb (android:drawable/btn_check_on_disabled_focused_holo_light) that varies with configuration!!
01-01 08:00:03.643 W/Resources( 1105): Preloaded drawable resource #0x10800fa (android:drawable/btn_check_on_disabled_focused_holo_dark) that varies with configuration!!
01-01 08:00:03.647 W/Resources( 1105): Preloaded drawable resource #0x10800f2 (android:drawable/btn_check_off_pressed_holo_light) that varies with configuration!!
01-01 08:00:03.647 W/Resources( 1105): Preloaded drawable resource #0x10800f1 (android:drawable/btn_check_off_pressed_holo_dark) that varies with configuration!!
01-01 08:00:03.651 W/Resources( 1105): Preloaded drawable resource #0x10800ed (android:drawable/btn_check_off_holo_light) that varies with configuration!!
01-01 08:00:03.651 W/Resources( 1105): Preloaded drawable resource #0x10800ec (android:drawable/btn_check_off_holo_dark) that varies with configuration!!
01-01 08:00:03.655 W/Resources( 1105): Preloaded drawable resource #0x10800ea (android:drawable/btn_check_off_focused_holo_light) that varies with configuration!!
01-01 08:00:03.655 W/Resources( 1105): Preloaded drawable resource #0x10800e9 (android:drawable/btn_check_off_focused_holo_dark) that varies with configuration!!
01-01 08:00:03.659 W/Resources( 1105): Preloaded drawable resource #0x10800e8 (android:drawable/btn_check_off_disabled_holo_light) that varies with configuration!!
01-01 08:00:03.663 W/Resources( 1105): Preloaded drawable resource #0x10800e7 (android:drawable/btn_check_off_disabled_holo_dark) that varies with configuration!!
01-01 08:00:03.667 I/MiSysSrv( 1118): [37m[INFO] Change to Voltage: 115 mv (0x2A)[m
01-01 08:00:03.667 W/Resources( 1105): Preloaded drawable resource #0x10800e6 (android:drawable/btn_check_off_disabled_focused_holo_light) that varies with configuration!!
01-01 08:00:03.667 W/Resources( 1105): Preloaded drawable resource #0x10800e5 (android:drawable/btn_check_off_disabled_focused_holo_dark) that varies with configuration!!
01-01 08:00:03.675 W/Resources( 1105): Preloaded drawable resource #0x1080102 (android:drawable/btn_check_on_holo_light) that varies with configuration!!
01-01 08:00:03.675 I/MiSysSrv( 1118): _MI_AOUT_MUTE_AmpAndAV Set mute/unmute of Hdmi Audio
01-01 08:00:03.679 W/Resources( 1105): Preloaded drawable resource #0x10800ed (android:drawable/btn_check_off_holo_light) that varies with configuration!!
01-01 08:00:03.683 W/Resources( 1105): Preloaded drawable resource #0x1080105 (android:drawable/btn_check_on_pressed_holo_light) that varies with configuration!!
01-01 08:00:03.687 W/Resources( 1105): Preloaded drawable resource #0x10800f2 (android:drawable/btn_check_off_pressed_holo_light) that varies with configuration!!
01-01 08:00:03.687 W/Resources( 1105): Preloaded drawable resource #0x10800ff (android:drawable/btn_check_on_focused_holo_light) that varies with configuration!!
01-01 08:00:03.687 W/Resources( 1105): Preloaded drawable resource #0x10800ea (android:drawable/btn_check_off_focused_holo_light) that varies with configuration!!
01-01 08:00:03.695 W/Resources( 1105): Preloaded drawable resource #0x10800ed (android:drawable/btn_check_off_holo_light) that varies with configuration!!
01-01 08:00:03.695 W/Resources( 1105): Preloaded drawable resource #0x1080102 (android:drawable/btn_check_on_holo_light) that varies with configuration!!
01-01 08:00:03.695 W/Resources( 1105): Preloaded drawable resource #0x10800fd (android:drawable/btn_check_on_disabled_holo_light) that varies with configuration!!
01-01 08:00:03.703 W/Resources( 1105): Preloaded drawable resource #0x10800e8 (android:drawable/btn_check_off_disabled_holo_light) that varies with configuration!!
01-01 08:00:03.703 W/Resources( 1105): Preloaded drawable resource #0x10800fb (android:drawable/btn_check_on_disabled_focused_holo_light) that varies with configuration!!
01-01 08:00:03.703 W/Resources( 1105): Preloaded drawable resource #0x10800e6 (android:drawable/btn_check_off_disabled_focused_holo_light) that varies with configuration!!
01-01 08:00:03.703 W/Resources( 1105): Preloaded drawable resource #0x10800e8 (android:drawable/btn_check_off_disabled_holo_light) that varies with configuration!!
01-01 08:00:03.711 W/Resources( 1105): Preloaded drawable resource #0x10800fd (android:drawable/btn_check_on_disabled_holo_light) that varies with configuration!!
01-01 08:00:03.711 W/Resources( 1105): Preloaded drawable resource #0x10800dc (android:drawable/btn_check_holo_light) that varies with configuration!!
01-01 08:00:03.711 W/Resources( 1105): Preloaded drawable resource #0x1080101 (android:drawable/btn_check_on_holo_dark) that varies with configuration!!
01-01 08:00:03.711 W/Resources( 1105): Preloaded drawable resource #0x10800ec (android:drawable/btn_check_off_holo_dark) that varies with configuration!!
01-01 08:00:03.719 W/Resources( 1105): Preloaded drawable resource #0x1080104 (android:drawable/btn_check_on_pressed_holo_dark) that varies with configuration!!
01-01 08:00:03.719 W/Resources( 1105): Preloaded drawable resource #0x10800f1 (android:drawable/btn_check_off_pressed_holo_dark) that varies with configuration!!
01-01 08:00:03.719 W/Resources( 1105): Preloaded drawable resource #0x10800fe (android:drawable/btn_check_on_focused_holo_dark) that varies with configuration!!
01-01 08:00:03.727 W/Resources( 1105): Preloaded drawable resource #0x10800e9 (android:drawable/btn_check_off_focused_holo_dark) that varies with configuration!!
01-01 08:00:03.727 W/Resources( 1105): Preloaded drawable resource #0x10800ec (android:drawable/btn_check_off_holo_dark) that varies with configuration!!
01-01 08:00:03.727 W/Resources( 1105): Preloaded drawable resource #0x1080101 (android:drawable/btn_check_on_holo_dark) that varies with configuration!!
01-01 08:00:03.735 W/Resources( 1105): Preloaded drawable resource #0x10800fc (android:drawable/btn_check_on_disabled_holo_dark) that varies with configuration!!
01-01 08:00:03.735 W/Resources( 1105): Preloaded drawable resource #0x10800e7 (android:drawable/btn_check_off_disabled_holo_dark) that varies with configuration!!
01-01 08:00:03.735 W/Resources( 1105): Preloaded drawable resource #0x10800fa (android:drawable/btn_check_on_disabled_focused_holo_dark) that varies with configuration!!
01-01 08:00:03.735 W/Resources( 1105): Preloaded drawable resource #0x10800e5 (android:drawable/btn_check_off_disabled_focused_holo_dark) that varies with configuration!!
01-01 08:00:03.743 W/Resources( 1105): Preloaded drawable resource #0x10800e7 (android:drawable/btn_check_off_disabled_holo_dark) that varies with configuration!!
01-01 08:00:03.743 W/Resources( 1105): Preloaded drawable resource #0x10800fc (android:drawable/btn_check_on_disabled_holo_dark) that varies with configuration!!
01-01 08:00:03.743 W/Resources( 1105): Preloaded drawable resource #0x10800db (android:drawable/btn_check_holo_dark) that varies with configuration!!
01-01 08:00:03.751 W/Resources( 1105): Preloaded drawable resource #0x1080195 (android:drawable/btn_radio_on_pressed_holo_light) that varies with configuration!!
01-01 08:00:03.751 W/Resources( 1105): Preloaded drawable resource #0x1080194 (android:drawable/btn_radio_on_pressed_holo_dark) that varies with configuration!!
01-01 08:00:03.755 W/Resources( 1105): Preloaded drawable resource #0x1080192 (android:drawable/btn_radio_on_holo_light) that varies with configuration!!
01-01 08:00:03.755 W/Resources( 1105): Preloaded drawable resource #0x1080191 (android:drawable/btn_radio_on_holo_dark) that varies with configuration!!
01-01 08:00:03.759 W/Resources( 1105): Preloaded drawable resource #0x108018f (android:drawable/btn_radio_on_focused_holo_light) that varies with configuration!!
01-01 08:00:03.763 W/Resources( 1105): Preloaded drawable resource #0x108018e (android:drawable/btn_radio_on_focused_holo_dark) that varies with configuration!!
01-01 08:00:03.763 W/Resources( 1105): Preloaded drawable resource #0x108018d (android:drawable/btn_radio_on_disabled_holo_light) that varies with configuration!!
01-01 08:00:03.763 W/Resources( 1105): Preloaded drawable resource #0x108018c (android:drawable/btn_radio_on_disabled_holo_dark) that varies with configuration!!
01-01 08:00:03.771 W/Resources( 1105): Preloaded drawable resource #0x108018b (android:drawable/btn_radio_on_disabled_focused_holo_light) that varies with configuration!!
01-01 08:00:03.771 W/Resources( 1105): Preloaded drawable resource #0x108018a (android:drawable/btn_radio_on_disabled_focused_holo_dark) that varies with configuration!!
01-01 08:00:03.779 W/Resources( 1105): Preloaded drawable resource #0x1080187 (android:drawable/btn_radio_off_pressed_holo_light) that varies with configuration!!
01-01 08:00:03.779 W/Resources( 1105): Preloaded drawable resource #0x1080186 (android:drawable/btn_radio_off_pressed_holo_dark) that varies with configuration!!
01-01 08:00:03.779 W/Resources( 1105): Preloaded drawable resource #0x1080184 (android:drawable/btn_radio_off_holo_light) that varies with configuration!!
01-01 08:00:03.779 W/Resources( 1105): Preloaded drawable resource #0x1080183 (android:drawable/btn_radio_off_holo_dark) that varies with configuration!!
01-01 08:00:03.783 W/Resources( 1105): Preloaded drawable resource #0x1080181 (android:drawable/btn_radio_off_focused_holo_light) that varies with configuration!!
01-01 08:00:03.815 D/dalvikvm( 1105): GC_FOR_ALLOC freed 665K, 24% free 2609K/3404K, paused 27ms, total 28ms
01-01 08:00:03.815 W/Resources( 1105): Preloaded drawable resource #0x1080180 (android:drawable/btn_radio_off_focused_holo_dark) that varies with configuration!!
01-01 08:00:03.815 W/Resources( 1105): Preloaded drawable resource #0x108017f (android:drawable/btn_radio_off_disabled_holo_light) that varies with configuration!!
01-01 08:00:03.819 W/Resources( 1105): Preloaded drawable resource #0x108017e (android:drawable/btn_radio_off_disabled_holo_dark) that varies with configuration!!
01-01 08:00:03.823 W/Resources( 1105): Preloaded drawable resource #0x108017d (android:drawable/btn_radio_off_disabled_focused_holo_light) that varies with configuration!!
01-01 08:00:03.823 W/Resources( 1105): Preloaded drawable resource #0x108017c (android:drawable/btn_radio_off_disabled_focused_holo_dark) that varies with configuration!!
01-01 08:00:03.827 W/Resources( 1105): Preloaded drawable resource #0x1080128 (android:drawable/btn_default_pressed_holo_light) that varies with configuration!!
01-01 08:00:03.831 W/Resources( 1105): Preloaded drawable resource #0x1080127 (android:drawable/btn_default_pressed_holo_dark) that varies with configuration!!
01-01 08:00:03.831 W/Resources( 1105): Preloaded drawable resource #0x1080124 (android:drawable/btn_default_normal_holo_light) that varies with configuration!!
01-01 08:00:03.831 W/Resources( 1105): Preloaded drawable resource #0x1080123 (android:drawable/btn_default_normal_holo_dark) that varies with configuration!!
01-01 08:00:03.839 W/Resources( 1105): Preloaded drawable resource #0x108011c (android:drawable/btn_default_focused_holo_light) that varies with configuration!!
01-01 08:00:03.839 W/Resources( 1105): Preloaded drawable resource #0x108011b (android:drawable/btn_default_focused_holo_dark) that varies with configuration!!
01-01 08:00:03.839 W/Resources( 1105): Preloaded drawable resource #0x1080119 (android:drawable/btn_default_disabled_holo_light) that varies with configuration!!
01-01 08:00:03.847 W/Resources( 1105): Preloaded drawable resource #0x1080118 (android:drawable/btn_default_disabled_holo_dark) that varies with configuration!!
