V/[MMP]   ( 1124): [9709] [STM] cb_write, target_write_offset:16018696, r_idx:1, (3928, 16011696) w_idx:1, [0, 3928] [13103272, 16018696]
V/[MMP]   ( 1124): [9709] [STM] send rebuffer_done msg, cb_status:0
V/[MMP]   ( 1124): [9709] [STM] stm_rebuffer_done_callback
D/mstplayer( 1124): [9709] [AVP] ap_rebuffer_done_callback, need_skip_next_rb_done:1
V/[MMP]   ( 1124): [9714] [STM] cb_rb_read_leave, cb_status:0, stop_lock:0, f_z:-1, w_pos:16018696, mem_full:0
V/[MMP]   ( 1124): [9714] evan add for debug rebuffer_size 2 928, 1880
V/[MMP]   ( 1124): [9714] [STM] handle_read_rebuffer ins_z:952, data_z:0
V/[MMP]   ( 1124): [9714] [STM] need_rebuffer mode:1, data_z: 0 < in_size: 952, r_idx:1, offsest:16018696, r1(0, 3928) r2(13103272, 16018696), w1(0, 3928), w2(13103272, 16018696)
V/[MMP]   ( 1124): [9714] [STM] judge_need_enter_rebuffer, ret:1, stop_lock:0, w_full:0, net_err:0, mem_full:0, w_pos:16018696, f_size:-1
V/[MMP]   ( 1124): [9714] [STM] min_rebuffering_mode, in_size:952, rebuffer_size:952, r_idx:1
V/[MMP]   ( 1124): [9714] [STM] cb_rb_read_enter, offset:16018696, in_size:952, req_size:952
V/[MMP]   ( 1124): [9714] [STM] cb_read, target_read_offset:16018696, r_idx:1, (3928, 16018696) w_idx:1, [0, 3928] [13103272, 16018696]
V/[MMP]   ( 1124): [9714] [STM] send rebuffer msg
V/[MMP]   ( 1124): [9714] [STM] stm_rebuffer_callback
D/mstplayer( 1124): [9714] [AVP] ap_rebuffer_callback, min rebuffer mode:1
V/[MMP]   ( 1124): [9709] [STM] write_data buffering... z:0 < 952, pos: 16018696 < 16019648, f_z:-1, is_data_enough:0
V/[MMP]   ( 1124): [9709] [STM] write_data buffering... z:0 < 952, pos: 16018696 < 16019648, f_z:-1, is_data_enough:0
V/[MMP]   ( 1124): [9709] [STM] write_data buffering... z:0 < 952, pos: 16018696 < 16019648, f_z:-1, is_data_enough:0
V/[MMP]   ( 1124): [9709] [STM] write_data buffering... z:0 < 952, pos: 16018696 < 16019648, f_z:-1, is_data_enough:0
V/[MMP]   ( 1124): [9709] [STM] write_data buffering... z:0 < 952, pos: 16018696 < 16019648, f_z:-1, is_data_enough:0
V/[MMP]   ( 1124): [9709] [STM] write_data buffering... z:0 < 952, pos: 16018696 < 16019648, f_z:-1, is_data_enough:0
V/[MMP]   ( 1124): [9709] [STM] write_data buffering... z:0 < 952, pos: 16018696 < 16019648, f_z:-1, is_data_enough:0
V/[MMP]   ( 1124): [9709] [STM] write_data buffering... z:0 < 952, pos: 16018696 < 16019648, f_z:-1, is_data_enough:0
V/[MMP]   ( 1124): [9709] [STM] write_data buffering... z:0 < 952, pos: 16018696 < 16019648, f_z:-1, is_data_enough:0
V/[MMP]   ( 1124): [9709] [STM] write_data buffering... z:0 < 952, pos: 16018696 < 16019648, f_z:-1, is_data_enough:0
V/[MMP]   ( 1124): [9709] [STM] write_data buffering... z:0 < 952, pos: 16018696 < 16019648, f_z:-1, is_data_enough:0
V/[MMP]   ( 1124): [9709] [STM] write_data buffering... z:1400 < 952, pos: 16020096 < 16019648, f_z:-1, is_data_enough:0
V/[MMP]   ( 1124): [9709] [STM] cb_write_rb_done_post! mem_full:0, w_full:0, net_err:0, w_pos:16020096, f_size:-1
V/[MMP]   ( 1124): [9709] [STM] cb_write, target_write_offset:16020096, r_idx:1, (3928, 16018696) w_idx:1, [0, 3928] [13103272, 16020096]
V/[MMP]   ( 1124): [9709] [STM] send rebuffer_done msg, cb_status:0
V/[MMP]   ( 1124): [9709] [STM] stm_rebuffer_done_callback
D/mstplayer( 1124): [9709] [AVP] ap_rebuffer_done_callback, need_skip_next_rb_done:1
V/[MMP]   ( 1124): [9714] [STM] cb_rb_read_leave, cb_status:0, stop_lock:0, f_z:-1, w_pos:16020096, mem_full:0
V/[MMP]   ( 1124): [9714] evan add for debug rebuffer_size 2 448, 1880
V/[MMP]   ( 1124): [9714] [STM] handle_read_rebuffer ins_z:1432, data_z:0
V/[MMP]   ( 1124): [9714] [STM] need_rebuffer mode:1, data_z: 0 < in_size: 1432, r_idx:1, offsest:16020096, r1(0, 3928) r2(13103272, 16020096), w1(0, 3928), w2(13103272, 16020096)
V/[MMP]   ( 1124): [9714] [STM] judge_need_enter_rebuffer, ret:1, stop_lock:0, w_full:0, net_err:0, mem_full:0, w_pos:16020096, f_size:-1
V/[MMP]   ( 1124): [9714] [STM] min_rebuffering_mode, in_size:1432, rebuffer_size:1432, r_idx:1
V/[MMP]   ( 1124): [9714] [STM] cb_rb_read_enter, offset:16020096, in_size:1432, req_size:1432
V/[MMP]   ( 1124): [9714] [STM] cb_read, target_read_offset:16020096, r_idx:1, (3928, 16020096) w_idx:1, [0, 3928] [13103272, 16020096]
V/[MMP]   ( 1124): [9714] [STM] send rebuffer msg
V/[MMP]   ( 1124): [9714] [STM] stm_rebuffer_callback
D/mstplayer( 1124): [9714] [AVP] ap_rebuffer_callback, min rebuffer mode:1
V/[MMP]   ( 1124): [9709] [STM] write_data buffering... z:0 < 1432, pos: 16020096 < 16021528, f_z:-1, is_data_enough:0
V/[MMP]   ( 1124): [9709] [STM] write_data buffering... z:0 < 1432, pos: 16020096 < 16021528, f_z:-1, is_data_enough:0
V/[MMP]   ( 1124): [9709] [STM] write_data buffering... z:0 < 1432, pos: 16020096 < 16021528, f_z:-1, is_data_enough:0
V/[MMP]   ( 1124): [9709] [STM] write_data buffering... z:0 < 1432, pos: 16020096 < 16021528, f_z:-1, is_data_enough:0
V/[MMP]   ( 1124): [9709] [STM] write_data buffering... z:0 < 1432, pos: 16020096 < 16021528, f_z:-1, is_data_enough:0
V/[MMP]   ( 1124): [9709] [STM] write_data buffering... z:0 < 1432, pos: 16020096 < 16021528, f_z:-1, is_data_enough:0
V/[MMP]   ( 1124): [9709] [STM] write_data buffering... z:0 < 1432, pos: 16020096 < 16021528, f_z:-1, is_data_enough:0
V/[MMP]   ( 1124): [9709] [STM] write_data buffering... z:0 < 1432, pos: 16020096 < 16021528, f_z:-1, is_data_enough:0
V/[MMP]   ( 1124): [9709] [STM] write_data buffering... z:0 < 1432, pos: 16020096 < 16021528, f_z:-1, is_data_enough:0
V/[MMP]   ( 1124): [9709] [STM] write_data buffering... z:0 < 1432, pos: 16020096 < 16021528, f_z:-1, is_data_enough:0
V/[MMP]   ( 1124): [9709] [STM] write_data buffering... z:0 < 1432, pos: 16020096 < 16021528, f_z:-1, is_data_enough:0
V/[MMP]   ( 1124): [9709] [STM] write_data buffering... z:0 < 1432, pos: 16020096 < 16021528, f_z:-1, is_data_enough:0
V/[MMP]   ( 1124): [9709] [STM] write_data buffering... z:0 < 1432, pos: 16020096 < 16021528, f_z:-1, is_data_enough:0
V/[MMP]   ( 1124): [9725] [vo] ck_keep, pts:15292, late:-50, thres:40, pts_late:-52 (725646, 725594), color:0, flip:2, release 0, (1, 1), duration:40000
V/[MMP]   ( 1124): [9709] [STM] write_data buffering... z:4200 < 1432, pos: 16024296 < 16021528, f_z:-1, is_data_enough:0
V/[MMP]   ( 1124): [9709] [STM] cb_write_rb_done_post! mem_full:0, w_full:0, net_err:0, w_pos:16024296, f_size:-1
V/[MMP]   ( 1124): [9709] [STM] cb_write, target_write_offset:16024296, r_idx:1, (3928, 16020096) w_idx:1, [0, 3928] [13103272, 16024296]
V/[MMP]   ( 1124): [9709] [STM] send rebuffer_done msg, cb_status:0
V/[MMP]   ( 1124): [9709] [STM] stm_rebuffer_done_callback
D/mstplayer( 1124): [9709] [AVP] ap_rebuffer_done_callback, need_skip_next_rb_done:1
V/[MMP]   ( 1124): [9714] [STM] cb_rb_read_leave, cb_status:0, stop_lock:0, f_z:-1, w_pos:16024296, mem_full:0
V/[MMP]   ( 1124): [9714] evan add for debug rebuffer_size 2 888, 1880
V/[MMP]   ( 1124): [9714] [STM] handle_read_rebuffer ins_z:992, data_z:0
V/[MMP]   ( 1124): [9714] [STM] need_rebuffer mode:1, data_z: 0 < in_size: 992, r_idx:1, offsest:16024296, r1(0, 3928) r2(13103272, 16024296), w1(0, 3928), w2(13103272, 16024296)
V/[MMP]   ( 1124): [9714] [STM] judge_need_enter_rebuffer, ret:1, stop_lock:0, w_full:0, net_err:0, mem_full:0, w_pos:16024296, f_size:-1
V/[MMP]   ( 1124): [9714] [STM] min_rebuffering_mode, in_size:992, rebuffer_size:992, r_idx:1
V/[MMP]   ( 1124): [9714] [STM] cb_rb_read_enter, offset:16024296, in_size:992, req_size:992
V/[MMP]   ( 1124): [9714] [STM] cb_read, target_read_offset:16024296, r_idx:1, (3928, 16024296) w_idx:1, [0, 3928] [13103272, 16024296]
V/[MMP]   ( 1124): [9714] [STM] send rebuffer msg
V/[MMP]   ( 1124): [9714] [STM] stm_rebuffer_callback
D/mstplayer( 1124): [9714] [AVP] ap_rebuffer_callback, min rebuffer mode:1
V/[MMP]   ( 1124): [9709] [STM] write_data buffering... z:0 < 992, pos: 16024296 < 16025288, f_z:-1, is_data_enough:0
V/[MMP]   ( 1124): [9709] [STM] write_data buffering... z:8400 < 992, pos: 16032696 < 16025288, f_z:-1, is_data_enough:0
V/[MMP]   ( 1124): [9709] [STM] cb_write_rb_done_post! mem_full:0, w_full:0, net_err:0, w_pos:16032696, f_size:-1
V/[MMP]   ( 1124): [9709] [STM] cb_write, target_write_offset:16032696, r_idx:1, (3928, 16024296) w_idx:1, [0, 3928] [13103272, 16032696]
V/[MMP]   ( 1124): [9709] [STM] send rebuffer_done msg, cb_status:0
V/[MMP]   ( 1124): [9709] [STM] stm_rebuffer_done_callback
D/mstplayer( 1124): [9709] [AVP] ap_rebuffer_done_callback, need_skip_next_rb_done:1
V/[MMP]   ( 1124): [9714] [STM] cb_rb_read_leave, cb_status:0, stop_lock:0, f_z:-1, w_pos:16032696, mem_full:0
V/[MMP]   ( 1124): [9725] [vo] ck_keep, pts:15332, late:-51, thres:40, pts_late:-53 (725686, 725633), color:0, flip:2, release 0, (1, 1), duration:40000
V/[MMP]   ( 1124): [9725] [vo] ck_keep, pts:15372, late:-51, thres:40, pts_late:-53 (725726, 725673), color:0, flip:2, release 0, (1, 1), duration:40000
V/[MMP]   ( 1124): [9725] [vo] ck_keep, pts:15412, late:-52, thres:40, pts_late:-53 (725766, 725713), color:0, flip:1, release 0, (1, 1), duration:40000
V/[MMP]   ( 1124): [9725] [vo] ck_keep, pts:15452, late:-51, thres:40, pts_late:-53 (725806, 725753), color:0, flip:2, release 0, (1, 1), duration:40000
V/[MMP]   ( 1124): [9725] [vo] ck_keep, pts:15492, late:-53, thres:40, pts_late:-54 (725846, 725792), color:0, flip:1, release 0, (1, 1), duration:40000
V/[MMP]   ( 1124): [9725] [vo] ck_keep, pts:15532, late:-53, thres:40, pts_late:-54 (725886, 725832), color:0, flip:1, release 0, (1, 1), duration:40000
V/[MMP]   ( 1124): [9725] [vo] ck_keep, pts:15572, late:-53, thres:40, pts_late:-54 (725926, 725872), color:0, flip:1, release 0, (1, 1), duration:40000
V/[MMP]   ( 1124): [9725] [vo] ck_keep, pts:15612, late:-49, thres:40, pts_late:-52 (725966, 725914), color:0, flip:3, release 0, (1, 1), duration:40000
V/[MMP]   ( 1124): [9709] [STM] MM: type:0, (q, o)=(0x1000, 0x2009)=>(0x2009, none)
V/[MMP]   ( 1124): [9709] [STM] MM: issue_q_msg:0x2009
V/[MMP]   ( 1124): [9709] [STM] stm_send_dm, msg:0x100d
V/[MMP]   ( 1124): [9709] [STM] update_dm, dm_status:0x0, wait_cmd:0x1000, msg:0x100d
V/[MMP]   ( 1124): [9708] [DM] dm_msg:0x100d
D/msavp_dw_module( 1124): [9708] [DM][m3u8] android_m3u8_get_info, Bandwidth:9321972, Bitrate:10004983
V/[MMP]   ( 1124): [9709] [STM] MM: res1, wait:0x100d, msg:0x400a, q_msg:0x1000, int_msg:0x1000
V/[MMP]   ( 1124): [9709] [STM] MM: res2, wait:0x100d, msg:0x400a, q_msg:0x1000, int_msg:0x1000
V/[MMP]   ( 1124): [9709] [STM] update_dm, dm_status:0x1, wait_cmd:0x100d, msg:0x400a
V/[MMP]   ( 1124): [9709] [STM] dm: wait_rsp->wait_com:0x100d
V/[MMP]   ( 1124): [9709] [STM] MM: res1, wait:0x100d, msg:0x5020, q_msg:0x1000, int_msg:0x1000
V/[MMP]   ( 1124): [9709] [STM] MM: res2, wait:0x100d, msg:0x5020, q_msg:0x1000, int_msg:0x1000
V/[MMP]   ( 1124): [9709] [STM] update bitrate: 10004983
D/mstplayer( 1124): [9709] [AVP] send to handle, streaming_msg = 501e
V/[MMP]   ( 1124): [9709] [STM] update_dm, dm_status:0x2, wait_cmd:0x100d, msg:0x5020
V/[MMP]   ( 1124): [9709] [STM] dm: wait_com->IDLE:0x0
D/mstplayer( 1124): [9705] [AVP] notify_msg_cb: 0x5008
D/mstplayer( 1124): [9705] [AVP] update network info, Bandwidth:9321972
D/mstplayer( 1124): [9705] [AVP] streaming event 0x5007, size 16, data 0x0xb0f2d398
W/MediaPlayer( 2133): info/warning (703, 9321972)
V/[MMP]   ( 1124): [9725] [vo] ck_keep, pts:15652, late:-45, thres:40, pts_late:-50 (726006, 725956), color:0, flip:5, release 0, (1, 1), duration:40000
V/[MMP]   ( 1124): [9725] [vo] ck_keep, pts:15692, late:-51, thres:40, pts_late:-53 (726046, 725993), color:0, flip:2, release 0, (1, 1), duration:40000
V/netx    ( 2133): gointo 4  out true
V/StatusBarService( 2133): true up0 true
V/[MMP]   ( 1124): [9725] [vo] ck_keep, pts:15732, late:-50, thres:40, pts_late:-52 (726086, 726034), color:0, flip:2, release 0, (1, 1), duration:40000
I/Downloader( 1124): [9710][prog_cb] Progress: 40% (2012936/4994596)
V/[MMP]   ( 1124): [9725] [vo] ck_keep, pts:15772, late:-49, thres:40, pts_late:-52 (726126, 726074), color:0, flip:3, release 0, (1, 1), duration:40000
I/com.chinanetcenter.iSpeed( 2160): IptablesWatchdogThread > checkThreads
V/[MMP]   ( 1124): [9725] [vo] ck_keep, pts:15812, late:-51, thres:40, pts_late:-53 (726166, 726113), color:0, flip:2, release 0, (1, 1), duration:40000
D/NtpTrustedTime( 1558): currentTimeMillis() cache hit
D/NtpTrustedTime( 1558): currentTimeMillis() cache hit
V/broadcast( 1558): Start process parallel broadcast: com.android.server.action.NETWORK_STATS_UPDATED to com.android.server.net.NetworkPolicyManagerService$7@11c537ad
D/NtpTrustedTime( 1558): currentTimeMillis() cache hit
D/NtpTrustedTime( 1558): currentTimeMillis() cache hit
V/broadcast( 1558): End process parallel broadcast: com.android.server.action.NETWORK_STATS_UPDATED to com.android.server.net.NetworkPolicyManagerService$7@11c537ad
V/[MMP]   ( 1124): [9725] [vo] ck_keep, pts:15852, late:-51, thres:40, pts_late:-53 (726206, 726153), color:0, flip:2, release 0, (1, 1), duration:40000
V/[MMP]   ( 1124): [9725] [vo] ck_keep, pts:15892, late:-51, thres:40, pts_late:-53 (726246, 726193), color:0, flip:2, release 0, (1, 1), duration:40000
V/[MMP]   ( 1124): [9725] [vo] ck_keep, pts:15932, late:-51, thres:40, pts_late:-53 (726286, 726233), color:0, flip:2, release 0, (1, 1), duration:40000
D/MSTAR_VDEC_DBG( 1124): Stream ID: 0, Rate : 25 [Vsync Rate : 25](E:0,D:0,S:3,F:387) 
V/[MMP]   ( 1124): [9725] [vo] ck_keep, pts:15972, late:-54, thres:40, pts_late:-55 (726326, 726271), color:0, flip:1, release 0, (1, 1), duration:40000
V/[MMP]   ( 1124): [9725] [vo] ck_keep, pts:16012, late:-53, thres:40, pts_late:-54 (726366, 726312), color:0, flip:1, release 0, (1, 1), duration:40000
V/[MMP]   ( 1124): [9725] [vo] ck_keep, pts:16052, late:-47, thres:40, pts_late:-48 (726406, 726358), color:0, flip:1, release 0, (1, 1), duration:40000
V/[MMP]   ( 1124): [9725] [vo] ck_keep, pts:16092, late:-49, thres:40, pts_late:-52 (726446, 726394), color:0, flip:3, release 0, (1, 1), duration:40000
V/[MMP]   ( 1124): [9725] [vo] ck_keep, pts:16132, late:-55, thres:40, pts_late:-55 (726486, 726431), color:0, flip:0, release 0, (1, 1), duration:40000
D/launcher( 2133): [DataManager]start fetch last data loop count : 0
D/launcher( 2133): [DataManager]fetchLastData : is pass Auth ?   .true
D/launcher( 2133): [DataManager]auth pass,fetch Last Data.
I/DataManager( 2133): old cms areacode: 156520001001002
I/DataManager( 2133): new cms areacode: 156520001001002
D/launcher( 2133): [HttpUtils]request url:http://gzgd.ao.com/iepg/getRoleTab?areaCode=520101A&cmsAreaCode=156520001001002&version=010202&roleId=&productType=DVB&cp=&appType=moui&qamArea=&mac=1C:66:6D:FC:8D:D7&machine=SE818&hardware=8188&groupId=&isTest=0
V/[MMP]   ( 1124): [9725] [vo] ck_keep, pts:16172, late:-51, thres:40, pts_late:-53 (726526, 726473), color:0, flip:2, release 0, (1, 1), duration:40000
V/[MMP]   ( 1124): [9725] [vo] ck_keep, pts:16212, late:-51, thres:40, pts_late:-53 (726566, 726513), color:0, flip:2, release 0, (1, 1), duration:40000
V/[MMP]   ( 1124): [9725] [vo] ck_keep, pts:16252, late:-51, thres:40, pts_late:-53 (726606, 726553), color:0, flip:2, release 0, (1, 1), duration:40000
I/launcher( 2133): [LocalDataSource]fetch roleinfo:{"ret":"0","planState":0,"livePolicy":null,"margin":"","planType":"0","backdoorsButtons":[],"videoId":"","actionList":[],"planVersion":81,"retInfo":"OK","roleList":[{"id":2100000004,"roleId":"101","roleName":"\u5927\u4f17a","roleDetail":"\u5927\u4f17\u4e3b\u9898a","wallPaper":null,"tabList":[{"tabId":1003000037,"tabName":"\u770b\u7535\u89c6","tabNameI18n":"","tabDetail":"\u5168\u7701\u5e03\u5c40_\u5e7f\u7535\u7cbe\u7075","tabIconUrl":"","tabBgUrl":"","sort":10,"adsorbPosition":"left","tabType":"11","spacing":10,"margin":"","size":150,"color":"#e37878","alpha":30,"tabStatusStyle":[],"productType":null,"type":"0","actions":[],"homeTab":0,"bizLink":null,"bootTab":0},{"tabId":1003000014,"tabName":"\u597d\u63a8\u8350","tabNameI18n":"","tabDetail":"\u89c6\u8fbe\u79d1\u5e03\u5c40","tabIconUrl":"","tabBgUrl":"","sort":11,"adsorbPosition":"left","tabType":"15","spacing":50,"margin":"","size":50,"color":"#f5c9d5","alpha":1,"tabStatusStyle":[],"productType":null,"type":"0","actions":[],"homeTab":0,"bizLink":null,"bootTab":0},{"tabId":1003000015,"tabName":"\u5f71\u89c6\u8ff7","tabNameI18n":"","tabDetail":"\u89c6\u8fbe\u79d1\u5e03\u5c40","tabIconUrl":"","tabBgUrl":"","sort":12,"adsorbPosition":"left","tabType":"0","spacing":50,"margin":"","size":50,"color":"#eddadf","alpha":0,"tabStatusStyle":[],"productType":null,"type":"0","actions":[],"homeTab":0,"bizLink":null,"bootTab":0},{"tabId":1003000016,"tabName":"\u513f\u5b59\u4e50","tabNameI18n":"","tabDetail":"\u89c6\u8fbe\u79d1\u5e03\u5c40","tabIconUrl":"","tabBgUrl":"","sort":13,"adsorbPosition":"left","tabType":"0","spacing":50,"margin":"","size":50,"color":"#e8ccd3","alpha":80,"tabStatusStyle":[],"productType":null,"type":"0","actions":[],"homeTab":0,"bizLink":null,"bootTab":0},{"tabId":1003000017,"tabName":"\u597d\u4fbf\u5b9c","tabNameI18n":"","tabDetail":"\u89c6\u8fbe\u79d1\u5e03\u5c40","tabIconUrl":"","tabBgUrl":"","sort":14,"adsorbPosition":"left","tabType":"0","spacing":50,"margin":"","size":50,"color":"#c2657e","alpha":223,"tabStatusStyle":[],"productType":null,"type":"0","actions":[],"homeTab":0,"bizLink":null,"bootTab":0},{"tabId":1003000018,"tabName":"\u5e7f\u7535\u4e91","tabNameI18n":"","tabDetail":"\u89c6\u8fbe\u79d1\u5e03\u5c40","tabIconUrl":"","tabBgUrl":"","sort":15,"adsorbPosition":"left","tabType":"0","spacing":50,"margin":"","size":50,"color":"#e0b6c1","alpha":80,"tabStatusStyle":[],"productType":null,"type":"0","actions":[],"homeTab":0,"bizLink":null,"bootTab":0},{"tabId":1003000019,"tabName":"\u66f4\u591a","tabNameI18n":"","tabDetail":"\u89c6\u8fbe\u79d1\u5e03\u5c40","tabIconUrl":"","tabBgUrl":"","sort":16,"adsorbPosition":"left","tabType":"0","spacing":50,"margin":"","size":50,"color":"#e09bad","alpha":6,"tabStatusStyle":[],"productType":null,"type":"0","actions":[],"homeTab":0,"bizLink":null,"bootTab":0},{"tabId":1003000008,"tabName":"\u83dc\u5355\u680f","tabNameI18n":"","tabDetail":"\u8d35\u5dde\u2161","tabIconUrl":"","tabBgUrl":"","sort":17,"adsorbPosition":"left","tabType":"0","spacing":90,"margin":"","size":50,"color":"#ffffff","alpha":80,"tabStatusStyle":[],"productType":null,"type":"1","actions":[],"homeTab":0,"bizLink":null,"bootTab":0}]}],"planId":1004000008,"option":0,"intervalTime":60}
D/launcher( 2133): [IOUtilsx]save content to /data/data/com.gzgd.launcher/files/portal/last/roleinfo
E/launcher( 2133): [DataManager]fetchLastData onError:Updated to the latest version
D/LogWindowManageView( 2133): addLogText
D/LogWindowManageView( 2133): mLogList count:22  1377
D/launcher( 2133): [DataManager]start fetch last data loop interval : 60 s ;
D/launcher( 2133): [Utils]RandomInterval:71
V/[MMP]   ( 1124): [9725] [vo] ck_keep, pts:16292, late:-54, thres:40, pts_late:-55 (726646, 726591), color:0, flip:1, release 0, (1, 1), duration:40000
V/[MMP]   ( 1124): [9725] [vo] ck_keep, pts:16332, late:-49, thres:40, pts_late:-52 (726686, 726634), color:0, flip:3, release 0, (1, 1), duration:40000
V/[MMP]   ( 1124): [9725] [vo] ck_keep, pts:16372, late:-49, thres:40, pts_late:-52 (726726, 726674), color:0, flip:3, release 0, (1, 1), duration:40000
I/art     ( 2133): Background sticky concurrent mark sweep GC freed 140699(8MB) AllocSpace objects, 10(158KB) LOS objects, 15% free, 42MB/50MB, paused 2.179ms total 110.894ms
V/[MMP]   ( 1124): [9725] [vo] ck_keep, pts:16412, late:-51, thres:40, pts_late:-53 (726766, 726713), color:0, flip:2, release 0, (1, 1), duration:40000
V/[MMP]   ( 1124): [9725] [vo] ck_keep, pts:16452, late:-45, thres:40, pts_late:-50 (726806, 726756), color:0, flip:5, release 0, (1, 1), duration:40000
V/[MMP]   ( 1124): [9725] [vo] ck_keep, pts:16492, late:-51, thres:40, pts_late:-53 (726846, 726793), color:0, flip:2, release 0, (1, 1), duration:40000
V/[MMP]   ( 1124): [9725] [vo] ck_keep, pts:16532, late:-49, thres:40, pts_late:-52 (726886, 726834), color:0, flip:3, release 0, (1, 1), duration:40000
V/[MMP]   ( 1124): [9725] [vo] ck_keep, pts:16572, late:-53, thres:40, pts_late:-54 (726926, 726872), color:0, flip:1, release 0, (1, 1), duration:40000
V/[MMP]   ( 1124): [9725] [vo] ck_keep, pts:16612, late:-52, thres:40, pts_late:-53 (726966, 726913), color:0, flip:1, release 0, (1, 1), duration:40000
V/[MMP]   ( 1124): [9709] [STM] MM: type:0, (q, o)=(0x1000, 0x2009)=>(0x2009, none)
V/[MMP]   ( 1124): [9709] [STM] MM: issue_q_msg:0x2009
V/[MMP]   ( 1124): [9709] [STM] stm_send_dm, msg:0x100d
V/[MMP]   ( 1124): [9709] [STM] update_dm, dm_status:0x0, wait_cmd:0x1000, msg:0x100d
V/[MMP]   ( 1124): [9708] [DM] dm_msg:0x100d
D/msavp_dw_module( 1124): [9708] [DM][m3u8] android_m3u8_get_info, Bandwidth:8082912, Bitrate:10004983
V/[MMP]   ( 1124): [9709] [STM] MM: res1, wait:0x100d, msg:0x400a, q_msg:0x1000, int_msg:0x1000
V/[MMP]   ( 1124): [9709] [STM] MM: res2, wait:0x100d, msg:0x400a, q_msg:0x1000, int_msg:0x1000
V/[MMP]   ( 1124): [9709] [STM] update_dm, dm_status:0x1, wait_cmd:0x100d, msg:0x400a
V/[MMP]   ( 1124): [9709] [STM] dm: wait_rsp->wait_com:0x100d
V/[MMP]   ( 1124): [9709] [STM] MM: res1, wait:0x100d, msg:0x5020, q_msg:0x1000, int_msg:0x1000
V/[MMP]   ( 1124): [9709] [STM] MM: res2, wait:0x100d, msg:0x5020, q_msg:0x1000, int_msg:0x1000
V/[MMP]   ( 1124): [9709] [STM] update bitrate: 10004983
D/mstplayer( 1124): [9709] [AVP] send to handle, streaming_msg = 501e
V/[MMP]   ( 1124): [9709] [STM] update_dm, dm_status:0x2, wait_cmd:0x100d, msg:0x5020
V/[MMP]   ( 1124): [9709] [STM] dm: wait_com->IDLE:0x0
D/mstplayer( 1124): [9705] [AVP] notify_msg_cb: 0x5008
D/mstplayer( 1124): [9705] [AVP] update network info, Bandwidth:8082912
D/mstplayer( 1124): [9705] [AVP] streaming event 0x5007, size 16, data 0x0xb0f2d398
W/MediaPlayer( 2133): info/warning (703, 8082912)
V/[MMP]   ( 1124): [9725] [vo] ck_keep, pts:16652, late:-51, thres:40, pts_late:-53 (727006, 726953), color:0, flip:2, release 0, (1, 1), duration:40000
V/[MMP]   ( 1124): [9725] [vo] ck_keep, pts:16692, late:-53, thres:40, pts_late:-54 (727046, 726992), color:0, flip:1, release 0, (1, 1), duration:40000
I/Downloader( 1124): [9710][prog_cb] Progress: 60% (3003000/4994596)
V/[MMP]   ( 1124): [9725] [vo] ck_keep, pts:16732, late:-53, thres:40, pts_late:-54 (727086, 727032), color:0, flip:1, release 0, (1, 1), duration:40000
V/[MMP]   ( 1124): [9725] [vo] ck_keep, pts:16772, late:-51, thres:40, pts_late:-53 (727126, 727073), color:0, flip:2, release 0, (1, 1), duration:40000
I/com.chinanetcenter.iSpeed( 2160): IptablesWatchdogThread > checkThreads
V/[MMP]   ( 1124): [9725] [vo] ck_keep, pts:16812, late:-49, thres:40, pts_late:-52 (727166, 727114), color:0, flip:3, release 0, (1, 1), duration:40000
V/[MMP]   ( 1124): [9725] [vo] ck_keep, pts:16852, late:-55, thres:40, pts_late:-55 (727206, 727151), color:0, flip:0, release 0, (1, 1), duration:40000
V/[MMP]   ( 1124): [9725] [vo] ck_keep, pts:16892, late:-48, thres:40, pts_late:-51 (727246, 727195), color:0, flip:3, release 0, (1, 1), duration:40000
D/MSTAR_VDEC_DBG( 1124): Stream ID: 0, Rate : 24 [Vsync Rate : 24](E:0,D:0,S:3,F:412) 
V/[MMP]   ( 1124): [9725] [vo] ck_keep, pts:16932, late:-52, thres:40, pts_late:-54 (727286, 727232), color:0, flip:2, release 0, (1, 1), duration:40000
V/[MMP]   ( 1124): [9725] [vo] ck_keep, pts:16972, late:-51, thres:40, pts_late:-53 (727326, 727273), color:0, flip:2, release 0, (1, 1), duration:40000
V/[MMP]   ( 1124): [9725] [vo] ck_keep, pts:17012, late:-45, thres:40, pts_late:-47 (727366, 727319), color:0, flip:2, release 0, (1, 1), duration:40000
I/wpa_supplicant( 2497): [CTRL_IFACE] wlan0: 'SIGNAL_POLL'
D/WifiStateMachine( 1558): for gzgd,change score (60)-->(56)
V/[MMP]   ( 1124): [9725] [vo] ck_keep, pts:17052, late:-49, thres:40, pts_late:-52 (727406, 727354), color:0, flip:3, release 0, (1, 1), duration:40000
V/[MMP]   ( 1124): [9725] [vo] ck_keep, pts:17092, late:-53, thres:40, pts_late:-54 (727446, 727392), color:0, flip:1, release 0, (1, 1), duration:40000
V/[MMP]   ( 1124): [9725] [vo] ck_keep, pts:17132, late:-51, thres:40, pts_late:-53 (727486, 727433), color:0, flip:2, release 0, (1, 1), duration:40000
V/[MMP]   ( 1124): [9725] [vo] ck_keep, pts:17172, late:-55, thres:40, pts_late:-55 (727526, 727471), color:0, flip:0, release 0, (1, 1), duration:40000
V/[MMP]   ( 1124): [9725] [vo] ck_keep, pts:17212, late:-49, thres:40, pts_late:-52 (727566, 727514), color:0, flip:3, release 0, (1, 1), duration:40000
V/[MMP]   ( 1124): [9725] [vo] ck_keep, pts:17252, late:-47, thres:40, pts_late:-51 (727606, 727555), color:0, flip:4, release 0, (1, 1), duration:40000
V/[MMP]   ( 1124): [9725] [vo] ck_keep, pts:17292, late:-51, thres:40, pts_late:-53 (727646, 727593), color:0, flip:2, release 0, (1, 1), duration:40000
V/[MMP]   ( 1124): [9725] [vo] ck_keep, pts:17332, late:-55, thres:40, pts_late:-55 (727686, 727631), color:0, flip:0, release 0, (1, 1), duration:40000
V/[MMP]   ( 1124): [9725] [vo] ck_keep, pts:17372, late:-53, thres:40, pts_late:-54 (727726, 727672), color:0, flip:1, release 0, (1, 1), duration:40000
V/[MMP]   ( 1124): [9725] [vo] ck_keep, pts:17412, late:-49, thres:40, pts_late:-52 (727766, 727714), color:0, flip:3, release 0, (1, 1), duration:40000
V/[MMP]   ( 1124): [9725] [vo] ck_keep, pts:17452, late:-51, thres:40, pts_late:-53 (727806, 727753), color:0, flip:2, release 0, (1, 1), duration:40000
V/[MMP]   ( 1124): [9725] [vo] ck_keep, pts:17492, late:-53, thres:40, pts_late:-54 (727846, 727792), color:0, flip:1, release 0, (1, 1), duration:40000
V/[MMP]   ( 1124): [9725] [vo] ck_keep, pts:17532, late:-51, thres:40, pts_late:-53 (727886, 727833), color:0, flip:2, release 0, (1, 1), duration:40000
V/[MMP]   ( 1124): [9725] [vo] ck_keep, pts:17572, late:-51, thres:40, pts_late:-53 (727926, 727873), color:0, flip:2, release 0, (1, 1), duration:40000
I/Downloader( 1124): [9710][prog_cb] Progress: 80% (3999800/4994596)
V/[MMP]   ( 1124): [9725] [vo] ck_keep, pts:17612, late:-49, thres:40, pts_late:-52 (727966, 727914), color:0, flip:3, release 0, (1, 1), duration:40000
V/[MMP]   ( 1124): [9709] [STM] MM: type:0, (q, o)=(0x1000, 0x2009)=>(0x2009, none)
V/[MMP]   ( 1124): [9709] [STM] MM: issue_q_msg:0x2009
V/[MMP]   ( 1124): [9709] [STM] stm_send_dm, msg:0x100d
V/[MMP]   ( 1124): [9709] [STM] update_dm, dm_status:0x0, wait_cmd:0x1000, msg:0x100d
V/[MMP]   ( 1124): [9708] [DM] dm_msg:0x100d
D/msavp_dw_module( 1124): [9708] [DM][m3u8] android_m3u8_get_info, Bandwidth:7707864, Bitrate:10004983
V/[MMP]   ( 1124): [9709] [STM] MM: res1, wait:0x100d, msg:0x400a, q_msg:0x1000, int_msg:0x1000
V/[MMP]   ( 1124): [9709] [STM] MM: res2, wait:0x100d, msg:0x400a, q_msg:0x1000, int_msg:0x1000
V/[MMP]   ( 1124): [9709] [STM] update_dm, dm_status:0x1, wait_cmd:0x100d, msg:0x400a
V/[MMP]   ( 1124): [9709] [STM] dm: wait_rsp->wait_com:0x100d
V/[MMP]   ( 1124): [9709] [STM] MM: res1, wait:0x100d, msg:0x5020, q_msg:0x1000, int_msg:0x1000
V/[MMP]   ( 1124): [9709] [STM] MM: res2, wait:0x100d, msg:0x5020, q_msg:0x1000, int_msg:0x1000
V/[MMP]   ( 1124): [9709] [STM] update bitrate: 10004983
D/mstplayer( 1124): [9709] [AVP] send to handle, streaming_msg = 501e
V/[MMP]   ( 1124): [9709] [STM] update_dm, dm_status:0x2, wait_cmd:0x100d, msg:0x5020
V/[MMP]   ( 1124): [9709] [STM] dm: wait_com->IDLE:0x0
D/mstplayer( 1124): [9705] [AVP] notify_msg_cb: 0x5008
D/mstplayer( 1124): [9705] [AVP] update network info, Bandwidth:7707864
D/mstplayer( 1124): [9705] [AVP] streaming event 0x5007, size 16, data 0x0xb0f2d398
W/MediaPlayer( 2133): info/warning (703, 7707864)
V/[MMP]   ( 1124): [9725] [vo] ck_keep, pts:17652, late:-49, thres:40, pts_late:-52 (728006, 727954), color:0, flip:3, release 0, (1, 1), duration:40000
V/[MMP]   ( 1124): [9725] [vo] ck_keep, pts:17692, late:-49, thres:40, pts_late:-52 (728046, 727994), color:0, flip:3, release 0, (1, 1), duration:40000
D/NtpTrustedTime( 1558): currentTimeMillis() cache hit
V/[MMP]   ( 1124): [9725] [vo] ck_keep, pts:17732, late:-51, thres:40, pts_late:-53 (728086, 728033), color:0, flip:2, release 0, (1, 1), duration:40000
V/[MMP]   ( 1124): [9725] [vo] ck_keep, pts:17772, late:-53, thres:40, pts_late:-54 (728126, 728072), color:0, flip:1, release 0, (1, 1), duration:40000
D/NtpTrustedTime( 1558): currentTimeMillis() cache hit
V/broadcast( 1558): Start process parallel broadcast: com.android.server.action.NETWORK_STATS_UPDATED to com.android.server.net.NetworkPolicyManagerService$7@11c537ad
D/NtpTrustedTime( 1558): currentTimeMillis() cache hit
D/NtpTrustedTime( 1558): currentTimeMillis() cache hit
V/broadcast( 1558): End process parallel broadcast: com.android.server.action.NETWORK_STATS_UPDATED to com.android.server.net.NetworkPolicyManagerService$7@11c537ad
I/com.chinanetcenter.iSpeed( 2160): IptablesWatchdogThread > checkThreads
V/[MMP]   ( 1124): [9725] [vo] ck_keep, pts:17812, late:-51, thres:40, pts_late:-53 (728166, 728113), color:0, flip:2, release 0, (1, 1), duration:40000
V/[MMP]   ( 1124): [9725] [vo] ck_keep, pts:17852, late:-53, thres:40, pts_late:-54 (728206, 728152), color:0, flip:1, release 0, (1, 1), duration:40000
V/[MMP]   ( 1124): [9725] [vo] ck_keep, pts:17892, late:-51, thres:40, pts_late:-53 (728246, 728193), color:0, flip:2, release 0, (1, 1), duration:40000
V/[MMP]   ( 1124): [9725] [vo] ck_keep, pts:17932, late:-53, thres:40, pts_late:-54 (728286, 728232), color:0, flip:1, release 0, (1, 1), duration:40000
V/[MMP]   ( 1124): [9725] [vo] ck_keep, pts:17972, late:-49, thres:40, pts_late:-52 (728326, 728274), color:0, flip:3, release 0, (1, 1), duration:40000
D/MSTAR_VDEC_DBG( 1124): Stream ID: 0, Rate : 25 [Vsync Rate : 25](E:0,D:0,S:3,F:438) 
V/[MMP]   ( 1124): [9725] [vo] ck_keep, pts:18012, late:-50, thres:40, pts_late:-52 (728366, 728314), color:0, flip:2, release 0, (1, 1), duration:40000
V/[MMP]   ( 1124): [9725] [vo] ck_keep, pts:18052, late:-53, thres:40, pts_late:-54 (728406, 728352), color:0, flip:1, release 0, (1, 1), duration:40000
V/[MMP]   ( 1124): [9725] [vo] ck_keep, pts:18092, late:-53, thres:40, pts_late:-54 (728446, 728392), color:0, flip:1, release 0, (1, 1), duration:40000
V/[MMP]   ( 1124): [9709] [STM] write_from_file2_mem2_head, w_pos:19652944
V/[MMP]   ( 1124): [9725] [vo] ck_keep, pts:18132, late:-49, thres:40, pts_late:-52 (728486, 728434), color:0, flip:3, release 0, (1, 1), duration:40000
V/[MMP]   ( 1124): [9725] [vo] ck_keep, pts:18172, late:-53, thres:40, pts_late:-54 (728526, 728472), color:0, flip:1, release 0, (1, 1), duration:40000
V/[MMP]   ( 1124): [9725] [vo] ck_keep, pts:18212, late:-53, thres:40, pts_late:-54 (728566, 728512), color:0, flip:1, release 0, (1, 1), duration:40000
V/[MMP]   ( 1124): [9725] [vo] ck_keep, pts:18252, late:-49, thres:40, pts_late:-52 (728606, 728554), color:0, flip:3, release 0, (1, 1), duration:40000
V/[MMP]   ( 1124): [9725] [vo] ck_keep, pts:18292, late:-52, thres:40, pts_late:-53 (728646, 728593), color:0, flip:1, release 0, (1, 1), duration:40000
V/[MMP]   ( 1124): [9725] [vo] ck_keep, pts:18332, late:-51, thres:40, pts_late:-53 (728686, 728633), color:0, flip:2, release 0, (1, 1), duration:40000
V/[MMP]   ( 1124): [9725] [vo] ck_keep, pts:18372, late:-53, thres:40, pts_late:-54 (728726, 728672), color:0, flip:1, release 0, (1, 1), duration:40000
I/Downloader( 1124): [9710][prog_cb]  warning:: downloadedSize : 4994596  >  fileSize :4994596 
I/Downloader( 1124): [9710][prog_cb] Progress: 100% (4994596/4994596)
I/Downloader( 1124): [9710][prog_cb]  warning:: downloadedSize : 4994596  >  fileSize :4994596 
I/Downloader( 1124): [9710][prog_cb]  warning:: downloadedSize : 4994596  >  fileSize :4994596 
I/Downloader( 1124): [9710][prog_cb]  warning:: downloadedSize : 4994596  >  fileSize :4994596 
D/DataSource_M3U8( 1124): [9711][checkShouldStartNext][2485] M3u8 download next url:http://10.21.12.5:5005/nn_live/nn_x64/aWQ9MjMyLTEwLTItNTEmbm5fZmlsZV9pbmRleD0zMDIxODEzMTcmbm5fZmlsZV9uYW1lPTIwMTcxMTE3VDA4MTYyNV8wMDBaJm5uX2ZpbGVfdGltZT0yMDE3MTExN1QwODE2MjVaJm5uX2ZpbGVfZW5kPTUwMDI0OTImbm5fbTN1OD0xJm5kdD1zdGImdWlkPTAxMDEwMTE2MDkxMjAxMDAwMjE2Jm5kaT0wMTAxMDExNjA5MTIwMTAwMDIxNiZuZ3M9NWEwZTlhZmIyN2E0MmE5YTY5MjkzMTI3OTE3ZGMyOTkmbmNtc2lkPTExMDEyNQ,,/232-10-2-51.ts, knowedFileSize:0, mCurDowningIndex:0
D/Downloader( 1124): [9711][setDownloaderServer][2423] (0x0xb0d11000)setDownloaderServer : NULL 
D/Downloader( 1124): [9711][reset_server_semaphore][2332] (0x0xb0d11000)reset_server_semaphore  
D/Downloader( 1124): [9711][downloader_postCmd] downloader_postCmd : 1 
D/Downloader( 1124): [9711][wait_server_cb_done][2304] (0x0xb0d11000)wait event : 4  
I/Downloader( 1124): [9710][messenger_loop]  Receive download cmd : 1 
D/Downloader( 1124): [9710][removeTask][1383] removeTask...  
I/Downloader( 1124): [9710][removeTask] remove task:0  mDownloadingTask.http_handle : 0xb33f7000 
I/Downloader( 1124): 
D/Downloader( 1124): [9710][messenger_loop][1583]  cmd_info rangeStr=0-    range= 0  taskIndex=0  
D/Downloader( 1124): [9710][messenger_loop][1584]  cmd_info bCheckDiscFlag = 0    bStreamingDisc = 0  
D/Downloader( 1124): [9710][messenger_loop][1588]  download without Drop mode.
D/Downloader( 1124): [9710][StartTask][1149] [0xb33f7000]url :http://10.21.12.5:5005/nn_live/nn_x64/aWQ9MjMyLTEwLTItNTEmbm5fZmlsZV9pbmRleD0zMDIxODEzMTcmbm5fZmlsZV9uYW1lPTIwMTcxMTE3VDA4MTYyNV8wMDBaJm5uX2ZpbGVfdGltZT0yMDE3MTExN1QwODE2MjVaJm5uX2ZpbGVfZW5kPTUwMDI0OTImbm5fbTN1OD0xJm5kdD1zdGImdWlkPTAxMDEwMTE2MDkxMjAxMDAwMjE2Jm5kaT0wMTAxMDExNjA5MTIwMTAwMDIxNiZuZ3M9NWEwZTlhZmIyN2E0MmE5YTY5MjkzMTI3OTE3ZGMyOTkmbmNtc2lkPTExMDEyNQ,,/232-10-2-51.ts
D/Downloader( 1124): [9710][StartTask][1209] reconect to server with drop mode ,  mStreamTotalDrop = 0 
D/Downloader( 1124): [9710][StartTask][1235] Set CURLOPT_TCP_NODELAY .
D/DataSource_M3U8( 1124): [9710][downloader_event_calllback][198] [0xb0c74000] downloader_event :  0   info=302181313 
D/mstplayer( 1124): [9710] notify player event : 10086   extra_info = 302181313
W/MediaPlayer( 2133): info/warning (10086, 302181313)
I/Downloader( 1124): [9710][messenger_loop] still_running = 1
V/[MMP]   ( 1124): [9725] [vo] ck_keep, pts:18412, late:-51, thres:40, pts_late:-53 (728766, 728713), color:0, flip:2, release 0, (1, 1), duration:40000
V/[MMP]   ( 1124): [9725] [vo] ck_keep, pts:18452, late:-55, thres:40, pts_late:-55 (728806, 728751), color:0, flip:0, release 0, (1, 1), duration:40000
V/[MMP]   ( 1124): [9725] [vo] ck_keep, pts:18492, late:-51, thres:40, pts_late:-53 (728846, 728793), color:0, flip:2, release 0, (1, 1), duration:40000
V/[MMP]   ( 1124): [9725] [vo] ck_keep, pts:18532, late:-51, thres:40, pts_late:-54 (728886, 728832), color:0, flip:3, release 0, (1, 1), duration:40000
V/[MMP]   ( 1124): [9725] [vo] ck_keep, pts:18572, late:-48, thres:40, pts_late:-52 (728926, 728874), color:0, flip:4, release 0, (1, 1), duration:40000
V/[MMP]   ( 1124): [9725] [vo] ck_keep, pts:18612, late:-49, thres:40, pts_late:-52 (728966, 728914), color:0, flip:3, release 0, (1, 1), duration:40000
V/[MMP]   ( 1124): [9709] [STM] MM: type:0, (q, o)=(0x1000, 0x2009)=>(0x2009, none)
V/[MMP]   ( 1124): [9709] [STM] MM: issue_q_msg:0x2009
V/[MMP]   ( 1124): [9709] [STM] stm_send_dm, msg:0x100d
V/[MMP]   ( 1124): [9709] [STM] update_dm, dm_status:0x0, wait_cmd:0x1000, msg:0x100d
V/[MMP]   ( 1124): [9708] [DM] dm_msg:0x100d
D/msavp_dw_module( 1124): [9708] [DM][m3u8] android_m3u8_get_info, Bandwidth:0, Bitrate:10004983
V/[MMP]   ( 1124): [9709] [STM] MM: res1, wait:0x100d, msg:0x400a, q_msg:0x1000, int_msg:0x1000
V/[MMP]   ( 1124): [9709] [STM] MM: res2, wait:0x100d, msg:0x400a, q_msg:0x1000, int_msg:0x1000
V/[MMP]   ( 1124): [9709] [STM] update_dm, dm_status:0x1, wait_cmd:0x100d, msg:0x400a
V/[MMP]   ( 1124): [9709] [STM] dm: wait_rsp->wait_com:0x100d
V/[MMP]   ( 1124): [9709] [STM] MM: res1, wait:0x100d, msg:0x5020, q_msg:0x1000, int_msg:0x1000
V/[MMP]   ( 1124): [9709] [STM] MM: res2, wait:0x100d, msg:0x5020, q_msg:0x1000, int_msg:0x1000
V/[MMP]   ( 1124): [9709] [STM] update bitrate: 10004983
D/mstplayer( 1124): [9709] [AVP] send to handle, streaming_msg = 501e
V/[MMP]   ( 1124): [9709] [STM] update_dm, dm_status:0x2, wait_cmd:0x100d, msg:0x5020
V/[MMP]   ( 1124): [9709] [STM] dm: wait_com->IDLE:0x0
D/mstplayer( 1124): [9705] [AVP] notify_msg_cb: 0x5008
D/mstplayer( 1124): [9705] [AVP] update network info, Bandwidth:0
D/mstplayer( 1124): [9705] [AVP] streaming event 0x5007, size 16, data 0x0xb0f2d398
W/MediaPlayer( 2133): info/warning (703, 0)
V/[MMP]   ( 1124): [9725] [vo] ck_keep, pts:18652, late:-51, thres:40, pts_late:-53 (729006, 728953), color:0, flip:2, release 0, (1, 1), duration:40000
V/[MMP]   ( 1124): [9725] [vo] ck_keep, pts:18692, late:-40, thres:40, pts_late:-42 (729046, 729004), color:0, flip:2, release 0, (1, 1), duration:40000
V/[MMP]   ( 1124): [9725] [vo] ck_keep, pts:18732, late:-51, thres:40, pts_late:-53 (729086, 729033), color:0, flip:2, release 0, (1, 1), duration:40000
V/[MMP]   ( 1124): [9725] [vo] ck_keep, pts:18772, late:-53, thres:40, pts_late:-54 (729126, 729072), color:0, flip:1, release 0, (1, 1), duration:40000
I/com.chinanetcenter.iSpeed( 2160): IptablesWatchdogThread > checkThreads
V/[MMP]   ( 1124): [9725] [vo] ck_keep, pts:18812, late:-51, thres:40, pts_late:-53 (729166, 729113), color:0, flip:2, release 0, (1, 1), duration:40000
V/[MMP]   ( 1124): [9725] [vo] ck_keep, pts:18852, late:-53, thres:40, pts_late:-54 (729206, 729152), color:0, flip:1, release 0, (1, 1), duration:40000
V/netx    ( 2133): gointo 4  out true
V/StatusBarService( 2133): true up0 true
V/[MMP]   ( 1124): [9725] [vo] ck_keep, pts:18892, late:-53, thres:40, pts_late:-54 (729246, 729192), color:0, flip:1, release 0, (1, 1), duration:40000
V/[MMP]   ( 1124): [9725] [vo] ck_keep, pts:18932, late:-44, thres:40, pts_late:-46 (729286, 729240), color:0, flip:2, release 0, (1, 1), duration:40000
V/[MMP]   ( 1124): [9714] [STM] mem2_wrap_around
V/[MMP]   ( 1124): [9714] [STM] read_from_file2_mem2_head, time_mode, read_pos:19652944
V/[MMP]   ( 1124): [9725] [vo] ck_keep, pts:18972, late:-49, thres:40, pts_late:-52 (729326, 729274), color:0, flip:3, release 0, (1, 1), duration:40000
I/Downloader( 1124): [9710][header_callback] HTTP/1.1 200 OK
I/Downloader( 1124): [9710][header_callback] Server: nmds/3.32.29/20170927
I/Downloader( 1124): [9710][header_callback] nn_nmds_id: 110125
I/Downloader( 1124): [9710][header_callback] Connection: close
I/Downloader( 1124): [9710][header_callback] Date: Fri, 17 Nov 2017 08:17:20 GMT
I/Downloader( 1124): [9710][header_callback] Content-Length: 5002492
I/Downloader( 1124): [9710][header_callback] Get file size from 'Content-Length:' : 5002492, ptask->range 0
I/Downloader( 1124): [9710][header_callback] Content-Range: bytes 0-5002491/5002492
I/Downloader( 1124): [9710][header_callback] Get file size from 'Content-Range: bytes' : 5002492
I/Downloader( 1124): [9710][header_callback] nn_via: 110125,100002
I/Downloader( 1124): [9710][header_callback] 
D/Downloader( 1124): [9710][receive_data][393] [downloader][dump_data] 47 40 00 12 00 00 b0 0d 00 01 c5 00 00 00 01 e0
D/Downloader( 1124): [9710][receive_data][393] [downloader][dump_data] 20 9b 5f 94 b2 ff ff ff ff ff ff ff ff ff ff ff
I/Downloader( 1124): [9710][prog_cb] Progress: 0% (2800/5002492)
D/DataSource_M3U8( 1124): [9708][readAt][2046] [M3u8][dump_data] 47 40 00 12 00 00 b0 0d 00 01 c5 00 00 00 01 e0
D/DataSource_M3U8( 1124): [9708][readAt][2046] [M3u8][dump_data] 20 9b 5f 94 b2 ff ff ff ff ff ff ff ff ff ff ff
V/[MMP]   ( 1124): [9725] [vo] ck_keep, pts:19012, late:-49, thres:40, pts_late:-52 (729366, 729314), color:0, flip:3, release 0, (1, 1), duration:40000
D/MSTAR_VDEC_DBG( 1124): Stream ID: 0, Rate : 25 [Vsync Rate : 25](E:0,D:0,S:3,F:464) 
V/[MMP]   ( 1124): [9725] [vo] ck_keep, pts:19052, late:-49, thres:40, pts_late:-52 (729406, 729354), color:0, flip:3, release 0, (1, 1), duration:40000
V/[MMP]   ( 1124): [9725] [vo] ck_keep, pts:19092, late:-53, thres:40, pts_late:-54 (729446, 729392), color:0, flip:1, release 0, (1, 1), duration:40000
V/[MMP]   ( 1124): [9725] [vo] ck_keep, pts:19132, late:-51, thres:40, pts_late:-53 (729486, 729433), color:0, flip:2, release 0, (1, 1), duration:40000
V/[MMP]   ( 1124): [9725] [vo] ck_keep, pts:19172, late:-52, thres:40, pts_late:-54 (729526, 729472), color:0, flip:2, release 0, (1, 1), duration:40000
D/com.chinanetcenter.iSpeed( 2160): AccessibilityServiceDaemonTask > accessibilityEnabled = 1
V/[MMP]   ( 1124): [9725] [vo] ck_keep, pts:19212, late:-53, thres:40, pts_late:-54 (729566, 729512), color:0, flip:1, release 0, (1, 1), duration:40000
V/[MMP]   ( 1124): [9725] [vo] ck_keep, pts:19252, late:-53, thres:40, pts_late:-54 (729606, 729552), color:0, flip:1, release 0, (1, 1), duration:40000
V/[MMP]   ( 1124): [9714] evan add for debug rebuffer_size 2 964, 1880
V/[MMP]   ( 1124): [9714] [STM] handle_read_rebuffer ins_z:916, data_z:0
V/[MMP]   ( 1124): [9714] [STM] need_rebuffer mode:1, data_z: 0 < in_size: 916, r_idx:1, offsest:20008092, r1(0, 3928) r2(19652944, 20008092), w1(0, 3928), w2(19652944, 20008092)
V/[MMP]   ( 1124): [9714] [STM] judge_need_enter_rebuffer, ret:1, stop_lock:0, w_full:0, net_err:0, mem_full:0, w_pos:20008092, f_size:-1
V/[MMP]   ( 1124): [9714] [STM] min_rebuffering_mode, in_size:916, rebuffer_size:916, r_idx:1
V/[MMP]   ( 1124): [9714] [STM] cb_rb_read_enter, offset:20008092, in_size:916, req_size:916
V/[MMP]   ( 1124): [9714] [STM] cb_read, target_read_offset:20008092, r_idx:1, (3928, 20008092) w_idx:1, [0, 3928] [19652944, 20008092]
V/[MMP]   ( 1124): [9714] [STM] send rebuffer msg
V/[MMP]   ( 1124): [9714] [STM] stm_rebuffer_callback
D/mstplayer( 1124): [9714] [AVP] ap_rebuffer_callback, min rebuffer mode:1
V/[MMP]   ( 1124): [9709] [STM] write_data buffering... z:0 < 916, pos: 20008092 < 20009008, f_z:-1, is_data_enough:0
V/[MMP]   ( 1124): [9709] [STM] rebuffer percent: [-1->0], cur:0, total:916
V/[MMP]   ( 1124): [9709] [STM] MM: type:0, (q, o)=(0x1000, 0x2008)=>(0x2008, none)
V/[MMP]   ( 1124): [9709] [STM] write_data buffering... z:0 < 916, pos: 20008092 < 20009008, f_z:-1, is_data_enough:0
V/[MMP]   ( 1124): [9709] [STM] MM: issue_q_msg:0x2008
D/mstplayer( 1124): [9709] [AVP] send to handle, streaming_msg = 501b
D/mstplayer( 1124): [9705] [AVP] streaming event 0x5005, size 4, data 0x0xb0f2aa80
V/[MMP]   ( 1124): [9709] [STM] write_data buffering... z:0 < 916, pos: 20008092 < 20009008, f_z:-1, is_data_enough:0
V/[MMP]   ( 1124): [9709] [STM] write_data buffering... z:0 < 916, pos: 20008092 < 20009008, f_z:-1, is_data_enough:0
V/[MMP]   ( 1124): [9709] [STM] write_data buffering... z:0 < 916, pos: 20008092 < 20009008, f_z:-1, is_data_enough:0
V/[MMP]   ( 1124): [9709] [STM] write_data buffering... z:0 < 916, pos: 20008092 < 20009008, f_z:-1, is_data_enough:0
V/[MMP]   ( 1124): [9709] [STM] write_data buffering... z:0 < 916, pos: 20008092 < 20009008, f_z:-1, is_data_enough:0
V/[MMP]   ( 1124): [9709] [STM] write_data buffering... z:0 < 916, pos: 20008092 < 20009008, f_z:-1, is_data_enough:0
V/[MMP]   ( 1124): [9709] [STM] write_data buffering... z:0 < 916, pos: 20008092 < 20009008, f_z:-1, is_data_enough:0
V/[MMP]   ( 1124): [9709] [STM] write_data buffering... z:0 < 916, pos: 20008092 < 20009008, f_z:-1, is_data_enough:0
V/[MMP]   ( 1124): [9709] [STM] write_data buffering... z:0 < 916, pos: 20008092 < 20009008, f_z:-1, is_data_enough:0
V/[MMP]   ( 1124): [9709] [STM] write_data buffering... z:0 < 916, pos: 20008092 < 20009008, f_z:-1, is_data_enough:0
V/[MMP]   ( 1124): [9709] [STM] write_data buffering... z:0 < 916, pos: 20008092 < 20009008, f_z:-1, is_data_enough:0
V/[MMP]   ( 1124): [9709] [STM] write_data buffering... z:0 < 916, pos: 20008092 < 20009008, f_z:-1, is_data_enough:0
V/[MMP]   ( 1124): [9709] [STM] write_data buffering... z:0 < 916, pos: 20008092 < 20009008, f_z:-1, is_data_enough:0
V/[MMP]   ( 1124): [9709] [STM] write_data buffering... z:0 < 916, pos: 20008092 < 20009008, f_z:-1, is_data_enough:0
V/[MMP]   ( 1124): [9709] [STM] write_data buffering... z:0 < 916, pos: 20008092 < 20009008, f_z:-1, is_data_enough:0
V/[MMP]   ( 1124): [9709] [STM] write_data buffering... z:0 < 916, pos: 20008092 < 20009008, f_z:-1, is_data_enough:0
V/[MMP]   ( 1124): [9709] [STM] write_data buffering... z:0 < 916, pos: 20008092 < 20009008, f_z:-1, is_data_enough:0
V/[MMP]   ( 1124): [9709] [STM] write_data buffering... z:0 < 916, pos: 20008092 < 20009008, f_z:-1, is_data_enough:0
V/[MMP]   ( 1124): [9709] [STM] write_data buffering... z:0 < 916, pos: 20008092 < 20009008, f_z:-1, is_data_enough:0
V/[MMP]   ( 1124): [9709] [STM] write_data buffering... z:0 < 916, pos: 20008092 < 20009008, f_z:-1, is_data_enough:0
V/[MMP]   ( 1124): [9709] [STM] write_data buffering... z:0 < 916, pos: 20008092 < 20009008, f_z:-1, is_data_enough:0
V/[MMP]   ( 1124): [9709] [STM] write_data buffering... z:0 < 916, pos: 20008092 < 20009008, f_z:-1, is_data_enough:0
V/[MMP]   ( 1124): [9709] [STM] write_data buffering... z:0 < 916, pos: 20008092 < 20009008, f_z:-1, is_data_enough:0
V/[MMP]   ( 1124): [9709] [STM] write_data buffering... z:0 < 916, pos: 20008092 < 20009008, f_z:-1, is_data_enough:0
V/[MMP]   ( 1124): [9709] [STM] write_data buffering... z:0 < 916, pos: 20008092 < 20009008, f_z:-1, is_data_enough:0
V/[MMP]   ( 1124): [9709] [STM] write_data buffering... z:0 < 916, pos: 20008092 < 20009008, f_z:-1, is_data_enough:0
V/[MMP]   ( 1124): [9709] [STM] write_data buffering... z:0 < 916, pos: 20008092 < 20009008, f_z:-1, is_data_enough:0
V/[MMP]   ( 1124): [9709] [STM] write_data buffering... z:2800 < 916, pos: 20010892 < 20009008, f_z:-1, is_data_enough:0
V/[MMP]   ( 1124): [9709] [STM] cb_write_rb_done_post! mem_full:0, w_full:0, net_err:0, w_pos:20010892, f_size:-1
V/[MMP]   ( 1124): [9709] [STM] cb_write, target_write_offset:20010892, r_idx:1, (3928, 20008092) w_idx:1, [0, 3928] [19652944, 20010892]
V/[MMP]   ( 1124): [9709] [STM] send rebuffer_done msg, cb_status:0
V/[MMP]   ( 1124): [9709] [STM] stm_rebuffer_done_callback
D/mstplayer( 1124): [9709] [AVP] ap_rebuffer_done_callback, need_skip_next_rb_done:1
V/[MMP]   ( 1124): [9714] [STM] cb_rb_read_leave, cb_status:0, stop_lock:0, f_z:-1, w_pos:20010892, mem_full:0
V/[MMP]   ( 1124): [9714] evan add for debug rebuffer_size 2 4, 1880
V/[MMP]   ( 1124): [9714] [STM] handle_read_rebuffer ins_z:1876, data_z:0
V/[MMP]   ( 1124): [9714] [STM] need_rebuffer mode:1, data_z: 0 < in_size: 1876, r_idx:1, offsest:20010892, r1(0, 3928) r2(19652944, 20010892), w1(0, 3928), w2(19652944, 20010892)
V/[MMP]   ( 1124): [9714] [STM] judge_need_enter_rebuffer, ret:1, stop_lock:0, w_full:0, net_err:0, mem_full:0, w_pos:20010892, f_size:-1
V/[MMP]   ( 1124): [9714] [STM] min_rebuffering_mode, in_size:1876, rebuffer_size:1876, r_idx:1
V/[MMP]   ( 1124): [9714] [STM] cb_rb_read_enter, offset:20010892, in_size:1876, req_size:1876
V/[MMP]   ( 1124): [9714] [STM] cb_read, target_read_offset:20010892, r_idx:1, (3928, 20010892) w_idx:1, [0, 3928] [19652944, 20010892]
V/[MMP]   ( 1124): [9714] [STM] send rebuffer msg
V/[MMP]   ( 1124): [9714] [STM] stm_rebuffer_callback
D/mstplayer( 1124): [9714] [AVP] ap_rebuffer_callback, min rebuffer mode:1
V/[MMP]   ( 1124): [9709] [STM] write_data buffering... z:4200 < 1876, pos: 20015092 < 20012768, f_z:-1, is_data_enough:0
V/[MMP]   ( 1124): [9709] [STM] cb_write_rb_done_post! mem_full:0, w_full:0, net_err:0, w_pos:20015092, f_size:-1
V/[MMP]   ( 1124): [9709] [STM] cb_write, target_write_offset:20015092, r_idx:1, (3928, 20010892) w_idx:1, [0, 3928] [19652944, 20015092]
V/[MMP]   ( 1124): [9709] [STM] send rebuffer_done msg, cb_status:0
V/[MMP]   ( 1124): [9709] [STM] stm_rebuffer_done_callback
D/mstplayer( 1124): [9709] [AVP] ap_rebuffer_done_callback, need_skip_next_rb_done:1
V/[MMP]   ( 1124): [9714] [STM] cb_rb_read_leave, cb_status:0, stop_lock:0, f_z:-1, w_pos:20015092, mem_full:0
V/[MMP]   ( 1124): [9714] evan add for debug rebuffer_size 2 444, 1880
V/[MMP]   ( 1124): [9714] [STM] handle_read_rebuffer ins_z:1436, data_z:0
V/[MMP]   ( 1124): [9714] [STM] need_rebuffer mode:1, data_z: 0 < in_size: 1436, r_idx:1, offsest:20015092, r1(0, 3928) r2(19652944, 20015092), w1(0, 3928), w2(19652944, 20015092)
V/[MMP]   ( 1124): [9714] [STM] judge_need_enter_rebuffer, ret:1, stop_lock:0, w_full:0, net_err:0, mem_full:0, w_pos:20015092, f_size:-1
V/[MMP]   ( 1124): [9714] [STM] min_rebuffering_mode, in_size:1436, rebuffer_size:1436, r_idx:1
V/[MMP]   ( 1124): [9714] [STM] cb_rb_read_enter, offset:20015092, in_size:1436, req_size:1436
V/[MMP]   ( 1124): [9714] [STM] cb_read, target_read_offset:20015092, r_idx:1, (3928, 20015092) w_idx:1, [0, 3928] [19652944, 20015092]
V/[MMP]   ( 1124): [9714] [STM] send rebuffer msg
V/[MMP]   ( 1124): [9714] [STM] stm_rebuffer_callback
V/[MMP]   ( 1124): [9725] [vo] ck_keep, pts:19292, late:-51, thres:40, pts_late:-53 (729646, 729593), color:0, flip:2, release 0, (1, 1), duration:40000
D/mstplayer( 1124): [9714] [AVP] ap_rebuffer_callback, min rebuffer mode:1
V/[MMP]   ( 1124): [9709] [STM] write_data buffering... z:4200 < 1436, pos: 20019292 < 20016528, f_z:-1, is_data_enough:0
V/[MMP]   ( 1124): [9709] [STM] cb_write_rb_done_post! mem_full:0, w_full:0, net_err:0, w_pos:20019292, f_size:-1
V/[MMP]   ( 1124): [9709] [STM] cb_write, target_write_offset:20019292, r_idx:1, (3928, 20015092) w_idx:1, [0, 3928] [19652944, 20019292]
V/[MMP]   ( 1124): [9709] [STM] send rebuffer_done msg, cb_status:0
V/[MMP]   ( 1124): [9709] [STM] stm_rebuffer_done_callback
D/mstplayer( 1124): [9709] [AVP] ap_rebuffer_done_callback, need_skip_next_rb_done:1
