I/AdvancedPorting-PORT_MODULE_NET(10093): network_task while... 
I/AdvancedPorting-PORT_MODULE_NET(10093): 0 interface name: lo
I/AdvancedPorting-PORT_MODULE_NET(10093): 1 interface name: wlan0
I/AdvancedPorting-PORT_MODULE_NET(10093): First interface name: lo
I/AdvancedPorting-PORT_MODULE_NET(10093): network_task while...  net_i:1
I/AdvancedPorting-PORT_MODULE_NET(10093): network_task while---name_interface[0]=lo
I/AdvancedPorting-PORT_MODULE_NET(10093): network_task while---name_interface[1]=wlan0
I/AdvancedPorting-PORT_MODULE_NET(10093): network_task while---interface_name=wlan0
I/AdvancedPorting-PORT_MODULE_NET(10093): network_get_netlink_status(in)--if_name=wlan0
I/AdvancedPorting-PORT_MODULE_NET(10093): net.network.isconnected = no
I/AdvancedPorting-PORT_MODULE_NET(10093): wlan0 --network_get_netlink_status return retval=1
I/AdvancedPorting-PORT_MODULE_NET(10093): stat = 1 last_status = 1
I/Advanced(10093): [QUEUE] share_queue_sendEx size:1 4097 10147 0x9e2b8a48,postLoopId:0,dstid:1.
I/com.chinanetcenter.iSpeed( 2198): IptablesWatchdogThread > checkThreads
I/Advanced(10093): [QUEUE] share_queue_sendEx size:1 4097 10148 0x9e2b8a48,postLoopId:0,dstid:1.
I/wpa_supplicant( 2430): [CTRL_IFACE] wlan0: 'SIGNAL_POLL'
D/WifiStateMachine( 1568): for gzgd,change score (60)-->(56)
I/Advanced(10093): [QUEUE] share_queue_sendEx size:1 4097 10149 0x9e2b8a48,postLoopId:0,dstid:1.
I/Advanced(10093): [QUEUE] share_queue_sendEx size:1 4097 10150 0x9e2b8a48,postLoopId:0,dstid:1.
V/netx    ( 2157): gointo 4  out true
V/StatusBarService( 2157): false up0 true
I/AdvancedPorting-PORT_MODULE_NET(10093): network_task while... 
I/AdvancedPorting-PORT_MODULE_NET(10093): 0 interface name: lo
I/AdvancedPorting-PORT_MODULE_NET(10093): 1 interface name: wlan0
I/AdvancedPorting-PORT_MODULE_NET(10093): First interface name: lo
I/AdvancedPorting-PORT_MODULE_NET(10093): network_task while...  net_i:1
I/AdvancedPorting-PORT_MODULE_NET(10093): network_task while---name_interface[0]=lo
I/AdvancedPorting-PORT_MODULE_NET(10093): network_task while---name_interface[1]=wlan0
I/AdvancedPorting-PORT_MODULE_NET(10093): network_task while---interface_name=wlan0
I/AdvancedPorting-PORT_MODULE_NET(10093): network_get_netlink_status(in)--if_name=wlan0
I/AdvancedPorting-PORT_MODULE_NET(10093): net.network.isconnected = no
I/AdvancedPorting-PORT_MODULE_NET(10093): wlan0 --network_get_netlink_status return retval=1
I/AdvancedPorting-PORT_MODULE_NET(10093): stat = 1 last_status = 1
I/Advanced(10093): [QUEUE] share_queue_sendEx size:1 4097 10152 0x9e2b8a48,postLoopId:0,dstid:1.
I/com.chinanetcenter.iSpeed( 2198): IptablesWatchdogThread > checkThreads
I/Advanced(10093): [QUEUE] share_queue_sendEx size:1 4097 10153 0x9e2b8a48,postLoopId:0,dstid:1.
W/System.err( 2585): java.net.UnknownHostException: Unable to resolve host "null": No address associated with hostname
W/System.err( 2585): 	at java.net.InetAddress.lookupHostByName(InetAddress.java:461)
W/System.err( 2585): 	at java.net.InetAddress.getAllByNameImpl(InetAddress.java:252)
W/System.err( 2585): 	at java.net.InetAddress.getAllByName(InetAddress.java:215)
W/System.err( 2585): 	at com.android.okhttp.HostResolver$1.getAllByName(HostResolver.java:29)
W/System.err( 2585): 	at com.android.okhttp.internal.http.RouteSelector.resetNextInetSocketAddress(RouteSelector.java:232)
W/System.err( 2585): 	at com.android.okhttp.internal.http.RouteSelector.next(RouteSelector.java:124)
W/System.err( 2585): 	at com.android.okhttp.internal.http.HttpEngine.connect(HttpEngine.java:272)
W/System.err( 2585): 	at com.android.okhttp.internal.http.HttpEngine.sendRequest(HttpEngine.java:211)
W/System.err( 2585): 	at com.android.okhttp.internal.http.HttpURLConnectionImpl.execute(HttpURLConnectionImpl.java:382)
W/System.err( 2585): 	at com.android.okhttp.internal.http.HttpURLConnectionImpl.connect(HttpURLConnectionImpl.java:106)
W/System.err( 2585): 	at com.android.okhttp.internal.http.HttpURLConnectionImpl.getOutputStream(HttpURLConnectionImpl.java:217)
W/System.err( 2585): 	at com.starcor.xul.XulWorker._doDownload(XulWorker.java:1193)
W/System.err( 2585): 	at com.starcor.xul.XulWorker.loadData(XulWorker.java:495)
W/System.err( 2585): 	at com.starcor.xulapp.http.XulHttpClientFilter.doHttpRequest(XulHttpClientFilter.java:92)
W/System.err( 2585): 	at com.starcor.xulapp.http.XulHttpClientFilter.access$000(XulHttpClientFilter.java:16)
W/System.err( 2585): 	at com.starcor.xulapp.http.XulHttpClientFilter$1.run(XulHttpClientFilter.java:144)
W/System.err( 2585): Caused by: android.system.GaiException: android_getaddrinfo failed: EAI_NODATA (No address associated with hostname)
W/System.err( 2585): 	at libcore.io.Posix.android_getaddrinfo(Native Method)
W/System.err( 2585): 	at libcore.io.ForwardingOs.android_getaddrinfo(ForwardingOs.java:55)
W/System.err( 2585): 	at java.net.InetAddress.lookupHostByName(InetAddress.java:442)
W/System.err( 2585): 	... 15 more
D/XulHttpStatisticFilter( 2585): ----- n602_a_1 -----
D/XulHttpStatisticFilter( 2585): REQU : 1.946 - OTT request compensator
D/XulHttpStatisticFilter( 2585): REQU : 0.021 - OTT Api cache
D/XulHttpStatisticFilter( 2585): REQU : 0.006 - OTT Fake Data
D/XulHttpStatisticFilter( 2585): RESP : 40043.997 - http client
D/XulHttpStatisticFilter( 2585): RESP : 0.004 - OTT Fake Data
D/XulHttpStatisticFilter( 2585): RESP : 0.010 - OTT Api cache
D/XulHttpStatisticFilter( 2585): RESP : 0.002 - OTT request compensator
D/DataUploader( 2585): uploadData response XulHttpResponse{code=1900, data=Object, headers=Object, message=Unable to resolve host "null": No address associated with hostname, request=Object} 
I/Advanced(10093): [QUEUE] share_queue_sendEx size:1 4097 10154 0x9e2b8a48,postLoopId:0,dstid:1.
I/Advanced(10093): [QUEUE] share_queue_sendEx size:1 4097 10156 0x9e2b8a48,postLoopId:0,dstid:1.
I/AdvancedPorting-PORT_MODULE_NET(10093): network_task while... 
I/AdvancedPorting-PORT_MODULE_NET(10093): 0 interface name: lo
I/AdvancedPorting-PORT_MODULE_NET(10093): 1 interface name: wlan0
I/AdvancedPorting-PORT_MODULE_NET(10093): First interface name: lo
I/AdvancedPorting-PORT_MODULE_NET(10093): network_task while...  net_i:1
I/AdvancedPorting-PORT_MODULE_NET(10093): network_task while---name_interface[0]=lo
I/AdvancedPorting-PORT_MODULE_NET(10093): network_task while---name_interface[1]=wlan0
I/AdvancedPorting-PORT_MODULE_NET(10093): network_task while---interface_name=wlan0
I/AdvancedPorting-PORT_MODULE_NET(10093): network_get_netlink_status(in)--if_name=wlan0
I/AdvancedPorting-PORT_MODULE_NET(10093): net.network.isconnected = no
I/AdvancedPorting-PORT_MODULE_NET(10093): wlan0 --network_get_netlink_status return retval=1
I/AdvancedPorting-PORT_MODULE_NET(10093): stat = 1 last_status = 1
I/Advanced(10093): [QUEUE] share_queue_sendEx size:1 4097 10157 0x9e2b8a48,postLoopId:0,dstid:1.
I/com.chinanetcenter.iSpeed( 2198): IptablesWatchdogThread > checkThreads
I/Advanced(10093): [QUEUE] share_queue_sendEx size:1 4097 10158 0x9e2b8a48,postLoopId:0,dstid:1.
I/Advanced(10093): [QUEUE] share_queue_sendEx size:1 4097 10159 0x9e2b8a48,postLoopId:0,dstid:1.
I/Advanced(10093): [QUEUE] share_queue_sendEx size:1 4097 10160 0x9e2b8a48,postLoopId:0,dstid:1.
V/netx    ( 2157): gointo 4  in true
V/netx    ( 2157): true up-0 true
W/ContextImpl( 2157): Calling a method in the system process without a qualified user: android.app.ContextImpl.sendBroadcast:1327 android.content.ContextWrapper.sendBroadcast:377 com.gzgd.launcher.netstatus.NetBroadcasts.sendBroadcasts:23 com.gzgd.launcher.widget.statusbar.service.StatusBarService.sendForUpdateNetworkStatus:328 com.gzgd.launcher.widget.statusbar.service.StatusBarService.access$000:51 
V/netx    ( 2157): getnetstate true true
V/StatusBarService( 2157): true up0 true
V/broadcast( 1781): Start process parallel broadcast: com.gzgd.net.getnetstate.response to com.gzgd.settings.main.MainActivity$NetStatusChangedReceiver@155d5ed5
E/netx    ( 1781): network  status  change 0 :com.gzgd.net.getnetstate.response
E/netx    ( 1781): network  status  change:truein true
V/broadcast( 1781): End process parallel broadcast: com.gzgd.net.getnetstate.response to com.gzgd.settings.main.MainActivity$NetStatusChangedReceiver@155d5ed5
I/MainActivity( 1781): MSG_UPDATE_NETWORK_STATUS: innerConnectivity=true
I/MainActivity( 1781): MSG_UPDATE_NETWORK_STATUS: outerConnetcitity=true
I/Advanced(10093): [QUEUE] share_queue_sendEx size:1 4097 10161 0x9e2b8a48,postLoopId:0,dstid:1.
I/AdvancedPorting-PORT_MODULE_NET(10093): network_task while... 
I/AdvancedPorting-PORT_MODULE_NET(10093): 0 interface name: lo
I/AdvancedPorting-PORT_MODULE_NET(10093): 1 interface name: wlan0
I/AdvancedPorting-PORT_MODULE_NET(10093): First interface name: lo
I/AdvancedPorting-PORT_MODULE_NET(10093): network_task while...  net_i:1
I/AdvancedPorting-PORT_MODULE_NET(10093): network_task while---name_interface[0]=lo
I/AdvancedPorting-PORT_MODULE_NET(10093): network_task while---name_interface[1]=wlan0
I/AdvancedPorting-PORT_MODULE_NET(10093): network_task while---interface_name=wlan0
I/AdvancedPorting-PORT_MODULE_NET(10093): network_get_netlink_status(in)--if_name=wlan0
I/AdvancedPorting-PORT_MODULE_NET(10093): net.network.isconnected = no
I/AdvancedPorting-PORT_MODULE_NET(10093): wlan0 --network_get_netlink_status return retval=1
I/AdvancedPorting-PORT_MODULE_NET(10093): stat = 1 last_status = 1
I/Advanced(10093): [QUEUE] share_queue_sendEx size:1 4097 10162 0x9e2b8a48,postLoopId:0,dstid:1.
I/com.chinanetcenter.iSpeed( 2198): IptablesWatchdogThread > checkThreads
D/com.chinanetcenter.iSpeed( 2198): AccessibilityServiceDaemonTask > accessibilityEnabled = 1
I/Advanced(10093): [QUEUE] share_queue_sendEx size:1 4097 10163 0x9e2b8a48,postLoopId:0,dstid:1.
I/wpa_supplicant( 2430): [CTRL_IFACE] wlan0: 'SIGNAL_POLL'
D/WifiStateMachine( 1568): for gzgd,change score (60)-->(56)
I/Advanced(10093): [QUEUE] share_queue_sendEx size:1 4097 10164 0x9e2b8a48,postLoopId:0,dstid:1.
I/Advanced(10093): [QUEUE] share_queue_sendEx size:1 4097 10165 0x9e2b8a48,postLoopId:0,dstid:1.
I/AdvancedPorting-PORT_MODULE_NET(10093): network_task while... 
I/AdvancedPorting-PORT_MODULE_NET(10093): 0 interface name: lo
I/AdvancedPorting-PORT_MODULE_NET(10093): 1 interface name: wlan0
I/AdvancedPorting-PORT_MODULE_NET(10093): First interface name: lo
I/AdvancedPorting-PORT_MODULE_NET(10093): network_task while...  net_i:1
I/AdvancedPorting-PORT_MODULE_NET(10093): network_task while---name_interface[0]=lo
I/AdvancedPorting-PORT_MODULE_NET(10093): network_task while---name_interface[1]=wlan0
I/AdvancedPorting-PORT_MODULE_NET(10093): network_task while---interface_name=wlan0
I/AdvancedPorting-PORT_MODULE_NET(10093): network_get_netlink_status(in)--if_name=wlan0
I/AdvancedPorting-PORT_MODULE_NET(10093): net.network.isconnected = no
I/AdvancedPorting-PORT_MODULE_NET(10093): wlan0 --network_get_netlink_status return retval=1
I/AdvancedPorting-PORT_MODULE_NET(10093): stat = 1 last_status = 1
I/Advanced(10093): [QUEUE] share_queue_sendEx size:1 4097 10167 0x9e2b8a48,postLoopId:0,dstid:1.
I/com.chinanetcenter.iSpeed( 2198): IptablesWatchdogThread > checkThreads
V/netx    ( 2157): gointo 4  out true
V/StatusBarService( 2157): true up0 true
I/Advanced(10093): [QUEUE] share_queue_sendEx size:1 4097 10168 0x9e2b8a48,postLoopId:0,dstid:1.
I/Advanced(10093): [QUEUE] share_queue_sendEx size:1 4097 10169 0x9e2b8a48,postLoopId:0,dstid:1.
I/Advanced(10093): [QUEUE] share_queue_sendEx size:1 4097 10170 0x9e2b8a48,postLoopId:0,dstid:1.
I/Advanced(10093): [QUEUE] share_queue_sendEx size:1 4097 10171 0x9e2b8a48,postLoopId:0,dstid:1.
I/AdvancedPorting-PORT_MODULE_NET(10093): network_task while... 
I/AdvancedPorting-PORT_MODULE_NET(10093): 0 interface name: lo
I/AdvancedPorting-PORT_MODULE_NET(10093): 1 interface name: wlan0
I/AdvancedPorting-PORT_MODULE_NET(10093): First interface name: lo
I/AdvancedPorting-PORT_MODULE_NET(10093): network_task while...  net_i:1
I/AdvancedPorting-PORT_MODULE_NET(10093): network_task while---name_interface[0]=lo
I/AdvancedPorting-PORT_MODULE_NET(10093): network_task while---name_interface[1]=wlan0
I/AdvancedPorting-PORT_MODULE_NET(10093): network_task while---interface_name=wlan0
I/AdvancedPorting-PORT_MODULE_NET(10093): network_get_netlink_status(in)--if_name=wlan0
I/AdvancedPorting-PORT_MODULE_NET(10093): net.network.isconnected = no
I/AdvancedPorting-PORT_MODULE_NET(10093): wlan0 --network_get_netlink_status return retval=1
I/AdvancedPorting-PORT_MODULE_NET(10093): stat = 1 last_status = 1
I/Advanced(10093): [QUEUE] share_queue_sendEx size:1 4097 10172 0x9e2b8a48,postLoopId:0,dstid:1.
I/com.chinanetcenter.iSpeed( 2198): IptablesWatchdogThread > checkThreads
I/Advanced(10093): [QUEUE] share_queue_sendEx size:1 4097 10174 0x9e2b8a48,postLoopId:0,dstid:1.
V/broadcast( 1568): Dispatching ordered broadcast: sogou.upgrade.alive to ComponentInfo{com.sohu.inputmethod.sogou.tv/com.sohu.inputmethod.settings.AutoUpgradeReceiver}
V/broadcast( 2028): Start process ordered broadcast: sogou.upgrade.alive to {com.sohu.inputmethod.sogou.tv/com.sohu.inputmethod.settings.AutoUpgradeReceiver}
I/sxx     ( 2028): request type===26
V/broadcast( 2028): End process ordered broadcast: sogou.upgrade.alive to {com.sohu.inputmethod.sogou.tv/com.sohu.inputmethod.settings.AutoUpgradeReceiver}
D/com.chinanetcenter.iSpeed( 2198): Mtunnel > port:34249,protocol_type:0,getAppName uid:10024,pkg:com.sohu.inputmethod.sogou.tv
I/Advanced(10093): [QUEUE] share_queue_sendEx size:1 4097 10175 0x9e2b8a48,postLoopId:0,dstid:1.
I/Advanced(10093): [QUEUE] share_queue_sendEx size:1 4097 10176 0x9e2b8a48,postLoopId:0,dstid:1.
I/AdvancedPorting-PORT_MODULE_NET(10093): network_task while... 
I/AdvancedPorting-PORT_MODULE_NET(10093): 0 interface name: lo
I/AdvancedPorting-PORT_MODULE_NET(10093): 1 interface name: wlan0
I/AdvancedPorting-PORT_MODULE_NET(10093): First interface name: lo
I/AdvancedPorting-PORT_MODULE_NET(10093): network_task while...  net_i:1
I/AdvancedPorting-PORT_MODULE_NET(10093): network_task while---name_interface[0]=lo
I/AdvancedPorting-PORT_MODULE_NET(10093): network_task while---name_interface[1]=wlan0
I/AdvancedPorting-PORT_MODULE_NET(10093): network_task while---interface_name=wlan0
I/AdvancedPorting-PORT_MODULE_NET(10093): network_get_netlink_status(in)--if_name=wlan0
I/AdvancedPorting-PORT_MODULE_NET(10093): net.network.isconnected = no
I/AdvancedPorting-PORT_MODULE_NET(10093): wlan0 --network_get_netlink_status return retval=1
I/AdvancedPorting-PORT_MODULE_NET(10093): stat = 1 last_status = 1
I/Advanced(10093): [QUEUE] share_queue_sendEx size:1 4097 10177 0x9e2b8a48,postLoopId:0,dstid:1.
I/com.chinanetcenter.iSpeed( 2198): IptablesWatchdogThread > checkThreads
I/wpa_supplicant( 2430): [CTRL_IFACE] wlan0: 'SIGNAL_POLL'
D/WifiStateMachine( 1568): for gzgd,change score (60)-->(56)
I/Advanced(10093): [QUEUE] share_queue_sendEx size:1 4097 10179 0x9e2b8a48,postLoopId:0,dstid:1.
I/Advanced(10093): [QUEUE] share_queue_sendEx size:1 4097 10180 0x9e2b8a48,postLoopId:0,dstid:1.
I/Advanced(10093): [QUEUE] share_queue_sendEx size:1 4097 10181 0x9e2b8a48,postLoopId:0,dstid:1.
I/AdvancedPorting-PORT_MODULE_NET(10093): network_task while... 
I/AdvancedPorting-PORT_MODULE_NET(10093): 0 interface name: lo
I/AdvancedPorting-PORT_MODULE_NET(10093): 1 interface name: wlan0
I/AdvancedPorting-PORT_MODULE_NET(10093): First interface name: lo
I/AdvancedPorting-PORT_MODULE_NET(10093): network_task while...  net_i:1
I/AdvancedPorting-PORT_MODULE_NET(10093): network_task while---name_interface[0]=lo
I/AdvancedPorting-PORT_MODULE_NET(10093): network_task while---name_interface[1]=wlan0
I/AdvancedPorting-PORT_MODULE_NET(10093): network_task while---interface_name=wlan0
I/AdvancedPorting-PORT_MODULE_NET(10093): network_get_netlink_status(in)--if_name=wlan0
I/AdvancedPorting-PORT_MODULE_NET(10093): net.network.isconnected = no
I/AdvancedPorting-PORT_MODULE_NET(10093): wlan0 --network_get_netlink_status return retval=1
I/AdvancedPorting-PORT_MODULE_NET(10093): stat = 1 last_status = 1
I/Advanced(10093): [QUEUE] share_queue_sendEx size:1 4097 10182 0x9e2b8a48,postLoopId:0,dstid:1.
I/com.chinanetcenter.iSpeed( 2198): IptablesWatchdogThread > checkThreads
V/netx    ( 2157): gointo 4  out true
V/StatusBarService( 2157): true up0 true
I/Advanced(10093): [QUEUE] share_queue_sendEx size:1 4097 10183 0x9e2b8a48,postLoopId:0,dstid:1.
I/Advanced(10093): [QUEUE] share_queue_sendEx size:1 4097 10184 0x9e2b8a48,postLoopId:0,dstid:1.
I/Advanced(10093): [QUEUE] share_queue_sendEx size:1 4097 10186 0x9e2b8a48,postLoopId:0,dstid:1.
I/AdvancedPorting-PORT_MODULE_NET(10093): network_task while... 
I/AdvancedPorting-PORT_MODULE_NET(10093): 0 interface name: lo
I/AdvancedPorting-PORT_MODULE_NET(10093): 1 interface name: wlan0
I/AdvancedPorting-PORT_MODULE_NET(10093): First interface name: lo
I/AdvancedPorting-PORT_MODULE_NET(10093): network_task while...  net_i:1
I/AdvancedPorting-PORT_MODULE_NET(10093): network_task while---name_interface[0]=lo
I/AdvancedPorting-PORT_MODULE_NET(10093): network_task while---name_interface[1]=wlan0
I/AdvancedPorting-PORT_MODULE_NET(10093): network_task while---interface_name=wlan0
I/AdvancedPorting-PORT_MODULE_NET(10093): network_get_netlink_status(in)--if_name=wlan0
I/AdvancedPorting-PORT_MODULE_NET(10093): net.network.isconnected = no
I/AdvancedPorting-PORT_MODULE_NET(10093): wlan0 --network_get_netlink_status return retval=1
I/AdvancedPorting-PORT_MODULE_NET(10093): stat = 1 last_status = 1
I/com.chinanetcenter.iSpeed( 2198): IptablesWatchdogThread > checkThreads
D/com.chinanetcenter.iSpeed( 2198): AccessibilityServiceDaemonTask > accessibilityEnabled = 1
I/Advanced(10093): [QUEUE] share_queue_sendEx size:1 4097 10188 0x9e2b8a48,postLoopId:0,dstid:1.
I/Advanced(10093): [QUEUE] share_queue_sendEx size:1 4097 10189 0x9e2b8a48,postLoopId:0,dstid:1.
I/Advanced(10093): [QUEUE] share_queue_sendEx size:1 4097 10190 0x9e2b8a48,postLoopId:0,dstid:1.
V/netx    ( 2157): gointo 4  in true
V/StatusBarService( 2157): true up0 true
I/com.chinanetcenter.iFlow( 2107): IptablesUtils > checkiSpeed iSpeed up, tcp        0      0 0.0.0.0:8123            0.0.0.0:*               LISTEN      2198/com.chinanetce
I/com.chinanetcenter.iFlow( 2107): 
I/Advanced(10093): [QUEUE] share_queue_sendEx size:1 4097 10191 0x9e2b8a48,postLoopId:0,dstid:1.
D/com.chinanetcenter.iFlow( 2107): IptablesUtils > setBlackIpList already exist 255.255.255.255
D/com.chinanetcenter.iFlow( 2107): IptablesUtils > setBlackIpList already exist 224.0.0.0/4
D/com.chinanetcenter.iFlow( 2107): IptablesUtils > setBlackIpList already exist 10.0.0.0/8
D/com.chinanetcenter.iFlow( 2107): IptablesUtils > setBlackIpList already exist 192.168.0.0/16
D/com.chinanetcenter.iFlow( 2107): IptablesUtils > setBlackIpList already exist 172.16.0.0/12
D/com.chinanetcenter.iFlow( 2107): IptablesUtils > setBlackIpList already exist 169.254.0.0/16
D/com.chinanetcenter.iFlow( 2107): IptablesUtils > setBlackIpList already exist 127.0.0.0/8
I/AdvancedPorting-PORT_MODULE_NET(10093): network_task while... 
I/AdvancedPorting-PORT_MODULE_NET(10093): 0 interface name: lo
I/AdvancedPorting-PORT_MODULE_NET(10093): 1 interface name: wlan0
I/AdvancedPorting-PORT_MODULE_NET(10093): First interface name: lo
I/AdvancedPorting-PORT_MODULE_NET(10093): network_task while...  net_i:1
I/AdvancedPorting-PORT_MODULE_NET(10093): network_task while---name_interface[0]=lo
I/AdvancedPorting-PORT_MODULE_NET(10093): network_task while---name_interface[1]=wlan0
I/AdvancedPorting-PORT_MODULE_NET(10093): network_task while---interface_name=wlan0
I/AdvancedPorting-PORT_MODULE_NET(10093): network_get_netlink_status(in)--if_name=wlan0
I/AdvancedPorting-PORT_MODULE_NET(10093): net.network.isconnected = no
I/AdvancedPorting-PORT_MODULE_NET(10093): wlan0 --network_get_netlink_status return retval=1
I/AdvancedPorting-PORT_MODULE_NET(10093): stat = 1 last_status = 1
D/com.chinanetcenter.iFlow( 2107): IptablesUtils > setWhiteIpList already exist 10.64.32.8
I/com.chinanetcenter.iSpeed( 2198): IptablesWatchdogThread > checkThreads
D/com.chinanetcenter.iFlow( 2107): IptablesUtils > setBlackPortList already exist dpt:68
D/com.chinanetcenter.iFlow( 2107): IptablesUtils > setBlackPortList already exist dpt:67
D/com.chinanetcenter.iFlow( 2107): IptablesUtils > setBlackPortList already exist dpt:5353
D/com.chinanetcenter.iFlow( 2107): IptablesUtils > setBlackPortList already exist dpt:53
I/wpa_supplicant( 2430): [CTRL_IFACE] wlan0: 'SIGNAL_POLL'
D/WifiStateMachine( 1568): for gzgd,change score (60)-->(56)
I/Advanced(10093): [QUEUE] share_queue_sendEx size:1 4097 10193 0x9e2b8a48,postLoopId:0,dstid:1.
I/Advanced(10093): [QUEUE] share_queue_sendEx size:1 4097 10194 0x9e2b8a48,postLoopId:0,dstid:1.
I/Advanced(10093): [QUEUE] share_queue_sendEx size:1 4097 10195 0x9e2b8a48,postLoopId:0,dstid:1.
I/AdvancedPorting-PORT_MODULE_NET(10093): network_task while... 
I/AdvancedPorting-PORT_MODULE_NET(10093): 0 interface name: lo
I/AdvancedPorting-PORT_MODULE_NET(10093): 1 interface name: wlan0
I/AdvancedPorting-PORT_MODULE_NET(10093): First interface name: lo
I/AdvancedPorting-PORT_MODULE_NET(10093): network_task while...  net_i:1
I/AdvancedPorting-PORT_MODULE_NET(10093): network_task while---name_interface[0]=lo
I/AdvancedPorting-PORT_MODULE_NET(10093): network_task while---name_interface[1]=wlan0
I/AdvancedPorting-PORT_MODULE_NET(10093): network_task while---interface_name=wlan0
I/AdvancedPorting-PORT_MODULE_NET(10093): network_get_netlink_status(in)--if_name=wlan0
I/AdvancedPorting-PORT_MODULE_NET(10093): net.network.isconnected = no
I/AdvancedPorting-PORT_MODULE_NET(10093): wlan0 --network_get_netlink_status return retval=1
I/AdvancedPorting-PORT_MODULE_NET(10093): stat = 1 last_status = 1
I/com.chinanetcenter.iSpeed( 2198): IptablesWatchdogThread > checkThreads
I/Advanced(10093): [QUEUE] share_queue_sendEx size:1 4097 10197 0x9e2b8a48,postLoopId:0,dstid:1.
I/Advanced(10093): [QUEUE] share_queue_sendEx size:1 4097 10198 0x9e2b8a48,postLoopId:0,dstid:1.
V/netx    ( 2157): gointo 4  out true
V/StatusBarService( 2157): true up0 true
I/Advanced(10093): [QUEUE] share_queue_sendEx size:1 4097 10200 0x9e2b8a48,postLoopId:0,dstid:1.
I/Advanced(10093): [QUEUE] share_queue_sendEx size:1 4097 10201 0x9e2b8a48,postLoopId:0,dstid:1.
I/AdvancedPorting-PORT_MODULE_NET(10093): network_task while... 
I/AdvancedPorting-PORT_MODULE_NET(10093): 0 interface name: lo
I/AdvancedPorting-PORT_MODULE_NET(10093): 1 interface name: wlan0
I/AdvancedPorting-PORT_MODULE_NET(10093): First interface name: lo
I/AdvancedPorting-PORT_MODULE_NET(10093): network_task while...  net_i:1
I/AdvancedPorting-PORT_MODULE_NET(10093): network_task while---name_interface[0]=lo
I/AdvancedPorting-PORT_MODULE_NET(10093): network_task while---name_interface[1]=wlan0
I/AdvancedPorting-PORT_MODULE_NET(10093): network_task while---interface_name=wlan0
I/AdvancedPorting-PORT_MODULE_NET(10093): network_get_netlink_status(in)--if_name=wlan0
I/AdvancedPorting-PORT_MODULE_NET(10093): net.network.isconnected = no
I/AdvancedPorting-PORT_MODULE_NET(10093): wlan0 --network_get_netlink_status return retval=1
I/AdvancedPorting-PORT_MODULE_NET(10093): stat = 1 last_status = 1
I/com.chinanetcenter.iSpeed( 2198): IptablesWatchdogThread > checkThreads
I/Advanced(10093): [QUEUE] share_queue_sendEx size:1 4097 10202 0x9e2b8a48,postLoopId:0,dstid:1.
I/Advanced(10093): [QUEUE] share_queue_sendEx size:1 4097 10203 0x9e2b8a48,postLoopId:0,dstid:1.
W/System.err( 2706): java.net.UnknownHostException: Unable to resolve host "null": No address associated with hostname
W/System.err( 2706): 	at java.net.InetAddress.lookupHostByName(InetAddress.java:461)
W/System.err( 2706): 	at java.net.InetAddress.getAllByNameImpl(InetAddress.java:252)
W/System.err( 2706): 	at java.net.InetAddress.getAllByName(InetAddress.java:215)
W/System.err( 2706): 	at com.android.okhttp.HostResolver$1.getAllByName(HostResolver.java:29)
W/System.err( 2706): 	at com.android.okhttp.internal.http.RouteSelector.resetNextInetSocketAddress(RouteSelector.java:232)
W/System.err( 2706): 	at com.android.okhttp.internal.http.RouteSelector.next(RouteSelector.java:124)
W/System.err( 2706): 	at com.android.okhttp.internal.http.HttpEngine.connect(HttpEngine.java:272)
W/System.err( 2706): 	at com.android.okhttp.internal.http.HttpEngine.sendRequest(HttpEngine.java:211)
W/System.err( 2706): 	at com.android.okhttp.internal.http.HttpURLConnectionImpl.execute(HttpURLConnectionImpl.java:382)
W/System.err( 2706): 	at com.android.okhttp.internal.http.HttpURLConnectionImpl.connect(HttpURLConnectionImpl.java:106)
W/System.err( 2706): 	at com.android.okhttp.internal.http.HttpURLConnectionImpl.getOutputStream(HttpURLConnectionImpl.java:217)
W/System.err( 2706): 	at com.starcor.xul.XulWorker._doDownload(XulWorker.java:1193)
W/System.err( 2706): 	at com.starcor.xul.XulWorker.loadData(XulWorker.java:495)
W/System.err( 2706): 	at com.starcor.xulapp.http.XulHttpClientFilter.doHttpRequest(XulHttpClientFilter.java:92)
W/System.err( 2706): 	at com.starcor.xulapp.http.XulHttpClientFilter.access$000(XulHttpClientFilter.java:16)
W/System.err( 2706): 	at com.starcor.xulapp.http.XulHttpClientFilter$1.run(XulHttpClientFilter.java:144)
W/System.err( 2706): Caused by: android.system.GaiException: android_getaddrinfo failed: EAI_NODATA (No address associated with hostname)
W/System.err( 2706): 	at libcore.io.Posix.android_getaddrinfo(Native Method)
W/System.err( 2706): 	at libcore.io.ForwardingOs.android_getaddrinfo(ForwardingOs.java:55)
W/System.err( 2706): 	at java.net.InetAddress.lookupHostByName(InetAddress.java:442)
W/System.err( 2706): 	... 15 more
D/XulHttpStatisticFilter( 2706): ----- n602_a_1 -----
D/XulHttpStatisticFilter( 2706): REQU : 0.206 - OTT request compensator
D/XulHttpStatisticFilter( 2706): REQU : 0.006 - OTT Api cache
D/XulHttpStatisticFilter( 2706): REQU : 0.006 - OTT Fake Data
D/XulHttpStatisticFilter( 2706): RESP : 48760.915 - http client
D/XulHttpStatisticFilter( 2706): RESP : 0.004 - OTT Fake Data
D/XulHttpStatisticFilter( 2706): RESP : 0.010 - OTT Api cache
D/XulHttpStatisticFilter( 2706): RESP : 0.002 - OTT request compensator
D/DataUploader( 2706): uploadData response XulHttpResponse{code=1900, data=Object, headers=Object, message=Unable to resolve host "null": No address associated with hostname, request=Object} 
I/Advanced(10093): [QUEUE] share_queue_sendEx size:1 4097 10204 0x9e2b8a48,postLoopId:0,dstid:1.
I/Advanced(10093): [QUEUE] share_queue_sendEx size:1 4097 10205 0x9e2b8a48,postLoopId:0,dstid:1.
I/Advanced(10093): [QUEUE] share_queue_sendEx size:1 4097 10206 0x9e2b8a48,postLoopId:0,dstid:1.
I/AdvancedPorting-PORT_MODULE_NET(10093): network_task while... 
I/AdvancedPorting-PORT_MODULE_NET(10093): 0 interface name: lo
I/AdvancedPorting-PORT_MODULE_NET(10093): 1 interface name: wlan0
I/AdvancedPorting-PORT_MODULE_NET(10093): First interface name: lo
I/AdvancedPorting-PORT_MODULE_NET(10093): network_task while...  net_i:1
I/AdvancedPorting-PORT_MODULE_NET(10093): network_task while---name_interface[0]=lo
I/AdvancedPorting-PORT_MODULE_NET(10093): network_task while---name_interface[1]=wlan0
I/AdvancedPorting-PORT_MODULE_NET(10093): network_task while---interface_name=wlan0
I/AdvancedPorting-PORT_MODULE_NET(10093): network_get_netlink_status(in)--if_name=wlan0
I/AdvancedPorting-PORT_MODULE_NET(10093): net.network.isconnected = no
I/AdvancedPorting-PORT_MODULE_NET(10093): wlan0 --network_get_netlink_status return retval=1
I/AdvancedPorting-PORT_MODULE_NET(10093): stat = 1 last_status = 1
I/com.chinanetcenter.iSpeed( 2198): IptablesWatchdogThread > checkThreads
I/Advanced(10093): [QUEUE] share_queue_sendEx size:1 4097 10207 0x9e2b8a48,postLoopId:0,dstid:1.
I/wpa_supplicant( 2430): [CTRL_IFACE] wlan0: 'SIGNAL_POLL'
D/WifiStateMachine( 1568): for gzgd,change score (60)-->(56)
I/Advanced(10093): [QUEUE] share_queue_sendEx size:1 4097 10208 0x9e2b8a48,postLoopId:0,dstid:1.
I/Advanced(10093): [QUEUE] share_queue_sendEx size:1 4097 10210 0x9e2b8a48,postLoopId:0,dstid:1.
I/Advanced(10093): [QUEUE] share_queue_sendEx size:1 4097 10211 0x9e2b8a48,postLoopId:0,dstid:1.
I/AdvancedPorting-PORT_MODULE_NET(10093): network_task while... 
I/AdvancedPorting-PORT_MODULE_NET(10093): 0 interface name: lo
I/AdvancedPorting-PORT_MODULE_NET(10093): 1 interface name: wlan0
I/AdvancedPorting-PORT_MODULE_NET(10093): First interface name: lo
I/AdvancedPorting-PORT_MODULE_NET(10093): network_task while...  net_i:1
I/AdvancedPorting-PORT_MODULE_NET(10093): network_task while---name_interface[0]=lo
I/AdvancedPorting-PORT_MODULE_NET(10093): network_task while---name_interface[1]=wlan0
I/AdvancedPorting-PORT_MODULE_NET(10093): network_task while---interface_name=wlan0
I/AdvancedPorting-PORT_MODULE_NET(10093): network_get_netlink_status(in)--if_name=wlan0
I/AdvancedPorting-PORT_MODULE_NET(10093): net.network.isconnected = no
I/AdvancedPorting-PORT_MODULE_NET(10093): wlan0 --network_get_netlink_status return retval=1
I/AdvancedPorting-PORT_MODULE_NET(10093): stat = 1 last_status = 1
I/com.chinanetcenter.iSpeed( 2198): IptablesWatchdogThread > checkThreads
I/Advanced(10093): [QUEUE] share_queue_sendEx size:1 4097 10212 0x9e2b8a48,postLoopId:0,dstid:1.
D/com.chinanetcenter.iSpeed( 2198): AccessibilityServiceDaemonTask > accessibilityEnabled = 1
I/Advanced(10093): [QUEUE] share_queue_sendEx size:1 4097 10213 0x9e2b8a48,postLoopId:0,dstid:1.
I/Advanced(10093): [QUEUE] share_queue_sendEx size:1 4097 10214 0x9e2b8a48,postLoopId:0,dstid:1.
V/netx    ( 2157): gointo 4  out true
V/StatusBarService( 2157): true up0 true
I/Advanced(10093): [QUEUE] share_queue_sendEx size:1 4097 10215 0x9e2b8a48,postLoopId:0,dstid:1.
I/Advanced(10093): [QUEUE] share_queue_sendEx size:1 4097 10216 0x9e2b8a48,postLoopId:0,dstid:1.
I/AdvancedPorting-PORT_MODULE_NET(10093): network_task while... 
I/AdvancedPorting-PORT_MODULE_NET(10093): 0 interface name: lo
I/AdvancedPorting-PORT_MODULE_NET(10093): 1 interface name: wlan0
I/AdvancedPorting-PORT_MODULE_NET(10093): First interface name: lo
I/AdvancedPorting-PORT_MODULE_NET(10093): network_task while...  net_i:1
I/AdvancedPorting-PORT_MODULE_NET(10093): network_task while---name_interface[0]=lo
I/AdvancedPorting-PORT_MODULE_NET(10093): network_task while---name_interface[1]=wlan0
I/AdvancedPorting-PORT_MODULE_NET(10093): network_task while---interface_name=wlan0
I/AdvancedPorting-PORT_MODULE_NET(10093): network_get_netlink_status(in)--if_name=wlan0
I/AdvancedPorting-PORT_MODULE_NET(10093): net.network.isconnected = no
I/AdvancedPorting-PORT_MODULE_NET(10093): wlan0 --network_get_netlink_status return retval=1
I/AdvancedPorting-PORT_MODULE_NET(10093): stat = 1 last_status = 1
I/com.chinanetcenter.iSpeed( 2198): IptablesWatchdogThread > checkThreads
I/Advanced(10093): [QUEUE] share_queue_sendEx size:1 4097 10217 0x9e2b8a48,postLoopId:0,dstid:1.
I/Advanced(10093): [QUEUE] share_queue_sendEx size:1 4097 10218 0x9e2b8a48,postLoopId:0,dstid:1.
I/Advanced(10093): [QUEUE] share_queue_sendEx size:1 4097 10220 0x9e2b8a48,postLoopId:0,dstid:1.
I/AdvancedPorting-PORT_MODULE_NET(10093): network_task while... 
I/AdvancedPorting-PORT_MODULE_NET(10093): 0 interface name: lo
I/AdvancedPorting-PORT_MODULE_NET(10093): 1 interface name: wlan0
I/AdvancedPorting-PORT_MODULE_NET(10093): First interface name: lo
I/AdvancedPorting-PORT_MODULE_NET(10093): network_task while...  net_i:1
I/AdvancedPorting-PORT_MODULE_NET(10093): network_task while---name_interface[0]=lo
I/AdvancedPorting-PORT_MODULE_NET(10093): network_task while---name_interface[1]=wlan0
I/AdvancedPorting-PORT_MODULE_NET(10093): network_task while---interface_name=wlan0
I/AdvancedPorting-PORT_MODULE_NET(10093): network_get_netlink_status(in)--if_name=wlan0
I/AdvancedPorting-PORT_MODULE_NET(10093): net.network.isconnected = no
I/AdvancedPorting-PORT_MODULE_NET(10093): wlan0 --network_get_netlink_status return retval=1
I/AdvancedPorting-PORT_MODULE_NET(10093): stat = 1 last_status = 1
I/com.chinanetcenter.iSpeed( 2198): IptablesWatchdogThread > checkThreads
I/Advanced(10093): [QUEUE] share_queue_sendEx size:1 4097 10222 0x9e2b8a48,postLoopId:0,dstid:1.
I/wpa_supplicant( 2430): [CTRL_IFACE] wlan0: 'SIGNAL_POLL'
D/WifiStateMachine( 1568): for gzgd,change score (60)-->(56)
I/Advanced(10093): [QUEUE] share_queue_sendEx size:1 4097 10223 0x9e2b8a48,postLoopId:0,dstid:1.
I/Advanced(10093): [QUEUE] share_queue_sendEx size:1 4097 10225 0x9e2b8a48,postLoopId:0,dstid:1.
I/Advanced(10093): [QUEUE] share_queue_sendEx size:1 4097 10226 0x9e2b8a48,postLoopId:0,dstid:1.
I/AdvancedPorting-PORT_MODULE_NET(10093): network_task while... 
I/AdvancedPorting-PORT_MODULE_NET(10093): 0 interface name: lo
I/AdvancedPorting-PORT_MODULE_NET(10093): 1 interface name: wlan0
I/AdvancedPorting-PORT_MODULE_NET(10093): First interface name: lo
I/AdvancedPorting-PORT_MODULE_NET(10093): network_task while...  net_i:1
I/AdvancedPorting-PORT_MODULE_NET(10093): network_task while---name_interface[0]=lo
I/AdvancedPorting-PORT_MODULE_NET(10093): network_task while---name_interface[1]=wlan0
I/AdvancedPorting-PORT_MODULE_NET(10093): network_task while---interface_name=wlan0
I/AdvancedPorting-PORT_MODULE_NET(10093): network_get_netlink_status(in)--if_name=wlan0
I/AdvancedPorting-PORT_MODULE_NET(10093): net.network.isconnected = no
I/AdvancedPorting-PORT_MODULE_NET(10093): wlan0 --network_get_netlink_status return retval=1
I/AdvancedPorting-PORT_MODULE_NET(10093): stat = 1 last_status = 1
I/com.chinanetcenter.iSpeed( 2198): IptablesWatchdogThread > checkThreads
I/Advanced(10093): [QUEUE] share_queue_sendEx size:1 4097 10228 0x9e2b8a48,postLoopId:0,dstid:1.
V/netx    ( 2157): gointo 4  out true
V/StatusBarService( 2157): true up0 true
I/Advanced(10093): [QUEUE] share_queue_sendEx size:1 4097 10230 0x9e2b8a48,postLoopId:0,dstid:1.
V/netx    ( 2157): gointo 4  in true
V/StatusBarService( 2157): true up0 true
I/AdvancedPorting-PORT_MODULE_NET(10093): network_task while... 
I/AdvancedPorting-PORT_MODULE_NET(10093): 0 interface name: lo
I/AdvancedPorting-PORT_MODULE_NET(10093): 1 interface name: wlan0
I/AdvancedPorting-PORT_MODULE_NET(10093): First interface name: lo
I/AdvancedPorting-PORT_MODULE_NET(10093): network_task while...  net_i:1
I/AdvancedPorting-PORT_MODULE_NET(10093): network_task while---name_interface[0]=lo
I/AdvancedPorting-PORT_MODULE_NET(10093): network_task while---name_interface[1]=wlan0
I/AdvancedPorting-PORT_MODULE_NET(10093): network_task while---interface_name=wlan0
I/AdvancedPorting-PORT_MODULE_NET(10093): network_get_netlink_status(in)--if_name=wlan0
I/AdvancedPorting-PORT_MODULE_NET(10093): net.network.isconnected = no
I/AdvancedPorting-PORT_MODULE_NET(10093): wlan0 --network_get_netlink_status return retval=1
I/AdvancedPorting-PORT_MODULE_NET(10093): stat = 1 last_status = 1
I/Advanced(10093): [QUEUE] share_queue_sendEx size:1 4097 10231 0x9e2b8a48,postLoopId:0,dstid:1.
I/com.chinanetcenter.iSpeed( 2198): IptablesWatchdogThread > checkThreads
I/Advanced(10093): [QUEUE] share_queue_sendEx size:1 4097 10232 0x9e2b8a48,postLoopId:0,dstid:1.
I/Advanced(10093): [QUEUE] share_queue_sendEx size:1 4097 10234 0x9e2b8a48,postLoopId:0,dstid:1.
I/AdvancedPorting-PORT_MODULE_NET(10093): network_task while... 
I/AdvancedPorting-PORT_MODULE_NET(10093): 0 interface name: lo
I/AdvancedPorting-PORT_MODULE_NET(10093): 1 interface name: wlan0
I/AdvancedPorting-PORT_MODULE_NET(10093): First interface name: lo
I/AdvancedPorting-PORT_MODULE_NET(10093): network_task while...  net_i:1
I/AdvancedPorting-PORT_MODULE_NET(10093): network_task while---name_interface[0]=lo
I/AdvancedPorting-PORT_MODULE_NET(10093): network_task while---name_interface[1]=wlan0
I/AdvancedPorting-PORT_MODULE_NET(10093): network_task while---interface_name=wlan0
I/AdvancedPorting-PORT_MODULE_NET(10093): network_get_netlink_status(in)--if_name=wlan0
I/AdvancedPorting-PORT_MODULE_NET(10093): net.network.isconnected = no
I/AdvancedPorting-PORT_MODULE_NET(10093): wlan0 --network_get_netlink_status return retval=1
I/AdvancedPorting-PORT_MODULE_NET(10093): stat = 1 last_status = 1
I/Advanced(10093): [QUEUE] share_queue_sendEx size:1 4097 10236 0x9e2b8a48,postLoopId:0,dstid:1.
I/com.chinanetcenter.iSpeed( 2198): IptablesWatchdogThread > checkThreads
D/com.chinanetcenter.iSpeed( 2198): AccessibilityServiceDaemonTask > accessibilityEnabled = 1
I/Advanced(10093): [QUEUE] share_queue_sendEx size:1 4097 10237 0x9e2b8a48,postLoopId:0,dstid:1.
I/wpa_supplicant( 2430): [CTRL_IFACE] wlan0: 'SIGNAL_POLL'
D/WifiStateMachine( 1568): for gzgd,change score (60)-->(56)
I/Advanced(10093): [QUEUE] share_queue_sendEx size:1 4097 10238 0x9e2b8a48,postLoopId:0,dstid:1.
I/Advanced(10093): [QUEUE] share_queue_sendEx size:1 4097 10239 0x9e2b8a48,postLoopId:0,dstid:1.
E/WifiStateMachine( 1568): WifiStateMachine CMD_START_SCAN source -2 txSuccessRate=54.37 rxSuccessRate=31.21 targetRoamBSSID=56:c9:df:34:78:8f RSSI=-23
D/WifiStateMachine( 1568): L2Connected CMD_START_SCAN source -2 146, 147 ignore when user is not setting wifi UI, because wifi sta is connected
I/Advanced(10093): [QUEUE] share_queue_sendEx size:1 4097 10240 0x9e2b8a48,postLoopId:0,dstid:1.
I/AdvancedPorting-PORT_MODULE_NET(10093): network_task while... 
I/AdvancedPorting-PORT_MODULE_NET(10093): 0 interface name: lo
I/AdvancedPorting-PORT_MODULE_NET(10093): 1 interface name: wlan0
I/AdvancedPorting-PORT_MODULE_NET(10093): First interface name: lo
I/AdvancedPorting-PORT_MODULE_NET(10093): network_task while...  net_i:1
I/AdvancedPorting-PORT_MODULE_NET(10093): network_task while---name_interface[0]=lo
I/AdvancedPorting-PORT_MODULE_NET(10093): network_task while---name_interface[1]=wlan0
I/AdvancedPorting-PORT_MODULE_NET(10093): network_task while---interface_name=wlan0
I/AdvancedPorting-PORT_MODULE_NET(10093): network_get_netlink_status(in)--if_name=wlan0
I/AdvancedPorting-PORT_MODULE_NET(10093): net.network.isconnected = no
I/AdvancedPorting-PORT_MODULE_NET(10093): wlan0 --network_get_netlink_status return retval=1
I/AdvancedPorting-PORT_MODULE_NET(10093): stat = 1 last_status = 1
I/Advanced(10093): [QUEUE] share_queue_sendEx size:1 4097 10241 0x9e2b8a48,postLoopId:0,dstid:1.
I/com.chinanetcenter.iSpeed( 2198): IptablesWatchdogThread > checkThreads
I/Advanced(10093): [QUEUE] share_queue_sendEx size:1 4097 10242 0x9e2b8a48,postLoopId:0,dstid:1.
I/com.chinanetcenter.iFlow( 2107): IptablesUtils > checkiSpeed iSpeed up, tcp        0      0 0.0.0.0:8123            0.0.0.0:*               LISTEN      2198/com.chinanetce
I/com.chinanetcenter.iFlow( 2107): 
D/com.chinanetcenter.iFlow( 2107): IptablesUtils > setBlackIpList already exist 255.255.255.255
D/com.chinanetcenter.iFlow( 2107): IptablesUtils > setBlackIpList already exist 224.0.0.0/4
D/com.chinanetcenter.iFlow( 2107): IptablesUtils > setBlackIpList already exist 10.0.0.0/8
D/com.chinanetcenter.iFlow( 2107): IptablesUtils > setBlackIpList already exist 192.168.0.0/16
D/com.chinanetcenter.iFlow( 2107): IptablesUtils > setBlackIpList already exist 172.16.0.0/12
D/com.chinanetcenter.iFlow( 2107): IptablesUtils > setBlackIpList already exist 169.254.0.0/16
D/com.chinanetcenter.iFlow( 2107): IptablesUtils > setBlackIpList already exist 127.0.0.0/8
D/com.chinanetcenter.iFlow( 2107): IptablesUtils > setWhiteIpList already exist 10.64.32.8
I/Advanced(10093): [QUEUE] share_queue_sendEx size:1 4097 10243 0x9e2b8a48,postLoopId:0,dstid:1.
D/com.chinanetcenter.iFlow( 2107): IptablesUtils > setBlackPortList already exist dpt:68
D/com.chinanetcenter.iFlow( 2107): IptablesUtils > setBlackPortList already exist dpt:67
D/com.chinanetcenter.iFlow( 2107): IptablesUtils > setBlackPortList already exist dpt:5353
D/com.chinanetcenter.iFlow( 2107): IptablesUtils > setBlackPortList already exist dpt:53
I/Advanced(10093): [QUEUE] share_queue_sendEx size:1 4097 10244 0x9e2b8a48,postLoopId:0,dstid:1.
I/Advanced(10093): [QUEUE] share_queue_sendEx size:1 4097 10245 0x9e2b8a48,postLoopId:0,dstid:1.
V/netx    ( 2157): gointo 4  out true
V/StatusBarService( 2157): true up0 true
I/AdvancedPorting-PORT_MODULE_NET(10093): network_task while... 
I/AdvancedPorting-PORT_MODULE_NET(10093): 0 interface name: lo
I/AdvancedPorting-PORT_MODULE_NET(10093): 1 interface name: wlan0
I/AdvancedPorting-PORT_MODULE_NET(10093): First interface name: lo
I/AdvancedPorting-PORT_MODULE_NET(10093): network_task while...  net_i:1
I/AdvancedPorting-PORT_MODULE_NET(10093): network_task while---name_interface[0]=lo
I/AdvancedPorting-PORT_MODULE_NET(10093): network_task while---name_interface[1]=wlan0
I/AdvancedPorting-PORT_MODULE_NET(10093): network_task while---interface_name=wlan0
I/AdvancedPorting-PORT_MODULE_NET(10093): network_get_netlink_status(in)--if_name=wlan0
I/AdvancedPorting-PORT_MODULE_NET(10093): net.network.isconnected = no
I/AdvancedPorting-PORT_MODULE_NET(10093): wlan0 --network_get_netlink_status return retval=1
I/AdvancedPorting-PORT_MODULE_NET(10093): stat = 1 last_status = 1
I/com.chinanetcenter.iSpeed( 2198): IptablesWatchdogThread > checkThreads
I/Advanced(10093): [QUEUE] share_queue_sendEx size:1 4097 10247 0x9e2b8a48,postLoopId:0,dstid:1.
I/XulMessageCenter( 2585): Auto cleanup finished
I/XulMessageCenter( 2585): Auto cleanup finished
I/Advanced(10093): [QUEUE] share_queue_sendEx size:1 4097 10248 0x9e2b8a48,postLoopId:0,dstid:1.
I/Advanced(10093): [QUEUE] share_queue_sendEx size:1 4097 10249 0x9e2b8a48,postLoopId:0,dstid:1.
I/Advanced(10093): [QUEUE] share_queue_sendEx size:1 4097 10250 0x9e2b8a48,postLoopId:0,dstid:1.
I/AdvancedPorting-PORT_MODULE_NET(10093): network_task while... 
I/AdvancedPorting-PORT_MODULE_NET(10093): 0 interface name: lo
I/AdvancedPorting-PORT_MODULE_NET(10093): 1 interface name: wlan0
I/AdvancedPorting-PORT_MODULE_NET(10093): First interface name: lo
I/AdvancedPorting-PORT_MODULE_NET(10093): network_task while...  net_i:1
I/AdvancedPorting-PORT_MODULE_NET(10093): network_task while---name_interface[0]=lo
I/AdvancedPorting-PORT_MODULE_NET(10093): network_task while---name_interface[1]=wlan0
I/AdvancedPorting-PORT_MODULE_NET(10093): network_task while---interface_name=wlan0
I/AdvancedPorting-PORT_MODULE_NET(10093): network_get_netlink_status(in)--if_name=wlan0
I/AdvancedPorting-PORT_MODULE_NET(10093): net.network.isconnected = no
I/AdvancedPorting-PORT_MODULE_NET(10093): wlan0 --network_get_netlink_status return retval=1
I/AdvancedPorting-PORT_MODULE_NET(10093): stat = 1 last_status = 1
I/Advanced(10093): [QUEUE] share_queue_sendEx size:1 4097 10251 0x9e2b8a48,postLoopId:0,dstid:1.
I/com.chinanetcenter.iSpeed( 2198): IptablesWatchdogThread > checkThreads
I/Advanced(10093): [QUEUE] share_queue_sendEx size:1 4097 10252 0x9e2b8a48,postLoopId:0,dstid:1.
I/wpa_supplicant( 2430): [CTRL_IFACE] wlan0: 'SIGNAL_POLL'
D/WifiStateMachine( 1568): for gzgd,change score (60)-->(56)
D/DataUploader( 2585): uploadData cache count= 16
D/DataUploader( 2585): Report Data, data= {"type":"heartbeat","event_type":"view","device_id":"01010116091201000216","device_serial_number":"01010116091201000216","mac":"1C-66-6D-FC-8D-D7","apk_version":"1.0.005.STB.GZGD_LIVE.AUTO.OTT01.Release","system_version":"5.1.1","model":"ponkan","licence":"","report_time":"19700101T084517Z","network_status":"2"}
D/DataUploader( 2585): Report Data, data= {"type":"heartbeat","event_type":"view","device_id":"01010116091201000216","device_serial_number":"01010116091201000216","mac":"1C-66-6D-FC-8D-D7","apk_version":"1.0.005.STB.GZGD_LIVE.AUTO.OTT01.Release","system_version":"5.1.1","model":"ponkan","licence":"","report_time":"19700101T084517Z","network_status":"2"}
D/DataUploader( 2585): Report Data, data= {"type":"heartbeat","event_type":"view","device_id":"01010116091201000216","device_serial_number":"01010116091201000216","mac":"1C-66-6D-FC-8D-D7","apk_version":"1.0.005.STB.GZGD_LIVE.AUTO.OTT01.Release","system_version":"5.1.1","model":"ponkan","licence":"","report_time":"19700101T084517Z","network_status":"2"}
D/DataUploader( 2585): Report Data, data= {"type":"heartbeat","event_type":"view","device_id":"01010116091201000216","device_serial_number":"01010116091201000216","mac":"1C-66-6D-FC-8D-D7","apk_version":"1.0.005.STB.GZGD_LIVE.AUTO.OTT01.Release","system_version":"5.1.1","model":"ponkan","licence":"","report_time":"19700101T084517Z","network_status":"2"}
D/DataUploader( 2585): Report Data, data= {"type":"heartbeat","event_type":"view","device_id":"01010116091201000216","device_serial_number":"01010116091201000216","mac":"1C-66-6D-FC-8D-D7","apk_version":"1.0.005.STB.GZGD_LIVE.AUTO.OTT01.Release","system_version":"5.1.1","model":"ponkan","licence":"","report_time":"19700101T084517Z","network_status":"2"}
D/DataUploader( 2585): Report Data, data= {"type":"heartbeat","event_type":"view","device_id":"01010116091201000216","device_serial_number":"01010116091201000216","mac":"1C-66-6D-FC-8D-D7","apk_version":"1.0.005.STB.GZGD_LIVE.AUTO.OTT01.Release","system_version":"5.1.1","model":"ponkan","licence":"","report_time":"19700101T084517Z","network_status":"2"}
D/DataUploader( 2585): Report Data, data= {"type":"heartbeat","event_type":"view","device_id":"01010116091201000216","device_serial_number":"01010116091201000216","mac":"1C-66-6D-FC-8D-D7","apk_version":"1.0.005.STB.GZGD_LIVE.AUTO.OTT01.Release","system_version":"5.1.1","model":"ponkan","licence":"","report_time":"19700101T084517Z","network_status":"2"}
D/DataUploader( 2585): Report Data, data= {"type":"heartbeat","event_type":"view","device_id":"01010116091201000216","device_serial_number":"01010116091201000216","mac":"1C-66-6D-FC-8D-D7","apk_version":"1.0.005.STB.GZGD_LIVE.AUTO.OTT01.Release","system_version":"5.1.1","model":"ponkan","licence":"","report_time":"19700101T084517Z","network_status":"2"}
D/DataUploader( 2585): Report Data, data= {"type":"heartbeat","event_type":"view","device_id":"01010116091201000216","device_serial_number":"01010116091201000216","mac":"1C-66-6D-FC-8D-D7","apk_version":"1.0.005.STB.GZGD_LIVE.AUTO.OTT01.Release","system_version":"5.1.1","model":"ponkan","licence":"","report_time":"19700101T084517Z","network_status":"2"}
D/DataUploader( 2585): Report Data, data= {"type":"heartbeat","event_type":"view","device_id":"01010116091201000216","device_serial_number":"01010116091201000216","mac":"1C-66-6D-FC-8D-D7","apk_version":"1.0.005.STB.GZGD_LIVE.AUTO.OTT01.Release","system_version":"5.1.1","model":"ponkan","licence":"","report_time":"19700101T084517Z","network_status":"2"}
D/DataUploader( 2585): Report Data, data= {"type":"heartbeat","event_type":"view","device_id":"01010116091201000216","device_serial_number":"01010116091201000216","mac":"1C-66-6D-FC-8D-D7","apk_version":"1.0.005.STB.GZGD_LIVE.AUTO.OTT01.Release","system_version":"5.1.1","model":"ponkan","licence":"","report_time":"19700101T084517Z","network_status":"2"}
D/DataUploader( 2585): Report Data, data= {"type":"heartbeat","event_type":"view","device_id":"01010116091201000216","device_serial_number":"01010116091201000216","mac":"1C-66-6D-FC-8D-D7","apk_version":"1.0.005.STB.GZGD_LIVE.AUTO.OTT01.Release","system_version":"5.1.1","model":"ponkan","licence":"","report_time":"19700101T084517Z","network_status":"2"}
D/DataUploader( 2585): Report Data, data= {"type":"heartbeat","event_type":"view","device_id":"01010116091201000216","device_serial_number":"01010116091201000216","mac":"1C-66-6D-FC-8D-D7","apk_version":"1.0.005.STB.GZGD_LIVE.AUTO.OTT01.Release","system_version":"5.1.1","model":"ponkan","licence":"","report_time":"19700101T084517Z","network_status":"2"}
D/DataUploader( 2585): Report Data, data= {"type":"heartbeat","event_type":"view","device_id":"01010116091201000216","device_serial_number":"01010116091201000216","mac":"1C-66-6D-FC-8D-D7","apk_version":"1.0.005.STB.GZGD_LIVE.AUTO.OTT01.Release","system_version":"5.1.1","model":"ponkan","licence":"","report_time":"19700101T084517Z","network_status":"2"}
D/DataUploader( 2585): Report Data, data= {"type":"heartbeat","event_type":"view","device_id":"01010116091201000216","device_serial_number":"01010116091201000216","mac":"1C-66-6D-FC-8D-D7","apk_version":"1.0.005.STB.GZGD_LIVE.AUTO.OTT01.Release","system_version":"5.1.1","model":"ponkan","licence":"","report_time":"19700101T084517Z","network_status":"2"}
D/DataUploader( 2585): Report Data, data= {"type":"heartbeat","event_type":"view","device_id":"01010116091201000216","device_serial_number":"01010116091201000216","mac":"1C-66-6D-FC-8D-D7","apk_version":"1.0.005.STB.GZGD_LIVE.AUTO.OTT01.Release","system_version":"5.1.1","model":"ponkan","licence":"","report_time":"19700101T084517Z","network_status":"2"}
D/DataUploader( 2585): uploadData count= 16
I/XulHttpClientFilter( 2585): taskId = n602_a_1, url = http://null?nns_buss_id=200000&nns_mac=1C-66-6D-FC-8D-D7&nns_mac_id=1C-66-6D-FC-8D-D7&nns_version=1.0.005.STB.GZGD_LIVE.AUTO.OTT01.Release&nns_user_agent=nn_player%2Fstd%2F1.0.0&nns_user_id=01010116091201000216&nns_webtoken=302b6952aca0274a2e24f6eae171aadd
I/Advanced(10093): [QUEUE] share_queue_sendEx size:1 4097 10253 0x9e2b8a48,postLoopId:0,dstid:1.
I/Advanced(10093): [QUEUE] share_queue_sendEx size:1 4097 10254 0x9e2b8a48,postLoopId:0,dstid:1.
I/XulMessageCenter( 2706): Auto cleanup finished
I/XulMessageCenter( 2706): Auto cleanup finished
I/Advanced(10093): [QUEUE] share_queue_sendEx size:1 4097 10255 0x9e2b8a48,postLoopId:0,dstid:1.
I/AdvancedPorting-PORT_MODULE_NET(10093): network_task while... 
I/AdvancedPorting-PORT_MODULE_NET(10093): 0 interface name: lo
I/AdvancedPorting-PORT_MODULE_NET(10093): 1 interface name: wlan0
I/AdvancedPorting-PORT_MODULE_NET(10093): First interface name: lo
