--------- beginning of main
I/Advanced(10093): [QUEUE] share_queue_sendEx size:1 4097 10017 0x9e2b8a48,postLoopId:0,dstid:1.
I/AdvancedPorting-PORT_MODULE_NET(10093): network_task while... 
I/AdvancedPorting-PORT_MODULE_NET(10093): 0 interface name: lo
I/AdvancedPorting-PORT_MODULE_NET(10093): 1 interface name: wlan0
I/AdvancedPorting-PORT_MODULE_NET(10093): First interface name: lo
I/AdvancedPorting-PORT_MODULE_NET(10093): network_task while...  net_i:1
I/AdvancedPorting-PORT_MODULE_NET(10093): network_task while---name_interface[0]=lo
I/AdvancedPorting-PORT_MODULE_NET(10093): network_task while---name_interface[1]=wlan0
I/AdvancedPorting-PORT_MODULE_NET(10093): network_task while---interface_name=wlan0
I/AdvancedPorting-PORT_MODULE_NET(10093): network_get_netlink_status(in)--if_name=wlan0
I/AdvancedPorting-PORT_MODULE_NET(10093): net.network.isconnected = no
I/AdvancedPorting-PORT_MODULE_NET(10093): wlan0 --network_get_netlink_status return retval=1
I/AdvancedPorting-PORT_MODULE_NET(10093): stat = 1 last_status = 1
I/Advanced(10093): [QUEUE] share_queue_sendEx size:1 4097 10018 0x9e2b8a48,postLoopId:0,dstid:1.
I/com.chinanetcenter.iSpeed( 2198): IptablesWatchdogThread > checkThreads
I/Advanced(10093): [QUEUE] share_queue_sendEx size:1 4097 10019 0x9e2b8a48,postLoopId:0,dstid:1.
I/Advanced(10093): [QUEUE] share_queue_sendEx size:1 4097 10020 0x9e2b8a48,postLoopId:0,dstid:1.
I/Advanced(10093): [QUEUE] share_queue_sendEx size:1 4097 10021 0x9e2b8a48,postLoopId:0,dstid:1.
V/netx    ( 2157): gointo 4  out true
V/StatusBarService( 2157): false up0 true
I/Advanced(10093): [QUEUE] share_queue_sendEx size:1 4097 10022 0x9e2b8a48,postLoopId:0,dstid:1.
I/AdvancedPorting-PORT_MODULE_NET(10093): network_task while... 
I/AdvancedPorting-PORT_MODULE_NET(10093): 0 interface name: lo
I/AdvancedPorting-PORT_MODULE_NET(10093): 1 interface name: wlan0
I/AdvancedPorting-PORT_MODULE_NET(10093): First interface name: lo
I/AdvancedPorting-PORT_MODULE_NET(10093): network_task while...  net_i:1
I/AdvancedPorting-PORT_MODULE_NET(10093): network_task while---name_interface[0]=lo
I/AdvancedPorting-PORT_MODULE_NET(10093): network_task while---name_interface[1]=wlan0
I/AdvancedPorting-PORT_MODULE_NET(10093): network_task while---interface_name=wlan0
I/AdvancedPorting-PORT_MODULE_NET(10093): network_get_netlink_status(in)--if_name=wlan0
I/AdvancedPorting-PORT_MODULE_NET(10093): net.network.isconnected = no
I/AdvancedPorting-PORT_MODULE_NET(10093): wlan0 --network_get_netlink_status return retval=1
I/AdvancedPorting-PORT_MODULE_NET(10093): stat = 1 last_status = 1
I/com.chinanetcenter.iSpeed( 2198): IptablesWatchdogThread > checkThreads
D/WindowManager( 1568): interceptKeyTi keyCode=3 down=true repeatCount=0 keyguardOn=false mHomePressed=false canceled=false
--------- beginning of system
W/ContextImpl( 1568): Calling a method in the system process without a qualified user: android.app.ContextImpl.sendBroadcast:1327 com.android.internal.policy.impl.PhoneWindowManager.interceptKeyBeforeDispatching:2462 com.android.server.wm.InputMonitor.interceptKeyBeforeDispatching:388 com.android.server.input.InputManagerService.interceptKeyBeforeDispatching:1470 <bottom of call stack> 
V/broadcast( 1568): Dispatching ordered broadcast: com.gzgd.KEYEVENT to ComponentInfo{com.gzgd.live/com.gzgd.live.globalkey.GlobalKeyReceiver}
V/broadcast( 2446): Start process ordered broadcast: com.gzgd.KEYEVENT to {com.gzgd.live/com.gzgd.live.globalkey.GlobalKeyReceiver}
W/ContextImpl( 2446): Calling a method in the system process without a qualified user: android.app.ContextImpl.startService:1692 android.content.ContextWrapper.startService:516 android.content.ContextWrapper.startService:516 com.gzgd.live.globalkey.GlobalKeyEventService.start:45 com.gzgd.live.globalkey.GlobalKeyReceiver.onReceive:21 
V/broadcast( 2446): End process ordered broadcast: com.gzgd.KEYEVENT to {com.gzgd.live/com.gzgd.live.globalkey.GlobalKeyReceiver}
D/live    ( 2446): [GlobalKeyEventService]event:KeyEvent { action=ACTION_DOWN, keyCode=KEYCODE_HOME, scanCode=102, metaState=0, flags=0x8, repeatCount=0, eventTime=2791511, downTime=2791511, deviceId=4, source=0x301 }
I/MiSysSrv( 1138): [37m[INFO] Change to Voltage: 1030 mV (0x24)[m
D/WindowManager( 1568): interceptKeyTi keyCode=3 down=false repeatCount=0 keyguardOn=false mHomePressed=true canceled=false
W/TelecomManager( 1568): Telecom Service not found.
V/broadcast( 1568): Start process parallel broadcast: android.intent.action.CLOSE_SYSTEM_DIALOGS to com.android.server.InputMethodManagerService$ImmsBroadcastReceiver@3fde822e
V/broadcast( 1743): Start process parallel broadcast: android.intent.action.CLOSE_SYSTEM_DIALOGS to com.android.systemui.statusbar.phone.PhoneStatusBar$38@26ba1fe5
V/broadcast( 2028): Start process parallel broadcast: android.intent.action.CLOSE_SYSTEM_DIALOGS to xs@2bf12bc3
V/broadcast( 2028): End process parallel broadcast: android.intent.action.CLOSE_SYSTEM_DIALOGS to xs@2bf12bc3
I/ActivityManager( 1568): START u0 {act=android.intent.action.MAIN cat=[android.intent.category.HOME] flg=0x10200000 cmp=com.gzgd.launcher/.main.MainActivity} from uid 1000 on display 0
V/broadcast( 1743): End process parallel broadcast: android.intent.action.CLOSE_SYSTEM_DIALOGS to com.android.systemui.statusbar.phone.PhoneStatusBar$38@26ba1fe5
V/broadcast( 1568): End process parallel broadcast: android.intent.action.CLOSE_SYSTEM_DIALOGS to com.android.server.InputMethodManagerService$ImmsBroadcastReceiver@3fde822e
I/ValidateNoPeople( 1568): skipping global notification
I/webapp  ( 1883): [MainActivity]onUserLeaveHint
I/webapp  ( 1883): [lockUtil]releaseLockScreen: mWakeLockWakeLock{2109c2d6 held=true, refCount=1}
E/webapp  ( 1883): [WebVideoView]curstatue:5, can not stop
V/MediaPlayer-JNI( 1883): release
D/mstplayer( 1132): [1681] (0x0xb0c47790)MstPlayer::reset
D/mstplayer( 1132): [1681] player is closed, early return
D/mstplayer( 1132): [1681] (0x0xb0c47790)MstPlayer::destructor
D/mstplayer( 1132): [1681] destroySubtitleSurface
V/[MMP]   ( 1132): [1681] [MMP] ReleaseMem
I/Advanced(10093): [QUEUE] share_queue_sendEx size:1 4097 10024 0x9e2b8a48,postLoopId:0,dstid:1.
D/mstplayer( 1132): [28763] [AVP] exit handle thread
V/RMClient( 1132): #13:~RMClient
V/RMClient( 1132): #13:RMClient::returnAllResources, skipped due to no hold resource
V/RMClientListener( 1132): ~RMClientListener
D/mstplayer( 1132): [1681] MstPlayer::destructor Leave
I/webapp  ( 1883): [WebVideoView] mMediaPlayer.release()
V/ActivityManager( 1568): set mstar.EnterOpaqueUI false
I/WUGUAN  ( 1568): pkg = zime.ui
I/WUGUAN  ( 1568): axr.toString() = TaskRecord{2045a409 #1 A=com.gzgd.launcher U=0 sz=1}
I/WUGUAN  ( 1568): pkg = com.huawei.iptv.stb.videotalk.activity
I/WUGUAN  ( 1568): axr.toString() = TaskRecord{2045a409 #1 A=com.gzgd.launcher U=0 sz=1}
I/WUGUAN  ( 1568): pkg = hw.media.singletest
I/WUGUAN  ( 1568): axr.toString() = TaskRecord{2045a409 #1 A=com.gzgd.launcher U=0 sz=1}
I/WUGUAN  ( 1568): pkg = com.huawei.videoengineapp
I/WUGUAN  ( 1568): axr.toString() = TaskRecord{2045a409 #1 A=com.gzgd.launcher U=0 sz=1}
I/ActivityManager( 1568): TR5) TaskRecord{2045a409 #1 A=com.gzgd.launcher U=0 sz=1}
I/ActivityManager( 1568): TR4) TaskRecord{ea4e2d2 #6 A=com.gzgd.webapp.elf U=0 sz=1}
I/ActivityManager( 1568): TR5) TaskRecord{2045a409 #1 A=com.gzgd.launcher U=0 sz=1}
I/ActivityManager( 1568): TR4) TaskRecord{ea4e2d2 #6 A=com.gzgd.webapp.elf U=0 sz=1}
D/launcher( 2157): [Workspace]onResume
D/launcher( 2157): [VideoCellLayout]onResume.
I/launcher( 2157): [VideoCellLayout]checkoutLastChannel --- isDeviceVaild : true
W/ContextImpl( 2157): Calling a method in the system process without a qualified user: android.app.ContextImpl.sendBroadcast:1327 android.content.ContextWrapper.sendBroadcast:377 com.gzgd.launcher.lastchannel.BroadcastUtils.requestLastChannel:34 com.gzgd.launcher.main.content.cell.VideoCellLayout.getLastChannel:333 com.gzgd.launcher.main.content.cell.VideoCellLayout.checkoutLastChannel:316 
I/launcher( 2157): [RankManager]ChannelBean:ChannelBean{videoId='852b5f4f18e48d3dc3ced5b612394348', cName='è´µå·žå…¬å…±é¢‘é“', cLogoUrl='http://10.21.4.9:81/nn_img/prev/StarCor/vod/8/c/8/852b5f4f18e48d3dc3ced5b612394348/86f23360ca37252e01996eed06a36876.png', cNo='002', totalDuration=4800}
V/broadcast( 1568): Dispatching ordered broadcast: com.gzgd.live.getlastchannel to ComponentInfo{com.gzgd.live/com.gzgd.live.lastchannel.ChannelReceiver}
V/broadcast( 2446): Start process ordered broadcast: com.gzgd.live.getlastchannel to {com.gzgd.live/com.gzgd.live.lastchannel.ChannelReceiver}
D/live    ( 2446): [ChannelReceiver]onReceive:com.gzgd.live.getlastchannel
V/broadcast( 2446): End process ordered broadcast: com.gzgd.live.getlastchannel to {com.gzgd.live/com.gzgd.live.lastchannel.ChannelReceiver}
I/live    ( 2446): [MainPresenter]èŽ·å–é¢‘é“åˆ—è¡¨
I/live    ( 2446): [MainPresenter]getLiveChannelCategorys ; isFocusGet : false
I/TaskQueue( 2446): >>>>>>>>>>>>>>>>>>>>>>add task to queue taks id is 667214
I/live    ( 2446): [ChannelCategoryParser]Taks excute thread is DispatchThreadID: 99
I/live    ( 2446): [TasksRepository]>>> >>> >>> ä»Žå†…å­˜åŠ è½½é¢‘é“åˆ—è¡¨
I/TasksRepository( 2446): ä»Žå†…å­˜èŽ·å–çš„é¢‘é“åˆ—è¡¨å¤§å°:[com.gzgd.live.model.live_channel_category.ChannelCategory@febeac2, com.gzgd.live.model.live_channel_category.ChannelCategory@2226017, com.gzgd.live.model.live_channel_category.ChannelCategory@14cbc82f, com.gzgd.live.model.live_channel_category.ChannelCategory@d9ac5d2]
I/ChannelCategoryParser( 2446): videobean.toStringVideoBean{channelNum='002', channelName='è´µå·žå…¬å…±é¢‘é“', duration=4800}
I/live    ( 2446): [ChannelCategoryParser]livechannel.toStringLiveChannel{cName='è´µå·žå…¬å…±é¢‘é“', cNo='002', totalDuration=4800}
I/ChannelCategoryParser( 2446): videobean.toStringVideoBean{channelNum='002', channelName='è´µå·žå…¬å…±é¢‘é“', duration=4800}
I/live    ( 2446): [ChannelCategoryParser]livechannel.toStringLiveChannel{cName='è´µå·žå…¬å…±é¢‘é“', cNo='002', totalDuration=4800}
D/launcher( 2157): [AuthDatabaseProvider]getTokenInfo.
I/Surface ( 2157): Surface::setBuffersFormat format 1
I/Dispatcher( 2446): Task is executing...
I/live    ( 2446): [MainPresenter]æ˜¾ç¤ºé¢‘é“åˆ—è¡¨ç»“æžœ
D/live    ( 2446): [Utils]isForegroundApplication false
D/live    ( 2446): [MainPresenter]sendLastChannelBroadcast:Result{task_id=667214, state=ResponseState{code=255, reason='null'}, taskType=0, dataByte=null, liveChannelCategorys=[com.gzgd.live.model.live_channel_category.ChannelCategory@d9ac5d2, com.gzgd.live.model.live_channel_category.ChannelCategory@2226017, com.gzgd.live.model.live_channel_category.ChannelCategory@febeac2, com.gzgd.live.model.live_channel_category.ChannelCategory@14cbc82f, com.gzgd.live.model.live_channel_category.ChannelCategory@11c602c6], extra='null', mViewHolders=null, mTimeShiftProgram=null, mPlayBackPlayBills=null, mPlayAuthEntry=null}
I/live    ( 2446): [check_status]sendLastChannelBroadcast channelNum 999
I/live    ( 2446): [check_status]categories:[com.gzgd.live.model.live_channel_category.ChannelCategory@d9ac5d2, com.gzgd.live.model.live_channel_category.ChannelCategory@2226017, com.gzgd.live.model.live_channel_category.ChannelCategory@febeac2, com.gzgd.live.model.live_channel_category.ChannelCategory@14cbc82f, com.gzgd.live.model.live_channel_category.ChannelCategory@11c602c6]
I/live    ( 2446): [check_status]category:com.gzgd.live.model.live_channel_category.ChannelCategory@d9ac5d2
I/live    ( 2446): [check_status]sendLastChannelBroadcast channelNum channel.getcNo() 999 : 999
I/live    ( 2446): [MainPresenter]liveChannel:LiveChannel{cName='å¤šå½©äº‘å¯¼è§†', cNo='999', totalDuration=0}
I/live    ( 2446): [MainPresenter]notifyUIUpdate  play video id: 97cb38961f585fa2dec99bef5f5338e0/cNo: 999/cName: å¤šå½©äº‘å¯¼è§†
D/live    ( 2446): [MainPresenter]Templated:null instance:null
D/live    ( 2446): [MosaicManager]getMosaicView() called with: templatedId = [null], instanceId = [null]
D/live    ( 2446): [Utils]isForegroundApplication false
I/live    ( 2446): [MainPresenter]sendGetLiveUrl in
D/live    ( 2446): [MainPresenter]MSG_GET_LIVE_PLAY_URL
I/live    ( 2446): [MainPresenter]updateã€€mRequestCount : 1
D/gralloc ( 1127): allocate memory from system heap
I/TaskQueue( 2446): >>>>>>>>>>>>>>>>>>>>>>add task to queue taks id is 841975
I/RemoteDataSource( 2446): RemoteDataSource_vid:97cb38961f585fa2dec99bef5f5338e0
I/RemoteDataSource( 2446): RemoteDataSource_media:
D/launcher( 2157): [AuthDatabaseProvider]getTokenInfo.
I/RemoteDataSource( 2446): >>>>>>> >>>>>> TOKEN:36806d97e792e4a48fa321993334a578
I/live    ( 2446): [UrlManager]>>>>>>>>>>>>>>>>>>>requestPlayAuth URL:http://aaa.interface.gzgd/gzgd/AuthIndexStandard?nns_video_id=97cb38961f585fa2dec99bef5f5338e0&nns_video_type=1&nns_service_type=&nns_ipqam_area_code=&nns_tag=26&nns_filter_media_ids=&nns_func=check_auth_and_get_media_by_media&nns_mac=1C-66-6D-FC-8D-D7&nns_mac_id=1C-66-6D-FC-8D-D7&nns_version=release@gui@13&nns_user_agent=nn_player%2Fstd%2F1.0.0&nns_area_code=156520001001002&nns_user_id=01010116091201000216&nns_webtoken=36806d97e792e4a48fa321993334a578&nns_device_id=01010116091201000216&nns_output_type=json
I/live    ( 2446): [MainLayout]onAttachedToWindow  mOnCountChangeListener  ------------- change ----------------0
D/OkHttp  ( 2446): --> GET http://aaa.interface.gzgd/gzgd/AuthIndexStandard?nns_video_id=97cb38961f585fa2dec99bef5f5338e0&nns_video_type=1&nns_service_type=&nns_ipqam_area_code=&nns_tag=26&nns_filter_media_ids=&nns_func=check_auth_and_get_media_by_media&nns_mac=1C-66-6D-FC-8D-D7&nns_mac_id=1C-66-6D-FC-8D-D7&nns_version=release@gui@13&nns_user_agent=nn_player%2Fstd%2F1.0.0&nns_area_code=156520001001002&nns_user_id=01010116091201000216&nns_webtoken=36806d97e792e4a48fa321993334a578&nns_device_id=01010116091201000216&nns_output_type=json http/1.1
D/OkHttp  ( 2446): --> END GET
D/gralloc ( 1127): allocate memory from system heap
D/gralloc ( 1127): allocate memory from system heap
I/launcher( 2157): [AppCellLayout]update rank : name = è´µå·žå…¬å…±é¢‘é“ ; posturl = http://10.21.4.9:81/nn_img/prev/StarCor/vod/8/c/8/852b5f4f18e48d3dc3ced5b612394348/86f23360ca37252e01996eed06a36876.png
V/broadcast( 2157): Start process parallel broadcast: android.net.conn.CONNECTIVITY_CHANGE to com.gzgd.launcher.main.content.cell.MPlayer$NetWorkBroadcast@1d756328
I/launcher( 2157): [MPlayer]network isConnected : true
I/launcher( 2157): [MPlayer] isPlaying = false ; isOnScreen = false
V/broadcast( 2157): End process parallel broadcast: android.net.conn.CONNECTIVITY_CHANGE to com.gzgd.launcher.main.content.cell.MPlayer$NetWorkBroadcast@1d756328
I/MiSysSrv( 1138): [37m[INFO] Change to Voltage: 1180 mV (0x33)[m
I/ValidateNoPeople( 1568): skipping global notification
W/InputMethodManagerService( 1568): Starting input on non-focused client com.android.internal.view.IInputMethodClient$Stub$Proxy@3c913f7e (uid=10032 pid=1883)
D/SogouIME( 2028): onFinishInput
W/IInputConnectionWrapper( 1883): showStatusIcon on inactive InputConnection
D/SogouIME API( 2028): ==============num:32
D/SogouIME( 2028): mFocusedComponent:30   isHkbEnable:false
D/SogouIME( 2028): onstartInput
D/SogouIME( 2028): onStartInput - inputType = 0 - restarting = false
D/SogouIME( 2028): =====configKeyboard=======æ˜¯å¦æœ‰ç¡¬ä»¶ç›˜:true     ç¡¬ä»¶ç›˜æ˜¯å¦ä¸å†éšè—ï¼štrue
D/com.chinanetcenter.iSpeed( 2198): ForegroundDetectService > onAccessibilityEvent: com.gzgd.launcher
I/Surface ( 1883): Surface::setBuffersFormat format 0
I/Advanced(10093): [QUEUE] share_queue_sendEx size:1 4097 10025 0x9e2b8a48,postLoopId:0,dstid:1.
D/OkHttp  ( 2446): <-- 200 OK http://aaa.interface.gzgd/gzgd/AuthIndexStandard?nns_video_id=97cb38961f585fa2dec99bef5f5338e0&nns_video_type=1&nns_service_type=&nns_ipqam_area_code=&nns_tag=26&nns_filter_media_ids=&nns_func=check_auth_and_get_media_by_media&nns_mac=1C-66-6D-FC-8D-D7&nns_mac_id=1C-66-6D-FC-8D-D7&nns_version=release@gui@13&nns_user_agent=nn_player%2Fstd%2F1.0.0&nns_area_code=156520001001002&nns_user_id=01010116091201000216&nns_webtoken=36806d97e792e4a48fa321993334a578&nns_device_id=01010116091201000216&nns_output_type=json (165ms)
D/OkHttp  ( 2446): Date: Sat, 18 Nov 2017 02:17:02 GMT
D/OkHttp  ( 2446): Content-Type: text/html;charset=utf-8
D/OkHttp  ( 2446): Transfer-Encoding: chunked
D/OkHttp  ( 2446): Connection: keep-alive
D/OkHttp  ( 2446): server: SC/2.1.8
D/OkHttp  ( 2446): c-info: static var hit
D/OkHttp  ( 2446): nn-debug-info: RunTime:0.085669994354248
D/OkHttp  ( 2446): X-TraceId: 5a0f981e4dd8efd4b14790a53938dab3
D/OkHttp  ( 2446): db-query-all-sql: 0
D/OkHttp  ( 2446): db-query-cache-sql: 0
D/OkHttp  ( 2446): ng-debug-reason: n51_a_8 dy php exec
D/OkHttp  ( 2446): ng-exec-time: execute time 0.0900 s
D/OkHttp  ( 2446): {"result":{"state":"0","new_state":"0","reason":"\u5df2\u6388\u6743\u89c6\u9891\uff0c\u5e76\u53ef\u4ee5\u6210\u529f\u64ad\u653e","order_url":null},"video":{"id":"97cb38961f585fa2dec99bef5f5338e0","cp_id":"gzgd","is_support_ncl":0,"index":{"id":null,"index_num":null,"media":{"id":"6a228397a890fd9371a50e9b663196b3","url":"udp:\/\/232.10.1.101:5000","url_backup":"","filetype":"ts","quality":"hd","begin_play_time":"","ts_limit_min":"","ts_default_pos":"","play_time_len":null,"dimensions":null,"file_id":null,"import_source":"","original_id":"","is_video":"1"},"metadata":[],"index_caption_data":[],"media_other":[{"id":"1973a09e6c25e1dcf7e50743469203aa","url":"","url_backup":"","filetype":"ts","quality":"STD","begin_play_time":"","ts_limit_min":"","ts_default_pos":"","play_time_len":"","dimensions":"","file_id":"","import_source":"","original_id":"","is_video":"1"},{"id":"3dff8e1d31847d91775856cd1d91698a","url":"","url_backup":"","filetype":"ts","quality":"STD","begin_play_time":"","ts_limit_min":"","ts_default_pos":"","play_time_len":"","dimensions":"","file_id":"","import_source":"","original_id":"","is_video":"1"},{"id":"af8c4f0cfe898f3757cc77918b118775","url":"","url_backup":"","filetype":"ts","quality":"STD","begin_play_time":"","ts_limit_min":"","ts_default_pos":"","play_time_len":"","dimensions":"","file_id":"","import_source":"","original_id":"","is_video":"1"}]}},"drm_list":[],"arg_list":{"filter_media_ids":"","drm_encrypt_solution":"","drm_flag":0,"client_ip":"10.58.129.206","checked_product_id":"KSSQCPB","is_support_preview":0,"preview_time":0,"preview_infos":"","preview_free_index":"0","isothercdn":1}}
D/OkHttp  ( 2446): <-- END HTTP (1634-byte body)
I/Dispatcher( 2446): Task is executing...
I/live    ( 2446): [MainPresenter]MSG_GET_LIVE_PLAY_URL_RESULT
I/live    ( 2446): [MainPresenter]state:ResponseState{code=255, reason='null'}
D/live    ( 2446): [Utils]isForegroundApplication false
I/live    ( 2446): [MainLayout]onAttachedToWindow  mOnCountChangeListener  ------------- change ----------------0
I/live    ( 2446): [MainLayout]onAttachedToWindow  mOnCountChangeListener  ------------- change ----------------0
D/live    ( 2446): [BroadcastUtils]respondLastChannel() called with: context = [com.gzgd.live.LiveApplication@36c6271c], url = [udp://232.10.1.101:5000], statecode = [0], statemsg = []
W/ContextImpl( 2446): Calling a method in the system process without a qualified user: android.app.ContextImpl.sendBroadcast:1327 android.content.ContextWrapper.sendBroadcast:377 com.gzgd.live.lastchannel.BroadcastUtils.respondLastChannel:32 com.gzgd.live.presenter.MainPresenter$MainPresenterHandler.handlerSuccessResponse:1203 com.gzgd.live.presenter.MainPresenter$MainPresenterHandler.handleMessage:1052 
V/broadcast( 1568): Dispatching ordered broadcast: com.gzgd.live.getlastchannel.response to ComponentInfo{com.gzgd.launcher/com.gzgd.launcher.lastchannel.LastChannelReceiver}
V/broadcast( 2157): Start process ordered broadcast: com.gzgd.live.getlastchannel.response to {com.gzgd.launcher/com.gzgd.launcher.lastchannel.LastChannelReceiver}
D/launcher( 2157): [LastChannelReceiver] receive action:com.gzgd.live.getlastchannel.response
D/launcher( 2157): [LastChannelReceiver]url:udp://232.10.1.101:5000 stateCode:0 stateMSG:
D/launcher( 2157): [VideoCellLayout]change() called with: lastChannel = [LastChannel{isValid='true'url='udp://232.10.1.101:5000', stateCode=0, stateMSG=''}]
D/launcher( 2157): [VideoCellLayout]Is not location onscreen not shown.
V/broadcast( 2157): End process ordered broadcast: com.gzgd.live.getlastchannel.response to {com.gzgd.launcher/com.gzgd.launcher.lastchannel.LastChannelReceiver}
I/Advanced(10093): [QUEUE] share_queue_sendEx size:1 4097 10026 0x9e2b8a48,postLoopId:0,dstid:1.
I/AdvancedPorting-PORT_MODULE_NET(10093): network_task while... 
I/AdvancedPorting-PORT_MODULE_NET(10093): 0 interface name: lo
I/AdvancedPorting-PORT_MODULE_NET(10093): 1 interface name: wlan0
I/AdvancedPorting-PORT_MODULE_NET(10093): First interface name: lo
I/AdvancedPorting-PORT_MODULE_NET(10093): network_task while...  net_i:1
I/AdvancedPorting-PORT_MODULE_NET(10093): network_task while---name_interface[0]=lo
I/AdvancedPorting-PORT_MODULE_NET(10093): network_task while---name_interface[1]=wlan0
I/AdvancedPorting-PORT_MODULE_NET(10093): network_task while---interface_name=wlan0
I/AdvancedPorting-PORT_MODULE_NET(10093): network_get_netlink_status(in)--if_name=wlan0
I/AdvancedPorting-PORT_MODULE_NET(10093): net.network.isconnected = no
I/AdvancedPorting-PORT_MODULE_NET(10093): wlan0 --network_get_netlink_status return retval=1
I/AdvancedPorting-PORT_MODULE_NET(10093): stat = 1 last_status = 1
I/com.chinanetcenter.iSpeed( 2198): IptablesWatchdogThread > checkThreads
I/Advanced(10093): [QUEUE] share_queue_sendEx size:1 4097 10028 0x9e2b8a48,postLoopId:0,dstid:1.
I/wpa_supplicant( 2430): [CTRL_IFACE] wlan0: 'SIGNAL_POLL'
D/WifiStateMachine( 1568): for gzgd,change score (60)-->(56)
I/Advanced(10093): [QUEUE] share_queue_sendEx size:1 4097 10029 0x9e2b8a48,postLoopId:0,dstid:1.
I/Advanced(10093): [QUEUE] share_queue_sendEx size:1 4097 10030 0x9e2b8a48,postLoopId:0,dstid:1.
I/Advanced(10093): [QUEUE] share_queue_sendEx size:1 4097 10031 0x9e2b8a48,postLoopId:0,dstid:1.
I/Advanced(10093): [QUEUE] share_queue_sendEx size:1 4097 10032 0x9e2b8a48,postLoopId:0,dstid:1.
I/AdvancedPorting-PORT_MODULE_NET(10093): network_task while... 
I/AdvancedPorting-PORT_MODULE_NET(10093): 0 interface name: lo
I/AdvancedPorting-PORT_MODULE_NET(10093): 1 interface name: wlan0
I/AdvancedPorting-PORT_MODULE_NET(10093): First interface name: lo
I/AdvancedPorting-PORT_MODULE_NET(10093): network_task while...  net_i:1
I/AdvancedPorting-PORT_MODULE_NET(10093): network_task while---name_interface[0]=lo
I/AdvancedPorting-PORT_MODULE_NET(10093): network_task while---name_interface[1]=wlan0
I/AdvancedPorting-PORT_MODULE_NET(10093): network_task while---interface_name=wlan0
I/AdvancedPorting-PORT_MODULE_NET(10093): network_get_netlink_status(in)--if_name=wlan0
I/AdvancedPorting-PORT_MODULE_NET(10093): net.network.isconnected = no
I/AdvancedPorting-PORT_MODULE_NET(10093): wlan0 --network_get_netlink_status return retval=1
I/AdvancedPorting-PORT_MODULE_NET(10093): stat = 1 last_status = 1
I/com.chinanetcenter.iSpeed( 2198): IptablesWatchdogThread > checkThreads
I/Advanced(10093): [QUEUE] share_queue_sendEx size:1 4097 10033 0x9e2b8a48,postLoopId:0,dstid:1.
I/Advanced(10093): [QUEUE] share_queue_sendEx size:1 4097 10034 0x9e2b8a48,postLoopId:0,dstid:1.
I/Advanced(10093): [QUEUE] share_queue_sendEx size:1 4097 10035 0x9e2b8a48,postLoopId:0,dstid:1.
I/Advanced(10093): [QUEUE] share_queue_sendEx size:1 4097 10036 0x9e2b8a48,postLoopId:0,dstid:1.
I/com.chinanetcenter.iFlow( 2107): IptablesUtils > checkiSpeed iSpeed up, tcp        0      0 0.0.0.0:8123            0.0.0.0:*               LISTEN      2198/com.chinanetce
I/com.chinanetcenter.iFlow( 2107): 
V/netx    ( 2157): gointo 4  out true
V/StatusBarService( 2157): false up0 true
D/gralloc ( 1127): allocate memory from system heap
I/AdvancedPorting-PORT_MODULE_NET(10093): network_task while... 
I/AdvancedPorting-PORT_MODULE_NET(10093): 0 interface name: lo
I/AdvancedPorting-PORT_MODULE_NET(10093): 1 interface name: wlan0
I/AdvancedPorting-PORT_MODULE_NET(10093): First interface name: lo
I/AdvancedPorting-PORT_MODULE_NET(10093): network_task while...  net_i:1
I/AdvancedPorting-PORT_MODULE_NET(10093): network_task while---name_interface[0]=lo
I/AdvancedPorting-PORT_MODULE_NET(10093): network_task while---name_interface[1]=wlan0
I/AdvancedPorting-PORT_MODULE_NET(10093): network_task while---interface_name=wlan0
I/AdvancedPorting-PORT_MODULE_NET(10093): network_get_netlink_status(in)--if_name=wlan0
I/AdvancedPorting-PORT_MODULE_NET(10093): net.network.isconnected = no
I/AdvancedPorting-PORT_MODULE_NET(10093): wlan0 --network_get_netlink_status return retval=1
I/AdvancedPorting-PORT_MODULE_NET(10093): stat = 1 last_status = 1
D/com.chinanetcenter.iFlow( 2107): IptablesUtils > setBlackIpList already exist 255.255.255.255
D/com.chinanetcenter.iFlow( 2107): IptablesUtils > setBlackIpList already exist 224.0.0.0/4
D/com.chinanetcenter.iFlow( 2107): IptablesUtils > setBlackIpList already exist 10.0.0.0/8
D/com.chinanetcenter.iFlow( 2107): IptablesUtils > setBlackIpList already exist 192.168.0.0/16
D/com.chinanetcenter.iFlow( 2107): IptablesUtils > setBlackIpList already exist 172.16.0.0/12
D/com.chinanetcenter.iFlow( 2107): IptablesUtils > setBlackIpList already exist 169.254.0.0/16
D/com.chinanetcenter.iFlow( 2107): IptablesUtils > setBlackIpList already exist 127.0.0.0/8
D/com.chinanetcenter.iFlow( 2107): IptablesUtils > setWhiteIpList already exist 10.64.32.8
I/com.chinanetcenter.iSpeed( 2198): IptablesWatchdogThread > checkThreads
I/Advanced(10093): [QUEUE] share_queue_sendEx size:1 4097 10038 0x9e2b8a48,postLoopId:0,dstid:1.
D/com.chinanetcenter.iFlow( 2107): IptablesUtils > setBlackPortList already exist dpt:68
D/com.chinanetcenter.iFlow( 2107): IptablesUtils > setBlackPortList already exist dpt:67
D/com.chinanetcenter.iFlow( 2107): IptablesUtils > setBlackPortList already exist dpt:5353
D/com.chinanetcenter.iFlow( 2107): IptablesUtils > setBlackPortList already exist dpt:53
D/com.chinanetcenter.iSpeed( 2198): AccessibilityServiceDaemonTask > accessibilityEnabled = 1
I/Advanced(10093): [QUEUE] share_queue_sendEx size:1 4097 10039 0x9e2b8a48,postLoopId:0,dstid:1.
I/Advanced(10093): [QUEUE] share_queue_sendEx size:1 4097 10040 0x9e2b8a48,postLoopId:0,dstid:1.
I/Advanced(10093): [QUEUE] share_queue_sendEx size:1 4097 10041 0x9e2b8a48,postLoopId:0,dstid:1.
E/WifiStateMachine( 1568): WifiStateMachine CMD_START_SCAN source -2 txSuccessRate=14.13 rxSuccessRate=12.26 targetRoamBSSID=56:c9:df:34:78:8f RSSI=-19
D/WifiStateMachine( 1568): L2Connected CMD_START_SCAN source -2 144, 145 ignore when user is not setting wifi UI, because wifi sta is connected
I/Advanced(10093): [QUEUE] share_queue_sendEx size:1 4097 10042 0x9e2b8a48,postLoopId:0,dstid:1.
I/AdvancedPorting-PORT_MODULE_NET(10093): network_task while... 
I/AdvancedPorting-PORT_MODULE_NET(10093): 0 interface name: lo
I/AdvancedPorting-PORT_MODULE_NET(10093): 1 interface name: wlan0
I/AdvancedPorting-PORT_MODULE_NET(10093): First interface name: lo
I/AdvancedPorting-PORT_MODULE_NET(10093): network_task while...  net_i:1
I/AdvancedPorting-PORT_MODULE_NET(10093): network_task while---name_interface[0]=lo
I/AdvancedPorting-PORT_MODULE_NET(10093): network_task while---name_interface[1]=wlan0
I/AdvancedPorting-PORT_MODULE_NET(10093): network_task while---interface_name=wlan0
I/AdvancedPorting-PORT_MODULE_NET(10093): network_get_netlink_status(in)--if_name=wlan0
I/AdvancedPorting-PORT_MODULE_NET(10093): net.network.isconnected = no
I/AdvancedPorting-PORT_MODULE_NET(10093): wlan0 --network_get_netlink_status return retval=1
I/AdvancedPorting-PORT_MODULE_NET(10093): stat = 1 last_status = 1
I/com.chinanetcenter.iSpeed( 2198): IptablesWatchdogThread > checkThreads
I/Advanced(10093): [QUEUE] share_queue_sendEx size:1 4097 10043 0x9e2b8a48,postLoopId:0,dstid:1.
I/wpa_supplicant( 2430): [CTRL_IFACE] wlan0: 'SIGNAL_POLL'
D/WifiStateMachine( 1568): for gzgd,change score (60)-->(56)
I/Advanced(10093): [QUEUE] share_queue_sendEx size:1 4097 10044 0x9e2b8a48,postLoopId:0,dstid:1.
I/Advanced(10093): [QUEUE] share_queue_sendEx size:1 4097 10045 0x9e2b8a48,postLoopId:0,dstid:1.
I/Advanced(10093): [QUEUE] share_queue_sendEx size:1 4097 10046 0x9e2b8a48,postLoopId:0,dstid:1.
I/Advanced(10093): [QUEUE] share_queue_sendEx size:1 4097 10047 0x9e2b8a48,postLoopId:0,dstid:1.
I/AdvancedPorting-PORT_MODULE_NET(10093): network_task while... 
I/AdvancedPorting-PORT_MODULE_NET(10093): 0 interface name: lo
I/AdvancedPorting-PORT_MODULE_NET(10093): 1 interface name: wlan0
I/AdvancedPorting-PORT_MODULE_NET(10093): First interface name: lo
I/AdvancedPorting-PORT_MODULE_NET(10093): network_task while...  net_i:1
I/AdvancedPorting-PORT_MODULE_NET(10093): network_task while---name_interface[0]=lo
I/AdvancedPorting-PORT_MODULE_NET(10093): network_task while---name_interface[1]=wlan0
I/AdvancedPorting-PORT_MODULE_NET(10093): network_task while---interface_name=wlan0
I/AdvancedPorting-PORT_MODULE_NET(10093): network_get_netlink_status(in)--if_name=wlan0
I/AdvancedPorting-PORT_MODULE_NET(10093): net.network.isconnected = no
I/AdvancedPorting-PORT_MODULE_NET(10093): wlan0 --network_get_netlink_status return retval=1
I/AdvancedPorting-PORT_MODULE_NET(10093): stat = 1 last_status = 1
I/com.chinanetcenter.iSpeed( 2198): IptablesWatchdogThread > checkThreads
I/Advanced(10093): [QUEUE] share_queue_sendEx size:1 4097 10048 0x9e2b8a48,postLoopId:0,dstid:1.
I/Advanced(10093): [QUEUE] share_queue_sendEx size:1 4097 10049 0x9e2b8a48,postLoopId:0,dstid:1.
V/MediaPlayer-JNI( 1883): native_finalize
V/MediaPlayer-JNI( 1883): release
I/Advanced(10093): [QUEUE] share_queue_sendEx size:1 4097 10050 0x9e2b8a48,postLoopId:0,dstid:1.
I/MiSysSrv( 1138): [37m[INFO] Change to Voltage: 880 mV (0x15)[m
I/Advanced(10093): [QUEUE] share_queue_sendEx size:1 4097 10052 0x9e2b8a48,postLoopId:0,dstid:1.
I/AdvancedPorting-PORT_MODULE_NET(10093): network_task while... 
I/AdvancedPorting-PORT_MODULE_NET(10093): 0 interface name: lo
I/AdvancedPorting-PORT_MODULE_NET(10093): 1 interface name: wlan0
I/AdvancedPorting-PORT_MODULE_NET(10093): First interface name: lo
I/AdvancedPorting-PORT_MODULE_NET(10093): network_task while...  net_i:1
I/AdvancedPorting-PORT_MODULE_NET(10093): network_task while---name_interface[0]=lo
I/AdvancedPorting-PORT_MODULE_NET(10093): network_task while---name_interface[1]=wlan0
I/AdvancedPorting-PORT_MODULE_NET(10093): network_task while---interface_name=wlan0
I/AdvancedPorting-PORT_MODULE_NET(10093): network_get_netlink_status(in)--if_name=wlan0
I/AdvancedPorting-PORT_MODULE_NET(10093): net.network.isconnected = no
I/AdvancedPorting-PORT_MODULE_NET(10093): wlan0 --network_get_netlink_status return retval=1
I/AdvancedPorting-PORT_MODULE_NET(10093): stat = 1 last_status = 1
I/com.chinanetcenter.iSpeed( 2198): IptablesWatchdogThread > checkThreads
I/Advanced(10093): [QUEUE] share_queue_sendEx size:1 4097 10053 0x9e2b8a48,postLoopId:0,dstid:1.
V/netx    ( 2157): gointo 4  out true
V/StatusBarService( 2157): false up0 true
D/gralloc ( 1127): allocate memory from system heap
I/Advanced(10093): [QUEUE] share_queue_sendEx size:1 4097 10054 0x9e2b8a48,postLoopId:0,dstid:1.
I/Advanced(10093): [QUEUE] share_queue_sendEx size:1 4097 10055 0x9e2b8a48,postLoopId:0,dstid:1.
I/Advanced(10093): [QUEUE] share_queue_sendEx size:1 4097 10056 0x9e2b8a48,postLoopId:0,dstid:1.
I/Advanced(10093): [QUEUE] share_queue_sendEx size:1 4097 10057 0x9e2b8a48,postLoopId:0,dstid:1.
I/AdvancedPorting-PORT_MODULE_NET(10093): network_task while... 
I/AdvancedPorting-PORT_MODULE_NET(10093): 0 interface name: lo
I/AdvancedPorting-PORT_MODULE_NET(10093): 1 interface name: wlan0
I/AdvancedPorting-PORT_MODULE_NET(10093): First interface name: lo
I/AdvancedPorting-PORT_MODULE_NET(10093): network_task while...  net_i:1
I/AdvancedPorting-PORT_MODULE_NET(10093): network_task while---name_interface[0]=lo
I/AdvancedPorting-PORT_MODULE_NET(10093): network_task while---name_interface[1]=wlan0
I/AdvancedPorting-PORT_MODULE_NET(10093): network_task while---interface_name=wlan0
I/AdvancedPorting-PORT_MODULE_NET(10093): network_get_netlink_status(in)--if_name=wlan0
I/AdvancedPorting-PORT_MODULE_NET(10093): net.network.isconnected = no
I/AdvancedPorting-PORT_MODULE_NET(10093): wlan0 --network_get_netlink_status return retval=1
I/AdvancedPorting-PORT_MODULE_NET(10093): stat = 1 last_status = 1
I/com.chinanetcenter.iSpeed( 2198): IptablesWatchdogThread > checkThreads
I/Advanced(10093): [QUEUE] share_queue_sendEx size:1 4097 10058 0x9e2b8a48,postLoopId:0,dstid:1.
I/wpa_supplicant( 2430): [CTRL_IFACE] wlan0: 'SIGNAL_POLL'
D/WifiStateMachine( 1568): for gzgd,change score (60)-->(56)
I/Advanced(10093): [QUEUE] share_queue_sendEx size:1 4097 10059 0x9e2b8a48,postLoopId:0,dstid:1.
I/Advanced(10093): [QUEUE] share_queue_sendEx size:1 4097 10060 0x9e2b8a48,postLoopId:0,dstid:1.
V/netx    ( 2157): gointo 4  in false
V/StatusBarService( 2157): false up0 true
D/gralloc ( 1127): allocate memory from system heap
I/Advanced(10093): [QUEUE] share_queue_sendEx size:1 4097 10061 0x9e2b8a48,postLoopId:0,dstid:1.
I/Advanced(10093): [QUEUE] share_queue_sendEx size:1 4097 10062 0x9e2b8a48,postLoopId:0,dstid:1.
I/AdvancedPorting-PORT_MODULE_NET(10093): network_task while... 
I/AdvancedPorting-PORT_MODULE_NET(10093): 0 interface name: lo
I/AdvancedPorting-PORT_MODULE_NET(10093): 1 interface name: wlan0
I/AdvancedPorting-PORT_MODULE_NET(10093): First interface name: lo
I/AdvancedPorting-PORT_MODULE_NET(10093): network_task while...  net_i:1
I/AdvancedPorting-PORT_MODULE_NET(10093): network_task while---name_interface[0]=lo
I/AdvancedPorting-PORT_MODULE_NET(10093): network_task while---name_interface[1]=wlan0
I/AdvancedPorting-PORT_MODULE_NET(10093): network_task while---interface_name=wlan0
I/AdvancedPorting-PORT_MODULE_NET(10093): network_get_netlink_status(in)--if_name=wlan0
I/AdvancedPorting-PORT_MODULE_NET(10093): net.network.isconnected = no
I/AdvancedPorting-PORT_MODULE_NET(10093): wlan0 --network_get_netlink_status return retval=1
I/AdvancedPorting-PORT_MODULE_NET(10093): stat = 1 last_status = 1
I/com.chinanetcenter.iSpeed( 2198): IptablesWatchdogThread > checkThreads
I/Advanced(10093): [QUEUE] share_queue_sendEx size:1 4097 10063 0x9e2b8a48,postLoopId:0,dstid:1.
D/com.chinanetcenter.iSpeed( 2198): AccessibilityServiceDaemonTask > accessibilityEnabled = 1
I/Advanced(10093): [QUEUE] share_queue_sendEx size:1 4097 10064 0x9e2b8a48,postLoopId:0,dstid:1.
I/Advanced(10093): [QUEUE] share_queue_sendEx size:1 4097 10066 0x9e2b8a48,postLoopId:0,dstid:1.
I/Advanced(10093): [QUEUE] share_queue_sendEx size:1 4097 10067 0x9e2b8a48,postLoopId:0,dstid:1.
I/AdvancedPorting-PORT_MODULE_NET(10093): network_task while... 
I/AdvancedPorting-PORT_MODULE_NET(10093): 0 interface name: lo
I/AdvancedPorting-PORT_MODULE_NET(10093): 1 interface name: wlan0
I/AdvancedPorting-PORT_MODULE_NET(10093): First interface name: lo
I/AdvancedPorting-PORT_MODULE_NET(10093): network_task while...  net_i:1
I/AdvancedPorting-PORT_MODULE_NET(10093): network_task while---name_interface[0]=lo
I/AdvancedPorting-PORT_MODULE_NET(10093): network_task while---name_interface[1]=wlan0
I/AdvancedPorting-PORT_MODULE_NET(10093): network_task while---interface_name=wlan0
I/AdvancedPorting-PORT_MODULE_NET(10093): network_get_netlink_status(in)--if_name=wlan0
I/AdvancedPorting-PORT_MODULE_NET(10093): net.network.isconnected = no
I/AdvancedPorting-PORT_MODULE_NET(10093): wlan0 --network_get_netlink_status return retval=1
I/AdvancedPorting-PORT_MODULE_NET(10093): stat = 1 last_status = 1
I/com.chinanetcenter.iSpeed( 2198): IptablesWatchdogThread > checkThreads
I/Advanced(10093): [QUEUE] share_queue_sendEx size:1 4097 10068 0x9e2b8a48,postLoopId:0,dstid:1.
V/netx    ( 2157): gointo 4  out true
V/StatusBarService( 2157): false up0 true
I/Advanced(10093): [QUEUE] share_queue_sendEx size:1 4097 10069 0x9e2b8a48,postLoopId:0,dstid:1.
I/Advanced(10093): [QUEUE] share_queue_sendEx size:1 4097 10070 0x9e2b8a48,postLoopId:0,dstid:1.
I/Advanced(10093): [QUEUE] share_queue_sendEx size:1 4097 10071 0x9e2b8a48,postLoopId:0,dstid:1.
I/Advanced(10093): [QUEUE] share_queue_sendEx size:1 4097 10072 0x9e2b8a48,postLoopId:0,dstid:1.
I/AdvancedPorting-PORT_MODULE_NET(10093): network_task while... 
I/AdvancedPorting-PORT_MODULE_NET(10093): 0 interface name: lo
I/AdvancedPorting-PORT_MODULE_NET(10093): 1 interface name: wlan0
I/AdvancedPorting-PORT_MODULE_NET(10093): First interface name: lo
I/AdvancedPorting-PORT_MODULE_NET(10093): network_task while...  net_i:1
I/AdvancedPorting-PORT_MODULE_NET(10093): network_task while---name_interface[0]=lo
I/AdvancedPorting-PORT_MODULE_NET(10093): network_task while---name_interface[1]=wlan0
I/AdvancedPorting-PORT_MODULE_NET(10093): network_task while---interface_name=wlan0
I/AdvancedPorting-PORT_MODULE_NET(10093): network_get_netlink_status(in)--if_name=wlan0
I/AdvancedPorting-PORT_MODULE_NET(10093): net.network.isconnected = no
I/AdvancedPorting-PORT_MODULE_NET(10093): wlan0 --network_get_netlink_status return retval=1
I/AdvancedPorting-PORT_MODULE_NET(10093): stat = 1 last_status = 1
I/com.chinanetcenter.iSpeed( 2198): IptablesWatchdogThread > checkThreads
I/Advanced(10093): [QUEUE] share_queue_sendEx size:1 4097 10073 0x9e2b8a48,postLoopId:0,dstid:1.
I/wpa_supplicant( 2430): [CTRL_IFACE] wlan0: 'SIGNAL_POLL'
D/WifiStateMachine( 1568): for gzgd,change score (60)-->(56)
I/Advanced(10093): [QUEUE] share_queue_sendEx size:1 4097 10074 0x9e2b8a48,postLoopId:0,dstid:1.
D/com.chinanetcenter.iSpeed( 2198): Mtunnel > port:36915,protocol_type:0,getAppName uid:1000,pkg:android.uid.system
D/launcher( 2157): [DataManager]start fetch last data loop count : 0
D/launcher( 2157): [DataManager]fetchLastData : is pass Auth ?   .true
D/launcher( 2157): [DataManager]auth pass,fetch Last Data.
I/DataManager( 2157): old cms areacode: 156520001001002
I/DataManager( 2157): new cms areacode: 156520001001002
D/launcher( 2157): [HttpUtils]request url:http://gzgd.ao.com/iepg/getRoleTab?areaCode=520101A&cmsAreaCode=156520001001002&version=010202&roleId=&productType=DVB&cp=&appType=moui&qamArea=&mac=1C:66:6D:FC:8D:D7&machine=SE818&hardware=8188&groupId=&isTest=0
I/Advanced(10093): [QUEUE] share_queue_sendEx size:1 4097 10075 0x9e2b8a48,postLoopId:0,dstid:1.
I/launcher( 2157): [LocalDataSource]fetch roleinfo:{"ret":"0","planState":0,"livePolicy":null,"margin":"","planType":"0","backdoorsButtons":[],"videoId":"","actionList":[],"planVersion":81,"retInfo":"OK","roleList":[{"id":2100000004,"roleId":"101","roleName":"\u5927\u4f17a","roleDetail":"\u5927\u4f17\u4e3b\u9898a","wallPaper":null,"tabList":[{"tabId":1003000037,"tabName":"\u770b\u7535\u89c6","tabNameI18n":"","tabDetail":"\u5168\u7701\u5e03\u5c40_\u5e7f\u7535\u7cbe\u7075","tabIconUrl":"","tabBgUrl":"","sort":10,"adsorbPosition":"left","tabType":"11","spacing":10,"margin":"","size":150,"color":"#e37878","alpha":30,"tabStatusStyle":[],"productType":null,"type":"0","actions":[],"homeTab":0,"bizLink":null,"bootTab":0},{"tabId":1003000014,"tabName":"\u597d\u63a8\u8350","tabNameI18n":"","tabDetail":"\u89c6\u8fbe\u79d1\u5e03\u5c40","tabIconUrl":"","tabBgUrl":"","sort":11,"adsorbPosition":"left","tabType":"15","spacing":50,"margin":"","size":50,"color":"#f5c9d5","alpha":1,"tabStatusStyle":[],"productType":null,"type":"0","actions":[],"homeTab":0,"bizLink":null,"bootTab":0},{"tabId":1003000015,"tabName":"\u5f71\u89c6\u8ff7","tabNameI18n":"","tabDetail":"\u89c6\u8fbe\u79d1\u5e03\u5c40","tabIconUrl":"","tabBgUrl":"","sort":12,"adsorbPosition":"left","tabType":"0","spacing":50,"margin":"","size":50,"color":"#eddadf","alpha":0,"tabStatusStyle":[],"productType":null,"type":"0","actions":[],"homeTab":0,"bizLink":null,"bootTab":0},{"tabId":1003000016,"tabName":"\u513f\u5b59\u4e50","tabNameI18n":"","tabDetail":"\u89c6\u8fbe\u79d1\u5e03\u5c40","tabIconUrl":"","tabBgUrl":"","sort":13,"adsorbPosition":"left","tabType":"0","spacing":50,"margin":"","size":50,"color":"#e8ccd3","alpha":80,"tabStatusStyle":[],"productType":null,"type":"0","actions":[],"homeTab":0,"bizLink":null,"bootTab":0},{"tabId":1003000017,"tabName":"\u597d\u4fbf\u5b9c","tabNameI18n":"","tabDetail":"\u89c6\u8fbe\u79d1\u5e03\u5c40","tabIconUrl":"","tabBgUrl":"","sort":14,"adsorbPosition":"left","tabType":"0","spacing":50,"margin":"","size":50,"color":"#c2657e","alpha":223,"tabStatusStyle":[],"productType":null,"type":"0","actions":[],"homeTab":0,"bizLink":null,"bootTab":0},{"tabId":1003000018,"tabName":"\u5e7f\u7535\u4e91","tabNameI18n":"","tabDetail":"\u89c6\u8fbe\u79d1\u5e03\u5c40","tabIconUrl":"","tabBgUrl":"","sort":15,"adsorbPosition":"left","tabType":"0","spacing":50,"margin":"","size":50,"color":"#e0b6c1","alpha":80,"tabStatusStyle":[],"productType":null,"type":"0","actions":[],"homeTab":0,"bizLink":null,"bootTab":0},{"tabId":1003000019,"tabName":"\u66f4\u591a","tabNameI18n":"","tabDetail":"\u89c6\u8fbe\u79d1\u5e03\u5c40","tabIconUrl":"","tabBgUrl":"","sort":16,"adsorbPosition":"left","tabType":"0","spacing":50,"margin":"","size":50,"color":"#e09bad","alpha":6,"tabStatusStyle":[],"productType":null,"type":"0","actions":[],"homeTab":0,"bizLink":null,"bootTab":0},{"tabId":1003000008,"tabName":"\u83dc\u5355\u680f","tabNameI18n":"","tabDetail":"\u8d35\u5dde\u2161","tabIconUrl":"","tabBgUrl":"","sort":17,"adsorbPosition":"left","tabType":"0","spacing":90,"margin":"","size":50,"color":"#ffffff","alpha":80,"tabStatusStyle":[],"productType":null,"type":"1","actions":[],"homeTab":0,"bizLink":null,"bootTab":0}]}],"planId":1004000008,"option":0,"intervalTime":60}
D/launcher( 2157): [IOUtilsx]save content to /data/data/com.gzgd.launcher/files/portal/last/roleinfo
E/launcher( 2157): [DataManager]fetchLastData onError:Updated to the latest version
D/LogWindowManageView( 2157): addLogText
D/LogWindowManageView( 2157): mLogList count:51  3233
D/launcher( 2157): [DataManager]start fetch last data loop interval : 60 s ;
D/launcher( 2157): [Utils]RandomInterval:79
I/Advanced(10093): [QUEUE] share_queue_sendEx size:1 4097 10076 0x9e2b8a48,postLoopId:0,dstid:1.
I/AdvancedPorting-PORT_MODULE_NET(10093): network_task while... 
I/AdvancedPorting-PORT_MODULE_NET(10093): 0 interface name: lo
I/AdvancedPorting-PORT_MODULE_NET(10093): 1 interface name: wlan0
I/AdvancedPorting-PORT_MODULE_NET(10093): First interface name: lo
I/AdvancedPorting-PORT_MODULE_NET(10093): network_task while...  net_i:1
I/AdvancedPorting-PORT_MODULE_NET(10093): network_task while---name_interface[0]=lo
I/AdvancedPorting-PORT_MODULE_NET(10093): network_task while---name_interface[1]=wlan0
I/AdvancedPorting-PORT_MODULE_NET(10093): network_task while---interface_name=wlan0
I/AdvancedPorting-PORT_MODULE_NET(10093): network_get_netlink_status(in)--if_name=wlan0
I/AdvancedPorting-PORT_MODULE_NET(10093): net.network.isconnected = no
I/AdvancedPorting-PORT_MODULE_NET(10093): wlan0 --network_get_netlink_status return retval=1
I/AdvancedPorting-PORT_MODULE_NET(10093): stat = 1 last_status = 1
I/com.chinanetcenter.iSpeed( 2198): IptablesWatchdogThread > checkThreads
I/Advanced(10093): [QUEUE] share_queue_sendEx size:1 4097 10078 0x9e2b8a48,postLoopId:0,dstid:1.
I/Advanced(10093): [QUEUE] share_queue_sendEx size:1 4097 10079 0x9e2b8a48,postLoopId:0,dstid:1.
I/Advanced(10093): [QUEUE] share_queue_sendEx size:1 4097 10080 0x9e2b8a48,postLoopId:0,dstid:1.
I/Advanced(10093): [QUEUE] share_queue_sendEx size:1 4097 10082 0x9e2b8a48,postLoopId:0,dstid:1.
I/AdvancedPorting-PORT_MODULE_NET(10093): network_task while... 
I/AdvancedPorting-PORT_MODULE_NET(10093): 0 interface name: lo
I/AdvancedPorting-PORT_MODULE_NET(10093): 1 interface name: wlan0
I/AdvancedPorting-PORT_MODULE_NET(10093): First interface name: lo
I/AdvancedPorting-PORT_MODULE_NET(10093): network_task while...  net_i:1
I/AdvancedPorting-PORT_MODULE_NET(10093): network_task while---name_interface[0]=lo
I/AdvancedPorting-PORT_MODULE_NET(10093): network_task while---name_interface[1]=wlan0
I/AdvancedPorting-PORT_MODULE_NET(10093): network_task while---interface_name=wlan0
I/AdvancedPorting-PORT_MODULE_NET(10093): network_get_netlink_status(in)--if_name=wlan0
I/AdvancedPorting-PORT_MODULE_NET(10093): net.network.isconnected = no
I/AdvancedPorting-PORT_MODULE_NET(10093): wlan0 --network_get_netlink_status return retval=1
I/AdvancedPorting-PORT_MODULE_NET(10093): stat = 1 last_status = 1
I/com.chinanetcenter.iSpeed( 2198): IptablesWatchdogThread > checkThreads
I/Advanced(10093): [QUEUE] share_queue_sendEx size:1 4097 10083 0x9e2b8a48,postLoopId:0,dstid:1.
I/Advanced(10093): [QUEUE] share_queue_sendEx size:1 4097 10084 0x9e2b8a48,postLoopId:0,dstid:1.
V/netx    ( 2157): gointo 4  out true
V/StatusBarService( 2157): false up0 true
D/AndroidRuntime(29194): >>>>>> START com.android.internal.os.RuntimeInit uid 0 <<<<<<
D/AndroidRuntime(29194): CheckJNI is OFF
I/Advanced(10093): [QUEUE] share_queue_sendEx size:1 4097 10086 0x9e2b8a48,postLoopId:0,dstid:1.
D/AndroidRuntime(29194): Calling main entry com.android.commands.am.Am
I/ActivityManager( 1568): START u0 {act=com.gzgd.webapp.start flg=0x10000000 cmp=com.gzgd.webapp.elf/com.gzgd.webapp.MainActivity (has extras)} from uid 0 on display 0
D/AndroidRuntime(29194): Shutting down VM
V/ActivityManager( 1568): set mstar.EnterOpaqueUI false
I/WUGUAN  ( 1568): pkg = zime.ui
I/WUGUAN  ( 1568): axr.toString() = TaskRecord{ea4e2d2 #6 A=com.gzgd.webapp.elf U=0 sz=1}
I/WUGUAN  ( 1568): pkg = com.huawei.iptv.stb.videotalk.activity
I/WUGUAN  ( 1568): axr.toString() = TaskRecord{ea4e2d2 #6 A=com.gzgd.webapp.elf U=0 sz=1}
I/WUGUAN  ( 1568): pkg = hw.media.singletest
I/WUGUAN  ( 1568): axr.toString() = TaskRecord{ea4e2d2 #6 A=com.gzgd.webapp.elf U=0 sz=1}
I/WUGUAN  ( 1568): pkg = com.huawei.videoengineapp
I/WUGUAN  ( 1568): axr.toString() = TaskRecord{ea4e2d2 #6 A=com.gzgd.webapp.elf U=0 sz=1}
I/ActivityManager( 1568): TR5) TaskRecord{ea4e2d2 #6 A=com.gzgd.webapp.elf U=0 sz=1}
I/ActivityManager( 1568): TR4) TaskRecord{2045a409 #1 A=com.gzgd.launcher U=0 sz=1}
I/ActivityManager( 1568): TR5) TaskRecord{ea4e2d2 #6 A=com.gzgd.webapp.elf U=0 sz=1}
I/ActivityManager( 1568): TR4) TaskRecord{2045a409 #1 A=com.gzgd.launcher U=0 sz=1}
I/webapp  ( 1883): [MainActivity]onNewIntent
I/webapp  ( 1883): [MainActivity]onEvent:type3 reason:create surface success errortype:0 errorreason:
I/Surface ( 1883): Surface::setBuffersFormat format 1
D/gralloc ( 1127): allocate memory from system heap
I/Advanced(10093): [QUEUE] share_queue_sendEx size:1 4097 10087 0x9e2b8a48,postLoopId:0,dstid:1.
D/gralloc ( 1127): allocate memory from system heap
D/gralloc ( 1127): allocate memory from system heap
I/webapp  ( 1883): [WebViewController]will load url :http://10.69.38.11/videoTest.htm
I/webapp  ( 1883): [JsLog]object [sourceId:http://10.69.38.11/videoTest.htm(58)]
D/LogWindowManageView( 1883): addLogText
I/webapp  ( 1883): [JsLog]3 [sourceId:http://10.69.38.11/videoTest.htm(59)]
D/LogWindowManageView( 1883): addLogText
D/LogWindowManageView( 1883): mLogList count:22  1304
I/webapp  ( 1883): [JsLog]create surface success [sourceId:http://10.69.38.11/videoTest.htm(60)]
D/LogWindowManageView( 1883): addLogText
D/LogWindowManageView( 1883): mLogList count:23  1365
D/LogWindowManageView( 1883): mLogList count:24  1421
I/webapp  ( 1883): [JsLog]0 [sourceId:http://10.69.38.11/videoTest.htm(61)]
D/LogWindowManageView( 1883): addLogText
I/webapp  ( 1883): [JsLog] [sourceId:http://10.69.38.11/videoTest.htm(62)]
D/LogWindowManageView( 1883): addLogText
D/LogWindowManageView( 1883): mLogList count:25  1498
D/LogWindowManageView( 1883): mLogList count:26  1554
I/ValidateNoPeople( 1568): skipping global notification
D/SogouIME( 2028): onFinishInput
D/SogouIME API( 2028): ==============num:32
D/SogouIME( 2028): mFocusedComponent:30   isHkbEnable:false
D/SogouIME( 2028): onstartInput
D/SogouIME( 2028): onStartInput - inputType = 161 - restarting = false
D/SogouIME( 2028): =====configKeyboard=======æ˜¯å¦æœ‰ç¡¬ä»¶ç›˜:true     ç¡¬ä»¶ç›˜æ˜¯å¦ä¸å†éšè—ï¼štrue
D/com.chinanetcenter.iSpeed( 2198): ForegroundDetectService > onAccessibilityEvent: com.gzgd.webapp.elf
I/webapp  ( 1883): [JsLog]progress:10
I/webapp  ( 1883): [WebViewController]onLoadResource: http://10.69.38.11/videoTest.htm
D/LogWindowManageView( 1883): addLogText
D/LogWindowManageView( 1883): mLogList count:27  1609
I/AdvancedPorting-PORT_MODULE_NET(10093): network_task while... 
I/AdvancedPorting-PORT_MODULE_NET(10093): 0 interface name: lo
I/AdvancedPorting-PORT_MODULE_NET(10093): 1 interface name: wlan0
I/AdvancedPorting-PORT_MODULE_NET(10093): First interface name: lo
I/AdvancedPorting-PORT_MODULE_NET(10093): network_task while...  net_i:1
I/AdvancedPorting-PORT_MODULE_NET(10093): network_task while---name_interface[0]=lo
I/AdvancedPorting-PORT_MODULE_NET(10093): network_task while---name_interface[1]=wlan0
I/AdvancedPorting-PORT_MODULE_NET(10093): network_task while---interface_name=wlan0
I/AdvancedPorting-PORT_MODULE_NET(10093): network_get_netlink_status(in)--if_name=wlan0
I/AdvancedPorting-PORT_MODULE_NET(10093): net.network.isconnected = no
I/AdvancedPorting-PORT_MODULE_NET(10093): wlan0 --network_get_netlink_status return retval=1
I/AdvancedPorting-PORT_MODULE_NET(10093): stat = 1 last_status = 1
I/MiSysSrv( 1138): [37m[INFO] Change to Voltage: 1180 mV (0x33)[m
I/Surface ( 2157): Surface::setBuffersFormat format 0
D/launcher( 2157): [Workspace]onStop
I/webapp  ( 1883): [JsLog]playVideo [sourceId:http://10.69.38.11/videoTest.htm(8)]
D/LogWindowManageView( 1883): addLogText
D/LogWindowManageView( 1883): mLogList count:28  1676
