V/[MMP]   ( 1131): [10686] [MMP] (0x0xb0ece000) enter SetDispInfo
V/[MMP]   ( 1131): [10686] disp_mode: 0
V/[MMP]   ( 1131): [10686] rotate   : 0
V/[MMP]   ( 1131): [10686] in_fmt   : 3
V/[MMP]   ( 1131): [10686] w        : 1920
V/[MMP]   ( 1131): [10686] h        : 1080
V/[MMP]   ( 1131): [10686] interlace: 1
V/[MMP]   ( 1131): [10686] dec_type : 11
V/[MMP]   ( 1131): [10686] vop_fr   : 25000
I/webapp  ( 1877): [WebVideoView] mMediaPlayer.start()
V/[MMP]   ( 1131): [10686] aspect_w : 1920
V/[MMP]   ( 1131): [10686] aspect_h : 1080
V/[MMP]   ( 1131): [10686] is_3d    : 0
V/NativeWinRenderer( 1131): HW display: 1, prt: 0xb333bb08, rotate: 0
V/NativeWinRenderer( 1131): supportHardwareRender = 1, forceSoftwareRender = 0
I/Surface ( 1131): Surface::setBuffersFormat format 2
V/NativeWinRenderer( 1131): min undequeued buffer count 1
V/NativeWinRenderer( 1131): adjust min undequeued buffer count to 2
I/webapp  ( 1877): [MainActivity]onEvent:type0 reason:vedio start errortype:0 errorreason:
V/[MMP]   ( 1131): [10691] [STM] write_data buffering... z:0 < 1648, pos: 931000 < 932648, f_z:-1, is_data_enough:0
D/gralloc ( 1126): allocate memory from system heap
I/webapp  ( 1877): [JsLog]object [sourceId:http://10.69.42.209/app/tv/qndj2/dyjy/bxkj/index.htm(385)]
D/LogWindowManageView( 1877): addLogText
D/gralloc ( 1126): allocate memory from system heap
V/[MMP]   ( 1131): [10691] [STM] write_data buffering... z:4200 < 1648, pos: 935200 < 932648, f_z:-1, is_data_enough:0
V/[MMP]   ( 1131): [10691] [STM] cb_write_rb_done_post! mem_full:0, w_full:0, net_err:0, w_pos:935200, f_size:-1
V/[MMP]   ( 1131): [10691] [STM] cb_write, target_write_offset:935200, r_idx:1, (56568, 931000) w_idx:1, [0, 56568] [56568, 935200]
D/LogWindowManageView( 1877): mLogList count:1233  110562
V/[MMP]   ( 1131): [10691] [STM] send rebuffer_done msg, cb_status:0
V/[MMP]   ( 1131): [10691] [STM] stm_rebuffer_done_callback
D/mstplayer( 1131): [10691] [AVP] ap_rebuffer_done_callback, need_skip_next_rb_done:1
V/[MMP]   ( 1131): [10701] [STM] cb_rb_read_leave, cb_status:0, stop_lock:0, f_z:-1, w_pos:935200, mem_full:0
I/webapp  ( 1877): [JsLog]0 [sourceId:http://10.69.42.209/app/tv/qndj2/dyjy/bxkj/index.htm(386)]
D/LogWindowManageView( 1877): addLogText
V/[MMP]   ( 1131): [10701] evan add for debug rebuffer_size 2 672, 1880
V/[MMP]   ( 1131): [10701] [STM] handle_read_rebuffer ins_z:1208, data_z:0
V/[MMP]   ( 1131): [10701] [STM] need_rebuffer mode:1, data_z: 0 < in_size: 1208, r_idx:1, offsest:935200, r1(0, 56568) r2(56568, 935200), w1(0, 56568), w2(56568, 935200)
V/[MMP]   ( 1131): [10701] [STM] judge_need_enter_rebuffer, ret:1, stop_lock:0, w_full:0, net_err:0, mem_full:0, w_pos:935200, f_size:-1
V/[MMP]   ( 1131): [10701] [STM] min_rebuffering_mode, in_size:1208, rebuffer_size:1208, r_idx:1
V/[MMP]   ( 1131): [10701] [STM] cb_rb_read_enter, offset:935200, in_size:1208, req_size:1208
D/LogWindowManageView( 1877): mLogList count:1234  110644
V/[MMP]   ( 1131): [10701] [STM] cb_read, target_read_offset:935200, r_idx:1, (56568, 935200) w_idx:1, [0, 56568] [56568, 935200]
V/[MMP]   ( 1131): [10701] [STM] send rebuffer msg
V/[MMP]   ( 1131): [10701] [STM] stm_rebuffer_callback
D/mstplayer( 1131): [10701] [AVP] ap_rebuffer_callback, min rebuffer mode:1
I/webapp  ( 1877): [JsLog]vedio start [sourceId:http://10.69.42.209/app/tv/qndj2/dyjy/bxkj/index.htm(387)]
D/LogWindowManageView( 1877): addLogText
D/LogWindowManageView( 1877): mLogList count:1235  110721
I/webapp  ( 1877): [JsLog]0 [sourceId:http://10.69.42.209/app/tv/qndj2/dyjy/bxkj/index.htm(388)]
D/LogWindowManageView( 1877): addLogText
V/[MMP]   ( 1131): [10691] [STM] write_data buffering... z:8400 < 1208, pos: 943600 < 936408, f_z:-1, is_data_enough:0
V/[MMP]   ( 1131): [10691] [STM] cb_write_rb_done_post! mem_full:0, w_full:0, net_err:0, w_pos:943600, f_size:-1
V/[MMP]   ( 1131): [10691] [STM] cb_write, target_write_offset:943600, r_idx:1, (56568, 935200) w_idx:1, [0, 56568] [56568, 943600]
V/[MMP]   ( 1131): [10691] [STM] send rebuffer_done msg, cb_status:0
V/[MMP]   ( 1131): [10691] [STM] stm_rebuffer_done_callback
D/mstplayer( 1131): [10691] [AVP] ap_rebuffer_done_callback, need_skip_next_rb_done:1
V/[MMP]   ( 1131): [10701] [STM] cb_rb_read_leave, cb_status:0, stop_lock:0, f_z:-1, w_pos:943600, mem_full:0
V/[MMP]   ( 1131): [10701] evan add for debug rebuffer_size 2 1552, 1880
V/[MMP]   ( 1131): [10701] [STM] handle_read_rebuffer ins_z:328, data_z:0
D/gralloc ( 1126): allocate memory from system heap
V/[MMP]   ( 1131): [10701] [STM] need_rebuffer mode:1, data_z: 0 < in_size: 328, r_idx:1, offsest:943600, r1(0, 56568) r2(56568, 943600), w1(0, 56568), w2(56568, 943600)
V/[MMP]   ( 1131): [10701] [STM] judge_need_enter_rebuffer, ret:1, stop_lock:0, w_full:0, net_err:0, mem_full:0, w_pos:943600, f_size:-1
V/[MMP]   ( 1131): [10701] [STM] min_rebuffering_mode, in_size:328, rebuffer_size:328, r_idx:1
V/[MMP]   ( 1131): [10701] [STM] cb_rb_read_enter, offset:943600, in_size:328, req_size:328
D/LogWindowManageView( 1877): mLogList count:1236  110808
V/[MMP]   ( 1131): [10701] [STM] cb_read, target_read_offset:943600, r_idx:1, (56568, 943600) w_idx:1, [0, 56568] [56568, 943600]
V/[MMP]   ( 1131): [10701] [STM] send rebuffer msg
V/[MMP]   ( 1131): [10701] [STM] stm_rebuffer_callback
D/mstplayer( 1131): [10701] [AVP] ap_rebuffer_callback, min rebuffer mode:1
I/webapp  ( 1877): [JsLog] [sourceId:http://10.69.42.209/app/tv/qndj2/dyjy/bxkj/index.htm(389)]
D/LogWindowManageView( 1877): addLogText
V/[MMP]   ( 1131): [10691] [STM] write_data buffering... z:8400 < 328, pos: 952000 < 943928, f_z:-1, is_data_enough:0
V/[MMP]   ( 1131): [10691] [STM] cb_write_rb_done_post! mem_full:0, w_full:0, net_err:0, w_pos:952000, f_size:-1
V/[MMP]   ( 1131): [10691] [STM] cb_write, target_write_offset:952000, r_idx:1, (56568, 943600) w_idx:1, [0, 56568] [56568, 952000]
V/[MMP]   ( 1131): [10691] [STM] send rebuffer_done msg, cb_status:0
D/LogWindowManageView( 1877): mLogList count:1237  110885
V/[MMP]   ( 1131): [10691] [STM] stm_rebuffer_done_callback
D/mstplayer( 1131): [10691] [AVP] ap_rebuffer_done_callback, need_skip_next_rb_done:1
V/[MMP]   ( 1131): [10701] [STM] cb_rb_read_leave, cb_status:0, stop_lock:0, f_z:-1, w_pos:952000, mem_full:0
V/[MMP]   ( 1131): [10701] evan add for debug rebuffer_size 2 552, 1880
V/[MMP]   ( 1131): [10701] [STM] handle_read_rebuffer ins_z:1328, data_z:0
V/[MMP]   ( 1131): [10701] [STM] need_rebuffer mode:1, data_z: 0 < in_size: 1328, r_idx:1, offsest:952000, r1(0, 56568) r2(56568, 952000), w1(0, 56568), w2(56568, 952000)
V/NativeWinRenderer( 1131): config renderer, type = 2, value = 0
V/[MMP]   ( 1131): [10701] [STM] judge_need_enter_rebuffer, ret:1, stop_lock:0, w_full:0, net_err:0, mem_full:0, w_pos:952000, f_size:-1
V/[MMP]   ( 1131): [10686] [mmp_vo_init] ret: 0
V/[MMP]   ( 1131): [10701] [STM] min_rebuffering_mode, in_size:1328, rebuffer_size:1328, r_idx:1
V/[MMP]   ( 1131): [10686] [VO] new w 0, h 0, x 0, y 0, rotate 0, flip 0, maced 0, disp buf 0x0, drv 0xb0d68380
V/[MMP]   ( 1131): [10701] [STM] cb_rb_read_enter, offset:952000, in_size:1328, req_size:1328
V/[MMP]   ( 1131): [10686] [VO] old w 0, h 0, x 0, y 0, rotate 0, flip 0, maced 0, disp buf 0x0, drv 0x0
V/[MMP]   ( 1131): [10701] [STM] cb_read, target_read_offset:952000, r_idx:1, (56568, 952000) w_idx:1, [0, 56568] [56568, 952000]
V/[MMP]   ( 1131): [10686] [MMP] leave SetDispInfo
V/[MMP]   ( 1131): [10701] [STM] send rebuffer msg
D/mstplayer( 1131): [10686] start to wait hw display path init
V/[MMP]   ( 1131): [10701] [STM] stm_rebuffer_callback
D/mstplayer( 1131): [10701] [AVP] ap_rebuffer_callback, min rebuffer mode:1
V/[MMP]   ( 1131): [10691] [STM] write_data buffering... z:18200 < 1328, pos: 970200 < 953328, f_z:-1, is_data_enough:0
V/[MMP]   ( 1131): [10691] [STM] cb_write_rb_done_post! mem_full:0, w_full:0, net_err:0, w_pos:970200, f_size:-1
V/[MMP]   ( 1131): [10691] [STM] cb_write, target_write_offset:970200, r_idx:1, (56568, 952000) w_idx:1, [0, 56568] [56568, 970200]
V/[MMP]   ( 1131): [10691] [STM] send rebuffer_done msg, cb_status:0
V/[MMP]   ( 1131): [10691] [STM] stm_rebuffer_done_callback
D/mstplayer( 1131): [10691] [AVP] ap_rebuffer_done_callback, need_skip_next_rb_done:1
V/[MMP]   ( 1131): [10701] [STM] cb_rb_read_leave, cb_status:0, stop_lock:0, f_z:-1, w_pos:970200, mem_full:0
V/[MMP]   ( 1131): [10701] evan add for debug rebuffer_size 2 1832, 1880
V/[MMP]   ( 1131): [10701] [STM] handle_read_rebuffer ins_z:48, data_z:0
V/[MMP]   ( 1131): [10701] [STM] need_rebuffer mode:1, data_z: 0 < in_size: 48, r_idx:1, offsest:970200, r1(0, 56568) r2(56568, 970200), w1(0, 56568), w2(56568, 970200)
V/[MMP]   ( 1131): [10701] [STM] judge_need_enter_rebuffer, ret:1, stop_lock:0, w_full:0, net_err:0, mem_full:0, w_pos:970200, f_size:-1
V/[MMP]   ( 1131): [10701] [STM] min_rebuffering_mode, in_size:48, rebuffer_size:48, r_idx:1
V/[MMP]   ( 1131): [10701] [STM] cb_rb_read_enter, offset:970200, in_size:48, req_size:48
V/[MMP]   ( 1131): [10701] [STM] cb_read, target_read_offset:970200, r_idx:1, (56568, 970200) w_idx:1, [0, 56568] [56568, 970200]
V/[MMP]   ( 1131): [10701] [STM] send rebuffer msg
V/[MMP]   ( 1131): [10701] [STM] stm_rebuffer_callback
D/mstplayer( 1131): [10701] [AVP] ap_rebuffer_callback, min rebuffer mode:1
V/[MMP]   ( 1131): [10691] [STM] write_data buffering... z:0 < 48, pos: 970200 < 970248, f_z:-1, is_data_enough:0
V/[MMP]   ( 1131): [10691] [STM] write_data buffering... z:4200 < 48, pos: 974400 < 970248, f_z:-1, is_data_enough:0
V/[MMP]   ( 1131): [10691] [STM] cb_write_rb_done_post! mem_full:0, w_full:0, net_err:0, w_pos:974400, f_size:-1
V/[MMP]   ( 1131): [10691] [STM] cb_write, target_write_offset:974400, r_idx:1, (56568, 970200) w_idx:1, [0, 56568] [56568, 974400]
V/[MMP]   ( 1131): [10691] [STM] send rebuffer_done msg, cb_status:0
V/[MMP]   ( 1131): [10691] [STM] stm_rebuffer_done_callback
D/mstplayer( 1131): [10691] [AVP] ap_rebuffer_done_callback, need_skip_next_rb_done:1
V/[MMP]   ( 1131): [10701] [STM] cb_rb_read_leave, cb_status:0, stop_lock:0, f_z:-1, w_pos:974400, mem_full:0
V/[MMP]   ( 1131): [10701] evan add for debug rebuffer_size 2 392, 1880
V/[MMP]   ( 1131): [10701] [STM] handle_read_rebuffer ins_z:1488, data_z:0
V/[MMP]   ( 1131): [10701] [STM] need_rebuffer mode:1, data_z: 0 < in_size: 1488, r_idx:1, offsest:974400, r1(0, 56568) r2(56568, 974400), w1(0, 56568), w2(56568, 974400)
V/[MMP]   ( 1131): [10701] [STM] judge_need_enter_rebuffer, ret:1, stop_lock:0, w_full:0, net_err:0, mem_full:0, w_pos:974400, f_size:-1
V/[MMP]   ( 1131): [10701] [STM] min_rebuffering_mode, in_size:1488, rebuffer_size:1488, r_idx:1
V/[MMP]   ( 1131): [10701] [STM] cb_rb_read_enter, offset:974400, in_size:1488, req_size:1488
V/[MMP]   ( 1131): [10701] [STM] cb_read, target_read_offset:974400, r_idx:1, (56568, 974400) w_idx:1, [0, 56568] [56568, 974400]
V/[MMP]   ( 1131): [10701] [STM] send rebuffer msg
V/[MMP]   ( 1131): [10701] [STM] stm_rebuffer_callback
D/mstplayer( 1131): [10701] [AVP] ap_rebuffer_callback, min rebuffer mode:1
V/[MMP]   ( 1131): [10691] [STM] write_data buffering... z:8400 < 1488, pos: 982800 < 975888, f_z:-1, is_data_enough:0
V/[MMP]   ( 1131): [10691] [STM] cb_write_rb_done_post! mem_full:0, w_full:0, net_err:0, w_pos:982800, f_size:-1
V/[MMP]   ( 1131): [10691] [STM] cb_write, target_write_offset:982800, r_idx:1, (56568, 974400) w_idx:1, [0, 56568] [56568, 982800]
V/[MMP]   ( 1131): [10691] [STM] send rebuffer_done msg, cb_status:0
V/[MMP]   ( 1131): [10691] [STM] stm_rebuffer_done_callback
D/mstplayer( 1131): [10691] [AVP] ap_rebuffer_done_callback, need_skip_next_rb_done:1
V/[MMP]   ( 1131): [10701] [STM] cb_rb_read_leave, cb_status:0, stop_lock:0, f_z:-1, w_pos:982800, mem_full:0
V/[MMP]   ( 1131): [10701] evan add for debug rebuffer_size 2 1272, 1880
V/[MMP]   ( 1131): [10701] [STM] handle_read_rebuffer ins_z:608, data_z:0
V/[MMP]   ( 1131): [10701] [STM] need_rebuffer mode:1, data_z: 0 < in_size: 608, r_idx:1, offsest:982800, r1(0, 56568) r2(56568, 982800), w1(0, 56568), w2(56568, 982800)
V/[MMP]   ( 1131): [10701] [STM] judge_need_enter_rebuffer, ret:1, stop_lock:0, w_full:0, net_err:0, mem_full:0, w_pos:982800, f_size:-1
V/[MMP]   ( 1131): [10701] [STM] min_rebuffering_mode, in_size:608, rebuffer_size:608, r_idx:1
V/[MMP]   ( 1131): [10701] [STM] cb_rb_read_enter, offset:982800, in_size:608, req_size:608
V/[MMP]   ( 1131): [10701] [STM] cb_read, target_read_offset:982800, r_idx:1, (56568, 982800) w_idx:1, [0, 56568] [56568, 982800]
V/[MMP]   ( 1131): [10701] [STM] send rebuffer msg
V/[MMP]   ( 1131): [10701] [STM] stm_rebuffer_callback
D/mstplayer( 1131): [10701] [AVP] ap_rebuffer_callback, min rebuffer mode:1
V/[MMP]   ( 1131): [10691] [STM] write_data buffering... z:4200 < 608, pos: 987000 < 983408, f_z:-1, is_data_enough:0
V/[MMP]   ( 1131): [10691] [STM] cb_write_rb_done_post! mem_full:0, w_full:0, net_err:0, w_pos:987000, f_size:-1
V/[MMP]   ( 1131): [10691] [STM] cb_write, target_write_offset:987000, r_idx:1, (56568, 982800) w_idx:1, [0, 56568] [56568, 987000]
V/[MMP]   ( 1131): [10691] [STM] send rebuffer_done msg, cb_status:0
V/[MMP]   ( 1131): [10691] [STM] stm_rebuffer_done_callback
D/mstplayer( 1131): [10691] [AVP] ap_rebuffer_done_callback, need_skip_next_rb_done:1
V/[MMP]   ( 1131): [10701] [STM] cb_rb_read_leave, cb_status:0, stop_lock:0, f_z:-1, w_pos:987000, mem_full:0
V/[MMP]   ( 1131): [10701] evan add for debug rebuffer_size 2 1712, 1880
V/[MMP]   ( 1131): [10701] [STM] handle_read_rebuffer ins_z:168, data_z:0
V/[MMP]   ( 1131): [10701] [STM] need_rebuffer mode:1, data_z: 0 < in_size: 168, r_idx:1, offsest:987000, r1(0, 56568) r2(56568, 987000), w1(0, 56568), w2(56568, 987000)
V/[MMP]   ( 1131): [10701] [STM] judge_need_enter_rebuffer, ret:1, stop_lock:0, w_full:0, net_err:0, mem_full:0, w_pos:987000, f_size:-1
V/[MMP]   ( 1131): [10701] [STM] min_rebuffering_mode, in_size:168, rebuffer_size:168, r_idx:1
V/[MMP]   ( 1131): [10701] [STM] cb_rb_read_enter, offset:987000, in_size:168, req_size:168
V/[MMP]   ( 1131): [10701] [STM] cb_read, target_read_offset:987000, r_idx:1, (56568, 987000) w_idx:1, [0, 56568] [56568, 987000]
V/[MMP]   ( 1131): [10701] [STM] send rebuffer msg
V/[MMP]   ( 1131): [10701] [STM] stm_rebuffer_callback
D/mstplayer( 1131): [10701] [AVP] ap_rebuffer_callback, min rebuffer mode:1
V/[MMP]   ( 1131): [10691] [STM] write_data buffering... z:0 < 168, pos: 987000 < 987168, f_z:-1, is_data_enough:0
V/[MMP]   ( 1131): [10723] [mmp_vo_reset_disp_setting] the same surface
D/mstplayer( 1131): [10723] [AVP] mmp_notify_callback get msg 16
V/[MMP]   ( 1131): [10723] [vo] ck_keep, pts:0, late:0, thres:40, pts_late:0 (7599862, 7599862), color:0, flip:0, release 0, (0, 0), duration:40000
V/[MMP]   ( 1131): [10723] first_L:7599862
D/vsyncbridge( 1126): vsync_bridge_render_frame: [0]switch not on !
D/vsyncbridge( 1126): Display Path INIT BEGIN
V/[MMP]   ( 1131): [10691] [STM] write_data buffering... z:0 < 168, pos: 987000 < 987168, f_z:-1, is_data_enough:0
V/[MMP]   ( 1131): [10691] [STM] write_data buffering... z:0 < 168, pos: 987000 < 987168, f_z:-1, is_data_enough:0
V/[MMP]   ( 1131): [10691] [STM] write_data buffering... z:0 < 168, pos: 987000 < 987168, f_z:-1, is_data_enough:0
V/[MMP]   ( 1131): [10691] [STM] write_data buffering... z:0 < 168, pos: 987000 < 987168, f_z:-1, is_data_enough:0
V/[MMP]   ( 1131): [10691] [STM] write_data buffering... z:0 < 168, pos: 987000 < 987168, f_z:-1, is_data_enough:0
V/[MMP]   ( 1131): [10691] [STM] write_data buffering... z:0 < 168, pos: 987000 < 987168, f_z:-1, is_data_enough:0
V/[MMP]   ( 1131): [10691] [STM] write_data buffering... z:0 < 168, pos: 987000 < 987168, f_z:-1, is_data_enough:0
V/[MMP]   ( 1131): [10691] [STM] write_data buffering... z:0 < 168, pos: 987000 < 987168, f_z:-1, is_data_enough:0
D/hwcomposer( 1126): Overlay[0], bInUsed = 1, bIsForceClose = 0
E/vsyncbridge( 1126): timo Disp_Open
D/vsyncbridge( 1126): [0] handle_thread thread got msg 0x1, mState = 0
D/vsyncbridge( 1126): Overlay 0 state change from 0 to 1
D/vsyncbridge( 1126): Init Overlay 0
V/RMClient( 1126): #3:RMClient
V/RMClient( 1126): #2:~RMClient
V/RMClient( 1126): #2:RMClient::returnAllResources, skipped due to no hold resource
V/RMClientListener( 1126): ~RMClientListener
V/RMClient( 1126): #3:requestResourceAsync
D/vsyncbridge( 1126): Wrapper_connect IN.
V/RMClient( 1126): #3:onMessageReceived creq
V/RMClient( 1126): #3:kWhatCmdResourceRequest
V/[MMP]   ( 1131): [10691] [STM] write_data buffering... z:0 < 168, pos: 987000 < 987168, f_z:-1, is_data_enough:0
V/RMAllocator( 1127): handleRequest
V/RMAllocator( 1127): handleRequest new ClientInfo, client=3028475936 id=3
I/RMAllocator( 1127): ClientInfo this=3037134368, mRMClient=3028475936. id=3
V/RMAllocator( 1127): handleRequest new ClientInfo=3037134368, client=3028475936 id=3
V/RMAllocator( 1127): allocateResources
V/RMAllocator( 1127): allocateOneResource
V/RMClient( 1126): #3:Done
V/RMClient( 1126): #3:handleRequestDone
V/RMClient( 1126): #3:onMessageReceived ldon
V/RMClient( 1126): #3:kWhatRequestDone
D/vsyncbridge( 1126): handleRequestDone: mOverlayID = 0, mState = 0x1
V/RMClient( 1126): #3:Done
V/[MMP]   ( 1131): [10691] [STM] write_data buffering... z:0 < 168, pos: 987000 < 987168, f_z:-1, is_data_enough:0
I/MiSysSrv( 1137): [1;31m[MI ERR ]: MI_ATOM_DISPOUT_GetHandle[1319]: Handle is not opened!
I/MiSysSrv( 1137): [0m[1;31m<<<MI_IMPL_DISPOUT_GetHandle[269] return ERR!
I/MiSysSrv( 1137): [0mdevice_interface::Build,137: Kano NOT support Panel Device!
I/MiSysSrv( 1137): device_interface_custom::Build,189: Device ID not support!
I/MiSysSrv( 1137): >>>>>>>>>> : Get_device,262: Get_device(0,0)
I/MiSysSrv( 1137): [1;31m<<<MI_ATOM_DISPOUT_Open[1278] device_interface::Get_device is NULL
I/MiSysSrv( 1137): [0m[1;31m<<<MI_IMPL_DISPOUT_Open[245] return ERR!
I/MiSysSrv( 1137): [0m[1;31m[MI ERR ]: MI_ATOM_DISPOUT_GetHandle[1319]: Handle is not opened!
I/MiSysSrv( 1137): [0m[1;31m<<<MI_IMPL_DISPOUT_GetHandle[269] return ERR!
V/[MMP]   ( 1131): [10691] [STM] write_data buffering... z:0 < 168, pos: 987000 < 987168, f_z:-1, is_data_enough:0
E/vsyncbridge( 1126): [31m Error 0x9: [_mi_display_init][787] main failed to MI_DISPOUT_Open()![m
V/[MMP]   ( 1131): [10691] [STM] write_data buffering... z:1400 < 168, pos: 988400 < 987168, f_z:-1, is_data_enough:0
V/[MMP]   ( 1131): [10691] [STM] cb_write_rb_done_post! mem_full:0, w_full:0, net_err:0, w_pos:988400, f_size:-1
V/[MMP]   ( 1131): [10691] [STM] cb_write, target_write_offset:988400, r_idx:1, (56568, 987000) w_idx:1, [0, 56568] [56568, 988400]
V/[MMP]   ( 1131): [10691] [STM] send rebuffer_done msg, cb_status:0
V/[MMP]   ( 1131): [10691] [STM] stm_rebuffer_done_callback
D/mstplayer( 1131): [10691] [AVP] ap_rebuffer_done_callback, need_skip_next_rb_done:1
V/[MMP]   ( 1131): [10701] [STM] cb_rb_read_leave, cb_status:0, stop_lock:0, f_z:-1, w_pos:988400, mem_full:0
V/[MMP]   ( 1131): [10701] evan add for debug rebuffer_size 2 1232, 1880
V/[MMP]   ( 1131): [10701] [STM] handle_read_rebuffer ins_z:648, data_z:0
V/[MMP]   ( 1131): [10701] [STM] need_rebuffer mode:1, data_z: 0 < in_size: 648, r_idx:1, offsest:988400, r1(0, 56568) r2(56568, 988400), w1(0, 56568), w2(56568, 988400)
V/[MMP]   ( 1131): [10701] [STM] judge_need_enter_rebuffer, ret:1, stop_lock:0, w_full:0, net_err:0, mem_full:0, w_pos:988400, f_size:-1
V/[MMP]   ( 1131): [10701] [STM] min_rebuffering_mode, in_size:648, rebuffer_size:648, r_idx:1
V/[MMP]   ( 1131): [10701] [STM] cb_rb_read_enter, offset:988400, in_size:648, req_size:648
V/[MMP]   ( 1131): [10701] [STM] cb_read, target_read_offset:988400, r_idx:1, (56568, 988400) w_idx:1, [0, 56568] [56568, 988400]
V/[MMP]   ( 1131): [10701] [STM] send rebuffer msg
V/[MMP]   ( 1131): [10701] [STM] stm_rebuffer_callback
D/mstplayer( 1131): [10701] [AVP] ap_rebuffer_callback, min rebuffer mode:1
V/[MMP]   ( 1131): [10691] [STM] write_data buffering... z:0 < 648, pos: 988400 < 989048, f_z:-1, is_data_enough:0
V/[MMP]   ( 1131): [10691] [STM] write_data buffering... z:0 < 648, pos: 988400 < 989048, f_z:-1, is_data_enough:0
V/[MMP]   ( 1131): [10691] [STM] write_data buffering... z:0 < 648, pos: 988400 < 989048, f_z:-1, is_data_enough:0
V/[MMP]   ( 1131): [10691] [STM] write_data buffering... z:0 < 648, pos: 988400 < 989048, f_z:-1, is_data_enough:0
V/[MMP]   ( 1131): [10691] [STM] write_data buffering... z:0 < 648, pos: 988400 < 989048, f_z:-1, is_data_enough:0
V/[MMP]   ( 1131): [10691] [STM] write_data buffering... z:0 < 648, pos: 988400 < 989048, f_z:-1, is_data_enough:0
V/[MMP]   ( 1131): [10691] [STM] write_data buffering... z:0 < 648, pos: 988400 < 989048, f_z:-1, is_data_enough:0
V/[MMP]   ( 1131): [10691] [STM] write_data buffering... z:0 < 648, pos: 988400 < 989048, f_z:-1, is_data_enough:0
V/[MMP]   ( 1131): [10691] [STM] write_data buffering... z:0 < 648, pos: 988400 < 989048, f_z:-1, is_data_enough:0
V/[MMP]   ( 1131): [10691] [STM] write_data buffering... z:0 < 648, pos: 988400 < 989048, f_z:-1, is_data_enough:0
V/[MMP]   ( 1131): [10691] [STM] write_data buffering... z:0 < 648, pos: 988400 < 989048, f_z:-1, is_data_enough:0
V/[MMP]   ( 1131): [10691] [STM] write_data buffering... z:0 < 648, pos: 988400 < 989048, f_z:-1, is_data_enough:0
V/[MMP]   ( 1131): [10691] [STM] write_data buffering... z:0 < 648, pos: 988400 < 989048, f_z:-1, is_data_enough:0
I/MiSysSrv( 1137): [0m[mapi_video_base@Line 1833] Initialize:1833 Video Init : Win Change[0->0], Source Change[42->34]
I/MiSysSrv( 1137): [GetModuleParameter_string]m_pModuleName = /config/module/Customer_Module.ini
D/hwcomposer( 1126): lastVideoPlanes is dirty
D/hwcomposer( 1126): lastHWWindowInfo is dirty
V/[MMP]   ( 1131): [10691] [STM] write_data buffering... z:0 < 648, pos: 988400 < 989048, f_z:-1, is_data_enough:0
I/MiSysSrv( 1137): [GetModuleParameter_string]m_pModuleDefaultName = /config/module/MStar_Default_Module.ini
V/[MMP]   ( 1131): [10691] [STM] write_data buffering... z:0 < 648, pos: 988400 < 989048, f_z:-1, is_data_enough:0
V/[MMP]   ( 1131): [10691] [STM] write_data buffering... z:8400 < 648, pos: 996800 < 989048, f_z:-1, is_data_enough:0
V/[MMP]   ( 1131): [10691] [STM] cb_write_rb_done_post! mem_full:0, w_full:0, net_err:0, w_pos:996800, f_size:-1
V/[MMP]   ( 1131): [10691] [STM] cb_write, target_write_offset:996800, r_idx:1, (56568, 988400) w_idx:1, [0, 56568] [56568, 996800]
V/[MMP]   ( 1131): [10691] [STM] send rebuffer_done msg, cb_status:0
V/[MMP]   ( 1131): [10691] [STM] stm_rebuffer_done_callback
D/mstplayer( 1131): [10691] [AVP] ap_rebuffer_done_callback, need_skip_next_rb_done:1
V/[MMP]   ( 1131): [10701] [STM] cb_rb_read_leave, cb_status:0, stop_lock:0, f_z:-1, w_pos:996800, mem_full:0
V/[MMP]   ( 1131): [10701] evan add for debug rebuffer_size 2 232, 1880
V/[MMP]   ( 1131): [10701] [STM] handle_read_rebuffer ins_z:1648, data_z:0
V/[MMP]   ( 1131): [10701] [STM] need_rebuffer mode:1, data_z: 0 < in_size: 1648, r_idx:1, offsest:996800, r1(0, 56568) r2(56568, 996800), w1(0, 56568), w2(56568, 996800)
V/[MMP]   ( 1131): [10701] [STM] judge_need_enter_rebuffer, ret:1, stop_lock:0, w_full:0, net_err:0, mem_full:0, w_pos:996800, f_size:-1
V/[MMP]   ( 1131): [10701] [STM] min_rebuffering_mode, in_size:1648, rebuffer_size:1648, r_idx:1
V/[MMP]   ( 1131): [10701] [STM] cb_rb_read_enter, offset:996800, in_size:1648, req_size:1648
V/[MMP]   ( 1131): [10701] [STM] cb_read, target_read_offset:996800, r_idx:1, (56568, 996800) w_idx:1, [0, 56568] [56568, 996800]
V/[MMP]   ( 1131): [10701] [STM] send rebuffer msg
V/[MMP]   ( 1131): [10701] [STM] stm_rebuffer_callback
D/mstplayer( 1131): [10701] [AVP] ap_rebuffer_callback, min rebuffer mode:1
V/[MMP]   ( 1131): [10691] [STM] write_data buffering... z:8400 < 1648, pos: 1005200 < 998448, f_z:-1, is_data_enough:0
V/[MMP]   ( 1131): [10691] [STM] cb_write_rb_done_post! mem_full:0, w_full:0, net_err:0, w_pos:1005200, f_size:-1
V/[MMP]   ( 1131): [10691] [STM] cb_write, target_write_offset:1005200, r_idx:1, (56568, 996800) w_idx:1, [0, 56568] [56568, 1005200]
V/[MMP]   ( 1131): [10691] [STM] send rebuffer_done msg, cb_status:0
V/[MMP]   ( 1131): [10691] [STM] stm_rebuffer_done_callback
D/mstplayer( 1131): [10691] [AVP] ap_rebuffer_done_callback, need_skip_next_rb_done:1
V/[MMP]   ( 1131): [10701] [STM] cb_rb_read_leave, cb_status:0, stop_lock:0, f_z:-1, w_pos:1005200, mem_full:0
V/[MMP]   ( 1131): [10701] [TS] ts discontinuity, ts_type = 1, file_pos = 1000348, ts_disc_count = 10
V/[MMP]   ( 1131): [10701] evan add for debug rebuffer_size 2 1112, 1880
V/[MMP]   ( 1131): [10701] [STM] handle_read_rebuffer ins_z:768, data_z:0
V/[MMP]   ( 1131): [10701] [STM] need_rebuffer mode:1, data_z: 0 < in_size: 768, r_idx:1, offsest:1005200, r1(0, 56568) r2(56568, 1005200), w1(0, 56568), w2(56568, 1005200)
V/[MMP]   ( 1131): [10701] [STM] judge_need_enter_rebuffer, ret:1, stop_lock:0, w_full:0, net_err:0, mem_full:0, w_pos:1005200, f_size:-1
V/[MMP]   ( 1131): [10701] [STM] min_rebuffering_mode, in_size:768, rebuffer_size:768, r_idx:1
V/[MMP]   ( 1131): [10701] [STM] cb_rb_read_enter, offset:1005200, in_size:768, req_size:768
V/[MMP]   ( 1131): [10701] [STM] cb_read, target_read_offset:1005200, r_idx:1, (56568, 1005200) w_idx:1, [0, 56568] [56568, 1005200]
V/[MMP]   ( 1131): [10701] [STM] send rebuffer msg
V/[MMP]   ( 1131): [10701] [STM] stm_rebuffer_callback
D/mstplayer( 1131): [10701] [AVP] ap_rebuffer_callback, min rebuffer mode:1
I/Downloader( 1131): [10692][prog_cb] Progress: 20% (1020600/5092732)
V/[MMP]   ( 1131): [10691] [STM] write_data buffering... z:7000 < 768, pos: 1012200 < 1005968, f_z:-1, is_data_enough:0
V/[MMP]   ( 1131): [10691] [STM] cb_write_rb_done_post! mem_full:0, w_full:0, net_err:0, w_pos:1012200, f_size:-1
V/[MMP]   ( 1131): [10691] [STM] cb_write, target_write_offset:1012200, r_idx:1, (56568, 1005200) w_idx:1, [0, 56568] [56568, 1012200]
V/[MMP]   ( 1131): [10691] [STM] send rebuffer_done msg, cb_status:0
V/[MMP]   ( 1131): [10691] [STM] stm_rebuffer_done_callback
D/mstplayer( 1131): [10691] [AVP] ap_rebuffer_done_callback, need_skip_next_rb_done:1
V/[MMP]   ( 1131): [10701] [STM] cb_rb_read_leave, cb_status:0, stop_lock:0, f_z:-1, w_pos:1012200, mem_full:0
V/[MMP]   ( 1131): [10701] evan add for debug rebuffer_size 2 592, 1880
V/[MMP]   ( 1131): [10701] [STM] handle_read_rebuffer ins_z:1288, data_z:0
V/[MMP]   ( 1131): [10701] [STM] need_rebuffer mode:1, data_z: 0 < in_size: 1288, r_idx:1, offsest:1012200, r1(0, 56568) r2(56568, 1012200), w1(0, 56568), w2(56568, 1012200)
V/[MMP]   ( 1131): [10701] [STM] judge_need_enter_rebuffer, ret:1, stop_lock:0, w_full:0, net_err:0, mem_full:0, w_pos:1012200, f_size:-1
V/[MMP]   ( 1131): [10701] [STM] min_rebuffering_mode, in_size:1288, rebuffer_size:1288, r_idx:1
V/[MMP]   ( 1131): [10701] [STM] cb_rb_read_enter, offset:1012200, in_size:1288, req_size:1288
V/[MMP]   ( 1131): [10701] [STM] cb_read, target_read_offset:1012200, r_idx:1, (56568, 1012200) w_idx:1, [0, 56568] [56568, 1012200]
V/[MMP]   ( 1131): [10701] [STM] send rebuffer msg
V/[MMP]   ( 1131): [10701] [STM] stm_rebuffer_callback
D/mstplayer( 1131): [10701] [AVP] ap_rebuffer_callback, min rebuffer mode:1
V/[MMP]   ( 1131): [10691] [STM] write_data buffering... z:8400 < 1288, pos: 1020600 < 1013488, f_z:-1, is_data_enough:0
V/[MMP]   ( 1131): [10691] [STM] cb_write_rb_done_post! mem_full:0, w_full:0, net_err:0, w_pos:1020600, f_size:-1
V/[MMP]   ( 1131): [10691] [STM] cb_write, target_write_offset:1020600, r_idx:1, (56568, 1012200) w_idx:1, [0, 56568] [56568, 1020600]
V/[MMP]   ( 1131): [10691] [STM] send rebuffer_done msg, cb_status:0
V/[MMP]   ( 1131): [10691] [STM] stm_rebuffer_done_callback
D/mstplayer( 1131): [10691] [AVP] ap_rebuffer_done_callback, need_skip_next_rb_done:1
V/[MMP]   ( 1131): [10701] [STM] cb_rb_read_leave, cb_status:0, stop_lock:0, f_z:-1, w_pos:1020600, mem_full:0
V/[MMP]   ( 1131): [10701] evan add for debug rebuffer_size 2 1472, 1880
V/[MMP]   ( 1131): [10701] [STM] handle_read_rebuffer ins_z:408, data_z:0
V/[MMP]   ( 1131): [10701] [STM] need_rebuffer mode:1, data_z: 0 < in_size: 408, r_idx:1, offsest:1020600, r1(0, 56568) r2(56568, 1020600), w1(0, 56568), w2(56568, 1020600)
V/[MMP]   ( 1131): [10701] [STM] judge_need_enter_rebuffer, ret:1, stop_lock:0, w_full:0, net_err:0, mem_full:0, w_pos:1020600, f_size:-1
V/[MMP]   ( 1131): [10701] [STM] min_rebuffering_mode, in_size:408, rebuffer_size:408, r_idx:1
V/[MMP]   ( 1131): [10701] [STM] cb_rb_read_enter, offset:1020600, in_size:408, req_size:408
V/[MMP]   ( 1131): [10701] [STM] cb_read, target_read_offset:1020600, r_idx:1, (56568, 1020600) w_idx:1, [0, 56568] [56568, 1020600]
V/[MMP]   ( 1131): [10701] [STM] send rebuffer msg
V/[MMP]   ( 1131): [10701] [STM] stm_rebuffer_callback
D/mstplayer( 1131): [10701] [AVP] ap_rebuffer_callback, min rebuffer mode:1
V/[MMP]   ( 1131): [10691] [STM] write_data buffering... z:7000 < 408, pos: 1027600 < 1021008, f_z:-1, is_data_enough:0
V/[MMP]   ( 1131): [10691] [STM] cb_write_rb_done_post! mem_full:0, w_full:0, net_err:0, w_pos:1027600, f_size:-1
V/[MMP]   ( 1131): [10691] [STM] cb_write, target_write_offset:1027600, r_idx:1, (56568, 1020600) w_idx:1, [0, 56568] [56568, 1027600]
V/[MMP]   ( 1131): [10691] [STM] send rebuffer_done msg, cb_status:0
V/[MMP]   ( 1131): [10691] [STM] stm_rebuffer_done_callback
D/mstplayer( 1131): [10691] [AVP] ap_rebuffer_done_callback, need_skip_next_rb_done:1
V/[MMP]   ( 1131): [10701] [STM] cb_rb_read_leave, cb_status:0, stop_lock:0, f_z:-1, w_pos:1027600, mem_full:0
V/[MMP]   ( 1131): [10701] evan add for debug rebuffer_size 2 952, 1880
V/[MMP]   ( 1131): [10701] [STM] handle_read_rebuffer ins_z:928, data_z:0
V/[MMP]   ( 1131): [10701] [STM] need_rebuffer mode:1, data_z: 0 < in_size: 928, r_idx:1, offsest:1027600, r1(0, 56568) r2(56568, 1027600), w1(0, 56568), w2(56568, 1027600)
V/[MMP]   ( 1131): [10701] [STM] judge_need_enter_rebuffer, ret:1, stop_lock:0, w_full:0, net_err:0, mem_full:0, w_pos:1027600, f_size:-1
V/[MMP]   ( 1131): [10701] [STM] min_rebuffering_mode, in_size:928, rebuffer_size:928, r_idx:1
V/[MMP]   ( 1131): [10701] [STM] cb_rb_read_enter, offset:1027600, in_size:928, req_size:928
V/[MMP]   ( 1131): [10701] [STM] cb_read, target_read_offset:1027600, r_idx:1, (56568, 1027600) w_idx:1, [0, 56568] [56568, 1027600]
V/[MMP]   ( 1131): [10701] [STM] send rebuffer msg
V/[MMP]   ( 1131): [10701] [STM] stm_rebuffer_callback
D/mstplayer( 1131): [10701] [AVP] ap_rebuffer_callback, min rebuffer mode:1
V/[MMP]   ( 1131): [10691] [STM] write_data buffering... z:8400 < 928, pos: 1036000 < 1028528, f_z:-1, is_data_enough:0
V/[MMP]   ( 1131): [10691] [STM] cb_write_rb_done_post! mem_full:0, w_full:0, net_err:0, w_pos:1036000, f_size:-1
V/[MMP]   ( 1131): [10691] [STM] cb_write, target_write_offset:1036000, r_idx:1, (56568, 1027600) w_idx:1, [0, 56568] [56568, 1036000]
V/[MMP]   ( 1131): [10691] [STM] send rebuffer_done msg, cb_status:0
V/[MMP]   ( 1131): [10691] [STM] stm_rebuffer_done_callback
D/mstplayer( 1131): [10691] [AVP] ap_rebuffer_done_callback, need_skip_next_rb_done:1
V/[MMP]   ( 1131): [10701] [STM] cb_rb_read_leave, cb_status:0, stop_lock:0, f_z:-1, w_pos:1036000, mem_full:0
V/[MMP]   ( 1131): [10701] evan add for debug rebuffer_size 2 1832, 1880
V/[MMP]   ( 1131): [10701] [STM] handle_read_rebuffer ins_z:48, data_z:0
V/[MMP]   ( 1131): [10701] [STM] need_rebuffer mode:1, data_z: 0 < in_size: 48, r_idx:1, offsest:1036000, r1(0, 56568) r2(56568, 1036000), w1(0, 56568), w2(56568, 1036000)
V/[MMP]   ( 1131): [10701] [STM] judge_need_enter_rebuffer, ret:1, stop_lock:0, w_full:0, net_err:0, mem_full:0, w_pos:1036000, f_size:-1
V/[MMP]   ( 1131): [10701] [STM] min_rebuffering_mode, in_size:48, rebuffer_size:48, r_idx:1
V/[MMP]   ( 1131): [10701] [STM] cb_rb_read_enter, offset:1036000, in_size:48, req_size:48
V/[MMP]   ( 1131): [10701] [STM] cb_read, target_read_offset:1036000, r_idx:1, (56568, 1036000) w_idx:1, [0, 56568] [56568, 1036000]
V/[MMP]   ( 1131): [10701] [STM] send rebuffer msg
V/[MMP]   ( 1131): [10701] [STM] stm_rebuffer_callback
D/mstplayer( 1131): [10701] [AVP] ap_rebuffer_callback, min rebuffer mode:1
V/[MMP]   ( 1131): [10691] [STM] write_data buffering... z:8400 < 48, pos: 1044400 < 1036048, f_z:-1, is_data_enough:0
V/[MMP]   ( 1131): [10691] [STM] cb_write_rb_done_post! mem_full:0, w_full:0, net_err:0, w_pos:1044400, f_size:-1
V/[MMP]   ( 1131): [10691] [STM] cb_write, target_write_offset:1044400, r_idx:1, (56568, 1036000) w_idx:1, [0, 56568] [56568, 1044400]
V/[MMP]   ( 1131): [10691] [STM] send rebuffer_done msg, cb_status:0
V/[MMP]   ( 1131): [10691] [STM] stm_rebuffer_done_callback
D/mstplayer( 1131): [10691] [AVP] ap_rebuffer_done_callback, need_skip_next_rb_done:1
V/[MMP]   ( 1131): [10701] [STM] cb_rb_read_leave, cb_status:0, stop_lock:0, f_z:-1, w_pos:1044400, mem_full:0
V/[MMP]   ( 1131): [10701] evan add for debug rebuffer_size 2 832, 1880
V/[MMP]   ( 1131): [10701] [STM] handle_read_rebuffer ins_z:1048, data_z:0
V/[MMP]   ( 1131): [10701] [STM] need_rebuffer mode:1, data_z: 0 < in_size: 1048, r_idx:1, offsest:1044400, r1(0, 56568) r2(56568, 1044400), w1(0, 56568), w2(56568, 1044400)
V/[MMP]   ( 1131): [10701] [STM] judge_need_enter_rebuffer, ret:1, stop_lock:0, w_full:0, net_err:0, mem_full:0, w_pos:1044400, f_size:-1
V/[MMP]   ( 1131): [10701] [STM] min_rebuffering_mode, in_size:1048, rebuffer_size:1048, r_idx:1
V/[MMP]   ( 1131): [10701] [STM] cb_rb_read_enter, offset:1044400, in_size:1048, req_size:1048
V/[MMP]   ( 1131): [10701] [STM] cb_read, target_read_offset:1044400, r_idx:1, (56568, 1044400) w_idx:1, [0, 56568] [56568, 1044400]
V/[MMP]   ( 1131): [10701] [STM] send rebuffer msg
V/[MMP]   ( 1131): [10701] [STM] stm_rebuffer_callback
D/mstplayer( 1131): [10701] [AVP] ap_rebuffer_callback, min rebuffer mode:1
V/[MMP]   ( 1131): [10691] [STM] write_data buffering... z:1400 < 1048, pos: 1045800 < 1045448, f_z:-1, is_data_enough:0
V/[MMP]   ( 1131): [10691] [STM] cb_write_rb_done_post! mem_full:0, w_full:0, net_err:0, w_pos:1045800, f_size:-1
V/[MMP]   ( 1131): [10691] [STM] cb_write, target_write_offset:1045800, r_idx:1, (56568, 1044400) w_idx:1, [0, 56568] [56568, 1045800]
V/[MMP]   ( 1131): [10691] [STM] send rebuffer_done msg, cb_status:0
V/[MMP]   ( 1131): [10691] [STM] stm_rebuffer_done_callback
D/mstplayer( 1131): [10691] [AVP] ap_rebuffer_done_callback, need_skip_next_rb_done:1
V/[MMP]   ( 1131): [10701] [STM] cb_rb_read_leave, cb_status:0, stop_lock:0, f_z:-1, w_pos:1045800, mem_full:0
V/[MMP]   ( 1131): [10701] evan add for debug rebuffer_size 2 352, 1880
V/[MMP]   ( 1131): [10701] [STM] handle_read_rebuffer ins_z:1528, data_z:0
V/[MMP]   ( 1131): [10701] [STM] need_rebuffer mode:1, data_z: 0 < in_size: 1528, r_idx:1, offsest:1045800, r1(0, 56568) r2(56568, 1045800), w1(0, 56568), w2(56568, 1045800)
V/[MMP]   ( 1131): [10701] [STM] judge_need_enter_rebuffer, ret:1, stop_lock:0, w_full:0, net_err:0, mem_full:0, w_pos:1045800, f_size:-1
V/[MMP]   ( 1131): [10701] [STM] min_rebuffering_mode, in_size:1528, rebuffer_size:1528, r_idx:1
V/[MMP]   ( 1131): [10701] [STM] cb_rb_read_enter, offset:1045800, in_size:1528, req_size:1528
V/[MMP]   ( 1131): [10701] [STM] cb_read, target_read_offset:1045800, r_idx:1, (56568, 1045800) w_idx:1, [0, 56568] [56568, 1045800]
V/[MMP]   ( 1131): [10701] [STM] send rebuffer msg
V/[MMP]   ( 1131): [10701] [STM] stm_rebuffer_callback
D/mstplayer( 1131): [10701] [AVP] ap_rebuffer_callback, min rebuffer mode:1
V/[MMP]   ( 1131): [10691] [STM] write_data buffering... z:0 < 1528, pos: 1045800 < 1047328, f_z:-1, is_data_enough:0
V/[MMP]   ( 1131): [10691] [STM] write_data buffering... z:0 < 1528, pos: 1045800 < 1047328, f_z:-1, is_data_enough:0
V/[MMP]   ( 1131): [10691] [STM] write_data buffering... z:0 < 1528, pos: 1045800 < 1047328, f_z:-1, is_data_enough:0
I/MiSysSrv( 1137): [GetModuleParameter_string]m_pModuleName = /config/module/Customer_Module.ini
V/[MMP]   ( 1131): [10691] [STM] write_data buffering... z:1400 < 1528, pos: 1047200 < 1047328, f_z:-1, is_data_enough:0
V/[MMP]   ( 1131): [10691] [STM] write_data buffering... z:8400 < 1528, pos: 1054200 < 1047328, f_z:-1, is_data_enough:0
V/[MMP]   ( 1131): [10691] [STM] cb_write_rb_done_post! mem_full:0, w_full:0, net_err:0, w_pos:1054200, f_size:-1
V/[MMP]   ( 1131): [10691] [STM] cb_write, target_write_offset:1054200, r_idx:1, (56568, 1045800) w_idx:1, [0, 56568] [56568, 1054200]
V/[MMP]   ( 1131): [10691] [STM] send rebuffer_done msg, cb_status:0
V/[MMP]   ( 1131): [10691] [STM] stm_rebuffer_done_callback
D/mstplayer( 1131): [10691] [AVP] ap_rebuffer_done_callback, need_skip_next_rb_done:1
V/[MMP]   ( 1131): [10701] [STM] cb_rb_read_leave, cb_status:0, stop_lock:0, f_z:-1, w_pos:1054200, mem_full:0
V/[MMP]   ( 1131): [10701] evan add for debug rebuffer_size 2 1232, 1880
V/[MMP]   ( 1131): [10701] [STM] handle_read_rebuffer ins_z:648, data_z:0
V/[MMP]   ( 1131): [10701] [STM] need_rebuffer mode:1, data_z: 0 < in_size: 648, r_idx:1, offsest:1054200, r1(0, 56568) r2(56568, 1054200), w1(0, 56568), w2(56568, 1054200)
V/[MMP]   ( 1131): [10701] [STM] judge_need_enter_rebuffer, ret:1, stop_lock:0, w_full:0, net_err:0, mem_full:0, w_pos:1054200, f_size:-1
V/[MMP]   ( 1131): [10701] [STM] min_rebuffering_mode, in_size:648, rebuffer_size:648, r_idx:1
V/[MMP]   ( 1131): [10701] [STM] cb_rb_read_enter, offset:1054200, in_size:648, req_size:648
V/[MMP]   ( 1131): [10701] [STM] cb_read, target_read_offset:1054200, r_idx:1, (56568, 1054200) w_idx:1, [0, 56568] [56568, 1054200]
V/[MMP]   ( 1131): [10701] [STM] send rebuffer msg
V/[MMP]   ( 1131): [10701] [STM] stm_rebuffer_callback
D/mstplayer( 1131): [10701] [AVP] ap_rebuffer_callback, min rebuffer mode:1
V/[MMP]   ( 1131): [10691] [STM] write_data buffering... z:8400 < 648, pos: 1062600 < 1054848, f_z:-1, is_data_enough:0
V/[MMP]   ( 1131): [10691] [STM] cb_write_rb_done_post! mem_full:0, w_full:0, net_err:0, w_pos:1062600, f_size:-1
V/[MMP]   ( 1131): [10691] [STM] cb_write, target_write_offset:1062600, r_idx:1, (56568, 1054200) w_idx:1, [0, 56568] [56568, 1062600]
V/[MMP]   ( 1131): [10691] [STM] send rebuffer_done msg, cb_status:0
V/[MMP]   ( 1131): [10691] [STM] stm_rebuffer_done_callback
D/mstplayer( 1131): [10691] [AVP] ap_rebuffer_done_callback, need_skip_next_rb_done:1
V/[MMP]   ( 1131): [10701] [STM] cb_rb_read_leave, cb_status:0, stop_lock:0, f_z:-1, w_pos:1062600, mem_full:0
V/[MMP]   ( 1131): [10701] evan add for debug rebuffer_size 2 232, 1880
V/[MMP]   ( 1131): [10701] [STM] handle_read_rebuffer ins_z:1648, data_z:0
V/[MMP]   ( 1131): [10701] [STM] need_rebuffer mode:1, data_z: 0 < in_size: 1648, r_idx:1, offsest:1062600, r1(0, 56568) r2(56568, 1062600), w1(0, 56568), w2(56568, 1062600)
V/[MMP]   ( 1131): [10701] [STM] judge_need_enter_rebuffer, ret:1, stop_lock:0, w_full:0, net_err:0, mem_full:0, w_pos:1062600, f_size:-1
V/[MMP]   ( 1131): [10701] [STM] min_rebuffering_mode, in_size:1648, rebuffer_size:1648, r_idx:1
V/[MMP]   ( 1131): [10701] [STM] cb_rb_read_enter, offset:1062600, in_size:1648, req_size:1648
V/[MMP]   ( 1131): [10701] [STM] cb_read, target_read_offset:1062600, r_idx:1, (56568, 1062600) w_idx:1, [0, 56568] [56568, 1062600]
V/[MMP]   ( 1131): [10701] [STM] send rebuffer msg
V/[MMP]   ( 1131): [10701] [STM] stm_rebuffer_callback
I/MiSysSrv( 1137): [GetModuleParameter_string]m_pModuleDefaultName = /config/module/MStar_Default_Module.ini
D/mstplayer( 1131): [10701] [AVP] ap_rebuffer_callback, min rebuffer mode:1
V/[MMP]   ( 1131): [10691] [STM] write_data buffering... z:1400 < 1648, pos: 1064000 < 1064248, f_z:-1, is_data_enough:0
V/[MMP]   ( 1131): [10691] [STM] write_data buffering... z:9800 < 1648, pos: 1072400 < 1064248, f_z:-1, is_data_enough:0
V/[MMP]   ( 1131): [10691] [STM] cb_write_rb_done_post! mem_full:0, w_full:0, net_err:0, w_pos:1072400, f_size:-1
V/[MMP]   ( 1131): [10691] [STM] cb_write, target_write_offset:1072400, r_idx:1, (56568, 1062600) w_idx:1, [0, 56568] [56568, 1072400]
V/[MMP]   ( 1131): [10691] [STM] send rebuffer_done msg, cb_status:0
V/[MMP]   ( 1131): [10691] [STM] stm_rebuffer_done_callback
D/mstplayer( 1131): [10691] [AVP] ap_rebuffer_done_callback, need_skip_next_rb_done:1
V/[MMP]   ( 1131): [10701] [STM] cb_rb_read_leave, cb_status:0, stop_lock:0, f_z:-1, w_pos:1072400, mem_full:0
V/[MMP]   ( 1131): [10701] evan add for debug rebuffer_size 2 632, 1880
V/[MMP]   ( 1131): [10701] [STM] handle_read_rebuffer ins_z:1248, data_z:0
V/[MMP]   ( 1131): [10701] [STM] need_rebuffer mode:1, data_z: 0 < in_size: 1248, r_idx:1, offsest:1072400, r1(0, 56568) r2(56568, 1072400), w1(0, 56568), w2(56568, 1072400)
V/[MMP]   ( 1131): [10701] [STM] judge_need_enter_rebuffer, ret:1, stop_lock:0, w_full:0, net_err:0, mem_full:0, w_pos:1072400, f_size:-1
V/[MMP]   ( 1131): [10701] [STM] min_rebuffering_mode, in_size:1248, rebuffer_size:1248, r_idx:1
V/[MMP]   ( 1131): [10701] [STM] cb_rb_read_enter, offset:1072400, in_size:1248, req_size:1248
V/[MMP]   ( 1131): [10701] [STM] cb_read, target_read_offset:1072400, r_idx:1, (56568, 1072400) w_idx:1, [0, 56568] [56568, 1072400]
V/[MMP]   ( 1131): [10701] [STM] send rebuffer msg
V/[MMP]   ( 1131): [10701] [STM] stm_rebuffer_callback
D/mstplayer( 1131): [10701] [AVP] ap_rebuffer_callback, min rebuffer mode:1
V/[MMP]   ( 1131): [10691] [STM] write_data buffering... z:8400 < 1248, pos: 1080800 < 1073648, f_z:-1, is_data_enough:0
V/[MMP]   ( 1131): [10691] [STM] cb_write_rb_done_post! mem_full:0, w_full:0, net_err:0, w_pos:1080800, f_size:-1
V/[MMP]   ( 1131): [10691] [STM] cb_write, target_write_offset:1080800, r_idx:1, (56568, 1072400) w_idx:1, [0, 56568] [56568, 1080800]
V/[MMP]   ( 1131): [10691] [STM] send rebuffer_done msg, cb_status:0
V/[MMP]   ( 1131): [10691] [STM] stm_rebuffer_done_callback
D/mstplayer( 1131): [10691] [AVP] ap_rebuffer_done_callback, need_skip_next_rb_done:1
V/[MMP]   ( 1131): [10701] [STM] cb_rb_read_leave, cb_status:0, stop_lock:0, f_z:-1, w_pos:1080800, mem_full:0
V/[MMP]   ( 1131): [10701] evan add for debug rebuffer_size 2 1512, 1880
V/[MMP]   ( 1131): [10701] [STM] handle_read_rebuffer ins_z:368, data_z:0
V/[MMP]   ( 1131): [10701] [STM] need_rebuffer mode:1, data_z: 0 < in_size: 368, r_idx:1, offsest:1080800, r1(0, 56568) r2(56568, 1080800), w1(0, 56568), w2(56568, 1080800)
V/[MMP]   ( 1131): [10701] [STM] judge_need_enter_rebuffer, ret:1, stop_lock:0, w_full:0, net_err:0, mem_full:0, w_pos:1080800, f_size:-1
V/[MMP]   ( 1131): [10701] [STM] min_rebuffering_mode, in_size:368, rebuffer_size:368, r_idx:1
V/[MMP]   ( 1131): [10701] [STM] cb_rb_read_enter, offset:1080800, in_size:368, req_size:368
V/[MMP]   ( 1131): [10701] [STM] cb_read, target_read_offset:1080800, r_idx:1, (56568, 1080800) w_idx:1, [0, 56568] [56568, 1080800]
V/[MMP]   ( 1131): [10701] [STM] send rebuffer msg
V/[MMP]   ( 1131): [10701] [STM] stm_rebuffer_callback
D/mstplayer( 1131): [10701] [AVP] ap_rebuffer_callback, min rebuffer mode:1
I/MiSysSrv( 1137): [GetModuleParameter_string]ModuleParameter[0] : find M_HDR:F_HDR_OPEN_OTT = 1
V/[MMP]   ( 1131): [10691] [STM] write_data buffering... z:0 < 368, pos: 1080800 < 1081168, f_z:-1, is_data_enough:0
V/[MMP]   ( 1131): [10691] [STM] write_data buffering... z:0 < 368, pos: 1080800 < 1081168, f_z:-1, is_data_enough:0
V/[MMP]   ( 1131): [10691] [STM] write_data buffering... z:0 < 368, pos: 1080800 < 1081168, f_z:-1, is_data_enough:0
E/vsyncbridge( 1126): MI_V3D_GetHandle().
D/vsyncbridge( 1126): Sucess to MI_V3D_RegisterCallback(). event flags : 2 
E/vsyncbridge( 1126): Sucess to MI_V3D_RegisterCallback(). event flags : 1 
E/vsyncbridge( 1126): MI_V3D_GetHandle().
D/vsyncbridge( 1126): 3D disable, DS should on.
V/[MMP]   ( 1131): [10691] [STM] write_data buffering... z:2800 < 368, pos: 1083600 < 1081168, f_z:-1, is_data_enough:0
V/[MMP]   ( 1131): [10691] [STM] cb_write_rb_done_post! mem_full:0, w_full:0, net_err:0, w_pos:1083600, f_size:-1
V/[MMP]   ( 1131): [10691] [STM] cb_write, target_write_offset:1083600, r_idx:1, (56568, 1080800) w_idx:1, [0, 56568] [56568, 1083600]
V/[MMP]   ( 1131): [10691] [STM] send rebuffer_done msg, cb_status:0
V/[MMP]   ( 1131): [10691] [STM] stm_rebuffer_done_callback
D/mstplayer( 1131): [10691] [AVP] ap_rebuffer_done_callback, need_skip_next_rb_done:1
V/[MMP]   ( 1131): [10701] [STM] cb_rb_read_leave, cb_status:0, stop_lock:0, f_z:-1, w_pos:1083600, mem_full:0
V/[MMP]   ( 1131): [10701] evan add for debug rebuffer_size 2 552, 1880
V/[MMP]   ( 1131): [10701] [STM] handle_read_rebuffer ins_z:1328, data_z:0
V/[MMP]   ( 1131): [10701] [STM] need_rebuffer mode:1, data_z: 0 < in_size: 1328, r_idx:1, offsest:1083600, r1(0, 56568) r2(56568, 1083600), w1(0, 56568), w2(56568, 1083600)
V/[MMP]   ( 1131): [10701] [STM] judge_need_enter_rebuffer, ret:1, stop_lock:0, w_full:0, net_err:0, mem_full:0, w_pos:1083600, f_size:-1
V/[MMP]   ( 1131): [10701] [STM] min_rebuffering_mode, in_size:1328, rebuffer_size:1328, r_idx:1
V/[MMP]   ( 1131): [10701] [STM] cb_rb_read_enter, offset:1083600, in_size:1328, req_size:1328
V/[MMP]   ( 1131): [10701] [STM] cb_read, target_read_offset:1083600, r_idx:1, (56568, 1083600) w_idx:1, [0, 56568] [56568, 1083600]
V/[MMP]   ( 1131): [10701] [STM] send rebuffer msg
V/[MMP]   ( 1131): [10701] [STM] stm_rebuffer_callback
D/mstplayer( 1131): [10701] [AVP] ap_rebuffer_callback, min rebuffer mode:1
V/[MMP]   ( 1131): [10691] [STM] write_data buffering... z:5600 < 1328, pos: 1089200 < 1084928, f_z:-1, is_data_enough:0
V/[MMP]   ( 1131): [10691] [STM] cb_write_rb_done_post! mem_full:0, w_full:0, net_err:0, w_pos:1089200, f_size:-1
V/[MMP]   ( 1131): [10691] [STM] cb_write, target_write_offset:1089200, r_idx:1, (56568, 1083600) w_idx:1, [0, 56568] [56568, 1089200]
V/[MMP]   ( 1131): [10691] [STM] send rebuffer_done msg, cb_status:0
V/[MMP]   ( 1131): [10691] [STM] stm_rebuffer_done_callback
D/mstplayer( 1131): [10691] [AVP] ap_rebuffer_done_callback, need_skip_next_rb_done:1
V/[MMP]   ( 1131): [10701] [STM] cb_rb_read_leave, cb_status:0, stop_lock:0, f_z:-1, w_pos:1089200, mem_full:0
V/[MMP]   ( 1131): [10701] evan add for debug rebuffer_size 2 512, 1880
V/[MMP]   ( 1131): [10701] [STM] handle_read_rebuffer ins_z:1368, data_z:0
V/[MMP]   ( 1131): [10701] [STM] need_rebuffer mode:1, data_z: 0 < in_size: 1368, r_idx:1, offsest:1089200, r1(0, 56568) r2(56568, 1089200), w1(0, 56568), w2(56568, 1089200)
V/[MMP]   ( 1131): [10701] [STM] judge_need_enter_rebuffer, ret:1, stop_lock:0, w_full:0, net_err:0, mem_full:0, w_pos:1089200, f_size:-1
V/[MMP]   ( 1131): [10701] [STM] min_rebuffering_mode, in_size:1368, rebuffer_size:1368, r_idx:1
V/[MMP]   ( 1131): [10701] [STM] cb_rb_read_enter, offset:1089200, in_size:1368, req_size:1368
V/[MMP]   ( 1131): [10701] [STM] cb_read, target_read_offset:1089200, r_idx:1, (56568, 1089200) w_idx:1, [0, 56568] [56568, 1089200]
V/[MMP]   ( 1131): [10701] [STM] send rebuffer msg
V/[MMP]   ( 1131): [10701] [STM] stm_rebuffer_callback
D/mstplayer( 1131): [10701] [AVP] ap_rebuffer_callback, min rebuffer mode:1
V/[MMP]   ( 1131): [10691] [STM] write_data buffering... z:8400 < 1368, pos: 1097600 < 1090568, f_z:-1, is_data_enough:0
V/[MMP]   ( 1131): [10691] [STM] cb_write_rb_done_post! mem_full:0, w_full:0, net_err:0, w_pos:1097600, f_size:-1
V/[MMP]   ( 1131): [10691] [STM] cb_write, target_write_offset:1097600, r_idx:1, (56568, 1089200) w_idx:1, [0, 56568] [56568, 1097600]
V/[MMP]   ( 1131): [10691] [STM] send rebuffer_done msg, cb_status:0
V/[MMP]   ( 1131): [10691] [STM] stm_rebuffer_done_callback
D/mstplayer( 1131): [10691] [AVP] ap_rebuffer_done_callback, need_skip_next_rb_done:1
V/[MMP]   ( 1131): [10701] [STM] cb_rb_read_leave, cb_status:0, stop_lock:0, f_z:-1, w_pos:1097600, mem_full:0
V/[MMP]   ( 1131): [10701] evan add for debug rebuffer_size 2 1392, 1880
V/[MMP]   ( 1131): [10701] [STM] handle_read_rebuffer ins_z:488, data_z:0
V/[MMP]   ( 1131): [10701] [STM] need_rebuffer mode:1, data_z: 0 < in_size: 488, r_idx:1, offsest:1097600, r1(0, 56568) r2(56568, 1097600), w1(0, 56568), w2(56568, 1097600)
V/[MMP]   ( 1131): [10701] [STM] judge_need_enter_rebuffer, ret:1, stop_lock:0, w_full:0, net_err:0, mem_full:0, w_pos:1097600, f_size:-1
V/[MMP]   ( 1131): [10701] [STM] min_rebuffering_mode, in_size:488, rebuffer_size:488, r_idx:1
V/[MMP]   ( 1131): [10701] [STM] cb_rb_read_enter, offset:1097600, in_size:488, req_size:488
V/[MMP]   ( 1131): [10701] [STM] cb_read, target_read_offset:1097600, r_idx:1, (56568, 1097600) w_idx:1, [0, 56568] [56568, 1097600]
V/[MMP]   ( 1131): [10701] [STM] send rebuffer msg
V/[MMP]   ( 1131): [10701] [STM] stm_rebuffer_callback
D/mstplayer( 1131): [10701] [AVP] ap_rebuffer_callback, min rebuffer mode:1
V/[MMP]   ( 1131): [10691] [STM] write_data buffering... z:7000 < 488, pos: 1104600 < 1098088, f_z:-1, is_data_enough:0
V/[MMP]   ( 1131): [10691] [STM] cb_write_rb_done_post! mem_full:0, w_full:0, net_err:0, w_pos:1104600, f_size:-1
V/[MMP]   ( 1131): [10691] [STM] cb_write, target_write_offset:1104600, r_idx:1, (56568, 1097600) w_idx:1, [0, 56568] [56568, 1104600]
V/[MMP]   ( 1131): [10691] [STM] send rebuffer_done msg, cb_status:0
V/[MMP]   ( 1131): [10691] [STM] stm_rebuffer_done_callback
D/mstplayer( 1131): [10691] [AVP] ap_rebuffer_done_callback, need_skip_next_rb_done:1
V/[MMP]   ( 1131): [10701] [STM] cb_rb_read_leave, cb_status:0, stop_lock:0, f_z:-1, w_pos:1104600, mem_full:0
V/[MMP]   ( 1131): [10701] evan add for debug rebuffer_size 2 872, 1880
V/[MMP]   ( 1131): [10701] [STM] handle_read_rebuffer ins_z:1008, data_z:0
