D/msavp_dw_module( 1131): [10689] [DM][m3u8] android_m3u8_get_info, Bandwidth:0, Bitrate:8750000
V/[MMP]   ( 1131): [10691] [STM] MM: res1, wait:0x100d, msg:0x400a, q_msg:0x1000, int_msg:0x2008
V/[MMP]   ( 1131): [10691] [STM] MM: type:0, (q, o)=(0x1000, 0x2008)=>(0x2008, none)
V/[MMP]   ( 1131): [10691] [STM] MM: res2, wait:0x100d, msg:0x400a, q_msg:0x2008, int_msg:0x1000
V/[MMP]   ( 1131): [10691] [STM] update_dm, dm_status:0x1, wait_cmd:0x100d, msg:0x400a
V/[MMP]   ( 1131): [10691] [STM] dm: wait_rsp->wait_com:0x100d
V/[MMP]   ( 1131): [10691] [STM] MM: res1, wait:0x100d, msg:0x5020, q_msg:0x2008, int_msg:0x1000
V/[MMP]   ( 1131): [10691] [STM] MM: res2, wait:0x100d, msg:0x5020, q_msg:0x2008, int_msg:0x1000
V/[MMP]   ( 1131): [10691] [STM] update bitrate: 8750000
D/mstplayer( 1131): [10691] [AVP] send to handle, streaming_msg = 501e
V/[MMP]   ( 1131): [10691] [STM] update_dm, dm_status:0x2, wait_cmd:0x100d, msg:0x5020
V/[MMP]   ( 1131): [10691] [STM] dm: wait_com->IDLE:0x0
V/[MMP]   ( 1131): [10691] [STM] write_data buffering... z:0 < 61440, pos: 0 < 61440, f_z:-1, is_data_enough:0
V/[MMP]   ( 1131): [10691] [STM] MM: issue_q_msg:0x2008
D/mstplayer( 1131): [10691] [AVP] send to handle, streaming_msg = 501b
V/[MMP]   ( 1131): [10691] [STM] write_data buffering... z:0 < 61440, pos: 0 < 61440, f_z:-1, is_data_enough:0
V/[MMP]   ( 1131): [10691] [STM] write_data buffering... z:0 < 61440, pos: 0 < 61440, f_z:-1, is_data_enough:0
D/mstplayer( 1131): [10686] [AVP] notify_msg_cb: 0x5009
D/mstplayer( 1131): [10686] [AVP] update network info, Bitrate:8750000
D/mstplayer( 1131): [10686] [AVP] streaming event 0x5007, size 16, data 0x0xb0e54398
D/mstplayer( 1131): [10686] [AVP] streaming event 0x5005, size 4, data 0x0xb0e51a80
W/MediaPlayer( 1877): info/warning (705, 8750000)
V/[MMP]   ( 1131): [10691] [STM] write_data buffering... z:0 < 61440, pos: 0 < 61440, f_z:-1, is_data_enough:0
V/[MMP]   ( 1131): [10691] [STM] write_data buffering... z:0 < 61440, pos: 0 < 61440, f_z:-1, is_data_enough:0
V/[MMP]   ( 1131): [10691] [STM] write_data buffering... z:0 < 61440, pos: 0 < 61440, f_z:-1, is_data_enough:0
V/[MMP]   ( 1131): [10691] [STM] write_data buffering... z:0 < 61440, pos: 0 < 61440, f_z:-1, is_data_enough:0
V/[MMP]   ( 1131): [10691] [STM] write_data buffering... z:0 < 61440, pos: 0 < 61440, f_z:-1, is_data_enough:0
V/[MMP]   ( 1131): [10691] [STM] write_data buffering... z:0 < 61440, pos: 0 < 61440, f_z:-1, is_data_enough:0
V/[MMP]   ( 1131): [10691] [STM] write_data buffering... z:0 < 61440, pos: 0 < 61440, f_z:-1, is_data_enough:0
V/[MMP]   ( 1131): [10691] [STM] write_data buffering... z:0 < 61440, pos: 0 < 61440, f_z:-1, is_data_enough:0
V/[MMP]   ( 1131): [10691] [STM] write_data buffering... z:0 < 61440, pos: 0 < 61440, f_z:-1, is_data_enough:0
V/[MMP]   ( 1131): [10691] [STM] write_data buffering... z:0 < 61440, pos: 0 < 61440, f_z:-1, is_data_enough:0
V/[MMP]   ( 1131): [10691] [STM] write_data buffering... z:0 < 61440, pos: 0 < 61440, f_z:-1, is_data_enough:0
V/[MMP]   ( 1131): [10691] [STM] write_data buffering... z:0 < 61440, pos: 0 < 61440, f_z:-1, is_data_enough:0
V/[MMP]   ( 1131): [10691] [STM] write_data buffering... z:0 < 61440, pos: 0 < 61440, f_z:-1, is_data_enough:0
V/[MMP]   ( 1131): [10691] [STM] write_data buffering... z:0 < 61440, pos: 0 < 61440, f_z:-1, is_data_enough:0
V/[MMP]   ( 1131): [10691] [STM] write_data buffering... z:0 < 61440, pos: 0 < 61440, f_z:-1, is_data_enough:0
V/netx    ( 2150): gointo 4  out true
V/StatusBarService( 2150): true up0 true
V/[MMP]   ( 1131): [10691] [STM] write_data buffering... z:0 < 61440, pos: 0 < 61440, f_z:-1, is_data_enough:0
V/[MMP]   ( 1131): [10691] [STM] write_data buffering... z:0 < 61440, pos: 0 < 61440, f_z:-1, is_data_enough:0
V/[MMP]   ( 1131): [10691] [STM] write_data buffering... z:0 < 61440, pos: 0 < 61440, f_z:-1, is_data_enough:0
V/[MMP]   ( 1131): [10691] [STM] write_data buffering... z:0 < 61440, pos: 0 < 61440, f_z:-1, is_data_enough:0
V/[MMP]   ( 1131): [10691] [STM] write_data buffering... z:0 < 61440, pos: 0 < 61440, f_z:-1, is_data_enough:0
V/[MMP]   ( 1131): [10691] [STM] write_data buffering... z:0 < 61440, pos: 0 < 61440, f_z:-1, is_data_enough:0
V/[MMP]   ( 1131): [10691] [STM] write_data buffering... z:0 < 61440, pos: 0 < 61440, f_z:-1, is_data_enough:0
V/[MMP]   ( 1131): [10691] [STM] write_data buffering... z:0 < 61440, pos: 0 < 61440, f_z:-1, is_data_enough:0
V/[MMP]   ( 1131): [10691] [STM] write_data buffering... z:0 < 61440, pos: 0 < 61440, f_z:-1, is_data_enough:0
V/[MMP]   ( 1131): [10691] [STM] write_data buffering... z:0 < 61440, pos: 0 < 61440, f_z:-1, is_data_enough:0
V/[MMP]   ( 1131): [10691] [STM] write_data buffering... z:0 < 61440, pos: 0 < 61440, f_z:-1, is_data_enough:0
V/[MMP]   ( 1131): [10691] [STM] write_data buffering... z:0 < 61440, pos: 0 < 61440, f_z:-1, is_data_enough:0
V/[MMP]   ( 1131): [10691] [STM] write_data buffering... z:0 < 61440, pos: 0 < 61440, f_z:-1, is_data_enough:0
V/[MMP]   ( 1131): [10691] [STM] write_data buffering... z:0 < 61440, pos: 0 < 61440, f_z:-1, is_data_enough:0
V/[MMP]   ( 1131): [10691] [STM] write_data buffering... z:0 < 61440, pos: 0 < 61440, f_z:-1, is_data_enough:0
V/[MMP]   ( 1131): [10691] [STM] write_data buffering... z:0 < 61440, pos: 0 < 61440, f_z:-1, is_data_enough:0
V/[MMP]   ( 1131): [10691] [STM] write_data buffering... z:0 < 61440, pos: 0 < 61440, f_z:-1, is_data_enough:0
V/[MMP]   ( 1131): [10691] [STM] write_data buffering... z:0 < 61440, pos: 0 < 61440, f_z:-1, is_data_enough:0
V/[MMP]   ( 1131): [10691] [STM] write_data buffering... z:0 < 61440, pos: 0 < 61440, f_z:-1, is_data_enough:0
V/[MMP]   ( 1131): [10691] [STM] write_data buffering... z:0 < 61440, pos: 0 < 61440, f_z:-1, is_data_enough:0
V/[MMP]   ( 1131): [10691] [STM] write_data buffering... z:0 < 61440, pos: 0 < 61440, f_z:-1, is_data_enough:0
V/[MMP]   ( 1131): [10691] [STM] write_data buffering... z:0 < 61440, pos: 0 < 61440, f_z:-1, is_data_enough:0
V/[MMP]   ( 1131): [10691] [STM] write_data buffering... z:0 < 61440, pos: 0 < 61440, f_z:-1, is_data_enough:0
V/[MMP]   ( 1131): [10691] [STM] write_data buffering... z:0 < 61440, pos: 0 < 61440, f_z:-1, is_data_enough:0
V/[MMP]   ( 1131): [10691] [STM] write_data buffering... z:0 < 61440, pos: 0 < 61440, f_z:-1, is_data_enough:0
V/[MMP]   ( 1131): [10691] [STM] write_data buffering... z:0 < 61440, pos: 0 < 61440, f_z:-1, is_data_enough:0
V/[MMP]   ( 1131): [10691] [STM] write_data buffering... z:0 < 61440, pos: 0 < 61440, f_z:-1, is_data_enough:0
V/[MMP]   ( 1131): [10691] [STM] write_data buffering... z:0 < 61440, pos: 0 < 61440, f_z:-1, is_data_enough:0
V/[MMP]   ( 1131): [10691] [STM] write_data buffering... z:0 < 61440, pos: 0 < 61440, f_z:-1, is_data_enough:0
V/[MMP]   ( 1131): [10691] [STM] write_data buffering... z:0 < 61440, pos: 0 < 61440, f_z:-1, is_data_enough:0
V/[MMP]   ( 1131): [10691] [STM] write_data buffering... z:0 < 61440, pos: 0 < 61440, f_z:-1, is_data_enough:0
V/[MMP]   ( 1131): [10691] [STM] write_data buffering... z:0 < 61440, pos: 0 < 61440, f_z:-1, is_data_enough:0
V/[MMP]   ( 1131): [10691] [STM] write_data buffering... z:0 < 61440, pos: 0 < 61440, f_z:-1, is_data_enough:0
V/[MMP]   ( 1131): [10691] [STM] write_data buffering... z:0 < 61440, pos: 0 < 61440, f_z:-1, is_data_enough:0
V/[MMP]   ( 1131): [10691] [STM] write_data buffering... z:0 < 61440, pos: 0 < 61440, f_z:-1, is_data_enough:0
V/[MMP]   ( 1131): [10691] [STM] write_data buffering... z:0 < 61440, pos: 0 < 61440, f_z:-1, is_data_enough:0
V/[MMP]   ( 1131): [10691] [STM] write_data buffering... z:0 < 61440, pos: 0 < 61440, f_z:-1, is_data_enough:0
V/[MMP]   ( 1131): [10691] [STM] write_data buffering... z:0 < 61440, pos: 0 < 61440, f_z:-1, is_data_enough:0
V/[MMP]   ( 1131): [10691] [STM] write_data buffering... z:0 < 61440, pos: 0 < 61440, f_z:-1, is_data_enough:0
V/[MMP]   ( 1131): [10691] [STM] write_data buffering... z:0 < 61440, pos: 0 < 61440, f_z:-1, is_data_enough:0
V/[MMP]   ( 1131): [10691] [STM] write_data buffering... z:0 < 61440, pos: 0 < 61440, f_z:-1, is_data_enough:0
V/[MMP]   ( 1131): [10691] [STM] write_data buffering... z:0 < 61440, pos: 0 < 61440, f_z:-1, is_data_enough:0
V/[MMP]   ( 1131): [10691] [STM] write_data buffering... z:0 < 61440, pos: 0 < 61440, f_z:-1, is_data_enough:0
V/[MMP]   ( 1131): [10691] [STM] write_data buffering... z:0 < 61440, pos: 0 < 61440, f_z:-1, is_data_enough:0
V/[MMP]   ( 1131): [10691] [STM] write_data buffering... z:0 < 61440, pos: 0 < 61440, f_z:-1, is_data_enough:0
V/[MMP]   ( 1131): [10691] [STM] write_data buffering... z:0 < 61440, pos: 0 < 61440, f_z:-1, is_data_enough:0
V/netx    ( 2150): gointo 4  in true
V/StatusBarService( 2150): true up0 true
V/[MMP]   ( 1131): [10691] [STM] write_data buffering... z:0 < 61440, pos: 0 < 61440, f_z:-1, is_data_enough:0
V/[MMP]   ( 1131): [10691] [STM] write_data buffering... z:0 < 61440, pos: 0 < 61440, f_z:-1, is_data_enough:0
V/[MMP]   ( 1131): [10691] [STM] write_data buffering... z:0 < 61440, pos: 0 < 61440, f_z:-1, is_data_enough:0
V/[MMP]   ( 1131): [10691] [STM] write_data buffering... z:0 < 61440, pos: 0 < 61440, f_z:-1, is_data_enough:0
V/[MMP]   ( 1131): [10691] [STM] write_data buffering... z:0 < 61440, pos: 0 < 61440, f_z:-1, is_data_enough:0
V/[MMP]   ( 1131): [10691] [STM] write_data buffering... z:0 < 61440, pos: 0 < 61440, f_z:-1, is_data_enough:0
V/[MMP]   ( 1131): [10691] [STM] write_data buffering... z:0 < 61440, pos: 0 < 61440, f_z:-1, is_data_enough:0
V/[MMP]   ( 1131): [10691] [STM] write_data buffering... z:0 < 61440, pos: 0 < 61440, f_z:-1, is_data_enough:0
V/[MMP]   ( 1131): [10691] [STM] write_data buffering... z:0 < 61440, pos: 0 < 61440, f_z:-1, is_data_enough:0
V/[MMP]   ( 1131): [10691] [STM] write_data buffering... z:0 < 61440, pos: 0 < 61440, f_z:-1, is_data_enough:0
V/[MMP]   ( 1131): [10691] [STM] write_data buffering... z:0 < 61440, pos: 0 < 61440, f_z:-1, is_data_enough:0
V/[MMP]   ( 1131): [10691] [STM] write_data buffering... z:0 < 61440, pos: 0 < 61440, f_z:-1, is_data_enough:0
V/[MMP]   ( 1131): [10691] [STM] write_data buffering... z:0 < 61440, pos: 0 < 61440, f_z:-1, is_data_enough:0
V/[MMP]   ( 1131): [10691] [STM] write_data buffering... z:0 < 61440, pos: 0 < 61440, f_z:-1, is_data_enough:0
V/[MMP]   ( 1131): [10691] [STM] write_data buffering... z:0 < 61440, pos: 0 < 61440, f_z:-1, is_data_enough:0
V/[MMP]   ( 1131): [10691] [STM] write_data buffering... z:0 < 61440, pos: 0 < 61440, f_z:-1, is_data_enough:0
V/[MMP]   ( 1131): [10691] [STM] write_data buffering... z:0 < 61440, pos: 0 < 61440, f_z:-1, is_data_enough:0
V/[MMP]   ( 1131): [10691] [STM] write_data buffering... z:0 < 61440, pos: 0 < 61440, f_z:-1, is_data_enough:0
V/[MMP]   ( 1131): [10691] [STM] write_data buffering... z:0 < 61440, pos: 0 < 61440, f_z:-1, is_data_enough:0
V/[MMP]   ( 1131): [10691] [STM] write_data buffering... z:0 < 61440, pos: 0 < 61440, f_z:-1, is_data_enough:0
V/[MMP]   ( 1131): [10691] [STM] write_data buffering... z:0 < 61440, pos: 0 < 61440, f_z:-1, is_data_enough:0
V/[MMP]   ( 1131): [10691] [STM] write_data buffering... z:0 < 61440, pos: 0 < 61440, f_z:-1, is_data_enough:0
I/Advanced( 5524): [QUEUE] share_queue_sendEx size:1 4097 36391 0xa00490b8,postLoopId:0,dstid:1.
V/[MMP]   ( 1131): [10691] [STM] write_data buffering... z:0 < 61440, pos: 0 < 61440, f_z:-1, is_data_enough:0
V/[MMP]   ( 1131): [10691] [STM] write_data buffering... z:0 < 61440, pos: 0 < 61440, f_z:-1, is_data_enough:0
V/[MMP]   ( 1131): [10691] [STM] write_data buffering... z:0 < 61440, pos: 0 < 61440, f_z:-1, is_data_enough:0
V/[MMP]   ( 1131): [10691] [STM] write_data buffering... z:0 < 61440, pos: 0 < 61440, f_z:-1, is_data_enough:0
V/[MMP]   ( 1131): [10691] [STM] write_data buffering... z:0 < 61440, pos: 0 < 61440, f_z:-1, is_data_enough:0
V/[MMP]   ( 1131): [10691] [STM] write_data buffering... z:0 < 61440, pos: 0 < 61440, f_z:-1, is_data_enough:0
V/[MMP]   ( 1131): [10691] [STM] write_data buffering... z:0 < 61440, pos: 0 < 61440, f_z:-1, is_data_enough:0
V/[MMP]   ( 1131): [10691] [STM] write_data buffering... z:0 < 61440, pos: 0 < 61440, f_z:-1, is_data_enough:0
V/[MMP]   ( 1131): [10691] [STM] write_data buffering... z:0 < 61440, pos: 0 < 61440, f_z:-1, is_data_enough:0
V/[MMP]   ( 1131): [10691] [STM] write_data buffering... z:0 < 61440, pos: 0 < 61440, f_z:-1, is_data_enough:0
V/[MMP]   ( 1131): [10691] [STM] write_data buffering... z:0 < 61440, pos: 0 < 61440, f_z:-1, is_data_enough:0
V/[MMP]   ( 1131): [10691] [STM] write_data buffering... z:0 < 61440, pos: 0 < 61440, f_z:-1, is_data_enough:0
V/[MMP]   ( 1131): [10691] [STM] write_data buffering... z:0 < 61440, pos: 0 < 61440, f_z:-1, is_data_enough:0
V/[MMP]   ( 1131): [10691] [STM] write_data buffering... z:0 < 61440, pos: 0 < 61440, f_z:-1, is_data_enough:0
V/[MMP]   ( 1131): [10691] [STM] write_data buffering... z:0 < 61440, pos: 0 < 61440, f_z:-1, is_data_enough:0
V/[MMP]   ( 1131): [10691] [STM] write_data buffering... z:0 < 61440, pos: 0 < 61440, f_z:-1, is_data_enough:0
V/[MMP]   ( 1131): [10691] [STM] write_data buffering... z:0 < 61440, pos: 0 < 61440, f_z:-1, is_data_enough:0
V/[MMP]   ( 1131): [10691] [STM] write_data buffering... z:0 < 61440, pos: 0 < 61440, f_z:-1, is_data_enough:0
V/[MMP]   ( 1131): [10691] [STM] write_data buffering... z:0 < 61440, pos: 0 < 61440, f_z:-1, is_data_enough:0
V/[MMP]   ( 1131): [10691] [STM] write_data buffering... z:0 < 61440, pos: 0 < 61440, f_z:-1, is_data_enough:0
V/[MMP]   ( 1131): [10691] [STM] write_data buffering... z:0 < 61440, pos: 0 < 61440, f_z:-1, is_data_enough:0
V/[MMP]   ( 1131): [10691] [STM] write_data buffering... z:0 < 61440, pos: 0 < 61440, f_z:-1, is_data_enough:0
V/[MMP]   ( 1131): [10691] [STM] write_data buffering... z:0 < 61440, pos: 0 < 61440, f_z:-1, is_data_enough:0
V/[MMP]   ( 1131): [10691] [STM] write_data buffering... z:0 < 61440, pos: 0 < 61440, f_z:-1, is_data_enough:0
V/[MMP]   ( 1131): [10691] [STM] write_data buffering... z:0 < 61440, pos: 0 < 61440, f_z:-1, is_data_enough:0
V/[MMP]   ( 1131): [10691] [STM] write_data buffering... z:0 < 61440, pos: 0 < 61440, f_z:-1, is_data_enough:0
V/[MMP]   ( 1131): [10691] [STM] write_data buffering... z:0 < 61440, pos: 0 < 61440, f_z:-1, is_data_enough:0
V/[MMP]   ( 1131): [10691] [STM] write_data buffering... z:0 < 61440, pos: 0 < 61440, f_z:-1, is_data_enough:0
V/[MMP]   ( 1131): [10691] [STM] write_data buffering... z:0 < 61440, pos: 0 < 61440, f_z:-1, is_data_enough:0
V/[MMP]   ( 1131): [10691] [STM] write_data buffering... z:0 < 61440, pos: 0 < 61440, f_z:-1, is_data_enough:0
V/[MMP]   ( 1131): [10691] [STM] write_data buffering... z:0 < 61440, pos: 0 < 61440, f_z:-1, is_data_enough:0
V/[MMP]   ( 1131): [10691] [STM] write_data buffering... z:0 < 61440, pos: 0 < 61440, f_z:-1, is_data_enough:0
V/[MMP]   ( 1131): [10691] [STM] write_data buffering... z:0 < 61440, pos: 0 < 61440, f_z:-1, is_data_enough:0
V/[MMP]   ( 1131): [10691] [STM] write_data buffering... z:0 < 61440, pos: 0 < 61440, f_z:-1, is_data_enough:0
V/[MMP]   ( 1131): [10691] [STM] write_data buffering... z:0 < 61440, pos: 0 < 61440, f_z:-1, is_data_enough:0
V/[MMP]   ( 1131): [10691] [STM] write_data buffering... z:0 < 61440, pos: 0 < 61440, f_z:-1, is_data_enough:0
V/[MMP]   ( 1131): [10691] [STM] write_data buffering... z:0 < 61440, pos: 0 < 61440, f_z:-1, is_data_enough:0
V/[MMP]   ( 1131): [10691] [STM] write_data buffering... z:0 < 61440, pos: 0 < 61440, f_z:-1, is_data_enough:0
V/[MMP]   ( 1131): [10691] [STM] write_data buffering... z:0 < 61440, pos: 0 < 61440, f_z:-1, is_data_enough:0
V/[MMP]   ( 1131): [10691] [STM] write_data buffering... z:0 < 61440, pos: 0 < 61440, f_z:-1, is_data_enough:0
V/[MMP]   ( 1131): [10691] [STM] write_data buffering... z:0 < 61440, pos: 0 < 61440, f_z:-1, is_data_enough:0
V/[MMP]   ( 1131): [10691] [STM] write_data buffering... z:0 < 61440, pos: 0 < 61440, f_z:-1, is_data_enough:0
V/[MMP]   ( 1131): [10691] [STM] write_data buffering... z:0 < 61440, pos: 0 < 61440, f_z:-1, is_data_enough:0
V/[MMP]   ( 1131): [10691] [STM] write_data buffering... z:0 < 61440, pos: 0 < 61440, f_z:-1, is_data_enough:0
V/[MMP]   ( 1131): [10691] [STM] write_data buffering... z:0 < 61440, pos: 0 < 61440, f_z:-1, is_data_enough:0
V/[MMP]   ( 1131): [10691] [STM] write_data buffering... z:0 < 61440, pos: 0 < 61440, f_z:-1, is_data_enough:0
V/[MMP]   ( 1131): [10691] [STM] write_data buffering... z:0 < 61440, pos: 0 < 61440, f_z:-1, is_data_enough:0
V/[MMP]   ( 1131): [10691] [STM] write_data buffering... z:0 < 61440, pos: 0 < 61440, f_z:-1, is_data_enough:0
V/[MMP]   ( 1131): [10691] [STM] write_data buffering... z:0 < 61440, pos: 0 < 61440, f_z:-1, is_data_enough:0
V/[MMP]   ( 1131): [10691] [STM] write_data buffering... z:0 < 61440, pos: 0 < 61440, f_z:-1, is_data_enough:0
V/[MMP]   ( 1131): [10691] [STM] write_data buffering... z:0 < 61440, pos: 0 < 61440, f_z:-1, is_data_enough:0
V/[MMP]   ( 1131): [10691] [STM] write_data buffering... z:0 < 61440, pos: 0 < 61440, f_z:-1, is_data_enough:0
V/[MMP]   ( 1131): [10691] [STM] write_data buffering... z:0 < 61440, pos: 0 < 61440, f_z:-1, is_data_enough:0
V/[MMP]   ( 1131): [10691] [STM] write_data buffering... z:0 < 61440, pos: 0 < 61440, f_z:-1, is_data_enough:0
V/[MMP]   ( 1131): [10691] [STM] write_data buffering... z:0 < 61440, pos: 0 < 61440, f_z:-1, is_data_enough:0
V/[MMP]   ( 1131): [10691] [STM] write_data buffering... z:0 < 61440, pos: 0 < 61440, f_z:-1, is_data_enough:0
V/[MMP]   ( 1131): [10691] [STM] write_data buffering... z:0 < 61440, pos: 0 < 61440, f_z:-1, is_data_enough:0
V/[MMP]   ( 1131): [10691] [STM] write_data buffering... z:0 < 61440, pos: 0 < 61440, f_z:-1, is_data_enough:0
V/[MMP]   ( 1131): [10691] [STM] write_data buffering... z:0 < 61440, pos: 0 < 61440, f_z:-1, is_data_enough:0
V/[MMP]   ( 1131): [10691] [STM] write_data buffering... z:0 < 61440, pos: 0 < 61440, f_z:-1, is_data_enough:0
V/[MMP]   ( 1131): [10691] [STM] write_data buffering... z:0 < 61440, pos: 0 < 61440, f_z:-1, is_data_enough:0
V/[MMP]   ( 1131): [10691] [STM] write_data buffering... z:0 < 61440, pos: 0 < 61440, f_z:-1, is_data_enough:0
V/[MMP]   ( 1131): [10691] [STM] write_data buffering... z:0 < 61440, pos: 0 < 61440, f_z:-1, is_data_enough:0
V/[MMP]   ( 1131): [10691] [STM] write_data buffering... z:0 < 61440, pos: 0 < 61440, f_z:-1, is_data_enough:0
V/[MMP]   ( 1131): [10691] [STM] write_data buffering... z:0 < 61440, pos: 0 < 61440, f_z:-1, is_data_enough:0
V/[MMP]   ( 1131): [10691] [STM] write_data buffering... z:0 < 61440, pos: 0 < 61440, f_z:-1, is_data_enough:0
V/[MMP]   ( 1131): [10691] [STM] write_data buffering... z:0 < 61440, pos: 0 < 61440, f_z:-1, is_data_enough:0
V/[MMP]   ( 1131): [10691] [STM] write_data buffering... z:0 < 61440, pos: 0 < 61440, f_z:-1, is_data_enough:0
V/[MMP]   ( 1131): [10691] [STM] write_data buffering... z:0 < 61440, pos: 0 < 61440, f_z:-1, is_data_enough:0
V/[MMP]   ( 1131): [10691] [STM] write_data buffering... z:0 < 61440, pos: 0 < 61440, f_z:-1, is_data_enough:0
V/[MMP]   ( 1131): [10691] [STM] write_data buffering... z:0 < 61440, pos: 0 < 61440, f_z:-1, is_data_enough:0
V/[MMP]   ( 1131): [10691] [STM] write_data buffering... z:0 < 61440, pos: 0 < 61440, f_z:-1, is_data_enough:0
V/[MMP]   ( 1131): [10691] [STM] write_data buffering... z:0 < 61440, pos: 0 < 61440, f_z:-1, is_data_enough:0
V/[MMP]   ( 1131): [10691] [STM] write_data buffering... z:0 < 61440, pos: 0 < 61440, f_z:-1, is_data_enough:0
V/[MMP]   ( 1131): [10691] [STM] write_data buffering... z:0 < 61440, pos: 0 < 61440, f_z:-1, is_data_enough:0
V/[MMP]   ( 1131): [10691] [STM] write_data buffering... z:0 < 61440, pos: 0 < 61440, f_z:-1, is_data_enough:0
V/[MMP]   ( 1131): [10691] [STM] write_data buffering... z:0 < 61440, pos: 0 < 61440, f_z:-1, is_data_enough:0
V/[MMP]   ( 1131): [10691] [STM] write_data buffering... z:0 < 61440, pos: 0 < 61440, f_z:-1, is_data_enough:0
V/[MMP]   ( 1131): [10691] [STM] write_data buffering... z:0 < 61440, pos: 0 < 61440, f_z:-1, is_data_enough:0
V/[MMP]   ( 1131): [10691] [STM] write_data buffering... z:0 < 61440, pos: 0 < 61440, f_z:-1, is_data_enough:0
V/[MMP]   ( 1131): [10691] [STM] write_data buffering... z:0 < 61440, pos: 0 < 61440, f_z:-1, is_data_enough:0
V/[MMP]   ( 1131): [10691] [STM] write_data buffering... z:0 < 61440, pos: 0 < 61440, f_z:-1, is_data_enough:0
V/[MMP]   ( 1131): [10691] [STM] write_data buffering... z:0 < 61440, pos: 0 < 61440, f_z:-1, is_data_enough:0
V/[MMP]   ( 1131): [10691] [STM] write_data buffering... z:0 < 61440, pos: 0 < 61440, f_z:-1, is_data_enough:0
V/[MMP]   ( 1131): [10691] [STM] write_data buffering... z:0 < 61440, pos: 0 < 61440, f_z:-1, is_data_enough:0
I/Downloader( 1131): [10692][header_callback] HTTP/1.1 200 OK
I/Downloader( 1131): [10692][header_callback] Server: nmds/3.32.29/20170927
I/Downloader( 1131): [10692][header_callback] nn_nmds_id: 110126
I/Downloader( 1131): [10692][header_callback] Connection: close
I/Downloader( 1131): [10692][header_callback] Date: Sat, 18 Nov 2017 09:36:38 GMT
I/Downloader( 1131): [10692][header_callback] Content-Length: 5092732
I/Downloader( 1131): [10692][header_callback] Get file size from 'Content-Length:' : 5092732, ptask->range 0
I/Downloader( 1131): [10692][header_callback] Content-Range: bytes 0-5092731/5092732
I/Downloader( 1131): [10692][header_callback] Get file size from 'Content-Range: bytes' : 5092732
I/Downloader( 1131): [10692][header_callback] nn_via: 110126
I/Downloader( 1131): [10692][header_callback] 
V/[MMP]   ( 1131): [10691] [STM] write_data buffering... z:0 < 61440, pos: 0 < 61440, f_z:-1, is_data_enough:0
D/Downloader( 1131): [10692][receive_data][393] [downloader][dump_data] 47 40 00 11 00 00 b0 0d 00 00 c1 00 00 00 01 e1
D/Downloader( 1131): [10692][receive_data][393] [downloader][dump_data] 00 b3 58 82 b7 ff ff ff ff ff ff ff ff ff ff ff
I/Downloader( 1131): [10692][prog_cb] Progress: 0% (9800/5092732)
D/DataSource_M3U8( 1131): [10689][readAt][2046] [M3u8][dump_data] 47 40 00 11 00 00 b0 0d 00 00 c1 00 00 00 01 e1
D/DataSource_M3U8( 1131): [10689][readAt][2046] [M3u8][dump_data] 00 b3 58 82 b7 ff ff ff ff ff ff ff ff ff ff ff
V/[MMP]   ( 1131): [10691] [STM] write_data buffering... z:9800 < 61440, pos: 9800 < 61440, f_z:-1, is_data_enough:0
V/[MMP]   ( 1131): [10691] [STM] write_data buffering... z:12600 < 61440, pos: 12600 < 61440, f_z:-1, is_data_enough:0
V/[MMP]   ( 1131): [10691] [STM] write_data buffering... z:12600 < 61440, pos: 12600 < 61440, f_z:-1, is_data_enough:0
V/[MMP]   ( 1131): [10691] [STM] write_data buffering... z:12600 < 61440, pos: 12600 < 61440, f_z:-1, is_data_enough:0
V/[MMP]   ( 1131): [10691] [STM] write_data buffering... z:12600 < 61440, pos: 12600 < 61440, f_z:-1, is_data_enough:0
V/[MMP]   ( 1131): [10691] [STM] write_data buffering... z:12600 < 61440, pos: 12600 < 61440, f_z:-1, is_data_enough:0
V/[MMP]   ( 1131): [10691] [STM] write_data buffering... z:12600 < 61440, pos: 12600 < 61440, f_z:-1, is_data_enough:0
V/[MMP]   ( 1131): [10691] [STM] write_data buffering... z:12600 < 61440, pos: 12600 < 61440, f_z:-1, is_data_enough:0
V/[MMP]   ( 1131): [10691] [STM] write_data buffering... z:12600 < 61440, pos: 12600 < 61440, f_z:-1, is_data_enough:0
V/[MMP]   ( 1131): [10691] [STM] write_data buffering... z:12600 < 61440, pos: 12600 < 61440, f_z:-1, is_data_enough:0
V/[MMP]   ( 1131): [10691] [STM] write_data buffering... z:12600 < 61440, pos: 12600 < 61440, f_z:-1, is_data_enough:0
V/[MMP]   ( 1131): [10691] [STM] write_data buffering... z:12600 < 61440, pos: 12600 < 61440, f_z:-1, is_data_enough:0
V/[MMP]   ( 1131): [10691] [STM] write_data buffering... z:12600 < 61440, pos: 12600 < 61440, f_z:-1, is_data_enough:0
V/[MMP]   ( 1131): [10691] [STM] write_data buffering... z:12600 < 61440, pos: 12600 < 61440, f_z:-1, is_data_enough:0
V/[MMP]   ( 1131): [10691] [STM] write_data buffering... z:12600 < 61440, pos: 12600 < 61440, f_z:-1, is_data_enough:0
V/[MMP]   ( 1131): [10691] [STM] write_data buffering... z:15400 < 61440, pos: 15400 < 61440, f_z:-1, is_data_enough:0
V/[MMP]   ( 1131): [10691] [STM] write_data buffering... z:23800 < 61440, pos: 23800 < 61440, f_z:-1, is_data_enough:0
V/[MMP]   ( 1131): [10691] [STM] write_data buffering... z:32200 < 61440, pos: 32200 < 61440, f_z:-1, is_data_enough:0
V/[MMP]   ( 1131): [10691] [STM] write_data buffering... z:32200 < 61440, pos: 32200 < 61440, f_z:-1, is_data_enough:0
V/[MMP]   ( 1131): [10691] [STM] write_data buffering... z:32200 < 61440, pos: 32200 < 61440, f_z:-1, is_data_enough:0
V/[MMP]   ( 1131): [10691] [STM] write_data buffering... z:32200 < 61440, pos: 32200 < 61440, f_z:-1, is_data_enough:0
V/[MMP]   ( 1131): [10691] [STM] write_data buffering... z:32200 < 61440, pos: 32200 < 61440, f_z:-1, is_data_enough:0
V/[MMP]   ( 1131): [10691] [STM] write_data buffering... z:32200 < 61440, pos: 32200 < 61440, f_z:-1, is_data_enough:0
V/[MMP]   ( 1131): [10691] [STM] write_data buffering... z:32200 < 61440, pos: 32200 < 61440, f_z:-1, is_data_enough:0
V/[MMP]   ( 1131): [10691] [STM] write_data buffering... z:32200 < 61440, pos: 32200 < 61440, f_z:-1, is_data_enough:0
V/[MMP]   ( 1131): [10691] [STM] write_data buffering... z:32200 < 61440, pos: 32200 < 61440, f_z:-1, is_data_enough:0
V/[MMP]   ( 1131): [10691] [STM] write_data buffering... z:32200 < 61440, pos: 32200 < 61440, f_z:-1, is_data_enough:0
V/[MMP]   ( 1131): [10691] [STM] write_data buffering... z:32200 < 61440, pos: 32200 < 61440, f_z:-1, is_data_enough:0
V/[MMP]   ( 1131): [10691] [STM] write_data buffering... z:32200 < 61440, pos: 32200 < 61440, f_z:-1, is_data_enough:0
V/[MMP]   ( 1131): [10691] [STM] write_data buffering... z:32200 < 61440, pos: 32200 < 61440, f_z:-1, is_data_enough:0
V/[MMP]   ( 1131): [10691] [STM] write_data buffering... z:32200 < 61440, pos: 32200 < 61440, f_z:-1, is_data_enough:0
V/[MMP]   ( 1131): [10691] [STM] write_data buffering... z:36400 < 61440, pos: 36400 < 61440, f_z:-1, is_data_enough:0
V/[MMP]   ( 1131): [10691] [STM] write_data buffering... z:36400 < 61440, pos: 36400 < 61440, f_z:-1, is_data_enough:0
V/[MMP]   ( 1131): [10691] [STM] write_data buffering... z:43400 < 61440, pos: 43400 < 61440, f_z:-1, is_data_enough:0
V/[MMP]   ( 1131): [10691] [STM] write_data buffering... z:51800 < 61440, pos: 51800 < 61440, f_z:-1, is_data_enough:0
V/[MMP]   ( 1131): [10691] [STM] write_data buffering... z:53200 < 61440, pos: 53200 < 61440, f_z:-1, is_data_enough:0
V/[MMP]   ( 1131): [10691] [STM] write_data buffering... z:53200 < 61440, pos: 53200 < 61440, f_z:-1, is_data_enough:0
V/[MMP]   ( 1131): [10691] [STM] write_data buffering... z:53200 < 61440, pos: 53200 < 61440, f_z:-1, is_data_enough:0
V/[MMP]   ( 1131): [10691] [STM] write_data buffering... z:53200 < 61440, pos: 53200 < 61440, f_z:-1, is_data_enough:0
V/[MMP]   ( 1131): [10691] [STM] write_data buffering... z:53200 < 61440, pos: 53200 < 61440, f_z:-1, is_data_enough:0
V/[MMP]   ( 1131): [10691] [STM] write_data buffering... z:53200 < 61440, pos: 53200 < 61440, f_z:-1, is_data_enough:0
V/[MMP]   ( 1131): [10691] [STM] write_data buffering... z:53200 < 61440, pos: 53200 < 61440, f_z:-1, is_data_enough:0
V/[MMP]   ( 1131): [10691] [STM] write_data buffering... z:53200 < 61440, pos: 53200 < 61440, f_z:-1, is_data_enough:0
V/[MMP]   ( 1131): [10691] [STM] write_data buffering... z:53200 < 61440, pos: 53200 < 61440, f_z:-1, is_data_enough:0
V/[MMP]   ( 1131): [10691] [STM] write_data buffering... z:53200 < 61440, pos: 53200 < 61440, f_z:-1, is_data_enough:0
V/[MMP]   ( 1131): [10691] [STM] write_data buffering... z:53200 < 61440, pos: 53200 < 61440, f_z:-1, is_data_enough:0
V/[MMP]   ( 1131): [10691] [STM] write_data buffering... z:53200 < 61440, pos: 53200 < 61440, f_z:-1, is_data_enough:0
V/[MMP]   ( 1131): [10691] [STM] write_data buffering... z:53200 < 61440, pos: 53200 < 61440, f_z:-1, is_data_enough:0
V/[MMP]   ( 1131): [10691] [STM] write_data buffering... z:53200 < 61440, pos: 53200 < 61440, f_z:-1, is_data_enough:0
V/[MMP]   ( 1131): [10691] [STM] write_data buffering... z:53200 < 61440, pos: 53200 < 61440, f_z:-1, is_data_enough:0
V/[MMP]   ( 1131): [10691] [STM] write_data buffering... z:53200 < 61440, pos: 53200 < 61440, f_z:-1, is_data_enough:0
V/[MMP]   ( 1131): [10691] [STM] write_data buffering... z:53200 < 61440, pos: 53200 < 61440, f_z:-1, is_data_enough:0
V/[MMP]   ( 1131): [10691] [STM] write_data buffering... z:53200 < 61440, pos: 53200 < 61440, f_z:-1, is_data_enough:0
V/[MMP]   ( 1131): [10691] [STM] write_data buffering... z:53200 < 61440, pos: 53200 < 61440, f_z:-1, is_data_enough:0
V/[MMP]   ( 1131): [10691] [STM] write_data buffering... z:53200 < 61440, pos: 53200 < 61440, f_z:-1, is_data_enough:0
V/[MMP]   ( 1131): [10691] [STM] write_data buffering... z:53200 < 61440, pos: 53200 < 61440, f_z:-1, is_data_enough:0
V/[MMP]   ( 1131): [10691] [STM] write_data buffering... z:53200 < 61440, pos: 53200 < 61440, f_z:-1, is_data_enough:0
V/[MMP]   ( 1131): [10691] [STM] write_data buffering... z:53200 < 61440, pos: 53200 < 61440, f_z:-1, is_data_enough:0
V/[MMP]   ( 1131): [10691] [STM] write_data buffering... z:53200 < 61440, pos: 53200 < 61440, f_z:-1, is_data_enough:0
V/[MMP]   ( 1131): [10691] [STM] write_data buffering... z:53200 < 61440, pos: 53200 < 61440, f_z:-1, is_data_enough:0
V/[MMP]   ( 1131): [10691] [STM] write_data buffering... z:53200 < 61440, pos: 53200 < 61440, f_z:-1, is_data_enough:0
V/[MMP]   ( 1131): [10691] [STM] write_data buffering... z:53200 < 61440, pos: 53200 < 61440, f_z:-1, is_data_enough:0
V/[MMP]   ( 1131): [10691] [STM] write_data buffering... z:53200 < 61440, pos: 53200 < 61440, f_z:-1, is_data_enough:0
V/[MMP]   ( 1131): [10691] [STM] write_data buffering... z:53200 < 61440, pos: 53200 < 61440, f_z:-1, is_data_enough:0
V/[MMP]   ( 1131): [10691] [STM] write_data buffering... z:53200 < 61440, pos: 53200 < 61440, f_z:-1, is_data_enough:0
V/[MMP]   ( 1131): [10691] [STM] write_data buffering... z:53200 < 61440, pos: 53200 < 61440, f_z:-1, is_data_enough:0
V/[MMP]   ( 1131): [10691] [STM] write_data buffering... z:53200 < 61440, pos: 53200 < 61440, f_z:-1, is_data_enough:0
V/[MMP]   ( 1131): [10691] [STM] write_data buffering... z:53200 < 61440, pos: 53200 < 61440, f_z:-1, is_data_enough:0
V/[MMP]   ( 1131): [10691] [STM] write_data buffering... z:53200 < 61440, pos: 53200 < 61440, f_z:-1, is_data_enough:0
V/[MMP]   ( 1131): [10691] [STM] write_data buffering... z:53200 < 61440, pos: 53200 < 61440, f_z:-1, is_data_enough:0
V/[MMP]   ( 1131): [10691] [STM] write_data buffering... z:53200 < 61440, pos: 53200 < 61440, f_z:-1, is_data_enough:0
V/[MMP]   ( 1131): [10691] [STM] write_data buffering... z:61600 < 61440, pos: 61600 < 61440, f_z:-1, is_data_enough:0
V/[MMP]   ( 1131): [10691] [STM] cb_write_rb_done_post! mem_full:0, w_full:0, net_err:0, w_pos:61600, f_size:-1
V/[MMP]   ( 1131): [10691] [STM] cb_write, target_write_offset:61600, r_idx:0, (0, 0) w_idx:0, [0, 61600] [0, 0]
V/[MMP]   ( 1131): [10691] [STM] send rebuffer_done msg, cb_status:0
V/[MMP]   ( 1131): [10691] [STM] stm_rebuffer_done_callback
D/mstplayer( 1131): [10691] [AVP] ap_rebuffer_done_callback, need_skip_next_rb_done:1
V/[MMP]   ( 1131): [10697] [STM] cb_rb_read_leave, cb_status:0, stop_lock:0, f_z:-1, w_pos:61600, mem_full:0
V/[MMP]   ( 1131): [10697] MP4 Open Start
V/[MMP]   ( 1131): [10697] register handle 0, buffer 0xb307ba80, size     128 to slot  1
V/[MMP]   ( 1131): [10697] register handle 0, buffer 0xb335d000, size   17520 to slot  2
V/[MMP]   ( 1131): [10697] player_open_demuxer, file_type = 26
V/[MMP]   ( 1131): [10697] register handle 0, buffer 0xb3365000, size  151248 to slot  3
V/[MMP]   ( 1131): [10697] register handle 0, buffer 0xb338a000, size  359392 to slot  4
V/[MMP]   ( 1131): [10697] [demuxer_format]: TS
V/[MMP]   ( 1131): [10697] register handle 0, buffer 0x81c00000, size 18874368 to slot  5
V/[MMP]   ( 1131): [10697] register handle 0, buffer 0xb33e2000, size   51200 to slot  6
V/[MMP]   ( 1131): [10697] register handle 0, buffer 0x83000000, size 18874368 to slot  7
V/[MMP]   ( 1131): [10697] register handle 0, buffer 0xb31c6000, size   51200 to slot  8
V/[MMP]   ( 1131): [10697] register handle 0, buffer 0xb3242800, size    2048 to slot  9
V/[MMP]   ( 1131): [10697] [TS] ts_parse_PSI_table, retry count:16/50000
V/[MMP]   ( 1131): [10697] [TS] ts_parse_PSI_table, best program found, pid = 256
V/[MMP]   ( 1131): [10697] [TS] probe_all_unknown_streams
V/[MMP]   ( 1131): [10697] [TS_PTS] set_base_pts:(760000, 0)
V/[MMP]   ( 1131): [10697] [TS] found first video frame at position 564
V/[MMP]   ( 1131): [10697] [STM] open_done, from demuxer, network_type:1, a_bitrate:-1, v_bitrate:-1, file_duration:0
V/[MMP]   ( 1131): [10697] [STM] open_done, update_mem_size, mem1_size:56568, mem2_size:6497032, w1(0,56568), w2(56568,75600)
V/[MMP]   ( 1131): [10697] [STM] open_done, ret:0, a_bitrate:-1, v_bitrate:-1, bitrate:8750000, duration:0, meta_data_size:56568
V/[MMP]   ( 1131): [10697] [TS] can not get duration, seekable:1, input_size:-1
V/[MMP]   ( 1131): [10697] [TS] file size:-1, duration:0 us
V/[MMP]   ( 1131): [10697] [TS] ts_open_demuxer success
V/[MMP]   ( 1131): [10697] min_memory_mode: 0, width: 3840, height: 2160, vr_size: 22020096, ar_size: 614400
V/[MMP]   ( 1131): [10697] register handle 0, buffer 0xb3284000, size  614400 to slot 10
V/[MMP]   ( 1131): [10697] register handle 0, buffer 0x8e803000, size 1048576 to slot 11
V/[MMP]   ( 1131): [10697] register handle 0, buffer 0x89400000, size 22020096 to slot 12
V/[MMP]   ( 1131): [10697] [STM] open_done, from demuxer, network_type:1, a_bitrate:0, v_bitrate:0, file_duration:2783138807
V/[MMP]   ( 1131): [10697] [STM] open_done, ret:0, a_bitrate:0, v_bitrate:0, bitrate:8750000, duration:-1511828489, meta_data_size:56568
D/mstplayer( 1131): [10697] [AVP] mmp_notify_callback get msg 19
V/RMClient( 1131): #12:requestResourceAsync
V/RMClient( 1131): #12:onMessageReceived creq
V/RMClient( 1131): #12:kWhatCmdResourceRequest
V/RMAllocator( 1127): handleRequest
V/RMClient( 1131): #12:Done
V/RMAllocator( 1127): handleRequest new ClientInfo, client=3037135744 id=12
I/RMAllocator( 1127): ClientInfo this=3028639904, mRMClient=3037135744. id=12
V/RMAllocator( 1127): handleRequest new ClientInfo=3028639904, client=3037135744 id=12
V/RMAllocator( 1127): allocateResources
V/RMAllocator( 1127): allocateOneResource
V/RMAllocator( 1127): allocateOneResource
V/RMClient( 1131): #12:handleRequestDone
V/RMClient( 1131): #12:onMessageReceived ldon
V/RMClient( 1131): #12:kWhatRequestDone
V/RMClient( 1131): #12:Done
D/mstplayer( 1131): [10697] Resource allocation ok
V/[MMP]   ( 1131): [10697] request resource 19 from handle, ret: 0
V/[MMP]   ( 1131): [10697] [Precise] force enable sync AV
V/[MMP]   ( 1131): [10697] register handle 0, buffer 0x8e903000, size  530432 to slot 13
W/libc    ( 1131): pthread_create sched_setscheduler call failed: Operation not permitted
V/[MMP]   ( 1131): [10701] [DMX] set new pts: 0
V/[MMP]   ( 1131): [10701] [Precise] demux_sync_av_start: found first video pts (0), set it as target
V/[MMP]   ( 1131): [10697] type:3, rbuf_codec_4cc: 0x61766331, f_codec_4cc:0x61766331
V/[MMP]   ( 1131): [10701] montage, set_clock_base, play_start_time 7599409, base_clock 0
V/[MMP]   ( 1131): [10697] register handle 0, buffer 0xb3170d80, size     336 to slot 14
V/[MMP]   ( 1131): [10697] [init_OMX_HW_decoder] codec: 0x61766331
V/[MMP]   ( 1131): [10701] [STM] change_from_mem1_to_mem2
V/[MMP]   ( 1131): [10701] [STM] read_from_file2_mem2_head, time_mode, read_pos:56568
V/[MMP]   ( 1131): [10697] [Android-OMX] USE_OMX_HWDEC
V/[MMP]   ( 1131): [10697] register handle 0, buffer 0xb316f8e0, size      32 to slot 15
V/mmpSource( 1131): mmpSource::construct
V/mmpSource( 1131): check video width:3840, height:2160
V/mmpSource( 1131): mst frame rate num 0, den 0
V/[MMP]   ( 1131): [10701] evan add for debug rebuffer_size 2 232, 1880
V/[MMP]   ( 1131): [10701] [STM] handle_read_rebuffer ins_z:1648, data_z:0
V/[MMP]   ( 1131): [10701] [STM] need_rebuffer mode:1, data_z: 0 < in_size: 1648, r_idx:1, offsest:75600, r1(0, 56568) r2(56568, 75600), w1(0, 56568), w2(56568, 75600)
V/[MMP]   ( 1131): [10701] [STM] judge_need_enter_rebuffer, ret:1, stop_lock:0, w_full:0, net_err:0, mem_full:0, w_pos:75600, f_size:-1
V/[MMP]   ( 1131): [10701] [STM] min_rebuffering_mode, in_size:1648, rebuffer_size:1648, r_idx:1
V/[MMP]   ( 1131): [10701] [STM] cb_rb_read_enter, offset:75600, in_size:1648, req_size:1648
V/[MMP]   ( 1131): [10701] [STM] cb_read, target_read_offset:75600, r_idx:1, (56568, 75600) w_idx:1, [0, 56568] [56568, 75600]
V/[MMP]   ( 1131): [10701] [STM] send rebuffer msg
V/[MMP]   ( 1131): [10701] [STM] stm_rebuffer_callback
D/mstplayer( 1131): [10701] [AVP] ap_rebuffer_callback, min rebuffer mode:1
D/mmpOmxWrap( 1131): [10697] [init_mmp_source] leave
V/[MMP]   ( 1131): [10697] [omx_hw_videc_init_128] nw = 0x0
D/mmpOmxWrap( 1131): [10697] [init_omx_decoder] flags: 0xc, codec_type: 0x61766331
V/mmpSource( 1131): mmpSource::getFormat
V/mmpSource( 1131): mmpSource::getFormat
I/MS_OMX_CORE( 1131): ComponentName : OMX.MS.AVC.Decoder, version -..
V/mmpSource( 1131): mmpSource::getFormat
D/MS_OMX_VDEC( 1131): Enable Mstar Ignore AVC Frame Gap mode
D/MS_OMX_VDEC( 1131): Enable Mstar Pts mode
I/OMXCodec( 1131): [OMX.MS.AVC.Decoder] video dimensions are 3840 x 2160
I/OMXCodec( 1131): [OMX.MS.AVC.Decoder] Crop rect is 3840 x 2160 @ (0, 0)
V/mmpSource( 1131): mmpSource::getFormat
D/mmpOmxWrap( 1131): [10697] [init_omx_decoder] DS mode, use main
V/mmpSource( 1131): mmpSource::start
D/MS_OMX_VDEC( 1131): Allocate pBuffer[0]: 0x91000000
D/MS_OMX_VDEC( 1131): Allocate pBuffer[0]: 0x84400000
D/MS_OMX_VDEC( 1131): Allocate pBuffer[0]: 0x8ac00000
D/MS_OMX_VDEC( 1131): Allocate pBuffer[0]: 0x8b800000
D/MS_OMX_VDEC( 1131): Allocate pBuffer[0]: 0x8c400000
D/MS_OMX_VDEC( 1131): Allocate pBuffer[1]: 0xb3083400
D/MS_OMX_VDEC( 1131): Allocate pBuffer[1]: 0xb3083600
D/MS_OMX_VDEC( 1131): Allocate pBuffer[1]: 0xb3083800
D/MS_OMX_VDEC( 1131): Allocate pBuffer[1]: 0xb3083a00
V/mmpSource( 1131): mmpSource::getFormat
I/MSTAR_VDEC_API( 1131): Open Stream State: 11 0x0
I/MSTAR_VDEC_API( 1131): Open Stream Type: 0, pid=1131
V/[MMP]   ( 1131): [10691] [STM] write_data buffering... z:0 < 1648, pos: 75600 < 77248, f_z:-1, is_data_enough:0
I/MSTAR_VDEC_API( 1131): [0] MApi_VDEC_EX_GetFreeStream bResult = 1
I/MSTAR_VDEC_API( 1131): no stored streamIds
I/MSTAR_VDEC_API( 1131): no stored streamIds
I/MSTAR_VDEC_API( 1131): add StreamId: 0x4040
D/MSTAR_VDEC_API( 1131): pInitParam->SysConfig.u32CodeBufAddr = 11600000
D/MSTAR_VDEC_API( 1131): pInitParam->SysConfig.u32CodeBufSize = 3145728
D/MSTAR_VDEC_API( 1131): pInitParam->SysConfig.u32FrameBufAddr = 12c00000
D/MSTAR_VDEC_API( 1131): pInitParam->SysConfig.u32FrameBufSize = 184549376
D/MSTAR_VDEC_API( 1131): pInitParam->SysConfig.u32BitstreamBufAddr = 11900000
D/MSTAR_VDEC_API( 1131): pInitParam->SysConfig.u32BitstreamBufSize = 16777216
D/MSTAR_VDEC_API( 1131): pInitParam->SysConfig.u32DrvProcBufAddr = 11900000
D/MSTAR_VDEC_API( 1131): pInitParam->SysConfig.u32DrvProcBufSize = 524288
D/MSTAR_VDEC_API( 1131): FrameRate from demuxer: 0 0, 0 0
D/MSTAR_VDEC_API( 1131): pInitParam->VideoInfo.eTimeStampType = 0x1
V/[MMP]   ( 1131): [10691] [STM] write_data buffering... z:0 < 1648, pos: 75600 < 77248, f_z:-1, is_data_enough:0
V/[MMP]   ( 1131): [10691] [STM] write_data buffering... z:0 < 1648, pos: 75600 < 77248, f_z:-1, is_data_enough:0
V/[MMP]   ( 1131): [10691] [STM] write_data buffering... z:0 < 1648, pos: 75600 < 77248, f_z:-1, is_data_enough:0
V/[MMP]   ( 1131): [10691] [STM] write_data buffering... z:0 < 1648, pos: 75600 < 77248, f_z:-1, is_data_enough:0
V/[MMP]   ( 1131): [10691] [STM] write_data buffering... z:0 < 1648, pos: 75600 < 77248, f_z:-1, is_data_enough:0
V/[MMP]   ( 1131): [10691] [STM] write_data buffering... z:0 < 1648, pos: 75600 < 77248, f_z:-1, is_data_enough:0
V/[MMP]   ( 1131): [10691] [STM] write_data buffering... z:2800 < 1648, pos: 78400 < 77248, f_z:-1, is_data_enough:0
V/[MMP]   ( 1131): [10691] [STM] cb_write_rb_done_post! mem_full:0, w_full:0, net_err:0, w_pos:78400, f_size:-1
V/[MMP]   ( 1131): [10691] [STM] cb_write, target_write_offset:78400, r_idx:1, (56568, 75600) w_idx:1, [0, 56568] [56568, 78400]
V/[MMP]   ( 1131): [10691] [STM] send rebuffer_done msg, cb_status:0
V/[MMP]   ( 1131): [10691] [STM] stm_rebuffer_done_callback
D/mstplayer( 1131): [10691] [AVP] ap_rebuffer_done_callback, need_skip_next_rb_done:1
V/[MMP]   ( 1131): [10701] [STM] cb_rb_read_leave, cb_status:0, stop_lock:0, f_z:-1, w_pos:93800, mem_full:0
V/[MMP]   ( 1131): [10701] evan add for debug rebuffer_size 2 1512, 1880
V/[MMP]   ( 1131): [10701] [STM] handle_read_rebuffer ins_z:368, data_z:0
V/[MMP]   ( 1131): [10701] [STM] need_rebuffer mode:1, data_z: 0 < in_size: 368, r_idx:1, offsest:93800, r1(0, 56568) r2(56568, 93800), w1(0, 56568), w2(56568, 93800)
V/[MMP]   ( 1131): [10701] [STM] judge_need_enter_rebuffer, ret:1, stop_lock:0, w_full:0, net_err:0, mem_full:0, w_pos:93800, f_size:-1
V/[MMP]   ( 1131): [10701] [STM] min_rebuffering_mode, in_size:368, rebuffer_size:368, r_idx:1
V/[MMP]   ( 1131): [10701] [STM] cb_rb_read_enter, offset:93800, in_size:368, req_size:368
V/[MMP]   ( 1131): [10701] [STM] cb_read, target_read_offset:93800, r_idx:1, (56568, 93800) w_idx:1, [0, 56568] [56568, 93800]
V/[MMP]   ( 1131): [10701] [STM] send rebuffer msg
V/[MMP]   ( 1131): [10701] [STM] stm_rebuffer_callback
D/mstplayer( 1131): [10701] [AVP] ap_rebuffer_callback, min rebuffer mode:1
V/[MMP]   ( 1131): [10691] [STM] write_data buffering... z:4200 < 368, pos: 98000 < 94168, f_z:-1, is_data_enough:0
V/[MMP]   ( 1131): [10691] [STM] cb_write_rb_done_post! mem_full:0, w_full:0, net_err:0, w_pos:98000, f_size:-1
V/[MMP]   ( 1131): [10691] [STM] cb_write, target_write_offset:98000, r_idx:1, (56568, 93800) w_idx:1, [0, 56568] [56568, 98000]
V/[MMP]   ( 1131): [10691] [STM] send rebuffer_done msg, cb_status:0
V/[MMP]   ( 1131): [10691] [STM] stm_rebuffer_done_callback
D/mstplayer( 1131): [10691] [AVP] ap_rebuffer_done_callback, need_skip_next_rb_done:1
I/Advanced( 5524): [QUEUE] share_queue_sendEx size:1 4097 36392 0xa00490b8,postLoopId:0,dstid:1.
V/[MMP]   ( 1131): [10701] [STM] cb_rb_read_leave, cb_status:0, stop_lock:0, f_z:-1, w_pos:99400, mem_full:0
V/[MMP]   ( 1131): [10701] evan add for debug rebuffer_size 2 1472, 1880
V/[MMP]   ( 1131): [10701] [STM] handle_read_rebuffer ins_z:408, data_z:0
V/[MMP]   ( 1131): [10701] [STM] need_rebuffer mode:1, data_z: 0 < in_size: 408, r_idx:1, offsest:99400, r1(0, 56568) r2(56568, 99400), w1(0, 56568), w2(56568, 99400)
V/[MMP]   ( 1131): [10701] [STM] judge_need_enter_rebuffer, ret:1, stop_lock:0, w_full:0, net_err:0, mem_full:0, w_pos:99400, f_size:-1
V/[MMP]   ( 1131): [10701] [STM] min_rebuffering_mode, in_size:408, rebuffer_size:408, r_idx:1
V/[MMP]   ( 1131): [10701] [STM] cb_rb_read_enter, offset:99400, in_size:408, req_size:408
V/[MMP]   ( 1131): [10701] [STM] cb_read, target_read_offset:99400, r_idx:1, (56568, 99400) w_idx:1, [0, 56568] [56568, 99400]
V/[MMP]   ( 1131): [10701] [STM] send rebuffer msg
V/[MMP]   ( 1131): [10701] [STM] stm_rebuffer_callback
D/mstplayer( 1131): [10701] [AVP] ap_rebuffer_callback, min rebuffer mode:1
V/[MMP]   ( 1131): [10691] [STM] write_data buffering... z:0 < 408, pos: 99400 < 99808, f_z:-1, is_data_enough:0
V/[MMP]   ( 1131): [10691] [STM] write_data buffering... z:0 < 408, pos: 99400 < 99808, f_z:-1, is_data_enough:0
V/[MMP]   ( 1131): [10691] [STM] write_data buffering... z:0 < 408, pos: 99400 < 99808, f_z:-1, is_data_enough:0
V/[MMP]   ( 1131): [10691] [STM] write_data buffering... z:0 < 408, pos: 99400 < 99808, f_z:-1, is_data_enough:0
V/[MMP]   ( 1131): [10691] [STM] write_data buffering... z:0 < 408, pos: 99400 < 99808, f_z:-1, is_data_enough:0
V/[MMP]   ( 1131): [10691] [STM] write_data buffering... z:0 < 408, pos: 99400 < 99808, f_z:-1, is_data_enough:0
V/[MMP]   ( 1131): [10691] [STM] write_data buffering... z:0 < 408, pos: 99400 < 99808, f_z:-1, is_data_enough:0
V/[MMP]   ( 1131): [10691] [STM] write_data buffering... z:0 < 408, pos: 99400 < 99808, f_z:-1, is_data_enough:0
V/[MMP]   ( 1131): [10691] [STM] write_data buffering... z:0 < 408, pos: 99400 < 99808, f_z:-1, is_data_enough:0
V/[MMP]   ( 1131): [10691] [STM] write_data buffering... z:4200 < 408, pos: 103600 < 99808, f_z:-1, is_data_enough:0
V/[MMP]   ( 1131): [10691] [STM] cb_write_rb_done_post! mem_full:0, w_full:0, net_err:0, w_pos:103600, f_size:-1
V/[MMP]   ( 1131): [10691] [STM] cb_write, target_write_offset:103600, r_idx:1, (56568, 99400) w_idx:1, [0, 56568] [56568, 103600]
V/[MMP]   ( 1131): [10691] [STM] send rebuffer_done msg, cb_status:0
V/[MMP]   ( 1131): [10691] [STM] stm_rebuffer_done_callback
D/mstplayer( 1131): [10691] [AVP] ap_rebuffer_done_callback, need_skip_next_rb_done:1
V/[MMP]   ( 1131): [10701] [STM] cb_rb_read_leave, cb_status:0, stop_lock:0, f_z:-1, w_pos:121800, mem_full:0
V/[MMP]   ( 1131): [10701] evan add for debug rebuffer_size 2 1312, 1880
V/[MMP]   ( 1131): [10701] [STM] handle_read_rebuffer ins_z:568, data_z:0
V/[MMP]   ( 1131): [10701] [STM] need_rebuffer mode:1, data_z: 0 < in_size: 568, r_idx:1, offsest:121800, r1(0, 56568) r2(56568, 121800), w1(0, 56568), w2(56568, 121800)
V/[MMP]   ( 1131): [10701] [STM] judge_need_enter_rebuffer, ret:1, stop_lock:0, w_full:0, net_err:0, mem_full:0, w_pos:124600, f_size:-1
V/[MMP]   ( 1131): [10701] [STM] min_rebuffering_mode, in_size:568, rebuffer_size:568, r_idx:1
V/[MMP]   ( 1131): [10701] [STM] cb_rb_read_enter, offset:121800, in_size:568, req_size:568
V/[MMP]   ( 1131): [10701] [STM] cb_read, target_read_offset:121800, r_idx:1, (56568, 121800) w_idx:1, [0, 56568] [56568, 124600]
V/[MMP]   ( 1131): [10701] [STM] send rebuffer msg
V/[MMP]   ( 1131): [10701] [STM] stm_rebuffer_callback
D/mstplayer( 1131): [10701] [AVP] ap_rebuffer_callback, min rebuffer mode:1
V/[MMP]   ( 1131): [10691] [STM] write_data buffering... z:0 < 568, pos: 124600 < 125168, f_z:-1, is_data_enough:0
V/[MMP]   ( 1131): [10691] [STM] write_data buffering... z:0 < 568, pos: 124600 < 125168, f_z:-1, is_data_enough:0
V/[MMP]   ( 1131): [10691] [STM] write_data buffering... z:0 < 568, pos: 124600 < 125168, f_z:-1, is_data_enough:0
V/[MMP]   ( 1131): [10691] [STM] write_data buffering... z:0 < 568, pos: 124600 < 125168, f_z:-1, is_data_enough:0
V/[MMP]   ( 1131): [10691] [STM] write_data buffering... z:0 < 568, pos: 124600 < 125168, f_z:-1, is_data_enough:0
V/[MMP]   ( 1131): [10691] [STM] write_data buffering... z:0 < 568, pos: 124600 < 125168, f_z:-1, is_data_enough:0
V/[MMP]   ( 1131): [10691] [STM] write_data buffering... z:0 < 568, pos: 124600 < 125168, f_z:-1, is_data_enough:0
V/[MMP]   ( 1131): [10691] [STM] write_data buffering... z:0 < 568, pos: 124600 < 125168, f_z:-1, is_data_enough:0
V/[MMP]   ( 1131): [10691] [STM] write_data buffering... z:0 < 568, pos: 124600 < 125168, f_z:-1, is_data_enough:0
V/[MMP]   ( 1131): [10691] [STM] write_data buffering... z:0 < 568, pos: 124600 < 125168, f_z:-1, is_data_enough:0
V/[MMP]   ( 1131): [10691] [STM] write_data buffering... z:0 < 568, pos: 124600 < 125168, f_z:-1, is_data_enough:0
V/[MMP]   ( 1131): [10691] [STM] write_data buffering... z:2800 < 568, pos: 127400 < 125168, f_z:-1, is_data_enough:0
V/[MMP]   ( 1131): [10691] [STM] cb_write_rb_done_post! mem_full:0, w_full:0, net_err:0, w_pos:127400, f_size:-1
V/[MMP]   ( 1131): [10691] [STM] cb_write, target_write_offset:127400, r_idx:1, (56568, 121800) w_idx:1, [0, 56568] [56568, 127400]
V/[MMP]   ( 1131): [10691] [STM] send rebuffer_done msg, cb_status:0
V/[MMP]   ( 1131): [10691] [STM] stm_rebuffer_done_callback
D/mstplayer( 1131): [10691] [AVP] ap_rebuffer_done_callback, need_skip_next_rb_done:1
V/[MMP]   ( 1131): [10701] [STM] cb_rb_read_leave, cb_status:0, stop_lock:0, f_z:-1, w_pos:141400, mem_full:0
V/[MMP]   ( 1131): [10701] evan add for debug rebuffer_size 2 232, 1880
V/[MMP]   ( 1131): [10701] [STM] handle_read_rebuffer ins_z:1648, data_z:0
V/[MMP]   ( 1131): [10701] [STM] need_rebuffer mode:1, data_z: 0 < in_size: 1648, r_idx:1, offsest:141400, r1(0, 56568) r2(56568, 141400), w1(0, 56568), w2(56568, 141400)
V/[MMP]   ( 1131): [10701] [STM] judge_need_enter_rebuffer, ret:1, stop_lock:0, w_full:0, net_err:0, mem_full:0, w_pos:141400, f_size:-1
V/[MMP]   ( 1131): [10701] [STM] min_rebuffering_mode, in_size:1648, rebuffer_size:1648, r_idx:1
V/[MMP]   ( 1131): [10701] [STM] cb_rb_read_enter, offset:141400, in_size:1648, req_size:1648
V/[MMP]   ( 1131): [10701] [STM] cb_read, target_read_offset:141400, r_idx:1, (56568, 141400) w_idx:1, [0, 56568] [56568, 141400]
V/[MMP]   ( 1131): [10701] [STM] send rebuffer msg
V/[MMP]   ( 1131): [10701] [STM] stm_rebuffer_callback
D/mstplayer( 1131): [10701] [AVP] ap_rebuffer_callback, min rebuffer mode:1
V/[MMP]   ( 1131): [10691] [STM] write_data buffering... z:8400 < 1648, pos: 149800 < 143048, f_z:-1, is_data_enough:0
V/[MMP]   ( 1131): [10691] [STM] cb_write_rb_done_post! mem_full:0, w_full:0, net_err:0, w_pos:149800, f_size:-1
V/[MMP]   ( 1131): [10691] [STM] cb_write, target_write_offset:149800, r_idx:1, (56568, 141400) w_idx:1, [0, 56568] [56568, 149800]
V/[MMP]   ( 1131): [10691] [STM] send rebuffer_done msg, cb_status:0
V/[MMP]   ( 1131): [10691] [STM] stm_rebuffer_done_callback
D/mstplayer( 1131): [10691] [AVP] ap_rebuffer_done_callback, need_skip_next_rb_done:1
