I/Downloader( 1131): [10692][prog_cb] Progress: 40% (1680000/4192024)
I/Advanced( 5524): [QUEUE] share_queue_sendEx size:1 4097 36417 0xa00490b8,postLoopId:0,dstid:1.
D/com.chinanetcenter.iSpeed( 2176): AccessibilityServiceDaemonTask > accessibilityEnabled = 1
I/Advanced( 5524): [QUEUE] share_queue_sendEx size:1 4097 36418 0xa00490b8,postLoopId:0,dstid:1.
I/Advanced( 5524): [QUEUE] share_queue_sendEx size:1 4097 36419 0xa00490b8,postLoopId:0,dstid:1.
D/NtpTrustedTime( 1579): currentTimeMillis() cache hit
D/NtpTrustedTime( 1579): currentTimeMillis() cache hit
V/broadcast( 1579): Start process parallel broadcast: com.android.server.action.NETWORK_STATS_UPDATED to com.android.server.net.NetworkPolicyManagerService$7@1b180ea7
D/NtpTrustedTime( 1579): currentTimeMillis() cache hit
D/NtpTrustedTime( 1579): currentTimeMillis() cache hit
V/broadcast( 1579): End process parallel broadcast: com.android.server.action.NETWORK_STATS_UPDATED to com.android.server.net.NetworkPolicyManagerService$7@1b180ea7
E/OMXCodec( 1131): [OMX.MS.AVC.Decoder] Timed out waiting for output buffers: 0/4
I/AdvancedPorting-PORT_MODULE_NET( 5524): network_task while... 
I/AdvancedPorting-PORT_MODULE_NET( 5524): 0 interface name: lo
I/AdvancedPorting-PORT_MODULE_NET( 5524): 1 interface name: wlan0
I/AdvancedPorting-PORT_MODULE_NET( 5524): First interface name: lo
I/AdvancedPorting-PORT_MODULE_NET( 5524): network_task while...  net_i:1
I/AdvancedPorting-PORT_MODULE_NET( 5524): network_task while---name_interface[0]=lo
I/AdvancedPorting-PORT_MODULE_NET( 5524): network_task while---name_interface[1]=wlan0
I/AdvancedPorting-PORT_MODULE_NET( 5524): network_task while---interface_name=wlan0
I/AdvancedPorting-PORT_MODULE_NET( 5524): network_get_netlink_status(in)--if_name=wlan0
I/AdvancedPorting-PORT_MODULE_NET( 5524): net.network.isconnected = no
I/AdvancedPorting-PORT_MODULE_NET( 5524): wlan0 --network_get_netlink_status return retval=1
I/AdvancedPorting-PORT_MODULE_NET( 5524): stat = 1 last_status = 1
I/MiSysSrv( 1137): [37m[INFO] Change to Voltage: 880 mV (0x15)[m
I/com.chinanetcenter.iSpeed( 2176): IptablesWatchdogThread > checkThreads
I/Downloader( 1131): [10692][prog_cb] Progress: 60% (2515800/4192024)
V/[MMP]   ( 1131): [10691] [STM] MM: type:0, (q, o)=(0x1000, 0x2009)=>(0x2009, none)
V/[MMP]   ( 1131): [10691] [STM] MM: issue_q_msg:0x2009
V/[MMP]   ( 1131): [10691] [STM] stm_send_dm, msg:0x100d
V/[MMP]   ( 1131): [10691] [STM] update_dm, dm_status:0x0, wait_cmd:0x1000, msg:0x100d
V/[MMP]   ( 1131): [10689] [DM] dm_msg:0x100d
D/msavp_dw_module( 1131): [10689] [DM][m3u8] android_m3u8_get_info, Bandwidth:7828194, Bitrate:10480060
V/[MMP]   ( 1131): [10691] [STM] MM: res1, wait:0x100d, msg:0x400a, q_msg:0x1000, int_msg:0x1000
V/[MMP]   ( 1131): [10691] [STM] MM: res2, wait:0x100d, msg:0x400a, q_msg:0x1000, int_msg:0x1000
V/[MMP]   ( 1131): [10691] [STM] update_dm, dm_status:0x1, wait_cmd:0x100d, msg:0x400a
V/[MMP]   ( 1131): [10691] [STM] dm: wait_rsp->wait_com:0x100d
V/[MMP]   ( 1131): [10691] [STM] MM: res1, wait:0x100d, msg:0x5020, q_msg:0x1000, int_msg:0x1000
V/[MMP]   ( 1131): [10691] [STM] MM: res2, wait:0x100d, msg:0x5020, q_msg:0x1000, int_msg:0x1000
V/[MMP]   ( 1131): [10691] [STM] update bitrate: 10480060
D/mstplayer( 1131): [10691] [AVP] send to handle, streaming_msg = 501e
V/[MMP]   ( 1131): [10691] [STM] update_dm, dm_status:0x2, wait_cmd:0x100d, msg:0x5020
V/[MMP]   ( 1131): [10691] [STM] dm: wait_com->IDLE:0x0
D/mstplayer( 1131): [10686] [AVP] notify_msg_cb: 0x5008
D/mstplayer( 1131): [10686] [AVP] update network info, Bandwidth:7828194
D/mstplayer( 1131): [10686] [AVP] streaming event 0x5007, size 16, data 0x0xb0e54398
W/MediaPlayer( 1877): info/warning (703, 7828194)
D/WindowManager( 1579): interceptKeyTi keyCode=23 down=true repeatCount=0 keyguardOn=false mHomePressed=false canceled=false
W/ContextImpl( 1579): Calling a method in the system process without a qualified user: android.app.ContextImpl.sendBroadcast:1327 com.android.internal.policy.impl.PhoneWindowManager.interceptKeyBeforeDispatching:2462 com.android.server.wm.InputMonitor.interceptKeyBeforeDispatching:388 com.android.server.input.InputManagerService.interceptKeyBeforeDispatching:1470 <bottom of call stack> 
V/broadcast( 1579): Dispatching ordered broadcast: com.gzgd.KEYEVENT to ComponentInfo{com.gzgd.live/com.gzgd.live.globalkey.GlobalKeyReceiver}
D/SogouIME( 2000): [onKeyDown] keycode = 23 model = SE818 build_id:Build_129509_20170427 false
D/webapp  ( 1877): [MainActivity]keycode:23
D/webapp  ( 1877): [BaseActivity]keycode:23
V/broadcast( 2555): Start process ordered broadcast: com.gzgd.KEYEVENT to {com.gzgd.live/com.gzgd.live.globalkey.GlobalKeyReceiver}
W/ContextImpl( 2555): Calling a method in the system process without a qualified user: android.app.ContextImpl.startService:1692 android.content.ContextWrapper.startService:516 android.content.ContextWrapper.startService:516 com.gzgd.live.globalkey.GlobalKeyEventService.start:45 com.gzgd.live.globalkey.GlobalKeyReceiver.onReceive:21 
V/broadcast( 2555): End process ordered broadcast: com.gzgd.KEYEVENT to {com.gzgd.live/com.gzgd.live.globalkey.GlobalKeyReceiver}
D/live    ( 2555): [GlobalKeyEventService]event:KeyEvent { action=ACTION_DOWN, keyCode=KEYCODE_DPAD_CENTER, scanCode=28, metaState=0, flags=0x8, repeatCount=0, eventTime=7605206, downTime=7605206, deviceId=4, source=0x301 }
I/webapp  ( 1877): [JsLog]playVideo [sourceId:http://10.69.42.209/app/tv/qndj2/dyjy/bxkj/index.htm(355)]
D/LogWindowManageView( 1877): addLogText
I/webapp  ( 1877): [WebAppInterface]js call pauseMiniPlayer playerId:10086
I/webapp  ( 1877): [JsLog]10086 [sourceId:http://10.69.42.209/app/tv/qndj2/dyjy/bxkj/index.htm(356)]
D/LogWindowManageView( 1877): addLogText
E/webapp  ( 1877): [WebVideoView]curstatue:3, can not pause
D/LogWindowManageView( 1877): mLogList count:1241  111264
D/LogWindowManageView( 1877): mLogList count:1242  111349
E/webapp  ( 1877): [JsLog]Uncaught TypeError: Cannot read property 'pause' of undefined [sourceId:http://10.69.42.209/app/tv/qndj2/dyjy/bxkj/index.htm(359)]
D/LogWindowManageView( 1877): addLogText
D/LogWindowManageView( 1877): mLogList count:1243  111430
I/MiSysSrv( 1137): [37m[INFO] Change to Voltage: 1030 mV (0x24)[m
V/netx    ( 2150): gointo 4  in true
V/StatusBarService( 2150): true up0 true
V/netx    ( 2150): gointo 4  out true
V/StatusBarService( 2150): true up0 true
D/WindowManager( 1579): interceptKeyTi keyCode=23 down=false repeatCount=0 keyguardOn=false mHomePressed=false canceled=false
D/SogouIME( 2000): [onKeyUp] keycode = 23 model = SE818 build_id:Build_129509_20170427
I/Advanced( 5524): [QUEUE] share_queue_sendEx size:1 4097 36422 0xa00490b8,postLoopId:0,dstid:1.
I/Advanced( 5524): [QUEUE] share_queue_sendEx size:1 4097 36423 0xa00490b8,postLoopId:0,dstid:1.
V/MediaPlayer-JNI( 1877): native_finalize
V/MediaPlayer-JNI( 1877): release
V/MediaPlayer-JNI( 1877): native_finalize
V/MediaPlayer-JNI( 1877): release
V/MediaPlayer-JNI( 1877): native_finalize
V/MediaPlayer-JNI( 1877): release
I/Advanced( 5524): [QUEUE] share_queue_sendEx size:1 4097 36424 0xa00490b8,postLoopId:0,dstid:1.
I/Downloader( 1131): [10692][prog_cb] Progress: 80% (3360000/4192024)
I/AdvancedPorting-PORT_MODULE_NET( 5524): network_task while... 
I/AdvancedPorting-PORT_MODULE_NET( 5524): 0 interface name: lo
I/AdvancedPorting-PORT_MODULE_NET( 5524): 1 interface name: wlan0
I/AdvancedPorting-PORT_MODULE_NET( 5524): First interface name: lo
I/AdvancedPorting-PORT_MODULE_NET( 5524): network_task while...  net_i:1
I/AdvancedPorting-PORT_MODULE_NET( 5524): network_task while---name_interface[0]=lo
I/AdvancedPorting-PORT_MODULE_NET( 5524): network_task while---name_interface[1]=wlan0
I/AdvancedPorting-PORT_MODULE_NET( 5524): network_task while---interface_name=wlan0
I/AdvancedPorting-PORT_MODULE_NET( 5524): network_get_netlink_status(in)--if_name=wlan0
I/AdvancedPorting-PORT_MODULE_NET( 5524): net.network.isconnected = no
I/AdvancedPorting-PORT_MODULE_NET( 5524): wlan0 --network_get_netlink_status return retval=1
I/AdvancedPorting-PORT_MODULE_NET( 5524): stat = 1 last_status = 1
I/wpa_supplicant( 2554): [CTRL_IFACE] wlan0: 'SIGNAL_POLL'
D/WifiStateMachine( 1579): for gzgd,change score (60)-->(56)
I/com.chinanetcenter.iSpeed( 2176): IptablesWatchdogThread > checkThreads
V/[MMP]   ( 1131): [10691] [STM] MM: type:0, (q, o)=(0x1000, 0x2009)=>(0x2009, none)
V/[MMP]   ( 1131): [10691] [STM] MM: issue_q_msg:0x2009
V/[MMP]   ( 1131): [10691] [STM] stm_send_dm, msg:0x100d
V/[MMP]   ( 1131): [10691] [STM] update_dm, dm_status:0x0, wait_cmd:0x1000, msg:0x100d
V/[MMP]   ( 1131): [10689] [DM] dm_msg:0x100d
D/msavp_dw_module( 1131): [10689] [DM][m3u8] android_m3u8_get_info, Bandwidth:7247958, Bitrate:10480060
V/[MMP]   ( 1131): [10691] [STM] MM: res1, wait:0x100d, msg:0x400a, q_msg:0x1000, int_msg:0x1000
V/[MMP]   ( 1131): [10691] [STM] MM: res2, wait:0x100d, msg:0x400a, q_msg:0x1000, int_msg:0x1000
V/[MMP]   ( 1131): [10691] [STM] update_dm, dm_status:0x1, wait_cmd:0x100d, msg:0x400a
V/[MMP]   ( 1131): [10691] [STM] dm: wait_rsp->wait_com:0x100d
V/[MMP]   ( 1131): [10691] [STM] MM: res1, wait:0x100d, msg:0x5020, q_msg:0x1000, int_msg:0x1000
V/[MMP]   ( 1131): [10691] [STM] MM: res2, wait:0x100d, msg:0x5020, q_msg:0x1000, int_msg:0x1000
V/[MMP]   ( 1131): [10691] [STM] update bitrate: 10480060
D/mstplayer( 1131): [10691] [AVP] send to handle, streaming_msg = 501e
V/[MMP]   ( 1131): [10691] [STM] update_dm, dm_status:0x2, wait_cmd:0x100d, msg:0x5020
V/[MMP]   ( 1131): [10691] [STM] dm: wait_com->IDLE:0x0
D/mstplayer( 1131): [10686] [AVP] notify_msg_cb: 0x5008
D/mstplayer( 1131): [10686] [AVP] update network info, Bandwidth:7247958
D/mstplayer( 1131): [10686] [AVP] streaming event 0x5007, size 16, data 0x0xb0e54398
W/MediaPlayer( 1877): info/warning (703, 7247958)
I/Advanced( 5524): [QUEUE] share_queue_sendEx size:1 4097 36426 0xa00490b8,postLoopId:0,dstid:1.
I/Advanced( 5524): [QUEUE] share_queue_sendEx size:1 4097 36427 0xa00490b8,postLoopId:0,dstid:1.
I/Advanced( 5524): [QUEUE] share_queue_sendEx size:1 4097 36428 0xa00490b8,postLoopId:0,dstid:1.
I/Downloader( 1131): [10692][prog_cb]  warning:: downloadedSize : 4192024  >  fileSize :4192024 
I/Downloader( 1131): [10692][prog_cb] Progress: 100% (4192024/4192024)
I/Downloader( 1131): [10692][prog_cb]  warning:: downloadedSize : 4192024  >  fileSize :4192024 
I/Downloader( 1131): [10692][prog_cb]  warning:: downloadedSize : 4192024  >  fileSize :4192024 
I/Downloader( 1131): [10692][prog_cb]  warning:: downloadedSize : 4192024  >  fileSize :4192024 
I/Downloader( 1131): [10692][downloading_loop] easy handle completed return code : 0
D/DataSource_M3U8( 1131): [10692][downloader_event_calllback][198] [0xb0dac000] downloader_event :  1   info=0 
D/mstplayer( 1131): [10692] notify player event : 10087   extra_info = 0
I/Downloader( 1131): [10692][downloading_loop] still_running = 0 , stream data complete .
W/MediaPlayer( 1877): info/warning (10087, 0)
I/DataSource_M3U8( 1131): [10695][checkShouldStartNext] [1](4192024/4192024) mBitRate=8384048 
D/DataSource_M3U8( 1131): [10695][checkShouldStartNext][2485] M3u8 download next url:http://10.21.12.6:5005/nn_vod/nn_x64/aWQ9NjIwY2I3MDhhNWU4YzA3NDBlOWYwZTIwMTBlYjlkNjkmc3BsaWNlX2MxPTMyMzAzMTM3MzEzMDMwMzkyZjM1Mzk2NDYxNjMzNDM3MzE2NDYxNjEzMzM0Mzc2MjYxMzY2NjMzMzg2MTY0MzgzMjMxMzczOTY2MzI2NDM2NjIyZjMyMzAzMTM3MzEzMDMwMzk1NDMwMzgzMzM3MzAzNDJkMzAzMDMyMmQzMzJlNzQ3MyZubl9tM3U4PTEmbmR0PXN0YiZ1aWQ9MDEwMTAyMTYxMTE2MDQwMTUzNzUmbmdzPTVhMGU0N2QyNThmYzI1OWRiNWE1ZjdjNjc0Y2Q2ZTdjJm5jbXNpZD0xMTAxMjYmbmNhPSUyNm5jb2klM2RTdG9yYWdlLUZ0cC1TY2FuLTAxJTI2bmFpJTNkV0FTVTAwMjAxNzEwMDcwMjU4MzIlMjZubl9jcCUzZHdhc3U,/620cb708a5e8c0740e9f0e2010eb9d69.ts, knowedFileSize:0, mCurDowningIndex:2
D/Downloader( 1131): [10695][setDownloaderServer][2423] (0x0xb0e62000)setDownloaderServer : NULL 
D/Downloader( 1131): [10695][reset_server_semaphore][2332] (0x0xb0e62000)reset_server_semaphore  
D/Downloader( 1131): [10695][downloader_postCmd] downloader_postCmd : 1 
D/Downloader( 1131): [10695][wait_server_cb_done][2304] (0x0xb0e62000)wait event : 4  
I/Downloader( 1131): [10692][messenger_loop]  Receive download cmd : 1 
D/Downloader( 1131): [10692][removeTask][1383] removeTask...  
I/Downloader( 1131): [10692][removeTask] remove task:1  mDownloadingTask.http_handle : 0xb3354000 
I/Downloader( 1131): 
D/Downloader( 1131): [10692][messenger_loop][1583]  cmd_info rangeStr=0-    range= 0  taskIndex=2  
D/Downloader( 1131): [10692][messenger_loop][1584]  cmd_info bCheckDiscFlag = 0    bStreamingDisc = 0  
D/Downloader( 1131): [10692][messenger_loop][1588]  download without Drop mode.
D/Downloader( 1131): [10692][StartTask][1149] [0xb3354000]url :http://10.21.12.6:5005/nn_vod/nn_x64/aWQ9NjIwY2I3MDhhNWU4YzA3NDBlOWYwZTIwMTBlYjlkNjkmc3BsaWNlX2MxPTMyMzAzMTM3MzEzMDMwMzkyZjM1Mzk2NDYxNjMzNDM3MzE2NDYxNjEzMzM0Mzc2MjYxMzY2NjMzMzg2MTY0MzgzMjMxMzczOTY2MzI2NDM2NjIyZjMyMzAzMTM3MzEzMDMwMzk1NDMwMzgzMzM3MzAzNDJkMzAzMDMyMmQzMzJlNzQ3MyZubl9tM3U4PTEmbmR0PXN0YiZ1aWQ9MDEwMTAyMTYxMTE2MDQwMTUzNzUmbmdzPTVhMGU0N2QyNThmYzI1OWRiNWE1ZjdjNjc0Y2Q2ZTdjJm5jbXNpZD0xMTAxMjYmbmNhPSUyNm5jb2klM2RTdG9yYWdlLUZ0cC1TY2FuLTAxJTI2bmFpJTNkV0FTVTAwMjAxNzEwMDcwMjU4MzIlMjZubl9jcCUzZHdhc3U,/620cb708a5e8c0740e9f0e2010eb9d69.ts
D/Downloader( 1131): [10692][StartTask][1209] reconect to server with drop mode ,  mStreamTotalDrop = 0 
D/Downloader( 1131): [10692][StartTask][1235] Set CURLOPT_TCP_NODELAY .
D/DataSource_M3U8( 1131): [10692][downloader_event_calllback][198] [0xb0dac000] downloader_event :  0   info=0 
D/mstplayer( 1131): [10692] notify player event : 10086   extra_info = 0
W/MediaPlayer( 1877): info/warning (10086, 0)
I/Downloader( 1131): [10692][messenger_loop] still_running = 1
I/Downloader( 1131): [10692][header_callback] HTTP/1.1 200 OK
I/Downloader( 1131): [10692][header_callback] Server: nmds/3.32.29/20170927
I/Downloader( 1131): [10692][header_callback] nn_nmds_id: 110126
I/Downloader( 1131): [10692][header_callback] Connection: close
I/Downloader( 1131): [10692][header_callback] Date: Sat, 18 Nov 2017 09:36:46 GMT
I/Downloader( 1131): [10692][header_callback] Content-Length: 5209292
I/Downloader( 1131): [10692][header_callback] Get file size from 'Content-Length:' : 5209292, ptask->range 0
I/Downloader( 1131): [10692][header_callback] Content-Range: bytes 0-5209291/5209292
I/Downloader( 1131): [10692][header_callback] Get file size from 'Content-Range: bytes' : 5209292
I/Downloader( 1131): [10692][header_callback] nn_via: 110126
I/Downloader( 1131): [10692][header_callback] 
D/Downloader( 1131): [10692][receive_data][393] [downloader][dump_data] 47 42 81 1b 00 00 01 e0 00 00 81 c0 0a 31 00 37
D/Downloader( 1131): [10692][receive_data][393] [downloader][dump_data] e7 c1 11 00 37 af 81 00 00 00 01 09 f8 00 00 00
I/Downloader( 1131): [10692][prog_cb] Progress: 0% (2800/5209292)
I/Advanced( 5524): [QUEUE] share_queue_sendEx size:1 4097 36429 0xa00490b8,postLoopId:0,dstid:1.
D/NtpTrustedTime( 1579): currentTimeMillis() cache hit
D/NtpTrustedTime( 1579): currentTimeMillis() cache hit
V/broadcast( 1579): Start process parallel broadcast: com.android.server.action.NETWORK_STATS_UPDATED to com.android.server.net.NetworkPolicyManagerService$7@1b180ea7
D/NtpTrustedTime( 1579): currentTimeMillis() cache hit
D/NtpTrustedTime( 1579): currentTimeMillis() cache hit
V/broadcast( 1579): End process parallel broadcast: com.android.server.action.NETWORK_STATS_UPDATED to com.android.server.net.NetworkPolicyManagerService$7@1b180ea7
I/AdvancedPorting-PORT_MODULE_NET( 5524): network_task while... 
I/AdvancedPorting-PORT_MODULE_NET( 5524): 0 interface name: lo
I/AdvancedPorting-PORT_MODULE_NET( 5524): 1 interface name: wlan0
I/AdvancedPorting-PORT_MODULE_NET( 5524): First interface name: lo
I/AdvancedPorting-PORT_MODULE_NET( 5524): network_task while...  net_i:1
I/AdvancedPorting-PORT_MODULE_NET( 5524): network_task while---name_interface[0]=lo
I/AdvancedPorting-PORT_MODULE_NET( 5524): network_task while---name_interface[1]=wlan0
I/AdvancedPorting-PORT_MODULE_NET( 5524): network_task while---interface_name=wlan0
I/AdvancedPorting-PORT_MODULE_NET( 5524): network_get_netlink_status(in)--if_name=wlan0
I/AdvancedPorting-PORT_MODULE_NET( 5524): net.network.isconnected = no
I/AdvancedPorting-PORT_MODULE_NET( 5524): wlan0 --network_get_netlink_status return retval=1
I/AdvancedPorting-PORT_MODULE_NET( 5524): stat = 1 last_status = 1
I/Advanced( 5524): [QUEUE] share_queue_sendEx size:1 4097 36430 0xa00490b8,postLoopId:0,dstid:1.
I/com.chinanetcenter.iSpeed( 2176): IptablesWatchdogThread > checkThreads
V/[MMP]   ( 1131): [10691] [STM] MM: type:0, (q, o)=(0x1000, 0x2009)=>(0x2009, none)
V/[MMP]   ( 1131): [10691] [STM] MM: issue_q_msg:0x2009
V/[MMP]   ( 1131): [10691] [STM] stm_send_dm, msg:0x100d
V/[MMP]   ( 1131): [10691] [STM] update_dm, dm_status:0x0, wait_cmd:0x1000, msg:0x100d
V/[MMP]   ( 1131): [10689] [DM] dm_msg:0x100d
D/msavp_dw_module( 1131): [10689] [DM][m3u8] android_m3u8_get_info, Bandwidth:5563884, Bitrate:10480060
V/[MMP]   ( 1131): [10691] [STM] MM: res1, wait:0x100d, msg:0x400a, q_msg:0x1000, int_msg:0x1000
V/[MMP]   ( 1131): [10691] [STM] MM: res2, wait:0x100d, msg:0x400a, q_msg:0x1000, int_msg:0x1000
V/[MMP]   ( 1131): [10691] [STM] update_dm, dm_status:0x1, wait_cmd:0x100d, msg:0x400a
V/[MMP]   ( 1131): [10691] [STM] dm: wait_rsp->wait_com:0x100d
V/[MMP]   ( 1131): [10691] [STM] MM: res1, wait:0x100d, msg:0x5020, q_msg:0x1000, int_msg:0x1000
V/[MMP]   ( 1131): [10691] [STM] MM: res2, wait:0x100d, msg:0x5020, q_msg:0x1000, int_msg:0x1000
V/[MMP]   ( 1131): [10691] [STM] update bitrate: 10480060
D/mstplayer( 1131): [10691] [AVP] send to handle, streaming_msg = 501e
V/[MMP]   ( 1131): [10691] [STM] update_dm, dm_status:0x2, wait_cmd:0x100d, msg:0x5020
V/[MMP]   ( 1131): [10691] [STM] dm: wait_com->IDLE:0x0
D/mstplayer( 1131): [10686] [AVP] notify_msg_cb: 0x5008
D/mstplayer( 1131): [10686] [AVP] update network info, Bandwidth:5563884
D/mstplayer( 1131): [10686] [AVP] streaming event 0x5007, size 16, data 0x0xb0e54398
W/MediaPlayer( 1877): info/warning (703, 5563884)
I/Advanced( 5524): [QUEUE] share_queue_sendEx size:1 4097 36431 0xa00490b8,postLoopId:0,dstid:1.
I/Downloader( 1131): [10692][prog_cb] Progress: 20% (1043000/5209292)
D/WindowManager( 1579): interceptKeyTi keyCode=23 down=true repeatCount=0 keyguardOn=false mHomePressed=false canceled=false
W/ContextImpl( 1579): Calling a method in the system process without a qualified user: android.app.ContextImpl.sendBroadcast:1327 com.android.internal.policy.impl.PhoneWindowManager.interceptKeyBeforeDispatching:2462 com.android.server.wm.InputMonitor.interceptKeyBeforeDispatching:388 com.android.server.input.InputManagerService.interceptKeyBeforeDispatching:1470 <bottom of call stack> 
V/broadcast( 1579): Dispatching ordered broadcast: com.gzgd.KEYEVENT to ComponentInfo{com.gzgd.live/com.gzgd.live.globalkey.GlobalKeyReceiver}
D/SogouIME( 2000): [onKeyDown] keycode = 23 model = SE818 build_id:Build_129509_20170427 false
V/broadcast( 2555): Start process ordered broadcast: com.gzgd.KEYEVENT to {com.gzgd.live/com.gzgd.live.globalkey.GlobalKeyReceiver}
D/webapp  ( 1877): [MainActivity]keycode:23
D/webapp  ( 1877): [BaseActivity]keycode:23
W/ContextImpl( 2555): Calling a method in the system process without a qualified user: android.app.ContextImpl.startService:1692 android.content.ContextWrapper.startService:516 android.content.ContextWrapper.startService:516 com.gzgd.live.globalkey.GlobalKeyEventService.start:45 com.gzgd.live.globalkey.GlobalKeyReceiver.onReceive:21 
V/broadcast( 2555): End process ordered broadcast: com.gzgd.KEYEVENT to {com.gzgd.live/com.gzgd.live.globalkey.GlobalKeyReceiver}
D/live    ( 2555): [GlobalKeyEventService]event:KeyEvent { action=ACTION_DOWN, keyCode=KEYCODE_DPAD_CENTER, scanCode=28, metaState=0, flags=0x8, repeatCount=0, eventTime=7607419, downTime=7607419, deviceId=4, source=0x301 }
I/webapp  ( 1877): [JsLog]playVideo [sourceId:http://10.69.42.209/app/tv/qndj2/dyjy/bxkj/index.htm(355)]
D/LogWindowManageView( 1877): addLogText
D/LogWindowManageView( 1877): mLogList count:1244  111567
I/webapp  ( 1877): [WebAppInterface]js call pauseMiniPlayer playerId:10086
E/webapp  ( 1877): [WebVideoView]curstatue:3, can not pause
I/webapp  ( 1877): [JsLog]10086 [sourceId:http://10.69.42.209/app/tv/qndj2/dyjy/bxkj/index.htm(356)]
D/LogWindowManageView( 1877): addLogText
D/LogWindowManageView( 1877): mLogList count:1245  111652
E/webapp  ( 1877): [JsLog]Uncaught TypeError: Cannot read property 'pause' of undefined [sourceId:http://10.69.42.209/app/tv/qndj2/dyjy/bxkj/index.htm(359)]
D/LogWindowManageView( 1877): addLogText
D/LogWindowManageView( 1877): mLogList count:1246  111733
I/Advanced( 5524): [QUEUE] share_queue_sendEx size:1 4097 36432 0xa00490b8,postLoopId:0,dstid:1.
D/WindowManager( 1579): interceptKeyTi keyCode=23 down=false repeatCount=0 keyguardOn=false mHomePressed=false canceled=false
D/SogouIME( 2000): [onKeyUp] keycode = 23 model = SE818 build_id:Build_129509_20170427
I/Advanced( 5524): [QUEUE] share_queue_sendEx size:1 4097 36433 0xa00490b8,postLoopId:0,dstid:1.
I/Advanced( 5524): [QUEUE] share_queue_sendEx size:1 4097 36434 0xa00490b8,postLoopId:0,dstid:1.
E/OMXCodec( 1131): [OMX.MS.AVC.Decoder] Timed out waiting for output buffers: 0/4
I/AdvancedPorting-PORT_MODULE_NET( 5524): network_task while... 
I/AdvancedPorting-PORT_MODULE_NET( 5524): 0 interface name: lo
I/AdvancedPorting-PORT_MODULE_NET( 5524): 1 interface name: wlan0
I/AdvancedPorting-PORT_MODULE_NET( 5524): First interface name: lo
I/AdvancedPorting-PORT_MODULE_NET( 5524): network_task while...  net_i:1
I/AdvancedPorting-PORT_MODULE_NET( 5524): network_task while---name_interface[0]=lo
I/AdvancedPorting-PORT_MODULE_NET( 5524): network_task while---name_interface[1]=wlan0
I/AdvancedPorting-PORT_MODULE_NET( 5524): network_task while---interface_name=wlan0
I/AdvancedPorting-PORT_MODULE_NET( 5524): network_get_netlink_status(in)--if_name=wlan0
I/AdvancedPorting-PORT_MODULE_NET( 5524): net.network.isconnected = no
I/AdvancedPorting-PORT_MODULE_NET( 5524): wlan0 --network_get_netlink_status return retval=1
I/AdvancedPorting-PORT_MODULE_NET( 5524): stat = 1 last_status = 1
I/Advanced( 5524): [QUEUE] share_queue_sendEx size:1 4097 36435 0xa00490b8,postLoopId:0,dstid:1.
I/Downloader( 1131): [10692][prog_cb] Progress: 40% (2087400/5209292)
I/com.chinanetcenter.iSpeed( 2176): IptablesWatchdogThread > checkThreads
V/[MMP]   ( 1131): [10691] [STM] MM: type:0, (q, o)=(0x1000, 0x2009)=>(0x2009, none)
V/[MMP]   ( 1131): [10691] [STM] MM: issue_q_msg:0x2009
V/[MMP]   ( 1131): [10691] [STM] stm_send_dm, msg:0x100d
V/[MMP]   ( 1131): [10691] [STM] update_dm, dm_status:0x0, wait_cmd:0x1000, msg:0x100d
V/[MMP]   ( 1131): [10689] [DM] dm_msg:0x100d
D/msavp_dw_module( 1131): [10689] [DM][m3u8] android_m3u8_get_info, Bandwidth:8711370, Bitrate:10480060
V/[MMP]   ( 1131): [10691] [STM] MM: res1, wait:0x100d, msg:0x400a, q_msg:0x1000, int_msg:0x1000
V/[MMP]   ( 1131): [10691] [STM] MM: res2, wait:0x100d, msg:0x400a, q_msg:0x1000, int_msg:0x1000
V/[MMP]   ( 1131): [10691] [STM] update_dm, dm_status:0x1, wait_cmd:0x100d, msg:0x400a
V/[MMP]   ( 1131): [10691] [STM] dm: wait_rsp->wait_com:0x100d
V/[MMP]   ( 1131): [10691] [STM] MM: res1, wait:0x100d, msg:0x5020, q_msg:0x1000, int_msg:0x1000
V/[MMP]   ( 1131): [10691] [STM] MM: res2, wait:0x100d, msg:0x5020, q_msg:0x1000, int_msg:0x1000
V/[MMP]   ( 1131): [10691] [STM] update bitrate: 10480060
D/mstplayer( 1131): [10691] [AVP] send to handle, streaming_msg = 501e
V/[MMP]   ( 1131): [10691] [STM] update_dm, dm_status:0x2, wait_cmd:0x100d, msg:0x5020
V/[MMP]   ( 1131): [10691] [STM] dm: wait_com->IDLE:0x0
D/mstplayer( 1131): [10686] [AVP] notify_msg_cb: 0x5008
D/mstplayer( 1131): [10686] [AVP] update network info, Bandwidth:8711370
D/mstplayer( 1131): [10686] [AVP] streaming event 0x5007, size 16, data 0x0xb0e54398
W/MediaPlayer( 1877): info/warning (703, 8711370)
D/NtpTrustedTime( 1579): currentTimeMillis() cache hit
D/NtpTrustedTime( 1579): currentTimeMillis() cache hit
V/broadcast( 1579): Start process parallel broadcast: com.android.server.action.NETWORK_STATS_UPDATED to com.android.server.net.NetworkPolicyManagerService$7@1b180ea7
D/NtpTrustedTime( 1579): currentTimeMillis() cache hit
D/NtpTrustedTime( 1579): currentTimeMillis() cache hit
V/broadcast( 1579): End process parallel broadcast: com.android.server.action.NETWORK_STATS_UPDATED to com.android.server.net.NetworkPolicyManagerService$7@1b180ea7
I/Advanced( 5524): [QUEUE] share_queue_sendEx size:1 4097 36436 0xa00490b8,postLoopId:0,dstid:1.
I/Advanced( 5524): [QUEUE] share_queue_sendEx size:1 4097 36437 0xa00490b8,postLoopId:0,dstid:1.
V/netx    ( 2150): gointo 4  out true
V/StatusBarService( 2150): true up0 true
I/Advanced( 5524): [QUEUE] share_queue_sendEx size:1 4097 36438 0xa00490b8,postLoopId:0,dstid:1.
I/Advanced( 5524): [QUEUE] share_queue_sendEx size:1 4097 36439 0xa00490b8,postLoopId:0,dstid:1.
I/AdvancedPorting-PORT_MODULE_NET( 5524): network_task while... 
I/AdvancedPorting-PORT_MODULE_NET( 5524): 0 interface name: lo
I/AdvancedPorting-PORT_MODULE_NET( 5524): 1 interface name: wlan0
I/AdvancedPorting-PORT_MODULE_NET( 5524): First interface name: lo
I/AdvancedPorting-PORT_MODULE_NET( 5524): network_task while...  net_i:1
I/AdvancedPorting-PORT_MODULE_NET( 5524): network_task while---name_interface[0]=lo
I/AdvancedPorting-PORT_MODULE_NET( 5524): network_task while---name_interface[1]=wlan0
I/AdvancedPorting-PORT_MODULE_NET( 5524): network_task while---interface_name=wlan0
I/AdvancedPorting-PORT_MODULE_NET( 5524): network_get_netlink_status(in)--if_name=wlan0
I/AdvancedPorting-PORT_MODULE_NET( 5524): net.network.isconnected = no
I/AdvancedPorting-PORT_MODULE_NET( 5524): wlan0 --network_get_netlink_status return retval=1
I/AdvancedPorting-PORT_MODULE_NET( 5524): stat = 1 last_status = 1
V/[MMP]   ( 1131): [10701] evan add for debug rebuffer_size 2 1472, 1880
V/[MMP]   ( 1131): [10701] [STM] handle_read_rebuffer ins_z:408, data_z:0
V/[MMP]   ( 1131): [10701] [STM] need_rebuffer mode:1, data_z: 0 < in_size: 408, r_idx:1, offsest:3521000, r1(0, 56568) r2(56568, 3521000), w1(0, 56568), w2(56568, 3521000)
V/[MMP]   ( 1131): [10701] [STM] judge_need_enter_rebuffer, ret:1, stop_lock:0, w_full:0, net_err:0, mem_full:0, w_pos:3521000, f_size:-1
V/[MMP]   ( 1131): [10701] [STM] min_rebuffering_mode, in_size:408, rebuffer_size:408, r_idx:1
V/[MMP]   ( 1131): [10701] [STM] cb_rb_read_enter, offset:3521000, in_size:408, req_size:408
V/[MMP]   ( 1131): [10701] [STM] cb_read, target_read_offset:3521000, r_idx:1, (56568, 3521000) w_idx:1, [0, 56568] [56568, 3521000]
V/[MMP]   ( 1131): [10701] [STM] send rebuffer msg
V/[MMP]   ( 1131): [10701] [STM] stm_rebuffer_callback
D/mstplayer( 1131): [10701] [AVP] ap_rebuffer_callback, min rebuffer mode:1
V/[MMP]   ( 1131): [10691] [STM] write_data buffering... z:0 < 408, pos: 3521000 < 3521408, f_z:-1, is_data_enough:0
V/[MMP]   ( 1131): [10691] [STM] rebuffer percent: [-1->0], cur:0, total:408
V/[MMP]   ( 1131): [10691] [STM] MM: type:0, (q, o)=(0x1000, 0x2008)=>(0x2008, none)
V/[MMP]   ( 1131): [10691] [STM] write_data buffering... z:0 < 408, pos: 3521000 < 3521408, f_z:-1, is_data_enough:0
V/[MMP]   ( 1131): [10691] [STM] MM: issue_q_msg:0x2008
D/mstplayer( 1131): [10691] [AVP] send to handle, streaming_msg = 501b
D/mstplayer( 1131): [10686] [AVP] streaming event 0x5005, size 4, data 0x0xb0e51a80
V/[MMP]   ( 1131): [10691] [STM] write_data buffering... z:0 < 408, pos: 3521000 < 3521408, f_z:-1, is_data_enough:0
V/[MMP]   ( 1131): [10691] [STM] write_data buffering... z:0 < 408, pos: 3521000 < 3521408, f_z:-1, is_data_enough:0
V/[MMP]   ( 1131): [10691] [STM] write_data buffering... z:0 < 408, pos: 3521000 < 3521408, f_z:-1, is_data_enough:0
V/[MMP]   ( 1131): [10691] [STM] write_data buffering... z:0 < 408, pos: 3521000 < 3521408, f_z:-1, is_data_enough:0
V/[MMP]   ( 1131): [10691] [STM] write_data buffering... z:0 < 408, pos: 3521000 < 3521408, f_z:-1, is_data_enough:0
V/[MMP]   ( 1131): [10691] [STM] write_data buffering... z:0 < 408, pos: 3521000 < 3521408, f_z:-1, is_data_enough:0
V/[MMP]   ( 1131): [10691] [STM] write_data buffering... z:0 < 408, pos: 3521000 < 3521408, f_z:-1, is_data_enough:0
V/[MMP]   ( 1131): [10691] [STM] write_data buffering... z:0 < 408, pos: 3521000 < 3521408, f_z:-1, is_data_enough:0
V/[MMP]   ( 1131): [10691] [STM] write_data buffering... z:0 < 408, pos: 3521000 < 3521408, f_z:-1, is_data_enough:0
V/[MMP]   ( 1131): [10691] [STM] write_data buffering... z:0 < 408, pos: 3521000 < 3521408, f_z:-1, is_data_enough:0
V/[MMP]   ( 1131): [10691] [STM] write_data buffering... z:0 < 408, pos: 3521000 < 3521408, f_z:-1, is_data_enough:0
V/[MMP]   ( 1131): [10691] [STM] write_data buffering... z:0 < 408, pos: 3521000 < 3521408, f_z:-1, is_data_enough:0
V/[MMP]   ( 1131): [10691] [STM] write_data buffering... z:0 < 408, pos: 3521000 < 3521408, f_z:-1, is_data_enough:0
V/[MMP]   ( 1131): [10691] [STM] write_data buffering... z:0 < 408, pos: 3521000 < 3521408, f_z:-1, is_data_enough:0
V/[MMP]   ( 1131): [10691] [STM] write_data buffering... z:0 < 408, pos: 3521000 < 3521408, f_z:-1, is_data_enough:0
V/[MMP]   ( 1131): [10691] [STM] write_data buffering... z:0 < 408, pos: 3521000 < 3521408, f_z:-1, is_data_enough:0
V/[MMP]   ( 1131): [10691] [STM] write_data buffering... z:0 < 408, pos: 3521000 < 3521408, f_z:-1, is_data_enough:0
V/[MMP]   ( 1131): [10691] [STM] write_data buffering... z:0 < 408, pos: 3521000 < 3521408, f_z:-1, is_data_enough:0
V/[MMP]   ( 1131): [10691] [STM] write_data buffering... z:0 < 408, pos: 3521000 < 3521408, f_z:-1, is_data_enough:0
V/[MMP]   ( 1131): [10691] [STM] write_data buffering... z:0 < 408, pos: 3521000 < 3521408, f_z:-1, is_data_enough:0
V/[MMP]   ( 1131): [10691] [STM] write_data buffering... z:0 < 408, pos: 3521000 < 3521408, f_z:-1, is_data_enough:0
V/[MMP]   ( 1131): [10691] [STM] write_data buffering... z:0 < 408, pos: 3521000 < 3521408, f_z:-1, is_data_enough:0
I/wpa_supplicant( 2554): [CTRL_IFACE] wlan0: 'SIGNAL_POLL'
D/WifiStateMachine( 1579): for gzgd,change score (60)-->(56)
V/[MMP]   ( 1131): [10691] [STM] write_data buffering... z:0 < 408, pos: 3521000 < 3521408, f_z:-1, is_data_enough:0
V/[MMP]   ( 1131): [10691] [STM] write_data buffering... z:0 < 408, pos: 3521000 < 3521408, f_z:-1, is_data_enough:0
V/[MMP]   ( 1131): [10691] [STM] write_data buffering... z:0 < 408, pos: 3521000 < 3521408, f_z:-1, is_data_enough:0
V/[MMP]   ( 1131): [10691] [STM] write_data buffering... z:0 < 408, pos: 3521000 < 3521408, f_z:-1, is_data_enough:0
V/[MMP]   ( 1131): [10691] [STM] write_data buffering... z:0 < 408, pos: 3521000 < 3521408, f_z:-1, is_data_enough:0
V/[MMP]   ( 1131): [10691] [STM] write_data buffering... z:0 < 408, pos: 3521000 < 3521408, f_z:-1, is_data_enough:0
V/[MMP]   ( 1131): [10691] [STM] write_data buffering... z:0 < 408, pos: 3521000 < 3521408, f_z:-1, is_data_enough:0
V/[MMP]   ( 1131): [10691] [STM] write_data buffering... z:0 < 408, pos: 3521000 < 3521408, f_z:-1, is_data_enough:0
V/[MMP]   ( 1131): [10691] [STM] write_data buffering... z:0 < 408, pos: 3521000 < 3521408, f_z:-1, is_data_enough:0
V/[MMP]   ( 1131): [10691] [STM] write_data buffering... z:0 < 408, pos: 3521000 < 3521408, f_z:-1, is_data_enough:0
V/[MMP]   ( 1131): [10691] [STM] write_data buffering... z:0 < 408, pos: 3521000 < 3521408, f_z:-1, is_data_enough:0
V/[MMP]   ( 1131): [10691] [STM] write_data buffering... z:0 < 408, pos: 3521000 < 3521408, f_z:-1, is_data_enough:0
V/[MMP]   ( 1131): [10691] [STM] write_data buffering... z:0 < 408, pos: 3521000 < 3521408, f_z:-1, is_data_enough:0
V/[MMP]   ( 1131): [10691] [STM] write_data buffering... z:0 < 408, pos: 3521000 < 3521408, f_z:-1, is_data_enough:0
V/[MMP]   ( 1131): [10691] [STM] write_data buffering... z:0 < 408, pos: 3521000 < 3521408, f_z:-1, is_data_enough:0
V/[MMP]   ( 1131): [10691] [STM] write_data buffering... z:0 < 408, pos: 3521000 < 3521408, f_z:-1, is_data_enough:0
V/[MMP]   ( 1131): [10691] [STM] write_data buffering... z:0 < 408, pos: 3521000 < 3521408, f_z:-1, is_data_enough:0
V/[MMP]   ( 1131): [10691] [STM] write_data buffering... z:0 < 408, pos: 3521000 < 3521408, f_z:-1, is_data_enough:0
V/[MMP]   ( 1131): [10691] [STM] write_data buffering... z:0 < 408, pos: 3521000 < 3521408, f_z:-1, is_data_enough:0
V/[MMP]   ( 1131): [10691] [STM] write_data buffering... z:0 < 408, pos: 3521000 < 3521408, f_z:-1, is_data_enough:0
V/[MMP]   ( 1131): [10691] [STM] write_data buffering... z:0 < 408, pos: 3521000 < 3521408, f_z:-1, is_data_enough:0
V/[MMP]   ( 1131): [10691] [STM] write_data buffering... z:0 < 408, pos: 3521000 < 3521408, f_z:-1, is_data_enough:0
V/[MMP]   ( 1131): [10691] [STM] write_data buffering... z:0 < 408, pos: 3521000 < 3521408, f_z:-1, is_data_enough:0
V/[MMP]   ( 1131): [10691] [STM] write_data buffering... z:0 < 408, pos: 3521000 < 3521408, f_z:-1, is_data_enough:0
V/[MMP]   ( 1131): [10691] [STM] write_data buffering... z:0 < 408, pos: 3521000 < 3521408, f_z:-1, is_data_enough:0
V/[MMP]   ( 1131): [10691] [STM] write_data buffering... z:0 < 408, pos: 3521000 < 3521408, f_z:-1, is_data_enough:0
V/[MMP]   ( 1131): [10691] [STM] write_data buffering... z:0 < 408, pos: 3521000 < 3521408, f_z:-1, is_data_enough:0
V/[MMP]   ( 1131): [10691] [STM] write_data buffering... z:0 < 408, pos: 3521000 < 3521408, f_z:-1, is_data_enough:0
V/[MMP]   ( 1131): [10691] [STM] write_data buffering... z:0 < 408, pos: 3521000 < 3521408, f_z:-1, is_data_enough:0
V/[MMP]   ( 1131): [10691] [STM] write_data buffering... z:0 < 408, pos: 3521000 < 3521408, f_z:-1, is_data_enough:0
V/[MMP]   ( 1131): [10691] [STM] write_data buffering... z:0 < 408, pos: 3521000 < 3521408, f_z:-1, is_data_enough:0
V/[MMP]   ( 1131): [10691] [STM] write_data buffering... z:0 < 408, pos: 3521000 < 3521408, f_z:-1, is_data_enough:0
V/[MMP]   ( 1131): [10691] [STM] write_data buffering... z:0 < 408, pos: 3521000 < 3521408, f_z:-1, is_data_enough:0
V/[MMP]   ( 1131): [10691] [STM] write_data buffering... z:0 < 408, pos: 3521000 < 3521408, f_z:-1, is_data_enough:0
V/[MMP]   ( 1131): [10691] [STM] write_data buffering... z:0 < 408, pos: 3521000 < 3521408, f_z:-1, is_data_enough:0
V/[MMP]   ( 1131): [10691] [STM] write_data buffering... z:0 < 408, pos: 3521000 < 3521408, f_z:-1, is_data_enough:0
V/[MMP]   ( 1131): [10691] [STM] write_data buffering... z:0 < 408, pos: 3521000 < 3521408, f_z:-1, is_data_enough:0
V/[MMP]   ( 1131): [10691] [STM] write_data buffering... z:0 < 408, pos: 3521000 < 3521408, f_z:-1, is_data_enough:0
V/[MMP]   ( 1131): [10691] [STM] write_data buffering... z:0 < 408, pos: 3521000 < 3521408, f_z:-1, is_data_enough:0
I/Advanced( 5524): [QUEUE] share_queue_sendEx size:1 4097 36440 0xa00490b8,postLoopId:0,dstid:1.
V/[MMP]   ( 1131): [10691] [STM] write_data buffering... z:0 < 408, pos: 3521000 < 3521408, f_z:-1, is_data_enough:0
V/[MMP]   ( 1131): [10691] [STM] write_data buffering... z:0 < 408, pos: 3521000 < 3521408, f_z:-1, is_data_enough:0
V/[MMP]   ( 1131): [10691] [STM] write_data buffering... z:0 < 408, pos: 3521000 < 3521408, f_z:-1, is_data_enough:0
V/[MMP]   ( 1131): [10691] [STM] write_data buffering... z:0 < 408, pos: 3521000 < 3521408, f_z:-1, is_data_enough:0
V/[MMP]   ( 1131): [10691] [STM] write_data buffering... z:0 < 408, pos: 3521000 < 3521408, f_z:-1, is_data_enough:0
V/[MMP]   ( 1131): [10691] [STM] write_data buffering... z:0 < 408, pos: 3521000 < 3521408, f_z:-1, is_data_enough:0
V/[MMP]   ( 1131): [10691] [STM] write_data buffering... z:0 < 408, pos: 3521000 < 3521408, f_z:-1, is_data_enough:0
V/[MMP]   ( 1131): [10691] [STM] write_data buffering... z:0 < 408, pos: 3521000 < 3521408, f_z:-1, is_data_enough:0
V/[MMP]   ( 1131): [10691] [STM] write_data buffering... z:0 < 408, pos: 3521000 < 3521408, f_z:-1, is_data_enough:0
V/[MMP]   ( 1131): [10691] [STM] write_data buffering... z:0 < 408, pos: 3521000 < 3521408, f_z:-1, is_data_enough:0
V/[MMP]   ( 1131): [10691] [STM] write_data buffering... z:0 < 408, pos: 3521000 < 3521408, f_z:-1, is_data_enough:0
V/[MMP]   ( 1131): [10691] [STM] write_data buffering... z:0 < 408, pos: 3521000 < 3521408, f_z:-1, is_data_enough:0
V/[MMP]   ( 1131): [10691] [STM] write_data buffering... z:0 < 408, pos: 3521000 < 3521408, f_z:-1, is_data_enough:0
V/[MMP]   ( 1131): [10691] [STM] write_data buffering... z:0 < 408, pos: 3521000 < 3521408, f_z:-1, is_data_enough:0
V/[MMP]   ( 1131): [10691] [STM] write_data buffering... z:0 < 408, pos: 3521000 < 3521408, f_z:-1, is_data_enough:0
V/[MMP]   ( 1131): [10691] [STM] write_data buffering... z:0 < 408, pos: 3521000 < 3521408, f_z:-1, is_data_enough:0
V/[MMP]   ( 1131): [10691] [STM] write_data buffering... z:0 < 408, pos: 3521000 < 3521408, f_z:-1, is_data_enough:0
V/[MMP]   ( 1131): [10691] [STM] write_data buffering... z:0 < 408, pos: 3521000 < 3521408, f_z:-1, is_data_enough:0
V/[MMP]   ( 1131): [10691] [STM] write_data buffering... z:0 < 408, pos: 3521000 < 3521408, f_z:-1, is_data_enough:0
V/[MMP]   ( 1131): [10691] [STM] write_data buffering... z:0 < 408, pos: 3521000 < 3521408, f_z:-1, is_data_enough:0
V/[MMP]   ( 1131): [10691] [STM] write_data buffering... z:0 < 408, pos: 3521000 < 3521408, f_z:-1, is_data_enough:0
V/[MMP]   ( 1131): [10691] [STM] write_data buffering... z:0 < 408, pos: 3521000 < 3521408, f_z:-1, is_data_enough:0
V/[MMP]   ( 1131): [10691] [STM] write_data buffering... z:0 < 408, pos: 3521000 < 3521408, f_z:-1, is_data_enough:0
V/[MMP]   ( 1131): [10691] [STM] write_data buffering... z:0 < 408, pos: 3521000 < 3521408, f_z:-1, is_data_enough:0
V/[MMP]   ( 1131): [10691] [STM] write_data buffering... z:0 < 408, pos: 3521000 < 3521408, f_z:-1, is_data_enough:0
V/[MMP]   ( 1131): [10691] [STM] write_data buffering... z:0 < 408, pos: 3521000 < 3521408, f_z:-1, is_data_enough:0
V/[MMP]   ( 1131): [10691] [STM] write_data buffering... z:0 < 408, pos: 3521000 < 3521408, f_z:-1, is_data_enough:0
V/[MMP]   ( 1131): [10691] [STM] write_data buffering... z:0 < 408, pos: 3521000 < 3521408, f_z:-1, is_data_enough:0
V/[MMP]   ( 1131): [10691] [STM] write_data buffering... z:0 < 408, pos: 3521000 < 3521408, f_z:-1, is_data_enough:0
V/[MMP]   ( 1131): [10691] [STM] write_data buffering... z:0 < 408, pos: 3521000 < 3521408, f_z:-1, is_data_enough:0
V/[MMP]   ( 1131): [10691] [STM] write_data buffering... z:0 < 408, pos: 3521000 < 3521408, f_z:-1, is_data_enough:0
V/[MMP]   ( 1131): [10691] [STM] write_data buffering... z:0 < 408, pos: 3521000 < 3521408, f_z:-1, is_data_enough:0
V/[MMP]   ( 1131): [10691] [STM] write_data buffering... z:0 < 408, pos: 3521000 < 3521408, f_z:-1, is_data_enough:0
V/[MMP]   ( 1131): [10691] [STM] write_data buffering... z:0 < 408, pos: 3521000 < 3521408, f_z:-1, is_data_enough:0
V/[MMP]   ( 1131): [10691] [STM] write_data buffering... z:0 < 408, pos: 3521000 < 3521408, f_z:-1, is_data_enough:0
V/[MMP]   ( 1131): [10691] [STM] write_data buffering... z:0 < 408, pos: 3521000 < 3521408, f_z:-1, is_data_enough:0
V/[MMP]   ( 1131): [10691] [STM] write_data buffering... z:0 < 408, pos: 3521000 < 3521408, f_z:-1, is_data_enough:0
V/[MMP]   ( 1131): [10691] [STM] write_data buffering... z:0 < 408, pos: 3521000 < 3521408, f_z:-1, is_data_enough:0
V/[MMP]   ( 1131): [10691] [STM] write_data buffering... z:0 < 408, pos: 3521000 < 3521408, f_z:-1, is_data_enough:0
V/[MMP]   ( 1131): [10691] [STM] write_data buffering... z:0 < 408, pos: 3521000 < 3521408, f_z:-1, is_data_enough:0
V/[MMP]   ( 1131): [10691] [STM] write_data buffering... z:0 < 408, pos: 3521000 < 3521408, f_z:-1, is_data_enough:0
V/[MMP]   ( 1131): [10691] [STM] write_data buffering... z:0 < 408, pos: 3521000 < 3521408, f_z:-1, is_data_enough:0
V/[MMP]   ( 1131): [10691] [STM] write_data buffering... z:0 < 408, pos: 3521000 < 3521408, f_z:-1, is_data_enough:0
I/com.chinanetcenter.iSpeed( 2176): IptablesWatchdogThread > checkThreads
V/[MMP]   ( 1131): [10691] [STM] write_data buffering... z:0 < 408, pos: 3521000 < 3521408, f_z:-1, is_data_enough:0
V/[MMP]   ( 1131): [10691] [STM] write_data buffering... z:0 < 408, pos: 3521000 < 3521408, f_z:-1, is_data_enough:0
V/[MMP]   ( 1131): [10691] [STM] write_data buffering... z:0 < 408, pos: 3521000 < 3521408, f_z:-1, is_data_enough:0
V/[MMP]   ( 1131): [10691] [STM] write_data buffering... z:0 < 408, pos: 3521000 < 3521408, f_z:-1, is_data_enough:0
V/[MMP]   ( 1131): [10691] [STM] write_data buffering... z:0 < 408, pos: 3521000 < 3521408, f_z:-1, is_data_enough:0
V/[MMP]   ( 1131): [10691] [STM] write_data buffering... z:0 < 408, pos: 3521000 < 3521408, f_z:-1, is_data_enough:0
V/[MMP]   ( 1131): [10691] [STM] write_data buffering... z:0 < 408, pos: 3521000 < 3521408, f_z:-1, is_data_enough:0
V/[MMP]   ( 1131): [10691] [STM] write_data buffering... z:0 < 408, pos: 3521000 < 3521408, f_z:-1, is_data_enough:0
V/[MMP]   ( 1131): [10691] [STM] write_data buffering... z:0 < 408, pos: 3521000 < 3521408, f_z:-1, is_data_enough:0
V/[MMP]   ( 1131): [10691] [STM] write_data buffering... z:0 < 408, pos: 3521000 < 3521408, f_z:-1, is_data_enough:0
V/[MMP]   ( 1131): [10691] [STM] write_data buffering... z:0 < 408, pos: 3521000 < 3521408, f_z:-1, is_data_enough:0
V/[MMP]   ( 1131): [10691] [STM] write_data buffering... z:0 < 408, pos: 3521000 < 3521408, f_z:-1, is_data_enough:0
V/[MMP]   ( 1131): [10691] [STM] write_data buffering... z:0 < 408, pos: 3521000 < 3521408, f_z:-1, is_data_enough:0
V/[MMP]   ( 1131): [10691] [STM] MM: type:0, (q, o)=(0x1000, 0x2009)=>(0x2009, none)
V/[MMP]   ( 1131): [10691] [STM] write_data buffering... z:0 < 408, pos: 3521000 < 3521408, f_z:-1, is_data_enough:0
V/[MMP]   ( 1131): [10691] [STM] MM: issue_q_msg:0x2009
V/[MMP]   ( 1131): [10691] [STM] stm_send_dm, msg:0x100d
V/[MMP]   ( 1131): [10691] [STM] update_dm, dm_status:0x0, wait_cmd:0x1000, msg:0x100d
V/[MMP]   ( 1131): [10689] [DM] dm_msg:0x100d
D/msavp_dw_module( 1131): [10689] [DM][m3u8] android_m3u8_get_info, Bandwidth:7609176, Bitrate:10480060
V/[MMP]   ( 1131): [10691] [STM] MM: res1, wait:0x100d, msg:0x400a, q_msg:0x1000, int_msg:0x1000
V/[MMP]   ( 1131): [10691] [STM] MM: res2, wait:0x100d, msg:0x400a, q_msg:0x1000, int_msg:0x1000
V/[MMP]   ( 1131): [10691] [STM] update_dm, dm_status:0x1, wait_cmd:0x100d, msg:0x400a
V/[MMP]   ( 1131): [10691] [STM] dm: wait_rsp->wait_com:0x100d
V/[MMP]   ( 1131): [10691] [STM] MM: res1, wait:0x100d, msg:0x5020, q_msg:0x1000, int_msg:0x1000
V/[MMP]   ( 1131): [10691] [STM] MM: res2, wait:0x100d, msg:0x5020, q_msg:0x1000, int_msg:0x1000
V/[MMP]   ( 1131): [10691] [STM] update bitrate: 10480060
D/mstplayer( 1131): [10691] [AVP] send to handle, streaming_msg = 501e
V/[MMP]   ( 1131): [10691] [STM] update_dm, dm_status:0x2, wait_cmd:0x100d, msg:0x5020
V/[MMP]   ( 1131): [10691] [STM] dm: wait_com->IDLE:0x0
V/[MMP]   ( 1131): [10691] [STM] write_data buffering... z:0 < 408, pos: 3521000 < 3521408, f_z:-1, is_data_enough:0
V/[MMP]   ( 1131): [10691] [STM] write_data buffering... z:0 < 408, pos: 3521000 < 3521408, f_z:-1, is_data_enough:0
V/[MMP]   ( 1131): [10691] [STM] write_data buffering... z:0 < 408, pos: 3521000 < 3521408, f_z:-1, is_data_enough:0
V/[MMP]   ( 1131): [10691] [STM] write_data buffering... z:0 < 408, pos: 3521000 < 3521408, f_z:-1, is_data_enough:0
D/mstplayer( 1131): [10686] [AVP] notify_msg_cb: 0x5008
D/mstplayer( 1131): [10686] [AVP] update network info, Bandwidth:7609176
D/mstplayer( 1131): [10686] [AVP] streaming event 0x5007, size 16, data 0x0xb0e54398
W/MediaPlayer( 1877): info/warning (703, 7609176)
V/[MMP]   ( 1131): [10691] [STM] write_data buffering... z:0 < 408, pos: 3521000 < 3521408, f_z:-1, is_data_enough:0
V/[MMP]   ( 1131): [10691] [STM] write_data buffering... z:0 < 408, pos: 3521000 < 3521408, f_z:-1, is_data_enough:0
V/[MMP]   ( 1131): [10691] [STM] write_data buffering... z:0 < 408, pos: 3521000 < 3521408, f_z:-1, is_data_enough:0
V/[MMP]   ( 1131): [10691] [STM] write_data buffering... z:0 < 408, pos: 3521000 < 3521408, f_z:-1, is_data_enough:0
V/[MMP]   ( 1131): [10691] [STM] write_data buffering... z:0 < 408, pos: 3521000 < 3521408, f_z:-1, is_data_enough:0
V/[MMP]   ( 1131): [10691] [STM] write_data buffering... z:0 < 408, pos: 3521000 < 3521408, f_z:-1, is_data_enough:0
V/[MMP]   ( 1131): [10691] [STM] write_data buffering... z:0 < 408, pos: 3521000 < 3521408, f_z:-1, is_data_enough:0
V/[MMP]   ( 1131): [10691] [STM] write_data buffering... z:0 < 408, pos: 3521000 < 3521408, f_z:-1, is_data_enough:0
V/[MMP]   ( 1131): [10691] [STM] write_data buffering... z:0 < 408, pos: 3521000 < 3521408, f_z:-1, is_data_enough:0
V/[MMP]   ( 1131): [10691] [STM] write_data buffering... z:0 < 408, pos: 3521000 < 3521408, f_z:-1, is_data_enough:0
V/[MMP]   ( 1131): [10691] [STM] write_data buffering... z:0 < 408, pos: 3521000 < 3521408, f_z:-1, is_data_enough:0
V/[MMP]   ( 1131): [10691] [STM] write_data buffering... z:0 < 408, pos: 3521000 < 3521408, f_z:-1, is_data_enough:0
V/[MMP]   ( 1131): [10691] [STM] write_data buf