V/[MMP]   ( 1131): [10701] [STM] need_rebuffer mode:1, data_z: 0 < in_size: 8, r_idx:1, offsest:1359400, r1(0, 56568) r2(56568, 1359400), w1(0, 56568), w2(56568, 1359400)
V/[MMP]   ( 1131): [10701] [STM] judge_need_enter_rebuffer, ret:1, stop_lock:0, w_full:0, net_err:0, mem_full:0, w_pos:1359400, f_size:-1
V/[MMP]   ( 1131): [10701] [STM] min_rebuffering_mode, in_size:8, rebuffer_size:8, r_idx:1
V/[MMP]   ( 1131): [10701] [STM] cb_rb_read_enter, offset:1359400, in_size:8, req_size:8
V/[MMP]   ( 1131): [10701] [STM] cb_read, target_read_offset:1359400, r_idx:1, (56568, 1359400) w_idx:1, [0, 56568] [56568, 1359400]
V/[MMP]   ( 1131): [10701] [STM] send rebuffer msg
V/[MMP]   ( 1131): [10701] [STM] stm_rebuffer_callback
D/mstplayer( 1131): [10701] [AVP] ap_rebuffer_callback, min rebuffer mode:1
V/[MMP]   ( 1131): [10691] [STM] write_data buffering... z:4200 < 8, pos: 1363600 < 1359408, f_z:-1, is_data_enough:0
V/[MMP]   ( 1131): [10691] [STM] cb_write_rb_done_post! mem_full:0, w_full:0, net_err:0, w_pos:1363600, f_size:-1
V/[MMP]   ( 1131): [10691] [STM] cb_write, target_write_offset:1363600, r_idx:1, (56568, 1359400) w_idx:1, [0, 56568] [56568, 1363600]
V/[MMP]   ( 1131): [10691] [STM] send rebuffer_done msg, cb_status:0
V/[MMP]   ( 1131): [10691] [STM] stm_rebuffer_done_callback
D/mstplayer( 1131): [10691] [AVP] ap_rebuffer_done_callback, need_skip_next_rb_done:1
V/[MMP]   ( 1131): [10701] [STM] cb_rb_read_leave, cb_status:0, stop_lock:0, f_z:-1, w_pos:1363600, mem_full:0
V/[MMP]   ( 1131): [10701] evan add for debug rebuffer_size 2 432, 1880
V/[MMP]   ( 1131): [10701] [STM] handle_read_rebuffer ins_z:1448, data_z:0
V/[MMP]   ( 1131): [10701] [STM] need_rebuffer mode:1, data_z: 0 < in_size: 1448, r_idx:1, offsest:1363600, r1(0, 56568) r2(56568, 1363600), w1(0, 56568), w2(56568, 1363600)
V/[MMP]   ( 1131): [10701] [STM] judge_need_enter_rebuffer, ret:1, stop_lock:0, w_full:0, net_err:0, mem_full:0, w_pos:1363600, f_size:-1
V/[MMP]   ( 1131): [10701] [STM] min_rebuffering_mode, in_size:1448, rebuffer_size:1448, r_idx:1
V/[MMP]   ( 1131): [10701] [STM] cb_rb_read_enter, offset:1363600, in_size:1448, req_size:1448
V/[MMP]   ( 1131): [10701] [STM] cb_read, target_read_offset:1363600, r_idx:1, (56568, 1363600) w_idx:1, [0, 56568] [56568, 1363600]
V/[MMP]   ( 1131): [10701] [STM] send rebuffer msg
V/[MMP]   ( 1131): [10701] [STM] stm_rebuffer_callback
D/mstplayer( 1131): [10701] [AVP] ap_rebuffer_callback, min rebuffer mode:1
V/[MMP]   ( 1131): [10691] [STM] write_data buffering... z:7000 < 1448, pos: 1370600 < 1365048, f_z:-1, is_data_enough:0
V/[MMP]   ( 1131): [10691] [STM] cb_write_rb_done_post! mem_full:0, w_full:0, net_err:0, w_pos:1370600, f_size:-1
V/[MMP]   ( 1131): [10691] [STM] cb_write, target_write_offset:1370600, r_idx:1, (56568, 1363600) w_idx:1, [0, 56568] [56568, 1370600]
V/[MMP]   ( 1131): [10691] [STM] send rebuffer_done msg, cb_status:0
V/[MMP]   ( 1131): [10691] [STM] stm_rebuffer_done_callback
D/mstplayer( 1131): [10691] [AVP] ap_rebuffer_done_callback, need_skip_next_rb_done:1
V/[MMP]   ( 1131): [10701] [STM] cb_rb_read_leave, cb_status:0, stop_lock:0, f_z:-1, w_pos:1370600, mem_full:0
V/[MMP]   ( 1131): [10701] evan add for debug rebuffer_size 2 1792, 1880
V/[MMP]   ( 1131): [10701] [STM] handle_read_rebuffer ins_z:88, data_z:0
V/[MMP]   ( 1131): [10701] [STM] need_rebuffer mode:1, data_z: 0 < in_size: 88, r_idx:1, offsest:1370600, r1(0, 56568) r2(56568, 1370600), w1(0, 56568), w2(56568, 1370600)
V/[MMP]   ( 1131): [10701] [STM] judge_need_enter_rebuffer, ret:1, stop_lock:0, w_full:0, net_err:0, mem_full:0, w_pos:1370600, f_size:-1
V/[MMP]   ( 1131): [10701] [STM] min_rebuffering_mode, in_size:88, rebuffer_size:88, r_idx:1
V/[MMP]   ( 1131): [10701] [STM] cb_rb_read_enter, offset:1370600, in_size:88, req_size:88
V/[MMP]   ( 1131): [10701] [STM] cb_read, target_read_offset:1370600, r_idx:1, (56568, 1370600) w_idx:1, [0, 56568] [56568, 1370600]
V/[MMP]   ( 1131): [10701] [STM] send rebuffer msg
V/[MMP]   ( 1131): [10701] [STM] stm_rebuffer_callback
D/mstplayer( 1131): [10701] [AVP] ap_rebuffer_callback, min rebuffer mode:1
V/[MMP]   ( 1131): [10691] [STM] write_data buffering... z:8400 < 88, pos: 1379000 < 1370688, f_z:-1, is_data_enough:0
V/[MMP]   ( 1131): [10691] [STM] cb_write_rb_done_post! mem_full:0, w_full:0, net_err:0, w_pos:1379000, f_size:-1
V/[MMP]   ( 1131): [10691] [STM] cb_write, target_write_offset:1379000, r_idx:1, (56568, 1370600) w_idx:1, [0, 56568] [56568, 1379000]
V/[MMP]   ( 1131): [10691] [STM] send rebuffer_done msg, cb_status:0
V/[MMP]   ( 1131): [10691] [STM] stm_rebuffer_done_callback
D/mstplayer( 1131): [10691] [AVP] ap_rebuffer_done_callback, need_skip_next_rb_done:1
V/[MMP]   ( 1131): [10701] [STM] cb_rb_read_leave, cb_status:0, stop_lock:0, f_z:-1, w_pos:1379000, mem_full:0
V/[MMP]   ( 1131): [10701] evan add for debug rebuffer_size 2 792, 1880
V/[MMP]   ( 1131): [10701] [STM] handle_read_rebuffer ins_z:1088, data_z:0
V/[MMP]   ( 1131): [10701] [STM] need_rebuffer mode:1, data_z: 0 < in_size: 1088, r_idx:1, offsest:1379000, r1(0, 56568) r2(56568, 1379000), w1(0, 56568), w2(56568, 1379000)
V/[MMP]   ( 1131): [10701] [STM] judge_need_enter_rebuffer, ret:1, stop_lock:0, w_full:0, net_err:0, mem_full:0, w_pos:1379000, f_size:-1
V/[MMP]   ( 1131): [10701] [STM] min_rebuffering_mode, in_size:1088, rebuffer_size:1088, r_idx:1
V/[MMP]   ( 1131): [10701] [STM] cb_rb_read_enter, offset:1379000, in_size:1088, req_size:1088
V/[MMP]   ( 1131): [10701] [STM] cb_read, target_read_offset:1379000, r_idx:1, (56568, 1379000) w_idx:1, [0, 56568] [56568, 1379000]
V/[MMP]   ( 1131): [10701] [STM] send rebuffer msg
V/[MMP]   ( 1131): [10701] [STM] stm_rebuffer_callback
D/mstplayer( 1131): [10701] [AVP] ap_rebuffer_callback, min rebuffer mode:1
V/[MMP]   ( 1131): [10691] [STM] write_data buffering... z:8400 < 1088, pos: 1387400 < 1380088, f_z:-1, is_data_enough:0
V/[MMP]   ( 1131): [10691] [STM] cb_write_rb_done_post! mem_full:0, w_full:0, net_err:0, w_pos:1387400, f_size:-1
V/[MMP]   ( 1131): [10691] [STM] cb_write, target_write_offset:1387400, r_idx:1, (56568, 1379000) w_idx:1, [0, 56568] [56568, 1387400]
V/[MMP]   ( 1131): [10691] [STM] send rebuffer_done msg, cb_status:0
V/[MMP]   ( 1131): [10691] [STM] stm_rebuffer_done_callback
D/mstplayer( 1131): [10691] [AVP] ap_rebuffer_done_callback, need_skip_next_rb_done:1
V/[MMP]   ( 1131): [10701] [STM] cb_rb_read_leave, cb_status:0, stop_lock:0, f_z:-1, w_pos:1387400, mem_full:0
V/[MMP]   ( 1131): [10701] evan add for debug rebuffer_size 2 1672, 1880
V/[MMP]   ( 1131): [10701] [STM] handle_read_rebuffer ins_z:208, data_z:0
V/[MMP]   ( 1131): [10701] [STM] need_rebuffer mode:1, data_z: 0 < in_size: 208, r_idx:1, offsest:1387400, r1(0, 56568) r2(56568, 1387400), w1(0, 56568), w2(56568, 1387400)
V/[MMP]   ( 1131): [10701] [STM] judge_need_enter_rebuffer, ret:1, stop_lock:0, w_full:0, net_err:0, mem_full:0, w_pos:1387400, f_size:-1
V/[MMP]   ( 1131): [10701] [STM] min_rebuffering_mode, in_size:208, rebuffer_size:208, r_idx:1
V/[MMP]   ( 1131): [10701] [STM] cb_rb_read_enter, offset:1387400, in_size:208, req_size:208
V/[MMP]   ( 1131): [10701] [STM] cb_read, target_read_offset:1387400, r_idx:1, (56568, 1387400) w_idx:1, [0, 56568] [56568, 1387400]
V/[MMP]   ( 1131): [10701] [STM] send rebuffer msg
V/[MMP]   ( 1131): [10701] [STM] stm_rebuffer_callback
D/mstplayer( 1131): [10701] [AVP] ap_rebuffer_callback, min rebuffer mode:1
V/[MMP]   ( 1131): [10691] [STM] write_data buffering... z:14000 < 208, pos: 1401400 < 1387608, f_z:-1, is_data_enough:0
V/[MMP]   ( 1131): [10691] [STM] cb_write_rb_done_post! mem_full:0, w_full:0, net_err:0, w_pos:1401400, f_size:-1
V/[MMP]   ( 1131): [10691] [STM] cb_write, target_write_offset:1401400, r_idx:1, (56568, 1387400) w_idx:1, [0, 56568] [56568, 1401400]
V/[MMP]   ( 1131): [10691] [STM] send rebuffer_done msg, cb_status:0
V/[MMP]   ( 1131): [10691] [STM] stm_rebuffer_done_callback
D/mstplayer( 1131): [10691] [AVP] ap_rebuffer_done_callback, need_skip_next_rb_done:1
V/[MMP]   ( 1131): [10701] [STM] cb_rb_read_leave, cb_status:0, stop_lock:0, f_z:-1, w_pos:1401400, mem_full:0
V/[MMP]   ( 1131): [10701] evan add for debug rebuffer_size 2 1512, 1880
V/[MMP]   ( 1131): [10701] [STM] handle_read_rebuffer ins_z:368, data_z:0
V/[MMP]   ( 1131): [10701] [STM] need_rebuffer mode:1, data_z: 0 < in_size: 368, r_idx:1, offsest:1409800, r1(0, 56568) r2(56568, 1409800), w1(0, 56568), w2(56568, 1409800)
V/[MMP]   ( 1131): [10701] [STM] judge_need_enter_rebuffer, ret:1, stop_lock:0, w_full:0, net_err:0, mem_full:0, w_pos:1409800, f_size:-1
V/[MMP]   ( 1131): [10701] [STM] min_rebuffering_mode, in_size:368, rebuffer_size:368, r_idx:1
V/[MMP]   ( 1131): [10701] [STM] cb_rb_read_enter, offset:1409800, in_size:368, req_size:368
V/[MMP]   ( 1131): [10701] [STM] cb_read, target_read_offset:1409800, r_idx:1, (56568, 1409800) w_idx:1, [0, 56568] [56568, 1409800]
V/[MMP]   ( 1131): [10701] [STM] send rebuffer msg
V/[MMP]   ( 1131): [10701] [STM] stm_rebuffer_callback
D/mstplayer( 1131): [10701] [AVP] ap_rebuffer_callback, min rebuffer mode:1
V/[MMP]   ( 1131): [10691] [STM] write_data buffering... z:7000 < 368, pos: 1416800 < 1410168, f_z:-1, is_data_enough:0
V/[MMP]   ( 1131): [10691] [STM] cb_write_rb_done_post! mem_full:0, w_full:0, net_err:0, w_pos:1416800, f_size:-1
V/[MMP]   ( 1131): [10691] [STM] cb_write, target_write_offset:1416800, r_idx:1, (56568, 1409800) w_idx:1, [0, 56568] [56568, 1416800]
V/[MMP]   ( 1131): [10691] [STM] send rebuffer_done msg, cb_status:0
V/[MMP]   ( 1131): [10691] [STM] stm_rebuffer_done_callback
D/mstplayer( 1131): [10691] [AVP] ap_rebuffer_done_callback, need_skip_next_rb_done:1
V/[MMP]   ( 1131): [10701] [STM] cb_rb_read_leave, cb_status:0, stop_lock:0, f_z:-1, w_pos:1416800, mem_full:0
D/vsyncbridge( 1126): Overlay[0] wait_disp_show W 3, R 2, Cur 255, wait time = 56ms
V/[MMP]   ( 1131): [10723] [VO] skip_frame_count:1, late:14, dur:40
V/[MMP]   ( 1131): [10723] [vo] ck_keep, pts:120, late:46, thres:40, pts_late:14 (7600140, 7600154), color:0, flip:32, release 0, (1, 1), duration:40000
V/[MMP]   ( 1131): [10723] [vo] not_keep_frame, pts:120, late:46, thres:40, pts_late:14, color:0, flip:32, release 0
D/mmpOmxWrap( 1131): [10724] set drop mode to 2001
D/mmpOmxWrap( 1131): [10724] set drop mode to 2001
V/[MMP]   ( 1131): [10723] [vo] ck_keep, pts:160, late:-23, thres:40, pts_late:-23 (7600180, 7600157), color:0, flip:0, release 0, (1, 1), duration:40000
D/NtpTrustedTime( 1579): currentTimeMillis() cache hit
D/vsyncbridge( 1126): timo DISP_ONE_FIELD = 0x0 bobCnt 2
D/vsyncbridge( 1126): MApi_XC_SetBOBMode = 0x0
D/NtpTrustedTime( 1579): currentTimeMillis() cache hit
V/broadcast( 1579): Start process parallel broadcast: com.android.server.action.NETWORK_STATS_UPDATED to com.android.server.net.NetworkPolicyManagerService$7@1b180ea7
D/NtpTrustedTime( 1579): currentTimeMillis() cache hit
D/NtpTrustedTime( 1579): currentTimeMillis() cache hit
V/broadcast( 1579): End process parallel broadcast: com.android.server.action.NETWORK_STATS_UPDATED to com.android.server.net.NetworkPolicyManagerService$7@1b180ea7
E/vsyncbridge( 1126): MI Wrapper_Video_setMute, enWin = 0, enable = 0, lock = 0
V/[MMP]   ( 1131): [10723] [vo] ck_keep, pts:200, late:-5, thres:40, pts_late:-33 (7600220, 7600187), color:0, flip:28, release 0, (1, 1), duration:40000
D/mmpOmxWrap( 1131): [10724] set drop mode to 2000
I/com.chinanetcenter.iSpeed( 2176): IptablesWatchdogThread > checkThreads
V/[MMP]   ( 1131): [10691] [STM] MM: type:0, (q, o)=(0x1000, 0x2009)=>(0x2009, none)
V/[MMP]   ( 1131): [10691] [STM] MM: issue_q_msg:0x2009
V/[MMP]   ( 1131): [10691] [STM] stm_send_dm, msg:0x100d
V/[MMP]   ( 1131): [10691] [STM] update_dm, dm_status:0x0, wait_cmd:0x1000, msg:0x100d
I/MiSysSrv( 1137): [mapi_video_base@Line 1572] [u32PqDelayTime=80,u32UsedTime=0,u16VideoUnMuteTime=0,u32RealyDelayTime=80]
V/[MMP]   ( 1131): [10689] [DM] dm_msg:0x100d
D/msavp_dw_module( 1131): [10689] [DM][m3u8] android_m3u8_get_info, Bandwidth:8923920, Bitrate:10185463
V/[MMP]   ( 1131): [10691] [STM] MM: res1, wait:0x100d, msg:0x400a, q_msg:0x1000, int_msg:0x1000
V/[MMP]   ( 1131): [10691] [STM] MM: res2, wait:0x100d, msg:0x400a, q_msg:0x1000, int_msg:0x1000
V/[MMP]   ( 1131): [10691] [STM] update_dm, dm_status:0x1, wait_cmd:0x100d, msg:0x400a
V/[MMP]   ( 1131): [10691] [STM] dm: wait_rsp->wait_com:0x100d
V/[MMP]   ( 1131): [10691] [STM] MM: res1, wait:0x100d, msg:0x5020, q_msg:0x1000, int_msg:0x1000
V/[MMP]   ( 1131): [10691] [STM] MM: res2, wait:0x100d, msg:0x5020, q_msg:0x1000, int_msg:0x1000
V/[MMP]   ( 1131): [10691] [STM] update bitrate: 10185463
D/mstplayer( 1131): [10691] [AVP] send to handle, streaming_msg = 501e
V/[MMP]   ( 1131): [10691] [STM] update_dm, dm_status:0x2, wait_cmd:0x100d, msg:0x5020
V/[MMP]   ( 1131): [10691] [STM] dm: wait_com->IDLE:0x0
D/mstplayer( 1131): [10686] [AVP] notify_msg_cb: 0x5008
D/mstplayer( 1131): [10686] [AVP] update network info, Bandwidth:8923920
D/mstplayer( 1131): [10686] [AVP] notify_msg_cb: 0x5009
D/mstplayer( 1131): [10686] [AVP] update network info, Bitrate:10185463
D/mstplayer( 1131): [10686] [AVP] streaming event 0x5007, size 16, data 0x0xb0e54398
W/MediaPlayer( 1877): info/warning (703, 8923920)
W/MediaPlayer( 1877): info/warning (705, 10185463)
D/vsyncbridge( 1126): timo DISP_ONE_FIELD = 0x0 bobCnt 3
D/vsyncbridge( 1126): MApi_XC_SetBOBMode = 0x0
V/[MMP]   ( 1131): [10723] [vo] ck_keep, pts:240, late:-22, thres:40, pts_late:-41 (7600260, 7600219), color:0, flip:19, release 0, (1, 1), duration:40000
D/vsyncbridge( 1126): timo DISP_ONE_FIELD = 0x0 bobCnt 4
D/vsyncbridge( 1126): MApi_XC_SetBOBMode = 0x0
V/[MMP]   ( 1131): [10723] [vo] ck_keep, pts:280, late:-45, thres:40, pts_late:-51 (7600300, 7600249), color:0, flip:6, release 0, (1, 1), duration:40000
I/Advanced( 5524): [QUEUE] share_queue_sendEx size:1 4097 36396 0xa00490b8,postLoopId:0,dstid:1.
D/vsyncbridge( 1126): timo DISP_ONE_FIELD = 0x0 bobCnt 5
D/vsyncbridge( 1126): MApi_XC_SetBOBMode = 0x0
V/[MMP]   ( 1131): [10723] [vo] ck_keep, pts:320, late:-50, thres:40, pts_late:-53 (7600340, 7600287), color:0, flip:3, release 0, (1, 1), duration:40000
D/vsyncbridge( 1126): timo DISP_ONE_FIELD = 0x0 bobCnt 6
D/vsyncbridge( 1126): MApi_XC_SetBOBMode = 0x0
V/[MMP]   ( 1131): [10723] [vo] ck_keep, pts:360, late:-51, thres:40, pts_late:-53 (7600380, 7600327), color:0, flip:2, release 0, (1, 1), duration:40000
D/vsyncbridge( 1126): timo DISP_ONE_FIELD = 0x0 bobCnt 7
D/vsyncbridge( 1126): MApi_XC_SetBOBMode = 0x0
V/[MMP]   ( 1131): [10723] [vo] ck_keep, pts:400, late:-51, thres:40, pts_late:-53 (7600420, 7600367), color:0, flip:2, release 0, (1, 1), duration:40000
D/vsyncbridge( 1126): timo DISP_ONE_FIELD = 0x0 bobCnt 8
D/vsyncbridge( 1126): MApi_XC_SetBOBMode = 0x0
V/[MMP]   ( 1131): [10723] [vo] ck_keep, pts:440, late:-51, thres:40, pts_late:-53 (7600460, 7600407), color:0, flip:2, release 0, (1, 1), duration:40000
V/[MMP]   ( 1131): [10723] [vo] ck_keep, pts:480, late:-53, thres:40, pts_late:-54 (7600500, 7600446), color:0, flip:1, release 0, (1, 1), duration:40000
V/[MMP]   ( 1131): [10723] [vo] ck_keep, pts:520, late:-51, thres:40, pts_late:-53 (7600540, 7600487), color:0, flip:2, release 0, (1, 1), duration:40000
V/[MMP]   ( 1131): [10723] [vo] ck_keep, pts:560, late:-53, thres:40, pts_late:-54 (7600580, 7600526), color:0, flip:1, release 0, (1, 1), duration:40000
V/[MMP]   ( 1131): [10723] [vo] ck_keep, pts:600, late:-55, thres:40, pts_late:-55 (7600620, 7600565), color:0, flip:0, release 0, (1, 1), duration:40000
V/[MMP]   ( 1131): [10723] [vo] ck_keep, pts:640, late:-53, thres:40, pts_late:-54 (7600660, 7600606), color:0, flip:1, release 0, (1, 1), duration:40000
D/MSTAR_VDEC_DBG( 1131): Stream ID: 0, Rate : 16 [Vsync Rate : 16](E:0,D:0,S:0,F:34) 
I/Downloader( 1131): [10692][prog_cb] Progress: 40% (2038400/5092732)
V/[MMP]   ( 1131): [10723] [vo] ck_keep, pts:680, late:-51, thres:40, pts_late:-53 (7600700, 7600647), color:0, flip:2, release 0, (1, 1), duration:40000
I/Advanced( 5524): [QUEUE] share_queue_sendEx size:1 4097 36398 0xa00490b8,postLoopId:0,dstid:1.
V/[MMP]   ( 1131): [10723] [vo] ck_keep, pts:720, late:-51, thres:40, pts_late:-53 (7600740, 7600687), color:0, flip:2, release 0, (1, 1), duration:40000
V/[MMP]   ( 1131): [10723] [vo] ck_keep, pts:760, late:-49, thres:40, pts_late:-52 (7600780, 7600728), color:0, flip:3, release 0, (1, 1), duration:40000
V/[MMP]   ( 1131): [10723] [vo] ck_keep, pts:800, late:-53, thres:40, pts_late:-54 (7600820, 7600766), color:0, flip:1, release 0, (1, 1), duration:40000
V/[MMP]   ( 1131): [10723] [vo] ck_keep, pts:840, late:-35, thres:40, pts_late:-40 (7600860, 7600820), color:0, flip:5, release 0, (1, 1), duration:40000
V/[MMP]   ( 1131): [10723] [vo] ck_keep, pts:880, late:-51, thres:40, pts_late:-53 (7600900, 7600847), color:0, flip:2, release 0, (1, 1), duration:40000
I/Advanced( 5524): [QUEUE] share_queue_sendEx size:1 4097 36399 0xa00490b8,postLoopId:0,dstid:1.
V/[MMP]   ( 1131): [10723] [vo] ck_keep, pts:920, late:-49, thres:40, pts_late:-52 (7600940, 7600888), color:0, flip:3, release 0, (1, 1), duration:40000
V/[MMP]   ( 1131): [10723] [vo] ck_keep, pts:960, late:-54, thres:40, pts_late:-55 (7600980, 7600925), color:0, flip:1, release 0, (1, 1), duration:40000
V/[MMP]   ( 1131): [10723] [vo] ck_keep, pts:1000, late:-51, thres:40, pts_late:-53 (7601020, 7600967), color:0, flip:2, release 0, (1, 1), duration:40000
I/AdvancedPorting-PORT_MODULE_NET( 5524): network_task while... 
I/AdvancedPorting-PORT_MODULE_NET( 5524): 0 interface name: lo
I/AdvancedPorting-PORT_MODULE_NET( 5524): 1 interface name: wlan0
I/AdvancedPorting-PORT_MODULE_NET( 5524): First interface name: lo
I/AdvancedPorting-PORT_MODULE_NET( 5524): network_task while...  net_i:1
I/AdvancedPorting-PORT_MODULE_NET( 5524): network_task while---name_interface[0]=lo
I/AdvancedPorting-PORT_MODULE_NET( 5524): network_task while---name_interface[1]=wlan0
I/AdvancedPorting-PORT_MODULE_NET( 5524): network_task while---interface_name=wlan0
I/AdvancedPorting-PORT_MODULE_NET( 5524): network_get_netlink_status(in)--if_name=wlan0
I/AdvancedPorting-PORT_MODULE_NET( 5524): net.network.isconnected = no
I/AdvancedPorting-PORT_MODULE_NET( 5524): wlan0 --network_get_netlink_status return retval=1
I/AdvancedPorting-PORT_MODULE_NET( 5524): stat = 1 last_status = 1
I/MiSysSrv( 1137): [HDR][virtual EN_MAPI_HDR_RESULT mapi_video_base::SetHdrMetadata(ST_MAPI_HDR_METADATA*) Line 9328] HDR metadata type is 0.
V/[MMP]   ( 1131): [10723] [vo] ck_keep, pts:1040, late:-21, thres:40, pts_late:-38 (7601060, 7601022), color:0, flip:17, release 0, (1, 1), duration:40000
V/[MMP]   ( 1131): [10723] [vo] ck_keep, pts:1080, late:-54, thres:40, pts_late:-54 (7601100, 7601046), color:0, flip:0, release 0, (1, 1), duration:40000
I/Advanced( 5524): [QUEUE] share_queue_sendEx size:1 4097 36400 0xa00490b8,postLoopId:0,dstid:1.
V/[MMP]   ( 1131): [10701] [TS] ts discontinuity, ts_type = 1, file_pos = 2407716, ts_disc_count = 11
V/[MMP]   ( 1131): [10723] [vo] ck_keep, pts:1120, late:-23, thres:40, pts_late:-39 (7601140, 7601101), color:0, flip:16, release 0, (1, 1), duration:40000
V/[MMP]   ( 1131): [10723] [vo] ck_keep, pts:1160, late:-26, thres:40, pts_late:-41 (7601180, 7601139), color:0, flip:15, release 0, (1, 1), duration:40000
I/com.chinanetcenter.iSpeed( 2176): IptablesWatchdogThread > checkThreads
V/[MMP]   ( 1131): [10701] [TS] ts discontinuity, ts_type = 1, file_pos = 2481788, ts_disc_count = 12
V/[MMP]   ( 1131): [10691] [STM] MM: type:0, (q, o)=(0x1000, 0x2009)=>(0x2009, none)
V/[MMP]   ( 1131): [10691] [STM] MM: issue_q_msg:0x2009
V/[MMP]   ( 1131): [10691] [STM] stm_send_dm, msg:0x100d
V/[MMP]   ( 1131): [10691] [STM] update_dm, dm_status:0x0, wait_cmd:0x1000, msg:0x100d
V/[MMP]   ( 1131): [10689] [DM] dm_msg:0x100d
D/msavp_dw_module( 1131): [10689] [DM][m3u8] android_m3u8_get_info, Bandwidth:7725774, Bitrate:10185463
V/[MMP]   ( 1131): [10691] [STM] MM: res1, wait:0x100d, msg:0x400a, q_msg:0x1000, int_msg:0x1000
V/[MMP]   ( 1131): [10691] [STM] MM: res2, wait:0x100d, msg:0x400a, q_msg:0x1000, int_msg:0x1000
V/[MMP]   ( 1131): [10691] [STM] update_dm, dm_status:0x1, wait_cmd:0x100d, msg:0x400a
V/[MMP]   ( 1131): [10691] [STM] dm: wait_rsp->wait_com:0x100d
V/[MMP]   ( 1131): [10691] [STM] MM: res1, wait:0x100d, msg:0x5020, q_msg:0x1000, int_msg:0x1000
V/[MMP]   ( 1131): [10691] [STM] MM: res2, wait:0x100d, msg:0x5020, q_msg:0x1000, int_msg:0x1000
V/[MMP]   ( 1131): [10691] [STM] update bitrate: 10185463
D/mstplayer( 1131): [10691] [AVP] send to handle, streaming_msg = 501e
V/[MMP]   ( 1131): [10691] [STM] update_dm, dm_status:0x2, wait_cmd:0x100d, msg:0x5020
V/[MMP]   ( 1131): [10691] [STM] dm: wait_com->IDLE:0x0
D/mstplayer( 1131): [10686] [AVP] notify_msg_cb: 0x5008
D/mstplayer( 1131): [10686] [AVP] update network info, Bandwidth:7725774
D/mstplayer( 1131): [10686] [AVP] streaming event 0x5007, size 16, data 0x0xb0e54398
W/MediaPlayer( 1877): info/warning (703, 7725774)
V/[MMP]   ( 1131): [10723] [vo] ck_keep, pts:1200, late:-25, thres:40, pts_late:-40 (7601220, 7601180), color:0, flip:15, release 0, (1, 1), duration:40000
V/[MMP]   ( 1131): [10701] [TS] ts discontinuity, ts_type = 1, file_pos = 2555860, ts_disc_count = 13
V/[MMP]   ( 1131): [10723] [vo] ck_keep, pts:1240, late:-29, thres:40, pts_late:-42 (7601260, 7601218), color:0, flip:13, release 0, (1, 1), duration:40000
I/MiSysSrv( 1137): [37m[INFO] Change to Voltage: 880 mV (0x15)[m
V/[MMP]   ( 1131): [10723] [vo] ck_keep, pts:1280, late:-31, thres:40, pts_late:-43 (7601300, 7601257), color:0, flip:12, release 0, (1, 1), duration:40000
I/Advanced( 5524): [QUEUE] share_queue_sendEx size:1 4097 36401 0xa00490b8,postLoopId:0,dstid:1.
V/[MMP]   ( 1131): [10723] [vo] ck_keep, pts:1320, late:-28, thres:40, pts_late:-41 (7601340, 7601299), color:0, flip:13, release 0, (1, 1), duration:40000
V/[MMP]   ( 1131): [10701] [TS] ts discontinuity, ts_type = 1, file_pos = 2629932, ts_disc_count = 14
V/[MMP]   ( 1131): [10723] [vo] ck_keep, pts:1360, late:-32, thres:40, pts_late:-44 (7601380, 7601336), color:0, flip:12, release 0, (1, 1), duration:40000
V/[MMP]   ( 1131): [10701] [TS] ts discontinuity, ts_type = 1, file_pos = 2704004, ts_disc_count = 15
V/[MMP]   ( 1131): [10723] [vo] ck_keep, pts:1400, late:-32, thres:40, pts_late:-44 (7601420, 7601376), color:0, flip:12, release 0, (1, 1), duration:40000
V/[MMP]   ( 1131): [10723] [vo] ck_keep, pts:1440, late:-33, thres:40, pts_late:-44 (7601460, 7601416), color:0, flip:11, release 0, (1, 1), duration:40000
V/[MMP]   ( 1131): [10723] [vo] ck_keep, pts:1480, late:-35, thres:40, pts_late:-40 (7601500, 7601460), color:0, flip:5, release 0, (1, 1), duration:40000
I/Advanced( 5524): [QUEUE] share_queue_sendEx size:1 4097 36402 0xa00490b8,postLoopId:0,dstid:1.
V/[MMP]   ( 1131): [10723] [vo] ck_keep, pts:1520, late:-23, thres:40, pts_late:-39 (7601540, 7601501), color:0, flip:16, release 0, (1, 1), duration:40000
V/[MMP]   ( 1131): [10723] [vo] ck_keep, pts:1560, late:-25, thres:40, pts_late:-40 (7601580, 7601540), color:0, flip:15, release 0, (1, 1), duration:40000
V/[MMP]   ( 1131): [10723] [vo] ck_keep, pts:1600, late:-27, thres:40, pts_late:-41 (7601620, 7601579), color:0, flip:14, release 0, (1, 1), duration:40000
I/Downloader( 1131): [10692][prog_cb] Progress: 60% (3056200/5092732)
D/MSTAR_VDEC_DBG( 1131): Stream ID: 0, Rate : 24 [Vsync Rate : 25](E:0,D:0,S:0,F:59) 
V/[MMP]   ( 1131): [10723] [vo] ck_keep, pts:1640, late:-28, thres:40, pts_late:-42 (7601660, 7601618), color:0, flip:14, release 0, (1, 1), duration:40000
V/[MMP]   ( 1131): [10723] [vo] ck_keep, pts:1680, late:-34, thres:40, pts_late:-45 (7601700, 7601655), color:0, flip:11, release 0, (1, 1), duration:40000
I/Advanced( 5524): [QUEUE] share_queue_sendEx size:1 4097 36403 0xa00490b8,postLoopId:0,dstid:1.
I/MiSysSrv( 1137): [HDR][virtual EN_MAPI_HDR_RESULT mapi_video_base::SetHdrMetadata(ST_MAPI_HDR_METADATA*) Line 9328] HDR metadata type is 0.
V/[MMP]   ( 1131): [10723] [vo] ck_keep, pts:1720, late:-35, thres:40, pts_late:-45 (7601740, 7601695), color:0, flip:10, release 0, (1, 1), duration:40000
V/[MMP]   ( 1131): [10723] [vo] ck_keep, pts:1760, late:-21, thres:40, pts_late:-33 (7601780, 7601747), color:0, flip:12, release 0, (1, 1), duration:40000
V/[MMP]   ( 1131): [10723] [vo] ck_keep, pts:1800, late:-16, thres:40, pts_late:-36 (7601820, 7601784), color:0, flip:20, release 0, (1, 1), duration:40000
V/[MMP]   ( 1131): [10723] [vo] ck_keep, pts:1840, late:-15, thres:40, pts_late:-35 (7601860, 7601825), color:0, flip:20, release 0, (1, 1), duration:40000
D/NtpTrustedTime( 1579): currentTimeMillis() cache hit
V/[MMP]   ( 1131): [10723] [vo] ck_keep, pts:1880, late:-18, thres:40, pts_late:-36 (7601900, 7601864), color:0, flip:18, release 0, (1, 1), duration:40000
D/NtpTrustedTime( 1579): currentTimeMillis() cache hit
V/broadcast( 1579): Start process parallel broadcast: com.android.server.action.NETWORK_STATS_UPDATED to com.android.server.net.NetworkPolicyManagerService$7@1b180ea7
D/NtpTrustedTime( 1579): currentTimeMillis() cache hit
D/NtpTrustedTime( 1579): currentTimeMillis() cache hit
V/broadcast( 1579): End process parallel broadcast: com.android.server.action.NETWORK_STATS_UPDATED to com.android.server.net.NetworkPolicyManagerService$7@1b180ea7
I/Advanced( 5524): [QUEUE] share_queue_sendEx size:1 4097 36404 0xa00490b8,postLoopId:0,dstid:1.
V/[MMP]   ( 1131): [10723] [vo] ck_keep, pts:1920, late:-19, thres:40, pts_late:-37 (7601940, 7601903), color:0, flip:18, release 0, (1, 1), duration:40000
V/[MMP]   ( 1131): [10723] [vo] ck_keep, pts:1960, late:-23, thres:40, pts_late:-39 (7601980, 7601941), color:0, flip:16, release 0, (1, 1), duration:40000
V/[MMP]   ( 1131): [10723] [vo] ck_keep, pts:2000, late:-24, thres:40, pts_late:-40 (7602020, 7601980), color:0, flip:16, release 0, (1, 1), duration:40000
D/WindowManager( 1579): interceptKeyTi keyCode=23 down=true repeatCount=0 keyguardOn=false mHomePressed=false canceled=false
W/ContextImpl( 1579): Calling a method in the system process without a qualified user: android.app.ContextImpl.sendBroadcast:1327 com.android.internal.policy.impl.PhoneWindowManager.interceptKeyBeforeDispatching:2462 com.android.server.wm.InputMonitor.interceptKeyBeforeDispatching:388 com.android.server.input.InputManagerService.interceptKeyBeforeDispatching:1470 <bottom of call stack> 
V/broadcast( 1579): Dispatching ordered broadcast: com.gzgd.KEYEVENT to ComponentInfo{com.gzgd.live/com.gzgd.live.globalkey.GlobalKeyReceiver}
D/SogouIME( 2000): [onKeyDown] keycode = 23 model = SE818 build_id:Build_129509_20170427 false
D/webapp  ( 1877): [MainActivity]keycode:23
D/webapp  ( 1877): [BaseActivity]keycode:23
V/broadcast( 2555): Start process ordered broadcast: com.gzgd.KEYEVENT to {com.gzgd.live/com.gzgd.live.globalkey.GlobalKeyReceiver}
W/ContextImpl( 2555): Calling a method in the system process without a qualified user: android.app.ContextImpl.startService:1692 android.content.ContextWrapper.startService:516 android.content.ContextWrapper.startService:516 com.gzgd.live.globalkey.GlobalKeyEventService.start:45 com.gzgd.live.globalkey.GlobalKeyReceiver.onReceive:21 
V/broadcast( 2555): End process ordered broadcast: com.gzgd.KEYEVENT to {com.gzgd.live/com.gzgd.live.globalkey.GlobalKeyReceiver}
I/webapp  ( 1877): [JsLog]playVideo [sourceId:http://10.69.42.209/app/tv/qndj2/dyjy/bxkj/index.htm(355)]
D/LogWindowManageView( 1877): addLogText
I/webapp  ( 1877): [JsLog]10086 [sourceId:http://10.69.42.209/app/tv/qndj2/dyjy/bxkj/index.htm(356)]
D/LogWindowManageView( 1877): addLogText
D/live    ( 2555): [GlobalKeyEventService]event:KeyEvent { action=ACTION_DOWN, keyCode=KEYCODE_DPAD_CENTER, scanCode=28, metaState=0, flags=0x8, repeatCount=0, eventTime=7601966, downTime=7601966, deviceId=4, source=0x301 }
D/LogWindowManageView( 1877): mLogList count:1238  110961
I/webapp  ( 1877): [WebAppInterface]js call pauseMiniPlayer playerId:10086
V/MediaPlayer-JNI( 1877): pause
D/mstplayer( 1131): [1682] (0x0xb0c47040)MstPlayer::pause
D/LogWindowManageView( 1877): mLogList count:1239  111046
D/DataSource_M3U8( 1131): [1682][getCSParameter][4183] getCSParameter, key = 1008, para1 = 0, value=1
I/AdvancedPorting-PORT_MODULE_NET( 5524): network_task while... 
I/AdvancedPorting-PORT_MODULE_NET( 5524): 0 interface name: lo
I/AdvancedPorting-PORT_MODULE_NET( 5524): 1 interface name: wlan0
I/AdvancedPorting-PORT_MODULE_NET( 5524): First interface name: lo
I/AdvancedPorting-PORT_MODULE_NET( 5524): network_task while...  net_i:1
I/AdvancedPorting-PORT_MODULE_NET( 5524): network_task while---name_interface[0]=lo
I/AdvancedPorting-PORT_MODULE_NET( 5524): network_task while---name_interface[1]=wlan0
I/AdvancedPorting-PORT_MODULE_NET( 5524): network_task while---interface_name=wlan0
I/AdvancedPorting-PORT_MODULE_NET( 5524): network_get_netlink_status(in)--if_name=wlan0
I/AdvancedPorting-PORT_MODULE_NET( 5524): net.network.isconnected = no
I/AdvancedPorting-PORT_MODULE_NET( 5524): wlan0 --network_get_netlink_status return retval=1
I/AdvancedPorting-PORT_MODULE_NET( 5524): stat = 1 last_status = 1
E/webapp  ( 1877): [JsLog]Uncaught TypeError: Cannot read property 'pause' of undefined [sourceId:http://10.69.42.209/app/tv/qndj2/dyjy/bxkj/index.htm(359)]
D/LogWindowManageView( 1877): addLogText
D/LogWindowManageView( 1877): mLogList count:1240  111127
D/mstplayer( 1131): [10686] [AVP] msg_receive 0x8003, size 4, data 0x0xb0a01a64
V/[MMP]   ( 1131): [10686] [MMP] (0x0xb0ece000) enter Pause
V/[MMP]   ( 1131): [10723] [VO] enter_paused, flip_first_frame: 1, wait_time: 0, timeout: 100, multi-thumb: 0
V/[MMP]   ( 1131): [10723] [VO] enter pause state, v_new_pts:-1
V/[MMP]   ( 1131): [10723] br_count:0
I/MiSysSrv( 1137): [37m[INFO] Change to Voltage: 1030 mV (0x24)[m
V/[MMP]   ( 1131): [10722] [AO] enter pause state, a_new_pts:-1, first frame 0
V/[MMP]   ( 1131): [10722] br_count:1
V/[MMP]   ( 1131): [10722] enter_state_cb_sync
V/[MMP]   ( 1131): [10722] mmp_fnDrvAud_Pause_Play
V/[MMP]   ( 1131): [10686] [MMP] leave Pause
D/mstplayer( 1131): [10686] [AVP] pause_l: 0x0
D/mstplayer( 1131): [10686] [AVP] msg_response, msg 0x8003, cmd_waiting_for_rsp 0x8003, ret 0
I/webapp  ( 1877): [WebVideoView] mMediaPlayer.pause()
I/Advanced( 5524): [QUEUE] share_queue_sendEx size:1 4097 36405 0xa00490b8,postLoopId:0,dstid:1.
I/com.chinanetcenter.iSpeed( 2176): IptablesWatchdogThread > checkThreads
V/[MMP]   ( 1131): [10691] [STM] MM: type:0, (q, o)=(0x1000, 0x2009)=>(0x2009, none)
V/[MMP]   ( 1131): [10691] [STM] MM: issue_q_msg:0x2009
V/[MMP]   ( 1131): [10691] [STM] stm_send_dm, msg:0x100d
V/[MMP]   ( 1131): [10691] [STM] update_dm, dm_status:0x0, wait_cmd:0x1000, msg:0x100d
V/[MMP]   ( 1131): [10689] [DM] dm_msg:0x100d
D/msavp_dw_module( 1131): [10689] [DM][m3u8] android_m3u8_get_info, Bandwidth:7461354, Bitrate:10185463
V/[MMP]   ( 1131): [10691] [STM] MM: res1, wait:0x100d, msg:0x400a, q_msg:0x1000, int_msg:0x1000
V/[MMP]   ( 1131): [10691] [STM] MM: res2, wait:0x100d, msg:0x400a, q_msg:0x1000, int_msg:0x1000
V/[MMP]   ( 1131): [10691] [STM] update_dm, dm_status:0x1, wait_cmd:0x100d, msg:0x400a
V/[MMP]   ( 1131): [10691] [STM] dm: wait_rsp->wait_com:0x100d
V/[MMP]   ( 1131): [10691] [STM] MM: res1, wait:0x100d, msg:0x5020, q_msg:0x1000, int_msg:0x1000
V/[MMP]   ( 1131): [10691] [STM] MM: res2, wait:0x100d, msg:0x5020, q_msg:0x1000, int_msg:0x1000
V/[MMP]   ( 1131): [10691] [STM] update bitrate: 10185463
D/mstplayer( 1131): [10691] [AVP] send to handle, streaming_msg = 501e
V/[MMP]   ( 1131): [10691] [STM] update_dm, dm_status:0x2, wait_cmd:0x100d, msg:0x5020
V/[MMP]   ( 1131): [10691] [STM] dm: wait_com->IDLE:0x0
D/mstplayer( 1131): [10686] [AVP] notify_msg_cb: 0x5008
D/mstplayer( 1131): [10686] [AVP] update network info, Bandwidth:7461354
D/mstplayer( 1131): [10686] [AVP] streaming event 0x5007, size 16, data 0x0xb0e54398
W/MediaPlayer( 1877): info/warning (703, 7461354)
D/WindowManager( 1579): interceptKeyTi keyCode=23 down=false repeatCount=0 keyguardOn=false mHomePressed=false canceled=false
D/SogouIME( 2000): [onKeyUp] keycode = 23 model = SE818 build_id:Build_129509_20170427
I/Advanced( 5524): [QUEUE] share_queue_sendEx size:1 4097 36406 0xa00490b8,postLoopId:0,dstid:1.
V/netx    ( 2150): gointo 4  out true
V/StatusBarService( 2150): true up0 true
I/Downloader( 1131): [10692][prog_cb] Progress: 80% (4078200/5092732)
I/Advanced( 5524): [QUEUE] share_queue_sendEx size:1 4097 36407 0xa00490b8,postLoopId:0,dstid:1.
I/Advanced( 5524): [QUEUE] share_queue_sendEx size:1 4097 36408 0xa00490b8,postLoopId:0,dstid:1.
I/Advanced( 5524): [QUEUE] share_queue_sendEx size:1 4097 36409 0xa00490b8,postLoopId:0,dstid:1.
I/AdvancedPorting-PORT_MODULE_NET( 5524): network_task while... 
I/AdvancedPorting-PORT_MODULE_NET( 5524): 0 interface name: lo
I/AdvancedPorting-PORT_MODULE_NET( 5524): 1 interface name: wlan0
I/AdvancedPorting-PORT_MODULE_NET( 5524): First interface name: lo
I/AdvancedPorting-PORT_MODULE_NET( 5524): network_task while...  net_i:1
I/AdvancedPorting-PORT_MODULE_NET( 5524): network_task while---name_interface[0]=lo
I/AdvancedPorting-PORT_MODULE_NET( 5524): network_task while---name_interface[1]=wlan0
I/AdvancedPorting-PORT_MODULE_NET( 5524): network_task while---interface_name=wlan0
I/AdvancedPorting-PORT_MODULE_NET( 5524): network_get_netlink_status(in)--if_name=wlan0
I/AdvancedPorting-PORT_MODULE_NET( 5524): net.network.isconnected = no
I/AdvancedPorting-PORT_MODULE_NET( 5524): wlan0 --network_get_netlink_status return retval=1
I/AdvancedPorting-PORT_MODULE_NET( 5524): stat = 1 last_status = 1
I/wpa_supplicant( 2554): [CTRL_IFACE] wlan0: 'SIGNAL_POLL'
D/WifiStateMachine( 1579): for gzgd,change score (60)-->(56)
I/com.chinanetcenter.iSpeed( 2176): IptablesWatchdogThread > checkThreads
V/[MMP]   ( 1131): [10691] [STM] MM: type:0, (q, o)=(0x1000, 0x2009)=>(0x2009, none)
V/[MMP]   ( 1131): [10691] [STM] MM: issue_q_msg:0x2009
V/[MMP]   ( 1131): [10691] [STM] stm_send_dm, msg:0x100d
V/[MMP]   ( 1131): [10691] [STM] update_dm, dm_status:0x0, wait_cmd:0x1000, msg:0x100d
V/[MMP]   ( 1131): [10689] [DM] dm_msg:0x100d
D/msavp_dw_module( 1131): [10689] [DM][m3u8] android_m3u8_get_info, Bandwidth:7516692, Bitrate:10185463
V/[MMP]   ( 1131): [10691] [STM] MM: res1, wait:0x100d, msg:0x400a, q_msg:0x1000, int_msg:0x1000
V/[MMP]   ( 1131): [10691] [STM] MM: res2, wait:0x100d, msg:0x400a, q_msg:0x1000, int_msg:0x1000
V/[MMP]   ( 1131): [10691] [STM] update_dm, dm_status:0x1, wait_cmd:0x100d, msg:0x400a
V/[MMP]   ( 1131): [10691] [STM] dm: wait_rsp->wait_com:0x100d
V/[MMP]   ( 1131): [10691] [STM] MM: res1, wait:0x100d, msg:0x5020, q_msg:0x1000, int_msg:0x1000
V/[MMP]   ( 1131): [10691] [STM] MM: res2, wait:0x100d, msg:0x5020, q_msg:0x1000, int_msg:0x1000
V/[MMP]   ( 1131): [10691] [STM] update bitrate: 10185463
D/mstplayer( 1131): [10691] [AVP] send to handle, streaming_msg = 501e
V/[MMP]   ( 1131): [10691] [STM] update_dm, dm_status:0x2, wait_cmd:0x100d, msg:0x5020
V/[MMP]   ( 1131): [10691] [STM] dm: wait_com->IDLE:0x0
D/mstplayer( 1131): [10686] [AVP] notify_msg_cb: 0x5008
D/mstplayer( 1131): [10686] [AVP] update network info, Bandwidth:7516692
D/mstplayer( 1131): [10686] [AVP] streaming event 0x5007, size 16, data 0x0xb0e54398
W/MediaPlayer( 1877): info/warning (703, 7516692)
I/Downloader( 1131): [10692][prog_cb]  warning:: downloadedSize : 5092732  >  fileSize :5092732 
I/Downloader( 1131): [10692][prog_cb] Progress: 100% (5092732/5092732)
I/Downloader( 1131): [10692][prog_cb]  warning:: downloadedSize : 5092732  >  fileSize :5092732 
I/Downloader( 1131): [10692][prog_cb]  warning:: downloadedSize : 5092732  >  fileSize :5092732 
I/Downloader( 1131): [10692][prog_cb]  warning:: downloadedSize : 5092732  >  fileSize :5092732 
I/Downloader( 1131): [10692][downloading_loop] easy handle completed return code : 0
D/DataSource_M3U8( 1131): [10692][downloader_event_calllback][198] [0xb0dac000] downloader_event :  1   info=0 
D/mstplayer( 1131): [10692] notify player event : 10087   extra_info = 0
W/MediaPlayer( 1877): info/warning (10087, 0)
I/Downloader( 1131): [10692][downloading_loop] still_running = 0 , stream data complete .
I/DataSource_M3U8( 1131): [10695][checkShouldStartNext] [0](5092732/5092732) mBitRate=8148371 
D/DataSource_M3U8( 1131): [10695][checkShouldStartNext][2485] M3u8 download next url:http://10.21.12.6:5005/nn_vod/nn_x64/aWQ9NjIwY2I3MDhhNWU4YzA3NDBlOWYwZTIwMTBlYjlkNjkmc3BsaWNlX2MxPTMyMzAzMTM3MzEzMDMwMzkyZjM1Mzk2NDYxNjMzNDM3MzE2NDYxNjEzMzM0Mzc2MjYxMzY2NjMzMzg2MTY0MzgzMjMxMzczOTY2MzI2NDM2NjIyZjMyMzAzMTM3MzEzMDMwMzk1NDMwMzgzMzM3MzAzNDJkMzAzMDMyMmQzMjJlNzQ3MyZubl9tM3U4PTEmbmR0PXN0YiZ1aWQ9MDEwMTAyMTYxMTE2MDQwMTUzNzUmbmdzPTVhMGU0N2QyNThmYzI1OWRiNWE1ZjdjNjc0Y2Q2ZTdjJm5jbXNpZD0xMTAxMjYmbmNhPSUyNm5jb2klM2RTdG9yYWdlLUZ0cC1TY2FuLTAxJTI2bmFpJTNkV0FTVTAwMjAxNzEwMDcwMjU4MzIlMjZubl9jcCUzZHdhc3U,/620cb708a5e8c0740e9f0e2010eb9d69.ts, knowedFileSize:0, mCurDowningIndex:1
D/Downloader( 1131): [10695][setDownloaderServer][2423] (0x0xb0e62000)setDownloaderServer : NULL 
D/Downloader( 1131): [10695][reset_server_semaphore][2332] (0x0xb0e62000)reset_server_semaphore  
D/Downloader( 1131): [10695][downloader_postCmd] downloader_postCmd : 1 
D/Downloader( 1131): [10695][wait_server_cb_done][2304] (0x0xb0e62000)wait event : 4  
I/Downloader( 1131): [10692][messenger_loop]  Receive download cmd : 1 
D/Downloader( 1131): [10692][removeTask][1383] removeTask...  
I/Downloader( 1131): [10692][removeTask] remove task:0  mDownloadingTask.http_handle : 0xb3354000 
I/Downloader( 1131): 
D/Downloader( 1131): [10692][messenger_loop][1583]  cmd_info rangeStr=0-    range= 0  taskIndex=1  
D/Downloader( 1131): [10692][messenger_loop][1584]  cmd_info bCheckDiscFlag = 0    bStreamingDisc = 0  
D/Downloader( 1131): [10692][messenger_loop][1588]  download without Drop mode.
D/Downloader( 1131): [10692][StartTask][1149] [0xb3354000]url :http://10.21.12.6:5005/nn_vod/nn_x64/aWQ9NjIwY2I3MDhhNWU4YzA3NDBlOWYwZTIwMTBlYjlkNjkmc3BsaWNlX2MxPTMyMzAzMTM3MzEzMDMwMzkyZjM1Mzk2NDYxNjMzNDM3MzE2NDYxNjEzMzM0Mzc2MjYxMzY2NjMzMzg2MTY0MzgzMjMxMzczOTY2MzI2NDM2NjIyZjMyMzAzMTM3MzEzMDMwMzk1NDMwMzgzMzM3MzAzNDJkMzAzMDMyMmQzMjJlNzQ3MyZubl9tM3U4PTEmbmR0PXN0YiZ1aWQ9MDEwMTAyMTYxMTE2MDQwMTUzNzUmbmdzPTVhMGU0N2QyNThmYzI1OWRiNWE1ZjdjNjc0Y2Q2ZTdjJm5jbXNpZD0xMTAxMjYmbmNhPSUyNm5jb2klM2RTdG9yYWdlLUZ0cC1TY2FuLTAxJTI2bmFpJTNkV0FTVTAwMjAxNzEwMDcwMjU4MzIlMjZubl9jcCUzZHdhc3U,/620cb708a5e8c0740e9f0e2010eb9d69.ts
D/Downloader( 1131): [10692][StartTask][1209] reconect to server with drop mode ,  mStreamTotalDrop = 0 
D/Downloader( 1131): [10692][StartTask][1235] Set CURLOPT_TCP_NODELAY .
D/DataSource_M3U8( 1131): [10692][downloader_event_calllback][198] [0xb0dac000] downloader_event :  0   info=0 
D/mstplayer( 1131): [10692] notify player event : 10086   extra_info = 0
W/MediaPlayer( 1877): info/warning (10086, 0)
I/Downloader( 1131): [10692][messenger_loop] still_running = 1
I/Advanced( 5524): [QUEUE] share_queue_sendEx size:1 4097 36411 0xa00490b8,postLoopId:0,dstid:1.
I/Downloader( 1131): [10692][header_callback] HTTP/1.1 200 OK
I/Downloader( 1131): [10692][header_callback] Server: nmds/3.32.29/20170927
I/Downloader( 1131): [10692][header_callback] nn_nmds_id: 110126
I/Downloader( 1131): [10692][header_callback] Connection: close
I/Downloader( 1131): [10692][header_callback] Date: Sat, 18 Nov 2017 09:36:42 GMT
I/Downloader( 1131): [10692][header_callback] Content-Length: 4192024
I/Downloader( 1131): [10692][header_callback] Get file size from 'Content-Length:' : 4192024, ptask->range 0
I/Downloader( 1131): [10692][header_callback] Content-Range: bytes 0-4192023/4192024
I/Downloader( 1131): [10692][header_callback] Get file size from 'Content-Range: bytes' : 4192024
I/Downloader( 1131): [10692][header_callback] nn_via: 110126
I/Downloader( 1131): [10692][header_callback] 
I/com.chinanetcenter.iFlow( 2090): IptablesUtils > checkiSpeed iSpeed up, tcp        0      0 0.0.0.0:8123            0.0.0.0:*               LISTEN      2176/com.chinanetce
I/com.chinanetcenter.iFlow( 2090): 
D/Downloader( 1131): [10692][receive_data][393] [downloader][dump_data] 47 42 81 17 00 00 01 e0 00 00 81 c0 0a 31 00 21
D/Downloader( 1131): [10692][receive_data][393] [downloader][dump_data] 5e a1 11 00 21 26 61 00 00 00 01 09 f8 00 00 00
I/Downloader( 1131): [10692][prog_cb] Progress: 0% (4200/4192024)
I/Advanced( 5524): [QUEUE] share_queue_sendEx size:1 4097 36412 0xa00490b8,postLoopId:0,dstid:1.
D/com.chinanetcenter.iFlow( 2090): IptablesUtils > setBlackIpList already exist 255.255.255.255
D/com.chinanetcenter.iFlow( 2090): IptablesUtils > setBlackIpList already exist 224.0.0.0/4
D/com.chinanetcenter.iFlow( 2090): IptablesUtils > setBlackIpList already exist 10.0.0.0/8
D/com.chinanetcenter.iFlow( 2090): IptablesUtils > setBlackIpList already exist 192.168.0.0/16
D/com.chinanetcenter.iFlow( 2090): IptablesUtils > setBlackIpList already exist 172.16.0.0/12
D/com.chinanetcenter.iFlow( 2090): IptablesUtils > setBlackIpList already exist 169.254.0.0/16
D/com.chinanetcenter.iFlow( 2090): IptablesUtils > setBlackIpList already exist 127.0.0.0/8
D/com.chinanetcenter.iFlow( 2090): IptablesUtils > setWhiteIpList already exist 10.64.32.8
D/NtpTrustedTime( 1579): currentTimeMillis() cache hit
D/com.chinanetcenter.iFlow( 2090): IptablesUtils > setBlackPortList already exist dpt:68
D/com.chinanetcenter.iFlow( 2090): IptablesUtils > setBlackPortList already exist dpt:67
D/com.chinanetcenter.iFlow( 2090): IptablesUtils > setBlackPortList already exist dpt:5353
D/com.chinanetcenter.iFlow( 2090): IptablesUtils > setBlackPortList already exist dpt:53
D/NtpTrustedTime( 1579): currentTimeMillis() cache hit
V/broadcast( 1579): Start process parallel broadcast: com.android.server.action.NETWORK_STATS_UPDATED to com.android.server.net.NetworkPolicyManagerService$7@1b180ea7
D/NtpTrustedTime( 1579): currentTimeMillis() cache hit
D/NtpTrustedTime( 1579): currentTimeMillis() cache hit
V/broadcast( 1579): End process parallel broadcast: com.android.server.action.NETWORK_STATS_UPDATED to com.android.server.net.NetworkPolicyManagerService$7@1b180ea7
I/Advanced( 5524): [QUEUE] share_queue_sendEx size:1 4097 36413 0xa00490b8,postLoopId:0,dstid:1.
I/Advanced( 5524): [QUEUE] share_queue_sendEx size:1 4097 36414 0xa00490b8,postLoopId:0,dstid:1.
D/launcher( 2150): [DataManager]start fetch last data loop count : 0
D/launcher( 2150): [DataManager]fetchLastData : is pass Auth ?   .true
D/launcher( 2150): [DataManager]auth pass,fetch Last Data.
I/DataManager( 2150): old cms areacode: 156520001001002
I/DataManager( 2150): new cms areacode: 156520001001002
D/launcher( 2150): [HttpUtils]request url:http://gzgd.ao.com/iepg/getRoleTab?areaCode=520101A&cmsAreaCode=156520001001002&version=010202&roleId=&productType=DVB&cp=&appType=moui&qamArea=&mac=1C:66:6D:FC:8D:D7&machine=SE818&hardware=8188&groupId=&isTest=0
I/Downloader( 1131): [10692][prog_cb] Progress: 20% (838600/4192024)
I/AdvancedPorting-PORT_MODULE_NET( 5524): network_task while... 
I/AdvancedPorting-PORT_MODULE_NET( 5524): 0 interface name: lo
I/AdvancedPorting-PORT_MODULE_NET( 5524): 1 interface name: wlan0
I/AdvancedPorting-PORT_MODULE_NET( 5524): First interface name: lo
I/AdvancedPorting-PORT_MODULE_NET( 5524): network_task while...  net_i:1
I/AdvancedPorting-PORT_MODULE_NET( 5524): network_task while---name_interface[0]=lo
I/AdvancedPorting-PORT_MODULE_NET( 5524): network_task while---name_interface[1]=wlan0
I/AdvancedPorting-PORT_MODULE_NET( 5524): network_task while---interface_name=wlan0
I/AdvancedPorting-PORT_MODULE_NET( 5524): network_get_netlink_status(in)--if_name=wlan0
I/AdvancedPorting-PORT_MODULE_NET( 5524): net.network.isconnected = no
I/AdvancedPorting-PORT_MODULE_NET( 5524): wlan0 --network_get_netlink_status return retval=1
I/AdvancedPorting-PORT_MODULE_NET( 5524): stat = 1 last_status = 1
I/launcher( 2150): [LocalDataSource]fetch roleinfo:{"ret":"0","planState":0,"livePolicy":null,"margin":"","planType":"0","backdoorsButtons":[],"videoId":"","actionList":[],"planVersion":81,"retInfo":"OK","roleList":[{"id":2100000004,"roleId":"101","roleName":"\u5927\u4f17a","roleDetail":"\u5927\u4f17\u4e3b\u9898a","wallPaper":null,"tabList":[{"tabId":1003000037,"tabName":"\u770b\u7535\u89c6","tabNameI18n":"","tabDetail":"\u5168\u7701\u5e03\u5c40_\u5e7f\u7535\u7cbe\u7075","tabIconUrl":"","tabBgUrl":"","sort":10,"adsorbPosition":"left","tabType":"11","spacing":10,"margin":"","size":150,"color":"#e37878","alpha":30,"tabStatusStyle":[],"productType":null,"type":"0","actions":[],"homeTab":0,"bizLink":null,"bootTab":0},{"tabId":1003000014,"tabName":"\u597d\u63a8\u8350","tabNameI18n":"","tabDetail":"\u89c6\u8fbe\u79d1\u5e03\u5c40","tabIconUrl":"","tabBgUrl":"","sort":11,"adsorbPosition":"left","tabType":"15","spacing":50,"margin":"","size":50,"color":"#f5c9d5","alpha":1,"tabStatusStyle":[],"productType":null,"type":"0","actions":[],"homeTab":0,"bizLink":null,"bootTab":0},{"tabId":1003000015,"tabName":"\u5f71\u89c6\u8ff7","tabNameI18n":"","tabDetail":"\u89c6\u8fbe\u79d1\u5e03\u5c40","tabIconUrl":"","tabBgUrl":"","sort":12,"adsorbPosition":"left","tabType":"0","spacing":50,"margin":"","size":50,"color":"#eddadf","alpha":0,"tabStatusStyle":[],"productType":null,"type":"0","actions":[],"homeTab":0,"bizLink":null,"bootTab":0},{"tabId":1003000016,"tabName":"\u513f\u5b59\u4e50","tabNameI18n":"","tabDetail":"\u89c6\u8fbe\u79d1\u5e03\u5c40","tabIconUrl":"","tabBgUrl":"","sort":13,"adsorbPosition":"left","tabType":"0","spacing":50,"margin":"","size":50,"color":"#e8ccd3","alpha":80,"tabStatusStyle":[],"productType":null,"type":"0","actions":[],"homeTab":0,"bizLink":null,"bootTab":0},{"tabId":1003000017,"tabName":"\u597d\u4fbf\u5b9c","tabNameI18n":"","tabDetail":"\u89c6\u8fbe\u79d1\u5e03\u5c40","tabIconUrl":"","tabBgUrl":"","sort":14,"adsorbPosition":"left","tabType":"0","spacing":50,"margin":"","size":50,"color":"#c2657e","alpha":223,"tabStatusStyle":[],"productType":null,"type":"0","actions":[],"homeTab":0,"bizLink":null,"bootTab":0},{"tabId":1003000018,"tabName":"\u5e7f\u7535\u4e91","tabNameI18n":"","tabDetail":"\u89c6\u8fbe\u79d1\u5e03\u5c40","tabIconUrl":"","tabBgUrl":"","sort":15,"adsorbPosition":"left","tabType":"0","spacing":50,"margin":"","size":50,"color":"#e0b6c1","alpha":80,"tabStatusStyle":[],"productType":null,"type":"0","actions":[],"homeTab":0,"bizLink":null,"bootTab":0},{"tabId":1003000019,"tabName":"\u66f4\u591a","tabNameI18n":"","tabDetail":"\u89c6\u8fbe\u79d1\u5e03\u5c40","tabIconUrl":"","tabBgUrl":"","sort":16,"adsorbPosition":"left","tabType":"0","spacing":50,"margin":"","size":50,"color":"#e09bad","alpha":6,"tabStatusStyle":[],"productType":null,"type":"0","actions":[],"homeTab":0,"bizLink":null,"bootTab":0},{"tabId":1003000008,"tabName":"\u83dc\u5355\u680f","tabNameI18n":"","tabDetail":"\u8d35\u5dde\u2161","tabIconUrl":"","tabBgUrl":"","sort":17,"adsorbPosition":"left","tabType":"0","spacing":90,"margin":"","size":50,"color":"#ffffff","alpha":80,"tabStatusStyle":[],"productType":null,"type":"1","actions":[],"homeTab":0,"bizLink":null,"bootTab":0}]}],"planId":1004000008,"option":0,"intervalTime":60}
D/launcher( 2150): [IOUtilsx]save content to /data/data/com.gzgd.launcher/files/portal/last/roleinfo
E/launcher( 2150): [DataManager]fetchLastData onError:Updated to the latest version
D/LogWindowManageView( 2150): addLogText
D/LogWindowManageView( 2150): mLogList count:115  7349
D/launcher( 2150): [DataManager]start fetch last data loop interval : 60 s ;
D/launcher( 2150): [Utils]RandomInterval:83
I/Advanced( 5524): [QUEUE] share_queue_sendEx size:1 4097 36415 0xa00490b8,postLoopId:0,dstid:1.
I/com.chinanetcenter.iSpeed( 2176): IptablesWatchdogThread > checkThreads
V/[MMP]   ( 1131): [10691] [STM] MM: type:0, (q, o)=(0x1000, 0x2009)=>(0x2009, none)
V/[MMP]   ( 1131): [10691] [STM] MM: issue_q_msg:0x2009
V/[MMP]   ( 1131): [10691] [STM] stm_send_dm, msg:0x100d
V/[MMP]   ( 1131): [10691] [STM] update_dm, dm_status:0x0, wait_cmd:0x1000, msg:0x100d
V/[MMP]   ( 1131): [10689] [DM] dm_msg:0x100d
D/msavp_dw_module( 1131): [10689] [DM][m3u8] android_m3u8_get_info, Bandwidth:7739016, Bitrate:10480060
V/[MMP]   ( 1131): [10691] [STM] MM: res1, wait:0x100d, msg:0x400a, q_msg:0x1000, int_msg:0x1000
V/[MMP]   ( 1131): [10691] [STM] MM: res2, wait:0x100d, msg:0x400a, q_msg:0x1000, int_msg:0x1000
V/[MMP]   ( 1131): [10691] [STM] update_dm, dm_status:0x1, wait_cmd:0x100d, msg:0x400a
V/[MMP]   ( 1131): [10691] [STM] dm: wait_rsp->wait_com:0x100d
V/[MMP]   ( 1131): [10691] [STM] MM: res1, wait:0x100d, msg:0x5020, q_msg:0x1000, int_msg:0x1000
V/[MMP]   ( 1131): [10691] [STM] MM: res2, wait:0x100d, msg:0x5020, q_msg:0x1000, int_msg:0x1000
V/[MMP]   ( 1131): [10691] [STM] update bitrate: 10480060
D/mstplayer( 1131): [10691] [AVP] send to handle, streaming_msg = 501e
V/[MMP]   ( 1131): [10691] [STM] update_dm, dm_status:0x2, wait_cmd:0x100d, msg:0x5020
V/[MMP]   ( 1131): [10691] [STM] dm: wait_com->IDLE:0x0
D/mstplayer( 1131): [10686] [AVP] notify_msg_cb: 0x5008
D/mstplayer( 1131): [10686] [AVP] update network info, Bandwidth:7739016
D/mstplayer( 1131): [10686] [AVP] notify_msg_cb: 0x5009
D/mstplayer( 1131): [10686] [AVP] update network info, Bitrate:10480060
D/mstplayer( 1131): [10686] [AVP] streaming event 0x5007, size 16, data 0x0xb0e54398
W/MediaPlayer( 1877): info/warning (703, 7739016)
W/MediaPlayer( 1877): info/warning (705, 10480060)
I/Advanced( 5524): [QUEUE] share_queue_sendEx size:1 4097 36416 0xa00490b8,postLoopId:0,dstid:1.
