01-01 08:00:02.123 D/DD      ( 1252): <1572>[dd_tuner][FUNC:dd_tuner_task LINE:368]Not Start!
01-01 08:00:02.215 I/LibraryLoader( 1105): Time to load native libraries: 155 ms (timestamps 2065-2220)
01-01 08:00:02.215 I/LibraryLoader( 1105): Expected native library version number "",actual native library version number ""
01-01 08:00:02.223 D/DD      ( 1252): <1572>[dd_tuner][FUNC:dd_tuner_task LINE:368]Not Start!
01-01 08:00:02.263 I/MiSysSrv( 1118): [0mdevice_audio_amp_MSH9010:: Mute set unMute !
01-01 08:00:02.263 I/MiSysSrv( 1118): none MI_DBG_LVL_L in PROC_CMD_LINE!
01-01 08:00:02.263 I/MiSysSrv( 1118): none MI_DBG_LVL_H in PROC_CMD_LINE!
01-01 08:00:02.327 D/DD      ( 1252): <1572>[dd_tuner][FUNC:dd_tuner_task LINE:368]Not Start!
01-01 08:00:02.427 D/DD      ( 1252): <1572>[dd_tuner][FUNC:dd_tuner_task LINE:368]Not Start!
01-01 08:00:02.475 D/dalvikvm( 1105): GC_FOR_ALLOC freed 180K, 11% free 1614K/1804K, paused 12ms, total 13ms
01-01 08:00:02.527 D/DD      ( 1252): <1572>[dd_tuner][FUNC:dd_tuner_task LINE:368]Not Start!
01-01 08:00:02.627 D/DD      ( 1252): <1572>[dd_tuner][FUNC:dd_tuner_task LINE:368]Not Start!
01-01 08:00:02.635 D/dalvikvm( 1105): GC_FOR_ALLOC freed 269K, 13% free 1858K/2128K, paused 16ms, total 17ms
01-01 08:00:02.667 I/MiSysSrv( 1118): [37m[INFO] Change to Voltage: 115 mv (0x2A)[m
01-01 08:00:02.723 D/DD      ( 1252): <1572>[dd_tuner][FUNC:dd_tuner_task LINE:368]Not Start!
01-01 08:00:02.735 D/dalvikvm( 1105): GC_FOR_ALLOC freed 267K, 12% free 2101K/2372K, paused 24ms, total 24ms
01-01 08:00:02.807 W/Zygote  ( 1105): Class not found for preloading: java.lang.UnsafeByteSequence
01-01 08:00:02.831 D/DD      ( 1252): <1572>[dd_tuner][FUNC:dd_tuner_task LINE:368]Not Start!
01-01 08:00:02.883 D/dalvikvm( 1105): GC_FOR_ALLOC freed 304K, 12% free 2315K/2624K, paused 24ms, total 24ms
01-01 08:00:02.927 D/DD      ( 1252): <1572>[dd_tuner][FUNC:dd_tuner_task LINE:368]Not Start!
01-01 08:00:02.935 D/CAS     ( 1252): [1252][427858521[CAS NVM] Start Check Format!
01-01 08:00:02.935 D/CAS     ( 1252): [1252][427858521[CAS NVM] Check Format OK!
01-01 08:00:02.935 D/CAS     ( 1252): [1252][427858521[CAS NVM] Start Check Format!
01-01 08:00:02.935 D/CAS     ( 1252): [1252][427858521[CAS NVM] Check Format OK!
01-01 08:00:02.935 D/CAS     ( 1252): [1252][427858521[CAS NVM] Nvm Init OK.
01-01 08:00:02.943 D/DD      ( 1252): [DD_OS_ThreadCreate]name = CASDEMUX,nPriority = 100,nStackSize = 0x80000
01-01 08:00:02.943 D/CAS     ( 1252): [1252][427858521[CAS DMX] DEMUX Init OK.
01-01 08:00:02.943 D/DD      ( 1252): <1252>[dd_descramble][FUNC:DDErrorCode DD_DSM_Init() LINE:163]Enter
01-01 08:00:02.943 I/MiSysSrv( 1118): [HAL_DSCMB_SetBank][265] Set bank 0x9e7b7000
01-01 08:00:02.943 D/DD      ( 1252): <1252>[dd_descramble][FUNC:DDErrorCode DD_DSM_Init() LINE:188]Exit Success
01-01 08:00:02.943 D/CAS     ( 1252): [1252][427858521[CAS] Service Init OK.
01-01 08:00:02.943 D/CAS     ( 1252): [1252][427858521[CAS] DVTCASTB_Init Start. gCAParallelCount 2
01-01 08:00:02.943 D/CAS     ( 1252): [1252][427858521[CAS OS] Sema Init  B82B7A20!!!
01-01 08:00:02.943 D/CAS     ( 1252): [1252][427858521[CAS OS] Sema Init  B82B7B40!!!
01-01 08:00:02.943 D/CAS     ( 1252): [1252][427858521[CAS OS] Sema Init  B82B7B70!!!
01-01 08:00:02.943 D/CAS     ( 1252): [1252][427858521[CAS OS] Sema Init  B82B7BA0!!!
01-01 08:00:02.943 D/CAS     ( 1252): [1252][427858521[CAS OS] Sema Init  B82B7BD0!!!
01-01 08:00:02.943 D/CAS     ( 1252): [1252][427858521[CAS OS] Sema Init  B82B7C00!!!
01-01 08:00:02.943 D/CAS     ( 1252): [1252][427858521[CAS OS] Sema Init  B82B7C30!!!
01-01 08:00:02.943 D/CAS     ( 1252): [1252][427858521[CAS OS] Sema Init  B82B7C60!!!
01-01 08:00:02.943 D/CAS     ( 1252): [1252][427858521[CAS OS] Sema Init  B82B7C90!!!
01-01 08:00:02.943 D/CAS     ( 1252): [1252][427858521[CAS OS] Sema Init  B82B7CC0!!!
01-01 08:00:02.943 D/CAS     ( 1252): [1252][427858521[CAS OS] Sema Init  B82B7CF0!!!
01-01 08:00:02.943 D/CAS     ( 1252): [1252][427858522[CAS OS] Sema Init  B82B7D20!!!
01-01 08:00:02.943 D/CAS     ( 1252): [1252][427858522[CAS OS] Sema Init  B82B7D50!!!
01-01 08:00:02.943 D/CAS     ( 1252): [1252][427858522[DVT LIB] 
01-01 08:00:02.943 D/CAS     ( 1252):  Sumavision Date:Dec 14 2015 00:47:04  Version:022824001315121408 
01-01 08:00:02.943 D/CAS     ( 1252): 
01-01 08:00:02.943 D/CAS     ( 1252): [1252][427858522[CAS NVM] DVTSTBCA_GetDataFromEeprom, Lenth [72].
01-01 08:00:02.943 D/CAS     ( 1252): [1252][427858522[CAS NVM] DVTSTBCA_GetDataBufferAddr, Addr B4447E0C, Size 0x8000.
01-01 08:00:02.943 D/CAS     ( 1252): [1252][427858522[CAS NVM] DVTSTBCA_ReadDataBuffer, Addr B4447E0C[120].
01-01 08:00:02.943 D/CAS     ( 1252): [1252][427858522[CAS NVM] DVTSTBCA_ReadDataBuffer, Addr B4447E84[20484].
01-01 08:00:02.943 D/CAS     ( 1252): [1252][427858522[CAS NVM] DVTSTBCA_ReadDataBuffer, Addr B444CE88[1208].
01-01 08:00:02.951 D/CAS     ( 1252): [1252][427858522[CAS NVM] DVTSTBCA_ReadDataBuffer, Addr B444D340[8].
01-01 08:00:02.951 D/CAS     ( 1252): [1252][427858522[CAS NVM] DVTSTBCA_ReadDataBuffer, Addr B444D348[408].
01-01 08:00:02.951 D/CAS     ( 1252): [1252][427858522[CAS NVM] DVTSTBCA_ReadDataBuffer, Addr B444D4E0[2008].
01-01 08:00:02.951 D/CAS     ( 1252): [1252][427858522[CAS NVM] DVTSTBCA_ReadDataBuffer, Addr B444DCB8[12].
01-01 08:00:02.951 D/CAS     ( 1252): [1252][427858522[CAS NVM] DVTSTBCA_ReadDataBuffer, Addr B444DCC4[8].
01-01 08:00:02.951 D/CAS     ( 1252): [1252][427858522[CAS NVM] DVTSTBCA_ReadDataBuffer, Addr B444DCCC[2944].
01-01 08:00:02.951 D/DD      ( 1252): [DD_OS_ThreadCreate]name = CAS_Task,nPriority = 100,nStackSize = 0x1000
01-01 08:00:02.951 D/CAS     ( 1252): [1252][427858522[CAS OS] Create Task [DVTEcm_DisposeTask][P:101].
01-01 08:00:02.951 D/DD      ( 1252): [DD_OS_ThreadCreate]name = CAS_Task,nPriority = 101,nStackSize = 0x1000
01-01 08:00:02.951 D/CAS     ( 1252): [1252][427858522[CAS OS] Create Task [DVTEmm_ReceivingTask][P:102].
01-01 08:00:02.951 D/DD      ( 1252): [DD_OS_ThreadCreate]name = CAS_Task,nPriority = 102,nStackSize = 0x1000
01-01 08:00:02.951 D/CAS     ( 1252): [1252][427858522[CAS OS] Create Task [DVTEmm_DisposeTask][P:103].
01-01 08:00:02.951 D/DD      ( 1252): [DD_OS_ThreadCreate]name = CAS_Task,nPriority = 103,nStackSize = 0x1000
01-01 08:00:02.951 D/CAS     ( 1252): [1252][427858522[CAS OS] Create Task [DVTMsg_OSDTask][P:104].
01-01 08:00:02.951 D/DD      ( 1252): [DD_OS_ThreadCreate]name = CAS_Task,nPriority = 104,nStackSize = 0x1000
01-01 08:00:02.951 D/CAS     ( 1252): [1252][427858522[CAS OS] Create Task [DVTMsg_FingerPrintTask][P:105].
01-01 08:00:02.951 D/CAS     ( 1252): [1252][427858522[CAS] DVTCASTB_Init OK. caParallelCnt 2
01-01 08:00:02.951 D/CAS     ( 1252): [1252][427858522[CAS SC] CAS_SCard_Init.
01-01 08:00:02.951 D/DD      ( 1252): [DD_OS_ThreadCreate]name = CASCTask,nPriority = 200,nStackSize = 0x1000
01-01 08:00:02.951 D/DD      ( 1252): <1252>[dd_smartcard][FUNC:DD_SMC_Open LINE:219]Enter
01-01 08:00:02.951 D/DD      ( 1252): <1252>[dd_smartcard][FUNC:DD_SMC_Open LINE:290]SMC freq=[0]
01-01 08:00:02.951 D/DD      ( 1252): <1252>[dd_smartcard][FUNC:DD_SMC_Open LINE:331]DD_SMC_SetParams is NOT called !!!
01-01 08:00:02.951 I/MiSysSrv( 1118): HAL_SC_Init In
01-01 08:00:02.951 I/MiSysSrv( 1118): Do reg_sm0_open
01-01 08:00:02.951 I/MiSysSrv( 1118): HAL_SC_SetClk,221
01-01 08:00:02.951 I/MiSysSrv( 1118): 3080
01-01 08:00:03.011 D/CAS     ( 1252): [1252][427858528[CAS SC0] SCARD Insert!
01-01 08:00:03.011 D/DD      ( 1252): <1252>[dd_smartcard][FUNC:DD_SMC_Open LINE:422]CallBack DD_SMC_IN Happened.
01-01 08:00:03.011 D/DD      ( 1252): <1252>[dd_smartcard][FUNC:DD_SMC_Open LINE:428]bIsCardIn = 1
01-01 08:00:03.011 D/DD      ( 1252): <1252>[dd_smartcard][FUNC:DD_SMC_Open LINE:431]Exit Success
01-01 08:00:03.011 D/CAS     ( 1252): [1581][427858528[CAS SC0] SCARD Get Reset Sema!
01-01 08:00:03.011 D/CAS     ( 1252): [1581][427858528[CAS SC0] DD_SMC_Reset Called!
01-01 08:00:03.011 W/DvbNative( 1252): [1581]<[CasApi, callbackProxy(), 1321]> [warn] ### not callback register! 
01-01 08:00:03.011 D/CAS     ( 1252): [1581][427858528[CAS] Send UI Callback 0x1000!!!
01-01 08:00:03.011 D/DD      ( 1252): <1581>[dd_smartcard][FUNC:DD_SMC_Reset LINE:473]Enter
01-01 08:00:03.015 I/MiSysSrv( 1118): HAL_SC_SetClk,221
01-01 08:00:03.015 I/MiSysSrv( 1118): 8
01-01 08:00:03.019 E/DvbNative( 1252): [1252][01;31m<[CasApi, SaveCasInfos(), 126]> [error] ### read smart card info failed! ret=0, status=255[0m
01-01 08:00:03.019 D/DvbNative( 1252): [1252]<[CmnCasInterface, saveCasInfo(), 1069]> ### [ShumaCAS] save smart card serial number = 0
01-01 08:00:03.023 D/DvbNative( 1252): [1252]<[CmnCasInterface, saveCasInfo(), 1092]> ### [ShumaCAS] save card area code = 0
01-01 08:00:03.027 D/DvbNative( 1252): [1252]<[CasApi, SaveCasInfos(), 133]> ### SaveCasInfos card out
01-01 08:00:03.027 D/DvbNative( 1252): [1252]<[CmnCasInterface, getInstance(), 79]> ### initialize ok. obj=0xb82b4048, type=262144
01-01 08:00:03.027 D/DvbNative( 1252): [1252]<[Initializer, Initialize(), 731]> ### get cas instance! category=ShumaCAS
01-01 08:00:03.027 D/DvbNative( 1252): [1252]<[Initializer, _IPOTA_ScardSnChanged(), 610]> ### scard sn changed! scardSn=''
01-01 08:00:03.027 E/DvbNative( 1252): [1252][01;31m<[ConfigBase, getAsString(), 199]> [error] ### get config value failed! key=PrintDebugInfoSec[0m
01-01 08:00:03.027 D/DvbNative( 1252): [1252]<[BootErrDetect, startRunning(), 284]> ### disable bootup error detection!
01-01 08:00:03.027 D/DvbNative( 1252): [1252]<[Initializer, _IPOTA_UpdateInfoPropertyAfterInit(), 555]> ### persist.sys.IpOta.HwVer : '01.01.05.41'
01-01 08:00:03.027 D/DD      ( 1252): <1572>[dd_tuner][FUNC:dd_tuner_task LINE:368]Not Start!
01-01 08:00:03.027 D/DvbNative( 1252): [1252]<[Initializer, _IPOTA_UpdateInfoPropertyAfterInit(), 567]> ### persist.sys.IpOta.SwVer : '00.00.03.06'
01-01 08:00:03.035 E/DvbNative( 1252): [1252][01;31m<[Initializer, _IPOTA_UpdateInfoPropertyAfterInit(), 599]> [error] ### parser stb sn failed! SN='280a0e1020fe13012e31001a170a0e3563412ef00fe11a020e2'[0m
01-01 08:00:03.035 D/DvbNative( 1252): [1252]<[Initializer, Initialize(), 801]> ### #######################################################
01-01 08:00:03.035 D/DvbNative( 1252): [1252]<[Initializer, Initialize(), 802]> ### ################     Initialize end     ###############
01-01 08:00:03.035 D/DvbNative( 1252): [1252]<[Initializer, Initialize(), 803]> ### #######################################################
01-01 08:00:03.035 D/DvbNative( 1252): [1252]<[CmnService, instantiate(), 703]> ### ===>>>>>>>>>>[3] start ServiceStub
01-01 08:00:03.035 I/DvbNative( 1252): [1252]before initialize module Unspecific
01-01 08:00:03.035 E/DvbNative( 1252): [1252][01;31m<[ModuleProxy, globalInitialize(), 141]> [error] ### leak module, please check!!! module=Unspecific[0m
01-01 08:00:03.035 I/DvbNative( 1252): [1252]after initialize module Unspecific
01-01 08:00:03.035 I/DvbNative( 1252): [1252]before initialize module BootupActions
01-01 08:00:03.035 I/DvbNative( 1252): [1252]after initialize module BootupActions
01-01 08:00:03.035 I/DvbNative( 1252): [1252]before initialize module LivePlay
01-01 08:00:03.035 I/DvbNative( 1252): [1252]after initialize module LivePlay
01-01 08:00:03.035 I/DvbNative( 1252): [1252]before initialize module RawPlay
01-01 08:00:03.035 I/DvbNative( 1252): [1252]after initialize module RawPlay
01-01 08:00:03.035 I/DvbNative( 1252): [1252]before initialize module LiveSearch
01-01 08:00:03.035 V/DvbNative( 1252): [1252]<[MGExt_LiveSearch, MGExt_LiveSearch(), 30]> ### ========= trace =========
01-01 08:00:03.035 I/DvbNative( 1252): [1252]after initialize module LiveSearch
01-01 08:00:03.035 I/DvbNative( 1252): [1252]before initialize module CAS
01-01 08:00:03.035 I/DvbNative( 1252): [1252]after initialize module CAS
01-01 08:00:03.035 I/DvbNative( 1252): [1252]before initialize module Epg
01-01 08:00:03.035 I/DvbNative( 1252): [1252]after initialize module Epg
01-01 08:00:03.035 I/DvbNative( 1252): [1252]before initialize module Bouquet
01-01 08:00:03.035 I/DvbNative( 1252): [1252]after initialize module Bouquet
01-01 08:00:03.035 I/DvbNative( 1252): [1252]before initialize module SystemInfo
01-01 08:00:03.035 I/DvbNative( 1252): [1252]after initialize module SystemInfo
01-01 08:00:03.035 I/DvbNative( 1252): [1252]before initialize module SystemControl
01-01 08:00:03.035 I/DvbNative( 1252): [1252]after initialize module SystemControl
01-01 08:00:03.035 I/DvbNative( 1252): [1252]before initialize module DvbUpdate
01-01 08:00:03.035 I/DvbNative( 1252): [1252]after initialize module DvbUpdate
01-01 08:00:03.035 I/DvbNative( 1252): [1252]before initialize module IVIP
01-01 08:00:03.035 E/DvbNative( 1252): [1252][01;31m<[ModuleProxy, globalInitialize(), 141]> [error] ### leak module, please check!!! module=IVIP[0m
01-01 08:00:03.035 I/DvbNative( 1252): [1252]after initialize module IVIP
01-01 08:00:03.035 I/DvbNative( 1252): [1252]before initialize module OcDcDownLoad
01-01 08:00:03.035 I/DvbNative( 1252): [1252]after initialize module OcDcDownLoad
01-01 08:00:03.035 I/DvbNative( 1252): [1252]before initialize module Star
01-01 08:00:03.035 E/DvbNative( 1252): [1252][01;31m<[ModuleProxy, globalInitialize(), 141]> [error] ### leak module, please check!!! module=Star[0m
01-01 08:00:03.035 I/DvbNative( 1252): [1252]after initialize module Star
01-01 08:00:03.035 I/DvbNative( 1252): [1252]before initialize module PesFilter
01-01 08:00:03.035 D/DvbNative( 1252): [1252]<[MGExt_PesFilter, MGExt_PesFilter(), 239]> ### enter! this=0xb82ba388
01-01 08:00:03.035 D/DvbNative( 1252): [1252]<[MGExt_PesFilter, _globalInitialize(), 255]> ### [CFG] ApiMaxPesFilterCnt=8
01-01 08:00:03.035 I/DvbNative( 1252): [1252]after initialize module PesFilter
01-01 08:00:03.035 I/DvbNative( 1252): [1252]before initialize module SectionFilter
01-01 08:00:03.035 D/DvbNative( 1252): [1252]<[MGExt_SectionFilter, MGExt_SectionFilter(), 259]> ### enter! this=0xb82ba398
01-01 08:00:03.035 D/DvbNative( 1252): [1252]<[MGExt_SectionFilter, _globalInitialize(), 275]> ### [CFG] ApiMaxSectionFilterCnt=8
01-01 08:00:03.035 I/DvbNative( 1252): [1252]after initialize module SectionFilter
01-01 08:00:03.035 I/DvbNative( 1252): [1252]before initialize module PvrRecord
01-01 08:00:03.035 E/DvbNative( 1252): [1252][01;31m<[ModuleProxy, globalInitialize(), 141]> [error] ### leak module, please check!!! module=PvrRecord[0m
01-01 08:00:03.035 I/DvbNative( 1252): [1252]after initialize module PvrRecord
01-01 08:00:03.035 I/DvbNative( 1252): [1252]before initialize module PvrPlayback
01-01 08:00:03.035 E/DvbNative( 1252): [1252][01;31m<[ModuleProxy, globalInitialize(), 141]> [error] ### leak module, please check!!! module=PvrPlayback[0m
01-01 08:00:03.035 I/DvbNative( 1252): [1252]after initialize module PvrPlayback
01-01 08:00:03.035 I/DvbNative( 1252): [1252]before initialize module PvrPlaybackList
01-01 08:00:03.035 E/DvbNative( 1252): [1252][01;31m<[ModuleProxy, globalInitialize(), 141]> [error] ### leak module, please check!!! module=PvrPlaybackList[0m
01-01 08:00:03.035 I/DvbNative( 1252): [1252]after initialize module PvrPlaybackList
01-01 08:00:03.035 I/DvbNative( 1252): [1252]before initialize module MosaicCapture
01-01 08:00:03.035 I/DvbNative( 1252): [1252]after initialize module MosaicCapture
01-01 08:00:03.035 I/DvbNative( 1252): [1252]before initialize module MosaicPlay
01-01 08:00:03.035 I/DvbNative( 1252): [1252]after initialize module MosaicPlay
01-01 08:00:03.035 I/DvbNative( 1252): [1252]before initialize module Resource
01-01 08:00:03.035 I/DvbNative( 1252): [1252]after initialize module Resource
01-01 08:00:03.035 I/DvbNative( 1252): [1252]before initialize module Adv
01-01 08:00:03.035 I/DvbNative( 1252): [1252]after initialize module Adv
01-01 08:00:03.035 D/DvbNative( 1252): [1585]<[MGExt_Adv, onThreadWorking(), 169]> ### boot process start!
01-01 08:00:03.035 D/DvbNative( 1252): [1585]<[MGExt_Adv, onThreadWorking(), 176]> ### install key complete in bootup
01-01 08:00:03.035 D/DvbNative( 1252): [1252]<[CmnService, instantiate(), 706]> ### ===>>>>>>>>>>[4] start PropertyStub
01-01 08:00:03.043 D/DvbNative( 1252): [1252]<[CmnService, instantiate(), 708]> ### <<<<<========== all have been started
01-01 08:00:03.043 D/DvbNative( 1252): [1252]<[main_dvbserver, main(), 64]> ### start bootup actions
01-01 08:00:03.043 D/DvbNative( 1252): [1252]<[BootupActions, _globalInitialize(), 58]> ### prepare to initialize! 
01-01 08:00:03.043 D/DvbNative( 1252): [1252]<[BootupActions, _globalInitialize(), 70]> ### initialize end! 
01-01 08:00:03.043 D/DvbNative( 1252): [1252]<[BootupActions, startActions(), 655]> ### prepare to start bootup actions
01-01 08:00:03.043 D/DvbNative( 1252): [1588]<[PropertyStub, onThreadWorking(), 1392]> ### enter PropertyStub's working thread
01-01 08:00:03.043 D/DvbNative( 1252): [1252]<[BootupActions, startActions(), 667]> ### database location is /dvb/databases/dvb/dvb 
01-01 08:00:03.043 D/DvbNative( 1252): [1252]<[BootupActions, startActions(), 671]> ### check database Ok!
01-01 08:00:03.043 D/DvbNative( 1252): [1252]<[BootupActions, startActions(), 695]> ### ota work mode is ''
01-01 08:00:03.043 D/DvbNative( 1252): [1252]<[BootupActions, startActions(), 708]> ### need detect OTA update! param=227000:6875:3:8000, freqKHz=227000, symbKHz=6875, modu=3, timeoutMs=8000 
01-01 08:00:03.043 D/DvbNative( 1252): [1252]<[BootupActions, startActions(), 734]> ### need detect ServList update! param=227000:6875:3:8000, freqKHz=227000, symbKHz=6875, modu=3, timeoutMs=8000 
01-01 08:00:03.043 D/DvbNative( 1252): [1252]<[BootupActions, _getNitVersion(), 561]> ### database location is /dvb/databases/dvb/dvb 
01-01 08:00:03.043 D/DvbNative( 1252): [1252]<[BootupActions, _getNitVersion(), 580]> ### searchNitVerByFre: search tb Data_Transponders, the freqencyKhz is 227000 
01-01 08:00:03.043 D/DvbNative( 1252): [1588]<[PropertyStub, registerPropertyCmd(), 1326]> ### register property command. key=sys.Standby, proc=0xb6df27f5
01-01 08:00:03.043 D/DvbNative( 1252): [1588]<[PropertyStub, registerPropertyCmd(), 1326]> ### register property command. key=sys.SimuStandBy, proc=0xb6df2369
01-01 08:00:03.051 D/DvbNative( 1252): [1588]<[PropertyStub, registerPropertyCmd(), 1326]> ### register property command. key=persist.sys.GraphicAlpha, proc=0xb6df2051
01-01 08:00:03.051 D/DvbNative( 1252): [1588]<[PropertyStub, registerPropertyCmd(), 1326]> ### register property command. key=persist.sys.TotSwitcher, proc=0xb6df0fcd
01-01 08:00:03.051 D/DvbNative( 1252): [1588]<[PropertyStub, registerPropertyCmd(), 1326]> ### register property command. key=persist.sys.TdtSwitcher, proc=0xb6df0c09
01-01 08:00:03.051 D/DvbNative( 1252): [1588]<[PropertyStub, registerPropertyCmd(), 1326]> ### register property command. key=sys.cmd.FpLed, proc=0xb6df2ad5
01-01 08:00:03.051 D/DvbNative( 1252): [1588]<[PropertyStub, registerPropertyCmd(), 1326]> ### register property command. key=sys.cmd.SystemCall, proc=0xb6df03b9
01-01 08:00:03.051 D/DvbNative( 1252): [1588]<[PropertyStub, registerPropertyCmd(), 1326]> ### register property command. key=sys.cmd.BackupDvbDatabase, proc=0xb6df1dbd
01-01 08:00:03.051 D/DvbNative( 1252): [1588]<[PropertyStub, registerPropertyCmd(), 1326]> ### register property command. key=sys.cmd.resume.db.file, proc=0xb6df3255
01-01 08:00:03.051 D/DvbNative( 1252): [1588]<[PropertyStub, registerPropertyCmd(), 1326]> ### register property command. key=sys.cmd.resume.db.xml, proc=0xb6df2ce5
01-01 08:00:03.051 D/DvbNative( 1252): [1588]<[PropertyStub, registerPropertyCmd(), 1326]> ### register property command. key=sys.cmd.ApkInstall, proc=0xb6df1cad
01-01 08:00:03.051 D/DvbNative( 1252): [1588]<[PropertyStub, registerPropertyCmd(), 1326]> ### register property command. key=sys.cmd.TunerLock, proc=0xb6df4a75
01-01 08:00:03.051 D/DvbNative( 1252): [1588]<[PropertyStub, registerPropertyCmd(), 1326]> ### register property command. key=sys.cmd.VideoZOrder, proc=0xb6df1969
01-01 08:00:03.051 D/DvbNative( 1252): [1588]<[PropertyStub, registerPropertyCmd(), 1326]> ### register property command. key=sys.cmd.TsRecorder, proc=0xb6df3b2d
01-01 08:00:03.051 D/DvbNative( 1252): [1588]<[PropertyStub, registerPropertyCmd(), 1326]> ### register property command. key=sys.cmd.Upgrade, proc=0xb6df1675
01-01 08:00:03.051 D/DvbNative( 1252): [1588]<[PropertyStub, registerPropertyCmd(), 1326]> ### register property command. key=sys.cmd.CasLibSwitch, proc=0xb6df1391
01-01 08:00:03.051 D/DvbNative( 1252): [1588]<[PropertyStub, onThreadWorking(), 1416]> ### prepare to listen property command
01-01 08:00:03.055 D/EventHub( 1252): No input device configuration file found for device 'vinput'.
01-01 08:00:03.075 I/System  ( 1105): Loaded time zone names for "zh_CN" in 180ms (168ms in ICU)
01-01 08:00:03.075 D/DvbNative( 1252): [1252]<[BootupActions, _getNitVersion(), 605]> ### searchNitVerByFre: search tb Data_Networks, the networkid is 1 
01-01 08:00:03.083 D/DvbNative( 1252): [1252]<[BootupActions, _getNitVersion(), 622]> ### search db success, NIT version is -1
01-01 08:00:03.083 E/DvbNative( 1252): [1252][01;31m<[BootupActions, startActions(), 744]> [error] ### get NIT version failed! NitVersion=4294967295[0m
01-01 08:00:03.083 D/DvbNative( 1252): [1358]<[BootupActions, _msgProc_StartBootupDetect(), 274]> ### prepare to start OTA upgrade detect! detectTpFlag=0x1, lockParam={tp=<227000,6875,3>, usbLnb=0}
01-01 08:00:03.083 V/DvbNative( 1252): [1358]<[Detector, startDetectTp(), 656]> ### ========= trace =========
01-01 08:00:03.083 D/DvbNative( 1252): [1358]<[Detector, startDetectTp(), 693]> ### [CFG] parser ota pid convert! cfg=41=8112;45=8114;39=8116;50=8120;46=8118;55=8122 
01-01 08:00:03.083 D/DvbNative( 1252): [1358]<[Detector, startDetectTp(), 704]> ### [CFG] parser ota pid  manufactureId=39,otaPid=8116
01-01 08:00:03.083 D/DvbNative( 1252): [1358]<[Detector, startDetectTp(), 704]> ### [CFG] parser ota pid  manufactureId=41,otaPid=8112
01-01 08:00:03.083 D/DvbNative( 1252): [1358]<[Detector, startDetectTp(), 704]> ### [CFG] parser ota pid  manufactureId=45,otaPid=8114
01-01 08:00:03.083 D/DvbNative( 1252): [1358]<[Detector, startDetectTp(), 704]> ### [CFG] parser ota pid  manufactureId=46,otaPid=8118
01-01 08:00:03.083 D/DvbNative( 1252): [1358]<[Detector, startDetectTp(), 704]> ### [CFG] parser ota pid  manufactureId=50,otaPid=8120
01-01 08:00:03.083 D/DvbNative( 1252): [1358]<[Detector, startDetectTp(), 704]> ### [CFG] parser ota pid  manufactureId=55,otaPid=8122
01-01 08:00:03.083 D/DvbNative( 1252): [1358]<[Detector, startDetectTp(), 710]> ### [CFG] parser ota pid convert end! count=6
01-01 08:00:03.091 W/EventHub( 1252): Unable to disable kernel key repeat for /dev/input/event2: Function not implemented
01-01 08:00:03.091 I/EventHub( 1252): New device: id=1, fd=33, path='/dev/input/event2', name='vinput', classes=0x8000006f, configuration='', keyLayout='/system/usr/keylayout/Generic.kl', keyCharacterMap='/system/usr/keychars/Generic.kcm', builtinKeyboard=false, usingSuspendBlockIoctl=false, usingClockIoctl=true
01-01 08:00:03.091 D/DvbNative( 1252): [1358]<[Detector, startDetectTp(), 713]> ### [CFG] parser ota pid convert end! srcBoxId=41
01-01 08:00:03.091 D/DvbNative( 1252): [1358]<[Detector, startDetectTp(), 722]> ### ota pid converted! manufactureId=41, otaPid=8112
01-01 08:00:03.091 D/DvbNative( 1252): [1358]<[BootupActions, _msgProc_StartBootupDetect(), 299]> ### current detect timeout is 8000
01-01 08:00:03.091 V/DvbNative( 1252): [1358]<[IProgramRegionControl, IProgramRegionControl(), 505]> ### ========= trace =========
01-01 08:00:03.091 D/DvbNative( 1252): [1358]<[IProgramRegionControl, IProgramRegionControl(), 509]> ### mCasRegionCode=0
01-01 08:00:03.091 E/EventHub( 1252): could not get driver version for /dev/input/mouse1, Not a typewriter
01-01 08:00:03.091 D/DvbNative( 1252): [1358]<[IProgramRegionControl, IProgramRegionControl(), 520]> ### ### program follow version is 255
01-01 08:00:03.091 D/DvbNative( 1252): [1358]<[BootupActions, _msgProc_DectFollowProTable(), 631]> ### after IProgramRegionControl::getInstance();
01-01 08:00:03.091 V/DvbNative( 1252): [1358]<[Detector, _msgProc_StartDetectTp(), 335]> ### ========= trace =========
01-01 08:00:03.091 D/DvbNative( 1252): [1358]<[Tuner, _printTunerInfo(), 267]> ### =========>>>>>>===== force lock tuner request =====<<<<<<========= count=1
01-01 08:00:03.095 D/DvbNative( 1252): [1358]<[Tuner, ForceLock(), 1912]> ### request to lock: tpParam=<227000,6875,3,4294967295>, useLnb=0, lnbParam=<18,0,4294967295,4294967295,0,0,0,0,0,255,0>
01-01 08:00:03.095 D/DvbNative( 1252): [1358]<[Tuner, ForceLock(), 2006]> ### try to force lock tuner. tunerId=0, status=Unlock(3)
01-01 08:00:03.095 D/DvbNative( 1252): [1358]<[Tuner, _tunerTuneInner(), 459]> ### enter! tunerId=0, type=101, NestUseCount=0, tpParam=<227000,6875,3,4294967295>, useLnb=0, lnbParam=<18,0,4294967295,4294967295,0,0,0,0,0,255,0>
01-01 08:00:03.095 D/DvbNative( 1252): [1358]<[Tuner, _tunerTuneInner(), 603]> ### configure DVBC/C2 tune parameters. type=101(DVB_C)
01-01 08:00:03.095 D/DvbNative( 1252): [1358]<[Tuner, _tunerTuneInner(), 619]> ### DD param: uFrequency=227000, uSymbolRate=6875000, uModulation=3
01-01 08:00:03.095 D/DD      ( 1252): <1358>[dd_tuner][FUNC:DD_Tuner_AddCallback LINE:721]Enter
01-01 08:00:03.095 D/DD      ( 1252): <1358>[dd_tuner][FUNC:DD_Tuner_AddCallback LINE:743]the callback is already register!
01-01 08:00:03.095 D/DD      ( 1252): <1358>[dd_tuner][FUNC:DD_Tuner_AddCallback LINE:744]Exit Success
01-01 08:00:03.095 D/DD      ( 1252): <1358>[dd_tuner][FUNC:DD_Tuner_Connect LINE:581]Enter
01-01 08:00:03.095 D/DD      ( 1252): <1358>[dd_tuner][FUNC:DD_Tuner_Connect LINE:605]frq 227000, QAM 3, SymbolRate 6875000, dwTunerId 0
01-01 08:00:03.095 I/MiSysSrv( 1118): [DTV_SetTune][665][MXL608]hy_tuner [tune]Freq:227.000000,eBandWidth:3,eMode:2
01-01 08:00:03.095 I/MiSysSrv( 1118): [DTV_SetTune][681][MXL608]hy_tuner ============================>DTV_SetTune 8M
01-01 08:00:03.095 I/MiSysSrv( 1118): MxLWare608_API_CfgTunerChanTune, signal type = 0, Freq = 227000000, BW = 2, Xtal = 0 
01-01 08:00:03.115 D/DvbNative( 1252): [1592]<[IProgramRegionControl, _msgProc_StartSearch(), 1034]> ### enter,type = 1
01-01 08:00:03.115 D/DvbNative( 1252): [1592]<[Tuner, _printTunerInfo(), 267]> ### =========>>>>>>===== force lock tuner request =====<<<<<<========= count=1
01-01 08:00:03.115 D/DvbNative( 1252): [1592]<[Tuner, ForceLock(), 1912]> ### request to lock: tpParam=<227000,6875,3,4294967295>, useLnb=0, lnbParam=<18,0,4294967295,4294967295,0,0,0,0,0,255,0>
01-01 08:00:03.115 D/DvbNative( 1252): [1592]<[Tuner, ForceLock(), 2006]> ### try to force lock tuner. tunerId=0, status=Locking(2)
01-01 08:00:03.123 D/EventHub( 1252): No input device configuration file found for device 'MCE IR Keyboard/Mouse (ir)'.
01-01 08:00:03.135 D/DD      ( 1252): <1572>[dd_tuner][FUNC:dd_tuner_task LINE:368]Not Start!
01-01 08:00:03.135 I/EventHub( 1252): New device: id=2, fd=25, path='/dev/input/event1', name='MCE IR Keyboard/Mouse (ir)', classes=0x6b, configuration='', keyLayout='/system/usr/keylayout/Generic.kl', keyCharacterMap='/system/usr/keychars/Generic.kcm', builtinKeyboard=false, usingSuspendBlockIoctl=false, usingClockIoctl=true
01-01 08:00:03.135 E/EventHub( 1252): could not get driver version for /dev/input/mouse0, Not a typewriter
01-01 08:00:03.155 D/DvbNative( 1252): [1585]<[ADV_CORE, adv_init(), 2122]> ### adv@enter!
01-01 08:00:03.155 D/DD      ( 1252): [DD_OS_ThreadCreate]name = AdvCoreTask,nPriority = 100,nStackSize = 0x10000
01-01 08:00:03.155 V/DvbNative( 1252): [1585]<[ADV_CORE, adv_lock_fre(), 1851]> ### ========= trace =========
01-01 08:00:03.155 D/DD      ( 1252): <1585>[dd_tuner][FUNC:DD_Tuner_AddCallback LINE:721]Enter
01-01 08:00:03.155 D/DD      ( 1252): <1585>[dd_tuner][FUNC:DD_Tuner_AddCallback LINE:758]register the callback success ,0XB25A09FC!
01-01 08:00:03.155 D/DD      ( 1252): <1585>[dd_tuner][FUNC:DD_Tuner_AddCallback LINE:759]Exit Success
01-01 08:00:03.155 D/DD      ( 1252): <1585>[dd_tuner][FUNC:DD_Tuner_Connect LINE:581]Enter
01-01 08:00:03.155 D/DD      ( 1252): <1585>[dd_tuner][FUNC:DD_Tuner_Connect LINE:605]frq 227000, QAM 3, SymbolRate 6875000, dwTunerId 0
01-01 08:00:03.155 I/MiSysSrv( 1118): MxLWare608_API_ReqTunerLockStatus RfSynthStatus = 1, RefSynthStatus = 1[MDrv_Tuner_SetTuner][511][MXL608]hy_tuner 
01-01 08:00:03.155 I/MiSysSrv( 1118): Tuner locked
01-01 08:00:03.155 I/MiSysSrv( 1118): [MDrv_Tuner_SetTuner][513][MXL608]hy_tuner MxL608_0x5B : 10
01-01 08:00:03.155 I/MiSysSrv( 1118): [MDrv_Tuner_SetTuner][515][MXL608]hy_tuner MxL608_0x5C : b1
01-01 08:00:03.155 I/MiSysSrv( 1118): [DTV_DVB_C_SetFrequency][846][DC2800]hy_tuner  device_demodulator_extend2
01-01 08:00:03.155 I/MiSysSrv( 1118): [DTV_DVB_C_SetFrequency][848][DC2800]hy_tuner u32Frequency:227000, [3, 6875, 2]
01-01 08:00:03.163 I/MiSysSrv( 1118): [DTV_DVB_C_SetFrequency][909][DC2800]hy_tuner device_demodulator_extend2 exit
01-01 08:00:03.163 D/DD      ( 1252): <1358>[dd_tuner][FUNC:DD_Tuner_Connect LINE:704]Exit Success
01-01 08:00:03.171 I/Zygote  ( 1105): ...preloaded 2777 classes in 2568ms.
01-01 08:00:03.175 D/DD      ( 1252): <1585>[dd_tuner][FUNC:DD_Tuner_Connect LINE:635]the same frq 227000, QAM 3 ,tuner unlocked!!
01-01 08:00:03.175 I/MiSysSrv( 1118): [DTV_SetTune][665][MXL608]hy_tuner [tune]Freq:227.000000,eBandWidth:3,eMode:2
01-01 08:00:03.175 I/MiSysSrv( 1118): [DTV_SetTune][681][MXL608]hy_tuner ============================>DTV_SetTune 8M
01-01 08:00:03.175 I/MiSysSrv( 1118): MxLWare608_API_CfgTunerChanTune, signal type = 0, Freq = 227000000, BW = 2, Xtal = 0 
01-01 08:00:03.191 E/KeyLayoutMap( 1252): /system/usr/keylayout/Vendor_0001_Product_0001_Version_0100.kl:223: Expected key code label, got 'YUNOS_TV_MOUSE'.
01-01 08:00:03.203 W/EventHub( 1252): Unable to disable kernel key repeat for /dev/input/event0: Function not implemented
01-01 08:00:03.203 I/EventHub( 1252): New device: id=3, fd=34, path='/dev/input/event0', name='MStar Smart TV IR Receiver', classes=0x61, configuration='/system/usr/idc/Vendor_3697_Product_0001.idc', keyLayout='/system/usr/keylayout/Vendor_3697_Product_0001.kl', keyCharacterMap='/system/usr/keychars/Generic.kcm', builtinKeyboard=false, usingSuspendBlockIoctl=false, usingClockIoctl=true
01-01 08:00:03.203 E/EventHub( 1252): could not get driver version for /dev/input/mice, Not a typewriter
01-01 08:00:03.231 I/MiSysSrv( 1118): MxLWare608_API_ReqTunerLockStatus RfSynthStatus = 1, RefSynthStatus = 1[MDrv_Tuner_SetTuner][511][MXL608]hy_tuner 
01-01 08:00:03.231 D/DD      ( 1252): <1572>[dd_tuner][FUNC:dd_tuner_task LINE:368]Not Start!
01-01 08:00:03.231 I/MiSysSrv( 1118): Tuner locked
01-01 08:00:03.239 I/MiSysSrv( 1118): [MDrv_Tuner_SetTuner][513][MXL608]hy_tuner MxL608_0x5B : 10
01-01 08:00:03.239 I/MiSysSrv( 1118): [MDrv_Tuner_SetTuner][515][MXL608]hy_tuner MxL608_0x5C : b1
01-01 08:00:03.239 I/MiSysSrv( 1118): [DTV_DVB_C_SetFrequency][846][DC2800]hy_tuner  device_demodulator_extend2
01-01 08:00:03.239 I/MiSysSrv( 1118): [DTV_DVB_C_SetFrequency][848][DC2800]hy_tuner u32Frequency:227000, [3, 6875, 2]
01-01 08:00:03.239 I/MiSysSrv( 1118): [DTV_DVB_C_SetFrequency][884][DC2800]hy_tuner  you lock same  [227000 6875 64 3]  !!
01-01 08:00:03.239 I/MiSysSrv( 1118): [DTV_DVB_C_SetFrequency][909][DC2800]hy_tuner device_demodulator_extend2 exit
01-01 08:00:03.239 D/DD      ( 1252): <1585>[dd_tuner][FUNC:DD_Tuner_Connect LINE:704]Exit Success
01-01 08:00:03.239 D/DD      ( 1252): <1585>[dd_demux][FUNC:DD_Demux_ConnectTuner LINE:102]Enter
01-01 08:00:03.239 E/DD      ( 1252): tuner&demux already connected
01-01 08:00:03.239 D/DD      ( 1252): <1585>[dd_demux][FUNC:DD_Demux_ConnectTuner LINE:113]Exit Success
01-01 08:00:03.255 I/MiSysSrv( 1118): Send EVENT_NOTIFY_TEMPLATE
01-01 08:00:03.255 D/DD      ( 1252): <1372>[dd_smartcard][FUNC:_SmcCallbackFunc LINE:127]Enter
01-01 08:00:03.527 I/MiSysSrv( 1118): _MI_AOUT_MUTE_AmpAndAV Set mute/unmute of Hdmi Audio
01-01 08:00:03.531 I/MiSysSrv( 1118): [1;36m>>>MI_IMPL_DISPLAY_GetDisplayHandle[602] 
01-01 08:00:03.531 I/MiSysSrv( 1118): [0m[1;32m[MI INFO]: ~~~~> MI_IMPL_DISPLAY_GetDisplayHandle(): [IN]u8DevIndex=0, [OUT]phDispHandle=0x9b8bc864
01-01 08:00:03.531 I/MiSysSrv( 1118): [0m[1;36m>>>MI_ATOM_DISPLAY_GetDisplayHandle[1885] 
01-01 08:00:03.531 I/MiSysSrv( 1118): [0m[1;36m<<<MI_ATOM_DISPLAY_GetDisplayHandle[1902] 
01-01 08:00:03.531 I/MiSysSrv( 1118): [0m[1;36m<<<MI_IMPL_DISPLAY_GetDisplayHandle[614] 
01-01 08:00:03.531 I/MiSysSrv( 1118): [0m[1;32m[MI INFO]: <~~~~ MI_IMPL_DISPLAY_GetDisplayHandle(): [OUT]*phDispHandle(0x9b8bc864)=0xffff0600
01-01 08:00:03.531 I/MiSysSrv( 1118): [0m[1;36m>>>MI_IMPL_DISPLAY_GetWindowHandle[625] 
01-01 08:00:03.531 I/MiSysSrv( 1118): [0m[1;32m[MI INFO]: ~~~~> MI_IMPL_DISPLAY_GetWindowHandle(): [IN]u8WindowIndex=0, [IN]hDispHandle=0xffff0600, [OUT]phWinHandle=0x9b8bc868
01-01 08:00:03.531 I/MiSysSrv( 1118): [0m[1;36m>>>MI_ATOM_DISPLAY_GetWindowHandle[1908] 
01-01 08:00:03.531 I/MiSysSrv( 1118): [0m[1;36m<<<MI_ATOM_DISPLAY_GetWindowHandle[1935] 
01-01 08:00:03.531 I/MiSysSrv( 1118): [0m[1;36m<<<MI_IMPL_DISPLAY_GetWindowHandle[638] 
01-01 08:00:03.531 I/MiSysSrv( 1118): [0m[1;32m[MI INFO]: <~~~~ MI_IMPL_DISPLAY_GetWindowHandle(): [OUT]*phWinHandle(0x9b8bc868)=0xffff0700
01-01 08:00:03.531 I/MiSysSrv( 1118): [0m[1;32m[MI INFO]: MI_IMPL_DISPLAY_GetWindowHandle :Get Winodow Hanle Time = 0ms
01-01 08:00:03.531 I/MiSysSrv( 1118): [0mnone MI_DBG_LVL_L in PROC_CMD_LINE!
01-01 08:00:03.531 I/MiSysSrv( 1118): none MI_DBG_LVL_H in PROC_CMD_LINE!
01-01 08:00:03.535 I/MiSysSrv( 1118): MPOOL size : 0x200000
01-01 08:00:03.535 I/tvos    ( 1119): [0m[1;32m
01-01 08:00:03.535 I/tvos    ( 1119):  Plugged in 
01-01 08:00:03.535 I/tvos    ( 1119): [0m[1;31m
01-01 08:00:03.535 I/tvos    ( 1119):  TV Don't support 4K2K 
01-01 08:00:03.535 I/tvos    ( 1119): [0mMW_Control::CommonEventMonitor get event,stComEvt.enCmd=30,recevid time=6689
01-01 08:00:03.535 I/MiSysSrv( 1118): [1;36m>>>MI_IMPL_DISPLAY_Init[462] 
01-01 08:00:03.535 I/MiSysSrv( 1118): [0m[1;32m[MI INFO]: ~~~~> MI_IMPL_DISPLAY_Init(): [IN]pstDispCap(0x9af84bf4)={2}
01-01 08:00:03.535 I/MiSysSrv( 1118): [0m[1;32m[MI INFO]: MI_DISPLAY already Inited, return ok !
01-01 08:00:03.543 I/MiSysSrv( 1118): [0m[1;36m<<<MI_IMPL_DISPLAY_Init[469] 
01-01 08:00:03.543 I/MiSysSrv( 1118): [0m[1;36m>>>MI_IMPL_DISPLAY_GetDisplayHandle[602] 
01-01 08:00:03.543 I/MiSysSrv( 1118): [0m[1;32m[MI INFO]: ~~~~> MI_IMPL_DISPLAY_GetDisplayHandle(): [IN]u8DevIndex=0, [OUT]phDispHandle=0x9b9beb74
01-01 08:00:03.543 I/MiSysSrv( 1118): [0m[1;36m>>>MI_ATOM_DISPLAY_GetDisplayHandle[1885] 
01-01 08:00:03.543 I/MiSysSrv( 1118): [0m[1;36m<<<MI_ATOM_DISPLAY_GetDisplayHandle[1902] 
01-01 08:00:03.543 I/MiSysSrv( 1118): [0m[1;36m<<<MI_IMPL_DISPLAY_GetDisplayHandle[614] 
01-01 08:00:03.543 I/MiSysSrv( 1118): [0m[1;32m[MI INFO]: <~~~~ MI_IMPL_DISPLAY_GetDisplayHandle(): [OUT]*phDispHandle(0x9b9beb74)=0xffff0600
01-01 08:00:03.543 I/MiSysSrv( 1118): [0m[1;36m>>>MI_IMPL_DISPLAY_GetWindowHandle[625] 
01-01 08:00:03.543 I/MiSysSrv( 1118): [0m[1;32m[MI INFO]: ~~~~> MI_IMPL_DISPLAY_GetWindowHandle(): [IN]u8WindowIndex=0, [IN]hDispHandle=0xffff0600, [OUT]phWinHandle=0x9b8bcb6c
01-01 08:00:03.543 I/MiSysSrv( 1118): [0m[1;36m>>>MI_ATOM_DISPLAY_GetWindowHandle[1908] 
01-01 08:00:03.543 I/MiSysSrv( 1118): [0m[1;36m<<<MI_ATOM_DISPLAY_GetWindowHandle[1935] 
01-01 08:00:03.543 I/MiSysSrv( 1118): [0m[1;36m<<<MI_IMPL_DISPLAY_GetWindowHandle[638] 
01-01 08:00:03.543 I/MiSysSrv( 1118): [0m[1;32m[MI INFO]: <~~~~ MI_IMPL_DISPLAY_GetWindowHandle(): [OUT]*phWinHandle(0x9b8bcb6c)=0xffff0700
01-01 08:00:03.543 I/MiSysSrv( 1118): [0m[1;32m[MI INFO]: MI_IMPL_DISPLAY_GetWindowHandle :Get Winodow Hanle Time = 1ms
01-01 08:00:03.543 I/tvos    ( 1119): MW_Control::Build sucess!!
01-01 08:00:03.543 I/tvos    ( 1119): main init #2
01-01 08:00:03.551 I/tvos    ( 1119): main init #done
01-01 08:00:03.551 I/MiSysSrv( 1118): [0mMPOOL size : 0x200000
01-01 08:00:03.551 I/tvos    ( 1119): start mdebug:false
01-01 08:00:03.735 I/tvos    ( 1119): MW_Control::CommonEventMonitor get event,stComEvt.enCmd=20,recevid time=6888
01-01 08:00:03.739 I/tvos    ( 1119): MW_Control::CommonEventMonitor get event,stComEvt.enCmd=20,recevid time=6889
01-01 08:00:03.751 D/dalvikvm( 1105): GC_EXPLICIT freed 298K, 12% free 2557K/2876K, paused 3ms+3ms, total 31ms
01-01 08:00:03.751 I/Zygote  ( 1105): Preloading resources...
01-01 08:00:03.763 W/Resources( 1105): Preloaded drawable resource #0x1080096 (android:drawable/toast_frame) that varies with configuration!!
01-01 08:00:03.771 W/Resources( 1105): Preloaded drawable resource #0x1080105 (android:drawable/btn_check_on_pressed_holo_light) that varies with configuration!!
01-01 08:00:03.771 W/Resources( 1105): Preloaded drawable resource #0x1080104 (android:drawable/btn_check_on_pressed_holo_dark) that varies with configuration!!
01-01 08:00:03.775 W/Resources( 1105): Preloaded drawable resource #0x1080102 (android:drawable/btn_check_on_holo_light) that varies with configuration!!
01-01 08:00:03.783 W/Resources( 1105): Preloaded drawable resource #0x1080101 (android:drawable/btn_check_on_holo_dark) that varies with configuration!!
01-01 08:00:03.783 W/Resources( 1105): Preloaded drawable resource #0x10800ff (android:drawable/btn_check_on_focused_holo_light) that varies with configuration!!
01-01 08:00:03.787 W/Resources( 1105): Preloaded drawable resource #0x10800fe (android:drawable/btn_check_on_focused_holo_dark) that varies with configuration!!
01-01 08:00:03.791 W/Resources( 1105): Preloaded drawable resource #0x10800fd (android:drawable/btn_check_on_disabled_holo_light) that varies with configuration!!
01-01 08:00:03.791 W/Resources( 1105): Preloaded drawable resource #0x10800fc (android:drawable/btn_check_on_disabled_holo_dark) that varies with configuration!!
01-01 08:00:03.791 W/Resources( 1105): Preloaded drawable resource #0x10800fb (android:drawable/btn_check_on_disabled_focused_holo_light) that varies with configuration!!
01-01 08:00:03.799 W/Resources( 1105): Preloaded drawable resource #0x10800fa (android:drawable/btn_check_on_disabled_focused_holo_dark) that varies with configuration!!
01-01 08:00:03.799 W/Resources( 1105): Preloaded drawable resource #0x10800f2 (android:drawable/btn_check_off_pressed_holo_light) that varies with configuration!!
01-01 08:00:03.799 W/Resources( 1105): Preloaded drawable resource #0x10800f1 (android:drawable/btn_check_off_pressed_holo_dark) that varies with configuration!!
01-01 08:00:03.799 W/Resources( 1105): Preloaded drawable resource #0x10800ed (android:drawable/btn_check_off_holo_light) that varies with configuration!!
01-01 08:00:03.807 W/Resources( 1105): Preloaded drawable resource #0x10800ec (android:drawable/btn_check_off_holo_dark) that varies with configuration!!
01-01 08:00:03.807 W/Resources( 1105): Preloaded drawable resource #0x10800ea (android:drawable/btn_check_off_focused_holo_light) that varies with configuration!!
01-01 08:00:03.807 W/Resources( 1105): Preloaded drawable resource #0x10800e9 (android:drawable/btn_check_off_focused_holo_dark) that varies with configuration!!
01-01 08:00:03.811 W/Resources( 1105): Preloaded drawable resource #0x10800e8 (android:drawable/btn_check_off_disabled_holo_light) that varies with configuration!!
01-01 08:00:03.811 W/Resources( 1105): Preloaded drawable resource #0x10800e7 (android:drawable/btn_check_off_disabled_holo_dark) that varies with configuration!!
01-01 08:00:03.819 W/Resources( 1105): Preloaded drawable resource #0x10800e6 (android:drawable/btn_check_off_disabled_focused_holo_light) that varies with configuration!!
01-01 08:00:03.819 W/Resources( 1105): Preloaded drawable resource #0x10800e5 (android:drawable/btn_check_off_disabled_focused_holo_dark) that varies with configuration!!
01-01 08:00:03.827 W/Resources( 1105): Preloaded drawable resource #0x1080102 (android:drawable/btn_check_on_holo_light) that varies with configuration!!
01-01 08:00:03.827 W/Resources( 1105): Preloaded drawable resource #0x10800ed (android:drawable/btn_check_off_holo_light) that varies with configuration!!
01-01 08:00:03.827 W/Resources( 1105): Preloaded drawable resource #0x1080105 (android:drawable/btn_check_on_pressed_holo_light) that varies with configuration!!
01-01 08:00:03.827 W/Resources( 1105): Preloaded drawable resource #0x10800f2 (android:drawable/btn_check_off_pressed_holo_light) that varies with configuration!!
01-01 08:00:03.835 W/Resources( 1105): Preloaded drawable resource #0x10800ff (android:drawable/btn_check_on_focused_holo_light) that varies with configuration!!
01-01 08:00:03.835 W/Resources( 1105): Preloaded drawable resource #0x10800ea (android:drawable/btn_check_off_focused_holo_light) that varies with configuration!!
01-01 08:00:03.839 W/Resources( 1105): Preloaded drawable resource #0x10800ed (android:drawable/btn_check_off_holo_light) that varies with configuration!!
01-01 08:00:03.839 W/Resources( 1105): Preloaded drawable resource #0x1080102 (android:drawable/btn_check_on_holo_light) that varies with configuration!!
01-01 08:00:03.847 W/Resources( 1105): Preloaded drawable resource #0x10800fd (android:drawable/btn_check_on_disabled_holo_light) that varies with configuration!!
01-01 08:00:03.847 W/Resources( 1105): Preloaded drawable resource #0x10800e8 (android:drawable/btn_check_off_disabled_holo_light) that varies with configuration!!
01-01 08:00:03.851 W/Resources( 1105): Preloaded drawable resource #0x10800fb (android:drawable/btn_check_on_disabled_focused_holo_light) that varies with configuration!!
01-01 08:00:03.851 W/Resources( 1105): Preloaded drawable resource #0x10800e6 (android:drawable/btn_check_off_disabled_focused_holo_light) that varies with configuration!!
01-01 08:00:03.851 W/Resources( 1105): Preloaded drawable resource #0x10800e8 (android:drawable/btn_check_off_disabled_holo_light) that varies with configuration!!
01-01 08:00:03.855 W/Resources( 1105): Preloaded drawable resource #0x10800fd (android:drawable/btn_check_on_disabled_holo_light) that varies with configuration!!
01-01 08:00:03.855 W/Resources( 1105): Preloaded drawable resource #0x10800dc (android:drawable/btn_check_holo_light) that varies with configuration!!
01-01 08:00:03.859 W/Resources( 1105): Preloaded drawable resource #0x1080101 (android:drawable/btn_check_on_holo_dark) that varies with configuration!!
01-01 08:00:03.859 W/Resources( 1105): Preloaded drawable resource #0x10800ec (android:drawable/btn_check_off_holo_dark) that varies with configuration!!
01-01 08:00:03.859 W/Resources( 1105): Preloaded drawable resource #0x1080104 (android:drawable/btn_check_on_pressed_holo_dark) that varies with configuration!!
01-01 08:00:03.863 W/Resources( 1105): Preloaded drawable resource #0x10800f1 (android:drawable/btn_check_off_pressed_holo_dark) that varies with configuration!!
01-01 08:00:03.871 W/Resources( 1105): Preloaded drawable resource #0x10800fe (android:drawable/btn_check_on_focused_holo_dark) that varies with configuration!!
01-01 08:00:03.871 W/Resources( 1105): Preloaded drawable resource #0x10800e9 (android:drawable/btn_check_off_focused_holo_dark) that varies with configuration!!
01-01 08:00:03.871 W/Resources( 1105): Preloaded drawable resource #0x10800ec (android:drawable/btn_check_off_holo_dark) that varies with configuration!!
01-01 08:00:03.871 W/Resources( 1105): Preloaded drawable resource #0x1080101 (android:drawable/btn_check_on_holo_dark) that varies with configuration!!
01-01 08:00:03.871 W/Resources( 1105): Preloaded drawable resource #0x10800fc (android:drawable/btn_check_on_disabled_holo_dark) that varies with configuration!!
01-01 08:00:03.879 W/Resources( 1105): Preloaded drawable resource #0x10800e7 (android:drawable/btn_check_off_disabled_holo_dark) that varies with configuration!!
01-01 08:00:03.879 W/Resources( 1105): Preloaded drawable resource #0x10800fa (android:drawable/btn_check_on_disabled_focused_holo_dark) that varies with configuration!!
01-01 08:00:03.883 W/Resources( 1105): Preloaded drawable resource #0x10800e5 (android:drawable/btn_check_off_disabled_focused_holo_dark) that varies with configuration!!
01-01 08:00:03.883 W/Resources( 1105): Preloaded drawable resource #0x10800e7 (android:drawable/btn_check_off_disabled_holo_dark) that varies with configuration!!
01-01 08:00:03.887 W/Resources( 1105): Preloaded drawable resource #0x10800fc (android:drawable/btn_check_on_disabled_holo_dark) that varies with configuration!!
01-01 08:00:03.887 W/Resources( 1105): Preloaded drawable resource #0x10800db (android:drawable/btn_check_holo_dark) that varies with configuration!!
01-01 08:00:03.891 W/Resources( 1105): Preloaded drawable resource #0x1080195 (android:drawable/btn_radio_on_pressed_holo_light) that varies with configuration!!
01-01 08:00:03.891 W/Resources( 1105): Preloaded drawable resource #0x1080194 (android:drawable/btn_radio_on_pressed_holo_dark) that varies with configuration!!
01-01 08:00:03.895 W/Resources( 1105): Preloaded drawable resource #0x1080192 (android:drawable/btn_radio_on_holo_light) that varies with configuration!!
01-01 08:00:03.895 W/Resources( 1105): Preloaded drawable resource #0x1080191 (android:drawable/btn_radio_on_holo_dark) that varies with configuration!!
01-01 08:00:03.903 W/Resources( 1105): Preloaded drawable resource #0x108018f (android:drawable/btn_radio_on_focused_holo_light) that varies with configuration!!
01-01 08:00:03.903 W/Resources( 1105): Preloaded drawable resource #0x108018e (android:drawable/btn_radio_on_focused_holo_dark) that varies with configuration!!
01-01 08:00:03.911 W/Resources( 1105): Preloaded drawable resource #0x108018d (android:drawable/btn_radio_on_disabled_holo_light) that varies with configuration!!
01-01 08:00:03.911 W/Resources( 1105): Preloaded drawable resource #0x108018c (android:drawable/btn_radio_on_disabled_holo_dark) that varies with configuration!!
01-01 08:00:03.911 W/Resources( 1105): Preloaded drawable resource #0x108018b (android:drawable/btn_radio_on_disabled_focused_holo_light) that varies with configuration!!
01-01 08:00:03.915 W/Resources( 1105): Preloaded drawable resource #0x108018a (android:drawable/btn_radio_on_disabled_focused_holo_dark) that varies with configuration!!
01-01 08:00:03.919 W/Resources( 1105): Preloaded drawable resource #0x1080187 (android:drawable/btn_radio_off_pressed_holo_light) that varies with configuration!!
01-01 08:00:03.919 W/Resources( 1105): Preloaded drawable resource #0x1080186 (android:drawable/btn_radio_off_pressed_holo_dark) that varies with configuration!!
01-01 08:00:03.919 W/Resources( 1105): Preloaded drawable resource #0x1080184 (android:drawable/btn_radio_off_holo_light) that varies with configuration!!
01-01 08:00:03.927 W/Resources( 1105): Preloaded drawable resource #0x1080183 (android:drawable/btn_radio_off_holo_dark) that varies with configuration!!
01-01 08:00:03.927 W/Resources( 1105): Preloaded drawable resource #0x1080181 (android:drawable/btn_radio_off_focused_holo_light) that varies with configuration!!
01-01 08:00:03.955 D/dalvikvm( 1105): GC_FOR_ALLOC freed 665K, 24% free 2609K/3404K, paused 30ms, total 30ms
01-01 08:00:03.955 W/Resources( 1105): Preloaded drawable resource #0x1080180 (android:drawable/btn_radio_off_focused_holo_dark) that varies with configuration!!
01-01 08:00:03.963 W/Resources( 1105): Preloaded drawable resource #0x108017f (android:drawable/btn_radio_off_disabled_holo_light) that varies with configuration!!
01-01 08:00:03.963 W/Resources( 1105): Preloaded drawable resource #0x108017e (android:drawable/btn_radio_off_disabled_holo_dark) that varies with configuration!!
01-01 08:00:03.967 W/Resources( 1105): Preloaded drawable resource #0x108017d (android:drawable/btn_radio_off_disabled_focused_holo_light) that varies with configuration!!
01-01 08:00:03.967 W/Resources( 1105): Preloaded drawable resource #0x108017c (android:drawable/btn_radio_off_disabled_focused_holo_dark) that varies with configuration!!
01-01 08:00:03.971 W/Resources( 1105): Preloaded drawable resource #0x1080128 (android:drawable/btn_default_pressed_holo_light) that varies with configuration!!
01-01 08:00:03.975 W/Resources( 1105): Preloaded drawable resource #0x1080127 (android:drawable/btn_default_pressed_holo_dark) that varies with configuration!!
01-01 08:00:03.975 W/Resources( 1105): Preloaded drawable resource #0x1080124 (android:drawable/btn_default_normal_holo_light) that varies with configuration!!
01-01 08:00:03.983 W/Resources( 1105): Preloaded drawable resource #0x1080123 (android:drawable/btn_default_normal_holo_dark) that varies with configuration!!
01-01 08:00:03.983 W/Resources( 1105): Preloaded drawable resource #0x108011c (android:drawable/btn_default_focused_holo_light) that varies with configuration!!
01-01 08:00:03.983 W/Resources( 1105): Preloaded drawable resource #0x108011b (android:drawable/btn_default_focused_holo_dark) that varies with configuration!!
01-01 08:00:03.991 W/Resources( 1105): Preloaded drawable resource #0x1080119 (android:drawable/btn_default_disabled_holo_light) that varies with configuration!!
01-01 08:00:03.991 W/Resources( 1105): Preloaded drawable resource #0x1080118 (android:drawable/btn_default_disabled_holo_dark) that varies with configuration!!
01-01 08:00:03.991 W/Resources( 1105): Preloaded drawable resource #0x1080116 (android:drawable/btn_default_disabled_focused_holo_light) that varies with configuration!!
01-01 08:00:03.999 W/Resources( 1105): Preloaded drawable resource #0x1080115 (android:drawable/btn_default_disabled_focused_holo_dark) that varies with configuration!!
01-01 08:00:04.003 W/Resources( 1105): Preloaded drawable resource #0x1080123 (android:drawable/btn_default_normal_holo_dark) that varies with configuration!!
