12-31 16:00:09.283 D/CCDTOSSec231( 1605): mActions is NOT @ android.content.pm.PackageParser.ActivityIntentInfo
12-31 16:00:09.283 D/CCDTOSSec231( 1605): mActions is NOT @ android.content.pm.PackageParser.IntentInfo
12-31 16:00:09.283 D/CCDTOSSec231( 1605): Get QQLIVETV.OPEN.INTENT.CHANNEL.GOTO_CHANNEL from com.ktcp.tvvideo
12-31 16:00:09.287 D/CCDTOSSec231( 1605): Get QQLIVETV.OPEN.INTENT.SEARCH.SEARCH from com.ktcp.tvvideo
12-31 16:00:09.287 D/CCDTOSSec231( 1605): Get QQLIVETV.OPEN.INTENT.LIVE.OPEN_TVSTATION from com.ktcp.tvvideo
12-31 16:00:09.287 D/CCDTOSSec231( 1605): Get QQLIVETV.OPEN.INTENT.VOD.OPEN_VIDEO from com.ktcp.tvvideo
12-31 16:00:09.287 D/CCDTOSSec231( 1605): Get QQLIVETV.OPEN.INTENT.VOD.OPEN_DETAIL from com.ktcp.tvvideo
12-31 16:00:09.287 D/CCDTOSSec231( 1605): Get QQLIVETV.OPEN.INTENT.CHANNEL.GOTO_HOME from com.ktcp.tvvideo
12-31 16:00:09.287 D/CCDTOSSec231( 1605): Get com.tv.tothird.delall from com.ktcp.tvvideo
12-31 16:00:09.287 D/CCDTOSSec231( 1605): Get com.ktcp.video from com.ktcp.tvvideo
12-31 16:00:09.287 D/CCDTOSSec231( 1605): mCategories is NOT @ android.content.pm.PackageParser.ActivityIntentInfo
12-31 16:00:09.287 D/CCDTOSSec231( 1605): mCategories is NOT @ android.content.pm.PackageParser.IntentInfo
12-31 16:00:09.287 D/CCDTOSSec231( 1605): Get android.intent.category.BROWSABLE from com.ktcp.tvvideo
12-31 16:00:09.291 D/CCDTOSSec231( 1605): Get android.intent.category.DEFAULT from com.ktcp.tvvideo
12-31 16:00:09.291 D/CCDTOSSec231( 1605): mActions is NOT @ android.content.pm.PackageParser.ActivityIntentInfo
12-31 16:00:09.291 D/CCDTOSSec231( 1605): mActions is NOT @ android.content.pm.PackageParser.IntentInfo
12-31 16:00:09.291 D/CCDTOSSec231( 1605): Get android.intent.action.VIEW from com.ktcp.tvvideo
12-31 16:00:09.291 D/CCDTOSSec231( 1605): mCategories is NOT @ android.content.pm.PackageParser.ActivityIntentInfo
12-31 16:00:09.295 D/CCDTOSSec231( 1605): mCategories is NOT @ android.content.pm.PackageParser.IntentInfo
12-31 16:00:09.295 D/CCDTOSSec231( 1605): NO WORK:mCategories is null @ android.content.pm.PackageParser.ActivityIntentInfo
12-31 16:00:09.295 D/CCDTOSSec231( 1605): mActions is NOT @ android.content.pm.PackageParser.ActivityIntentInfo
12-31 16:00:09.295 D/CCDTOSSec231( 1605): mActions is NOT @ android.content.pm.PackageParser.IntentInfo
12-31 16:00:09.295 D/CCDTOSSec231( 1605): Get com.tencent.qqlivetv.login.req from com.ktcp.tvvideo
12-31 16:00:09.295 D/CCDTOSSec231( 1605): mCategories is NOT @ android.content.pm.PackageParser.ActivityIntentInfo
12-31 16:00:09.295 D/CCDTOSSec231( 1605): mCategories is NOT @ android.content.pm.PackageParser.IntentInfo
12-31 16:00:09.295 D/CCDTOSSec231( 1605): NO WORK:mCategories is null @ android.content.pm.PackageParser.ActivityIntentInfo
12-31 16:00:09.295 D/CCDTOSSec231( 1605): mActions is NOT @ android.content.pm.PackageParser.ActivityIntentInfo
12-31 16:00:09.295 D/CCDTOSSec231( 1605): mActions is NOT @ android.content.pm.PackageParser.IntentInfo
12-31 16:00:09.295 D/CCDTOSSec231( 1605): Get com.ktcp.partner.action.UPDATE_CONFIG from com.ktcp.tvvideo
12-31 16:00:09.295 D/CCDTOSSec231( 1605): mCategories is NOT @ android.content.pm.PackageParser.ActivityIntentInfo
12-31 16:00:09.299 D/CCDTOSSec231( 1605): mCategories is NOT @ android.content.pm.PackageParser.IntentInfo
12-31 16:00:09.299 D/CCDTOSSec231( 1605): NO WORK:mCategories is null @ android.content.pm.PackageParser.ActivityIntentInfo
12-31 16:00:09.299 D/CCDTOSSec231( 1605): mActions is NOT @ android.content.pm.PackageParser.ActivityIntentInfo
12-31 16:00:09.299 D/CCDTOSSec231( 1605): mActions is NOT @ android.content.pm.PackageParser.IntentInfo
12-31 16:00:09.299 D/CCDTOSSec231( 1605): Get com.tencent.oma.push.ACTION_PUSH_MSG_RECEIVE from com.ktcp.tvvideo
12-31 16:00:09.299 D/CCDTOSSec231( 1605): Get com.tencent.guid from com.ktcp.tvvideo
12-31 16:00:09.299 D/CCDTOSSec231( 1605): Get com.ktcp.message.center.RECEIVABLE_MSG from com.ktcp.tvvideo
12-31 16:00:09.299 D/CCDTOSSec231( 1605): Get com.ktcp.message.center.REJECTIVE_MSG from com.ktcp.tvvideo
12-31 16:00:09.299 D/CCDTOSSec231( 1605): Get com.ktcp.message.center.permission.CHANGE_RED_DOT_STATE from com.ktcp.tvvideo
12-31 16:00:09.299 D/CCDTOSSec231( 1605): Get com.ktcp.message.center.SHOW_VCOIN_UPDATE from com.ktcp.tvvideo
12-31 16:00:09.299 D/CCDTOSSec231( 1605): Get com.ktcp.message.center.SET_COOKIE from com.ktcp.tvvideo
12-31 16:00:09.299 D/CCDTOSSec231( 1605): Get com.ktcp.message.center.PULL_VIP_MESSAGE from com.ktcp.tvvideo
12-31 16:00:09.303 D/CCDTOSSec231( 1605): Get com.ktcp.message.center.CLEAR_VIP_MESSAGE from com.ktcp.tvvideo
12-31 16:00:09.303 D/CCDTOSSec231( 1605): mCategories is NOT @ android.content.pm.PackageParser.ActivityIntentInfo
12-31 16:00:09.303 D/CCDTOSSec231( 1605): mCategories is NOT @ android.content.pm.PackageParser.IntentInfo
12-31 16:00:09.307 D/CCDTOSSec231( 1605): NO WORK:mCategories is null @ android.content.pm.PackageParser.ActivityIntentInfo
12-31 16:00:09.307 D/CCDTOSSec231( 1605): mActions is NOT @ android.content.pm.PackageParser.ActivityIntentInfo
12-31 16:00:09.307 D/CCDTOSSec231( 1605): mActions is NOT @ android.content.pm.PackageParser.IntentInfo
12-31 16:00:09.307 D/CCDTOSSec231( 1605): Get com.ktcp.message.center.SWITCH_ENV from com.ktcp.tvvideo
12-31 16:00:09.307 D/CCDTOSSec231( 1605): mCategories is NOT @ android.content.pm.PackageParser.ActivityIntentInfo
12-31 16:00:09.307 D/CCDTOSSec231( 1605): mCategories is NOT @ android.content.pm.PackageParser.IntentInfo
12-31 16:00:09.307 D/CCDTOSSec231( 1605): NO WORK:mCategories is null @ android.content.pm.PackageParser.ActivityIntentInfo
12-31 16:00:09.307 D/CCDTOSSec231( 1605): mActions is NOT @ android.content.pm.PackageParser.ActivityIntentInfo
12-31 16:00:09.311 D/CCDTOSSec231( 1605): mActions is NOT @ android.content.pm.PackageParser.IntentInfo
12-31 16:00:09.311 W/CCDTOSSec231( 1605): Remove android.intent.action.BOOT_COMPLETED from com.ktcp.tvvideo
12-31 16:00:09.311 D/CCDTOSSec231( 1605): mCategories is NOT @ android.content.pm.PackageParser.ActivityIntentInfo
12-31 16:00:09.311 D/CCDTOSSec231( 1605): mCategories is NOT @ android.content.pm.PackageParser.IntentInfo
12-31 16:00:09.311 D/CCDTOSSec231( 1605): Get android.intent.category.Default from com.ktcp.tvvideo
12-31 16:00:09.311 D/CCDTOSSec231( 1605): mActions is NOT @ android.content.pm.PackageParser.ActivityIntentInfo
12-31 16:00:09.311 D/CCDTOSSec231( 1605): mActions is NOT @ android.content.pm.PackageParser.IntentInfo
12-31 16:00:09.315 D/CCDTOSSec231( 1605): Get OnReceiveDataPoint from com.ktcp.tvvideo
12-31 16:00:09.315 D/CCDTOSSec231( 1605): Get OnBinderInoutLan from com.ktcp.tvvideo
12-31 16:00:09.315 D/CCDTOSSec231( 1605): Get TXDeviceServiceMsg from com.ktcp.tvvideo
12-31 16:00:09.315 D/CCDTOSSec231( 1605): mCategories is NOT @ android.content.pm.PackageParser.ActivityIntentInfo
12-31 16:00:09.315 D/CCDTOSSec231( 1605): mCategories is NOT @ android.content.pm.PackageParser.IntentInfo
12-31 16:00:09.315 D/CCDTOSSec231( 1605): NO WORK:mCategories is null @ android.content.pm.PackageParser.ActivityIntentInfo
12-31 16:00:09.319 D/CCDTOSSec231( 1605): mActions is NOT @ android.content.pm.PackageParser.ActivityIntentInfo
12-31 16:00:09.319 D/CCDTOSSec231( 1605): mActions is NOT @ android.content.pm.PackageParser.IntentInfo
12-31 16:00:09.319 W/CCDTOSSec231( 1605): Remove android.intent.action.BOOT_COMPLETED from com.ktcp.tvvideo
12-31 16:00:09.319 D/CCDTOSSec231( 1605): Get android.intent.action.BATTERY_CHANGED from com.ktcp.tvvideo
12-31 16:00:09.319 D/CCDTOSSec231( 1605): mCategories is NOT @ android.content.pm.PackageParser.ActivityIntentInfo
12-31 16:00:09.319 D/CCDTOSSec231( 1605): mCategories is NOT @ android.content.pm.PackageParser.IntentInfo
12-31 16:00:09.319 D/CCDTOSSec231( 1605): NO WORK:mCategories is null @ android.content.pm.PackageParser.ActivityIntentInfo
12-31 16:00:09.319 D/CCDTOSSec231( 1605): mActions is NOT @ android.content.pm.PackageParser.ActivityIntentInfo
12-31 16:00:09.319 D/CCDTOSSec231( 1605): mActions is NOT @ android.content.pm.PackageParser.IntentInfo
12-31 16:00:09.319 D/CCDTOSSec231( 1605): Get com.ktcp.message.center.CAN_PROCESS_VIDEO_MESSAGE from com.ktcp.tvvideo
12-31 16:00:09.319 D/CCDTOSSec231( 1605): mCategories is NOT @ android.content.pm.PackageParser.ActivityIntentInfo
12-31 16:00:09.319 D/CCDTOSSec231( 1605): mCategories is NOT @ android.content.pm.PackageParser.IntentInfo
12-31 16:00:09.319 D/CCDTOSSec231( 1605): NO WORK:mCategories is null @ android.content.pm.PackageParser.ActivityIntentInfo
12-31 16:00:09.319 D/CCDTOSSec231( 1605): mActions is NOT @ android.content.pm.PackageParser.ActivityIntentInfo
12-31 16:00:09.319 D/CCDTOSSec231( 1605): mActions is NOT @ android.content.pm.PackageParser.IntentInfo
12-31 16:00:09.319 D/CCDTOSSec231( 1605): Get com.ktcp.video.FETCH_OPENID_INFO from com.ktcp.tvvideo
12-31 16:00:09.319 D/CCDTOSSec231( 1605): Get com.ktcp.timealign.sync.receive from com.ktcp.tvvideo
12-31 16:00:09.319 D/CCDTOSSec231( 1605): mCategories is NOT @ android.content.pm.PackageParser.ActivityIntentInfo
12-31 16:00:09.319 D/CCDTOSSec231( 1605): mCategories is NOT @ android.content.pm.PackageParser.IntentInfo
12-31 16:00:09.319 D/CCDTOSSec231( 1605): NO WORK:mCategories is null @ android.content.pm.PackageParser.ActivityIntentInfo
12-31 16:00:09.327 D/CCDTOSSec231( 1605): mActions is NOT @ android.content.pm.PackageParser.ActivityIntentInfo
12-31 16:00:09.327 D/CCDTOSSec231( 1605): mActions is NOT @ android.content.pm.PackageParser.IntentInfo
12-31 16:00:09.327 W/CCDTOSSec231( 1605): Remove android.intent.action.BOOT_COMPLETED from com.ktcp.tvvideo
12-31 16:00:09.327 D/CCDTOSSec231( 1605): Get android.intent.action.BATTERY_CHANGED from com.ktcp.tvvideo
12-31 16:00:09.327 D/CCDTOSSec231( 1605): Get com.tencent.guid from com.ktcp.tvvideo
12-31 16:00:09.327 D/CCDTOSSec231( 1605): mCategories is NOT @ android.content.pm.PackageParser.ActivityIntentInfo
12-31 16:00:09.327 D/CCDTOSSec231( 1605): mCategories is NOT @ android.content.pm.PackageParser.IntentInfo
12-31 16:00:09.327 D/CCDTOSSec231( 1605): NO WORK:mCategories is null @ android.content.pm.PackageParser.ActivityIntentInfo
12-31 16:00:09.327 D/CCDTOSSec231( 1605): mActions is NOT @ android.content.pm.PackageParser.ActivityIntentInfo
12-31 16:00:09.327 D/CCDTOSSec231( 1605): mActions is NOT @ android.content.pm.PackageParser.IntentInfo
12-31 16:00:09.327 D/CCDTOSSec231( 1605): Get android.intent.action.BATTERY_CHANGED from com.ktcp.tvvideo
12-31 16:00:09.327 D/CCDTOSSec231( 1605): Get com.tencent.projection from com.ktcp.tvvideo
12-31 16:00:09.327 D/CCDTOSSec231( 1605): Get com.tencent.guid from com.ktcp.tvvideo
12-31 16:00:09.327 D/CCDTOSSec231( 1605): Get com.tencent.projection.get_qrcode_data from com.ktcp.tvvideo
12-31 16:00:09.327 D/CCDTOSSec231( 1605): Get com.tencent.projection.get_member_data from com.ktcp.tvvideo
12-31 16:00:09.327 D/CCDTOSSec231( 1605): Get android.intent.action.PROJECTION_PLAYER from com.ktcp.tvvideo
12-31 16:00:09.327 D/CCDTOSSec231( 1605): Get android.intent.action.START_PROJECTION from com.ktcp.tvvideo
12-31 16:00:09.327 D/CCDTOSSec231( 1605): mCategories is NOT @ android.content.pm.PackageParser.ActivityIntentInfo
12-31 16:00:09.335 D/CCDTOSSec231( 1605): mCategories is NOT @ android.content.pm.PackageParser.IntentInfo
12-31 16:00:09.335 D/CCDTOSSec231( 1605): NO WORK:mCategories is null @ android.content.pm.PackageParser.ActivityIntentInfo
12-31 16:00:09.335 D/CCDTOSSec231( 1605): mActions is NOT @ android.content.pm.PackageParser.ActivityIntentInfo
12-31 16:00:09.335 D/CCDTOSSec231( 1605): mActions is NOT @ android.content.pm.PackageParser.IntentInfo
12-31 16:00:09.335 W/CCDTOSSec231( 1605): Remove android.intent.action.BOOT_COMPLETED from com.ktcp.tvvideo
12-31 16:00:09.335 D/CCDTOSSec231( 1605): Get action.kill.process from com.ktcp.tvvideo
12-31 16:00:09.335 D/CCDTOSSec231( 1605): mCategories is NOT @ android.content.pm.PackageParser.ActivityIntentInfo
12-31 16:00:09.335 D/CCDTOSSec231( 1605): mCategories is NOT @ android.content.pm.PackageParser.IntentInfo
12-31 16:00:09.343 D/CCDTOSSec231( 1605): NO WORK:mCategories is null @ android.content.pm.PackageParser.ActivityIntentInfo
12-31 16:00:09.343 D/CCDTOSSec231( 1605): mActions is NOT @ android.content.pm.PackageParser.ActivityIntentInfo
12-31 16:00:09.343 D/CCDTOSSec231( 1605): mActions is NOT @ android.content.pm.PackageParser.IntentInfo
12-31 16:00:09.343 W/CCDTOSSec231( 1605): Remove android.intent.action.BOOT_COMPLETED from com.ktcp.tvvideo
12-31 16:00:09.343 D/CCDTOSSec231( 1605): Get com.ktcp.video.AUTO_BOOT from com.ktcp.tvvideo
12-31 16:00:09.343 D/CCDTOSSec231( 1605): Scan Providers
12-31 16:00:09.343 D/CCDTOSSec231( 1605): Check time cost: 178 ms
12-31 16:00:09.759 W/CCDTOSSec231( 1605): IntentCheck(PackageParser) check com.ipanel.android_webview.shell
12-31 16:00:09.759 D/CCDTOSSec231( 1605): Scan Activities
12-31 16:00:09.759 D/CCDTOSSec231( 1605): mCategories is NOT @ android.content.pm.PackageParser.ActivityIntentInfo
12-31 16:00:09.759 D/CCDTOSSec231( 1605): mCategories is NOT @ android.content.pm.PackageParser.IntentInfo
12-31 16:00:09.759 D/CCDTOSSec231( 1605): Get android.intent.category.LAUNCHER from com.ipanel.android_webview.shell
12-31 16:00:09.759 D/CCDTOSSec231( 1605): mActions is NOT @ android.content.pm.PackageParser.ActivityIntentInfo
12-31 16:00:09.763 D/CCDTOSSec231( 1605): mActions is NOT @ android.content.pm.PackageParser.IntentInfo
12-31 16:00:09.763 D/CCDTOSSec231( 1605): Get android.intent.action.MAIN from com.ipanel.android_webview.shell
12-31 16:00:09.763 D/CCDTOSSec231( 1605): mCategories is NOT @ android.content.pm.PackageParser.ActivityIntentInfo
12-31 16:00:09.763 D/CCDTOSSec231( 1605): mCategories is NOT @ android.content.pm.PackageParser.IntentInfo
12-31 16:00:09.763 D/CCDTOSSec231( 1605): Get android.intent.category.DEFAULT from com.ipanel.android_webview.shell
12-31 16:00:09.763 D/CCDTOSSec231( 1605): mActions is NOT @ android.content.pm.PackageParser.ActivityIntentInfo
12-31 16:00:09.763 D/CCDTOSSec231( 1605): mActions is NOT @ android.content.pm.PackageParser.IntentInfo
12-31 16:00:09.767 D/CCDTOSSec231( 1605): Get com.ipanel.android_webview.loadurl from com.ipanel.android_webview.shell
12-31 16:00:09.767 D/CCDTOSSec231( 1605): Scan Services
12-31 16:00:09.767 D/CCDTOSSec231( 1605): mCategories is NOT @ android.content.pm.PackageParser.ServiceIntentInfo
12-31 16:00:09.767 D/CCDTOSSec231( 1605): mCategories is NOT @ android.content.pm.PackageParser.IntentInfo
12-31 16:00:09.767 D/CCDTOSSec231( 1605): NO WORK:mCategories is null @ android.content.pm.PackageParser.ServiceIntentInfo
12-31 16:00:09.767 D/CCDTOSSec231( 1605): mActions is NOT @ android.content.pm.PackageParser.ServiceIntentInfo
12-31 16:00:09.767 D/CCDTOSSec231( 1605): mActions is NOT @ android.content.pm.PackageParser.IntentInfo
12-31 16:00:09.767 D/CCDTOSSec231( 1605): Get org.chromium.intent.PEPPERPLUGIN from com.ipanel.android_webview.shell
12-31 16:00:09.767 D/CCDTOSSec231( 1605): Scan Receivers
12-31 16:00:09.767 D/CCDTOSSec231( 1605): Scan Providers
12-31 16:00:09.767 D/CCDTOSSec231( 1605): Check time cost: 9 ms
12-31 16:00:10.407 W/CCDTOSSec231( 1605): IntentCheck(PackageParser) check com.ljwl.client.payment
12-31 16:00:10.407 D/CCDTOSSec231( 1605): Scan Activities
12-31 16:00:10.407 D/CCDTOSSec231( 1605): mCategories is NOT @ android.content.pm.PackageParser.ActivityIntentInfo
12-31 16:00:10.407 D/CCDTOSSec231( 1605): mCategories is NOT @ android.content.pm.PackageParser.IntentInfo
12-31 16:00:10.407 D/CCDTOSSec231( 1605): Get android.intent.category.LAUNCHER from com.ljwl.client.payment
12-31 16:00:10.407 D/CCDTOSSec231( 1605): mActions is NOT @ android.content.pm.PackageParser.ActivityIntentInfo
12-31 16:00:10.407 D/CCDTOSSec231( 1605): mActions is NOT @ android.content.pm.PackageParser.IntentInfo
12-31 16:00:10.407 D/CCDTOSSec231( 1605): Get android.intent.action.MAIN from com.ljwl.client.payment
12-31 16:00:10.407 D/CCDTOSSec231( 1605): Scan Services
12-31 16:00:10.407 D/CCDTOSSec231( 1605): Scan Receivers
12-31 16:00:10.407 D/CCDTOSSec231( 1605): mCategories is NOT @ android.content.pm.PackageParser.ActivityIntentInfo
12-31 16:00:10.411 D/CCDTOSSec231( 1605): mCategories is NOT @ android.content.pm.PackageParser.IntentInfo
12-31 16:00:10.411 D/CCDTOSSec231( 1605): Get android.intent.category.DEFAULT from com.ljwl.client.payment
12-31 16:00:10.411 D/CCDTOSSec231( 1605): mActions is NOT @ android.content.pm.PackageParser.ActivityIntentInfo
12-31 16:00:10.411 D/CCDTOSSec231( 1605): mActions is NOT @ android.content.pm.PackageParser.IntentInfo
12-31 16:00:10.411 D/CCDTOSSec231( 1605): Get android.intent.action.Pay from com.ljwl.client.payment
12-31 16:00:10.415 D/CCDTOSSec231( 1605): mCategories is NOT @ android.content.pm.PackageParser.ActivityIntentInfo
12-31 16:00:10.415 D/CCDTOSSec231( 1605): mCategories is NOT @ android.content.pm.PackageParser.IntentInfo
12-31 16:00:10.415 D/CCDTOSSec231( 1605): Get android.intent.category.DEFAULT from com.ljwl.client.payment
12-31 16:00:10.415 D/CCDTOSSec231( 1605): mActions is NOT @ android.content.pm.PackageParser.ActivityIntentInfo
12-31 16:00:10.415 D/CCDTOSSec231( 1605): mActions is NOT @ android.content.pm.PackageParser.IntentInfo
12-31 16:00:10.415 D/CCDTOSSec231( 1605): Get android.intent.action.WXPay from com.ljwl.client.payment
12-31 16:00:10.415 D/CCDTOSSec231( 1605): mCategories is NOT @ android.content.pm.PackageParser.ActivityIntentInfo
12-31 16:00:10.415 D/CCDTOSSec231( 1605): mCategories is NOT @ android.content.pm.PackageParser.IntentInfo
12-31 16:00:10.415 D/CCDTOSSec231( 1605): Get android.intent.category.DEFAULT from com.ljwl.client.payment
12-31 16:00:10.415 D/CCDTOSSec231( 1605): mActions is NOT @ android.content.pm.PackageParser.ActivityIntentInfo
12-31 16:00:10.415 D/CCDTOSSec231( 1605): mActions is NOT @ android.content.pm.PackageParser.IntentInfo
12-31 16:00:10.415 D/CCDTOSSec231( 1605): Get android.intent.action.AllPay from com.ljwl.client.payment
12-31 16:00:10.415 D/CCDTOSSec231( 1605): mCategories is NOT @ android.content.pm.PackageParser.ActivityIntentInfo
12-31 16:00:10.419 D/CCDTOSSec231( 1605): mCategories is NOT @ android.content.pm.PackageParser.IntentInfo
12-31 16:00:10.419 D/CCDTOSSec231( 1605): Get android.intent.category.DEFAULT from com.ljwl.client.payment
12-31 16:00:10.419 D/CCDTOSSec231( 1605): mActions is NOT @ android.content.pm.PackageParser.ActivityIntentInfo
12-31 16:00:10.419 D/CCDTOSSec231( 1605): mActions is NOT @ android.content.pm.PackageParser.IntentInfo
12-31 16:00:10.423 D/CCDTOSSec231( 1605): Get android.intent.action.Close from com.ljwl.client.payment
12-31 16:00:10.423 D/CCDTOSSec231( 1605): Scan Providers
12-31 16:00:10.423 D/CCDTOSSec231( 1605): Check time cost: 16 ms
12-31 16:00:10.455 W/CCDTOSSec231( 1605): IntentCheck(PackageParser) check com.example.mycompany.vagaga_tv
12-31 16:00:10.455 D/CCDTOSSec231( 1605): Scan Activities
12-31 16:00:10.463 D/CCDTOSSec231( 1605): mCategories is NOT @ android.content.pm.PackageParser.ActivityIntentInfo
12-31 16:00:10.463 D/CCDTOSSec231( 1605): mCategories is NOT @ android.content.pm.PackageParser.IntentInfo
12-31 16:00:10.463 D/CCDTOSSec231( 1605): Get android.intent.category.DEFAULT from com.example.mycompany.vagaga_tv
12-31 16:00:10.463 D/CCDTOSSec231( 1605): mActions is NOT @ android.content.pm.PackageParser.ActivityIntentInfo
12-31 16:00:10.463 D/CCDTOSSec231( 1605): mActions is NOT @ android.content.pm.PackageParser.IntentInfo
12-31 16:00:10.463 D/CCDTOSSec231( 1605): Get cn.videoworks.newstv.general.action from com.example.mycompany.vagaga_tv
12-31 16:00:10.463 D/CCDTOSSec231( 1605): mCategories is NOT @ android.content.pm.PackageParser.ActivityIntentInfo
12-31 16:00:10.463 D/CCDTOSSec231( 1605): mCategories is NOT @ android.content.pm.PackageParser.IntentInfo
12-31 16:00:10.463 D/CCDTOSSec231( 1605): Get android.intent.category.DEFAULT from com.example.mycompany.vagaga_tv
12-31 16:00:10.463 D/CCDTOSSec231( 1605): mActions is NOT @ android.content.pm.PackageParser.ActivityIntentInfo
12-31 16:00:10.463 D/CCDTOSSec231( 1605): mActions is NOT @ android.content.pm.PackageParser.IntentInfo
12-31 16:00:10.463 D/CCDTOSSec231( 1605): Get cn.videoworks.playVideo.general.action from com.example.mycompany.vagaga_tv
12-31 16:00:10.463 D/CCDTOSSec231( 1605): mCategories is NOT @ android.content.pm.PackageParser.ActivityIntentInfo
12-31 16:00:10.463 D/CCDTOSSec231( 1605): mCategories is NOT @ android.content.pm.PackageParser.IntentInfo
12-31 16:00:10.463 D/CCDTOSSec231( 1605): Get android.intent.category.LAUNCHER from com.example.mycompany.vagaga_tv
12-31 16:00:10.467 D/CCDTOSSec231( 1605): mActions is NOT @ android.content.pm.PackageParser.ActivityIntentInfo
12-31 16:00:10.467 D/CCDTOSSec231( 1605): mActions is NOT @ android.content.pm.PackageParser.IntentInfo
12-31 16:00:10.467 D/CCDTOSSec231( 1605): Get android.intent.action.MAIN from com.example.mycompany.vagaga_tv
12-31 16:00:10.467 D/CCDTOSSec231( 1605): Scan Services
12-31 16:00:10.467 D/CCDTOSSec231( 1605): Scan Receivers
12-31 16:00:10.467 D/CCDTOSSec231( 1605): Scan Providers
12-31 16:00:10.467 D/CCDTOSSec231( 1605): Check time cost: 11 ms
12-31 16:00:10.495 W/PackageParser( 1605): Unknown element under <manifest>: meta-data at /data/app/com.ccdt.app.tv.launcher-1.apk Binary XML file line #31
12-31 16:00:10.507 D/dalvikvm( 1605): GC_CONCURRENT freed 404K, 25% free 4253K/5652K, paused 4ms+4ms, total 49ms
12-31 16:00:10.507 W/CCDTOSSec231( 1605): IntentCheck(PackageParser) check com.ccdt.app.tv.launcher
12-31 16:00:10.507 D/CCDTOSSec231( 1605): com.ccdt.app.tv.launcher is In White List
12-31 16:00:10.507 D/CCDTOSSec231( 1605): Check time cost: 1 ms
12-31 16:00:10.523 W/PackageManager( 1605): Package cn.ccdt.cashuma desires unavailable shared library ccdt; ignoring!
12-31 16:00:10.523 W/PackageManager( 1605): Package cn.ccdt.netmanager desires unavailable shared library ccdt; ignoring!
12-31 16:00:10.523 W/PackageManager( 1605): Package cn.ccdt.provider desires unavailable shared library ccdt; ignoring!
12-31 16:00:10.523 W/PackageManager( 1605): Package cn.ccdt.catongfang desires unavailable shared library ccdt; ignoring!
12-31 16:00:10.527 W/PackageManager( 1605): Package cn.ccdt.dvbplayer desires unavailable shared library ccdt; ignoring!
12-31 16:00:10.527 W/PackageManager( 1605): Package com.pingshow.airecenter desires unavailable shared library com.google.android.maps; ignoring!
12-31 16:00:10.527 I/PackageManager( 1605): Time to scan packages: 3.595 seconds
12-31 16:00:10.527 W/PackageManager( 1605): Not granting permission android.permission.MOUNT_UNMOUNT_FILESYSTEMS to package com.ljwl.client.payment (protectionLevel=18 flags=0x48bec7)
12-31 16:00:10.531 W/PackageManager( 1605): Unknown permission android.net.conn.CONNECTIVITY_CHANGE in package paikew.tv.app.ccdt.com.paikew
12-31 16:00:10.531 W/PackageManager( 1605): Unknown permission Android.permission.SYSTEM_ALERT_WINDOW in package com.ccdt.app.ccdtwebapp
12-31 16:00:10.531 W/PackageManager( 1605): Unknown permission android.permission.SYSTEM_OVERLAY_WINDOW in package com.ccdt.app.ccdtwebapp
12-31 16:00:10.535 W/PackageManager( 1605): Unknown permission com.google.android.gallery3d.permission.GALLERY_PROVIDER in package com.android.bluetooth
12-31 16:00:10.535 W/PackageManager( 1605): Unknown permission com.android.gallery3d.permission.GALLERY_PROVIDER in package com.android.bluetooth
12-31 16:00:10.535 W/PackageManager( 1605): Unknown permission android.permission.MMS_SEND_OUTBOX_MSG in package com.android.bluetooth
12-31 16:00:10.535 W/PackageManager( 1605): Unknown permission android.permission.READ_OWNER_DATA in package cn.ccdt.netmanager
12-31 16:00:10.535 W/PackageManager( 1605): Unknown permission android.permission.ADD_SYSTEM_SERVICE in package com.ccdt.itvision.appstore
12-31 16:00:10.535 W/PackageManager( 1605): Unknown permission android.net.conn.CONNECTIVITY_CHANGE in package com.ccdt.itvision.appstore
12-31 16:00:10.539 W/PackageManager( 1605): Unknown permission Android.permission.SYSTEM_ALERT_WINDOW in package com.ccdt.baidutvspeech
12-31 16:00:10.539 W/PackageManager( 1605): Unknown permission android.permission.SYSTEM_OVERLAY_WINDOW in package com.ccdt.baidutvspeech
12-31 16:00:10.539 W/PackageManager( 1605): Unknown permission com.android.launcher.permission.READ_SETTINGS in package com.android.onetimeinitializer
12-31 16:00:10.539 W/PackageManager( 1605): Unknown permission com.android.launcher.permission.WRITE_SETTINGS in package com.android.onetimeinitializer
12-31 16:00:10.539 W/PackageManager( 1605): Unknown permission android.permission.ADD_SYSTEM_SERVICE in package com.ccdt.app.dlnaclient
12-31 16:00:10.539 W/PackageManager( 1605): Unknown permission com.shentanbox.permission.QUERY_ACCOUNT in package com.voole.webepg
12-31 16:00:10.539 W/PackageManager( 1605): Unknown permission android.permission.WRITE_INTERNAL_STORAGE in package com.hooray.hoohome.hljyx
12-31 16:00:10.539 W/PackageManager( 1605): Unknown permission android.permission.READ_INTERNAL_STORAGE in package com.hooray.hoohome.hljyx
12-31 16:00:10.539 W/PackageManager( 1605): Unknown permission android.permission.SYSTEM_OVERLAY_WINDOW in package com.ccdt.tv.noticeservice
12-31 16:00:10.539 W/PackageManager( 1605): Not granting permission android.permission.CHANGE_CONFIGURATION to package com.tongyong.xxbox (protectionLevel=50 flags=0x58be45)
12-31 16:00:10.543 W/PackageManager( 1605): Not granting permission android.permission.MOUNT_UNMOUNT_FILESYSTEMS to package com.tongyong.xxbox (protectionLevel=18 flags=0x58be45)
12-31 16:00:10.547 W/PackageManager( 1605): Unknown permission com.google.android.googleapps.permission.GOOGLE_AUTH in package com.tongyong.xxbox
12-31 16:00:10.547 W/PackageManager( 1605): Not granting permission android.permission.ACCESS_DOWNLOAD_MANAGER to package com.tongyong.xxbox (protectionLevel=18 flags=0x58be45)
12-31 16:00:10.547 W/PackageManager( 1605): Not granting permission android.permission.BATTERY_STATS to package com.tongyong.xxbox (protectionLevel=18 flags=0x58be45)
12-31 16:00:10.547 W/PackageManager( 1605): Unknown permission com.android.launcher.permission.READ_SETTINGS in package com.tongyong.xxbox
12-31 16:00:10.547 W/PackageManager( 1605): Unknown permission com.android.launcher.permission.WRITE_SETTINGS in package com.tongyong.xxbox
12-31 16:00:10.547 W/PackageManager( 1605): Unknown permission android.permission.ADD_SYSTEM_SERVICE in package cn.ccdt.da
12-31 16:00:10.547 W/PackageManager( 1605): Unknown permission android.permission.SYSTEM_OVERLAY_WINDOW in package app.ccdt.com.ipsystemupdateserver
12-31 16:00:10.547 W/PackageManager( 1605): Unknown permission android.net.conn.CONNECTIVITY_CHANGE in package com.ccdt.app.myapps
12-31 16:00:10.547 W/PackageManager( 1605): Unknown permission android.permission.READ_MEDIA_STORAGE in package com.android.systemui
12-31 16:00:10.547 W/PackageManager( 1605): Unknown permission android.permission.HI_SYSTEM_MANAGER_SERVICE in package com.coship.vod
12-31 16:00:10.547 W/PackageManager( 1605): Unknown permission com.shentanbox.permission.QUERY_ACCOUNT in package com.voole.playback
12-31 16:00:10.547 W/PackageManager( 1605): Unknown permission android.permission.READ_SETTINGS in package com.ktcp.tvvideo
12-31 16:00:10.547 W/PackageManager( 1605): Unknown permission com.tencent.qqmusictv.playerservice in package com.ktcp.tvvideo
12-31 16:00:10.547 W/PackageManager( 1605): Unknown permission android.permission.SYSTEM_OVERLAY_WINDOW in package com.ktcp.tvvideo
12-31 16:00:10.547 W/PackageManager( 1605): Unknown permission com.huawei.hwid.permission.ACCESS in package com.ktcp.tvvideo
12-31 16:00:10.547 W/PackageManager( 1605): Unknown permission com.huawei.appmarket.provider.readPermission in package com.ktcp.tvvideo
12-31 16:00:10.547 W/PackageManager( 1605): Unknown permission android.permission.RECEIVE_USER_PRESENT in package com.ktcp.tvvideo
12-31 16:00:10.555 W/PackageManager( 1605): Unknown permission android.permission.REAL_GET_TASKS in package com.ktcp.tvvideo
12-31 16:00:10.555 W/PackageManager( 1605): Unknown permission com.ktcp.video.WebView in package com.ktcp.tvvideo
12-31 16:00:10.555 W/PackageManager( 1605): Unknown permission android.permission.RAISED_THREAD_PRIORITY in package com.pingshow.airecenter
12-31 16:00:10.555 W/PackageManager( 1605): Unknown permission android.permission.BAIDU_LOCATION_SERVICE in package com.pingshow.airecenter
12-31 16:00:10.559 W/PackageManager( 1605): Unknown permission android.permission.ACCESS_GPS in package com.pingshow.airecenter
12-31 16:00:10.559 W/PackageManager( 1605): Unknown permission com.android.launcher.permission.READ_SETTINGS in package com.pingshow.airecenter
12-31 16:00:10.559 W/PackageManager( 1605): Unknown permission android.permission.USB_PERMISSION in package com.pingshow.airecenter
12-31 16:00:10.559 W/PackageManager( 1605): Unknown permission android.net.conn.CONNECTIVITY_CHANGE in package com.ccdt.app.tv.launcher
12-31 16:00:10.559 W/PackageManager( 1605): Unknown permission Android.permission.SYSTEM_ALERT_WINDOW in package com.ccdt.app.hundouluoapp
12-31 16:00:10.559 W/PackageManager( 1605): Unknown permission android.permission.SYSTEM_OVERLAY_WINDOW in package com.ccdt.app.hundouluoapp
12-31 16:00:10.931 D/dalvikvm( 1605): GC_EXPLICIT freed 368K, 26% free 4250K/5696K, paused 2ms+5ms, total 53ms
12-31 16:00:10.939 I/SystemServer( 1605): Entropy Mixer
12-31 16:00:10.943 I/EntropyMixer( 1605): Writing entropy...
12-31 16:00:11.059 I/SystemServer( 1605): User Service
12-31 16:00:11.059 I/SystemServer( 1605): Account Manager
12-31 16:00:11.071 I/SystemServer( 1605): Content Manager
12-31 16:00:11.071 I/SystemServer( 1605): System Content Providers
12-31 16:00:11.127 I/SystemServer( 1605): Lights Service
12-31 16:00:11.135 D/DvbNative( 1251): [1361]<[BootupActions, _msgProc_BootupDetectTimeout(), 372]> ### timeout!  detectTp=0x00000001, detectTpProcessed=0x00000001, detectTpResult=0x00000000
12-31 16:00:11.135 D/DvbNative( 1251): [1361]<[BootupActions, _msgProc_StartBootupDetect(), 171]> ### prepare to stop detect update! 
12-31 16:00:11.135 V/DvbNative( 1251): [1361]<[Detector, stopDetectTp(), 755]> ### ========= trace =========
12-31 16:00:11.135 I/SystemServer( 1605): Battery Service
12-31 16:00:11.139 I/SystemServer( 1605): Vibrator Service
12-31 16:00:11.143 E/ConsumerIrService( 1605): Can't open consumer IR HW Module, error: -2
12-31 16:00:11.143 I/SystemServer( 1605): Consumer IR Service
12-31 16:00:11.147 D/PermissionCache( 1103): checking android.permission.ACCESS_SURFACE_FLINGER for uid=1000 => granted (690 us)
12-31 16:00:11.147 D/SurfaceFlinger( 1103): Screen acquired, type=0 flinger=0xb8b8cbe8
12-31 16:00:11.147 D/SurfaceFlinger( 1103):  screen was previously acquired
12-31 16:00:11.147 I/SystemServer( 1605): Alarm Manager
12-31 16:00:11.151 D/AlarmManagerService( 1605): Kernel timezone updated to -480 minutes west of GMT
12-31 16:00:11.155 I/SystemServer( 1605): Init Watchdog
12-31 16:00:11.155 I/SystemServer( 1605): Input Manager
12-31 16:00:11.159 I/InputManager( 1605): Initializing input manager, mUseDevInputEventForAudioJack=false
12-31 16:00:11.159 I/SystemServer( 1605): Window Manager
12-31 16:00:11.219 I/WindowManager( 1605): No existing display settings /data/system/display_settings.xml; starting empty
12-31 16:00:11.247 D/hwcomposer( 1103): the mstar.maliion.dismem.location is in 0, but no available memory
12-31 16:00:11.255 I/WindowManager( 1605): No keyguard interface!
12-31 16:00:11.255 I/InputManager( 1605): Starting input manager
12-31 16:00:11.263 D/EventHub( 1605): No input device configuration file found for device 'vinput'.
12-31 16:00:11.263 D/BluetoothManagerService( 1605): Loading stored name and address
12-31 16:00:11.263 D/BluetoothManagerService( 1605): Stored bluetooth Name=null,Address=null
12-31 16:00:11.263 I/SystemServer( 1605): Bluetooth Manager Service
12-31 16:00:11.263 I/SystemServer( 1605): Input Method Service
12-31 16:00:11.271 D/hwcomposer( 1103): the mstar.maliion.dismem.location is in 0, but no available memory
12-31 16:00:11.275 W/EventHub( 1605): Unable to disable kernel key repeat for /dev/input/event2: Function not implemented
12-31 16:00:11.275 I/EventHub( 1605): New device: id=1, fd=88, path='/dev/input/event2', name='vinput', classes=0x8000006f, configuration='', keyLayout='/system/usr/keylayout/Generic.kl', keyCharacterMap='/system/usr/keychars/Generic.kcm', builtinKeyboard=false, usingSuspendBlockIoctl=false, usingClockIoctl=true
12-31 16:00:11.279 E/EventHub( 1605): could not get driver version for /dev/input/mouse1, Not a typewriter
12-31 16:00:11.279 W/InputMethodManagerService( 1605): Couldn't create dir.: /data/system/inputmethod
12-31 16:00:11.315 I/SystemServer( 1605): Accessibility Manager
12-31 16:00:11.319 D/EventHub( 1605): No input device configuration file found for device 'MCE IR Keyboard/Mouse (ir)'.
12-31 16:00:11.323 I/EventHub( 1605): New device: id=2, fd=93, path='/dev/input/event1', name='MCE IR Keyboard/Mouse (ir)', classes=0x6b, configuration='', keyLayout='/system/usr/keylayout/Generic.kl', keyCharacterMap='/system/usr/keychars/Generic.kcm', builtinKeyboard=false, usingSuspendBlockIoctl=false, usingClockIoctl=true
12-31 16:00:11.323 I/ActivityManager( 1605): Config changes=1df8 {1.0 ?mcc?mnc zh_CN ldltr sw720dp w1280dp h720dp 240dpi xlrg long land ?uimode ?night -touch -keyb/v/h -nav/h s.2}
12-31 16:00:11.331 E/EventHub( 1605): could not get driver version for /dev/input/mouse0, Not a typewriter
12-31 16:00:11.347 D/hwcomposer( 1103): the mstar.maliion.dismem.location is in 0, but no available memory
12-31 16:00:11.347 I/ActivityManager( 1605): Config changes=400 {1.0 ?mcc?mnc zh_CN ldltr sw720dp w1280dp h694dp 240dpi xlrg long land ?uimode ?night -touch -keyb/v/h -nav/h s.3}
12-31 16:00:11.363 I/SystemServer( 1605): Mount Service
12-31 16:00:11.363 D/MountService( 1605): got storage path: null description: SD 卡 primary: false removable: false emulated: true mtpReserve: 0 allowMassStorage: false maxFileSize: 0
12-31 16:00:11.371 D/MountService( 1605): addVolumeLocked() StorageVolume:
12-31 16:00:11.371 D/MountService( 1605):     mStorageId=65537 mPath=/storage/emulated/0 mDescriptionId=17040666 
12-31 16:00:11.371 D/MountService( 1605):     mPrimary=true mRemovable=false mEmulated=true mMtpReserveSpace=0 
12-31 16:00:11.371 D/MountService( 1605):     mAllowMassStorage=false mMaxFileSize=0 mOwner=UserHandle{0} mUuid=null 
12-31 16:00:11.371 D/MountService( 1605):     mUserLabel=null mState=null 
12-31 16:00:11.371 F/Environment( 1605): Path requests must specify a user by using UserEnvironment
12-31 16:00:11.371 F/Environment( 1605): java.lang.Throwable
12-31 16:00:11.371 F/Environment( 1605): 	at android.os.Environment.throwIfUserRequired(Environment.java:783)
12-31 16:00:11.371 F/Environment( 1605): 	at android.os.Environment.getExternalStorageDirectory(Environment.java:384)
12-31 16:00:11.371 F/Environment( 1605): 	at com.android.server.MountService.readStorageListLocked(MountService.java:1551)
12-31 16:00:11.371 F/Environment( 1605): 	at com.android.server.MountService.<init>(MountService.java:1674)
12-31 16:00:11.371 F/Environment( 1605): 	at com.android.server.ServerThread.initAndLoop(SystemServer.java:434)
12-31 16:00:11.371 F/Environment( 1605): 	at com.android.server.SystemServer.main(SystemServer.java:1282)
12-31 16:00:11.371 F/Environment( 1605): 	at java.lang.reflect.Method.invokeNative(Native Method)
12-31 16:00:11.371 F/Environment( 1605): 	at java.lang.reflect.Method.invoke(Method.java:515)
12-31 16:00:11.371 F/Environment( 1605): 	at com.android.internal.os.ZygoteInit$MethodAndArgsCaller.run(ZygoteInit.java:788)
12-31 16:00:11.371 F/Environment( 1605): 	at com.android.internal.os.ZygoteInit.main(ZygoteInit.java:604)
12-31 16:00:11.371 F/Environment( 1605): 	at dalvik.system.NativeStart.main(Native Method)
12-31 16:00:11.371 D/MountService( 1605): got storage path: /mnt/sdcard description: SD 卡 primary: true removable: false emulated: false mtpReserve: 0 allowMassStorage: false maxFileSize: 0
12-31 16:00:11.379 D/MountService( 1605): addVolumeLocked() StorageVolume:
12-31 16:00:11.379 D/MountService( 1605):     mStorageId=0 mPath=/sdcard mDescriptionId=17040666 mPrimary=true 
12-31 16:00:11.379 D/MountService( 1605):     mRemovable=true mEmulated=false mMtpReserveSpace=0 mAllowMassStorage=false 
12-31 16:00:11.379 D/MountService( 1605):     mMaxFileSize=0 mOwner=null mUuid=null mUserLabel=null mState=null 
12-31 16:00:11.379 D/MountService( 1605): got storage path: null description: USB 存储器 primary: false removable: false emulated: false mtpReserve: 0 allowMassStorage: false maxFileSize: 0
12-31 16:00:11.379 I/SystemServer( 1605): LockSettingsService
12-31 16:00:11.379 I/SystemServer( 1605): Device Policy
12-31 16:00:11.387 I/SystemServer( 1605): Status Bar
12-31 16:00:11.387 I/SystemServer( 1605): Clipboard Service
12-31 16:00:11.387 D/VoldCmdListener( 1098): volume list
12-31 16:00:11.387 I/SystemServer( 1605): NetworkManagement Service
12-31 16:00:11.395 E/KeyLayoutMap( 1605): /system/usr/keylayout/Vendor_0001_Product_0001_Version_0100.kl:223: Expected key code label, got 'YUNOS_TV_MOUSE'.
12-31 16:00:11.407 W/EventHub( 1605): Unable to disable kernel key repeat for /dev/input/event0: Function not implemented
12-31 16:00:11.407 I/EventHub( 1605): New device: id=3, fd=99, path='/dev/input/event0', name='MStar Smart TV IR Receiver', classes=0x61, configuration='/system/usr/idc/Vendor_3697_Product_0001.idc', keyLayout='/system/usr/keylayout/Vendor_3697_Product_0001.kl', keyCharacterMap='/system/usr/keychars/Generic.kcm', builtinKeyboard=false, usingSuspendBlockIoctl=false, usingClockIoctl=true
12-31 16:00:11.407 E/EventHub( 1605): could not get driver version for /dev/input/mice, Not a typewriter
12-31 16:00:11.411 D/dalvikvm( 1605): GC_CONCURRENT freed 244K, 22% free 4482K/5728K, paused 6ms+10ms, total 59ms
12-31 16:00:11.411 I/SystemServer( 1605): Text Service Manager Service
12-31 16:00:11.415 I/PackageManager( 1605): No secure containers on sdcard
12-31 16:00:11.415 W/MountService( 1605): getSecureContainerList() called when storage not mounted
12-31 16:00:11.419 W/PackageManager( 1605): Not granting permission android.permission.MOUNT_UNMOUNT_FILESYSTEMS to package com.ljwl.client.payment (protectionLevel=18 flags=0x48bec7)
12-31 16:00:11.419 W/PackageManager( 1605): Unknown permission android.net.conn.CONNECTIVITY_CHANGE in package paikew.tv.app.ccdt.com.paikew
12-31 16:00:11.423 W/PackageManager( 1605): Unknown permission Android.permission.SYSTEM_ALERT_WINDOW in package com.ccdt.app.ccdtwebapp
12-31 16:00:11.423 W/PackageManager( 1605): Unknown permission android.permission.SYSTEM_OVERLAY_WINDOW in package com.ccdt.app.ccdtwebapp
12-31 16:00:11.423 W/PackageManager( 1605): Unknown permission com.google.android.gallery3d.permission.GALLERY_PROVIDER in package com.android.bluetooth
12-31 16:00:11.423 W/PackageManager( 1605): Unknown permission com.android.gallery3d.permission.GALLERY_PROVIDER in package com.android.bluetooth
12-31 16:00:11.423 W/PackageManager( 1605): Unknown permission android.permission.MMS_SEND_OUTBOX_MSG in package com.android.bluetooth
12-31 16:00:11.423 W/PackageManager( 1605): Unknown permission android.permission.READ_OWNER_DATA in package cn.ccdt.netmanager
12-31 16:00:11.423 W/PackageManager( 1605): Unknown permission android.permission.ADD_SYSTEM_SERVICE in package com.ccdt.itvision.appstore
12-31 16:00:11.423 W/PackageManager( 1605): Unknown permission android.net.conn.CONNECTIVITY_CHANGE in package com.ccdt.itvision.appstore
12-31 16:00:11.423 W/PackageManager( 1605): Unknown permission Android.permission.SYSTEM_ALERT_WINDOW in package com.ccdt.baidutvspeech
12-31 16:00:11.423 W/PackageManager( 1605): Unknown permission android.permission.SYSTEM_OVERLAY_WINDOW in package com.ccdt.baidutvspeech
12-31 16:00:11.427 W/PackageManager( 1605): Unknown permission com.android.launcher.permission.READ_SETTINGS in package com.android.onetimeinitializer
12-31 16:00:11.427 W/PackageManager( 1605): Unknown permission com.android.launcher.permission.WRITE_SETTINGS in package com.android.onetimeinitializer
12-31 16:00:11.427 W/PackageManager( 1605): Unknown permission android.permission.ADD_SYSTEM_SERVICE in package com.ccdt.app.dlnaclient
12-31 16:00:11.427 W/PackageManager( 1605): Unknown permission com.shentanbox.permission.QUERY_ACCOUNT in package com.voole.webepg
12-31 16:00:11.427 W/PackageManager( 1605): Unknown permission android.permission.WRITE_INTERNAL_STORAGE in package com.hooray.hoohome.hljyx
12-31 16:00:11.431 D/DvbNative( 1251): [1361]<[BootupActions, _msgProc_StartBootupDetect(), 198]> ### all detect end! bStartDetect=0, detectTpFlag=0x1
12-31 16:00:11.431 V/DvbNative( 1251): [1361]<[Detector, _msgProc_StopDetectTp(), 431]> ### ========= trace =========
12-31 16:00:11.431 D/DvbNative( 1251): [1361]<[Detector, _stopInner(), 237]> ### stop detect tp!
12-31 16:00:11.431 W/PackageManager( 1605): Unknown permission android.permission.READ_INTERNAL_STORAGE in package com.hooray.hoohome.hljyx
12-31 16:00:11.435 I/MiSysSrv( 1117): delete_weak_handle, impl_hanlde => -1208525120
12-31 16:00:11.439 D/DvbNative( 1251): [1361]<[Tuner, enableChange(), 2490]> ### enable change tuner. tunerId=0, who=Detector
12-31 16:00:11.439 D/DvbNative( 1251): [1361]<[Tuner, _printTunerInfo(), 267]> ### =========>>>>>>===== Before unlock tuner =====<<<<<<========= count=1
12-31 16:00:11.439 D/DvbNative( 1251): [1361]<[Tuner, _printTunerInfo(), 290]> ### Tuner[0]: type=101, disabled=0, priority=100, tunerId=0, NestUseCount=2, tpParam=<227000,6875,3,4294967295>, useLnb=0, lnbParam=<18,0,4294967295,4294967295,0,0,0,0,0,255,0>
12-31 16:00:11.439 D/DvbNative( 1251): [1361]<[Tuner, _printTunerInfo(), 267]> ### =========>>>>>>===== After unlock tuner =====<<<<<<========= count=1
12-31 16:00:11.439 D/DvbNative( 1251): [1361]<[Tuner, _printTunerInfo(), 290]> ### Tuner[0]: type=101, disabled=0, priority=100, tunerId=0, NestUseCount=1, tpParam=<227000,6875,3,4294967295>, useLnb=0, lnbParam=<18,0,4294967295,4294967295,0,0,0,0,0,255,0>
12-31 16:00:11.439 D/DvbNative( 1251): [1361]<[Tuner, _setTunerLEDState(), 343]> ### set tuner led state! bLocked=0
12-31 16:00:11.439 D/DD      ( 1251): [DDErrorCode DD_FP_Clear(int, DDFPLightName_E)][1314]Enter
12-31 16:00:11.439 W/PackageManager( 1605): Unknown permission android.permission.SYSTEM_OVERLAY_WINDOW in package com.ccdt.tv.noticeservice
12-31 16:00:11.439 I/SystemServer( 1605): NetworkStats Service
12-31 16:00:11.439 W/PackageManager( 1605): Not granting permission android.permission.CHANGE_CONFIGURATION to package com.tongyong.xxbox (protectionLevel=50 flags=0x58be45)
12-31 16:00:11.439 W/PackageManager( 1605): Not granting permission android.permission.MOUNT_UNMOUNT_FILESYSTEMS to package com.tongyong.xxbox (protectionLevel=18 flags=0x58be45)
12-31 16:00:11.439 W/PackageManager( 1605): Unknown permission com.google.android.googleapps.permission.GOOGLE_AUTH in package com.tongyong.xxbox
12-31 16:00:11.439 W/PackageManager( 1605): Not granting permission android.permission.ACCESS_DOWNLOAD_MANAGER to package com.tongyong.xxbox (protectionLevel=18 flags=0x58be45)
12-31 16:00:11.443 W/PackageManager( 1605): Not granting permission android.permission.BATTERY_STATS to package com.tongyong.xxbox (protectionLevel=18 flags=0x58be45)
12-31 16:00:11.443 W/PackageManager( 1605): Unknown permission com.android.launcher.permission.READ_SETTINGS in package com.tongyong.xxbox
12-31 16:00:11.443 W/PackageManager( 1605): Unknown permission com.android.launcher.permission.WRITE_SETTINGS in package com.tongyong.xxbox
12-31 16:00:11.443 W/PackageManager( 1605): Unknown permission android.permission.ADD_SYSTEM_SERVICE in package cn.ccdt.da
12-31 16:00:11.443 W/PackageManager( 1605): Unknown permission android.permission.SYSTEM_OVERLAY_WINDOW in package app.ccdt.com.ipsystemupdateserver
12-31 16:00:11.447 D/DD      ( 1251): [DDErrorCode DD_FP_Clear(int, DDFPLightName_E)][1352]Exit Success.
12-31 16:00:11.447 D/DvbNative( 1251): [1361]<[BootupActions, _msgProc_StopBootupActions(), 454]> ### ===###=== all has done ===###=== 
12-31 16:00:11.447 E/DvbNative( 1251): [1361][01;31m<[VodInfo, getInstance(), 47]> [error] ### ===== invalid param! <msInstance == NULL> =====[0m
12-31 16:00:11.447 W/PackageManager( 1605): Unknown permission android.net.conn.CONNECTIVITY_CHANGE in package com.ccdt.app.myapps
12-31 16:00:11.447 W/PackageManager( 1605): Unknown permission android.permission.READ_MEDIA_STORAGE in package com.android.systemui
12-31 16:00:11.447 I/SystemServer( 1605): NetworkPolicy Service
12-31 16:00:11.447 W/PackageManager( 1605): Unknown permission android.permission.HI_SYSTEM_MANAGER_SERVICE in package com.coship.vod
12-31 16:00:11.451 W/PackageManager( 1605): Unknown permission com.shentanbox.permission.QUERY_ACCOUNT in package com.voole.playback
12-31 16:00:11.451 W/PackageManager( 1605): Unknown permission android.permission.READ_SETTINGS in package com.ktcp.tvvideo
12-31 16:00:11.451 W/PackageManager( 1605): Unknown permission com.tencent.qqmusictv.playerservice in package com.ktcp.tvvideo
12-31 16:00:11.451 W/PackageManager( 1605): Unknown permission android.permission.SYSTEM_OVERLAY_WINDOW in package com.ktcp.tvvideo
12-31 16:00:11.451 W/PackageManager( 1605): Unknown permission com.huawei.hwid.permission.ACCESS in package com.ktcp.tvvideo
12-31 16:00:11.451 W/PackageManager( 1605): Unknown permission com.huawei.appmarket.provider.readPermission in package com.ktcp.tvvideo
12-31 16:00:11.451 W/PackageManager( 1605): Unknown permission android.permission.RECEIVE_USER_PRESENT in package com.ktcp.tvvideo
12-31 16:00:11.455 I/SystemServer( 1605): Wi-Fi P2pService
12-31 16:00:11.455 W/PackageManager( 1605): Unknown permission android.permission.REAL_GET_TASKS in package com.ktcp.tvvideo
12-31 16:00:11.455 W/PackageManager( 1605): Unknown permission com.ktcp.video.WebView in package com.ktcp.tvvideo
12-31 16:00:11.455 W/PackageManager( 1605): Unknown permission android.permission.RAISED_THREAD_PRIORITY in package com.pingshow.airecenter
12-31 16:00:11.455 W/PackageManager( 1605): Unknown permission android.permission.BAIDU_LOCATION_SERVICE in package com.pingshow.airecenter
12-31 16:00:11.455 W/PackageManager( 1605): Unknown permission android.permission.ACCESS_GPS in package com.pingshow.airecenter
12-31 16:00:11.455 W/PackageManager( 1605): Unknown permission com.android.launcher.permission.READ_SETTINGS in package com.pingshow.airecenter
12-31 16:00:11.455 W/PackageManager( 1605): Unknown permission android.permission.USB_PERMISSION in package com.pingshow.airecenter
12-31 16:00:11.455 W/PackageManager( 1605): Unknown permission android.net.conn.CONNECTIVITY_CHANGE in package com.ccdt.app.tv.launcher
12-31 16:00:11.459 W/PackageManager( 1605): Unknown permission Android.permission.SYSTEM_ALERT_WINDOW in package com.ccdt.app.hundouluoapp
12-31 16:00:11.459 W/PackageManager( 1605): Unknown permission android.permission.SYSTEM_OVERLAY_WINDOW in package com.ccdt.app.hundouluoapp
12-31 16:00:11.475 I/InputReader( 1605): Device added: id=-1, name='Virtual', sources=0x00000301
12-31 16:00:11.475 I/InputReader( 1605): Device added: id=3, name='MStar Smart TV IR Receiver', sources=0x00000701
12-31 16:00:11.507 I/InputReader( 1605): Device added: id=2, name='MCE IR Keyboard/Mouse (ir)', sources=0x00002703
12-31 16:00:11.511 I/InputReader( 1605): Device reconfigured: id=1, name='vinput', size 1281x721, orientation 0, mode 2, display id -1
12-31 16:00:11.511 I/InputReader( 1605): Device added: id=1, name='vinput', sources=0x0010270b
12-31 16:00:11.515 I/InputReader( 1605): Reconfiguring input devices.  changes=0x00000004
12-31 16:00:11.667 D/dalvikvm( 1605): GC_CONCURRENT freed 324K, 23% free 4549K/5872K, paused 4ms+3ms, total 47ms
12-31 16:00:12.043 D/WifiP2pService( 1605): P2pDisabledState
12-31 16:00:12.043 I/SystemServer( 1605): Wi-Fi Service
12-31 16:00:12.163 D/WifiController( 1605): isAirplaneModeOn = false, isWifiEnabled = false, isScanningAvailable = false
12-31 16:00:12.167 I/SystemServer( 1605): Widi Service
12-31 16:00:12.167 D/WifiP2pService( 1605): P2pDisabledState{ when=0 what=69633 target=com.android.internal.util.StateMachine$SmHandler }
12-31 16:00:12.167 D/WifiP2pService( 1605): DefaultState{ when=-5ms what=69633 target=com.android.internal.util.StateMachine$SmHandler }
12-31 16:00:12.167 D/WifiP2pService( 1605): P2pDisabledState{ when=0 what=69632 obj=com.android.internal.util.AsyncChannel@42479b58 target=com.android.internal.util.StateMachine$SmHandler }
12-31 16:00:12.167 D/WifiP2pService( 1605): DefaultState{ when=-1ms what=69632 obj=com.android.internal.util.AsyncChannel@42479b58 target=com.android.internal.util.StateMachine$SmHandler }
12-31 16:00:12.167 D/WifiP2pService( 1605): Full connection with WifiStateMachine established
12-31 16:00:12.175 I/android_ent_widi( 1605): JNI_OnLoad
12-31 16:00:12.175 I/android_ent_widi( 1605): JNI_OnLoad Done
12-31 16:00:12.179 D/WidiStateMachine( 1605): state machine start
12-31 16:00:12.179 D/WidiStateMachine( 1605): entering...DriverUnloadedState
12-31 16:00:12.179 D/WidiStateMachine( 1605): driver unloaded
12-31 16:00:12.183 I/SystemServer( 1605): Ethernet Service
12-31 16:00:12.183 V/EthernetStateTracker( 1605): Ethernet State Tracker v1.2.7
12-31 16:00:12.187 I/ethernet( 1605): Loading ethernet jni class
12-31 16:00:12.187 I/ethernet( 1605): interface eth0:2 found
12-31 16:00:12.187 E/ethernet( 1605): android_net_ethernet_initEthernetNative exited with success
12-31 16:00:12.187 I/EthernetService( 1605): Ethernet dev enabled 2
12-31 16:00:12.191 I/ethernet( 1605): User ask for device name on 0, list:5F65F2C0, total:1
12-31 16:00:12.191 V/EthernetService( 1605): device 0 name eth0
12-31 16:00:12.191 I/SystemServer( 1605): Pppoe Service
12-31 16:00:12.195 I/SystemServer( 1605): Connectivity Service
