12-31 16:00:12.195 D/ConnectivityService( 1605): ConnectivityService starting up
12-31 16:00:12.203 E/ConnectivityService( 1605): Error in radioAttributes - ignoring attempt to redefine type 1
12-31 16:00:12.203 D/ConnectivityService( 1605): wifiOnly=false
12-31 16:00:12.207 E/ConnectivityService( 1605): Ignoring protectedNetwork 10
12-31 16:00:12.207 E/ConnectivityService( 1605): Ignoring protectedNetwork 11
12-31 16:00:12.207 E/ConnectivityService( 1605): Ignoring protectedNetwork 12
12-31 16:00:12.207 E/ConnectivityService( 1605): Ignoring protectedNetwork 14
12-31 16:00:12.207 V/EthernetStateTracker( 1605): start to monitor eth dev
12-31 16:00:12.211 D/NetUtils( 1605): android_net_utils_resetConnections in env=0x41e86340 clazz=0x31700019 iface=eth0 mask=0x3
12-31 16:00:12.211 I/EthernetStateTracker( 1605): reset dev eth0
12-31 16:00:12.219 I/EthernetStateTracker( 1605): static ip config ipaddr 10.177.9.56 gateway 10.177.9.1 netmask 255.255.255.0 dns1 0.0.0.0 dns2 0.0.0.0 DHCP server 0.0.0.0 lease 0 seconds
12-31 16:00:12.223 D/NetUtils( 1605): failed to remove default route for eth0: No such process
12-31 16:00:12.223 I/Netd    ( 1101): ifc_get_info 4163
12-31 16:00:12.223 I/Netd    ( 1101): action 6
12-31 16:00:12.223 V/EthernetMonitor( 1605): dev: eth0 ev 20
12-31 16:00:12.223 V/EthernetStateTracker( 1605): report eth0 i/f is up
12-31 16:00:12.227 I/Netd    ( 1101): ifc_get_info 4163
12-31 16:00:12.227 I/Netd    ( 1101): action 7
12-31 16:00:12.227 I/Netd    ( 1101): ifc_get_info 4163
12-31 16:00:12.227 I/Netd    ( 1101): action 6
12-31 16:00:12.227 V/EthernetStateTracker( 1605): static ip config succeeded
12-31 16:00:12.227 I/EthernetStateTracker( 1605): reconnect()
12-31 16:00:12.231 D/NetUtils( 1605): android_net_utils_resetConnections in env=0x41e86340 clazz=0x3a400019 iface=eth0 mask=0x3
12-31 16:00:12.231 I/EthernetStateTracker( 1605): reset dev eth0
12-31 16:00:12.239 I/EthernetStateTracker( 1605): static ip config ipaddr 10.177.9.56 gateway 10.177.9.1 netmask 255.255.255.0 dns1 0.0.0.0 dns2 0.0.0.0 DHCP server 0.0.0.0 lease 0 seconds
12-31 16:00:12.243 V/EthernetStateTracker( 1605): static ip config succeeded
12-31 16:00:12.247 I/EthernetStateTracker( 1605): report new state CONNECTED on dev eth0
12-31 16:00:12.247 V/EthernetMonitor( 1605): dev: eth0 ev 21
12-31 16:00:12.247 V/EthernetStateTracker( 1605): report eth0 i/f addr removed
12-31 16:00:12.247 V/EthernetMonitor( 1605): dev: eth0 ev 20
12-31 16:00:12.247 V/EthernetStateTracker( 1605): report eth0 i/f is up
12-31 16:00:12.247 I/EthernetStateTracker( 1605): report new state CONNECTED on dev eth0
12-31 16:00:12.283 I/ConnectivityService( 1605): create resolv.conf successed
12-31 16:00:12.311 I/ConnectivityService( 1605): chmod resolv.conf successed
12-31 16:00:12.311 I/WifiService( 1605): WifiService starting up with Wi-Fi disabled
12-31 16:00:12.311 D/WifiService( 1605): wifi ap start with disabled
12-31 16:00:12.331 D/WifiWatchdogStateMachine( 1605): Disabling poor network avoidance for wi-fi only device
12-31 16:00:12.331 I/SystemServer( 1605): Network Service Discovery Service
12-31 16:00:12.331 D/NsdService( 1605): Network service discovery enabled true
12-31 16:00:12.335 I/SystemServer( 1605): UpdateLock Service
12-31 16:00:12.391 D/dalvikvm( 1605): GC_CONCURRENT freed 252K, 21% free 4729K/5980K, paused 3ms+4ms, total 48ms
12-31 16:00:12.435 I/SystemServer( 1605): Notification Manager
12-31 16:00:12.443 I/SystemServer( 1605): Device Storage Monitor
12-31 16:00:12.447 I/SystemServer( 1605): Location Manager
12-31 16:00:12.447 I/SystemServer( 1605): Country Detector
12-31 16:00:12.447 I/SystemServer( 1605): Search Service
12-31 16:00:12.451 I/SystemServer( 1605): DropBox Service
12-31 16:00:12.455 I/SystemServer( 1605): Mouse Service
12-31 16:00:12.455 I/SystemServer( 1605): Wallpaper Service
12-31 16:00:12.463 I/SystemServer( 1605): Audio Service
12-31 16:00:12.579 I/SystemServer( 1605): Dock Observer
12-31 16:00:12.579 W/DockObserver( 1605): This kernel does not have dock station support
12-31 16:00:12.579 I/SystemServer( 1605): Camera Observer
12-31 16:00:12.579 I/SystemServer( 1605): Microphone Observer
12-31 16:00:12.579 I/SystemServer( 1605): Wired Accessory Manager
12-31 16:00:12.579 W/WiredAccessoryManager( 1605): This kernel does not have wired headset support
12-31 16:00:12.579 W/WiredAccessoryManager( 1605): This kernel does not have usb audio support
12-31 16:00:12.583 W/WiredAccessoryManager( 1605): This kernel does not have HDMI audio support
12-31 16:00:12.587 I/SystemServer( 1605): USB Service
12-31 16:00:12.591 I/SystemServer( 1605): Serial Service
12-31 16:00:12.595 I/SystemServer( 1605): Twilight Service
12-31 16:00:12.595 I/SystemServer( 1605): UI Mode Manager Service
12-31 16:00:12.595 I/SystemServer( 1605): Backup Service
12-31 16:00:12.603 V/BackupManagerService( 1605): Initializing package tracking
12-31 16:00:12.603 V/BackupManagerService( 1605): No ancestral data
12-31 16:00:12.603 V/BackupManagerService( 1605): addPackageParticipantsLocked: all
12-31 16:00:12.607 I/BackupManagerService( 1605): Scheduling backup for new app com.android.providers.userdictionary
12-31 16:00:12.607 D/BackupManagerService( 1605): Now staging backup of com.android.providers.userdictionary
12-31 16:00:12.607 I/BackupManagerService( 1605): Scheduling backup for new app com.android.sharedstoragebackup
12-31 16:00:12.607 D/BackupManagerService( 1605): Now staging backup of com.android.sharedstoragebackup
12-31 16:00:12.607 I/BackupManagerService( 1605): Scheduling backup for new app android
12-31 16:00:12.607 D/BackupManagerService( 1605): Now staging backup of android
12-31 16:00:12.607 I/BackupManagerService( 1605): Scheduling backup for new app com.android.providers.settings
12-31 16:00:12.611 D/BackupManagerService( 1605): Now staging backup of com.android.providers.settings
12-31 16:00:12.611 V/BackupManagerService( 1605): Starting with transport android/com.android.internal.backup.LocalTransport
12-31 16:00:12.611 V/BackupManagerService( 1605): Found transports: 1
12-31 16:00:12.611 I/BackupManagerService( 1605): Binding to transport host ComponentInfo{android/com.android.internal.backup.LocalTransportService}
12-31 16:00:12.615 I/BackupManagerService( 1605): Backup enabled => false
12-31 16:00:12.615 I/BackupManagerService( 1605): Opting out of backup
12-31 16:00:12.619 I/SystemServer( 1605): AppWidget Service
12-31 16:00:12.619 I/SystemServer( 1605): Recognition Service
12-31 16:00:12.619 I/SystemServer( 1605): DiskStats Service
12-31 16:00:12.619 I/SystemServer( 1605): SamplingProfiler Service
12-31 16:00:12.627 I/SystemServer( 1605): NetworkTimeUpdateService
12-31 16:00:12.631 I/SystemServer( 1605): CommonTimeManagementService
12-31 16:00:12.631 I/SystemServer( 1605): CertBlacklister
12-31 16:00:12.631 I/SystemServer( 1605): Dreams Service
12-31 16:00:12.635 I/SystemServer( 1605): Assets Atlas Service
12-31 16:00:12.639 I/SystemServer( 1605): IdleMaintenanceService
12-31 16:00:12.643 D/Atlas   ( 1605): Loaded configuration: SliceMinArea (768x768) flags=0x2 count=34
12-31 16:00:12.643 D/gralloc ( 1103): allocate buffer from ION HEAP 0x1
12-31 16:00:12.643 I/SystemServer( 1605): Print Service
12-31 16:00:12.647 D/gralloc ( 1103): allocate memory from system heap
12-31 16:00:12.647 I/SystemServer( 1605): Media Router Service
12-31 16:00:12.655 I/WindowManager( 1605): SAFE MODE not enabled
12-31 16:00:12.655 D/dalvikvm( 1605): JIT started for system_server
12-31 16:00:12.711 D/dalvikvm( 1605): GC_CONCURRENT freed 270K, 21% free 4857K/6124K, paused 4ms+17ms, total 69ms
12-31 16:00:12.751 D/Atlas   ( 1605): Rendered atlas in 28.92ms (5.24+23.69ms)
12-31 16:00:12.775 I/Zygote  ( 1605): Process: zygote socket opened
12-31 16:00:12.787 I/ActivityManager( 1605): Start proc com.android.systemui for service com.android.keyguard/.KeyguardService: pid=1674 uid=10004 gids={50004, 1028, 1015, 1023, 1035, 3002, 3001}
12-31 16:00:12.791 V/KeyguardServiceDelegate( 1605): *** Keyguard started
12-31 16:00:12.791 V/KeyguardServiceDelegate( 1605): onSystemReady() called before keyguard service was ready
12-31 16:00:12.807 W/SystemServer( 1605): ***********************************************
12-31 16:00:12.819 F/SystemServer( 1605): BOOT FAILURE making Package Manager Service ready
12-31 16:00:12.819 F/SystemServer( 1605): java.lang.SecurityException: Unable to find app for caller android.app.ActivityThread$ApplicationThread@42525318 (pid=1605) when registering receiver android.app.LoadedApk$ReceiverDispatcher$InnerReceiver@424fea68
12-31 16:00:12.819 F/SystemServer( 1605): 	at com.android.server.am.ActivityManagerService.registerReceiver(ActivityManagerService.java:13118)
12-31 16:00:12.819 F/SystemServer( 1605): 	at android.app.ContextImpl.registerReceiverInternal(ContextImpl.java:1450)
12-31 16:00:12.819 F/SystemServer( 1605): 	at android.app.ContextImpl.registerReceiverAsUser(ContextImpl.java:1425)
12-31 16:00:12.819 F/SystemServer( 1605): 	at com.android.internal.content.PackageMonitor.register(PackageMonitor.java:84)
12-31 16:00:12.819 F/SystemServer( 1605): 	at com.android.server.pm.UserManagerService.systemReady(UserManagerService.java:237)
12-31 16:00:12.819 F/SystemServer( 1605): 	at com.android.server.pm.PackageManagerService.systemReady(PackageManagerService.java:10744)
12-31 16:00:12.819 F/SystemServer( 1605): 	at com.android.server.ServerThread.initAndLoop(SystemServer.java:968)
12-31 16:00:12.819 F/SystemServer( 1605): 	at com.android.server.SystemServer.main(SystemServer.java:1282)
12-31 16:00:12.819 F/SystemServer( 1605): 	at java.lang.reflect.Method.invokeNative(Native Method)
12-31 16:00:12.819 F/SystemServer( 1605): 	at java.lang.reflect.Method.invoke(Method.java:515)
12-31 16:00:12.819 F/SystemServer( 1605): 	at com.android.internal.os.ZygoteInit$MethodAndArgsCaller.run(ZygoteInit.java:788)
12-31 16:00:12.819 F/SystemServer( 1605): 	at com.android.internal.os.ZygoteInit.main(ZygoteInit.java:604)
12-31 16:00:12.819 F/SystemServer( 1605): 	at dalvik.system.NativeStart.main(Native Method)
12-31 16:00:12.827 I/AppOps  ( 1605): Pruning old package system/1000: new uid=-1
12-31 16:00:12.831 I/ActivityManager( 1605): System now ready
12-31 16:00:12.831 I/ActivityManager( 1605): Config changes=30 {1.0 ?mcc?mnc zh_CN ldltr sw720dp w1280dp h694dp 240dpi xlrg long land ?uimode ?night -touch qwerty/v/v -nav/h s.4}
12-31 16:00:12.843 I/SystemServer( 1605): Making services ready
12-31 16:00:12.847 I/SystemServer( 1605): Startup TvService Apk....
12-31 16:00:12.847 W/ContextImpl( 1605): Implicit intents with startService are not safe: Intent { act=com.mstar.tv.service.TvService } com.android.server.ServerThread$2.run:1035 com.android.server.am.ActivityManagerService.systemReady:9465 com.android.server.ServerThread.initAndLoop:1018 
12-31 16:00:12.847 W/ContextImpl( 1605): Calling a method in the system process without a qualified user: android.app.ContextImpl.startService:1487 com.android.server.ServerThread$2.run:1035 com.android.server.am.ActivityManagerService.systemReady:9465 com.android.server.ServerThread.initAndLoop:1018 com.android.server.SystemServer.main:1282 
12-31 16:00:12.867 I/ActivityManager( 1605): Start proc com.mstar.tv.service for service com.mstar.tv.service/.TvService: pid=1690 uid=1000 gids={41000, 3003, 1028, 1015, 1007, 2001, 3002, 3001}
12-31 16:00:12.867 I/MountService( 1605): doMountVolume: Mouting /sdcard
12-31 16:00:12.867 D/NetworkManagementService( 1605): enabling bandwidth control
12-31 16:00:12.867 D/VoldCmdListener( 1098): volume mount /sdcard
12-31 16:00:12.891 E/MountService( 1605): Boot-time mount failed (-1)
12-31 16:00:12.891 W/MountService( 1605): Duplicate state transition (mounted -> mounted) for /storage/emulated/0
12-31 16:00:12.967 I/TvService( 1690):  = onCreate = 
12-31 16:00:12.967 I/TvService( 1690):  = onStartCommand = 
12-31 16:00:12.975 E/SoundPool( 1674): error loading /system/media/audio/ui/Lock.ogg
12-31 16:00:12.975 W/KeyguardViewMediator( 1674): failed to load lock sound from /system/media/audio/ui/Lock.ogg
12-31 16:00:12.979 E/SoundPool( 1674): error loading /system/media/audio/ui/Unlock.ogg
12-31 16:00:12.979 W/KeyguardViewMediator( 1674): failed to load unlock sound from /system/media/audio/ui/Unlock.ogg
12-31 16:00:12.979 V/KeyguardService( 1674): onCreate()
12-31 16:00:12.991 I/TvManager_JNI( 1690): JNI_OnLoad
12-31 16:00:12.991 I/TvManager_JNI( 1690): native_init
12-31 16:00:12.991 I/TvManager_JNI( 1690): native_setup
12-31 16:00:13.019 I/TimerManager_JNI( 1690): JNI_OnLoad
12-31 16:00:13.019 I/TimerManager_JNI( 1690): native_init
12-31 16:00:13.023 D/TimerManager( 1690): looper is null false
12-31 16:00:13.023 D/SystemUIService( 1674): loading: class com.android.systemui.recent.Recents
12-31 16:00:13.023 D/SystemUIService( 1674): running: com.android.systemui.recent.Recents@423249e0
12-31 16:00:13.023 I/TimerManager_JNI( 1690): native_setup
12-31 16:00:13.023 D/SystemUIService( 1674): loading: class com.android.systemui.statusbar.SystemBars
12-31 16:00:13.023 D/SystemUIService( 1674): running: com.android.systemui.statusbar.SystemBars@42324fc8
12-31 16:00:13.023 I/TimerManager_JNI( 1690): getOnTime
12-31 16:00:13.023 I/TimerManager_JNI( 1690): getOffModeStatus
12-31 16:00:13.027 I/TimerManager_JNI( 1690): native_getSleeperState
12-31 16:00:13.031 D/SystemUIService( 1674): loading: class com.android.systemui.usb.StorageNotification
12-31 16:00:13.031 D/SystemUIService( 1674): running: com.android.systemui.usb.StorageNotification@42326d88
12-31 16:00:13.039 D/SystemUIService( 1674): loading: class com.android.systemui.power.PowerUI
12-31 16:00:13.039 D/SystemUIService( 1674): running: com.android.systemui.power.PowerUI@42328650
12-31 16:00:13.043 D/SystemUIService( 1674): loading: class com.android.systemui.media.RingtonePlayer
12-31 16:00:13.043 D/SystemUIService( 1674): running: com.android.systemui.media.RingtonePlayer@42329350
12-31 16:00:13.047 D/SystemUIService( 1674): loading: class com.android.systemui.settings.SettingsUI
12-31 16:00:13.047 D/SystemUIService( 1674): running: com.android.systemui.settings.SettingsUI@4232a638
12-31 16:00:13.067 I/PlayerImpl_JNI( 1690): JNI_OnLoad
12-31 16:00:13.067 I/PlayerImpl_JNI( 1690): native_init
12-31 16:00:13.075 I/PlayerImpl_JNI( 1690): native_setup
12-31 16:00:13.075 I/tvos    ( 1118): ------PlayerImplService::connect!!!!!!!!!!!!!!!!-------
12-31 16:00:13.075 I/StatusBarManagerService( 1605): registerStatusBar bar=com.android.internal.statusbar.IStatusBar$Stub$Proxy@42509140
12-31 16:00:13.091 I/CaManager_JNI( 1690): JNI_OnLoad
12-31 16:00:13.091 I/CaManager_JNI( 1690): native_init
12-31 16:00:13.091 I/CaManager_JNI( 1690): native_setup
12-31 16:00:13.091 I/tvos    ( 1118): CaManagerService::connect(callingPid 1690, client 0xb873d948)
12-31 16:00:13.099 I/System.out( 1690): -----DvbPlayer------
12-31 16:00:13.107 D/XmlParser( 1690): getStreamFromXmlFile: xmlPath = /etc/feature.xml
12-31 16:00:13.119 D/XmlParser( 1690): add Pair <PIP_ENABLE, 1>
12-31 16:00:13.119 D/XmlParser( 1690): add Pair <OFL_DET, 1>
12-31 16:00:13.119 D/XmlParser( 1690): add Pair <PREVIEW_MODE_ENABLE, 1>
12-31 16:00:13.119 D/XmlParser( 1690): add Pair <PVR_ENABLE, 1>
12-31 16:00:13.123 D/XmlParser( 1690): add Pair <CC_ENABLE, 1>
12-31 16:00:13.123 D/XmlParser( 1690): add Pair <BRAZIL_CC_ENABLE, 1>
12-31 16:00:13.123 D/XmlParser( 1690): add Pair <KOREAN_CC_ENABLE, 1>
12-31 16:00:13.123 D/XmlParser( 1690): add Pair <ATV_MANUAL_TUNING_ENABLE, 1>
12-31 16:00:13.123 D/XmlParser( 1690): add Pair <AUTO_HOH_ENABLE, 1>
12-31 16:00:13.123 D/XmlParser( 1690): add Pair <AUDIO_DESCRIPTION_ENABLE, 1>
12-31 16:00:13.123 D/XmlParser( 1690): add Pair <THREED_DEPTH_ENABLE, 1>
12-31 16:00:13.127 D/XmlParser( 1690): add Pair <SELF_DETECT_ENABLE, 1>
12-31 16:00:13.127 D/XmlParser( 1690): add Pair <THREED_CONVERSION_TWODTOTHREED, 1>
12-31 16:00:13.127 D/XmlParser( 1690): add Pair <THREED_CONVERSION_AUTO, 1>
12-31 16:00:13.127 D/XmlParser( 1690): add Pair <THREED_CONVERSION_PIXEL_ALTERNATIVE, 1>
12-31 16:00:13.131 D/XmlParser( 1690): add Pair <THREED_CONVERSION_FRAME_ALTERNATIVE, 1>
12-31 16:00:13.131 D/XmlParser( 1690): add Pair <THREED_CONVERSION_CHECK_BOARD, 1>
12-31 16:00:13.131 D/XmlParser( 1690): add Pair <THREED_TWOD_AUTO, 1>
12-31 16:00:13.131 D/XmlParser( 1690): add Pair <THREED_TWOD_PIXEL_ALTERNATIVE, 1>
12-31 16:00:13.135 D/XmlParser( 1690): add Pair <THREED_TWOD_FRAME_ALTERNATIVE, 1>
12-31 16:00:13.135 D/XmlParser( 1690): add Pair <THREED_TWOD_CHECK_BOARD, 1>
12-31 16:00:13.139 D/TvCommonService( 1690): getAndroidConfigList: parse xml successfully
12-31 16:00:13.251 D/dalvikvm( 1674): GC_CONCURRENT freed 114K, 26% free 3277K/4380K, paused 3ms+3ms, total 34ms
12-31 16:00:13.251 D/dalvikvm( 1674): WAIT_FOR_CONCURRENT_GC blocked 8ms
12-31 16:00:13.287 D/MMDialog( 1674): Inflate!!
12-31 16:00:13.291 D/StatusBar.MstarEnterMMDialog( 1674): displaysMetrics.heightPixels : 1080
12-31 16:00:13.311 D/dalvikvm( 1674): GC_FOR_ALLOC freed 5K, 24% free 3481K/4580K, paused 18ms, total 20ms
12-31 16:00:13.319 I/dalvikvm-heap( 1674): Grow heap (frag case) to 5.693MB for 1395776-byte allocation
12-31 16:00:13.343 D/dalvikvm( 1674): GC_CONCURRENT freed 1K, 19% free 4842K/5944K, paused 2ms+2ms, total 25ms
12-31 16:00:13.423 D/MMDialog( 1674): setContentView!! android.widget.RelativeLayout{4232b628 V.E..... ......I. 0,0-0,0}
12-31 16:00:13.439 D/TvStatusBar( 1674): addWiredIconView
12-31 16:00:13.547 D/dalvikvm( 1605): GC_CONCURRENT freed 356K, 22% free 4997K/6356K, paused 3ms+5ms, total 51ms
12-31 16:00:13.823 I/ActivityManager( 1605): Start proc android.process.media for broadcast com.android.providers.media/.MtpReceiver: pid=1754 uid=10002 gids={50002, 1028, 1015, 1023, 1024, 2001, 3003, 3007}
12-31 16:00:13.823 I/ActivityManager( 1605): Config changes=200 {1.0 ?mcc?mnc zh_CN ldltr sw720dp w1280dp h694dp 240dpi xlrg long land television -touch qwerty/v/v -nav/h s.5}
12-31 16:00:13.835 W/RecognitionManagerService( 1605): no available voice recognition services found for user 0
12-31 16:00:13.843 I/TvService( 1690):  =-------onConfigurationChanged-----= 
12-31 16:00:13.843 I/TvService( 1690): language :zh
12-31 16:00:13.851 W/InputMethodManagerService( 1605): Ignoring setImeWindowStatus of uid 1000 token: null
12-31 16:00:13.883 I/ActivityManager( 1605): Start proc com.android.inputmethod.latin for service com.android.inputmethod.latin/.LatinIME: pid=1768 uid=10014 gids={50014, 1028, 1015}
12-31 16:00:13.883 V/InputMethodManagerService( 1605): Adding window token: android.os.Binder@42522578
12-31 16:00:13.899 I/dalvikvm( 1605): Could not find method android.provider.Telephony$Sms$Intents.getMessagesFromIntent, referenced from method com.android.server.location.GpsLocationProvider.checkSmsSuplInit
12-31 16:00:13.899 W/dalvikvm( 1605): VFY: unable to resolve static method 2259: Landroid/provider/Telephony$Sms$Intents;.getMessagesFromIntent (Landroid/content/Intent;)[Landroid/telephony/SmsMessage;
12-31 16:00:13.899 D/dalvikvm( 1605): VFY: replacing opcode 0x71 at 0x0000
12-31 16:00:13.927 W/GpsLocationProvider( 1605): Could not open GPS configuration file /etc/gps.conf
12-31 16:00:13.927 W/LocationManagerService( 1605): no network location provider found
12-31 16:00:13.935 E/FlpHardwareProvider( 1605): Error hw_get_module 'flp': -2
12-31 16:00:13.935 E/LocationManagerService( 1605): no geocoder provider found
12-31 16:00:13.935 E/LocationManagerService( 1605): No FusedProvider found.
12-31 16:00:13.939 E/FlpHardwareProvider( 1605): Error hw_get_module 'flp': -2
12-31 16:00:13.943 E/LocationManagerService( 1605): no geofence provider found
12-31 16:00:13.963 W/ContextImpl( 1605): Calling a method in the system process without a qualified user: android.app.ContextImpl.sendBroadcast:1131 com.android.server.NetworkTimeUpdateService.systemRunning:125 com.android.server.ServerThread$2.run:1139 com.android.server.am.ActivityManagerService.systemReady:9465 com.android.server.ServerThread.initAndLoop:1018 
12-31 16:00:13.967 I/CommonTimeManagementService( 1605): No common time service detected on this platform.  Common time services will be unavailable.
12-31 16:00:13.975 D/        ( 1605): Setting time of day to sec=1512032751
11-30 01:05:51.935 I/InputReader( 1605): Reconfiguring input devices.  changes=0x00000030
11-30 01:05:51.959 D/dalvikvm( 1605): GC_CONCURRENT freed 381K, 22% free 5092K/6472K, paused 5ms+7ms, total 64ms
11-30 01:05:51.959 I/ActivityManager( 1605): Start proc cn.ccdt.netmanager for added application cn.ccdt.netmanager: pid=1783 uid=1000 gids={41000, 3003, 1028, 1015, 1007, 2001, 3002, 3001}
11-30 01:05:51.987 D/dalvikvm( 1796): Late-enabling CheckJNI
11-30 01:05:51.987 I/TvService( 1690): language :26
11-30 01:05:51.987 I/ActivityManager( 1605): Start proc com.ccdt.baidutvspeech for added application com.ccdt.baidutvspeech: pid=1796 uid=1000 gids={41000, 3003, 1028, 1015, 1007, 2001, 3002, 3001}
11-30 01:05:51.999 D/dalvikvm( 1807): Late-enabling CheckJNI
11-30 01:05:52.007 I/ActivityManager( 1605): Start proc com.ccdt.app.dlnaclient for added application com.ccdt.app.dlnaclient: pid=1807 uid=1000 gids={41000, 3003, 1028, 1015, 1007, 2001, 3002, 3001}
11-30 01:05:52.023 I/ActivityManager( 1605): Start proc cn.ccdt.vooleplayservice for added application cn.ccdt.vooleplayservice: pid=1822 uid=1000 gids={41000, 3003, 1028, 1015, 1007, 2001, 3002, 3001}
11-30 01:05:52.035 I/dalvikvm( 1807): Enabling JNI app bug workarounds for target SDK version 13...
11-30 01:05:52.055 I/ActivityManager( 1605): Start proc cn.ccdt.da for added application cn.ccdt.da: pid=1838 uid=1000 gids={41000, 3003, 1028, 1015, 1007, 2001, 3002, 3001}
11-30 01:05:52.087 D/dalvikvm( 1104): GC_EXPLICIT freed 39K, 27% free 2889K/3916K, paused 3ms+3ms, total 36ms
11-30 01:05:52.119 D/dalvikvm( 1104): GC_EXPLICIT freed <1K, 27% free 2889K/3916K, paused 3ms+3ms, total 33ms
11-30 01:05:52.119 D/dalvikvm( 1104): WAIT_FOR_CONCURRENT_GC blocked 1ms
11-30 01:05:52.155 D/dalvikvm( 1104): GC_EXPLICIT freed <1K, 27% free 2889K/3916K, paused 3ms+4ms, total 31ms
11-30 01:05:52.163 I/ActivityManager( 1605): Start proc com.voole.epg.vurcserver for added application com.voole.epg.vurcserver: pid=1853 uid=1000 gids={41000, 3003, 1028, 1015, 1007, 2001, 3002, 3001}
11-30 01:05:52.171 I/ActivityManager( 1605): START u0 {act=android.intent.action.MAIN cat=[android.intent.category.HOME] flg=0x10000000 cmp=com.ccdt.app.tv.launcher/.view.activity.MainActivity} from pid 0
11-30 01:05:52.183 I/dalvikvm( 1853): Enabling JNI app bug workarounds for target SDK version 9...
11-30 01:05:52.195 D/dalvikvm( 1868): Late-enabling CheckJNI
11-30 01:05:52.199 I/ActivityManager( 1605): Start proc com.ccdt.app.tv.launcher for activity com.ccdt.app.tv.launcher/.view.activity.MainActivity: pid=1868 uid=10017 gids={50017, 3003, 1028, 1015, 1007}
11-30 01:05:52.199 W/ActivityManager( 1605): Unable to start service Intent { cmp=com.android.printspooler/.PrintSpoolerService } U=0: not found
11-30 01:05:52.243 I/ActivityManager( 1605): Start proc com.mstar.android.providers.tv for content provider com.mstar.android.providers.tv/.TvUserSettingProvider: pid=1881 uid=1000 gids={41000, 3003, 1028, 1015, 1007, 2001, 3002, 3001}
11-30 01:05:52.259 I/LatinIME( 1768): Hardware accelerated drawing: true
11-30 01:05:52.275 V/StatusBar( 1674): userId 0 is in the house
11-30 01:05:52.283 I/EthernetStateTracker( 1605): received i/f reset, running false
11-30 01:05:52.283 I/EthernetStateTracker( 1605): setState, skip: 7
11-30 01:05:52.283 I/EthernetStateTracker( 1605): reset dev eth0
11-30 01:05:52.287 D/NetUtils( 1605): android_net_utils_resetConnections in env=0x41e86340 clazz=0x8cc00019 iface=eth0 mask=0x3
11-30 01:05:52.299 I/EthernetStateTracker( 1605): static ip config ipaddr 10.177.9.56 gateway 10.177.9.1 netmask 255.255.255.0 dns1 0.0.0.0 dns2 0.0.0.0 DHCP server 0.0.0.0 lease 0 seconds
11-30 01:05:52.303 V/EthernetStateTracker( 1605): static ip config succeeded
11-30 01:05:52.307 I/EthernetStateTracker( 1605): received config succeeded, running false
11-30 01:05:52.307 I/EthernetStateTracker( 1605): received config succeeded, running false
11-30 01:05:52.307 I/EthernetStateTracker( 1605): received i/f up, running false
11-30 01:05:52.311 D/Nat464Xlat( 1605): requiresClat: netType=9, hasIPv4Address=true
11-30 01:05:52.311 W/ContextImpl( 1605): Calling a method in the system process without a qualified user: android.app.ContextImpl.sendStickyBroadcast:1289 com.mstar.android.ethernet.EthernetStateTracker.IntentBroadcast:343 com.mstar.android.ethernet.EthernetStateTracker.handleMessage:407 android.os.Handler.dispatchMessage:102 android.os.Looper.loop:136 
11-30 01:05:52.331 D/PermissionCache( 1103): checking android.permission.READ_FRAME_BUFFER for uid=1000 => granted (2616 us)
11-30 01:05:52.331 D/SurfaceFlinger( 1103): captureScreen: supportWidth = 1920, supportHeight = 1080, maxLayerZ = -1
11-30 01:05:52.335 E/MediaPlayerService( 1106): setDataSource(/system/media/audio/ui/camera_click.ogg)
11-30 01:05:52.335 D/MediaPlayerFactory( 1106): [createPlayer, 389][34m create StagefrightPlayer[0m
11-30 01:05:52.363 D/MS_OMX_Plugin( 1106): MSOMXPlugin::MSOMXPlugin
11-30 01:05:52.363 D/MS_OMX_Plugin( 1106): Get libMS_OMX_Core.so
11-30 01:05:52.371 I/apiMMAP ( 1106): Error, not define case... [device/mstar/common/libraries/mutils/mmap.c DoCalculate_Shift 354]
11-30 01:05:52.371 I/apiMMAP ( 1106): get_info: MIU1: not fount
11-30 01:05:52.371 I/apiMMAP ( 1106): get_info: TYPE_NONE: not fount
11-30 01:05:52.371 I/apiMMAP ( 1106): get_info: TYPE_NONE: not fount
11-30 01:05:52.371 I/apiMMAP ( 1106): get_info: MIU1: not fount
11-30 01:05:52.371 I/apiMMAP ( 1106): get_info: TYPE_NONE: not fount
11-30 01:05:52.371 I/apiMMAP ( 1106): get_info: TYPE_NONE: not fount
11-30 01:05:52.371 I/apiMMAP ( 1106): get_info: MIU1: not fount
11-30 01:05:52.371 I/apiMMAP ( 1106): get_info: TYPE_NONE: not fount
11-30 01:05:52.379 I/apiMMAP ( 1106): get_info: TYPE_NONE: not fount
11-30 01:05:52.379 I/apiMMAP ( 1106): get_info: MIU1: not fount
11-30 01:05:52.379 I/apiMMAP ( 1106): get_info: TYPE_NONE: not fount
11-30 01:05:52.379 I/apiMMAP ( 1106): get_info: TYPE_NONE: not fount
11-30 01:05:52.379 I/apiMMAP ( 1106): get_info: MIU1: not fount
11-30 01:05:52.379 I/apiMMAP ( 1106): get_info: TYPE_NONE: not fount
11-30 01:05:52.379 I/apiMMAP ( 1106): get_info: TYPE_NONE: not fount
11-30 01:05:52.379 I/apiMMAP ( 1106): get_info: MIU1: not fount
11-30 01:05:52.379 I/apiMMAP ( 1106): get_info: TYPE_NONE: not fount
11-30 01:05:52.379 I/apiMMAP ( 1106): get_info: TYPE_NONE: not fount
11-30 01:05:52.379 I/apiMMAP ( 1106): get_info: MIU1: not fount
11-30 01:05:52.379 I/apiMMAP ( 1106): get_info: TYPE_NONE: not fount
11-30 01:05:52.379 I/apiMMAP ( 1106): get_info: TYPE_NONE: not fount
11-30 01:05:52.379 I/apiMMAP ( 1106): get_info: MIU1: not fount
11-30 01:05:52.383 I/apiMMAP ( 1106): get_info: TYPE_NONE: not fount
11-30 01:05:52.383 I/apiMMAP ( 1106): get_info: TYPE_NONE: not fount
11-30 01:05:52.383 I/apiMMAP ( 1106): get_info: MIU1: not fount
11-30 01:05:52.383 I/apiMMAP ( 1106): get_info: TYPE_NONE: not fount
11-30 01:05:52.383 I/apiMMAP ( 1106): get_info: TYPE_NONE: not fount
11-30 01:05:52.387 I/apiMMAP ( 1106): get_info: MIU1: not fount
11-30 01:05:52.387 I/apiMMAP ( 1106): get_info: TYPE_NONE: not fount
11-30 01:05:52.387 I/apiMMAP ( 1106): get_info: TYPE_NONE: not fount
11-30 01:05:52.387 I/apiMMAP ( 1106): get_info: MIU1: not fount
11-30 01:05:52.387 I/apiMMAP ( 1106): get_info: TYPE_NONE: not fount
11-30 01:05:52.387 I/apiMMAP ( 1106): get_info: TYPE_NONE: not fount
11-30 01:05:52.387 I/apiMMAP ( 1106): get_info: MIU1: not fount
11-30 01:05:52.387 I/apiMMAP ( 1106): get_info: TYPE_NONE: not fount
11-30 01:05:52.387 I/apiMMAP ( 1106): get_info: TYPE_NONE: not fount
11-30 01:05:52.395 I/        ( 1106): [MSOS_PRINT][003289]     ~!~mappd sharemem  @ 
11-30 01:05:52.395 I/        ( 1106): [MSOS_PRINT][000663]     pthread_mutex_init
11-30 01:05:52.395 I/        ( 1106): [MSOS_PRINT][000665]     CHIP_InitISR
11-30 01:05:52.395 I/        ( 1106): [utopia info] utopia init
11-30 01:05:52.395 I/        ( 1106): [utopia info] register module: MODULE_UTOPIA
11-30 01:05:52.395 I/        ( 1106): [utopia info] register module: MODULE_BDMA
11-30 01:05:52.395 I/        ( 1106): [utopia info] register module: MODULE_AESDMA
11-30 01:05:52.395 I/        ( 1106): [utopia info] register module: MODULE_DSCMB
11-30 01:05:52.395 I/        ( 1106): [utopia info] register module: MODULE_CI
11-30 01:05:52.395 I/        ( 1106): [utopia info] register module: MODULE_GOP
11-30 01:05:52.403 I/        ( 1106): [utopia info] register module: MODULE_GFX
11-30 01:05:52.403 I/        ( 1106): [utopia info] register module: MODULE_TVENCODER
11-30 01:05:52.403 I/        ( 1106): [utopia info] register module: MODULE_XC
11-30 01:05:52.403 I/        ( 1106): [utopia info] register module: MODULE_MBX
11-30 01:05:52.403 I/        ( 1106): [utopia info] register module: MODULE_DIP
11-30 01:05:52.403 I/        ( 1106): [utopia info] register module: MODULE_PNL
11-30 01:05:52.403 I/        ( 1106): [utopia info] register module: MODULE_VBI
11-30 01:05:52.403 I/        ( 1106): [utopia info] register module: MODULE_ACE
11-30 01:05:52.411 I/        ( 1106): [utopia info] register module: MODULE_DLC
11-30 01:05:52.411 I/        ( 1106): [utopia info] register module: MODULE_IR
11-30 01:05:52.411 I/        ( 1106): [utopia info] register module: MODULE_SAR
11-30 01:05:52.411 I/        ( 1106): [utopia info] register module: MODULE_MIU
11-30 01:05:52.411 I/        ( 1106): [utopia info] register module: MODULE_PWS
11-30 01:05:52.411 I/        ( 1106): [utopia info] register module: MODULE_FLASH
11-30 01:05:52.411 I/        ( 1106): [utopia info] register module: MODULE_SEM
11-30 01:05:52.411 I/        ( 1106): [utopia info] register module: MODULE_SYS
11-30 01:05:52.419 I/        ( 1106): [utopia info] register module: MODULE_VDEC_EX
11-30 01:05:52.419 I/        ( 1106): [utopia info] register module: MODULE_MVOP
11-30 01:05:52.419 I/        ( 1106): [utopia info] register module: MODULE_AVD
11-30 01:05:52.419 I/        ( 1106): [utopia info] register module: MODULE_DMX
11-30 01:05:52.419 I/        ( 1106): [utopia info] register module: MODULE_RTC
11-30 01:05:52.419 I/        ( 1106): [utopia info] register module: MODULE_HWI2C
11-30 01:05:52.419 I/        ( 1106): [utopia info] register module: MODULE_UART
11-30 01:05:52.419 I/        ( 1106): [utopia info] register module: MODULE_PWM
11-30 01:05:52.419 I/        ( 1106): [utopia info] register module: MODULE_NJPEG_EX
11-30 01:05:52.419 I/        ( 1106): [utopia info] register module: MODULE_GPD
11-30 01:05:52.427 I/        ( 1106): [utopia info] register module: MODULE_MFE
11-30 01:05:52.427 I/        ( 1106): [utopia info] register module: MODULE_CPU
11-30 01:05:52.427 I/        ( 1106): [utopia info] register module: MODULE_MSPI
11-30 01:05:52.427 I/        ( 1106): [utopia info] register module: MODULE_DAC
11-30 01:05:52.427 I/        ( 1106): [utopia info] register module: MODULE_GPIO
11-30 01:05:52.427 I/        ( 1106): [MSOS_PRINT][000544]     [MsOS_Init] already inited!
11-30 01:05:52.427 I/apiMMAP ( 1106): get_info: E_MMAP_ID_VDEC_FRAMEBUFFER: not fount
11-30 01:05:52.435 I/apiMMAP ( 1106): get_info: E_MMAP_ID_VDEC_SUB_FRAMEBUFFER: not fount
11-30 01:05:52.435 E/MS_OMX_CORE( 1106): MsOS_MPool_Mapping fail!
11-30 01:05:52.435 I/apiMMAP ( 1106): get_info: E_MMAP_ID_VDEC_FRAMEBUFFER_BALANCE_BW: not fount
11-30 01:05:52.435 E/MS_OMX_CORE( 1106): MsOS_MPool_Mapping fail!
11-30 01:05:52.435 E/MS_OMX_CORE( 1106): MsOS_MPool_Mapping fail!
11-30 01:05:52.435 E/        ( 1106): <<android>>      Start HAL_AUDIO_AllocateVars InitShmFlag=0
11-30 01:05:52.435 E/        ( 1106): <<android>>      HAL_AUDIO_AllocateVars QUERY ClientCounter=1
11-30 01:05:52.435 E/        ( 1106): <<android>>      End HAL_AUDIO_AllocateVars InitShmFlag=1, ClientCounter=2 
11-30 01:05:52.435 I/        ( 1106): <<android>>      MApi_AUDIO_WritePreInitTable() : doesn't need to init again
11-30 01:05:52.443 E/        ( 1106): <<android>>      HAL_MAD_SetCommInfo: g_FuncPrt_Hal_SetAudioParam2 hook OK !!
11-30 01:05:52.443 E/        ( 1106): <<android>>      HAL_MAD_SetCommInfo: g_FuncPrt_Hal_GetAudioInfo2 hook OK !!
11-30 01:05:52.443 I/System.out( 1853): YP -->> onCreat.... 
11-30 01:05:52.443 I/AUTHTOKEN( 1822): =======>JNI_OnLoad build time:18:20:15----Mar 16 2016
11-30 01:05:52.443 I/AwesomePlayer( 1106): setDataSource_l(URL suppressed)
11-30 01:05:52.443 E/        ( 1106): Failed to open file '/system/media/audio/ui/camera_click.ogg'. (No such file or directory)
11-30 01:05:52.443 E/MediaPlayer( 1106): error (1, -2147483648)
11-30 01:05:52.443 E/MediaPlayerService( 1106): setDataSource(/system/media/audio/ui/VideoRecord.ogg)
11-30 01:05:52.443 D/MediaPlayerFactory( 1106): [createPlayer, 389][34m create StagefrightPlayer[0m
11-30 01:05:52.447 I/AwesomePlayer( 1106): setDataSource_l(URL suppressed)
11-30 01:05:52.447 E/        ( 1106): Failed to open file '/system/media/audio/ui/VideoRecord.ogg'. (No such file or directory)
11-30 01:05:52.447 E/MediaPlayer( 1106): error (1, -2147483648)
11-30 01:05:52.451 I/CameraClient( 1106): Opening camera 5
11-30 01:05:52.451 I/CameraHAL( 1106): camera_device open
11-30 01:05:52.451 D/CameraHAL( 1106): create xcdiphardware0 =============
11-30 01:05:52.459 E/XCDipHardware_einstein( 1106): NULL window object
11-30 01:05:52.459 D/XCDipHardware_einstein( 1106): [XCDipHardware]:Basic Init done
11-30 01:05:52.459 D/XCDipHardware_einstein( 1106): [XCDipHardware]----------------E_DFB_JPD_WRITE----------------
11-30 01:05:52.459 D/XCDipHardware_einstein( 1106): [XCDipHardware]:XC Init paStart 19159000 paEnd 19959000 size 00800000
11-30 01:05:52.459 D/XCDipHardware_einstein( 1106): [XCDipHardware] DIP buffer Mpool mapping MIU0
11-30 01:05:52.463 D/XCDipHardware_einstein( 1106): [XCDipHardware]:XC Init done
11-30 01:05:52.471 V/mstplayer( 1106): fromProcess: com.ccdt.baidutvspeech
11-30 01:05:52.471 D/mstplayer( 1106): [1902] [AVP] enter handle thread
11-30 01:05:52.471 D/mstplayer( 1106): (0xb85fbf00)[MstRMClientListener][1325]
11-30 01:05:52.471 V/RMClient( 1106): #1:RMClient
11-30 01:05:52.471 D/mstplayer( 1106): [1304] (0x0xb85f85b8)MstPlayer::constructor
11-30 01:05:52.471 D/mstplayer( 1106): [1304] [AVP]MODULE_VERSION: AVP_-01.10.1492269
11-30 01:05:52.471 D/mstplayer( 1106): [1304] MstPlayer::constructor Leave
11-30 01:05:52.471 D/mstplayer( 1106): [1304] (0x0xb85f85b8)MstPlayer::initCheck
11-30 01:05:52.479 D/mstplayer( 1106): [1304] (0x0xb85f85b8)MstPlayer::setDataSource, fd: 27, offset: 39847787, len: 4587
11-30 01:05:52.479 D/mstplayer( 1106): [1304] (0x0xb85f85b8)MstPlayer::prepareAsync
11-30 01:05:52.487 D/mstplayer( 1106): [1902] [AVP] msg_receive 0x8000, size 0, data 0x0x0
11-30 01:05:52.487 D/mstplayer( 1106): [1902] [AVP] prepareAsync_l, isMstApp: 0, first 1
11-30 01:05:52.487 D/mstplayer( 1106): [1902] [AVP] MMP_Open mstplayer:0x0xb85f85b8
11-30 01:05:52.487 V/[MMP]   ( 1106): [1902] [MMP] enter MMP_Open
11-30 01:05:52.487 V/[MMP]   ( 1106): [1902] register handle 0, buffer 0xaf29e008, size 1058848 to slot  0
11-30 01:05:52.487 V/[MMP]   ( 1106): [1902] [MMP] leave MMP_Open
11-30 01:05:52.487 D/mstplayer( 1106): [1902] [AVP] msg_response, msg 0x8000, cmd_waiting_for_rsp 0x8000, ret 0
11-30 01:05:52.495 D/GetTokenServiceHelper( 1796): start bind service com.dvb.auth.service.GetTokenService
11-30 01:05:52.495 I/HttpServer( 1796): udp server,run!
11-30 01:05:52.499 I/HttpServer( 1796): DatagramSocket is Create!
11-30 01:05:52.503 V/[MMP]   ( 1106): [1906] MP4 Open Start
11-30 01:05:52.503 V/[MMP]   ( 1106): [1906] register handle 0, buffer 0xb85fb7b8, size     160 to slot  1
11-30 01:05:52.503 V/[MMP]   ( 1106): [1906] register handle 0, buffer 0xb860c748, size   17552 to slot  2
11-30 01:05:52.503 V/[MMP]   ( 1106): [1906] player_open_demuxer, file_type = 11
11-30 01:05:52.503 V/[MMP]   ( 1106): [1906] register handle 0, buffer 0xaf174008, size  151296 to slot  3
11-30 01:05:52.503 V/[MMP]   ( 1106): [1906] register handle 0, buffer 0xb85fb860, size      32 to slot  4
11-30 01:05:52.503 V/[MMP]   ( 1106): [1906] register handle 0, buffer 0xb8610be0, size    2928 to slot  5
11-30 01:05:52.503 V/[MMP]   ( 1106): [1906] [demuxer_format]: MP3
11-30 01:05:52.503 V/[MMP]   ( 1106): [1906] register handle 0, buffer 0xb8611758, size     992 to slot  6
11-30 01:05:52.503 V/[MMP]   ( 1106): [1906] register handle 0, buffer 0xb8611b40, size    8224 to slot  7
11-30 01:05:52.503 V/[MMP]   ( 1106): [1906] findID3v2 : No ID3 v2 tag within search range
11-30 01:05:52.503 V/[MMP]   ( 1106): [1906] [parse_ID3] find_ID3v2 fail
11-30 01:05:52.503 V/[MMP]   ( 1106): [1906] register handle 0, buffer 0xb85fb888, size     176 to slot  8
11-30 01:05:52.503 V/[MMP]   ( 1106): [1906] [parseID3v1]No ID3v1 tag
11-30 01:05:52.503 V/[MMP]   ( 1106): [1906] released handle 0, buffer 0xb85fb888 size     176, at slot  8
11-30 01:05:52.503 V/[MMP]   ( 1106): [1906] released handle 0, buffer 0xb8610be0 size    2928, at slot  5
11-30 01:05:52.503 V/[MMP]   ( 1106): [1906] use_streaming_ringbuf_size:0 video_rbuf_size 13107200 
11-30 01:05:52.503 V/[MMP]   ( 1106): [1906] register handle 0, buffer 0xaf0dd008, size  614432 to slot  5
11-30 01:05:52.503 V/[MMP]   ( 1106): [1906] register handle 0, buffer 0xaefdc008, size 1048608 to slot  8
11-30 01:05:52.503 V/[MMP]   ( 1106): [1906] demux common init
11-30 01:05:52.503 V/[MMP]   ( 1106): [1906] register handle 0, buffer 0xb85fb888, size      32 to slot  9
11-30 01:05:52.503 D/mstplayer( 1106): [1906] [AVP] mmp_notify_callback get msg 20
11-30 01:05:52.503 V/RMClient( 1106): #1:requestResourceAsync
11-30 01:05:52.503 V/RMClient( 1106): #1:onMessageReceived creq
11-30 01:05:52.503 V/RMClient( 1106): #1:kWhatCmdResourceRequest
11-30 01:05:52.503 V/RMAllocator( 1100): handleRequest
11-30 01:05:52.503 V/RMAllocator( 1100): handleRequest new ClientInfo, client=3071886056 id=1
11-30 01:05:52.503 I/RMAllocator( 1100): ClientInfo this=3071890288, mRMClient=3071886056. id=1
11-30 01:05:52.503 V/RMAllocator( 1100): handleRequest new ClientInfo=3071890288, client=3071886056 id=1
11-30 01:05:52.503 V/RMAllocator( 1100): allocateResources
11-30 01:05:52.503 V/RMClient( 1106): #1:handleRequestDone
11-30 01:05:52.511 V/RMClient( 1106): #1:Done
11-30 01:05:52.511 V/RMClient( 1106): #1:onMessageReceived ldon
11-30 01:05:52.511 V/RMClient( 1106): #1:kWhatRequestDone
11-30 01:05:52.511 W/ContextImpl( 1796): Implicit intents with startService are not safe: Intent { act=com.dvb.auth.service.GetTokenService } android.content.ContextWrapper.bindService:517 com.ccdt.baidutvspeech.utils.GetTokenServiceHelper.bind:150 com.ccdt.baidutvspeech.utils.GetTokenServiceHelper.isAuth:103 
11-30 01:05:52.511 D/mstplayer( 1106): (0xb85fbf00)[handleRequestDone][1335]
11-30 01:05:52.511 V/RMClient( 1106): #1:Done
11-30 01:05:52.511 D/mstplayer( 1106): [1906] Resource allocation ok
11-30 01:05:52.511 V/[MMP]   ( 1106): [1906] request resource 20 from handle, ret: 0
11-30 01:05:52.511 V/[MMP]   ( 1106): [1906] [Precise] force enable sync AV
11-30 01:05:52.511 V/[MMP]   ( 1106): [1906] register handle 0, buffer 0xaeeda008, size 1054752 to slot 10
11-30 01:05:52.511 V/[MMP]   ( 1106): [1908] [DMX] set new pts: 0
11-30 01:05:52.511 V/[MMP]   ( 1106): [1906] type:2, rbuf_codec_4cc: 0x6d703361, f_codec_4cc:0x6d703361
11-30 01:05:52.511 V/[MMP]   ( 1106): [1906] [AUD DEC] OMX, codec: 0x6d703361
11-30 01:05:52.511 V/[MMP]   ( 1106): [1906] register handle 0, buffer 0xb8613e58, size     160 to slot 11
11-30 01:05:52.511 V/[MMP]   ( 1106): [1906] [AD] set timeout threshold 5000, ignore cmd 0
11-30 01:05:52.511 V/[MMP]   ( 1106): [1908] [EOF_stream], type:2
11-30 01:05:52.511 V/mmpAudSource( 1106): [1906] mmpAudSource::construct
11-30 01:05:52.511 V/[MMP]   ( 1106): [1908] [DX] dmx got eof
11-30 01:05:52.511 D/mstplayer( 1106): [1908] [AVP] mmp_notify_callback get msg 21
11-30 01:05:52.511 V/mmpAudSource( 1106): [1906] Audio codec: mp3a
11-30 01:05:52.511 V/mmpAudSource( 1106): [1906] mp3 orig cfg_len: 417
11-30 01:05:52.511 V/mmpAudSource( 1106): [1906] probe_mp3_content: mp3 probe length:0
11-30 01:05:52.511 V/mmpAudSource( 1106): [1906] probe frame 0 fsize =417 sr=ac44 ch=2 layer=3 header=fffb9060
11-30 01:05:52.511 V/mmpAudSource( 1106): [1906] probe frame 1 fsize =417 sr=ac44 ch=2 layer=3 header=fffb9060
11-30 01:05:52.511 V/mmpAudSource( 1106): [1906] probe frame 2 fsize =417 sr=ac44 ch=2 layer=3 header=fffb9060
11-30 01:05:52.511 V/mmpAudSource( 1106): [1906] probe frame 3 fsize =417 sr=ac44 ch=2 layer=3 header=fffb9060
11-30 01:05:52.511 V/mmpAudSource( 1106): [1906] fs =1a1 sr=ac44 ch=2 layer=3
11-30 01:05:52.511 V/mmpAudSource( 1106): [1906] mp3 new cfg_len: 1668 header: fffb9060 
11-30 01:05:52.511 D/mmpOmxWrap( 1106): [1906] [init_mmp_aud_source] leave
11-30 01:05:52.511 V/[MMP]   ( 1106): [1906] [Android-OMX] play audio only, prefer SW decode
11-30 01:05:52.511 D/mmpOmxWrap( 1106): [1906] omx audio mode: 1
11-30 01:05:52.511 D/mstplayer( 1106): [1902] [AVP] notify_msg_cb: 0x1013
11-30 01:05:52.511 D/mstplayer( 1106): [1902] [AVP] dmx got eos event, need_try_next_url:0, is_play:0, next_player_state:0
11-30 01:05:52.511 W/ContextImpl( 1796): Calling a method in the system process without a qualified user: android.app.ContextImpl.bindService:1551 android.content.ContextWrapper.bindService:517 com.ccdt.baidutvspeech.utils.GetTokenServiceHelper.bind:150 com.ccdt.baidutvspeech.utils.GetTokenServiceHelper.isAuth:103 com.ccdt.baidutvspeech.app.MyApp$1.handleMessage:33 
11-30 01:05:52.515 D/mstplayer( 1106): [1902] [AVP] mmp event 0x1013, size 0, data 0x0x0
11-30 01:05:52.519 D/XCDipHardware_einstein( 1106): CaptureScreen dfb_jpd_write_buffer mutex get success
11-30 01:05:52.519 D/XCDipHardware_einstein( 1106): [XCDipHardware]startpreview  enEngineId = 1 
11-30 01:05:52.519 D/XCDipHardware_einstein( 1106): [checkParameters] xxx mInputInfo.u32TravelModeInfo_Version 1
11-30 01:05:52.519 D/XCDipHardware_einstein( 1106): [checkParameters] xxx mInputInfo.u16TravelModeInfo_Length 56
11-30 01:05:52.519 D/XCDipHardware_einstein( 1106): [checkParameters] xxx camera id 1
11-30 01:05:52.519 D/XCDipHardware_einstein( 1106): [checkParameters] xxx mInputInfo.pInfo.enTravelingSource 3, mInputInfo.pInfo.bCaptureOSD 0
11-30 01:05:52.519 D/XCDipHardware_einstein( 1106): [checkParameters] width 1920   height 1080
11-30 01:05:52.519 D/XCDipHardware_einstein( 1106): [checkParameters] mInputInfo.pInfo.eMemFormat 2, mInputInfo.pInfo.u16Alignment 256
11-30 01:05:52.519 D/XCDipHardware_einstein( 1106): [checkParameters]mInputInfo.pInfo.u16FrameRateX10 0
11-30 01:05:52.519 D/XCDipHardware_einstein( 1106): [checkParameters] sub source 41
11-30 01:05:52.519 D/XCDipHardware_einstein( 1106): [XCDipHardware]mirrormode 0
11-30 01:05:52.527 V/mmpAudSource( 1106): [1906] mmpAudSource::start()
11-30 01:05:52.527 I/HttpServer( 1796): TEST:message:{
11-30 01:05:52.527 I/HttpServer( 1796):     "ip":"10.177.9.56",
11-30 01:05:52.527 I/HttpServer( 1796):     "mac":"a8bd3afc2571"
11-30 01:05:52.527 I/HttpServer( 1796): }
11-30 01:05:52.531 V/mmpAudSource( 1106): [1906] probe_mp3_content: mp3 probe length:1668
11-30 01:05:52.531 V/mmpAudSource( 1106): [1906] probe frame 0 fsize =417 sr=ac44 ch=2 layer=3 header=fffb9060
11-30 01:05:52.531 V/mmpAudSource( 1106): [1906] probe frame 1 fsize =417 sr=ac44 ch=2 layer=3 header=fffb9060
11-30 01:05:52.531 V/mmpAudSource( 1106): [1906] remaining data after probe..[1668]
11-30 01:05:52.531 V/mmpAudSource( 1106): [1906] probe_mp3_content: mp3 probe length:1251
11-30 01:05:52.531 V/mmpAudSource( 1106): [1906] probe frame 0 fsize =417 sr=ac44 ch=2 layer=3 header=fffb9060
11-30 01:05:52.531 V/mmpAudSource( 1106): [1906] probe frame 1 fsize =417 sr=ac44 ch=2 layer=3 header=fffb9060
11-30 01:05:52.531 V/mmpAudSource( 1106): [1906] remaining data after probe..[1251]
11-30 01:05:52.531 V/mmpAudSource( 1106): [1906] readsize[417].remain[834].pts[104].chunk[417] d=FFFB
11-30 01:05:52.531 V/mmpAudSource( 1106): [1906] probe_mp3_content: mp3 probe length:1251
11-30 01:05:52.531 V/mmpAudSource( 1106): [1906] probe frame 0 fsize =417 sr=ac44 ch=2 layer=3 header=fffb9060
11-30 01:05:52.531 V/mmpAudSource( 1106): [1906] probe frame 1 fsize =417 sr=ac44 ch=2 layer=3 header=fffb9060
11-30 01:05:52.531 V/mmpAudSource( 1106): [1906] remaining data after probe..[1251]
11-30 01:05:52.531 V/mmpAudSource( 1106): [1906] readsize[417].remain[834].pts[130].chunk[417] d=FFFB
11-30 01:05:52.531 V/mmpAudSource( 1106): [1906] probe_mp3_content: mp3 probe length:1251
11-30 01:05:52.531 V/mmpAudSource( 1106): [1906] probe frame 0 fsize =417 sr=ac44 ch=2 layer=3 header=fffb9060
11-30 01:05:52.531 V/mmpAudSource( 1106): [1906] probe frame 1 fsize =417 sr=ac44 ch=2 layer=3 header=fffb9060
11-30 01:05:52.531 V/mmpAudSource( 1106): [1906] remaining data after probe..[1251]
11-30 01:05:52.535 D/mmpOmxWrap( 1106): [1906] [init_omx_aud_decoder] mime: audio/mpeg, SampleRate: 44100, numChannels: 2
11-30 01:05:52.535 V/[MMP]   ( 1106): [1906] framing sr: 44100, ch: 2, fourcc: 1836069729; OMX output sr: 44100, ch: 2, fourcc :0x6d703361
11-30 01:05:52.535 V/mmpAudSource( 1106): [1910] readsize[417].remain[834].pts[156].chunk[417] d=FFFB
11-30 01:05:52.535 V/[MMP]   ( 1106): [1906] isaac_debug: ---666---
11-30 01:05:52.535 V/[MMP]   ( 1106): [1906] isaac_debug: ---888---
11-30 01:05:52.535 V/mmpAudSource( 1106): [1910] probe_mp3_content: mp3 probe length:1251
11-30 01:05:52.535 V/mmpAudSource( 1106): [1910] probe frame 0 fsize =417 sr=ac44 ch=2 layer=3 header=fffb9060
11-30 01:05:52.535 V/mmpAudSource( 1106): [1910] probe frame 1 fsize =417 sr=ac44 ch=2 layer=3 header=fffb9060
11-30 01:05:52.535 V/mmpAudSource( 1106): [1910] remaining data after probe..[1251]
11-30 01:05:52.535 V/[MMP]   ( 1106): [1906] register handle 0, buffer 0xb861dec8, size   11296 to slot 12
11-30 01:05:52.535 V/[MMP]   ( 1106): [1906] register handle 0, buffer 0xb860b8f0, size    2080 to slot 13
11-30 01:05:52.535 V/[MMP]   ( 1106): [1906] [AD] disable timeout threshold
11-30 01:05:52.535 V/[MMP]   ( 1106): [1906] [Precise] force disable sync AV
11-30 01:05:52.535 V/[MMP]   ( 1106): [1906] register handle 0, buffer 0xaea6f008, size 1058848 to slot 14
11-30 01:05:52.535 V/[MMP]   ( 1106): [1911] [AO] enter pause state, a_new_pts:0, first frame 0
11-30 01:05:52.535 V/[MMP]   ( 1106): [1911] br_count:0
11-30 01:05:52.535 V/mmpAudSource( 1106): [1910] readsize[417].remain[834].pts[182].chunk[417] d=FFFB
11-30 01:05:52.535 V/mmpAudSource( 1106): [1910] probe_mp3_content: mp3 probe length:1251
11-30 01:05:52.535 V/[MMP]   ( 1106): [1911] enter_state_cb_sync
11-30 01:05:52.535 V/mmpAudSource( 1106): [1910] probe frame 0 fsize =417 sr=ac44 ch=2 layer=3 header=fffb9060
11-30 01:05:52.535 V/mmpAudSource( 1106): [1910] probe frame 1 fsize =417 sr=ac44 ch=2 layer=3 header=fffb9060
11-30 01:05:52.535 V/mmpAudSource( 1106): [1910] remaining data after probe..[1251]
11-30 01:05:52.535 V/[MMP]   ( 1106): [1906] MP4 Open Finished
11-30 01:05:52.535 V/[MMP]   ( 1106): [1906] [MMP] (0x0xb85fd458) enter SetPos, flag_in 0x6
11-30 01:05:52.535 V/[MMP]   ( 1106): [1906] [MMP] seek time:0, flag:0x32
11-30 01:05:52.535 V/[MMP]   ( 1106): [1906] mmp_ringbuffer_eos 1, demux_init_seek return fail
11-30 01:05:52.535 V/[MMP]   ( 1106): [1906] [MMP] leave SetPos
11-30 01:05:52.535 V/[MMP]   ( 1106): [1906] [AVP] divx profile 0, clip has drm 0, divx plus 0
11-30 01:05:52.535 D/mstplayer( 1106): [1906] [AVP] mmp_notify_callback get msg 1
11-30 01:05:52.535 V/mmpAudSource( 1106): [1910] readsize[417].remain[834].pts[208].chunk[417] d=FFFB
11-30 01:05:52.535 V/mmpAudSource( 1106): [1910] probe_mp3_content: mp3 probe length:1251
11-30 01:05:52.535 V/mmpAudSource( 1106): [1910] probe frame 0 fsize =417 sr=ac44 ch=2 layer=3 header=fffb9060
11-30 01:05:52.535 V/mmpAudSource( 1106): [1910] probe frame 1 fsize =417 sr=ac44 ch=2 layer=3 header=fffb9060
11-30 01:05:52.535 V/mmpAudSource( 1106): [1910] remaining data after probe..[1251]
11-30 01:05:52.535 V/mmpAudSource( 1106): [1910] readsize[417].remain[834].pts[235].chunk[417] d=FFFB
11-30 01:05:52.535 V/mmpAudSource( 1106): [1910] probe_mp3_content: mp3 probe length:1251
11-30 01:05:52.535 V/mmpAudSource( 1106): [1910] probe frame 0 fsize =417 sr=ac44 ch=2 layer=3 header=fffb9060
11-30 01:05:52.535 V/mmpAudSource( 1106): [1910] probe frame 1 fsize =417 sr=ac44 ch=2 layer=3 header=fffb9060
11-30 01:05:52.535 V/mmpAudSource( 1106): [1910] remaining data after probe..[1251]
11-30 01:05:52.543 D/mstplayer( 1106): [1902] [AVP] notify_msg_cb: 0x1000
11-30 01:05:52.543 D/mstplayer( 1106): [1902] [AVP] open complete event
11-30 01:05:52.543 D/mstplayer( 1106): [1902] td=287, w=0, h=0, r=0, kmv=0x0
11-30 01:05:52.543 D/mstplayer( 1106): [1902] [DIVX] title:0, edition_count:0
11-30 01:05:52.543 D/mstplayer( 1106): [1902] (0x0xb85f85b8)MstPlayer::prepared
11-30 01:05:52.543 D/mstplayer( 1106): [1902] [AVP] mmp event 0x1000, size 0, data 0x0x0
11-30 01:05:52.543 D/mstplayer( 1106): [1304] (0x0xb85f85b8)MstPlayer::start
11-30 01:05:52.551 D/mstplayer( 1106): [1902] [AVP] msg_receive 0x8002, size 4, data 0x0xb85f8128
11-30 01:05:52.551 D/mstplayer( 1106): [1902] [AVP] AVP_CMD_PLAY, set mAudioSink: 0x0xb85f8128
11-30 01:05:52.551 D/mstplayer( 1106): [1902] [AVP] msg_response, msg 0x8002, cmd_waiting_for_rsp 0x8002, ret 0
11-30 01:05:52.551 D/mstplayer( 1106): [1902] [AVP] start_l
11-30 01:05:52.551 D/mstplayer( 1106): [1902] [AVP] avp status:5
11-30 01:05:52.551 V/[MMP]   ( 1106): [1902] [MMP] (0x0xb85fd458) enter SetDecodeMode 3
11-30 01:05:52.555 D/nwin_subout( 1106): nativewin_subout_open
11-30 01:05:52.555 D/ext_subout( 1106): external_subout_open
11-30 01:05:52.555 D/ext_subout( 1106): external_subout_setVisible (0 -> 0)
11-30 01:05:52.555 D/mstplayer( 1106): [1902] mAudioSink: 0x0xb85f8128
