11-30 01:05:52.555 V/[MMP]   ( 1106): [1902] [MMP] (0x0xb85fd458) enter MMP_Play3
11-30 01:05:52.555 V/[MMP]   ( 1106): [1902] [MMP] mp4player_open, width:0, height:0
11-30 01:05:52.555 V/[MMP]   ( 1106): [1902] ====1016 func player_destroy_thread, line 5483
11-30 01:05:52.555 V/[MMP]   ( 1106): [1902] ====1016 func player_destroy_thread, line 5485
11-30 01:05:52.555 V/[MMP]   ( 1106): [1902] thread join success
11-30 01:05:52.555 V/[MMP]   ( 1106): [1902] released handle 0, buffer 0xaf29e008 size 1058848, at slot  0
11-30 01:05:52.555 V/[MMP]   ( 1106): [1902] free cache for kmv meta data
11-30 01:05:52.555 V/[MMP]   ( 1106): [1902] released handle 0, buffer 0xb860c748 size   17552, at slot  2
11-30 01:05:52.555 V/[MMP]   ( 1106): [1902] [AV SYNC] 1 1
11-30 01:05:52.555 V/[MMP]   ( 1106): [1902] mmp_fnDrvAud_Init_Play
11-30 01:05:52.555 V/[MMP]   ( 1106): [1902] [ao] set audio extra latency to -45
11-30 01:05:52.555 D/MMP_AudioFlinger_Wrapper( 1106): Open AudioSink successfully: 0xb85f8128
11-30 01:05:52.555 D/MMP_AudioFlinger_Wrapper( 1106): Set AudioSink, status: 0, streamType: 1, sampleRate: 44100,channelCount: 2, bufferCount: 4, channelMask: 0
11-30 01:05:52.563 V/[MMP]   ( 1106): [1902] [ao] open_ret:1, frame count: 1024, frame size: 4, latency: 0, msPerFrame: 0.022676, latency_frame_num: 0
11-30 01:05:52.563 V/[MMP]   ( 1106): [1902] [ao] smooth_latency_factor: 5
11-30 01:05:52.563 V/[MMP]   ( 1106): [1902] mmp_fnDrvAud_Pause_Play
11-30 01:05:52.563 V/[MMP]   ( 1106): [1902] [MMP] (0x0xb85fd458) enter Continue
11-30 01:05:52.563 V/[MMP]   ( 1106): [1902] ==mstar enter the player_check_current_state:562
11-30 01:05:52.563 V/[MMP]   ( 1106): [1902] ==mstar enter the player_check_current_state:564
11-30 01:05:52.563 V/[MMP]   ( 1106): [1902] ==mstar enter the player_check_current_state:582
11-30 01:05:52.563 V/[MMP]   ( 1106): [1902] ==mstar enter the player_check_current_state:562
11-30 01:05:52.563 V/[MMP]   ( 1106): [1902] ==mstar enter the player_check_current_state:564
11-30 01:05:52.563 V/[MMP]   ( 1106): [1902] ==mstar enter the player_check_current_state:582
11-30 01:05:52.563 V/[MMP]   ( 1106): [1911] S_Q: aud_clk: 0ms (
11-30 01:05:52.563 V/[MMP]   ( 1106): [1911] 0-
11-30 01:05:52.563 V/[MMP]   ( 1106): [1911] 0),
11-30 01:05:52.563 V/[MMP]   ( 1106): [1911] a:2,v:0
11-30 01:05:52.563 V/[MMP]   ( 1106): [1911] [AD] set timeout threshold 500, ignore cmd 1
11-30 01:05:52.563 V/[MMP]   ( 1106): [1911] [ao] out size 2048, free_size: 4096
11-30 01:05:52.563 V/[MMP]   ( 1106): [1911] [ao] err, total_write_frame: 512, played_frame: 2048
11-30 01:05:52.563 V/[MMP]   ( 1106): [1911] [ao] err, total_write_frame: 512, played_frame: 2048
11-30 01:05:52.563 V/[MMP]   ( 1106): [1911] [ao] out size 444, free_size: 4096
11-30 01:05:52.563 V/[MMP]   ( 1106): [1911] [ao] err, total_write_frame: 623, played_frame: 2492
11-30 01:05:52.563 V/[MMP]   ( 1106): [1911] [ao] err, total_write_frame: 623, played_frame: 2492
11-30 01:05:52.563 V/[MMP]   ( 1106): [1911] [ao] out size 2048, free_size: 4096
11-30 01:05:52.563 V/[MMP]   ( 1106): [1911] [ao] err, total_write_frame: 1135, played_frame: 4540
11-30 01:05:52.563 V/[MMP]   ( 1106): [1911] [ao] err, total_write_frame: 1135, played_frame: 4540
11-30 01:05:52.563 V/[MMP]   ( 1106): [1911] [ao] out size 2048, free_size: 4096
11-30 01:05:52.563 V/[MMP]   ( 1106): [1911] [ao] err, total_write_frame: 1647, played_frame: 6588
11-30 01:05:52.563 V/[MMP]   ( 1106): [1911] [ao] err, total_write_frame: 1647, played_frame: 6588
11-30 01:05:52.563 V/[MMP]   ( 1106): [1911] [ao] out size 512, free_size: 4096
11-30 01:05:52.563 V/[MMP]   ( 1106): [1911] [ao] err, total_write_frame: 1775, played_frame: 7100
11-30 01:05:52.563 V/[MMP]   ( 1106): [1911] [ao] err, total_write_frame: 1775, played_frame: 7100
11-30 01:05:52.563 V/[MMP]   ( 1106): [1911] [ao] out size 2048, free_size: 4096
11-30 01:05:52.563 V/[MMP]   ( 1106): [1911] [ao] err, total_write_frame: 2287, played_frame: 9148
11-30 01:05:52.563 V/[MMP]   ( 1106): [1911] [ao] err, total_write_frame: 2287, played_frame: 9148
11-30 01:05:52.563 V/[MMP]   ( 1106): [1911] [ao] out size 2048, free_size: 4096
11-30 01:05:52.563 V/[MMP]   ( 1106): [1911] [ao] err, total_write_frame: 2799, played_frame: 11196
11-30 01:05:52.563 V/[MMP]   ( 1106): [1911] [ao] err, total_write_frame: 2799, played_frame: 11196
11-30 01:05:52.563 V/[MMP]   ( 1106): [1911] [ao] out size 512, free_size: 4096
11-30 01:05:52.563 V/[MMP]   ( 1106): [1911] [ao] err, total_write_frame: 2927, played_frame: 11708
11-30 01:05:52.563 V/[MMP]   ( 1106): [1911] [ao] err, total_write_frame: 2927, played_frame: 11708
11-30 01:05:52.563 V/[MMP]   ( 1106): [1911] [ao] out size 2048, free_size: 4096
11-30 01:05:52.563 V/[MMP]   ( 1106): [1911] [ao] err, total_write_frame: 3439, played_frame: 13756
11-30 01:05:52.563 V/[MMP]   ( 1106): [1911] [ao] err, total_write_frame: 3439, played_frame: 13756
11-30 01:05:52.563 V/[MMP]   ( 1106): [1911] [ao] out size 2048, free_size: 4096
11-30 01:05:52.563 V/[MMP]   ( 1106): [1911] [ao] err, total_write_frame: 3951, played_frame: 15804
11-30 01:05:52.563 V/[MMP]   ( 1106): [1911] [ao] err, total_write_frame: 3951, played_frame: 15804
11-30 01:05:52.563 V/[MMP]   ( 1106): [1911] [ao] out size 512, free_size: 4096
11-30 01:05:52.563 V/[MMP]   ( 1106): [1911] [ao] err, total_write_frame: 4079, played_frame: 16316
11-30 01:05:52.571 V/[MMP]   ( 1106): [1911] [ao] err, total_write_frame: 4079, played_frame: 16316
11-30 01:05:52.571 V/[MMP]   ( 1106): [1911] [ao] out size 2048, free_size: 4096
11-30 01:05:52.571 V/[MMP]   ( 1106): [1911] [ao] err, total_write_frame: 4591, played_frame: 18364
11-30 01:05:52.571 V/[MMP]   ( 1106): [1911] [ao] err, total_write_frame: 4591, played_frame: 18364
11-30 01:05:52.571 V/[MMP]   ( 1106): [1911] [ao] out size 2048, free_size: 4096
11-30 01:05:52.571 V/[MMP]   ( 1106): [1911] [ao] err, total_write_frame: 5103, played_frame: 20412
11-30 01:05:52.571 V/[MMP]   ( 1106): [1911] [ao] err, total_write_frame: 5103, played_frame: 20412
11-30 01:05:52.571 V/[MMP]   ( 1106): [1911] [ao] out size 512, free_size: 4096
11-30 01:05:52.571 V/[MMP]   ( 1106): [1911] [ao] err, total_write_frame: 5231, played_frame: 20924
11-30 01:05:52.571 V/mmpAudSource( 1106): [1910] readsize[417].remain[834].pts[261].chunk[417] d=FFFB
11-30 01:05:52.571 V/mmpAudSource( 1106): [1910] probe_mp3_content: mp3 probe length:1251
11-30 01:05:52.571 V/mmpAudSource( 1106): [1910] probe frame 0 fsize =417 sr=ac44 ch=2 layer=3 header=fffb9060
11-30 01:05:52.571 V/mmpAudSource( 1106): [1910] probe frame 1 fsize =417 sr=ac44 ch=2 layer=3 header=fffb9060
11-30 01:05:52.571 V/mmpAudSource( 1106): [1910] remaining data after probe..[1251]
11-30 01:05:52.571 V/[MMP]   ( 1106): [1911] [ao] err, total_write_frame: 5231, played_frame: 20924
11-30 01:05:52.571 V/[MMP]   ( 1106): [1911] [ao] out size 2048, free_size: 4096
11-30 01:05:52.571 V/[MMP]   ( 1106): [1911] [ao] err, total_write_frame: 5743, played_frame: 22972
11-30 01:05:52.571 V/[MMP]   ( 1106): [1911] [ao] err, total_write_frame: 5743, played_frame: 22972
11-30 01:05:52.571 V/[MMP]   ( 1106): [1911] [ao] out size 2048, free_size: 4096
11-30 01:05:52.571 V/[MMP]   ( 1106): [1911] [ao] err, total_write_frame: 6255, played_frame: 25020
11-30 01:05:52.571 V/[MMP]   ( 1106): [1910] [AD] callback got EOF!
11-30 01:05:52.571 V/[MMP]   ( 1106): [1911] [ao] err, total_write_frame: 6255, played_frame: 25020
11-30 01:05:52.571 V/[MMP]   ( 1106): [1911] [ao] out size 512, free_size: 4096
11-30 01:05:52.571 V/mmpAudSource( 1106): [1910] readsize[0].remain[834].pts[-1].chunk[0] d=FFFB
11-30 01:05:52.571 E/mmpAudSource( 1106): [1910] end of stream....fending[1]
11-30 01:05:52.571 V/[MMP]   ( 1106): [1911] [ao] err, total_write_frame: 6383, played_frame: 25532
11-30 01:05:52.571 V/[MMP]   ( 1106): [1911] [ao] err, total_write_frame: 6383, played_frame: 25532
11-30 01:05:52.571 V/[MMP]   ( 1106): [1911] [ao] out size 2048, free_size: 4096
11-30 01:05:52.571 V/[MMP]   ( 1106): [1911] [ao] err, total_write_frame: 6895, played_frame: 27580
11-30 01:05:52.571 V/[MMP]   ( 1106): [1911] [ao] err, total_write_frame: 6895, played_frame: 27580
11-30 01:05:52.571 V/[MMP]   ( 1106): [1911] [ao] out size 2048, free_size: 4096
11-30 01:05:52.571 V/[MMP]   ( 1106): [1911] [ao] err, total_write_frame: 7407, played_frame: 29628
11-30 01:05:52.571 V/[MMP]   ( 1106): [1911] [ao] err, total_write_frame: 7407, played_frame: 29628
11-30 01:05:52.571 V/[MMP]   ( 1106): [1911] [ao] out size 512, free_size: 4096
11-30 01:05:52.571 V/[MMP]   ( 1106): [1911] [ao] err, total_write_frame: 7535, played_frame: 30140
11-30 01:05:52.571 V/[MMP]   ( 1106): [1911] [ao] err, total_write_frame: 7535, played_frame: 30140
11-30 01:05:52.571 V/[MMP]   ( 1106): [1911] [ao] out size 2048, free_size: 4096
11-30 01:05:52.571 V/[MMP]   ( 1106): [1911] [ao] err, total_write_frame: 8047, played_frame: 32188
11-30 01:05:52.571 V/[MMP]   ( 1106): [1911] [ao] err, total_write_frame: 8047, played_frame: 32188
11-30 01:05:52.571 V/[MMP]   ( 1106): [1911] [ao] out size 2048, free_size: 4096
11-30 01:05:52.571 V/[MMP]   ( 1106): [1911] [ao] err, total_write_frame: 8559, played_frame: 34236
11-30 01:05:52.571 V/[MMP]   ( 1106): [1911] [ao] err, total_write_frame: 8559, played_frame: 34236
11-30 01:05:52.571 V/[MMP]   ( 1106): [1911] [ao] out size 512, free_size: 4096
11-30 01:05:52.571 V/[MMP]   ( 1106): [1911] [ao] err, total_write_frame: 8687, played_frame: 34748
11-30 01:05:52.571 V/[MMP]   ( 1106): [1911] [ao] err, total_write_frame: 8687, played_frame: 34748
11-30 01:05:52.571 V/[MMP]   ( 1106): [1911] [ao] out size 2048, free_size: 4096
11-30 01:05:52.571 V/[MMP]   ( 1106): [1911] [ao] err, total_write_frame: 9199, played_frame: 36796
11-30 01:05:52.571 V/[MMP]   ( 1106): [1911] [ao] err, total_write_frame: 9199, played_frame: 36796
11-30 01:05:52.571 V/[MMP]   ( 1106): [1911] [ao] out size 2048, free_size: 4096
11-30 01:05:52.571 V/[MMP]   ( 1106): [1911] [ao] err, total_write_frame: 9711, played_frame: 38844
11-30 01:05:52.571 V/[MMP]   ( 1106): [1911] [ao] err, total_write_frame: 9711, played_frame: 38844
11-30 01:05:52.571 V/[MMP]   ( 1106): [1911] [ao] out size 512, free_size: 4096
11-30 01:05:52.571 V/[MMP]   ( 1106): [1911] [ao] err, total_write_frame: 9839, played_frame: 39356
11-30 01:05:52.571 V/[MMP]   ( 1106): [1911] [ao] err, total_write_frame: 9839, played_frame: 39356
11-30 01:05:52.571 V/[MMP]   ( 1106): [1911] [ao] out size 2048, free_size: 4096
11-30 01:05:52.571 V/[MMP]   ( 1106): [1911] [ao] err, total_write_frame: 10351, played_frame: 41404
11-30 01:05:52.571 V/[MMP]   ( 1106): [1911] [ao] err, total_write_frame: 10351, played_frame: 41404
11-30 01:05:52.571 V/[MMP]   ( 1106): [1911] [ao] out size 68, free_size: 4096
11-30 01:05:52.571 V/[MMP]   ( 1106): [1911] [ao] err, total_write_frame: 10368, played_frame: 41472
11-30 01:05:52.571 V/[MMP]   ( 1106): [1911] [OMX] audio decode error ret 0x4, eof 1
11-30 01:05:52.571 V/[MMP]   ( 1106): [1911] [AD] get EOF from decoder
11-30 01:05:52.571 V/[MMP]   ( 1106): [1911] [ao] err, total_write_frame: 10368, played_frame: 41472
11-30 01:05:52.571 V/[MMP]   ( 1106): [1911] [ao] err, total_write_frame: 10368, played_frame: 41472
11-30 01:05:52.571 V/[MMP]   ( 1106): [1911] Q_A_finished,i:0,r:0,
11-30 01:05:52.571 V/[MMP]   ( 1106): [1911] t:5,
11-30 01:05:52.571 V/[MMP]   ( 1106): [1911] E_t:0
11-30 01:05:52.571 V/[MMP]   ( 1106): [1911] [AD] disable timeout threshold
11-30 01:05:52.571 V/[MMP]   ( 1106): [1911] E_Q
11-30 01:05:52.571 V/[MMP]   ( 1106): [1911] [ao] err, total_write_frame: 10368, played_frame: 41472
11-30 01:05:52.571 V/[MMP]   ( 1106): [1911] B: aud_clk: 141ms (
11-30 01:05:52.571 V/[MMP]   ( 1106): [1911] 141-
11-30 01:05:52.571 V/[MMP]   ( 1106): [1911] [ao] err, total_write_frame: 10368, played_frame: 41472
11-30 01:05:52.571 V/[MMP]   ( 1106): [1911] 0), drv:2
11-30 01:05:52.571 V/[MMP]   ( 1106): [1911] [AO] enter resume state
11-30 01:05:52.571 V/[MMP]   ( 1106): [1911] AD enter play state
11-30 01:05:52.571 V/[MMP]   ( 1106): [1911] br_count:0
11-30 01:05:52.571 V/[MMP]   ( 1106): [1911] enter_state_cb_sync
11-30 01:05:52.571 V/[MMP]   ( 1106): [1911] mmp_fnDrvAud_Start_Play
11-30 01:05:52.579 V/[MMP]   ( 1106): [1911] [ao] err, total_write_frame: 10368, played_frame: 41472
11-30 01:05:52.579 V/[MMP]   ( 1106): [1911] AO and DX both EOF
11-30 01:05:52.579 V/[MMP]   ( 1106): [1908] [DX] notify play end
11-30 01:05:52.579 V/[MMP]   ( 1106): [1908] [MMP] send stop request to handler!
11-30 01:05:52.579 D/mstplayer( 1106): [1908] [AVP] mmp_notify_callback get msg 0
11-30 01:05:52.579 V/[MMP]   ( 1106): [1908] [MMP] (0x0xb85fd458) set mmp_status to 4, cause 0
11-30 01:05:52.579 V/[MMP]   ( 1106): [1902] [MMP] leave Continue
11-30 01:05:52.579 V/[MMP]   ( 1106): [1902] [MMP] leave MMP_Play3
11-30 01:05:52.579 D/mstplayer( 1106): [1902] MMP_Play3: 0x0
11-30 01:05:52.579 D/mstplayer( 1106): [1902] [AVP] notify_msg_cb: 0x1005
11-30 01:05:52.579 D/mstplayer( 1106): [1902] [AVP] eos event
11-30 01:05:52.579 D/mstplayer( 1106): [1902] [DIVX] (title:0, edition:0) = (index:0)
11-30 01:05:52.579 D/mstplayer( 1106): [1902] [DIVX] set is_eof:1, t:0, e:0
11-30 01:05:52.579 D/mstplayer( 1106): [1902] [AVP] mmp event 0x1005, size 0, data 0x0x0
11-30 01:05:52.579 D/mstplayer( 1106): [1304] (0x0xb85f85b8)MstPlayer::reset
11-30 01:05:52.587 V/[MMP]   ( 1106): [1911] [ao] err, total_write_frame: 10368, played_frame: 41472
11-30 01:05:52.591 D/mstplayer( 1106): [1902] [AVP] msg_receive 0x8004, size 0, data 0x0x0
11-30 01:05:52.591 V/[MMP]   ( 1106): [1902] [MMP] (0x0xb85fd458) enter SetDecodeMode 3
11-30 01:05:52.591 D/mstplayer( 1106): [1902] [AVP] reset_l
11-30 01:05:52.591 V/[MMP]   ( 1106): [1902] [MMP] (0x0xb85fd458) enter Stop, status:0x3
11-30 01:05:52.591 V/[MMP]   ( 1106): [1902] ==mstar enter the player_check_current_state:562
11-30 01:05:52.591 V/[MMP]   ( 1106): [1902] ==mstar enter the player_check_current_state:564
11-30 01:05:52.591 V/[MMP]   ( 1106): [1902] ==mstar enter the player_check_current_state:582
11-30 01:05:52.591 V/[MMP]   ( 1106): [1902] ==mstar enter the fnMP4Player_Stop:3734
11-30 01:05:52.591 V/[MMP]   ( 1106): [1902] ==mstar enter the player_check_current_state:562
11-30 01:05:52.591 V/[MMP]   ( 1106): [1902] ==mstar enter the player_check_current_state:564
11-30 01:05:52.591 V/[MMP]   ( 1106): [1902] ==mstar enter the player_check_current_state:582
11-30 01:05:52.591 V/[MMP]   ( 1106): [1911] [ao] err, total_write_frame: 10368, played_frame: 41472
11-30 01:05:52.595 V/[MMP]   ( 1106): [1902] ==mstar enter the fnMP4Player_Stop:3739
11-30 01:05:52.595 V/[MMP]   ( 1106): [1902] ==mstar enter the fnMP4Player_Stop:3746
11-30 01:05:52.595 V/[MMP]   ( 1106): [1902] demux common reset
11-30 01:05:52.595 V/[MMP]   ( 1106): [1902] ==mstar enter the fnMP4Player_Stop:3752
11-30 01:05:52.595 V/[MMP]   ( 1106): [1902] start join AD
11-30 01:05:52.595 V/[MMP]   ( 1106): [1902] ====1016 func player_destroy_thread, line 5483
11-30 01:05:52.595 V/[MMP]   ( 1106): [1911] [ao] err, total_write_frame: 10368, played_frame: 41472
11-30 01:05:52.595 V/[MMP]   ( 1106): [1911] released handle 0, buffer 0xb860b8f0 size    2080, at slot 13
11-30 01:05:52.603 V/[MMP]   ( 1106): [1911] released handle 0, buffer 0xb861dec8 size   11296, at slot 12
11-30 01:05:52.603 V/mmpAudSource( 1106): [1911] mmpAudSource::stop()
11-30 01:05:52.603 V/mmpAudSource( 1106): [1911] mmpAudSource::deconstruct()
11-30 01:05:52.603 D/mmpOmxWrap( 1106): [1911] [release_mmp_aud_source] leave
11-30 01:05:52.603 V/[MMP]   ( 1106): [1911] released handle 0, buffer 0xb8613e58 size     160, at slot 11
11-30 01:05:52.603 V/[MMP]   ( 1106): [1902] ====1016 func player_destroy_thread, line 5485
11-30 01:05:52.603 V/[MMP]   ( 1106): [1902] thread join success
11-30 01:05:52.603 V/[MMP]   ( 1106): [1902] released handle 0, buffer 0xaea6f008 size 1058848, at slot 14
11-30 01:05:52.603 V/[MMP]   ( 1106): [1902] AD terminated!
11-30 01:05:52.603 V/[MMP]   ( 1106): [1902] ==mstar enter the fnMP4Player_Stop:3780
11-30 01:05:52.603 V/[MMP]   ( 1106): [1902] start join DX
11-30 01:05:52.603 V/[MMP]   ( 1106): [1902] released handle 0, buffer 0xaeeda008 size 1054752, at slot 10
11-30 01:05:52.603 V/[MMP]   ( 1106): [1902] DX terminated!
11-30 01:05:52.607 V/[MMP]   ( 1106): [1902] [MMP] stop ret:0
11-30 01:05:52.607 V/[MMP]   ( 1106): [1902] MP4 play Close begin
11-30 01:05:52.607 V/[MMP]   ( 1106): [1902] demux common reset
11-30 01:05:52.607 V/[MMP]   ( 1106): [1902] released handle 0, buffer 0xb8611b40 size    8224, at slot  7
11-30 01:05:52.607 I/MiSysSrv( 1117): [1;36m>>>MI_IMPL_DISPLAY_Init[462] 
11-30 01:05:52.607 I/MiSysSrv( 1117): [0m[1;32m[MI INFO]: ~~~~> MI_IMPL_DISPLAY_Init(): [IN]pstDispCap(0x9a5b1bf4)={2}
11-30 01:05:52.607 I/MiSysSrv( 1117): [0m[1;32m[MI INFO]: MI_DISPLAY already Inited, return ok !
11-30 01:05:52.607 I/MiSysSrv( 1117): [0m[1;36m<<<MI_IMPL_DISPLAY_Init[469] 
11-30 01:05:52.607 V/[MMP]   ( 1106): [1902] released handle 0, buffer 0xb8611758 size     992, at slot  6
11-30 01:05:52.611 I/MiSysSrv( 1117): [0m[1;36m>>>MI_IMPL_DISPLAY_GetDisplayHandle[602] 
11-30 01:05:52.611 V/[MMP]   ( 1106): [1902] released handle 0, buffer 0xb85fb860 size      32, at slot  4
11-30 01:05:52.611 I/MiSysSrv( 1117): [0m[1;32m[MI INFO]: ~~~~> MI_IMPL_DISPLAY_GetDisplayHandle(): [IN]u8DevIndex=0, [OUT]phDispHandle=0x9b7fbb74
11-30 01:05:52.611 I/MiSysSrv( 1117): [0m[1;36m>>>MI_ATOM_DISPLAY_GetDisplayHandle[1885] 
11-30 01:05:52.611 I/MiSysSrv( 1117): [0m[1;36m<<<MI_ATOM_DISPLAY_GetDisplayHandle[1902] 
11-30 01:05:52.611 I/MiSysSrv( 1117): [0m[1;36m<<<MI_IMPL_DISPLAY_GetDisplayHandle[614] 
11-30 01:05:52.611 I/MiSysSrv( 1117): [0m[1;32m[MI INFO]: <~~~~ MI_IMPL_DISPLAY_GetDisplayHandle(): [OUT]*phDispHandle(0x9b7fbb74)=0xffff0600
11-30 01:05:52.611 V/[MMP]   ( 1106): [1902] released handle 0, buffer 0xaf0dd008 size  614432, at slot  5
11-30 01:05:52.611 V/[MMP]   ( 1106): [1902] released handle 0, buffer 0xb85fb888 size      32, at slot  9
11-30 01:05:52.611 V/[MMP]   ( 1106): [1902] released handle 0, buffer 0xaefdc008 size 1048608, at slot  8
11-30 01:05:52.611 I/MiSysSrv( 1117): [0m[DIPC][mapi_video_base@Line 6888] ---InitTravelingMode:6888[1] start, Para=0x19159000(Addr), 0x800000, 256, 3(enTravelingSource), 0(bOSD), 1920, 1080, 2(Format), 0(frame rate X10). Win=0, src:Main[44], Sub[44], Current[44]
11-30 01:05:52.611 V/[MMP]   ( 1106): [1902] released handle 0, buffer 0xaf174008 size  151296, at slot  3
11-30 01:05:52.615 I/MiSysSrv( 1117): [DIPC][mapi_video_base@Line 6963] [1]Memory config: addr=0x19159000, set size=0x800000, current size=800000
11-30 01:05:52.615 I/MiSysSrv( 1117): [DIPC][mapi_video_base@Line 6988] GE Memory config: addr[0]=0x19159000, BufCnt=1
11-30 01:05:52.615 V/[MMP]   ( 1106): [1902] released handle 0, buffer 0xb85fb7b8 size     160, at slot  1
11-30 01:05:52.615 V/[MMP]   ( 1106): [1902] MP4 play Close end
11-30 01:05:52.615 D/        ( 1249): 
11-30 01:05:52.615 D/        ( 1249): [DIP INFO] dip open
11-30 01:05:52.615 V/[MMP]   ( 1106): [1902] [MMP] leave Stop
11-30 01:05:52.615 D/mstplayer( 1106): [1902] MMP_Stop: 0x0
11-30 01:05:52.615 D/mstplayer( 1106): [1902] [AVP] close_resource: need_close_cbio = 1
11-30 01:05:52.615 I/MiSysSrv( 1117): [DIPC][mapi_video_base@Line 6026] SetTravelingFRC:6026 bCaptureIP=0, PipMode=0, u16InputVFreq=500, XC Input/Output=500/5000, I=0, DIPFrcRatio=1
11-30 01:05:52.615 I/MiSysSrv( 1117): [DIPC][mapi_video_base@Line 6043] SetTravelingFRC:6043 Final DIPFrcRatio=1, DIPFramerate 0,request framerate 500
11-30 01:05:52.615 V/[MMP]   ( 1106): [1902] mmp_fnDrvAud_Stop_Play
11-30 01:05:52.619 E/        ( 1249): [MDrv_SC_3D_Is2TapModeSupportedFormat,  429] 
11-30 01:05:52.619 D/MMP_AudioFlinger_Wrapper( 1106): Enter
11-30 01:05:52.619 E/        ( 1249): 3D: need prescaling!
11-30 01:05:52.619 D/MMP_AudioFlinger_Wrapper( 1106): Release AudioSink
11-30 01:05:52.619 I/MiSysSrv( 1117): [XC,SetWindow][DIPC][mapi_video_base@Line 5877] TravelingSetCSC:5877 DIPFormat=5,bInputYUV=1 Config XC CSC manually
11-30 01:05:52.619 V/[MMP]   ( 1106): [1902] [mmp_vo_close] both sw/hw render are null
11-30 01:05:52.619 I/MiSysSrv( 1117): [DIPC][mapi_video_base@Line 5604] SetTravelingConfig:5604 ,DIP capture window x,y,w,h=0,0,1920,1080, interlace=0
11-30 01:05:52.619 I/MiSysSrv( 1117): [DIPC][mapi_video_base@Line 5606] SetTravelingConfig:5606 Traveling bOSD=0, DIP Ouput=1920x1080
11-30 01:05:52.619 I/MiSysSrv( 1117): [DIPC][mapi_video_base@Line 5626] [SetTravelingConfig 5626]DIP MemoryPitch = 7680
11-30 01:05:52.619 D/ext_subout( 1106): external_subout_close
11-30 01:05:52.619 I/MiSysSrv( 1117): [DIPC][mapi_video_base@Line 5669] SetTravelingConfig:5669 SetDIPWindow x,y,w,h=0,0,1920,1080
11-30 01:05:52.619 I/MiSysSrv( 1117): [DIPC][mapi_video_base@Line 5670] SetTravelingConfig:5670 PreScalingH[1] src,dst =1920,1920
11-30 01:05:52.619 I/MiSysSrv( 1117): [DIPC][mapi_video_base@Line 5671] SetTravelingConfig:5671 PreScalingV[1] src,dst =1080,1080
11-30 01:05:52.619 D/ext_subout( 1106): external_subout_reset
11-30 01:05:52.619 I/MiSysSrv( 1117): [DIPC][mapi_video_base@Line 5749] SetTravelingConfig:5749, HMirror=0   VMirror=0
11-30 01:05:52.619 I/MiSysSrv( 1117): [DIPC][mapi_video_base@Line 5805] TravelingAllocateMemory:5805 : Allocate Condition: Mirror=0,0, I=0, DIP OutPut=1920x1080@5, TravelingOutPut=1920x1080@2
11-30 01:05:52.623 I/MiSysSrv( 1117): [DIPC][mapi_video_base@Line 5869] TravelingAllocateMemory:5869 : Allocate Result: DIPAddr=0x19159000, DIPSize=0x800000, DIPBufCnt=1, DIPFrameSize=8294400, bGEScaling=0, GEAddr0=0x19159000, GEBufCnt=1,GEFrameSize=0
11-30 01:05:52.623 I/MiSysSrv( 1117): [DIPC][mapi_video_base@Line 5781] SetTravelingConfig:5781, DIP bufcount=1, output w,h=1920,1080
11-30 01:05:52.623 V/RMClient( 1106): #1:RMClient::returnAllResourcesAsync
11-30 01:05:52.623 I/MiSysSrv( 1117): Set1KTravelingMode:5557:is 1k Traveling? 1
11-30 01:05:52.623 I/MiSysSrv( 1117): BW Window:0, PQSource:0, Hsize:0, Vsize: 0, interlace:0, Vfreq=0
11-30 01:05:52.623 V/RMClient( 1106): #1:onMessageReceived cret
11-30 01:05:52.623 V/RMClient( 1106): #1:kWhatCmdReturnAllResources
11-30 01:05:52.623 I/MiSysSrv( 1117): [DIPC][mapi_video_base@Line 7282] ---InitTravelingMode:7282[1] end : bMirrorH=0, bMirrorV=0, m_bNeedGEScaling[enEngineType]=0
11-30 01:05:52.627 V/RMClient( 1106): #1:Done
11-30 01:05:52.627 V/RMAllocator( 1100): Deallocating resources for #1
11-30 01:05:52.627 V/RMAllocator( 1100): Deallocating resources for clientinfo #3071890288
11-30 01:05:52.627 D/XCDipHardware_einstein( 1106): [XCDipHardware] captureScreenMutex create thread lock and wait unlock Mem sign
11-30 01:05:52.627 V/RMAllocator( 1100): mClientMap.removeItemsAt(0) 
11-30 01:05:52.627 V/RMAllocator( 1100): ~ClientInfo
11-30 01:05:52.627 I/RMAllocator( 1100): ~ClientInfo this=3071890288,mRMClient=3071886056. id=1
11-30 01:05:52.627 W/RMAllocator( 1100): returnAllResourcesFor: not registered, nothing to do
11-30 01:05:52.627 V/RMClient( 1106): #1:handleEvent lret
11-30 01:05:52.627 V/RMClient( 1106): #1:onMessageReceived lret
11-30 01:05:52.627 V/RMClient( 1106): #1:kWhatAllResourcesReturned
11-30 01:05:52.627 D/mstplayer( 1106): (0xb85fbf00)[handleAllResourcesReturned][1364]
11-30 01:05:52.631 V/RMClient( 1106): #1:Done
11-30 01:05:52.631 D/XCDipHardware_einstein( 1106): [XCDipHardware] lock captureScreen Mem Mutex success!
11-30 01:05:52.631 I/MiSysSrv( 1117): [DIPC][mapi_video_base@Line 7295] ---StartTravelingMode:7295[1] start
11-30 01:05:52.631 I/MiSysSrv( 1117): [DIPC][mapi_video_base@Line 5410] ---EnableTravelingMute:5410[1] start, mute=0
11-30 01:05:52.631 I/MiSysSrv( 1117): [DIPC][mapi_video_base@Line 7901] [ThreadHandleMemoryConfigChange][7901] is need GE scaling 0
11-30 01:05:52.631 D/mstplayer( 1106): [1902] [AVP] msg_response, msg 0x8004, cmd_waiting_for_rsp 0x8004, ret 0
11-30 01:05:52.631 D/mstplayer( 1106): [1304] (0x0xb85f85b8)MstPlayer::destructor
11-30 01:05:52.631 D/mstplayer( 1106): [1304] (0x0xb85f85b8)checking mRequestDone value
11-30 01:05:52.631 D/mstplayer( 1106): [1304] ctx->mRequestDone->get():0, retryCount:200
11-30 01:05:52.631 D/mstplayer( 1106): [1304] destroySubtitleSurface
11-30 01:05:52.631 V/[MMP]   ( 1106): [1304] [MMP] ReleaseMem
11-30 01:05:52.631 D/mstplayer( 1106): [1902] [AVP] exit handle thread
11-30 01:05:52.631 D/mstplayer( 1106): [1304] MstPlayer::destructor Leave
11-30 01:05:52.635 I/MiSysSrv( 1117): [DIPC][mapi_video_base@Line 5534] ---EnableTravelingMute:5534[1] end, bRet=1 
11-30 01:05:52.635 I/MiSysSrv( 1117): [DIPC][mapi_video_base@Line 7374] ---StartTravelingMode:7374[1] end, bRet=1 
11-30 01:05:52.635 D/mstplayer( 1106): [1916] [AVP] enter handle thread
11-30 01:05:52.635 V/mstplayer( 1106): fromProcess: com.ccdt.baidutvspeech
11-30 01:05:52.635 D/mstplayer( 1106): (0xb8611508)[MstRMClientListener][1325]
11-30 01:05:52.635 V/RMClient( 1106): #2:RMClient
11-30 01:05:52.635 D/mstplayer( 1106): [1667] (0x0xb85f9b10)MstPlayer::constructor
11-30 01:05:52.635 D/mstplayer( 1106): [1667] [AVP]MODULE_VERSION: AVP_-01.10.1492269
11-30 01:05:52.639 D/mstplayer( 1106): [1667] MstPlayer::constructor Leave
11-30 01:05:52.639 D/mstplayer( 1106): [1667] (0x0xb85f9b10)MstPlayer::initCheck
11-30 01:05:52.639 D/mstplayer( 1106): [1667] (0x0xb85f9b10)MstPlayer::setDataSource, fd: 27, offset: 39864814, len: 3532
11-30 01:05:52.639 D/mstplayer( 1106): [1667] (0x0xb85f9b10)MstPlayer::prepareAsync
11-30 01:05:52.643 D/mstplayer( 1106): [1916] [AVP] msg_receive 0x8000, size 0, data 0x0x0
11-30 01:05:52.643 D/mstplayer( 1106): [1916] [AVP] prepareAsync_l, isMstApp: 0, first 1
11-30 01:05:52.643 D/mstplayer( 1106): [1916] [AVP] MMP_Open mstplayer:0x0xb85f9b10
11-30 01:05:52.643 V/[MMP]   ( 1106): [1916] [MMP] enter MMP_Open
11-30 01:05:52.643 V/[MMP]   ( 1106): [1916] register handle 0, buffer 0xae7b5008, size 1058848 to slot  0
11-30 01:05:52.647 V/[MMP]   ( 1106): [1916] [MMP] leave MMP_Open
11-30 01:05:52.647 D/mstplayer( 1106): [1916] [AVP] msg_response, msg 0x8000, cmd_waiting_for_rsp 0x8000, ret 0
11-30 01:05:52.647 V/[MMP]   ( 1106): [1919] MP4 Open Start
11-30 01:05:52.647 V/[MMP]   ( 1106): [1919] register handle 0, buffer 0xb8616058, size     160 to slot  1
11-30 01:05:52.647 V/[MMP]   ( 1106): [1919] register handle 0, buffer 0xb860a810, size   17552 to slot  2
11-30 01:05:52.647 V/[MMP]   ( 1106): [1919] player_open_demuxer, file_type = 11
11-30 01:05:52.647 V/[MMP]   ( 1106): [1919] register handle 0, buffer 0xae68b008, size  151296 to slot  3
11-30 01:05:52.647 V/[MMP]   ( 1106): [1919] register handle 0, buffer 0xb8610e58, size      32 to slot  4
11-30 01:05:52.647 V/[MMP]   ( 1106): [1919] register handle 0, buffer 0xb85fa4c8, size    2928 to slot  5
11-30 01:05:52.647 V/[MMP]   ( 1106): [1919] [demuxer_format]: MP3
11-30 01:05:52.647 V/[MMP]   ( 1106): [1919] register handle 0, buffer 0xb85fb040, size     992 to slot  6
11-30 01:05:52.647 V/[MMP]   ( 1106): [1919] register handle 0, buffer 0xb86116c0, size    8224 to slot  7
11-30 01:05:52.647 V/[MMP]   ( 1106): [1919] findID3v2 : size = 33 (include id3v2 header), position = 0
11-30 01:05:52.647 V/[MMP]   ( 1106): [1919] register handle 0, buffer 0xb85fb838, size      80 to slot  8
11-30 01:05:52.647 V/[MMP]   ( 1106): [1919] [parseID3v2] u32ID3Ver = 4 ID3v2Size = 23
11-30 01:05:52.647 V/[MMP]   ( 1106): [1919] [parseID3v2] unsupported TAG 54535345
11-30 01:05:52.647 V/[MMP]   ( 1106): [1919] released handle 0, buffer 0xb85fa4c8 size    2928, at slot  5
11-30 01:05:52.647 V/[MMP]   ( 1106): [1919] use_streaming_ringbuf_size:0 video_rbuf_size 13107200 
11-30 01:05:52.647 V/[MMP]   ( 1106): [1919] register handle 0, buffer 0xae5f4008, size  614432 to slot  5
11-30 01:05:52.647 V/[MMP]   ( 1106): [1919] register handle 0, buffer 0xae4f3008, size 1048608 to slot  9
11-30 01:05:52.647 V/[MMP]   ( 1106): [1919] demux common init
11-30 01:05:52.647 V/[MMP]   ( 1106): [1919] register handle 0, buffer 0xb8615f38, size      32 to slot 10
11-30 01:05:52.647 D/mstplayer( 1106): [1919] [AVP] mmp_notify_callback get msg 20
11-30 01:05:52.647 V/RMClient( 1106): #2:requestResourceAsync
11-30 01:05:52.655 V/RMClient( 1106): #2:onMessageReceived creq
11-30 01:05:52.655 V/RMClient( 1106): #2:kWhatCmdResourceRequest
11-30 01:05:52.655 V/RMAllocator( 1100): handleRequest
11-30 01:05:52.655 V/RMClient( 1106): #1:~RMClient
11-30 01:05:52.655 V/RMClient( 1106): #1:RMClient::returnAllResources, skipped due to no hold resource
11-30 01:05:52.655 V/RMAllocator( 1100): handleRequest new ClientInfo, client=3071890544 id=2
11-30 01:05:52.655 I/RMAllocator( 1100): ClientInfo this=3071890712, mRMClient=3071890544. id=2
11-30 01:05:52.655 V/RMAllocator( 1100): handleRequest new ClientInfo=3071890712, client=3071890544 id=2
11-30 01:05:52.655 V/RMAllocator( 1100): allocateResources
11-30 01:05:52.655 V/RMClient( 1106): #2:handleRequestDone
11-30 01:05:52.655 V/RMClient( 1106): #2:Done
11-30 01:05:52.655 V/RMClient( 1106): #2:onMessageReceived ldon
11-30 01:05:52.655 V/RMClient( 1106): #2:kWhatRequestDone
11-30 01:05:52.655 D/mstplayer( 1106): (0xb8611508)[handleRequestDone][1335]
11-30 01:05:52.655 D/mstplayer( 1106): (0xb85fbf00)[~MstRMClientListener][1330]
11-30 01:05:52.655 V/RMClientListener( 1106): ~RMClientListener
11-30 01:05:52.655 D/mstplayer( 1106): [1919] Resource allocation ok
11-30 01:05:52.655 V/[MMP]   ( 1106): [1919] request resource 20 from handle, ret: 0
11-30 01:05:52.655 V/[MMP]   ( 1106): [1919] [Precise] force enable sync AV
11-30 01:05:52.655 V/[MMP]   ( 1106): [1919] register handle 0, buffer 0xaf49f008, size 1054752 to slot 11
11-30 01:05:52.655 V/[MMP]   ( 1106): [1920] [DMX] set new pts: 0
11-30 01:05:52.655 V/[MMP]   ( 1106): [1919] type:2, rbuf_codec_4cc: 0x6d703361, f_codec_4cc:0x6d703361
11-30 01:05:52.655 V/[MMP]   ( 1106): [1919] [AUD DEC] OMX, codec: 0x6d703361
11-30 01:05:52.655 V/[MMP]   ( 1106): [1919] register handle 0, buffer 0xb8615638, size     160 to slot 12
11-30 01:05:52.655 V/[MMP]   ( 1106): [1919] [AD] set timeout threshold 5000, ignore cmd 0
11-30 01:05:52.655 V/mmpAudSource( 1106): [1919] mmpAudSource::construct
11-30 01:05:52.655 V/mmpAudSource( 1106): [1919] Audio codec: mp3a
11-30 01:05:52.655 V/[MMP]   ( 1106): [1920] [EOF_stream], type:2
11-30 01:05:52.655 V/[MMP]   ( 1106): [1920] [DX] dmx got eof
11-30 01:05:52.655 D/mstplayer( 1106): [1920] [AVP] mmp_notify_callback get msg 21
11-30 01:05:52.655 V/mmpAudSource( 1106): [1919] mp3 orig cfg_len: 156
11-30 01:05:52.655 V/mmpAudSource( 1106): [1919] probe_mp3_content: mp3 probe length:0
11-30 01:05:52.655 V/mmpAudSource( 1106): [1919] probe frame 0 fsize =156 sr=ac44 ch=2 layer=3 header=fffb3000
11-30 01:05:52.655 V/mmpAudSource( 1106): [1919] probe frame 1 fsize =417 sr=ac44 ch=2 layer=3 header=fffb9064
11-30 01:05:52.655 V/mmpAudSource( 1106): [1919] probe frame 2 fsize =418 sr=ac44 ch=2 layer=3 header=fffb9264
11-30 01:05:52.655 V/mmpAudSource( 1106): [1919] probe frame 3 fsize =418 sr=ac44 ch=2 layer=3 header=fffb9264
11-30 01:05:52.655 V/mmpAudSource( 1106): [1919] fs =9c sr=ac44 ch=2 layer=3
11-30 01:05:52.655 V/mmpAudSource( 1106): [1919] mp3 new cfg_len: 1409 header: fffb3000 
11-30 01:05:52.659 D/mmpOmxWrap( 1106): [1919] [init_mmp_aud_source] leave
11-30 01:05:52.659 V/[MMP]   ( 1106): [1919] [Android-OMX] play audio only, prefer SW decode
11-30 01:05:52.659 D/mmpOmxWrap( 1106): [1919] omx audio mode: 1
11-30 01:05:52.659 V/mmpAudSource( 1106): [1919] mmpAudSource::start()
11-30 01:05:52.663 V/mmpAudSource( 1106): [1919] probe_mp3_content: mp3 probe length:1409
11-30 01:05:52.663 V/mmpAudSource( 1106): [1919] probe frame 0 fsize =156 sr=ac44 ch=2 layer=3 header=fffb3000
11-30 01:05:52.663 V/mmpAudSource( 1106): [1919] probe frame 1 fsize =417 sr=ac44 ch=2 layer=3 header=fffb9064
11-30 01:05:52.663 V/mmpAudSource( 1106): [1919] remaining data after probe..[1409]
11-30 01:05:52.663 V/mmpAudSource( 1106): [1919] probe_mp3_content: mp3 probe length:1253
11-30 01:05:52.663 V/mmpAudSource( 1106): [1919] probe frame 0 fsize =417 sr=ac44 ch=2 layer=3 header=fffb9064
11-30 01:05:52.663 V/mmpAudSource( 1106): [1919] probe frame 1 fsize =418 sr=ac44 ch=2 layer=3 header=fffb9264
11-30 01:05:52.663 V/mmpAudSource( 1106): [1919] remaining data after probe..[1253]
11-30 01:05:52.663 V/mmpAudSource( 1106): [1919] readsize[418].remain[836].pts[104].chunk[418] d=FFFB
11-30 01:05:52.663 V/mmpAudSource( 1106): [1919] probe_mp3_content: mp3 probe length:1254
11-30 01:05:52.663 V/mmpAudSource( 1106): [1919] probe frame 0 fsize =418 sr=ac44 ch=2 layer=3 header=fffb9264
11-30 01:05:52.663 V/mmpAudSource( 1106): [1919] probe frame 1 fsize =418 sr=ac44 ch=2 layer=3 header=fffb9264
11-30 01:05:52.663 V/mmpAudSource( 1106): [1919] remaining data after probe..[1254]
11-30 01:05:52.663 V/mmpAudSource( 1106): [1919] readsize[418].remain[836].pts[130].chunk[418] d=FFFB
11-30 01:05:52.663 V/mmpAudSource( 1106): [1919] probe_mp3_content: mp3 probe length:1254
11-30 01:05:52.663 V/mmpAudSource( 1106): [1919] probe frame 0 fsize =418 sr=ac44 ch=2 layer=3 header=fffb9264
11-30 01:05:52.663 V/mmpAudSource( 1106): [1919] probe frame 1 fsize =418 sr=ac44 ch=2 layer=3 header=fffb9264
11-30 01:05:52.663 V/mmpAudSource( 1106): [1919] remaining data after probe..[1254]
11-30 01:05:52.663 V/RMClient( 1106): #2:Done
11-30 01:05:52.663 D/mstplayer( 1106): [1916] [AVP] notify_msg_cb: 0x1013
11-30 01:05:52.663 D/mstplayer( 1106): [1916] [AVP] dmx got eos event, need_try_next_url:0, is_play:0, next_player_state:0
11-30 01:05:52.663 D/mstplayer( 1106): [1916] [AVP] mmp event 0x1013, size 0, data 0x0x0
11-30 01:05:52.667 D/mmpOmxWrap( 1106): [1919] [init_omx_aud_decoder] mime: audio/mpeg, SampleRate: 44100, numChannels: 2
11-30 01:05:52.667 V/[MMP]   ( 1106): [1919] framing sr: 44100, ch: 2, fourcc: 1836069729; OMX output sr: 44100, ch: 2, fourcc :0x6d703361
11-30 01:05:52.667 V/mmpAudSource( 1106): [1922] readsize[418].remain[836].pts[156].chunk[418] d=FFFB
11-30 01:05:52.667 V/[MMP]   ( 1106): [1919] isaac_debug: ---666---
11-30 01:05:52.667 V/[MMP]   ( 1106): [1919] isaac_debug: ---888---
11-30 01:05:52.667 V/mmpAudSource( 1106): [1922] probe_mp3_content: mp3 probe length:1254
11-30 01:05:52.667 V/mmpAudSource( 1106): [1922] probe frame 0 fsize =418 sr=ac44 ch=2 layer=3 header=fffb9264
11-30 01:05:52.667 V/mmpAudSource( 1106): [1922] probe frame 1 fsize =418 sr=ac44 ch=2 layer=3 header=fffb9264
11-30 01:05:52.667 V/mmpAudSource( 1106): [1922] remaining data after probe..[1254]
11-30 01:05:52.667 V/[MMP]   ( 1106): [1919] register handle 0, buffer 0xb86256e0, size   11296 to slot 13
11-30 01:05:52.667 V/[MMP]   ( 1106): [1919] register handle 0, buffer 0xb85fa4c8, size    2080 to slot 14
11-30 01:05:52.667 V/[MMP]   ( 1106): [1919] [AD] disable timeout threshold
11-30 01:05:52.667 V/[MMP]   ( 1106): [1919] [Precise] force disable sync AV
11-30 01:05:52.667 V/[MMP]   ( 1106): [1919] register handle 0, buffer 0xae0f2008, size 1058848 to slot 15
11-30 01:05:52.667 V/[MMP]   ( 1106): [1923] [AO] enter pause state, a_new_pts:0, first frame 0
11-30 01:05:52.667 V/[MMP]   ( 1106): [1923] br_count:0
11-30 01:05:52.667 V/[MMP]   ( 1106): [1923] enter_state_cb_sync
11-30 01:05:52.667 V/mmpAudSource( 1106): [1922] readsize[418].remain[836].pts[182].chunk[418] d=FFFB
11-30 01:05:52.667 V/mmpAudSource( 1106): [1922] probe_mp3_content: mp3 probe length:1254
11-30 01:05:52.667 V/[MMP]   ( 1106): [1919] MP4 Open Finished
11-30 01:05:52.667 V/mmpAudSource( 1106): [1922] probe frame 0 fsize =418 sr=ac44 ch=2 layer=3 header=fffb9264
11-30 01:05:52.667 V/mmpAudSource( 1106): [1922] probe frame 1 fsize =418 sr=ac44 ch=2 layer=3 header=fffb9264
11-30 01:05:52.667 V/[MMP]   ( 1106): [1919] [MMP] (0x0xb85fd228) enter SetPos, flag_in 0x6
11-30 01:05:52.667 V/mmpAudSource( 1106): [1922] remaining data after probe..[1254]
11-30 01:05:52.667 V/[MMP]   ( 1106): [1919] [MMP] seek time:0, flag:0x32
11-30 01:05:52.667 V/[MMP]   ( 1106): [1919] mmp_ringbuffer_eos 1, demux_init_seek return fail
11-30 01:05:52.667 V/[MMP]   ( 1106): [1919] [MMP] leave SetPos
11-30 01:05:52.667 V/[MMP]   ( 1106): [1919] [AVP] divx profile 0, clip has drm 0, divx plus 0
11-30 01:05:52.667 D/mstplayer( 1106): [1919] [AVP] mmp_notify_callback get msg 1
11-30 01:05:52.667 V/mmpAudSource( 1106): [1922] readsize[418].remain[836].pts[208].chunk[418] d=FFFB
11-30 01:05:52.667 V/mmpAudSource( 1106): [1922] probe_mp3_content: mp3 probe length:1254
11-30 01:05:52.667 V/mmpAudSource( 1106): [1922] probe frame 0 fsize =418 sr=ac44 ch=2 layer=3 header=fffb9264
11-30 01:05:52.667 V/mmpAudSource( 1106): [1922] probe frame 1 fsize =418 sr=ac44 ch=2 layer=3 header=fffb9264
11-30 01:05:52.667 V/mmpAudSource( 1106): [1922] remaining data after probe..[1254]
11-30 01:05:52.667 V/[MMP]   ( 1106): [1922] [AD] callback got EOF!
11-30 01:05:52.667 V/mmpAudSource( 1106): [1922] readsize[0].remain[836].pts[-1].chunk[0] d=FFFB
11-30 01:05:52.667 E/mmpAudSource( 1106): [1922] end of stream....fending[1]
11-30 01:05:52.675 D/mstplayer( 1106): [1916] [AVP] notify_msg_cb: 0x1000
11-30 01:05:52.675 D/mstplayer( 1106): [1916] [AVP] open complete event
11-30 01:05:52.675 D/mstplayer( 1106): [1916] td=235, w=0, h=0, r=0, kmv=0x0
11-30 01:05:52.679 D/mstplayer( 1106): [1916] [DIVX] title:0, edition_count:0
11-30 01:05:52.679 D/mstplayer( 1106): [1916] (0x0xb85f9b10)MstPlayer::prepared
11-30 01:05:52.679 D/mstplayer( 1106): [1667] (0x0xb85f9b10)MstPlayer::start
11-30 01:05:52.679 D/mstplayer( 1106): [1916] [AVP] mmp event 0x1000, size 0, data 0x0x0
11-30 01:05:52.679 D/mstplayer( 1106): [1916] [AVP] msg_receive 0x8002, size 4, data 0x0xb85fbae8
11-30 01:05:52.679 D/mstplayer( 1106): [1916] [AVP] AVP_CMD_PLAY, set mAudioSink: 0x0xb85fbae8
11-30 01:05:52.679 D/mstplayer( 1106): [1916] [AVP] msg_response, msg 0x8002, cmd_waiting_for_rsp 0x8002, ret 0
11-30 01:05:52.679 D/mstplayer( 1106): [1916] [AVP] start_l
11-30 01:05:52.679 D/mstplayer( 1106): [1916] [AVP] avp status:5
11-30 01:05:52.679 V/[MMP]   ( 1106): [1916] [MMP] (0x0xb85fd228) enter SetDecodeMode 3
11-30 01:05:52.679 D/nwin_subout( 1106): nativewin_subout_open
11-30 01:05:52.679 D/ext_subout( 1106): external_subout_open
11-30 01:05:52.683 D/ext_subout( 1106): external_subout_setVisible (0 -> 0)
11-30 01:05:52.683 D/mstplayer( 1106): [1916] mAudioSink: 0x0xb85fbae8
11-30 01:05:52.683 V/[MMP]   ( 1106): [1916] [MMP] (0x0xb85fd228) enter MMP_Play3
11-30 01:05:52.683 V/[MMP]   ( 1106): [1916] [MMP] mp4player_open, width:0, height:0
11-30 01:05:52.683 V/[MMP]   ( 1106): [1916] ====1016 func player_destroy_thread, line 5483
11-30 01:05:52.683 V/[MMP]   ( 1106): [1916] ====1016 func player_destroy_thread, line 5485
11-30 01:05:52.683 V/[MMP]   ( 1106): [1916] thread join success
11-30 01:05:52.683 V/[MMP]   ( 1106): [1916] released handle 0, buffer 0xae7b5008 size 1058848, at slot  0
11-30 01:05:52.683 V/[MMP]   ( 1106): [1916] free cache for kmv meta data
11-30 01:05:52.711 V/[MMP]   ( 1106): [1916] released handle 0, buffer 0xb860a810 size   17552, at slot  2
11-30 01:05:52.711 V/[MMP]   ( 1106): [1916] [AV SYNC] 1 1
11-30 01:05:52.711 V/[MMP]   ( 1106): [1916] mmp_fnDrvAud_Init_Play
11-30 01:05:52.711 V/[MMP]   ( 1106): [1916] [ao] set audio extra latency to -45
11-30 01:05:52.711 D/MMP_AudioFlinger_Wrapper( 1106): Open AudioSink successfully: 0xb85fbae8
11-30 01:05:52.731 D/MMP_AudioFlinger_Wrapper( 1106): Set AudioSink, status: 0, streamType: 1, sampleRate: 44100,channelCount: 2, bufferCount: 4, channelMask: 0
11-30 01:05:52.731 V/[MMP]   ( 1106): [1916] [ao] open_ret:1, frame count: 1024, frame size: 4, latency: 0, msPerFrame: 0.022676, latency_frame_num: 0
11-30 01:05:52.731 V/[MMP]   ( 1106): [1916] [ao] smooth_latency_factor: 5
11-30 01:05:52.731 V/[MMP]   ( 1106): [1916] mmp_fnDrvAud_Pause_Play
11-30 01:05:52.731 V/[MMP]   ( 1106): [1916] [MMP] (0x0xb85fd228) enter Continue
11-30 01:05:52.731 V/[MMP]   ( 1106): [1916] ==mstar enter the player_check_current_state:562
11-30 01:05:52.731 V/[MMP]   ( 1106): [1916] ==mstar enter the player_check_current_state:564
11-30 01:05:52.731 V/[MMP]   ( 1106): [1916] ==mstar enter the player_check_current_state:582
11-30 01:05:52.731 V/[MMP]   ( 1106): [1916] ==mstar enter the player_check_current_state:562
11-30 01:05:52.731 V/[MMP]   ( 1106): [1916] ==mstar enter the player_check_current_state:564
11-30 01:05:52.731 V/[MMP]   ( 1106): [1916] ==mstar enter the player_check_current_state:582
11-30 01:05:52.731 V/[MMP]   ( 1106): [1923] S_Q: aud_clk: 0ms (
11-30 01:05:52.731 V/[MMP]   ( 1106): [1923] 0-
11-30 01:05:52.731 V/[MMP]   ( 1106): [1923] 0),
11-30 01:05:52.731 V/[MMP]   ( 1106): [1923] a:0,v:0
11-30 01:05:52.731 V/[MMP]   ( 1106): [1923] [AD] set timeout threshold 500, ignore cmd 1
11-30 01:05:52.731 V/[MMP]   ( 1106): [1923] [ao] out size 2048, free_size: 4096
11-30 01:05:52.731 V/[MMP]   ( 1106): [1923] [ao] err, total_write_frame: 512, played_frame: 2048
11-30 01:05:52.731 V/[MMP]   ( 1106): [1923] [ao] err, total_write_frame: 512, played_frame: 2048
11-30 01:05:52.731 V/[MMP]   ( 1106): [1923] [ao] out size 444, free_size: 4096
11-30 01:05:52.731 V/[MMP]   ( 1106): [1923] [ao] err, total_write_frame: 623, played_frame: 2492
11-30 01:05:52.731 V/[MMP]   ( 1106): [1923] [ao] err, total_write_frame: 623, played_frame: 2492
11-30 01:05:52.731 V/[MMP]   ( 1106): [1923] [ao] out size 2048, free_size: 4096
11-30 01:05:52.731 V/[MMP]   ( 1106): [1923] [ao] err, total_write_frame: 1135, played_frame: 4540
11-30 01:05:52.731 V/[MMP]   ( 1106): [1923] [ao] err, total_write_frame: 1135, played_frame: 4540
11-30 01:05:52.731 V/[MMP]   ( 1106): [1923] [ao] out size 2048, free_size: 4096
11-30 01:05:52.731 V/[MMP]   ( 1106): [1923] [ao] err, total_write_frame: 1647, played_frame: 6588
11-30 01:05:52.731 V/[MMP]   ( 1106): [1923] [ao] err, total_write_frame: 1647, played_frame: 6588
11-30 01:05:52.731 V/[MMP]   ( 1106): [1923] [ao] out size 512, free_size: 4096
11-30 01:05:52.731 V/[MMP]   ( 1106): [1923] [ao] err, total_write_frame: 1775, played_frame: 7100
11-30 01:05:52.731 V/[MMP]   ( 1106): [1923] [ao] err, total_write_frame: 1775, played_frame: 7100
11-30 01:05:52.731 V/[MMP]   ( 1106): [1923] [ao] out size 2048, free_size: 4096
11-30 01:05:52.731 V/[MMP]   ( 1106): [1923] [ao] err, total_write_frame: 2287, played_frame: 9148
11-30 01:05:52.731 V/[MMP]   ( 1106): [1923] [ao] err, total_write_frame: 2287, played_frame: 9148
11-30 01:05:52.731 V/[MMP]   ( 1106): [1923] [ao] out size 2048, free_size: 4096
11-30 01:05:52.731 V/[MMP]   ( 1106): [1923] [ao] err, total_write_frame: 2799, played_frame: 11196
11-30 01:05:52.731 V/[MMP]   ( 1106): [1923] [ao] err, total_write_frame: 2799, played_frame: 11196
11-30 01:05:52.731 V/[MMP]   ( 1106): [1923] [ao] out size 512, free_size: 4096
11-30 01:05:52.731 V/[MMP]   ( 1106): [1923] [ao] err, total_write_frame: 2927, played_frame: 11708
11-30 01:05:52.731 V/[MMP]   ( 1106): [1923] [ao] err, total_write_frame: 2927, played_frame: 11708
11-30 01:05:52.731 V/[MMP]   ( 1106): [1923] [ao] out size 2048, free_size: 4096
11-30 01:05:52.731 V/[MMP]   ( 1106): [1923] [ao] err, total_write_frame: 3439, played_frame: 13756
11-30 01:05:52.731 V/[MMP]   ( 1106): [1923] [ao] err, total_write_frame: 3439, played_frame: 13756
11-30 01:05:52.731 V/[MMP]   ( 1106): [1923] [ao] out size 2048, free_size: 4096
11-30 01:05:52.731 V/[MMP]   ( 1106): [1923] [ao] err, total_write_frame: 3951, played_frame: 15804
11-30 01:05:52.731 V/[MMP]   ( 1106): [1923] [ao] err, total_write_frame: 3951, played_frame: 15804
11-30 01:05:52.731 V/[MMP]   ( 1106): [1923] [ao] out size 512, free_size: 4096
11-30 01:05:52.731 V/[MMP]   ( 1106): [1923] [ao] err, total_write_frame: 4079, played_frame: 16316
11-30 01:05:52.731 V/[MMP]   ( 1106): [1923] [ao] err, total_write_frame: 4079, played_frame: 16316
11-30 01:05:52.731 V/[MMP]   ( 1106): [1923] [ao] out size 2048, free_size: 4096
11-30 01:05:52.731 V/[MMP]   ( 1106): [1923] [ao] err, total_write_frame: 4591, played_frame: 18364
11-30 01:05:52.731 V/[MMP]   ( 1106): [1923] [ao] err, total_write_frame: 4591, played_frame: 18364
11-30 01:05:52.731 V/[MMP]   ( 1106): [1923] [ao] out size 2048, free_size: 4096
11-30 01:05:52.731 V/[MMP]   ( 1106): [1923] [ao] err, total_write_frame: 5103, played_frame: 20412
11-30 01:05:52.731 V/[MMP]   ( 1106): [1923] [ao] err, total_write_frame: 5103, played_frame: 20412
11-30 01:05:52.731 V/[MMP]   ( 1106): [1923] [ao] out size 512, free_size: 4096
11-30 01:05:52.731 V/[MMP]   ( 1106): [1923] [ao] err, total_write_frame: 5231, played_frame: 20924
11-30 01:05:52.731 V/[MMP]   ( 1106): [1923] [ao] err, total_write_frame: 5231, played_frame: 20924
11-30 01:05:52.731 V/[MMP]   ( 1106): [1923] [ao] out size 2048, free_size: 4096
11-30 01:05:52.731 V/[MMP]   ( 1106): [1923] [ao] err, total_write_frame: 5743, played_frame: 22972
11-30 01:05:52.731 V/[MMP]   ( 1106): [1923] [ao] err, total_write_frame: 5743, played_frame: 22972
11-30 01:05:52.731 V/[MMP]   ( 1106): [1923] [ao] out size 2048, free_size: 4096
11-30 01:05:52.731 V/[MMP]   ( 1106): [1923] [ao] err, total_write_frame: 6255, played_frame: 25020
11-30 01:05:52.731 V/[MMP]   ( 1106): [1923] [ao] err, total_write_frame: 6255, played_frame: 25020
11-30 01:05:52.731 V/[MMP]   ( 1106): [1923] [ao] out size 512, free_size: 4096
11-30 01:05:52.731 V/[MMP]   ( 1106): [1923] [ao] err, total_write_frame: 6383, played_frame: 25532
11-30 01:05:52.731 V/[MMP]   ( 1106): [1923] [ao] err, total_write_frame: 6383, played_frame: 25532
11-30 01:05:52.731 V/[MMP]   ( 1106): [1923] [ao] out size 2048, free_size: 4096
11-30 01:05:52.731 V/[MMP]   ( 1106): [1923] [ao] err, total_write_frame: 6895, played_frame: 27580
11-30 01:05:52.731 V/[MMP]   ( 1106): [1923] [ao] err, total_write_frame: 6895, played_frame: 27580
11-30 01:05:52.731 V/[MMP]   ( 1106): [1923] [ao] out size 2048, free_size: 4096
11-30 01:05:52.731 V/[MMP]   ( 1106): [1923] [ao] err, total_write_frame: 7407, played_frame: 29628
11-30 01:05:52.731 V/[MMP]   ( 1106): [1923] [ao] err, total_write_frame: 7407, played_frame: 29628
11-30 01:05:52.731 V/[MMP]   ( 1106): [1923] [ao] out size 512, free_size: 4096
11-30 01:05:52.731 V/[MMP]   ( 1106): [1923] [ao] err, total_write_frame: 7535, played_frame: 30140
11-30 01:05:52.731 V/[MMP]   ( 1106): [1923] [ao] err, total_write_frame: 7535, played_frame: 30140
11-30 01:05:52.731 V/[MMP]   ( 1106): [1923] [ao] out size 2048, free_size: 4096
11-30 01:05:52.731 V/[MMP]   ( 1106): [1923] [ao] err, total_write_frame: 8047, played_frame: 32188
11-30 01:05:52.731 V/[MMP]   ( 1106): [1923] [ao] err, total_write_frame: 8047, played_frame: 32188
11-30 01:05:52.731 V/[MMP]   ( 1106): [1923] [ao] out size 68, free_size: 4096
11-30 01:05:52.731 V/[MMP]   ( 1106): [1923] [ao] err, total_write_frame: 8064, played_frame: 32256
11-30 01:05:52.731 V/[MMP]   ( 1106): [1923] [OMX] audio decode error ret 0x4, eof 1
11-30 01:05:52.731 V/[MMP]   ( 1106): [1923] [AD] get EOF from decoder
11-30 01:05:52.731 V/[MMP]   ( 1106): [1923] [ao] err, total_write_frame: 8064, played_frame: 32256
11-30 01:05:52.731 V/[MMP]   ( 1106): [1923] [ao] err, total_write_frame: 8064, played_frame: 32256
11-30 01:05:52.731 V/[MMP]   ( 1106): [1923] Q_A_finished,i:0,r:0,
11-30 01:05:52.731 V/[MMP]   ( 1106): [1923] t:4,
11-30 01:05:52.731 V/[MMP]   ( 1106): [1923] E_t:0
11-30 01:05:52.731 V/[MMP]   ( 1106): [1923] [AD] disable timeout threshold
11-30 01:05:52.731 V/[MMP]   ( 1106): [1923] E_Q
11-30 01:05:52.731 V/[MMP]   ( 1106): [1923] [ao] err, total_write_frame: 8064, played_frame: 32256
11-30 01:05:52.731 V/[MMP]   ( 1106): [1923] B: aud_clk: 89ms (
11-30 01:05:52.731 V/[MMP]   ( 1106): [1923] 89-
11-30 01:05:52.731 V/[MMP]   ( 1106): [1923] [ao] err, total_write_frame: 8064, played_frame: 32256
11-30 01:05:52.731 V/[MMP]   ( 1106): [1923] 0), drv:2
11-30 01:05:52.731 V/[MMP]   ( 1106): [1923] [AO] enter resume state
11-30 01:05:52.731 V/[MMP]   ( 1106): [1923] AD enter play state
11-30 01:05:52.731 V/[MMP]   ( 1106): [1923] br_count:0
11-30 01:05:52.731 V/[MMP]   ( 1106): [1923] enter_state_cb_sync
11-30 01:05:52.731 V/[MMP]   ( 1106): [1923] mmp_fnDrvAud_Start_Play
11-30 01:05:52.739 V/[MMP]   ( 1106): [1923] [ao] err, total_write_frame: 8064, played_frame: 32256
11-30 01:05:52.739 V/[MMP]   ( 1106): [1923] AO and DX both EOF
11-30 01:05:52.743 V/[MMP]   ( 1106): [1923] [ao] err, total_write_frame: 8064, played_frame: 32256
11-30 01:05:52.751 V/[MMP]   ( 1106): [1920] [DX] notify play end
11-30 01:05:52.751 V/[MMP]   ( 1106): [1920] [MMP] send stop request to handler!
11-30 01:05:52.751 D/mstplayer( 1106): [1920] [AVP] mmp_notify_callback get msg 0
11-30 01:05:52.751 V/[MMP]   ( 1106): [1920] [MMP] (0x0xb85fd228) set mmp_status to 4, cause 0
11-30 01:05:52.751 V/[MMP]   ( 1106): [1923] [ao] err, total_write_frame: 8064, played_frame: 32256
11-30 01:05:52.759 V/[MMP]   ( 1106): [1923] [ao] err, total_write_frame: 8064, played_frame: 32256
11-30 01:05:52.767 V/[MMP]   ( 1106): [1923] [ao] err, total_write_frame: 8064, played_frame: 32256
11-30 01:05:52.771 V/[MMP]   ( 1106): [1923] [ao] err, total_write_frame: 8064, played_frame: 32256
11-30 01:05:52.779 V/[MMP]   ( 1106): [1923] [ao] err, total_write_frame: 8064, played_frame: 32256
11-30 01:05:52.787 V/[MMP]   ( 1106): [1923] [ao] err, total_write_frame: 8064, played_frame: 32256
11-30 01:05:52.791 V/[MMP]   ( 1106): [1916] [MMP] leave Continue
11-30 01:05:52.791 V/[MMP]   ( 1106): [1916] [MMP] leave MMP_Play3
11-30 01:05:52.791 D/mstplayer( 1106): [1916] MMP_Play3: 0x0
11-30 01:05:52.795 V/[MMP]   ( 1106): [1923] [ao] err, total_write_frame: 8064, played_frame: 32256
11-30 01:05:52.795 D/mstplayer( 1106): [1916] [AVP] notify_msg_cb: 0x1005
11-30 01:05:52.795 D/mstplayer( 1106): [1916] [AVP] eos event
11-30 01:05:52.795 D/mstplayer( 1106): [1916] [DIVX] (title:0, edition:0) = (index:0)
11-30 01:05:52.795 D/mstplayer( 1106): [1916] [DIVX] set is_eof:1, t:0, e:0
