12-31 16:00:03.963 W/Resources( 1104): Preloaded drawable resource #0x10800e8 (android:drawable/btn_check_off_disabled_holo_light) that varies with configuration!!
12-31 16:00:03.963 W/Resources( 1104): Preloaded drawable resource #0x10800fb (android:drawable/btn_check_on_disabled_focused_holo_light) that varies with configuration!!
12-31 16:00:03.963 W/Resources( 1104): Preloaded drawable resource #0x10800e6 (android:drawable/btn_check_off_disabled_focused_holo_light) that varies with configuration!!
12-31 16:00:03.971 W/Resources( 1104): Preloaded drawable resource #0x10800e8 (android:drawable/btn_check_off_disabled_holo_light) that varies with configuration!!
12-31 16:00:03.971 W/Resources( 1104): Preloaded drawable resource #0x10800fd (android:drawable/btn_check_on_disabled_holo_light) that varies with configuration!!
12-31 16:00:03.971 W/Resources( 1104): Preloaded drawable resource #0x10800dc (android:drawable/btn_check_holo_light) that varies with configuration!!
12-31 16:00:03.979 W/Resources( 1104): Preloaded drawable resource #0x1080101 (android:drawable/btn_check_on_holo_dark) that varies with configuration!!
12-31 16:00:03.983 W/Resources( 1104): Preloaded drawable resource #0x10800ec (android:drawable/btn_check_off_holo_dark) that varies with configuration!!
12-31 16:00:03.983 W/Resources( 1104): Preloaded drawable resource #0x1080104 (android:drawable/btn_check_on_pressed_holo_dark) that varies with configuration!!
12-31 16:00:03.983 W/Resources( 1104): Preloaded drawable resource #0x10800f1 (android:drawable/btn_check_off_pressed_holo_dark) that varies with configuration!!
12-31 16:00:03.983 W/Resources( 1104): Preloaded drawable resource #0x10800fe (android:drawable/btn_check_on_focused_holo_dark) that varies with configuration!!
12-31 16:00:03.995 W/Resources( 1104): Preloaded drawable resource #0x10800e9 (android:drawable/btn_check_off_focused_holo_dark) that varies with configuration!!
12-31 16:00:03.995 W/Resources( 1104): Preloaded drawable resource #0x10800ec (android:drawable/btn_check_off_holo_dark) that varies with configuration!!
12-31 16:00:03.999 W/Resources( 1104): Preloaded drawable resource #0x1080101 (android:drawable/btn_check_on_holo_dark) that varies with configuration!!
12-31 16:00:04.003 W/Resources( 1104): Preloaded drawable resource #0x10800fc (android:drawable/btn_check_on_disabled_holo_dark) that varies with configuration!!
12-31 16:00:04.003 W/Resources( 1104): Preloaded drawable resource #0x10800e7 (android:drawable/btn_check_off_disabled_holo_dark) that varies with configuration!!
12-31 16:00:04.003 W/Resources( 1104): Preloaded drawable resource #0x10800fa (android:drawable/btn_check_on_disabled_focused_holo_dark) that varies with configuration!!
12-31 16:00:04.003 W/Resources( 1104): Preloaded drawable resource #0x10800e5 (android:drawable/btn_check_off_disabled_focused_holo_dark) that varies with configuration!!
12-31 16:00:04.011 W/Resources( 1104): Preloaded drawable resource #0x10800e7 (android:drawable/btn_check_off_disabled_holo_dark) that varies with configuration!!
12-31 16:00:04.011 W/Resources( 1104): Preloaded drawable resource #0x10800fc (android:drawable/btn_check_on_disabled_holo_dark) that varies with configuration!!
12-31 16:00:04.011 W/Resources( 1104): Preloaded drawable resource #0x10800db (android:drawable/btn_check_holo_dark) that varies with configuration!!
12-31 16:00:04.019 W/Resources( 1104): Preloaded drawable resource #0x1080195 (android:drawable/btn_radio_on_pressed_holo_light) that varies with configuration!!
12-31 16:00:04.019 W/Resources( 1104): Preloaded drawable resource #0x1080194 (android:drawable/btn_radio_on_pressed_holo_dark) that varies with configuration!!
12-31 16:00:04.023 W/Resources( 1104): Preloaded drawable resource #0x1080192 (android:drawable/btn_radio_on_holo_light) that varies with configuration!!
12-31 16:00:04.023 W/Resources( 1104): Preloaded drawable resource #0x1080191 (android:drawable/btn_radio_on_holo_dark) that varies with configuration!!
12-31 16:00:04.023 W/Resources( 1104): Preloaded drawable resource #0x108018f (android:drawable/btn_radio_on_focused_holo_light) that varies with configuration!!
12-31 16:00:04.031 W/Resources( 1104): Preloaded drawable resource #0x108018e (android:drawable/btn_radio_on_focused_holo_dark) that varies with configuration!!
12-31 16:00:04.035 W/Resources( 1104): Preloaded drawable resource #0x108018d (android:drawable/btn_radio_on_disabled_holo_light) that varies with configuration!!
12-31 16:00:04.039 W/Resources( 1104): Preloaded drawable resource #0x108018c (android:drawable/btn_radio_on_disabled_holo_dark) that varies with configuration!!
12-31 16:00:04.039 W/Resources( 1104): Preloaded drawable resource #0x108018b (android:drawable/btn_radio_on_disabled_focused_holo_light) that varies with configuration!!
12-31 16:00:04.043 W/Resources( 1104): Preloaded drawable resource #0x108018a (android:drawable/btn_radio_on_disabled_focused_holo_dark) that varies with configuration!!
12-31 16:00:04.047 W/Resources( 1104): Preloaded drawable resource #0x1080187 (android:drawable/btn_radio_off_pressed_holo_light) that varies with configuration!!
12-31 16:00:04.051 W/Resources( 1104): Preloaded drawable resource #0x1080186 (android:drawable/btn_radio_off_pressed_holo_dark) that varies with configuration!!
12-31 16:00:04.051 W/Resources( 1104): Preloaded drawable resource #0x1080184 (android:drawable/btn_radio_off_holo_light) that varies with configuration!!
12-31 16:00:04.051 W/Resources( 1104): Preloaded drawable resource #0x1080183 (android:drawable/btn_radio_off_holo_dark) that varies with configuration!!
12-31 16:00:04.051 W/Resources( 1104): Preloaded drawable resource #0x1080181 (android:drawable/btn_radio_off_focused_holo_light) that varies with configuration!!
12-31 16:00:04.091 D/dalvikvm( 1104): GC_FOR_ALLOC freed 665K, 24% free 2609K/3404K, paused 31ms, total 32ms
12-31 16:00:04.091 W/Resources( 1104): Preloaded drawable resource #0x1080180 (android:drawable/btn_radio_off_focused_holo_dark) that varies with configuration!!
12-31 16:00:04.091 W/Resources( 1104): Preloaded drawable resource #0x108017f (android:drawable/btn_radio_off_disabled_holo_light) that varies with configuration!!
12-31 16:00:04.091 W/Resources( 1104): Preloaded drawable resource #0x108017e (android:drawable/btn_radio_off_disabled_holo_dark) that varies with configuration!!
12-31 16:00:04.099 W/Resources( 1104): Preloaded drawable resource #0x108017d (android:drawable/btn_radio_off_disabled_focused_holo_light) that varies with configuration!!
12-31 16:00:04.099 W/Resources( 1104): Preloaded drawable resource #0x108017c (android:drawable/btn_radio_off_disabled_focused_holo_dark) that varies with configuration!!
12-31 16:00:04.107 W/Resources( 1104): Preloaded drawable resource #0x1080128 (android:drawable/btn_default_pressed_holo_light) that varies with configuration!!
12-31 16:00:04.107 W/Resources( 1104): Preloaded drawable resource #0x1080127 (android:drawable/btn_default_pressed_holo_dark) that varies with configuration!!
12-31 16:00:04.111 W/Resources( 1104): Preloaded drawable resource #0x1080124 (android:drawable/btn_default_normal_holo_light) that varies with configuration!!
12-31 16:00:04.115 W/Resources( 1104): Preloaded drawable resource #0x1080123 (android:drawable/btn_default_normal_holo_dark) that varies with configuration!!
12-31 16:00:04.115 W/Resources( 1104): Preloaded drawable resource #0x108011c (android:drawable/btn_default_focused_holo_light) that varies with configuration!!
12-31 16:00:04.115 W/Resources( 1104): Preloaded drawable resource #0x108011b (android:drawable/btn_default_focused_holo_dark) that varies with configuration!!
12-31 16:00:04.115 W/Resources( 1104): Preloaded drawable resource #0x1080119 (android:drawable/btn_default_disabled_holo_light) that varies with configuration!!
12-31 16:00:04.127 W/Resources( 1104): Preloaded drawable resource #0x1080118 (android:drawable/btn_default_disabled_holo_dark) that varies with configuration!!
12-31 16:00:04.127 W/Resources( 1104): Preloaded drawable resource #0x1080116 (android:drawable/btn_default_disabled_focused_holo_light) that varies with configuration!!
12-31 16:00:04.131 W/Resources( 1104): Preloaded drawable resource #0x1080115 (android:drawable/btn_default_disabled_focused_holo_dark) that varies with configuration!!
12-31 16:00:04.135 W/Resources( 1104): Preloaded drawable resource #0x1080123 (android:drawable/btn_default_normal_holo_dark) that varies with configuration!!
12-31 16:00:04.135 W/Resources( 1104): Preloaded drawable resource #0x1080118 (android:drawable/btn_default_disabled_holo_dark) that varies with configuration!!
12-31 16:00:04.139 W/Resources( 1104): Preloaded drawable resource #0x1080127 (android:drawable/btn_default_pressed_holo_dark) that varies with configuration!!
12-31 16:00:04.139 W/Resources( 1104): Preloaded drawable resource #0x108011b (android:drawable/btn_default_focused_holo_dark) that varies with configuration!!
12-31 16:00:04.147 W/Resources( 1104): Preloaded drawable resource #0x1080123 (android:drawable/btn_default_normal_holo_dark) that varies with configuration!!
12-31 16:00:04.147 W/Resources( 1104): Preloaded drawable resource #0x1080115 (android:drawable/btn_default_disabled_focused_holo_dark) that varies with configuration!!
12-31 16:00:04.151 W/Resources( 1104): Preloaded drawable resource #0x1080118 (android:drawable/btn_default_disabled_holo_dark) that varies with configuration!!
12-31 16:00:04.151 W/Resources( 1104): Preloaded drawable resource #0x108011d (android:drawable/btn_default_holo_dark) that varies with configuration!!
12-31 16:00:04.151 W/Resources( 1104): Preloaded drawable resource #0x1080124 (android:drawable/btn_default_normal_holo_light) that varies with configuration!!
12-31 16:00:04.155 W/Resources( 1104): Preloaded drawable resource #0x1080119 (android:drawable/btn_default_disabled_holo_light) that varies with configuration!!
12-31 16:00:04.159 W/Resources( 1104): Preloaded drawable resource #0x1080128 (android:drawable/btn_default_pressed_holo_light) that varies with configuration!!
12-31 16:00:04.159 W/Resources( 1104): Preloaded drawable resource #0x108011c (android:drawable/btn_default_focused_holo_light) that varies with configuration!!
12-31 16:00:04.163 W/Resources( 1104): Preloaded drawable resource #0x1080124 (android:drawable/btn_default_normal_holo_light) that varies with configuration!!
12-31 16:00:04.167 W/Resources( 1104): Preloaded drawable resource #0x1080116 (android:drawable/btn_default_disabled_focused_holo_light) that varies with configuration!!
12-31 16:00:04.167 W/Resources( 1104): Preloaded drawable resource #0x1080119 (android:drawable/btn_default_disabled_holo_light) that varies with configuration!!
12-31 16:00:04.167 W/Resources( 1104): Preloaded drawable resource #0x108011e (android:drawable/btn_default_holo_light) that varies with configuration!!
12-31 16:00:04.167 W/Resources( 1104): Preloaded drawable resource #0x10801d1 (android:drawable/btn_star_off_normal_holo_light) that varies with configuration!!
12-31 16:00:04.175 W/Resources( 1104): Preloaded drawable resource #0x10801db (android:drawable/btn_star_on_normal_holo_light) that varies with configuration!!
12-31 16:00:04.183 W/Resources( 1104): Preloaded drawable resource #0x10801d7 (android:drawable/btn_star_on_disabled_holo_light) that varies with configuration!!
12-31 16:00:04.183 W/Resources( 1104): Preloaded drawable resource #0x10801cd (android:drawable/btn_star_off_disabled_holo_light) that varies with configuration!!
12-31 16:00:04.191 W/Resources( 1104): Preloaded drawable resource #0x10801dd (android:drawable/btn_star_on_pressed_holo_light) that varies with configuration!!
12-31 16:00:04.195 W/Resources( 1104): Preloaded drawable resource #0x10801d3 (android:drawable/btn_star_off_pressed_holo_light) that varies with configuration!!
12-31 16:00:04.199 W/Resources( 1104): Preloaded drawable resource #0x10801d9 (android:drawable/btn_star_on_focused_holo_light) that varies with configuration!!
12-31 16:00:04.199 W/Resources( 1104): Preloaded drawable resource #0x10801cf (android:drawable/btn_star_off_focused_holo_light) that varies with configuration!!
12-31 16:00:04.207 W/Resources( 1104): Preloaded drawable resource #0x10801d5 (android:drawable/btn_star_on_disabled_focused_holo_light) that varies with configuration!!
12-31 16:00:04.211 W/Resources( 1104): Preloaded drawable resource #0x10801cb (android:drawable/btn_star_off_disabled_focused_holo_light) that varies with configuration!!
12-31 16:00:04.215 W/Resources( 1104): Preloaded drawable resource #0x10801d1 (android:drawable/btn_star_off_normal_holo_light) that varies with configuration!!
12-31 16:00:04.219 W/Resources( 1104): Preloaded drawable resource #0x10801db (android:drawable/btn_star_on_normal_holo_light) that varies with configuration!!
12-31 16:00:04.219 W/Resources( 1104): Preloaded drawable resource #0x10801d7 (android:drawable/btn_star_on_disabled_holo_light) that varies with configuration!!
12-31 16:00:04.219 W/Resources( 1104): Preloaded drawable resource #0x10801cd (android:drawable/btn_star_off_disabled_holo_light) that varies with configuration!!
12-31 16:00:04.227 W/Resources( 1104): Preloaded drawable resource #0x10801dd (android:drawable/btn_star_on_pressed_holo_light) that varies with configuration!!
12-31 16:00:04.235 W/Resources( 1104): Preloaded drawable resource #0x10801d3 (android:drawable/btn_star_off_pressed_holo_light) that varies with configuration!!
12-31 16:00:04.239 W/Resources( 1104): Preloaded drawable resource #0x10801d9 (android:drawable/btn_star_on_focused_holo_light) that varies with configuration!!
12-31 16:00:04.239 W/Resources( 1104): Preloaded drawable resource #0x10801cf (android:drawable/btn_star_off_focused_holo_light) that varies with configuration!!
12-31 16:00:04.247 W/Resources( 1104): Preloaded drawable resource #0x10801d5 (android:drawable/btn_star_on_disabled_focused_holo_light) that varies with configuration!!
12-31 16:00:04.251 W/Resources( 1104): Preloaded drawable resource #0x10801d7 (android:drawable/btn_star_on_disabled_holo_light) that varies with configuration!!
12-31 16:00:04.251 W/Resources( 1104): Preloaded drawable resource #0x10801cb (android:drawable/btn_star_off_disabled_focused_holo_light) that varies with configuration!!
12-31 16:00:04.255 W/Resources( 1104): Preloaded drawable resource #0x10801cd (android:drawable/btn_star_off_disabled_holo_light) that varies with configuration!!
12-31 16:00:04.259 W/Resources( 1104): Preloaded drawable resource #0x10801d1 (android:drawable/btn_star_off_normal_holo_light) that varies with configuration!!
12-31 16:00:04.263 W/Resources( 1104): Preloaded drawable resource #0x10801db (android:drawable/btn_star_on_normal_holo_light) that varies with configuration!!
12-31 16:00:04.263 W/Resources( 1104): Preloaded drawable resource #0x10801c8 (android:drawable/btn_star_holo_light) that varies with configuration!!
12-31 16:00:04.267 W/Resources( 1104): Preloaded drawable resource #0x10801d0 (android:drawable/btn_star_off_normal_holo_dark) that varies with configuration!!
12-31 16:00:04.267 W/Resources( 1104): Preloaded drawable resource #0x10801da (android:drawable/btn_star_on_normal_holo_dark) that varies with configuration!!
12-31 16:00:04.275 W/Resources( 1104): Preloaded drawable resource #0x10801d6 (android:drawable/btn_star_on_disabled_holo_dark) that varies with configuration!!
12-31 16:00:04.275 W/Resources( 1104): Preloaded drawable resource #0x10801cc (android:drawable/btn_star_off_disabled_holo_dark) that varies with configuration!!
12-31 16:00:04.279 W/Resources( 1104): Preloaded drawable resource #0x10801dc (android:drawable/btn_star_on_pressed_holo_dark) that varies with configuration!!
12-31 16:00:04.279 W/Resources( 1104): Preloaded drawable resource #0x10801d2 (android:drawable/btn_star_off_pressed_holo_dark) that varies with configuration!!
12-31 16:00:04.279 I/MiSysSrv( 1117): HAL_SC_SetClk,221
12-31 16:00:04.279 I/MiSysSrv( 1117): 8
12-31 16:00:04.279 D/DD      ( 1251): <1583>[dd_smartcard][FUNC:DD_SMC_Reset LINE:534]retrytime: 0
12-31 16:00:04.279 D/DD      ( 1251): <1583>[dd_smartcard][FUNC:DD_SMC_Reset LINE:566]pucAtr[0] = 0x3b
12-31 16:00:04.279 D/DD      ( 1251): <1583>[dd_smartcard][FUNC:DD_SMC_Reset LINE:566]pucAtr[1] = 0x34
12-31 16:00:04.279 D/DD      ( 1251): <1583>[dd_smartcard][FUNC:DD_SMC_Reset LINE:566]pucAtr[2] = 0x94
12-31 16:00:04.279 D/DD      ( 1251): <1583>[dd_smartcard][FUNC:DD_SMC_Reset LINE:566]pucAtr[3] = 0x0
12-31 16:00:04.279 D/DD      ( 1251): <1583>[dd_smartcard][FUNC:DD_SMC_Reset LINE:566]pucAtr[4] = 0x30
12-31 16:00:04.279 D/DD      ( 1251): <1583>[dd_smartcard][FUNC:DD_SMC_Reset LINE:566]pucAtr[5] = 0x42
12-31 16:00:04.279 D/DD      ( 1251): <1583>[dd_smartcard][FUNC:DD_SMC_Reset LINE:566]pucAtr[6] = 0x30
12-31 16:00:04.279 D/DD      ( 1251): <1583>[dd_smartcard][FUNC:DD_SMC_Reset LINE:566]pucAtr[7] = 0x30
12-31 16:00:04.279 D/DD      ( 1251): <1583>[dd_smartcard][FUNC:DD_SMC_Reset LINE:569]Exit Success
12-31 16:00:04.279 D/CAS     ( 1251): [1583][427858656[CAS SC] ATR [
12-31 16:00:04.279 D/CAS     ( 1251): [1583][4278586563B,
12-31 16:00:04.279 D/CAS     ( 1251): [1583][42785865634,
12-31 16:00:04.279 D/CAS     ( 1251): [1583][42785865694,
12-31 16:00:04.279 D/CAS     ( 1251): [1583][42785865600,
12-31 16:00:04.279 D/CAS     ( 1251): [1583][42785865630,
12-31 16:00:04.279 D/CAS     ( 1251): [1583][42785865642,
12-31 16:00:04.279 D/CAS     ( 1251): [1583][42785865630,
12-31 16:00:04.279 D/CAS     ( 1251): [1583][42785865630,
12-31 16:00:04.279 D/CAS     ( 1251): [1583][427858656].
12-31 16:00:04.279 D/CAS     ( 1251): [1583][427858656pbyATR[0] = 3b 
12-31 16:00:04.279 D/CAS     ( 1251): [1583][427858656pbyATR[1] = 34 
12-31 16:00:04.279 D/CAS     ( 1251): [1583][427858656pbyATR[2] = 94 
12-31 16:00:04.279 D/CAS     ( 1251): [1583][427858656pbyATR[3] = 0 
12-31 16:00:04.279 D/CAS     ( 1251): [1583][427858656pbyATR[4] = 30 
12-31 16:00:04.279 D/CAS     ( 1251): [1583][427858656pbyATR[5] = 42 
12-31 16:00:04.279 D/CAS     ( 1251): [1583][427858656pbyATR[6] = 30 
12-31 16:00:04.279 D/CAS     ( 1251): [1583][427858656pbyATR[7] = 30 
12-31 16:00:04.279 D/CAS     ( 1251): [1583][427858656pbyATR[8] = 0 
12-31 16:00:04.279 D/CAS     ( 1251): [1583][427858656[CAS SWITCH] Unkown ATR!!!
12-31 16:00:04.279 D/CAS     ( 1251): [1583][427858656[CAS SC] SCard Insert to lib!0.
12-31 16:00:04.279 D/CAS     ( 1251): [1583][427858656[CAS] DVTSTBCA_EmailNotify, bShow 255.
12-31 16:00:04.279 D/CAS     ( 1251): [1583][427858656[CAS] SET Email Icon = 0.
12-31 16:00:04.295 W/Resources( 1104): Preloaded drawable resource #0x10801d8 (android:drawable/btn_star_on_focused_holo_dark) that varies with configuration!!
12-31 16:00:04.295 W/Resources( 1104): Preloaded drawable resource #0x10801ce (android:drawable/btn_star_off_focused_holo_dark) that varies with configuration!!
12-31 16:00:04.299 W/Resources( 1104): Preloaded drawable resource #0x10801d4 (android:drawable/btn_star_on_disabled_focused_holo_dark) that varies with configuration!!
12-31 16:00:04.303 W/Resources( 1104): Preloaded drawable resource #0x10801ca (android:drawable/btn_star_off_disabled_focused_holo_dark) that varies with configuration!!
12-31 16:00:04.307 W/Resources( 1104): Preloaded drawable resource #0x10801d0 (android:drawable/btn_star_off_normal_holo_dark) that varies with configuration!!
12-31 16:00:04.311 W/Resources( 1104): Preloaded drawable resource #0x10801da (android:drawable/btn_star_on_normal_holo_dark) that varies with configuration!!
12-31 16:00:04.315 W/Resources( 1104): Preloaded drawable resource #0x10801d6 (android:drawable/btn_star_on_disabled_holo_dark) that varies with configuration!!
12-31 16:00:04.315 W/Resources( 1104): Preloaded drawable resource #0x10801cc (android:drawable/btn_star_off_disabled_holo_dark) that varies with configuration!!
12-31 16:00:04.319 D/CAS     ( 1251): [1583][427858659[CAS SC0] CMD --> 7 [
12-31 16:00:04.319 D/CAS     ( 1251): [1583][427858659	00, A4, 04, 00, 02, 3F, 00, 00,
12-31 16:00:04.319 D/CAS     ( 1251): [1583][427858659].
12-31 16:00:04.319 D/CAS     ( 1251): [CAS SC0] REPLY 2 [
12-31 16:00:04.319 D/CAS     ( 1251): [1583][427858659	6E, 00, 00, 00, 00, 00, 00, 00,
12-31 16:00:04.319 D/CAS     ( 1251): [1583][427858659].
12-31 16:00:04.319 D/CAS     ( 1251): [1583][427858659[CAS SC] DVTCASTB_SCInsert returned
12-31 16:00:04.319 E/CAS     ( 1251): [1583][427858659[CAS] ERROR: DVTCASTB_GetRating, Failed 19!!!
12-31 16:00:04.319 D/CAS     ( 1251): [1583][427858659[CAS] ScardInfo Worktime 00:00 - 00:00, Result 17.
12-31 16:00:04.319 D/CAS     ( 1251): [1583][427858659[CAS] ScardInfo Region 0x0, start 0, Result 251658239.
12-31 16:00:04.319 D/CAS     ( 1251): [1583][427858659[CAS] ScardInfo ScardID [0]!!!
12-31 16:00:04.319 D/CAS     ( 1251): [1583][427858659[CAS] ScardInfo STBCASVer [0x0]!!!
12-31 16:00:04.319 D/CAS     ( 1251): [1583][427858659[CAS] ScardInfo SCCASVer [0]!!!
12-31 16:00:04.319 D/CAS     ( 1251): [1583][427858659[CAS] ScardInfo SCCOSVer [0]!!!
12-31 16:00:04.319 D/CAS     ( 1251): [1583][427858659[CAS] ScardInfo ScardNum []!!!
12-31 16:00:04.319 D/CAS     ( 1251): [1583][427858659[CAS] ScardInfo ManufName []!!!
12-31 16:00:04.319 D/CAS     ( 1251): [1583][427858659[CAS] ScardInfo, This is a Mother Card!!!
12-31 16:00:04.319 D/CAS     ( 1251): [1583][427858659[CAS] ScardInfo PIN Status [UNLOCK]!!!
12-31 16:00:04.323 W/Resources( 1104): Preloaded drawable resource #0x10801dc (android:drawable/btn_star_on_pressed_holo_dark) that varies with configuration!!
12-31 16:00:04.327 W/Resources( 1104): Preloaded drawable resource #0x10801d2 (android:drawable/btn_star_off_pressed_holo_dark) that varies with configuration!!
12-31 16:00:04.331 W/Resources( 1104): Preloaded drawable resource #0x10801d8 (android:drawable/btn_star_on_focused_holo_dark) that varies with configuration!!
12-31 16:00:04.331 D/DvbNative( 1251): [1583]<[CasApi, SaveCasInfos(), 97]> ### read smart card info ok
12-31 16:00:04.331 D/DvbNative( 1251): [1583]<[CasApi, SaveCasInfos(), 108]> ### 0
12-31 16:00:04.331 D/DvbNative( 1251): [1583]<[CasApi, SaveCasInfos(), 109]> ### 
12-31 16:00:04.331 D/DvbNative( 1251): [1583]<[CmnCasInterface, saveCasInfo(), 1069]> ### [ShumaCAS] save smart card serial number = 
12-31 16:00:04.331 D/DvbNative( 1251): [1583]<[Initializer, _IPOTA_ScardSnChanged(), 610]> ### scard sn changed! scardSn=''
12-31 16:00:04.331 D/DvbNative( 1251): [1583]<[CmnCasInterface, saveCasInfo(), 1092]> ### [ShumaCAS] save card area code = 0
12-31 16:00:04.331 W/Resources( 1104): Preloaded drawable resource #0x10801ce (android:drawable/btn_star_off_focused_holo_dark) that varies with configuration!!
12-31 16:00:04.339 D/DvbNative( 1251): [1583]<[CasApi, SaveCasInfos(), 120]> ### SaveCasInfos card ok
12-31 16:00:04.339 E/DvbNative( 1251): [1583][01;31m<[MGExt_CAS, _CallBackProxy(), 132]> [error] ### no client exist![0m
12-31 16:00:04.339 D/CAS     ( 1251): [1583][427858661[CAS] Send UI Callback 0x1000!!!
12-31 16:00:04.339 W/Resources( 1104): Preloaded drawable resource #0x10801d4 (android:drawable/btn_star_on_disabled_focused_holo_dark) that varies with configuration!!
12-31 16:00:04.347 W/Resources( 1104): Preloaded drawable resource #0x10801d6 (android:drawable/btn_star_on_disabled_holo_dark) that varies with configuration!!
12-31 16:00:04.347 W/Resources( 1104): Preloaded drawable resource #0x10801ca (android:drawable/btn_star_off_disabled_focused_holo_dark) that varies with configuration!!
12-31 16:00:04.355 W/Resources( 1104): Preloaded drawable resource #0x10801cc (android:drawable/btn_star_off_disabled_holo_dark) that varies with configuration!!
12-31 16:00:04.355 W/Resources( 1104): Preloaded drawable resource #0x10801d0 (android:drawable/btn_star_off_normal_holo_dark) that varies with configuration!!
12-31 16:00:04.383 D/dalvikvm( 1104): GC_FOR_ALLOC freed 500K, 17% free 2901K/3476K, paused 29ms, total 30ms
12-31 16:00:04.391 W/Resources( 1104): Preloaded drawable resource #0x10801da (android:drawable/btn_star_on_normal_holo_dark) that varies with configuration!!
12-31 16:00:04.391 W/Resources( 1104): Preloaded drawable resource #0x10801c7 (android:drawable/btn_star_holo_dark) that varies with configuration!!
12-31 16:00:04.391 W/Resources( 1104): Preloaded drawable resource #0x10801f7 (android:drawable/btn_toggle_on_pressed_holo_light) that varies with configuration!!
12-31 16:00:04.391 W/Resources( 1104): Preloaded drawable resource #0x10801f6 (android:drawable/btn_toggle_on_pressed_holo_dark) that varies with configuration!!
12-31 16:00:04.399 W/Resources( 1104): Preloaded drawable resource #0x10801f5 (android:drawable/btn_toggle_on_normal_holo_light) that varies with configuration!!
12-31 16:00:04.399 W/Resources( 1104): Preloaded drawable resource #0x10801f4 (android:drawable/btn_toggle_on_normal_holo_dark) that varies with configuration!!
12-31 16:00:04.407 W/Resources( 1104): Preloaded drawable resource #0x10801f3 (android:drawable/btn_toggle_on_focused_holo_light) that varies with configuration!!
12-31 16:00:04.407 W/Resources( 1104): Preloaded drawable resource #0x10801f2 (android:drawable/btn_toggle_on_focused_holo_dark) that varies with configuration!!
12-31 16:00:04.407 W/Resources( 1104): Preloaded drawable resource #0x10801f1 (android:drawable/btn_toggle_on_disabled_holo_light) that varies with configuration!!
12-31 16:00:04.407 W/Resources( 1104): Preloaded drawable resource #0x10801f0 (android:drawable/btn_toggle_on_disabled_holo_dark) that varies with configuration!!
12-31 16:00:04.415 W/Resources( 1104): Preloaded drawable resource #0x10801ef (android:drawable/btn_toggle_on_disabled_focused_holo_light) that varies with configuration!!
12-31 16:00:04.415 W/Resources( 1104): Preloaded drawable resource #0x10801ee (android:drawable/btn_toggle_on_disabled_focused_holo_dark) that varies with configuration!!
12-31 16:00:04.415 W/Resources( 1104): Preloaded drawable resource #0x10801ec (android:drawable/btn_toggle_off_pressed_holo_light) that varies with configuration!!
12-31 16:00:04.423 W/Resources( 1104): Preloaded drawable resource #0x10801eb (android:drawable/btn_toggle_off_pressed_holo_dark) that varies with configuration!!
12-31 16:00:04.427 W/Resources( 1104): Preloaded drawable resource #0x10801ea (android:drawable/btn_toggle_off_normal_holo_light) that varies with configuration!!
12-31 16:00:04.431 W/Resources( 1104): Preloaded drawable resource #0x10801e9 (android:drawable/btn_toggle_off_normal_holo_dark) that varies with configuration!!
12-31 16:00:04.431 W/Resources( 1104): Preloaded drawable resource #0x10801e8 (android:drawable/btn_toggle_off_focused_holo_light) that varies with configuration!!
12-31 16:00:04.431 W/Resources( 1104): Preloaded drawable resource #0x10801e7 (android:drawable/btn_toggle_off_focused_holo_dark) that varies with configuration!!
12-31 16:00:04.435 W/Resources( 1104): Preloaded drawable resource #0x10801e6 (android:drawable/btn_toggle_off_disabled_holo_light) that varies with configuration!!
12-31 16:00:04.439 W/Resources( 1104): Preloaded drawable resource #0x10801e5 (android:drawable/btn_toggle_off_disabled_holo_dark) that varies with configuration!!
12-31 16:00:04.443 W/Resources( 1104): Preloaded drawable resource #0x10801e4 (android:drawable/btn_toggle_off_disabled_focused_holo_light) that varies with configuration!!
12-31 16:00:04.443 W/Resources( 1104): Preloaded drawable resource #0x10801e3 (android:drawable/btn_toggle_off_disabled_focused_holo_dark) that varies with configuration!!
12-31 16:00:04.447 W/Resources( 1104): Preloaded drawable resource #0x10801f5 (android:drawable/btn_toggle_on_normal_holo_light) that varies with configuration!!
12-31 16:00:04.447 W/Resources( 1104): Preloaded drawable resource #0x10801f1 (android:drawable/btn_toggle_on_disabled_holo_light) that varies with configuration!!
12-31 16:00:04.451 W/Resources( 1104): Preloaded drawable resource #0x10801f7 (android:drawable/btn_toggle_on_pressed_holo_light) that varies with configuration!!
12-31 16:00:04.455 W/Resources( 1104): Preloaded drawable resource #0x10801f3 (android:drawable/btn_toggle_on_focused_holo_light) that varies with configuration!!
12-31 16:00:04.455 W/Resources( 1104): Preloaded drawable resource #0x10801f5 (android:drawable/btn_toggle_on_normal_holo_light) that varies with configuration!!
12-31 16:00:04.455 W/Resources( 1104): Preloaded drawable resource #0x10801ef (android:drawable/btn_toggle_on_disabled_focused_holo_light) that varies with configuration!!
12-31 16:00:04.463 W/Resources( 1104): Preloaded drawable resource #0x10801f1 (android:drawable/btn_toggle_on_disabled_holo_light) that varies with configuration!!
12-31 16:00:04.463 W/Resources( 1104): Preloaded drawable resource #0x10801ea (android:drawable/btn_toggle_off_normal_holo_light) that varies with configuration!!
12-31 16:00:04.463 W/Resources( 1104): Preloaded drawable resource #0x10801e6 (android:drawable/btn_toggle_off_disabled_holo_light) that varies with configuration!!
12-31 16:00:04.467 W/Resources( 1104): Preloaded drawable resource #0x10801ec (android:drawable/btn_toggle_off_pressed_holo_light) that varies with configuration!!
12-31 16:00:04.471 W/Resources( 1104): Preloaded drawable resource #0x10801e8 (android:drawable/btn_toggle_off_focused_holo_light) that varies with configuration!!
12-31 16:00:04.475 W/Resources( 1104): Preloaded drawable resource #0x10801ea (android:drawable/btn_toggle_off_normal_holo_light) that varies with configuration!!
12-31 16:00:04.475 W/Resources( 1104): Preloaded drawable resource #0x10801e4 (android:drawable/btn_toggle_off_disabled_focused_holo_light) that varies with configuration!!
12-31 16:00:04.475 W/Resources( 1104): Preloaded drawable resource #0x10801e6 (android:drawable/btn_toggle_off_disabled_holo_light) that varies with configuration!!
12-31 16:00:04.475 W/Resources( 1104): Preloaded drawable resource #0x10801e1 (android:drawable/btn_toggle_holo_light) that varies with configuration!!
12-31 16:00:04.475 W/Resources( 1104): Preloaded drawable resource #0x10801f4 (android:drawable/btn_toggle_on_normal_holo_dark) that varies with configuration!!
12-31 16:00:04.483 W/Resources( 1104): Preloaded drawable resource #0x10801f0 (android:drawable/btn_toggle_on_disabled_holo_dark) that varies with configuration!!
12-31 16:00:04.483 W/Resources( 1104): Preloaded drawable resource #0x10801f6 (android:drawable/btn_toggle_on_pressed_holo_dark) that varies with configuration!!
12-31 16:00:04.491 W/Resources( 1104): Preloaded drawable resource #0x10801f2 (android:drawable/btn_toggle_on_focused_holo_dark) that varies with configuration!!
12-31 16:00:04.491 W/Resources( 1104): Preloaded drawable resource #0x10801f4 (android:drawable/btn_toggle_on_normal_holo_dark) that varies with configuration!!
12-31 16:00:04.495 W/Resources( 1104): Preloaded drawable resource #0x10801ee (android:drawable/btn_toggle_on_disabled_focused_holo_dark) that varies with configuration!!
12-31 16:00:04.499 W/Resources( 1104): Preloaded drawable resource #0x10801f0 (android:drawable/btn_toggle_on_disabled_holo_dark) that varies with configuration!!
12-31 16:00:04.499 W/Resources( 1104): Preloaded drawable resource #0x10801e9 (android:drawable/btn_toggle_off_normal_holo_dark) that varies with configuration!!
12-31 16:00:04.503 W/Resources( 1104): Preloaded drawable resource #0x10801e5 (android:drawable/btn_toggle_off_disabled_holo_dark) that varies with configuration!!
12-31 16:00:04.507 W/Resources( 1104): Preloaded drawable resource #0x10801eb (android:drawable/btn_toggle_off_pressed_holo_dark) that varies with configuration!!
12-31 16:00:04.507 W/Resources( 1104): Preloaded drawable resource #0x10801e7 (android:drawable/btn_toggle_off_focused_holo_dark) that varies with configuration!!
12-31 16:00:04.511 W/Resources( 1104): Preloaded drawable resource #0x10801e9 (android:drawable/btn_toggle_off_normal_holo_dark) that varies with configuration!!
12-31 16:00:04.515 W/Resources( 1104): Preloaded drawable resource #0x10801e3 (android:drawable/btn_toggle_off_disabled_focused_holo_dark) that varies with configuration!!
12-31 16:00:04.515 W/Resources( 1104): Preloaded drawable resource #0x10801e5 (android:drawable/btn_toggle_off_disabled_holo_dark) that varies with configuration!!
12-31 16:00:04.515 W/Resources( 1104): Preloaded drawable resource #0x10801e0 (android:drawable/btn_toggle_holo_dark) that varies with configuration!!
12-31 16:00:04.519 W/Resources( 1104): Preloaded drawable resource #0x108064f (android:drawable/textfield_multiline_default_holo_light) that varies with configuration!!
12-31 16:00:04.519 W/Resources( 1104): Preloaded drawable resource #0x1080653 (android:drawable/textfield_multiline_disabled_holo_light) that varies with configuration!!
12-31 16:00:04.527 W/Resources( 1104): Preloaded drawable resource #0x108064d (android:drawable/textfield_multiline_activated_holo_light) that varies with configuration!!
12-31 16:00:04.527 W/Resources( 1104): Preloaded drawable resource #0x1080655 (android:drawable/textfield_multiline_focused_holo_light) that varies with configuration!!
12-31 16:00:04.531 W/Resources( 1104): Preloaded drawable resource #0x108064f (android:drawable/textfield_multiline_default_holo_light) that varies with configuration!!
12-31 16:00:04.531 W/Resources( 1104): Preloaded drawable resource #0x1080651 (android:drawable/textfield_multiline_disabled_focused_holo_light) that varies with configuration!!
12-31 16:00:04.531 W/Resources( 1104): Preloaded drawable resource #0x1080653 (android:drawable/textfield_multiline_disabled_holo_light) that varies with configuration!!
12-31 16:00:04.535 W/Resources( 1104): Preloaded drawable resource #0x1080642 (android:drawable/textfield_default_holo_light) that varies with configuration!!
12-31 16:00:04.539 W/Resources( 1104): Preloaded drawable resource #0x1080647 (android:drawable/textfield_disabled_holo_light) that varies with configuration!!
12-31 16:00:04.539 W/Resources( 1104): Preloaded drawable resource #0x108063a (android:drawable/textfield_activated_holo_light) that varies with configuration!!
12-31 16:00:04.539 W/Resources( 1104): Preloaded drawable resource #0x108064a (android:drawable/textfield_focused_holo_light) that varies with configuration!!
12-31 16:00:04.543 W/Resources( 1104): Preloaded drawable resource #0x1080642 (android:drawable/textfield_default_holo_light) that varies with configuration!!
12-31 16:00:04.547 W/Resources( 1104): Preloaded drawable resource #0x1080645 (android:drawable/textfield_disabled_focused_holo_light) that varies with configuration!!
12-31 16:00:04.547 W/Resources( 1104): Preloaded drawable resource #0x1080647 (android:drawable/textfield_disabled_holo_light) that varies with configuration!!
12-31 16:00:04.547 W/Resources( 1104): Preloaded drawable resource #0x1080258 (android:drawable/edit_text_holo_light) that varies with configuration!!
12-31 16:00:04.551 W/Resources( 1104): Preloaded drawable resource #0x108064e (android:drawable/textfield_multiline_default_holo_dark) that varies with configuration!!
12-31 16:00:04.551 W/Resources( 1104): Preloaded drawable resource #0x1080652 (android:drawable/textfield_multiline_disabled_holo_dark) that varies with configuration!!
12-31 16:00:04.555 W/Resources( 1104): Preloaded drawable resource #0x108064c (android:drawable/textfield_multiline_activated_holo_dark) that varies with configuration!!
12-31 16:00:04.555 W/Resources( 1104): Preloaded drawable resource #0x1080654 (android:drawable/textfield_multiline_focused_holo_dark) that varies with configuration!!
12-31 16:00:04.559 W/Resources( 1104): Preloaded drawable resource #0x108064e (android:drawable/textfield_multiline_default_holo_dark) that varies with configuration!!
12-31 16:00:04.563 W/Resources( 1104): Preloaded drawable resource #0x1080650 (android:drawable/textfield_multiline_disabled_focused_holo_dark) that varies with configuration!!
12-31 16:00:04.563 W/Resources( 1104): Preloaded drawable resource #0x1080652 (android:drawable/textfield_multiline_disabled_holo_dark) that varies with configuration!!
12-31 16:00:04.571 W/Resources( 1104): Preloaded drawable resource #0x1080641 (android:drawable/textfield_default_holo_dark) that varies with configuration!!
12-31 16:00:04.571 W/Resources( 1104): Preloaded drawable resource #0x1080646 (android:drawable/textfield_disabled_holo_dark) that varies with configuration!!
12-31 16:00:04.575 W/Resources( 1104): Preloaded drawable resource #0x1080639 (android:drawable/textfield_activated_holo_dark) that varies with configuration!!
12-31 16:00:04.575 W/Resources( 1104): Preloaded drawable resource #0x1080649 (android:drawable/textfield_focused_holo_dark) that varies with configuration!!
12-31 16:00:04.579 W/Resources( 1104): Preloaded drawable resource #0x1080641 (android:drawable/textfield_default_holo_dark) that varies with configuration!!
12-31 16:00:04.583 W/Resources( 1104): Preloaded drawable resource #0x1080644 (android:drawable/textfield_disabled_focused_holo_dark) that varies with configuration!!
12-31 16:00:04.583 W/Resources( 1104): Preloaded drawable resource #0x1080646 (android:drawable/textfield_disabled_holo_dark) that varies with configuration!!
12-31 16:00:04.583 W/Resources( 1104): Preloaded drawable resource #0x1080257 (android:drawable/edit_text_holo_dark) that varies with configuration!!
12-31 16:00:04.599 W/Resources( 1104): Preloaded drawable resource #0x1080636 (android:drawable/text_select_handle_left) that varies with configuration!!
12-31 16:00:04.603 W/Resources( 1104): Preloaded drawable resource #0x1080638 (android:drawable/text_select_handle_right) that varies with configuration!!
12-31 16:00:04.611 W/Resources( 1104): Preloaded drawable resource #0x1080633 (android:drawable/text_edit_paste_window) that varies with configuration!!
12-31 16:00:04.615 W/Resources( 1104): Preloaded drawable resource #0x108026d (android:drawable/expander_close_holo_dark) that varies with configuration!!
12-31 16:00:04.615 W/Resources( 1104): Preloaded drawable resource #0x108026e (android:drawable/expander_close_holo_light) that varies with configuration!!
12-31 16:00:04.619 W/Resources( 1104): Preloaded drawable resource #0x108026d (android:drawable/expander_close_holo_dark) that varies with configuration!!
12-31 16:00:04.619 W/Resources( 1104): Preloaded drawable resource #0x1080274 (android:drawable/expander_open_holo_dark) that varies with configuration!!
12-31 16:00:04.623 W/Resources( 1104): Preloaded drawable resource #0x1080270 (android:drawable/expander_group_holo_dark) that varies with configuration!!
12-31 16:00:04.623 W/Resources( 1104): Preloaded drawable resource #0x108026e (android:drawable/expander_close_holo_light) that varies with configuration!!
12-31 16:00:04.627 W/Resources( 1104): Preloaded drawable resource #0x1080275 (android:drawable/expander_open_holo_light) that varies with configuration!!
12-31 16:00:04.627 W/Resources( 1104): Preloaded drawable resource #0x1080271 (android:drawable/expander_group_holo_light) that varies with configuration!!
12-31 16:00:04.635 W/Resources( 1104): Preloaded drawable resource #0x1080401 (android:drawable/list_pressed_holo_dark) that varies with configuration!!
12-31 16:00:04.635 W/Resources( 1104): Preloaded drawable resource #0x10803ff (android:drawable/list_longpressed_holo_dark) that varies with configuration!!
12-31 16:00:04.635 W/Resources( 1104): Preloaded drawable resource #0x108041d (android:drawable/list_selector_background_transition_holo_dark) that varies with configuration!!
12-31 16:00:04.639 W/Resources( 1104): Preloaded drawable resource #0x1080401 (android:drawable/list_pressed_holo_dark) that varies with configuration!!
12-31 16:00:04.643 W/Resources( 1104): Preloaded drawable resource #0x10803ff (android:drawable/list_longpressed_holo_dark) that varies with configuration!!
12-31 16:00:04.643 W/Resources( 1104): Preloaded drawable resource #0x108041d (android:drawable/list_selector_background_transition_holo_dark) that varies with configuration!!
12-31 16:00:04.643 W/Resources( 1104): Preloaded drawable resource #0x10803fa (android:drawable/list_focused_holo) that varies with configuration!!
12-31 16:00:04.643 W/Resources( 1104): Preloaded drawable resource #0x1080424 (android:drawable/list_selector_holo_dark) that varies with configuration!!
12-31 16:00:04.647 W/Resources( 1104): Preloaded drawable resource #0x1080402 (android:drawable/list_pressed_holo_light) that varies with configuration!!
12-31 16:00:04.647 W/Resources( 1104): Preloaded drawable resource #0x1080400 (android:drawable/list_longpressed_holo_light) that varies with configuration!!
12-31 16:00:04.647 W/Resources( 1104): Preloaded drawable resource #0x108041e (android:drawable/list_selector_background_transition_holo_light) that varies with configuration!!
12-31 16:00:04.651 W/Resources( 1104): Preloaded drawable resource #0x1080402 (android:drawable/list_pressed_holo_light) that varies with configuration!!
12-31 16:00:04.651 W/Resources( 1104): Preloaded drawable resource #0x1080400 (android:drawable/list_longpressed_holo_light) that varies with configuration!!
12-31 16:00:04.651 W/Resources( 1104): Preloaded drawable resource #0x108041e (android:drawable/list_selector_background_transition_holo_light) that varies with configuration!!
12-31 16:00:04.651 W/Resources( 1104): Preloaded drawable resource #0x10803fa (android:drawable/list_focused_holo) that varies with configuration!!
12-31 16:00:04.651 W/Resources( 1104): Preloaded drawable resource #0x1080425 (android:drawable/list_selector_holo_light) that varies with configuration!!
12-31 16:00:04.651 W/Resources( 1104): Preloaded drawable resource #0x1080404 (android:drawable/list_section_divider_holo_light) that varies with configuration!!
12-31 16:00:04.651 W/Resources( 1104): Preloaded drawable resource #0x1080403 (android:drawable/list_section_divider_holo_dark) that varies with configuration!!
12-31 16:00:04.671 W/Resources( 1104): Preloaded drawable resource #0x1080435 (android:drawable/menu_hardkey_panel_holo_dark) that varies with configuration!!
12-31 16:00:04.675 W/Resources( 1104): Preloaded drawable resource #0x1080436 (android:drawable/menu_hardkey_panel_holo_light) that varies with configuration!!
12-31 16:00:04.711 D/dalvikvm( 1104): GC_FOR_ALLOC freed 540K, 15% free 3305K/3868K, paused 30ms, total 32ms
12-31 16:00:04.727 W/Resources( 1104): Preloaded drawable resource #0x1080434 (android:drawable/menu_dropdown_panel_holo_light) that varies with configuration!!
12-31 16:00:04.731 W/Resources( 1104): Preloaded drawable resource #0x1080433 (android:drawable/menu_dropdown_panel_holo_dark) that varies with configuration!!
12-31 16:00:04.743 W/Resources( 1104): Preloaded drawable resource #0x108043a (android:drawable/menu_popup_panel_holo_light) that varies with configuration!!
12-31 16:00:04.743 W/Resources( 1104): Preloaded drawable resource #0x1080439 (android:drawable/menu_popup_panel_holo_dark) that varies with configuration!!
12-31 16:00:04.751 W/Resources( 1104): Preloaded drawable resource #0x108043a (android:drawable/menu_popup_panel_holo_light) that varies with configuration!!
12-31 16:00:04.763 W/Resources( 1104): Preloaded drawable resource #0x1080434 (android:drawable/menu_dropdown_panel_holo_light) that varies with configuration!!
12-31 16:00:04.763 W/Resources( 1104): Preloaded drawable resource #0x1080438 (android:drawable/menu_panel_holo_light) that varies with configuration!!
12-31 16:00:04.767 W/Resources( 1104): Preloaded drawable resource #0x1080439 (android:drawable/menu_popup_panel_holo_dark) that varies with configuration!!
12-31 16:00:04.767 W/Resources( 1104): Preloaded drawable resource #0x1080433 (android:drawable/menu_dropdown_panel_holo_dark) that varies with configuration!!
12-31 16:00:04.767 W/Resources( 1104): Preloaded drawable resource #0x1080437 (android:drawable/menu_panel_holo_dark) that varies with configuration!!
12-31 16:00:04.775 W/Resources( 1104): Preloaded drawable resource #0x108047f (android:drawable/overscroll_edge) that varies with configuration!!
12-31 16:00:04.875 D/dalvikvm( 1104): GC_FOR_ALLOC freed 772K, 29% free 2775K/3868K, paused 33ms, total 33ms
12-31 16:00:04.883 D/DD      ( 1251): <1574>[dd_tuner][FUNC:dd_tuner_task LINE:413]m_eTunerEvent:1,need tell dvb
12-31 16:00:04.883 D/DvbNative( 1251): [1574]<[Tuner, _tunerCallback(), 429]> ### DD tells unlock! tunerId=0, freqKHz=227000, nestUseCnt=0, status=Locking(2)
12-31 16:00:04.883 D/DvbNative( 1251): [1574]<[Tuner, _setTunerLEDState(), 343]> ### set tuner led state! bLocked=0
12-31 16:00:04.883 D/DD      ( 1251): [DDErrorCode DD_FP_Clear(int, DDFPLightName_E)][1314]Enter
12-31 16:00:04.895 D/DD      ( 1251): [DDErrorCode DD_FP_Clear(int, DDFPLightName_E)][1352]Exit Success.
12-31 16:00:04.895 D/DD      ( 1251): <1574>[dd_tuner][FUNC:dd_tuner_task LINE:413]m_eTunerEvent:1,need tell dvb
12-31 16:00:04.895 D/DvbNative( 1251): [1574]<[ADV_CORE, TunerCallback(), 1842]> ### eType:1. status=1,fre:227000
12-31 16:00:04.895 D/DvbNative( 1251): 
12-31 16:00:04.899 E/DvbNative( 1251): [1361][01;31m<[Tuner, _tunerTuneInner(), 962]> [error] ### tuner tune failed! tunerId=0, tuneTimeMs=1764, curTimeMs=8080, status=Unlock(3), tpParam=<227000,6875,3,4294967295>, useLnb=0, lnbParam=<18,0,4294967295,4294967295,0,0,0,0,0,255,0>[0m
12-31 16:00:04.899 D/DvbNative( 1251): [1361]<[Tuner, _printTunerInfo(), 267]> ### =========>>>>>>===== force lock tuner failed =====<<<<<<========= count=1
12-31 16:00:04.899 D/DvbNative( 1251): [1361]<[Tuner, _printTunerInfo(), 290]> ### Tuner[0]: type=101, disabled=0, priority=100, tunerId=0, NestUseCount=1, tpParam=<227000,6875,3,4294967295>, useLnb=0, lnbParam=<18,0,4294967295,4294967295,0,0,0,0,0,255,0>
12-31 16:00:04.899 D/DvbNative( 1251): [1361]<[Tuner, _setTunerLEDState(), 343]> ### set tuner led state! bLocked=0
12-31 16:00:04.899 D/DD      ( 1251): [DDErrorCode DD_FP_Clear(int, DDFPLightName_E)][1314]Enter
12-31 16:00:04.907 D/DD      ( 1251): [DDErrorCode DD_FP_Clear(int, DDFPLightName_E)][1352]Exit Success.
12-31 16:00:04.907 D/DvbNative( 1251): [1594]<[Tuner, _tunerTuneInner(), 459]> ### enter! tunerId=0, type=101, NestUseCount=1, tpParam=<227000,6875,3,4294967295>, useLnb=0, lnbParam=<18,0,4294967295,4294967295,0,0,0,0,0,255,0>
12-31 16:00:04.907 D/DvbNative( 1251): [1594]<[Tuner, _tunerTuneInner(), 603]> ### configure DVBC/C2 tune parameters. type=101(DVB_C)
12-31 16:00:04.907 D/DvbNative( 1251): [1594]<[Tuner, _tunerTuneInner(), 619]> ### DD param: uFrequency=227000, uSymbolRate=6875000, uModulation=3
12-31 16:00:04.907 D/DD      ( 1251): <1594>[dd_tuner][FUNC:DD_Tuner_Connect LINE:581]Enter
12-31 16:00:04.907 D/DD      ( 1251): <1594>[dd_tuner][FUNC:DD_Tuner_Connect LINE:605]frq 227000, QAM 3, SymbolRate 6875000, dwTunerId 0
12-31 16:00:04.907 D/DvbNative( 1251): [1361]<[Detector, _msgProc_StartDetectTp(), 375]> ### retryCnt=0, bLocked=0
12-31 16:00:04.907 D/DvbNative( 1251): [1361]<[Tuner, disableChange(), 2478]> ### disable change tuner. tunerId=0, who=Detector
12-31 16:00:04.907 D/DvbNative( 1251): [1361]<[Detector, _msgProc_StartDetectTp(), 384]> ### start detect tp! flags=0x00000001
12-31 16:00:04.907 D/DvbNative( 1251): [1361]<[Detector, _msgProc_StartDetectTp(), 390]> ### start detect ota from ts! ota_pid=1fb0
12-31 16:00:04.907 D/DvbNative( 1251): [1361]<[Detector, _detectOtaByImageHead(), 597]> ### none filter exist, just use new one. 
12-31 16:00:04.907 D/dalvikvm( 1104): GC_FOR_ALLOC freed <1K, 25% free 3395K/4492K, paused 28ms, total 28ms
12-31 16:00:04.907 D/DD      ( 1251): <1594>[dd_tuner][FUNC:DD_Tuner_Connect LINE:635]the same frq 227000, QAM 3 ,tuner unlocked!!
12-31 16:00:04.907 W/Resources( 1104): Preloaded drawable resource #0x1080480 (android:drawable/overscroll_glow) that varies with configuration!!
12-31 16:00:04.915 W/Resources( 1104): Preloaded drawable resource #0x1080548 (android:drawable/spinner_16_outer_holo) that varies with configuration!!
12-31 16:00:04.915 I/MiSysSrv( 1117): [DTV_SetTune][665][MXL608]hy_tuner [tune]Freq:227.000000,eBandWidth:3,eMode:2
12-31 16:00:04.915 I/MiSysSrv( 1117): [DTV_SetTune][681][MXL608]hy_tuner ============================>DTV_SetTune 8M
12-31 16:00:04.915 I/MiSysSrv( 1117): MxLWare608_API_CfgTunerChanTune, signal type = 0, Freq = 227000000, BW = 2, Xtal = 0 
12-31 16:00:04.919 W/Resources( 1104): Preloaded drawable resource #0x1080547 (android:drawable/spinner_16_inner_holo) that varies with configuration!!
12-31 16:00:04.919 W/Resources( 1104): Preloaded drawable resource #0x108054c (android:drawable/spinner_48_outer_holo) that varies with configuration!!
12-31 16:00:04.923 W/Resources( 1104): Preloaded drawable resource #0x108054b (android:drawable/spinner_48_inner_holo) that varies with configuration!!
12-31 16:00:04.931 W/Resources( 1104): Preloaded drawable resource #0x108054e (android:drawable/spinner_76_outer_holo) that varies with configuration!!
12-31 16:00:04.939 W/Resources( 1104): Preloaded drawable resource #0x108054d (android:drawable/spinner_76_inner_holo) that varies with configuration!!
12-31 16:00:04.939 W/Resources( 1104): Preloaded drawable resource #0x10804c8 (android:drawable/progress_bg_holo_dark) that varies with configuration!!
12-31 16:00:04.939 W/Resources( 1104): Preloaded drawable resource #0x10804c9 (android:drawable/progress_bg_holo_light) that varies with configuration!!
12-31 16:00:04.939 W/Resources( 1104): Preloaded drawable resource #0x10804c8 (android:drawable/progress_bg_holo_dark) that varies with configuration!!
12-31 16:00:04.947 W/Resources( 1104): Preloaded drawable resource #0x10804d5 (android:drawable/progress_secondary_holo_dark) that varies with configuration!!
12-31 16:00:04.947 W/Resources( 1104): Preloaded drawable resource #0x10804d3 (android:drawable/progress_primary_holo_dark) that varies with configuration!!
