W/ContextImpl( 1554): Calling a method in the system process without a qualified user: android.app.ContextImpl.sendBroadcast:1327 com.android.internal.policy.impl.PhoneWindowManager.interceptKeyBeforeDispatching:2462 com.android.server.wm.InputMonitor.interceptKeyBeforeDispatching:388 com.android.server.input.InputManagerService.interceptKeyBeforeDispatching:1470 <bottom of call stack> 
V/broadcast( 1554): Dispatching ordered broadcast: com.gzgd.KEYEVENT to ComponentInfo{com.gzgd.live/com.gzgd.live.globalkey.GlobalKeyReceiver}
V/broadcast( 2423): Start process ordered broadcast: com.gzgd.KEYEVENT to {com.gzgd.live/com.gzgd.live.globalkey.GlobalKeyReceiver}
W/ContextImpl( 2423): Calling a method in the system process without a qualified user: android.app.ContextImpl.startService:1692 android.content.ContextWrapper.startService:516 android.content.ContextWrapper.startService:516 com.gzgd.live.globalkey.GlobalKeyEventService.start:45 com.gzgd.live.globalkey.GlobalKeyReceiver.onReceive:21 
V/broadcast( 2423): End process ordered broadcast: com.gzgd.KEYEVENT to {com.gzgd.live/com.gzgd.live.globalkey.GlobalKeyReceiver}
I/ActivityManager( 1554): START u0 {cmp=com.example.para/.activity.VideoActivity (has extras)} from uid 10041 on display 0
V/WindowManager( 1554): addAppToken: AppWindowToken{3007f400 token=Token{1096ea83 ActivityRecord{13f36d32 u0 com.example.para/.activity.VideoActivity t9}}} to stack=0 task=9 at 1
V/ActivityManager( 1554): set mstar.EnterOpaqueUI false
I/ActivityManager( 1554): TR3) TaskRecord{180d5ea3 #9 A=com.example.para U=0 sz=2}
I/ActivityManager( 1554): TR2) TaskRecord{32d372a0 #5 A=com.gzgd.webapp.elf U=0 sz=1}
V/ActivityManager( 1554): set mstar.EnterOpaqueUI false
D/WifiService( 1554): acquireWifiLockLocked: WifiLock{AndroidPlatformHelper type=3 binder=android.os.BinderProxy@17bb1439}
V/WindowManager( 1554): Adding window Window{17d3abdf u0 com.example.para/com.example.para.activity.VideoActivity} at 5 of 10 (after Window{229136d0 u0 com.example.para/com.example.para.activity.MainActivity})
V/WindowManager( 1554): Adding window Window{30b40b56 u0 SurfaceView} at 5 of 11 (before Window{17d3abdf u0 com.example.para/com.example.para.activity.VideoActivity})
V/WindowManager( 1554): Adding window Window{34f278c4 u0 SurfaceView} at 6 of 12 (before Window{17d3abdf u0 com.example.para/com.example.para.activity.VideoActivity})
W/ContextImpl( 1554): Calling a method in the system process without a qualified user: android.app.ContextImpl.sendBroadcast:1327 com.android.internal.policy.impl.PhoneWindowManager.interceptKeyBeforeDispatching:2462 com.android.server.wm.InputMonitor.interceptKeyBeforeDispatching:388 com.android.server.input.InputManagerService.interceptKeyBeforeDispatching:1470 <bottom of call stack> 
V/broadcast( 1554): Dispatching ordered broadcast: com.gzgd.KEYEVENT to ComponentInfo{com.gzgd.live/com.gzgd.live.globalkey.GlobalKeyReceiver}
V/broadcast( 2423): Start process ordered broadcast: com.gzgd.KEYEVENT to {com.gzgd.live/com.gzgd.live.globalkey.GlobalKeyReceiver}
W/ContextImpl( 2423): Calling a method in the system process without a qualified user: android.app.ContextImpl.startService:1692 android.content.ContextWrapper.startService:516 android.content.ContextWrapper.startService:516 com.gzgd.live.globalkey.GlobalKeyEventService.start:45 com.gzgd.live.globalkey.GlobalKeyReceiver.onReceive:21 
V/broadcast( 2423): End process ordered broadcast: com.gzgd.KEYEVENT to {com.gzgd.live/com.gzgd.live.globalkey.GlobalKeyReceiver}
W/ContextImpl( 1554): Calling a method in the system process without a qualified user: android.app.ContextImpl.sendBroadcast:1327 com.android.internal.policy.impl.PhoneWindowManager.interceptKeyBeforeDispatching:2462 com.android.server.wm.InputMonitor.interceptKeyBeforeDispatching:388 com.android.server.input.InputManagerService.interceptKeyBeforeDispatching:1470 <bottom of call stack> 
V/broadcast( 1554): Dispatching ordered broadcast: com.gzgd.KEYEVENT to ComponentInfo{com.gzgd.live/com.gzgd.live.globalkey.GlobalKeyReceiver}
V/broadcast( 2423): Start process ordered broadcast: com.gzgd.KEYEVENT to {com.gzgd.live/com.gzgd.live.globalkey.GlobalKeyReceiver}
W/ContextImpl( 2423): Calling a method in the system process without a qualified user: android.app.ContextImpl.startService:1692 android.content.ContextWrapper.startService:516 android.content.ContextWrapper.startService:516 com.gzgd.live.globalkey.GlobalKeyEventService.start:45 com.gzgd.live.globalkey.GlobalKeyReceiver.onReceive:21 
V/broadcast( 2423): End process ordered broadcast: com.gzgd.KEYEVENT to {com.gzgd.live/com.gzgd.live.globalkey.GlobalKeyReceiver}
W/ContextImpl( 1554): Calling a method in the system process without a qualified user: android.app.ContextImpl.sendBroadcast:1327 com.android.internal.policy.impl.PhoneWindowManager.interceptKeyBeforeDispatching:2462 com.android.server.wm.InputMonitor.interceptKeyBeforeDispatching:388 com.android.server.input.InputManagerService.interceptKeyBeforeDispatching:1470 <bottom of call stack> 
V/broadcast( 1554): Dispatching ordered broadcast: com.gzgd.KEYEVENT to ComponentInfo{com.gzgd.live/com.gzgd.live.globalkey.GlobalKeyReceiver}
V/broadcast( 2423): Start process ordered broadcast: com.gzgd.KEYEVENT to {com.gzgd.live/com.gzgd.live.globalkey.GlobalKeyReceiver}
W/ContextImpl( 2423): Calling a method in the system process without a qualified user: android.app.ContextImpl.startService:1692 android.content.ContextWrapper.startService:516 android.content.ContextWrapper.startService:516 com.gzgd.live.globalkey.GlobalKeyEventService.start:45 com.gzgd.live.globalkey.GlobalKeyReceiver.onReceive:21 
V/broadcast( 2423): End process ordered broadcast: com.gzgd.KEYEVENT to {com.gzgd.live/com.gzgd.live.globalkey.GlobalKeyReceiver}
W/ContextImpl( 1554): Calling a method in the system process without a qualified user: android.app.ContextImpl.sendBroadcast:1327 com.android.internal.policy.impl.PhoneWindowManager.interceptKeyBeforeDispatching:2462 com.android.server.wm.InputMonitor.interceptKeyBeforeDispatching:388 com.android.server.input.InputManagerService.interceptKeyBeforeDispatching:1470 <bottom of call stack> 
V/broadcast( 1554): Dispatching ordered broadcast: com.gzgd.KEYEVENT to ComponentInfo{com.gzgd.live/com.gzgd.live.globalkey.GlobalKeyReceiver}
V/broadcast( 2423): Start process ordered broadcast: com.gzgd.KEYEVENT to {com.gzgd.live/com.gzgd.live.globalkey.GlobalKeyReceiver}
W/ContextImpl( 2423): Calling a method in the system process without a qualified user: android.app.ContextImpl.startService:1692 android.content.ContextWrapper.startService:516 android.content.ContextWrapper.startService:516 com.gzgd.live.globalkey.GlobalKeyEventService.start:45 com.gzgd.live.globalkey.GlobalKeyReceiver.onReceive:21 
V/broadcast( 2423): End process ordered broadcast: com.gzgd.KEYEVENT to {com.gzgd.live/com.gzgd.live.globalkey.GlobalKeyReceiver}
W/ContextImpl( 1554): Calling a method in the system process without a qualified user: android.app.ContextImpl.sendBroadcast:1327 com.android.internal.policy.impl.PhoneWindowManager.interceptKeyBeforeDispatching:2462 com.android.server.wm.InputMonitor.interceptKeyBeforeDispatching:388 com.android.server.input.InputManagerService.interceptKeyBeforeDispatching:1470 <bottom of call stack> 
V/broadcast( 1554): Dispatching ordered broadcast: com.gzgd.KEYEVENT to ComponentInfo{com.gzgd.live/com.gzgd.live.globalkey.GlobalKeyReceiver}
V/broadcast( 2423): Start process ordered broadcast: com.gzgd.KEYEVENT to {com.gzgd.live/com.gzgd.live.globalkey.GlobalKeyReceiver}
W/ContextImpl( 2423): Calling a method in the system process without a qualified user: android.app.ContextImpl.startService:1692 android.content.ContextWrapper.startService:516 android.content.ContextWrapper.startService:516 com.gzgd.live.globalkey.GlobalKeyEventService.start:45 com.gzgd.live.globalkey.GlobalKeyReceiver.onReceive:21 
V/broadcast( 2423): End process ordered broadcast: com.gzgd.KEYEVENT to {com.gzgd.live/com.gzgd.live.globalkey.GlobalKeyReceiver}
W/ContextImpl( 1554): Calling a method in the system process without a qualified user: android.app.ContextImpl.sendBroadcast:1327 com.android.internal.policy.impl.PhoneWindowManager.interceptKeyBeforeDispatching:2462 com.android.server.wm.InputMonitor.interceptKeyBeforeDispatching:388 com.android.server.input.InputManagerService.interceptKeyBeforeDispatching:1470 <bottom of call stack> 
V/broadcast( 1554): Dispatching ordered broadcast: com.gzgd.KEYEVENT to ComponentInfo{com.gzgd.live/com.gzgd.live.globalkey.GlobalKeyReceiver}
V/broadcast( 2423): Start process ordered broadcast: com.gzgd.KEYEVENT to {com.gzgd.live/com.gzgd.live.globalkey.GlobalKeyReceiver}
W/ContextImpl( 2423): Calling a method in the system process without a qualified user: android.app.ContextImpl.startService:1692 android.content.ContextWrapper.startService:516 android.content.ContextWrapper.startService:516 com.gzgd.live.globalkey.GlobalKeyEventService.start:45 com.gzgd.live.globalkey.GlobalKeyReceiver.onReceive:21 
V/broadcast( 2423): End process ordered broadcast: com.gzgd.KEYEVENT to {com.gzgd.live/com.gzgd.live.globalkey.GlobalKeyReceiver}
W/ContextImpl( 1554): Calling a method in the system process without a qualified user: android.app.ContextImpl.sendBroadcast:1327 com.android.internal.policy.impl.PhoneWindowManager.interceptKeyBeforeDispatching:2462 com.android.server.wm.InputMonitor.interceptKeyBeforeDispatching:388 com.android.server.input.InputManagerService.interceptKeyBeforeDispatching:1470 <bottom of call stack> 
V/broadcast( 1554): Dispatching ordered broadcast: com.gzgd.KEYEVENT to ComponentInfo{com.gzgd.live/com.gzgd.live.globalkey.GlobalKeyReceiver}
V/broadcast( 2423): Start process ordered broadcast: com.gzgd.KEYEVENT to {com.gzgd.live/com.gzgd.live.globalkey.GlobalKeyReceiver}
W/ContextImpl( 2423): Calling a method in the system process without a qualified user: android.app.ContextImpl.startService:1692 android.content.ContextWrapper.startService:516 android.content.ContextWrapper.startService:516 com.gzgd.live.globalkey.GlobalKeyEventService.start:45 com.gzgd.live.globalkey.GlobalKeyReceiver.onReceive:21 
V/broadcast( 2423): End process ordered broadcast: com.gzgd.KEYEVENT to {com.gzgd.live/com.gzgd.live.globalkey.GlobalKeyReceiver}
W/ContextImpl( 1554): Calling a method in the system process without a qualified user: android.app.ContextImpl.sendBroadcast:1327 com.android.internal.policy.impl.PhoneWindowManager.interceptKeyBeforeDispatching:2462 com.android.server.wm.InputMonitor.interceptKeyBeforeDispatching:388 com.android.server.input.InputManagerService.interceptKeyBeforeDispatching:1470 <bottom of call stack> 
V/broadcast( 1554): Dispatching ordered broadcast: com.gzgd.KEYEVENT to ComponentInfo{com.gzgd.live/com.gzgd.live.globalkey.GlobalKeyReceiver}
V/broadcast( 2423): Start process ordered broadcast: com.gzgd.KEYEVENT to {com.gzgd.live/com.gzgd.live.globalkey.GlobalKeyReceiver}
W/ContextImpl( 2423): Calling a method in the system process without a qualified user: android.app.ContextImpl.startService:1692 android.content.ContextWrapper.startService:516 android.content.ContextWrapper.startService:516 com.gzgd.live.globalkey.GlobalKeyEventService.start:45 com.gzgd.live.globalkey.GlobalKeyReceiver.onReceive:21 
V/broadcast( 2423): End process ordered broadcast: com.gzgd.KEYEVENT to {com.gzgd.live/com.gzgd.live.globalkey.GlobalKeyReceiver}
W/ContextImpl( 1554): Calling a method in the system process without a qualified user: android.app.ContextImpl.sendBroadcast:1327 com.android.internal.policy.impl.PhoneWindowManager.interceptKeyBeforeDispatching:2462 com.android.server.wm.InputMonitor.interceptKeyBeforeDispatching:388 com.android.server.input.InputManagerService.interceptKeyBeforeDispatching:1470 <bottom of call stack> 
V/broadcast( 1554): Dispatching ordered broadcast: com.gzgd.KEYEVENT to ComponentInfo{com.gzgd.live/com.gzgd.live.globalkey.GlobalKeyReceiver}
V/broadcast( 2423): Start process ordered broadcast: com.gzgd.KEYEVENT to {com.gzgd.live/com.gzgd.live.globalkey.GlobalKeyReceiver}
W/ContextImpl( 2423): Calling a method in the system process without a qualified user: android.app.ContextImpl.startService:1692 android.content.ContextWrapper.startService:516 android.content.ContextWrapper.startService:516 com.gzgd.live.globalkey.GlobalKeyEventService.start:45 com.gzgd.live.globalkey.GlobalKeyReceiver.onReceive:21 
V/broadcast( 2423): End process ordered broadcast: com.gzgd.KEYEVENT to {com.gzgd.live/com.gzgd.live.globalkey.GlobalKeyReceiver}
W/ContextImpl( 1554): Calling a method in the system process without a qualified user: android.app.ContextImpl.sendBroadcast:1327 com.android.internal.policy.impl.PhoneWindowManager.interceptKeyBeforeDispatching:2462 com.android.server.wm.InputMonitor.interceptKeyBeforeDispatching:388 com.android.server.input.InputManagerService.interceptKeyBeforeDispatching:1470 <bottom of call stack> 
V/broadcast( 1554): Dispatching ordered broadcast: com.gzgd.KEYEVENT to ComponentInfo{com.gzgd.live/com.gzgd.live.globalkey.GlobalKeyReceiver}
V/broadcast( 2423): Start process ordered broadcast: com.gzgd.KEYEVENT to {com.gzgd.live/com.gzgd.live.globalkey.GlobalKeyReceiver}
W/ContextImpl( 2423): Calling a method in the system process without a qualified user: android.app.ContextImpl.startService:1692 android.content.ContextWrapper.startService:516 android.content.ContextWrapper.startService:516 com.gzgd.live.globalkey.GlobalKeyEventService.start:45 com.gzgd.live.globalkey.GlobalKeyReceiver.onReceive:21 
V/broadcast( 2423): End process ordered broadcast: com.gzgd.KEYEVENT to {com.gzgd.live/com.gzgd.live.globalkey.GlobalKeyReceiver}
D/WifiService( 1554): releaseWifiLockLocked: WifiLock{AndroidPlatformHelper type=3 binder=android.os.BinderProxy@17bb1439}
V/ActivityManager( 1554): set mstar.EnterOpaqueUI false
I/ActivityManager( 1554): TR3) TaskRecord{180d5ea3 #9 A=com.example.para U=0 sz=2}
I/ActivityManager( 1554): TR2) TaskRecord{32d372a0 #5 A=com.gzgd.webapp.elf U=0 sz=1}
W/ContextImpl( 1554): Calling a method in the system process without a qualified user: android.app.ContextImpl.sendBroadcast:1327 com.android.internal.policy.impl.PhoneWindowManager.interceptKeyBeforeDispatching:2462 com.android.server.wm.InputMonitor.interceptKeyBeforeDispatching:388 com.android.server.input.InputManagerService.interceptKeyBeforeDispatching:1470 <bottom of call stack> 
V/broadcast( 1554): Dispatching ordered broadcast: com.gzgd.KEYEVENT to ComponentInfo{com.gzgd.live/com.gzgd.live.globalkey.GlobalKeyReceiver}
V/broadcast( 2423): Start process ordered broadcast: com.gzgd.KEYEVENT to {com.gzgd.live/com.gzgd.live.globalkey.GlobalKeyReceiver}
W/ContextImpl( 2423): Calling a method in the system process without a qualified user: android.app.ContextImpl.startService:1692 android.content.ContextWrapper.startService:516 android.content.ContextWrapper.startService:516 com.gzgd.live.globalkey.GlobalKeyEventService.start:45 com.gzgd.live.globalkey.GlobalKeyReceiver.onReceive:21 
V/broadcast( 2423): End process ordered broadcast: com.gzgd.KEYEVENT to {com.gzgd.live/com.gzgd.live.globalkey.GlobalKeyReceiver}
V/ActivityManager( 1554): set mstar.EnterOpaqueUI false
I/WUGUAN  ( 1554): pkg = zime.ui
I/WUGUAN  ( 1554): axr.toString() = TaskRecord{32d372a0 #5 A=com.gzgd.webapp.elf U=0 sz=1}
I/WUGUAN  ( 1554): pkg = com.huawei.iptv.stb.videotalk.activity
I/WUGUAN  ( 1554): axr.toString() = TaskRecord{32d372a0 #5 A=com.gzgd.webapp.elf U=0 sz=1}
I/WUGUAN  ( 1554): pkg = hw.media.singletest
I/WUGUAN  ( 1554): axr.toString() = TaskRecord{32d372a0 #5 A=com.gzgd.webapp.elf U=0 sz=1}
I/WUGUAN  ( 1554): pkg = com.huawei.videoengineapp
I/WUGUAN  ( 1554): axr.toString() = TaskRecord{32d372a0 #5 A=com.gzgd.webapp.elf U=0 sz=1}
I/ActivityManager( 1554): TR3) TaskRecord{32d372a0 #5 A=com.gzgd.webapp.elf U=0 sz=1}
I/ActivityManager( 1554): TR2) TaskRecord{180d5ea3 #9 A=com.example.para U=0 sz=1}
I/ActivityManager( 1554): TR3) TaskRecord{32d372a0 #5 A=com.gzgd.webapp.elf U=0 sz=1}
I/ActivityManager( 1554): TR2) TaskRecord{180d5ea3 #9 A=com.example.para U=0 sz=1}
I/ValidateNoPeople( 1554): skipping global notification
V/broadcast( 1554): Start process parallel broadcast: android.intent.action.TIME_TICK to com.android.server.AlarmManagerService$ClockReceiver@3955c6cc
V/broadcast( 1554): End process parallel broadcast: android.intent.action.TIME_TICK to com.android.server.AlarmManagerService$ClockReceiver@3955c6cc
V/broadcast( 1747): Start process parallel broadcast: android.intent.action.TIME_TICK to com.android.keyguard.KeyguardUpdateMonitor$3@3d54af6d
V/broadcast( 1747): End process parallel broadcast: android.intent.action.TIME_TICK to com.android.keyguard.KeyguardUpdateMonitor$3@3d54af6d
V/broadcast( 1747): Start process parallel broadcast: android.intent.action.TIME_TICK to com.android.systemui.statusbar.KeyguardIndicationController$2@29d0c0b4
V/broadcast( 1747): End process parallel broadcast: android.intent.action.TIME_TICK to com.android.systemui.statusbar.KeyguardIndicationController$2@29d0c0b4
V/broadcast( 1747): Start process parallel broadcast: android.intent.action.TIME_TICK to com.android.systemui.statusbar.policy.Clock$1@27019886
V/broadcast( 1747): End process parallel broadcast: android.intent.action.TIME_TICK to com.android.systemui.statusbar.policy.Clock$1@27019886
V/broadcast( 1747): Start process parallel broadcast: android.intent.action.TIME_TICK to android.widget.TextClock$2@1f4eb712
V/broadcast( 1747): End process parallel broadcast: android.intent.action.TIME_TICK to android.widget.TextClock$2@1f4eb712
V/broadcast( 1747): Start process parallel broadcast: android.intent.action.TIME_TICK to android.widget.TextClock$2@3a379ee3
V/broadcast( 1747): End process parallel broadcast: android.intent.action.TIME_TICK to android.widget.TextClock$2@3a379ee3
V/broadcast( 1747): Start process parallel broadcast: android.intent.action.TIME_TICK to com.android.systemui.statusbar.policy.DateView$1@3ddd325e
V/broadcast( 1747): End process parallel broadcast: android.intent.action.TIME_TICK to com.android.systemui.statusbar.policy.DateView$1@3ddd325e
V/broadcast( 1747): Start process parallel broadcast: android.intent.action.TIME_TICK to com.android.systemui.statusbar.policy.DateView$1@f3b463f
V/broadcast( 1747): End process parallel broadcast: android.intent.action.TIME_TICK to com.android.systemui.statusbar.policy.DateView$1@f3b463f
V/broadcast( 1747): Start process parallel broadcast: android.intent.action.TIME_TICK to android.widget.TextClock$2@2d4bcc55
V/broadcast( 1747): End process parallel broadcast: android.intent.action.TIME_TICK to android.widget.TextClock$2@2d4bcc55
V/broadcast( 1747): Start process parallel broadcast: android.intent.action.TIME_TICK to android.widget.TextClock$2@46166a
V/broadcast( 1747): End process parallel broadcast: android.intent.action.TIME_TICK to android.widget.TextClock$2@46166a
V/broadcast( 1747): Start process parallel broadcast: android.intent.action.TIME_TICK to android.widget.DateTimeView$ReceiverInfo$1@1a41ce0f
V/broadcast( 1747): End process parallel broadcast: android.intent.action.TIME_TICK to android.widget.DateTimeView$ReceiverInfo$1@1a41ce0f
W/ContextImpl( 1554): Calling a method in the system process without a qualified user: android.app.ContextImpl.sendBroadcast:1327 com.android.internal.policy.impl.PhoneWindowManager.interceptKeyBeforeDispatching:2462 com.android.server.wm.InputMonitor.interceptKeyBeforeDispatching:388 com.android.server.input.InputManagerService.interceptKeyBeforeDispatching:1470 <bottom of call stack> 
V/broadcast( 1554): Dispatching ordered broadcast: com.gzgd.KEYEVENT to ComponentInfo{com.gzgd.live/com.gzgd.live.globalkey.GlobalKeyReceiver}
V/broadcast( 2423): Start process ordered broadcast: com.gzgd.KEYEVENT to {com.gzgd.live/com.gzgd.live.globalkey.GlobalKeyReceiver}
W/ContextImpl( 2423): Calling a method in the system process without a qualified user: android.app.ContextImpl.startService:1692 android.content.ContextWrapper.startService:516 android.content.ContextWrapper.startService:516 com.gzgd.live.globalkey.GlobalKeyEventService.start:45 com.gzgd.live.globalkey.GlobalKeyReceiver.onReceive:21 
V/broadcast( 2423): End process ordered broadcast: com.gzgd.KEYEVENT to {com.gzgd.live/com.gzgd.live.globalkey.GlobalKeyReceiver}
W/ContextImpl( 1554): Calling a method in the system process without a qualified user: android.app.ContextImpl.sendBroadcast:1327 com.android.internal.policy.impl.PhoneWindowManager.interceptKeyBeforeDispatching:2462 com.android.server.wm.InputMonitor.interceptKeyBeforeDispatching:388 com.android.server.input.InputManagerService.interceptKeyBeforeDispatching:1470 <bottom of call stack> 
V/broadcast( 1554): Dispatching ordered broadcast: com.gzgd.KEYEVENT to ComponentInfo{com.gzgd.live/com.gzgd.live.globalkey.GlobalKeyReceiver}
V/broadcast( 2423): Start process ordered broadcast: com.gzgd.KEYEVENT to {com.gzgd.live/com.gzgd.live.globalkey.GlobalKeyReceiver}
W/ContextImpl( 2423): Calling a method in the system process without a qualified user: android.app.ContextImpl.startService:1692 android.content.ContextWrapper.startService:516 android.content.ContextWrapper.startService:516 com.gzgd.live.globalkey.GlobalKeyEventService.start:45 com.gzgd.live.globalkey.GlobalKeyReceiver.onReceive:21 
V/broadcast( 2423): End process ordered broadcast: com.gzgd.KEYEVENT to {com.gzgd.live/com.gzgd.live.globalkey.GlobalKeyReceiver}
W/ContextImpl( 1554): Calling a method in the system process without a qualified user: android.app.ContextImpl.sendBroadcast:1327 com.android.internal.policy.impl.PhoneWindowManager.interceptKeyBeforeDispatching:2462 com.android.server.wm.InputMonitor.interceptKeyBeforeDispatching:388 com.android.server.input.InputManagerService.interceptKeyBeforeDispatching:1470 <bottom of call stack> 
V/broadcast( 1554): Dispatching ordered broadcast: com.gzgd.KEYEVENT to ComponentInfo{com.gzgd.live/com.gzgd.live.globalkey.GlobalKeyReceiver}
V/broadcast( 2423): Start process ordered broadcast: com.gzgd.KEYEVENT to {com.gzgd.live/com.gzgd.live.globalkey.GlobalKeyReceiver}
W/ContextImpl( 2423): Calling a method in the system process without a qualified user: android.app.ContextImpl.startService:1692 android.content.ContextWrapper.startService:516 android.content.ContextWrapper.startService:516 com.gzgd.live.globalkey.GlobalKeyEventService.start:45 com.gzgd.live.globalkey.GlobalKeyReceiver.onReceive:21 
V/broadcast( 2423): End process ordered broadcast: com.gzgd.KEYEVENT to {com.gzgd.live/com.gzgd.live.globalkey.GlobalKeyReceiver}
W/ContextImpl( 1554): Calling a method in the system process without a qualified user: android.app.ContextImpl.sendBroadcast:1327 com.android.internal.policy.impl.PhoneWindowManager.interceptKeyBeforeDispatching:2462 com.android.server.wm.InputMonitor.interceptKeyBeforeDispatching:388 com.android.server.input.InputManagerService.interceptKeyBeforeDispatching:1470 <bottom of call stack> 
V/broadcast( 1554): Dispatching ordered broadcast: com.gzgd.KEYEVENT to ComponentInfo{com.gzgd.live/com.gzgd.live.globalkey.GlobalKeyReceiver}
V/broadcast( 2423): Start process ordered broadcast: com.gzgd.KEYEVENT to {com.gzgd.live/com.gzgd.live.globalkey.GlobalKeyReceiver}
W/ContextImpl( 2423): Calling a method in the system process without a qualified user: android.app.ContextImpl.startService:1692 android.content.ContextWrapper.startService:516 android.content.ContextWrapper.startService:516 com.gzgd.live.globalkey.GlobalKeyEventService.start:45 com.gzgd.live.globalkey.GlobalKeyReceiver.onReceive:21 
V/broadcast( 2423): End process ordered broadcast: com.gzgd.KEYEVENT to {com.gzgd.live/com.gzgd.live.globalkey.GlobalKeyReceiver}
W/ContextImpl( 1554): Calling a method in the system process without a qualified user: android.app.ContextImpl.sendBroadcast:1327 com.android.internal.policy.impl.PhoneWindowManager.interceptKeyBeforeDispatching:2462 com.android.server.wm.InputMonitor.interceptKeyBeforeDispatching:388 com.android.server.input.InputManagerService.interceptKeyBeforeDispatching:1470 <bottom of call stack> 
V/broadcast( 1554): Dispatching ordered broadcast: com.gzgd.KEYEVENT to ComponentInfo{com.gzgd.live/com.gzgd.live.globalkey.GlobalKeyReceiver}
V/broadcast( 2423): Start process ordered broadcast: com.gzgd.KEYEVENT to {com.gzgd.live/com.gzgd.live.globalkey.GlobalKeyReceiver}
W/ContextImpl( 2423): Calling a method in the system process without a qualified user: android.app.ContextImpl.startService:1692 android.content.ContextWrapper.startService:516 android.content.ContextWrapper.startService:516 com.gzgd.live.globalkey.GlobalKeyEventService.start:45 com.gzgd.live.globalkey.GlobalKeyReceiver.onReceive:21 
V/broadcast( 2423): End process ordered broadcast: com.gzgd.KEYEVENT to {com.gzgd.live/com.gzgd.live.globalkey.GlobalKeyReceiver}
W/ContextImpl( 1554): Calling a method in the system process without a qualified user: android.app.ContextImpl.sendBroadcast:1327 com.android.internal.policy.impl.PhoneWindowManager.interceptKeyBeforeDispatching:2462 com.android.server.wm.InputMonitor.interceptKeyBeforeDispatching:388 com.android.server.input.InputManagerService.interceptKeyBeforeDispatching:1470 <bottom of call stack> 
V/broadcast( 1554): Dispatching ordered broadcast: com.gzgd.KEYEVENT to ComponentInfo{com.gzgd.live/com.gzgd.live.globalkey.GlobalKeyReceiver}
V/broadcast( 2423): Start process ordered broadcast: com.gzgd.KEYEVENT to {com.gzgd.live/com.gzgd.live.globalkey.GlobalKeyReceiver}
W/ContextImpl( 2423): Calling a method in the system process without a qualified user: android.app.ContextImpl.startService:1692 android.content.ContextWrapper.startService:516 android.content.ContextWrapper.startService:516 com.gzgd.live.globalkey.GlobalKeyEventService.start:45 com.gzgd.live.globalkey.GlobalKeyReceiver.onReceive:21 
V/broadcast( 2423): End process ordered broadcast: com.gzgd.KEYEVENT to {com.gzgd.live/com.gzgd.live.globalkey.GlobalKeyReceiver}
W/ContextImpl( 1554): Calling a method in the system process without a qualified user: android.app.ContextImpl.sendBroadcast:1327 com.android.internal.policy.impl.PhoneWindowManager.interceptKeyBeforeDispatching:2462 com.android.server.wm.InputMonitor.interceptKeyBeforeDispatching:388 com.android.server.input.InputManagerService.interceptKeyBeforeDispatching:1470 <bottom of call stack> 
V/broadcast( 1554): Dispatching ordered broadcast: com.gzgd.KEYEVENT to ComponentInfo{com.gzgd.live/com.gzgd.live.globalkey.GlobalKeyReceiver}
V/broadcast( 2423): Start process ordered broadcast: com.gzgd.KEYEVENT to {com.gzgd.live/com.gzgd.live.globalkey.GlobalKeyReceiver}
W/ContextImpl( 2423): Calling a method in the system process without a qualified user: android.app.ContextImpl.startService:1692 android.content.ContextWrapper.startService:516 android.content.ContextWrapper.startService:516 com.gzgd.live.globalkey.GlobalKeyEventService.start:45 com.gzgd.live.globalkey.GlobalKeyReceiver.onReceive:21 
V/broadcast( 2423): End process ordered broadcast: com.gzgd.KEYEVENT to {com.gzgd.live/com.gzgd.live.globalkey.GlobalKeyReceiver}
W/ContextImpl( 1554): Calling a method in the system process without a qualified user: android.app.ContextImpl.sendBroadcast:1327 com.android.internal.policy.impl.PhoneWindowManager.interceptKeyBeforeDispatching:2462 com.android.server.wm.InputMonitor.interceptKeyBeforeDispatching:388 com.android.server.input.InputManagerService.interceptKeyBeforeDispatching:1470 <bottom of call stack> 
V/broadcast( 1554): Dispatching ordered broadcast: com.gzgd.KEYEVENT to ComponentInfo{com.gzgd.live/com.gzgd.live.globalkey.GlobalKeyReceiver}
V/broadcast( 2423): Start process ordered broadcast: com.gzgd.KEYEVENT to {com.gzgd.live/com.gzgd.live.globalkey.GlobalKeyReceiver}
W/ContextImpl( 2423): Calling a method in the system process without a qualified user: android.app.ContextImpl.startService:1692 android.content.ContextWrapper.startService:516 android.content.ContextWrapper.startService:516 com.gzgd.live.globalkey.GlobalKeyEventService.start:45 com.gzgd.live.globalkey.GlobalKeyReceiver.onReceive:21 
V/broadcast( 2423): End process ordered broadcast: com.gzgd.KEYEVENT to {com.gzgd.live/com.gzgd.live.globalkey.GlobalKeyReceiver}
W/ContextImpl( 1554): Calling a method in the system process without a qualified user: android.app.ContextImpl.sendBroadcast:1327 com.android.internal.policy.impl.PhoneWindowManager.interceptKeyBeforeDispatching:2462 com.android.server.wm.InputMonitor.interceptKeyBeforeDispatching:388 com.android.server.input.InputManagerService.interceptKeyBeforeDispatching:1470 <bottom of call stack> 
V/broadcast( 1554): Dispatching ordered broadcast: com.gzgd.KEYEVENT to ComponentInfo{com.gzgd.live/com.gzgd.live.globalkey.GlobalKeyReceiver}
V/broadcast( 2423): Start process ordered broadcast: com.gzgd.KEYEVENT to {com.gzgd.live/com.gzgd.live.globalkey.GlobalKeyReceiver}
W/ContextImpl( 2423): Calling a method in the system process without a qualified user: android.app.ContextImpl.startService:1692 android.content.ContextWrapper.startService:516 android.content.ContextWrapper.startService:516 com.gzgd.live.globalkey.GlobalKeyEventService.start:45 com.gzgd.live.globalkey.GlobalKeyReceiver.onReceive:21 
V/broadcast( 2423): End process ordered broadcast: com.gzgd.KEYEVENT to {com.gzgd.live/com.gzgd.live.globalkey.GlobalKeyReceiver}
W/ContextImpl( 1554): Calling a method in the system process without a qualified user: android.app.ContextImpl.sendBroadcast:1327 com.android.internal.policy.impl.PhoneWindowManager.interceptKeyBeforeDispatching:2462 com.android.server.wm.InputMonitor.interceptKeyBeforeDispatching:388 com.android.server.input.InputManagerService.interceptKeyBeforeDispatching:1470 <bottom of call stack> 
V/broadcast( 1554): Dispatching ordered broadcast: com.gzgd.KEYEVENT to ComponentInfo{com.gzgd.live/com.gzgd.live.globalkey.GlobalKeyReceiver}
V/broadcast( 2423): Start process ordered broadcast: com.gzgd.KEYEVENT to {com.gzgd.live/com.gzgd.live.globalkey.GlobalKeyReceiver}
W/ContextImpl( 2423): Calling a method in the system process without a qualified user: android.app.ContextImpl.startService:1692 android.content.ContextWrapper.startService:516 android.content.ContextWrapper.startService:516 com.gzgd.live.globalkey.GlobalKeyEventService.start:45 com.gzgd.live.globalkey.GlobalKeyReceiver.onReceive:21 
V/broadcast( 2423): End process ordered broadcast: com.gzgd.KEYEVENT to {com.gzgd.live/com.gzgd.live.globalkey.GlobalKeyReceiver}
W/ContextImpl( 1554): Calling a method in the system process without a qualified user: android.app.ContextImpl.sendBroadcast:1327 com.android.internal.policy.impl.PhoneWindowManager.interceptKeyBeforeDispatching:2462 com.android.server.wm.InputMonitor.interceptKeyBeforeDispatching:388 com.android.server.input.InputManagerService.interceptKeyBeforeDispatching:1470 <bottom of call stack> 
V/broadcast( 1554): Dispatching ordered broadcast: com.gzgd.KEYEVENT to ComponentInfo{com.gzgd.live/com.gzgd.live.globalkey.GlobalKeyReceiver}
V/broadcast( 2423): Start process ordered broadcast: com.gzgd.KEYEVENT to {com.gzgd.live/com.gzgd.live.globalkey.GlobalKeyReceiver}
W/ContextImpl( 2423): Calling a method in the system process without a qualified user: android.app.ContextImpl.startService:1692 android.content.ContextWrapper.startService:516 android.content.ContextWrapper.startService:516 com.gzgd.live.globalkey.GlobalKeyEventService.start:45 com.gzgd.live.globalkey.GlobalKeyReceiver.onReceive:21 
V/broadcast( 2423): End process ordered broadcast: com.gzgd.KEYEVENT to {com.gzgd.live/com.gzgd.live.globalkey.GlobalKeyReceiver}
W/ContextImpl( 1554): Calling a method in the system process without a qualified user: android.app.ContextImpl.sendBroadcast:1327 com.android.internal.policy.impl.PhoneWindowManager.interceptKeyBeforeDispatching:2462 com.android.server.wm.InputMonitor.interceptKeyBeforeDispatching:388 com.android.server.input.InputManagerService.interceptKeyBeforeDispatching:1470 <bottom of call stack> 
V/broadcast( 1554): Dispatching ordered broadcast: com.gzgd.KEYEVENT to ComponentInfo{com.gzgd.live/com.gzgd.live.globalkey.GlobalKeyReceiver}
V/broadcast( 2423): Start process ordered broadcast: com.gzgd.KEYEVENT to {com.gzgd.live/com.gzgd.live.globalkey.GlobalKeyReceiver}
W/ContextImpl( 2423): Calling a method in the system process without a qualified user: android.app.ContextImpl.startService:1692 android.content.ContextWrapper.startService:516 android.content.ContextWrapper.startService:516 com.gzgd.live.globalkey.GlobalKeyEventService.start:45 com.gzgd.live.globalkey.GlobalKeyReceiver.onReceive:21 
V/broadcast( 2423): End process ordered broadcast: com.gzgd.KEYEVENT to {com.gzgd.live/com.gzgd.live.globalkey.GlobalKeyReceiver}
W/ContextImpl( 1554): Calling a method in the system process without a qualified user: android.app.ContextImpl.sendBroadcast:1327 com.android.internal.policy.impl.PhoneWindowManager.interceptKeyBeforeDispatching:2462 com.android.server.wm.InputMonitor.interceptKeyBeforeDispatching:388 com.android.server.input.InputManagerService.interceptKeyBeforeDispatching:1470 <bottom of call stack> 
V/broadcast( 1554): Dispatching ordered broadcast: com.gzgd.KEYEVENT to ComponentInfo{com.gzgd.live/com.gzgd.live.globalkey.GlobalKeyReceiver}
V/broadcast( 2423): Start process ordered broadcast: com.gzgd.KEYEVENT to {com.gzgd.live/com.gzgd.live.globalkey.GlobalKeyReceiver}
W/ContextImpl( 2423): Calling a method in the system process without a qualified user: android.app.ContextImpl.startService:1692 android.content.ContextWrapper.startService:516 android.content.ContextWrapper.startService:516 com.gzgd.live.globalkey.GlobalKeyEventService.start:45 com.gzgd.live.globalkey.GlobalKeyReceiver.onReceive:21 
V/broadcast( 2423): End process ordered broadcast: com.gzgd.KEYEVENT to {com.gzgd.live/com.gzgd.live.globalkey.GlobalKeyReceiver}
W/ContextImpl( 1554): Calling a method in the system process without a qualified user: android.app.ContextImpl.sendBroadcast:1327 com.android.internal.policy.impl.PhoneWindowManager.interceptKeyBeforeDispatching:2462 com.android.server.wm.InputMonitor.interceptKeyBeforeDispatching:388 com.android.server.input.InputManagerService.interceptKeyBeforeDispatching:1470 <bottom of call stack> 
V/broadcast( 1554): Dispatching ordered broadcast: com.gzgd.KEYEVENT to ComponentInfo{com.gzgd.live/com.gzgd.live.globalkey.GlobalKeyReceiver}
V/broadcast( 2423): Start process ordered broadcast: com.gzgd.KEYEVENT to {com.gzgd.live/com.gzgd.live.globalkey.GlobalKeyReceiver}
W/ContextImpl( 2423): Calling a method in the system process without a qualified user: android.app.ContextImpl.startService:1692 android.content.ContextWrapper.startService:516 android.content.ContextWrapper.startService:516 com.gzgd.live.globalkey.GlobalKeyEventService.start:45 com.gzgd.live.globalkey.GlobalKeyReceiver.onReceive:21 
V/broadcast( 2423): End process ordered broadcast: com.gzgd.KEYEVENT to {com.gzgd.live/com.gzgd.live.globalkey.GlobalKeyReceiver}
W/ContextImpl( 1554): Calling a method in the system process without a qualified user: android.app.ContextImpl.sendBroadcast:1327 com.android.internal.policy.impl.PhoneWindowManager.interceptKeyBeforeDispatching:2462 com.android.server.wm.InputMonitor.interceptKeyBeforeDispatching:388 com.android.server.input.InputManagerService.interceptKeyBeforeDispatching:1470 <bottom of call stack> 
V/broadcast( 1554): Dispatching ordered broadcast: com.gzgd.KEYEVENT to ComponentInfo{com.gzgd.live/com.gzgd.live.globalkey.GlobalKeyReceiver}
V/broadcast( 2423): Start process ordered broadcast: com.gzgd.KEYEVENT to {com.gzgd.live/com.gzgd.live.globalkey.GlobalKeyReceiver}
W/ContextImpl( 2423): Calling a method in the system process without a qualified user: android.app.ContextImpl.startService:1692 android.content.ContextWrapper.startService:516 android.content.ContextWrapper.startService:516 com.gzgd.live.globalkey.GlobalKeyEventService.start:45 com.gzgd.live.globalkey.GlobalKeyReceiver.onReceive:21 
V/broadcast( 2423): End process ordered broadcast: com.gzgd.KEYEVENT to {com.gzgd.live/com.gzgd.live.globalkey.GlobalKeyReceiver}
W/ContextImpl( 1554): Calling a method in the system process without a qualified user: android.app.ContextImpl.sendBroadcast:1327 com.android.internal.policy.impl.PhoneWindowManager.interceptKeyBeforeDispatching:2462 com.android.server.wm.InputMonitor.interceptKeyBeforeDispatching:388 com.android.server.input.InputManagerService.interceptKeyBeforeDispatching:1470 <bottom of call stack> 
V/broadcast( 1554): Dispatching ordered broadcast: com.gzgd.KEYEVENT to ComponentInfo{com.gzgd.live/com.gzgd.live.globalkey.GlobalKeyReceiver}
V/broadcast( 2423): Start process ordered broadcast: com.gzgd.KEYEVENT to {com.gzgd.live/com.gzgd.live.globalkey.GlobalKeyReceiver}
W/ContextImpl( 2423): Calling a method in the system process without a qualified user: android.app.ContextImpl.startService:1692 android.content.ContextWrapper.startService:516 android.content.ContextWrapper.startService:516 com.gzgd.live.globalkey.GlobalKeyEventService.start:45 com.gzgd.live.globalkey.GlobalKeyReceiver.onReceive:21 
V/broadcast( 2423): End process ordered broadcast: com.gzgd.KEYEVENT to {com.gzgd.live/com.gzgd.live.globalkey.GlobalKeyReceiver}
W/ContextImpl( 1554): Calling a method in the system process without a qualified user: android.app.ContextImpl.sendBroadcast:1327 com.android.internal.policy.impl.PhoneWindowManager.interceptKeyBeforeDispatching:2462 com.android.server.wm.InputMonitor.interceptKeyBeforeDispatching:388 com.android.server.input.InputManagerService.interceptKeyBeforeDispatching:1470 <bottom of call stack> 
V/broadcast( 1554): Dispatching ordered broadcast: com.gzgd.KEYEVENT to ComponentInfo{com.gzgd.live/com.gzgd.live.globalkey.GlobalKeyReceiver}
V/broadcast( 2423): Start process ordered broadcast: com.gzgd.KEYEVENT to {com.gzgd.live/com.gzgd.live.globalkey.GlobalKeyReceiver}
W/ContextImpl( 2423): Calling a method in the system process without a qualified user: android.app.ContextImpl.startService:1692 android.content.ContextWrapper.startService:516 android.content.ContextWrapper.startService:516 com.gzgd.live.globalkey.GlobalKeyEventService.start:45 com.gzgd.live.globalkey.GlobalKeyReceiver.onReceive:21 
V/broadcast( 2423): End process ordered broadcast: com.gzgd.KEYEVENT to {com.gzgd.live/com.gzgd.live.globalkey.GlobalKeyReceiver}
W/ContextImpl( 1554): Calling a method in the system process without a qualified user: android.app.ContextImpl.sendBroadcast:1327 com.android.internal.policy.impl.PhoneWindowManager.interceptKeyBeforeDispatching:2462 com.android.server.wm.InputMonitor.interceptKeyBeforeDispatching:388 com.android.server.input.InputManagerService.interceptKeyBeforeDispatching:1470 <bottom of call stack> 
V/broadcast( 1554): Dispatching ordered broadcast: com.gzgd.KEYEVENT to ComponentInfo{com.gzgd.live/com.gzgd.live.globalkey.GlobalKeyReceiver}
V/broadcast( 2423): Start process ordered broadcast: com.gzgd.KEYEVENT to {com.gzgd.live/com.gzgd.live.globalkey.GlobalKeyReceiver}
W/ContextImpl( 2423): Calling a method in the system process without a qualified user: android.app.ContextImpl.startService:1692 android.content.ContextWrapper.startService:516 android.content.ContextWrapper.startService:516 com.gzgd.live.globalkey.GlobalKeyEventService.start:45 com.gzgd.live.globalkey.GlobalKeyReceiver.onReceive:21 
V/broadcast( 2423): End process ordered broadcast: com.gzgd.KEYEVENT to {com.gzgd.live/com.gzgd.live.globalkey.GlobalKeyReceiver}
W/ContextImpl( 1554): Calling a method in the system process without a qualified user: android.app.ContextImpl.sendBroadcast:1327 com.android.internal.policy.impl.PhoneWindowManager.interceptKeyBeforeDispatching:2462 com.android.server.wm.InputMonitor.interceptKeyBeforeDispatching:388 com.android.server.input.InputManagerService.interceptKeyBeforeDispatching:1470 <bottom of call stack> 
V/broadcast( 1554): Dispatching ordered broadcast: com.gzgd.KEYEVENT to ComponentInfo{com.gzgd.live/com.gzgd.live.globalkey.GlobalKeyReceiver}
V/broadcast( 2423): Start process ordered broadcast: com.gzgd.KEYEVENT to {com.gzgd.live/com.gzgd.live.globalkey.GlobalKeyReceiver}
W/ContextImpl( 2423): Calling a method in the system process without a qualified user: android.app.ContextImpl.startService:1692 android.content.ContextWrapper.startService:516 android.content.ContextWrapper.startService:516 com.gzgd.live.globalkey.GlobalKeyEventService.start:45 com.gzgd.live.globalkey.GlobalKeyReceiver.onReceive:21 
V/broadcast( 2423): End process ordered broadcast: com.gzgd.KEYEVENT to {com.gzgd.live/com.gzgd.live.globalkey.GlobalKeyReceiver}
W/ContextImpl( 1554): Calling a method in the system process without a qualified user: android.app.ContextImpl.sendBroadcast:1327 com.android.internal.policy.impl.PhoneWindowManager.interceptKeyBeforeDispatching:2462 com.android.server.wm.InputMonitor.interceptKeyBeforeDispatching:388 com.android.server.input.InputManagerService.interceptKeyBeforeDispatching:1470 <bottom of call stack> 
V/broadcast( 1554): Dispatching ordered broadcast: com.gzgd.KEYEVENT to ComponentInfo{com.gzgd.live/com.gzgd.live.globalkey.GlobalKeyReceiver}
V/broadcast( 2423): Start process ordered broadcast: com.gzgd.KEYEVENT to {com.gzgd.live/com.gzgd.live.globalkey.GlobalKeyReceiver}
W/ContextImpl( 2423): Calling a method in the system process without a qualified user: android.app.ContextImpl.startService:1692 android.content.ContextWrapper.startService:516 android.content.ContextWrapper.startService:516 com.gzgd.live.globalkey.GlobalKeyEventService.start:45 com.gzgd.live.globalkey.GlobalKeyReceiver.onReceive:21 
V/broadcast( 2423): End process ordered broadcast: com.gzgd.KEYEVENT to {com.gzgd.live/com.gzgd.live.globalkey.GlobalKeyReceiver}
W/ContextImpl( 1554): Calling a method in the system process without a qualified user: android.app.ContextImpl.sendBroadcast:1327 com.android.internal.policy.impl.PhoneWindowManager.interceptKeyBeforeDispatching:2462 com.android.server.wm.InputMonitor.interceptKeyBeforeDispatching:388 com.android.server.input.InputManagerService.interceptKeyBeforeDispatching:1470 <bottom of call stack> 
V/broadcast( 1554): Dispatching ordered broadcast: com.gzgd.KEYEVENT to ComponentInfo{com.gzgd.live/com.gzgd.live.globalkey.GlobalKeyReceiver}
V/broadcast( 2423): Start process ordered broadcast: com.gzgd.KEYEVENT to {com.gzgd.live/com.gzgd.live.globalkey.GlobalKeyReceiver}
W/ContextImpl( 2423): Calling a method in the system process without a qualified user: android.app.ContextImpl.startService:1692 android.content.ContextWrapper.startService:516 android.content.ContextWrapper.startService:516 com.gzgd.live.globalkey.GlobalKeyEventService.start:45 com.gzgd.live.globalkey.GlobalKeyReceiver.onReceive:21 
V/broadcast( 2423): End process ordered broadcast: com.gzgd.KEYEVENT to {com.gzgd.live/com.gzgd.live.globalkey.GlobalKeyReceiver}
W/ContextImpl( 1554): Calling a method in the system process without a qualified user: android.app.ContextImpl.sendBroadcast:1327 com.android.internal.policy.impl.PhoneWindowManager.interceptKeyBeforeDispatching:2462 com.android.server.wm.InputMonitor.interceptKeyBeforeDispatching:388 com.android.server.input.InputManagerService.interceptKeyBeforeDispatching:1470 <bottom of call stack> 
V/broadcast( 1554): Dispatching ordered broadcast: com.gzgd.KEYEVENT to ComponentInfo{com.gzgd.live/com.gzgd.live.globalkey.GlobalKeyReceiver}
V/broadcast( 2423): Start process ordered broadcast: com.gzgd.KEYEVENT to {com.gzgd.live/com.gzgd.live.globalkey.GlobalKeyReceiver}
W/ContextImpl( 2423): Calling a method in the system process without a qualified user: android.app.ContextImpl.startService:1692 android.content.ContextWrapper.startService:516 android.content.ContextWrapper.startService:516 com.gzgd.live.globalkey.GlobalKeyEventService.start:45 com.gzgd.live.globalkey.GlobalKeyReceiver.onReceive:21 
V/broadcast( 2423): End process ordered broadcast: com.gzgd.KEYEVENT to {com.gzgd.live/com.gzgd.live.globalkey.GlobalKeyReceiver}
W/ContextImpl( 1554): Calling a method in the system process without a qualified user: android.app.ContextImpl.sendBroadcast:1327 com.android.internal.policy.impl.PhoneWindowManager.interceptKeyBeforeDispatching:2462 com.android.server.wm.InputMonitor.interceptKeyBeforeDispatching:388 com.android.server.input.InputManagerService.interceptKeyBeforeDispatching:1470 <bottom of call stack> 
V/broadcast( 1554): Dispatching ordered broadcast: com.gzgd.KEYEVENT to ComponentInfo{com.gzgd.live/com.gzgd.live.globalkey.GlobalKeyReceiver}
V/broadcast( 2423): Start process ordered broadcast: com.gzgd.KEYEVENT to {com.gzgd.live/com.gzgd.live.globalkey.GlobalKeyReceiver}
W/ContextImpl( 2423): Calling a method in the system process without a qualified user: android.app.ContextImpl.startService:1692 android.content.ContextWrapper.startService:516 android.content.ContextWrapper.startService:516 com.gzgd.live.globalkey.GlobalKeyEventService.start:45 com.gzgd.live.globalkey.GlobalKeyReceiver.onReceive:21 
V/broadcast( 2423): End process ordered broadcast: com.gzgd.KEYEVENT to {com.gzgd.live/com.gzgd.live.globalkey.GlobalKeyReceiver}
W/ContextImpl( 1554): Calling a method in the system process without a qualified user: android.app.ContextImpl.sendBroadcast:1327 com.android.internal.policy.impl.PhoneWindowManager.interceptKeyBeforeDispatching:2462 com.android.server.wm.InputMonitor.interceptKeyBeforeDispatching:388 com.android.server.input.InputManagerService.interceptKeyBeforeDispatching:1470 <bottom of call stack> 
V/broadcast( 1554): Dispatching ordered broadcast: com.gzgd.KEYEVENT to ComponentInfo{com.gzgd.live/com.gzgd.live.globalkey.GlobalKeyReceiver}
V/broadcast( 2423): Start process ordered broadcast: com.gzgd.KEYEVENT to {com.gzgd.live/com.gzgd.live.globalkey.GlobalKeyReceiver}
W/ContextImpl( 2423): Calling a method in the system process without a qualified user: android.app.ContextImpl.startService:1692 android.content.ContextWrapper.startService:516 android.content.ContextWrapper.startService:516 com.gzgd.live.globalkey.GlobalKeyEventService.start:45 com.gzgd.live.globalkey.GlobalKeyReceiver.onReceive:21 
V/broadcast( 2423): End process ordered broadcast: com.gzgd.KEYEVENT to {com.gzgd.live/com.gzgd.live.globalkey.GlobalKeyReceiver}
W/ContextImpl( 1554): Calling a method in the system process without a qualified user: android.app.ContextImpl.sendBroadcast:1327 com.android.internal.policy.impl.PhoneWindowManager.interceptKeyBeforeDispatching:2462 com.android.server.wm.InputMonitor.interceptKeyBeforeDispatching:388 com.android.server.input.InputManagerService.interceptKeyBeforeDispatching:1470 <bottom of call stack> 
V/broadcast( 1554): Dispatching ordered broadcast: com.gzgd.KEYEVENT to ComponentInfo{com.gzgd.live/com.gzgd.live.globalkey.GlobalKeyReceiver}
V/broadcast( 2423): Start process ordered broadcast: com.gzgd.KEYEVENT to {com.gzgd.live/com.gzgd.live.globalkey.GlobalKeyReceiver}
W/ContextImpl( 2423): Calling a method in the system process without a qualified user: android.app.ContextImpl.startService:1692 android.content.ContextWrapper.startService:516 android.content.ContextWrapper.startService:516 com.gzgd.live.globalkey.GlobalKeyEventService.start:45 com.gzgd.live.globalkey.GlobalKeyReceiver.onReceive:21 
V/broadcast( 2423): End process ordered broadcast: com.gzgd.KEYEVENT to {com.gzgd.live/com.gzgd.live.globalkey.GlobalKeyReceiver}
W/ContextImpl( 1554): Calling a method in the system process without a qualified user: android.app.ContextImpl.sendBroadcast:1327 com.android.internal.policy.impl.PhoneWindowManager.interceptKeyBeforeDispatching:2462 com.android.server.wm.InputMonitor.interceptKeyBeforeDispatching:388 com.android.server.input.InputManagerService.interceptKeyBeforeDispatching:1470 <bottom of call stack> 
V/broadcast( 1554): Dispatching ordered broadcast: com.gzgd.KEYEVENT to ComponentInfo{com.gzgd.live/com.gzgd.live.globalkey.GlobalKeyReceiver}
V/broadcast( 2423): Start process ordered broadcast: com.gzgd.KEYEVENT to {com.gzgd.live/com.gzgd.live.globalkey.GlobalKeyReceiver}
W/ContextImpl( 2423): Calling a method in the system process without a qualified user: android.app.ContextImpl.startService:1692 android.content.ContextWrapper.startService:516 android.content.ContextWrapper.startService:516 com.gzgd.live.globalkey.GlobalKeyEventService.start:45 com.gzgd.live.globalkey.GlobalKeyReceiver.onReceive:21 
V/broadcast( 2423): End process ordered broadcast: com.gzgd.KEYEVENT to {com.gzgd.live/com.gzgd.live.globalkey.GlobalKeyReceiver}
W/ContextImpl( 1554): Calling a method in the system process without a qualified user: android.app.ContextImpl.sendBroadcast:1327 com.android.internal.policy.impl.PhoneWindowManager.interceptKeyBeforeDispatching:2462 com.android.server.wm.InputMonitor.interceptKeyBeforeDispatching:388 com.android.server.input.InputManagerService.interceptKeyBeforeDispatching:1470 <bottom of call stack> 
V/broadcast( 1554): Dispatching ordered broadcast: com.gzgd.KEYEVENT to ComponentInfo{com.gzgd.live/com.gzgd.live.globalkey.GlobalKeyReceiver}
V/broadcast( 2423): Start process ordered broadcast: com.gzgd.KEYEVENT to {com.gzgd.live/com.gzgd.live.globalkey.GlobalKeyReceiver}
W/ContextImpl( 2423): Calling a method in the system process without a qualified user: android.app.ContextImpl.startService:1692 android.content.ContextWrapper.startService:516 android.content.ContextWrapper.startService:516 com.gzgd.live.globalkey.GlobalKeyEventService.start:45 com.gzgd.live.globalkey.GlobalKeyReceiver.onReceive:21 
V/broadcast( 2423): End process ordered broadcast: com.gzgd.KEYEVENT to {com.gzgd.live/com.gzgd.live.globalkey.GlobalKeyReceiver}
