I/launcher( 2182): [CheckServerController]getUrlEnterConfig: JsonObject
I/launcher( 2182): [CheckServerController]json_key:n50_a,json_value:{"url":"http:\/\/aaa.interface.gzgd\/gzgd\/AuthIndex","url_backup":""},:JSONObject
I/launcher( 2182): [CheckServerController]getUrlEnterConfig: JsonObject
I/launcher( 2182): [CheckServerController]json_key:n51_a,json_value:{"url":"http:\/\/aaa.interface.gzgd\/gzgd\/AuthIndexStandard","url_backup":""},:JSONObject
I/launcher( 2182): [CheckServerController]getUrlEnterConfig: JsonObject
I/launcher( 2182): [CheckServerController]json_key:n60_a,json_value:{"url":"http:\/\/aaa.interface.gzgd\/gzgd\/pay","url_backup":""},:JSONObject
I/launcher( 2182): [CheckServerController]getUrlEnterConfig: JsonObject
I/launcher( 2182): [CheckServerController]json_key:n100_a,json_value:{"url":"http:\/\/epg.interface.gzgd\/gzgd\/AddedServiceIndex","url_backup":""},:JSONObject
I/launcher( 2182): [CheckServerController]getUrlEnterConfig: JsonObject
I/com.chinanetcenter.iSpeed( 2213): IptablesWatchdogThread > checkThreads
I/launcher( 2182): [CheckServerController]json_key:n101_a,json_value:{"url":"http:\/\/epg.interface.gzgd\/gzgd\/VotingIndex","url_backup":""},:JSONObject
I/launcher( 2182): [CheckServerController]getUrlEnterConfig: JsonObject
I/launcher( 2182): [CheckServerController]json_key:n200_a,json_value:{"url":"http:\/\/epg.interface.gzgd\/gzgd\/MgtvIndex","url_backup":""},:JSONObject
I/launcher( 2182): [CheckServerController]getUrlEnterConfig: JsonObject
I/launcher( 2182): [CheckServerController]json_key:n201_a,json_value:{"url":"http:\/\/epg.interface.gzgd\/gzgd\/MgtvPayment","url_backup":""},:JSONObject
I/launcher( 2182): [CheckServerController]getUrlEnterConfig: JsonObject
I/launcher( 2182): [CheckServerController]json_key:n202_a,json_value:{"url":"http:\/\/epg.interface.gzgd\/gzgd\/TCLindex","url_backup":""},:JSONObject
I/launcher( 2182): [CheckServerController]getUrlEnterConfig: JsonObject
V/netx    ( 2182): gointo 4  out true
V/StatusBarService( 2182): true up0 true
I/launcher( 2182): [CheckServerController]json_key:n208_a,json_value:{"url":"http:\/\/epg.interface.gzgd\/gzgd\/JSDXindex","url_backup":""},:JSONObject
I/launcher( 2182): [CheckServerController]getUrlEnterConfig: JsonObject
I/launcher( 2182): [CheckServerController]json_key:n209_a,json_value:{"url":"http:\/\/epg.interface.gzgd\/gzgd\/WebData","url_backup":""},:JSONObject
I/launcher( 2182): [CheckServerController]getUrlEnterConfig: JsonObject
I/launcher( 2182): [CheckServerController]json_key:n215_a,json_value:{"url":"http:\/\/aaa.interface.gzgd\/gzgd\/AAAAuth","url_backup":""},:JSONObject
I/launcher( 2182): [CheckServerController]getUrlEnterConfig: JsonObject
I/launcher( 2182): [CheckServerController]json_key:n217_a,json_value:{"url":"http:\/\/aaa.interface.gzgd\/gzgd\/ScaaaUser","url_backup":""},:JSONObject
I/launcher( 2182): [CheckServerController]getUrlEnterConfig: JsonObject
I/launcher( 2182): [CheckServerController]json_key:n218_a,json_value:{"url":"http:\/\/aaa.interface.gzgd\/gzgd\/ScaaaCard","url_backup":""},:JSONObject
I/launcher( 2182): [CheckServerController]getUrlEnterConfig: JsonObject
I/launcher( 2182): [CheckServerController]json_key:n219_a,json_value:{"url":"http:\/\/aaa.interface.gzgd\/gzgd\/ScaaaProduct","url_backup":""},:JSONObject
I/launcher( 2182): [CheckServerController]getUrlEnterConfig: JsonObject
I/launcher( 2182): [CheckServerController]json_key:n650_a,json_value:{"url":"http:\/\/epg.interface.gzgd\/gzgd\/APPStoreIndex","url_backup":""},:JSONObject
I/launcher( 2182): [CheckServerController]getUrlEnterConfig: JsonObject
I/launcher( 2182): [CheckServerController]json_key:n212_a,json_value:{"url":"http:\/\/epg.interface.gzgd\/gzgd\/MgtvAAAIndex","url_backup":""},:JSONObject
I/launcher( 2182): [CheckServerController]getUrlEnterConfig: JsonObject
I/launcher( 2182): [CheckServerController]json_key:n212_b,json_value:{"url":"http:\/\/epg.interface.gzgd\/gzgd\/MgtvUserCenterIndex","url_backup":""},:JSONObject
I/launcher( 2182): [CheckServerController]getUrlEnterConfig: JsonObject
I/launcher( 2182): [CheckServerController]json_key:n211_a,json_value:{"url":"http:\/\/epg.interface.gzgd\/gzgd\/PaymentIndex","url_backup":""},:JSONObject
I/launcher( 2182): [CheckServerController]getUrlEnterConfig: JsonObject
I/launcher( 2182): [CheckServerController]json_key:n80_a,json_value:{"url":"http:\/\/epg.interface.gzgd\/gzgd\/TerminalCapacityCover","url_backup":""},:JSONObject
I/launcher( 2182): [CheckServerController]getUrlEnterConfig: JsonObject
I/launcher( 2182): [CheckServerController]json_key:n82_a,json_value:{"url":"http:\/\/epg.interface.gzgd\/gzgd\/CpInfo","url_backup":""},:JSONObject
I/launcher( 2182): [CheckServerController]getUrlEnterConfig: JsonObject
I/launcher( 2182): [CheckServerController]json_key:n800_a,json_value:{"url":"http:\/\/epg.interface.gzgd\/gzgd\/FromIndex","url_backup":""},:JSONObject
I/launcher( 2182): [CheckServerController]getUrlEnterConfig: JsonObject
I/launcher( 2182): [CheckServerController]json_key:n224_a,json_value:{"url":"http:\/\/aaa.interface.gzgd\/gzgd\/ScaaaUserIntegral","url_backup":""},:JSONObject
I/launcher( 2182): [CheckServerController]getUrlEnterConfig: JsonObject
I/launcher( 2182): [CheckServerController]json_key:parameter_list,json_value:[{"big_data_interface":"http:\/\/10.21.8.13\/nn_bigdata\/api\/","group":"terminal"},{"check_epg_status_interval":"10000","group":"terminal"},{"check_epg_status_url":"http:\/\/10.21.16.121\/nn_cms\/nn_check\/check_epg\/api\/get_epg_status.php","group":"terminal"},{"default_record_integral":"20","group":"terminal"},{"first_binding_award_record_integral":"10","group":"terminal"},{"free_play_time_second":"30","group":"terminal"},{"inner_net_is_need_show_huan":"1","group":"terminal"},{"is_repeatable_share":"1","group":"terminal"},{"m3u8_live_enable":"1","group":"m3u8"},{"m3u8_playbill_enable":"1","group":"m3u8"},{"m3u8_tstv_enable":"1","group":"m3u8"},{"m3u8_vod_enable":"1","group":"m3u8"},{"main_page_refresh_time":"1800","group":"terminal"},{"POLICY_N215_A":"http:\/\/aaa.interface.gzgd\/","group":"API_POLICY"},{"POLICY_N215_A7":"http:\/\/aaa.interface.gzgd\/","group":"API_POLICY"},{"POLICY_N217_A":"http:\/\/aaa.interface.gzgd\/","group":"API_POLICY"},{"POLICY_N218_A":"http:\/\/aaa.interface.gzgd\/","group":"API_POLICY"},{"POLICY_N219_A":"http:\/\/aaa.interface.gzgd\/","group":"API_POLICY"},{"POLICY_N224_A":"http:\/\/aaa.interface.gzgd\/","group":"API_POLICY"},{"POLICY_N39_A":"http:\/\/epg.interface.gzgd\/","group":"API_POLICY"},{"POLICY_N40_A":"http:\/\/service.interface.gzgd\/","group":"API_POLICY"},{"POLICY_N40_B":"http:\/\/service.interface.gzgd\/","group":"API_POLICY"},{"POLICY_N40_C":"http:\/\/service.interface.gzgd\/","group":"API_POLICY"},{"POLICY_N40_D":"http:\/\/service.interface.gzgd\/","group":"API_POLICY"},{"POLICY_N40_E":"http:\/\/service.interface.gzgd\/","group":"API_POLICY"},{"POLICY_N40_F":"http:\/\/service.interface.gzgd\/","group":"API_POLICY"},{"POLICY_N40_G":"http:\/\/service.interface.gzgd\/","group":"API_POLICY"},{"POLICY_N40_H":"http:\/\/service.interface.gzgd\/","group":"API_POLICY"},{"POLICY_N40_I":"http:\/\/service.interface.gzgd\/","group":"API_POLICY"},{"POLICY_N40_J":"http:\/\/service.interface.gzgd\/","group":"API_POLICY"},{"POLICY_N40_K":"http:\/\/service.interface.gzgd\/","group":"API_POLICY"},{"POLICY_N40_M":"http:\/\/service.interface.gzgd\/","group":"API_POLICY"},{"POLICY_N50_A":"http:\/\/aaa.interface.gzgd\/","group":"API_POLICY"},{"POLICY_N51_A":"http:\/\/aaa.interface.gzgd\/gzgd\/AuthIndexStandard","group":"API_POLICY"},{"POLICY_N60_A":"http:\/\/aaa.interface.gzgd\/","group":"API_POLICY"},{"recharge_money_scope":"1000,3000,5000,10000,20000,30000,40000,50000","group":"terminal"},{"record_expend_record_integral":"1","group":"terminal"},{"record_media_assets_id":"record","group":"terminal"},{"refresh_user_balance_interval":"5000","group":"terminal"},{"report_log_url":"http:\/\/10.21.1.15:8100","group":"report"},{"report_log_url_outer_net":"http:\/\/123.56.28.6:8101","group":"terminal"},{"share_media_record_integral":"1","group":"terminal"},{"terminal_check_app_update_rate_time":"3600","group":"terminal"},{"terminal_default_channel_asset_id":"nn_live","group":"terminal"},{"terminal_live_apply_play_retry_max_num":"3","group":"terminal"},{"terminal_media_mode_value":"std=,hd=,low=,4k=4K,sd=","group":"terminal"},{"terminal_user_data_update_interval":"60000","group":"terminal"},{"terminal_video_player_timeout":"5","group":"terminal"},{"terminal_weixin_share_url":"https:\/\/gywxyyt.gzcbn.com\/webapp_v2\/zblz\/index.html","group":"weixin"},{"update_record_interval":"60000","group":"terminal"},{"wechat_refresh_binding_interval":"5000","group":"terminal"},{"weixin_qrcode_count_down":"120","group":"weixin"}],:JSONArray
I/launcher( 2182): [CheckServerController]getUrlEnterConfig: JsonArry
I/com.chinanetcenter.iSpeed( 2213): IptablesWatchdogThread > checkThreads
I/XulMessageCenter( 2574): Auto cleanup finished
I/XulMessageCenter( 2574): Auto cleanup finished
D/launcher( 2182): [HttpUtils]request url:http://10.21.16.121/nn_cms/nn_check/check_epg/api/get_epg_status.php
D/launcher( 2182): [CheckServerController]old status :true new Status:true
D/launcher( 2182): [LoopRx]getServerConfig end start auth loop
I/com.chinanetcenter.iSpeed( 2213): IptablesWatchdogThread > checkThreads
I/wpa_supplicant( 2399): [CTRL_IFACE] wlan0: 'SIGNAL_POLL'
D/WifiStateMachine( 1554): for gzgd,change score (60)-->(56)
D/com.chinanetcenter.iSpeed( 2213): AccessibilityServiceDaemonTask > accessibilityEnabled = 1
D/DataUploader( 2574): uploadData cache count= 17
D/DataUploader( 2574): Report Data, data= {"type":"heartbeat","event_type":"view","device_id":"01010116091201000216","device_serial_number":"01010116091201000216","mac":"1C-66-6D-FC-8D-D7","apk_version":"1.0.005.STB.GZGD_LIVE.AUTO.OTT01.Release","system_version":"5.1.1","model":"ponkan","licence":"","report_time":"19700101T084817Z","network_status":"2"}
D/DataUploader( 2574): Report Data, data= {"type":"heartbeat","event_type":"view","device_id":"01010116091201000216","device_serial_number":"01010116091201000216","mac":"1C-66-6D-FC-8D-D7","apk_version":"1.0.005.STB.GZGD_LIVE.AUTO.OTT01.Release","system_version":"5.1.1","model":"ponkan","licence":"","report_time":"19700101T084817Z","network_status":"2"}
D/DataUploader( 2574): Report Data, data= {"type":"heartbeat","event_type":"view","device_id":"01010116091201000216","device_serial_number":"01010116091201000216","mac":"1C-66-6D-FC-8D-D7","apk_version":"1.0.005.STB.GZGD_LIVE.AUTO.OTT01.Release","system_version":"5.1.1","model":"ponkan","licence":"","report_time":"19700101T084817Z","network_status":"2"}
D/DataUploader( 2574): Report Data, data= {"type":"heartbeat","event_type":"view","device_id":"01010116091201000216","device_serial_number":"01010116091201000216","mac":"1C-66-6D-FC-8D-D7","apk_version":"1.0.005.STB.GZGD_LIVE.AUTO.OTT01.Release","system_version":"5.1.1","model":"ponkan","licence":"","report_time":"19700101T084817Z","network_status":"2"}
D/DataUploader( 2574): Report Data, data= {"type":"heartbeat","event_type":"view","device_id":"01010116091201000216","device_serial_number":"01010116091201000216","mac":"1C-66-6D-FC-8D-D7","apk_version":"1.0.005.STB.GZGD_LIVE.AUTO.OTT01.Release","system_version":"5.1.1","model":"ponkan","licence":"","report_time":"19700101T084817Z","network_status":"2"}
D/DataUploader( 2574): Report Data, data= {"type":"heartbeat","event_type":"view","device_id":"01010116091201000216","device_serial_number":"01010116091201000216","mac":"1C-66-6D-FC-8D-D7","apk_version":"1.0.005.STB.GZGD_LIVE.AUTO.OTT01.Release","system_version":"5.1.1","model":"ponkan","licence":"","report_time":"19700101T084817Z","network_status":"2"}
D/DataUploader( 2574): Report Data, data= {"type":"heartbeat","event_type":"view","device_id":"01010116091201000216","device_serial_number":"01010116091201000216","mac":"1C-66-6D-FC-8D-D7","apk_version":"1.0.005.STB.GZGD_LIVE.AUTO.OTT01.Release","system_version":"5.1.1","model":"ponkan","licence":"","report_time":"19700101T084817Z","network_status":"2"}
D/DataUploader( 2574): Report Data, data= {"type":"heartbeat","event_type":"view","device_id":"01010116091201000216","device_serial_number":"01010116091201000216","mac":"1C-66-6D-FC-8D-D7","apk_version":"1.0.005.STB.GZGD_LIVE.AUTO.OTT01.Release","system_version":"5.1.1","model":"ponkan","licence":"","report_time":"19700101T084817Z","network_status":"2"}
D/DataUploader( 2574): Report Data, data= {"type":"heartbeat","event_type":"view","device_id":"01010116091201000216","device_serial_number":"01010116091201000216","mac":"1C-66-6D-FC-8D-D7","apk_version":"1.0.005.STB.GZGD_LIVE.AUTO.OTT01.Release","system_version":"5.1.1","model":"ponkan","licence":"","report_time":"19700101T084817Z","network_status":"2"}
D/DataUploader( 2574): Report Data, data= {"type":"heartbeat","event_type":"view","device_id":"01010116091201000216","device_serial_number":"01010116091201000216","mac":"1C-66-6D-FC-8D-D7","apk_version":"1.0.005.STB.GZGD_LIVE.AUTO.OTT01.Release","system_version":"5.1.1","model":"ponkan","licence":"","report_time":"19700101T084817Z","network_status":"2"}
D/DataUploader( 2574): Report Data, data= {"type":"heartbeat","event_type":"view","device_id":"01010116091201000216","device_serial_number":"01010116091201000216","mac":"1C-66-6D-FC-8D-D7","apk_version":"1.0.005.STB.GZGD_LIVE.AUTO.OTT01.Release","system_version":"5.1.1","model":"ponkan","licence":"","report_time":"19700101T084817Z","network_status":"2"}
D/DataUploader( 2574): Report Data, data= {"type":"heartbeat","event_type":"view","device_id":"01010116091201000216","device_serial_number":"01010116091201000216","mac":"1C-66-6D-FC-8D-D7","apk_version":"1.0.005.STB.GZGD_LIVE.AUTO.OTT01.Release","system_version":"5.1.1","model":"ponkan","licence":"","report_time":"19700101T084817Z","network_status":"2"}
D/DataUploader( 2574): Report Data, data= {"type":"heartbeat","event_type":"view","device_id":"01010116091201000216","device_serial_number":"01010116091201000216","mac":"1C-66-6D-FC-8D-D7","apk_version":"1.0.005.STB.GZGD_LIVE.AUTO.OTT01.Release","system_version":"5.1.1","model":"ponkan","licence":"","report_time":"19700101T084817Z","network_status":"2"}
D/DataUploader( 2574): Report Data, data= {"type":"heartbeat","event_type":"view","device_id":"01010116091201000216","device_serial_number":"01010116091201000216","mac":"1C-66-6D-FC-8D-D7","apk_version":"1.0.005.STB.GZGD_LIVE.AUTO.OTT01.Release","system_version":"5.1.1","model":"ponkan","licence":"","report_time":"19700101T084817Z","network_status":"2"}
D/DataUploader( 2574): Report Data, data= {"type":"heartbeat","event_type":"view","device_id":"01010116091201000216","device_serial_number":"01010116091201000216","mac":"1C-66-6D-FC-8D-D7","apk_version":"1.0.005.STB.GZGD_LIVE.AUTO.OTT01.Release","system_version":"5.1.1","model":"ponkan","licence":"","report_time":"19700101T084817Z","network_status":"2"}
D/DataUploader( 2574): Report Data, data= {"type":"heartbeat","event_type":"view","device_id":"01010116091201000216","device_serial_number":"01010116091201000216","mac":"1C-66-6D-FC-8D-D7","apk_version":"1.0.005.STB.GZGD_LIVE.AUTO.OTT01.Release","system_version":"5.1.1","model":"ponkan","licence":"","report_time":"19700101T084817Z","network_status":"2"}
D/DataUploader( 2574): Report Data, data= {"type":"heartbeat","event_type":"view","device_id":"01010116091201000216","device_serial_number":"01010116091201000216","mac":"1C-66-6D-FC-8D-D7","apk_version":"1.0.005.STB.GZGD_LIVE.AUTO.OTT01.Release","system_version":"5.1.1","model":"ponkan","licence":"","report_time":"19700101T084817Z","network_status":"2"}
D/DataUploader( 2574): uploadData count= 17
I/XulHttpClientFilter( 2574): taskId = n602_a_1, url = http://null?nns_buss_id=200000&nns_mac=1C-66-6D-FC-8D-D7&nns_mac_id=1C-66-6D-FC-8D-D7&nns_version=1.0.005.STB.GZGD_LIVE.AUTO.OTT01.Release&nns_user_agent=nn_player%2Fstd%2F1.0.0&nns_user_id=01010116091201000216&nns_webtoken=897b05ac83570ef5eae0bf32503cd447
V/netx    ( 2182): gointo 4  in true
V/StatusBarService( 2182): true up0 true
I/com.chinanetcenter.iSpeed( 2213): IptablesWatchdogThread > checkThreads
I/XulMessageCenter( 2741): Auto cleanup finished
I/XulMessageCenter( 2741): Auto cleanup finished
V/netx    ( 2182): gointo 4  out true
V/StatusBarService( 2182): true up0 true
D/DataUploader( 2741): uploadData cache count= 17
D/DataUploader( 2741): Report Data, data= {"type":"heartbeat","event_type":"view","device_id":"01010116091201000216","device_serial_number":"01010116091201000216","mac":"1C-66-6D-FC-8D-D7","apk_version":"1.1.113.RECORD.GZGD.RECORD.OTT01.Release","system_version":"5.1.1","model":"ponkan","licence":"","report_time":"19700101T084819Z","network_status":"2"}
D/DataUploader( 2741): Report Data, data= {"type":"heartbeat","event_type":"view","device_id":"01010116091201000216","device_serial_number":"01010116091201000216","mac":"1C-66-6D-FC-8D-D7","apk_version":"1.1.113.RECORD.GZGD.RECORD.OTT01.Release","system_version":"5.1.1","model":"ponkan","licence":"","report_time":"19700101T084819Z","network_status":"2"}
D/DataUploader( 2741): Report Data, data= {"type":"heartbeat","event_type":"view","device_id":"01010116091201000216","device_serial_number":"01010116091201000216","mac":"1C-66-6D-FC-8D-D7","apk_version":"1.1.113.RECORD.GZGD.RECORD.OTT01.Release","system_version":"5.1.1","model":"ponkan","licence":"","report_time":"19700101T084819Z","network_status":"2"}
D/DataUploader( 2741): Report Data, data= {"type":"heartbeat","event_type":"view","device_id":"01010116091201000216","device_serial_number":"01010116091201000216","mac":"1C-66-6D-FC-8D-D7","apk_version":"1.1.113.RECORD.GZGD.RECORD.OTT01.Release","system_version":"5.1.1","model":"ponkan","licence":"","report_time":"19700101T084819Z","network_status":"2"}
D/DataUploader( 2741): Report Data, data= {"type":"heartbeat","event_type":"view","device_id":"01010116091201000216","device_serial_number":"01010116091201000216","mac":"1C-66-6D-FC-8D-D7","apk_version":"1.1.113.RECORD.GZGD.RECORD.OTT01.Release","system_version":"5.1.1","model":"ponkan","licence":"","report_time":"19700101T084819Z","network_status":"2"}
D/DataUploader( 2741): Report Data, data= {"type":"heartbeat","event_type":"view","device_id":"01010116091201000216","device_serial_number":"01010116091201000216","mac":"1C-66-6D-FC-8D-D7","apk_version":"1.1.113.RECORD.GZGD.RECORD.OTT01.Release","system_version":"5.1.1","model":"ponkan","licence":"","report_time":"19700101T084819Z","network_status":"2"}
D/DataUploader( 2741): Report Data, data= {"type":"heartbeat","event_type":"view","device_id":"01010116091201000216","device_serial_number":"01010116091201000216","mac":"1C-66-6D-FC-8D-D7","apk_version":"1.1.113.RECORD.GZGD.RECORD.OTT01.Release","system_version":"5.1.1","model":"ponkan","licence":"","report_time":"19700101T084819Z","network_status":"2"}
D/DataUploader( 2741): Report Data, data= {"type":"heartbeat","event_type":"view","device_id":"01010116091201000216","device_serial_number":"01010116091201000216","mac":"1C-66-6D-FC-8D-D7","apk_version":"1.1.113.RECORD.GZGD.RECORD.OTT01.Release","system_version":"5.1.1","model":"ponkan","licence":"","report_time":"19700101T084819Z","network_status":"2"}
D/DataUploader( 2741): Report Data, data= {"type":"heartbeat","event_type":"view","device_id":"01010116091201000216","device_serial_number":"01010116091201000216","mac":"1C-66-6D-FC-8D-D7","apk_version":"1.1.113.RECORD.GZGD.RECORD.OTT01.Release","system_version":"5.1.1","model":"ponkan","licence":"","report_time":"19700101T084819Z","network_status":"2"}
D/DataUploader( 2741): Report Data, data= {"type":"heartbeat","event_type":"view","device_id":"01010116091201000216","device_serial_number":"01010116091201000216","mac":"1C-66-6D-FC-8D-D7","apk_version":"1.1.113.RECORD.GZGD.RECORD.OTT01.Release","system_version":"5.1.1","model":"ponkan","licence":"","report_time":"19700101T084819Z","network_status":"2"}
D/DataUploader( 2741): Report Data, data= {"type":"heartbeat","event_type":"view","device_id":"01010116091201000216","device_serial_number":"01010116091201000216","mac":"1C-66-6D-FC-8D-D7","apk_version":"1.1.113.RECORD.GZGD.RECORD.OTT01.Release","system_version":"5.1.1","model":"ponkan","licence":"","report_time":"19700101T084819Z","network_status":"2"}
D/DataUploader( 2741): Report Data, data= {"type":"heartbeat","event_type":"view","device_id":"01010116091201000216","device_serial_number":"01010116091201000216","mac":"1C-66-6D-FC-8D-D7","apk_version":"1.1.113.RECORD.GZGD.RECORD.OTT01.Release","system_version":"5.1.1","model":"ponkan","licence":"","report_time":"19700101T084819Z","network_status":"2"}
D/DataUploader( 2741): Report Data, data= {"type":"heartbeat","event_type":"view","device_id":"01010116091201000216","device_serial_number":"01010116091201000216","mac":"1C-66-6D-FC-8D-D7","apk_version":"1.1.113.RECORD.GZGD.RECORD.OTT01.Release","system_version":"5.1.1","model":"ponkan","licence":"","report_time":"19700101T084819Z","network_status":"2"}
D/DataUploader( 2741): Report Data, data= {"type":"heartbeat","event_type":"view","device_id":"01010116091201000216","device_serial_number":"01010116091201000216","mac":"1C-66-6D-FC-8D-D7","apk_version":"1.1.113.RECORD.GZGD.RECORD.OTT01.Release","system_version":"5.1.1","model":"ponkan","licence":"","report_time":"19700101T084819Z","network_status":"2"}
D/DataUploader( 2741): Report Data, data= {"type":"heartbeat","event_type":"view","device_id":"01010116091201000216","device_serial_number":"01010116091201000216","mac":"1C-66-6D-FC-8D-D7","apk_version":"1.1.113.RECORD.GZGD.RECORD.OTT01.Release","system_version":"5.1.1","model":"ponkan","licence":"","report_time":"19700101T084819Z","network_status":"2"}
D/DataUploader( 2741): Report Data, data= {"type":"heartbeat","event_type":"view","device_id":"01010116091201000216","device_serial_number":"01010116091201000216","mac":"1C-66-6D-FC-8D-D7","apk_version":"1.1.113.RECORD.GZGD.RECORD.OTT01.Release","system_version":"5.1.1","model":"ponkan","licence":"","report_time":"19700101T084819Z","network_status":"2"}
D/DataUploader( 2741): Report Data, data= {"type":"heartbeat","event_type":"view","device_id":"01010116091201000216","device_serial_number":"01010116091201000216","mac":"1C-66-6D-FC-8D-D7","apk_version":"1.1.113.RECORD.GZGD.RECORD.OTT01.Release","system_version":"5.1.1","model":"ponkan","licence":"","report_time":"19700101T084819Z","network_status":"2"}
D/DataUploader( 2741): uploadData count= 17
I/XulHttpClientFilter( 2741): taskId = n602_a_1, url = http://null?nns_mac=1C-66-6D-FC-8D-D7&nns_mac_id=1C-66-6D-FC-8D-D7&nns_version=1.1.113.RECORD.GZGD.RECORD.OTT01.Release&nns_user_agent=nn_player%2Fstd%2F1.0.0&nns_user_id=u1c666dfc8dd7
I/com.chinanetcenter.iSpeed( 2213): IptablesWatchdogThread > checkThreads
I/com.chinanetcenter.iSpeed( 2213): IptablesWatchdogThread > checkThreads
I/wpa_supplicant( 2399): [CTRL_IFACE] wlan0: 'SIGNAL_POLL'
D/WifiStateMachine( 1554): for gzgd,change score (60)-->(56)
I/com.chinanetcenter.iSpeed( 2213): IptablesWatchdogThread > checkThreads
V/netx    ( 2182): gointo 4  out true
V/StatusBarService( 2182): true up0 true
I/com.chinanetcenter.iSpeed( 2213): IptablesWatchdogThread > checkThreads
D/com.chinanetcenter.iSpeed( 2213): AccessibilityServiceDaemonTask > accessibilityEnabled = 1
I/com.chinanetcenter.iSpeed( 2213): IptablesWatchdogThread > checkThreads
I/wpa_supplicant( 2399): [CTRL_IFACE] wlan0: 'SIGNAL_POLL'
D/WifiStateMachine( 1554): for gzgd,change score (60)-->(56)
I/com.chinanetcenter.iSpeed( 2213): IptablesWatchdogThread > checkThreads
I/com.chinanetcenter.iFlow( 2115): IptablesUtils > checkiSpeed iSpeed up, netstat: showing only processes with your user ID
I/com.chinanetcenter.iFlow( 2115): tcp        0      0 0.0.0.0:8123            0.0.0.0:*               LISTEN      2213/com.chinanetce
I/com.chinanetcenter.iFlow( 2115): 
I/com.chinanetcenter.iSpeed( 2213): IptablesWatchdogThread > checkThreads
D/com.chinanetcenter.iFlow( 2115): IptablesUtils > setBlackIpList already exist 255.255.255.255
D/com.chinanetcenter.iFlow( 2115): IptablesUtils > setBlackIpList already exist 224.0.0.0/4
D/com.chinanetcenter.iFlow( 2115): IptablesUtils > setBlackIpList already exist 10.0.0.0/8
D/com.chinanetcenter.iFlow( 2115): IptablesUtils > setBlackIpList already exist 192.168.0.0/16
D/com.chinanetcenter.iFlow( 2115): IptablesUtils > setBlackIpList already exist 172.16.0.0/12
D/com.chinanetcenter.iFlow( 2115): IptablesUtils > setBlackIpList already exist 169.254.0.0/16
D/com.chinanetcenter.iFlow( 2115): IptablesUtils > setBlackIpList already exist 127.0.0.0/8
D/com.chinanetcenter.iFlow( 2115): IptablesUtils > setBlackPortList already exist dpt:68
D/com.chinanetcenter.iFlow( 2115): IptablesUtils > setBlackPortList already exist dpt:67
D/com.chinanetcenter.iFlow( 2115): IptablesUtils > setBlackPortList already exist dpt:5353
D/com.chinanetcenter.iFlow( 2115): IptablesUtils > setBlackPortList already exist dpt:53
I/com.chinanetcenter.iSpeed( 2213): IptablesWatchdogThread > checkThreads
V/netx    ( 2182): gointo 4  in true
V/StatusBarService( 2182): true up0 true
I/wpa_supplicant( 2399): [CTRL_IFACE] wlan0: 'SIGNAL_POLL'
D/WifiStateMachine( 1554): for gzgd,change score (60)-->(56)
E/WifiStateMachine( 1554): WifiStateMachine CMD_START_SCAN source -2 txSuccessRate=9.61 rxSuccessRate=9.44 targetRoamBSSID=56:c9:df:34:78:8f RSSI=-16
D/WifiStateMachine( 1554): L2Connected CMD_START_SCAN source -2 156, 157 ignore when user is not setting wifi UI, because wifi sta is connected
I/com.chinanetcenter.iSpeed( 2213): IptablesWatchdogThread > checkThreads
D/com.chinanetcenter.iSpeed( 2213): AccessibilityServiceDaemonTask > accessibilityEnabled = 1
I/com.chinanetcenter.iSpeed( 2213): IptablesWatchdogThread > checkThreads
I/com.chinanetcenter.iSpeed( 2213): IptablesWatchdogThread > checkThreads
I/wpa_supplicant( 2399): [CTRL_IFACE] wlan0: 'SIGNAL_POLL'
D/WifiStateMachine( 1554): for gzgd,change score (60)-->(56)
V/netx    ( 2182): gointo 4  out true
V/StatusBarService( 2182): true up0 true
I/com.chinanetcenter.iSpeed( 2213): IptablesWatchdogThread > checkThreads
I/com.chinanetcenter.iSpeed( 2213): IptablesWatchdogThread > checkThreads
V/netx    ( 2182): gointo 4  in true
V/StatusBarService( 2182): true up0 true
I/com.chinanetcenter.iSpeed( 2213): IptablesWatchdogThread > checkThreads
I/wpa_supplicant( 2399): [CTRL_IFACE] wlan0: 'SIGNAL_POLL'
D/WifiStateMachine( 1554): for gzgd,change score (60)-->(56)
D/com.chinanetcenter.iSpeed( 2213): AccessibilityServiceDaemonTask > accessibilityEnabled = 1
V/netx    ( 2182): gointo 4  out true
V/StatusBarService( 2182): true up0 true
I/com.chinanetcenter.iSpeed( 2213): IptablesWatchdogThread > checkThreads
I/com.chinanetcenter.iSpeed( 2213): IptablesWatchdogThread > checkThreads
I/com.chinanetcenter.iSpeed( 2213): IptablesWatchdogThread > checkThreads
I/com.chinanetcenter.iFlow( 2115): IptablesUtils > checkiSpeed iSpeed up, tcp        0      0 0.0.0.0:8123            0.0.0.0:*               LISTEN      2213/com.chinanetce
I/com.chinanetcenter.iFlow( 2115): 
D/com.chinanetcenter.iFlow( 2115): IptablesUtils > setBlackIpList already exist 255.255.255.255
D/com.chinanetcenter.iFlow( 2115): IptablesUtils > setBlackIpList already exist 224.0.0.0/4
D/com.chinanetcenter.iFlow( 2115): IptablesUtils > setBlackIpList already exist 10.0.0.0/8
D/com.chinanetcenter.iFlow( 2115): IptablesUtils > setBlackIpList already exist 192.168.0.0/16
D/com.chinanetcenter.iFlow( 2115): IptablesUtils > setBlackIpList already exist 172.16.0.0/12
D/com.chinanetcenter.iFlow( 2115): IptablesUtils > setBlackIpList already exist 169.254.0.0/16
D/com.chinanetcenter.iFlow( 2115): IptablesUtils > setBlackIpList already exist 127.0.0.0/8
D/com.chinanetcenter.iFlow( 2115): IptablesUtils > setBlackPortList already exist dpt:68
D/com.chinanetcenter.iFlow( 2115): IptablesUtils > setBlackPortList already exist dpt:67
D/com.chinanetcenter.iFlow( 2115): IptablesUtils > setBlackPortList already exist dpt:5353
D/com.chinanetcenter.iFlow( 2115): IptablesUtils > setBlackPortList already exist dpt:53
I/wpa_supplicant( 2399): [CTRL_IFACE] wlan0: 'SIGNAL_POLL'
D/WifiStateMachine( 1554): for gzgd,change score (60)-->(56)
V/netx    ( 2182): gointo 4  out true
V/StatusBarService( 2182): true up0 true
I/com.chinanetcenter.iSpeed( 2213): IptablesWatchdogThread > checkThreads
V/netx    ( 2182): gointo 4  in true
V/StatusBarService( 2182): true up0 true
I/com.chinanetcenter.iSpeed( 2213): IptablesWatchdogThread > checkThreads
D/com.chinanetcenter.iSpeed( 2213): AccessibilityServiceDaemonTask > accessibilityEnabled = 1
I/com.chinanetcenter.iSpeed( 2213): IptablesWatchdogThread > checkThreads
I/wpa_supplicant( 2399): [CTRL_IFACE] wlan0: 'SIGNAL_POLL'
D/WifiStateMachine( 1554): for gzgd,change score (60)-->(56)
V/netx    ( 2182): gointo 4  out true
V/StatusBarService( 2182): true up0 true
I/com.chinanetcenter.iSpeed( 2213): IptablesWatchdogThread > checkThreads
I/com.chinanetcenter.iSpeed( 2213): IptablesWatchdogThread > checkThreads
I/com.chinanetcenter.iSpeed( 2213): IptablesWatchdogThread > checkThreads
I/wpa_supplicant( 2399): [CTRL_IFACE] wlan0: 'SIGNAL_POLL'
D/WifiStateMachine( 1554): for gzgd,change score (60)-->(56)
I/com.chinanetcenter.iSpeed( 2213): IptablesWatchdogThread > checkThreads
V/netx    ( 2182): gointo 4  out true
V/StatusBarService( 2182): true up0 true
V/netx    ( 2182): gointo 4  in true
V/StatusBarService( 2182): true up0 true
D/com.chinanetcenter.iSpeed( 2213): AccessibilityServiceDaemonTask > accessibilityEnabled = 1
I/com.chinanetcenter.iSpeed( 2213): IptablesWatchdogThread > checkThreads
I/com.chinanetcenter.iSpeed( 2213): IptablesWatchdogThread > checkThreads
I/wpa_supplicant( 2399): [CTRL_IFACE] wlan0: 'SIGNAL_POLL'
D/WifiStateMachine( 1554): for gzgd,change score (60)-->(56)
I/com.chinanetcenter.iSpeed( 2213): IptablesWatchdogThread > checkThreads
V/netx    ( 2182): gointo 4  out true
V/StatusBarService( 2182): true up0 true
I/com.chinanetcenter.iFlow( 2115): IptablesUtils > checkiSpeed iSpeed up, tcp        0      0 0.0.0.0:8123            0.0.0.0:*               LISTEN      2213/com.chinanetce
I/com.chinanetcenter.iFlow( 2115): 
D/com.chinanetcenter.iFlow( 2115): IptablesUtils > setBlackIpList already exist 255.255.255.255
D/com.chinanetcenter.iFlow( 2115): IptablesUtils > setBlackIpList already exist 224.0.0.0/4
D/com.chinanetcenter.iFlow( 2115): IptablesUtils > setBlackIpList already exist 10.0.0.0/8
D/com.chinanetcenter.iFlow( 2115): IptablesUtils > setBlackIpList already exist 192.168.0.0/16
D/com.chinanetcenter.iFlow( 2115): IptablesUtils > setBlackIpList already exist 172.16.0.0/12
D/com.chinanetcenter.iFlow( 2115): IptablesUtils > setBlackIpList already exist 169.254.0.0/16
D/com.chinanetcenter.iFlow( 2115): IptablesUtils > setBlackIpList already exist 127.0.0.0/8
D/com.chinanetcenter.iFlow( 2115): IptablesUtils > setBlackPortList already exist dpt:68
D/com.chinanetcenter.iFlow( 2115): IptablesUtils > setBlackPortList already exist dpt:67
D/com.chinanetcenter.iFlow( 2115): IptablesUtils > setBlackPortList already exist dpt:5353
D/com.chinanetcenter.iFlow( 2115): IptablesUtils > setBlackPortList already exist dpt:53
I/com.chinanetcenter.iSpeed( 2213): IptablesWatchdogThread > checkThreads
E/WifiStateMachine( 1554): WifiStateMachine CMD_START_SCAN source -2 txSuccessRate=8.45 rxSuccessRate=9.57 targetRoamBSSID=56:c9:df:34:78:8f RSSI=-20
D/WifiStateMachine( 1554): L2Connected CMD_START_SCAN source -2 157, 158 ignore when user is not setting wifi UI, because wifi sta is connected
I/com.chinanetcenter.iSpeed( 2213): IptablesWatchdogThread > checkThreads
V/netx    ( 2182): gointo 4  in true
V/StatusBarService( 2182): true up0 true
I/wpa_supplicant( 2399): [CTRL_IFACE] wlan0: 'SIGNAL_POLL'
D/WifiStateMachine( 1554): for gzgd,change score (60)-->(56)
D/com.chinanetcenter.iSpeed( 2213): AccessibilityServiceDaemonTask > accessibilityEnabled = 1
I/com.chinanetcenter.iSpeed( 2213): IptablesWatchdogThread > checkThreads
V/netx    ( 2182): gointo 4  out true
V/StatusBarService( 2182): true up0 true
I/com.chinanetcenter.iSpeed( 2213): IptablesWatchdogThread > checkThreads
I/com.chinanetcenter.iSpeed( 2213): IptablesWatchdogThread > checkThreads
I/wpa_supplicant( 2399): [CTRL_IFACE] wlan0: 'SIGNAL_POLL'
D/WifiStateMachine( 1554): for gzgd,change score (60)-->(56)
I/com.chinanetcenter.iSpeed( 2213): IptablesWatchdogThread > checkThreads
V/netx    ( 2182): gointo 4  out true
V/StatusBarService( 2182): true up0 true
I/com.chinanetcenter.iSpeed( 2213): IptablesWatchdogThread > checkThreads
V/netx    ( 2182): gointo 4  in true
V/StatusBarService( 2182): true up0 true
D/com.chinanetcenter.iSpeed( 2213): AccessibilityServiceDaemonTask > accessibilityEnabled = 1
I/com.chinanetcenter.iSpeed( 2213): IptablesWatchdogThread > checkThreads
I/wpa_supplicant( 2399): [CTRL_IFACE] wlan0: 'SIGNAL_POLL'
D/WifiStateMachine( 1554): for gzgd,change score (60)-->(56)
I/com.chinanetcenter.iSpeed( 2213): IptablesWatchdogThread > checkThreads
V/netx    ( 2182): gointo 4  out true
V/StatusBarService( 2182): true up0 true
I/com.chinanetcenter.iSpeed( 2213): IptablesWatchdogThread > checkThreads
I/com.chinanetcenter.iFlow( 2115): IptablesUtils > checkiSpeed iSpeed up, tcp        0      0 0.0.0.0:8123            0.0.0.0:*               LISTEN      2213/com.chinanetce
I/com.chinanetcenter.iFlow( 2115): 
I/com.chinanetcenter.iSpeed( 2213): IptablesWatchdogThread > checkThreads
D/com.chinanetcenter.iFlow( 2115): IptablesUtils > setBlackIpList already exist 255.255.255.255
D/com.chinanetcenter.iFlow( 2115): IptablesUtils > setBlackIpList already exist 224.0.0.0/4
D/com.chinanetcenter.iFlow( 2115): IptablesUtils > setBlackIpList already exist 10.0.0.0/8
D/com.chinanetcenter.iFlow( 2115): IptablesUtils > setBlackIpList already exist 192.168.0.0/16
D/com.chinanetcenter.iFlow( 2115): IptablesUtils > setBlackIpList already exist 172.16.0.0/12
D/com.chinanetcenter.iFlow( 2115): IptablesUtils > setBlackIpList already exist 169.254.0.0/16
D/com.chinanetcenter.iFlow( 2115): IptablesUtils > setBlackIpList already exist 127.0.0.0/8
D/com.chinanetcenter.iFlow( 2115): IptablesUtils > setBlackPortList already exist dpt:68
D/com.chinanetcenter.iFlow( 2115): IptablesUtils > setBlackPortList already exist dpt:67
D/com.chinanetcenter.iFlow( 2115): IptablesUtils > setBlackPortList already exist dpt:5353
D/com.chinanetcenter.iFlow( 2115): IptablesUtils > setBlackPortList already exist dpt:53
V/broadcast( 1554): Start process parallel broadcast: android.intent.action.TIME_TICK to com.android.server.AlarmManagerService$ClockReceiver@3955c6cc
V/broadcast( 1554): End process parallel broadcast: android.intent.action.TIME_TICK to com.android.server.AlarmManagerService$ClockReceiver@3955c6cc
V/broadcast( 1747): Start process parallel broadcast: android.intent.action.TIME_TICK to com.android.keyguard.KeyguardUpdateMonitor$3@3d54af6d
V/broadcast( 1747): End process parallel broadcast: android.intent.action.TIME_TICK to com.android.keyguard.KeyguardUpdateMonitor$3@3d54af6d
V/broadcast( 1747): Start process parallel broadcast: android.intent.action.TIME_TICK to com.android.systemui.statusbar.KeyguardIndicationController$2@29d0c0b4
V/broadcast( 1747): End process parallel broadcast: android.intent.action.TIME_TICK to com.android.systemui.statusbar.KeyguardIndicationController$2@29d0c0b4
V/broadcast( 1747): Start process parallel broadcast: android.intent.action.TIME_TICK to com.android.systemui.statusbar.policy.Clock$1@27019886
V/broadcast( 1747): End process parallel broadcast: android.intent.action.TIME_TICK to com.android.systemui.statusbar.policy.Clock$1@27019886
V/broadcast( 1747): Start process parallel broadcast: android.intent.action.TIME_TICK to android.widget.TextClock$2@1f4eb712
V/broadcast( 1747): End process parallel broadcast: android.intent.action.TIME_TICK to android.widget.TextClock$2@1f4eb712
V/broadcast( 1747): Start process parallel broadcast: android.intent.action.TIME_TICK to android.widget.TextClock$2@3a379ee3
V/broadcast( 1747): End process parallel broadcast: android.intent.action.TIME_TICK to android.widget.TextClock$2@3a379ee3
V/broadcast( 1747): Start process parallel broadcast: android.intent.action.TIME_TICK to com.android.systemui.statusbar.policy.DateView$1@3ddd325e
V/broadcast( 1747): End process parallel broadcast: android.intent.action.TIME_TICK to com.android.systemui.statusbar.policy.DateView$1@3ddd325e
V/broadcast( 1747): Start process parallel broadcast: android.intent.action.TIME_TICK to com.android.systemui.statusbar.policy.DateView$1@f3b463f
V/broadcast( 1747): End process parallel broadcast: android.intent.action.TIME_TICK to com.android.systemui.statusbar.policy.DateView$1@f3b463f
V/broadcast( 1747): Start process parallel broadcast: android.intent.action.TIME_TICK to android.widget.TextClock$2@2d4bcc55
V/broadcast( 1747): End process parallel broadcast: android.intent.action.TIME_TICK to android.widget.TextClock$2@2d4bcc55
V/broadcast( 1747): Start process parallel broadcast: android.intent.action.TIME_TICK to android.widget.TextClock$2@46166a
V/broadcast( 1747): End process parallel broadcast: android.intent.action.TIME_TICK to android.widget.TextClock$2@46166a
V/broadcast( 1747): Start process parallel broadcast: android.intent.action.TIME_TICK to android.widget.DateTimeView$ReceiverInfo$1@1a41ce0f
V/broadcast( 1747): End process parallel broadcast: android.intent.action.TIME_TICK to android.widget.DateTimeView$ReceiverInfo$1@1a41ce0f
I/wpa_supplicant( 2399): [CTRL_IFACE] wlan0: 'SIGNAL_POLL'
D/WifiStateMachine( 1554): for gzgd,change score (60)-->(56)
I/com.chinanetcenter.iSpeed( 2213): IptablesWatchdogThread > checkThreads
D/com.chinanetcenter.iSpeed( 2213): AccessibilityServiceDaemonTask > accessibilityEnabled = 1
W/System.err( 2574): java.net.UnknownHostException: Unable to resolve host "null": No address associated with hostname
W/System.err( 2574): 	at java.net.InetAddress.lookupHostByName(InetAddress.java:461)
W/System.err( 2574): 	at java.net.InetAddress.getAllByNameImpl(InetAddress.java:252)
W/System.err( 2574): 	at java.net.InetAddress.getAllByName(InetAddress.java:215)
W/System.err( 2574): 	at com.android.okhttp.HostResolver$1.getAllByName(HostResolver.java:29)
W/System.err( 2574): 	at com.android.okhttp.internal.http.RouteSelector.resetNextInetSocketAddress(RouteSelector.java:232)
W/System.err( 2574): 	at com.android.okhttp.internal.http.RouteSelector.next(RouteSelector.java:124)
W/System.err( 2574): 	at com.android.okhttp.internal.http.HttpEngine.connect(HttpEngine.java:272)
W/System.err( 2574): 	at com.android.okhttp.internal.http.HttpEngine.sendRequest(HttpEngine.java:211)
W/System.err( 2574): 	at com.android.okhttp.internal.http.HttpURLConnectionImpl.execute(HttpURLConnectionImpl.java:382)
W/System.err( 2574): 	at com.android.okhttp.internal.http.HttpURLConnectionImpl.connect(HttpURLConnectionImpl.java:106)
W/System.err( 2574): 	at com.android.okhttp.internal.http.HttpURLConnectionImpl.getOutputStream(HttpURLConnectionImpl.java:217)
W/System.err( 2574): 	at com.starcor.xul.XulWorker._doDownload(XulWorker.java:1193)
W/System.err( 2574): 	at com.starcor.xul.XulWorker.loadData(XulWorker.java:495)
W/System.err( 2574): 	at com.starcor.xulapp.http.XulHttpClientFilter.doHttpRequest(XulHttpClientFilter.java:92)
W/System.err( 2574): 	at com.starcor.xulapp.http.XulHttpClientFilter.access$000(XulHttpClientFilter.java:16)
W/System.err( 2574): 	at com.starcor.xulapp.http.XulHttpClientFilter$1.run(XulHttpClientFilter.java:144)
W/System.err( 2574): Caused by: android.system.GaiException: android_getaddrinfo failed: EAI_NODATA (No address associated with hostname)
W/System.err( 2574): 	at libcore.io.Posix.android_getaddrinfo(Native Method)
W/System.err( 2574): 	at libcore.io.ForwardingOs.android_getaddrinfo(ForwardingOs.java:55)
W/System.err( 2574): 	at java.net.InetAddress.lookupHostByName(InetAddress.java:442)
W/System.err( 2574): 	... 15 more
D/XulHttpStatisticFilter( 2574): ----- n602_a_1 -----
D/XulHttpStatisticFilter( 2574): REQU : 2.581 - OTT request compensator
D/XulHttpStatisticFilter( 2574): REQU : 0.023 - OTT Api cache
D/XulHttpStatisticFilter( 2574): REQU : 0.006 - OTT Fake Data
D/XulHttpStatisticFilter( 2574): RESP : 40040.953 - http client
D/XulHttpStatisticFilter( 2574): RESP : 0.006 - OTT Fake Data
D/XulHttpStatisticFilter( 2574): RESP : 0.015 - OTT Api cache
D/XulHttpStatisticFilter( 2574): RESP : 0.003 - OTT request compensator
D/DataUploader( 2574): uploadData response XulHttpResponse{code=1900, data=Object, headers=Object, message=Unable to resolve host "null": No address associated with hostname, request=Object} 
V/netx    ( 2182): gointo 4  out true
V/StatusBarService( 2182): true up0 true
I/com.chinanetcenter.iSpeed( 2213): IptablesWatchdogThread > checkThreads
I/com.chinanetcenter.iSpeed( 2213): IptablesWatchdogThread > checkThreads
V/netx    ( 2182): gointo 4  in true
V/StatusBarService( 2182): true up0 true
I/wpa_supplicant( 2399): [CTRL_IFACE] wlan0: 'SIGNAL_POLL'
D/WifiStateMachine( 1554): for gzgd,change score (60)-->(56)
I/com.chinanetcenter.iSpeed( 2213): IptablesWatchdogThread > checkThreads
I/com.chinanetcenter.iSpeed( 2213): IptablesWatchdogThread > checkThreads
V/netx    ( 2182): gointo 4  out true
V/StatusBarService( 2182): true up0 true
I/com.chinanetcenter.iSpeed( 2213): IptablesWatchdogThread > checkThreads
I/wpa_supplicant( 2399): [CTRL_IFACE] wlan0: 'SIGNAL_POLL'
D/WifiStateMachine( 1554): for gzgd,change score (60)-->(56)
D/com.chinanetcenter.iSpeed( 2213): AccessibilityServiceDaemonTask > accessibilityEnabled = 1
I/com.chinanetcenter.iSpeed( 2213): IptablesWatchdogThread > checkThreads
I/com.chinanetcenter.iSpeed( 2213): IptablesWatchdogThread > checkThreads
V/netx    ( 2182): gointo 4  out true
V/StatusBarService( 2182): true up0 true
V/netx    ( 2182): gointo 4  in true
V/StatusBarService( 2182): true up0 true
I/com.chinanetcenter.iSpeed( 2213): IptablesWatchdogThread > checkThreads
I/wpa_supplicant( 2399): [CTRL_IFACE] wlan0: 'SIGNAL_POLL'
D/WifiStateMachine( 1554): for gzgd,change score (60)-->(56)
I/com.chinanetcenter.iSpeed( 2213): IptablesWatchdogThread > checkThreads
I/com.chinanetcenter.iFlow( 2115): IptablesUtils > checkiSpeed iSpeed up, tcp        0      0 0.0.0.0:8123            0.0.0.0:*               LISTEN      2213/com.chinanetce
I/com.chinanetcenter.iFlow( 2115): 
D/com.chinanetcenter.iFlow( 2115): IptablesUtils > setBlackIpList already exist 255.255.255.255
D/com.chinanetcenter.iFlow( 2115): IptablesUtils > setBlackIpList already exist 224.0.0.0/4
D/com.chinanetcenter.iFlow( 2115): IptablesUtils > setBlackIpList already exist 10.0.0.0/8
D/com.chinanetcenter.iFlow( 2115): IptablesUtils > setBlackIpList already exist 192.168.0.0/16
D/com.chinanetcenter.iFlow( 2115): IptablesUtils > setBlackIpList already exist 172.16.0.0/12
D/com.chinanetcenter.iFlow( 2115): IptablesUtils > setBlackIpList already exist 169.254.0.0/16
D/com.chinanetcenter.iFlow( 2115): IptablesUtils > setBlackIpList already exist 127.0.0.0/8
E/WifiStateMachine( 1554): WifiStateMachine CMD_START_SCAN source -2 txSuccessRate=7.21 rxSuccessRate=10.82 targetRoamBSSID=56:c9:df:34:78:8f RSSI=-19
D/WifiStateMachine( 1554): L2Connected CMD_START_SCAN source -2 158, 159 ignore when user is not setting wifi UI, because wifi sta is connected
D/com.chinanetcenter.iFlow( 2115): IptablesUtils > setBlackPortList already exist dpt:68
D/com.chinanetcenter.iFlow( 2115): IptablesUtils > setBlackPortList already exist dpt:67
D/com.chinanetcenter.iFlow( 2115): IptablesUtils > setBlackPortList already exist dpt:5353
D/com.chinanetcenter.iFlow( 2115): IptablesUtils > setBlackPortList already exist dpt:53
I/com.chinanetcenter.iSpeed( 2213): IptablesWatchdogThread > checkThreads
D/launcher( 2182): [DataManager]start fetch last data loop count : 0
D/launcher( 2182): [DataManager]fetchLastData : is pass Auth ?   .true
D/launcher( 2182): [DataManager]auth pass,fetch Last Data.
I/DataManager( 2182): old cms areacode: 156520001001002
I/DataManager( 2182): new cms areacode: 156520001001002
D/launcher( 2182): [HttpUtils]request url:http://gzgd.ao.com/iepg/getRoleTab?areaCode=520101A&cmsAreaCode=156520001001002&version=010202&roleId=&productType=DVB&cp=&appType=moui&qamArea=&mac=1C:66:6D:FC:8D:D7&machine=SE818&hardware=8188&groupId=&isTest=0
I/launcher( 2182): [LocalDataSource]fetch roleinfo:{"ret":"0","planState":0,"livePolicy":null,"margin":"","planType":"0","backdoorsButtons":[],"videoId":"","actionList":[],"planVersion":81,"retInfo":"OK","roleList":[{"id":2100000004,"roleId":"101","roleName":"\u5927\u4f17a","roleDetail":"\u5927\u4f17\u4e3b\u9898a","wallPaper":null,"tabList":[{"tabId":1003000037,"tabName":"\u770b\u7535\u89c6","tabNameI18n":"","tabDetail":"\u5168\u7701\u5e03\u5c40_\u5e7f\u7535\u7cbe\u7075","tabIconUrl":"","tabBgUrl":"","sort":10,"adsorbPosition":"left","tabType":"11","spacing":10,"margin":"","size":150,"color":"#e37878","alpha":30,"tabStatusStyle":[],"productType":null,"type":"0","actions":[],"homeTab":0,"bizLink":null,"bootTab":0},{"tabId":1003000014,"tabName":"\u597d\u63a8\u8350","tabNameI18n":"","tabDetail":"\u89c6\u8fbe\u79d1\u5e03\u5c40","tabIconUrl":"","tabBgUrl":"","sort":11,"adsorbPosition":"left","tabType":"15","spacing":50,"margin":"","size":50,"color":"#f5c9d5","alpha":1,"tabStatusStyle":[],"productType":null,"type":"0","actions":[],"homeTab":0,"bizLink":null,"bootTab":0},{"tabId":1003000015,"tabName":"\u5f71\u89c6\u8ff7","tabNameI18n":"","tabDetail":"\u89c6\u8fbe\u79d1\u5e03\u5c40","tabIconUrl":"","tabBgUrl":"","sort":12,"adsorbPosition":"left","tabType":"0","spacing":50,"margin":"","size":50,"color":"#eddadf","alpha":0,"tabStatusStyle":[],"productType":null,"type":"0","actions":[],"homeTab":0,"bizLink":null,"bootTab":0},{"tabId":1003000016,"tabName":"\u513f\u5b59\u4e50","tabNameI18n":"","tabDetail":"\u89c6\u8fbe\u79d1\u5e03\u5c40","tabIconUrl":"","tabBgUrl":"","sort":13,"adsorbPosition":"left","tabType":"0","spacing":50,"margin":"","size":50,"color":"#e8ccd3","alpha":80,"tabStatusStyle":[],"productType":null,"type":"0","actions":[],"homeTab":0,"bizLink":null,"bootTab":0},{"tabId":1003000017,"tabName":"\u597d\u4fbf\u5b9c","tabNameI18n":"","tabDetail":"\u89c6\u8fbe\u79d1\u5e03\u5c40","tabIconUrl":"","tabBgUrl":"","sort":14,"adsorbPosition":"left","tabType":"0","spacing":50,"margin":"","size":50,"color":"#c2657e","alpha":223,"tabStatusStyle":[],"productType":null,"type":"0","actions":[],"homeTab":0,"bizLink":null,"bootTab":0},{"tabId":1003000018,"tabName":"\u5e7f\u7535\u4e91","tabNameI18n":"","tabDetail":"\u89c6\u8fbe\u79d1\u5e03\u5c40","tabIconUrl":"","tabBgUrl":"","sort":15,"adsorbPosition":"left","tabType":"0","spacing":50,"margin":"","size":50,"color":"#e0b6c1","alpha":80,"tabStatusStyle":[],"productType":null,"type":"0","actions":[],"homeTab":0,"bizLink":null,"bootTab":0},{"tabId":1003000019,"tabName":"\u66f4\u591a","tabNameI18n":"","tabDetail":"\u89c6\u8fbe\u79d1\u5e03\u5c40","tabIconUrl":"","tabBgUrl":"","sort":16,"adsorbPosition":"left","tabType":"0","spacing":50,"margin":"","size":50,"color":"#e09bad","alpha":6,"tabStatusStyle":[],"productType":null,"type":"0","actions":[],"homeTab":0,"bizLink":null,"bootTab":0},{"tabId":1003000008,"tabName":"\u83dc\u5355\u680f","tabNameI18n":"","tabDetail":"\u8d35\u5dde\u2161","tabIconUrl":"","tabBgUrl":"","sort":17,"adsorbPosition":"left","tabType":"0","spacing":90,"margin":"","size":50,"color":"#ffffff","alpha":80,"tabStatusStyle":[],"productType":null,"type":"1","actions":[],"homeTab":0,"bizLink":null,"bootTab":0}]}],"planId":1004000008,"option":0,"intervalTime":60}
D/launcher( 2182): [IOUtilsx]save content to /data/data/com.gzgd.launcher/files/portal/last/roleinfo
E/launcher( 2182): [DataManager]fetchLastData onError:Updated to the latest version
D/LogWindowManageView( 2182): addLogText
D/LogWindowManageView( 2182): mLogList count:53  3381
D/launcher( 2182): [DataManager]start fetch last data loop interval : 60 s ;
D/launcher( 2182): [Utils]RandomInterval:70
V/netx    ( 2182): gointo 4  out true
V/StatusBarService( 2182): true up0 true
D/com.chinanetcenter.iSpeed( 2213): AccessibilityServiceDaemonTask > accessibilityEnabled = 1
W/System.err( 2741): java.net.UnknownHostException: Unable to resolve host "null": No address associated with hostname
W/System.err( 2741): 	at java.net.InetAddress.lookupHostByName(InetAddress.java:461)
W/System.err( 2741): 	at java.net.InetAddress.getAllByNameImpl(InetAddress.java:252)
W/System.err( 2741): 	at java.net.InetAddress.getAllByName(InetAddress.java:215)
W/System.err( 2741): 	at com.android.okhttp.HostResolver$1.getAllByName(HostResolver.java:29)
W/System.err( 2741): 	at com.android.okhttp.internal.http.RouteSelector.resetNextInetSocketAddress(RouteSelector.java:232)
W/System.err( 2741): 	at com.android.okhttp.internal.http.RouteSelector.next(RouteSelector.java:124)
W/System.err( 2741): 	at com.android.okhttp.internal.http.HttpEngine.connect(HttpEngine.java:272)
W/System.err( 2741): 	at com.android.okhttp.internal.http.HttpEngine.sendRequest(HttpEngine.java:211)
W/System.err( 2741): 	at com.android.okhttp.internal.http.HttpURLConnectionImpl.execute(HttpURLConnectionImpl.java:382)
W/System.err( 2741): 	at com.android.okhttp.internal.http.HttpURLConnectionImpl.connect(HttpURLConnectionImpl.java:106)
W/System.err( 2741): 	at com.android.okhttp.internal.http.HttpURLConnectionImpl.getOutputStream(HttpURLConnectionImpl.java:217)
W/System.err( 2741): 	at com.starcor.xul.XulWorker._doDownload(XulWorker.java:1193)
W/System.err( 2741): 	at com.starcor.xul.XulWorker.loadData(XulWorker.java:495)
