W/ContextImpl( 1554): Calling a method in the system process without a qualified user: android.app.ContextImpl.sendBroadcast:1327 com.android.internal.policy.impl.PhoneWindowManager.interceptKeyBeforeDispatching:2462 com.android.server.wm.InputMonitor.interceptKeyBeforeDispatching:388 com.android.server.input.InputManagerService.interceptKeyBeforeDispatching:1470 <bottom of call stack> 
V/broadcast( 1554): Dispatching ordered broadcast: com.gzgd.KEYEVENT to ComponentInfo{com.gzgd.live/com.gzgd.live.globalkey.GlobalKeyReceiver}
V/broadcast( 2423): Start process ordered broadcast: com.gzgd.KEYEVENT to {com.gzgd.live/com.gzgd.live.globalkey.GlobalKeyReceiver}
W/ContextImpl( 2423): Calling a method in the system process without a qualified user: android.app.ContextImpl.startService:1692 android.content.ContextWrapper.startService:516 android.content.ContextWrapper.startService:516 com.gzgd.live.globalkey.GlobalKeyEventService.start:45 com.gzgd.live.globalkey.GlobalKeyReceiver.onReceive:21 
V/broadcast( 2423): End process ordered broadcast: com.gzgd.KEYEVENT to {com.gzgd.live/com.gzgd.live.globalkey.GlobalKeyReceiver}
W/ContextImpl( 1554): Calling a method in the system process without a qualified user: android.app.ContextImpl.sendBroadcast:1327 com.android.internal.policy.impl.PhoneWindowManager.interceptKeyBeforeDispatching:2462 com.android.server.wm.InputMonitor.interceptKeyBeforeDispatching:388 com.android.server.input.InputManagerService.interceptKeyBeforeDispatching:1470 <bottom of call stack> 
V/broadcast( 1554): Dispatching ordered broadcast: com.gzgd.KEYEVENT to ComponentInfo{com.gzgd.live/com.gzgd.live.globalkey.GlobalKeyReceiver}
V/broadcast( 2423): Start process ordered broadcast: com.gzgd.KEYEVENT to {com.gzgd.live/com.gzgd.live.globalkey.GlobalKeyReceiver}
W/ContextImpl( 2423): Calling a method in the system process without a qualified user: android.app.ContextImpl.startService:1692 android.content.ContextWrapper.startService:516 android.content.ContextWrapper.startService:516 com.gzgd.live.globalkey.GlobalKeyEventService.start:45 com.gzgd.live.globalkey.GlobalKeyReceiver.onReceive:21 
V/broadcast( 2423): End process ordered broadcast: com.gzgd.KEYEVENT to {com.gzgd.live/com.gzgd.live.globalkey.GlobalKeyReceiver}
V/broadcast( 1554): Start process parallel broadcast: android.intent.action.CLOSE_SYSTEM_DIALOGS to com.android.server.InputMethodManagerService$ImmsBroadcastReceiver@31c305f4
V/broadcast( 2028): Start process parallel broadcast: android.intent.action.CLOSE_SYSTEM_DIALOGS to xs@374b7427
V/broadcast( 2028): End process parallel broadcast: android.intent.action.CLOSE_SYSTEM_DIALOGS to xs@374b7427
V/broadcast( 1747): Start process parallel broadcast: android.intent.action.CLOSE_SYSTEM_DIALOGS to com.android.systemui.statusbar.phone.PhoneStatusBar$38@3f5701ae
I/ActivityManager( 1554): START u0 {act=android.intent.action.MAIN cat=[android.intent.category.HOME] flg=0x10200000 cmp=com.gzgd.launcher/.main.MainActivity} from uid 1000 on display 0
V/broadcast( 1747): End process parallel broadcast: android.intent.action.CLOSE_SYSTEM_DIALOGS to com.android.systemui.statusbar.phone.PhoneStatusBar$38@3f5701ae
V/broadcast( 1554): End process parallel broadcast: android.intent.action.CLOSE_SYSTEM_DIALOGS to com.android.server.InputMethodManagerService$ImmsBroadcastReceiver@31c305f4
I/ValidateNoPeople( 1554): skipping global notification
V/ActivityManager( 1554): set mstar.EnterOpaqueUI false
I/WUGUAN  ( 1554): pkg = zime.ui
I/WUGUAN  ( 1554): axr.toString() = TaskRecord{3dcc6e40 #1 A=com.gzgd.launcher U=0 sz=1}
I/WUGUAN  ( 1554): pkg = com.huawei.iptv.stb.videotalk.activity
I/WUGUAN  ( 1554): axr.toString() = TaskRecord{3dcc6e40 #1 A=com.gzgd.launcher U=0 sz=1}
I/WUGUAN  ( 1554): pkg = hw.media.singletest
I/WUGUAN  ( 1554): axr.toString() = TaskRecord{3dcc6e40 #1 A=com.gzgd.launcher U=0 sz=1}
I/WUGUAN  ( 1554): pkg = com.huawei.videoengineapp
I/WUGUAN  ( 1554): axr.toString() = TaskRecord{3dcc6e40 #1 A=com.gzgd.launcher U=0 sz=1}
I/ActivityManager( 1554): TR3) TaskRecord{3dcc6e40 #1 A=com.gzgd.launcher U=0 sz=1}
I/ActivityManager( 1554): TR2) TaskRecord{32d372a0 #5 A=com.gzgd.webapp.elf U=0 sz=1}
I/ActivityManager( 1554): TR3) TaskRecord{3dcc6e40 #1 A=com.gzgd.launcher U=0 sz=1}
I/ActivityManager( 1554): TR2) TaskRecord{32d372a0 #5 A=com.gzgd.webapp.elf U=0 sz=1}
W/ContextImpl( 2182): Calling a method in the system process without a qualified user: android.app.ContextImpl.sendBroadcast:1327 android.content.ContextWrapper.sendBroadcast:377 com.gzgd.launcher.lastchannel.BroadcastUtils.requestLastChannel:34 com.gzgd.launcher.main.content.cell.VideoCellLayout.getLastChannel:333 com.gzgd.launcher.main.content.cell.VideoCellLayout.checkoutLastChannel:316 
V/broadcast( 1554): Dispatching ordered broadcast: com.gzgd.live.getlastchannel to ComponentInfo{com.gzgd.live/com.gzgd.live.lastchannel.ChannelReceiver}
V/broadcast( 2423): Start process ordered broadcast: com.gzgd.live.getlastchannel to {com.gzgd.live/com.gzgd.live.lastchannel.ChannelReceiver}
V/broadcast( 2423): End process ordered broadcast: com.gzgd.live.getlastchannel to {com.gzgd.live/com.gzgd.live.lastchannel.ChannelReceiver}
V/broadcast( 2182): Start process parallel broadcast: android.net.conn.CONNECTIVITY_CHANGE to com.bumptech.glide.manager.DefaultConnectivityMonitor$1@335fd0d7
V/broadcast( 2182): End process parallel broadcast: android.net.conn.CONNECTIVITY_CHANGE to com.bumptech.glide.manager.DefaultConnectivityMonitor$1@335fd0d7
V/broadcast( 2182): Start process parallel broadcast: android.net.conn.CONNECTIVITY_CHANGE to com.gzgd.launcher.main.content.cell.MPlayer$NetWorkBroadcast@49974c5
V/broadcast( 2182): End process parallel broadcast: android.net.conn.CONNECTIVITY_CHANGE to com.gzgd.launcher.main.content.cell.MPlayer$NetWorkBroadcast@49974c5
I/ValidateNoPeople( 1554): skipping global notification
W/InputMethodManagerService( 1554): Starting input on non-focused client com.android.internal.view.IInputMethodClient$Stub$Proxy@2c8f5a3d (uid=10032 pid=1833)
W/ContextImpl( 2423): Calling a method in the system process without a qualified user: android.app.ContextImpl.sendBroadcast:1327 android.content.ContextWrapper.sendBroadcast:377 com.gzgd.live.lastchannel.BroadcastUtils.respondLastChannel:32 com.gzgd.live.presenter.MainPresenter$MainPresenterHandler.handlerSuccessResponse:1203 com.gzgd.live.presenter.MainPresenter$MainPresenterHandler.handleMessage:1052 
V/broadcast( 1554): Dispatching ordered broadcast: com.gzgd.live.getlastchannel.response to ComponentInfo{com.gzgd.launcher/com.gzgd.launcher.lastchannel.LastChannelReceiver}
V/broadcast( 2182): Start process ordered broadcast: com.gzgd.live.getlastchannel.response to {com.gzgd.launcher/com.gzgd.launcher.lastchannel.LastChannelReceiver}
V/broadcast( 2182): End process ordered broadcast: com.gzgd.live.getlastchannel.response to {com.gzgd.launcher/com.gzgd.launcher.lastchannel.LastChannelReceiver}
W/ContextImpl( 1554): Calling a method in the system process without a qualified user: android.app.ContextImpl.sendBroadcast:1327 com.android.internal.policy.impl.PhoneWindowManager.interceptKeyBeforeDispatching:2462 com.android.server.wm.InputMonitor.interceptKeyBeforeDispatching:388 com.android.server.input.InputManagerService.interceptKeyBeforeDispatching:1470 <bottom of call stack> 
V/broadcast( 1554): Dispatching ordered broadcast: com.gzgd.KEYEVENT to ComponentInfo{com.gzgd.live/com.gzgd.live.globalkey.GlobalKeyReceiver}
V/broadcast( 2423): Start process ordered broadcast: com.gzgd.KEYEVENT to {com.gzgd.live/com.gzgd.live.globalkey.GlobalKeyReceiver}
W/ContextImpl( 2423): Calling a method in the system process without a qualified user: android.app.ContextImpl.startService:1692 android.content.ContextWrapper.startService:516 android.content.ContextWrapper.startService:516 com.gzgd.live.globalkey.GlobalKeyEventService.start:45 com.gzgd.live.globalkey.GlobalKeyReceiver.onReceive:21 
V/broadcast( 2423): End process ordered broadcast: com.gzgd.KEYEVENT to {com.gzgd.live/com.gzgd.live.globalkey.GlobalKeyReceiver}
W/ContextImpl( 1554): Calling a method in the system process without a qualified user: android.app.ContextImpl.sendBroadcast:1327 com.android.internal.policy.impl.PhoneWindowManager.interceptKeyBeforeDispatching:2462 com.android.server.wm.InputMonitor.interceptKeyBeforeDispatching:388 com.android.server.input.InputManagerService.interceptKeyBeforeDispatching:1470 <bottom of call stack> 
V/broadcast( 1554): Dispatching ordered broadcast: com.gzgd.KEYEVENT to ComponentInfo{com.gzgd.live/com.gzgd.live.globalkey.GlobalKeyReceiver}
V/broadcast( 2423): Start process ordered broadcast: com.gzgd.KEYEVENT to {com.gzgd.live/com.gzgd.live.globalkey.GlobalKeyReceiver}
W/ContextImpl( 2423): Calling a method in the system process without a qualified user: android.app.ContextImpl.startService:1692 android.content.ContextWrapper.startService:516 android.content.ContextWrapper.startService:516 com.gzgd.live.globalkey.GlobalKeyEventService.start:45 com.gzgd.live.globalkey.GlobalKeyReceiver.onReceive:21 
V/broadcast( 2423): End process ordered broadcast: com.gzgd.KEYEVENT to {com.gzgd.live/com.gzgd.live.globalkey.GlobalKeyReceiver}
W/ContextImpl( 1554): Calling a method in the system process without a qualified user: android.app.ContextImpl.sendBroadcast:1327 com.android.internal.policy.impl.PhoneWindowManager.interceptKeyBeforeDispatching:2462 com.android.server.wm.InputMonitor.interceptKeyBeforeDispatching:388 com.android.server.input.InputManagerService.interceptKeyBeforeDispatching:1470 <bottom of call stack> 
V/broadcast( 1554): Dispatching ordered broadcast: com.gzgd.KEYEVENT to ComponentInfo{com.gzgd.live/com.gzgd.live.globalkey.GlobalKeyReceiver}
V/broadcast( 2423): Start process ordered broadcast: com.gzgd.KEYEVENT to {com.gzgd.live/com.gzgd.live.globalkey.GlobalKeyReceiver}
W/ContextImpl( 2423): Calling a method in the system process without a qualified user: android.app.ContextImpl.startService:1692 android.content.ContextWrapper.startService:516 android.content.ContextWrapper.startService:516 com.gzgd.live.globalkey.GlobalKeyEventService.start:45 com.gzgd.live.globalkey.GlobalKeyReceiver.onReceive:21 
V/broadcast( 2423): End process ordered broadcast: com.gzgd.KEYEVENT to {com.gzgd.live/com.gzgd.live.globalkey.GlobalKeyReceiver}
W/ContextImpl( 1554): Calling a method in the system process without a qualified user: android.app.ContextImpl.sendBroadcast:1327 com.android.internal.policy.impl.PhoneWindowManager.interceptKeyBeforeDispatching:2462 com.android.server.wm.InputMonitor.interceptKeyBeforeDispatching:388 com.android.server.input.InputManagerService.interceptKeyBeforeDispatching:1470 <bottom of call stack> 
V/broadcast( 1554): Dispatching ordered broadcast: com.gzgd.KEYEVENT to ComponentInfo{com.gzgd.live/com.gzgd.live.globalkey.GlobalKeyReceiver}
V/broadcast( 2423): Start process ordered broadcast: com.gzgd.KEYEVENT to {com.gzgd.live/com.gzgd.live.globalkey.GlobalKeyReceiver}
W/ContextImpl( 2423): Calling a method in the system process without a qualified user: android.app.ContextImpl.startService:1692 android.content.ContextWrapper.startService:516 android.content.ContextWrapper.startService:516 com.gzgd.live.globalkey.GlobalKeyEventService.start:45 com.gzgd.live.globalkey.GlobalKeyReceiver.onReceive:21 
V/broadcast( 2423): End process ordered broadcast: com.gzgd.KEYEVENT to {com.gzgd.live/com.gzgd.live.globalkey.GlobalKeyReceiver}
W/ContextImpl( 1554): Calling a method in the system process without a qualified user: android.app.ContextImpl.sendBroadcast:1327 com.android.internal.policy.impl.PhoneWindowManager.interceptKeyBeforeDispatching:2462 com.android.server.wm.InputMonitor.interceptKeyBeforeDispatching:388 com.android.server.input.InputManagerService.interceptKeyBeforeDispatching:1470 <bottom of call stack> 
V/broadcast( 1554): Dispatching ordered broadcast: com.gzgd.KEYEVENT to ComponentInfo{com.gzgd.live/com.gzgd.live.globalkey.GlobalKeyReceiver}
V/broadcast( 2423): Start process ordered broadcast: com.gzgd.KEYEVENT to {com.gzgd.live/com.gzgd.live.globalkey.GlobalKeyReceiver}
W/ContextImpl( 2423): Calling a method in the system process without a qualified user: android.app.ContextImpl.startService:1692 android.content.ContextWrapper.startService:516 android.content.ContextWrapper.startService:516 com.gzgd.live.globalkey.GlobalKeyEventService.start:45 com.gzgd.live.globalkey.GlobalKeyReceiver.onReceive:21 
V/broadcast( 2423): End process ordered broadcast: com.gzgd.KEYEVENT to {com.gzgd.live/com.gzgd.live.globalkey.GlobalKeyReceiver}
W/ContextImpl( 1554): Calling a method in the system process without a qualified user: android.app.ContextImpl.sendBroadcast:1327 com.android.internal.policy.impl.PhoneWindowManager.interceptKeyBeforeDispatching:2462 com.android.server.wm.InputMonitor.interceptKeyBeforeDispatching:388 com.android.server.input.InputManagerService.interceptKeyBeforeDispatching:1470 <bottom of call stack> 
V/broadcast( 1554): Dispatching ordered broadcast: com.gzgd.KEYEVENT to ComponentInfo{com.gzgd.live/com.gzgd.live.globalkey.GlobalKeyReceiver}
V/broadcast( 2423): Start process ordered broadcast: com.gzgd.KEYEVENT to {com.gzgd.live/com.gzgd.live.globalkey.GlobalKeyReceiver}
W/ContextImpl( 2423): Calling a method in the system process without a qualified user: android.app.ContextImpl.startService:1692 android.content.ContextWrapper.startService:516 android.content.ContextWrapper.startService:516 com.gzgd.live.globalkey.GlobalKeyEventService.start:45 com.gzgd.live.globalkey.GlobalKeyReceiver.onReceive:21 
V/broadcast( 2423): End process ordered broadcast: com.gzgd.KEYEVENT to {com.gzgd.live/com.gzgd.live.globalkey.GlobalKeyReceiver}
W/ContextImpl( 1554): Calling a method in the system process without a qualified user: android.app.ContextImpl.sendBroadcast:1327 com.android.internal.policy.impl.PhoneWindowManager.interceptKeyBeforeDispatching:2462 com.android.server.wm.InputMonitor.interceptKeyBeforeDispatching:388 com.android.server.input.InputManagerService.interceptKeyBeforeDispatching:1470 <bottom of call stack> 
V/broadcast( 1554): Dispatching ordered broadcast: com.gzgd.KEYEVENT to ComponentInfo{com.gzgd.live/com.gzgd.live.globalkey.GlobalKeyReceiver}
V/broadcast( 2423): Start process ordered broadcast: com.gzgd.KEYEVENT to {com.gzgd.live/com.gzgd.live.globalkey.GlobalKeyReceiver}
W/ContextImpl( 2423): Calling a method in the system process without a qualified user: android.app.ContextImpl.startService:1692 android.content.ContextWrapper.startService:516 android.content.ContextWrapper.startService:516 com.gzgd.live.globalkey.GlobalKeyEventService.start:45 com.gzgd.live.globalkey.GlobalKeyReceiver.onReceive:21 
V/broadcast( 2423): End process ordered broadcast: com.gzgd.KEYEVENT to {com.gzgd.live/com.gzgd.live.globalkey.GlobalKeyReceiver}
W/ContextImpl( 1554): Calling a method in the system process without a qualified user: android.app.ContextImpl.sendBroadcast:1327 com.android.internal.policy.impl.PhoneWindowManager.interceptKeyBeforeDispatching:2462 com.android.server.wm.InputMonitor.interceptKeyBeforeDispatching:388 com.android.server.input.InputManagerService.interceptKeyBeforeDispatching:1470 <bottom of call stack> 
V/broadcast( 1554): Dispatching ordered broadcast: com.gzgd.KEYEVENT to ComponentInfo{com.gzgd.live/com.gzgd.live.globalkey.GlobalKeyReceiver}
V/broadcast( 2423): Start process ordered broadcast: com.gzgd.KEYEVENT to {com.gzgd.live/com.gzgd.live.globalkey.GlobalKeyReceiver}
W/ContextImpl( 2423): Calling a method in the system process without a qualified user: android.app.ContextImpl.startService:1692 android.content.ContextWrapper.startService:516 android.content.ContextWrapper.startService:516 com.gzgd.live.globalkey.GlobalKeyEventService.start:45 com.gzgd.live.globalkey.GlobalKeyReceiver.onReceive:21 
V/broadcast( 2423): End process ordered broadcast: com.gzgd.KEYEVENT to {com.gzgd.live/com.gzgd.live.globalkey.GlobalKeyReceiver}
W/ContextImpl( 1554): Calling a method in the system process without a qualified user: android.app.ContextImpl.sendBroadcast:1327 com.android.internal.policy.impl.PhoneWindowManager.interceptKeyBeforeDispatching:2462 com.android.server.wm.InputMonitor.interceptKeyBeforeDispatching:388 com.android.server.input.InputManagerService.interceptKeyBeforeDispatching:1470 <bottom of call stack> 
V/broadcast( 1554): Dispatching ordered broadcast: com.gzgd.KEYEVENT to ComponentInfo{com.gzgd.live/com.gzgd.live.globalkey.GlobalKeyReceiver}
V/broadcast( 2423): Start process ordered broadcast: com.gzgd.KEYEVENT to {com.gzgd.live/com.gzgd.live.globalkey.GlobalKeyReceiver}
W/ContextImpl( 2423): Calling a method in the system process without a qualified user: android.app.ContextImpl.startService:1692 android.content.ContextWrapper.startService:516 android.content.ContextWrapper.startService:516 com.gzgd.live.globalkey.GlobalKeyEventService.start:45 com.gzgd.live.globalkey.GlobalKeyReceiver.onReceive:21 
V/broadcast( 2423): End process ordered broadcast: com.gzgd.KEYEVENT to {com.gzgd.live/com.gzgd.live.globalkey.GlobalKeyReceiver}
W/ContextImpl( 1554): Calling a method in the system process without a qualified user: android.app.ContextImpl.sendBroadcast:1327 com.android.internal.policy.impl.PhoneWindowManager.interceptKeyBeforeDispatching:2462 com.android.server.wm.InputMonitor.interceptKeyBeforeDispatching:388 com.android.server.input.InputManagerService.interceptKeyBeforeDispatching:1470 <bottom of call stack> 
V/broadcast( 1554): Dispatching ordered broadcast: com.gzgd.KEYEVENT to ComponentInfo{com.gzgd.live/com.gzgd.live.globalkey.GlobalKeyReceiver}
V/broadcast( 2423): Start process ordered broadcast: com.gzgd.KEYEVENT to {com.gzgd.live/com.gzgd.live.globalkey.GlobalKeyReceiver}
W/ContextImpl( 2423): Calling a method in the system process without a qualified user: android.app.ContextImpl.startService:1692 android.content.ContextWrapper.startService:516 android.content.ContextWrapper.startService:516 com.gzgd.live.globalkey.GlobalKeyEventService.start:45 com.gzgd.live.globalkey.GlobalKeyReceiver.onReceive:21 
V/broadcast( 2423): End process ordered broadcast: com.gzgd.KEYEVENT to {com.gzgd.live/com.gzgd.live.globalkey.GlobalKeyReceiver}
W/ContextImpl( 1554): Calling a method in the system process without a qualified user: android.app.ContextImpl.sendBroadcast:1327 com.android.internal.policy.impl.PhoneWindowManager.interceptKeyBeforeDispatching:2462 com.android.server.wm.InputMonitor.interceptKeyBeforeDispatching:388 com.android.server.input.InputManagerService.interceptKeyBeforeDispatching:1470 <bottom of call stack> 
V/broadcast( 1554): Dispatching ordered broadcast: com.gzgd.KEYEVENT to ComponentInfo{com.gzgd.live/com.gzgd.live.globalkey.GlobalKeyReceiver}
V/broadcast( 2423): Start process ordered broadcast: com.gzgd.KEYEVENT to {com.gzgd.live/com.gzgd.live.globalkey.GlobalKeyReceiver}
W/ContextImpl( 2423): Calling a method in the system process without a qualified user: android.app.ContextImpl.startService:1692 android.content.ContextWrapper.startService:516 android.content.ContextWrapper.startService:516 com.gzgd.live.globalkey.GlobalKeyEventService.start:45 com.gzgd.live.globalkey.GlobalKeyReceiver.onReceive:21 
V/broadcast( 2423): End process ordered broadcast: com.gzgd.KEYEVENT to {com.gzgd.live/com.gzgd.live.globalkey.GlobalKeyReceiver}
V/broadcast( 1554): Start process parallel broadcast: android.intent.action.TIME_TICK to com.android.server.AlarmManagerService$ClockReceiver@3955c6cc
V/broadcast( 1554): End process parallel broadcast: android.intent.action.TIME_TICK to com.android.server.AlarmManagerService$ClockReceiver@3955c6cc
V/broadcast( 1747): Start process parallel broadcast: android.intent.action.TIME_TICK to com.android.keyguard.KeyguardUpdateMonitor$3@3d54af6d
V/broadcast( 1747): End process parallel broadcast: android.intent.action.TIME_TICK to com.android.keyguard.KeyguardUpdateMonitor$3@3d54af6d
V/broadcast( 1747): Start process parallel broadcast: android.intent.action.TIME_TICK to com.android.systemui.statusbar.KeyguardIndicationController$2@29d0c0b4
V/broadcast( 1747): End process parallel broadcast: android.intent.action.TIME_TICK to com.android.systemui.statusbar.KeyguardIndicationController$2@29d0c0b4
V/broadcast( 1747): Start process parallel broadcast: android.intent.action.TIME_TICK to com.android.systemui.statusbar.policy.Clock$1@27019886
V/broadcast( 1747): End process parallel broadcast: android.intent.action.TIME_TICK to com.android.systemui.statusbar.policy.Clock$1@27019886
V/broadcast( 1747): Start process parallel broadcast: android.intent.action.TIME_TICK to android.widget.TextClock$2@1f4eb712
V/broadcast( 1747): End process parallel broadcast: android.intent.action.TIME_TICK to android.widget.TextClock$2@1f4eb712
V/broadcast( 1747): Start process parallel broadcast: android.intent.action.TIME_TICK to android.widget.TextClock$2@3a379ee3
V/broadcast( 1747): End process parallel broadcast: android.intent.action.TIME_TICK to android.widget.TextClock$2@3a379ee3
V/broadcast( 1747): Start process parallel broadcast: android.intent.action.TIME_TICK to com.android.systemui.statusbar.policy.DateView$1@3ddd325e
V/broadcast( 1747): End process parallel broadcast: android.intent.action.TIME_TICK to com.android.systemui.statusbar.policy.DateView$1@3ddd325e
V/broadcast( 1747): Start process parallel broadcast: android.intent.action.TIME_TICK to com.android.systemui.statusbar.policy.DateView$1@f3b463f
V/broadcast( 1747): End process parallel broadcast: android.intent.action.TIME_TICK to com.android.systemui.statusbar.policy.DateView$1@f3b463f
V/broadcast( 1747): Start process parallel broadcast: android.intent.action.TIME_TICK to android.widget.TextClock$2@2d4bcc55
V/broadcast( 1747): End process parallel broadcast: android.intent.action.TIME_TICK to android.widget.TextClock$2@2d4bcc55
V/broadcast( 1747): Start process parallel broadcast: android.intent.action.TIME_TICK to android.widget.TextClock$2@46166a
V/broadcast( 1747): End process parallel broadcast: android.intent.action.TIME_TICK to android.widget.TextClock$2@46166a
V/broadcast( 1747): Start process parallel broadcast: android.intent.action.TIME_TICK to android.widget.DateTimeView$ReceiverInfo$1@1a41ce0f
V/broadcast( 1747): End process parallel broadcast: android.intent.action.TIME_TICK to android.widget.DateTimeView$ReceiverInfo$1@1a41ce0f
V/broadcast( 1554): Start process parallel broadcast: android.net.wifi.DHCP_RENEW to android.net.DhcpStateMachine$1@9f19b09
V/broadcast( 1554): End process parallel broadcast: android.net.wifi.DHCP_RENEW to android.net.DhcpStateMachine$1@9f19b09
D/ConnectivityService( 1554): NetworkAgentInfo [WIFI () - 100] EVENT_NETWORK_INFO_CHANGED, going from CONNECTED to CONNECTING
V/broadcast( 1554): Start process parallel broadcast: android.net.wifi.STATE_CHANGE to com.android.server.wifi.WifiTrafficPoller$1@152ab276
V/broadcast( 1554): End process parallel broadcast: android.net.wifi.STATE_CHANGE to com.android.server.wifi.WifiTrafficPoller$1@152ab276
V/broadcast( 1554): Start process parallel broadcast: android.net.wifi.STATE_CHANGE to com.android.server.net.NetworkPolicyManagerService$11@3a3c6790
V/broadcast( 1554): Start process parallel broadcast: android.net.wifi.STATE_CHANGE to com.android.server.wifi.WifiNotificationController$1@15a642c5
V/broadcast( 1554): End process parallel broadcast: android.net.wifi.STATE_CHANGE to com.android.server.wifi.WifiNotificationController$1@15a642c5
V/broadcast( 1554): Start process parallel broadcast: android.net.wifi.STATE_CHANGE to com.android.server.wifi.WifiController$1@160c4d3b
V/broadcast( 1554): End process parallel broadcast: android.net.wifi.STATE_CHANGE to com.android.server.net.NetworkPolicyManagerService$11@3a3c6790
V/broadcast( 1554): End process parallel broadcast: android.net.wifi.STATE_CHANGE to com.android.server.wifi.WifiController$1@160c4d3b
V/broadcast( 1554): Start process parallel broadcast: android.net.wifi.STATE_CHANGE to com.android.server.wifi.WifiServiceImpl$2@1fb830dd
V/broadcast( 1554): End process parallel broadcast: android.net.wifi.STATE_CHANGE to com.android.server.wifi.WifiServiceImpl$2@1fb830dd
V/broadcast( 1554): Start process parallel broadcast: android.net.wifi.STATE_CHANGE to com.android.server.wifi.WifiWatchdogStateMachine$1@19cdbe7f
V/broadcast( 1554): End process parallel broadcast: android.net.wifi.STATE_CHANGE to com.android.server.wifi.WifiWatchdogStateMachine$1@19cdbe7f
V/broadcast( 1747): Start process parallel broadcast: android.net.wifi.STATE_CHANGE to com.android.systemui.statusbar.policy.NetworkControllerImpl@27cf21d9
V/broadcast( 2028): Start process parallel broadcast: android.net.wifi.STATE_CHANGE to xv@345c307d
D/StatusBar.MstarUtil( 1747): showNotification entry.
V/broadcast( 2028): End process parallel broadcast: android.net.wifi.STATE_CHANGE to xv@345c307d
V/broadcast( 1554): Start process parallel broadcast: android.net.wifi.STATE_CHANGE to com.android.server.net.NetworkPolicyManagerService$11@3a3c6790
V/broadcast( 1554): End process parallel broadcast: android.net.wifi.STATE_CHANGE to com.android.server.net.NetworkPolicyManagerService$11@3a3c6790
D/ConnectivityService( 1554): NetworkAgentInfo [WIFI () - 100] EVENT_NETWORK_INFO_CHANGED, going from CONNECTING to CONNECTED
V/broadcast( 1554): Start process parallel broadcast: android.net.wifi.STATE_CHANGE to com.android.server.wifi.WifiTrafficPoller$1@152ab276
V/broadcast( 1554): End process parallel broadcast: android.net.wifi.STATE_CHANGE to com.android.server.wifi.WifiTrafficPoller$1@152ab276
V/broadcast( 1554): Start process parallel broadcast: android.net.wifi.STATE_CHANGE to com.android.server.wifi.WifiNotificationController$1@15a642c5
V/broadcast( 1554): End process parallel broadcast: android.net.wifi.STATE_CHANGE to com.android.server.wifi.WifiNotificationController$1@15a642c5
V/broadcast( 2028): Start process parallel broadcast: android.net.wifi.STATE_CHANGE to xv@345c307d
V/broadcast( 1554): Start process parallel broadcast: android.net.wifi.STATE_CHANGE to com.android.server.wifi.WifiController$1@160c4d3b
V/broadcast( 1554): End process parallel broadcast: android.net.wifi.STATE_CHANGE to com.android.server.wifi.WifiController$1@160c4d3b
V/broadcast( 1554): Start process parallel broadcast: android.net.wifi.STATE_CHANGE to com.android.server.wifi.WifiServiceImpl$2@1fb830dd
V/broadcast( 1554): End process parallel broadcast: android.net.wifi.STATE_CHANGE to com.android.server.wifi.WifiServiceImpl$2@1fb830dd
V/broadcast( 1554): Start process parallel broadcast: android.net.wifi.STATE_CHANGE to com.android.server.wifi.WifiWatchdogStateMachine$1@19cdbe7f
V/broadcast( 1554): End process parallel broadcast: android.net.wifi.STATE_CHANGE to com.android.server.wifi.WifiWatchdogStateMachine$1@19cdbe7f
V/broadcast( 2028): End process parallel broadcast: android.net.wifi.STATE_CHANGE to xv@345c307d
V/broadcast( 1554): Start process parallel broadcast: android.net.wifi.STATE_CHANGE to com.android.server.wifi.WifiTrafficPoller$1@152ab276
V/broadcast( 1554): End process parallel broadcast: android.net.wifi.STATE_CHANGE to com.android.server.wifi.WifiTrafficPoller$1@152ab276
V/broadcast( 1554): Start process parallel broadcast: android.net.wifi.STATE_CHANGE to com.android.server.wifi.WifiNotificationController$1@15a642c5
V/broadcast( 1554): End process parallel broadcast: android.net.wifi.STATE_CHANGE to com.android.server.wifi.WifiNotificationController$1@15a642c5
V/broadcast( 1554): Start process parallel broadcast: android.net.wifi.STATE_CHANGE to com.android.server.net.NetworkPolicyManagerService$11@3a3c6790
V/broadcast( 1554): Start process parallel broadcast: android.net.wifi.STATE_CHANGE to com.android.server.wifi.WifiController$1@160c4d3b
V/broadcast( 1554): End process parallel broadcast: android.net.wifi.STATE_CHANGE to com.android.server.wifi.WifiController$1@160c4d3b
V/broadcast( 1554): Start process parallel broadcast: android.net.wifi.STATE_CHANGE to com.android.server.wifi.WifiServiceImpl$2@1fb830dd
V/broadcast( 1554): End process parallel broadcast: android.net.wifi.STATE_CHANGE to com.android.server.wifi.WifiServiceImpl$2@1fb830dd
V/broadcast( 1554): Start process parallel broadcast: android.net.wifi.STATE_CHANGE to com.android.server.wifi.WifiWatchdogStateMachine$1@19cdbe7f
V/broadcast( 1554): End process parallel broadcast: android.net.wifi.STATE_CHANGE to com.android.server.wifi.WifiWatchdogStateMachine$1@19cdbe7f
V/broadcast( 2028): Start process parallel broadcast: android.net.wifi.STATE_CHANGE to xv@345c307d
V/broadcast( 1747): End process parallel broadcast: android.net.wifi.STATE_CHANGE to com.android.systemui.statusbar.policy.NetworkControllerImpl@27cf21d9
V/broadcast( 1747): Start process parallel broadcast: android.net.wifi.STATE_CHANGE to com.android.systemui.statusbar.policy.NetworkControllerImpl@27cf21d9
V/broadcast( 1554): Start process parallel broadcast: android.net.wifi.STATE_CHANGE to com.android.server.wifi.WifiTrafficPoller$1@152ab276
V/broadcast( 1554): End process parallel broadcast: android.net.wifi.STATE_CHANGE to com.android.server.wifi.WifiTrafficPoller$1@152ab276
V/broadcast( 1554): Start process parallel broadcast: android.net.wifi.STATE_CHANGE to com.android.server.wifi.WifiNotificationController$1@15a642c5
V/broadcast( 1554): End process parallel broadcast: android.net.wifi.STATE_CHANGE to com.android.server.wifi.WifiNotificationController$1@15a642c5
V/broadcast( 1554): Start process parallel broadcast: android.net.wifi.STATE_CHANGE to com.android.server.wifi.WifiController$1@160c4d3b
V/broadcast( 1554): End process parallel broadcast: android.net.wifi.STATE_CHANGE to com.android.server.wifi.WifiController$1@160c4d3b
V/broadcast( 1554): Start process parallel broadcast: android.net.wifi.STATE_CHANGE to com.android.server.wifi.WifiServiceImpl$2@1fb830dd
V/broadcast( 1554): End process parallel broadcast: android.net.wifi.STATE_CHANGE to com.android.server.wifi.WifiServiceImpl$2@1fb830dd
V/broadcast( 1747): End process parallel broadcast: android.net.wifi.STATE_CHANGE to com.android.systemui.statusbar.policy.NetworkControllerImpl@27cf21d9
V/broadcast( 1554): Start process parallel broadcast: android.net.wifi.STATE_CHANGE to com.android.server.wifi.WifiWatchdogStateMachine$1@19cdbe7f
V/broadcast( 1554): End process parallel broadcast: android.net.wifi.STATE_CHANGE to com.android.server.wifi.WifiWatchdogStateMachine$1@19cdbe7f
V/broadcast( 2028): End process parallel broadcast: android.net.wifi.STATE_CHANGE to xv@345c307d
V/broadcast( 1554): Dispatching ordered broadcast: sogou.action.send.errorlog to ComponentInfo{com.sohu.inputmethod.sogou.tv/com.sohu.inputmethod.settings.AutoUpgradeReceiver}
V/broadcast( 2028): Start process parallel broadcast: android.net.wifi.STATE_CHANGE to xv@345c307d
V/broadcast( 1747): Start process parallel broadcast: android.net.wifi.STATE_CHANGE to com.android.systemui.statusbar.policy.NetworkControllerImpl@27cf21d9
D/StatusBar.MstarUtil( 1747): showNotification entry.
V/broadcast( 2028): End process parallel broadcast: android.net.wifi.STATE_CHANGE to xv@345c307d
V/broadcast( 2028): Start process ordered broadcast: sogou.action.send.errorlog to {com.sohu.inputmethod.sogou.tv/com.sohu.inputmethod.settings.AutoUpgradeReceiver}
V/broadcast( 2028): End process ordered broadcast: sogou.action.send.errorlog to {com.sohu.inputmethod.sogou.tv/com.sohu.inputmethod.settings.AutoUpgradeReceiver}
V/broadcast( 1554): Dispatching ordered broadcast: sogou.action.autoupgrade.other to ComponentInfo{com.sohu.inputmethod.sogou.tv/com.sohu.inputmethod.settings.AutoUpgradeReceiver}
V/broadcast( 1747): End process parallel broadcast: android.net.wifi.STATE_CHANGE to com.android.systemui.statusbar.policy.NetworkControllerImpl@27cf21d9
V/broadcast( 1747): Start process parallel broadcast: android.net.wifi.STATE_CHANGE to com.android.systemui.statusbar.policy.NetworkControllerImpl@27cf21d9
V/broadcast( 2028): Start process ordered broadcast: sogou.action.autoupgrade.other to {com.sohu.inputmethod.sogou.tv/com.sohu.inputmethod.settings.AutoUpgradeReceiver}
V/broadcast( 2028): End process ordered broadcast: sogou.action.autoupgrade.other to {com.sohu.inputmethod.sogou.tv/com.sohu.inputmethod.settings.AutoUpgradeReceiver}
V/broadcast( 1554): Dispatching ordered broadcast: sogou.action.send.errorlog to ComponentInfo{com.sohu.inputmethod.sogou.tv/com.sohu.inputmethod.settings.AutoUpgradeReceiver}
V/broadcast( 1747): End process parallel broadcast: android.net.wifi.STATE_CHANGE to com.android.systemui.statusbar.policy.NetworkControllerImpl@27cf21d9
V/broadcast( 2028): Start process ordered broadcast: sogou.action.send.errorlog to {com.sohu.inputmethod.sogou.tv/com.sohu.inputmethod.settings.AutoUpgradeReceiver}
V/broadcast( 2028): End process ordered broadcast: sogou.action.send.errorlog to {com.sohu.inputmethod.sogou.tv/com.sohu.inputmethod.settings.AutoUpgradeReceiver}
V/broadcast( 1554): Dispatching ordered broadcast: sogou.action.autoupgrade.other to ComponentInfo{com.sohu.inputmethod.sogou.tv/com.sohu.inputmethod.settings.AutoUpgradeReceiver}
V/broadcast( 2028): Start process ordered broadcast: sogou.action.autoupgrade.other to {com.sohu.inputmethod.sogou.tv/com.sohu.inputmethod.settings.AutoUpgradeReceiver}
V/broadcast( 2028): End process ordered broadcast: sogou.action.autoupgrade.other to {com.sohu.inputmethod.sogou.tv/com.sohu.inputmethod.settings.AutoUpgradeReceiver}
V/broadcast( 1554): End process parallel broadcast: android.net.wifi.STATE_CHANGE to com.android.server.net.NetworkPolicyManagerService$11@3a3c6790
V/broadcast( 1554): Start process parallel broadcast: android.net.wifi.STATE_CHANGE to com.android.server.net.NetworkPolicyManagerService$11@3a3c6790
V/broadcast( 1554): Start process parallel broadcast: android.net.wifi.RSSI_CHANGED to com.android.server.wifi.WifiWatchdogStateMachine$1@19cdbe7f
V/broadcast( 1554): End process parallel broadcast: android.net.wifi.RSSI_CHANGED to com.android.server.wifi.WifiWatchdogStateMachine$1@19cdbe7f
V/broadcast( 1747): Start process parallel broadcast: android.net.wifi.RSSI_CHANGED to com.android.systemui.statusbar.policy.NetworkControllerImpl@27cf21d9
V/broadcast( 1747): End process parallel broadcast: android.net.wifi.RSSI_CHANGED to com.android.systemui.statusbar.policy.NetworkControllerImpl@27cf21d9
V/broadcast( 1554): End process parallel broadcast: android.net.wifi.STATE_CHANGE to com.android.server.net.NetworkPolicyManagerService$11@3a3c6790
V/broadcast( 1554): Start process parallel broadcast: android.intent.action.TIME_TICK to com.android.server.AlarmManagerService$ClockReceiver@3955c6cc
V/broadcast( 1554): End process parallel broadcast: android.intent.action.TIME_TICK to com.android.server.AlarmManagerService$ClockReceiver@3955c6cc
V/broadcast( 1747): Start process parallel broadcast: android.intent.action.TIME_TICK to com.android.keyguard.KeyguardUpdateMonitor$3@3d54af6d
V/broadcast( 1747): End process parallel broadcast: android.intent.action.TIME_TICK to com.android.keyguard.KeyguardUpdateMonitor$3@3d54af6d
V/broadcast( 1747): Start process parallel broadcast: android.intent.action.TIME_TICK to com.android.systemui.statusbar.KeyguardIndicationController$2@29d0c0b4
V/broadcast( 1747): End process parallel broadcast: android.intent.action.TIME_TICK to com.android.systemui.statusbar.KeyguardIndicationController$2@29d0c0b4
V/broadcast( 1747): Start process parallel broadcast: android.intent.action.TIME_TICK to com.android.systemui.statusbar.policy.Clock$1@27019886
V/broadcast( 1747): End process parallel broadcast: android.intent.action.TIME_TICK to com.android.systemui.statusbar.policy.Clock$1@27019886
V/broadcast( 1747): Start process parallel broadcast: android.intent.action.TIME_TICK to android.widget.TextClock$2@1f4eb712
V/broadcast( 1747): End process parallel broadcast: android.intent.action.TIME_TICK to android.widget.TextClock$2@1f4eb712
V/broadcast( 1747): Start process parallel broadcast: android.intent.action.TIME_TICK to android.widget.TextClock$2@3a379ee3
V/broadcast( 1747): End process parallel broadcast: android.intent.action.TIME_TICK to android.widget.TextClock$2@3a379ee3
V/broadcast( 1747): Start process parallel broadcast: android.intent.action.TIME_TICK to com.android.systemui.statusbar.policy.DateView$1@3ddd325e
V/broadcast( 1747): End process parallel broadcast: android.intent.action.TIME_TICK to com.android.systemui.statusbar.policy.DateView$1@3ddd325e
V/broadcast( 1747): Start process parallel broadcast: android.intent.action.TIME_TICK to com.android.systemui.statusbar.policy.DateView$1@f3b463f
V/broadcast( 1747): End process parallel broadcast: android.intent.action.TIME_TICK to com.android.systemui.statusbar.policy.DateView$1@f3b463f
V/broadcast( 1747): Start process parallel broadcast: android.intent.action.TIME_TICK to android.widget.TextClock$2@2d4bcc55
V/broadcast( 1747): End process parallel broadcast: android.intent.action.TIME_TICK to android.widget.TextClock$2@2d4bcc55
V/broadcast( 1747): Start process parallel broadcast: android.intent.action.TIME_TICK to android.widget.TextClock$2@46166a
V/broadcast( 1747): End process parallel broadcast: android.intent.action.TIME_TICK to android.widget.TextClock$2@46166a
V/broadcast( 1747): Start process parallel broadcast: android.intent.action.TIME_TICK to android.widget.DateTimeView$ReceiverInfo$1@1a41ce0f
V/broadcast( 1747): End process parallel broadcast: android.intent.action.TIME_TICK to android.widget.DateTimeView$ReceiverInfo$1@1a41ce0f
V/broadcast( 1554): Start process parallel broadcast: android.net.ConnectivityService.action.PKT_CNT_SAMPLE_INTERVAL_ELAPSED to com.android.server.ConnectivityService$1@2fbba9cc
V/broadcast( 1554): End process parallel broadcast: android.net.ConnectivityService.action.PKT_CNT_SAMPLE_INTERVAL_ELAPSED to com.android.server.ConnectivityService$1@2fbba9cc
V/broadcast( 1554): Start process parallel broadcast: com.android.server.action.NETWORK_STATS_POLL to com.android.server.net.NetworkStatsService$3@3e8d4a01
I/ProcessStatsService( 1554): Prepared write state in 2ms
I/ProcessStatsService( 1554): Pruning old procstats: /data/system/procstats/state-1970-01-01-08-00-07.bin
V/broadcast( 1554): Start process parallel broadcast: com.android.server.action.NETWORK_STATS_UPDATED to com.android.server.net.NetworkPolicyManagerService$7@1882a660
V/broadcast( 1554): End process parallel broadcast: com.android.server.action.NETWORK_STATS_UPDATED to com.android.server.net.NetworkPolicyManagerService$7@1882a660
V/broadcast( 1554): End process parallel broadcast: com.android.server.action.NETWORK_STATS_POLL to com.android.server.net.NetworkStatsService$3@3e8d4a01
V/broadcast( 1554): Start process parallel broadcast: android.intent.action.TIME_TICK to com.android.server.AlarmManagerService$ClockReceiver@3955c6cc
V/broadcast( 1554): End process parallel broadcast: android.intent.action.TIME_TICK to com.android.server.AlarmManagerService$ClockReceiver@3955c6cc
V/broadcast( 1747): Start process parallel broadcast: android.intent.action.TIME_TICK to com.android.keyguard.KeyguardUpdateMonitor$3@3d54af6d
V/broadcast( 1747): End process parallel broadcast: android.intent.action.TIME_TICK to com.android.keyguard.KeyguardUpdateMonitor$3@3d54af6d
V/broadcast( 1747): Start process parallel broadcast: android.intent.action.TIME_TICK to com.android.systemui.statusbar.KeyguardIndicationController$2@29d0c0b4
V/broadcast( 1747): End process parallel broadcast: android.intent.action.TIME_TICK to com.android.systemui.statusbar.KeyguardIndicationController$2@29d0c0b4
V/broadcast( 1747): Start process parallel broadcast: android.intent.action.TIME_TICK to com.android.systemui.statusbar.policy.Clock$1@27019886
V/broadcast( 1747): End process parallel broadcast: android.intent.action.TIME_TICK to com.android.systemui.statusbar.policy.Clock$1@27019886
V/broadcast( 1747): Start process parallel broadcast: android.intent.action.TIME_TICK to android.widget.TextClock$2@1f4eb712
V/broadcast( 1747): End process parallel broadcast: android.intent.action.TIME_TICK to android.widget.TextClock$2@1f4eb712
V/broadcast( 1747): Start process parallel broadcast: android.intent.action.TIME_TICK to android.widget.TextClock$2@3a379ee3
V/broadcast( 1747): End process parallel broadcast: android.intent.action.TIME_TICK to android.widget.TextClock$2@3a379ee3
V/broadcast( 1747): Start process parallel broadcast: android.intent.action.TIME_TICK to com.android.systemui.statusbar.policy.DateView$1@3ddd325e
V/broadcast( 1747): End process parallel broadcast: android.intent.action.TIME_TICK to com.android.systemui.statusbar.policy.DateView$1@3ddd325e
V/broadcast( 1747): Start process parallel broadcast: android.intent.action.TIME_TICK to com.android.systemui.statusbar.policy.DateView$1@f3b463f
V/broadcast( 1747): End process parallel broadcast: android.intent.action.TIME_TICK to com.android.systemui.statusbar.policy.DateView$1@f3b463f
V/broadcast( 1747): Start process parallel broadcast: android.intent.action.TIME_TICK to android.widget.TextClock$2@2d4bcc55
V/broadcast( 1747): End process parallel broadcast: android.intent.action.TIME_TICK to android.widget.TextClock$2@2d4bcc55
V/broadcast( 1747): Start process parallel broadcast: android.intent.action.TIME_TICK to android.widget.TextClock$2@46166a
V/broadcast( 1747): End process parallel broadcast: android.intent.action.TIME_TICK to android.widget.TextClock$2@46166a
V/broadcast( 1747): Start process parallel broadcast: android.intent.action.TIME_TICK to android.widget.DateTimeView$ReceiverInfo$1@1a41ce0f
V/broadcast( 1747): End process parallel broadcast: android.intent.action.TIME_TICK to android.widget.DateTimeView$ReceiverInfo$1@1a41ce0f
W/ContextImpl( 2182): Calling a method in the system process without a qualified user: android.app.ContextImpl.sendBroadcast:1327 android.content.ContextWrapper.sendBroadcast:377 com.gzgd.launcher.netstatus.NetBroadcasts.sendBroadcasts:23 com.gzgd.launcher.widget.statusbar.service.StatusBarService.sendForUpdateNetworkStatus:328 com.gzgd.launcher.widget.statusbar.service.StatusBarService.access$000:51 
W/ContextImpl( 2182): Calling a method in the system process without a qualified user: android.app.ContextImpl.sendBroadcast:1327 android.content.ContextWrapper.sendBroadcast:377 com.gzgd.launcher.netstatus.NetBroadcasts.sendBroadcasts:23 com.gzgd.launcher.widget.statusbar.service.StatusBarService.sendForUpdateNetworkStatus:328 com.gzgd.launcher.widget.statusbar.service.StatusBarService.access$000:51 
V/broadcast( 1554): Start process parallel broadcast: android.intent.action.TIME_TICK to com.android.server.AlarmManagerService$ClockReceiver@3955c6cc
V/broadcast( 1554): End process parallel broadcast: android.intent.action.TIME_TICK to com.android.server.AlarmManagerService$ClockReceiver@3955c6cc
V/broadcast( 1747): Start process parallel broadcast: android.intent.action.TIME_TICK to com.android.keyguard.KeyguardUpdateMonitor$3@3d54af6d
V/broadcast( 1747): End process parallel broadcast: android.intent.action.TIME_TICK to com.android.keyguard.KeyguardUpdateMonitor$3@3d54af6d
V/broadcast( 1747): Start process parallel broadcast: android.intent.action.TIME_TICK to com.android.systemui.statusbar.KeyguardIndicationController$2@29d0c0b4
V/broadcast( 1747): End process parallel broadcast: android.intent.action.TIME_TICK to com.android.systemui.statusbar.KeyguardIndicationController$2@29d0c0b4
V/broadcast( 1747): Start process parallel broadcast: android.intent.action.TIME_TICK to com.android.systemui.statusbar.policy.Clock$1@27019886
V/broadcast( 1747): End process parallel broadcast: android.intent.action.TIME_TICK to com.android.systemui.statusbar.policy.Clock$1@27019886
V/broadcast( 1747): Start process parallel broadcast: android.intent.action.TIME_TICK to android.widget.TextClock$2@1f4eb712
V/broadcast( 1747): End process parallel broadcast: android.intent.action.TIME_TICK to android.widget.TextClock$2@1f4eb712
V/broadcast( 1747): Start process parallel broadcast: android.intent.action.TIME_TICK to android.widget.TextClock$2@3a379ee3
V/broadcast( 1747): End process parallel broadcast: android.intent.action.TIME_TICK to android.widget.TextClock$2@3a379ee3
V/broadcast( 1747): Start process parallel broadcast: android.intent.action.TIME_TICK to com.android.systemui.statusbar.policy.DateView$1@3ddd325e
V/broadcast( 1747): End process parallel broadcast: android.intent.action.TIME_TICK to com.android.systemui.statusbar.policy.DateView$1@3ddd325e
V/broadcast( 1747): Start process parallel broadcast: android.intent.action.TIME_TICK to com.android.systemui.statusbar.policy.DateView$1@f3b463f
V/broadcast( 1747): End process parallel broadcast: android.intent.action.TIME_TICK to com.android.systemui.statusbar.policy.DateView$1@f3b463f
V/broadcast( 1747): Start process parallel broadcast: android.intent.action.TIME_TICK to android.widget.TextClock$2@2d4bcc55
V/broadcast( 1747): End process parallel broadcast: android.intent.action.TIME_TICK to android.widget.TextClock$2@2d4bcc55
V/broadcast( 1747): Start process parallel broadcast: android.intent.action.TIME_TICK to android.widget.TextClock$2@46166a
V/broadcast( 1747): End process parallel broadcast: android.intent.action.TIME_TICK to android.widget.TextClock$2@46166a
V/broadcast( 1747): Start process parallel broadcast: android.intent.action.TIME_TICK to android.widget.DateTimeView$ReceiverInfo$1@1a41ce0f
V/broadcast( 1747): End process parallel broadcast: android.intent.action.TIME_TICK to android.widget.DateTimeView$ReceiverInfo$1@1a41ce0f
V/broadcast( 1554): Start process parallel broadcast: android.intent.action.TIME_TICK to com.android.server.AlarmManagerService$ClockReceiver@3955c6cc
V/broadcast( 1554): End process parallel broadcast: android.intent.action.TIME_TICK to com.android.server.AlarmManagerService$ClockReceiver@3955c6cc
V/broadcast( 1747): Start process parallel broadcast: android.intent.action.TIME_TICK to com.android.keyguard.KeyguardUpdateMonitor$3@3d54af6d
V/broadcast( 1747): End process parallel broadcast: android.intent.action.TIME_TICK to com.android.keyguard.KeyguardUpdateMonitor$3@3d54af6d
V/broadcast( 1747): Start process parallel broadcast: android.intent.action.TIME_TICK to com.android.systemui.statusbar.KeyguardIndicationController$2@29d0c0b4
V/broadcast( 1747): End process parallel broadcast: android.intent.action.TIME_TICK to com.android.systemui.statusbar.KeyguardIndicationController$2@29d0c0b4
V/broadcast( 1747): Start process parallel broadcast: android.intent.action.TIME_TICK to com.android.systemui.statusbar.policy.Clock$1@27019886
V/broadcast( 1747): End process parallel broadcast: android.intent.action.TIME_TICK to com.android.systemui.statusbar.policy.Clock$1@27019886
V/broadcast( 1747): Start process parallel broadcast: android.intent.action.TIME_TICK to android.widget.TextClock$2@1f4eb712
V/broadcast( 1747): End process parallel broadcast: android.intent.action.TIME_TICK to android.widget.TextClock$2@1f4eb712
V/broadcast( 1747): Start process parallel broadcast: android.intent.action.TIME_TICK to android.widget.TextClock$2@3a379ee3
V/broadcast( 1747): End process parallel broadcast: android.intent.action.TIME_TICK to android.widget.TextClock$2@3a379ee3
V/broadcast( 1747): Start process parallel broadcast: android.intent.action.TIME_TICK to com.android.systemui.statusbar.policy.DateView$1@3ddd325e
V/broadcast( 1747): End process parallel broadcast: android.intent.action.TIME_TICK to com.android.systemui.statusbar.policy.DateView$1@3ddd325e
V/broadcast( 1747): Start process parallel broadcast: android.intent.action.TIME_TICK to com.android.systemui.statusbar.policy.DateView$1@f3b463f
V/broadcast( 1747): End process parallel broadcast: android.intent.action.TIME_TICK to com.android.systemui.statusbar.policy.DateView$1@f3b463f
V/broadcast( 1747): Start process parallel broadcast: android.intent.action.TIME_TICK to android.widget.TextClock$2@2d4bcc55
V/broadcast( 1747): End process parallel broadcast: android.intent.action.TIME_TICK to android.widget.TextClock$2@2d4bcc55
V/broadcast( 1747): Start process parallel broadcast: android.intent.action.TIME_TICK to android.widget.TextClock$2@46166a
V/broadcast( 1747): End process parallel broadcast: android.intent.action.TIME_TICK to android.widget.TextClock$2@46166a
V/broadcast( 1747): Start process parallel broadcast: android.intent.action.TIME_TICK to android.widget.DateTimeView$ReceiverInfo$1@1a41ce0f
V/broadcast( 1747): End process parallel broadcast: android.intent.action.TIME_TICK to android.widget.DateTimeView$ReceiverInfo$1@1a41ce0f
W/ProcessCpuTracker( 1554): Skipping unknown process pid 22297
W/ProcessCpuTracker( 1554): Skipping unknown process pid 22298
W/ProcessCpuTracker( 1554): Skipping unknown process pid 22299
I/PowerManagerService( 1554): Nap time (uid 1000)...
I/DreamManagerService( 1554): Entering dreamland.
I/PowerManagerService( 1554): Dreaming...
I/DreamController( 1554): Starting dream: name=ComponentInfo{com.gzgd.settings/com.gzgd.settings.commonsetting.screensaver.ScreenSaverService}, isTest=false, canDoze=false, userId=0
V/broadcast( 2028): Start process parallel broadcast: android.intent.action.CLOSE_SYSTEM_DIALOGS to xs@374b7427
V/broadcast( 1747): Start process parallel broadcast: android.intent.action.CLOSE_SYSTEM_DIALOGS to com.android.systemui.statusbar.phone.PhoneStatusBar$38@3f5701ae
V/broadcast( 1554): Start process parallel broadcast: android.intent.action.CLOSE_SYSTEM_DIALOGS to com.android.server.InputMethodManagerService$ImmsBroadcastReceiver@31c305f4
