--------- beginning of system
V/broadcast( 1747): End process parallel broadcast: android.intent.action.TIME_TICK to android.widget.TextClock$2@1f4eb712
V/broadcast( 1747): Start process parallel broadcast: android.intent.action.TIME_TICK to android.widget.TextClock$2@3a379ee3
V/broadcast( 1747): End process parallel broadcast: android.intent.action.TIME_TICK to android.widget.TextClock$2@3a379ee3
V/broadcast( 1747): Start process parallel broadcast: android.intent.action.TIME_TICK to com.android.systemui.statusbar.policy.DateView$1@3ddd325e
V/broadcast( 1747): End process parallel broadcast: android.intent.action.TIME_TICK to com.android.systemui.statusbar.policy.DateView$1@3ddd325e
V/broadcast( 1747): Start process parallel broadcast: android.intent.action.TIME_TICK to com.android.systemui.statusbar.policy.DateView$1@f3b463f
V/broadcast( 1747): End process parallel broadcast: android.intent.action.TIME_TICK to com.android.systemui.statusbar.policy.DateView$1@f3b463f
V/broadcast( 1747): Start process parallel broadcast: android.intent.action.TIME_TICK to android.widget.TextClock$2@2d4bcc55
V/broadcast( 1747): End process parallel broadcast: android.intent.action.TIME_TICK to android.widget.TextClock$2@2d4bcc55
V/broadcast( 1747): Start process parallel broadcast: android.intent.action.TIME_TICK to android.widget.TextClock$2@46166a
V/broadcast( 1747): End process parallel broadcast: android.intent.action.TIME_TICK to android.widget.TextClock$2@46166a
V/broadcast( 1747): Start process parallel broadcast: android.intent.action.TIME_TICK to android.widget.DateTimeView$ReceiverInfo$1@1a41ce0f
V/broadcast( 1747): End process parallel broadcast: android.intent.action.TIME_TICK to android.widget.DateTimeView$ReceiverInfo$1@1a41ce0f
V/broadcast( 1554): Start process parallel broadcast: android.intent.action.TIME_TICK to com.android.server.AlarmManagerService$ClockReceiver@3955c6cc
V/broadcast( 1554): End process parallel broadcast: android.intent.action.TIME_TICK to com.android.server.AlarmManagerService$ClockReceiver@3955c6cc
V/broadcast( 1747): Start process parallel broadcast: android.intent.action.TIME_TICK to com.android.keyguard.KeyguardUpdateMonitor$3@3d54af6d
V/broadcast( 1747): End process parallel broadcast: android.intent.action.TIME_TICK to com.android.keyguard.KeyguardUpdateMonitor$3@3d54af6d
V/broadcast( 1747): Start process parallel broadcast: android.intent.action.TIME_TICK to com.android.systemui.statusbar.KeyguardIndicationController$2@29d0c0b4
V/broadcast( 1747): End process parallel broadcast: android.intent.action.TIME_TICK to com.android.systemui.statusbar.KeyguardIndicationController$2@29d0c0b4
V/broadcast( 1747): Start process parallel broadcast: android.intent.action.TIME_TICK to com.android.systemui.statusbar.policy.Clock$1@27019886
V/broadcast( 1747): End process parallel broadcast: android.intent.action.TIME_TICK to com.android.systemui.statusbar.policy.Clock$1@27019886
V/broadcast( 1747): Start process parallel broadcast: android.intent.action.TIME_TICK to android.widget.TextClock$2@1f4eb712
V/broadcast( 1747): End process parallel broadcast: android.intent.action.TIME_TICK to android.widget.TextClock$2@1f4eb712
V/broadcast( 1747): Start process parallel broadcast: android.intent.action.TIME_TICK to android.widget.TextClock$2@3a379ee3
V/broadcast( 1747): End process parallel broadcast: android.intent.action.TIME_TICK to android.widget.TextClock$2@3a379ee3
V/broadcast( 1747): Start process parallel broadcast: android.intent.action.TIME_TICK to com.android.systemui.statusbar.policy.DateView$1@3ddd325e
V/broadcast( 1747): End process parallel broadcast: android.intent.action.TIME_TICK to com.android.systemui.statusbar.policy.DateView$1@3ddd325e
V/broadcast( 1747): Start process parallel broadcast: android.intent.action.TIME_TICK to com.android.systemui.statusbar.policy.DateView$1@f3b463f
V/broadcast( 1747): End process parallel broadcast: android.intent.action.TIME_TICK to com.android.systemui.statusbar.policy.DateView$1@f3b463f
V/broadcast( 1747): Start process parallel broadcast: android.intent.action.TIME_TICK to android.widget.TextClock$2@2d4bcc55
V/broadcast( 1747): End process parallel broadcast: android.intent.action.TIME_TICK to android.widget.TextClock$2@2d4bcc55
V/broadcast( 1747): Start process parallel broadcast: android.intent.action.TIME_TICK to android.widget.TextClock$2@46166a
V/broadcast( 1747): End process parallel broadcast: android.intent.action.TIME_TICK to android.widget.TextClock$2@46166a
V/broadcast( 1747): Start process parallel broadcast: android.intent.action.TIME_TICK to android.widget.DateTimeView$ReceiverInfo$1@1a41ce0f
V/broadcast( 1747): End process parallel broadcast: android.intent.action.TIME_TICK to android.widget.DateTimeView$ReceiverInfo$1@1a41ce0f
V/broadcast( 1554): Start process parallel broadcast: com.android.server.action.NETWORK_STATS_UPDATED to com.android.server.net.NetworkPolicyManagerService$7@1882a660
V/broadcast( 1554): End process parallel broadcast: com.android.server.action.NETWORK_STATS_UPDATED to com.android.server.net.NetworkPolicyManagerService$7@1882a660
V/broadcast( 1554): Start process parallel broadcast: android.intent.action.TIME_TICK to com.android.server.AlarmManagerService$ClockReceiver@3955c6cc
V/broadcast( 1554): End process parallel broadcast: android.intent.action.TIME_TICK to com.android.server.AlarmManagerService$ClockReceiver@3955c6cc
V/broadcast( 1747): Start process parallel broadcast: android.intent.action.TIME_TICK to com.android.keyguard.KeyguardUpdateMonitor$3@3d54af6d
V/broadcast( 1747): End process parallel broadcast: android.intent.action.TIME_TICK to com.android.keyguard.KeyguardUpdateMonitor$3@3d54af6d
V/broadcast( 1747): Start process parallel broadcast: android.intent.action.TIME_TICK to com.android.systemui.statusbar.KeyguardIndicationController$2@29d0c0b4
V/broadcast( 1747): End process parallel broadcast: android.intent.action.TIME_TICK to com.android.systemui.statusbar.KeyguardIndicationController$2@29d0c0b4
V/broadcast( 1747): Start process parallel broadcast: android.intent.action.TIME_TICK to com.android.systemui.statusbar.policy.Clock$1@27019886
V/broadcast( 1747): End process parallel broadcast: android.intent.action.TIME_TICK to com.android.systemui.statusbar.policy.Clock$1@27019886
V/broadcast( 1747): Start process parallel broadcast: android.intent.action.TIME_TICK to android.widget.TextClock$2@1f4eb712
V/broadcast( 1747): End process parallel broadcast: android.intent.action.TIME_TICK to android.widget.TextClock$2@1f4eb712
V/broadcast( 1747): Start process parallel broadcast: android.intent.action.TIME_TICK to android.widget.TextClock$2@3a379ee3
V/broadcast( 1747): End process parallel broadcast: android.intent.action.TIME_TICK to android.widget.TextClock$2@3a379ee3
V/broadcast( 1747): Start process parallel broadcast: android.intent.action.TIME_TICK to com.android.systemui.statusbar.policy.DateView$1@3ddd325e
V/broadcast( 1747): End process parallel broadcast: android.intent.action.TIME_TICK to com.android.systemui.statusbar.policy.DateView$1@3ddd325e
V/broadcast( 1747): Start process parallel broadcast: android.intent.action.TIME_TICK to com.android.systemui.statusbar.policy.DateView$1@f3b463f
V/broadcast( 1747): End process parallel broadcast: android.intent.action.TIME_TICK to com.android.systemui.statusbar.policy.DateView$1@f3b463f
V/broadcast( 1747): Start process parallel broadcast: android.intent.action.TIME_TICK to android.widget.TextClock$2@2d4bcc55
V/broadcast( 1747): End process parallel broadcast: android.intent.action.TIME_TICK to android.widget.TextClock$2@2d4bcc55
V/broadcast( 1747): Start process parallel broadcast: android.intent.action.TIME_TICK to android.widget.TextClock$2@46166a
V/broadcast( 1747): End process parallel broadcast: android.intent.action.TIME_TICK to android.widget.TextClock$2@46166a
V/broadcast( 1747): Start process parallel broadcast: android.intent.action.TIME_TICK to android.widget.DateTimeView$ReceiverInfo$1@1a41ce0f
V/broadcast( 1747): End process parallel broadcast: android.intent.action.TIME_TICK to android.widget.DateTimeView$ReceiverInfo$1@1a41ce0f
V/broadcast( 1554): Start process parallel broadcast: android.net.wifi.supplicant.STATE_CHANGE to com.android.server.wifi.WifiWatchdogStateMachine$1@19cdbe7f
V/broadcast( 1554): End process parallel broadcast: android.net.wifi.supplicant.STATE_CHANGE to com.android.server.wifi.WifiWatchdogStateMachine$1@19cdbe7f
V/broadcast( 1554): Start process parallel broadcast: android.net.wifi.supplicant.STATE_CHANGE to com.android.server.wifi.WifiWatchdogStateMachine$1@19cdbe7f
V/broadcast( 1554): End process parallel broadcast: android.net.wifi.supplicant.STATE_CHANGE to com.android.server.wifi.WifiWatchdogStateMachine$1@19cdbe7f
W/ContextImpl( 2182): Calling a method in the system process without a qualified user: android.app.ContextImpl.sendBroadcast:1327 android.content.ContextWrapper.sendBroadcast:377 com.gzgd.launcher.netstatus.NetBroadcasts.sendBroadcasts:23 com.gzgd.launcher.widget.statusbar.service.StatusBarService.sendForUpdateNetworkStatus:328 com.gzgd.launcher.widget.statusbar.service.StatusBarService.access$000:51 
W/ContextImpl( 2182): Calling a method in the system process without a qualified user: android.app.ContextImpl.sendBroadcast:1327 android.content.ContextWrapper.sendBroadcast:377 com.gzgd.launcher.netstatus.NetBroadcasts.sendBroadcasts:23 com.gzgd.launcher.widget.statusbar.service.StatusBarService.sendForUpdateNetworkStatus:328 com.gzgd.launcher.widget.statusbar.service.StatusBarService.access$000:51 
V/broadcast( 1554): Start process parallel broadcast: android.intent.action.TIME_TICK to com.android.server.AlarmManagerService$ClockReceiver@3955c6cc
V/broadcast( 1554): End process parallel broadcast: android.intent.action.TIME_TICK to com.android.server.AlarmManagerService$ClockReceiver@3955c6cc
V/broadcast( 1747): Start process parallel broadcast: android.intent.action.TIME_TICK to com.android.keyguard.KeyguardUpdateMonitor$3@3d54af6d
V/broadcast( 1747): End process parallel broadcast: android.intent.action.TIME_TICK to com.android.keyguard.KeyguardUpdateMonitor$3@3d54af6d
V/broadcast( 1747): Start process parallel broadcast: android.intent.action.TIME_TICK to com.android.systemui.statusbar.KeyguardIndicationController$2@29d0c0b4
V/broadcast( 1747): End process parallel broadcast: android.intent.action.TIME_TICK to com.android.systemui.statusbar.KeyguardIndicationController$2@29d0c0b4
V/broadcast( 1747): Start process parallel broadcast: android.intent.action.TIME_TICK to com.android.systemui.statusbar.policy.Clock$1@27019886
V/broadcast( 1747): End process parallel broadcast: android.intent.action.TIME_TICK to com.android.systemui.statusbar.policy.Clock$1@27019886
V/broadcast( 1747): Start process parallel broadcast: android.intent.action.TIME_TICK to android.widget.TextClock$2@1f4eb712
V/broadcast( 1747): End process parallel broadcast: android.intent.action.TIME_TICK to android.widget.TextClock$2@1f4eb712
V/broadcast( 1747): Start process parallel broadcast: android.intent.action.TIME_TICK to android.widget.TextClock$2@3a379ee3
V/broadcast( 1747): End process parallel broadcast: android.intent.action.TIME_TICK to android.widget.TextClock$2@3a379ee3
V/broadcast( 1747): Start process parallel broadcast: android.intent.action.TIME_TICK to com.android.systemui.statusbar.policy.DateView$1@3ddd325e
V/broadcast( 1747): End process parallel broadcast: android.intent.action.TIME_TICK to com.android.systemui.statusbar.policy.DateView$1@3ddd325e
V/broadcast( 1747): Start process parallel broadcast: android.intent.action.TIME_TICK to com.android.systemui.statusbar.policy.DateView$1@f3b463f
V/broadcast( 1747): End process parallel broadcast: android.intent.action.TIME_TICK to com.android.systemui.statusbar.policy.DateView$1@f3b463f
V/broadcast( 1747): Start process parallel broadcast: android.intent.action.TIME_TICK to android.widget.TextClock$2@2d4bcc55
V/broadcast( 1747): End process parallel broadcast: android.intent.action.TIME_TICK to android.widget.TextClock$2@2d4bcc55
V/broadcast( 1747): Start process parallel broadcast: android.intent.action.TIME_TICK to android.widget.TextClock$2@46166a
V/broadcast( 1747): End process parallel broadcast: android.intent.action.TIME_TICK to android.widget.TextClock$2@46166a
V/broadcast( 1747): Start process parallel broadcast: android.intent.action.TIME_TICK to android.widget.DateTimeView$ReceiverInfo$1@1a41ce0f
V/broadcast( 1747): End process parallel broadcast: android.intent.action.TIME_TICK to android.widget.DateTimeView$ReceiverInfo$1@1a41ce0f
W/ContextImpl( 1554): Calling a method in the system process without a qualified user: android.app.ContextImpl.sendBroadcast:1327 com.android.internal.policy.impl.PhoneWindowManager.interceptKeyBeforeDispatching:2462 com.android.server.wm.InputMonitor.interceptKeyBeforeDispatching:388 com.android.server.input.InputManagerService.interceptKeyBeforeDispatching:1470 <bottom of call stack> 
V/broadcast( 1554): Dispatching ordered broadcast: com.gzgd.KEYEVENT to ComponentInfo{com.gzgd.live/com.gzgd.live.globalkey.GlobalKeyReceiver}
V/broadcast( 2423): Start process ordered broadcast: com.gzgd.KEYEVENT to {com.gzgd.live/com.gzgd.live.globalkey.GlobalKeyReceiver}
W/ContextImpl( 2423): Calling a method in the system process without a qualified user: android.app.ContextImpl.startService:1692 android.content.ContextWrapper.startService:516 android.content.ContextWrapper.startService:516 com.gzgd.live.globalkey.GlobalKeyEventService.start:45 com.gzgd.live.globalkey.GlobalKeyReceiver.onReceive:21 
V/broadcast( 2423): End process ordered broadcast: com.gzgd.KEYEVENT to {com.gzgd.live/com.gzgd.live.globalkey.GlobalKeyReceiver}
W/ContextImpl( 1554): Calling a method in the system process without a qualified user: android.app.ContextImpl.sendBroadcast:1327 com.android.internal.policy.impl.PhoneWindowManager.interceptKeyBeforeDispatching:2462 com.android.server.wm.InputMonitor.interceptKeyBeforeDispatching:388 com.android.server.input.InputManagerService.interceptKeyBeforeDispatching:1470 <bottom of call stack> 
V/broadcast( 1554): Dispatching ordered broadcast: com.gzgd.KEYEVENT to ComponentInfo{com.gzgd.live/com.gzgd.live.globalkey.GlobalKeyReceiver}
V/broadcast( 2423): Start process ordered broadcast: com.gzgd.KEYEVENT to {com.gzgd.live/com.gzgd.live.globalkey.GlobalKeyReceiver}
W/ContextImpl( 2423): Calling a method in the system process without a qualified user: android.app.ContextImpl.startService:1692 android.content.ContextWrapper.startService:516 android.content.ContextWrapper.startService:516 com.gzgd.live.globalkey.GlobalKeyEventService.start:45 com.gzgd.live.globalkey.GlobalKeyReceiver.onReceive:21 
V/broadcast( 2423): End process ordered broadcast: com.gzgd.KEYEVENT to {com.gzgd.live/com.gzgd.live.globalkey.GlobalKeyReceiver}
W/ContextImpl( 1554): Calling a method in the system process without a qualified user: android.app.ContextImpl.sendBroadcast:1327 com.android.internal.policy.impl.PhoneWindowManager.interceptKeyBeforeDispatching:2462 com.android.server.wm.InputMonitor.interceptKeyBeforeDispatching:388 com.android.server.input.InputManagerService.interceptKeyBeforeDispatching:1470 <bottom of call stack> 
V/broadcast( 1554): Dispatching ordered broadcast: com.gzgd.KEYEVENT to ComponentInfo{com.gzgd.live/com.gzgd.live.globalkey.GlobalKeyReceiver}
V/broadcast( 2423): Start process ordered broadcast: com.gzgd.KEYEVENT to {com.gzgd.live/com.gzgd.live.globalkey.GlobalKeyReceiver}
W/ContextImpl( 2423): Calling a method in the system process without a qualified user: android.app.ContextImpl.startService:1692 android.content.ContextWrapper.startService:516 android.content.ContextWrapper.startService:516 com.gzgd.live.globalkey.GlobalKeyEventService.start:45 com.gzgd.live.globalkey.GlobalKeyReceiver.onReceive:21 
V/broadcast( 2423): End process ordered broadcast: com.gzgd.KEYEVENT to {com.gzgd.live/com.gzgd.live.globalkey.GlobalKeyReceiver}
V/broadcast( 1554): Start process parallel broadcast: android.intent.action.TIME_TICK to com.android.server.AlarmManagerService$ClockReceiver@3955c6cc
V/broadcast( 1554): End process parallel broadcast: android.intent.action.TIME_TICK to com.android.server.AlarmManagerService$ClockReceiver@3955c6cc
V/broadcast( 1747): Start process parallel broadcast: android.intent.action.TIME_TICK to com.android.keyguard.KeyguardUpdateMonitor$3@3d54af6d
V/broadcast( 1747): End process parallel broadcast: android.intent.action.TIME_TICK to com.android.keyguard.KeyguardUpdateMonitor$3@3d54af6d
V/broadcast( 1747): Start process parallel broadcast: android.intent.action.TIME_TICK to com.android.systemui.statusbar.KeyguardIndicationController$2@29d0c0b4
V/broadcast( 1747): End process parallel broadcast: android.intent.action.TIME_TICK to com.android.systemui.statusbar.KeyguardIndicationController$2@29d0c0b4
V/broadcast( 1747): Start process parallel broadcast: android.intent.action.TIME_TICK to com.android.systemui.statusbar.policy.Clock$1@27019886
V/broadcast( 1747): End process parallel broadcast: android.intent.action.TIME_TICK to com.android.systemui.statusbar.policy.Clock$1@27019886
V/broadcast( 1747): Start process parallel broadcast: android.intent.action.TIME_TICK to android.widget.TextClock$2@1f4eb712
V/broadcast( 1747): End process parallel broadcast: android.intent.action.TIME_TICK to android.widget.TextClock$2@1f4eb712
V/broadcast( 1747): Start process parallel broadcast: android.intent.action.TIME_TICK to android.widget.TextClock$2@3a379ee3
V/broadcast( 1747): End process parallel broadcast: android.intent.action.TIME_TICK to android.widget.TextClock$2@3a379ee3
V/broadcast( 1747): Start process parallel broadcast: android.intent.action.TIME_TICK to com.android.systemui.statusbar.policy.DateView$1@3ddd325e
V/broadcast( 1747): End process parallel broadcast: android.intent.action.TIME_TICK to com.android.systemui.statusbar.policy.DateView$1@3ddd325e
V/broadcast( 1747): Start process parallel broadcast: android.intent.action.TIME_TICK to com.android.systemui.statusbar.policy.DateView$1@f3b463f
V/broadcast( 1747): End process parallel broadcast: android.intent.action.TIME_TICK to com.android.systemui.statusbar.policy.DateView$1@f3b463f
V/broadcast( 1747): Start process parallel broadcast: android.intent.action.TIME_TICK to android.widget.TextClock$2@2d4bcc55
V/broadcast( 1747): End process parallel broadcast: android.intent.action.TIME_TICK to android.widget.TextClock$2@2d4bcc55
V/broadcast( 1747): Start process parallel broadcast: android.intent.action.TIME_TICK to android.widget.TextClock$2@46166a
V/broadcast( 1747): End process parallel broadcast: android.intent.action.TIME_TICK to android.widget.TextClock$2@46166a
V/broadcast( 1747): Start process parallel broadcast: android.intent.action.TIME_TICK to android.widget.DateTimeView$ReceiverInfo$1@1a41ce0f
V/broadcast( 1747): End process parallel broadcast: android.intent.action.TIME_TICK to android.widget.DateTimeView$ReceiverInfo$1@1a41ce0f
W/ContextImpl( 1554): Calling a method in the system process without a qualified user: android.app.ContextImpl.sendBroadcast:1327 com.android.internal.policy.impl.PhoneWindowManager.interceptKeyBeforeDispatching:2462 com.android.server.wm.InputMonitor.interceptKeyBeforeDispatching:388 com.android.server.input.InputManagerService.interceptKeyBeforeDispatching:1470 <bottom of call stack> 
V/broadcast( 1554): Dispatching ordered broadcast: com.gzgd.KEYEVENT to ComponentInfo{com.gzgd.live/com.gzgd.live.globalkey.GlobalKeyReceiver}
V/broadcast( 2423): Start process ordered broadcast: com.gzgd.KEYEVENT to {com.gzgd.live/com.gzgd.live.globalkey.GlobalKeyReceiver}
W/ContextImpl( 2423): Calling a method in the system process without a qualified user: android.app.ContextImpl.startService:1692 android.content.ContextWrapper.startService:516 android.content.ContextWrapper.startService:516 com.gzgd.live.globalkey.GlobalKeyEventService.start:45 com.gzgd.live.globalkey.GlobalKeyReceiver.onReceive:21 
V/broadcast( 2423): End process ordered broadcast: com.gzgd.KEYEVENT to {com.gzgd.live/com.gzgd.live.globalkey.GlobalKeyReceiver}
W/ContextImpl( 1554): Calling a method in the system process without a qualified user: android.app.ContextImpl.sendBroadcast:1327 com.android.internal.policy.impl.PhoneWindowManager.interceptKeyBeforeDispatching:2462 com.android.server.wm.InputMonitor.interceptKeyBeforeDispatching:388 com.android.server.input.InputManagerService.interceptKeyBeforeDispatching:1470 <bottom of call stack> 
V/broadcast( 1554): Dispatching ordered broadcast: com.gzgd.KEYEVENT to ComponentInfo{com.gzgd.live/com.gzgd.live.globalkey.GlobalKeyReceiver}
V/broadcast( 2423): Start process ordered broadcast: com.gzgd.KEYEVENT to {com.gzgd.live/com.gzgd.live.globalkey.GlobalKeyReceiver}
W/ContextImpl( 2423): Calling a method in the system process without a qualified user: android.app.ContextImpl.startService:1692 android.content.ContextWrapper.startService:516 android.content.ContextWrapper.startService:516 com.gzgd.live.globalkey.GlobalKeyEventService.start:45 com.gzgd.live.globalkey.GlobalKeyReceiver.onReceive:21 
V/broadcast( 2423): End process ordered broadcast: com.gzgd.KEYEVENT to {com.gzgd.live/com.gzgd.live.globalkey.GlobalKeyReceiver}
W/ContextImpl( 1554): Calling a method in the system process without a qualified user: android.app.ContextImpl.sendBroadcast:1327 com.android.internal.policy.impl.PhoneWindowManager.interceptKeyBeforeDispatching:2462 com.android.server.wm.InputMonitor.interceptKeyBeforeDispatching:388 com.android.server.input.InputManagerService.interceptKeyBeforeDispatching:1470 <bottom of call stack> 
V/broadcast( 1554): Dispatching ordered broadcast: com.gzgd.KEYEVENT to ComponentInfo{com.gzgd.live/com.gzgd.live.globalkey.GlobalKeyReceiver}
V/broadcast( 2423): Start process ordered broadcast: com.gzgd.KEYEVENT to {com.gzgd.live/com.gzgd.live.globalkey.GlobalKeyReceiver}
W/ContextImpl( 2423): Calling a method in the system process without a qualified user: android.app.ContextImpl.startService:1692 android.content.ContextWrapper.startService:516 android.content.ContextWrapper.startService:516 com.gzgd.live.globalkey.GlobalKeyEventService.start:45 com.gzgd.live.globalkey.GlobalKeyReceiver.onReceive:21 
V/broadcast( 2423): End process ordered broadcast: com.gzgd.KEYEVENT to {com.gzgd.live/com.gzgd.live.globalkey.GlobalKeyReceiver}
W/ContextImpl( 1554): Calling a method in the system process without a qualified user: android.app.ContextImpl.sendBroadcast:1327 com.android.internal.policy.impl.PhoneWindowManager.interceptKeyBeforeDispatching:2462 com.android.server.wm.InputMonitor.interceptKeyBeforeDispatching:388 com.android.server.input.InputManagerService.interceptKeyBeforeDispatching:1470 <bottom of call stack> 
V/broadcast( 1554): Dispatching ordered broadcast: com.gzgd.KEYEVENT to ComponentInfo{com.gzgd.live/com.gzgd.live.globalkey.GlobalKeyReceiver}
V/broadcast( 2423): Start process ordered broadcast: com.gzgd.KEYEVENT to {com.gzgd.live/com.gzgd.live.globalkey.GlobalKeyReceiver}
W/ContextImpl( 2423): Calling a method in the system process without a qualified user: android.app.ContextImpl.startService:1692 android.content.ContextWrapper.startService:516 android.content.ContextWrapper.startService:516 com.gzgd.live.globalkey.GlobalKeyEventService.start:45 com.gzgd.live.globalkey.GlobalKeyReceiver.onReceive:21 
V/broadcast( 2423): End process ordered broadcast: com.gzgd.KEYEVENT to {com.gzgd.live/com.gzgd.live.globalkey.GlobalKeyReceiver}
W/ContextImpl( 1554): Calling a method in the system process without a qualified user: android.app.ContextImpl.sendBroadcast:1327 com.android.internal.policy.impl.PhoneWindowManager.interceptKeyBeforeDispatching:2462 com.android.server.wm.InputMonitor.interceptKeyBeforeDispatching:388 com.android.server.input.InputManagerService.interceptKeyBeforeDispatching:1470 <bottom of call stack> 
V/broadcast( 1554): Dispatching ordered broadcast: com.gzgd.KEYEVENT to ComponentInfo{com.gzgd.live/com.gzgd.live.globalkey.GlobalKeyReceiver}
V/broadcast( 2423): Start process ordered broadcast: com.gzgd.KEYEVENT to {com.gzgd.live/com.gzgd.live.globalkey.GlobalKeyReceiver}
W/ContextImpl( 2423): Calling a method in the system process without a qualified user: android.app.ContextImpl.startService:1692 android.content.ContextWrapper.startService:516 android.content.ContextWrapper.startService:516 com.gzgd.live.globalkey.GlobalKeyEventService.start:45 com.gzgd.live.globalkey.GlobalKeyReceiver.onReceive:21 
V/broadcast( 2423): End process ordered broadcast: com.gzgd.KEYEVENT to {com.gzgd.live/com.gzgd.live.globalkey.GlobalKeyReceiver}
W/ContextImpl( 1554): Calling a method in the system process without a qualified user: android.app.ContextImpl.sendBroadcast:1327 com.android.internal.policy.impl.PhoneWindowManager.interceptKeyBeforeDispatching:2462 com.android.server.wm.InputMonitor.interceptKeyBeforeDispatching:388 com.android.server.input.InputManagerService.interceptKeyBeforeDispatching:1470 <bottom of call stack> 
V/broadcast( 1554): Dispatching ordered broadcast: com.gzgd.KEYEVENT to ComponentInfo{com.gzgd.live/com.gzgd.live.globalkey.GlobalKeyReceiver}
V/broadcast( 2423): Start process ordered broadcast: com.gzgd.KEYEVENT to {com.gzgd.live/com.gzgd.live.globalkey.GlobalKeyReceiver}
W/ContextImpl( 2423): Calling a method in the system process without a qualified user: android.app.ContextImpl.startService:1692 android.content.ContextWrapper.startService:516 android.content.ContextWrapper.startService:516 com.gzgd.live.globalkey.GlobalKeyEventService.start:45 com.gzgd.live.globalkey.GlobalKeyReceiver.onReceive:21 
V/broadcast( 2423): End process ordered broadcast: com.gzgd.KEYEVENT to {com.gzgd.live/com.gzgd.live.globalkey.GlobalKeyReceiver}
I/ActivityManager( 1554): START u0 {flg=0x10000000 cmp=com.example.para/.activity.SplashActivity} from uid 10032 on display 0
V/WindowManager( 1554): addAppToken: AppWindowToken{3acfbe3f token=Token{31988a5e ActivityRecord{36988799 u0 com.example.para/.activity.SplashActivity t8}}} to stack=0 task=8 at 0
V/ActivityManager( 1554): set mstar.EnterOpaqueUI false
V/WindowManager( 1554): Adding window Window{7758736 u0 Starting com.example.para} at 3 of 8 (after Window{d47a482 u0 com.gzgd.webapp.elf/com.gzgd.webapp.MainActivity})
I/WUGUAN  ( 1554): pkg = zime.ui
I/WUGUAN  ( 1554): axr.toString() = TaskRecord{6013637 #8 A=com.example.para U=0 sz=1}
I/WUGUAN  ( 1554): pkg = com.huawei.iptv.stb.videotalk.activity
I/WUGUAN  ( 1554): axr.toString() = TaskRecord{6013637 #8 A=com.example.para U=0 sz=1}
I/WUGUAN  ( 1554): pkg = hw.media.singletest
I/WUGUAN  ( 1554): axr.toString() = TaskRecord{6013637 #8 A=com.example.para U=0 sz=1}
I/WUGUAN  ( 1554): pkg = com.huawei.videoengineapp
I/WUGUAN  ( 1554): axr.toString() = TaskRecord{6013637 #8 A=com.example.para U=0 sz=1}
I/ActivityManager( 1554): TR3) TaskRecord{6013637 #8 A=com.example.para U=0 sz=1}
I/ActivityManager( 1554): TR2) TaskRecord{32d372a0 #5 A=com.gzgd.webapp.elf U=0 sz=1}
I/ActivityManager( 1554): TR3) TaskRecord{6013637 #8 A=com.example.para U=0 sz=1}
I/ActivityManager( 1554): TR2) TaskRecord{32d372a0 #5 A=com.gzgd.webapp.elf U=0 sz=1}
V/ActivityManager( 1554): set mstar.EnterOpaqueUI false
W/ViewRootImpl( 1833): Cancelling event due to no window focus: KeyEvent { action=ACTION_UP, keyCode=KEYCODE_DPAD_CENTER, scanCode=28, metaState=0, flags=0x28, repeatCount=0, eventTime=1560511, downTime=1560503, deviceId=3, source=0x301 }
W/ViewRootImpl( 1833): Cancelling event due to no window focus: KeyEvent { action=ACTION_UP, keyCode=KEYCODE_DPAD_CENTER, scanCode=28, metaState=0, flags=0x28, repeatCount=0, eventTime=1560511, downTime=1560503, deviceId=3, source=0x301 }
W/ViewRootImpl( 1833): Cancelling event due to no window focus: KeyEvent { action=ACTION_UP, keyCode=KEYCODE_DPAD_CENTER, scanCode=28, metaState=0, flags=0x28, repeatCount=0, eventTime=1560511, downTime=1560503, deviceId=3, source=0x301 }
W/ViewRootImpl( 1833): Cancelling event due to no window focus: KeyEvent { action=ACTION_UP, keyCode=KEYCODE_DPAD_CENTER, scanCode=28, metaState=0, flags=0x28, repeatCount=0, eventTime=1560511, downTime=1560503, deviceId=3, source=0x301 }
V/WindowManager( 1554): Adding window Window{2eebfb28 u0 com.example.para/com.example.para.activity.SplashActivity} at 3 of 9 (before Window{7758736 u0 Starting com.example.para})
W/ViewRootImpl( 4190): Cancelling event due to no window focus: KeyEvent { action=ACTION_UP, keyCode=KEYCODE_DPAD_CENTER, scanCode=28, metaState=0, flags=0x28, repeatCount=0, eventTime=1560630, downTime=1560503, deviceId=3, source=0x301 }
W/ViewRootImpl( 4190): Cancelling event due to no window focus: KeyEvent { action=ACTION_UP, keyCode=KEYCODE_DPAD_CENTER, scanCode=28, metaState=0, flags=0x28, repeatCount=0, eventTime=1560630, downTime=1560503, deviceId=3, source=0x301 }
W/ViewRootImpl( 4190): Cancelling event due to no window focus: KeyEvent { action=ACTION_UP, keyCode=KEYCODE_DPAD_CENTER, scanCode=28, metaState=0, flags=0x28, repeatCount=0, eventTime=1560630, downTime=1560503, deviceId=3, source=0x301 }
W/ViewRootImpl( 4190): Cancelling event due to no window focus: KeyEvent { action=ACTION_UP, keyCode=KEYCODE_DPAD_CENTER, scanCode=28, metaState=0, flags=0x28, repeatCount=0, eventTime=1560630, downTime=1560503, deviceId=3, source=0x301 }
W/ViewRootImpl( 4190): Cancelling event due to no window focus: KeyEvent { action=ACTION_UP, keyCode=KEYCODE_DPAD_CENTER, scanCode=28, metaState=0, flags=0x28, repeatCount=0, eventTime=1560630, downTime=1560503, deviceId=3, source=0x301 }
W/ViewRootImpl( 4190): Cancelling event due to no window focus: KeyEvent { action=ACTION_UP, keyCode=KEYCODE_DPAD_CENTER, scanCode=28, metaState=0, flags=0x28, repeatCount=0, eventTime=1560630, downTime=1560503, deviceId=3, source=0x301 }
W/ViewRootImpl( 4190): Cancelling event due to no window focus: KeyEvent { action=ACTION_UP, keyCode=KEYCODE_DPAD_CENTER, scanCode=28, metaState=0, flags=0x28, repeatCount=0, eventTime=1560630, downTime=1560503, deviceId=3, source=0x301 }
W/ViewRootImpl( 4190): Cancelling event due to no window focus: KeyEvent { action=ACTION_UP, keyCode=KEYCODE_DPAD_CENTER, scanCode=28, metaState=0, flags=0x28, repeatCount=0, eventTime=1560630, downTime=1560503, deviceId=3, source=0x301 }
W/ViewRootImpl( 4190): Cancelling event due to no window focus: KeyEvent { action=ACTION_UP, keyCode=KEYCODE_DPAD_CENTER, scanCode=28, metaState=0, flags=0x28, repeatCount=0, eventTime=1560630, downTime=1560503, deviceId=3, source=0x301 }
I/ValidateNoPeople( 1554): skipping global notification
I/ActivityManager( 1554): START u0 {cmp=com.example.para/.activity.MainActivity} from uid 10041 on display 0
V/WindowManager( 1554): addAppToken: AppWindowToken{6b0af7d token=Token{1899a1d4 ActivityRecord{2d61b27 u0 com.example.para/.activity.MainActivity t8}}} to stack=0 task=8 at 1
V/ActivityManager( 1554): set mstar.EnterOpaqueUI false
I/ActivityManager( 1554): TR3) TaskRecord{6013637 #8 A=com.example.para U=0 sz=2}
I/ActivityManager( 1554): TR2) TaskRecord{32d372a0 #5 A=com.gzgd.webapp.elf U=0 sz=1}
V/ActivityManager( 1554): set mstar.EnterOpaqueUI false
V/WindowManager( 1554): Adding window Window{22ff42c3 u0 com.example.para/com.example.para.activity.MainActivity} at 4 of 9 (after Window{2eebfb28 u0 com.example.para/com.example.para.activity.SplashActivity})
V/WindowManager( 1554): Adding window Window{21dc679 u0 SurfaceView} at 4 of 10 (before Window{22ff42c3 u0 com.example.para/com.example.para.activity.MainActivity})
W/ContextImpl( 1554): Calling a method in the system process without a qualified user: android.app.ContextImpl.sendBroadcast:1327 com.android.internal.policy.impl.PhoneWindowManager.interceptKeyBeforeDispatching:2462 com.android.server.wm.InputMonitor.interceptKeyBeforeDispatching:388 com.android.server.input.InputManagerService.interceptKeyBeforeDispatching:1470 <bottom of call stack> 
V/broadcast( 1554): Dispatching ordered broadcast: com.gzgd.KEYEVENT to ComponentInfo{com.gzgd.live/com.gzgd.live.globalkey.GlobalKeyReceiver}
V/broadcast( 2423): Start process ordered broadcast: com.gzgd.KEYEVENT to {com.gzgd.live/com.gzgd.live.globalkey.GlobalKeyReceiver}
W/ContextImpl( 2423): Calling a method in the system process without a qualified user: android.app.ContextImpl.startService:1692 android.content.ContextWrapper.startService:516 android.content.ContextWrapper.startService:516 com.gzgd.live.globalkey.GlobalKeyEventService.start:45 com.gzgd.live.globalkey.GlobalKeyReceiver.onReceive:21 
V/broadcast( 2423): End process ordered broadcast: com.gzgd.KEYEVENT to {com.gzgd.live/com.gzgd.live.globalkey.GlobalKeyReceiver}
V/ActivityManager( 1554): set mstar.EnterOpaqueUI false
I/WUGUAN  ( 1554): pkg = zime.ui
I/WUGUAN  ( 1554): axr.toString() = TaskRecord{32d372a0 #5 A=com.gzgd.webapp.elf U=0 sz=1}
I/WUGUAN  ( 1554): pkg = com.huawei.iptv.stb.videotalk.activity
I/WUGUAN  ( 1554): axr.toString() = TaskRecord{32d372a0 #5 A=com.gzgd.webapp.elf U=0 sz=1}
I/WUGUAN  ( 1554): pkg = hw.media.singletest
I/WUGUAN  ( 1554): axr.toString() = TaskRecord{32d372a0 #5 A=com.gzgd.webapp.elf U=0 sz=1}
I/WUGUAN  ( 1554): pkg = com.huawei.videoengineapp
I/WUGUAN  ( 1554): axr.toString() = TaskRecord{32d372a0 #5 A=com.gzgd.webapp.elf U=0 sz=1}
I/ActivityManager( 1554): TR3) TaskRecord{32d372a0 #5 A=com.gzgd.webapp.elf U=0 sz=1}
I/ActivityManager( 1554): TR2) TaskRecord{6013637 #8 A=com.example.para U=0 sz=1}
I/ActivityManager( 1554): TR3) TaskRecord{32d372a0 #5 A=com.gzgd.webapp.elf U=0 sz=1}
I/ActivityManager( 1554): TR2) TaskRecord{6013637 #8 A=com.example.para U=0 sz=1}
I/ValidateNoPeople( 1554): skipping global notification
V/broadcast( 1554): Start process parallel broadcast: android.intent.action.TIME_TICK to com.android.server.AlarmManagerService$ClockReceiver@3955c6cc
V/broadcast( 1554): End process parallel broadcast: android.intent.action.TIME_TICK to com.android.server.AlarmManagerService$ClockReceiver@3955c6cc
V/broadcast( 1747): Start process parallel broadcast: android.intent.action.TIME_TICK to com.android.keyguard.KeyguardUpdateMonitor$3@3d54af6d
V/broadcast( 1747): End process parallel broadcast: android.intent.action.TIME_TICK to com.android.keyguard.KeyguardUpdateMonitor$3@3d54af6d
V/broadcast( 1747): Start process parallel broadcast: android.intent.action.TIME_TICK to com.android.systemui.statusbar.KeyguardIndicationController$2@29d0c0b4
V/broadcast( 1747): End process parallel broadcast: android.intent.action.TIME_TICK to com.android.systemui.statusbar.KeyguardIndicationController$2@29d0c0b4
V/broadcast( 1747): Start process parallel broadcast: android.intent.action.TIME_TICK to com.android.systemui.statusbar.policy.Clock$1@27019886
V/broadcast( 1747): End process parallel broadcast: android.intent.action.TIME_TICK to com.android.systemui.statusbar.policy.Clock$1@27019886
V/broadcast( 1747): Start process parallel broadcast: android.intent.action.TIME_TICK to android.widget.TextClock$2@1f4eb712
V/broadcast( 1747): End process parallel broadcast: android.intent.action.TIME_TICK to android.widget.TextClock$2@1f4eb712
V/broadcast( 1747): Start process parallel broadcast: android.intent.action.TIME_TICK to android.widget.TextClock$2@3a379ee3
V/broadcast( 1747): End process parallel broadcast: android.intent.action.TIME_TICK to android.widget.TextClock$2@3a379ee3
V/broadcast( 1747): Start process parallel broadcast: android.intent.action.TIME_TICK to com.android.systemui.statusbar.policy.DateView$1@3ddd325e
V/broadcast( 1747): End process parallel broadcast: android.intent.action.TIME_TICK to com.android.systemui.statusbar.policy.DateView$1@3ddd325e
V/broadcast( 1747): Start process parallel broadcast: android.intent.action.TIME_TICK to com.android.systemui.statusbar.policy.DateView$1@f3b463f
V/broadcast( 1747): End process parallel broadcast: android.intent.action.TIME_TICK to com.android.systemui.statusbar.policy.DateView$1@f3b463f
V/broadcast( 1747): Start process parallel broadcast: android.intent.action.TIME_TICK to android.widget.TextClock$2@2d4bcc55
V/broadcast( 1747): End process parallel broadcast: android.intent.action.TIME_TICK to android.widget.TextClock$2@2d4bcc55
V/broadcast( 1747): Start process parallel broadcast: android.intent.action.TIME_TICK to android.widget.TextClock$2@46166a
V/broadcast( 1747): End process parallel broadcast: android.intent.action.TIME_TICK to android.widget.TextClock$2@46166a
V/broadcast( 1747): Start process parallel broadcast: android.intent.action.TIME_TICK to android.widget.DateTimeView$ReceiverInfo$1@1a41ce0f
V/broadcast( 1747): End process parallel broadcast: android.intent.action.TIME_TICK to android.widget.DateTimeView$ReceiverInfo$1@1a41ce0f
W/ContextImpl( 1554): Calling a method in the system process without a qualified user: android.app.ContextImpl.sendBroadcast:1327 com.android.internal.policy.impl.PhoneWindowManager.interceptKeyBeforeDispatching:2462 com.android.server.wm.InputMonitor.interceptKeyBeforeDispatching:388 com.android.server.input.InputManagerService.interceptKeyBeforeDispatching:1470 <bottom of call stack> 
V/broadcast( 1554): Dispatching ordered broadcast: com.gzgd.KEYEVENT to ComponentInfo{com.gzgd.live/com.gzgd.live.globalkey.GlobalKeyReceiver}
V/broadcast( 2423): Start process ordered broadcast: com.gzgd.KEYEVENT to {com.gzgd.live/com.gzgd.live.globalkey.GlobalKeyReceiver}
W/ContextImpl( 2423): Calling a method in the system process without a qualified user: android.app.ContextImpl.startService:1692 android.content.ContextWrapper.startService:516 android.content.ContextWrapper.startService:516 com.gzgd.live.globalkey.GlobalKeyEventService.start:45 com.gzgd.live.globalkey.GlobalKeyReceiver.onReceive:21 
V/broadcast( 2423): End process ordered broadcast: com.gzgd.KEYEVENT to {com.gzgd.live/com.gzgd.live.globalkey.GlobalKeyReceiver}
I/ActivityManager( 1554): START u0 {flg=0x10000000 cmp=com.example.para/.activity.SplashActivity} from uid 10032 on display 0
V/WindowManager( 1554): addAppToken: AppWindowToken{3725739c token=Token{331a770f ActivityRecord{2d0a646e u0 com.example.para/.activity.SplashActivity t9}}} to stack=0 task=9 at 0
V/WindowManager( 1554): Adding window Window{1a303907 u0 Starting com.example.para} at 3 of 8 (after Window{d47a482 u0 com.gzgd.webapp.elf/com.gzgd.webapp.MainActivity})
V/ActivityManager( 1554): set mstar.EnterOpaqueUI false
I/WUGUAN  ( 1554): pkg = zime.ui
I/WUGUAN  ( 1554): axr.toString() = TaskRecord{180d5ea3 #9 A=com.example.para U=0 sz=1}
I/WUGUAN  ( 1554): pkg = com.huawei.iptv.stb.videotalk.activity
I/WUGUAN  ( 1554): axr.toString() = TaskRecord{180d5ea3 #9 A=com.example.para U=0 sz=1}
I/WUGUAN  ( 1554): pkg = hw.media.singletest
I/WUGUAN  ( 1554): axr.toString() = TaskRecord{180d5ea3 #9 A=com.example.para U=0 sz=1}
I/WUGUAN  ( 1554): pkg = com.huawei.videoengineapp
I/WUGUAN  ( 1554): axr.toString() = TaskRecord{180d5ea3 #9 A=com.example.para U=0 sz=1}
I/ActivityManager( 1554): TR3) TaskRecord{180d5ea3 #9 A=com.example.para U=0 sz=1}
I/ActivityManager( 1554): TR2) TaskRecord{32d372a0 #5 A=com.gzgd.webapp.elf U=0 sz=1}
I/ActivityManager( 1554): TR3) TaskRecord{180d5ea3 #9 A=com.example.para U=0 sz=1}
I/ActivityManager( 1554): TR2) TaskRecord{32d372a0 #5 A=com.gzgd.webapp.elf U=0 sz=1}
V/ActivityManager( 1554): set mstar.EnterOpaqueUI false
W/ViewRootImpl( 1833): Cancelling event due to no window focus: KeyEvent { action=ACTION_UP, keyCode=KEYCODE_DPAD_CENTER, scanCode=28, metaState=0, flags=0x28, repeatCount=0, eventTime=1631310, downTime=1631298, deviceId=3, source=0x301 }
W/ViewRootImpl( 1833): Cancelling event due to no window focus: KeyEvent { action=ACTION_UP, keyCode=KEYCODE_DPAD_CENTER, scanCode=28, metaState=0, flags=0x28, repeatCount=0, eventTime=1631310, downTime=1631298, deviceId=3, source=0x301 }
W/ViewRootImpl( 1833): Cancelling event due to no window focus: KeyEvent { action=ACTION_UP, keyCode=KEYCODE_DPAD_CENTER, scanCode=28, metaState=0, flags=0x28, repeatCount=0, eventTime=1631310, downTime=1631298, deviceId=3, source=0x301 }
W/ViewRootImpl( 1833): Cancelling event due to no window focus: KeyEvent { action=ACTION_UP, keyCode=KEYCODE_DPAD_CENTER, scanCode=28, metaState=0, flags=0x28, repeatCount=0, eventTime=1631310, downTime=1631298, deviceId=3, source=0x301 }
V/WindowManager( 1554): Adding window Window{2f95f691 u0 com.example.para/com.example.para.activity.SplashActivity} at 3 of 9 (before Window{1a303907 u0 Starting com.example.para})
W/ViewRootImpl( 4190): Cancelling event due to no window focus: KeyEvent { action=ACTION_UP, keyCode=KEYCODE_DPAD_CENTER, scanCode=28, metaState=0, flags=0x28, repeatCount=0, eventTime=1631490, downTime=1631298, deviceId=3, source=0x301 }
W/ViewRootImpl( 4190): Cancelling event due to no window focus: KeyEvent { action=ACTION_UP, keyCode=KEYCODE_DPAD_CENTER, scanCode=28, metaState=0, flags=0x28, repeatCount=0, eventTime=1631490, downTime=1631298, deviceId=3, source=0x301 }
W/ViewRootImpl( 4190): Cancelling event due to no window focus: KeyEvent { action=ACTION_UP, keyCode=KEYCODE_DPAD_CENTER, scanCode=28, metaState=0, flags=0x28, repeatCount=0, eventTime=1631490, downTime=1631298, deviceId=3, source=0x301 }
W/ViewRootImpl( 4190): Cancelling event due to no window focus: KeyEvent { action=ACTION_UP, keyCode=KEYCODE_DPAD_CENTER, scanCode=28, metaState=0, flags=0x28, repeatCount=0, eventTime=1631490, downTime=1631298, deviceId=3, source=0x301 }
W/ViewRootImpl( 4190): Cancelling event due to no window focus: KeyEvent { action=ACTION_UP, keyCode=KEYCODE_DPAD_CENTER, scanCode=28, metaState=0, flags=0x28, repeatCount=0, eventTime=1631490, downTime=1631298, deviceId=3, source=0x301 }
W/ViewRootImpl( 4190): Cancelling event due to no window focus: KeyEvent { action=ACTION_UP, keyCode=KEYCODE_DPAD_CENTER, scanCode=28, metaState=0, flags=0x28, repeatCount=0, eventTime=1631490, downTime=1631298, deviceId=3, source=0x301 }
W/ViewRootImpl( 4190): Cancelling event due to no window focus: KeyEvent { action=ACTION_UP, keyCode=KEYCODE_DPAD_CENTER, scanCode=28, metaState=0, flags=0x28, repeatCount=0, eventTime=1631490, downTime=1631298, deviceId=3, source=0x301 }
W/ViewRootImpl( 4190): Cancelling event due to no window focus: KeyEvent { action=ACTION_UP, keyCode=KEYCODE_DPAD_CENTER, scanCode=28, metaState=0, flags=0x28, repeatCount=0, eventTime=1631490, downTime=1631298, deviceId=3, source=0x301 }
W/ViewRootImpl( 4190): Cancelling event due to no window focus: KeyEvent { action=ACTION_UP, keyCode=KEYCODE_DPAD_CENTER, scanCode=28, metaState=0, flags=0x28, repeatCount=0, eventTime=1631490, downTime=1631298, deviceId=3, source=0x301 }
I/ValidateNoPeople( 1554): skipping global notification
I/ActivityManager( 1554): START u0 {cmp=com.example.para/.activity.MainActivity} from uid 10041 on display 0
V/WindowManager( 1554): addAppToken: AppWindowToken{3df01f82 token=Token{3a126acd ActivityRecord{11eaf864 u0 com.example.para/.activity.MainActivity t9}}} to stack=0 task=9 at 1
V/ActivityManager( 1554): set mstar.EnterOpaqueUI false
I/ActivityManager( 1554): TR3) TaskRecord{180d5ea3 #9 A=com.example.para U=0 sz=2}
I/ActivityManager( 1554): TR2) TaskRecord{32d372a0 #5 A=com.gzgd.webapp.elf U=0 sz=1}
V/ActivityManager( 1554): set mstar.EnterOpaqueUI false
V/WindowManager( 1554): Adding window Window{229136d0 u0 com.example.para/com.example.para.activity.MainActivity} at 4 of 9 (after Window{2f95f691 u0 com.example.para/com.example.para.activity.SplashActivity})
V/WindowManager( 1554): Adding window Window{2c04b1ce u0 SurfaceView} at 4 of 10 (before Window{229136d0 u0 com.example.para/com.example.para.activity.MainActivity})
W/ContextImpl( 1554): Calling a method in the system process without a qualified user: android.app.ContextImpl.sendBroadcast:1327 com.android.internal.policy.impl.PhoneWindowManager.interceptKeyBeforeDispatching:2462 com.android.server.wm.InputMonitor.interceptKeyBeforeDispatching:388 com.android.server.input.InputManagerService.interceptKeyBeforeDispatching:1470 <bottom of call stack> 
V/broadcast( 1554): Dispatching ordered broadcast: com.gzgd.KEYEVENT to ComponentInfo{com.gzgd.live/com.gzgd.live.globalkey.GlobalKeyReceiver}
V/broadcast( 2423): Start process ordered broadcast: com.gzgd.KEYEVENT to {com.gzgd.live/com.gzgd.live.globalkey.GlobalKeyReceiver}
W/ContextImpl( 2423): Calling a method in the system process without a qualified user: android.app.ContextImpl.startService:1692 android.content.ContextWrapper.startService:516 android.content.ContextWrapper.startService:516 com.gzgd.live.globalkey.GlobalKeyEventService.start:45 com.gzgd.live.globalkey.GlobalKeyReceiver.onReceive:21 
V/broadcast( 2423): End process ordered broadcast: com.gzgd.KEYEVENT to {com.gzgd.live/com.gzgd.live.globalkey.GlobalKeyReceiver}
W/ContextImpl( 1554): Calling a method in the system process without a qualified user: android.app.ContextImpl.sendBroadcast:1327 com.android.internal.policy.impl.PhoneWindowManager.interceptKeyBeforeDispatching:2462 com.android.server.wm.InputMonitor.interceptKeyBeforeDispatching:388 com.android.server.input.InputManagerService.interceptKeyBeforeDispatching:1470 <bottom of call stack> 
V/broadcast( 1554): Dispatching ordered broadcast: com.gzgd.KEYEVENT to ComponentInfo{com.gzgd.live/com.gzgd.live.globalkey.GlobalKeyReceiver}
V/broadcast( 2423): Start process ordered broadcast: com.gzgd.KEYEVENT to {com.gzgd.live/com.gzgd.live.globalkey.GlobalKeyReceiver}
W/ContextImpl( 2423): Calling a method in the system process without a qualified user: android.app.ContextImpl.startService:1692 android.content.ContextWrapper.startService:516 android.content.ContextWrapper.startService:516 com.gzgd.live.globalkey.GlobalKeyEventService.start:45 com.gzgd.live.globalkey.GlobalKeyReceiver.onReceive:21 
V/broadcast( 2423): End process ordered broadcast: com.gzgd.KEYEVENT to {com.gzgd.live/com.gzgd.live.globalkey.GlobalKeyReceiver}
W/ContextImpl( 1554): Calling a method in the system process without a qualified user: android.app.ContextImpl.sendBroadcast:1327 com.android.internal.policy.impl.PhoneWindowManager.interceptKeyBeforeDispatching:2462 com.android.server.wm.InputMonitor.interceptKeyBeforeDispatching:388 com.android.server.input.InputManagerService.interceptKeyBeforeDispatching:1470 <bottom of call stack> 
V/broadcast( 1554): Dispatching ordered broadcast: com.gzgd.KEYEVENT to ComponentInfo{com.gzgd.live/com.gzgd.live.globalkey.GlobalKeyReceiver}
V/broadcast( 2423): Start process ordered broadcast: com.gzgd.KEYEVENT to {com.gzgd.live/com.gzgd.live.globalkey.GlobalKeyReceiver}
W/ContextImpl( 2423): Calling a method in the system process without a qualified user: android.app.ContextImpl.startService:1692 android.content.ContextWrapper.startService:516 android.content.ContextWrapper.startService:516 com.gzgd.live.globalkey.GlobalKeyEventService.start:45 com.gzgd.live.globalkey.GlobalKeyReceiver.onReceive:21 
V/broadcast( 2423): End process ordered broadcast: com.gzgd.KEYEVENT to {com.gzgd.live/com.gzgd.live.globalkey.GlobalKeyReceiver}
W/ContextImpl( 1554): Calling a method in the system process without a qualified user: android.app.ContextImpl.sendBroadcast:1327 com.android.internal.policy.impl.PhoneWindowManager.interceptKeyBeforeDispatching:2462 com.android.server.wm.InputMonitor.interceptKeyBeforeDispatching:388 com.android.server.input.InputManagerService.interceptKeyBeforeDispatching:1470 <bottom of call stack> 
V/broadcast( 1554): Dispatching ordered broadcast: com.gzgd.KEYEVENT to ComponentInfo{com.gzgd.live/com.gzgd.live.globalkey.GlobalKeyReceiver}
V/broadcast( 2423): Start process ordered broadcast: com.gzgd.KEYEVENT to {com.gzgd.live/com.gzgd.live.globalkey.GlobalKeyReceiver}
W/ContextImpl( 2423): Calling a method in the system process without a qualified user: android.app.ContextImpl.startService:1692 android.content.ContextWrapper.startService:516 android.content.ContextWrapper.startService:516 com.gzgd.live.globalkey.GlobalKeyEventService.start:45 com.gzgd.live.globalkey.GlobalKeyReceiver.onReceive:21 
V/broadcast( 2423): End process ordered broadcast: com.gzgd.KEYEVENT to {com.gzgd.live/com.gzgd.live.globalkey.GlobalKeyReceiver}
W/ContextImpl( 1554): Calling a method in the system process without a qualified user: android.app.ContextImpl.sendBroadcast:1327 com.android.internal.policy.impl.PhoneWindowManager.interceptKeyBeforeDispatching:2462 com.android.server.wm.InputMonitor.interceptKeyBeforeDispatching:388 com.android.server.input.InputManagerService.interceptKeyBeforeDispatching:1470 <bottom of call stack> 
V/broadcast( 1554): Dispatching ordered broadcast: com.gzgd.KEYEVENT to ComponentInfo{com.gzgd.live/com.gzgd.live.globalkey.GlobalKeyReceiver}
V/broadcast( 2423): Start process ordered broadcast: com.gzgd.KEYEVENT to {com.gzgd.live/com.gzgd.live.globalkey.GlobalKeyReceiver}
W/ContextImpl( 2423): Calling a method in the system process without a qualified user: android.app.ContextImpl.startService:1692 android.content.ContextWrapper.startService:516 android.content.ContextWrapper.startService:516 com.gzgd.live.globalkey.GlobalKeyEventService.start:45 com.gzgd.live.globalkey.GlobalKeyReceiver.onReceive:21 
V/broadcast( 2423): End process ordered broadcast: com.gzgd.KEYEVENT to {com.gzgd.live/com.gzgd.live.globalkey.GlobalKeyReceiver}
