12-31 16:00:04.791 W/Resources( 1104): Preloaded drawable resource #0x10800d3 (android:drawable/btn_cab_done_focused_holo_light) that varies with configuration!!
12-31 16:00:04.795 W/Resources( 1104): Preloaded drawable resource #0x10800d1 (android:drawable/btn_cab_done_default_holo_light) that varies with configuration!!
12-31 16:00:04.795 W/Resources( 1104): Preloaded drawable resource #0x10800d6 (android:drawable/btn_cab_done_pressed_holo_dark) that varies with configuration!!
12-31 16:00:04.795 W/Resources( 1104): Preloaded drawable resource #0x10800d2 (android:drawable/btn_cab_done_focused_holo_dark) that varies with configuration!!
12-31 16:00:04.795 I/MiSysSrv( 1117): [DTV_SetTune][665][MXL608]hy_tuner [tune]Freq:227.000000,eBandWidth:3,eMode:2
12-31 16:00:04.795 I/MiSysSrv( 1117): [DTV_SetTune][681][MXL608]hy_tuner ============================>DTV_SetTune 8M
12-31 16:00:04.795 I/MiSysSrv( 1117): MxLWare608_API_CfgTunerChanTune, signal type = 0, Freq = 227000000, BW = 2, Xtal = 0 
12-31 16:00:04.795 W/Resources( 1104): Preloaded drawable resource #0x10800d7 (android:drawable/btn_cab_done_pressed_holo_light) that varies with configuration!!
12-31 16:00:04.795 W/Resources( 1104): Preloaded drawable resource #0x1080402 (android:drawable/list_pressed_holo_light) that varies with configuration!!
12-31 16:00:04.795 W/Resources( 1104): Preloaded drawable resource #0x10800d3 (android:drawable/btn_cab_done_focused_holo_light) that varies with configuration!!
12-31 16:00:04.795 W/Resources( 1104): Preloaded drawable resource #0x10800d1 (android:drawable/btn_cab_done_default_holo_light) that varies with configuration!!
12-31 16:00:04.795 W/Resources( 1104): Preloaded drawable resource #0x10800d5 (android:drawable/btn_cab_done_holo_light) that varies with configuration!!
12-31 16:00:04.803 W/Resources( 1104): Preloaded drawable resource #0x1080401 (android:drawable/list_pressed_holo_dark) that varies with configuration!!
12-31 16:00:04.803 W/Resources( 1104): Preloaded drawable resource #0x10800d2 (android:drawable/btn_cab_done_focused_holo_dark) that varies with configuration!!
12-31 16:00:04.803 W/Resources( 1104): Preloaded drawable resource #0x10800d0 (android:drawable/btn_cab_done_default_holo_dark) that varies with configuration!!
12-31 16:00:04.803 W/Resources( 1104): Preloaded drawable resource #0x10800d4 (android:drawable/btn_cab_done_holo_dark) that varies with configuration!!
12-31 16:00:04.803 W/Resources( 1104): Preloaded drawable resource #0x1080341 (android:drawable/ic_menu_copy_holo_dark) that varies with configuration!!
12-31 16:00:04.811 W/Resources( 1104): Preloaded drawable resource #0x1080342 (android:drawable/ic_menu_copy_holo_light) that varies with configuration!!
12-31 16:00:04.811 W/Resources( 1104): Preloaded drawable resource #0x1080344 (android:drawable/ic_menu_cut_holo_dark) that varies with configuration!!
12-31 16:00:04.819 W/Resources( 1104): Preloaded drawable resource #0x1080345 (android:drawable/ic_menu_cut_holo_light) that varies with configuration!!
12-31 16:00:04.823 W/Resources( 1104): Preloaded drawable resource #0x1080045 (android:drawable/ic_menu_more) that varies with configuration!!
12-31 16:00:04.823 W/Resources( 1104): Preloaded drawable resource #0x1080358 (android:drawable/ic_menu_moreoverflow_normal_holo_dark) that varies with configuration!!
12-31 16:00:04.823 W/Resources( 1104): Preloaded drawable resource #0x1080356 (android:drawable/ic_menu_moreoverflow_holo_dark) that varies with configuration!!
12-31 16:00:04.823 W/Resources( 1104): Preloaded drawable resource #0x1080359 (android:drawable/ic_menu_moreoverflow_normal_holo_light) that varies with configuration!!
12-31 16:00:04.823 W/Resources( 1104): Preloaded drawable resource #0x1080357 (android:drawable/ic_menu_moreoverflow_holo_light) that varies with configuration!!
12-31 16:00:04.831 W/Resources( 1104): Preloaded drawable resource #0x108035c (android:drawable/ic_menu_paste_holo_dark) that varies with configuration!!
12-31 16:00:04.831 W/Resources( 1104): Preloaded drawable resource #0x108035d (android:drawable/ic_menu_paste_holo_light) that varies with configuration!!
12-31 16:00:04.831 W/Resources( 1104): Preloaded drawable resource #0x1080363 (android:drawable/ic_menu_selectall_holo_light) that varies with configuration!!
12-31 16:00:04.831 W/Resources( 1104): Preloaded drawable resource #0x1080362 (android:drawable/ic_menu_selectall_holo_dark) that varies with configuration!!
12-31 16:00:04.843 I/MiSysSrv( 1117): MxLWare608_API_ReqTunerLockStatus RfSynthStatus = 1, RefSynthStatus = 1[MDrv_Tuner_SetTuner][511][MXL608]hy_tuner 
12-31 16:00:04.843 I/MiSysSrv( 1117): Tuner locked
12-31 16:00:04.843 I/MiSysSrv( 1117): [MDrv_Tuner_SetTuner][513][MXL608]hy_tuner MxL608_0x5B : 10
12-31 16:00:04.843 I/MiSysSrv( 1117): [MDrv_Tuner_SetTuner][515][MXL608]hy_tuner MxL608_0x5C : b1
12-31 16:00:04.843 I/MiSysSrv( 1117): [DTV_DVB_C_SetFrequency][846][DC2800]hy_tuner  device_demodulator_extend2
12-31 16:00:04.843 I/MiSysSrv( 1117): [DTV_DVB_C_SetFrequency][848][DC2800]hy_tuner u32Frequency:227000, [3, 6875, 2]
12-31 16:00:04.843 I/MiSysSrv( 1117): [DTV_DVB_C_SetFrequency][884][DC2800]hy_tuner  you lock same  [227000 6875 64 3]  !!
12-31 16:00:04.843 D/DD      ( 1261): <1592>[dd_tuner][FUNC:DD_Tuner_Connect LINE:704]Exit Success
12-31 16:00:04.843 I/MiSysSrv( 1117): [DTV_DVB_C_SetFrequency][909][DC2800]hy_tuner device_demodulator_extend2 exit
12-31 16:00:04.859 W/Resources( 1104): Preloaded drawable resource #0x1080221 (android:drawable/dialog_bottom_holo_dark) that varies with configuration!!
12-31 16:00:04.867 W/Resources( 1104): Preloaded drawable resource #0x1080222 (android:drawable/dialog_bottom_holo_light) that varies with configuration!!
12-31 16:00:04.875 W/Resources( 1104): Preloaded drawable resource #0x1080226 (android:drawable/dialog_full_holo_dark) that varies with configuration!!
12-31 16:00:04.883 W/Resources( 1104): Preloaded drawable resource #0x1080227 (android:drawable/dialog_full_holo_light) that varies with configuration!!
12-31 16:00:04.887 W/Resources( 1104): Preloaded drawable resource #0x108022f (android:drawable/dialog_middle_holo_dark) that varies with configuration!!
12-31 16:00:04.891 W/Resources( 1104): Preloaded drawable resource #0x1080230 (android:drawable/dialog_middle_holo_light) that varies with configuration!!
12-31 16:00:04.895 W/Resources( 1104): Preloaded drawable resource #0x1080231 (android:drawable/dialog_top_holo_dark) that varies with configuration!!
12-31 16:00:04.895 W/Resources( 1104): Preloaded drawable resource #0x1080232 (android:drawable/dialog_top_holo_light) that varies with configuration!!
12-31 16:00:04.903 W/Resources( 1104): Preloaded drawable resource #0x10802d4 (android:drawable/ic_dialog_alert_holo_dark) that varies with configuration!!
12-31 16:00:04.903 W/Resources( 1104): Preloaded drawable resource #0x10802d5 (android:drawable/ic_dialog_alert_holo_light) that varies with configuration!!
12-31 16:00:04.903 W/Resources( 1104): Preloaded drawable resource #0x10803f7 (android:drawable/list_divider_holo_dark) that varies with configuration!!
12-31 16:00:04.903 W/Resources( 1104): Preloaded drawable resource #0x10803f8 (android:drawable/list_divider_holo_light) that varies with configuration!!
12-31 16:00:04.907 W/Resources( 1104): Preloaded drawable resource #0x10803f8 (android:drawable/list_divider_holo_light) that varies with configuration!!
12-31 16:00:04.907 W/Resources( 1104): Preloaded drawable resource #0x10800bd (android:drawable/ab_transparent_dark_holo) that varies with configuration!!
12-31 16:00:04.915 W/Resources( 1104): Preloaded drawable resource #0x10800bb (android:drawable/ab_stacked_transparent_dark_holo) that varies with configuration!!
12-31 16:00:04.915 W/Resources( 1104): Preloaded drawable resource #0x10800a1 (android:drawable/ab_bottom_transparent_dark_holo) that varies with configuration!!
12-31 16:00:04.919 W/Resources( 1104): Preloaded drawable resource #0x10800b5 (android:drawable/ab_solid_dark_holo) that varies with configuration!!
12-31 16:00:04.923 W/Resources( 1104): Preloaded drawable resource #0x10800b8 (android:drawable/ab_stacked_solid_dark_holo) that varies with configuration!!
12-31 16:00:04.923 W/Resources( 1104): Preloaded drawable resource #0x108009e (android:drawable/ab_bottom_solid_dark_holo) that varies with configuration!!
12-31 16:00:04.923 W/Resources( 1104): Preloaded drawable resource #0x10800be (android:drawable/ab_transparent_light_holo) that varies with configuration!!
12-31 16:00:04.927 W/Resources( 1104): Preloaded drawable resource #0x10800bc (android:drawable/ab_stacked_transparent_light_holo) that varies with configuration!!
12-31 16:00:04.963 D/dalvikvm( 1104): GC_FOR_ALLOC freed 399K, 31% free 3108K/4492K, paused 33ms, total 33ms
12-31 16:00:04.963 W/Resources( 1104): Preloaded drawable resource #0x10800a2 (android:drawable/ab_bottom_transparent_light_holo) that varies with configuration!!
12-31 16:00:04.963 W/Resources( 1104): Preloaded drawable resource #0x10800b6 (android:drawable/ab_solid_light_holo) that varies with configuration!!
12-31 16:00:04.971 W/Resources( 1104): Preloaded drawable resource #0x10800ba (android:drawable/ab_stacked_solid_light_holo) that varies with configuration!!
12-31 16:00:04.971 W/Resources( 1104): Preloaded drawable resource #0x10800a0 (android:drawable/ab_bottom_solid_light_holo) that varies with configuration!!
12-31 16:00:04.971 W/Resources( 1104): Preloaded drawable resource #0x10800b7 (android:drawable/ab_solid_shadow_holo) that varies with configuration!!
12-31 16:00:04.975 W/Resources( 1104): Preloaded drawable resource #0x1080401 (android:drawable/list_pressed_holo_dark) that varies with configuration!!
12-31 16:00:04.975 W/Resources( 1104): Preloaded drawable resource #0x10803ff (android:drawable/list_longpressed_holo_dark) that varies with configuration!!
12-31 16:00:04.975 W/Resources( 1104): Preloaded drawable resource #0x108041d (android:drawable/list_selector_background_transition_holo_dark) that varies with configuration!!
12-31 16:00:04.975 W/Resources( 1104): Preloaded drawable resource #0x1080401 (android:drawable/list_pressed_holo_dark) that varies with configuration!!
12-31 16:00:04.983 W/Resources( 1104): Preloaded drawable resource #0x10803ff (android:drawable/list_longpressed_holo_dark) that varies with configuration!!
12-31 16:00:04.983 W/Resources( 1104): Preloaded drawable resource #0x108041d (android:drawable/list_selector_background_transition_holo_dark) that varies with configuration!!
12-31 16:00:04.983 W/Resources( 1104): Preloaded drawable resource #0x10803fa (android:drawable/list_focused_holo) that varies with configuration!!
12-31 16:00:04.987 W/Resources( 1104): Preloaded drawable resource #0x10803b6 (android:drawable/item_background_holo_dark) that varies with configuration!!
12-31 16:00:04.987 W/Resources( 1104): Preloaded drawable resource #0x1080402 (android:drawable/list_pressed_holo_light) that varies with configuration!!
12-31 16:00:04.991 W/Resources( 1104): Preloaded drawable resource #0x1080400 (android:drawable/list_longpressed_holo_light) that varies with configuration!!
12-31 16:00:04.991 W/Resources( 1104): Preloaded drawable resource #0x108041e (android:drawable/list_selector_background_transition_holo_light) that varies with configuration!!
12-31 16:00:04.991 W/Resources( 1104): Preloaded drawable resource #0x1080402 (android:drawable/list_pressed_holo_light) that varies with configuration!!
12-31 16:00:04.991 W/Resources( 1104): Preloaded drawable resource #0x1080400 (android:drawable/list_longpressed_holo_light) that varies with configuration!!
12-31 16:00:04.991 W/Resources( 1104): Preloaded drawable resource #0x108041e (android:drawable/list_selector_background_transition_holo_light) that varies with configuration!!
12-31 16:00:04.991 W/Resources( 1104): Preloaded drawable resource #0x10803fa (android:drawable/list_focused_holo) that varies with configuration!!
12-31 16:00:04.991 W/Resources( 1104): Preloaded drawable resource #0x10803b7 (android:drawable/item_background_holo_light) that varies with configuration!!
12-31 16:00:04.999 W/Resources( 1104): Preloaded drawable resource #0x108027c (android:drawable/fastscroll_thumb_pressed_holo) that varies with configuration!!
12-31 16:00:04.999 W/Resources( 1104): Preloaded drawable resource #0x108027a (android:drawable/fastscroll_thumb_default_holo) that varies with configuration!!
12-31 16:00:04.999 W/Resources( 1104): Preloaded drawable resource #0x108027b (android:drawable/fastscroll_thumb_holo) that varies with configuration!!
12-31 16:00:05.003 W/Resources( 1104): Preloaded drawable resource #0x108027c (android:drawable/fastscroll_thumb_pressed_holo) that varies with configuration!!
12-31 16:00:05.003 W/Resources( 1104): Preloaded drawable resource #0x108027a (android:drawable/fastscroll_thumb_default_holo) that varies with configuration!!
12-31 16:00:05.007 W/Resources( 1104): Preloaded drawable resource #0x1080281 (android:drawable/fastscroll_track_pressed_holo_dark) that varies with configuration!!
12-31 16:00:05.007 W/Resources( 1104): Preloaded drawable resource #0x108027d (android:drawable/fastscroll_track_default_holo_dark) that varies with configuration!!
12-31 16:00:05.007 W/Resources( 1104): Preloaded drawable resource #0x108027f (android:drawable/fastscroll_track_holo_dark) that varies with configuration!!
12-31 16:00:05.007 W/Resources( 1104): Preloaded drawable resource #0x1080281 (android:drawable/fastscroll_track_pressed_holo_dark) that varies with configuration!!
12-31 16:00:05.007 W/Resources( 1104): Preloaded drawable resource #0x108027d (android:drawable/fastscroll_track_default_holo_dark) that varies with configuration!!
12-31 16:00:05.019 W/Resources( 1104): Preloaded drawable resource #0x1080276 (android:drawable/fastscroll_label_left_holo_dark) that varies with configuration!!
12-31 16:00:05.027 W/Resources( 1104): Preloaded drawable resource #0x1080278 (android:drawable/fastscroll_label_right_holo_dark) that varies with configuration!!
12-31 16:00:05.027 W/Resources( 1104): Preloaded drawable resource #0x1080282 (android:drawable/fastscroll_track_pressed_holo_light) that varies with configuration!!
12-31 16:00:05.027 W/Resources( 1104): Preloaded drawable resource #0x108027e (android:drawable/fastscroll_track_default_holo_light) that varies with configuration!!
12-31 16:00:05.027 W/Resources( 1104): Preloaded drawable resource #0x1080280 (android:drawable/fastscroll_track_holo_light) that varies with configuration!!
12-31 16:00:05.027 W/Resources( 1104): Preloaded drawable resource #0x1080282 (android:drawable/fastscroll_track_pressed_holo_light) that varies with configuration!!
12-31 16:00:05.027 W/Resources( 1104): Preloaded drawable resource #0x108027e (android:drawable/fastscroll_track_default_holo_light) that varies with configuration!!
12-31 16:00:05.039 W/Resources( 1104): Preloaded drawable resource #0x1080277 (android:drawable/fastscroll_label_left_holo_light) that varies with configuration!!
12-31 16:00:05.039 W/Resources( 1104): Preloaded drawable resource #0x1080279 (android:drawable/fastscroll_label_right_holo_light) that varies with configuration!!
12-31 16:00:05.047 W/Resources( 1104): Preloaded drawable resource #0x1080665 (android:drawable/textfield_search_selected_holo_dark) that varies with configuration!!
12-31 16:00:05.047 W/Resources( 1104): Preloaded drawable resource #0x1080659 (android:drawable/textfield_search_default_holo_dark) that varies with configuration!!
12-31 16:00:05.047 W/Resources( 1104): Preloaded drawable resource #0x1080667 (android:drawable/textfield_searchview_holo_dark) that varies with configuration!!
12-31 16:00:05.047 W/Resources( 1104): Preloaded drawable resource #0x1080662 (android:drawable/textfield_search_right_selected_holo_dark) that varies with configuration!!
12-31 16:00:05.055 W/Resources( 1104): Preloaded drawable resource #0x1080660 (android:drawable/textfield_search_right_default_holo_dark) that varies with configuration!!
12-31 16:00:05.055 W/Resources( 1104): Preloaded drawable resource #0x1080669 (android:drawable/textfield_searchview_right_holo_dark) that varies with configuration!!
12-31 16:00:05.055 W/Resources( 1104): Preloaded drawable resource #0x1080666 (android:drawable/textfield_search_selected_holo_light) that varies with configuration!!
12-31 16:00:05.055 W/Resources( 1104): Preloaded drawable resource #0x108065a (android:drawable/textfield_search_default_holo_light) that varies with configuration!!
12-31 16:00:05.055 W/Resources( 1104): Preloaded drawable resource #0x1080668 (android:drawable/textfield_searchview_holo_light) that varies with configuration!!
12-31 16:00:05.055 W/Resources( 1104): Preloaded drawable resource #0x1080663 (android:drawable/textfield_search_right_selected_holo_light) that varies with configuration!!
12-31 16:00:05.055 W/Resources( 1104): Preloaded drawable resource #0x1080661 (android:drawable/textfield_search_right_default_holo_light) that varies with configuration!!
12-31 16:00:05.055 W/Resources( 1104): Preloaded drawable resource #0x108066a (android:drawable/textfield_searchview_right_holo_light) that varies with configuration!!
12-31 16:00:05.055 W/Resources( 1104): Preloaded drawable resource #0x1080665 (android:drawable/textfield_search_selected_holo_dark) that varies with configuration!!
12-31 16:00:05.055 W/Resources( 1104): Preloaded drawable resource #0x1080659 (android:drawable/textfield_search_default_holo_dark) that varies with configuration!!
12-31 16:00:05.063 W/Resources( 1104): Preloaded drawable resource #0x1080662 (android:drawable/textfield_search_right_selected_holo_dark) that varies with configuration!!
12-31 16:00:05.063 W/Resources( 1104): Preloaded drawable resource #0x1080660 (android:drawable/textfield_search_right_default_holo_dark) that varies with configuration!!
12-31 16:00:05.063 W/Resources( 1104): Preloaded drawable resource #0x1080666 (android:drawable/textfield_search_selected_holo_light) that varies with configuration!!
12-31 16:00:05.063 W/Resources( 1104): Preloaded drawable resource #0x108065a (android:drawable/textfield_search_default_holo_light) that varies with configuration!!
12-31 16:00:05.063 W/Resources( 1104): Preloaded drawable resource #0x1080663 (android:drawable/textfield_search_right_selected_holo_light) that varies with configuration!!
12-31 16:00:05.063 W/Resources( 1104): Preloaded drawable resource #0x1080661 (android:drawable/textfield_search_right_default_holo_light) that varies with configuration!!
12-31 16:00:05.063 W/Resources( 1104): Preloaded drawable resource #0x108062e (android:drawable/tab_unselected_holo) that varies with configuration!!
12-31 16:00:05.067 W/Resources( 1104): Preloaded drawable resource #0x1080629 (android:drawable/tab_selected_holo) that varies with configuration!!
12-31 16:00:05.067 W/Resources( 1104): Preloaded drawable resource #0x108062d (android:drawable/tab_unselected_focused_holo) that varies with configuration!!
12-31 16:00:05.067 W/Resources( 1104): Preloaded drawable resource #0x1080628 (android:drawable/tab_selected_focused_holo) that varies with configuration!!
12-31 16:00:05.067 W/Resources( 1104): Preloaded drawable resource #0x108062f (android:drawable/tab_unselected_pressed_holo) that varies with configuration!!
12-31 16:00:05.067 W/Resources( 1104): Preloaded drawable resource #0x108062a (android:drawable/tab_selected_pressed_holo) that varies with configuration!!
12-31 16:00:05.067 W/Resources( 1104): Preloaded drawable resource #0x108062f (android:drawable/tab_unselected_pressed_holo) that varies with configuration!!
12-31 16:00:05.075 W/Resources( 1104): Preloaded drawable resource #0x108062a (android:drawable/tab_selected_pressed_holo) that varies with configuration!!
12-31 16:00:05.075 W/Resources( 1104): Preloaded drawable resource #0x108061d (android:drawable/tab_indicator_holo) that varies with configuration!!
12-31 16:00:05.075 W/Resources( 1104): Preloaded drawable resource #0x108062e (android:drawable/tab_unselected_holo) that varies with configuration!!
12-31 16:00:05.075 W/Resources( 1104): Preloaded drawable resource #0x1080629 (android:drawable/tab_selected_holo) that varies with configuration!!
12-31 16:00:05.075 W/Resources( 1104): Preloaded drawable resource #0x108062d (android:drawable/tab_unselected_focused_holo) that varies with configuration!!
12-31 16:00:05.075 W/Resources( 1104): Preloaded drawable resource #0x1080628 (android:drawable/tab_selected_focused_holo) that varies with configuration!!
12-31 16:00:05.075 W/Resources( 1104): Preloaded drawable resource #0x108062f (android:drawable/tab_unselected_pressed_holo) that varies with configuration!!
12-31 16:00:05.083 W/Resources( 1104): Preloaded drawable resource #0x108062a (android:drawable/tab_selected_pressed_holo) that varies with configuration!!
12-31 16:00:05.091 I/Zygote  ( 1104): ...preloaded 274 resources in 1549ms.
12-31 16:00:05.103 I/Zygote  ( 1104): ...preloaded 31 resources in 13ms.
12-31 16:00:05.111 D/libEGL  ( 1104): loaded /system/lib/egl/libGLES_mali.so
12-31 16:00:05.155 D/dalvikvm( 1104): GC_EXPLICIT freed 461K, 31% free 3143K/4492K, paused 2ms+4ms, total 33ms
12-31 16:00:05.187 D/dalvikvm( 1104): GC_EXPLICIT freed 266K, 36% free 2876K/4492K, paused 5ms+4ms, total 34ms
12-31 16:00:05.219 D/dalvikvm( 1104): GC_EXPLICIT freed <1K, 36% free 2876K/4492K, paused 1ms+3ms, total 31ms
12-31 16:00:05.239 I/dalvikvm( 1104): System server process 1602 has been created
12-31 16:00:05.243 I/Zygote  ( 1104): Accepting command socket connections
12-31 16:00:05.359 D/SensorService( 1602): nuSensorService starting...
12-31 16:00:05.359 E/SensorService( 1602): couldn't load sensors module (No such file or directory)
12-31 16:00:05.359 I/SystemServer( 1602): Entered the Android system server!
12-31 16:00:05.587 I/SystemServer( 1602): Waiting for installd to be ready.
12-31 16:00:05.587 I/Installer( 1602): connecting...
12-31 16:00:05.595 I/installd( 1107): new connection
12-31 16:00:05.595 I/SystemServer( 1602): Power Manager
12-31 16:00:05.595 I/SystemServer( 1602): Activity Manager
12-31 16:00:05.823 I/ActivityManager( 1602): Memory class: 96
12-31 16:00:05.843 W/BatteryStatsImpl( 1602): Couldn't get kernel wake lock stats
12-31 16:00:05.891 D/dalvikvm( 1602): GC_CONCURRENT freed 75K, 25% free 3245K/4312K, paused 4ms+9ms, total 33ms
12-31 16:00:05.955 I/ActivityManager( 1602): parsePackagesList>> adding pkg=com.android.mslauncher
12-31 16:00:05.955 I/ActivityManager( 1602): parsePackagesList>> adding pkg=com.android.browser
12-31 16:00:05.971 I/IntentFirewall( 1602): Read new rules (A:0 B:0 S:0)
12-31 16:00:06.011 I/ActivityManager( 1602): Benchmark Hacking) adding allowed pkg=com.antutu.ABenchMark
12-31 16:00:06.019 I/SystemServer( 1602): Display Manager
12-31 16:00:06.027 I/dalvikvm( 1602): Could not find method com.android.internal.telephony.DefaultPhoneNotifier.convertCallState, referenced from method com.android.server.TelephonyRegistry.broadcastCallStateChanged
12-31 16:00:06.027 W/dalvikvm( 1602): VFY: unable to resolve static method 3327: Lcom/android/internal/telephony/DefaultPhoneNotifier;.convertCallState (I)Lcom/android/internal/telephony/PhoneConstants$State;
12-31 16:00:06.027 D/dalvikvm( 1602): VFY: replacing opcode 0x71 at 0x0017
12-31 16:00:06.027 I/dalvikvm( 1602): Could not find method com.android.internal.telephony.DefaultPhoneNotifier.convertDataState, referenced from method com.android.server.TelephonyRegistry.broadcastDataConnectionStateChanged
12-31 16:00:06.027 W/dalvikvm( 1602): VFY: unable to resolve static method 3328: Lcom/android/internal/telephony/DefaultPhoneNotifier;.convertDataState (I)Lcom/android/internal/telephony/PhoneConstants$DataState;
12-31 16:00:06.027 D/dalvikvm( 1602): VFY: replacing opcode 0x71 at 0x000a
12-31 16:00:06.027 I/SystemServer( 1602): Telephony Registry
12-31 16:00:06.035 I/DisplayManagerService( 1602): Display device added: DisplayDeviceInfo{"内置屏幕": 1920 x 1080, 50.0 fps, density 240, 240.0 x 240.0 dpi, touch INTERNAL, rotation 0, type BUILT_IN, FLAG_DEFAULT_DISPLAY, FLAG_ROTATES_WITH_CONTENT, FLAG_SECURE, FLAG_SUPPORTS_PROTECTED_BUFFERS}
12-31 16:00:06.043 I/SystemServer( 1602): Scheduling Policy
12-31 16:00:06.043 I/SystemServer( 1602): Package Manager
12-31 16:00:06.047 D/DvbNative( 1261): [1587]<[PropertyStub, onProc_GraphicAlpha(), 323]> ### change graphic alpha. cur=-1, dst=255
12-31 16:00:06.047 D/DD      ( 1261): <1587>[dd_graphic][FUNC:DD_Graphic_SetSurfaceInfo LINE:257]Enter
12-31 16:00:06.047 D/DD      ( 1261): <1587>[dd_graphic][FUNC:DD_Graphic_SetSurfaceInfo LINE:259]Exit Success
12-31 16:00:06.083 D/dalvikvm( 1602): GC_CONCURRENT freed 343K, 29% free 3389K/4732K, paused 2ms+6ms, total 28ms
12-31 16:00:06.115 D/SELinuxMMAC( 1602): Couldn't find install policy /data/security/mac_permissions.xml
12-31 16:00:06.123 D/SELinuxMMAC( 1602): Using install policy file /system/etc/security/mac_permissions.xml
12-31 16:00:06.227 D/dalvikvm( 1602): GC_CONCURRENT freed 393K, 30% free 3415K/4832K, paused 2ms+4ms, total 31ms
12-31 16:00:06.243 D/DvbNative( 1261): [1586]<[ADV_CORE, adv_lock_fre(), 1879]> ### request to lock tuner. demuxId=0,cnt:0,frq:227000
12-31 16:00:06.243 D/DvbNative( 1261): 
12-31 16:00:06.243 D/DD      ( 1261): <1586>[dd_tuner][FUNC:DD_Tuner_DelCallback LINE:779]Enter
12-31 16:00:06.243 D/DD      ( 1261): <1586>[dd_tuner][FUNC:DD_Tuner_DelCallback LINE:802]del the callback success, 0XB25A99FC!
12-31 16:00:06.243 D/DD      ( 1261): <1586>[dd_tuner][FUNC:DD_Tuner_DelCallback LINE:803]Exit Success
12-31 16:00:06.243 E/DvbNative( 1261): [1586][01;31m<[ADV_CORE, adv_lock_fre(), 1883]> [error] ### lock tuner failed..[0m
12-31 16:00:06.251 D/DvbNative( 1261): [1586]<[MGExt_Adv, onThreadWorking(), 189]> ### persist.sys.delayboot.on[1]
12-31 16:00:06.251 D/DvbNative( 1261): [1586]<[MGExt_Adv, onThreadWorking(), 194]> ### sys.program.follow.data[0]
12-31 16:00:06.379 D/DD      ( 1261): <1573>[dd_tuner][FUNC:dd_tuner_task LINE:413]m_eTunerEvent:1,need tell dvb
12-31 16:00:06.379 D/DvbNative( 1261): [1573]<[Tuner, _tunerCallback(), 429]> ### DD tells unlock! tunerId=0, freqKHz=227000, nestUseCnt=1, status=Locking(2)
12-31 16:00:06.379 D/DvbNative( 1261): [1573]<[Tuner, _setTunerLEDState(), 343]> ### set tuner led state! bLocked=0
12-31 16:00:06.379 D/DD      ( 1261): [DDErrorCode DD_FP_Clear(int, DDFPLightName_E)][1314]Enter
12-31 16:00:06.387 D/DD      ( 1261): [DDErrorCode DD_FP_Clear(int, DDFPLightName_E)][1352]Exit Success.
12-31 16:00:06.395 E/DvbNative( 1261): [1592][01;31m<[Tuner, _tunerTuneInner(), 962]> [error] ### tuner tune failed! tunerId=0, tuneTimeMs=1614, curTimeMs=9521, status=Unlock(3), tpParam=<227000,6875,3,4294967295>, useLnb=0, lnbParam=<18,0,4294967295,4294967295,0,0,0,0,0,255,0>[0m
12-31 16:00:06.395 D/DvbNative( 1261): [1592]<[Tuner, _printTunerInfo(), 267]> ### =========>>>>>>===== force lock tuner failed =====<<<<<<========= count=1
12-31 16:00:06.395 D/DvbNative( 1261): [1592]<[Tuner, _printTunerInfo(), 290]> ### Tuner[0]: type=101, disabled=1(Detector), priority=100, tunerId=0, NestUseCount=2, tpParam=<227000,6875,3,4294967295>, useLnb=0, lnbParam=<18,0,4294967295,4294967295,0,0,0,0,0,255,0>
12-31 16:00:06.395 D/DvbNative( 1261): [1592]<[Tuner, _setTunerLEDState(), 343]> ### set tuner led state! bLocked=0
12-31 16:00:06.395 D/DD      ( 1261): [DDErrorCode DD_FP_Clear(int, DDFPLightName_E)][1314]Enter
12-31 16:00:06.403 D/DD      ( 1261): [DDErrorCode DD_FP_Clear(int, DDFPLightName_E)][1352]Exit Success.
12-31 16:00:06.403 E/DvbNative( 1261): [1592][01;31m<[IProgramRegionControl, lockTuner(), 55]> [error] ### lock tuner failed! m_pTuner=0xb8635d10,bLocked=0[0m
12-31 16:00:06.403 E/DvbNative( 1261): [1592][01;31m<[IProgramRegionControl, _msgProc_StartSearch(), 1043]> [error] ### Lock fail,return![0m
12-31 16:00:06.499 W/PackageManager( 1602): Library not found: /system/framework/com.android.future.usb.accessory.jar
12-31 16:00:06.499 W/PackageManager( 1602): Library not found: /system/framework/com.mstar.android.ext.jar
12-31 16:00:06.619 D/dalvikvm( 1602): GC_CONCURRENT freed 251K, 26% free 3622K/4848K, paused 2ms+4ms, total 35ms
12-31 16:00:06.627 W/CCDTOSSec231( 1602): IntentCheck(PackageParser) check android
12-31 16:00:06.627 W/CCDTOSSec231( 1602): FilterConfigLoader registerProvider: android.content.pm.security.pm.FilterConfigLoaderHljProvder
12-31 16:00:06.647 W/CCDTOSSec231( 1602): Load Config File:/system/etc/white.list
12-31 16:00:06.647 W/CCDTOSSec231( 1602): |  Size:4
12-31 16:00:06.647 W/CCDTOSSec231( 1602): |    Intent-Name:whitelist
12-31 16:00:06.647 W/CCDTOSSec231( 1602): |    Intent-List-Size:1
12-31 16:00:06.647 W/CCDTOSSec231( 1602): |      Item:com.ccdt.app.tv.launcher
12-31 16:00:06.647 W/CCDTOSSec231( 1602): |    Intent-Name:android.intent.action.BOOT_COMPLETED
12-31 16:00:06.647 W/CCDTOSSec231( 1602): |    Intent-List-Size:10
12-31 16:00:06.647 W/CCDTOSSec231( 1602): |      Item:com.pingshow.airecenter
12-31 16:00:06.647 W/CCDTOSSec231( 1602): |      Item:app.ccdt.com.ipsystemupdateserver
12-31 16:00:06.647 W/CCDTOSSec231( 1602): |      Item:cn.ccdt.da
12-31 16:00:06.655 W/CCDTOSSec231( 1602): |      Item:cn.ljwl.dyp
12-31 16:00:06.655 W/CCDTOSSec231( 1602): |      Item:cn.ljwl.aaa
12-31 16:00:06.655 W/CCDTOSSec231( 1602): |      Item:com.ljwl.client.payment
12-31 16:00:06.655 W/CCDTOSSec231( 1602): |      Item:com.newayte.nvideo.tv
12-31 16:00:06.655 W/CCDTOSSec231( 1602): |      Item:com.coship.vod
12-31 16:00:06.655 W/CCDTOSSec231( 1602): |      Item:com.aidufei.stbtest
12-31 16:00:06.655 W/CCDTOSSec231( 1602): |      Item:com.coship.vod.aidl
12-31 16:00:06.655 W/CCDTOSSec231( 1602): |    Intent-Name:android.intent.category.HOME
12-31 16:00:06.655 W/CCDTOSSec231( 1602): |    Intent-List-Size:1
12-31 16:00:06.655 W/CCDTOSSec231( 1602): |      Item:com.ccdt.app.tv.launcher
12-31 16:00:06.655 W/CCDTOSSec231( 1602): |    Intent-Name:install_permission
12-31 16:00:06.655 W/CCDTOSSec231( 1602): |    Intent-List-Size:10
12-31 16:00:06.655 W/CCDTOSSec231( 1602): |      Item:com.voole.vooledesktop
12-31 16:00:06.655 W/CCDTOSSec231( 1602): |      Item:rca.rc.tvtaobao
12-31 16:00:06.655 W/CCDTOSSec231( 1602): |      Item:com.ljwl.dt
12-31 16:00:06.655 W/CCDTOSSec231( 1602): |      Item:com.pd.ebelter_hlj
12-31 16:00:06.655 W/CCDTOSSec231( 1602): |      Item:com.cncbox.ikan
12-31 16:00:06.655 W/CCDTOSSec231( 1602): |      Item:com.jl.platform
12-31 16:00:06.655 W/CCDTOSSec231( 1602): |      Item:com.ljwl.client.payment
12-31 16:00:06.655 W/CCDTOSSec231( 1602): |      Item:ia.iok.aone.cinema
12-31 16:00:06.655 W/CCDTOSSec231( 1602): |      Item:com.tongyong.xxbox
12-31 16:00:06.663 W/CCDTOSSec231( 1602): |      Item:com.ccdt.app.tv.launcher
12-31 16:00:06.679 W/CCDTOSSec231( 1602): Load Config File:/system/etc/devicewhite.list
12-31 16:00:06.679 W/CCDTOSSec231( 1602): |  Size:1
12-31 16:00:06.679 W/CCDTOSSec231( 1602): |    Intent-Name:whitelist
12-31 16:00:06.679 W/CCDTOSSec231( 1602): |    Intent-List-Size:18
12-31 16:00:06.679 W/CCDTOSSec231( 1602): |      Item:android
12-31 16:00:06.679 W/CCDTOSSec231( 1602): |      Item:com.android.providers.downloads
12-31 16:00:06.679 W/CCDTOSSec231( 1602): |      Item:com.android.settings
12-31 16:00:06.679 W/CCDTOSSec231( 1602): |      Item:com.android.systemui
12-31 16:00:06.679 W/CCDTOSSec231( 1602): |      Item:com.android.providers.media
12-31 16:00:06.679 W/CCDTOSSec231( 1602): |      Item:com.android.onetimeinitializer
12-31 16:00:06.679 W/CCDTOSSec231( 1602): |      Item:com.ccdt.itvision.appstore
12-31 16:00:06.679 W/CCDTOSSec231( 1602): |      Item:cn.ccdt.provider
12-31 16:00:06.679 W/CCDTOSSec231( 1602): |      Item:com.android.inputmethod.latin
12-31 16:00:06.679 W/CCDTOSSec231( 1602): |      Item:com.mstar.android.setupwizard
12-31 16:00:06.679 W/CCDTOSSec231( 1602): |      Item:com.mstar.tv.service
12-31 16:00:06.679 W/CCDTOSSec231( 1602): |      Item:com.yunos.localzone
12-31 16:00:06.679 W/CCDTOSSec231( 1602): |      Item:com.ccdt.baidutvspeech
12-31 16:00:06.687 W/CCDTOSSec231( 1602): |      Item:com.voole.bootplay
12-31 16:00:06.687 W/CCDTOSSec231( 1602): |      Item:cn.ccdt.vooleplayservice
12-31 16:00:06.687 W/CCDTOSSec231( 1602): |      Item:com.voole.epg.vurcserver
12-31 16:00:06.687 W/CCDTOSSec231( 1602): |      Item:com.voole.playback
12-31 16:00:06.687 W/CCDTOSSec231( 1602): |      Item:cn.ccdt.netmanager
12-31 16:00:06.687 W/CCDTOSSec231( 1602): File /data/white.list not exit!
12-31 16:00:06.687 D/CCDTOSSec231( 1602): android is In White List
12-31 16:00:06.687 D/CCDTOSSec231( 1602): Check time cost: 62 ms
12-31 16:00:06.707 W/CCDTOSSec231( 1602): IntentCheck(PackageParser) check com.android.backupconfirm
12-31 16:00:06.707 D/CCDTOSSec231( 1602): Scan Activities
12-31 16:00:06.707 D/CCDTOSSec231( 1602): Scan Services
12-31 16:00:06.707 D/CCDTOSSec231( 1602): Scan Receivers
12-31 16:00:06.707 D/CCDTOSSec231( 1602): Scan Providers
12-31 16:00:06.707 D/CCDTOSSec231( 1602): Check time cost: 2 ms
12-31 16:00:06.719 W/CCDTOSSec231( 1602): IntentCheck(PackageParser) check com.android.defcontainer
12-31 16:00:06.719 D/CCDTOSSec231( 1602): Scan Activities
12-31 16:00:06.719 D/CCDTOSSec231( 1602): Scan Services
12-31 16:00:06.719 D/CCDTOSSec231( 1602): Scan Receivers
12-31 16:00:06.719 D/CCDTOSSec231( 1602): Scan Providers
12-31 16:00:06.719 D/CCDTOSSec231( 1602): Check time cost: 1 ms
12-31 16:00:06.735 W/CCDTOSSec231( 1602): IntentCheck(PackageParser) check com.android.providers.downloads
12-31 16:00:06.735 D/CCDTOSSec231( 1602): com.android.providers.downloads is In White List
12-31 16:00:06.735 D/CCDTOSSec231( 1602): Check time cost: 0 ms
12-31 16:00:06.743 W/CCDTOSSec231( 1602): IntentCheck(PackageParser) check com.android.externalstorage
12-31 16:00:06.743 D/CCDTOSSec231( 1602): Scan Activities
12-31 16:00:06.743 D/CCDTOSSec231( 1602): Scan Services
12-31 16:00:06.743 D/CCDTOSSec231( 1602): Scan Receivers
12-31 16:00:06.743 D/CCDTOSSec231( 1602): mCategories is NOT @ android.content.pm.PackageParser.ActivityIntentInfo
12-31 16:00:06.743 D/CCDTOSSec231( 1602): mCategories is NOT @ android.content.pm.PackageParser.IntentInfo
12-31 16:00:06.743 D/CCDTOSSec231( 1602): NO WORK:mCategories is null @ android.content.pm.PackageParser.ActivityIntentInfo
12-31 16:00:06.747 D/CCDTOSSec231( 1602): mActions is NOT @ android.content.pm.PackageParser.ActivityIntentInfo
12-31 16:00:06.747 D/CCDTOSSec231( 1602): mActions is NOT @ android.content.pm.PackageParser.IntentInfo
12-31 16:00:06.747 D/CCDTOSSec231( 1602): Get android.intent.action.MEDIA_MOUNTED from com.android.externalstorage
12-31 16:00:06.747 D/CCDTOSSec231( 1602): Get android.intent.action.MEDIA_UNMOUNTED from com.android.externalstorage
12-31 16:00:06.747 D/CCDTOSSec231( 1602): Scan Providers
12-31 16:00:06.747 D/CCDTOSSec231( 1602): mCategories is NOT @ android.content.pm.PackageParser.ProviderIntentInfo
12-31 16:00:06.747 D/CCDTOSSec231( 1602): mCategories is NOT @ android.content.pm.PackageParser.IntentInfo
12-31 16:00:06.747 D/CCDTOSSec231( 1602): NO WORK:mCategories is null @ android.content.pm.PackageParser.ProviderIntentInfo
12-31 16:00:06.747 D/DvbNative( 1261): [1586]<[MGExt_Adv, onThreadWorking(), 194]> ### sys.program.follow.data[1]
12-31 16:00:06.747 D/DvbNative( 1261): [1586]<[CasApi, getProductId(), 1291]> ### enter!
12-31 16:00:06.747 D/CAS     ( 1261): [1586][427858902[CAS] CAS_QueryEntitleInfo Start!!!
12-31 16:00:06.747 E/CAS     ( 1261): [1586][427858902[CAS] ERROR: DVTCASTB_GetOperatorInfo, Get Op IDs Failed 19!!!
12-31 16:00:06.747 D/CCDTOSSec231( 1602): mActions is NOT @ android.content.pm.PackageParser.ProviderIntentInfo
12-31 16:00:06.747 D/CCDTOSSec231( 1602): mActions is NOT @ android.content.pm.PackageParser.IntentInfo
12-31 16:00:06.747 D/CCDTOSSec231( 1602): Get android.content.action.DOCUMENTS_PROVIDER from com.android.externalstorage
12-31 16:00:06.747 D/CCDTOSSec231( 1602): mCategories is NOT @ android.content.pm.PackageParser.ProviderIntentInfo
12-31 16:00:06.747 D/CCDTOSSec231( 1602): mCategories is NOT @ android.content.pm.PackageParser.IntentInfo
12-31 16:00:06.747 D/CCDTOSSec231( 1602): NO WORK:mCategories is null @ android.content.pm.PackageParser.ProviderIntentInfo
12-31 16:00:06.747 D/CCDTOSSec231( 1602): mActions is NOT @ android.content.pm.PackageParser.ProviderIntentInfo
12-31 16:00:06.747 D/CCDTOSSec231( 1602): mActions is NOT @ android.content.pm.PackageParser.IntentInfo
12-31 16:00:06.755 D/CCDTOSSec231( 1602): Get android.content.action.DOCUMENTS_PROVIDER from com.android.externalstorage
12-31 16:00:06.755 D/CCDTOSSec231( 1602): Check time cost: 9 ms
12-31 16:00:06.755 D/DvbNative( 1261): [1586]<[CasApi, getProductId(), 1311]> ### sectorInfo.bProductCount = 0, j = 0
12-31 16:00:06.755 D/DvbNative( 1261): [1586]<[CasApi, getProductId(), 1311]> ### sectorInfo.bProductCount = 0, j = 0
12-31 16:00:06.755 D/DvbNative( 1261): [1586]<[CasApi, getProductId(), 1311]> ### sectorInfo.bProductCount = 0, j = 0
12-31 16:00:06.755 D/DvbNative( 1261): [1586]<[CasApi, getProductId(), 1311]> ### sectorInfo.bProductCount = 0, j = 0
12-31 16:00:06.755 D/DvbNative( 1261): [1586]<[CasApi, getProductId(), 1311]> ### sectorInfo.bProductCount = 0, j = 0
12-31 16:00:06.755 D/DvbNative( 1261): [1586]<[IProgramRegionControl, checkProgramUpdate(), 441]> ### entitleInfo(count):0
12-31 16:00:06.755 W/DvbNative( 1261): [1586]<[IProgramRegionControl, checkProgramUpdate(), 446]> [warn] ### no invalid entitle info!
12-31 16:00:06.755 D/DvbNative( 1261): [1586]<[MGExt_Adv, onThreadWorking(), 209]> ### sys.ivip.pre.boot.completed[9],mstar.videoadvert.finished[1]
12-31 16:00:06.755 D/DvbNative( 1261): [1586]<[MGExt_Adv, onThreadWorking(), 216]> ### adv.data.get.completed[1]
12-31 16:00:06.755 V/DvbNative( 1261): [1586]<[ADV_MAIN, adv_copyBoot1File(), 103]> ### ========= trace =========
12-31 16:00:06.755 D/DvbNative( 1261): [1586]<[ADV_MAIN, adv_copyBoot1File(), 106]> ###  persist.sys.ad_fileupdate[0]
12-31 16:00:06.755 D/DvbNative( 1261): 
12-31 16:00:06.755 D/DvbNative( 1261): [1586]<[MGExt_Adv, onThreadWorking(), 221]> ### uninstall key complete in bootup
12-31 16:00:06.763 D/DvbNative( 1261): [1586]<[MGExt_Adv, onThreadWorking(), 224]> ### adv.data.get.completed[1]
12-31 16:00:06.763 D/DvbNative( 1261): [1586]<[MGExt_Adv, onThreadWorking(), 227]> ### cmdBuf=chown system:system /resource/ADV/DVB/*
12-31 16:00:06.763 W/CCDTOSSec231( 1602): IntentCheck(PackageParser) check com.android.location.fused
12-31 16:00:06.763 D/CCDTOSSec231( 1602): Scan Activities
12-31 16:00:06.763 D/CCDTOSSec231( 1602): Scan Services
12-31 16:00:06.763 D/CCDTOSSec231( 1602): mCategories is NOT @ android.content.pm.PackageParser.ServiceIntentInfo
12-31 16:00:06.763 D/CCDTOSSec231( 1602): mCategories is NOT @ android.content.pm.PackageParser.IntentInfo
12-31 16:00:06.763 D/CCDTOSSec231( 1602): NO WORK:mCategories is null @ android.content.pm.PackageParser.ServiceIntentInfo
12-31 16:00:06.763 D/CCDTOSSec231( 1602): mActions is NOT @ android.content.pm.PackageParser.ServiceIntentInfo
12-31 16:00:06.763 D/CCDTOSSec231( 1602): mActions is NOT @ android.content.pm.PackageParser.IntentInfo
12-31 16:00:06.763 D/CCDTOSSec231( 1602): Get com.android.location.service.FusedLocationProvider from com.android.location.fused
12-31 16:00:06.763 D/CCDTOSSec231( 1602): Scan Receivers
12-31 16:00:06.763 D/CCDTOSSec231( 1602): Scan Providers
12-31 16:00:06.763 D/CCDTOSSec231( 1602): Check time cost: 4 ms
12-31 16:00:06.775 W/CCDTOSSec231( 1602): IntentCheck(PackageParser) check com.android.inputdevices
12-31 16:00:06.775 D/CCDTOSSec231( 1602): Scan Activities
12-31 16:00:06.775 D/CCDTOSSec231( 1602): Scan Services
12-31 16:00:06.775 D/CCDTOSSec231( 1602): Scan Receivers
12-31 16:00:06.775 D/CCDTOSSec231( 1602): mCategories is NOT @ android.content.pm.PackageParser.ActivityIntentInfo
12-31 16:00:06.775 D/CCDTOSSec231( 1602): mCategories is NOT @ android.content.pm.PackageParser.IntentInfo
12-31 16:00:06.783 D/CCDTOSSec231( 1602): NO WORK:mCategories is null @ android.content.pm.PackageParser.ActivityIntentInfo
12-31 16:00:06.783 D/CCDTOSSec231( 1602): mActions is NOT @ android.content.pm.PackageParser.ActivityIntentInfo
12-31 16:00:06.783 D/CCDTOSSec231( 1602): mActions is NOT @ android.content.pm.PackageParser.IntentInfo
12-31 16:00:06.783 D/CCDTOSSec231( 1602): Get android.hardware.input.action.QUERY_KEYBOARD_LAYOUTS from com.android.inputdevices
12-31 16:00:06.783 D/CCDTOSSec231( 1602): Scan Providers
12-31 16:00:06.783 D/CCDTOSSec231( 1602): Check time cost: 4 ms
12-31 16:00:06.783 D/DvbNative( 1261): [1586]<[activation_check, activationCheck_Init(), 35]> ### u16efuse_did[0]:0xa0d8,[1]:0x475f,[2]:0x03d8,[3]:0x0000 ,chipId:A0D8475F03D80000 !
12-31 16:00:06.799 W/CCDTOSSec231( 1602): IntentCheck(PackageParser) check com.android.keyguard
12-31 16:00:06.799 D/CCDTOSSec231( 1602): Scan Activities
12-31 16:00:06.799 D/CCDTOSSec231( 1602): Scan Services
12-31 16:00:06.799 D/CCDTOSSec231( 1602): Scan Receivers
12-31 16:00:06.799 D/CCDTOSSec231( 1602): Scan Providers
12-31 16:00:06.799 D/CCDTOSSec231( 1602): Check time cost: 1 ms
12-31 16:00:06.815 W/CCDTOSSec231( 1602): IntentCheck(PackageParser) check com.android.providers.media
12-31 16:00:06.815 D/CCDTOSSec231( 1602): com.android.providers.media is In White List
12-31 16:00:06.815 D/CCDTOSSec231( 1602): Check time cost: 1 ms
12-31 16:00:06.823 W/CCDTOSSec231( 1602): IntentCheck(PackageParser) check com.android.musicfx
12-31 16:00:06.823 D/CCDTOSSec231( 1602): Scan Activities
12-31 16:00:06.823 D/CCDTOSSec231( 1602): mCategories is NOT @ android.content.pm.PackageParser.ActivityIntentInfo
12-31 16:00:06.823 D/CCDTOSSec231( 1602): mCategories is NOT @ android.content.pm.PackageParser.IntentInfo
12-31 16:00:06.823 D/CCDTOSSec231( 1602): Get android.intent.category.DEFAULT from com.android.musicfx
12-31 16:00:06.823 D/CCDTOSSec231( 1602): Get android.intent.category.CATEGORY_CONTENT_MUSIC from com.android.musicfx
12-31 16:00:06.823 D/CCDTOSSec231( 1602): mActions is NOT @ android.content.pm.PackageParser.ActivityIntentInfo
12-31 16:00:06.823 D/CCDTOSSec231( 1602): mActions is NOT @ android.content.pm.PackageParser.IntentInfo
12-31 16:00:06.823 D/CCDTOSSec231( 1602): Get android.media.action.DISPLAY_AUDIO_EFFECT_CONTROL_PANEL from com.android.musicfx
12-31 16:00:06.823 D/CCDTOSSec231( 1602): mCategories is NOT @ android.content.pm.PackageParser.ActivityIntentInfo
12-31 16:00:06.823 D/CCDTOSSec231( 1602): mCategories is NOT @ android.content.pm.PackageParser.IntentInfo
12-31 16:00:06.831 D/CCDTOSSec231( 1602): Get android.intent.category.DEFAULT from com.android.musicfx
12-31 16:00:06.831 D/CCDTOSSec231( 1602): mActions is NOT @ android.content.pm.PackageParser.ActivityIntentInfo
12-31 16:00:06.831 D/CCDTOSSec231( 1602): mActions is NOT @ android.content.pm.PackageParser.IntentInfo
12-31 16:00:06.831 D/CCDTOSSec231( 1602): Get android.media.action.DISPLAY_AUDIO_EFFECT_CONTROL_PANEL from com.android.musicfx
12-31 16:00:06.831 D/CCDTOSSec231( 1602): Scan Services
12-31 16:00:06.831 D/CCDTOSSec231( 1602): Scan Receivers
12-31 16:00:06.831 D/CCDTOSSec231( 1602): mCategories is NOT @ android.content.pm.PackageParser.ActivityIntentInfo
12-31 16:00:06.831 D/CCDTOSSec231( 1602): mCategories is NOT @ android.content.pm.PackageParser.IntentInfo
12-31 16:00:06.831 D/CCDTOSSec231( 1602): Get android.intent.category.DEFAULT from com.android.musicfx
12-31 16:00:06.831 D/CCDTOSSec231( 1602): mActions is NOT @ android.content.pm.PackageParser.ActivityIntentInfo
12-31 16:00:06.831 D/CCDTOSSec231( 1602): mActions is NOT @ android.content.pm.PackageParser.IntentInfo
12-31 16:00:06.831 D/CCDTOSSec231( 1602): Get android.media.action.OPEN_AUDIO_EFFECT_CONTROL_SESSION from com.android.musicfx
12-31 16:00:06.831 D/CCDTOSSec231( 1602): Get android.media.action.CLOSE_AUDIO_EFFECT_CONTROL_SESSION from com.android.musicfx
12-31 16:00:06.831 D/CCDTOSSec231( 1602): Get AudioEffect.ACTION_SET_PARAM from com.android.musicfx
12-31 16:00:06.831 D/CCDTOSSec231( 1602): Get AudioEffect.ACTION_GET_PARAM from com.android.musicfx
12-31 16:00:06.831 D/CCDTOSSec231( 1602): mCategories is NOT @ android.content.pm.PackageParser.ActivityIntentInfo
12-31 16:00:06.831 D/CCDTOSSec231( 1602): mCategories is NOT @ android.content.pm.PackageParser.IntentInfo
12-31 16:00:06.831 D/CCDTOSSec231( 1602): NO WORK:mCategories is null @ android.content.pm.PackageParser.ActivityIntentInfo
12-31 16:00:06.831 D/CCDTOSSec231( 1602): mActions is NOT @ android.content.pm.PackageParser.ActivityIntentInfo
12-31 16:00:06.831 D/CCDTOSSec231( 1602): mActions is NOT @ android.content.pm.PackageParser.IntentInfo
12-31 16:00:06.831 D/CCDTOSSec231( 1602): Get android.intent.action.PACKAGE_ADDED from com.android.musicfx
12-31 16:00:06.831 D/CCDTOSSec231( 1602): mCategories is NOT @ android.content.pm.PackageParser.ActivityIntentInfo
12-31 16:00:06.831 D/CCDTOSSec231( 1602): mCategories is NOT @ android.content.pm.PackageParser.IntentInfo
12-31 16:00:06.831 D/CCDTOSSec231( 1602): NO WORK:mCategories is null @ android.content.pm.PackageParser.ActivityIntentInfo
12-31 16:00:06.831 D/CCDTOSSec231( 1602): mActions is NOT @ android.content.pm.PackageParser.ActivityIntentInfo
12-31 16:00:06.831 D/CCDTOSSec231( 1602): mActions is NOT @ android.content.pm.PackageParser.IntentInfo
12-31 16:00:06.839 D/CCDTOSSec231( 1602): Get android.intent.action.PACKAGE_REPLACED from com.android.musicfx
12-31 16:00:06.839 D/CCDTOSSec231( 1602): mCategories is NOT @ android.content.pm.PackageParser.ActivityIntentInfo
12-31 16:00:06.839 D/CCDTOSSec231( 1602): mCategories is NOT @ android.content.pm.PackageParser.IntentInfo
12-31 16:00:06.839 D/CCDTOSSec231( 1602): NO WORK:mCategories is null @ android.content.pm.PackageParser.ActivityIntentInfo
12-31 16:00:06.839 D/CCDTOSSec231( 1602): mActions is NOT @ android.content.pm.PackageParser.ActivityIntentInfo
12-31 16:00:06.839 D/CCDTOSSec231( 1602): mActions is NOT @ android.content.pm.PackageParser.IntentInfo
12-31 16:00:06.839 D/CCDTOSSec231( 1602): Get android.intent.action.PACKAGE_REMOVED from com.android.musicfx
12-31 16:00:06.839 D/CCDTOSSec231( 1602): Scan Providers
12-31 16:00:06.839 D/CCDTOSSec231( 1602): Check time cost: 14 ms
12-31 16:00:06.847 W/CCDTOSSec231( 1602): IntentCheck(PackageParser) check com.android.onetimeinitializer
12-31 16:00:06.847 D/CCDTOSSec231( 1602): com.android.onetimeinitializer is In White List
12-31 16:00:06.847 D/CCDTOSSec231( 1602): Check time cost: 1 ms
12-31 16:00:06.855 W/CCDTOSSec231( 1602): IntentCheck(PackageParser) check com.android.proxyhandler
12-31 16:00:06.855 D/CCDTOSSec231( 1602): Scan Activities
12-31 16:00:06.855 D/CCDTOSSec231( 1602): Scan Services
12-31 16:00:06.855 D/CCDTOSSec231( 1602): Scan Receivers
12-31 16:00:06.855 D/CCDTOSSec231( 1602): Scan Providers
12-31 16:00:06.855 D/CCDTOSSec231( 1602): Check time cost: 1 ms
12-31 16:00:06.863 W/CCDTOSSec231( 1602): IntentCheck(PackageParser) check com.android.providers.settings
12-31 16:00:06.863 D/CCDTOSSec231( 1602): Scan Activities
12-31 16:00:06.863 D/CCDTOSSec231( 1602): Scan Services
12-31 16:00:06.863 D/CCDTOSSec231( 1602): Scan Receivers
12-31 16:00:06.863 D/CCDTOSSec231( 1602): Scan Providers
12-31 16:00:06.863 D/CCDTOSSec231( 1602): Check time cost: 2 ms
12-31 16:00:06.871 W/CCDTOSSec231( 1602): IntentCheck(PackageParser) check com.android.sharedstoragebackup
12-31 16:00:06.871 D/CCDTOSSec231( 1602): Scan Activities
12-31 16:00:06.871 D/CCDTOSSec231( 1602): Scan Services
12-31 16:00:06.871 D/CCDTOSSec231( 1602): Scan Receivers
12-31 16:00:06.871 D/CCDTOSSec231( 1602): Scan Providers
12-31 16:00:06.871 D/CCDTOSSec231( 1602): Check time cost: 1 ms
12-31 16:00:06.887 W/CCDTOSSec231( 1602): IntentCheck(PackageParser) check com.android.shell
12-31 16:00:06.887 D/CCDTOSSec231( 1602): Scan Activities
12-31 16:00:06.887 D/CCDTOSSec231( 1602): Scan Services
12-31 16:00:06.887 D/CCDTOSSec231( 1602): Scan Receivers
12-31 16:00:06.887 D/CCDTOSSec231( 1602): mCategories is NOT @ android.content.pm.PackageParser.ActivityIntentInfo
12-31 16:00:06.887 D/CCDTOSSec231( 1602): mCategories is NOT @ android.content.pm.PackageParser.IntentInfo
12-31 16:00:06.887 D/CCDTOSSec231( 1602): NO WORK:mCategories is null @ android.content.pm.PackageParser.ActivityIntentInfo
12-31 16:00:06.887 D/CCDTOSSec231( 1602): mActions is NOT @ android.content.pm.PackageParser.ActivityIntentInfo
12-31 16:00:06.887 D/CCDTOSSec231( 1602): mActions is NOT @ android.content.pm.PackageParser.IntentInfo
12-31 16:00:06.887 D/CCDTOSSec231( 1602): Get android.intent.action.BUGREPORT_FINISHED from com.android.shell
12-31 16:00:06.887 D/CCDTOSSec231( 1602): Scan Providers
12-31 16:00:06.887 D/CCDTOSSec231( 1602): Check time cost: 2 ms
12-31 16:00:06.919 D/dalvikvm( 1602): GC_CONCURRENT freed 262K, 25% free 3779K/5028K, paused 4ms+4ms, total 36ms
12-31 16:00:06.919 W/CCDTOSSec231( 1602): IntentCheck(PackageParser) check com.android.systemui
12-31 16:00:06.919 D/CCDTOSSec231( 1602): com.android.systemui is In White List
12-31 16:00:06.919 D/CCDTOSSec231( 1602): Check time cost: 1 ms
12-31 16:00:06.935 W/CCDTOSSec231( 1602): IntentCheck(PackageParser) check com.android.vpndialogs
12-31 16:00:06.935 D/CCDTOSSec231( 1602): Scan Activities
12-31 16:00:06.935 D/CCDTOSSec231( 1602): mCategories is NOT @ android.content.pm.PackageParser.ActivityIntentInfo
12-31 16:00:06.935 D/CCDTOSSec231( 1602): mCategories is NOT @ android.content.pm.PackageParser.IntentInfo
12-31 16:00:06.935 D/CCDTOSSec231( 1602): Get android.intent.category.DEFAULT from com.android.vpndialogs
12-31 16:00:06.935 D/CCDTOSSec231( 1602): mActions is NOT @ android.content.pm.PackageParser.ActivityIntentInfo
12-31 16:00:06.935 D/CCDTOSSec231( 1602): mActions is NOT @ android.content.pm.PackageParser.IntentInfo
12-31 16:00:06.935 D/CCDTOSSec231( 1602): Get android.intent.action.MAIN from com.android.vpndialogs
