12-31 16:00:01.451 I/MiSysSrv( 1117): none MI_DBG_LVL_L in PROC_CMD_LINE!
12-31 16:00:01.451 I/tvos    ( 1118): [0mMI_DISPOUT_DupHandle(_hDispouttemp,TRUE,&_hDispout) return FALSE,return = 3!!,/home/gaojie/Work/HeiLJ/Android-BUQ/android/MI_project/project/middleware/mi_mw_tvos/mw/mw_picture/MW_Picture.cpp,DispoutOpen,line=877
12-31 16:00:01.451 I/MiSysSrv( 1117): none MI_DBG_LVL_H in PROC_CMD_LINE!
12-31 16:00:01.455 I/MiSysSrv( 1117): [MI_SYS_WDT] MI_WDT_INIT.....success
12-31 16:00:01.455 I/MiSysSrv( 1117): [1;31m[MI ERR ]: MI_ATOM_PM_GetHandle[1245]: PM module not opend
12-31 16:00:01.455 I/MiSysSrv( 1117): [0m[MI_SYS_WDT] MI_WDT_Open.....success
12-31 16:00:01.455 I/MiSysSrv( 1117): the length of the thread name exceeds 15, it will be truncated to 15 chars
12-31 16:00:01.455 I/        ( 1260): <<android>>      MApi_AUDIO_WritePreInitTable() : doesn't need to init again
12-31 16:00:01.455 I/MiSysSrv( 1117): [1;36m>>>MI_ATOM_AOUT_Init[3197] 
12-31 16:00:01.455 I/MiSysSrv( 1117): [0m[1;36m>>>MI_IMPL_DISPLAY_Init[462] 
12-31 16:00:01.455 I/MiSysSrv( 1117): [0m[1;32m[MI INFO]: ~~~~> MI_IMPL_DISPLAY_Init(): [IN]pstDispCap(0x9b8d3bf4)={2}
12-31 16:00:01.455 I/MiSysSrv( 1117): [0m[1;32m[MI INFO]: MI_DISPLAY already Inited, return ok !
12-31 16:00:01.455 I/MiSysSrv( 1117): [0m[1;36m<<<MI_IMPL_DISPLAY_Init[469] 
12-31 16:00:01.455 I/        ( 1260): <<android>>      1 DSPBinBaseAddress = 0x0
12-31 16:00:01.455 I/        ( 1260): <<android>>      1 DSPMadBaseBufferAdr = 0x1a159000
12-31 16:00:01.459 I/MiSysSrv( 1117): [0mIn HAL_AUDIO_SetDspBaseAddr, line(4376), u8Index(0x1), u32Bin_Base_Address(0x0), u32Mad_Base_Buffer_Adr(0x1a159000)
12-31 16:00:01.459 I/MiSysSrv( 1117): [1;36m>>>MI_IMPL_DISPLAY_GetDisplayHandle[602] 
12-31 16:00:01.459 I/MiSysSrv( 1117): [0m[1;32m[MI INFO]: ~~~~> MI_IMPL_DISPLAY_GetDisplayHandle(): [IN]u8DevIndex=0, [OUT]phDispHandle=0xbea2b89c
12-31 16:00:01.459 I/MiSysSrv( 1117): [0m[1;36m>>>MI_ATOM_DISPLAY_GetDisplayHandle[1885] 
12-31 16:00:01.459 I/MiSysSrv( 1117): [0m[1;31m<<<MI_ATOM_DISPLAY_GetDisplayHandle[1896] Not open, handle is NULL!
12-31 16:00:01.459 I/MiSysSrv( 1117): [0m[1;31m<<<MI_IMPL_DISPLAY_GetDisplayHandle[610] return ERR!
12-31 16:00:01.459 I/MiSysSrv( 1117): [0m[1;32m[MI INFO]: <~~~~ MI_IMPL_DISPLAY_GetDisplayHandle(): [OUT]*phDispHandle(0xbea2b89c)=0x0
12-31 16:00:01.459 I/MiSysSrv( 1117): [0m[1;36m>>>MI_IMPL_DISPLAY_Open[516] 
12-31 16:00:01.459 I/MiSysSrv( 1117): [0m[1;32m[MI INFO]: ~~~~> MI_IMPL_DISPLAY_Open(): [IN]u8DispIndex=0, [OUT]phDispHandle=0x9ac87b7c
12-31 16:00:01.459 I/MiSysSrv( 1117): [0m[1;36m>>>MI_ATOM_DISPLAY_Open[1719] 
12-31 16:00:01.459 I/MiSysSrv( 1117): [0m[1;36m<<<MI_ATOM_DISPLAY_Open[1745] 
12-31 16:00:01.459 I/MiSysSrv( 1117): [0m[1;36m<<<MI_IMPL_DISPLAY_Open[528] 
12-31 16:00:01.459 I/        ( 1260): <<android>>      1 DSPMadMIUBank = 0
12-31 16:00:01.459 I/MiSysSrv( 1117): [0m[1;32m[MI INFO]: <~~~~ MI_IMPL_DISPLAY_Open(): [OUT]*phDispHandle(0x9ac87b7c)=0xffff0600
12-31 16:00:01.459 I/        ( 1260): <<android>>      2 DSPBinBaseAddress = 0x0
12-31 16:00:01.459 I/MiSysSrv( 1117): [0mIn HAL_AUDIO_SetDspBaseAddr, line(4376), u8Index(0x2), u32Bin_Base_Address(0x0), u32Mad_Base_Buffer_Adr(0x19959000)
12-31 16:00:01.459 I/MiSysSrv( 1117): [1;36m>>>MI_IMPL_DISPLAY_GetWindowHandle[625] 
12-31 16:00:01.459 I/        ( 1260): <<android>>      2 DSPMadBaseBufferAdr = 0x19959000
12-31 16:00:01.459 I/MiSysSrv( 1117): [0m[1;32m[MI INFO]: ~~~~> MI_IMPL_DISPLAY_GetWindowHandle(): [IN]u8WindowIndex=0, [IN]hDispHandle=0xffff0600, [OUT]phWinHandle=0x9d7b7b6c
12-31 16:00:01.459 I/MiSysSrv( 1117): [0m[1;36m>>>MI_ATOM_DISPLAY_GetWindowHandle[1908] 
12-31 16:00:01.459 I/        ( 1260): <<android>>      2 DSPMadMIUBank = 0
12-31 16:00:01.459 E/        ( 1260): <<android>>      HAL_MAD_SetCommInfo: g_FuncPrt_Hal_SetAudioParam2 already register !!
12-31 16:00:01.459 E/        ( 1260): <<android>>      HAL_MAD_SetCommInfo: g_FuncPrt_Hal_GetAudioInfo2 already register !!
12-31 16:00:01.459 I/MiSysSrv( 1117): [0m[1;36m<<<MI_ATOM_DISPLAY_GetWindowHandle[1935] 
12-31 16:00:01.459 I/MiSysSrv( 1117): [0m[1;36m<<<MI_IMPL_DISPLAY_GetWindowHandle[638] 
12-31 16:00:01.459 I/MiSysSrv( 1117): [0m[1;32m[MI INFO]: <~~~~ MI_IMPL_DISPLAY_GetWindowHandle(): [OUT]*phWinHandle(0x9d7b7b6c)=0xffffffff
12-31 16:00:01.459 I/MiSysSrv( 1117): [0mMApi_AUDIO_Initialize doesn't need to init again
12-31 16:00:01.463 I/MiSysSrv( 1117): [1;32m[MI INFO]: MI_IMPL_DISPLAY_GetWindowHandle :Get Winodow Hanle Time = 1ms
12-31 16:00:01.463 I/MiSysSrv( 1117): [0mnone MI_DBG_LVL_L in PROC_CMD_LINE!
12-31 16:00:01.463 I/MiSysSrv( 1117): none MI_DBG_LVL_H in PROC_CMD_LINE!
12-31 16:00:01.463 I/MiSysSrv( 1117): [1;36m>>>MI_IMPL_DISPLAY_OpenWindowHandle[559] 
12-31 16:00:01.463 I/MiSysSrv( 1117): [0m[1;32m[MI INFO]: ~~~~> MI_IMPL_DISPLAY_OpenWindowHandle(): [IN]u8WindowIndex=0, [IN]hDispHandle=0xffff0600, [OUT]phWinHandle=0x9b8d3b74
12-31 16:00:01.463 I/MiSysSrv( 1117): [0m[1;36m>>>MI_ATOM_DISPLAY_OpenWindowHandle[1771] 
12-31 16:00:01.463 I/MiSysSrv( 1117): [0m[1;36m<<<MI_ATOM_DISPLAY_OpenWindowHandle[1841] 
12-31 16:00:01.463 I/MiSysSrv( 1117): [0m[1;36m<<<MI_IMPL_DISPLAY_OpenWindowHandle[571] 
12-31 16:00:01.463 I/MiSysSrv( 1117): [0m[1;32m[MI INFO]: <~~~~ MI_IMPL_DISPLAY_OpenWindowHandle(): [OUT]*phWinHandle(0x9b8d3b74)=0xffff0700
12-31 16:00:01.463 I/MiSysSrv( 1117): [0m[1;36m>>>_MI_DISPLAY_HandlerThread[630] 
12-31 16:00:01.463 I/MiSysSrv( 1117): [0m[1;31m[MI ERR ]: MI_ATOM_AOUT_GetHandle[4253]: Please open device to get handle
12-31 16:00:01.463 I/tvos    ( 1118): [1;32m
12-31 16:00:01.463 I/tvos    ( 1118): ---------_InputSrcTypeToCntIdx---in---------
12-31 16:00:01.463 I/tvos    ( 1118): [0m[1;32m
12-31 16:00:01.463 I/tvos    ( 1118): ---------_InputSrcTypeToCntIdx---out---u8Index=34------
12-31 16:00:01.463 I/tvos    ( 1118): [0m[1;32m[1;32m[631]MI_BOOL MW_Picture::InitWindowPictureMode() u8Contrast 50,u8Brightness 50,u8Saturation 50,u8Sharpness 50,u8Hue 50[0;0m
12-31 16:00:01.463 I/tvos    ( 1118): [0m[1;32m
12-31 16:00:01.463 I/tvos    ( 1118): ---------_InputSrcTypeToCntIdx---in---------
12-31 16:00:01.463 I/tvos    ( 1118): [0m[1;32m
12-31 16:00:01.463 I/tvos    ( 1118): ---------_InputSrcTypeToCntIdx---out---u8Index=34------
12-31 16:00:01.463 I/tvos    ( 1118): [0m[1;32m
12-31 16:00:01.463 I/tvos    ( 1118): ########################Brightness[0m[1;32m
12-31 16:00:01.463 I/tvos    ( 1118): OSD0:80[0m[1;32m
12-31 16:00:01.463 I/tvos    ( 1118): OSD25:110[0m[1;32m
12-31 16:00:01.463 I/tvos    ( 1118): OSD50:128[0m[1;32m
12-31 16:00:01.463 I/tvos    ( 1118): OSD75:140[0m[1;32m
12-31 16:00:01.463 I/tvos    ( 1118): OSD100:148[0m[1;32m
12-31 16:00:01.463 I/tvos    ( 1118): #####Brightness Pre Value=50[0m[1;32m
12-31 16:00:01.467 D/DD      ( 1261): <1261>[dd_audio][FUNC:DD_Audio_Init LINE:196]need open audioout
12-31 16:00:01.467 I/MiSysSrv( 1117): [0m[1;36m>>>MI_IMPL_DISPLAY_SetWindowPictureMode[1349] 
12-31 16:00:01.467 I/MiSysSrv( 1117): [0m[1;32m[MI INFO]: ~~~~> MI_IMPL_DISPLAY_SetWindowPictureMode(): [IN]hWinHandle=0xffff0700, ePictureMode=1, pstPictureMode(0x9ac87bf4)={24,128,0,0,0,0}
12-31 16:00:01.467 I/MiSysSrv( 1117): [0m[1;36m>>>MI_ATOM_DISPLAY_SetWindowPictureMode[2303] 
12-31 16:00:01.467 I/MiSysSrv( 1117): [0m[1;36m>>>_MI_DISPLAY_GetPQWindowType[364] 
12-31 16:00:01.467 I/MiSysSrv( 1117): [0m[1;36m>>>_MI_DISPLAY_GetDisplayWindowIndex[342] 
12-31 16:00:01.467 I/MiSysSrv( 1117): [0m[1;36m<<<_MI_DISPLAY_GetDisplayWindowIndex[358] 
12-31 16:00:01.467 I/MiSysSrv( 1117): [0m[1;36m<<<_MI_DISPLAY_GetPQWindowType[403] 
12-31 16:00:01.471 I/MiSysSrv( 1117): [0m[1;36m>>>_MI_DISPLAY_GetDisplayWindowIndex[342] 
12-31 16:00:01.471 I/MiSysSrv( 1117): [0m[1;36m<<<_MI_DISPLAY_GetDisplayWindowIndex[358] 
12-31 16:00:01.471 I/MiSysSrv( 1117): [0m[1;32m[MI INFO]: MI_ATOM_DISPLAY_SetWindowPictureMode,2335:ePictureMode = 1
12-31 16:00:01.471 I/MiSysSrv( 1117): [0m[1;32m[MI INFO]: MI_ATOM_DISPLAY_SetWindowPictureMode,2338:stPicMode.u32Brightness = 128
12-31 16:00:01.471 I/MiSysSrv( 1117): [0m[1;36m>>>MI_ATOM_AOUT_Open[3415] 
12-31 16:00:01.471 I/MiSysSrv( 1117): [0m[1;32m[MI INFO]: ePath = 10
12-31 16:00:01.471 I/MiSysSrv( 1117): [0m[1;32m[MI INFO]: vol = 0
12-31 16:00:01.471 I/MiSysSrv( 1117): [0m[1;32m[MI INFO]: ePath = 10
12-31 16:00:01.471 I/MiSysSrv( 1117): [0m[1;32m[MI INFO]: ePath = 10
12-31 16:00:01.471 I/MiSysSrv( 1117): [0m[1;32m[MI INFO]: _MI_AOUT_GetMute(2953) u: 0, d: 0, i: 0, init: 0, p: 0
12-31 16:00:01.487 I/MiSysSrv( 1117): [0m[1;36m<<<MI_ATOM_DISPLAY_SetWindowPictureMode[2385] 
12-31 16:00:01.487 I/MiSysSrv( 1117): [0m[1;36m<<<MI_IMPL_DISPLAY_SetWindowPictureMode[1365] 
12-31 16:00:01.487 I/tvos    ( 1118): #####Brightness Post Value=128[0m[1;32m
12-31 16:00:01.487 I/tvos    ( 1118): ---------_InputSrcTypeToCntIdx---in---------
12-31 16:00:01.487 I/tvos    ( 1118): [0m[1;32m
12-31 16:00:01.487 I/tvos    ( 1118): ---------_InputSrcTypeToCntIdx---out---u8Index=34------
12-31 16:00:01.487 I/tvos    ( 1118): [0m[1;32m
12-31 16:00:01.487 I/tvos    ( 1118): ########################Sharpness[0m[1;32m
12-31 16:00:01.487 I/tvos    ( 1118): OSD0:0[0m[1;32m
12-31 16:00:01.487 I/tvos    ( 1118): OSD25:4[0m[1;32m
12-31 16:00:01.487 I/tvos    ( 1118): OSD50:18[0m[1;32m
12-31 16:00:01.487 I/tvos    ( 1118): OSD75:28[0m[1;32m
12-31 16:00:01.487 I/tvos    ( 1118): OSD100:63[0m[1;32m
12-31 16:00:01.487 I/tvos    ( 1118): #####Sharpness Pre Value=50[0m[1;32m
12-31 16:00:01.491 I/MiSysSrv( 1117): [0m[1;36m>>>MI_IMPL_DISPLAY_SetWindowPictureMode[1349] 
12-31 16:00:01.491 I/MiSysSrv( 1117): [0m[1;32m[MI INFO]: ~~~~> MI_IMPL_DISPLAY_SetWindowPictureMode(): [IN]hWinHandle=0xffff0700, ePictureMode=16, pstPictureMode(0x9ac87bf4)={24,0,0,0,0,18}
12-31 16:00:01.491 I/MiSysSrv( 1117): [0m[1;36m>>>MI_ATOM_DISPLAY_SetWindowPictureMode[2303] 
12-31 16:00:01.491 I/MiSysSrv( 1117): [0m[1;36m>>>_MI_DISPLAY_GetPQWindowType[364] 
12-31 16:00:01.491 I/MiSysSrv( 1117): [0m[1;36m>>>_MI_DISPLAY_GetDisplayWindowIndex[342] 
12-31 16:00:01.491 I/MiSysSrv( 1117): [0m[1;36m<<<_MI_DISPLAY_GetDisplayWindowIndex[358] 
12-31 16:00:01.491 I/MiSysSrv( 1117): [0m[1;36m<<<_MI_DISPLAY_GetPQWindowType[403] 
12-31 16:00:01.491 I/MiSysSrv( 1117): [0m[1;36m>>>_MI_DISPLAY_GetDisplayWindowIndex[342] 
12-31 16:00:01.495 I/MiSysSrv( 1117): [0m[1;36m<<<_MI_DISPLAY_GetDisplayWindowIndex[358] 
12-31 16:00:01.495 I/MiSysSrv( 1117): [0m[1;32m[MI INFO]: MI_ATOM_DISPLAY_SetWindowPictureMode,2335:ePictureMode = 16
12-31 16:00:01.495 I/MiSysSrv( 1117): [0m[1;32m[MI INFO]: MI_ATOM_DISPLAY_SetWindowPictureMode,2380:stPicMode.u32Sharpness = 18
12-31 16:00:01.495 I/MiSysSrv( 1117): [0m[1;36m<<<MI_ATOM_DISPLAY_SetWindowPictureMode[2385] 
12-31 16:00:01.495 I/MiSysSrv( 1117): [0m[1;36m<<<MI_IMPL_DISPLAY_SetWindowPictureMode[1365] 
12-31 16:00:01.495 I/tvos    ( 1118): #####Sharpness Post Value=18[0m[1;32m
12-31 16:00:01.495 I/tvos    ( 1118): ---------_InputSrcTypeToCntIdx---in---------
12-31 16:00:01.495 I/tvos    ( 1118): [0m[1;32m
12-31 16:00:01.495 I/tvos    ( 1118): ---------_InputSrcTypeToCntIdx---out---u8Index=34------
12-31 16:00:01.495 I/tvos    ( 1118): [0m[1;32m
12-31 16:00:01.495 I/tvos    ( 1118): ########################Contrast[0m[1;32m
12-31 16:00:01.495 I/tvos    ( 1118): OSD0:16[0m[1;32m
12-31 16:00:01.495 I/tvos    ( 1118): OSD25:50[0m[1;32m
12-31 16:00:01.495 I/tvos    ( 1118): OSD50:128[0m[1;32m
12-31 16:00:01.495 I/tvos    ( 1118): OSD75:138[0m[1;32m
12-31 16:00:01.495 I/tvos    ( 1118): OSD100:150[0m[1;32m
12-31 16:00:01.495 I/tvos    ( 1118): #####Contrast Pre Value=50
12-31 16:00:01.495 I/tvos    ( 1118): [0m[1;32m
12-31 16:00:01.495 I/tvos    ( 1118): #####Contrast Post Value=128
12-31 16:00:01.499 I/MiSysSrv( 1117): [0m[1;36m>>>MI_IMPL_DISPLAY_SetWindowPictureMode[1349] 
12-31 16:00:01.499 I/MiSysSrv( 1117): [0m[1;32m[MI INFO]: ~~~~> MI_IMPL_DISPLAY_SetWindowPictureMode(): [IN]hWinHandle=0xffff0700, ePictureMode=2, pstPictureMode(0x9b9dfbf4)={24,0,128,0,0,0}
12-31 16:00:01.499 I/MiSysSrv( 1117): [0m[1;36m>>>MI_ATOM_DISPLAY_SetWindowPictureMode[2303] 
12-31 16:00:01.499 I/MiSysSrv( 1117): [0m[1;36m>>>_MI_DISPLAY_GetPQWindowType[364] 
12-31 16:00:01.499 I/MiSysSrv( 1117): [0m[1;36m>>>_MI_DISPLAY_GetDisplayWindowIndex[342] 
12-31 16:00:01.499 I/MiSysSrv( 1117): [0m[1;36m<<<_MI_DISPLAY_GetDisplayWindowIndex[358] 
12-31 16:00:01.499 I/MiSysSrv( 1117): [0m[1;36m<<<_MI_DISPLAY_GetPQWindowType[403] 
12-31 16:00:01.499 I/MiSysSrv( 1117): [0m[1;36m>>>_MI_DISPLAY_GetDisplayWindowIndex[342] 
12-31 16:00:01.499 I/MiSysSrv( 1117): [0m[1;36m<<<_MI_DISPLAY_GetDisplayWindowIndex[358] 
12-31 16:00:01.499 I/MiSysSrv( 1117): [0m[1;32m[MI INFO]: MI_ATOM_DISPLAY_SetWindowPictureMode,2335:ePictureMode = 2
12-31 16:00:01.499 I/MiSysSrv( 1117): [0m[1;32m[MI INFO]: MI_ATOM_DISPLAY_SetWindowPictureMode,2362:stPicMode.u32Contrast = 128
12-31 16:00:01.507 I/MiSysSrv( 1117): [0m[1;36m<<<MI_ATOM_DISPLAY_SetWindowPictureMode[2385] 
12-31 16:00:01.507 I/MiSysSrv( 1117): [0m[1;36m<<<MI_IMPL_DISPLAY_SetWindowPictureMode[1365] 
12-31 16:00:01.507 I/tvos    ( 1118): [0m[1;32m
12-31 16:00:01.507 I/tvos    ( 1118): ---------_InputSrcTypeToCntIdx---in---------
12-31 16:00:01.507 I/tvos    ( 1118): [0m[1;32m
12-31 16:00:01.507 I/tvos    ( 1118): ---------_InputSrcTypeToCntIdx---out---u8Index=34------
12-31 16:00:01.507 I/tvos    ( 1118): [0m[1;32m
12-31 16:00:01.507 I/tvos    ( 1118): ########################Saturation[0m[1;32m
12-31 16:00:01.507 I/tvos    ( 1118): OSD0:0[0m[1;32m
12-31 16:00:01.507 I/tvos    ( 1118): OSD25:64[0m[1;32m
12-31 16:00:01.507 I/tvos    ( 1118): OSD50:128[0m[1;32m
12-31 16:00:01.507 I/tvos    ( 1118): OSD75:175[0m[1;32m
12-31 16:00:01.507 I/tvos    ( 1118): OSD100:192[0m[1;32m
12-31 16:00:01.507 I/tvos    ( 1118): #####Saturation Pre Value=50[0m[1;32m
12-31 16:00:01.511 I/MiSysSrv( 1117): [0m[1;36m>>>MI_IMPL_DISPLAY_SetWindowPictureMode[1349] 
12-31 16:00:01.511 I/MiSysSrv( 1117): [0m[1;32m[MI INFO]: ~~~~> MI_IMPL_DISPLAY_SetWindowPictureMode(): [IN]hWinHandle=0xffff0700, ePictureMode=8, pstPictureMode(0xbea2b91c)={24,0,0,0,128,0}
12-31 16:00:01.511 I/MiSysSrv( 1117): [0m[1;36m>>>MI_ATOM_DISPLAY_SetWindowPictureMode[2303] 
12-31 16:00:01.511 I/MiSysSrv( 1117): [0m[1;36m>>>_MI_DISPLAY_GetPQWindowType[364] 
12-31 16:00:01.511 I/MiSysSrv( 1117): [0m[1;36m>>>_MI_DISPLAY_GetDisplayWindowIndex[342] 
12-31 16:00:01.511 I/MiSysSrv( 1117): [0m[1;36m<<<_MI_DISPLAY_GetDisplayWindowIndex[358] 
12-31 16:00:01.511 I/MiSysSrv( 1117): [0m[1;36m<<<_MI_DISPLAY_GetPQWindowType[403] 
12-31 16:00:01.511 I/MiSysSrv( 1117): [0m[1;36m>>>_MI_DISPLAY_GetDisplayWindowIndex[342] 
12-31 16:00:01.511 I/MiSysSrv( 1117): [0m[1;36m<<<_MI_DISPLAY_GetDisplayWindowIndex[358] 
12-31 16:00:01.511 I/MiSysSrv( 1117): [0m[1;32m[MI INFO]: MI_ATOM_DISPLAY_SetWindowPictureMode,2335:ePictureMode = 8
12-31 16:00:01.511 I/MiSysSrv( 1117): [0m[1;32m[MI INFO]: MI_ATOM_DISPLAY_SetWindowPictureMode,2374:stPicMode.u32Saturation = 128
12-31 16:00:01.511 I/MiSysSrv( 1117): [0m[1;36m<<<MI_ATOM_DISPLAY_SetWindowPictureMode[2385] 
12-31 16:00:01.511 I/MiSysSrv( 1117): [0m[1;36m<<<MI_IMPL_DISPLAY_SetWindowPictureMode[1365] 
12-31 16:00:01.515 I/tvos    ( 1118): #####Saturation Post Value=128[0m[1;32m
12-31 16:00:01.515 I/tvos    ( 1118): ---------_InputSrcTypeToCntIdx---in---------
12-31 16:00:01.515 I/tvos    ( 1118): [0m[1;32m
12-31 16:00:01.515 I/tvos    ( 1118): ---------_InputSrcTypeToCntIdx---out---u8Index=34------
12-31 16:00:01.515 I/tvos    ( 1118): [0m[1;32m
12-31 16:00:01.515 I/tvos    ( 1118): ########################Hue[0m[1;32m
12-31 16:00:01.515 I/tvos    ( 1118): OSD0:35[0m[1;32m
12-31 16:00:01.515 I/tvos    ( 1118): OSD25:42[0m[1;32m
12-31 16:00:01.515 I/tvos    ( 1118): OSD50:50[0m[1;32m
12-31 16:00:01.515 I/tvos    ( 1118): OSD75:57[0m[1;32m
12-31 16:00:01.515 I/tvos    ( 1118): OSD100:65[0m[1;32m
12-31 16:00:01.515 I/tvos    ( 1118): #####Hue Pre Value=50[0m[1;32m
12-31 16:00:01.515 I/MiSysSrv( 1117): [0m[1;36m>>>MI_IMPL_DISPLAY_SetWindowPictureMode[1349] 
12-31 16:00:01.515 I/MiSysSrv( 1117): [0m[1;32m[MI INFO]: ~~~~> MI_IMPL_DISPLAY_SetWindowPictureMode(): [IN]hWinHandle=0xffff0700, ePictureMode=4, pstPictureMode(0x9b8d3bf4)={24,0,0,50,0,0}
12-31 16:00:01.515 I/MiSysSrv( 1117): [0m[1;36m>>>MI_ATOM_DISPLAY_SetWindowPictureMode[2303] 
12-31 16:00:01.515 I/MiSysSrv( 1117): [0m[1;36m>>>_MI_DISPLAY_GetPQWindowType[364] 
12-31 16:00:01.515 I/MiSysSrv( 1117): [0m[1;36m>>>_MI_DISPLAY_GetDisplayWindowIndex[342] 
12-31 16:00:01.515 I/MiSysSrv( 1117): [0m[1;36m<<<_MI_DISPLAY_GetDisplayWindowIndex[358] 
12-31 16:00:01.515 I/MiSysSrv( 1117): [0m[1;36m<<<_MI_DISPLAY_GetPQWindowType[403] 
12-31 16:00:01.515 I/MiSysSrv( 1117): [0m[1;36m>>>_MI_DISPLAY_GetDisplayWindowIndex[342] 
12-31 16:00:01.515 I/MiSysSrv( 1117): [0m[1;36m<<<_MI_DISPLAY_GetDisplayWindowIndex[358] 
12-31 16:00:01.515 I/MiSysSrv( 1117): [0m[1;32m[MI INFO]: MI_ATOM_DISPLAY_SetWindowPictureMode,2335:ePictureMode = 4
12-31 16:00:01.515 I/MiSysSrv( 1117): [0m[1;32m[MI INFO]: MI_ATOM_DISPLAY_SetWindowPictureMode,2368:stPicMode.u32Hue = 50
12-31 16:00:01.515 I/MiSysSrv( 1117): [0m[1;36m<<<MI_ATOM_DISPLAY_SetWindowPictureMode[2385] 
12-31 16:00:01.515 I/MiSysSrv( 1117): [0m[1;36m<<<MI_IMPL_DISPLAY_SetWindowPictureMode[1365] 
12-31 16:00:01.515 I/MiDispoutService( 1260): impl handle 0x444f0004 closed!
12-31 16:00:01.515 I/MiSysSrv( 1117): [0mdelete_weak_handle, impl_hanlde => 1146028036
12-31 16:00:01.519 E/MiDispoutService( 1260): in funciton close line 642. invalid resource handle
12-31 16:00:01.519 E/MiDispoutService( 1260): in funciton close line 642. invalid resource handle
12-31 16:00:01.519 I/tvos    ( 1118): #####Hue Post Value=50[0mMI_DISPOUT_Close(m_hHDMITxHandle) return FALSE,return = 3!!,/home/gaojie/Work/HeiLJ/Android-BUQ/android/MI_project/project/middleware/mi_mw_tvos/mw/mw_picture/MW_Picture.cpp,ReleaseDispout,line=850
12-31 16:00:01.519 I/MiSysSrv( 1117): none MI_DBG_LVL_L in PROC_CMD_LINE!
12-31 16:00:01.519 I/MiSysSrv( 1117): none MI_DBG_LVL_H in PROC_CMD_LINE!
12-31 16:00:01.519 I/MiSysSrv( 1117): [1;31m[MI ERR ]: MI_ATOM_PM_Init[1113]: WDT module has inited
12-31 16:00:01.519 D/TextLayoutCache( 1104): Using debug level = 0 - Debug Enabled = 0
12-31 16:00:01.519 I/MiSysSrv( 1117): [0m[1;31m[MI ERR ]: MI_ATOM_PM_InitWatchDog[1577]: WDT has inited
12-31 16:00:01.519 I/tvos    ( 1118): [MI_SYS_WDT] Get handle: 144420
12-31 16:00:01.519 I/MiSysSrv( 1117): [0m[1;31m[MI ERR ]: MI_ATOM_PM_InitHeartBeatMonitor[1661]: Heart beat monitor has been inited
12-31 16:00:01.587 I/dalvikvm( 1104): threadid=1: recursive native library load attempt (/system/lib/libmedia_jni.so)
12-31 16:00:01.587 D/MtpDeviceJNI( 1104): register_android_mtp_MtpDevice
12-31 16:00:01.587 I/dalvikvm( 1104): threadid=1: recursive native library load attempt (/system/lib/libmedia_jni.so)
12-31 16:00:01.587 I/dalvikvm( 1104): threadid=1: recursive native library load attempt (/system/lib/libmedia_jni.so)
12-31 16:00:01.587 I/dalvikvm( 1104): threadid=1: recursive native library load attempt (/system/lib/libmedia_jni.so)
12-31 16:00:01.595 I/MiSysSrv( 1117): [0m[1;36m>>>_MI_AOUT_GetCaps[2970] 
12-31 16:00:01.595 I/MiSysSrv( 1117): [0m[1;32m[MI INFO]: [HWCAPS]:Info: ShmType 1 will be init!
12-31 16:00:01.595 I/MiSysSrv( 1117): [0m[1;32m[MI INFO]: [HWCAPS]:shmem buffer MI_HWCAPS_AOUT size is 8
12-31 16:00:01.599 I/MiSysSrv( 1117): [0m[1;31m[MI ERR ]: MI_ATOM_AOUT_GetHandle[4253]: Please open device to get handle
12-31 16:00:01.599 I/tvos    ( 1118): [1;31m<<<MiAoutGetHandle[819] Ret ERROR
12-31 16:00:01.599 I/MiSysSrv( 1117): [0m[1;36m>>>MI_ATOM_AOUT_Open[3415] 
12-31 16:00:01.599 I/MiSysSrv( 1117): [0m[1;32m[MI INFO]: ePath = 4
12-31 16:00:01.599 D/DD      ( 1261): <1261>[dd_audio][FUNC:DD_Audio_Init LINE:207]Exit Success
12-31 16:00:01.599 D/DD      ( 1261): <1261>[dd_aout][FUNC:DDAOUTInit LINE:99]Enter
12-31 16:00:01.599 D/DD      ( 1261): <1261>[dd_aout][FUNC:DDAOUTInit LINE:101]Exit Success
12-31 16:00:01.599 D/DD      ( 1261): <1261>[dd_utility][FUNC:_DD_Pm_Init LINE:564]Enter
12-31 16:00:01.599 I/MiSysSrv( 1117): [0m[1;32m[MI INFO]: vol = 0
12-31 16:00:01.599 I/MiSysSrv( 1117): [0m[1;32m[MI INFO]: ePath = 4
12-31 16:00:01.599 I/MiSysSrv( 1117): [0m[1;32m[MI INFO]: ePath = 4
12-31 16:00:01.599 I/MiSysSrv( 1117): [0m[1;32m[MI INFO]: _MI_AOUT_GetMute(2953) u: 0, d: 0, i: 0, init: 0, p: 0
12-31 16:00:01.599 I/MiSysSrv( 1117): [0mnone MI_DBG_LVL_L in PROC_CMD_LINE!
12-31 16:00:01.599 I/MiSysSrv( 1117): none MI_DBG_LVL_H in PROC_CMD_LINE!
12-31 16:00:01.603 D/DD      ( 1261): <1261>[dd_utility][FUNC:_DD_Pm_Init LINE:577]Success
12-31 16:00:01.603 D/DD      ( 1261): <1261>[dd_utility][FUNC:_DD_Pm_Init LINE:578]Exit Success
12-31 16:00:01.603 D/DD      ( 1261): [DDErrorCode DD_FP_Init()][1364]Enter
12-31 16:00:01.603 I/        ( 1261): [MSOS_PRINT][003289]     ~!~mappd sharemem  @ 
12-31 16:00:01.603 I/        ( 1261): [MSOS_PRINT][000663]     pthread_mutex_init
12-31 16:00:01.603 I/        ( 1261): [MSOS_PRINT][000665]     CHIP_InitISR
12-31 16:00:01.603 I/        ( 1261): [utopia info] utopia init
12-31 16:00:01.603 I/        ( 1261): [utopia info] register module: MODULE_UTOPIA
12-31 16:00:01.603 I/        ( 1261): [utopia info] register module: MODULE_BDMA
12-31 16:00:01.603 I/        ( 1261): [utopia info] register module: MODULE_AESDMA
12-31 16:00:01.603 I/        ( 1261): [utopia info] register module: MODULE_DSCMB
12-31 16:00:01.603 I/        ( 1261): [utopia info] register module: MODULE_CI
12-31 16:00:01.603 I/        ( 1261): [utopia info] register module: MODULE_GOP
12-31 16:00:01.607 I/        ( 1261): [utopia info] register module: MODULE_GFX
12-31 16:00:01.607 I/        ( 1261): [utopia info] register module: MODULE_TVENCODER
12-31 16:00:01.607 I/        ( 1261): [utopia info] register module: MODULE_XC
12-31 16:00:01.607 I/        ( 1261): [utopia info] register module: MODULE_MBX
12-31 16:00:01.607 I/        ( 1261): [utopia info] register module: MODULE_DIP
12-31 16:00:01.607 I/        ( 1261): [utopia info] register module: MODULE_PNL
12-31 16:00:01.607 I/        ( 1261): [utopia info] register module: MODULE_VBI
12-31 16:00:01.607 I/        ( 1261): [utopia info] register module: MODULE_ACE
12-31 16:00:01.607 I/        ( 1261): [utopia info] register module: MODULE_DLC
12-31 16:00:01.607 I/        ( 1261): [utopia info] register module: MODULE_IR
12-31 16:00:01.611 I/        ( 1261): [utopia info] register module: MODULE_SAR
12-31 16:00:01.611 I/        ( 1261): [utopia info] register module: MODULE_MIU
12-31 16:00:01.611 I/        ( 1261): [utopia info] register module: MODULE_PWS
12-31 16:00:01.611 I/        ( 1261): [utopia info] register module: MODULE_FLASH
12-31 16:00:01.611 I/        ( 1261): [utopia info] register module: MODULE_SEM
12-31 16:00:01.611 I/        ( 1261): [utopia info] register module: MODULE_SYS
12-31 16:00:01.611 I/        ( 1261): [utopia info] register module: MODULE_VDEC_EX
12-31 16:00:01.611 I/        ( 1261): [utopia info] register module: MODULE_MVOP
12-31 16:00:01.611 I/        ( 1261): [utopia info] register module: MODULE_AVD
12-31 16:00:01.611 I/        ( 1261): [utopia info] register module: MODULE_DMX
12-31 16:00:01.611 I/        ( 1261): [utopia info] register module: MODULE_RTC
12-31 16:00:01.611 I/        ( 1261): [utopia info] register module: MODULE_HWI2C
12-31 16:00:01.615 I/        ( 1261): [utopia info] register module: MODULE_UART
12-31 16:00:01.615 I/        ( 1261): [utopia info] register module: MODULE_PWM
12-31 16:00:01.615 I/        ( 1261): [utopia info] register module: MODULE_NJPEG_EX
12-31 16:00:01.615 I/        ( 1261): [utopia info] register module: MODULE_GPD
12-31 16:00:01.615 I/        ( 1261): [utopia info] register module: MODULE_MFE
12-31 16:00:01.615 I/        ( 1261): [utopia info] register module: MODULE_CPU
12-31 16:00:01.615 I/        ( 1261): [utopia info] register module: MODULE_MSPI
12-31 16:00:01.615 I/        ( 1261): [utopia info] register module: MODULE_DAC
12-31 16:00:01.615 I/        ( 1261): [utopia info] register module: MODULE_GPIO
12-31 16:00:01.631 I/MiSysSrv( 1117): [1;36m>>>_MI_AOUT_GetCaps[2970] 
12-31 16:00:01.631 I/MiSysSrv( 1117): [0m[1;32m[MI INFO]: [HWCAPS]:Info: aout caps has been updated!
12-31 16:00:01.631 I/MiSysSrv( 1117): [0m[1;31m[MI ERR ]: MI_ATOM_AOUT_GetHandle[4253]: Please open device to get handle
12-31 16:00:01.631 I/tvos    ( 1118): [0m[1;31m<<<MiAoutGetHandle[819] Ret ERROR
12-31 16:00:01.631 I/MiSysSrv( 1117): [0m[1;36m>>>MI_ATOM_AOUT_Open[3415] 
12-31 16:00:01.631 I/MiSysSrv( 1117): [0m[1;32m[MI INFO]: ePath = 5
12-31 16:00:01.631 I/MiSysSrv( 1117): [0m[1;32m[MI INFO]: vol = 0
12-31 16:00:01.631 I/MiSysSrv( 1117): [0m[1;32m[MI INFO]: ePath = 5
12-31 16:00:01.631 I/MiSysSrv( 1117): [0m[1;32m[MI INFO]: ePath = 5
12-31 16:00:01.631 I/MiSysSrv( 1117): [0m[1;32m[MI INFO]: _MI_AOUT_GetMute(2953) u: 0, d: 0, i: 0, init: 0, p: 0
12-31 16:00:01.635 I/MiSysSrv( 1117): [0m[1;36m>>>_MI_AOUT_GetCaps[2970] 
12-31 16:00:01.635 I/MiSysSrv( 1117): [0m[1;32m[MI INFO]: [HWCAPS]:Info: aout caps has been updated!
12-31 16:00:01.635 I/MiSysSrv( 1117): [0m[1;31m[MI ERR ]: MI_ATOM_AOUT_GetHandle[4253]: Please open device to get handle
12-31 16:00:01.635 I/tvos    ( 1118): [0m[1;31m<<<MiAoutGetHandle[819] Ret ERROR
12-31 16:00:01.635 I/MiSysSrv( 1117): [0m[1;36m>>>MI_ATOM_AOUT_Open[3415] 
12-31 16:00:01.635 I/MiSysSrv( 1117): [0m[1;32m[MI INFO]: ePath = 2
12-31 16:00:01.635 I/MiSysSrv( 1117): [0m[1;32m[MI INFO]: vol = 0
12-31 16:00:01.635 I/MiSysSrv( 1117): [0m[1;32m[MI INFO]: ePath = 2
12-31 16:00:01.635 I/MiSysSrv( 1117): [0m[1;32m[MI INFO]: ePath = 2
12-31 16:00:01.635 I/MiSysSrv( 1117): [0m[1;32m[MI INFO]: _MI_AOUT_GetMute(2953) u: 0, d: 0, i: 0, init: 0, p: 0
12-31 16:00:01.667 I/MiSysSrv( 1117): [0m[1;36m>>>_MI_AOUT_GetCaps[2970] 
12-31 16:00:01.667 I/MiSysSrv( 1117): [0m[1;32m[MI INFO]: [HWCAPS]:Info: aout caps has been updated!
12-31 16:00:01.667 I/tvos    ( 1118): [0mInitResource,line=1410
12-31 16:00:01.671 I/MiSysSrv( 1117): [0m[1;32m[MI INFO]: ePath = 4
12-31 16:00:01.671 I/MiSysSrv( 1117): [0m[1;32m[MI INFO]: _MI_AOUT_SetMute(2656)SE has already unmuted!
12-31 16:00:01.671 I/tvos    ( 1118): [mi Demo]SPDIF mute: 0
12-31 16:00:01.671 I/MiSysSrv( 1117): [0m[1;32m[MI INFO]: ePath = 2
12-31 16:00:01.671 I/MiSysSrv( 1117): [0m[1;32m[MI INFO]: _MI_AOUT_SetMute(2656)SE has already unmuted!
12-31 16:00:01.671 I/MiSysSrv( 1117): [0m[1;31m[MI ERR ]: MI_ATOM_AUDIO_GetHandle[3840]: Please open device to get handle
12-31 16:00:01.671 I/MiSysSrv( 1117): [0mDecID = 2 AU_GetDecID() 6632 
12-31 16:00:01.675 I/MiSysSrv( 1117): DecID = 2 AU_GetDecID() 6636 
12-31 16:00:01.675 I/MiSysSrv( 1117): DecID = 2 AU_GetDecID() 6641 
12-31 16:00:01.675 I/MiSysSrv( 1117): DecID = 2 HAL_AUDIO_OpenDecodeSystem() 6673 
12-31 16:00:01.675 I/        ( 1260): <<android>>      DecRet = 2 MApi_AUDIO_OpenDecodeSystem() 1385 
12-31 16:00:01.675 I/        ( 1260): <<android>>      ===== Check Audio Decoder Protection from hash-key IP =====
12-31 16:00:01.675 I/        ( 1260): <<android>>      Hash-key Support DD.
12-31 16:00:01.675 I/        ( 1260): <<android>>      Hash-key Support DD+.
12-31 16:00:01.675 I/        ( 1260): <<android>>      Hash Key Check DTS Fail, no DTS license!!
12-31 16:00:01.675 I/        ( 1260): <<android>>      Hash Key Check WMA Fail, no WMA license!!
12-31 16:00:01.675 I/        ( 1260): <<android>>      Hash-key Support DRA.
12-31 16:00:01.675 I/        ( 1260): <<android>>      Hash Key Check DTSLBR Fail, no DTSLBR license!!
12-31 16:00:01.675 I/        ( 1260): <<android>>      Hash Key Check Dolby MS11 Fail, no Dolby MS11 license!!
12-31 16:00:01.675 I/        ( 1260): <<android>>      Hash Key Check DTSE Fail, no DTSE license!!
12-31 16:00:01.675 I/        ( 1260): <<android>>      Hash Key Check DTSNeoUltra Fail, no DTSNeoUltra license!!
12-31 16:00:01.675 I/        ( 1260): <<android>>      Hash Key Check SRS_TSHD Fail, no SRS_TSHD license!!
12-31 16:00:01.675 I/        ( 1260): <<android>>      Hash Key Check SRS_THEATERSOUND Fail, no SRS_THEATERSOUND license!!
12-31 16:00:01.675 I/        ( 1260): <<android>>      Hash Key Check DTS_StudioSound3D Fail, no DTS_StudioSound3D license!!
12-31 16:00:01.675 I/        ( 1260): <<android>>      Hash Key Check COOK Fail, no COOK license!!
12-31 16:00:01.675 I/        ( 1260): <<android>>      Hash Key Check DTS_HD Fail, no DTS_HD license!!
12-31 16:00:01.675 I/        ( 1260): <<android>>      ===== Check Protection IP End                         =====
12-31 16:00:01.675 I/MiSysSrv( 1117): Reload Success
12-31 16:00:01.675 I/MiSysSrv( 1117): Input
12-31 16:00:01.675 I/MiSysSrv( 1117): eAudFormat = 1
12-31 16:00:01.675 I/MiSysSrv( 1117): eGroup = 0
12-31 16:00:01.675 I/MiSysSrv( 1117): eDSPId = 0
12-31 16:00:01.675 I/MiSysSrv( 1117): eStcSource = 0
12-31 16:00:01.675 I/MiSysSrv( 1117): DecId = 2
12-31 16:00:01.675 I/MiSysSrv( 1117): eAudFormat = 1
12-31 16:00:01.675 I/MiSysSrv( 1117): eGroup = 0
12-31 16:00:01.675 I/MiSysSrv( 1117): eDSPId = 0
12-31 16:00:01.675 I/MiSysSrv( 1117): eStcSource = 0
12-31 16:00:01.675 I/        ( 1260): <<android>>      Dec Id 2 opened MApi_AUDIO_OpenDecodeSystem() 1404 
12-31 16:00:01.675 I/MiSysSrv( 1117): DecID = 2 AU_GetDecID() 6632 
12-31 16:00:01.675 I/MiSysSrv( 1117): DecID = 0 AU_GetDecID() 6632 
12-31 16:00:01.675 I/MiSysSrv( 1117): DecID = 0 AU_GetDecID() 6636 
12-31 16:00:01.675 I/MiSysSrv( 1117): DecID = 0 AU_GetDecID() 6641 
12-31 16:00:01.675 I/MiSysSrv( 1117): DecID = 0 HAL_AUDIO_OpenDecodeSystem() 6673 
12-31 16:00:01.675 I/        ( 1260): <<android>>      DecRet = 0 MApi_AUDIO_OpenDecodeSystem() 1385 
12-31 16:00:01.675 I/        ( 1260): <<android>>      ===== Check Audio Decoder Protection from hash-key IP =====
12-31 16:00:01.675 I/        ( 1260): <<android>>      Hash-key Support DD.
12-31 16:00:01.675 I/        ( 1260): <<android>>      Hash-key Support DD+.
12-31 16:00:01.675 I/        ( 1260): <<android>>      Hash Key Check DTS Fail, no DTS license!!
12-31 16:00:01.675 I/        ( 1260): <<android>>      Hash Key Check WMA Fail, no WMA license!!
12-31 16:00:01.675 I/        ( 1260): <<android>>      Hash-key Support DRA.
12-31 16:00:01.675 I/        ( 1260): <<android>>      Hash Key Check DTSLBR Fail, no DTSLBR license!!
12-31 16:00:01.675 I/        ( 1260): <<android>>      Hash Key Check Dolby MS11 Fail, no Dolby MS11 license!!
12-31 16:00:01.675 I/        ( 1260): <<android>>      Hash Key Check DTSE Fail, no DTSE license!!
12-31 16:00:01.675 I/        ( 1260): <<android>>      Hash Key Check DTSNeoUltra Fail, no DTSNeoUltra license!!
12-31 16:00:01.675 I/        ( 1260): <<android>>      Hash Key Check SRS_TSHD Fail, no SRS_TSHD license!!
12-31 16:00:01.675 I/        ( 1260): <<android>>      Hash Key Check SRS_THEATERSOUND Fail, no SRS_THEATERSOUND license!!
12-31 16:00:01.675 I/        ( 1260): <<android>>      Hash Key Check DTS_StudioSound3D Fail, no DTS_StudioSound3D license!!
12-31 16:00:01.675 I/        ( 1260): <<android>>      Hash Key Check COOK Fail, no COOK license!!
12-31 16:00:01.675 I/        ( 1260): <<android>>      Hash Key Check DTS_HD Fail, no DTS_HD license!!
12-31 16:00:01.675 I/        ( 1260): <<android>>      ===== Check Protection IP End                         =====
12-31 16:00:01.675 I/MiSysSrv( 1117): Reload Success
12-31 16:00:01.675 I/MiSysSrv( 1117): Input
12-31 16:00:01.675 I/MiSysSrv( 1117): eAudFormat = 1
12-31 16:00:01.675 I/MiSysSrv( 1117): eGroup = 0
12-31 16:00:01.675 I/MiSysSrv( 1117): eDSPId = 0
12-31 16:00:01.675 I/MiSysSrv( 1117): eStcSource = 0
12-31 16:00:01.679 I/MiSysSrv( 1117): DecId = 0
12-31 16:00:01.679 I/MiSysSrv( 1117): eAudFormat = 1
12-31 16:00:01.679 I/MiSysSrv( 1117): eGroup = 0
12-31 16:00:01.679 I/MiSysSrv( 1117): eDSPId = 0
12-31 16:00:01.679 I/MiSysSrv( 1117): eStcSource = 0
12-31 16:00:01.679 I/        ( 1260): <<android>>      Dec Id 0 opened MApi_AUDIO_OpenDecodeSystem() 1404 
12-31 16:00:01.679 I/MiSysSrv( 1117): DecID 0 disconnect MApi_AUDIO_ReleaseDecodeSystem() 1470
12-31 16:00:01.679 I/MiSysSrv( 1117): DecID 2 disconnect MApi_AUDIO_ReleaseDecodeSystem() 1470
12-31 16:00:01.683 I/MiSysSrv( 1117): delete_weak_handle, impl_hanlde => -1232586104
12-31 16:00:01.695 I/tvos    ( 1118): MW_Sound::SetVolume 4,u32Volume=43
12-31 16:00:01.695 I/MiSysSrv( 1117): [1;32m[MI INFO]: ePath = 4
12-31 16:00:01.695 I/MiSysSrv( 1117): [0m[1;32m[MI INFO]: vol = 43
12-31 16:00:01.699 I/tvos    ( 1118): MW_Sound::SetVolume 5,u32Volume=43
12-31 16:00:01.699 I/MiSysSrv( 1117): [0m[1;32m[MI INFO]: ePath = 5
12-31 16:00:01.699 I/MiSysSrv( 1117): [0m[1;32m[MI INFO]: vol = 43
12-31 16:00:01.699 I/tvos    ( 1118): MW_Sound::SetVolume 2,u32Volume=100
12-31 16:00:01.699 I/MiSysSrv( 1117): [0m[1;32m[MI INFO]: ePath = 2
12-31 16:00:01.699 I/MiSysSrv( 1117): [0m[1;32m[MI INFO]: vol = 100
12-31 16:00:01.703 I/MiSysSrv( 1117): [0mMPOOL size : 0x200000
12-31 16:00:01.707 I/tvos    ( 1118): connect[185]connect[189]connect[195][1;32m
12-31 16:00:01.707 I/tvos    ( 1118):  u8TvOrSTB == 1,  InitV3D,  513
12-31 16:00:01.723 I/MiSysSrv( 1117): [GetModuleParameter_int]m_pModelDefaultName = /config/module/MStar_Default_Module.ini
12-31 16:00:01.727 I/MiSysSrv( 1117): [GetModuleParameter_int]m_pModelName = /config/module/Customer_Module.ini
12-31 16:00:01.735 I/MiSysSrv( 1117): [GetModuleParameter_int]retInDefault = -1
12-31 16:00:01.747 I/MiSysSrv( 1117): [GetModuleParameter_int]m_pModelDefaultName = /config/module/MStar_Default_Module.ini
12-31 16:00:01.751 I/MiSysSrv( 1117): [GetModuleParameter_int]m_pModelName = /config/module/Customer_Module.ini
12-31 16:00:01.759 I/MiSysSrv( 1117): [GetModuleParameter_int]retInDefault = -1
12-31 16:00:01.759 I/MiSysSrv( 1117): [1;36m>>>MI_IMPL_DISPLAY_GetDisplayHandle[602] 
12-31 16:00:01.759 I/MiSysSrv( 1117): [0m[1;32m[MI INFO]: ~~~~> MI_IMPL_DISPLAY_GetDisplayHandle(): [IN]u8DevIndex=0, [OUT]phDispHandle=0x9ac87864
12-31 16:00:01.759 I/MiSysSrv( 1117): [0m[1;36m>>>MI_ATOM_DISPLAY_GetDisplayHandle[1885] 
12-31 16:00:01.759 I/MiSysSrv( 1117): [0m[1;36m<<<MI_ATOM_DISPLAY_GetDisplayHandle[1902] 
12-31 16:00:01.759 I/MiSysSrv( 1117): [0m[1;36m<<<MI_IMPL_DISPLAY_GetDisplayHandle[614] 
12-31 16:00:01.759 I/MiSysSrv( 1117): [0m[1;32m[MI INFO]: <~~~~ MI_IMPL_DISPLAY_GetDisplayHandle(): [OUT]*phDispHandle(0x9ac87864)=0xffff0600
12-31 16:00:01.759 I/MiSysSrv( 1117): [0m[1;36m>>>MI_IMPL_DISPLAY_GetWindowHandle[625] 
12-31 16:00:01.763 I/MiSysSrv( 1117): [0m[1;32m[MI INFO]: ~~~~> MI_IMPL_DISPLAY_GetWindowHandle(): [IN]u8WindowIndex=0, [IN]hDispHandle=0xffff0600, [OUT]phWinHandle=0x9ac87868
12-31 16:00:01.763 I/MiSysSrv( 1117): [0m[1;36m>>>MI_ATOM_DISPLAY_GetWindowHandle[1908] 
12-31 16:00:01.763 I/MiSysSrv( 1117): [0m[1;36m<<<MI_ATOM_DISPLAY_GetWindowHandle[1935] 
12-31 16:00:01.763 I/MiSysSrv( 1117): [0m[1;36m<<<MI_IMPL_DISPLAY_GetWindowHandle[638] 
12-31 16:00:01.763 I/MiSysSrv( 1117): [0m[1;32m[MI INFO]: <~~~~ MI_IMPL_DISPLAY_GetWindowHandle(): [OUT]*phWinHandle(0x9ac87868)=0xffff0700
12-31 16:00:01.763 I/MiSysSrv( 1117): [0m[1;32m[MI INFO]: MI_IMPL_DISPLAY_GetWindowHandle :Get Winodow Hanle Time = 1ms
12-31 16:00:01.763 I/MiSysSrv( 1117): [0mnone MI_DBG_LVL_L in PROC_CMD_LINE!
12-31 16:00:01.763 I/MiSysSrv( 1117): none MI_DBG_LVL_H in PROC_CMD_LINE!
12-31 16:00:01.763 I/MiSysSrv( 1117): [1;36m>>>MI_IMPL_DISPLAY_Init[462] 
12-31 16:00:01.767 I/MiSysSrv( 1117): [0m[1;32m[MI INFO]: ~~~~> MI_IMPL_DISPLAY_Init(): [IN]pstDispCap(0x9b9dfbf4)={2}
12-31 16:00:01.767 I/MiSysSrv( 1117): [0m[1;32m[MI INFO]: MI_DISPLAY already Inited, return ok !
12-31 16:00:01.767 I/MiSysSrv( 1117): [0m[1;36m<<<MI_IMPL_DISPLAY_Init[469] 
12-31 16:00:01.767 I/MiSysSrv( 1117): [0m[1;36m>>>MI_IMPL_DISPLAY_GetDisplayHandle[602] 
12-31 16:00:01.767 I/MiSysSrv( 1117): [0m[1;32m[MI INFO]: ~~~~> MI_IMPL_DISPLAY_GetDisplayHandle(): [IN]u8DevIndex=0, [OUT]phDispHandle=0x9ac87b74
12-31 16:00:01.767 I/MiSysSrv( 1117): [0m[1;36m>>>MI_ATOM_DISPLAY_GetDisplayHandle[1885] 
12-31 16:00:01.767 I/MiSysSrv( 1117): [0m[1;36m<<<MI_ATOM_DISPLAY_GetDisplayHandle[1902] 
12-31 16:00:01.767 I/MiSysSrv( 1117): [0m[1;36m<<<MI_IMPL_DISPLAY_GetDisplayHandle[614] 
12-31 16:00:01.767 I/MiSysSrv( 1117): [0m[1;32m[MI INFO]: <~~~~ MI_IMPL_DISPLAY_GetDisplayHandle(): [OUT]*phDispHandle(0x9ac87b74)=0xffff0600
12-31 16:00:01.767 I/MiSysSrv( 1117): [0m[1;36m>>>MI_IMPL_DISPLAY_GetWindowHandle[625] 
12-31 16:00:01.771 I/MiSysSrv( 1117): [0m[1;32m[MI INFO]: ~~~~> MI_IMPL_DISPLAY_GetWindowHandle(): [IN]u8WindowIndex=0, [IN]hDispHandle=0xffff0600, [OUT]phWinHandle=0x9ac87b6c
12-31 16:00:01.771 I/MiSysSrv( 1117): [0m[1;36m>>>MI_ATOM_DISPLAY_GetWindowHandle[1908] 
12-31 16:00:01.771 I/MiSysSrv( 1117): [0m[1;36m<<<MI_ATOM_DISPLAY_GetWindowHandle[1935] 
12-31 16:00:01.771 I/MiSysSrv( 1117): [0m[1;36m<<<MI_IMPL_DISPLAY_GetWindowHandle[638] 
12-31 16:00:01.771 I/MiSysSrv( 1117): [0m[1;32m[MI INFO]: <~~~~ MI_IMPL_DISPLAY_GetWindowHandle(): [OUT]*phWinHandle(0x9ac87b6c)=0xffff0700
12-31 16:00:01.771 I/MiSysSrv( 1117): [0m[1;32m[MI INFO]: MI_IMPL_DISPLAY_GetWindowHandle :Get Winodow Hanle Time = 1ms
12-31 16:00:01.771 I/tvos    ( 1118): [0mMW_Control::Build sucess!!
12-31 16:00:01.771 I/tvos    ( 1118): main init #2
12-31 16:00:01.775 I/MiSysSrv( 1117): [0mMPOOL size : 0x200000
12-31 16:00:01.779 I/tvos    ( 1118): main init #done
12-31 16:00:01.779 I/tvos    ( 1118): start mdebug:false
12-31 16:00:01.795 D/DD      ( 1261): [void _DD_FP_TaskEntry()][1040]Enter
12-31 16:00:01.795 D/DD      ( 1261): [DDErrorCode DD_FP_Init()][1486]Exit Success.
12-31 16:00:01.795 D/DD      ( 1261): <1261>[dd_tuner][FUNC:DD_Tuner_Init LINE:441]Enter
12-31 16:00:01.799 I/MiSysSrv( 1117): none MI_DBG_LVL_L in PROC_CMD_LINE!
12-31 16:00:01.799 I/MiSysSrv( 1117): none MI_DBG_LVL_H in PROC_CMD_LINE!
12-31 16:00:01.799 I/MiSysSrv( 1117): none MI_DBG_LVL_L in PROC_CMD_LINE!
12-31 16:00:01.799 I/MiSysSrv( 1117): none MI_DBG_LVL_H in PROC_CMD_LINE!
12-31 16:00:01.799 D/DD      ( 1261): <1261>[dd_tuner][FUNC:_MI_IIC_Init LINE:310]come here
12-31 16:00:01.803 I/MiSysSrv( 1117): [DeviceDemodCreate][124][DC2800]hy_tuner enter
12-31 16:00:01.803 I/MiSysSrv( 1117): none MI_DBG_LVL_L in PROC_CMD_LINE!
12-31 16:00:01.803 I/MiSysSrv( 1117): none MI_DBG_LVL_H in PROC_CMD_LINE!
12-31 16:00:01.803 I/MiSysSrv( 1117): >>>>>>>>static void mapi_i2c::CreateI2CDevices():i2c_device = 0, I2C bus = 1 , Mutex#=1
12-31 16:00:01.803 I/MiSysSrv( 1117): >>>>>>>>static void mapi_i2c::CreateI2CDevices():i2c_device = 1, I2C bus = 1 , Mutex#=1
12-31 16:00:01.803 I/MiSysSrv( 1117): >>>>>>>>static void mapi_i2c::CreateI2CDevices():i2c_device = 2, I2C bus = 1 , Mutex#=1
12-31 16:00:01.803 I/MiSysSrv( 1117): >>>>>>>>static void mapi_i2c::CreateI2CDevices():i2c_device = 3, I2C bus = 1 , Mutex#=1
12-31 16:00:01.803 I/MiSysSrv( 1117): >>>>>>>>static void mapi_i2c::CreateI2CDevices():i2c_device = 4, I2C bus = 0 , Mutex#=0
12-31 16:00:01.803 I/MiSysSrv( 1117): >>>>>>>>static void mapi_i2c::CreateI2CDevices():i2c_device = 5, I2C bus = 0 , Mutex#=0
12-31 16:00:01.803 I/MiSysSrv( 1117): I2C::SWBUS[0] SCL=015 SDA=016 DELAY=100
12-31 16:00:01.803 I/MiSysSrv( 1117): [CPU INFO] cpu openCPUIoctl - MDrv_CMD_CPU_QueryClock
12-31 16:00:01.807 I/MiSysSrv( 1117): [GetHwVendorId][360][hy_tuner]vendor id:29
12-31 16:00:01.807 I/MiSysSrv( 1117): [mt_fe_dmd_dc2800_config_default][100][hy_tuner]MXL608
12-31 16:00:01.807 I/MiSysSrv( 1117): [DeviceDemodCreate][221][DC2800]hy_tuner exit ok
12-31 16:00:01.807 I/MiSysSrv( 1117): [1;31m[MI ERR ]: MI_ATOM_TUNER_GetHandle[1911]: Handle of TunerMode = 2 don't exist!
12-31 16:00:01.807 I/MiSysSrv( 1117): [0m[1;32m[MI INFO]: [MI_ATOM_TUNER_Open][1377][hy_tuner][eTunerMode:2]
12-31 16:00:01.807 I/MiSysSrv( 1117): [0m[Connect][245][TDA10025]hy_tuner device_demodulator_NXP_TDA10025: u8VendorId:29
12-31 16:00:01.807 I/MiSysSrv( 1117): [Connect][249][TDA10025]hy_tuner device_demodulator_NXP_TDA10025: Vendor is not skyworth ,demod not TDA10025,return fail.
12-31 16:00:01.807 I/MiSysSrv( 1117): device_demodulator_extend_MxL241SF: Connect
12-31 16:00:01.807 I/MiSysSrv( 1117): [Connect][232][DC2800]hy_tuner device_demodulator_extend2_DC2800: u8VendorId:29 enter
12-31 16:00:01.811 I/MiSysSrv( 1117): [Connect][249][DC2800]hy_tuner device_demodulator_extend2_DC2800:GetDeviceI2C E_MI_IIC_GID_DEMOD_DYNAMIC_SLAVE_ID_2 ->
12-31 16:00:01.811 I/MiSysSrv( 1117): none MI_DBG_LVL_L in PROC_CMD_LINE!
12-31 16:00:01.811 I/MiSysSrv( 1117): none MI_DBG_LVL_H in PROC_CMD_LINE!
12-31 16:00:01.811 I/MiSysSrv( 1117): I2C Device Num = 5
12-31 16:00:01.811 I/MiSysSrv( 1117): Orig I2C Device[2] ID = 1 SlaveId = 30, Bus = 1
12-31 16:00:01.811 I/MiSysSrv( 1117): ==>
12-31 16:00:01.811 I/MiSysSrv( 1117): Orig I2C Device[2] ID = 1 SlaveId = 56, Bus = 1
12-31 16:00:01.811 I/MiSysSrv( 1117): [Connect][255][DC2800]hy_tuner device_demodulator_extend2_DC2800:GetDeviceI2C Demod hnd:470cc 
12-31 16:00:01.811 I/MiSysSrv( 1117): [Connect][260][DC2800]hy_tuner device_demodulator_extend2_DC2800:exit ok
12-31 16:00:01.811 I/MiSysSrv( 1117): [1;32m[MI INFO]: [MI_ATOM_TUNER_Open][1384][hy_tuner]pDemod[2] Connect ok
12-31 16:00:01.811 I/MiSysSrv( 1117): [0m[Power_On_Initialization][314][DC2800]hy_tuner  device_demodulator_extend2
12-31 16:00:01.811 I/MiSysSrv( 1117): [SetCurrentDemodulatorType][1205][DC2800]hy_tuner  device_demodulator_extend2
12-31 16:00:01.811 I/MiSysSrv( 1117): [1;32m[MI INFO]: [MI_ATOM_TUNER_Open][1416][hy_tuner][tuner:0][bUsed:0][eUsable:0]
12-31 16:00:01.811 I/MiSysSrv( 1117): [0m[Connect][559][MXL608]hy_tuner device_tuner_MXL608 u8VendorId:29
12-31 16:00:01.811 I/MiSysSrv( 1117): [Connect][564][MXL608]hy_tuner device_tuner_MXL608 u8VendorId is unionman
12-31 16:00:01.811 I/MiSysSrv( 1117): [Connect][583][MXL608]hy_tuner GetDeviceI2C E_MI_IIC_GID_TUNER ->
12-31 16:00:01.811 I/MiSysSrv( 1117): Orig I2C Device[0] ID = 0 SlaveId = 192, Bus = 1
12-31 16:00:01.811 I/MiSysSrv( 1117): ==>
12-31 16:00:01.811 I/MiSysSrv( 1117): Orig I2C Device[0] ID = 0 SlaveId = 196, Bus = 1
12-31 16:00:01.811 I/MiSysSrv( 1117): [Connect][591][MXL608]hy_tuner GetDeviceI2C E_MI_IIC_GID_TUNER hnd:570b4 
12-31 16:00:01.839 I/MiSysSrv( 1117): MxLWare608_API_CfgDevSoftResetMxLWare608_API_CfgDevOverwriteDefaultsMxLWare608_API_CfgDevXtalMxLWare608_API_CfgTunerIFOutParam, Manual set = 0 
12-31 16:00:01.843 I/MiSysSrv( 1117): MxLWare608_API_CfgTunerAGC, AGC sel = 1, attack point set = 66, Flip = 0 
12-31 16:00:01.843 E/EmojiFactory_jni( 1104): Failed to load libemoji.so: dlopen failed: library "libemoji.so" not found
12-31 16:00:01.895 D/dalvikvm( 1104): GC_FOR_ALLOC freed 112K, 9% free 1298K/1412K, paused 12ms, total 12ms
12-31 16:00:01.919 I/MiSysSrv( 1117): MxLWare608_API_CfgTunerMode: Signal Mode = 0, IF Freq = 7200, xtal = 0, IF Gain = 11[MDrv_Tuner_Init][530][MXL608]hy_tuner 
12-31 16:00:01.919 I/MiSysSrv( 1117):  MXL608 INIT OK
12-31 16:00:01.919 I/MiSysSrv( 1117): [1;32m[MI INFO]: [MI_ATOM_TUNER_Open][1430][hy_tuner] pTuner[0]
12-31 16:00:01.923 I/MiSysSrv( 1117): [0mtime is 926732
12-31 16:00:01.923 I/MiSysSrv( 1117): [1;32m[MI INFO]: [HWCAPS]:Info: ShmType 3 will be init!
12-31 16:00:01.923 I/MiSysSrv( 1117): [0m[1;32m[MI INFO]: [HWCAPS]:shmem buffer MI_HWCAPS_DMX size is 60
12-31 16:00:01.923 I/MiSysSrv( 1117): [0m[1;31m[MI ERR ]: _MI_HWCAPS_UpdateDmxCaps[613]: [HWCAPS]:Error: failed to MApi_DMX_GetCap(DMX_CAP_MMFI0_FILTER_NUM)!
12-31 16:00:01.923 I/MiSysSrv( 1117): [0m[1;32m[MI INFO]: [HWCAPS]:Info: video caps has been updated!
12-31 16:00:01.923 I/MiSysSrv( 1117): [0m[1;32m[MI INFO]: [HWCAPS]:Info: ShmType 0 will be init!
12-31 16:00:01.923 I/MiSysSrv( 1117): [0m[1;32m[MI INFO]: [HWCAPS]:shmem buffer MI_HWCAPS_AUDIO size is 28
12-31 16:00:01.935 I/MiSysSrv( 1117): [0m[HAL_TSP_CPU_SetBase][2842] load firmware (address, size) = (0x15a29000, 0x00005493)
12-31 16:00:01.935 I/MiSysSrv( 1117): firmware 111 0x15a29000 0x00000015 0x0000a290
12-31 16:00:01.939 I/MiSysSrv( 1117): [MDrv_TSP_SetDbgLevel][5697] _u32TSPDGBLevel 1 
12-31 16:00:01.939 I/MiSysSrv( 1117): [WARNING][TSP] Not allow AP to change driver debug level for error handling!!!
12-31 16:00:01.943 I/MiSysSrv( 1117): [1;32m[MI INFO]: [HWCAPS]:Info: dmx caps has been updated!
12-31 16:00:01.943 I/MiSysSrv( 1117): [0m[1;32m[MI INFO]: [HWCAPS]:Info: video caps has been updated!
12-31 16:00:01.943 I/MiSysSrv( 1117): [0m[1;32m[MI INFO]: [HWCAPS]:Info:audio caps has been updated!
12-31 16:00:01.943 I/MiSysSrv( 1117): [0mtime is 948172
12-31 16:00:01.943 I/MiSysSrv( 1117): SwitchToDvbC..........................
12-31 16:00:01.943 I/MiSysSrv( 1117): [TunerConnectDemod][261]hy_tuner connect tuner[0] and demod[2]
12-31 16:00:01.943 I/MiSysSrv( 1117): [1;32m[MI INFO]: [MI_ATOM_TUNER_Open][1470][hy_tuner] pTuner[0] pDemod[2]
12-31 16:00:01.943 D/DD      ( 1261): <1573>[dd_tuner][FUNC:dd_tuner_task LINE:368]Not Start!
12-31 16:00:01.943 D/DD      ( 1261): <1261>[dd_tuner][FUNC:DD_Tuner_Init LINE:529]Exit Success
12-31 16:00:01.947 D/DD      ( 1261): <1261>[dd_demux][FUNC:DD_Demux_Init LINE:180]Enter
12-31 16:00:01.947 I/MiSysSrv( 1117): [0mtime is 951945
12-31 16:00:01.947 I/MiSysSrv( 1117): [1;32m[MI INFO]: [HWCAPS]:Info: dmx caps has been updated!
12-31 16:00:01.947 I/MiSysSrv( 1117): [0m[1;32m[MI INFO]: [HWCAPS]:Info: video caps has been updated!
12-31 16:00:01.947 I/MiSysSrv( 1117): [0m[1;32m[MI INFO]: [HWCAPS]:Info:audio caps has been updated!
12-31 16:00:01.947 D/DD      ( 1261): dmx caps infor livein = 1, pidfilt = 64, pvr = 1, filein = 1 secfilt = 30, video = 2, audio = 2 !
12-31 16:00:01.947 D/DD      ( 1261): <1261>[dd_demux][FUNC:DD_Demux_Init LINE:369]Exit Success
12-31 16:00:01.951 E/DD      ( 1261): <1261>[dd_utility][FUNC:APP_SignCheck LINE:814]APP_SignCheck check first
12-31 16:00:01.951 E/DD      ( 1261): <1261>[dd_utility][FUNC:ANDROID_SIGN_FLASH_READ LINE:729]data = /system/lib/libDvbServer.so
12-31 16:00:01.951 I/DD      ( 1261): <1261>[dd_utility][FUNC:ANDROID_SIGN_FLASH_READ LINE:768]find signfile.bin in system/
12-31 16:00:01.951 I/DD      ( 1261): <1261>[dd_utility][FUNC:ANDROID_SIGN_FLASH_READ LINE:780]read dvb/signfile.bin data[0xbe,0xbe,0xbe,0ab,0xcd,0x0,0xb4,0x58]
12-31 16:00:01.951 E/DD      ( 1261): <1261>[dd_utility][FUNC:APP_SignCheck LINE:818]APP_SignCheck check success
12-31 16:00:01.951 D/DD      ( 1261): <1261>[dd_utility][FUNC:DD_Platform_Init LINE:648]Exit Success
12-31 16:00:01.951 D/DD      ( 1261): <1261>[dd_video][FUNC:DD_Video_SetWindowSize LINE:765]Enter
12-31 16:00:01.951 E/DD      ( 1261): <1261>[dd_video][FUNC:DD_Video_SetWindowSize LINE:781]param invalid:null
12-31 16:00:01.951 D/DD      ( 1261): <1261>[dd_video][FUNC:DD_Video_SetWindowSize LINE:765]Enter
12-31 16:00:01.951 D/DD      ( 1261): <1261>[dd_video][FUNC:DD_Video_SetWindowSize LINE:783]nVideoIndex = 0,eScreenDevice = 2,new window info--x = 0,y = 0,width = 1920,height = 1080
12-31 16:00:01.951 D/DD      ( 1261): <1261>[dd_video][FUNC:DD_Video_SetWindowSize LINE:792]old window info--x = 0,y = 0,width = 1920,height = 1080
12-31 16:00:01.951 D/DD      ( 1261): <1261>[dd_video][FUNC:DD_Video_SetWindowSize LINE:796]same window info,not need set prop
12-31 16:00:01.951 D/DD      ( 1261): <1261>[dd_video][FUNC:DD_Video_SetWindowSize LINE:797]Exit Success
12-31 16:00:01.951 D/DvbNative( 1261): [1261]<[Initializer, Initialize(), 689]> ### dd initialize ok!!! retryCount=0
12-31 16:00:01.951 D/DvbNative( 1261): [1261]<[Initializer, Initialize(), 694]> ### ===== prepare to call demux initialize =====
12-31 16:00:01.951 D/DD      ( 1261): <1261>[dd_demux][FUNC:DD_Demux_GetCount LINE:81]Enter
12-31 16:00:01.951 D/DD      ( 1261): <1261>[dd_demux][FUNC:DD_Demux_GetCount LINE:84]Exit Success
12-31 16:00:01.951 D/DvbNative( 1261): [1261]<[Demux, Initialize(), 37]> ### available demux count: 1
12-31 16:00:01.951 D/DvbNative( 1261): [1261]<[Demux, Demux(), 63]> ### create demux instance! this=0xb8635490, demuxId=0, priority=0
12-31 16:00:01.951 D/DvbNative( 1261): [1261]<[Demux, Initialize(), 42]> ### create demux ok! demuxId=0
12-31 16:00:01.951 D/DvbNative( 1261): [1261]<[Initializer, Initialize(), 702]> ### ===== prepare to call tuner initialize =====
12-31 16:00:01.951 D/DvbNative( 1261): [1261]<[Tuner, Initialize(), 1466]> ### enter
12-31 16:00:01.951 D/DvbNative( 1261): [1261]<[Tuner, Initialize(), 1482]> ### >>>>>>>>> before initialize tuner's message sub-system >>>>>>>>>
12-31 16:00:01.951 D/DvbNative( 1261): [1261]<[Tuner, Initialize(), 1491]> ### [CFG] MaxAllowedTunerCount=1
12-31 16:00:01.951 D/DvbNative( 1261): [1261]<[Tuner, Initialize(), 1496]> ### [CFG] TunerTuneTimeoutMs=2000
12-31 16:00:01.951 D/DvbNative( 1261): [1261]<[Tuner, Initialize(), 1501]> ### [CFG] TunerTuneLedCtrlMode=0
12-31 16:00:01.951 E/DvbNative( 1261): [1261][01;31m<[ConfigBase, getAsString(), 199]> [error] ### get config value failed! key=TunerAllowRepeatTune[0m
12-31 16:00:01.951 D/DvbNative( 1261): [1261]<[Tuner, Initialize(), 1506]> ### [CFG] TunerAllowRepeatTune=1
12-31 16:00:01.951 D/DvbNative( 1261): [1261]<[Tuner, Initialize(), 1519]> ### <<<<<<<<< after initialize Tuner's message sub-system <<<<<<<<<
12-31 16:00:01.951 D/DvbNative( 1261): [1261]<[Tuner, Initialize(), 1525]> ### >>>>>>>>> before initialize tuner instance(s) >>>>>>>>>
12-31 16:00:01.951 D/DvbNative( 1261): [1261]<[Tuner, Initialize(), 1529]> ### MaxTunerCount=1, needAllocTunerCnt=1
12-31 16:00:01.951 D/DvbNative( 1261): [1261]<[Tuner, Tuner(), 1331]> ### enter! pTuner=0xb8635d10
12-31 16:00:01.951 D/DD      ( 1261): <1261>[dd_tuner][FUNC:DD_Tuner_GetAllDeviceId LINE:981]Enter
