--------- beginning of /dev/log/main
12-31 16:00:01.207 I/installd( 1107): installd firing up
12-31 16:00:01.235 I/DEBUG   ( 1102): debuggerd: Jun  3 2016 11:39:44
12-31 16:00:01.311 V/RMAllocator( 1100): RMAllocator constructor
12-31 16:00:01.379 I/Netd    ( 1101): Netd 1.0 starting
12-31 16:00:01.399 W/InterfaceController( 1101): Warning (dlopen failed: library "/system/lib/libnetcmdiface.so" not found) while opening the net interface command library
--------- beginning of /dev/log/system
12-31 16:00:01.399 I/Vold    ( 1098): Vold 2.1 (the revenge) firing up
12-31 16:00:01.755 I/SurfaceFlinger( 1103): SurfaceFlinger is starting
12-31 16:00:01.755 I/SurfaceFlinger( 1103): SurfaceFlinger's main thread ready to run. Initializing graphics H/W...
12-31 16:00:01.775 D/libEGL  ( 1103): loaded /system/lib/egl/libGLES_mali.so
12-31 16:00:01.815 I/gralloc ( 1103): density = 240
12-31 16:00:01.815 I/apiMMAP ( 1103): Error, not define case... [device/mstar/common/libraries/mutils/mmap.c DoCalculate_Shift 354]
12-31 16:00:01.823 I/apiMMAP ( 1103): get_info: MIU1: not fount
12-31 16:00:01.823 I/apiMMAP ( 1103): get_info: TYPE_NONE: not fount
12-31 16:00:01.823 I/apiMMAP ( 1103): get_info: TYPE_NONE: not fount
12-31 16:00:01.823 I/apiMMAP ( 1103): get_info: MIU1: not fount
12-31 16:00:01.823 I/apiMMAP ( 1103): get_info: TYPE_NONE: not fount
12-31 16:00:01.823 I/apiMMAP ( 1103): get_info: TYPE_NONE: not fount
12-31 16:00:01.823 I/apiMMAP ( 1103): get_info: MIU1: not fount
12-31 16:00:01.823 I/apiMMAP ( 1103): get_info: TYPE_NONE: not fount
12-31 16:00:01.823 I/apiMMAP ( 1103): get_info: TYPE_NONE: not fount
12-31 16:00:01.823 I/apiMMAP ( 1103): get_info: MIU1: not fount
12-31 16:00:01.823 I/apiMMAP ( 1103): get_info: TYPE_NONE: not fount
12-31 16:00:01.823 I/apiMMAP ( 1103): get_info: TYPE_NONE: not fount
12-31 16:00:01.823 I/apiMMAP ( 1103): get_info: MIU1: not fount
12-31 16:00:01.823 I/apiMMAP ( 1103): get_info: TYPE_NONE: not fount
12-31 16:00:01.823 I/apiMMAP ( 1103): get_info: TYPE_NONE: not fount
12-31 16:00:01.823 I/apiMMAP ( 1103): get_info: MIU1: not fount
12-31 16:00:01.823 I/apiMMAP ( 1103): get_info: TYPE_NONE: not fount
12-31 16:00:01.823 I/apiMMAP ( 1103): get_info: TYPE_NONE: not fount
12-31 16:00:01.823 I/apiMMAP ( 1103): get_info: MIU1: not fount
12-31 16:00:01.823 I/apiMMAP ( 1103): get_info: TYPE_NONE: not fount
12-31 16:00:01.823 I/apiMMAP ( 1103): get_info: TYPE_NONE: not fount
12-31 16:00:01.823 I/apiMMAP ( 1103): get_info: MIU1: not fount
12-31 16:00:01.823 I/apiMMAP ( 1103): get_info: TYPE_NONE: not fount
12-31 16:00:01.823 I/apiMMAP ( 1103): get_info: TYPE_NONE: not fount
12-31 16:00:01.823 I/apiMMAP ( 1103): get_info: MIU1: not fount
12-31 16:00:01.823 I/apiMMAP ( 1103): get_info: TYPE_NONE: not fount
12-31 16:00:01.823 I/apiMMAP ( 1103): get_info: TYPE_NONE: not fount
12-31 16:00:01.823 I/apiMMAP ( 1103): get_info: MIU1: not fount
12-31 16:00:01.823 I/apiMMAP ( 1103): get_info: TYPE_NONE: not fount
12-31 16:00:01.823 I/apiMMAP ( 1103): get_info: TYPE_NONE: not fount
12-31 16:00:01.823 I/apiMMAP ( 1103): get_info: MIU1: not fount
12-31 16:00:01.823 I/apiMMAP ( 1103): get_info: TYPE_NONE: not fount
12-31 16:00:01.823 I/apiMMAP ( 1103): get_info: TYPE_NONE: not fount
12-31 16:00:01.823 I/apiMMAP ( 1103): get_info: MIU1: not fount
12-31 16:00:01.823 I/apiMMAP ( 1103): get_info: TYPE_NONE: not fount
12-31 16:00:01.823 I/apiMMAP ( 1103): get_info: TYPE_NONE: not fount
12-31 16:00:01.843 I/        ( 1103): [MSOS_PRINT][003289]     ~!~mappd sharemem   
12-31 16:00:01.843 I/        ( 1103): [MSOS_PRINT][000663]     pthread_mutex_init
12-31 16:00:01.843 I/        ( 1103): [MSOS_PRINT][000665]     CHIP_InitISR
12-31 16:00:01.847 I/        ( 1103): [utopia info] utopia init
12-31 16:00:01.847 I/        ( 1103): [utopia info] register module: MODULE_UTOPIA
12-31 16:00:01.855 I/        ( 1103): [utopia info] register module: MODULE_BDMA
12-31 16:00:01.863 I/        ( 1103): [utopia info] register module: MODULE_AESDMA
12-31 16:00:01.871 I/        ( 1103): [utopia info] register module: MODULE_DSCMB
12-31 16:00:01.871 I/        ( 1103): [utopia info] register module: MODULE_CI
12-31 16:00:01.871 I/        ( 1103): [utopia info] register module: MODULE_GOP
12-31 16:00:01.883 I/        ( 1103): [utopia info] register module: MODULE_GFX
12-31 16:00:01.883 I/        ( 1103): [utopia info] register module: MODULE_TVENCODER
12-31 16:00:01.887 I/        ( 1103): [utopia info] register module: MODULE_XC
12-31 16:00:01.887 I/        ( 1103): [utopia info] register module: MODULE_MBX
12-31 16:00:01.887 D/Vold    ( 1098): major:179 , minor:16 mmcblk0boot0
12-31 16:00:01.887 D/Vold    ( 1098): major:179 , minor:32 mmcblk0boot1
12-31 16:00:01.895 D/Vold    ( 1098): major:179 , minor:0 mmcblk0
12-31 16:00:01.895 D/Vold    ( 1098): major:179 , minor:1 mmcblk0p1
12-31 16:00:01.895 D/Vold    ( 1098): major:179 , minor:2 mmcblk0p2
12-31 16:00:01.903 D/Vold    ( 1098): major:179 , minor:3 mmcblk0p3
12-31 16:00:01.907 I/        ( 1103): [utopia info] register module: MODULE_DIP
12-31 16:00:01.907 D/Vold    ( 1098): major:179 , minor:4 mmcblk0p4
12-31 16:00:01.907 D/Vold    ( 1098): major:179 , minor:5 mmcblk0p5
12-31 16:00:01.911 D/Vold    ( 1098): major:179 , minor:6 mmcblk0p6
12-31 16:00:01.911 D/Vold    ( 1098): major:179 , minor:7 mmcblk0p7
12-31 16:00:01.911 D/Vold    ( 1098): major:179 , minor:8 mmcblk0p8
12-31 16:00:01.915 D/Vold    ( 1098): major:179 , minor:9 mmcblk0p9
12-31 16:00:01.915 D/Vold    ( 1098): major:179 , minor:16 mmcblk0boot0
12-31 16:00:01.915 D/Vold    ( 1098): major:179 , minor:32 mmcblk0boot1
12-31 16:00:01.919 I/        ( 1103): [utopia info] register module: MODULE_PNL
12-31 16:00:01.919 D/Vold    ( 1098): major:179 , minor:10 mmcblk0p10
12-31 16:00:01.919 D/Vold    ( 1098): major:179 , minor:11 mmcblk0p11
12-31 16:00:01.919 D/Vold    ( 1098): major:179 , minor:12 mmcblk0p12
12-31 16:00:01.919 D/Vold    ( 1098): major:179 , minor:13 mmcblk0p13
12-31 16:00:01.931 I/        ( 1103): [utopia info] register module: MODULE_VBI
12-31 16:00:01.931 D/Vold    ( 1098): major:179 , minor:14 mmcblk0p14
12-31 16:00:01.931 D/Vold    ( 1098): major:179 , minor:15 mmcblk0p15
12-31 16:00:01.935 I/        ( 1103): [utopia info] register module: MODULE_ACE
12-31 16:00:01.935 I/        ( 1103): [utopia info] register module: MODULE_DLC
12-31 16:00:01.935 I/        ( 1103): [utopia info] register module: MODULE_IR
12-31 16:00:01.935 I/        ( 1103): [utopia info] register module: MODULE_SAR
12-31 16:00:01.935 I/        ( 1103): [utopia info] register module: MODULE_MIU
12-31 16:00:01.935 I/        ( 1103): [utopia info] register module: MODULE_PWS
12-31 16:00:01.939 I/        ( 1103): [utopia info] register module: MODULE_FLASH
12-31 16:00:01.939 I/        ( 1103): [utopia info] register module: MODULE_SEM
12-31 16:00:01.939 I/        ( 1103): [utopia info] register module: MODULE_SYS
12-31 16:00:01.947 I/        ( 1103): [utopia info] register module: MODULE_VDEC_EX
12-31 16:00:01.955 I/        ( 1103): [utopia info] register module: MODULE_MVOP
12-31 16:00:01.955 I/        ( 1103): [utopia info] register module: MODULE_AVD
12-31 16:00:01.955 I/        ( 1103): [utopia info] register module: MODULE_DMX
12-31 16:00:01.955 I/        ( 1103): [utopia info] register module: MODULE_RTC
12-31 16:00:01.955 I/        ( 1103): [utopia info] register module: MODULE_HWI2C
12-31 16:00:01.955 I/        ( 1103): [utopia info] register module: MODULE_UART
12-31 16:00:01.959 I/        ( 1103): [utopia info] register module: MODULE_PWM
12-31 16:00:01.963 I/        ( 1103): [utopia info] register module: MODULE_NJPEG_EX
12-31 16:00:01.963 I/        ( 1103): [utopia info] register module: MODULE_GPD
12-31 16:00:01.967 I/        ( 1103): [utopia info] register module: MODULE_MFE
12-31 16:00:01.967 I/        ( 1103): [utopia info] register module: MODULE_CPU
12-31 16:00:01.967 I/        ( 1103): [utopia info] register module: MODULE_MSPI
12-31 16:00:01.979 I/        ( 1103): [utopia info] register module: MODULE_DAC
12-31 16:00:01.983 I/        ( 1103): [utopia info] register module: MODULE_GPIO
12-31 16:00:01.983 I/        ( 1103): [MSOS_PRINT][000544]     [MsOS_Init] already inited!
12-31 16:00:01.999 D/        ( 1103): MDrv_PNL_Init u32PnlRiuBaseAddr = b599a000
12-31 16:00:01.999 D/        ( 1103): MDrv_PNL_Init u32PMRiuBaseAddr = b5a62000
12-31 16:00:02.051 I/fbdev   ( 1103): fbdev_getMaskPhyAdr MIU0 mask=1fffffff
12-31 16:00:02.051 I/fbdev   ( 1103): gfx_Init invoked maskPhyAddr=1fffffff
12-31 16:00:02.055 I/fbdev   ( 1103): GOP FB in miu0 0x1d310000, map to 0xb2eb1000
12-31 16:00:02.055 I/gralloc ( 1103): info.reserved[0] = 1920, info.reserved[1] = 1080
12-31 16:00:02.059 I/[Gralloc]( 1103): using (fd=24)
12-31 16:00:02.059 I/[Gralloc]( 1103): id           = MSTAR VFB
12-31 16:00:02.059 I/[Gralloc]( 1103): xres         = 1920 px
12-31 16:00:02.059 I/[Gralloc]( 1103): yres         = 1080 px
12-31 16:00:02.059 I/[Gralloc]( 1103): xres_virtual = 1920 px
12-31 16:00:02.059 I/[Gralloc]( 1103): yres_virtual = 3240 px
12-31 16:00:02.059 I/[Gralloc]( 1103): bpp          = 32
12-31 16:00:02.059 I/[Gralloc]( 1103): r            =  0:8
12-31 16:00:02.059 I/[Gralloc]( 1103): g            =  8:8
12-31 16:00:02.059 I/[Gralloc]( 1103): b            = 16:8
12-31 16:00:02.059 I/[Gralloc]( 1103): width        = 203 mm (240.236450 dpi)
12-31 16:00:02.059 I/[Gralloc]( 1103): height       = 114 mm (240.631577 dpi)
12-31 16:00:02.059 I/[Gralloc]( 1103): refresh rate = 59.88 Hz
12-31 16:00:02.083 I/tvos    ( 1118): start main #0
12-31 16:00:02.083 I/tvos    ( 1118): main,line=221,mstar.disable.bootlogo = -1097545016, wating mstar.disable.bootlogo ... yangxk
12-31 16:00:02.111 I/MiSysSrv( 1117): mapi_str m_SkiaDecodeMutex = 320
12-31 16:00:02.119 D/        ( 1103): MDrv_PNL_Init u32PnlRiuBaseAddr = b599a000
12-31 16:00:02.119 D/        ( 1103): MDrv_PNL_Init u32PMRiuBaseAddr = b5a62000
12-31 16:00:02.123 D/hwcomposer( 1103): the mstar.fakevsync.freq is 60
12-31 16:00:02.123 D/hwcomposer( 1103): model:m_pModuleName=/config/module/Customer_Module.ini
12-31 16:00:02.135 D/hwcomposer( 1103): ursaVsersion=0
12-31 16:00:02.135 E/hwcomposer( 1103): initResolution resolution = DACOUT_1080I_50
12-31 16:00:02.135 E/hwcomposer( 1103): curTimingWidth =1920,curTimingHeight =1080, panelHStart=192
12-31 16:00:02.135 I/        ( 1122): [MSOS_PRINT][003289]     ~!~mappd sharemem  @ 
12-31 16:00:02.135 I/        ( 1122): [MSOS_PRINT][000663]     pthread_mutex_init
12-31 16:00:02.135 I/        ( 1122): [MSOS_PRINT][000665]     CHIP_InitISR
12-31 16:00:02.135 I/        ( 1122): [utopia info] utopia init
12-31 16:00:02.135 I/        ( 1122): [utopia info] register module: MODULE_UTOPIA
12-31 16:00:02.135 I/        ( 1122): [utopia info] register module: MODULE_BDMA
12-31 16:00:02.135 I/        ( 1122): [utopia info] register module: MODULE_AESDMA
12-31 16:00:02.135 I/        ( 1122): [utopia info] register module: MODULE_DSCMB
12-31 16:00:02.135 I/        ( 1122): [utopia info] register module: MODULE_CI
12-31 16:00:02.139 D/        ( 1103): 
12-31 16:00:02.139 D/        ( 1103): [GOP INFO] gop open
12-31 16:00:02.139 I/        ( 1122): [utopia info] register module: MODULE_GOP
12-31 16:00:02.139 I/        ( 1122): [utopia info] register module: MODULE_GFX
12-31 16:00:02.139 I/MiSysSrv( 1117): ==time== MiCreate entry at [    2.133912]s
12-31 16:00:02.139 I/MiSysSrv( 1117): shmem buffer MI_SYSCFG_SHMEM size is 456448
12-31 16:00:02.139 D/        ( 1103): 
12-31 16:00:02.139 D/        ( 1103): ---GOP_ResetGOP 4214: Try DestroyWIN's FB[1], return[1]
12-31 16:00:02.139 I/        ( 1122): [utopia info] register module: MODULE_TVENCODER
12-31 16:00:02.139 D/        ( 1103): 
12-31 16:00:02.139 D/        ( 1103): ---GOP_ResetGOP 4214: Try DestroyWIN's FB[2], return[1]
12-31 16:00:02.139 D/        ( 1103): 
12-31 16:00:02.139 D/        ( 1103): ---GOP_ResetGOP 4214: Try DestroyWIN's FB[3], return[1]
12-31 16:00:02.139 D/        ( 1103): 
12-31 16:00:02.139 D/        ( 1103): ---GOP_ResetGOP 4214: Try DestroyWIN's FB[4], return[1]
12-31 16:00:02.139 D/        ( 1103): 
12-31 16:00:02.139 D/        ( 1103): ---GOP_ResetGOP 4214: Try DestroyWIN's FB[5], return[1]
12-31 16:00:02.139 D/        ( 1103): 
12-31 16:00:02.139 D/        ( 1103): ---GOP_ResetGOP 4214: Try DestroyWIN's FB[6], return[1]
12-31 16:00:02.139 D/        ( 1103): 
12-31 16:00:02.139 D/        ( 1103): ---GOP_ResetGOP 4214: Try DestroyWIN's FB[7], return[1]
12-31 16:00:02.139 D/        ( 1103): 
12-31 16:00:02.139 D/        ( 1103): ---GOP_ResetGOP 4214: Try DestroyWIN's FB[8], return[1]
12-31 16:00:02.139 D/        ( 1103): 
12-31 16:00:02.139 D/        ( 1103): ---GOP_ResetGOP 4214: Try DestroyWIN's FB[9], return[1]
12-31 16:00:02.139 D/        ( 1103): 
12-31 16:00:02.139 D/        ( 1103): ---GOP_ResetGOP 4214: Try DestroyWIN's FB[10], return[1]
12-31 16:00:02.139 D/        ( 1103): 
12-31 16:00:02.139 D/        ( 1103): ---GOP_ResetGOP 4214: Try DestroyWIN's FB[11], return[1]
12-31 16:00:02.139 D/        ( 1103): 
12-31 16:00:02.139 D/        ( 1103): ---GOP_ResetGOP 4214: Try DestroyWIN's FB[12], return[1]
12-31 16:00:02.139 D/        ( 1103): 
12-31 16:00:02.139 D/        ( 1103): ---GOP_ResetGOP 4214: Try DestroyWIN's FB[13], return[1]
12-31 16:00:02.139 D/        ( 1103): 
12-31 16:00:02.139 D/        ( 1103): ---GOP_ResetGOP 4214: Try DestroyWIN's FB[14], return[1]
12-31 16:00:02.139 D/        ( 1103): 
12-31 16:00:02.139 D/        ( 1103): ---GOP_ResetGOP 4214: Try DestroyWIN's FB[15], return[1]
12-31 16:00:02.139 D/        ( 1103): 
12-31 16:00:02.139 D/        ( 1103): ---GOP_ResetGOP 4214: Try DestroyWIN's FB[16], return[1]
12-31 16:00:02.139 D/        ( 1103): 
12-31 16:00:02.139 D/        ( 1103): ---GOP_ResetGOP 4214: Try DestroyWIN's FB[17], return[1]
12-31 16:00:02.139 D/        ( 1103): 
12-31 16:00:02.139 D/        ( 1103): ---GOP_ResetGOP 4214: Try DestroyWIN's FB[18], return[1]
12-31 16:00:02.139 D/        ( 1103): 
12-31 16:00:02.139 D/        ( 1103): ---GOP_ResetGOP 4214: Try DestroyWIN's FB[19], return[1]
12-31 16:00:02.139 D/        ( 1103): 
12-31 16:00:02.139 D/        ( 1103): ---GOP_ResetGOP 4214: Try DestroyWIN's FB[20], return[1]
12-31 16:00:02.139 D/        ( 1103): 
12-31 16:00:02.139 D/        ( 1103): ---GOP_ResetGOP 4214: Try DestroyWIN's FB[21], return[1]
12-31 16:00:02.139 D/        ( 1103): 
12-31 16:00:02.139 D/        ( 1103): ---GOP_ResetGOP 4214: Try DestroyWIN's FB[22], return[1]
12-31 16:00:02.139 D/        ( 1103): 
12-31 16:00:02.139 D/        ( 1103): ---GOP_ResetGOP 4214: Try DestroyWIN's FB[23], return[1]
12-31 16:00:02.139 D/        ( 1103): 
12-31 16:00:02.139 D/        ( 1103): ---GOP_ResetGOP 4214: Try DestroyWIN's FB[24], return[1]
12-31 16:00:02.139 D/        ( 1103): 
12-31 16:00:02.139 D/        ( 1103): ---GOP_ResetGOP 4214: Try DestroyWIN's FB[25], return[1]
12-31 16:00:02.139 D/        ( 1103): 
12-31 16:00:02.139 D/        ( 1103): ---GOP_ResetGOP 4214: Try DestroyWIN's FB[26], return[1]
12-31 16:00:02.139 D/        ( 1103): 
12-31 16:00:02.139 D/        ( 1103): ---GOP_ResetGOP 4214: Try DestroyWIN's FB[27], return[1]
12-31 16:00:02.139 D/        ( 1103): 
12-31 16:00:02.139 D/        ( 1103): ---GOP_ResetGOP 4214: Try DestroyWIN's FB[28], return[1]
12-31 16:00:02.139 D/        ( 1103): 
12-31 16:00:02.139 D/        ( 1103): ---GOP_ResetGOP 4214: Try DestroyWIN's FB[29], return[1]
12-31 16:00:02.139 D/        ( 1103): 
12-31 16:00:02.139 D/        ( 1103): ---GOP_ResetGOP 4214: Try DestroyWIN's FB[30], return[1]
12-31 16:00:02.139 D/        ( 1103): 
12-31 16:00:02.139 D/        ( 1103): ---GOP_ResetGOP 4214: Try DestroyWIN's FB[31], return[1]
12-31 16:00:02.139 D/hwcomposer( 1103): HWWindowInfo[0]: gop = 2, gwin = 2
12-31 16:00:02.143 I/        ( 1122): [utopia info] register module: MODULE_XC
12-31 16:00:02.143 I/        ( 1122): [utopia info] register module: MODULE_MBX
12-31 16:00:02.143 I/        ( 1122): [utopia info] register module: MODULE_DIP
12-31 16:00:02.147 I/        ( 1122): [utopia info] register module: MODULE_PNL
12-31 16:00:02.147 I/        ( 1122): [utopia info] register module: MODULE_VBI
12-31 16:00:02.147 I/        ( 1122): [utopia info] register module: MODULE_ACE
12-31 16:00:02.147 I/        ( 1122): [utopia info] register module: MODULE_DLC
12-31 16:00:02.147 I/        ( 1122): [utopia info] register module: MODULE_IR
12-31 16:00:02.155 I/        ( 1122): [utopia info] register module: MODULE_SAR
12-31 16:00:02.155 I/MiSysSrv( 1117): [35mFunction = SARRegisterToUtopia, Line = 1907, SAR Register finished[m
12-31 16:00:02.155 I/        ( 1122): [utopia info] register module: MODULE_MIU
12-31 16:00:02.155 I/        ( 1122): [utopia info] register module: MODULE_PWS
12-31 16:00:02.155 I/MiSysSrv( 1117): [35mFunction = PWSRegisterToUtopia, Line = 436, PWS Register finished[m
12-31 16:00:02.155 I/        ( 1122): [utopia info] register module: MODULE_FLASH
12-31 16:00:02.155 I/        ( 1122): [utopia info] register module: MODULE_SEM
12-31 16:00:02.155 I/        ( 1122): [utopia info] register module: MODULE_SYS
12-31 16:00:02.155 I/        ( 1122): [utopia info] register module: MODULE_VDEC_EX
12-31 16:00:02.155 I/        ( 1122): [utopia info] register module: MODULE_MVOP
12-31 16:00:02.155 I/        ( 1122): [utopia info] register module: MODULE_AVD
12-31 16:00:02.155 I/        ( 1122): [utopia info] register module: MODULE_DMX
12-31 16:00:02.159 I/        ( 1122): [utopia info] register module: MODULE_RTC
12-31 16:00:02.159 I/        ( 1122): [utopia info] register module: MODULE_HWI2C
12-31 16:00:02.159 I/        ( 1122): [utopia info] register module: MODULE_UART
12-31 16:00:02.159 I/        ( 1122): [utopia info] register module: MODULE_PWM
12-31 16:00:02.159 D/hwcomposer( 1103): OSD Mirror Enable = 0, Mirror Type = 0
12-31 16:00:02.159 I/        ( 1122): [utopia info] register module: MODULE_NJPEG_EX
12-31 16:00:02.159 D/        ( 1103): 
12-31 16:00:02.159 D/        ( 1103): ---GOP_ResetGOP 4214: Try DestroyWIN's FB[1], return[1]
12-31 16:00:02.159 D/        ( 1103): 
12-31 16:00:02.159 D/        ( 1103): ---GOP_ResetGOP 4214: Try DestroyWIN's FB[2], return[1]
12-31 16:00:02.159 D/        ( 1103): 
12-31 16:00:02.159 D/        ( 1103): ---GOP_ResetGOP 4214: Try DestroyWIN's FB[3], return[1]
12-31 16:00:02.159 D/        ( 1103): 
12-31 16:00:02.159 D/        ( 1103): ---GOP_ResetGOP 4214: Try DestroyWIN's FB[4], return[1]
12-31 16:00:02.159 D/        ( 1103): 
12-31 16:00:02.159 D/        ( 1103): ---GOP_ResetGOP 4214: Try DestroyWIN's FB[5], return[1]
12-31 16:00:02.159 D/        ( 1103): 
12-31 16:00:02.159 D/        ( 1103): ---GOP_ResetGOP 4214: Try DestroyWIN's FB[6], return[1]
12-31 16:00:02.159 D/        ( 1103): 
12-31 16:00:02.159 D/        ( 1103): ---GOP_ResetGOP 4214: Try DestroyWIN's FB[7], return[1]
12-31 16:00:02.159 D/        ( 1103): 
12-31 16:00:02.159 D/        ( 1103): ---GOP_ResetGOP 4214: Try DestroyWIN's FB[8], return[1]
12-31 16:00:02.159 D/        ( 1103): 
12-31 16:00:02.159 D/        ( 1103): ---GOP_ResetGOP 4214: Try DestroyWIN's FB[9], return[1]
12-31 16:00:02.159 D/        ( 1103): 
12-31 16:00:02.159 D/        ( 1103): ---GOP_ResetGOP 4214: Try DestroyWIN's FB[10], return[1]
12-31 16:00:02.159 D/        ( 1103): 
12-31 16:00:02.159 D/        ( 1103): ---GOP_ResetGOP 4214: Try DestroyWIN's FB[11], return[1]
12-31 16:00:02.159 D/        ( 1103): 
12-31 16:00:02.159 D/        ( 1103): ---GOP_ResetGOP 4214: Try DestroyWIN's FB[12], return[1]
12-31 16:00:02.159 D/        ( 1103): 
12-31 16:00:02.159 D/        ( 1103): ---GOP_ResetGOP 4214: Try DestroyWIN's FB[13], return[1]
12-31 16:00:02.159 D/        ( 1103): 
12-31 16:00:02.159 D/        ( 1103): ---GOP_ResetGOP 4214: Try DestroyWIN's FB[14], return[1]
12-31 16:00:02.159 D/        ( 1103): 
12-31 16:00:02.159 D/        ( 1103): ---GOP_ResetGOP 4214: Try DestroyWIN's FB[15], return[1]
12-31 16:00:02.159 D/        ( 1103): 
12-31 16:00:02.159 D/        ( 1103): ---GOP_ResetGOP 4214: Try DestroyWIN's FB[16], return[1]
12-31 16:00:02.159 D/        ( 1103): 
12-31 16:00:02.159 D/        ( 1103): ---GOP_ResetGOP 4214: Try DestroyWIN's FB[17], return[1]
12-31 16:00:02.159 D/        ( 1103): 
12-31 16:00:02.159 D/        ( 1103): ---GOP_ResetGOP 4214: Try DestroyWIN's FB[18], return[1]
12-31 16:00:02.159 D/        ( 1103): 
12-31 16:00:02.159 D/        ( 1103): ---GOP_ResetGOP 4214: Try DestroyWIN's FB[19], return[1]
12-31 16:00:02.159 D/        ( 1103): 
12-31 16:00:02.159 D/        ( 1103): ---GOP_ResetGOP 4214: Try DestroyWIN's FB[20], return[1]
12-31 16:00:02.159 D/        ( 1103): 
12-31 16:00:02.159 D/        ( 1103): ---GOP_ResetGOP 4214: Try DestroyWIN's FB[21], return[1]
12-31 16:00:02.159 D/        ( 1103): 
12-31 16:00:02.159 D/        ( 1103): ---GOP_ResetGOP 4214: Try DestroyWIN's FB[22], return[1]
12-31 16:00:02.159 D/        ( 1103): 
12-31 16:00:02.159 D/        ( 1103): ---GOP_ResetGOP 4214: Try DestroyWIN's FB[23], return[1]
12-31 16:00:02.159 D/        ( 1103): 
12-31 16:00:02.159 D/        ( 1103): ---GOP_ResetGOP 4214: Try DestroyWIN's FB[24], return[1]
12-31 16:00:02.159 D/        ( 1103): 
12-31 16:00:02.159 D/        ( 1103): ---GOP_ResetGOP 4214: Try DestroyWIN's FB[25], return[1]
12-31 16:00:02.159 D/        ( 1103): 
12-31 16:00:02.159 D/        ( 1103): ---GOP_ResetGOP 4214: Try DestroyWIN's FB[26], return[1]
12-31 16:00:02.159 D/        ( 1103): 
12-31 16:00:02.159 D/        ( 1103): ---GOP_ResetGOP 4214: Try DestroyWIN's FB[27], return[1]
12-31 16:00:02.159 D/        ( 1103): 
12-31 16:00:02.159 D/        ( 1103): ---GOP_ResetGOP 4214: Try DestroyWIN's FB[28], return[1]
12-31 16:00:02.159 D/        ( 1103): 
12-31 16:00:02.159 D/        ( 1103): ---GOP_ResetGOP 4214: Try DestroyWIN's FB[29], return[1]
12-31 16:00:02.159 D/        ( 1103): 
12-31 16:00:02.159 D/        ( 1103): ---GOP_ResetGOP 4214: Try DestroyWIN's FB[30], return[1]
12-31 16:00:02.159 D/        ( 1103): 
12-31 16:00:02.159 D/        ( 1103): ---GOP_ResetGOP 4214: Try DestroyWIN's FB[31], return[1]
12-31 16:00:02.159 D/hwcomposer( 1103): HWWindowInfo[1]: gop = 0, gwin = 0
12-31 16:00:02.159 D/hwcomposer( 1103): OSD Mirror Enable = 0, Mirror Type = 0
12-31 16:00:02.163 I/        ( 1122): [utopia info] register module: MODULE_GPD
12-31 16:00:02.163 I/MiSysSrv( 1117): MFERegisterToUtopia
12-31 16:00:02.163 I/        ( 1122): [utopia info] register module: MODULE_MFE
12-31 16:00:02.163 I/        ( 1122): [utopia info] register module: MODULE_CPU
12-31 16:00:02.163 I/        ( 1122): [utopia info] register module: MODULE_MSPI
12-31 16:00:02.163 I/        ( 1122): [utopia info] register module: MODULE_DAC
12-31 16:00:02.167 I/        ( 1122): [utopia info] register module: MODULE_GPIO
12-31 16:00:02.167 D/hwcomposer( 1103): DirectFBRC:DFBRC_LAYER0_GOPINDEX
12-31 16:00:02.167 D/hwcomposer( 1103): the layer0  gop index is 1
12-31 16:00:02.167 D/hwcomposer( 1103): DirectFBRC:DFBRC_LAYER1_GOPINDEX
12-31 16:00:02.167 D/hwcomposer( 1103): the layer1  gop index is 3
12-31 16:00:02.167 D/hwcomposer( 1103): DirectFBRC:DFBRC_LAYER2_GOPINDEX
12-31 16:00:02.167 D/hwcomposer( 1103): the layer2  gop index is 2
12-31 16:00:02.167 D/hwcomposer( 1103): DirectFBRC:DFBRC_LAYER3_GOPINDEX
12-31 16:00:02.167 D/hwcomposer( 1103): the layer3  gop index is 0
12-31 16:00:02.167 D/hwcomposer( 1103): DirectFBRC:DFBRC_LAYER4_GOPINDEX
12-31 16:00:02.167 D/hwcomposer( 1103): the layer4  gop index is 4
12-31 16:00:02.167 D/        ( 1103): 
12-31 16:00:02.167 D/        ( 1103): [MDrv_GOP_GWIN_SetMux] not support gop4 in this chip version!!
12-31 16:00:02.167 D/hwcomposer( 1103): MApi_GOP_GWIN_SetLayer  success platform_init_primary_by_ini(1528)
12-31 16:00:02.167 I/apiMMAP ( 1103): get_info: E_MMAP_ID_CMDQ: not fount
12-31 16:00:02.167 D/hwcomposer( 1103): there is no E_MMAP_ID_CMDQ in mmap.ini
12-31 16:00:02.171 D/        ( 1103): [35mFunction = MDrv_CMDQ_Gen_WaitTrigger_Bus_Command, Line = 861, get a WaitTrigger_Bus_Command[m
12-31 16:00:02.171 D/        ( 1103): [35mFunction = MDrv_CMDQ_Receive, Line = 455, get Memory_Start_Address from shm failed[m
12-31 16:00:02.179 I/MiSysSrv( 1117): [0]->m_pMmap_id is E_MMAP_ID_DUMMY2
12-31 16:00:02.179 I/MiSysSrv( 1117): [1]->m_pMmap_id is E_MMAP_ID_PM51_USAGE_MEM
12-31 16:00:02.179 I/MiSysSrv( 1117): [2]->m_pMmap_id is E_MMAP_ID_PM51_VAR_MEM
12-31 16:00:02.179 I/MiSysSrv( 1117): [3]->m_pMmap_id is E_MMAP_ID_DMX_VQUEUE
12-31 16:00:02.179 I/MiSysSrv( 1117): [4]->m_pMmap_id is E_LX_MEM
12-31 16:00:02.179 I/MiSysSrv( 1117): [5]->m_pMmap_id is E_EMAC_MEM
12-31 16:00:02.179 I/MiSysSrv( 1117): [6]->m_pMmap_id is E_MMAP_ID_DMX_SECBUF
12-31 16:00:02.179 I/MiSysSrv( 1117): [7]->m_pMmap_id is E_MMAP_ID_MBOOT_MEM_USAGE
12-31 16:00:02.179 I/MiSysSrv( 1117): [8]->m_pMmap_id is E_MMAP_ID_MBOOT_LOAD
12-31 16:00:02.179 I/MiSysSrv( 1117): [9]->m_pMmap_id is E_MMAP_ID_MBOOT_MB
12-31 16:00:02.179 I/MiSysSrv( 1117): [10]->m_pMmap_id is E_MMAP_ID_MBOOT_USB
12-31 16:00:02.179 I/MiSysSrv( 1117): [11]->m_pMmap_id is E_MMAP_ID_XC_MAIN_FB
12-31 16:00:02.179 I/MiSysSrv( 1117): [12]->m_pMmap_id is E_DFB_JPD_READ
12-31 16:00:02.179 I/MiSysSrv( 1117): [13]->m_pMmap_id is E_DFB_JPD_INTERNAL
12-31 16:00:02.179 I/MiSysSrv( 1117): [14]->m_pMmap_id is E_DFB_JPD_WRITE
12-31 16:00:02.179 I/MiSysSrv( 1117): [15]->m_pMmap_id is E_MMAP_ID_MAD_R2
12-31 16:00:02.179 I/MiSysSrv( 1117): [16]->m_pMmap_id is E_MMAP_ID_MAD_SE
12-31 16:00:02.179 I/MiSysSrv( 1117): [17]->m_pMmap_id is E_MMAP_ID_MAD_COMMON
12-31 16:00:02.179 I/MiSysSrv( 1117): [18]->m_pMmap_id is E_MMAP_ID_DUMMY1
12-31 16:00:02.179 I/MiSysSrv( 1117): [19]->m_pMmap_id is E_MMAP_ID_PHOTO_DISPLAY
12-31 16:00:02.179 I/MiSysSrv( 1117): [20]->m_pMmap_id is E_MMAP_ID_PHOTO_SHAREMEM
12-31 16:00:02.179 I/MiSysSrv( 1117): [21]->m_pMmap_id is E_MMAP_ID_JPD_READ
12-31 16:00:02.179 I/MiSysSrv( 1117): [22]->m_pMmap_id is E_MMAP_ID_JPD_WRITE
12-31 16:00:02.179 I/MiSysSrv( 1117): [23]->m_pMmap_id is E_MMAP_ID_PHOTO_INTER
12-31 16:00:02.179 I/MiSysSrv( 1117): [24]->m_pMmap_id is E_MMAP_ID_VDPLAYER_DATA
12-31 16:00:02.179 I/MiSysSrv( 1117): [25]->m_pMmap_id is E_MMAP_ID_VDPLAYER_SUBTITLE_BITSTREAM_BUFF
12-31 16:00:02.179 I/MiSysSrv( 1117): [26]->m_pMmap_id is E_MMAP_ID_VDPLAYER_BITSTREAM
12-31 16:00:02.179 I/MiSysSrv( 1117): [27]->m_pMmap_id is E_MMAP_ID_VDPLAYER_BITSTREAM_EXT
12-31 16:00:02.179 I/MiSysSrv( 1117): [28]->m_pMmap_id is E_MMAP_ID_MM_SUBTITLE_BUFFER
12-31 16:00:02.179 I/MiSysSrv( 1117): [29]->m_pMmap_id is E_PUMABOOT_MEM
12-31 16:00:02.179 I/MiSysSrv( 1117): [30]->m_pMmap_id is E_MMAP_ID_MFE
12-31 16:00:02.179 I/MiSysSrv( 1117): [31]->m_pMmap_id is E_BOOTVIDEO_MEM
12-31 16:00:02.179 I/MiSysSrv( 1117): [32]->m_pMmap_id is E_MMAP_ID_CAMERA
12-31 16:00:02.179 I/MiSysSrv( 1117): [33]->m_pMmap_id is E_DFB_FRAMEBUFFER
12-31 16:00:02.179 I/MiSysSrv( 1117): [34]->m_pMmap_id is E_MMAP_ID_GOP_FB
12-31 16:00:02.179 I/MiSysSrv( 1117): [35]->m_pMmap_id is E_MMAP_ID_HW_AES_BUF
12-31 16:00:02.179 I/MiSysSrv( 1117): [36]->m_pMmap_id is E_SECURE_UPDATE_AREA
12-31 16:00:02.179 I/MiSysSrv( 1117): [37]->m_pMmap_id is E_MMAP_ID_DUMMY3
12-31 16:00:02.179 I/MiSysSrv( 1117): [38]->m_pMmap_id is E_LX_MEM2
12-31 16:00:02.179 I/MiSysSrv( 1117): [39]->m_pMmap_id is E_MMAP_ID_VDEC_CPU
12-31 16:00:02.179 I/MiSysSrv( 1117): [40]->m_pMmap_id is E_MMAP_ID_VDEC_BITSTREAM
12-31 16:00:02.179 I/MiSysSrv( 1117): [41]->m_pMmap_id is E_MMAP_ID_VE
12-31 16:00:02.179 I/MiSysSrv( 1117): [42]->m_pMmap_id is E_MMAP_ID_CC
12-31 16:00:02.179 I/MiSysSrv( 1117): [43]->m_pMmap_id is E_MMAP_ID_XC_MLOAD
12-31 16:00:02.179 I/MiSysSrv( 1117): [44]->m_pMmap_id is E_MMAP_ID_XC_DS
12-31 16:00:02.179 I/MiSysSrv( 1117): [45]->m_pMmap_id is E_MST_GOP_REGDMA
12-31 16:00:02.179 I/MiSysSrv( 1117): [46]->m_pMmap_id is E_MST_GEVQ
12-31 16:00:02.179 I/MiSysSrv( 1117): [47]->m_pMmap_id is E_MMAP_ID_VDEC_SHARE_MEM
12-31 16:00:02.179 I/MiSysSrv( 1117): [48]->m_pMmap_id is E_MMAP_ID_DUMMY4
12-31 16:00:02.183 I/tvos    ( 1118): main,line=221,mstar.disable.bootlogo = -1097545016, wating mstar.disable.bootlogo ... yangxk
12-31 16:00:02.203 I/MiSysSrv( 1117): [WARNING][MsOS_MPool_Mapping] Mapping size should not <= 0 !!!!! 
12-31 16:00:02.203 I/MiSysSrv( 1117): MPool Get Error 2!!
12-31 16:00:02.239 I/MiSysSrv( 1117): old signal handler = 0xb6fc9a71
12-31 16:00:02.239 I/MiSysSrv( 1117): ==time== mi_set_systeminfo before SetSystemInfo at [    2.241925]s
12-31 16:00:02.247 W/linker  ( 1106): libgnustl_shared.so has text relocations. This is wasting memory and is a security risk. Please fix.
12-31 16:00:02.255 I/MiSysSrv( 1117): run command = /tvservice/applications/bin/dfb_daemon,28
12-31 16:00:02.259 I/MiSysSrv( 1117): ==time== server MiSysSrv start at [    2.260951]s
12-31 16:00:02.259 I/MiSysSrv( 1117): [1;31m  MI sys  init-chk#0 [0m
12-31 16:00:02.259 I/        ( 1260): [MSOS_PRINT][000544]     [MsOS_Init] already inited!
12-31 16:00:02.259 I/MiSysSrv( 1117): [MIU INFO] miu open
12-31 16:00:02.263 I/MiSysSrv( 1117): [1;31m  MI sys  init-chk#1 [0m
12-31 16:00:02.263 I/MiSysSrv( 1117): [1;31m  MI sys  init-chk#2[0m
12-31 16:00:02.267 I/MiSysSrv( 1117): 006473100086
12-31 16:00:02.267 I/MiSysSrv( 1117): Auth OK
12-31 16:00:02.267 I/MiSysSrv( 1117): HAL_SYS_Query Not Implement! ID: 0x0
12-31 16:00:02.267 I/MiSysSrv( 1117): HAL_SYS_Query Not Implement! ID: 0x10
12-31 16:00:02.267 I/MiSysSrv( 1117): [1;31m  MI sys  init-chk#end[0m
12-31 16:00:02.267 I/MiSysSrv( 1117): ==time== server MiSysSrv  MI_IMPL_SYS_Init end at [    2.270016]s
12-31 16:00:02.271 I/MiSysSrv( 1117): ==============BootTime CheckPoint=================
12-31 16:00:02.271 D/        ( 1103): [0;36m   HAL_GOP_CMDQ_EndDraw:3068  timeout = 101 org = 0 target = 1[m 
12-31 16:00:02.283 I/tvos    ( 1118): main,line=221,mstar.disable.bootlogo = -1097545016, wating mstar.disable.bootlogo ... yangxk
12-31 16:00:02.291 D/hwcomposer( 1103): [platform_init_primary_by_ini][1560]PanelWidth=0x780;PanelHeight=0x438; UrsaVersion=0; panelType=1
12-31 16:00:02.291 D/        ( 1103): [35mFunction = MDrv_CMDQ_Gen_WaitTrigger_Bus_Command, Line = 861, get a WaitTrigger_Bus_Command[m
12-31 16:00:02.291 D/        ( 1103): [35mFunction = MDrv_CMDQ_Receive, Line = 455, get Memory_Start_Address from shm failed[m
12-31 16:00:02.291 I/MiSysSrv( 1117): LD_LIBRARY_PATH = LD_LIBRARY_PATH=/lib:/tvservice/conflictlib:/tvservice/mslib/utopia:/tvservice/mslib:/config,42
12-31 16:00:02.335 I/MiSysSrv( 1117): iniparser: cannot open /config/Pip/PipModeTable.ini
12-31 16:00:02.335 I/MiSysSrv( 1117): iniparser: cannot open /config/Pip/PopModeTable.ini
12-31 16:00:02.335 I/MiSysSrv( 1117): iniparser: cannot open /config/Pip/TravelingModeTable.ini
12-31 16:00:02.335 I/MiSysSrv( 1117): ===use default eep type setting==
12-31 16:00:02.335 I/MiSysSrv( 1117):  ======== SYSTEM_INFO_ENABLE Start ==========
12-31 16:00:02.335 I/MiSysSrv( 1117):   = SetPanelInfo= 
12-31 16:00:02.335 I/MiSysSrv( 1117): ************************Panel Table Start*****************************
12-31 16:00:02.335 I/MiSysSrv( 1117): mapi_base::m_PanelConf.nSize = 22 
12-31 16:00:02.335 I/MiSysSrv( 1117): DACOUT_480P_60
12-31 16:00:02.335 I/MiSysSrv( 1117): DACOUT_576P_50
12-31 16:00:02.335 I/MiSysSrv( 1117): DACOUT_720P_50
12-31 16:00:02.335 I/MiSysSrv( 1117): DACOUT_720P_60
12-31 16:00:02.335 I/MiSysSrv( 1117): DACOUT_1080P_50
12-31 16:00:02.335 I/MiSysSrv( 1117): DACOUT_1080P_60
12-31 16:00:02.335 I/MiSysSrv( 1117): DACOUT_480I_60
12-31 16:00:02.335 I/MiSysSrv( 1117): DACOUT_576I_50
12-31 16:00:02.335 I/MiSysSrv( 1117): DACOUT_1080I_60
12-31 16:00:02.335 I/MiSysSrv( 1117): DACOUT_1080I_50
12-31 16:00:02.335 I/MiSysSrv( 1117): DACOUT_1080P_30
12-31 16:00:02.335 I/MiSysSrv( 1117): DACOUT_1080P_25
12-31 16:00:02.335 I/MiSysSrv( 1117): DACOUT_1080P_24
12-31 16:00:02.335 I/MiSysSrv( 1117): DACOUT_640X480P_60
12-31 16:00:02.335 I/MiSysSrv( 1117): DACOUT_2205P_24
12-31 16:00:02.335 I/MiSysSrv( 1117): DACOUT_1470P_50
12-31 16:00:02.335 I/MiSysSrv( 1117): DACOUT_1470P_60
12-31 16:00:02.335 I/MiSysSrv( 1117): DACOUT_4K2KP_24
12-31 16:00:02.335 I/MiSysSrv( 1117): DACOUT_4K2KP_25
12-31 16:00:02.335 I/MiSysSrv( 1117): DACOUT_4K2KP_30
12-31 16:00:02.335 I/MiSysSrv( 1117): DACOUT_4K2KP_50
12-31 16:00:02.335 I/MiSysSrv( 1117): DACOUT_4K2KP_60
12-31 16:00:02.335 I/MiSysSrv( 1117): ************************Panel Table End*******************************
12-31 16:00:02.335 I/MiSysSrv( 1117): mapi_syscfg_fetch::SetPanelInfoCfg m_pPanelName = DACOUT_1080I_50
12-31 16:00:02.335 I/MiSysSrv( 1117): [PTHREAD] /net/szswork04/work/highyun.nie/saike/mi/MI_source/mi_sdk/src/utility/mapi_utility.cpp: 107: pthread_mutex_lock_tracker(m_mutScopeLock,function_name,line): Resource deadlock would occur
12-31 16:00:02.335 I/MiSysSrv( 1117): [PTHREAD] /net/szswork04/work/highyun.nie/saike/mi/MI_source/mi_sdk/src/utility/mapi_utility.cpp: 112: pthread_mutex_unlock(m_mutScopeLock): Operation not permitted
12-31 16:00:02.335 I/MiSysSrv( 1117):   = SetTVParam = 
12-31 16:00:02.335 I/MiSysSrv( 1117): iniparser: cannot open /config/Pip/TunerModeTable.ini
12-31 16:00:02.335 I/MiSysSrv( 1117):   = SetI2CCfg = 
12-31 16:00:02.335 I/MiSysSrv( 1117):   = SetGPIOCfg = 
12-31 16:00:02.335 I/MiSysSrv( 1117):   = SetIR = 
12-31 16:00:02.335 I/MiSysSrv( 1117):   = SetIRPowerupKeys = 
12-31 16:00:02.343 I/MiSysSrv( 1117):   = SetInputMux = 
12-31 16:00:02.343 I/MiSysSrv( 1117):   = SetATVExtDemodInfo = 
12-31 16:00:02.343 I/MiSysSrv( 1117):   = SetScartInfo = 
12-31 16:00:02.343 I/MiSysSrv( 1117):   = SetVideoInfoCfg = 
12-31 16:00:02.343 I/MiSysSrv( 1117): HotPlug  = 1
12-31 16:00:02.343 I/MiSysSrv( 1117): DotbyDot = 0
12-31 16:00:02.343 I/MiSysSrv( 1117):   = SetWDTCfg = 
12-31 16:00:02.343 I/MiSysSrv( 1117):   = SetAudioInputMuxCfg = 
12-31 16:00:02.343 I/MiSysSrv( 1117):   = SetMHLPort = 
12-31 16:00:02.343 I/MiSysSrv( 1117):   = SetHDMIEDIDInfoSet = 
12-31 16:00:02.363 I/MiSysSrv( 1117): Can't open HDMI EDID 2 File!
12-31 16:00:02.363 I/MiSysSrv( 1117): Load HDMI EDID 2 Failed!
12-31 16:00:02.363 I/MiSysSrv( 1117): Can't open HDMI EDID 3 File!
12-31 16:00:02.363 I/MiSysSrv( 1117): Load HDMI EDID 3 Failed!
12-31 16:00:02.363 I/MiSysSrv( 1117): Can't open HDMI EDID 4 File!
12-31 16:00:02.363 I/MiSysSrv( 1117): Load HDMI EDID 4 Failed!
12-31 16:00:02.363 I/MiSysSrv( 1117):   = SetHDMITxAnalogInfo = 
12-31 16:00:02.363 I/MiSysSrv( 1117):   = SetDemuxInfo = 
12-31 16:00:02.363 I/MiSysSrv( 1117):   = SetKEYPADCfg = 
12-31 16:00:02.363 I/MiSysSrv( 1117):   = SetSAWType = 
12-31 16:00:02.363 I/MiSysSrv( 1117):   = SetSARChannel = 
12-31 16:00:02.363 I/MiSysSrv( 1117):   = SetDemodConfig = 
12-31 16:00:02.363 I/MiSysSrv( 1117):   = SetPanelModPvddInfo = 
12-31 16:00:02.363 I/MiSysSrv( 1117):   = SetTunerSelect = 
12-31 16:00:02.363 I/MiSysSrv( 1117):   = SetTunerPWMInfo = 
12-31 16:00:02.363 I/MiSysSrv( 1117):   = SetAudioAmpSelect = 
12-31 16:00:02.363 I/MiSysSrv( 1117):   = CheckBootParameter = 
12-31 16:00:02.363 I/MiSysSrv( 1117):   = SetMirrorFlag = 
12-31 16:00:02.363 I/MiSysSrv( 1117): Warning!!! Mirror Type is not NORMAL, but Mirror is DISABLE.
12-31 16:00:02.363 I/MiSysSrv( 1117):   = Set3DOverScan = 
12-31 16:00:02.363 I/MiSysSrv( 1117):   = SetHbbtvDelayInit = 
12-31 16:00:02.363 I/MiSysSrv( 1117):   = SetVolumeCompensation = 
12-31 16:00:02.363 I/MiSysSrv( 1117):   = SetStorageHDCPCfg = 
12-31 16:00:02.363 I/MiSysSrv( 1117):   = SetHDMI_HdcpEnable = 
12-31 16:00:02.363 I/MiSysSrv( 1117):   = SetStorageMACCfg = 
12-31 16:00:02.363 I/MiSysSrv( 1117):   = SetUseCustomerScreenMuteColorFlag = 
12-31 16:00:02.363 I/MiSysSrv( 1117):   = SetUseCustomerScreenMuteColor = 
12-31 16:00:02.363 I/MiSysSrv( 1117):   = SetLocalDIMMINGCfg = 
12-31 16:00:02.363 I/MiSysSrv( 1117):  =Mode Detect=
12-31 16:00:02.363 I/MiSysSrv( 1117):  = SetAMPInfo
12-31 16:00:02.363 I/MiSysSrv( 1117):  = SetCIModelCount
12-31 16:00:02.363 I/MiSysSrv( 1117): [GetModuleParameter_int]SYS_INI_PATH_FILENAME = /config/sys.ini
12-31 16:00:02.363 I/MiSysSrv( 1117): [GetModuleParameter_int]m_pModelName = /config/model/Customer_1.ini
12-31 16:00:02.379 I/MiSysSrv( 1117): CheckMbootLogoThread,line=265,wating mstar.disable.bootlogo done for 
12-31 16:00:02.383 I/tvos    ( 1118): main,line=221,mstar.disable.bootlogo = -1097545016, wating mstar.disable.bootlogo ... yangxk
12-31 16:00:02.383 I/MiSysSrv( 1117): ==time== server MiSysSrv end at [    2.387307]s
12-31 16:00:02.387 I/MiSysSrv( 1117): [GetModuleParameter_int]m_pModelDefaultName = /config/module/MStar_Default_Module.ini
12-31 16:00:02.391 D/        ( 1103): [0;36m   HAL_GOP_CMDQ_EndDraw:3068  timeout = 100 org = 0 target = 1[m 
12-31 16:00:02.399 I/MiSysSrv( 1117): CheckMbootLogoThread,line=265,wating mstar.disable.bootlogo done for 
12-31 16:00:02.399 I/MiSysSrv( 1117): [GetModuleParameter_int]m_pModelName = /config/module/Customer_Module.ini
12-31 16:00:02.407 D/hwcomposer( 1103): [platform_init_primary_by_ini][1560]PanelWidth=0x780;PanelHeight=0x438; UrsaVersion=0; panelType=1
12-31 16:00:02.407 D/hwcomposer( 1103): the menuload is not enabled or not support  platform_init_primary_by_ini 1580
12-31 16:00:02.407 D/hwcomposer( 1103): MStar graphic Config:
12-31 16:00:02.407 D/hwcomposer( 1103): OSD WIDTH    : 1920
12-31 16:00:02.407 D/hwcomposer( 1103): OSD HEIGHT   : 1080
12-31 16:00:02.407 D/hwcomposer( 1103): PANEL WIDTH  : 1920
12-31 16:00:02.407 D/hwcomposer( 1103): PANEL HEIGHT : 1080
12-31 16:00:02.407 D/hwcomposer( 1103): DISP WIDTH   : 1920
12-31 16:00:02.407 D/hwcomposer( 1103): DISP HEIGHT  : 1080
12-31 16:00:02.407 D/hwcomposer( 1103): MIRROE MODE  : 0 ,H : 0,V : 0
12-31 16:00:02.407 D/hwcomposer( 1103): URSA VERSION : 0
12-31 16:00:02.411 D/        ( 1103): MVOP: [_MVOP_Init_Context][584] This is first initial 0xb47c15b0
12-31 16:00:02.411 D/        ( 1103): MVOP_SetRegBaseAdd u32RiuBaseAdd = b599a000
12-31 16:00:02.411 D/        ( 1103): *** MDrv_MVOP_SubInit_V2: SUB MVOP UNSUPPORTED!!
12-31 16:00:02.411 D/        ( 1103): MVOP_SetRegBaseAdd u32RiuBaseAdd = b599a000
12-31 16:00:02.411 I/apiMMAP ( 1103): get_info: MIU_INTERVAL2: not fount
12-31 16:00:02.411 I/vsyncbridge( 1103): E_MMAP_ID_VDEC_CPU: 0x80000000, 0xffffffff, Start: 0x9e000000, size: 0x300000
12-31 16:00:02.411 I/vsyncbridge( 1103): E_MMAP_ID_XC_DS: 0x80000000, 0xffffffff, Start: 0x9fda1000, size: 0x4000
12-31 16:00:02.411 I/apiMMAP ( 1103): get_info: E_MMAP_ID_VDEC_FRAMEBUFFER: not fount
12-31 16:00:02.411 I/vsyncbridge( 1103): E_MMAP_ID_VDEC_FRAMEBUFFER: 0x80000000, 0xffffffff, Start: 0x0, size: 0x0
12-31 16:00:02.411 I/MiSysSrv( 1117): [GetModuleParameter_int]retInDefault = -1
12-31 16:00:02.411 I/MiSysSrv( 1117):  ======== SYSTEM_INFO_ENABLE End ==========
12-31 16:00:02.411 I/MiSysSrv( 1117): ==time== mi_set_systeminfo after SetSystemInfo at [    2.415447]s
12-31 16:00:02.411 I/vsyncbridge( 1103): E_MMAP_ID_VDEC_BITSTREAM: 0x80000000, 0xffffffff, Start: 0x9e300000, size: 0x1000000
12-31 16:00:02.411 I/apiMMAP ( 1103): get_info: E_MMAP_ID_VDEC_SUB_FRAMEBUFFER: not fount
12-31 16:00:02.411 I/vsyncbridge( 1103): E_MMAP_ID_VDEC_SUB_FRAMEBUFFER: 0x80000000, 0xffffffff, Start: 0x0, size: 0x0
12-31 16:00:02.411 I/vsyncbridge( 1103): E_MMAP_ID_VDEC_SUB_BITSTREAM: 0x80000000, 0xffffffff, Start: 0x9f300000, size: 0x0
12-31 16:00:02.411 I/vsyncbridge( 1103): E_MMAP_ID_VDEC_SHARE_MEM: 0x80000000, 0xffffffff, Start: 0x9fe26000, size: 0x40000
12-31 16:00:02.415 D/        ( 1103): MDrv_PNL_Init u32PnlRiuBaseAddr = b599a000
12-31 16:00:02.415 D/        ( 1103): MDrv_PNL_Init u32PMRiuBaseAddr = b5a62000
12-31 16:00:02.415 D/vsyncbridge( 1103): enter handle_thread
12-31 16:00:02.419 D/        ( 1103): MVOP_SetRegBaseAdd u32RiuBaseAdd = b599a000
12-31 16:00:02.419 D/        ( 1103): *** MDrv_MVOP_SubInit_V2: SUB MVOP UNSUPPORTED!!
12-31 16:00:02.419 D/        ( 1103): MVOP_SetRegBaseAdd u32RiuBaseAdd = b599a000
12-31 16:00:02.419 I/MiSysSrv( 1117): CheckMbootLogoThread,line=265,wating mstar.disable.bootlogo done for 
12-31 16:00:02.419 I/SurfaceFlinger( 1103): Using composer version 1.3
12-31 16:00:02.419 W/hwcomposer( 1103): hwc_getDisplayConfigs not support External Display
12-31 16:00:02.419 I/SurfaceFlinger( 1103): EGL informations:
12-31 16:00:02.419 I/SurfaceFlinger( 1103): vendor    : Android
12-31 16:00:02.419 I/SurfaceFlinger( 1103): version   : 1.4 Android META-EGL
12-31 16:00:02.419 I/SurfaceFlinger( 1103): extensions: EGL_KHR_get_all_proc_addresses EGL_ANDROID_presentation_time EGL_KHR_image EGL_KHR_image_base EGL_KHR_image_pixmap EGL_KHR_gl_texture_2D_image EGL_KHR_gl_texture_cubemap_image EGL_KHR_gl_renderbuffer_image EGL_KHR_fence_sync EGL_KHR_create_context EGL_EXT_create_context_robustness EGL_ANDROID_image_native_buffer EGL_ANDROID_recordable 
12-31 16:00:02.419 I/SurfaceFlinger( 1103): Client API: OpenGL_ES
12-31 16:00:02.419 I/SurfaceFlinger( 1103): EGLSurface: 8-8-8-8, config=0x60000016
12-31 16:00:02.419 D/vsyncbridge( 1103): enter Timer_thread
12-31 16:00:02.423 I/SurfaceFlinger( 1103): OpenGL ES informations:
12-31 16:00:02.423 I/SurfaceFlinger( 1103): vendor    : ARM
12-31 16:00:02.423 I/SurfaceFlinger( 1103): renderer  : Mali-450 MP
12-31 16:00:02.423 I/SurfaceFlinger( 1103): version   : OpenGL ES 2.0
12-31 16:00:02.423 I/SurfaceFlinger( 1103): extensions: GL_EXT_debug_marker GL_OES_texture_npot GL_OES_vertex_array_object GL_OES_compressed_ETC1_RGB8_texture GL_EXT_compressed_ETC1_RGB8_sub_texture GL_OES_standard_derivatives GL_OES_EGL_image GL_OES_depth24 GL_ARM_rgba8 GL_ARM_mali_shader_binary GL_OES_depth_texture GL_OES_packed_depth_stencil GL_EXT_texture_format_BGRA8888 GL_OES_vertex_half_float GL_EXT_blend_minmax GL_OES_EGL_image_external GL_OES_EGL_sync GL_OES_rgb8_rgba8 GL_EXT_multisampled_render_to_texture GL_EXT_discard_framebuffer GL_OES_get_program_binary GL_ARM_mali_program_binary GL_EXT_shader_texture_lod GL_EXT_robustness GL_OES_depth_texture_cube_map GL_KHR_debug GL_ARM_shader_framebuffer_fetch GL_ARM_shader_framebuffer_fetch_depth_stencil GL_OES_mapbuffer
12-31 16:00:02.423 I/SurfaceFlinger( 1103): GL_MAX_TEXTURE_SIZE = 4096
12-31 16:00:02.423 I/SurfaceFlinger( 1103): GL_MAX_VIEWPORT_DIMS = 4096
12-31 16:00:02.423 E/cutils-trace( 1103): Error opening trace file: Permission denied (13)
12-31 16:00:02.423 I/Surface ( 1103): Surface::setBuffersFormat format 1
12-31 16:00:02.431 D/vsyncbridge( 1103): enter handle_thread
12-31 16:00:02.431 D/vsyncbridge( 1103): enter Timer_thread
12-31 16:00:02.439 I/MiSysSrv( 1117): CheckMbootLogoThread,line=265,wating mstar.disable.bootlogo done for 
12-31 16:00:02.447 I/SurfaceFlinger( 1103): [AT][AN][start anim][2451]
12-31 16:00:02.451 D/SurfaceFlinger( 1103): Screen acquired, type=0 flinger=0xb860cbe8
12-31 16:00:02.451 I/hwcomposer( 1103): TODO: blank/unblank display
12-31 16:00:02.459 I/MiSysSrv( 1117): CheckMbootLogoThread,line=265,wating mstar.disable.bootlogo done for 
12-31 16:00:02.479 I/MiSysSrv( 1117): CheckMbootLogoThread,line=265,wating mstar.disable.bootlogo done for 
12-31 16:00:02.483 D/        ( 1260): MDrv_PNL_Init u32PnlRiuBaseAddr = 9e7ba000
12-31 16:00:02.483 D/        ( 1260): MDrv_PNL_Init u32PMRiuBaseAddr = 9e882000
12-31 16:00:02.483 D/        ( 1260): [Warning] _MakeCompatibile:278, Panel config mismatch, change DE Hstart as MBOOT's setting[192]
12-31 16:00:02.483 I/tvos    ( 1118): main,line=221,mstar.disable.bootlogo = -1097545016, wating mstar.disable.bootlogo ... yangxk
12-31 16:00:02.483 I/MiSysSrv( 1117): [MApi_XC_Combine_MLoadEn, 7600]No instance existed, please get an instance by calling MApi_XC_Init() first
12-31 16:00:02.483 I/MiSysSrv( 1117): **** There is no sub window memory ~! **** 
12-31 16:00:02.483 I/MiSysSrv( 1117): >>>>>>>>>>>>m_pPanelName = DACOUT_1080I_50
12-31 16:00:02.483 I/MiSysSrv( 1117): [XC,Version][0;36m 
12-31 16:00:02.487 D/        ( 1260): 
12-31 16:00:02.487 D/        ( 1260): [GOP INFO] gop open
12-31 16:00:02.487 D/        ( 1260): [Ioctl_GOP_Init][6253] input parameter is NULL
12-31 16:00:02.487 D/        ( 1260): [Ioctl_GOP_Init][6253] input parameter is NULL
12-31 16:00:02.487 D/        ( 1260): [Ioctl_GOP_Init][6253] input parameter is NULL
12-31 16:00:02.487 D/        ( 1260): [Ioctl_GOP_Init][6253] input parameter is NULL
12-31 16:00:02.491 I/MiSysSrv( 1117):  [mno need to patch
12-31 16:00:02.491 I/MiSysSrv( 1117): L:737, XC Init MISC failed because of InitData wrong, please update header file and compile again
12-31 16:00:02.499 I/MiSysSrv( 1117): CheckMbootLogoThread,line=265,wating mstar.disable.bootlogo done for 
12-31 16:00:02.507 E/        ( 1260): Attention, not support hw auto detect 3d, change to sw method!
12-31 16:00:02.519 I/MiSysSrv( 1117): CheckMbootLogoThread,line=265,wating mstar.disable.bootlogo done for 
12-31 16:00:02.523 I/mediaserver( 1106): ServiceManager: 0xb775e770
12-31 16:00:02.523 I/AudioFlinger( 1106): Using default 3000 mSec as standby time.
12-31 16:00:02.527 I/CameraService( 1106): CameraService started (pid=1106)
12-31 16:00:02.535 I/CameraService( 1106): Loaded "MStar CameraHal Module" camera module
12-31 16:00:02.539 I/MiSysSrv( 1117): CheckMbootLogoThread,line=265,wating mstar.disable.bootlogo done for 
12-31 16:00:02.555 I/AudioPolicyManagerBase( 1106): loadAudioPolicyConfig() loaded /system/etc/audio_policy.conf
12-31 16:00:02.559 I/MiSysSrv( 1117): CheckMbootLogoThread,line=265,wating mstar.disable.bootlogo done for 
12-31 16:00:02.567 I/MiSysSrv( 1117): [MDrv_HDMI_init_internal][647]pXCResourcePrivate->stdrvXC_MVideo_Context.g_bIsIMMESWITCH=0
12-31 16:00:02.567 I/MiSysSrv( 1117): [MDrv_HDMI_init_internal][649]pXCResourcePrivate->stdrvXC_MVideo_Context.g_bIMMESWITCH_DVI_POWERSAVING=0
12-31 16:00:02.567 I/AudioFlinger( 1106): loadHwModule() Loaded primary audio interface from MStar audio HW HAL (audio) handle 1
12-31 16:00:02.567 I/tinyalsa( 1106): open /dev/snd/pcmC0D0p in NON-Block mode
12-31 16:00:02.567 I/MiSysSrv( 1117):  MI_DISPLAY start Inited
12-31 16:00:02.571 I/AudioFlinger( 1106): HAL output buffer size 1024 frames, normal mix buffer size 1024 frames
12-31 16:00:02.579 I/MiSysSrv( 1117):  CheckMbootLogoThread,line=265,wating mstar.disable.bootlogo done for 
12-31 16:00:02.579 I/AudioMixer( 1106): found effect "Multichannel Downmix To Stereo" from The Android Open Source Project
12-31 16:00:02.583 I/tvos    ( 1118): main,line=221,mstar.disable.bootlogo = -1097545016, wating mstar.disable.bootlogo ... yangxk
12-31 16:00:02.583 I/AudioFlinger( 1106): Using module 1 has the primary audio interface
12-31 16:00:02.595 I/AudioFlinger( 1106): AudioFlinger's thread 0xb4abb008 ready to run
12-31 16:00:02.595 W/AudioFlinger( 1106): Thread AudioOut_2 cannot connect to the power manager service
12-31 16:00:02.595 W/AudioFlinger( 1106): Thread AudioOut_2 cannot connect to the power manager service
12-31 16:00:02.595 W/AudioFlinger( 1106): Thread AudioOut_2 cannot connect to the power manager service
12-31 16:00:02.595 E/AudioFlinger( 1106): no wake lock to update!
12-31 16:00:02.595 I/tinyalsa( 1106): open /dev/snd/pcmC0D1p in NON-Block mode
12-31 16:00:02.595 I/AudioFlinger( 1106): HAL output buffer size 1024 frames, normal mix buffer size 1024 frames
12-31 16:00:02.595 I/AudioMixer( 1106): found effect "Multichannel Downmix To Stereo" from The Android Open Source Project
12-31 16:00:02.599 I/MiSysSrv( 1117): CheckMbootLogoThread,line=265,wating mstar.disable.bootlogo done for 
12-31 16:00:02.603 I/AudioFlinger( 1106): AudioFlinger's thread 0xb4952008 ready to run
12-31 16:00:02.603 W/AudioFlinger( 1106): Thread AudioOut_3 cannot connect to the power manager service
12-31 16:00:02.611 D/        ( 1260): [_MDrv_PNL_Init_LPLL][323]pstPanelInitData->u16Width=1920, pstPanelInitData->u16Height=1080
12-31 16:00:02.611 D/        ( 1260): [_MDrv_PNL_Init_LPLL][325]u16HTotal=2639,u16VTotal=1124,pstPanelInitData->u16HTotal=2639,pstPanelInitData->u16VTotal=1124, u16DefaultVFreq=500
12-31 16:00:02.611 D/        ( 1260): [_MDrv_PNL_Init_Output_Dclk][369]pstPanelInitData->u16Width=1920, pstPanelInitData->u16Height=1080
12-31 16:00:02.611 D/        ( 1260): [_MDrv_PNL_Init_Output_Dclk][371]u16HTotal=2639,u16VTotal=1124,pstPanelInitData->u16HTotal=2639,pstPanelInitData->u16VTotal=1124, u16DefaultVFreq=500
12-31 16:00:02.611 I/MiSysSrv( 1117): >>>>>>>>>>>>m_pPanelName = DACOUT_1080I_50
12-31 16:00:02.611 I/MiSysSrv( 1117): ====Setup DCLK:296=========
12-31 16:00:02.611 I/MiSysSrv( 1117): >>>>>>>>>>>>m_pPanelName = DACOUT_1080I_50
12-31 16:00:02.611 I/MiSysSrv( 1117): >>>>>>>>>>>>m_pPanelName = DACOUT_1080I_50
12-31 16:00:02.611 I/MiSysSrv( 1117): >>>>>>>>>>>>m_pPanelName = DACOUT_1080I_50
12-31 16:00:02.615 W/AudioFlinger( 1106): Thread AudioOut_3 cannot connect to the power manager service
12-31 16:00:02.615 W/AudioFlinger( 1106): Thread AudioOut_3 cannot connect to the power manager service
12-31 16:00:02.615 E/AudioFlinger( 1106): no wake lock to update!
12-31 16:00:02.615 E/AudioFlinger( 1106): int android::load_audio_interface(const char*, audio_hw_device_t**) couldn't load audio hw module audio.a2dp (No such file or directory)
12-31 16:00:02.615 I/AudioFlinger( 1106): loadHwModule() error -2 loading module a2dp 
12-31 16:00:02.615 W/AudioPolicyManagerBase( 1106): could not open HW module a2dp
12-31 16:00:02.615 E/AudioFlinger( 1106): int android::load_audio_interface(const char*, audio_hw_device_t**) couldn't load audio hw module audio.btmic (No such file or directory)
12-31 16:00:02.615 I/AudioFlinger( 1106): loadHwModule() error -2 loading module btmic 
12-31 16:00:02.615 W/AudioPolicyManagerBase( 1106): could not open HW module btmic
12-31 16:00:02.615 E/AudioFlinger( 1106): int android::load_audio_interface(const char*, audio_hw_device_t**) couldn't load audio hw module audio.usb (No such file or directory)
12-31 16:00:02.615 I/AudioFlinger( 1106): loadHwModule() error -2 loading module usb 
12-31 16:00:02.615 W/AudioPolicyManagerBase( 1106): could not open HW module usb
12-31 16:00:02.615 I/AudioPolicyService( 1106): Loaded audio policy from LEGACY Audio Policy HAL (audio_policy)
