11-13 10:15:57.760 V/WindowManager( 2033): Adding window Window{2d5f2913 u0 com.yzx.im_demo/com.ipanel.videotalk.login.LoginActivty} at 8 of 14 (before Window{e28219b u0 Starting com.yzx.im_demo})
11-13 10:16:24.341 D/DirectVolume( 1563): Volume none /mnt partition 8:1 removed
11-13 10:16:24.341 D/PartVolume( 1563): [virtual int PartVolume::handleBlockEvent(NetlinkEvent*)-92] :********PartVolume handleBlockEvent Begining********
11-13 10:16:24.341 D/PartVolume( 1563): [virtual int PartVolume::handleBlockEvent(NetlinkEvent*)-101] :PathCollection is Value------->/devices/platform/soc/f98a0000.xhci/usb3/3-1/3-1:1.0/host0/target0:0:0/0:0:0:0/block/sda/sda1
11-13 10:16:24.341 D/PartVolume( 1563): [void PartVolume::handlePartitionRemoved(const char*, NetlinkEvent*)-163] :********PartVolume handlePartitionRemoved Begining********
11-13 10:16:24.341 D/PartVolume( 1563): [void PartVolume::handlePartitionRemoved(const char*, NetlinkEvent*)-170] :Volume /sda/sda1 /mnt/sda/sda1 partition 8:1 removed
11-13 10:16:24.341 D/PartVolume( 1563): [void PartVolume::handlePartitionRemoved(const char*, NetlinkEvent*)-204] :Device Node------>2049
11-13 10:16:24.341 D/Vold    ( 1563): [void Volume::setState(int)-313] :Volume /sda/sda1 state changing 4 (Mounted) -> 5 (Unmounting)
11-13 10:16:24.341 D/Vold    ( 1563): [void Volume::setState(int)-313] :Volume /sda/sda1 state changing 5 (Unmounting) -> 1 (Idle-Unmounted)
11-13 10:16:24.341 E/MountService( 2033): VolumeState.Unmounting .
11-13 10:16:24.341 E/MountService( 2033): notifyVolumeStateChange getVolumeState !!
11-13 10:16:24.341 D/MountService( 2033): sendStorageIntent Intent { act=android.intent.action.MEDIA_EJECT dat=file:///mnt/sda/sda1 flg=0x4000000 (has extras) } to UserHandle{-1}
11-13 10:16:24.342 E/MountService( 2033): notifyVolumeStateChange getVolumeState !!
11-13 10:16:24.342 D/MountService( 2033): volume state changed for /mnt/sda/sda1 (mounted -> unmounted)
11-13 10:16:24.343 D/MountService( 2033): sendStorageIntent Intent { act=android.intent.action.MEDIA_UNMOUNTED dat=file:///mnt/sda/sda1 flg=0x4000000 (has extras) } to UserHandle{-1}
11-13 10:16:24.344 E/MountService( 2033): Failed to read response to volume shared /storage/sdcard ums
11-13 10:16:25.341 D/Vold    ( 1563): [int Volume::doUnmount(const char*, bool)-726] :doUnmount path = /mnt/sda/sda1 
11-13 10:16:25.341 D/Vold    ( 1563): [int Volume::doUnmount(const char*, bool)-750] :Failed to unmount /mnt/sda/sda1 (Device or resource busy, retries 9, action 0)
11-13 10:16:25.495 E/ProcessKiller( 1563): Process /system/bin/sh (8063) has cwd within /mnt/sda/sda1
11-13 10:16:26.504 D/Vold    ( 1563): [int Volume::doUnmount(const char*, bool)-750] :Failed to unmount /mnt/sda/sda1 (Device or resource busy, retries 8, action 0)
11-13 10:16:26.661 E/ProcessKiller( 1563): Process /system/bin/sh (8063) has cwd within /mnt/sda/sda1
11-13 10:16:27.669 D/Vold    ( 1563): [int Volume::doUnmount(const char*, bool)-750] :Failed to unmount /mnt/sda/sda1 (Device or resource busy, retries 7, action 0)
11-13 10:16:27.824 E/ProcessKiller( 1563): Process /system/bin/sh (8063) has cwd within /mnt/sda/sda1
11-13 10:16:28.832 D/Vold    ( 1563): [int Volume::doUnmount(const char*, bool)-750] :Failed to unmount /mnt/sda/sda1 (Device or resource busy, retries 6, action 0)
11-13 10:16:29.003 E/ProcessKiller( 1563): Process /system/bin/sh (8063) has cwd within /mnt/sda/sda1
11-13 10:16:30.011 D/Vold    ( 1563): [int Volume::doUnmount(const char*, bool)-750] :Failed to unmount /mnt/sda/sda1 (Device or resource busy, retries 5, action 0)
11-13 10:16:30.163 E/ProcessKiller( 1563): Process /system/bin/sh (8063) has cwd within /mnt/sda/sda1
11-13 10:16:30.753 W/ContextImpl( 2404): Calling a method in the system process without a qualified user: android.app.ContextImpl.sendBroadcast:1345 android.content.ContextWrapper.sendBroadcast:377 com.suma.midware.back.esg.e.f:-1 com.suma.midware.back.esg.f.run:-1 com.suma.midware.prop.util.c.run:-1 
11-13 10:16:31.171 D/Vold    ( 1563): [int Volume::doUnmount(const char*, bool)-750] :Failed to unmount /mnt/sda/sda1 (Device or resource busy, retries 4, action 0)
11-13 10:16:31.325 E/ProcessKiller( 1563): Process /system/bin/sh (8063) has cwd within /mnt/sda/sda1
11-13 10:16:31.755 W/ContextImpl( 2404): Calling a method in the system process without a qualified user: android.app.ContextImpl.sendBroadcast:1345 android.content.ContextWrapper.sendBroadcast:377 com.suma.midware.back.esg.e.f:-1 com.suma.midware.back.esg.f.run:-1 com.suma.midware.prop.util.c.run:-1 
11-13 10:16:32.333 D/Vold    ( 1563): [int Volume::doUnmount(const char*, bool)-750] :Failed to unmount /mnt/sda/sda1 (Device or resource busy, retries 3, action 0)
11-13 10:16:32.487 E/ProcessKiller( 1563): Process /system/bin/sh (8063) has cwd within /mnt/sda/sda1
11-13 10:16:32.758 W/ContextImpl( 2404): Calling a method in the system process without a qualified user: android.app.ContextImpl.sendBroadcast:1345 android.content.ContextWrapper.sendBroadcast:377 com.suma.midware.back.esg.e.f:-1 com.suma.midware.back.esg.f.run:-1 com.suma.midware.prop.util.c.run:-1 
11-13 10:16:33.495 D/Vold    ( 1563): [int Volume::doUnmount(const char*, bool)-750] :Failed to unmount /mnt/sda/sda1 (Device or resource busy, retries 2, action 1)
11-13 10:16:33.650 E/ProcessKiller( 1563): Process /system/bin/sh (8063) has cwd within /mnt/sda/sda1
11-13 10:16:33.650 W/ProcessKiller( 1563): Sending SIGHUP to process 8063
11-13 10:16:34.658 D/Vold    ( 1563): [int Volume::doUnmount(const char*, bool)-750] :Failed to unmount /mnt/sda/sda1 (Device or resource busy, retries 1, action 2)
11-13 10:16:34.804 E/ProcessKiller( 1563): Process /system/bin/sh (8063) has cwd within /mnt/sda/sda1
11-13 10:16:34.804 E/ProcessKiller( 1563): Sending SIGKILL to process 8063
11-13 10:16:35.817 D/Vold    ( 1563): [int Volume::doUnmount(const char*, bool)-735] :/mnt/sda/sda1 sucessfully unmounted
11-13 10:16:35.818 I/Vold    ( 1563): /mnt/sda/sda1 unmounted successfully
11-13 10:16:35.818 W/Vold    ( 1563): Duplicate state (1)
11-13 10:16:35.818 D/Vold    ( 1563): [static void Volume::rmdir_p(const char*)-995] :pTemp----->/mnt/sda/sda1
11-13 10:16:35.818 D/Vold    ( 1563): [static void Volume::rmdir_p(const char*)-1004] :slash------>/sda1
11-13 10:16:35.818 D/Vold    ( 1563): [static void Volume::rmdir_p(const char*)-1004] :slash------>/sda
11-13 10:16:35.818 D/PartVolume( 1563): Crisis averted
11-13 10:16:35.818 D/Vold    ( 1563): [void Volume::setState(int)-313] :Volume /sda/sda1 state changing 1 (Idle-Unmounted) -> 0 (No-Media)
11-13 10:16:35.818 D/Vold    ( 1563): [void VolumeManager::handleBlockEvent(NetlinkEvent*)-326] :Device '/devices/platform/soc/f98a0000.xhci/usb3/3-1/3-1:1.0/host0/target0:0:0/0:0:0:0/block/sda/sda1' event handled by volume /sda/sda1
11-13 10:16:35.818 D/DirectVolume( 1563): Volume none /mnt disk 8:0 removed
11-13 10:16:35.818 W/Vold    ( 1563): Duplicate state (0)
11-13 10:16:35.819 D/PartVolume( 1563): [virtual int PartVolume::handleBlockEvent(NetlinkEvent*)-92] :********PartVolume handleBlockEvent Begining********
11-13 10:16:35.819 W/Vold    ( 1563): No volumes handled block event for '/devices/platform/soc/f98a0000.xhci/usb3/3-1/3-1:1.0/host0/target0:0:0/0:0:0:0/block/sda'
11-13 10:16:35.819 E/MountService( 2033): VolumeUserLabelChange , path = /mnt/sda/sda1 , userLabel =null
11-13 10:16:35.819 E/MountService( 2033): VolumeState.NoMedia .
11-13 10:16:35.819 D/MountService( 2033): volume state changed for /mnt/sda/sda1 (unmounted -> 1)
11-13 10:16:35.820 E/MountService( 2033): notifyVolumeStateChange getVolumeState !!
11-13 10:16:35.820 D/MountService( 2033): volume state changed for /mnt/sda/sda1 (1 -> unmounted)
11-13 10:16:35.821 D/MountService( 2033): volume state changed for /mnt/sda/sda1 (unmounted -> removed)
11-13 10:16:35.822 W/MountService( 2033): getVolumeState(/storage): Unknown volume
11-13 10:16:35.822 E/VoldConnector( 2033): Error handling '631 Volume none /storage disk removed (8:0)': java.lang.IllegalArgumentException
11-13 10:16:35.822 E/MountService( 2033): Failed to read response to volume shared /storage/sdcard ums
11-13 10:16:35.831 I/ValidateNoPeople( 2033): skipping global notification
11-13 10:17:35.803 W/ContextImpl( 2404): Calling a method in the system process without a qualified user: android.app.ContextImpl.sendBroadcast:1345 android.content.ContextWrapper.sendBroadcast:377 com.suma.midware.back.esg.e.f:-1 com.suma.midware.back.esg.f.run:-1 com.suma.midware.prop.util.c.run:-1 
11-13 10:17:36.806 W/ContextImpl( 2404): Calling a method in the system process without a qualified user: android.app.ContextImpl.sendBroadcast:1345 android.content.ContextWrapper.sendBroadcast:377 com.suma.midware.back.esg.e.f:-1 com.suma.midware.back.esg.f.run:-1 com.suma.midware.prop.util.c.run:-1 
11-13 10:17:37.809 W/ContextImpl( 2404): Calling a method in the system process without a qualified user: android.app.ContextImpl.sendBroadcast:1345 android.content.ContextWrapper.sendBroadcast:377 com.suma.midware.back.esg.e.f:-1 com.suma.midware.back.esg.f.run:-1 com.suma.midware.prop.util.c.run:-1 
11-13 10:18:40.867 W/ContextImpl( 2404): Calling a method in the system process without a qualified user: android.app.ContextImpl.sendBroadcast:1345 android.content.ContextWrapper.sendBroadcast:377 com.suma.midware.back.esg.e.f:-1 com.suma.midware.back.esg.f.run:-1 com.suma.midware.prop.util.c.run:-1 
11-13 10:18:41.870 W/ContextImpl( 2404): Calling a method in the system process without a qualified user: android.app.ContextImpl.sendBroadcast:1345 android.content.ContextWrapper.sendBroadcast:377 com.suma.midware.back.esg.e.f:-1 com.suma.midware.back.esg.f.run:-1 com.suma.midware.prop.util.c.run:-1 
11-13 10:18:42.873 W/ContextImpl( 2404): Calling a method in the system process without a qualified user: android.app.ContextImpl.sendBroadcast:1345 android.content.ContextWrapper.sendBroadcast:377 com.suma.midware.back.esg.e.f:-1 com.suma.midware.back.esg.f.run:-1 com.suma.midware.prop.util.c.run:-1 
11-13 10:19:45.923 W/ContextImpl( 2404): Calling a method in the system process without a qualified user: android.app.ContextImpl.sendBroadcast:1345 android.content.ContextWrapper.sendBroadcast:377 com.suma.midware.back.esg.e.f:-1 com.suma.midware.back.esg.f.run:-1 com.suma.midware.prop.util.c.run:-1 
11-13 10:19:46.926 W/ContextImpl( 2404): Calling a method in the system process without a qualified user: android.app.ContextImpl.sendBroadcast:1345 android.content.ContextWrapper.sendBroadcast:377 com.suma.midware.back.esg.e.f:-1 com.suma.midware.back.esg.f.run:-1 com.suma.midware.prop.util.c.run:-1 
11-13 10:19:47.929 W/ContextImpl( 2404): Calling a method in the system process without a qualified user: android.app.ContextImpl.sendBroadcast:1345 android.content.ContextWrapper.sendBroadcast:377 com.suma.midware.back.esg.e.f:-1 com.suma.midware.back.esg.f.run:-1 com.suma.midware.prop.util.c.run:-1 
11-13 10:20:50.978 W/ContextImpl( 2404): Calling a method in the system process without a qualified user: android.app.ContextImpl.sendBroadcast:1345 android.content.ContextWrapper.sendBroadcast:377 com.suma.midware.back.esg.e.f:-1 com.suma.midware.back.esg.f.run:-1 com.suma.midware.prop.util.c.run:-1 
11-13 10:20:51.981 W/ContextImpl( 2404): Calling a method in the system process without a qualified user: android.app.ContextImpl.sendBroadcast:1345 android.content.ContextWrapper.sendBroadcast:377 com.suma.midware.back.esg.e.f:-1 com.suma.midware.back.esg.f.run:-1 com.suma.midware.prop.util.c.run:-1 
11-13 10:20:52.984 W/ContextImpl( 2404): Calling a method in the system process without a qualified user: android.app.ContextImpl.sendBroadcast:1345 android.content.ContextWrapper.sendBroadcast:377 com.suma.midware.back.esg.e.f:-1 com.suma.midware.back.esg.f.run:-1 com.suma.midware.prop.util.c.run:-1 
11-13 10:21:32.176 V/WindowManager( 2033): not Base app: Adding window Window{42fe9e5 u0 com.yzx.im_demo/com.ipanel.videotalk.login.LoginActivty} at 7 of 13
11-13 10:21:33.180 I/ActivityManager( 2033): START u0 {cmp=com.yzx.im_demo/com.ipanel.videotalk.home.HomeActivity (has extras)} from uid 10045 on display 0
11-13 10:21:33.188 V/WindowManager( 2033): addAppToken: AppWindowToken{1d026f47 token=Token{16e2ba86 ActivityRecord{3fa3f61 u0 com.yzx.im_demo/com.ipanel.videotalk.home.HomeActivity t1131}}} to stack=1 task=1131 at 1
11-13 10:21:33.448 D/WifiService( 2033): New client listening to asynchronous messages
11-13 10:21:33.540 W/InputMethodManagerService( 2033): Window already focused, ignoring focus gain of: com.android.internal.view.IInputMethodClient$Stub$Proxy@2fdb3374 attribute=null, token = android.os.BinderProxy@16724c02
11-13 10:21:33.776 V/WindowManager( 2033): Adding window Window{91ff912 u0 com.yzx.im_demo/com.ipanel.videotalk.home.HomeActivity} at 7 of 13 (after Window{2d5f2913 u0 com.yzx.im_demo/com.ipanel.videotalk.login.LoginActivty})
11-13 10:21:56.024 W/ContextImpl( 2404): Calling a method in the system process without a qualified user: android.app.ContextImpl.sendBroadcast:1345 android.content.ContextWrapper.sendBroadcast:377 com.suma.midware.back.esg.e.f:-1 com.suma.midware.back.esg.f.run:-1 com.suma.midware.prop.util.c.run:-1 
11-13 10:21:57.026 W/ContextImpl( 2404): Calling a method in the system process without a qualified user: android.app.ContextImpl.sendBroadcast:1345 android.content.ContextWrapper.sendBroadcast:377 com.suma.midware.back.esg.e.f:-1 com.suma.midware.back.esg.f.run:-1 com.suma.midware.prop.util.c.run:-1 
11-13 10:21:58.029 W/ContextImpl( 2404): Calling a method in the system process without a qualified user: android.app.ContextImpl.sendBroadcast:1345 android.content.ContextWrapper.sendBroadcast:377 com.suma.midware.back.esg.e.f:-1 com.suma.midware.back.esg.f.run:-1 com.suma.midware.prop.util.c.run:-1 
11-13 10:22:45.265 I/ActivityManager( 2033): START u0 {flg=0x10000000 cmp=com.yzx.im_demo/com.ipanel.videotalk.InComingCallActivity (has extras)} from uid 10045 on display 0
11-13 10:22:45.268 V/WindowManager( 2033): addAppToken: AppWindowToken{26bd986a token=Token{c81655 ActivityRecord{21557d0c u0 com.yzx.im_demo/com.ipanel.videotalk.InComingCallActivity t1131}}} to stack=1 task=1131 at 2
11-13 10:22:45.303 V/WindowManager( 2033): Adding window Window{45fb837 u0 com.yzx.im_demo/com.ipanel.videotalk.InComingCallActivity} at 8 of 14 (after Window{91ff912 u0 com.yzx.im_demo/com.ipanel.videotalk.home.HomeActivity})
11-13 10:22:45.307 V/WindowManager( 2033): Adding window Window{34bdbb0d u0 com.yzx.im_demo/com.ipanel.videotalk.InComingCallActivity} at 8 of 15 (before Window{45fb837 u0 com.yzx.im_demo/com.ipanel.videotalk.InComingCallActivity})
11-13 10:22:53.366 I/ActivityManager( 2033): START u0 {flg=0x10000000 cmp=com.yzx.im_demo/com.ipanel.videotalk.VideoCallActivty (has extras)} from uid 10045 on display 0
11-13 10:22:53.370 V/WindowManager( 2033): addAppToken: AppWindowToken{1d7e574b token=Token{28a4f01a ActivityRecord{1cbc3ec5 u0 com.yzx.im_demo/com.ipanel.videotalk.VideoCallActivty t1131}}} to stack=1 task=1131 at 3
11-13 10:22:53.405 W/BackupManagerService( 2033): dataChanged but no participant pkg='com.android.providers.settings' uid=10045
11-13 10:22:53.511 V/WindowManager( 2033): Adding window Window{3a208140 u0 com.yzx.im_demo/com.ipanel.videotalk.VideoCallActivty} at 9 of 15 (after Window{34bdbb0d u0 com.yzx.im_demo/com.ipanel.videotalk.InComingCallActivity})
11-13 10:22:53.532 V/WindowManager( 2033): Adding window Window{37199be u0 SurfaceView} at 9 of 16 (before Window{3a208140 u0 com.yzx.im_demo/com.ipanel.videotalk.VideoCallActivty})
11-13 10:22:53.538 V/WindowManager( 2033): Adding window Window{1a2c716c u0 SurfaceView} at 9 of 17 (before Window{37199be u0 SurfaceView})
11-13 10:22:53.742 V/WindowManager( 2033): Adding window Window{3018d222 u0 SurfaceView} at 9 of 18 (before Window{1a2c716c u0 SurfaceView EXITING})
11-13 10:22:53.803 V/WindowManager( 2033): Adding window Window{39f6ba70 u0 SurfaceView} at 13 of 19 (after Window{3a208140 u0 com.yzx.im_demo/com.ipanel.videotalk.VideoCallActivty})
11-13 10:23:01.050 W/ContextImpl( 2404): Calling a method in the system process without a qualified user: android.app.ContextImpl.sendBroadcast:1345 android.content.ContextWrapper.sendBroadcast:377 com.suma.midware.back.esg.e.f:-1 com.suma.midware.back.esg.f.run:-1 com.suma.midware.prop.util.c.run:-1 
11-13 10:23:02.052 W/ContextImpl( 2404): Calling a method in the system process without a qualified user: android.app.ContextImpl.sendBroadcast:1345 android.content.ContextWrapper.sendBroadcast:377 com.suma.midware.back.esg.e.f:-1 com.suma.midware.back.esg.f.run:-1 com.suma.midware.prop.util.c.run:-1 
11-13 10:23:03.054 W/ContextImpl( 2404): Calling a method in the system process without a qualified user: android.app.ContextImpl.sendBroadcast:1345 android.content.ContextWrapper.sendBroadcast:377 com.suma.midware.back.esg.e.f:-1 com.suma.midware.back.esg.f.run:-1 com.suma.midware.prop.util.c.run:-1 
11-13 10:23:58.554 W/BackupManagerService( 2033): dataChanged but no participant pkg='com.android.providers.settings' uid=10045
11-13 10:24:06.117 W/ContextImpl( 2404): Calling a method in the system process without a qualified user: android.app.ContextImpl.sendBroadcast:1345 android.content.ContextWrapper.sendBroadcast:377 com.suma.midware.back.esg.e.f:-1 com.suma.midware.back.esg.f.run:-1 com.suma.midware.prop.util.c.run:-1 
11-13 10:24:07.120 W/ContextImpl( 2404): Calling a method in the system process without a qualified user: android.app.ContextImpl.sendBroadcast:1345 android.content.ContextWrapper.sendBroadcast:377 com.suma.midware.back.esg.e.f:-1 com.suma.midware.back.esg.f.run:-1 com.suma.midware.prop.util.c.run:-1 
11-13 10:24:08.123 W/ContextImpl( 2404): Calling a method in the system process without a qualified user: android.app.ContextImpl.sendBroadcast:1345 android.content.ContextWrapper.sendBroadcast:377 com.suma.midware.back.esg.e.f:-1 com.suma.midware.back.esg.f.run:-1 com.suma.midware.prop.util.c.run:-1 
11-13 10:25:00.460 I/UsageStatsService( 2033): User[0] Flushing usage stats to disk
11-13 10:25:11.180 W/ContextImpl( 2404): Calling a method in the system process without a qualified user: android.app.ContextImpl.sendBroadcast:1345 android.content.ContextWrapper.sendBroadcast:377 com.suma.midware.back.esg.e.f:-1 com.suma.midware.back.esg.f.run:-1 com.suma.midware.prop.util.c.run:-1 
11-13 10:25:12.183 W/ContextImpl( 2404): Calling a method in the system process without a qualified user: android.app.ContextImpl.sendBroadcast:1345 android.content.ContextWrapper.sendBroadcast:377 com.suma.midware.back.esg.e.f:-1 com.suma.midware.back.esg.f.run:-1 com.suma.midware.prop.util.c.run:-1 
11-13 10:25:13.184 W/ContextImpl( 2404): Calling a method in the system process without a qualified user: android.app.ContextImpl.sendBroadcast:1345 android.content.ContextWrapper.sendBroadcast:377 com.suma.midware.back.esg.e.f:-1 com.suma.midware.back.esg.f.run:-1 com.suma.midware.prop.util.c.run:-1 
11-13 10:26:16.234 W/ContextImpl( 2404): Calling a method in the system process without a qualified user: android.app.ContextImpl.sendBroadcast:1345 android.content.ContextWrapper.sendBroadcast:377 com.suma.midware.back.esg.e.f:-1 com.suma.midware.back.esg.f.run:-1 com.suma.midware.prop.util.c.run:-1 
11-13 10:26:17.239 W/ContextImpl( 2404): Calling a method in the system process without a qualified user: android.app.ContextImpl.sendBroadcast:1345 android.content.ContextWrapper.sendBroadcast:377 com.suma.midware.back.esg.e.f:-1 com.suma.midware.back.esg.f.run:-1 com.suma.midware.prop.util.c.run:-1 
11-13 10:26:18.242 W/ContextImpl( 2404): Calling a method in the system process without a qualified user: android.app.ContextImpl.sendBroadcast:1345 android.content.ContextWrapper.sendBroadcast:377 com.suma.midware.back.esg.e.f:-1 com.suma.midware.back.esg.f.run:-1 com.suma.midware.prop.util.c.run:-1 
11-13 10:27:16.576 V/WindowManager( 2033): not Base app: Adding window Window{821572b u0 com.yzx.im_demo/com.ipanel.videotalk.home.HomeActivity} at 8 of 14
11-13 10:27:17.508 I/ActivityManager( 2033): START u0 {flg=0x20000 cmp=com.yzx.im_demo/com.ipanel.videotalk.VideoCallActivty (has extras)} from uid 10045 on display 0
11-13 10:27:17.509 V/WindowManager( 2033): addAppToken: AppWindowToken{b7e07d2 token=Token{1920825d ActivityRecord{292b7434 u0 com.yzx.im_demo/com.ipanel.videotalk.VideoCallActivty t1131}}} to stack=1 task=1131 at 2
11-13 10:27:17.531 W/BackupManagerService( 2033): dataChanged but no participant pkg='com.android.providers.settings' uid=10045
11-13 10:27:17.552 V/WindowManager( 2033): Adding window Window{31de2891 u0 com.yzx.im_demo/com.ipanel.videotalk.VideoCallActivty} at 8 of 15 (after Window{91ff912 u0 com.yzx.im_demo/com.ipanel.videotalk.home.HomeActivity})
11-13 10:27:17.559 V/WindowManager( 2033): Adding window Window{3a23f3f7 u0 SurfaceView} at 9 of 16 (before Window{184a611b u0 com.yzx.im_demo})
11-13 10:27:17.576 V/WindowManager( 2033): Adding window Window{1dabbccd u0 SurfaceView} at 8 of 17 (before Window{31de2891 u0 com.yzx.im_demo/com.ipanel.videotalk.VideoCallActivty})
11-13 10:27:17.580 V/WindowManager( 2033): Adding window Window{2299d893 u0 SurfaceView} at 8 of 18 (before Window{1dabbccd u0 SurfaceView})
11-13 10:27:18.115 V/WindowManager( 2033): Adding window Window{245546da u0 SurfaceView} at 8 of 17 (before Window{31de2891 u0 com.yzx.im_demo/com.ipanel.videotalk.VideoCallActivty})
11-13 10:27:18.124 V/WindowManager( 2033): Adding window Window{116949e8 u0 SurfaceView} at 10 of 18 (after Window{31de2891 u0 com.yzx.im_demo/com.ipanel.videotalk.VideoCallActivty})
11-13 10:27:21.297 W/ContextImpl( 2404): Calling a method in the system process without a qualified user: android.app.ContextImpl.sendBroadcast:1345 android.content.ContextWrapper.sendBroadcast:377 com.suma.midware.back.esg.e.f:-1 com.suma.midware.back.esg.f.run:-1 com.suma.midware.prop.util.c.run:-1 
11-13 10:27:22.300 W/ContextImpl( 2404): Calling a method in the system process without a qualified user: android.app.ContextImpl.sendBroadcast:1345 android.content.ContextWrapper.sendBroadcast:377 com.suma.midware.back.esg.e.f:-1 com.suma.midware.back.esg.f.run:-1 com.suma.midware.prop.util.c.run:-1 
11-13 10:27:23.304 W/ContextImpl( 2404): Calling a method in the system process without a qualified user: android.app.ContextImpl.sendBroadcast:1345 android.content.ContextWrapper.sendBroadcast:377 com.suma.midware.back.esg.e.f:-1 com.suma.midware.back.esg.f.run:-1 com.suma.midware.prop.util.c.run:-1 
11-13 10:27:45.003 V/WindowManager( 2033): not Base app: Adding window Window{1f03c8e7 u0 com.yzx.im_demo/com.ipanel.videotalk.VideoCallActivty} at 11 of 19
11-13 10:27:47.108 W/ActivityManager( 2033): Duplicate finish request for ActivityRecord{292b7434 u0 com.yzx.im_demo/com.ipanel.videotalk.VideoCallActivty t1131 f}
11-13 10:27:47.365 W/BackupManagerService( 2033): dataChanged but no participant pkg='com.android.providers.settings' uid=10045
11-13 10:27:48.280 V/WindowManager( 2033): not Base app: Adding window Window{2d7d1a8a u0 com.yzx.im_demo/com.ipanel.videotalk.home.HomeActivity} at 8 of 14
11-13 10:27:49.291 I/ActivityManager( 2033): START u0 {flg=0x20000 cmp=com.yzx.im_demo/com.ipanel.videotalk.VideoCallActivty (has extras)} from uid 10045 on display 0
11-13 10:27:49.293 V/WindowManager( 2033): addAppToken: AppWindowToken{3e4ba5ad token=Token{116ad2c4 ActivityRecord{32bab9d7 u0 com.yzx.im_demo/com.ipanel.videotalk.VideoCallActivty t1131}}} to stack=1 task=1131 at 2
11-13 10:27:49.313 W/BackupManagerService( 2033): dataChanged but no participant pkg='com.android.providers.settings' uid=10045
11-13 10:27:49.339 V/WindowManager( 2033): Adding window Window{35d93a3a u0 com.yzx.im_demo/com.ipanel.videotalk.VideoCallActivty} at 8 of 14 (after Window{91ff912 u0 com.yzx.im_demo/com.ipanel.videotalk.home.HomeActivity})
11-13 10:27:49.373 V/WindowManager( 2033): Adding window Window{23afdc48 u0 SurfaceView} at 8 of 15 (before Window{35d93a3a u0 com.yzx.im_demo/com.ipanel.videotalk.VideoCallActivty})
11-13 10:27:49.379 V/WindowManager( 2033): Adding window Window{3710c006 u0 SurfaceView} at 8 of 16 (before Window{23afdc48 u0 SurfaceView})
11-13 10:27:49.835 V/WindowManager( 2033): Adding window Window{23811519 u0 SurfaceView} at 8 of 15 (before Window{35d93a3a u0 com.yzx.im_demo/com.ipanel.videotalk.VideoCallActivty})
11-13 10:27:49.857 V/WindowManager( 2033): Adding window Window{19fb6e8c u0 SurfaceView} at 10 of 16 (after Window{35d93a3a u0 com.yzx.im_demo/com.ipanel.videotalk.VideoCallActivty})
11-13 10:28:26.326 W/ContextImpl( 2404): Calling a method in the system process without a qualified user: android.app.ContextImpl.sendBroadcast:1345 android.content.ContextWrapper.sendBroadcast:377 com.suma.midware.back.esg.e.f:-1 com.suma.midware.back.esg.f.run:-1 com.suma.midware.prop.util.c.run:-1 
11-13 10:28:27.327 W/ContextImpl( 2404): Calling a method in the system process without a qualified user: android.app.ContextImpl.sendBroadcast:1345 android.content.ContextWrapper.sendBroadcast:377 com.suma.midware.back.esg.e.f:-1 com.suma.midware.back.esg.f.run:-1 com.suma.midware.prop.util.c.run:-1 
11-13 10:28:28.329 W/ContextImpl( 2404): Calling a method in the system process without a qualified user: android.app.ContextImpl.sendBroadcast:1345 android.content.ContextWrapper.sendBroadcast:377 com.suma.midware.back.esg.e.f:-1 com.suma.midware.back.esg.f.run:-1 com.suma.midware.prop.util.c.run:-1 
11-13 10:28:59.382 W/BackupManagerService( 2033): dataChanged but no participant pkg='com.android.providers.settings' uid=10045
11-13 10:29:31.382 W/ContextImpl( 2404): Calling a method in the system process without a qualified user: android.app.ContextImpl.sendBroadcast:1345 android.content.ContextWrapper.sendBroadcast:377 com.suma.midware.back.esg.e.f:-1 com.suma.midware.back.esg.f.run:-1 com.suma.midware.prop.util.c.run:-1 
11-13 10:29:32.385 W/ContextImpl( 2404): Calling a method in the system process without a qualified user: android.app.ContextImpl.sendBroadcast:1345 android.content.ContextWrapper.sendBroadcast:377 com.suma.midware.back.esg.e.f:-1 com.suma.midware.back.esg.f.run:-1 com.suma.midware.prop.util.c.run:-1 
11-13 10:29:33.388 W/ContextImpl( 2404): Calling a method in the system process without a qualified user: android.app.ContextImpl.sendBroadcast:1345 android.content.ContextWrapper.sendBroadcast:377 com.suma.midware.back.esg.e.f:-1 com.suma.midware.back.esg.f.run:-1 com.suma.midware.prop.util.c.run:-1 
11-13 10:30:36.443 W/ContextImpl( 2404): Calling a method in the system process without a qualified user: android.app.ContextImpl.sendBroadcast:1345 android.content.ContextWrapper.sendBroadcast:377 com.suma.midware.back.esg.e.f:-1 com.suma.midware.back.esg.f.run:-1 com.suma.midware.prop.util.c.run:-1 
11-13 10:30:37.446 W/ContextImpl( 2404): Calling a method in the system process without a qualified user: android.app.ContextImpl.sendBroadcast:1345 android.content.ContextWrapper.sendBroadcast:377 com.suma.midware.back.esg.e.f:-1 com.suma.midware.back.esg.f.run:-1 com.suma.midware.prop.util.c.run:-1 
11-13 10:30:38.449 W/ContextImpl( 2404): Calling a method in the system process without a qualified user: android.app.ContextImpl.sendBroadcast:1345 android.content.ContextWrapper.sendBroadcast:377 com.suma.midware.back.esg.e.f:-1 com.suma.midware.back.esg.f.run:-1 com.suma.midware.prop.util.c.run:-1 
11-13 10:31:41.522 W/ContextImpl( 2404): Calling a method in the system process without a qualified user: android.app.ContextImpl.sendBroadcast:1345 android.content.ContextWrapper.sendBroadcast:377 com.suma.midware.back.esg.e.f:-1 com.suma.midware.back.esg.f.run:-1 com.suma.midware.prop.util.c.run:-1 
11-13 10:31:42.525 W/ContextImpl( 2404): Calling a method in the system process without a qualified user: android.app.ContextImpl.sendBroadcast:1345 android.content.ContextWrapper.sendBroadcast:377 com.suma.midware.back.esg.e.f:-1 com.suma.midware.back.esg.f.run:-1 com.suma.midware.prop.util.c.run:-1 
11-13 10:31:43.528 W/ContextImpl( 2404): Calling a method in the system process without a qualified user: android.app.ContextImpl.sendBroadcast:1345 android.content.ContextWrapper.sendBroadcast:377 com.suma.midware.back.esg.e.f:-1 com.suma.midware.back.esg.f.run:-1 com.suma.midware.prop.util.c.run:-1 
11-13 10:32:46.573 W/ContextImpl( 2404): Calling a method in the system process without a qualified user: android.app.ContextImpl.sendBroadcast:1345 android.content.ContextWrapper.sendBroadcast:377 com.suma.midware.back.esg.e.f:-1 com.suma.midware.back.esg.f.run:-1 com.suma.midware.prop.util.c.run:-1 
11-13 10:32:47.576 W/ContextImpl( 2404): Calling a method in the system process without a qualified user: android.app.ContextImpl.sendBroadcast:1345 android.content.ContextWrapper.sendBroadcast:377 com.suma.midware.back.esg.e.f:-1 com.suma.midware.back.esg.f.run:-1 com.suma.midware.prop.util.c.run:-1 
11-13 10:32:48.578 W/ContextImpl( 2404): Calling a method in the system process without a qualified user: android.app.ContextImpl.sendBroadcast:1345 android.content.ContextWrapper.sendBroadcast:377 com.suma.midware.back.esg.e.f:-1 com.suma.midware.back.esg.f.run:-1 com.suma.midware.prop.util.c.run:-1 
11-13 10:33:51.624 W/ContextImpl( 2404): Calling a method in the system process without a qualified user: android.app.ContextImpl.sendBroadcast:1345 android.content.ContextWrapper.sendBroadcast:377 com.suma.midware.back.esg.e.f:-1 com.suma.midware.back.esg.f.run:-1 com.suma.midware.prop.util.c.run:-1 
11-13 10:33:52.627 W/ContextImpl( 2404): Calling a method in the system process without a qualified user: android.app.ContextImpl.sendBroadcast:1345 android.content.ContextWrapper.sendBroadcast:377 com.suma.midware.back.esg.e.f:-1 com.suma.midware.back.esg.f.run:-1 com.suma.midware.prop.util.c.run:-1 
11-13 10:33:53.630 W/ContextImpl( 2404): Calling a method in the system process without a qualified user: android.app.ContextImpl.sendBroadcast:1345 android.content.ContextWrapper.sendBroadcast:377 com.suma.midware.back.esg.e.f:-1 com.suma.midware.back.esg.f.run:-1 com.suma.midware.prop.util.c.run:-1 
11-13 10:34:56.682 W/ContextImpl( 2404): Calling a method in the system process without a qualified user: android.app.ContextImpl.sendBroadcast:1345 android.content.ContextWrapper.sendBroadcast:377 com.suma.midware.back.esg.e.f:-1 com.suma.midware.back.esg.f.run:-1 com.suma.midware.prop.util.c.run:-1 
11-13 10:34:57.685 W/ContextImpl( 2404): Calling a method in the system process without a qualified user: android.app.ContextImpl.sendBroadcast:1345 android.content.ContextWrapper.sendBroadcast:377 com.suma.midware.back.esg.e.f:-1 com.suma.midware.back.esg.f.run:-1 com.suma.midware.prop.util.c.run:-1 
11-13 10:34:58.689 W/ContextImpl( 2404): Calling a method in the system process without a qualified user: android.app.ContextImpl.sendBroadcast:1345 android.content.ContextWrapper.sendBroadcast:377 com.suma.midware.back.esg.e.f:-1 com.suma.midware.back.esg.f.run:-1 com.suma.midware.prop.util.c.run:-1 
11-13 10:36:01.745 W/ContextImpl( 2404): Calling a method in the system process without a qualified user: android.app.ContextImpl.sendBroadcast:1345 android.content.ContextWrapper.sendBroadcast:377 com.suma.midware.back.esg.e.f:-1 com.suma.midware.back.esg.f.run:-1 com.suma.midware.prop.util.c.run:-1 
11-13 10:36:02.748 W/ContextImpl( 2404): Calling a method in the system process without a qualified user: android.app.ContextImpl.sendBroadcast:1345 android.content.ContextWrapper.sendBroadcast:377 com.suma.midware.back.esg.e.f:-1 com.suma.midware.back.esg.f.run:-1 com.suma.midware.prop.util.c.run:-1 
11-13 10:36:03.751 W/ContextImpl( 2404): Calling a method in the system process without a qualified user: android.app.ContextImpl.sendBroadcast:1345 android.content.ContextWrapper.sendBroadcast:377 com.suma.midware.back.esg.e.f:-1 com.suma.midware.back.esg.f.run:-1 com.suma.midware.prop.util.c.run:-1 
11-13 10:36:35.723 I/ActivityManager( 2033): START u0 {act=android.intent.action.MAIN cat=[android.intent.category.HOME] flg=0x10200000 cmp=com.suma.midware.home/.third.Main3DActivity} from uid 1000 on display 0
11-13 10:36:35.744 I/ActivityManager( 2033): Force stopping com.android.browser appid=10010 user=0: from pid 2404
11-13 10:36:35.765 I/WindowState( 2033): WIN DEATH: Window{209d84f7 u0 com.sumavision.android.media.v/com.sumavision.android.media.v.MediaAppActivity}
11-13 10:36:35.766 I/ActivityManager( 2033): Process com.sumavision.android.media.v (pid 8032) has died
11-13 10:36:35.781 W/ContextImpl( 2514): Calling a method in the system process without a qualified user: android.app.ContextImpl.sendBroadcast:1345 android.content.ContextWrapper.sendBroadcast:377 com.suma.midware.view.ext.BluetoothUpdate.b:-1 com.suma.midware.home.third.Main3DActivity.onResume:-1 android.app.Instrumentation.callActivityOnResume:1257 
11-13 10:36:35.795 W/ContextImpl( 2514): Calling a method in the system process without a qualified user: android.app.ContextImpl.sendBroadcast:1345 android.content.ContextWrapper.sendBroadcast:377 android.app.ActivityThread.performResumeActivity:2982 android.app.ActivityThread.handleResumeActivity:3023 android.app.ActivityThread$H.handleMessage:1347 
11-13 10:36:35.795 I/ActivityManager( 2033): Force stopping com.suma.midware.vod appid=1000 user=0: from pid 2514
11-13 10:36:42.144 I/ActivityManager( 2033): START u0 {act= cmp=com.ipanel.android_webview.shell/com.ipanel.webapp.BrowserActivity (has extras)} from uid 1000 on display 0
11-13 10:36:42.150 W/ContextImpl( 2514): Calling a method in the system process without a qualified user: android.app.ContextImpl.sendBroadcast:1345 android.content.ContextWrapper.sendBroadcast:377 android.app.ActivityThread.performPauseActivity:3259 android.app.ActivityThread.performPauseActivity:3225 android.app.ActivityThread.handlePauseActivity:3200 
11-13 10:36:42.153 V/WindowManager( 2033): Adding window Window{3fa034a7 u0 Starting com.ipanel.android_webview.shell} at 7 of 13 (after Window{91ff912 u0 com.yzx.im_demo/com.ipanel.videotalk.home.HomeActivity})
11-13 10:36:42.178 I/ActivityManager( 2033): Start proc 9782:com.ipanel.android_webview.shell/u0a35 for activity com.ipanel.android_webview.shell/com.ipanel.webapp.BrowserActivity
11-13 10:36:42.933 V/WindowManager( 2033): Adding window Window{2d8cf725 u0 com.ipanel.android_webview.shell/com.ipanel.webapp.BrowserActivity} at 7 of 14 (before Window{3fa034a7 u0 Starting com.ipanel.android_webview.shell})
11-13 10:36:42.958 D/ConnectivityService( 2033): listenForNetwork for NetworkRequest [ id=10, legacyType=-1, [ Capabilities: INTERNET&NOT_RESTRICTED&TRUSTED] ]
11-13 10:36:42.958 D/ConnectivityService( 2033): handleRegisterNetworkRequest checking NetworkAgentInfo [WIFI () - 100]
11-13 10:36:42.958 D/ConnectivityService( 2033): apparently satisfied.  currentScore=60
11-13 10:36:43.004 V/WindowManager( 2033): Adding window Window{3308e2c6 u0 SurfaceView} at 7 of 15 (before Window{2d8cf725 u0 com.ipanel.android_webview.shell/com.ipanel.webapp.BrowserActivity})
11-13 10:36:43.018 V/WindowManager( 2033): Adding window Window{283835b4 u0 SurfaceView} at 8 of 16 (before Window{2d8cf725 u0 com.ipanel.android_webview.shell/com.ipanel.webapp.BrowserActivity})
11-13 10:36:43.041 W/ViewRootImpl( 9782): Cancelling event due to no window focus: KeyEvent { action=ACTION_UP, keyCode=KEYCODE_DPAD_CENTER, scanCode=28, metaState=0, flags=0x80000028, repeatCount=0, eventTime=6702585, downTime=6702374, deviceId=4, source=0x701 }
11-13 10:36:43.041 W/ViewRootImpl( 9782): Cancelling event due to no window focus: KeyEvent { action=ACTION_UP, keyCode=KEYCODE_DPAD_CENTER, scanCode=28, metaState=0, flags=0x80000028, repeatCount=0, eventTime=6702585, downTime=6702374, deviceId=4, source=0x701 }
11-13 10:36:43.041 W/ViewRootImpl( 9782): Cancelling event due to no window focus: KeyEvent { action=ACTION_UP, keyCode=KEYCODE_DPAD_CENTER, scanCode=28, metaState=0, flags=0x80000028, repeatCount=0, eventTime=6702585, downTime=6702374, deviceId=4, source=0x701 }
11-13 10:36:43.041 W/ViewRootImpl( 9782): Cancelling event due to no window focus: KeyEvent { action=ACTION_UP, keyCode=KEYCODE_DPAD_CENTER, scanCode=28, metaState=0, flags=0x80000028, repeatCount=0, eventTime=6702585, downTime=6702374, deviceId=4, source=0x701 }
11-13 10:36:43.041 W/ViewRootImpl( 9782): Cancelling event due to no window focus: KeyEvent { action=ACTION_UP, keyCode=KEYCODE_DPAD_CENTER, scanCode=28, metaState=0, flags=0x80000028, repeatCount=0, eventTime=6702585, downTime=6702374, deviceId=4, source=0x701 }
11-13 10:36:43.041 W/ViewRootImpl( 9782): Cancelling event due to no window focus: KeyEvent { action=ACTION_UP, keyCode=KEYCODE_DPAD_CENTER, scanCode=28, metaState=0, flags=0x80000028, repeatCount=0, eventTime=6702585, downTime=6702374, deviceId=4, source=0x701 }
11-13 10:36:43.048 W/ViewRootImpl( 9782): Cancelling event due to no window focus: KeyEvent { action=ACTION_UP, keyCode=KEYCODE_DPAD_CENTER, scanCode=28, metaState=0, flags=0x80000028, repeatCount=0, eventTime=6702585, downTime=6702374, deviceId=4, source=0x701 }
11-13 10:36:43.048 W/ViewRootImpl( 9782): Cancelling event due to no window focus: KeyEvent { action=ACTION_UP, keyCode=KEYCODE_DPAD_CENTER, scanCode=28, metaState=0, flags=0x80000028, repeatCount=0, eventTime=6702585, downTime=6702374, deviceId=4, source=0x701 }
11-13 10:36:43.048 W/ViewRootImpl( 9782): Cancelling event due to no window focus: KeyEvent { action=ACTION_UP, keyCode=KEYCODE_DPAD_CENTER, scanCode=28, metaState=0, flags=0x80000028, repeatCount=0, eventTime=6702585, downTime=6702374, deviceId=4, source=0x701 }
11-13 10:36:55.059 I/ActivityManager( 2033): Process com.suma.midware.setting (pid 2716) has died
11-13 10:36:55.120 W/ActivityManager( 2033): Scheduling restart of crashed service com.suma.midware.setting/.SetService in 1000ms
11-13 10:36:55.122 I/ActivityManager( 2033): Process com.sumavision.admindm (pid 6849) has died
11-13 10:36:55.122 W/ActivityManager( 2033): Scheduling restart of crashed service com.sumavision.admindm/.Session in 10998ms
11-13 10:36:55.122 D/WifiService( 2033): Client connection lost with reason: 4
11-13 10:36:55.122 D/WifiService( 2033): Client connection lost with reason: 4
11-13 10:36:55.126 I/ActivityManager( 2033): Process com.android.documentsui (pid 7956) has died
11-13 10:36:56.144 I/ActivityManager( 2033): Start proc 9912:com.suma.midware.setting/1000 for service com.suma.midware.setting/.SetService
11-13 10:36:56.237 W/ContextImpl( 9912): Calling a method in the system process without a qualified user: android.app.ContextImpl.bindService:1774 android.content.ContextWrapper.bindService:539 com.suma.midware.prop.i.b:-1 com.suma.midware.prop.i.a:-1 com.suma.midware.setting.SetApplication.onCreate:-1 
11-13 10:36:59.329 I/WindowState( 2033): WIN DEATH: Window{91ff912 u0 com.yzx.im_demo/com.ipanel.videotalk.home.HomeActivity}
11-13 10:36:59.329 D/WifiService( 2033): Client connection lost with reason: 4
11-13 10:36:59.330 I/ActivityManager( 2033): Process com.yzx.im_demo (pid 8274) has died
11-13 10:36:59.330 W/ActivityManager( 2033): Scheduling restart of crashed service com.yzx.im_demo/com.yzx.service.ConnectionService in 16790ms
11-13 10:36:59.331 I/WindowState( 2033): WIN DEATH: Window{2d5f2913 u0 com.yzx.im_demo/com.ipanel.videotalk.login.LoginActivty}
11-13 10:37:06.189 I/ActivityManager( 2033): Start proc 9952:com.sumavision.admindm/1000 for service com.sumavision.admindm/.Session
11-13 10:37:06.308 W/ContextImpl( 9952): Calling a method in the system process without a qualified user: android.app.ContextImpl.bindService:1774 android.content.ContextWrapper.bindService:539 com.suma.midware.prop.i.c:-1 com.suma.midware.prop.i.a:-1 com.sumavision.b.a.<init>:-1 
11-13 10:37:06.806 W/ContextImpl( 2404): Calling a method in the system process without a qualified user: android.app.ContextImpl.sendBroadcast:1345 android.content.ContextWrapper.sendBroadcast:377 com.suma.midware.back.esg.e.f:-1 com.suma.midware.back.esg.f.run:-1 com.suma.midware.prop.util.c.run:-1 
11-13 10:37:07.797 I/ActivityManager( 2033): Start proc 9973:com.yzx.im_demo/u0a45 for broadcast com.yzx.im_demo/com.yzxtcp.tools.tcp.receiver.AlarmReceiver
11-13 10:37:07.808 W/ContextImpl( 2404): Calling a method in the system process without a qualified user: android.app.ContextImpl.sendBroadcast:1345 android.content.ContextWrapper.sendBroadcast:377 com.suma.midware.back.esg.e.f:-1 com.suma.midware.back.esg.f.run:-1 com.suma.midware.prop.util.c.run:-1 
11-13 10:37:07.814 W/ResourcesManager( 9973): Asset path '/system/framework/android.test.runner.jar' does not exist or contains no resources.
11-13 10:37:08.810 W/ContextImpl( 2404): Calling a method in the system process without a qualified user: android.app.ContextImpl.sendBroadcast:1345 android.content.ContextWrapper.sendBroadcast:377 com.suma.midware.back.esg.e.f:-1 com.suma.midware.back.esg.f.run:-1 com.suma.midware.prop.util.c.run:-1 
11-13 10:37:16.409 D/WifiService( 2033): New client listening to asynchronous messages
11-13 10:38:11.851 W/ContextImpl( 2404): Calling a method in the system process without a qualified user: android.app.ContextImpl.sendBroadcast:1345 android.content.ContextWrapper.sendBroadcast:377 com.suma.midware.back.esg.e.f:-1 com.suma.midware.back.esg.f.run:-1 com.suma.midware.prop.util.c.run:-1 
11-13 10:38:12.854 W/ContextImpl( 2404): Calling a method in the system process without a qualified user: android.app.ContextImpl.sendBroadcast:1345 android.content.ContextWrapper.sendBroadcast:377 com.suma.midware.back.esg.e.f:-1 com.suma.midware.back.esg.f.run:-1 com.suma.midware.prop.util.c.run:-1 
11-13 10:38:13.856 W/ContextImpl( 2404): Calling a method in the system process without a qualified user: android.app.ContextImpl.sendBroadcast:1345 android.content.ContextWrapper.sendBroadcast:377 com.suma.midware.back.esg.e.f:-1 com.suma.midware.back.esg.f.run:-1 com.suma.midware.prop.util.c.run:-1 
11-13 10:38:17.096 I/ActivityManager( 2033): Process com.huan.appstore (pid 7809) has died
11-13 10:38:17.100 W/ActivityManager( 2033): Scheduling restart of crashed service com.huan.appstore/.service.HuanAppDownloadService in 1000ms
11-13 10:38:17.100 W/ActivityManager( 2033): Scheduling restart of crashed service com.huan.appstore/.service.BootService in 11000ms
11-13 10:38:17.132 I/ActivityManager( 2033): Process com.android.packageinstaller (pid 8124) has died
11-13 10:38:17.167 I/ActivityManager( 2033): Process com.android.keychain (pid 7892) has died
11-13 10:38:17.194 I/ActivityManager( 2033): Process com.android.defcontainer (pid 7930) has died
11-13 10:38:18.144 I/ActivityManager( 2033): Start proc 10090:com.huan.appstore/u0a21 for service com.huan.appstore/.service.HuanAppDownloadService
11-13 10:38:18.338 W/ActivityManager( 2033): Unable to start service Intent { act=com.huan.packageinstaller.PackageInstallerService } U=0: not found
11-13 10:38:18.341 W/ActivityManager( 2033): Unable to start service Intent { act=com.huan.packageinstaller.UninstallerService } U=0: not found
11-13 10:38:23.595 I/ActivityManager( 2033): START u0 {act=android.intent.action.MAIN cat=[android.intent.category.HOME] flg=0x10200000 cmp=com.suma.midware.home/.third.Main3DActivity} from uid 1000 on display 0
11-13 10:38:23.652 I/ActivityManager( 2033): Force stopping com.android.browser appid=10010 user=0: from pid 2404
11-13 10:38:23.700 W/ContextImpl( 2514): Calling a method in the system process without a qualified user: android.app.ContextImpl.sendBroadcast:1345 android.content.ContextWrapper.sendBroadcast:377 com.suma.midware.view.ext.BluetoothUpdate.b:-1 com.suma.midware.home.third.Main3DActivity.onResume:-1 android.app.Instrumentation.callActivityOnResume:1257 
11-13 10:38:23.704 W/ContextImpl( 2514): Calling a method in the system process without a qualified user: android.app.ContextImpl.sendBroadcast:1345 android.content.ContextWrapper.sendBroadcast:377 android.app.ActivityThread.performResumeActivity:2982 android.app.ActivityThread.handleResumeActivity:3023 android.app.ActivityThread$H.handleMessage:1347 
11-13 10:38:23.704 I/ActivityManager( 2033): Force stopping com.suma.midware.vod appid=1000 user=0: from pid 2514
11-13 10:38:27.962 I/ActivityManager( 2033): START u0 {act= cmp=com.ipanel.android_webview.shell/com.ipanel.webapp.BrowserActivity (has extras)} from uid 1000 on display 0
11-13 10:38:27.971 W/ContextImpl( 2514): Calling a method in the system process without a qualified user: android.app.ContextImpl.sendBroadcast:1345 android.content.ContextWrapper.sendBroadcast:377 android.app.ActivityThread.performPauseActivity:3259 android.app.ActivityThread.performPauseActivity:3225 android.app.ActivityThread.handlePauseActivity:3200 
11-13 10:38:28.202 W/ViewRootImpl( 9782): Cancelling event due to no window focus: KeyEvent { action=ACTION_UP, keyCode=KEYCODE_DPAD_CENTER, scanCode=28, metaState=0, flags=0x80000028, repeatCount=0, eventTime=6808398, downTime=6808189, deviceId=4, source=0x701 }
11-13 10:38:28.202 W/ViewRootImpl( 9782): Cancelling event due to no window focus: KeyEvent { action=ACTION_UP, keyCode=KEYCODE_DPAD_CENTER, scanCode=28, metaState=0, flags=0x80000028, repeatCount=0, eventTime=6808398, downTime=6808189, deviceId=4, source=0x701 }
11-13 10:38:28.202 W/ViewRootImpl( 9782): Cancelling event due to no window focus: KeyEvent { action=ACTION_UP, keyCode=KEYCODE_DPAD_CENTER, scanCode=28, metaState=0, flags=0x80000028, repeatCount=0, eventTime=6808398, downTime=6808189, deviceId=4, source=0x701 }
11-13 10:38:28.202 W/ViewRootImpl( 9782): Cancelling event due to no window focus: KeyEvent { action=ACTION_UP, keyCode=KEYCODE_DPAD_CENTER, scanCode=28, metaState=0, flags=0x80000028, repeatCount=0, eventTime=6808398, downTime=6808189, deviceId=4, source=0x701 }
11-13 10:38:28.203 W/ViewRootImpl( 9782): Cancelling event due to no window focus: KeyEvent { action=ACTION_UP, keyCode=KEYCODE_DPAD_CENTER, scanCode=28, metaState=0, flags=0x80000028, repeatCount=0, eventTime=6808398, downTime=6808189, deviceId=4, source=0x701 }
11-13 10:38:28.203 W/ViewRootImpl( 9782): Cancelling event due to no window focus: KeyEvent { action=ACTION_UP, keyCode=KEYCODE_DPAD_CENTER, scanCode=28, metaState=0, flags=0x80000028, repeatCount=0, eventTime=6808398, downTime=6808189, deviceId=4, source=0x701 }
11-13 10:38:36.227 I/ActivityManager( 2033): Process com.android.externalstorage (pid 7743) has died
11-13 10:38:36.254 I/ActivityManager( 2033): Process android.process.media (pid 2144) has died
11-13 10:38:36.277 I/WindowState( 2033): WIN DEATH: Window{29f18dfb u0 com.suma.midware.dvb/com.suma.midware.dvb.play.PlayActivity}
11-13 10:38:36.281 I/ActivityManager( 2033): Process com.suma.midware.dvb (pid 2781) has died
11-13 10:38:37.039 I/ActivityManager( 2033): Low on memory:
11-13 10:38:37.039 I/ActivityManager( 2033):   ntv   N     8747 kB: mediaserver (pid 1568) native
11-13 10:38:37.039 I/ActivityManager( 2033):   ntv   N     5200 kB: ngb_server (pid 1581) native
11-13 10:38:37.039 I/ActivityManager( 2033):   ntv   N     3493 kB: zygote (pid 1583) native
11-13 10:38:37.039 I/ActivityManager( 2033):   ntv   N     2490 kB: surfaceflinger (pid 1564) native
11-13 10:38:37.039 I/ActivityManager( 2033):   ntv   N     2156 kB: logd (pid 1559) native
11-13 10:38:37.039 I/ActivityManager( 2033):   ntv   N     2142 kB: netmanager (pid 1572) native
11-13 10:38:37.039 I/ActivityManager( 2033):   ntv   N     1490 kB: drmserver (pid 1567) native
11-13 10:38:37.039 I/ActivityManager( 2033):   ntv   N     1362 kB: hiaoservice (pid 1574) native
11-13 10:38:37.039 I/ActivityManager( 2033):   ntv   N     1295 kB: hisysmanager (pid 1575) native
11-13 10:38:37.039 I/ActivityManager( 2033):   ntv   N     1043 kB: wpa_supplicant (pid 2433) native
11-13 10:38:37.039 I/ActivityManager( 2033):   ntv   N      966 kB: vold (pid 1563) native
11-13 10:38:37.039 I/ActivityManager( 2033):   ntv   N      878 kB: android_ir_user (pid 1585) native
11-13 10:38:37.039 I/ActivityManager( 2033):   ntv   N      769 kB: netd (pid 1565) native
11-13 10:38:37.039 I/ActivityManager( 2033):   ntv   N      758 kB: displaysetting (pid 1577) native
11-13 10:38:37.039 I/ActivityManager( 2033):   ntv   N      740 kB: nginx: worker process (pid 1721) native
11-13 10:38:37.039 I/ActivityManager( 2033):   ntv   N      657 kB: netshared (pid 1576) native
11-13 10:38:37.039 I/ActivityManager( 2033):   ntv   N      654 kB: keystore (pid 1570) native
11-13 10:38:37.039 I/ActivityManager( 2033):   ntv   N      654 kB: nginx.conf (pid 1582) native
11-13 10:38:37.039 I/ActivityManager( 2033):   ntv   N      624 kB: pqsetting (pid 1578) native
11-13 10:38:37.039 I/ActivityManager( 2033):   ntv   N      532 kB: adbd (pid 1586) native
11-13 10:38:37.039 I/ActivityManager( 2033):   ntv   N     4678 kB: (Other native)
11-13 10:38:37.039 I/ActivityManager( 2033):   sys   P    40923 kB: system (pid 2033) fixed
11-13 10:38:37.039 I/ActivityManager( 2033):   pers  P    29275 kB: com.android.systemui (pid 2181) fixed
11-13 10:38:37.039 I/ActivityManager( 2033):   pers  P    26087 kB: com.suma.midware.back (pid 2404) fixed
11-13 10:38:37.039 I/ActivityManager( 2033):   pers  P    13520 kB: com.suma.midware.dms (pid 2448) fixed
11-13 10:38:37.039 I/ActivityManager( 2033):   pers  P     6790 kB: com.suma.midware.global (pid 2471) fixed
11-13 10:38:37.039 I/ActivityManager( 2033):   pers  P     6504 kB: com.android.phone (pid 2496) fixed
11-13 10:38:37.039 I/ActivityManager( 2033):   pers  P     4203 kB: com.hisilicon.android.hiRMService (pid 2424) fixed
