--------- beginning of system
11-13 09:46:22.638 I/ActivityManager( 2033): START u0 {act= cmp=com.ipanel.android_webview.shell/com.ipanel.webapp.BrowserActivity (has extras)} from uid 1000 on display 0
11-13 09:46:22.646 W/ContextImpl( 2514): Calling a method in the system process without a qualified user: android.app.ContextImpl.sendBroadcast:1345 android.content.ContextWrapper.sendBroadcast:377 android.app.ActivityThread.performPauseActivity:3259 android.app.ActivityThread.performPauseActivity:3225 android.app.ActivityThread.handlePauseActivity:3200 
11-13 09:46:22.654 W/ViewRootImpl( 2514): Cancelling event due to no window focus: KeyEvent { action=ACTION_UP, keyCode=KEYCODE_DPAD_CENTER, scanCode=28, metaState=0, flags=0x28, repeatCount=0, eventTime=3682885, downTime=3682868, deviceId=4, source=0x701 }
11-13 09:46:22.654 W/ViewRootImpl( 2514): Cancelling event due to no window focus: KeyEvent { action=ACTION_UP, keyCode=KEYCODE_DPAD_CENTER, scanCode=28, metaState=0, flags=0x28, repeatCount=0, eventTime=3682885, downTime=3682868, deviceId=4, source=0x701 }
11-13 09:46:22.654 W/ViewRootImpl( 2514): Cancelling event due to no window focus: KeyEvent { action=ACTION_UP, keyCode=KEYCODE_DPAD_CENTER, scanCode=28, metaState=0, flags=0x28, repeatCount=0, eventTime=3682885, downTime=3682868, deviceId=4, source=0x701 }
11-13 09:46:22.654 W/ViewRootImpl( 2514): Cancelling event due to no window focus: KeyEvent { action=ACTION_UP, keyCode=KEYCODE_DPAD_CENTER, scanCode=28, metaState=0, flags=0x28, repeatCount=0, eventTime=3682885, downTime=3682868, deviceId=4, source=0x701 }
11-13 09:46:22.654 W/ViewRootImpl( 2514): Cancelling event due to no window focus: KeyEvent { action=ACTION_UP, keyCode=KEYCODE_DPAD_CENTER, scanCode=28, metaState=0, flags=0x28, repeatCount=0, eventTime=3682885, downTime=3682868, deviceId=4, source=0x701 }
11-13 09:46:22.654 W/ViewRootImpl( 2514): Cancelling event due to no window focus: KeyEvent { action=ACTION_UP, keyCode=KEYCODE_DPAD_CENTER, scanCode=28, metaState=0, flags=0x28, repeatCount=0, eventTime=3682885, downTime=3682868, deviceId=4, source=0x701 }
11-13 09:46:22.757 W/ViewRootImpl( 5849): Cancelling event due to no window focus: KeyEvent { action=ACTION_UP, keyCode=KEYCODE_DPAD_CENTER, scanCode=28, metaState=0, flags=0x80000028, repeatCount=0, eventTime=3682969, downTime=3682868, deviceId=4, source=0x701 }
11-13 09:46:22.757 W/ViewRootImpl( 5849): Cancelling event due to no window focus: KeyEvent { action=ACTION_UP, keyCode=KEYCODE_DPAD_CENTER, scanCode=28, metaState=0, flags=0x80000028, repeatCount=0, eventTime=3682969, downTime=3682868, deviceId=4, source=0x701 }
11-13 09:46:22.757 W/ViewRootImpl( 5849): Cancelling event due to no window focus: KeyEvent { action=ACTION_UP, keyCode=KEYCODE_DPAD_CENTER, scanCode=28, metaState=0, flags=0x80000028, repeatCount=0, eventTime=3682969, downTime=3682868, deviceId=4, source=0x701 }
11-13 09:46:22.757 W/ViewRootImpl( 5849): Cancelling event due to no window focus: KeyEvent { action=ACTION_UP, keyCode=KEYCODE_DPAD_CENTER, scanCode=28, metaState=0, flags=0x80000028, repeatCount=0, eventTime=3682969, downTime=3682868, deviceId=4, source=0x701 }
11-13 09:46:22.757 W/ViewRootImpl( 5849): Cancelling event due to no window focus: KeyEvent { action=ACTION_UP, keyCode=KEYCODE_DPAD_CENTER, scanCode=28, metaState=0, flags=0x80000028, repeatCount=0, eventTime=3682969, downTime=3682868, deviceId=4, source=0x701 }
11-13 09:46:22.758 W/ViewRootImpl( 5849): Cancelling event due to no window focus: KeyEvent { action=ACTION_UP, keyCode=KEYCODE_DPAD_CENTER, scanCode=28, metaState=0, flags=0x80000028, repeatCount=0, eventTime=3682969, downTime=3682868, deviceId=4, source=0x701 }
11-13 09:46:25.114 I/ActivityManager( 2033): moveTaskToBack: TaskRecord{47a8657 #1127 A=com.ipanel.android_webview.shell U=0 sz=1}
11-13 09:46:25.192 W/ContextImpl( 2514): Calling a method in the system process without a qualified user: android.app.ContextImpl.sendBroadcast:1345 android.content.ContextWrapper.sendBroadcast:377 com.suma.midware.view.ext.BluetoothUpdate.b:-1 com.suma.midware.home.third.Main3DActivity.onResume:-1 android.app.Instrumentation.callActivityOnResume:1257 
11-13 09:46:25.198 I/ActivityManager( 2033): Force stopping com.suma.midware.vod appid=1000 user=0: from pid 2514
11-13 09:46:25.201 W/ContextImpl( 2514): Calling a method in the system process without a qualified user: android.app.ContextImpl.sendBroadcast:1345 android.content.ContextWrapper.sendBroadcast:377 android.app.ActivityThread.performResumeActivity:2982 android.app.ActivityThread.handleResumeActivity:3023 android.app.ActivityThread$H.handleMessage:1347 
11-13 09:46:26.840 I/WindowState( 2033): WIN DEATH: Window{10572d5d u0 com.ipanel.android_webview.shell/com.ipanel.webapp.BrowserActivity}
11-13 09:46:26.840 D/ConnectivityService( 2033): ConnectivityService NetworkRequestInfo binderDied(NetworkRequest [ id=6, legacyType=-1, [ Capabilities: INTERNET&NOT_RESTRICTED&TRUSTED] ], android.os.BinderProxy@ed3fd62)
11-13 09:46:26.840 W/WindowManager( 2033): Force-removing child win Window{7576ccc u0 SurfaceView} from container Window{10572d5d u0 com.ipanel.android_webview.shell/com.ipanel.webapp.BrowserActivity}
11-13 09:46:26.841 D/ConnectivityService( 2033): releasing NetworkRequest NetworkRequest [ id=6, legacyType=-1, [ Capabilities: INTERNET&NOT_RESTRICTED&TRUSTED] ]
11-13 09:46:26.843 I/ActivityManager( 2033): Process com.ipanel.android_webview.shell (pid 5849) has died
11-13 09:46:26.846 E/ConnectivityService( 2033): RemoteException caught trying to send a callback msg for NetworkRequest [ id=6, legacyType=-1, [ Capabilities: INTERNET&NOT_RESTRICTED&TRUSTED] ]
11-13 09:46:26.847 W/WindowManager( 2033): Force-removing child win Window{1daf8e1e u0 SurfaceView} from container Window{10572d5d u0 com.ipanel.android_webview.shell/com.ipanel.webapp.BrowserActivity}
11-13 09:46:26.849 W/WindowManager( 2033): Failed looking up window
11-13 09:46:26.849 W/WindowManager( 2033): java.lang.IllegalArgumentException: Requested window android.os.BinderProxy@31de4259 does not exist
11-13 09:46:26.849 W/WindowManager( 2033): 	at com.android.server.wm.WindowManagerService.windowForClientLocked(WindowManagerService.java:8654)
11-13 09:46:26.849 W/WindowManager( 2033): 	at com.android.server.wm.WindowManagerService.windowForClientLocked(WindowManagerService.java:8645)
11-13 09:46:26.849 W/WindowManager( 2033): 	at com.android.server.wm.WindowState$DeathRecipient.binderDied(WindowState.java:1142)
11-13 09:46:26.849 W/WindowManager( 2033): 	at android.os.BinderProxy.sendDeathNotice(Binder.java:551)
11-13 09:46:26.849 I/WindowState( 2033): WIN DEATH: null
11-13 09:46:28.001 I/ActivityManager( 2033): START u0 {act= cmp=com.ipanel.android_webview.shell/com.ipanel.webapp.BrowserActivity (has extras)} from uid 1000 on display 0
11-13 09:46:28.009 W/ContextImpl( 2514): Calling a method in the system process without a qualified user: android.app.ContextImpl.sendBroadcast:1345 android.content.ContextWrapper.sendBroadcast:377 android.app.ActivityThread.performPauseActivity:3259 android.app.ActivityThread.performPauseActivity:3225 android.app.ActivityThread.handlePauseActivity:3200 
11-13 09:46:28.013 V/WindowManager( 2033): Adding window Window{9d44629 u0 Starting com.ipanel.android_webview.shell} at 8 of 13 (after Window{205e500e u0 com.suma.midware.setting/com.suma.midware.setting.net.NetInfoActivity})
11-13 09:46:28.034 I/ActivityManager( 2033): Start proc 6064:com.ipanel.android_webview.shell/u0a35 for activity com.ipanel.android_webview.shell/com.ipanel.webapp.BrowserActivity
11-13 09:46:28.395 V/WindowManager( 2033): Adding window Window{367cda37 u0 com.ipanel.android_webview.shell/com.ipanel.webapp.BrowserActivity} at 8 of 14 (before Window{9d44629 u0 Starting com.ipanel.android_webview.shell})
11-13 09:46:28.419 D/ConnectivityService( 2033): listenForNetwork for NetworkRequest [ id=7, legacyType=-1, [ Capabilities: INTERNET&NOT_RESTRICTED&TRUSTED] ]
11-13 09:46:28.420 D/ConnectivityService( 2033): handleRegisterNetworkRequest checking NetworkAgentInfo [WIFI () - 100]
11-13 09:46:28.420 D/ConnectivityService( 2033): apparently satisfied.  currentScore=60
11-13 09:46:28.500 V/WindowManager( 2033): Adding window Window{20610e10 u0 SurfaceView} at 8 of 15 (before Window{367cda37 u0 com.ipanel.android_webview.shell/com.ipanel.webapp.BrowserActivity})
11-13 09:46:28.585 V/WindowManager( 2033): Adding window Window{4407b0e u0 SurfaceView} at 9 of 16 (before Window{367cda37 u0 com.ipanel.android_webview.shell/com.ipanel.webapp.BrowserActivity})
11-13 09:46:28.654 W/ViewRootImpl( 6064): Cancelling event due to no window focus: KeyEvent { action=ACTION_UP, keyCode=KEYCODE_DPAD_CENTER, scanCode=28, metaState=0, flags=0x80000028, repeatCount=0, eventTime=3688435, downTime=3688226, deviceId=4, source=0x701 }
11-13 09:46:28.654 W/ViewRootImpl( 6064): Cancelling event due to no window focus: KeyEvent { action=ACTION_UP, keyCode=KEYCODE_DPAD_CENTER, scanCode=28, metaState=0, flags=0x80000028, repeatCount=0, eventTime=3688435, downTime=3688226, deviceId=4, source=0x701 }
11-13 09:46:28.654 W/ViewRootImpl( 6064): Cancelling event due to no window focus: KeyEvent { action=ACTION_UP, keyCode=KEYCODE_DPAD_CENTER, scanCode=28, metaState=0, flags=0x80000028, repeatCount=0, eventTime=3688435, downTime=3688226, deviceId=4, source=0x701 }
11-13 09:46:28.654 W/ViewRootImpl( 6064): Cancelling event due to no window focus: KeyEvent { action=ACTION_UP, keyCode=KEYCODE_DPAD_CENTER, scanCode=28, metaState=0, flags=0x80000028, repeatCount=0, eventTime=3688435, downTime=3688226, deviceId=4, source=0x701 }
11-13 09:46:28.654 W/ViewRootImpl( 6064): Cancelling event due to no window focus: KeyEvent { action=ACTION_UP, keyCode=KEYCODE_DPAD_CENTER, scanCode=28, metaState=0, flags=0x80000028, repeatCount=0, eventTime=3688435, downTime=3688226, deviceId=4, source=0x701 }
11-13 09:46:28.654 W/ViewRootImpl( 6064): Cancelling event due to no window focus: KeyEvent { action=ACTION_UP, keyCode=KEYCODE_DPAD_CENTER, scanCode=28, metaState=0, flags=0x80000028, repeatCount=0, eventTime=3688435, downTime=3688226, deviceId=4, source=0x701 }
11-13 09:46:28.656 W/ViewRootImpl( 6064): Cancelling event due to no window focus: KeyEvent { action=ACTION_UP, keyCode=KEYCODE_DPAD_CENTER, scanCode=28, metaState=0, flags=0x80000028, repeatCount=0, eventTime=3688435, downTime=3688226, deviceId=4, source=0x701 }
11-13 09:46:28.656 W/ViewRootImpl( 6064): Cancelling event due to no window focus: KeyEvent { action=ACTION_UP, keyCode=KEYCODE_DPAD_CENTER, scanCode=28, metaState=0, flags=0x80000028, repeatCount=0, eventTime=3688435, downTime=3688226, deviceId=4, source=0x701 }
11-13 09:46:28.656 W/ViewRootImpl( 6064): Cancelling event due to no window focus: KeyEvent { action=ACTION_UP, keyCode=KEYCODE_DPAD_CENTER, scanCode=28, metaState=0, flags=0x80000028, repeatCount=0, eventTime=3688435, downTime=3688226, deviceId=4, source=0x701 }
11-13 09:46:29.082 W/ViewRootImpl( 2514): Cancelling event due to no window focus: KeyEvent { action=ACTION_UP, keyCode=KEYCODE_DPAD_CENTER, scanCode=28, metaState=0, flags=0x28, repeatCount=0, eventTime=3688284, downTime=3688226, deviceId=4, source=0x701 }
11-13 09:46:29.082 W/ViewRootImpl( 2514): Cancelling event due to no window focus: KeyEvent { action=ACTION_UP, keyCode=KEYCODE_DPAD_CENTER, scanCode=28, metaState=0, flags=0x28, repeatCount=0, eventTime=3688284, downTime=3688226, deviceId=4, source=0x701 }
11-13 09:46:29.082 W/ViewRootImpl( 2514): Cancelling event due to no window focus: KeyEvent { action=ACTION_UP, keyCode=KEYCODE_DPAD_CENTER, scanCode=28, metaState=0, flags=0x28, repeatCount=0, eventTime=3688284, downTime=3688226, deviceId=4, source=0x701 }
11-13 09:46:29.083 W/ViewRootImpl( 2514): Cancelling event due to no window focus: KeyEvent { action=ACTION_UP, keyCode=KEYCODE_DPAD_CENTER, scanCode=28, metaState=0, flags=0x28, repeatCount=0, eventTime=3688284, downTime=3688226, deviceId=4, source=0x701 }
11-13 09:46:29.083 W/ViewRootImpl( 2514): Cancelling event due to no window focus: KeyEvent { action=ACTION_UP, keyCode=KEYCODE_DPAD_CENTER, scanCode=28, metaState=0, flags=0x28, repeatCount=0, eventTime=3688284, downTime=3688226, deviceId=4, source=0x701 }
11-13 09:46:29.083 W/ViewRootImpl( 2514): Cancelling event due to no window focus: KeyEvent { action=ACTION_UP, keyCode=KEYCODE_DPAD_CENTER, scanCode=28, metaState=0, flags=0x28, repeatCount=0, eventTime=3688284, downTime=3688226, deviceId=4, source=0x701 }
11-13 09:46:29.083 W/ViewRootImpl( 2514): Cancelling event due to no window focus: KeyEvent { action=ACTION_UP, keyCode=KEYCODE_DPAD_CENTER, scanCode=28, metaState=0, flags=0x28, repeatCount=0, eventTime=3688284, downTime=3688226, deviceId=4, source=0x701 }
11-13 09:46:29.083 W/ViewRootImpl( 2514): Cancelling event due to no window focus: KeyEvent { action=ACTION_UP, keyCode=KEYCODE_DPAD_CENTER, scanCode=28, metaState=0, flags=0x28, repeatCount=0, eventTime=3688284, downTime=3688226, deviceId=4, source=0x701 }
11-13 09:46:29.083 W/ViewRootImpl( 2514): Cancelling event due to no window focus: KeyEvent { action=ACTION_UP, keyCode=KEYCODE_DPAD_CENTER, scanCode=28, metaState=0, flags=0x28, repeatCount=0, eventTime=3688284, downTime=3688226, deviceId=4, source=0x701 }
11-13 09:46:30.647 I/ActivityManager( 2033): moveTaskToBack: TaskRecord{47a8657 #1127 A=com.ipanel.android_webview.shell U=0 sz=1}
11-13 09:46:30.683 W/ContextImpl( 2514): Calling a method in the system process without a qualified user: android.app.ContextImpl.sendBroadcast:1345 android.content.ContextWrapper.sendBroadcast:377 com.suma.midware.view.ext.BluetoothUpdate.b:-1 com.suma.midware.home.third.Main3DActivity.onResume:-1 android.app.Instrumentation.callActivityOnResume:1257 
11-13 09:46:30.687 I/ActivityManager( 2033): Force stopping com.suma.midware.vod appid=1000 user=0: from pid 2514
11-13 09:46:30.689 W/ContextImpl( 2514): Calling a method in the system process without a qualified user: android.app.ContextImpl.sendBroadcast:1345 android.content.ContextWrapper.sendBroadcast:377 android.app.ActivityThread.performResumeActivity:2982 android.app.ActivityThread.handleResumeActivity:3023 android.app.ActivityThread$H.handleMessage:1347 
11-13 09:46:56.910 I/WindowState( 2033): WIN DEATH: Window{4407b0e u0 SurfaceView}
11-13 09:46:56.911 I/ActivityManager( 2033): Process com.ipanel.android_webview.shell (pid 6064) has died
11-13 09:46:56.911 D/ConnectivityService( 2033): ConnectivityService NetworkRequestInfo binderDied(NetworkRequest [ id=7, legacyType=-1, [ Capabilities: INTERNET&NOT_RESTRICTED&TRUSTED] ], android.os.BinderProxy@2dc54a79)
11-13 09:46:56.911 D/ConnectivityService( 2033): releasing NetworkRequest NetworkRequest [ id=7, legacyType=-1, [ Capabilities: INTERNET&NOT_RESTRICTED&TRUSTED] ]
11-13 09:46:56.917 E/ConnectivityService( 2033): RemoteException caught trying to send a callback msg for NetworkRequest [ id=7, legacyType=-1, [ Capabilities: INTERNET&NOT_RESTRICTED&TRUSTED] ]
11-13 09:46:56.917 I/WindowState( 2033): WIN DEATH: Window{367cda37 u0 com.ipanel.android_webview.shell/com.ipanel.webapp.BrowserActivity}
11-13 09:46:56.917 W/WindowManager( 2033): Force-removing child win Window{20610e10 u0 SurfaceView} from container Window{367cda37 u0 com.ipanel.android_webview.shell/com.ipanel.webapp.BrowserActivity}
11-13 09:46:56.919 W/WindowManager( 2033): Failed looking up window
11-13 09:46:56.919 W/WindowManager( 2033): java.lang.IllegalArgumentException: Requested window android.os.BinderProxy@243ae2d3 does not exist
11-13 09:46:56.919 W/WindowManager( 2033): 	at com.android.server.wm.WindowManagerService.windowForClientLocked(WindowManagerService.java:8654)
11-13 09:46:56.919 W/WindowManager( 2033): 	at com.android.server.wm.WindowManagerService.windowForClientLocked(WindowManagerService.java:8645)
11-13 09:46:56.919 W/WindowManager( 2033): 	at com.android.server.wm.WindowState$DeathRecipient.binderDied(WindowState.java:1142)
11-13 09:46:56.919 W/WindowManager( 2033): 	at android.os.BinderProxy.sendDeathNotice(Binder.java:551)
11-13 09:46:56.919 I/WindowState( 2033): WIN DEATH: null
11-13 09:47:14.367 W/ContextImpl( 2404): Calling a method in the system process without a qualified user: android.app.ContextImpl.sendBroadcast:1345 android.content.ContextWrapper.sendBroadcast:377 com.suma.midware.back.esg.e.f:-1 com.suma.midware.back.esg.f.run:-1 com.suma.midware.prop.util.c.run:-1 
11-13 09:47:15.370 W/ContextImpl( 2404): Calling a method in the system process without a qualified user: android.app.ContextImpl.sendBroadcast:1345 android.content.ContextWrapper.sendBroadcast:377 com.suma.midware.back.esg.e.f:-1 com.suma.midware.back.esg.f.run:-1 com.suma.midware.prop.util.c.run:-1 
11-13 09:47:16.373 W/ContextImpl( 2404): Calling a method in the system process without a qualified user: android.app.ContextImpl.sendBroadcast:1345 android.content.ContextWrapper.sendBroadcast:377 com.suma.midware.back.esg.e.f:-1 com.suma.midware.back.esg.f.run:-1 com.suma.midware.prop.util.c.run:-1 
11-13 09:48:19.423 W/ContextImpl( 2404): Calling a method in the system process without a qualified user: android.app.ContextImpl.sendBroadcast:1345 android.content.ContextWrapper.sendBroadcast:377 com.suma.midware.back.esg.e.f:-1 com.suma.midware.back.esg.f.run:-1 com.suma.midware.prop.util.c.run:-1 
11-13 09:48:20.426 W/ContextImpl( 2404): Calling a method in the system process without a qualified user: android.app.ContextImpl.sendBroadcast:1345 android.content.ContextWrapper.sendBroadcast:377 com.suma.midware.back.esg.e.f:-1 com.suma.midware.back.esg.f.run:-1 com.suma.midware.prop.util.c.run:-1 
11-13 09:48:21.429 W/ContextImpl( 2404): Calling a method in the system process without a qualified user: android.app.ContextImpl.sendBroadcast:1345 android.content.ContextWrapper.sendBroadcast:377 com.suma.midware.back.esg.e.f:-1 com.suma.midware.back.esg.f.run:-1 com.suma.midware.prop.util.c.run:-1 
11-13 09:49:24.484 W/ContextImpl( 2404): Calling a method in the system process without a qualified user: android.app.ContextImpl.sendBroadcast:1345 android.content.ContextWrapper.sendBroadcast:377 com.suma.midware.back.esg.e.f:-1 com.suma.midware.back.esg.f.run:-1 com.suma.midware.prop.util.c.run:-1 
11-13 09:49:25.486 W/ContextImpl( 2404): Calling a method in the system process without a qualified user: android.app.ContextImpl.sendBroadcast:1345 android.content.ContextWrapper.sendBroadcast:377 com.suma.midware.back.esg.e.f:-1 com.suma.midware.back.esg.f.run:-1 com.suma.midware.prop.util.c.run:-1 
11-13 09:49:26.490 W/ContextImpl( 2404): Calling a method in the system process without a qualified user: android.app.ContextImpl.sendBroadcast:1345 android.content.ContextWrapper.sendBroadcast:377 com.suma.midware.back.esg.e.f:-1 com.suma.midware.back.esg.f.run:-1 com.suma.midware.prop.util.c.run:-1 
11-13 09:50:29.535 W/ContextImpl( 2404): Calling a method in the system process without a qualified user: android.app.ContextImpl.sendBroadcast:1345 android.content.ContextWrapper.sendBroadcast:377 com.suma.midware.back.esg.e.f:-1 com.suma.midware.back.esg.f.run:-1 com.suma.midware.prop.util.c.run:-1 
11-13 09:50:30.538 W/ContextImpl( 2404): Calling a method in the system process without a qualified user: android.app.ContextImpl.sendBroadcast:1345 android.content.ContextWrapper.sendBroadcast:377 com.suma.midware.back.esg.e.f:-1 com.suma.midware.back.esg.f.run:-1 com.suma.midware.prop.util.c.run:-1 
11-13 09:50:31.541 W/ContextImpl( 2404): Calling a method in the system process without a qualified user: android.app.ContextImpl.sendBroadcast:1345 android.content.ContextWrapper.sendBroadcast:377 com.suma.midware.back.esg.e.f:-1 com.suma.midware.back.esg.f.run:-1 com.suma.midware.prop.util.c.run:-1 
11-13 09:51:34.593 W/ContextImpl( 2404): Calling a method in the system process without a qualified user: android.app.ContextImpl.sendBroadcast:1345 android.content.ContextWrapper.sendBroadcast:377 com.suma.midware.back.esg.e.f:-1 com.suma.midware.back.esg.f.run:-1 com.suma.midware.prop.util.c.run:-1 
11-13 09:51:35.596 W/ContextImpl( 2404): Calling a method in the system process without a qualified user: android.app.ContextImpl.sendBroadcast:1345 android.content.ContextWrapper.sendBroadcast:377 com.suma.midware.back.esg.e.f:-1 com.suma.midware.back.esg.f.run:-1 com.suma.midware.prop.util.c.run:-1 
11-13 09:51:36.599 W/ContextImpl( 2404): Calling a method in the system process without a qualified user: android.app.ContextImpl.sendBroadcast:1345 android.content.ContextWrapper.sendBroadcast:377 com.suma.midware.back.esg.e.f:-1 com.suma.midware.back.esg.f.run:-1 com.suma.midware.prop.util.c.run:-1 
11-13 09:52:39.651 W/ContextImpl( 2404): Calling a method in the system process without a qualified user: android.app.ContextImpl.sendBroadcast:1345 android.content.ContextWrapper.sendBroadcast:377 com.suma.midware.back.esg.e.f:-1 com.suma.midware.back.esg.f.run:-1 com.suma.midware.prop.util.c.run:-1 
11-13 09:52:40.654 W/ContextImpl( 2404): Calling a method in the system process without a qualified user: android.app.ContextImpl.sendBroadcast:1345 android.content.ContextWrapper.sendBroadcast:377 com.suma.midware.back.esg.e.f:-1 com.suma.midware.back.esg.f.run:-1 com.suma.midware.prop.util.c.run:-1 
11-13 09:52:41.657 W/ContextImpl( 2404): Calling a method in the system process without a qualified user: android.app.ContextImpl.sendBroadcast:1345 android.content.ContextWrapper.sendBroadcast:377 com.suma.midware.back.esg.e.f:-1 com.suma.midware.back.esg.f.run:-1 com.suma.midware.prop.util.c.run:-1 
11-13 09:53:44.718 W/ContextImpl( 2404): Calling a method in the system process without a qualified user: android.app.ContextImpl.sendBroadcast:1345 android.content.ContextWrapper.sendBroadcast:377 com.suma.midware.back.esg.e.f:-1 com.suma.midware.back.esg.f.run:-1 com.suma.midware.prop.util.c.run:-1 
11-13 09:53:45.721 W/ContextImpl( 2404): Calling a method in the system process without a qualified user: android.app.ContextImpl.sendBroadcast:1345 android.content.ContextWrapper.sendBroadcast:377 com.suma.midware.back.esg.e.f:-1 com.suma.midware.back.esg.f.run:-1 com.suma.midware.prop.util.c.run:-1 
11-13 09:53:46.724 W/ContextImpl( 2404): Calling a method in the system process without a qualified user: android.app.ContextImpl.sendBroadcast:1345 android.content.ContextWrapper.sendBroadcast:377 com.suma.midware.back.esg.e.f:-1 com.suma.midware.back.esg.f.run:-1 com.suma.midware.prop.util.c.run:-1 
11-13 09:54:49.778 W/ContextImpl( 2404): Calling a method in the system process without a qualified user: android.app.ContextImpl.sendBroadcast:1345 android.content.ContextWrapper.sendBroadcast:377 com.suma.midware.back.esg.e.f:-1 com.suma.midware.back.esg.f.run:-1 com.suma.midware.prop.util.c.run:-1 
11-13 09:54:50.781 W/ContextImpl( 2404): Calling a method in the system process without a qualified user: android.app.ContextImpl.sendBroadcast:1345 android.content.ContextWrapper.sendBroadcast:377 com.suma.midware.back.esg.e.f:-1 com.suma.midware.back.esg.f.run:-1 com.suma.midware.prop.util.c.run:-1 
11-13 09:54:51.784 W/ContextImpl( 2404): Calling a method in the system process without a qualified user: android.app.ContextImpl.sendBroadcast:1345 android.content.ContextWrapper.sendBroadcast:377 com.suma.midware.back.esg.e.f:-1 com.suma.midware.back.esg.f.run:-1 com.suma.midware.prop.util.c.run:-1 
11-13 09:55:54.839 W/ContextImpl( 2404): Calling a method in the system process without a qualified user: android.app.ContextImpl.sendBroadcast:1345 android.content.ContextWrapper.sendBroadcast:377 com.suma.midware.back.esg.e.f:-1 com.suma.midware.back.esg.f.run:-1 com.suma.midware.prop.util.c.run:-1 
11-13 09:55:55.842 W/ContextImpl( 2404): Calling a method in the system process without a qualified user: android.app.ContextImpl.sendBroadcast:1345 android.content.ContextWrapper.sendBroadcast:377 com.suma.midware.back.esg.e.f:-1 com.suma.midware.back.esg.f.run:-1 com.suma.midware.prop.util.c.run:-1 
11-13 09:55:56.845 W/ContextImpl( 2404): Calling a method in the system process without a qualified user: android.app.ContextImpl.sendBroadcast:1345 android.content.ContextWrapper.sendBroadcast:377 com.suma.midware.back.esg.e.f:-1 com.suma.midware.back.esg.f.run:-1 com.suma.midware.prop.util.c.run:-1 
11-13 09:56:49.182 I/ActivityManager( 2033): START u0 {act= cmp=com.ipanel.android_webview.shell/com.ipanel.webapp.BrowserActivity (has extras)} from uid 1000 on display 0
11-13 09:56:49.191 W/ContextImpl( 2514): Calling a method in the system process without a qualified user: android.app.ContextImpl.sendBroadcast:1345 android.content.ContextWrapper.sendBroadcast:377 android.app.ActivityThread.performPauseActivity:3259 android.app.ActivityThread.performPauseActivity:3225 android.app.ActivityThread.handlePauseActivity:3200 
11-13 09:56:49.195 V/WindowManager( 2033): Adding window Window{347ab6c u0 Starting com.ipanel.android_webview.shell} at 8 of 13 (after Window{205e500e u0 com.suma.midware.setting/com.suma.midware.setting.net.NetInfoActivity})
11-13 09:56:49.214 I/ActivityManager( 2033): Start proc 6573:com.ipanel.android_webview.shell/u0a35 for activity com.ipanel.android_webview.shell/com.ipanel.webapp.BrowserActivity
11-13 09:56:49.617 V/WindowManager( 2033): Adding window Window{22f291d2 u0 com.ipanel.android_webview.shell/com.ipanel.webapp.BrowserActivity} at 8 of 14 (before Window{347ab6c u0 Starting com.ipanel.android_webview.shell})
11-13 09:56:49.639 D/ConnectivityService( 2033): listenForNetwork for NetworkRequest [ id=8, legacyType=-1, [ Capabilities: INTERNET&NOT_RESTRICTED&TRUSTED] ]
11-13 09:56:49.639 D/ConnectivityService( 2033): handleRegisterNetworkRequest checking NetworkAgentInfo [WIFI () - 100]
11-13 09:56:49.639 D/ConnectivityService( 2033): apparently satisfied.  currentScore=60
11-13 09:56:49.719 V/WindowManager( 2033): Adding window Window{158c65ff u0 SurfaceView} at 8 of 15 (before Window{22f291d2 u0 com.ipanel.android_webview.shell/com.ipanel.webapp.BrowserActivity})
11-13 09:56:49.817 V/WindowManager( 2033): Adding window Window{292b5215 u0 SurfaceView} at 9 of 16 (before Window{22f291d2 u0 com.ipanel.android_webview.shell/com.ipanel.webapp.BrowserActivity})
11-13 09:56:49.884 W/ViewRootImpl( 6573): Cancelling event due to no window focus: KeyEvent { action=ACTION_UP, keyCode=KEYCODE_DPAD_CENTER, scanCode=28, metaState=0, flags=0x80000028, repeatCount=0, eventTime=4309509, downTime=4309408, deviceId=4, source=0x701 }
11-13 09:56:49.884 W/ViewRootImpl( 6573): Cancelling event due to no window focus: KeyEvent { action=ACTION_UP, keyCode=KEYCODE_DPAD_CENTER, scanCode=28, metaState=0, flags=0x80000028, repeatCount=0, eventTime=4309509, downTime=4309408, deviceId=4, source=0x701 }
11-13 09:56:49.884 W/ViewRootImpl( 6573): Cancelling event due to no window focus: KeyEvent { action=ACTION_UP, keyCode=KEYCODE_DPAD_CENTER, scanCode=28, metaState=0, flags=0x80000028, repeatCount=0, eventTime=4309509, downTime=4309408, deviceId=4, source=0x701 }
11-13 09:56:49.884 W/ViewRootImpl( 6573): Cancelling event due to no window focus: KeyEvent { action=ACTION_UP, keyCode=KEYCODE_DPAD_CENTER, scanCode=28, metaState=0, flags=0x80000028, repeatCount=0, eventTime=4309509, downTime=4309408, deviceId=4, source=0x701 }
11-13 09:56:49.884 W/ViewRootImpl( 6573): Cancelling event due to no window focus: KeyEvent { action=ACTION_UP, keyCode=KEYCODE_DPAD_CENTER, scanCode=28, metaState=0, flags=0x80000028, repeatCount=0, eventTime=4309509, downTime=4309408, deviceId=4, source=0x701 }
11-13 09:56:49.884 W/ViewRootImpl( 6573): Cancelling event due to no window focus: KeyEvent { action=ACTION_UP, keyCode=KEYCODE_DPAD_CENTER, scanCode=28, metaState=0, flags=0x80000028, repeatCount=0, eventTime=4309509, downTime=4309408, deviceId=4, source=0x701 }
11-13 09:56:49.886 W/ViewRootImpl( 6573): Cancelling event due to no window focus: KeyEvent { action=ACTION_UP, keyCode=KEYCODE_DPAD_CENTER, scanCode=28, metaState=0, flags=0x80000028, repeatCount=0, eventTime=4309509, downTime=4309408, deviceId=4, source=0x701 }
11-13 09:56:49.886 W/ViewRootImpl( 6573): Cancelling event due to no window focus: KeyEvent { action=ACTION_UP, keyCode=KEYCODE_DPAD_CENTER, scanCode=28, metaState=0, flags=0x80000028, repeatCount=0, eventTime=4309509, downTime=4309408, deviceId=4, source=0x701 }
11-13 09:56:49.886 W/ViewRootImpl( 6573): Cancelling event due to no window focus: KeyEvent { action=ACTION_UP, keyCode=KEYCODE_DPAD_CENTER, scanCode=28, metaState=0, flags=0x80000028, repeatCount=0, eventTime=4309509, downTime=4309408, deviceId=4, source=0x701 }
11-13 09:56:50.237 W/ViewRootImpl( 2514): Cancelling event due to no window focus: KeyEvent { action=ACTION_UP, keyCode=KEYCODE_DPAD_CENTER, scanCode=28, metaState=0, flags=0x28, repeatCount=0, eventTime=4309468, downTime=4309408, deviceId=4, source=0x701 }
11-13 09:56:50.237 W/ViewRootImpl( 2514): Cancelling event due to no window focus: KeyEvent { action=ACTION_UP, keyCode=KEYCODE_DPAD_CENTER, scanCode=28, metaState=0, flags=0x28, repeatCount=0, eventTime=4309468, downTime=4309408, deviceId=4, source=0x701 }
11-13 09:56:50.237 W/ViewRootImpl( 2514): Cancelling event due to no window focus: KeyEvent { action=ACTION_UP, keyCode=KEYCODE_DPAD_CENTER, scanCode=28, metaState=0, flags=0x28, repeatCount=0, eventTime=4309468, downTime=4309408, deviceId=4, source=0x701 }
11-13 09:56:50.237 W/ViewRootImpl( 2514): Cancelling event due to no window focus: KeyEvent { action=ACTION_UP, keyCode=KEYCODE_DPAD_CENTER, scanCode=28, metaState=0, flags=0x28, repeatCount=0, eventTime=4309468, downTime=4309408, deviceId=4, source=0x701 }
11-13 09:56:50.237 W/ViewRootImpl( 2514): Cancelling event due to no window focus: KeyEvent { action=ACTION_UP, keyCode=KEYCODE_DPAD_CENTER, scanCode=28, metaState=0, flags=0x28, repeatCount=0, eventTime=4309468, downTime=4309408, deviceId=4, source=0x701 }
11-13 09:56:50.237 W/ViewRootImpl( 2514): Cancelling event due to no window focus: KeyEvent { action=ACTION_UP, keyCode=KEYCODE_DPAD_CENTER, scanCode=28, metaState=0, flags=0x28, repeatCount=0, eventTime=4309468, downTime=4309408, deviceId=4, source=0x701 }
11-13 09:56:50.237 W/ViewRootImpl( 2514): Cancelling event due to no window focus: KeyEvent { action=ACTION_UP, keyCode=KEYCODE_DPAD_CENTER, scanCode=28, metaState=0, flags=0x28, repeatCount=0, eventTime=4309468, downTime=4309408, deviceId=4, source=0x701 }
11-13 09:56:50.237 W/ViewRootImpl( 2514): Cancelling event due to no window focus: KeyEvent { action=ACTION_UP, keyCode=KEYCODE_DPAD_CENTER, scanCode=28, metaState=0, flags=0x28, repeatCount=0, eventTime=4309468, downTime=4309408, deviceId=4, source=0x701 }
11-13 09:56:50.237 W/ViewRootImpl( 2514): Cancelling event due to no window focus: KeyEvent { action=ACTION_UP, keyCode=KEYCODE_DPAD_CENTER, scanCode=28, metaState=0, flags=0x28, repeatCount=0, eventTime=4309468, downTime=4309408, deviceId=4, source=0x701 }
11-13 09:56:59.890 W/ContextImpl( 2404): Calling a method in the system process without a qualified user: android.app.ContextImpl.sendBroadcast:1345 android.content.ContextWrapper.sendBroadcast:377 com.suma.midware.back.esg.e.f:-1 com.suma.midware.back.esg.f.run:-1 com.suma.midware.prop.util.c.run:-1 
11-13 09:57:00.893 W/ContextImpl( 2404): Calling a method in the system process without a qualified user: android.app.ContextImpl.sendBroadcast:1345 android.content.ContextWrapper.sendBroadcast:377 com.suma.midware.back.esg.e.f:-1 com.suma.midware.back.esg.f.run:-1 com.suma.midware.prop.util.c.run:-1 
11-13 09:57:01.896 W/ContextImpl( 2404): Calling a method in the system process without a qualified user: android.app.ContextImpl.sendBroadcast:1345 android.content.ContextWrapper.sendBroadcast:377 com.suma.midware.back.esg.e.f:-1 com.suma.midware.back.esg.f.run:-1 com.suma.midware.prop.util.c.run:-1 
11-13 09:58:04.918 W/ContextImpl( 2404): Calling a method in the system process without a qualified user: android.app.ContextImpl.sendBroadcast:1345 android.content.ContextWrapper.sendBroadcast:377 com.suma.midware.back.esg.e.f:-1 com.suma.midware.back.esg.f.run:-1 com.suma.midware.prop.util.c.run:-1 
11-13 09:58:05.921 W/ContextImpl( 2404): Calling a method in the system process without a qualified user: android.app.ContextImpl.sendBroadcast:1345 android.content.ContextWrapper.sendBroadcast:377 com.suma.midware.back.esg.e.f:-1 com.suma.midware.back.esg.f.run:-1 com.suma.midware.prop.util.c.run:-1 
11-13 09:58:06.924 W/ContextImpl( 2404): Calling a method in the system process without a qualified user: android.app.ContextImpl.sendBroadcast:1345 android.content.ContextWrapper.sendBroadcast:377 com.suma.midware.back.esg.e.f:-1 com.suma.midware.back.esg.f.run:-1 com.suma.midware.prop.util.c.run:-1 
11-13 09:59:09.990 W/ContextImpl( 2404): Calling a method in the system process without a qualified user: android.app.ContextImpl.sendBroadcast:1345 android.content.ContextWrapper.sendBroadcast:377 com.suma.midware.back.esg.e.f:-1 com.suma.midware.back.esg.f.run:-1 com.suma.midware.prop.util.c.run:-1 
11-13 09:59:10.992 W/ContextImpl( 2404): Calling a method in the system process without a qualified user: android.app.ContextImpl.sendBroadcast:1345 android.content.ContextWrapper.sendBroadcast:377 com.suma.midware.back.esg.e.f:-1 com.suma.midware.back.esg.f.run:-1 com.suma.midware.prop.util.c.run:-1 
11-13 09:59:11.994 W/ContextImpl( 2404): Calling a method in the system process without a qualified user: android.app.ContextImpl.sendBroadcast:1345 android.content.ContextWrapper.sendBroadcast:377 com.suma.midware.back.esg.e.f:-1 com.suma.midware.back.esg.f.run:-1 com.suma.midware.prop.util.c.run:-1 
11-13 09:59:34.200 I/ActivityManager( 2033): Process com.sumavision.admindm (pid 2696) has died
11-13 09:59:34.226 D/WifiService( 2033): Client connection lost with reason: 4
11-13 09:59:34.255 W/ActivityManager( 2033): Scheduling restart of crashed service com.sumavision.admindm/.Session in 1000ms
11-13 09:59:34.259 I/ActivityManager( 2033): Process com.android.keychain (pid 2671) has died
11-13 09:59:34.260 I/ActivityManager( 2033): Process com.android.externalstorage (pid 2237) has died
11-13 09:59:35.273 I/ActivityManager( 2033): Start proc 6849:com.sumavision.admindm/1000 for service com.sumavision.admindm/.Session
11-13 09:59:35.482 W/ContextImpl( 6849): Calling a method in the system process without a qualified user: android.app.ContextImpl.bindService:1774 android.content.ContextWrapper.bindService:539 com.suma.midware.prop.i.c:-1 com.suma.midware.prop.i.a:-1 com.sumavision.b.a.<init>:-1 
11-13 09:59:45.618 D/WifiService( 2033): New client listening to asynchronous messages
11-13 10:00:15.045 W/ContextImpl( 2404): Calling a method in the system process without a qualified user: android.app.ContextImpl.sendBroadcast:1345 android.content.ContextWrapper.sendBroadcast:377 com.suma.midware.back.esg.e.f:-1 com.suma.midware.back.esg.f.run:-1 com.suma.midware.prop.util.c.run:-1 
11-13 10:00:16.049 W/ContextImpl( 2404): Calling a method in the system process without a qualified user: android.app.ContextImpl.sendBroadcast:1345 android.content.ContextWrapper.sendBroadcast:377 com.suma.midware.back.esg.e.f:-1 com.suma.midware.back.esg.f.run:-1 com.suma.midware.prop.util.c.run:-1 
11-13 10:00:17.050 W/ContextImpl( 2404): Calling a method in the system process without a qualified user: android.app.ContextImpl.sendBroadcast:1345 android.content.ContextWrapper.sendBroadcast:377 com.suma.midware.back.esg.e.f:-1 com.suma.midware.back.esg.f.run:-1 com.suma.midware.prop.util.c.run:-1 
11-13 10:01:20.084 W/ContextImpl( 2404): Calling a method in the system process without a qualified user: android.app.ContextImpl.sendBroadcast:1345 android.content.ContextWrapper.sendBroadcast:377 com.suma.midware.back.esg.e.f:-1 com.suma.midware.back.esg.f.run:-1 com.suma.midware.prop.util.c.run:-1 
11-13 10:01:21.087 W/ContextImpl( 2404): Calling a method in the system process without a qualified user: android.app.ContextImpl.sendBroadcast:1345 android.content.ContextWrapper.sendBroadcast:377 com.suma.midware.back.esg.e.f:-1 com.suma.midware.back.esg.f.run:-1 com.suma.midware.prop.util.c.run:-1 
11-13 10:01:22.090 W/ContextImpl( 2404): Calling a method in the system process without a qualified user: android.app.ContextImpl.sendBroadcast:1345 android.content.ContextWrapper.sendBroadcast:377 com.suma.midware.back.esg.e.f:-1 com.suma.midware.back.esg.f.run:-1 com.suma.midware.prop.util.c.run:-1 
11-13 10:02:01.226 I/UsageStatsService( 2033): User[0] Flushing usage stats to disk
11-13 10:02:25.138 W/ContextImpl( 2404): Calling a method in the system process without a qualified user: android.app.ContextImpl.sendBroadcast:1345 android.content.ContextWrapper.sendBroadcast:377 com.suma.midware.back.esg.e.f:-1 com.suma.midware.back.esg.f.run:-1 com.suma.midware.prop.util.c.run:-1 
11-13 10:02:26.140 W/ContextImpl( 2404): Calling a method in the system process without a qualified user: android.app.ContextImpl.sendBroadcast:1345 android.content.ContextWrapper.sendBroadcast:377 com.suma.midware.back.esg.e.f:-1 com.suma.midware.back.esg.f.run:-1 com.suma.midware.prop.util.c.run:-1 
11-13 10:02:27.144 W/ContextImpl( 2404): Calling a method in the system process without a qualified user: android.app.ContextImpl.sendBroadcast:1345 android.content.ContextWrapper.sendBroadcast:377 com.suma.midware.back.esg.e.f:-1 com.suma.midware.back.esg.f.run:-1 com.suma.midware.prop.util.c.run:-1 
11-13 10:03:30.160 W/ContextImpl( 2404): Calling a method in the system process without a qualified user: android.app.ContextImpl.sendBroadcast:1345 android.content.ContextWrapper.sendBroadcast:377 com.suma.midware.back.esg.e.f:-1 com.suma.midware.back.esg.f.run:-1 com.suma.midware.prop.util.c.run:-1 
11-13 10:03:31.162 W/ContextImpl( 2404): Calling a method in the system process without a qualified user: android.app.ContextImpl.sendBroadcast:1345 android.content.ContextWrapper.sendBroadcast:377 com.suma.midware.back.esg.e.f:-1 com.suma.midware.back.esg.f.run:-1 com.suma.midware.prop.util.c.run:-1 
11-13 10:03:32.165 W/ContextImpl( 2404): Calling a method in the system process without a qualified user: android.app.ContextImpl.sendBroadcast:1345 android.content.ContextWrapper.sendBroadcast:377 com.suma.midware.back.esg.e.f:-1 com.suma.midware.back.esg.f.run:-1 com.suma.midware.prop.util.c.run:-1 
11-13 10:04:35.223 W/ContextImpl( 2404): Calling a method in the system process without a qualified user: android.app.ContextImpl.sendBroadcast:1345 android.content.ContextWrapper.sendBroadcast:377 com.suma.midware.back.esg.e.f:-1 com.suma.midware.back.esg.f.run:-1 com.suma.midware.prop.util.c.run:-1 
11-13 10:04:36.226 W/ContextImpl( 2404): Calling a method in the system process without a qualified user: android.app.ContextImpl.sendBroadcast:1345 android.content.ContextWrapper.sendBroadcast:377 com.suma.midware.back.esg.e.f:-1 com.suma.midware.back.esg.f.run:-1 com.suma.midware.prop.util.c.run:-1 
11-13 10:04:37.229 W/ContextImpl( 2404): Calling a method in the system process without a qualified user: android.app.ContextImpl.sendBroadcast:1345 android.content.ContextWrapper.sendBroadcast:377 com.suma.midware.back.esg.e.f:-1 com.suma.midware.back.esg.f.run:-1 com.suma.midware.prop.util.c.run:-1 
11-13 10:05:00.438 I/ActivityManager( 2033): START u0 {act=android.intent.action.MAIN cat=[android.intent.category.HOME] flg=0x10200000 cmp=com.suma.midware.home/.third.Main3DActivity} from uid 1000 on display 0
11-13 10:05:00.457 I/ActivityManager( 2033): Force stopping com.android.browser appid=10010 user=0: from pid 2404
11-13 10:05:00.488 W/ContextImpl( 2514): Calling a method in the system process without a qualified user: android.app.ContextImpl.sendBroadcast:1345 android.content.ContextWrapper.sendBroadcast:377 com.suma.midware.view.ext.BluetoothUpdate.b:-1 com.suma.midware.home.third.Main3DActivity.onResume:-1 android.app.Instrumentation.callActivityOnResume:1257 
11-13 10:05:00.491 I/ActivityManager( 2033): Force stopping com.suma.midware.vod appid=1000 user=0: from pid 2514
11-13 10:05:00.492 W/ContextImpl( 2514): Calling a method in the system process without a qualified user: android.app.ContextImpl.sendBroadcast:1345 android.content.ContextWrapper.sendBroadcast:377 android.app.ActivityThread.performResumeActivity:2982 android.app.ActivityThread.handleResumeActivity:3023 android.app.ActivityThread$H.handleMessage:1347 
11-13 10:05:04.538 I/ActivityManager( 2033): START u0 {act= cmp=com.ipanel.android_webview.shell/com.ipanel.webapp.BrowserActivity (has extras)} from uid 1000 on display 0
11-13 10:05:04.547 W/ContextImpl( 2514): Calling a method in the system process without a qualified user: android.app.ContextImpl.sendBroadcast:1345 android.content.ContextWrapper.sendBroadcast:377 android.app.ActivityThread.performPauseActivity:3259 android.app.ActivityThread.performPauseActivity:3225 android.app.ActivityThread.handlePauseActivity:3200 
11-13 10:05:04.557 W/ViewRootImpl( 2514): Cancelling event due to no window focus: KeyEvent { action=ACTION_UP, keyCode=KEYCODE_DPAD_CENTER, scanCode=28, metaState=0, flags=0x28, repeatCount=0, eventTime=4804787, downTime=4804766, deviceId=4, source=0x701 }
11-13 10:05:04.557 W/ViewRootImpl( 2514): Cancelling event due to no window focus: KeyEvent { action=ACTION_UP, keyCode=KEYCODE_DPAD_CENTER, scanCode=28, metaState=0, flags=0x28, repeatCount=0, eventTime=4804787, downTime=4804766, deviceId=4, source=0x701 }
11-13 10:05:04.557 W/ViewRootImpl( 2514): Cancelling event due to no window focus: KeyEvent { action=ACTION_UP, keyCode=KEYCODE_DPAD_CENTER, scanCode=28, metaState=0, flags=0x28, repeatCount=0, eventTime=4804787, downTime=4804766, deviceId=4, source=0x701 }
11-13 10:05:04.557 W/ViewRootImpl( 2514): Cancelling event due to no window focus: KeyEvent { action=ACTION_UP, keyCode=KEYCODE_DPAD_CENTER, scanCode=28, metaState=0, flags=0x28, repeatCount=0, eventTime=4804787, downTime=4804766, deviceId=4, source=0x701 }
11-13 10:05:04.557 W/ViewRootImpl( 2514): Cancelling event due to no window focus: KeyEvent { action=ACTION_UP, keyCode=KEYCODE_DPAD_CENTER, scanCode=28, metaState=0, flags=0x28, repeatCount=0, eventTime=4804787, downTime=4804766, deviceId=4, source=0x701 }
11-13 10:05:04.557 W/ViewRootImpl( 2514): Cancelling event due to no window focus: KeyEvent { action=ACTION_UP, keyCode=KEYCODE_DPAD_CENTER, scanCode=28, metaState=0, flags=0x28, repeatCount=0, eventTime=4804787, downTime=4804766, deviceId=4, source=0x701 }
11-13 10:05:40.263 W/ContextImpl( 2404): Calling a method in the system process without a qualified user: android.app.ContextImpl.sendBroadcast:1345 android.content.ContextWrapper.sendBroadcast:377 com.suma.midware.back.esg.e.f:-1 com.suma.midware.back.esg.f.run:-1 com.suma.midware.prop.util.c.run:-1 
11-13 10:05:41.265 W/ContextImpl( 2404): Calling a method in the system process without a qualified user: android.app.ContextImpl.sendBroadcast:1345 android.content.ContextWrapper.sendBroadcast:377 com.suma.midware.back.esg.e.f:-1 com.suma.midware.back.esg.f.run:-1 com.suma.midware.prop.util.c.run:-1 
11-13 10:05:42.267 W/ContextImpl( 2404): Calling a method in the system process without a qualified user: android.app.ContextImpl.sendBroadcast:1345 android.content.ContextWrapper.sendBroadcast:377 com.suma.midware.back.esg.e.f:-1 com.suma.midware.back.esg.f.run:-1 com.suma.midware.prop.util.c.run:-1 
11-13 10:06:04.028 I/ActivityManager( 2033): moveTaskToBack: TaskRecord{47a8657 #1127 A=com.ipanel.android_webview.shell U=0 sz=1}
11-13 10:06:04.108 W/ContextImpl( 2514): Calling a method in the system process without a qualified user: android.app.ContextImpl.sendBroadcast:1345 android.content.ContextWrapper.sendBroadcast:377 com.suma.midware.view.ext.BluetoothUpdate.b:-1 com.suma.midware.home.third.Main3DActivity.onResume:-1 android.app.Instrumentation.callActivityOnResume:1257 
11-13 10:06:04.114 I/ActivityManager( 2033): Force stopping com.suma.midware.vod appid=1000 user=0: from pid 2514
11-13 10:06:04.114 W/ContextImpl( 2514): Calling a method in the system process without a qualified user: android.app.ContextImpl.sendBroadcast:1345 android.content.ContextWrapper.sendBroadcast:377 android.app.ActivityThread.performResumeActivity:2982 android.app.ActivityThread.handleResumeActivity:3023 android.app.ActivityThread$H.handleMessage:1347 
11-13 10:06:27.921 I/WindowState( 2033): WIN DEATH: Window{22f291d2 u0 com.ipanel.android_webview.shell/com.ipanel.webapp.BrowserActivity}
11-13 10:06:27.922 I/ActivityManager( 2033): Process com.ipanel.android_webview.shell (pid 6573) has died
11-13 10:06:27.929 D/ConnectivityService( 2033): ConnectivityService NetworkRequestInfo binderDied(NetworkRequest [ id=8, legacyType=-1, [ Capabilities: INTERNET&NOT_RESTRICTED&TRUSTED] ], android.os.BinderProxy@217d4cc4)
11-13 10:06:27.930 W/WindowManager( 2033): Force-removing child win Window{292b5215 u0 SurfaceView} from container Window{22f291d2 u0 com.ipanel.android_webview.shell/com.ipanel.webapp.BrowserActivity}
11-13 10:06:27.930 D/ConnectivityService( 2033): releasing NetworkRequest NetworkRequest [ id=8, legacyType=-1, [ Capabilities: INTERNET&NOT_RESTRICTED&TRUSTED] ]
11-13 10:06:27.939 W/WindowManager( 2033): Force-removing child win Window{158c65ff u0 SurfaceView} from container Window{22f291d2 u0 com.ipanel.android_webview.shell/com.ipanel.webapp.BrowserActivity}
11-13 10:06:27.942 E/ConnectivityService( 2033): RemoteException caught trying to send a callback msg for NetworkRequest [ id=8, legacyType=-1, [ Capabilities: INTERNET&NOT_RESTRICTED&TRUSTED] ]
11-13 10:06:27.963 W/WindowManager( 2033): Failed looking up window
11-13 10:06:27.963 W/WindowManager( 2033): java.lang.IllegalArgumentException: Requested window android.os.BinderProxy@25c3f91e does not exist
11-13 10:06:27.963 W/WindowManager( 2033): 	at com.android.server.wm.WindowManagerService.windowForClientLocked(WindowManagerService.java:8654)
11-13 10:06:27.963 W/WindowManager( 2033): 	at com.android.server.wm.WindowManagerService.windowForClientLocked(WindowManagerService.java:8645)
11-13 10:06:27.963 W/WindowManager( 2033): 	at com.android.server.wm.WindowState$DeathRecipient.binderDied(WindowState.java:1142)
11-13 10:06:27.963 W/WindowManager( 2033): 	at android.os.BinderProxy.sendDeathNotice(Binder.java:551)
11-13 10:06:27.963 I/WindowState( 2033): WIN DEATH: null
11-13 10:06:27.964 W/WindowManager( 2033): Failed looking up window
11-13 10:06:27.964 W/WindowManager( 2033): java.lang.IllegalArgumentException: Requested window android.os.BinderProxy@16154fcc does not exist
11-13 10:06:27.964 W/WindowManager( 2033): 	at com.android.server.wm.WindowManagerService.windowForClientLocked(WindowManagerService.java:8654)
11-13 10:06:27.964 W/WindowManager( 2033): 	at com.android.server.wm.WindowManagerService.windowForClientLocked(WindowManagerService.java:8645)
11-13 10:06:27.964 W/WindowManager( 2033): 	at com.android.server.wm.WindowState$DeathRecipient.binderDied(WindowState.java:1142)
11-13 10:06:27.964 W/WindowManager( 2033): 	at android.os.BinderProxy.sendDeathNotice(Binder.java:551)
11-13 10:06:27.964 I/WindowState( 2033): WIN DEATH: null
11-13 10:06:45.312 W/ContextImpl( 2404): Calling a method in the system process without a qualified user: android.app.ContextImpl.sendBroadcast:1345 android.content.ContextWrapper.sendBroadcast:377 com.suma.midware.back.esg.e.f:-1 com.suma.midware.back.esg.f.run:-1 com.suma.midware.prop.util.c.run:-1 
11-13 10:06:46.315 W/ContextImpl( 2404): Calling a method in the system process without a qualified user: android.app.ContextImpl.sendBroadcast:1345 android.content.ContextWrapper.sendBroadcast:377 com.suma.midware.back.esg.e.f:-1 com.suma.midware.back.esg.f.run:-1 com.suma.midware.prop.util.c.run:-1 
11-13 10:06:47.317 W/ContextImpl( 2404): Calling a method in the system process without a qualified user: android.app.ContextImpl.sendBroadcast:1345 android.content.ContextWrapper.sendBroadcast:377 com.suma.midware.back.esg.e.f:-1 com.suma.midware.back.esg.f.run:-1 com.suma.midware.prop.util.c.run:-1 
11-13 10:07:50.372 W/ContextImpl( 2404): Calling a method in the system process without a qualified user: android.app.ContextImpl.sendBroadcast:1345 android.content.ContextWrapper.sendBroadcast:377 com.suma.midware.back.esg.e.f:-1 com.suma.midware.back.esg.f.run:-1 com.suma.midware.prop.util.c.run:-1 
11-13 10:07:51.375 W/ContextImpl( 2404): Calling a method in the system process without a qualified user: android.app.ContextImpl.sendBroadcast:1345 android.content.ContextWrapper.sendBroadcast:377 com.suma.midware.back.esg.e.f:-1 com.suma.midware.back.esg.f.run:-1 com.suma.midware.prop.util.c.run:-1 
11-13 10:07:52.378 W/ContextImpl( 2404): Calling a method in the system process without a qualified user: android.app.ContextImpl.sendBroadcast:1345 android.content.ContextWrapper.sendBroadcast:377 com.suma.midware.back.esg.e.f:-1 com.suma.midware.back.esg.f.run:-1 com.suma.midware.prop.util.c.run:-1 
11-13 10:08:03.915 I/ActivityManager( 2033): START u0 {act= cmp=com.ipanel.android_webview.shell/com.ipanel.webapp.BrowserActivity (has extras)} from uid 1000 on display 0
11-13 10:08:03.923 W/ContextImpl( 2514): Calling a method in the system process without a qualified user: android.app.ContextImpl.sendBroadcast:1345 android.content.ContextWrapper.sendBroadcast:377 android.app.ActivityThread.performPauseActivity:3259 android.app.ActivityThread.performPauseActivity:3225 android.app.ActivityThread.handlePauseActivity:3200 
11-13 10:08:03.959 I/ActivityManager( 2033): Start proc 7357:com.ipanel.android_webview.shell/u0a35 for activity com.ipanel.android_webview.shell/com.ipanel.webapp.BrowserActivity
