11-13 10:08:03.960 V/WindowManager( 2033): Adding window Window{14af5e73 u0 Starting com.ipanel.android_webview.shell} at 8 of 13 (after Window{205e500e u0 com.suma.midware.setting/com.suma.midware.setting.net.NetInfoActivity})
11-13 10:08:04.767 V/WindowManager( 2033): Adding window Window{b772051 u0 com.ipanel.android_webview.shell/com.ipanel.webapp.BrowserActivity} at 8 of 14 (before Window{14af5e73 u0 Starting com.ipanel.android_webview.shell})
11-13 10:08:04.798 D/ConnectivityService( 2033): listenForNetwork for NetworkRequest [ id=9, legacyType=-1, [ Capabilities: INTERNET&NOT_RESTRICTED&TRUSTED] ]
11-13 10:08:04.802 D/ConnectivityService( 2033): handleRegisterNetworkRequest checking NetworkAgentInfo [WIFI () - 100]
11-13 10:08:04.802 D/ConnectivityService( 2033): apparently satisfied.  currentScore=60
11-13 10:08:04.832 V/WindowManager( 2033): Adding window Window{38151242 u0 SurfaceView} at 8 of 15 (before Window{b772051 u0 com.ipanel.android_webview.shell/com.ipanel.webapp.BrowserActivity})
11-13 10:08:04.838 V/WindowManager( 2033): Adding window Window{13404790 u0 SurfaceView} at 9 of 16 (before Window{b772051 u0 com.ipanel.android_webview.shell/com.ipanel.webapp.BrowserActivity})
11-13 10:08:04.846 W/ViewRootImpl( 7357): Cancelling event due to no window focus: KeyEvent { action=ACTION_UP, keyCode=KEYCODE_DPAD_CENTER, scanCode=28, metaState=0, flags=0x80000028, repeatCount=0, eventTime=4984349, downTime=4984140, deviceId=4, source=0x701 }
11-13 10:08:04.846 W/ViewRootImpl( 7357): Cancelling event due to no window focus: KeyEvent { action=ACTION_UP, keyCode=KEYCODE_DPAD_CENTER, scanCode=28, metaState=0, flags=0x80000028, repeatCount=0, eventTime=4984349, downTime=4984140, deviceId=4, source=0x701 }
11-13 10:08:04.846 W/ViewRootImpl( 7357): Cancelling event due to no window focus: KeyEvent { action=ACTION_UP, keyCode=KEYCODE_DPAD_CENTER, scanCode=28, metaState=0, flags=0x80000028, repeatCount=0, eventTime=4984349, downTime=4984140, deviceId=4, source=0x701 }
11-13 10:08:04.846 W/ViewRootImpl( 7357): Cancelling event due to no window focus: KeyEvent { action=ACTION_UP, keyCode=KEYCODE_DPAD_CENTER, scanCode=28, metaState=0, flags=0x80000028, repeatCount=0, eventTime=4984349, downTime=4984140, deviceId=4, source=0x701 }
11-13 10:08:04.846 W/ViewRootImpl( 7357): Cancelling event due to no window focus: KeyEvent { action=ACTION_UP, keyCode=KEYCODE_DPAD_CENTER, scanCode=28, metaState=0, flags=0x80000028, repeatCount=0, eventTime=4984349, downTime=4984140, deviceId=4, source=0x701 }
11-13 10:08:04.846 W/ViewRootImpl( 7357): Cancelling event due to no window focus: KeyEvent { action=ACTION_UP, keyCode=KEYCODE_DPAD_CENTER, scanCode=28, metaState=0, flags=0x80000028, repeatCount=0, eventTime=4984349, downTime=4984140, deviceId=4, source=0x701 }
11-13 10:08:04.849 W/ViewRootImpl( 7357): Cancelling event due to no window focus: KeyEvent { action=ACTION_UP, keyCode=KEYCODE_DPAD_CENTER, scanCode=28, metaState=0, flags=0x80000028, repeatCount=0, eventTime=4984349, downTime=4984140, deviceId=4, source=0x701 }
11-13 10:08:04.849 W/ViewRootImpl( 7357): Cancelling event due to no window focus: KeyEvent { action=ACTION_UP, keyCode=KEYCODE_DPAD_CENTER, scanCode=28, metaState=0, flags=0x80000028, repeatCount=0, eventTime=4984349, downTime=4984140, deviceId=4, source=0x701 }
11-13 10:08:04.849 W/ViewRootImpl( 7357): Cancelling event due to no window focus: KeyEvent { action=ACTION_UP, keyCode=KEYCODE_DPAD_CENTER, scanCode=28, metaState=0, flags=0x80000028, repeatCount=0, eventTime=4984349, downTime=4984140, deviceId=4, source=0x701 }
11-13 10:08:04.985 W/ViewRootImpl( 2514): Cancelling event due to no window focus: KeyEvent { action=ACTION_UP, keyCode=KEYCODE_DPAD_CENTER, scanCode=28, metaState=0, flags=0x28, repeatCount=0, eventTime=4984218, downTime=4984140, deviceId=4, source=0x701 }
11-13 10:08:04.985 W/ViewRootImpl( 2514): Cancelling event due to no window focus: KeyEvent { action=ACTION_UP, keyCode=KEYCODE_DPAD_CENTER, scanCode=28, metaState=0, flags=0x28, repeatCount=0, eventTime=4984218, downTime=4984140, deviceId=4, source=0x701 }
11-13 10:08:04.985 W/ViewRootImpl( 2514): Cancelling event due to no window focus: KeyEvent { action=ACTION_UP, keyCode=KEYCODE_DPAD_CENTER, scanCode=28, metaState=0, flags=0x28, repeatCount=0, eventTime=4984218, downTime=4984140, deviceId=4, source=0x701 }
11-13 10:08:04.985 W/ViewRootImpl( 2514): Cancelling event due to no window focus: KeyEvent { action=ACTION_UP, keyCode=KEYCODE_DPAD_CENTER, scanCode=28, metaState=0, flags=0x28, repeatCount=0, eventTime=4984218, downTime=4984140, deviceId=4, source=0x701 }
11-13 10:08:04.986 W/ViewRootImpl( 2514): Cancelling event due to no window focus: KeyEvent { action=ACTION_UP, keyCode=KEYCODE_DPAD_CENTER, scanCode=28, metaState=0, flags=0x28, repeatCount=0, eventTime=4984218, downTime=4984140, deviceId=4, source=0x701 }
11-13 10:08:04.986 W/ViewRootImpl( 2514): Cancelling event due to no window focus: KeyEvent { action=ACTION_UP, keyCode=KEYCODE_DPAD_CENTER, scanCode=28, metaState=0, flags=0x28, repeatCount=0, eventTime=4984218, downTime=4984140, deviceId=4, source=0x701 }
11-13 10:08:04.986 W/ViewRootImpl( 2514): Cancelling event due to no window focus: KeyEvent { action=ACTION_UP, keyCode=KEYCODE_DPAD_CENTER, scanCode=28, metaState=0, flags=0x28, repeatCount=0, eventTime=4984218, downTime=4984140, deviceId=4, source=0x701 }
11-13 10:08:04.986 W/ViewRootImpl( 2514): Cancelling event due to no window focus: KeyEvent { action=ACTION_UP, keyCode=KEYCODE_DPAD_CENTER, scanCode=28, metaState=0, flags=0x28, repeatCount=0, eventTime=4984218, downTime=4984140, deviceId=4, source=0x701 }
11-13 10:08:04.986 W/ViewRootImpl( 2514): Cancelling event due to no window focus: KeyEvent { action=ACTION_UP, keyCode=KEYCODE_DPAD_CENTER, scanCode=28, metaState=0, flags=0x28, repeatCount=0, eventTime=4984218, downTime=4984140, deviceId=4, source=0x701 }
11-13 10:08:08.458 I/ActivityManager( 2033): moveTaskToBack: TaskRecord{47a8657 #1127 A=com.ipanel.android_webview.shell U=0 sz=1}
11-13 10:08:08.528 W/ContextImpl( 2514): Calling a method in the system process without a qualified user: android.app.ContextImpl.sendBroadcast:1345 android.content.ContextWrapper.sendBroadcast:377 com.suma.midware.view.ext.BluetoothUpdate.b:-1 com.suma.midware.home.third.Main3DActivity.onResume:-1 android.app.Instrumentation.callActivityOnResume:1257 
11-13 10:08:08.531 W/ContextImpl( 2514): Calling a method in the system process without a qualified user: android.app.ContextImpl.sendBroadcast:1345 android.content.ContextWrapper.sendBroadcast:377 android.app.ActivityThread.performResumeActivity:2982 android.app.ActivityThread.handleResumeActivity:3023 android.app.ActivityThread$H.handleMessage:1347 
11-13 10:08:08.532 I/ActivityManager( 2033): Force stopping com.suma.midware.vod appid=1000 user=0: from pid 2514
11-13 10:08:10.882 I/ActivityManager( 2033): START u0 {act= cmp=com.ipanel.android_webview.shell/com.ipanel.webapp.BrowserActivity (has extras)} from uid 1000 on display 0
11-13 10:08:10.887 W/ContextImpl( 2514): Calling a method in the system process without a qualified user: android.app.ContextImpl.sendBroadcast:1345 android.content.ContextWrapper.sendBroadcast:377 android.app.ActivityThread.performPauseActivity:3259 android.app.ActivityThread.performPauseActivity:3225 android.app.ActivityThread.handlePauseActivity:3200 
11-13 10:08:10.902 W/ViewRootImpl( 2514): Cancelling event due to no window focus: KeyEvent { action=ACTION_UP, keyCode=KEYCODE_DPAD_CENTER, scanCode=28, metaState=0, flags=0x28, repeatCount=0, eventTime=4991134, downTime=4991112, deviceId=4, source=0x701 }
11-13 10:08:10.902 W/ViewRootImpl( 2514): Cancelling event due to no window focus: KeyEvent { action=ACTION_UP, keyCode=KEYCODE_DPAD_CENTER, scanCode=28, metaState=0, flags=0x28, repeatCount=0, eventTime=4991134, downTime=4991112, deviceId=4, source=0x701 }
11-13 10:08:10.902 W/ViewRootImpl( 2514): Cancelling event due to no window focus: KeyEvent { action=ACTION_UP, keyCode=KEYCODE_DPAD_CENTER, scanCode=28, metaState=0, flags=0x28, repeatCount=0, eventTime=4991134, downTime=4991112, deviceId=4, source=0x701 }
11-13 10:08:10.902 W/ViewRootImpl( 2514): Cancelling event due to no window focus: KeyEvent { action=ACTION_UP, keyCode=KEYCODE_DPAD_CENTER, scanCode=28, metaState=0, flags=0x28, repeatCount=0, eventTime=4991134, downTime=4991112, deviceId=4, source=0x701 }
11-13 10:08:10.902 W/ViewRootImpl( 2514): Cancelling event due to no window focus: KeyEvent { action=ACTION_UP, keyCode=KEYCODE_DPAD_CENTER, scanCode=28, metaState=0, flags=0x28, repeatCount=0, eventTime=4991134, downTime=4991112, deviceId=4, source=0x701 }
11-13 10:08:10.902 W/ViewRootImpl( 2514): Cancelling event due to no window focus: KeyEvent { action=ACTION_UP, keyCode=KEYCODE_DPAD_CENTER, scanCode=28, metaState=0, flags=0x28, repeatCount=0, eventTime=4991134, downTime=4991112, deviceId=4, source=0x701 }
11-13 10:08:55.404 W/ContextImpl( 2404): Calling a method in the system process without a qualified user: android.app.ContextImpl.sendBroadcast:1345 android.content.ContextWrapper.sendBroadcast:377 com.suma.midware.back.esg.e.f:-1 com.suma.midware.back.esg.f.run:-1 com.suma.midware.prop.util.c.run:-1 
11-13 10:08:56.407 W/ContextImpl( 2404): Calling a method in the system process without a qualified user: android.app.ContextImpl.sendBroadcast:1345 android.content.ContextWrapper.sendBroadcast:377 com.suma.midware.back.esg.e.f:-1 com.suma.midware.back.esg.f.run:-1 com.suma.midware.prop.util.c.run:-1 
11-13 10:08:57.410 W/ContextImpl( 2404): Calling a method in the system process without a qualified user: android.app.ContextImpl.sendBroadcast:1345 android.content.ContextWrapper.sendBroadcast:377 com.suma.midware.back.esg.e.f:-1 com.suma.midware.back.esg.f.run:-1 com.suma.midware.prop.util.c.run:-1 
11-13 10:09:13.954 I/ActivityManager( 2033): START u0 {act=android.intent.action.MAIN cat=[android.intent.category.HOME] flg=0x10200000 cmp=com.suma.midware.home/.third.Main3DActivity} from uid 1000 on display 0
11-13 10:09:14.006 I/ActivityManager( 2033): Force stopping com.android.browser appid=10010 user=0: from pid 2404
11-13 10:09:14.029 W/ContextImpl( 2514): Calling a method in the system process without a qualified user: android.app.ContextImpl.sendBroadcast:1345 android.content.ContextWrapper.sendBroadcast:377 com.suma.midware.view.ext.BluetoothUpdate.b:-1 com.suma.midware.home.third.Main3DActivity.onResume:-1 android.app.Instrumentation.callActivityOnResume:1257 
11-13 10:09:14.032 I/ActivityManager( 2033): Force stopping com.suma.midware.vod appid=1000 user=0: from pid 2514
11-13 10:09:14.032 W/ContextImpl( 2514): Calling a method in the system process without a qualified user: android.app.ContextImpl.sendBroadcast:1345 android.content.ContextWrapper.sendBroadcast:377 android.app.ActivityThread.performResumeActivity:2982 android.app.ActivityThread.handleResumeActivity:3023 android.app.ActivityThread$H.handleMessage:1347 
11-13 10:09:19.909 I/ActivityManager( 2033): START u0 {act= cmp=com.ipanel.android_webview.shell/com.ipanel.webapp.BrowserActivity (has extras)} from uid 1000 on display 0
11-13 10:09:19.920 W/ContextImpl( 2514): Calling a method in the system process without a qualified user: android.app.ContextImpl.sendBroadcast:1345 android.content.ContextWrapper.sendBroadcast:377 android.app.ActivityThread.performPauseActivity:3259 android.app.ActivityThread.performPauseActivity:3225 android.app.ActivityThread.handlePauseActivity:3200 
11-13 10:10:00.465 W/ContextImpl( 2404): Calling a method in the system process without a qualified user: android.app.ContextImpl.sendBroadcast:1345 android.content.ContextWrapper.sendBroadcast:377 com.suma.midware.back.esg.e.f:-1 com.suma.midware.back.esg.f.run:-1 com.suma.midware.prop.util.c.run:-1 
11-13 10:10:01.467 W/ContextImpl( 2404): Calling a method in the system process without a qualified user: android.app.ContextImpl.sendBroadcast:1345 android.content.ContextWrapper.sendBroadcast:377 com.suma.midware.back.esg.e.f:-1 com.suma.midware.back.esg.f.run:-1 com.suma.midware.prop.util.c.run:-1 
11-13 10:10:02.471 W/ContextImpl( 2404): Calling a method in the system process without a qualified user: android.app.ContextImpl.sendBroadcast:1345 android.content.ContextWrapper.sendBroadcast:377 com.suma.midware.back.esg.e.f:-1 com.suma.midware.back.esg.f.run:-1 com.suma.midware.prop.util.c.run:-1 
11-13 10:11:05.518 W/ContextImpl( 2404): Calling a method in the system process without a qualified user: android.app.ContextImpl.sendBroadcast:1345 android.content.ContextWrapper.sendBroadcast:377 com.suma.midware.back.esg.e.f:-1 com.suma.midware.back.esg.f.run:-1 com.suma.midware.prop.util.c.run:-1 
11-13 10:11:06.521 W/ContextImpl( 2404): Calling a method in the system process without a qualified user: android.app.ContextImpl.sendBroadcast:1345 android.content.ContextWrapper.sendBroadcast:377 com.suma.midware.back.esg.e.f:-1 com.suma.midware.back.esg.f.run:-1 com.suma.midware.prop.util.c.run:-1 
11-13 10:11:07.524 W/ContextImpl( 2404): Calling a method in the system process without a qualified user: android.app.ContextImpl.sendBroadcast:1345 android.content.ContextWrapper.sendBroadcast:377 com.suma.midware.back.esg.e.f:-1 com.suma.midware.back.esg.f.run:-1 com.suma.midware.prop.util.c.run:-1 
11-13 10:12:10.572 W/ContextImpl( 2404): Calling a method in the system process without a qualified user: android.app.ContextImpl.sendBroadcast:1345 android.content.ContextWrapper.sendBroadcast:377 com.suma.midware.back.esg.e.f:-1 com.suma.midware.back.esg.f.run:-1 com.suma.midware.prop.util.c.run:-1 
11-13 10:12:11.575 W/ContextImpl( 2404): Calling a method in the system process without a qualified user: android.app.ContextImpl.sendBroadcast:1345 android.content.ContextWrapper.sendBroadcast:377 com.suma.midware.back.esg.e.f:-1 com.suma.midware.back.esg.f.run:-1 com.suma.midware.prop.util.c.run:-1 
11-13 10:12:12.578 W/ContextImpl( 2404): Calling a method in the system process without a qualified user: android.app.ContextImpl.sendBroadcast:1345 android.content.ContextWrapper.sendBroadcast:377 com.suma.midware.back.esg.e.f:-1 com.suma.midware.back.esg.f.run:-1 com.suma.midware.prop.util.c.run:-1 
11-13 10:12:51.038 D/UsbHostManager( 2033): Added device UsbDevice[mName=/dev/bus/usb/003/002,mVendorId=1423,mProductId=25479,mClass=0,mSubclass=0,mProtocol=0,mManufacturerName=Generic,mProductName=Teclast CoolFlash,mSerialNumber=4EC21231,mConfigurations=[
11-13 10:12:51.038 D/UsbHostManager( 2033): UsbConfiguration[mId=1,mName=null,mAttributes=128,mMaxPower=100,mInterfaces=[
11-13 10:12:51.038 D/UsbHostManager( 2033): UsbInterface[mId=0,mAlternateSetting=0,mName=null,mClass=8,mSubclass=6,mProtocol=80,mEndpoints=[
11-13 10:12:51.038 D/UsbHostManager( 2033): UsbEndpoint[mAddress=1,mAttributes=2,mMaxPacketSize=512,mInterval=0]
11-13 10:12:51.038 D/UsbHostManager( 2033): UsbEndpoint[mAddress=130,mAttributes=2,mMaxPacketSize=512,mInterval=0]]]]
11-13 10:12:51.051 W/ContextImpl( 2033): Calling a method in the system process without a qualified user: android.app.ContextImpl.sendBroadcast:1345 com.android.server.usb.UsbSettingsManager.deviceAttached:741 com.android.server.usb.UsbHostManager.endUsbDeviceAdded:224 com.android.server.usb.UsbHostManager.monitorUsbHostBus:-2 com.android.server.usb.UsbHostManager.access$000:42 
11-13 10:12:52.064 D/DirectVolume( 1563): [void DirectVolume::handleDiskAdded(const char*, NetlinkEvent*)-178] :**********Add Disk Begining**********
11-13 10:12:52.064 W/Vold    ( 1563): No volumes handled block event for '/devices/platform/soc/f98a0000.xhci/usb3/3-1/3-1:1.0/host0/target0:0:0/0:0:0:0/block/sda'
11-13 10:12:52.064 D/DirectVolume( 1563): [void DirectVolume::handlePartitionAdded(const char*, NetlinkEvent*)-225] :----> handlePartitionAdded devpath = /devices/platform/soc/f98a0000.xhci/usb3/3-1/3-1:1.0/host0/target0:0:0/0:0:0:0/block/sda/sda1 .
11-13 10:12:52.064 D/DirectVolume( 1563): [void DirectVolume::handlePartitionAdded(const char*, NetlinkEvent*)-260] :DirectVolume : handlePartitionAdded, mountpoint /mnt/sda/sda1, label /sda/sda1, major 8, minor 1, devpath /devices/platform/soc/f98a0000.xhci/usb3/3-1/3-1:1.0/host0/target0:0:0/0:0:0:0/block/sda/sda1
11-13 10:12:52.064 D/Vold    ( 1563): [void Volume::setState(int)-313] :Volume /sda/sda1 state changing -1 (Initializing) -> 0 (No-Media)
11-13 10:12:52.064 D/PartVolume( 1563): [virtual int PartVolume::handleBlockEvent(NetlinkEvent*)-92] :********PartVolume handleBlockEvent Begining********
11-13 10:12:52.064 D/PartVolume( 1563): [virtual int PartVolume::handleBlockEvent(NetlinkEvent*)-101] :PathCollection is Value------->/devices/platform/soc/f98a0000.xhci/usb3/3-1/3-1:1.0/host0/target0:0:0/0:0:0:0/block/sda/sda1
11-13 10:12:52.064 D/PartVolume( 1563): [void PartVolume::handlePartitionAdded(const char*, NetlinkEvent*)-124] :********PartVolume handlePartitionAdded Begining********
11-13 10:12:52.064 D/PartVolume( 1563): [void PartVolume::handlePartitionAdded(const char*, NetlinkEvent*)-132] :handlePartitionAdded. mPartMajor = 8, mPartMinor = 1, major = 8, minor = 1
11-13 10:12:52.073 E/MountService( 2033): VolumeState.NoMedia .
11-13 10:12:52.073 D/MountService( 2033): volume state changed for /mnt/sda/sda1 (null -> -1)
11-13 10:12:52.079 E/MountService( 2033): notifyVolumeStateChange getVolumeState !!
11-13 10:12:52.240 D/Vold    ( 1563): [void Volume::setState(int)-313] :Volume /sda/sda1 state changing 0 (No-Media) -> 1 (Idle-Unmounted)
11-13 10:12:52.240 D/PartVolume( 1563): [void PartVolume::handlePartitionAdded(const char*, NetlinkEvent*)-148] :Volume /sda/sda1 /mnt/sda/sda1 disk inserted (8:1)
11-13 10:12:52.240 D/Vold    ( 1563): [void VolumeManager::handleBlockEvent(NetlinkEvent*)-326] :Device '/devices/platform/soc/f98a0000.xhci/usb3/3-1/3-1:1.0/host0/target0:0:0/0:0:0:0/block/sda/sda1' event handled by volume /sda/sda1
11-13 10:12:52.241 E/MountService( 2033): notifyVolumeStateChange getVolumeState !!
11-13 10:12:52.241 D/MountService( 2033): volume state changed for /mnt/sda/sda1 (-1 -> unmounted)
11-13 10:12:52.254 E/MountService( 2033): Failed to read response to volume shared /storage/sdcard ums
11-13 10:12:52.256 E/MountService( 2033): getIndexInSpec -->4
11-13 10:12:52.257 D/Vold    ( 1563): [int Volume::mountVol()-596] :Mount Volume devicePath [/dev/block/vold/8:1], Mount Point [/mnt/sda/sda1]
11-13 10:12:52.258 D/Vold    ( 1563): [void Volume::setState(int)-313] :Volume /sda/sda1 state changing 1 (Idle-Unmounted) -> 3 (Checking)
11-13 10:12:52.258 D/Vold    ( 1563): [int Volume::mountVol()-604] :Volume Mount Point: [/mnt/sda/sda1]
11-13 10:12:52.258 D/Vold    ( 1563): [void Volume::mkdir_p(const char*, mode_t, uid_t, gid_t)-957] :Mountpoint pDir [/mnt/sda/sda1], slash [/sda/sda1]
11-13 10:12:52.258 D/Vold    ( 1563): [void Volume::mkdir_p(const char*, mode_t, uid_t, gid_t)-957] :Mountpoint pDir [/mnt/sda/sda1], slash [/sda1]
11-13 10:12:52.258 D/Vold    ( 1563): [void Volume::mkdir_p(const char*, mode_t, uid_t, gid_t)-957] :Mountpoint pDir [/mnt/sda/sda1], slash [(null)]
11-13 10:12:52.258 E/MountService( 2033): notifyVolumeStateChange getVolumeState !!
11-13 10:12:52.259 D/MountService( 2033): volume state changed for /mnt/sda/sda1 (unmounted -> checking)
11-13 10:12:52.276 D/Vold    ( 1563): [int Volume::mountVol()-624] :/dev/block/vold/8:1 success to mount VFAT!
11-13 10:12:52.304 I/ValidateNoPeople( 2033): skipping global notification
11-13 10:12:52.433 D/Vold    ( 1563): [int Volume::extractMetadata(const char*)-922] :blkid identified as /dev/block/vold/8:1: UUID="0009-8D10" TYPE="vfat" 
11-13 10:12:52.434 E/MountService( 2033): VolumeUserLabelChange , path = /mnt/sda/sda1 , userLabel =null
11-13 10:12:52.434 D/Vold    ( 1563): [void Volume::setState(int)-307] :Volume /sda/sda1 state changing 3 (Checking) -> 4 (Mounted), UUID=0009-8D10, DevType=USB3.0, DevNode = 2049, DiskLabel = (null)
11-13 10:12:52.435 E/MountService( 2033): VolumeState.Mounted .path = /mnt/sda/sda1
11-13 10:12:52.436 W/MountService( 2033): [ sunchentong ] VolumeDiskInserted , path = /mnt/sda/sda1
11-13 10:12:52.437 D/MountService( 2033): Enter mDiskLableList.get(i).isUsed 
11-13 10:12:52.437 D/MountService( 2033): SDCardIndex < 0, i = 0 ,  tempLable =
11-13 10:12:52.437 D/MountService( 2033): Enter addStorageVolume path = /mnt/sda/sda1
11-13 10:12:52.437 E/MountService( 2033): volume != null , addStorageVolume path = /mnt/sda/sda1
11-13 10:12:52.437 E/MountService( 2033): notifyVolumeStateChange getVolumeState !!
11-13 10:12:52.437 D/MountService( 2033): volume state changed for /mnt/sda/sda1 (checking -> mounted)
11-13 10:12:52.438 D/MountService( 2033): sendStorageIntent Intent { act=android.intent.action.MEDIA_MOUNTED dat=file:///mnt/sda/sda1 flg=0x4000000 (has extras) } to UserHandle{-1}
11-13 10:12:52.534 I/ActivityManager( 2033): Start proc 7743:com.android.externalstorage/u0a3 for broadcast com.android.externalstorage/.MountReceiver
11-13 10:12:52.677 W/InputMethodManagerService( 2033): Starting input on non-focused client com.android.internal.view.IInputMethodClient$Stub$Proxy@21c8ef52 (uid=10035 pid=7357)
11-13 10:12:53.097 I/ActivityManager( 2033): Start proc 7768:com.sumavision.android.media.v/u0a22 for broadcast com.sumavision.android.media.v/com.sumavision.android.media.c.MediaAppProReceiver
11-13 10:12:59.037 I/ActivityManager( 2033): Force stopping com.android.browser appid=10010 user=0: from pid 2404
11-13 10:12:59.038 I/ActivityManager( 2033): START u0 {act=android.intent.action.MAIN cat=[android.intent.category.HOME] flg=0x10200000 cmp=com.suma.midware.home/.third.Main3DActivity} from uid 1000 on display 0
11-13 10:12:59.062 I/ActivityManager( 2033): Process com.sumavision.android.media.v (pid 7768) has died
11-13 10:12:59.086 W/ContextImpl( 2514): Calling a method in the system process without a qualified user: android.app.ContextImpl.sendBroadcast:1345 android.content.ContextWrapper.sendBroadcast:377 com.suma.midware.view.ext.BluetoothUpdate.b:-1 com.suma.midware.home.third.Main3DActivity.onResume:-1 android.app.Instrumentation.callActivityOnResume:1257 
11-13 10:12:59.090 I/ActivityManager( 2033): Force stopping com.suma.midware.vod appid=1000 user=0: from pid 2514
11-13 10:12:59.090 W/ContextImpl( 2514): Calling a method in the system process without a qualified user: android.app.ContextImpl.sendBroadcast:1345 android.content.ContextWrapper.sendBroadcast:377 android.app.ActivityThread.performResumeActivity:2982 android.app.ActivityThread.handleResumeActivity:3023 android.app.ActivityThread$H.handleMessage:1347 
11-13 10:13:01.097 I/ActivityManager( 2033): START u0 {act= cmp=com.suma.midware.setting/.main.SystemMainActivity} from uid 1000 on display 0
11-13 10:13:01.105 W/ContextImpl( 2514): Calling a method in the system process without a qualified user: android.app.ContextImpl.sendBroadcast:1345 android.content.ContextWrapper.sendBroadcast:377 android.app.ActivityThread.performPauseActivity:3259 android.app.ActivityThread.performPauseActivity:3225 android.app.ActivityThread.handlePauseActivity:3200 
11-13 10:13:01.116 W/ViewRootImpl( 2514): Cancelling event due to no window focus: KeyEvent { action=ACTION_UP, keyCode=KEYCODE_DPAD_CENTER, scanCode=28, metaState=0, flags=0x28, repeatCount=0, eventTime=5281348, downTime=5281322, deviceId=4, source=0x701 }
11-13 10:13:01.117 W/ViewRootImpl( 2514): Cancelling event due to no window focus: KeyEvent { action=ACTION_UP, keyCode=KEYCODE_DPAD_CENTER, scanCode=28, metaState=0, flags=0x28, repeatCount=0, eventTime=5281348, downTime=5281322, deviceId=4, source=0x701 }
11-13 10:13:01.117 W/ViewRootImpl( 2514): Cancelling event due to no window focus: KeyEvent { action=ACTION_UP, keyCode=KEYCODE_DPAD_CENTER, scanCode=28, metaState=0, flags=0x28, repeatCount=0, eventTime=5281348, downTime=5281322, deviceId=4, source=0x701 }
11-13 10:13:01.117 W/ViewRootImpl( 2514): Cancelling event due to no window focus: KeyEvent { action=ACTION_UP, keyCode=KEYCODE_DPAD_CENTER, scanCode=28, metaState=0, flags=0x28, repeatCount=0, eventTime=5281348, downTime=5281322, deviceId=4, source=0x701 }
11-13 10:13:01.117 W/ViewRootImpl( 2514): Cancelling event due to no window focus: KeyEvent { action=ACTION_UP, keyCode=KEYCODE_DPAD_CENTER, scanCode=28, metaState=0, flags=0x28, repeatCount=0, eventTime=5281348, downTime=5281322, deviceId=4, source=0x701 }
11-13 10:13:01.117 W/ViewRootImpl( 2514): Cancelling event due to no window focus: KeyEvent { action=ACTION_UP, keyCode=KEYCODE_DPAD_CENTER, scanCode=28, metaState=0, flags=0x28, repeatCount=0, eventTime=5281348, downTime=5281322, deviceId=4, source=0x701 }
11-13 10:13:01.126 W/ContextImpl( 2716): Calling a method in the system process without a qualified user: android.app.ContextImpl.sendBroadcast:1345 android.content.ContextWrapper.sendBroadcast:377 android.app.ActivityThread.performResumeActivity:2982 android.app.ActivityThread.handleResumeActivity:3023 android.app.ActivityThread$H.handleMessage:1347 
11-13 10:13:02.392 W/ContextImpl( 2716): Calling a method in the system process without a qualified user: android.app.ContextImpl.sendBroadcast:1345 android.content.ContextWrapper.sendBroadcast:377 android.app.ActivityThread.performPauseActivity:3259 android.app.ActivityThread.performPauseActivity:3225 android.app.ActivityThread.handlePauseActivity:3200 
11-13 10:13:02.414 W/ContextImpl( 2514): Calling a method in the system process without a qualified user: android.app.ContextImpl.sendBroadcast:1345 android.content.ContextWrapper.sendBroadcast:377 com.suma.midware.view.ext.BluetoothUpdate.b:-1 com.suma.midware.home.third.Main3DActivity.onResume:-1 android.app.Instrumentation.callActivityOnResume:1257 
11-13 10:13:02.417 W/ContextImpl( 2514): Calling a method in the system process without a qualified user: android.app.ContextImpl.sendBroadcast:1345 android.content.ContextWrapper.sendBroadcast:377 android.app.ActivityThread.performResumeActivity:2982 android.app.ActivityThread.handleResumeActivity:3023 android.app.ActivityThread$H.handleMessage:1347 
11-13 10:13:02.417 I/ActivityManager( 2033): Force stopping com.suma.midware.vod appid=1000 user=0: from pid 2514
11-13 10:13:07.714 I/ActivityManager( 2033): START u0 {act= cmp=com.huan.appstore/.ui.InstalledActivity} from uid 1000 on display 0
11-13 10:13:07.720 V/WindowManager( 2033): addAppToken: AppWindowToken{2bc21e05 token=Token{939157c ActivityRecord{1551f46f u0 com.huan.appstore/.ui.InstalledActivity t1124}}} to stack=0 task=1124 at 1
11-13 10:13:07.724 V/WindowManager( 2033): Adding window Window{b822626 u0 Starting com.huan.appstore} at 8 of 13 (after Window{3a3913c8 u0 com.suma.midware.home/com.suma.midware.home.third.Main3DActivity})
11-13 10:13:07.724 W/ContextImpl( 2514): Calling a method in the system process without a qualified user: android.app.ContextImpl.sendBroadcast:1345 android.content.ContextWrapper.sendBroadcast:377 android.app.ActivityThread.performPauseActivity:3259 android.app.ActivityThread.performPauseActivity:3225 android.app.ActivityThread.handlePauseActivity:3200 
11-13 10:13:07.748 I/ActivityManager( 2033): Start proc 7809:com.huan.appstore/u0a21 for activity com.huan.appstore/.ui.InstalledActivity
11-13 10:13:07.774 W/ViewRootImpl( 2514): Cancelling event due to no window focus: KeyEvent { action=ACTION_UP, keyCode=KEYCODE_DPAD_CENTER, scanCode=28, metaState=0, flags=0x28, repeatCount=0, eventTime=5287954, downTime=5287943, deviceId=4, source=0x701 }
11-13 10:13:07.774 W/ViewRootImpl( 2514): Cancelling event due to no window focus: KeyEvent { action=ACTION_UP, keyCode=KEYCODE_DPAD_CENTER, scanCode=28, metaState=0, flags=0x28, repeatCount=0, eventTime=5287954, downTime=5287943, deviceId=4, source=0x701 }
11-13 10:13:07.774 W/ViewRootImpl( 2514): Cancelling event due to no window focus: KeyEvent { action=ACTION_UP, keyCode=KEYCODE_DPAD_CENTER, scanCode=28, metaState=0, flags=0x28, repeatCount=0, eventTime=5287954, downTime=5287943, deviceId=4, source=0x701 }
11-13 10:13:07.774 W/ViewRootImpl( 2514): Cancelling event due to no window focus: KeyEvent { action=ACTION_UP, keyCode=KEYCODE_DPAD_CENTER, scanCode=28, metaState=0, flags=0x28, repeatCount=0, eventTime=5287954, downTime=5287943, deviceId=4, source=0x701 }
11-13 10:13:07.774 W/ViewRootImpl( 2514): Cancelling event due to no window focus: KeyEvent { action=ACTION_UP, keyCode=KEYCODE_DPAD_CENTER, scanCode=28, metaState=0, flags=0x28, repeatCount=0, eventTime=5287954, downTime=5287943, deviceId=4, source=0x701 }
11-13 10:13:07.774 W/ViewRootImpl( 2514): Cancelling event due to no window focus: KeyEvent { action=ACTION_UP, keyCode=KEYCODE_DPAD_CENTER, scanCode=28, metaState=0, flags=0x28, repeatCount=0, eventTime=5287954, downTime=5287943, deviceId=4, source=0x701 }
11-13 10:13:07.997 W/ActivityManager( 2033): Unable to start service Intent { act=com.huan.packageinstaller.PackageInstallerService } U=0: not found
11-13 10:13:07.999 W/ActivityManager( 2033): Unable to start service Intent { act=com.huan.packageinstaller.UninstallerService } U=0: not found
11-13 10:13:08.213 V/WindowManager( 2033): Adding window Window{2a8bf862 u0 com.huan.appstore/com.huan.appstore.ui.InstalledActivity} at 8 of 14 (before Window{b822626 u0 Starting com.huan.appstore})
11-13 10:13:08.241 W/ViewRootImpl( 7809): Cancelling event due to no window focus: KeyEvent { action=ACTION_UP, keyCode=KEYCODE_DPAD_CENTER, scanCode=28, metaState=0, flags=0x80000028, repeatCount=0, eventTime=5288153, downTime=5287943, deviceId=4, source=0x701 }
11-13 10:13:08.241 W/ViewRootImpl( 7809): Cancelling event due to no window focus: KeyEvent { action=ACTION_UP, keyCode=KEYCODE_DPAD_CENTER, scanCode=28, metaState=0, flags=0x80000028, repeatCount=0, eventTime=5288153, downTime=5287943, deviceId=4, source=0x701 }
11-13 10:13:08.241 W/ViewRootImpl( 7809): Cancelling event due to no window focus: KeyEvent { action=ACTION_UP, keyCode=KEYCODE_DPAD_CENTER, scanCode=28, metaState=0, flags=0x80000028, repeatCount=0, eventTime=5288153, downTime=5287943, deviceId=4, source=0x701 }
11-13 10:13:08.241 W/ViewRootImpl( 7809): Cancelling event due to no window focus: KeyEvent { action=ACTION_UP, keyCode=KEYCODE_DPAD_CENTER, scanCode=28, metaState=0, flags=0x80000028, repeatCount=0, eventTime=5288153, downTime=5287943, deviceId=4, source=0x701 }
11-13 10:13:08.241 W/ViewRootImpl( 7809): Cancelling event due to no window focus: KeyEvent { action=ACTION_UP, keyCode=KEYCODE_DPAD_CENTER, scanCode=28, metaState=0, flags=0x80000028, repeatCount=0, eventTime=5288153, downTime=5287943, deviceId=4, source=0x701 }
11-13 10:13:08.242 W/ViewRootImpl( 7809): Cancelling event due to no window focus: KeyEvent { action=ACTION_UP, keyCode=KEYCODE_DPAD_CENTER, scanCode=28, metaState=0, flags=0x80000028, repeatCount=0, eventTime=5288153, downTime=5287943, deviceId=4, source=0x701 }
11-13 10:13:08.242 W/ViewRootImpl( 7809): Cancelling event due to no window focus: KeyEvent { action=ACTION_UP, keyCode=KEYCODE_DPAD_CENTER, scanCode=28, metaState=0, flags=0x80000028, repeatCount=0, eventTime=5288153, downTime=5287943, deviceId=4, source=0x701 }
11-13 10:13:08.242 W/ViewRootImpl( 7809): Cancelling event due to no window focus: KeyEvent { action=ACTION_UP, keyCode=KEYCODE_DPAD_CENTER, scanCode=28, metaState=0, flags=0x80000028, repeatCount=0, eventTime=5288153, downTime=5287943, deviceId=4, source=0x701 }
11-13 10:13:08.242 W/ViewRootImpl( 7809): Cancelling event due to no window focus: KeyEvent { action=ACTION_UP, keyCode=KEYCODE_DPAD_CENTER, scanCode=28, metaState=0, flags=0x80000028, repeatCount=0, eventTime=5288153, downTime=5287943, deviceId=4, source=0x701 }
11-13 10:13:11.256 V/WindowManager( 2033): not Base app: Adding window Window{a5d68e6 u0 com.huan.appstore/com.huan.appstore.ui.InstalledActivity} at 9 of 14
11-13 10:13:13.740 I/ActivityManager( 2033): Force stopping com.yzx.im_demo appid=10044 user=-1: uninstall pkg
11-13 10:13:13.778 I/ActivityManager( 2033): Force stopping com.yzx.im_demo appid=10044 user=0: pkg removed
11-13 10:13:13.793 D/JobSchedulerService( 2033): Receieved: android.intent.action.PACKAGE_REMOVED
11-13 10:13:13.793 D/BackupManagerService( 2033): Received broadcast Intent { act=android.intent.action.PACKAGE_REMOVED dat=package:com.yzx.im_demo flg=0x4000010 (has extras) }
11-13 10:13:13.814 I/ActivityManager( 2033): Start proc 7892:com.android.keychain/1000 for broadcast com.android.keychain/.KeyChainBroadcastReceiver
11-13 10:13:13.815 D/TaskPersister( 2033): removeObsoleteFile: deleting file=1123_task.xml
11-13 10:13:13.816 D/TaskPersister( 2033): removeObsoleteFile: deleting file=1123_task_thumbnail.png
11-13 10:13:13.838 W/InputMethodManagerService( 2033): Skipping input method ComponentInfo{com.suma.midware.back/com.suma.midware.back.sanping.input.SoftInputService}: it does not require the permission android.permission.BIND_INPUT_METHOD
11-13 10:13:13.839 W/ActivityManager( 2033): getTasks: caller 10021 does not hold REAL_GET_TASKS; limiting output
11-13 10:13:13.851 W/ContextImpl( 7892): Calling a method in the system process without a qualified user: android.app.ContextImpl.startService:1710 android.content.ContextWrapper.startService:516 android.content.ContextWrapper.startService:516 com.android.keychain.KeyChainBroadcastReceiver.onReceive:12 android.app.ActivityThread.handleReceiver:2609 
11-13 10:13:13.896 I/ActivityManager( 2033): Start proc 7911:com.tv.wuyetong/u0a33 for broadcast com.tv.wuyetong/com.xiaomi.mitv.store.view.AppInstallReceiver
11-13 10:13:13.980 I/ActivityManager( 2033): Start proc 7930:com.android.defcontainer/u0a1 for service com.android.defcontainer/.DefaultContainerService
11-13 10:13:14.044 I/ActivityManager( 2033): Start proc 7956:com.android.documentsui/u0a13 for broadcast com.android.documentsui/.PackageReceiver
11-13 10:13:14.737 D/WifiService( 2033): New client listening to asynchronous messages
11-13 10:13:15.012 W/ContextImpl( 2514): Calling a method in the system process without a qualified user: android.app.ContextImpl.sendBroadcast:1345 android.content.ContextWrapper.sendBroadcast:377 com.suma.midware.view.ext.BluetoothUpdate.b:-1 com.suma.midware.home.third.Main3DActivity.onResume:-1 android.app.Instrumentation.callActivityOnResume:1257 
11-13 10:13:15.015 W/ContextImpl( 2514): Calling a method in the system process without a qualified user: android.app.ContextImpl.sendBroadcast:1345 android.content.ContextWrapper.sendBroadcast:377 android.app.ActivityThread.performResumeActivity:2982 android.app.ActivityThread.handleResumeActivity:3023 android.app.ActivityThread$H.handleMessage:1347 
11-13 10:13:15.015 I/ActivityManager( 2033): Force stopping com.suma.midware.vod appid=1000 user=0: from pid 2514
11-13 10:13:15.602 W/ContextImpl( 2404): Calling a method in the system process without a qualified user: android.app.ContextImpl.sendBroadcast:1345 android.content.ContextWrapper.sendBroadcast:377 com.suma.midware.back.esg.e.f:-1 com.suma.midware.back.esg.f.run:-1 com.suma.midware.prop.util.c.run:-1 
11-13 10:13:16.605 W/ContextImpl( 2404): Calling a method in the system process without a qualified user: android.app.ContextImpl.sendBroadcast:1345 android.content.ContextWrapper.sendBroadcast:377 com.suma.midware.back.esg.e.f:-1 com.suma.midware.back.esg.f.run:-1 com.suma.midware.prop.util.c.run:-1 
11-13 10:13:17.606 W/ContextImpl( 2404): Calling a method in the system process without a qualified user: android.app.ContextImpl.sendBroadcast:1345 android.content.ContextWrapper.sendBroadcast:377 com.suma.midware.back.esg.e.f:-1 com.suma.midware.back.esg.f.run:-1 com.suma.midware.prop.util.c.run:-1 
11-13 10:13:17.852 I/ActivityManager( 2033): START u0 {act= cmp=com.sumavision.android.media.v/.MediaAppActivity} from uid 1000 on display 0
11-13 10:13:17.859 V/WindowManager( 2033): addAppToken: AppWindowToken{24c35246 token=Token{12a35e21 ActivityRecord{22d1488 u0 com.sumavision.android.media.v/.MediaAppActivity t1129}}} to stack=1 task=1129 at 0
11-13 10:13:17.862 V/WindowManager( 2033): Adding window Window{3f5ee1a3 u0 Starting com.sumavision.android.media.v} at 8 of 14 (after Window{b772051 u0 com.ipanel.android_webview.shell/com.ipanel.webapp.BrowserActivity})
11-13 10:13:17.865 W/ContextImpl( 2514): Calling a method in the system process without a qualified user: android.app.ContextImpl.sendBroadcast:1345 android.content.ContextWrapper.sendBroadcast:377 android.app.ActivityThread.performPauseActivity:3259 android.app.ActivityThread.performPauseActivity:3225 android.app.ActivityThread.handlePauseActivity:3200 
11-13 10:13:17.889 I/ActivityManager( 2033): Start proc 8032:com.sumavision.android.media.v/u0a22 for activity com.sumavision.android.media.v/.MediaAppActivity
11-13 10:13:17.890 W/ViewRootImpl( 2514): Cancelling event due to no window focus: KeyEvent { action=ACTION_UP, keyCode=KEYCODE_DPAD_CENTER, scanCode=28, metaState=0, flags=0x28, repeatCount=0, eventTime=5298094, downTime=5298078, deviceId=4, source=0x701 }
11-13 10:13:17.890 W/ViewRootImpl( 2514): Cancelling event due to no window focus: KeyEvent { action=ACTION_UP, keyCode=KEYCODE_DPAD_CENTER, scanCode=28, metaState=0, flags=0x28, repeatCount=0, eventTime=5298094, downTime=5298078, deviceId=4, source=0x701 }
11-13 10:13:17.890 W/ViewRootImpl( 2514): Cancelling event due to no window focus: KeyEvent { action=ACTION_UP, keyCode=KEYCODE_DPAD_CENTER, scanCode=28, metaState=0, flags=0x28, repeatCount=0, eventTime=5298094, downTime=5298078, deviceId=4, source=0x701 }
11-13 10:13:17.890 W/ViewRootImpl( 2514): Cancelling event due to no window focus: KeyEvent { action=ACTION_UP, keyCode=KEYCODE_DPAD_CENTER, scanCode=28, metaState=0, flags=0x28, repeatCount=0, eventTime=5298094, downTime=5298078, deviceId=4, source=0x701 }
11-13 10:13:17.890 W/ViewRootImpl( 2514): Cancelling event due to no window focus: KeyEvent { action=ACTION_UP, keyCode=KEYCODE_DPAD_CENTER, scanCode=28, metaState=0, flags=0x28, repeatCount=0, eventTime=5298094, downTime=5298078, deviceId=4, source=0x701 }
11-13 10:13:17.890 W/ViewRootImpl( 2514): Cancelling event due to no window focus: KeyEvent { action=ACTION_UP, keyCode=KEYCODE_DPAD_CENTER, scanCode=28, metaState=0, flags=0x28, repeatCount=0, eventTime=5298094, downTime=5298078, deviceId=4, source=0x701 }
11-13 10:13:18.075 V/WindowManager( 2033): Adding window Window{209d84f7 u0 com.sumavision.android.media.v/com.sumavision.android.media.v.MediaAppActivity} at 8 of 15 (before Window{3f5ee1a3 u0 Starting com.sumavision.android.media.v})
11-13 10:13:18.126 W/ViewRootImpl( 8032): Cancelling event due to no window focus: KeyEvent { action=ACTION_UP, keyCode=KEYCODE_DPAD_CENTER, scanCode=28, metaState=0, flags=0x80000028, repeatCount=0, eventTime=5298287, downTime=5298078, deviceId=4, source=0x701 }
11-13 10:13:18.126 W/ViewRootImpl( 8032): Cancelling event due to no window focus: KeyEvent { action=ACTION_UP, keyCode=KEYCODE_DPAD_CENTER, scanCode=28, metaState=0, flags=0x80000028, repeatCount=0, eventTime=5298287, downTime=5298078, deviceId=4, source=0x701 }
11-13 10:13:18.126 W/ViewRootImpl( 8032): Cancelling event due to no window focus: KeyEvent { action=ACTION_UP, keyCode=KEYCODE_DPAD_CENTER, scanCode=28, metaState=0, flags=0x80000028, repeatCount=0, eventTime=5298287, downTime=5298078, deviceId=4, source=0x701 }
11-13 10:13:18.126 W/ViewRootImpl( 8032): Cancelling event due to no window focus: KeyEvent { action=ACTION_UP, keyCode=KEYCODE_DPAD_CENTER, scanCode=28, metaState=0, flags=0x80000028, repeatCount=0, eventTime=5298287, downTime=5298078, deviceId=4, source=0x701 }
11-13 10:13:18.126 W/ViewRootImpl( 8032): Cancelling event due to no window focus: KeyEvent { action=ACTION_UP, keyCode=KEYCODE_DPAD_CENTER, scanCode=28, metaState=0, flags=0x80000028, repeatCount=0, eventTime=5298287, downTime=5298078, deviceId=4, source=0x701 }
11-13 10:13:18.126 W/ViewRootImpl( 8032): Cancelling event due to no window focus: KeyEvent { action=ACTION_UP, keyCode=KEYCODE_DPAD_CENTER, scanCode=28, metaState=0, flags=0x80000028, repeatCount=0, eventTime=5298287, downTime=5298078, deviceId=4, source=0x701 }
11-13 10:13:21.367 D/TaskPersister( 2033): removeObsoleteFile: deleting file=1121_task.xml
11-13 10:13:21.368 D/TaskPersister( 2033): removeObsoleteFile: deleting file=1121_task_thumbnail.png
11-13 10:13:28.224 I/WindowState( 2033): WIN DEATH: Window{13404790 u0 SurfaceView}
11-13 10:13:28.224 D/ConnectivityService( 2033): ConnectivityService NetworkRequestInfo binderDied(NetworkRequest [ id=9, legacyType=-1, [ Capabilities: INTERNET&NOT_RESTRICTED&TRUSTED] ], android.os.BinderProxy@f906bda)
11-13 10:13:28.225 D/ConnectivityService( 2033): releasing NetworkRequest NetworkRequest [ id=9, legacyType=-1, [ Capabilities: INTERNET&NOT_RESTRICTED&TRUSTED] ]
11-13 10:13:28.227 I/ActivityManager( 2033): Process com.ipanel.android_webview.shell (pid 7357) has died
11-13 10:13:28.231 E/ConnectivityService( 2033): RemoteException caught trying to send a callback msg for NetworkRequest [ id=9, legacyType=-1, [ Capabilities: INTERNET&NOT_RESTRICTED&TRUSTED] ]
11-13 10:13:28.232 I/WindowState( 2033): WIN DEATH: Window{b772051 u0 com.ipanel.android_webview.shell/com.ipanel.webapp.BrowserActivity}
11-13 10:13:28.232 W/WindowManager( 2033): Force-removing child win Window{38151242 u0 SurfaceView} from container Window{b772051 u0 com.ipanel.android_webview.shell/com.ipanel.webapp.BrowserActivity}
11-13 10:13:28.236 W/WindowManager( 2033): Failed looking up window
11-13 10:13:28.236 W/WindowManager( 2033): java.lang.IllegalArgumentException: Requested window android.os.BinderProxy@23c708d does not exist
11-13 10:13:28.236 W/WindowManager( 2033): 	at com.android.server.wm.WindowManagerService.windowForClientLocked(WindowManagerService.java:8654)
11-13 10:13:28.236 W/WindowManager( 2033): 	at com.android.server.wm.WindowManagerService.windowForClientLocked(WindowManagerService.java:8645)
11-13 10:13:28.236 W/WindowManager( 2033): 	at com.android.server.wm.WindowState$DeathRecipient.binderDied(WindowState.java:1142)
11-13 10:13:28.236 W/WindowManager( 2033): 	at android.os.BinderProxy.sendDeathNotice(Binder.java:551)
11-13 10:13:28.236 I/WindowState( 2033): WIN DEATH: null
11-13 10:13:28.992 I/ActivityManager( 2033): Waited long enough for: ServiceRecord{cd9a558 u0 com.tv.wuyetong/com.yealink.NotifyService}
11-13 10:13:51.171 I/ActivityManager( 2033): START u0 {cmp=com.sumavision.android.media.v/.MediaListActivity (has extras)} from uid 10022 on display 0
11-13 10:13:51.175 V/WindowManager( 2033): addAppToken: AppWindowToken{20c68101 token=Token{aed76e8 ActivityRecord{25f6880b u0 com.sumavision.android.media.v/.MediaListActivity t1129}}} to stack=1 task=1129 at 1
11-13 10:13:51.179 W/ActivityManager( 2033): getTasks: caller 10022 does not hold REAL_GET_TASKS; limiting output
11-13 10:13:51.329 V/WindowManager( 2033): Adding window Window{37a4072c u0 com.sumavision.android.media.v/com.sumavision.android.media.v.MediaListActivity} at 6 of 11 (after Window{209d84f7 u0 com.sumavision.android.media.v/com.sumavision.android.media.v.MediaAppActivity})
11-13 10:13:56.073 I/ActivityManager( 2033): START u0 {act=android.intent.action.VIEW dat=file:///mnt/sda/sda1/IM_DEMO.apk typ=application/vnd.android.package-archive cmp=com.android.packageinstaller/.PackageInstallerActivity (has extras)} from uid 10022 on display 0
11-13 10:13:56.080 V/WindowManager( 2033): addAppToken: AppWindowToken{34129ead token=Token{207e0fc4 ActivityRecord{2350cad7 u0 com.android.packageinstaller/.PackageInstallerActivity t1129}}} to stack=1 task=1129 at 2
11-13 10:13:56.082 W/ActivityManager( 2033): getTasks: caller 10022 does not hold REAL_GET_TASKS; limiting output
11-13 10:13:56.125 I/ActivityManager( 2033): Start proc 8124:com.android.packageinstaller/u0a17 for activity com.android.packageinstaller/.PackageInstallerActivity
11-13 10:13:56.399 V/WindowManager( 2033): Adding window Window{c880e2e u0 com.android.packageinstaller/com.android.packageinstaller.PackageInstallerActivity} at 7 of 12 (after Window{37a4072c u0 com.sumavision.android.media.v/com.sumavision.android.media.v.MediaListActivity})
11-13 10:14:00.091 I/ActivityManager( 2033): START u0 {dat=file:///mnt/sda/sda1/IM_DEMO.apk cmp=com.android.packageinstaller/.InstallAppProgress (has extras)} from uid 10017 on display 0
11-13 10:14:00.095 V/WindowManager( 2033): addAppToken: AppWindowToken{8ce8948 token=Token{3300e7eb ActivityRecord{38adf3a u0 com.android.packageinstaller/.InstallAppProgress t1129}}} to stack=1 task=1129 at 3
11-13 10:14:00.129 V/WindowManager( 2033): Adding window Window{25206963 u0 com.android.packageinstaller/com.android.packageinstaller.InstallAppProgress} at 8 of 13 (after Window{c880e2e u0 com.android.packageinstaller/com.android.packageinstaller.PackageInstallerActivity})
11-13 10:14:00.388 D/DefContainer( 7930): Copying /mnt/sda/sda1/IM_DEMO.apk to base.apk
11-13 10:14:03.422 D/PackageManager( 2033): Renaming /data/app/vmdl1868461038.tmp to /data/app/com.yzx.im_demo-1
11-13 10:14:06.822 W/PackageManager( 2033): Unknown permission com.android.launcher.permission.READ_SETTINGS in package com.yzx.im_demo
11-13 10:14:06.845 V/BackupManagerService( 2033): restoreAtInstall pkg=com.yzx.im_demo token=1 restoreSet=0
11-13 10:14:06.847 V/BackupManagerService( 2033): Finishing install immediately
11-13 10:14:06.852 W/InputMethodManagerService( 2033): Skipping input method ComponentInfo{com.suma.midware.back/com.suma.midware.back.sanping.input.SoftInputService}: it does not require the permission android.permission.BIND_INPUT_METHOD
11-13 10:14:06.857 D/BackupManagerService( 2033): Received broadcast Intent { act=android.intent.action.PACKAGE_ADDED dat=package:com.yzx.im_demo flg=0x4000010 (has extras) }
11-13 10:14:06.858 W/BackupManagerService( 2033): Removing schedule queue dupe of com.yzx.im_demo
11-13 10:14:20.655 W/ContextImpl( 2404): Calling a method in the system process without a qualified user: android.app.ContextImpl.sendBroadcast:1345 android.content.ContextWrapper.sendBroadcast:377 com.suma.midware.back.esg.e.f:-1 com.suma.midware.back.esg.f.run:-1 com.suma.midware.prop.util.c.run:-1 
11-13 10:14:21.658 W/ContextImpl( 2404): Calling a method in the system process without a qualified user: android.app.ContextImpl.sendBroadcast:1345 android.content.ContextWrapper.sendBroadcast:377 com.suma.midware.back.esg.e.f:-1 com.suma.midware.back.esg.f.run:-1 com.suma.midware.prop.util.c.run:-1 
11-13 10:14:22.661 W/ContextImpl( 2404): Calling a method in the system process without a qualified user: android.app.ContextImpl.sendBroadcast:1345 android.content.ContextWrapper.sendBroadcast:377 com.suma.midware.back.esg.e.f:-1 com.suma.midware.back.esg.f.run:-1 com.suma.midware.prop.util.c.run:-1 
11-13 10:14:59.836 W/BatteryStatsImpl( 2033): Couldn't get kernel wake lock stats
11-13 10:15:24.760 I/ProcessStatsService( 2033): Prepared write state in 5ms
11-13 10:15:25.705 W/ContextImpl( 2404): Calling a method in the system process without a qualified user: android.app.ContextImpl.sendBroadcast:1345 android.content.ContextWrapper.sendBroadcast:377 com.suma.midware.back.esg.e.f:-1 com.suma.midware.back.esg.f.run:-1 com.suma.midware.prop.util.c.run:-1 
11-13 10:15:26.708 W/ContextImpl( 2404): Calling a method in the system process without a qualified user: android.app.ContextImpl.sendBroadcast:1345 android.content.ContextWrapper.sendBroadcast:377 com.suma.midware.back.esg.e.f:-1 com.suma.midware.back.esg.f.run:-1 com.suma.midware.prop.util.c.run:-1 
11-13 10:15:27.711 W/ContextImpl( 2404): Calling a method in the system process without a qualified user: android.app.ContextImpl.sendBroadcast:1345 android.content.ContextWrapper.sendBroadcast:377 com.suma.midware.back.esg.e.f:-1 com.suma.midware.back.esg.f.run:-1 com.suma.midware.prop.util.c.run:-1 
11-13 10:15:56.283 I/ActivityManager( 2033): START u0 {act=android.intent.action.MAIN cat=[android.intent.category.LAUNCHER] flg=0x10000000 pkg=com.yzx.im_demo cmp=com.yzx.im_demo/.IMDemoActivity} from uid 10017 on display 0
11-13 10:15:56.289 W/ResourcesManager( 2033): Asset path '/system/framework/android.test.runner.jar' does not exist or contains no resources.
11-13 10:15:56.294 V/WindowManager( 2033): addAppToken: AppWindowToken{20d905a7 token=Token{1f62e66 ActivityRecord{1ae596c1 u0 com.yzx.im_demo/.IMDemoActivity t1130}}} to stack=1 task=1130 at 0
11-13 10:15:56.318 V/WindowManager( 2033): Adding window Window{5fee7c0 u0 Starting com.yzx.im_demo} at 8 of 13 (after Window{25206963 u0 com.android.packageinstaller/com.android.packageinstaller.InstallAppProgress})
11-13 10:15:56.367 I/ActivityManager( 2033): Start proc 8274:com.yzx.im_demo/u0a45 for activity com.yzx.im_demo/.IMDemoActivity
11-13 10:15:56.398 W/ResourcesManager( 8274): Asset path '/system/framework/android.test.runner.jar' does not exist or contains no resources.
11-13 10:15:56.557 V/WindowManager( 2033): Adding window Window{278e98ee u0 com.yzx.im_demo/com.yzx.im_demo.IMDemoActivity} at 8 of 14 (before Window{5fee7c0 u0 Starting com.yzx.im_demo})
11-13 10:15:56.629 W/ResourcesManager( 2181): Asset path '/system/framework/android.test.runner.jar' does not exist or contains no resources.
11-13 10:15:57.535 I/ActivityManager( 2033): START u0 {cmp=com.yzx.im_demo/com.ipanel.videotalk.login.LoginActivty} from uid 10045 on display 0
11-13 10:15:57.539 V/WindowManager( 2033): addAppToken: AppWindowToken{9294c95 token=Token{20bca44c ActivityRecord{34a23c7f u0 com.yzx.im_demo/com.ipanel.videotalk.login.LoginActivty t1131}}} to stack=1 task=1131 at 0
11-13 10:15:57.546 V/WindowManager( 2033): Adding window Window{e28219b u0 Starting com.yzx.im_demo} at 8 of 13 (after Window{278e98ee u0 com.yzx.im_demo/com.yzx.im_demo.IMDemoActivity})
