11-13 11:22:39.078 W/ContextImpl( 2404): Calling a method in the system process without a qualified user: android.app.ContextImpl.sendBroadcast:1345 android.content.ContextWrapper.sendBroadcast:377 com.suma.midware.back.esg.e.f:-1 com.suma.midware.back.esg.f.run:-1 com.suma.midware.prop.util.c.run:-1 
11-13 11:22:40.080 W/ContextImpl( 2404): Calling a method in the system process without a qualified user: android.app.ContextImpl.sendBroadcast:1345 android.content.ContextWrapper.sendBroadcast:377 com.suma.midware.back.esg.e.f:-1 com.suma.midware.back.esg.f.run:-1 com.suma.midware.prop.util.c.run:-1 
11-13 11:22:41.082 W/ContextImpl( 2404): Calling a method in the system process without a qualified user: android.app.ContextImpl.sendBroadcast:1345 android.content.ContextWrapper.sendBroadcast:377 com.suma.midware.back.esg.e.f:-1 com.suma.midware.back.esg.f.run:-1 com.suma.midware.prop.util.c.run:-1 
11-13 11:23:05.022 W/ProcessCpuTracker( 2033): Skipping unknown process pid 13085
11-13 11:23:44.141 W/ContextImpl( 2404): Calling a method in the system process without a qualified user: android.app.ContextImpl.sendBroadcast:1345 android.content.ContextWrapper.sendBroadcast:377 com.suma.midware.back.esg.e.f:-1 com.suma.midware.back.esg.f.run:-1 com.suma.midware.prop.util.c.run:-1 
11-13 11:23:45.143 W/ContextImpl( 2404): Calling a method in the system process without a qualified user: android.app.ContextImpl.sendBroadcast:1345 android.content.ContextWrapper.sendBroadcast:377 com.suma.midware.back.esg.e.f:-1 com.suma.midware.back.esg.f.run:-1 com.suma.midware.prop.util.c.run:-1 
11-13 11:23:46.146 W/ContextImpl( 2404): Calling a method in the system process without a qualified user: android.app.ContextImpl.sendBroadcast:1345 android.content.ContextWrapper.sendBroadcast:377 com.suma.midware.back.esg.e.f:-1 com.suma.midware.back.esg.f.run:-1 com.suma.midware.prop.util.c.run:-1 
11-13 11:24:49.186 W/ContextImpl( 2404): Calling a method in the system process without a qualified user: android.app.ContextImpl.sendBroadcast:1345 android.content.ContextWrapper.sendBroadcast:377 com.suma.midware.back.esg.e.f:-1 com.suma.midware.back.esg.f.run:-1 com.suma.midware.prop.util.c.run:-1 
11-13 11:24:50.188 W/ContextImpl( 2404): Calling a method in the system process without a qualified user: android.app.ContextImpl.sendBroadcast:1345 android.content.ContextWrapper.sendBroadcast:377 com.suma.midware.back.esg.e.f:-1 com.suma.midware.back.esg.f.run:-1 com.suma.midware.prop.util.c.run:-1 
11-13 11:24:51.192 W/ContextImpl( 2404): Calling a method in the system process without a qualified user: android.app.ContextImpl.sendBroadcast:1345 android.content.ContextWrapper.sendBroadcast:377 com.suma.midware.back.esg.e.f:-1 com.suma.midware.back.esg.f.run:-1 com.suma.midware.prop.util.c.run:-1 
11-13 11:25:54.242 W/ContextImpl( 2404): Calling a method in the system process without a qualified user: android.app.ContextImpl.sendBroadcast:1345 android.content.ContextWrapper.sendBroadcast:377 com.suma.midware.back.esg.e.f:-1 com.suma.midware.back.esg.f.run:-1 com.suma.midware.prop.util.c.run:-1 
11-13 11:25:55.244 W/ContextImpl( 2404): Calling a method in the system process without a qualified user: android.app.ContextImpl.sendBroadcast:1345 android.content.ContextWrapper.sendBroadcast:377 com.suma.midware.back.esg.e.f:-1 com.suma.midware.back.esg.f.run:-1 com.suma.midware.prop.util.c.run:-1 
11-13 11:25:56.247 W/ContextImpl( 2404): Calling a method in the system process without a qualified user: android.app.ContextImpl.sendBroadcast:1345 android.content.ContextWrapper.sendBroadcast:377 com.suma.midware.back.esg.e.f:-1 com.suma.midware.back.esg.f.run:-1 com.suma.midware.prop.util.c.run:-1 
11-13 11:26:59.303 W/ContextImpl( 2404): Calling a method in the system process without a qualified user: android.app.ContextImpl.sendBroadcast:1345 android.content.ContextWrapper.sendBroadcast:377 com.suma.midware.back.esg.e.f:-1 com.suma.midware.back.esg.f.run:-1 com.suma.midware.prop.util.c.run:-1 
11-13 11:27:00.306 W/ContextImpl( 2404): Calling a method in the system process without a qualified user: android.app.ContextImpl.sendBroadcast:1345 android.content.ContextWrapper.sendBroadcast:377 com.suma.midware.back.esg.e.f:-1 com.suma.midware.back.esg.f.run:-1 com.suma.midware.prop.util.c.run:-1 
11-13 11:27:01.309 W/ContextImpl( 2404): Calling a method in the system process without a qualified user: android.app.ContextImpl.sendBroadcast:1345 android.content.ContextWrapper.sendBroadcast:377 com.suma.midware.back.esg.e.f:-1 com.suma.midware.back.esg.f.run:-1 com.suma.midware.prop.util.c.run:-1 
11-13 11:28:04.355 W/ContextImpl( 2404): Calling a method in the system process without a qualified user: android.app.ContextImpl.sendBroadcast:1345 android.content.ContextWrapper.sendBroadcast:377 com.suma.midware.back.esg.e.f:-1 com.suma.midware.back.esg.f.run:-1 com.suma.midware.prop.util.c.run:-1 
11-13 11:28:05.358 W/ContextImpl( 2404): Calling a method in the system process without a qualified user: android.app.ContextImpl.sendBroadcast:1345 android.content.ContextWrapper.sendBroadcast:377 com.suma.midware.back.esg.e.f:-1 com.suma.midware.back.esg.f.run:-1 com.suma.midware.prop.util.c.run:-1 
11-13 11:28:06.361 W/ContextImpl( 2404): Calling a method in the system process without a qualified user: android.app.ContextImpl.sendBroadcast:1345 android.content.ContextWrapper.sendBroadcast:377 com.suma.midware.back.esg.e.f:-1 com.suma.midware.back.esg.f.run:-1 com.suma.midware.prop.util.c.run:-1 
11-13 11:29:09.402 W/ContextImpl( 2404): Calling a method in the system process without a qualified user: android.app.ContextImpl.sendBroadcast:1345 android.content.ContextWrapper.sendBroadcast:377 com.suma.midware.back.esg.e.f:-1 com.suma.midware.back.esg.f.run:-1 com.suma.midware.prop.util.c.run:-1 
11-13 11:29:10.404 W/ContextImpl( 2404): Calling a method in the system process without a qualified user: android.app.ContextImpl.sendBroadcast:1345 android.content.ContextWrapper.sendBroadcast:377 com.suma.midware.back.esg.e.f:-1 com.suma.midware.back.esg.f.run:-1 com.suma.midware.prop.util.c.run:-1 
11-13 11:29:11.406 W/ContextImpl( 2404): Calling a method in the system process without a qualified user: android.app.ContextImpl.sendBroadcast:1345 android.content.ContextWrapper.sendBroadcast:377 com.suma.midware.back.esg.e.f:-1 com.suma.midware.back.esg.f.run:-1 com.suma.midware.prop.util.c.run:-1 
11-13 11:30:14.469 W/ContextImpl( 2404): Calling a method in the system process without a qualified user: android.app.ContextImpl.sendBroadcast:1345 android.content.ContextWrapper.sendBroadcast:377 com.suma.midware.back.esg.e.f:-1 com.suma.midware.back.esg.f.run:-1 com.suma.midware.prop.util.c.run:-1 
11-13 11:30:15.472 W/ContextImpl( 2404): Calling a method in the system process without a qualified user: android.app.ContextImpl.sendBroadcast:1345 android.content.ContextWrapper.sendBroadcast:377 com.suma.midware.back.esg.e.f:-1 com.suma.midware.back.esg.f.run:-1 com.suma.midware.prop.util.c.run:-1 
11-13 11:30:16.475 W/ContextImpl( 2404): Calling a method in the system process without a qualified user: android.app.ContextImpl.sendBroadcast:1345 android.content.ContextWrapper.sendBroadcast:377 com.suma.midware.back.esg.e.f:-1 com.suma.midware.back.esg.f.run:-1 com.suma.midware.prop.util.c.run:-1 
11-13 11:31:19.527 W/ContextImpl( 2404): Calling a method in the system process without a qualified user: android.app.ContextImpl.sendBroadcast:1345 android.content.ContextWrapper.sendBroadcast:377 com.suma.midware.back.esg.e.f:-1 com.suma.midware.back.esg.f.run:-1 com.suma.midware.prop.util.c.run:-1 
11-13 11:31:20.531 W/ContextImpl( 2404): Calling a method in the system process without a qualified user: android.app.ContextImpl.sendBroadcast:1345 android.content.ContextWrapper.sendBroadcast:377 com.suma.midware.back.esg.e.f:-1 com.suma.midware.back.esg.f.run:-1 com.suma.midware.prop.util.c.run:-1 
11-13 11:31:21.533 W/ContextImpl( 2404): Calling a method in the system process without a qualified user: android.app.ContextImpl.sendBroadcast:1345 android.content.ContextWrapper.sendBroadcast:377 com.suma.midware.back.esg.e.f:-1 com.suma.midware.back.esg.f.run:-1 com.suma.midware.prop.util.c.run:-1 
11-13 11:32:24.609 W/ContextImpl( 2404): Calling a method in the system process without a qualified user: android.app.ContextImpl.sendBroadcast:1345 android.content.ContextWrapper.sendBroadcast:377 com.suma.midware.back.esg.e.f:-1 com.suma.midware.back.esg.f.run:-1 com.suma.midware.prop.util.c.run:-1 
11-13 11:32:25.612 W/ContextImpl( 2404): Calling a method in the system process without a qualified user: android.app.ContextImpl.sendBroadcast:1345 android.content.ContextWrapper.sendBroadcast:377 com.suma.midware.back.esg.e.f:-1 com.suma.midware.back.esg.f.run:-1 com.suma.midware.prop.util.c.run:-1 
11-13 11:32:26.614 W/ContextImpl( 2404): Calling a method in the system process without a qualified user: android.app.ContextImpl.sendBroadcast:1345 android.content.ContextWrapper.sendBroadcast:377 com.suma.midware.back.esg.e.f:-1 com.suma.midware.back.esg.f.run:-1 com.suma.midware.prop.util.c.run:-1 
11-13 11:33:29.638 W/ContextImpl( 2404): Calling a method in the system process without a qualified user: android.app.ContextImpl.sendBroadcast:1345 android.content.ContextWrapper.sendBroadcast:377 com.suma.midware.back.esg.e.f:-1 com.suma.midware.back.esg.f.run:-1 com.suma.midware.prop.util.c.run:-1 
11-13 11:33:30.640 W/ContextImpl( 2404): Calling a method in the system process without a qualified user: android.app.ContextImpl.sendBroadcast:1345 android.content.ContextWrapper.sendBroadcast:377 com.suma.midware.back.esg.e.f:-1 com.suma.midware.back.esg.f.run:-1 com.suma.midware.prop.util.c.run:-1 
11-13 11:33:31.642 W/ContextImpl( 2404): Calling a method in the system process without a qualified user: android.app.ContextImpl.sendBroadcast:1345 android.content.ContextWrapper.sendBroadcast:377 com.suma.midware.back.esg.e.f:-1 com.suma.midware.back.esg.f.run:-1 com.suma.midware.prop.util.c.run:-1 
11-13 11:34:34.720 W/ContextImpl( 2404): Calling a method in the system process without a qualified user: android.app.ContextImpl.sendBroadcast:1345 android.content.ContextWrapper.sendBroadcast:377 com.suma.midware.back.esg.e.f:-1 com.suma.midware.back.esg.f.run:-1 com.suma.midware.prop.util.c.run:-1 
11-13 11:34:35.723 W/ContextImpl( 2404): Calling a method in the system process without a qualified user: android.app.ContextImpl.sendBroadcast:1345 android.content.ContextWrapper.sendBroadcast:377 com.suma.midware.back.esg.e.f:-1 com.suma.midware.back.esg.f.run:-1 com.suma.midware.prop.util.c.run:-1 
11-13 11:34:36.726 W/ContextImpl( 2404): Calling a method in the system process without a qualified user: android.app.ContextImpl.sendBroadcast:1345 android.content.ContextWrapper.sendBroadcast:377 com.suma.midware.back.esg.e.f:-1 com.suma.midware.back.esg.f.run:-1 com.suma.midware.prop.util.c.run:-1 
11-13 11:35:39.775 W/ContextImpl( 2404): Calling a method in the system process without a qualified user: android.app.ContextImpl.sendBroadcast:1345 android.content.ContextWrapper.sendBroadcast:377 com.suma.midware.back.esg.e.f:-1 com.suma.midware.back.esg.f.run:-1 com.suma.midware.prop.util.c.run:-1 
11-13 11:35:40.778 W/ContextImpl( 2404): Calling a method in the system process without a qualified user: android.app.ContextImpl.sendBroadcast:1345 android.content.ContextWrapper.sendBroadcast:377 com.suma.midware.back.esg.e.f:-1 com.suma.midware.back.esg.f.run:-1 com.suma.midware.prop.util.c.run:-1 
11-13 11:35:41.781 W/ContextImpl( 2404): Calling a method in the system process without a qualified user: android.app.ContextImpl.sendBroadcast:1345 android.content.ContextWrapper.sendBroadcast:377 com.suma.midware.back.esg.e.f:-1 com.suma.midware.back.esg.f.run:-1 com.suma.midware.prop.util.c.run:-1 
11-13 11:36:44.826 W/ContextImpl( 2404): Calling a method in the system process without a qualified user: android.app.ContextImpl.sendBroadcast:1345 android.content.ContextWrapper.sendBroadcast:377 com.suma.midware.back.esg.e.f:-1 com.suma.midware.back.esg.f.run:-1 com.suma.midware.prop.util.c.run:-1 
11-13 11:36:45.829 W/ContextImpl( 2404): Calling a method in the system process without a qualified user: android.app.ContextImpl.sendBroadcast:1345 android.content.ContextWrapper.sendBroadcast:377 com.suma.midware.back.esg.e.f:-1 com.suma.midware.back.esg.f.run:-1 com.suma.midware.prop.util.c.run:-1 
11-13 11:36:46.832 W/ContextImpl( 2404): Calling a method in the system process without a qualified user: android.app.ContextImpl.sendBroadcast:1345 android.content.ContextWrapper.sendBroadcast:377 com.suma.midware.back.esg.e.f:-1 com.suma.midware.back.esg.f.run:-1 com.suma.midware.prop.util.c.run:-1 
11-13 11:37:49.876 W/ContextImpl( 2404): Calling a method in the system process without a qualified user: android.app.ContextImpl.sendBroadcast:1345 android.content.ContextWrapper.sendBroadcast:377 com.suma.midware.back.esg.e.f:-1 com.suma.midware.back.esg.f.run:-1 com.suma.midware.prop.util.c.run:-1 
11-13 11:37:50.879 W/ContextImpl( 2404): Calling a method in the system process without a qualified user: android.app.ContextImpl.sendBroadcast:1345 android.content.ContextWrapper.sendBroadcast:377 com.suma.midware.back.esg.e.f:-1 com.suma.midware.back.esg.f.run:-1 com.suma.midware.prop.util.c.run:-1 
11-13 11:37:51.880 W/ContextImpl( 2404): Calling a method in the system process without a qualified user: android.app.ContextImpl.sendBroadcast:1345 android.content.ContextWrapper.sendBroadcast:377 com.suma.midware.back.esg.e.f:-1 com.suma.midware.back.esg.f.run:-1 com.suma.midware.prop.util.c.run:-1 
11-13 11:38:25.984 I/ActivityManager( 2033): START u0 {act= cmp=com.ipanel.android_webview.shell/com.ipanel.webapp.BrowserActivity (has extras)} from uid 1000 on display 0
11-13 11:38:25.990 W/ContextImpl( 2514): Calling a method in the system process without a qualified user: android.app.ContextImpl.sendBroadcast:1345 android.content.ContextWrapper.sendBroadcast:377 android.app.ActivityThread.performPauseActivity:3259 android.app.ActivityThread.performPauseActivity:3225 android.app.ActivityThread.handlePauseActivity:3200 
11-13 11:38:25.995 V/WindowManager( 2033): Based on layer: Adding window Window{2ce4c525 u0 Starting com.ipanel.android_webview.shell} at 4 of 10
11-13 11:38:26.019 I/ActivityManager( 2033): Start proc 13829:com.ipanel.android_webview.shell/u0a35 for activity com.ipanel.android_webview.shell/com.ipanel.webapp.BrowserActivity
11-13 11:38:26.497 V/WindowManager( 2033): Adding window Window{30b84613 u0 com.ipanel.android_webview.shell/com.ipanel.webapp.BrowserActivity} at 4 of 11 (before Window{2ce4c525 u0 Starting com.ipanel.android_webview.shell})
11-13 11:38:26.517 D/ConnectivityService( 2033): listenForNetwork for NetworkRequest [ id=15, legacyType=-1, [ Capabilities: INTERNET&NOT_RESTRICTED&TRUSTED] ]
11-13 11:38:26.517 D/ConnectivityService( 2033): handleRegisterNetworkRequest checking NetworkAgentInfo [WIFI () - 100]
11-13 11:38:26.517 D/ConnectivityService( 2033): apparently satisfied.  currentScore=60
11-13 11:38:26.584 V/WindowManager( 2033): Adding window Window{3ba17c u0 SurfaceView} at 4 of 12 (before Window{30b84613 u0 com.ipanel.android_webview.shell/com.ipanel.webapp.BrowserActivity})
11-13 11:38:26.634 V/WindowManager( 2033): Adding window Window{33edea5a u0 SurfaceView} at 5 of 13 (before Window{30b84613 u0 com.ipanel.android_webview.shell/com.ipanel.webapp.BrowserActivity})
11-13 11:38:26.684 W/ViewRootImpl(13829): Cancelling event due to no window focus: KeyEvent { action=ACTION_UP, keyCode=KEYCODE_DPAD_CENTER, scanCode=28, metaState=0, flags=0x80000028, repeatCount=0, eventTime=10406420, downTime=10406210, deviceId=4, source=0x701 }
11-13 11:38:26.685 W/ViewRootImpl(13829): Cancelling event due to no window focus: KeyEvent { action=ACTION_UP, keyCode=KEYCODE_DPAD_CENTER, scanCode=28, metaState=0, flags=0x80000028, repeatCount=0, eventTime=10406420, downTime=10406210, deviceId=4, source=0x701 }
11-13 11:38:26.685 W/ViewRootImpl(13829): Cancelling event due to no window focus: KeyEvent { action=ACTION_UP, keyCode=KEYCODE_DPAD_CENTER, scanCode=28, metaState=0, flags=0x80000028, repeatCount=0, eventTime=10406420, downTime=10406210, deviceId=4, source=0x701 }
11-13 11:38:26.685 W/ViewRootImpl(13829): Cancelling event due to no window focus: KeyEvent { action=ACTION_UP, keyCode=KEYCODE_DPAD_CENTER, scanCode=28, metaState=0, flags=0x80000028, repeatCount=0, eventTime=10406420, downTime=10406210, deviceId=4, source=0x701 }
11-13 11:38:26.685 W/ViewRootImpl(13829): Cancelling event due to no window focus: KeyEvent { action=ACTION_UP, keyCode=KEYCODE_DPAD_CENTER, scanCode=28, metaState=0, flags=0x80000028, repeatCount=0, eventTime=10406420, downTime=10406210, deviceId=4, source=0x701 }
11-13 11:38:26.685 W/ViewRootImpl(13829): Cancelling event due to no window focus: KeyEvent { action=ACTION_UP, keyCode=KEYCODE_DPAD_CENTER, scanCode=28, metaState=0, flags=0x80000028, repeatCount=0, eventTime=10406420, downTime=10406210, deviceId=4, source=0x701 }
11-13 11:38:26.687 W/ViewRootImpl(13829): Cancelling event due to no window focus: KeyEvent { action=ACTION_UP, keyCode=KEYCODE_DPAD_CENTER, scanCode=28, metaState=0, flags=0x80000028, repeatCount=0, eventTime=10406420, downTime=10406210, deviceId=4, source=0x701 }
11-13 11:38:26.687 W/ViewRootImpl(13829): Cancelling event due to no window focus: KeyEvent { action=ACTION_UP, keyCode=KEYCODE_DPAD_CENTER, scanCode=28, metaState=0, flags=0x80000028, repeatCount=0, eventTime=10406420, downTime=10406210, deviceId=4, source=0x701 }
11-13 11:38:26.687 W/ViewRootImpl(13829): Cancelling event due to no window focus: KeyEvent { action=ACTION_UP, keyCode=KEYCODE_DPAD_CENTER, scanCode=28, metaState=0, flags=0x80000028, repeatCount=0, eventTime=10406420, downTime=10406210, deviceId=4, source=0x701 }
11-13 11:38:27.091 W/ViewRootImpl( 2514): Cancelling event due to no window focus: KeyEvent { action=ACTION_UP, keyCode=KEYCODE_DPAD_CENTER, scanCode=28, metaState=0, flags=0x28, repeatCount=0, eventTime=10406285, downTime=10406210, deviceId=4, source=0x701 }
11-13 11:38:27.091 W/ViewRootImpl( 2514): Cancelling event due to no window focus: KeyEvent { action=ACTION_UP, keyCode=KEYCODE_DPAD_CENTER, scanCode=28, metaState=0, flags=0x28, repeatCount=0, eventTime=10406285, downTime=10406210, deviceId=4, source=0x701 }
11-13 11:38:27.091 W/ViewRootImpl( 2514): Cancelling event due to no window focus: KeyEvent { action=ACTION_UP, keyCode=KEYCODE_DPAD_CENTER, scanCode=28, metaState=0, flags=0x28, repeatCount=0, eventTime=10406285, downTime=10406210, deviceId=4, source=0x701 }
11-13 11:38:27.093 W/ViewRootImpl( 2514): Cancelling event due to no window focus: KeyEvent { action=ACTION_UP, keyCode=KEYCODE_DPAD_CENTER, scanCode=28, metaState=0, flags=0x28, repeatCount=0, eventTime=10406285, downTime=10406210, deviceId=4, source=0x701 }
11-13 11:38:27.093 W/ViewRootImpl( 2514): Cancelling event due to no window focus: KeyEvent { action=ACTION_UP, keyCode=KEYCODE_DPAD_CENTER, scanCode=28, metaState=0, flags=0x28, repeatCount=0, eventTime=10406285, downTime=10406210, deviceId=4, source=0x701 }
11-13 11:38:27.093 W/ViewRootImpl( 2514): Cancelling event due to no window focus: KeyEvent { action=ACTION_UP, keyCode=KEYCODE_DPAD_CENTER, scanCode=28, metaState=0, flags=0x28, repeatCount=0, eventTime=10406285, downTime=10406210, deviceId=4, source=0x701 }
11-13 11:38:27.093 W/ViewRootImpl( 2514): Cancelling event due to no window focus: KeyEvent { action=ACTION_UP, keyCode=KEYCODE_DPAD_CENTER, scanCode=28, metaState=0, flags=0x28, repeatCount=0, eventTime=10406285, downTime=10406210, deviceId=4, source=0x701 }
11-13 11:38:27.093 W/ViewRootImpl( 2514): Cancelling event due to no window focus: KeyEvent { action=ACTION_UP, keyCode=KEYCODE_DPAD_CENTER, scanCode=28, metaState=0, flags=0x28, repeatCount=0, eventTime=10406285, downTime=10406210, deviceId=4, source=0x701 }
11-13 11:38:27.093 W/ViewRootImpl( 2514): Cancelling event due to no window focus: KeyEvent { action=ACTION_UP, keyCode=KEYCODE_DPAD_CENTER, scanCode=28, metaState=0, flags=0x28, repeatCount=0, eventTime=10406285, downTime=10406210, deviceId=4, source=0x701 }
11-13 11:38:54.931 W/ContextImpl( 2404): Calling a method in the system process without a qualified user: android.app.ContextImpl.sendBroadcast:1345 android.content.ContextWrapper.sendBroadcast:377 com.suma.midware.back.esg.e.f:-1 com.suma.midware.back.esg.f.run:-1 com.suma.midware.prop.util.c.run:-1 
11-13 11:38:55.934 W/ContextImpl( 2404): Calling a method in the system process without a qualified user: android.app.ContextImpl.sendBroadcast:1345 android.content.ContextWrapper.sendBroadcast:377 com.suma.midware.back.esg.e.f:-1 com.suma.midware.back.esg.f.run:-1 com.suma.midware.prop.util.c.run:-1 
11-13 11:38:56.937 W/ContextImpl( 2404): Calling a method in the system process without a qualified user: android.app.ContextImpl.sendBroadcast:1345 android.content.ContextWrapper.sendBroadcast:377 com.suma.midware.back.esg.e.f:-1 com.suma.midware.back.esg.f.run:-1 com.suma.midware.prop.util.c.run:-1 
11-13 11:39:59.986 W/ContextImpl( 2404): Calling a method in the system process without a qualified user: android.app.ContextImpl.sendBroadcast:1345 android.content.ContextWrapper.sendBroadcast:377 com.suma.midware.back.esg.e.f:-1 com.suma.midware.back.esg.f.run:-1 com.suma.midware.prop.util.c.run:-1 
11-13 11:40:00.989 W/ContextImpl( 2404): Calling a method in the system process without a qualified user: android.app.ContextImpl.sendBroadcast:1345 android.content.ContextWrapper.sendBroadcast:377 com.suma.midware.back.esg.e.f:-1 com.suma.midware.back.esg.f.run:-1 com.suma.midware.prop.util.c.run:-1 
11-13 11:40:01.992 W/ContextImpl( 2404): Calling a method in the system process without a qualified user: android.app.ContextImpl.sendBroadcast:1345 android.content.ContextWrapper.sendBroadcast:377 com.suma.midware.back.esg.e.f:-1 com.suma.midware.back.esg.f.run:-1 com.suma.midware.prop.util.c.run:-1 
11-13 11:41:05.049 W/ContextImpl( 2404): Calling a method in the system process without a qualified user: android.app.ContextImpl.sendBroadcast:1345 android.content.ContextWrapper.sendBroadcast:377 com.suma.midware.back.esg.e.f:-1 com.suma.midware.back.esg.f.run:-1 com.suma.midware.prop.util.c.run:-1 
11-13 11:41:06.051 W/ContextImpl( 2404): Calling a method in the system process without a qualified user: android.app.ContextImpl.sendBroadcast:1345 android.content.ContextWrapper.sendBroadcast:377 com.suma.midware.back.esg.e.f:-1 com.suma.midware.back.esg.f.run:-1 com.suma.midware.prop.util.c.run:-1 
11-13 11:41:07.054 W/ContextImpl( 2404): Calling a method in the system process without a qualified user: android.app.ContextImpl.sendBroadcast:1345 android.content.ContextWrapper.sendBroadcast:377 com.suma.midware.back.esg.e.f:-1 com.suma.midware.back.esg.f.run:-1 com.suma.midware.prop.util.c.run:-1 
11-13 11:41:21.890 I/ActivityManager( 2033): START u0 {act=android.intent.action.MAIN cat=[android.intent.category.HOME] flg=0x10200000 cmp=com.suma.midware.home/.third.Main3DActivity} from uid 1000 on display 0
11-13 11:41:21.908 I/ActivityManager( 2033): Force stopping com.android.browser appid=10010 user=0: from pid 2404
11-13 11:41:21.926 W/ContextImpl( 2514): Calling a method in the system process without a qualified user: android.app.ContextImpl.sendBroadcast:1345 android.content.ContextWrapper.sendBroadcast:377 com.suma.midware.view.ext.BluetoothUpdate.b:-1 com.suma.midware.home.third.Main3DActivity.onResume:-1 android.app.Instrumentation.callActivityOnResume:1257 
11-13 11:41:21.929 W/ContextImpl( 2514): Calling a method in the system process without a qualified user: android.app.ContextImpl.sendBroadcast:1345 android.content.ContextWrapper.sendBroadcast:377 android.app.ActivityThread.performResumeActivity:2982 android.app.ActivityThread.handleResumeActivity:3023 android.app.ActivityThread$H.handleMessage:1347 
11-13 11:41:21.929 I/ActivityManager( 2033): Force stopping com.suma.midware.vod appid=1000 user=0: from pid 2514
11-13 11:41:27.146 I/ActivityManager( 2033): START u0 {act= cmp=com.ipanel.android_webview.shell/com.ipanel.webapp.BrowserActivity (has extras)} from uid 1000 on display 0
11-13 11:41:27.153 W/ContextImpl( 2514): Calling a method in the system process without a qualified user: android.app.ContextImpl.sendBroadcast:1345 android.content.ContextWrapper.sendBroadcast:377 android.app.ActivityThread.performPauseActivity:3259 android.app.ActivityThread.performPauseActivity:3225 android.app.ActivityThread.handlePauseActivity:3200 
11-13 11:41:27.535 W/ViewRootImpl(13829): Cancelling event due to no window focus: KeyEvent { action=ACTION_UP, keyCode=KEYCODE_DPAD_CENTER, scanCode=28, metaState=0, flags=0x80000028, repeatCount=0, eventTime=10587585, downTime=10587375, deviceId=4, source=0x701 }
11-13 11:41:27.535 W/ViewRootImpl(13829): Cancelling event due to no window focus: KeyEvent { action=ACTION_UP, keyCode=KEYCODE_DPAD_CENTER, scanCode=28, metaState=0, flags=0x80000028, repeatCount=0, eventTime=10587585, downTime=10587375, deviceId=4, source=0x701 }
11-13 11:41:27.535 W/ViewRootImpl(13829): Cancelling event due to no window focus: KeyEvent { action=ACTION_UP, keyCode=KEYCODE_DPAD_CENTER, scanCode=28, metaState=0, flags=0x80000028, repeatCount=0, eventTime=10587585, downTime=10587375, deviceId=4, source=0x701 }
11-13 11:41:27.535 W/ViewRootImpl(13829): Cancelling event due to no window focus: KeyEvent { action=ACTION_UP, keyCode=KEYCODE_DPAD_CENTER, scanCode=28, metaState=0, flags=0x80000028, repeatCount=0, eventTime=10587585, downTime=10587375, deviceId=4, source=0x701 }
11-13 11:41:27.535 W/ViewRootImpl(13829): Cancelling event due to no window focus: KeyEvent { action=ACTION_UP, keyCode=KEYCODE_DPAD_CENTER, scanCode=28, metaState=0, flags=0x80000028, repeatCount=0, eventTime=10587585, downTime=10587375, deviceId=4, source=0x701 }
11-13 11:41:27.535 W/ViewRootImpl(13829): Cancelling event due to no window focus: KeyEvent { action=ACTION_UP, keyCode=KEYCODE_DPAD_CENTER, scanCode=28, metaState=0, flags=0x80000028, repeatCount=0, eventTime=10587585, downTime=10587375, deviceId=4, source=0x701 }
11-13 11:42:10.083 W/ContextImpl( 2404): Calling a method in the system process without a qualified user: android.app.ContextImpl.sendBroadcast:1345 android.content.ContextWrapper.sendBroadcast:377 com.suma.midware.back.esg.e.f:-1 com.suma.midware.back.esg.f.run:-1 com.suma.midware.prop.util.c.run:-1 
11-13 11:42:11.085 W/ContextImpl( 2404): Calling a method in the system process without a qualified user: android.app.ContextImpl.sendBroadcast:1345 android.content.ContextWrapper.sendBroadcast:377 com.suma.midware.back.esg.e.f:-1 com.suma.midware.back.esg.f.run:-1 com.suma.midware.prop.util.c.run:-1 
11-13 11:42:12.088 W/ContextImpl( 2404): Calling a method in the system process without a qualified user: android.app.ContextImpl.sendBroadcast:1345 android.content.ContextWrapper.sendBroadcast:377 com.suma.midware.back.esg.e.f:-1 com.suma.midware.back.esg.f.run:-1 com.suma.midware.prop.util.c.run:-1 
--------- beginning of main
11-13 11:42:49.731 D/[cc]LayerTreeHost(13829): [AnimateLayers] AnimateLayers monotonic_time=10669949573
11-13 11:42:49.731 D/[blink]FrameView(13829): [updateStyleAndLayoutIfNeededRecursiveInternal] in... this:0x5f6ba9d8.
11-13 11:42:49.732 D/[blink]FrameView(13829): [layout] start... this:0x5f6ba9d8, frame=0x2968dd90 content size(1280, 720). 
11-13 11:42:49.732 D/[blink]FrameView(13829): [layout] performPreLayoutTasks start... this:0x5f6ba9d8
11-13 11:42:49.732 D/[blink]FrameView(13829): [layout] performPreLayoutTasks end... this:0x5f6ba9d8
11-13 11:42:49.732 D/[blink]FrameView(13829): [layout] performLayout start... this:0x5f6ba9d8
11-13 11:42:49.732 D/[blink]FrameView(13829): [layout] performLayout end... this:0x5f6ba9d8
11-13 11:42:49.732 D/[blink]FrameView(13829): [layout] call compositor()->didLayout()!
11-13 11:42:49.732 D/[blink]FrameView(13829): [layout] updateDocumentAnnotatedRegions start... this:0x5f6ba9d8
11-13 11:42:49.732 D/[blink]FrameView(13829): [layout] scheduleOrPerformPostLayoutTasks start... this:0x5f6ba9d8
11-13 11:42:49.732 D/[blink]FrameView(13829): [layout] end... this:0x5f6ba9d8
11-13 11:42:49.732 D/[blink]FrameView(13829): [layout] out... this:0x5f6ba9d8
11-13 11:42:49.732 D/[blink]FrameView(13829): [updateStyleAndLayoutIfNeededRecursiveInternal] end... this:0x5f6ba9d8.
11-13 11:42:49.732 D/[blink]FrameView(13829): [updateLifecyclePhasesInternal] in... this:0x5f6ba9d8, targetState=18
11-13 11:42:49.732 D/[blink]FrameView(13829): [updateLifecyclePhasesInternal] call compositor()->updateIfNeededRecursive()!
11-13 11:42:49.733 D/[blink] ImagePainter(13829): [paintReplaced] ImagePainter::paintReplaced in w=4032, h=4032.
11-13 11:42:49.733 D/[blink] ImagePainter(13829): [paintReplaced] ImagePainter::paintReplaced in w=10560, h=19648.
11-13 11:42:49.733 D/[blink] ImagePainter(13829): [paintReplaced] ImagePainter::paintReplaced in w=10560, h=19648.
11-13 11:42:49.733 D/[blink] ImagePainter(13829): [paintReplaced] ImagePainter::paintReplaced in w=10560, h=19648.
11-13 11:42:49.733 D/[blink] ImagePainter(13829): [paintReplaced] ImagePainter::paintReplaced in w=11200, h=10240.
11-13 11:42:49.733 D/[blink] ImagePainter(13829): [paintReplaced] ImagePainter::paintReplaced in w=11008, h=10240.
11-13 11:42:49.733 D/[blink] ImagePainter(13829): [paintReplaced] ImagePainter::paintReplaced in w=11200, h=10240.
11-13 11:42:49.733 D/[blink] ImagePainter(13829): [paintReplaced] ImagePainter::paintReplaced in w=11200, h=10240.
11-13 11:42:49.733 D/[blink] ImagePainter(13829): [paintReplaced] ImagePainter::paintReplaced in w=11008, h=10240.
11-13 11:42:49.733 D/[blink] ImagePainter(13829): [paintReplaced] ImagePainter::paintReplaced in w=11200, h=10240.
11-13 11:42:49.733 D/[blink] ImagePainter(13829): [paintReplaced] ImagePainter::paintReplaced in w=22528, h=2176.
11-13 11:42:49.733 D/[blink] ImagePainter(13829): [paintReplaced] ImagePainter::paintReplaced in w=34624, h=19648.
11-13 11:42:49.733 D/[blink] ImagePainter(13829): [paintReplaced] ImagePainter::paintReplaced out.
11-13 11:42:49.733 D/[blink] ImagePainter(13829): [paintReplaced] ImagePainter::paintReplaced in w=34624, h=19648.
11-13 11:42:49.733 D/[blink] ImagePainter(13829): [paintReplaced] ImagePainter::paintReplaced out.
11-13 11:42:49.733 D/[blink] ImagePainter(13829): [paintReplaced] ImagePainter::paintReplaced in w=4032, h=4032.
11-13 11:42:49.733 D/[blink]FrameView(13829): [updateLifecyclePhasesInternal] end... this:0x5f6ba9d8
11-13 11:42:49.761 D/[blink]DOMTimer(13829): [fired] 0x5f7c1ce8 timeout fired.
11-13 11:42:49.761 D/V8ScriptRunner(13829): [callFunction] start. frame = 0x2968dd90 function:  url: http://10.14.41.246/application/bxfc/js/sportFrame.js line: 7
11-13 11:42:49.761 D/V8ScriptRunner(13829): [callFunction] end. frame = 0x2968dd90 function:  url: http://10.14.41.246/application/bxfc/js/sportFrame.js line: 7
11-13 11:42:49.761 D/[cc]ProxyMain(13829): [BeginMainFrame] cc.BeginMainFrame this:0x9f670c68
11-13 11:42:49.761 D/[cc]LayerTreeHost(13829): [AnimateLayers] AnimateLayers monotonic_time=10669982906
11-13 11:42:49.761 D/[blink]FrameView(13829): [updateStyleAndLayoutIfNeededRecursiveInternal] in... this:0x5f6ba9d8.
11-13 11:42:49.762 D/[blink]FrameView(13829): [layout] start... this:0x5f6ba9d8, frame=0x2968dd90 content size(1280, 720). 
11-13 11:42:49.762 D/[blink]FrameView(13829): [layout] performPreLayoutTasks start... this:0x5f6ba9d8
11-13 11:42:49.762 D/[blink]FrameView(13829): [layout] performPreLayoutTasks end... this:0x5f6ba9d8
11-13 11:42:49.762 D/[blink]FrameView(13829): [layout] performLayout start... this:0x5f6ba9d8
11-13 11:42:49.762 D/[blink]FrameView(13829): [layout] performLayout end... this:0x5f6ba9d8
11-13 11:42:49.762 D/[blink]FrameView(13829): [layout] call compositor()->didLayout()!
11-13 11:42:49.762 D/[blink]FrameView(13829): [layout] updateDocumentAnnotatedRegions start... this:0x5f6ba9d8
11-13 11:42:49.762 D/[blink]FrameView(13829): [layout] scheduleOrPerformPostLayoutTasks start... this:0x5f6ba9d8
11-13 11:42:49.762 D/[blink]FrameView(13829): [layout] end... this:0x5f6ba9d8
11-13 11:42:49.762 D/[blink]FrameView(13829): [layout] out... this:0x5f6ba9d8
11-13 11:42:49.762 D/[blink]FrameView(13829): [updateStyleAndLayoutIfNeededRecursiveInternal] end... this:0x5f6ba9d8.
11-13 11:42:49.762 D/[blink]FrameView(13829): [updateLifecyclePhasesInternal] in... this:0x5f6ba9d8, targetState=18
11-13 11:42:49.762 D/[blink]FrameView(13829): [updateLifecyclePhasesInternal] call compositor()->updateIfNeededRecursive()!
11-13 11:42:49.763 D/[blink] ImagePainter(13829): [paintReplaced] ImagePainter::paintReplaced in w=4032, h=4032.
11-13 11:42:49.763 D/[blink] ImagePainter(13829): [paintReplaced] ImagePainter::paintReplaced in w=10560, h=19648.
11-13 11:42:49.763 D/[blink] ImagePainter(13829): [paintReplaced] ImagePainter::paintReplaced in w=10560, h=19648.
11-13 11:42:49.763 D/[blink] ImagePainter(13829): [paintReplaced] ImagePainter::paintReplaced in w=10560, h=19648.
11-13 11:42:49.763 D/[blink] ImagePainter(13829): [paintReplaced] ImagePainter::paintReplaced in w=11200, h=10240.
11-13 11:42:49.763 D/[blink] ImagePainter(13829): [paintReplaced] ImagePainter::paintReplaced in w=11008, h=10240.
11-13 11:42:49.763 D/[blink] ImagePainter(13829): [paintReplaced] ImagePainter::paintReplaced in w=11200, h=10240.
11-13 11:42:49.763 D/[blink] ImagePainter(13829): [paintReplaced] ImagePainter::paintReplaced in w=11200, h=10240.
11-13 11:42:49.763 D/[blink] ImagePainter(13829): [paintReplaced] ImagePainter::paintReplaced in w=11008, h=10240.
11-13 11:42:49.763 D/[blink] ImagePainter(13829): [paintReplaced] ImagePainter::paintReplaced in w=11200, h=10240.
11-13 11:42:49.763 D/[blink] ImagePainter(13829): [paintReplaced] ImagePainter::paintReplaced in w=22528, h=2176.
11-13 11:42:49.763 D/[blink] ImagePainter(13829): [paintReplaced] ImagePainter::paintReplaced in w=34624, h=19648.
11-13 11:42:49.763 D/[blink] ImagePainter(13829): [paintReplaced] ImagePainter::paintReplaced out.
11-13 11:42:49.763 D/[blink] ImagePainter(13829): [paintReplaced] ImagePainter::paintReplaced in w=34624, h=19648.
11-13 11:42:49.763 D/[blink] ImagePainter(13829): [paintReplaced] ImagePainter::paintReplaced out.
11-13 11:42:49.763 D/[blink] ImagePainter(13829): [paintReplaced] ImagePainter::paintReplaced in w=4032, h=4032.
11-13 11:42:49.763 D/[blink]FrameView(13829): [updateLifecyclePhasesInternal] end... this:0x5f6ba9d8
11-13 11:42:49.791 D/[blink]DOMTimer(13829): [fired] 0x5f7c1ce8 timeout fired.
11-13 11:42:49.791 D/V8ScriptRunner(13829): [callFunction] start. frame = 0x2968dd90 function:  url: http://10.14.41.246/application/bxfc/js/sportFrame.js line: 7
11-13 11:42:49.791 D/V8ScriptRunner(13829): [callFunction] end. frame = 0x2968dd90 function:  url: http://10.14.41.246/application/bxfc/js/sportFrame.js line: 7
11-13 11:42:49.791 D/[cc]ProxyMain(13829): [BeginMainFrame] cc.BeginMainFrame this:0x9f670c68
11-13 11:42:49.791 D/[cc]LayerTreeHost(13829): [AnimateLayers] AnimateLayers monotonic_time=10670016239
11-13 11:42:49.791 D/[blink]FrameView(13829): [updateStyleAndLayoutIfNeededRecursiveInternal] in... this:0x5f6ba9d8.
11-13 11:42:49.791 D/[blink]FrameView(13829): [layout] start... this:0x5f6ba9d8, frame=0x2968dd90 content size(1280, 720). 
11-13 11:42:49.791 D/[blink]FrameView(13829): [layout] performPreLayoutTasks start... this:0x5f6ba9d8
11-13 11:42:49.791 D/[blink]FrameView(13829): [layout] performPreLayoutTasks end... this:0x5f6ba9d8
11-13 11:42:49.791 D/[blink]FrameView(13829): [layout] performLayout start... this:0x5f6ba9d8
11-13 11:42:49.792 D/[blink]FrameView(13829): [layout] performLayout end... this:0x5f6ba9d8
11-13 11:42:49.792 D/[blink]FrameView(13829): [layout] call compositor()->didLayout()!
11-13 11:42:49.792 D/[blink]FrameView(13829): [layout] updateDocumentAnnotatedRegions start... this:0x5f6ba9d8
11-13 11:42:49.792 D/[blink]FrameView(13829): [layout] scheduleOrPerformPostLayoutTasks start... this:0x5f6ba9d8
11-13 11:42:49.792 D/[blink]FrameView(13829): [layout] end... this:0x5f6ba9d8
11-13 11:42:49.792 D/[blink]FrameView(13829): [layout] out... this:0x5f6ba9d8
11-13 11:42:49.792 D/[blink]FrameView(13829): [updateStyleAndLayoutIfNeededRecursiveInternal] end... this:0x5f6ba9d8.
11-13 11:42:49.792 D/[blink]FrameView(13829): [updateLifecyclePhasesInternal] in... this:0x5f6ba9d8, targetState=18
11-13 11:42:49.792 D/[blink]FrameView(13829): [updateLifecyclePhasesInternal] call compositor()->updateIfNeededRecursive()!
11-13 11:42:49.792 D/[blink] ImagePainter(13829): [paintReplaced] ImagePainter::paintReplaced in w=4032, h=4032.
11-13 11:42:49.792 D/[blink] ImagePainter(13829): [paintReplaced] ImagePainter::paintReplaced in w=10560, h=19648.
11-13 11:42:49.792 D/[blink] ImagePainter(13829): [paintReplaced] ImagePainter::paintReplaced in w=10560, h=19648.
11-13 11:42:49.792 D/[blink] ImagePainter(13829): [paintReplaced] ImagePainter::paintReplaced in w=10560, h=19648.
11-13 11:42:49.793 D/[blink] ImagePainter(13829): [paintReplaced] ImagePainter::paintReplaced in w=11200, h=10240.
11-13 11:42:49.793 D/[blink] ImagePainter(13829): [paintReplaced] ImagePainter::paintReplaced in w=11008, h=10240.
11-13 11:42:49.793 D/[blink] ImagePainter(13829): [paintReplaced] ImagePainter::paintReplaced in w=11200, h=10240.
11-13 11:42:49.793 D/[blink] ImagePainter(13829): [paintReplaced] ImagePainter::paintReplaced in w=11200, h=10240.
11-13 11:42:49.793 D/[blink] ImagePainter(13829): [paintReplaced] ImagePainter::paintReplaced in w=11008, h=10240.
11-13 11:42:49.793 D/[blink] ImagePainter(13829): [paintReplaced] ImagePainter::paintReplaced in w=11200, h=10240.
11-13 11:42:49.793 D/[blink] ImagePainter(13829): [paintReplaced] ImagePainter::paintReplaced in w=22528, h=2176.
11-13 11:42:49.793 D/[blink] ImagePainter(13829): [paintReplaced] ImagePainter::paintReplaced in w=34624, h=19648.
11-13 11:42:49.793 D/[blink] ImagePainter(13829): [paintReplaced] ImagePainter::paintReplaced out.
11-13 11:42:49.793 D/[blink] ImagePainter(13829): [paintReplaced] ImagePainter::paintReplaced in w=34624, h=19648.
11-13 11:42:49.793 D/[blink] ImagePainter(13829): [paintReplaced] ImagePainter::paintReplaced out.
11-13 11:42:49.793 D/[blink] ImagePainter(13829): [paintReplaced] ImagePainter::paintReplaced in w=4032, h=4032.
11-13 11:42:49.793 D/[blink]FrameView(13829): [updateLifecyclePhasesInternal] end... this:0x5f6ba9d8
11-13 11:42:49.821 D/[blink]DOMTimer(13829): [fired] 0x5f7c1ce8 timeout fired.
11-13 11:42:49.821 D/V8ScriptRunner(13829): [callFunction] start. frame = 0x2968dd90 function:  url: http://10.14.41.246/application/bxfc/js/sportFrame.js line: 7
11-13 11:42:49.821 D/[cc]beginFrameSource(13829): [AddObserver] ExternalBeginFrameSource::AddObserver
11-13 11:42:49.821 D/V8ScriptRunner(13829): [callFunction] end. frame = 0x2968dd90 function:  url: http://10.14.41.246/application/bxfc/js/sportFrame.js line: 7
11-13 11:42:49.834 D/[cc]ProxyMain(13829): [BeginMainFrame] cc.BeginMainFrame this:0x9f670c68
11-13 11:42:49.834 D/[cc]LayerTreeHost(13829): [AnimateLayers] AnimateLayers monotonic_time=10670066239
11-13 11:42:49.834 D/[blink]FrameView(13829): [updateStyleAndLayoutIfNeededRecursiveInternal] in... this:0x5f6ba9d8.
11-13 11:42:49.834 D/[blink]FrameView(13829): [layout] start... this:0x5f6ba9d8, frame=0x2968dd90 content size(1280, 720). 
11-13 11:42:49.834 D/[blink]FrameView(13829): [layout] performPreLayoutTasks start... this:0x5f6ba9d8
11-13 11:42:49.834 D/[blink]FrameView(13829): [layout] performPreLayoutTasks end... this:0x5f6ba9d8
11-13 11:42:49.834 D/[blink]FrameView(13829): [layout] performLayout start... this:0x5f6ba9d8
11-13 11:42:49.835 D/[blink]FrameView(13829): [layout] performLayout end... this:0x5f6ba9d8
11-13 11:42:49.835 D/[blink]FrameView(13829): [layout] call compositor()->didLayout()!
11-13 11:42:49.835 D/[blink]FrameView(13829): [layout] updateDocumentAnnotatedRegions start... this:0x5f6ba9d8
11-13 11:42:49.835 D/[blink]FrameView(13829): [layout] scheduleOrPerformPostLayoutTasks start... this:0x5f6ba9d8
11-13 11:42:49.835 D/[blink]FrameView(13829): [layout] end... this:0x5f6ba9d8
11-13 11:42:49.835 D/[blink]FrameView(13829): [layout] out... this:0x5f6ba9d8
11-13 11:42:49.835 D/[blink]FrameView(13829): [updateStyleAndLayoutIfNeededRecursiveInternal] end... this:0x5f6ba9d8.
11-13 11:42:49.835 D/[blink]FrameView(13829): [updateLifecyclePhasesInternal] in... this:0x5f6ba9d8, targetState=18
11-13 11:42:49.835 D/[blink]FrameView(13829): [updateLifecyclePhasesInternal] call compositor()->updateIfNeededRecursive()!
11-13 11:42:49.835 D/[blink] ImagePainter(13829): [paintReplaced] ImagePainter::paintReplaced in w=4032, h=4032.
11-13 11:42:49.835 D/[blink] ImagePainter(13829): [paintReplaced] ImagePainter::paintReplaced in w=10560, h=19648.
11-13 11:42:49.835 D/[blink] ImagePainter(13829): [paintReplaced] ImagePainter::paintReplaced in w=10560, h=19648.
11-13 11:42:49.835 D/[blink] ImagePainter(13829): [paintReplaced] ImagePainter::paintReplaced in w=10560, h=19648.
11-13 11:42:49.835 D/[blink] ImagePainter(13829): [paintReplaced] ImagePainter::paintReplaced in w=11200, h=10240.
11-13 11:42:49.835 D/[blink] ImagePainter(13829): [paintReplaced] ImagePainter::paintReplaced in w=11008, h=10240.
11-13 11:42:49.835 D/[blink] ImagePainter(13829): [paintReplaced] ImagePainter::paintReplaced in w=11200, h=10240.
11-13 11:42:49.835 D/[blink] ImagePainter(13829): [paintReplaced] ImagePainter::paintReplaced in w=11200, h=10240.
11-13 11:42:49.835 D/[blink] ImagePainter(13829): [paintReplaced] ImagePainter::paintReplaced in w=11008, h=10240.
11-13 11:42:49.835 D/[blink] ImagePainter(13829): [paintReplaced] ImagePainter::paintReplaced in w=11200, h=10240.
11-13 11:42:49.836 D/[blink] ImagePainter(13829): [paintReplaced] ImagePainter::paintReplaced in w=22528, h=2176.
11-13 11:42:49.836 D/[blink] ImagePainter(13829): [paintReplaced] ImagePainter::paintReplaced in w=34624, h=19648.
11-13 11:42:49.836 D/[blink] ImagePainter(13829): [paintReplaced] ImagePainter::paintReplaced out.
11-13 11:42:49.836 D/[blink] ImagePainter(13829): [paintReplaced] ImagePainter::paintReplaced in w=34624, h=19648.
11-13 11:42:49.836 D/[blink] ImagePainter(13829): [paintReplaced] ImagePainter::paintReplaced out.
11-13 11:42:49.836 D/[blink] ImagePainter(13829): [paintReplaced] ImagePainter::paintReplaced in w=4032, h=4032.
11-13 11:42:49.836 D/[blink]FrameView(13829): [updateLifecyclePhasesInternal] end... this:0x5f6ba9d8
11-13 11:42:49.851 D/[blink]DOMTimer(13829): [fired] 0x5f7c1ce8 timeout fired.
11-13 11:42:49.851 D/V8ScriptRunner(13829): [callFunction] start. frame = 0x2968dd90 function:  url: http://10.14.41.246/application/bxfc/js/sportFrame.js line: 7
11-13 11:42:49.851 D/V8ScriptRunner(13829): [callFunction] end. frame = 0x2968dd90 function:  url: http://10.14.41.246/application/bxfc/js/sportFrame.js line: 7
11-13 11:42:49.852 D/[cc]ProxyMain(13829): [BeginMainFrame] cc.BeginMainFrame this:0x9f670c68
11-13 11:42:49.852 D/[cc]LayerTreeHost(13829): [AnimateLayers] AnimateLayers monotonic_time=10670082906
11-13 11:42:49.852 D/[blink]FrameView(13829): [updateStyleAndLayoutIfNeededRecursiveInternal] in... this:0x5f6ba9d8.
11-13 11:42:49.852 D/[blink]FrameView(13829): [layout] start... this:0x5f6ba9d8, frame=0x2968dd90 content size(1280, 720). 
11-13 11:42:49.852 D/[blink]FrameView(13829): [layout] performPreLayoutTasks start... this:0x5f6ba9d8
11-13 11:42:49.852 D/[blink]FrameView(13829): [layout] performPreLayoutTasks end... this:0x5f6ba9d8
11-13 11:42:49.852 D/[blink]FrameView(13829): [layout] performLayout start... this:0x5f6ba9d8
11-13 11:42:49.852 D/[blink]FrameView(13829): [layout] performLayout end... this:0x5f6ba9d8
11-13 11:42:49.852 D/[blink]FrameView(13829): [layout] call compositor()->didLayout()!
11-13 11:42:49.852 D/[blink]FrameView(13829): [layout] updateDocumentAnnotatedRegions start... this:0x5f6ba9d8
11-13 11:42:49.853 D/[blink]FrameView(13829): [layout] scheduleOrPerformPostLayoutTasks start... this:0x5f6ba9d8
11-13 11:42:49.853 D/[blink]FrameView(13829): [layout] end... this:0x5f6ba9d8
11-13 11:42:49.853 D/[blink]FrameView(13829): [layout] out... this:0x5f6ba9d8
11-13 11:42:49.853 D/[blink]FrameView(13829): [updateStyleAndLayoutIfNeededRecursiveInternal] end... this:0x5f6ba9d8.
11-13 11:42:49.853 D/[blink]FrameView(13829): [updateLifecyclePhasesInternal] in... this:0x5f6ba9d8, targetState=18
11-13 11:42:49.853 D/[blink]FrameView(13829): [updateLifecyclePhasesInternal] call compositor()->updateIfNeededRecursive()!
11-13 11:42:49.853 D/[blink] ImagePainter(13829): [paintReplaced] ImagePainter::paintReplaced in w=4032, h=4032.
11-13 11:42:49.853 D/[blink] ImagePainter(13829): [paintReplaced] ImagePainter::paintReplaced in w=10560, h=19648.
11-13 11:42:49.853 D/[blink] ImagePainter(13829): [paintReplaced] ImagePainter::paintReplaced in w=10560, h=19648.
11-13 11:42:49.853 D/[blink] ImagePainter(13829): [paintReplaced] ImagePainter::paintReplaced in w=10560, h=19648.
11-13 11:42:49.853 D/[blink] ImagePainter(13829): [paintReplaced] ImagePainter::paintReplaced in w=11200, h=10240.
11-13 11:42:49.853 D/[blink] ImagePainter(13829): [paintReplaced] ImagePainter::paintReplaced in w=11008, h=10240.
11-13 11:42:49.853 D/[blink] ImagePainter(13829): [paintReplaced] ImagePainter::paintReplaced in w=11200, h=10240.
11-13 11:42:49.853 D/[blink] ImagePainter(13829): [paintReplaced] ImagePainter::paintReplaced in w=11200, h=10240.
11-13 11:42:49.853 D/[blink] ImagePainter(13829): [paintReplaced] ImagePainter::paintReplaced in w=11008, h=10240.
11-13 11:42:49.853 D/[blink] ImagePainter(13829): [paintReplaced] ImagePainter::paintReplaced in w=11200, h=10240.
11-13 11:42:49.854 D/[blink] ImagePainter(13829): [paintReplaced] ImagePainter::paintReplaced in w=22528, h=2176.
11-13 11:42:49.854 D/[blink] ImagePainter(13829): [paintReplaced] ImagePainter::paintReplaced in w=34624, h=19648.
11-13 11:42:49.854 D/[blink] ImagePainter(13829): [paintReplaced] ImagePainter::paintReplaced out.
11-13 11:42:49.854 D/[blink] ImagePainter(13829): [paintReplaced] ImagePainter::paintReplaced in w=34624, h=19648.
11-13 11:42:49.854 D/[blink] ImagePainter(13829): [paintReplaced] ImagePainter::paintReplaced out.
11-13 11:42:49.854 D/[blink] ImagePainter(13829): [paintReplaced] ImagePainter::paintReplaced in w=4032, h=4032.
11-13 11:42:49.854 D/[blink]FrameView(13829): [updateLifecyclePhasesInternal] end... this:0x5f6ba9d8
11-13 11:42:49.881 D/[blink]DOMTimer(13829): [fired] 0x5f7c1ce8 timeout fired.
11-13 11:42:49.881 D/V8ScriptRunner(13829): [callFunction] start. frame = 0x2968dd90 function:  url: http://10.14.41.246/application/bxfc/js/sportFrame.js line: 7
11-13 11:42:49.881 D/V8ScriptRunner(13829): [callFunction] end. frame = 0x2968dd90 function:  url: http://10.14.41.246/application/bxfc/js/sportFrame.js line: 7
11-13 11:42:49.881 D/[cc]ProxyMain(13829): [BeginMainFrame] cc.BeginMainFrame this:0x9f670c68
11-13 11:42:49.881 D/[cc]LayerTreeHost(13829): [AnimateLayers] AnimateLayers monotonic_time=10670099573
11-13 11:42:49.881 D/[blink]FrameView(13829): [updateStyleAndLayoutIfNeededRecursiveInternal] in... this:0x5f6ba9d8.
11-13 11:42:49.881 D/[blink]FrameView(13829): [layout] start... this:0x5f6ba9d8, frame=0x2968dd90 content size(1280, 720). 
11-13 11:42:49.881 D/[blink]FrameView(13829): [layout] performPreLayoutTasks start... this:0x5f6ba9d8
11-13 11:42:49.881 D/[blink]FrameView(13829): [layout] performPreLayoutTasks end... this:0x5f6ba9d8
11-13 11:42:49.881 D/[blink]FrameView(13829): [layout] performLayout start... this:0x5f6ba9d8
11-13 11:42:49.882 D/[blink]FrameView(13829): [layout] performLayout end... this:0x5f6ba9d8
11-13 11:42:49.882 D/[blink]FrameView(13829): [layout] call compositor()->didLayout()!
11-13 11:42:49.882 D/[blink]FrameView(13829): [layout] updateDocumentAnnotatedRegions start... this:0x5f6ba9d8
11-13 11:42:49.882 D/[blink]FrameView(13829): [layout] scheduleOrPerformPostLayoutTasks start... this:0x5f6ba9d8
11-13 11:42:49.882 D/[blink]FrameView(13829): [layout] end... this:0x5f6ba9d8
11-13 11:42:49.882 D/[blink]FrameView(13829): [layout] out... this:0x5f6ba9d8
11-13 11:42:49.882 D/[blink]FrameView(13829): [updateStyleAndLayoutIfNeededRecursiveInternal] end... this:0x5f6ba9d8.
11-13 11:42:49.882 D/[blink]FrameView(13829): [updateLifecyclePhasesInternal] in... this:0x5f6ba9d8, targetState=18
11-13 11:42:49.882 D/[blink]FrameView(13829): [updateLifecyclePhasesInternal] call compositor()->updateIfNeededRecursive()!
11-13 11:42:49.882 D/[blink] ImagePainter(13829): [paintReplaced] ImagePainter::paintReplaced in w=4032, h=4032.
11-13 11:42:49.882 D/[blink] ImagePainter(13829): [paintReplaced] ImagePainter::paintReplaced in w=10560, h=19648.
11-13 11:42:49.882 D/[blink] ImagePainter(13829): [paintReplaced] ImagePainter::paintReplaced in w=10560, h=19648.
11-13 11:42:49.883 D/[blink] ImagePainter(13829): [paintReplaced] ImagePainter::paintReplaced in w=10560, h=19648.
11-13 11:42:49.883 D/[blink] ImagePainter(13829): [paintReplaced] ImagePainter::paintReplaced in w=11200, h=10240.
11-13 11:42:49.883 D/[blink] ImagePainter(13829): [paintReplaced] ImagePainter::paintReplaced in w=11008, h=10240.
11-13 11:42:49.883 D/[blink] ImagePainter(13829): [paintReplaced] ImagePainter::paintReplaced in w=11200, h=10240.
11-13 11:42:49.883 D/[blink] ImagePainter(13829): [paintReplaced] ImagePainter::paintReplaced in w=11200, h=10240.
