11-13 11:57:13.300 D/[blink]FrameView(14923): [updateStyleAndLayoutIfNeededRecursiveInternal] in... this:0x4b8d8c10.
11-13 11:57:13.301 D/[blink]FrameView(14923): [layout] start... this:0x4b8d8c10, frame=0x27acdd90 content size(1280, 720). 
11-13 11:57:13.301 D/[blink]FrameView(14923): [layout] performPreLayoutTasks start... this:0x4b8d8c10
11-13 11:57:13.301 D/[blink]FrameView(14923): [layout] performPreLayoutTasks end... this:0x4b8d8c10
11-13 11:57:13.301 D/[blink]FrameView(14923): [layout] performLayout start... this:0x4b8d8c10
11-13 11:57:13.301 D/[blink]FrameView(14923): [layout] performLayout end... this:0x4b8d8c10
11-13 11:57:13.301 D/[blink]FrameView(14923): [layout] call compositor()->didLayout()!
11-13 11:57:13.301 D/[blink]FrameView(14923): [layout] updateDocumentAnnotatedRegions start... this:0x4b8d8c10
11-13 11:57:13.301 D/[blink]FrameView(14923): [layout] scheduleOrPerformPostLayoutTasks start... this:0x4b8d8c10
11-13 11:57:13.301 D/[blink]FrameView(14923): [layout] end... this:0x4b8d8c10
11-13 11:57:13.301 D/[blink]FrameView(14923): [layout] out... this:0x4b8d8c10
11-13 11:57:13.301 D/[blink]FrameView(14923): [updateStyleAndLayoutIfNeededRecursiveInternal] end... this:0x4b8d8c10.
11-13 11:57:13.301 D/[blink]FrameView(14923): [updateLifecyclePhasesInternal] in... this:0x4b8d8c10, targetState=18
11-13 11:57:13.301 D/[blink]FrameView(14923): [updateLifecyclePhasesInternal] call compositor()->updateIfNeededRecursive()!
11-13 11:57:13.302 D/[blink] ImagePainter(14923): [paintReplaced] ImagePainter::paintReplaced in w=4032, h=4032.
11-13 11:57:13.302 D/[blink] ImagePainter(14923): [paintReplaced] ImagePainter::paintReplaced in w=10560, h=19648.
11-13 11:57:13.302 D/[blink] ImagePainter(14923): [paintReplaced] ImagePainter::paintReplaced in w=10560, h=19648.
11-13 11:57:13.302 D/[blink] ImagePainter(14923): [paintReplaced] ImagePainter::paintReplaced in w=10560, h=19648.
11-13 11:57:13.302 D/[blink] ImagePainter(14923): [paintReplaced] ImagePainter::paintReplaced in w=11200, h=10240.
11-13 11:57:13.302 D/[blink] ImagePainter(14923): [paintReplaced] ImagePainter::paintReplaced in w=11008, h=10240.
11-13 11:57:13.302 D/[blink] ImagePainter(14923): [paintReplaced] ImagePainter::paintReplaced in w=11200, h=10240.
11-13 11:57:13.302 D/[blink] ImagePainter(14923): [paintReplaced] ImagePainter::paintReplaced in w=11200, h=10240.
11-13 11:57:13.302 D/[blink] ImagePainter(14923): [paintReplaced] ImagePainter::paintReplaced in w=11008, h=10240.
11-13 11:57:13.302 D/[blink] ImagePainter(14923): [paintReplaced] ImagePainter::paintReplaced in w=11200, h=10240.
11-13 11:57:13.302 D/[blink] ImagePainter(14923): [paintReplaced] ImagePainter::paintReplaced in w=22528, h=2176.
11-13 11:57:13.302 D/[blink] ImagePainter(14923): [paintReplaced] ImagePainter::paintReplaced in w=34624, h=19648.
11-13 11:57:13.302 D/[blink] ImagePainter(14923): [paintReplaced] ImagePainter::paintReplaced out.
11-13 11:57:13.302 D/[blink] ImagePainter(14923): [paintReplaced] ImagePainter::paintReplaced in w=4032, h=4032.
11-13 11:57:13.302 D/[blink]FrameView(14923): [updateLifecyclePhasesInternal] end... this:0x4b8d8c10
11-13 11:57:13.447 D/ir_user ( 1585): PlayerTimeLineTrace:linux_keycode:0x9e(UP),	protocol: .
11-13 11:57:13.447 V/PT      ( 1581): >>INFO:irkey_task:[   11533.680662] /dev/input/event0: type=0001 code=009e val=00000000
11-13 11:57:13.447 V/PT      ( 1581): >>INFO:irkey_send:0x3001 0x1000 up  
11-13 11:57:13.447 V/SUMA    ( 1581): ++++++++++++++  _roc_evtmgr_key_cbk 517:input = 12289, event=4096, act=0x400
11-13 11:57:13.447 V/SUMA    ( 1581): lxm:_roc_evtmgr_key_cbk 519 11533680
11-13 11:57:13.447 V/SUMA    ( 1581): lxm:_roc_evtmgr_add_key_into_queue 311 11533680
11-13 11:57:13.447 V/PT      ( 1581): >>INFO:irkey_task:[   11533.680662] /dev/input/event0: type=0000 code=0000 val=00000000
11-13 11:57:13.447 V/SUMA    ( 1581): ===================>> type=0 src=0 evt=4096 act=0x400
11-13 11:57:13.447 V/SUMA    ( 1581): [sysset-s][event_manager_cbk 78]lxm cbid=1, cbk_reg=1, cpid=2471
11-13 11:57:13.448 D/NGBEvent( 2471): ngbEventCallBack type:0 source :4096
11-13 11:57:13.448 D/NGBEvent( 2471): Input key event: keyCode=4096
11-13 11:57:13.448 D/NGBEvent( 2471): src:4096 = dest:4096
11-13 11:57:13.448 I/System.out( 2471): [DEBUG EventManager] LWJ--Add event to java with evt=NgbEvent-[type = 1, subtype = 402, code = 4096]
11-13 11:57:13.448 D/NGBEvent( 2471): [NGBEvent_log]--[EventManager--JNI]:		start
11-13 11:57:13.448 I/System.out( 2471): [DEBUG EventManager] broadcastEvent  :len 1
11-13 11:57:13.448 D/KeyEventNgbDealer( 2471): [TN_pool-1-thread-1]handleKeyReleased keyEvent=NgbEvent-[type = 1, subtype = 402, code = 4096],time=11533681
11-13 11:57:13.448 D/NGBEvent( 2471): [NGBEventManager-JNI]-returning:1
11-13 11:57:13.448 D/RemoteIME( 2386): RemoteIME--> onKeyUp keyCode = 4
11-13 11:57:13.449 D/cr_AwTestContainerView(14923): [AwTestContainerView.java:63] [mainFrame]: [2017-11-08 09:06:21] dispatchKeyEvent keyCode = 4 event = KeyEvent { action=ACTION_UP, keyCode=KEYCODE_BACK, scanCode=158, metaState=0, flags=0x8, repeatCount=0, eventTime=11533680, downTime=11533471, deviceId=4, source=0x701 }
11-13 11:57:13.449 D/ImeAdapterAndroid(14923): [SendKeyEvent] [BUILD TIME: ] dispatchKeyEvent key_code=4 modifiers=0 unicode_char=0 scan_code=158 is_system=0 tm=11533680
11-13 11:57:13.449 D/RenderWidgetInputHandler(14923): [HandleInputEvent] input_event type=9 name=KeyUp
11-13 11:57:13.449 D/RenderWidgetInputHandler(14923): [HandleInputEvent] input_event type=9 prevent_default:0
11-13 11:57:13.449 D/WebViewImpl(14923): [handleKeyEvent] keycode:166, eventType:9 native keycode:4 frame=0x27acdd90. url='http://10.14.41.246/application/bxfc/index.htm'.
11-13 11:57:13.449 D/[blink]KeyboardEventManager(14923): [keyEvent] initialKeyEvent KeyUp nativeKeyCode=4 windowsKeyCode=166 text[0]=0
11-13 11:57:13.449 D/[blink]KeyboardEventManager(14923): [keyEvent] initialKeyEvent focusedNode=0x0
11-13 11:57:13.488 I/Advanced(14923): [QUEUE] share_queue_sendEx size:1 4097 1699 0x8f18a4a0,postLoopId:0,dstid:1.
11-13 11:57:13.570 I/AdvancedPorting-PORT_MODULE_NET(14923): network_task while... 
11-13 11:57:13.570 I/AdvancedPorting-PORT_MODULE_NET(14923): 0 interface name: lo
11-13 11:57:13.570 I/AdvancedPorting-PORT_MODULE_NET(14923): 1 interface name: wlan0
11-13 11:57:13.570 I/AdvancedPorting-PORT_MODULE_NET(14923): First interface name: lo
11-13 11:57:13.570 I/AdvancedPorting-PORT_MODULE_NET(14923): network_task while...  net_i:1
11-13 11:57:13.570 I/AdvancedPorting-PORT_MODULE_NET(14923): network_task while---name_interface[0]=lo
11-13 11:57:13.570 I/AdvancedPorting-PORT_MODULE_NET(14923): network_task while---name_interface[1]=wlan0
11-13 11:57:13.570 I/AdvancedPorting-PORT_MODULE_NET(14923): network_task while---interface_name=wlan0
11-13 11:57:13.571 I/AdvancedPorting-PORT_MODULE_NET(14923): network_get_netlink_status(in)--if_name=wlan0
11-13 11:57:13.571 I/AdvancedPorting-PORT_MODULE_NET(14923): net.network.isconnected = no
11-13 11:57:13.571 I/AdvancedPorting-PORT_MODULE_NET(14923): wlan0 --network_get_netlink_status return retval=1
11-13 11:57:13.571 I/AdvancedPorting-PORT_MODULE_NET(14923): stat = 1 last_status = 1
11-13 11:57:13.635 E/VIE     (14529): [E:ENG+14529:14581] 11533.868772 [CAP]:CapturedProcess, wait=3, this=0x9f456188
11-13 11:57:13.681 D/ir_user ( 1585): PlayerTimeLineTrace:linux_keycode:0x9e(DOWN),	protocol: .
11-13 11:57:13.681 V/PT      ( 1581): >>INFO:irkey_task:[   11533.913986] /dev/input/event0: type=0001 code=009e val=00000001
11-13 11:57:13.681 V/PT      ( 1581): >>INFO:irkey_send:0x3001 0x1000 down
11-13 11:57:13.681 V/SUMA    ( 1581): ++++++++++++++  _roc_evtmgr_key_cbk 517:input = 12289, event=4096, act=0x100
11-13 11:57:13.681 V/SUMA    ( 1581): lxm:_roc_evtmgr_key_cbk 519 11533914
11-13 11:57:13.681 V/SUMA    ( 1581): lxm:_roc_evtmgr_add_evt_into_queue 347 11533914
11-13 11:57:13.681 V/PT      ( 1581): >>INFO:irkey_task:[   11533.913986] /dev/input/event0: type=0000 code=0000 val=00000000
11-13 11:57:13.681 V/SUMA    ( 1581): ===================>> type=0 src=0 evt=4096 act=0x100
11-13 11:57:13.681 V/SUMA    ( 1581): [sysset-s][event_manager_cbk 78]lxm cbid=1, cbk_reg=1, cpid=2471
11-13 11:57:13.682 D/NGBEvent( 2471): ngbEventCallBack type:0 source :4096
11-13 11:57:13.682 D/NGBEvent( 2471): [NGBEventManager-JNI]-returning:1
11-13 11:57:13.682 D/NGBEvent( 2471): Input key event: keyCode=4096
11-13 11:57:13.682 D/NGBEvent( 2471): src:4096 = dest:4096
11-13 11:57:13.682 I/System.out( 2471): [DEBUG EventManager] LWJ--Add event to java with evt=NgbEvent-[type = 1, subtype = 401, code = 4096]
11-13 11:57:13.682 D/NGBEvent( 2471): [NGBEvent_log]--[EventManager--JNI]:		start
11-13 11:57:13.682 I/System.out( 2471): [DEBUG EventManager] broadcastEvent  :len 1
11-13 11:57:13.682 D/CombineKeyUtil( 2471): [TN_pool-1-thread-1]dealKeyEvent,combineIndex:-1:keyCode:4
11-13 11:57:13.682 D/KeyEventNgbDealer( 2471): [TN_pool-1-thread-1]handleKeyPressed keyEvent=NgbEvent-[type = 1, subtype = 401, code = 4096],time=11533915
11-13 11:57:13.683 D/RemoteIME( 2386): onKeyDown event = KeyEvent { action=ACTION_DOWN, keyCode=KEYCODE_BACK, scanCode=158, metaState=0, flags=0x8, repeatCount=0, eventTime=11533913, downTime=11533913, deviceId=4, source=0x701 },mSkbContainer=com.amlogic.inputmethod.remote.SkbContainer{12aed249 VFE..... .F....ID 0,0-1280,300}
11-13 11:57:13.685 D/cr_AwTestContainerView(14923): [AwTestContainerView.java:63] [mainFrame]: [2017-11-08 09:06:21] dispatchKeyEvent keyCode = 4 event = KeyEvent { action=ACTION_DOWN, keyCode=KEYCODE_BACK, scanCode=158, metaState=0, flags=0x8, repeatCount=0, eventTime=11533913, downTime=11533913, deviceId=4, source=0x701 }
11-13 11:57:13.685 D/ImeAdapterAndroid(14923): [SendKeyEvent] [BUILD TIME: ] dispatchKeyEvent key_code=4 modifiers=0 unicode_char=0 scan_code=158 is_system=0 tm=11533913
11-13 11:57:13.685 D/BackBootDealerNeimeng( 2404): standbyState:
11-13 11:57:13.686 D/RenderWidgetInputHandler(14923): [HandleInputEvent] input_event type=8 name=KeyDown
11-13 11:57:13.686 D/RenderWidgetInputHandler(14923): [HandleInputEvent] input_event type=8 prevent_default:0
11-13 11:57:13.686 D/WebViewImpl(14923): [handleKeyEvent] keycode:166, eventType:8 native keycode:4 frame=0x27acdd90. url='http://10.14.41.246/application/bxfc/index.htm'.
11-13 11:57:13.686 D/[blink]KeyboardEventManager(14923): [keyEvent] initialKeyEvent KeyDown nativeKeyCode=4 windowsKeyCode=166 text[0]=0
11-13 11:57:13.686 D/[blink]KeyboardEventManager(14923): [keyEvent] initialKeyEvent focusedNode=0x0
11-13 11:57:13.686 E/NetUtils( 2033): Interface eth0 LinkDown!
11-13 11:57:13.686 D/V8ScriptRunner(14923): [callFunction] start. frame = 0x27acdd90 function: eventHandler url: http://10.14.41.246/application/bxfc/index.htm line: 151
11-13 11:57:13.687 D/base::KeyConverter(14923): [get] convert 4 => 8.
11-13 11:57:13.687 D/[blink]KeyboardEvent(14923): [keyCode] convert keycode: 4 -> 8.
11-13 11:57:13.688 I/Advanced(14923): [QUEUE] share_queue_sendEx size:1 4097 1700 0x8f18a4a0,postLoopId:0,dstid:1.
11-13 11:57:13.688 D/base::Ini(14923): [getOption] getOption name='load-except-null' value='1'.
11-13 11:57:13.688 D/[blink]Location(14923): [setLocation] m_frame=0x27acdd90 location.href ignore empty url.
11-13 11:57:13.688 D/V8ScriptRunner(14923): [callFunction] end. frame = 0x27acdd90 function: eventHandler url: http://10.14.41.246/application/bxfc/index.htm line: 151
11-13 11:57:13.689 D/[blink]KeyboardEventManager(14923): [keyEvent] dispatchResult = CanceledByEventHandler
11-13 11:57:13.888 I/Advanced(14923): [QUEUE] share_queue_sendEx size:1 4097 1701 0x8f18a4a0,postLoopId:0,dstid:1.
11-13 11:57:13.890 D/ir_user ( 1585): PlayerTimeLineTrace:linux_keycode:0x9e(UP),	protocol: .
11-13 11:57:13.890 V/PT      ( 1581): >>INFO:irkey_task:[   11534.123294] /dev/input/event0: type=0001 code=009e val=00000000
11-13 11:57:13.890 V/PT      ( 1581): >>INFO:irkey_send:0x3001 0x1000 up  
11-13 11:57:13.890 V/SUMA    ( 1581): ++++++++++++++  _roc_evtmgr_key_cbk 517:input = 12289, event=4096, act=0x400
11-13 11:57:13.890 V/SUMA    ( 1581): lxm:_roc_evtmgr_key_cbk 519 11534123
11-13 11:57:13.890 V/SUMA    ( 1581): lxm:_roc_evtmgr_add_key_into_queue 311 11534123
11-13 11:57:13.891 V/PT      ( 1581): >>INFO:irkey_task:[   11534.123294] /dev/input/event0: type=0000 code=0000 val=00000000
11-13 11:57:13.891 V/SUMA    ( 1581): ===================>> type=0 src=0 evt=4096 act=0x400
11-13 11:57:13.891 V/SUMA    ( 1581): [sysset-s][event_manager_cbk 78]lxm cbid=1, cbk_reg=1, cpid=2471
11-13 11:57:13.891 D/NGBEvent( 2471): ngbEventCallBack type:0 source :4096
11-13 11:57:13.891 D/NGBEvent( 2471): [NGBEventManager-JNI]-returning:1
11-13 11:57:13.891 D/NGBEvent( 2471): Input key event: keyCode=4096
11-13 11:57:13.891 D/NGBEvent( 2471): src:4096 = dest:4096
11-13 11:57:13.891 I/System.out( 2471): [DEBUG EventManager] LWJ--Add event to java with evt=NgbEvent-[type = 1, subtype = 402, code = 4096]
11-13 11:57:13.891 D/NGBEvent( 2471): [NGBEvent_log]--[EventManager--JNI]:		start
11-13 11:57:13.891 I/System.out( 2471): [DEBUG EventManager] broadcastEvent  :len 1
11-13 11:57:13.892 D/KeyEventNgbDealer( 2471): [TN_pool-1-thread-1]handleKeyReleased keyEvent=NgbEvent-[type = 1, subtype = 402, code = 4096],time=11534124
11-13 11:57:13.892 D/RemoteIME( 2386): RemoteIME--> onKeyUp keyCode = 4
11-13 11:57:13.894 D/cr_AwTestContainerView(14923): [AwTestContainerView.java:63] [mainFrame]: [2017-11-08 09:06:21] dispatchKeyEvent keyCode = 4 event = KeyEvent { action=ACTION_UP, keyCode=KEYCODE_BACK, scanCode=158, metaState=0, flags=0x8, repeatCount=0, eventTime=11534123, downTime=11533913, deviceId=4, source=0x701 }
11-13 11:57:13.894 D/ImeAdapterAndroid(14923): [SendKeyEvent] [BUILD TIME: ] dispatchKeyEvent key_code=4 modifiers=0 unicode_char=0 scan_code=158 is_system=0 tm=11534123
11-13 11:57:13.895 D/RenderWidgetInputHandler(14923): [HandleInputEvent] input_event type=9 name=KeyUp
11-13 11:57:13.895 D/RenderWidgetInputHandler(14923): [HandleInputEvent] input_event type=9 prevent_default:0
11-13 11:57:13.895 D/WebViewImpl(14923): [handleKeyEvent] keycode:166, eventType:9 native keycode:4 frame=0x27acdd90. url='http://10.14.41.246/application/bxfc/index.htm'.
11-13 11:57:13.895 D/[blink]KeyboardEventManager(14923): [keyEvent] initialKeyEvent KeyUp nativeKeyCode=4 windowsKeyCode=166 text[0]=0
11-13 11:57:13.895 D/[blink]KeyboardEventManager(14923): [keyEvent] initialKeyEvent focusedNode=0x0
11-13 11:57:13.949 D/ir_user ( 1585): PlayerTimeLineTrace:linux_keycode:0x9e(DOWN),	protocol: .
11-13 11:57:13.949 V/PT      ( 1581): >>INFO:irkey_task:[   11534.182723] /dev/input/event0: type=0001 code=009e val=00000001
11-13 11:57:13.949 V/PT      ( 1581): >>INFO:irkey_send:0x3001 0x1000 down
11-13 11:57:13.949 V/SUMA    ( 1581): ++++++++++++++  _roc_evtmgr_key_cbk 517:input = 12289, event=4096, act=0x100
11-13 11:57:13.949 V/SUMA    ( 1581): lxm:_roc_evtmgr_key_cbk 519 11534182
11-13 11:57:13.949 V/SUMA    ( 1581): lxm:_roc_evtmgr_add_evt_into_queue 347 11534182
11-13 11:57:13.950 V/PT      ( 1581): >>INFO:irkey_task:[   11534.182723] /dev/input/event0: type=0000 code=0000 val=00000000
11-13 11:57:13.950 V/SUMA    ( 1581): ===================>> type=0 src=0 evt=4096 act=0x100
11-13 11:57:13.950 V/SUMA    ( 1581): [sysset-s][event_manager_cbk 78]lxm cbid=1, cbk_reg=1, cpid=2471
11-13 11:57:13.950 D/NGBEvent( 2471): ngbEventCallBack type:0 source :4096
11-13 11:57:13.950 D/NGBEvent( 2471): [NGBEventManager-JNI]-returning:1
11-13 11:57:13.950 D/NGBEvent( 2471): Input key event: keyCode=4096
11-13 11:57:13.950 D/NGBEvent( 2471): src:4096 = dest:4096
11-13 11:57:13.950 I/System.out( 2471): [DEBUG EventManager] LWJ--Add event to java with evt=NgbEvent-[type = 1, subtype = 401, code = 4096]
11-13 11:57:13.950 D/NGBEvent( 2471): [NGBEvent_log]--[EventManager--JNI]:		start
11-13 11:57:13.950 I/System.out( 2471): [DEBUG EventManager] broadcastEvent  :len 1
11-13 11:57:13.950 D/CombineKeyUtil( 2471): [TN_pool-1-thread-1]dealKeyEvent,combineIndex:-1:keyCode:4
11-13 11:57:13.950 D/KeyEventNgbDealer( 2471): [TN_pool-1-thread-1]handleKeyPressed keyEvent=NgbEvent-[type = 1, subtype = 401, code = 4096],time=11534183
11-13 11:57:13.951 D/RemoteIME( 2386): onKeyDown event = KeyEvent { action=ACTION_DOWN, keyCode=KEYCODE_BACK, scanCode=158, metaState=0, flags=0x8, repeatCount=0, eventTime=11534182, downTime=11534182, deviceId=4, source=0x701 },mSkbContainer=com.amlogic.inputmethod.remote.SkbContainer{12aed249 VFE..... .F....ID 0,0-1280,300}
11-13 11:57:13.951 D/cr_AwTestContainerView(14923): [AwTestContainerView.java:63] [mainFrame]: [2017-11-08 09:06:21] dispatchKeyEvent keyCode = 4 event = KeyEvent { action=ACTION_DOWN, keyCode=KEYCODE_BACK, scanCode=158, metaState=0, flags=0x8, repeatCount=0, eventTime=11534182, downTime=11534182, deviceId=4, source=0x701 }
11-13 11:57:13.951 D/ImeAdapterAndroid(14923): [SendKeyEvent] [BUILD TIME: ] dispatchKeyEvent key_code=4 modifiers=0 unicode_char=0 scan_code=158 is_system=0 tm=11534182
11-13 11:57:13.952 D/RenderWidgetInputHandler(14923): [HandleInputEvent] input_event type=8 name=KeyDown
11-13 11:57:13.952 D/RenderWidgetInputHandler(14923): [HandleInputEvent] input_event type=8 prevent_default:0
11-13 11:57:13.952 D/WebViewImpl(14923): [handleKeyEvent] keycode:166, eventType:8 native keycode:4 frame=0x27acdd90. url='http://10.14.41.246/application/bxfc/index.htm'.
11-13 11:57:13.952 D/[blink]KeyboardEventManager(14923): [keyEvent] initialKeyEvent KeyDown nativeKeyCode=4 windowsKeyCode=166 text[0]=0
11-13 11:57:13.952 D/[blink]KeyboardEventManager(14923): [keyEvent] initialKeyEvent focusedNode=0x0
11-13 11:57:13.952 D/V8ScriptRunner(14923): [callFunction] start. frame = 0x27acdd90 function: eventHandler url: http://10.14.41.246/application/bxfc/index.htm line: 151
11-13 11:57:13.952 D/base::KeyConverter(14923): [get] convert 4 => 8.
11-13 11:57:13.952 D/[blink]KeyboardEvent(14923): [keyCode] convert keycode: 4 -> 8.
11-13 11:57:13.952 D/base::Ini(14923): [getOption] getOption name='load-except-null' value='1'.
11-13 11:57:13.952 D/[blink]Location(14923): [setLocation] m_frame=0x27acdd90 location.href ignore empty url.
11-13 11:57:13.952 D/V8ScriptRunner(14923): [callFunction] end. frame = 0x27acdd90 function: eventHandler url: http://10.14.41.246/application/bxfc/index.htm line: 151
11-13 11:57:13.952 D/[blink]KeyboardEventManager(14923): [keyEvent] dispatchResult = CanceledByEventHandler
11-13 11:57:14.051 D/ir_user ( 1585): PlayerTimeLineTrace:linux_keycode:0x9e(UP),	protocol: .
11-13 11:57:14.051 V/PT      ( 1581): >>INFO:irkey_task:[   11534.283954] /dev/input/event0: type=0001 code=009e val=00000000
11-13 11:57:14.051 V/PT      ( 1581): >>INFO:irkey_send:0x3001 0x1000 up  
11-13 11:57:14.051 V/SUMA    ( 1581): ++++++++++++++  _roc_evtmgr_key_cbk 517:input = 12289, event=4096, act=0x400
11-13 11:57:14.051 V/SUMA    ( 1581): lxm:_roc_evtmgr_key_cbk 519 11534284
11-13 11:57:14.051 V/SUMA    ( 1581): lxm:_roc_evtmgr_add_key_into_queue 311 11534284
11-13 11:57:14.051 V/PT      ( 1581): >>INFO:irkey_task:[   11534.283954] /dev/input/event0: type=0000 code=0000 val=00000000
11-13 11:57:14.051 V/SUMA    ( 1581): ===================>> type=0 src=0 evt=4096 act=0x400
11-13 11:57:14.051 V/SUMA    ( 1581): [sysset-s][event_manager_cbk 78]lxm cbid=1, cbk_reg=1, cpid=2471
11-13 11:57:14.051 D/NGBEvent( 2471): ngbEventCallBack type:0 source :4096
11-13 11:57:14.051 D/NGBEvent( 2471): [NGBEventManager-JNI]-returning:1
11-13 11:57:14.051 D/NGBEvent( 2471): Input key event: keyCode=4096
11-13 11:57:14.051 D/NGBEvent( 2471): src:4096 = dest:4096
11-13 11:57:14.051 I/System.out( 2471): [DEBUG EventManager] LWJ--Add event to java with evt=NgbEvent-[type = 1, subtype = 402, code = 4096]
11-13 11:57:14.051 D/NGBEvent( 2471): [NGBEvent_log]--[EventManager--JNI]:		start
11-13 11:57:14.051 I/System.out( 2471): [DEBUG EventManager] broadcastEvent  :len 1
11-13 11:57:14.051 D/KeyEventNgbDealer( 2471): [TN_pool-1-thread-1]handleKeyReleased keyEvent=NgbEvent-[type = 1, subtype = 402, code = 4096],time=11534284
11-13 11:57:14.051 D/RemoteIME( 2386): RemoteIME--> onKeyUp keyCode = 4
11-13 11:57:14.052 D/cr_AwTestContainerView(14923): [AwTestContainerView.java:63] [mainFrame]: [2017-11-08 09:06:21] dispatchKeyEvent keyCode = 4 event = KeyEvent { action=ACTION_UP, keyCode=KEYCODE_BACK, scanCode=158, metaState=0, flags=0x8, repeatCount=0, eventTime=11534283, downTime=11534182, deviceId=4, source=0x701 }
11-13 11:57:14.052 D/ImeAdapterAndroid(14923): [SendKeyEvent] [BUILD TIME: ] dispatchKeyEvent key_code=4 modifiers=0 unicode_char=0 scan_code=158 is_system=0 tm=11534283
11-13 11:57:14.053 D/RenderWidgetInputHandler(14923): [HandleInputEvent] input_event type=9 name=KeyUp
11-13 11:57:14.053 D/RenderWidgetInputHandler(14923): [HandleInputEvent] input_event type=9 prevent_default:0
11-13 11:57:14.053 D/WebViewImpl(14923): [handleKeyEvent] keycode:166, eventType:9 native keycode:4 frame=0x27acdd90. url='http://10.14.41.246/application/bxfc/index.htm'.
11-13 11:57:14.053 D/[blink]KeyboardEventManager(14923): [keyEvent] initialKeyEvent KeyUp nativeKeyCode=4 windowsKeyCode=166 text[0]=0
11-13 11:57:14.053 D/[blink]KeyboardEventManager(14923): [keyEvent] initialKeyEvent focusedNode=0x0
11-13 11:57:14.089 I/Advanced(14923): [QUEUE] share_queue_sendEx size:1 4097 1702 0x8f18a4a0,postLoopId:0,dstid:1.
11-13 11:57:14.187 D/BackBootDealerNeimeng( 2404): standbyState:
11-13 11:57:14.188 E/NetUtils( 2033): Interface eth0 LinkDown!
11-13 11:57:14.289 I/Advanced(14923): [QUEUE] share_queue_sendEx size:1 4097 1703 0x8f18a4a0,postLoopId:0,dstid:1.
11-13 11:57:14.489 I/Advanced(14923): [QUEUE] share_queue_sendEx size:1 4097 1704 0x8f18a4a0,postLoopId:0,dstid:1.
11-13 11:57:14.571 I/AdvancedPorting-PORT_MODULE_NET(14923): network_task while... 
11-13 11:57:14.571 I/AdvancedPorting-PORT_MODULE_NET(14923): 0 interface name: lo
11-13 11:57:14.571 I/AdvancedPorting-PORT_MODULE_NET(14923): 1 interface name: wlan0
11-13 11:57:14.571 I/AdvancedPorting-PORT_MODULE_NET(14923): First interface name: lo
11-13 11:57:14.571 I/AdvancedPorting-PORT_MODULE_NET(14923): network_task while...  net_i:1
11-13 11:57:14.571 I/AdvancedPorting-PORT_MODULE_NET(14923): network_task while---name_interface[0]=lo
11-13 11:57:14.571 I/AdvancedPorting-PORT_MODULE_NET(14923): network_task while---name_interface[1]=wlan0
11-13 11:57:14.571 I/AdvancedPorting-PORT_MODULE_NET(14923): network_task while---interface_name=wlan0
11-13 11:57:14.571 I/AdvancedPorting-PORT_MODULE_NET(14923): network_get_netlink_status(in)--if_name=wlan0
11-13 11:57:14.571 I/AdvancedPorting-PORT_MODULE_NET(14923): net.network.isconnected = no
11-13 11:57:14.571 I/AdvancedPorting-PORT_MODULE_NET(14923): wlan0 --network_get_netlink_status return retval=1
11-13 11:57:14.571 I/AdvancedPorting-PORT_MODULE_NET(14923): stat = 1 last_status = 1
11-13 11:57:14.635 E/VIE     (14529): [E:ENG+14529:14581] 11534.868792 [CAP]:CapturedProcess, wait=3, this=0x9f456188
11-13 11:57:14.688 D/BackBootDealerNeimeng( 2404): standbyState:
11-13 11:57:14.689 E/NetUtils( 2033): Interface eth0 LinkDown!
11-13 11:57:14.690 I/Advanced(14923): [QUEUE] share_queue_sendEx size:1 4097 1705 0x8f18a4a0,postLoopId:0,dstid:1.
11-13 11:57:14.890 I/Advanced(14923): [QUEUE] share_queue_sendEx size:1 4097 1706 0x8f18a4a0,postLoopId:0,dstid:1.
11-13 11:57:15.090 I/Advanced(14923): [QUEUE] share_queue_sendEx size:1 4097 1707 0x8f18a4a0,postLoopId:0,dstid:1.
11-13 11:57:15.189 D/BackBootDealerNeimeng( 2404): standbyState:
11-13 11:57:15.190 E/NetUtils( 2033): Interface eth0 LinkDown!
11-13 11:57:15.500 I/Advanced(14923): [QUEUE] share_queue_sendEx size:1 4097 1709 0x8f18a4a0,postLoopId:0,dstid:1.
11-13 11:57:15.571 I/AdvancedPorting-PORT_MODULE_NET(14923): network_task while... 
11-13 11:57:15.571 I/AdvancedPorting-PORT_MODULE_NET(14923): 0 interface name: lo
11-13 11:57:15.571 I/AdvancedPorting-PORT_MODULE_NET(14923): 1 interface name: wlan0
11-13 11:57:15.571 I/AdvancedPorting-PORT_MODULE_NET(14923): First interface name: lo
11-13 11:57:15.571 I/AdvancedPorting-PORT_MODULE_NET(14923): network_task while...  net_i:1
11-13 11:57:15.572 I/AdvancedPorting-PORT_MODULE_NET(14923): network_task while---name_interface[0]=lo
11-13 11:57:15.572 I/AdvancedPorting-PORT_MODULE_NET(14923): network_task while---name_interface[1]=wlan0
11-13 11:57:15.572 I/AdvancedPorting-PORT_MODULE_NET(14923): network_task while---interface_name=wlan0
11-13 11:57:15.572 I/AdvancedPorting-PORT_MODULE_NET(14923): network_get_netlink_status(in)--if_name=wlan0
11-13 11:57:15.572 I/AdvancedPorting-PORT_MODULE_NET(14923): net.network.isconnected = no
11-13 11:57:15.572 I/AdvancedPorting-PORT_MODULE_NET(14923): wlan0 --network_get_netlink_status return retval=1
11-13 11:57:15.572 I/AdvancedPorting-PORT_MODULE_NET(14923): stat = 1 last_status = 1
11-13 11:57:15.645 E/VIE     (14529): [E:ENG+14529:14581] 11535.878162 [CAP]:CapturedProcess, wait=3, this=0x9f456188
11-13 11:57:15.691 D/BackBootDealerNeimeng( 2404): standbyState:
11-13 11:57:15.691 E/NetUtils( 2033): Interface eth0 LinkDown!
11-13 11:57:15.701 I/Advanced(14923): [QUEUE] share_queue_sendEx size:1 4097 1710 0x8f18a4a0,postLoopId:0,dstid:1.
11-13 11:57:15.796 D/EsgNeiMengDealer( 2404): [TN_ThreadUtil-12]checkBootAd bootAd=[Advertisment@34d5d2aa]category[1]version[0]profile[2]group[[GroupProperty@3eb6ae9b]associateType[3]groupIDs[len:10:10000:7101:7105:9999:7000:17:1001:20002:20001:1003]]service[null]period[[Advertisment@3ddc238]dates[]times[len0:102:len1:102:20170821 000000-20170821 235959:20170822 000000-20170822 235959:20170823 000000-20170823 235959:20170824 000000-20170824 235959:20170825 000000-20170825 235959:20170826 000000-20170826 235959:20170827 000000-20170827 235959:20170828 000000-20170828 235959:20170829 000000-20170829 235959:20170830 000000-20170830 235959:20170831 000000-20170831 235959:20170901 000000-20170901 235959:20170902 000000-20170902 235959:20170903 000000-20170903 235959:20170904 000000-20170904 235959:20170905 000000-20170905 235959:20170906 000000-20170906 235959:20170907 000000-20170907 235959:20170908 000000-20170908 235959:20170909 000000-20170909 235959:20170910 000000-20170910 235959:20170911 000000-20170911 235959:20170912 000000-20170912 235959:20170913 000000-20170913 235959:20170914 000000-20170914 235959:20170915 000000-20170915 235959:20170916 000000-20170916 235959:20170917 000000-20170917 235959:20170918 000000-20170918 235959:20170919 000000-20170919 235959:20170920 000000-20170920 235959:20170921 000000-20170921 235959:20170922 000000-20170922 235959:20170923 000000-20170923 235959:20170924 000000-20170924 235959:20170925 000000-20170925 235959:20170926 000000-20170926 235959:20170927 000000-20170927 235959:20170928 000000-20170928 235959:20170929 000000-20170929 235959:20170930 000000-20170930 235959:20171001 000000-20171001 235959:20171002 000000-20171002 235959:20171003 000000-20171003 235959:20171004 000000-20171004 235959:20171005 000000-20171005 235959:20171006 000000-20171006 235959:20171007 000000-20171007 235959:20171008 000000-20171008 235959:20171009 000000-20171009 235959:20171010 000000-20171010 235959:20171011 000000-20171011 235959:20171012 000000-20171012 235959:20171013 000000-20171013 235959:20171014 000000-20171014 235959:20171015 000000-20171015 235959:20171016 000000-20171016 235959:20171017 000000-20171017 235959:20171018 000000-20171018 235959:20171019 000000-20171019 235959:20171020 000000-20171020 235959:20171021 000000-20171021 235959:20171022 000000-20171022 235959:20171023 000000-20171023 235959:20171024 000000-20171024 235959:20171025 000000-20171025 235959:20171026 000000-20171026 235959:20171027 000000-20171027 235959:20171028 000000-20171028 235959:20171029 000000-20171029 235959:20171030 000000-20171030 235959:20171031 000000-20171031 235959:20171101 000000-20171101 235959:20171102 000000-20171102 235959:20171103 000000-20171103 235959:20171104 000000-20171104 235959:20171105 000000-20171105 235959:20171106 000000-20171106 235959:20171107 000000-20171107 235959:20171108 000000-20171108 235959:20171109 000000-20171109 235959:20171110 000000-20171110 235959:20171111 000000-20171111 235959:20171112 000000-20171112 235959:20171113 000000-20171113 235959:20171114 000000-20171114 235959:20171115 000000-20171115 235959:20171116 000000-20171116 235959:20171117 000000-20171117 235959:20171118 000000-20171118 235959:20171119 000000-20171119 235959:20171120 000000-20171120 235959:20171121 000000-20171121 235959:20171122 000000-20171122 235959:20171123 000000-20171123 235959:20171124 000000-20171124 235959:20171125 000000-20171125 235959:20171126 000000-20171126 235959:20171127 000000-20171127 235959:20171128 000000-20171128 235959:20171129 000000-20171129 235959:20171130 000000-20171130 235959]]
11-13 11:57:15.796 I/System.out( 2404): [DEBUG SectionFilterGroup] The filterGroupHandle is: -1870585696
11-13 11:57:15.796 D/LoadPipeHandler( 2404): [TN_ThreadUtil-12]dealTableLoad pipeTask=[LoadPipeTask@20897d5e]pID[16]tableID[64]tunerIndex[0]offset[3]timeout[5000]isNeedTune[false]fileName[null]
11-13 11:57:15.796 D/filter  ( 2404): [FilterManager-JNI] - start filter:pid=16, tableid=64, bufferNum=0
11-13 11:57:15.796 D/filter  ( 2404): [FilterManager-JNI] - 
11-13 11:57:15.796 D/filter  ( 2404): [FilterManager-JNI] - 
11-13 11:57:15.796 D/filter  ( 2404): [FilterManager-JNI] - The table id is proper.
11-13 11:57:15.796 D/filter  ( 2404): ####in java native method open filter:pid=16,							code=40,00,00,00,mask=ff,00,00,00
11-13 11:57:15.797 D/filter  ( 2404): [FilterManager-JNI] - Filter mode to ROCME_RES_FLT_MODE_UNROB_FILTER.
11-13 11:57:15.797 V/SUMA    ( 1581): [resman-s][onTransact 216]code[0x12000200] client pid = 2404
11-13 11:57:15.797 I/System.out( 2404): [DEBUG SectionFilterGroup] The run() method, and the filterGroupHandle is: -1870585696
11-13 11:57:15.797 V/SUMA    ( 1581): [resman-s][onTransact 615]TRANS_CODE_RESMAN_FILETER_REQUEST enter
11-13 11:57:15.797 V/SUMA    ( 1581): [resman-s][onTransact 623]filter request m_client[0].cpid = 2404
11-13 11:57:15.797 V/SUMA    ( 1581): [resman-s][onTransact 627]filter handler request filter_handler[0]
11-13 11:57:15.797 V/SUMA    ( 1581): >> Roc_ResMan_Filter_Request handler = 0x1202e5f0 
11-13 11:57:15.797 V/SUMA    ( 1581): [resman-s][onTransact 657]TRANS_CODE_RESMAN_FILETER_REQUEST leave
11-13 11:57:15.797 V/SUMA    ( 1581): [resman-s][onTransact 1574]leave transact client pid = 2404
11-13 11:57:15.797 V/SUMA    ( 2404): [resman-c][Roc_ResMan_Filter_Request 1311]leave !!!
11-13 11:57:15.797 V/SUMA    ( 2404): [resman-c][dvbc_resman_flt_request 162]dvbc(2404)## s_resman_client_flt_hcbk request cbk idx=0 !!!
11-13 11:57:15.797 V/SUMA    ( 1581): [resman-s][onTransact 216]code[0x12000204] client pid = 2404
11-13 11:57:15.797 V/SUMA    ( 1581): [resman-s][onTransact 1574]leave transact client pid = 2404
11-13 11:57:15.797 V/SUMA    ( 2404): [resman-c][Roc_ResMan_Filter_Modify 1514]leave !!!
11-13 11:57:15.797 V/SUMA    ( 1581): [resman-s][onTransact 216]code[0x12000202] client pid = 2404
11-13 11:57:15.798 V/SUMA    ( 1581): [resman-s][onTransact 1574]leave transact client pid = 2404
11-13 11:57:15.798 V/SUMA    ( 2404): [resman-c][Roc_ResMan_Filter_Run 1431]leave !!!
11-13 11:57:15.798 D/filter  ( 2404): open file=302179824,pid=16,index=0 with tuner index 0
11-13 11:57:15.801 I/System.out( 2404): [DEBUG SectionFilterGroup] be reaady to detach filtergroup:false
11-13 11:57:15.802 I/System.out( 2404): [DEBUG SectionFilterGroup] be reaady to detach filtergroup:false
11-13 11:57:15.802 I/System.out( 2404): [DEBUG SectionFilterGroup] be reaady to detach filtergroup:false
11-13 11:57:15.802 I/System.out( 2404): [DEBUG SectionFilterGroup] be reaady to detach filtergroup:false
11-13 11:57:15.802 I/System.out( 2404): [DEBUG SectionFilterGroup] be reaady to detach filtergroup:false
11-13 11:57:15.901 I/Advanced(14923): [QUEUE] share_queue_sendEx size:1 4097 1711 0x8f18a4a0,postLoopId:0,dstid:1.
11-13 11:57:16.102 I/Advanced(14923): [QUEUE] share_queue_sendEx size:1 4097 1712 0x8f18a4a0,postLoopId:0,dstid:1.
11-13 11:57:16.192 D/BackBootDealerNeimeng( 2404): standbyState:
11-13 11:57:16.192 E/NetUtils( 2033): Interface eth0 LinkDown!
11-13 11:57:16.302 I/Advanced(14923): [QUEUE] share_queue_sendEx size:1 4097 1713 0x8f18a4a0,postLoopId:0,dstid:1.
11-13 11:57:16.502 I/Advanced(14923): [QUEUE] share_queue_sendEx size:1 4097 1714 0x8f18a4a0,postLoopId:0,dstid:1.
11-13 11:57:16.572 I/AdvancedPorting-PORT_MODULE_NET(14923): network_task while... 
11-13 11:57:16.572 I/AdvancedPorting-PORT_MODULE_NET(14923): 0 interface name: lo
11-13 11:57:16.572 I/AdvancedPorting-PORT_MODULE_NET(14923): 1 interface name: wlan0
11-13 11:57:16.572 I/AdvancedPorting-PORT_MODULE_NET(14923): First interface name: lo
11-13 11:57:16.572 I/AdvancedPorting-PORT_MODULE_NET(14923): network_task while...  net_i:1
11-13 11:57:16.572 I/AdvancedPorting-PORT_MODULE_NET(14923): network_task while---name_interface[0]=lo
11-13 11:57:16.572 I/AdvancedPorting-PORT_MODULE_NET(14923): network_task while---name_interface[1]=wlan0
11-13 11:57:16.572 I/AdvancedPorting-PORT_MODULE_NET(14923): network_task while---interface_name=wlan0
11-13 11:57:16.572 I/AdvancedPorting-PORT_MODULE_NET(14923): network_get_netlink_status(in)--if_name=wlan0
11-13 11:57:16.572 I/AdvancedPorting-PORT_MODULE_NET(14923): net.network.isconnected = no
11-13 11:57:16.572 I/AdvancedPorting-PORT_MODULE_NET(14923): wlan0 --network_get_netlink_status return retval=1
11-13 11:57:16.572 I/AdvancedPorting-PORT_MODULE_NET(14923): stat = 1 last_status = 1
11-13 11:57:16.638 E/VIE     (14529): [E:ENG+14529:14581] 11536.871697 [CAP]:CapturedProcess, wait=3, this=0x9f456188
11-13 11:57:16.693 D/BackBootDealerNeimeng( 2404): standbyState:
11-13 11:57:16.693 E/NetUtils( 2033): Interface eth0 LinkDown!
11-13 11:57:16.912 I/Advanced(14923): [QUEUE] share_queue_sendEx size:1 4097 1716 0x8f18a4a0,postLoopId:0,dstid:1.
11-13 11:57:17.113 I/Advanced(14923): [QUEUE] share_queue_sendEx size:1 4097 1717 0x8f18a4a0,postLoopId:0,dstid:1.
11-13 11:57:17.194 D/BackBootDealerNeimeng( 2404): standbyState:
11-13 11:57:17.195 E/NetUtils( 2033): Interface eth0 LinkDown!
11-13 11:57:17.313 I/Advanced(14923): [QUEUE] share_queue_sendEx size:1 4097 1718 0x8f18a4a0,postLoopId:0,dstid:1.
11-13 11:57:17.513 I/Advanced(14923): [QUEUE] share_queue_sendEx size:1 4097 1719 0x8f18a4a0,postLoopId:0,dstid:1.
11-13 11:57:17.572 I/AdvancedPorting-PORT_MODULE_NET(14923): network_task while... 
11-13 11:57:17.573 I/AdvancedPorting-PORT_MODULE_NET(14923): 0 interface name: lo
11-13 11:57:17.573 I/AdvancedPorting-PORT_MODULE_NET(14923): 1 interface name: wlan0
11-13 11:57:17.573 I/AdvancedPorting-PORT_MODULE_NET(14923): First interface name: lo
11-13 11:57:17.573 I/AdvancedPorting-PORT_MODULE_NET(14923): network_task while...  net_i:1
11-13 11:57:17.573 I/AdvancedPorting-PORT_MODULE_NET(14923): network_task while---name_interface[0]=lo
11-13 11:57:17.573 I/AdvancedPorting-PORT_MODULE_NET(14923): network_task while---name_interface[1]=wlan0
11-13 11:57:17.573 I/AdvancedPorting-PORT_MODULE_NET(14923): network_task while---interface_name=wlan0
11-13 11:57:17.573 I/AdvancedPorting-PORT_MODULE_NET(14923): network_get_netlink_status(in)--if_name=wlan0
11-13 11:57:17.573 I/AdvancedPorting-PORT_MODULE_NET(14923): net.network.isconnected = no
11-13 11:57:17.573 I/AdvancedPorting-PORT_MODULE_NET(14923): wlan0 --network_get_netlink_status return retval=1
11-13 11:57:17.573 I/AdvancedPorting-PORT_MODULE_NET(14923): stat = 1 last_status = 1
11-13 11:57:17.589 E/WifiStateMachine( 2033): WifiStateMachine CMD_START_SCAN source -2 txSuccessRate=110.67 rxSuccessRate=143.90 targetRoamBSSID=78:11:dc:10:d5:2d RSSI=-32
11-13 11:57:17.696 D/BackBootDealerNeimeng( 2404): standbyState:
11-13 11:57:17.697 E/NetUtils( 2033): Interface eth0 LinkDown!
11-13 11:57:17.923 I/Advanced(14923): [QUEUE] share_queue_sendEx size:1 4097 1721 0x8f18a4a0,postLoopId:0,dstid:1.
11-13 11:57:17.944 I/xBaseAndroid(14529): thread_getJNIEnv......14563 0xb4acd6a0
11-13 11:57:17.952 E/JavaInterface(14529): wifi ip is:192.168.31.186
11-13 11:57:17.952 I/JavaInterface(14529): getIp : 192.168.31.186 type is wifi
11-13 11:57:17.952 I/xBaseAndroid(14529): thread_getJNIEnv......14563 0xb4acd6a0
11-13 11:57:17.953 D/DhcpResults( 2033): makeDhcpInfo:empty dns2!!
11-13 11:57:17.953 I/JavaInterface(14529): vm wifi netmask is :255.255.255.0
11-13 11:57:17.953 I/xBaseAndroid(14529): thread_getJNIEnv......14563 0xb4acd6a0
11-13 11:57:17.988 D/[blink]DOMTimer(14923): [fired] 0x4b8da3e8 timeout fired.
11-13 11:57:17.988 D/V8ScriptRunner(14923): [callFunction] start. frame = 0x27acdd90 function:  url: http://10.14.41.246/application/bxfc/index.htm line: 242
11-13 11:57:17.990 D/[cc]beginFrameSource(14923): [AddObserver] ExternalBeginFrameSource::AddObserver
11-13 11:57:17.992 D/[blink]DOMTimer(14923): [DOMTimer] 0x4b8db9e0 setTimeout 30ms, repeat:1.
11-13 11:57:17.992 D/V8ScriptRunner(14923): [callFunction] end. frame = 0x27acdd90 function:  url: http://10.14.41.246/application/bxfc/index.htm line: 242
11-13 11:57:18.000 D/[cc]ProxyMain(14923): [BeginMainFrame] cc.BeginMainFrame this:0x9f6a99c0
11-13 11:57:18.001 D/[cc]LayerTreeHost(14923): [AnimateLayers] AnimateLayers monotonic_time=11538232871
11-13 11:57:18.001 D/[blink]FrameView(14923): [updateStyleAndLayoutIfNeededRecursiveInternal] in... this:0x4b8d8c10.
11-13 11:57:18.001 D/[blink]FrameView(14923): [updateStyleAndLayoutIfNeededRecursiveInternal] end... this:0x4b8d8c10.
11-13 11:57:18.001 D/[blink]FrameView(14923): [updateLifecyclePhasesInternal] in... this:0x4b8d8c10, targetState=18
11-13 11:57:18.001 D/[blink]FrameView(14923): [updateLifecyclePhasesInternal] call compositor()->updateIfNeededRecursive()!
11-13 11:57:18.002 I/JavaInterface(14529): wifi mac address:4c:0f:c7:c3:27:4b
11-13 11:57:18.002 I/TraceToStdPipe(14529): 11538.235314 [D:Who?+14529:14563] MAC:4c:0f:c7:c3:27:4b
11-13 11:57:18.002 I/xBaseAndroid(14529): thread_getJNIEnv......14563 0xb4acd6a0
11-13 11:57:18.002 D/[blink] ImagePainter(14923): [paintReplaced] ImagePainter::paintReplaced in w=4032, h=4032.
11-13 11:57:18.002 D/[blink] ImagePainter(14923): [paintReplaced] ImagePainter::paintReplaced in w=10560, h=19648.
11-13 11:57:18.002 D/[blink] ImagePainter(14923): [paintReplaced] ImagePainter::paintReplaced in w=10560, h=19648.
11-13 11:57:18.002 D/[blink] ImagePainter(14923): [paintReplaced] ImagePainter::paintReplaced in w=10560, h=19648.
11-13 11:57:18.002 D/[blink] ImagePainter(14923): [paintReplaced] ImagePainter::paintReplaced in w=11200, h=10240.
11-13 11:57:18.002 D/[blink] ImagePainter(14923): [paintReplaced] ImagePainter::paintReplaced in w=11008, h=10240.
11-13 11:57:18.002 D/[blink] ImagePainter(14923): [paintReplaced] ImagePainter::paintReplaced in w=11200, h=10240.
11-13 11:57:18.003 D/[blink] ImagePainter(14923): [paintReplaced] ImagePainter::paintReplaced in w=11200, h=10240.
11-13 11:57:18.003 D/[blink] ImagePainter(14923): [paintReplaced] ImagePainter::paintReplaced in w=11008, h=10240.
11-13 11:57:18.003 D/[blink] ImagePainter(14923): [paintReplaced] ImagePainter::paintReplaced in w=11200, h=10240.
11-13 11:57:18.003 D/[blink] ImagePainter(14923): [paintReplaced] ImagePainter::paintReplaced in w=22528, h=2176.
11-13 11:57:18.003 D/[blink] ImagePainter(14923): [paintReplaced] ImagePainter::paintReplaced in w=34624, h=19648.
11-13 11:57:18.003 D/DhcpResults( 2033): makeDhcpInfo:empty dns2!!
11-13 11:57:18.003 D/[blink] BoxPainter(14923): [paintBoxDecorationBackgroundWithRect] BoxPainter::paintBoxDecorationBackgroundWithRect isImage=0, isLayoutImage=0
11-13 11:57:18.003 D/[blink] BoxPainter(14923): [paintBoxDecorationBackgroundWithRect] BoxPainter::paintBoxDecorationBackgroundWithRect isImage=0, isLayoutImage=0
11-13 11:57:18.003 D/[blink] ImagePainter(14923): [paintReplaced] ImagePainter::paintReplaced in w=4032, h=4032.
11-13 11:57:18.003 D/[blink]FrameView(14923): [updateLifecyclePhasesInternal] end... this:0x4b8d8c10
11-13 11:57:18.003 I/JavaInterface(14529): vm wifi dns1 is :192.168.31.1
11-13 11:57:18.003 I/xBaseAndroid(14529): thread_getJNIEnv......14563 0xb4acd6a0
11-13 11:57:18.004 D/DhcpResults( 2033): makeDhcpInfo:empty dns2!!
11-13 11:57:18.022 D/[blink]DOMTimer(14923): [fired] 0x4b8db9e0 timeout fired.
11-13 11:57:18.023 D/V8ScriptRunner(14923): [callFunction] start. frame = 0x27acdd90 function:  url: http://10.14.41.246/application/bxfc/js/sportFrame.js line: 7
11-13 11:57:18.024 D/V8ScriptRunner(14923): [callFunction] end. frame = 0x27acdd90 function:  url: http://10.14.41.246/application/bxfc/js/sportFrame.js line: 7
11-13 11:57:18.025 D/[cc]ProxyMain(14923): [BeginMainFrame] cc.BeginMainFrame this:0x9f6a99c0
11-13 11:57:18.025 D/[cc]LayerTreeHost(14923): [AnimateLayers] AnimateLayers monotonic_time=11538249538
11-13 11:57:18.025 D/[blink]FrameView(14923): [updateStyleAndLayoutIfNeededRecursiveInternal] in... this:0x4b8d8c10.
11-13 11:57:18.025 D/[blink]FrameView(14923): [layout] start... this:0x4b8d8c10, frame=0x27acdd90 content size(1280, 720). 
11-13 11:57:18.025 D/[blink]FrameView(14923): [layout] performPreLayoutTasks start... this:0x4b8d8c10
11-13 11:57:18.025 D/[blink]FrameView(14923): [layout] performPreLayoutTasks end... this:0x4b8d8c10
11-13 11:57:18.025 D/[blink]FrameView(14923): [layout] performLayout start... this:0x4b8d8c10
11-13 11:57:18.025 D/[blink]FrameView(14923): [layout] performLayout end... this:0x4b8d8c10
11-13 11:57:18.025 D/[blink]FrameView(14923): [layout] call compositor()->didLayout()!
11-13 11:57:18.025 D/[blink]FrameView(14923): [layout] updateDocumentAnnotatedRegions start... this:0x4b8d8c10
11-13 11:57:18.025 D/[blink]FrameView(14923): [layout] scheduleOrPerformPostLayoutTasks start... this:0x4b8d8c10
11-13 11:57:18.025 D/[blink]FrameView(14923): [layout] end... this:0x4b8d8c10
11-13 11:57:18.026 D/[blink]FrameView(14923): [layout] out... this:0x4b8d8c10
11-13 11:57:18.026 D/[blink]FrameView(14923): [updateStyleAndLayoutIfNeededRecursiveInternal] end... this:0x4b8d8c10.
11-13 11:57:18.026 D/[blink]FrameView(14923): [updateLifecyclePhasesInternal] in... this:0x4b8d8c10, targetState=18
11-13 11:57:18.026 D/[blink]FrameView(14923): [updateLifecyclePhasesInternal] call compositor()->updateIfNeededRecursive()!
11-13 11:57:18.027 D/[blink] ImagePainter(14923): [paintReplaced] ImagePainter::paintReplaced in w=4032, h=4032.
11-13 11:57:18.027 D/[blink] ImagePainter(14923): [paintReplaced] ImagePainter::paintReplaced in w=10560, h=19648.
11-13 11:57:18.027 D/[blink] ImagePainter(14923): [paintReplaced] ImagePainter::paintReplaced in w=10560, h=19648.
11-13 11:57:18.027 D/[blink] ImagePainter(14923): [paintReplaced] ImagePainter::paintReplaced in w=10560, h=19648.
11-13 11:57:18.027 D/[blink] ImagePainter(14923): [paintReplaced] ImagePainter::paintReplaced in w=11200, h=10240.
11-13 11:57:18.027 D/[blink] ImagePainter(14923): [paintReplaced] ImagePainter::paintReplaced in w=11008, h=10240.
11-13 11:57:18.027 D/[blink] ImagePainter(14923): [paintReplaced] ImagePainter::paintReplaced in w=11200, h=10240.
11-13 11:57:18.027 D/[blink] ImagePainter(14923): [paintReplaced] ImagePainter::paintReplaced in w=11200, h=10240.
11-13 11:57:18.027 D/[blink] ImagePainter(14923): [paintReplaced] ImagePainter::paintReplaced in w=11008, h=10240.
11-13 11:57:18.027 D/[blink] ImagePainter(14923): [paintReplaced] ImagePainter::paintReplaced in w=11200, h=10240.
11-13 11:57:18.027 D/[blink] ImagePainter(14923): [paintReplaced] ImagePainter::paintReplaced in w=22528, h=2176.
11-13 11:57:18.027 D/[blink] ImagePainter(14923): [paintReplaced] ImagePainter::paintReplaced in w=34624, h=19648.
11-13 11:57:18.027 D/[blink] ImagePainter(14923): [paintReplaced] ImagePainter::paintReplaced out.
11-13 11:57:18.027 D/[blink] ImagePainter(14923): [paintReplaced] ImagePainter::paintReplaced in w=34624, h=19648.
11-13 11:57:18.027 D/[blink] ImagePainter(14923): [paintReplaced] ImagePainter::paintReplaced out.
11-13 11:57:18.028 D/[blink] ImagePainter(14923): [paintReplaced] ImagePainter::paintReplaced in w=4032, h=4032.
11-13 11:57:18.028 D/[blink]FrameView(14923): [updateLifecyclePhasesInternal] end... this:0x4b8d8c10
11-13 11:57:18.029 D/[skia]SkBitmap(14923): [tryAllocPixels] allocator:0x4be729e0
11-13 11:57:18.053 D/[blink]DOMTimer(14923): [fired] 0x4b8db9e0 timeout fired.
11-13 11:57:18.053 D/V8ScriptRunner(14923): [callFunction] start. frame = 0x27acdd90 function:  url: http://10.14.41.246/application/bxfc/js/sportFrame.js line: 7
11-13 11:57:18.054 D/V8ScriptRunner(14923): [callFunction] end. frame = 0x27acdd90 function:  url: http://10.14.41.246/application/bxfc/js/sportFrame.js line: 7
11-13 11:57:18.054 D/[cc]ProxyMain(14923): [BeginMainFrame] cc.BeginMainFrame this:0x9f6a99c0
11-13 11:57:18.054 D/[cc]LayerTreeHost(14923): [AnimateLayers] AnimateLayers monotonic_time=11538282871
11-13 11:57:18.054 D/[blink]FrameView(14923): [updateStyleAndLayoutIfNeededRecursiveInternal] in... this:0x4b8d8c10.
11-13 11:57:18.055 D/[blink]FrameView(14923): [layout] start... this:0x4b8d8c10, frame=0x27acdd90 content size(1280, 720). 
11-13 11:57:18.055 D/[blink]FrameView(14923): [layout] performPreLayoutTasks start... this:0x4b8d8c10
11-13 11:57:18.055 D/[blink]FrameView(14923): [layout] performPreLayoutTasks end... this:0x4b8d8c10
11-13 11:57:18.055 D/[blink]FrameView(14923): [layout] performLayout start... this:0x4b8d8c10
11-13 11:57:18.055 D/[blink]FrameView(14923): [layout] performLayout end... this:0x4b8d8c10
11-13 11:57:18.055 D/[blink]FrameView(14923): [layout] call compositor()->didLayout()!
11-13 11:57:18.055 D/[blink]FrameView(14923): [layout] updateDocumentAnnotatedRegions start... this:0x4b8d8c10
11-13 11:57:18.055 D/[blink]FrameView(14923): [layout] scheduleOrPerformPostLayoutTasks start... this:0x4b8d8c10
11-13 11:57:18.055 D/[blink]FrameView(14923): [layout] end... this:0x4b8d8c10
11-13 11:57:18.055 D/[blink]FrameView(14923): [layout] out... this:0x4b8d8c10
11-13 11:57:18.055 D/[blink]FrameView(14923): [updateStyleAndLayoutIfNeededRecursiveInternal] end... this:0x4b8d8c10.
11-13 11:57:18.055 D/[blink]FrameView(14923): [updateLifecyclePhasesInternal] in... this:0x4b8d8c10, targetState=18
11-13 11:57:18.055 D/[blink]FrameView(14923): [updateLifecyclePhasesInternal] call compositor()->updateIfNeededRecursive()!
11-13 11:57:18.057 D/[blink] ImagePainter(14923): [paintReplaced] ImagePainter::paintReplaced in w=4032, h=4032.
11-13 11:57:18.057 D/[blink] ImagePainter(14923): [paintReplaced] ImagePainter::paintReplaced in w=10560, h=19648.
11-13 11:57:18.057 D/[blink] ImagePainter(14923): [paintReplaced] ImagePainter::paintReplaced in w=10560, h=19648.
11-13 11:57:18.057 D/[blink] ImagePainter(14923): [paintReplaced] ImagePainter::paintReplaced in w=10560, h=19648.
11-13 11:57:18.057 D/[blink] ImagePainter(14923): [paintReplaced] ImagePainter::paintReplaced in w=11200, h=10240.
11-13 11:57:18.057 D/[blink] ImagePainter(14923): [paintReplaced] ImagePainter::paintReplaced in w=11008, h=10240.
11-13 11:57:18.057 D/[blink] ImagePainter(14923): [paintReplaced] ImagePainter::paintReplaced in w=11200, h=10240.
11-13 11:57:18.057 D/[blink] ImagePainter(14923): [paintReplaced] ImagePainter::paintReplaced in w=11200, h=10240.
11-13 11:57:18.057 D/[blink] ImagePainter(14923): [paintReplaced] ImagePainter::paintReplaced in w=11008, h=10240.
11-13 11:57:18.058 D/[blink] ImagePainter(14923): [paintReplaced] ImagePainter::paintReplaced in w=11200, h=10240.
11-13 11:57:18.058 D/[blink] ImagePainter(14923): [paintReplaced] ImagePainter::paintReplaced in w=22528, h=2176.
11-13 11:57:18.058 D/[blink] ImagePainter(14923): [paintReplaced] ImagePainter::paintReplaced in w=34624, h=19648.
11-13 11:57:18.058 D/[blink] ImagePainter(14923): [paintReplaced] ImagePainter::paintReplaced out.
11-13 11:57:18.058 D/[blink] ImagePainter(14923): [paintReplaced] ImagePainter::paintReplaced in w=34624, h=19648.
11-13 11:57:18.058 D/[blink] ImagePainter(14923): [paintReplaced] ImagePainter::paintReplaced out.
11-13 11:57:18.058 D/[blink] ImagePainter(14923): [paintReplaced] ImagePainter::paintReplaced in w=4032, h=4032.
11-13 11:57:18.058 D/[blink]FrameView(14923): [updateLifecyclePhasesInternal] end... this:0x4b8d8c10
11-13 11:57:18.082 D/[blink]DOMTimer(14923): [fired] 0x4b8db9e0 timeout fired.
11-13 11:57:18.082 D/V8ScriptRunner(14923): [callFunction] start. frame = 0x27acdd90 function:  url: http://10.14.41.246/application/bxfc/js/sportFrame.js line: 7
11-13 11:57:18.083 D/V8ScriptRunner(14923): [callFunction] end. frame = 0x27acdd90 function:  url: http://10.14.41.246/application/bxfc/js/sportFrame.js line: 7
11-13 11:57:18.083 D/[cc]ProxyMain(14923): [BeginMainFrame] cc.BeginMainFrame this:0x9f6a99c0
11-13 11:57:18.083 D/[cc]LayerTreeHost(14923): [AnimateLayers] AnimateLayers monotonic_time=11538299538
11-13 11:57:18.083 D/[blink]FrameView(14923): [updateStyleAndLayoutIfNeededRecursiveInternal] in... this:0x4b8d8c10.
11-13 11:57:18.083 D/[blink]FrameView(14923): [layout] start... this:0x4b8d8c10, frame=0x27acdd90 content size(1280, 720). 
11-13 11:57:18.083 D/[blink]FrameView(14923): [layout] performPreLayoutTasks start... this:0x4b8d8c10
11-13 11:57:18.084 D/[blink]FrameView(14923): [layout] performPreLayoutTasks end... this:0x4b8d8c10
11-13 11:57:18.084 D/[blink]FrameView(14923): [layout] performLayout start... this:0x4b8d8c10
11-13 11:57:18.084 D/[blink]FrameView(14923): [layout] performLayout end... this:0x4b8d8c10
