11-13 11:53:34.322 W/ContextImpl( 2514): Calling a method in the system process without a qualified user: android.app.ContextImpl.sendBroadcast:1345 android.content.ContextWrapper.sendBroadcast:377 com.suma.midware.view.ext.BluetoothUpdate.b:-1 com.suma.midware.home.third.Main3DActivity.onResume:-1 android.app.Instrumentation.callActivityOnResume:1257 
11-13 11:53:34.327 I/ActivityManager( 2033): Force stopping com.suma.midware.vod appid=1000 user=0: from pid 2514
11-13 11:53:34.327 W/ContextImpl( 2514): Calling a method in the system process without a qualified user: android.app.ContextImpl.sendBroadcast:1345 android.content.ContextWrapper.sendBroadcast:377 android.app.ActivityThread.performResumeActivity:2982 android.app.ActivityThread.handleResumeActivity:3023 android.app.ActivityThread$H.handleMessage:1347 
11-13 11:53:35.467 I/ActivityManager( 2033): START u0 {act= cmp=com.ipanel.android_webview.shell/com.ipanel.webapp.BrowserActivity (has extras)} from uid 1000 on display 0
11-13 11:53:35.475 W/ContextImpl( 2514): Calling a method in the system process without a qualified user: android.app.ContextImpl.sendBroadcast:1345 android.content.ContextWrapper.sendBroadcast:377 android.app.ActivityThread.performPauseActivity:3259 android.app.ActivityThread.performPauseActivity:3225 android.app.ActivityThread.handlePauseActivity:3200 
11-13 11:54:05.631 W/ContextImpl( 2404): Calling a method in the system process without a qualified user: android.app.ContextImpl.sendBroadcast:1345 android.content.ContextWrapper.sendBroadcast:377 com.suma.midware.back.esg.e.f:-1 com.suma.midware.back.esg.f.run:-1 com.suma.midware.prop.util.c.run:-1 
11-13 11:54:06.634 W/ContextImpl( 2404): Calling a method in the system process without a qualified user: android.app.ContextImpl.sendBroadcast:1345 android.content.ContextWrapper.sendBroadcast:377 com.suma.midware.back.esg.e.f:-1 com.suma.midware.back.esg.f.run:-1 com.suma.midware.prop.util.c.run:-1 
11-13 11:54:07.638 W/ContextImpl( 2404): Calling a method in the system process without a qualified user: android.app.ContextImpl.sendBroadcast:1345 android.content.ContextWrapper.sendBroadcast:377 com.suma.midware.back.esg.e.f:-1 com.suma.midware.back.esg.f.run:-1 com.suma.midware.prop.util.c.run:-1 
11-13 11:55:10.683 W/ContextImpl( 2404): Calling a method in the system process without a qualified user: android.app.ContextImpl.sendBroadcast:1345 android.content.ContextWrapper.sendBroadcast:377 com.suma.midware.back.esg.e.f:-1 com.suma.midware.back.esg.f.run:-1 com.suma.midware.prop.util.c.run:-1 
11-13 11:55:11.686 W/ContextImpl( 2404): Calling a method in the system process without a qualified user: android.app.ContextImpl.sendBroadcast:1345 android.content.ContextWrapper.sendBroadcast:377 com.suma.midware.back.esg.e.f:-1 com.suma.midware.back.esg.f.run:-1 com.suma.midware.prop.util.c.run:-1 
11-13 11:55:12.689 W/ContextImpl( 2404): Calling a method in the system process without a qualified user: android.app.ContextImpl.sendBroadcast:1345 android.content.ContextWrapper.sendBroadcast:377 com.suma.midware.back.esg.e.f:-1 com.suma.midware.back.esg.f.run:-1 com.suma.midware.prop.util.c.run:-1 
11-13 11:56:15.745 W/ContextImpl( 2404): Calling a method in the system process without a qualified user: android.app.ContextImpl.sendBroadcast:1345 android.content.ContextWrapper.sendBroadcast:377 com.suma.midware.back.esg.e.f:-1 com.suma.midware.back.esg.f.run:-1 com.suma.midware.prop.util.c.run:-1 
11-13 11:56:16.748 W/ContextImpl( 2404): Calling a method in the system process without a qualified user: android.app.ContextImpl.sendBroadcast:1345 android.content.ContextWrapper.sendBroadcast:377 com.suma.midware.back.esg.e.f:-1 com.suma.midware.back.esg.f.run:-1 com.suma.midware.prop.util.c.run:-1 
11-13 11:56:17.751 W/ContextImpl( 2404): Calling a method in the system process without a qualified user: android.app.ContextImpl.sendBroadcast:1345 android.content.ContextWrapper.sendBroadcast:377 com.suma.midware.back.esg.e.f:-1 com.suma.midware.back.esg.f.run:-1 com.suma.midware.prop.util.c.run:-1 
11-13 11:56:52.639 I/ActivityManager( 2033): START u0 {act=android.intent.action.MAIN cat=[android.intent.category.HOME] flg=0x10200000 cmp=com.suma.midware.home/.third.Main3DActivity} from uid 1000 on display 0
11-13 11:56:52.655 I/ActivityManager( 2033): Force stopping com.android.browser appid=10010 user=0: from pid 2404
11-13 11:56:52.679 W/ContextImpl( 2514): Calling a method in the system process without a qualified user: android.app.ContextImpl.sendBroadcast:1345 android.content.ContextWrapper.sendBroadcast:377 com.suma.midware.view.ext.BluetoothUpdate.b:-1 com.suma.midware.home.third.Main3DActivity.onResume:-1 android.app.Instrumentation.callActivityOnResume:1257 
11-13 11:56:52.681 I/ActivityManager( 2033): Force stopping com.suma.midware.vod appid=1000 user=0: from pid 2514
11-13 11:56:52.681 W/ContextImpl( 2514): Calling a method in the system process without a qualified user: android.app.ContextImpl.sendBroadcast:1345 android.content.ContextWrapper.sendBroadcast:377 android.app.ActivityThread.performResumeActivity:2982 android.app.ActivityThread.handleResumeActivity:3023 android.app.ActivityThread$H.handleMessage:1347 
11-13 11:56:58.788 I/ActivityManager( 2033): START u0 {act= cmp=com.ipanel.android_webview.shell/com.ipanel.webapp.BrowserActivity (has extras)} from uid 1000 on display 0
11-13 11:56:58.796 W/ContextImpl( 2514): Calling a method in the system process without a qualified user: android.app.ContextImpl.sendBroadcast:1345 android.content.ContextWrapper.sendBroadcast:377 android.app.ActivityThread.performPauseActivity:3259 android.app.ActivityThread.performPauseActivity:3225 android.app.ActivityThread.handlePauseActivity:3200 
11-13 11:56:58.803 W/ViewRootImpl( 2514): Cancelling event due to no window focus: KeyEvent { action=ACTION_UP, keyCode=KEYCODE_DPAD_CENTER, scanCode=28, metaState=0, flags=0x28, repeatCount=0, eventTime=11519035, downTime=11519014, deviceId=4, source=0x701 }
11-13 11:56:58.803 W/ViewRootImpl( 2514): Cancelling event due to no window focus: KeyEvent { action=ACTION_UP, keyCode=KEYCODE_DPAD_CENTER, scanCode=28, metaState=0, flags=0x28, repeatCount=0, eventTime=11519035, downTime=11519014, deviceId=4, source=0x701 }
11-13 11:56:58.803 W/ViewRootImpl( 2514): Cancelling event due to no window focus: KeyEvent { action=ACTION_UP, keyCode=KEYCODE_DPAD_CENTER, scanCode=28, metaState=0, flags=0x28, repeatCount=0, eventTime=11519035, downTime=11519014, deviceId=4, source=0x701 }
11-13 11:56:58.804 W/ViewRootImpl( 2514): Cancelling event due to no window focus: KeyEvent { action=ACTION_UP, keyCode=KEYCODE_DPAD_CENTER, scanCode=28, metaState=0, flags=0x28, repeatCount=0, eventTime=11519035, downTime=11519014, deviceId=4, source=0x701 }
11-13 11:56:58.804 W/ViewRootImpl( 2514): Cancelling event due to no window focus: KeyEvent { action=ACTION_UP, keyCode=KEYCODE_DPAD_CENTER, scanCode=28, metaState=0, flags=0x28, repeatCount=0, eventTime=11519035, downTime=11519014, deviceId=4, source=0x701 }
11-13 11:56:58.804 W/ViewRootImpl( 2514): Cancelling event due to no window focus: KeyEvent { action=ACTION_UP, keyCode=KEYCODE_DPAD_CENTER, scanCode=28, metaState=0, flags=0x28, repeatCount=0, eventTime=11519035, downTime=11519014, deviceId=4, source=0x701 }
--------- beginning of main
11-13 11:57:12.926 D/FrameLoaderClientImpl(14923): [dispatchDidHandleUnloadEvents] dispatch onunload event url:about:blank
11-13 11:57:12.928 D/[cc]LayerTreeHost(14923): [SetNeedsCommit] SetNeedsCommit!this:0x9f45dac0
11-13 11:57:12.928 D/[cc]beginFrameSource(14923): [AddObserver] ExternalBeginFrameSource::AddObserver
11-13 11:57:12.928 D/[cc]LayerTreeHost(14923): [SetNeedsCommit] SetNeedsCommit!this:0x9f45dac0
11-13 11:57:12.928 D/[cc]LayerTreeHost(14923): [SetNeedsCommit] SetNeedsCommit!this:0x9f45dac0
11-13 11:57:12.928 D/[cc]LayerTreeHost(14923): [SetNeedsCommit] SetNeedsCommit!this:0x9f45dac0
11-13 11:57:12.928 D/[cc]LayerTreeHost(14923): [SetNeedsCommit] SetNeedsCommit!this:0x9f45dac0
11-13 11:57:12.928 D/ResourceLoader(14923): [ResponseCompleted] finish request 0x8b1d1b80 url='http://10.14.41.246/application/bxfc/index.htm'
11-13 11:57:12.929 D/[cc]LayerTreeHost(14923): [SetNeedsCommit] SetNeedsCommit!this:0x9f45dac0
11-13 11:57:12.929 D/[cc]LayerTree(14923): [SetRootLayer] [LayerTree::SetRootLayer]. set needs_full_tree_sync_ = true, but not Commit!!!
11-13 11:57:12.930 D/[blink]FrameView(14923): [FrameView] create FrameView frame=0x27acdd90 frame view=0x4b8d8c10
11-13 11:57:12.938 I/JavaInterface(14529): wifi mac address:4c:0f:c7:c3:27:4b
11-13 11:57:12.938 I/TraceToStdPipe(14529): 11533.171338 [D:Who?+14529:14563] MAC:4c:0f:c7:c3:27:4b
11-13 11:57:12.938 I/xBaseAndroid(14529): thread_getJNIEnv......14563 0xb4acd6a0
11-13 11:57:12.939 D/DhcpResults( 2033): makeDhcpInfo:empty dns2!!
11-13 11:57:12.939 I/JavaInterface(14529): vm wifi dns1 is :192.168.31.1
11-13 11:57:12.939 I/xBaseAndroid(14529): thread_getJNIEnv......14563 0xb4acd6a0
11-13 11:57:12.939 D/DhcpResults( 2033): makeDhcpInfo:empty dns2!!
11-13 11:57:12.941 D/FrameLoaderClientImpl(14923): [dispatchDidClearWindowObjectInMainWorld] frame=0x27acdd90
11-13 11:57:12.941 D/RegisterGlobalObject(14923): start. frame=0x27acdd90 path='/application/bxfc/index.htm'
11-13 11:57:12.941 D/RegisterGlobalObject(14923): end. object num=28
11-13 11:57:12.942 D/FrameLoaderClientImpl(14923): [dispatchDidClearWindowObjectInMainWorld] frame=0x27acdd90
11-13 11:57:12.942 D/RegisterGlobalObject(14923): start. frame=0x27acdd90 path='/application/bxfc/index.htm'
11-13 11:57:12.942 D/RegisterGlobalObject(14923): end. object num=28
11-13 11:57:12.943 D/[blink]HTMLDocumentParser(14923): [appendBytes] function:appendBytes: shouldUseThreading:1
11-13 11:57:12.943 W/cr_BindingManager(14923): Cannot call determinedVisibility() - never saw a connection for the pid: 14923
11-13 11:57:12.943 I/cr_AwContents(14923): org.chromium.android_webview.AwContents@c61d4c insertVisualStateCallbackIfNotDestroyed
11-13 11:57:12.944 D/[blink]HTMLDocumentParser(14923): [appendBytes] function:appendBytes: shouldUseThreading:1
11-13 11:57:12.944 D/[blink]HTMLDocumentParser(14923): [appendBytes] function:appendBytes: shouldUseThreading:1
11-13 11:57:12.945 D/[blink]HTMLDocumentParser(14923): [appendBytes] function:appendBytes: shouldUseThreading:1
11-13 11:57:12.945 D/[blink]HTMLDocumentParser(14923): [appendBytes] function:appendBytes: shouldUseThreading:1
11-13 11:57:12.945 D/[blink]HTMLDocumentParser(14923): [appendBytes] function:appendBytes: shouldUseThreading:1
11-13 11:57:12.946 D/[blink]HTMLDocumentParser(14923): [appendBytes] function:appendBytes: shouldUseThreading:1
11-13 11:57:12.946 D/[blink]HTMLDocumentParser(14923): [appendBytes] function:appendBytes: shouldUseThreading:1
11-13 11:57:12.946 D/[blink]HTMLDocumentParser(14923): [appendBytes] function:appendBytes: shouldUseThreading:1
11-13 11:57:12.947 D/[blink]HTMLDocumentParser(14923): [appendBytes] function:appendBytes: shouldUseThreading:1
11-13 11:57:12.947 D/[blink]HTMLDocumentParser(14923): [appendBytes] function:appendBytes: shouldUseThreading:1
11-13 11:57:12.947 D/[blink]ResourceFetcher(14923): [didFinishLoading] encoded length=21446 url=http://10.14.41.246/application/bxfc/index.htm.
11-13 11:57:12.948 D/[blink]ResourceFetcher(14923): [requestResource] url=http://10.14.41.246/application/bxfc/images/pic1_01.jpg.
11-13 11:57:12.948 D/url     (14923): [DoResolveRelative] [WEB] DoResolveRelative Error resolving.
11-13 11:57:12.949 D/[blink]ResourceFetcher(14923): [requestResource] url=http://10.14.41.246/application/bxfc/images/pic1_01.jpg.
11-13 11:57:12.949 D/url     (14923): [DoResolveRelative] [WEB] DoResolveRelative Error resolving.
11-13 11:57:12.949 D/[blink]ResourceFetcher(14923): [requestResource] url=http://10.14.41.246/application/bxfc/images/pic1_01.jpg.
11-13 11:57:12.949 D/ResourceLoader(14923): [StartRequest] start request 0x8b1d1b80 url='http://10.14.41.246/application/bxfc/images/pic1_01.jpg'
11-13 11:57:12.949 D/url     (14923): [DoResolveRelative] [WEB] DoResolveRelative Error resolving.
11-13 11:57:12.949 D/AwRequestInterceptor(14923): [MaybeInterceptRequest] request=0x8b1d1b80
11-13 11:57:12.949 D/[blink]ResourceFetcher(14923): [requestResource] url=http://10.14.41.246/application/bxfc/images/pic1_01.jpg.
11-13 11:57:12.949 D/url     (14923): [DoResolveRelative] [WEB] DoResolveRelative Error resolving.
11-13 11:57:12.949 D/[blink]ResourceFetcher(14923): [requestResource] url=http://10.14.41.246/application/bxfc/images/icon1_02.png.
11-13 11:57:12.949 D/url     (14923): [DoResolveRelative] [WEB] DoResolveRelative Error resolving.
11-13 11:57:12.949 D/cr_AwContents(14923): [AwContents.java:520] BackgroundThreadClientImpl shouldInterceptRequest url = http://10.14.41.246/application/bxfc/images/pic1_01.jpg
11-13 11:57:12.949 D/[blink]ResourceFetcher(14923): [requestResource] url=http://10.14.41.246/application/bxfc/images/icon1_02.png.
11-13 11:57:12.949 D/cr_AwNullContentsClient(14923): [AwNullContentsClient.java:59] shouldInterceptRequest url=http://10.14.41.246/application/bxfc/images/pic1_01.jpg
11-13 11:57:12.949 D/url     (14923): [DoResolveRelative] [WEB] DoResolveRelative Error resolving.
11-13 11:57:12.949 D/BrowserWebViewClient(14923): intercept request :http://10.14.41.246/application/bxfc/images/pic1_01.jpg
11-13 11:57:12.950 D/[blink]ResourceFetcher(14923): [requestResource] url=http://10.14.41.246/application/bxfc/images/pic1_03_1.jpg.
11-13 11:57:12.950 D/url     (14923): [DoResolveRelative] [WEB] DoResolveRelative Error resolving.
11-13 11:57:12.950 D/[blink]ResourceFetcher(14923): [requestResource] url=http://10.14.41.246/application/bxfc/images/pic1_03_2.jpg.
11-13 11:57:12.950 D/url     (14923): [DoResolveRelative] [WEB] DoResolveRelative Error resolving.
11-13 11:57:12.950 D/AwRequestInterceptor(14923): [MaybeInterceptRequest] request=0x8b1d1b80
11-13 11:57:12.950 D/[blink]ResourceFetcher(14923): [requestResource] url=http://10.14.41.246/application/bxfc/images/pic1_03_3.jpg.
11-13 11:57:12.950 D/url     (14923): [DoResolveRelative] [WEB] DoResolveRelative Error resolving.
11-13 11:57:12.951 D/[blink]ResourceFetcher(14923): [requestResource] url=http://10.14.41.246/application/bxfc/images/pic1_04.jpg.
11-13 11:57:12.951 D/url     (14923): [DoResolveRelative] [WEB] DoResolveRelative Error resolving.
11-13 11:57:12.951 D/[blink]ResourceFetcher(14923): [requestResource] url=http://10.14.41.246/application/bxfc/images/pic1_05.jpg.
11-13 11:57:12.951 D/url     (14923): [DoResolveRelative] [WEB] DoResolveRelative Error resolving.
11-13 11:57:12.951 D/[blink]ResourceFetcher(14923): [requestResource] url=http://10.14.41.246/application/bxfc/images/pic1_06.jpg.
11-13 11:57:12.952 D/url     (14923): [DoResolveRelative] [WEB] DoResolveRelative Error resolving.
11-13 11:57:12.952 D/[blink]ResourceFetcher(14923): [requestResource] url=http://10.14.41.246/application/bxfc/images/pic1_07.jpg.
11-13 11:57:12.952 D/url     (14923): [DoResolveRelative] [WEB] DoResolveRelative Error resolving.
11-13 11:57:12.952 D/[blink]ResourceFetcher(14923): [requestResource] url=http://10.14.41.246/application/bxfc/images/pic1_08.jpg.
11-13 11:57:12.952 D/url     (14923): [DoResolveRelative] [WEB] DoResolveRelative Error resolving.
11-13 11:57:12.952 D/[blink]ResourceFetcher(14923): [requestResource] url=http://10.14.41.246/application/bxfc/images/pic1_09.jpg.
11-13 11:57:12.952 D/url     (14923): [DoResolveRelative] [WEB] DoResolveRelative Error resolving.
11-13 11:57:12.953 D/[blink]ResourceFetcher(14923): [requestResource] url=http://10.14.41.246/application/bxfc/images/icon1_01.png.
11-13 11:57:12.953 D/url     (14923): [DoResolveRelative] [WEB] DoResolveRelative Error resolving.
11-13 11:57:12.953 D/[blink]ResourceFetcher(14923): [requestResource] url=http://10.14.41.246/application/bxfc/js/keyevent.js.
11-13 11:57:12.953 D/url     (14923): [DoResolveRelative] [WEB] DoResolveRelative Error resolving.
11-13 11:57:12.953 D/[blink]ResourceFetcher(14923): [requestResource] url=http://10.14.41.246/application/bxfc/js/sportFrame.js.
11-13 11:57:12.953 D/url     (14923): [DoResolveRelative] [WEB] DoResolveRelative Error resolving.
11-13 11:57:12.953 D/[blink]ResourceFetcher(14923): [requestResource] url=http://10.14.41.246/application/bxfc/js/common.js.
11-13 11:57:12.953 D/url     (14923): [DoResolveRelative] [WEB] DoResolveRelative Error resolving.
11-13 11:57:12.954 D/[blink]ResourceFetcher(14923): [requestResource] url=http://10.14.41.246/application/bxfc/js/homedconfig.js.
11-13 11:57:12.954 D/url     (14923): [DoResolveRelative] [WEB] DoResolveRelative Error resolving.
11-13 11:57:12.954 D/[blink]ResourceFetcher(14923): [requestResource] url=http://10.14.41.246/application/bxfc/js/config.js.
11-13 11:57:12.954 D/url     (14923): [DoResolveRelative] [WEB] DoResolveRelative Error resolving.
11-13 11:57:12.954 D/iPanel-inject(14923): iPanelInjectUserScripts begin. url='http://10.14.41.246/application/bxfc/index.htm'
11-13 11:57:12.954 D/iPanel-inject(14923): iPanelInjectUserScripts.count: 1
11-13 11:57:12.954 D/iPanel-inject(14923): iPanelInjectUserScripts end
11-13 11:57:12.955 D/[cc]beginFrameSource(14923): [AddObserver] ExternalBeginFrameSource::AddObserver
11-13 11:57:12.956 D/[blink]ResourceFetcher(14923): [requestResource] url=http://10.14.41.246/application/bxfc/images/pic1_01.jpg.
11-13 11:57:12.956 D/url     (14923): [DoResolveRelative] [WEB] DoResolveRelative Error resolving.
11-13 11:57:12.956 D/[blink]ResourceFetcher(14923): [requestResource] url=http://10.14.41.246/application/bxfc/images/pic1_01.jpg.
11-13 11:57:12.956 D/url     (14923): [DoResolveRelative] [WEB] DoResolveRelative Error resolving.
11-13 11:57:12.956 D/[blink]ResourceFetcher(14923): [requestResource] url=http://10.14.41.246/application/bxfc/images/pic1_01.jpg.
11-13 11:57:12.956 D/url     (14923): [DoResolveRelative] [WEB] DoResolveRelative Error resolving.
11-13 11:57:12.956 D/[blink]ResourceFetcher(14923): [requestResource] url=http://10.14.41.246/application/bxfc/images/pic1_01.jpg.
11-13 11:57:12.956 D/url     (14923): [DoResolveRelative] [WEB] DoResolveRelative Error resolving.
11-13 11:57:12.957 D/[blink]ResourceFetcher(14923): [requestResource] url=http://10.14.41.246/application/bxfc/images/icon1_02.png.
11-13 11:57:12.957 D/url     (14923): [DoResolveRelative] [WEB] DoResolveRelative Error resolving.
11-13 11:57:12.957 D/[blink]ResourceFetcher(14923): [requestResource] url=http://10.14.41.246/application/bxfc/images/icon1_02.png.
11-13 11:57:12.957 D/url     (14923): [DoResolveRelative] [WEB] DoResolveRelative Error resolving.
11-13 11:57:12.958 D/[blink]ResourceFetcher(14923): [requestResource] url=http://10.14.41.246/application/bxfc/images/pic1_03_1.jpg.
11-13 11:57:12.958 D/url     (14923): [DoResolveRelative] [WEB] DoResolveRelative Error resolving.
11-13 11:57:12.958 D/[blink]ResourceFetcher(14923): [requestResource] url=http://10.14.41.246/application/bxfc/images/pic1_03_2.jpg.
11-13 11:57:12.958 D/url     (14923): [DoResolveRelative] [WEB] DoResolveRelative Error resolving.
11-13 11:57:12.959 D/[blink]ResourceFetcher(14923): [requestResource] url=http://10.14.41.246/application/bxfc/images/pic1_03_3.jpg.
11-13 11:57:12.959 D/url     (14923): [DoResolveRelative] [WEB] DoResolveRelative Error resolving.
11-13 11:57:12.959 D/[blink]ResourceFetcher(14923): [requestResource] url=http://10.14.41.246/application/bxfc/images/pic1_04.jpg.
11-13 11:57:12.959 D/url     (14923): [DoResolveRelative] [WEB] DoResolveRelative Error resolving.
11-13 11:57:12.959 D/[blink]ResourceFetcher(14923): [requestResource] url=http://10.14.41.246/application/bxfc/images/pic1_05.jpg.
11-13 11:57:12.959 D/url     (14923): [DoResolveRelative] [WEB] DoResolveRelative Error resolving.
11-13 11:57:12.960 D/[blink]ResourceFetcher(14923): [requestResource] url=http://10.14.41.246/application/bxfc/images/pic1_06.jpg.
11-13 11:57:12.960 D/url     (14923): [DoResolveRelative] [WEB] DoResolveRelative Error resolving.
11-13 11:57:12.960 D/[blink]ResourceFetcher(14923): [requestResource] url=http://10.14.41.246/application/bxfc/images/pic1_07.jpg.
11-13 11:57:12.960 D/url     (14923): [DoResolveRelative] [WEB] DoResolveRelative Error resolving.
11-13 11:57:12.960 D/[blink]ResourceFetcher(14923): [requestResource] url=http://10.14.41.246/application/bxfc/images/pic1_08.jpg.
11-13 11:57:12.960 D/url     (14923): [DoResolveRelative] [WEB] DoResolveRelative Error resolving.
11-13 11:57:12.961 D/[blink]ResourceFetcher(14923): [requestResource] url=http://10.14.41.246/application/bxfc/images/pic1_09.jpg.
11-13 11:57:12.961 D/url     (14923): [DoResolveRelative] [WEB] DoResolveRelative Error resolving.
11-13 11:57:12.961 D/[blink]ResourceFetcher(14923): [requestResource] url=http://10.14.41.246/application/bxfc/images/icon1_01.png.
11-13 11:57:12.962 D/url     (14923): [DoResolveRelative] [WEB] DoResolveRelative Error resolving.
11-13 11:57:12.962 D/[blink]ResourceFetcher(14923): [requestResource] url=http://10.14.41.246/application/bxfc/js/keyevent.js.
11-13 11:57:12.963 D/url     (14923): [DoResolveRelative] [WEB] DoResolveRelative Error resolving.
11-13 11:57:12.963 D/ScriptController(14923): [executeScriptAndReturnValue] [V8] evaluate Script start. frame=0x27acdd90 url=http://10.14.41.246/application/bxfc/js/keyevent.js line=1. source length=1207
11-13 11:57:12.963 D/ScriptController(14923): [executeScriptAndReturnValue] [V8] compile Script end. frame=0x27acdd90 
11-13 11:57:12.963 D/ScriptController(14923): [executeScriptAndReturnValue] [V8] evaluate Script end. frame=0x27acdd90 
11-13 11:57:12.964 D/[blink]ResourceFetcher(14923): [requestResource] url=http://10.14.41.246/application/bxfc/js/sportFrame.js.
11-13 11:57:12.964 D/url     (14923): [DoResolveRelative] [WEB] DoResolveRelative Error resolving.
11-13 11:57:12.964 D/ScriptController(14923): [executeScriptAndReturnValue] [V8] evaluate Script start. frame=0x27acdd90 url=http://10.14.41.246/application/bxfc/js/sportFrame.js line=1. source length=1388
11-13 11:57:12.964 D/ScriptController(14923): [executeScriptAndReturnValue] [V8] compile Script end. frame=0x27acdd90 
11-13 11:57:12.964 D/ScriptController(14923): [executeScriptAndReturnValue] [V8] evaluate Script end. frame=0x27acdd90 
11-13 11:57:12.965 D/[blink]ResourceFetcher(14923): [requestResource] url=http://10.14.41.246/application/bxfc/js/common.js.
11-13 11:57:12.965 D/url     (14923): [DoResolveRelative] [WEB] DoResolveRelative Error resolving.
11-13 11:57:12.965 D/ScriptController(14923): [executeScriptAndReturnValue] [V8] evaluate Script start. frame=0x27acdd90 url=http://10.14.41.246/application/bxfc/js/common.js line=1. source length=24033
11-13 11:57:12.965 D/ScriptController(14923): [executeScriptAndReturnValue] [V8] compile Script end. frame=0x27acdd90 
11-13 11:57:12.968 D/ScriptController(14923): [executeScriptAndReturnValue] [V8] evaluate Script end. frame=0x27acdd90 
11-13 11:57:12.969 D/[blink]ResourceFetcher(14923): [requestResource] url=http://10.14.41.246/application/bxfc/js/homedconfig.js.
11-13 11:57:12.969 D/url     (14923): [DoResolveRelative] [WEB] DoResolveRelative Error resolving.
11-13 11:57:12.969 D/ScriptController(14923): [executeScriptAndReturnValue] [V8] evaluate Script start. frame=0x27acdd90 url=http://10.14.41.246/application/bxfc/js/homedconfig.js line=1. source length=5230
11-13 11:57:12.969 D/ScriptController(14923): [executeScriptAndReturnValue] [V8] compile Script end. frame=0x27acdd90 
11-13 11:57:12.971 D/ResourceLoader(14923): [ResponseCompleted] finish request 0x8b1d1b80 url='http://10.14.41.246/application/bxfc/images/pic1_01.jpg'
11-13 11:57:12.972 D/ScriptController(14923): [executeScriptAndReturnValue] [V8] evaluate Script end. frame=0x27acdd90 
11-13 11:57:12.972 D/[blink]ResourceFetcher(14923): [requestResource] url=http://10.14.41.246/application/bxfc/js/config.js.
11-13 11:57:12.972 D/url     (14923): [DoResolveRelative] [WEB] DoResolveRelative Error resolving.
11-13 11:57:12.972 D/ScriptController(14923): [executeScriptAndReturnValue] [V8] evaluate Script start. frame=0x27acdd90 url=http://10.14.41.246/application/bxfc/js/config.js line=1. source length=522
11-13 11:57:12.972 D/ScriptController(14923): [executeScriptAndReturnValue] [V8] compile Script end. frame=0x27acdd90 
11-13 11:57:12.973 D/SystemInfo(14923): getProperty name = persist.sys.mmcp.smartcard value = 8150010316662691
11-13 11:57:12.973 D/JSObjectInspector(14923): iPanelJavaInspector.debug(getSysProp persist.sys.mmcp.smartcard:8150010316662691.);
11-13 11:57:12.973 D/iPanel  (14923): iPanel.debug("get CAManager.cardSerialNumber: 8150010316662691")
11-13 11:57:12.973 D/ScriptController(14923): [executeScriptAndReturnValue] [V8] evaluate Script end. frame=0x27acdd90 
11-13 11:57:12.974 D/ScriptController(14923): [executeScriptAndReturnValue] [V8] evaluate Script start. frame=0x27acdd90 url=http://10.14.41.246/application/bxfc/index.htm line=148. source length=13564
11-13 11:57:12.977 D/ScriptController(14923): [executeScriptAndReturnValue] [V8] compile Script end. frame=0x27acdd90 
11-13 11:57:12.978 D/ChromeClientImpl(14923): [addMessageToConsole] [LOG:CONSOLE(9)] "----nmcfMenuPos--:7", source:http://10.14.41.246/application/bxfc/js/common.js (9)
11-13 11:57:12.980 D/[blink]ResourceFetcher(14923): [requestResource] url=http://10.14.41.246/application/bxfc/images/bg1.jpg.
11-13 11:57:12.981 D/url     (14923): [DoResolveRelative] [WEB] DoResolveRelative Error resolving.
11-13 11:57:12.982 D/[blink]ResourceFetcher(14923): [requestResource] url=http://10.14.41.246/application/bxfc/images/icon1_03.png.
11-13 11:57:12.982 D/url     (14923): [DoResolveRelative] [WEB] DoResolveRelative Error resolving.
11-13 11:57:12.983 D/[blink]ResourceFetcher(14923): [requestResource] url=http://10.14.41.246/application/bxfc/images/icon_bg3.png.
11-13 11:57:12.983 D/url     (14923): [DoResolveRelative] [WEB] DoResolveRelative Error resolving.
11-13 11:57:12.984 D/[blink]ResourceFetcher(14923): [requestResource] url=http://10.14.41.246/application/bxfc/images/icon_bg3.png.
11-13 11:57:12.984 D/url     (14923): [DoResolveRelative] [WEB] DoResolveRelative Error resolving.
11-13 11:57:12.984 D/[blink]ResourceFetcher(14923): [requestResource] url=http://10.14.41.246/application/bxfc/images/icon_bg3.png.
11-13 11:57:12.984 D/url     (14923): [DoResolveRelative] [WEB] DoResolveRelative Error resolving.
11-13 11:57:12.985 D/[blink]FrameView(14923): [layout] start... this:0x4b8d8c10, frame=0x27acdd90 content size(0, 0). 
11-13 11:57:12.985 D/[blink]FrameView(14923): [layout] performPreLayoutTasks start... this:0x4b8d8c10
11-13 11:57:12.985 D/[blink]FrameView(14923): [layout] performPreLayoutTasks end... this:0x4b8d8c10
11-13 11:57:12.985 D/[blink]FrameView(14923): [layout] performLayout start... this:0x4b8d8c10
11-13 11:57:12.987 D/[blink]FrameView(14923): [layout] performLayout end... this:0x4b8d8c10
11-13 11:57:12.987 D/ChromeClientImpl(14923): [contentsSizeChanged] -->size(1280, 720)
11-13 11:57:12.987 D/[blink]FrameView(14923): [layout] cannot paint!! do not call compositor()->didLayout()! this:0x0x4b8d8c10
11-13 11:57:12.987 D/[blink]FrameView(14923): [layout] updateDocumentAnnotatedRegions start... this:0x4b8d8c10
11-13 11:57:12.987 D/[blink]FrameView(14923): [layout] scheduleOrPerformPostLayoutTasks start... this:0x4b8d8c10
11-13 11:57:12.987 D/[blink]FrameView(14923): [layout] end... this:0x4b8d8c10
11-13 11:57:12.988 D/[blink]FrameView(14923): [layout] out... this:0x4b8d8c10
11-13 11:57:12.988 D/[blink]DOMTimer(14923): [DOMTimer] 0x4b8da3e8 setTimeout 5000ms, repeat:1.
11-13 11:57:12.989 D/iPanel  (14923): getFrameByName 'eventFrame' frame=0x27ac1a48 window=0x27ac26f8
11-13 11:57:12.989 D/iPanel  (14923): getFrameByName 'mainFrame' frame=0x27acdd90 window=0x27bf45c8
11-13 11:57:12.989 D/iPanel  (14923): getFrameByName 'eventFrame' frame=0x27ac1a48 window=0x27ac26f8
11-13 11:57:12.989 D/iPanel  (14923): getFrameByName 'mainFrame' frame=0x27acdd90 window=0x27bf45c8
11-13 11:57:12.989 D/iPanel  (14923): getFrameByName 'eventFrame' frame=0x27ac1a48 window=0x27ac26f8
11-13 11:57:12.989 D/iPanel  (14923): getFrameByName 'mainFrame' frame=0x27acdd90 window=0x27bf45c8
11-13 11:57:12.991 D/ChromeClientImpl(14923): [addMessageToConsole] [LOG:CONSOLE(465)] "http://10.14.41.245:13160/recommend/get_recommend_by_label?accesstoken=R5A07F63FU208EF029K53724E0DIA6230E0AP8M2FAF083WDBCD702FCF1&label=286&pageidx=0&pagenum=3&depth=1", source:http://10.14.41.246/application/bxfc/js/common.js (465)
11-13 11:57:12.991 D/V8ScriptRunner(14923): [callFunction] start. frame = 0x27acdd90 function: xmlHttp.onreadystatechange url: http://10.14.41.246/application/bxfc/js/common.js line: 450
11-13 11:57:12.991 D/V8ScriptRunner(14923): [callFunction] end. frame = 0x27acdd90 function: xmlHttp.onreadystatechange url: http://10.14.41.246/application/bxfc/js/common.js line: 450
11-13 11:57:12.991 D/[blink]ResourceFetcher(14923): [requestResource] url=http://10.14.41.245:13160/recommend/get_recommend_by_label?accesstoken=R5A07F63FU208EF029K53724E0DIA6230E0AP8M2FAF083WDBCD702FCF1&label=286&pageidx=0&pagenum=3&depth=1.
11-13 11:57:12.991 D/url     (14923): [DoResolveRelative] [WEB] DoResolveRelative Error resolving.
11-13 11:57:12.992 D/[blink]DOMTimer(14923): [DOMTimer] 0x4b8dabe8 setTimeout 500ms, repeat:0.
11-13 11:57:12.992 D/[blink]DOMTimer(14923): [DOMTimer] 0x4b8dac58 setTimeout 30000ms, repeat:0.
11-13 11:57:12.992 D/ResourceLoader(14923): [StartRequest] start request 0x8b1d1b80 url='http://10.14.41.245:13160/recommend/get_recommend_by_label?accesstoken=R5A07F63FU208EF029K53724E0DIA6230E0AP8M2FAF083WDBCD702FCF1&label=286&pageidx=0&pagenum=3&depth=1'
11-13 11:57:12.992 D/AwRequestInterceptor(14923): [MaybeInterceptRequest] request=0x8b1d1b80
11-13 11:57:12.992 D/ChromeClientImpl(14923): [addMessageToConsole] [LOG:CONSOLE(9)] "----getUserInfo---url:http://10.14.41.244:12690/account/user/get_list?deviceno=8150010316662691&devicetype=2&pageidx=1&pagenum=10", source:http://10.14.41.246/application/bxfc/js/common.js (9)
11-13 11:57:12.992 D/cr_AwContents(14923): [AwContents.java:520] BackgroundThreadClientImpl shouldInterceptRequest url = http://10.14.41.245:13160/recommend/get_recommend_by_label?accesstoken=R5A07F63FU208EF029K53724E0DIA6230E0AP8M2FAF083WDBCD702FCF1&label=286&pageidx=0&pagenum=3&depth=1
11-13 11:57:12.993 D/cr_AwNullContentsClient(14923): [AwNullContentsClient.java:59] shouldInterceptRequest url=http://10.14.41.245:13160/recommend/get_recommend_by_label?accesstoken=R5A07F63FU208EF029K53724E0DIA6230E0AP8M2FAF083WDBCD702FCF1&label=286&pageidx=0&pagenum=3&depth=1
11-13 11:57:12.993 D/BrowserWebViewClient(14923): intercept request :http://10.14.41.245:13160/recommend/get_recommend_by_label?accesstoken=R5A07F63FU208EF029K53724E0DIA6230E0AP8M2FAF083WDBCD702FCF1&label=286&pageidx=0&pagenum=3&depth=1
11-13 11:57:12.993 D/AwRequestInterceptor(14923): [MaybeInterceptRequest] request=0x8b1d1b80
11-13 11:57:12.993 D/V8ScriptRunner(14923): [callFunction] start. frame = 0x27acdd90 function: xmlHttp.onreadystatechange url: http://10.14.41.246/application/bxfc/js/common.js line: 145
11-13 11:57:12.993 D/V8ScriptRunner(14923): [callFunction] end. frame = 0x27acdd90 function: xmlHttp.onreadystatechange url: http://10.14.41.246/application/bxfc/js/common.js line: 145
11-13 11:57:12.993 D/[blink]ResourceFetcher(14923): [requestResource] url=http://10.14.41.244:12690/account/user/get_list?deviceno=8150010316662691&devicetype=2&pageidx=1&pagenum=10.
11-13 11:57:12.993 D/url     (14923): [DoResolveRelative] [WEB] DoResolveRelative Error resolving.
11-13 11:57:12.994 D/[blink]DOMTimer(14923): [DOMTimer] 0x4b8db090 setTimeout 5000ms, repeat:0.
11-13 11:57:12.994 D/ResourceLoader(14923): [StartRequest] start request 0x8b1d1100 url='http://10.14.41.244:12690/account/user/get_list?deviceno=8150010316662691&devicetype=2&pageidx=1&pagenum=10'
11-13 11:57:12.994 D/AwRequestInterceptor(14923): [MaybeInterceptRequest] request=0x8b1d1100
11-13 11:57:12.995 D/ChromeClientImpl(14923): [addMessageToConsole] [LOG:CONSOLE(9)] "----ç‰ˆæœ¬----:11.13/10ï¼š55", source:http://10.14.41.246/application/bxfc/js/common.js (9)
11-13 11:57:12.995 D/ScriptController(14923): [executeScriptAndReturnValue] [V8] evaluate Script end. frame=0x27acdd90 
11-13 11:57:12.995 D/cr_AwContents(14923): [AwContents.java:520] BackgroundThreadClientImpl shouldInterceptRequest url = http://10.14.41.244:12690/account/user/get_list?deviceno=8150010316662691&devicetype=2&pageidx=1&pagenum=10
11-13 11:57:12.995 D/cr_AwNullContentsClient(14923): [AwNullContentsClient.java:59] shouldInterceptRequest url=http://10.14.41.244:12690/account/user/get_list?deviceno=8150010316662691&devicetype=2&pageidx=1&pagenum=10
11-13 11:57:12.995 D/BrowserWebViewClient(14923): intercept request :http://10.14.41.244:12690/account/user/get_list?deviceno=8150010316662691&devicetype=2&pageidx=1&pagenum=10
11-13 11:57:12.995 D/AwRequestInterceptor(14923): [MaybeInterceptRequest] request=0x8b1d1100
11-13 11:57:12.996 D/base::AndroidFile(14923): [AndroidFile] open file 'ui://ipanel_private.js'. 
11-13 11:57:12.996 D/iPanel-inject(14923): injectiIPanelPrivateScript frame=0x27acdd90 url=http://10.14.41.246/application/bxfc/index.htm script file = ui://ipanel_private.js len = 4168
11-13 11:57:12.996 D/ScriptController(14923): [executeScriptAndReturnValue] [V8] evaluate Script start. frame=0x27acdd90 url=ui:///ipanel_private.js line=1. source length=4168
11-13 11:57:12.996 D/ScriptController(14923): [executeScriptAndReturnValue] [V8] compile Script end. frame=0x27acdd90 
11-13 11:57:12.996 D/iPanel  (14923): iPanel.debug("[ipanelTop] typeof(top)=undefined")
11-13 11:57:12.996 D/iPanel  (14923): iPanel.debug("[ipanelTop] in, window.top is undefined, push ipanelTop!")
11-13 11:57:12.996 D/iPanel  (14923): iPanel.debug("[ipanelTop] end, typeof(top)=object")
11-13 11:57:12.996 D/iPanel  (14923): getFrameByName 'eventFrame' frame=0x27ac1a48 window=0x27ac26f8
11-13 11:57:12.996 D/iPanel  (14923): getFrameByName 'mainFrame' frame=0x27acdd90 window=0x27bf45c8
11-13 11:57:12.997 D/iPanel  (14923): iPanel.debug("set page view size, content:null")
11-13 11:57:12.997 D/iPanel  (14923): iPanel.debug("set page view size, getAttribute(width)=null")
11-13 11:57:12.997 D/iPanel  (14923): iPanel.debug("set page view size, bw=NaN, bh=NaN")
11-13 11:57:12.997 D/[blink]ResourceFetcher(14923): [requestResource] url=http://10.14.41.246/application/bxfc/images/bg1.jpg.
11-13 11:57:12.997 D/url     (14923): [DoResolveRelative] [WEB] DoResolveRelative Error resolving.
11-13 11:57:12.998 D/iPanel  (14923): iPanel.debug("set page view size, img.src:http://10.14.41.246/application/bxfc/images/bg1.jpg")
11-13 11:57:12.999 D/iPanel  (14923): iPanel.debug("set page view size, original content:1280*720")
11-13 11:57:12.999 D/iPanel  (14923): iPanel.debug("set page view size: (1280*720)")
11-13 11:57:12.999 D/iPanel  (14923): iPanel.debug("set page view size: html{height:720px;width:1280px;-webkit-transform-origin: left top;-webkit-transform:scale(1,1);}")
11-13 11:57:13.001 D/iPanel  (14923): iPanel.debug("[ipanel_private.js] object.length: 0")
11-13 11:57:13.001 D/ScriptController(14923): [executeScriptAndReturnValue] [V8] evaluate Script end. frame=0x27acdd90 
11-13 11:57:13.001 D/iPanel-inject(14923): iPanelInjectUserScripts begin. url='http://10.14.41.246/application/bxfc/index.htm'
11-13 11:57:13.001 D/iPanel-inject(14923): iPanelInjectUserScripts.count: 1
11-13 11:57:13.001 D/iPanel-inject(14923): iPanelInjectUserScripts end
11-13 11:57:13.001 D/FrameLoaderClientImpl(14923): [dispatchDidFinishDocumentLoad] url:http://10.14.41.246/application/bxfc/index.htm
11-13 11:57:13.002 D/[blink] ImageResource(14923): [updateImage] allDataReceived!! data size=2665
11-13 11:57:13.002 D/[blink] ImageResource(14923): [updateImage] allDataReceived!! data size=25897
11-13 11:57:13.002 D/[blink] ImageResource(14923): [updateImage] allDataReceived!! data size=27349
11-13 11:57:13.002 D/[blink] ImageResource(14923): [updateImage] allDataReceived!! data size=28801
11-13 11:57:13.002 D/[blink] ImageResource(14923): [updateImage] allDataReceived!! data size=31705
11-13 11:57:13.003 D/ir_user ( 1585): PlayerTimeLineTrace:linux_keycode:0x9e(UP),	protocol: .
11-13 11:57:13.003 V/PT      ( 1581): >>INFO:irkey_task:[   11533.235925] /dev/input/event0: type=0001 code=009e val=00000000
11-13 11:57:13.003 V/PT      ( 1581): >>INFO:irkey_send:0x3001 0x1000 up  
11-13 11:57:13.003 V/SUMA    ( 1581): ++++++++++++++  _roc_evtmgr_key_cbk 517:input = 12289, event=4096, act=0x400
11-13 11:57:13.003 D/[blink] ImageResource(14923): [updateImage] allDataReceived!! data size=36061
11-13 11:57:13.003 V/SUMA    ( 1581): lxm:_roc_evtmgr_key_cbk 519 11533236
11-13 11:57:13.003 V/SUMA    ( 1581): lxm:_roc_evtmgr_add_key_into_queue 311 11533236
11-13 11:57:13.003 V/PT      ( 1581): >>INFO:irkey_task:[   11533.235925] /dev/input/event0: type=0000 code=0000 val=00000000
11-13 11:57:13.003 V/SUMA    ( 1581): ===================>> type=0 src=0 evt=4096 act=0x400
11-13 11:57:13.003 V/SUMA    ( 1581): [sysset-s][event_manager_cbk 78]lxm cbid=1, cbk_reg=1, cpid=2471
11-13 11:57:13.003 D/NGBEvent( 2471): ngbEventCallBack type:0 source :4096
11-13 11:57:13.003 D/NGBEvent( 2471): [NGBEventManager-JNI]-returning:1
11-13 11:57:13.003 D/NGBEvent( 2471): Input key event: keyCode=4096
11-13 11:57:13.003 D/NGBEvent( 2471): src:4096 = dest:4096
11-13 11:57:13.003 I/System.out( 2471): [DEBUG EventManager] LWJ--Add event to java with evt=NgbEvent-[type = 1, subtype = 402, code = 4096]
11-13 11:57:13.003 D/NGBEvent( 2471): [NGBEvent_log]--[EventManager--JNI]:		start
11-13 11:57:13.003 I/System.out( 2471): [DEBUG EventManager] broadcastEvent  :len 1
11-13 11:57:13.003 D/RemoteIME( 2386): RemoteIME--> onKeyUp keyCode = 4
11-13 11:57:13.003 D/KeyEventNgbDealer( 2471): [TN_pool-1-thread-1]handleKeyReleased keyEvent=NgbEvent-[type = 1, subtype = 402, code = 4096],time=11533236
11-13 11:57:13.003 D/[cc]ProxyMain(14923): [BeginMainFrame] cc.BeginMainFrame this:0x9f6a99c0
11-13 11:57:13.003 D/[cc]LayerTreeHost(14923): [AnimateLayers] AnimateLayers monotonic_time=11533199538
11-13 11:57:13.003 D/[blink]FrameView(14923): [updateLifecyclePhasesInternal] cannot paint!!return!!this:0x0x4b8d8c10
11-13 11:57:13.004 D/cr_AwTestContainerView(14923): [AwTestContainerView.java:63] [mainFrame]: [2017-11-08 09:06:21] dispatchKeyEvent keyCode = 4 event = KeyEvent { action=ACTION_UP, keyCode=KEYCODE_BACK, scanCode=158, metaState=0, flags=0x8, repeatCount=0, eventTime=11533235, downTime=11533134, deviceId=4, source=0x701 }
11-13 11:57:13.004 D/[blink] ImageResource(14923): [updateImage] allDataReceived!! data size=37513
11-13 11:57:13.004 D/ImeAdapterAndroid(14923): [SendKeyEvent] [BUILD TIME: ] dispatchKeyEvent key_code=4 modifiers=0 unicode_char=0 scan_code=158 is_system=0 tm=11533235
11-13 11:57:13.004 D/[blink] ImageResource(14923): [updateImage] allDataReceived!! data size=40417
11-13 11:57:13.004 D/[blink] ImageResource(14923): [updateImage] allDataReceived!! data size=43321
11-13 11:57:13.004 D/[blink] ImageResource(14923): [updateImage] allDataReceived!! data size=46225
11-13 11:57:13.004 D/[blink] ImageResource(14923): [updateImage] allDataReceived!! data size=47677
11-13 11:57:13.004 D/[blink] ImageResource(14923): [updateImage] allDataReceived!! data size=49129
11-13 11:57:13.004 D/[blink] ImageResource(14923): [updateImage] allDataReceived!! data size=50581
11-13 11:57:13.004 D/[blink] ImageResource(14923): [updateImage] allDataReceived!! data size=53485
11-13 11:57:13.004 D/[blink] ImageResource(14923): [updateImage] allDataReceived!! data size=56389
11-13 11:57:13.004 D/[blink] ImageResource(14923): [updateImage] allDataReceived!! data size=60707
11-13 11:57:13.005 D/[blink]ResourceFetcher(14923): [didFinishLoading] encoded length=60946 url=http://10.14.41.246/application/bxfc/images/pic1_01.jpg.
11-13 11:57:13.005 D/[blink] ImageResource(14923): [updateImage] allDataReceived!! data size=60707
11-13 11:57:13.005 D/V8ScriptRunner(14923): [callFunction] start. frame = 0x27acdd90 function: img.onload url: ui:///ipanel_private.js line: 83
11-13 11:57:13.005 D/iPanel  (14923): iPanel.debug("set page view size,--- width:1280,height:720")
11-13 11:57:13.005 D/iPanel  (14923): iPanel.debug("set page view size: exit ipanelpageviewsize")
11-13 11:57:13.006 D/V8ScriptRunner(14923): [callFunction] end. frame = 0x27acdd90 function: img.onload url: ui:///ipanel_private.js line: 83
11-13 11:57:13.007 D/FrameLoaderClientImpl(14923): [dispatchDidHandleOnloadEvents] dispatch onload event url:http://10.14.41.246/application/bxfc/index.htm
11-13 11:57:13.007 D/ResourceLoader(14923): [ResponseCompleted] finish request 0x8b1d1b80 url='http://10.14.41.245:13160/recommend/get_recommend_by_label?accesstoken=R5A07F63FU208EF029K53724E0DIA6230E0AP8M2FAF083WDBCD702FCF1&label=286&pageidx=0&pagenum=3&depth=1'
11-13 11:57:13.009 D/[blink]FrameView(14923): [layout] start... this:0x4b8d8c10, frame=0x27acdd90 content size(1280, 720). 
11-13 11:57:13.009 D/[blink]FrameView(14923): [layout] performPreLayoutTasks start... this:0x4b8d8c10
11-13 11:57:13.009 D/[blink]FrameView(14923): [layout] performPreLayoutTasks end... this:0x4b8d8c10
11-13 11:57:13.009 D/[blink]FrameView(14923): [layout] performLayout start... this:0x4b8d8c10
11-13 11:57:13.010 D/[blink]FrameView(14923): [layout] performLayout end... this:0x4b8d8c10
11-13 11:57:13.010 D/[blink]FrameView(14923): [layout] cannot paint!! do not call compositor()->didLayout()! this:0x0x4b8d8c10
11-13 11:57:13.010 D/[blink]FrameView(14923): [layout] updateDocumentAnnotatedRegions start... this:0x4b8d8c10
11-13 11:57:13.010 D/[blink]FrameView(14923): [layout] scheduleOrPerformPostLayoutTasks start... this:0x4b8d8c10
11-13 11:57:13.010 D/[blink]FrameView(14923): [layout] end... this:0x4b8d8c10
11-13 11:57:13.010 D/[blink]FrameView(14923): [layout] out... this:0x4b8d8c10
11-13 11:57:13.010 D/[blink]FrameLoader(14923): [checkCompleted] frame=0x27acdd90 did finish load.
11-13 11:57:13.010 D/FrameLoaderClientImpl(14923): [dispatchDidFinishLoad] url:http://10.14.41.246/application/bxfc/index.htm
11-13 11:57:13.010 D/FrameLoaderClientImpl(14923): [didStopLoading] finished url:http://10.14.41.246/application/bxfc/index.htm. frame tree child count = 0
11-13 11:57:13.011 D/Browser (14923): postProgressNotification type=1
11-13 11:57:13.011 D/[blink]FrameView(14923): [setCanPaint] this:0x4b8d8c10, setCanPaint old canpaint=0, new canpaint=1 .
11-13 11:57:13.011 D/[blink]FrameView(14923): [paintAfterLoad] paintAfterLoad this:0x4b8d8c10.
11-13 11:57:13.011 D/[blink]FrameView(14923): [updateStyleAndLayoutIfNeededRecursiveInternal] in... this:0x4b8d8c10.
11-13 11:57:13.011 D/[blink]FrameView(14923): [updateStyleAndLayoutIfNeededRecursiveInternal] end... this:0x4b8d8c10.
11-13 11:57:13.011 D/BrowserWebViewClient(14923): onPageFinished webview = com.ipanel.android_webview.shell.AwWebViewImpl[mainFrame: focused=true url=http://10.14.41.246/application/bxfc/index.htm] url = http://10.14.41.246/application/bxfc/index.htm
11-13 11:57:13.011 D/Browser (14923): hideIconLoading
11-13 11:57:13.011 D/[cc]ProxyMain(14923): [BeginMainFrame] cc.BeginMainFrame this:0x9f6a99c0
11-13 11:57:13.011 D/[cc]LayerTreeHost(14923): [AnimateLayers] AnimateLayers monotonic_time=11533232872
11-13 11:57:13.011 D/[blink]FrameView(14923): [updateStyleAndLayoutIfNeededRecursiveInternal] in... this:0x4b8d8c10.
11-13 11:57:13.011 D/[blink]FrameView(14923): [updateStyleAndLayoutIfNeededRecursiveInternal] end... this:0x4b8d8c10.
11-13 11:57:13.011 D/[blink]FrameView(14923): [updateLifecyclePhasesInternal] in... this:0x4b8d8c10, targetState=18
11-13 11:57:13.011 D/[blink]FrameView(14923): [updateLifecyclePhasesInternal] call compositor()->updateIfNeededRecursive()!
11-13 11:57:13.011 D/[cc]LayerTree(14923): [SetRootLayer] [LayerTree::SetRootLayer]. set needs_full_tree_sync_ = true, but not Commit!!!
11-13 11:57:13.011 D/[cc]LayerTreeHost(14923): [SetNeedsCommit] SetNeedsCommit!this:0x9f45dac0
11-13 11:57:13.011 D/[cc]LayerTreeHost(14923): [SetNeedsCommit] SetNeedsCommit!this:0x9f45dac0
11-13 11:57:13.012 D/[cc]LayerTreeHost(14923): [SetNeedsCommit] SetNeedsCommit!this:0x9f45dac0
11-13 11:57:13.012 D/[cc]LayerTreeHost(14923): [SetNeedsCommit] SetNeedsCommit!this:0x9f45dac0
11-13 11:57:13.012 D/[cc]LayerTreeHost(14923): [SetNeedsCommit] SetNeedsCommit!this:0x9f45dac0
11-13 11:57:13.012 D/[cc]LayerTreeHost(14923): [SetNeedsCommit] SetNeedsCommit!this:0x9f45dac0
11-13 11:57:13.012 D/[cc]LayerTreeHost(14923): [SetNeedsCommit] SetNeedsCommit!this:0x9f45dac0
11-13 11:57:13.012 D/[cc]LayerTreeHost(14923): [SetNeedsCommit] SetNeedsCommit!this:0x9f45dac0
11-13 11:57:13.012 D/[cc]LayerTreeHost(14923): [SetNeedsCommit] SetNeedsCommit!this:0x9f45dac0
11-13 11:57:13.012 D/[cc]LayerTreeHost(14923): [SetNeedsCommit] SetNeedsCommit!this:0x9f45dac0
11-13 11:57:13.012 D/[cc]LayerTreeHost(14923): [SetNeedsCommit] SetNeedsCommit!this:0x9f45dac0
11-13 11:57:13.012 D/[cc]LayerTreeHost(14923): [SetNeedsCommit] SetNeedsCommit!this:0x9f45dac0
11-13 11:57:13.013 D/[blink] ImagePainter(14923): [paintReplaced] ImagePainter::paintReplaced in w=4032, h=4032.
11-13 11:57:13.013 D/[blink] ImagePainter(14923): [paintReplaced] ImagePainter::paintReplaced out.
11-13 11:57:13.013 D/[blink] BoxPainter(14923): [paintBoxDecorationBackgroundWithRect] BoxPainter::paintBoxDecorationBackgroundWithRect isImage=0, isLayoutImage=0
11-13 11:57:13.013 D/[blink] ImagePainter(14923): [paintReplaced] ImagePainter::paintReplaced in w=10560, h=19648.
11-13 11:57:13.013 D/[blink] ImagePainter(14923): [paintReplaced] ImagePainter::paintReplaced out.
11-13 11:57:13.013 D/[blink] BoxPainter(14923): [paintBoxDecorationBackgroundWithRect] BoxPainter::paintBoxDecorationBackgroundWithRect isImage=0, isLayoutImage=0
11-13 11:57:13.013 D/[blink] ImagePainter(14923): [paintReplaced] ImagePainter::paintReplaced in w=10560, h=19648.
11-13 11:57:13.013 D/[blink] ImagePainter(14923): [paintReplaced] ImagePainter::paintReplaced out.
11-13 11:57:13.013 D/[blink] BoxPainter(14923): [paintBoxDecorationBackgroundWithRect] BoxPainter::paintBoxDecorationBackgroundWithRect isImage=0, isLayoutImage=0
11-13 11:57:13.013 D/[blink] ImagePainter(14923): [paintReplaced] ImagePainter::paintReplaced in w=10560, h=19648.
11-13 11:57:13.013 D/[blink] ImagePainter(14923): [paintReplaced] ImagePainter::paintReplaced out.
11-13 11:57:13.013 D/[blink] ImagePainter(14923): [paintReplaced] ImagePainter::paintReplaced in w=11200, h=10240.
11-13 11:57:13.013 D/[blink] ImagePainter(14923): [paintReplaced] ImagePainter::paintReplaced out.
11-13 11:57:13.013 D/[blink] ImagePainter(14923): [paintReplaced] ImagePainter::paintReplaced in w=11008, h=10240.
11-13 11:57:13.013 D/[blink] ImagePainter(14923): [paintReplaced] ImagePainter::paintReplaced out.
11-13 11:57:13.013 D/[blink] ImagePainter(14923): [paintReplaced] ImagePainter::paintReplaced in w=11200, h=10240.
11-13 11:57:13.013 D/[blink] ImagePainter(14923): [paintReplaced] ImagePainter::paintReplaced out.
11-13 11:57:13.013 D/[blink] ImagePainter(14923): [paintReplaced] ImagePainter::paintReplaced in w=11200, h=10240.
11-13 11:57:13.013 D/[blink] ImagePainter(14923): [paintReplaced] ImagePainter::paintReplaced out.
11-13 11:57:13.013 D/[blink] BoxPainter(14923): [paintBoxDecorationBackgroundWithRect] BoxPainter::paintBoxDecorationBackgroundWithRect isImage=0, isLayoutImage=0
11-13 11:57:13.013 D/[blink] ImagePainter(14923): [paintReplaced] ImagePainter::paintReplaced in w=11008, h=10240.
11-13 11:57:13.013 D/[blink] ImagePainter(14923): [paintReplaced] ImagePainter::paintReplaced out.
11-13 11:57:13.013 D/[blink] ImagePainter(14923): [paintReplaced] ImagePainter::paintReplaced in w=11200, h=10240.
11-13 11:57:13.013 D/[blink] ImagePainter(14923): [paintReplaced] ImagePainter::paintReplaced out.
11-13 11:57:13.013 D/[blink] ImagePainter(14923): [paintReplaced] ImagePainter::paintReplaced in w=22528, h=2176.
11-13 11:57:13.013 D/[blink] ImagePainter(14923): [paintReplaced] ImagePainter::paintReplaced out.
11-13 11:57:13.014 D/[blink] ImagePainter(14923): [paintReplaced] ImagePainter::paintReplaced in w=34624, h=19648.
11-13 11:57:13.014 D/[blink] ImagePainter(14923): [paintReplaced] ImagePainter::paintReplaced out.
11-13 11:57:13.014 D/[blink] BoxPainter(14923): [paintBoxDecorationBackgroundWithRect] BoxPainter::paintBoxDecorationBackgroundWithRect isImage=0, isLayoutImage=0
11-13 11:57:13.014 D/[blink] BoxPainter(14923): [paintBoxDecorationBackgroundWithRect] BoxPainter::paintBoxDecorationBackgroundWithRect isImage=0, isLayoutImage=0
11-13 11:57:13.014 D/[blink] BoxPainter(14923): [paintBoxDecorationBackgroundWithRect] BoxPainter::paintBoxDecorationBackgroundWithRect isImage=0, isLayoutImage=0
11-13 11:57:13.014 D/[blink] BoxPainter(14923): [paintBoxDecorationBackgroundWithRect] BoxPainter::paintBoxDecorationBackgroundWithRect isImage=0, isLayoutImage=0
11-13 11:57:13.014 D/[blink] ImagePainter(14923): [paintReplaced] ImagePainter::paintReplaced in w=4032, h=4032.
11-13 11:57:13.014 D/[blink] ImagePainter(14923): [paintReplaced] ImagePainter::paintReplaced out.
11-13 11:57:13.014 D/[blink]FrameView(14923): [updateLifecyclePhasesInternal] end... this:0x4b8d8c10
11-13 11:57:13.015 D/RenderWidgetInputHandler(14923): [HandleInputEvent] input_event type=9 name=KeyUp
11-13 11:57:13.015 D/RenderWidgetInputHandler(14923): [HandleInputEvent] input_event type=9 prevent_default:0
