11-13 11:43:03.070 I/ActivityManager( 2033):   svc   S     7925 kB: com.suma.midware.setting (pid 9912) started-services
11-13 11:43:03.070 I/ActivityManager( 2033):   cch   S    29866 kB: com.huan.appstore (pid 10090) cch-started-ui-services
11-13 11:43:03.070 I/ActivityManager( 2033):   cch+2 S    25026 kB: com.starcor.mango (pid 10225) cch-started-services
11-13 11:43:03.070 I/ActivityManager( 2033):   cch+4 S    10012 kB: com.sumavision.admindm (pid 9952) cch-started-services
11-13 11:43:03.070 I/ActivityManager( 2033):   cch+6 S    46624 kB: com.tv.wuyetong (pid 7911) cch-started-services
11-13 11:43:03.070 I/ActivityManager( 2033):             358101 kB: TOTAL
11-13 11:43:03.070 I/ActivityManager( 2033):   MemInfo: 27228 kB slab, 1872 kB shmem, 0 kB vm alloc, 8900 kB page tables 6056 kB kernel stack
11-13 11:43:03.070 I/ActivityManager( 2033):            15724 kB buffers, 193132 kB cached, 111544 kB mapped, 230020 kB free
11-13 11:43:03.070 I/ActivityManager( 2033):   Free RAM: 438860 kB
11-13 11:43:03.070 I/ActivityManager( 2033):   Used RAM: 290629 kB
11-13 11:43:03.070 I/ActivityManager( 2033):   Lost RAM: 177207 kB
11-13 11:43:06.812 I/ActivityManager( 2033): START u0 {act= cmp=com.ipanel.android_webview.shell/com.ipanel.webapp.BrowserActivity (has extras)} from uid 1000 on display 0
11-13 11:43:06.820 W/ContextImpl( 2514): Calling a method in the system process without a qualified user: android.app.ContextImpl.sendBroadcast:1345 android.content.ContextWrapper.sendBroadcast:377 android.app.ActivityThread.performPauseActivity:3259 android.app.ActivityThread.performPauseActivity:3225 android.app.ActivityThread.handlePauseActivity:3200 
11-13 11:43:06.825 V/WindowManager( 2033): Based on layer: Adding window Window{1383046b u0 Starting com.ipanel.android_webview.shell} at 4 of 10
11-13 11:43:06.856 I/ActivityManager( 2033): Start proc 14191:com.ipanel.android_webview.shell/u0a35 for activity com.ipanel.android_webview.shell/com.ipanel.webapp.BrowserActivity
11-13 11:43:07.237 V/WindowManager( 2033): Adding window Window{1003e009 u0 com.ipanel.android_webview.shell/com.ipanel.webapp.BrowserActivity} at 4 of 11 (before Window{1383046b u0 Starting com.ipanel.android_webview.shell})
11-13 11:43:07.261 D/ConnectivityService( 2033): listenForNetwork for NetworkRequest [ id=16, legacyType=-1, [ Capabilities: INTERNET&NOT_RESTRICTED&TRUSTED] ]
11-13 11:43:07.261 D/ConnectivityService( 2033): handleRegisterNetworkRequest checking NetworkAgentInfo [WIFI () - 100]
11-13 11:43:07.261 D/ConnectivityService( 2033): apparently satisfied.  currentScore=60
11-13 11:43:07.367 V/WindowManager( 2033): Adding window Window{1e42811a u0 SurfaceView} at 4 of 12 (before Window{1003e009 u0 com.ipanel.android_webview.shell/com.ipanel.webapp.BrowserActivity})
11-13 11:43:07.436 V/WindowManager( 2033): Adding window Window{2540ae28 u0 SurfaceView} at 5 of 13 (before Window{1003e009 u0 com.ipanel.android_webview.shell/com.ipanel.webapp.BrowserActivity})
11-13 11:43:07.517 W/ViewRootImpl(14191): Cancelling event due to no window focus: KeyEvent { action=ACTION_UP, keyCode=KEYCODE_DPAD_CENTER, scanCode=28, metaState=0, flags=0x80000028, repeatCount=0, eventTime=10687247, downTime=10687037, deviceId=4, source=0x701 }
11-13 11:43:07.517 W/ViewRootImpl(14191): Cancelling event due to no window focus: KeyEvent { action=ACTION_UP, keyCode=KEYCODE_DPAD_CENTER, scanCode=28, metaState=0, flags=0x80000028, repeatCount=0, eventTime=10687247, downTime=10687037, deviceId=4, source=0x701 }
11-13 11:43:07.517 W/ViewRootImpl(14191): Cancelling event due to no window focus: KeyEvent { action=ACTION_UP, keyCode=KEYCODE_DPAD_CENTER, scanCode=28, metaState=0, flags=0x80000028, repeatCount=0, eventTime=10687247, downTime=10687037, deviceId=4, source=0x701 }
11-13 11:43:07.517 W/ViewRootImpl(14191): Cancelling event due to no window focus: KeyEvent { action=ACTION_UP, keyCode=KEYCODE_DPAD_CENTER, scanCode=28, metaState=0, flags=0x80000028, repeatCount=0, eventTime=10687247, downTime=10687037, deviceId=4, source=0x701 }
11-13 11:43:07.517 W/ViewRootImpl(14191): Cancelling event due to no window focus: KeyEvent { action=ACTION_UP, keyCode=KEYCODE_DPAD_CENTER, scanCode=28, metaState=0, flags=0x80000028, repeatCount=0, eventTime=10687247, downTime=10687037, deviceId=4, source=0x701 }
11-13 11:43:07.517 W/ViewRootImpl(14191): Cancelling event due to no window focus: KeyEvent { action=ACTION_UP, keyCode=KEYCODE_DPAD_CENTER, scanCode=28, metaState=0, flags=0x80000028, repeatCount=0, eventTime=10687247, downTime=10687037, deviceId=4, source=0x701 }
11-13 11:43:07.519 W/ViewRootImpl(14191): Cancelling event due to no window focus: KeyEvent { action=ACTION_UP, keyCode=KEYCODE_DPAD_CENTER, scanCode=28, metaState=0, flags=0x80000028, repeatCount=0, eventTime=10687247, downTime=10687037, deviceId=4, source=0x701 }
11-13 11:43:07.519 W/ViewRootImpl(14191): Cancelling event due to no window focus: KeyEvent { action=ACTION_UP, keyCode=KEYCODE_DPAD_CENTER, scanCode=28, metaState=0, flags=0x80000028, repeatCount=0, eventTime=10687247, downTime=10687037, deviceId=4, source=0x701 }
11-13 11:43:07.519 W/ViewRootImpl(14191): Cancelling event due to no window focus: KeyEvent { action=ACTION_UP, keyCode=KEYCODE_DPAD_CENTER, scanCode=28, metaState=0, flags=0x80000028, repeatCount=0, eventTime=10687247, downTime=10687037, deviceId=4, source=0x701 }
11-13 11:43:07.885 W/ViewRootImpl( 2514): Cancelling event due to no window focus: KeyEvent { action=ACTION_UP, keyCode=KEYCODE_DPAD_CENTER, scanCode=28, metaState=0, flags=0x28, repeatCount=0, eventTime=10687117, downTime=10687037, deviceId=4, source=0x701 }
11-13 11:43:07.885 W/ViewRootImpl( 2514): Cancelling event due to no window focus: KeyEvent { action=ACTION_UP, keyCode=KEYCODE_DPAD_CENTER, scanCode=28, metaState=0, flags=0x28, repeatCount=0, eventTime=10687117, downTime=10687037, deviceId=4, source=0x701 }
11-13 11:43:07.885 W/ViewRootImpl( 2514): Cancelling event due to no window focus: KeyEvent { action=ACTION_UP, keyCode=KEYCODE_DPAD_CENTER, scanCode=28, metaState=0, flags=0x28, repeatCount=0, eventTime=10687117, downTime=10687037, deviceId=4, source=0x701 }
11-13 11:43:07.887 W/ViewRootImpl( 2514): Cancelling event due to no window focus: KeyEvent { action=ACTION_UP, keyCode=KEYCODE_DPAD_CENTER, scanCode=28, metaState=0, flags=0x28, repeatCount=0, eventTime=10687117, downTime=10687037, deviceId=4, source=0x701 }
11-13 11:43:07.887 W/ViewRootImpl( 2514): Cancelling event due to no window focus: KeyEvent { action=ACTION_UP, keyCode=KEYCODE_DPAD_CENTER, scanCode=28, metaState=0, flags=0x28, repeatCount=0, eventTime=10687117, downTime=10687037, deviceId=4, source=0x701 }
11-13 11:43:07.887 W/ViewRootImpl( 2514): Cancelling event due to no window focus: KeyEvent { action=ACTION_UP, keyCode=KEYCODE_DPAD_CENTER, scanCode=28, metaState=0, flags=0x28, repeatCount=0, eventTime=10687117, downTime=10687037, deviceId=4, source=0x701 }
11-13 11:43:07.887 W/ViewRootImpl( 2514): Cancelling event due to no window focus: KeyEvent { action=ACTION_UP, keyCode=KEYCODE_DPAD_CENTER, scanCode=28, metaState=0, flags=0x28, repeatCount=0, eventTime=10687117, downTime=10687037, deviceId=4, source=0x701 }
11-13 11:43:07.887 W/ViewRootImpl( 2514): Cancelling event due to no window focus: KeyEvent { action=ACTION_UP, keyCode=KEYCODE_DPAD_CENTER, scanCode=28, metaState=0, flags=0x28, repeatCount=0, eventTime=10687117, downTime=10687037, deviceId=4, source=0x701 }
11-13 11:43:07.887 W/ViewRootImpl( 2514): Cancelling event due to no window focus: KeyEvent { action=ACTION_UP, keyCode=KEYCODE_DPAD_CENTER, scanCode=28, metaState=0, flags=0x28, repeatCount=0, eventTime=10687117, downTime=10687037, deviceId=4, source=0x701 }
11-13 11:43:15.143 W/ContextImpl( 2404): Calling a method in the system process without a qualified user: android.app.ContextImpl.sendBroadcast:1345 android.content.ContextWrapper.sendBroadcast:377 com.suma.midware.back.esg.e.f:-1 com.suma.midware.back.esg.f.run:-1 com.suma.midware.prop.util.c.run:-1 
11-13 11:43:16.146 W/ContextImpl( 2404): Calling a method in the system process without a qualified user: android.app.ContextImpl.sendBroadcast:1345 android.content.ContextWrapper.sendBroadcast:377 com.suma.midware.back.esg.e.f:-1 com.suma.midware.back.esg.f.run:-1 com.suma.midware.prop.util.c.run:-1 
11-13 11:43:17.149 W/ContextImpl( 2404): Calling a method in the system process without a qualified user: android.app.ContextImpl.sendBroadcast:1345 android.content.ContextWrapper.sendBroadcast:377 com.suma.midware.back.esg.e.f:-1 com.suma.midware.back.esg.f.run:-1 com.suma.midware.prop.util.c.run:-1 
11-13 11:44:05.008 W/ProcessCpuTracker( 2033): Skipping unknown process pid 14322
11-13 11:44:20.164 W/ContextImpl( 2404): Calling a method in the system process without a qualified user: android.app.ContextImpl.sendBroadcast:1345 android.content.ContextWrapper.sendBroadcast:377 com.suma.midware.back.esg.e.f:-1 com.suma.midware.back.esg.f.run:-1 com.suma.midware.prop.util.c.run:-1 
11-13 11:44:21.166 W/ContextImpl( 2404): Calling a method in the system process without a qualified user: android.app.ContextImpl.sendBroadcast:1345 android.content.ContextWrapper.sendBroadcast:377 com.suma.midware.back.esg.e.f:-1 com.suma.midware.back.esg.f.run:-1 com.suma.midware.prop.util.c.run:-1 
11-13 11:44:22.169 W/ContextImpl( 2404): Calling a method in the system process without a qualified user: android.app.ContextImpl.sendBroadcast:1345 android.content.ContextWrapper.sendBroadcast:377 com.suma.midware.back.esg.e.f:-1 com.suma.midware.back.esg.f.run:-1 com.suma.midware.prop.util.c.run:-1 
11-13 11:44:59.885 W/BatteryStatsImpl( 2033): Couldn't get kernel wake lock stats
11-13 11:45:08.988 I/EntropyMixer( 2033): Writing entropy...
11-13 11:45:25.222 W/ContextImpl( 2404): Calling a method in the system process without a qualified user: android.app.ContextImpl.sendBroadcast:1345 android.content.ContextWrapper.sendBroadcast:377 com.suma.midware.back.esg.e.f:-1 com.suma.midware.back.esg.f.run:-1 com.suma.midware.prop.util.c.run:-1 
11-13 11:45:26.225 W/ContextImpl( 2404): Calling a method in the system process without a qualified user: android.app.ContextImpl.sendBroadcast:1345 android.content.ContextWrapper.sendBroadcast:377 com.suma.midware.back.esg.e.f:-1 com.suma.midware.back.esg.f.run:-1 com.suma.midware.prop.util.c.run:-1 
11-13 11:45:27.228 W/ContextImpl( 2404): Calling a method in the system process without a qualified user: android.app.ContextImpl.sendBroadcast:1345 android.content.ContextWrapper.sendBroadcast:377 com.suma.midware.back.esg.e.f:-1 com.suma.midware.back.esg.f.run:-1 com.suma.midware.prop.util.c.run:-1 
11-13 11:45:55.789 I/ActivityManager( 2033): START u0 {act=android.intent.action.MAIN cat=[android.intent.category.HOME] flg=0x10200000 cmp=com.suma.midware.home/.third.Main3DActivity} from uid 1000 on display 0
11-13 11:45:55.805 I/ActivityManager( 2033): Force stopping com.android.browser appid=10010 user=0: from pid 2404
11-13 11:45:55.829 W/ContextImpl( 2514): Calling a method in the system process without a qualified user: android.app.ContextImpl.sendBroadcast:1345 android.content.ContextWrapper.sendBroadcast:377 com.suma.midware.view.ext.BluetoothUpdate.b:-1 com.suma.midware.home.third.Main3DActivity.onResume:-1 android.app.Instrumentation.callActivityOnResume:1257 
11-13 11:45:55.832 I/ActivityManager( 2033): Force stopping com.suma.midware.vod appid=1000 user=0: from pid 2514
11-13 11:45:55.832 W/ContextImpl( 2514): Calling a method in the system process without a qualified user: android.app.ContextImpl.sendBroadcast:1345 android.content.ContextWrapper.sendBroadcast:377 android.app.ActivityThread.performResumeActivity:2982 android.app.ActivityThread.handleResumeActivity:3023 android.app.ActivityThread$H.handleMessage:1347 
11-13 11:46:00.026 I/ProcessStatsService( 2033): Prepared write state in 7ms
11-13 11:46:00.032 I/ProcessStatsService( 2033): Pruning old procstats: /data/system/procstats/state-2015-01-01-08-00-03.bin
11-13 11:46:02.602 I/WindowState( 2033): WIN DEATH: Window{1003e009 u0 com.ipanel.android_webview.shell/com.ipanel.webapp.BrowserActivity}
11-13 11:46:02.602 D/ConnectivityService( 2033): ConnectivityService NetworkRequestInfo binderDied(NetworkRequest [ id=16, legacyType=-1, [ Capabilities: INTERNET&NOT_RESTRICTED&TRUSTED] ], android.os.BinderProxy@6e5a63b)
11-13 11:46:02.602 W/WindowManager( 2033): Force-removing child win Window{2540ae28 u0 SurfaceView} from container Window{1003e009 u0 com.ipanel.android_webview.shell/com.ipanel.webapp.BrowserActivity}
11-13 11:46:02.602 D/ConnectivityService( 2033): releasing NetworkRequest NetworkRequest [ id=16, legacyType=-1, [ Capabilities: INTERNET&NOT_RESTRICTED&TRUSTED] ]
11-13 11:46:02.603 I/ActivityManager( 2033): Process com.ipanel.android_webview.shell (pid 14191) has died
11-13 11:46:02.609 W/WindowManager( 2033): Force-removing child win Window{1e42811a u0 SurfaceView} from container Window{1003e009 u0 com.ipanel.android_webview.shell/com.ipanel.webapp.BrowserActivity}
11-13 11:46:02.609 E/ConnectivityService( 2033): RemoteException caught trying to send a callback msg for NetworkRequest [ id=16, legacyType=-1, [ Capabilities: INTERNET&NOT_RESTRICTED&TRUSTED] ]
11-13 11:46:02.611 W/WindowManager( 2033): Failed looking up window
11-13 11:46:02.611 W/WindowManager( 2033): java.lang.IllegalArgumentException: Requested window android.os.BinderProxy@310173c5 does not exist
11-13 11:46:02.611 W/WindowManager( 2033): 	at com.android.server.wm.WindowManagerService.windowForClientLocked(WindowManagerService.java:8654)
11-13 11:46:02.611 W/WindowManager( 2033): 	at com.android.server.wm.WindowManagerService.windowForClientLocked(WindowManagerService.java:8645)
11-13 11:46:02.611 W/WindowManager( 2033): 	at com.android.server.wm.WindowState$DeathRecipient.binderDied(WindowState.java:1142)
11-13 11:46:02.611 W/WindowManager( 2033): 	at android.os.BinderProxy.sendDeathNotice(Binder.java:551)
11-13 11:46:02.611 I/WindowState( 2033): WIN DEATH: null
11-13 11:46:02.611 W/WindowManager( 2033): Failed looking up window
11-13 11:46:02.611 W/WindowManager( 2033): java.lang.IllegalArgumentException: Requested window android.os.BinderProxy@19c3144b does not exist
11-13 11:46:02.611 W/WindowManager( 2033): 	at com.android.server.wm.WindowManagerService.windowForClientLocked(WindowManagerService.java:8654)
11-13 11:46:02.611 W/WindowManager( 2033): 	at com.android.server.wm.WindowManagerService.windowForClientLocked(WindowManagerService.java:8645)
11-13 11:46:02.611 W/WindowManager( 2033): 	at com.android.server.wm.WindowState$DeathRecipient.binderDied(WindowState.java:1142)
11-13 11:46:02.611 W/WindowManager( 2033): 	at android.os.BinderProxy.sendDeathNotice(Binder.java:551)
11-13 11:46:02.611 I/WindowState( 2033): WIN DEATH: null
11-13 11:46:02.754 I/ActivityManager( 2033): START u0 {act= cmp=com.ipanel.android_webview.shell/com.ipanel.webapp.BrowserActivity (has extras)} from uid 1000 on display 0
11-13 11:46:02.764 W/ContextImpl( 2514): Calling a method in the system process without a qualified user: android.app.ContextImpl.sendBroadcast:1345 android.content.ContextWrapper.sendBroadcast:377 android.app.ActivityThread.performPauseActivity:3259 android.app.ActivityThread.performPauseActivity:3225 android.app.ActivityThread.handlePauseActivity:3200 
11-13 11:46:02.769 V/WindowManager( 2033): Based on layer: Adding window Window{18450396 u0 Starting com.ipanel.android_webview.shell} at 4 of 10
11-13 11:46:02.789 I/ActivityManager( 2033): Start proc 14438:com.ipanel.android_webview.shell/u0a35 for activity com.ipanel.android_webview.shell/com.ipanel.webapp.BrowserActivity
11-13 11:46:03.115 V/WindowManager( 2033): Adding window Window{c1ebecc u0 com.ipanel.android_webview.shell/com.ipanel.webapp.BrowserActivity} at 4 of 11 (before Window{18450396 u0 Starting com.ipanel.android_webview.shell})
11-13 11:46:03.137 D/ConnectivityService( 2033): listenForNetwork for NetworkRequest [ id=17, legacyType=-1, [ Capabilities: INTERNET&NOT_RESTRICTED&TRUSTED] ]
11-13 11:46:03.137 D/ConnectivityService( 2033): handleRegisterNetworkRequest checking NetworkAgentInfo [WIFI () - 100]
11-13 11:46:03.137 D/ConnectivityService( 2033): apparently satisfied.  currentScore=60
11-13 11:46:03.236 V/WindowManager( 2033): Adding window Window{18f36d91 u0 SurfaceView} at 4 of 12 (before Window{c1ebecc u0 com.ipanel.android_webview.shell/com.ipanel.webapp.BrowserActivity})
11-13 11:46:03.317 V/WindowManager( 2033): Adding window Window{375f40f7 u0 SurfaceView} at 5 of 13 (before Window{c1ebecc u0 com.ipanel.android_webview.shell/com.ipanel.webapp.BrowserActivity})
11-13 11:46:03.385 W/ViewRootImpl(14438): Cancelling event due to no window focus: KeyEvent { action=ACTION_UP, keyCode=KEYCODE_DPAD_CENTER, scanCode=28, metaState=0, flags=0x80000028, repeatCount=0, eventTime=10863187, downTime=10862978, deviceId=4, source=0x701 }
11-13 11:46:03.385 W/ViewRootImpl(14438): Cancelling event due to no window focus: KeyEvent { action=ACTION_UP, keyCode=KEYCODE_DPAD_CENTER, scanCode=28, metaState=0, flags=0x80000028, repeatCount=0, eventTime=10863187, downTime=10862978, deviceId=4, source=0x701 }
11-13 11:46:03.385 W/ViewRootImpl(14438): Cancelling event due to no window focus: KeyEvent { action=ACTION_UP, keyCode=KEYCODE_DPAD_CENTER, scanCode=28, metaState=0, flags=0x80000028, repeatCount=0, eventTime=10863187, downTime=10862978, deviceId=4, source=0x701 }
11-13 11:46:03.385 W/ViewRootImpl(14438): Cancelling event due to no window focus: KeyEvent { action=ACTION_UP, keyCode=KEYCODE_DPAD_CENTER, scanCode=28, metaState=0, flags=0x80000028, repeatCount=0, eventTime=10863187, downTime=10862978, deviceId=4, source=0x701 }
11-13 11:46:03.385 W/ViewRootImpl(14438): Cancelling event due to no window focus: KeyEvent { action=ACTION_UP, keyCode=KEYCODE_DPAD_CENTER, scanCode=28, metaState=0, flags=0x80000028, repeatCount=0, eventTime=10863187, downTime=10862978, deviceId=4, source=0x701 }
11-13 11:46:03.385 W/ViewRootImpl(14438): Cancelling event due to no window focus: KeyEvent { action=ACTION_UP, keyCode=KEYCODE_DPAD_CENTER, scanCode=28, metaState=0, flags=0x80000028, repeatCount=0, eventTime=10863187, downTime=10862978, deviceId=4, source=0x701 }
11-13 11:46:03.386 W/ViewRootImpl(14438): Cancelling event due to no window focus: KeyEvent { action=ACTION_UP, keyCode=KEYCODE_DPAD_CENTER, scanCode=28, metaState=0, flags=0x80000028, repeatCount=0, eventTime=10863187, downTime=10862978, deviceId=4, source=0x701 }
11-13 11:46:03.386 W/ViewRootImpl(14438): Cancelling event due to no window focus: KeyEvent { action=ACTION_UP, keyCode=KEYCODE_DPAD_CENTER, scanCode=28, metaState=0, flags=0x80000028, repeatCount=0, eventTime=10863187, downTime=10862978, deviceId=4, source=0x701 }
11-13 11:46:03.386 W/ViewRootImpl(14438): Cancelling event due to no window focus: KeyEvent { action=ACTION_UP, keyCode=KEYCODE_DPAD_CENTER, scanCode=28, metaState=0, flags=0x80000028, repeatCount=0, eventTime=10863187, downTime=10862978, deviceId=4, source=0x701 }
11-13 11:46:03.830 W/ViewRootImpl( 2514): Cancelling event due to no window focus: KeyEvent { action=ACTION_UP, keyCode=KEYCODE_DPAD_CENTER, scanCode=28, metaState=0, flags=0x28, repeatCount=0, eventTime=10863035, downTime=10862978, deviceId=4, source=0x701 }
11-13 11:46:03.830 W/ViewRootImpl( 2514): Cancelling event due to no window focus: KeyEvent { action=ACTION_UP, keyCode=KEYCODE_DPAD_CENTER, scanCode=28, metaState=0, flags=0x28, repeatCount=0, eventTime=10863035, downTime=10862978, deviceId=4, source=0x701 }
11-13 11:46:03.830 W/ViewRootImpl( 2514): Cancelling event due to no window focus: KeyEvent { action=ACTION_UP, keyCode=KEYCODE_DPAD_CENTER, scanCode=28, metaState=0, flags=0x28, repeatCount=0, eventTime=10863035, downTime=10862978, deviceId=4, source=0x701 }
11-13 11:46:03.830 W/ViewRootImpl( 2514): Cancelling event due to no window focus: KeyEvent { action=ACTION_UP, keyCode=KEYCODE_DPAD_CENTER, scanCode=28, metaState=0, flags=0x28, repeatCount=0, eventTime=10863035, downTime=10862978, deviceId=4, source=0x701 }
11-13 11:46:03.831 W/ViewRootImpl( 2514): Cancelling event due to no window focus: KeyEvent { action=ACTION_UP, keyCode=KEYCODE_DPAD_CENTER, scanCode=28, metaState=0, flags=0x28, repeatCount=0, eventTime=10863035, downTime=10862978, deviceId=4, source=0x701 }
11-13 11:46:03.831 W/ViewRootImpl( 2514): Cancelling event due to no window focus: KeyEvent { action=ACTION_UP, keyCode=KEYCODE_DPAD_CENTER, scanCode=28, metaState=0, flags=0x28, repeatCount=0, eventTime=10863035, downTime=10862978, deviceId=4, source=0x701 }
11-13 11:46:03.831 W/ViewRootImpl( 2514): Cancelling event due to no window focus: KeyEvent { action=ACTION_UP, keyCode=KEYCODE_DPAD_CENTER, scanCode=28, metaState=0, flags=0x28, repeatCount=0, eventTime=10863035, downTime=10862978, deviceId=4, source=0x701 }
11-13 11:46:03.831 W/ViewRootImpl( 2514): Cancelling event due to no window focus: KeyEvent { action=ACTION_UP, keyCode=KEYCODE_DPAD_CENTER, scanCode=28, metaState=0, flags=0x28, repeatCount=0, eventTime=10863035, downTime=10862978, deviceId=4, source=0x701 }
11-13 11:46:03.831 W/ViewRootImpl( 2514): Cancelling event due to no window focus: KeyEvent { action=ACTION_UP, keyCode=KEYCODE_DPAD_CENTER, scanCode=28, metaState=0, flags=0x28, repeatCount=0, eventTime=10863035, downTime=10862978, deviceId=4, source=0x701 }
11-13 11:46:08.045 I/ActivityManager( 2033): moveTaskToBack: TaskRecord{47a8657 #1127 A=com.ipanel.android_webview.shell U=0 sz=1}
11-13 11:46:08.121 W/ContextImpl( 2514): Calling a method in the system process without a qualified user: android.app.ContextImpl.sendBroadcast:1345 android.content.ContextWrapper.sendBroadcast:377 com.suma.midware.view.ext.BluetoothUpdate.b:-1 com.suma.midware.home.third.Main3DActivity.onResume:-1 android.app.Instrumentation.callActivityOnResume:1257 
11-13 11:46:08.123 I/ActivityManager( 2033): Force stopping com.suma.midware.vod appid=1000 user=0: from pid 2514
11-13 11:46:08.123 W/ContextImpl( 2514): Calling a method in the system process without a qualified user: android.app.ContextImpl.sendBroadcast:1345 android.content.ContextWrapper.sendBroadcast:377 android.app.ActivityThread.performResumeActivity:2982 android.app.ActivityThread.handleResumeActivity:3023 android.app.ActivityThread$H.handleMessage:1347 
11-13 11:46:08.346 D/WifiService( 2033): Client connection lost with reason: 4
11-13 11:46:08.347 I/ActivityManager( 2033): Process com.tv.wuyetong (pid 7911) has died
11-13 11:46:08.347 W/ActivityManager( 2033): Scheduling restart of crashed service com.tv.wuyetong/com.yealink.NotifyService in 1000ms
11-13 11:46:09.163 I/ActivityManager( 2033): START u0 {act= cmp=com.ipanel.android_webview.shell/com.ipanel.webapp.BrowserActivity (has extras)} from uid 1000 on display 0
11-13 11:46:09.171 W/ContextImpl( 2514): Calling a method in the system process without a qualified user: android.app.ContextImpl.sendBroadcast:1345 android.content.ContextWrapper.sendBroadcast:377 android.app.ActivityThread.performPauseActivity:3259 android.app.ActivityThread.performPauseActivity:3225 android.app.ActivityThread.handlePauseActivity:3200 
11-13 11:46:09.275 W/ViewRootImpl(14438): Cancelling event due to no window focus: KeyEvent { action=ACTION_UP, keyCode=KEYCODE_DPAD_CENTER, scanCode=28, metaState=0, flags=0x80000028, repeatCount=0, eventTime=10869490, downTime=10869389, deviceId=4, source=0x701 }
11-13 11:46:09.275 W/ViewRootImpl(14438): Cancelling event due to no window focus: KeyEvent { action=ACTION_UP, keyCode=KEYCODE_DPAD_CENTER, scanCode=28, metaState=0, flags=0x80000028, repeatCount=0, eventTime=10869490, downTime=10869389, deviceId=4, source=0x701 }
11-13 11:46:09.275 W/ViewRootImpl(14438): Cancelling event due to no window focus: KeyEvent { action=ACTION_UP, keyCode=KEYCODE_DPAD_CENTER, scanCode=28, metaState=0, flags=0x80000028, repeatCount=0, eventTime=10869490, downTime=10869389, deviceId=4, source=0x701 }
11-13 11:46:09.275 W/ViewRootImpl(14438): Cancelling event due to no window focus: KeyEvent { action=ACTION_UP, keyCode=KEYCODE_DPAD_CENTER, scanCode=28, metaState=0, flags=0x80000028, repeatCount=0, eventTime=10869490, downTime=10869389, deviceId=4, source=0x701 }
11-13 11:46:09.275 W/ViewRootImpl(14438): Cancelling event due to no window focus: KeyEvent { action=ACTION_UP, keyCode=KEYCODE_DPAD_CENTER, scanCode=28, metaState=0, flags=0x80000028, repeatCount=0, eventTime=10869490, downTime=10869389, deviceId=4, source=0x701 }
11-13 11:46:09.275 W/ViewRootImpl(14438): Cancelling event due to no window focus: KeyEvent { action=ACTION_UP, keyCode=KEYCODE_DPAD_CENTER, scanCode=28, metaState=0, flags=0x80000028, repeatCount=0, eventTime=10869490, downTime=10869389, deviceId=4, source=0x701 }
11-13 11:46:09.380 I/ActivityManager( 2033): Start proc 14529:com.tv.wuyetong/u0a33 for service com.tv.wuyetong/com.yealink.NotifyService
11-13 11:46:10.261 D/WifiService( 2033): New client listening to asynchronous messages
11-13 11:46:30.283 W/ContextImpl( 2404): Calling a method in the system process without a qualified user: android.app.ContextImpl.sendBroadcast:1345 android.content.ContextWrapper.sendBroadcast:377 com.suma.midware.back.esg.e.f:-1 com.suma.midware.back.esg.f.run:-1 com.suma.midware.prop.util.c.run:-1 
11-13 11:46:31.285 W/ContextImpl( 2404): Calling a method in the system process without a qualified user: android.app.ContextImpl.sendBroadcast:1345 android.content.ContextWrapper.sendBroadcast:377 com.suma.midware.back.esg.e.f:-1 com.suma.midware.back.esg.f.run:-1 com.suma.midware.prop.util.c.run:-1 
11-13 11:46:32.287 W/ContextImpl( 2404): Calling a method in the system process without a qualified user: android.app.ContextImpl.sendBroadcast:1345 android.content.ContextWrapper.sendBroadcast:377 com.suma.midware.back.esg.e.f:-1 com.suma.midware.back.esg.f.run:-1 com.suma.midware.prop.util.c.run:-1 
11-13 11:47:35.343 W/ContextImpl( 2404): Calling a method in the system process without a qualified user: android.app.ContextImpl.sendBroadcast:1345 android.content.ContextWrapper.sendBroadcast:377 com.suma.midware.back.esg.e.f:-1 com.suma.midware.back.esg.f.run:-1 com.suma.midware.prop.util.c.run:-1 
11-13 11:47:36.345 W/ContextImpl( 2404): Calling a method in the system process without a qualified user: android.app.ContextImpl.sendBroadcast:1345 android.content.ContextWrapper.sendBroadcast:377 com.suma.midware.back.esg.e.f:-1 com.suma.midware.back.esg.f.run:-1 com.suma.midware.prop.util.c.run:-1 
11-13 11:47:37.348 W/ContextImpl( 2404): Calling a method in the system process without a qualified user: android.app.ContextImpl.sendBroadcast:1345 android.content.ContextWrapper.sendBroadcast:377 com.suma.midware.back.esg.e.f:-1 com.suma.midware.back.esg.f.run:-1 com.suma.midware.prop.util.c.run:-1 
11-13 11:48:40.390 W/ContextImpl( 2404): Calling a method in the system process without a qualified user: android.app.ContextImpl.sendBroadcast:1345 android.content.ContextWrapper.sendBroadcast:377 com.suma.midware.back.esg.e.f:-1 com.suma.midware.back.esg.f.run:-1 com.suma.midware.prop.util.c.run:-1 
11-13 11:48:41.392 W/ContextImpl( 2404): Calling a method in the system process without a qualified user: android.app.ContextImpl.sendBroadcast:1345 android.content.ContextWrapper.sendBroadcast:377 com.suma.midware.back.esg.e.f:-1 com.suma.midware.back.esg.f.run:-1 com.suma.midware.prop.util.c.run:-1 
11-13 11:48:42.395 W/ContextImpl( 2404): Calling a method in the system process without a qualified user: android.app.ContextImpl.sendBroadcast:1345 android.content.ContextWrapper.sendBroadcast:377 com.suma.midware.back.esg.e.f:-1 com.suma.midware.back.esg.f.run:-1 com.suma.midware.prop.util.c.run:-1 
11-13 11:49:45.453 W/ContextImpl( 2404): Calling a method in the system process without a qualified user: android.app.ContextImpl.sendBroadcast:1345 android.content.ContextWrapper.sendBroadcast:377 com.suma.midware.back.esg.e.f:-1 com.suma.midware.back.esg.f.run:-1 com.suma.midware.prop.util.c.run:-1 
11-13 11:49:46.456 W/ContextImpl( 2404): Calling a method in the system process without a qualified user: android.app.ContextImpl.sendBroadcast:1345 android.content.ContextWrapper.sendBroadcast:377 com.suma.midware.back.esg.e.f:-1 com.suma.midware.back.esg.f.run:-1 com.suma.midware.prop.util.c.run:-1 
11-13 11:49:47.459 W/ContextImpl( 2404): Calling a method in the system process without a qualified user: android.app.ContextImpl.sendBroadcast:1345 android.content.ContextWrapper.sendBroadcast:377 com.suma.midware.back.esg.e.f:-1 com.suma.midware.back.esg.f.run:-1 com.suma.midware.prop.util.c.run:-1 
11-13 11:50:50.507 W/ContextImpl( 2404): Calling a method in the system process without a qualified user: android.app.ContextImpl.sendBroadcast:1345 android.content.ContextWrapper.sendBroadcast:377 com.suma.midware.back.esg.e.f:-1 com.suma.midware.back.esg.f.run:-1 com.suma.midware.prop.util.c.run:-1 
11-13 11:50:51.510 W/ContextImpl( 2404): Calling a method in the system process without a qualified user: android.app.ContextImpl.sendBroadcast:1345 android.content.ContextWrapper.sendBroadcast:377 com.suma.midware.back.esg.e.f:-1 com.suma.midware.back.esg.f.run:-1 com.suma.midware.prop.util.c.run:-1 
11-13 11:50:52.513 W/ContextImpl( 2404): Calling a method in the system process without a qualified user: android.app.ContextImpl.sendBroadcast:1345 android.content.ContextWrapper.sendBroadcast:377 com.suma.midware.back.esg.e.f:-1 com.suma.midware.back.esg.f.run:-1 com.suma.midware.prop.util.c.run:-1 
11-13 11:50:54.157 I/ActivityManager( 2033): moveTaskToBack: TaskRecord{47a8657 #1127 A=com.ipanel.android_webview.shell U=0 sz=1}
11-13 11:50:54.239 W/ContextImpl( 2514): Calling a method in the system process without a qualified user: android.app.ContextImpl.sendBroadcast:1345 android.content.ContextWrapper.sendBroadcast:377 com.suma.midware.view.ext.BluetoothUpdate.b:-1 com.suma.midware.home.third.Main3DActivity.onResume:-1 android.app.Instrumentation.callActivityOnResume:1257 
11-13 11:50:54.246 I/ActivityManager( 2033): Force stopping com.suma.midware.vod appid=1000 user=0: from pid 2514
11-13 11:50:54.246 W/ContextImpl( 2514): Calling a method in the system process without a qualified user: android.app.ContextImpl.sendBroadcast:1345 android.content.ContextWrapper.sendBroadcast:377 android.app.ActivityThread.performResumeActivity:2982 android.app.ActivityThread.handleResumeActivity:3023 android.app.ActivityThread$H.handleMessage:1347 
11-13 11:50:55.762 I/ActivityManager( 2033): START u0 {act= cmp=com.ipanel.android_webview.shell/com.ipanel.webapp.BrowserActivity (has extras)} from uid 1000 on display 0
11-13 11:50:55.769 W/ContextImpl( 2514): Calling a method in the system process without a qualified user: android.app.ContextImpl.sendBroadcast:1345 android.content.ContextWrapper.sendBroadcast:377 android.app.ActivityThread.performPauseActivity:3259 android.app.ActivityThread.performPauseActivity:3225 android.app.ActivityThread.handlePauseActivity:3200 
11-13 11:51:27.302 I/ActivityManager( 2033): START u0 {act=android.intent.action.MAIN cat=[android.intent.category.HOME] flg=0x10200000 cmp=com.suma.midware.home/.third.Main3DActivity} from uid 1000 on display 0
11-13 11:51:27.319 I/ActivityManager( 2033): Force stopping com.android.browser appid=10010 user=0: from pid 2404
11-13 11:51:27.354 W/ContextImpl( 2514): Calling a method in the system process without a qualified user: android.app.ContextImpl.sendBroadcast:1345 android.content.ContextWrapper.sendBroadcast:377 com.suma.midware.view.ext.BluetoothUpdate.b:-1 com.suma.midware.home.third.Main3DActivity.onResume:-1 android.app.Instrumentation.callActivityOnResume:1257 
11-13 11:51:27.358 W/ContextImpl( 2514): Calling a method in the system process without a qualified user: android.app.ContextImpl.sendBroadcast:1345 android.content.ContextWrapper.sendBroadcast:377 android.app.ActivityThread.performResumeActivity:2982 android.app.ActivityThread.handleResumeActivity:3023 android.app.ActivityThread$H.handleMessage:1347 
11-13 11:51:27.358 I/ActivityManager( 2033): Force stopping com.suma.midware.vod appid=1000 user=0: from pid 2514
11-13 11:51:32.708 I/WindowState( 2033): WIN DEATH: Window{c1ebecc u0 com.ipanel.android_webview.shell/com.ipanel.webapp.BrowserActivity}
11-13 11:51:32.708 D/ConnectivityService( 2033): ConnectivityService NetworkRequestInfo binderDied(NetworkRequest [ id=17, legacyType=-1, [ Capabilities: INTERNET&NOT_RESTRICTED&TRUSTED] ], android.os.BinderProxy@295bd548)
11-13 11:51:32.708 W/WindowManager( 2033): Force-removing child win Window{375f40f7 u0 SurfaceView} from container Window{c1ebecc u0 com.ipanel.android_webview.shell/com.ipanel.webapp.BrowserActivity}
11-13 11:51:32.708 D/ConnectivityService( 2033): releasing NetworkRequest NetworkRequest [ id=17, legacyType=-1, [ Capabilities: INTERNET&NOT_RESTRICTED&TRUSTED] ]
11-13 11:51:32.711 I/ActivityManager( 2033): Process com.ipanel.android_webview.shell (pid 14438) has died
11-13 11:51:32.716 W/WindowManager( 2033): Force-removing child win Window{18f36d91 u0 SurfaceView} from container Window{c1ebecc u0 com.ipanel.android_webview.shell/com.ipanel.webapp.BrowserActivity}
11-13 11:51:32.716 E/ConnectivityService( 2033): RemoteException caught trying to send a callback msg for NetworkRequest [ id=17, legacyType=-1, [ Capabilities: INTERNET&NOT_RESTRICTED&TRUSTED] ]
11-13 11:51:32.724 W/WindowManager( 2033): Failed looking up window
11-13 11:51:32.724 W/WindowManager( 2033): java.lang.IllegalArgumentException: Requested window android.os.BinderProxy@5defbb8 does not exist
11-13 11:51:32.724 W/WindowManager( 2033): 	at com.android.server.wm.WindowManagerService.windowForClientLocked(WindowManagerService.java:8654)
11-13 11:51:32.724 W/WindowManager( 2033): 	at com.android.server.wm.WindowManagerService.windowForClientLocked(WindowManagerService.java:8645)
11-13 11:51:32.724 W/WindowManager( 2033): 	at com.android.server.wm.WindowState$DeathRecipient.binderDied(WindowState.java:1142)
11-13 11:51:32.724 W/WindowManager( 2033): 	at android.os.BinderProxy.sendDeathNotice(Binder.java:551)
11-13 11:51:32.724 I/WindowState( 2033): WIN DEATH: null
11-13 11:51:32.724 W/WindowManager( 2033): Failed looking up window
11-13 11:51:32.724 W/WindowManager( 2033): java.lang.IllegalArgumentException: Requested window android.os.BinderProxy@1a2e04f6 does not exist
11-13 11:51:32.724 W/WindowManager( 2033): 	at com.android.server.wm.WindowManagerService.windowForClientLocked(WindowManagerService.java:8654)
11-13 11:51:32.724 W/WindowManager( 2033): 	at com.android.server.wm.WindowManagerService.windowForClientLocked(WindowManagerService.java:8645)
11-13 11:51:32.724 W/WindowManager( 2033): 	at com.android.server.wm.WindowState$DeathRecipient.binderDied(WindowState.java:1142)
11-13 11:51:32.724 W/WindowManager( 2033): 	at android.os.BinderProxy.sendDeathNotice(Binder.java:551)
11-13 11:51:32.724 I/WindowState( 2033): WIN DEATH: null
11-13 11:51:32.980 I/ActivityManager( 2033): START u0 {act= cmp=com.ipanel.android_webview.shell/com.ipanel.webapp.BrowserActivity (has extras)} from uid 1000 on display 0
11-13 11:51:32.988 W/ContextImpl( 2514): Calling a method in the system process without a qualified user: android.app.ContextImpl.sendBroadcast:1345 android.content.ContextWrapper.sendBroadcast:377 android.app.ActivityThread.performPauseActivity:3259 android.app.ActivityThread.performPauseActivity:3225 android.app.ActivityThread.handlePauseActivity:3200 
11-13 11:51:32.993 V/WindowManager( 2033): Based on layer: Adding window Window{39bad3c7 u0 Starting com.ipanel.android_webview.shell} at 4 of 10
11-13 11:51:33.024 I/ActivityManager( 2033): Start proc 14923:com.ipanel.android_webview.shell/u0a35 for activity com.ipanel.android_webview.shell/com.ipanel.webapp.BrowserActivity
11-13 11:51:33.363 I/ActivityManager( 2033): Low on memory:
11-13 11:51:33.363 I/ActivityManager( 2033):   ntv   N    17366 kB: mediaserver (pid 1568) native
11-13 11:51:33.363 I/ActivityManager( 2033):   ntv   N     5081 kB: ngb_server (pid 1581) native
11-13 11:51:33.363 I/ActivityManager( 2033):   ntv   N     3194 kB: zygote (pid 1583) native
11-13 11:51:33.363 I/ActivityManager( 2033):   ntv   N     2387 kB: surfaceflinger (pid 1564) native
11-13 11:51:33.363 I/ActivityManager( 2033):   ntv   N     2274 kB: logd (pid 1559) native
11-13 11:51:33.363 I/ActivityManager( 2033):   ntv   N     2214 kB: netmanager (pid 1572) native
11-13 11:51:33.363 I/ActivityManager( 2033):   ntv   N     1506 kB: drmserver (pid 1567) native
11-13 11:51:33.363 I/ActivityManager( 2033):   ntv   N     1304 kB: hiaoservice (pid 1574) native
11-13 11:51:33.363 I/ActivityManager( 2033):   ntv   N     1220 kB: hisysmanager (pid 1575) native
11-13 11:51:33.363 I/ActivityManager( 2033):   ntv   N     1044 kB: wpa_supplicant (pid 2433) native
11-13 11:51:33.363 I/ActivityManager( 2033):   ntv   N     1024 kB: vold (pid 1563) native
11-13 11:51:33.363 I/ActivityManager( 2033):   ntv   N      861 kB: android_ir_user (pid 1585) native
11-13 11:51:33.363 I/ActivityManager( 2033):   ntv   N      834 kB: netd (pid 1565) native
11-13 11:51:33.363 I/ActivityManager( 2033):   ntv   N      740 kB: nginx: worker process (pid 1721) native
11-13 11:51:33.363 I/ActivityManager( 2033):   ntv   N      710 kB: displaysetting (pid 1577) native
11-13 11:51:33.363 I/ActivityManager( 2033):   ntv   N      644 kB: netshared (pid 1576) native
11-13 11:51:33.363 I/ActivityManager( 2033):   ntv   N      639 kB: keystore (pid 1570) native
11-13 11:51:33.363 I/ActivityManager( 2033):   ntv   N      637 kB: nginx.conf (pid 1582) native
11-13 11:51:33.363 I/ActivityManager( 2033):   ntv   N      614 kB: pqsetting (pid 1578) native
11-13 11:51:33.363 I/ActivityManager( 2033):   ntv   N      548 kB: adbd (pid 1586) native
11-13 11:51:33.363 I/ActivityManager( 2033):   ntv   N     4978 kB: (Other native)
11-13 11:51:33.363 I/ActivityManager( 2033):   sys   P    43085 kB: system (pid 2033) fixed
11-13 11:51:33.363 I/ActivityManager( 2033):   pers  P    27780 kB: com.android.systemui (pid 2181) fixed
11-13 11:51:33.363 I/ActivityManager( 2033):   pers  P    22147 kB: com.suma.midware.back (pid 2404) fixed
11-13 11:51:33.363 I/ActivityManager( 2033):   pers  P    11091 kB: com.suma.midware.dms (pid 2448) fixed
11-13 11:51:33.363 I/ActivityManager( 2033):   pers  P     6731 kB: com.suma.midware.global (pid 2471) fixed
11-13 11:51:33.363 I/ActivityManager( 2033):   pers  P     6521 kB: com.android.phone (pid 2496) fixed
11-13 11:51:33.363 I/ActivityManager( 2033):   pers  P     4115 kB: com.hisilicon.android.hiRMService (pid 2424) fixed
11-13 11:51:33.363 I/ActivityManager( 2033):   fore  T    22833 kB: com.suma.midware.home (pid 2514) top-activity
11-13 11:51:33.363 I/ActivityManager( 2033):   prcp  IF   19461 kB: com.yzx.im_demo (pid 12439) fg-service
11-13 11:51:33.363 I/ActivityManager( 2033):   prcp  IB   10839 kB: com.amlogic.inputmethod.remote (pid 2386) service
11-13 11:51:33.363 I/ActivityManager( 2033):                        com.amlogic.inputmethod.remote/.RemoteIME<=Proc{2033:system/1000}
11-13 11:51:33.363 I/ActivityManager( 2033):   svc   S     7624 kB: com.suma.midware.setting (pid 9912) started-services
11-13 11:51:33.363 I/ActivityManager( 2033):   svcb  S    66433 kB: com.tv.wuyetong (pid 14529) started-services
11-13 11:51:33.363 I/ActivityManager( 2033):   cch   S    23607 kB: com.huan.appstore (pid 10090) cch-started-ui-services
11-13 11:51:33.363 I/ActivityManager( 2033):   cch+2 S    22445 kB: com.starcor.mango (pid 10225) cch-started-services
11-13 11:51:33.363 I/ActivityManager( 2033):   cch+4 S     7617 kB: com.sumavision.admindm (pid 9952) cch-started-services
11-13 11:51:33.363 I/ActivityManager( 2033):             352148 kB: TOTAL
11-13 11:51:33.363 I/ActivityManager( 2033):   MemInfo: 27020 kB slab, 1984 kB shmem, 0 kB vm alloc, 9416 kB page tables 6008 kB kernel stack
11-13 11:51:33.363 I/ActivityManager( 2033):            11912 kB buffers, 186868 kB cached, 138656 kB mapped, 217252 kB free
11-13 11:51:33.363 I/ActivityManager( 2033):   Free RAM: 331045 kB
11-13 11:51:33.363 I/ActivityManager( 2033):   Used RAM: 342907 kB
11-13 11:51:33.363 I/ActivityManager( 2033):   Lost RAM: 232744 kB
11-13 11:51:33.517 V/WindowManager( 2033): Adding window Window{2ca9b3cb u0 com.ipanel.android_webview.shell/com.ipanel.webapp.BrowserActivity} at 4 of 11 (before Window{39bad3c7 u0 Starting com.ipanel.android_webview.shell})
11-13 11:51:33.538 D/ConnectivityService( 2033): listenForNetwork for NetworkRequest [ id=18, legacyType=-1, [ Capabilities: INTERNET&NOT_RESTRICTED&TRUSTED] ]
11-13 11:51:33.539 D/ConnectivityService( 2033): handleRegisterNetworkRequest checking NetworkAgentInfo [WIFI () - 100]
11-13 11:51:33.539 D/ConnectivityService( 2033): apparently satisfied.  currentScore=60
11-13 11:51:33.600 V/WindowManager( 2033): Adding window Window{18568654 u0 SurfaceView} at 4 of 12 (before Window{2ca9b3cb u0 com.ipanel.android_webview.shell/com.ipanel.webapp.BrowserActivity})
11-13 11:51:33.668 V/WindowManager( 2033): Adding window Window{54fb6f2 u0 SurfaceView} at 5 of 13 (before Window{2ca9b3cb u0 com.ipanel.android_webview.shell/com.ipanel.webapp.BrowserActivity})
11-13 11:51:33.772 W/ViewRootImpl(14923): Cancelling event due to no window focus: KeyEvent { action=ACTION_UP, keyCode=KEYCODE_DPAD_CENTER, scanCode=28, metaState=0, flags=0x80000028, repeatCount=0, eventTime=11193418, downTime=11193209, deviceId=4, source=0x701 }
11-13 11:51:33.772 W/ViewRootImpl(14923): Cancelling event due to no window focus: KeyEvent { action=ACTION_UP, keyCode=KEYCODE_DPAD_CENTER, scanCode=28, metaState=0, flags=0x80000028, repeatCount=0, eventTime=11193418, downTime=11193209, deviceId=4, source=0x701 }
11-13 11:51:33.772 W/ViewRootImpl(14923): Cancelling event due to no window focus: KeyEvent { action=ACTION_UP, keyCode=KEYCODE_DPAD_CENTER, scanCode=28, metaState=0, flags=0x80000028, repeatCount=0, eventTime=11193418, downTime=11193209, deviceId=4, source=0x701 }
11-13 11:51:33.772 W/ViewRootImpl(14923): Cancelling event due to no window focus: KeyEvent { action=ACTION_UP, keyCode=KEYCODE_DPAD_CENTER, scanCode=28, metaState=0, flags=0x80000028, repeatCount=0, eventTime=11193418, downTime=11193209, deviceId=4, source=0x701 }
11-13 11:51:33.772 W/ViewRootImpl(14923): Cancelling event due to no window focus: KeyEvent { action=ACTION_UP, keyCode=KEYCODE_DPAD_CENTER, scanCode=28, metaState=0, flags=0x80000028, repeatCount=0, eventTime=11193418, downTime=11193209, deviceId=4, source=0x701 }
11-13 11:51:33.772 W/ViewRootImpl(14923): Cancelling event due to no window focus: KeyEvent { action=ACTION_UP, keyCode=KEYCODE_DPAD_CENTER, scanCode=28, metaState=0, flags=0x80000028, repeatCount=0, eventTime=11193418, downTime=11193209, deviceId=4, source=0x701 }
11-13 11:51:33.774 W/ViewRootImpl(14923): Cancelling event due to no window focus: KeyEvent { action=ACTION_UP, keyCode=KEYCODE_DPAD_CENTER, scanCode=28, metaState=0, flags=0x80000028, repeatCount=0, eventTime=11193418, downTime=11193209, deviceId=4, source=0x701 }
11-13 11:51:33.774 W/ViewRootImpl(14923): Cancelling event due to no window focus: KeyEvent { action=ACTION_UP, keyCode=KEYCODE_DPAD_CENTER, scanCode=28, metaState=0, flags=0x80000028, repeatCount=0, eventTime=11193418, downTime=11193209, deviceId=4, source=0x701 }
11-13 11:51:33.774 W/ViewRootImpl(14923): Cancelling event due to no window focus: KeyEvent { action=ACTION_UP, keyCode=KEYCODE_DPAD_CENTER, scanCode=28, metaState=0, flags=0x80000028, repeatCount=0, eventTime=11193418, downTime=11193209, deviceId=4, source=0x701 }
11-13 11:51:34.089 W/ViewRootImpl( 2514): Cancelling event due to no window focus: KeyEvent { action=ACTION_UP, keyCode=KEYCODE_DPAD_CENTER, scanCode=28, metaState=0, flags=0x28, repeatCount=0, eventTime=11193284, downTime=11193209, deviceId=4, source=0x701 }
11-13 11:51:34.089 W/ViewRootImpl( 2514): Cancelling event due to no window focus: KeyEvent { action=ACTION_UP, keyCode=KEYCODE_DPAD_CENTER, scanCode=28, metaState=0, flags=0x28, repeatCount=0, eventTime=11193284, downTime=11193209, deviceId=4, source=0x701 }
11-13 11:51:34.089 W/ViewRootImpl( 2514): Cancelling event due to no window focus: KeyEvent { action=ACTION_UP, keyCode=KEYCODE_DPAD_CENTER, scanCode=28, metaState=0, flags=0x28, repeatCount=0, eventTime=11193284, downTime=11193209, deviceId=4, source=0x701 }
11-13 11:51:34.096 W/ViewRootImpl( 2514): Cancelling event due to no window focus: KeyEvent { action=ACTION_UP, keyCode=KEYCODE_DPAD_CENTER, scanCode=28, metaState=0, flags=0x28, repeatCount=0, eventTime=11193284, downTime=11193209, deviceId=4, source=0x701 }
11-13 11:51:34.096 W/ViewRootImpl( 2514): Cancelling event due to no window focus: KeyEvent { action=ACTION_UP, keyCode=KEYCODE_DPAD_CENTER, scanCode=28, metaState=0, flags=0x28, repeatCount=0, eventTime=11193284, downTime=11193209, deviceId=4, source=0x701 }
11-13 11:51:34.096 W/ViewRootImpl( 2514): Cancelling event due to no window focus: KeyEvent { action=ACTION_UP, keyCode=KEYCODE_DPAD_CENTER, scanCode=28, metaState=0, flags=0x28, repeatCount=0, eventTime=11193284, downTime=11193209, deviceId=4, source=0x701 }
11-13 11:51:34.096 W/ViewRootImpl( 2514): Cancelling event due to no window focus: KeyEvent { action=ACTION_UP, keyCode=KEYCODE_DPAD_CENTER, scanCode=28, metaState=0, flags=0x28, repeatCount=0, eventTime=11193284, downTime=11193209, deviceId=4, source=0x701 }
11-13 11:51:34.096 W/ViewRootImpl( 2514): Cancelling event due to no window focus: KeyEvent { action=ACTION_UP, keyCode=KEYCODE_DPAD_CENTER, scanCode=28, metaState=0, flags=0x28, repeatCount=0, eventTime=11193284, downTime=11193209, deviceId=4, source=0x701 }
11-13 11:51:34.096 W/ViewRootImpl( 2514): Cancelling event due to no window focus: KeyEvent { action=ACTION_UP, keyCode=KEYCODE_DPAD_CENTER, scanCode=28, metaState=0, flags=0x28, repeatCount=0, eventTime=11193284, downTime=11193209, deviceId=4, source=0x701 }
11-13 11:51:55.548 W/ContextImpl( 2404): Calling a method in the system process without a qualified user: android.app.ContextImpl.sendBroadcast:1345 android.content.ContextWrapper.sendBroadcast:377 com.suma.midware.back.esg.e.f:-1 com.suma.midware.back.esg.f.run:-1 com.suma.midware.prop.util.c.run:-1 
11-13 11:51:56.550 W/ContextImpl( 2404): Calling a method in the system process without a qualified user: android.app.ContextImpl.sendBroadcast:1345 android.content.ContextWrapper.sendBroadcast:377 com.suma.midware.back.esg.e.f:-1 com.suma.midware.back.esg.f.run:-1 com.suma.midware.prop.util.c.run:-1 
11-13 11:51:57.552 W/ContextImpl( 2404): Calling a method in the system process without a qualified user: android.app.ContextImpl.sendBroadcast:1345 android.content.ContextWrapper.sendBroadcast:377 com.suma.midware.back.esg.e.f:-1 com.suma.midware.back.esg.f.run:-1 com.suma.midware.prop.util.c.run:-1 
11-13 11:53:00.601 W/ContextImpl( 2404): Calling a method in the system process without a qualified user: android.app.ContextImpl.sendBroadcast:1345 android.content.ContextWrapper.sendBroadcast:377 com.suma.midware.back.esg.e.f:-1 com.suma.midware.back.esg.f.run:-1 com.suma.midware.prop.util.c.run:-1 
11-13 11:53:01.604 W/ContextImpl( 2404): Calling a method in the system process without a qualified user: android.app.ContextImpl.sendBroadcast:1345 android.content.ContextWrapper.sendBroadcast:377 com.suma.midware.back.esg.e.f:-1 com.suma.midware.back.esg.f.run:-1 com.suma.midware.prop.util.c.run:-1 
11-13 11:53:02.605 W/ContextImpl( 2404): Calling a method in the system process without a qualified user: android.app.ContextImpl.sendBroadcast:1345 android.content.ContextWrapper.sendBroadcast:377 com.suma.midware.back.esg.e.f:-1 com.suma.midware.back.esg.f.run:-1 com.suma.midware.prop.util.c.run:-1 
11-13 11:53:20.967 I/ActivityManager( 2033): START u0 {act=android.intent.action.MAIN cat=[android.intent.category.HOME] flg=0x10200000 cmp=com.suma.midware.home/.third.Main3DActivity} from uid 1000 on display 0
11-13 11:53:20.984 I/ActivityManager( 2033): Force stopping com.android.browser appid=10010 user=0: from pid 2404
11-13 11:53:21.012 W/ContextImpl( 2514): Calling a method in the system process without a qualified user: android.app.ContextImpl.sendBroadcast:1345 android.content.ContextWrapper.sendBroadcast:377 com.suma.midware.view.ext.BluetoothUpdate.b:-1 com.suma.midware.home.third.Main3DActivity.onResume:-1 android.app.Instrumentation.callActivityOnResume:1257 
11-13 11:53:21.014 W/ContextImpl( 2514): Calling a method in the system process without a qualified user: android.app.ContextImpl.sendBroadcast:1345 android.content.ContextWrapper.sendBroadcast:377 android.app.ActivityThread.performResumeActivity:2982 android.app.ActivityThread.handleResumeActivity:3023 android.app.ActivityThread$H.handleMessage:1347 
11-13 11:53:21.014 I/ActivityManager( 2033): Force stopping com.suma.midware.vod appid=1000 user=0: from pid 2514
11-13 11:53:26.439 I/ActivityManager( 2033): START u0 {act= cmp=com.ipanel.android_webview.shell/com.ipanel.webapp.BrowserActivity (has extras)} from uid 1000 on display 0
11-13 11:53:26.446 W/ContextImpl( 2514): Calling a method in the system process without a qualified user: android.app.ContextImpl.sendBroadcast:1345 android.content.ContextWrapper.sendBroadcast:377 android.app.ActivityThread.performPauseActivity:3259 android.app.ActivityThread.performPauseActivity:3225 android.app.ActivityThread.handlePauseActivity:3200 
11-13 11:53:34.247 I/ActivityManager( 2033): moveTaskToBack: TaskRecord{47a8657 #1127 A=com.ipanel.android_webview.shell U=0 sz=1}
