11-06 15:11:04.435 E/ConnectivityService( 2021): RemoteException caught trying to send a callback msg for NetworkRequest [ id=12, legacyType=-1, [ Capabilities: INTERNET&NOT_RESTRICTED&TRUSTED] ]
11-06 15:11:04.437 W/WindowManager( 2021): Force-removing child win Window{b4cfdf u0 SurfaceView} from container Window{2d876132 u0 com.ipanel.android_webview.shell/com.ipanel.webapp.BrowserActivity}
11-06 15:11:04.439 W/ActivityManager( 2021): Force removing ActivityRecord{ec8f45d u0 com.ipanel.android_webview.shell/com.ipanel.webapp.BrowserActivity t472}: app died, no saved state
11-06 15:11:04.441 W/WindowManager( 2021): Failed looking up window
11-06 15:11:04.441 W/WindowManager( 2021): java.lang.IllegalArgumentException: Requested window android.os.BinderProxy@8c65e7e does not exist
11-06 15:11:04.441 W/WindowManager( 2021): 	at com.android.server.wm.WindowManagerService.windowForClientLocked(WindowManagerService.java:8654)
11-06 15:11:04.441 W/WindowManager( 2021): 	at com.android.server.wm.WindowManagerService.windowForClientLocked(WindowManagerService.java:8645)
11-06 15:11:04.441 W/WindowManager( 2021): 	at com.android.server.wm.WindowState$DeathRecipient.binderDied(WindowState.java:1142)
11-06 15:11:04.441 W/WindowManager( 2021): 	at android.os.BinderProxy.sendDeathNotice(Binder.java:551)
11-06 15:11:04.441 I/WindowState( 2021): WIN DEATH: null
11-06 15:11:04.442 W/WindowManager( 2021): Failed looking up window
11-06 15:11:04.442 W/WindowManager( 2021): java.lang.IllegalArgumentException: Requested window android.os.BinderProxy@9cca42c does not exist
11-06 15:11:04.442 W/WindowManager( 2021): 	at com.android.server.wm.WindowManagerService.windowForClientLocked(WindowManagerService.java:8654)
11-06 15:11:04.442 W/WindowManager( 2021): 	at com.android.server.wm.WindowManagerService.windowForClientLocked(WindowManagerService.java:8645)
11-06 15:11:04.442 W/WindowManager( 2021): 	at com.android.server.wm.WindowState$DeathRecipient.binderDied(WindowState.java:1142)
11-06 15:11:04.442 W/WindowManager( 2021): 	at android.os.BinderProxy.sendDeathNotice(Binder.java:551)
11-06 15:11:04.442 I/WindowState( 2021): WIN DEATH: null
11-06 15:11:04.449 W/ActivityManager( 2021): Spurious death for ProcessRecord{396101a9 6228:com.ipanel.android_webview.shell/u0a24}, curProc for 6228: null
11-06 15:11:04.450 I/ActivityManager( 2021): Force stopping com.amlogic.inputmethod.remote appid=10019 user=0: from pid 2355
11-06 15:11:04.450 I/ActivityManager( 2021): Killing 6209:com.amlogic.inputmethod.remote/u0a19 (adj 2): stop com.amlogic.inputmethod.remote
11-06 15:11:04.458 W/ActivityManager( 2021): Scheduling restart of crashed service com.amlogic.inputmethod.remote/.RemoteIME in 1000ms
11-06 15:11:04.458 I/ActivityManager( 2021):   Force stopping service ServiceRecord{37fdd92b u0 com.amlogic.inputmethod.remote/.RemoteIME}
11-06 15:11:04.462 W/InputMethodManagerService( 2021): Session failed to close due to remote exception
11-06 15:11:04.462 W/InputMethodManagerService( 2021): android.os.DeadObjectException
11-06 15:11:04.462 W/InputMethodManagerService( 2021): 	at android.os.BinderProxy.transactNative(Native Method)
11-06 15:11:04.462 W/InputMethodManagerService( 2021): 	at android.os.BinderProxy.transact(Binder.java:496)
11-06 15:11:04.462 W/InputMethodManagerService( 2021): 	at com.android.internal.view.IInputMethodSession$Stub$Proxy.finishSession(IInputMethodSession.java:305)
11-06 15:11:04.462 W/InputMethodManagerService( 2021): 	at com.android.server.InputMethodManagerService.finishSessionLocked(InputMethodManagerService.java:1420)
11-06 15:11:04.462 W/InputMethodManagerService( 2021): 	at com.android.server.InputMethodManagerService.clearClientSessionLocked(InputMethodManagerService.java:1411)
11-06 15:11:04.462 W/InputMethodManagerService( 2021): 	at com.android.server.InputMethodManagerService.clearCurMethodLocked(InputMethodManagerService.java:1437)
11-06 15:11:04.462 W/InputMethodManagerService( 2021): 	at com.android.server.InputMethodManagerService.onServiceDisconnected(InputMethodManagerService.java:1456)
11-06 15:11:04.462 W/InputMethodManagerService( 2021): 	at android.app.LoadedApk$ServiceDispatcher.doDeath(LoadedApk.java:1215)
11-06 15:11:04.462 W/InputMethodManagerService( 2021): 	at android.app.LoadedApk$ServiceDispatcher$RunConnection.run(LoadedApk.java:1229)
11-06 15:11:04.462 W/InputMethodManagerService( 2021): 	at android.os.Handler.handleCallback(Handler.java:739)
11-06 15:11:04.462 W/InputMethodManagerService( 2021): 	at android.os.Handler.dispatchMessage(Handler.java:95)
11-06 15:11:04.462 W/InputMethodManagerService( 2021): 	at android.os.Looper.loop(Looper.java:135)
11-06 15:11:04.462 W/InputMethodManagerService( 2021): 	at com.android.server.SystemServer.run(SystemServer.java:383)
11-06 15:11:04.462 W/InputMethodManagerService( 2021): 	at com.android.server.SystemServer.main(SystemServer.java:178)
11-06 15:11:04.462 W/InputMethodManagerService( 2021): 	at java.lang.reflect.Method.invoke(Native Method)
11-06 15:11:04.462 W/InputMethodManagerService( 2021): 	at java.lang.reflect.Method.invoke(Method.java:372)
11-06 15:11:04.462 W/InputMethodManagerService( 2021): 	at com.android.internal.os.ZygoteInit$MethodAndArgsCaller.run(ZygoteInit.java:903)
11-06 15:11:04.462 W/InputMethodManagerService( 2021): 	at com.android.internal.os.ZygoteInit.main(ZygoteInit.java:698)
11-06 15:11:04.463 W/ActivityManager( 2021): Spurious death for ProcessRecord{2d40721 6209:com.amlogic.inputmethod.remote/u0a19}, curProc for 6209: null
11-06 15:11:04.467 W/ActivityManager( 2021): Invalid packageName: android.process.media
11-06 15:11:04.468 W/InputMethodManagerService( 2021): Session failed to close due to remote exception
11-06 15:11:04.468 W/InputMethodManagerService( 2021): android.os.DeadObjectException
11-06 15:11:04.468 W/InputMethodManagerService( 2021): 	at android.os.BinderProxy.transactNative(Native Method)
11-06 15:11:04.468 W/InputMethodManagerService( 2021): 	at android.os.BinderProxy.transact(Binder.java:496)
11-06 15:11:04.468 W/InputMethodManagerService( 2021): 	at com.android.internal.view.IInputMethodSession$Stub$Proxy.finishSession(IInputMethodSession.java:305)
11-06 15:11:04.468 W/InputMethodManagerService( 2021): 	at com.android.server.InputMethodManagerService.finishSessionLocked(InputMethodManagerService.java:1420)
11-06 15:11:04.468 W/InputMethodManagerService( 2021): 	at com.android.server.InputMethodManagerService.clearClientSessionLocked(InputMethodManagerService.java:1411)
11-06 15:11:04.468 W/InputMethodManagerService( 2021): 	at com.android.server.InputMethodManagerService.clearCurMethodLocked(InputMethodManagerService.java:1437)
11-06 15:11:04.468 W/InputMethodManagerService( 2021): 	at com.android.server.InputMethodManagerService.onServiceDisconnected(InputMethodManagerService.java:1456)
11-06 15:11:04.468 W/InputMethodManagerService( 2021): 	at android.app.LoadedApk$ServiceDispatcher.doDeath(LoadedApk.java:1215)
11-06 15:11:04.468 W/InputMethodManagerService( 2021): 	at android.app.LoadedApk$ServiceDispatcher$RunConnection.run(LoadedApk.java:1229)
11-06 15:11:04.468 W/InputMethodManagerService( 2021): 	at android.os.Handler.handleCallback(Handler.java:739)
11-06 15:11:04.468 W/InputMethodManagerService( 2021): 	at android.os.Handler.dispatchMessage(Handler.java:95)
11-06 15:11:04.468 W/InputMethodManagerService( 2021): 	at android.os.Looper.loop(Looper.java:135)
11-06 15:11:04.468 W/InputMethodManagerService( 2021): 	at com.android.server.SystemServer.run(SystemServer.java:383)
11-06 15:11:04.468 W/InputMethodManagerService( 2021): 	at com.android.server.SystemServer.main(SystemServer.java:178)
11-06 15:11:04.468 W/InputMethodManagerService( 2021): 	at java.lang.reflect.Method.invoke(Native Method)
11-06 15:11:04.468 W/InputMethodManagerService( 2021): 	at java.lang.reflect.Method.invoke(Method.java:372)
11-06 15:11:04.468 W/InputMethodManagerService( 2021): 	at com.android.internal.os.ZygoteInit$MethodAndArgsCaller.run(ZygoteInit.java:903)
11-06 15:11:04.468 W/InputMethodManagerService( 2021): 	at com.android.internal.os.ZygoteInit.main(ZygoteInit.java:698)
11-06 15:11:04.468 I/ActivityManager( 2021): Force stopping com.android.phone appid=1001 user=0: from pid 2355
11-06 15:11:04.472 I/ActivityManager( 2021): Force stopping com.suma.midware.dms appid=1000 user=0: from pid 2355
11-06 15:11:04.474 I/ActivityManager( 2021): Force stopping com.hisilicon.android.hiRMService appid=1000 user=0: from pid 2355
11-06 15:11:04.483 I/ActivityManager( 2021): Config changes=20 {1.0 ?mcc?mnc zh_CN ?layoutDir sw720dp w1280dp h720dp 160dpi xlrg long land television -touch -keyb/h/h dpad/v s.21}
11-06 15:11:04.489 W/ContextImpl( 2491): Calling a method in the system process without a qualified user: android.app.ContextImpl.sendBroadcast:1345 android.content.ContextWrapper.sendBroadcast:377 com.suma.midware.view.ext.BluetoothUpdate.b:-1 com.suma.midware.home.third.Main3DActivity.onResume:-1 android.app.Instrumentation.callActivityOnResume:1257 
11-06 15:11:04.495 W/ContextImpl( 2491): Calling a method in the system process without a qualified user: android.app.ContextImpl.sendBroadcast:1345 android.content.ContextWrapper.sendBroadcast:377 android.app.ActivityThread.performResumeActivity:2982 android.app.ActivityThread.handleResumeActivity:3023 android.app.ActivityThread$H.handleMessage:1347 
11-06 15:11:04.501 I/ActivityManager( 2021): Config changes=20 {1.0 ?mcc?mnc zh_CN ?layoutDir sw720dp w1280dp h720dp 160dpi xlrg long land television -touch -keyb/v/h dpad/v s.22}
11-06 15:11:04.528 E/ActivityThread( 2164): Failed to find provider info for com.android.contacts
11-06 15:11:04.565 E/ActivityThread( 2164): Failed to find provider info for com.android.contacts
11-06 15:11:11.206 I/ActivityManager( 2021): Start proc 6431:com.amlogic.inputmethod.remote/u0a19 for service com.amlogic.inputmethod.remote/.RemoteIME
11-06 15:11:11.206 V/InputMethodManagerService( 2021): Adding window token: android.os.Binder@5f76092
11-06 15:11:11.869 W/ContextImpl( 2355): Calling a method in the system process without a qualified user: android.app.ContextImpl.sendBroadcast:1345 android.content.ContextWrapper.sendBroadcast:377 com.suma.midware.back.esg.e.f:-1 com.suma.midware.back.esg.f.run:-1 com.suma.midware.prop.util.c.run:-1 
11-06 15:11:12.872 W/ContextImpl( 2355): Calling a method in the system process without a qualified user: android.app.ContextImpl.sendBroadcast:1345 android.content.ContextWrapper.sendBroadcast:377 com.suma.midware.back.esg.e.f:-1 com.suma.midware.back.esg.f.run:-1 com.suma.midware.prop.util.c.run:-1 
11-06 15:11:13.205 I/ActivityManager( 2021): START u0 {act= cmp=com.ipanel.android_webview.shell/com.ipanel.webapp.BrowserActivity (has extras)} from uid 1000 on display 0
11-06 15:11:13.209 V/WindowManager( 2021): addAppToken: AppWindowToken{182722db token=Token{3b2a6fea ActivityRecord{350b9bd5 u0 com.ipanel.android_webview.shell/com.ipanel.webapp.BrowserActivity t473}}} to stack=1 task=473 at 0
11-06 15:11:13.213 V/WindowManager( 2021): Adding window Window{5867d24 u0 Starting com.ipanel.android_webview.shell} at 7 of 12 (after Window{1dc41484 u0 com.suma.midware.setting/com.suma.midware.setting.net.NetMainActivity})
11-06 15:11:13.217 W/ContextImpl( 2491): Calling a method in the system process without a qualified user: android.app.ContextImpl.sendBroadcast:1345 android.content.ContextWrapper.sendBroadcast:377 android.app.ActivityThread.performPauseActivity:3259 android.app.ActivityThread.performPauseActivity:3225 android.app.ActivityThread.handlePauseActivity:3200 
11-06 15:11:13.242 I/ActivityManager( 2021): Start proc 6451:com.ipanel.android_webview.shell/u0a24 for activity com.ipanel.android_webview.shell/com.ipanel.webapp.BrowserActivity
11-06 15:11:13.245 W/ViewRootImpl( 2491): Cancelling event due to no window focus: KeyEvent { action=ACTION_UP, keyCode=KEYCODE_DPAD_CENTER, scanCode=28, metaState=0, flags=0x28, repeatCount=0, eventTime=3475972, downTime=3475955, deviceId=3, source=0x701 }
11-06 15:11:13.245 W/ViewRootImpl( 2491): Cancelling event due to no window focus: KeyEvent { action=ACTION_UP, keyCode=KEYCODE_DPAD_CENTER, scanCode=28, metaState=0, flags=0x28, repeatCount=0, eventTime=3475972, downTime=3475955, deviceId=3, source=0x701 }
11-06 15:11:13.245 W/ViewRootImpl( 2491): Cancelling event due to no window focus: KeyEvent { action=ACTION_UP, keyCode=KEYCODE_DPAD_CENTER, scanCode=28, metaState=0, flags=0x28, repeatCount=0, eventTime=3475972, downTime=3475955, deviceId=3, source=0x701 }
11-06 15:11:13.245 W/ViewRootImpl( 2491): Cancelling event due to no window focus: KeyEvent { action=ACTION_UP, keyCode=KEYCODE_DPAD_CENTER, scanCode=28, metaState=0, flags=0x28, repeatCount=0, eventTime=3475972, downTime=3475955, deviceId=3, source=0x701 }
11-06 15:11:13.245 W/ViewRootImpl( 2491): Cancelling event due to no window focus: KeyEvent { action=ACTION_UP, keyCode=KEYCODE_DPAD_CENTER, scanCode=28, metaState=0, flags=0x28, repeatCount=0, eventTime=3475972, downTime=3475955, deviceId=3, source=0x701 }
11-06 15:11:13.246 W/ViewRootImpl( 2491): Cancelling event due to no window focus: KeyEvent { action=ACTION_UP, keyCode=KEYCODE_DPAD_CENTER, scanCode=28, metaState=0, flags=0x28, repeatCount=0, eventTime=3475972, downTime=3475955, deviceId=3, source=0x701 }
11-06 15:11:13.626 V/WindowManager( 2021): Adding window Window{2f582b4a u0 com.ipanel.android_webview.shell/com.ipanel.webapp.BrowserActivity} at 7 of 13 (before Window{5867d24 u0 Starting com.ipanel.android_webview.shell})
11-06 15:11:13.648 D/ConnectivityService( 2021): listenForNetwork for NetworkRequest [ id=13, legacyType=-1, [ Capabilities: INTERNET&NOT_RESTRICTED&TRUSTED] ]
11-06 15:11:13.648 D/ConnectivityService( 2021): handleRegisterNetworkRequest checking NetworkAgentInfo [WIFI () - 100]
11-06 15:11:13.648 D/ConnectivityService( 2021): apparently satisfied.  currentScore=60
11-06 15:11:13.791 V/WindowManager( 2021): Adding window Window{963b797 u0 SurfaceView} at 7 of 14 (before Window{2f582b4a u0 com.ipanel.android_webview.shell/com.ipanel.webapp.BrowserActivity})
11-06 15:11:13.862 V/WindowManager( 2021): Adding window Window{5c1396d u0 SurfaceView} at 8 of 15 (before Window{2f582b4a u0 com.ipanel.android_webview.shell/com.ipanel.webapp.BrowserActivity})
11-06 15:11:13.874 W/ContextImpl( 2355): Calling a method in the system process without a qualified user: android.app.ContextImpl.sendBroadcast:1345 android.content.ContextWrapper.sendBroadcast:377 com.suma.midware.back.esg.e.f:-1 com.suma.midware.back.esg.f.run:-1 com.suma.midware.prop.util.c.run:-1 
11-06 15:11:13.925 W/ViewRootImpl( 6451): Cancelling event due to no window focus: KeyEvent { action=ACTION_UP, keyCode=KEYCODE_DPAD_CENTER, scanCode=28, metaState=0, flags=0x80000028, repeatCount=0, eventTime=3476165, downTime=3475955, deviceId=3, source=0x701 }
11-06 15:11:13.925 W/ViewRootImpl( 6451): Cancelling event due to no window focus: KeyEvent { action=ACTION_UP, keyCode=KEYCODE_DPAD_CENTER, scanCode=28, metaState=0, flags=0x80000028, repeatCount=0, eventTime=3476165, downTime=3475955, deviceId=3, source=0x701 }
11-06 15:11:13.925 W/ViewRootImpl( 6451): Cancelling event due to no window focus: KeyEvent { action=ACTION_UP, keyCode=KEYCODE_DPAD_CENTER, scanCode=28, metaState=0, flags=0x80000028, repeatCount=0, eventTime=3476165, downTime=3475955, deviceId=3, source=0x701 }
11-06 15:11:13.925 W/ViewRootImpl( 6451): Cancelling event due to no window focus: KeyEvent { action=ACTION_UP, keyCode=KEYCODE_DPAD_CENTER, scanCode=28, metaState=0, flags=0x80000028, repeatCount=0, eventTime=3476165, downTime=3475955, deviceId=3, source=0x701 }
11-06 15:11:13.925 W/ViewRootImpl( 6451): Cancelling event due to no window focus: KeyEvent { action=ACTION_UP, keyCode=KEYCODE_DPAD_CENTER, scanCode=28, metaState=0, flags=0x80000028, repeatCount=0, eventTime=3476165, downTime=3475955, deviceId=3, source=0x701 }
11-06 15:11:13.925 W/ViewRootImpl( 6451): Cancelling event due to no window focus: KeyEvent { action=ACTION_UP, keyCode=KEYCODE_DPAD_CENTER, scanCode=28, metaState=0, flags=0x80000028, repeatCount=0, eventTime=3476165, downTime=3475955, deviceId=3, source=0x701 }
11-06 15:11:13.926 W/ViewRootImpl( 6451): Cancelling event due to no window focus: KeyEvent { action=ACTION_UP, keyCode=KEYCODE_DPAD_CENTER, scanCode=28, metaState=0, flags=0x80000028, repeatCount=0, eventTime=3476165, downTime=3475955, deviceId=3, source=0x701 }
11-06 15:11:13.927 W/ViewRootImpl( 6451): Cancelling event due to no window focus: KeyEvent { action=ACTION_UP, keyCode=KEYCODE_DPAD_CENTER, scanCode=28, metaState=0, flags=0x80000028, repeatCount=0, eventTime=3476165, downTime=3475955, deviceId=3, source=0x701 }
11-06 15:11:13.927 W/ViewRootImpl( 6451): Cancelling event due to no window focus: KeyEvent { action=ACTION_UP, keyCode=KEYCODE_DPAD_CENTER, scanCode=28, metaState=0, flags=0x80000028, repeatCount=0, eventTime=3476165, downTime=3475955, deviceId=3, source=0x701 }
11-06 15:11:16.718 D/TaskPersister( 2021): removeObsoleteFile: deleting file=472_task.xml
11-06 15:12:02.528 I/ActivityManager( 2021): Force stopping com.android.browser appid=10010 user=0: from pid 2355
11-06 15:12:02.529 I/ActivityManager( 2021): START u0 {act=android.intent.action.MAIN cat=[android.intent.category.HOME] flg=0x10200000 cmp=com.suma.midware.home/.third.Main3DActivity} from uid 1000 on display 0
11-06 15:12:02.572 W/ContextImpl( 2491): Calling a method in the system process without a qualified user: android.app.ContextImpl.sendBroadcast:1345 android.content.ContextWrapper.sendBroadcast:377 com.suma.midware.view.ext.BluetoothUpdate.b:-1 com.suma.midware.home.third.Main3DActivity.onResume:-1 android.app.Instrumentation.callActivityOnResume:1257 
11-06 15:12:02.575 W/ContextImpl( 2491): Calling a method in the system process without a qualified user: android.app.ContextImpl.sendBroadcast:1345 android.content.ContextWrapper.sendBroadcast:377 android.app.ActivityThread.performResumeActivity:2982 android.app.ActivityThread.handleResumeActivity:3023 android.app.ActivityThread$H.handleMessage:1347 
11-06 15:12:14.054 I/ActivityManager( 2021): START u0 {act= cmp=com.ipanel.android_webview.shell/com.ipanel.webapp.BrowserActivity (has extras)} from uid 1000 on display 0
11-06 15:12:14.063 W/ContextImpl( 2491): Calling a method in the system process without a qualified user: android.app.ContextImpl.sendBroadcast:1345 android.content.ContextWrapper.sendBroadcast:377 android.app.ActivityThread.performPauseActivity:3259 android.app.ActivityThread.performPauseActivity:3225 android.app.ActivityThread.handlePauseActivity:3200 
11-06 15:12:16.906 W/ContextImpl( 2355): Calling a method in the system process without a qualified user: android.app.ContextImpl.sendBroadcast:1345 android.content.ContextWrapper.sendBroadcast:377 com.suma.midware.back.esg.e.f:-1 com.suma.midware.back.esg.f.run:-1 com.suma.midware.prop.util.c.run:-1 
11-06 15:12:17.907 W/ContextImpl( 2355): Calling a method in the system process without a qualified user: android.app.ContextImpl.sendBroadcast:1345 android.content.ContextWrapper.sendBroadcast:377 com.suma.midware.back.esg.e.f:-1 com.suma.midware.back.esg.f.run:-1 com.suma.midware.prop.util.c.run:-1 
11-06 15:12:18.909 W/ContextImpl( 2355): Calling a method in the system process without a qualified user: android.app.ContextImpl.sendBroadcast:1345 android.content.ContextWrapper.sendBroadcast:377 com.suma.midware.back.esg.e.f:-1 com.suma.midware.back.esg.f.run:-1 com.suma.midware.prop.util.c.run:-1 
11-06 15:13:17.272 W/BatteryStatsImpl( 2021): Couldn't get kernel wake lock stats
11-06 15:13:21.932 W/ContextImpl( 2355): Calling a method in the system process without a qualified user: android.app.ContextImpl.sendBroadcast:1345 android.content.ContextWrapper.sendBroadcast:377 com.suma.midware.back.esg.e.f:-1 com.suma.midware.back.esg.f.run:-1 com.suma.midware.prop.util.c.run:-1 
11-06 15:13:22.933 W/ContextImpl( 2355): Calling a method in the system process without a qualified user: android.app.ContextImpl.sendBroadcast:1345 android.content.ContextWrapper.sendBroadcast:377 com.suma.midware.back.esg.e.f:-1 com.suma.midware.back.esg.f.run:-1 com.suma.midware.prop.util.c.run:-1 
11-06 15:13:23.935 W/ContextImpl( 2355): Calling a method in the system process without a qualified user: android.app.ContextImpl.sendBroadcast:1345 android.content.ContextWrapper.sendBroadcast:377 com.suma.midware.back.esg.e.f:-1 com.suma.midware.back.esg.f.run:-1 com.suma.midware.prop.util.c.run:-1 
11-06 15:13:37.399 I/ProcessStatsService( 2021): Prepared write state in 1ms
11-06 15:13:37.400 I/ProcessStatsService( 2021): Prepared write state in 1ms
11-06 15:14:06.547 W/InputMethodManagerService( 2021): Starting input on non-focused client com.android.internal.view.IInputMethodClient$Stub$Proxy@3f2ba595 (uid=10024 pid=6451)
11-06 15:14:07.124 I/ActivityManager( 2021): Force stopping com.ipanel.android_webview.shell appid=10024 user=0: from pid 2355
11-06 15:14:07.125 I/ActivityManager( 2021): Killing 6451:com.ipanel.android_webview.shell/u0a24 (adj 0): stop com.ipanel.android_webview.shell
11-06 15:14:07.146 I/WindowState( 2021): WIN DEATH: Window{5c1396d u0 SurfaceView}
11-06 15:14:07.146 D/ConnectivityService( 2021): ConnectivityService NetworkRequestInfo binderDied(NetworkRequest [ id=13, legacyType=-1, [ Capabilities: INTERNET&NOT_RESTRICTED&TRUSTED] ], android.os.BinderProxy@184716aa)
11-06 15:14:07.147 D/ConnectivityService( 2021): releasing NetworkRequest NetworkRequest [ id=13, legacyType=-1, [ Capabilities: INTERNET&NOT_RESTRICTED&TRUSTED] ]
11-06 15:14:07.153 E/ConnectivityService( 2021): RemoteException caught trying to send a callback msg for NetworkRequest [ id=13, legacyType=-1, [ Capabilities: INTERNET&NOT_RESTRICTED&TRUSTED] ]
11-06 15:14:07.157 I/WindowState( 2021): WIN DEATH: Window{963b797 u0 SurfaceView}
11-06 15:14:07.159 I/WindowState( 2021): WIN DEATH: Window{2f582b4a u0 com.ipanel.android_webview.shell/com.ipanel.webapp.BrowserActivity}
11-06 15:14:07.179 W/ActivityManager( 2021): Force removing ActivityRecord{350b9bd5 u0 com.ipanel.android_webview.shell/com.ipanel.webapp.BrowserActivity t473}: app died, no saved state
11-06 15:14:07.183 W/ActivityManager( 2021): Spurious death for ProcessRecord{30a8a29b 6451:com.ipanel.android_webview.shell/u0a24}, curProc for 6451: null
11-06 15:14:07.184 I/ActivityManager( 2021): Force stopping com.amlogic.inputmethod.remote appid=10019 user=0: from pid 2355
11-06 15:14:07.184 I/ActivityManager( 2021): Killing 6431:com.amlogic.inputmethod.remote/u0a19 (adj 2): stop com.amlogic.inputmethod.remote
11-06 15:14:07.192 W/ActivityManager( 2021): Scheduling restart of crashed service com.amlogic.inputmethod.remote/.RemoteIME in 1000ms
11-06 15:14:07.192 I/ActivityManager( 2021):   Force stopping service ServiceRecord{2cacca63 u0 com.amlogic.inputmethod.remote/.RemoteIME}
11-06 15:14:07.195 W/InputMethodManagerService( 2021): Session failed to close due to remote exception
11-06 15:14:07.195 W/InputMethodManagerService( 2021): android.os.DeadObjectException
11-06 15:14:07.195 W/InputMethodManagerService( 2021): 	at android.os.BinderProxy.transactNative(Native Method)
11-06 15:14:07.195 W/InputMethodManagerService( 2021): 	at android.os.BinderProxy.transact(Binder.java:496)
11-06 15:14:07.195 W/InputMethodManagerService( 2021): 	at com.android.internal.view.IInputMethodSession$Stub$Proxy.finishSession(IInputMethodSession.java:305)
11-06 15:14:07.195 W/InputMethodManagerService( 2021): 	at com.android.server.InputMethodManagerService.finishSessionLocked(InputMethodManagerService.java:1420)
11-06 15:14:07.195 W/InputMethodManagerService( 2021): 	at com.android.server.InputMethodManagerService.clearClientSessionLocked(InputMethodManagerService.java:1411)
11-06 15:14:07.195 W/InputMethodManagerService( 2021): 	at com.android.server.InputMethodManagerService.clearCurMethodLocked(InputMethodManagerService.java:1437)
11-06 15:14:07.195 W/InputMethodManagerService( 2021): 	at com.android.server.InputMethodManagerService.onServiceDisconnected(InputMethodManagerService.java:1456)
11-06 15:14:07.195 W/InputMethodManagerService( 2021): 	at android.app.LoadedApk$ServiceDispatcher.doDeath(LoadedApk.java:1215)
11-06 15:14:07.195 W/InputMethodManagerService( 2021): 	at android.app.LoadedApk$ServiceDispatcher$RunConnection.run(LoadedApk.java:1229)
11-06 15:14:07.195 W/InputMethodManagerService( 2021): 	at android.os.Handler.handleCallback(Handler.java:739)
11-06 15:14:07.195 W/InputMethodManagerService( 2021): 	at android.os.Handler.dispatchMessage(Handler.java:95)
11-06 15:14:07.195 W/InputMethodManagerService( 2021): 	at android.os.Looper.loop(Looper.java:135)
11-06 15:14:07.195 W/InputMethodManagerService( 2021): 	at com.android.server.SystemServer.run(SystemServer.java:383)
11-06 15:14:07.195 W/InputMethodManagerService( 2021): 	at com.android.server.SystemServer.main(SystemServer.java:178)
11-06 15:14:07.195 W/InputMethodManagerService( 2021): 	at java.lang.reflect.Method.invoke(Native Method)
11-06 15:14:07.195 W/InputMethodManagerService( 2021): 	at java.lang.reflect.Method.invoke(Method.java:372)
11-06 15:14:07.195 W/InputMethodManagerService( 2021): 	at com.android.internal.os.ZygoteInit$MethodAndArgsCaller.run(ZygoteInit.java:903)
11-06 15:14:07.195 W/InputMethodManagerService( 2021): 	at com.android.internal.os.ZygoteInit.main(ZygoteInit.java:698)
11-06 15:14:07.201 W/ActivityManager( 2021): Spurious death for ProcessRecord{3120a719 6431:com.amlogic.inputmethod.remote/u0a19}, curProc for 6431: null
11-06 15:14:07.201 W/InputMethodManagerService( 2021): Session failed to close due to remote exception
11-06 15:14:07.201 W/InputMethodManagerService( 2021): android.os.DeadObjectException
11-06 15:14:07.201 W/InputMethodManagerService( 2021): 	at android.os.BinderProxy.transactNative(Native Method)
11-06 15:14:07.201 W/InputMethodManagerService( 2021): 	at android.os.BinderProxy.transact(Binder.java:496)
11-06 15:14:07.201 W/InputMethodManagerService( 2021): 	at com.android.internal.view.IInputMethodSession$Stub$Proxy.finishSession(IInputMethodSession.java:305)
11-06 15:14:07.201 W/InputMethodManagerService( 2021): 	at com.android.server.InputMethodManagerService.finishSessionLocked(InputMethodManagerService.java:1420)
11-06 15:14:07.201 W/InputMethodManagerService( 2021): 	at com.android.server.InputMethodManagerService.clearClientSessionLocked(InputMethodManagerService.java:1411)
11-06 15:14:07.201 W/InputMethodManagerService( 2021): 	at com.android.server.InputMethodManagerService.clearCurMethodLocked(InputMethodManagerService.java:1437)
11-06 15:14:07.201 W/InputMethodManagerService( 2021): 	at com.android.server.InputMethodManagerService.onServiceDisconnected(InputMethodManagerService.java:1456)
11-06 15:14:07.201 W/InputMethodManagerService( 2021): 	at android.app.LoadedApk$ServiceDispatcher.doDeath(LoadedApk.java:1215)
11-06 15:14:07.201 W/InputMethodManagerService( 2021): 	at android.app.LoadedApk$ServiceDispatcher$RunConnection.run(LoadedApk.java:1229)
11-06 15:14:07.201 W/InputMethodManagerService( 2021): 	at android.os.Handler.handleCallback(Handler.java:739)
11-06 15:14:07.201 W/InputMethodManagerService( 2021): 	at android.os.Handler.dispatchMessage(Handler.java:95)
11-06 15:14:07.201 W/InputMethodManagerService( 2021): 	at android.os.Looper.loop(Looper.java:135)
11-06 15:14:07.201 W/InputMethodManagerService( 2021): 	at com.android.server.SystemServer.run(SystemServer.java:383)
11-06 15:14:07.201 W/InputMethodManagerService( 2021): 	at com.android.server.SystemServer.main(SystemServer.java:178)
11-06 15:14:07.201 W/InputMethodManagerService( 2021): 	at java.lang.reflect.Method.invoke(Native Method)
11-06 15:14:07.201 W/InputMethodManagerService( 2021): 	at java.lang.reflect.Method.invoke(Method.java:372)
11-06 15:14:07.201 W/InputMethodManagerService( 2021): 	at com.android.internal.os.ZygoteInit$MethodAndArgsCaller.run(ZygoteInit.java:903)
11-06 15:14:07.201 W/InputMethodManagerService( 2021): 	at com.android.internal.os.ZygoteInit.main(ZygoteInit.java:698)
11-06 15:14:07.201 W/ActivityManager( 2021): Invalid packageName: android.process.media
11-06 15:14:07.202 I/ActivityManager( 2021): Force stopping com.android.phone appid=1001 user=0: from pid 2355
11-06 15:14:07.204 I/ActivityManager( 2021): Force stopping com.suma.midware.dms appid=1000 user=0: from pid 2355
11-06 15:14:07.207 I/ActivityManager( 2021): Force stopping com.hisilicon.android.hiRMService appid=1000 user=0: from pid 2355
11-06 15:14:07.215 I/ActivityManager( 2021): Config changes=20 {1.0 ?mcc?mnc zh_CN ?layoutDir sw720dp w1280dp h720dp 160dpi xlrg long land television -touch -keyb/h/h dpad/v s.23}
11-06 15:14:07.221 W/ContextImpl( 2491): Calling a method in the system process without a qualified user: android.app.ContextImpl.sendBroadcast:1345 android.content.ContextWrapper.sendBroadcast:377 com.suma.midware.view.ext.BluetoothUpdate.b:-1 com.suma.midware.home.third.Main3DActivity.onResume:-1 android.app.Instrumentation.callActivityOnResume:1257 
11-06 15:14:07.227 I/ActivityManager( 2021): Config changes=20 {1.0 ?mcc?mnc zh_CN ?layoutDir sw720dp w1280dp h720dp 160dpi xlrg long land television -touch -keyb/v/h dpad/v s.24}
11-06 15:14:07.234 W/ContextImpl( 2491): Calling a method in the system process without a qualified user: android.app.ContextImpl.sendBroadcast:1345 android.content.ContextWrapper.sendBroadcast:377 android.app.ActivityThread.performResumeActivity:2982 android.app.ActivityThread.handleResumeActivity:3023 android.app.ActivityThread$H.handleMessage:1347 
11-06 15:14:07.253 E/ActivityThread( 2164): Failed to find provider info for com.android.contacts
11-06 15:14:07.285 E/ActivityThread( 2164): Failed to find provider info for com.android.contacts
11-06 15:14:16.583 I/ActivityManager( 2021): Start proc 6676:com.amlogic.inputmethod.remote/u0a19 for service com.amlogic.inputmethod.remote/.RemoteIME
11-06 15:14:16.583 V/InputMethodManagerService( 2021): Adding window token: android.os.Binder@939157c
11-06 15:14:26.992 W/ContextImpl( 2355): Calling a method in the system process without a qualified user: android.app.ContextImpl.sendBroadcast:1345 android.content.ContextWrapper.sendBroadcast:377 com.suma.midware.back.esg.e.f:-1 com.suma.midware.back.esg.f.run:-1 com.suma.midware.prop.util.c.run:-1 
11-06 15:14:27.995 W/ContextImpl( 2355): Calling a method in the system process without a qualified user: android.app.ContextImpl.sendBroadcast:1345 android.content.ContextWrapper.sendBroadcast:377 com.suma.midware.back.esg.e.f:-1 com.suma.midware.back.esg.f.run:-1 com.suma.midware.prop.util.c.run:-1 
11-06 15:14:28.998 W/ContextImpl( 2355): Calling a method in the system process without a qualified user: android.app.ContextImpl.sendBroadcast:1345 android.content.ContextWrapper.sendBroadcast:377 com.suma.midware.back.esg.e.f:-1 com.suma.midware.back.esg.f.run:-1 com.suma.midware.prop.util.c.run:-1 
11-06 15:15:32.052 W/ContextImpl( 2355): Calling a method in the system process without a qualified user: android.app.ContextImpl.sendBroadcast:1345 android.content.ContextWrapper.sendBroadcast:377 com.suma.midware.back.esg.e.f:-1 com.suma.midware.back.esg.f.run:-1 com.suma.midware.prop.util.c.run:-1 
11-06 15:15:33.055 W/ContextImpl( 2355): Calling a method in the system process without a qualified user: android.app.ContextImpl.sendBroadcast:1345 android.content.ContextWrapper.sendBroadcast:377 com.suma.midware.back.esg.e.f:-1 com.suma.midware.back.esg.f.run:-1 com.suma.midware.prop.util.c.run:-1 
11-06 15:15:34.058 W/ContextImpl( 2355): Calling a method in the system process without a qualified user: android.app.ContextImpl.sendBroadcast:1345 android.content.ContextWrapper.sendBroadcast:377 com.suma.midware.back.esg.e.f:-1 com.suma.midware.back.esg.f.run:-1 com.suma.midware.prop.util.c.run:-1 
11-06 15:15:56.260 I/UsageStatsService( 2021): User[0] Flushing usage stats to disk
11-06 15:16:37.114 W/ContextImpl( 2355): Calling a method in the system process without a qualified user: android.app.ContextImpl.sendBroadcast:1345 android.content.ContextWrapper.sendBroadcast:377 com.suma.midware.back.esg.e.f:-1 com.suma.midware.back.esg.f.run:-1 com.suma.midware.prop.util.c.run:-1 
11-06 15:16:38.117 W/ContextImpl( 2355): Calling a method in the system process without a qualified user: android.app.ContextImpl.sendBroadcast:1345 android.content.ContextWrapper.sendBroadcast:377 com.suma.midware.back.esg.e.f:-1 com.suma.midware.back.esg.f.run:-1 com.suma.midware.prop.util.c.run:-1 
11-06 15:16:39.121 W/ContextImpl( 2355): Calling a method in the system process without a qualified user: android.app.ContextImpl.sendBroadcast:1345 android.content.ContextWrapper.sendBroadcast:377 com.suma.midware.back.esg.e.f:-1 com.suma.midware.back.esg.f.run:-1 com.suma.midware.prop.util.c.run:-1 
11-06 15:17:42.167 W/ContextImpl( 2355): Calling a method in the system process without a qualified user: android.app.ContextImpl.sendBroadcast:1345 android.content.ContextWrapper.sendBroadcast:377 com.suma.midware.back.esg.e.f:-1 com.suma.midware.back.esg.f.run:-1 com.suma.midware.prop.util.c.run:-1 
11-06 15:17:43.169 W/ContextImpl( 2355): Calling a method in the system process without a qualified user: android.app.ContextImpl.sendBroadcast:1345 android.content.ContextWrapper.sendBroadcast:377 com.suma.midware.back.esg.e.f:-1 com.suma.midware.back.esg.f.run:-1 com.suma.midware.prop.util.c.run:-1 
11-06 15:17:44.172 W/ContextImpl( 2355): Calling a method in the system process without a qualified user: android.app.ContextImpl.sendBroadcast:1345 android.content.ContextWrapper.sendBroadcast:377 com.suma.midware.back.esg.e.f:-1 com.suma.midware.back.esg.f.run:-1 com.suma.midware.prop.util.c.run:-1 
11-06 15:18:00.142 I/ActivityManager( 2021): START u0 {act= cmp=com.ipanel.android_webview.shell/com.ipanel.webapp.BrowserActivity (has extras)} from uid 1000 on display 0
11-06 15:18:00.146 V/WindowManager( 2021): addAppToken: AppWindowToken{23da7eb2 token=Token{3e9b08bd ActivityRecord{73c9814 u0 com.ipanel.android_webview.shell/com.ipanel.webapp.BrowserActivity t474}}} to stack=1 task=474 at 0
11-06 15:18:00.149 V/WindowManager( 2021): Adding window Window{204ed75f u0 Starting com.ipanel.android_webview.shell} at 7 of 12 (after Window{1dc41484 u0 com.suma.midware.setting/com.suma.midware.setting.net.NetMainActivity})
11-06 15:18:00.152 W/ContextImpl( 2491): Calling a method in the system process without a qualified user: android.app.ContextImpl.sendBroadcast:1345 android.content.ContextWrapper.sendBroadcast:377 android.app.ActivityThread.performPauseActivity:3259 android.app.ActivityThread.performPauseActivity:3225 android.app.ActivityThread.handlePauseActivity:3200 
11-06 15:18:00.176 I/ActivityManager( 2021): Start proc 6834:com.ipanel.android_webview.shell/u0a24 for activity com.ipanel.android_webview.shell/com.ipanel.webapp.BrowserActivity
11-06 15:18:00.178 W/ViewRootImpl( 2491): Cancelling event due to no window focus: KeyEvent { action=ACTION_UP, keyCode=KEYCODE_DPAD_CENTER, scanCode=28, metaState=0, flags=0x28, repeatCount=0, eventTime=3882906, downTime=3882893, deviceId=3, source=0x701 }
11-06 15:18:00.178 W/ViewRootImpl( 2491): Cancelling event due to no window focus: KeyEvent { action=ACTION_UP, keyCode=KEYCODE_DPAD_CENTER, scanCode=28, metaState=0, flags=0x28, repeatCount=0, eventTime=3882906, downTime=3882893, deviceId=3, source=0x701 }
11-06 15:18:00.178 W/ViewRootImpl( 2491): Cancelling event due to no window focus: KeyEvent { action=ACTION_UP, keyCode=KEYCODE_DPAD_CENTER, scanCode=28, metaState=0, flags=0x28, repeatCount=0, eventTime=3882906, downTime=3882893, deviceId=3, source=0x701 }
11-06 15:18:00.179 W/ViewRootImpl( 2491): Cancelling event due to no window focus: KeyEvent { action=ACTION_UP, keyCode=KEYCODE_DPAD_CENTER, scanCode=28, metaState=0, flags=0x28, repeatCount=0, eventTime=3882906, downTime=3882893, deviceId=3, source=0x701 }
11-06 15:18:00.179 W/ViewRootImpl( 2491): Cancelling event due to no window focus: KeyEvent { action=ACTION_UP, keyCode=KEYCODE_DPAD_CENTER, scanCode=28, metaState=0, flags=0x28, repeatCount=0, eventTime=3882906, downTime=3882893, deviceId=3, source=0x701 }
11-06 15:18:00.179 W/ViewRootImpl( 2491): Cancelling event due to no window focus: KeyEvent { action=ACTION_UP, keyCode=KEYCODE_DPAD_CENTER, scanCode=28, metaState=0, flags=0x28, repeatCount=0, eventTime=3882906, downTime=3882893, deviceId=3, source=0x701 }
11-06 15:18:00.545 V/WindowManager( 2021): Adding window Window{3defa99d u0 com.ipanel.android_webview.shell/com.ipanel.webapp.BrowserActivity} at 7 of 13 (before Window{204ed75f u0 Starting com.ipanel.android_webview.shell})
11-06 15:18:00.566 D/ConnectivityService( 2021): listenForNetwork for NetworkRequest [ id=14, legacyType=-1, [ Capabilities: INTERNET&NOT_RESTRICTED&TRUSTED] ]
11-06 15:18:00.567 D/ConnectivityService( 2021): handleRegisterNetworkRequest checking NetworkAgentInfo [WIFI () - 100]
11-06 15:18:00.567 D/ConnectivityService( 2021): apparently satisfied.  currentScore=60
11-06 15:18:00.658 V/WindowManager( 2021): Adding window Window{237295e u0 SurfaceView} at 7 of 14 (before Window{3defa99d u0 com.ipanel.android_webview.shell/com.ipanel.webapp.BrowserActivity})
11-06 15:18:00.709 V/WindowManager( 2021): Adding window Window{14da9a0c u0 SurfaceView} at 8 of 15 (before Window{3defa99d u0 com.ipanel.android_webview.shell/com.ipanel.webapp.BrowserActivity})
11-06 15:18:00.759 W/ViewRootImpl( 6834): Cancelling event due to no window focus: KeyEvent { action=ACTION_UP, keyCode=KEYCODE_DPAD_CENTER, scanCode=28, metaState=0, flags=0x80000028, repeatCount=0, eventTime=3883211, downTime=3882893, deviceId=3, source=0x701 }
11-06 15:18:00.759 W/ViewRootImpl( 6834): Cancelling event due to no window focus: KeyEvent { action=ACTION_UP, keyCode=KEYCODE_DPAD_CENTER, scanCode=28, metaState=0, flags=0x80000028, repeatCount=0, eventTime=3883211, downTime=3882893, deviceId=3, source=0x701 }
11-06 15:18:00.759 W/ViewRootImpl( 6834): Cancelling event due to no window focus: KeyEvent { action=ACTION_UP, keyCode=KEYCODE_DPAD_CENTER, scanCode=28, metaState=0, flags=0x80000028, repeatCount=0, eventTime=3883211, downTime=3882893, deviceId=3, source=0x701 }
11-06 15:18:00.759 W/ViewRootImpl( 6834): Cancelling event due to no window focus: KeyEvent { action=ACTION_UP, keyCode=KEYCODE_DPAD_CENTER, scanCode=28, metaState=0, flags=0x80000028, repeatCount=0, eventTime=3883211, downTime=3882893, deviceId=3, source=0x701 }
11-06 15:18:00.759 W/ViewRootImpl( 6834): Cancelling event due to no window focus: KeyEvent { action=ACTION_UP, keyCode=KEYCODE_DPAD_CENTER, scanCode=28, metaState=0, flags=0x80000028, repeatCount=0, eventTime=3883211, downTime=3882893, deviceId=3, source=0x701 }
11-06 15:18:00.759 W/ViewRootImpl( 6834): Cancelling event due to no window focus: KeyEvent { action=ACTION_UP, keyCode=KEYCODE_DPAD_CENTER, scanCode=28, metaState=0, flags=0x80000028, repeatCount=0, eventTime=3883211, downTime=3882893, deviceId=3, source=0x701 }
11-06 15:18:00.761 W/ViewRootImpl( 6834): Cancelling event due to no window focus: KeyEvent { action=ACTION_UP, keyCode=KEYCODE_DPAD_CENTER, scanCode=28, metaState=0, flags=0x80000028, repeatCount=0, eventTime=3883211, downTime=3882893, deviceId=3, source=0x701 }
11-06 15:18:00.762 W/ViewRootImpl( 6834): Cancelling event due to no window focus: KeyEvent { action=ACTION_UP, keyCode=KEYCODE_DPAD_CENTER, scanCode=28, metaState=0, flags=0x80000028, repeatCount=0, eventTime=3883211, downTime=3882893, deviceId=3, source=0x701 }
11-06 15:18:00.762 W/ViewRootImpl( 6834): Cancelling event due to no window focus: KeyEvent { action=ACTION_UP, keyCode=KEYCODE_DPAD_CENTER, scanCode=28, metaState=0, flags=0x80000028, repeatCount=0, eventTime=3883211, downTime=3882893, deviceId=3, source=0x701 }
11-06 15:18:03.654 D/TaskPersister( 2021): removeObsoleteFile: deleting file=473_task.xml
11-06 15:18:03.655 D/TaskPersister( 2021): removeObsoleteFile: deleting file=473_task_thumbnail.png
11-06 15:18:47.235 W/ContextImpl( 2355): Calling a method in the system process without a qualified user: android.app.ContextImpl.sendBroadcast:1345 android.content.ContextWrapper.sendBroadcast:377 com.suma.midware.back.esg.e.f:-1 com.suma.midware.back.esg.f.run:-1 com.suma.midware.prop.util.c.run:-1 
11-06 15:18:48.238 W/ContextImpl( 2355): Calling a method in the system process without a qualified user: android.app.ContextImpl.sendBroadcast:1345 android.content.ContextWrapper.sendBroadcast:377 com.suma.midware.back.esg.e.f:-1 com.suma.midware.back.esg.f.run:-1 com.suma.midware.prop.util.c.run:-1 
11-06 15:18:49.242 W/ContextImpl( 2355): Calling a method in the system process without a qualified user: android.app.ContextImpl.sendBroadcast:1345 android.content.ContextWrapper.sendBroadcast:377 com.suma.midware.back.esg.e.f:-1 com.suma.midware.back.esg.f.run:-1 com.suma.midware.prop.util.c.run:-1 
11-06 15:19:52.275 W/ContextImpl( 2355): Calling a method in the system process without a qualified user: android.app.ContextImpl.sendBroadcast:1345 android.content.ContextWrapper.sendBroadcast:377 com.suma.midware.back.esg.e.f:-1 com.suma.midware.back.esg.f.run:-1 com.suma.midware.prop.util.c.run:-1 
11-06 15:19:53.276 W/ContextImpl( 2355): Calling a method in the system process without a qualified user: android.app.ContextImpl.sendBroadcast:1345 android.content.ContextWrapper.sendBroadcast:377 com.suma.midware.back.esg.e.f:-1 com.suma.midware.back.esg.f.run:-1 com.suma.midware.prop.util.c.run:-1 
11-06 15:19:54.280 W/ContextImpl( 2355): Calling a method in the system process without a qualified user: android.app.ContextImpl.sendBroadcast:1345 android.content.ContextWrapper.sendBroadcast:377 com.suma.midware.back.esg.e.f:-1 com.suma.midware.back.esg.f.run:-1 com.suma.midware.prop.util.c.run:-1 
11-06 15:20:09.321 W/InputMethodManagerService( 2021): Starting input on non-focused client com.android.internal.view.IInputMethodClient$Stub$Proxy@1bb74fc2 (uid=10024 pid=6834)
11-06 15:20:09.889 I/ActivityManager( 2021): Force stopping com.ipanel.android_webview.shell appid=10024 user=0: from pid 2355
11-06 15:20:09.890 I/ActivityManager( 2021): Killing 6834:com.ipanel.android_webview.shell/u0a24 (adj 0): stop com.ipanel.android_webview.shell
11-06 15:20:09.923 I/WindowState( 2021): WIN DEATH: Window{237295e u0 SurfaceView}
11-06 15:20:09.924 D/ConnectivityService( 2021): ConnectivityService NetworkRequestInfo binderDied(NetworkRequest [ id=14, legacyType=-1, [ Capabilities: INTERNET&NOT_RESTRICTED&TRUSTED] ], android.os.BinderProxy@196641d3)
11-06 15:20:09.927 D/ConnectivityService( 2021): releasing NetworkRequest NetworkRequest [ id=14, legacyType=-1, [ Capabilities: INTERNET&NOT_RESTRICTED&TRUSTED] ]
11-06 15:20:09.927 I/WindowState( 2021): WIN DEATH: Window{14da9a0c u0 SurfaceView}
11-06 15:20:09.933 E/ConnectivityService( 2021): RemoteException caught trying to send a callback msg for NetworkRequest [ id=14, legacyType=-1, [ Capabilities: INTERNET&NOT_RESTRICTED&TRUSTED] ]
11-06 15:20:09.935 I/WindowState( 2021): WIN DEATH: Window{3defa99d u0 com.ipanel.android_webview.shell/com.ipanel.webapp.BrowserActivity}
11-06 15:20:09.952 W/ActivityManager( 2021): Force removing ActivityRecord{73c9814 u0 com.ipanel.android_webview.shell/com.ipanel.webapp.BrowserActivity t474}: app died, no saved state
11-06 15:20:09.956 W/ActivityManager( 2021): Spurious death for ProcessRecord{34ca8110 6834:com.ipanel.android_webview.shell/u0a24}, curProc for 6834: null
11-06 15:20:09.958 I/ActivityManager( 2021): Force stopping com.amlogic.inputmethod.remote appid=10019 user=0: from pid 2355
11-06 15:20:09.958 I/ActivityManager( 2021): Killing 6676:com.amlogic.inputmethod.remote/u0a19 (adj 2): stop com.amlogic.inputmethod.remote
11-06 15:20:09.969 W/ActivityManager( 2021): Scheduling restart of crashed service com.amlogic.inputmethod.remote/.RemoteIME in 1000ms
11-06 15:20:09.969 I/ActivityManager( 2021):   Force stopping service ServiceRecord{2bc21e05 u0 com.amlogic.inputmethod.remote/.RemoteIME}
11-06 15:20:09.974 W/ActivityManager( 2021): Spurious death for ProcessRecord{15b3688b 6676:com.amlogic.inputmethod.remote/u0a19}, curProc for 6676: null
11-06 15:20:09.974 W/ActivityManager( 2021): Invalid packageName: android.process.media
11-06 15:20:09.974 W/InputMethodManagerService( 2021): Session failed to close due to remote exception
11-06 15:20:09.974 W/InputMethodManagerService( 2021): android.os.DeadObjectException
11-06 15:20:09.974 W/InputMethodManagerService( 2021): 	at android.os.BinderProxy.transactNative(Native Method)
11-06 15:20:09.974 W/InputMethodManagerService( 2021): 	at android.os.BinderProxy.transact(Binder.java:496)
11-06 15:20:09.974 W/InputMethodManagerService( 2021): 	at com.android.internal.view.IInputMethodSession$Stub$Proxy.finishSession(IInputMethodSession.java:305)
11-06 15:20:09.974 W/InputMethodManagerService( 2021): 	at com.android.server.InputMethodManagerService.finishSessionLocked(InputMethodManagerService.java:1420)
11-06 15:20:09.974 W/InputMethodManagerService( 2021): 	at com.android.server.InputMethodManagerService.clearClientSessionLocked(InputMethodManagerService.java:1411)
11-06 15:20:09.974 W/InputMethodManagerService( 2021): 	at com.android.server.InputMethodManagerService.clearCurMethodLocked(InputMethodManagerService.java:1437)
11-06 15:20:09.974 W/InputMethodManagerService( 2021): 	at com.android.server.InputMethodManagerService.onServiceDisconnected(InputMethodManagerService.java:1456)
11-06 15:20:09.974 W/InputMethodManagerService( 2021): 	at android.app.LoadedApk$ServiceDispatcher.doDeath(LoadedApk.java:1215)
11-06 15:20:09.974 W/InputMethodManagerService( 2021): 	at android.app.LoadedApk$ServiceDispatcher$RunConnection.run(LoadedApk.java:1229)
11-06 15:20:09.974 W/InputMethodManagerService( 2021): 	at android.os.Handler.handleCallback(Handler.java:739)
11-06 15:20:09.974 W/InputMethodManagerService( 2021): 	at android.os.Handler.dispatchMessage(Handler.java:95)
11-06 15:20:09.974 W/InputMethodManagerService( 2021): 	at android.os.Looper.loop(Looper.java:135)
11-06 15:20:09.974 W/InputMethodManagerService( 2021): 	at com.android.server.SystemServer.run(SystemServer.java:383)
11-06 15:20:09.974 W/InputMethodManagerService( 2021): 	at com.android.server.SystemServer.main(SystemServer.java:178)
11-06 15:20:09.974 W/InputMethodManagerService( 2021): 	at java.lang.reflect.Method.invoke(Native Method)
11-06 15:20:09.974 W/InputMethodManagerService( 2021): 	at java.lang.reflect.Method.invoke(Method.java:372)
11-06 15:20:09.974 W/InputMethodManagerService( 2021): 	at com.android.internal.os.ZygoteInit$MethodAndArgsCaller.run(ZygoteInit.java:903)
11-06 15:20:09.974 W/InputMethodManagerService( 2021): 	at com.android.internal.os.ZygoteInit.main(ZygoteInit.java:698)
11-06 15:20:09.974 I/ActivityManager( 2021): Force stopping com.android.phone appid=1001 user=0: from pid 2355
11-06 15:20:09.980 W/InputMethodManagerService( 2021): Session failed to close due to remote exception
11-06 15:20:09.980 W/InputMethodManagerService( 2021): android.os.DeadObjectException
11-06 15:20:09.980 W/InputMethodManagerService( 2021): 	at android.os.BinderProxy.transactNative(Native Method)
11-06 15:20:09.980 W/InputMethodManagerService( 2021): 	at android.os.BinderProxy.transact(Binder.java:496)
11-06 15:20:09.980 W/InputMethodManagerService( 2021): 	at com.android.internal.view.IInputMethodSession$Stub$Proxy.finishSession(IInputMethodSession.java:305)
11-06 15:20:09.980 W/InputMethodManagerService( 2021): 	at com.android.server.InputMethodManagerService.finishSessionLocked(InputMethodManagerService.java:1420)
11-06 15:20:09.980 W/InputMethodManagerService( 2021): 	at com.android.server.InputMethodManagerService.clearClientSessionLocked(InputMethodManagerService.java:1411)
11-06 15:20:09.980 W/InputMethodManagerService( 2021): 	at com.android.server.InputMethodManagerService.clearCurMethodLocked(InputMethodManagerService.java:1437)
11-06 15:20:09.980 W/InputMethodManagerService( 2021): 	at com.android.server.InputMethodManagerService.onServiceDisconnected(InputMethodManagerService.java:1456)
11-06 15:20:09.980 W/InputMethodManagerService( 2021): 	at android.app.LoadedApk$ServiceDispatcher.doDeath(LoadedApk.java:1215)
11-06 15:20:09.980 W/InputMethodManagerService( 2021): 	at android.app.LoadedApk$ServiceDispatcher$RunConnection.run(LoadedApk.java:1229)
11-06 15:20:09.980 W/InputMethodManagerService( 2021): 	at android.os.Handler.handleCallback(Handler.java:739)
11-06 15:20:09.980 W/InputMethodManagerService( 2021): 	at android.os.Handler.dispatchMessage(Handler.java:95)
11-06 15:20:09.980 W/InputMethodManagerService( 2021): 	at android.os.Looper.loop(Looper.java:135)
11-06 15:20:09.980 W/InputMethodManagerService( 2021): 	at com.android.server.SystemServer.run(SystemServer.java:383)
11-06 15:20:09.980 W/InputMethodManagerService( 2021): 	at com.android.server.SystemServer.main(SystemServer.java:178)
11-06 15:20:09.980 W/InputMethodManagerService( 2021): 	at java.lang.reflect.Method.invoke(Native Method)
11-06 15:20:09.980 W/InputMethodManagerService( 2021): 	at java.lang.reflect.Method.invoke(Method.java:372)
11-06 15:20:09.980 W/InputMethodManagerService( 2021): 	at com.android.internal.os.ZygoteInit$MethodAndArgsCaller.run(ZygoteInit.java:903)
11-06 15:20:09.980 W/InputMethodManagerService( 2021): 	at com.android.internal.os.ZygoteInit.main(ZygoteInit.java:698)
11-06 15:20:09.982 I/ActivityManager( 2021): Force stopping com.suma.midware.dms appid=1000 user=0: from pid 2355
11-06 15:20:09.984 I/ActivityManager( 2021): Force stopping com.hisilicon.android.hiRMService appid=1000 user=0: from pid 2355
