11-06 16:17:20.354 V/SUMA    ( 1581): [resman-s][onTransact 674]filter release m_client[0].cpid = 2355
11-06 16:17:20.354 V/SUMA    ( 1581): [resman-s][onTransact 678]filter handler release filter_handler[0]
11-06 16:17:20.354 V/SUMA    ( 1581): [resman-s][onTransact 688]TRANS_CODE_RESMAN_FILETER_RELEASE leave
11-06 16:17:20.354 V/SUMA    ( 1581): [resman-s][onTransact 1574]leave transact client pid = 2355
11-06 16:17:20.355 V/SUMA    ( 2355): [resman-c][dvbc_resman_flt_release 183]dvbc(2355)## s_resman_client_flt_hcbk release cbk idx=0 !!!
11-06 16:17:20.355 V/SUMA    ( 2355): [resman-c][Roc_ResMan_Filter_Release 1403]leave !!!
11-06 16:17:20.355 W/EsgNeiMengDealer( 2355): [TN_ThreadUtil-8]handleNormTable table content null
11-06 16:17:20.355 D/EsgNeiMengDealer( 2355): [TN_ThreadUtil-8]dealUpdateInfo updateInfo=null
11-06 16:17:20.355 D/EsgRunner( 2355): [TN_ThreadUtil-8]notifyUpdateEnd ads=null
11-06 16:17:20.368 W/ContextImpl( 2355): Calling a method in the system process without a qualified user: android.app.ContextImpl.sendBroadcast:1345 android.content.ContextWrapper.sendBroadcast:377 com.suma.midware.back.esg.e.f:-1 com.suma.midware.back.esg.f.run:-1 com.suma.midware.prop.util.c.run:-1 
11-06 16:17:20.541 D/BackBootDealerNeimeng( 2355): standbyState:
11-06 16:17:20.542 E/NetUtils( 2021): Interface eth0 LinkDown!
11-06 16:17:21.042 D/BackBootDealerNeimeng( 2355): standbyState:
11-06 16:17:21.043 E/NetUtils( 2021): Interface eth0 LinkDown!
11-06 16:17:21.305 D/BasicFigure( 2491): [TN_GLThread 73]isDrawFocused relyElement=[BaseElement@346a37d9]focusScale[1.15]elementAlpha[-1.0]refectAlpha[-1.0]isFocusAble[true]shadowIndex[-1]autoJumpType[-1]uniqueID[54resSize0]rect[NULL]
11-06 16:17:21.305 D/BasicFigure( 2491): [TN_GLThread 73]isDrawFocused basicFigure=com.suma.midware.view.b.c.c@3914159e
11-06 16:17:21.371 W/ContextImpl( 2355): Calling a method in the system process without a qualified user: android.app.ContextImpl.sendBroadcast:1345 android.content.ContextWrapper.sendBroadcast:377 com.suma.midware.back.esg.e.f:-1 com.suma.midware.back.esg.f.run:-1 com.suma.midware.prop.util.c.run:-1 
11-06 16:17:21.544 D/BackBootDealerNeimeng( 2355): standbyState:
11-06 16:17:21.545 E/NetUtils( 2021): Interface eth0 LinkDown!
11-06 16:17:22.045 D/BackBootDealerNeimeng( 2355): standbyState:
11-06 16:17:22.046 E/NetUtils( 2021): Interface eth0 LinkDown!
11-06 16:17:22.325 D/BasicFigure( 2491): [TN_GLThread 73]isDrawFocused relyElement=[BaseElement@346a37d9]focusScale[1.15]elementAlpha[-1.0]refectAlpha[-1.0]isFocusAble[true]shadowIndex[-1]autoJumpType[-1]uniqueID[54resSize0]rect[NULL]
11-06 16:17:22.325 D/BasicFigure( 2491): [TN_GLThread 73]isDrawFocused basicFigure=com.suma.midware.view.b.c.c@3914159e
11-06 16:17:22.374 W/ContextImpl( 2355): Calling a method in the system process without a qualified user: android.app.ContextImpl.sendBroadcast:1345 android.content.ContextWrapper.sendBroadcast:377 com.suma.midware.back.esg.e.f:-1 com.suma.midware.back.esg.f.run:-1 com.suma.midware.prop.util.c.run:-1 
11-06 16:17:22.547 D/BackBootDealerNeimeng( 2355): standbyState:
11-06 16:17:22.547 E/NetUtils( 2021): Interface eth0 LinkDown!
11-06 16:17:23.048 D/BackBootDealerNeimeng( 2355): standbyState:
11-06 16:17:23.049 E/NetUtils( 2021): Interface eth0 LinkDown!
11-06 16:17:23.346 D/BasicFigure( 2491): [TN_GLThread 73]isDrawFocused relyElement=[BaseElement@346a37d9]focusScale[1.15]elementAlpha[-1.0]refectAlpha[-1.0]isFocusAble[true]shadowIndex[-1]autoJumpType[-1]uniqueID[54resSize0]rect[NULL]
11-06 16:17:23.347 D/BasicFigure( 2491): [TN_GLThread 73]isDrawFocused basicFigure=com.suma.midware.view.b.c.c@3914159e
11-06 16:17:23.549 D/BackBootDealerNeimeng( 2355): standbyState:
11-06 16:17:23.550 E/NetUtils( 2021): Interface eth0 LinkDown!
11-06 16:17:24.051 D/BackBootDealerNeimeng( 2355): standbyState:
11-06 16:17:24.053 E/NetUtils( 2021): Interface eth0 LinkDown!
11-06 16:17:24.355 D/BasicFigure( 2491): [TN_GLThread 73]isDrawFocused relyElement=[BaseElement@346a37d9]focusScale[1.15]elementAlpha[-1.0]refectAlpha[-1.0]isFocusAble[true]shadowIndex[-1]autoJumpType[-1]uniqueID[54resSize0]rect[NULL]
11-06 16:17:24.355 D/BasicFigure( 2491): [TN_GLThread 73]isDrawFocused basicFigure=com.suma.midware.view.b.c.c@3914159e
11-06 16:17:24.553 D/BackBootDealerNeimeng( 2355): standbyState:
11-06 16:17:24.554 E/NetUtils( 2021): Interface eth0 LinkDown!
11-06 16:17:25.054 D/BackBootDealerNeimeng( 2355): standbyState:
11-06 16:17:25.055 E/NetUtils( 2021): Interface eth0 LinkDown!
11-06 16:17:25.373 D/BasicFigure( 2491): [TN_GLThread 73]isDrawFocused relyElement=[BaseElement@346a37d9]focusScale[1.15]elementAlpha[-1.0]refectAlpha[-1.0]isFocusAble[true]shadowIndex[-1]autoJumpType[-1]uniqueID[54resSize0]rect[NULL]
11-06 16:17:25.373 D/BasicFigure( 2491): [TN_GLThread 73]isDrawFocused basicFigure=com.suma.midware.view.b.c.c@3914159e
11-06 16:17:25.556 D/BackBootDealerNeimeng( 2355): standbyState:
11-06 16:17:25.557 E/NetUtils( 2021): Interface eth0 LinkDown!
11-06 16:17:26.057 D/BackBootDealerNeimeng( 2355): standbyState:
11-06 16:17:26.058 E/NetUtils( 2021): Interface eth0 LinkDown!
11-06 16:17:26.393 D/BasicFigure( 2491): [TN_GLThread 73]isDrawFocused relyElement=[BaseElement@346a37d9]focusScale[1.15]elementAlpha[-1.0]refectAlpha[-1.0]isFocusAble[true]shadowIndex[-1]autoJumpType[-1]uniqueID[54resSize0]rect[NULL]
11-06 16:17:26.393 D/BasicFigure( 2491): [TN_GLThread 73]isDrawFocused basicFigure=com.suma.midware.view.b.c.c@3914159e
11-06 16:17:26.559 D/BackBootDealerNeimeng( 2355): standbyState:
11-06 16:17:26.559 E/NetUtils( 2021): Interface eth0 LinkDown!
11-06 16:17:26.707 D/IPLoaderNeimeng( 2355): after wait time16:17:26:monitorInterval:5000
11-06 16:17:26.707 D/IPLoaderNeimeng( 2355): before dealUpdateCheck time:16:17:26:isMsgBroadcast:false:monitorInterval:5000:processState:1
11-06 16:17:26.708 D/IPLoaderNeimeng( 2355): dealUpdateCheck isFirstSuccessUpdate:false:monitorInterval:5000
11-06 16:17:26.708 D/LoadHttpHandler( 2355): [TN_ThreadUtil-6]doNormal proxyConfig=null
11-06 16:17:26.764 D/LoadHttpHandler( 2355): [TN_ThreadUtil-6]doNormal responseCode=404
11-06 16:17:26.765 D/LoadHttpTask( 2355): dealUpdateCheck responseCode:404:data:null:downloadResult:false
11-06 16:17:26.765 D/IPLoaderNeimeng( 2355): after dealUpdateCheck time:16:17:26:isMsgBroadcast:false:monitorInterval:5000:processState:1
11-06 16:17:26.765 D/IPLoaderNeimeng( 2355): before wait time16:17:26:monitorInterval:5000
11-06 16:17:27.060 D/BackBootDealerNeimeng( 2355): standbyState:
11-06 16:17:27.061 E/NetUtils( 2021): Interface eth0 LinkDown!
11-06 16:17:27.401 D/BasicFigure( 2491): [TN_GLThread 73]isDrawFocused relyElement=[BaseElement@346a37d9]focusScale[1.15]elementAlpha[-1.0]refectAlpha[-1.0]isFocusAble[true]shadowIndex[-1]autoJumpType[-1]uniqueID[54resSize0]rect[NULL]
11-06 16:17:27.401 D/BasicFigure( 2491): [TN_GLThread 73]isDrawFocused basicFigure=com.suma.midware.view.b.c.c@3914159e
11-06 16:17:27.562 D/BackBootDealerNeimeng( 2355): standbyState:
11-06 16:17:27.563 E/NetUtils( 2021): Interface eth0 LinkDown!
11-06 16:17:28.063 D/BackBootDealerNeimeng( 2355): standbyState:
11-06 16:17:28.064 E/NetUtils( 2021): Interface eth0 LinkDown!
11-06 16:17:28.420 D/BasicFigure( 2491): [TN_GLThread 73]isDrawFocused relyElement=[BaseElement@346a37d9]focusScale[1.15]elementAlpha[-1.0]refectAlpha[-1.0]isFocusAble[true]shadowIndex[-1]autoJumpType[-1]uniqueID[54resSize0]rect[NULL]
11-06 16:17:28.420 D/BasicFigure( 2491): [TN_GLThread 73]isDrawFocused basicFigure=com.suma.midware.view.b.c.c@3914159e
11-06 16:17:28.565 D/BackBootDealerNeimeng( 2355): standbyState:
11-06 16:17:28.566 E/NetUtils( 2021): Interface eth0 LinkDown!
11-06 16:17:28.699 D/AppUtil ( 2355): [TN_ThreadUtil-14]getActivityPkg index=0,comp=ComponentInfo{com.suma.midware.home/com.suma.midware.home.third.Main3DActivity}
11-06 16:17:28.699 D/AppRuleBaseDealer( 2355): backExcute curActivityPkgName:com.suma.midware.home
11-06 16:17:29.066 D/BackBootDealerNeimeng( 2355): standbyState:
11-06 16:17:29.067 E/NetUtils( 2021): Interface eth0 LinkDown!
11-06 16:17:29.439 D/BasicFigure( 2491): [TN_GLThread 73]isDrawFocused relyElement=[BaseElement@346a37d9]focusScale[1.15]elementAlpha[-1.0]refectAlpha[-1.0]isFocusAble[true]shadowIndex[-1]autoJumpType[-1]uniqueID[54resSize0]rect[NULL]
11-06 16:17:29.440 D/BasicFigure( 2491): [TN_GLThread 73]isDrawFocused basicFigure=com.suma.midware.view.b.c.c@3914159e
11-06 16:17:29.568 D/BackBootDealerNeimeng( 2355): standbyState:
11-06 16:17:29.569 E/NetUtils( 2021): Interface eth0 LinkDown!
11-06 16:17:30.069 D/BackBootDealerNeimeng( 2355): standbyState:
11-06 16:17:30.071 E/NetUtils( 2021): Interface eth0 LinkDown!
11-06 16:17:30.460 D/BasicFigure( 2491): [TN_GLThread 73]isDrawFocused relyElement=[BaseElement@346a37d9]focusScale[1.15]elementAlpha[-1.0]refectAlpha[-1.0]isFocusAble[true]shadowIndex[-1]autoJumpType[-1]uniqueID[54resSize0]rect[NULL]
11-06 16:17:30.460 D/BasicFigure( 2491): [TN_GLThread 73]isDrawFocused basicFigure=com.suma.midware.view.b.c.c@3914159e
11-06 16:17:30.572 D/BackBootDealerNeimeng( 2355): standbyState:
11-06 16:17:30.572 E/NetUtils( 2021): Interface eth0 LinkDown!
11-06 16:17:31.073 D/BackBootDealerNeimeng( 2355): standbyState:
11-06 16:17:31.074 E/NetUtils( 2021): Interface eth0 LinkDown!
11-06 16:17:31.480 D/BasicFigure( 2491): [TN_GLThread 73]isDrawFocused relyElement=[BaseElement@346a37d9]focusScale[1.15]elementAlpha[-1.0]refectAlpha[-1.0]isFocusAble[true]shadowIndex[-1]autoJumpType[-1]uniqueID[54resSize0]rect[NULL]
11-06 16:17:31.480 D/BasicFigure( 2491): [TN_GLThread 73]isDrawFocused basicFigure=com.suma.midware.view.b.c.c@3914159e
11-06 16:17:31.575 D/BackBootDealerNeimeng( 2355): standbyState:
11-06 16:17:31.575 E/NetUtils( 2021): Interface eth0 LinkDown!
11-06 16:17:32.076 D/BackBootDealerNeimeng( 2355): standbyState:
11-06 16:17:32.077 E/NetUtils( 2021): Interface eth0 LinkDown!
11-06 16:17:32.500 D/BasicFigure( 2491): [TN_GLThread 73]isDrawFocused relyElement=[BaseElement@346a37d9]focusScale[1.15]elementAlpha[-1.0]refectAlpha[-1.0]isFocusAble[true]shadowIndex[-1]autoJumpType[-1]uniqueID[54resSize0]rect[NULL]
11-06 16:17:32.500 D/BasicFigure( 2491): [TN_GLThread 73]isDrawFocused basicFigure=com.suma.midware.view.b.c.c@3914159e
11-06 16:17:32.577 D/BackBootDealerNeimeng( 2355): standbyState:
11-06 16:17:32.578 E/NetUtils( 2021): Interface eth0 LinkDown!
11-06 16:17:33.079 D/BackBootDealerNeimeng( 2355): standbyState:
11-06 16:17:33.079 E/NetUtils( 2021): Interface eth0 LinkDown!
11-06 16:17:33.520 D/BasicFigure( 2491): [TN_GLThread 73]isDrawFocused relyElement=[BaseElement@346a37d9]focusScale[1.15]elementAlpha[-1.0]refectAlpha[-1.0]isFocusAble[true]shadowIndex[-1]autoJumpType[-1]uniqueID[54resSize0]rect[NULL]
11-06 16:17:33.520 D/BasicFigure( 2491): [TN_GLThread 73]isDrawFocused basicFigure=com.suma.midware.view.b.c.c@3914159e
11-06 16:17:33.580 D/BackBootDealerNeimeng( 2355): standbyState:
11-06 16:17:33.581 E/NetUtils( 2021): Interface eth0 LinkDown!
11-06 16:17:33.811 D/IPLoaderNeimeng( 2355): after wait time16:17:33:monitorInterval:5000
11-06 16:17:33.811 D/IPLoaderNeimeng( 2355): before dealUpdateCheck time:16:17:33:isMsgBroadcast:false:monitorInterval:5000:processState:1
11-06 16:17:33.812 D/IPLoaderNeimeng( 2355): dealUpdateCheck isFirstSuccessUpdate:false:monitorInterval:5000
11-06 16:17:33.812 D/LoadHttpHandler( 2355): [TN_ThreadUtil-6]doNormal proxyConfig=null
11-06 16:17:33.873 D/LoadHttpHandler( 2355): [TN_ThreadUtil-6]doNormal responseCode=404
11-06 16:17:33.873 D/LoadHttpTask( 2355): dealUpdateCheck responseCode:404:data:null:downloadResult:false
11-06 16:17:33.874 D/IPLoaderNeimeng( 2355): after dealUpdateCheck time:16:17:33:isMsgBroadcast:false:monitorInterval:5000:processState:1
11-06 16:17:33.874 D/IPLoaderNeimeng( 2355): before wait time16:17:33:monitorInterval:5000
11-06 16:17:34.081 D/BackBootDealerNeimeng( 2355): standbyState:
11-06 16:17:34.083 E/NetUtils( 2021): Interface eth0 LinkDown!
11-06 16:17:34.206 E/WifiStateMachine( 2021): WifiStateMachine CMD_START_SCAN source -2 txSuccessRate=28.35 rxSuccessRate=15.89 targetRoamBSSID=78:11:dc:10:d5:2d RSSI=-21
11-06 16:17:34.206 E/WifiStateMachine( 2021): WifiStateMachine starting scan for "Xiaomi_D52C"WPA_PSK with 2412
11-06 16:17:34.541 D/BasicFigure( 2491): [TN_GLThread 73]isDrawFocused relyElement=[BaseElement@346a37d9]focusScale[1.15]elementAlpha[-1.0]refectAlpha[-1.0]isFocusAble[true]shadowIndex[-1]autoJumpType[-1]uniqueID[54resSize0]rect[NULL]
11-06 16:17:34.541 D/BasicFigure( 2491): [TN_GLThread 73]isDrawFocused basicFigure=com.suma.midware.view.b.c.c@3914159e
11-06 16:17:34.583 D/BackBootDealerNeimeng( 2355): standbyState:
11-06 16:17:34.584 E/NetUtils( 2021): Interface eth0 LinkDown!
11-06 16:17:34.935 I/EthernetNetworkFactory( 2021): updateInterfaceState :the mIface is:eth0iface is wlan0 true
11-06 16:17:34.945 E/WifiAutoJoinController ( 2021): Xiaomi_D52C 78:11:dc:10:d5:2d rssi=-21 cap [WPA-PSK-CCMP+TKIP][WPA2-PSK-CCMP+TKIP][WPS][ESS] is not scored
11-06 16:17:34.946 E/WifiAutoJoinController ( 2021): GDWL 86:79:73:27:8c:0d rssi=-50 cap [WPA-PSK-CCMP][WPA2-PSK-CCMP][ESS] is not scored
11-06 16:17:34.946 E/WifiAutoJoinController ( 2021): GDWL 86:79:73:27:8c:13 rssi=-74 cap [WPA-PSK-CCMP][WPA2-PSK-CCMP][ESS] is not scored
11-06 16:17:34.947 E/WifiAutoJoinController ( 2021):  84:79:73:27:8c:0d rssi=-50 cap [WEP][ESS] is not scored
11-06 16:17:34.947 E/WifiAutoJoinController ( 2021):  84:79:73:27:8c:13 rssi=-74 cap [WEP][ESS] is not scored
11-06 16:17:34.947 E/WifiAutoJoinController ( 2021): TP-LINK_gsbgs 9c:21:6a:1e:b5:48 rssi=-78 cap [WPA-PSK-CCMP][WPA2-PSK-CCMP][WPS][ESS] is not scored
11-06 16:17:34.948 E/WifiAutoJoinController ( 2021):  24:69:68:79:91:8a rssi=-76 cap [WPA-PSK-CCMP][WPA2-PSK-CCMP][ESS] is not scored
11-06 16:17:34.948 E/WifiAutoJoinController ( 2021): ageScanResultsOut delay 40000 size 8 now 1509956254948
11-06 16:17:34.948 E/WifiAutoJoinController ( 2021): newSupplicantResults size=8 known=3 true
11-06 16:17:34.950 E/WifiAutoJoinController ( 2021): attemptAutoJoin() status=bssid=78:11:dc:10:d5:2d
11-06 16:17:34.950 E/WifiAutoJoinController ( 2021): freq=2412
11-06 16:17:34.950 E/WifiAutoJoinController ( 2021): ssid=Xiaomi_D52C
11-06 16:17:34.950 E/WifiAutoJoinController ( 2021): id=3
11-06 16:17:34.950 E/WifiAutoJoinController ( 2021): mode=station
11-06 16:17:34.950 E/WifiAutoJoinController ( 2021): pairwise_cipher=CCMP
11-06 16:17:34.950 E/WifiAutoJoinController ( 2021): group_cipher=TKIP
11-06 16:17:34.950 E/WifiAutoJoinController ( 2021): key_mgmt=WPA2-PSK
11-06 16:17:34.950 E/WifiAutoJoinController ( 2021): wpa_state=COMPLETED
11-06 16:17:34.950 E/WifiAutoJoinController ( 2021): ip_address=192.168.31.115
11-06 16:17:34.950 E/WifiAutoJoinController ( 2021): p2p_device_address=0e:62:a6:0c:0f:b2
11-06 16:17:34.950 E/WifiAutoJoinController ( 2021): address=0c:62:a6:0c:0f:b2
11-06 16:17:34.950 E/WifiAutoJoinController ( 2021): uuid=de43a986-3647-5398-876d-b6752834d7e7 split=13
11-06 16:17:34.950 E/WifiAutoJoinController ( 2021): attemptAutoJoin() num recent config 2 current="Xiaomi_D52C"WPA_PSK ---> suppNetId=3
11-06 16:17:34.950 E/WifiAutoJoinController ( 2021): attemptAutoJoin good candidate seen, bumped hard -> status=0 "Xiaomi_D52C"WPA_PSK rssi=(-21,-127) num=(1,0)
11-06 16:17:34.950 E/WifiAutoJoinController ( 2021): attemptAutoJoin skip current candidate  3 key "Xiaomi_D52C"WPA_PSK
11-06 16:17:34.950 E/WifiAutoJoinController ( 2021): attemptAutoJoin good candidate seen, bumped hard -> status=0 "GDWL"WPA_PSK rssi=(-50,-127) num=(9,0)
11-06 16:17:34.950 E/WifiAutoJoinController ( 2021): attemptAutoJoin trying id=2 "GDWL"WPA_PSK status=0
11-06 16:17:34.951 E/WifiAutoJoinController ( 2021): compareNetwork will compare "GDWL"WPA_PSK with current "Xiaomi_D52C"WPA_PSK
11-06 16:17:34.951 E/WifiAutoJoinController ( 2021):     compareWifiConfigurationsRSSI: "Xiaomi_D52C"WPA_PSK rssi=-21,-127 boost=25 "GDWL"WPA_PSK rssi=-50,-127 boost=0
11-06 16:17:34.951 E/WifiAutoJoinController ( 2021):         "Xiaomi_D52C"WPA_PSK is5=false score=4 "GDWL"WPA_PSK is5=false score=-50
11-06 16:17:34.951 E/WifiAutoJoinController ( 2021):     compareWifiConfigurationsRSSI "Xiaomi_D52C"WPA_PSK rssi=(-21,-127) num=(1,0) > "GDWL"WPA_PSK rssi=(-50,-127) num=(9,0) -> -50
11-06 16:17:34.951 E/WifiAutoJoinController ( 2021): compareWifiConfigurations: "Xiaomi_D52C"WPA_PSK > "GDWL"WPA_PSK order -50
11-06 16:17:34.951 E/WifiAutoJoinController ( 2021): attemptAutoJoin networkSwitching candidate "GDWL"WPA_PSK with current "Xiaomi_D52C"WPA_PSK linked=false : delta=-50  -> not switching
11-06 16:17:34.951 E/WifiAutoJoinController ( 2021): attemptRoam: "Xiaomi_D52C"WPA_PSK Found 78:11:dc:10:d5:2d rssi=-21 freq=2412 Current: 78:11:dc:10:d5:2d
11-06 16:17:34.951 E/WifiAutoJoinController ( 2021): Done attemptAutoJoin status=0
11-06 16:17:35.084 D/BackBootDealerNeimeng( 2355): standbyState:
11-06 16:17:35.085 E/NetUtils( 2021): Interface eth0 LinkDown!
11-06 16:17:35.561 D/BasicFigure( 2491): [TN_GLThread 73]isDrawFocused relyElement=[BaseElement@346a37d9]focusScale[1.15]elementAlpha[-1.0]refectAlpha[-1.0]isFocusAble[true]shadowIndex[-1]autoJumpType[-1]uniqueID[54resSize0]rect[NULL]
11-06 16:17:35.561 D/BasicFigure( 2491): [TN_GLThread 73]isDrawFocused basicFigure=com.suma.midware.view.b.c.c@3914159e
11-06 16:17:35.586 D/BackBootDealerNeimeng( 2355): standbyState:
11-06 16:17:35.586 E/NetUtils( 2021): Interface eth0 LinkDown!
11-06 16:17:36.087 D/BackBootDealerNeimeng( 2355): standbyState:
11-06 16:17:36.088 E/NetUtils( 2021): Interface eth0 LinkDown!
11-06 16:17:36.582 D/BasicFigure( 2491): [TN_GLThread 73]isDrawFocused relyElement=[BaseElement@346a37d9]focusScale[1.15]elementAlpha[-1.0]refectAlpha[-1.0]isFocusAble[true]shadowIndex[-1]autoJumpType[-1]uniqueID[54resSize0]rect[NULL]
11-06 16:17:36.582 D/BasicFigure( 2491): [TN_GLThread 73]isDrawFocused basicFigure=com.suma.midware.view.b.c.c@3914159e
11-06 16:17:36.588 D/BackBootDealerNeimeng( 2355): standbyState:
11-06 16:17:36.589 E/NetUtils( 2021): Interface eth0 LinkDown!
11-06 16:17:37.090 D/BackBootDealerNeimeng( 2355): standbyState:
11-06 16:17:37.090 E/NetUtils( 2021): Interface eth0 LinkDown!
11-06 16:17:37.591 D/BackBootDealerNeimeng( 2355): standbyState:
11-06 16:17:37.592 E/NetUtils( 2021): Interface eth0 LinkDown!
11-06 16:17:37.604 D/BasicFigure( 2491): [TN_GLThread 73]isDrawFocused relyElement=[BaseElement@346a37d9]focusScale[1.15]elementAlpha[-1.0]refectAlpha[-1.0]isFocusAble[true]shadowIndex[-1]autoJumpType[-1]uniqueID[54resSize0]rect[NULL]
11-06 16:17:37.604 D/BasicFigure( 2491): [TN_GLThread 73]isDrawFocused basicFigure=com.suma.midware.view.b.c.c@3914159e
11-06 16:17:38.092 D/BackBootDealerNeimeng( 2355): standbyState:
11-06 16:17:38.093 E/NetUtils( 2021): Interface eth0 LinkDown!
11-06 16:17:38.594 D/BackBootDealerNeimeng( 2355): standbyState:
11-06 16:17:38.595 E/NetUtils( 2021): Interface eth0 LinkDown!
11-06 16:17:38.624 D/BasicFigure( 2491): [TN_GLThread 73]isDrawFocused relyElement=[BaseElement@346a37d9]focusScale[1.15]elementAlpha[-1.0]refectAlpha[-1.0]isFocusAble[true]shadowIndex[-1]autoJumpType[-1]uniqueID[54resSize0]rect[NULL]
11-06 16:17:38.624 D/BasicFigure( 2491): [TN_GLThread 73]isDrawFocused basicFigure=com.suma.midware.view.b.c.c@3914159e
11-06 16:17:39.095 D/BackBootDealerNeimeng( 2355): standbyState:
11-06 16:17:39.096 E/NetUtils( 2021): Interface eth0 LinkDown!
11-06 16:17:39.597 D/BackBootDealerNeimeng( 2355): standbyState:
11-06 16:17:39.597 E/NetUtils( 2021): Interface eth0 LinkDown!
11-06 16:17:39.646 D/BasicFigure( 2491): [TN_GLThread 73]isDrawFocused relyElement=[BaseElement@346a37d9]focusScale[1.15]elementAlpha[-1.0]refectAlpha[-1.0]isFocusAble[true]shadowIndex[-1]autoJumpType[-1]uniqueID[54resSize0]rect[NULL]
11-06 16:17:39.646 D/BasicFigure( 2491): [TN_GLThread 73]isDrawFocused basicFigure=com.suma.midware.view.b.c.c@3914159e
11-06 16:17:40.098 D/BackBootDealerNeimeng( 2355): standbyState:
11-06 16:17:40.100 E/NetUtils( 2021): Interface eth0 LinkDown!
11-06 16:17:40.600 D/BackBootDealerNeimeng( 2355): standbyState:
11-06 16:17:40.601 E/NetUtils( 2021): Interface eth0 LinkDown!
11-06 16:17:40.666 D/BasicFigure( 2491): [TN_GLThread 73]isDrawFocused relyElement=[BaseElement@346a37d9]focusScale[1.15]elementAlpha[-1.0]refectAlpha[-1.0]isFocusAble[true]shadowIndex[-1]autoJumpType[-1]uniqueID[54resSize0]rect[NULL]
11-06 16:17:40.666 D/BasicFigure( 2491): [TN_GLThread 73]isDrawFocused basicFigure=com.suma.midware.view.b.c.c@3914159e
11-06 16:17:41.102 D/BackBootDealerNeimeng( 2355): standbyState:
11-06 16:17:41.103 E/NetUtils( 2021): Interface eth0 LinkDown!
11-06 16:17:41.603 D/BackBootDealerNeimeng( 2355): standbyState:
11-06 16:17:41.604 E/NetUtils( 2021): Interface eth0 LinkDown!
11-06 16:17:41.686 D/BasicFigure( 2491): [TN_GLThread 73]isDrawFocused relyElement=[BaseElement@346a37d9]focusScale[1.15]elementAlpha[-1.0]refectAlpha[-1.0]isFocusAble[true]shadowIndex[-1]autoJumpType[-1]uniqueID[54resSize0]rect[NULL]
11-06 16:17:41.686 D/BasicFigure( 2491): [TN_GLThread 73]isDrawFocused basicFigure=com.suma.midware.view.b.c.c@3914159e
11-06 16:17:42.104 D/BackBootDealerNeimeng( 2355): standbyState:
11-06 16:17:42.106 E/NetUtils( 2021): Interface eth0 LinkDown!
11-06 16:17:42.606 D/BackBootDealerNeimeng( 2355): standbyState:
11-06 16:17:42.607 E/NetUtils( 2021): Interface eth0 LinkDown!
11-06 16:17:42.706 D/BasicFigure( 2491): [TN_GLThread 73]isDrawFocused relyElement=[BaseElement@346a37d9]focusScale[1.15]elementAlpha[-1.0]refectAlpha[-1.0]isFocusAble[true]shadowIndex[-1]autoJumpType[-1]uniqueID[54resSize0]rect[NULL]
11-06 16:17:42.706 D/BasicFigure( 2491): [TN_GLThread 73]isDrawFocused basicFigure=com.suma.midware.view.b.c.c@3914159e
11-06 16:17:43.107 D/BackBootDealerNeimeng( 2355): standbyState:
11-06 16:17:43.108 E/NetUtils( 2021): Interface eth0 LinkDown!
11-06 16:17:43.609 D/BackBootDealerNeimeng( 2355): standbyState:
11-06 16:17:43.609 E/NetUtils( 2021): Interface eth0 LinkDown!
11-06 16:17:43.727 D/BasicFigure( 2491): [TN_GLThread 73]isDrawFocused relyElement=[BaseElement@346a37d9]focusScale[1.15]elementAlpha[-1.0]refectAlpha[-1.0]isFocusAble[true]shadowIndex[-1]autoJumpType[-1]uniqueID[54resSize0]rect[NULL]
11-06 16:17:43.728 D/BasicFigure( 2491): [TN_GLThread 73]isDrawFocused basicFigure=com.suma.midware.view.b.c.c@3914159e
11-06 16:17:44.110 D/BackBootDealerNeimeng( 2355): standbyState:
11-06 16:17:44.111 E/NetUtils( 2021): Interface eth0 LinkDown!
11-06 16:17:44.612 D/BackBootDealerNeimeng( 2355): standbyState:
11-06 16:17:44.612 E/NetUtils( 2021): Interface eth0 LinkDown!
11-06 16:17:44.735 D/BasicFigure( 2491): [TN_GLThread 73]isDrawFocused relyElement=[BaseElement@346a37d9]focusScale[1.15]elementAlpha[-1.0]refectAlpha[-1.0]isFocusAble[true]shadowIndex[-1]autoJumpType[-1]uniqueID[54resSize0]rect[NULL]
11-06 16:17:44.735 D/BasicFigure( 2491): [TN_GLThread 73]isDrawFocused basicFigure=com.suma.midware.view.b.c.c@3914159e
11-06 16:17:45.113 D/BackBootDealerNeimeng( 2355): standbyState:
11-06 16:17:45.114 E/NetUtils( 2021): Interface eth0 LinkDown!
11-06 16:17:45.614 D/BackBootDealerNeimeng( 2355): standbyState:
11-06 16:17:45.615 E/NetUtils( 2021): Interface eth0 LinkDown!
11-06 16:17:45.754 D/BasicFigure( 2491): [TN_GLThread 73]isDrawFocused relyElement=[BaseElement@346a37d9]focusScale[1.15]elementAlpha[-1.0]refectAlpha[-1.0]isFocusAble[true]shadowIndex[-1]autoJumpType[-1]uniqueID[54resSize0]rect[NULL]
11-06 16:17:45.754 D/BasicFigure( 2491): [TN_GLThread 73]isDrawFocused basicFigure=com.suma.midware.view.b.c.c@3914159e
11-06 16:17:46.116 D/BackBootDealerNeimeng( 2355): standbyState:
11-06 16:17:46.117 E/NetUtils( 2021): Interface eth0 LinkDown!
11-06 16:17:46.240 E/NetUtils( 2021): Interface eth0 LinkDown!
11-06 16:17:46.242 D/SetService( 2700): ispppoeOpen:false:reConnectCount:0
11-06 16:17:46.617 D/BackBootDealerNeimeng( 2355): standbyState:
11-06 16:17:46.618 E/NetUtils( 2021): Interface eth0 LinkDown!
11-06 16:17:46.773 D/BasicFigure( 2491): [TN_GLThread 73]isDrawFocused relyElement=[BaseElement@346a37d9]focusScale[1.15]elementAlpha[-1.0]refectAlpha[-1.0]isFocusAble[true]shadowIndex[-1]autoJumpType[-1]uniqueID[54resSize0]rect[NULL]
11-06 16:17:46.773 D/BasicFigure( 2491): [TN_GLThread 73]isDrawFocused basicFigure=com.suma.midware.view.b.c.c@3914159e
11-06 16:17:47.119 D/BackBootDealerNeimeng( 2355): standbyState:
11-06 16:17:47.119 E/NetUtils( 2021): Interface eth0 LinkDown!
11-06 16:17:47.620 D/BackBootDealerNeimeng( 2355): standbyState:
11-06 16:17:47.621 E/NetUtils( 2021): Interface eth0 LinkDown!
11-06 16:17:47.793 D/BasicFigure( 2491): [TN_GLThread 73]isDrawFocused relyElement=[BaseElement@346a37d9]focusScale[1.15]elementAlpha[-1.0]refectAlpha[-1.0]isFocusAble[true]shadowIndex[-1]autoJumpType[-1]uniqueID[54resSize0]rect[NULL]
11-06 16:17:47.793 D/BasicFigure( 2491): [TN_GLThread 73]isDrawFocused basicFigure=com.suma.midware.view.b.c.c@3914159e
11-06 16:17:48.122 D/BackBootDealerNeimeng( 2355): standbyState:
11-06 16:17:48.123 E/NetUtils( 2021): Interface eth0 LinkDown!
11-06 16:17:48.623 D/BackBootDealerNeimeng( 2355): standbyState:
11-06 16:17:48.624 E/NetUtils( 2021): Interface eth0 LinkDown!
11-06 16:17:48.813 D/BasicFigure( 2491): [TN_GLThread 73]isDrawFocused relyElement=[BaseElement@346a37d9]focusScale[1.15]elementAlpha[-1.0]refectAlpha[-1.0]isFocusAble[true]shadowIndex[-1]autoJumpType[-1]uniqueID[54resSize0]rect[NULL]
11-06 16:17:48.813 D/BasicFigure( 2491): [TN_GLThread 73]isDrawFocused basicFigure=com.suma.midware.view.b.c.c@3914159e
11-06 16:17:49.124 D/BackBootDealerNeimeng( 2355): standbyState:
11-06 16:17:49.125 E/NetUtils( 2021): Interface eth0 LinkDown!
11-06 16:17:49.626 D/BackBootDealerNeimeng( 2355): standbyState:
11-06 16:17:49.627 E/NetUtils( 2021): Interface eth0 LinkDown!
11-06 16:17:49.833 D/BasicFigure( 2491): [TN_GLThread 73]isDrawFocused relyElement=[BaseElement@346a37d9]focusScale[1.15]elementAlpha[-1.0]refectAlpha[-1.0]isFocusAble[true]shadowIndex[-1]autoJumpType[-1]uniqueID[54resSize0]rect[NULL]
11-06 16:17:49.833 D/BasicFigure( 2491): [TN_GLThread 73]isDrawFocused basicFigure=com.suma.midware.view.b.c.c@3914159e
11-06 16:17:50.127 D/BackBootDealerNeimeng( 2355): standbyState:
11-06 16:17:50.128 E/NetUtils( 2021): Interface eth0 LinkDown!
11-06 16:17:50.209 D/AppUtil ( 2355): [TN_ThreadUtil-3]getActivityPkg index=0,comp=ComponentInfo{com.suma.midware.home/com.suma.midware.home.third.Main3DActivity}
11-06 16:17:50.209 D/AppKiller( 2355): [TN_ThreadUtil-3]backKill curPkgName=com.suma.midware.home
11-06 16:17:50.629 D/BackBootDealerNeimeng( 2355): standbyState:
11-06 16:17:50.629 E/NetUtils( 2021): Interface eth0 LinkDown!
11-06 16:17:50.739 D/ConfigUpdateOttAdmin( 2491): [TN_ThreadUtil-0]dealUpdateCheck menuConfig=[MenuConfig@f5d]configID[3840]configAlias[homeConfig]configName[home_config.dat]version[1]isFilePath1[false]rootView[com.suma.midware.home.third.h{1ee6ac1a VFE..... .F...... 0,0-1280,720}]rootLayout[null]
11-06 16:17:50.739 D/FileIOUtil( 2491): [TN_ThreadUtil-0]deleteFile filePath=/data/user/0/com.suma.midware.home/files/launcherRes/f00/1/,containRootDir=false
11-06 16:17:50.739 D/FileIOUtil( 2491): [TN_ThreadUtil-0]deleteFile file=/data/user/0/com.suma.midware.home/files/launcherRes/f00/1,containRootDir=false
11-06 16:17:50.740 E/ConfigUpdateNeimengOttAdmin( 2491): [TN_ThreadUtil-0]checkConfig url=http://tvos-launcher.96066.com:8082/LancherWeb/getLauncherUpdatePackage?areaCode=&serialNumber=15510217310112851&standardVersion=1.0&mac=&hardVersion=04.01.01.02&launcherVersion=0&locationCode=0&cardOutID=8150010653229443&softVersion=03.16.00.03&type=1&model=8
11-06 16:17:50.740 D/LoadHttpHandler( 2491): [TN_ThreadUtil-0]doNormal proxyConfig=null
11-06 16:17:50.824 D/LoadHttpHandler( 2491): [TN_ThreadUtil-0]doNormal responseCode=200
11-06 16:17:50.824 D/LoadHttpHandler( 2491): [TN_ThreadUtil-0]doNormal savePath=null,fileName=null,total=-1
11-06 16:17:50.824 E/ConfigUpdateNeimengOttAdmin( 2491): [TN_ThreadUtil-0]data: {"status":"0","errorMessage":"","data":""}
11-06 16:17:50.824 E/ConfigUpdateNeimengOttAdmin( 2491): [TN_ThreadUtil-0]checkConfig illegal version is null
11-06 16:17:50.853 D/BasicFigure( 2491): [TN_GLThread 73]isDrawFocused relyElement=[BaseElement@346a37d9]focusScale[1.15]elementAlpha[-1.0]refectAlpha[-1.0]isFocusAble[true]shadowIndex[-1]autoJumpType[-1]uniqueID[54resSize0]rect[NULL]
11-06 16:17:50.853 D/BasicFigure( 2491): [TN_GLThread 73]isDrawFocused basicFigure=com.suma.midware.view.b.c.c@3914159e
11-06 16:17:51.130 D/BackBootDealerNeimeng( 2355): standbyState:
11-06 16:17:51.130 E/NetUtils( 2021): Interface eth0 LinkDown!
11-06 16:17:51.631 D/BackBootDealerNeimeng( 2355): standbyState:
11-06 16:17:51.632 E/NetUtils( 2021): Interface eth0 LinkDown!
11-06 16:17:51.872 D/BasicFigure( 2491): [TN_GLThread 73]isDrawFocused relyElement=[BaseElement@346a37d9]focusScale[1.15]elementAlpha[-1.0]refectAlpha[-1.0]isFocusAble[true]shadowIndex[-1]autoJumpType[-1]uniqueID[54resSize0]rect[NULL]
11-06 16:17:51.872 D/BasicFigure( 2491): [TN_GLThread 73]isDrawFocused basicFigure=com.suma.midware.view.b.c.c@3914159e
11-06 16:17:52.132 D/BackBootDealerNeimeng( 2355): standbyState:
11-06 16:17:52.133 E/NetUtils( 2021): Interface eth0 LinkDown!
11-06 16:17:52.634 D/BackBootDealerNeimeng( 2355): standbyState:
11-06 16:17:52.635 E/NetUtils( 2021): Interface eth0 LinkDown!
11-06 16:17:52.892 D/BasicFigure( 2491): [TN_GLThread 73]isDrawFocused relyElement=[BaseElement@346a37d9]focusScale[1.15]elementAlpha[-1.0]refectAlpha[-1.0]isFocusAble[true]shadowIndex[-1]autoJumpType[-1]uniqueID[54resSize0]rect[NULL]
11-06 16:17:52.892 D/BasicFigure( 2491): [TN_GLThread 73]isDrawFocused basicFigure=com.suma.midware.view.b.c.c@3914159e
11-06 16:17:53.135 D/BackBootDealerNeimeng( 2355): standbyState:
11-06 16:17:53.137 E/NetUtils( 2021): Interface eth0 LinkDown!
11-06 16:17:53.638 D/BackBootDealerNeimeng( 2355): standbyState:
11-06 16:17:53.638 E/NetUtils( 2021): Interface eth0 LinkDown!
11-06 16:17:53.911 D/BasicFigure( 2491): [TN_GLThread 73]isDrawFocused relyElement=[BaseElement@346a37d9]focusScale[1.15]elementAlpha[-1.0]refectAlpha[-1.0]isFocusAble[true]shadowIndex[-1]autoJumpType[-1]uniqueID[54resSize0]rect[NULL]
11-06 16:17:53.912 D/BasicFigure( 2491): [TN_GLThread 73]isDrawFocused basicFigure=com.suma.midware.view.b.c.c@3914159e
11-06 16:17:54.139 D/BackBootDealerNeimeng( 2355): standbyState:
11-06 16:17:54.140 E/NetUtils( 2021): Interface eth0 LinkDown!
11-06 16:17:54.208 E/WifiStateMachine( 2021): WifiStateMachine CMD_START_SCAN source -2 txSuccessRate=29.68 rxSuccessRate=27.08 targetRoamBSSID=78:11:dc:10:d5:2d RSSI=-20
11-06 16:17:54.209 E/WifiStateMachine( 2021): WifiStateMachine starting scan for "Xiaomi_D52C"WPA_PSK with 2412
11-06 16:17:54.641 D/BackBootDealerNeimeng( 2355): standbyState:
11-06 16:17:54.641 E/NetUtils( 2021): Interface eth0 LinkDown!
11-06 16:17:54.749 D/Advertiser( 2428): End of sleep at time:1509956274749
11-06 16:17:54.750 D/Advertiser( 2428): Begin announce....with thread:org.cybergarage.d.b.a@25ed9e23
11-06 16:17:54.750 D/TimerUtil( 2428): waitRandom time=300,waitTime=103
11-06 16:17:54.750 D/Device  ( 2428): announce deviceDataBindAddress null
11-06 16:17:54.754 D/Device  ( 2428): announce 0 bindAddress=192.168.31.115
11-06 16:17:54.755 D/HTTPMUSocket( 2428): open addr=239.255.255.250,port=1900,bindAddr=192.168.31.115
11-06 16:17:54.760 D/HTTPMUSocket( 2428): send msg:NOTIFY * HTTP/1.1
11-06 16:17:54.760 D/HTTPMUSocket( 2428): Server: Linux/3.18.24_hi3798mv2x UPnP/1.0 CyberLinkJava/1.8
11-06 16:17:54.760 D/HTTPMUSocket( 2428): Cache-Control: max-age=1800
11-06 16:17:54.760 D/HTTPMUSocket( 2428): Location: http://192.168.31.115:38520/description.xml
11-06 16:17:54.760 D/HTTPMUSocket( 2428): NTS: ssdp:alive
11-06 16:17:54.760 D/HTTPMUSocket( 2428): NT: upnp:rootdevice
11-06 16:17:54.760 D/HTTPMUSocket( 2428): USN: uuid:418c7b66-86de-45d5-90fd-13e1eb88db7e::upnp:rootdevice
11-06 16:17:54.760 D/HTTPMUSocket( 2428): HOST: 239.255.255.250:1900
11-06 16:17:54.760 D/HTTPMUSocket( 2428): 
11-06 16:17:54.760 D/HTTPMUSocket( 2428): bindAddr:null and port:-1
11-06 16:17:54.760 D/HTTPMUSocket( 2428): /192.168.31.115
11-06 16:17:54.761 D/HTTPMUSocket( 2428): send msg:NOTIFY * HTTP/1.1
11-06 16:17:54.761 D/HTTPMUSocket( 2428): Server: Linux/3.18.24_hi3798mv2x UPnP/1.0 CyberLinkJava/1.8
11-06 16:17:54.761 D/HTTPMUSocket( 2428): Cache-Control: max-age=1800
11-06 16:17:54.761 D/HTTPMUSocket( 2428): Location: http://192.168.31.115:38520/description.xml
11-06 16:17:54.761 D/HTTPMUSocket( 2428): NTS: ssdp:alive
11-06 16:17:54.761 D/HTTPMUSocket( 2428): NT: uuid:418c7b66-86de-45d5-90fd-13e1eb88db7e
11-06 16:17:54.761 D/HTTPMUSocket( 2428): USN: uuid:418c7b66-86de-45d5-90fd-13e1eb88db7e
11-06 16:17:54.761 D/HTTPMUSocket( 2428): HOST: 239.255.255.250:1900
11-06 16:17:54.761 D/HTTPMUSocket( 2428): 
11-06 16:17:54.761 D/HTTPMUSocket( 2428): bindAddr:null and port:-1
11-06 16:17:54.762 D/HTTPMUSocket( 2428): /192.168.31.115
11-06 16:17:54.762 D/HTTPMUSocket( 2428): send msg:NOTIFY * HTTP/1.1
11-06 16:17:54.762 D/HTTPMUSocket( 2428): Server: Linux/3.18.24_hi3798mv2x UPnP/1.0 CyberLinkJava/1.8
11-06 16:17:54.762 D/HTTPMUSocket( 2428): Cache-Control: max-age=1800
11-06 16:17:54.762 D/HTTPMUSocket( 2428): Location: http://192.168.31.115:38520/description.xml
11-06 16:17:54.762 D/HTTPMUSocket( 2428): NTS: ssdp:alive
11-06 16:17:54.762 D/HTTPMUSocket( 2428): NT: urn:schemas-upnp-org:device:MediaServer:1
11-06 16:17:54.762 D/HTTPMUSocket( 2428): USN: uuid:418c7b66-86de-45d5-90fd-13e1eb88db7e::urn:schemas-upnp-org:device:MediaServer:1
11-06 16:17:54.762 D/HTTPMUSocket( 2428): HOST: 239.255.255.250:1900
11-06 16:17:54.762 D/HTTPMUSocket( 2428): 
11-06 16:17:54.763 D/HTTPMUSocket( 2428): bindAddr:null and port:-1
11-06 16:17:54.763 D/HTTPMUSocket( 2428): /192.168.31.115
11-06 16:17:54.764 D/Device  ( 2428): announce bindAddr=192.168.31.115,devLocation=http://192.168.31.115:38520/description.xml,location=http://192.168.31.115:38520/description.xml
11-06 16:17:54.764 D/Device  ( 2428): announce bindAddr=192.168.31.115,serviceDesUrl=
11-06 16:17:54.765 D/HTTPMUSocket( 2428): open addr=239.255.255.250,port=1900,bindAddr=192.168.31.115
11-06 16:17:54.769 D/TimerUtil( 2428): waitRandom time=300,waitTime=3
11-06 16:17:54.769 D/HTTPMUSocket( 2428): send msg:NOTIFY * HTTP/1.1
11-06 16:17:54.769 D/HTTPMUSocket( 2428): Server: Linux/3.18.24_hi3798mv2x UPnP/1.0 CyberLinkJava/1.8
11-06 16:17:54.769 D/HTTPMUSocket( 2428): Cache-Control: max-age=1800
11-06 16:17:54.769 D/HTTPMUSocket( 2428): Location: http://192.168.31.115:38520/description.xml
11-06 16:17:54.769 D/HTTPMUSocket( 2428): NTS: ssdp:alive
11-06 16:17:54.769 D/HTTPMUSocket( 2428): NT: urn:schemas-upnp-org:service:ContentDirectory:1
11-06 16:17:54.769 D/HTTPMUSocket( 2428): USN: uuid:418c7b66-86de-45d5-90fd-13e1eb88db7e::urn:schemas-upnp-org:service:ContentDirectory:1
11-06 16:17:54.769 D/HTTPMUSocket( 2428): HOST: 239.255.255.250:1900
11-06 16:17:54.769 D/HTTPMUSocket( 2428): 
11-06 16:17:54.769 D/HTTPMUSocket( 2428): bindAddr:null and port:-1
11-06 16:17:54.770 D/HTTPMUSocket( 2428): /192.168.31.115
11-06 16:17:54.771 D/Device  ( 2428): announce bindAddr=192.168.31.115,serviceDesUrl=
11-06 16:17:54.771 D/HTTPMUSocket( 2428): open addr=239.255.255.250,port=1900,bindAddr=192.168.31.115
11-06 16:17:54.776 D/TimerUtil( 2428): waitRandom time=300,waitTime=101
11-06 16:17:54.776 D/HTTPMUSocket( 2428): send msg:NOTIFY * HTTP/1.1
11-06 16:17:54.776 D/HTTPMUSocket( 2428): Server: Linux/3.18.24_hi3798mv2x UPnP/1.0 CyberLinkJava/1.8
11-06 16:17:54.776 D/HTTPMUSocket( 2428): Cache-Control: max-age=1800
11-06 16:17:54.776 D/HTTPMUSocket( 2428): Location: http://192.168.31.115:38520/description.xml
11-06 16:17:54.776 D/HTTPMUSocket( 2428): NTS: ssdp:alive
11-06 16:17:54.776 D/HTTPMUSocket( 2428): NT: urn:schemas-upnp-org:service:ConnectionManager:1
11-06 16:17:54.776 D/HTTPMUSocket( 2428): USN: uuid:418c7b66-86de-45d5-90fd-13e1eb88db7e::urn:schemas-upnp-org:service:ConnectionManager:1
11-06 16:17:54.776 D/HTTPMUSocket( 2428): HOST: 239.255.255.250:1900
11-06 16:17:54.776 D/HTTPMUSocket( 2428): 
11-06 16:17:54.776 D/HTTPMUSocket( 2428): bindAddr:null and port:-1
11-06 16:17:54.777 D/HTTPMUSocket( 2428): /192.168.31.115
11-06 16:17:54.777 D/Device  ( 2428): announce bindAddr=192.168.31.115,serviceDesUrl=
11-06 16:17:54.778 D/HTTPMUSocket( 2428): open addr=239.255.255.250,port=1900,bindAddr=192.168.31.115
11-06 16:17:54.782 D/TimerUtil( 2428): waitRandom time=300,waitTime=22
11-06 16:17:54.782 D/HTTPMUSocket( 2428): send msg:NOTIFY * HTTP/1.1
11-06 16:17:54.782 D/HTTPMUSocket( 2428): Server: Linux/3.18.24_hi3798mv2x UPnP/1.0 CyberLinkJava/1.8
11-06 16:17:54.782 D/HTTPMUSocket( 2428): Cache-Control: max-age=1800
11-06 16:17:54.782 D/HTTPMUSocket( 2428): Location: http://192.168.31.115:38520/description.xml
11-06 16:17:54.782 D/HTTPMUSocket( 2428): NTS: ssdp:alive
11-06 16:17:54.782 D/HTTPMUSocket( 2428): NT: urn:schemas-upnp-org:service:AVTransport:1
11-06 16:17:54.782 D/HTTPMUSocket( 2428): USN: uuid:418c7b66-86de-45d5-90fd-13e1eb88db7e::urn:schemas-upnp-org:service:AVTransport:1
11-06 16:17:54.782 D/HTTPMUSocket( 2428): HOST: 239.255.255.250:1900
11-06 16:17:54.782 D/HTTPMUSocket( 2428): 
11-06 16:17:54.782 D/HTTPMUSocket( 2428): bindAddr:null and port:-1
11-06 16:17:54.783 D/HTTPMUSocket( 2428): /192.168.31.115
11-06 16:17:54.783 D/Device  ( 2428): announce bindAddr=192.168.31.115,serviceDesUrl=
11-06 16:17:54.784 D/HTTPMUSocket( 2428): open addr=239.255.255.250,port=1900,bindAddr=192.168.31.115
11-06 16:17:54.788 D/TimerUtil( 2428): waitRandom time=300,waitTime=122
11-06 16:17:54.789 D/HTTPMUSocket( 2428): send msg:NOTIFY * HTTP/1.1
11-06 16:17:54.789 D/HTTPMUSocket( 2428): Server: Linux/3.18.24_hi3798mv2x UPnP/1.0 CyberLinkJava/1.8
11-06 16:17:54.789 D/HTTPMUSocket( 2428): Cache-Control: max-age=1800
11-06 16:17:54.789 D/HTTPMUSocket( 2428): Location: http://192.168.31.115:38520/description.xml
11-06 16:17:54.789 D/HTTPMUSocket( 2428): NTS: ssdp:alive
11-06 16:17:54.789 D/HTTPMUSocket( 2428): NT: urn:sumavision.com:service:X_SUMA_EVENT:1
11-06 16:17:54.789 D/HTTPMUSocket( 2428): USN: uuid:418c7b66-86de-45d5-90fd-13e1eb88db7e::urn:sumavision.com:service:X_SUMA_EVENT:1
11-06 16:17:54.789 D/HTTPMUSocket( 2428): HOST: 239.255.255.250:1900
11-06 16:17:54.789 D/HTTPMUSocket( 2428): 
11-06 16:17:54.789 D/HTTPMUSocket( 2428): bindAddr:null and port:-1
11-06 16:17:54.789 D/HTTPMUSocket( 2428): /192.168.31.115
11-06 16:17:54.790 D/Advertiser( 2428): Advertise12:43000 at time:1509956274790 with thread:org.cybergarage.d.b.a@25ed9e23
11-06 16:17:54.932 D/BasicFigure( 2491): [TN_GLThread 73]isDrawFocused relyElement=[BaseElement@346a37d9]focusScale[1.15]elementAlpha[-1.0]refectAlpha[-1.0]isFocusAble[true]shadowIndex[-1]autoJumpType[-1]uniqueID[54resSize0]rect[NULL]
11-06 16:17:54.932 D/BasicFigure( 2491): [TN_GLThread 73]isDrawFocused basicFigure=com.suma.midware.view.b.c.c@3914159e
11-06 16:17:54.939 I/EthernetNetworkFactory( 2021): updateInterfaceState :the mIface is:eth0iface is wlan0 true
11-06 16:17:54.947 E/WifiAutoJoinController ( 2021): Xiaomi_D52C 78:11:dc:10:d5:2d rssi=-20 cap [WPA-PSK-CCMP+TKIP][WPA2-PSK-CCMP+TKIP][WPS][ESS] is not scored
11-06 16:17:54.947 E/WifiAutoJoinController ( 2021): GDWL 86:79:73:27:8c:0d rssi=-50 cap [WPA-PSK-CCMP][WPA2-PSK-CCMP][ESS] is not scored
11-06 16:17:54.948 E/WifiAutoJoinController ( 2021): GDWL 86:79:73:27:8c:13 rssi=-74 cap [WPA-PSK-CCMP][WPA2-PSK-CCMP][ESS] is not scored
11-06 16:17:54.948 E/WifiAutoJoinController ( 2021):  84:79:73:27:8c:0d rssi=-50 cap [WEP][ESS] is not scored
11-06 16:17:54.948 E/WifiAutoJoinController ( 2021):  84:79:73:27:8c:13 rssi=-74 cap [WEP][ESS] is not scored
11-06 16:17:54.948 E/WifiAutoJoinController ( 2021): TP-LINK_gsbgs 9c:21:6a:1e:b5:48 rssi=-76 cap [WPA-PSK-CCMP][WPA2-PSK-CCMP][WPS][ESS] is not scored
11-06 16:17:54.949 E/WifiAutoJoinController ( 2021):  24:69:68:79:91:8a rssi=-72 cap [WPA-PSK-CCMP][WPA2-PSK-CCMP][ESS] is not scored
11-06 16:17:54.949 E/WifiAutoJoinController ( 2021): ageScanResultsOut delay 40000 size 8 now 1509956274949
11-06 16:17:54.949 E/WifiAutoJoinController ( 2021): newSupplicantResults size=7 known=3 true
11-06 16:17:54.951 E/WifiAutoJoinController ( 2021): attemptAutoJoin() status=bssid=78:11:dc:10:d5:2d
11-06 16:17:54.951 E/WifiAutoJoinController ( 2021): freq=2412
11-06 16:17:54.951 E/WifiAutoJoinController ( 2021): ssid=Xiaomi_D52C
11-06 16:17:54.951 E/WifiAutoJoinController ( 2021): id=3
11-06 16:17:54.951 E/WifiAutoJoinController ( 2021): mode=station
11-06 16:17:54.951 E/WifiAutoJoinController ( 2021): pairwise_cipher=CCMP
11-06 16:17:54.951 E/WifiAutoJoinController ( 2021): group_cipher=TKIP
11-06 16:17:54.951 E/WifiAutoJoinController ( 2021): key_mgmt=WPA2-PSK
11-06 16:17:54.951 E/WifiAutoJoinController ( 2021): wpa_state=COMPLETED
11-06 16:17:54.951 E/WifiAutoJoinController ( 2021): ip_address=192.168.31.115
11-06 16:17:54.951 E/WifiAutoJoinController ( 2021): p2p_device_address=0e:62:a6:0c:0f:b2
11-06 16:17:54.951 E/WifiAutoJoinController ( 2021): address=0c:62:a6:0c:0f:b2
11-06 16:17:54.951 E/WifiAutoJoinController ( 2021): uuid=de43a986-3647-5398-876d-b6752834d7e7 split=13
11-06 16:17:54.951 E/WifiAutoJoinController ( 2021): attemptAutoJoin() num recent config 2 current="Xiaomi_D52C"WPA_PSK ---> suppNetId=3
11-06 16:17:54.951 E/WifiAutoJoinController ( 2021): attemptAutoJoin good candidate seen, bumped hard -> status=0 "Xiaomi_D52C"WPA_PSK rssi=(-20,-127) num=(1,0)
11-06 16:17:54.951 E/WifiAutoJoinController ( 2021): attemptAutoJoin skip current candidate  3 key "Xiaomi_D52C"WPA_PSK
11-06 16:17:54.951 E/WifiAutoJoinController ( 2021): attemptAutoJoin good candidate seen, bumped hard -> status=0 "GDWL"WPA_PSK rssi=(-50,-127) num=(9,0)
11-06 16:17:54.951 E/WifiAutoJoinController ( 2021): attemptAutoJoin trying id=2 "GDWL"WPA_PSK status=0
11-06 16:17:54.951 E/WifiAutoJoinController ( 2021): compareNetwork will compare "GDWL"WPA_PSK with current "Xiaomi_D52C"WPA_PSK
11-06 16:17:54.951 E/WifiAutoJoinController ( 2021):     compareWifiConfigurationsRSSI: "Xiaomi_D52C"WPA_PSK rssi=-20,-127 boost=25 "GDWL"WPA_PSK rssi=-50,-127 boost=0
11-06 16:17:54.951 E/WifiAutoJoinController ( 2021):         "Xiaomi_D52C"WPA_PSK is5=false score=5 "GDWL"WPA_PSK is5=false score=-50
11-06 16:17:54.951 E/WifiAutoJoinController ( 2021):     compareWifiConfigurationsRSSI "Xiaomi_D52C"WPA_PSK rssi=(-20,-127) num=(1,0) > "GDWL"WPA_PSK rssi=(-50,-127) num=(9,0) -> -50
11-06 16:17:54.951 E/WifiAutoJoinController ( 2021): compareWifiConfigurations: "Xiaomi_D52C"WPA_PSK > "GDWL"WPA_PSK order -50
11-06 16:17:54.951 E/WifiAutoJoinController ( 2021): attemptAutoJoin networkSwitching candidate "GDWL"WPA_PSK with current "Xiaomi_D52C"WPA_PSK linked=false : delta=-50  -> not switching
11-06 16:17:54.951 E/WifiAutoJoinController ( 2021): attemptRoam: "Xiaomi_D52C"WPA_PSK Found 78:11:dc:10:d5:2d rssi=-20 freq=2412 Current: 78:11:dc:10:d5:2d
11-06 16:17:54.951 E/WifiAutoJoinController ( 2021): Done attemptAutoJoin status=0
11-06 16:17:55.142 D/BackBootDealerNeimeng( 2355): standbyState:
11-06 16:17:55.143 E/NetUtils( 2021): Interface eth0 LinkDown!
11-06 16:17:55.643 D/BackBootDealerNeimeng( 2355): standbyState:
11-06 16:17:55.644 E/NetUtils( 2021): Interface eth0 LinkDown!
11-06 16:17:55.952 D/BasicFigure( 2491): [TN_GLThread 73]isDrawFocused relyElement=[BaseElement@346a37d9]focusScale[1.15]elementAlpha[-1.0]refectAlpha[-1.0]isFocusAble[true]shadowIndex[-1]autoJumpType[-1]uniqueID[54resSize0]rect[NULL]
11-06 16:17:55.952 D/BasicFigure( 2491): [TN_GLThread 73]isDrawFocused basicFigure=com.suma.midware.view.b.c.c@3914159e
11-06 16:17:56.145 D/BackBootDealerNeimeng( 2355): standbyState:
11-06 16:17:56.146 E/NetUtils( 2021): Interface eth0 LinkDown!
11-06 16:17:56.581 D/Device  ( 2428): deviceSearchResponse(SSDPPacket ssdpPacket):M-SEARCH * HTTP/1.1
11-06 16:17:56.581 D/Device  ( 2428): HOST: 239.255.255.250:1900
11-06 16:17:56.581 D/Device  ( 2428): MAN: "ssdp:discover"
11-06 16:17:56.581 D/Device  ( 2428): MX: 1
11-06 16:17:56.581 D/Device  ( 2428): ST: urn:dial-multiscreen-org:service:dial:1
11-06 16:17:56.581 D/Device  ( 2428): USER-AGENT: Google Chrome/62.0.3202.75 Windows
11-06 16:17:56.581 D/Device  ( 2428): 
11-06 16:17:56.647 D/BackBootDealerNeimeng( 2355): standbyState:
11-06 16:17:56.647 E/NetUtils( 2021): Interface eth0 LinkDown!
11-06 16:17:56.971 D/BasicFigure( 2491): [TN_GLThread 73]isDrawFocused relyElement=[BaseElement@346a37d9]focusScale[1.15]elementAlpha[-1.0]refectAlpha[-1.0]isFocusAble[true]shadowIndex[-1]autoJumpType[-1]uniqueID[54resSize0]rect[NULL]
11-06 16:17:56.971 D/BasicFigure( 2491): [TN_GLThread 73]isDrawFocused basicFigure=com.suma.midware.view.b.c.c@3914159e
11-06 16:17:57.147 D/BackBootDealerNeimeng( 2355): standbyState:
11-06 16:17:57.148 E/NetUtils( 2021): Interface eth0 LinkDown!
11-06 16:17:57.585 D/Device  ( 2428): deviceSearchResponse(SSDPPacket ssdpPacket):M-SEARCH * HTTP/1.1
11-06 16:17:57.585 D/Device  ( 2428): HOST: 239.255.255.250:1900
11-06 16:17:57.585 D/Device  ( 2428): MAN: "ssdp:discover"
11-06 16:17:57.585 D/Device  ( 2428): MX: 1
11-06 16:17:57.585 D/Device  ( 2428): ST: urn:dial-multiscreen-org:service:dial:1
11-06 16:17:57.585 D/Device  ( 2428): USER-AGENT: Google Chrome/62.0.3202.75 Windows
11-06 16:17:57.585 D/Device  ( 2428): 
11-06 16:17:57.649 D/BackBootDealerNeimeng( 2355): standbyState:
11-06 16:17:57.649 E/NetUtils( 2021): Interface eth0 LinkDown!
11-06 16:17:57.679 D/IPLoaderNeimeng( 2355): after wait time16:17:57:monitorInterval:5000
11-06 16:17:57.679 D/IPLoaderNeimeng( 2355): before dealUpdateCheck time:16:17:57:isMsgBroadcast:false:monitorInterval:5000:processState:1
11-06 16:17:57.679 D/IPLoaderNeimeng( 2355): dealUpdateCheck isFirstSuccessUpdate:false:monitorInterval:5000
11-06 16:17:57.680 D/LoadHttpHandler( 2355): [TN_ThreadUtil-6]doNormal proxyConfig=null
11-06 16:17:57.741 D/LoadHttpHandler( 2355): [TN_ThreadUtil-6]doNormal responseCode=404
11-06 16:17:57.741 D/LoadHttpTask( 2355): dealUpdateCheck responseCode:404:data:null:downloadResult:false
11-06 16:17:57.742 D/IPLoaderNeimeng( 2355): after dealUpdateCheck time:16:17:57:isMsgBroadcast:false:monitorInterval:5000:processState:1
11-06 16:17:57.742 D/IPLoaderNeimeng( 2355): before wait time16:17:57:monitorInterval:5000
11-06 16:17:57.992 D/BasicFigure( 2491): [TN_GLThread 73]isDrawFocused relyElement=[BaseElement@346a37d9]focusScale[1.15]elementAlpha[-1.0]refectAlpha[-1.0]isFocusAble[true]shadowIndex[-1]autoJumpType[-1]uniqueID[54resSize0]rect[NULL]
11-06 16:17:57.992 D/BasicFigure( 2491): [TN_GLThread 73]isDrawFocused basicFigure=com.suma.midware.view.b.c.c@3914159e
11-06 16:17:58.150 D/BackBootDealerNeimeng( 2355): standbyState:
11-06 16:17:58.151 E/NetUtils( 2021): Interface eth0 LinkDown!
11-06 16:17:58.583 D/Device  ( 2428): deviceSearchResponse(SSDPPacket ssdpPacket):M-SEARCH * HTTP/1.1
11-06 16:17:58.583 D/Device  ( 2428): HOST: 239.255.255.250:1900
11-06 16:17:58.583 D/Device  ( 2428): MAN: "ssdp:discover"
11-06 16:17:58.583 D/Device  ( 2428): MX: 1
11-06 16:17:58.583 D/Device  ( 2428): ST: urn:dial-multiscreen-org:service:dial:1
11-06 16:17:58.583 D/Device  ( 2428): USER-AGENT: Google Chrome/62.0.3202.75 Windows
11-06 16:17:58.583 D/Device  ( 2428): 
11-06 16:17:58.652 D/BackBootDealerNeimeng( 2355): standbyState:
11-06 16:17:58.652 E/NetUtils( 2021): Interface eth0 LinkDown!
11-06 16:17:59.012 D/BasicFigure( 2491): [TN_GLThread 73]isDrawFocused relyElement=[BaseElement@346a37d9]focusScale[1.15]elementAlpha[-1.0]refectAlpha[-1.0]isFocusAble[true]shadowIndex[-1]autoJumpType[-1]uniqueID[54resSize0]rect[NULL]
11-06 16:17:59.012 D/BasicFigure( 2491): [TN_GLThread 73]isDrawFocused basicFigure=com.suma.midware.view.b.c.c@3914159e
11-06 16:17:59.153 D/BackBootDealerNeimeng( 2355): standbyState:
11-06 16:17:59.154 E/NetUtils( 2021): Interface eth0 LinkDown!
11-06 16:17:59.584 D/Device  ( 2428): deviceSearchResponse(SSDPPacket ssdpPacket):M-SEARCH * HTTP/1.1
11-06 16:17:59.584 D/Device  ( 2428): HOST: 239.255.255.250:1900
11-06 16:17:59.584 D/Device  ( 2428): MAN: "ssdp:discover"
11-06 16:17:59.584 D/Device  ( 2428): MX: 1
11-06 16:17:59.584 D/Device  ( 2428): ST: urn:dial-multiscreen-org:service:dial:1
11-06 16:17:59.584 D/Device  ( 2428): USER-AGENT: Google Chrome/62.0.3202.75 Windows
11-06 16:17:59.584 D/Device  ( 2428): 
11-06 16:17:59.654 D/BackBootDealerNeimeng( 2355): standbyState:
11-06 16:17:59.655 E/NetUtils( 2021): Interface eth0 LinkDown!
11-06 16:18:00.035 D/BasicFigure( 2491): [TN_GLThread 73]isDrawFocused relyElement=[BaseElement@346a37d9]focusScale[1.15]elementAlpha[-1.0]refectAlpha[-1.0]isFocusAble[true]shadowIndex[-1]autoJumpType[-1]uniqueID[54resSize0]rect[NULL]
11-06 16:18:00.036 D/BasicFigure( 2491): [TN_GLThread 73]isDrawFocused basicFigure=com.suma.midware.view.b.c.c@3914159e
11-06 16:18:00.156 D/BackBootDealerNeimeng( 2355): standbyState:
11-06 16:18:00.157 E/NetUtils( 2021): Interface eth0 LinkDown!
11-06 16:18:00.657 D/BackBootDealerNeimeng( 2355): standbyState:
11-06 16:18:00.658 E/NetUtils( 2021): Interface eth0 LinkDown!
