11-06 16:16:45.683 D/BasicFigure( 2491): [TN_GLThread 73]isDrawFocused relyElement=[BaseElement@346a37d9]focusScale[1.15]elementAlpha[-1.0]refectAlpha[-1.0]isFocusAble[true]shadowIndex[-1]autoJumpType[-1]uniqueID[54resSize0]rect[NULL]
11-06 16:16:45.683 D/BasicFigure( 2491): [TN_GLThread 73]isDrawFocused basicFigure=com.suma.midware.view.b.c.c@3914159e
11-06 16:16:45.943 D/BackBootDealerNeimeng( 2355): standbyState:
11-06 16:16:45.944 E/NetUtils( 2021): Interface eth0 LinkDown!
11-06 16:16:46.236 E/NetUtils( 2021): Interface eth0 LinkDown!
11-06 16:16:46.239 D/SetService( 2700): ispppoeOpen:false:reConnectCount:0
11-06 16:16:46.445 D/BackBootDealerNeimeng( 2355): standbyState:
11-06 16:16:46.445 E/NetUtils( 2021): Interface eth0 LinkDown!
11-06 16:16:46.697 D/BasicFigure( 2491): [TN_GLThread 73]isDrawFocused relyElement=[BaseElement@346a37d9]focusScale[1.15]elementAlpha[-1.0]refectAlpha[-1.0]isFocusAble[true]shadowIndex[-1]autoJumpType[-1]uniqueID[54resSize0]rect[NULL]
11-06 16:16:46.697 D/BasicFigure( 2491): [TN_GLThread 73]isDrawFocused basicFigure=com.suma.midware.view.b.c.c@3914159e
11-06 16:16:46.946 D/BackBootDealerNeimeng( 2355): standbyState:
11-06 16:16:46.947 E/NetUtils( 2021): Interface eth0 LinkDown!
11-06 16:16:47.447 D/BackBootDealerNeimeng( 2355): standbyState:
11-06 16:16:47.448 E/NetUtils( 2021): Interface eth0 LinkDown!
11-06 16:16:47.683 D/ConfigUpdateOttAdmin( 2491): [TN_ThreadUtil-0]dealUpdateCheck menuConfig=[MenuConfig@f5d]configID[3840]configAlias[homeConfig]configName[home_config.dat]version[1]isFilePath1[false]rootView[com.suma.midware.home.third.h{1ee6ac1a VFE..... .F...... 0,0-1280,720}]rootLayout[null]
11-06 16:16:47.683 D/FileIOUtil( 2491): [TN_ThreadUtil-0]deleteFile filePath=/data/user/0/com.suma.midware.home/files/launcherRes/f00/1/,containRootDir=false
11-06 16:16:47.683 D/FileIOUtil( 2491): [TN_ThreadUtil-0]deleteFile file=/data/user/0/com.suma.midware.home/files/launcherRes/f00/1,containRootDir=false
11-06 16:16:47.684 E/ConfigUpdateNeimengOttAdmin( 2491): [TN_ThreadUtil-0]checkConfig url=http://tvos-launcher.96066.com:8082/LancherWeb/getLauncherUpdatePackage?areaCode=&serialNumber=15510217310112851&standardVersion=1.0&mac=&hardVersion=04.01.01.02&launcherVersion=0&locationCode=0&cardOutID=8150010653229443&softVersion=03.16.00.03&type=1&model=8
11-06 16:16:47.685 D/LoadHttpHandler( 2491): [TN_ThreadUtil-0]doNormal proxyConfig=null
11-06 16:16:47.717 D/BasicFigure( 2491): [TN_GLThread 73]isDrawFocused relyElement=[BaseElement@346a37d9]focusScale[1.15]elementAlpha[-1.0]refectAlpha[-1.0]isFocusAble[true]shadowIndex[-1]autoJumpType[-1]uniqueID[54resSize0]rect[NULL]
11-06 16:16:47.717 D/BasicFigure( 2491): [TN_GLThread 73]isDrawFocused basicFigure=com.suma.midware.view.b.c.c@3914159e
11-06 16:16:47.738 D/LoadHttpHandler( 2491): [TN_ThreadUtil-0]doNormal responseCode=200
11-06 16:16:47.738 D/LoadHttpHandler( 2491): [TN_ThreadUtil-0]doNormal savePath=null,fileName=null,total=-1
11-06 16:16:47.738 E/ConfigUpdateNeimengOttAdmin( 2491): [TN_ThreadUtil-0]data: {"status":"0","errorMessage":"","data":""}
11-06 16:16:47.739 E/ConfigUpdateNeimengOttAdmin( 2491): [TN_ThreadUtil-0]checkConfig illegal version is null
11-06 16:16:47.949 D/BackBootDealerNeimeng( 2355): standbyState:
11-06 16:16:47.950 E/NetUtils( 2021): Interface eth0 LinkDown!
11-06 16:16:48.450 D/BackBootDealerNeimeng( 2355): standbyState:
11-06 16:16:48.451 E/NetUtils( 2021): Interface eth0 LinkDown!
11-06 16:16:48.736 D/BasicFigure( 2491): [TN_GLThread 73]isDrawFocused relyElement=[BaseElement@346a37d9]focusScale[1.15]elementAlpha[-1.0]refectAlpha[-1.0]isFocusAble[true]shadowIndex[-1]autoJumpType[-1]uniqueID[54resSize0]rect[NULL]
11-06 16:16:48.737 D/BasicFigure( 2491): [TN_GLThread 73]isDrawFocused basicFigure=com.suma.midware.view.b.c.c@3914159e
11-06 16:16:48.951 D/BackBootDealerNeimeng( 2355): standbyState:
11-06 16:16:48.952 E/NetUtils( 2021): Interface eth0 LinkDown!
11-06 16:16:49.453 D/BackBootDealerNeimeng( 2355): standbyState:
11-06 16:16:49.454 E/NetUtils( 2021): Interface eth0 LinkDown!
11-06 16:16:49.758 D/BasicFigure( 2491): [TN_GLThread 73]isDrawFocused relyElement=[BaseElement@346a37d9]focusScale[1.15]elementAlpha[-1.0]refectAlpha[-1.0]isFocusAble[true]shadowIndex[-1]autoJumpType[-1]uniqueID[54resSize0]rect[NULL]
11-06 16:16:49.758 D/BasicFigure( 2491): [TN_GLThread 73]isDrawFocused basicFigure=com.suma.midware.view.b.c.c@3914159e
11-06 16:16:49.955 D/BackBootDealerNeimeng( 2355): standbyState:
11-06 16:16:49.956 E/NetUtils( 2021): Interface eth0 LinkDown!
11-06 16:16:50.161 D/AppUtil ( 2355): [TN_ThreadUtil-3]getActivityPkg index=0,comp=ComponentInfo{com.suma.midware.home/com.suma.midware.home.third.Main3DActivity}
11-06 16:16:50.161 D/AppKiller( 2355): [TN_ThreadUtil-3]backKill curPkgName=com.suma.midware.home
11-06 16:16:50.456 D/BackBootDealerNeimeng( 2355): standbyState:
11-06 16:16:50.457 E/NetUtils( 2021): Interface eth0 LinkDown!
11-06 16:16:50.778 D/BasicFigure( 2491): [TN_GLThread 73]isDrawFocused relyElement=[BaseElement@346a37d9]focusScale[1.15]elementAlpha[-1.0]refectAlpha[-1.0]isFocusAble[true]shadowIndex[-1]autoJumpType[-1]uniqueID[54resSize0]rect[NULL]
11-06 16:16:50.778 D/BasicFigure( 2491): [TN_GLThread 73]isDrawFocused basicFigure=com.suma.midware.view.b.c.c@3914159e
11-06 16:16:50.958 D/BackBootDealerNeimeng( 2355): standbyState:
11-06 16:16:50.958 E/NetUtils( 2021): Interface eth0 LinkDown!
11-06 16:16:51.459 D/BackBootDealerNeimeng( 2355): standbyState:
11-06 16:16:51.460 E/NetUtils( 2021): Interface eth0 LinkDown!
11-06 16:16:51.797 D/BasicFigure( 2491): [TN_GLThread 73]isDrawFocused relyElement=[BaseElement@346a37d9]focusScale[1.15]elementAlpha[-1.0]refectAlpha[-1.0]isFocusAble[true]shadowIndex[-1]autoJumpType[-1]uniqueID[54resSize0]rect[NULL]
11-06 16:16:51.798 D/BasicFigure( 2491): [TN_GLThread 73]isDrawFocused basicFigure=com.suma.midware.view.b.c.c@3914159e
11-06 16:16:51.960 D/BackBootDealerNeimeng( 2355): standbyState:
11-06 16:16:51.962 E/NetUtils( 2021): Interface eth0 LinkDown!
11-06 16:16:52.462 D/BackBootDealerNeimeng( 2355): standbyState:
11-06 16:16:52.463 E/NetUtils( 2021): Interface eth0 LinkDown!
11-06 16:16:52.818 D/BasicFigure( 2491): [TN_GLThread 73]isDrawFocused relyElement=[BaseElement@346a37d9]focusScale[1.15]elementAlpha[-1.0]refectAlpha[-1.0]isFocusAble[true]shadowIndex[-1]autoJumpType[-1]uniqueID[54resSize0]rect[NULL]
11-06 16:16:52.818 D/BasicFigure( 2491): [TN_GLThread 73]isDrawFocused basicFigure=com.suma.midware.view.b.c.c@3914159e
11-06 16:16:52.963 D/BackBootDealerNeimeng( 2355): standbyState:
11-06 16:16:52.964 E/NetUtils( 2021): Interface eth0 LinkDown!
11-06 16:16:53.465 D/BackBootDealerNeimeng( 2355): standbyState:
11-06 16:16:53.466 E/NetUtils( 2021): Interface eth0 LinkDown!
11-06 16:16:53.838 D/BasicFigure( 2491): [TN_GLThread 73]isDrawFocused relyElement=[BaseElement@346a37d9]focusScale[1.15]elementAlpha[-1.0]refectAlpha[-1.0]isFocusAble[true]shadowIndex[-1]autoJumpType[-1]uniqueID[54resSize0]rect[NULL]
11-06 16:16:53.838 D/BasicFigure( 2491): [TN_GLThread 73]isDrawFocused basicFigure=com.suma.midware.view.b.c.c@3914159e
11-06 16:16:53.966 D/BackBootDealerNeimeng( 2355): standbyState:
11-06 16:16:53.967 E/NetUtils( 2021): Interface eth0 LinkDown!
11-06 16:16:54.197 E/WifiStateMachine( 2021): WifiStateMachine CMD_START_SCAN source -2 txSuccessRate=26.27 rxSuccessRate=24.47 targetRoamBSSID=78:11:dc:10:d5:2d RSSI=-21
11-06 16:16:54.197 E/WifiStateMachine( 2021): WifiStateMachine starting scan for "Xiaomi_D52C"WPA_PSK with 2412
11-06 16:16:54.468 D/BackBootDealerNeimeng( 2355): standbyState:
11-06 16:16:54.469 E/NetUtils( 2021): Interface eth0 LinkDown!
11-06 16:16:54.859 D/BasicFigure( 2491): [TN_GLThread 73]isDrawFocused relyElement=[BaseElement@346a37d9]focusScale[1.15]elementAlpha[-1.0]refectAlpha[-1.0]isFocusAble[true]shadowIndex[-1]autoJumpType[-1]uniqueID[54resSize0]rect[NULL]
11-06 16:16:54.859 D/BasicFigure( 2491): [TN_GLThread 73]isDrawFocused basicFigure=com.suma.midware.view.b.c.c@3914159e
11-06 16:16:54.936 I/EthernetNetworkFactory( 2021): updateInterfaceState :the mIface is:eth0iface is wlan0 true
11-06 16:16:54.946 E/WifiAutoJoinController ( 2021): Xiaomi_D52C 78:11:dc:10:d5:2d rssi=-21 cap [WPA-PSK-CCMP+TKIP][WPA2-PSK-CCMP+TKIP][WPS][ESS] is not scored
11-06 16:16:54.947 E/WifiAutoJoinController ( 2021): GDWL 86:79:73:27:8c:0d rssi=-53 cap [WPA-PSK-CCMP][WPA2-PSK-CCMP][ESS] is not scored
11-06 16:16:54.947 E/WifiAutoJoinController ( 2021): GDWL 86:79:73:27:8c:13 rssi=-74 cap [WPA-PSK-CCMP][WPA2-PSK-CCMP][ESS] is not scored
11-06 16:16:54.948 E/WifiAutoJoinController ( 2021):  84:79:73:27:8c:0d rssi=-51 cap [WEP][ESS] is not scored
11-06 16:16:54.948 E/WifiAutoJoinController ( 2021):  84:79:73:27:8c:13 rssi=-74 cap [WEP][ESS] is not scored
11-06 16:16:54.949 E/WifiAutoJoinController ( 2021): TP-LINK_gsbgs 9c:21:6a:1e:b5:48 rssi=-78 cap [WPA-PSK-CCMP][WPA2-PSK-CCMP][WPS][ESS] is not scored
11-06 16:16:54.950 E/WifiAutoJoinController ( 2021):  24:69:68:79:91:8a rssi=-76 cap [WPA-PSK-CCMP][WPA2-PSK-CCMP][ESS] is not scored
11-06 16:16:54.951 E/WifiAutoJoinController ( 2021): TVBCB 28:2c:b2:19:e1:4e rssi=-80 cap [WPA-PSK-CCMP][WPA2-PSK-CCMP][WPS][ESS] is not scored
11-06 16:16:54.951 E/WifiAutoJoinController ( 2021): ageScanResultsOut delay 40000 size 8 now 1509956214951
11-06 16:16:54.952 E/WifiAutoJoinController ( 2021): newSupplicantResults size=8 known=3 true
11-06 16:16:54.954 E/WifiAutoJoinController ( 2021): attemptAutoJoin() status=bssid=78:11:dc:10:d5:2d
11-06 16:16:54.954 E/WifiAutoJoinController ( 2021): freq=2412
11-06 16:16:54.954 E/WifiAutoJoinController ( 2021): ssid=Xiaomi_D52C
11-06 16:16:54.954 E/WifiAutoJoinController ( 2021): id=3
11-06 16:16:54.954 E/WifiAutoJoinController ( 2021): mode=station
11-06 16:16:54.954 E/WifiAutoJoinController ( 2021): pairwise_cipher=CCMP
11-06 16:16:54.954 E/WifiAutoJoinController ( 2021): group_cipher=TKIP
11-06 16:16:54.954 E/WifiAutoJoinController ( 2021): key_mgmt=WPA2-PSK
11-06 16:16:54.954 E/WifiAutoJoinController ( 2021): wpa_state=COMPLETED
11-06 16:16:54.954 E/WifiAutoJoinController ( 2021): ip_address=192.168.31.115
11-06 16:16:54.954 E/WifiAutoJoinController ( 2021): p2p_device_address=0e:62:a6:0c:0f:b2
11-06 16:16:54.954 E/WifiAutoJoinController ( 2021): address=0c:62:a6:0c:0f:b2
11-06 16:16:54.954 E/WifiAutoJoinController ( 2021): uuid=de43a986-3647-5398-876d-b6752834d7e7 split=13
11-06 16:16:54.954 E/WifiAutoJoinController ( 2021): attemptAutoJoin() num recent config 2 current="Xiaomi_D52C"WPA_PSK ---> suppNetId=3
11-06 16:16:54.954 E/WifiAutoJoinController ( 2021): attemptAutoJoin good candidate seen, bumped hard -> status=0 "Xiaomi_D52C"WPA_PSK rssi=(-21,-127) num=(1,0)
11-06 16:16:54.954 E/WifiAutoJoinController ( 2021): attemptAutoJoin skip current candidate  3 key "Xiaomi_D52C"WPA_PSK
11-06 16:16:54.955 E/WifiAutoJoinController ( 2021): attemptAutoJoin good candidate seen, bumped hard -> status=0 "GDWL"WPA_PSK rssi=(-53,-127) num=(9,0)
11-06 16:16:54.955 E/WifiAutoJoinController ( 2021): attemptAutoJoin trying id=2 "GDWL"WPA_PSK status=0
11-06 16:16:54.955 E/WifiAutoJoinController ( 2021): compareNetwork will compare "GDWL"WPA_PSK with current "Xiaomi_D52C"WPA_PSK
11-06 16:16:54.955 E/WifiAutoJoinController ( 2021):     compareWifiConfigurationsRSSI: "Xiaomi_D52C"WPA_PSK rssi=-21,-127 boost=25 "GDWL"WPA_PSK rssi=-53,-127 boost=0
11-06 16:16:54.955 E/WifiAutoJoinController ( 2021):         "Xiaomi_D52C"WPA_PSK is5=false score=4 "GDWL"WPA_PSK is5=false score=-53
11-06 16:16:54.955 E/WifiAutoJoinController ( 2021):     compareWifiConfigurationsRSSI "Xiaomi_D52C"WPA_PSK rssi=(-21,-127) num=(1,0) > "GDWL"WPA_PSK rssi=(-53,-127) num=(9,0) -> -50
11-06 16:16:54.955 E/WifiAutoJoinController ( 2021): compareWifiConfigurations: "Xiaomi_D52C"WPA_PSK > "GDWL"WPA_PSK order -50
11-06 16:16:54.955 E/WifiAutoJoinController ( 2021): attemptAutoJoin networkSwitching candidate "GDWL"WPA_PSK with current "Xiaomi_D52C"WPA_PSK linked=false : delta=-50  -> not switching
11-06 16:16:54.956 E/WifiAutoJoinController ( 2021): attemptRoam: "Xiaomi_D52C"WPA_PSK Found 78:11:dc:10:d5:2d rssi=-21 freq=2412 Current: 78:11:dc:10:d5:2d
11-06 16:16:54.956 E/WifiAutoJoinController ( 2021): Done attemptAutoJoin status=0
11-06 16:16:54.969 D/BackBootDealerNeimeng( 2355): standbyState:
11-06 16:16:54.970 E/NetUtils( 2021): Interface eth0 LinkDown!
11-06 16:16:55.470 D/BackBootDealerNeimeng( 2355): standbyState:
11-06 16:16:55.471 E/NetUtils( 2021): Interface eth0 LinkDown!
11-06 16:16:55.879 D/BasicFigure( 2491): [TN_GLThread 73]isDrawFocused relyElement=[BaseElement@346a37d9]focusScale[1.15]elementAlpha[-1.0]refectAlpha[-1.0]isFocusAble[true]shadowIndex[-1]autoJumpType[-1]uniqueID[54resSize0]rect[NULL]
11-06 16:16:55.879 D/BasicFigure( 2491): [TN_GLThread 73]isDrawFocused basicFigure=com.suma.midware.view.b.c.c@3914159e
11-06 16:16:55.972 D/BackBootDealerNeimeng( 2355): standbyState:
11-06 16:16:55.973 E/NetUtils( 2021): Interface eth0 LinkDown!
11-06 16:16:56.473 D/BackBootDealerNeimeng( 2355): standbyState:
11-06 16:16:56.475 E/NetUtils( 2021): Interface eth0 LinkDown!
11-06 16:16:56.899 D/BasicFigure( 2491): [TN_GLThread 73]isDrawFocused relyElement=[BaseElement@346a37d9]focusScale[1.15]elementAlpha[-1.0]refectAlpha[-1.0]isFocusAble[true]shadowIndex[-1]autoJumpType[-1]uniqueID[54resSize0]rect[NULL]
11-06 16:16:56.899 D/BasicFigure( 2491): [TN_GLThread 73]isDrawFocused basicFigure=com.suma.midware.view.b.c.c@3914159e
11-06 16:16:56.976 D/BackBootDealerNeimeng( 2355): standbyState:
11-06 16:16:56.976 E/NetUtils( 2021): Interface eth0 LinkDown!
11-06 16:16:57.476 D/BackBootDealerNeimeng( 2355): standbyState:
11-06 16:16:57.477 E/NetUtils( 2021): Interface eth0 LinkDown!
11-06 16:16:57.920 D/BasicFigure( 2491): [TN_GLThread 73]isDrawFocused relyElement=[BaseElement@346a37d9]focusScale[1.15]elementAlpha[-1.0]refectAlpha[-1.0]isFocusAble[true]shadowIndex[-1]autoJumpType[-1]uniqueID[54resSize0]rect[NULL]
11-06 16:16:57.920 D/BasicFigure( 2491): [TN_GLThread 73]isDrawFocused basicFigure=com.suma.midware.view.b.c.c@3914159e
11-06 16:16:57.978 D/BackBootDealerNeimeng( 2355): standbyState:
11-06 16:16:57.979 E/NetUtils( 2021): Interface eth0 LinkDown!
11-06 16:16:58.480 D/BackBootDealerNeimeng( 2355): standbyState:
11-06 16:16:58.480 E/NetUtils( 2021): Interface eth0 LinkDown!
11-06 16:16:58.940 D/BasicFigure( 2491): [TN_GLThread 73]isDrawFocused relyElement=[BaseElement@346a37d9]focusScale[1.15]elementAlpha[-1.0]refectAlpha[-1.0]isFocusAble[true]shadowIndex[-1]autoJumpType[-1]uniqueID[54resSize0]rect[NULL]
11-06 16:16:58.940 D/BasicFigure( 2491): [TN_GLThread 73]isDrawFocused basicFigure=com.suma.midware.view.b.c.c@3914159e
11-06 16:16:58.981 D/BackBootDealerNeimeng( 2355): standbyState:
11-06 16:16:58.982 E/NetUtils( 2021): Interface eth0 LinkDown!
11-06 16:16:59.482 D/BackBootDealerNeimeng( 2355): standbyState:
11-06 16:16:59.483 E/NetUtils( 2021): Interface eth0 LinkDown!
11-06 16:16:59.960 D/BasicFigure( 2491): [TN_GLThread 73]isDrawFocused relyElement=[BaseElement@346a37d9]focusScale[1.15]elementAlpha[-1.0]refectAlpha[-1.0]isFocusAble[true]shadowIndex[-1]autoJumpType[-1]uniqueID[54resSize0]rect[NULL]
11-06 16:16:59.960 D/BasicFigure( 2491): [TN_GLThread 73]isDrawFocused basicFigure=com.suma.midware.view.b.c.c@3914159e
11-06 16:16:59.983 D/BackBootDealerNeimeng( 2355): standbyState:
11-06 16:16:59.984 E/NetUtils( 2021): Interface eth0 LinkDown!
11-06 16:17:00.485 D/BackBootDealerNeimeng( 2355): standbyState:
11-06 16:17:00.486 E/NetUtils( 2021): Interface eth0 LinkDown!
11-06 16:17:00.526 D/IPLoaderNeimeng( 2355): after wait time16:17:00:monitorInterval:5000
11-06 16:17:00.526 D/IPLoaderNeimeng( 2355): before dealUpdateCheck time:16:17:00:isMsgBroadcast:false:monitorInterval:5000:processState:1
11-06 16:17:00.526 D/IPLoaderNeimeng( 2355): dealUpdateCheck isFirstSuccessUpdate:false:monitorInterval:5000
11-06 16:17:00.527 D/LoadHttpHandler( 2355): [TN_ThreadUtil-6]doNormal proxyConfig=null
11-06 16:17:00.576 D/LoadHttpHandler( 2355): [TN_ThreadUtil-6]doNormal responseCode=404
11-06 16:17:00.577 D/LoadHttpTask( 2355): dealUpdateCheck responseCode:404:data:null:downloadResult:false
11-06 16:17:00.577 D/IPLoaderNeimeng( 2355): after dealUpdateCheck time:16:17:00:isMsgBroadcast:false:monitorInterval:5000:processState:1
11-06 16:17:00.578 D/IPLoaderNeimeng( 2355): before wait time16:17:00:monitorInterval:5000
11-06 16:17:00.909 D/TimeUpdate( 2491): [TN_main]dealTimeUpdate curTime=java.util.GregorianCalendar[time=1509956220909,areFieldsSet=true,lenient=true,zone=Asia/Shanghai,firstDayOfWeek=1,minimalDaysInFirstWeek=1,ERA=1,YEAR=2017,MONTH=10,WEEK_OF_YEAR=45,WEEK_OF_MONTH=2,DAY_OF_MONTH=6,DAY_OF_YEAR=310,DAY_OF_WEEK=2,DAY_OF_WEEK_IN_MONTH=1,AM_PM=1,HOUR=4,HOUR_OF_DAY=16,MINUTE=17,SECOND=0,MILLISECOND=909,ZONE_OFFSET=28800000,DST_OFFSET=0]
11-06 16:17:00.911 D/TextureManager( 2491): deleteTexture key:16:16_24_-1711276033_0_5.0_3.0_3.0_-7829368:textureID:23
11-06 16:17:00.917 D/TextureManager( 2491): loadTexture name:16:17_24_-1711276033_0_5.0_3.0_3.0_-7829368:textureID:23:recordSize:null
11-06 16:17:00.936 D/BasicFigure( 2491): [TN_GLThread 73]isDrawFocused relyElement=[BaseElement@346a37d9]focusScale[1.15]elementAlpha[-1.0]refectAlpha[-1.0]isFocusAble[true]shadowIndex[-1]autoJumpType[-1]uniqueID[54resSize0]rect[NULL]
11-06 16:17:00.936 D/BasicFigure( 2491): [TN_GLThread 73]isDrawFocused basicFigure=com.suma.midware.view.b.c.c@3914159e
11-06 16:17:00.957 D/BasicFigure( 2491): [TN_GLThread 73]isDrawFocused relyElement=[BaseElement@346a37d9]focusScale[1.15]elementAlpha[-1.0]refectAlpha[-1.0]isFocusAble[true]shadowIndex[-1]autoJumpType[-1]uniqueID[54resSize0]rect[NULL]
11-06 16:17:00.957 D/BasicFigure( 2491): [TN_GLThread 73]isDrawFocused basicFigure=com.suma.midware.view.b.c.c@3914159e
11-06 16:17:00.986 D/BackBootDealerNeimeng( 2355): standbyState:
11-06 16:17:00.987 E/NetUtils( 2021): Interface eth0 LinkDown!
11-06 16:17:01.487 D/BackBootDealerNeimeng( 2355): standbyState:
11-06 16:17:01.488 E/NetUtils( 2021): Interface eth0 LinkDown!
11-06 16:17:01.964 D/BasicFigure( 2491): [TN_GLThread 73]isDrawFocused relyElement=[BaseElement@346a37d9]focusScale[1.15]elementAlpha[-1.0]refectAlpha[-1.0]isFocusAble[true]shadowIndex[-1]autoJumpType[-1]uniqueID[54resSize0]rect[NULL]
11-06 16:17:01.964 D/BasicFigure( 2491): [TN_GLThread 73]isDrawFocused basicFigure=com.suma.midware.view.b.c.c@3914159e
11-06 16:17:01.988 D/BackBootDealerNeimeng( 2355): standbyState:
11-06 16:17:01.989 E/NetUtils( 2021): Interface eth0 LinkDown!
11-06 16:17:02.489 D/BackBootDealerNeimeng( 2355): standbyState:
11-06 16:17:02.490 E/NetUtils( 2021): Interface eth0 LinkDown!
11-06 16:17:02.983 D/BasicFigure( 2491): [TN_GLThread 73]isDrawFocused relyElement=[BaseElement@346a37d9]focusScale[1.15]elementAlpha[-1.0]refectAlpha[-1.0]isFocusAble[true]shadowIndex[-1]autoJumpType[-1]uniqueID[54resSize0]rect[NULL]
11-06 16:17:02.983 D/BasicFigure( 2491): [TN_GLThread 73]isDrawFocused basicFigure=com.suma.midware.view.b.c.c@3914159e
11-06 16:17:02.990 D/BackBootDealerNeimeng( 2355): standbyState:
11-06 16:17:02.991 E/NetUtils( 2021): Interface eth0 LinkDown!
11-06 16:17:03.492 D/BackBootDealerNeimeng( 2355): standbyState:
11-06 16:17:03.492 E/NetUtils( 2021): Interface eth0 LinkDown!
11-06 16:17:03.993 D/BackBootDealerNeimeng( 2355): standbyState:
11-06 16:17:03.994 E/NetUtils( 2021): Interface eth0 LinkDown!
11-06 16:17:04.005 D/BasicFigure( 2491): [TN_GLThread 73]isDrawFocused relyElement=[BaseElement@346a37d9]focusScale[1.15]elementAlpha[-1.0]refectAlpha[-1.0]isFocusAble[true]shadowIndex[-1]autoJumpType[-1]uniqueID[54resSize0]rect[NULL]
11-06 16:17:04.005 D/BasicFigure( 2491): [TN_GLThread 73]isDrawFocused basicFigure=com.suma.midware.view.b.c.c@3914159e
11-06 16:17:04.495 D/BackBootDealerNeimeng( 2355): standbyState:
11-06 16:17:04.496 E/NetUtils( 2021): Interface eth0 LinkDown!
11-06 16:17:04.996 D/BackBootDealerNeimeng( 2355): standbyState:
11-06 16:17:04.997 E/NetUtils( 2021): Interface eth0 LinkDown!
11-06 16:17:05.019 D/BasicFigure( 2491): [TN_GLThread 73]isDrawFocused relyElement=[BaseElement@346a37d9]focusScale[1.15]elementAlpha[-1.0]refectAlpha[-1.0]isFocusAble[true]shadowIndex[-1]autoJumpType[-1]uniqueID[54resSize0]rect[NULL]
11-06 16:17:05.019 D/BasicFigure( 2491): [TN_GLThread 73]isDrawFocused basicFigure=com.suma.midware.view.b.c.c@3914159e
11-06 16:17:05.497 D/BackBootDealerNeimeng( 2355): standbyState:
11-06 16:17:05.498 E/NetUtils( 2021): Interface eth0 LinkDown!
11-06 16:17:05.998 D/BackBootDealerNeimeng( 2355): standbyState:
11-06 16:17:06.000 E/NetUtils( 2021): Interface eth0 LinkDown!
11-06 16:17:06.038 D/BasicFigure( 2491): [TN_GLThread 73]isDrawFocused relyElement=[BaseElement@346a37d9]focusScale[1.15]elementAlpha[-1.0]refectAlpha[-1.0]isFocusAble[true]shadowIndex[-1]autoJumpType[-1]uniqueID[54resSize0]rect[NULL]
11-06 16:17:06.038 D/BasicFigure( 2491): [TN_GLThread 73]isDrawFocused basicFigure=com.suma.midware.view.b.c.c@3914159e
11-06 16:17:06.281 D/IPLoaderNeimeng( 2355): after wait time16:17:06:monitorInterval:5000
11-06 16:17:06.282 D/IPLoaderNeimeng( 2355): before dealUpdateCheck time:16:17:06:isMsgBroadcast:false:monitorInterval:5000:processState:1
11-06 16:17:06.282 D/IPLoaderNeimeng( 2355): dealUpdateCheck isFirstSuccessUpdate:false:monitorInterval:5000
11-06 16:17:06.282 D/LoadHttpHandler( 2355): [TN_ThreadUtil-6]doNormal proxyConfig=null
11-06 16:17:06.327 D/LoadHttpHandler( 2355): [TN_ThreadUtil-6]doNormal responseCode=404
11-06 16:17:06.328 D/LoadHttpTask( 2355): dealUpdateCheck responseCode:404:data:null:downloadResult:false
11-06 16:17:06.328 D/IPLoaderNeimeng( 2355): after dealUpdateCheck time:16:17:06:isMsgBroadcast:false:monitorInterval:5000:processState:1
11-06 16:17:06.329 D/IPLoaderNeimeng( 2355): before wait time16:17:06:monitorInterval:5000
11-06 16:17:06.500 D/BackBootDealerNeimeng( 2355): standbyState:
11-06 16:17:06.501 E/NetUtils( 2021): Interface eth0 LinkDown!
11-06 16:17:07.001 D/BackBootDealerNeimeng( 2355): standbyState:
11-06 16:17:07.002 E/NetUtils( 2021): Interface eth0 LinkDown!
11-06 16:17:07.059 D/BasicFigure( 2491): [TN_GLThread 73]isDrawFocused relyElement=[BaseElement@346a37d9]focusScale[1.15]elementAlpha[-1.0]refectAlpha[-1.0]isFocusAble[true]shadowIndex[-1]autoJumpType[-1]uniqueID[54resSize0]rect[NULL]
11-06 16:17:07.059 D/BasicFigure( 2491): [TN_GLThread 73]isDrawFocused basicFigure=com.suma.midware.view.b.c.c@3914159e
11-06 16:17:07.503 D/BackBootDealerNeimeng( 2355): standbyState:
11-06 16:17:07.503 E/NetUtils( 2021): Interface eth0 LinkDown!
11-06 16:17:08.004 D/BackBootDealerNeimeng( 2355): standbyState:
11-06 16:17:08.005 E/NetUtils( 2021): Interface eth0 LinkDown!
11-06 16:17:08.075 D/BasicFigure( 2491): [TN_GLThread 73]isDrawFocused relyElement=[BaseElement@346a37d9]focusScale[1.15]elementAlpha[-1.0]refectAlpha[-1.0]isFocusAble[true]shadowIndex[-1]autoJumpType[-1]uniqueID[54resSize0]rect[NULL]
11-06 16:17:08.075 D/BasicFigure( 2491): [TN_GLThread 73]isDrawFocused basicFigure=com.suma.midware.view.b.c.c@3914159e
11-06 16:17:08.506 D/BackBootDealerNeimeng( 2355): standbyState:
11-06 16:17:08.506 E/NetUtils( 2021): Interface eth0 LinkDown!
11-06 16:17:09.007 D/BackBootDealerNeimeng( 2355): standbyState:
11-06 16:17:09.008 E/NetUtils( 2021): Interface eth0 LinkDown!
11-06 16:17:09.094 D/BasicFigure( 2491): [TN_GLThread 73]isDrawFocused relyElement=[BaseElement@346a37d9]focusScale[1.15]elementAlpha[-1.0]refectAlpha[-1.0]isFocusAble[true]shadowIndex[-1]autoJumpType[-1]uniqueID[54resSize0]rect[NULL]
11-06 16:17:09.094 D/BasicFigure( 2491): [TN_GLThread 73]isDrawFocused basicFigure=com.suma.midware.view.b.c.c@3914159e
11-06 16:17:09.508 D/BackBootDealerNeimeng( 2355): standbyState:
11-06 16:17:09.509 E/NetUtils( 2021): Interface eth0 LinkDown!
11-06 16:17:10.009 D/BackBootDealerNeimeng( 2355): standbyState:
11-06 16:17:10.010 E/NetUtils( 2021): Interface eth0 LinkDown!
11-06 16:17:10.114 D/BasicFigure( 2491): [TN_GLThread 73]isDrawFocused relyElement=[BaseElement@346a37d9]focusScale[1.15]elementAlpha[-1.0]refectAlpha[-1.0]isFocusAble[true]shadowIndex[-1]autoJumpType[-1]uniqueID[54resSize0]rect[NULL]
11-06 16:17:10.114 D/BasicFigure( 2491): [TN_GLThread 73]isDrawFocused basicFigure=com.suma.midware.view.b.c.c@3914159e
11-06 16:17:10.511 D/BackBootDealerNeimeng( 2355): standbyState:
11-06 16:17:10.512 E/NetUtils( 2021): Interface eth0 LinkDown!
11-06 16:17:11.012 D/BackBootDealerNeimeng( 2355): standbyState:
11-06 16:17:11.013 E/NetUtils( 2021): Interface eth0 LinkDown!
11-06 16:17:11.134 D/BasicFigure( 2491): [TN_GLThread 73]isDrawFocused relyElement=[BaseElement@346a37d9]focusScale[1.15]elementAlpha[-1.0]refectAlpha[-1.0]isFocusAble[true]shadowIndex[-1]autoJumpType[-1]uniqueID[54resSize0]rect[NULL]
11-06 16:17:11.134 D/BasicFigure( 2491): [TN_GLThread 73]isDrawFocused basicFigure=com.suma.midware.view.b.c.c@3914159e
11-06 16:17:11.514 D/BackBootDealerNeimeng( 2355): standbyState:
11-06 16:17:11.514 E/NetUtils( 2021): Interface eth0 LinkDown!
11-06 16:17:12.015 D/BackBootDealerNeimeng( 2355): standbyState:
11-06 16:17:12.017 E/NetUtils( 2021): Interface eth0 LinkDown!
11-06 16:17:12.156 D/BasicFigure( 2491): [TN_GLThread 73]isDrawFocused relyElement=[BaseElement@346a37d9]focusScale[1.15]elementAlpha[-1.0]refectAlpha[-1.0]isFocusAble[true]shadowIndex[-1]autoJumpType[-1]uniqueID[54resSize0]rect[NULL]
11-06 16:17:12.156 D/BasicFigure( 2491): [TN_GLThread 73]isDrawFocused basicFigure=com.suma.midware.view.b.c.c@3914159e
11-06 16:17:12.518 D/BackBootDealerNeimeng( 2355): standbyState:
11-06 16:17:12.519 E/NetUtils( 2021): Interface eth0 LinkDown!
11-06 16:17:13.019 D/BackBootDealerNeimeng( 2355): standbyState:
11-06 16:17:13.020 E/NetUtils( 2021): Interface eth0 LinkDown!
11-06 16:17:13.164 D/BasicFigure( 2491): [TN_GLThread 73]isDrawFocused relyElement=[BaseElement@346a37d9]focusScale[1.15]elementAlpha[-1.0]refectAlpha[-1.0]isFocusAble[true]shadowIndex[-1]autoJumpType[-1]uniqueID[54resSize0]rect[NULL]
11-06 16:17:13.164 D/BasicFigure( 2491): [TN_GLThread 73]isDrawFocused basicFigure=com.suma.midware.view.b.c.c@3914159e
11-06 16:17:13.521 D/BackBootDealerNeimeng( 2355): standbyState:
11-06 16:17:13.522 E/NetUtils( 2021): Interface eth0 LinkDown!
11-06 16:17:14.022 D/BackBootDealerNeimeng( 2355): standbyState:
11-06 16:17:14.023 E/NetUtils( 2021): Interface eth0 LinkDown!
11-06 16:17:14.183 D/BasicFigure( 2491): [TN_GLThread 73]isDrawFocused relyElement=[BaseElement@346a37d9]focusScale[1.15]elementAlpha[-1.0]refectAlpha[-1.0]isFocusAble[true]shadowIndex[-1]autoJumpType[-1]uniqueID[54resSize0]rect[NULL]
11-06 16:17:14.183 D/BasicFigure( 2491): [TN_GLThread 73]isDrawFocused basicFigure=com.suma.midware.view.b.c.c@3914159e
11-06 16:17:14.202 E/WifiStateMachine( 2021): WifiStateMachine CMD_START_SCAN source -2 txSuccessRate=32.58 rxSuccessRate=17.53 targetRoamBSSID=78:11:dc:10:d5:2d RSSI=-21
11-06 16:17:14.202 E/WifiStateMachine( 2021): WifiStateMachine starting scan for "Xiaomi_D52C"WPA_PSK with 2412
11-06 16:17:14.524 D/BackBootDealerNeimeng( 2355): standbyState:
11-06 16:17:14.525 E/NetUtils( 2021): Interface eth0 LinkDown!
11-06 16:17:14.932 I/EthernetNetworkFactory( 2021): updateInterfaceState :the mIface is:eth0iface is wlan0 true
11-06 16:17:14.944 E/WifiAutoJoinController ( 2021): Xiaomi_D52C 78:11:dc:10:d5:2d rssi=-21 cap [WPA-PSK-CCMP+TKIP][WPA2-PSK-CCMP+TKIP][WPS][ESS] is not scored
11-06 16:17:14.944 E/WifiAutoJoinController ( 2021): GDWL 86:79:73:27:8c:0d rssi=-50 cap [WPA-PSK-CCMP][WPA2-PSK-CCMP][ESS] is not scored
11-06 16:17:14.944 E/WifiAutoJoinController ( 2021): GDWL 86:79:73:27:8c:13 rssi=-74 cap [WPA-PSK-CCMP][WPA2-PSK-CCMP][ESS] is not scored
11-06 16:17:14.945 E/WifiAutoJoinController ( 2021):  84:79:73:27:8c:0d rssi=-50 cap [WEP][ESS] is not scored
11-06 16:17:14.946 E/WifiAutoJoinController ( 2021):  84:79:73:27:8c:13 rssi=-74 cap [WEP][ESS] is not scored
11-06 16:17:14.946 E/WifiAutoJoinController ( 2021): TP-LINK_gsbgs 9c:21:6a:1e:b5:48 rssi=-78 cap [WPA-PSK-CCMP][WPA2-PSK-CCMP][WPS][ESS] is not scored
11-06 16:17:14.947 E/WifiAutoJoinController ( 2021):  24:69:68:79:91:8a rssi=-76 cap [WPA-PSK-CCMP][WPA2-PSK-CCMP][ESS] is not scored
11-06 16:17:14.947 E/WifiAutoJoinController ( 2021): TVBCB 28:2c:b2:19:e1:4e rssi=-80 cap [WPA-PSK-CCMP][WPA2-PSK-CCMP][WPS][ESS] is not scored
11-06 16:17:14.948 E/WifiAutoJoinController ( 2021): ageScanResultsOut delay 40000 size 8 now 1509956234948
11-06 16:17:14.948 E/WifiAutoJoinController ( 2021): newSupplicantResults size=8 known=3 true
11-06 16:17:14.950 E/WifiAutoJoinController ( 2021): attemptAutoJoin() status=bssid=78:11:dc:10:d5:2d
11-06 16:17:14.950 E/WifiAutoJoinController ( 2021): freq=2412
11-06 16:17:14.950 E/WifiAutoJoinController ( 2021): ssid=Xiaomi_D52C
11-06 16:17:14.950 E/WifiAutoJoinController ( 2021): id=3
11-06 16:17:14.950 E/WifiAutoJoinController ( 2021): mode=station
11-06 16:17:14.950 E/WifiAutoJoinController ( 2021): pairwise_cipher=CCMP
11-06 16:17:14.950 E/WifiAutoJoinController ( 2021): group_cipher=TKIP
11-06 16:17:14.950 E/WifiAutoJoinController ( 2021): key_mgmt=WPA2-PSK
11-06 16:17:14.950 E/WifiAutoJoinController ( 2021): wpa_state=COMPLETED
11-06 16:17:14.950 E/WifiAutoJoinController ( 2021): ip_address=192.168.31.115
11-06 16:17:14.950 E/WifiAutoJoinController ( 2021): p2p_device_address=0e:62:a6:0c:0f:b2
11-06 16:17:14.950 E/WifiAutoJoinController ( 2021): address=0c:62:a6:0c:0f:b2
11-06 16:17:14.950 E/WifiAutoJoinController ( 2021): uuid=de43a986-3647-5398-876d-b6752834d7e7 split=13
11-06 16:17:14.951 E/WifiAutoJoinController ( 2021): attemptAutoJoin() num recent config 2 current="Xiaomi_D52C"WPA_PSK ---> suppNetId=3
11-06 16:17:14.951 E/WifiAutoJoinController ( 2021): attemptAutoJoin good candidate seen, bumped hard -> status=0 "Xiaomi_D52C"WPA_PSK rssi=(-21,-127) num=(1,0)
11-06 16:17:14.951 E/WifiAutoJoinController ( 2021): attemptAutoJoin skip current candidate  3 key "Xiaomi_D52C"WPA_PSK
11-06 16:17:14.951 E/WifiAutoJoinController ( 2021): attemptAutoJoin good candidate seen, bumped hard -> status=0 "GDWL"WPA_PSK rssi=(-50,-127) num=(9,0)
11-06 16:17:14.951 E/WifiAutoJoinController ( 2021): attemptAutoJoin trying id=2 "GDWL"WPA_PSK status=0
11-06 16:17:14.951 E/WifiAutoJoinController ( 2021): compareNetwork will compare "GDWL"WPA_PSK with current "Xiaomi_D52C"WPA_PSK
11-06 16:17:14.951 E/WifiAutoJoinController ( 2021):     compareWifiConfigurationsRSSI: "Xiaomi_D52C"WPA_PSK rssi=-21,-127 boost=25 "GDWL"WPA_PSK rssi=-50,-127 boost=0
11-06 16:17:14.951 E/WifiAutoJoinController ( 2021):         "Xiaomi_D52C"WPA_PSK is5=false score=4 "GDWL"WPA_PSK is5=false score=-50
11-06 16:17:14.951 E/WifiAutoJoinController ( 2021):     compareWifiConfigurationsRSSI "Xiaomi_D52C"WPA_PSK rssi=(-21,-127) num=(1,0) > "GDWL"WPA_PSK rssi=(-50,-127) num=(9,0) -> -50
11-06 16:17:14.951 E/WifiAutoJoinController ( 2021): compareWifiConfigurations: "Xiaomi_D52C"WPA_PSK > "GDWL"WPA_PSK order -50
11-06 16:17:14.951 E/WifiAutoJoinController ( 2021): attemptAutoJoin networkSwitching candidate "GDWL"WPA_PSK with current "Xiaomi_D52C"WPA_PSK linked=false : delta=-50  -> not switching
11-06 16:17:14.952 E/WifiAutoJoinController ( 2021): attemptRoam: "Xiaomi_D52C"WPA_PSK Found 78:11:dc:10:d5:2d rssi=-21 freq=2412 Current: 78:11:dc:10:d5:2d
11-06 16:17:14.952 E/WifiAutoJoinController ( 2021): Done attemptAutoJoin status=0
11-06 16:17:15.025 D/BackBootDealerNeimeng( 2355): standbyState:
11-06 16:17:15.026 E/NetUtils( 2021): Interface eth0 LinkDown!
11-06 16:17:15.203 D/BasicFigure( 2491): [TN_GLThread 73]isDrawFocused relyElement=[BaseElement@346a37d9]focusScale[1.15]elementAlpha[-1.0]refectAlpha[-1.0]isFocusAble[true]shadowIndex[-1]autoJumpType[-1]uniqueID[54resSize0]rect[NULL]
11-06 16:17:15.203 D/BasicFigure( 2491): [TN_GLThread 73]isDrawFocused basicFigure=com.suma.midware.view.b.c.c@3914159e
11-06 16:17:15.351 D/EsgNeiMengDealer( 2355): [TN_ThreadUtil-8]checkBootAd bootAd=[Advertisment@34d5d2aa]category[1]version[0]profile[2]group[[GroupProperty@3eb6ae9b]associateType[3]groupIDs[len:10:10000:7101:7105:9999:7000:17:1001:20002:20001:1003]]service[null]period[[Advertisment@3ddc238]dates[]times[len0:102:len1:102:20170821 000000-20170821 235959:20170822 000000-20170822 235959:20170823 000000-20170823 235959:20170824 000000-20170824 235959:20170825 000000-20170825 235959:20170826 000000-20170826 235959:20170827 000000-20170827 235959:20170828 000000-20170828 235959:20170829 000000-20170829 235959:20170830 000000-20170830 235959:20170831 000000-20170831 235959:20170901 000000-20170901 235959:20170902 000000-20170902 235959:20170903 000000-20170903 235959:20170904 000000-20170904 235959:20170905 000000-20170905 235959:20170906 000000-20170906 235959:20170907 000000-20170907 235959:20170908 000000-20170908 235959:20170909 000000-20170909 235959:20170910 000000-20170910 235959:20170911 000000-20170911 235959:20170912 000000-20170912 235959:20170913 000000-20170913 235959:20170914 000000-20170914 235959:20170915 000000-20170915 235959:20170916 000000-20170916 235959:20170917 000000-20170917 235959:20170918 000000-20170918 235959:20170919 000000-20170919 235959:20170920 000000-20170920 235959:20170921 000000-20170921 235959:20170922 000000-20170922 235959:20170923 000000-20170923 235959:20170924 000000-20170924 235959:20170925 000000-20170925 235959:20170926 000000-20170926 235959:20170927 000000-20170927 235959:20170928 000000-20170928 235959:20170929 000000-20170929 235959:20170930 000000-20170930 235959:20171001 000000-20171001 235959:20171002 000000-20171002 235959:20171003 000000-20171003 235959:20171004 000000-20171004 235959:20171005 000000-20171005 235959:20171006 000000-20171006 235959:20171007 000000-20171007 235959:20171008 000000-20171008 235959:20171009 000000-20171009 235959:20171010 000000-20171010 235959:20171011 000000-20171011 235959:20171012 000000-20171012 235959:20171013 000000-20171013 235959:20171014 000000-20171014 235959:20171015 000000-20171015 235959:20171016 000000-20171016 235959:20171017 000000-20171017 235959:20171018 000000-20171018 235959:20171019 000000-20171019 235959:20171020 000000-20171020 235959:20171021 000000-20171021 235959:20171022 000000-20171022 235959:20171023 000000-20171023 235959:20171024 000000-20171024 235959:20171025 000000-20171025 235959:20171026 000000-20171026 235959:20171027 000000-20171027 235959:20171028 000000-20171028 235959:20171029 000000-20171029 235959:20171030 000000-20171030 235959:20171031 000000-20171031 235959:20171101 000000-20171101 235959:20171102 000000-20171102 235959:20171103 000000-20171103 235959:20171104 000000-20171104 235959:20171105 000000-20171105 235959:20171106 000000-20171106 235959:20171107 000000-20171107 235959:20171108 000000-20171108 235959:20171109 000000-20171109 235959:20171110 000000-20171110 235959:20171111 000000-20171111 235959:20171112 000000-20171112 235959:20171113 000000-20171113 235959:20171114 000000-20171114 235959:20171115 000000-20171115 235959:20171116 000000-20171116 235959:20171117 000000-20171117 235959:20171118 000000-20171118 235959:20171119 000000-20171119 235959:20171120 000000-20171120 235959:20171121 000000-20171121 235959:20171122 000000-20171122 235959:20171123 000000-20171123 235959:20171124 000000-20171124 235959:20171125 000000-20171125 235959:20171126 000000-20171126 235959:20171127 000000-20171127 235959:20171128 000000-20171128 235959:20171129 000000-20171129 235959:20171130 000000-20171130 235959]]
11-06 16:17:15.351 I/System.out( 2355): [DEBUG SectionFilterGroup] The filterGroupHandle is: -1263209640
11-06 16:17:15.352 D/LoadPipeHandler( 2355): [TN_ThreadUtil-8]dealTableLoad pipeTask=[LoadPipeTask@32b76a2d]pID[16]tableID[64]tunerIndex[0]offset[3]timeout[5000]isNeedTune[false]fileName[null]
11-06 16:17:15.352 D/filter  ( 2355): [FilterManager-JNI] - start filter:pid=16, tableid=64, bufferNum=0
11-06 16:17:15.352 D/filter  ( 2355): [FilterManager-JNI] - 
11-06 16:17:15.352 D/filter  ( 2355): [FilterManager-JNI] - 
11-06 16:17:15.352 D/filter  ( 2355): [FilterManager-JNI] - The table id is proper.
11-06 16:17:15.352 D/filter  ( 2355): ####in java native method open filter:pid=16,							code=40,00,00,00,mask=ff,00,00,00
11-06 16:17:15.352 D/filter  ( 2355): [FilterManager-JNI] - Filter mode to ROCME_RES_FLT_MODE_UNROB_FILTER.
11-06 16:17:15.352 V/SUMA    ( 1581): [resman-s][onTransact 216]code[0x12000200] client pid = 2355
11-06 16:17:15.352 V/SUMA    ( 1581): [resman-s][onTransact 615]TRANS_CODE_RESMAN_FILETER_REQUEST enter
11-06 16:17:15.352 V/SUMA    ( 1581): [resman-s][onTransact 623]filter request m_client[0].cpid = 2355
11-06 16:17:15.352 I/System.out( 2355): [DEBUG SectionFilterGroup] The run() method, and the filterGroupHandle is: -1263209640
11-06 16:17:15.352 V/SUMA    ( 1581): [resman-s][onTransact 627]filter handler request filter_handler[0]
11-06 16:17:15.352 V/SUMA    ( 1581): >> Roc_ResMan_Filter_Request handler = 0x1202d640 
11-06 16:17:15.352 V/SUMA    ( 1581): [resman-s][onTransact 657]TRANS_CODE_RESMAN_FILETER_REQUEST leave
11-06 16:17:15.352 V/SUMA    ( 1581): [resman-s][onTransact 1574]leave transact client pid = 2355
11-06 16:17:15.353 V/SUMA    ( 2355): [resman-c][Roc_ResMan_Filter_Request 1311]leave !!!
11-06 16:17:15.353 V/SUMA    ( 2355): [resman-c][dvbc_resman_flt_request 162]dvbc(2355)## s_resman_client_flt_hcbk request cbk idx=0 !!!
11-06 16:17:15.353 V/SUMA    ( 1581): [resman-s][onTransact 216]code[0x12000204] client pid = 2355
11-06 16:17:15.353 V/SUMA    ( 1581): [resman-s][onTransact 1574]leave transact client pid = 2355
11-06 16:17:15.353 V/SUMA    ( 2355): [resman-c][Roc_ResMan_Filter_Modify 1514]leave !!!
11-06 16:17:15.353 V/SUMA    ( 1581): [resman-s][onTransact 216]code[0x12000202] client pid = 2355
11-06 16:17:15.353 V/SUMA    ( 1581): [resman-s][onTransact 1574]leave transact client pid = 2355
11-06 16:17:15.353 V/SUMA    ( 2355): [resman-c][Roc_ResMan_Filter_Run 1431]leave !!!
11-06 16:17:15.353 D/filter  ( 2355): open file=302175808,pid=16,index=0 with tuner index 0
11-06 16:17:15.526 D/BackBootDealerNeimeng( 2355): standbyState:
11-06 16:17:15.527 E/NetUtils( 2021): Interface eth0 LinkDown!
11-06 16:17:16.028 D/BackBootDealerNeimeng( 2355): standbyState:
11-06 16:17:16.029 E/NetUtils( 2021): Interface eth0 LinkDown!
11-06 16:17:16.211 D/BasicFigure( 2491): [TN_GLThread 73]isDrawFocused relyElement=[BaseElement@346a37d9]focusScale[1.15]elementAlpha[-1.0]refectAlpha[-1.0]isFocusAble[true]shadowIndex[-1]autoJumpType[-1]uniqueID[54resSize0]rect[NULL]
11-06 16:17:16.211 D/BasicFigure( 2491): [TN_GLThread 73]isDrawFocused basicFigure=com.suma.midware.view.b.c.c@3914159e
11-06 16:17:16.529 D/BackBootDealerNeimeng( 2355): standbyState:
11-06 16:17:16.530 E/NetUtils( 2021): Interface eth0 LinkDown!
11-06 16:17:16.707 D/Advertiser( 2428): End of sleep at time:1509956236707
11-06 16:17:16.708 D/Advertiser( 2428): Begin announce....with thread:org.cybergarage.d.b.a@25ed9e23
11-06 16:17:16.708 D/TimerUtil( 2428): waitRandom time=300,waitTime=246
11-06 16:17:16.708 D/Device  ( 2428): announce deviceDataBindAddress null
11-06 16:17:16.712 D/Device  ( 2428): announce 0 bindAddress=192.168.31.115
11-06 16:17:16.713 D/HTTPMUSocket( 2428): open addr=239.255.255.250,port=1900,bindAddr=192.168.31.115
11-06 16:17:16.718 D/HTTPMUSocket( 2428): send msg:NOTIFY * HTTP/1.1
11-06 16:17:16.718 D/HTTPMUSocket( 2428): Server: Linux/3.18.24_hi3798mv2x UPnP/1.0 CyberLinkJava/1.8
11-06 16:17:16.718 D/HTTPMUSocket( 2428): Cache-Control: max-age=1800
11-06 16:17:16.718 D/HTTPMUSocket( 2428): Location: http://192.168.31.115:38520/description.xml
11-06 16:17:16.718 D/HTTPMUSocket( 2428): NTS: ssdp:alive
11-06 16:17:16.718 D/HTTPMUSocket( 2428): NT: upnp:rootdevice
11-06 16:17:16.718 D/HTTPMUSocket( 2428): USN: uuid:418c7b66-86de-45d5-90fd-13e1eb88db7e::upnp:rootdevice
11-06 16:17:16.718 D/HTTPMUSocket( 2428): HOST: 239.255.255.250:1900
11-06 16:17:16.718 D/HTTPMUSocket( 2428): 
11-06 16:17:16.718 D/HTTPMUSocket( 2428): bindAddr:null and port:-1
11-06 16:17:16.718 D/HTTPMUSocket( 2428): /192.168.31.115
11-06 16:17:16.719 D/HTTPMUSocket( 2428): send msg:NOTIFY * HTTP/1.1
11-06 16:17:16.719 D/HTTPMUSocket( 2428): Server: Linux/3.18.24_hi3798mv2x UPnP/1.0 CyberLinkJava/1.8
11-06 16:17:16.719 D/HTTPMUSocket( 2428): Cache-Control: max-age=1800
11-06 16:17:16.719 D/HTTPMUSocket( 2428): Location: http://192.168.31.115:38520/description.xml
11-06 16:17:16.719 D/HTTPMUSocket( 2428): NTS: ssdp:alive
11-06 16:17:16.719 D/HTTPMUSocket( 2428): NT: uuid:418c7b66-86de-45d5-90fd-13e1eb88db7e
11-06 16:17:16.719 D/HTTPMUSocket( 2428): USN: uuid:418c7b66-86de-45d5-90fd-13e1eb88db7e
11-06 16:17:16.719 D/HTTPMUSocket( 2428): HOST: 239.255.255.250:1900
11-06 16:17:16.719 D/HTTPMUSocket( 2428): 
11-06 16:17:16.719 D/HTTPMUSocket( 2428): bindAddr:null and port:-1
11-06 16:17:16.720 D/HTTPMUSocket( 2428): /192.168.31.115
11-06 16:17:16.721 D/HTTPMUSocket( 2428): send msg:NOTIFY * HTTP/1.1
11-06 16:17:16.721 D/HTTPMUSocket( 2428): Server: Linux/3.18.24_hi3798mv2x UPnP/1.0 CyberLinkJava/1.8
11-06 16:17:16.721 D/HTTPMUSocket( 2428): Cache-Control: max-age=1800
11-06 16:17:16.721 D/HTTPMUSocket( 2428): Location: http://192.168.31.115:38520/description.xml
11-06 16:17:16.721 D/HTTPMUSocket( 2428): NTS: ssdp:alive
11-06 16:17:16.721 D/HTTPMUSocket( 2428): NT: urn:schemas-upnp-org:device:MediaServer:1
11-06 16:17:16.721 D/HTTPMUSocket( 2428): USN: uuid:418c7b66-86de-45d5-90fd-13e1eb88db7e::urn:schemas-upnp-org:device:MediaServer:1
11-06 16:17:16.721 D/HTTPMUSocket( 2428): HOST: 239.255.255.250:1900
11-06 16:17:16.721 D/HTTPMUSocket( 2428): 
11-06 16:17:16.721 D/HTTPMUSocket( 2428): bindAddr:null and port:-1
11-06 16:17:16.721 D/HTTPMUSocket( 2428): /192.168.31.115
11-06 16:17:16.722 D/Device  ( 2428): announce bindAddr=192.168.31.115,devLocation=http://192.168.31.115:38520/description.xml,location=http://192.168.31.115:38520/description.xml
11-06 16:17:16.722 D/Device  ( 2428): announce bindAddr=192.168.31.115,serviceDesUrl=
11-06 16:17:16.723 D/HTTPMUSocket( 2428): open addr=239.255.255.250,port=1900,bindAddr=192.168.31.115
11-06 16:17:16.727 D/TimerUtil( 2428): waitRandom time=300,waitTime=275
11-06 16:17:16.728 D/HTTPMUSocket( 2428): send msg:NOTIFY * HTTP/1.1
11-06 16:17:16.728 D/HTTPMUSocket( 2428): Server: Linux/3.18.24_hi3798mv2x UPnP/1.0 CyberLinkJava/1.8
11-06 16:17:16.728 D/HTTPMUSocket( 2428): Cache-Control: max-age=1800
11-06 16:17:16.728 D/HTTPMUSocket( 2428): Location: http://192.168.31.115:38520/description.xml
11-06 16:17:16.728 D/HTTPMUSocket( 2428): NTS: ssdp:alive
11-06 16:17:16.728 D/HTTPMUSocket( 2428): NT: urn:schemas-upnp-org:service:ContentDirectory:1
11-06 16:17:16.728 D/HTTPMUSocket( 2428): USN: uuid:418c7b66-86de-45d5-90fd-13e1eb88db7e::urn:schemas-upnp-org:service:ContentDirectory:1
11-06 16:17:16.728 D/HTTPMUSocket( 2428): HOST: 239.255.255.250:1900
11-06 16:17:16.728 D/HTTPMUSocket( 2428): 
11-06 16:17:16.728 D/HTTPMUSocket( 2428): bindAddr:null and port:-1
11-06 16:17:16.728 D/HTTPMUSocket( 2428): /192.168.31.115
11-06 16:17:16.729 D/Device  ( 2428): announce bindAddr=192.168.31.115,serviceDesUrl=
11-06 16:17:16.730 D/HTTPMUSocket( 2428): open addr=239.255.255.250,port=1900,bindAddr=192.168.31.115
11-06 16:17:16.734 D/TimerUtil( 2428): waitRandom time=300,waitTime=145
11-06 16:17:16.734 D/HTTPMUSocket( 2428): send msg:NOTIFY * HTTP/1.1
11-06 16:17:16.734 D/HTTPMUSocket( 2428): Server: Linux/3.18.24_hi3798mv2x UPnP/1.0 CyberLinkJava/1.8
11-06 16:17:16.734 D/HTTPMUSocket( 2428): Cache-Control: max-age=1800
11-06 16:17:16.734 D/HTTPMUSocket( 2428): Location: http://192.168.31.115:38520/description.xml
11-06 16:17:16.734 D/HTTPMUSocket( 2428): NTS: ssdp:alive
11-06 16:17:16.734 D/HTTPMUSocket( 2428): NT: urn:schemas-upnp-org:service:ConnectionManager:1
11-06 16:17:16.734 D/HTTPMUSocket( 2428): USN: uuid:418c7b66-86de-45d5-90fd-13e1eb88db7e::urn:schemas-upnp-org:service:ConnectionManager:1
11-06 16:17:16.734 D/HTTPMUSocket( 2428): HOST: 239.255.255.250:1900
11-06 16:17:16.734 D/HTTPMUSocket( 2428): 
11-06 16:17:16.734 D/HTTPMUSocket( 2428): bindAddr:null and port:-1
11-06 16:17:16.735 D/HTTPMUSocket( 2428): /192.168.31.115
11-06 16:17:16.735 D/Device  ( 2428): announce bindAddr=192.168.31.115,serviceDesUrl=
11-06 16:17:16.736 D/HTTPMUSocket( 2428): open addr=239.255.255.250,port=1900,bindAddr=192.168.31.115
11-06 16:17:16.740 D/TimerUtil( 2428): waitRandom time=300,waitTime=119
11-06 16:17:16.741 D/HTTPMUSocket( 2428): send msg:NOTIFY * HTTP/1.1
11-06 16:17:16.741 D/HTTPMUSocket( 2428): Server: Linux/3.18.24_hi3798mv2x UPnP/1.0 CyberLinkJava/1.8
11-06 16:17:16.741 D/HTTPMUSocket( 2428): Cache-Control: max-age=1800
11-06 16:17:16.741 D/HTTPMUSocket( 2428): Location: http://192.168.31.115:38520/description.xml
11-06 16:17:16.741 D/HTTPMUSocket( 2428): NTS: ssdp:alive
11-06 16:17:16.741 D/HTTPMUSocket( 2428): NT: urn:schemas-upnp-org:service:AVTransport:1
11-06 16:17:16.741 D/HTTPMUSocket( 2428): USN: uuid:418c7b66-86de-45d5-90fd-13e1eb88db7e::urn:schemas-upnp-org:service:AVTransport:1
11-06 16:17:16.741 D/HTTPMUSocket( 2428): HOST: 239.255.255.250:1900
11-06 16:17:16.741 D/HTTPMUSocket( 2428): 
11-06 16:17:16.741 D/HTTPMUSocket( 2428): bindAddr:null and port:-1
11-06 16:17:16.742 D/HTTPMUSocket( 2428): /192.168.31.115
11-06 16:17:16.742 D/Device  ( 2428): announce bindAddr=192.168.31.115,serviceDesUrl=
11-06 16:17:16.743 D/HTTPMUSocket( 2428): open addr=239.255.255.250,port=1900,bindAddr=192.168.31.115
11-06 16:17:16.747 D/TimerUtil( 2428): waitRandom time=300,waitTime=72
11-06 16:17:16.748 D/HTTPMUSocket( 2428): send msg:NOTIFY * HTTP/1.1
11-06 16:17:16.748 D/HTTPMUSocket( 2428): Server: Linux/3.18.24_hi3798mv2x UPnP/1.0 CyberLinkJava/1.8
11-06 16:17:16.748 D/HTTPMUSocket( 2428): Cache-Control: max-age=1800
11-06 16:17:16.748 D/HTTPMUSocket( 2428): Location: http://192.168.31.115:38520/description.xml
11-06 16:17:16.748 D/HTTPMUSocket( 2428): NTS: ssdp:alive
11-06 16:17:16.748 D/HTTPMUSocket( 2428): NT: urn:sumavision.com:service:X_SUMA_EVENT:1
11-06 16:17:16.748 D/HTTPMUSocket( 2428): USN: uuid:418c7b66-86de-45d5-90fd-13e1eb88db7e::urn:sumavision.com:service:X_SUMA_EVENT:1
11-06 16:17:16.748 D/HTTPMUSocket( 2428): HOST: 239.255.255.250:1900
11-06 16:17:16.748 D/HTTPMUSocket( 2428): 
11-06 16:17:16.748 D/HTTPMUSocket( 2428): bindAddr:null and port:-1
11-06 16:17:16.748 D/HTTPMUSocket( 2428): /192.168.31.115
11-06 16:17:16.749 D/Advertiser( 2428): Advertise12:38000 at time:1509956236749 with thread:org.cybergarage.d.b.a@25ed9e23
11-06 16:17:17.031 D/BackBootDealerNeimeng( 2355): standbyState:
11-06 16:17:17.031 E/NetUtils( 2021): Interface eth0 LinkDown!
11-06 16:17:17.229 D/BasicFigure( 2491): [TN_GLThread 73]isDrawFocused relyElement=[BaseElement@346a37d9]focusScale[1.15]elementAlpha[-1.0]refectAlpha[-1.0]isFocusAble[true]shadowIndex[-1]autoJumpType[-1]uniqueID[54resSize0]rect[NULL]
11-06 16:17:17.230 D/BasicFigure( 2491): [TN_GLThread 73]isDrawFocused basicFigure=com.suma.midware.view.b.c.c@3914159e
11-06 16:17:17.532 D/BackBootDealerNeimeng( 2355): standbyState:
11-06 16:17:17.533 E/NetUtils( 2021): Interface eth0 LinkDown!
11-06 16:17:18.033 D/BackBootDealerNeimeng( 2355): standbyState:
11-06 16:17:18.034 E/NetUtils( 2021): Interface eth0 LinkDown!
11-06 16:17:18.250 D/BasicFigure( 2491): [TN_GLThread 73]isDrawFocused relyElement=[BaseElement@346a37d9]focusScale[1.15]elementAlpha[-1.0]refectAlpha[-1.0]isFocusAble[true]shadowIndex[-1]autoJumpType[-1]uniqueID[54resSize0]rect[NULL]
11-06 16:17:18.250 D/BasicFigure( 2491): [TN_GLThread 73]isDrawFocused basicFigure=com.suma.midware.view.b.c.c@3914159e
11-06 16:17:18.535 D/BackBootDealerNeimeng( 2355): standbyState:
11-06 16:17:18.536 E/NetUtils( 2021): Interface eth0 LinkDown!
11-06 16:17:19.036 D/BackBootDealerNeimeng( 2355): standbyState:
11-06 16:17:19.037 E/NetUtils( 2021): Interface eth0 LinkDown!
11-06 16:17:19.266 D/BasicFigure( 2491): [TN_GLThread 73]isDrawFocused relyElement=[BaseElement@346a37d9]focusScale[1.15]elementAlpha[-1.0]refectAlpha[-1.0]isFocusAble[true]shadowIndex[-1]autoJumpType[-1]uniqueID[54resSize0]rect[NULL]
11-06 16:17:19.266 D/BasicFigure( 2491): [TN_GLThread 73]isDrawFocused basicFigure=com.suma.midware.view.b.c.c@3914159e
11-06 16:17:19.537 D/BackBootDealerNeimeng( 2355): standbyState:
11-06 16:17:19.538 E/NetUtils( 2021): Interface eth0 LinkDown!
11-06 16:17:20.039 D/BackBootDealerNeimeng( 2355): standbyState:
11-06 16:17:20.040 E/NetUtils( 2021): Interface eth0 LinkDown!
11-06 16:17:20.185 D/AppUtil ( 2355): [TN_ThreadUtil-3]getActivityPkg index=0,comp=ComponentInfo{com.suma.midware.home/com.suma.midware.home.third.Main3DActivity}
11-06 16:17:20.185 D/AppKiller( 2355): [TN_ThreadUtil-3]backKill curPkgName=com.suma.midware.home
11-06 16:17:20.285 D/BasicFigure( 2491): [TN_GLThread 73]isDrawFocused relyElement=[BaseElement@346a37d9]focusScale[1.15]elementAlpha[-1.0]refectAlpha[-1.0]isFocusAble[true]shadowIndex[-1]autoJumpType[-1]uniqueID[54resSize0]rect[NULL]
11-06 16:17:20.285 D/BasicFigure( 2491): [TN_GLThread 73]isDrawFocused basicFigure=com.suma.midware.view.b.c.c@3914159e
11-06 16:17:20.353 I/System.out( 2355): [DEBUG SectionFilterGroup] be reaady to detach filtergroup:true
11-06 16:17:20.354 V/SUMA    ( 1581): [resman-s][onTransact 216]code[0x12000201] client pid = 2355
11-06 16:17:20.354 V/SUMA    ( 1581): [resman-s][onTransact 665]TRANS_CODE_RESMAN_FILETER_RELEASE enter
11-06 16:17:20.354 V/SUMA    ( 1581): >> Roc_ResMan_Filter_Release handler = 0x1202d640 
