11-06 16:18:00.968 D/TimeUpdate( 2491): [TN_main]dealTimeUpdate curTime=java.util.GregorianCalendar[time=1509956280968,areFieldsSet=true,lenient=true,zone=Asia/Shanghai,firstDayOfWeek=1,minimalDaysInFirstWeek=1,ERA=1,YEAR=2017,MONTH=10,WEEK_OF_YEAR=45,WEEK_OF_MONTH=2,DAY_OF_MONTH=6,DAY_OF_YEAR=310,DAY_OF_WEEK=2,DAY_OF_WEEK_IN_MONTH=1,AM_PM=1,HOUR=4,HOUR_OF_DAY=16,MINUTE=18,SECOND=0,MILLISECOND=968,ZONE_OFFSET=28800000,DST_OFFSET=0]
11-06 16:18:00.972 D/TextureManager( 2491): deleteTexture key:16:17_24_-1711276033_0_5.0_3.0_3.0_-7829368:textureID:23
11-06 16:18:00.976 D/TextureManager( 2491): loadTexture name:16:18_24_-1711276033_0_5.0_3.0_3.0_-7829368:textureID:23:recordSize:null
11-06 16:18:00.994 D/BasicFigure( 2491): [TN_GLThread 73]isDrawFocused relyElement=[BaseElement@346a37d9]focusScale[1.15]elementAlpha[-1.0]refectAlpha[-1.0]isFocusAble[true]shadowIndex[-1]autoJumpType[-1]uniqueID[54resSize0]rect[NULL]
11-06 16:18:00.994 D/BasicFigure( 2491): [TN_GLThread 73]isDrawFocused basicFigure=com.suma.midware.view.b.c.c@3914159e
11-06 16:18:01.008 D/BasicFigure( 2491): [TN_GLThread 73]isDrawFocused relyElement=[BaseElement@346a37d9]focusScale[1.15]elementAlpha[-1.0]refectAlpha[-1.0]isFocusAble[true]shadowIndex[-1]autoJumpType[-1]uniqueID[54resSize0]rect[NULL]
11-06 16:18:01.008 D/BasicFigure( 2491): [TN_GLThread 73]isDrawFocused basicFigure=com.suma.midware.view.b.c.c@3914159e
11-06 16:18:01.159 D/BackBootDealerNeimeng( 2355): standbyState:
11-06 16:18:01.159 E/NetUtils( 2021): Interface eth0 LinkDown!
11-06 16:18:01.660 D/BackBootDealerNeimeng( 2355): standbyState:
11-06 16:18:01.660 E/NetUtils( 2021): Interface eth0 LinkDown!
11-06 16:18:02.026 D/BasicFigure( 2491): [TN_GLThread 73]isDrawFocused relyElement=[BaseElement@346a37d9]focusScale[1.15]elementAlpha[-1.0]refectAlpha[-1.0]isFocusAble[true]shadowIndex[-1]autoJumpType[-1]uniqueID[54resSize0]rect[NULL]
11-06 16:18:02.026 D/BasicFigure( 2491): [TN_GLThread 73]isDrawFocused basicFigure=com.suma.midware.view.b.c.c@3914159e
11-06 16:18:02.161 D/BackBootDealerNeimeng( 2355): standbyState:
11-06 16:18:02.162 E/NetUtils( 2021): Interface eth0 LinkDown!
11-06 16:18:02.663 D/BackBootDealerNeimeng( 2355): standbyState:
11-06 16:18:02.664 E/NetUtils( 2021): Interface eth0 LinkDown!
11-06 16:18:03.046 D/BasicFigure( 2491): [TN_GLThread 73]isDrawFocused relyElement=[BaseElement@346a37d9]focusScale[1.15]elementAlpha[-1.0]refectAlpha[-1.0]isFocusAble[true]shadowIndex[-1]autoJumpType[-1]uniqueID[54resSize0]rect[NULL]
11-06 16:18:03.046 D/BasicFigure( 2491): [TN_GLThread 73]isDrawFocused basicFigure=com.suma.midware.view.b.c.c@3914159e
11-06 16:18:03.164 D/BackBootDealerNeimeng( 2355): standbyState:
11-06 16:18:03.165 E/NetUtils( 2021): Interface eth0 LinkDown!
11-06 16:18:03.665 D/BackBootDealerNeimeng( 2355): standbyState:
11-06 16:18:03.666 E/NetUtils( 2021): Interface eth0 LinkDown!
11-06 16:18:04.066 D/BasicFigure( 2491): [TN_GLThread 73]isDrawFocused relyElement=[BaseElement@346a37d9]focusScale[1.15]elementAlpha[-1.0]refectAlpha[-1.0]isFocusAble[true]shadowIndex[-1]autoJumpType[-1]uniqueID[54resSize0]rect[NULL]
11-06 16:18:04.066 D/BasicFigure( 2491): [TN_GLThread 73]isDrawFocused basicFigure=com.suma.midware.view.b.c.c@3914159e
11-06 16:18:04.166 D/BackBootDealerNeimeng( 2355): standbyState:
11-06 16:18:04.167 E/NetUtils( 2021): Interface eth0 LinkDown!
11-06 16:18:04.668 D/BackBootDealerNeimeng( 2355): standbyState:
11-06 16:18:04.669 E/NetUtils( 2021): Interface eth0 LinkDown!
11-06 16:18:05.073 D/BasicFigure( 2491): [TN_GLThread 73]isDrawFocused relyElement=[BaseElement@346a37d9]focusScale[1.15]elementAlpha[-1.0]refectAlpha[-1.0]isFocusAble[true]shadowIndex[-1]autoJumpType[-1]uniqueID[54resSize0]rect[NULL]
11-06 16:18:05.073 D/BasicFigure( 2491): [TN_GLThread 73]isDrawFocused basicFigure=com.suma.midware.view.b.c.c@3914159e
11-06 16:18:05.169 D/BackBootDealerNeimeng( 2355): standbyState:
11-06 16:18:05.170 E/NetUtils( 2021): Interface eth0 LinkDown!
11-06 16:18:05.670 D/BackBootDealerNeimeng( 2355): standbyState:
11-06 16:18:05.671 E/NetUtils( 2021): Interface eth0 LinkDown!
11-06 16:18:06.093 D/BasicFigure( 2491): [TN_GLThread 73]isDrawFocused relyElement=[BaseElement@346a37d9]focusScale[1.15]elementAlpha[-1.0]refectAlpha[-1.0]isFocusAble[true]shadowIndex[-1]autoJumpType[-1]uniqueID[54resSize0]rect[NULL]
11-06 16:18:06.093 D/BasicFigure( 2491): [TN_GLThread 73]isDrawFocused basicFigure=com.suma.midware.view.b.c.c@3914159e
11-06 16:18:06.172 D/BackBootDealerNeimeng( 2355): standbyState:
11-06 16:18:06.173 E/NetUtils( 2021): Interface eth0 LinkDown!
11-06 16:18:06.673 D/BackBootDealerNeimeng( 2355): standbyState:
11-06 16:18:06.674 E/NetUtils( 2021): Interface eth0 LinkDown!
11-06 16:18:07.113 D/BasicFigure( 2491): [TN_GLThread 73]isDrawFocused relyElement=[BaseElement@346a37d9]focusScale[1.15]elementAlpha[-1.0]refectAlpha[-1.0]isFocusAble[true]shadowIndex[-1]autoJumpType[-1]uniqueID[54resSize0]rect[NULL]
11-06 16:18:07.113 D/BasicFigure( 2491): [TN_GLThread 73]isDrawFocused basicFigure=com.suma.midware.view.b.c.c@3914159e
11-06 16:18:07.175 D/BackBootDealerNeimeng( 2355): standbyState:
11-06 16:18:07.175 E/NetUtils( 2021): Interface eth0 LinkDown!
11-06 16:18:07.676 D/BackBootDealerNeimeng( 2355): standbyState:
11-06 16:18:07.676 E/NetUtils( 2021): Interface eth0 LinkDown!
11-06 16:18:08.132 D/BasicFigure( 2491): [TN_GLThread 73]isDrawFocused relyElement=[BaseElement@346a37d9]focusScale[1.15]elementAlpha[-1.0]refectAlpha[-1.0]isFocusAble[true]shadowIndex[-1]autoJumpType[-1]uniqueID[54resSize0]rect[NULL]
11-06 16:18:08.133 D/BasicFigure( 2491): [TN_GLThread 73]isDrawFocused basicFigure=com.suma.midware.view.b.c.c@3914159e
11-06 16:18:08.177 D/BackBootDealerNeimeng( 2355): standbyState:
11-06 16:18:08.178 E/NetUtils( 2021): Interface eth0 LinkDown!
11-06 16:18:08.679 D/BackBootDealerNeimeng( 2355): standbyState:
11-06 16:18:08.679 E/NetUtils( 2021): Interface eth0 LinkDown!
11-06 16:18:09.153 D/BasicFigure( 2491): [TN_GLThread 73]isDrawFocused relyElement=[BaseElement@346a37d9]focusScale[1.15]elementAlpha[-1.0]refectAlpha[-1.0]isFocusAble[true]shadowIndex[-1]autoJumpType[-1]uniqueID[54resSize0]rect[NULL]
11-06 16:18:09.153 D/BasicFigure( 2491): [TN_GLThread 73]isDrawFocused basicFigure=com.suma.midware.view.b.c.c@3914159e
11-06 16:18:09.180 D/BackBootDealerNeimeng( 2355): standbyState:
11-06 16:18:09.180 E/NetUtils( 2021): Interface eth0 LinkDown!
11-06 16:18:09.681 D/BackBootDealerNeimeng( 2355): standbyState:
11-06 16:18:09.682 E/NetUtils( 2021): Interface eth0 LinkDown!
11-06 16:18:10.173 D/BasicFigure( 2491): [TN_GLThread 73]isDrawFocused relyElement=[BaseElement@346a37d9]focusScale[1.15]elementAlpha[-1.0]refectAlpha[-1.0]isFocusAble[true]shadowIndex[-1]autoJumpType[-1]uniqueID[54resSize0]rect[NULL]
11-06 16:18:10.173 D/BasicFigure( 2491): [TN_GLThread 73]isDrawFocused basicFigure=com.suma.midware.view.b.c.c@3914159e
11-06 16:18:10.182 D/BackBootDealerNeimeng( 2355): standbyState:
11-06 16:18:10.183 E/NetUtils( 2021): Interface eth0 LinkDown!
11-06 16:18:10.684 D/BackBootDealerNeimeng( 2355): standbyState:
11-06 16:18:10.685 E/NetUtils( 2021): Interface eth0 LinkDown!
11-06 16:18:11.185 D/BackBootDealerNeimeng( 2355): standbyState:
11-06 16:18:11.186 E/NetUtils( 2021): Interface eth0 LinkDown!
11-06 16:18:11.193 D/BasicFigure( 2491): [TN_GLThread 73]isDrawFocused relyElement=[BaseElement@346a37d9]focusScale[1.15]elementAlpha[-1.0]refectAlpha[-1.0]isFocusAble[true]shadowIndex[-1]autoJumpType[-1]uniqueID[54resSize0]rect[NULL]
11-06 16:18:11.193 D/BasicFigure( 2491): [TN_GLThread 73]isDrawFocused basicFigure=com.suma.midware.view.b.c.c@3914159e
11-06 16:18:11.688 D/BackBootDealerNeimeng( 2355): standbyState:
11-06 16:18:11.689 E/NetUtils( 2021): Interface eth0 LinkDown!
11-06 16:18:12.190 D/BackBootDealerNeimeng( 2355): standbyState:
11-06 16:18:12.191 E/NetUtils( 2021): Interface eth0 LinkDown!
11-06 16:18:12.213 D/BasicFigure( 2491): [TN_GLThread 73]isDrawFocused relyElement=[BaseElement@346a37d9]focusScale[1.15]elementAlpha[-1.0]refectAlpha[-1.0]isFocusAble[true]shadowIndex[-1]autoJumpType[-1]uniqueID[54resSize0]rect[NULL]
11-06 16:18:12.213 D/BasicFigure( 2491): [TN_GLThread 73]isDrawFocused basicFigure=com.suma.midware.view.b.c.c@3914159e
11-06 16:18:12.691 D/BackBootDealerNeimeng( 2355): standbyState:
11-06 16:18:12.692 E/NetUtils( 2021): Interface eth0 LinkDown!
11-06 16:18:13.193 D/BackBootDealerNeimeng( 2355): standbyState:
11-06 16:18:13.193 E/NetUtils( 2021): Interface eth0 LinkDown!
11-06 16:18:13.233 D/BasicFigure( 2491): [TN_GLThread 73]isDrawFocused relyElement=[BaseElement@346a37d9]focusScale[1.15]elementAlpha[-1.0]refectAlpha[-1.0]isFocusAble[true]shadowIndex[-1]autoJumpType[-1]uniqueID[54resSize0]rect[NULL]
11-06 16:18:13.233 D/BasicFigure( 2491): [TN_GLThread 73]isDrawFocused basicFigure=com.suma.midware.view.b.c.c@3914159e
11-06 16:18:13.273 V/SUMA    ( 1581): [VOD EXT]_ERRO:onewave_auth_req1st(1180) 
11-06 16:18:13.273 V/SUMA    ( 1581): connect() failed, errno=10026 !
11-06 16:18:13.273 V/SUMA    ( 1581): [VOD EXT]_DBUG:onewave_auth_req1st(1290) 
11-06 16:18:13.273 V/SUMA    ( 1581): err,leave onewave_auth_req1st 
11-06 16:18:13.694 D/BackBootDealerNeimeng( 2355): standbyState:
11-06 16:18:13.695 E/NetUtils( 2021): Interface eth0 LinkDown!
11-06 16:18:14.195 D/BackBootDealerNeimeng( 2355): standbyState:
11-06 16:18:14.196 E/NetUtils( 2021): Interface eth0 LinkDown!
11-06 16:18:14.210 E/WifiStateMachine( 2021): WifiStateMachine CMD_START_SCAN source -2 txSuccessRate=23.17 rxSuccessRate=12.19 targetRoamBSSID=78:11:dc:10:d5:2d RSSI=-21
11-06 16:18:14.210 E/WifiStateMachine( 2021): WifiStateMachine starting scan for "Xiaomi_D52C"WPA_PSK with 2412
11-06 16:18:14.253 D/BasicFigure( 2491): [TN_GLThread 73]isDrawFocused relyElement=[BaseElement@346a37d9]focusScale[1.15]elementAlpha[-1.0]refectAlpha[-1.0]isFocusAble[true]shadowIndex[-1]autoJumpType[-1]uniqueID[54resSize0]rect[NULL]
11-06 16:18:14.254 D/BasicFigure( 2491): [TN_GLThread 73]isDrawFocused basicFigure=com.suma.midware.view.b.c.c@3914159e
11-06 16:18:14.398 D/IPLoaderNeimeng( 2355): after wait time16:18:14:monitorInterval:5000
11-06 16:18:14.398 D/IPLoaderNeimeng( 2355): before dealUpdateCheck time:16:18:14:isMsgBroadcast:false:monitorInterval:5000:processState:1
11-06 16:18:14.398 D/IPLoaderNeimeng( 2355): dealUpdateCheck isFirstSuccessUpdate:false:monitorInterval:5000
11-06 16:18:14.398 D/LoadHttpHandler( 2355): [TN_ThreadUtil-6]doNormal proxyConfig=null
11-06 16:18:14.696 D/BackBootDealerNeimeng( 2355): standbyState:
11-06 16:18:14.697 E/NetUtils( 2021): Interface eth0 LinkDown!
11-06 16:18:14.937 I/EthernetNetworkFactory( 2021): updateInterfaceState :the mIface is:eth0iface is wlan0 true
11-06 16:18:14.948 E/WifiAutoJoinController ( 2021): Xiaomi_D52C 78:11:dc:10:d5:2d rssi=-21 cap [WPA-PSK-CCMP+TKIP][WPA2-PSK-CCMP+TKIP][WPS][ESS] is not scored
11-06 16:18:14.948 E/WifiAutoJoinController ( 2021): GDWL 86:79:73:27:8c:0d rssi=-49 cap [WPA-PSK-CCMP][WPA2-PSK-CCMP][ESS] is not scored
11-06 16:18:14.949 E/WifiAutoJoinController ( 2021): GDWL 86:79:73:27:8c:13 rssi=-73 cap [WPA-PSK-CCMP][WPA2-PSK-CCMP][ESS] is not scored
11-06 16:18:14.949 E/WifiAutoJoinController ( 2021):  84:79:73:27:8c:0d rssi=-50 cap [WEP][ESS] is not scored
11-06 16:18:14.949 E/WifiAutoJoinController ( 2021):  84:79:73:27:8c:13 rssi=-74 cap [WEP][ESS] is not scored
11-06 16:18:14.950 E/WifiAutoJoinController ( 2021): TP-LINK_gsbgs 9c:21:6a:1e:b5:48 rssi=-76 cap [WPA-PSK-CCMP][WPA2-PSK-CCMP][WPS][ESS] is not scored
11-06 16:18:14.950 E/WifiAutoJoinController ( 2021):  24:69:68:79:91:8a rssi=-75 cap [WPA-PSK-CCMP][WPA2-PSK-CCMP][ESS] is not scored
11-06 16:18:14.951 E/WifiAutoJoinController ( 2021):  84:79:73:27:8c:2b rssi=-76 cap [WEP][ESS] is not scored
11-06 16:18:14.951 E/WifiAutoJoinController ( 2021): ageScanResultsOut delay 40000 size 8 now 1509956294951
11-06 16:18:14.951 E/WifiAutoJoinController ( 2021): newSupplicantResults size=8 known=3 true
11-06 16:18:14.953 E/WifiAutoJoinController ( 2021): attemptAutoJoin() status=bssid=78:11:dc:10:d5:2d
11-06 16:18:14.953 E/WifiAutoJoinController ( 2021): freq=2412
11-06 16:18:14.953 E/WifiAutoJoinController ( 2021): ssid=Xiaomi_D52C
11-06 16:18:14.953 E/WifiAutoJoinController ( 2021): id=3
11-06 16:18:14.953 E/WifiAutoJoinController ( 2021): mode=station
11-06 16:18:14.953 E/WifiAutoJoinController ( 2021): pairwise_cipher=CCMP
11-06 16:18:14.953 E/WifiAutoJoinController ( 2021): group_cipher=TKIP
11-06 16:18:14.953 E/WifiAutoJoinController ( 2021): key_mgmt=WPA2-PSK
11-06 16:18:14.953 E/WifiAutoJoinController ( 2021): wpa_state=COMPLETED
11-06 16:18:14.953 E/WifiAutoJoinController ( 2021): ip_address=192.168.31.115
11-06 16:18:14.953 E/WifiAutoJoinController ( 2021): p2p_device_address=0e:62:a6:0c:0f:b2
11-06 16:18:14.953 E/WifiAutoJoinController ( 2021): address=0c:62:a6:0c:0f:b2
11-06 16:18:14.953 E/WifiAutoJoinController ( 2021): uuid=de43a986-3647-5398-876d-b6752834d7e7 split=13
11-06 16:18:14.953 E/WifiAutoJoinController ( 2021): attemptAutoJoin() num recent config 2 current="Xiaomi_D52C"WPA_PSK ---> suppNetId=3
11-06 16:18:14.953 E/WifiAutoJoinController ( 2021): attemptAutoJoin good candidate seen, bumped hard -> status=0 "Xiaomi_D52C"WPA_PSK rssi=(-21,-127) num=(1,0)
11-06 16:18:14.953 E/WifiAutoJoinController ( 2021): attemptAutoJoin skip current candidate  3 key "Xiaomi_D52C"WPA_PSK
11-06 16:18:14.953 E/WifiAutoJoinController ( 2021): attemptAutoJoin good candidate seen, bumped hard -> status=0 "GDWL"WPA_PSK rssi=(-49,-127) num=(9,0)
11-06 16:18:14.953 E/WifiAutoJoinController ( 2021): attemptAutoJoin trying id=2 "GDWL"WPA_PSK status=0
11-06 16:18:14.953 E/WifiAutoJoinController ( 2021): compareNetwork will compare "GDWL"WPA_PSK with current "Xiaomi_D52C"WPA_PSK
11-06 16:18:14.954 E/WifiAutoJoinController ( 2021):     compareWifiConfigurationsRSSI: "Xiaomi_D52C"WPA_PSK rssi=-21,-127 boost=25 "GDWL"WPA_PSK rssi=-49,-127 boost=0
11-06 16:18:14.954 E/WifiAutoJoinController ( 2021):         "Xiaomi_D52C"WPA_PSK is5=false score=4 "GDWL"WPA_PSK is5=false score=-49
11-06 16:18:14.954 E/WifiAutoJoinController ( 2021):     compareWifiConfigurationsRSSI "Xiaomi_D52C"WPA_PSK rssi=(-21,-127) num=(1,0) > "GDWL"WPA_PSK rssi=(-49,-127) num=(9,0) -> -50
11-06 16:18:14.954 E/WifiAutoJoinController ( 2021): compareWifiConfigurations: "Xiaomi_D52C"WPA_PSK > "GDWL"WPA_PSK order -50
11-06 16:18:14.954 E/WifiAutoJoinController ( 2021): attemptAutoJoin networkSwitching candidate "GDWL"WPA_PSK with current "Xiaomi_D52C"WPA_PSK linked=false : delta=-50  -> not switching
11-06 16:18:14.954 E/WifiAutoJoinController ( 2021): attemptRoam: "Xiaomi_D52C"WPA_PSK Found 78:11:dc:10:d5:2d rssi=-21 freq=2412 Current: 78:11:dc:10:d5:2d
11-06 16:18:14.954 E/WifiAutoJoinController ( 2021): Done attemptAutoJoin status=0
11-06 16:18:15.026 D/LoadHttpHandler( 2355): [TN_ThreadUtil-6]doNormal responseCode=404
11-06 16:18:15.027 D/LoadHttpTask( 2355): dealUpdateCheck responseCode:404:data:null:downloadResult:false
11-06 16:18:15.027 D/IPLoaderNeimeng( 2355): after dealUpdateCheck time:16:18:15:isMsgBroadcast:false:monitorInterval:5000:processState:1
11-06 16:18:15.028 D/IPLoaderNeimeng( 2355): before wait time16:18:15:monitorInterval:5000
11-06 16:18:15.197 D/BackBootDealerNeimeng( 2355): standbyState:
11-06 16:18:15.198 E/NetUtils( 2021): Interface eth0 LinkDown!
11-06 16:18:15.273 D/BasicFigure( 2491): [TN_GLThread 73]isDrawFocused relyElement=[BaseElement@346a37d9]focusScale[1.15]elementAlpha[-1.0]refectAlpha[-1.0]isFocusAble[true]shadowIndex[-1]autoJumpType[-1]uniqueID[54resSize0]rect[NULL]
11-06 16:18:15.273 D/BasicFigure( 2491): [TN_GLThread 73]isDrawFocused basicFigure=com.suma.midware.view.b.c.c@3914159e
11-06 16:18:15.699 D/BackBootDealerNeimeng( 2355): standbyState:
11-06 16:18:15.699 E/NetUtils( 2021): Interface eth0 LinkDown!
11-06 16:18:16.200 D/BackBootDealerNeimeng( 2355): standbyState:
11-06 16:18:16.201 E/NetUtils( 2021): Interface eth0 LinkDown!
11-06 16:18:16.294 D/BasicFigure( 2491): [TN_GLThread 73]isDrawFocused relyElement=[BaseElement@346a37d9]focusScale[1.15]elementAlpha[-1.0]refectAlpha[-1.0]isFocusAble[true]shadowIndex[-1]autoJumpType[-1]uniqueID[54resSize0]rect[NULL]
11-06 16:18:16.294 D/BasicFigure( 2491): [TN_GLThread 73]isDrawFocused basicFigure=com.suma.midware.view.b.c.c@3914159e
11-06 16:18:16.701 D/BackBootDealerNeimeng( 2355): standbyState:
11-06 16:18:16.702 E/NetUtils( 2021): Interface eth0 LinkDown!
11-06 16:18:17.203 D/BackBootDealerNeimeng( 2355): standbyState:
11-06 16:18:17.203 E/NetUtils( 2021): Interface eth0 LinkDown!
11-06 16:18:17.314 D/BasicFigure( 2491): [TN_GLThread 73]isDrawFocused relyElement=[BaseElement@346a37d9]focusScale[1.15]elementAlpha[-1.0]refectAlpha[-1.0]isFocusAble[true]shadowIndex[-1]autoJumpType[-1]uniqueID[54resSize0]rect[NULL]
11-06 16:18:17.314 D/BasicFigure( 2491): [TN_GLThread 73]isDrawFocused basicFigure=com.suma.midware.view.b.c.c@3914159e
11-06 16:18:17.704 D/BackBootDealerNeimeng( 2355): standbyState:
11-06 16:18:17.705 E/NetUtils( 2021): Interface eth0 LinkDown!
11-06 16:18:18.205 D/BackBootDealerNeimeng( 2355): standbyState:
11-06 16:18:18.207 E/NetUtils( 2021): Interface eth0 LinkDown!
11-06 16:18:18.335 D/BasicFigure( 2491): [TN_GLThread 73]isDrawFocused relyElement=[BaseElement@346a37d9]focusScale[1.15]elementAlpha[-1.0]refectAlpha[-1.0]isFocusAble[true]shadowIndex[-1]autoJumpType[-1]uniqueID[54resSize0]rect[NULL]
11-06 16:18:18.335 D/BasicFigure( 2491): [TN_GLThread 73]isDrawFocused basicFigure=com.suma.midware.view.b.c.c@3914159e
11-06 16:18:18.707 D/BackBootDealerNeimeng( 2355): standbyState:
11-06 16:18:18.708 E/NetUtils( 2021): Interface eth0 LinkDown!
11-06 16:18:19.208 D/BackBootDealerNeimeng( 2355): standbyState:
11-06 16:18:19.209 E/NetUtils( 2021): Interface eth0 LinkDown!
11-06 16:18:19.355 D/BasicFigure( 2491): [TN_GLThread 73]isDrawFocused relyElement=[BaseElement@346a37d9]focusScale[1.15]elementAlpha[-1.0]refectAlpha[-1.0]isFocusAble[true]shadowIndex[-1]autoJumpType[-1]uniqueID[54resSize0]rect[NULL]
11-06 16:18:19.355 D/BasicFigure( 2491): [TN_GLThread 73]isDrawFocused basicFigure=com.suma.midware.view.b.c.c@3914159e
11-06 16:18:19.710 D/BackBootDealerNeimeng( 2355): standbyState:
11-06 16:18:19.711 E/NetUtils( 2021): Interface eth0 LinkDown!
11-06 16:18:20.212 D/BackBootDealerNeimeng( 2355): standbyState:
11-06 16:18:20.213 E/NetUtils( 2021): Interface eth0 LinkDown!
11-06 16:18:20.232 D/AppUtil ( 2355): [TN_ThreadUtil-3]getActivityPkg index=0,comp=ComponentInfo{com.suma.midware.home/com.suma.midware.home.third.Main3DActivity}
11-06 16:18:20.232 D/AppKiller( 2355): [TN_ThreadUtil-3]backKill curPkgName=com.suma.midware.home
11-06 16:18:20.376 D/BasicFigure( 2491): [TN_GLThread 73]isDrawFocused relyElement=[BaseElement@346a37d9]focusScale[1.15]elementAlpha[-1.0]refectAlpha[-1.0]isFocusAble[true]shadowIndex[-1]autoJumpType[-1]uniqueID[54resSize0]rect[NULL]
11-06 16:18:20.377 D/BasicFigure( 2491): [TN_GLThread 73]isDrawFocused basicFigure=com.suma.midware.view.b.c.c@3914159e
11-06 16:18:20.421 D/EsgNeiMengDealer( 2355): [TN_ThreadUtil-8]checkBootAd bootAd=[Advertisment@34d5d2aa]category[1]version[0]profile[2]group[[GroupProperty@3eb6ae9b]associateType[3]groupIDs[len:10:10000:7101:7105:9999:7000:17:1001:20002:20001:1003]]service[null]period[[Advertisment@3ddc238]dates[]times[len0:102:len1:102:20170821 000000-20170821 235959:20170822 000000-20170822 235959:20170823 000000-20170823 235959:20170824 000000-20170824 235959:20170825 000000-20170825 235959:20170826 000000-20170826 235959:20170827 000000-20170827 235959:20170828 000000-20170828 235959:20170829 000000-20170829 235959:20170830 000000-20170830 235959:20170831 000000-20170831 235959:20170901 000000-20170901 235959:20170902 000000-20170902 235959:20170903 000000-20170903 235959:20170904 000000-20170904 235959:20170905 000000-20170905 235959:20170906 000000-20170906 235959:20170907 000000-20170907 235959:20170908 000000-20170908 235959:20170909 000000-20170909 235959:20170910 000000-20170910 235959:20170911 000000-20170911 235959:20170912 000000-20170912 235959:20170913 000000-20170913 235959:20170914 000000-20170914 235959:20170915 000000-20170915 235959:20170916 000000-20170916 235959:20170917 000000-20170917 235959:20170918 000000-20170918 235959:20170919 000000-20170919 235959:20170920 000000-20170920 235959:20170921 000000-20170921 235959:20170922 000000-20170922 235959:20170923 000000-20170923 235959:20170924 000000-20170924 235959:20170925 000000-20170925 235959:20170926 000000-20170926 235959:20170927 000000-20170927 235959:20170928 000000-20170928 235959:20170929 000000-20170929 235959:20170930 000000-20170930 235959:20171001 000000-20171001 235959:20171002 000000-20171002 235959:20171003 000000-20171003 235959:20171004 000000-20171004 235959:20171005 000000-20171005 235959:20171006 000000-20171006 235959:20171007 000000-20171007 235959:20171008 000000-20171008 235959:20171009 000000-20171009 235959:20171010 000000-20171010 235959:20171011 000000-20171011 235959:20171012 000000-20171012 235959:20171013 000000-20171013 235959:20171014 000000-20171014 235959:20171015 000000-20171015 235959:20171016 000000-20171016 235959:20171017 000000-20171017 235959:20171018 000000-20171018 235959:20171019 000000-20171019 235959:20171020 000000-20171020 235959:20171021 000000-20171021 235959:20171022 000000-20171022 235959:20171023 000000-20171023 235959:20171024 000000-20171024 235959:20171025 000000-20171025 235959:20171026 000000-20171026 235959:20171027 000000-20171027 235959:20171028 000000-20171028 235959:20171029 000000-20171029 235959:20171030 000000-20171030 235959:20171031 000000-20171031 235959:20171101 000000-20171101 235959:20171102 000000-20171102 235959:20171103 000000-20171103 235959:20171104 000000-20171104 235959:20171105 000000-20171105 235959:20171106 000000-20171106 235959:20171107 000000-20171107 235959:20171108 000000-20171108 235959:20171109 000000-20171109 235959:20171110 000000-20171110 235959:20171111 000000-20171111 235959:20171112 000000-20171112 235959:20171113 000000-20171113 235959:20171114 000000-20171114 235959:20171115 000000-20171115 235959:20171116 000000-20171116 235959:20171117 000000-20171117 235959:20171118 000000-20171118 235959:20171119 000000-20171119 235959:20171120 000000-20171120 235959:20171121 000000-20171121 235959:20171122 000000-20171122 235959:20171123 000000-20171123 235959:20171124 000000-20171124 235959:20171125 000000-20171125 235959:20171126 000000-20171126 235959:20171127 000000-20171127 235959:20171128 000000-20171128 235959:20171129 000000-20171129 235959:20171130 000000-20171130 235959]]
11-06 16:18:20.421 I/System.out( 2355): [DEBUG SectionFilterGroup] The filterGroupHandle is: -1263413456
11-06 16:18:20.421 D/LoadPipeHandler( 2355): [TN_ThreadUtil-8]dealTableLoad pipeTask=[LoadPipeTask@e888bae]pID[16]tableID[64]tunerIndex[0]offset[3]timeout[5000]isNeedTune[false]fileName[null]
11-06 16:18:20.421 D/filter  ( 2355): [FilterManager-JNI] - start filter:pid=16, tableid=64, bufferNum=0
11-06 16:18:20.421 D/filter  ( 2355): [FilterManager-JNI] - 
11-06 16:18:20.421 D/filter  ( 2355): [FilterManager-JNI] - 
11-06 16:18:20.421 D/filter  ( 2355): [FilterManager-JNI] - The table id is proper.
11-06 16:18:20.421 D/filter  ( 2355): ####in java native method open filter:pid=16,							code=40,00,00,00,mask=ff,00,00,00
11-06 16:18:20.421 D/filter  ( 2355): [FilterManager-JNI] - Filter mode to ROCME_RES_FLT_MODE_UNROB_FILTER.
11-06 16:18:20.422 V/SUMA    ( 1581): [resman-s][onTransact 216]code[0x12000200] client pid = 2355
11-06 16:18:20.422 V/SUMA    ( 1581): [resman-s][onTransact 615]TRANS_CODE_RESMAN_FILETER_REQUEST enter
11-06 16:18:20.422 V/SUMA    ( 1581): [resman-s][onTransact 623]filter request m_client[0].cpid = 2355
11-06 16:18:20.422 V/SUMA    ( 1581): [resman-s][onTransact 627]filter handler request filter_handler[0]
11-06 16:18:20.422 V/SUMA    ( 1581): >> Roc_ResMan_Filter_Request handler = 0x1202dc50 
11-06 16:18:20.422 V/SUMA    ( 1581): [resman-s][onTransact 657]TRANS_CODE_RESMAN_FILETER_REQUEST leave
11-06 16:18:20.422 V/SUMA    ( 1581): [resman-s][onTransact 1574]leave transact client pid = 2355
11-06 16:18:20.422 I/System.out( 2355): [DEBUG SectionFilterGroup] The run() method, and the filterGroupHandle is: -1263413456
11-06 16:18:20.422 V/SUMA    ( 2355): [resman-c][Roc_ResMan_Filter_Request 1311]leave !!!
11-06 16:18:20.423 V/SUMA    ( 2355): [resman-c][dvbc_resman_flt_request 162]dvbc(2355)## s_resman_client_flt_hcbk request cbk idx=0 !!!
11-06 16:18:20.423 V/SUMA    ( 1581): [resman-s][onTransact 216]code[0x12000204] client pid = 2355
11-06 16:18:20.423 V/SUMA    ( 1581): [resman-s][onTransact 1574]leave transact client pid = 2355
11-06 16:18:20.424 V/SUMA    ( 2355): [resman-c][Roc_ResMan_Filter_Modify 1514]leave !!!
11-06 16:18:20.424 V/SUMA    ( 1581): [resman-s][onTransact 216]code[0x12000202] client pid = 2355
11-06 16:18:20.424 V/SUMA    ( 1581): [resman-s][onTransact 1574]leave transact client pid = 2355
11-06 16:18:20.424 V/SUMA    ( 2355): [resman-c][Roc_ResMan_Filter_Run 1431]leave !!!
11-06 16:18:20.424 D/filter  ( 2355): open file=302177360,pid=16,index=0 with tuner index 0
11-06 16:18:20.713 D/BackBootDealerNeimeng( 2355): standbyState:
11-06 16:18:20.714 E/NetUtils( 2021): Interface eth0 LinkDown!
11-06 16:18:21.214 D/BackBootDealerNeimeng( 2355): standbyState:
11-06 16:18:21.215 E/NetUtils( 2021): Interface eth0 LinkDown!
11-06 16:18:21.397 D/BasicFigure( 2491): [TN_GLThread 73]isDrawFocused relyElement=[BaseElement@346a37d9]focusScale[1.15]elementAlpha[-1.0]refectAlpha[-1.0]isFocusAble[true]shadowIndex[-1]autoJumpType[-1]uniqueID[54resSize0]rect[NULL]
11-06 16:18:21.398 D/BasicFigure( 2491): [TN_GLThread 73]isDrawFocused basicFigure=com.suma.midware.view.b.c.c@3914159e
11-06 16:18:21.716 D/BackBootDealerNeimeng( 2355): standbyState:
11-06 16:18:21.716 E/NetUtils( 2021): Interface eth0 LinkDown!
11-06 16:18:22.217 D/BackBootDealerNeimeng( 2355): standbyState:
11-06 16:18:22.218 E/NetUtils( 2021): Interface eth0 LinkDown!
11-06 16:18:22.418 D/BasicFigure( 2491): [TN_GLThread 73]isDrawFocused relyElement=[BaseElement@346a37d9]focusScale[1.15]elementAlpha[-1.0]refectAlpha[-1.0]isFocusAble[true]shadowIndex[-1]autoJumpType[-1]uniqueID[54resSize0]rect[NULL]
11-06 16:18:22.418 D/BasicFigure( 2491): [TN_GLThread 73]isDrawFocused basicFigure=com.suma.midware.view.b.c.c@3914159e
11-06 16:18:22.718 D/BackBootDealerNeimeng( 2355): standbyState:
11-06 16:18:22.719 E/NetUtils( 2021): Interface eth0 LinkDown!
11-06 16:18:23.220 D/BackBootDealerNeimeng( 2355): standbyState:
11-06 16:18:23.221 E/NetUtils( 2021): Interface eth0 LinkDown!
11-06 16:18:23.439 D/BasicFigure( 2491): [TN_GLThread 73]isDrawFocused relyElement=[BaseElement@346a37d9]focusScale[1.15]elementAlpha[-1.0]refectAlpha[-1.0]isFocusAble[true]shadowIndex[-1]autoJumpType[-1]uniqueID[54resSize0]rect[NULL]
11-06 16:18:23.439 D/BasicFigure( 2491): [TN_GLThread 73]isDrawFocused basicFigure=com.suma.midware.view.b.c.c@3914159e
11-06 16:18:23.721 D/BackBootDealerNeimeng( 2355): standbyState:
11-06 16:18:23.722 E/NetUtils( 2021): Interface eth0 LinkDown!
11-06 16:18:24.222 D/BackBootDealerNeimeng( 2355): standbyState:
11-06 16:18:24.223 E/NetUtils( 2021): Interface eth0 LinkDown!
11-06 16:18:24.459 D/BasicFigure( 2491): [TN_GLThread 73]isDrawFocused relyElement=[BaseElement@346a37d9]focusScale[1.15]elementAlpha[-1.0]refectAlpha[-1.0]isFocusAble[true]shadowIndex[-1]autoJumpType[-1]uniqueID[54resSize0]rect[NULL]
11-06 16:18:24.459 D/BasicFigure( 2491): [TN_GLThread 73]isDrawFocused basicFigure=com.suma.midware.view.b.c.c@3914159e
11-06 16:18:24.724 D/BackBootDealerNeimeng( 2355): standbyState:
11-06 16:18:24.725 E/NetUtils( 2021): Interface eth0 LinkDown!
11-06 16:18:25.225 D/BackBootDealerNeimeng( 2355): standbyState:
11-06 16:18:25.225 E/NetUtils( 2021): Interface eth0 LinkDown!
11-06 16:18:25.424 I/System.out( 2355): [DEBUG SectionFilterGroup] be reaady to detach filtergroup:true
11-06 16:18:25.425 V/SUMA    ( 1581): [resman-s][onTransact 216]code[0x12000201] client pid = 2355
11-06 16:18:25.425 V/SUMA    ( 1581): [resman-s][onTransact 665]TRANS_CODE_RESMAN_FILETER_RELEASE enter
11-06 16:18:25.425 V/SUMA    ( 1581): >> Roc_ResMan_Filter_Release handler = 0x1202dc50 
11-06 16:18:25.425 V/SUMA    ( 1581): [resman-s][onTransact 674]filter release m_client[0].cpid = 2355
11-06 16:18:25.425 V/SUMA    ( 1581): [resman-s][onTransact 678]filter handler release filter_handler[0]
11-06 16:18:25.425 V/SUMA    ( 1581): [resman-s][onTransact 688]TRANS_CODE_RESMAN_FILETER_RELEASE leave
11-06 16:18:25.425 V/SUMA    ( 1581): [resman-s][onTransact 1574]leave transact client pid = 2355
11-06 16:18:25.426 V/SUMA    ( 2355): [resman-c][dvbc_resman_flt_release 183]dvbc(2355)## s_resman_client_flt_hcbk release cbk idx=0 !!!
11-06 16:18:25.426 V/SUMA    ( 2355): [resman-c][Roc_ResMan_Filter_Release 1403]leave !!!
11-06 16:18:25.426 W/EsgNeiMengDealer( 2355): [TN_ThreadUtil-8]handleNormTable table content null
11-06 16:18:25.426 D/EsgNeiMengDealer( 2355): [TN_ThreadUtil-8]dealUpdateInfo updateInfo=null
11-06 16:18:25.426 D/EsgRunner( 2355): [TN_ThreadUtil-8]notifyUpdateEnd ads=null
11-06 16:18:25.438 W/ContextImpl( 2355): Calling a method in the system process without a qualified user: android.app.ContextImpl.sendBroadcast:1345 android.content.ContextWrapper.sendBroadcast:377 com.suma.midware.back.esg.e.f:-1 com.suma.midware.back.esg.f.run:-1 com.suma.midware.prop.util.c.run:-1 
11-06 16:18:25.480 D/BasicFigure( 2491): [TN_GLThread 73]isDrawFocused relyElement=[BaseElement@346a37d9]focusScale[1.15]elementAlpha[-1.0]refectAlpha[-1.0]isFocusAble[true]shadowIndex[-1]autoJumpType[-1]uniqueID[54resSize0]rect[NULL]
11-06 16:18:25.481 D/BasicFigure( 2491): [TN_GLThread 73]isDrawFocused basicFigure=com.suma.midware.view.b.c.c@3914159e
11-06 16:18:25.726 D/BackBootDealerNeimeng( 2355): standbyState:
11-06 16:18:25.726 E/NetUtils( 2021): Interface eth0 LinkDown!
11-06 16:18:26.227 D/BackBootDealerNeimeng( 2355): standbyState:
11-06 16:18:26.228 E/NetUtils( 2021): Interface eth0 LinkDown!
11-06 16:18:26.440 W/ContextImpl( 2355): Calling a method in the system process without a qualified user: android.app.ContextImpl.sendBroadcast:1345 android.content.ContextWrapper.sendBroadcast:377 com.suma.midware.back.esg.e.f:-1 com.suma.midware.back.esg.f.run:-1 com.suma.midware.prop.util.c.run:-1 
11-06 16:18:26.500 D/BasicFigure( 2491): [TN_GLThread 73]isDrawFocused relyElement=[BaseElement@346a37d9]focusScale[1.15]elementAlpha[-1.0]refectAlpha[-1.0]isFocusAble[true]shadowIndex[-1]autoJumpType[-1]uniqueID[54resSize0]rect[NULL]
11-06 16:18:26.500 D/BasicFigure( 2491): [TN_GLThread 73]isDrawFocused basicFigure=com.suma.midware.view.b.c.c@3914159e
11-06 16:18:26.728 D/BackBootDealerNeimeng( 2355): standbyState:
11-06 16:18:26.729 E/NetUtils( 2021): Interface eth0 LinkDown!
11-06 16:18:27.230 D/BackBootDealerNeimeng( 2355): standbyState:
11-06 16:18:27.230 E/NetUtils( 2021): Interface eth0 LinkDown!
11-06 16:18:27.444 W/ContextImpl( 2355): Calling a method in the system process without a qualified user: android.app.ContextImpl.sendBroadcast:1345 android.content.ContextWrapper.sendBroadcast:377 com.suma.midware.back.esg.e.f:-1 com.suma.midware.back.esg.f.run:-1 com.suma.midware.prop.util.c.run:-1 
11-06 16:18:27.520 D/BasicFigure( 2491): [TN_GLThread 73]isDrawFocused relyElement=[BaseElement@346a37d9]focusScale[1.15]elementAlpha[-1.0]refectAlpha[-1.0]isFocusAble[true]shadowIndex[-1]autoJumpType[-1]uniqueID[54resSize0]rect[NULL]
11-06 16:18:27.521 D/BasicFigure( 2491): [TN_GLThread 73]isDrawFocused basicFigure=com.suma.midware.view.b.c.c@3914159e
11-06 16:18:27.731 D/BackBootDealerNeimeng( 2355): standbyState:
11-06 16:18:27.731 E/NetUtils( 2021): Interface eth0 LinkDown!
11-06 16:18:28.232 D/BackBootDealerNeimeng( 2355): standbyState:
11-06 16:18:28.233 E/NetUtils( 2021): Interface eth0 LinkDown!
11-06 16:18:28.541 D/BasicFigure( 2491): [TN_GLThread 73]isDrawFocused relyElement=[BaseElement@346a37d9]focusScale[1.15]elementAlpha[-1.0]refectAlpha[-1.0]isFocusAble[true]shadowIndex[-1]autoJumpType[-1]uniqueID[54resSize0]rect[NULL]
11-06 16:18:28.541 D/BasicFigure( 2491): [TN_GLThread 73]isDrawFocused basicFigure=com.suma.midware.view.b.c.c@3914159e
11-06 16:18:28.734 D/BackBootDealerNeimeng( 2355): standbyState:
11-06 16:18:28.734 E/NetUtils( 2021): Interface eth0 LinkDown!
11-06 16:18:29.235 D/BackBootDealerNeimeng( 2355): standbyState:
11-06 16:18:29.236 E/NetUtils( 2021): Interface eth0 LinkDown!
11-06 16:18:29.561 D/BasicFigure( 2491): [TN_GLThread 73]isDrawFocused relyElement=[BaseElement@346a37d9]focusScale[1.15]elementAlpha[-1.0]refectAlpha[-1.0]isFocusAble[true]shadowIndex[-1]autoJumpType[-1]uniqueID[54resSize0]rect[NULL]
11-06 16:18:29.561 D/BasicFigure( 2491): [TN_GLThread 73]isDrawFocused basicFigure=com.suma.midware.view.b.c.c@3914159e
11-06 16:18:29.736 D/BackBootDealerNeimeng( 2355): standbyState:
11-06 16:18:29.737 E/NetUtils( 2021): Interface eth0 LinkDown!
11-06 16:18:30.237 D/BackBootDealerNeimeng( 2355): standbyState:
11-06 16:18:30.238 E/NetUtils( 2021): Interface eth0 LinkDown!
11-06 16:18:30.580 D/BasicFigure( 2491): [TN_GLThread 73]isDrawFocused relyElement=[BaseElement@346a37d9]focusScale[1.15]elementAlpha[-1.0]refectAlpha[-1.0]isFocusAble[true]shadowIndex[-1]autoJumpType[-1]uniqueID[54resSize0]rect[NULL]
11-06 16:18:30.581 D/BasicFigure( 2491): [TN_GLThread 73]isDrawFocused basicFigure=com.suma.midware.view.b.c.c@3914159e
11-06 16:18:30.739 D/BackBootDealerNeimeng( 2355): standbyState:
11-06 16:18:30.740 E/NetUtils( 2021): Interface eth0 LinkDown!
11-06 16:18:31.240 D/BackBootDealerNeimeng( 2355): standbyState:
11-06 16:18:31.241 E/NetUtils( 2021): Interface eth0 LinkDown!
11-06 16:18:31.600 D/BasicFigure( 2491): [TN_GLThread 73]isDrawFocused relyElement=[BaseElement@346a37d9]focusScale[1.15]elementAlpha[-1.0]refectAlpha[-1.0]isFocusAble[true]shadowIndex[-1]autoJumpType[-1]uniqueID[54resSize0]rect[NULL]
11-06 16:18:31.600 D/BasicFigure( 2491): [TN_GLThread 73]isDrawFocused basicFigure=com.suma.midware.view.b.c.c@3914159e
11-06 16:18:31.742 D/BackBootDealerNeimeng( 2355): standbyState:
11-06 16:18:31.742 E/NetUtils( 2021): Interface eth0 LinkDown!
11-06 16:18:32.243 D/BackBootDealerNeimeng( 2355): standbyState:
11-06 16:18:32.244 E/NetUtils( 2021): Interface eth0 LinkDown!
11-06 16:18:32.621 D/BasicFigure( 2491): [TN_GLThread 73]isDrawFocused relyElement=[BaseElement@346a37d9]focusScale[1.15]elementAlpha[-1.0]refectAlpha[-1.0]isFocusAble[true]shadowIndex[-1]autoJumpType[-1]uniqueID[54resSize0]rect[NULL]
11-06 16:18:32.621 D/BasicFigure( 2491): [TN_GLThread 73]isDrawFocused basicFigure=com.suma.midware.view.b.c.c@3914159e
11-06 16:18:32.745 D/BackBootDealerNeimeng( 2355): standbyState:
11-06 16:18:32.745 E/NetUtils( 2021): Interface eth0 LinkDown!
11-06 16:18:33.246 D/BackBootDealerNeimeng( 2355): standbyState:
11-06 16:18:33.247 E/NetUtils( 2021): Interface eth0 LinkDown!
11-06 16:18:33.641 D/BasicFigure( 2491): [TN_GLThread 73]isDrawFocused relyElement=[BaseElement@346a37d9]focusScale[1.15]elementAlpha[-1.0]refectAlpha[-1.0]isFocusAble[true]shadowIndex[-1]autoJumpType[-1]uniqueID[54resSize0]rect[NULL]
11-06 16:18:33.642 D/BasicFigure( 2491): [TN_GLThread 73]isDrawFocused basicFigure=com.suma.midware.view.b.c.c@3914159e
11-06 16:18:33.747 D/BackBootDealerNeimeng( 2355): standbyState:
11-06 16:18:33.748 E/NetUtils( 2021): Interface eth0 LinkDown!
11-06 16:18:34.212 E/WifiStateMachine( 2021): WifiStateMachine CMD_START_SCAN source -2 txSuccessRate=28.67 rxSuccessRate=15.53 targetRoamBSSID=78:11:dc:10:d5:2d RSSI=-21
11-06 16:18:34.213 E/WifiStateMachine( 2021): WifiStateMachine starting scan for "Xiaomi_D52C"WPA_PSK with 2412
11-06 16:18:34.249 D/BackBootDealerNeimeng( 2355): standbyState:
11-06 16:18:34.250 E/NetUtils( 2021): Interface eth0 LinkDown!
11-06 16:18:34.661 D/BasicFigure( 2491): [TN_GLThread 73]isDrawFocused relyElement=[BaseElement@346a37d9]focusScale[1.15]elementAlpha[-1.0]refectAlpha[-1.0]isFocusAble[true]shadowIndex[-1]autoJumpType[-1]uniqueID[54resSize0]rect[NULL]
11-06 16:18:34.661 D/BasicFigure( 2491): [TN_GLThread 73]isDrawFocused basicFigure=com.suma.midware.view.b.c.c@3914159e
11-06 16:18:34.750 D/BackBootDealerNeimeng( 2355): standbyState:
11-06 16:18:34.751 E/NetUtils( 2021): Interface eth0 LinkDown!
11-06 16:18:34.946 I/EthernetNetworkFactory( 2021): updateInterfaceState :the mIface is:eth0iface is wlan0 true
11-06 16:18:34.956 E/WifiAutoJoinController ( 2021): Xiaomi_D52C 78:11:dc:10:d5:2d rssi=-21 cap [WPA-PSK-CCMP+TKIP][WPA2-PSK-CCMP+TKIP][WPS][ESS] is not scored
11-06 16:18:34.957 E/WifiAutoJoinController ( 2021): GDWL 86:79:73:27:8c:0d rssi=-49 cap [WPA-PSK-CCMP][WPA2-PSK-CCMP][ESS] is not scored
11-06 16:18:34.957 E/WifiAutoJoinController ( 2021): GDWL 86:79:73:27:8c:13 rssi=-73 cap [WPA-PSK-CCMP][WPA2-PSK-CCMP][ESS] is not scored
11-06 16:18:34.957 E/WifiAutoJoinController ( 2021):  84:79:73:27:8c:0d rssi=-51 cap [WEP][ESS] is not scored
11-06 16:18:34.958 E/WifiAutoJoinController ( 2021):  84:79:73:27:8c:13 rssi=-74 cap [WEP][ESS] is not scored
11-06 16:18:34.958 E/WifiAutoJoinController ( 2021): TP-LINK_gsbgs 9c:21:6a:1e:b5:48 rssi=-78 cap [WPA-PSK-CCMP][WPA2-PSK-CCMP][WPS][ESS] is not scored
11-06 16:18:34.959 E/WifiAutoJoinController ( 2021):  24:69:68:79:91:8a rssi=-75 cap [WPA-PSK-CCMP][WPA2-PSK-CCMP][ESS] is not scored
11-06 16:18:34.959 E/WifiAutoJoinController ( 2021):  84:79:73:27:8c:2b rssi=-76 cap [WEP][ESS] is not scored
11-06 16:18:34.960 E/WifiAutoJoinController ( 2021): ageScanResultsOut delay 40000 size 8 now 1509956314960
11-06 16:18:34.960 E/WifiAutoJoinController ( 2021): newSupplicantResults size=8 known=3 true
11-06 16:18:34.961 E/WifiAutoJoinController ( 2021): attemptAutoJoin() status=bssid=78:11:dc:10:d5:2d
11-06 16:18:34.961 E/WifiAutoJoinController ( 2021): freq=2412
11-06 16:18:34.961 E/WifiAutoJoinController ( 2021): ssid=Xiaomi_D52C
11-06 16:18:34.961 E/WifiAutoJoinController ( 2021): id=3
11-06 16:18:34.961 E/WifiAutoJoinController ( 2021): mode=station
11-06 16:18:34.961 E/WifiAutoJoinController ( 2021): pairwise_cipher=CCMP
11-06 16:18:34.961 E/WifiAutoJoinController ( 2021): group_cipher=TKIP
11-06 16:18:34.961 E/WifiAutoJoinController ( 2021): key_mgmt=WPA2-PSK
11-06 16:18:34.961 E/WifiAutoJoinController ( 2021): wpa_state=COMPLETED
11-06 16:18:34.961 E/WifiAutoJoinController ( 2021): ip_address=192.168.31.115
11-06 16:18:34.961 E/WifiAutoJoinController ( 2021): p2p_device_address=0e:62:a6:0c:0f:b2
11-06 16:18:34.961 E/WifiAutoJoinController ( 2021): address=0c:62:a6:0c:0f:b2
11-06 16:18:34.961 E/WifiAutoJoinController ( 2021): uuid=de43a986-3647-5398-876d-b6752834d7e7 split=13
11-06 16:18:34.961 E/WifiAutoJoinController ( 2021): attemptAutoJoin() num recent config 2 current="Xiaomi_D52C"WPA_PSK ---> suppNetId=3
11-06 16:18:34.962 E/WifiAutoJoinController ( 2021): attemptAutoJoin good candidate seen, bumped hard -> status=0 "Xiaomi_D52C"WPA_PSK rssi=(-21,-127) num=(1,0)
11-06 16:18:34.962 E/WifiAutoJoinController ( 2021): attemptAutoJoin skip current candidate  3 key "Xiaomi_D52C"WPA_PSK
11-06 16:18:34.962 E/WifiAutoJoinController ( 2021): attemptAutoJoin good candidate seen, bumped hard -> status=0 "GDWL"WPA_PSK rssi=(-49,-127) num=(9,0)
11-06 16:18:34.962 E/WifiAutoJoinController ( 2021): attemptAutoJoin trying id=2 "GDWL"WPA_PSK status=0
11-06 16:18:34.962 E/WifiAutoJoinController ( 2021): compareNetwork will compare "GDWL"WPA_PSK with current "Xiaomi_D52C"WPA_PSK
11-06 16:18:34.962 E/WifiAutoJoinController ( 2021):     compareWifiConfigurationsRSSI: "Xiaomi_D52C"WPA_PSK rssi=-21,-127 boost=25 "GDWL"WPA_PSK rssi=-49,-127 boost=0
11-06 16:18:34.962 E/WifiAutoJoinController ( 2021):         "Xiaomi_D52C"WPA_PSK is5=false score=4 "GDWL"WPA_PSK is5=false score=-49
11-06 16:18:34.962 E/WifiAutoJoinController ( 2021):     compareWifiConfigurationsRSSI "Xiaomi_D52C"WPA_PSK rssi=(-21,-127) num=(1,0) > "GDWL"WPA_PSK rssi=(-49,-127) num=(9,0) -> -50
11-06 16:18:34.962 E/WifiAutoJoinController ( 2021): compareWifiConfigurations: "Xiaomi_D52C"WPA_PSK > "GDWL"WPA_PSK order -50
11-06 16:18:34.962 E/WifiAutoJoinController ( 2021): attemptAutoJoin networkSwitching candidate "GDWL"WPA_PSK with current "Xiaomi_D52C"WPA_PSK linked=false : delta=-50  -> not switching
11-06 16:18:34.962 E/WifiAutoJoinController ( 2021): attemptRoam: "Xiaomi_D52C"WPA_PSK Found 78:11:dc:10:d5:2d rssi=-21 freq=2412 Current: 78:11:dc:10:d5:2d
11-06 16:18:34.962 E/WifiAutoJoinController ( 2021): Done attemptAutoJoin status=0
11-06 16:18:35.252 D/BackBootDealerNeimeng( 2355): standbyState:
11-06 16:18:35.253 E/NetUtils( 2021): Interface eth0 LinkDown!
11-06 16:18:35.681 D/BasicFigure( 2491): [TN_GLThread 73]isDrawFocused relyElement=[BaseElement@346a37d9]focusScale[1.15]elementAlpha[-1.0]refectAlpha[-1.0]isFocusAble[true]shadowIndex[-1]autoJumpType[-1]uniqueID[54resSize0]rect[NULL]
11-06 16:18:35.681 D/BasicFigure( 2491): [TN_GLThread 73]isDrawFocused basicFigure=com.suma.midware.view.b.c.c@3914159e
11-06 16:18:35.753 D/BackBootDealerNeimeng( 2355): standbyState:
11-06 16:18:35.754 E/NetUtils( 2021): Interface eth0 LinkDown!
11-06 16:18:35.764 D/IPLoaderNeimeng( 2355): after wait time16:18:35:monitorInterval:5000
11-06 16:18:35.764 D/IPLoaderNeimeng( 2355): before dealUpdateCheck time:16:18:35:isMsgBroadcast:false:monitorInterval:5000:processState:1
11-06 16:18:35.764 D/IPLoaderNeimeng( 2355): dealUpdateCheck isFirstSuccessUpdate:false:monitorInterval:5000
11-06 16:18:35.765 D/LoadHttpHandler( 2355): [TN_ThreadUtil-6]doNormal proxyConfig=null
11-06 16:18:35.872 D/LoadHttpHandler( 2355): [TN_ThreadUtil-6]doNormal responseCode=404
11-06 16:18:35.873 D/LoadHttpTask( 2355): dealUpdateCheck responseCode:404:data:null:downloadResult:false
11-06 16:18:35.873 D/IPLoaderNeimeng( 2355): after dealUpdateCheck time:16:18:35:isMsgBroadcast:false:monitorInterval:5000:processState:1
11-06 16:18:35.874 D/IPLoaderNeimeng( 2355): before wait time16:18:35:monitorInterval:5000
11-06 16:18:36.254 D/BackBootDealerNeimeng( 2355): standbyState:
11-06 16:18:36.256 E/NetUtils( 2021): Interface eth0 LinkDown!
11-06 16:18:36.701 D/BasicFigure( 2491): [TN_GLThread 73]isDrawFocused relyElement=[BaseElement@346a37d9]focusScale[1.15]elementAlpha[-1.0]refectAlpha[-1.0]isFocusAble[true]shadowIndex[-1]autoJumpType[-1]uniqueID[54resSize0]rect[NULL]
11-06 16:18:36.701 D/BasicFigure( 2491): [TN_GLThread 73]isDrawFocused basicFigure=com.suma.midware.view.b.c.c@3914159e
11-06 16:18:36.757 D/BackBootDealerNeimeng( 2355): standbyState:
11-06 16:18:36.757 E/NetUtils( 2021): Interface eth0 LinkDown!
11-06 16:18:37.258 D/BackBootDealerNeimeng( 2355): standbyState:
11-06 16:18:37.259 E/NetUtils( 2021): Interface eth0 LinkDown!
11-06 16:18:37.721 D/BasicFigure( 2491): [TN_GLThread 73]isDrawFocused relyElement=[BaseElement@346a37d9]focusScale[1.15]elementAlpha[-1.0]refectAlpha[-1.0]isFocusAble[true]shadowIndex[-1]autoJumpType[-1]uniqueID[54resSize0]rect[NULL]
11-06 16:18:37.722 D/BasicFigure( 2491): [TN_GLThread 73]isDrawFocused basicFigure=com.suma.midware.view.b.c.c@3914159e
11-06 16:18:37.759 D/BackBootDealerNeimeng( 2355): standbyState:
11-06 16:18:37.760 E/NetUtils( 2021): Interface eth0 LinkDown!
11-06 16:18:37.790 D/Advertiser( 2428): End of sleep at time:1509956317790
11-06 16:18:37.790 D/Advertiser( 2428): Begin announce....with thread:org.cybergarage.d.b.a@25ed9e23
11-06 16:18:37.790 D/TimerUtil( 2428): waitRandom time=300,waitTime=17
11-06 16:18:37.790 D/Device  ( 2428): announce deviceDataBindAddress null
11-06 16:18:37.794 D/Device  ( 2428): announce 0 bindAddress=192.168.31.115
11-06 16:18:37.794 D/HTTPMUSocket( 2428): open addr=239.255.255.250,port=1900,bindAddr=192.168.31.115
11-06 16:18:37.798 D/HTTPMUSocket( 2428): send msg:NOTIFY * HTTP/1.1
11-06 16:18:37.798 D/HTTPMUSocket( 2428): Server: Linux/3.18.24_hi3798mv2x UPnP/1.0 CyberLinkJava/1.8
11-06 16:18:37.798 D/HTTPMUSocket( 2428): Cache-Control: max-age=1800
11-06 16:18:37.798 D/HTTPMUSocket( 2428): Location: http://192.168.31.115:38520/description.xml
11-06 16:18:37.798 D/HTTPMUSocket( 2428): NTS: ssdp:alive
11-06 16:18:37.798 D/HTTPMUSocket( 2428): NT: upnp:rootdevice
11-06 16:18:37.798 D/HTTPMUSocket( 2428): USN: uuid:418c7b66-86de-45d5-90fd-13e1eb88db7e::upnp:rootdevice
11-06 16:18:37.798 D/HTTPMUSocket( 2428): HOST: 239.255.255.250:1900
11-06 16:18:37.798 D/HTTPMUSocket( 2428): 
11-06 16:18:37.798 D/HTTPMUSocket( 2428): bindAddr:null and port:-1
11-06 16:18:37.798 D/HTTPMUSocket( 2428): /192.168.31.115
11-06 16:18:37.799 D/HTTPMUSocket( 2428): send msg:NOTIFY * HTTP/1.1
11-06 16:18:37.799 D/HTTPMUSocket( 2428): Server: Linux/3.18.24_hi3798mv2x UPnP/1.0 CyberLinkJava/1.8
11-06 16:18:37.799 D/HTTPMUSocket( 2428): Cache-Control: max-age=1800
11-06 16:18:37.799 D/HTTPMUSocket( 2428): Location: http://192.168.31.115:38520/description.xml
11-06 16:18:37.799 D/HTTPMUSocket( 2428): NTS: ssdp:alive
11-06 16:18:37.799 D/HTTPMUSocket( 2428): NT: uuid:418c7b66-86de-45d5-90fd-13e1eb88db7e
11-06 16:18:37.799 D/HTTPMUSocket( 2428): USN: uuid:418c7b66-86de-45d5-90fd-13e1eb88db7e
11-06 16:18:37.799 D/HTTPMUSocket( 2428): HOST: 239.255.255.250:1900
11-06 16:18:37.799 D/HTTPMUSocket( 2428): 
11-06 16:18:37.799 D/HTTPMUSocket( 2428): bindAddr:null and port:-1
11-06 16:18:37.799 D/HTTPMUSocket( 2428): /192.168.31.115
11-06 16:18:37.800 D/HTTPMUSocket( 2428): send msg:NOTIFY * HTTP/1.1
11-06 16:18:37.800 D/HTTPMUSocket( 2428): Server: Linux/3.18.24_hi3798mv2x UPnP/1.0 CyberLinkJava/1.8
11-06 16:18:37.800 D/HTTPMUSocket( 2428): Cache-Control: max-age=1800
11-06 16:18:37.800 D/HTTPMUSocket( 2428): Location: http://192.168.31.115:38520/description.xml
11-06 16:18:37.800 D/HTTPMUSocket( 2428): NTS: ssdp:alive
11-06 16:18:37.800 D/HTTPMUSocket( 2428): NT: urn:schemas-upnp-org:device:MediaServer:1
11-06 16:18:37.800 D/HTTPMUSocket( 2428): USN: uuid:418c7b66-86de-45d5-90fd-13e1eb88db7e::urn:schemas-upnp-org:device:MediaServer:1
11-06 16:18:37.800 D/HTTPMUSocket( 2428): HOST: 239.255.255.250:1900
11-06 16:18:37.800 D/HTTPMUSocket( 2428): 
11-06 16:18:37.800 D/HTTPMUSocket( 2428): bindAddr:null and port:-1
11-06 16:18:37.801 D/HTTPMUSocket( 2428): /192.168.31.115
11-06 16:18:37.801 D/Device  ( 2428): announce bindAddr=192.168.31.115,devLocation=http://192.168.31.115:38520/description.xml,location=http://192.168.31.115:38520/description.xml
11-06 16:18:37.801 D/Device  ( 2428): announce bindAddr=192.168.31.115,serviceDesUrl=
11-06 16:18:37.802 D/HTTPMUSocket( 2428): open addr=239.255.255.250,port=1900,bindAddr=192.168.31.115
11-06 16:18:37.805 D/TimerUtil( 2428): waitRandom time=300,waitTime=162
11-06 16:18:37.805 D/HTTPMUSocket( 2428): send msg:NOTIFY * HTTP/1.1
11-06 16:18:37.805 D/HTTPMUSocket( 2428): Server: Linux/3.18.24_hi3798mv2x UPnP/1.0 CyberLinkJava/1.8
11-06 16:18:37.805 D/HTTPMUSocket( 2428): Cache-Control: max-age=1800
11-06 16:18:37.805 D/HTTPMUSocket( 2428): Location: http://192.168.31.115:38520/description.xml
11-06 16:18:37.805 D/HTTPMUSocket( 2428): NTS: ssdp:alive
11-06 16:18:37.805 D/HTTPMUSocket( 2428): NT: urn:schema