11-06 16:41:46.796 D/ChromeClientImpl(11433): [addMessageToConsole] [LOG:CONSOLE(4089)] "TVPop.js-----init-----this.focusPos=0", source:http://10.14.41.246/application/bxfc/sec/popTv_new.php (4089)
11-06 16:41:46.798 D/ChromeClientImpl(11433): [addMessageToConsole] [LOG:CONSOLE(4089)] "TVPop_new.js----this.initPopData====this.TVPopdata.isType:vod", source:http://10.14.41.246/application/bxfc/sec/popTv_new.php (4089)
11-06 16:41:46.800 D/ChromeClientImpl(11433): [addMessageToConsole] [LOG:CONSOLE(4089)] "TVPop_new.js----this.initPopData====this.TVPopdata.programeDesc:", source:http://10.14.41.246/application/bxfc/sec/popTv_new.php (4089)
11-06 16:41:46.800 I/Advanced(11433): [QUEUE] share_queue_sendEx size:1 4097 32 0x8e783f30,postLoopId:0,dstid:1.
11-06 16:41:46.800 D/ChromeClientImpl(11433): [addMessageToConsole] [LOG:CONSOLE(4089)] "TVPop_new.js----this.initPopData====this.TVPopdata.posterPic:http://slave.tvos_cf96066.cn:13160/poster/movie/100000498/320x400_1.jpg", source:http://10.14.41.246/application/bxfc/sec/popTv_new.php (4089)
11-06 16:41:46.801 D/ChromeClientImpl(11433): [addMessageToConsole] [LOG:CONSOLE(4089)] "TVPop_new.js----this.initPopData====this.$(this.bottomLeftName).innerHTML:<img src="http://slave.tvos_cf96066.cn:13160/poster/movie/100000498/320x400_1.jpg" width="320" height="400">", source:http://10.14.41.246/application/bxfc/sec/popTv_new.php (4089)
11-06 16:41:46.801 D/BackBootDealerNeimeng( 2355): standbyState:
11-06 16:41:46.801 E/NetUtils( 2021): Interface eth0 LinkDown!
11-06 16:41:46.802 D/ChromeClientImpl(11433): [addMessageToConsole] [LOG:CONSOLE(4089)] "TVPop.js-------this.isNewSeries----nowDateTime=Mon Nov 06 2017 16:41:46 GMT+0800 (CST)updateTime==Thu Oct 26 2017 09:46:32 GMT+0800 (CST)==_num==0=time==11", source:http://10.14.41.246/application/bxfc/sec/popTv_new.php (4089)
11-06 16:41:46.802 D/ChromeClientImpl(11433): [addMessageToConsole] [LOG:CONSOLE(4089)] "===this.dataArr.obj[tmpNum].last_viewed_time=====0=isNewSeriesFlag==falsethis.dataArr.flag[tmpNum]=1", source:http://10.14.41.246/application/bxfc/sec/popTv_new.php (4089)
11-06 16:41:46.802 D/ChromeClientImpl(11433): [addMessageToConsole] [LOG:CONSOLE(4089)] "----this.dataArr.obj[tmpNum].name.length-----1", source:http://10.14.41.246/application/bxfc/sec/popTv_new.php (4089)
11-06 16:41:46.803 D/ChromeClientImpl(11433): [addMessageToConsole] [LOG:CONSOLE(4089)] "this.$(this.tdName+0).style.color:rgb(0, 0, 0)", source:http://10.14.41.246/application/bxfc/sec/popTv_new.php (4089)
11-06 16:41:46.804 D/ChromeClientImpl(11433): [addMessageToConsole] [LOG:CONSOLE(4089)] "TVPop.js-------this.isNewSeries----nowDateTime=Mon Nov 06 2017 16:41:46 GMT+0800 (CST)updateTime==Thu Oct 26 2017 09:46:32 GMT+0800 (CST)==_num==1=time==11", source:http://10.14.41.246/application/bxfc/sec/popTv_new.php (4089)
11-06 16:41:46.804 D/ChromeClientImpl(11433): [addMessageToConsole] [LOG:CONSOLE(4089)] "===this.dataArr.obj[tmpNum].last_viewed_time=====0=isNewSeriesFlag==falsethis.dataArr.flag[tmpNum]=1", source:http://10.14.41.246/application/bxfc/sec/popTv_new.php (4089)
11-06 16:41:46.804 D/ChromeClientImpl(11433): [addMessageToConsole] [LOG:CONSOLE(4089)] "----this.dataArr.obj[tmpNum].name.length-----1", source:http://10.14.41.246/application/bxfc/sec/popTv_new.php (4089)
11-06 16:41:46.805 D/ChromeClientImpl(11433): [addMessageToConsole] [LOG:CONSOLE(4089)] "this.$(this.tdName+1).style.color:rgb(0, 0, 0)", source:http://10.14.41.246/application/bxfc/sec/popTv_new.php (4089)
11-06 16:41:46.805 D/ChromeClientImpl(11433): [addMessageToConsole] [LOG:CONSOLE(4089)] "TVPop.js-------this.isNewSeries----nowDateTime=Mon Nov 06 2017 16:41:46 GMT+0800 (CST)updateTime==Thu Oct 26 2017 09:46:32 GMT+0800 (CST)==_num==2=time==11", source:http://10.14.41.246/application/bxfc/sec/popTv_new.php (4089)
11-06 16:41:46.805 D/ChromeClientImpl(11433): [addMessageToConsole] [LOG:CONSOLE(4089)] "===this.dataArr.obj[tmpNum].last_viewed_time=====0=isNewSeriesFlag==falsethis.dataArr.flag[tmpNum]=1", source:http://10.14.41.246/application/bxfc/sec/popTv_new.php (4089)
11-06 16:41:46.806 D/ChromeClientImpl(11433): [addMessageToConsole] [LOG:CONSOLE(4089)] "----this.dataArr.obj[tmpNum].name.length-----1", source:http://10.14.41.246/application/bxfc/sec/popTv_new.php (4089)
11-06 16:41:46.806 D/ChromeClientImpl(11433): [addMessageToConsole] [LOG:CONSOLE(4089)] "this.$(this.tdName+2).style.color:rgb(0, 0, 0)", source:http://10.14.41.246/application/bxfc/sec/popTv_new.php (4089)
11-06 16:41:46.809 D/ChromeClientImpl(11433): [addMessageToConsole] [LOG:CONSOLE(4089)] "_popTd0", source:http://10.14.41.246/application/bxfc/sec/popTv_new.php (4089)
11-06 16:41:46.810 D/ChromeClientImpl(11433): [addMessageToConsole] [LOG:CONSOLE(4089)] "_popTd0==showFocus==tmpPos===0=this.dataArr.obj[tmpPos].isNewFlag==false", source:http://10.14.41.246/application/bxfc/sec/popTv_new.php (4089)
11-06 16:41:46.811 D/[blink]ResourceFetcher(11433): [requestResource] url=http://slave.tvos_cf96066.cn:13160/poster/movie/100000498/320x400_1.jpg.
11-06 16:41:46.811 D/url     (11433): [DoResolveRelative] [WEB] DoResolveRelative Error resolving.
11-06 16:41:46.811 D/V8ScriptRunner(11433): [callFunction] end. frame = 0x4cf29d58 function: $.onload url: http://10.14.41.246/application/bxfc/sec/index.htm line: 627
11-06 16:41:46.811 D/FrameLoaderClientImpl(11433): [dispatchDidHandleOnloadEvents] dispatch onload event url:http://10.14.41.246/application/bxfc/sec/popTv_new.php
11-06 16:41:46.812 D/ResourceLoader(11433): [StartRequest] start request 0xb49b6980 url='http://slave.tvos_cf96066.cn:13160/poster/movie/100000498/320x400_1.jpg'
11-06 16:41:46.812 D/AwRequestInterceptor(11433): [MaybeInterceptRequest] request=0xb49b6980
11-06 16:41:46.812 D/[blink]ResourceFetcher(11433): [requestResource] url=http://10.14.41.246/application/bxfc/sec/images/global_tm.gif.
11-06 16:41:46.812 D/cr_AwContents(11433): [AwContents.java:520] BackgroundThreadClientImpl shouldInterceptRequest url = http://slave.tvos_cf96066.cn:13160/poster/movie/100000498/320x400_1.jpg
11-06 16:41:46.812 D/url     (11433): [DoResolveRelative] [WEB] DoResolveRelative Error resolving.
11-06 16:41:46.812 D/cr_AwNullContentsClient(11433): [AwNullContentsClient.java:62] shouldInterceptRequest url=http://slave.tvos_cf96066.cn:13160/poster/movie/100000498/320x400_1.jpg
11-06 16:41:46.812 D/BrowserWebViewClient(11433): intercept request :http://slave.tvos_cf96066.cn:13160/poster/movie/100000498/320x400_1.jpg
11-06 16:41:46.812 D/AwRequestInterceptor(11433): [MaybeInterceptRequest] request=0xb49b6980
11-06 16:41:46.813 D/ResourceLoader(11433): [StartRequest] start request 0x9f7f8a80 url='http://10.14.41.246/application/bxfc/sec/images/global_tm.gif'
11-06 16:41:46.813 D/AwRequestInterceptor(11433): [MaybeInterceptRequest] request=0x9f7f8a80
11-06 16:41:46.814 D/cr_AwContents(11433): [AwContents.java:520] BackgroundThreadClientImpl shouldInterceptRequest url = http://10.14.41.246/application/bxfc/sec/images/global_tm.gif
11-06 16:41:46.814 D/cr_AwNullContentsClient(11433): [AwNullContentsClient.java:62] shouldInterceptRequest url=http://10.14.41.246/application/bxfc/sec/images/global_tm.gif
11-06 16:41:46.814 D/BrowserWebViewClient(11433): intercept request :http://10.14.41.246/application/bxfc/sec/images/global_tm.gif
11-06 16:41:46.814 D/AwRequestInterceptor(11433): [MaybeInterceptRequest] request=0x9f7f8a80
11-06 16:41:46.817 D/[blink]FrameView(11433): [layout] start... this:0x5564bf78, frame=0x4d042250 content size(0, 0). 
11-06 16:41:46.817 D/[blink]FrameView(11433): [layout] performPreLayoutTasks start... this:0x5564bf78
11-06 16:41:46.817 D/[blink]FrameView(11433): [layout] performPreLayoutTasks end... this:0x5564bf78
11-06 16:41:46.817 D/[blink]FrameView(11433): [layout] performLayout start... this:0x5564bf78
11-06 16:41:46.821 D/[blink]FrameView(11433): [layout] performLayout end... this:0x5564bf78
11-06 16:41:46.821 D/[blink]FrameView(11433): [layout] start... this:0x5564bf78, frame=0x4d042250 content size(1280, 720). 
11-06 16:41:46.821 D/[blink]FrameView(11433): [layout] performPreLayoutTasks start... this:0x5564bf78
11-06 16:41:46.821 D/[blink]FrameView(11433): [layout] performPreLayoutTasks end... this:0x5564bf78
11-06 16:41:46.821 D/[blink]FrameView(11433): [layout] performLayout start... this:0x5564bf78
11-06 16:41:46.821 D/[blink]FrameView(11433): [layout] performLayout end... this:0x5564bf78
11-06 16:41:46.821 D/[blink]FrameView(11433): [layout] cannot paint!! do not call compositor()->didLayout()! this:0x0x5564bf78
11-06 16:41:46.821 D/[blink]FrameView(11433): [layout] updateDocumentAnnotatedRegions start... this:0x5564bf78
11-06 16:41:46.821 D/[blink]FrameView(11433): [layout] scheduleOrPerformPostLayoutTasks start... this:0x5564bf78
11-06 16:41:46.821 D/[blink]FrameView(11433): [layout] end... this:0x5564bf78
11-06 16:41:46.821 D/ChromeClientImpl(11433): [contentsSizeChanged] -->size(1280, 720)
11-06 16:41:46.821 D/[blink]FrameView(11433): [layout] cannot paint!! do not call compositor()->didLayout()! this:0x0x5564bf78
11-06 16:41:46.821 D/[blink]FrameView(11433): [layout] updateDocumentAnnotatedRegions start... this:0x5564bf78
11-06 16:41:46.821 D/[blink]FrameView(11433): [layout] scheduleOrPerformPostLayoutTasks start... this:0x5564bf78
11-06 16:41:46.821 D/[blink]FrameView(11433): [layout] end... this:0x5564bf78
11-06 16:41:46.821 D/[blink]FrameView(11433): [layout] out... this:0x5564bf78
11-06 16:41:46.821 D/[blink]FrameLoader(11433): [checkCompleted] frame=0x4d042250 did finish load.
11-06 16:41:46.821 D/FrameLoaderClientImpl(11433): [dispatchDidFinishLoad] url:http://10.14.41.246/application/bxfc/sec/popTv_new.php
11-06 16:41:46.821 D/FrameLoaderClientImpl(11433): [didStopLoading] finished url:http://10.14.41.246/application/bxfc/sec/popTv_new.php. frame tree child count = 0
11-06 16:41:46.822 D/[blink]FocusController(11433): [setFocusedFrame] oldFocusedFrame 0x0x4cf29d58:http://10.14.41.246/application/bxfc/sec/index.htm
11-06 16:41:46.822 D/[blink]FocusController(11433): [setFocusedFrame] newFocusedFrame 0x0x4d042250:http://10.14.41.246/application/bxfc/sec/popTv_new.php
11-06 16:41:46.823 D/Browser (11433): postProgressNotification type=1
11-06 16:41:46.823 D/[blink]FrameView(11433): [setCanPaint] this:0x5564bf78, setCanPaint old canpaint=0, new canpaint=1 .
11-06 16:41:46.823 D/[blink]FrameView(11433): [paintAfterLoad] paintAfterLoad this:0x5564bf78.
11-06 16:41:46.823 D/[blink]FrameView(11433): [updateStyleAndLayoutIfNeededRecursiveInternal] in... this:0x5564bf78.
11-06 16:41:46.823 D/[blink]FrameView(11433): [updateStyleAndLayoutIfNeededRecursiveInternal] end... this:0x5564bf78.
11-06 16:41:46.823 D/[cc]ProxyMain(11433): [BeginMainFrame] cc.BeginMainFrame this:0x9f6cc588
11-06 16:41:46.823 D/[cc]LayerTreeHost(11433): [AnimateLayers] AnimateLayers monotonic_time=8909532976
11-06 16:41:46.823 D/[blink]FrameView(11433): [updateStyleAndLayoutIfNeededRecursiveInternal] in... this:0x55645ae0.
11-06 16:41:46.823 D/ResourceLoader(11433): [ResponseCompleted] finish request 0x9f7f8a80 url='http://10.14.41.246/application/bxfc/sec/images/global_tm.gif'
11-06 16:41:46.823 D/[blink]FrameView(11433): [updateStyleAndLayoutIfNeededRecursiveInternal] in... this:0x5564bf78.
11-06 16:41:46.823 D/[blink]FrameView(11433): [updateStyleAndLayoutIfNeededRecursiveInternal] end... this:0x5564bf78.
11-06 16:41:46.823 D/[blink]FrameView(11433): [updateStyleAndLayoutIfNeededRecursiveInternal] end... this:0x55645ae0.
11-06 16:41:46.823 D/[blink]FrameView(11433): [updateLifecyclePhasesInternal] in... this:0x55645ae0, targetState=18
11-06 16:41:46.823 D/[blink]FrameView(11433): [updateLifecyclePhasesInternal] call compositor()->updateIfNeededRecursive()!
11-06 16:41:46.828 D/[blink]FrameView(11433): [updateLifecyclePhasesInternal] end... this:0x55645ae0
11-06 16:41:46.829 D/[blink]ResourceFetcher(11433): [didFinishLoading] encoded length=564 url=http://10.14.41.246/application/bxfc/sec/images/global_tm.gif.
11-06 16:41:46.829 D/[blink]memoryCache(11433): [evict] remove:http://10.14.41.246/application/bxfc/sec/images/global_tm.gif
11-06 16:41:46.829 D/[blink]ImageResource(11433): [updateImage] allDataReceived!! data size=-1
11-06 16:41:46.830 D/[blink]ImageResource(11433): [updateImage] allDataReceived!! data size=-1
11-06 16:41:46.830 D/[cc]ProxyMain(11433): [BeginMainFrame] cc.BeginMainFrame this:0x9f6cc588
11-06 16:41:46.830 D/[cc]LayerTreeHost(11433): [AnimateLayers] AnimateLayers monotonic_time=8909582976
11-06 16:41:46.830 D/[blink]FrameView(11433): [updateStyleAndLayoutIfNeededRecursiveInternal] in... this:0x55645ae0.
11-06 16:41:46.830 D/[blink]FrameView(11433): [updateStyleAndLayoutIfNeededRecursiveInternal] in... this:0x5564bf78.
11-06 16:41:46.830 D/[blink]FrameView(11433): [updateStyleAndLayoutIfNeededRecursiveInternal] end... this:0x5564bf78.
11-06 16:41:46.830 D/[blink]FrameView(11433): [updateStyleAndLayoutIfNeededRecursiveInternal] end... this:0x55645ae0.
11-06 16:41:46.830 D/[blink]FrameView(11433): [updateLifecyclePhasesInternal] in... this:0x55645ae0, targetState=18
11-06 16:41:46.830 D/[blink]FrameView(11433): [updateLifecyclePhasesInternal] call compositor()->updateIfNeededRecursive()!
11-06 16:41:46.831 D/[blink]FrameView(11433): [updateLifecyclePhasesInternal] end... this:0x55645ae0
11-06 16:41:46.858 D/[blink]ImageResource(11433): [updateImage] allDataReceived!! data size=3986
11-06 16:41:46.858 D/[blink]ImageResource(11433): [updateImage] allDataReceived!! data size=14600
11-06 16:41:46.858 D/[blink]ImageResource(11433): [updateImage] allDataReceived!! data size=16060
11-06 16:41:46.858 D/[blink]ImageResource(11433): [updateImage] allDataReceived!! data size=17520
11-06 16:41:46.858 D/[blink]ImageResource(11433): [updateImage] allDataReceived!! data size=18980
11-06 16:41:46.859 D/[blink]ImageResource(11433): [updateImage] allDataReceived!! data size=20440
11-06 16:41:46.859 D/[blink]ImageResource(11433): [updateImage] allDataReceived!! data size=21900
11-06 16:41:46.859 D/[blink]ImageResource(11433): [updateImage] allDataReceived!! data size=23360
11-06 16:41:46.859 D/[cc]ProxyMain(11433): [BeginMainFrame] cc.BeginMainFrame this:0x9f6cc588
11-06 16:41:46.859 D/[cc]LayerTreeHost(11433): [AnimateLayers] AnimateLayers monotonic_time=8909616310
11-06 16:41:46.859 D/[blink]FrameView(11433): [updateStyleAndLayoutIfNeededRecursiveInternal] in... this:0x55645ae0.
11-06 16:41:46.859 D/[blink]FrameView(11433): [updateStyleAndLayoutIfNeededRecursiveInternal] in... this:0x5564bf78.
11-06 16:41:46.859 D/[blink]FrameView(11433): [updateStyleAndLayoutIfNeededRecursiveInternal] end... this:0x5564bf78.
11-06 16:41:46.859 D/[blink]FrameView(11433): [updateStyleAndLayoutIfNeededRecursiveInternal] end... this:0x55645ae0.
11-06 16:41:46.859 D/[blink]FrameView(11433): [updateLifecyclePhasesInternal] in... this:0x55645ae0, targetState=18
11-06 16:41:46.859 D/[blink]FrameView(11433): [updateLifecyclePhasesInternal] call compositor()->updateIfNeededRecursive()!
11-06 16:41:46.860 D/[blink]FrameView(11433): [updateLifecyclePhasesInternal] end... this:0x55645ae0
11-06 16:41:46.865 D/[blink]ImageResource(11433): [updateImage] allDataReceived!! data size=26280
11-06 16:41:46.866 D/[blink]ImageResource(11433): [updateImage] allDataReceived!! data size=27740
11-06 16:41:46.866 D/[skia]SkBitmap(11433): [tryAllocPixels] allocator:0
11-06 16:41:46.869 D/[blink]ImageResource(11433): [updateImage] allDataReceived!! data size=29200
11-06 16:41:46.871 D/[blink]ImageResource(11433): [updateImage] allDataReceived!! data size=30660
11-06 16:41:46.873 D/[blink]DOMTimer(11433): [fired] 0x5564c3a0 timeout fired.
11-06 16:41:46.873 D/ScriptController(11433): [executeScriptAndReturnValue] [V8] evaluate Script start. frame=0x4cf21a48 url= line=1. source length=22
11-06 16:41:46.873 D/iPanel  (11433): iPanel.debug("checkOverlayCreated")
11-06 16:41:46.873 D/[blink]DOMTimer(11433): [DOMTimer] 0x55650670 setTimeout 300ms, repeat:0.
11-06 16:41:46.873 D/ScriptController(11433): [executeScriptAndReturnValue] [V8] evaluate Script end. frame=0x4cf21a48 
11-06 16:41:46.874 D/[blink]ImageResource(11433): [updateImage] allDataReceived!! data size=32120
11-06 16:41:46.886 D/[cc]ProxyMain(11433): [BeginMainFrame] cc.BeginMainFrame this:0x9f6cc588
11-06 16:41:46.886 D/[cc]LayerTreeHost(11433): [AnimateLayers] AnimateLayers monotonic_time=8909632976
11-06 16:41:46.886 D/[blink]FrameView(11433): [updateStyleAndLayoutIfNeededRecursiveInternal] in... this:0x55645ae0.
11-06 16:41:46.886 D/[blink]FrameView(11433): [updateStyleAndLayoutIfNeededRecursiveInternal] in... this:0x5564bf78.
11-06 16:41:46.886 D/[blink]FrameView(11433): [updateStyleAndLayoutIfNeededRecursiveInternal] end... this:0x5564bf78.
11-06 16:41:46.886 D/[blink]FrameView(11433): [updateStyleAndLayoutIfNeededRecursiveInternal] end... this:0x55645ae0.
11-06 16:41:46.886 D/[blink]FrameView(11433): [updateLifecyclePhasesInternal] in... this:0x55645ae0, targetState=18
11-06 16:41:46.886 D/[blink]FrameView(11433): [updateLifecyclePhasesInternal] call compositor()->updateIfNeededRecursive()!
11-06 16:41:46.888 D/[blink]FrameView(11433): [updateLifecyclePhasesInternal] end... this:0x55645ae0
11-06 16:41:46.894 D/[blink]ImageResource(11433): [updateImage] allDataReceived!! data size=33580
11-06 16:41:46.895 D/[blink]ImageResource(11433): [updateImage] allDataReceived!! data size=35040
11-06 16:41:46.896 D/[blink]ImageResource(11433): [updateImage] allDataReceived!! data size=36500
11-06 16:41:46.896 D/[blink]ImageResource(11433): [updateImage] allDataReceived!! data size=37960
11-06 16:41:46.896 D/[blink]ImageResource(11433): [updateImage] allDataReceived!! data size=39420
11-06 16:41:46.896 D/[blink]ImageResource(11433): [updateImage] allDataReceived!! data size=40880
11-06 16:41:46.896 D/[cc]ProxyMain(11433): [BeginMainFrame] cc.BeginMainFrame this:0x9f6cc588
11-06 16:41:46.896 D/[cc]LayerTreeHost(11433): [AnimateLayers] AnimateLayers monotonic_time=8909649643
11-06 16:41:46.897 D/[blink]FrameView(11433): [updateStyleAndLayoutIfNeededRecursiveInternal] in... this:0x55645ae0.
11-06 16:41:46.897 D/[blink]FrameView(11433): [updateStyleAndLayoutIfNeededRecursiveInternal] in... this:0x5564bf78.
11-06 16:41:46.897 D/[blink]FrameView(11433): [updateStyleAndLayoutIfNeededRecursiveInternal] end... this:0x5564bf78.
11-06 16:41:46.897 D/[blink]FrameView(11433): [updateStyleAndLayoutIfNeededRecursiveInternal] end... this:0x55645ae0.
11-06 16:41:46.897 D/[blink]FrameView(11433): [updateLifecyclePhasesInternal] in... this:0x55645ae0, targetState=18
11-06 16:41:46.897 D/[blink]FrameView(11433): [updateLifecyclePhasesInternal] call compositor()->updateIfNeededRecursive()!
11-06 16:41:46.902 D/[blink]FrameView(11433): [updateLifecyclePhasesInternal] end... this:0x55645ae0
11-06 16:41:46.907 D/ResourceLoader(11433): [ResponseCompleted] finish request 0xb49b6980 url='http://slave.tvos_cf96066.cn:13160/poster/movie/100000498/320x400_1.jpg'
11-06 16:41:46.911 D/[blink]ImageResource(11433): [updateImage] allDataReceived!! data size=43800
11-06 16:41:46.911 D/[blink]ImageResource(11433): [updateImage] allDataReceived!! data size=45260
11-06 16:41:46.911 D/[blink]ImageResource(11433): [updateImage] allDataReceived!! data size=46720
11-06 16:41:46.911 D/[blink]ImageResource(11433): [updateImage] allDataReceived!! data size=47282
11-06 16:41:46.912 D/[blink]ResourceFetcher(11433): [didFinishLoading] encoded length=47392 url=http://slave.tvos_cf96066.cn:13160/poster/movie/100000498/320x400_1.jpg.
11-06 16:41:46.912 D/[blink]ImageResource(11433): [updateImage] allDataReceived!! data size=47282
11-06 16:41:46.912 D/[cc]ProxyMain(11433): [BeginMainFrame] cc.BeginMainFrame this:0x9f6cc588
11-06 16:41:46.912 D/[cc]LayerTreeHost(11433): [AnimateLayers] AnimateLayers monotonic_time=8909666310
11-06 16:41:46.912 D/[blink]FrameView(11433): [updateStyleAndLayoutIfNeededRecursiveInternal] in... this:0x55645ae0.
11-06 16:41:46.912 D/[blink]FrameView(11433): [updateStyleAndLayoutIfNeededRecursiveInternal] in... this:0x5564bf78.
11-06 16:41:46.912 D/[blink]FrameView(11433): [updateStyleAndLayoutIfNeededRecursiveInternal] end... this:0x5564bf78.
11-06 16:41:46.912 D/[blink]FrameView(11433): [updateStyleAndLayoutIfNeededRecursiveInternal] end... this:0x55645ae0.
11-06 16:41:46.912 D/[blink]FrameView(11433): [updateLifecyclePhasesInternal] in... this:0x55645ae0, targetState=18
11-06 16:41:46.912 D/[blink]FrameView(11433): [updateLifecyclePhasesInternal] call compositor()->updateIfNeededRecursive()!
11-06 16:41:46.914 D/[blink]FrameView(11433): [updateLifecyclePhasesInternal] end... this:0x55645ae0
11-06 16:41:47.000 I/Advanced(11433): [QUEUE] share_queue_sendEx size:1 4097 33 0x8e783f30,postLoopId:0,dstid:1.
11-06 16:41:47.174 D/[blink]DOMTimer(11433): [fired] 0x55650670 timeout fired.
11-06 16:41:47.174 D/ScriptController(11433): [executeScriptAndReturnValue] [V8] evaluate Script start. frame=0x4cf21a48 url= line=1. source length=22
11-06 16:41:47.174 D/iPanel  (11433): iPanel.debug("checkOverlayCreated")
11-06 16:41:47.174 D/[blink]DOMTimer(11433): [DOMTimer] 0x556506e0 setTimeout 300ms, repeat:0.
11-06 16:41:47.174 D/ScriptController(11433): [executeScriptAndReturnValue] [V8] evaluate Script end. frame=0x4cf21a48 
11-06 16:41:47.200 I/Advanced(11433): [QUEUE] share_queue_sendEx size:1 4097 34 0x8e783f30,postLoopId:0,dstid:1.
11-06 16:41:47.301 D/BackBootDealerNeimeng( 2355): standbyState:
11-06 16:41:47.302 E/NetUtils( 2021): Interface eth0 LinkDown!
11-06 16:41:47.380 I/AdvancedPorting-PORT_MODULE_NET(11433): network_task while... 
11-06 16:41:47.380 I/AdvancedPorting-PORT_MODULE_NET(11433): 0 interface name: lo
11-06 16:41:47.380 I/AdvancedPorting-PORT_MODULE_NET(11433): 1 interface name: wlan0
11-06 16:41:47.380 I/AdvancedPorting-PORT_MODULE_NET(11433): First interface name: lo
11-06 16:41:47.380 I/AdvancedPorting-PORT_MODULE_NET(11433): network_task while...  net_i:1
11-06 16:41:47.381 I/AdvancedPorting-PORT_MODULE_NET(11433): network_task while---name_interface[0]=lo
11-06 16:41:47.381 I/AdvancedPorting-PORT_MODULE_NET(11433): network_task while---name_interface[1]=wlan0
11-06 16:41:47.381 I/AdvancedPorting-PORT_MODULE_NET(11433): network_task while---interface_name=wlan0
11-06 16:41:47.381 I/AdvancedPorting-PORT_MODULE_NET(11433): network_get_netlink_status(in)--if_name=wlan0
11-06 16:41:47.381 I/AdvancedPorting-PORT_MODULE_NET(11433): net.network.isconnected = no
11-06 16:41:47.381 I/AdvancedPorting-PORT_MODULE_NET(11433): wlan0 --network_get_netlink_status return retval=1
11-06 16:41:47.381 I/AdvancedPorting-PORT_MODULE_NET(11433): stat = 1 last_status = 1
11-06 16:41:47.401 I/Advanced(11433): [QUEUE] share_queue_sendEx size:1 4097 35 0x8e783f30,postLoopId:0,dstid:1.
11-06 16:41:47.474 D/[blink]DOMTimer(11433): [fired] 0x556506e0 timeout fired.
11-06 16:41:47.474 D/ScriptController(11433): [executeScriptAndReturnValue] [V8] evaluate Script start. frame=0x4cf21a48 url= line=1. source length=22
11-06 16:41:47.474 D/iPanel  (11433): iPanel.debug("checkOverlayCreated")
11-06 16:41:47.474 D/[blink]DOMTimer(11433): [DOMTimer] 0x55650750 setTimeout 300ms, repeat:0.
11-06 16:41:47.475 D/ScriptController(11433): [executeScriptAndReturnValue] [V8] evaluate Script end. frame=0x4cf21a48 
11-06 16:41:47.775 D/[blink]DOMTimer(11433): [fired] 0x55650750 timeout fired.
11-06 16:41:47.775 D/ScriptController(11433): [executeScriptAndReturnValue] [V8] evaluate Script start. frame=0x4cf21a48 url= line=1. source length=22
11-06 16:41:47.775 D/iPanel  (11433): iPanel.debug("checkOverlayCreated")
11-06 16:41:47.775 D/[blink]DOMTimer(11433): [DOMTimer] 0x556507c0 setTimeout 300ms, repeat:0.
11-06 16:41:47.775 D/ScriptController(11433): [executeScriptAndReturnValue] [V8] evaluate Script end. frame=0x4cf21a48 
11-06 16:41:47.803 D/BackBootDealerNeimeng( 2355): standbyState:
11-06 16:41:47.804 E/NetUtils( 2021): Interface eth0 LinkDown!
11-06 16:41:47.810 I/Advanced(11433): [QUEUE] share_queue_sendEx size:1 4097 37 0x8e783f30,postLoopId:0,dstid:1.
11-06 16:41:47.965 D/ir_user ( 1585): PlayerTimeLineTrace:linux_keycode:0x6a(DOWN),	protocol: .
11-06 16:41:47.965 V/PT      ( 1581): >>INFO:irkey_task:[    8910.723992] /dev/input/event0: type=0001 code=006a val=00000001
11-06 16:41:47.965 V/PT      ( 1581): >>INFO:irkey_send:0x3001 0x0027 down
11-06 16:41:47.965 V/SUMA    ( 1581): ++++++++++++++  _roc_evtmgr_key_cbk 517:input = 12289, event=39, act=0x100
11-06 16:41:47.965 V/SUMA    ( 1581): lxm:_roc_evtmgr_key_cbk 519 8910724
11-06 16:41:47.965 V/SUMA    ( 1581): lxm:_roc_evtmgr_add_evt_into_queue 347 8910724
11-06 16:41:47.965 V/PT      ( 1581): >>INFO:irkey_task:[    8910.723992] /dev/input/event0: type=0000 code=0000 val=00000000
11-06 16:41:47.965 V/SUMA    ( 1581): ===================>> type=0 src=0 evt=39 act=0x100
11-06 16:41:47.965 V/SUMA    ( 1581): [sysset-s][event_manager_cbk 78]lxm cbid=1, cbk_reg=1, cpid=2451
11-06 16:41:47.966 D/NGBEvent( 2451): ngbEventCallBack type:0 source :39
11-06 16:41:47.966 D/NGBEvent( 2451): [NGBEventManager-JNI]-returning:1
11-06 16:41:47.966 D/NGBEvent( 2451): Input key event: keyCode=39
11-06 16:41:47.966 D/NGBEvent( 2451): src:39 = dest:39
11-06 16:41:47.966 I/System.out( 2451): [DEBUG EventManager] LWJ--Add event to java with evt=NgbEvent-[type = 1, subtype = 401, code = 39]
11-06 16:41:47.966 D/NGBEvent( 2451): [NGBEvent_log]--[EventManager--JNI]:		start
11-06 16:41:47.966 I/System.out( 2451): [DEBUG EventManager] broadcastEvent  :len 1
11-06 16:41:47.966 D/CombineKeyUtil( 2451): [TN_pool-1-thread-1]dealKeyEvent,combineIndex:-1:keyCode:22
11-06 16:41:47.966 D/KeyEventNgbDealer( 2451): [TN_pool-1-thread-1]handleKeyPressed keyEvent=NgbEvent-[type = 1, subtype = 401, code = 39],time=8910725
11-06 16:41:47.967 D/RemoteIME(10748): onKeyDown event = KeyEvent { action=ACTION_DOWN, keyCode=KEYCODE_DPAD_RIGHT, scanCode=106, metaState=0, flags=0x8, repeatCount=0, eventTime=8910723, downTime=8910723, deviceId=3, source=0x701 },mSkbContainer=null
11-06 16:41:47.968 D/cr_AwTestContainerView(11433): [AwTestContainerView.java:63] [mainFrame]: [unknown] dispatchKeyEvent keyCode = 22 event = KeyEvent { action=ACTION_DOWN, keyCode=KEYCODE_DPAD_RIGHT, scanCode=106, metaState=0, flags=0x8, repeatCount=0, eventTime=8910723, downTime=8910723, deviceId=3, source=0x701 }
11-06 16:41:47.969 D/ImeAdapterAndroid(11433): [SendKeyEvent] [BUILD TIME: ] dispatchKeyEvent key_code=22 modifiers=0 unicode_char=0 scan_code=106 is_system=0 tm=8910723
11-06 16:41:47.969 D/RenderWidgetInputHandler(11433): [HandleInputEvent] input_event type=8 name=KeyDown
11-06 16:41:47.970 D/RenderWidgetInputHandler(11433): [HandleInputEvent] input_event type=8 prevent_default:0
11-06 16:41:47.970 D/WebViewImpl(11433): [handleKeyEvent] keycode:39, eventType:8 native keycode:22 frame=0x4d042250. url='http://10.14.41.246/application/bxfc/sec/popTv_new.php'.
11-06 16:41:47.970 D/[blink]KeyboardEventManager(11433): [keyEvent] initialKeyEvent KeyDown nativeKeyCode=22 windowsKeyCode=39 text[0]=0
11-06 16:41:47.970 D/[blink]KeyboardEventManager(11433): [keyEvent] initialKeyEvent focusedNode=0x0
11-06 16:41:47.972 D/V8ScriptRunner(11433): [callFunction] start. frame = 0x4d042250 function: f.document.onkeydown url: http://10.14.41.246/application/bxfc/sec/popTv_new.php line: 2267
11-06 16:41:47.979 D/base::KeyConverter(11433): [get] convert 22 => -1.
11-06 16:41:47.983 D/ChromeClientImpl(11433): [addMessageToConsole] [LOG:CONSOLE(4089)] "tmpPage==this.getNext _num:1==_flag:0==this.focusPos:0", source:http://10.14.41.246/application/bxfc/sec/popTv_new.php (4089)
11-06 16:41:47.983 D/ChromeClientImpl(11433): [addMessageToConsole] [LOG:CONSOLE(4089)] "tmpPage==this.getNext tmpNum:0==this.pageSize:36==this.currPage:0==this.totalPage:1", source:http://10.14.41.246/application/bxfc/sec/popTv_new.php (4089)
11-06 16:41:47.983 D/ChromeClientImpl(11433): [addMessageToConsole] [LOG:CONSOLE(4089)] "tmpPage==this.getNext this.dataArr.flag[tmpNum+i]:1==i:1==this.currPage:0==this.totalPage:1", source:http://10.14.41.246/application/bxfc/sec/popTv_new.php (4089)
11-06 16:41:47.983 D/ChromeClientImpl(11433): [addMessageToConsole] [LOG:CONSOLE(4089)] "tmpPage==this.changePos nextPos:1==currPage:0", source:http://10.14.41.246/application/bxfc/sec/popTv_new.php (4089)
11-06 16:41:47.984 D/ChromeClientImpl(11433): [addMessageToConsole] [LOG:CONSOLE(4089)] "_popTd0=_pos==0==disFocus==tmpPos===0", source:http://10.14.41.246/application/bxfc/sec/popTv_new.php (4089)
11-06 16:41:47.984 D/[cc]beginFrameSource(11433): [AddObserver] ExternalBeginFrameSource::AddObserver
11-06 16:41:47.985 D/ChromeClientImpl(11433): [addMessageToConsole] [LOG:CONSOLE(4089)] "this.prePage=== t444==this.currPage:0==his.totalPage:1", source:http://10.14.41.246/application/bxfc/sec/popTv_new.php (4089)
11-06 16:41:47.985 D/ChromeClientImpl(11433): [addMessageToConsole] [LOG:CONSOLE(4089)] "this.prePage=== t444==his.focusPos:1", source:http://10.14.41.246/application/bxfc/sec/popTv_new.php (4089)
11-06 16:41:47.985 D/ChromeClientImpl(11433): [addMessageToConsole] [LOG:CONSOLE(4089)] "_popTd1", source:http://10.14.41.246/application/bxfc/sec/popTv_new.php (4089)
11-06 16:41:47.985 D/ChromeClientImpl(11433): [addMessageToConsole] [LOG:CONSOLE(4089)] "_popTd1==showFocus==tmpPos===1=this.dataArr.obj[tmpPos].isNewFlag==false", source:http://10.14.41.246/application/bxfc/sec/popTv_new.php (4089)
11-06 16:41:47.986 D/V8ScriptRunner(11433): [callFunction] end. frame = 0x4d042250 function: f.document.onkeydown url: http://10.14.41.246/application/bxfc/sec/popTv_new.php line: 2267
11-06 16:41:47.986 D/[blink]KeyboardEventManager(11433): [keyEvent] dispatchResult = CanceledByEventHandler
11-06 16:41:47.991 D/[cc]ProxyMain(11433): [BeginMainFrame] cc.BeginMainFrame this:0x9f6cc588
11-06 16:41:47.991 D/[cc]LayerTreeHost(11433): [AnimateLayers] AnimateLayers monotonic_time=8910749643
11-06 16:41:47.991 D/[blink]FrameView(11433): [updateStyleAndLayoutIfNeededRecursiveInternal] in... this:0x55645ae0.
11-06 16:41:47.991 D/[blink]FrameView(11433): [updateStyleAndLayoutIfNeededRecursiveInternal] in... this:0x5564bf78.
11-06 16:41:47.991 D/[blink]FrameView(11433): [layout] start... this:0x5564bf78, frame=0x4d042250 content size(1280, 720). 
11-06 16:41:47.991 D/[blink]FrameView(11433): [layout] performPreLayoutTasks start... this:0x5564bf78
11-06 16:41:47.991 D/[blink]FrameView(11433): [layout] performPreLayoutTasks end... this:0x5564bf78
11-06 16:41:47.991 D/[blink]FrameView(11433): [layout] performLayout start... this:0x5564bf78
11-06 16:41:47.992 D/[blink]FrameView(11433): [layout] performLayout end... this:0x5564bf78
11-06 16:41:47.992 D/[blink]FrameView(11433): [layout] call compositor()->didLayout()!
11-06 16:41:47.992 D/[blink]FrameView(11433): [layout] updateDocumentAnnotatedRegions start... this:0x5564bf78
11-06 16:41:47.992 D/[blink]FrameView(11433): [layout] scheduleOrPerformPostLayoutTasks start... this:0x5564bf78
11-06 16:41:47.992 D/[blink]FrameView(11433): [layout] end... this:0x5564bf78
11-06 16:41:47.992 D/[blink]FrameView(11433): [layout] out... this:0x5564bf78
11-06 16:41:47.992 D/[blink]FrameView(11433): [updateStyleAndLayoutIfNeededRecursiveInternal] end... this:0x5564bf78.
11-06 16:41:47.992 D/[blink]FrameView(11433): [updateStyleAndLayoutIfNeededRecursiveInternal] end... this:0x55645ae0.
11-06 16:41:47.992 D/[blink]FrameView(11433): [updateLifecyclePhasesInternal] in... this:0x55645ae0, targetState=18
11-06 16:41:47.992 D/[blink]FrameView(11433): [updateLifecyclePhasesInternal] call compositor()->updateIfNeededRecursive()!
11-06 16:41:47.994 D/[blink]FrameView(11433): [updateLifecyclePhasesInternal] end... this:0x55645ae0
11-06 16:41:48.011 I/Advanced(11433): [QUEUE] share_queue_sendEx size:1 4097 38 0x8e783f30,postLoopId:0,dstid:1.
11-06 16:41:48.075 D/[blink]DOMTimer(11433): [fired] 0x556507c0 timeout fired.
11-06 16:41:48.076 D/ScriptController(11433): [executeScriptAndReturnValue] [V8] evaluate Script start. frame=0x4cf21a48 url= line=1. source length=22
11-06 16:41:48.076 D/iPanel  (11433): iPanel.debug("checkOverlayCreated")
11-06 16:41:48.076 D/[blink]DOMTimer(11433): [DOMTimer] 0x556508f8 setTimeout 300ms, repeat:0.
11-06 16:41:48.076 D/ScriptController(11433): [executeScriptAndReturnValue] [V8] evaluate Script end. frame=0x4cf21a48 
11-06 16:41:48.174 D/ir_user ( 1585): PlayerTimeLineTrace:linux_keycode:0x6a(UP),	protocol: .
11-06 16:41:48.174 V/PT      ( 1581): >>INFO:irkey_task:[    8910.933281] /dev/input/event0: type=0001 code=006a val=00000000
11-06 16:41:48.174 V/PT      ( 1581): >>INFO:irkey_send:0x3001 0x0027 up  
11-06 16:41:48.174 V/SUMA    ( 1581): ++++++++++++++  _roc_evtmgr_key_cbk 517:input = 12289, event=39, act=0x400
11-06 16:41:48.174 V/SUMA    ( 1581): lxm:_roc_evtmgr_key_cbk 519 8910933
11-06 16:41:48.174 V/SUMA    ( 1581): lxm:_roc_evtmgr_add_key_into_queue 311 8910933
11-06 16:41:48.175 V/PT      ( 1581): >>INFO:irkey_task:[    8910.933281] /dev/input/event0: type=0000 code=0000 val=00000000
11-06 16:41:48.175 V/SUMA    ( 1581): ===================>> type=0 src=0 evt=39 act=0x400
11-06 16:41:48.175 V/SUMA    ( 1581): [sysset-s][event_manager_cbk 78]lxm cbid=1, cbk_reg=1, cpid=2451
11-06 16:41:48.175 D/NGBEvent( 2451): ngbEventCallBack type:0 source :39
11-06 16:41:48.175 D/NGBEvent( 2451): [NGBEventManager-JNI]-returning:1
11-06 16:41:48.175 D/NGBEvent( 2451): Input key event: keyCode=39
11-06 16:41:48.175 D/NGBEvent( 2451): src:39 = dest:39
11-06 16:41:48.175 I/System.out( 2451): [DEBUG EventManager] LWJ--Add event to java with evt=NgbEvent-[type = 1, subtype = 402, code = 39]
11-06 16:41:48.175 D/NGBEvent( 2451): [NGBEvent_log]--[EventManager--JNI]:		start
11-06 16:41:48.176 D/RemoteIME(10748): RemoteIME--> onKeyUp keyCode = 22
11-06 16:41:48.176 I/System.out( 2451): [DEBUG EventManager] broadcastEvent  :len 1
11-06 16:41:48.176 D/KeyEventNgbDealer( 2451): [TN_pool-1-thread-1]handleKeyReleased keyEvent=NgbEvent-[type = 1, subtype = 402, code = 39],time=8910935
11-06 16:41:48.177 D/cr_AwTestContainerView(11433): [AwTestContainerView.java:63] [mainFrame]: [unknown] dispatchKeyEvent keyCode = 22 event = KeyEvent { action=ACTION_UP, keyCode=KEYCODE_DPAD_RIGHT, scanCode=106, metaState=0, flags=0x8, repeatCount=0, eventTime=8910933, downTime=8910723, deviceId=3, source=0x701 }
11-06 16:41:48.177 D/ImeAdapterAndroid(11433): [SendKeyEvent] [BUILD TIME: ] dispatchKeyEvent key_code=22 modifiers=0 unicode_char=0 scan_code=106 is_system=0 tm=8910933
11-06 16:41:48.178 D/RenderWidgetInputHandler(11433): [HandleInputEvent] input_event type=9 name=KeyUp
11-06 16:41:48.178 D/RenderWidgetInputHandler(11433): [HandleInputEvent] input_event type=9 prevent_default:0
11-06 16:41:48.178 D/WebViewImpl(11433): [handleKeyEvent] keycode:39, eventType:9 native keycode:22 frame=0x4d042250. url='http://10.14.41.246/application/bxfc/sec/popTv_new.php'.
11-06 16:41:48.178 D/[blink]KeyboardEventManager(11433): [keyEvent] initialKeyEvent KeyUp nativeKeyCode=22 windowsKeyCode=39 text[0]=0
11-06 16:41:48.178 D/[blink]KeyboardEventManager(11433): [keyEvent] initialKeyEvent focusedNode=0x0
11-06 16:41:48.211 I/Advanced(11433): [QUEUE] share_queue_sendEx size:1 4097 39 0x8e783f30,postLoopId:0,dstid:1.
11-06 16:41:48.304 D/BackBootDealerNeimeng( 2355): standbyState:
11-06 16:41:48.305 E/NetUtils( 2021): Interface eth0 LinkDown!
11-06 16:41:48.376 D/[blink]DOMTimer(11433): [fired] 0x556508f8 timeout fired.
11-06 16:41:48.376 D/ScriptController(11433): [executeScriptAndReturnValue] [V8] evaluate Script start. frame=0x4cf21a48 url= line=1. source length=22
11-06 16:41:48.377 D/iPanel  (11433): iPanel.debug("checkOverlayCreated")
11-06 16:41:48.377 D/[blink]DOMTimer(11433): [DOMTimer] 0x55650968 setTimeout 300ms, repeat:0.
11-06 16:41:48.377 D/ScriptController(11433): [executeScriptAndReturnValue] [V8] evaluate Script end. frame=0x4cf21a48 
11-06 16:41:48.381 I/AdvancedPorting-PORT_MODULE_NET(11433): network_task while... 
11-06 16:41:48.381 I/AdvancedPorting-PORT_MODULE_NET(11433): 0 interface name: lo
11-06 16:41:48.381 I/AdvancedPorting-PORT_MODULE_NET(11433): 1 interface name: wlan0
11-06 16:41:48.381 I/AdvancedPorting-PORT_MODULE_NET(11433): First interface name: lo
11-06 16:41:48.381 I/AdvancedPorting-PORT_MODULE_NET(11433): network_task while...  net_i:1
11-06 16:41:48.381 I/AdvancedPorting-PORT_MODULE_NET(11433): network_task while---name_interface[0]=lo
11-06 16:41:48.381 I/AdvancedPorting-PORT_MODULE_NET(11433): network_task while---name_interface[1]=wlan0
11-06 16:41:48.381 I/AdvancedPorting-PORT_MODULE_NET(11433): network_task while---interface_name=wlan0
11-06 16:41:48.381 I/AdvancedPorting-PORT_MODULE_NET(11433): network_get_netlink_status(in)--if_name=wlan0
11-06 16:41:48.381 I/AdvancedPorting-PORT_MODULE_NET(11433): net.network.isconnected = no
11-06 16:41:48.381 I/AdvancedPorting-PORT_MODULE_NET(11433): wlan0 --network_get_netlink_status return retval=1
11-06 16:41:48.381 I/AdvancedPorting-PORT_MODULE_NET(11433): stat = 1 last_status = 1
11-06 16:41:48.411 I/Advanced(11433): [QUEUE] share_queue_sendEx size:1 4097 40 0x8e783f30,postLoopId:0,dstid:1.
11-06 16:41:48.612 I/Advanced(11433): [QUEUE] share_queue_sendEx size:1 4097 41 0x8e783f30,postLoopId:0,dstid:1.
11-06 16:41:48.677 D/[blink]DOMTimer(11433): [fired] 0x55650968 timeout fired.
11-06 16:41:48.677 D/ScriptController(11433): [executeScriptAndReturnValue] [V8] evaluate Script start. frame=0x4cf21a48 url= line=1. source length=22
11-06 16:41:48.677 D/iPanel  (11433): iPanel.debug("checkOverlayCreated")
11-06 16:41:48.677 D/[blink]DOMTimer(11433): [DOMTimer] 0x556509d8 setTimeout 300ms, repeat:0.
11-06 16:41:48.677 D/ScriptController(11433): [executeScriptAndReturnValue] [V8] evaluate Script end. frame=0x4cf21a48 
11-06 16:41:48.806 D/BackBootDealerNeimeng( 2355): standbyState:
11-06 16:41:48.806 E/NetUtils( 2021): Interface eth0 LinkDown!
11-06 16:41:48.812 I/Advanced(11433): [QUEUE] share_queue_sendEx size:1 4097 42 0x8e783f30,postLoopId:0,dstid:1.
11-06 16:41:48.978 D/[blink]DOMTimer(11433): [fired] 0x556509d8 timeout fired.
11-06 16:41:48.978 D/ScriptController(11433): [executeScriptAndReturnValue] [V8] evaluate Script start. frame=0x4cf21a48 url= line=1. source length=22
11-06 16:41:48.978 D/iPanel  (11433): iPanel.debug("checkOverlayCreated")
11-06 16:41:48.978 D/[blink]DOMTimer(11433): [DOMTimer] 0x55650a48 setTimeout 300ms, repeat:0.
11-06 16:41:48.978 D/ScriptController(11433): [executeScriptAndReturnValue] [V8] evaluate Script end. frame=0x4cf21a48 
11-06 16:41:49.013 I/Advanced(11433): [QUEUE] share_queue_sendEx size:1 4097 43 0x8e783f30,postLoopId:0,dstid:1.
11-06 16:41:49.213 I/Advanced(11433): [QUEUE] share_queue_sendEx size:1 4097 44 0x8e783f30,postLoopId:0,dstid:1.
11-06 16:41:49.278 D/[blink]DOMTimer(11433): [fired] 0x55650a48 timeout fired.
11-06 16:41:49.278 D/ScriptController(11433): [executeScriptAndReturnValue] [V8] evaluate Script start. frame=0x4cf21a48 url= line=1. source length=22
11-06 16:41:49.278 D/iPanel  (11433): iPanel.debug("checkOverlayCreated")
11-06 16:41:49.278 D/[blink]DOMTimer(11433): [DOMTimer] 0x55650ab8 setTimeout 300ms, repeat:0.
11-06 16:41:49.279 D/ScriptController(11433): [executeScriptAndReturnValue] [V8] evaluate Script end. frame=0x4cf21a48 
11-06 16:41:49.307 D/BackBootDealerNeimeng( 2355): standbyState:
11-06 16:41:49.308 E/NetUtils( 2021): Interface eth0 LinkDown!
11-06 16:41:49.381 I/AdvancedPorting-PORT_MODULE_NET(11433): network_task while... 
11-06 16:41:49.381 I/AdvancedPorting-PORT_MODULE_NET(11433): 0 interface name: lo
11-06 16:41:49.381 I/AdvancedPorting-PORT_MODULE_NET(11433): 1 interface name: wlan0
11-06 16:41:49.382 I/AdvancedPorting-PORT_MODULE_NET(11433): First interface name: lo
11-06 16:41:49.382 I/AdvancedPorting-PORT_MODULE_NET(11433): network_task while...  net_i:1
11-06 16:41:49.382 I/AdvancedPorting-PORT_MODULE_NET(11433): network_task while---name_interface[0]=lo
11-06 16:41:49.382 I/AdvancedPorting-PORT_MODULE_NET(11433): network_task while---name_interface[1]=wlan0
11-06 16:41:49.382 I/AdvancedPorting-PORT_MODULE_NET(11433): network_task while---interface_name=wlan0
11-06 16:41:49.382 I/AdvancedPorting-PORT_MODULE_NET(11433): network_get_netlink_status(in)--if_name=wlan0
11-06 16:41:49.382 I/AdvancedPorting-PORT_MODULE_NET(11433): net.network.isconnected = no
11-06 16:41:49.382 I/AdvancedPorting-PORT_MODULE_NET(11433): wlan0 --network_get_netlink_status return retval=1
11-06 16:41:49.382 I/AdvancedPorting-PORT_MODULE_NET(11433): stat = 1 last_status = 1
11-06 16:41:49.413 I/Advanced(11433): [QUEUE] share_queue_sendEx size:1 4097 45 0x8e783f30,postLoopId:0,dstid:1.
11-06 16:41:49.579 D/[blink]DOMTimer(11433): [fired] 0x55650ab8 timeout fired.
11-06 16:41:49.579 D/ScriptController(11433): [executeScriptAndReturnValue] [V8] evaluate Script start. frame=0x4cf21a48 url= line=1. source length=22
11-06 16:41:49.579 D/iPanel  (11433): iPanel.debug("checkOverlayCreated")
11-06 16:41:49.579 D/[blink]DOMTimer(11433): [DOMTimer] 0x55650b28 setTimeout 300ms, repeat:0.
11-06 16:41:49.579 D/ScriptController(11433): [executeScriptAndReturnValue] [V8] evaluate Script end. frame=0x4cf21a48 
11-06 16:41:49.595 D/ir_user ( 1585): PlayerTimeLineTrace:linux_keycode:0x9e(DOWN),	protocol: .
11-06 16:41:49.595 V/PT      ( 1581): >>INFO:irkey_task:[    8912.354123] /dev/input/event0: type=0001 code=009e val=00000001
11-06 16:41:49.595 V/PT      ( 1581): >>INFO:irkey_send:0x3001 0x1000 down
11-06 16:41:49.595 V/SUMA    ( 1581): ++++++++++++++  _roc_evtmgr_key_cbk 517:input = 12289, event=4096, act=0x100
11-06 16:41:49.595 V/SUMA    ( 1581): lxm:_roc_evtmgr_key_cbk 519 8912354
11-06 16:41:49.595 V/SUMA    ( 1581): lxm:_roc_evtmgr_add_evt_into_queue 347 8912354
11-06 16:41:49.595 V/SUMA    ( 1581): ===================>> type=0 src=0 evt=4096 act=0x100
11-06 16:41:49.595 V/PT      ( 1581): >>INFO:irkey_task:[    8912.354123] /dev/input/event0: type=0000 code=0000 val=00000000
11-06 16:41:49.596 V/SUMA    ( 1581): [sysset-s][event_manager_cbk 78]lxm cbid=1, cbk_reg=1, cpid=2451
11-06 16:41:49.596 D/NGBEvent( 2451): ngbEventCallBack type:0 source :4096
11-06 16:41:49.596 D/NGBEvent( 2451): [NGBEventManager-JNI]-returning:1
11-06 16:41:49.596 D/NGBEvent( 2451): Input key event: keyCode=4096
11-06 16:41:49.596 D/NGBEvent( 2451): src:4096 = dest:4096
11-06 16:41:49.596 I/System.out( 2451): [DEBUG EventManager] LWJ--Add event to java with evt=NgbEvent-[type = 1, subtype = 401, code = 4096]
11-06 16:41:49.596 D/NGBEvent( 2451): [NGBEvent_log]--[EventManager--JNI]:		start
11-06 16:41:49.596 I/System.out( 2451): [DEBUG EventManager] broadcastEvent  :len 1
11-06 16:41:49.597 D/CombineKeyUtil( 2451): [TN_pool-1-thread-1]dealKeyEvent,combineIndex:-1:keyCode:4
11-06 16:41:49.597 D/KeyEventNgbDealer( 2451): [TN_pool-1-thread-1]handleKeyPressed keyEvent=NgbEvent-[type = 1, subtype = 401, code = 4096],time=8912355
11-06 16:41:49.597 D/RemoteIME(10748): onKeyDown event = KeyEvent { action=ACTION_DOWN, keyCode=KEYCODE_BACK, scanCode=158, metaState=0, flags=0x8, repeatCount=0, eventTime=8912354, downTime=8912354, deviceId=3, source=0x701 },mSkbContainer=null
11-06 16:41:49.599 D/cr_AwTestContainerView(11433): [AwTestContainerView.java:63] [mainFrame]: [unknown] dispatchKeyEvent keyCode = 4 event = KeyEvent { action=ACTION_DOWN, keyCode=KEYCODE_BACK, scanCode=158, metaState=0, flags=0x8, repeatCount=0, eventTime=8912354, downTime=8912354, deviceId=3, source=0x701 }
11-06 16:41:49.599 D/ImeAdapterAndroid(11433): [SendKeyEvent] [BUILD TIME: ] dispatchKeyEvent key_code=4 modifiers=0 unicode_char=0 scan_code=158 is_system=0 tm=8912354
11-06 16:41:49.600 D/RenderWidgetInputHandler(11433): [HandleInputEvent] input_event type=8 name=KeyDown
11-06 16:41:49.600 D/RenderWidgetInputHandler(11433): [HandleInputEvent] input_event type=8 prevent_default:0
11-06 16:41:49.600 D/WebViewImpl(11433): [handleKeyEvent] keycode:166, eventType:8 native keycode:4 frame=0x4d042250. url='http://10.14.41.246/application/bxfc/sec/popTv_new.php'.
11-06 16:41:49.600 D/[blink]KeyboardEventManager(11433): [keyEvent] initialKeyEvent KeyDown nativeKeyCode=4 windowsKeyCode=166 text[0]=0
11-06 16:41:49.600 D/[blink]KeyboardEventManager(11433): [keyEvent] initialKeyEvent focusedNode=0x0
11-06 16:41:49.600 D/V8ScriptRunner(11433): [callFunction] start. frame = 0x4d042250 function: f.document.onkeydown url: http://10.14.41.246/application/bxfc/sec/popTv_new.php line: 2267
11-06 16:41:49.601 D/base::KeyConverter(11433): [get] convert 4 => 8.
11-06 16:41:49.601 D/[blink]KeyboardEvent(11433): [keyCode] convert keycode: 4 -> 8.
11-06 16:41:49.603 D/[cc]beginFrameSource(11433): [AddObserver] ExternalBeginFrameSource::AddObserver
11-06 16:41:49.605 D/ChromeClientImpl(11433): [addMessageToConsole] [LOG:CONSOLE(4089)] "key_homepage---hidePop---typeof top.window.hidePop:function", source:http://10.14.41.246/application/bxfc/sec/popTv_new.php (4089)
11-06 16:41:49.606 D/ChromeClientImpl(11433): [addMessageToConsole] [LOG:CONSOLE(11)] "--------1-------hidePop--window.frames:[object Window]", source:http://10.14.41.246/application/bxfc/sec/js/common.js (11)
11-06 16:41:49.606 D/ChromeClientImpl(11433): [addMessageToConsole] [LOG:CONSOLE(11)] "------2---------hidePop-----ifr_0---", source:http://10.14.41.246/application/bxfc/sec/js/common.js (11)
11-06 16:41:49.607 D/ChromeClientImpl(11433): [addMessageToConsole] [LOG:CONSOLE(4089)] "_popTd1=_pos==1==disFocus==tmpPos===1", source:http://10.14.41.246/application/bxfc/sec/popTv_new.php (4089)
11-06 16:41:49.607 D/ChromeClientImpl(11433): [addMessageToConsole] [LOG:CONSOLE(4089)] "_popTd0", source:http://10.14.41.246/application/bxfc/sec/popTv_new.php (4089)
11-06 16:41:49.607 D/ChromeClientImpl(11433): [addMessageToConsole] [LOG:CONSOLE(4089)] "_popTd0==showFocus==tmpPos===0=this.dataArr.obj[tmpPos].isNewFlag==false", source:http://10.14.41.246/application/bxfc/sec/popTv_new.php (4089)
11-06 16:41:49.608 D/ChromeClientImpl(11433): [addMessageToConsole] [LOG:CONSOLE(11)] "------------hidePop--popFlag==false", source:http://10.14.41.246/application/bxfc/sec/js/common.js (11)
11-06 16:41:49.609 D/iPanel  (11433): iPanel.debug("iPanel.getGlobalVar : name = gotoBuy value = undefined")
11-06 16:41:49.609 D/V8ScriptRunner(11433): [callFunction] end. frame = 0x4d042250 function: f.document.onkeydown url: http://10.14.41.246/application/bxfc/sec/popTv_new.php line: 2267
11-06 16:41:49.609 D/[blink]KeyboardEventManager(11433): [keyEvent] dispatchResult = CanceledByEventHandler
11-06 16:41:49.610 D/[cc]ProxyMain(11433): [BeginMainFrame] cc.BeginMainFrame this:0x9f6cc588
11-06 16:41:49.610 D/[cc]LayerTreeHost(11433): [AnimateLayers] AnimateLayers monotonic_time=8912366310
11-06 16:41:49.610 D/[blink]FrameView(11433): [updateStyleAndLayoutIfNeededRecursiveInternal] in... this:0x55645ae0.
11-06 16:41:49.610 D/[blink]FrameView(11433): [updateStyleAndLayoutIfNeededRecursiveInternal] in... this:0x5564bf78.
11-06 16:41:49.611 D/[blink]FrameView(11433): [layout] start... this:0x5564bf78, frame=0x4d042250 content size(1280, 720). 
11-06 16:41:49.611 D/[blink]FrameView(11433): [layout] performPreLayoutTasks start... this:0x5564bf78
11-06 16:41:49.611 D/[blink]FrameView(11433): [layout] performPreLayoutTasks end... this:0x5564bf78
11-06 16:41:49.611 D/[blink]FrameView(11433): [layout] performLayout start... this:0x5564bf78
11-06 16:41:49.611 D/[blink]FrameView(11433): [layout] performLayout end... this:0x5564bf78
11-06 16:41:49.611 D/[blink]FrameView(11433): [layout] call compositor()->didLayout()!
11-06 16:41:49.611 D/[blink]FrameView(11433): [layout] updateDocumentAnnotatedRegions start... this:0x5564bf78
11-06 16:41:49.611 D/[blink]FrameView(11433): [layout] scheduleOrPerformPostLayoutTasks start... this:0x5564bf78
11-06 16:41:49.611 D/[blink]FrameView(11433): [layout] end... this:0x5564bf78
11-06 16:41:49.611 D/[blink]FrameView(11433): [layout] out... this:0x5564bf78
11-06 16:41:49.611 D/[blink]FrameView(11433): [updateStyleAndLayoutIfNeededRecursiveInternal] end... this:0x5564bf78.
11-06 16:41:49.611 D/[blink]FrameView(11433): [updateStyleAndLayoutIfNeededRecursiveInternal] end... this:0x55645ae0.
11-06 16:41:49.611 D/[blink]FrameView(11433): [updateLifecyclePhasesInternal] in... this:0x55645ae0, targetState=18
11-06 16:41:49.611 D/[blink]FrameView(11433): [updateLifecyclePhasesInternal] call compositor()->updateIfNeededRecursive()!
11-06 16:41:49.613 D/[blink]FrameView(11433): [updateLifecyclePhasesInternal] end... this:0x55645ae0
11-06 16:41:49.614 I/Advanced(11433): [QUEUE] share_queue_sendEx size:1 4097 46 0x8e783f30,postLoopId:0,dstid:1.
11-06 16:41:49.626 D/[cc]ProxyMain(11433): [BeginMainFrame] cc.BeginMainFrame this:0x9f6cc588
11-06 16:41:49.626 D/[cc]LayerTreeHost(11433): [AnimateLayers] AnimateLayers monotonic_time=8912382976
11-06 16:41:49.626 D/[blink]FrameView(11433): [updateStyleAndLayoutIfNeededRecursiveInternal] in... this:0x55645ae0.
11-06 16:41:49.628 D/[blink]FrameView(11433): [updateStyleAndLayoutIfNeededRecursiveInternal] in... this:0x5564bf78.
11-06 16:41:49.629 D/[blink]FrameView(11433): [updateStyleAndLayoutIfNeededRecursiveInternal] end... this:0x5564bf78.
11-06 16:41:49.629 D/[blink]FrameView(11433): [updateStyleAndLayoutIfNeededRecursiveInternal] end... this:0x55645ae0.
11-06 16:41:49.629 D/[blink]FrameView(11433): [updateLifecyclePhasesInternal] in... this:0x55645ae0, targetState=18
11-06 16:41:49.629 D/[blink]FrameView(11433): [updateLifecyclePhasesInternal] call compositor()->updateIfNeededRecursive()!
