11-06 16:41:49.630 D/[blink]FrameView(11433): [updateLifecyclePhasesInternal] end... this:0x55645ae0
11-06 16:41:49.641 D/[cc]ProxyMain(11433): [BeginMainFrame] cc.BeginMainFrame this:0x9f6cc588
11-06 16:41:49.641 D/[cc]LayerTreeHost(11433): [AnimateLayers] AnimateLayers monotonic_time=8912399643
11-06 16:41:49.641 D/[blink]FrameView(11433): [updateStyleAndLayoutIfNeededRecursiveInternal] in... this:0x55645ae0.
11-06 16:41:49.641 D/[blink]FrameView(11433): [updateStyleAndLayoutIfNeededRecursiveInternal] in... this:0x5564bf78.
11-06 16:41:49.641 D/[blink]FrameView(11433): [updateStyleAndLayoutIfNeededRecursiveInternal] end... this:0x5564bf78.
11-06 16:41:49.641 D/[blink]FrameView(11433): [updateStyleAndLayoutIfNeededRecursiveInternal] end... this:0x55645ae0.
11-06 16:41:49.641 D/[blink]FrameView(11433): [updateLifecyclePhasesInternal] in... this:0x55645ae0, targetState=18
11-06 16:41:49.641 D/[blink]FrameView(11433): [updateLifecyclePhasesInternal] call compositor()->updateIfNeededRecursive()!
11-06 16:41:49.642 D/[blink]FrameView(11433): [updateLifecyclePhasesInternal] end... this:0x55645ae0
11-06 16:41:49.659 D/[cc]ProxyMain(11433): [BeginMainFrame] cc.BeginMainFrame this:0x9f6cc588
11-06 16:41:49.659 D/[cc]LayerTreeHost(11433): [AnimateLayers] AnimateLayers monotonic_time=8912416310
11-06 16:41:49.659 D/[blink]FrameView(11433): [updateStyleAndLayoutIfNeededRecursiveInternal] in... this:0x55645ae0.
11-06 16:41:49.659 D/[blink]FrameView(11433): [updateStyleAndLayoutIfNeededRecursiveInternal] in... this:0x5564bf78.
11-06 16:41:49.659 D/[blink]FrameView(11433): [updateStyleAndLayoutIfNeededRecursiveInternal] end... this:0x5564bf78.
11-06 16:41:49.659 D/[blink]FrameView(11433): [updateStyleAndLayoutIfNeededRecursiveInternal] end... this:0x55645ae0.
11-06 16:41:49.659 D/[blink]FrameView(11433): [updateLifecyclePhasesInternal] in... this:0x55645ae0, targetState=18
11-06 16:41:49.659 D/[blink]FrameView(11433): [updateLifecyclePhasesInternal] call compositor()->updateIfNeededRecursive()!
11-06 16:41:49.659 D/[blink]FrameView(11433): [updateLifecyclePhasesInternal] end... this:0x55645ae0
11-06 16:41:49.674 D/[cc]ProxyMain(11433): [BeginMainFrame] cc.BeginMainFrame this:0x9f6cc588
11-06 16:41:49.675 D/[cc]LayerTreeHost(11433): [AnimateLayers] AnimateLayers monotonic_time=8912432976
11-06 16:41:49.675 D/[blink]FrameView(11433): [updateStyleAndLayoutIfNeededRecursiveInternal] in... this:0x55645ae0.
11-06 16:41:49.675 D/[blink]FrameView(11433): [updateStyleAndLayoutIfNeededRecursiveInternal] in... this:0x5564bf78.
11-06 16:41:49.675 D/[blink]FrameView(11433): [updateStyleAndLayoutIfNeededRecursiveInternal] end... this:0x5564bf78.
11-06 16:41:49.675 D/[blink]FrameView(11433): [updateStyleAndLayoutIfNeededRecursiveInternal] end... this:0x55645ae0.
11-06 16:41:49.675 D/[blink]FrameView(11433): [updateLifecyclePhasesInternal] in... this:0x55645ae0, targetState=18
11-06 16:41:49.675 D/[blink]FrameView(11433): [updateLifecyclePhasesInternal] call compositor()->updateIfNeededRecursive()!
11-06 16:41:49.675 D/[blink]FrameView(11433): [updateLifecyclePhasesInternal] end... this:0x55645ae0
11-06 16:41:49.691 D/[cc]ProxyMain(11433): [BeginMainFrame] cc.BeginMainFrame this:0x9f6cc588
11-06 16:41:49.691 D/[cc]LayerTreeHost(11433): [AnimateLayers] AnimateLayers monotonic_time=8912449643
11-06 16:41:49.691 D/[blink]FrameView(11433): [updateStyleAndLayoutIfNeededRecursiveInternal] in... this:0x55645ae0.
11-06 16:41:49.691 D/[blink]FrameView(11433): [updateStyleAndLayoutIfNeededRecursiveInternal] in... this:0x5564bf78.
11-06 16:41:49.691 D/[blink]FrameView(11433): [updateStyleAndLayoutIfNeededRecursiveInternal] end... this:0x5564bf78.
11-06 16:41:49.691 D/[blink]FrameView(11433): [updateStyleAndLayoutIfNeededRecursiveInternal] end... this:0x55645ae0.
11-06 16:41:49.691 D/[blink]FrameView(11433): [updateLifecyclePhasesInternal] in... this:0x55645ae0, targetState=18
11-06 16:41:49.691 D/[blink]FrameView(11433): [updateLifecyclePhasesInternal] call compositor()->updateIfNeededRecursive()!
11-06 16:41:49.691 D/[blink]FrameView(11433): [updateLifecyclePhasesInternal] end... this:0x55645ae0
11-06 16:41:49.708 D/[cc]ProxyMain(11433): [BeginMainFrame] cc.BeginMainFrame this:0x9f6cc588
11-06 16:41:49.708 D/[cc]LayerTreeHost(11433): [AnimateLayers] AnimateLayers monotonic_time=8912466310
11-06 16:41:49.708 D/[blink]FrameView(11433): [updateStyleAndLayoutIfNeededRecursiveInternal] in... this:0x55645ae0.
11-06 16:41:49.708 D/[blink]FrameView(11433): [updateStyleAndLayoutIfNeededRecursiveInternal] in... this:0x5564bf78.
11-06 16:41:49.709 D/[blink]FrameView(11433): [updateStyleAndLayoutIfNeededRecursiveInternal] end... this:0x5564bf78.
11-06 16:41:49.709 D/[blink]FrameView(11433): [updateStyleAndLayoutIfNeededRecursiveInternal] end... this:0x55645ae0.
11-06 16:41:49.709 D/[blink]FrameView(11433): [updateLifecyclePhasesInternal] in... this:0x55645ae0, targetState=18
11-06 16:41:49.709 D/[blink]FrameView(11433): [updateLifecyclePhasesInternal] call compositor()->updateIfNeededRecursive()!
11-06 16:41:49.710 D/[blink]FrameView(11433): [updateLifecyclePhasesInternal] end... this:0x55645ae0
11-06 16:41:49.725 D/[cc]ProxyMain(11433): [BeginMainFrame] cc.BeginMainFrame this:0x9f6cc588
11-06 16:41:49.725 D/[cc]LayerTreeHost(11433): [AnimateLayers] AnimateLayers monotonic_time=8912482976
11-06 16:41:49.725 D/[blink]FrameView(11433): [updateStyleAndLayoutIfNeededRecursiveInternal] in... this:0x55645ae0.
11-06 16:41:49.726 D/[blink]FrameView(11433): [updateStyleAndLayoutIfNeededRecursiveInternal] in... this:0x5564bf78.
11-06 16:41:49.726 D/[blink]FrameView(11433): [updateStyleAndLayoutIfNeededRecursiveInternal] end... this:0x5564bf78.
11-06 16:41:49.726 D/[blink]FrameView(11433): [updateStyleAndLayoutIfNeededRecursiveInternal] end... this:0x55645ae0.
11-06 16:41:49.726 D/[blink]FrameView(11433): [updateLifecyclePhasesInternal] in... this:0x55645ae0, targetState=18
11-06 16:41:49.726 D/[blink]FrameView(11433): [updateLifecyclePhasesInternal] call compositor()->updateIfNeededRecursive()!
11-06 16:41:49.726 D/[blink]FrameView(11433): [updateLifecyclePhasesInternal] end... this:0x55645ae0
11-06 16:41:49.741 D/[cc]ProxyMain(11433): [BeginMainFrame] cc.BeginMainFrame this:0x9f6cc588
11-06 16:41:49.742 D/[cc]LayerTreeHost(11433): [AnimateLayers] AnimateLayers monotonic_time=8912499643
11-06 16:41:49.742 D/[blink]FrameView(11433): [updateStyleAndLayoutIfNeededRecursiveInternal] in... this:0x55645ae0.
11-06 16:41:49.742 D/[blink]FrameView(11433): [updateStyleAndLayoutIfNeededRecursiveInternal] in... this:0x5564bf78.
11-06 16:41:49.742 D/[blink]FrameView(11433): [updateStyleAndLayoutIfNeededRecursiveInternal] end... this:0x5564bf78.
11-06 16:41:49.742 D/[blink]FrameView(11433): [updateStyleAndLayoutIfNeededRecursiveInternal] end... this:0x55645ae0.
11-06 16:41:49.743 D/[blink]FrameView(11433): [updateLifecyclePhasesInternal] in... this:0x55645ae0, targetState=18
11-06 16:41:49.743 D/[blink]FrameView(11433): [updateLifecyclePhasesInternal] call compositor()->updateIfNeededRecursive()!
11-06 16:41:49.743 D/[blink]FrameView(11433): [updateLifecyclePhasesInternal] end... this:0x55645ae0
11-06 16:41:49.758 D/[cc]ProxyMain(11433): [BeginMainFrame] cc.BeginMainFrame this:0x9f6cc588
11-06 16:41:49.759 D/[cc]LayerTreeHost(11433): [AnimateLayers] AnimateLayers monotonic_time=8912516310
11-06 16:41:49.759 D/[blink]FrameView(11433): [updateStyleAndLayoutIfNeededRecursiveInternal] in... this:0x55645ae0.
11-06 16:41:49.759 D/[blink]FrameView(11433): [updateStyleAndLayoutIfNeededRecursiveInternal] in... this:0x5564bf78.
11-06 16:41:49.759 D/[blink]FrameView(11433): [updateStyleAndLayoutIfNeededRecursiveInternal] end... this:0x5564bf78.
11-06 16:41:49.759 D/[blink]FrameView(11433): [updateStyleAndLayoutIfNeededRecursiveInternal] end... this:0x55645ae0.
11-06 16:41:49.759 D/[blink]FrameView(11433): [updateLifecyclePhasesInternal] in... this:0x55645ae0, targetState=18
11-06 16:41:49.759 D/[blink]FrameView(11433): [updateLifecyclePhasesInternal] call compositor()->updateIfNeededRecursive()!
11-06 16:41:49.760 D/[blink]FrameView(11433): [updateLifecyclePhasesInternal] end... this:0x55645ae0
11-06 16:41:49.775 D/[cc]ProxyMain(11433): [BeginMainFrame] cc.BeginMainFrame this:0x9f6cc588
11-06 16:41:49.775 D/[cc]LayerTreeHost(11433): [AnimateLayers] AnimateLayers monotonic_time=8912532976
11-06 16:41:49.776 D/[blink]FrameView(11433): [updateStyleAndLayoutIfNeededRecursiveInternal] in... this:0x55645ae0.
11-06 16:41:49.776 D/[blink]FrameView(11433): [updateStyleAndLayoutIfNeededRecursiveInternal] in... this:0x5564bf78.
11-06 16:41:49.776 D/[blink]FrameView(11433): [updateStyleAndLayoutIfNeededRecursiveInternal] end... this:0x5564bf78.
11-06 16:41:49.776 D/[blink]FrameView(11433): [updateStyleAndLayoutIfNeededRecursiveInternal] end... this:0x55645ae0.
11-06 16:41:49.776 D/[blink]FrameView(11433): [updateLifecyclePhasesInternal] in... this:0x55645ae0, targetState=18
11-06 16:41:49.776 D/[blink]FrameView(11433): [updateLifecyclePhasesInternal] call compositor()->updateIfNeededRecursive()!
11-06 16:41:49.776 D/[blink]FrameView(11433): [updateLifecyclePhasesInternal] end... this:0x55645ae0
11-06 16:41:49.792 D/[cc]ProxyMain(11433): [BeginMainFrame] cc.BeginMainFrame this:0x9f6cc588
11-06 16:41:49.792 D/[cc]LayerTreeHost(11433): [AnimateLayers] AnimateLayers monotonic_time=8912549643
11-06 16:41:49.792 D/[blink]FrameView(11433): [updateStyleAndLayoutIfNeededRecursiveInternal] in... this:0x55645ae0.
11-06 16:41:49.792 D/[blink]FrameView(11433): [updateStyleAndLayoutIfNeededRecursiveInternal] in... this:0x5564bf78.
11-06 16:41:49.793 D/[blink]FrameView(11433): [updateStyleAndLayoutIfNeededRecursiveInternal] end... this:0x5564bf78.
11-06 16:41:49.793 D/[blink]FrameView(11433): [updateStyleAndLayoutIfNeededRecursiveInternal] end... this:0x55645ae0.
11-06 16:41:49.793 D/[blink]FrameView(11433): [updateLifecyclePhasesInternal] in... this:0x55645ae0, targetState=18
11-06 16:41:49.793 D/[blink]FrameView(11433): [updateLifecyclePhasesInternal] call compositor()->updateIfNeededRecursive()!
11-06 16:41:49.793 D/[blink]FrameView(11433): [updateLifecyclePhasesInternal] end... this:0x55645ae0
11-06 16:41:49.804 D/ir_user ( 1585): PlayerTimeLineTrace:linux_keycode:0x9e(UP),	protocol: .
11-06 16:41:49.804 V/PT      ( 1581): >>INFO:irkey_task:[    8912.563442] /dev/input/event0: type=0001 code=009e val=00000000
11-06 16:41:49.804 V/PT      ( 1581): >>INFO:irkey_send:0x3001 0x1000 up  
11-06 16:41:49.804 V/SUMA    ( 1581): ++++++++++++++  _roc_evtmgr_key_cbk 517:input = 12289, event=4096, act=0x400
11-06 16:41:49.804 V/SUMA    ( 1581): lxm:_roc_evtmgr_key_cbk 519 8912563
11-06 16:41:49.805 V/SUMA    ( 1581): lxm:_roc_evtmgr_add_key_into_queue 311 8912563
11-06 16:41:49.805 V/PT      ( 1581): >>INFO:irkey_task:[    8912.563442] /dev/input/event0: type=0000 code=0000 val=00000000
11-06 16:41:49.805 V/SUMA    ( 1581): ===================>> type=0 src=0 evt=4096 act=0x400
11-06 16:41:49.805 V/SUMA    ( 1581): [sysset-s][event_manager_cbk 78]lxm cbid=1, cbk_reg=1, cpid=2451
11-06 16:41:49.805 D/NGBEvent( 2451): ngbEventCallBack type:0 source :4096
11-06 16:41:49.805 D/NGBEvent( 2451): [NGBEventManager-JNI]-returning:1
11-06 16:41:49.805 D/NGBEvent( 2451): Input key event: keyCode=4096
11-06 16:41:49.805 D/NGBEvent( 2451): src:4096 = dest:4096
11-06 16:41:49.805 I/System.out( 2451): [DEBUG EventManager] LWJ--Add event to java with evt=NgbEvent-[type = 1, subtype = 402, code = 4096]
11-06 16:41:49.806 D/NGBEvent( 2451): [NGBEvent_log]--[EventManager--JNI]:		start
11-06 16:41:49.806 I/System.out( 2451): [DEBUG EventManager] broadcastEvent  :len 1
11-06 16:41:49.806 D/RemoteIME(10748): RemoteIME--> onKeyUp keyCode = 4
11-06 16:41:49.806 D/KeyEventNgbDealer( 2451): [TN_pool-1-thread-1]handleKeyReleased keyEvent=NgbEvent-[type = 1, subtype = 402, code = 4096],time=8912565
11-06 16:41:49.808 D/cr_AwTestContainerView(11433): [AwTestContainerView.java:63] [mainFrame]: [unknown] dispatchKeyEvent keyCode = 4 event = KeyEvent { action=ACTION_UP, keyCode=KEYCODE_BACK, scanCode=158, metaState=0, flags=0x8, repeatCount=0, eventTime=8912563, downTime=8912354, deviceId=3, source=0x701 }
11-06 16:41:49.808 D/ImeAdapterAndroid(11433): [SendKeyEvent] [BUILD TIME: ] dispatchKeyEvent key_code=4 modifiers=0 unicode_char=0 scan_code=158 is_system=0 tm=8912563
11-06 16:41:49.808 D/BackBootDealerNeimeng( 2355): standbyState:
11-06 16:41:49.809 E/NetUtils( 2021): Interface eth0 LinkDown!
11-06 16:41:49.810 D/RenderWidgetInputHandler(11433): [HandleInputEvent] input_event type=9 name=KeyUp
11-06 16:41:49.810 D/RenderWidgetInputHandler(11433): [HandleInputEvent] input_event type=9 prevent_default:0
11-06 16:41:49.810 D/WebViewImpl(11433): [handleKeyEvent] keycode:166, eventType:9 native keycode:4 frame=0x4d042250. url='http://10.14.41.246/application/bxfc/sec/popTv_new.php'.
11-06 16:41:49.810 D/[blink]KeyboardEventManager(11433): [keyEvent] initialKeyEvent KeyUp nativeKeyCode=4 windowsKeyCode=166 text[0]=0
11-06 16:41:49.810 D/[blink]KeyboardEventManager(11433): [keyEvent] initialKeyEvent focusedNode=0x0
11-06 16:41:49.811 D/[cc]ProxyMain(11433): [BeginMainFrame] cc.BeginMainFrame this:0x9f6cc588
11-06 16:41:49.811 D/[cc]LayerTreeHost(11433): [AnimateLayers] AnimateLayers monotonic_time=8912566310
11-06 16:41:49.811 D/[blink]FrameView(11433): [updateStyleAndLayoutIfNeededRecursiveInternal] in... this:0x55645ae0.
11-06 16:41:49.811 D/[blink]FrameView(11433): [updateStyleAndLayoutIfNeededRecursiveInternal] in... this:0x5564bf78.
11-06 16:41:49.812 D/[blink]FrameView(11433): [updateStyleAndLayoutIfNeededRecursiveInternal] end... this:0x5564bf78.
11-06 16:41:49.812 D/[blink]FrameView(11433): [updateStyleAndLayoutIfNeededRecursiveInternal] end... this:0x55645ae0.
11-06 16:41:49.812 D/[blink]FrameView(11433): [updateLifecyclePhasesInternal] in... this:0x55645ae0, targetState=18
11-06 16:41:49.812 D/[blink]FrameView(11433): [updateLifecyclePhasesInternal] call compositor()->updateIfNeededRecursive()!
11-06 16:41:49.814 I/Advanced(11433): [QUEUE] share_queue_sendEx size:1 4097 47 0x8e783f30,postLoopId:0,dstid:1.
11-06 16:41:49.814 D/[blink]FrameView(11433): [updateLifecyclePhasesInternal] end... this:0x55645ae0
11-06 16:41:49.824 D/[cc]ProxyMain(11433): [BeginMainFrame] cc.BeginMainFrame this:0x9f6cc588
11-06 16:41:49.825 D/[cc]LayerTreeHost(11433): [AnimateLayers] AnimateLayers monotonic_time=8912582976
11-06 16:41:49.825 D/[blink]FrameView(11433): [updateStyleAndLayoutIfNeededRecursiveInternal] in... this:0x55645ae0.
11-06 16:41:49.825 D/[blink]FrameView(11433): [updateStyleAndLayoutIfNeededRecursiveInternal] in... this:0x5564bf78.
11-06 16:41:49.825 D/[blink]FrameView(11433): [updateStyleAndLayoutIfNeededRecursiveInternal] end... this:0x5564bf78.
11-06 16:41:49.825 D/[blink]FrameView(11433): [updateStyleAndLayoutIfNeededRecursiveInternal] end... this:0x55645ae0.
11-06 16:41:49.825 D/[blink]FrameView(11433): [updateLifecyclePhasesInternal] in... this:0x55645ae0, targetState=18
11-06 16:41:49.825 D/[blink]FrameView(11433): [updateLifecyclePhasesInternal] call compositor()->updateIfNeededRecursive()!
11-06 16:41:49.825 D/[blink]FrameView(11433): [updateLifecyclePhasesInternal] end... this:0x55645ae0
11-06 16:41:49.841 D/[cc]ProxyMain(11433): [BeginMainFrame] cc.BeginMainFrame this:0x9f6cc588
11-06 16:41:49.841 D/[cc]LayerTreeHost(11433): [AnimateLayers] AnimateLayers monotonic_time=8912599643
11-06 16:41:49.841 D/[blink]FrameView(11433): [updateStyleAndLayoutIfNeededRecursiveInternal] in... this:0x55645ae0.
11-06 16:41:49.841 D/[blink]FrameView(11433): [updateStyleAndLayoutIfNeededRecursiveInternal] in... this:0x5564bf78.
11-06 16:41:49.841 D/[blink]FrameView(11433): [updateStyleAndLayoutIfNeededRecursiveInternal] end... this:0x5564bf78.
11-06 16:41:49.841 D/[blink]FrameView(11433): [updateStyleAndLayoutIfNeededRecursiveInternal] end... this:0x55645ae0.
11-06 16:41:49.841 D/[blink]FrameView(11433): [updateLifecyclePhasesInternal] in... this:0x55645ae0, targetState=18
11-06 16:41:49.841 D/[blink]FrameView(11433): [updateLifecyclePhasesInternal] call compositor()->updateIfNeededRecursive()!
11-06 16:41:49.841 D/[blink]FrameView(11433): [updateLifecyclePhasesInternal] end... this:0x55645ae0
11-06 16:41:49.858 D/[cc]ProxyMain(11433): [BeginMainFrame] cc.BeginMainFrame this:0x9f6cc588
11-06 16:41:49.858 D/[cc]LayerTreeHost(11433): [AnimateLayers] AnimateLayers monotonic_time=8912616310
11-06 16:41:49.858 D/[blink]FrameView(11433): [updateStyleAndLayoutIfNeededRecursiveInternal] in... this:0x55645ae0.
11-06 16:41:49.858 D/[blink]FrameView(11433): [updateStyleAndLayoutIfNeededRecursiveInternal] in... this:0x5564bf78.
11-06 16:41:49.858 D/[blink]FrameView(11433): [updateStyleAndLayoutIfNeededRecursiveInternal] end... this:0x5564bf78.
11-06 16:41:49.858 D/[blink]FrameView(11433): [updateStyleAndLayoutIfNeededRecursiveInternal] end... this:0x55645ae0.
11-06 16:41:49.858 D/[blink]FrameView(11433): [updateLifecyclePhasesInternal] in... this:0x55645ae0, targetState=18
11-06 16:41:49.858 D/[blink]FrameView(11433): [updateLifecyclePhasesInternal] call compositor()->updateIfNeededRecursive()!
11-06 16:41:49.858 D/[blink]FrameView(11433): [updateLifecyclePhasesInternal] end... this:0x55645ae0
11-06 16:41:49.874 D/[cc]ProxyMain(11433): [BeginMainFrame] cc.BeginMainFrame this:0x9f6cc588
11-06 16:41:49.875 D/[cc]LayerTreeHost(11433): [AnimateLayers] AnimateLayers monotonic_time=8912632976
11-06 16:41:49.875 D/[blink]FrameView(11433): [updateStyleAndLayoutIfNeededRecursiveInternal] in... this:0x55645ae0.
11-06 16:41:49.875 D/[blink]FrameView(11433): [updateStyleAndLayoutIfNeededRecursiveInternal] in... this:0x5564bf78.
11-06 16:41:49.875 D/[blink]FrameView(11433): [updateStyleAndLayoutIfNeededRecursiveInternal] end... this:0x5564bf78.
11-06 16:41:49.875 D/[blink]FrameView(11433): [updateStyleAndLayoutIfNeededRecursiveInternal] end... this:0x55645ae0.
11-06 16:41:49.875 D/[blink]FrameView(11433): [updateLifecyclePhasesInternal] in... this:0x55645ae0, targetState=18
11-06 16:41:49.875 D/[blink]FrameView(11433): [updateLifecyclePhasesInternal] call compositor()->updateIfNeededRecursive()!
11-06 16:41:49.875 D/[blink]FrameView(11433): [updateLifecyclePhasesInternal] end... this:0x55645ae0
11-06 16:41:49.889 D/[blink]DOMTimer(11433): [fired] 0x55650b28 timeout fired.
11-06 16:41:49.889 D/ScriptController(11433): [executeScriptAndReturnValue] [V8] evaluate Script start. frame=0x4cf21a48 url= line=1. source length=22
11-06 16:41:49.890 D/iPanel  (11433): iPanel.debug("checkOverlayCreated")
11-06 16:41:49.890 D/[blink]DOMTimer(11433): [DOMTimer] 0x55650c60 setTimeout 300ms, repeat:0.
11-06 16:41:49.890 D/ScriptController(11433): [executeScriptAndReturnValue] [V8] evaluate Script end. frame=0x4cf21a48 
11-06 16:41:49.891 D/[cc]ProxyMain(11433): [BeginMainFrame] cc.BeginMainFrame this:0x9f6cc588
11-06 16:41:49.891 D/[cc]LayerTreeHost(11433): [AnimateLayers] AnimateLayers monotonic_time=8912649643
11-06 16:41:49.891 D/[blink]FrameView(11433): [updateStyleAndLayoutIfNeededRecursiveInternal] in... this:0x55645ae0.
11-06 16:41:49.891 D/[blink]FrameView(11433): [updateStyleAndLayoutIfNeededRecursiveInternal] in... this:0x5564bf78.
11-06 16:41:49.891 D/[blink]FrameView(11433): [updateStyleAndLayoutIfNeededRecursiveInternal] end... this:0x5564bf78.
11-06 16:41:49.891 D/[blink]FrameView(11433): [updateStyleAndLayoutIfNeededRecursiveInternal] end... this:0x55645ae0.
11-06 16:41:49.891 D/[blink]FrameView(11433): [updateLifecyclePhasesInternal] in... this:0x55645ae0, targetState=18
11-06 16:41:49.891 D/[blink]FrameView(11433): [updateLifecyclePhasesInternal] call compositor()->updateIfNeededRecursive()!
11-06 16:41:49.892 D/[blink]FrameView(11433): [updateLifecyclePhasesInternal] end... this:0x55645ae0
11-06 16:41:49.908 D/[cc]ProxyMain(11433): [BeginMainFrame] cc.BeginMainFrame this:0x9f6cc588
11-06 16:41:49.908 D/[cc]LayerTreeHost(11433): [AnimateLayers] AnimateLayers monotonic_time=8912666310
11-06 16:41:49.908 D/[blink]FrameView(11433): [updateStyleAndLayoutIfNeededRecursiveInternal] in... this:0x55645ae0.
11-06 16:41:49.908 D/[blink]FrameView(11433): [updateStyleAndLayoutIfNeededRecursiveInternal] in... this:0x5564bf78.
11-06 16:41:49.908 D/[blink]FrameView(11433): [updateStyleAndLayoutIfNeededRecursiveInternal] end... this:0x5564bf78.
11-06 16:41:49.908 D/[blink]FrameView(11433): [updateStyleAndLayoutIfNeededRecursiveInternal] end... this:0x55645ae0.
11-06 16:41:49.908 D/[blink]FrameView(11433): [updateLifecyclePhasesInternal] in... this:0x55645ae0, targetState=18
11-06 16:41:49.908 D/[blink]FrameView(11433): [updateLifecyclePhasesInternal] call compositor()->updateIfNeededRecursive()!
11-06 16:41:49.908 D/[blink]FrameView(11433): [updateLifecyclePhasesInternal] end... this:0x55645ae0
11-06 16:41:49.929 D/[cc]ProxyMain(11433): [BeginMainFrame] cc.BeginMainFrame this:0x9f6cc588
11-06 16:41:49.929 D/[cc]LayerTreeHost(11433): [AnimateLayers] AnimateLayers monotonic_time=8912682976
11-06 16:41:49.929 D/[blink]FrameView(11433): [updateStyleAndLayoutIfNeededRecursiveInternal] in... this:0x55645ae0.
11-06 16:41:49.929 D/[blink]FrameView(11433): [updateStyleAndLayoutIfNeededRecursiveInternal] in... this:0x5564bf78.
11-06 16:41:49.929 D/[blink]FrameView(11433): [updateStyleAndLayoutIfNeededRecursiveInternal] end... this:0x5564bf78.
11-06 16:41:49.929 D/[blink]FrameView(11433): [updateStyleAndLayoutIfNeededRecursiveInternal] end... this:0x55645ae0.
11-06 16:41:49.929 D/[blink]FrameView(11433): [updateLifecyclePhasesInternal] in... this:0x55645ae0, targetState=18
11-06 16:41:49.929 D/[blink]FrameView(11433): [updateLifecyclePhasesInternal] call compositor()->updateIfNeededRecursive()!
11-06 16:41:49.929 D/[blink]FrameView(11433): [updateLifecyclePhasesInternal] end... this:0x55645ae0
11-06 16:41:49.931 D/[blink]memoryCache(11433): [evict] remove:http://10.14.41.246/application/bxfc/js/config.js
11-06 16:41:49.931 D/[blink]memoryCache(11433): [evict] remove:http://10.14.41.246/application/bxfc/js/keyevent.js
11-06 16:41:49.931 D/[blink]memoryCache(11433): [evict] remove:http://10.14.41.245:13160/media/series/get_info?accesstoken=R59FFFEA3U2082D029K53724E14I5A2A0E0AP8M2FAF082WDBB9FCABF31&pageidx=1&pagenum=200&postersize=320x400%257C500x280&&seriesid=300000286
11-06 16:41:49.931 D/[blink]memoryCache(11433): [evict] remove:http://10.14.41.246/application/bxfc/images/pic1_04.jpg
11-06 16:41:49.931 D/[blink]memoryCache(11433): [evict] remove:http://slave.tvos_cf96066.cn:13160/poster/movie/100000501/375x210_1.jpg
11-06 16:41:49.931 D/[blink]memoryCache(11433): [evict] remove:http://10.14.41.246/application/bxfc/images/icon_bg3.png
11-06 16:41:49.931 D/[blink]memoryCache(11433): [evict] remove:http://slave.tvos_cf96066.cn:13160/poster/movie/100000494/375x210_1.jpg
11-06 16:41:49.931 D/[blink]memoryCache(11433): [evict] remove:http://10.14.41.246/application/bxfc/images/bg1.jpg
11-06 16:41:49.931 D/[blink]memoryCache(11433): [evict] remove:http://10.14.41.246/application/bxfc/js/sportFrame.js
11-06 16:41:49.931 D/[blink]memoryCache(11433): [evict] remove:http://10.14.41.246/application/bxfc/images/pic1_03_3.jpg
11-06 16:41:49.931 D/[blink]memoryCache(11433): [evict] remove:http://10.14.41.246/application/bxfc/images/icon1_01.png
11-06 16:41:49.931 D/[blink]memoryCache(11433): [evict] remove:http://10.14.41.246/application/bxfc/images/icon1_03.png
11-06 16:41:49.931 D/[blink]memoryCache(11433): [evict] remove:http://10.14.41.246/application/bxfc/images/pic1_09.jpg
11-06 16:41:49.931 D/[blink]memoryCache(11433): [evict] remove:http://10.14.41.246/application/bxfc/images/pic1_08.jpg
11-06 16:41:49.931 D/[blink]memoryCache(11433): [evict] remove:http://10.14.41.245:13160/homed/programtype/get_list?accesstoken=R59FFFEA3U2082D029K53724E14I5A2A0E0AP8M2FAF082WDBB9FCABF31&label=286&depth=2
11-06 16:41:49.931 D/[blink]memoryCache(11433): [evict] remove:http://10.14.41.246/application/bxfc/js/common.js
11-06 16:41:49.931 D/[blink]memoryCache(11433): [evict] remove:http://10.14.41.246/application/bxfc/images/pic1_06.jpg
11-06 16:41:49.931 D/[blink]memoryCache(11433): [evict] remove:http://10.14.41.246/application/bxfc/images/pic1_07.jpg
11-06 16:41:49.931 D/[blink]memoryCache(11433): [evict] remove:http://slave.tvos_cf96066.cn:13160/poster/movie/100000509/375x210_1.jpg
11-06 16:41:49.931 D/[blink]memoryCache(11433): [evict] remove:http://10.14.41.246/application/bxfc/images/pic1_03_1.jpg
11-06 16:41:49.931 D/[blink]memoryCache(11433): [evict] remove:http://10.14.41.246/application/bxfc/images/pic1_03_2.jpg
11-06 16:41:49.931 D/[blink]memoryCache(11433): [evict] remove:http://10.14.41.246/application/bxfc/js/homedconfig.js
11-06 16:41:49.931 D/[blink]memoryCache(11433): [evict] remove:http://10.14.41.246/application/bxfc/images/pic1_05.jpg
11-06 16:41:49.931 D/[blink]memoryCache(11433): [evict] remove:http://10.14.41.246/application/bxfc/images/icon1_02.png
11-06 16:41:49.931 D/[blink]memoryCache(11433): [evict] remove:http://10.14.41.245:13160/homed/program/get_list?accesstoken=R59FFFEA3U2082D029K53724E14I5A2A0E0AP8M2FAF082WDBB9FCABF31&label=287&pageidx=1&pagenum=20&depth=2
11-06 16:41:49.932 D/[blink]FrameView(11433): [~FrameView] destroy FrameView frame=0x4d042250 frame view=0x55646358
11-06 16:41:49.941 D/[cc]ProxyMain(11433): [BeginMainFrame] cc.BeginMainFrame this:0x9f6cc588
11-06 16:41:49.941 D/[cc]LayerTreeHost(11433): [AnimateLayers] AnimateLayers monotonic_time=8912699643
11-06 16:41:49.941 D/[blink]FrameView(11433): [updateStyleAndLayoutIfNeededRecursiveInternal] in... this:0x55645ae0.
11-06 16:41:49.941 D/[blink]FrameView(11433): [updateStyleAndLayoutIfNeededRecursiveInternal] in... this:0x5564bf78.
11-06 16:41:49.942 D/[blink]FrameView(11433): [updateStyleAndLayoutIfNeededRecursiveInternal] end... this:0x5564bf78.
11-06 16:41:49.942 D/[blink]FrameView(11433): [updateStyleAndLayoutIfNeededRecursiveInternal] end... this:0x55645ae0.
11-06 16:41:49.942 D/[blink]FrameView(11433): [updateLifecyclePhasesInternal] in... this:0x55645ae0, targetState=18
11-06 16:41:49.942 D/[blink]FrameView(11433): [updateLifecyclePhasesInternal] call compositor()->updateIfNeededRecursive()!
11-06 16:41:49.942 D/[blink]FrameView(11433): [updateLifecyclePhasesInternal] end... this:0x55645ae0
11-06 16:41:49.958 D/[cc]ProxyMain(11433): [BeginMainFrame] cc.BeginMainFrame this:0x9f6cc588
11-06 16:41:49.958 D/[cc]LayerTreeHost(11433): [AnimateLayers] AnimateLayers monotonic_time=8912716310
11-06 16:41:49.958 D/[blink]FrameView(11433): [updateStyleAndLayoutIfNeededRecursiveInternal] in... this:0x55645ae0.
11-06 16:41:49.958 D/[blink]FrameView(11433): [updateStyleAndLayoutIfNeededRecursiveInternal] in... this:0x5564bf78.
11-06 16:41:49.958 D/[blink]FrameView(11433): [updateStyleAndLayoutIfNeededRecursiveInternal] end... this:0x5564bf78.
11-06 16:41:49.958 D/[blink]FrameView(11433): [updateStyleAndLayoutIfNeededRecursiveInternal] end... this:0x55645ae0.
11-06 16:41:49.958 D/[blink]FrameView(11433): [updateLifecyclePhasesInternal] in... this:0x55645ae0, targetState=18
11-06 16:41:49.958 D/[blink]FrameView(11433): [updateLifecyclePhasesInternal] call compositor()->updateIfNeededRecursive()!
11-06 16:41:49.958 D/[blink]FrameView(11433): [updateLifecyclePhasesInternal] end... this:0x55645ae0
11-06 16:41:49.974 D/[cc]ProxyMain(11433): [BeginMainFrame] cc.BeginMainFrame this:0x9f6cc588
11-06 16:41:49.974 D/[cc]LayerTreeHost(11433): [AnimateLayers] AnimateLayers monotonic_time=8912732976
11-06 16:41:49.974 D/[blink]FrameView(11433): [updateStyleAndLayoutIfNeededRecursiveInternal] in... this:0x55645ae0.
11-06 16:41:49.974 D/[blink]FrameView(11433): [updateStyleAndLayoutIfNeededRecursiveInternal] in... this:0x5564bf78.
11-06 16:41:49.974 D/[blink]FrameView(11433): [updateStyleAndLayoutIfNeededRecursiveInternal] end... this:0x5564bf78.
11-06 16:41:49.974 D/[blink]FrameView(11433): [updateStyleAndLayoutIfNeededRecursiveInternal] end... this:0x55645ae0.
11-06 16:41:49.974 D/[blink]FrameView(11433): [updateLifecyclePhasesInternal] in... this:0x55645ae0, targetState=18
11-06 16:41:49.974 D/[blink]FrameView(11433): [updateLifecyclePhasesInternal] call compositor()->updateIfNeededRecursive()!
11-06 16:41:49.975 D/[blink]FrameView(11433): [updateLifecyclePhasesInternal] end... this:0x55645ae0
11-06 16:41:49.991 D/[cc]ProxyMain(11433): [BeginMainFrame] cc.BeginMainFrame this:0x9f6cc588
11-06 16:41:49.991 D/[cc]LayerTreeHost(11433): [AnimateLayers] AnimateLayers monotonic_time=8912749643
11-06 16:41:49.991 D/[blink]FrameView(11433): [updateStyleAndLayoutIfNeededRecursiveInternal] in... this:0x55645ae0.
11-06 16:41:49.991 D/[blink]FrameView(11433): [updateStyleAndLayoutIfNeededRecursiveInternal] in... this:0x5564bf78.
11-06 16:41:49.991 D/[blink]FrameView(11433): [updateStyleAndLayoutIfNeededRecursiveInternal] end... this:0x5564bf78.
11-06 16:41:49.991 D/[blink]FrameView(11433): [updateStyleAndLayoutIfNeededRecursiveInternal] end... this:0x55645ae0.
11-06 16:41:49.991 D/[blink]FrameView(11433): [updateLifecyclePhasesInternal] in... this:0x55645ae0, targetState=18
11-06 16:41:49.991 D/[blink]FrameView(11433): [updateLifecyclePhasesInternal] call compositor()->updateIfNeededRecursive()!
11-06 16:41:49.991 D/[blink]FrameView(11433): [updateLifecyclePhasesInternal] end... this:0x55645ae0
11-06 16:41:50.007 D/[cc]ProxyMain(11433): [BeginMainFrame] cc.BeginMainFrame this:0x9f6cc588
11-06 16:41:50.008 D/[cc]LayerTreeHost(11433): [AnimateLayers] AnimateLayers monotonic_time=8912766310
11-06 16:41:50.008 D/[blink]FrameView(11433): [updateStyleAndLayoutIfNeededRecursiveInternal] in... this:0x55645ae0.
11-06 16:41:50.008 D/[blink]FrameView(11433): [updateStyleAndLayoutIfNeededRecursiveInternal] in... this:0x5564bf78.
11-06 16:41:50.008 D/[blink]FrameView(11433): [updateStyleAndLayoutIfNeededRecursiveInternal] end... this:0x5564bf78.
11-06 16:41:50.008 D/[blink]FrameView(11433): [updateStyleAndLayoutIfNeededRecursiveInternal] end... this:0x55645ae0.
11-06 16:41:50.008 D/[blink]FrameView(11433): [updateLifecyclePhasesInternal] in... this:0x55645ae0, targetState=18
11-06 16:41:50.008 D/[blink]FrameView(11433): [updateLifecyclePhasesInternal] call compositor()->updateIfNeededRecursive()!
11-06 16:41:50.008 D/[blink]FrameView(11433): [updateLifecyclePhasesInternal] end... this:0x55645ae0
11-06 16:41:50.014 I/Advanced(11433): [QUEUE] share_queue_sendEx size:1 4097 48 0x8e783f30,postLoopId:0,dstid:1.
11-06 16:41:50.025 D/[cc]ProxyMain(11433): [BeginMainFrame] cc.BeginMainFrame this:0x9f6cc588
11-06 16:41:50.025 D/[cc]LayerTreeHost(11433): [AnimateLayers] AnimateLayers monotonic_time=8912782976
11-06 16:41:50.025 D/[blink]FrameView(11433): [updateStyleAndLayoutIfNeededRecursiveInternal] in... this:0x55645ae0.
11-06 16:41:50.025 D/[blink]FrameView(11433): [updateStyleAndLayoutIfNeededRecursiveInternal] in... this:0x5564bf78.
11-06 16:41:50.025 D/[blink]FrameView(11433): [updateStyleAndLayoutIfNeededRecursiveInternal] end... this:0x5564bf78.
11-06 16:41:50.025 D/[blink]FrameView(11433): [updateStyleAndLayoutIfNeededRecursiveInternal] end... this:0x55645ae0.
11-06 16:41:50.025 D/[blink]FrameView(11433): [updateLifecyclePhasesInternal] in... this:0x55645ae0, targetState=18
11-06 16:41:50.026 D/[blink]FrameView(11433): [updateLifecyclePhasesInternal] call compositor()->updateIfNeededRecursive()!
11-06 16:41:50.026 D/[blink]FrameView(11433): [updateLifecyclePhasesInternal] end... this:0x55645ae0
11-06 16:41:50.042 D/[cc]ProxyMain(11433): [BeginMainFrame] cc.BeginMainFrame this:0x9f6cc588
11-06 16:41:50.042 D/[cc]LayerTreeHost(11433): [AnimateLayers] AnimateLayers monotonic_time=8912799643
11-06 16:41:50.042 D/[blink]FrameView(11433): [updateStyleAndLayoutIfNeededRecursiveInternal] in... this:0x55645ae0.
11-06 16:41:50.042 D/[blink]FrameView(11433): [updateStyleAndLayoutIfNeededRecursiveInternal] in... this:0x5564bf78.
11-06 16:41:50.042 D/[blink]FrameView(11433): [updateStyleAndLayoutIfNeededRecursiveInternal] end... this:0x5564bf78.
11-06 16:41:50.042 D/[blink]FrameView(11433): [updateStyleAndLayoutIfNeededRecursiveInternal] end... this:0x55645ae0.
11-06 16:41:50.042 D/[blink]FrameView(11433): [updateLifecyclePhasesInternal] in... this:0x55645ae0, targetState=18
11-06 16:41:50.042 D/[blink]FrameView(11433): [updateLifecyclePhasesInternal] call compositor()->updateIfNeededRecursive()!
11-06 16:41:50.043 D/[blink]FrameView(11433): [updateLifecyclePhasesInternal] end... this:0x55645ae0
11-06 16:41:50.058 D/[cc]ProxyMain(11433): [BeginMainFrame] cc.BeginMainFrame this:0x9f6cc588
11-06 16:41:50.059 D/[cc]LayerTreeHost(11433): [AnimateLayers] AnimateLayers monotonic_time=8912816310
11-06 16:41:50.059 D/[blink]FrameView(11433): [updateStyleAndLayoutIfNeededRecursiveInternal] in... this:0x55645ae0.
11-06 16:41:50.059 D/[blink]FrameView(11433): [updateStyleAndLayoutIfNeededRecursiveInternal] in... this:0x5564bf78.
11-06 16:41:50.059 D/[blink]FrameView(11433): [updateStyleAndLayoutIfNeededRecursiveInternal] end... this:0x5564bf78.
11-06 16:41:50.059 D/[blink]FrameView(11433): [updateStyleAndLayoutIfNeededRecursiveInternal] end... this:0x55645ae0.
11-06 16:41:50.059 D/[blink]FrameView(11433): [updateLifecyclePhasesInternal] in... this:0x55645ae0, targetState=18
11-06 16:41:50.059 D/[blink]FrameView(11433): [updateLifecyclePhasesInternal] call compositor()->updateIfNeededRecursive()!
11-06 16:41:50.059 D/[blink]FrameView(11433): [updateLifecyclePhasesInternal] end... this:0x55645ae0
11-06 16:41:50.075 D/[cc]ProxyMain(11433): [BeginMainFrame] cc.BeginMainFrame this:0x9f6cc588
11-06 16:41:50.075 D/[cc]LayerTreeHost(11433): [AnimateLayers] AnimateLayers monotonic_time=8912832976
11-06 16:41:50.075 D/[blink]FrameView(11433): [updateStyleAndLayoutIfNeededRecursiveInternal] in... this:0x55645ae0.
11-06 16:41:50.075 D/[blink]FrameView(11433): [updateStyleAndLayoutIfNeededRecursiveInternal] in... this:0x5564bf78.
11-06 16:41:50.076 D/[blink]FrameView(11433): [updateStyleAndLayoutIfNeededRecursiveInternal] end... this:0x5564bf78.
11-06 16:41:50.076 D/[blink]FrameView(11433): [updateStyleAndLayoutIfNeededRecursiveInternal] end... this:0x55645ae0.
11-06 16:41:50.076 D/[blink]FrameView(11433): [updateLifecyclePhasesInternal] in... this:0x55645ae0, targetState=18
11-06 16:41:50.076 D/[blink]FrameView(11433): [updateLifecyclePhasesInternal] call compositor()->updateIfNeededRecursive()!
11-06 16:41:50.076 D/[blink]FrameView(11433): [updateLifecyclePhasesInternal] end... this:0x55645ae0
11-06 16:41:50.092 D/[cc]ProxyMain(11433): [BeginMainFrame] cc.BeginMainFrame this:0x9f6cc588
11-06 16:41:50.092 D/[cc]LayerTreeHost(11433): [AnimateLayers] AnimateLayers monotonic_time=8912849643
11-06 16:41:50.092 D/[blink]FrameView(11433): [updateStyleAndLayoutIfNeededRecursiveInternal] in... this:0x55645ae0.
11-06 16:41:50.092 D/[blink]FrameView(11433): [updateStyleAndLayoutIfNeededRecursiveInternal] in... this:0x5564bf78.
11-06 16:41:50.093 D/[blink]FrameView(11433): [updateStyleAndLayoutIfNeededRecursiveInternal] end... this:0x5564bf78.
11-06 16:41:50.093 D/[blink]FrameView(11433): [updateStyleAndLayoutIfNeededRecursiveInternal] end... this:0x55645ae0.
11-06 16:41:50.093 D/[blink]FrameView(11433): [updateLifecyclePhasesInternal] in... this:0x55645ae0, targetState=18
11-06 16:41:50.093 D/[blink]FrameView(11433): [updateLifecyclePhasesInternal] call compositor()->updateIfNeededRecursive()!
11-06 16:41:50.093 D/[blink]FrameView(11433): [updateLifecyclePhasesInternal] end... this:0x55645ae0
11-06 16:41:50.109 D/[cc]ProxyMain(11433): [BeginMainFrame] cc.BeginMainFrame this:0x9f6cc588
11-06 16:41:50.109 D/[cc]LayerTreeHost(11433): [AnimateLayers] AnimateLayers monotonic_time=8912866310
11-06 16:41:50.109 D/[blink]FrameView(11433): [updateStyleAndLayoutIfNeededRecursiveInternal] in... this:0x55645ae0.
11-06 16:41:50.109 D/[blink]FrameView(11433): [updateStyleAndLayoutIfNeededRecursiveInternal] in... this:0x5564bf78.
11-06 16:41:50.110 D/[blink]FrameView(11433): [updateStyleAndLayoutIfNeededRecursiveInternal] end... this:0x5564bf78.
11-06 16:41:50.110 D/[blink]FrameView(11433): [updateStyleAndLayoutIfNeededRecursiveInternal] end... this:0x55645ae0.
11-06 16:41:50.110 D/[blink]FrameView(11433): [updateLifecyclePhasesInternal] in... this:0x55645ae0, targetState=18
11-06 16:41:50.110 D/[blink]FrameView(11433): [updateLifecyclePhasesInternal] call compositor()->updateIfNeededRecursive()!
11-06 16:41:50.110 D/[blink]FrameView(11433): [updateLifecyclePhasesInternal] end... this:0x55645ae0
11-06 16:41:50.125 D/[cc]ProxyMain(11433): [BeginMainFrame] cc.BeginMainFrame this:0x9f6cc588
11-06 16:41:50.126 D/[cc]LayerTreeHost(11433): [AnimateLayers] AnimateLayers monotonic_time=8912882976
11-06 16:41:50.126 D/[blink]FrameView(11433): [updateStyleAndLayoutIfNeededRecursiveInternal] in... this:0x55645ae0.
11-06 16:41:50.126 D/[blink]FrameView(11433): [updateStyleAndLayoutIfNeededRecursiveInternal] in... this:0x5564bf78.
11-06 16:41:50.126 D/[blink]FrameView(11433): [updateStyleAndLayoutIfNeededRecursiveInternal] end... this:0x5564bf78.
11-06 16:41:50.126 D/[blink]FrameView(11433): [updateStyleAndLayoutIfNeededRecursiveInternal] end... this:0x55645ae0.
11-06 16:41:50.126 D/[blink]FrameView(11433): [updateLifecyclePhasesInternal] in... this:0x55645ae0, targetState=18
11-06 16:41:50.126 D/[blink]FrameView(11433): [updateLifecyclePhasesInternal] call compositor()->updateIfNeededRecursive()!
11-06 16:41:50.127 D/[blink]FrameView(11433): [updateLifecyclePhasesInternal] end... this:0x55645ae0
11-06 16:41:50.142 D/[cc]ProxyMain(11433): [BeginMainFrame] cc.BeginMainFrame this:0x9f6cc588
11-06 16:41:50.142 D/[cc]LayerTreeHost(11433): [AnimateLayers] AnimateLayers monotonic_time=8912899643
11-06 16:41:50.142 D/[blink]FrameView(11433): [updateStyleAndLayoutIfNeededRecursiveInternal] in... this:0x55645ae0.
11-06 16:41:50.142 D/[blink]FrameView(11433): [updateStyleAndLayoutIfNeededRecursiveInternal] in... this:0x5564bf78.
11-06 16:41:50.143 D/[blink]FrameView(11433): [updateStyleAndLayoutIfNeededRecursiveInternal] end... this:0x5564bf78.
11-06 16:41:50.143 D/[blink]FrameView(11433): [updateStyleAndLayoutIfNeededRecursiveInternal] end... this:0x55645ae0.
11-06 16:41:50.143 D/[blink]FrameView(11433): [updateLifecyclePhasesInternal] in... this:0x55645ae0, targetState=18
11-06 16:41:50.143 D/[blink]FrameView(11433): [updateLifecyclePhasesInternal] call compositor()->updateIfNeededRecursive()!
11-06 16:41:50.143 D/[blink]FrameView(11433): [updateLifecyclePhasesInternal] end... this:0x55645ae0
11-06 16:41:50.158 D/[cc]ProxyMain(11433): [BeginMainFrame] cc.BeginMainFrame this:0x9f6cc588
11-06 16:41:50.159 D/[cc]LayerTreeHost(11433): [AnimateLayers] AnimateLayers monotonic_time=8912916310
11-06 16:41:50.159 D/[blink]FrameView(11433): [updateStyleAndLayoutIfNeededRecursiveInternal] in... this:0x55645ae0.
11-06 16:41:50.159 D/[blink]FrameView(11433): [updateStyleAndLayoutIfNeededRecursiveInternal] in... this:0x5564bf78.
11-06 16:41:50.159 D/[blink]FrameView(11433): [updateStyleAndLayoutIfNeededRecursiveInternal] end... this:0x5564bf78.
11-06 16:41:50.159 D/[blink]FrameView(11433): [updateStyleAndLayoutIfNeededRecursiveInternal] end... this:0x55645ae0.
11-06 16:41:50.159 D/[blink]FrameView(11433): [updateLifecyclePhasesInternal] in... this:0x55645ae0, targetState=18
11-06 16:41:50.159 D/[blink]FrameView(11433): [updateLifecyclePhasesInternal] call compositor()->updateIfNeededRecursive()!
11-06 16:41:50.160 D/[blink]FrameView(11433): [updateLifecyclePhasesInternal] end... this:0x55645ae0
11-06 16:41:50.175 D/[cc]ProxyMain(11433): [BeginMainFrame] cc.BeginMainFrame this:0x9f6cc588
11-06 16:41:50.175 D/[cc]LayerTreeHost(11433): [AnimateLayers] AnimateLayers monotonic_time=8912932976
11-06 16:41:50.175 D/[blink]FrameView(11433): [updateStyleAndLayoutIfNeededRecursiveInternal] in... this:0x55645ae0.
11-06 16:41:50.175 D/[blink]FrameView(11433): [updateStyleAndLayoutIfNeededRecursiveInternal] in... this:0x5564bf78.
11-06 16:41:50.176 D/[blink]FrameView(11433): [updateStyleAndLayoutIfNeededRecursiveInternal] end... this:0x5564bf78.
11-06 16:41:50.176 D/[blink]FrameView(11433): [updateStyleAndLayoutIfNeededRecursiveInternal] end... this:0x55645ae0.
11-06 16:41:50.176 D/[blink]FrameView(11433): [updateLifecyclePhasesInternal] in... this:0x55645ae0, targetState=18
11-06 16:41:50.176 D/[blink]FrameView(11433): [updateLifecyclePhasesInternal] call compositor()->updateIfNeededRecursive()!
11-06 16:41:50.176 D/[blink]FrameView(11433): [updateLifecyclePhasesInternal] end... this:0x55645ae0
11-06 16:41:50.190 D/[blink]DOMTimer(11433): [fired] 0x55650c60 timeout fired.
11-06 16:41:50.190 D/ScriptController(11433): [executeScriptAndReturnValue] [V8] evaluate Script start. frame=0x4cf21a48 url= line=1. source length=22
11-06 16:41:50.190 D/iPanel  (11433): iPanel.debug("checkOverlayCreated")
11-06 16:41:50.190 D/[blink]DOMTimer(11433): [DOMTimer] 0x55650cd0 setTimeout 300ms, repeat:0.
11-06 16:41:50.191 D/ScriptController(11433): [executeScriptAndReturnValue] [V8] evaluate Script end. frame=0x4cf21a48 
11-06 16:41:50.191 D/[cc]ProxyMain(11433): [BeginMainFrame] cc.BeginMainFrame this:0x9f6cc588
11-06 16:41:50.192 D/[cc]LayerTreeHost(11433): [AnimateLayers] AnimateLayers monotonic_time=8912949643
11-06 16:41:50.192 D/[blink]FrameView(11433): [updateStyleAndLayoutIfNeededRecursiveInternal] in... this:0x55645ae0.
11-06 16:41:50.192 D/[blink]FrameView(11433): [updateStyleAndLayoutIfNeededRecursiveInternal] in... this:0x5564bf78.
11-06 16:41:50.192 D/[blink]FrameView(11433): [updateStyleAndLayoutIfNeededRecursiveInternal] end... this:0x5564bf78.
11-06 16:41:50.193 D/[blink]FrameView(11433): [updateStyleAndLayoutIfNeededRecursiveInternal] end... this:0x55645ae0.
11-06 16:41:50.193 D/[blink]FrameView(11433): [updateLifecyclePhasesInternal] in... this:0x55645ae0, targetState=18
11-06 16:41:50.193 D/[blink]FrameView(11433): [updateLifecyclePhasesInternal] call compositor()->updateIfNeededRecursive()!
11-06 16:41:50.193 D/[blink]FrameView(11433): [updateLifecyclePhasesInternal] end... this:0x55645ae0
11-06 16:41:50.208 D/[cc]ProxyMain(11433): [BeginMainFrame] cc.BeginMainFrame this:0x9f6cc588
11-06 16:41:50.209 D/[cc]LayerTreeHost(11433): [AnimateLayers] AnimateLayers monotonic_time=8912966310
11-06 16:41:50.209 D/[blink]FrameView(11433): [updateStyleAndLayoutIfNeededRecursiveInternal] in... this:0x55645ae0.
11-06 16:41:50.209 D/[blink]FrameView(11433): [updateStyleAndLayoutIfNeededRecursiveInternal] in... this:0x5564bf78.
11-06 16:41:50.209 D/[blink]FrameView(11433): [updateStyleAndLayoutIfNeededRecursiveInternal] end... this:0x5564bf78.
11-06 16:41:50.209 D/[blink]FrameView(11433): [updateStyleAndLayoutIfNeededRecursiveInternal] end... this:0x55645ae0.
11-06 16:41:50.209 D/[blink]FrameView(11433): [updateLifecyclePhasesInternal] in... this:0x55645ae0, targetState=18
11-06 16:41:50.209 D/[blink]FrameView(11433): [updateLifecyclePhasesInternal] call compositor()->updateIfNeededRecursive()!
11-06 16:41:50.210 D/[blink]FrameView(11433): [updateLifecyclePhasesInternal] end... this:0x55645ae0
11-06 16:41:50.225 D/[cc]ProxyMain(11433): [BeginMainFrame] cc.BeginMainFrame this:0x9f6cc588
11-06 16:41:50.225 D/[cc]LayerTreeHost(11433): [AnimateLayers] AnimateLayers monotonic_time=8912982976
11-06 16:41:50.226 D/[blink]FrameView(11433): [updateStyleAndLayoutIfNeededRecursiveInternal] in... this:0x55645ae0.
11-06 16:41:50.226 D/[blink]FrameView(11433): [updateStyleAndLayoutIfNeededRecursiveInternal] in... this:0x5564bf78.
11-06 16:41:50.234 D/[blink]FrameView(11433): [updateStyleAndLayoutIfNeededRecursiveInternal] end... this:0x5564bf78.
11-06 16:41:50.234 D/[blink]FrameView(11433): [updateStyleAndLayoutIfNeededRecursiveInternal] end... this:0x55645ae0.
11-06 16:41:50.234 D/[blink]FrameView(11433): [updateLifecyclePhasesInternal] in... this:0x55645ae0, targetState=18
11-06 16:41:50.235 D/[blink]FrameView(11433): [updateLifecyclePhasesInternal] call compositor()->updateIfNeededRecursive()!
11-06 16:41:50.249 D/[blink]FrameView(11433): [updateLifecyclePhasesInternal] end... this:0x55645ae0
11-06 16:41:50.310 D/BackBootDealerNeimeng( 2355): standbyState:
11-06 16:41:50.310 E/NetUtils( 2021): Interface eth0 LinkDown!
11-06 16:41:50.354 D/ir_user ( 1585): PlayerTimeLineTrace:linux_keycode:0x69(DOWN),	protocol: .
11-06 16:41:50.354 V/PT      ( 1581): >>INFO:irkey_task:[    8913.113083] /dev/input/event0: type=0001 code=0069 val=00000001
11-06 16:41:50.354 V/PT      ( 1581): >>INFO:irkey_send:0x3001 0x0025 down
11-06 16:41:50.354 V/SUMA    ( 1581): ++++++++++++++  _roc_evtmgr_key_cbk 517:input = 12289, event=37, act=0x100
11-06 16:41:50.354 V/SUMA    ( 1581): lxm:_roc_evtmgr_key_cbk 519 8913113
11-06 16:41:50.354 V/SUMA    ( 1581): lxm:_roc_evtmgr_add_evt_into_queue 347 8913113
11-06 16:41:50.354 V/SUMA    ( 1581): ===================>> type=0 src=0 evt=37 act=0x100
11-06 16:41:50.354 V/PT      ( 1581): >>INFO:irkey_task:[    8913.113083] /dev/input/event0: type=0000 code=0000 val=00000000
11-06 16:41:50.354 V/SUMA    ( 1581): [sysset-s][event_manager_cbk 78]lxm cbid=1, cbk_reg=1, cpid=2451
11-06 16:41:50.354 D/NGBEvent( 2451): ngbEventCallBack type:0 source :37
11-06 16:41:50.354 D/NGBEvent( 2451): [NGBEventManager-JNI]-returning:1
11-06 16:41:50.354 D/NGBEvent( 2451): Input key event: keyCode=37
11-06 16:41:50.354 D/NGBEvent( 2451): src:37 = dest:37
11-06 16:41:50.355 I/System.out( 2451): [DEBUG EventManager] LWJ--Add event to java with evt=NgbEvent-[type = 1, subtype = 401, code = 37]
11-06 16:41:50.355 D/NGBEvent( 2451): [NGBEvent_log]--[EventManager--JNI]:		start
11-06 16:41:50.355 I/System.out( 2451): [DEBUG EventManager] broadcastEvent  :len 1
11-06 16:41:50.355 D/CombineKeyUtil( 2451): [TN_pool-1-thread-1]dealKeyEvent,combineIndex:-1:keyCode:21
11-06 16:41:50.355 D/KeyEventNgbDealer( 2451): [TN_pool-1-thread-1]handleKeyPressed keyEvent=NgbEvent-[type = 1, subtype = 401, code = 37],time=8913114
11-06 16:41:50.355 D/RemoteIME(10748): onKeyDown event = KeyEvent { action=ACTION_DOWN, keyCode=KEYCODE_DPAD_LEFT, scanCode=105, metaState=0, flags=0x8, repeatCount=0, eventTime=8913113, downTime=8913113, deviceId=3, source=0x701 },mSkbContainer=null
11-06 16:41:50.356 D/cr_AwTestContainerView(11433): [AwTestContainerView.java:63] [mainFrame]: [unknown] dispatchKeyEvent keyCode = 21 event = KeyEvent { action=ACTION_DOWN, keyCode=KEYCODE_DPAD_LEFT, scanCode=105, metaState=0, flags=0x8, repeatCount=0, eventTime=8913113, downTime=8913113, deviceId=3, source=0x701 }
11-06 16:41:50.356 D/ImeAdapterAndroid(11433): [SendKeyEvent] [BUILD TIME: ] dispatchKeyEvent key_code=21 modifiers=0 unicode_char=0 scan_code=105 is_system=0 tm=8913113
11-06 16:41:50.357 D/RenderWidgetInputHandler(11433): [HandleInputEvent] input_event type=8 name=KeyDown
11-06 16:41:50.357 D/RenderWidgetInputHandler(11433): [HandleInputEvent] input_event type=8 prevent_default:0
11-06 16:41:50.357 D/WebViewImpl(11433): [handleKeyEvent] keycode:37, eventType:8 native keycode:21 frame=0x4d042250. url='http://10.14.41.246/application/bxfc/sec/popTv_new.php'.
11-06 16:41:50.357 D/[blink]KeyboardEventManager(11433): [keyEvent] initialKeyEvent KeyDown nativeKeyCode=21 windowsKeyCode=37 text[0]=0
11-06 16:41:50.357 D/[blink]KeyboardEventManager(11433): [keyEvent] initialKeyEvent focusedNode=0x0
11-06 16:41:50.358 D/V8ScriptRunner(11433): [callFunction] start. frame = 0x4d042250 function: f.document.onkeydown url: http://10.14.41.246/application/bxfc/sec/popTv_new.php line: 2267
11-06 16:41:50.358 D/base::KeyConverter(11433): [get] convert 21 => -1.
11-06 16:41:50.359 D/ChromeClientImpl(11433): [addMessageToConsole] [LOG:CONSOLE(4089)] "tmpPage==this.getNext _num:-1==_flag:0==this.focusPos:1", source:http://10.14.41.246/application/bxfc/sec/popTv_new.php (4089)
11-06 16:41:50.359 D/ChromeClientImpl(11433): [addMessageToConsole] [LOG:CONSOLE(4089)] "tmpPage==this.currPage:true", source:http://10.14.41.246/application/bxfc/sec/popTv_new.php (4089)
11-06 16:41:50.360 D/ChromeClientImpl(11433): [addMessageToConsole] [LOG:CONSOLE(4089)] "tmpPage==this.currPage:0==this.currPage:0==i:0", source:http://10.14.41.246/application/bxfc/sec/popTv_new.php (4089)
11-06 16:41:50.360 D/ChromeClientImpl(11433): [addMessageToConsole] [LOG:CONSOLE(4089)] "tmpPage==this.changePos nextPos:0==currPage:0", source:http://10.14.41.246/application/bxfc/sec/popTv_new.php (4089)
11-06 16:41:50.360 D/ChromeClientImpl(11433): [addMessageToConsole] [LOG:CONSOLE(4089)] "_popTd1=_pos==1==disFocus==tmpPos===1", source:http://10.14.41.246/application/bxfc/sec/popTv_new.php (4089)
11-06 16:41:50.361 D/ChromeClientImpl(11433): [addMessageToConsole] [LOG:CONSOLE(4089)] "this.prePage=== t444==this.currPage:0==his.totalPage:1", source:http://10.14.41.246/application/bxfc/sec/popTv_new.php (4089)
11-06 16:41:50.362 D/ChromeClientImpl(11433): [addMessageToConsole] [LOG:CONSOLE(4089)] "this.prePage=== t444==his.focusPos:0", source:http://10.14.41.246/application/bxfc/sec/popTv_new.php (4089)
11-06 16:41:50.362 D/ChromeClientImpl(11433): [addMessageToConsole] [LOG:CONSOLE(4089)] "_popTd0", source:http://10.14.41.246/application/bxfc/sec/popTv_new.php (4089)
11-06 16:41:50.362 D/ChromeClientImpl(11433): [addMessageToConsole] [LOG:CONSOLE(4089)] "_popTd0==showFocus==tmpPos===0=this.dataArr.obj[tmpPos].isNewFlag==false", source:http://10.14.41.246/application/bxfc/sec/popTv_new.php (4089)
11-06 16:41:50.363 D/[cc]beginFrameSource(11433): [AddObserver] ExternalBeginFrameSource::AddObserver
