11-06 16:41:50.364 D/V8ScriptRunner(11433): [callFunction] end. frame = 0x4d042250 function: f.document.onkeydown url: http://10.14.41.246/application/bxfc/sec/popTv_new.php line: 2267
11-06 16:41:50.364 D/[blink]KeyboardEventManager(11433): [keyEvent] dispatchResult = CanceledByEventHandler
11-06 16:41:50.374 D/[cc]ProxyMain(11433): [BeginMainFrame] cc.BeginMainFrame this:0x9f6cc588
11-06 16:41:50.374 D/[cc]LayerTreeHost(11433): [AnimateLayers] AnimateLayers monotonic_time=8913132976
11-06 16:41:50.374 D/[blink]FrameView(11433): [updateStyleAndLayoutIfNeededRecursiveInternal] in... this:0x55645ae0.
11-06 16:41:50.374 D/[blink]FrameView(11433): [updateStyleAndLayoutIfNeededRecursiveInternal] in... this:0x5564bf78.
11-06 16:41:50.375 D/[blink]FrameView(11433): [layout] start... this:0x5564bf78, frame=0x4d042250 content size(1280, 720). 
11-06 16:41:50.375 D/[blink]FrameView(11433): [layout] performPreLayoutTasks start... this:0x5564bf78
11-06 16:41:50.375 D/[blink]FrameView(11433): [layout] performPreLayoutTasks end... this:0x5564bf78
11-06 16:41:50.375 D/[blink]FrameView(11433): [layout] performLayout start... this:0x5564bf78
11-06 16:41:50.375 D/[blink]FrameView(11433): [layout] performLayout end... this:0x5564bf78
11-06 16:41:50.375 D/[blink]FrameView(11433): [layout] call compositor()->didLayout()!
11-06 16:41:50.375 D/[blink]FrameView(11433): [layout] updateDocumentAnnotatedRegions start... this:0x5564bf78
11-06 16:41:50.375 D/[blink]FrameView(11433): [layout] scheduleOrPerformPostLayoutTasks start... this:0x5564bf78
11-06 16:41:50.375 D/[blink]FrameView(11433): [layout] end... this:0x5564bf78
11-06 16:41:50.375 D/[blink]FrameView(11433): [layout] out... this:0x5564bf78
11-06 16:41:50.375 D/[blink]FrameView(11433): [updateStyleAndLayoutIfNeededRecursiveInternal] end... this:0x5564bf78.
11-06 16:41:50.375 D/[blink]FrameView(11433): [updateStyleAndLayoutIfNeededRecursiveInternal] end... this:0x55645ae0.
11-06 16:41:50.375 D/[blink]FrameView(11433): [updateLifecyclePhasesInternal] in... this:0x55645ae0, targetState=18
11-06 16:41:50.375 D/[blink]FrameView(11433): [updateLifecyclePhasesInternal] call compositor()->updateIfNeededRecursive()!
11-06 16:41:50.376 D/[blink]FrameView(11433): [updateLifecyclePhasesInternal] end... this:0x55645ae0
11-06 16:41:50.382 I/AdvancedPorting-PORT_MODULE_NET(11433): network_task while... 
11-06 16:41:50.382 I/AdvancedPorting-PORT_MODULE_NET(11433): 0 interface name: lo
11-06 16:41:50.382 I/AdvancedPorting-PORT_MODULE_NET(11433): 1 interface name: wlan0
11-06 16:41:50.382 I/AdvancedPorting-PORT_MODULE_NET(11433): First interface name: lo
11-06 16:41:50.382 I/AdvancedPorting-PORT_MODULE_NET(11433): network_task while...  net_i:1
11-06 16:41:50.382 I/AdvancedPorting-PORT_MODULE_NET(11433): network_task while---name_interface[0]=lo
11-06 16:41:50.382 I/AdvancedPorting-PORT_MODULE_NET(11433): network_task while---name_interface[1]=wlan0
11-06 16:41:50.382 I/AdvancedPorting-PORT_MODULE_NET(11433): network_task while---interface_name=wlan0
11-06 16:41:50.382 I/AdvancedPorting-PORT_MODULE_NET(11433): network_get_netlink_status(in)--if_name=wlan0
11-06 16:41:50.382 I/AdvancedPorting-PORT_MODULE_NET(11433): net.network.isconnected = no
11-06 16:41:50.382 I/AdvancedPorting-PORT_MODULE_NET(11433): wlan0 --network_get_netlink_status return retval=1
11-06 16:41:50.382 I/AdvancedPorting-PORT_MODULE_NET(11433): stat = 1 last_status = 1
11-06 16:41:50.425 I/Advanced(11433): [QUEUE] share_queue_sendEx size:1 4097 50 0x8e783f30,postLoopId:0,dstid:1.
11-06 16:41:50.491 D/[blink]DOMTimer(11433): [fired] 0x55650cd0 timeout fired.
11-06 16:41:50.491 D/ScriptController(11433): [executeScriptAndReturnValue] [V8] evaluate Script start. frame=0x4cf21a48 url= line=1. source length=22
11-06 16:41:50.491 D/iPanel  (11433): iPanel.debug("checkOverlayCreated")
11-06 16:41:50.491 D/[blink]DOMTimer(11433): [DOMTimer] 0x55650e08 setTimeout 300ms, repeat:0.
11-06 16:41:50.491 D/ScriptController(11433): [executeScriptAndReturnValue] [V8] evaluate Script end. frame=0x4cf21a48 
11-06 16:41:50.563 D/ir_user ( 1585): PlayerTimeLineTrace:linux_keycode:0x69(UP),	protocol: .
11-06 16:41:50.563 V/PT      ( 1581): >>INFO:irkey_task:[    8913.322425] /dev/input/event0: type=0001 code=0069 val=00000000
11-06 16:41:50.563 V/PT      ( 1581): >>INFO:irkey_send:0x3001 0x0025 up  
11-06 16:41:50.563 V/SUMA    ( 1581): ++++++++++++++  _roc_evtmgr_key_cbk 517:input = 12289, event=37, act=0x400
11-06 16:41:50.563 V/SUMA    ( 1581): lxm:_roc_evtmgr_key_cbk 519 8913322
11-06 16:41:50.564 V/SUMA    ( 1581): lxm:_roc_evtmgr_add_key_into_queue 311 8913322
11-06 16:41:50.564 V/PT      ( 1581): >>INFO:irkey_task:[    8913.322425] /dev/input/event0: type=0000 code=0000 val=00000000
11-06 16:41:50.564 V/SUMA    ( 1581): ===================>> type=0 src=0 evt=37 act=0x400
11-06 16:41:50.564 V/SUMA    ( 1581): [sysset-s][event_manager_cbk 78]lxm cbid=1, cbk_reg=1, cpid=2451
11-06 16:41:50.564 D/NGBEvent( 2451): ngbEventCallBack type:0 source :37
11-06 16:41:50.564 D/NGBEvent( 2451): [NGBEventManager-JNI]-returning:1
11-06 16:41:50.564 D/NGBEvent( 2451): Input key event: keyCode=37
11-06 16:41:50.564 D/NGBEvent( 2451): src:37 = dest:37
11-06 16:41:50.565 I/System.out( 2451): [DEBUG EventManager] LWJ--Add event to java with evt=NgbEvent-[type = 1, subtype = 402, code = 37]
11-06 16:41:50.565 D/NGBEvent( 2451): [NGBEvent_log]--[EventManager--JNI]:		start
11-06 16:41:50.565 I/System.out( 2451): [DEBUG EventManager] broadcastEvent  :len 1
11-06 16:41:50.565 D/RemoteIME(10748): RemoteIME--> onKeyUp keyCode = 21
11-06 16:41:50.565 D/KeyEventNgbDealer( 2451): [TN_pool-1-thread-1]handleKeyReleased keyEvent=NgbEvent-[type = 1, subtype = 402, code = 37],time=8913324
11-06 16:41:50.567 D/cr_AwTestContainerView(11433): [AwTestContainerView.java:63] [mainFrame]: [unknown] dispatchKeyEvent keyCode = 21 event = KeyEvent { action=ACTION_UP, keyCode=KEYCODE_DPAD_LEFT, scanCode=105, metaState=0, flags=0x8, repeatCount=0, eventTime=8913322, downTime=8913113, deviceId=3, source=0x701 }
11-06 16:41:50.567 D/ImeAdapterAndroid(11433): [SendKeyEvent] [BUILD TIME: ] dispatchKeyEvent key_code=21 modifiers=0 unicode_char=0 scan_code=105 is_system=0 tm=8913322
11-06 16:41:50.568 D/RenderWidgetInputHandler(11433): [HandleInputEvent] input_event type=9 name=KeyUp
11-06 16:41:50.568 D/RenderWidgetInputHandler(11433): [HandleInputEvent] input_event type=9 prevent_default:0
11-06 16:41:50.568 D/WebViewImpl(11433): [handleKeyEvent] keycode:37, eventType:9 native keycode:21 frame=0x4d042250. url='http://10.14.41.246/application/bxfc/sec/popTv_new.php'.
11-06 16:41:50.568 D/[blink]KeyboardEventManager(11433): [keyEvent] initialKeyEvent KeyUp nativeKeyCode=21 windowsKeyCode=37 text[0]=0
11-06 16:41:50.568 D/[blink]KeyboardEventManager(11433): [keyEvent] initialKeyEvent focusedNode=0x0
11-06 16:41:50.625 I/Advanced(11433): [QUEUE] share_queue_sendEx size:1 4097 51 0x8e783f30,postLoopId:0,dstid:1.
11-06 16:41:50.791 D/[blink]DOMTimer(11433): [fired] 0x55650e08 timeout fired.
11-06 16:41:50.791 D/ScriptController(11433): [executeScriptAndReturnValue] [V8] evaluate Script start. frame=0x4cf21a48 url= line=1. source length=22
11-06 16:41:50.791 D/iPanel  (11433): iPanel.debug("checkOverlayCreated")
11-06 16:41:50.792 D/[blink]DOMTimer(11433): [DOMTimer] 0x55650e78 setTimeout 300ms, repeat:0.
11-06 16:41:50.792 D/ScriptController(11433): [executeScriptAndReturnValue] [V8] evaluate Script end. frame=0x4cf21a48 
11-06 16:41:50.811 D/BackBootDealerNeimeng( 2355): standbyState:
11-06 16:41:50.811 E/NetUtils( 2021): Interface eth0 LinkDown!
11-06 16:41:50.825 I/Advanced(11433): [QUEUE] share_queue_sendEx size:1 4097 52 0x8e783f30,postLoopId:0,dstid:1.
11-06 16:41:50.881 D/ir_user ( 1585): PlayerTimeLineTrace:linux_keycode:0x69(DOWN),	protocol: .
11-06 16:41:50.881 V/PT      ( 1581): >>INFO:irkey_task:[    8913.640085] /dev/input/event0: type=0001 code=0069 val=00000001
11-06 16:41:50.881 V/PT      ( 1581): >>INFO:irkey_send:0x3001 0x0025 down
11-06 16:41:50.881 V/SUMA    ( 1581): ++++++++++++++  _roc_evtmgr_key_cbk 517:input = 12289, event=37, act=0x100
11-06 16:41:50.881 V/SUMA    ( 1581): lxm:_roc_evtmgr_key_cbk 519 8913640
11-06 16:41:50.881 V/SUMA    ( 1581): lxm:_roc_evtmgr_add_evt_into_queue 347 8913640
11-06 16:41:50.881 V/PT      ( 1581): >>INFO:irkey_task:[    8913.640085] /dev/input/event0: type=0000 code=0000 val=00000000
11-06 16:41:50.881 V/SUMA    ( 1581): ===================>> type=0 src=0 evt=37 act=0x100
11-06 16:41:50.881 V/SUMA    ( 1581): [sysset-s][event_manager_cbk 78]lxm cbid=1, cbk_reg=1, cpid=2451
11-06 16:41:50.882 D/NGBEvent( 2451): ngbEventCallBack type:0 source :37
11-06 16:41:50.882 D/NGBEvent( 2451): [NGBEventManager-JNI]-returning:1
11-06 16:41:50.882 D/NGBEvent( 2451): Input key event: keyCode=37
11-06 16:41:50.882 D/NGBEvent( 2451): src:37 = dest:37
11-06 16:41:50.882 I/System.out( 2451): [DEBUG EventManager] LWJ--Add event to java with evt=NgbEvent-[type = 1, subtype = 401, code = 37]
11-06 16:41:50.882 D/NGBEvent( 2451): [NGBEvent_log]--[EventManager--JNI]:		start
11-06 16:41:50.882 I/System.out( 2451): [DEBUG EventManager] broadcastEvent  :len 1
11-06 16:41:50.882 D/CombineKeyUtil( 2451): [TN_pool-1-thread-1]dealKeyEvent,combineIndex:-1:keyCode:21
11-06 16:41:50.882 D/KeyEventNgbDealer( 2451): [TN_pool-1-thread-1]handleKeyPressed keyEvent=NgbEvent-[type = 1, subtype = 401, code = 37],time=8913641
11-06 16:41:50.883 D/RemoteIME(10748): onKeyDown event = KeyEvent { action=ACTION_DOWN, keyCode=KEYCODE_DPAD_LEFT, scanCode=105, metaState=0, flags=0x8, repeatCount=0, eventTime=8913640, downTime=8913640, deviceId=3, source=0x701 },mSkbContainer=null
11-06 16:41:50.885 D/cr_AwTestContainerView(11433): [AwTestContainerView.java:63] [mainFrame]: [unknown] dispatchKeyEvent keyCode = 21 event = KeyEvent { action=ACTION_DOWN, keyCode=KEYCODE_DPAD_LEFT, scanCode=105, metaState=0, flags=0x8, repeatCount=0, eventTime=8913640, downTime=8913640, deviceId=3, source=0x701 }
11-06 16:41:50.885 D/ImeAdapterAndroid(11433): [SendKeyEvent] [BUILD TIME: ] dispatchKeyEvent key_code=21 modifiers=0 unicode_char=0 scan_code=105 is_system=0 tm=8913640
11-06 16:41:50.886 D/RenderWidgetInputHandler(11433): [HandleInputEvent] input_event type=8 name=KeyDown
11-06 16:41:50.886 D/RenderWidgetInputHandler(11433): [HandleInputEvent] input_event type=8 prevent_default:0
11-06 16:41:50.886 D/WebViewImpl(11433): [handleKeyEvent] keycode:37, eventType:8 native keycode:21 frame=0x4d042250. url='http://10.14.41.246/application/bxfc/sec/popTv_new.php'.
11-06 16:41:50.886 D/[blink]KeyboardEventManager(11433): [keyEvent] initialKeyEvent KeyDown nativeKeyCode=21 windowsKeyCode=37 text[0]=0
11-06 16:41:50.886 D/[blink]KeyboardEventManager(11433): [keyEvent] initialKeyEvent focusedNode=0x0
11-06 16:41:50.887 D/V8ScriptRunner(11433): [callFunction] start. frame = 0x4d042250 function: f.document.onkeydown url: http://10.14.41.246/application/bxfc/sec/popTv_new.php line: 2267
11-06 16:41:50.887 D/base::KeyConverter(11433): [get] convert 21 => -1.
11-06 16:41:50.888 D/ChromeClientImpl(11433): [addMessageToConsole] [LOG:CONSOLE(4089)] "tmpPage==this.getNext _num:-1==_flag:0==this.focusPos:0", source:http://10.14.41.246/application/bxfc/sec/popTv_new.php (4089)
11-06 16:41:50.889 D/ChromeClientImpl(11433): [addMessageToConsole] [LOG:CONSOLE(4089)] "tmpPage==this.currPage:true", source:http://10.14.41.246/application/bxfc/sec/popTv_new.php (4089)
11-06 16:41:50.889 D/ChromeClientImpl(11433): [addMessageToConsole] [LOG:CONSOLE(4089)] "tmpPage==this.currPage:0==this.currPage:0==i:0", source:http://10.14.41.246/application/bxfc/sec/popTv_new.php (4089)
11-06 16:41:50.889 D/ChromeClientImpl(11433): [addMessageToConsole] [LOG:CONSOLE(4089)] "tmpPage==this.changePos nextPos:0==currPage:0", source:http://10.14.41.246/application/bxfc/sec/popTv_new.php (4089)
11-06 16:41:50.890 D/ChromeClientImpl(11433): [addMessageToConsole] [LOG:CONSOLE(4089)] "_popTd0=_pos==0==disFocus==tmpPos===0", source:http://10.14.41.246/application/bxfc/sec/popTv_new.php (4089)
11-06 16:41:50.890 D/[cc]beginFrameSource(11433): [AddObserver] ExternalBeginFrameSource::AddObserver
11-06 16:41:50.891 D/ChromeClientImpl(11433): [addMessageToConsole] [LOG:CONSOLE(4089)] "this.prePage=== t444==this.currPage:0==his.totalPage:1", source:http://10.14.41.246/application/bxfc/sec/popTv_new.php (4089)
11-06 16:41:50.891 D/ChromeClientImpl(11433): [addMessageToConsole] [LOG:CONSOLE(4089)] "this.prePage=== t444==his.focusPos:0", source:http://10.14.41.246/application/bxfc/sec/popTv_new.php (4089)
11-06 16:41:50.892 D/ChromeClientImpl(11433): [addMessageToConsole] [LOG:CONSOLE(4089)] "_popTd0", source:http://10.14.41.246/application/bxfc/sec/popTv_new.php (4089)
11-06 16:41:50.892 D/ChromeClientImpl(11433): [addMessageToConsole] [LOG:CONSOLE(4089)] "_popTd0==showFocus==tmpPos===0=this.dataArr.obj[tmpPos].isNewFlag==false", source:http://10.14.41.246/application/bxfc/sec/popTv_new.php (4089)
11-06 16:41:50.892 D/V8ScriptRunner(11433): [callFunction] end. frame = 0x4d042250 function: f.document.onkeydown url: http://10.14.41.246/application/bxfc/sec/popTv_new.php line: 2267
11-06 16:41:50.892 D/[blink]KeyboardEventManager(11433): [keyEvent] dispatchResult = CanceledByEventHandler
11-06 16:41:50.908 D/[cc]ProxyMain(11433): [BeginMainFrame] cc.BeginMainFrame this:0x9f6cc588
11-06 16:41:50.908 D/[cc]LayerTreeHost(11433): [AnimateLayers] AnimateLayers monotonic_time=8913666310
11-06 16:41:50.908 D/[blink]FrameView(11433): [updateStyleAndLayoutIfNeededRecursiveInternal] in... this:0x55645ae0.
11-06 16:41:50.908 D/[blink]FrameView(11433): [updateStyleAndLayoutIfNeededRecursiveInternal] in... this:0x5564bf78.
11-06 16:41:50.908 D/[blink]FrameView(11433): [layout] start... this:0x5564bf78, frame=0x4d042250 content size(1280, 720). 
11-06 16:41:50.908 D/[blink]FrameView(11433): [layout] performPreLayoutTasks start... this:0x5564bf78
11-06 16:41:50.908 D/[blink]FrameView(11433): [layout] performPreLayoutTasks end... this:0x5564bf78
11-06 16:41:50.908 D/[blink]FrameView(11433): [layout] performLayout start... this:0x5564bf78
11-06 16:41:50.908 D/[blink]FrameView(11433): [layout] performLayout end... this:0x5564bf78
11-06 16:41:50.909 D/[blink]FrameView(11433): [layout] call compositor()->didLayout()!
11-06 16:41:50.909 D/[blink]FrameView(11433): [layout] updateDocumentAnnotatedRegions start... this:0x5564bf78
11-06 16:41:50.909 D/[blink]FrameView(11433): [layout] scheduleOrPerformPostLayoutTasks start... this:0x5564bf78
11-06 16:41:50.909 D/[blink]FrameView(11433): [layout] end... this:0x5564bf78
11-06 16:41:50.909 D/[blink]FrameView(11433): [layout] out... this:0x5564bf78
11-06 16:41:50.909 D/[blink]FrameView(11433): [updateStyleAndLayoutIfNeededRecursiveInternal] end... this:0x5564bf78.
11-06 16:41:50.909 D/[blink]FrameView(11433): [updateStyleAndLayoutIfNeededRecursiveInternal] end... this:0x55645ae0.
11-06 16:41:50.909 D/[blink]FrameView(11433): [updateLifecyclePhasesInternal] in... this:0x55645ae0, targetState=18
11-06 16:41:50.909 D/[blink]FrameView(11433): [updateLifecyclePhasesInternal] call compositor()->updateIfNeededRecursive()!
11-06 16:41:50.910 D/[blink]FrameView(11433): [updateLifecyclePhasesInternal] end... this:0x55645ae0
11-06 16:41:51.026 I/Advanced(11433): [QUEUE] share_queue_sendEx size:1 4097 53 0x8e783f30,postLoopId:0,dstid:1.
11-06 16:41:51.092 D/[blink]DOMTimer(11433): [fired] 0x55650e78 timeout fired.
11-06 16:41:51.092 D/ScriptController(11433): [executeScriptAndReturnValue] [V8] evaluate Script start. frame=0x4cf21a48 url= line=1. source length=22
11-06 16:41:51.092 D/iPanel  (11433): iPanel.debug("checkOverlayCreated")
11-06 16:41:51.092 D/[blink]DOMTimer(11433): [DOMTimer] 0x55650fb0 setTimeout 300ms, repeat:0.
11-06 16:41:51.092 D/ScriptController(11433): [executeScriptAndReturnValue] [V8] evaluate Script end. frame=0x4cf21a48 
11-06 16:41:51.198 D/ir_user ( 1585): PlayerTimeLineTrace:linux_keycode:0x69(UP),	protocol: .
11-06 16:41:51.198 V/PT      ( 1581): >>INFO:irkey_task:[    8913.957463] /dev/input/event0: type=0001 code=0069 val=00000000
11-06 16:41:51.198 V/PT      ( 1581): >>INFO:irkey_send:0x3001 0x0025 up  
11-06 16:41:51.198 V/SUMA    ( 1581): ++++++++++++++  _roc_evtmgr_key_cbk 517:input = 12289, event=37, act=0x400
11-06 16:41:51.199 V/SUMA    ( 1581): lxm:_roc_evtmgr_key_cbk 519 8913957
11-06 16:41:51.199 V/SUMA    ( 1581): lxm:_roc_evtmgr_add_key_into_queue 311 8913957
11-06 16:41:51.199 V/PT      ( 1581): >>INFO:irkey_task:[    8913.957463] /dev/input/event0: type=0000 code=0000 val=00000000
11-06 16:41:51.199 V/SUMA    ( 1581): ===================>> type=0 src=0 evt=37 act=0x400
11-06 16:41:51.199 V/SUMA    ( 1581): [sysset-s][event_manager_cbk 78]lxm cbid=1, cbk_reg=1, cpid=2451
11-06 16:41:51.199 D/NGBEvent( 2451): ngbEventCallBack type:0 source :37
11-06 16:41:51.199 D/NGBEvent( 2451): [NGBEventManager-JNI]-returning:1
11-06 16:41:51.199 D/NGBEvent( 2451): Input key event: keyCode=37
11-06 16:41:51.199 D/NGBEvent( 2451): src:37 = dest:37
11-06 16:41:51.199 I/System.out( 2451): [DEBUG EventManager] LWJ--Add event to java with evt=NgbEvent-[type = 1, subtype = 402, code = 37]
11-06 16:41:51.200 D/NGBEvent( 2451): [NGBEvent_log]--[EventManager--JNI]:		start
11-06 16:41:51.200 I/System.out( 2451): [DEBUG EventManager] broadcastEvent  :len 1
11-06 16:41:51.200 D/KeyEventNgbDealer( 2451): [TN_pool-1-thread-1]handleKeyReleased keyEvent=NgbEvent-[type = 1, subtype = 402, code = 37],time=8913959
11-06 16:41:51.200 D/RemoteIME(10748): RemoteIME--> onKeyUp keyCode = 21
11-06 16:41:51.202 D/cr_AwTestContainerView(11433): [AwTestContainerView.java:63] [mainFrame]: [unknown] dispatchKeyEvent keyCode = 21 event = KeyEvent { action=ACTION_UP, keyCode=KEYCODE_DPAD_LEFT, scanCode=105, metaState=0, flags=0x8, repeatCount=0, eventTime=8913957, downTime=8913640, deviceId=3, source=0x701 }
11-06 16:41:51.202 D/ImeAdapterAndroid(11433): [SendKeyEvent] [BUILD TIME: ] dispatchKeyEvent key_code=21 modifiers=0 unicode_char=0 scan_code=105 is_system=0 tm=8913957
11-06 16:41:51.203 D/RenderWidgetInputHandler(11433): [HandleInputEvent] input_event type=9 name=KeyUp
11-06 16:41:51.203 D/RenderWidgetInputHandler(11433): [HandleInputEvent] input_event type=9 prevent_default:0
11-06 16:41:51.203 D/WebViewImpl(11433): [handleKeyEvent] keycode:37, eventType:9 native keycode:21 frame=0x4d042250. url='http://10.14.41.246/application/bxfc/sec/popTv_new.php'.
11-06 16:41:51.203 D/[blink]KeyboardEventManager(11433): [keyEvent] initialKeyEvent KeyUp nativeKeyCode=21 windowsKeyCode=37 text[0]=0
11-06 16:41:51.203 D/[blink]KeyboardEventManager(11433): [keyEvent] initialKeyEvent focusedNode=0x0
11-06 16:41:51.226 I/Advanced(11433): [QUEUE] share_queue_sendEx size:1 4097 54 0x8e783f30,postLoopId:0,dstid:1.
11-06 16:41:51.268 D/AppUtil ( 2355): [TN_ThreadUtil-3]getActivityPkg index=0,comp=ComponentInfo{com.ipanel.android_webview.shell/com.ipanel.webapp.BrowserActivity}
11-06 16:41:51.268 D/AppKiller( 2355): [TN_ThreadUtil-3]backKill curPkgName=com.ipanel.android_webview.shell
11-06 16:41:51.312 D/BackBootDealerNeimeng( 2355): standbyState:
11-06 16:41:51.312 E/NetUtils( 2021): Interface eth0 LinkDown!
11-06 16:41:51.382 I/AdvancedPorting-PORT_MODULE_NET(11433): network_task while... 
11-06 16:41:51.382 I/AdvancedPorting-PORT_MODULE_NET(11433): 0 interface name: lo
11-06 16:41:51.382 I/AdvancedPorting-PORT_MODULE_NET(11433): 1 interface name: wlan0
11-06 16:41:51.382 I/AdvancedPorting-PORT_MODULE_NET(11433): First interface name: lo
11-06 16:41:51.382 I/AdvancedPorting-PORT_MODULE_NET(11433): network_task while...  net_i:1
11-06 16:41:51.382 I/AdvancedPorting-PORT_MODULE_NET(11433): network_task while---name_interface[0]=lo
11-06 16:41:51.382 I/AdvancedPorting-PORT_MODULE_NET(11433): network_task while---name_interface[1]=wlan0
11-06 16:41:51.382 I/AdvancedPorting-PORT_MODULE_NET(11433): network_task while---interface_name=wlan0
11-06 16:41:51.382 I/AdvancedPorting-PORT_MODULE_NET(11433): network_get_netlink_status(in)--if_name=wlan0
11-06 16:41:51.382 I/AdvancedPorting-PORT_MODULE_NET(11433): net.network.isconnected = no
11-06 16:41:51.383 I/AdvancedPorting-PORT_MODULE_NET(11433): wlan0 --network_get_netlink_status return retval=1
11-06 16:41:51.383 I/AdvancedPorting-PORT_MODULE_NET(11433): stat = 1 last_status = 1
11-06 16:41:51.393 D/[blink]DOMTimer(11433): [fired] 0x55650fb0 timeout fired.
11-06 16:41:51.393 D/ScriptController(11433): [executeScriptAndReturnValue] [V8] evaluate Script start. frame=0x4cf21a48 url= line=1. source length=22
11-06 16:41:51.393 D/iPanel  (11433): iPanel.debug("checkOverlayCreated")
11-06 16:41:51.393 D/[blink]DOMTimer(11433): [DOMTimer] 0x55651020 setTimeout 300ms, repeat:0.
11-06 16:41:51.393 D/ScriptController(11433): [executeScriptAndReturnValue] [V8] evaluate Script end. frame=0x4cf21a48 
11-06 16:41:51.426 I/Advanced(11433): [QUEUE] share_queue_sendEx size:1 4097 55 0x8e783f30,postLoopId:0,dstid:1.
11-06 16:41:51.474 D/ir_user ( 1585): PlayerTimeLineTrace:linux_keycode:0x6a(DOWN),	protocol: .
11-06 16:41:51.474 V/PT      ( 1581): >>INFO:irkey_task:[    8914.232783] /dev/input/event0: type=0001 code=006a val=00000001
11-06 16:41:51.474 V/PT      ( 1581): >>INFO:irkey_send:0x3001 0x0027 down
11-06 16:41:51.474 V/SUMA    ( 1581): ++++++++++++++  _roc_evtmgr_key_cbk 517:input = 12289, event=39, act=0x100
11-06 16:41:51.474 V/SUMA    ( 1581): lxm:_roc_evtmgr_key_cbk 519 8914233
11-06 16:41:51.474 V/SUMA    ( 1581): lxm:_roc_evtmgr_add_evt_into_queue 347 8914233
11-06 16:41:51.474 V/PT      ( 1581): >>INFO:irkey_task:[    8914.232783] /dev/input/event0: type=0000 code=0000 val=00000000
11-06 16:41:51.474 V/SUMA    ( 1581): ===================>> type=0 src=0 evt=39 act=0x100
11-06 16:41:51.474 V/SUMA    ( 1581): [sysset-s][event_manager_cbk 78]lxm cbid=1, cbk_reg=1, cpid=2451
11-06 16:41:51.474 D/NGBEvent( 2451): ngbEventCallBack type:0 source :39
11-06 16:41:51.474 D/NGBEvent( 2451): [NGBEventManager-JNI]-returning:1
11-06 16:41:51.475 D/NGBEvent( 2451): Input key event: keyCode=39
11-06 16:41:51.475 D/NGBEvent( 2451): src:39 = dest:39
11-06 16:41:51.475 I/System.out( 2451): [DEBUG EventManager] LWJ--Add event to java with evt=NgbEvent-[type = 1, subtype = 401, code = 39]
11-06 16:41:51.475 D/NGBEvent( 2451): [NGBEvent_log]--[EventManager--JNI]:		start
11-06 16:41:51.475 I/System.out( 2451): [DEBUG EventManager] broadcastEvent  :len 1
11-06 16:41:51.475 D/CombineKeyUtil( 2451): [TN_pool-1-thread-1]dealKeyEvent,combineIndex:-1:keyCode:22
11-06 16:41:51.475 D/KeyEventNgbDealer( 2451): [TN_pool-1-thread-1]handleKeyPressed keyEvent=NgbEvent-[type = 1, subtype = 401, code = 39],time=8914234
11-06 16:41:51.476 D/RemoteIME(10748): onKeyDown event = KeyEvent { action=ACTION_DOWN, keyCode=KEYCODE_DPAD_RIGHT, scanCode=106, metaState=0, flags=0x8, repeatCount=0, eventTime=8914232, downTime=8914232, deviceId=3, source=0x701 },mSkbContainer=null
11-06 16:41:51.477 D/cr_AwTestContainerView(11433): [AwTestContainerView.java:63] [mainFrame]: [unknown] dispatchKeyEvent keyCode = 22 event = KeyEvent { action=ACTION_DOWN, keyCode=KEYCODE_DPAD_RIGHT, scanCode=106, metaState=0, flags=0x8, repeatCount=0, eventTime=8914232, downTime=8914232, deviceId=3, source=0x701 }
11-06 16:41:51.478 D/ImeAdapterAndroid(11433): [SendKeyEvent] [BUILD TIME: ] dispatchKeyEvent key_code=22 modifiers=0 unicode_char=0 scan_code=106 is_system=0 tm=8914232
11-06 16:41:51.478 D/RenderWidgetInputHandler(11433): [HandleInputEvent] input_event type=8 name=KeyDown
11-06 16:41:51.479 D/RenderWidgetInputHandler(11433): [HandleInputEvent] input_event type=8 prevent_default:0
11-06 16:41:51.479 D/WebViewImpl(11433): [handleKeyEvent] keycode:39, eventType:8 native keycode:22 frame=0x4d042250. url='http://10.14.41.246/application/bxfc/sec/popTv_new.php'.
11-06 16:41:51.479 D/[blink]KeyboardEventManager(11433): [keyEvent] initialKeyEvent KeyDown nativeKeyCode=22 windowsKeyCode=39 text[0]=0
11-06 16:41:51.479 D/[blink]KeyboardEventManager(11433): [keyEvent] initialKeyEvent focusedNode=0x0
11-06 16:41:51.479 D/V8ScriptRunner(11433): [callFunction] start. frame = 0x4d042250 function: f.document.onkeydown url: http://10.14.41.246/application/bxfc/sec/popTv_new.php line: 2267
11-06 16:41:51.479 D/base::KeyConverter(11433): [get] convert 22 => -1.
11-06 16:41:51.480 D/ChromeClientImpl(11433): [addMessageToConsole] [LOG:CONSOLE(4089)] "tmpPage==this.getNext _num:1==_flag:0==this.focusPos:0", source:http://10.14.41.246/application/bxfc/sec/popTv_new.php (4089)
11-06 16:41:51.480 D/ChromeClientImpl(11433): [addMessageToConsole] [LOG:CONSOLE(4089)] "tmpPage==this.getNext tmpNum:0==this.pageSize:36==this.currPage:0==this.totalPage:1", source:http://10.14.41.246/application/bxfc/sec/popTv_new.php (4089)
11-06 16:41:51.481 D/ChromeClientImpl(11433): [addMessageToConsole] [LOG:CONSOLE(4089)] "tmpPage==this.getNext this.dataArr.flag[tmpNum+i]:1==i:1==this.currPage:0==this.totalPage:1", source:http://10.14.41.246/application/bxfc/sec/popTv_new.php (4089)
11-06 16:41:51.481 D/ChromeClientImpl(11433): [addMessageToConsole] [LOG:CONSOLE(4089)] "tmpPage==this.changePos nextPos:1==currPage:0", source:http://10.14.41.246/application/bxfc/sec/popTv_new.php (4089)
11-06 16:41:51.481 D/ChromeClientImpl(11433): [addMessageToConsole] [LOG:CONSOLE(4089)] "_popTd0=_pos==0==disFocus==tmpPos===0", source:http://10.14.41.246/application/bxfc/sec/popTv_new.php (4089)
11-06 16:41:51.482 D/[cc]beginFrameSource(11433): [AddObserver] ExternalBeginFrameSource::AddObserver
11-06 16:41:51.482 D/ChromeClientImpl(11433): [addMessageToConsole] [LOG:CONSOLE(4089)] "this.prePage=== t444==this.currPage:0==his.totalPage:1", source:http://10.14.41.246/application/bxfc/sec/popTv_new.php (4089)
11-06 16:41:51.483 D/ChromeClientImpl(11433): [addMessageToConsole] [LOG:CONSOLE(4089)] "this.prePage=== t444==his.focusPos:1", source:http://10.14.41.246/application/bxfc/sec/popTv_new.php (4089)
11-06 16:41:51.483 D/ChromeClientImpl(11433): [addMessageToConsole] [LOG:CONSOLE(4089)] "_popTd1", source:http://10.14.41.246/application/bxfc/sec/popTv_new.php (4089)
11-06 16:41:51.483 D/ChromeClientImpl(11433): [addMessageToConsole] [LOG:CONSOLE(4089)] "_popTd1==showFocus==tmpPos===1=this.dataArr.obj[tmpPos].isNewFlag==false", source:http://10.14.41.246/application/bxfc/sec/popTv_new.php (4089)
11-06 16:41:51.484 D/V8ScriptRunner(11433): [callFunction] end. frame = 0x4d042250 function: f.document.onkeydown url: http://10.14.41.246/application/bxfc/sec/popTv_new.php line: 2267
11-06 16:41:51.484 D/[blink]KeyboardEventManager(11433): [keyEvent] dispatchResult = CanceledByEventHandler
11-06 16:41:51.491 D/[cc]ProxyMain(11433): [BeginMainFrame] cc.BeginMainFrame this:0x9f6cc588
11-06 16:41:51.491 D/[cc]LayerTreeHost(11433): [AnimateLayers] AnimateLayers monotonic_time=8914249643
11-06 16:41:51.491 D/[blink]FrameView(11433): [updateStyleAndLayoutIfNeededRecursiveInternal] in... this:0x55645ae0.
11-06 16:41:51.491 D/[blink]FrameView(11433): [updateStyleAndLayoutIfNeededRecursiveInternal] in... this:0x5564bf78.
11-06 16:41:51.491 D/[blink]FrameView(11433): [layout] start... this:0x5564bf78, frame=0x4d042250 content size(1280, 720). 
11-06 16:41:51.491 D/[blink]FrameView(11433): [layout] performPreLayoutTasks start... this:0x5564bf78
11-06 16:41:51.491 D/[blink]FrameView(11433): [layout] performPreLayoutTasks end... this:0x5564bf78
11-06 16:41:51.491 D/[blink]FrameView(11433): [layout] performLayout start... this:0x5564bf78
11-06 16:41:51.492 D/[blink]FrameView(11433): [layout] performLayout end... this:0x5564bf78
11-06 16:41:51.492 D/[blink]FrameView(11433): [layout] call compositor()->didLayout()!
11-06 16:41:51.492 D/[blink]FrameView(11433): [layout] updateDocumentAnnotatedRegions start... this:0x5564bf78
11-06 16:41:51.492 D/[blink]FrameView(11433): [layout] scheduleOrPerformPostLayoutTasks start... this:0x5564bf78
11-06 16:41:51.492 D/[blink]FrameView(11433): [layout] end... this:0x5564bf78
11-06 16:41:51.492 D/[blink]FrameView(11433): [layout] out... this:0x5564bf78
11-06 16:41:51.492 D/[blink]FrameView(11433): [updateStyleAndLayoutIfNeededRecursiveInternal] end... this:0x5564bf78.
11-06 16:41:51.492 D/[blink]FrameView(11433): [updateStyleAndLayoutIfNeededRecursiveInternal] end... this:0x55645ae0.
11-06 16:41:51.492 D/[blink]FrameView(11433): [updateLifecyclePhasesInternal] in... this:0x55645ae0, targetState=18
11-06 16:41:51.492 D/[blink]FrameView(11433): [updateLifecyclePhasesInternal] call compositor()->updateIfNeededRecursive()!
11-06 16:41:51.493 D/[blink]FrameView(11433): [updateLifecyclePhasesInternal] end... this:0x55645ae0
11-06 16:41:51.575 D/ir_user ( 1585): PlayerTimeLineTrace:linux_keycode:0x6a(UP),	protocol: .
11-06 16:41:51.575 V/PT      ( 1581): >>INFO:irkey_task:[    8914.333930] /dev/input/event0: type=0001 code=006a val=00000000
11-06 16:41:51.575 V/PT      ( 1581): >>INFO:irkey_send:0x3001 0x0027 up  
11-06 16:41:51.575 V/SUMA    ( 1581): ++++++++++++++  _roc_evtmgr_key_cbk 517:input = 12289, event=39, act=0x400
11-06 16:41:51.575 V/SUMA    ( 1581): lxm:_roc_evtmgr_key_cbk 519 8914334
11-06 16:41:51.575 V/SUMA    ( 1581): lxm:_roc_evtmgr_add_key_into_queue 311 8914334
11-06 16:41:51.575 V/PT      ( 1581): >>INFO:irkey_task:[    8914.333930] /dev/input/event0: type=0000 code=0000 val=00000000
11-06 16:41:51.575 V/SUMA    ( 1581): ===================>> type=0 src=0 evt=39 act=0x400
11-06 16:41:51.575 V/SUMA    ( 1581): [sysset-s][event_manager_cbk 78]lxm cbid=1, cbk_reg=1, cpid=2451
11-06 16:41:51.576 D/NGBEvent( 2451): ngbEventCallBack type:0 source :39
11-06 16:41:51.576 D/NGBEvent( 2451): [NGBEventManager-JNI]-returning:1
11-06 16:41:51.576 D/NGBEvent( 2451): Input key event: keyCode=39
11-06 16:41:51.576 D/NGBEvent( 2451): src:39 = dest:39
11-06 16:41:51.576 I/System.out( 2451): [DEBUG EventManager] LWJ--Add event to java with evt=NgbEvent-[type = 1, subtype = 402, code = 39]
11-06 16:41:51.576 D/NGBEvent( 2451): [NGBEvent_log]--[EventManager--JNI]:		start
11-06 16:41:51.576 I/System.out( 2451): [DEBUG EventManager] broadcastEvent  :len 1
11-06 16:41:51.576 D/KeyEventNgbDealer( 2451): [TN_pool-1-thread-1]handleKeyReleased keyEvent=NgbEvent-[type = 1, subtype = 402, code = 39],time=8914335
11-06 16:41:51.577 D/RemoteIME(10748): RemoteIME--> onKeyUp keyCode = 22
11-06 16:41:51.578 D/cr_AwTestContainerView(11433): [AwTestContainerView.java:63] [mainFrame]: [unknown] dispatchKeyEvent keyCode = 22 event = KeyEvent { action=ACTION_UP, keyCode=KEYCODE_DPAD_RIGHT, scanCode=106, metaState=0, flags=0x8, repeatCount=0, eventTime=8914333, downTime=8914232, deviceId=3, source=0x701 }
11-06 16:41:51.578 D/ImeAdapterAndroid(11433): [SendKeyEvent] [BUILD TIME: ] dispatchKeyEvent key_code=22 modifiers=0 unicode_char=0 scan_code=106 is_system=0 tm=8914333
11-06 16:41:51.579 D/RenderWidgetInputHandler(11433): [HandleInputEvent] input_event type=9 name=KeyUp
11-06 16:41:51.579 D/RenderWidgetInputHandler(11433): [HandleInputEvent] input_event type=9 prevent_default:0
11-06 16:41:51.579 D/WebViewImpl(11433): [handleKeyEvent] keycode:39, eventType:9 native keycode:22 frame=0x4d042250. url='http://10.14.41.246/application/bxfc/sec/popTv_new.php'.
11-06 16:41:51.580 D/[blink]KeyboardEventManager(11433): [keyEvent] initialKeyEvent KeyUp nativeKeyCode=22 windowsKeyCode=39 text[0]=0
11-06 16:41:51.580 D/[blink]KeyboardEventManager(11433): [keyEvent] initialKeyEvent focusedNode=0x0
11-06 16:41:51.627 I/Advanced(11433): [QUEUE] share_queue_sendEx size:1 4097 56 0x8e783f30,postLoopId:0,dstid:1.
11-06 16:41:51.654 D/ir_user ( 1585): PlayerTimeLineTrace:linux_keycode:0x6a(DOWN),	protocol: .
11-06 16:41:51.655 V/PT      ( 1581): >>INFO:irkey_task:[    8914.413794] /dev/input/event0: type=0001 code=006a val=00000001
11-06 16:41:51.655 V/PT      ( 1581): >>INFO:irkey_send:0x3001 0x0027 down
11-06 16:41:51.655 V/SUMA    ( 1581): ++++++++++++++  _roc_evtmgr_key_cbk 517:input = 12289, event=39, act=0x100
11-06 16:41:51.655 V/SUMA    ( 1581): lxm:_roc_evtmgr_key_cbk 519 8914413
11-06 16:41:51.655 V/SUMA    ( 1581): lxm:_roc_evtmgr_add_evt_into_queue 347 8914413
11-06 16:41:51.655 V/PT      ( 1581): >>INFO:irkey_task:[    8914.413794] /dev/input/event0: type=0000 code=0000 val=00000000
11-06 16:41:51.655 V/SUMA    ( 1581): ===================>> type=0 src=0 evt=39 act=0x100
11-06 16:41:51.655 V/SUMA    ( 1581): [sysset-s][event_manager_cbk 78]lxm cbid=1, cbk_reg=1, cpid=2451
11-06 16:41:51.655 D/NGBEvent( 2451): ngbEventCallBack type:0 source :39
11-06 16:41:51.655 D/NGBEvent( 2451): [NGBEventManager-JNI]-returning:1
11-06 16:41:51.655 D/NGBEvent( 2451): Input key event: keyCode=39
11-06 16:41:51.655 D/NGBEvent( 2451): src:39 = dest:39
11-06 16:41:51.655 I/System.out( 2451): [DEBUG EventManager] LWJ--Add event to java with evt=NgbEvent-[type = 1, subtype = 401, code = 39]
11-06 16:41:51.655 D/NGBEvent( 2451): [NGBEvent_log]--[EventManager--JNI]:		start
11-06 16:41:51.655 I/System.out( 2451): [DEBUG EventManager] broadcastEvent  :len 1
11-06 16:41:51.655 D/CombineKeyUtil( 2451): [TN_pool-1-thread-1]dealKeyEvent,combineIndex:-1:keyCode:22
11-06 16:41:51.655 D/KeyEventNgbDealer( 2451): [TN_pool-1-thread-1]handleKeyPressed keyEvent=NgbEvent-[type = 1, subtype = 401, code = 39],time=8914414
11-06 16:41:51.656 D/RemoteIME(10748): onKeyDown event = KeyEvent { action=ACTION_DOWN, keyCode=KEYCODE_DPAD_RIGHT, scanCode=106, metaState=0, flags=0x8, repeatCount=0, eventTime=8914413, downTime=8914413, deviceId=3, source=0x701 },mSkbContainer=null
11-06 16:41:51.656 D/cr_AwTestContainerView(11433): [AwTestContainerView.java:63] [mainFrame]: [unknown] dispatchKeyEvent keyCode = 22 event = KeyEvent { action=ACTION_DOWN, keyCode=KEYCODE_DPAD_RIGHT, scanCode=106, metaState=0, flags=0x8, repeatCount=0, eventTime=8914413, downTime=8914413, deviceId=3, source=0x701 }
11-06 16:41:51.656 D/ImeAdapterAndroid(11433): [SendKeyEvent] [BUILD TIME: ] dispatchKeyEvent key_code=22 modifiers=0 unicode_char=0 scan_code=106 is_system=0 tm=8914413
11-06 16:41:51.657 D/RenderWidgetInputHandler(11433): [HandleInputEvent] input_event type=8 name=KeyDown
11-06 16:41:51.657 D/RenderWidgetInputHandler(11433): [HandleInputEvent] input_event type=8 prevent_default:0
11-06 16:41:51.657 D/WebViewImpl(11433): [handleKeyEvent] keycode:39, eventType:8 native keycode:22 frame=0x4d042250. url='http://10.14.41.246/application/bxfc/sec/popTv_new.php'.
11-06 16:41:51.657 D/[blink]KeyboardEventManager(11433): [keyEvent] initialKeyEvent KeyDown nativeKeyCode=22 windowsKeyCode=39 text[0]=0
11-06 16:41:51.657 D/[blink]KeyboardEventManager(11433): [keyEvent] initialKeyEvent focusedNode=0x0
11-06 16:41:51.657 D/V8ScriptRunner(11433): [callFunction] start. frame = 0x4d042250 function: f.document.onkeydown url: http://10.14.41.246/application/bxfc/sec/popTv_new.php line: 2267
11-06 16:41:51.657 D/base::KeyConverter(11433): [get] convert 22 => -1.
11-06 16:41:51.657 D/ChromeClientImpl(11433): [addMessageToConsole] [LOG:CONSOLE(4089)] "tmpPage==this.getNext _num:1==_flag:0==this.focusPos:1", source:http://10.14.41.246/application/bxfc/sec/popTv_new.php (4089)
11-06 16:41:51.657 D/ChromeClientImpl(11433): [addMessageToConsole] [LOG:CONSOLE(4089)] "tmpPage==this.getNext tmpNum:0==this.pageSize:36==this.currPage:0==this.totalPage:1", source:http://10.14.41.246/application/bxfc/sec/popTv_new.php (4089)
11-06 16:41:51.657 D/ChromeClientImpl(11433): [addMessageToConsole] [LOG:CONSOLE(4089)] "tmpPage==this.getNext this.dataArr.flag[tmpNum+i]:1==i:2==this.currPage:0==this.totalPage:1", source:http://10.14.41.246/application/bxfc/sec/popTv_new.php (4089)
11-06 16:41:51.657 D/ChromeClientImpl(11433): [addMessageToConsole] [LOG:CONSOLE(4089)] "tmpPage==this.changePos nextPos:2==currPage:0", source:http://10.14.41.246/application/bxfc/sec/popTv_new.php (4089)
11-06 16:41:51.657 D/ChromeClientImpl(11433): [addMessageToConsole] [LOG:CONSOLE(4089)] "_popTd1=_pos==1==disFocus==tmpPos===1", source:http://10.14.41.246/application/bxfc/sec/popTv_new.php (4089)
11-06 16:41:51.658 D/[cc]beginFrameSource(11433): [AddObserver] ExternalBeginFrameSource::AddObserver
11-06 16:41:51.658 D/ChromeClientImpl(11433): [addMessageToConsole] [LOG:CONSOLE(4089)] "this.prePage=== t444==this.currPage:0==his.totalPage:1", source:http://10.14.41.246/application/bxfc/sec/popTv_new.php (4089)
11-06 16:41:51.658 D/ChromeClientImpl(11433): [addMessageToConsole] [LOG:CONSOLE(4089)] "this.prePage=== t444==his.focusPos:2", source:http://10.14.41.246/application/bxfc/sec/popTv_new.php (4089)
11-06 16:41:51.658 D/ChromeClientImpl(11433): [addMessageToConsole] [LOG:CONSOLE(4089)] "_popTd2", source:http://10.14.41.246/application/bxfc/sec/popTv_new.php (4089)
11-06 16:41:51.658 D/ChromeClientImpl(11433): [addMessageToConsole] [LOG:CONSOLE(4089)] "_popTd2==showFocus==tmpPos===2=this.dataArr.obj[tmpPos].isNewFlag==false", source:http://10.14.41.246/application/bxfc/sec/popTv_new.php (4089)
11-06 16:41:51.658 D/V8ScriptRunner(11433): [callFunction] end. frame = 0x4d042250 function: f.document.onkeydown url: http://10.14.41.246/application/bxfc/sec/popTv_new.php line: 2267
11-06 16:41:51.659 D/[blink]KeyboardEventManager(11433): [keyEvent] dispatchResult = CanceledByEventHandler
11-06 16:41:51.674 D/[cc]ProxyMain(11433): [BeginMainFrame] cc.BeginMainFrame this:0x9f6cc588
11-06 16:41:51.674 D/[cc]LayerTreeHost(11433): [AnimateLayers] AnimateLayers monotonic_time=8914432976
11-06 16:41:51.674 D/[blink]FrameView(11433): [updateStyleAndLayoutIfNeededRecursiveInternal] in... this:0x55645ae0.
11-06 16:41:51.674 D/[blink]FrameView(11433): [updateStyleAndLayoutIfNeededRecursiveInternal] in... this:0x5564bf78.
11-06 16:41:51.675 D/[blink]FrameView(11433): [layout] start... this:0x5564bf78, frame=0x4d042250 content size(1280, 720). 
11-06 16:41:51.675 D/[blink]FrameView(11433): [layout] performPreLayoutTasks start... this:0x5564bf78
11-06 16:41:51.675 D/[blink]FrameView(11433): [layout] performPreLayoutTasks end... this:0x5564bf78
11-06 16:41:51.675 D/[blink]FrameView(11433): [layout] performLayout start... this:0x5564bf78
11-06 16:41:51.675 D/[blink]FrameView(11433): [layout] performLayout end... this:0x5564bf78
11-06 16:41:51.675 D/[blink]FrameView(11433): [layout] call compositor()->didLayout()!
11-06 16:41:51.675 D/[blink]FrameView(11433): [layout] updateDocumentAnnotatedRegions start... this:0x5564bf78
11-06 16:41:51.675 D/[blink]FrameView(11433): [layout] scheduleOrPerformPostLayoutTasks start... this:0x5564bf78
11-06 16:41:51.675 D/[blink]FrameView(11433): [layout] end... this:0x5564bf78
11-06 16:41:51.675 D/[blink]FrameView(11433): [layout] out... this:0x5564bf78
11-06 16:41:51.675 D/[blink]FrameView(11433): [updateStyleAndLayoutIfNeededRecursiveInternal] end... this:0x5564bf78.
11-06 16:41:51.675 D/[blink]FrameView(11433): [updateStyleAndLayoutIfNeededRecursiveInternal] end... this:0x55645ae0.
11-06 16:41:51.675 D/[blink]FrameView(11433): [updateLifecyclePhasesInternal] in... this:0x55645ae0, targetState=18
11-06 16:41:51.675 D/[blink]FrameView(11433): [updateLifecyclePhasesInternal] call compositor()->updateIfNeededRecursive()!
11-06 16:41:51.677 D/[blink]FrameView(11433): [updateLifecyclePhasesInternal] end... this:0x55645ae0
11-06 16:41:51.693 D/[blink]DOMTimer(11433): [fired] 0x55651020 timeout fired.
11-06 16:41:51.693 D/ScriptController(11433): [executeScriptAndReturnValue] [V8] evaluate Script start. frame=0x4cf21a48 url= line=1. source length=22
11-06 16:41:51.693 D/iPanel  (11433): iPanel.debug("checkOverlayCreated")
11-06 16:41:51.693 D/[blink]DOMTimer(11433): [DOMTimer] 0x55651220 setTimeout 300ms, repeat:0.
11-06 16:41:51.693 D/ScriptController(11433): [executeScriptAndReturnValue] [V8] evaluate Script end. frame=0x4cf21a48 
11-06 16:41:51.756 D/ir_user ( 1585): PlayerTimeLineTrace:linux_keycode:0x6a(UP),	protocol: .
11-06 16:41:51.756 V/PT      ( 1581): >>INFO:irkey_task:[    8914.514879] /dev/input/event0: type=0001 code=006a val=00000000
11-06 16:41:51.756 V/PT      ( 1581): >>INFO:irkey_send:0x3001 0x0027 up  
11-06 16:41:51.756 V/SUMA    ( 1581): ++++++++++++++  _roc_evtmgr_key_cbk 517:input = 12289, event=39, act=0x400
11-06 16:41:51.756 V/SUMA    ( 1581): lxm:_roc_evtmgr_key_cbk 519 8914514
11-06 16:41:51.756 V/SUMA    ( 1581): lxm:_roc_evtmgr_add_key_into_queue 311 8914515
11-06 16:41:51.756 V/PT      ( 1581): >>INFO:irkey_task:[    8914.514879] /dev/input/event0: type=0000 code=0000 val=00000000
11-06 16:41:51.756 V/SUMA    ( 1581): ===================>> type=0 src=0 evt=39 act=0x400
11-06 16:41:51.756 V/SUMA    ( 1581): [sysset-s][event_manager_cbk 78]lxm cbid=1, cbk_reg=1, cpid=2451
11-06 16:41:51.756 D/NGBEvent( 2451): ngbEventCallBack type:0 source :39
11-06 16:41:51.756 D/NGBEvent( 2451): [NGBEventManager-JNI]-returning:1
11-06 16:41:51.756 D/NGBEvent( 2451): Input key event: keyCode=39
11-06 16:41:51.756 D/NGBEvent( 2451): src:39 = dest:39
11-06 16:41:51.756 I/System.out( 2451): [DEBUG EventManager] LWJ--Add event to java with evt=NgbEvent-[type = 1, subtype = 402, code = 39]
11-06 16:41:51.756 D/NGBEvent( 2451): [NGBEvent_log]--[EventManager--JNI]:		start
11-06 16:41:51.756 I/System.out( 2451): [DEBUG EventManager] broadcastEvent  :len 1
11-06 16:41:51.756 D/KeyEventNgbDealer( 2451): [TN_pool-1-thread-1]handleKeyReleased keyEvent=NgbEvent-[type = 1, subtype = 402, code = 39],time=8914515
11-06 16:41:51.756 D/RemoteIME(10748): RemoteIME--> onKeyUp keyCode = 22
11-06 16:41:51.757 D/cr_AwTestContainerView(11433): [AwTestContainerView.java:63] [mainFrame]: [unknown] dispatchKeyEvent keyCode = 22 event = KeyEvent { action=ACTION_UP, keyCode=KEYCODE_DPAD_RIGHT, scanCode=106, metaState=0, flags=0x8, repeatCount=0, eventTime=8914514, downTime=8914413, deviceId=3, source=0x701 }
11-06 16:41:51.757 D/ImeAdapterAndroid(11433): [SendKeyEvent] [BUILD TIME: ] dispatchKeyEvent key_code=22 modifiers=0 unicode_char=0 scan_code=106 is_system=0 tm=8914514
11-06 16:41:51.757 D/RenderWidgetInputHandler(11433): [HandleInputEvent] input_event type=9 name=KeyUp
11-06 16:41:51.757 D/RenderWidgetInputHandler(11433): [HandleInputEvent] input_event type=9 prevent_default:0
11-06 16:41:51.757 D/WebViewImpl(11433): [handleKeyEvent] keycode:39, eventType:9 native keycode:22 frame=0x4d042250. url='http://10.14.41.246/application/bxfc/sec/popTv_new.php'.
11-06 16:41:51.757 D/[blink]KeyboardEventManager(11433): [keyEvent] initialKeyEvent KeyUp nativeKeyCode=22 windowsKeyCode=39 text[0]=0
11-06 16:41:51.757 D/[blink]KeyboardEventManager(11433): [keyEvent] initialKeyEvent focusedNode=0x0
11-06 16:41:51.813 D/BackBootDealerNeimeng( 2355): standbyState:
11-06 16:41:51.813 E/NetUtils( 2021): Interface eth0 LinkDown!
11-06 16:41:51.827 I/Advanced(11433): [QUEUE] share_queue_sendEx size:1 4097 57 0x8e783f30,postLoopId:0,dstid:1.
11-06 16:41:51.994 D/[blink]DOMTimer(11433): [fired] 0x55651220 timeout fired.
11-06 16:41:51.994 D/ScriptController(11433): [executeScriptAndReturnValue] [V8] evaluate Script start. frame=0x4cf21a48 url= line=1. source length=22
11-06 16:41:51.994 D/iPanel  (11433): iPanel.debug("checkOverlayCreated")
11-06 16:41:51.994 D/[blink]DOMTimer(11433): [DOMTimer] 0x55651290 setTimeout 300ms, repeat:0.
11-06 16:41:51.994 D/ScriptController(11433): [executeScriptAndReturnValue] [V8] evaluate Script end. frame=0x4cf21a48 
11-06 16:41:52.027 I/Advanced(11433): [QUEUE] share_queue_sendEx size:1 4097 58 0x8e783f30,postLoopId:0,dstid:1.
11-06 16:41:52.228 I/Advanced(11433): [QUEUE] share_queue_sendEx size:1 4097 59 0x8e783f30,postLoopId:0,dstid:1.
11-06 16:41:52.269 D/ir_user ( 1585): PlayerTimeLineTrace:linux_keycode:0x69(DOWN),	protocol: .
11-06 16:41:52.269 V/PT      ( 1581): >>INFO:irkey_task:[    8915.028158] /dev/input/event0: type=0001 code=0069 val=00000001
11-06 16:41:52.269 V/PT      ( 1581): >>INFO:irkey_send:0x3001 0x0025 down
11-06 16:41:52.269 V/SUMA    ( 1581): ++++++++++++++  _roc_evtmgr_key_cbk 517:input = 12289, event=37, act=0x100
11-06 16:41:52.269 V/SUMA    ( 1581): lxm:_roc_evtmgr_key_cbk 519 8915028
11-06 16:41:52.269 V/SUMA    ( 1581): lxm:_roc_evtmgr_add_evt_into_queue 347 8915028
11-06 16:41:52.269 V/PT      ( 1581): >>INFO:irkey_task:[    8915.028158] /dev/input/event0: type=0000 code=0000 val=00000000
11-06 16:41:52.269 V/SUMA    ( 1581): ===================>> type=0 src=0 evt=37 act=0x100
11-06 16:41:52.270 V/SUMA    ( 1581): [sysset-s][event_manager_cbk 78]lxm cbid=1, cbk_reg=1, cpid=2451
11-06 16:41:52.270 D/NGBEvent( 2451): ngbEventCallBack type:0 source :37
11-06 16:41:52.270 D/NGBEvent( 2451): [NGBEventManager-JNI]-returning:1
11-06 16:41:52.270 D/NGBEvent( 2451): Input key event: keyCode=37
11-06 16:41:52.270 D/NGBEvent( 2451): src:37 = dest:37
11-06 16:41:52.270 I/System.out( 2451): [DEBUG EventManager] LWJ--Add event to java with evt=NgbEvent-[type = 1, subtype = 401, code = 37]
11-06 16:41:52.270 D/NGBEvent( 2451): [NGBEvent_log]--[EventManager--JNI]:		start
11-06 16:41:52.270 I/System.out( 2451): [DEBUG EventManager] broadcastEvent  :len 1
11-06 16:41:52.270 D/CombineKeyUtil( 2451): [TN_pool-1-thread-1]dealKeyEvent,combineIndex:-1:keyCode:21
11-06 16:41:52.271 D/KeyEventNgbDealer( 2451): [TN_pool-1-thread-1]handleKeyPressed keyEvent=NgbEvent-[type = 1, subtype = 401, code = 37],time=8915029
11-06 16:41:52.271 D/RemoteIME(10748): onKeyDown event = KeyEvent { action=ACTION_DOWN, keyCode=KEYCODE_DPAD_LEFT, scanCode=105, metaState=0, flags=0x8, repeatCount=0, eventTime=8915028, downTime=8915028, deviceId=3, source=0x701 },mSkbContainer=null
11-06 16:41:52.273 D/cr_AwTestContainerView(11433): [AwTestContainerView.java:63] [mainFrame]: [unknown] dispatchKeyEvent keyCode = 21 event = KeyEvent { action=ACTION_DOWN, keyCode=KEYCODE_DPAD_LEFT, scanCode=105, metaState=0, flags=0x8, repeatCount=0, eventTime=8915028, downTime=8915028, deviceId=3, source=0x701 }
11-06 16:41:52.273 D/ImeAdapterAndroid(11433): [SendKeyEvent] [BUILD TIME: ] dispatchKeyEvent key_code=21 modifiers=0 unicode_char=0 scan_code=105 is_system=0 tm=8915028
11-06 16:41:52.274 D/RenderWidgetInputHandler(11433): [HandleInputEvent] input_event type=8 name=KeyDown
11-06 16:41:52.274 D/RenderWidgetInputHandler(11433): [HandleInputEvent] input_event type=8 prevent_default:0
11-06 16:41:52.274 D/WebViewImpl(11433): [handleKeyEvent] keycode:37, eventType:8 native keycode:21 frame=0x4d042250. url='http://10.14.41.246/application/bxfc/sec/popTv_new.php'.
11-06 16:41:52.274 D/[blink]KeyboardEventManager(11433): [keyEvent] initialKeyEvent KeyDown nativeKeyCode=21 windowsKeyCode=37 text[0]=0
11-06 16:41:52.274 D/[blink]KeyboardEventManager(11433): [keyEvent] initialKeyEvent focusedNode=0x0
11-06 16:41:52.274 D/V8ScriptRunner(11433): [callFunction] start. frame = 0x4d042250 function: f.document.onkeydown url: http://10.14.41.246/application/bxfc/sec/popTv_new.php line: 2267
11-06 16:41:52.274 D/base::KeyConverter(11433): [get] convert 21 => -1.
11-06 16:41:52.275 D/ChromeClientImpl(11433): [addMessageToConsole] [LOG:CONSOLE(4089)] "tmpPage==this.getNext _num:-1==_flag:0==this.focusPos:2", source:http://10.14.41.246/application/bxfc/sec/popTv_new.php (4089)
11-06 16:41:52.275 D/ChromeClientImpl(11433): [addMessageToConsole] [LOG:CONSOLE(4089)] "tmpPage==this.currPage:true", source:http://10.14.41.246/application/bxfc/sec/popTv_new.php (4089)
11-06 16:41:52.276 D/ChromeClientImpl(11433): [addMessageToConsole] [LOG:CONSOLE(4089)] "tmpPage==this.currPage:0==this.currPage:0==i:1", source:http://10.14.41.246/application/bxfc/sec/popTv_new.php (4089)
11-06 16:41:52.276 D/ChromeClientImpl(11433): [addMessageToConsole] [LOG:CONSOLE(4089)] "tmpPage==this.changePos nextPos:1==currPage:0", source:http://10.14.41.246/application/bxfc/sec/popTv_new.php (4089)
11-06 16:41:52.276 D/ChromeClientImpl(11433): [addMessageToConsole] [LOG:CONSOLE(4089)] "_popTd2=_pos==2==disFocus==tmpPos===2", source:http://10.14.41.246/application/bxfc/sec/popTv_new.php (4089)
11-06 16:41:52.277 D/[cc]beginFrameSource(11433): [AddObserver] ExternalBeginFrameSource::AddObserver
11-06 16:41:52.277 D/ChromeClientImpl(11433): [addMessageToConsole] [LOG:CONSOLE(4089)] "this.prePage=== t444==this.currPage:0==his.totalPage:1", source:http://10.14.41.246/application/bxfc/sec/popTv_new.php (4089)
11-06 16:41:52.278 D/ChromeClientImpl(11433): [addMessageToConsole] [LOG:CONSOLE(4089)] "this.prePage=== t444==his.focusPos:1", source:http://10.14.41.246/application/bxfc/sec/popTv_new.php (4089)
11-06 16:41:52.278 D/ChromeClientImpl(11433): [addMessageToConsole] [LOG:CONSOLE(4089)] "_popTd1", source:http://10.14.41.246/application/bxfc/sec/popTv_new.php (4089)
11-06 16:41:52.278 D/ChromeClientImpl(11433): [addMessageToConsole] [LOG:CONSOLE(4089)] "_popTd1==showFocus==tmpPos===1=this.dataArr.obj[tmpPos].isNewFlag==false", source:http://10.14.41.246/application/bxfc/sec/popTv_new.php (4089)
11-06 16:41:52.279 D/V8ScriptRunner(11433): [callFunction] end. frame = 0x4d042250 function: f.document.onkeydown url: http://10.14.41.246/application/bxfc/sec/popTv_new.php line: 2267
11-06 16:41:52.279 D/[blink]KeyboardEventManager(11433): [keyEvent] dispatchResult = CanceledByEventHandler
11-06 16:41:52.291 D/[cc]ProxyMain(11433): [BeginMainFrame] cc.BeginMainFrame this:0x9f6cc588
11-06 16:41:52.291 D/[cc]LayerTreeHost(11433): [AnimateLayers] AnimateLayers monotonic_time=8915049643
11-06 16:41:52.291 D/[blink]FrameView(11433): [updateStyleAndLayoutIfNeededRecursiveInternal] in... this:0x55645ae0.
11-06 16:41:52.291 D/[blink]FrameView(11433): [updateStyleAndLayoutIfNeededRecursiveInternal] in... this:0x5564bf78.
