11-06 16:05:15.074 V/WindowManager( 2021): Adding window Window{2992874d u0 SurfaceView} at 8 of 15 (before Window{6d167aa u0 com.ipanel.android_webview.shell/com.ipanel.webapp.BrowserActivity})
11-06 16:05:15.126 W/ViewRootImpl( 9646): Cancelling event due to no window focus: KeyEvent { action=ACTION_UP, keyCode=KEYCODE_DPAD_CENTER, scanCode=28, metaState=0, flags=0x80000028, repeatCount=0, eventTime=6717569, downTime=6717252, deviceId=3, source=0x701 }
11-06 16:05:15.126 W/ViewRootImpl( 9646): Cancelling event due to no window focus: KeyEvent { action=ACTION_UP, keyCode=KEYCODE_DPAD_CENTER, scanCode=28, metaState=0, flags=0x80000028, repeatCount=0, eventTime=6717569, downTime=6717252, deviceId=3, source=0x701 }
11-06 16:05:15.126 W/ViewRootImpl( 9646): Cancelling event due to no window focus: KeyEvent { action=ACTION_UP, keyCode=KEYCODE_DPAD_CENTER, scanCode=28, metaState=0, flags=0x80000028, repeatCount=0, eventTime=6717569, downTime=6717252, deviceId=3, source=0x701 }
11-06 16:05:15.126 W/ViewRootImpl( 9646): Cancelling event due to no window focus: KeyEvent { action=ACTION_UP, keyCode=KEYCODE_DPAD_CENTER, scanCode=28, metaState=0, flags=0x80000028, repeatCount=0, eventTime=6717569, downTime=6717252, deviceId=3, source=0x701 }
11-06 16:05:15.126 W/ViewRootImpl( 9646): Cancelling event due to no window focus: KeyEvent { action=ACTION_UP, keyCode=KEYCODE_DPAD_CENTER, scanCode=28, metaState=0, flags=0x80000028, repeatCount=0, eventTime=6717569, downTime=6717252, deviceId=3, source=0x701 }
11-06 16:05:15.126 W/ViewRootImpl( 9646): Cancelling event due to no window focus: KeyEvent { action=ACTION_UP, keyCode=KEYCODE_DPAD_CENTER, scanCode=28, metaState=0, flags=0x80000028, repeatCount=0, eventTime=6717569, downTime=6717252, deviceId=3, source=0x701 }
11-06 16:05:15.127 W/ViewRootImpl( 9646): Cancelling event due to no window focus: KeyEvent { action=ACTION_UP, keyCode=KEYCODE_DPAD_CENTER, scanCode=28, metaState=0, flags=0x80000028, repeatCount=0, eventTime=6717569, downTime=6717252, deviceId=3, source=0x701 }
11-06 16:05:15.127 W/ViewRootImpl( 9646): Cancelling event due to no window focus: KeyEvent { action=ACTION_UP, keyCode=KEYCODE_DPAD_CENTER, scanCode=28, metaState=0, flags=0x80000028, repeatCount=0, eventTime=6717569, downTime=6717252, deviceId=3, source=0x701 }
11-06 16:05:15.127 W/ViewRootImpl( 9646): Cancelling event due to no window focus: KeyEvent { action=ACTION_UP, keyCode=KEYCODE_DPAD_CENTER, scanCode=28, metaState=0, flags=0x80000028, repeatCount=0, eventTime=6717569, downTime=6717252, deviceId=3, source=0x701 }
11-06 16:05:15.599 W/ViewRootImpl( 2491): Cancelling event due to no window focus: KeyEvent { action=ACTION_UP, keyCode=KEYCODE_DPAD_CENTER, scanCode=28, metaState=0, flags=0x28, repeatCount=0, eventTime=6717317, downTime=6717252, deviceId=3, source=0x701 }
11-06 16:05:15.599 W/ViewRootImpl( 2491): Cancelling event due to no window focus: KeyEvent { action=ACTION_UP, keyCode=KEYCODE_DPAD_CENTER, scanCode=28, metaState=0, flags=0x28, repeatCount=0, eventTime=6717317, downTime=6717252, deviceId=3, source=0x701 }
11-06 16:05:15.599 W/ViewRootImpl( 2491): Cancelling event due to no window focus: KeyEvent { action=ACTION_UP, keyCode=KEYCODE_DPAD_CENTER, scanCode=28, metaState=0, flags=0x28, repeatCount=0, eventTime=6717317, downTime=6717252, deviceId=3, source=0x701 }
11-06 16:05:15.601 W/ViewRootImpl( 2491): Cancelling event due to no window focus: KeyEvent { action=ACTION_UP, keyCode=KEYCODE_DPAD_CENTER, scanCode=28, metaState=0, flags=0x28, repeatCount=0, eventTime=6717317, downTime=6717252, deviceId=3, source=0x701 }
11-06 16:05:15.601 W/ViewRootImpl( 2491): Cancelling event due to no window focus: KeyEvent { action=ACTION_UP, keyCode=KEYCODE_DPAD_CENTER, scanCode=28, metaState=0, flags=0x28, repeatCount=0, eventTime=6717317, downTime=6717252, deviceId=3, source=0x701 }
11-06 16:05:15.601 W/ViewRootImpl( 2491): Cancelling event due to no window focus: KeyEvent { action=ACTION_UP, keyCode=KEYCODE_DPAD_CENTER, scanCode=28, metaState=0, flags=0x28, repeatCount=0, eventTime=6717317, downTime=6717252, deviceId=3, source=0x701 }
11-06 16:05:15.601 W/ViewRootImpl( 2491): Cancelling event due to no window focus: KeyEvent { action=ACTION_UP, keyCode=KEYCODE_DPAD_CENTER, scanCode=28, metaState=0, flags=0x28, repeatCount=0, eventTime=6717317, downTime=6717252, deviceId=3, source=0x701 }
11-06 16:05:15.601 W/ViewRootImpl( 2491): Cancelling event due to no window focus: KeyEvent { action=ACTION_UP, keyCode=KEYCODE_DPAD_CENTER, scanCode=28, metaState=0, flags=0x28, repeatCount=0, eventTime=6717317, downTime=6717252, deviceId=3, source=0x701 }
11-06 16:05:15.601 W/ViewRootImpl( 2491): Cancelling event due to no window focus: KeyEvent { action=ACTION_UP, keyCode=KEYCODE_DPAD_CENTER, scanCode=28, metaState=0, flags=0x28, repeatCount=0, eventTime=6717317, downTime=6717252, deviceId=3, source=0x701 }
11-06 16:05:24.688 W/ContextImpl( 2355): Calling a method in the system process without a qualified user: android.app.ContextImpl.sendBroadcast:1345 android.content.ContextWrapper.sendBroadcast:377 com.suma.midware.back.esg.e.f:-1 com.suma.midware.back.esg.f.run:-1 com.suma.midware.prop.util.c.run:-1 
11-06 16:05:25.691 W/ContextImpl( 2355): Calling a method in the system process without a qualified user: android.app.ContextImpl.sendBroadcast:1345 android.content.ContextWrapper.sendBroadcast:377 com.suma.midware.back.esg.e.f:-1 com.suma.midware.back.esg.f.run:-1 com.suma.midware.prop.util.c.run:-1 
11-06 16:05:25.744 W/InputMethodManagerService( 2021): Starting input on non-focused client com.android.internal.view.IInputMethodClient$Stub$Proxy@1d5f258b (uid=10024 pid=9646)
11-06 16:05:26.325 I/ActivityManager( 2021): Force stopping com.ipanel.android_webview.shell appid=10024 user=0: from pid 2355
11-06 16:05:26.325 I/ActivityManager( 2021): Killing 9646:com.ipanel.android_webview.shell/u0a24 (adj 0): stop com.ipanel.android_webview.shell
11-06 16:05:26.341 D/ConnectivityService( 2021): ConnectivityService NetworkRequestInfo binderDied(NetworkRequest [ id=23, legacyType=-1, [ Capabilities: INTERNET&NOT_RESTRICTED&TRUSTED] ], android.os.BinderProxy@13758668)
11-06 16:05:26.341 I/WindowState( 2021): WIN DEATH: Window{12a21a77 u0 SurfaceView}
11-06 16:05:26.342 D/ConnectivityService( 2021): releasing NetworkRequest NetworkRequest [ id=23, legacyType=-1, [ Capabilities: INTERNET&NOT_RESTRICTED&TRUSTED] ]
11-06 16:05:26.348 E/ConnectivityService( 2021): RemoteException caught trying to send a callback msg for NetworkRequest [ id=23, legacyType=-1, [ Capabilities: INTERNET&NOT_RESTRICTED&TRUSTED] ]
11-06 16:05:26.351 I/WindowState( 2021): WIN DEATH: Window{2992874d u0 SurfaceView}
11-06 16:05:26.352 W/ActivityManager( 2021): Force removing ActivityRecord{31642e u0 com.ipanel.android_webview.shell/com.ipanel.webapp.BrowserActivity t480}: app died, no saved state
11-06 16:05:26.356 W/WindowManager( 2021): Failed looking up window
11-06 16:05:26.356 W/WindowManager( 2021): java.lang.IllegalArgumentException: Requested window android.os.BinderProxy@1d189a95 does not exist
11-06 16:05:26.356 W/WindowManager( 2021): 	at com.android.server.wm.WindowManagerService.windowForClientLocked(WindowManagerService.java:8654)
11-06 16:05:26.356 W/WindowManager( 2021): 	at com.android.server.wm.WindowManagerService.windowForClientLocked(WindowManagerService.java:8645)
11-06 16:05:26.356 W/WindowManager( 2021): 	at com.android.server.wm.WindowState$DeathRecipient.binderDied(WindowState.java:1142)
11-06 16:05:26.356 W/WindowManager( 2021): 	at android.os.BinderProxy.sendDeathNotice(Binder.java:551)
11-06 16:05:26.356 I/WindowState( 2021): WIN DEATH: null
11-06 16:05:26.363 W/ActivityManager( 2021): Spurious death for ProcessRecord{346e1a81 9646:com.ipanel.android_webview.shell/u0a24}, curProc for 9646: null
11-06 16:05:26.364 I/ActivityManager( 2021): Force stopping com.amlogic.inputmethod.remote appid=10019 user=0: from pid 2355
11-06 16:05:26.364 I/ActivityManager( 2021): Killing 8534:com.amlogic.inputmethod.remote/u0a19 (adj 2): stop com.amlogic.inputmethod.remote
11-06 16:05:26.372 W/ActivityManager( 2021): Scheduling restart of crashed service com.amlogic.inputmethod.remote/.RemoteIME in 1000ms
11-06 16:05:26.372 I/ActivityManager( 2021):   Force stopping service ServiceRecord{244395c4 u0 com.amlogic.inputmethod.remote/.RemoteIME}
11-06 16:05:26.375 W/InputMethodManagerService( 2021): Session failed to close due to remote exception
11-06 16:05:26.375 W/InputMethodManagerService( 2021): android.os.DeadObjectException
11-06 16:05:26.375 W/InputMethodManagerService( 2021): 	at android.os.BinderProxy.transactNative(Native Method)
11-06 16:05:26.375 W/InputMethodManagerService( 2021): 	at android.os.BinderProxy.transact(Binder.java:496)
11-06 16:05:26.375 W/InputMethodManagerService( 2021): 	at com.android.internal.view.IInputMethodSession$Stub$Proxy.finishSession(IInputMethodSession.java:305)
11-06 16:05:26.375 W/InputMethodManagerService( 2021): 	at com.android.server.InputMethodManagerService.finishSessionLocked(InputMethodManagerService.java:1420)
11-06 16:05:26.375 W/InputMethodManagerService( 2021): 	at com.android.server.InputMethodManagerService.clearClientSessionLocked(InputMethodManagerService.java:1411)
11-06 16:05:26.375 W/InputMethodManagerService( 2021): 	at com.android.server.InputMethodManagerService.clearCurMethodLocked(InputMethodManagerService.java:1437)
11-06 16:05:26.375 W/InputMethodManagerService( 2021): 	at com.android.server.InputMethodManagerService.onServiceDisconnected(InputMethodManagerService.java:1456)
11-06 16:05:26.375 W/InputMethodManagerService( 2021): 	at android.app.LoadedApk$ServiceDispatcher.doDeath(LoadedApk.java:1215)
11-06 16:05:26.375 W/InputMethodManagerService( 2021): 	at android.app.LoadedApk$ServiceDispatcher$RunConnection.run(LoadedApk.java:1229)
11-06 16:05:26.375 W/InputMethodManagerService( 2021): 	at android.os.Handler.handleCallback(Handler.java:739)
11-06 16:05:26.375 W/InputMethodManagerService( 2021): 	at android.os.Handler.dispatchMessage(Handler.java:95)
11-06 16:05:26.375 W/InputMethodManagerService( 2021): 	at android.os.Looper.loop(Looper.java:135)
11-06 16:05:26.375 W/InputMethodManagerService( 2021): 	at com.android.server.SystemServer.run(SystemServer.java:383)
11-06 16:05:26.375 W/InputMethodManagerService( 2021): 	at com.android.server.SystemServer.main(SystemServer.java:178)
11-06 16:05:26.375 W/InputMethodManagerService( 2021): 	at java.lang.reflect.Method.invoke(Native Method)
11-06 16:05:26.375 W/InputMethodManagerService( 2021): 	at java.lang.reflect.Method.invoke(Method.java:372)
11-06 16:05:26.375 W/InputMethodManagerService( 2021): 	at com.android.internal.os.ZygoteInit$MethodAndArgsCaller.run(ZygoteInit.java:903)
11-06 16:05:26.375 W/InputMethodManagerService( 2021): 	at com.android.internal.os.ZygoteInit.main(ZygoteInit.java:698)
11-06 16:05:26.376 W/ActivityManager( 2021): Spurious death for ProcessRecord{29b46be2 8534:com.amlogic.inputmethod.remote/u0a19}, curProc for 8534: null
11-06 16:05:26.381 W/ActivityManager( 2021): Invalid packageName: android.process.media
11-06 16:05:26.381 W/InputMethodManagerService( 2021): Session failed to close due to remote exception
11-06 16:05:26.381 W/InputMethodManagerService( 2021): android.os.DeadObjectException
11-06 16:05:26.381 W/InputMethodManagerService( 2021): 	at android.os.BinderProxy.transactNative(Native Method)
11-06 16:05:26.381 W/InputMethodManagerService( 2021): 	at android.os.BinderProxy.transact(Binder.java:496)
11-06 16:05:26.381 W/InputMethodManagerService( 2021): 	at com.android.internal.view.IInputMethodSession$Stub$Proxy.finishSession(IInputMethodSession.java:305)
11-06 16:05:26.381 W/InputMethodManagerService( 2021): 	at com.android.server.InputMethodManagerService.finishSessionLocked(InputMethodManagerService.java:1420)
11-06 16:05:26.381 W/InputMethodManagerService( 2021): 	at com.android.server.InputMethodManagerService.clearClientSessionLocked(InputMethodManagerService.java:1411)
11-06 16:05:26.381 W/InputMethodManagerService( 2021): 	at com.android.server.InputMethodManagerService.clearCurMethodLocked(InputMethodManagerService.java:1437)
11-06 16:05:26.381 W/InputMethodManagerService( 2021): 	at com.android.server.InputMethodManagerService.onServiceDisconnected(InputMethodManagerService.java:1456)
11-06 16:05:26.381 W/InputMethodManagerService( 2021): 	at android.app.LoadedApk$ServiceDispatcher.doDeath(LoadedApk.java:1215)
11-06 16:05:26.381 W/InputMethodManagerService( 2021): 	at android.app.LoadedApk$ServiceDispatcher$RunConnection.run(LoadedApk.java:1229)
11-06 16:05:26.381 W/InputMethodManagerService( 2021): 	at android.os.Handler.handleCallback(Handler.java:739)
11-06 16:05:26.381 W/InputMethodManagerService( 2021): 	at android.os.Handler.dispatchMessage(Handler.java:95)
11-06 16:05:26.381 W/InputMethodManagerService( 2021): 	at android.os.Looper.loop(Looper.java:135)
11-06 16:05:26.381 W/InputMethodManagerService( 2021): 	at com.android.server.SystemServer.run(SystemServer.java:383)
11-06 16:05:26.381 W/InputMethodManagerService( 2021): 	at com.android.server.SystemServer.main(SystemServer.java:178)
11-06 16:05:26.381 W/InputMethodManagerService( 2021): 	at java.lang.reflect.Method.invoke(Native Method)
11-06 16:05:26.381 W/InputMethodManagerService( 2021): 	at java.lang.reflect.Method.invoke(Method.java:372)
11-06 16:05:26.381 W/InputMethodManagerService( 2021): 	at com.android.internal.os.ZygoteInit$MethodAndArgsCaller.run(ZygoteInit.java:903)
11-06 16:05:26.381 W/InputMethodManagerService( 2021): 	at com.android.internal.os.ZygoteInit.main(ZygoteInit.java:698)
11-06 16:05:26.381 I/ActivityManager( 2021): Force stopping com.android.phone appid=1001 user=0: from pid 2355
11-06 16:05:26.384 I/ActivityManager( 2021): Force stopping com.suma.midware.dms appid=1000 user=0: from pid 2355
11-06 16:05:26.386 I/ActivityManager( 2021): Force stopping com.hisilicon.android.hiRMService appid=1000 user=0: from pid 2355
11-06 16:05:26.398 W/ContextImpl( 2491): Calling a method in the system process without a qualified user: android.app.ContextImpl.sendBroadcast:1345 android.content.ContextWrapper.sendBroadcast:377 com.suma.midware.view.ext.BluetoothUpdate.b:-1 com.suma.midware.home.third.Main3DActivity.onResume:-1 android.app.Instrumentation.callActivityOnResume:1257 
11-06 16:05:26.402 I/ActivityManager( 2021): Config changes=20 {1.0 ?mcc?mnc zh_CN ?layoutDir sw720dp w1280dp h720dp 160dpi xlrg long land television -touch -keyb/h/h dpad/v s.37}
11-06 16:05:26.414 I/ActivityManager( 2021): Config changes=20 {1.0 ?mcc?mnc zh_CN ?layoutDir sw720dp w1280dp h720dp 160dpi xlrg long land television -touch -keyb/v/h dpad/v s.38}
11-06 16:05:26.418 W/ContextImpl( 2491): Calling a method in the system process without a qualified user: android.app.ContextImpl.sendBroadcast:1345 android.content.ContextWrapper.sendBroadcast:377 android.app.ActivityThread.performResumeActivity:2982 android.app.ActivityThread.handleResumeActivity:3023 android.app.ActivityThread$H.handleMessage:1347 
11-06 16:05:26.431 E/ActivityThread( 2164): Failed to find provider info for com.android.contacts
11-06 16:05:26.460 E/ActivityThread( 2164): Failed to find provider info for com.android.contacts
11-06 16:05:26.694 W/ContextImpl( 2355): Calling a method in the system process without a qualified user: android.app.ContextImpl.sendBroadcast:1345 android.content.ContextWrapper.sendBroadcast:377 com.suma.midware.back.esg.e.f:-1 com.suma.midware.back.esg.f.run:-1 com.suma.midware.prop.util.c.run:-1 
11-06 16:05:29.060 I/ActivityManager( 2021): START u0 {act= cmp=com.ipanel.android_webview.shell/com.ipanel.webapp.BrowserActivity (has extras)} from uid 1000 on display 0
11-06 16:05:29.064 V/WindowManager( 2021): addAppToken: AppWindowToken{1e56030a token=Token{276b0775 ActivityRecord{3316feac u0 com.ipanel.android_webview.shell/com.ipanel.webapp.BrowserActivity t481}}} to stack=1 task=481 at 0
11-06 16:05:29.067 V/WindowManager( 2021): Adding window Window{104e2057 u0 Starting com.ipanel.android_webview.shell} at 7 of 12 (after Window{1dc41484 u0 com.suma.midware.setting/com.suma.midware.setting.net.NetMainActivity})
11-06 16:05:29.069 W/ContextImpl( 2491): Calling a method in the system process without a qualified user: android.app.ContextImpl.sendBroadcast:1345 android.content.ContextWrapper.sendBroadcast:377 android.app.ActivityThread.performPauseActivity:3259 android.app.ActivityThread.performPauseActivity:3225 android.app.ActivityThread.handlePauseActivity:3200 
11-06 16:05:29.094 I/ActivityManager( 2021): Start proc 9739:com.ipanel.android_webview.shell/u0a24 for activity com.ipanel.android_webview.shell/com.ipanel.webapp.BrowserActivity
11-06 16:05:29.544 V/WindowManager( 2021): Adding window Window{3bb56455 u0 com.ipanel.android_webview.shell/com.ipanel.webapp.BrowserActivity} at 7 of 13 (before Window{104e2057 u0 Starting com.ipanel.android_webview.shell})
11-06 16:05:29.565 D/ConnectivityService( 2021): listenForNetwork for NetworkRequest [ id=24, legacyType=-1, [ Capabilities: INTERNET&NOT_RESTRICTED&TRUSTED] ]
11-06 16:05:29.565 D/ConnectivityService( 2021): handleRegisterNetworkRequest checking NetworkAgentInfo [WIFI () - 100]
11-06 16:05:29.565 D/ConnectivityService( 2021): apparently satisfied.  currentScore=60
11-06 16:05:29.691 V/WindowManager( 2021): Adding window Window{2c906736 u0 SurfaceView} at 7 of 14 (before Window{3bb56455 u0 com.ipanel.android_webview.shell/com.ipanel.webapp.BrowserActivity})
11-06 16:05:29.763 V/WindowManager( 2021): Adding window Window{3558e7a4 u0 SurfaceView} at 8 of 15 (before Window{3bb56455 u0 com.ipanel.android_webview.shell/com.ipanel.webapp.BrowserActivity})
11-06 16:05:29.809 W/ViewRootImpl( 9739): Cancelling event due to no window focus: KeyEvent { action=ACTION_UP, keyCode=KEYCODE_DPAD_CENTER, scanCode=28, metaState=0, flags=0x80000028, repeatCount=0, eventTime=6732021, downTime=6731812, deviceId=3, source=0x701 }
11-06 16:05:29.809 W/ViewRootImpl( 9739): Cancelling event due to no window focus: KeyEvent { action=ACTION_UP, keyCode=KEYCODE_DPAD_CENTER, scanCode=28, metaState=0, flags=0x80000028, repeatCount=0, eventTime=6732021, downTime=6731812, deviceId=3, source=0x701 }
11-06 16:05:29.809 W/ViewRootImpl( 9739): Cancelling event due to no window focus: KeyEvent { action=ACTION_UP, keyCode=KEYCODE_DPAD_CENTER, scanCode=28, metaState=0, flags=0x80000028, repeatCount=0, eventTime=6732021, downTime=6731812, deviceId=3, source=0x701 }
11-06 16:05:29.809 W/ViewRootImpl( 9739): Cancelling event due to no window focus: KeyEvent { action=ACTION_UP, keyCode=KEYCODE_DPAD_CENTER, scanCode=28, metaState=0, flags=0x80000028, repeatCount=0, eventTime=6732021, downTime=6731812, deviceId=3, source=0x701 }
11-06 16:05:29.809 W/ViewRootImpl( 9739): Cancelling event due to no window focus: KeyEvent { action=ACTION_UP, keyCode=KEYCODE_DPAD_CENTER, scanCode=28, metaState=0, flags=0x80000028, repeatCount=0, eventTime=6732021, downTime=6731812, deviceId=3, source=0x701 }
11-06 16:05:29.810 W/ViewRootImpl( 9739): Cancelling event due to no window focus: KeyEvent { action=ACTION_UP, keyCode=KEYCODE_DPAD_CENTER, scanCode=28, metaState=0, flags=0x80000028, repeatCount=0, eventTime=6732021, downTime=6731812, deviceId=3, source=0x701 }
11-06 16:05:29.811 W/ViewRootImpl( 9739): Cancelling event due to no window focus: KeyEvent { action=ACTION_UP, keyCode=KEYCODE_DPAD_CENTER, scanCode=28, metaState=0, flags=0x80000028, repeatCount=0, eventTime=6732021, downTime=6731812, deviceId=3, source=0x701 }
11-06 16:05:29.811 W/ViewRootImpl( 9739): Cancelling event due to no window focus: KeyEvent { action=ACTION_UP, keyCode=KEYCODE_DPAD_CENTER, scanCode=28, metaState=0, flags=0x80000028, repeatCount=0, eventTime=6732021, downTime=6731812, deviceId=3, source=0x701 }
11-06 16:05:29.811 W/ViewRootImpl( 9739): Cancelling event due to no window focus: KeyEvent { action=ACTION_UP, keyCode=KEYCODE_DPAD_CENTER, scanCode=28, metaState=0, flags=0x80000028, repeatCount=0, eventTime=6732021, downTime=6731812, deviceId=3, source=0x701 }
11-06 16:05:29.935 I/ActivityManager( 2021): Start proc 9811:com.amlogic.inputmethod.remote/u0a19 for service com.amlogic.inputmethod.remote/.RemoteIME
11-06 16:05:29.935 V/InputMethodManagerService( 2021): Adding window token: android.os.Binder@4105ed3
11-06 16:05:30.363 D/TaskPersister( 2021): removeObsoleteFile: deleting file=480_task.xml
11-06 16:05:30.363 D/TaskPersister( 2021): removeObsoleteFile: deleting file=480_task_thumbnail.png
11-06 16:06:29.752 W/ContextImpl( 2355): Calling a method in the system process without a qualified user: android.app.ContextImpl.sendBroadcast:1345 android.content.ContextWrapper.sendBroadcast:377 com.suma.midware.back.esg.e.f:-1 com.suma.midware.back.esg.f.run:-1 com.suma.midware.prop.util.c.run:-1 
11-06 16:06:30.346 I/ActivityManager( 2021): START u0 {act=android.intent.action.MAIN cat=[android.intent.category.HOME] flg=0x10200000 cmp=com.suma.midware.home/.third.Main3DActivity} from uid 1000 on display 0
11-06 16:06:30.389 I/ActivityManager( 2021): Force stopping com.android.browser appid=10010 user=0: from pid 2355
11-06 16:06:30.421 W/ContextImpl( 2491): Calling a method in the system process without a qualified user: android.app.ContextImpl.sendBroadcast:1345 android.content.ContextWrapper.sendBroadcast:377 com.suma.midware.view.ext.BluetoothUpdate.b:-1 com.suma.midware.home.third.Main3DActivity.onResume:-1 android.app.Instrumentation.callActivityOnResume:1257 
11-06 16:06:30.426 W/ContextImpl( 2491): Calling a method in the system process without a qualified user: android.app.ContextImpl.sendBroadcast:1345 android.content.ContextWrapper.sendBroadcast:377 android.app.ActivityThread.performResumeActivity:2982 android.app.ActivityThread.handleResumeActivity:3023 android.app.ActivityThread$H.handleMessage:1347 
11-06 16:06:30.754 W/ContextImpl( 2355): Calling a method in the system process without a qualified user: android.app.ContextImpl.sendBroadcast:1345 android.content.ContextWrapper.sendBroadcast:377 com.suma.midware.back.esg.e.f:-1 com.suma.midware.back.esg.f.run:-1 com.suma.midware.prop.util.c.run:-1 
11-06 16:06:31.756 W/ContextImpl( 2355): Calling a method in the system process without a qualified user: android.app.ContextImpl.sendBroadcast:1345 android.content.ContextWrapper.sendBroadcast:377 com.suma.midware.back.esg.e.f:-1 com.suma.midware.back.esg.f.run:-1 com.suma.midware.prop.util.c.run:-1 
11-06 16:06:49.788 I/WindowState( 2021): WIN DEATH: Window{3bb56455 u0 com.ipanel.android_webview.shell/com.ipanel.webapp.BrowserActivity}
11-06 16:06:49.788 D/ConnectivityService( 2021): ConnectivityService NetworkRequestInfo binderDied(NetworkRequest [ id=24, legacyType=-1, [ Capabilities: INTERNET&NOT_RESTRICTED&TRUSTED] ], android.os.BinderProxy@2c1376c)
11-06 16:06:49.788 W/WindowManager( 2021): Force-removing child win Window{3558e7a4 u0 SurfaceView} from container Window{3bb56455 u0 com.ipanel.android_webview.shell/com.ipanel.webapp.BrowserActivity}
11-06 16:06:49.789 D/ConnectivityService( 2021): releasing NetworkRequest NetworkRequest [ id=24, legacyType=-1, [ Capabilities: INTERNET&NOT_RESTRICTED&TRUSTED] ]
11-06 16:06:49.791 I/ActivityManager( 2021): Process com.ipanel.android_webview.shell (pid 9739) has died
11-06 16:06:49.794 E/ConnectivityService( 2021): RemoteException caught trying to send a callback msg for NetworkRequest [ id=24, legacyType=-1, [ Capabilities: INTERNET&NOT_RESTRICTED&TRUSTED] ]
11-06 16:06:49.795 W/WindowManager( 2021): Force-removing child win Window{2c906736 u0 SurfaceView} from container Window{3bb56455 u0 com.ipanel.android_webview.shell/com.ipanel.webapp.BrowserActivity}
11-06 16:06:49.797 W/WindowManager( 2021): Failed looking up window
11-06 16:06:49.797 W/WindowManager( 2021): java.lang.IllegalArgumentException: Requested window android.os.BinderProxy@2a34f0d1 does not exist
11-06 16:06:49.797 W/WindowManager( 2021): 	at com.android.server.wm.WindowManagerService.windowForClientLocked(WindowManagerService.java:8654)
11-06 16:06:49.797 W/WindowManager( 2021): 	at com.android.server.wm.WindowManagerService.windowForClientLocked(WindowManagerService.java:8645)
11-06 16:06:49.797 W/WindowManager( 2021): 	at com.android.server.wm.WindowState$DeathRecipient.binderDied(WindowState.java:1142)
11-06 16:06:49.797 W/WindowManager( 2021): 	at android.os.BinderProxy.sendDeathNotice(Binder.java:551)
11-06 16:06:49.797 I/WindowState( 2021): WIN DEATH: null
11-06 16:06:49.798 W/WindowManager( 2021): Failed looking up window
11-06 16:06:49.798 W/WindowManager( 2021): java.lang.IllegalArgumentException: Requested window android.os.BinderProxy@2b29637 does not exist
11-06 16:06:49.798 W/WindowManager( 2021): 	at com.android.server.wm.WindowManagerService.windowForClientLocked(WindowManagerService.java:8654)
11-06 16:06:49.798 W/WindowManager( 2021): 	at com.android.server.wm.WindowManagerService.windowForClientLocked(WindowManagerService.java:8645)
11-06 16:06:49.798 W/WindowManager( 2021): 	at com.android.server.wm.WindowState$DeathRecipient.binderDied(WindowState.java:1142)
11-06 16:06:49.798 W/WindowManager( 2021): 	at android.os.BinderProxy.sendDeathNotice(Binder.java:551)
11-06 16:06:49.798 I/WindowState( 2021): WIN DEATH: null
11-06 16:07:34.809 W/ContextImpl( 2355): Calling a method in the system process without a qualified user: android.app.ContextImpl.sendBroadcast:1345 android.content.ContextWrapper.sendBroadcast:377 com.suma.midware.back.esg.e.f:-1 com.suma.midware.back.esg.f.run:-1 com.suma.midware.prop.util.c.run:-1 
11-06 16:07:35.812 W/ContextImpl( 2355): Calling a method in the system process without a qualified user: android.app.ContextImpl.sendBroadcast:1345 android.content.ContextWrapper.sendBroadcast:377 com.suma.midware.back.esg.e.f:-1 com.suma.midware.back.esg.f.run:-1 com.suma.midware.prop.util.c.run:-1 
11-06 16:07:36.815 W/ContextImpl( 2355): Calling a method in the system process without a qualified user: android.app.ContextImpl.sendBroadcast:1345 android.content.ContextWrapper.sendBroadcast:377 com.suma.midware.back.esg.e.f:-1 com.suma.midware.back.esg.f.run:-1 com.suma.midware.prop.util.c.run:-1 
11-06 16:08:39.859 W/ContextImpl( 2355): Calling a method in the system process without a qualified user: android.app.ContextImpl.sendBroadcast:1345 android.content.ContextWrapper.sendBroadcast:377 com.suma.midware.back.esg.e.f:-1 com.suma.midware.back.esg.f.run:-1 com.suma.midware.prop.util.c.run:-1 
11-06 16:08:40.861 W/ContextImpl( 2355): Calling a method in the system process without a qualified user: android.app.ContextImpl.sendBroadcast:1345 android.content.ContextWrapper.sendBroadcast:377 com.suma.midware.back.esg.e.f:-1 com.suma.midware.back.esg.f.run:-1 com.suma.midware.prop.util.c.run:-1 
11-06 16:08:41.864 W/ContextImpl( 2355): Calling a method in the system process without a qualified user: android.app.ContextImpl.sendBroadcast:1345 android.content.ContextWrapper.sendBroadcast:377 com.suma.midware.back.esg.e.f:-1 com.suma.midware.back.esg.f.run:-1 com.suma.midware.prop.util.c.run:-1 
11-06 16:09:25.354 I/ActivityManager( 2021): START u0 {act= cmp=com.ipanel.android_webview.shell/com.ipanel.webapp.BrowserActivity (has extras)} from uid 1000 on display 0
11-06 16:09:25.363 W/ContextImpl( 2491): Calling a method in the system process without a qualified user: android.app.ContextImpl.sendBroadcast:1345 android.content.ContextWrapper.sendBroadcast:377 android.app.ActivityThread.performPauseActivity:3259 android.app.ActivityThread.performPauseActivity:3225 android.app.ActivityThread.handlePauseActivity:3200 
11-06 16:09:25.366 V/WindowManager( 2021): Adding window Window{e0fa73b u0 Starting com.ipanel.android_webview.shell} at 7 of 12 (after Window{1dc41484 u0 com.suma.midware.setting/com.suma.midware.setting.net.NetMainActivity})
11-06 16:09:25.398 I/ActivityManager( 2021): Start proc 10013:com.ipanel.android_webview.shell/u0a24 for activity com.ipanel.android_webview.shell/com.ipanel.webapp.BrowserActivity
11-06 16:09:25.887 V/WindowManager( 2021): Adding window Window{1a9a5559 u0 com.ipanel.android_webview.shell/com.ipanel.webapp.BrowserActivity} at 7 of 13 (before Window{e0fa73b u0 Starting com.ipanel.android_webview.shell})
11-06 16:09:25.907 D/ConnectivityService( 2021): listenForNetwork for NetworkRequest [ id=25, legacyType=-1, [ Capabilities: INTERNET&NOT_RESTRICTED&TRUSTED] ]
11-06 16:09:25.907 D/ConnectivityService( 2021): handleRegisterNetworkRequest checking NetworkAgentInfo [WIFI () - 100]
11-06 16:09:25.907 D/ConnectivityService( 2021): apparently satisfied.  currentScore=60
11-06 16:09:25.974 V/WindowManager( 2021): Adding window Window{2c6af52a u0 SurfaceView} at 7 of 14 (before Window{1a9a5559 u0 com.ipanel.android_webview.shell/com.ipanel.webapp.BrowserActivity})
11-06 16:09:26.024 V/WindowManager( 2021): Adding window Window{1bc9e8b8 u0 SurfaceView} at 8 of 15 (before Window{1a9a5559 u0 com.ipanel.android_webview.shell/com.ipanel.webapp.BrowserActivity})
11-06 16:09:26.076 W/ViewRootImpl(10013): Cancelling event due to no window focus: KeyEvent { action=ACTION_UP, keyCode=KEYCODE_DPAD_CENTER, scanCode=28, metaState=0, flags=0x80000028, repeatCount=0, eventTime=6968314, downTime=6968105, deviceId=3, source=0x701 }
11-06 16:09:26.076 W/ViewRootImpl(10013): Cancelling event due to no window focus: KeyEvent { action=ACTION_UP, keyCode=KEYCODE_DPAD_CENTER, scanCode=28, metaState=0, flags=0x80000028, repeatCount=0, eventTime=6968314, downTime=6968105, deviceId=3, source=0x701 }
11-06 16:09:26.076 W/ViewRootImpl(10013): Cancelling event due to no window focus: KeyEvent { action=ACTION_UP, keyCode=KEYCODE_DPAD_CENTER, scanCode=28, metaState=0, flags=0x80000028, repeatCount=0, eventTime=6968314, downTime=6968105, deviceId=3, source=0x701 }
11-06 16:09:26.076 W/ViewRootImpl(10013): Cancelling event due to no window focus: KeyEvent { action=ACTION_UP, keyCode=KEYCODE_DPAD_CENTER, scanCode=28, metaState=0, flags=0x80000028, repeatCount=0, eventTime=6968314, downTime=6968105, deviceId=3, source=0x701 }
11-06 16:09:26.076 W/ViewRootImpl(10013): Cancelling event due to no window focus: KeyEvent { action=ACTION_UP, keyCode=KEYCODE_DPAD_CENTER, scanCode=28, metaState=0, flags=0x80000028, repeatCount=0, eventTime=6968314, downTime=6968105, deviceId=3, source=0x701 }
11-06 16:09:26.076 W/ViewRootImpl(10013): Cancelling event due to no window focus: KeyEvent { action=ACTION_UP, keyCode=KEYCODE_DPAD_CENTER, scanCode=28, metaState=0, flags=0x80000028, repeatCount=0, eventTime=6968314, downTime=6968105, deviceId=3, source=0x701 }
11-06 16:09:26.077 W/ViewRootImpl(10013): Cancelling event due to no window focus: KeyEvent { action=ACTION_UP, keyCode=KEYCODE_DPAD_CENTER, scanCode=28, metaState=0, flags=0x80000028, repeatCount=0, eventTime=6968314, downTime=6968105, deviceId=3, source=0x701 }
11-06 16:09:26.077 W/ViewRootImpl(10013): Cancelling event due to no window focus: KeyEvent { action=ACTION_UP, keyCode=KEYCODE_DPAD_CENTER, scanCode=28, metaState=0, flags=0x80000028, repeatCount=0, eventTime=6968314, downTime=6968105, deviceId=3, source=0x701 }
11-06 16:09:26.077 W/ViewRootImpl(10013): Cancelling event due to no window focus: KeyEvent { action=ACTION_UP, keyCode=KEYCODE_DPAD_CENTER, scanCode=28, metaState=0, flags=0x80000028, repeatCount=0, eventTime=6968314, downTime=6968105, deviceId=3, source=0x701 }
11-06 16:09:44.925 W/ContextImpl( 2355): Calling a method in the system process without a qualified user: android.app.ContextImpl.sendBroadcast:1345 android.content.ContextWrapper.sendBroadcast:377 com.suma.midware.back.esg.e.f:-1 com.suma.midware.back.esg.f.run:-1 com.suma.midware.prop.util.c.run:-1 
11-06 16:09:45.927 W/ContextImpl( 2355): Calling a method in the system process without a qualified user: android.app.ContextImpl.sendBroadcast:1345 android.content.ContextWrapper.sendBroadcast:377 com.suma.midware.back.esg.e.f:-1 com.suma.midware.back.esg.f.run:-1 com.suma.midware.prop.util.c.run:-1 
11-06 16:09:46.930 W/ContextImpl( 2355): Calling a method in the system process without a qualified user: android.app.ContextImpl.sendBroadcast:1345 android.content.ContextWrapper.sendBroadcast:377 com.suma.midware.back.esg.e.f:-1 com.suma.midware.back.esg.f.run:-1 com.suma.midware.prop.util.c.run:-1 
11-06 16:10:49.988 W/ContextImpl( 2355): Calling a method in the system process without a qualified user: android.app.ContextImpl.sendBroadcast:1345 android.content.ContextWrapper.sendBroadcast:377 com.suma.midware.back.esg.e.f:-1 com.suma.midware.back.esg.f.run:-1 com.suma.midware.prop.util.c.run:-1 
11-06 16:10:50.991 W/ContextImpl( 2355): Calling a method in the system process without a qualified user: android.app.ContextImpl.sendBroadcast:1345 android.content.ContextWrapper.sendBroadcast:377 com.suma.midware.back.esg.e.f:-1 com.suma.midware.back.esg.f.run:-1 com.suma.midware.prop.util.c.run:-1 
11-06 16:10:51.994 W/ContextImpl( 2355): Calling a method in the system process without a qualified user: android.app.ContextImpl.sendBroadcast:1345 android.content.ContextWrapper.sendBroadcast:377 com.suma.midware.back.esg.e.f:-1 com.suma.midware.back.esg.f.run:-1 com.suma.midware.prop.util.c.run:-1 
11-06 16:11:28.750 W/InputMethodManagerService( 2021): Starting input on non-focused client com.android.internal.view.IInputMethodClient$Stub$Proxy@1f7b91ce (uid=10024 pid=10013)
11-06 16:11:29.330 I/ActivityManager( 2021): Force stopping com.ipanel.android_webview.shell appid=10024 user=0: from pid 2355
11-06 16:11:29.330 I/ActivityManager( 2021): Killing 10013:com.ipanel.android_webview.shell/u0a24 (adj 0): stop com.ipanel.android_webview.shell
11-06 16:11:29.351 I/WindowState( 2021): WIN DEATH: Window{1bc9e8b8 u0 SurfaceView}
11-06 16:11:29.353 D/ConnectivityService( 2021): ConnectivityService NetworkRequestInfo binderDied(NetworkRequest [ id=25, legacyType=-1, [ Capabilities: INTERNET&NOT_RESTRICTED&TRUSTED] ], android.os.BinderProxy@215e08ef)
11-06 16:11:29.353 D/ConnectivityService( 2021): releasing NetworkRequest NetworkRequest [ id=25, legacyType=-1, [ Capabilities: INTERNET&NOT_RESTRICTED&TRUSTED] ]
11-06 16:11:29.359 W/ActivityManager( 2021): Force removing ActivityRecord{3316feac u0 com.ipanel.android_webview.shell/com.ipanel.webapp.BrowserActivity t481}: app died, no saved state
11-06 16:11:29.361 I/WindowState( 2021): WIN DEATH: Window{1a9a5559 u0 com.ipanel.android_webview.shell/com.ipanel.webapp.BrowserActivity}
11-06 16:11:29.361 W/WindowManager( 2021): Force-removing child win Window{2c6af52a u0 SurfaceView} from container Window{1a9a5559 u0 com.ipanel.android_webview.shell/com.ipanel.webapp.BrowserActivity}
11-06 16:11:29.361 E/ConnectivityService( 2021): RemoteException caught trying to send a callback msg for NetworkRequest [ id=25, legacyType=-1, [ Capabilities: INTERNET&NOT_RESTRICTED&TRUSTED] ]
11-06 16:11:29.365 W/WindowManager( 2021): Failed looking up window
11-06 16:11:29.365 W/WindowManager( 2021): java.lang.IllegalArgumentException: Requested window android.os.BinderProxy@2911ee15 does not exist
11-06 16:11:29.365 W/WindowManager( 2021): 	at com.android.server.wm.WindowManagerService.windowForClientLocked(WindowManagerService.java:8654)
11-06 16:11:29.365 W/WindowManager( 2021): 	at com.android.server.wm.WindowManagerService.windowForClientLocked(WindowManagerService.java:8645)
11-06 16:11:29.365 W/WindowManager( 2021): 	at com.android.server.wm.WindowState$DeathRecipient.binderDied(WindowState.java:1142)
11-06 16:11:29.365 W/WindowManager( 2021): 	at android.os.BinderProxy.sendDeathNotice(Binder.java:551)
11-06 16:11:29.365 I/WindowState( 2021): WIN DEATH: null
11-06 16:11:29.369 W/ActivityManager( 2021): Spurious death for ProcessRecord{339ccffc 10013:com.ipanel.android_webview.shell/u0a24}, curProc for 10013: null
11-06 16:11:29.370 I/ActivityManager( 2021): Force stopping com.amlogic.inputmethod.remote appid=10019 user=0: from pid 2355
11-06 16:11:29.370 I/ActivityManager( 2021): Killing 9811:com.amlogic.inputmethod.remote/u0a19 (adj 2): stop com.amlogic.inputmethod.remote
11-06 16:11:29.384 W/ActivityManager( 2021): Scheduling restart of crashed service com.amlogic.inputmethod.remote/.RemoteIME in 1000ms
11-06 16:11:29.384 I/ActivityManager( 2021):   Force stopping service ServiceRecord{46ca61a u0 com.amlogic.inputmethod.remote/.RemoteIME}
11-06 16:11:29.385 W/InputMethodManagerService( 2021): Session failed to close due to remote exception
11-06 16:11:29.385 W/InputMethodManagerService( 2021): android.os.DeadObjectException
11-06 16:11:29.385 W/InputMethodManagerService( 2021): 	at android.os.BinderProxy.transactNative(Native Method)
11-06 16:11:29.385 W/InputMethodManagerService( 2021): 	at android.os.BinderProxy.transact(Binder.java:496)
11-06 16:11:29.385 W/InputMethodManagerService( 2021): 	at com.android.internal.view.IInputMethodSession$Stub$Proxy.finishSession(IInputMethodSession.java:305)
11-06 16:11:29.385 W/InputMethodManagerService( 2021): 	at com.android.server.InputMethodManagerService.finishSessionLocked(InputMethodManagerService.java:1420)
11-06 16:11:29.385 W/InputMethodManagerService( 2021): 	at com.android.server.InputMethodManagerService.clearClientSessionLocked(InputMethodManagerService.java:1411)
11-06 16:11:29.385 W/InputMethodManagerService( 2021): 	at com.android.server.InputMethodManagerService.clearCurMethodLocked(InputMethodManagerService.java:1437)
11-06 16:11:29.385 W/InputMethodManagerService( 2021): 	at com.android.server.InputMethodManagerService.onServiceDisconnected(InputMethodManagerService.java:1456)
11-06 16:11:29.385 W/InputMethodManagerService( 2021): 	at android.app.LoadedApk$ServiceDispatcher.doDeath(LoadedApk.java:1215)
11-06 16:11:29.385 W/InputMethodManagerService( 2021): 	at android.app.LoadedApk$ServiceDispatcher$RunConnection.run(LoadedApk.java:1229)
11-06 16:11:29.385 W/InputMethodManagerService( 2021): 	at android.os.Handler.handleCallback(Handler.java:739)
11-06 16:11:29.385 W/InputMethodManagerService( 2021): 	at android.os.Handler.dispatchMessage(Handler.java:95)
11-06 16:11:29.385 W/InputMethodManagerService( 2021): 	at android.os.Looper.loop(Looper.java:135)
11-06 16:11:29.385 W/InputMethodManagerService( 2021): 	at com.android.server.SystemServer.run(SystemServer.java:383)
11-06 16:11:29.385 W/InputMethodManagerService( 2021): 	at com.android.server.SystemServer.main(SystemServer.java:178)
11-06 16:11:29.385 W/InputMethodManagerService( 2021): 	at java.lang.reflect.Method.invoke(Native Method)
11-06 16:11:29.385 W/InputMethodManagerService( 2021): 	at java.lang.reflect.Method.invoke(Method.java:372)
11-06 16:11:29.385 W/InputMethodManagerService( 2021): 	at com.android.internal.os.ZygoteInit$MethodAndArgsCaller.run(ZygoteInit.java:903)
11-06 16:11:29.385 W/InputMethodManagerService( 2021): 	at com.android.internal.os.ZygoteInit.main(ZygoteInit.java:698)
11-06 16:11:29.390 W/ActivityManager( 2021): Spurious death for ProcessRecord{10cbdb28 9811:com.amlogic.inputmethod.remote/u0a19}, curProc for 9811: null
11-06 16:11:29.391 W/ActivityManager( 2021): Invalid packageName: android.process.media
11-06 16:11:29.392 W/InputMethodManagerService( 2021): Session failed to close due to remote exception
11-06 16:11:29.392 W/InputMethodManagerService( 2021): android.os.DeadObjectException
11-06 16:11:29.392 W/InputMethodManagerService( 2021): 	at android.os.BinderProxy.transactNative(Native Method)
11-06 16:11:29.392 W/InputMethodManagerService( 2021): 	at android.os.BinderProxy.transact(Binder.java:496)
11-06 16:11:29.392 W/InputMethodManagerService( 2021): 	at com.android.internal.view.IInputMethodSession$Stub$Proxy.finishSession(IInputMethodSession.java:305)
11-06 16:11:29.392 W/InputMethodManagerService( 2021): 	at com.android.server.InputMethodManagerService.finishSessionLocked(InputMethodManagerService.java:1420)
11-06 16:11:29.392 W/InputMethodManagerService( 2021): 	at com.android.server.InputMethodManagerService.clearClientSessionLocked(InputMethodManagerService.java:1411)
11-06 16:11:29.392 W/InputMethodManagerService( 2021): 	at com.android.server.InputMethodManagerService.clearCurMethodLocked(InputMethodManagerService.java:1437)
11-06 16:11:29.392 W/InputMethodManagerService( 2021): 	at com.android.server.InputMethodManagerService.onServiceDisconnected(InputMethodManagerService.java:1456)
11-06 16:11:29.392 W/InputMethodManagerService( 2021): 	at android.app.LoadedApk$ServiceDispatcher.doDeath(LoadedApk.java:1215)
11-06 16:11:29.392 W/InputMethodManagerService( 2021): 	at android.app.LoadedApk$ServiceDispatcher$RunConnection.run(LoadedApk.java:1229)
11-06 16:11:29.392 W/InputMethodManagerService( 2021): 	at android.os.Handler.handleCallback(Handler.java:739)
11-06 16:11:29.392 W/InputMethodManagerService( 2021): 	at android.os.Handler.dispatchMessage(Handler.java:95)
11-06 16:11:29.392 W/InputMethodManagerService( 2021): 	at android.os.Looper.loop(Looper.java:135)
11-06 16:11:29.392 W/InputMethodManagerService( 2021): 	at com.android.server.SystemServer.run(SystemServer.java:383)
11-06 16:11:29.392 W/InputMethodManagerService( 2021): 	at com.android.server.SystemServer.main(SystemServer.java:178)
11-06 16:11:29.392 W/InputMethodManagerService( 2021): 	at java.lang.reflect.Method.invoke(Native Method)
11-06 16:11:29.392 W/InputMethodManagerService( 2021): 	at java.lang.reflect.Method.invoke(Method.java:372)
11-06 16:11:29.392 W/InputMethodManagerService( 2021): 	at com.android.internal.os.ZygoteInit$MethodAndArgsCaller.run(ZygoteInit.java:903)
11-06 16:11:29.392 W/InputMethodManagerService( 2021): 	at com.android.internal.os.ZygoteInit.main(ZygoteInit.java:698)
11-06 16:11:29.393 I/ActivityManager( 2021): Force stopping com.android.phone appid=1001 user=0: from pid 2355
11-06 16:11:29.395 I/ActivityManager( 2021): Force stopping com.suma.midware.dms appid=1000 user=0: from pid 2355
11-06 16:11:29.397 I/ActivityManager( 2021): Force stopping com.hisilicon.android.hiRMService appid=1000 user=0: from pid 2355
11-06 16:11:29.406 W/ContextImpl( 2491): Calling a method in the system process without a qualified user: android.app.ContextImpl.sendBroadcast:1345 android.content.ContextWrapper.sendBroadcast:377 com.suma.midware.view.ext.BluetoothUpdate.b:-1 com.suma.midware.home.third.Main3DActivity.onResume:-1 android.app.Instrumentation.callActivityOnResume:1257 
11-06 16:11:29.410 W/ContextImpl( 2491): Calling a method in the system process without a qualified user: android.app.ContextImpl.sendBroadcast:1345 android.content.ContextWrapper.sendBroadcast:377 android.app.ActivityThread.performResumeActivity:2982 android.app.ActivityThread.handleResumeActivity:3023 android.app.ActivityThread$H.handleMessage:1347 
11-06 16:11:29.411 I/ActivityManager( 2021): Config changes=20 {1.0 ?mcc?mnc zh_CN ?layoutDir sw720dp w1280dp h720dp 160dpi xlrg long land television -touch -keyb/h/h dpad/v s.39}
11-06 16:11:29.424 I/ActivityManager( 2021): Config changes=20 {1.0 ?mcc?mnc zh_CN ?layoutDir sw720dp w1280dp h720dp 160dpi xlrg long land television -touch -keyb/v/h dpad/v s.40}
11-06 16:11:29.445 E/ActivityThread( 2164): Failed to find provider info for com.android.contacts
11-06 16:11:29.482 E/ActivityThread( 2164): Failed to find provider info for com.android.contacts
11-06 16:11:38.799 I/ActivityManager( 2021): Start proc 10187:com.amlogic.inputmethod.remote/u0a19 for service com.amlogic.inputmethod.remote/.RemoteIME
11-06 16:11:38.800 V/InputMethodManagerService( 2021): Adding window token: android.os.Binder@3997439
11-06 16:11:50.690 W/ProcessCpuTracker( 2021): Skipping unknown process pid 10213
11-06 16:11:55.059 W/ContextImpl( 2355): Calling a method in the system process without a qualified user: android.app.ContextImpl.sendBroadcast:1345 android.content.ContextWrapper.sendBroadcast:377 com.suma.midware.back.esg.e.f:-1 com.suma.midware.back.esg.f.run:-1 com.suma.midware.prop.util.c.run:-1 
11-06 16:11:56.062 W/ContextImpl( 2355): Calling a method in the system process without a qualified user: android.app.ContextImpl.sendBroadcast:1345 android.content.ContextWrapper.sendBroadcast:377 com.suma.midware.back.esg.e.f:-1 com.suma.midware.back.esg.f.run:-1 com.suma.midware.prop.util.c.run:-1 
11-06 16:11:57.065 W/ContextImpl( 2355): Calling a method in the system process without a qualified user: android.app.ContextImpl.sendBroadcast:1345 android.content.ContextWrapper.sendBroadcast:377 com.suma.midware.back.esg.e.f:-1 com.suma.midware.back.esg.f.run:-1 com.suma.midware.prop.util.c.run:-1 
11-06 16:13:00.121 W/ContextImpl( 2355): Calling a method in the system process without a qualified user: android.app.ContextImpl.sendBroadcast:1345 android.content.ContextWrapper.sendBroadcast:377 com.suma.midware.back.esg.e.f:-1 com.suma.midware.back.esg.f.run:-1 com.suma.midware.prop.util.c.run:-1 
11-06 16:13:01.124 W/ContextImpl( 2355): Calling a method in the system process without a qualified user: android.app.ContextImpl.sendBroadcast:1345 android.content.ContextWrapper.sendBroadcast:377 com.suma.midware.back.esg.e.f:-1 com.suma.midware.back.esg.f.run:-1 com.suma.midware.prop.util.c.run:-1 
11-06 16:13:02.127 W/ContextImpl( 2355): Calling a method in the system process without a qualified user: android.app.ContextImpl.sendBroadcast:1345 android.content.ContextWrapper.sendBroadcast:377 com.suma.midware.back.esg.e.f:-1 com.suma.midware.back.esg.f.run:-1 com.suma.midware.prop.util.c.run:-1 
11-06 16:13:17.314 W/BatteryStatsImpl( 2021): Couldn't get kernel wake lock stats
11-06 16:13:45.794 I/ProcessStatsService( 2021): Prepared write state in 3ms
11-06 16:14:05.180 W/ContextImpl( 2355): Calling a method in the system process without a qualified user: android.app.ContextImpl.sendBroadcast:1345 android.content.ContextWrapper.sendBroadcast:377 com.suma.midware.back.esg.e.f:-1 com.suma.midware.back.esg.f.run:-1 com.suma.midware.prop.util.c.run:-1 
11-06 16:14:06.182 W/ContextImpl( 2355): Calling a method in the system process without a qualified user: android.app.ContextImpl.sendBroadcast:1345 android.content.ContextWrapper.sendBroadcast:377 com.suma.midware.back.esg.e.f:-1 com.suma.midware.back.esg.f.run:-1 com.suma.midware.prop.util.c.run:-1 
11-06 16:14:07.186 W/ContextImpl( 2355): Calling a method in the system process without a qualified user: android.app.ContextImpl.sendBroadcast:1345 android.content.ContextWrapper.sendBroadcast:377 com.suma.midware.back.esg.e.f:-1 com.suma.midware.back.esg.f.run:-1 com.suma.midware.prop.util.c.run:-1 
11-06 16:15:10.240 W/ContextImpl( 2355): Calling a method in the system process without a qualified user: android.app.ContextImpl.sendBroadcast:1345 android.content.ContextWrapper.sendBroadcast:377 com.suma.midware.back.esg.e.f:-1 com.suma.midware.back.esg.f.run:-1 com.suma.midware.prop.util.c.run:-1 
11-06 16:15:11.243 W/ContextImpl( 2355): Calling a method in the system process without a qualified user: android.app.ContextImpl.sendBroadcast:1345 android.content.ContextWrapper.sendBroadcast:377 com.suma.midware.back.esg.e.f:-1 com.suma.midware.back.esg.f.run:-1 com.suma.midware.prop.util.c.run:-1 
11-06 16:15:12.246 W/ContextImpl( 2355): Calling a method in the system process without a qualified user: android.app.ContextImpl.sendBroadcast:1345 android.content.ContextWrapper.sendBroadcast:377 com.suma.midware.back.esg.e.f:-1 com.suma.midware.back.esg.f.run:-1 com.suma.midware.prop.util.c.run:-1 
11-06 16:16:15.301 W/ContextImpl( 2355): Calling a method in the system process without a qualified user: android.app.ContextImpl.sendBroadcast:1345 android.content.ContextWrapper.sendBroadcast:377 com.suma.midware.back.esg.e.f:-1 com.suma.midware.back.esg.f.run:-1 com.suma.midware.prop.util.c.run:-1 
11-06 16:16:16.304 W/ContextImpl( 2355): Calling a method in the system process without a qualified user: android.app.ContextImpl.sendBroadcast:1345 android.content.ContextWrapper.sendBroadcast:377 com.suma.midware.back.esg.e.f:-1 com.suma.midware.back.esg.f.run:-1 com.suma.midware.prop.util.c.run:-1 
11-06 16:16:17.307 W/ContextImpl( 2355): Calling a method in the system process without a qualified user: android.app.ContextImpl.sendBroadcast:1345 android.content.ContextWrapper.sendBroadcast:377 com.suma.midware.back.esg.e.f:-1 com.suma.midware.back.esg.f.run:-1 com.suma.midware.prop.util.c.run:-1 
11-06 16:17:20.368 W/ContextImpl( 2355): Calling a method in the system process without a qualified user: android.app.ContextImpl.sendBroadcast:1345 android.content.ContextWrapper.sendBroadcast:377 com.suma.midware.back.esg.e.f:-1 com.suma.midware.back.esg.f.run:-1 com.suma.midware.prop.util.c.run:-1 
11-06 16:17:21.371 W/ContextImpl( 2355): Calling a method in the system process without a qualified user: android.app.ContextImpl.sendBroadcast:1345 android.content.ContextWrapper.sendBroadcast:377 com.suma.midware.back.esg.e.f:-1 com.suma.midware.back.esg.f.run:-1 com.suma.midware.prop.util.c.run:-1 
11-06 16:17:22.374 W/ContextImpl( 2355): Calling a method in the system process without a qualified user: android.app.ContextImpl.sendBroadcast:1345 android.content.ContextWrapper.sendBroadcast:377 com.suma.midware.back.esg.e.f:-1 com.suma.midware.back.esg.f.run:-1 com.suma.midware.prop.util.c.run:-1 
11-06 16:18:25.438 W/ContextImpl( 2355): Calling a method in the system process without a qualified user: android.app.ContextImpl.sendBroadcast:1345 android.content.ContextWrapper.sendBroadcast:377 com.suma.midware.back.esg.e.f:-1 com.suma.midware.back.esg.f.run:-1 com.suma.midware.prop.util.c.run:-1 
