11-06 18:12:20.757 W/System.err( 2907): 	at android.view.ViewRootImpl.doTraversal(ViewRootImpl.java:1061)
11-06 18:12:20.757 W/System.err( 2907): 	at android.view.ViewRootImpl$TraversalRunnable.run(ViewRootImpl.java:5885)
11-06 18:12:20.757 W/System.err( 2907): 	at android.view.Choreographer$CallbackRecord.run(Choreographer.java:767)
11-06 18:12:20.757 W/System.err( 2907): 	at android.view.Choreographer.doCallbacks(Choreographer.java:580)
11-06 18:12:20.757 W/System.err( 2907): 	at android.view.Choreographer.doFrame(Choreographer.java:550)
11-06 18:12:20.757 W/System.err( 2907): 	at android.view.Choreographer$FrameDisplayEventReceiver.run(Choreographer.java:753)
11-06 18:12:20.758 W/System.err( 2907): 	at android.os.Handler.handleCallback(Handler.java:739)
11-06 18:12:20.758 W/System.err( 2907): 	at android.os.Handler.dispatchMessage(Handler.java:95)
11-06 18:12:20.758 W/System.err( 2907): 	at android.os.Looper.loop(Looper.java:135)
11-06 18:12:20.758 W/System.err( 2907): 	at android.app.ActivityThread.main(ActivityThread.java:5267)
11-06 18:12:20.758 W/System.err( 2907): 	at java.lang.reflect.Method.invoke(Native Method)
11-06 18:12:20.758 W/System.err( 2907): 	at java.lang.reflect.Method.invoke(Method.java:372)
11-06 18:12:20.758 W/System.err( 2907): 	at com.android.internal.os.ZygoteInit$MethodAndArgsCaller.run(ZygoteInit.java:903)
11-06 18:12:20.758 W/System.err( 2907): 	at com.android.internal.os.ZygoteInit.main(ZygoteInit.java:698)
11-06 18:12:20.758 D/[APK]IconLoading( 2907): load frame #24 end. spend=5
11-06 18:12:20.785 I/Advanced( 2907): [QUEUE] share_queue_sendEx size:1 4097 20 0x8ec51f30,postLoopId:0,dstid:1.
11-06 18:12:20.789 D/BackBootDealerNeimeng( 2368): standbyState:
11-06 18:12:20.790 E/NetUtils( 2021): Interface eth0 LinkDown!
11-06 18:12:20.790 D/[blink]DOMTimer( 2907): [fired] 0x564c4ea8 timeout fired.
11-06 18:12:20.790 D/ScriptController( 2907): [executeScriptAndReturnValue] [V8] evaluate Script start. frame=0x457a1a48 url= line=1. source length=22
11-06 18:12:20.791 D/iPanel  ( 2907): iPanel.debug("checkOverlayCreated")
11-06 18:12:20.791 D/[blink]DOMTimer( 2907): [DOMTimer] 0x564c4f18 setTimeout 300ms, repeat:0.
11-06 18:12:20.791 D/ScriptController( 2907): [executeScriptAndReturnValue] [V8] evaluate Script end. frame=0x457a1a48 
11-06 18:12:20.854 D/[blink]ImageResource( 2907): [updateImage] allDataReceived!! data size=18741
11-06 18:12:20.854 D/[cc]beginFrameSource( 2907): [AddObserver] ExternalBeginFrameSource::AddObserver
11-06 18:12:20.856 D/[blink]ImageResource( 2907): [updateImage] allDataReceived!! data size=24581
11-06 18:12:20.865 D/ResourceLoader( 2907): [ResponseCompleted] finish request 0x9f4e6980 url='http://10.14.41.246/application/bxfc/images/pic1_03_1.jpg'
11-06 18:12:20.865 D/[blink]ImageResource( 2907): [updateImage] allDataReceived!! data size=26082
11-06 18:12:20.865 D/[blink]ResourceFetcher( 2907): [didFinishLoading] encoded length=26321 url=http://10.14.41.246/application/bxfc/images/pic1_03_1.jpg.
11-06 18:12:20.865 D/[blink]ImageResource( 2907): [updateImage] allDataReceived!! data size=26082
11-06 18:12:20.869 D/[cc]ProxyMain( 2907): [BeginMainFrame] cc.BeginMainFrame this:0x9f64ccb8
11-06 18:12:20.869 D/[cc]LayerTreeHost( 2907): [AnimateLayers] AnimateLayers monotonic_time=87299996
11-06 18:12:20.869 D/[blink]FrameView( 2907): [updateLifecyclePhasesInternal] cannot paint!!return!!this:0x0x564c2f88
11-06 18:12:20.880 D/[blink]ImageResource( 2907): [updateImage] allDataReceived!! data size=17281
11-06 18:12:20.886 D/[cc]ProxyMain( 2907): [BeginMainFrame] cc.BeginMainFrame this:0x9f64ccb8
11-06 18:12:20.886 D/[cc]LayerTreeHost( 2907): [AnimateLayers] AnimateLayers monotonic_time=87316663
11-06 18:12:20.886 D/[blink]FrameView( 2907): [updateLifecyclePhasesInternal] cannot paint!!return!!this:0x0x564c2f88
11-06 18:12:20.971 D/AppUtil ( 2368): [TN_ThreadUtil-3]getActivityPkg index=0,comp=ComponentInfo{com.ipanel.android_webview.shell/com.ipanel.webapp.BrowserActivity}
11-06 18:12:20.971 D/AppKiller( 2368): [TN_ThreadUtil-3]backKill curPkgName=com.ipanel.android_webview.shell
11-06 18:12:20.986 I/Advanced( 2907): [QUEUE] share_queue_sendEx size:1 4097 21 0x8ec51f30,postLoopId:0,dstid:1.
11-06 18:12:21.088 D/[blink]ImageResource( 2907): [updateImage] allDataReceived!! data size=20201
11-06 18:12:21.088 D/[cc]beginFrameSource( 2907): [AddObserver] ExternalBeginFrameSource::AddObserver
11-06 18:12:21.091 D/[blink]DOMTimer( 2907): [fired] 0x564c4f18 timeout fired.
11-06 18:12:21.091 D/ScriptController( 2907): [executeScriptAndReturnValue] [V8] evaluate Script start. frame=0x457a1a48 url= line=1. source length=22
11-06 18:12:21.091 D/iPanel  ( 2907): iPanel.debug("checkOverlayCreated")
11-06 18:12:21.091 D/[blink]DOMTimer( 2907): [DOMTimer] 0x564c4f88 setTimeout 300ms, repeat:0.
11-06 18:12:21.091 D/ScriptController( 2907): [executeScriptAndReturnValue] [V8] evaluate Script end. frame=0x457a1a48 
11-06 18:12:21.102 D/[cc]ProxyMain( 2907): [BeginMainFrame] cc.BeginMainFrame this:0x9f64ccb8
11-06 18:12:21.102 D/[cc]LayerTreeHost( 2907): [AnimateLayers] AnimateLayers monotonic_time=87533329
11-06 18:12:21.102 D/[blink]FrameView( 2907): [updateLifecyclePhasesInternal] cannot paint!!return!!this:0x0x564c2f88
11-06 18:12:21.121 D/ResourceLoader( 2907): [ResponseCompleted] finish request 0x9f4e9a80 url='http://10.14.41.246/application/bxfc/images/pic1_03_2.jpg'
11-06 18:12:21.121 D/[blink]ImageResource( 2907): [updateImage] allDataReceived!! data size=21430
11-06 18:12:21.121 D/[cc]beginFrameSource( 2907): [AddObserver] ExternalBeginFrameSource::AddObserver
11-06 18:12:21.121 D/[blink]ResourceFetcher( 2907): [didFinishLoading] encoded length=21669 url=http://10.14.41.246/application/bxfc/images/pic1_03_2.jpg.
11-06 18:12:21.122 D/[blink]ImageResource( 2907): [updateImage] allDataReceived!! data size=21430
11-06 18:12:21.136 D/[cc]ProxyMain( 2907): [BeginMainFrame] cc.BeginMainFrame this:0x9f64ccb8
11-06 18:12:21.136 D/[cc]LayerTreeHost( 2907): [AnimateLayers] AnimateLayers monotonic_time=87566663
11-06 18:12:21.136 D/[blink]FrameView( 2907): [updateLifecyclePhasesInternal] cannot paint!!return!!this:0x0x564c2f88
11-06 18:12:21.158 D/[blink]ImageResource( 2907): [updateImage] allDataReceived!! data size=11441
11-06 18:12:21.158 D/[cc]beginFrameSource( 2907): [AddObserver] ExternalBeginFrameSource::AddObserver
11-06 18:12:21.161 D/[blink]ImageResource( 2907): [updateImage] allDataReceived!! data size=12901
11-06 18:12:21.163 D/[blink]ImageResource( 2907): [updateImage] allDataReceived!! data size=14361
11-06 18:12:21.167 W/ContextImpl( 2368): Calling a method in the system process without a qualified user: android.app.ContextImpl.sendBroadcast:1345 android.content.ContextWrapper.sendBroadcast:377 com.suma.midware.back.esg.e.f:-1 com.suma.midware.back.esg.f.run:-1 com.suma.midware.prop.util.c.run:-1 
11-06 18:12:21.169 D/[blink]ImageResource( 2907): [updateImage] allDataReceived!! data size=15520
11-06 18:12:21.169 D/ResourceLoader( 2907): [ResponseCompleted] finish request 0x9f4ea500 url='http://10.14.41.246/application/bxfc/images/pic1_05.jpg'
11-06 18:12:21.170 D/[blink]ResourceFetcher( 2907): [didFinishLoading] encoded length=15759 url=http://10.14.41.246/application/bxfc/images/pic1_05.jpg.
11-06 18:12:21.170 D/[blink]ImageResource( 2907): [updateImage] allDataReceived!! data size=15520
11-06 18:12:21.170 D/[cc]ProxyMain( 2907): [BeginMainFrame] cc.BeginMainFrame this:0x9f64ccb8
11-06 18:12:21.192 D/ResourceLoader( 2907): [ResponseCompleted] finish request 0x9f4e8200 url='http://10.14.41.246/application/bxfc/images/pic1_01.jpg'
11-06 18:12:21.192 D/[blink]ResourceFetcher( 2907): [didFinishLoading] encoded length=60946 url=http://10.14.41.246/application/bxfc/images/pic1_01.jpg.
11-06 18:12:21.192 D/[blink]ImageResource( 2907): [updateImage] allDataReceived!! data size=60707
11-06 18:12:21.202 D/[cc]ProxyMain( 2907): [BeginMainFrame] cc.BeginMainFrame this:0x9f64ccb8
11-06 18:12:21.202 D/[cc]LayerTreeHost( 2907): [AnimateLayers] AnimateLayers monotonic_time=87633329
11-06 18:12:21.202 D/[blink]FrameView( 2907): [updateLifecyclePhasesInternal] cannot paint!!return!!this:0x0x564c2f88
11-06 18:12:21.265 D/[blink]ImageResource( 2907): [updateImage] allDataReceived!! data size=7061
11-06 18:12:21.266 D/[cc]beginFrameSource( 2907): [AddObserver] ExternalBeginFrameSource::AddObserver
11-06 18:12:21.269 D/[cc]ProxyMain( 2907): [BeginMainFrame] cc.BeginMainFrame this:0x9f64ccb8
11-06 18:12:21.270 D/[cc]LayerTreeHost( 2907): [AnimateLayers] AnimateLayers monotonic_time=87699996
11-06 18:12:21.270 D/[blink]FrameView( 2907): [updateLifecyclePhasesInternal] cannot paint!!return!!this:0x0x564c2f88
11-06 18:12:21.290 D/BackBootDealerNeimeng( 2368): standbyState:
11-06 18:12:21.291 E/NetUtils( 2021): Interface eth0 LinkDown!
11-06 18:12:21.386 I/Advanced( 2907): [QUEUE] share_queue_sendEx size:1 4097 23 0x8ec51f30,postLoopId:0,dstid:1.
11-06 18:12:21.392 D/[blink]DOMTimer( 2907): [fired] 0x564c4f88 timeout fired.
11-06 18:12:21.392 D/ScriptController( 2907): [executeScriptAndReturnValue] [V8] evaluate Script start. frame=0x457a1a48 url= line=1. source length=22
11-06 18:12:21.392 D/iPanel  ( 2907): iPanel.debug("checkOverlayCreated")
11-06 18:12:21.392 D/[blink]DOMTimer( 2907): [DOMTimer] 0x564c4ff8 setTimeout 300ms, repeat:0.
11-06 18:12:21.392 D/ScriptController( 2907): [executeScriptAndReturnValue] [V8] evaluate Script end. frame=0x457a1a48 
11-06 18:12:21.431 D/[blink]ImageResource( 2907): [updateImage] allDataReceived!! data size=8521
11-06 18:12:21.431 D/[cc]beginFrameSource( 2907): [AddObserver] ExternalBeginFrameSource::AddObserver
11-06 18:12:21.435 D/[cc]ProxyMain( 2907): [BeginMainFrame] cc.BeginMainFrame this:0x9f64ccb8
11-06 18:12:21.435 D/[cc]LayerTreeHost( 2907): [AnimateLayers] AnimateLayers monotonic_time=87866663
11-06 18:12:21.435 D/[blink]FrameView( 2907): [updateLifecyclePhasesInternal] cannot paint!!return!!this:0x0x564c2f88
11-06 18:12:21.562 D/[blink]ImageResource( 2907): [updateImage] allDataReceived!! data size=9981
11-06 18:12:21.562 D/[cc]beginFrameSource( 2907): [AddObserver] ExternalBeginFrameSource::AddObserver
11-06 18:12:21.563 D/[blink]ImageResource( 2907): [updateImage] allDataReceived!! data size=11441
11-06 18:12:21.565 D/[blink]ImageResource( 2907): [updateImage] allDataReceived!! data size=12901
11-06 18:12:21.567 D/[blink]ImageResource( 2907): [updateImage] allDataReceived!! data size=14361
11-06 18:12:21.569 D/[cc]ProxyMain( 2907): [BeginMainFrame] cc.BeginMainFrame this:0x9f64ccb8
11-06 18:12:21.569 D/[cc]LayerTreeHost( 2907): [AnimateLayers] AnimateLayers monotonic_time=87999996
11-06 18:12:21.569 D/[blink]FrameView( 2907): [updateLifecyclePhasesInternal] cannot paint!!return!!this:0x0x564c2f88
11-06 18:12:21.577 D/[blink]ImageResource( 2907): [updateImage] allDataReceived!! data size=14552
11-06 18:12:21.577 D/ResourceLoader( 2907): [ResponseCompleted] finish request 0x9f4ea180 url='http://10.14.41.246/application/bxfc/images/pic1_04.jpg'
11-06 18:12:21.578 D/[blink]ResourceFetcher( 2907): [didFinishLoading] encoded length=14791 url=http://10.14.41.246/application/bxfc/images/pic1_04.jpg.
11-06 18:12:21.578 D/[blink]ImageResource( 2907): [updateImage] allDataReceived!! data size=14552
11-06 18:12:21.585 D/[cc]ProxyMain( 2907): [BeginMainFrame] cc.BeginMainFrame this:0x9f64ccb8
11-06 18:12:21.586 D/[cc]LayerTreeHost( 2907): [AnimateLayers] AnimateLayers monotonic_time=88016663
11-06 18:12:21.586 D/[blink]FrameView( 2907): [updateLifecyclePhasesInternal] cannot paint!!return!!this:0x0x564c2f88
11-06 18:12:21.587 I/Advanced( 2907): [QUEUE] share_queue_sendEx size:1 4097 24 0x8ec51f30,postLoopId:0,dstid:1.
11-06 18:12:21.692 D/[blink]DOMTimer( 2907): [fired] 0x564c4ff8 timeout fired.
11-06 18:12:21.692 D/ScriptController( 2907): [executeScriptAndReturnValue] [V8] evaluate Script start. frame=0x457a1a48 url= line=1. source length=22
11-06 18:12:21.693 D/iPanel  ( 2907): iPanel.debug("checkOverlayCreated")
11-06 18:12:21.693 D/[blink]DOMTimer( 2907): [DOMTimer] 0x564c5068 setTimeout 300ms, repeat:0.
11-06 18:12:21.693 D/ScriptController( 2907): [executeScriptAndReturnValue] [V8] evaluate Script end. frame=0x457a1a48 
11-06 18:12:21.751 I/AdvancedPorting-PORT_MODULE_NET( 2907): network_task while... 
11-06 18:12:21.751 I/AdvancedPorting-PORT_MODULE_NET( 2907): 0 interface name: lo
11-06 18:12:21.751 I/AdvancedPorting-PORT_MODULE_NET( 2907): 1 interface name: wlan0
11-06 18:12:21.751 I/AdvancedPorting-PORT_MODULE_NET( 2907): First interface name: lo
11-06 18:12:21.752 I/AdvancedPorting-PORT_MODULE_NET( 2907): network_task while...  net_i:1
11-06 18:12:21.752 I/AdvancedPorting-PORT_MODULE_NET( 2907): network_task while---name_interface[0]=lo
11-06 18:12:21.752 I/AdvancedPorting-PORT_MODULE_NET( 2907): network_task while---name_interface[1]=wlan0
11-06 18:12:21.752 I/AdvancedPorting-PORT_MODULE_NET( 2907): network_task while---interface_name=wlan0
11-06 18:12:21.752 I/AdvancedPorting-PORT_MODULE_NET( 2907): network_get_netlink_status(in)--if_name=wlan0
11-06 18:12:21.752 I/AdvancedPorting-PORT_MODULE_NET( 2907): net.network.isconnected = no
11-06 18:12:21.752 I/AdvancedPorting-PORT_MODULE_NET( 2907): wlan0 --network_get_netlink_status return retval=1
11-06 18:12:21.752 I/AdvancedPorting-PORT_MODULE_NET( 2907): stat = 1 last_status = 1
11-06 18:12:21.787 I/Advanced( 2907): [QUEUE] share_queue_sendEx size:1 4097 25 0x8ec51f30,postLoopId:0,dstid:1.
11-06 18:12:21.787 I/Advanced( 2907): [NETWORK][LINUX2]advanced_network_proc_timer network_mgr_process_notify_func i = 1
11-06 18:12:21.787 I/Advanced( 2907): [NETWORK][LINUX2]network_event_post_misc index=0, type=5501, msg=0, value=0
11-06 18:12:21.787 I/Advanced( 2907): [NETWORK][LINUX2]porting notify, index = 0, type = 5501, p1 = 0, p2 = 0.
11-06 18:12:21.787 I/Advanced( 2907): [NETWORK][LINUX2]post event to page, type=5501, p1=0.
11-06 18:12:21.788 I/Advanced( 2907): [PERFORMANCE_TEST] N. {5501} end: 5045
11-06 18:12:21.788 I/Advanced( 2907): [Network] recive EIS_IP_NETWORK_DISCONNECT!
11-06 18:12:21.788 I/Advanced( 2907): [Network] item->un_DHCPEnable = 0, item->ips[0].IPAddress = 
11-06 18:12:21.788 I/Advanced( 2907): [Network] EIS_IP_NETWORK_DISCONNECT copy to backup network setting:
11-06 18:12:21.788 I/Advanced( 2907):  item->ips[0].BackUp_IPAddress=
11-06 18:12:21.788 I/Advanced( 2907):  item->ips[0].BackUp_gateway=
11-06 18:12:21.788 I/Advanced( 2907):  item->ips[0].BackUp_mask=
11-06 18:12:21.788 I/Advanced( 2907): [Network] EIS_IP_NETWORK_DISCONNECT set default network setting:
11-06 18:12:21.788 I/Advanced( 2907):  item->ips[0].IPAddress=0.0.0.0
11-06 18:12:21.788 I/Advanced( 2907):  item->ips[0].gateway=0.0.0.0
11-06 18:12:21.788 I/Advanced( 2907):  item->ips[0].mask=0.0.0.0
11-06 18:12:21.788 I/Advanced( 2907):  item->ips[0].DNSServers[0]=
11-06 18:12:21.788 I/Advanced( 2907):  item->ips[0].DNSServers[1]=
11-06 18:12:21.788 I/Advanced( 2907): [Network][PORTING]IPANEL_NETWORK_DEVICE_LAN,IPANEL_NETWORK_DISCONNECT, tm_disconnect = 5045
11-06 18:12:21.788 I/Advanced( 2907): [NETWORK][LINUX2]advanced_network_proc_timer network_mgr_process_notify_func i = 2
11-06 18:12:21.788 I/Advanced( 2907): [NETWORK][LINUX2]network_event_post_misc index=0, type=5503, msg=0, value=0
11-06 18:12:21.788 I/Advanced( 2907): [NETWORK][LINUX2]porting notify, index = 0, type = 5503, p1 = 0, p2 = 0.
11-06 18:12:21.788 I/Advanced( 2907): [NETWORK][LINUX2]post event to page, type=5503, p1=0.
11-06 18:12:21.788 I/Advanced( 2907): [Network] recive EIS_IP_NETWORK_FAILED!ptrP2  = 0
11-06 18:12:21.788 I/Advanced( 2907): [Network] recive EIS_IP_NETWORK_FAILED!
11-06 18:12:21.792 D/BackBootDealerNeimeng( 2368): standbyState:
11-06 18:12:21.792 E/NetUtils( 2021): Interface eth0 LinkDown!
11-06 18:12:21.903 E/NetUtils( 2021): Interface eth0 LinkDown!
11-06 18:12:21.905 D/SetService( 2701): ispppoeOpen:false:reConnectCount:0
11-06 18:12:21.947 D/ResourceLoader( 2907): [ResponseCompleted] finish request 0x9f4ea880 url='http://10.14.41.246/application/bxfc/images/pic1_06.jpg'
11-06 18:12:21.948 D/[blink]ImageResource( 2907): [updateImage] allDataReceived!! data size=12257
11-06 18:12:21.948 D/[cc]beginFrameSource( 2907): [AddObserver] ExternalBeginFrameSource::AddObserver
11-06 18:12:21.948 D/[blink]ResourceFetcher( 2907): [didFinishLoading] encoded length=12496 url=http://10.14.41.246/application/bxfc/images/pic1_06.jpg.
11-06 18:12:21.948 D/[blink]ImageResource( 2907): [updateImage] allDataReceived!! data size=12257
11-06 18:12:21.952 D/[cc]ProxyMain( 2907): [BeginMainFrame] cc.BeginMainFrame this:0x9f64ccb8
11-06 18:12:21.952 D/[cc]LayerTreeHost( 2907): [AnimateLayers] AnimateLayers monotonic_time=88383329
11-06 18:12:21.952 D/[blink]FrameView( 2907): [updateLifecyclePhasesInternal] cannot paint!!return!!this:0x0x564c2f88
11-06 18:12:21.993 D/[blink]DOMTimer( 2907): [fired] 0x564c5068 timeout fired.
11-06 18:12:21.993 D/ScriptController( 2907): [executeScriptAndReturnValue] [V8] evaluate Script start. frame=0x457a1a48 url= line=1. source length=22
11-06 18:12:21.993 D/iPanel  ( 2907): iPanel.debug("checkOverlayCreated")
11-06 18:12:21.993 D/[blink]DOMTimer( 2907): [DOMTimer] 0x564c50d8 setTimeout 300ms, repeat:0.
11-06 18:12:21.994 D/ScriptController( 2907): [executeScriptAndReturnValue] [V8] evaluate Script end. frame=0x457a1a48 
11-06 18:12:22.112 D/[blink]ImageResource( 2907): [updateImage] allDataReceived!! data size=11441
11-06 18:12:22.112 D/[cc]beginFrameSource( 2907): [AddObserver] ExternalBeginFrameSource::AddObserver
11-06 18:12:22.119 D/[cc]ProxyMain( 2907): [BeginMainFrame] cc.BeginMainFrame this:0x9f64ccb8
11-06 18:12:22.119 D/[cc]LayerTreeHost( 2907): [AnimateLayers] AnimateLayers monotonic_time=88549996
11-06 18:12:22.119 D/[blink]FrameView( 2907): [updateLifecyclePhasesInternal] cannot paint!!return!!this:0x0x564c2f88
11-06 18:12:22.169 W/ContextImpl( 2368): Calling a method in the system process without a qualified user: android.app.ContextImpl.sendBroadcast:1345 android.content.ContextWrapper.sendBroadcast:377 com.suma.midware.back.esg.e.f:-1 com.suma.midware.back.esg.f.run:-1 com.suma.midware.prop.util.c.run:-1 
11-06 18:12:22.198 I/Advanced( 2907): [QUEUE] share_queue_sendEx size:1 4097 27 0x8ec51f30,postLoopId:0,dstid:1.
11-06 18:12:22.247 D/[blink]ImageResource( 2907): [updateImage] allDataReceived!! data size=3859
11-06 18:12:22.247 D/[cc]beginFrameSource( 2907): [AddObserver] ExternalBeginFrameSource::AddObserver
11-06 18:12:22.247 D/ResourceLoader( 2907): [ResponseCompleted] finish request 0x9f4eb680 url='http://10.14.41.246/application/bxfc/images/icon1_01.png'
11-06 18:12:22.248 D/[blink]ImageResource( 2907): [updateImage] allDataReceived!! data size=6985
11-06 18:12:22.248 D/[blink]ResourceFetcher( 2907): [didFinishLoading] encoded length=7222 url=http://10.14.41.246/application/bxfc/images/icon1_01.png.
11-06 18:12:22.248 D/[blink]ImageResource( 2907): [updateImage] allDataReceived!! data size=6985
11-06 18:12:22.252 D/[cc]ProxyMain( 2907): [BeginMainFrame] cc.BeginMainFrame this:0x9f64ccb8
11-06 18:12:22.252 D/[cc]LayerTreeHost( 2907): [AnimateLayers] AnimateLayers monotonic_time=88683329
11-06 18:12:22.252 D/[blink]FrameView( 2907): [updateLifecyclePhasesInternal] cannot paint!!return!!this:0x0x564c2f88
11-06 18:12:22.293 D/BackBootDealerNeimeng( 2368): standbyState:
11-06 18:12:22.293 E/NetUtils( 2021): Interface eth0 LinkDown!
11-06 18:12:22.294 D/[blink]DOMTimer( 2907): [fired] 0x564c50d8 timeout fired.
11-06 18:12:22.294 D/ScriptController( 2907): [executeScriptAndReturnValue] [V8] evaluate Script start. frame=0x457a1a48 url= line=1. source length=22
11-06 18:12:22.294 D/iPanel  ( 2907): iPanel.debug("checkOverlayCreated")
11-06 18:12:22.294 D/[blink]DOMTimer( 2907): [DOMTimer] 0x564c5148 setTimeout 300ms, repeat:0.
11-06 18:12:22.295 D/ScriptController( 2907): [executeScriptAndReturnValue] [V8] evaluate Script end. frame=0x457a1a48 
11-06 18:12:22.295 D/ResourceLoader( 2907): [ResponseCompleted] finish request 0x9f4e6600 url='http://10.14.41.246/application/bxfc/images/icon1_03.png'
11-06 18:12:22.297 D/[blink]ImageResource( 2907): [updateImage] allDataReceived!! data size=1192
11-06 18:12:22.297 D/[cc]beginFrameSource( 2907): [AddObserver] ExternalBeginFrameSource::AddObserver
11-06 18:12:22.297 D/[blink]ResourceFetcher( 2907): [didFinishLoading] encoded length=1428 url=http://10.14.41.246/application/bxfc/images/icon1_03.png.
11-06 18:12:22.298 D/[blink]ImageResource( 2907): [updateImage] allDataReceived!! data size=1192
11-06 18:12:22.302 D/[cc]ProxyMain( 2907): [BeginMainFrame] cc.BeginMainFrame this:0x9f64ccb8
11-06 18:12:22.302 D/[cc]LayerTreeHost( 2907): [AnimateLayers] AnimateLayers monotonic_time=88733329
11-06 18:12:22.302 D/[blink]FrameView( 2907): [updateLifecyclePhasesInternal] cannot paint!!return!!this:0x0x564c2f88
11-06 18:12:22.398 I/Advanced( 2907): [QUEUE] share_queue_sendEx size:1 4097 28 0x8ec51f30,postLoopId:0,dstid:1.
11-06 18:12:22.512 D/ResourceLoader( 2907): [ResponseCompleted] finish request 0x9f76a380 url='http://10.14.41.244:12690/account/user/get_list?deviceno=8150010653229443&devicetype=2&pageidx=1&pagenum=10'
11-06 18:12:22.513 D/V8ScriptRunner( 2907): [callFunction] start. frame = 0x457a9d58 function: xmlHttp.onreadystatechange url: http://10.14.41.246/application/bxfc/js/common.js line: 145
11-06 18:12:22.513 D/V8ScriptRunner( 2907): [callFunction] end. frame = 0x457a9d58 function: xmlHttp.onreadystatechange url: http://10.14.41.246/application/bxfc/js/common.js line: 145
11-06 18:12:22.513 D/V8ScriptRunner( 2907): [callFunction] start. frame = 0x457a9d58 function: xmlHttp.onreadystatechange url: http://10.14.41.246/application/bxfc/js/common.js line: 145
11-06 18:12:22.514 D/V8ScriptRunner( 2907): [callFunction] end. frame = 0x457a9d58 function: xmlHttp.onreadystatechange url: http://10.14.41.246/application/bxfc/js/common.js line: 145
11-06 18:12:22.514 D/[blink]ResourceFetcher( 2907): [didFinishLoading] encoded length=981 url=http://10.14.41.244:12690/account/user/get_list?deviceno=8150010653229443&devicetype=2&pageidx=1&pagenum=10.
11-06 18:12:22.515 D/V8ScriptRunner( 2907): [callFunction] start. frame = 0x457a9d58 function: xmlHttp.onreadystatechange url: http://10.14.41.246/application/bxfc/js/common.js line: 145
11-06 18:12:22.520 D/ChromeClientImpl( 2907): [addMessageToConsole] [LOG:CONSOLE(9)] "----getUserInfo---xhr.responseText:{
11-06 18:12:22.520 D/ChromeClientImpl( 2907):    "alternative_user_name" : "cqtvsd",
11-06 18:12:22.520 D/ChromeClientImpl( 2907):    "bind_user_id" : 0,
11-06 18:12:22.520 D/ChromeClientImpl( 2907):    "bind_user_name" : "",
11-06 18:12:22.520 D/ChromeClientImpl( 2907):    "home_id" : 98,
11-06 18:12:22.520 D/ChromeClientImpl( 2907):    "home_name" : "重庆试点",
11-06 18:12:22.520 D/ChromeClientImpl( 2907):    "home_status" : 2,
11-06 18:12:22.520 D/ChromeClientImpl( 2907):    "max_user_num" : 10,
11-06 18:12:22.520 D/ChromeClientImpl( 2907):    "message" : "",
11-06 18:12:22.520 D/ChromeClientImpl( 2907):    "ret" : 0,
11-06 18:12:22.520 D/ChromeClientImpl( 2907):    "ret_msg" : "success",
11-06 18:12:22.520 D/ChromeClientImpl( 2907):    "user_list" : [
11-06 18:12:22.520 D/ChromeClientImpl( 2907):       {
11-06 18:12:22.520 D/ChromeClientImpl( 2907):          "color_id" : 0,
11-06 18:12:22.520 D/ChromeClientImpl( 2907):          "font_id" : 0,
11-06 18:12:22.520 D/ChromeClientImpl( 2907):          "format_id" : 0,
11-06 18:12:22.520 D/ChromeClientImpl( 2907):          "icon_url" : {
11-06 18:12:22.520 D/ChromeClientImpl( 2907):             "140x140" : "http://apps.homed.me/sys_img/role/user0.jpg"
11-06 18:12:22.520 D/ChromeClientImpl( 2907):          },
11-06 18:12:22.520 D/ChromeClientImpl( 2907):          "is_super_user" : 1,
11-06 18:12:22.520 D/ChromeClientImpl( 2907):          "nick_name" : "cqtvsd",
11-06 18:12:22.520 D/ChromeClientImpl( 2907):          "portal_name" : "",
11-06 18:12:22.520 D/ChromeClientImpl( 2907):          "show_name" : 2,
11-06 18:12:22.520 D/ChromeClientImpl( 2907):          "style_id" : 1,
11-06 18:12:22.520 D/ChromeClientImpl( 2907):          "style_name" : "",
11-06 18:12:22.520 D/ChromeClientImpl( 2907):          "user_id" : 50000002,
11-06 18:12:22.520 D/ChromeClientImpl( 2907):          "user_name" : "cqtvsd"
11-06 18:12:22.520 D/ChromeClientImpl( 2907):       }
11-06 18:12:22.520 D/ChromeClientImpl( 2907):    ]
11-06 18:12:22.520 D/ChromeClientImpl( 2907): }
11-06 18:12:22.520 D/ChromeClientImpl( 2907): ", source:http://10.14.41.246/application/bxfc/js/common.js (9)
11-06 18:12:22.522 D/ChromeClientImpl( 2907): [addMessageToConsole] [LOG:CONSOLE(9)] "----login---url:http://10.14.41.244:12690/account/login?deviceno=8150010653229443&devicetype=2&accounttype=1&account=50000002&accesstoken=", source:http://10.14.41.246/application/bxfc/js/common.js (9)
11-06 18:12:22.535 D/V8ScriptRunner( 2907): [callFunction] start. frame = 0x457a9d58 function: xmlHttp.onreadystatechange url: http://10.14.41.246/application/bxfc/js/common.js line: 145
11-06 18:12:22.535 D/V8ScriptRunner( 2907): [callFunction] end. frame = 0x457a9d58 function: xmlHttp.onreadystatechange url: http://10.14.41.246/application/bxfc/js/common.js line: 145
11-06 18:12:22.536 D/[blink]ResourceFetcher( 2907): [requestResource] url=http://10.14.41.244:12690/account/login?deviceno=8150010653229443&devicetype=2&accounttype=1&account=50000002&accesstoken=.
11-06 18:12:22.537 D/url     ( 2907): [DoResolveRelative] [WEB] DoResolveRelative Error resolving.
11-06 18:12:22.538 D/[blink]DOMTimer( 2907): [DOMTimer] 0x564c5580 setTimeout 5000ms, repeat:0.
11-06 18:12:22.538 D/ResourceLoader( 2907): [StartRequest] start request 0x9f76a380 url='http://10.14.41.244:12690/account/login?deviceno=8150010653229443&devicetype=2&accounttype=1&account=50000002&accesstoken='
11-06 18:12:22.539 D/AwRequestInterceptor( 2907): [MaybeInterceptRequest] request=0x9f76a380
11-06 18:12:22.540 D/cr_AwContents( 2907): [AwContents.java:520] BackgroundThreadClientImpl shouldInterceptRequest url = http://10.14.41.244:12690/account/login?deviceno=8150010653229443&devicetype=2&accounttype=1&account=50000002&accesstoken=
11-06 18:12:22.540 D/cr_AwNullContentsClient( 2907): [AwNullContentsClient.java:62] shouldInterceptRequest url=http://10.14.41.244:12690/account/login?deviceno=8150010653229443&devicetype=2&accounttype=1&account=50000002&accesstoken=
11-06 18:12:22.540 D/BrowserWebViewClient( 2907): intercept request :http://10.14.41.244:12690/account/login?deviceno=8150010653229443&devicetype=2&accounttype=1&account=50000002&accesstoken=
11-06 18:12:22.541 D/AwRequestInterceptor( 2907): [MaybeInterceptRequest] request=0x9f76a380
11-06 18:12:22.541 D/V8ScriptRunner( 2907): [callFunction] end. frame = 0x457a9d58 function: xmlHttp.onreadystatechange url: http://10.14.41.246/application/bxfc/js/common.js line: 145
11-06 18:12:22.594 D/[blink]DOMTimer( 2907): [fired] 0x564c5148 timeout fired.
11-06 18:12:22.594 D/ScriptController( 2907): [executeScriptAndReturnValue] [V8] evaluate Script start. frame=0x457a1a48 url= line=1. source length=22
11-06 18:12:22.595 D/iPanel  ( 2907): iPanel.debug("checkOverlayCreated")
11-06 18:12:22.595 D/[blink]DOMTimer( 2907): [DOMTimer] 0x564c55f0 setTimeout 300ms, repeat:0.
11-06 18:12:22.595 D/ScriptController( 2907): [executeScriptAndReturnValue] [V8] evaluate Script end. frame=0x457a1a48 
11-06 18:12:22.596 D/[blink]ImageResource( 2907): [updateImage] allDataReceived!! data size=7061
11-06 18:12:22.597 D/[cc]beginFrameSource( 2907): [AddObserver] ExternalBeginFrameSource::AddObserver
11-06 18:12:22.597 D/[blink]ImageResource( 2907): [updateImage] allDataReceived!! data size=11441
11-06 18:12:22.598 D/[blink]ImageResource( 2907): [updateImage] allDataReceived!! data size=12901
11-06 18:12:22.599 I/Advanced( 2907): [QUEUE] share_queue_sendEx size:1 4097 29 0x8ec51f30,postLoopId:0,dstid:1.
11-06 18:12:22.602 D/[cc]ProxyMain( 2907): [BeginMainFrame] cc.BeginMainFrame this:0x9f64ccb8
11-06 18:12:22.602 D/[cc]LayerTreeHost( 2907): [AnimateLayers] AnimateLayers monotonic_time=89033329
11-06 18:12:22.602 D/[blink]FrameView( 2907): [updateLifecyclePhasesInternal] cannot paint!!return!!this:0x0x564c2f88
11-06 18:12:22.608 D/[blink]ImageResource( 2907): [updateImage] allDataReceived!! data size=14361
11-06 18:12:22.615 D/[blink]ImageResource( 2907): [updateImage] allDataReceived!! data size=15821
11-06 18:12:22.615 D/[blink]ImageResource( 2907): [updateImage] allDataReceived!! data size=18741
11-06 18:12:22.616 D/[blink]ImageResource( 2907): [updateImage] allDataReceived!! data size=20201
11-06 18:12:22.618 D/[cc]ProxyMain( 2907): [BeginMainFrame] cc.BeginMainFrame this:0x9f64ccb8
11-06 18:12:22.618 D/[cc]LayerTreeHost( 2907): [AnimateLayers] AnimateLayers monotonic_time=89049996
11-06 18:12:22.618 D/[blink]FrameView( 2907): [updateLifecyclePhasesInternal] cannot paint!!return!!this:0x0x564c2f88
11-06 18:12:22.623 D/[blink]ImageResource( 2907): [updateImage] allDataReceived!! data size=21661
11-06 18:12:22.624 D/[blink]ImageResource( 2907): [updateImage] allDataReceived!! data size=23121
11-06 18:12:22.624 D/[blink]ImageResource( 2907): [updateImage] allDataReceived!! data size=24581
11-06 18:12:22.635 D/[blink]ImageResource( 2907): [updateImage] allDataReceived!! data size=26041
11-06 18:12:22.635 D/[cc]ProxyMain( 2907): [BeginMainFrame] cc.BeginMainFrame this:0x9f64ccb8
11-06 18:12:22.636 D/[cc]LayerTreeHost( 2907): [AnimateLayers] AnimateLayers monotonic_time=89066663
11-06 18:12:22.636 D/[blink]FrameView( 2907): [updateLifecyclePhasesInternal] cannot paint!!return!!this:0x0x564c2f88
11-06 18:12:22.752 I/AdvancedPorting-PORT_MODULE_NET( 2907): network_task while... 
11-06 18:12:22.752 I/AdvancedPorting-PORT_MODULE_NET( 2907): 0 interface name: lo
11-06 18:12:22.752 I/AdvancedPorting-PORT_MODULE_NET( 2907): 1 interface name: wlan0
11-06 18:12:22.752 I/AdvancedPorting-PORT_MODULE_NET( 2907): First interface name: lo
11-06 18:12:22.752 I/AdvancedPorting-PORT_MODULE_NET( 2907): network_task while...  net_i:1
11-06 18:12:22.752 I/AdvancedPorting-PORT_MODULE_NET( 2907): network_task while---name_interface[0]=lo
11-06 18:12:22.752 I/AdvancedPorting-PORT_MODULE_NET( 2907): network_task while---name_interface[1]=wlan0
11-06 18:12:22.752 I/AdvancedPorting-PORT_MODULE_NET( 2907): network_task while---interface_name=wlan0
11-06 18:12:22.752 I/AdvancedPorting-PORT_MODULE_NET( 2907): network_get_netlink_status(in)--if_name=wlan0
11-06 18:12:22.752 I/AdvancedPorting-PORT_MODULE_NET( 2907): net.network.isconnected = no
11-06 18:12:22.752 I/AdvancedPorting-PORT_MODULE_NET( 2907): wlan0 --network_get_netlink_status return retval=1
11-06 18:12:22.752 I/AdvancedPorting-PORT_MODULE_NET( 2907): stat = 1 last_status = 1
11-06 18:12:22.794 D/BackBootDealerNeimeng( 2368): standbyState:
11-06 18:12:22.795 E/NetUtils( 2021): Interface eth0 LinkDown!
11-06 18:12:22.799 I/Advanced( 2907): [QUEUE] share_queue_sendEx size:1 4097 30 0x8ec51f30,postLoopId:0,dstid:1.
11-06 18:12:22.841 D/LoadHttpHandler( 2368): [TN_ThreadUtil-6]doNormal responseCode=404
11-06 18:12:22.841 D/LoadHttpTask( 2368): dealUpdateCheck responseCode:404:data:null:downloadResult:false
11-06 18:12:22.842 D/IPLoaderNeimeng( 2368): after dealUpdateCheck time:18:12:22:isMsgBroadcast:false:monitorInterval:5000:processState:1
11-06 18:12:22.842 D/IPLoaderNeimeng( 2368): before wait time18:12:22:monitorInterval:5000
11-06 18:12:22.895 D/[blink]DOMTimer( 2907): [fired] 0x564c55f0 timeout fired.
11-06 18:12:22.895 D/ScriptController( 2907): [executeScriptAndReturnValue] [V8] evaluate Script start. frame=0x457a1a48 url= line=1. source length=22
11-06 18:12:22.895 D/iPanel  ( 2907): iPanel.debug("checkOverlayCreated")
11-06 18:12:22.895 D/[blink]DOMTimer( 2907): [DOMTimer] 0x564c5660 setTimeout 300ms, repeat:0.
11-06 18:12:22.895 D/ScriptController( 2907): [executeScriptAndReturnValue] [V8] evaluate Script end. frame=0x457a1a48 
11-06 18:12:22.999 I/Advanced( 2907): [QUEUE] share_queue_sendEx size:1 4097 31 0x8ec51f30,postLoopId:0,dstid:1.
11-06 18:12:23.196 D/[blink]DOMTimer( 2907): [fired] 0x564c5660 timeout fired.
11-06 18:12:23.196 D/ScriptController( 2907): [executeScriptAndReturnValue] [V8] evaluate Script start. frame=0x457a1a48 url= line=1. source length=22
11-06 18:12:23.196 D/iPanel  ( 2907): iPanel.debug("checkOverlayCreated")
11-06 18:12:23.196 D/[blink]DOMTimer( 2907): [DOMTimer] 0x564c56d0 setTimeout 300ms, repeat:0.
11-06 18:12:23.196 D/ScriptController( 2907): [executeScriptAndReturnValue] [V8] evaluate Script end. frame=0x457a1a48 
11-06 18:12:23.200 I/Advanced( 2907): [QUEUE] share_queue_sendEx size:1 4097 32 0x8ec51f30,postLoopId:0,dstid:1.
11-06 18:12:23.248 D/ResourceLoader( 2907): [ResponseCompleted] finish request 0x9f4ec800 url='http://10.14.41.246/application/bxfc/images/icon_bg3.png'
11-06 18:12:23.250 D/[blink]ImageResource( 2907): [updateImage] allDataReceived!! data size=1640
11-06 18:12:23.250 D/[cc]beginFrameSource( 2907): [AddObserver] ExternalBeginFrameSource::AddObserver
11-06 18:12:23.250 D/[blink]ResourceFetcher( 2907): [didFinishLoading] encoded length=1876 url=http://10.14.41.246/application/bxfc/images/icon_bg3.png.
11-06 18:12:23.251 D/[blink]ImageResource( 2907): [updateImage] allDataReceived!! data size=1640
11-06 18:12:23.252 D/[cc]ProxyMain( 2907): [BeginMainFrame] cc.BeginMainFrame this:0x9f64ccb8
11-06 18:12:23.253 D/[cc]LayerTreeHost( 2907): [AnimateLayers] AnimateLayers monotonic_time=89683329
11-06 18:12:23.253 D/[blink]FrameView( 2907): [updateLifecyclePhasesInternal] cannot paint!!return!!this:0x0x564c2f88
11-06 18:12:23.296 D/BackBootDealerNeimeng( 2368): standbyState:
11-06 18:12:23.296 E/NetUtils( 2021): Interface eth0 LinkDown!
11-06 18:12:23.400 I/Advanced( 2907): [QUEUE] share_queue_sendEx size:1 4097 33 0x8ec51f30,postLoopId:0,dstid:1.
11-06 18:12:23.496 D/[blink]DOMTimer( 2907): [fired] 0x564c56d0 timeout fired.
11-06 18:12:23.496 D/ScriptController( 2907): [executeScriptAndReturnValue] [V8] evaluate Script start. frame=0x457a1a48 url= line=1. source length=22
11-06 18:12:23.497 D/iPanel  ( 2907): iPanel.debug("checkOverlayCreated")
11-06 18:12:23.497 D/[blink]DOMTimer( 2907): [DOMTimer] 0x564c5740 setTimeout 300ms, repeat:0.
11-06 18:12:23.497 D/ScriptController( 2907): [executeScriptAndReturnValue] [V8] evaluate Script end. frame=0x457a1a48 
11-06 18:12:23.601 I/Advanced( 2907): [QUEUE] share_queue_sendEx size:1 4097 34 0x8ec51f30,postLoopId:0,dstid:1.
11-06 18:12:23.663 D/[blink]ImageResource( 2907): [updateImage] allDataReceived!! data size=2681
11-06 18:12:23.663 D/[cc]beginFrameSource( 2907): [AddObserver] ExternalBeginFrameSource::AddObserver
11-06 18:12:23.665 D/[blink]ImageResource( 2907): [updateImage] allDataReceived!! data size=4141
11-06 18:12:23.666 D/[blink]ImageResource( 2907): [updateImage] allDataReceived!! data size=5601
11-06 18:12:23.668 D/[blink]ImageResource( 2907): [updateImage] allDataReceived!! data size=7061
11-06 18:12:23.669 D/[cc]ProxyMain( 2907): [BeginMainFrame] cc.BeginMainFrame this:0x9f64ccb8
11-06 18:12:23.669 D/[cc]LayerTreeHost( 2907): [AnimateLayers] AnimateLayers monotonic_time=90099996
11-06 18:12:23.669 D/[blink]FrameView( 2907): [updateLifecyclePhasesInternal] cannot paint!!return!!this:0x0x564c2f88
11-06 18:12:23.670 D/[blink]ImageResource( 2907): [updateImage] allDataReceived!! data size=8521
11-06 18:12:23.672 D/[blink]ImageResource( 2907): [updateImage] allDataReceived!! data size=9981
11-06 18:12:23.674 D/[blink]ImageResource( 2907): [updateImage] allDataReceived!! data size=11441
11-06 18:12:23.676 D/[blink]ImageResource( 2907): [updateImage] allDataReceived!! data size=12901
11-06 18:12:23.678 D/[blink]ImageResource( 2907): [updateImage] allDataReceived!! data size=14361
11-06 18:12:23.685 D/[cc]ProxyMain( 2907): [BeginMainFrame] cc.BeginMainFrame this:0x9f64ccb8
11-06 18:12:23.685 D/[cc]LayerTreeHost( 2907): [AnimateLayers] AnimateLayers monotonic_time=90116663
11-06 18:12:23.685 D/[blink]FrameView( 2907): [updateLifecyclePhasesInternal] cannot paint!!return!!this:0x0x564c2f88
11-06 18:12:23.752 I/AdvancedPorting-PORT_MODULE_NET( 2907): network_task while... 
11-06 18:12:23.752 I/AdvancedPorting-PORT_MODULE_NET( 2907): 0 interface name: lo
11-06 18:12:23.753 I/AdvancedPorting-PORT_MODULE_NET( 2907): 1 interface name: wlan0
11-06 18:12:23.753 I/AdvancedPorting-PORT_MODULE_NET( 2907): First interface name: lo
11-06 18:12:23.753 I/AdvancedPorting-PORT_MODULE_NET( 2907): network_task while...  net_i:1
11-06 18:12:23.753 I/AdvancedPorting-PORT_MODULE_NET( 2907): network_task while---name_interface[0]=lo
11-06 18:12:23.753 I/AdvancedPorting-PORT_MODULE_NET( 2907): network_task while---name_interface[1]=wlan0
11-06 18:12:23.753 I/AdvancedPorting-PORT_MODULE_NET( 2907): network_task while---interface_name=wlan0
11-06 18:12:23.753 I/AdvancedPorting-PORT_MODULE_NET( 2907): network_get_netlink_status(in)--if_name=wlan0
11-06 18:12:23.753 I/AdvancedPorting-PORT_MODULE_NET( 2907): net.network.isconnected = no
11-06 18:12:23.753 I/AdvancedPorting-PORT_MODULE_NET( 2907): wlan0 --network_get_netlink_status return retval=1
11-06 18:12:23.753 I/AdvancedPorting-PORT_MODULE_NET( 2907): stat = 1 last_status = 1
11-06 18:12:23.776 D/[blink]ImageResource( 2907): [updateImage] allDataReceived!! data size=12889
11-06 18:12:23.777 D/[cc]beginFrameSource( 2907): [AddObserver] ExternalBeginFrameSource::AddObserver
11-06 18:12:23.786 D/[cc]ProxyMain( 2907): [BeginMainFrame] cc.BeginMainFrame this:0x9f64ccb8
11-06 18:12:23.786 D/[cc]LayerTreeHost( 2907): [AnimateLayers] AnimateLayers monotonic_time=90216663
11-06 18:12:23.786 D/[blink]FrameView( 2907): [updateLifecyclePhasesInternal] cannot paint!!return!!this:0x0x564c2f88
11-06 18:12:23.787 D/ResourceLoader( 2907): [ResponseCompleted] finish request 0x9f4eb300 url='http://10.14.41.246/application/bxfc/images/pic1_09.jpg'
11-06 18:12:23.787 D/[blink]ImageResource( 2907): [updateImage] allDataReceived!! data size=16260
11-06 18:12:23.788 D/[blink]ResourceFetcher( 2907): [didFinishLoading] encoded length=16499 url=http://10.14.41.246/application/bxfc/images/pic1_09.jpg.
11-06 18:12:23.789 D/[blink]ImageResource( 2907): [updateImage] allDataReceived!! data size=16260
11-06 18:12:23.797 D/BackBootDealerNeimeng( 2368): standbyState:
11-06 18:12:23.797 D/[blink]DOMTimer( 2907): [fired] 0x564c5740 timeout fired.
11-06 18:12:23.797 D/ScriptController( 2907): [executeScriptAndReturnValue] [V8] evaluate Script start. frame=0x457a1a48 url= line=1. source length=22
11-06 18:12:23.797 D/iPanel  ( 2907): iPanel.debug("checkOverlayCreated")
11-06 18:12:23.798 D/[blink]DOMTimer( 2907): [DOMTimer] 0x564c57b0 setTimeout 300ms, repeat:0.
11-06 18:12:23.798 E/NetUtils( 2021): Interface eth0 LinkDown!
11-06 18:12:23.798 D/ScriptController( 2907): [executeScriptAndReturnValue] [V8] evaluate Script end. frame=0x457a1a48 
11-06 18:12:23.803 D/[cc]ProxyMain( 2907): [BeginMainFrame] cc.BeginMainFrame this:0x9f64ccb8
11-06 18:12:23.803 D/[cc]LayerTreeHost( 2907): [AnimateLayers] AnimateLayers monotonic_time=90233329
11-06 18:12:23.803 D/[blink]FrameView( 2907): [updateLifecyclePhasesInternal] cannot paint!!return!!this:0x0x564c2f88
11-06 18:12:23.875 D/[blink]ImageResource( 2907): [updateImage] allDataReceived!! data size=8521
11-06 18:12:23.875 D/[cc]beginFrameSource( 2907): [AddObserver] ExternalBeginFrameSource::AddObserver
11-06 18:12:23.876 D/[blink]ImageResource( 2907): [updateImage] allDataReceived!! data size=11441
11-06 18:12:23.886 D/[cc]ProxyMain( 2907): [BeginMainFrame] cc.BeginMainFrame this:0x9f64ccb8
11-06 18:12:23.886 D/[cc]LayerTreeHost( 2907): [AnimateLayers] AnimateLayers monotonic_time=90316663
11-06 18:12:23.886 D/[blink]FrameView( 2907): [updateLifecyclePhasesInternal] cannot paint!!return!!this:0x0x564c2f88
11-06 18:12:23.901 D/[blink]ImageResource( 2907): [updateImage] allDataReceived!! data size=12901
11-06 18:12:23.902 D/[cc]ProxyMain( 2907): [BeginMainFrame] cc.BeginMainFrame this:0x9f64ccb8
11-06 18:12:23.903 D/[cc]LayerTreeHost( 2907): [AnimateLayers] AnimateLayers monotonic_time=90333329
11-06 18:12:23.903 D/[blink]FrameView( 2907): [updateLifecyclePhasesInternal] cannot paint!!return!!this:0x0x564c2f88
11-06 18:12:24.011 I/Advanced( 2907): [QUEUE] share_queue_sendEx size:1 4097 36 0x8ec51f30,postLoopId:0,dstid:1.
11-06 18:12:24.098 D/[blink]DOMTimer( 2907): [fired] 0x564c57b0 timeout fired.
11-06 18:12:24.098 D/ScriptController( 2907): [executeScriptAndReturnValue] [V8] evaluate Script start. frame=0x457a1a48 url= line=1. source length=22
11-06 18:12:24.098 D/iPanel  ( 2907): iPanel.debug("checkOverlayCreated")
11-06 18:12:24.098 D/[blink]DOMTimer( 2907): [DOMTimer] 0x564c5820 setTimeout 300ms, repeat:0.
11-06 18:12:24.098 D/ScriptController( 2907): [executeScriptAndReturnValue] [V8] evaluate Script end. frame=0x457a1a48 
11-06 18:12:24.105 D/V8ScriptRunner( 2907): [callFunction] start. frame = 0x457a9d58 function: xmlHttp.onreadystatechange url: http://10.14.41.246/application/bxfc/js/common.js line: 145
11-06 18:12:24.105 D/V8ScriptRunner( 2907): [callFunction] end. frame = 0x457a9d58 function: xmlHttp.onreadystatechange url: http://10.14.41.246/application/bxfc/js/common.js line: 145
11-06 18:12:24.105 D/V8ScriptRunner( 2907): [callFunction] start. frame = 0x457a9d58 function: xmlHttp.onreadystatechange url: http://10.14.41.246/application/bxfc/js/common.js line: 145
11-06 18:12:24.106 D/V8ScriptRunner( 2907): [callFunction] end. frame = 0x457a9d58 function: xmlHttp.onreadystatechange url: http://10.14.41.246/application/bxfc/js/common.js line: 145
11-06 18:12:24.106 D/ResourceLoader( 2907): [ResponseCompleted] finish request 0x9f76a380 url='http://10.14.41.244:12690/account/login?deviceno=8150010653229443&devicetype=2&accounttype=1&account=50000002&accesstoken='
11-06 18:12:24.107 D/[blink]ResourceFetcher( 2907): [didFinishLoading] encoded length=1809 url=http://10.14.41.244:12690/account/login?deviceno=8150010653229443&devicetype=2&accounttype=1&account=50000002&accesstoken=.
11-06 18:12:24.107 D/V8ScriptRunner( 2907): [callFunction] start. frame = 0x457a9d58 function: xmlHttp.onreadystatechange url: http://10.14.41.246/application/bxfc/js/common.js line: 145
11-06 18:12:24.111 D/ChromeClientImpl( 2907): [addMessageToConsole] [LOG:CONSOLE(9)] "----login---xhr.responseText:{
11-06 18:12:24.111 D/ChromeClientImpl( 2907):    "access_token" : "R59FFFEA3U2082D029K53724E14I5A2A0E0AP8M2FAF082WDBB9FCABF31",
11-06 18:12:24.111 D/ChromeClientImpl( 2907):    "area_code" : "",
11-06 18:12:24.111 D/ChromeClientImpl( 2907):    "default_play_mode" : [
11-06 18:12:24.111 D/ChromeClientImpl( 2907):       {
11-06 18:12:24.111 D/ChromeClientImpl( 2907):          "mode" : 1,
11-06 18:12:24.111 D/ChromeClientImpl( 2907):          "platform" : 1,
11-06 18:12:24.111 D/ChromeClientImpl( 2907):          "type" : 1
11-06 18:12:24.111 D/ChromeClientImpl( 2907):       },
11-06 18:12:24.111 D/ChromeClientImpl( 2907):       {
11-06 18:12:24.111 D/ChromeClientImpl( 2907):          "mode" : 2,
11-06 18:12:24.111 D/ChromeClientImpl( 2907):          "platform" : 1,
11-06 18:12:24.111 D/ChromeClientImpl( 2907):          "type" : 2
11-06 18:12:24.111 D/ChromeClientImpl( 2907):       },
11-06 18:12:24.111 D/ChromeClientImpl( 2907):       {
11-06 18:12:24.111 D/ChromeClientImpl( 2907):          "mode" : 2,
11-06 18:12:24.111 D/ChromeClientImpl( 2907):          "platform" : 1,
11-06 18:12:24.111 D/ChromeClientImpl( 2907):          "type" : 3
11-06 18:12:24.111 D/ChromeClientImpl( 2907):       },
11-06 18:12:24.111 D/ChromeClientImpl( 2907):       {
11-06 18:12:24.111 D/ChromeClientImpl( 2907):          "mode" : 2,
11-06 18:12:24.111 D/ChromeClientImpl( 2907):          "platform" : 1,
11-06 18:12:24.111 D/ChromeClientImpl( 2907):          "type" : 4
11-06 18:12:24.111 D/ChromeClientImpl( 2907):       },
11-06 18:12:24.111 D/ChromeClientImpl( 2907):       {
11-06 18:12:24.111 D/ChromeClientImpl( 2907):          "mode" : 2,
11-06 18:12:24.111 D/ChromeClientImpl( 2907):          "platform" : 1,
11-06 18:12:24.111 D/ChromeClientImpl( 2907):          "type" : 5
11-06 18:12:24.111 D/ChromeClientImpl( 2907):       },
11-06 18:12:24.111 D/ChromeClientImpl( 2907):       {
11-06 18:12:24.111 D/ChromeClientImpl( 2907):          "mode" : 1,
11-06 18:12:24.111 D/ChromeClientImpl( 2907):          "platform" : 2,
11-06 18:12:24.111 D/ChromeClientImpl( 2907):          "type" : 1
11-06 18:12:24.111 D/ChromeClientImpl( 2907):       },
11-06 18:12:24.111 D/ChromeClientImpl( 2907):       {
11-06 18:12:24.111 D/ChromeClientImpl( 2907):          "mode" : 2,
11-06 18:12:24.111 D/ChromeClientImpl( 2907):          "platform" : 2,
11-06 18:12:24.111 D/ChromeClientImpl( 2907):          "type" : 2
11-06 18:12:24.111 D/ChromeClientImpl( 2907):       },
11-06 18:12:24.111 D/ChromeClientImpl( 2907):       {
11-06 18:12:24.111 D/ChromeClientImpl( 2907):          "mode" : 1,
11-06 18:12:24.111 D/ChromeClientImpl( 2907):          "platform" : 2,
11-06 18:12:24.111 D/ChromeClientImpl( 2907):          "type" : 3
11-06 18:12:24.111 D/ChromeClientImpl( 2907):       },
11-06 18:12:24.111 D/ChromeClientImpl( 2907):       {
11-06 18:12:24.111 D/ChromeClientImpl( 2907):          "mode" : 1,
11-06 18:12:24.111 D/ChromeClientImpl( 2907):          "platform" : 2,
11-06 18:12:24.111 D/ChromeClientImpl( 2907):          "type" : 4
11-06 18:12:24.111 D/ChromeClientImpl( 2907):       },
11-06 18:12:24.111 D/ChromeClientImpl( 2907):       {
11-06 18:12:24.111 D/ChromeClientImpl( 2907):          "mode" : 2,
11-06 18:12:24.111 D/ChromeClientImpl( 2907):          "platform" : 2,
11-06 18:12:24.111 D/ChromeClientImpl( 2907):          "type" : 5
11-06 18:12:24.111 D/ChromeClientImpl( 2907):       }
11-06 18:12:24.111 D/ChromeClientImpl( 2907):    ],
11-06 18:12:24.111 D/ChromeClientImpl( 2907):    "device_id" : 1400000020,
11-06 18:12:24.111 D/ChromeClientImpl( 2907):    "extend" : null,
11-06 18:12:24.111 D/ChromeClientImpl( 2907):    "home_id" : 98,
11-06 18:12:24.111 D/ChromeClientImpl( 2907):    "icon_url" : {
11-06 18:12:24.111 D/ChromeClientImpl( 2907):       "140x140" : "http://apps.homed.me/sys_img/role/user0.jpg"
11-06 18:12:24.111 D/ChromeClientImpl( 2907):    },
11-06 18:12:24.111 D/ChromeClientImpl( 2907):    "is_first_login" : 0,
11-06 18:12:24.111 D/ChromeClientImpl( 2907):    "is_super_user" : 1,
11-06 18:12:24.111 D/ChromeClientImpl( 2907):    "is_update_pwd" : 0,
11-06 18:12:24.111 D/ChromeClientImpl( 2907):    "last_logged_ip" : "10.14.42.90",
11-06 18:12:24.111 D/ChromeClientImpl( 2907):    "last_logged_time" : 1509961698,
11-06 18:12:24.111 D/ChromeClientImpl( 2907):    "message" : "success",
11-06 18:12:24.111 D/ChromeClientImpl( 2907):    "nick_name" : "cqtvsd",
11-06 18:12:24.111 D/ChromeClientImpl( 2907):    "portal_id" : 0,
11-06 18:12:24.111 D/ChromeClientImpl( 2907):    "portal_url" : "",
11-06 18:12:24.111 D/ChromeClientImpl( 2907):    "property" : 0,
11-06 18:12:24.111 D/ChromeClientImpl( 2907):    "ret" : 0,
11-06 18:12:24.111 D/ChromeClientImpl( 2907):    "ret_msg" : "success",
11-06 18:12:24.111 D/ChromeClientImpl( 2907):    "style_id" : 1,
11-06 18:12:24.111 D/ChromeClientImpl( 2907):    "user_id" : 50000002,
11-06 18:12:24.111 D/ChromeClientImpl( 2907):    "user_name" : "cqtvsd"
11-06 18:12:24.111 D/ChromeClientImpl( 2907): }
11-06 18:12:24.111 D/ChromeClientImpl( 2907): ", source:http://10.14.41.246/application/bxfc/js/common.js (9)
11-06 18:12:24.112 D/ChromeClientImpl( 2907): [addMessageToConsole] [LOG:CONSOLE(9)] "----login---access_token=R59FFFEA3U2082D029K53724E14I5A2A0E0AP8M2FAF082WDBB9FCABF31 device_id=1400000020", source:http://10.14.41.246/application/bxfc/js/common.js (9)
11-06 18:12:24.112 D/iPanel  ( 2907): getFrameByName 'eventFrame' frame=0x457a1a48 window=0x457a26f8
11-06 18:12:24.112 D/iPanel  ( 2907): getFrameByName 'mainFrame' frame=0x457a9d58 window=0x457ae090
11-06 18:12:24.112 D/iPanel  ( 2907): getFrameByName 'eventFrame' frame=0x457a1a48 window=0x457a26f8
11-06 18:12:24.112 D/iPanel  ( 2907): getFrameByName 'mainFrame' frame=0x457a9d58 window=0x457ae090
11-06 18:12:24.127 D/ChromeClientImpl( 2907): [addMessageToConsole] [LOG:CONSOLE(465)] "http://10.14.41.245:13160/recommend/get_recommend_by_label?accesstoken=R59FFFEA3U2082D029K53724E14I5A2A0E0AP8M2FAF082WDBB9FCABF31&label=286&pageidx=0&pagenum=3&depth=1", source:http://10.14.41.246/application/bxfc/js/common.js (465)
11-06 18:12:24.128 D/V8ScriptRunner( 2907): [callFunction] start. frame = 0x457a9d58 function: xmlHttp.onreadystatechange url: http://10.14.41.246/application/bxfc/js/common.js line: 450
11-06 18:12:24.130 D/V8ScriptRunner( 2907): [callFunction] end. frame = 0x457a9d58 function: xmlHttp.onreadystatechange url: http://10.14.41.246/application/bxfc/js/common.js line: 450
11-06 18:12:24.130 D/[blink]ResourceFetcher( 2907): [requestResource] url=http://10.14.41.245:13160/recommend/get_recommend_by_label?accesstoken=R59FFFEA3U2082D029K53724E14I5A2A0E0AP8M2FAF082WDBB9FCABF31&label=286&pageidx=0&pagenum=3&depth=1.
11-06 18:12:24.131 D/url     ( 2907): [DoResolveRelative] [WEB] DoResolveRelative Error resolving.
11-06 18:12:24.132 D/ResourceLoader( 2907): [StartRequest] start request 0x9f4eb300 url='http://10.14.41.245:13160/recommend/get_recommend_by_label?accesstoken=R59FFFEA3U2082D029K53724E14I5A2A0E0AP8M2FAF082WDBB9FCABF31&label=286&pageidx=0&pagenum=3&depth=1'
11-06 18:12:24.132 D/[blink]DOMTimer( 2907): [DOMTimer] 0x564c6020 setTimeout 500ms, repeat:0.
