11-06 18:11:54.520 D/BasicFigure( 2500): [TN_GLThread 73]isDrawFocused basicFigure=com.suma.midware.view.b.c.c@3914159e
11-06 18:11:54.733 D/BackBootDealerNeimeng( 2368): standbyState:
11-06 18:11:54.734 E/NetUtils( 2021): Interface eth0 LinkDown!
11-06 18:11:55.234 D/BackBootDealerNeimeng( 2368): standbyState:
11-06 18:11:55.235 E/NetUtils( 2021): Interface eth0 LinkDown!
11-06 18:11:55.553 D/BasicFigure( 2500): [TN_GLThread 73]isDrawFocused relyElement=[BaseElement@346a37d9]focusScale[1.15]elementAlpha[-1.0]refectAlpha[-1.0]isFocusAble[true]shadowIndex[-1]autoJumpType[-1]uniqueID[54resSize0]rect[NULL]
11-06 18:11:55.553 D/BasicFigure( 2500): [TN_GLThread 73]isDrawFocused basicFigure=com.suma.midware.view.b.c.c@3914159e
11-06 18:11:55.735 D/BackBootDealerNeimeng( 2368): standbyState:
11-06 18:11:55.736 E/NetUtils( 2021): Interface eth0 LinkDown!
11-06 18:11:56.237 D/BackBootDealerNeimeng( 2368): standbyState:
11-06 18:11:56.237 E/NetUtils( 2021): Interface eth0 LinkDown!
11-06 18:11:56.585 D/BasicFigure( 2500): [TN_GLThread 73]isDrawFocused relyElement=[BaseElement@346a37d9]focusScale[1.15]elementAlpha[-1.0]refectAlpha[-1.0]isFocusAble[true]shadowIndex[-1]autoJumpType[-1]uniqueID[54resSize0]rect[NULL]
11-06 18:11:56.585 D/BasicFigure( 2500): [TN_GLThread 73]isDrawFocused basicFigure=com.suma.midware.view.b.c.c@3914159e
11-06 18:11:56.738 D/BackBootDealerNeimeng( 2368): standbyState:
11-06 18:11:56.739 E/NetUtils( 2021): Interface eth0 LinkDown!
11-06 18:11:57.133 W/ContextImpl( 2368): Calling a method in the system process without a qualified user: android.app.ContextImpl.sendBroadcast:1345 android.content.ContextWrapper.sendBroadcast:377 com.suma.midware.back.esg.e.f:-1 com.suma.midware.back.esg.f.run:-1 com.suma.midware.prop.util.c.run:-1 
11-06 18:11:57.239 D/BackBootDealerNeimeng( 2368): standbyState:
11-06 18:11:57.240 E/NetUtils( 2021): Interface eth0 LinkDown!
11-06 18:11:57.617 D/BasicFigure( 2500): [TN_GLThread 73]isDrawFocused relyElement=[BaseElement@346a37d9]focusScale[1.15]elementAlpha[-1.0]refectAlpha[-1.0]isFocusAble[true]shadowIndex[-1]autoJumpType[-1]uniqueID[54resSize0]rect[NULL]
11-06 18:11:57.617 D/BasicFigure( 2500): [TN_GLThread 73]isDrawFocused basicFigure=com.suma.midware.view.b.c.c@3914159e
11-06 18:11:57.740 D/BackBootDealerNeimeng( 2368): standbyState:
11-06 18:11:57.741 E/NetUtils( 2021): Interface eth0 LinkDown!
11-06 18:11:58.135 W/ContextImpl( 2368): Calling a method in the system process without a qualified user: android.app.ContextImpl.sendBroadcast:1345 android.content.ContextWrapper.sendBroadcast:377 com.suma.midware.back.esg.e.f:-1 com.suma.midware.back.esg.f.run:-1 com.suma.midware.prop.util.c.run:-1 
11-06 18:11:58.241 D/BackBootDealerNeimeng( 2368): standbyState:
11-06 18:11:58.242 E/NetUtils( 2021): Interface eth0 LinkDown!
11-06 18:11:58.650 D/BasicFigure( 2500): [TN_GLThread 73]isDrawFocused relyElement=[BaseElement@346a37d9]focusScale[1.15]elementAlpha[-1.0]refectAlpha[-1.0]isFocusAble[true]shadowIndex[-1]autoJumpType[-1]uniqueID[54resSize0]rect[NULL]
11-06 18:11:58.650 D/BasicFigure( 2500): [TN_GLThread 73]isDrawFocused basicFigure=com.suma.midware.view.b.c.c@3914159e
11-06 18:11:58.743 D/BackBootDealerNeimeng( 2368): standbyState:
11-06 18:11:58.744 E/NetUtils( 2021): Interface eth0 LinkDown!
11-06 18:11:59.011 V/SUMA    ( 1581): [VOD EXT]_DBUG:onewave_auth(1656) 
11-06 18:11:59.012 V/SUMA    ( 1581): enter onewave_auth 
11-06 18:11:59.012 V/SUMA    ( 1581): [VOD EXT]_DBUG:onewave_auth_req1st(1163) 
11-06 18:11:59.012 V/SUMA    ( 1581): enter onewave_auth_req1st 
11-06 18:11:59.244 D/BackBootDealerNeimeng( 2368): standbyState:
11-06 18:11:59.245 E/NetUtils( 2021): Interface eth0 LinkDown!
11-06 18:11:59.683 D/BasicFigure( 2500): [TN_GLThread 73]isDrawFocused relyElement=[BaseElement@346a37d9]focusScale[1.15]elementAlpha[-1.0]refectAlpha[-1.0]isFocusAble[true]shadowIndex[-1]autoJumpType[-1]uniqueID[54resSize0]rect[NULL]
11-06 18:11:59.683 D/BasicFigure( 2500): [TN_GLThread 73]isDrawFocused basicFigure=com.suma.midware.view.b.c.c@3914159e
11-06 18:11:59.726 D/IPLoaderNeimeng( 2368): after wait time18:11:59:monitorInterval:5000
11-06 18:11:59.726 D/IPLoaderNeimeng( 2368): before dealUpdateCheck time:18:11:59:isMsgBroadcast:false:monitorInterval:5000:processState:1
11-06 18:11:59.726 D/IPLoaderNeimeng( 2368): dealUpdateCheck isFirstSuccessUpdate:false:monitorInterval:5000
11-06 18:11:59.726 D/LoadHttpHandler( 2368): [TN_ThreadUtil-6]doNormal proxyConfig=null
11-06 18:11:59.745 D/BackBootDealerNeimeng( 2368): standbyState:
11-06 18:11:59.746 E/NetUtils( 2021): Interface eth0 LinkDown!
11-06 18:11:59.927 D/LoadHttpHandler( 2368): [TN_ThreadUtil-6]doNormal responseCode=404
11-06 18:11:59.928 D/LoadHttpTask( 2368): dealUpdateCheck responseCode:404:data:null:downloadResult:false
11-06 18:11:59.928 D/IPLoaderNeimeng( 2368): after dealUpdateCheck time:18:11:59:isMsgBroadcast:false:monitorInterval:5000:processState:1
11-06 18:11:59.929 D/IPLoaderNeimeng( 2368): before wait time18:11:59:monitorInterval:5000
11-06 18:12:00.181 D/TimeUpdate( 2500): [TN_main]dealTimeUpdate curTime=java.util.GregorianCalendar[time=1509963120181,areFieldsSet=true,lenient=true,zone=Asia/Shanghai,firstDayOfWeek=1,minimalDaysInFirstWeek=1,ERA=1,YEAR=2017,MONTH=10,WEEK_OF_YEAR=45,WEEK_OF_MONTH=2,DAY_OF_MONTH=6,DAY_OF_YEAR=310,DAY_OF_WEEK=2,DAY_OF_WEEK_IN_MONTH=1,AM_PM=1,HOUR=6,HOUR_OF_DAY=18,MINUTE=12,SECOND=0,MILLISECOND=181,ZONE_OFFSET=28800000,DST_OFFSET=0]
11-06 18:12:00.182 D/TextureManager( 2500): deleteTexture key:18:11_24_-1711276033_0_5.0_3.0_3.0_-7829368:textureID:23
11-06 18:12:00.184 D/TextureManager( 2500): loadTexture name:18:12_24_-1711276033_0_5.0_3.0_3.0_-7829368:textureID:23:recordSize:null
11-06 18:12:00.188 D/BasicFigure( 2500): [TN_GLThread 73]isDrawFocused relyElement=[BaseElement@346a37d9]focusScale[1.15]elementAlpha[-1.0]refectAlpha[-1.0]isFocusAble[true]shadowIndex[-1]autoJumpType[-1]uniqueID[54resSize0]rect[NULL]
11-06 18:12:00.188 D/BasicFigure( 2500): [TN_GLThread 73]isDrawFocused basicFigure=com.suma.midware.view.b.c.c@3914159e
11-06 18:12:00.197 D/BasicFigure( 2500): [TN_GLThread 73]isDrawFocused relyElement=[BaseElement@346a37d9]focusScale[1.15]elementAlpha[-1.0]refectAlpha[-1.0]isFocusAble[true]shadowIndex[-1]autoJumpType[-1]uniqueID[54resSize0]rect[NULL]
11-06 18:12:00.197 D/BasicFigure( 2500): [TN_GLThread 73]isDrawFocused basicFigure=com.suma.midware.view.b.c.c@3914159e
11-06 18:12:00.246 D/BackBootDealerNeimeng( 2368): standbyState:
11-06 18:12:00.247 E/NetUtils( 2021): Interface eth0 LinkDown!
11-06 18:12:00.747 D/BackBootDealerNeimeng( 2368): standbyState:
11-06 18:12:00.748 E/NetUtils( 2021): Interface eth0 LinkDown!
11-06 18:12:01.138 W/ContextImpl( 2368): Calling a method in the system process without a qualified user: android.app.ContextImpl.sendBroadcast:1345 android.content.ContextWrapper.sendBroadcast:377 com.suma.midware.back.esg.e.f:-1 com.suma.midware.back.esg.f.run:-1 com.suma.midware.prop.util.c.run:-1 
11-06 18:12:01.223 D/BasicFigure( 2500): [TN_GLThread 73]isDrawFocused relyElement=[BaseElement@346a37d9]focusScale[1.15]elementAlpha[-1.0]refectAlpha[-1.0]isFocusAble[true]shadowIndex[-1]autoJumpType[-1]uniqueID[54resSize0]rect[NULL]
11-06 18:12:01.223 D/BasicFigure( 2500): [TN_GLThread 73]isDrawFocused basicFigure=com.suma.midware.view.b.c.c@3914159e
11-06 18:12:01.249 D/BackBootDealerNeimeng( 2368): standbyState:
11-06 18:12:01.249 E/NetUtils( 2021): Interface eth0 LinkDown!
11-06 18:12:01.750 D/BackBootDealerNeimeng( 2368): standbyState:
11-06 18:12:01.750 E/NetUtils( 2021): Interface eth0 LinkDown!
11-06 18:12:02.141 W/ContextImpl( 2368): Calling a method in the system process without a qualified user: android.app.ContextImpl.sendBroadcast:1345 android.content.ContextWrapper.sendBroadcast:377 com.suma.midware.back.esg.e.f:-1 com.suma.midware.back.esg.f.run:-1 com.suma.midware.prop.util.c.run:-1 
11-06 18:12:02.251 D/BackBootDealerNeimeng( 2368): standbyState:
11-06 18:12:02.252 E/NetUtils( 2021): Interface eth0 LinkDown!
11-06 18:12:02.257 D/BasicFigure( 2500): [TN_GLThread 73]isDrawFocused relyElement=[BaseElement@346a37d9]focusScale[1.15]elementAlpha[-1.0]refectAlpha[-1.0]isFocusAble[true]shadowIndex[-1]autoJumpType[-1]uniqueID[54resSize0]rect[NULL]
11-06 18:12:02.258 D/BasicFigure( 2500): [TN_GLThread 73]isDrawFocused basicFigure=com.suma.midware.view.b.c.c@3914159e
11-06 18:12:02.752 D/BackBootDealerNeimeng( 2368): standbyState:
11-06 18:12:02.753 E/NetUtils( 2021): Interface eth0 LinkDown!
11-06 18:12:03.254 D/BackBootDealerNeimeng( 2368): standbyState:
11-06 18:12:03.254 E/NetUtils( 2021): Interface eth0 LinkDown!
11-06 18:12:03.291 D/BasicFigure( 2500): [TN_GLThread 73]isDrawFocused relyElement=[BaseElement@346a37d9]focusScale[1.15]elementAlpha[-1.0]refectAlpha[-1.0]isFocusAble[true]shadowIndex[-1]autoJumpType[-1]uniqueID[54resSize0]rect[NULL]
11-06 18:12:03.291 D/BasicFigure( 2500): [TN_GLThread 73]isDrawFocused basicFigure=com.suma.midware.view.b.c.c@3914159e
11-06 18:12:03.755 D/BackBootDealerNeimeng( 2368): standbyState:
11-06 18:12:03.755 E/NetUtils( 2021): Interface eth0 LinkDown!
11-06 18:12:04.256 D/BackBootDealerNeimeng( 2368): standbyState:
11-06 18:12:04.257 E/NetUtils( 2021): Interface eth0 LinkDown!
11-06 18:12:04.324 D/BasicFigure( 2500): [TN_GLThread 73]isDrawFocused relyElement=[BaseElement@346a37d9]focusScale[1.15]elementAlpha[-1.0]refectAlpha[-1.0]isFocusAble[true]shadowIndex[-1]autoJumpType[-1]uniqueID[54resSize0]rect[NULL]
11-06 18:12:04.324 D/BasicFigure( 2500): [TN_GLThread 73]isDrawFocused basicFigure=com.suma.midware.view.b.c.c@3914159e
11-06 18:12:04.757 D/BackBootDealerNeimeng( 2368): standbyState:
11-06 18:12:04.758 E/NetUtils( 2021): Interface eth0 LinkDown!
11-06 18:12:05.143 W/ContextImpl( 2368): Calling a method in the system process without a qualified user: android.app.ContextImpl.sendBroadcast:1345 android.content.ContextWrapper.sendBroadcast:377 com.suma.midware.back.esg.e.f:-1 com.suma.midware.back.esg.f.run:-1 com.suma.midware.prop.util.c.run:-1 
11-06 18:12:05.258 D/BackBootDealerNeimeng( 2368): standbyState:
11-06 18:12:05.259 E/NetUtils( 2021): Interface eth0 LinkDown!
11-06 18:12:05.357 D/BasicFigure( 2500): [TN_GLThread 73]isDrawFocused relyElement=[BaseElement@346a37d9]focusScale[1.15]elementAlpha[-1.0]refectAlpha[-1.0]isFocusAble[true]shadowIndex[-1]autoJumpType[-1]uniqueID[54resSize0]rect[NULL]
11-06 18:12:05.357 D/BasicFigure( 2500): [TN_GLThread 73]isDrawFocused basicFigure=com.suma.midware.view.b.c.c@3914159e
11-06 18:12:05.759 D/BackBootDealerNeimeng( 2368): standbyState:
11-06 18:12:05.760 E/NetUtils( 2021): Interface eth0 LinkDown!
11-06 18:12:06.146 W/ContextImpl( 2368): Calling a method in the system process without a qualified user: android.app.ContextImpl.sendBroadcast:1345 android.content.ContextWrapper.sendBroadcast:377 com.suma.midware.back.esg.e.f:-1 com.suma.midware.back.esg.f.run:-1 com.suma.midware.prop.util.c.run:-1 
11-06 18:12:06.260 D/BackBootDealerNeimeng( 2368): standbyState:
11-06 18:12:06.261 E/NetUtils( 2021): Interface eth0 LinkDown!
11-06 18:12:06.390 D/BasicFigure( 2500): [TN_GLThread 73]isDrawFocused relyElement=[BaseElement@346a37d9]focusScale[1.15]elementAlpha[-1.0]refectAlpha[-1.0]isFocusAble[true]shadowIndex[-1]autoJumpType[-1]uniqueID[54resSize0]rect[NULL]
11-06 18:12:06.390 D/BasicFigure( 2500): [TN_GLThread 73]isDrawFocused basicFigure=com.suma.midware.view.b.c.c@3914159e
11-06 18:12:06.762 D/BackBootDealerNeimeng( 2368): standbyState:
11-06 18:12:06.763 E/NetUtils( 2021): Interface eth0 LinkDown!
11-06 18:12:07.263 D/BackBootDealerNeimeng( 2368): standbyState:
11-06 18:12:07.264 E/NetUtils( 2021): Interface eth0 LinkDown!
11-06 18:12:07.424 D/BasicFigure( 2500): [TN_GLThread 73]isDrawFocused relyElement=[BaseElement@346a37d9]focusScale[1.15]elementAlpha[-1.0]refectAlpha[-1.0]isFocusAble[true]shadowIndex[-1]autoJumpType[-1]uniqueID[54resSize0]rect[NULL]
11-06 18:12:13.374 V/SUMA    ( 1581): ++++++++++++++  _roc_evtmgr_key_cbk 517:input = 12289, event=39, act=0x400
11-06 18:12:13.375 V/SUMA    ( 1581): lxm:_roc_evtmgr_key_cbk 519 79806
11-06 18:12:13.375 V/SUMA    ( 1581): lxm:_roc_evtmgr_add_key_into_queue 311 79806
11-06 18:12:13.375 V/PT      ( 1581): >>INFO:irkey_task:[      79.806444] /dev/input/event0: type=0000 code=0000 val=00000000
11-06 18:12:13.375 V/SUMA    ( 1581): ===================>> type=0 src=0 evt=39 act=0x400
11-06 18:12:13.375 V/SUMA    ( 1581): [sysset-s][event_manager_cbk 78]lxm cbid=1, cbk_reg=1, cpid=2453
11-06 18:12:13.375 D/NGBEvent( 2453): ngbEventCallBack type:0 source :39
11-06 18:12:13.375 D/NGBEvent( 2453): [NGBEventManager-JNI]-returning:1
11-06 18:12:13.375 D/NGBEvent( 2453): Input key event: keyCode=39
11-06 18:12:13.375 D/NGBEvent( 2453): src:39 = dest:39
11-06 18:12:13.375 I/System.out( 2453): [DEBUG EventManager] LWJ--Add event to java with evt=NgbEvent-[type = 1, subtype = 402, code = 39]
11-06 18:12:13.376 D/NGBEvent( 2453): [NGBEvent_log]--[EventManager--JNI]:		start
11-06 18:12:13.376 I/System.out( 2453): [DEBUG EventManager] broadcastEvent  :len 1
11-06 18:12:13.376 D/KeyEventNgbDealer( 2453): [TN_pool-1-thread-1]handleKeyReleased keyEvent=NgbEvent-[type = 1, subtype = 402, code = 39],time=79807
11-06 18:12:13.376 D/RemoteIME( 2337): RemoteIME--> onKeyUp keyCode = 22
11-06 18:12:13.377 D/Main3DActivity( 2500): [TN_main]dispatchKeyEvent event=KeyEvent { action=ACTION_UP, keyCode=KEYCODE_DPAD_RIGHT, scanCode=106, metaState=0, flags=0x8, repeatCount=0, eventTime=79806, downTime=79597, deviceId=3, source=0x701 },isEventAble=true
11-06 18:12:13.707 D/ir_user ( 1585): PlayerTimeLineTrace:linux_keycode:0x6a(DOWN),	protocol: .
11-06 18:12:13.707 V/PT      ( 1581): >>INFO:irkey_task:[      80.139603] /dev/input/event0: type=0001 code=006a val=00000001
11-06 18:12:13.708 V/PT      ( 1581): >>INFO:irkey_send:0x3001 0x0027 down
11-06 18:12:13.708 V/SUMA    ( 1581): ++++++++++++++  _roc_evtmgr_key_cbk 517:input = 12289, event=39, act=0x100
11-06 18:12:13.708 V/SUMA    ( 1581): lxm:_roc_evtmgr_key_cbk 519 80139
11-06 18:12:13.708 V/SUMA    ( 1581): lxm:_roc_evtmgr_add_evt_into_queue 347 80140
11-06 18:12:13.708 V/PT      ( 1581): >>INFO:irkey_task:[      80.139603] /dev/input/event0: type=0000 code=0000 val=00000000
11-06 18:12:13.708 V/SUMA    ( 1581): ===================>> type=0 src=0 evt=39 act=0x100
11-06 18:12:13.708 V/SUMA    ( 1581): [sysset-s][event_manager_cbk 78]lxm cbid=1, cbk_reg=1, cpid=2453
11-06 18:12:13.708 D/NGBEvent( 2453): ngbEventCallBack type:0 source :39
11-06 18:12:13.708 D/NGBEvent( 2453): [NGBEventManager-JNI]-returning:1
11-06 18:12:13.708 D/NGBEvent( 2453): Input key event: keyCode=39
11-06 18:12:13.708 D/NGBEvent( 2453): src:39 = dest:39
11-06 18:12:13.709 I/System.out( 2453): [DEBUG EventManager] LWJ--Add event to java with evt=NgbEvent-[type = 1, subtype = 401, code = 39]
11-06 18:12:13.709 D/NGBEvent( 2453): [NGBEvent_log]--[EventManager--JNI]:		start
11-06 18:12:13.709 I/System.out( 2453): [DEBUG EventManager] broadcastEvent  :len 1
11-06 18:12:13.709 D/CombineKeyUtil( 2453): [TN_pool-1-thread-1]dealKeyEvent,combineIndex:-1:keyCode:22
11-06 18:12:13.709 D/KeyEventNgbDealer( 2453): [TN_pool-1-thread-1]handleKeyPressed keyEvent=NgbEvent-[type = 1, subtype = 401, code = 39],time=80141
11-06 18:12:13.709 D/RemoteIME( 2337): onKeyDown event = KeyEvent { action=ACTION_DOWN, keyCode=KEYCODE_DPAD_RIGHT, scanCode=106, metaState=0, flags=0x8, repeatCount=0, eventTime=80139, downTime=80139, deviceId=3, source=0x701 },mSkbContainer=null
11-06 18:12:13.710 D/Main3DActivity( 2500): [TN_main]dispatchKeyEvent event=KeyEvent { action=ACTION_DOWN, keyCode=KEYCODE_DPAD_RIGHT, scanCode=106, metaState=0, flags=0x8, repeatCount=0, eventTime=80139, downTime=80139, deviceId=3, source=0x701 },isEventAble=true
11-06 18:12:13.710 D/InputEventConsistencyVerifier( 2500): KeyEvent: ACTION_DOWN but key is already down and this event is not a key repeat.
11-06 18:12:13.710 D/InputEventConsistencyVerifier( 2500):   in com.android.internal.policy.impl.PhoneWindow$DecorView{1af2850f V.E..... R....... 0,0-1280,720}
11-06 18:12:13.710 D/InputEventConsistencyVerifier( 2500):   0: sent at 80139000000, KeyEvent { action=ACTION_DOWN, keyCode=KEYCODE_DPAD_RIGHT, scanCode=106, metaState=0, flags=0x8, repeatCount=0, eventTime=80139, downTime=80139, deviceId=3, source=0x701 }
11-06 18:12:13.710 D/InputEventConsistencyVerifier( 2500):   -- recent events --
11-06 18:12:13.710 D/InputEventConsistencyVerifier( 2500):   1: sent at 79597000000, KeyEvent { action=ACTION_DOWN, keyCode=KEYCODE_DPAD_RIGHT, scanCode=106, metaState=0, flags=0x80000008, repeatCount=0, eventTime=79597, downTime=79597, deviceId=3, source=0x701 }
11-06 18:12:13.710 D/InputEventConsistencyVerifier( 2500):   2: sent at 78947000000, KeyEvent { action=ACTION_DOWN, keyCode=KEYCODE_DPAD_RIGHT, scanCode=106, metaState=0, flags=0x80000008, repeatCount=0, eventTime=78947, downTime=78947, deviceId=3, source=0x701 }
11-06 18:12:13.710 D/InputEventConsistencyVerifier( 2500):   3: sent at 78666000000, KeyEvent { action=ACTION_DOWN, keyCode=KEYCODE_DPAD_RIGHT, scanCode=106, metaState=0, flags=0x80000008, repeatCount=0, eventTime=78666, downTime=78666, deviceId=3, source=0x701 }
11-06 18:12:13.710 D/InputEventConsistencyVerifier( 2500):   4: sent at 78399000000, KeyEvent { action=ACTION_DOWN, keyCode=KEYCODE_DPAD_RIGHT, scanCode=106, metaState=0, flags=0x8, repeatCount=0, eventTime=78399, downTime=78399, deviceId=3, source=0x701 }
11-06 18:12:13.710 D/InputEventConsistencyVerifier( 2500):   5: sent at 77945000000, KeyEvent { action=ACTION_DOWN, keyCode=KEYCODE_DPAD_UP, scanCode=103, metaState=0, flags=0x8, repeatCount=0, eventTime=77945, downTime=77945, deviceId=3, source=0x701 }
11-06 18:12:13.711 D/BasicRootView( 2500): [TN_main]dispatchKeyEvent event=KeyEvent { action=ACTION_DOWN, keyCode=KEYCODE_DPAD_RIGHT, scanCode=106, metaState=0, flags=0x80000008, repeatCount=0, eventTime=80139, downTime=80139, deviceId=3, source=0x701 },curRootPanel=com.suma.midware.home.third.a.a@25f7f74e
11-06 18:12:13.711 D/GLRootRenderer( 2500): dispatchKeyEvent event:KeyEvent { action=ACTION_DOWN, keyCode=KEYCODE_DPAD_RIGHT, scanCode=106, metaState=0, flags=0x80000008, repeatCount=0, eventTime=80139, downTime=80139, deviceId=3, source=0x701 }:lastKeyCode:22:lastKeyAction:0:lastkeycount:3:size:0
11-06 18:12:13.711 D/Scene   ( 2500): dispatchKeyEvent event:KeyEvent { action=ACTION_DOWN, keyCode=KEYCODE_DPAD_RIGHT, scanCode=106, metaState=0, flags=0x80000008, repeatCount=0, eventTime=80139, downTime=80139, deviceId=3, source=0x701 }
11-06 18:12:13.711 D/Scene   ( 2500): dispatchKeyEvent currentFocus = com.suma.midware.view.b.d.b@3c426a17
11-06 18:12:13.711 D/Scene   ( 2500): dispatchKeyEvent nextFocus:null
11-06 18:12:13.711 D/BasicColumn( 2500): [TN_GLThread 73]dealKeyEvent event=KeyEvent { action=ACTION_DOWN, keyCode=KEYCODE_DPAD_RIGHT, scanCode=106, metaState=0, flags=0x80000008, repeatCount=0, eventTime=80139, downTime=80139, deviceId=3, source=0x701 }
11-06 18:12:13.712 D/BasicColumn( 2500): [TN_GLThread 73]movePanelFocus index=4,nextIndex=5
11-06 18:12:13.712 E/BasicColumn( 2500): [TN_GLThread 73]dealPanelAnim illegal size=7,moveDistance=0
11-06 18:12:13.712 D/FixedRes( 2500): [TN_GLThread 73]getNineImgRes nineImgSize=2
11-06 18:12:13.714 D/BasicColumn( 2500): [TN_GLThread 73]dealFocusAnim x=287.000,y=10.0000,scaleX=1.27715,scaleY=1.00000
11-06 18:12:13.714 D/HomePanel( 2500): [TN_GLThread 73]switchBasicPanel index=4,nextIndex=5,isTitleFocus=true
11-06 18:12:13.715 D/BasicPanel( 2500): [TN_GLThread 73]onBasicPanelChange isShow=false,isTitleFocus=true,isRight=true,animCmd=com.suma.midware.view.b.d.c@7a8d946,rightBoard=1863.00,rightGas=40.0000,leftBoard=88.0000,xOffset=0.00000
11-06 18:12:13.716 D/BasicPanel( 2500): [TN_GLThread 73]onBasicPanelChange isShow=true,isTitleFocus=true,isRight=true,animCmd=com.suma.midware.view.b.d.c@7a8d946,rightBoard=1784.00,rightGas=40.0000,leftBoard=87.0000,xOffset=0.00000
11-06 18:12:13.716 D/BasicPanel( 2500): [TN_GLThread 73]onBasicPanelChangeStart isShow:false:isRight:true:basicPanel:com.suma.midware.view.b.d.d@3c8cea03
11-06 18:12:13.716 D/HomePanel( 2500): [TN_GLThread 73]onBasicPanelChange basicPanel=com.suma.midware.view.b.d.d@3c8cea03,isShow=false,isStart=true,isRight=true
11-06 18:12:13.716 D/HomePanel( 2500): [TN_GLThread 73]onBasicPanelChange basicPanelIndex=4,xOffset=0.00000
11-06 18:12:13.717 D/BasicPanel( 2500): [TN_GLThread 73]onBasicPanelChangeStart isShow:true:isRight:true:basicPanel:com.suma.midware.view.b.d.d@389ebd80
11-06 18:12:13.717 D/HomePanel( 2500): [TN_GLThread 73]onBasicPanelChange basicPanel=com.suma.midware.view.b.d.d@389ebd80,isShow=true,isStart=true,isRight=true
11-06 18:12:13.717 D/HomePanel( 2500): [TN_GLThread 73]onBasicPanelChange basicPanelIndex=5,xOffset=0.00000
11-06 18:12:13.717 W/BasicRootPanel( 2500): [TN_GLThread 73]changeBgAttr coverImgRes null
11-06 18:12:13.721 D/BasicFigure( 2500): [TN_GLThread 73]isDrawFocused relyElement=[BaseElement@346a37d9]focusScale[1.15]elementAlpha[-1.0]refectAlpha[-1.0]isFocusAble[true]shadowIndex[-1]autoJumpType[-1]uniqueID[54resSize0]rect[NULL]
11-06 18:12:13.721 D/BasicFigure( 2500): [TN_GLThread 73]isDrawFocused basicFigure=com.suma.midware.view.b.c.c@3914159e
11-06 18:12:13.725 D/BasicPanel( 2500): [TN_GLThread 73]onBasicPanelChangeEnd isShow:false:isRight:true:basicPanel:com.suma.midware.view.b.d.d@3c8cea03
11-06 18:12:13.725 D/HomePanel( 2500): [TN_GLThread 73]onBasicPanelChange basicPanel=com.suma.midware.view.b.d.d@3c8cea03,isShow=false,isStart=false,isRight=true
11-06 18:12:13.725 D/HomePanel( 2500): [TN_GLThread 73]onBasicPanelChange basicPanelIndex=4,xOffset=0.00000
11-06 18:12:13.725 D/BasicPanel( 2500): [TN_GLThread 73]onBasicPanelChangeEnd isShow:true:isRight:true:basicPanel:com.suma.midware.view.b.d.d@389ebd80
11-06 18:12:13.725 D/HomePanel( 2500): [TN_GLThread 73]onBasicPanelChange basicPanel=com.suma.midware.view.b.d.d@389ebd80,isShow=true,isStart=false,isRight=true
11-06 18:12:13.725 D/HomePanel( 2500): [TN_GLThread 73]onBasicPanelChange basicPanelIndex=5,xOffset=0.00000
11-06 18:12:13.728 D/BasicFigure( 2500): [TN_GLThread 73]isDrawFocused relyElement=[BaseElement@346a37d9]focusScale[1.15]elementAlpha[-1.0]refectAlpha[-1.0]isFocusAble[true]shadowIndex[-1]autoJumpType[-1]uniqueID[54resSize0]rect[NULL]
11-06 18:12:13.728 D/BasicFigure( 2500): [TN_GLThread 73]isDrawFocused basicFigure=com.suma.midware.view.b.c.c@3914159e
11-06 18:12:13.741 D/BasicFigure( 2500): [TN_GLThread 73]isDrawFocused relyElement=[BaseElement@346a37d9]focusScale[1.15]elementAlpha[-1.0]refectAlpha[-1.0]isFocusAble[true]shadowIndex[-1]autoJumpType[-1]uniqueID[54resSize0]rect[NULL]
11-06 18:12:13.741 D/BasicFigure( 2500): [TN_GLThread 73]isDrawFocused basicFigure=com.suma.midware.view.b.c.c@3914159e
11-06 18:12:13.776 D/BackBootDealerNeimeng( 2368): standbyState:
11-06 18:12:13.777 E/NetUtils( 2021): Interface eth0 LinkDown!
11-06 18:12:13.917 D/ir_user ( 1585): PlayerTimeLineTrace:linux_keycode:0x6a(UP),	protocol: .
11-06 18:12:13.917 V/PT      ( 1581): >>INFO:irkey_task:[      80.348955] /dev/input/event0: type=0001 code=006a val=00000000
11-06 18:12:13.917 V/PT      ( 1581): >>INFO:irkey_send:0x3001 0x0027 up  
11-06 18:12:13.917 V/SUMA    ( 1581): ++++++++++++++  _roc_evtmgr_key_cbk 517:input = 12289, event=39, act=0x400
11-06 18:12:13.917 V/SUMA    ( 1581): lxm:_roc_evtmgr_key_cbk 519 80349
11-06 18:12:13.917 V/SUMA    ( 1581): lxm:_roc_evtmgr_add_key_into_queue 311 80349
11-06 18:12:13.917 V/PT      ( 1581): >>INFO:irkey_task:[      80.348955] /dev/input/event0: type=0000 code=0000 val=00000000
11-06 18:12:13.917 V/SUMA    ( 1581): ===================>> type=0 src=0 evt=39 act=0x400
11-06 18:12:13.917 V/SUMA    ( 1581): [sysset-s][event_manager_cbk 78]lxm cbid=1, cbk_reg=1, cpid=2453
11-06 18:12:13.918 D/NGBEvent( 2453): ngbEventCallBack type:0 source :39
11-06 18:12:13.918 D/NGBEvent( 2453): [NGBEventManager-JNI]-returning:1
11-06 18:12:13.918 D/NGBEvent( 2453): Input key event: keyCode=39
11-06 18:12:13.918 D/NGBEvent( 2453): src:39 = dest:39
11-06 18:12:13.918 I/System.out( 2453): [DEBUG EventManager] LWJ--Add event to java with evt=NgbEvent-[type = 1, subtype = 402, code = 39]
11-06 18:12:13.918 D/NGBEvent( 2453): [NGBEvent_log]--[EventManager--JNI]:		start
11-06 18:12:13.918 I/System.out( 2453): [DEBUG EventManager] broadcastEvent  :len 1
11-06 18:12:13.918 D/RemoteIME( 2337): RemoteIME--> onKeyUp keyCode = 22
11-06 18:12:13.918 D/KeyEventNgbDealer( 2453): [TN_pool-1-thread-1]handleKeyReleased keyEvent=NgbEvent-[type = 1, subtype = 402, code = 39],time=80350
11-06 18:12:13.919 D/Main3DActivity( 2500): [TN_main]dispatchKeyEvent event=KeyEvent { action=ACTION_UP, keyCode=KEYCODE_DPAD_RIGHT, scanCode=106, metaState=0, flags=0x8, repeatCount=0, eventTime=80348, downTime=80139, deviceId=3, source=0x701 },isEventAble=true
11-06 18:12:14.158 W/ContextImpl( 2368): Calling a method in the system process without a qualified user: android.app.ContextImpl.sendBroadcast:1345 android.content.ContextWrapper.sendBroadcast:377 com.suma.midware.back.esg.e.f:-1 com.suma.midware.back.esg.f.run:-1 com.suma.midware.prop.util.c.run:-1 
11-06 18:12:14.277 D/BackBootDealerNeimeng( 2368): standbyState:
11-06 18:12:14.278 E/NetUtils( 2021): Interface eth0 LinkDown!
11-06 18:12:14.424 V/PT      ( 1581): >>INFO:irkey_task:[      80.855730] /dev/input/event0: type=0001 code=006c val=00000001
11-06 18:12:14.424 V/PT      ( 1581): >>INFO:irkey_send:0x3001 0x0028 down
11-06 18:12:14.424 V/SUMA    ( 1581): ++++++++++++++  _roc_evtmgr_key_cbk 517:input = 12289, event=40, act=0x100
11-06 18:12:14.424 V/SUMA    ( 1581): lxm:_roc_evtmgr_key_cbk 519 80855
11-06 18:12:14.424 V/SUMA    ( 1581): lxm:_roc_evtmgr_add_evt_into_queue 347 80855
11-06 18:12:14.424 V/SUMA    ( 1581): ===================>> type=0 src=0 evt=40 act=0x100
11-06 18:12:14.424 V/PT      ( 1581): >>INFO:irkey_task:[      80.855730] /dev/input/event0: type=0000 code=0000 val=00000000
11-06 18:12:14.424 V/SUMA    ( 1581): [sysset-s][event_manager_cbk 78]lxm cbid=1, cbk_reg=1, cpid=2453
11-06 18:12:14.424 D/NGBEvent( 2453): ngbEventCallBack type:0 source :40
11-06 18:12:14.424 D/NGBEvent( 2453): [NGBEventManager-JNI]-returning:1
11-06 18:12:14.424 D/NGBEvent( 2453): Input key event: keyCode=40
11-06 18:12:14.424 D/NGBEvent( 2453): src:40 = dest:40
11-06 18:12:14.424 I/System.out( 2453): [DEBUG EventManager] LWJ--Add event to java with evt=NgbEvent-[type = 1, subtype = 401, code = 40]
11-06 18:12:14.424 D/NGBEvent( 2453): [NGBEvent_log]--[EventManager--JNI]:		start
11-06 18:12:14.424 I/System.out( 2453): [DEBUG EventManager] broadcastEvent  :len 1
11-06 18:12:14.424 D/CombineKeyUtil( 2453): [TN_pool-1-thread-1]dealKeyEvent,combineIndex:-1:keyCode:20
11-06 18:12:14.424 D/KeyEventNgbDealer( 2453): [TN_pool-1-thread-1]handleKeyPressed keyEvent=NgbEvent-[type = 1, subtype = 401, code = 40],time=80856
11-06 18:12:14.424 D/ir_user ( 1585): PlayerTimeLineTrace:linux_keycode:0x6c(DOWN),	protocol: .
11-06 18:12:14.424 D/RemoteIME( 2337): onKeyDown event = KeyEvent { action=ACTION_DOWN, keyCode=KEYCODE_DPAD_DOWN, scanCode=108, metaState=0, flags=0x8, repeatCount=0, eventTime=80855, downTime=80855, deviceId=3, source=0x701 },mSkbContainer=null
11-06 18:12:14.425 D/Main3DActivity( 2500): [TN_main]dispatchKeyEvent event=KeyEvent { action=ACTION_DOWN, keyCode=KEYCODE_DPAD_DOWN, scanCode=108, metaState=0, flags=0x8, repeatCount=0, eventTime=80855, downTime=80855, deviceId=3, source=0x701 },isEventAble=true
11-06 18:12:14.425 D/BasicRootView( 2500): [TN_main]dispatchKeyEvent event=KeyEvent { action=ACTION_DOWN, keyCode=KEYCODE_DPAD_DOWN, scanCode=108, metaState=0, flags=0x8, repeatCount=0, eventTime=80855, downTime=80855, deviceId=3, source=0x701 },curRootPanel=com.suma.midware.home.third.a.a@25f7f74e
11-06 18:12:14.425 D/GLRootRenderer( 2500): dispatchKeyEvent event:KeyEvent { action=ACTION_DOWN, keyCode=KEYCODE_DPAD_DOWN, scanCode=108, metaState=0, flags=0x8, repeatCount=0, eventTime=80855, downTime=80855, deviceId=3, source=0x701 }:lastKeyCode:22:lastKeyAction:0:lastkeycount:4:size:0
11-06 18:12:14.425 D/Scene   ( 2500): dispatchKeyEvent event:KeyEvent { action=ACTION_DOWN, keyCode=KEYCODE_DPAD_DOWN, scanCode=108, metaState=0, flags=0x8, repeatCount=0, eventTime=80855, downTime=80855, deviceId=3, source=0x701 }
11-06 18:12:14.425 D/Scene   ( 2500): dispatchKeyEvent currentFocus = com.suma.midware.view.b.d.b@3c426a17
11-06 18:12:14.425 D/Scene   ( 2500): dispatchKeyEvent nextFocus:null
11-06 18:12:14.425 D/BasicColumn( 2500): [TN_GLThread 73]dealKeyEvent event=KeyEvent { action=ACTION_DOWN, keyCode=KEYCODE_DPAD_DOWN, scanCode=108, metaState=0, flags=0x8, repeatCount=0, eventTime=80855, downTime=80855, deviceId=3, source=0x701 }
11-06 18:12:14.425 D/MenuUtil( 2500): [TN_GLThread 73]searchVerticalFigure x=974.000,y=120.000,width=190.000,height=60.0000,excludeObj=null
11-06 18:12:14.426 D/FixedRes( 2500): [TN_GLThread 73]getNineImgRes nineImgSize=2
11-06 18:12:14.426 D/BasicColumn( 2500): [TN_GLThread 73]onFocus isFocus=false,index=5,nextIndex=-1
11-06 18:12:14.426 D/FixedRes( 2500): [TN_GLThread 73]getNineImgRes nineImgSize=2
11-06 18:12:14.426 D/BasicColumn( 2500): [TN_GLThread 73]moveFocus xOffset=151.000,yOffset=139.000
11-06 18:12:14.426 D/BasicFigure( 2500): [TN_GLThread 73]onFocusGain figure=com.suma.midware.view.b.c.c@151d5034
11-06 18:12:14.426 D/BasicFigure( 2500): [TN_GLThread 73]onFocusGain panelIndex=5,curPanelIndex=5,basicFigure=com.suma.midware.view.b.c.c@151d5034
11-06 18:12:14.427 D/BasicFigure( 2500): [TN_GLThread 73]onFocusMoveAnim moveSpace=0.00000,x=37.5000,xOffset=0.00000
11-06 18:12:14.427 D/FixedRes( 2500): [TN_GLThread 73]getNineImgRes nineImgSize=2
11-06 18:12:14.427 W/BasicRootPanel( 2500): [TN_GLThread 73]switchPanelLight lightFigure null
11-06 18:12:14.430 D/BasicFigure( 2500): [TN_GLThread 73]isDrawFocused relyElement=[BaseElement@346a37d9]focusScale[1.15]elementAlpha[-1.0]refectAlpha[-1.0]isFocusAble[true]shadowIndex[-1]autoJumpType[-1]uniqueID[54resSize0]rect[NULL]
11-06 18:12:14.430 D/BasicFigure( 2500): [TN_GLThread 73]isDrawFocused basicFigure=com.suma.midware.view.b.c.c@3914159e
11-06 18:12:14.436 D/BasicFigure( 2500): [TN_GLThread 73]isDrawFocused relyElement=[BaseElement@346a37d9]focusScale[1.15]elementAlpha[-1.0]refectAlpha[-1.0]isFocusAble[true]shadowIndex[-1]autoJumpType[-1]uniqueID[54resSize0]rect[NULL]
11-06 18:12:14.436 D/BasicFigure( 2500): [TN_GLThread 73]isDrawFocused basicFigure=com.suma.midware.view.b.c.c@3914159e
11-06 18:12:14.449 D/BasicFigure( 2500): [TN_GLThread 73]isDrawFocused relyElement=[BaseElement@346a37d9]focusScale[1.15]elementAlpha[-1.0]refectAlpha[-1.0]isFocusAble[true]shadowIndex[-1]autoJumpType[-1]uniqueID[54resSize0]rect[NULL]
11-06 18:12:14.449 D/BasicFigure( 2500): [TN_GLThread 73]isDrawFocused basicFigure=com.suma.midware.view.b.c.c@3914159e
11-06 18:12:14.461 D/BasicFigure( 2500): [TN_GLThread 73]isDrawFocused relyElement=[BaseElement@346a37d9]focusScale[1.15]elementAlpha[-1.0]refectAlpha[-1.0]isFocusAble[true]shadowIndex[-1]autoJumpType[-1]uniqueID[54resSize0]rect[NULL]
11-06 18:12:14.461 D/BasicFigure( 2500): [TN_GLThread 73]isDrawFocused basicFigure=com.suma.midware.view.b.c.c@3914159e
11-06 18:12:14.480 D/BasicFigure( 2500): [TN_GLThread 73]isDrawFocused relyElement=[BaseElement@346a37d9]focusScale[1.15]elementAlpha[-1.0]refectAlpha[-1.0]isFocusAble[true]shadowIndex[-1]autoJumpType[-1]uniqueID[54resSize0]rect[NULL]
11-06 18:12:14.480 D/BasicFigure( 2500): [TN_GLThread 73]isDrawFocused basicFigure=com.suma.midware.view.b.c.c@3914159e
11-06 18:12:14.492 D/BasicFigure( 2500): [TN_GLThread 73]isDrawFocused relyElement=[BaseElement@346a37d9]focusScale[1.15]elementAlpha[-1.0]refectAlpha[-1.0]isFocusAble[true]shadowIndex[-1]autoJumpType[-1]uniqueID[54resSize0]rect[NULL]
11-06 18:12:14.492 D/BasicFigure( 2500): [TN_GLThread 73]isDrawFocused basicFigure=com.suma.midware.view.b.c.c@3914159e
11-06 18:12:14.511 D/BasicFigure( 2500): [TN_GLThread 73]isDrawFocused relyElement=[BaseElement@346a37d9]focusScale[1.15]elementAlpha[-1.0]refectAlpha[-1.0]isFocusAble[true]shadowIndex[-1]autoJumpType[-1]uniqueID[54resSize0]rect[NULL]
11-06 18:12:14.511 D/BasicFigure( 2500): [TN_GLThread 73]isDrawFocused basicFigure=com.suma.midware.view.b.c.c@3914159e
11-06 18:12:14.525 D/ir_user ( 1585): PlayerTimeLineTrace:linux_keycode:0x6c(UP),	protocol: .
11-06 18:12:14.525 V/PT      ( 1581): >>INFO:irkey_task:[      80.956878] /dev/input/event0: type=0001 code=006c val=00000000
11-06 18:12:14.525 V/PT      ( 1581): >>INFO:irkey_send:0x3001 0x0028 up  
11-06 18:12:14.525 V/SUMA    ( 1581): ++++++++++++++  _roc_evtmgr_key_cbk 517:input = 12289, event=40, act=0x400
11-06 18:12:14.525 V/SUMA    ( 1581): lxm:_roc_evtmgr_key_cbk 519 80956
11-06 18:12:14.525 V/SUMA    ( 1581): lxm:_roc_evtmgr_add_key_into_queue 311 80957
11-06 18:12:14.525 V/PT      ( 1581): >>INFO:irkey_task:[      80.956878] /dev/input/event0: type=0000 code=0000 val=00000000
11-06 18:12:14.525 V/SUMA    ( 1581): ===================>> type=0 src=0 evt=40 act=0x400
11-06 18:12:14.525 V/SUMA    ( 1581): [sysset-s][event_manager_cbk 78]lxm cbid=1, cbk_reg=1, cpid=2453
11-06 18:12:14.525 D/NGBEvent( 2453): ngbEventCallBack type:0 source :40
11-06 18:12:14.525 D/NGBEvent( 2453): [NGBEventManager-JNI]-returning:1
11-06 18:12:14.525 D/NGBEvent( 2453): Input key event: keyCode=40
11-06 18:12:14.525 D/NGBEvent( 2453): src:40 = dest:40
11-06 18:12:14.525 I/System.out( 2453): [DEBUG EventManager] LWJ--Add event to java with evt=NgbEvent-[type = 1, subtype = 402, code = 40]
11-06 18:12:14.525 D/NGBEvent( 2453): [NGBEvent_log]--[EventManager--JNI]:		start
11-06 18:12:14.525 I/System.out( 2453): [DEBUG EventManager] broadcastEvent  :len 1
11-06 18:12:14.525 D/KeyEventNgbDealer( 2453): [TN_pool-1-thread-1]handleKeyReleased keyEvent=NgbEvent-[type = 1, subtype = 402, code = 40],time=80957
11-06 18:12:14.525 D/RemoteIME( 2337): RemoteIME--> onKeyUp keyCode = 20
11-06 18:12:14.526 D/Main3DActivity( 2500): [TN_main]dispatchKeyEvent event=KeyEvent { action=ACTION_UP, keyCode=KEYCODE_DPAD_DOWN, scanCode=108, metaState=0, flags=0x8, repeatCount=0, eventTime=80956, downTime=80855, deviceId=3, source=0x701 },isEventAble=true
11-06 18:12:14.529 D/BasicFigure( 2500): [TN_GLThread 73]isDrawFocused relyElement=[BaseElement@346a37d9]focusScale[1.15]elementAlpha[-1.0]refectAlpha[-1.0]isFocusAble[true]shadowIndex[-1]autoJumpType[-1]uniqueID[54resSize0]rect[NULL]
11-06 18:12:14.529 D/BasicFigure( 2500): [TN_GLThread 73]isDrawFocused basicFigure=com.suma.midware.view.b.c.c@3914159e
11-06 18:12:14.546 D/BasicFigure( 2500): [TN_GLThread 73]isDrawFocused relyElement=[BaseElement@346a37d9]focusScale[1.15]elementAlpha[-1.0]refectAlpha[-1.0]isFocusAble[true]shadowIndex[-1]autoJumpType[-1]uniqueID[54resSize0]rect[NULL]
11-06 18:12:14.546 D/BasicFigure( 2500): [TN_GLThread 73]isDrawFocused basicFigure=com.suma.midware.view.b.c.c@3914159e
11-06 18:12:14.557 D/BasicFigure( 2500): [TN_GLThread 73]isDrawFocused relyElement=[BaseElement@346a37d9]focusScale[1.15]elementAlpha[-1.0]refectAlpha[-1.0]isFocusAble[true]shadowIndex[-1]autoJumpType[-1]uniqueID[54resSize0]rect[NULL]
11-06 18:12:14.558 D/BasicFigure( 2500): [TN_GLThread 73]isDrawFocused basicFigure=com.suma.midware.view.b.c.c@3914159e
11-06 18:12:14.571 D/BasicFigure( 2500): [TN_GLThread 73]isDrawFocused relyElement=[BaseElement@346a37d9]focusScale[1.15]elementAlpha[-1.0]refectAlpha[-1.0]isFocusAble[true]shadowIndex[-1]autoJumpType[-1]uniqueID[54resSize0]rect[NULL]
11-06 18:12:14.571 D/BasicFigure( 2500): [TN_GLThread 73]isDrawFocused basicFigure=com.suma.midware.view.b.c.c@3914159e
11-06 18:12:14.590 D/BasicFigure( 2500): [TN_GLThread 73]isDrawFocused relyElement=[BaseElement@346a37d9]focusScale[1.15]elementAlpha[-1.0]refectAlpha[-1.0]isFocusAble[true]shadowIndex[-1]autoJumpType[-1]uniqueID[54resSize0]rect[NULL]
11-06 18:12:14.590 D/BasicFigure( 2500): [TN_GLThread 73]isDrawFocused basicFigure=com.suma.midware.view.b.c.c@3914159e
11-06 18:12:14.610 D/BasicFigure( 2500): [TN_GLThread 73]isDrawFocused relyElement=[BaseElement@346a37d9]focusScale[1.15]elementAlpha[-1.0]refectAlpha[-1.0]isFocusAble[true]shadowIndex[-1]autoJumpType[-1]uniqueID[54resSize0]rect[NULL]
11-06 18:12:14.610 D/BasicFigure( 2500): [TN_GLThread 73]isDrawFocused basicFigure=com.suma.midware.view.b.c.c@3914159e
11-06 18:12:14.630 D/BasicFigure( 2500): [TN_GLThread 73]isDrawFocused relyElement=[BaseElement@346a37d9]focusScale[1.15]elementAlpha[-1.0]refectAlpha[-1.0]isFocusAble[true]shadowIndex[-1]autoJumpType[-1]uniqueID[54resSize0]rect[NULL]
11-06 18:12:14.630 D/BasicFigure( 2500): [TN_GLThread 73]isDrawFocused basicFigure=com.suma.midware.view.b.c.c@3914159e
11-06 18:12:14.631 D/ir_user ( 1585): PlayerTimeLineTrace:linux_keycode:0x6c(DOWN),	protocol: .
11-06 18:12:14.631 V/PT      ( 1581): >>INFO:irkey_task:[      81.063387] /dev/input/event0: type=0001 code=006c val=00000001
11-06 18:12:14.631 V/PT      ( 1581): >>INFO:irkey_send:0x3001 0x0028 down
11-06 18:12:14.631 V/SUMA    ( 1581): ++++++++++++++  _roc_evtmgr_key_cbk 517:input = 12289, event=40, act=0x100
11-06 18:12:14.631 V/SUMA    ( 1581): lxm:_roc_evtmgr_key_cbk 519 81063
11-06 18:12:14.631 V/SUMA    ( 1581): lxm:_roc_evtmgr_add_evt_into_queue 347 81063
11-06 18:12:14.631 V/SUMA    ( 1581): ===================>> type=0 src=0 evt=40 act=0x100
11-06 18:12:14.631 V/PT      ( 1581): >>INFO:irkey_task:[      81.063387] /dev/input/event0: type=0000 code=0000 val=00000000
11-06 18:12:14.631 V/SUMA    ( 1581): [sysset-s][event_manager_cbk 78]lxm cbid=1, cbk_reg=1, cpid=2453
11-06 18:12:14.632 D/NGBEvent( 2453): ngbEventCallBack type:0 source :40
11-06 18:12:14.632 D/NGBEvent( 2453): [NGBEventManager-JNI]-returning:1
11-06 18:12:14.632 D/NGBEvent( 2453): Input key event: keyCode=40
11-06 18:12:14.632 D/NGBEvent( 2453): src:40 = dest:40
11-06 18:12:14.632 I/System.out( 2453): [DEBUG EventManager] LWJ--Add event to java with evt=NgbEvent-[type = 1, subtype = 401, code = 40]
11-06 18:12:14.632 D/NGBEvent( 2453): [NGBEvent_log]--[EventManager--JNI]:		start
11-06 18:12:14.632 I/System.out( 2453): [DEBUG EventManager] broadcastEvent  :len 1
11-06 18:12:14.632 D/CombineKeyUtil( 2453): [TN_pool-1-thread-1]dealKeyEvent,combineIndex:-1:keyCode:20
11-06 18:12:14.632 D/KeyEventNgbDealer( 2453): [TN_pool-1-thread-1]handleKeyPressed keyEvent=NgbEvent-[type = 1, subtype = 401, code = 40],time=81064
11-06 18:12:14.632 D/RemoteIME( 2337): onKeyDown event = KeyEvent { action=ACTION_DOWN, keyCode=KEYCODE_DPAD_DOWN, scanCode=108, metaState=0, flags=0x8, repeatCount=0, eventTime=81063, downTime=81063, deviceId=3, source=0x701 },mSkbContainer=null
11-06 18:12:14.632 D/Main3DActivity( 2500): [TN_main]dispatchKeyEvent event=KeyEvent { action=ACTION_DOWN, keyCode=KEYCODE_DPAD_DOWN, scanCode=108, metaState=0, flags=0x8, repeatCount=0, eventTime=81063, downTime=81063, deviceId=3, source=0x701 },isEventAble=true
11-06 18:12:16.824 D/V8      ( 2907): [NewError] [V8] Factory::NewError: iPanel.dispatchMessage is not a function
11-06 18:12:16.824 D/V8      ( 2907): [Throw] [V8] Isolate::Throw!
11-06 18:12:16.825 D/url     ( 2907): [DoResolveRelative] [WEB] DoResolveRelative Error resolving.
11-06 18:12:16.825 D/ChromeClientImpl( 2907): [addMessageToConsole] [ERROR:CONSOLE(1)] "Uncaught TypeError: iPanel.dispatchMessage is not a function", source: (1)
11-06 18:12:16.825 D/webcoreBridge( 2907): execJS-->executeScript frame=0x457a1a48 end.
11-06 18:12:16.833 V/WindowManager( 2021): Adding window Window{1e2c9a69 u0 com.ipanel.android_webview.shell/com.ipanel.webapp.BrowserActivity} at 5 of 11 (before Window{707bbcb u0 Starting com.ipanel.android_webview.shell})
11-06 18:12:16.852 D/ConnectivityService( 2021): listenForNetwork for NetworkRequest [ id=3, legacyType=-1, [ Capabilities: INTERNET&NOT_RESTRICTED&TRUSTED] ]
11-06 18:12:16.852 D/ConnectivityService( 2021): handleRegisterNetworkRequest checking NetworkAgentInfo [WIFI () - 100]
11-06 18:12:16.852 D/ConnectivityService( 2021): apparently satisfied.  currentScore=60
11-06 18:12:16.852 D/ConnectivityManager.CallbackHandler( 2907): CM callback handler got msg 524290
11-06 18:12:16.856 D/MediaPlayerView( 2907): setPosition old(0, 0, -2, -2) new(0, 0, 0, 0).
11-06 18:12:16.856 D/MediaPlayerView( 2907): set surfaceview Visibility true
11-06 18:12:16.860 D/[cc]ProxyMain( 2907): [BeginMainFrame] cc.BeginMainFrame this:0x9f524600
11-06 18:12:16.860 D/[cc]LayerTreeHost( 2907): [AnimateLayers] AnimateLayers monotonic_time=83283330
11-06 18:12:16.860 D/[blink]FrameView( 2907): [updateStyleAndLayoutIfNeededRecursiveInternal] in... this:0x564c1888.
11-06 18:12:16.861 D/cr_AwTestContainerView( 2907): [AwTestContainerView.java:63] [mainFrame]: onAttachedToWindow
11-06 18:12:16.862 D/MyGLSurfaceView( 2907): onAttachedToWindow reattach =false
11-06 18:12:16.862 D/cr_AwTestContainerView( 2907): [AwTestContainerView.java:63] [eventFrame]: onAttachedToWindow
11-06 18:12:16.862 D/cr_AwTestContainerView( 2907): [AwTestContainerView.java:63] [eventFrame]: attachedContentsInternal
11-06 18:12:16.863 I/cr_AwContents( 2907): org.chromium.android_webview.AwContents@187744ab onAttachedToWindow
11-06 18:12:16.865 D/base::Ini( 2907): [getOption] getOption name='use-css-border-shadow' value=''.
11-06 18:12:16.872 D/[blink]FrameView( 2907): [layout] start... this:0x564c1888, frame=0x457a1a48 content size(0, 0). 
11-06 18:12:16.872 D/[blink]FrameView( 2907): [layout] performPreLayoutTasks start... this:0x564c1888
11-06 18:12:16.872 D/[blink]FrameView( 2907): [layout] performPreLayoutTasks end... this:0x564c1888
11-06 18:12:16.872 D/[blink]FrameView( 2907): [layout] performLayout start... this:0x564c1888
11-06 18:12:16.872 D/[blink]FrameView( 2907): [layout] performLayout end... this:0x564c1888
11-06 18:12:16.872 D/base::Ini( 2907): [getOption] getOption name='hard-paint-after-all-resources-loaded' value='yes'.
11-06 18:12:16.872 D/[cc]LayerTree( 2907): [SetRootLayer] [LayerTree::SetRootLayer]. set needs_full_tree_sync_ = true, but not Commit!!!
11-06 18:12:16.872 D/[blink]FrameView( 2907): [layout] call compositor()->didLayout()!
11-06 18:12:16.872 D/[blink]FrameView( 2907): [layout] updateDocumentAnnotatedRegions start... this:0x564c1888
11-06 18:12:16.872 D/[blink]FrameView( 2907): [layout] scheduleOrPerformPostLayoutTasks start... this:0x564c1888
11-06 18:12:16.872 D/[blink]FrameView( 2907): [layout] end... this:0x564c1888
11-06 18:12:16.872 D/[cc]LayerTreeHost( 2907): [SetNeedsCommit] SetNeedsCommit!this:0x9f464c40
11-06 18:12:16.872 D/[blink]FrameView( 2907): [layout] out... this:0x564c1888
11-06 18:12:16.872 D/[blink]FrameView( 2907): [updateStyleAndLayoutIfNeededRecursiveInternal] end... this:0x564c1888.
11-06 18:12:16.872 D/[blink]FrameView( 2907): [updateLifecyclePhasesInternal] in... this:0x564c1888, targetState=18
11-06 18:12:16.872 D/[blink]FrameView( 2907): [updateLifecyclePhasesInternal] call compositor()->updateIfNeededRecursive()!
11-06 18:12:16.873 D/[cc]LayerTreeHost( 2907): [SetNeedsCommit] SetNeedsCommit!this:0x9f464c40
11-06 18:12:16.873 D/[cc]LayerTreeHost( 2907): [SetNeedsCommit] SetNeedsCommit!this:0x9f464c40
11-06 18:12:16.873 D/[cc]LayerTreeHost( 2907): [SetNeedsCommit] SetNeedsCommit!this:0x9f464c40
11-06 18:12:16.873 D/[cc]LayerTreeHost( 2907): [SetNeedsCommit] SetNeedsCommit!this:0x9f464c40
11-06 18:12:16.873 D/[cc]LayerTreeHost( 2907): [SetNeedsCommit] SetNeedsCommit!this:0x9f464c40
11-06 18:12:16.873 D/[cc]LayerTreeHost( 2907): [SetNeedsCommit] SetNeedsCommit!this:0x9f464c40
11-06 18:12:16.873 D/[cc]LayerTreeHost( 2907): [SetNeedsCommit] SetNeedsCommit!this:0x9f464c40
11-06 18:12:16.873 D/[cc]LayerTreeHost( 2907): [SetNeedsCommit] SetNeedsCommit!this:0x9f464c40
11-06 18:12:16.873 D/[cc]LayerTreeHost( 2907): [SetNeedsCommit] SetNeedsCommit!this:0x9f464c40
11-06 18:12:16.873 D/[cc]LayerTreeHost( 2907): [SetNeedsCommit] SetNeedsCommit!this:0x9f464c40
11-06 18:12:16.873 D/[cc]LayerTreeHost( 2907): [SetNeedsCommit] SetNeedsCommit!this:0x9f464c40
11-06 18:12:16.873 D/[cc]LayerTreeHost( 2907): [SetNeedsCommit] SetNeedsCommit!this:0x9f464c40
11-06 18:12:16.873 D/[blink]FrameView( 2907): [updateLifecyclePhasesInternal] end... this:0x564c1888
11-06 18:12:16.874 D/[blink]FrameView( 2907): [updateStyleAndLayoutIfNeededRecursiveInternal] in... this:0x564c1888.
11-06 18:12:16.874 D/[blink]FrameView( 2907): [updateStyleAndLayoutIfNeededRecursiveInternal] end... this:0x564c1888.
11-06 18:12:16.874 D/[blink]FrameView( 2907): [updateLifecyclePhasesInternal] in... this:0x564c1888, targetState=12
11-06 18:12:16.874 D/[blink]FrameView( 2907): [updateLifecyclePhasesInternal] call compositor()->updateIfNeededRecursive()!
11-06 18:12:16.874 D/[blink]FrameView( 2907): [updateLifecyclePhasesInternal] end... this:0x564c1888
11-06 18:12:16.920 I/OpenGLRenderer( 2907): Initialized EGL, version 1.4
11-06 18:12:16.921 D/OpenGLRenderer( 2907): Enabling debug mode 0
11-06 18:12:16.928 D/cr_AwTestContainerView( 2907): [AwTestContainerView.java:63] [mainFrame]: onSizeChanged new size(1280,720) old size(0,0)
11-06 18:12:16.930 D/cr_AwTestContainerView( 2907): [AwTestContainerView.java:63] [eventFrame]: onSizeChanged new size(1280,720) old size(0,0)
11-06 18:12:16.930 D/[cc]LayerTreeHost( 2907): [SetNeedsCommit] SetNeedsCommit!this:0x9f464c40
11-06 18:12:16.930 D/[cc]LayerTreeHost( 2907): [SetNeedsCommit] SetNeedsCommit!this:0x9f464c40
11-06 18:12:16.930 D/[cc]LayerTreeHost( 2907): [SetNeedsCommit] SetNeedsCommit!this:0x9f464c40
11-06 18:12:16.930 D/[cc]LayerTreeHost( 2907): [SetNeedsCommit] SetNeedsCommit!this:0x9f464c40
11-06 18:12:16.930 D/[cc]LayerTreeHost( 2907): [SetNeedsCommit] SetNeedsCommit!this:0x9f464c40
11-06 18:12:16.930 D/[cc]LayerTreeHost( 2907): [SetNeedsCommit] SetNeedsCommit!this:0x9f464c40
11-06 18:12:16.930 D/[cc]LayerTreeHost( 2907): [SetNeedsCommit] SetNeedsCommit!this:0x9f464c40
11-06 18:12:16.930 D/[cc]LayerTreeHost( 2907): [SetNeedsCommit] SetNeedsCommit!this:0x9f464c40
11-06 18:12:16.930 D/[blink]FrameView( 2907): [updateStyleAndLayoutIfNeededRecursiveInternal] in... this:0x564c1888.
11-06 18:12:16.930 D/[blink]FrameView( 2907): [layout] start... this:0x564c1888, frame=0x457a1a48 content size(0, 0). 
11-06 18:12:16.931 D/[blink]FrameView( 2907): [layout] performPreLayoutTasks start... this:0x564c1888
11-06 18:12:16.931 D/[blink]FrameView( 2907): [layout] performPreLayoutTasks end... this:0x564c1888
11-06 18:12:16.931 D/[blink]FrameView( 2907): [layout] performLayout start... this:0x564c1888
11-06 18:12:16.931 D/[blink]FrameView( 2907): [layout] performLayout end... this:0x564c1888
11-06 18:12:16.931 D/ChromeClientImpl( 2907): [contentsSizeChanged] -->size(1280, 720)
11-06 18:12:16.931 D/[blink]FrameView( 2907): [layout] call compositor()->didLayout()!
11-06 18:12:16.931 D/[blink]FrameView( 2907): [layout] updateDocumentAnnotatedRegions start... this:0x564c1888
11-06 18:12:16.931 D/[blink]FrameView( 2907): [layout] scheduleOrPerformPostLayoutTasks start... this:0x564c1888
11-06 18:12:16.931 D/[blink]FrameView( 2907): [layout] end... this:0x564c1888
11-06 18:12:16.931 D/[cc]LayerTreeHost( 2907): [SetNeedsCommit] SetNeedsCommit!this:0x9f464c40
11-06 18:12:16.931 D/[cc]LayerTreeHost( 2907): [SetNeedsCommit] SetNeedsCommit!this:0x9f464c40
11-06 18:12:16.931 D/[cc]LayerTreeHost( 2907): [SetNeedsCommit] SetNeedsCommit!this:0x9f464c40
11-06 18:12:16.931 D/[cc]LayerTreeHost( 2907): [SetNeedsCommit] SetNeedsCommit!this:0x9f464c40
11-06 18:12:16.931 D/[cc]LayerTreeHost( 2907): [SetNeedsCommit] SetNeedsCommit!this:0x9f464c40
11-06 18:12:16.931 D/[blink]FrameView( 2907): [layout] out... this:0x564c1888
11-06 18:12:16.931 D/[blink]FrameView( 2907): [updateStyleAndLayoutIfNeededRecursiveInternal] end... this:0x564c1888.
11-06 18:12:16.931 D/[blink]FrameView( 2907): [updateLifecyclePhasesInternal] in... this:0x564c1888, targetState=18
11-06 18:12:16.931 D/[blink]FrameView( 2907): [updateLifecyclePhasesInternal] call compositor()->updateIfNeededRecursive()!
11-06 18:12:16.931 D/[cc]LayerTreeHost( 2907): [SetNeedsCommit] SetNeedsCommit!this:0x9f464c40
11-06 18:12:16.931 D/[cc]LayerTreeHost( 2907): [SetNeedsCommit] SetNeedsCommit!this:0x9f464c40
11-06 18:12:16.931 D/[cc]LayerTreeHost( 2907): [SetNeedsCommit] SetNeedsCommit!this:0x9f464c40
11-06 18:12:16.932 D/[blink]FrameView( 2907): [updateLifecyclePhasesInternal] end... this:0x564c1888
11-06 18:12:16.935 V/WindowManager( 2021): Adding window Window{8c1e9fa u0 SurfaceView} at 5 of 12 (before Window{1e2c9a69 u0 com.ipanel.android_webview.shell/com.ipanel.webapp.BrowserActivity})
11-06 18:12:16.971 D/MediaPlayerView( 2907): surfaceCreated
11-06 18:12:16.971 D/MediaPlayerView( 2907): surfaceChanged
11-06 18:12:17.003 V/WindowManager( 2021): Adding window Window{16597208 u0 SurfaceView} at 6 of 13 (before Window{1e2c9a69 u0 com.ipanel.android_webview.shell/com.ipanel.webapp.BrowserActivity})
11-06 18:12:17.032 D/cr_AwTestContainerView.HardwareView( 2907): [AwTestContainerView.java:96] surfaceCreated
11-06 18:12:17.032 D/cr_AwTestContainerView( 2907): [AwTestContainerView.java:63] [mainFrame]: attachedContentsInternal
11-06 18:12:17.032 I/cr_AwContents( 2907): org.chromium.android_webview.AwContents@3b71f97f onAttachedToWindow
11-06 18:12:17.033 I/GLThread( 2907): noticed surfaceView surface acquired tid=116
11-06 18:12:17.033 W/EglHelper( 2907): start() tid=116
11-06 18:12:17.034 W/EglHelper( 2907): createContext com.google.android.gles_jni.EGLContextImpl@4b44b98e tid=116
