01-01 08:00:16.608 W/PackageManager( 2021): Not granting permission android.permission.DELETE_PACKAGES to package com.newayte.nvideo.tv (protectionLevel=18 flags=0x88be44)
01-01 08:00:16.608 W/PackageManager( 2021): Not granting permission android.permission.INSTALL_PACKAGES to package com.newayte.nvideo.tv (protectionLevel=18 flags=0x88be44)
01-01 08:00:16.608 W/PackageManager( 2021): Unknown permission com.android.smspush.WAPPUSH_MANAGER_BIND in package com.android.phone
01-01 08:00:16.609 W/PackageManager( 2021): Unknown permission com.android.launcher.permission.WRITE_SETTINGS in package com.suma.midware.setting
01-01 08:00:16.609 W/PackageManager( 2021): Unknown permission com.android.launcher.permission.READ_SETTINGS in package com.suma.midware.setting
01-01 08:00:16.609 W/PackageManager( 2021): Unknown permission android.permission.SYSTEM_OVERLAY_WINDOW in package com.hisilicon.android.pqsetting
01-01 08:00:16.697 V/FingerprintService( 2021): startListening(android.service.fingerprint.IFingerprintServiceReceiver$Stub$Proxy@2fce712d)
01-01 08:00:16.723 I/ActivityManager( 2021): Start proc 2213:com.android.externalstorage/u0a3 for broadcast com.android.externalstorage/.MountReceiver
01-01 08:00:16.878 I/SystemServiceManager( 2021): Starting phase 600
01-01 08:00:16.887 I/BackupManagerService( 2021): Backup enabled => false
01-01 08:00:16.887 I/BackupManagerService( 2021): Opting out of backup
01-01 08:00:16.892 E/InputMethodManagerService( 2021): Ignoring setImeWindowStatus due to an invalid token. uid:1000 token:null
01-01 08:00:16.902 W/InputMethodManagerService( 2021): Skipping input method ComponentInfo{com.suma.midware.back/com.suma.midware.back.sanping.input.SoftInputService}: it does not require the permission android.permission.BIND_INPUT_METHOD
01-01 08:00:16.936 I/ActivityManager( 2021): Start proc 2337:com.amlogic.inputmethod.remote/u0a19 for service com.amlogic.inputmethod.remote/.RemoteIME
01-01 08:00:16.936 V/InputMethodManagerService( 2021): Adding window token: android.os.Binder@2074e785
01-01 08:00:16.972 W/LocationManagerService( 2021): no network location provider found
01-01 08:00:16.974 E/LocationManagerService( 2021): no geocoder provider found
01-01 08:00:16.975 E/LocationManagerService( 2021): FLP HAL not supported
01-01 08:00:16.980 E/LocationManagerService( 2021): Unable to bind FLP Geofence proxy.
01-01 08:00:16.980 E/LocationManagerService( 2021): Hardware Activity-Recognition not supported.
01-01 08:00:16.988 I/MmsServiceBroker( 2021): Delay connecting to MmsService until an API is called
01-01 08:00:17.021 I/ActivityManager( 2021): Start proc 2368:com.suma.midware.back/1000 for added application com.suma.midware.back
01-01 08:00:17.063 I/ActivityManager( 2021): Start proc 2396:com.hisilicon.android.hiRMService/1000 for added application com.hisilicon.android.hiRMService
01-01 08:00:17.111 I/ActivityManager( 2021): Start proc 2432:com.suma.midware.dms/1000 for added application com.suma.midware.dms
01-01 08:00:17.196 I/ActivityManager( 2021): Start proc 2453:com.suma.midware.global/1000 for added application com.suma.midware.global
01-01 08:00:17.233 I/ActivityManager( 2021): Start proc 2481:com.android.phone/1001 for added application com.android.phone
01-01 08:00:17.233 I/ActivityManager( 2021): START u0 {act=android.intent.action.MAIN cat=[android.intent.category.HOME] flg=0x10000000 cmp=com.suma.midware.home/.third.Main3DActivity} from uid 0 on display 0
01-01 08:00:17.241 V/WindowManager( 2021): addAppToken: AppWindowToken{314f12f9 token=Token{3b05b5c0 ActivityRecord{1b4f9b43 u0 com.suma.midware.home/.third.Main3DActivity t487}}} to stack=0 task=487 at 0
01-01 08:00:17.271 I/ActivityManager( 2021): Start proc 2500:com.suma.midware.home/1000 for activity com.suma.midware.home/.third.Main3DActivity
01-01 08:00:17.273 I/SystemServer( 2021): NGB ClassLoader dalvik.system.PathClassLoader[DexPathList[[],nativeLibraryDirectories=[/vendor/lib, /system/lib]]], parent dalvik.system.PathClassLoader[DexPathList[[zip file "/system/framework/services.jar", zip file "/system/framework/ethernet-service.jar", zip file "/system/framework/wifi-service.jar"],nativeLibraryDirectories=[/vendor/lib, /system/lib]]]
01-01 08:00:17.273 E/SystemServer( 2021): Some exception in loading class com.android.server.NgbEventManagerService
01-01 08:00:17.274 E/SystemServer( 2021): Can not get NGB Event Manager Service
01-01 08:00:17.275 W/SystemServer( 2021): ***********************************************
01-01 08:00:17.275 F/SystemServer( 2021): BOOT FAILURE making NGB Event Manager Service ready
01-01 08:00:17.275 F/SystemServer( 2021): java.lang.ClassNotFoundException: com.android.server.NgbEventManagerService
01-01 08:00:17.275 F/SystemServer( 2021): 	at java.lang.Class.classForName(Native Method)
01-01 08:00:17.275 F/SystemServer( 2021): 	at java.lang.Class.forName(Class.java:309)
01-01 08:00:17.275 F/SystemServer( 2021): 	at java.lang.Class.forName(Class.java:273)
01-01 08:00:17.275 F/SystemServer( 2021): 	at com.android.server.SystemServer.run(SystemServer.java:304)
01-01 08:00:17.275 F/SystemServer( 2021): 	at com.android.server.SystemServer.main(SystemServer.java:178)
01-01 08:00:17.275 F/SystemServer( 2021): 	at java.lang.reflect.Method.invoke(Native Method)
01-01 08:00:17.275 F/SystemServer( 2021): 	at java.lang.reflect.Method.invoke(Method.java:372)
01-01 08:00:17.275 F/SystemServer( 2021): 	at com.android.internal.os.ZygoteInit$MethodAndArgsCaller.run(ZygoteInit.java:903)
01-01 08:00:17.275 F/SystemServer( 2021): 	at com.android.internal.os.ZygoteInit.main(ZygoteInit.java:698)
01-01 08:00:17.275 F/SystemServer( 2021): Caused by: java.lang.ClassNotFoundException: Didn't find class "com.android.server.NgbEventManagerService" on path: DexPathList[[zip file "/system/framework/services.jar", zip file "/system/framework/ethernet-service.jar", zip file "/system/framework/wifi-service.jar"],nativeLibraryDirectories=[/vendor/lib, /system/lib]]
01-01 08:00:17.275 F/SystemServer( 2021): 	at dalvik.system.BaseDexClassLoader.findClass(BaseDexClassLoader.java:56)
01-01 08:00:17.275 F/SystemServer( 2021): 	at java.lang.ClassLoader.loadClass(ClassLoader.java:511)
01-01 08:00:17.275 F/SystemServer( 2021): 	at java.lang.ClassLoader.loadClass(ClassLoader.java:469)
01-01 08:00:17.275 F/SystemServer( 2021): 	... 9 more
01-01 08:00:17.275 F/SystemServer( 2021): 	Suppressed: java.lang.ClassNotFoundException: Didn't find class "com.android.server.NgbEventManagerService" on path: DexPathList[[directory "."],nativeLibraryDirectories=[/vendor/lib, /system/lib]]
01-01 08:00:17.275 F/SystemServer( 2021): 		at dalvik.system.BaseDexClassLoader.findClass(BaseDexClassLoader.java:56)
01-01 08:00:17.275 F/SystemServer( 2021): 		at java.lang.ClassLoader.loadClass(ClassLoader.java:511)
01-01 08:00:17.275 F/SystemServer( 2021): 		at java.lang.ClassLoader.loadClass(ClassLoader.java:504)
01-01 08:00:17.275 F/SystemServer( 2021): 		... 10 more
01-01 08:00:17.275 F/SystemServer( 2021): 		Suppressed: java.lang.ClassNotFoundException: com.android.server.NgbEventManagerService
01-01 08:00:17.275 F/SystemServer( 2021): 			at java.lang.Class.classForName(Native Method)
01-01 08:00:17.275 F/SystemServer( 2021): 			at java.lang.BootClassLoader.findClass(ClassLoader.java:781)
01-01 08:00:17.275 F/SystemServer( 2021): 			at java.lang.BootClassLoader.loadClass(ClassLoader.java:841)
01-01 08:00:17.275 F/SystemServer( 2021): 			at java.lang.ClassLoader.loadClass(ClassLoader.java:504)
01-01 08:00:17.275 F/SystemServer( 2021): 			... 11 more
01-01 08:00:17.275 F/SystemServer( 2021): 		Caused by: java.lang.NoClassDefFoundError: Class not found using the boot class loader; no stack available
01-01 08:00:17.276 E/SystemServer( 2021): Some exception in loading class com.android.server.NgbInputEventService
01-01 08:00:17.278 W/ActivityManager( 2021): Unable to start service Intent { cmp=com.android.printspooler/.model.PrintSpoolerService } U=0: not found
01-01 08:00:17.306 E/SystemServer( 2021): Can not get NGB Input Event Service
01-01 08:00:17.306 I/SystemServer( 2021): [DCAS] CASEventManagerService
01-01 08:00:17.306 I/SystemServer( 2021): catch throw
01-01 08:00:17.307 I/SystemServer( 2021): Enabled StrictMode for system server main thread.
01-01 08:00:17.316 V/ActivityManager( 2021): Display changed displayId=0
01-01 08:00:17.349 V/ActivityManager( 2021): Display changed displayId=0
01-01 08:00:17.386 I/Telecom ( 2021): TelecomGlobals: TelecomGlobals initializing
01-01 08:00:17.388 E/ActivityThread( 2021): Failed to find provider info for call_log
01-01 08:00:17.436 I/Telecom ( 2021): TelecomGlobals: CallsManager initialized
01-01 08:00:17.437 W/ContextImpl( 2021): Calling a method in the system process without a qualified user: android.app.ContextImpl.startService:1710 android.content.ContextWrapper.startService:516 com.android.server.telecom.BluetoothPhoneService.start:440 com.android.server.telecom.TelecomGlobals.initialize:93 com.android.server.telecom.TelecomService.onCreate:164 
01-01 08:00:17.438 V/CameraObserver( 2021): Intent.ACTION_CAMERA_PLUG: state: 0:name:video0
01-01 08:00:17.438 W/ContextImpl( 2021): Calling a method in the system process without a qualified user: android.app.ContextImpl.sendBroadcast:1345 com.android.server.CameraObserver.sendIntent:116 com.android.server.CameraObserver.access$000:37 com.android.server.CameraObserver$1.handleMessage:122 android.os.Handler.dispatchMessage:102 
01-01 08:00:17.440 D/ZenLog  ( 2021): downtime: Autotrigger skipped: not in downtime
01-01 08:00:17.443 W/ContextImpl( 2432): Calling a method in the system process without a qualified user: android.app.ContextImpl.bindService:1774 android.content.ContextWrapper.bindService:539 com.suma.midware.prop.i.b:-1 com.suma.midware.prop.i.a:-1 com.suma.midware.prop.BaseClientApplication.onCreate:-1 
01-01 08:00:17.445 W/ResourcesManager( 2021): Asset path '/system/framework/com.android.location.provider.jar' does not exist or contains no resources.
01-01 08:00:17.450 V/WiredAccessoryManager( 2021): init()
01-01 08:00:17.452 V/WiredAccessoryManager( 2021): newName=hdmi newState=16 headsetState=16 prev headsetState=0
01-01 08:00:17.460 W/AppWidgetServiceImpl( 2021): Failed to read state: java.io.FileNotFoundException: /data/system/users/0/appwidgets.xml: open failed: ENOENT (No such file or directory)
01-01 08:00:17.460 V/AppWidgetServiceImpl( 2021): Upgrading widget database from 0 to 1
01-01 08:00:17.465 V/BackupManagerService( 2021): Connected to transport ComponentInfo{android/com.android.internal.backup.LocalTransportService}
01-01 08:00:17.466 V/BackupManagerService( 2021): Registering transport android/com.android.internal.backup.LocalTransportService::android/com.android.internal.backup.LocalTransport = android.app.backup.BackupTransport$TransportImpl@3d33c303
01-01 08:00:17.475 V/WiredAccessoryManager( 2021): device hdmi connected
01-01 08:00:17.496 W/ContextImpl( 2453): Calling a method in the system process without a qualified user: android.app.ContextImpl.bindService:1774 android.content.ContextWrapper.bindService:539 com.suma.midware.prop.i.b:-1 com.suma.midware.prop.i.a:-1 com.suma.midware.global.GlobalApplication.onCreate:-1 
01-01 08:00:17.528 W/ContextImpl( 2500): Calling a method in the system process without a qualified user: android.app.ContextImpl.bindService:1774 android.content.ContextWrapper.bindService:539 com.suma.midware.prop.i.b:-1 com.suma.midware.prop.i.a:-1 com.suma.midware.home.HomeApplication.onCreate:-1 
01-01 08:00:17.595 I/ActivityManager( 2021): Start proc 2533:com.sumavision.android.media.v/u0a22 for broadcast com.sumavision.android.media.v/com.sumavision.android.media.c.MediaAppProReceiver
01-01 08:00:17.661 I/StatusBarManagerService( 2021): registerStatusBar bar=com.android.internal.statusbar.IStatusBar$Stub$Proxy@11326f3c
01-01 08:00:17.694 W/ContextImpl( 2368): Calling a method in the system process without a qualified user: android.app.ContextImpl.startService:1710 android.content.ContextWrapper.startService:516 com.suma.midware.back.boot.ServiceBoot.b:-1 com.suma.midware.back.BackService.onCreate:-1 android.app.ActivityThread.handleCreateService:2761 
01-01 08:00:17.696 W/ContextImpl( 2368): Calling a method in the system process without a qualified user: android.app.ContextImpl.startService:1710 android.content.ContextWrapper.startService:516 com.suma.midware.back.boot.ServiceBoot.b:-1 com.suma.midware.back.BackService.onCreate:-1 android.app.ActivityThread.handleCreateService:2761 
01-01 08:00:17.705 W/ContextImpl( 2368): Calling a method in the system process without a qualified user: android.app.ContextImpl.startService:1710 android.content.ContextWrapper.startService:516 com.suma.midware.back.boot.neimeng.BackBootDealerNeimeng.a:-1 com.suma.midware.back.boot.ServiceBoot.b:-1 com.suma.midware.back.BackService.onCreate:-1 
01-01 08:00:17.765 D/WifiService( 2021): New client listening to asynchronous messages
01-01 08:00:17.812 E/ConnectivityService( 2021): Failed to find Messenger in unregisterNetworkFactory
01-01 08:00:17.814 D/ConnectivityService( 2021): Got NetworkFactory Messenger for Telephony
01-01 08:00:17.856 E/ActivityThread( 2481): Failed to find provider info for com.android.contacts
01-01 08:00:18.202 D/WifiService( 2021): New client listening to asynchronous messages
01-01 08:00:18.277 D/ConnectivityService( 2021): listenForNetwork for NetworkRequest [ id=2, legacyType=-1, [] ]
01-01 08:00:18.340 E/ActivityThread( 2164): Failed to find provider info for com.android.contacts
01-01 08:00:18.935 D/WifiService( 2021): New client listening to asynchronous messages
01-01 08:00:19.853 D/ConnectivityService( 2021): Got NetworkFactory Messenger for WIFI
01-01 08:00:19.853 D/ConnectivityService( 2021): Got NetworkFactory Messenger for WIFI_UT
01-01 08:00:24.309 W/ContextImpl( 2500): Calling a method in the system process without a qualified user: android.app.ContextImpl.sendBroadcast:1345 android.content.ContextWrapper.sendBroadcast:377 com.suma.midware.view.ext.BluetoothUpdate.b:-1 com.suma.midware.home.third.Main3DActivity.onResume:-1 android.app.Instrumentation.callActivityOnResume:1257 
01-01 08:00:24.322 D/WifiService( 2021): New client listening to asynchronous messages
01-01 08:00:24.328 W/ContextImpl( 2500): Calling a method in the system process without a qualified user: android.app.ContextImpl.sendBroadcast:1345 android.content.ContextWrapper.sendBroadcast:377 android.app.ActivityThread.performResumeActivity:2982 android.app.ActivityThread.handleResumeActivity:3023 android.app.ActivityThread.handleLaunchActivity:2392 
01-01 08:00:24.340 V/WindowManager( 2021): Based on layer: Adding window Window{153f66e5 u0 com.suma.midware.home/com.suma.midware.home.third.Main3DActivity} at 1 of 6
01-01 08:00:24.377 V/WindowManager( 2021): Adding window Window{15ad0c6b u0 SurfaceView} at 1 of 7 (before Window{153f66e5 u0 com.suma.midware.home/com.suma.midware.home.third.Main3DActivity})
01-01 08:00:24.381 V/WindowManager( 2021): Adding window Window{3048c61 u0 SurfaceView} at 2 of 8 (before Window{153f66e5 u0 com.suma.midware.home/com.suma.midware.home.third.Main3DActivity})
01-01 08:00:24.416 W/KeyguardServiceDelegate( 2021): onScreenTurnedOn(): no keyguard service!
01-01 08:00:24.664 I/SystemServiceManager( 2021): Starting phase 1000
01-01 08:00:24.669 V/ActivityManager( 2021): Display changed displayId=0
01-01 08:00:24.669 W/BroadcastQueue( 2021): Permission Denial: receiving Intent { act=android.intent.action.BOOT_COMPLETED flg=0x8000010 (has extras) } to ProcessRecord{8ec116a 2164:com.android.systemui/u0a7} (pid=2164, uid=10007) requires android.permission.RECEIVE_BOOT_COMPLETED due to sender null (uid 1000)
01-01 08:00:24.669 W/BroadcastQueue( 2021): Permission Denial: receiving Intent { act=android.intent.action.BOOT_COMPLETED flg=0x8000010 (has extras) } to ProcessRecord{8ec116a 2164:com.android.systemui/u0a7} (pid=2164, uid=10007) requires android.permission.RECEIVE_BOOT_COMPLETED due to sender null (uid 1000)
01-01 08:00:24.678 I/BootReceiver( 2021): Copying audit failures to DropBox
01-01 08:00:24.678 I/BootReceiver( 2021): Checking for fsck errors
01-01 08:00:24.702 I/ActivityManager( 2021): Start proc 2659:com.android.keychain/1000 for service com.android.keychain/.KeyChainService
01-01 08:00:24.702 W/BroadcastQueue( 2021): Permission Denial: receiving Intent { act=android.intent.action.BOOT_COMPLETED flg=0x8000010 (has extras) } to com.android.systemui/.BootReceiver requires android.permission.RECEIVE_BOOT_COMPLETED due to sender null (uid 1000)
01-01 08:00:24.703 W/BroadcastQueue( 2021): Permission Denial: receiving Intent { act=android.intent.action.BOOT_COMPLETED flg=0x8000010 (has extras) } to com.android.phone/.OtaStartupReceiver requires android.permission.RECEIVE_BOOT_COMPLETED due to sender null (uid 1000)
01-01 08:00:24.704 W/BroadcastQueue( 2021): Permission Denial: receiving Intent { act=android.intent.action.BOOT_COMPLETED flg=0x8000010 (has extras) } to com.newayte.nvideo.tv/com.newayte.nvideo.BootCompletedReceiver requires android.permission.RECEIVE_BOOT_COMPLETED due to sender null (uid 1000)
01-01 08:00:24.705 W/BroadcastQueue( 2021): Permission Denial: receiving Intent { act=android.intent.action.BOOT_COMPLETED flg=0x8000010 (has extras) } to com.android.providers.downloads/.DownloadReceiver requires android.permission.RECEIVE_BOOT_COMPLETED due to sender null (uid 1000)
01-01 08:00:24.705 W/BroadcastQueue( 2021): Permission Denial: receiving Intent { act=android.intent.action.BOOT_COMPLETED flg=0x8000010 (has extras) } to com.android.managedprovisioning/.BootReminder requires android.permission.RECEIVE_BOOT_COMPLETED due to sender null (uid 1000)
01-01 08:00:24.706 W/BroadcastQueue( 2021): Permission Denial: receiving Intent { act=android.intent.action.BOOT_COMPLETED flg=0x8000010 (has extras) } to com.android.providers.media/.MediaScannerReceiver requires android.permission.RECEIVE_BOOT_COMPLETED due to sender null (uid 1000)
01-01 08:00:24.706 W/BroadcastQueue( 2021): Permission Denial: receiving Intent { act=android.intent.action.BOOT_COMPLETED flg=0x8000010 (has extras) } to com.android.providers.media/.MtpReceiver requires android.permission.RECEIVE_BOOT_COMPLETED due to sender null (uid 1000)
01-01 08:00:24.708 W/ContextImpl( 2396): Calling a method in the system process without a qualified user: android.app.ContextImpl.startService:1710 android.content.ContextWrapper.startService:516 android.content.ContextWrapper.startService:516 com.hisilicon.android.hiRMService.HiRMBroadcastReceiver.onReceive:21 android.app.ActivityThread.handleReceiver:2609 
01-01 08:00:24.723 D/WifiService( 2021): New client listening to asynchronous messages
01-01 08:00:24.761 W/BroadcastQueue( 2021): Permission Denial: receiving Intent { act=android.intent.action.BOOT_COMPLETED flg=0x8000010 (has extras) } to com.huan.appstore/.receiver.DeviceBootReceiver requires android.permission.RECEIVE_BOOT_COMPLETED due to sender null (uid 1000)
01-01 08:00:24.797 I/ActivityManager( 2021): Start proc 2681:com.sumavision.admindm/1000 for broadcast com.sumavision.admindm/.StartSessionBroadcastReceiver
01-01 08:00:24.830 W/ContextImpl( 2681): Calling a method in the system process without a qualified user: android.app.ContextImpl.startService:1710 android.content.ContextWrapper.startService:516 android.content.ContextWrapper.startService:516 com.sumavision.admindm.StartSessionBroadcastReceiver.onReceive:-1 android.app.ActivityThread.handleReceiver:2609 
01-01 08:00:24.833 W/ContextImpl( 2432): Calling a method in the system process without a qualified user: android.app.ContextImpl.startService:1710 android.content.ContextWrapper.startService:516 android.content.ContextWrapper.startService:516 com.suma.midware.dms.util.DmsUtil.a:-1 com.suma.midware.dms.util.DmsUtil.a:-1 
01-01 08:00:24.834 W/AlarmManager( 2021): Suspiciously short interval 5000 millis; expanding to 60 seconds
01-01 08:00:24.836 W/ContextImpl( 2453): Calling a method in the system process without a qualified user: android.app.ContextImpl.startService:1710 android.content.ContextWrapper.startService:516 com.suma.midware.global.receiver.BootReceiver.onReceive:-1 android.app.ActivityThread.handleReceiver:2609 android.app.ActivityThread.access$1700:151 
01-01 08:00:24.838 W/AlarmManager( 2021): Suspiciously short interval 10000 millis; expanding to 60 seconds
01-01 08:00:24.844 W/ContextImpl( 2368): Calling a method in the system process without a qualified user: android.app.ContextImpl.startService:1710 android.content.ContextWrapper.startService:516 android.content.ContextWrapper.startService:516 com.suma.midware.back.BackReceiver.onReceive:-1 android.app.ActivityThread.handleReceiver:2609 
01-01 08:00:24.869 I/ActivityManager( 2021): Start proc 2701:com.suma.midware.setting/1000 for broadcast com.suma.midware.setting/.BootReceiver
01-01 08:00:24.874 W/AlarmManager( 2021): Suspiciously short interval 5000 millis; expanding to 60 seconds
01-01 08:00:24.924 W/ContextImpl( 2681): Calling a method in the system process without a qualified user: android.app.ContextImpl.bindService:1774 android.content.ContextWrapper.bindService:539 com.suma.midware.prop.i.c:-1 com.suma.midware.prop.i.a:-1 com.sumavision.b.a.<init>:-1 
01-01 08:00:24.941 W/ContextImpl( 2500): Calling a method in the system process without a qualified user: android.app.ContextImpl.sendBroadcast:1345 android.content.ContextWrapper.sendBroadcast:377 com.suma.midware.home.third.Main3DActivity.a:-1 com.suma.midware.home.third.h.a:-1 com.sumavision.engine.core.base.c.onDrawFrame:-1 
01-01 08:00:24.957 W/ContextImpl( 2701): Calling a method in the system process without a qualified user: android.app.ContextImpl.bindService:1774 android.content.ContextWrapper.bindService:539 com.suma.midware.prop.i.b:-1 com.suma.midware.prop.i.a:-1 com.suma.midware.setting.SetApplication.onCreate:-1 
01-01 08:00:24.965 W/ContextImpl( 2701): Calling a method in the system process without a qualified user: android.app.ContextImpl.startService:1710 android.content.ContextWrapper.startService:516 android.content.ContextWrapper.startService:516 com.suma.midware.setting.BootReceiver.onReceive:-1 android.app.ActivityThread.handleReceiver:2609 
01-01 08:00:24.967 W/AlarmManager( 2021): Suspiciously short interval 10000 millis; expanding to 60 seconds
01-01 08:00:25.006 D/WifiService( 2021): New client listening to asynchronous messages
--------- beginning of main
01-01 08:00:28.911 I/HTTPServer( 2432): open socket with port : 9527:addr:
01-01 08:00:28.911 D/HTTPServerList( 2432): start...with server size:1
01-01 08:00:28.911 D/HTTPServerList( 2432): Begin start server:org.cybergarage.a.h@37638087
01-01 08:00:28.912 D/Advertiser( 2432): Advertise12:51000 at time:1420070428912 with thread:org.cybergarage.d.b.a@15f10bb4
01-01 08:00:28.915 D/FileIOUtil( 2432): [TN_ThreadUtil-start_dms_service]forceCreateFile filePath=/data/ngb/rma/js/fileinfo.js,isDir=false
01-01 08:00:28.915 D/FileIOUtil( 2432): [TN_ThreadUtil-start_dms_service]forceCreateFile file=/data/ngb/rma/js/fileinfo.js,isDir=false
01-01 08:00:28.916 E/MediaJs ( 2432): [TN_ThreadUtil-start_dms_service]writeJsFile path=/data/ngb/rma/js/fileinfo.js create failed
01-01 08:00:29.313 D/BackBootDealerNeimeng( 2368): standbyState:
01-01 08:00:29.314 E/NetUtils( 2021): Interface eth0 LinkDown!
01-01 08:00:29.814 D/BackBootDealerNeimeng( 2368): standbyState:
01-01 08:00:29.815 E/NetUtils( 2021): Interface eth0 LinkDown!
01-01 08:00:29.841 D/BasicFigure( 2500): [TN_GLThread 73]isDrawFocused relyElement=[BaseElement@346a37d9]focusScale[1.15]elementAlpha[-1.0]refectAlpha[-1.0]isFocusAble[true]shadowIndex[-1]autoJumpType[-1]uniqueID[54resSize0]rect[NULL]
01-01 08:00:29.841 D/BasicFigure( 2500): [TN_GLThread 73]isDrawFocused basicFigure=com.suma.midware.view.b.c.c@3914159e
01-01 08:00:29.870 E/GlobalBackService( 2453): [TN_ThreadUtil-0]init curEpgVersion=0
01-01 08:00:29.870 D/FileIOUtil( 2453): [TN_ThreadUtil-0]readContentFromFile file=/dvbdata/mainapp/epg/epg_info.json,forceCreate=false,offset=0,len=-1
01-01 08:00:29.871 D/FileIOUtil( 2453): [TN_ThreadUtil-0]readContentFromFile isExist=false,isFile=false
01-01 08:00:29.871 D/GlobalBackService( 2453): [TN_ThreadUtil-0]begin to monitor，injectEpgVersion=0,curEpgVersion=0 
01-01 08:00:29.871 I/System.out( 2453): [DEBUG EPGManager] Get instance of epg manager
01-01 08:00:29.875 V/SUMA    ( 1581): [resman-s][onTransact 216]code[0x12000105] client pid = 2453
01-01 08:00:29.875 V/SUMA    ( 1581): [resman-s][onTransact 1574]leave transact client pid = 2453
01-01 08:00:29.875 V/SUMA    ( 2453): [resman-c][Roc_Tuner_GetNumber 933]leave !!!
01-01 08:00:29.875 D/EPGmanager( 2453): [EPGManagerNative-JNI]		Get number of tuner :1
01-01 08:00:29.880 D/GlobalBackService( 2453): [TN_ThreadUtil-0]tim=java.util.GregorianCalendar[time=1420070429879,areFieldsSet=true,lenient=true,zone=Asia/Shanghai,firstDayOfWeek=1,minimalDaysInFirstWeek=1,ERA=1,YEAR=2015,MONTH=0,WEEK_OF_YEAR=1,WEEK_OF_MONTH=1,DAY_OF_MONTH=1,DAY_OF_YEAR=1,DAY_OF_WEEK=5,DAY_OF_WEEK_IN_MONTH=1,AM_PM=0,HOUR=8,HOUR_OF_DAY=8,MINUTE=0,SECOND=29,MILLISECOND=879,ZONE_OFFSET=28800000,DST_OFFSET=0] error
01-01 08:00:30.315 D/BackBootDealerNeimeng( 2368): standbyState:
01-01 08:00:30.316 E/NetUtils( 2021): Interface eth0 LinkDown!
01-01 08:00:30.544 I/EthernetNetworkFactory( 2021): updateInterfaceState :the mIface is:eth0iface is wlan0 false
01-01 08:00:30.546 E/wifi    ( 2021): android_net_wifi_getLinkLayerStats: failed to get link statistics
01-01 08:00:30.562 E/WifiAutoJoinController ( 2021): Xiaomi_D52C 78:11:dc:10:d5:2d rssi=-24 cap [WPA-PSK-CCMP+TKIP][WPA2-PSK-CCMP+TKIP][WPS][ESS] is not scored
01-01 08:00:30.563 E/WifiAutoJoinController ( 2021): GDWL 86:79:73:27:8c:19 rssi=-40 cap [WPA-PSK-CCMP][WPA2-PSK-CCMP][ESS] is not scored
01-01 08:00:30.563 E/WifiAutoJoinController ( 2021): GDWL 86:79:73:27:8c:0d rssi=-51 cap [WPA-PSK-CCMP][WPA2-PSK-CCMP][ESS] is not scored
01-01 08:00:30.564 E/WifiAutoJoinController ( 2021): TP-LINK_11AF56 9c:21:6a:11:af:56 rssi=-57 cap [WPA-PSK-CCMP][WPA2-PSK-CCMP][WPS][ESS] is not scored
01-01 08:00:30.564 E/WifiAutoJoinController ( 2021): TP-LINK_BAF2C2 0c:72:2c:ba:f2:c2 rssi=-57 cap [WPA-PSK-CCMP][WPA2-PSK-CCMP][WPS][ESS] is not scored
01-01 08:00:30.565 E/WifiAutoJoinController ( 2021): MERCURY_AD88 e4:f3:f5:aa:ad:88 rssi=-57 cap [WPA-PSK-CCMP][WPA2-PSK-CCMP][ESS] is not scored
01-01 08:00:30.565 E/WifiAutoJoinController ( 2021): GDWL 86:79:73:27:8c:1d rssi=-66 cap [WPA-PSK-CCMP][WPA2-PSK-CCMP][ESS] is not scored
01-01 08:00:30.566 E/WifiAutoJoinController ( 2021): Office_Net e4:f3:f5:a4:00:c0 rssi=-69 cap [WPA-PSK-CCMP][WPA2-PSK-CCMP][ESS] is not scored
01-01 08:00:30.567 E/WifiAutoJoinController ( 2021): WLGS 1c:fa:68:05:a3:5a rssi=-73 cap [WPA-PSK-CCMP][WPA2-PSK-CCMP][WPS][ESS] is not scored
01-01 08:00:30.567 E/WifiAutoJoinController ( 2021): GDWL 86:79:73:27:8c:11 rssi=-71 cap [WPA-PSK-CCMP][WPA2-PSK-CCMP][ESS] is not scored
01-01 08:00:30.568 E/WifiAutoJoinController ( 2021): GDWL 86:79:73:27:8c:13 rssi=-74 cap [WPA-PSK-CCMP][WPA2-PSK-CCMP][ESS] is not scored
01-01 08:00:30.568 E/WifiAutoJoinController ( 2021): GDWL 86:79:73:27:8c:23 rssi=-75 cap [WPA-PSK-CCMP][WPA2-PSK-CCMP][ESS] is not scored
01-01 08:00:30.569 E/WifiAutoJoinController ( 2021): 荣耀小七 7c:7d:3d:30:4c:95 rssi=-77 cap [WPA2-PSK-CCMP][ESS] is not scored
01-01 08:00:30.569 E/WifiAutoJoinController ( 2021): CMCC 06:11:b5:17:bd:d5 rssi=-75 cap [WPA-EAP-CCMP+TKIP][WPA2-EAP-CCMP+TKIP][ESS] is not scored
01-01 08:00:30.570 E/WifiAutoJoinController ( 2021):  84:79:73:27:8c:19 rssi=-36 cap [WEP][ESS] is not scored
01-01 08:00:30.570 E/WifiAutoJoinController ( 2021):  84:79:73:27:8c:0d rssi=-55 cap [WEP][ESS] is not scored
01-01 08:00:30.571 E/WifiAutoJoinController ( 2021):  84:79:73:27:8c:11 rssi=-65 cap [WEP][ESS] is not scored
01-01 08:00:30.571 E/WifiAutoJoinController ( 2021):  84:79:73:27:8c:1d rssi=-70 cap [WEP][ESS] is not scored
01-01 08:00:30.572 E/WifiAutoJoinController ( 2021):  84:79:73:27:8c:13 rssi=-72 cap [WEP][ESS] is not scored
01-01 08:00:30.572 E/WifiAutoJoinController ( 2021):  84:79:73:27:8c:23 rssi=-76 cap [WEP][ESS] is not scored
01-01 08:00:30.573 E/WifiAutoJoinController ( 2021):  84:79:73:27:8c:27 rssi=-78 cap [WEP][ESS] is not scored
01-01 08:00:30.573 E/WifiAutoJoinController ( 2021): MERCURY_EDE4 e4:f3:f5:6a:ed:e4 rssi=-44 cap [ESS] is not scored
01-01 08:00:30.574 E/WifiAutoJoinController ( 2021): CMCC-family 0a:11:b5:17:bd:d5 rssi=-72 cap [ESS] is not scored
01-01 08:00:30.574 E/WifiAutoJoinController ( 2021): CMCC-WEB 00:11:b5:17:bd:d5 rssi=-74 cap [ESS] is not scored
01-01 08:00:30.575 E/WifiAutoJoinController ( 2021): and-Business 0e:11:b5:17:bd:d5 rssi=-75 cap [ESS] is not scored
01-01 08:00:30.575 E/WifiAutoJoinController ( 2021): 影视娱乐频道 24:69:68:79:91:8a rssi=-72 cap [WPA-PSK-CCMP][WPA2-PSK-CCMP][ESS] is not scored
01-01 08:00:30.576 E/WifiAutoJoinController ( 2021): GDWL 86:79:73:27:8c:27 rssi=-76 cap [WPA-PSK-CCMP][WPA2-PSK-CCMP][ESS] is not scored
01-01 08:00:30.576 E/WifiAutoJoinController ( 2021): 4lou ec:26:ca:2e:87:1a rssi=-76 cap [WPA-PSK-CCMP][WPA2-PSK-CCMP][ESS] is not scored
01-01 08:00:30.576 E/WifiAutoJoinController ( 2021): TVBCB 28:2c:b2:19:e1:4e rssi=-78 cap [WPA-PSK-CCMP][WPA2-PSK-CCMP][WPS][ESS] is not scored
01-01 08:00:30.577 E/WifiAutoJoinController ( 2021): ageScanResultsOut delay 40000 size 29 now 1420070430577
01-01 08:00:30.577 E/WifiAutoJoinController ( 2021): newSupplicantResults size=29 known=8 true
01-01 08:00:30.578 E/WifiAutoJoinController ( 2021): attemptAutoJoin() status=wpa_state=SCANNING
01-01 08:00:30.578 E/WifiAutoJoinController ( 2021): p2p_device_address=0e:62:a6:0c:0f:b2
01-01 08:00:30.578 E/WifiAutoJoinController ( 2021): address=0c:62:a6:0c:0f:b2
01-01 08:00:30.578 E/WifiAutoJoinController ( 2021): uuid=de43a986-3647-5398-876d-b6752834d7e7 split=4
01-01 08:00:30.578 E/WifiAutoJoinController ( 2021): attemptAutoJoin() num recent config 2 ---> suppNetId=-1
01-01 08:00:30.578 E/WifiAutoJoinController ( 2021): attemptAutoJoin good candidate seen, bumped hard -> status=0 "Xiaomi_D52C"WPA_PSK rssi=(-24,-127) num=(1,0)
01-01 08:00:30.578 E/WifiAutoJoinController ( 2021): attemptAutoJoin trying id=3 "Xiaomi_D52C"WPA_PSK status=0
01-01 08:00:30.578 E/WifiAutoJoinController ( 2021): attemptAutoJoin good candidate seen, bumped hard -> status=0 "GDWL"WPA_PSK rssi=(-40,-127) num=(7,0)
01-01 08:00:30.578 E/WifiAutoJoinController ( 2021): attemptAutoJoin trying id=2 "GDWL"WPA_PSK status=0 current candidate "Xiaomi_D52C"WPA_PSK
01-01 08:00:30.578 E/WifiAutoJoinController ( 2021): attemptAutoJoin will compare candidate  "Xiaomi_D52C"WPA_PSK with "GDWL"WPA_PSK
01-01 08:00:30.578 E/WifiAutoJoinController ( 2021):     compareWifiConfigurationsRSSI: "Xiaomi_D52C"WPA_PSK rssi=-24,-127 boost=0 "GDWL"WPA_PSK rssi=-40,-127 boost=0
01-01 08:00:30.578 E/WifiAutoJoinController ( 2021):         "Xiaomi_D52C"WPA_PSK is5=false score=-24 "GDWL"WPA_PSK is5=false score=-40
01-01 08:00:30.579 E/WifiAutoJoinController ( 2021):     compareWifiConfigurationsRSSI "Xiaomi_D52C"WPA_PSK rssi=(-24,-127) num=(1,0) > "GDWL"WPA_PSK rssi=(-40,-127) num=(7,0) -> -16
01-01 08:00:30.579 E/WifiAutoJoinController ( 2021): compareWifiConfigurations: "Xiaomi_D52C"WPA_PSK > "GDWL"WPA_PSK order -16
01-01 08:00:30.579 E/WifiAutoJoinController ( 2021): attemptAutoJoin networkSwitching candidate "Xiaomi_D52C"WPA_PSK linked=false : delta=1000 
01-01 08:00:30.579 E/WifiStateMachine( 2021): WifiStateMachine shouldSwitchNetwork  txSuccessRate=0.00 rxSuccessRate=0.00 delta 1000 -> 1000
01-01 08:00:30.579 E/WifiAutoJoinController ( 2021): AutoJoin auto connect with netId 3 to "Xiaomi_D52C"WPA_PSK
01-01 08:00:30.579 E/WifiAutoJoinController ( 2021): attemptRoam: "Xiaomi_D52C"WPA_PSK Found 78:11:dc:10:d5:2d rssi=-24 freq=2412
01-01 08:00:30.579 E/WifiAutoJoinController ( 2021): Done attemptAutoJoin status=3
01-01 08:00:30.580 E/WifiConfigStore( 2021):  rewrite network history for "GDWL"WPA_PSK
01-01 08:00:30.582 E/WifiStateMachine( 2021): CMD_AUTO_CONNECT sup state ScanState my state DisconnectedState nid=3 roam=3
01-01 08:00:30.582 D/WifiAdmin( 2500): [TN_main]dealWifiMsg action=android.net.wifi.SCAN_RESULTS,intent=Intent { act=android.net.wifi.SCAN_RESULTS flg=0x4000010 }
01-01 08:00:30.582 E/WifiConfigStore( 2021): saveWifiConfigBSSID Setting BSSID for "Xiaomi_D52C"WPA_PSK to any
01-01 08:00:30.583 D/WifiAdmin( 2701): [TN_main]dealWifiMsg action=android.net.wifi.SCAN_RESULTS,intent=Intent { act=android.net.wifi.SCAN_RESULTS flg=0x4000010 }
01-01 08:00:30.585 E/WifiStateMachine( 2021): CMD_AUTO_CONNECT will save config -> "Xiaomi_D52C" nid=3
01-01 08:00:30.640 E/WifiConfigStore( 2021): will read network variables netId=3
01-01 08:00:30.644 E/WifiStateMachine( 2021): CMD_AUTO_CONNECT did save config ->  nid=3
01-01 08:00:30.645 D/WifiAdmin( 2500): [TN_main]dealWifiMsg action=android.net.wifi.CONFIGURED_NETWORKS_CHANGE,intent=Intent { act=android.net.wifi.CONFIGURED_NETWORKS_CHANGE flg=0x4000010 (has extras) }
01-01 08:00:30.645 D/WifiAdmin( 2701): [TN_main]dealWifiMsg action=android.net.wifi.CONFIGURED_NETWORKS_CHANGE,intent=Intent { act=android.net.wifi.CONFIGURED_NETWORKS_CHANGE flg=0x4000010 (has extras) }
01-01 08:00:30.645 E/WifiConfigStore( 2021): will read network variables netId=3
01-01 08:00:30.649 I/wpa_supplicant( 2394): wlan0: Trying to associate with 78:11:dc:10:d5:2d (SSID='Xiaomi_D52C' freq=2412 MHz)
01-01 08:00:30.816 D/BackBootDealerNeimeng( 2368): standbyState:
01-01 08:00:30.817 E/NetUtils( 2021): Interface eth0 LinkDown!
01-01 08:00:30.865 D/BasicFigure( 2500): [TN_GLThread 73]isDrawFocused relyElement=[BaseElement@346a37d9]focusScale[1.15]elementAlpha[-1.0]refectAlpha[-1.0]isFocusAble[true]shadowIndex[-1]autoJumpType[-1]uniqueID[54resSize0]rect[NULL]
01-01 08:00:30.865 D/BasicFigure( 2500): [TN_GLThread 73]isDrawFocused basicFigure=com.suma.midware.view.b.c.c@3914159e
01-01 08:00:30.890 I/StateVariable( 2432): curr value  value : 11
01-01 08:00:30.890 D/StateVariable( 2432): notify service : urn:schemas-upnp-org:service:ContentDirectory:1
01-01 08:00:30.890 I/Service ( 2432): the old sub count 0
01-01 08:00:30.890 I/Service ( 2432): the new sub count is 0
01-01 08:00:31.314 D/HiRMService( 2396): mNetReceiver onReceive --android.net.wifi.STATE_CHANGE
01-01 08:00:31.314 D/WifiAdmin( 2701): [TN_main]dealWifiMsg action=android.net.wifi.STATE_CHANGE,intent=Intent { act=android.net.wifi.STATE_CHANGE flg=0x4000010 (has extras) }
01-01 08:00:31.314 D/WifiAdmin( 2500): [TN_main]dealWifiMsg action=android.net.wifi.STATE_CHANGE,intent=Intent { act=android.net.wifi.STATE_CHANGE flg=0x4000010 (has extras) }
01-01 08:00:31.315 D/WifiAdmin( 2500): [TN_main]dealWifiMsg action=android.net.wifi.supplicant.STATE_CHANGE,intent=Intent { act=android.net.wifi.supplicant.STATE_CHANGE flg=0x24000010 (has extras) }
01-01 08:00:31.315 D/WifiAdmin( 2701): [TN_main]dealWifiMsg action=android.net.wifi.supplicant.STATE_CHANGE,intent=Intent { act=android.net.wifi.supplicant.STATE_CHANGE flg=0x24000010 (has extras) }
01-01 08:00:31.317 D/BackBootDealerNeimeng( 2368): standbyState:
01-01 08:00:31.317 E/NetUtils( 2021): Interface eth0 LinkDown!
01-01 08:00:31.485 I/EthernetNetworkFactory( 2021): updateInterfaceState :the mIface is:eth0iface is wlan0 true
01-01 08:00:31.489 I/AOService( 1574): hdmi_observer  change@/devices/platform/regulatory.0
01-01 08:00:31.490 I/wpa_supplicant( 2394): wlan0: Associated with 78:11:dc:10:d5:2d
01-01 08:00:31.491 I/EthernetNetworkFactory( 2021): updateInterfaceState :the mIface is:eth0iface is wlan0 true
01-01 08:00:31.491 D/Tethering( 2021): sendTetherStateChangedBroadcast 1, 0, 0
01-01 08:00:31.492 I/EthernetNetworkFactory( 2021): updateInterfaceState :the mIface is:eth0iface is wlan0 true
01-01 08:00:31.492 I/EthernetNetworkFactory( 2021): updateInterfaceState :the mIface is:eth0iface is wlan0 true
01-01 08:00:31.495 D/WifiAdmin( 2500): [TN_main]dealWifiMsg action=android.net.wifi.STATE_CHANGE,intent=Intent { act=android.net.wifi.STATE_CHANGE flg=0x4000010 (has extras) }
01-01 08:00:31.496 D/HiRMService( 2396): mNetReceiver onReceive --android.net.wifi.STATE_CHANGE
01-01 08:00:31.496 D/WifiAdmin( 2701): [TN_main]dealWifiMsg action=android.net.wifi.STATE_CHANGE,intent=Intent { act=android.net.wifi.STATE_CHANGE flg=0x4000010 (has extras) }
01-01 08:00:31.503 D/WifiAdmin( 2500): [TN_main]dealWifiMsg action=android.net.wifi.supplicant.STATE_CHANGE,intent=Intent { act=android.net.wifi.supplicant.STATE_CHANGE flg=0x24000010 (has extras) }
01-01 08:00:31.503 D/WifiAdmin( 2701): [TN_main]dealWifiMsg action=android.net.wifi.supplicant.STATE_CHANGE,intent=Intent { act=android.net.wifi.supplicant.STATE_CHANGE flg=0x24000010 (has extras) }
01-01 08:00:31.724 D/HiRMService( 2396): mNetReceiver onReceive --android.net.wifi.STATE_CHANGE
01-01 08:00:31.724 D/WifiAdmin( 2701): [TN_main]dealWifiMsg action=android.net.wifi.STATE_CHANGE,intent=Intent { act=android.net.wifi.STATE_CHANGE flg=0x4000010 (has extras) }
01-01 08:00:31.724 D/WifiAdmin( 2500): [TN_main]dealWifiMsg action=android.net.wifi.STATE_CHANGE,intent=Intent { act=android.net.wifi.STATE_CHANGE flg=0x4000010 (has extras) }
01-01 08:00:31.725 D/WifiAdmin( 2500): [TN_main]dealWifiMsg action=android.net.wifi.supplicant.STATE_CHANGE,intent=Intent { act=android.net.wifi.supplicant.STATE_CHANGE flg=0x24000010 (has extras) }
01-01 08:00:31.726 D/WifiAdmin( 2701): [TN_main]dealWifiMsg action=android.net.wifi.supplicant.STATE_CHANGE,intent=Intent { act=android.net.wifi.supplicant.STATE_CHANGE flg=0x24000010 (has extras) }
01-01 08:00:31.753 I/wpa_supplicant( 2394): wlan0: WPA: Key negotiation completed with 78:11:dc:10:d5:2d [PTK=CCMP GTK=TKIP]
01-01 08:00:31.753 I/wpa_supplicant( 2394): wlan0: CTRL-EVENT-CONNECTED - Connection to 78:11:dc:10:d5:2d completed [id=3 id_str=]
01-01 08:00:31.755 I/EthernetNetworkFactory( 2021): updateInterfaceState :the mIface is:eth0iface is wlan0 true
01-01 08:00:31.758 D/WifiAdmin( 2500): [TN_main]dealWifiMsg action=android.net.wifi.STATE_CHANGE,intent=Intent { act=android.net.wifi.STATE_CHANGE flg=0x4000010 (has extras) }
01-01 08:00:31.759 D/HiRMService( 2396): mNetReceiver onReceive --android.net.wifi.STATE_CHANGE
01-01 08:00:31.759 D/WifiAdmin( 2701): [TN_main]dealWifiMsg action=android.net.wifi.STATE_CHANGE,intent=Intent { act=android.net.wifi.STATE_CHANGE flg=0x4000010 (has extras) }
01-01 08:00:31.761 D/WifiAdmin( 2500): [TN_main]dealWifiMsg action=android.net.wifi.STATE_CHANGE,intent=Intent { act=android.net.wifi.STATE_CHANGE flg=0x4000010 (has extras) }
01-01 08:00:31.761 D/HiRMService( 2396): mNetReceiver onReceive --android.net.wifi.STATE_CHANGE
01-01 08:00:31.761 D/WifiAdmin( 2701): [TN_main]dealWifiMsg action=android.net.wifi.STATE_CHANGE,intent=Intent { act=android.net.wifi.STATE_CHANGE flg=0x4000010 (has extras) }
01-01 08:00:31.772 D/ConnectivityService( 2021): registerNetworkAgent NetworkAgentInfo{ ni{[type: WIFI[], state: CONNECTING/CONNECTING, reason: (unspecified), extra: "Xiaomi_D52C", roaming: false, failover: false, isAvailable: true, isConnectedToProvisioningNetwork: false]}  network{null}  lp{{LinkAddresses: []  Routes: [] DnsAddresses: [] Domains: null MTU: 0 TcpBufferSizes: 524288,1048576,2097152,262144,524288,1048576}}  nc{[ Transports: WIFI Capabilities: INTERNET&NOT_RESTRICTED&TRUSTED&NOT_VPN LinkUpBandwidth>=1048576Kbps LinkDnBandwidth>=1048576Kbps]}  Score{20}  everValidated{false}  lastValidated{false}  created{false}  explicitlySelected{false} }
01-01 08:00:31.772 E/WifiConfigStore( 2021): saveWifiConfigBSSID Setting BSSID for "Xiaomi_D52C"WPA_PSK to any
01-01 08:00:31.773 D/ConnectivityService( 2021): NetworkAgentInfo [WIFI () - 100] EVENT_NETWORK_INFO_CHANGED, going from null to CONNECTING
01-01 08:00:31.777 E/WifiConfigStore( 2021): saveWifiConfigBSSID Setting BSSID for "Xiaomi_D52C"WPA_PSK to any
01-01 08:00:31.779 D/WifiAdmin( 2500): [TN_main]dealWifiMsg action=android.net.wifi.STATE_CHANGE,intent=Intent { act=android.net.wifi.STATE_CHANGE flg=0x4000010 (has extras) }
01-01 08:00:31.779 D/HiRMService( 2396): mNetReceiver onReceive --android.net.wifi.STATE_CHANGE
01-01 08:00:31.780 D/WifiAdmin( 2701): [TN_main]dealWifiMsg action=android.net.wifi.STATE_CHANGE,intent=Intent { act=android.net.wifi.STATE_CHANGE flg=0x4000010 (has extras) }
01-01 08:00:31.785 D/CommandListener( 1565): Setting iface cfg
01-01 08:00:31.789 E/WifiStateMachine( 2021): Start Dhcp Watchdog 1
01-01 08:00:31.792 D/WifiAdmin( 2500): [TN_main]dealWifiMsg action=android.net.wifi.supplicant.STATE_CHANGE,intent=Intent { act=android.net.wifi.supplicant.STATE_CHANGE flg=0x24000010 (has extras) }
01-01 08:00:31.792 D/WifiAdmin( 2701): [TN_main]dealWifiMsg action=android.net.wifi.supplicant.STATE_CHANGE,intent=Intent { act=android.net.wifi.supplicant.STATE_CHANGE flg=0x24000010 (has extras) }
01-01 08:00:31.798 D/WifiAdmin( 2500): [TN_main]dealWifiMsg action=android.net.wifi.RSSI_CHANGED,intent=Intent { act=android.net.wifi.RSSI_CHANGED flg=0x4000010 (has extras) }
01-01 08:00:31.798 D/WifiAdmin( 2701): [TN_main]dealWifiMsg action=android.net.wifi.RSSI_CHANGED,intent=Intent { act=android.net.wifi.RSSI_CHANGED flg=0x4000010 (has extras) }
01-01 08:00:31.800 D/ConnectivityService( 2021): updateNetworkScore for NetworkAgentInfo [WIFI () - 100] to 60
01-01 08:00:31.806 E/native  ( 2021): do suspend false
01-01 08:00:31.808 E/WifiStateMachine( 2021): Unexpected BatchedScanResults :OK
01-01 08:00:31.811 D/WifiAdmin( 2701): [TN_main]dealWifiMsg action=android.net.wifi.supplicant.STATE_CHANGE,intent=Intent { act=android.net.wifi.supplicant.STATE_CHANGE flg=0x24000010 (has extras) }
01-01 08:00:31.812 D/WifiAdmin( 2500): [TN_main]dealWifiMsg action=android.net.wifi.supplicant.STATE_CHANGE,intent=Intent { act=android.net.wifi.supplicant.STATE_CHANGE flg=0x24000010 (has extras) }
01-01 08:00:31.818 D/BackBootDealerNeimeng( 2368): standbyState:
01-01 08:00:31.819 E/NetUtils( 2021): Interface eth0 LinkDown!
01-01 08:00:31.897 D/BasicFigure( 2500): [TN_GLThread 73]isDrawFocused relyElement=[BaseElement@346a37d9]focusScale[1.15]elementAlpha[-1.0]refectAlpha[-1.0]isFocusAble[true]shadowIndex[-1]autoJumpType[-1]uniqueID[54resSize0]rect[NULL]
01-01 08:00:31.897 D/BasicFigure( 2500): [TN_GLThread 73]isDrawFocused basicFigure=com.suma.midware.view.b.c.c@3914159e
01-01 08:00:32.035 I/dhcpcd  ( 2758): version 5.5.6 starting
01-01 08:00:32.037 E/dhcpcd  ( 2758): get_duid: Read-only file system
01-01 08:00:32.110 I/dhcpcd  ( 2758): wlan0: rebinding lease of 192.168.31.115
01-01 08:00:32.147 I/dhcpcd  ( 2758): wlan0: acknowledged 192.168.31.115 from 192.168.31.1
01-01 08:00:32.152 I/dhcpcd  ( 2758): wlan0: leased 192.168.31.115 for 43200 seconds
01-01 08:00:32.319 D/BackBootDealerNeimeng( 2368): standbyState:
01-01 08:00:32.320 E/NetUtils( 2021): Interface eth0 LinkDown!
01-01 08:00:32.428 D/WifiAdmin( 2500): [TN_main]dealWifiMsg action=android.net.wifi.STATE_CHANGE,intent=Intent { act=android.net.wifi.STATE_CHANGE flg=0x4000010 (has extras) }
01-01 08:00:32.429 D/HiRMService( 2396): mNetReceiver onReceive --android.net.wifi.STATE_CHANGE
01-01 08:00:32.429 D/WifiAdmin( 2701): [TN_main]dealWifiMsg action=android.net.wifi.STATE_CHANGE,intent=Intent { act=android.net.wifi.STATE_CHANGE flg=0x4000010 (has extras) }
01-01 08:00:32.433 D/HiRMService( 2396): mNetReceiver onReceive --android.net.wifi.STATE_CHANGE
01-01 08:00:32.433 D/WifiAdmin( 2500): [TN_main]dealWifiMsg action=android.net.wifi.STATE_CHANGE,intent=Intent { act=android.net.wifi.STATE_CHANGE flg=0x4000010 (has extras) }
01-01 08:00:32.433 D/ConnectivityService( 2021): NetworkAgentInfo [WIFI () - 100] EVENT_NETWORK_INFO_CHANGED, going from CONNECTING to CONNECTED
01-01 08:00:32.433 D/WifiAdmin( 2701): [TN_main]dealWifiMsg action=android.net.wifi.STATE_CHANGE,intent=Intent { act=android.net.wifi.STATE_CHANGE flg=0x4000010 (has extras) }
01-01 08:00:32.435 D/ConnectivityService( 2021): Adding iface wlan0 to network 100
01-01 08:00:32.439 D/WifiAdmin( 2500): [TN_main]dealWifiMsg action=android.net.wifi.STATE_CHANGE,intent=Intent { act=android.net.wifi.STATE_CHANGE flg=0x4000010 (has extras) }
01-01 08:00:32.440 D/HiRMService( 2396): mNetReceiver onReceive --android.net.wifi.STATE_CHANGE
01-01 08:00:32.441 D/WifiAdmin( 2701): [TN_main]dealWifiMsg action=android.net.wifi.STATE_CHANGE,intent=Intent { act=android.net.wifi.STATE_CHANGE flg=0x4000010 (has extras) }
01-01 08:00:32.443 E/WifiStateMachine( 2021): Did not find remoteAddress {192.168.31.1} in /proc/net/arp
01-01 08:00:32.444 D/WifiAdmin( 2500): [TN_main]dealWifiMsg action=android.net.wifi.STATE_CHANGE,intent=Intent { act=android.net.wifi.STATE_CHANGE flg=0x4000010 (has extras) }
01-01 08:00:32.445 D/HiRMService( 2396): mNetReceiver onReceive --android.net.wifi.STATE_CHANGE
01-01 08:00:32.446 D/WifiAdmin( 2701): [TN_main]dealWifiMsg action=android.net.wifi.STATE_CHANGE,intent=Intent { act=android.net.wifi.STATE_CHANGE flg=0x4000010 (has extras) }
01-01 08:00:32.453 D/WifiAdmin( 2500): [TN_main]dealWifiMsg action=android.net.wifi.CONFIGURED_NETWORKS_CHANGE,intent=Intent { act=android.net.wifi.CONFIGURED_NETWORKS_CHANGE flg=0x4000010 (has extras) }
01-01 08:00:32.453 D/WifiAdmin( 2701): [TN_main]dealWifiMsg action=android.net.wifi.CONFIGURED_NETWORKS_CHANGE,intent=Intent { act=android.net.wifi.CONFIGURED_NETWORKS_CHANGE flg=0x4000010 (has extras) }
01-01 08:00:32.486 E/ConnectivityService( 2021): Unexpected mtu value: 0, wlan0
01-01 08:00:32.487 D/ConnectivityService( 2021): Adding Route [fe80::/64 -> :: wlan0] to network 100
01-01 08:00:32.489 D/ConnectivityService( 2021): Adding Route [192.168.31.0/24 -> 0.0.0.0 wlan0] to network 100
01-01 08:00:32.490 D/ConnectivityService( 2021): Adding Route [0.0.0.0/0 -> 192.168.31.1 wlan0] to network 100
01-01 08:00:32.492 D/ConnectivityService( 2021): Setting Dns servers for network 100 to [/192.168.31.1]
01-01 08:00:32.504 D/ConnectivityService( 2021): notifyType IP_CHANGED for NetworkAgentInfo [WIFI () - 100]
01-01 08:00:32.510 D/ConnectivityService( 2021): notifyType PRECHECK for NetworkAgentInfo [WIFI () - 100]
01-01 08:00:32.511 D/NetworkMonitor/NetworkAgentInfo [WIFI () - 100]( 2021): DefaultState{ when=-1ms what=532481 target=com.android.internal.util.StateMachine$SmHandler }
01-01 08:00:32.511 D/NetworkMonitor/NetworkAgentInfo [WIFI () - 100]( 2021): Connected
01-01 08:00:32.512 D/NetworkMonitor/NetworkAgentInfo [WIFI () - 100]( 2021): EvaluatingState{ when=0 what=532486 arg1=1 target=com.android.internal.util.StateMachine$SmHandler }
01-01 08:00:32.512 D/ConnectivityService( 2021): rematching NetworkAgentInfo [WIFI () - 100]
01-01 08:00:32.512 D/ConnectivityService( 2021):    accepting network in place of null
01-01 08:00:32.512 D/NetworkMonitor/NetworkAgentInfo [WIFI () - 100]( 2021): Validated
01-01 08:00:32.513 D/ConnectivityService( 2021): Switching to new default network: NetworkAgentInfo{ ni{[type: WIFI[], state: CONNECTED/CONNECTED, reason: (unspecified), extra: "Xiaomi_D52C", roaming: false, failover: false, isAvailable: true, isConnectedToProvisioningNetwork: false]}  network{100}  lp{{InterfaceName: wlan0 LinkAddresses: [192.168.31.115/24,]  Routes: [fe80::/64 -> :: wlan0,192.168.31.0/24 -> 0.0.0.0 wlan0,0.0.0.0/0 -> 192.168.31.1 wlan0,] DnsAddresses: [192.168.31.1,] Domains:  MTU: 0 TcpBufferSizes: 524288,1048576,2097152,262144,524288,1048576}}  nc{[ Transports: WIFI Capabilities: INTERNET&NOT_RESTRICTED&TRUSTED&NOT_VPN LinkUpBandwidth>=1048576Kbps LinkDnBandwidth>=1048576Kbps]}  Score{20}  everValidated{false}  lastValidated{false}  created{true}  explicitlySelected{false} }
01-01 08:00:32.516 D/ConnectivityService( 2021): Setting tx/rx TCP buffers to 524288,1048576,2097152,262144,524288,1048576
01-01 08:00:32.521 D/ConnectivityService( 2021): notifyType AVAILABLE for NetworkAgentInfo [WIFI () - 100]
01-01 08:00:32.522 D/ConnectivityManager.CallbackHandler( 2164): CM callback handler got msg 524290
01-01 08:00:32.522 D/CSLegacyTypeTracker( 2021): Sending connected broadcast for type 1 NetworkAgentInfo [WIFI () - 100] isDefaultNetwork=true
01-01 08:00:32.522 D/ConnectivityService( 2021): sendStickyBroadcast: action=android.net.conn.CONNECTIVITY_CHANGE_IMMEDIATE
01-01 08:00:32.523 D/ConnectivityService( 2021): sendStickyBroadcast: action=android.net.conn.CONNECTIVITY_CHANGE
01-01 08:00:32.525 D/ConnectivityService( 2021): setProvNotificationVisibleIntent: E visible=false networkType=0 extraInfo=null
01-01 08:00:32.526 D/ConnectivityService( 2021): Validated NetworkAgentInfo [WIFI () - 100]
01-01 08:00:32.526 D/ConnectivityService( 2021): rematching NetworkAgentInfo [WIFI () - 100]
01-01 08:00:32.526 D/ConnectivityService( 2021): Network NetworkAgentInfo [WIFI () - 100] was already satisfying request 1. No change.
01-01 08:00:32.526 D/NetUpdate( 2500): [TN_main]onReceive intent=Intent { act=android.net.conn.CONNECTIVITY_CHANGE flg=0x4000010 (has extras) }
01-01 08:00:32.526 D/ConnectivityService( 2021): notifyType AVAILABLE for NetworkAgentInfo [WIFI () - 100]
01-01 08:00:32.526 D/Tethering( 2021): MasterInitialState.processMessage what=3
01-01 08:00:32.526 D/ServiceBoot( 2368): [TN_main]ethChangeReceiver context=com.suma.midware.back.BackService@22d5d4b5,intent=Intent { act=android.net.conn.CONNECTIVITY_CHANGE flg=0x4000010 (has extras) }
01-01 08:00:32.527 E/NetUtils( 2021): Interface eth0 LinkDown!
01-01 08:00:32.527 D/BaseLoader( 2368): [TN_main]notifyNetStateChange intent=Intent { act=android.net.conn.CONNECTIVITY_CHANGE flg=0x4000010 (has extras) }
