01-01 08:00:34.935 D/PlayNgbDealer( 2368): [TN_Binder_2]setPlayerWindow index=0,playerNum=1,rect=Rect(0, 0 - 1280, 720),info=[PlayerInfo@15d46972]index[0]id[0]userPID[2794]playerState[2]isVideoPlay[false]isAudioPlay[false]isGetting[false]bChannel[[DirectChannel@32501b]channelID[0]oNetID[1]tsID[31]serviceID[3102]freq[371000]name[CCTV-1高清]serviceType[8]attr[16384]serialNum[1]serialNum4[1]pcrPID[49]refServiceID[-1]]retrieverTime[-1]playTime[-1]dataInfo[[DataInfo@2d8dea40]playUrl[null]rect[Rect(0, 0 - 1280, 720)]channel[null]]
01-01 08:00:34.935 D/Media   ( 2368): ^^^^player setBounds.
01-01 08:00:34.935 V/SUMA    ( 1581): [NGBM] ngb_media_player_set_video_window enter !!! hplayer=0xff0000
01-01 08:00:34.935 V/SUMA    ( 1581): [VPLAYER 0xabcd0000] vplayer_ioctl() enter! hvplayer=0xb3082100 VPLAYER_IOCTL_SET_WINDOW
01-01 08:00:34.935 V/SUMA    ( 1581): [VPLAYER 0xabcd0000] vplayer_ioctl() leave! hvplayer=0xb3082100 VPLAYER_IOCTL_SET_WINDOW rect=[0 0 1280 720]
01-01 08:00:34.935 V/SUMA    ( 1581): [NGBM] context_vplayer_ioctl leave. ret=0
01-01 08:00:34.935 V/SUMA    ( 1581): [NGBM] ngb_media_player_set_video_window leave hplayer=0xff0000 ret=0
01-01 08:00:34.936 D/ViewUtil( 2794): dealBgCarouselAd,advType:false:needDisplay:false:adv:null
01-01 08:00:34.936 D/ViewUtil( 2794): backExcute currentMediaIndex0:length:0:playMode:-1
01-01 08:00:34.936 D/DataBase( 2368): [TN_Binder_1]getCurChannel index=0,lastChannelNum=2,database=com.suma.midware.back.database.neimeng.DirectDataBaseNeimeng@20ebee0a
01-01 08:00:34.936 D/DataBase( 2368): [TN_Binder_1]getCurChannel index=0,curChannel=[DirectChannel@32501b]channelID[0]oNetID[1]tsID[31]serviceID[3102]freq[371000]name[CCTV-1高清]serviceType[8]attr[16384]serialNum[1]serialNum4[1]pcrPID[49]refServiceID[-1]
01-01 08:00:34.936 D/PlayActivity( 2794): getSoundVolume,:volume:5
01-01 08:00:34.936 D/PlayActivity( 2794): onResume action:com.suma.midware.action.channel.play:curChannel:[DirectChannel@32501b]channelID[0]oNetID[1]tsID[31]serviceID[3102]freq[371000]name[CCTV-1高清]serviceType[8]attr[16384]serialNum[1]serialNum4[1]pcrPID[49]refServiceID[-1]
01-01 08:00:34.937 D/DataBase( 2368): [TN_Binder_3]getCurChannel index=0,lastChannelNum=2,database=com.suma.midware.back.database.neimeng.DirectDataBaseNeimeng@20ebee0a
01-01 08:00:34.937 D/DataBase( 2368): [TN_Binder_3]getCurChannel index=0,curChannel=[DirectChannel@32501b]channelID[0]oNetID[1]tsID[31]serviceID[3102]freq[371000]name[CCTV-1高清]serviceType[8]attr[16384]serialNum[1]serialNum4[1]pcrPID[49]refServiceID[-1]
01-01 08:00:34.937 D/PlayNgbDealer( 2368): [TN_Binder_2]findPlayer index=0,findType=0,channelIndex=0
01-01 08:00:34.937 D/PlayNgbDealer( 2368): [TN_Binder_1]findPlayer index=0,findType=0,channelIndex=0
01-01 08:00:34.937 D/Session ( 2681): onCreate before systemInit
01-01 08:00:34.938 D/PlayNgbDealer( 2368): [TN_Binder_3]findPlayer index=0,findType=0,channelIndex=0
01-01 08:00:34.938 D/PlayActivity( 2794): curChannel:[DirectChannel@32501b]channelID[0]oNetID[1]tsID[31]serviceID[3102]freq[371000]name[CCTV-1高清]serviceType[8]attr[16384]serialNum[1]serialNum4[1]pcrPID[49]refServiceID[-1]
01-01 08:00:34.938 D/PlayActivity( 2794): playChanel:null
01-01 08:00:34.938 D/PlayActivity( 2794): tempChannel:[DirectChannel@32501b]channelID[0]oNetID[1]tsID[31]serviceID[3102]freq[371000]name[CCTV-1高清]serviceType[8]attr[16384]serialNum[1]serialNum4[1]pcrPID[49]refServiceID[-1]
01-01 08:00:34.938 D/PlayActivity( 2794): replay:true:setLocation:false:curChannel:[DirectChannel@32501b]channelID[0]oNetID[1]tsID[31]serviceID[3102]freq[371000]name[CCTV-1高清]serviceType[8]attr[16384]serialNum[1]serialNum4[1]pcrPID[49]refServiceID[-1]:groupId:-1:groupIndex:-1
01-01 08:00:34.938 D/PlayActivity( 2794): dealViewAnimation and view is :android.support.v7.widget.AppCompatTextView{882ee5 I.ED.... ......ID 0,0-0,0 #7f0b01f1 app:id/playcontrol_preview_note}, oldState is :4, destiState is :4, isNeedAct is :true, type is :0
01-01 08:00:34.939 D/PlayActivity( 2794): the notes is::visible is:1:the dialog visible is:4
01-01 08:00:34.939 D/PlayActivity( 2794): start to deal the fingermark:
01-01 08:00:34.939 D/PlayActivity( 2794): dealViewAnimation and view is :android.support.v7.widget.AppCompatTextView{1788a24f I.ED.... ......ID 0,0-0,0 #7f0b01f6 app:id/playcontrol_finger_text}, oldState is :4, destiState is :4, isNeedAct is :false, type is :0
01-01 08:00:34.939 D/PlayActivity( 2794): switchChannel,1111111111111111111 curChannel[DirectChannel@32501b]channelID[0]oNetID[1]tsID[31]serviceID[3102]freq[371000]name[CCTV-1高清]serviceType[8]attr[16384]serialNum[1]serialNum4[1]pcrPID[49]refServiceID[-1]
01-01 08:00:34.939 D/PlayActivity( 2794): requestFlywordDisplay
01-01 08:00:34.939 D/PlayActivity( 2794): requestAdv adv advType :11:channel:null
01-01 08:00:34.940 D/PropManager( 2794): [TN_main]getBaseManager className=EsgManager,pkgName=com.suma.midware.dvb
01-01 08:00:34.943 D/EsgNeiMengDealer( 2368): findRightAdv,curAreaId:0:curAcId:0
01-01 08:00:34.943 D/EsgNeiMengDealer( 2368): [TN_Binder_3]findRightAdv areaCode=0
01-01 08:00:34.943 D/EsgNeiMengDealer( 2368): [TN_Binder_3]findRightAdv groupIndex=0
01-01 08:00:34.943 D/EsgNeiMengDealer( 2368): [TN_Binder_3]findRightAdv adType=11,locator=[EsgLocator@32501b]oNetID[1]tsID[31]serviceID[3102]freq[371000],size=3
01-01 08:00:34.944 D/EsgNeiMengDealer( 2368): [TN_Binder_3]findRightAdv curTime=1420070434943,hasLocalGroup=false,formatTime=20150101 080034
01-01 08:00:34.944 D/PlayActivity( 2794): getAdvs end,advType:11:advs:[]
01-01 08:00:34.945 D/PlayActivity( 2794): getSoundVolume,:volume:5
01-01 08:00:34.945 D/PlayTask( 2794): [TN_main]isLegal playerType=-1,view=null
01-01 08:00:34.946 D/PlayerManager( 2794): [TN_main]addPlayTask playTask=[PlayDirectTask@21bc66f8]playTaskType[0]playType[0]playerType[-1]isEcmSet[true]playerIndex[0]tunerIndex[0]channel[[DirectChannel@32501b]channelID[0]oNetID[1]tsID[31]serviceID[3102]freq[371000]name[CCTV-1高清]serviceType[8]attr[16384]serialNum[1]serialNum4[1]pcrPID[49]refServiceID[-1]],state=0
01-01 08:00:34.947 D/PlayNgbDealer( 2368): [TN_Binder_3]startPlayAsyTask index=0,channel=[DirectChannel@32501b]channelID[0]oNetID[1]tsID[31]serviceID[3102]freq[371000]name[CCTV-1高清]serviceType[8]attr[16384]serialNum[1]serialNum4[1]pcrPID[49]refServiceID[-1]
01-01 08:00:34.947 D/PlayNgbDealer( 2368): [TN_Binder_3]findPlayer index=0,findType=2,channelIndex=0
01-01 08:00:34.947 D/PlayNgbDealer( 2368): [TN_Binder_3]findPlayer index=0,findType=0,channelIndex=0
01-01 08:00:34.947 D/PlayNgbDealer( 2368): [TN_Binder_3]canelPlayAsyTask index=0,playerInfo=[PlayerInfo@15d46972]index[0]id[0]userPID[2794]playerState[2]isVideoPlay[false]isAudioPlay[false]isGetting[false]bChannel[[DirectChannel@32501b]channelID[0]oNetID[1]tsID[31]serviceID[3102]freq[371000]name[CCTV-1高清]serviceType[8]attr[16384]serialNum[1]serialNum4[1]pcrPID[49]refServiceID[-1]]retrieverTime[-1]playTime[-1]dataInfo[[DataInfo@2d8dea40]playUrl[null]rect[Rect(0, 0 - 1280, 720)]channel[null]],siRequest=null
01-01 08:00:34.948 D/PlayExcuter( 2794): [TN_main]notifyPlay type=0,curType=-2,cancelType=-1,cancelVideoType=-1,isResetData=false,task=[PlayDirectTask@21bc66f8]playTaskType[0]playType[0]playerType[-1]isEcmSet[true]playerIndex[0]tunerIndex[0]channel[[DirectChannel@32501b]channelID[0]oNetID[1]tsID[31]serviceID[3102]freq[371000]name[CCTV-1高清]serviceType[8]attr[16384]serialNum[1]serialNum4[1]pcrPID[49]refServiceID[-1]],this.task=null,indexs=null
01-01 08:00:34.948 D/PlayExcuter( 2794): [TN_main]mergeTask sourceTask=null,destiTask=[PlayDirectTask@21bc66f8]playTaskType[0]playType[0]playerType[-1]isEcmSet[true]playerIndex[0]tunerIndex[0]channel[[DirectChannel@32501b]channelID[0]oNetID[1]tsID[31]serviceID[3102]freq[371000]name[CCTV-1高清]serviceType[8]attr[16384]serialNum[1]serialNum4[1]pcrPID[49]refServiceID[-1]]
01-01 08:00:34.949 D/PlayExcuter( 2794): [TN_ThreadUtil-2]excuteTask task=[PlayDirectTask@21bc66f8]playTaskType[0]playType[0]playerType[-1]isEcmSet[true]playerIndex[0]tunerIndex[0]channel[[DirectChannel@32501b]channelID[0]oNetID[1]tsID[31]serviceID[3102]freq[371000]name[CCTV-1高清]serviceType[8]attr[16384]serialNum[1]serialNum4[1]pcrPID[49]refServiceID[-1]]
01-01 08:00:34.949 D/PlayExcuter( 2794): [TN_ThreadUtil-2]excuteTask curExcuter=com.suma.midware.prop.play.PlayDirectExcuter@206797d1
01-01 08:00:34.949 D/PlayNgbDealer( 2368): [TN_pool-1-thread-3]postEvent index=0,event=org.ngb.broadcast.dvb.si.SISuccessRetrieveEvent[source=class org.ngb.broadcast.dvb.si.SIRetrieveEvent]
01-01 08:00:34.949 D/PlayDirectExcuter( 2794): [TN_ThreadUtil-2]play task=[PlayDirectTask@21bc66f8]playTaskType[0]playType[0]playerType[-1]isEcmSet[true]playerIndex[0]tunerIndex[0]channel[[DirectChannel@32501b]channelID[0]oNetID[1]tsID[31]serviceID[3102]freq[371000]name[CCTV-1高清]serviceType[8]attr[16384]serialNum[1]serialNum4[1]pcrPID[49]refServiceID[-1]],curType=-1
01-01 08:00:34.949 V/SUMA    ( 2368): [cas-c][CA_Manager_GetSystemId 867]leave !!!
01-01 08:00:34.949 D/CAManagerNative( 2368): CAManagerNative_getCaSysID result is 0,caSysID is 0
01-01 08:00:34.949 D/CaNgbDealer( 2368): [TN_pool-1-thread-3]getCaSysID value=0
01-01 08:00:34.949 D/PlayNgbDealer( 2368): [TN_Binder_2]setPlayerChannel index=0,channelIndex=0
01-01 08:00:34.950 D/PlayNgbDealer( 2368): [TN_pool-1-thread-3]postEvent index=0,type=2,info=[StreamInfo@2550b60f]pid[50]streamType[51]compTag[256]language[null]isEncrypted[true]ecmPID[3122]ecmSysID[0],stream=SIElementaryStream [esPID=50, componentTag=256, realstreamType=27, locator=dvb://1.1f.c1e.100]
01-01 08:00:34.952 D/EpgBackExcuter( 2794): [TN_main]addPFTask task=com.suma.midware.prop.epg.a.c@19038236
01-01 08:00:34.953 D/PropManager( 2794): [TN_main]getBaseManager className=EpgManager,pkgName=com.suma.midware.dvb
01-01 08:00:34.953 D/AMS-lifeCycle( 2681): -------------------systemInit!
01-01 08:00:34.953 D/Session ( 2681): onCreate new ParameterData
01-01 08:00:34.954 D/Session ( 2681): onCreate after setEventFile
01-01 08:00:34.954 D/RPCMethodMng( 2681): Register Encoder Fault
01-01 08:00:34.954 D/RPCMethodMng( 2681): Register Encoder SetParamValuesFault
01-01 08:00:34.955 D/RPCMethodMng( 2681): Register Decoder Fault
01-01 08:00:34.955 D/RPCMethodMng( 2681): Register EventBehavior 0 BOOTSTRAP
01-01 08:00:34.955 D/RPCMethodMng( 2681): Register EventBehavior 1 BOOT
01-01 08:00:34.955 D/RPCMethodMng( 2681): Register EventBehavior 2 PERIODIC
01-01 08:00:34.955 D/RPCMethodMng( 2681): Register EventBehavior 3 SCHEDULED
01-01 08:00:34.955 D/RPCMethodMng( 2681): Register EventBehavior 4 VALUE CHANGE
01-01 08:00:34.955 D/RPCMethodMng( 2681): Register EventBehavior 5 KICKED
01-01 08:00:34.955 D/RPCMethodMng( 2681): Register EventBehavior 6 CONNECTION REQUEST
01-01 08:00:34.955 D/RPCMethodMng( 2681): Register EventBehavior 7 TRANSFER COMPLETE
01-01 08:00:34.955 D/RPCMethodMng( 2681): Register EventBehavior 8 DIAGNOSTICS COMPLETE
01-01 08:00:34.955 D/RPCMethodMng( 2681): Register EventBehavior 9 REQUEST DOWNLOAD
01-01 08:00:34.955 D/EpgHandler( 2368): [TN_Binder_3]addEpgListener binder=android.os.BinderProxy@1970469c
01-01 08:00:34.955 D/RPCMethodMng( 2681): Register EventBehavior M Reboot
01-01 08:00:34.955 D/RPCMethodMng( 2681): Register EventBehavior M ScheduleInform
01-01 08:00:34.955 D/RPCMethodMng( 2681): Register EventBehavior M Download
01-01 08:00:34.955 D/RPCMethodMng( 2681): Register EventBehavior M Upload
01-01 08:00:34.955 D/RPCMethodMng( 2681): Register EventBehavior M ShutDown
01-01 08:00:34.956 D/FileIOUtil( 2681): forceCreateFile filePath=/dvbdata/mainapp/,isDir=true
01-01 08:00:34.956 D/FileIOUtil( 2681): forceCreateFile file=/dvbdata/mainapp,isDir=true
01-01 08:00:34.956 D/Scheduler( 2681): rootpath: /dvbdata/mainapp/tr069/
01-01 08:00:34.956 D/PlayActivity( 2794): switchChannel,22222222222222222
01-01 08:00:34.956 D/ViewUtil( 2794): dealBgCarouselAd,advType:false:needDisplay:false:adv:null
01-01 08:00:34.957 D/ViewUtil( 2794): backExcute currentMediaIndex0:length:0:playMode:-1
01-01 08:00:34.957 D/PropManager( 2794): [TN_main]getBaseManager className=FrontPanelManager,pkgName=com.suma.midware.dvb
01-01 08:00:34.958 I/System.out( 2368): [DEBUG EPGManager] Get instance of epg manager
01-01 08:00:34.958 D/WifiService( 2021): New client listening to asynchronous messages
01-01 08:00:34.959 D/SIPFileUtil( 2681): SIPFileUtil start new handler
01-01 08:00:34.959 D/SIPFileUtil( 2681): parseSipXMLFile  start parseSipXMLFile
01-01 08:00:34.959 D/SIPFileUtil( 2681): parseSipXMLFile sipXMLFile not exist
01-01 08:00:34.960 D/FrontEndType( 2681): init ACSURL config line = SUMAVISION::http://tvos-tms.96066.com
01-01 08:00:34.960 D/FrontEndType( 2681): init ACSURL config comp = SUMAVISION
01-01 08:00:34.960 D/FrontEndType( 2681): init ACSURL config url = http://tvos-tms.96066.com
01-01 08:00:34.960 D/FrontEndType( 2681): init ACSURL config CurType = 0
01-01 08:00:34.960 V/SUMA    ( 1581): [resman-s][onTransact 216]code[0x12000105] client pid = 2368
01-01 08:00:34.960 V/SUMA    ( 1581): [resman-s][onTransact 1574]leave transact client pid = 2368
01-01 08:00:34.960 V/SUMA    ( 2368): [resman-c][Roc_Tuner_GetNumber 933]leave !!!
01-01 08:00:34.960 D/EPGmanager( 2368): [EPGManagerNative-JNI]		Get number of tuner :1
01-01 08:00:34.961 D/GwClientType( 2681): setClientType CM_GW
01-01 08:00:34.961 D/InformSetting( 2681): start InformSetting init
01-01 08:00:34.961 D/InformSetting( 2681): readJsonFile start
01-01 08:00:34.962 D/PlayNgbDealer( 2368): [TN_pool-1-thread-3]postEvent index=0,type=1,info=[StreamInfo@2f9c8a5]pid[51]streamType[8]compTag[512]language[null]isEncrypted[true]ecmPID[3122]ecmSysID[0],stream=SIElementaryStream [esPID=51, componentTag=512, realstreamType=3, locator=dvb://1.1f.c1e.200]
01-01 08:00:34.962 D/PlayNgbDealer( 2368): [TN_Binder_2]findPlayer index=0,findType=0,channelIndex=0
01-01 08:00:34.963 D/InformSetting( 2681): readJsonFile end and jsonContext: {"Device.X_IHB_STB.InformSetting.EvtErrorInformFlag":"X_IHB_STB","Device.X_IHB_STB.InformSetting.FaultAndEventInformFlag":false,"Device.X_IHB_STB.InformSetting.FaultAndEventTime":0,"Device.X_IHB_STB.InformSetting.FaultAndEventNum":0}
01-01 08:00:34.964 D/InformSetting( 2681): init EvtErrorInformFlag: X_IHB_STB
01-01 08:00:34.964 D/InformSetting( 2681): init FaultAndEventInformFlag: false
01-01 08:00:34.964 D/InformSetting( 2681): init FaultAndEventTime: 0
01-01 08:00:34.964 D/InformSetting( 2681): init FaultAndEventNum: 0
01-01 08:00:34.965 D/PlayExcuter( 2794): [TN_ThreadUtil-2]dealPlayStop task=[PlayDirectTask@21bc66f8]playTaskType[0]playType[0]playerType[-1]isEcmSet[true]playerIndex[0]tunerIndex[0]channel[[DirectChannel@32501b]channelID[0]oNetID[1]tsID[31]serviceID[3102]freq[371000]name[CCTV-1高清]serviceType[8]attr[16384]serialNum[1]serialNum4[1]pcrPID[49]refServiceID[-1]],curType=-1,playerIndex=0,playDealer=com.suma.midware.prop.play.b@23ef1537
01-01 08:00:34.965 D/PlayNgbDealer( 2368): [TN_Binder_1]findPlayer index=0,findType=0,channelIndex=0
01-01 08:00:34.965 D/EpgPFDirectReceiver( 2368): [TN_Binder_3]start channel=[DirectChannel@32501b]channelID[0]oNetID[1]tsID[31]serviceID[3102]freq[371000]name[CCTV-1高清]serviceType[8]attr[16384]serialNum[1]serialNum4[1]pcrPID[49]refServiceID[-1],overTime=0,defaultOverTime=6000
01-01 08:00:34.965 D/PlayExcuter( 2794): [TN_ThreadUtil-2]dealSurface task=[PlayDirectTask@21bc66f8]playTaskType[0]playType[0]playerType[-1]isEcmSet[true]playerIndex[0]tunerIndex[0]channel[[DirectChannel@32501b]channelID[0]oNetID[1]tsID[31]serviceID[3102]freq[371000]name[CCTV-1高清]serviceType[8]attr[16384]serialNum[1]serialNum4[1]pcrPID[49]refServiceID[-1]],curType=-1,playDealer=com.suma.midware.prop.play.b@23ef1537,view=null
01-01 08:00:34.965 D/PlayNgbDealer( 2368): [TN_Binder_2]playStop index=0,stopType=0,stopMode=1,isEcmSet=false,isCaRelease=false,isStreamReset=true
01-01 08:00:34.965 D/PlayNgbDealer( 2368): [TN_Binder_2]findPlayer index=0,findType=0,channelIndex=0
01-01 08:00:34.965 D/Media   ( 2368): ^^^^player setStopMode.
01-01 08:00:34.966 V/SUMA    ( 1581): [NGBM] ngb_media_player_set_video_stop_mode enter !!! hplayer=0xff0000
01-01 08:00:34.966 V/SUMA    ( 1581): [NGBM] context_vplayer_ioctl leave. ret=0
01-01 08:00:34.966 V/SUMA    ( 1581): [NGBM] ngb_media_player_set_video_stop_mode leave hplayer=0xff0000 ret=0 mode=1
01-01 08:00:34.966 I/System.out( 2368): [ERROR MediaSelectControlImpl] empty param stopping!
01-01 08:00:34.966 D/Media   ( 2368): ^^^^player stop.
01-01 08:00:34.966 V/SUMA    ( 1581): [NGBM] ngb_media_player_stop enter !!! hplayer=0xff0000
01-01 08:00:34.966 I/System.out( 2368): [DEBUG NGB_FRONT_PANEL] Invoke the method clear to clear the content on the front panel
01-01 08:00:34.966 V/SUMA    ( 1581): [VPLAYER 0xabcd0000] vplayer_stop() reentry! hvplayer=0xb3082100 vplayer->dec_status(0)=VPLAYER_DEC_STATUS_INIT 
01-01 08:00:34.966 V/SUMA    ( 1581): [NGBM] ngb_media_player_stop leave hplayer=0x00ff0000 ret=0
01-01 08:00:34.966 D/PropManager( 2794): [TN_ThreadUtil-2]getBaseManager className=TunerManager,pkgName=com.suma.midware.dvb
01-01 08:00:34.967 I/System.out( 2368): [DEBUG EPGManager] [EPGManager]-PF-retrieve service with 1st method !
01-01 08:00:34.968 D/TunerNgbDealer( 2368): [TN_Binder_2]scanFreqImpl 0 channel=[DirectChannel@32501b]channelID[0]oNetID[1]tsID[31]serviceID[3102]freq[371000]name[CCTV-1高清]serviceType[8]attr[16384]serialNum[1]serialNum4[1]pcrPID[49]refServiceID[-1],isAsy=true
01-01 08:00:34.968 D/Scheduler( 2681): registerRPCMsg begin rpcmethodmng
01-01 08:00:34.968 D/TunerNgbDealer( 2368): [TN_Binder_2]reserveTuner 0 tunerDes=[TunerDes@22bd351c]isLock[false]isReserve[true]nHandle[0]moduleName[null]ni[org.davic.net.tuning.NetworkInterface@20665525]nic[org.ngb.broadcast.dvb.tuning.DvbNetworkInterfaceController@3921b6fa]ds[[CableDeliverySystem@1544d8dd]freq[371000]fecOuter[0]modulation[3]symbolRate[6875]fecInner[0]]
01-01 08:00:34.968 D/RPCMethodMng( 2681): Register Encoder InformEncoder
01-01 08:00:34.968 D/RPCMethodMng( 2681): Register Decoder InformResponseDecoder
01-01 08:00:34.968 D/RPCMethodMng( 2681): Register RPCMethod Inform
01-01 08:00:34.968 D/tuning  ( 2368): ^^^^ts.type=0x44
01-01 08:00:34.968 D/tuning  ( 2368): ^^^^call tuner with type=0x44, freq=371000, symbolRate=6875, modulation=3,pos = 0
01-01 08:00:34.968 D/RPCMethodMng( 2681): Register Encoder RebootResponseEncoder
01-01 08:00:34.968 D/tuning  ( 2368): ^^^^Calling tune with freq=371000, symbol=6875, modulation=3
01-01 08:00:34.968 V/SUMA    ( 2368): [vtuner-c][vtuner_scanning 219]enter! 
01-01 08:00:34.968 V/SUMA    ( 1581): [vtuner-s][onTransact]enter!!! TRANS_CODE_VTUNER_SCAN
01-01 08:00:34.968 V/SUMA    ( 1581): [VTUNER] vtuner_scanning() enter !!! freq=[371000 6875 3] type=0 index=0
01-01 08:00:34.968 V/SUMA    ( 1581): >> Roc_Tuner_CableScanning beginning : time = 38257 ms 
01-01 08:00:34.968 V/SUMA    ( 1581): [VTUNER] resman_tuner_lock() leave !!! tuner id=0 ret=0
01-01 08:00:34.969 V/SUMA    ( 1581): [VTUNER] vtuner_scanning() leave!!! tuner_index=0 ret=0
01-01 08:00:34.969 V/SUMA    ( 1581): [vtuner-s][onTransact]leave!!! TRANS_CODE_VTUNER_SCAN tuner_index=0x0 ret=0
01-01 08:00:34.969 D/RPCMethodMng( 2681): Register Decoder RebootDecoder
01-01 08:00:34.969 V/SUMA    ( 2368): [vtuner-c][vtuner_scanning 234]leave! tuner_index=0 ret=0 
01-01 08:00:34.969 D/tuning  ( 2368): cable. result=0
01-01 08:00:34.969 D/RPCMethodMng( 2681): Register RPCMethod Reboot
01-01 08:00:34.969 D/RPCMethodMng( 2681): Register Encoder FactoryResetResponseEncoder
01-01 08:00:34.969 D/RPCMethodMng( 2681): Register Decoder FactoryResetDecoder
01-01 08:00:34.969 D/RPCMethodMng( 2681): Register RPCMethod FactoryReset
01-01 08:00:34.969 D/SysEventBaseDealer( 2368): [TN_Binder_1]resetSignalState index=0,infos=[Lcom.suma.midware.back.sysevent.g;@3379ba27
01-01 08:00:34.969 D/SysEventBaseDealer( 2368): [TN_Binder_1]resetSignalState index=0,info=[PlayStateInfo@231f1f57]index[0]signalState[1]caState[-1]caErrCode[0]channel[null]
01-01 08:00:34.969 D/RPCMethodMng( 2681): Register Encoder GetParameterValuesResponseEncoder
01-01 08:00:34.969 D/RPCMethodMng( 2681): Register Decoder GetParameterValuesDecoder
01-01 08:00:34.969 D/RPCMethodMng( 2681): Register RPCMethod GetParameterValues
01-01 08:00:34.969 D/RPCMethodMng( 2681): Register Encoder SetParameterValuesResponseEncoder
01-01 08:00:34.969 D/RPCMethodMng( 2681): Register Decoder SetParameterValuesDecoder
01-01 08:00:34.969 D/RPCMethodMng( 2681): Register RPCMethod SetParameterValues
01-01 08:00:34.969 D/RPCMethodMng( 2681): Register Encoder GetParameterNamesResponseEncoder
01-01 08:00:34.970 D/RPCMethodMng( 2681): Register Decoder GetParameterNamesDecoder
01-01 08:00:34.970 D/RPCMethodMng( 2681): Register RPCMethod GetParameterNames
01-01 08:00:34.970 D/RPCMethodMng( 2681): Register Encoder GetParameterAttributesResponseEncoder
01-01 08:00:34.970 D/RPCMethodMng( 2681): Register Decoder GetParameterAttributesDecoder
01-01 08:00:34.970 D/RPCMethodMng( 2681): Register RPCMethod GetParameterAttributes
01-01 08:00:34.970 D/RPCMethodMng( 2681): Register Encoder SetParameterAttributesResponseEncoder
01-01 08:00:34.971 D/DataBase( 2368): [TN_Binder_1]setCurChannel index=0,lastChannelNum=2,channel=[DirectChannel@32501b]channelID[0]oNetID[1]tsID[31]serviceID[3102]freq[371000]name[CCTV-1高清]serviceType[8]attr[16384]serialNum[1]serialNum4[1]pcrPID[49]refServiceID[-1],database=com.suma.midware.back.database.neimeng.DirectDataBaseNeimeng@20ebee0a
01-01 08:00:34.971 D/DataBase( 2368): [TN_Binder_1]setCurChannel index=0,curChannel=[DirectChannel@32501b]channelID[0]oNetID[1]tsID[31]serviceID[3102]freq[371000]name[CCTV-1高清]serviceType[8]attr[16384]serialNum[1]serialNum4[1]pcrPID[49]refServiceID[-1]
01-01 08:00:34.971 V/SUMA    ( 1581): [adapter][info] rocme_adapter_frontpanel_show_time:on_off=0
01-01 08:00:34.971 V/PT      ( 1581): >>INFO:rocme_porting_frontpanel_show_string:not have keyled
01-01 08:00:34.971 D/RPCMethodMng( 2681): Register Decoder SetParameterAttributesDecoder
01-01 08:00:34.971 D/RPCMethodMng( 2681): Register RPCMethod SetParameterAttributes
01-01 08:00:34.971 D/RPCMethodMng( 2681): Register Encoder DownloadResponseEncoder
01-01 08:00:34.971 D/RPCMethodMng( 2681): Register Decoder DownloadDecoder
01-01 08:00:34.971 D/RPCMethodMng( 2681): Register RPCMethod Download
01-01 08:00:34.971 D/RPCMethodMng( 2681): Register Encoder UploadResponseEncoder
01-01 08:00:34.972 D/RPCMethodMng( 2681): Register Decoder UploadDecoder
01-01 08:00:34.972 D/RPCMethodMng( 2681): Register RPCMethod Upload
01-01 08:00:34.972 D/RPCMethodMng( 2681): Register Encoder TransferComplete
01-01 08:00:34.972 D/PropManager( 2794): [TN_ThreadUtil-2]getBaseManager className=SoundManager,pkgName=com.suma.midware.dvb
01-01 08:00:34.972 D/RPCMethodMng( 2681): Register Decoder TransferCompleteResponseDecoder
01-01 08:00:34.972 D/RPCMethodMng( 2681): Register RPCMethod TransferComplete
01-01 08:00:34.972 D/RPCMethodMng( 2681): Register Encoder AddObjectResponseEncoder
01-01 08:00:34.972 I/System.out( 2368): [DEBUG networkInterface] You see: NI listener's size=1
01-01 08:00:34.972 D/RPCMethodMng( 2681): Register Decoder AddObjectDecoder
01-01 08:00:34.972 D/RPCMethodMng( 2681): Register RPCMethod AddObject
01-01 08:00:34.972 D/EPGmanager( 2368): [EPGManagerNative-JNI]		Registering monitor, and type = 4
01-01 08:00:34.972 D/TunerNgbDealer( 2368): [TN_Thread-89]receiveNIEvent event=org.davic.net.tuning.NetworkInterfaceTuningEvent[source=org.davic.net.tuning.NetworkInterface@20665525]
01-01 08:00:34.972 D/RPCMethodMng( 2681): Register Encoder DeleteObjectResponseEncoder
01-01 08:00:34.972 D/RPCMethodMng( 2681): Register Decoder DeleteObjectDecoder
01-01 08:00:34.972 D/RPCMethodMng( 2681): Register RPCMethod DeleteObject
01-01 08:00:34.972 D/RPCMethodMng( 2681): Register Encoder GetRPCMethodsResponseEncoder
01-01 08:00:34.973 D/RPCMethodMng( 2681): Register Decoder GetRPCMethodsDecoder
01-01 08:00:34.973 D/RPCMethodMng( 2681): Register RPCMethod GetRPCMethods
01-01 08:00:34.973 I/Scheduler( 2681): startTR69 TR69Client is starting
01-01 08:00:34.973 I/Scheduler( 2681): startTR69 Root is Device.
01-01 08:00:34.973 D/Model   ( 2681): setData addProfilBaseline2
01-01 08:00:34.973 D/Model   ( 2681): addProfilBaseline1 and start addProfilBaseline1
01-01 08:00:34.973 V/SUMA    ( 1581): [si-s][onTransact 171][onTransact 171] code[0x10000018]
01-01 08:00:34.973 D/PlayExcuter( 2794): [TN_ThreadUtil-2]setSound sound=7,tract=1,soundType=2
01-01 08:00:34.973 V/SUMA    ( 2368): [si-c][dvb_si_evt_cbk_enreg 1659]leave !!!
01-01 08:00:34.973 D/PlayExcuter( 2794): [TN_ThreadUtil-2]setSound sound=7,tract=1
01-01 08:00:34.973 D/EPGmanager( 2368): [EPGManagerNative-JNI]		Registering monitor, and type = 0
01-01 08:00:34.974 D/SoundAndroidAdmin( 2368): [TN_Binder_1]checkVolume volume=7,nowVolume=1,maxVolume=15,lastVolume=1
01-01 08:00:34.974 V/SUMA    ( 1581): [si-s][onTransact 171][onTransact 171] code[0x10000018]
01-01 08:00:34.974 D/SoundNgbAdmin( 2368): [TN_Binder_1]setVolume volume=7,isEffect=false,result=true
01-01 08:00:34.974 V/SUMA    ( 2368): [si-c][dvb_si_evt_cbk_enreg 1659]leave !!!
01-01 08:00:34.974 I/System.out( 2368): [DEBUG EPGQueryThread] screg key=248, handle =1
01-01 08:00:34.974 D/EPGmanager( 2368): [EPGManagerNative-JNI]		Registering monitor, and type = 5
01-01 08:00:34.974 V/SUMA    ( 1581): roc_ss_get_item:get ROC_SYSSET_MUTE OK 
01-01 08:00:34.974 D/SoundNgbAdmin( 2368): [TN_Binder_1]isMute state=false
01-01 08:00:34.974 V/SUMA    ( 1581): [si-s][onTransact 171][onTransact 171] code[0x10000018]
01-01 08:00:34.974 V/SUMA    ( 2368): [si-c][dvb_si_evt_cbk_enreg 1659]leave !!!
01-01 08:00:34.974 I/System.out( 2368): [DEBUG EPGQueryThread] screg event key=248, handle =2
01-01 08:00:34.974 D/SoundAndroidAdmin( 2368): [TN_Binder_1]setVolume volume=7,isMute=false,isEffect=false,maxVolume=15,lastVolume=1
01-01 08:00:34.974 V/SUMA    ( 1581): roc_ss_set_item:set ROC_SYSSET_TRACK OK 
01-01 08:00:34.974 D/SoundNgbAdmin( 2368): [TN_Binder_2]setTrack track=1,result=true
01-01 08:00:34.974 D/SoundAndroidAdmin( 2368): [TN_Binder_2]setTrack track=1
01-01 08:00:34.975 D/FrontPanelNative( 2368): the String length 0, the max 4
01-01 08:00:34.976 V/SUMA    ( 1581): [adapter][info] rocme_adapter_frontpanel_show_time:on_off=0
01-01 08:00:34.976 V/PT      ( 1581): >>INFO:rocme_porting_frontpanel_show_string:not have keyled
01-01 08:00:34.976 V/PT      ( 1581): >>INFO:rocme_porting_frontpanel_show_string:not have keyled
01-01 08:00:34.979 V/SUMA    ( 1581): Roc_ResMan_Tuner_Modify(index=0)[new: 371000, old: 371000 ver=123]. 
01-01 08:00:34.979 V/PT      ( 1581): >> HI3798C_INFO:rocme_porting_tuner_scanning- 
01-01 08:00:34.979 V/PT      ( 1581): Freq = 371000, Sym = 6875, QAM = 3 
01-01 08:00:34.979 V/PT      ( 1581):  
01-01 08:00:34.979 D/EPGmanager( 2368): getProgramServiceNFollowing f.frequency:371000   ,f.type: 68 ,setFrequence 0
01-01 08:00:34.979 V/SUMA    ( 1581): [dvb_server_dbs] EIT_GET_TABLE,err[1],[0x1][0x1f][0xc1e]
01-01 08:00:34.979 I/System.out( 2368): [DEBUG NGB_FRONT_PANEL] To display text on the front panel, and the text is:P001::the align is 0--align_center
01-01 08:00:34.979 V/SUMA    ( 1581): [eit] eit_pf_tmr_start() Roc_Timer_Start ok !!! timeout=90000
01-01 08:00:34.979 V/SUMA    ( 1581): [eit] dvb_si_eit_dbs_get_table() leave, chanid=0 freq=371000, onid=0x1, tsid=0x1f, svid=0xc1e, type=0x0
01-01 08:00:34.979 D/EPGmanager( 2368): ProgramServiceNFollowing 
01-01 08:00:34.979 I/System.out( 2368): [DEBUG EPGManager] The service is null !
01-01 08:00:34.979 V/SUMA    ( 1581): [adapter][info] rocme_adapter_frontpanel_show_time:on_off=0
01-01 08:00:34.979 V/PT      ( 1581): >>INFO:rocme_porting_frontpanel_show_string:not have keyled
01-01 08:00:34.979 I/System.out( 2368): [DEBUG EPGQueryThread] Add epg request:org.ngb.toolkit.epg.EPGManager$4@341ae47a
01-01 08:00:34.979 V/PT      ( 1581): >>INFO:rocme_porting_frontpanel_show_string:not have keyled
01-01 08:00:34.980 D/PlayActivity( 2794): the notes is::visible is:1:the dialog visible is:4
01-01 08:00:34.982 D/skia    ( 2794): ---- fAsset->read(1024) returned 0
01-01 08:00:34.985 D/PlayActivity( 2794): requestAdv adv advType :6:channel:[DirectChannel@32501b]channelID[0]oNetID[1]tsID[31]serviceID[3102]freq[371000]name[CCTV-1高清]serviceType[8]attr[16384]serialNum[1]serialNum4[1]pcrPID[49]refServiceID[-1]
01-01 08:00:34.985 D/EsgNeiMengDealer( 2368): findRightAdv,curAreaId:0:curAcId:0
01-01 08:00:34.985 D/EsgNeiMengDealer( 2368): [TN_Binder_4]findRightAdv areaCode=0
01-01 08:00:34.986 D/EsgNeiMengDealer( 2368): [TN_Binder_4]findRightAdv groupIndex=0
01-01 08:00:34.986 D/EsgNeiMengDealer( 2368): [TN_Binder_4]findRightAdv adType=6,locator=[EsgLocator@32501b]oNetID[1]tsID[31]serviceID[3102]freq[371000],size=3
01-01 08:00:34.986 D/EsgNeiMengDealer( 2368): [TN_Binder_4]findRightAdv curTime=1420070434986,hasLocalGroup=false,formatTime=20150101 080034
01-01 08:00:34.986 D/PlayActivity( 2794): getAdvs end,advType:6:advs:[]
01-01 08:00:34.987 D/PlayActivity( 2794): dealMessageTile,curChannel:[DirectChannel@32501b]channelID[0]oNetID[1]tsID[31]serviceID[3102]freq[371000]name[CCTV-1高清]serviceType[8]attr[16384]serialNum[1]serialNum4[1]pcrPID[49]refServiceID[-1]:isChannelIvideoShift:false
01-01 08:00:34.987 D/PlayActivity( 2794): dealViewAnimation and view is :com.autolayout.AutoRelativeLayout{2e11d461 V.E..... ......I. 0,0-0,0 #7f0b01e4 app:id/playcontrol_message_tile}, oldState is :4, destiState is :0, isNeedAct is :false, type is :6
01-01 08:00:34.989 D/PlayActivity( 2794): dealViewAnimation and view is :com.autolayout.AutoRelativeLayout{2263edba V.E..... ......I. 0,0-0,0 #7f0b01e7 app:id/playcontrol_channel_num}, oldState is :4, destiState is :0, isNeedAct is :false, type is :0
01-01 08:00:34.991 W/System.err( 2794): java.lang.NumberFormatException: Invalid int: "null"
01-01 08:00:34.991 W/System.err( 2794): 	at java.lang.Integer.invalidInt(Integer.java:138)
01-01 08:00:34.991 W/System.err( 2794): 	at java.lang.Integer.parseInt(Integer.java:358)
01-01 08:00:34.991 W/System.err( 2794): 	at java.lang.Integer.parseInt(Integer.java:334)
01-01 08:00:34.991 W/System.err( 2794): 	at java.lang.Integer.valueOf(Integer.java:525)
01-01 08:00:34.991 W/System.err( 2794): 	at com.suma.midware.dvb.play.a.e(Unknown Source)
01-01 08:00:34.991 W/System.err( 2794): 	at com.suma.midware.dvb.play.PlayActivity.onResume(Unknown Source)
01-01 08:00:34.991 W/System.err( 2794): 	at android.app.Instrumentation.callActivityOnResume(Instrumentation.java:1257)
01-01 08:00:34.991 W/System.err( 2794): 	at android.app.Activity.performResume(Activity.java:6076)
01-01 08:00:34.991 W/System.err( 2794): 	at android.app.ActivityThread.performResumeActivity(ActivityThread.java:2975)
01-01 08:00:34.991 W/System.err( 2794): 	at android.app.ActivityThread.handleResumeActivity(ActivityThread.java:3023)
01-01 08:00:34.991 W/System.err( 2794): 	at android.app.ActivityThread.handleLaunchActivity(ActivityThread.java:2392)
01-01 08:00:34.991 W/System.err( 2794): 	at android.app.ActivityThread.access$800(ActivityThread.java:151)
01-01 08:00:34.991 W/System.err( 2794): 	at android.app.ActivityThread$H.handleMessage(ActivityThread.java:1303)
01-01 08:00:34.991 W/System.err( 2794): 	at android.os.Handler.dispatchMessage(Handler.java:102)
01-01 08:00:34.991 W/System.err( 2794): 	at android.os.Looper.loop(Looper.java:135)
01-01 08:00:34.991 W/System.err( 2794): 	at android.app.ActivityThread.main(ActivityThread.java:5267)
01-01 08:00:34.991 W/System.err( 2794): 	at java.lang.reflect.Method.invoke(Native Method)
01-01 08:00:34.991 W/System.err( 2794): 	at java.lang.reflect.Method.invoke(Method.java:372)
01-01 08:00:34.991 W/System.err( 2794): 	at com.android.internal.os.ZygoteInit$MethodAndArgsCaller.run(ZygoteInit.java:903)
01-01 08:00:34.991 W/System.err( 2794): 	at com.android.internal.os.ZygoteInit.main(ZygoteInit.java:698)
01-01 08:00:34.993 D/CaNgbDealer( 2368): [TN_Binder_2]getEmailCount type=0
01-01 08:00:34.994 V/SUMA    ( 2368): [cas-c][CA_Manager_GetCAProvider 922]enter !!!
01-01 08:00:34.995 V/SUMA    ( 2368): [cas-c][CA_Manager_GetCAProvider 936]leave !!!
01-01 08:00:34.995 V/SUMA    ( 2368): [cas-c][CA_Manager_GetEmailCount 1179]leave !!!
01-01 08:00:34.995 D/CAManagerNative( 2368): getAllCAMail emailCount=0
01-01 08:00:34.995 D/CAManagerNative( 2368): getAllCAMail totleCount=0,newCount=0,freeSpace=-1
01-01 08:00:34.995 D/PlayActivity( 2794): the mail note dealing is:0:visible:1
01-01 08:00:34.995 I/System.out( 2368): [DEBUG NGB_FRONT_PANEL] To display text on the front panel, and the text is:P001::the align is 0--align_center
01-01 08:00:34.996 V/SUMA    ( 1581): [adapter][info] rocme_adapter_frontpanel_show_time:on_off=0
01-01 08:00:34.996 V/PT      ( 1581): >>INFO:rocme_porting_frontpanel_show_string:not have keyled
01-01 08:00:34.996 V/PT      ( 1581): >>INFO:rocme_porting_frontpanel_show_string:not have keyled
01-01 08:00:34.996 D/PlayActivity( 2794): onResume end:38285
01-01 08:00:34.997 W/ContextImpl( 2794): Calling a method in the system process without a qualified user: android.app.ContextImpl.sendBroadcast:1345 android.content.ContextWrapper.sendBroadcast:377 android.app.ActivityThread.performResumeActivity:2982 android.app.ActivityThread.handleResumeActivity:3023 android.app.ActivityThread.handleLaunchActivity:2392 
01-01 08:00:35.002 D/OpenGLRenderer( 2794): Use EGL_SWAP_BEHAVIOR_PRESERVED: false
01-01 08:00:35.010 D/Atlas   ( 2794): Validating map...
01-01 08:00:35.013 D/Time    ( 2681): offset is:28800
01-01 08:00:35.014 V/WindowManager( 2021): Adding window Window{e90e5f4 u0 com.suma.midware.dvb/com.suma.midware.dvb.play.PlayActivity} at 4 of 10 (before Window{3a7d138a u0 Starting com.suma.midware.dvb})
01-01 08:00:35.015 D/PropManager( 2794): [TN_main]onServiceConnected comp=ComponentInfo{com.suma.midware.back/com.suma.midware.back.BackService},binder=android.os.BinderProxy@30311d10,this.binder=android.os.BinderProxy@30311d10,pkgName=com.suma.midware.dvb,curCount=0,initState=2
01-01 08:00:35.015 D/PropManager( 2794): [TN_main]checkBinder already OK
01-01 08:00:35.015 D/PlayActivity( 2794): audioAdHandler.msg{ when=-80ms what=0 target=com.suma.midware.dvb.play.av }
01-01 08:00:35.016 D/PlayActivity( 2794): audioAdHandler.msg{ when=-59ms what=0 target=com.suma.midware.dvb.play.av }
01-01 08:00:35.228 D/SearchResult2DLayout( 2794): SearchResult2DLayout.thiscom.suma.midware.dvb.play.menu.a.dh{1970469c V.E..... ......I. 0,0-0,0}
01-01 08:00:35.325 D/BackBootDealerNeimeng( 2368): standbyState:
01-01 08:00:35.326 E/NetUtils( 2021): Interface eth0 LinkDown!
01-01 08:00:35.355 D/PlayActivity( 2794): playHandler.msg{ when=-381ms what=244 obj=[Ljava.lang.Object;@1208ecc target=com.suma.midware.dvb.play.aw }
01-01 08:00:35.356 D/PlayNgbDealer( 2368): [TN_Binder_3]operatePlayerWindow index=0,playerNum=1,isAble=true
01-01 08:00:35.356 D/PlayNgbDealer( 2368): [TN_Binder_3]findPlayer index=0,findType=2,channelIndex=0
01-01 08:00:35.357 D/Media   ( 2368): ^^^^player openVideo.
01-01 08:00:35.358 V/SUMA    ( 1581): [NGBM] ngb_media_player_set_video_display enter !!! hplayer=0xff0000
01-01 08:00:35.358 V/SUMA    ( 1581): [NGBM] context_vplayer_ioctl unknown command 12
01-01 08:00:35.358 V/SUMA    ( 1581): [NGBM] context_vplayer_ioctl leave. ret=0
01-01 08:00:35.358 V/SUMA    ( 1581): [NGBM] ngb_media_player_set_video_display leave hplayer=0xff0000 ret=0
01-01 08:00:35.358 D/PlayActivity( 2794): dealPlayNote data[0]:[DirectChannel@32501b]channelID[0]oNetID[1]tsID[31]serviceID[3102]freq[371000]name[CCTV-1高清]serviceType[8]attr[16384]serialNum[1]serialNum4[1]pcrPID[49]refServiceID[-1]:data[1]:SIGNAL
01-01 08:00:35.358 D/UbaDBOPerator( 2794): [TN_main]addAction ubaAction=[ChannelPlayAction@6b22db03]operateType[1]switchType[0]channelPlayStatus[4]actionTime[2015-01-01 08:00:34]status[0]channel[[DirectChannel@32501b]channelID[0]oNetID[1]tsID[31]serviceID[3102]freq[371000]name[CCTV-1高清]serviceType[8]attr[16384]serialNum[1]serialNum4[1]pcrPID[49]refServiceID[-1]]
01-01 08:00:35.367 D/PlayActivity( 2794): dealLockDialog:type-1:value:-1
01-01 08:00:35.367 D/PlayActivity( 2794): dealViewAnimation and view is :com.autolayout.AutoRelativeLayout{4f38c74 I.E..... ......I. 0,0-0,0 #7f0b011b app:id/dialog_password_input}, oldState is :4, destiState is :4, isNeedAct is :false, type is :0
01-01 08:00:35.367 D/PlayActivity( 2794): the notes is:系统无信号:visible is:0:the dialog visible is:4
01-01 08:00:35.470 D/SysEventBaseDealer( 2368): [TN_ThreadUtil-0]handleEvent event=[SignalEvent@116ca42b]signalState[-1]index[0]channel[null]
01-01 08:00:35.470 D/SysEventBaseDealer( 2368): [TN_ThreadUtil-0]handleSignalEvent signalEvent=[SignalEvent@116ca42b]signalState[-1]index[0]channel[null],channel=null
01-01 08:00:35.470 D/SysEventBaseDealer( 2368): [TN_ThreadUtil-0]handleSignalEvent 0 info=[PlayStateInfo@231f1f57]index[0]signalState[1]caState[-1]caErrCode[0]channel[null]
01-01 08:00:35.470 V/SUMA    ( 1581): [resman-s][onTransact 216]code[0x1200010b] client pid = 2368
01-01 08:00:35.471 D/Model   ( 2681): addProfilBaseline1 and end addProfilBaseline1
01-01 08:00:35.471 D/Model   ( 2681): addDeviceInfoExt and start addDeviceInfoExt
01-01 08:00:35.477 D/Model   ( 2681): addDeviceInfoExt and end addDeviceInfoExt
01-01 08:00:35.477 D/Model   ( 2681): addTMSServiceInfo and start TMSServiceInfo
01-01 08:00:35.482 I/OpenGLRenderer( 2794): Initialized EGL, version 1.4
01-01 08:00:35.483 D/OpenGLRenderer( 2794): Enabling debug mode 0
01-01 08:00:35.485 D/Model   ( 2681): addTMSServiceInfo and end TMSServiceInfo
01-01 08:00:35.485 D/Model   ( 2681): addSystemStatus and start SystemStatus
01-01 08:00:35.496 D/Model   ( 2681): addSystemStatus and end SystemStatus
01-01 08:00:35.496 D/Model   ( 2681): addServiceStatus and start addServiceStatus
01-01 08:00:35.504 D/Model   ( 2681): addServiceStatus and end addServiceStatus
01-01 08:00:35.504 D/Model   ( 2681): addHardwareStatus and start addHardwareStatus
01-01 08:00:35.507 D/Model   ( 2681): addHardwareStatus and start usbinfo
01-01 08:00:35.507 D/Model   ( 2681): addHardwareStatus and start BluetoothInfo
01-01 08:00:35.509 D/BluetoothManagerService( 2021): Message: 20
01-01 08:00:35.509 D/BluetoothManagerService( 2021): Added callback: android.bluetooth.IBluetoothManagerCallback$Stub$Proxy@24072f92:true
01-01 08:00:35.512 D/BluetoothAdapter( 2681): 751400920: getState() :  mService = null. Returning STATE_OFF
01-01 08:00:35.514 D/BluetoothManagerService( 2021): Message: 30
01-01 08:00:35.514 E/BluetoothInputDevice( 2681): Could not bind to Bluetooth HID Service with Intent { act=android.bluetooth.IBluetoothInputDevice }
01-01 08:00:35.516 D/BluetoothManagerService( 2021): Message: 30
01-01 08:00:35.516 E/BluetoothPan( 2681): Could not bind to Bluetooth Pan Service with Intent { act=android.bluetooth.IBluetoothPan }
01-01 08:00:35.517 D/BluetoothManagerService( 2021): Message: 30
01-01 08:00:35.517 E/BluetoothPbap( 2681): Could not bind to Bluetooth Pbap Service with Intent { act=android.bluetooth.IBluetoothPbap }
01-01 08:00:35.521 D/Model   ( 2681): addHardwareStatus and end addHardwareStatus
01-01 08:00:35.521 D/Model   ( 2681): addLanStatus and start addLanStatus
01-01 08:00:35.539 D/Model   ( 2681): addLanStatus and end addLanStatus
01-01 08:00:35.539 D/Model   ( 2681): addInformSettingInfo and start addInformSetting
01-01 08:00:35.539 D/PlayActivity( 2794): onWindowFocusChanged hasFocus:true:time:38828:currentFocus:null
01-01 08:00:35.540 I/ActivityManager( 2021): Displayed com.suma.midware.dvb/.play.PlayActivity: +1s192ms
01-01 08:00:35.543 D/Model   ( 2681): addInformSettingInfo and end addInformSetting
01-01 08:00:35.543 D/Model   ( 2681): addPowerManagementInfo and start PowerManagement
01-01 08:00:35.545 D/RemoteIME( 2337): onFinishInput.
01-01 08:00:35.545 D/RemoteIME( 2337): onStartInput  ccontentType: 0 Restarting:false
01-01 08:00:35.546 D/Model   ( 2681): addPowerManagementInfo and end PowerManagement
01-01 08:00:35.546 D/Model   ( 2681): addAlertInfo and start addAlertInfo
01-01 08:00:35.548 D/Model   ( 2681): addAlertInfo and end addAlertInfo
01-01 08:00:35.548 D/Model   ( 2681): addClearDataInfo and start ClearData
01-01 08:00:35.550 D/Model   ( 2681): addClearDataInfo and end ClearData
01-01 08:00:35.550 D/Model   ( 2681): addWlLAN and start addWlLAN
01-01 08:00:35.551 D/Model   ( 2681): addWlLAN and end addWlLAN
01-01 08:00:35.551 D/Model   ( 2681): addLAN and start addLAN
01-01 08:00:35.553 D/Model   ( 2681): addLAN and end addLAN
01-01 08:00:35.553 D/Model   ( 2681): setData 22222
01-01 08:00:35.553 D/Model   ( 2681): addProfilStandardTr104 and start addProfilStandardTr104 and voiceRoot:Device.VoiceService.
01-01 08:00:35.555 D/Model   ( 2681): addProfilStandardTr104 count1:1
01-01 08:00:35.571 D/Model   ( 2681): addProfilStandardTr104 count2 1:1
01-01 08:00:35.575 D/DmsService( 2432): [TN_ThreadUtil-restart_dms_service]startDmsService time=38864
01-01 08:00:35.576 I/MediaServer( 2432): start media server:Suma_Server:caEvt:com.suma.midware.dms.c.e@8f68708
01-01 08:00:35.576 D/Device  ( 2432): stop adv=null,doByeBye=true
01-01 08:00:35.576 D/Device  ( 2432): byebye deviceDataBindAddress null
01-01 08:00:35.578 D/Device  ( 2432): byebye 0 bindAddress=192.168.31.115
01-01 08:00:35.578 D/Device  ( 2432): byebye bindAddr=192.168.31.115
01-01 08:00:35.578 D/HTTPMUSocket( 2432): open addr=239.255.255.250,port=1900,bindAddr=192.168.31.115
01-01 08:00:35.580 D/HTTPMUSocket( 2432): send msg:NOTIFY * HTTP/1.1
01-01 08:00:35.580 D/HTTPMUSocket( 2432): NTS: ssdp:byebye
01-01 08:00:35.580 D/HTTPMUSocket( 2432): NT: upnp:rootdevice
01-01 08:00:35.580 D/HTTPMUSocket( 2432): USN: uuid:418c7b66-86de-45d5-90fd-13e1eb88db7e::upnp:rootdevice
01-01 08:00:35.580 D/HTTPMUSocket( 2432): HOST: 239.255.255.250:1900
01-01 08:00:35.580 D/HTTPMUSocket( 2432): 
01-01 08:00:35.580 D/HTTPMUSocket( 2432): bindAddr:null and port:-1
01-01 08:00:35.581 D/HTTPMUSocket( 2432): /192.168.31.115
01-01 08:00:35.581 D/Device  ( 2432): root device bye bye
01-01 08:00:35.581 D/HTTPMUSocket( 2432): send msg:NOTIFY * HTTP/1.1
01-01 08:00:35.581 D/HTTPMUSocket( 2432): NTS: ssdp:byebye
01-01 08:00:35.581 D/HTTPMUSocket( 2432): NT: urn:schemas-upnp-org:device:MediaServer:1
01-01 08:00:35.581 D/HTTPMUSocket( 2432): USN: uuid:418c7b66-86de-45d5-90fd-13e1eb88db7e::urn:schemas-upnp-org:device:MediaServer:1
01-01 08:00:35.581 D/HTTPMUSocket( 2432): HOST: 239.255.255.250:1900
01-01 08:00:35.581 D/HTTPMUSocket( 2432): 
01-01 08:00:35.581 D/HTTPMUSocket( 2432): bindAddr:null and port:-1
01-01 08:00:35.582 D/HTTPMUSocket( 2432): /192.168.31.115
01-01 08:00:35.582 D/Device  ( 2432): not root device bye bye
01-01 08:00:35.582 D/HTTPMUSocket( 2432): open addr=239.255.255.250,port=1900,bindAddr=192.168.31.115
01-01 08:00:35.584 D/Model   ( 2681): addProfilStandardTr104 count3 1:1
01-01 08:00:35.584 D/TimerUtil( 2432): waitRandom time=300,waitTime=274
01-01 08:00:35.585 D/HTTPMUSocket( 2432): send msg:NOTIFY * HTTP/1.1
01-01 08:00:35.585 D/HTTPMUSocket( 2432): NTS: ssdp:byebye
01-01 08:00:35.585 D/HTTPMUSocket( 2432): NT: urn:schemas-upnp-org:service:ContentDirectory:1
01-01 08:00:35.585 D/HTTPMUSocket( 2432): USN: uuid:418c7b66-86de-45d5-90fd-13e1eb88db7e::urn:schemas-upnp-org:service:ContentDirectory:1
01-01 08:00:35.585 D/HTTPMUSocket( 2432): HOST: 239.255.255.250:1900
01-01 08:00:35.585 D/HTTPMUSocket( 2432): 
01-01 08:00:35.585 D/HTTPMUSocket( 2432): bindAddr:null and port:-1
01-01 08:00:35.585 D/HTTPMUSocket( 2432): /192.168.31.115
01-01 08:00:35.585 D/Service ( 2432): service bye bye:urn:schemas-upnp-org:service:ContentDirectory:1
01-01 08:00:35.586 D/HTTPMUSocket( 2432): open addr=239.255.255.250,port=1900,bindAddr=192.168.31.115
01-01 08:00:35.588 D/TimerUtil( 2432): waitRandom time=300,waitTime=135
01-01 08:00:35.588 D/HTTPMUSocket( 2432): send msg:NOTIFY * HTTP/1.1
01-01 08:00:35.588 D/HTTPMUSocket( 2432): NTS: ssdp:byebye
01-01 08:00:35.588 D/HTTPMUSocket( 2432): NT: urn:schemas-upnp-org:service:ConnectionManager:1
01-01 08:00:35.588 D/HTTPMUSocket( 2432): USN: uuid:418c7b66-86de-45d5-90fd-13e1eb88db7e::urn:schemas-upnp-org:service:ConnectionManager:1
01-01 08:00:35.588 D/HTTPMUSocket( 2432): HOST: 239.255.255.250:1900
01-01 08:00:35.588 D/HTTPMUSocket( 2432): 
01-01 08:00:35.588 D/HTTPMUSocket( 2432): bindAddr:null and port:-1
01-01 08:00:35.589 D/HTTPMUSocket( 2432): /192.168.31.115
01-01 08:00:35.589 D/Service ( 2432): service bye bye:urn:schemas-upnp-org:service:ConnectionManager:1
01-01 08:00:35.589 D/HTTPMUSocket( 2432): open addr=239.255.255.250,port=1900,bindAddr=192.168.31.115
01-01 08:00:35.592 D/TimerUtil( 2432): waitRandom time=300,waitTime=50
01-01 08:00:35.592 D/HTTPMUSocket( 2432): send msg:NOTIFY * HTTP/1.1
01-01 08:00:35.592 D/HTTPMUSocket( 2432): NTS: ssdp:byebye
01-01 08:00:35.592 D/HTTPMUSocket( 2432): NT: urn:schemas-upnp-org:service:AVTransport:1
01-01 08:00:35.592 D/HTTPMUSocket( 2432): USN: uuid:418c7b66-86de-45d5-90fd-13e1eb88db7e::urn:schemas-upnp-org:service:AVTransport:1
01-01 08:00:35.592 D/HTTPMUSocket( 2432): HOST: 239.255.255.250:1900
01-01 08:00:35.592 D/HTTPMUSocket( 2432): 
01-01 08:00:35.592 D/HTTPMUSocket( 2432): bindAddr:null and port:-1
01-01 08:00:35.592 D/HTTPMUSocket( 2432): /192.168.31.115
01-01 08:00:35.593 D/Service ( 2432): service bye bye:urn:schemas-upnp-org:service:AVTransport:1
01-01 08:00:35.593 D/Model   ( 2681): addProfilStandardTr104 count2 2:1
01-01 08:00:35.593 D/HTTPMUSocket( 2432): open addr=239.255.255.250,port=1900,bindAddr=192.168.31.115
01-01 08:00:35.596 D/TimerUtil( 2432): waitRandom time=300,waitTime=55
01-01 08:00:35.596 D/HTTPMUSocket( 2432): send msg:NOTIFY * HTTP/1.1
01-01 08:00:35.596 D/HTTPMUSocket( 2432): NTS: ssdp:byebye
01-01 08:00:35.596 D/HTTPMUSocket( 2432): NT: urn:sumavision.com:service:X_SUMA_EVENT:1
01-01 08:00:35.596 D/HTTPMUSocket( 2432): USN: uuid:418c7b66-86de-45d5-90fd-13e1eb88db7e::urn:sumavision.com:service:X_SUMA_EVENT:1
01-01 08:00:35.596 D/HTTPMUSocket( 2432): HOST: 239.255.255.250:1900
01-01 08:00:35.596 D/HTTPMUSocket( 2432): 
01-01 08:00:35.596 D/HTTPMUSocket( 2432): bindAddr:null and port:-1
01-01 08:00:35.596 D/HTTPMUSocket( 2432): /192.168.31.115
01-01 08:00:35.597 D/Service ( 2432): service bye bye:urn:sumavision.com:service:X_SUMA_EVENT:1
01-01 08:00:35.597 D/Device  ( 2432): start beginPort=38520
01-01 08:00:35.597 I/HTTPServer( 2432): open socket with port : 38520:addr:
01-01 08:00:35.597 D/Device  ( 2432): start endPort=38520,count=1
01-01 08:00:35.597 D/HTTPServerList( 2432): start...with server size:1
01-01 08:00:35.598 D/HTTPServerList( 2432): Begin start server:org.cybergarage.a.h@a6b03dd
01-01 08:00:35.602 D/HTTPMUSocket( 2432): open addr=239.255.255.250,port=1900,bindAddr=192.168.31.115
01-01 08:00:35.604 D/TimerUtil( 2432): waitRandom time=300,waitTime=162
01-01 08:00:35.604 D/Device  ( 2432): announce deviceDataBindAddress null
01-01 08:00:35.606 D/Device  ( 2432): announce 0 bindAddress=192.168.31.115
01-01 08:00:35.607 D/HTTPMUSocket( 2432): open addr=239.255.255.250,port=1900,bindAddr=192.168.31.115
01-01 08:00:35.607 D/Model   ( 2681): addProfilStandardTr104 count3 2:1
01-01 08:00:35.609 D/HTTPMUSocket( 2432): send msg:NOTIFY * HTTP/1.1
01-01 08:00:35.609 D/HTTPMUSocket( 2432): Server: Linux/3.18.24_hi3798mv2x UPnP/1.0 CyberLinkJava/1.8
01-01 08:00:35.609 D/HTTPMUSocket( 2432): Cache-Control: max-age=1800
01-01 08:00:35.609 D/HTTPMUSocket( 2432): Location: http://192.168.31.115:38520/description.xml
01-01 08:00:35.609 D/HTTPMUSocket( 2432): NTS: ssdp:alive
01-01 08:00:35.609 D/HTTPMUSocket( 2432): NT: upnp:rootdevice
01-01 08:00:35.609 D/HTTPMUSocket( 2432): USN: uuid:418c7b66-86de-45d5-90fd-13e1eb88db7e::upnp:rootdevice
01-01 08:00:35.609 D/HTTPMUSocket( 2432): HOST: 239.255.255.250:1900
01-01 08:00:35.609 D/HTTPMUSocket( 2432): 
01-01 08:00:35.609 D/HTTPMUSocket( 2432): bindAddr:null and port:-1
01-01 08:00:35.610 D/HTTPMUSocket( 2432): /192.168.31.115
01-01 08:00:35.610 D/HTTPMUSocket( 2432): send msg:NOTIFY * HTTP/1.1
01-01 08:00:35.610 D/HTTPMUSocket( 2432): Server: Linux/3.18.24_hi3798mv2x UPnP/1.0 CyberLinkJava/1.8
01-01 08:00:35.610 D/HTTPMUSocket( 2432): Cache-Control: max-age=1800
01-01 08:00:35.610 D/HTTPMUSocket( 2432): Location: http://192.168.31.115:38520/description.xml
01-01 08:00:35.610 D/HTTPMUSocket( 2432): NTS: ssdp:alive
01-01 08:00:35.610 D/HTTPMUSocket( 2432): NT: uuid:418c7b66-86de-45d5-90fd-13e1eb88db7e
01-01 08:00:35.610 D/HTTPMUSocket( 2432): USN: uuid:418c7b66-86de-45d5-90fd-13e1eb88db7e
01-01 08:00:35.610 D/HTTPMUSocket( 2432): HOST: 239.255.255.250:1900
01-01 08:00:35.610 D/HTTPMUSocket( 2432): 
01-01 08:00:35.610 D/HTTPMUSocket( 2432): bindAddr:null and port:-1
01-01 08:00:35.610 D/HTTPMUSocket( 2432): /192.168.31.115
01-01 08:00:35.611 D/HTTPMUSocket( 2432): send msg:NOTIFY * HTTP/1.1
01-01 08:00:35.611 D/HTTPMUSocket( 2432): Server: Linux/3.18.24_hi3798mv2x UPnP/1.0 CyberLinkJava/1.8
01-01 08:00:35.611 D/HTTPMUSocket( 2432): Cache-Control: max-age=1800
01-01 08:00:35.611 D/HTTPMUSocket( 2432): Location: http://192.168.31.115:38520/description.xml
01-01 08:00:35.611 D/HTTPMUSocket( 2432): NTS: ssdp:alive
01-01 08:00:35.611 D/HTTPMUSocket( 2432): NT: urn:schemas-upnp-org:device:MediaServer:1
01-01 08:00:35.611 D/HTTPMUSocket( 2432): USN: uuid:418c7b66-86de-45d5-90fd-13e1eb88db7e::urn:schemas-upnp-org:device:MediaServer:1
01-01 08:00:35.611 D/HTTPMUSocket( 2432): HOST: 239.255.255.250:1900
01-01 08:00:35.611 D/HTTPMUSocket( 2432): 
01-01 08:00:35.611 D/HTTPMUSocket( 2432): bindAddr:null and port:-1
