11-06 18:46:59.773 D/BasicFigure( 2500): [TN_GLThread 73]isDrawFocused relyElement=[BaseElement@346a37d9]focusScale[1.15]elementAlpha[-1.0]refectAlpha[-1.0]isFocusAble[true]shadowIndex[-1]autoJumpType[-1]uniqueID[54resSize0]rect[NULL]
11-06 18:46:59.773 D/BasicFigure( 2500): [TN_GLThread 73]isDrawFocused basicFigure=com.suma.midware.view.b.c.c@3914159e
11-06 18:46:59.791 D/BasicFigure( 2500): [TN_GLThread 73]isDrawFocused relyElement=[BaseElement@346a37d9]focusScale[1.15]elementAlpha[-1.0]refectAlpha[-1.0]isFocusAble[true]shadowIndex[-1]autoJumpType[-1]uniqueID[54resSize0]rect[NULL]
11-06 18:46:59.791 D/BasicFigure( 2500): [TN_GLThread 73]isDrawFocused basicFigure=com.suma.midware.view.b.c.c@3914159e
11-06 18:46:59.811 D/BasicFigure( 2500): [TN_GLThread 73]isDrawFocused relyElement=[BaseElement@346a37d9]focusScale[1.15]elementAlpha[-1.0]refectAlpha[-1.0]isFocusAble[true]shadowIndex[-1]autoJumpType[-1]uniqueID[54resSize0]rect[NULL]
11-06 18:46:59.811 D/BasicFigure( 2500): [TN_GLThread 73]isDrawFocused basicFigure=com.suma.midware.view.b.c.c@3914159e
11-06 18:46:59.814 I/Advanced( 4863): [QUEUE] share_queue_sendEx size:1 4097 500 0x8ee5df30,postLoopId:0,dstid:1.
11-06 18:46:59.831 D/BasicFigure( 2500): [TN_GLThread 73]isDrawFocused relyElement=[BaseElement@346a37d9]focusScale[1.15]elementAlpha[-1.0]refectAlpha[-1.0]isFocusAble[true]shadowIndex[-1]autoJumpType[-1]uniqueID[54resSize0]rect[NULL]
11-06 18:46:59.831 D/BasicFigure( 2500): [TN_GLThread 73]isDrawFocused basicFigure=com.suma.midware.view.b.c.c@3914159e
11-06 18:46:59.831 D/ir_user ( 1585): PlayerTimeLineTrace:linux_keycode:0x6c(UP),	protocol: .
11-06 18:46:59.831 V/PT      ( 1581): >>INFO:irkey_task:[    2166.263337] /dev/input/event0: type=0001 code=006c val=00000000
11-06 18:46:59.831 V/PT      ( 1581): >>INFO:irkey_send:0x3001 0x0028 up  
11-06 18:46:59.831 V/SUMA    ( 1581): ++++++++++++++  _roc_evtmgr_key_cbk 517:input = 12289, event=40, act=0x400
11-06 18:46:59.831 V/SUMA    ( 1581): lxm:_roc_evtmgr_key_cbk 519 2166263
11-06 18:46:59.831 V/SUMA    ( 1581): lxm:_roc_evtmgr_add_key_into_queue 311 2166263
11-06 18:46:59.831 V/PT      ( 1581): >>INFO:irkey_task:[    2166.263337] /dev/input/event0: type=0000 code=0000 val=00000000
11-06 18:46:59.831 V/SUMA    ( 1581): ===================>> type=0 src=0 evt=40 act=0x400
11-06 18:46:59.831 V/SUMA    ( 1581): [sysset-s][event_manager_cbk 78]lxm cbid=1, cbk_reg=1, cpid=2453
11-06 18:46:59.831 D/NGBEvent( 2453): ngbEventCallBack type:0 source :40
11-06 18:46:59.831 D/NGBEvent( 2453): [NGBEventManager-JNI]-returning:1
11-06 18:46:59.831 D/NGBEvent( 2453): Input key event: keyCode=40
11-06 18:46:59.831 D/NGBEvent( 2453): src:40 = dest:40
11-06 18:46:59.832 I/System.out( 2453): [DEBUG EventManager] LWJ--Add event to java with evt=NgbEvent-[type = 1, subtype = 402, code = 40]
11-06 18:46:59.832 D/NGBEvent( 2453): [NGBEvent_log]--[EventManager--JNI]:		start
11-06 18:46:59.832 I/System.out( 2453): [DEBUG EventManager] broadcastEvent  :len 1
11-06 18:46:59.832 D/KeyEventNgbDealer( 2453): [TN_pool-1-thread-1]handleKeyReleased keyEvent=NgbEvent-[type = 1, subtype = 402, code = 40],time=2166263
11-06 18:46:59.832 D/RemoteIME( 4352): RemoteIME--> onKeyUp keyCode = 20
11-06 18:46:59.832 D/Main3DActivity( 2500): [TN_main]dispatchKeyEvent event=KeyEvent { action=ACTION_UP, keyCode=KEYCODE_DPAD_DOWN, scanCode=108, metaState=0, flags=0x8, repeatCount=0, eventTime=2166263, downTime=2166054, deviceId=3, source=0x701 },isEventAble=true
11-06 18:46:59.851 D/BasicFigure( 2500): [TN_GLThread 73]isDrawFocused relyElement=[BaseElement@346a37d9]focusScale[1.15]elementAlpha[-1.0]refectAlpha[-1.0]isFocusAble[true]shadowIndex[-1]autoJumpType[-1]uniqueID[54resSize0]rect[NULL]
11-06 18:46:59.851 D/BasicFigure( 2500): [TN_GLThread 73]isDrawFocused basicFigure=com.suma.midware.view.b.c.c@3914159e
11-06 18:46:59.871 D/BasicFigure( 2500): [TN_GLThread 73]isDrawFocused relyElement=[BaseElement@346a37d9]focusScale[1.15]elementAlpha[-1.0]refectAlpha[-1.0]isFocusAble[true]shadowIndex[-1]autoJumpType[-1]uniqueID[54resSize0]rect[NULL]
11-06 18:46:59.871 D/BasicFigure( 2500): [TN_GLThread 73]isDrawFocused basicFigure=com.suma.midware.view.b.c.c@3914159e
11-06 18:46:59.891 D/BasicFigure( 2500): [TN_GLThread 73]isDrawFocused relyElement=[BaseElement@346a37d9]focusScale[1.15]elementAlpha[-1.0]refectAlpha[-1.0]isFocusAble[true]shadowIndex[-1]autoJumpType[-1]uniqueID[54resSize0]rect[NULL]
11-06 18:46:59.891 D/BasicFigure( 2500): [TN_GLThread 73]isDrawFocused basicFigure=com.suma.midware.view.b.c.c@3914159e
11-06 18:46:59.911 D/BasicFigure( 2500): [TN_GLThread 73]isDrawFocused relyElement=[BaseElement@346a37d9]focusScale[1.15]elementAlpha[-1.0]refectAlpha[-1.0]isFocusAble[true]shadowIndex[-1]autoJumpType[-1]uniqueID[54resSize0]rect[NULL]
11-06 18:46:59.911 D/BasicFigure( 2500): [TN_GLThread 73]isDrawFocused basicFigure=com.suma.midware.view.b.c.c@3914159e
11-06 18:46:59.931 D/BasicFigure( 2500): [TN_GLThread 73]isDrawFocused relyElement=[BaseElement@346a37d9]focusScale[1.15]elementAlpha[-1.0]refectAlpha[-1.0]isFocusAble[true]shadowIndex[-1]autoJumpType[-1]uniqueID[54resSize0]rect[NULL]
11-06 18:46:59.931 D/BasicFigure( 2500): [TN_GLThread 73]isDrawFocused basicFigure=com.suma.midware.view.b.c.c@3914159e
11-06 18:46:59.932 D/ir_user ( 1585): PlayerTimeLineTrace:linux_keycode:0x6c(DOWN),	protocol: .
11-06 18:46:59.932 V/PT      ( 1581): >>INFO:irkey_task:[    2166.364213] /dev/input/event0: type=0001 code=006c val=00000001
11-06 18:46:59.932 V/PT      ( 1581): >>INFO:irkey_send:0x3001 0x0028 down
11-06 18:46:59.932 V/SUMA    ( 1581): ++++++++++++++  _roc_evtmgr_key_cbk 517:input = 12289, event=40, act=0x100
11-06 18:46:59.932 V/SUMA    ( 1581): lxm:_roc_evtmgr_key_cbk 519 2166364
11-06 18:46:59.932 V/SUMA    ( 1581): lxm:_roc_evtmgr_add_evt_into_queue 347 2166364
11-06 18:46:59.932 V/SUMA    ( 1581): ===================>> type=0 src=0 evt=40 act=0x100
11-06 18:46:59.932 V/PT      ( 1581): >>INFO:irkey_task:[    2166.364213] /dev/input/event0: type=0000 code=0000 val=00000000
11-06 18:46:59.932 V/SUMA    ( 1581): [sysset-s][event_manager_cbk 78]lxm cbid=1, cbk_reg=1, cpid=2453
11-06 18:46:59.932 D/NGBEvent( 2453): ngbEventCallBack type:0 source :40
11-06 18:46:59.932 D/NGBEvent( 2453): [NGBEventManager-JNI]-returning:1
11-06 18:46:59.932 D/NGBEvent( 2453): Input key event: keyCode=40
11-06 18:46:59.932 D/NGBEvent( 2453): src:40 = dest:40
11-06 18:46:59.932 I/System.out( 2453): [DEBUG EventManager] LWJ--Add event to java with evt=NgbEvent-[type = 1, subtype = 401, code = 40]
11-06 18:46:59.933 D/NGBEvent( 2453): [NGBEvent_log]--[EventManager--JNI]:		start
11-06 18:46:59.933 I/System.out( 2453): [DEBUG EventManager] broadcastEvent  :len 1
11-06 18:46:59.933 D/CombineKeyUtil( 2453): [TN_pool-1-thread-1]dealKeyEvent,combineIndex:-1:keyCode:20
11-06 18:46:59.933 D/KeyEventNgbDealer( 2453): [TN_pool-1-thread-1]handleKeyPressed keyEvent=NgbEvent-[type = 1, subtype = 401, code = 40],time=2166364
11-06 18:46:59.933 D/RemoteIME( 4352): onKeyDown event = KeyEvent { action=ACTION_DOWN, keyCode=KEYCODE_DPAD_DOWN, scanCode=108, metaState=0, flags=0x8, repeatCount=0, eventTime=2166364, downTime=2166364, deviceId=3, source=0x701 },mSkbContainer=null
11-06 18:46:59.933 D/Main3DActivity( 2500): [TN_main]dispatchKeyEvent event=KeyEvent { action=ACTION_DOWN, keyCode=KEYCODE_DPAD_DOWN, scanCode=108, metaState=0, flags=0x8, repeatCount=0, eventTime=2166364, downTime=2166364, deviceId=3, source=0x701 },isEventAble=true
11-06 18:46:59.933 D/InputEventConsistencyVerifier( 2500): KeyEvent: ACTION_DOWN but key is already down and this event is not a key repeat.
11-06 18:46:59.933 D/InputEventConsistencyVerifier( 2500):   in com.android.internal.policy.impl.PhoneWindow$DecorView{1af2850f V.E..... R.....I. 0,0-1280,720}
11-06 18:46:59.933 D/InputEventConsistencyVerifier( 2500):   0: sent at 2166364000000, KeyEvent { action=ACTION_DOWN, keyCode=KEYCODE_DPAD_DOWN, scanCode=108, metaState=0, flags=0x8, repeatCount=0, eventTime=2166364, downTime=2166364, deviceId=3, source=0x701 }
11-06 18:46:59.933 D/InputEventConsistencyVerifier( 2500):   -- recent events --
11-06 18:46:59.933 D/InputEventConsistencyVerifier( 2500):   1: sent at 2166054000000, KeyEvent { action=ACTION_DOWN, keyCode=KEYCODE_DPAD_DOWN, scanCode=108, metaState=0, flags=0x80000008, repeatCount=0, eventTime=2166054, downTime=2166054, deviceId=3, source=0x701 }
11-06 18:46:59.933 D/InputEventConsistencyVerifier( 2500):   2: sent at 2165627000000, KeyEvent { action=ACTION_DOWN, keyCode=KEYCODE_DPAD_RIGHT, scanCode=106, metaState=0, flags=0x80000008, repeatCount=0, eventTime=2165627, downTime=2165627, deviceId=3, source=0x701 }
11-06 18:46:59.933 D/InputEventConsistencyVerifier( 2500):   3: sent at 2165185000000, KeyEvent { action=ACTION_DOWN, keyCode=KEYCODE_DPAD_RIGHT, scanCode=106, metaState=0, flags=0x80000008, repeatCount=0, eventTime=2165185, downTime=2165185, deviceId=3, source=0x701 }
11-06 18:46:59.933 D/InputEventConsistencyVerifier( 2500):   4: sent at 2065034000000, KeyEvent { action=ACTION_DOWN, keyCode=KEYCODE_DPAD_CENTER, scanCode=28, metaState=0, flags=0x80000008, repeatCount=0, eventTime=2065034, downTime=2065034, deviceId=3, source=0x701 }
11-06 18:46:59.933 D/InputEventConsistencyVerifier( 2500):   5: sent at 2064622000000, KeyEvent { action=ACTION_DOWN, keyCode=KEYCODE_DPAD_DOWN, scanCode=108, metaState=0, flags=0x80000008, repeatCount=0, eventTime=2064622, downTime=2064622, deviceId=3, source=0x701 }
11-06 18:46:59.934 D/BasicRootView( 2500): [TN_main]dispatchKeyEvent event=KeyEvent { action=ACTION_DOWN, keyCode=KEYCODE_DPAD_DOWN, scanCode=108, metaState=0, flags=0x80000008, repeatCount=0, eventTime=2166364, downTime=2166364, deviceId=3, source=0x701 },curRootPanel=com.suma.midware.home.third.a.a@25f7f74e
11-06 18:46:59.934 D/GLRootRenderer( 2500): dispatchKeyEvent event:KeyEvent { action=ACTION_DOWN, keyCode=KEYCODE_DPAD_DOWN, scanCode=108, metaState=0, flags=0x80000008, repeatCount=0, eventTime=2166364, downTime=2166364, deviceId=3, source=0x701 }:lastKeyCode:20:lastKeyAction:0:lastkeycount:0:size:0
11-06 18:46:59.938 D/Scene   ( 2500): dispatchKeyEvent event:KeyEvent { action=ACTION_DOWN, keyCode=KEYCODE_DPAD_DOWN, scanCode=108, metaState=0, flags=0x80000008, repeatCount=0, eventTime=2166364, downTime=2166364, deviceId=3, source=0x701 }
11-06 18:46:59.938 D/Scene   ( 2500): dispatchKeyEvent currentFocus = com.suma.midware.view.b.c.c@1b3ab77c
11-06 18:46:59.938 D/Scene   ( 2500): dispatchKeyEvent nextFocus:null
11-06 18:46:59.938 D/BasicFigure( 2500): [TN_GLThread 73]dealKeyEvent event=KeyEvent { action=ACTION_DOWN, keyCode=KEYCODE_DPAD_DOWN, scanCode=108, metaState=0, flags=0x80000008, repeatCount=0, eventTime=2166364, downTime=2166364, deviceId=3, source=0x701 }
11-06 18:46:59.939 D/MenuUtil( 2500): [TN_GLThread 73]searchVerticalFigure x=1117.00,y=424.000,width=351.000,height=190.000,excludeObj=com.suma.midware.view.b.c.c@1b3ab77c
11-06 18:46:59.939 D/MenuUtil( 2500): [TN_GLThread 73]isAbove y1=424.000,y2=105.000,cube1=351.0,190.0,1.0,cube2=890.0,110.0,1.0,obj3d1=com.suma.midware.view.b.c.c@1b3ab77c,obj3d2=com.suma.midware.view.b.d.b@3c426a17
11-06 18:46:59.939 D/BasicFigure( 2500): [TN_GLThread 73]onFocusLost figure=com.suma.midware.view.b.c.c@1b3ab77c
11-06 18:46:59.939 W/BasicRootPanel( 2500): [TN_GLThread 73]switchPanelLight lightFigure null
11-06 18:46:59.939 D/BasicFigure( 2500): [TN_GLThread 73]onFocusGain figure=com.suma.midware.view.b.c.c@21d01805
11-06 18:46:59.939 D/BasicFigure( 2500): [TN_GLThread 73]onFocusGain panelIndex=0,curPanelIndex=0,basicFigure=com.suma.midware.view.b.c.c@21d01805
11-06 18:46:59.939 D/BasicFigure( 2500): [TN_GLThread 73]onFocusLost time:2166371
11-06 18:46:59.952 D/BasicFigure( 2500): [TN_GLThread 73]isDrawFocused relyElement=[BaseElement@346a37d9]focusScale[1.15]elementAlpha[-1.0]refectAlpha[-1.0]isFocusAble[true]shadowIndex[-1]autoJumpType[-1]uniqueID[54resSize0]rect[NULL]
11-06 18:46:59.952 D/BasicFigure( 2500): [TN_GLThread 73]isDrawFocused basicFigure=com.suma.midware.view.b.c.c@3914159e
11-06 18:46:59.958 D/BasicFigure( 2500): [TN_GLThread 73]onFocusMoveAnim moveSpace=0.00000,x=332.500,xOffset=0.00000
11-06 18:46:59.958 D/FixedRes( 2500): [TN_GLThread 73]getNineImgRes nineImgSize=2
11-06 18:46:59.958 W/BasicRootPanel( 2500): [TN_GLThread 73]switchPanelLight lightFigure null
11-06 18:46:59.971 D/BasicFigure( 2500): [TN_GLThread 73]isDrawFocused relyElement=[BaseElement@346a37d9]focusScale[1.15]elementAlpha[-1.0]refectAlpha[-1.0]isFocusAble[true]shadowIndex[-1]autoJumpType[-1]uniqueID[54resSize0]rect[NULL]
11-06 18:46:59.971 D/BasicFigure( 2500): [TN_GLThread 73]isDrawFocused basicFigure=com.suma.midware.view.b.c.c@3914159e
11-06 18:46:59.991 D/BasicFigure( 2500): [TN_GLThread 73]isDrawFocused relyElement=[BaseElement@346a37d9]focusScale[1.15]elementAlpha[-1.0]refectAlpha[-1.0]isFocusAble[true]shadowIndex[-1]autoJumpType[-1]uniqueID[54resSize0]rect[NULL]
11-06 18:46:59.991 D/BasicFigure( 2500): [TN_GLThread 73]isDrawFocused basicFigure=com.suma.midware.view.b.c.c@3914159e
11-06 18:47:00.011 D/BasicFigure( 2500): [TN_GLThread 73]isDrawFocused relyElement=[BaseElement@346a37d9]focusScale[1.15]elementAlpha[-1.0]refectAlpha[-1.0]isFocusAble[true]shadowIndex[-1]autoJumpType[-1]uniqueID[54resSize0]rect[NULL]
11-06 18:47:00.011 D/BasicFigure( 2500): [TN_GLThread 73]isDrawFocused basicFigure=com.suma.midware.view.b.c.c@3914159e
11-06 18:47:00.014 I/Advanced( 4863): [QUEUE] share_queue_sendEx size:1 4097 501 0x8ee5df30,postLoopId:0,dstid:1.
11-06 18:47:00.016 D/BackBootDealerNeimeng( 2368): standbyState:
11-06 18:47:00.017 E/NetUtils( 2021): Interface eth0 LinkDown!
11-06 18:47:00.020 I/AdvancedPorting-PORT_MODULE_NET( 4863): network_task while... 
11-06 18:47:00.020 I/AdvancedPorting-PORT_MODULE_NET( 4863): 0 interface name: lo
11-06 18:47:00.020 I/AdvancedPorting-PORT_MODULE_NET( 4863): 1 interface name: wlan0
11-06 18:47:00.020 I/AdvancedPorting-PORT_MODULE_NET( 4863): First interface name: lo
11-06 18:47:00.020 I/AdvancedPorting-PORT_MODULE_NET( 4863): network_task while...  net_i:1
11-06 18:47:00.020 I/AdvancedPorting-PORT_MODULE_NET( 4863): network_task while---name_interface[0]=lo
11-06 18:47:00.020 I/AdvancedPorting-PORT_MODULE_NET( 4863): network_task while---name_interface[1]=wlan0
11-06 18:47:00.020 I/AdvancedPorting-PORT_MODULE_NET( 4863): network_task while---interface_name=wlan0
11-06 18:47:00.020 I/AdvancedPorting-PORT_MODULE_NET( 4863): network_get_netlink_status(in)--if_name=wlan0
11-06 18:47:00.020 I/AdvancedPorting-PORT_MODULE_NET( 4863): net.network.isconnected = no
11-06 18:47:00.020 I/AdvancedPorting-PORT_MODULE_NET( 4863): wlan0 --network_get_netlink_status return retval=1
11-06 18:47:00.020 I/AdvancedPorting-PORT_MODULE_NET( 4863): stat = 1 last_status = 1
11-06 18:47:00.021 V/SUMA    ( 1581): >> [CA] rocme_porting_ca_get_user_def_data_suma just for output:  *user_def_data=0(0x0)  
11-06 18:47:00.021 V/SUMA    ( 2368): [cas-c][CA_Manager_GetUserDefData 1941]leave !!!
11-06 18:47:00.021 D/CAManagerNative( 2368): getPrivateData key=246(0xf6),failed with result=-1
11-06 18:47:00.021 E/ByteUtil( 2500): [TN_AndroidTimer-0]getInt index=0,isBigEndia=true,bytes=null
11-06 18:47:00.021 D/ConfigUpdateOttAdmin( 2500): [TN_ThreadUtil-0]dealUpdateCheck menuConfig=[MenuConfig@f5d]configID[3840]configAlias[homeConfig]configName[home_config.dat]version[1]isFilePath1[false]rootView[com.suma.midware.home.third.h{1ee6ac1a VFE..... .F...... 0,0-1280,720}]rootLayout[null]
11-06 18:47:00.022 D/FileIOUtil( 2500): [TN_ThreadUtil-0]deleteFile filePath=/data/user/0/com.suma.midware.home/files/launcherRes/f00/1/,containRootDir=false
11-06 18:47:00.022 D/FileIOUtil( 2500): [TN_ThreadUtil-0]deleteFile file=/data/user/0/com.suma.midware.home/files/launcherRes/f00/1,containRootDir=false
11-06 18:47:00.022 D/CaNgbDealer( 2368): [TN_Binder_4]getCaCardInfo res=[I@3a101292,isCache=true
11-06 18:47:00.022 E/ConfigUpdateNeimengOttAdmin( 2500): [TN_ThreadUtil-0]checkConfig url=http://tvos-launcher.96066.com:8082/LancherWeb/getLauncherUpdatePackage?areaCode=&serialNumber=15510217310112851&standardVersion=1.0&mac=&hardVersion=04.01.01.02&launcherVersion=0&locationCode=0&cardOutID=8150010653229443&softVersion=03.16.00.03&type=1&model=8
11-06 18:47:00.022 E/FlyAndWeatherUpdate( 2500): [TN_ThreadUtil-1]url: http://tvos-launcher.96066.com:8082/LancherWeb/getLauncherWeather?hardVersion=04.01.01.02&locationCode=0&softVersion=03.16.00.03&serialNumber=15510217310112851&type=1&mac=&model=8
11-06 18:47:00.023 D/LoadHttpHandler( 2500): [TN_ThreadUtil-0]doNormal proxyConfig=null
11-06 18:47:00.023 D/LoadHttpHandler( 2500): [TN_ThreadUtil-1]doNormal proxyConfig=null
11-06 18:47:00.033 D/BasicFigure( 2500): [TN_GLThread 73]isDrawFocused relyElement=[BaseElement@346a37d9]focusScale[1.15]elementAlpha[-1.0]refectAlpha[-1.0]isFocusAble[true]shadowIndex[-1]autoJumpType[-1]uniqueID[54resSize0]rect[NULL]
11-06 18:47:00.033 D/BasicFigure( 2500): [TN_GLThread 73]isDrawFocused basicFigure=com.suma.midware.view.b.c.c@3914159e
11-06 18:47:00.052 D/BasicFigure( 2500): [TN_GLThread 73]isDrawFocused relyElement=[BaseElement@346a37d9]focusScale[1.15]elementAlpha[-1.0]refectAlpha[-1.0]isFocusAble[true]shadowIndex[-1]autoJumpType[-1]uniqueID[54resSize0]rect[NULL]
11-06 18:47:00.052 D/BasicFigure( 2500): [TN_GLThread 73]isDrawFocused basicFigure=com.suma.midware.view.b.c.c@3914159e
11-06 18:47:00.071 D/BasicFigure( 2500): [TN_GLThread 73]isDrawFocused relyElement=[BaseElement@346a37d9]focusScale[1.15]elementAlpha[-1.0]refectAlpha[-1.0]isFocusAble[true]shadowIndex[-1]autoJumpType[-1]uniqueID[54resSize0]rect[NULL]
11-06 18:47:00.071 D/BasicFigure( 2500): [TN_GLThread 73]isDrawFocused basicFigure=com.suma.midware.view.b.c.c@3914159e
11-06 18:47:00.091 D/BasicFigure( 2500): [TN_GLThread 73]isDrawFocused relyElement=[BaseElement@346a37d9]focusScale[1.15]elementAlpha[-1.0]refectAlpha[-1.0]isFocusAble[true]shadowIndex[-1]autoJumpType[-1]uniqueID[54resSize0]rect[NULL]
11-06 18:47:00.091 D/BasicFigure( 2500): [TN_GLThread 73]isDrawFocused basicFigure=com.suma.midware.view.b.c.c@3914159e
11-06 18:47:00.111 D/BasicFigure( 2500): [TN_GLThread 73]isDrawFocused relyElement=[BaseElement@346a37d9]focusScale[1.15]elementAlpha[-1.0]refectAlpha[-1.0]isFocusAble[true]shadowIndex[-1]autoJumpType[-1]uniqueID[54resSize0]rect[NULL]
11-06 18:47:00.111 D/BasicFigure( 2500): [TN_GLThread 73]isDrawFocused basicFigure=com.suma.midware.view.b.c.c@3914159e
11-06 18:47:00.131 D/BasicFigure( 2500): [TN_GLThread 73]isDrawFocused relyElement=[BaseElement@346a37d9]focusScale[1.15]elementAlpha[-1.0]refectAlpha[-1.0]isFocusAble[true]shadowIndex[-1]autoJumpType[-1]uniqueID[54resSize0]rect[NULL]
11-06 18:47:00.131 D/BasicFigure( 2500): [TN_GLThread 73]isDrawFocused basicFigure=com.suma.midware.view.b.c.c@3914159e
11-06 18:47:00.141 D/ir_user ( 1585): PlayerTimeLineTrace:linux_keycode:0x6c(UP),	protocol: .
11-06 18:47:00.141 V/PT      ( 1581): >>INFO:irkey_task:[    2166.573592] /dev/input/event0: type=0001 code=006c val=00000000
11-06 18:47:00.141 V/PT      ( 1581): >>INFO:irkey_send:0x3001 0x0028 up  
11-06 18:47:00.141 V/SUMA    ( 1581): ++++++++++++++  _roc_evtmgr_key_cbk 517:input = 12289, event=40, act=0x400
11-06 18:47:00.141 V/SUMA    ( 1581): lxm:_roc_evtmgr_key_cbk 519 2166573
11-06 18:47:00.141 V/SUMA    ( 1581): lxm:_roc_evtmgr_add_key_into_queue 311 2166573
11-06 18:47:00.142 V/PT      ( 1581): >>INFO:irkey_task:[    2166.573592] /dev/input/event0: type=0000 code=0000 val=00000000
11-06 18:47:00.142 V/SUMA    ( 1581): ===================>> type=0 src=0 evt=40 act=0x400
11-06 18:47:00.142 V/SUMA    ( 1581): [sysset-s][event_manager_cbk 78]lxm cbid=1, cbk_reg=1, cpid=2453
11-06 18:47:00.142 D/NGBEvent( 2453): ngbEventCallBack type:0 source :40
11-06 18:47:00.142 D/NGBEvent( 2453): [NGBEventManager-JNI]-returning:1
11-06 18:47:00.142 D/NGBEvent( 2453): Input key event: keyCode=40
11-06 18:47:00.142 D/NGBEvent( 2453): src:40 = dest:40
11-06 18:47:00.142 I/System.out( 2453): [DEBUG EventManager] LWJ--Add event to java with evt=NgbEvent-[type = 1, subtype = 402, code = 40]
11-06 18:47:00.142 D/NGBEvent( 2453): [NGBEvent_log]--[EventManager--JNI]:		start
11-06 18:47:00.142 I/System.out( 2453): [DEBUG EventManager] broadcastEvent  :len 1
11-06 18:47:00.142 D/RemoteIME( 4352): RemoteIME--> onKeyUp keyCode = 20
11-06 18:47:00.142 D/KeyEventNgbDealer( 2453): [TN_pool-1-thread-1]handleKeyReleased keyEvent=NgbEvent-[type = 1, subtype = 402, code = 40],time=2166574
11-06 18:47:00.142 D/Main3DActivity( 2500): [TN_main]dispatchKeyEvent event=KeyEvent { action=ACTION_UP, keyCode=KEYCODE_DPAD_DOWN, scanCode=108, metaState=0, flags=0x8, repeatCount=0, eventTime=2166573, downTime=2166364, deviceId=3, source=0x701 },isEventAble=true
11-06 18:47:00.152 D/BasicFigure( 2500): [TN_GLThread 73]isDrawFocused relyElement=[BaseElement@346a37d9]focusScale[1.15]elementAlpha[-1.0]refectAlpha[-1.0]isFocusAble[true]shadowIndex[-1]autoJumpType[-1]uniqueID[54resSize0]rect[NULL]
11-06 18:47:00.152 D/BasicFigure( 2500): [TN_GLThread 73]isDrawFocused basicFigure=com.suma.midware.view.b.c.c@3914159e
11-06 18:47:00.172 D/BasicFigure( 2500): [TN_GLThread 73]isDrawFocused relyElement=[BaseElement@346a37d9]focusScale[1.15]elementAlpha[-1.0]refectAlpha[-1.0]isFocusAble[true]shadowIndex[-1]autoJumpType[-1]uniqueID[54resSize0]rect[NULL]
11-06 18:47:00.172 D/BasicFigure( 2500): [TN_GLThread 73]isDrawFocused basicFigure=com.suma.midware.view.b.c.c@3914159e
11-06 18:47:00.191 D/BasicFigure( 2500): [TN_GLThread 73]isDrawFocused relyElement=[BaseElement@346a37d9]focusScale[1.15]elementAlpha[-1.0]refectAlpha[-1.0]isFocusAble[true]shadowIndex[-1]autoJumpType[-1]uniqueID[54resSize0]rect[NULL]
11-06 18:47:00.191 D/BasicFigure( 2500): [TN_GLThread 73]isDrawFocused basicFigure=com.suma.midware.view.b.c.c@3914159e
11-06 18:47:00.211 D/BasicFigure( 2500): [TN_GLThread 73]isDrawFocused relyElement=[BaseElement@346a37d9]focusScale[1.15]elementAlpha[-1.0]refectAlpha[-1.0]isFocusAble[true]shadowIndex[-1]autoJumpType[-1]uniqueID[54resSize0]rect[NULL]
11-06 18:47:00.211 D/BasicFigure( 2500): [TN_GLThread 73]isDrawFocused basicFigure=com.suma.midware.view.b.c.c@3914159e
11-06 18:47:00.215 I/Advanced( 4863): [QUEUE] share_queue_sendEx size:1 4097 502 0x8ee5df30,postLoopId:0,dstid:1.
11-06 18:47:00.231 D/BasicFigure( 2500): [TN_GLThread 73]isDrawFocused relyElement=[BaseElement@346a37d9]focusScale[1.15]elementAlpha[-1.0]refectAlpha[-1.0]isFocusAble[true]shadowIndex[-1]autoJumpType[-1]uniqueID[54resSize0]rect[NULL]
11-06 18:47:00.231 D/BasicFigure( 2500): [TN_GLThread 73]isDrawFocused basicFigure=com.suma.midware.view.b.c.c@3914159e
11-06 18:47:00.252 D/BasicFigure( 2500): [TN_GLThread 73]isDrawFocused relyElement=[BaseElement@346a37d9]focusScale[1.15]elementAlpha[-1.0]refectAlpha[-1.0]isFocusAble[true]shadowIndex[-1]autoJumpType[-1]uniqueID[54resSize0]rect[NULL]
11-06 18:47:00.252 D/BasicFigure( 2500): [TN_GLThread 73]isDrawFocused basicFigure=com.suma.midware.view.b.c.c@3914159e
11-06 18:47:00.273 D/BasicFigure( 2500): [TN_GLThread 73]isDrawFocused relyElement=[BaseElement@346a37d9]focusScale[1.15]elementAlpha[-1.0]refectAlpha[-1.0]isFocusAble[true]shadowIndex[-1]autoJumpType[-1]uniqueID[54resSize0]rect[NULL]
11-06 18:47:00.273 D/BasicFigure( 2500): [TN_GLThread 73]isDrawFocused basicFigure=com.suma.midware.view.b.c.c@3914159e
11-06 18:47:00.292 D/BasicFigure( 2500): [TN_GLThread 73]isDrawFocused relyElement=[BaseElement@346a37d9]focusScale[1.15]elementAlpha[-1.0]refectAlpha[-1.0]isFocusAble[true]shadowIndex[-1]autoJumpType[-1]uniqueID[54resSize0]rect[NULL]
11-06 18:47:00.292 D/BasicFigure( 2500): [TN_GLThread 73]isDrawFocused basicFigure=com.suma.midware.view.b.c.c@3914159e
11-06 18:47:00.312 D/BasicFigure( 2500): [TN_GLThread 73]isDrawFocused relyElement=[BaseElement@346a37d9]focusScale[1.15]elementAlpha[-1.0]refectAlpha[-1.0]isFocusAble[true]shadowIndex[-1]autoJumpType[-1]uniqueID[54resSize0]rect[NULL]
11-06 18:47:00.312 D/BasicFigure( 2500): [TN_GLThread 73]isDrawFocused basicFigure=com.suma.midware.view.b.c.c@3914159e
11-06 18:47:00.331 D/BasicFigure( 2500): [TN_GLThread 73]isDrawFocused relyElement=[BaseElement@346a37d9]focusScale[1.15]elementAlpha[-1.0]refectAlpha[-1.0]isFocusAble[true]shadowIndex[-1]autoJumpType[-1]uniqueID[54resSize0]rect[NULL]
11-06 18:47:00.332 D/BasicFigure( 2500): [TN_GLThread 73]isDrawFocused basicFigure=com.suma.midware.view.b.c.c@3914159e
11-06 18:47:00.351 D/BasicFigure( 2500): [TN_GLThread 73]isDrawFocused relyElement=[BaseElement@346a37d9]focusScale[1.15]elementAlpha[-1.0]refectAlpha[-1.0]isFocusAble[true]shadowIndex[-1]autoJumpType[-1]uniqueID[54resSize0]rect[NULL]
11-06 18:47:00.352 D/BasicFigure( 2500): [TN_GLThread 73]isDrawFocused basicFigure=com.suma.midware.view.b.c.c@3914159e
11-06 18:47:00.415 I/Advanced( 4863): [QUEUE] share_queue_sendEx size:1 4097 503 0x8ee5df30,postLoopId:0,dstid:1.
11-06 18:47:00.517 D/BackBootDealerNeimeng( 2368): standbyState:
11-06 18:47:00.518 E/NetUtils( 2021): Interface eth0 LinkDown!
11-06 18:47:00.568 D/[blink]DOMTimer( 4863): [fired] 0x5b7f2d88 timeout fired.
11-06 18:47:00.568 D/ScriptController( 4863): [executeScriptAndReturnValue] [V8] evaluate Script start. frame=0x5f9a1a48 url= line=1. source length=22
11-06 18:47:00.568 D/iPanel  ( 4863): iPanel.debug("checkOverlayCreated")
11-06 18:47:00.568 D/[blink]DOMTimer( 4863): [DOMTimer] 0x5b7f2df8 setTimeout 300ms, repeat:0.
11-06 18:47:00.568 D/ScriptController( 4863): [executeScriptAndReturnValue] [V8] evaluate Script end. frame=0x5f9a1a48 
11-06 18:47:00.615 I/Advanced( 4863): [QUEUE] share_queue_sendEx size:1 4097 504 0x8ee5df30,postLoopId:0,dstid:1.
11-06 18:47:00.815 I/Advanced( 4863): [QUEUE] share_queue_sendEx size:1 4097 505 0x8ee5df30,postLoopId:0,dstid:1.
11-06 18:47:00.826 D/TimeUpdate( 2500): [TN_main]dealTimeUpdate curTime=java.util.GregorianCalendar[time=1509965220825,areFieldsSet=true,lenient=true,zone=Asia/Shanghai,firstDayOfWeek=1,minimalDaysInFirstWeek=1,ERA=1,YEAR=2017,MONTH=10,WEEK_OF_YEAR=45,WEEK_OF_MONTH=2,DAY_OF_MONTH=6,DAY_OF_YEAR=310,DAY_OF_WEEK=2,DAY_OF_WEEK_IN_MONTH=1,AM_PM=1,HOUR=6,HOUR_OF_DAY=18,MINUTE=47,SECOND=0,MILLISECOND=825,ZONE_OFFSET=28800000,DST_OFFSET=0]
11-06 18:47:00.828 D/TextureManager( 2500): deleteTexture key:18:46_24_-1711276033_0_5.0_3.0_3.0_-7829368:textureID:23
11-06 18:47:00.832 D/TextureManager( 2500): loadTexture name:18:47_24_-1711276033_0_5.0_3.0_3.0_-7829368:textureID:23:recordSize:null
11-06 18:47:00.848 D/BasicFigure( 2500): [TN_GLThread 73]isDrawFocused relyElement=[BaseElement@346a37d9]focusScale[1.15]elementAlpha[-1.0]refectAlpha[-1.0]isFocusAble[true]shadowIndex[-1]autoJumpType[-1]uniqueID[54resSize0]rect[NULL]
11-06 18:47:00.848 D/BasicFigure( 2500): [TN_GLThread 73]isDrawFocused basicFigure=com.suma.midware.view.b.c.c@3914159e
11-06 18:47:00.874 D/BasicFigure( 2500): [TN_GLThread 73]isDrawFocused relyElement=[BaseElement@346a37d9]focusScale[1.15]elementAlpha[-1.0]refectAlpha[-1.0]isFocusAble[true]shadowIndex[-1]autoJumpType[-1]uniqueID[54resSize0]rect[NULL]
11-06 18:47:00.874 D/BasicFigure( 2500): [TN_GLThread 73]isDrawFocused basicFigure=com.suma.midware.view.b.c.c@3914159e
11-06 18:47:01.016 I/Advanced( 4863): [QUEUE] share_queue_sendEx size:1 4097 506 0x8ee5df30,postLoopId:0,dstid:1.
11-06 18:47:01.018 D/BackBootDealerNeimeng( 2368): standbyState:
11-06 18:47:01.019 E/NetUtils( 2021): Interface eth0 LinkDown!
11-06 18:47:01.020 I/AdvancedPorting-PORT_MODULE_NET( 4863): network_task while... 
11-06 18:47:01.020 I/AdvancedPorting-PORT_MODULE_NET( 4863): 0 interface name: lo
11-06 18:47:01.020 I/AdvancedPorting-PORT_MODULE_NET( 4863): 1 interface name: wlan0
11-06 18:47:01.020 I/AdvancedPorting-PORT_MODULE_NET( 4863): First interface name: lo
11-06 18:47:01.020 I/AdvancedPorting-PORT_MODULE_NET( 4863): network_task while...  net_i:1
11-06 18:47:01.020 I/AdvancedPorting-PORT_MODULE_NET( 4863): network_task while---name_interface[0]=lo
11-06 18:47:01.020 I/AdvancedPorting-PORT_MODULE_NET( 4863): network_task while---name_interface[1]=wlan0
11-06 18:47:01.020 I/AdvancedPorting-PORT_MODULE_NET( 4863): network_task while---interface_name=wlan0
11-06 18:47:01.020 I/AdvancedPorting-PORT_MODULE_NET( 4863): network_get_netlink_status(in)--if_name=wlan0
11-06 18:47:01.020 I/AdvancedPorting-PORT_MODULE_NET( 4863): net.network.isconnected = no
11-06 18:47:01.020 I/AdvancedPorting-PORT_MODULE_NET( 4863): wlan0 --network_get_netlink_status return retval=1
11-06 18:47:01.020 I/AdvancedPorting-PORT_MODULE_NET( 4863): stat = 1 last_status = 1
11-06 18:47:01.216 I/Advanced( 4863): [QUEUE] share_queue_sendEx size:1 4097 507 0x8ee5df30,postLoopId:0,dstid:1.
11-06 18:47:01.417 I/Advanced( 4863): [QUEUE] share_queue_sendEx size:1 4097 508 0x8ee5df30,postLoopId:0,dstid:1.
11-06 18:47:01.519 D/BackBootDealerNeimeng( 2368): standbyState:
11-06 18:47:01.520 E/NetUtils( 2021): Interface eth0 LinkDown!
11-06 18:47:01.568 D/[blink]DOMTimer( 4863): [fired] 0x5b7f2df8 timeout fired.
11-06 18:47:01.568 D/ScriptController( 4863): [executeScriptAndReturnValue] [V8] evaluate Script start. frame=0x5f9a1a48 url= line=1. source length=22
11-06 18:47:01.568 D/iPanel  ( 4863): iPanel.debug("checkOverlayCreated")
11-06 18:47:01.568 D/[blink]DOMTimer( 4863): [DOMTimer] 0x5b7f2e68 setTimeout 300ms, repeat:0.
11-06 18:47:01.569 D/ScriptController( 4863): [executeScriptAndReturnValue] [V8] evaluate Script end. frame=0x5f9a1a48 
11-06 18:47:01.617 I/Advanced( 4863): [QUEUE] share_queue_sendEx size:1 4097 509 0x8ee5df30,postLoopId:0,dstid:1.
11-06 18:47:01.672 D/ir_user ( 1585): PlayerTimeLineTrace:linux_keycode:0x67(DOWN),	protocol: .
11-06 18:47:01.672 V/PT      ( 1581): >>INFO:irkey_task:[    2168.103773] /dev/input/event0: type=0001 code=0067 val=00000001
11-06 18:47:01.672 V/PT      ( 1581): >>INFO:irkey_send:0x3001 0x0026 down
11-06 18:47:01.672 V/SUMA    ( 1581): ++++++++++++++  _roc_evtmgr_key_cbk 517:input = 12289, event=38, act=0x100
11-06 18:47:01.672 V/SUMA    ( 1581): lxm:_roc_evtmgr_key_cbk 519 2168104
11-06 18:47:01.672 V/SUMA    ( 1581): lxm:_roc_evtmgr_add_evt_into_queue 347 2168104
11-06 18:47:01.672 V/PT      ( 1581): >>INFO:irkey_task:[    2168.103773] /dev/input/event0: type=0000 code=0000 val=00000000
11-06 18:47:01.672 V/SUMA    ( 1581): ===================>> type=0 src=0 evt=38 act=0x100
11-06 18:47:01.672 V/SUMA    ( 1581): [sysset-s][event_manager_cbk 78]lxm cbid=1, cbk_reg=1, cpid=2453
11-06 18:47:01.672 D/NGBEvent( 2453): ngbEventCallBack type:0 source :38
11-06 18:47:01.673 D/NGBEvent( 2453): [NGBEventManager-JNI]-returning:1
11-06 18:47:01.673 D/NGBEvent( 2453): Input key event: keyCode=38
11-06 18:47:01.673 D/NGBEvent( 2453): src:38 = dest:38
11-06 18:47:01.673 I/System.out( 2453): [DEBUG EventManager] LWJ--Add event to java with evt=NgbEvent-[type = 1, subtype = 401, code = 38]
11-06 18:47:01.673 D/NGBEvent( 2453): [NGBEvent_log]--[EventManager--JNI]:		start
11-06 18:47:01.673 I/System.out( 2453): [DEBUG EventManager] broadcastEvent  :len 1
11-06 18:47:01.673 D/CombineKeyUtil( 2453): [TN_pool-1-thread-1]dealKeyEvent,combineIndex:-1:keyCode:19
11-06 18:47:01.674 D/KeyEventNgbDealer( 2453): [TN_pool-1-thread-1]handleKeyPressed keyEvent=NgbEvent-[type = 1, subtype = 401, code = 38],time=2168105
11-06 18:47:01.674 D/RemoteIME( 4352): onKeyDown event = KeyEvent { action=ACTION_DOWN, keyCode=KEYCODE_DPAD_UP, scanCode=103, metaState=0, flags=0x8, repeatCount=0, eventTime=2168103, downTime=2168103, deviceId=3, source=0x701 },mSkbContainer=null
11-06 18:47:01.675 D/Main3DActivity( 2500): [TN_main]dispatchKeyEvent event=KeyEvent { action=ACTION_DOWN, keyCode=KEYCODE_DPAD_UP, scanCode=103, metaState=0, flags=0x8, repeatCount=0, eventTime=2168103, downTime=2168103, deviceId=3, source=0x701 },isEventAble=true
11-06 18:47:01.675 D/InputEventConsistencyVerifier( 2500): KeyEvent: ACTION_DOWN but key is already down and this event is not a key repeat.
11-06 18:47:01.675 D/InputEventConsistencyVerifier( 2500):   in com.android.internal.policy.impl.PhoneWindow$DecorView{1af2850f V.E..... R.....I. 0,0-1280,720}
11-06 18:47:01.675 D/InputEventConsistencyVerifier( 2500):   0: sent at 2168103000000, KeyEvent { action=ACTION_DOWN, keyCode=KEYCODE_DPAD_UP, scanCode=103, metaState=0, flags=0x8, repeatCount=0, eventTime=2168103, downTime=2168103, deviceId=3, source=0x701 }
11-06 18:47:01.675 D/InputEventConsistencyVerifier( 2500):   -- recent events --
11-06 18:47:01.675 D/InputEventConsistencyVerifier( 2500):   1: sent at 2166364000000, KeyEvent { action=ACTION_DOWN, keyCode=KEYCODE_DPAD_DOWN, scanCode=108, metaState=0, flags=0x80000008, repeatCount=0, eventTime=2166364, downTime=2166364, deviceId=3, source=0x701 }
11-06 18:47:01.675 D/InputEventConsistencyVerifier( 2500):   2: sent at 2166054000000, KeyEvent { action=ACTION_DOWN, keyCode=KEYCODE_DPAD_DOWN, scanCode=108, metaState=0, flags=0x80000008, repeatCount=0, eventTime=2166054, downTime=2166054, deviceId=3, source=0x701 }
11-06 18:47:01.675 D/InputEventConsistencyVerifier( 2500):   3: sent at 2165627000000, KeyEvent { action=ACTION_DOWN, keyCode=KEYCODE_DPAD_RIGHT, scanCode=106, metaState=0, flags=0x80000008, repeatCount=0, eventTime=2165627, downTime=2165627, deviceId=3, source=0x701 }
11-06 18:47:01.675 D/InputEventConsistencyVerifier( 2500):   4: sent at 2165185000000, KeyEvent { action=ACTION_DOWN, keyCode=KEYCODE_DPAD_RIGHT, scanCode=106, metaState=0, flags=0x80000008, repeatCount=0, eventTime=2165185, downTime=2165185, deviceId=3, source=0x701 }
11-06 18:47:01.675 D/InputEventConsistencyVerifier( 2500):   5: sent at 2065034000000, KeyEvent { action=ACTION_DOWN, keyCode=KEYCODE_DPAD_CENTER, scanCode=28, metaState=0, flags=0x80000008, repeatCount=0, eventTime=2065034, downTime=2065034, deviceId=3, source=0x701 }
11-06 18:47:01.675 D/BasicRootView( 2500): [TN_main]dispatchKeyEvent event=KeyEvent { action=ACTION_DOWN, keyCode=KEYCODE_DPAD_UP, scanCode=103, metaState=0, flags=0x80000008, repeatCount=0, eventTime=2168103, downTime=2168103, deviceId=3, source=0x701 },curRootPanel=com.suma.midware.home.third.a.a@25f7f74e
11-06 18:47:01.676 D/GLRootRenderer( 2500): dispatchKeyEvent event:KeyEvent { action=ACTION_DOWN, keyCode=KEYCODE_DPAD_UP, scanCode=103, metaState=0, flags=0x80000008, repeatCount=0, eventTime=2168103, downTime=2168103, deviceId=3, source=0x701 }:lastKeyCode:20:lastKeyAction:0:lastkeycount:1:size:0
11-06 18:47:01.676 D/Scene   ( 2500): dispatchKeyEvent event:KeyEvent { action=ACTION_DOWN, keyCode=KEYCODE_DPAD_UP, scanCode=103, metaState=0, flags=0x80000008, repeatCount=0, eventTime=2168103, downTime=2168103, deviceId=3, source=0x701 }
11-06 18:47:01.676 D/Scene   ( 2500): dispatchKeyEvent currentFocus = com.suma.midware.view.b.c.c@21d01805
11-06 18:47:01.676 D/Scene   ( 2500): dispatchKeyEvent nextFocus:null
11-06 18:47:01.676 D/BasicFigure( 2500): [TN_GLThread 73]dealKeyEvent event=KeyEvent { action=ACTION_DOWN, keyCode=KEYCODE_DPAD_UP, scanCode=103, metaState=0, flags=0x80000008, repeatCount=0, eventTime=2168103, downTime=2168103, deviceId=3, source=0x701 }
11-06 18:47:01.677 D/MenuUtil( 2500): [TN_GLThread 73]searchVerticalFigure x=1117.00,y=628.000,width=351.000,height=190.000,excludeObj=com.suma.midware.view.b.c.c@21d01805
11-06 18:47:01.678 D/MenuUtil( 2500): [TN_GLThread 73]isAbove y1=105.000,y2=628.000,cube1=890.0,110.0,1.0,cube2=351.0,190.0,1.0,obj3d1=com.suma.midware.view.b.d.b@3c426a17,obj3d2=com.suma.midware.view.b.c.c@21d01805
11-06 18:47:01.679 D/MenuUtil( 2500): [TN_GLThread 73]isAbove y1=424.000,y2=105.000,cube1=351.0,190.0,1.0,cube2=890.0,110.0,1.0,obj3d1=com.suma.midware.view.b.c.c@1b3ab77c,obj3d2=com.suma.midware.view.b.d.b@3c426a17
11-06 18:47:01.679 D/BasicFigure( 2500): [TN_GLThread 73]onFocusLost figure=com.suma.midware.view.b.c.c@21d01805
11-06 18:47:01.679 W/BasicRootPanel( 2500): [TN_GLThread 73]switchPanelLight lightFigure null
11-06 18:47:01.679 D/BasicFigure( 2500): [TN_GLThread 73]onFocusGain figure=com.suma.midware.view.b.c.c@1b3ab77c
11-06 18:47:01.679 D/BasicFigure( 2500): [TN_GLThread 73]onFocusGain panelIndex=0,curPanelIndex=0,basicFigure=com.suma.midware.view.b.c.c@1b3ab77c
11-06 18:47:01.679 D/BasicFigure( 2500): [TN_GLThread 73]onFocusLost time:2168111
11-06 18:47:01.685 D/BasicFigure( 2500): [TN_GLThread 73]isDrawFocused relyElement=[BaseElement@346a37d9]focusScale[1.15]elementAlpha[-1.0]refectAlpha[-1.0]isFocusAble[true]shadowIndex[-1]autoJumpType[-1]uniqueID[54resSize0]rect[NULL]
11-06 18:47:01.685 D/BasicFigure( 2500): [TN_GLThread 73]isDrawFocused basicFigure=com.suma.midware.view.b.c.c@3914159e
11-06 18:47:01.690 D/BasicFigure( 2500): [TN_GLThread 73]onFocusMoveAnim moveSpace=0.00000,x=332.500,xOffset=0.00000
11-06 18:47:01.690 D/FixedRes( 2500): [TN_GLThread 73]getNineImgRes nineImgSize=2
11-06 18:47:01.690 W/BasicRootPanel( 2500): [TN_GLThread 73]switchPanelLight lightFigure null
11-06 18:47:01.695 D/BasicFigure( 2500): [TN_GLThread 73]isDrawFocused relyElement=[BaseElement@346a37d9]focusScale[1.15]elementAlpha[-1.0]refectAlpha[-1.0]isFocusAble[true]shadowIndex[-1]autoJumpType[-1]uniqueID[54resSize0]rect[NULL]
11-06 18:47:01.695 D/BasicFigure( 2500): [TN_GLThread 73]isDrawFocused basicFigure=com.suma.midware.view.b.c.c@3914159e
11-06 18:47:01.707 D/BasicFigure( 2500): [TN_GLThread 73]isDrawFocused relyElement=[BaseElement@346a37d9]focusScale[1.15]elementAlpha[-1.0]refectAlpha[-1.0]isFocusAble[true]shadowIndex[-1]autoJumpType[-1]uniqueID[54resSize0]rect[NULL]
11-06 18:47:01.707 D/BasicFigure( 2500): [TN_GLThread 73]isDrawFocused basicFigure=com.suma.midware.view.b.c.c@3914159e
11-06 18:47:01.720 D/BasicFigure( 2500): [TN_GLThread 73]isDrawFocused relyElement=[BaseElement@346a37d9]focusScale[1.15]elementAlpha[-1.0]refectAlpha[-1.0]isFocusAble[true]shadowIndex[-1]autoJumpType[-1]uniqueID[54resSize0]rect[NULL]
11-06 18:47:01.720 D/BasicFigure( 2500): [TN_GLThread 73]isDrawFocused basicFigure=com.suma.midware.view.b.c.c@3914159e
11-06 18:47:01.739 D/BasicFigure( 2500): [TN_GLThread 73]isDrawFocused relyElement=[BaseElement@346a37d9]focusScale[1.15]elementAlpha[-1.0]refectAlpha[-1.0]isFocusAble[true]shadowIndex[-1]autoJumpType[-1]uniqueID[54resSize0]rect[NULL]
11-06 18:47:01.739 D/BasicFigure( 2500): [TN_GLThread 73]isDrawFocused basicFigure=com.suma.midware.view.b.c.c@3914159e
11-06 18:47:01.751 D/BasicFigure( 2500): [TN_GLThread 73]isDrawFocused relyElement=[BaseElement@346a37d9]focusScale[1.15]elementAlpha[-1.0]refectAlpha[-1.0]isFocusAble[true]shadowIndex[-1]autoJumpType[-1]uniqueID[54resSize0]rect[NULL]
11-06 18:47:01.751 D/BasicFigure( 2500): [TN_GLThread 73]isDrawFocused basicFigure=com.suma.midware.view.b.c.c@3914159e
11-06 18:47:01.770 D/BasicFigure( 2500): [TN_GLThread 73]isDrawFocused relyElement=[BaseElement@346a37d9]focusScale[1.15]elementAlpha[-1.0]refectAlpha[-1.0]isFocusAble[true]shadowIndex[-1]autoJumpType[-1]uniqueID[54resSize0]rect[NULL]
11-06 18:47:01.770 D/BasicFigure( 2500): [TN_GLThread 73]isDrawFocused basicFigure=com.suma.midware.view.b.c.c@3914159e
11-06 18:47:01.790 D/BasicFigure( 2500): [TN_GLThread 73]isDrawFocused relyElement=[BaseElement@346a37d9]focusScale[1.15]elementAlpha[-1.0]refectAlpha[-1.0]isFocusAble[true]shadowIndex[-1]autoJumpType[-1]uniqueID[54resSize0]rect[NULL]
11-06 18:47:01.790 D/BasicFigure( 2500): [TN_GLThread 73]isDrawFocused basicFigure=com.suma.midware.view.b.c.c@3914159e
11-06 18:47:01.806 D/BasicFigure( 2500): [TN_GLThread 73]isDrawFocused relyElement=[BaseElement@346a37d9]focusScale[1.15]elementAlpha[-1.0]refectAlpha[-1.0]isFocusAble[true]shadowIndex[-1]autoJumpType[-1]uniqueID[54resSize0]rect[NULL]
11-06 18:47:01.806 D/BasicFigure( 2500): [TN_GLThread 73]isDrawFocused basicFigure=com.suma.midware.view.b.c.c@3914159e
11-06 18:47:01.818 D/BasicFigure( 2500): [TN_GLThread 73]isDrawFocused relyElement=[BaseElement@346a37d9]focusScale[1.15]elementAlpha[-1.0]refectAlpha[-1.0]isFocusAble[true]shadowIndex[-1]autoJumpType[-1]uniqueID[54resSize0]rect[NULL]
11-06 18:47:01.818 I/Advanced( 4863): [QUEUE] share_queue_sendEx size:1 4097 510 0x8ee5df30,postLoopId:0,dstid:1.
11-06 18:47:01.818 D/BasicFigure( 2500): [TN_GLThread 73]isDrawFocused basicFigure=com.suma.midware.view.b.c.c@3914159e
11-06 18:47:01.833 D/BasicFigure( 2500): [TN_GLThread 73]isDrawFocused relyElement=[BaseElement@346a37d9]focusScale[1.15]elementAlpha[-1.0]refectAlpha[-1.0]isFocusAble[true]shadowIndex[-1]autoJumpType[-1]uniqueID[54resSize0]rect[NULL]
11-06 18:47:01.833 D/BasicFigure( 2500): [TN_GLThread 73]isDrawFocused basicFigure=com.suma.midware.view.b.c.c@3914159e
11-06 18:47:01.852 D/BasicFigure( 2500): [TN_GLThread 73]isDrawFocused relyElement=[BaseElement@346a37d9]focusScale[1.15]elementAlpha[-1.0]refectAlpha[-1.0]isFocusAble[true]shadowIndex[-1]autoJumpType[-1]uniqueID[54resSize0]rect[NULL]
11-06 18:47:01.852 D/BasicFigure( 2500): [TN_GLThread 73]isDrawFocused basicFigure=com.suma.midware.view.b.c.c@3914159e
11-06 18:47:01.872 D/BasicFigure( 2500): [TN_GLThread 73]isDrawFocused relyElement=[BaseElement@346a37d9]focusScale[1.15]elementAlpha[-1.0]refectAlpha[-1.0]isFocusAble[true]shadowIndex[-1]autoJumpType[-1]uniqueID[54resSize0]rect[NULL]
11-06 18:47:01.872 D/BasicFigure( 2500): [TN_GLThread 73]isDrawFocused basicFigure=com.suma.midware.view.b.c.c@3914159e
11-06 18:47:01.881 D/ir_user ( 1585): PlayerTimeLineTrace:linux_keycode:0x67(UP),	protocol: .
11-06 18:47:01.881 V/PT      ( 1581): >>INFO:irkey_task:[    2168.313060] /dev/input/event0: type=0001 code=0067 val=00000000
11-06 18:47:01.881 V/PT      ( 1581): >>INFO:irkey_send:0x3001 0x0026 up  
11-06 18:47:01.881 V/SUMA    ( 1581): ++++++++++++++  _roc_evtmgr_key_cbk 517:input = 12289, event=38, act=0x400
11-06 18:47:01.881 V/SUMA    ( 1581): lxm:_roc_evtmgr_key_cbk 519 2168313
11-06 18:47:01.881 V/SUMA    ( 1581): lxm:_roc_evtmgr_add_key_into_queue 311 2168313
11-06 18:47:01.881 V/PT      ( 1581): >>INFO:irkey_task:[    2168.313060] /dev/input/event0: type=0000 code=0000 val=00000000
11-06 18:47:01.881 V/SUMA    ( 1581): ===================>> type=0 src=0 evt=38 act=0x400
11-06 18:47:01.881 V/SUMA    ( 1581): [sysset-s][event_manager_cbk 78]lxm cbid=1, cbk_reg=1, cpid=2453
11-06 18:47:01.881 D/NGBEvent( 2453): ngbEventCallBack type:0 source :38
11-06 18:47:01.881 D/NGBEvent( 2453): [NGBEventManager-JNI]-returning:1
11-06 18:47:01.881 D/NGBEvent( 2453): Input key event: keyCode=38
11-06 18:47:01.881 D/NGBEvent( 2453): src:38 = dest:38
11-06 18:47:01.881 I/System.out( 2453): [DEBUG EventManager] LWJ--Add event to java with evt=NgbEvent-[type = 1, subtype = 402, code = 38]
11-06 18:47:01.881 D/NGBEvent( 2453): [NGBEvent_log]--[EventManager--JNI]:		start
11-06 18:47:01.881 I/System.out( 2453): [DEBUG EventManager] broadcastEvent  :len 1
11-06 18:47:01.881 D/KeyEventNgbDealer( 2453): [TN_pool-1-thread-1]handleKeyReleased keyEvent=NgbEvent-[type = 1, subtype = 402, code = 38],time=2168313
11-06 18:47:01.882 D/RemoteIME( 4352): RemoteIME--> onKeyUp keyCode = 19
11-06 18:47:01.882 D/Main3DActivity( 2500): [TN_main]dispatchKeyEvent event=KeyEvent { action=ACTION_UP, keyCode=KEYCODE_DPAD_UP, scanCode=103, metaState=0, flags=0x8, repeatCount=0, eventTime=2168313, downTime=2168103, deviceId=3, source=0x701 },isEventAble=true
11-06 18:47:01.892 D/BasicFigure( 2500): [TN_GLThread 73]isDrawFocused relyElement=[BaseElement@346a37d9]focusScale[1.15]elementAlpha[-1.0]refectAlpha[-1.0]isFocusAble[true]shadowIndex[-1]autoJumpType[-1]uniqueID[54resSize0]rect[NULL]
11-06 18:47:01.892 D/BasicFigure( 2500): [TN_GLThread 73]isDrawFocused basicFigure=com.suma.midware.view.b.c.c@3914159e
11-06 18:47:01.911 D/BasicFigure( 2500): [TN_GLThread 73]isDrawFocused relyElement=[BaseElement@346a37d9]focusScale[1.15]elementAlpha[-1.0]refectAlpha[-1.0]isFocusAble[true]shadowIndex[-1]autoJumpType[-1]uniqueID[54resSize0]rect[NULL]
11-06 18:47:01.911 D/BasicFigure( 2500): [TN_GLThread 73]isDrawFocused basicFigure=com.suma.midware.view.b.c.c@3914159e
11-06 18:47:01.931 D/EsgNeiMengDealer( 2368): [TN_ThreadUtil-12]checkBootAd bootAd=[Advertisment@34d5d2aa]category[1]version[0]profile[2]group[[GroupProperty@3eb6ae9b]associateType[3]groupIDs[len:10:10000:7101:7105:9999:7000:17:1001:20002:20001:1003]]service[null]period[[Advertisment@3ddc238]dates[]times[len0:102:len1:102:20170821 000000-20170821 235959:20170822 000000-20170822 235959:20170823 000000-20170823 235959:20170824 000000-20170824 235959:20170825 000000-20170825 235959:20170826 000000-20170826 235959:20170827 000000-20170827 235959:20170828 000000-20170828 235959:20170829 000000-20170829 235959:20170830 000000-20170830 235959:20170831 000000-20170831 235959:20170901 000000-20170901 235959:20170902 000000-20170902 235959:20170903 000000-20170903 235959:20170904 000000-20170904 235959:20170905 000000-20170905 235959:20170906 000000-20170906 235959:20170907 000000-20170907 235959:20170908 000000-20170908 235959:20170909 000000-20170909 235959:20170910 000000-20170910 235959:20170911 000000-20170911 235959:20170912 000000-20170912 235959:20170913 000000-20170913 235959:20170914 000000-20170914 235959:20170915 000000-20170915 235959:20170916 000000-20170916 235959:20170917 000000-20170917 235959:20170918 000000-20170918 235959:20170919 000000-20170919 235959:20170920 000000-20170920 235959:20170921 000000-20170921 235959:20170922 000000-20170922 235959:20170923 000000-20170923 235959:20170924 000000-20170924 235959:20170925 000000-20170925 235959:20170926 000000-20170926 235959:20170927 000000-20170927 235959:20170928 000000-20170928 235959:20170929 000000-20170929 235959:20170930 000000-20170930 235959:20171001 000000-20171001 235959:20171002 000000-20171002 235959:20171003 000000-20171003 235959:20171004 000000-20171004 235959:20171005 000000-20171005 235959:20171006 000000-20171006 235959:20171007 000000-20171007 235959:20171008 000000-20171008 235959:20171009 000000-20171009 235959:20171010 000000-20171010 235959:20171011 000000-20171011 235959:20171012 000000-20171012 235959:20171013 000000-20171013 235959:20171014 000000-20171014 235959:20171015 000000-20171015 235959:20171016 000000-20171016 235959:20171017 000000-20171017 235959:20171018 000000-20171018 235959:20171019 000000-20171019 235959:20171020 000000-20171020 235959:20171021 000000-20171021 235959:20171022 000000-20171022 235959:20171023 000000-20171023 235959:20171024 000000-20171024 235959:20171025 000000-20171025 235959:20171026 000000-20171026 235959:20171027 000000-20171027 235959:20171028 000000-20171028 235959:20171029 000000-20171029 235959:20171030 000000-20171030 235959:20171031 000000-20171031 235959:20171101 000000-20171101 235959:20171102 000000-20171102 235959:20171103 000000-20171103 235959:20171104 000000-20171104 235959:20171105 000000-20171105 235959:20171106 000000-20171106 235959:20171107 000000-20171107 235959:20171108 000000-20171108 235959:20171109 000000-20171109 235959:20171110 000000-20171110 235959:20171111 000000-20171111 235959:20171112 000000-20171112 235959:20171113 000000-20171113 235959:20171114 000000-20171114 235959:20171115 000000-20171115 235959:20171116 000000-20171116 235959:20171117 000000-20171117 235959:20171118 000000-20171118 235959:20171119 000000-20171119 235959:20171120 000000-20171120 235959:20171121 000000-20171121 235959:20171122 000000-20171122 235959:20171123 000000-20171123 235959:20171124 000000-20171124 235959:20171125 000000-20171125 235959:20171126 000000-20171126 235959:20171127 000000-20171127 235959:20171128 000000-20171128 235959:20171129 000000-20171129 235959:20171130 000000-20171130 235959]]
11-06 18:47:01.931 D/BasicFigure( 2500): [TN_GLThread 73]isDrawFocused relyElement=[BaseElement@346a37d9]focusScale[1.15]elementAlpha[-1.0]refectAlpha[-1.0]isFocusAble[true]shadowIndex[-1]autoJumpType[-1]uniqueID[54resSize0]rect[NULL]
11-06 18:47:01.931 D/BasicFigure( 2500): [TN_GLThread 73]isDrawFocused basicFigure=com.suma.midware.view.b.c.c@3914159e
11-06 18:47:01.931 I/System.out( 2368): [DEBUG SectionFilterGroup] The filterGroupHandle is: -1622574856
11-06 18:47:01.932 D/LoadPipeHandler( 2368): [TN_ThreadUtil-12]dealTableLoad pipeTask=[LoadPipeTask@d6c9463]pID[16]tableID[64]tunerIndex[0]offset[3]timeout[5000]isNeedTune[false]fileName[null]
11-06 18:47:01.932 D/filter  ( 2368): [FilterManager-JNI] - start filter:pid=16, tableid=64, bufferNum=0
11-06 18:47:01.932 D/filter  ( 2368): [FilterManager-JNI] - 
11-06 18:47:01.932 D/filter  ( 2368): [FilterManager-JNI] - 
11-06 18:47:01.932 D/filter  ( 2368): [FilterManager-JNI] - The table id is proper.
11-06 18:47:01.932 D/filter  ( 2368): ####in java native method open filter:pid=16,							code=40,00,00,00,mask=ff,00,00,00
11-06 18:47:01.932 D/filter  ( 2368): [FilterManager-JNI] - Filter mode to ROCME_RES_FLT_MODE_UNROB_FILTER.
11-06 18:47:01.932 V/SUMA    ( 1581): [resman-s][onTransact 216]code[0x12000200] client pid = 2368
11-06 18:47:01.932 V/SUMA    ( 1581): [resman-s][onTransact 615]TRANS_CODE_RESMAN_FILETER_REQUEST enter
11-06 18:47:01.932 V/SUMA    ( 1581): [resman-s][onTransact 623]filter request m_client[0].cpid = 2368
11-06 18:47:01.932 V/SUMA    ( 1581): [resman-s][onTransact 627]filter handler request filter_handler[0]
11-06 18:47:01.932 I/System.out( 2368): [DEBUG SectionFilterGroup] The run() method, and the filterGroupHandle is: -1622574856
11-06 18:47:01.932 V/SUMA    ( 1581): >> Roc_ResMan_Filter_Request handler = 0x12028e10 
11-06 18:47:01.932 V/SUMA    ( 1581): [resman-s][onTransact 657]TRANS_CODE_RESMAN_FILETER_REQUEST leave
11-06 18:47:01.932 V/SUMA    ( 1581): [resman-s][onTransact 1574]leave transact client pid = 2368
11-06 18:47:01.932 V/SUMA    ( 2368): [resman-c][Roc_ResMan_Filter_Request 1311]leave !!!
