01-01 08:00:16.608 W/PackageManager( 2021): Not granting permission android.permission.DELETE_PACKAGES to package com.newayte.nvideo.tv (protectionLevel=18 flags=0x88be44)
01-01 08:00:16.608 W/PackageManager( 2021): Not granting permission android.permission.INSTALL_PACKAGES to package com.newayte.nvideo.tv (protectionLevel=18 flags=0x88be44)
01-01 08:00:16.608 W/PackageManager( 2021): Unknown permission com.android.smspush.WAPPUSH_MANAGER_BIND in package com.android.phone
01-01 08:00:16.609 W/PackageManager( 2021): Unknown permission com.android.launcher.permission.WRITE_SETTINGS in package com.suma.midware.setting
01-01 08:00:16.609 W/PackageManager( 2021): Unknown permission com.android.launcher.permission.READ_SETTINGS in package com.suma.midware.setting
01-01 08:00:16.609 W/PackageManager( 2021): Unknown permission android.permission.SYSTEM_OVERLAY_WINDOW in package com.hisilicon.android.pqsetting
01-01 08:00:16.697 V/FingerprintService( 2021): startListening(android.service.fingerprint.IFingerprintServiceReceiver$Stub$Proxy@2fce712d)
01-01 08:00:16.723 I/ActivityManager( 2021): Start proc 2213:com.android.externalstorage/u0a3 for broadcast com.android.externalstorage/.MountReceiver
01-01 08:00:16.878 I/SystemServiceManager( 2021): Starting phase 600
01-01 08:00:16.887 I/BackupManagerService( 2021): Backup enabled => false
01-01 08:00:16.887 I/BackupManagerService( 2021): Opting out of backup
01-01 08:00:16.892 E/InputMethodManagerService( 2021): Ignoring setImeWindowStatus due to an invalid token. uid:1000 token:null
01-01 08:00:16.902 W/InputMethodManagerService( 2021): Skipping input method ComponentInfo{com.suma.midware.back/com.suma.midware.back.sanping.input.SoftInputService}: it does not require the permission android.permission.BIND_INPUT_METHOD
01-01 08:00:16.936 I/ActivityManager( 2021): Start proc 2337:com.amlogic.inputmethod.remote/u0a19 for service com.amlogic.inputmethod.remote/.RemoteIME
01-01 08:00:16.936 V/InputMethodManagerService( 2021): Adding window token: android.os.Binder@2074e785
01-01 08:00:16.972 W/LocationManagerService( 2021): no network location provider found
01-01 08:00:16.974 E/LocationManagerService( 2021): no geocoder provider found
01-01 08:00:16.975 E/LocationManagerService( 2021): FLP HAL not supported
01-01 08:00:16.980 E/LocationManagerService( 2021): Unable to bind FLP Geofence proxy.
01-01 08:00:16.980 E/LocationManagerService( 2021): Hardware Activity-Recognition not supported.
01-01 08:00:16.988 I/MmsServiceBroker( 2021): Delay connecting to MmsService until an API is called
01-01 08:00:17.021 I/ActivityManager( 2021): Start proc 2368:com.suma.midware.back/1000 for added application com.suma.midware.back
01-01 08:00:17.063 I/ActivityManager( 2021): Start proc 2396:com.hisilicon.android.hiRMService/1000 for added application com.hisilicon.android.hiRMService
01-01 08:00:17.111 I/ActivityManager( 2021): Start proc 2432:com.suma.midware.dms/1000 for added application com.suma.midware.dms
01-01 08:00:17.196 I/ActivityManager( 2021): Start proc 2453:com.suma.midware.global/1000 for added application com.suma.midware.global
01-01 08:00:17.233 I/ActivityManager( 2021): Start proc 2481:com.android.phone/1001 for added application com.android.phone
01-01 08:00:17.233 I/ActivityManager( 2021): START u0 {act=android.intent.action.MAIN cat=[android.intent.category.HOME] flg=0x10000000 cmp=com.suma.midware.home/.third.Main3DActivity} from uid 0 on display 0
01-01 08:00:17.241 V/WindowManager( 2021): addAppToken: AppWindowToken{314f12f9 token=Token{3b05b5c0 ActivityRecord{1b4f9b43 u0 com.suma.midware.home/.third.Main3DActivity t487}}} to stack=0 task=487 at 0
01-01 08:00:17.271 I/ActivityManager( 2021): Start proc 2500:com.suma.midware.home/1000 for activity com.suma.midware.home/.third.Main3DActivity
01-01 08:00:17.273 I/SystemServer( 2021): NGB ClassLoader dalvik.system.PathClassLoader[DexPathList[[],nativeLibraryDirectories=[/vendor/lib, /system/lib]]], parent dalvik.system.PathClassLoader[DexPathList[[zip file "/system/framework/services.jar", zip file "/system/framework/ethernet-service.jar", zip file "/system/framework/wifi-service.jar"],nativeLibraryDirectories=[/vendor/lib, /system/lib]]]
01-01 08:00:17.273 E/SystemServer( 2021): Some exception in loading class com.android.server.NgbEventManagerService
01-01 08:00:17.274 E/SystemServer( 2021): Can not get NGB Event Manager Service
01-01 08:00:17.275 W/SystemServer( 2021): ***********************************************
01-01 08:00:17.275 F/SystemServer( 2021): BOOT FAILURE making NGB Event Manager Service ready
01-01 08:00:17.275 F/SystemServer( 2021): java.lang.ClassNotFoundException: com.android.server.NgbEventManagerService
01-01 08:00:17.275 F/SystemServer( 2021): 	at java.lang.Class.classForName(Native Method)
01-01 08:00:17.275 F/SystemServer( 2021): 	at java.lang.Class.forName(Class.java:309)
01-01 08:00:17.275 F/SystemServer( 2021): 	at java.lang.Class.forName(Class.java:273)
01-01 08:00:17.275 F/SystemServer( 2021): 	at com.android.server.SystemServer.run(SystemServer.java:304)
01-01 08:00:17.275 F/SystemServer( 2021): 	at com.android.server.SystemServer.main(SystemServer.java:178)
01-01 08:00:17.275 F/SystemServer( 2021): 	at java.lang.reflect.Method.invoke(Native Method)
01-01 08:00:17.275 F/SystemServer( 2021): 	at java.lang.reflect.Method.invoke(Method.java:372)
01-01 08:00:17.275 F/SystemServer( 2021): 	at com.android.internal.os.ZygoteInit$MethodAndArgsCaller.run(ZygoteInit.java:903)
01-01 08:00:17.275 F/SystemServer( 2021): 	at com.android.internal.os.ZygoteInit.main(ZygoteInit.java:698)
01-01 08:00:17.275 F/SystemServer( 2021): Caused by: java.lang.ClassNotFoundException: Didn't find class "com.android.server.NgbEventManagerService" on path: DexPathList[[zip file "/system/framework/services.jar", zip file "/system/framework/ethernet-service.jar", zip file "/system/framework/wifi-service.jar"],nativeLibraryDirectories=[/vendor/lib, /system/lib]]
01-01 08:00:17.275 F/SystemServer( 2021): 	at dalvik.system.BaseDexClassLoader.findClass(BaseDexClassLoader.java:56)
01-01 08:00:17.275 F/SystemServer( 2021): 	at java.lang.ClassLoader.loadClass(ClassLoader.java:511)
01-01 08:00:17.275 F/SystemServer( 2021): 	at java.lang.ClassLoader.loadClass(ClassLoader.java:469)
01-01 08:00:17.275 F/SystemServer( 2021): 	... 9 more
01-01 08:00:17.275 F/SystemServer( 2021): 	Suppressed: java.lang.ClassNotFoundException: Didn't find class "com.android.server.NgbEventManagerService" on path: DexPathList[[directory "."],nativeLibraryDirectories=[/vendor/lib, /system/lib]]
01-01 08:00:17.275 F/SystemServer( 2021): 		at dalvik.system.BaseDexClassLoader.findClass(BaseDexClassLoader.java:56)
01-01 08:00:17.275 F/SystemServer( 2021): 		at java.lang.ClassLoader.loadClass(ClassLoader.java:511)
01-01 08:00:17.275 F/SystemServer( 2021): 		at java.lang.ClassLoader.loadClass(ClassLoader.java:504)
01-01 08:00:17.275 F/SystemServer( 2021): 		... 10 more
01-01 08:00:17.275 F/SystemServer( 2021): 		Suppressed: java.lang.ClassNotFoundException: com.android.server.NgbEventManagerService
01-01 08:00:17.275 F/SystemServer( 2021): 			at java.lang.Class.classForName(Native Method)
01-01 08:00:17.275 F/SystemServer( 2021): 			at java.lang.BootClassLoader.findClass(ClassLoader.java:781)
01-01 08:00:17.275 F/SystemServer( 2021): 			at java.lang.BootClassLoader.loadClass(ClassLoader.java:841)
01-01 08:00:17.275 F/SystemServer( 2021): 			at java.lang.ClassLoader.loadClass(ClassLoader.java:504)
01-01 08:00:17.275 F/SystemServer( 2021): 			... 11 more
01-01 08:00:17.275 F/SystemServer( 2021): 		Caused by: java.lang.NoClassDefFoundError: Class not found using the boot class loader; no stack available
01-01 08:00:17.276 E/SystemServer( 2021): Some exception in loading class com.android.server.NgbInputEventService
01-01 08:00:17.278 W/ActivityManager( 2021): Unable to start service Intent { cmp=com.android.printspooler/.model.PrintSpoolerService } U=0: not found
01-01 08:00:17.306 E/SystemServer( 2021): Can not get NGB Input Event Service
01-01 08:00:17.306 I/SystemServer( 2021): [DCAS] CASEventManagerService
01-01 08:00:17.306 I/SystemServer( 2021): catch throw
01-01 08:00:17.307 I/SystemServer( 2021): Enabled StrictMode for system server main thread.
01-01 08:00:17.316 V/ActivityManager( 2021): Display changed displayId=0
01-01 08:00:17.349 V/ActivityManager( 2021): Display changed displayId=0
01-01 08:00:17.386 I/Telecom ( 2021): TelecomGlobals: TelecomGlobals initializing
01-01 08:00:17.388 E/ActivityThread( 2021): Failed to find provider info for call_log
01-01 08:00:17.436 I/Telecom ( 2021): TelecomGlobals: CallsManager initialized
01-01 08:00:17.437 W/ContextImpl( 2021): Calling a method in the system process without a qualified user: android.app.ContextImpl.startService:1710 android.content.ContextWrapper.startService:516 com.android.server.telecom.BluetoothPhoneService.start:440 com.android.server.telecom.TelecomGlobals.initialize:93 com.android.server.telecom.TelecomService.onCreate:164 
01-01 08:00:17.438 V/CameraObserver( 2021): Intent.ACTION_CAMERA_PLUG: state: 0:name:video0
01-01 08:00:17.438 W/ContextImpl( 2021): Calling a method in the system process without a qualified user: android.app.ContextImpl.sendBroadcast:1345 com.android.server.CameraObserver.sendIntent:116 com.android.server.CameraObserver.access$000:37 com.android.server.CameraObserver$1.handleMessage:122 android.os.Handler.dispatchMessage:102 
01-01 08:00:17.440 D/ZenLog  ( 2021): downtime: Autotrigger skipped: not in downtime
01-01 08:00:17.443 W/ContextImpl( 2432): Calling a method in the system process without a qualified user: android.app.ContextImpl.bindService:1774 android.content.ContextWrapper.bindService:539 com.suma.midware.prop.i.b:-1 com.suma.midware.prop.i.a:-1 com.suma.midware.prop.BaseClientApplication.onCreate:-1 
01-01 08:00:17.445 W/ResourcesManager( 2021): Asset path '/system/framework/com.android.location.provider.jar' does not exist or contains no resources.
01-01 08:00:17.450 V/WiredAccessoryManager( 2021): init()
01-01 08:00:17.452 V/WiredAccessoryManager( 2021): newName=hdmi newState=16 headsetState=16 prev headsetState=0
01-01 08:00:17.460 W/AppWidgetServiceImpl( 2021): Failed to read state: java.io.FileNotFoundException: /data/system/users/0/appwidgets.xml: open failed: ENOENT (No such file or directory)
01-01 08:00:17.460 V/AppWidgetServiceImpl( 2021): Upgrading widget database from 0 to 1
01-01 08:00:17.465 V/BackupManagerService( 2021): Connected to transport ComponentInfo{android/com.android.internal.backup.LocalTransportService}
01-01 08:00:17.466 V/BackupManagerService( 2021): Registering transport android/com.android.internal.backup.LocalTransportService::android/com.android.internal.backup.LocalTransport = android.app.backup.BackupTransport$TransportImpl@3d33c303
01-01 08:00:17.475 V/WiredAccessoryManager( 2021): device hdmi connected
01-01 08:00:17.496 W/ContextImpl( 2453): Calling a method in the system process without a qualified user: android.app.ContextImpl.bindService:1774 android.content.ContextWrapper.bindService:539 com.suma.midware.prop.i.b:-1 com.suma.midware.prop.i.a:-1 com.suma.midware.global.GlobalApplication.onCreate:-1 
01-01 08:00:17.528 W/ContextImpl( 2500): Calling a method in the system process without a qualified user: android.app.ContextImpl.bindService:1774 android.content.ContextWrapper.bindService:539 com.suma.midware.prop.i.b:-1 com.suma.midware.prop.i.a:-1 com.suma.midware.home.HomeApplication.onCreate:-1 
01-01 08:00:17.595 I/ActivityManager( 2021): Start proc 2533:com.sumavision.android.media.v/u0a22 for broadcast com.sumavision.android.media.v/com.sumavision.android.media.c.MediaAppProReceiver
01-01 08:00:17.661 I/StatusBarManagerService( 2021): registerStatusBar bar=com.android.internal.statusbar.IStatusBar$Stub$Proxy@11326f3c
01-01 08:00:17.694 W/ContextImpl( 2368): Calling a method in the system process without a qualified user: android.app.ContextImpl.startService:1710 android.content.ContextWrapper.startService:516 com.suma.midware.back.boot.ServiceBoot.b:-1 com.suma.midware.back.BackService.onCreate:-1 android.app.ActivityThread.handleCreateService:2761 
01-01 08:00:17.696 W/ContextImpl( 2368): Calling a method in the system process without a qualified user: android.app.ContextImpl.startService:1710 android.content.ContextWrapper.startService:516 com.suma.midware.back.boot.ServiceBoot.b:-1 com.suma.midware.back.BackService.onCreate:-1 android.app.ActivityThread.handleCreateService:2761 
01-01 08:00:17.705 W/ContextImpl( 2368): Calling a method in the system process without a qualified user: android.app.ContextImpl.startService:1710 android.content.ContextWrapper.startService:516 com.suma.midware.back.boot.neimeng.BackBootDealerNeimeng.a:-1 com.suma.midware.back.boot.ServiceBoot.b:-1 com.suma.midware.back.BackService.onCreate:-1 
01-01 08:00:17.765 D/WifiService( 2021): New client listening to asynchronous messages
01-01 08:00:17.812 E/ConnectivityService( 2021): Failed to find Messenger in unregisterNetworkFactory
01-01 08:00:17.814 D/ConnectivityService( 2021): Got NetworkFactory Messenger for Telephony
01-01 08:00:17.856 E/ActivityThread( 2481): Failed to find provider info for com.android.contacts
01-01 08:00:18.202 D/WifiService( 2021): New client listening to asynchronous messages
01-01 08:00:18.277 D/ConnectivityService( 2021): listenForNetwork for NetworkRequest [ id=2, legacyType=-1, [] ]
01-01 08:00:18.340 E/ActivityThread( 2164): Failed to find provider info for com.android.contacts
01-01 08:00:18.935 D/WifiService( 2021): New client listening to asynchronous messages
01-01 08:00:19.853 D/ConnectivityService( 2021): Got NetworkFactory Messenger for WIFI
01-01 08:00:19.853 D/ConnectivityService( 2021): Got NetworkFactory Messenger for WIFI_UT
01-01 08:00:24.309 W/ContextImpl( 2500): Calling a method in the system process without a qualified user: android.app.ContextImpl.sendBroadcast:1345 android.content.ContextWrapper.sendBroadcast:377 com.suma.midware.view.ext.BluetoothUpdate.b:-1 com.suma.midware.home.third.Main3DActivity.onResume:-1 android.app.Instrumentation.callActivityOnResume:1257 
01-01 08:00:24.322 D/WifiService( 2021): New client listening to asynchronous messages
01-01 08:00:24.328 W/ContextImpl( 2500): Calling a method in the system process without a qualified user: android.app.ContextImpl.sendBroadcast:1345 android.content.ContextWrapper.sendBroadcast:377 android.app.ActivityThread.performResumeActivity:2982 android.app.ActivityThread.handleResumeActivity:3023 android.app.ActivityThread.handleLaunchActivity:2392 
01-01 08:00:24.340 V/WindowManager( 2021): Based on layer: Adding window Window{153f66e5 u0 com.suma.midware.home/com.suma.midware.home.third.Main3DActivity} at 1 of 6
01-01 08:00:24.377 V/WindowManager( 2021): Adding window Window{15ad0c6b u0 SurfaceView} at 1 of 7 (before Window{153f66e5 u0 com.suma.midware.home/com.suma.midware.home.third.Main3DActivity})
01-01 08:00:24.381 V/WindowManager( 2021): Adding window Window{3048c61 u0 SurfaceView} at 2 of 8 (before Window{153f66e5 u0 com.suma.midware.home/com.suma.midware.home.third.Main3DActivity})
01-01 08:00:24.416 W/KeyguardServiceDelegate( 2021): onScreenTurnedOn(): no keyguard service!
01-01 08:00:24.664 I/SystemServiceManager( 2021): Starting phase 1000
01-01 08:00:24.669 V/ActivityManager( 2021): Display changed displayId=0
01-01 08:00:24.669 W/BroadcastQueue( 2021): Permission Denial: receiving Intent { act=android.intent.action.BOOT_COMPLETED flg=0x8000010 (has extras) } to ProcessRecord{8ec116a 2164:com.android.systemui/u0a7} (pid=2164, uid=10007) requires android.permission.RECEIVE_BOOT_COMPLETED due to sender null (uid 1000)
01-01 08:00:24.669 W/BroadcastQueue( 2021): Permission Denial: receiving Intent { act=android.intent.action.BOOT_COMPLETED flg=0x8000010 (has extras) } to ProcessRecord{8ec116a 2164:com.android.systemui/u0a7} (pid=2164, uid=10007) requires android.permission.RECEIVE_BOOT_COMPLETED due to sender null (uid 1000)
01-01 08:00:24.678 I/BootReceiver( 2021): Copying audit failures to DropBox
01-01 08:00:24.678 I/BootReceiver( 2021): Checking for fsck errors
01-01 08:00:24.702 I/ActivityManager( 2021): Start proc 2659:com.android.keychain/1000 for service com.android.keychain/.KeyChainService
01-01 08:00:24.702 W/BroadcastQueue( 2021): Permission Denial: receiving Intent { act=android.intent.action.BOOT_COMPLETED flg=0x8000010 (has extras) } to com.android.systemui/.BootReceiver requires android.permission.RECEIVE_BOOT_COMPLETED due to sender null (uid 1000)
01-01 08:00:24.703 W/BroadcastQueue( 2021): Permission Denial: receiving Intent { act=android.intent.action.BOOT_COMPLETED flg=0x8000010 (has extras) } to com.android.phone/.OtaStartupReceiver requires android.permission.RECEIVE_BOOT_COMPLETED due to sender null (uid 1000)
01-01 08:00:24.704 W/BroadcastQueue( 2021): Permission Denial: receiving Intent { act=android.intent.action.BOOT_COMPLETED flg=0x8000010 (has extras) } to com.newayte.nvideo.tv/com.newayte.nvideo.BootCompletedReceiver requires android.permission.RECEIVE_BOOT_COMPLETED due to sender null (uid 1000)
01-01 08:00:24.705 W/BroadcastQueue( 2021): Permission Denial: receiving Intent { act=android.intent.action.BOOT_COMPLETED flg=0x8000010 (has extras) } to com.android.providers.downloads/.DownloadReceiver requires android.permission.RECEIVE_BOOT_COMPLETED due to sender null (uid 1000)
01-01 08:00:24.705 W/BroadcastQueue( 2021): Permission Denial: receiving Intent { act=android.intent.action.BOOT_COMPLETED flg=0x8000010 (has extras) } to com.android.managedprovisioning/.BootReminder requires android.permission.RECEIVE_BOOT_COMPLETED due to sender null (uid 1000)
01-01 08:00:24.706 W/BroadcastQueue( 2021): Permission Denial: receiving Intent { act=android.intent.action.BOOT_COMPLETED flg=0x8000010 (has extras) } to com.android.providers.media/.MediaScannerReceiver requires android.permission.RECEIVE_BOOT_COMPLETED due to sender null (uid 1000)
01-01 08:00:24.706 W/BroadcastQueue( 2021): Permission Denial: receiving Intent { act=android.intent.action.BOOT_COMPLETED flg=0x8000010 (has extras) } to com.android.providers.media/.MtpReceiver requires android.permission.RECEIVE_BOOT_COMPLETED due to sender null (uid 1000)
01-01 08:00:24.708 W/ContextImpl( 2396): Calling a method in the system process without a qualified user: android.app.ContextImpl.startService:1710 android.content.ContextWrapper.startService:516 android.content.ContextWrapper.startService:516 com.hisilicon.android.hiRMService.HiRMBroadcastReceiver.onReceive:21 android.app.ActivityThread.handleReceiver:2609 
01-01 08:00:24.723 D/WifiService( 2021): New client listening to asynchronous messages
01-01 08:00:24.761 W/BroadcastQueue( 2021): Permission Denial: receiving Intent { act=android.intent.action.BOOT_COMPLETED flg=0x8000010 (has extras) } to com.huan.appstore/.receiver.DeviceBootReceiver requires android.permission.RECEIVE_BOOT_COMPLETED due to sender null (uid 1000)
01-01 08:00:24.797 I/ActivityManager( 2021): Start proc 2681:com.sumavision.admindm/1000 for broadcast com.sumavision.admindm/.StartSessionBroadcastReceiver
01-01 08:00:24.830 W/ContextImpl( 2681): Calling a method in the system process without a qualified user: android.app.ContextImpl.startService:1710 android.content.ContextWrapper.startService:516 android.content.ContextWrapper.startService:516 com.sumavision.admindm.StartSessionBroadcastReceiver.onReceive:-1 android.app.ActivityThread.handleReceiver:2609 
01-01 08:00:24.833 W/ContextImpl( 2432): Calling a method in the system process without a qualified user: android.app.ContextImpl.startService:1710 android.content.ContextWrapper.startService:516 android.content.ContextWrapper.startService:516 com.suma.midware.dms.util.DmsUtil.a:-1 com.suma.midware.dms.util.DmsUtil.a:-1 
01-01 08:00:24.834 W/AlarmManager( 2021): Suspiciously short interval 5000 millis; expanding to 60 seconds
01-01 08:00:24.836 W/ContextImpl( 2453): Calling a method in the system process without a qualified user: android.app.ContextImpl.startService:1710 android.content.ContextWrapper.startService:516 com.suma.midware.global.receiver.BootReceiver.onReceive:-1 android.app.ActivityThread.handleReceiver:2609 android.app.ActivityThread.access$1700:151 
01-01 08:00:24.838 W/AlarmManager( 2021): Suspiciously short interval 10000 millis; expanding to 60 seconds
01-01 08:00:24.844 W/ContextImpl( 2368): Calling a method in the system process without a qualified user: android.app.ContextImpl.startService:1710 android.content.ContextWrapper.startService:516 android.content.ContextWrapper.startService:516 com.suma.midware.back.BackReceiver.onReceive:-1 android.app.ActivityThread.handleReceiver:2609 
01-01 08:00:24.869 I/ActivityManager( 2021): Start proc 2701:com.suma.midware.setting/1000 for broadcast com.suma.midware.setting/.BootReceiver
01-01 08:00:24.874 W/AlarmManager( 2021): Suspiciously short interval 5000 millis; expanding to 60 seconds
01-01 08:00:24.924 W/ContextImpl( 2681): Calling a method in the system process without a qualified user: android.app.ContextImpl.bindService:1774 android.content.ContextWrapper.bindService:539 com.suma.midware.prop.i.c:-1 com.suma.midware.prop.i.a:-1 com.sumavision.b.a.<init>:-1 
01-01 08:00:24.941 W/ContextImpl( 2500): Calling a method in the system process without a qualified user: android.app.ContextImpl.sendBroadcast:1345 android.content.ContextWrapper.sendBroadcast:377 com.suma.midware.home.third.Main3DActivity.a:-1 com.suma.midware.home.third.h.a:-1 com.sumavision.engine.core.base.c.onDrawFrame:-1 
01-01 08:00:24.957 W/ContextImpl( 2701): Calling a method in the system process without a qualified user: android.app.ContextImpl.bindService:1774 android.content.ContextWrapper.bindService:539 com.suma.midware.prop.i.b:-1 com.suma.midware.prop.i.a:-1 com.suma.midware.setting.SetApplication.onCreate:-1 
01-01 08:00:24.965 W/ContextImpl( 2701): Calling a method in the system process without a qualified user: android.app.ContextImpl.startService:1710 android.content.ContextWrapper.startService:516 android.content.ContextWrapper.startService:516 com.suma.midware.setting.BootReceiver.onReceive:-1 android.app.ActivityThread.handleReceiver:2609 
01-01 08:00:24.967 W/AlarmManager( 2021): Suspiciously short interval 10000 millis; expanding to 60 seconds
01-01 08:00:25.006 D/WifiService( 2021): New client listening to asynchronous messages
01-01 08:00:31.772 D/ConnectivityService( 2021): registerNetworkAgent NetworkAgentInfo{ ni{[type: WIFI[], state: CONNECTING/CONNECTING, reason: (unspecified), extra: "Xiaomi_D52C", roaming: false, failover: false, isAvailable: true, isConnectedToProvisioningNetwork: false]}  network{null}  lp{{LinkAddresses: []  Routes: [] DnsAddresses: [] Domains: null MTU: 0 TcpBufferSizes: 524288,1048576,2097152,262144,524288,1048576}}  nc{[ Transports: WIFI Capabilities: INTERNET&NOT_RESTRICTED&TRUSTED&NOT_VPN LinkUpBandwidth>=1048576Kbps LinkDnBandwidth>=1048576Kbps]}  Score{20}  everValidated{false}  lastValidated{false}  created{false}  explicitlySelected{false} }
01-01 08:00:31.773 D/ConnectivityService( 2021): NetworkAgentInfo [WIFI () - 100] EVENT_NETWORK_INFO_CHANGED, going from null to CONNECTING
01-01 08:00:31.800 D/ConnectivityService( 2021): updateNetworkScore for NetworkAgentInfo [WIFI () - 100] to 60
01-01 08:00:32.433 D/ConnectivityService( 2021): NetworkAgentInfo [WIFI () - 100] EVENT_NETWORK_INFO_CHANGED, going from CONNECTING to CONNECTED
01-01 08:00:32.435 D/ConnectivityService( 2021): Adding iface wlan0 to network 100
01-01 08:00:32.486 E/ConnectivityService( 2021): Unexpected mtu value: 0, wlan0
01-01 08:00:32.487 D/ConnectivityService( 2021): Adding Route [fe80::/64 -> :: wlan0] to network 100
01-01 08:00:32.489 D/ConnectivityService( 2021): Adding Route [192.168.31.0/24 -> 0.0.0.0 wlan0] to network 100
01-01 08:00:32.490 D/ConnectivityService( 2021): Adding Route [0.0.0.0/0 -> 192.168.31.1 wlan0] to network 100
01-01 08:00:32.492 D/ConnectivityService( 2021): Setting Dns servers for network 100 to [/192.168.31.1]
01-01 08:00:32.504 D/ConnectivityService( 2021): notifyType IP_CHANGED for NetworkAgentInfo [WIFI () - 100]
01-01 08:00:32.510 D/ConnectivityService( 2021): notifyType PRECHECK for NetworkAgentInfo [WIFI () - 100]
01-01 08:00:32.512 D/ConnectivityService( 2021): rematching NetworkAgentInfo [WIFI () - 100]
01-01 08:00:32.512 D/ConnectivityService( 2021):    accepting network in place of null
01-01 08:00:32.513 D/ConnectivityService( 2021): Switching to new default network: NetworkAgentInfo{ ni{[type: WIFI[], state: CONNECTED/CONNECTED, reason: (unspecified), extra: "Xiaomi_D52C", roaming: false, failover: false, isAvailable: true, isConnectedToProvisioningNetwork: false]}  network{100}  lp{{InterfaceName: wlan0 LinkAddresses: [192.168.31.115/24,]  Routes: [fe80::/64 -> :: wlan0,192.168.31.0/24 -> 0.0.0.0 wlan0,0.0.0.0/0 -> 192.168.31.1 wlan0,] DnsAddresses: [192.168.31.1,] Domains:  MTU: 0 TcpBufferSizes: 524288,1048576,2097152,262144,524288,1048576}}  nc{[ Transports: WIFI Capabilities: INTERNET&NOT_RESTRICTED&TRUSTED&NOT_VPN LinkUpBandwidth>=1048576Kbps LinkDnBandwidth>=1048576Kbps]}  Score{20}  everValidated{false}  lastValidated{false}  created{true}  explicitlySelected{false} }
01-01 08:00:32.516 D/ConnectivityService( 2021): Setting tx/rx TCP buffers to 524288,1048576,2097152,262144,524288,1048576
01-01 08:00:32.521 D/ConnectivityService( 2021): notifyType AVAILABLE for NetworkAgentInfo [WIFI () - 100]
01-01 08:00:32.522 D/CSLegacyTypeTracker( 2021): Sending connected broadcast for type 1 NetworkAgentInfo [WIFI () - 100] isDefaultNetwork=true
01-01 08:00:32.522 D/ConnectivityService( 2021): sendStickyBroadcast: action=android.net.conn.CONNECTIVITY_CHANGE_IMMEDIATE
01-01 08:00:32.523 D/ConnectivityService( 2021): sendStickyBroadcast: action=android.net.conn.CONNECTIVITY_CHANGE
01-01 08:00:32.525 D/ConnectivityService( 2021): setProvNotificationVisibleIntent: E visible=false networkType=0 extraInfo=null
01-01 08:00:32.526 D/ConnectivityService( 2021): Validated NetworkAgentInfo [WIFI () - 100]
01-01 08:00:32.526 D/ConnectivityService( 2021): rematching NetworkAgentInfo [WIFI () - 100]
01-01 08:00:32.526 D/ConnectivityService( 2021): Network NetworkAgentInfo [WIFI () - 100] was already satisfying request 1. No change.
01-01 08:00:32.526 D/ConnectivityService( 2021): notifyType AVAILABLE for NetworkAgentInfo [WIFI () - 100]
01-01 08:00:32.528 D/ConnectivityService( 2021): sendStickyBroadcast: action=android.net.conn.INET_CONDITION_ACTION
01-01 08:00:33.141 D/ConnectivityService( 2021): notifyType IP_CHANGED for NetworkAgentInfo [WIFI () - 100]
01-01 08:00:34.328 I/ActivityManager( 2021): START u0 {act=com.suma.midware.action.channel.play cmp=com.suma.midware.dvb/.play.PlayActivity (has extras)} from uid 1000 on display 0
01-01 08:00:34.335 V/WindowManager( 2021): addAppToken: AppWindowToken{1dae7339 token=Token{18416f00 ActivityRecord{162d7183 u0 com.suma.midware.dvb/.play.PlayActivity t488}}} to stack=1 task=488 at 0
01-01 08:00:34.346 W/ContextImpl( 2500): Calling a method in the system process without a qualified user: android.app.ContextImpl.sendBroadcast:1345 android.content.ContextWrapper.sendBroadcast:377 android.app.ActivityThread.performPauseActivity:3259 android.app.ActivityThread.performPauseActivity:3225 android.app.ActivityThread.handlePauseActivity:3200 
01-01 08:00:34.346 V/WindowManager( 2021): Adding window Window{3a7d138a u0 Starting com.suma.midware.dvb} at 4 of 9 (after Window{153f66e5 u0 com.suma.midware.home/com.suma.midware.home.third.Main3DActivity})
01-01 08:00:34.406 I/ActivityManager( 2021): Start proc 2794:com.suma.midware.dvb/1000 for activity com.suma.midware.dvb/.play.PlayActivity
01-01 08:00:34.509 W/ContextImpl( 2794): Calling a method in the system process without a qualified user: android.app.ContextImpl.bindService:1774 android.content.ContextWrapper.bindService:539 com.suma.midware.prop.i.b:-1 com.suma.midware.prop.i.a:-1 com.suma.midware.dvb.DvbApplication.onCreate:-1 
01-01 08:00:34.902 E/ActivityThread( 2794): Failed to find provider info for com.suma.midware.update
01-01 08:00:34.903 I/ActivityManager( 2021): Force stopping com.suma.midware.vod appid=1000 user=0: from pid 2794
01-01 08:00:34.905 D/ActivityThread( 2794): Loading provider com.suma.midware.provider.ubas: com.suma.midware.back.db.UbaProvider
01-01 08:00:34.958 D/WifiService( 2021): New client listening to asynchronous messages
01-01 08:00:34.997 W/ContextImpl( 2794): Calling a method in the system process without a qualified user: android.app.ContextImpl.sendBroadcast:1345 android.content.ContextWrapper.sendBroadcast:377 android.app.ActivityThread.performResumeActivity:2982 android.app.ActivityThread.handleResumeActivity:3023 android.app.ActivityThread.handleLaunchActivity:2392 
01-01 08:00:35.014 V/WindowManager( 2021): Adding window Window{e90e5f4 u0 com.suma.midware.dvb/com.suma.midware.dvb.play.PlayActivity} at 4 of 10 (before Window{3a7d138a u0 Starting com.suma.midware.dvb})
01-01 08:00:37.840 D/TaskPersister( 2021): removeObsoleteFile: deleting file=462_task.xml
01-01 08:00:37.841 D/TaskPersister( 2021): removeObsoleteFile: deleting file=462_task_thumbnail.png
11-06 18:11:35.003 W/ContextImpl( 2368): Calling a method in the system process without a qualified user: android.app.ContextImpl.sendBroadcast:1345 android.content.ContextWrapper.sendBroadcast:377 com.suma.midware.back.ivideo.b.a:-1 com.suma.midware.back.ivideo.neimeng.IvideoDealerNeimeng.b:-1 com.suma.midware.back.ivideo.neimeng.IvideoDealerNeimeng.e:-1 
11-06 18:11:35.091 W/ContextImpl( 2368): Calling a method in the system process without a qualified user: android.app.ContextImpl.sendBroadcast:1345 android.content.ContextWrapper.sendBroadcast:377 com.suma.midware.back.ivideo.b.a:-1 com.suma.midware.back.ivideo.neimeng.IvideoDealerNeimeng.e:-1 com.suma.midware.back.ivideo.e.run:-1 
11-06 18:11:35.254 W/ContextImpl( 2368): Calling a method in the system process without a qualified user: android.app.ContextImpl.sendBroadcast:1345 android.content.ContextWrapper.sendBroadcast:377 com.suma.midware.back.ivideo.b.a:-1 com.suma.midware.back.ivideo.neimeng.IvideoDealerNeimeng.e:-1 com.suma.midware.back.ivideo.e.run:-1 
11-06 18:11:36.689 I/ActivityManager( 2021): Waited long enough for: ServiceRecord{eb23f1f u0 com.sumavision.admindm/.Session}
11-06 18:11:37.104 W/ContextImpl( 2368): Calling a method in the system process without a qualified user: android.app.ContextImpl.sendBroadcast:1345 android.content.ContextWrapper.sendBroadcast:377 com.suma.midware.back.esg.e.f:-1 com.suma.midware.back.esg.f.run:-1 com.suma.midware.prop.util.c.run:-1 
11-06 18:11:38.108 W/ContextImpl( 2368): Calling a method in the system process without a qualified user: android.app.ContextImpl.sendBroadcast:1345 android.content.ContextWrapper.sendBroadcast:377 com.suma.midware.back.esg.e.f:-1 com.suma.midware.back.esg.f.run:-1 com.suma.midware.prop.util.c.run:-1 
11-06 18:11:38.757 I/ActivityManager( 2021): START u0 {act=android.intent.action.MAIN cat=[android.intent.category.HOME] flg=0x10200000 cmp=com.suma.midware.home/.third.Main3DActivity} from uid 1000 on display 0
11-06 18:11:38.774 I/ActivityManager( 2021): Force stopping com.android.browser appid=10010 user=0: from pid 2368
11-06 18:11:38.775 I/ActivityManager( 2021): Process com.sumavision.android.media.v (pid 2533) has died
11-06 18:11:38.793 W/ContextImpl( 2794): Calling a method in the system process without a qualified user: android.app.ContextImpl.sendBroadcast:1345 android.content.ContextWrapper.sendBroadcast:377 android.app.ActivityThread.performPauseActivity:3259 android.app.ActivityThread.performPauseActivity:3225 android.app.ActivityThread.handlePauseActivity:3200 
11-06 18:11:38.815 W/ContextImpl( 2500): Calling a method in the system process without a qualified user: android.app.ContextImpl.sendBroadcast:1345 android.content.ContextWrapper.sendBroadcast:377 com.suma.midware.view.ext.BluetoothUpdate.b:-1 com.suma.midware.home.third.Main3DActivity.onResume:-1 android.app.Instrumentation.callActivityOnResume:1257 
11-06 18:11:38.817 W/ContextImpl( 2500): Calling a method in the system process without a qualified user: android.app.ContextImpl.sendBroadcast:1345 android.content.ContextWrapper.sendBroadcast:377 android.app.ActivityThread.performResumeActivity:2982 android.app.ActivityThread.handleResumeActivity:3023 android.app.ActivityThread$H.handleMessage:1347 
11-06 18:11:41.111 W/ContextImpl( 2368): Calling a method in the system process without a qualified user: android.app.ContextImpl.sendBroadcast:1345 android.content.ContextWrapper.sendBroadcast:377 com.suma.midware.back.esg.e.f:-1 com.suma.midware.back.esg.f.run:-1 com.suma.midware.prop.util.c.run:-1 
11-06 18:11:42.114 W/ContextImpl( 2368): Calling a method in the system process without a qualified user: android.app.ContextImpl.sendBroadcast:1345 android.content.ContextWrapper.sendBroadcast:377 com.suma.midware.back.esg.e.f:-1 com.suma.midware.back.esg.f.run:-1 com.suma.midware.prop.util.c.run:-1 
11-06 18:11:45.118 W/ContextImpl( 2368): Calling a method in the system process without a qualified user: android.app.ContextImpl.sendBroadcast:1345 android.content.ContextWrapper.sendBroadcast:377 com.suma.midware.back.esg.e.f:-1 com.suma.midware.back.esg.f.run:-1 com.suma.midware.prop.util.c.run:-1 
11-06 18:11:46.121 W/ContextImpl( 2368): Calling a method in the system process without a qualified user: android.app.ContextImpl.sendBroadcast:1345 android.content.ContextWrapper.sendBroadcast:377 com.suma.midware.back.esg.e.f:-1 com.suma.midware.back.esg.f.run:-1 com.suma.midware.prop.util.c.run:-1 
11-06 18:11:49.124 W/ContextImpl( 2368): Calling a method in the system process without a qualified user: android.app.ContextImpl.sendBroadcast:1345 android.content.ContextWrapper.sendBroadcast:377 com.suma.midware.back.esg.e.f:-1 com.suma.midware.back.esg.f.run:-1 com.suma.midware.prop.util.c.run:-1 
11-06 18:11:50.127 W/ContextImpl( 2368): Calling a method in the system process without a qualified user: android.app.ContextImpl.sendBroadcast:1345 android.content.ContextWrapper.sendBroadcast:377 com.suma.midware.back.esg.e.f:-1 com.suma.midware.back.esg.f.run:-1 com.suma.midware.prop.util.c.run:-1 
11-06 18:11:53.129 W/ContextImpl( 2368): Calling a method in the system process without a qualified user: android.app.ContextImpl.sendBroadcast:1345 android.content.ContextWrapper.sendBroadcast:377 com.suma.midware.back.esg.e.f:-1 com.suma.midware.back.esg.f.run:-1 com.suma.midware.prop.util.c.run:-1 
11-06 18:11:54.131 W/ContextImpl( 2368): Calling a method in the system process without a qualified user: android.app.ContextImpl.sendBroadcast:1345 android.content.ContextWrapper.sendBroadcast:377 com.suma.midware.back.esg.e.f:-1 com.suma.midware.back.esg.f.run:-1 com.suma.midware.prop.util.c.run:-1 
11-06 18:11:57.133 W/ContextImpl( 2368): Calling a method in the system process without a qualified user: android.app.ContextImpl.sendBroadcast:1345 android.content.ContextWrapper.sendBroadcast:377 com.suma.midware.back.esg.e.f:-1 com.suma.midware.back.esg.f.run:-1 com.suma.midware.prop.util.c.run:-1 
11-06 18:11:58.135 W/ContextImpl( 2368): Calling a method in the system process without a qualified user: android.app.ContextImpl.sendBroadcast:1345 android.content.ContextWrapper.sendBroadcast:377 com.suma.midware.back.esg.e.f:-1 com.suma.midware.back.esg.f.run:-1 com.suma.midware.prop.util.c.run:-1 
11-06 18:12:01.138 W/ContextImpl( 2368): Calling a method in the system process without a qualified user: android.app.ContextImpl.sendBroadcast:1345 android.content.ContextWrapper.sendBroadcast:377 com.suma.midware.back.esg.e.f:-1 com.suma.midware.back.esg.f.run:-1 com.suma.midware.prop.util.c.run:-1 
11-06 18:12:02.141 W/ContextImpl( 2368): Calling a method in the system process without a qualified user: android.app.ContextImpl.sendBroadcast:1345 android.content.ContextWrapper.sendBroadcast:377 com.suma.midware.back.esg.e.f:-1 com.suma.midware.back.esg.f.run:-1 com.suma.midware.prop.util.c.run:-1 
11-06 18:12:05.143 W/ContextImpl( 2368): Calling a method in the system process without a qualified user: android.app.ContextImpl.sendBroadcast:1345 android.content.ContextWrapper.sendBroadcast:377 com.suma.midware.back.esg.e.f:-1 com.suma.midware.back.esg.f.run:-1 com.suma.midware.prop.util.c.run:-1 
11-06 18:12:06.146 W/ContextImpl( 2368): Calling a method in the system process without a qualified user: android.app.ContextImpl.sendBroadcast:1345 android.content.ContextWrapper.sendBroadcast:377 com.suma.midware.back.esg.e.f:-1 com.suma.midware.back.esg.f.run:-1 com.suma.midware.prop.util.c.run:-1 
11-06 18:12:09.149 W/ContextImpl( 2368): Calling a method in the system process without a qualified user: android.app.ContextImpl.sendBroadcast:1345 android.content.ContextWrapper.sendBroadcast:377 com.suma.midware.back.esg.e.f:-1 com.suma.midware.back.esg.f.run:-1 com.suma.midware.prop.util.c.run:-1 
11-06 18:12:10.152 W/ContextImpl( 2368): Calling a method in the system process without a qualified user: android.app.ContextImpl.sendBroadcast:1345 android.content.ContextWrapper.sendBroadcast:377 com.suma.midware.back.esg.e.f:-1 com.suma.midware.back.esg.f.run:-1 com.suma.midware.prop.util.c.run:-1 
11-06 18:12:13.156 W/ContextImpl( 2368): Calling a method in the system process without a qualified user: android.app.ContextImpl.sendBroadcast:1345 android.content.ContextWrapper.sendBroadcast:377 com.suma.midware.back.esg.e.f:-1 com.suma.midware.back.esg.f.run:-1 com.suma.midware.prop.util.c.run:-1 
11-06 18:12:14.158 W/ContextImpl( 2368): Calling a method in the system process without a qualified user: android.app.ContextImpl.sendBroadcast:1345 android.content.ContextWrapper.sendBroadcast:377 com.suma.midware.back.esg.e.f:-1 com.suma.midware.back.esg.f.run:-1 com.suma.midware.prop.util.c.run:-1 
11-06 18:12:16.309 I/ActivityManager( 2021): START u0 {act= cmp=com.ipanel.android_webview.shell/com.ipanel.webapp.BrowserActivity (has extras)} from uid 1000 on display 0
11-06 18:12:16.312 V/WindowManager( 2021): addAppToken: AppWindowToken{14918f8e token=Token{3a4aa389 ActivityRecord{c09ee90 u0 com.ipanel.android_webview.shell/com.ipanel.webapp.BrowserActivity t489}}} to stack=1 task=489 at 0
11-06 18:12:16.315 V/WindowManager( 2021): Adding window Window{707bbcb u0 Starting com.ipanel.android_webview.shell} at 5 of 10 (after Window{e90e5f4 u0 com.suma.midware.dvb/com.suma.midware.dvb.play.PlayActivity})
11-06 18:12:16.317 W/ContextImpl( 2500): Calling a method in the system process without a qualified user: android.app.ContextImpl.sendBroadcast:1345 android.content.ContextWrapper.sendBroadcast:377 android.app.ActivityThread.performPauseActivity:3259 android.app.ActivityThread.performPauseActivity:3225 android.app.ActivityThread.handlePauseActivity:3200 
11-06 18:12:16.342 I/ActivityManager( 2021): Start proc 2907:com.ipanel.android_webview.shell/u0a24 for activity com.ipanel.android_webview.shell/com.ipanel.webapp.BrowserActivity
11-06 18:12:16.833 V/WindowManager( 2021): Adding window Window{1e2c9a69 u0 com.ipanel.android_webview.shell/com.ipanel.webapp.BrowserActivity} at 5 of 11 (before Window{707bbcb u0 Starting com.ipanel.android_webview.shell})
11-06 18:12:16.852 D/ConnectivityService( 2021): listenForNetwork for NetworkRequest [ id=3, legacyType=-1, [ Capabilities: INTERNET&NOT_RESTRICTED&TRUSTED] ]
11-06 18:12:16.852 D/ConnectivityService( 2021): handleRegisterNetworkRequest checking NetworkAgentInfo [WIFI () - 100]
11-06 18:12:16.852 D/ConnectivityService( 2021): apparently satisfied.  currentScore=60
11-06 18:12:16.935 V/WindowManager( 2021): Adding window Window{8c1e9fa u0 SurfaceView} at 5 of 12 (before Window{1e2c9a69 u0 com.ipanel.android_webview.shell/com.ipanel.webapp.BrowserActivity})
11-06 18:12:17.003 V/WindowManager( 2021): Adding window Window{16597208 u0 SurfaceView} at 6 of 13 (before Window{1e2c9a69 u0 com.ipanel.android_webview.shell/com.ipanel.webapp.BrowserActivity})
11-06 18:12:17.052 W/ViewRootImpl( 2907): Cancelling event due to no window focus: KeyEvent { action=ACTION_UP, keyCode=KEYCODE_DPAD_CENTER, scanCode=28, metaState=0, flags=0x80000028, repeatCount=0, eventTime=82948, downTime=82738, deviceId=3, source=0x701 }
11-06 18:12:17.052 W/ViewRootImpl( 2907): Cancelling event due to no window focus: KeyEvent { action=ACTION_UP, keyCode=KEYCODE_DPAD_CENTER, scanCode=28, metaState=0, flags=0x80000028, repeatCount=0, eventTime=82948, downTime=82738, deviceId=3, source=0x701 }
11-06 18:12:17.052 W/ViewRootImpl( 2907): Cancelling event due to no window focus: KeyEvent { action=ACTION_UP, keyCode=KEYCODE_DPAD_CENTER, scanCode=28, metaState=0, flags=0x80000028, repeatCount=0, eventTime=82948, downTime=82738, deviceId=3, source=0x701 }
11-06 18:12:17.052 W/ViewRootImpl( 2907): Cancelling event due to no window focus: KeyEvent { action=ACTION_UP, keyCode=KEYCODE_DPAD_CENTER, scanCode=28, metaState=0, flags=0x80000028, repeatCount=0, eventTime=82948, downTime=82738, deviceId=3, source=0x701 }
11-06 18:12:17.052 W/ViewRootImpl( 2907): Cancelling event due to no window focus: KeyEvent { action=ACTION_UP, keyCode=KEYCODE_DPAD_CENTER, scanCode=28, metaState=0, flags=0x80000028, repeatCount=0, eventTime=82948, downTime=82738, deviceId=3, source=0x701 }
11-06 18:12:17.052 W/ViewRootImpl( 2907): Cancelling event due to no window focus: KeyEvent { action=ACTION_UP, keyCode=KEYCODE_DPAD_CENTER, scanCode=28, metaState=0, flags=0x80000028, repeatCount=0, eventTime=82948, downTime=82738, deviceId=3, source=0x701 }
11-06 18:12:17.054 W/ViewRootImpl( 2907): Cancelling event due to no window focus: KeyEvent { action=ACTION_UP, keyCode=KEYCODE_DPAD_CENTER, scanCode=28, metaState=0, flags=0x80000028, repeatCount=0, eventTime=82948, downTime=82738, deviceId=3, source=0x701 }
11-06 18:12:17.054 W/ViewRootImpl( 2907): Cancelling event due to no window focus: KeyEvent { action=ACTION_UP, keyCode=KEYCODE_DPAD_CENTER, scanCode=28, metaState=0, flags=0x80000028, repeatCount=0, eventTime=82948, downTime=82738, deviceId=3, source=0x701 }
11-06 18:12:17.055 W/ViewRootImpl( 2907): Cancelling event due to no window focus: KeyEvent { action=ACTION_UP, keyCode=KEYCODE_DPAD_CENTER, scanCode=28, metaState=0, flags=0x80000028, repeatCount=0, eventTime=82948, downTime=82738, deviceId=3, source=0x701 }
11-06 18:12:17.162 W/ContextImpl( 2368): Calling a method in the system process without a qualified user: android.app.ContextImpl.sendBroadcast:1345 android.content.ContextWrapper.sendBroadcast:377 com.suma.midware.back.esg.e.f:-1 com.suma.midware.back.esg.f.run:-1 com.suma.midware.prop.util.c.run:-1 
11-06 18:12:18.163 W/ContextImpl( 2368): Calling a method in the system process without a qualified user: android.app.ContextImpl.sendBroadcast:1345 android.content.ContextWrapper.sendBroadcast:377 com.suma.midware.back.esg.e.f:-1 com.suma.midware.back.esg.f.run:-1 com.suma.midware.prop.util.c.run:-1 
11-06 18:12:19.820 D/TaskPersister( 2021): removeObsoleteFile: deleting file=486_task.xml
11-06 18:12:21.167 W/ContextImpl( 2368): Calling a method in the system process without a qualified user: android.app.ContextImpl.sendBroadcast:1345 android.content.ContextWrapper.sendBroadcast:377 com.suma.midware.back.esg.e.f:-1 com.suma.midware.back.esg.f.run:-1 com.suma.midware.prop.util.c.run:-1 
11-06 18:12:22.169 W/ContextImpl( 2368): Calling a method in the system process without a qualified user: android.app.ContextImpl.sendBroadcast:1345 android.content.ContextWrapper.sendBroadcast:377 com.suma.midware.back.esg.e.f:-1 com.suma.midware.back.esg.f.run:-1 com.suma.midware.prop.util.c.run:-1 
11-06 18:12:25.129 W/ContextImpl( 2368): Calling a method in the system process without a qualified user: android.app.ContextImpl.sendBroadcast:1345 android.content.ContextWrapper.sendBroadcast:377 com.suma.midware.back.esg.e.f:-1 com.suma.midware.back.esg.f.run:-1 com.suma.midware.prop.util.c.run:-1 
11-06 18:12:26.131 W/ContextImpl( 2368): Calling a method in the system process without a qualified user: android.app.ContextImpl.sendBroadcast:1345 android.content.ContextWrapper.sendBroadcast:377 com.suma.midware.back.esg.e.f:-1 com.suma.midware.back.esg.f.run:-1 com.suma.midware.prop.util.c.run:-1 
11-06 18:12:27.133 W/ContextImpl( 2368): Calling a method in the system process without a qualified user: android.app.ContextImpl.sendBroadcast:1345 android.content.ContextWrapper.sendBroadcast:377 com.suma.midware.back.esg.e.f:-1 com.suma.midware.back.esg.f.run:-1 com.suma.midware.prop.util.c.run:-1 
11-06 18:13:14.136 E/RemotePrintSpooler( 2021): Error removing obsolete print jobs .
11-06 18:13:14.136 E/RemotePrintSpooler( 2021): java.util.concurrent.TimeoutException: Cannot get spooler!
11-06 18:13:14.136 E/RemotePrintSpooler( 2021): 	at com.android.server.print.RemotePrintSpooler.bindLocked(RemotePrintSpooler.java:378)
11-06 18:13:14.136 E/RemotePrintSpooler( 2021): 	at com.android.server.print.RemotePrintSpooler.getRemoteInstanceLazy(RemotePrintSpooler.java:354)
11-06 18:13:14.136 E/RemotePrintSpooler( 2021): 	at com.android.server.print.RemotePrintSpooler.removeObsoletePrintJobs(RemotePrintSpooler.java:289)
11-06 18:13:14.136 E/RemotePrintSpooler( 2021): 	at com.android.server.print.UserState.removeObsoletePrintJobs(UserState.java:165)
11-06 18:13:14.136 E/RemotePrintSpooler( 2021): 	at com.android.server.print.PrintManagerService$PrintManagerImpl$3.run(PrintManagerService.java:644)
11-06 18:13:14.136 E/RemotePrintSpooler( 2021): 	at android.os.Handler.handleCallback(Handler.java:739)
11-06 18:13:14.136 E/RemotePrintSpooler( 2021): 	at android.os.Handler.dispatchMessage(Handler.java:95)
11-06 18:13:14.136 E/RemotePrintSpooler( 2021): 	at android.os.Looper.loop(Looper.java:135)
11-06 18:13:14.136 E/RemotePrintSpooler( 2021): 	at android.os.HandlerThread.run(HandlerThread.java:61)
11-06 18:13:14.137 I/UsageStatsService( 2021): User[0] Flushing usage stats to disk
11-06 18:13:14.159 I/UsageStatsDatabase( 2021): Moving file /data/system/usagestats/0/daily/1420070400000 to /data/system/usagestats/0/daily/1509963056857
11-06 18:13:14.160 I/UsageStatsDatabase( 2021): Moving file /data/system/usagestats/0/weekly/1420070400000 to /data/system/usagestats/0/weekly/1509963056857
11-06 18:13:14.160 I/UsageStatsDatabase( 2021): Moving file /data/system/usagestats/0/monthly/1417824000000 to /data/system/usagestats/0/monthly/1507716656857
11-06 18:13:14.161 I/UsageStatsDatabase( 2021): Moving file /data/system/usagestats/0/yearly/1419120000000 to /data/system/usagestats/0/yearly/1509012656857
11-06 18:13:14.174 I/UsageStatsService( 2021): User[0] Rollover scheduled @ 2017-11-07 08:00:00(1510012800000)
11-06 18:13:30.185 W/ContextImpl( 2368): Calling a method in the system process without a qualified user: android.app.ContextImpl.sendBroadcast:1345 android.content.ContextWrapper.sendBroadcast:377 com.suma.midware.back.esg.e.f:-1 com.suma.midware.back.esg.f.run:-1 com.suma.midware.prop.util.c.run:-1 
11-06 18:13:31.188 W/ContextImpl( 2368): Calling a method in the system process without a qualified user: android.app.ContextImpl.sendBroadcast:1345 android.content.ContextWrapper.sendBroadcast:377 com.suma.midware.back.esg.e.f:-1 com.suma.midware.back.esg.f.run:-1 com.suma.midware.prop.util.c.run:-1 
11-06 18:13:32.191 W/ContextImpl( 2368): Calling a method in the system process without a qualified user: android.app.ContextImpl.sendBroadcast:1345 android.content.ContextWrapper.sendBroadcast:377 com.suma.midware.back.esg.e.f:-1 com.suma.midware.back.esg.f.run:-1 com.suma.midware.prop.util.c.run:-1 
11-06 18:14:17.988 W/InputMethodManagerService( 2021): Starting input on non-focused client com.android.internal.view.IInputMethodClient$Stub$Proxy@1e52259b (uid=10024 pid=2907)
11-06 18:14:18.541 I/ActivityManager( 2021): Force stopping com.ipanel.android_webview.shell appid=10024 user=0: from pid 2368
11-06 18:14:18.541 I/ActivityManager( 2021): Killing 2907:com.ipanel.android_webview.shell/u0a24 (adj 0): stop com.ipanel.android_webview.shell
11-06 18:14:18.563 I/WindowState( 2021): WIN DEATH: Window{8c1e9fa u0 SurfaceView}
11-06 18:14:18.563 D/ConnectivityService( 2021): ConnectivityService NetworkRequestInfo binderDied(NetworkRequest [ id=3, legacyType=-1, [ Capabilities: INTERNET&NOT_RESTRICTED&TRUSTED] ], android.os.BinderProxy@21516d38)
11-06 18:14:18.563 D/ConnectivityService( 2021): releasing NetworkRequest NetworkRequest [ id=3, legacyType=-1, [ Capabilities: INTERNET&NOT_RESTRICTED&TRUSTED] ]
11-06 18:14:18.570 W/ActivityManager( 2021): Force removing ActivityRecord{c09ee90 u0 com.ipanel.android_webview.shell/com.ipanel.webapp.BrowserActivity t489}: app died, no saved state
11-06 18:14:18.574 I/WindowState( 2021): WIN DEATH: Window{1e2c9a69 u0 com.ipanel.android_webview.shell/com.ipanel.webapp.BrowserActivity}
11-06 18:14:18.574 W/WindowManager( 2021): Force-removing child win Window{16597208 u0 SurfaceView} from container Window{1e2c9a69 u0 com.ipanel.android_webview.shell/com.ipanel.webapp.BrowserActivity}
11-06 18:14:18.577 E/ConnectivityService( 2021): RemoteException caught trying to send a callback msg for NetworkRequest [ id=3, legacyType=-1, [ Capabilities: INTERNET&NOT_RESTRICTED&TRUSTED] ]
11-06 18:14:18.579 W/WindowManager( 2021): Failed looking up window
11-06 18:14:18.579 W/WindowManager( 2021): java.lang.IllegalArgumentException: Requested window android.os.BinderProxy@136fbab does not exist
11-06 18:14:18.579 W/WindowManager( 2021): 	at com.android.server.wm.WindowManagerService.windowForClientLocked(WindowManagerService.java:8654)
