11-06 18:47:04.051 D/GLRootRenderer( 2500): dispatchKeyEvent event:KeyEvent { action=ACTION_DOWN, keyCode=KEYCODE_DPAD_RIGHT, scanCode=106, metaState=0, flags=0x80000008, repeatCount=0, eventTime=2170481, downTime=2170481, deviceId=3, source=0x701 }:lastKeyCode:22:lastKeyAction:0:lastkeycount:3:size:0
11-06 18:47:04.070 D/BasicFigure( 2500): [TN_GLThread 73]isDrawFocused relyElement=[BaseElement@346a37d9]focusScale[1.15]elementAlpha[-1.0]refectAlpha[-1.0]isFocusAble[true]shadowIndex[-1]autoJumpType[-1]uniqueID[54resSize0]rect[NULL]
11-06 18:47:04.070 D/BasicFigure( 2500): [TN_GLThread 73]isDrawFocused basicFigure=com.suma.midware.view.b.c.c@3914159e
11-06 18:47:04.073 D/Scene   ( 2500): dispatchKeyEvent event:KeyEvent { action=ACTION_DOWN, keyCode=KEYCODE_DPAD_RIGHT, scanCode=106, metaState=0, flags=0x80000008, repeatCount=0, eventTime=2170481, downTime=2170481, deviceId=3, source=0x701 }
11-06 18:47:04.073 D/Scene   ( 2500): dispatchKeyEvent currentFocus = com.suma.midware.view.b.d.b@3c426a17
11-06 18:47:04.073 D/Scene   ( 2500): dispatchKeyEvent nextFocus:null
11-06 18:47:04.073 D/BasicColumn( 2500): [TN_GLThread 73]dealKeyEvent event=KeyEvent { action=ACTION_DOWN, keyCode=KEYCODE_DPAD_RIGHT, scanCode=106, metaState=0, flags=0x80000008, repeatCount=0, eventTime=2170481, downTime=2170481, deviceId=3, source=0x701 }
11-06 18:47:04.073 D/BasicColumn( 2500): [TN_GLThread 73]movePanelFocus index=4,nextIndex=5
11-06 18:47:04.073 E/BasicColumn( 2500): [TN_GLThread 73]dealPanelAnim illegal size=7,moveDistance=0
11-06 18:47:04.073 D/FixedRes( 2500): [TN_GLThread 73]getNineImgRes nineImgSize=2
11-06 18:47:04.074 D/BasicColumn( 2500): [TN_GLThread 73]dealFocusAnim x=287.000,y=10.0000,scaleX=1.27715,scaleY=1.00000
11-06 18:47:04.074 D/HomePanel( 2500): [TN_GLThread 73]switchBasicPanel index=4,nextIndex=5,isTitleFocus=true
11-06 18:47:04.074 D/BasicPanel( 2500): [TN_GLThread 73]onBasicPanelChange isShow=false,isTitleFocus=true,isRight=true,animCmd=com.suma.midware.view.b.d.c@37b1faf1,rightBoard=1863.00,rightGas=40.0000,leftBoard=88.0000,xOffset=0.00000
11-06 18:47:04.074 D/BasicPanel( 2500): [TN_GLThread 73]onBasicPanelChange isShow=true,isTitleFocus=true,isRight=true,animCmd=com.suma.midware.view.b.d.c@37b1faf1,rightBoard=1784.00,rightGas=40.0000,leftBoard=87.0000,xOffset=0.00000
11-06 18:47:04.075 D/BasicPanel( 2500): [TN_GLThread 73]onBasicPanelChangeStart isShow:false:isRight:true:basicPanel:com.suma.midware.view.b.d.d@3c8cea03
11-06 18:47:04.075 D/HomePanel( 2500): [TN_GLThread 73]onBasicPanelChange basicPanel=com.suma.midware.view.b.d.d@3c8cea03,isShow=false,isStart=true,isRight=true
11-06 18:47:04.075 D/HomePanel( 2500): [TN_GLThread 73]onBasicPanelChange basicPanelIndex=4,xOffset=0.00000
11-06 18:47:04.075 D/BasicPanel( 2500): [TN_GLThread 73]onBasicPanelChangeStart isShow:true:isRight:true:basicPanel:com.suma.midware.view.b.d.d@389ebd80
11-06 18:47:04.075 D/HomePanel( 2500): [TN_GLThread 73]onBasicPanelChange basicPanel=com.suma.midware.view.b.d.d@389ebd80,isShow=true,isStart=true,isRight=true
11-06 18:47:04.075 D/HomePanel( 2500): [TN_GLThread 73]onBasicPanelChange basicPanelIndex=5,xOffset=0.00000
11-06 18:47:04.075 W/BasicRootPanel( 2500): [TN_GLThread 73]changeBgAttr coverImgRes null
11-06 18:47:04.090 D/BasicFigure( 2500): [TN_GLThread 73]isDrawFocused relyElement=[BaseElement@346a37d9]focusScale[1.15]elementAlpha[-1.0]refectAlpha[-1.0]isFocusAble[true]shadowIndex[-1]autoJumpType[-1]uniqueID[54resSize0]rect[NULL]
11-06 18:47:04.090 D/BasicFigure( 2500): [TN_GLThread 73]isDrawFocused basicFigure=com.suma.midware.view.b.c.c@3914159e
11-06 18:47:04.110 D/BasicFigure( 2500): [TN_GLThread 73]isDrawFocused relyElement=[BaseElement@346a37d9]focusScale[1.15]elementAlpha[-1.0]refectAlpha[-1.0]isFocusAble[true]shadowIndex[-1]autoJumpType[-1]uniqueID[54resSize0]rect[NULL]
11-06 18:47:04.110 D/BasicFigure( 2500): [TN_GLThread 73]isDrawFocused basicFigure=com.suma.midware.view.b.c.c@3914159e
11-06 18:47:04.130 D/BasicFigure( 2500): [TN_GLThread 73]isDrawFocused relyElement=[BaseElement@346a37d9]focusScale[1.15]elementAlpha[-1.0]refectAlpha[-1.0]isFocusAble[true]shadowIndex[-1]autoJumpType[-1]uniqueID[54resSize0]rect[NULL]
11-06 18:47:04.130 D/BasicFigure( 2500): [TN_GLThread 73]isDrawFocused basicFigure=com.suma.midware.view.b.c.c@3914159e
11-06 18:47:04.151 D/ir_user ( 1585): PlayerTimeLineTrace:linux_keycode:0x6a(UP),	protocol: .
11-06 18:47:04.151 V/PT      ( 1581): >>INFO:irkey_task:[    2170.583236] /dev/input/event0: type=0001 code=006a val=00000000
11-06 18:47:04.151 V/PT      ( 1581): >>INFO:irkey_send:0x3001 0x0027 up  
11-06 18:47:04.151 V/SUMA    ( 1581): ++++++++++++++  _roc_evtmgr_key_cbk 517:input = 12289, event=39, act=0x400
11-06 18:47:04.151 V/SUMA    ( 1581): lxm:_roc_evtmgr_key_cbk 519 2170583
11-06 18:47:04.151 V/SUMA    ( 1581): lxm:_roc_evtmgr_add_key_into_queue 311 2170583
11-06 18:47:04.151 V/PT      ( 1581): >>INFO:irkey_task:[    2170.583236] /dev/input/event0: type=0000 code=0000 val=00000000
11-06 18:47:04.151 V/SUMA    ( 1581): ===================>> type=0 src=0 evt=39 act=0x400
11-06 18:47:04.151 V/SUMA    ( 1581): [sysset-s][event_manager_cbk 78]lxm cbid=1, cbk_reg=1, cpid=2453
11-06 18:47:04.152 D/NGBEvent( 2453): ngbEventCallBack type:0 source :39
11-06 18:47:04.152 D/NGBEvent( 2453): [NGBEventManager-JNI]-returning:1
11-06 18:47:04.152 D/NGBEvent( 2453): Input key event: keyCode=39
11-06 18:47:04.152 D/NGBEvent( 2453): src:39 = dest:39
11-06 18:47:04.152 I/System.out( 2453): [DEBUG EventManager] LWJ--Add event to java with evt=NgbEvent-[type = 1, subtype = 402, code = 39]
11-06 18:47:04.152 D/NGBEvent( 2453): [NGBEvent_log]--[EventManager--JNI]:		start
11-06 18:47:04.152 I/System.out( 2453): [DEBUG EventManager] broadcastEvent  :len 1
11-06 18:47:04.152 D/KeyEventNgbDealer( 2453): [TN_pool-1-thread-1]handleKeyReleased keyEvent=NgbEvent-[type = 1, subtype = 402, code = 39],time=2170584
11-06 18:47:04.152 D/RemoteIME( 4352): RemoteIME--> onKeyUp keyCode = 22
11-06 18:47:04.152 D/Main3DActivity( 2500): [TN_main]dispatchKeyEvent event=KeyEvent { action=ACTION_UP, keyCode=KEYCODE_DPAD_RIGHT, scanCode=106, metaState=0, flags=0x8, repeatCount=0, eventTime=2170583, downTime=2170481, deviceId=3, source=0x701 },isEventAble=false
11-06 18:47:04.153 D/BasicFigure( 2500): [TN_GLThread 73]isDrawFocused relyElement=[BaseElement@346a37d9]focusScale[1.15]elementAlpha[-1.0]refectAlpha[-1.0]isFocusAble[true]shadowIndex[-1]autoJumpType[-1]uniqueID[54resSize0]rect[NULL]
11-06 18:47:04.153 D/BasicFigure( 2500): [TN_GLThread 73]isDrawFocused basicFigure=com.suma.midware.view.b.c.c@3914159e
11-06 18:47:04.173 D/BasicFigure( 2500): [TN_GLThread 73]isDrawFocused relyElement=[BaseElement@346a37d9]focusScale[1.15]elementAlpha[-1.0]refectAlpha[-1.0]isFocusAble[true]shadowIndex[-1]autoJumpType[-1]uniqueID[54resSize0]rect[NULL]
11-06 18:47:04.173 D/BasicFigure( 2500): [TN_GLThread 73]isDrawFocused basicFigure=com.suma.midware.view.b.c.c@3914159e
11-06 18:47:04.190 D/BasicFigure( 2500): [TN_GLThread 73]isDrawFocused relyElement=[BaseElement@346a37d9]focusScale[1.15]elementAlpha[-1.0]refectAlpha[-1.0]isFocusAble[true]shadowIndex[-1]autoJumpType[-1]uniqueID[54resSize0]rect[NULL]
11-06 18:47:04.190 D/BasicFigure( 2500): [TN_GLThread 73]isDrawFocused basicFigure=com.suma.midware.view.b.c.c@3914159e
11-06 18:47:04.210 D/BasicFigure( 2500): [TN_GLThread 73]isDrawFocused relyElement=[BaseElement@346a37d9]focusScale[1.15]elementAlpha[-1.0]refectAlpha[-1.0]isFocusAble[true]shadowIndex[-1]autoJumpType[-1]uniqueID[54resSize0]rect[NULL]
11-06 18:47:04.210 D/BasicFigure( 2500): [TN_GLThread 73]isDrawFocused basicFigure=com.suma.midware.view.b.c.c@3914159e
11-06 18:47:04.230 D/BasicFigure( 2500): [TN_GLThread 73]isDrawFocused relyElement=[BaseElement@346a37d9]focusScale[1.15]elementAlpha[-1.0]refectAlpha[-1.0]isFocusAble[true]shadowIndex[-1]autoJumpType[-1]uniqueID[54resSize0]rect[NULL]
11-06 18:47:04.230 D/BasicFigure( 2500): [TN_GLThread 73]isDrawFocused basicFigure=com.suma.midware.view.b.c.c@3914159e
11-06 18:47:04.249 I/Advanced( 4863): [QUEUE] share_queue_sendEx size:1 4097 522 0x8ee5df30,postLoopId:0,dstid:1.
11-06 18:47:04.250 D/BasicFigure( 2500): [TN_GLThread 73]isDrawFocused relyElement=[BaseElement@346a37d9]focusScale[1.15]elementAlpha[-1.0]refectAlpha[-1.0]isFocusAble[true]shadowIndex[-1]autoJumpType[-1]uniqueID[54resSize0]rect[NULL]
11-06 18:47:04.250 D/BasicFigure( 2500): [TN_GLThread 73]isDrawFocused basicFigure=com.suma.midware.view.b.c.c@3914159e
11-06 18:47:04.273 D/BasicFigure( 2500): [TN_GLThread 73]isDrawFocused relyElement=[BaseElement@346a37d9]focusScale[1.15]elementAlpha[-1.0]refectAlpha[-1.0]isFocusAble[true]shadowIndex[-1]autoJumpType[-1]uniqueID[54resSize0]rect[NULL]
11-06 18:47:04.273 D/BasicFigure( 2500): [TN_GLThread 73]isDrawFocused basicFigure=com.suma.midware.view.b.c.c@3914159e
11-06 18:47:04.293 D/BasicFigure( 2500): [TN_GLThread 73]isDrawFocused relyElement=[BaseElement@346a37d9]focusScale[1.15]elementAlpha[-1.0]refectAlpha[-1.0]isFocusAble[true]shadowIndex[-1]autoJumpType[-1]uniqueID[54resSize0]rect[NULL]
11-06 18:47:04.293 D/BasicFigure( 2500): [TN_GLThread 73]isDrawFocused basicFigure=com.suma.midware.view.b.c.c@3914159e
11-06 18:47:04.310 D/BasicFigure( 2500): [TN_GLThread 73]isDrawFocused relyElement=[BaseElement@346a37d9]focusScale[1.15]elementAlpha[-1.0]refectAlpha[-1.0]isFocusAble[true]shadowIndex[-1]autoJumpType[-1]uniqueID[54resSize0]rect[NULL]
11-06 18:47:04.310 D/BasicFigure( 2500): [TN_GLThread 73]isDrawFocused basicFigure=com.suma.midware.view.b.c.c@3914159e
11-06 18:47:04.330 D/BasicFigure( 2500): [TN_GLThread 73]isDrawFocused relyElement=[BaseElement@346a37d9]focusScale[1.15]elementAlpha[-1.0]refectAlpha[-1.0]isFocusAble[true]shadowIndex[-1]autoJumpType[-1]uniqueID[54resSize0]rect[NULL]
11-06 18:47:04.330 D/BasicFigure( 2500): [TN_GLThread 73]isDrawFocused basicFigure=com.suma.midware.view.b.c.c@3914159e
11-06 18:47:04.350 D/BasicFigure( 2500): [TN_GLThread 73]isDrawFocused relyElement=[BaseElement@346a37d9]focusScale[1.15]elementAlpha[-1.0]refectAlpha[-1.0]isFocusAble[true]shadowIndex[-1]autoJumpType[-1]uniqueID[54resSize0]rect[NULL]
11-06 18:47:04.350 D/BasicFigure( 2500): [TN_GLThread 73]isDrawFocused basicFigure=com.suma.midware.view.b.c.c@3914159e
11-06 18:47:04.354 D/BasicPanel( 2500): [TN_GLThread 73]onBasicPanelChangeEnd isShow:false:isRight:true:basicPanel:com.suma.midware.view.b.d.d@3c8cea03
11-06 18:47:04.354 D/HomePanel( 2500): [TN_GLThread 73]onBasicPanelChange basicPanel=com.suma.midware.view.b.d.d@3c8cea03,isShow=false,isStart=false,isRight=true
11-06 18:47:04.354 D/HomePanel( 2500): [TN_GLThread 73]onBasicPanelChange basicPanelIndex=4,xOffset=0.00000
11-06 18:47:04.354 D/BasicPanel( 2500): [TN_GLThread 73]onBasicPanelChangeEnd isShow:true:isRight:true:basicPanel:com.suma.midware.view.b.d.d@389ebd80
11-06 18:47:04.354 D/HomePanel( 2500): [TN_GLThread 73]onBasicPanelChange basicPanel=com.suma.midware.view.b.d.d@389ebd80,isShow=true,isStart=false,isRight=true
11-06 18:47:04.354 D/HomePanel( 2500): [TN_GLThread 73]onBasicPanelChange basicPanelIndex=5,xOffset=0.00000
11-06 18:47:04.370 D/BasicFigure( 2500): [TN_GLThread 73]isDrawFocused relyElement=[BaseElement@346a37d9]focusScale[1.15]elementAlpha[-1.0]refectAlpha[-1.0]isFocusAble[true]shadowIndex[-1]autoJumpType[-1]uniqueID[54resSize0]rect[NULL]
11-06 18:47:04.370 D/BasicFigure( 2500): [TN_GLThread 73]isDrawFocused basicFigure=com.suma.midware.view.b.c.c@3914159e
11-06 18:47:04.393 D/BasicFigure( 2500): [TN_GLThread 73]isDrawFocused relyElement=[BaseElement@346a37d9]focusScale[1.15]elementAlpha[-1.0]refectAlpha[-1.0]isFocusAble[true]shadowIndex[-1]autoJumpType[-1]uniqueID[54resSize0]rect[NULL]
11-06 18:47:04.394 D/BasicFigure( 2500): [TN_GLThread 73]isDrawFocused basicFigure=com.suma.midware.view.b.c.c@3914159e
11-06 18:47:04.413 D/BasicFigure( 2500): [TN_GLThread 73]isDrawFocused relyElement=[BaseElement@346a37d9]focusScale[1.15]elementAlpha[-1.0]refectAlpha[-1.0]isFocusAble[true]shadowIndex[-1]autoJumpType[-1]uniqueID[54resSize0]rect[NULL]
11-06 18:47:04.413 D/BasicFigure( 2500): [TN_GLThread 73]isDrawFocused basicFigure=com.suma.midware.view.b.c.c@3914159e
11-06 18:47:04.430 D/BasicFigure( 2500): [TN_GLThread 73]isDrawFocused relyElement=[BaseElement@346a37d9]focusScale[1.15]elementAlpha[-1.0]refectAlpha[-1.0]isFocusAble[true]shadowIndex[-1]autoJumpType[-1]uniqueID[54resSize0]rect[NULL]
11-06 18:47:04.430 D/BasicFigure( 2500): [TN_GLThread 73]isDrawFocused basicFigure=com.suma.midware.view.b.c.c@3914159e
11-06 18:47:04.449 I/Advanced( 4863): [QUEUE] share_queue_sendEx size:1 4097 523 0x8ee5df30,postLoopId:0,dstid:1.
11-06 18:47:04.450 D/BasicFigure( 2500): [TN_GLThread 73]isDrawFocused relyElement=[BaseElement@346a37d9]focusScale[1.15]elementAlpha[-1.0]refectAlpha[-1.0]isFocusAble[true]shadowIndex[-1]autoJumpType[-1]uniqueID[54resSize0]rect[NULL]
11-06 18:47:04.450 D/BasicFigure( 2500): [TN_GLThread 73]isDrawFocused basicFigure=com.suma.midware.view.b.c.c@3914159e
11-06 18:47:04.522 D/ir_user ( 1585): PlayerTimeLineTrace:linux_keycode:0x6c(DOWN),	protocol: .
11-06 18:47:04.522 V/PT      ( 1581): >>INFO:irkey_task:[    2170.953764] /dev/input/event0: type=0001 code=006c val=00000001
11-06 18:47:04.522 V/PT      ( 1581): >>INFO:irkey_send:0x3001 0x0028 down
11-06 18:47:04.522 V/SUMA    ( 1581): ++++++++++++++  _roc_evtmgr_key_cbk 517:input = 12289, event=40, act=0x100
11-06 18:47:04.522 V/SUMA    ( 1581): lxm:_roc_evtmgr_key_cbk 519 2170954
11-06 18:47:04.522 V/SUMA    ( 1581): lxm:_roc_evtmgr_add_evt_into_queue 347 2170954
11-06 18:47:04.522 V/PT      ( 1581): >>INFO:irkey_task:[    2170.953764] /dev/input/event0: type=0000 code=0000 val=00000000
11-06 18:47:04.522 V/SUMA    ( 1581): ===================>> type=0 src=0 evt=40 act=0x100
11-06 18:47:04.522 V/SUMA    ( 1581): [sysset-s][event_manager_cbk 78]lxm cbid=1, cbk_reg=1, cpid=2453
11-06 18:47:04.523 D/NGBEvent( 2453): ngbEventCallBack type:0 source :40
11-06 18:47:04.523 D/NGBEvent( 2453): [NGBEventManager-JNI]-returning:1
11-06 18:47:04.523 D/NGBEvent( 2453): Input key event: keyCode=40
11-06 18:47:04.523 D/NGBEvent( 2453): src:40 = dest:40
11-06 18:47:04.523 I/System.out( 2453): [DEBUG EventManager] LWJ--Add event to java with evt=NgbEvent-[type = 1, subtype = 401, code = 40]
11-06 18:47:04.523 D/NGBEvent( 2453): [NGBEvent_log]--[EventManager--JNI]:		start
11-06 18:47:04.524 I/System.out( 2453): [DEBUG EventManager] broadcastEvent  :len 1
11-06 18:47:04.524 D/CombineKeyUtil( 2453): [TN_pool-1-thread-1]dealKeyEvent,combineIndex:-1:keyCode:20
11-06 18:47:04.524 D/KeyEventNgbDealer( 2453): [TN_pool-1-thread-1]handleKeyPressed keyEvent=NgbEvent-[type = 1, subtype = 401, code = 40],time=2170955
11-06 18:47:04.525 D/BackBootDealerNeimeng( 2368): standbyState:
11-06 18:47:04.525 D/RemoteIME( 4352): onKeyDown event = KeyEvent { action=ACTION_DOWN, keyCode=KEYCODE_DPAD_DOWN, scanCode=108, metaState=0, flags=0x8, repeatCount=0, eventTime=2170953, downTime=2170953, deviceId=3, source=0x701 },mSkbContainer=null
11-06 18:47:04.525 E/NetUtils( 2021): Interface eth0 LinkDown!
11-06 18:47:04.526 D/Main3DActivity( 2500): [TN_main]dispatchKeyEvent event=KeyEvent { action=ACTION_DOWN, keyCode=KEYCODE_DPAD_DOWN, scanCode=108, metaState=0, flags=0x8, repeatCount=0, eventTime=2170953, downTime=2170953, deviceId=3, source=0x701 },isEventAble=true
11-06 18:47:04.526 D/InputEventConsistencyVerifier( 2500): KeyEvent: ACTION_DOWN but key is already down and this event is not a key repeat.
11-06 18:47:04.526 D/InputEventConsistencyVerifier( 2500):   in com.android.internal.policy.impl.PhoneWindow$DecorView{1af2850f V.E..... R.....I. 0,0-1280,720}
11-06 18:47:04.526 D/InputEventConsistencyVerifier( 2500):   0: sent at 2170953000000, KeyEvent { action=ACTION_DOWN, keyCode=KEYCODE_DPAD_DOWN, scanCode=108, metaState=0, flags=0x8, repeatCount=0, eventTime=2170953, downTime=2170953, deviceId=3, source=0x701 }
11-06 18:47:04.526 D/InputEventConsistencyVerifier( 2500):   -- recent events --
11-06 18:47:04.526 D/InputEventConsistencyVerifier( 2500):   1: sent at 2170481000000, KeyEvent { action=ACTION_DOWN, keyCode=KEYCODE_DPAD_RIGHT, scanCode=106, metaState=0, flags=0x80000008, repeatCount=0, eventTime=2170481, downTime=2170481, deviceId=3, source=0x701 }
11-06 18:47:04.526 D/InputEventConsistencyVerifier( 2500):   2: sent at 2170185000000, KeyEvent { action=ACTION_DOWN, keyCode=KEYCODE_DPAD_RIGHT, scanCode=106, metaState=0, flags=0x80000008, repeatCount=0, eventTime=2170185, downTime=2170185, deviceId=3, source=0x701 }
11-06 18:47:04.526 D/InputEventConsistencyVerifier( 2500):   3: sent at 2169904000000, KeyEvent { action=ACTION_DOWN, keyCode=KEYCODE_DPAD_RIGHT, scanCode=106, metaState=0, flags=0x80000008, repeatCount=0, eventTime=2169904, downTime=2169904, deviceId=3, source=0x701 }
11-06 18:47:04.526 D/InputEventConsistencyVerifier( 2500):   4: sent at 2169608000000, KeyEvent { action=ACTION_DOWN, keyCode=KEYCODE_DPAD_RIGHT, scanCode=106, metaState=0, flags=0x80000008, repeatCount=0, eventTime=2169608, downTime=2169608, deviceId=3, source=0x701 }
11-06 18:47:04.526 D/InputEventConsistencyVerifier( 2500):   5: sent at 2169312000000, KeyEvent { action=ACTION_DOWN, keyCode=KEYCODE_DPAD_RIGHT, scanCode=106, metaState=0, flags=0x80000008, repeatCount=0, eventTime=2169312, downTime=2169312, deviceId=3, source=0x701 }
11-06 18:47:04.526 D/BasicRootView( 2500): [TN_main]dispatchKeyEvent event=KeyEvent { action=ACTION_DOWN, keyCode=KEYCODE_DPAD_DOWN, scanCode=108, metaState=0, flags=0x80000008, repeatCount=0, eventTime=2170953, downTime=2170953, deviceId=3, source=0x701 },curRootPanel=com.suma.midware.home.third.a.a@25f7f74e
11-06 18:47:04.527 D/GLRootRenderer( 2500): dispatchKeyEvent event:KeyEvent { action=ACTION_DOWN, keyCode=KEYCODE_DPAD_DOWN, scanCode=108, metaState=0, flags=0x80000008, repeatCount=0, eventTime=2170953, downTime=2170953, deviceId=3, source=0x701 }:lastKeyCode:22:lastKeyAction:0:lastkeycount:4:size:0
11-06 18:47:04.527 D/Scene   ( 2500): dispatchKeyEvent event:KeyEvent { action=ACTION_DOWN, keyCode=KEYCODE_DPAD_DOWN, scanCode=108, metaState=0, flags=0x80000008, repeatCount=0, eventTime=2170953, downTime=2170953, deviceId=3, source=0x701 }
11-06 18:47:04.527 D/Scene   ( 2500): dispatchKeyEvent currentFocus = com.suma.midware.view.b.d.b@3c426a17
11-06 18:47:04.527 D/Scene   ( 2500): dispatchKeyEvent nextFocus:null
11-06 18:47:04.527 D/BasicColumn( 2500): [TN_GLThread 73]dealKeyEvent event=KeyEvent { action=ACTION_DOWN, keyCode=KEYCODE_DPAD_DOWN, scanCode=108, metaState=0, flags=0x80000008, repeatCount=0, eventTime=2170953, downTime=2170953, deviceId=3, source=0x701 }
11-06 18:47:04.528 D/MenuUtil( 2500): [TN_GLThread 73]searchVerticalFigure x=974.000,y=120.000,width=190.000,height=60.0000,excludeObj=null
11-06 18:47:04.529 D/FixedRes( 2500): [TN_GLThread 73]getNineImgRes nineImgSize=2
11-06 18:47:04.529 D/BasicColumn( 2500): [TN_GLThread 73]onFocus isFocus=false,index=5,nextIndex=-1
11-06 18:47:04.529 D/FixedRes( 2500): [TN_GLThread 73]getNineImgRes nineImgSize=2
11-06 18:47:04.530 D/BasicColumn( 2500): [TN_GLThread 73]moveFocus xOffset=151.000,yOffset=139.000
11-06 18:47:04.530 D/BasicFigure( 2500): [TN_GLThread 73]onFocusGain figure=com.suma.midware.view.b.c.c@151d5034
11-06 18:47:04.530 D/BasicFigure( 2500): [TN_GLThread 73]onFocusGain panelIndex=5,curPanelIndex=5,basicFigure=com.suma.midware.view.b.c.c@151d5034
11-06 18:47:04.531 D/BasicFigure( 2500): [TN_GLThread 73]onFocusMoveAnim moveSpace=0.00000,x=37.5000,xOffset=0.00000
11-06 18:47:04.531 D/FixedRes( 2500): [TN_GLThread 73]getNineImgRes nineImgSize=2
11-06 18:47:04.531 W/BasicRootPanel( 2500): [TN_GLThread 73]switchPanelLight lightFigure null
11-06 18:47:04.535 D/BasicFigure( 2500): [TN_GLThread 73]isDrawFocused relyElement=[BaseElement@346a37d9]focusScale[1.15]elementAlpha[-1.0]refectAlpha[-1.0]isFocusAble[true]shadowIndex[-1]autoJumpType[-1]uniqueID[54resSize0]rect[NULL]
11-06 18:47:04.535 D/BasicFigure( 2500): [TN_GLThread 73]isDrawFocused basicFigure=com.suma.midware.view.b.c.c@3914159e
11-06 18:47:04.541 D/BasicFigure( 2500): [TN_GLThread 73]isDrawFocused relyElement=[BaseElement@346a37d9]focusScale[1.15]elementAlpha[-1.0]refectAlpha[-1.0]isFocusAble[true]shadowIndex[-1]autoJumpType[-1]uniqueID[54resSize0]rect[NULL]
11-06 18:47:04.541 D/BasicFigure( 2500): [TN_GLThread 73]isDrawFocused basicFigure=com.suma.midware.view.b.c.c@3914159e
11-06 18:47:04.547 D/BasicFigure( 2500): [TN_GLThread 73]isDrawFocused relyElement=[BaseElement@346a37d9]focusScale[1.15]elementAlpha[-1.0]refectAlpha[-1.0]isFocusAble[true]shadowIndex[-1]autoJumpType[-1]uniqueID[54resSize0]rect[NULL]
11-06 18:47:04.547 D/BasicFigure( 2500): [TN_GLThread 73]isDrawFocused basicFigure=com.suma.midware.view.b.c.c@3914159e
11-06 18:47:04.555 D/BasicFigure( 2500): [TN_GLThread 73]isDrawFocused relyElement=[BaseElement@346a37d9]focusScale[1.15]elementAlpha[-1.0]refectAlpha[-1.0]isFocusAble[true]shadowIndex[-1]autoJumpType[-1]uniqueID[54resSize0]rect[NULL]
11-06 18:47:04.555 D/BasicFigure( 2500): [TN_GLThread 73]isDrawFocused basicFigure=com.suma.midware.view.b.c.c@3914159e
11-06 18:47:04.568 D/[blink]DOMTimer( 4863): [fired] 0x5b7f2f48 timeout fired.
11-06 18:47:04.568 D/ScriptController( 4863): [executeScriptAndReturnValue] [V8] evaluate Script start. frame=0x5f9a1a48 url= line=1. source length=22
11-06 18:47:04.568 D/iPanel  ( 4863): iPanel.debug("checkOverlayCreated")
11-06 18:47:04.568 D/[blink]DOMTimer( 4863): [DOMTimer] 0x5b7f2fb8 setTimeout 300ms, repeat:0.
11-06 18:47:04.568 D/ScriptController( 4863): [executeScriptAndReturnValue] [V8] evaluate Script end. frame=0x5f9a1a48 
11-06 18:47:04.571 D/BasicFigure( 2500): [TN_GLThread 73]isDrawFocused relyElement=[BaseElement@346a37d9]focusScale[1.15]elementAlpha[-1.0]refectAlpha[-1.0]isFocusAble[true]shadowIndex[-1]autoJumpType[-1]uniqueID[54resSize0]rect[NULL]
11-06 18:47:04.571 D/BasicFigure( 2500): [TN_GLThread 73]isDrawFocused basicFigure=com.suma.midware.view.b.c.c@3914159e
11-06 18:47:04.588 D/BasicFigure( 2500): [TN_GLThread 73]isDrawFocused relyElement=[BaseElement@346a37d9]focusScale[1.15]elementAlpha[-1.0]refectAlpha[-1.0]isFocusAble[true]shadowIndex[-1]autoJumpType[-1]uniqueID[54resSize0]rect[NULL]
11-06 18:47:04.588 D/BasicFigure( 2500): [TN_GLThread 73]isDrawFocused basicFigure=com.suma.midware.view.b.c.c@3914159e
11-06 18:47:04.604 D/BasicFigure( 2500): [TN_GLThread 73]isDrawFocused relyElement=[BaseElement@346a37d9]focusScale[1.15]elementAlpha[-1.0]refectAlpha[-1.0]isFocusAble[true]shadowIndex[-1]autoJumpType[-1]uniqueID[54resSize0]rect[NULL]
11-06 18:47:04.604 D/BasicFigure( 2500): [TN_GLThread 73]isDrawFocused basicFigure=com.suma.midware.view.b.c.c@3914159e
11-06 18:47:04.621 D/BasicFigure( 2500): [TN_GLThread 73]isDrawFocused relyElement=[BaseElement@346a37d9]focusScale[1.15]elementAlpha[-1.0]refectAlpha[-1.0]isFocusAble[true]shadowIndex[-1]autoJumpType[-1]uniqueID[54resSize0]rect[NULL]
11-06 18:47:04.621 D/BasicFigure( 2500): [TN_GLThread 73]isDrawFocused basicFigure=com.suma.midware.view.b.c.c@3914159e
11-06 18:47:04.645 D/BasicFigure( 2500): [TN_GLThread 73]isDrawFocused relyElement=[BaseElement@346a37d9]focusScale[1.15]elementAlpha[-1.0]refectAlpha[-1.0]isFocusAble[true]shadowIndex[-1]autoJumpType[-1]uniqueID[54resSize0]rect[NULL]
11-06 18:47:04.645 D/BasicFigure( 2500): [TN_GLThread 73]isDrawFocused basicFigure=com.suma.midware.view.b.c.c@3914159e
11-06 18:47:04.649 I/Advanced( 4863): [QUEUE] share_queue_sendEx size:1 4097 524 0x8ee5df30,postLoopId:0,dstid:1.
11-06 18:47:04.658 D/BasicFigure( 2500): [TN_GLThread 73]isDrawFocused relyElement=[BaseElement@346a37d9]focusScale[1.15]elementAlpha[-1.0]refectAlpha[-1.0]isFocusAble[true]shadowIndex[-1]autoJumpType[-1]uniqueID[54resSize0]rect[NULL]
11-06 18:47:04.658 D/BasicFigure( 2500): [TN_GLThread 73]isDrawFocused basicFigure=com.suma.midware.view.b.c.c@3914159e
11-06 18:47:04.672 D/BasicFigure( 2500): [TN_GLThread 73]isDrawFocused relyElement=[BaseElement@346a37d9]focusScale[1.15]elementAlpha[-1.0]refectAlpha[-1.0]isFocusAble[true]shadowIndex[-1]autoJumpType[-1]uniqueID[54resSize0]rect[NULL]
11-06 18:47:04.672 D/BasicFigure( 2500): [TN_GLThread 73]isDrawFocused basicFigure=com.suma.midware.view.b.c.c@3914159e
11-06 18:47:04.690 D/BasicFigure( 2500): [TN_GLThread 73]isDrawFocused relyElement=[BaseElement@346a37d9]focusScale[1.15]elementAlpha[-1.0]refectAlpha[-1.0]isFocusAble[true]shadowIndex[-1]autoJumpType[-1]uniqueID[54resSize0]rect[NULL]
11-06 18:47:04.690 D/BasicFigure( 2500): [TN_GLThread 73]isDrawFocused basicFigure=com.suma.midware.view.b.c.c@3914159e
11-06 18:47:04.710 D/BasicFigure( 2500): [TN_GLThread 73]isDrawFocused relyElement=[BaseElement@346a37d9]focusScale[1.15]elementAlpha[-1.0]refectAlpha[-1.0]isFocusAble[true]shadowIndex[-1]autoJumpType[-1]uniqueID[54resSize0]rect[NULL]
11-06 18:47:04.710 D/BasicFigure( 2500): [TN_GLThread 73]isDrawFocused basicFigure=com.suma.midware.view.b.c.c@3914159e
11-06 18:47:04.730 D/BasicFigure( 2500): [TN_GLThread 73]isDrawFocused relyElement=[BaseElement@346a37d9]focusScale[1.15]elementAlpha[-1.0]refectAlpha[-1.0]isFocusAble[true]shadowIndex[-1]autoJumpType[-1]uniqueID[54resSize0]rect[NULL]
11-06 18:47:04.730 D/BasicFigure( 2500): [TN_GLThread 73]isDrawFocused basicFigure=com.suma.midware.view.b.c.c@3914159e
11-06 18:47:04.731 D/ir_user ( 1585): PlayerTimeLineTrace:linux_keycode:0x6c(UP),	protocol: .
11-06 18:47:04.731 V/PT      ( 1581): >>INFO:irkey_task:[    2171.163127] /dev/input/event0: type=0001 code=006c val=00000000
11-06 18:47:04.731 V/PT      ( 1581): >>INFO:irkey_send:0x3001 0x0028 up  
11-06 18:47:04.731 V/SUMA    ( 1581): ++++++++++++++  _roc_evtmgr_key_cbk 517:input = 12289, event=40, act=0x400
11-06 18:47:04.731 V/SUMA    ( 1581): lxm:_roc_evtmgr_key_cbk 519 2171163
11-06 18:47:04.731 V/SUMA    ( 1581): lxm:_roc_evtmgr_add_key_into_queue 311 2171163
11-06 18:47:04.731 V/PT      ( 1581): >>INFO:irkey_task:[    2171.163127] /dev/input/event0: type=0000 code=0000 val=00000000
11-06 18:47:04.731 V/SUMA    ( 1581): ===================>> type=0 src=0 evt=40 act=0x400
11-06 18:47:04.731 V/SUMA    ( 1581): [sysset-s][event_manager_cbk 78]lxm cbid=1, cbk_reg=1, cpid=2453
11-06 18:47:04.731 D/NGBEvent( 2453): ngbEventCallBack type:0 source :40
11-06 18:47:04.731 D/NGBEvent( 2453): [NGBEventManager-JNI]-returning:1
11-06 18:47:04.731 D/NGBEvent( 2453): Input key event: keyCode=40
11-06 18:47:04.731 D/NGBEvent( 2453): src:40 = dest:40
11-06 18:47:04.731 I/System.out( 2453): [DEBUG EventManager] LWJ--Add event to java with evt=NgbEvent-[type = 1, subtype = 402, code = 40]
11-06 18:47:04.732 D/NGBEvent( 2453): [NGBEvent_log]--[EventManager--JNI]:		start
11-06 18:47:04.732 I/System.out( 2453): [DEBUG EventManager] broadcastEvent  :len 1
11-06 18:47:04.732 D/KeyEventNgbDealer( 2453): [TN_pool-1-thread-1]handleKeyReleased keyEvent=NgbEvent-[type = 1, subtype = 402, code = 40],time=2171163
11-06 18:47:04.732 D/RemoteIME( 4352): RemoteIME--> onKeyUp keyCode = 20
11-06 18:47:04.732 D/Main3DActivity( 2500): [TN_main]dispatchKeyEvent event=KeyEvent { action=ACTION_UP, keyCode=KEYCODE_DPAD_DOWN, scanCode=108, metaState=0, flags=0x8, repeatCount=0, eventTime=2171163, downTime=2170953, deviceId=3, source=0x701 },isEventAble=true
11-06 18:47:04.750 D/BasicFigure( 2500): [TN_GLThread 73]isDrawFocused relyElement=[BaseElement@346a37d9]focusScale[1.15]elementAlpha[-1.0]refectAlpha[-1.0]isFocusAble[true]shadowIndex[-1]autoJumpType[-1]uniqueID[54resSize0]rect[NULL]
11-06 18:47:04.750 D/BasicFigure( 2500): [TN_GLThread 73]isDrawFocused basicFigure=com.suma.midware.view.b.c.c@3914159e
11-06 18:47:04.770 D/BasicFigure( 2500): [TN_GLThread 73]isDrawFocused relyElement=[BaseElement@346a37d9]focusScale[1.15]elementAlpha[-1.0]refectAlpha[-1.0]isFocusAble[true]shadowIndex[-1]autoJumpType[-1]uniqueID[54resSize0]rect[NULL]
11-06 18:47:04.770 D/BasicFigure( 2500): [TN_GLThread 73]isDrawFocused basicFigure=com.suma.midware.view.b.c.c@3914159e
11-06 18:47:04.790 D/BasicFigure( 2500): [TN_GLThread 73]isDrawFocused relyElement=[BaseElement@346a37d9]focusScale[1.15]elementAlpha[-1.0]refectAlpha[-1.0]isFocusAble[true]shadowIndex[-1]autoJumpType[-1]uniqueID[54resSize0]rect[NULL]
11-06 18:47:04.790 D/BasicFigure( 2500): [TN_GLThread 73]isDrawFocused basicFigure=com.suma.midware.view.b.c.c@3914159e
11-06 18:47:04.810 D/BasicFigure( 2500): [TN_GLThread 73]isDrawFocused relyElement=[BaseElement@346a37d9]focusScale[1.15]elementAlpha[-1.0]refectAlpha[-1.0]isFocusAble[true]shadowIndex[-1]autoJumpType[-1]uniqueID[54resSize0]rect[NULL]
11-06 18:47:04.810 D/BasicFigure( 2500): [TN_GLThread 73]isDrawFocused basicFigure=com.suma.midware.view.b.c.c@3914159e
11-06 18:47:04.830 D/BasicFigure( 2500): [TN_GLThread 73]isDrawFocused relyElement=[BaseElement@346a37d9]focusScale[1.15]elementAlpha[-1.0]refectAlpha[-1.0]isFocusAble[true]shadowIndex[-1]autoJumpType[-1]uniqueID[54resSize0]rect[NULL]
11-06 18:47:04.830 D/BasicFigure( 2500): [TN_GLThread 73]isDrawFocused basicFigure=com.suma.midware.view.b.c.c@3914159e
11-06 18:47:04.850 D/BasicFigure( 2500): [TN_GLThread 73]isDrawFocused relyElement=[BaseElement@346a37d9]focusScale[1.15]elementAlpha[-1.0]refectAlpha[-1.0]isFocusAble[true]shadowIndex[-1]autoJumpType[-1]uniqueID[54resSize0]rect[NULL]
11-06 18:47:04.850 D/BasicFigure( 2500): [TN_GLThread 73]isDrawFocused basicFigure=com.suma.midware.view.b.c.c@3914159e
11-06 18:47:04.850 I/Advanced( 4863): [QUEUE] share_queue_sendEx size:1 4097 525 0x8ee5df30,postLoopId:0,dstid:1.
11-06 18:47:04.905 D/ir_user ( 1585): PlayerTimeLineTrace:linux_keycode:0x6c(DOWN),	protocol: .
11-06 18:47:04.905 V/PT      ( 1581): >>INFO:irkey_task:[    2171.337274] /dev/input/event0: type=0001 code=006c val=00000001
11-06 18:47:04.905 V/PT      ( 1581): >>INFO:irkey_send:0x3001 0x0028 down
11-06 18:47:04.905 V/SUMA    ( 1581): ++++++++++++++  _roc_evtmgr_key_cbk 517:input = 12289, event=40, act=0x100
11-06 18:47:04.905 V/SUMA    ( 1581): lxm:_roc_evtmgr_key_cbk 519 2171337
11-06 18:47:04.905 V/SUMA    ( 1581): lxm:_roc_evtmgr_add_evt_into_queue 347 2171337
11-06 18:47:04.905 V/SUMA    ( 1581): ===================>> type=0 src=0 evt=40 act=0x100
11-06 18:47:04.905 V/SUMA    ( 1581): [sysset-s][event_manager_cbk 78]lxm cbid=1, cbk_reg=1, cpid=2453
11-06 18:47:04.905 V/PT      ( 1581): >>INFO:irkey_task:[    2171.337274] /dev/input/event0: type=0000 code=0000 val=00000000
11-06 18:47:04.905 D/NGBEvent( 2453): ngbEventCallBack type:0 source :40
11-06 18:47:04.905 D/NGBEvent( 2453): [NGBEventManager-JNI]-returning:1
11-06 18:47:04.905 D/NGBEvent( 2453): Input key event: keyCode=40
11-06 18:47:04.905 D/NGBEvent( 2453): src:40 = dest:40
11-06 18:47:04.906 I/System.out( 2453): [DEBUG EventManager] LWJ--Add event to java with evt=NgbEvent-[type = 1, subtype = 401, code = 40]
11-06 18:47:04.906 D/NGBEvent( 2453): [NGBEvent_log]--[EventManager--JNI]:		start
11-06 18:47:04.906 I/System.out( 2453): [DEBUG EventManager] broadcastEvent  :len 1
11-06 18:47:04.906 D/CombineKeyUtil( 2453): [TN_pool-1-thread-1]dealKeyEvent,combineIndex:-1:keyCode:20
11-06 18:47:04.906 D/KeyEventNgbDealer( 2453): [TN_pool-1-thread-1]handleKeyPressed keyEvent=NgbEvent-[type = 1, subtype = 401, code = 40],time=2171337
11-06 18:47:04.906 D/RemoteIME( 4352): onKeyDown event = KeyEvent { action=ACTION_DOWN, keyCode=KEYCODE_DPAD_DOWN, scanCode=108, metaState=0, flags=0x8, repeatCount=0, eventTime=2171337, downTime=2171337, deviceId=3, source=0x701 },mSkbContainer=null
11-06 18:47:04.906 D/Main3DActivity( 2500): [TN_main]dispatchKeyEvent event=KeyEvent { action=ACTION_DOWN, keyCode=KEYCODE_DPAD_DOWN, scanCode=108, metaState=0, flags=0x8, repeatCount=0, eventTime=2171337, downTime=2171337, deviceId=3, source=0x701 },isEventAble=true
11-06 18:47:04.906 D/InputEventConsistencyVerifier( 2500): KeyEvent: ACTION_DOWN but key is already down and this event is not a key repeat.
11-06 18:47:04.906 D/InputEventConsistencyVerifier( 2500):   in com.android.internal.policy.impl.PhoneWindow$DecorView{1af2850f V.E..... R.....I. 0,0-1280,720}
11-06 18:47:04.906 D/InputEventConsistencyVerifier( 2500):   0: sent at 2171337000000, KeyEvent { action=ACTION_DOWN, keyCode=KEYCODE_DPAD_DOWN, scanCode=108, metaState=0, flags=0x8, repeatCount=0, eventTime=2171337, downTime=2171337, deviceId=3, source=0x701 }
11-06 18:47:04.906 D/InputEventConsistencyVerifier( 2500):   -- recent events --
11-06 18:47:04.906 D/InputEventConsistencyVerifier( 2500):   1: sent at 2170953000000, KeyEvent { action=ACTION_DOWN, keyCode=KEYCODE_DPAD_DOWN, scanCode=108, metaState=0, flags=0x80000008, repeatCount=0, eventTime=2170953, downTime=2170953, deviceId=3, source=0x701 }
11-06 18:47:04.906 D/InputEventConsistencyVerifier( 2500):   2: sent at 2170481000000, KeyEvent { action=ACTION_DOWN, keyCode=KEYCODE_DPAD_RIGHT, scanCode=106, metaState=0, flags=0x80000008, repeatCount=0, eventTime=2170481, downTime=2170481, deviceId=3, source=0x701 }
11-06 18:47:04.906 D/InputEventConsistencyVerifier( 2500):   3: sent at 2170185000000, KeyEvent { action=ACTION_DOWN, keyCode=KEYCODE_DPAD_RIGHT, scanCode=106, metaState=0, flags=0x80000008, repeatCount=0, eventTime=2170185, downTime=2170185, deviceId=3, source=0x701 }
11-06 18:47:04.906 D/InputEventConsistencyVerifier( 2500):   4: sent at 2169904000000, KeyEvent { action=ACTION_DOWN, keyCode=KEYCODE_DPAD_RIGHT, scanCode=106, metaState=0, flags=0x80000008, repeatCount=0, eventTime=2169904, downTime=2169904, deviceId=3, source=0x701 }
11-06 18:47:04.906 D/InputEventConsistencyVerifier( 2500):   5: sent at 2169608000000, KeyEvent { action=ACTION_DOWN, keyCode=KEYCODE_DPAD_RIGHT, scanCode=106, metaState=0, flags=0x80000008, repeatCount=0, eventTime=2169608, downTime=2169608, deviceId=3, source=0x701 }
11-06 18:47:04.906 D/BasicRootView( 2500): [TN_main]dispatchKeyEvent event=KeyEvent { action=ACTION_DOWN, keyCode=KEYCODE_DPAD_DOWN, scanCode=108, metaState=0, flags=0x80000008, repeatCount=0, eventTime=2171337, downTime=2171337, deviceId=3, source=0x701 },curRootPanel=com.suma.midware.home.third.a.a@25f7f74e
11-06 18:47:04.906 D/GLRootRenderer( 2500): dispatchKeyEvent event:KeyEvent { action=ACTION_DOWN, keyCode=KEYCODE_DPAD_DOWN, scanCode=108, metaState=0, flags=0x80000008, repeatCount=0, eventTime=2171337, downTime=2171337, deviceId=3, source=0x701 }:lastKeyCode:20:lastKeyAction:0:lastkeycount:0:size:0
11-06 18:47:04.907 D/Scene   ( 2500): dispatchKeyEvent event:KeyEvent { action=ACTION_DOWN, keyCode=KEYCODE_DPAD_DOWN, scanCode=108, metaState=0, flags=0x80000008, repeatCount=0, eventTime=2171337, downTime=2171337, deviceId=3, source=0x701 }
11-06 18:47:04.907 D/Scene   ( 2500): dispatchKeyEvent currentFocus = com.suma.midware.view.b.c.c@151d5034
11-06 18:47:04.907 D/Scene   ( 2500): dispatchKeyEvent nextFocus:null
11-06 18:47:04.907 D/BasicFigure( 2500): [TN_GLThread 73]dealKeyEvent event=KeyEvent { action=ACTION_DOWN, keyCode=KEYCODE_DPAD_DOWN, scanCode=108, metaState=0, flags=0x80000008, repeatCount=0, eventTime=2171337, downTime=2171337, deviceId=3, source=0x701 }
11-06 18:47:04.907 D/MenuUtil( 2500): [TN_GLThread 73]searchVerticalFigure x=820.000,y=220.000,width=355.000,height=221.000,excludeObj=com.suma.midware.view.b.c.c@151d5034
11-06 18:47:04.908 D/MenuUtil( 2500): [TN_GLThread 73]isAbove y1=220.000,y2=105.000,cube1=355.0,221.0,1.0,cube2=890.0,110.0,1.0,obj3d1=com.suma.midware.view.b.c.c@151d5034,obj3d2=com.suma.midware.view.b.d.b@3c426a17
11-06 18:47:04.908 D/BasicFigure( 2500): [TN_GLThread 73]onFocusLost figure=com.suma.midware.view.b.c.c@151d5034
11-06 18:47:04.908 W/BasicRootPanel( 2500): [TN_GLThread 73]switchPanelLight lightFigure null
11-06 18:47:04.908 D/BasicFigure( 2500): [TN_GLThread 73]onFocusGain figure=com.suma.midware.view.b.c.c@28232e5d
11-06 18:47:04.908 D/BasicFigure( 2500): [TN_GLThread 73]onFocusGain panelIndex=5,curPanelIndex=5,basicFigure=com.suma.midware.view.b.c.c@28232e5d
11-06 18:47:04.908 D/BasicFigure( 2500): [TN_GLThread 73]onFocusLost time:2171339
11-06 18:47:04.911 D/BasicFigure( 2500): [TN_GLThread 73]isDrawFocused relyElement=[BaseElement@346a37d9]focusScale[1.15]elementAlpha[-1.0]refectAlpha[-1.0]isFocusAble[true]shadowIndex[-1]autoJumpType[-1]uniqueID[54resSize0]rect[NULL]
11-06 18:47:04.911 D/BasicFigure( 2500): [TN_GLThread 73]isDrawFocused basicFigure=com.suma.midware.view.b.c.c@3914159e
11-06 18:47:04.914 D/BasicFigure( 2500): [TN_GLThread 73]onFocusMoveAnim moveSpace=0.00000,x=37.5000,xOffset=0.00000
11-06 18:47:04.914 D/FixedRes( 2500): [TN_GLThread 73]getNineImgRes nineImgSize=2
11-06 18:47:04.914 W/BasicRootPanel( 2500): [TN_GLThread 73]switchPanelLight lightFigure null
11-06 18:47:04.918 D/BasicFigure( 2500): [TN_GLThread 73]isDrawFocused relyElement=[BaseElement@346a37d9]focusScale[1.15]elementAlpha[-1.0]refectAlpha[-1.0]isFocusAble[true]shadowIndex[-1]autoJumpType[-1]uniqueID[54resSize0]rect[NULL]
11-06 18:47:04.918 D/BasicFigure( 2500): [TN_GLThread 73]isDrawFocused basicFigure=com.suma.midware.view.b.c.c@3914159e
11-06 18:47:04.924 D/BasicFigure( 2500): [TN_GLThread 73]isDrawFocused relyElement=[BaseElement@346a37d9]focusScale[1.15]elementAlpha[-1.0]refectAlpha[-1.0]isFocusAble[true]shadowIndex[-1]autoJumpType[-1]uniqueID[54resSize0]rect[NULL]
11-06 18:47:04.924 D/BasicFigure( 2500): [TN_GLThread 73]isDrawFocused basicFigure=com.suma.midware.view.b.c.c@3914159e
11-06 18:47:04.932 D/BasicFigure( 2500): [TN_GLThread 73]isDrawFocused relyElement=[BaseElement@346a37d9]focusScale[1.15]elementAlpha[-1.0]refectAlpha[-1.0]isFocusAble[true]shadowIndex[-1]autoJumpType[-1]uniqueID[54resSize0]rect[NULL]
11-06 18:47:04.933 D/BasicFigure( 2500): [TN_GLThread 73]isDrawFocused basicFigure=com.suma.midware.view.b.c.c@3914159e
11-06 18:47:04.950 D/BasicFigure( 2500): [TN_GLThread 73]isDrawFocused relyElement=[BaseElement@346a37d9]focusScale[1.15]elementAlpha[-1.0]refectAlpha[-1.0]isFocusAble[true]shadowIndex[-1]autoJumpType[-1]uniqueID[54resSize0]rect[NULL]
11-06 18:47:04.950 D/BasicFigure( 2500): [TN_GLThread 73]isDrawFocused basicFigure=com.suma.midware.view.b.c.c@3914159e
11-06 18:47:04.970 D/BasicFigure( 2500): [TN_GLThread 73]isDrawFocused relyElement=[BaseElement@346a37d9]focusScale[1.15]elementAlpha[-1.0]refectAlpha[-1.0]isFocusAble[true]shadowIndex[-1]autoJumpType[-1]uniqueID[54resSize0]rect[NULL]
11-06 18:47:04.970 D/BasicFigure( 2500): [TN_GLThread 73]isDrawFocused basicFigure=com.suma.midware.view.b.c.c@3914159e
11-06 18:47:04.990 D/BasicFigure( 2500): [TN_GLThread 73]isDrawFocused relyElement=[BaseElement@346a37d9]focusScale[1.15]elementAlpha[-1.0]refectAlpha[-1.0]isFocusAble[true]shadowIndex[-1]autoJumpType[-1]uniqueID[54resSize0]rect[NULL]
11-06 18:47:04.990 D/BasicFigure( 2500): [TN_GLThread 73]isDrawFocused basicFigure=com.suma.midware.view.b.c.c@3914159e
11-06 18:47:05.010 D/BasicFigure( 2500): [TN_GLThread 73]isDrawFocused relyElement=[BaseElement@346a37d9]focusScale[1.15]elementAlpha[-1.0]refectAlpha[-1.0]isFocusAble[true]shadowIndex[-1]autoJumpType[-1]uniqueID[54resSize0]rect[NULL]
11-06 18:47:05.010 D/BasicFigure( 2500): [TN_GLThread 73]isDrawFocused basicFigure=com.suma.midware.view.b.c.c@3914159e
11-06 18:47:05.022 I/AdvancedPorting-PORT_MODULE_NET( 4863): network_task while... 
11-06 18:47:05.022 I/AdvancedPorting-PORT_MODULE_NET( 4863): 0 interface name: lo
11-06 18:47:05.022 I/AdvancedPorting-PORT_MODULE_NET( 4863): 1 interface name: wlan0
11-06 18:47:05.022 I/AdvancedPorting-PORT_MODULE_NET( 4863): First interface name: lo
11-06 18:47:05.022 I/AdvancedPorting-PORT_MODULE_NET( 4863): network_task while...  net_i:1
11-06 18:47:05.022 I/AdvancedPorting-PORT_MODULE_NET( 4863): network_task while---name_interface[0]=lo
11-06 18:47:05.022 I/AdvancedPorting-PORT_MODULE_NET( 4863): network_task while---name_interface[1]=wlan0
11-06 18:47:05.022 I/AdvancedPorting-PORT_MODULE_NET( 4863): network_task while---interface_name=wlan0
11-06 18:47:05.022 I/AdvancedPorting-PORT_MODULE_NET( 4863): network_get_netlink_status(in)--if_name=wlan0
11-06 18:47:05.022 I/AdvancedPorting-PORT_MODULE_NET( 4863): net.network.isconnected = no
11-06 18:47:05.022 I/AdvancedPorting-PORT_MODULE_NET( 4863): wlan0 --network_get_netlink_status return retval=1
11-06 18:47:05.022 I/AdvancedPorting-PORT_MODULE_NET( 4863): stat = 1 last_status = 1
11-06 18:47:05.026 D/BackBootDealerNeimeng( 2368): standbyState:
11-06 18:47:05.027 E/NetUtils( 2021): Interface eth0 LinkDown!
11-06 18:47:05.030 D/BasicFigure( 2500): [TN_GLThread 73]isDrawFocused relyElement=[BaseElement@346a37d9]focusScale[1.15]elementAlpha[-1.0]refectAlpha[-1.0]isFocusAble[true]shadowIndex[-1]autoJumpType[-1]uniqueID[54resSize0]rect[NULL]
11-06 18:47:05.030 D/BasicFigure( 2500): [TN_GLThread 73]isDrawFocused basicFigure=com.suma.midware.view.b.c.c@3914159e
11-06 18:47:05.050 D/BasicFigure( 2500): [TN_GLThread 73]isDrawFocused relyElement=[BaseElement@346a37d9]focusScale[1.15]elementAlpha[-1.0]refectAlpha[-1.0]isFocusAble[true]shadowIndex[-1]autoJumpType[-1]uniqueID[54resSize0]rect[NULL]
11-06 18:47:05.050 D/BasicFigure( 2500): [TN_GLThread 73]isDrawFocused basicFigure=com.suma.midware.view.b.c.c@3914159e
11-06 18:47:05.050 I/Advanced( 4863): [QUEUE] share_queue_sendEx size:1 4097 526 0x8ee5df30,postLoopId:0,dstid:1.
11-06 18:47:05.070 D/BasicFigure( 2500): [TN_GLThread 73]isDrawFocused relyElement=[BaseElement@346a37d9]focusScale[1.15]elementAlpha[-1.0]refectAlpha[-1.0]isFocusAble[true]shadowIndex[-1]autoJumpType[-1]uniqueID[54resSize0]rect[NULL]
11-06 18:47:05.070 D/BasicFigure( 2500): [TN_GLThread 73]isDrawFocused basicFigure=com.suma.midware.view.b.c.c@3914159e
11-06 18:47:05.090 D/BasicFigure( 2500): [TN_GLThread 73]isDrawFocused relyElement=[BaseElement@346a37d9]focusScale[1.15]elementAlpha[-1.0]refectAlpha[-1.0]isFocusAble[true]shadowIndex[-1]autoJumpType[-1]uniqueID[54resSize0]rect[NULL]
11-06 18:47:05.090 D/BasicFigure( 2500): [TN_GLThread 73]isDrawFocused basicFigure=com.suma.midware.view.b.c.c@3914159e
11-06 18:47:05.112 D/BasicFigure( 2500): [TN_GLThread 73]isDrawFocused relyElement=[BaseElement@346a37d9]focusScale[1.15]elementAlpha[-1.0]refectAlpha[-1.0]isFocusAble[true]shadowIndex[-1]autoJumpType[-1]uniqueID[54resSize0]rect[NULL]
11-06 18:47:05.112 D/BasicFigure( 2500): [TN_GLThread 73]isDrawFocused basicFigure=com.suma.midware.view.b.c.c@3914159e
11-06 18:47:05.114 D/ir_user ( 1585): PlayerTimeLineTrace:linux_keycode:0x6c(UP),	protocol: .
11-06 18:47:05.114 V/PT      ( 1581): >>INFO:irkey_task:[    2171.546660] /dev/input/event0: type=0001 code=006c val=00000000
11-06 18:47:05.115 V/PT      ( 1581): >>INFO:irkey_send:0x3001 0x0028 up  
11-06 18:47:05.115 V/SUMA    ( 1581): ++++++++++++++  _roc_evtmgr_key_cbk 517:input = 12289, event=40, act=0x400
11-06 18:47:05.115 V/SUMA    ( 1581): lxm:_roc_evtmgr_key_cbk 519 2171546
11-06 18:47:05.115 V/SUMA    ( 1581): lxm:_roc_evtmgr_add_key_into_queue 311 2171546
11-06 18:47:05.115 V/PT      ( 1581): >>INFO:irkey_task:[    2171.546660] /dev/input/event0: type=0000 code=0000 val=00000000
11-06 18:47:05.115 V/SUMA    ( 1581): ===================>> type=0 src=0 evt=40 act=0x400
11-06 18:47:05.115 V/SUMA    ( 1581): [sysset-s][event_manager_cbk 78]lxm cbid=1, cbk_reg=1, cpid=2453
11-06 18:47:05.115 D/NGBEvent( 2453): ngbEventCallBack type:0 source :40
11-06 18:47:05.115 D/NGBEvent( 2453): [NGBEventManager-JNI]-returning:1
11-06 18:47:05.115 D/NGBEvent( 2453): Input key event: keyCode=40
11-06 18:47:05.115 D/NGBEvent( 2453): src:40 = dest:40
11-06 18:47:05.115 I/System.out( 2453): [DEBUG EventManager] LWJ--Add event to java with evt=NgbEvent-[type = 1, subtype = 402, code = 40]
11-06 18:47:05.115 D/NGBEvent( 2453): [NGBEvent_log]--[EventManager--JNI]:		start
11-06 18:47:05.115 I/System.out( 2453): [DEBUG EventManager] broadcastEvent  :len 1
11-06 18:47:05.115 D/KeyEventNgbDealer( 2453): [TN_pool-1-thread-1]handleKeyReleased keyEvent=NgbEvent-[type = 1, subtype = 402, code = 40],time=2171547
11-06 18:47:05.116 D/RemoteIME( 4352): RemoteIME--> onKeyUp keyCode = 20
11-06 18:47:05.116 D/Main3DActivity( 2500): [TN_main]dispatchKeyEvent event=KeyEvent { action=ACTION_UP, keyCode=KEYCODE_DPAD_DOWN, scanCode=108, metaState=0, flags=0x8, repeatCount=0, eventTime=2171546, downTime=2171337, deviceId=3, source=0x701 },isEventAble=true
11-06 18:47:05.132 D/BasicFigure( 2500): [TN_GLThread 73]isDrawFocused relyElement=[BaseElement@346a37d9]focusScale[1.15]elementAlpha[-1.0]refectAlpha[-1.0]isFocusAble[true]shadowIndex[-1]autoJumpType[-1]uniqueID[54resSize0]rect[NULL]
11-06 18:47:05.132 D/BasicFigure( 2500): [TN_GLThread 73]isDrawFocused basicFigure=com.suma.midware.view.b.c.c@3914159e
11-06 18:47:05.150 D/BasicFigure( 2500): [TN_GLThread 73]isDrawFocused relyElement=[BaseElement@346a37d9]focusScale[1.15]elementAlpha[-1.0]refectAlpha[-1.0]isFocusAble[true]shadowIndex[-1]autoJumpType[-1]uniqueID[54resSize0]rect[NULL]
11-06 18:47:05.150 D/BasicFigure( 2500): [TN_GLThread 73]isDrawFocused basicFigure=com.suma.midware.view.b.c.c@3914159e
11-06 18:47:05.170 D/BasicFigure( 2500): [TN_GLThread 73]isDrawFocused relyElement=[BaseElement@346a37d9]focusScale[1.15]elementAlpha[-1.0]refectAlpha[-1.0]isFocusAble[true]shadowIndex[-1]autoJumpType[-1]uniqueID[54resSize0]rect[NULL]
11-06 18:47:05.170 D/BasicFigure( 2500): [TN_GLThread 73]isDrawFocused basicFigure=com.suma.midware.view.b.c.c@3914159e
11-06 18:47:05.186 D/ir_user ( 1585): PlayerTimeLineTrace:linux_keycode:0x6c(DOWN),	protocol: .
11-06 18:47:05.186 V/PT      ( 1581): >>INFO:irkey_task:[    2171.618413] /dev/input/event0: type=0001 code=006c val=00000001
11-06 18:47:05.186 V/PT      ( 1581): >>INFO:irkey_send:0x3001 0x0028 down
11-06 18:47:05.186 V/SUMA    ( 1581): ++++++++++++++  _roc_evtmgr_key_cbk 517:input = 12289, event=40, act=0x100
11-06 18:47:05.186 V/SUMA    ( 1581): lxm:_roc_evtmgr_key_cbk 519 2171618
11-06 18:47:05.186 V/SUMA    ( 1581): lxm:_roc_evtmgr_add_evt_into_queue 347 2171618
11-06 18:47:05.186 V/PT      ( 1581): >>INFO:irkey_task:[    2171.618413] /dev/input/event0: type=0000 code=0000 val=00000000
11-06 18:47:05.186 V/SUMA    ( 1581): ===================>> type=0 src=0 evt=40 act=0x100
11-06 18:47:05.186 V/SUMA    ( 1581): [sysset-s][event_manager_cbk 78]lxm cbid=1, cbk_reg=1, cpid=2453
11-06 18:47:05.187 D/NGBEvent( 2453): ngbEventCallBack type:0 source :40
11-06 18:47:05.187 D/NGBEvent( 2453): [NGBEventManager-JNI]-returning:1
11-06 18:47:05.187 D/NGBEvent( 2453): Input key event: keyCode=40
11-06 18:47:05.187 D/NGBEvent( 2453): src:40 = dest:40
11-06 18:47:05.187 I/System.out( 2453): [DEBUG EventManager] LWJ--Add event to java with evt=NgbEvent-[type = 1, subtype = 401, code = 40]
11-06 18:47:05.187 D/NGBEvent( 2453): [NGBEvent_log]--[EventManager--JNI]:		start
11-06 18:47:05.187 I/System.out( 2453): [DEBUG EventManager] broadcastEvent  :len 1
11-06 18:47:05.187 D/CombineKeyUtil( 2453): [TN_pool-1-thread-1]dealKeyEvent,combineIndex:-1:keyCode:20
11-06 18:47:05.187 D/KeyEventNgbDealer( 2453): [TN_pool-1-thread-1]handleKeyPressed keyEvent=NgbEvent-[type = 1, subtype = 401, code = 40],time=2171619
11-06 18:47:05.188 D/RemoteIME( 4352): onKeyDown event = KeyEvent { action=ACTION_DOWN, keyCode=KEYCODE_DPAD_DOWN, scanCode=108, metaState=0, flags=0x8, repeatCount=0, eventTime=2171618, downTime=2171618, deviceId=3, source=0x701 },mSkbContainer=null
11-06 18:47:05.189 D/Main3DActivity( 2500): [TN_main]dispatchKeyEvent event=KeyEvent { action=ACTION_DOWN, keyCode=KEYCODE_DPAD_DOWN, scanCode=108, metaState=0, flags=0x8, repeatCount=0, eventTime=2171618, downTime=2171618, deviceId=3, source=0x701 },isEventAble=true
11-06 18:47:05.189 D/InputEventConsistencyVerifier( 2500): KeyEvent: ACTION_DOWN but key is already down and this event is not a key repeat.
11-06 18:47:05.189 D/InputEventConsistencyVerifier( 2500):   in com.android.internal.policy.impl.PhoneWindow$DecorView{1af2850f V.E..... R.....I. 0,0-1280,720}
11-06 18:47:05.189 D/InputEventConsistencyVerifier( 2500):   0: sent at 2171618000000, KeyEvent { action=ACTION_DOWN, keyCode=KEYCODE_DPAD_DOWN, scanCode=108, metaState=0, flags=0x8, repeatCount=0, eventTime=2171618, downTime=2171618, deviceId=3, source=0x701 }
11-06 18:47:05.189 D/InputEventConsistencyVerifier( 2500):   -- recent events --
11-06 18:47:05.189 D/InputEventConsistencyVerifier( 2500):   1: sent at 2171337000000, KeyEvent { action=ACTION_DOWN, keyCode=KEYCODE_DPAD_DOWN, scanCode=108, metaState=0, flags=0x80000008, repeatCount=0, eventTime=2171337, downTime=2171337, deviceId=3, source=0x701 }
11-06 18:47:05.189 D/InputEventConsistencyVerifier( 2500):   2: sent at 2170953000000, KeyEvent { action=ACTION_DOWN, keyCode=KEYCODE_DPAD_DOWN, scanCode=108, metaState=0, flags=0x80000008, repeatCount=0, eventTime=2170953, downTime=2170953, deviceId=3, source=0x701 }
11-06 18:47:05.189 D/InputEventConsistencyVerifier( 2500):   3: sent at 2170481000000, KeyEvent { action=ACTION_DOWN, keyCode=KEYCODE_DPAD_RIGHT, scanCode=106, metaState=0, flags=0x80000008, repeatCount=0, eventTime=2170481, downTime=2170481, deviceId=3, source=0x701 }
11-06 18:47:05.189 D/InputEventConsistencyVerifier( 2500):   4: sent at 2170185000000, KeyEvent { action=ACTION_DOWN, keyCode=KEYCODE_DPAD_RIGHT, scanCode=106, metaState=0, flags=0x80000008, repeatCount=0, eventTime=2170185, downTime=2170185, deviceId=3, source=0x701 }
11-06 18:47:05.189 D/InputEventConsistencyVerifier( 2500):   5: sent at 2169904000000, KeyEvent { action=ACTION_DOWN, keyCode=KEYCODE_DPAD_RIGHT, scanCode=106, metaState=0, flags=0x80000008, repeatCount=0, eventTime=2169904, downTime=2169904, deviceId=3, source=0x701 }
