11-06 18:47:03.177 D/InputEventConsistencyVerifier( 2500):   0: sent at 2169608000000, KeyEvent { action=ACTION_DOWN, keyCode=KEYCODE_DPAD_RIGHT, scanCode=106, metaState=0, flags=0x8, repeatCount=0, eventTime=2169608, downTime=2169608, deviceId=3, source=0x701 }
11-06 18:47:03.177 D/InputEventConsistencyVerifier( 2500):   -- recent events --
11-06 18:47:03.177 D/InputEventConsistencyVerifier( 2500):   1: sent at 2169312000000, KeyEvent { action=ACTION_DOWN, keyCode=KEYCODE_DPAD_RIGHT, scanCode=106, metaState=0, flags=0x80000008, repeatCount=0, eventTime=2169312, downTime=2169312, deviceId=3, source=0x701 }
11-06 18:47:03.177 D/InputEventConsistencyVerifier( 2500):   2: sent at 2168665000000, KeyEvent { action=ACTION_DOWN, keyCode=KEYCODE_DPAD_UP, scanCode=103, metaState=0, flags=0x80000008, repeatCount=0, eventTime=2168665, downTime=2168665, deviceId=3, source=0x701 }
11-06 18:47:03.177 D/InputEventConsistencyVerifier( 2500):   3: sent at 2168384000000, KeyEvent { action=ACTION_DOWN, keyCode=KEYCODE_DPAD_UP, scanCode=103, metaState=0, flags=0x80000008, repeatCount=0, eventTime=2168384, downTime=2168384, deviceId=3, source=0x701 }
11-06 18:47:03.177 D/InputEventConsistencyVerifier( 2500):   4: sent at 2168103000000, KeyEvent { action=ACTION_DOWN, keyCode=KEYCODE_DPAD_UP, scanCode=103, metaState=0, flags=0x80000008, repeatCount=0, eventTime=2168103, downTime=2168103, deviceId=3, source=0x701 }
11-06 18:47:03.177 D/InputEventConsistencyVerifier( 2500):   5: sent at 2166364000000, KeyEvent { action=ACTION_DOWN, keyCode=KEYCODE_DPAD_DOWN, scanCode=108, metaState=0, flags=0x80000008, repeatCount=0, eventTime=2166364, downTime=2166364, deviceId=3, source=0x701 }
11-06 18:47:03.177 D/BasicRootView( 2500): [TN_main]dispatchKeyEvent event=KeyEvent { action=ACTION_DOWN, keyCode=KEYCODE_DPAD_RIGHT, scanCode=106, metaState=0, flags=0x80000008, repeatCount=0, eventTime=2169608, downTime=2169608, deviceId=3, source=0x701 },curRootPanel=com.suma.midware.home.third.a.a@25f7f74e
11-06 18:47:03.177 D/GLRootRenderer( 2500): dispatchKeyEvent event:KeyEvent { action=ACTION_DOWN, keyCode=KEYCODE_DPAD_RIGHT, scanCode=106, metaState=0, flags=0x80000008, repeatCount=0, eventTime=2169608, downTime=2169608, deviceId=3, source=0x701 }:lastKeyCode:22:lastKeyAction:0:lastkeycount:0:size:0
11-06 18:47:03.178 D/Scene   ( 2500): dispatchKeyEvent event:KeyEvent { action=ACTION_DOWN, keyCode=KEYCODE_DPAD_RIGHT, scanCode=106, metaState=0, flags=0x80000008, repeatCount=0, eventTime=2169608, downTime=2169608, deviceId=3, source=0x701 }
11-06 18:47:03.178 D/Scene   ( 2500): dispatchKeyEvent currentFocus = com.suma.midware.view.b.d.b@3c426a17
11-06 18:47:03.178 D/Scene   ( 2500): dispatchKeyEvent nextFocus:null
11-06 18:47:03.178 D/BasicColumn( 2500): [TN_GLThread 73]dealKeyEvent event=KeyEvent { action=ACTION_DOWN, keyCode=KEYCODE_DPAD_RIGHT, scanCode=106, metaState=0, flags=0x80000008, repeatCount=0, eventTime=2169608, downTime=2169608, deviceId=3, source=0x701 }
11-06 18:47:03.178 D/BasicColumn( 2500): [TN_GLThread 73]movePanelFocus index=1,nextIndex=2
11-06 18:47:03.178 E/BasicColumn( 2500): [TN_GLThread 73]dealPanelAnim illegal size=7,moveDistance=0
11-06 18:47:03.178 D/FixedRes( 2500): [TN_GLThread 73]getNineImgRes nineImgSize=2
11-06 18:47:03.178 D/BasicColumn( 2500): [TN_GLThread 73]dealFocusAnim x=-171.000,y=10.0000,scaleX=0.940075,scaleY=1.00000
11-06 18:47:03.178 D/HomePanel( 2500): [TN_GLThread 73]switchBasicPanel index=1,nextIndex=2,isTitleFocus=true
11-06 18:47:03.179 D/BasicPanel( 2500): [TN_GLThread 73]onBasicPanelChange isShow=false,isTitleFocus=true,isRight=true,animCmd=com.suma.midware.view.b.d.c@182f240a,rightBoard=1863.00,rightGas=40.0000,leftBoard=88.0000,xOffset=0.00000
11-06 18:47:03.179 D/BasicPanel( 2500): [TN_GLThread 73]onBasicPanelChange isShow=true,isTitleFocus=true,isRight=true,animCmd=com.suma.midware.view.b.d.c@182f240a,rightBoard=1831.00,rightGas=40.0000,leftBoard=88.0000,xOffset=0.00000
11-06 18:47:03.179 D/BasicPanel( 2500): [TN_GLThread 73]onBasicPanelChangeStart isShow:false:isRight:true:basicPanel:com.suma.midware.view.b.d.d@1de47414
11-06 18:47:03.179 D/HomePanel( 2500): [TN_GLThread 73]onBasicPanelChange basicPanel=com.suma.midware.view.b.d.d@1de47414,isShow=false,isStart=true,isRight=true
11-06 18:47:03.179 D/HomePanel( 2500): [TN_GLThread 73]onBasicPanelChange basicPanelIndex=1,xOffset=0.00000
11-06 18:47:03.179 D/BasicPanel( 2500): [TN_GLThread 73]onBasicPanelChangeStart isShow:true:isRight:true:basicPanel:com.suma.midware.view.b.d.d@311bb4bd
11-06 18:47:03.179 D/HomePanel( 2500): [TN_GLThread 73]onBasicPanelChange basicPanel=com.suma.midware.view.b.d.d@311bb4bd,isShow=true,isStart=true,isRight=true
11-06 18:47:03.179 D/HomePanel( 2500): [TN_GLThread 73]onBasicPanelChange basicPanelIndex=2,xOffset=0.00000
11-06 18:47:03.179 W/BasicRootPanel( 2500): [TN_GLThread 73]changeBgAttr coverImgRes null
11-06 18:47:03.183 D/BasicFigure( 2500): [TN_GLThread 73]isDrawFocused relyElement=[BaseElement@346a37d9]focusScale[1.15]elementAlpha[-1.0]refectAlpha[-1.0]isFocusAble[true]shadowIndex[-1]autoJumpType[-1]uniqueID[54resSize0]rect[NULL]
11-06 18:47:03.183 D/BasicFigure( 2500): [TN_GLThread 73]isDrawFocused basicFigure=com.suma.midware.view.b.c.c@3914159e
11-06 18:47:03.192 D/BasicFigure( 2500): [TN_GLThread 73]isDrawFocused relyElement=[BaseElement@346a37d9]focusScale[1.15]elementAlpha[-1.0]refectAlpha[-1.0]isFocusAble[true]shadowIndex[-1]autoJumpType[-1]uniqueID[54resSize0]rect[NULL]
11-06 18:47:03.192 D/BasicFigure( 2500): [TN_GLThread 73]isDrawFocused basicFigure=com.suma.midware.view.b.c.c@3914159e
11-06 18:47:03.201 D/BasicPanel( 2500): [TN_GLThread 73]onBasicPanelChangeEnd isShow:false:isRight:true:basicPanel:com.suma.midware.view.b.d.d@1de47414
11-06 18:47:03.201 D/HomePanel( 2500): [TN_GLThread 73]onBasicPanelChange basicPanel=com.suma.midware.view.b.d.d@1de47414,isShow=false,isStart=false,isRight=true
11-06 18:47:03.201 D/HomePanel( 2500): [TN_GLThread 73]onBasicPanelChange basicPanelIndex=1,xOffset=0.00000
11-06 18:47:03.202 D/BasicPanel( 2500): [TN_GLThread 73]onBasicPanelChangeEnd isShow:true:isRight:true:basicPanel:com.suma.midware.view.b.d.d@311bb4bd
11-06 18:47:03.202 D/HomePanel( 2500): [TN_GLThread 73]onBasicPanelChange basicPanel=com.suma.midware.view.b.d.d@311bb4bd,isShow=true,isStart=false,isRight=true
11-06 18:47:03.202 D/HomePanel( 2500): [TN_GLThread 73]onBasicPanelChange basicPanelIndex=2,xOffset=0.00000
11-06 18:47:03.206 D/BasicFigure( 2500): [TN_GLThread 73]isDrawFocused relyElement=[BaseElement@346a37d9]focusScale[1.15]elementAlpha[-1.0]refectAlpha[-1.0]isFocusAble[true]shadowIndex[-1]autoJumpType[-1]uniqueID[54resSize0]rect[NULL]
11-06 18:47:03.206 D/BasicFigure( 2500): [TN_GLThread 73]isDrawFocused basicFigure=com.suma.midware.view.b.c.c@3914159e
11-06 18:47:03.218 D/BasicFigure( 2500): [TN_GLThread 73]isDrawFocused relyElement=[BaseElement@346a37d9]focusScale[1.15]elementAlpha[-1.0]refectAlpha[-1.0]isFocusAble[true]shadowIndex[-1]autoJumpType[-1]uniqueID[54resSize0]rect[NULL]
11-06 18:47:03.218 D/BasicFigure( 2500): [TN_GLThread 73]isDrawFocused basicFigure=com.suma.midware.view.b.c.c@3914159e
11-06 18:47:03.238 D/BasicFigure( 2500): [TN_GLThread 73]isDrawFocused relyElement=[BaseElement@346a37d9]focusScale[1.15]elementAlpha[-1.0]refectAlpha[-1.0]isFocusAble[true]shadowIndex[-1]autoJumpType[-1]uniqueID[54resSize0]rect[NULL]
11-06 18:47:03.238 D/BasicFigure( 2500): [TN_GLThread 73]isDrawFocused basicFigure=com.suma.midware.view.b.c.c@3914159e
11-06 18:47:03.258 D/BasicFigure( 2500): [TN_GLThread 73]isDrawFocused relyElement=[BaseElement@346a37d9]focusScale[1.15]elementAlpha[-1.0]refectAlpha[-1.0]isFocusAble[true]shadowIndex[-1]autoJumpType[-1]uniqueID[54resSize0]rect[NULL]
11-06 18:47:03.258 D/BasicFigure( 2500): [TN_GLThread 73]isDrawFocused basicFigure=com.suma.midware.view.b.c.c@3914159e
11-06 18:47:03.279 D/BasicFigure( 2500): [TN_GLThread 73]isDrawFocused relyElement=[BaseElement@346a37d9]focusScale[1.15]elementAlpha[-1.0]refectAlpha[-1.0]isFocusAble[true]shadowIndex[-1]autoJumpType[-1]uniqueID[54resSize0]rect[NULL]
11-06 18:47:03.279 D/BasicFigure( 2500): [TN_GLThread 73]isDrawFocused basicFigure=com.suma.midware.view.b.c.c@3914159e
11-06 18:47:03.301 D/BasicFigure( 2500): [TN_GLThread 73]isDrawFocused relyElement=[BaseElement@346a37d9]focusScale[1.15]elementAlpha[-1.0]refectAlpha[-1.0]isFocusAble[true]shadowIndex[-1]autoJumpType[-1]uniqueID[54resSize0]rect[NULL]
11-06 18:47:03.301 D/BasicFigure( 2500): [TN_GLThread 73]isDrawFocused basicFigure=com.suma.midware.view.b.c.c@3914159e
11-06 18:47:03.386 D/ir_user ( 1585): PlayerTimeLineTrace:linux_keycode:0x6a(UP),	protocol: .
11-06 18:47:03.386 V/PT      ( 1581): >>INFO:irkey_task:[    2169.817927] /dev/input/event0: type=0001 code=006a val=00000000
11-06 18:47:03.386 V/PT      ( 1581): >>INFO:irkey_send:0x3001 0x0027 up  
11-06 18:47:03.386 V/SUMA    ( 1581): ++++++++++++++  _roc_evtmgr_key_cbk 517:input = 12289, event=39, act=0x400
11-06 18:47:03.386 V/SUMA    ( 1581): lxm:_roc_evtmgr_key_cbk 519 2169818
11-06 18:47:03.386 V/SUMA    ( 1581): lxm:_roc_evtmgr_add_key_into_queue 311 2169818
11-06 18:47:03.386 V/PT      ( 1581): >>INFO:irkey_task:[    2169.817927] /dev/input/event0: type=0000 code=0000 val=00000000
11-06 18:47:03.386 V/SUMA    ( 1581): ===================>> type=0 src=0 evt=39 act=0x400
11-06 18:47:03.386 V/SUMA    ( 1581): [sysset-s][event_manager_cbk 78]lxm cbid=1, cbk_reg=1, cpid=2453
11-06 18:47:03.386 D/NGBEvent( 2453): ngbEventCallBack type:0 source :39
11-06 18:47:03.386 D/NGBEvent( 2453): [NGBEventManager-JNI]-returning:1
11-06 18:47:03.386 D/NGBEvent( 2453): Input key event: keyCode=39
11-06 18:47:03.386 D/NGBEvent( 2453): src:39 = dest:39
11-06 18:47:03.386 I/System.out( 2453): [DEBUG EventManager] LWJ--Add event to java with evt=NgbEvent-[type = 1, subtype = 402, code = 39]
11-06 18:47:03.386 D/NGBEvent( 2453): [NGBEvent_log]--[EventManager--JNI]:		start
11-06 18:47:03.387 I/System.out( 2453): [DEBUG EventManager] broadcastEvent  :len 1
11-06 18:47:03.387 D/KeyEventNgbDealer( 2453): [TN_pool-1-thread-1]handleKeyReleased keyEvent=NgbEvent-[type = 1, subtype = 402, code = 39],time=2169818
11-06 18:47:03.387 D/RemoteIME( 4352): RemoteIME--> onKeyUp keyCode = 22
11-06 18:47:03.387 D/Main3DActivity( 2500): [TN_main]dispatchKeyEvent event=KeyEvent { action=ACTION_UP, keyCode=KEYCODE_DPAD_RIGHT, scanCode=106, metaState=0, flags=0x8, repeatCount=0, eventTime=2169817, downTime=2169608, deviceId=3, source=0x701 },isEventAble=true
11-06 18:47:03.438 I/Advanced( 4863): [QUEUE] share_queue_sendEx size:1 4097 518 0x8ee5df30,postLoopId:0,dstid:1.
11-06 18:47:03.472 D/ir_user ( 1585): PlayerTimeLineTrace:linux_keycode:0x6a(DOWN),	protocol: .
11-06 18:47:03.472 V/PT      ( 1581): >>INFO:irkey_task:[    2169.904506] /dev/input/event0: type=0001 code=006a val=00000001
11-06 18:47:03.472 V/PT      ( 1581): >>INFO:irkey_send:0x3001 0x0027 down
11-06 18:47:03.472 V/SUMA    ( 1581): ++++++++++++++  _roc_evtmgr_key_cbk 517:input = 12289, event=39, act=0x100
11-06 18:47:03.472 V/SUMA    ( 1581): lxm:_roc_evtmgr_key_cbk 519 2169904
11-06 18:47:03.472 V/SUMA    ( 1581): lxm:_roc_evtmgr_add_evt_into_queue 347 2169904
11-06 18:47:03.472 V/SUMA    ( 1581): ===================>> type=0 src=0 evt=39 act=0x100
11-06 18:47:03.472 V/PT      ( 1581): >>INFO:irkey_task:[    2169.904506] /dev/input/event0: type=0000 code=0000 val=00000000
11-06 18:47:03.472 V/SUMA    ( 1581): [sysset-s][event_manager_cbk 78]lxm cbid=1, cbk_reg=1, cpid=2453
11-06 18:47:03.473 D/NGBEvent( 2453): ngbEventCallBack type:0 source :39
11-06 18:47:03.473 D/NGBEvent( 2453): [NGBEventManager-JNI]-returning:1
11-06 18:47:03.473 D/NGBEvent( 2453): Input key event: keyCode=39
11-06 18:47:03.473 D/NGBEvent( 2453): src:39 = dest:39
11-06 18:47:03.473 I/System.out( 2453): [DEBUG EventManager] LWJ--Add event to java with evt=NgbEvent-[type = 1, subtype = 401, code = 39]
11-06 18:47:03.473 D/NGBEvent( 2453): [NGBEvent_log]--[EventManager--JNI]:		start
11-06 18:47:03.473 I/System.out( 2453): [DEBUG EventManager] broadcastEvent  :len 1
11-06 18:47:03.473 D/CombineKeyUtil( 2453): [TN_pool-1-thread-1]dealKeyEvent,combineIndex:-1:keyCode:22
11-06 18:47:03.473 D/RemoteIME( 4352): onKeyDown event = KeyEvent { action=ACTION_DOWN, keyCode=KEYCODE_DPAD_RIGHT, scanCode=106, metaState=0, flags=0x8, repeatCount=0, eventTime=2169904, downTime=2169904, deviceId=3, source=0x701 },mSkbContainer=null
11-06 18:47:03.473 D/KeyEventNgbDealer( 2453): [TN_pool-1-thread-1]handleKeyPressed keyEvent=NgbEvent-[type = 1, subtype = 401, code = 39],time=2169905
11-06 18:47:03.473 D/Main3DActivity( 2500): [TN_main]dispatchKeyEvent event=KeyEvent { action=ACTION_DOWN, keyCode=KEYCODE_DPAD_RIGHT, scanCode=106, metaState=0, flags=0x8, repeatCount=0, eventTime=2169904, downTime=2169904, deviceId=3, source=0x701 },isEventAble=true
11-06 18:47:03.473 D/InputEventConsistencyVerifier( 2500): KeyEvent: ACTION_DOWN but key is already down and this event is not a key repeat.
11-06 18:47:03.473 D/InputEventConsistencyVerifier( 2500):   in com.android.internal.policy.impl.PhoneWindow$DecorView{1af2850f V.E..... R.....I. 0,0-1280,720}
11-06 18:47:03.473 D/InputEventConsistencyVerifier( 2500):   0: sent at 2169904000000, KeyEvent { action=ACTION_DOWN, keyCode=KEYCODE_DPAD_RIGHT, scanCode=106, metaState=0, flags=0x8, repeatCount=0, eventTime=2169904, downTime=2169904, deviceId=3, source=0x701 }
11-06 18:47:03.473 D/InputEventConsistencyVerifier( 2500):   -- recent events --
11-06 18:47:03.473 D/InputEventConsistencyVerifier( 2500):   1: sent at 2169608000000, KeyEvent { action=ACTION_DOWN, keyCode=KEYCODE_DPAD_RIGHT, scanCode=106, metaState=0, flags=0x80000008, repeatCount=0, eventTime=2169608, downTime=2169608, deviceId=3, source=0x701 }
11-06 18:47:03.473 D/InputEventConsistencyVerifier( 2500):   2: sent at 2169312000000, KeyEvent { action=ACTION_DOWN, keyCode=KEYCODE_DPAD_RIGHT, scanCode=106, metaState=0, flags=0x80000008, repeatCount=0, eventTime=2169312, downTime=2169312, deviceId=3, source=0x701 }
11-06 18:47:03.473 D/InputEventConsistencyVerifier( 2500):   3: sent at 2168665000000, KeyEvent { action=ACTION_DOWN, keyCode=KEYCODE_DPAD_UP, scanCode=103, metaState=0, flags=0x80000008, repeatCount=0, eventTime=2168665, downTime=2168665, deviceId=3, source=0x701 }
11-06 18:47:03.473 D/InputEventConsistencyVerifier( 2500):   4: sent at 2168384000000, KeyEvent { action=ACTION_DOWN, keyCode=KEYCODE_DPAD_UP, scanCode=103, metaState=0, flags=0x80000008, repeatCount=0, eventTime=2168384, downTime=2168384, deviceId=3, source=0x701 }
11-06 18:47:03.473 D/InputEventConsistencyVerifier( 2500):   5: sent at 2168103000000, KeyEvent { action=ACTION_DOWN, keyCode=KEYCODE_DPAD_UP, scanCode=103, metaState=0, flags=0x80000008, repeatCount=0, eventTime=2168103, downTime=2168103, deviceId=3, source=0x701 }
11-06 18:47:03.473 D/BasicRootView( 2500): [TN_main]dispatchKeyEvent event=KeyEvent { action=ACTION_DOWN, keyCode=KEYCODE_DPAD_RIGHT, scanCode=106, metaState=0, flags=0x80000008, repeatCount=0, eventTime=2169904, downTime=2169904, deviceId=3, source=0x701 },curRootPanel=com.suma.midware.home.third.a.a@25f7f74e
11-06 18:47:03.473 D/GLRootRenderer( 2500): dispatchKeyEvent event:KeyEvent { action=ACTION_DOWN, keyCode=KEYCODE_DPAD_RIGHT, scanCode=106, metaState=0, flags=0x80000008, repeatCount=0, eventTime=2169904, downTime=2169904, deviceId=3, source=0x701 }:lastKeyCode:22:lastKeyAction:0:lastkeycount:1:size:0
11-06 18:47:03.474 D/Scene   ( 2500): dispatchKeyEvent event:KeyEvent { action=ACTION_DOWN, keyCode=KEYCODE_DPAD_RIGHT, scanCode=106, metaState=0, flags=0x80000008, repeatCount=0, eventTime=2169904, downTime=2169904, deviceId=3, source=0x701 }
11-06 18:47:03.474 D/Scene   ( 2500): dispatchKeyEvent currentFocus = com.suma.midware.view.b.d.b@3c426a17
11-06 18:47:03.474 D/Scene   ( 2500): dispatchKeyEvent nextFocus:null
11-06 18:47:03.474 D/BasicColumn( 2500): [TN_GLThread 73]dealKeyEvent event=KeyEvent { action=ACTION_DOWN, keyCode=KEYCODE_DPAD_RIGHT, scanCode=106, metaState=0, flags=0x80000008, repeatCount=0, eventTime=2169904, downTime=2169904, deviceId=3, source=0x701 }
11-06 18:47:03.474 D/BasicColumn( 2500): [TN_GLThread 73]movePanelFocus index=2,nextIndex=3
11-06 18:47:03.474 E/BasicColumn( 2500): [TN_GLThread 73]dealPanelAnim illegal size=7,moveDistance=0
11-06 18:47:03.474 D/FixedRes( 2500): [TN_GLThread 73]getNineImgRes nineImgSize=2
11-06 18:47:03.474 D/BasicColumn( 2500): [TN_GLThread 73]dealFocusAnim x=-63.0000,y=10.0000,scaleX=0.940075,scaleY=1.00000
11-06 18:47:03.474 D/HomePanel( 2500): [TN_GLThread 73]switchBasicPanel index=2,nextIndex=3,isTitleFocus=true
11-06 18:47:03.475 D/BasicPanel( 2500): [TN_GLThread 73]onBasicPanelChange isShow=false,isTitleFocus=true,isRight=true,animCmd=com.suma.midware.view.b.d.c@12c9947b,rightBoard=1831.00,rightGas=40.0000,leftBoard=88.0000,xOffset=0.00000
11-06 18:47:03.475 D/BasicPanel( 2500): [TN_GLThread 73]onBasicPanelChange isShow=true,isTitleFocus=true,isRight=true,animCmd=com.suma.midware.view.b.d.c@12c9947b,rightBoard=1863.00,rightGas=40.0000,leftBoard=88.0000,xOffset=0.00000
11-06 18:47:03.475 D/BasicPanel( 2500): [TN_GLThread 73]onBasicPanelChangeStart isShow:false:isRight:true:basicPanel:com.suma.midware.view.b.d.d@311bb4bd
11-06 18:47:03.475 D/HomePanel( 2500): [TN_GLThread 73]onBasicPanelChange basicPanel=com.suma.midware.view.b.d.d@311bb4bd,isShow=false,isStart=true,isRight=true
11-06 18:47:03.475 D/HomePanel( 2500): [TN_GLThread 73]onBasicPanelChange basicPanelIndex=2,xOffset=0.00000
11-06 18:47:03.475 D/BasicPanel( 2500): [TN_GLThread 73]onBasicPanelChangeStart isShow:true:isRight:true:basicPanel:com.suma.midware.view.b.d.d@210bbab2
11-06 18:47:03.475 D/HomePanel( 2500): [TN_GLThread 73]onBasicPanelChange basicPanel=com.suma.midware.view.b.d.d@210bbab2,isShow=true,isStart=true,isRight=true
11-06 18:47:03.475 D/HomePanel( 2500): [TN_GLThread 73]onBasicPanelChange basicPanelIndex=3,xOffset=0.00000
11-06 18:47:03.475 W/BasicRootPanel( 2500): [TN_GLThread 73]changeBgAttr coverImgRes null
11-06 18:47:03.479 D/BasicFigure( 2500): [TN_GLThread 73]isDrawFocused relyElement=[BaseElement@346a37d9]focusScale[1.15]elementAlpha[-1.0]refectAlpha[-1.0]isFocusAble[true]shadowIndex[-1]autoJumpType[-1]uniqueID[54resSize0]rect[NULL]
11-06 18:47:03.479 D/BasicFigure( 2500): [TN_GLThread 73]isDrawFocused basicFigure=com.suma.midware.view.b.c.c@3914159e
11-06 18:47:03.488 D/BasicFigure( 2500): [TN_GLThread 73]isDrawFocused relyElement=[BaseElement@346a37d9]focusScale[1.15]elementAlpha[-1.0]refectAlpha[-1.0]isFocusAble[true]shadowIndex[-1]autoJumpType[-1]uniqueID[54resSize0]rect[NULL]
11-06 18:47:03.488 D/BasicFigure( 2500): [TN_GLThread 73]isDrawFocused basicFigure=com.suma.midware.view.b.c.c@3914159e
11-06 18:47:03.500 D/BasicFigure( 2500): [TN_GLThread 73]isDrawFocused relyElement=[BaseElement@346a37d9]focusScale[1.15]elementAlpha[-1.0]refectAlpha[-1.0]isFocusAble[true]shadowIndex[-1]autoJumpType[-1]uniqueID[54resSize0]rect[NULL]
11-06 18:47:03.500 D/BasicFigure( 2500): [TN_GLThread 73]isDrawFocused basicFigure=com.suma.midware.view.b.c.c@3914159e
11-06 18:47:03.512 D/BasicFigure( 2500): [TN_GLThread 73]isDrawFocused relyElement=[BaseElement@346a37d9]focusScale[1.15]elementAlpha[-1.0]refectAlpha[-1.0]isFocusAble[true]shadowIndex[-1]autoJumpType[-1]uniqueID[54resSize0]rect[NULL]
11-06 18:47:03.512 D/BasicFigure( 2500): [TN_GLThread 73]isDrawFocused basicFigure=com.suma.midware.view.b.c.c@3914159e
11-06 18:47:03.523 D/BackBootDealerNeimeng( 2368): standbyState:
11-06 18:47:03.524 E/NetUtils( 2021): Interface eth0 LinkDown!
11-06 18:47:03.531 D/BasicFigure( 2500): [TN_GLThread 73]isDrawFocused relyElement=[BaseElement@346a37d9]focusScale[1.15]elementAlpha[-1.0]refectAlpha[-1.0]isFocusAble[true]shadowIndex[-1]autoJumpType[-1]uniqueID[54resSize0]rect[NULL]
11-06 18:47:03.532 D/BasicFigure( 2500): [TN_GLThread 73]isDrawFocused basicFigure=com.suma.midware.view.b.c.c@3914159e
11-06 18:47:03.550 D/BasicFigure( 2500): [TN_GLThread 73]isDrawFocused relyElement=[BaseElement@346a37d9]focusScale[1.15]elementAlpha[-1.0]refectAlpha[-1.0]isFocusAble[true]shadowIndex[-1]autoJumpType[-1]uniqueID[54resSize0]rect[NULL]
11-06 18:47:03.550 D/BasicFigure( 2500): [TN_GLThread 73]isDrawFocused basicFigure=com.suma.midware.view.b.c.c@3914159e
11-06 18:47:03.568 D/[blink]DOMTimer( 4863): [fired] 0x5b7f2ed8 timeout fired.
11-06 18:47:03.568 D/ScriptController( 4863): [executeScriptAndReturnValue] [V8] evaluate Script start. frame=0x5f9a1a48 url= line=1. source length=22
11-06 18:47:03.568 D/iPanel  ( 4863): iPanel.debug("checkOverlayCreated")
11-06 18:47:03.568 D/[blink]DOMTimer( 4863): [DOMTimer] 0x5b7f2f48 setTimeout 300ms, repeat:0.
11-06 18:47:03.568 D/ScriptController( 4863): [executeScriptAndReturnValue] [V8] evaluate Script end. frame=0x5f9a1a48 
11-06 18:47:03.569 D/BasicFigure( 2500): [TN_GLThread 73]isDrawFocused relyElement=[BaseElement@346a37d9]focusScale[1.15]elementAlpha[-1.0]refectAlpha[-1.0]isFocusAble[true]shadowIndex[-1]autoJumpType[-1]uniqueID[54resSize0]rect[NULL]
11-06 18:47:03.569 D/BasicFigure( 2500): [TN_GLThread 73]isDrawFocused basicFigure=com.suma.midware.view.b.c.c@3914159e
11-06 18:47:03.584 D/BasicPanel( 2500): [TN_GLThread 73]onBasicPanelChangeEnd isShow:false:isRight:true:basicPanel:com.suma.midware.view.b.d.d@311bb4bd
11-06 18:47:03.584 D/HomePanel( 2500): [TN_GLThread 73]onBasicPanelChange basicPanel=com.suma.midware.view.b.d.d@311bb4bd,isShow=false,isStart=false,isRight=true
11-06 18:47:03.585 D/HomePanel( 2500): [TN_GLThread 73]onBasicPanelChange basicPanelIndex=2,xOffset=0.00000
11-06 18:47:03.585 D/BasicPanel( 2500): [TN_GLThread 73]onBasicPanelChangeEnd isShow:true:isRight:true:basicPanel:com.suma.midware.view.b.d.d@210bbab2
11-06 18:47:03.585 D/HomePanel( 2500): [TN_GLThread 73]onBasicPanelChange basicPanel=com.suma.midware.view.b.d.d@210bbab2,isShow=true,isStart=false,isRight=true
11-06 18:47:03.585 D/HomePanel( 2500): [TN_GLThread 73]onBasicPanelChange basicPanelIndex=3,xOffset=0.00000
11-06 18:47:03.591 D/BasicFigure( 2500): [TN_GLThread 73]isDrawFocused relyElement=[BaseElement@346a37d9]focusScale[1.15]elementAlpha[-1.0]refectAlpha[-1.0]isFocusAble[true]shadowIndex[-1]autoJumpType[-1]uniqueID[54resSize0]rect[NULL]
11-06 18:47:03.591 D/BasicFigure( 2500): [TN_GLThread 73]isDrawFocused basicFigure=com.suma.midware.view.b.c.c@3914159e
11-06 18:47:03.605 D/BasicFigure( 2500): [TN_GLThread 73]isDrawFocused relyElement=[BaseElement@346a37d9]focusScale[1.15]elementAlpha[-1.0]refectAlpha[-1.0]isFocusAble[true]shadowIndex[-1]autoJumpType[-1]uniqueID[54resSize0]rect[NULL]
11-06 18:47:03.605 D/BasicFigure( 2500): [TN_GLThread 73]isDrawFocused basicFigure=com.suma.midware.view.b.c.c@3914159e
11-06 18:47:03.613 D/BasicFigure( 2500): [TN_GLThread 73]isDrawFocused relyElement=[BaseElement@346a37d9]focusScale[1.15]elementAlpha[-1.0]refectAlpha[-1.0]isFocusAble[true]shadowIndex[-1]autoJumpType[-1]uniqueID[54resSize0]rect[NULL]
11-06 18:47:03.613 D/BasicFigure( 2500): [TN_GLThread 73]isDrawFocused basicFigure=com.suma.midware.view.b.c.c@3914159e
11-06 18:47:03.622 D/BasicFigure( 2500): [TN_GLThread 73]isDrawFocused relyElement=[BaseElement@346a37d9]focusScale[1.15]elementAlpha[-1.0]refectAlpha[-1.0]isFocusAble[true]shadowIndex[-1]autoJumpType[-1]uniqueID[54resSize0]rect[NULL]
11-06 18:47:03.622 D/BasicFigure( 2500): [TN_GLThread 73]isDrawFocused basicFigure=com.suma.midware.view.b.c.c@3914159e
11-06 18:47:03.631 D/BasicFigure( 2500): [TN_GLThread 73]isDrawFocused relyElement=[BaseElement@346a37d9]focusScale[1.15]elementAlpha[-1.0]refectAlpha[-1.0]isFocusAble[true]shadowIndex[-1]autoJumpType[-1]uniqueID[54resSize0]rect[NULL]
11-06 18:47:03.632 D/BasicFigure( 2500): [TN_GLThread 73]isDrawFocused basicFigure=com.suma.midware.view.b.c.c@3914159e
11-06 18:47:03.639 I/Advanced( 4863): [QUEUE] share_queue_sendEx size:1 4097 519 0x8ee5df30,postLoopId:0,dstid:1.
11-06 18:47:03.650 D/BasicFigure( 2500): [TN_GLThread 73]isDrawFocused relyElement=[BaseElement@346a37d9]focusScale[1.15]elementAlpha[-1.0]refectAlpha[-1.0]isFocusAble[true]shadowIndex[-1]autoJumpType[-1]uniqueID[54resSize0]rect[NULL]
11-06 18:47:03.651 D/BasicFigure( 2500): [TN_GLThread 73]isDrawFocused basicFigure=com.suma.midware.view.b.c.c@3914159e
11-06 18:47:03.670 D/BasicFigure( 2500): [TN_GLThread 73]isDrawFocused relyElement=[BaseElement@346a37d9]focusScale[1.15]elementAlpha[-1.0]refectAlpha[-1.0]isFocusAble[true]shadowIndex[-1]autoJumpType[-1]uniqueID[54resSize0]rect[NULL]
11-06 18:47:03.671 D/BasicFigure( 2500): [TN_GLThread 73]isDrawFocused basicFigure=com.suma.midware.view.b.c.c@3914159e
11-06 18:47:03.682 D/ir_user ( 1585): PlayerTimeLineTrace:linux_keycode:0x6a(UP),	protocol: .
11-06 18:47:03.682 V/PT      ( 1581): >>INFO:irkey_task:[    2170.113937] /dev/input/event0: type=0001 code=006a val=00000000
11-06 18:47:03.682 V/PT      ( 1581): >>INFO:irkey_send:0x3001 0x0027 up  
11-06 18:47:03.682 V/SUMA    ( 1581): ++++++++++++++  _roc_evtmgr_key_cbk 517:input = 12289, event=39, act=0x400
11-06 18:47:03.682 V/SUMA    ( 1581): lxm:_roc_evtmgr_key_cbk 519 2170114
11-06 18:47:03.682 V/SUMA    ( 1581): lxm:_roc_evtmgr_add_key_into_queue 311 2170114
11-06 18:47:03.682 V/PT      ( 1581): >>INFO:irkey_task:[    2170.113937] /dev/input/event0: type=0000 code=0000 val=00000000
11-06 18:47:03.682 V/SUMA    ( 1581): ===================>> type=0 src=0 evt=39 act=0x400
11-06 18:47:03.682 V/SUMA    ( 1581): [sysset-s][event_manager_cbk 78]lxm cbid=1, cbk_reg=1, cpid=2453
11-06 18:47:03.682 D/NGBEvent( 2453): ngbEventCallBack type:0 source :39
11-06 18:47:03.682 D/NGBEvent( 2453): [NGBEventManager-JNI]-returning:1
11-06 18:47:03.682 D/NGBEvent( 2453): Input key event: keyCode=39
11-06 18:47:03.682 D/NGBEvent( 2453): src:39 = dest:39
11-06 18:47:03.682 I/System.out( 2453): [DEBUG EventManager] LWJ--Add event to java with evt=NgbEvent-[type = 1, subtype = 402, code = 39]
11-06 18:47:03.682 D/NGBEvent( 2453): [NGBEvent_log]--[EventManager--JNI]:		start
11-06 18:47:03.682 I/System.out( 2453): [DEBUG EventManager] broadcastEvent  :len 1
11-06 18:47:03.682 D/KeyEventNgbDealer( 2453): [TN_pool-1-thread-1]handleKeyReleased keyEvent=NgbEvent-[type = 1, subtype = 402, code = 39],time=2170114
11-06 18:47:03.682 D/RemoteIME( 4352): RemoteIME--> onKeyUp keyCode = 22
11-06 18:47:03.683 D/Main3DActivity( 2500): [TN_main]dispatchKeyEvent event=KeyEvent { action=ACTION_UP, keyCode=KEYCODE_DPAD_RIGHT, scanCode=106, metaState=0, flags=0x8, repeatCount=0, eventTime=2170113, downTime=2169904, deviceId=3, source=0x701 },isEventAble=true
11-06 18:47:03.691 D/BasicFigure( 2500): [TN_GLThread 73]isDrawFocused relyElement=[BaseElement@346a37d9]focusScale[1.15]elementAlpha[-1.0]refectAlpha[-1.0]isFocusAble[true]shadowIndex[-1]autoJumpType[-1]uniqueID[54resSize0]rect[NULL]
11-06 18:47:03.691 D/BasicFigure( 2500): [TN_GLThread 73]isDrawFocused basicFigure=com.suma.midware.view.b.c.c@3914159e
11-06 18:47:03.754 D/ir_user ( 1585): PlayerTimeLineTrace:linux_keycode:0x6a(DOWN),	protocol: .
11-06 18:47:03.754 V/PT      ( 1581): >>INFO:irkey_task:[    2170.185928] /dev/input/event0: type=0001 code=006a val=00000001
11-06 18:47:03.754 V/PT      ( 1581): >>INFO:irkey_send:0x3001 0x0027 down
11-06 18:47:03.754 V/SUMA    ( 1581): ++++++++++++++  _roc_evtmgr_key_cbk 517:input = 12289, event=39, act=0x100
11-06 18:47:03.754 V/SUMA    ( 1581): lxm:_roc_evtmgr_key_cbk 519 2170186
11-06 18:47:03.754 V/SUMA    ( 1581): lxm:_roc_evtmgr_add_evt_into_queue 347 2170186
11-06 18:47:03.754 V/PT      ( 1581): >>INFO:irkey_task:[    2170.185928] /dev/input/event0: type=0000 code=0000 val=00000000
11-06 18:47:03.754 V/SUMA    ( 1581): ===================>> type=0 src=0 evt=39 act=0x100
11-06 18:47:03.754 V/SUMA    ( 1581): [sysset-s][event_manager_cbk 78]lxm cbid=1, cbk_reg=1, cpid=2453
11-06 18:47:03.754 D/NGBEvent( 2453): ngbEventCallBack type:0 source :39
11-06 18:47:03.754 D/NGBEvent( 2453): [NGBEventManager-JNI]-returning:1
11-06 18:47:03.754 D/NGBEvent( 2453): Input key event: keyCode=39
11-06 18:47:03.754 D/NGBEvent( 2453): src:39 = dest:39
11-06 18:47:03.754 I/System.out( 2453): [DEBUG EventManager] LWJ--Add event to java with evt=NgbEvent-[type = 1, subtype = 401, code = 39]
11-06 18:47:03.754 D/NGBEvent( 2453): [NGBEvent_log]--[EventManager--JNI]:		start
11-06 18:47:03.754 I/System.out( 2453): [DEBUG EventManager] broadcastEvent  :len 1
11-06 18:47:03.754 D/CombineKeyUtil( 2453): [TN_pool-1-thread-1]dealKeyEvent,combineIndex:-1:keyCode:22
11-06 18:47:03.754 D/KeyEventNgbDealer( 2453): [TN_pool-1-thread-1]handleKeyPressed keyEvent=NgbEvent-[type = 1, subtype = 401, code = 39],time=2170186
11-06 18:47:03.755 D/RemoteIME( 4352): onKeyDown event = KeyEvent { action=ACTION_DOWN, keyCode=KEYCODE_DPAD_RIGHT, scanCode=106, metaState=0, flags=0x8, repeatCount=0, eventTime=2170185, downTime=2170185, deviceId=3, source=0x701 },mSkbContainer=null
11-06 18:47:03.755 D/Main3DActivity( 2500): [TN_main]dispatchKeyEvent event=KeyEvent { action=ACTION_DOWN, keyCode=KEYCODE_DPAD_RIGHT, scanCode=106, metaState=0, flags=0x8, repeatCount=0, eventTime=2170185, downTime=2170185, deviceId=3, source=0x701 },isEventAble=true
11-06 18:47:03.755 D/InputEventConsistencyVerifier( 2500): KeyEvent: ACTION_DOWN but key is already down and this event is not a key repeat.
11-06 18:47:03.755 D/InputEventConsistencyVerifier( 2500):   in com.android.internal.policy.impl.PhoneWindow$DecorView{1af2850f V.E..... R.....I. 0,0-1280,720}
11-06 18:47:03.755 D/InputEventConsistencyVerifier( 2500):   0: sent at 2170185000000, KeyEvent { action=ACTION_DOWN, keyCode=KEYCODE_DPAD_RIGHT, scanCode=106, metaState=0, flags=0x8, repeatCount=0, eventTime=2170185, downTime=2170185, deviceId=3, source=0x701 }
11-06 18:47:03.755 D/InputEventConsistencyVerifier( 2500):   -- recent events --
11-06 18:47:03.755 D/InputEventConsistencyVerifier( 2500):   1: sent at 2169904000000, KeyEvent { action=ACTION_DOWN, keyCode=KEYCODE_DPAD_RIGHT, scanCode=106, metaState=0, flags=0x80000008, repeatCount=0, eventTime=2169904, downTime=2169904, deviceId=3, source=0x701 }
11-06 18:47:03.755 D/InputEventConsistencyVerifier( 2500):   2: sent at 2169608000000, KeyEvent { action=ACTION_DOWN, keyCode=KEYCODE_DPAD_RIGHT, scanCode=106, metaState=0, flags=0x80000008, repeatCount=0, eventTime=2169608, downTime=2169608, deviceId=3, source=0x701 }
11-06 18:47:03.755 D/InputEventConsistencyVerifier( 2500):   3: sent at 2169312000000, KeyEvent { action=ACTION_DOWN, keyCode=KEYCODE_DPAD_RIGHT, scanCode=106, metaState=0, flags=0x80000008, repeatCount=0, eventTime=2169312, downTime=2169312, deviceId=3, source=0x701 }
11-06 18:47:03.755 D/InputEventConsistencyVerifier( 2500):   4: sent at 2168665000000, KeyEvent { action=ACTION_DOWN, keyCode=KEYCODE_DPAD_UP, scanCode=103, metaState=0, flags=0x80000008, repeatCount=0, eventTime=2168665, downTime=2168665, deviceId=3, source=0x701 }
11-06 18:47:03.755 D/InputEventConsistencyVerifier( 2500):   5: sent at 2168384000000, KeyEvent { action=ACTION_DOWN, keyCode=KEYCODE_DPAD_UP, scanCode=103, metaState=0, flags=0x80000008, repeatCount=0, eventTime=2168384, downTime=2168384, deviceId=3, source=0x701 }
11-06 18:47:03.755 D/BasicRootView( 2500): [TN_main]dispatchKeyEvent event=KeyEvent { action=ACTION_DOWN, keyCode=KEYCODE_DPAD_RIGHT, scanCode=106, metaState=0, flags=0x80000008, repeatCount=0, eventTime=2170185, downTime=2170185, deviceId=3, source=0x701 },curRootPanel=com.suma.midware.home.third.a.a@25f7f74e
11-06 18:47:03.755 D/GLRootRenderer( 2500): dispatchKeyEvent event:KeyEvent { action=ACTION_DOWN, keyCode=KEYCODE_DPAD_RIGHT, scanCode=106, metaState=0, flags=0x80000008, repeatCount=0, eventTime=2170185, downTime=2170185, deviceId=3, source=0x701 }:lastKeyCode:22:lastKeyAction:0:lastkeycount:2:size:0
11-06 18:47:03.755 D/Scene   ( 2500): dispatchKeyEvent event:KeyEvent { action=ACTION_DOWN, keyCode=KEYCODE_DPAD_RIGHT, scanCode=106, metaState=0, flags=0x80000008, repeatCount=0, eventTime=2170185, downTime=2170185, deviceId=3, source=0x701 }
11-06 18:47:03.755 D/Scene   ( 2500): dispatchKeyEvent currentFocus = com.suma.midware.view.b.d.b@3c426a17
11-06 18:47:03.755 D/Scene   ( 2500): dispatchKeyEvent nextFocus:null
11-06 18:47:03.755 D/BasicColumn( 2500): [TN_GLThread 73]dealKeyEvent event=KeyEvent { action=ACTION_DOWN, keyCode=KEYCODE_DPAD_RIGHT, scanCode=106, metaState=0, flags=0x80000008, repeatCount=0, eventTime=2170185, downTime=2170185, deviceId=3, source=0x701 }
11-06 18:47:03.755 D/BasicColumn( 2500): [TN_GLThread 73]movePanelFocus index=3,nextIndex=4
11-06 18:47:03.755 E/BasicColumn( 2500): [TN_GLThread 73]dealPanelAnim illegal size=7,moveDistance=0
11-06 18:47:03.755 D/FixedRes( 2500): [TN_GLThread 73]getNineImgRes nineImgSize=2
11-06 18:47:03.756 D/BasicColumn( 2500): [TN_GLThread 73]dealFocusAnim x=97.0000,y=10.0000,scaleX=1.27715,scaleY=1.00000
11-06 18:47:03.756 D/HomePanel( 2500): [TN_GLThread 73]switchBasicPanel index=3,nextIndex=4,isTitleFocus=true
11-06 18:47:03.756 D/BasicPanel( 2500): [TN_GLThread 73]onBasicPanelChange isShow=false,isTitleFocus=true,isRight=true,animCmd=com.suma.midware.view.b.d.c@3d33e298,rightBoard=1863.00,rightGas=40.0000,leftBoard=88.0000,xOffset=0.00000
11-06 18:47:03.757 D/BasicPanel( 2500): [TN_GLThread 73]onBasicPanelChange isShow=true,isTitleFocus=true,isRight=true,animCmd=com.suma.midware.view.b.d.c@3d33e298,rightBoard=1863.00,rightGas=40.0000,leftBoard=88.0000,xOffset=0.00000
11-06 18:47:03.757 D/BasicPanel( 2500): [TN_GLThread 73]onBasicPanelChangeStart isShow:false:isRight:true:basicPanel:com.suma.midware.view.b.d.d@210bbab2
11-06 18:47:03.757 D/HomePanel( 2500): [TN_GLThread 73]onBasicPanelChange basicPanel=com.suma.midware.view.b.d.d@210bbab2,isShow=false,isStart=true,isRight=true
11-06 18:47:03.757 D/HomePanel( 2500): [TN_GLThread 73]onBasicPanelChange basicPanelIndex=3,xOffset=0.00000
11-06 18:47:03.757 D/BasicPanel( 2500): [TN_GLThread 73]onBasicPanelChangeStart isShow:true:isRight:true:basicPanel:com.suma.midware.view.b.d.d@3c8cea03
11-06 18:47:03.757 D/HomePanel( 2500): [TN_GLThread 73]onBasicPanelChange basicPanel=com.suma.midware.view.b.d.d@3c8cea03,isShow=true,isStart=true,isRight=true
11-06 18:47:03.757 D/HomePanel( 2500): [TN_GLThread 73]onBasicPanelChange basicPanelIndex=4,xOffset=0.00000
11-06 18:47:03.757 W/BasicRootPanel( 2500): [TN_GLThread 73]changeBgAttr coverImgRes null
11-06 18:47:03.761 D/BasicFigure( 2500): [TN_GLThread 73]isDrawFocused relyElement=[BaseElement@346a37d9]focusScale[1.15]elementAlpha[-1.0]refectAlpha[-1.0]isFocusAble[true]shadowIndex[-1]autoJumpType[-1]uniqueID[54resSize0]rect[NULL]
11-06 18:47:03.761 D/BasicFigure( 2500): [TN_GLThread 73]isDrawFocused basicFigure=com.suma.midware.view.b.c.c@3914159e
11-06 18:47:03.769 D/BasicFigure( 2500): [TN_GLThread 73]isDrawFocused relyElement=[BaseElement@346a37d9]focusScale[1.15]elementAlpha[-1.0]refectAlpha[-1.0]isFocusAble[true]shadowIndex[-1]autoJumpType[-1]uniqueID[54resSize0]rect[NULL]
11-06 18:47:03.769 D/BasicFigure( 2500): [TN_GLThread 73]isDrawFocused basicFigure=com.suma.midware.view.b.c.c@3914159e
11-06 18:47:03.777 D/BasicFigure( 2500): [TN_GLThread 73]isDrawFocused relyElement=[BaseElement@346a37d9]focusScale[1.15]elementAlpha[-1.0]refectAlpha[-1.0]isFocusAble[true]shadowIndex[-1]autoJumpType[-1]uniqueID[54resSize0]rect[NULL]
11-06 18:47:03.778 D/BasicFigure( 2500): [TN_GLThread 73]isDrawFocused basicFigure=com.suma.midware.view.b.c.c@3914159e
11-06 18:47:03.786 D/BasicFigure( 2500): [TN_GLThread 73]isDrawFocused relyElement=[BaseElement@346a37d9]focusScale[1.15]elementAlpha[-1.0]refectAlpha[-1.0]isFocusAble[true]shadowIndex[-1]autoJumpType[-1]uniqueID[54resSize0]rect[NULL]
11-06 18:47:03.786 D/BasicFigure( 2500): [TN_GLThread 73]isDrawFocused basicFigure=com.suma.midware.view.b.c.c@3914159e
11-06 18:47:03.794 D/BasicFigure( 2500): [TN_GLThread 73]isDrawFocused relyElement=[BaseElement@346a37d9]focusScale[1.15]elementAlpha[-1.0]refectAlpha[-1.0]isFocusAble[true]shadowIndex[-1]autoJumpType[-1]uniqueID[54resSize0]rect[NULL]
11-06 18:47:03.794 D/BasicFigure( 2500): [TN_GLThread 73]isDrawFocused basicFigure=com.suma.midware.view.b.c.c@3914159e
11-06 18:47:03.810 D/BasicFigure( 2500): [TN_GLThread 73]isDrawFocused relyElement=[BaseElement@346a37d9]focusScale[1.15]elementAlpha[-1.0]refectAlpha[-1.0]isFocusAble[true]shadowIndex[-1]autoJumpType[-1]uniqueID[54resSize0]rect[NULL]
11-06 18:47:03.810 D/BasicFigure( 2500): [TN_GLThread 73]isDrawFocused basicFigure=com.suma.midware.view.b.c.c@3914159e
11-06 18:47:03.830 D/BasicFigure( 2500): [TN_GLThread 73]isDrawFocused relyElement=[BaseElement@346a37d9]focusScale[1.15]elementAlpha[-1.0]refectAlpha[-1.0]isFocusAble[true]shadowIndex[-1]autoJumpType[-1]uniqueID[54resSize0]rect[NULL]
11-06 18:47:03.830 D/BasicFigure( 2500): [TN_GLThread 73]isDrawFocused basicFigure=com.suma.midware.view.b.c.c@3914159e
11-06 18:47:03.853 D/BasicFigure( 2500): [TN_GLThread 73]isDrawFocused relyElement=[BaseElement@346a37d9]focusScale[1.15]elementAlpha[-1.0]refectAlpha[-1.0]isFocusAble[true]shadowIndex[-1]autoJumpType[-1]uniqueID[54resSize0]rect[NULL]
11-06 18:47:03.853 D/BasicFigure( 2500): [TN_GLThread 73]isDrawFocused basicFigure=com.suma.midware.view.b.c.c@3914159e
11-06 18:47:03.873 D/BasicFigure( 2500): [TN_GLThread 73]isDrawFocused relyElement=[BaseElement@346a37d9]focusScale[1.15]elementAlpha[-1.0]refectAlpha[-1.0]isFocusAble[true]shadowIndex[-1]autoJumpType[-1]uniqueID[54resSize0]rect[NULL]
11-06 18:47:03.873 D/BasicFigure( 2500): [TN_GLThread 73]isDrawFocused basicFigure=com.suma.midware.view.b.c.c@3914159e
11-06 18:47:03.890 D/BasicFigure( 2500): [TN_GLThread 73]isDrawFocused relyElement=[BaseElement@346a37d9]focusScale[1.15]elementAlpha[-1.0]refectAlpha[-1.0]isFocusAble[true]shadowIndex[-1]autoJumpType[-1]uniqueID[54resSize0]rect[NULL]
11-06 18:47:03.890 D/BasicFigure( 2500): [TN_GLThread 73]isDrawFocused basicFigure=com.suma.midware.view.b.c.c@3914159e
11-06 18:47:03.910 D/BasicFigure( 2500): [TN_GLThread 73]isDrawFocused relyElement=[BaseElement@346a37d9]focusScale[1.15]elementAlpha[-1.0]refectAlpha[-1.0]isFocusAble[true]shadowIndex[-1]autoJumpType[-1]uniqueID[54resSize0]rect[NULL]
11-06 18:47:03.910 D/BasicFigure( 2500): [TN_GLThread 73]isDrawFocused basicFigure=com.suma.midware.view.b.c.c@3914159e
11-06 18:47:03.930 D/BasicFigure( 2500): [TN_GLThread 73]isDrawFocused relyElement=[BaseElement@346a37d9]focusScale[1.15]elementAlpha[-1.0]refectAlpha[-1.0]isFocusAble[true]shadowIndex[-1]autoJumpType[-1]uniqueID[54resSize0]rect[NULL]
11-06 18:47:03.930 D/BasicFigure( 2500): [TN_GLThread 73]isDrawFocused basicFigure=com.suma.midware.view.b.c.c@3914159e
11-06 18:47:03.950 D/BasicFigure( 2500): [TN_GLThread 73]isDrawFocused relyElement=[BaseElement@346a37d9]focusScale[1.15]elementAlpha[-1.0]refectAlpha[-1.0]isFocusAble[true]shadowIndex[-1]autoJumpType[-1]uniqueID[54resSize0]rect[NULL]
11-06 18:47:03.951 D/BasicFigure( 2500): [TN_GLThread 73]isDrawFocused basicFigure=com.suma.midware.view.b.c.c@3914159e
11-06 18:47:03.963 D/ir_user ( 1585): PlayerTimeLineTrace:linux_keycode:0x6a(UP),	protocol: .
11-06 18:47:03.963 V/PT      ( 1581): >>INFO:irkey_task:[    2170.395392] /dev/input/event0: type=0001 code=006a val=00000000
11-06 18:47:03.963 V/PT      ( 1581): >>INFO:irkey_send:0x3001 0x0027 up  
11-06 18:47:03.963 V/SUMA    ( 1581): ++++++++++++++  _roc_evtmgr_key_cbk 517:input = 12289, event=39, act=0x400
11-06 18:47:03.963 V/SUMA    ( 1581): lxm:_roc_evtmgr_key_cbk 519 2170395
11-06 18:47:03.963 V/SUMA    ( 1581): lxm:_roc_evtmgr_add_key_into_queue 311 2170395
11-06 18:47:03.963 V/PT      ( 1581): >>INFO:irkey_task:[    2170.395392] /dev/input/event0: type=0000 code=0000 val=00000000
11-06 18:47:03.963 V/SUMA    ( 1581): ===================>> type=0 src=0 evt=39 act=0x400
11-06 18:47:03.964 V/SUMA    ( 1581): [sysset-s][event_manager_cbk 78]lxm cbid=1, cbk_reg=1, cpid=2453
11-06 18:47:03.964 D/NGBEvent( 2453): ngbEventCallBack type:0 source :39
11-06 18:47:03.964 D/NGBEvent( 2453): [NGBEventManager-JNI]-returning:1
11-06 18:47:03.964 D/NGBEvent( 2453): Input key event: keyCode=39
11-06 18:47:03.964 D/NGBEvent( 2453): src:39 = dest:39
11-06 18:47:03.964 I/System.out( 2453): [DEBUG EventManager] LWJ--Add event to java with evt=NgbEvent-[type = 1, subtype = 402, code = 39]
11-06 18:47:03.964 D/NGBEvent( 2453): [NGBEvent_log]--[EventManager--JNI]:		start
11-06 18:47:03.964 I/System.out( 2453): [DEBUG EventManager] broadcastEvent  :len 1
11-06 18:47:03.964 D/KeyEventNgbDealer( 2453): [TN_pool-1-thread-1]handleKeyReleased keyEvent=NgbEvent-[type = 1, subtype = 402, code = 39],time=2170396
11-06 18:47:03.965 D/RemoteIME( 4352): RemoteIME--> onKeyUp keyCode = 22
11-06 18:47:03.965 D/Main3DActivity( 2500): [TN_main]dispatchKeyEvent event=KeyEvent { action=ACTION_UP, keyCode=KEYCODE_DPAD_RIGHT, scanCode=106, metaState=0, flags=0x8, repeatCount=0, eventTime=2170395, downTime=2170185, deviceId=3, source=0x701 },isEventAble=false
11-06 18:47:03.974 D/BasicFigure( 2500): [TN_GLThread 73]isDrawFocused relyElement=[BaseElement@346a37d9]focusScale[1.15]elementAlpha[-1.0]refectAlpha[-1.0]isFocusAble[true]shadowIndex[-1]autoJumpType[-1]uniqueID[54resSize0]rect[NULL]
11-06 18:47:03.974 D/BasicFigure( 2500): [TN_GLThread 73]isDrawFocused basicFigure=com.suma.midware.view.b.c.c@3914159e
11-06 18:47:03.980 D/BasicPanel( 2500): [TN_GLThread 73]onBasicPanelChangeEnd isShow:false:isRight:true:basicPanel:com.suma.midware.view.b.d.d@210bbab2
11-06 18:47:03.981 D/HomePanel( 2500): [TN_GLThread 73]onBasicPanelChange basicPanel=com.suma.midware.view.b.d.d@210bbab2,isShow=false,isStart=false,isRight=true
11-06 18:47:03.981 D/HomePanel( 2500): [TN_GLThread 73]onBasicPanelChange basicPanelIndex=3,xOffset=0.00000
11-06 18:47:03.981 D/BasicPanel( 2500): [TN_GLThread 73]onBasicPanelChangeEnd isShow:true:isRight:true:basicPanel:com.suma.midware.view.b.d.d@3c8cea03
11-06 18:47:03.981 D/HomePanel( 2500): [TN_GLThread 73]onBasicPanelChange basicPanel=com.suma.midware.view.b.d.d@3c8cea03,isShow=true,isStart=false,isRight=true
11-06 18:47:03.981 D/HomePanel( 2500): [TN_GLThread 73]onBasicPanelChange basicPanelIndex=4,xOffset=0.00000
11-06 18:47:03.992 D/BasicFigure( 2500): [TN_GLThread 73]isDrawFocused relyElement=[BaseElement@346a37d9]focusScale[1.15]elementAlpha[-1.0]refectAlpha[-1.0]isFocusAble[true]shadowIndex[-1]autoJumpType[-1]uniqueID[54resSize0]rect[NULL]
11-06 18:47:03.992 D/BasicFigure( 2500): [TN_GLThread 73]isDrawFocused basicFigure=com.suma.midware.view.b.c.c@3914159e
11-06 18:47:04.010 D/BasicFigure( 2500): [TN_GLThread 73]isDrawFocused relyElement=[BaseElement@346a37d9]focusScale[1.15]elementAlpha[-1.0]refectAlpha[-1.0]isFocusAble[true]shadowIndex[-1]autoJumpType[-1]uniqueID[54resSize0]rect[NULL]
11-06 18:47:04.010 D/BasicFigure( 2500): [TN_GLThread 73]isDrawFocused basicFigure=com.suma.midware.view.b.c.c@3914159e
11-06 18:47:04.021 I/AdvancedPorting-PORT_MODULE_NET( 4863): network_task while... 
11-06 18:47:04.021 I/AdvancedPorting-PORT_MODULE_NET( 4863): 0 interface name: lo
11-06 18:47:04.021 I/AdvancedPorting-PORT_MODULE_NET( 4863): 1 interface name: wlan0
11-06 18:47:04.021 I/AdvancedPorting-PORT_MODULE_NET( 4863): First interface name: lo
11-06 18:47:04.021 I/AdvancedPorting-PORT_MODULE_NET( 4863): network_task while...  net_i:1
11-06 18:47:04.021 I/AdvancedPorting-PORT_MODULE_NET( 4863): network_task while---name_interface[0]=lo
11-06 18:47:04.021 I/AdvancedPorting-PORT_MODULE_NET( 4863): network_task while---name_interface[1]=wlan0
11-06 18:47:04.021 I/AdvancedPorting-PORT_MODULE_NET( 4863): network_task while---interface_name=wlan0
11-06 18:47:04.021 I/AdvancedPorting-PORT_MODULE_NET( 4863): network_get_netlink_status(in)--if_name=wlan0
11-06 18:47:04.021 I/AdvancedPorting-PORT_MODULE_NET( 4863): net.network.isconnected = no
11-06 18:47:04.021 I/AdvancedPorting-PORT_MODULE_NET( 4863): wlan0 --network_get_netlink_status return retval=1
11-06 18:47:04.021 I/AdvancedPorting-PORT_MODULE_NET( 4863): stat = 1 last_status = 1
11-06 18:47:04.024 D/BackBootDealerNeimeng( 2368): standbyState:
11-06 18:47:04.024 E/NetUtils( 2021): Interface eth0 LinkDown!
11-06 18:47:04.030 D/BasicFigure( 2500): [TN_GLThread 73]isDrawFocused relyElement=[BaseElement@346a37d9]focusScale[1.15]elementAlpha[-1.0]refectAlpha[-1.0]isFocusAble[true]shadowIndex[-1]autoJumpType[-1]uniqueID[54resSize0]rect[NULL]
11-06 18:47:04.030 D/BasicFigure( 2500): [TN_GLThread 73]isDrawFocused basicFigure=com.suma.midware.view.b.c.c@3914159e
11-06 18:47:04.048 I/Advanced( 4863): [QUEUE] share_queue_sendEx size:1 4097 521 0x8ee5df30,postLoopId:0,dstid:1.
11-06 18:47:04.049 D/ir_user ( 1585): PlayerTimeLineTrace:linux_keycode:0x6a(DOWN),	protocol: .
11-06 18:47:04.049 V/PT      ( 1581): >>INFO:irkey_task:[    2170.481304] /dev/input/event0: type=0001 code=006a val=00000001
11-06 18:47:04.049 V/PT      ( 1581): >>INFO:irkey_send:0x3001 0x0027 down
11-06 18:47:04.049 V/SUMA    ( 1581): ++++++++++++++  _roc_evtmgr_key_cbk 517:input = 12289, event=39, act=0x100
11-06 18:47:04.049 V/SUMA    ( 1581): lxm:_roc_evtmgr_key_cbk 519 2170481
11-06 18:47:04.049 V/SUMA    ( 1581): lxm:_roc_evtmgr_add_evt_into_queue 347 2170481
11-06 18:47:04.049 V/PT      ( 1581): >>INFO:irkey_task:[    2170.481304] /dev/input/event0: type=0000 code=0000 val=00000000
11-06 18:47:04.049 V/SUMA    ( 1581): ===================>> type=0 src=0 evt=39 act=0x100
11-06 18:47:04.049 V/SUMA    ( 1581): [sysset-s][event_manager_cbk 78]lxm cbid=1, cbk_reg=1, cpid=2453
11-06 18:47:04.050 D/NGBEvent( 2453): ngbEventCallBack type:0 source :39
11-06 18:47:04.050 D/NGBEvent( 2453): [NGBEventManager-JNI]-returning:1
11-06 18:47:04.050 D/NGBEvent( 2453): Input key event: keyCode=39
11-06 18:47:04.050 D/NGBEvent( 2453): src:39 = dest:39
11-06 18:47:04.050 I/System.out( 2453): [DEBUG EventManager] LWJ--Add event to java with evt=NgbEvent-[type = 1, subtype = 401, code = 39]
11-06 18:47:04.050 D/NGBEvent( 2453): [NGBEvent_log]--[EventManager--JNI]:		start
11-06 18:47:04.050 I/System.out( 2453): [DEBUG EventManager] broadcastEvent  :len 1
11-06 18:47:04.050 D/CombineKeyUtil( 2453): [TN_pool-1-thread-1]dealKeyEvent,combineIndex:-1:keyCode:22
11-06 18:47:04.050 D/KeyEventNgbDealer( 2453): [TN_pool-1-thread-1]handleKeyPressed keyEvent=NgbEvent-[type = 1, subtype = 401, code = 39],time=2170482
11-06 18:47:04.050 D/RemoteIME( 4352): onKeyDown event = KeyEvent { action=ACTION_DOWN, keyCode=KEYCODE_DPAD_RIGHT, scanCode=106, metaState=0, flags=0x8, repeatCount=0, eventTime=2170481, downTime=2170481, deviceId=3, source=0x701 },mSkbContainer=null
11-06 18:47:04.051 D/Main3DActivity( 2500): [TN_main]dispatchKeyEvent event=KeyEvent { action=ACTION_DOWN, keyCode=KEYCODE_DPAD_RIGHT, scanCode=106, metaState=0, flags=0x8, repeatCount=0, eventTime=2170481, downTime=2170481, deviceId=3, source=0x701 },isEventAble=true
11-06 18:47:04.051 D/BasicFigure( 2500): [TN_GLThread 73]isDrawFocused relyElement=[BaseElement@346a37d9]focusScale[1.15]elementAlpha[-1.0]refectAlpha[-1.0]isFocusAble[true]shadowIndex[-1]autoJumpType[-1]uniqueID[54resSize0]rect[NULL]
11-06 18:47:04.051 D/BasicFigure( 2500): [TN_GLThread 73]isDrawFocused basicFigure=com.suma.midware.view.b.c.c@3914159e
11-06 18:47:04.051 D/InputEventConsistencyVerifier( 2500): KeyEvent: ACTION_DOWN but key is already down and this event is not a key repeat.
11-06 18:47:04.051 D/InputEventConsistencyVerifier( 2500):   in com.android.internal.policy.impl.PhoneWindow$DecorView{1af2850f V.E..... R.....I. 0,0-1280,720}
11-06 18:47:04.051 D/InputEventConsistencyVerifier( 2500):   0: sent at 2170481000000, KeyEvent { action=ACTION_DOWN, keyCode=KEYCODE_DPAD_RIGHT, scanCode=106, metaState=0, flags=0x8, repeatCount=0, eventTime=2170481, downTime=2170481, deviceId=3, source=0x701 }
11-06 18:47:04.051 D/InputEventConsistencyVerifier( 2500):   -- recent events --
11-06 18:47:04.051 D/InputEventConsistencyVerifier( 2500):   1: sent at 2170185000000, KeyEvent { action=ACTION_DOWN, keyCode=KEYCODE_DPAD_RIGHT, scanCode=106, metaState=0, flags=0x80000008, repeatCount=0, eventTime=2170185, downTime=2170185, deviceId=3, source=0x701 }
11-06 18:47:04.051 D/InputEventConsistencyVerifier( 2500):   2: sent at 2169904000000, KeyEvent { action=ACTION_DOWN, keyCode=KEYCODE_DPAD_RIGHT, scanCode=106, metaState=0, flags=0x80000008, repeatCount=0, eventTime=2169904, downTime=2169904, deviceId=3, source=0x701 }
11-06 18:47:04.051 D/InputEventConsistencyVerifier( 2500):   3: sent at 2169608000000, KeyEvent { action=ACTION_DOWN, keyCode=KEYCODE_DPAD_RIGHT, scanCode=106, metaState=0, flags=0x80000008, repeatCount=0, eventTime=2169608, downTime=2169608, deviceId=3, source=0x701 }
11-06 18:47:04.051 D/InputEventConsistencyVerifier( 2500):   4: sent at 2169312000000, KeyEvent { action=ACTION_DOWN, keyCode=KEYCODE_DPAD_RIGHT, scanCode=106, metaState=0, flags=0x80000008, repeatCount=0, eventTime=2169312, downTime=2169312, deviceId=3, source=0x701 }
11-06 18:47:04.051 D/InputEventConsistencyVerifier( 2500):   5: sent at 2168665000000, KeyEvent { action=ACTION_DOWN, keyCode=KEYCODE_DPAD_UP, scanCode=103, metaState=0, flags=0x80000008, repeatCount=0, eventTime=2168665, downTime=2168665, deviceId=3, source=0x701 }
11-06 18:47:04.051 D/BasicRootView( 2500): [TN_main]dispatchKeyEvent event=KeyEvent { action=ACTION_DOWN, keyCode=KEYCODE_DPAD_RIGHT, scanCode=106, metaState=0, flags=0x80000008, repeatCount=0, eventTime=2170481, downTime=2170481, deviceId=3, source=0x701 },curRootPanel=com.suma.midware.home.third.a.a@25f7f74e
