11-06 19:02:06.451 D/RemoteIME( 2329): onKeyDown event = KeyEvent { action=ACTION_DOWN, keyCode=KEYCODE_BACK, scanCode=158, metaState=0, flags=0x8, repeatCount=0, eventTime=163145, downTime=163145, deviceId=3, source=0x701 },mSkbContainer=null
11-06 19:02:06.453 D/cr_AwTestContainerView( 3367): [AwTestContainerView.java:63] [mainFrame]: [unknown] dispatchKeyEvent keyCode = 4 event = KeyEvent { action=ACTION_DOWN, keyCode=KEYCODE_BACK, scanCode=158, metaState=0, flags=0x8, repeatCount=0, eventTime=163145, downTime=163145, deviceId=3, source=0x701 }
11-06 19:02:06.453 D/ImeAdapterAndroid( 3367): [SendKeyEvent] [BUILD TIME: ] dispatchKeyEvent key_code=4 modifiers=0 unicode_char=0 scan_code=158 is_system=0 tm=163145
11-06 19:02:06.455 D/RenderWidgetInputHandler( 3367): [HandleInputEvent] input_event type=8 name=KeyDown
11-06 19:02:06.455 D/RenderWidgetInputHandler( 3367): [HandleInputEvent] input_event type=8 prevent_default:0
11-06 19:02:06.455 D/WebViewImpl( 3367): [handleKeyEvent] keycode:166, eventType:8 native keycode:4 frame=0x50ad67f0. url='http://10.14.41.246/application/bxfc/sec/popTv_new.php'.
11-06 19:02:06.455 D/[blink]KeyboardEventManager( 3367): [keyEvent] initialKeyEvent KeyDown nativeKeyCode=4 windowsKeyCode=166 text[0]=0
11-06 19:02:06.455 D/[blink]KeyboardEventManager( 3367): [keyEvent] initialKeyEvent focusedNode=0x0
11-06 19:02:06.455 D/V8ScriptRunner( 3367): [callFunction] start. frame = 0x50ad67f0 function: f.document.onkeydown url: http://10.14.41.246/application/bxfc/sec/popTv_new.php line: 2267
11-06 19:02:06.456 D/base::KeyConverter( 3367): [get] convert 4 => 8.
11-06 19:02:06.456 D/[blink]KeyboardEvent( 3367): [keyCode] convert keycode: 4 -> 8.
11-06 19:02:06.457 D/ChromeClientImpl( 3367): [addMessageToConsole] [LOG:CONSOLE(4090)] "-------iframe按键响应=KEY_BACK", source:http://10.14.41.246/application/bxfc/sec/popTv_new.php (4090)
11-06 19:02:06.458 D/ChromeClientImpl( 3367): [addMessageToConsole] [LOG:CONSOLE(4090)] "key_homepage---hidePop---typeof top.window.hidePop:function", source:http://10.14.41.246/application/bxfc/sec/popTv_new.php (4090)
11-06 19:02:06.459 D/ChromeClientImpl( 3367): [addMessageToConsole] [LOG:CONSOLE(11)] "--------1-------hidePop--window.frames:[object Window]", source:http://10.14.41.246/application/bxfc/sec/js/common.js (11)
11-06 19:02:06.459 D/ChromeClientImpl( 3367): [addMessageToConsole] [LOG:CONSOLE(11)] "------2---------hidePop-----ifr_0---", source:http://10.14.41.246/application/bxfc/sec/js/common.js (11)
11-06 19:02:06.460 D/ChromeClientImpl( 3367): [addMessageToConsole] [LOG:CONSOLE(11)] "------------hidePop--popFlag==false", source:http://10.14.41.246/application/bxfc/sec/js/common.js (11)
11-06 19:02:06.460 D/iPanel  ( 3367): iPanel.debug("iPanel.getGlobalVar : name = gotoBuy value = undefined")
11-06 19:02:06.460 D/V8ScriptRunner( 3367): [callFunction] end. frame = 0x50ad67f0 function: f.document.onkeydown url: http://10.14.41.246/application/bxfc/sec/popTv_new.php line: 2267
11-06 19:02:06.460 D/[blink]KeyboardEventManager( 3367): [keyEvent] dispatchResult = CanceledByEventHandler
11-06 19:02:06.545 D/[blink]memoryCache( 3367): [evict] remove:http://10.14.41.246/application/playCase/images/global_tm.gif
11-06 19:02:06.545 D/[blink]memoryCache( 3367): [evict] remove:http://10.14.41.246/application/playCase/homedconfig.js
11-06 19:02:06.545 D/[blink]memoryCache( 3367): [evict] remove:http://10.14.41.246/application/playCase/images/ico_voice.png
11-06 19:02:06.545 D/[blink]memoryCache( 3367): [evict] remove:http://10.14.41.245:13160/media/series/get_info?accesstoken=R5A00419CU208E7029K53724E12I5A2A0E0AP8M2FAF084WDBBAA02DDC1&pageidx=1&pagenum=200&postersize=320x400%257C500x280&&seriesid=300000286
11-06 19:02:06.545 D/[blink]memoryCache( 3367): [evict] remove:http://10.14.41.246/application/playCase/ajax.js
11-06 19:02:06.545 D/[blink]memoryCache( 3367): [evict] remove:http://10.14.41.246/application/playCase/images/playSliderBgImg.png
11-06 19:02:06.545 D/[blink]memoryCache( 3367): [evict] remove:http://10.14.41.246/application/playCase/images/popBtnImg0.png
11-06 19:02:06.545 D/[blink]memoryCache( 3367): [evict] remove:http://10.14.41.246/application/playCase/images/popBtmImg0.png
11-06 19:02:06.545 D/[blink]memoryCache( 3367): [evict] remove:http://10.14.41.246/application/playCase/images/playBgImg.png
11-06 19:02:06.545 D/[blink]memoryCache( 3367): [evict] remove:http://10.14.41.246/application/playCase/images/playSliderBarImg3.png
11-06 19:02:06.545 D/[blink]memoryCache( 3367): [evict] remove:http://10.14.41.246/application/playCase/images/timeBtmImg.png
11-06 19:02:06.545 D/[blink]memoryCache( 3367): [evict] remove:http://10.14.41.246/application/playCase/images/playSliderBarImg1.png
11-06 19:02:06.545 D/[blink]memoryCache( 3367): [evict] remove:http://10.14.41.246/application/playCase/images/playing1.png
11-06 19:02:06.545 D/[blink]memoryCache( 3367): [evict] remove:http://10.14.41.246/application/playCase/images/playSliderBarImg2.png
11-06 19:02:06.545 D/[blink]memoryCache( 3367): [evict] remove:http://10.14.41.246/application/playCase/images/adImg.jpg
11-06 19:02:06.545 D/[blink]memoryCache( 3367): [evict] remove:http://10.14.41.246/application/playCase/images/playSliderCursor.png
11-06 19:02:06.545 D/[blink]memoryCache( 3367): [evict] remove:http://10.14.41.246/application/playCase/images/volumn_mute.png
11-06 19:02:06.545 D/[blink]memoryCache( 3367): [evict] remove:http://10.14.41.246/application/playCase/images/pause1.png
11-06 19:02:06.545 D/[blink]memoryCache( 3367): [evict] remove:http://10.14.41.246/application/playCase/images/volumn_btm.png
11-06 19:02:06.545 D/[blink]memoryCache( 3367): [evict] remove:http://10.14.41.246/application/playCase/images/slider_bar1.png
11-06 19:02:06.545 D/[blink]memoryCache( 3367): [evict] remove:http://10.14.41.246/application/playCase/images/pauseImg.png
11-06 19:02:06.545 D/[blink]memoryCache( 3367): [evict] remove:http://10.14.41.246/application/playCase/images/cover.png
11-06 19:02:06.545 D/[blink]memoryCache( 3367): [evict] remove:http://10.14.41.246/application/playCase/images/timeFocusImg.png
11-06 19:02:06.546 D/[blink]FrameView( 3367): [~FrameView] destroy FrameView frame=0x50ad67f0 frame view=0x53f66578
11-06 19:02:06.546 D/[blink]FrameView( 3367): [~FrameView] destroy FrameView frame=0x50ad67f0 frame view=0x53f756f8
11-06 19:02:06.561 I/Advanced( 3367): [QUEUE] share_queue_sendEx size:1 4097 497 0x8fdcff20,postLoopId:0,dstid:1.
11-06 19:02:06.573 D/BackBootDealerNeimeng( 2389): standbyState:
11-06 19:02:06.573 E/NetUtils( 2018): Interface eth0 LinkDown!
11-06 19:02:06.677 D/[blink]DOMTimer( 3367): [fired] 0x53f7aa70 timeout fired.
11-06 19:02:06.677 D/ScriptController( 3367): [executeScriptAndReturnValue] [V8] evaluate Script start. frame=0x509c1a48 url= line=1. source length=22
11-06 19:02:06.677 D/iPanel  ( 3367): iPanel.debug("checkOverlayCreated")
11-06 19:02:06.677 D/[blink]DOMTimer( 3367): [DOMTimer] 0x53f6b7f8 setTimeout 300ms, repeat:0.
11-06 19:02:06.677 D/ScriptController( 3367): [executeScriptAndReturnValue] [V8] evaluate Script end. frame=0x509c1a48 
11-06 19:02:06.692 E/hcdn_upload( 3008): HCDN_LOG: [2017/11/06-19:02:06:692]:Update uload speed 1 kbps ,real:0 kbps,qsize:0,maxsize:12,timeout_speed:0 kbps 
11-06 19:02:06.761 I/Advanced( 3367): [QUEUE] share_queue_sendEx size:1 4097 498 0x8fdcff20,postLoopId:0,dstid:1.
11-06 19:02:06.765 D/ir_user ( 1587): PlayerTimeLineTrace:linux_keycode:0x9e(UP),	protocol: .
11-06 19:02:06.765 V/PT      ( 1583): >>INFO:irkey_task:[     163.463214] /dev/input/event0: type=0001 code=009e val=00000000
11-06 19:02:06.765 V/PT      ( 1583): >>INFO:irkey_send:0x3001 0x1000 up  
11-06 19:02:06.765 V/SUMA    ( 1583): ++++++++++++++  _roc_evtmgr_key_cbk 517:input = 12289, event=4096, act=0x400
11-06 19:02:06.765 V/SUMA    ( 1583): lxm:_roc_evtmgr_key_cbk 519 163463
11-06 19:02:06.765 V/SUMA    ( 1583): lxm:_roc_evtmgr_add_key_into_queue 311 163463
11-06 19:02:06.766 V/PT      ( 1583): >>INFO:irkey_task:[     163.463214] /dev/input/event0: type=0000 code=0000 val=00000000
11-06 19:02:06.766 V/SUMA    ( 1583): ===================>> type=0 src=0 evt=4096 act=0x400
11-06 19:02:06.766 V/SUMA    ( 1583): [sysset-s][event_manager_cbk 78]lxm cbid=1, cbk_reg=1, cpid=2458
11-06 19:02:06.766 D/NGBEvent( 2458): ngbEventCallBack type:0 source :4096
11-06 19:02:06.766 D/NGBEvent( 2458): [NGBEventManager-JNI]-returning:1
11-06 19:02:06.766 D/NGBEvent( 2458): Input key event: keyCode=4096
11-06 19:02:06.766 D/NGBEvent( 2458): src:4096 = dest:4096
11-06 19:02:06.766 I/System.out( 2458): [DEBUG EventManager] LWJ--Add event to java with evt=NgbEvent-[type = 1, subtype = 402, code = 4096]
11-06 19:02:06.766 D/NGBEvent( 2458): [NGBEvent_log]--[EventManager--JNI]:		start
11-06 19:02:06.767 I/System.out( 2458): [DEBUG EventManager] broadcastEvent  :len 1
11-06 19:02:06.767 D/KeyEventNgbDealer( 2458): [TN_pool-1-thread-1]handleKeyReleased keyEvent=NgbEvent-[type = 1, subtype = 402, code = 4096],time=163464
11-06 19:02:06.767 D/RemoteIME( 2329): RemoteIME--> onKeyUp keyCode = 4
11-06 19:02:06.769 D/cr_AwTestContainerView( 3367): [AwTestContainerView.java:63] [mainFrame]: [unknown] dispatchKeyEvent keyCode = 4 event = KeyEvent { action=ACTION_UP, keyCode=KEYCODE_BACK, scanCode=158, metaState=0, flags=0x8, repeatCount=0, eventTime=163463, downTime=163145, deviceId=3, source=0x701 }
11-06 19:02:06.769 D/ImeAdapterAndroid( 3367): [SendKeyEvent] [BUILD TIME: ] dispatchKeyEvent key_code=4 modifiers=0 unicode_char=0 scan_code=158 is_system=0 tm=163463
11-06 19:02:06.770 D/RenderWidgetInputHandler( 3367): [HandleInputEvent] input_event type=9 name=KeyUp
11-06 19:02:06.770 D/RenderWidgetInputHandler( 3367): [HandleInputEvent] input_event type=9 prevent_default:0
11-06 19:02:06.770 D/WebViewImpl( 3367): [handleKeyEvent] keycode:166, eventType:9 native keycode:4 frame=0x50ad67f0. url='http://10.14.41.246/application/bxfc/sec/popTv_new.php'.
11-06 19:02:06.770 D/[blink]KeyboardEventManager( 3367): [keyEvent] initialKeyEvent KeyUp nativeKeyCode=4 windowsKeyCode=166 text[0]=0
11-06 19:02:06.770 D/[blink]KeyboardEventManager( 3367): [keyEvent] initialKeyEvent focusedNode=0x0
11-06 19:02:06.961 I/Advanced( 3367): [QUEUE] share_queue_sendEx size:1 4097 499 0x8fdcff20,postLoopId:0,dstid:1.
11-06 19:02:06.978 D/[blink]DOMTimer( 3367): [fired] 0x53f6b7f8 timeout fired.
11-06 19:02:06.978 D/ScriptController( 3367): [executeScriptAndReturnValue] [V8] evaluate Script start. frame=0x509c1a48 url= line=1. source length=22
11-06 19:02:06.978 D/iPanel  ( 3367): iPanel.debug("checkOverlayCreated")
11-06 19:02:06.978 D/[blink]DOMTimer( 3367): [DOMTimer] 0x53f6b868 setTimeout 300ms, repeat:0.
11-06 19:02:06.978 D/ScriptController( 3367): [executeScriptAndReturnValue] [V8] evaluate Script end. frame=0x509c1a48 
11-06 19:02:06.998 D/ir_user ( 1587): PlayerTimeLineTrace:linux_keycode:0x9e(DOWN),	protocol: .
11-06 19:02:06.999 V/PT      ( 1583): >>INFO:irkey_task:[     163.696588] /dev/input/event0: type=0001 code=009e val=00000001
11-06 19:02:06.999 V/PT      ( 1583): >>INFO:irkey_send:0x3001 0x1000 down
11-06 19:02:06.999 V/SUMA    ( 1583): ++++++++++++++  _roc_evtmgr_key_cbk 517:input = 12289, event=4096, act=0x100
11-06 19:02:06.999 V/SUMA    ( 1583): lxm:_roc_evtmgr_key_cbk 519 163696
11-06 19:02:06.999 V/SUMA    ( 1583): lxm:_roc_evtmgr_add_evt_into_queue 347 163696
11-06 19:02:06.999 V/SUMA    ( 1583): ===================>> type=0 src=0 evt=4096 act=0x100
11-06 19:02:06.999 V/PT      ( 1583): >>INFO:irkey_task:[     163.696588] /dev/input/event0: type=0000 code=0000 val=00000000
11-06 19:02:06.999 V/SUMA    ( 1583): [sysset-s][event_manager_cbk 78]lxm cbid=1, cbk_reg=1, cpid=2458
11-06 19:02:06.999 D/NGBEvent( 2458): ngbEventCallBack type:0 source :4096
11-06 19:02:06.999 D/NGBEvent( 2458): [NGBEventManager-JNI]-returning:1
11-06 19:02:06.999 D/NGBEvent( 2458): Input key event: keyCode=4096
11-06 19:02:06.999 D/NGBEvent( 2458): src:4096 = dest:4096
11-06 19:02:07.000 I/System.out( 2458): [DEBUG EventManager] LWJ--Add event to java with evt=NgbEvent-[type = 1, subtype = 401, code = 4096]
11-06 19:02:07.000 D/NGBEvent( 2458): [NGBEvent_log]--[EventManager--JNI]:		start
11-06 19:02:07.000 I/System.out( 2458): [DEBUG EventManager] broadcastEvent  :len 1
11-06 19:02:07.000 D/CombineKeyUtil( 2458): [TN_pool-1-thread-1]dealKeyEvent,combineIndex:-1:keyCode:4
11-06 19:02:07.000 D/KeyEventNgbDealer( 2458): [TN_pool-1-thread-1]handleKeyPressed keyEvent=NgbEvent-[type = 1, subtype = 401, code = 4096],time=163698
11-06 19:02:07.001 D/RemoteIME( 2329): onKeyDown event = KeyEvent { action=ACTION_DOWN, keyCode=KEYCODE_BACK, scanCode=158, metaState=0, flags=0x8, repeatCount=0, eventTime=163696, downTime=163696, deviceId=3, source=0x701 },mSkbContainer=null
11-06 19:02:07.002 D/cr_AwTestContainerView( 3367): [AwTestContainerView.java:63] [mainFrame]: [unknown] dispatchKeyEvent keyCode = 4 event = KeyEvent { action=ACTION_DOWN, keyCode=KEYCODE_BACK, scanCode=158, metaState=0, flags=0x8, repeatCount=0, eventTime=163696, downTime=163696, deviceId=3, source=0x701 }
11-06 19:02:07.003 D/ImeAdapterAndroid( 3367): [SendKeyEvent] [BUILD TIME: ] dispatchKeyEvent key_code=4 modifiers=0 unicode_char=0 scan_code=158 is_system=0 tm=163696
11-06 19:02:07.004 D/RenderWidgetInputHandler( 3367): [HandleInputEvent] input_event type=8 name=KeyDown
11-06 19:02:07.004 D/RenderWidgetInputHandler( 3367): [HandleInputEvent] input_event type=8 prevent_default:0
11-06 19:02:07.004 D/WebViewImpl( 3367): [handleKeyEvent] keycode:166, eventType:8 native keycode:4 frame=0x50ad67f0. url='http://10.14.41.246/application/bxfc/sec/popTv_new.php'.
11-06 19:02:07.004 D/[blink]KeyboardEventManager( 3367): [keyEvent] initialKeyEvent KeyDown nativeKeyCode=4 windowsKeyCode=166 text[0]=0
11-06 19:02:07.004 D/[blink]KeyboardEventManager( 3367): [keyEvent] initialKeyEvent focusedNode=0x0
11-06 19:02:07.005 D/V8ScriptRunner( 3367): [callFunction] start. frame = 0x50ad67f0 function: f.document.onkeydown url: http://10.14.41.246/application/bxfc/sec/popTv_new.php line: 2267
11-06 19:02:07.005 D/base::KeyConverter( 3367): [get] convert 4 => 8.
11-06 19:02:07.005 D/[blink]KeyboardEvent( 3367): [keyCode] convert keycode: 4 -> 8.
11-06 19:02:07.006 D/ChromeClientImpl( 3367): [addMessageToConsole] [LOG:CONSOLE(4090)] "-------iframe按键响应=KEY_BACK", source:http://10.14.41.246/application/bxfc/sec/popTv_new.php (4090)
11-06 19:02:07.006 D/ChromeClientImpl( 3367): [addMessageToConsole] [LOG:CONSOLE(4090)] "key_homepage---hidePop---typeof top.window.hidePop:function", source:http://10.14.41.246/application/bxfc/sec/popTv_new.php (4090)
11-06 19:02:07.007 D/ChromeClientImpl( 3367): [addMessageToConsole] [LOG:CONSOLE(11)] "--------1-------hidePop--window.frames:[object Window]", source:http://10.14.41.246/application/bxfc/sec/js/common.js (11)
11-06 19:02:07.007 D/ChromeClientImpl( 3367): [addMessageToConsole] [LOG:CONSOLE(11)] "------2---------hidePop-----ifr_0---", source:http://10.14.41.246/application/bxfc/sec/js/common.js (11)
11-06 19:02:07.008 D/ChromeClientImpl( 3367): [addMessageToConsole] [LOG:CONSOLE(11)] "------------hidePop--popFlag==false", source:http://10.14.41.246/application/bxfc/sec/js/common.js (11)
11-06 19:02:07.008 D/iPanel  ( 3367): iPanel.debug("iPanel.getGlobalVar : name = gotoBuy value = undefined")
11-06 19:02:07.008 D/V8ScriptRunner( 3367): [callFunction] end. frame = 0x50ad67f0 function: f.document.onkeydown url: http://10.14.41.246/application/bxfc/sec/popTv_new.php line: 2267
11-06 19:02:07.008 D/[blink]KeyboardEventManager( 3367): [keyEvent] dispatchResult = CanceledByEventHandler
11-06 19:02:07.074 D/BackBootDealerNeimeng( 2389): standbyState:
11-06 19:02:07.074 E/NetUtils( 2018): Interface eth0 LinkDown!
11-06 19:02:07.162 I/Advanced( 3367): [QUEUE] share_queue_sendEx size:1 4097 500 0x8fdcff20,postLoopId:0,dstid:1.
11-06 19:02:07.278 D/[blink]DOMTimer( 3367): [fired] 0x53f6b868 timeout fired.
11-06 19:02:07.278 D/ScriptController( 3367): [executeScriptAndReturnValue] [V8] evaluate Script start. frame=0x509c1a48 url= line=1. source length=22
11-06 19:02:07.279 D/iPanel  ( 3367): iPanel.debug("checkOverlayCreated")
11-06 19:02:07.279 D/[blink]DOMTimer( 3367): [DOMTimer] 0x53f6b8d8 setTimeout 300ms, repeat:0.
11-06 19:02:07.279 D/ScriptController( 3367): [executeScriptAndReturnValue] [V8] evaluate Script end. frame=0x509c1a48 
11-06 19:02:07.312 I/AdvancedPorting-PORT_MODULE_NET( 3367): network_task while... 
11-06 19:02:07.312 I/AdvancedPorting-PORT_MODULE_NET( 3367): 0 interface name: lo
11-06 19:02:07.312 I/AdvancedPorting-PORT_MODULE_NET( 3367): 1 interface name: wlan0
11-06 19:02:07.312 I/AdvancedPorting-PORT_MODULE_NET( 3367): First interface name: lo
11-06 19:02:07.312 I/AdvancedPorting-PORT_MODULE_NET( 3367): network_task while...  net_i:1
11-06 19:02:07.312 I/AdvancedPorting-PORT_MODULE_NET( 3367): network_task while---name_interface[0]=lo
11-06 19:02:07.312 I/AdvancedPorting-PORT_MODULE_NET( 3367): network_task while---name_interface[1]=wlan0
11-06 19:02:07.312 I/AdvancedPorting-PORT_MODULE_NET( 3367): network_task while---interface_name=wlan0
11-06 19:02:07.312 I/AdvancedPorting-PORT_MODULE_NET( 3367): network_get_netlink_status(in)--if_name=wlan0
11-06 19:02:07.312 I/AdvancedPorting-PORT_MODULE_NET( 3367): net.network.isconnected = no
11-06 19:02:07.312 I/AdvancedPorting-PORT_MODULE_NET( 3367): wlan0 --network_get_netlink_status return retval=1
11-06 19:02:07.312 I/AdvancedPorting-PORT_MODULE_NET( 3367): stat = 1 last_status = 1
11-06 19:02:07.316 D/ir_user ( 1587): PlayerTimeLineTrace:linux_keycode:0x9e(UP),	protocol: .
11-06 19:02:07.316 V/PT      ( 1583): >>INFO:irkey_task:[     164.013988] /dev/input/event0: type=0001 code=009e val=00000000
11-06 19:02:07.316 V/PT      ( 1583): >>INFO:irkey_send:0x3001 0x1000 up  
11-06 19:02:07.316 V/SUMA    ( 1583): ++++++++++++++  _roc_evtmgr_key_cbk 517:input = 12289, event=4096, act=0x400
11-06 19:02:07.316 V/SUMA    ( 1583): lxm:_roc_evtmgr_key_cbk 519 164014
11-06 19:02:07.316 V/SUMA    ( 1583): lxm:_roc_evtmgr_add_key_into_queue 311 164014
11-06 19:02:07.316 V/PT      ( 1583): >>INFO:irkey_task:[     164.013988] /dev/input/event0: type=0000 code=0000 val=00000000
11-06 19:02:07.316 V/SUMA    ( 1583): ===================>> type=0 src=0 evt=4096 act=0x400
11-06 19:02:07.316 V/SUMA    ( 1583): [sysset-s][event_manager_cbk 78]lxm cbid=1, cbk_reg=1, cpid=2458
11-06 19:02:07.316 D/NGBEvent( 2458): ngbEventCallBack type:0 source :4096
11-06 19:02:07.316 D/NGBEvent( 2458): [NGBEventManager-JNI]-returning:1
11-06 19:02:07.316 D/NGBEvent( 2458): Input key event: keyCode=4096
11-06 19:02:07.316 D/NGBEvent( 2458): src:4096 = dest:4096
11-06 19:02:07.316 I/System.out( 2458): [DEBUG EventManager] LWJ--Add event to java with evt=NgbEvent-[type = 1, subtype = 402, code = 4096]
11-06 19:02:07.316 D/NGBEvent( 2458): [NGBEvent_log]--[EventManager--JNI]:		start
11-06 19:02:07.316 I/System.out( 2458): [DEBUG EventManager] broadcastEvent  :len 1
11-06 19:02:07.316 D/KeyEventNgbDealer( 2458): [TN_pool-1-thread-1]handleKeyReleased keyEvent=NgbEvent-[type = 1, subtype = 402, code = 4096],time=164014
11-06 19:02:07.317 D/RemoteIME( 2329): RemoteIME--> onKeyUp keyCode = 4
11-06 19:02:07.317 D/cr_AwTestContainerView( 3367): [AwTestContainerView.java:63] [mainFrame]: [unknown] dispatchKeyEvent keyCode = 4 event = KeyEvent { action=ACTION_UP, keyCode=KEYCODE_BACK, scanCode=158, metaState=0, flags=0x8, repeatCount=0, eventTime=164013, downTime=163696, deviceId=3, source=0x701 }
11-06 19:02:07.317 D/ImeAdapterAndroid( 3367): [SendKeyEvent] [BUILD TIME: ] dispatchKeyEvent key_code=4 modifiers=0 unicode_char=0 scan_code=158 is_system=0 tm=164013
11-06 19:02:07.318 D/RenderWidgetInputHandler( 3367): [HandleInputEvent] input_event type=9 name=KeyUp
11-06 19:02:07.318 D/RenderWidgetInputHandler( 3367): [HandleInputEvent] input_event type=9 prevent_default:0
11-06 19:02:07.318 D/WebViewImpl( 3367): [handleKeyEvent] keycode:166, eventType:9 native keycode:4 frame=0x50ad67f0. url='http://10.14.41.246/application/bxfc/sec/popTv_new.php'.
11-06 19:02:07.318 D/[blink]KeyboardEventManager( 3367): [keyEvent] initialKeyEvent KeyUp nativeKeyCode=4 windowsKeyCode=166 text[0]=0
11-06 19:02:07.318 D/[blink]KeyboardEventManager( 3367): [keyEvent] initialKeyEvent focusedNode=0x0
11-06 19:02:07.362 I/Advanced( 3367): [QUEUE] share_queue_sendEx size:1 4097 501 0x8fdcff20,postLoopId:0,dstid:1.
11-06 19:02:07.403 D/ir_user ( 1587): PlayerTimeLineTrace:linux_keycode:0x9e(DOWN),	protocol: .
11-06 19:02:07.403 V/PT      ( 1583): >>INFO:irkey_task:[     164.100827] /dev/input/event0: type=0001 code=009e val=00000001
11-06 19:02:07.403 V/PT      ( 1583): >>INFO:irkey_send:0x3001 0x1000 down
11-06 19:02:07.403 V/SUMA    ( 1583): ++++++++++++++  _roc_evtmgr_key_cbk 517:input = 12289, event=4096, act=0x100
11-06 19:02:07.403 V/SUMA    ( 1583): lxm:_roc_evtmgr_key_cbk 519 164100
11-06 19:02:07.403 V/SUMA    ( 1583): lxm:_roc_evtmgr_add_evt_into_queue 347 164100
11-06 19:02:07.403 V/PT      ( 1583): >>INFO:irkey_task:[     164.100827] /dev/input/event0: type=0000 code=0000 val=00000000
11-06 19:02:07.403 V/SUMA    ( 1583): ===================>> type=0 src=0 evt=4096 act=0x100
11-06 19:02:07.403 V/SUMA    ( 1583): [sysset-s][event_manager_cbk 78]lxm cbid=1, cbk_reg=1, cpid=2458
11-06 19:02:07.403 D/NGBEvent( 2458): ngbEventCallBack type:0 source :4096
11-06 19:02:07.403 D/NGBEvent( 2458): [NGBEventManager-JNI]-returning:1
11-06 19:02:07.403 D/NGBEvent( 2458): Input key event: keyCode=4096
11-06 19:02:07.403 D/NGBEvent( 2458): src:4096 = dest:4096
11-06 19:02:07.403 I/System.out( 2458): [DEBUG EventManager] LWJ--Add event to java with evt=NgbEvent-[type = 1, subtype = 401, code = 4096]
11-06 19:02:07.403 D/NGBEvent( 2458): [NGBEvent_log]--[EventManager--JNI]:		start
11-06 19:02:07.403 I/System.out( 2458): [DEBUG EventManager] broadcastEvent  :len 1
11-06 19:02:07.403 D/CombineKeyUtil( 2458): [TN_pool-1-thread-1]dealKeyEvent,combineIndex:-1:keyCode:4
11-06 19:02:07.403 D/KeyEventNgbDealer( 2458): [TN_pool-1-thread-1]handleKeyPressed keyEvent=NgbEvent-[type = 1, subtype = 401, code = 4096],time=164101
11-06 19:02:07.404 D/RemoteIME( 2329): onKeyDown event = KeyEvent { action=ACTION_DOWN, keyCode=KEYCODE_BACK, scanCode=158, metaState=0, flags=0x8, repeatCount=0, eventTime=164100, downTime=164100, deviceId=3, source=0x701 },mSkbContainer=null
11-06 19:02:07.404 D/cr_AwTestContainerView( 3367): [AwTestContainerView.java:63] [mainFrame]: [unknown] dispatchKeyEvent keyCode = 4 event = KeyEvent { action=ACTION_DOWN, keyCode=KEYCODE_BACK, scanCode=158, metaState=0, flags=0x8, repeatCount=0, eventTime=164100, downTime=164100, deviceId=3, source=0x701 }
11-06 19:02:07.404 D/ImeAdapterAndroid( 3367): [SendKeyEvent] [BUILD TIME: ] dispatchKeyEvent key_code=4 modifiers=0 unicode_char=0 scan_code=158 is_system=0 tm=164100
11-06 19:02:07.405 D/RenderWidgetInputHandler( 3367): [HandleInputEvent] input_event type=8 name=KeyDown
11-06 19:02:07.405 D/RenderWidgetInputHandler( 3367): [HandleInputEvent] input_event type=8 prevent_default:0
11-06 19:02:07.405 D/WebViewImpl( 3367): [handleKeyEvent] keycode:166, eventType:8 native keycode:4 frame=0x50ad67f0. url='http://10.14.41.246/application/bxfc/sec/popTv_new.php'.
11-06 19:02:07.405 D/[blink]KeyboardEventManager( 3367): [keyEvent] initialKeyEvent KeyDown nativeKeyCode=4 windowsKeyCode=166 text[0]=0
11-06 19:02:07.405 D/[blink]KeyboardEventManager( 3367): [keyEvent] initialKeyEvent focusedNode=0x0
11-06 19:02:07.405 D/V8ScriptRunner( 3367): [callFunction] start. frame = 0x50ad67f0 function: f.document.onkeydown url: http://10.14.41.246/application/bxfc/sec/popTv_new.php line: 2267
11-06 19:02:07.405 D/base::KeyConverter( 3367): [get] convert 4 => 8.
11-06 19:02:07.405 D/[blink]KeyboardEvent( 3367): [keyCode] convert keycode: 4 -> 8.
11-06 19:02:07.405 D/ChromeClientImpl( 3367): [addMessageToConsole] [LOG:CONSOLE(4090)] "-------iframe按键响应=KEY_BACK", source:http://10.14.41.246/application/bxfc/sec/popTv_new.php (4090)
11-06 19:02:07.406 D/ChromeClientImpl( 3367): [addMessageToConsole] [LOG:CONSOLE(4090)] "key_homepage---hidePop---typeof top.window.hidePop:function", source:http://10.14.41.246/application/bxfc/sec/popTv_new.php (4090)
11-06 19:02:07.406 D/ChromeClientImpl( 3367): [addMessageToConsole] [LOG:CONSOLE(11)] "--------1-------hidePop--window.frames:[object Window]", source:http://10.14.41.246/application/bxfc/sec/js/common.js (11)
11-06 19:02:07.406 D/ChromeClientImpl( 3367): [addMessageToConsole] [LOG:CONSOLE(11)] "------2---------hidePop-----ifr_0---", source:http://10.14.41.246/application/bxfc/sec/js/common.js (11)
11-06 19:02:07.406 D/ChromeClientImpl( 3367): [addMessageToConsole] [LOG:CONSOLE(11)] "------------hidePop--popFlag==false", source:http://10.14.41.246/application/bxfc/sec/js/common.js (11)
11-06 19:02:07.406 D/iPanel  ( 3367): iPanel.debug("iPanel.getGlobalVar : name = gotoBuy value = undefined")
11-06 19:02:07.406 D/V8ScriptRunner( 3367): [callFunction] end. frame = 0x50ad67f0 function: f.document.onkeydown url: http://10.14.41.246/application/bxfc/sec/popTv_new.php line: 2267
11-06 19:02:07.406 D/[blink]KeyboardEventManager( 3367): [keyEvent] dispatchResult = CanceledByEventHandler
11-06 19:02:07.562 I/Advanced( 3367): [QUEUE] share_queue_sendEx size:1 4097 502 0x8fdcff20,postLoopId:0,dstid:1.
11-06 19:02:07.574 D/BackBootDealerNeimeng( 2389): standbyState:
11-06 19:02:07.576 E/NetUtils( 2018): Interface eth0 LinkDown!
11-06 19:02:07.579 D/[blink]DOMTimer( 3367): [fired] 0x53f6b8d8 timeout fired.
11-06 19:02:07.579 D/ScriptController( 3367): [executeScriptAndReturnValue] [V8] evaluate Script start. frame=0x509c1a48 url= line=1. source length=22
11-06 19:02:07.579 D/iPanel  ( 3367): iPanel.debug("checkOverlayCreated")
11-06 19:02:07.579 D/[blink]DOMTimer( 3367): [DOMTimer] 0x53f6b948 setTimeout 300ms, repeat:0.
11-06 19:02:07.579 D/ScriptController( 3367): [executeScriptAndReturnValue] [V8] evaluate Script end. frame=0x509c1a48 
11-06 19:02:07.612 D/ir_user ( 1587): PlayerTimeLineTrace:linux_keycode:0x9e(UP),	protocol: .
11-06 19:02:07.612 V/PT      ( 1583): >>INFO:irkey_task:[     164.310291] /dev/input/event0: type=0001 code=009e val=00000000
11-06 19:02:07.612 V/PT      ( 1583): >>INFO:irkey_send:0x3001 0x1000 up  
11-06 19:02:07.612 V/SUMA    ( 1583): ++++++++++++++  _roc_evtmgr_key_cbk 517:input = 12289, event=4096, act=0x400
11-06 19:02:07.612 V/SUMA    ( 1583): lxm:_roc_evtmgr_key_cbk 519 164310
11-06 19:02:07.613 V/SUMA    ( 1583): lxm:_roc_evtmgr_add_key_into_queue 311 164310
11-06 19:02:07.613 V/PT      ( 1583): >>INFO:irkey_task:[     164.310291] /dev/input/event0: type=0000 code=0000 val=00000000
11-06 19:02:07.613 V/SUMA    ( 1583): ===================>> type=0 src=0 evt=4096 act=0x400
11-06 19:02:07.613 V/SUMA    ( 1583): [sysset-s][event_manager_cbk 78]lxm cbid=1, cbk_reg=1, cpid=2458
11-06 19:02:07.613 D/NGBEvent( 2458): ngbEventCallBack type:0 source :4096
11-06 19:02:07.613 D/NGBEvent( 2458): [NGBEventManager-JNI]-returning:1
11-06 19:02:07.613 D/NGBEvent( 2458): Input key event: keyCode=4096
11-06 19:02:07.613 D/NGBEvent( 2458): src:4096 = dest:4096
11-06 19:02:07.613 I/System.out( 2458): [DEBUG EventManager] LWJ--Add event to java with evt=NgbEvent-[type = 1, subtype = 402, code = 4096]
11-06 19:02:07.613 D/NGBEvent( 2458): [NGBEvent_log]--[EventManager--JNI]:		start
11-06 19:02:07.614 I/System.out( 2458): [DEBUG EventManager] broadcastEvent  :len 1
11-06 19:02:07.614 D/KeyEventNgbDealer( 2458): [TN_pool-1-thread-1]handleKeyReleased keyEvent=NgbEvent-[type = 1, subtype = 402, code = 4096],time=164311
11-06 19:02:07.614 D/RemoteIME( 2329): RemoteIME--> onKeyUp keyCode = 4
11-06 19:02:07.616 D/cr_AwTestContainerView( 3367): [AwTestContainerView.java:63] [mainFrame]: [unknown] dispatchKeyEvent keyCode = 4 event = KeyEvent { action=ACTION_UP, keyCode=KEYCODE_BACK, scanCode=158, metaState=0, flags=0x8, repeatCount=0, eventTime=164310, downTime=164100, deviceId=3, source=0x701 }
11-06 19:02:07.616 D/ImeAdapterAndroid( 3367): [SendKeyEvent] [BUILD TIME: ] dispatchKeyEvent key_code=4 modifiers=0 unicode_char=0 scan_code=158 is_system=0 tm=164310
11-06 19:02:07.617 D/RenderWidgetInputHandler( 3367): [HandleInputEvent] input_event type=9 name=KeyUp
11-06 19:02:07.618 D/RenderWidgetInputHandler( 3367): [HandleInputEvent] input_event type=9 prevent_default:0
11-06 19:02:07.618 D/WebViewImpl( 3367): [handleKeyEvent] keycode:166, eventType:9 native keycode:4 frame=0x50ad67f0. url='http://10.14.41.246/application/bxfc/sec/popTv_new.php'.
11-06 19:02:07.618 D/[blink]KeyboardEventManager( 3367): [keyEvent] initialKeyEvent KeyUp nativeKeyCode=4 windowsKeyCode=166 text[0]=0
11-06 19:02:07.618 D/[blink]KeyboardEventManager( 3367): [keyEvent] initialKeyEvent focusedNode=0x0
11-06 19:02:07.693 E/hcdn_upload( 3008): HCDN_LOG: [2017/11/06-19:02:07:693]:Update uload speed 1 kbps ,real:0 kbps,qsize:0,maxsize:12,timeout_speed:0 kbps 
11-06 19:02:07.763 I/Advanced( 3367): [QUEUE] share_queue_sendEx size:1 4097 503 0x8fdcff20,postLoopId:0,dstid:1.
11-06 19:02:07.787 D/ir_user ( 1587): PlayerTimeLineTrace:linux_keycode:0x9e(DOWN),	protocol: .
11-06 19:02:07.787 V/PT      ( 1583): >>INFO:irkey_task:[     164.485211] /dev/input/event0: type=0001 code=009e val=00000001
11-06 19:02:07.787 V/PT      ( 1583): >>INFO:irkey_send:0x3001 0x1000 down
11-06 19:02:07.787 V/SUMA    ( 1583): ++++++++++++++  _roc_evtmgr_key_cbk 517:input = 12289, event=4096, act=0x100
11-06 19:02:07.787 V/SUMA    ( 1583): lxm:_roc_evtmgr_key_cbk 519 164485
11-06 19:02:07.787 V/SUMA    ( 1583): lxm:_roc_evtmgr_add_evt_into_queue 347 164485
11-06 19:02:07.788 V/PT      ( 1583): >>INFO:irkey_task:[     164.485211] /dev/input/event0: type=0000 code=0000 val=00000000
11-06 19:02:07.788 V/SUMA    ( 1583): ===================>> type=0 src=0 evt=4096 act=0x100
11-06 19:02:07.788 V/SUMA    ( 1583): [sysset-s][event_manager_cbk 78]lxm cbid=1, cbk_reg=1, cpid=2458
11-06 19:02:07.788 D/NGBEvent( 2458): ngbEventCallBack type:0 source :4096
11-06 19:02:07.788 D/NGBEvent( 2458): [NGBEventManager-JNI]-returning:1
11-06 19:02:07.788 D/NGBEvent( 2458): Input key event: keyCode=4096
11-06 19:02:07.788 D/NGBEvent( 2458): src:4096 = dest:4096
11-06 19:02:07.788 I/System.out( 2458): [DEBUG EventManager] LWJ--Add event to java with evt=NgbEvent-[type = 1, subtype = 401, code = 4096]
11-06 19:02:07.788 D/NGBEvent( 2458): [NGBEvent_log]--[EventManager--JNI]:		start
11-06 19:02:07.789 I/System.out( 2458): [DEBUG EventManager] broadcastEvent  :len 1
11-06 19:02:07.789 D/CombineKeyUtil( 2458): [TN_pool-1-thread-1]dealKeyEvent,combineIndex:-1:keyCode:4
11-06 19:02:07.789 D/KeyEventNgbDealer( 2458): [TN_pool-1-thread-1]handleKeyPressed keyEvent=NgbEvent-[type = 1, subtype = 401, code = 4096],time=164486
11-06 19:02:07.789 D/RemoteIME( 2329): onKeyDown event = KeyEvent { action=ACTION_DOWN, keyCode=KEYCODE_BACK, scanCode=158, metaState=0, flags=0x8, repeatCount=0, eventTime=164485, downTime=164485, deviceId=3, source=0x701 },mSkbContainer=null
11-06 19:02:07.791 D/cr_AwTestContainerView( 3367): [AwTestContainerView.java:63] [mainFrame]: [unknown] dispatchKeyEvent keyCode = 4 event = KeyEvent { action=ACTION_DOWN, keyCode=KEYCODE_BACK, scanCode=158, metaState=0, flags=0x8, repeatCount=0, eventTime=164485, downTime=164485, deviceId=3, source=0x701 }
11-06 19:02:07.791 D/ImeAdapterAndroid( 3367): [SendKeyEvent] [BUILD TIME: ] dispatchKeyEvent key_code=4 modifiers=0 unicode_char=0 scan_code=158 is_system=0 tm=164485
11-06 19:02:07.792 D/RenderWidgetInputHandler( 3367): [HandleInputEvent] input_event type=8 name=KeyDown
11-06 19:02:07.792 D/RenderWidgetInputHandler( 3367): [HandleInputEvent] input_event type=8 prevent_default:0
11-06 19:02:07.792 D/WebViewImpl( 3367): [handleKeyEvent] keycode:166, eventType:8 native keycode:4 frame=0x50ad67f0. url='http://10.14.41.246/application/bxfc/sec/popTv_new.php'.
11-06 19:02:07.792 D/[blink]KeyboardEventManager( 3367): [keyEvent] initialKeyEvent KeyDown nativeKeyCode=4 windowsKeyCode=166 text[0]=0
11-06 19:02:07.792 D/[blink]KeyboardEventManager( 3367): [keyEvent] initialKeyEvent focusedNode=0x0
11-06 19:02:07.792 D/V8ScriptRunner( 3367): [callFunction] start. frame = 0x50ad67f0 function: f.document.onkeydown url: http://10.14.41.246/application/bxfc/sec/popTv_new.php line: 2267
11-06 19:02:07.793 D/base::KeyConverter( 3367): [get] convert 4 => 8.
11-06 19:02:07.793 D/[blink]KeyboardEvent( 3367): [keyCode] convert keycode: 4 -> 8.
11-06 19:02:07.793 D/ChromeClientImpl( 3367): [addMessageToConsole] [LOG:CONSOLE(4090)] "-------iframe按键响应=KEY_BACK", source:http://10.14.41.246/application/bxfc/sec/popTv_new.php (4090)
11-06 19:02:07.794 D/ChromeClientImpl( 3367): [addMessageToConsole] [LOG:CONSOLE(4090)] "key_homepage---hidePop---typeof top.window.hidePop:function", source:http://10.14.41.246/application/bxfc/sec/popTv_new.php (4090)
11-06 19:02:07.794 D/ChromeClientImpl( 3367): [addMessageToConsole] [LOG:CONSOLE(11)] "--------1-------hidePop--window.frames:[object Window]", source:http://10.14.41.246/application/bxfc/sec/js/common.js (11)
11-06 19:02:07.794 D/ChromeClientImpl( 3367): [addMessageToConsole] [LOG:CONSOLE(11)] "------2---------hidePop-----ifr_0---", source:http://10.14.41.246/application/bxfc/sec/js/common.js (11)
11-06 19:02:07.795 D/ChromeClientImpl( 3367): [addMessageToConsole] [LOG:CONSOLE(11)] "------------hidePop--popFlag==false", source:http://10.14.41.246/application/bxfc/sec/js/common.js (11)
11-06 19:02:07.795 D/iPanel  ( 3367): iPanel.debug("iPanel.getGlobalVar : name = gotoBuy value = undefined")
11-06 19:02:07.795 D/V8ScriptRunner( 3367): [callFunction] end. frame = 0x50ad67f0 function: f.document.onkeydown url: http://10.14.41.246/application/bxfc/sec/popTv_new.php line: 2267
11-06 19:02:07.795 D/[blink]KeyboardEventManager( 3367): [keyEvent] dispatchResult = CanceledByEventHandler
11-06 19:02:07.879 D/[blink]DOMTimer( 3367): [fired] 0x53f6b948 timeout fired.
11-06 19:02:07.880 D/ScriptController( 3367): [executeScriptAndReturnValue] [V8] evaluate Script start. frame=0x509c1a48 url= line=1. source length=22
11-06 19:02:07.880 D/iPanel  ( 3367): iPanel.debug("checkOverlayCreated")
11-06 19:02:07.880 D/[blink]DOMTimer( 3367): [DOMTimer] 0x53f6b9b8 setTimeout 300ms, repeat:0.
11-06 19:02:07.880 D/ScriptController( 3367): [executeScriptAndReturnValue] [V8] evaluate Script end. frame=0x509c1a48 
11-06 19:02:07.963 I/Advanced( 3367): [QUEUE] share_queue_sendEx size:1 4097 504 0x8fdcff20,postLoopId:0,dstid:1.
11-06 19:02:07.996 D/ir_user ( 1587): PlayerTimeLineTrace:linux_keycode:0x9e(UP),	protocol: .
11-06 19:02:07.996 V/PT      ( 1583): >>INFO:irkey_task:[     164.694460] /dev/input/event0: type=0001 code=009e val=00000000
11-06 19:02:07.996 V/PT      ( 1583): >>INFO:irkey_send:0x3001 0x1000 up  
11-06 19:02:07.996 V/SUMA    ( 1583): ++++++++++++++  _roc_evtmgr_key_cbk 517:input = 12289, event=4096, act=0x400
11-06 19:02:07.996 V/SUMA    ( 1583): lxm:_roc_evtmgr_key_cbk 519 164694
11-06 19:02:07.996 V/SUMA    ( 1583): lxm:_roc_evtmgr_add_key_into_queue 311 164694
11-06 19:02:07.996 V/PT      ( 1583): >>INFO:irkey_task:[     164.694460] /dev/input/event0: type=0000 code=0000 val=00000000
11-06 19:02:07.996 V/SUMA    ( 1583): ===================>> type=0 src=0 evt=4096 act=0x400
11-06 19:02:07.996 V/SUMA    ( 1583): [sysset-s][event_manager_cbk 78]lxm cbid=1, cbk_reg=1, cpid=2458
11-06 19:02:07.997 D/NGBEvent( 2458): ngbEventCallBack type:0 source :4096
11-06 19:02:07.997 D/NGBEvent( 2458): [NGBEventManager-JNI]-returning:1
11-06 19:02:07.997 D/NGBEvent( 2458): Input key event: keyCode=4096
11-06 19:02:07.997 D/NGBEvent( 2458): src:4096 = dest:4096
11-06 19:02:07.997 I/System.out( 2458): [DEBUG EventManager] LWJ--Add event to java with evt=NgbEvent-[type = 1, subtype = 402, code = 4096]
11-06 19:02:07.997 D/NGBEvent( 2458): [NGBEvent_log]--[EventManager--JNI]:		start
11-06 19:02:07.997 I/System.out( 2458): [DEBUG EventManager] broadcastEvent  :len 1
11-06 19:02:07.997 D/KeyEventNgbDealer( 2458): [TN_pool-1-thread-1]handleKeyReleased keyEvent=NgbEvent-[type = 1, subtype = 402, code = 4096],time=164695
11-06 19:02:07.997 D/RemoteIME( 2329): RemoteIME--> onKeyUp keyCode = 4
11-06 19:02:07.998 D/cr_AwTestContainerView( 3367): [AwTestContainerView.java:63] [mainFrame]: [unknown] dispatchKeyEvent keyCode = 4 event = KeyEvent { action=ACTION_UP, keyCode=KEYCODE_BACK, scanCode=158, metaState=0, flags=0x8, repeatCount=0, eventTime=164694, downTime=164485, deviceId=3, source=0x701 }
11-06 19:02:07.998 D/ImeAdapterAndroid( 3367): [SendKeyEvent] [BUILD TIME: ] dispatchKeyEvent key_code=4 modifiers=0 unicode_char=0 scan_code=158 is_system=0 tm=164694
11-06 19:02:07.999 D/RenderWidgetInputHandler( 3367): [HandleInputEvent] input_event type=9 name=KeyUp
11-06 19:02:07.999 D/RenderWidgetInputHandler( 3367): [HandleInputEvent] input_event type=9 prevent_default:0
11-06 19:02:07.999 D/WebViewImpl( 3367): [handleKeyEvent] keycode:166, eventType:9 native keycode:4 frame=0x50ad67f0. url='http://10.14.41.246/application/bxfc/sec/popTv_new.php'.
11-06 19:02:07.999 D/[blink]KeyboardEventManager( 3367): [keyEvent] initialKeyEvent KeyUp nativeKeyCode=4 windowsKeyCode=166 text[0]=0
11-06 19:02:07.999 D/[blink]KeyboardEventManager( 3367): [keyEvent] initialKeyEvent focusedNode=0x0
11-06 19:02:08.076 D/BackBootDealerNeimeng( 2389): standbyState:
11-06 19:02:08.076 E/NetUtils( 2018): Interface eth0 LinkDown!
11-06 19:02:08.127 D/ir_user ( 1587): PlayerTimeLineTrace:linux_keycode:0x9e(DOWN),	protocol: .
11-06 19:02:08.127 V/PT      ( 1583): >>INFO:irkey_task:[     164.825429] /dev/input/event0: type=0001 code=009e val=00000001
11-06 19:02:08.127 V/PT      ( 1583): >>INFO:irkey_send:0x3001 0x1000 down
11-06 19:02:08.127 V/SUMA    ( 1583): ++++++++++++++  _roc_evtmgr_key_cbk 517:input = 12289, event=4096, act=0x100
11-06 19:02:08.127 V/SUMA    ( 1583): lxm:_roc_evtmgr_key_cbk 519 164825
11-06 19:02:08.127 V/SUMA    ( 1583): lxm:_roc_evtmgr_add_evt_into_queue 347 164825
11-06 19:02:08.127 V/PT      ( 1583): >>INFO:irkey_task:[     164.825429] /dev/input/event0: type=0000 code=0000 val=00000000
11-06 19:02:08.127 V/SUMA    ( 1583): ===================>> type=0 src=0 evt=4096 act=0x100
11-06 19:02:08.127 V/SUMA    ( 1583): [sysset-s][event_manager_cbk 78]lxm cbid=1, cbk_reg=1, cpid=2458
11-06 19:02:08.128 D/NGBEvent( 2458): ngbEventCallBack type:0 source :4096
11-06 19:02:08.128 D/NGBEvent( 2458): [NGBEventManager-JNI]-returning:1
11-06 19:02:08.128 D/NGBEvent( 2458): Input key event: keyCode=4096
11-06 19:02:08.128 D/NGBEvent( 2458): src:4096 = dest:4096
11-06 19:02:08.128 I/System.out( 2458): [DEBUG EventManager] LWJ--Add event to java with evt=NgbEvent-[type = 1, subtype = 401, code = 4096]
11-06 19:02:08.128 D/NGBEvent( 2458): [NGBEvent_log]--[EventManager--JNI]:		start
11-06 19:02:08.128 I/System.out( 2458): [DEBUG EventManager] broadcastEvent  :len 1
11-06 19:02:08.128 D/CombineKeyUtil( 2458): [TN_pool-1-thread-1]dealKeyEvent,combineIndex:-1:keyCode:4
11-06 19:02:08.128 D/KeyEventNgbDealer( 2458): [TN_pool-1-thread-1]handleKeyPressed keyEvent=NgbEvent-[type = 1, subtype = 401, code = 4096],time=164826
11-06 19:02:08.128 D/RemoteIME( 2329): onKeyDown event = KeyEvent { action=ACTION_DOWN, keyCode=KEYCODE_BACK, scanCode=158, metaState=0, flags=0x8, repeatCount=0, eventTime=164825, downTime=164825, deviceId=3, source=0x701 },mSkbContainer=null
11-06 19:02:08.129 D/cr_AwTestContainerView( 3367): [AwTestContainerView.java:63] [mainFrame]: [unknown] dispatchKeyEvent keyCode = 4 event = KeyEvent { action=ACTION_DOWN, keyCode=KEYCODE_BACK, scanCode=158, metaState=0, flags=0x8, repeatCount=0, eventTime=164825, downTime=164825, deviceId=3, source=0x701 }
11-06 19:02:08.129 D/ImeAdapterAndroid( 3367): [SendKeyEvent] [BUILD TIME: ] dispatchKeyEvent key_code=4 modifiers=0 unicode_char=0 scan_code=158 is_system=0 tm=164825
11-06 19:02:08.129 D/RenderWidgetInputHandler( 3367): [HandleInputEvent] input_event type=8 name=KeyDown
11-06 19:02:08.129 D/RenderWidgetInputHandler( 3367): [HandleInputEvent] input_event type=8 prevent_default:0
11-06 19:02:08.129 D/WebViewImpl( 3367): [handleKeyEvent] keycode:166, eventType:8 native keycode:4 frame=0x50ad67f0. url='http://10.14.41.246/application/bxfc/sec/popTv_new.php'.
11-06 19:02:08.129 D/[blink]KeyboardEventManager( 3367): [keyEvent] initialKeyEvent KeyDown nativeKeyCode=4 windowsKeyCode=166 text[0]=0
11-06 19:02:08.130 D/[blink]KeyboardEventManager( 3367): [keyEvent] initialKeyEvent focusedNode=0x0
11-06 19:02:08.130 D/V8ScriptRunner( 3367): [callFunction] start. frame = 0x50ad67f0 function: f.document.onkeydown url: http://10.14.41.246/application/bxfc/sec/popTv_new.php line: 2267
11-06 19:02:08.130 D/base::KeyConverter( 3367): [get] convert 4 => 8.
11-06 19:02:08.130 D/[blink]KeyboardEvent( 3367): [keyCode] convert keycode: 4 -> 8.
11-06 19:02:08.130 D/ChromeClientImpl( 3367): [addMessageToConsole] [LOG:CONSOLE(4090)] "-------iframe按键响应=KEY_BACK", source:http://10.14.41.246/application/bxfc/sec/popTv_new.php (4090)
11-06 19:02:08.130 D/ChromeClientImpl( 3367): [addMessageToConsole] [LOG:CONSOLE(4090)] "key_homepage---hidePop---typeof top.window.hidePop:function", source:http://10.14.41.246/application/bxfc/sec/popTv_new.php (4090)
11-06 19:02:08.130 D/ChromeClientImpl( 3367): [addMessageToConsole] [LOG:CONSOLE(11)] "--------1-------hidePop--window.frames:[object Window]", source:http://10.14.41.246/application/bxfc/sec/js/common.js (11)
11-06 19:02:08.131 D/ChromeClientImpl( 3367): [addMessageToConsole] [LOG:CONSOLE(11)] "------2---------hidePop-----ifr_0---", source:http://10.14.41.246/application/bxfc/sec/js/common.js (11)
11-06 19:02:08.131 D/ChromeClientImpl( 3367): [addMessageToConsole] [LOG:CONSOLE(11)] "------------hidePop--popFlag==false", source:http://10.14.41.246/application/bxfc/sec/js/common.js (11)
11-06 19:02:08.131 D/iPanel  ( 3367): iPanel.debug("iPanel.getGlobalVar : name = gotoBuy value = undefined")
11-06 19:02:08.131 D/V8ScriptRunner( 3367): [callFunction] end. frame = 0x50ad67f0 function: f.document.onkeydown url: http://10.14.41.246/application/bxfc/sec/popTv_new.php line: 2267
11-06 19:02:08.131 D/[blink]KeyboardEventManager( 3367): [keyEvent] dispatchResult = CanceledByEventHandler
11-06 19:02:08.163 I/Advanced( 3367): [QUEUE] share_queue_sendEx size:1 4097 505 0x8fdcff20,postLoopId:0,dstid:1.
11-06 19:02:08.180 D/[blink]DOMTimer( 3367): [fired] 0x53f6b9b8 timeout fired.
11-06 19:02:08.180 D/ScriptController( 3367): [executeScriptAndReturnValue] [V8] evaluate Script start. frame=0x509c1a48 url= line=1. source length=22
11-06 19:02:08.180 D/iPanel  ( 3367): iPanel.debug("checkOverlayCreated")
11-06 19:02:08.180 D/[blink]DOMTimer( 3367): [DOMTimer] 0x53f6ba28 setTimeout 300ms, repeat:0.
11-06 19:02:08.180 D/ScriptController( 3367): [executeScriptAndReturnValue] [V8] evaluate Script end. frame=0x509c1a48 
11-06 19:02:08.312 I/AdvancedPorting-PORT_MODULE_NET( 3367): network_task while... 
11-06 19:02:08.312 I/AdvancedPorting-PORT_MODULE_NET( 3367): 0 interface name: lo
11-06 19:02:08.312 I/AdvancedPorting-PORT_MODULE_NET( 3367): 1 interface name: wlan0
11-06 19:02:08.312 I/AdvancedPorting-PORT_MODULE_NET( 3367): First interface name: lo
11-06 19:02:08.312 I/AdvancedPorting-PORT_MODULE_NET( 3367): network_task while...  net_i:1
11-06 19:02:08.312 I/AdvancedPorting-PORT_MODULE_NET( 3367): network_task while---name_interface[0]=lo
11-06 19:02:08.312 I/AdvancedPorting-PORT_MODULE_NET( 3367): network_task while---name_interface[1]=wlan0
11-06 19:02:08.312 I/AdvancedPorting-PORT_MODULE_NET( 3367): network_task while---interface_name=wlan0
11-06 19:02:08.312 I/AdvancedPorting-PORT_MODULE_NET( 3367): network_get_netlink_status(in)--if_name=wlan0
11-06 19:02:08.312 I/AdvancedPorting-PORT_MODULE_NET( 3367): net.network.isconnected = no
11-06 19:02:08.313 I/AdvancedPorting-PORT_MODULE_NET( 3367): wlan0 --network_get_netlink_status return retval=1
11-06 19:02:08.313 I/AdvancedPorting-PORT_MODULE_NET( 3367): stat = 1 last_status = 1
11-06 19:02:08.337 D/ir_user ( 1587): PlayerTimeLineTrace:linux_keycode:0x9e(UP),	protocol: .
11-06 19:02:08.337 V/PT      ( 1583): >>INFO:irkey_task:[     165.034848] /dev/input/event0: type=0001 code=009e val=00000000
11-06 19:02:08.337 V/PT      ( 1583): >>INFO:irkey_send:0x3001 0x1000 up  
11-06 19:02:08.337 V/SUMA    ( 1583): ++++++++++++++  _roc_evtmgr_key_cbk 517:input = 12289, event=4096, act=0x400
11-06 19:02:08.337 V/SUMA    ( 1583): lxm:_roc_evtmgr_key_cbk 519 165035
11-06 19:02:08.337 V/SUMA    ( 1583): lxm:_roc_evtmgr_add_key_into_queue 311 165035
11-06 19:02:08.337 V/PT      ( 1583): >>INFO:irkey_task:[     165.034848] /dev/input/event0: type=0000 code=0000 val=00000000
11-06 19:02:08.337 V/SUMA    ( 1583): ===================>> type=0 src=0 evt=4096 act=0x400
11-06 19:02:08.337 V/SUMA    ( 1583): [sysset-s][event_manager_cbk 78]lxm cbid=1, cbk_reg=1, cpid=2458
11-06 19:02:08.338 D/NGBEvent( 2458): ngbEventCallBack type:0 source :4096
11-06 19:02:08.338 D/NGBEvent( 2458): [NGBEventManager-JNI]-returning:1
11-06 19:02:08.338 D/NGBEvent( 2458): Input key event: keyCode=4096
11-06 19:02:08.338 D/NGBEvent( 2458): src:4096 = dest:4096
11-06 19:02:08.338 I/System.out( 2458): [DEBUG EventManager] LWJ--Add event to java with evt=NgbEvent-[type = 1, subtype = 402, code = 4096]
11-06 19:02:08.338 D/NGBEvent( 2458): [NGBEvent_log]--[EventManager--JNI]:		start
11-06 19:02:08.338 I/System.out( 2458): [DEBUG EventManager] broadcastEvent  :len 1
11-06 19:02:08.338 D/KeyEventNgbDealer( 2458): [TN_pool-1-thread-1]handleKeyReleased keyEvent=NgbEvent-[type = 1, subtype = 402, code = 4096],time=165036
11-06 19:02:08.338 D/RemoteIME( 2329): RemoteIME--> onKeyUp keyCode = 4
11-06 19:02:08.340 D/cr_AwTestContainerView( 3367): [AwTestContainerView.java:63] [mainFrame]: [unknown] dispatchKeyEvent keyCode = 4 event = KeyEvent { action=ACTION_UP, keyCode=KEYCODE_BACK, scanCode=158, metaState=0, flags=0x8, repeatCount=0, eventTime=165034, downTime=164825, deviceId=3, source=0x701 }
11-06 19:02:08.340 D/ImeAdapterAndroid( 3367): [SendKeyEvent] [BUILD TIME: ] dispatchKeyEvent key_code=4 modifiers=0 unicode_char=0 scan_code=158 is_system=0 tm=165034
11-06 19:02:08.341 D/RenderWidgetInputHandler( 3367): [HandleInputEvent] input_event type=9 name=KeyUp
11-06 19:02:08.341 D/RenderWidgetInputHandler( 3367): [HandleInputEvent] input_event type=9 prevent_default:0
11-06 19:02:08.341 D/WebViewImpl( 3367): [handleKeyEvent] keycode:166, eventType:9 native keycode:4 frame=0x50ad67f0. url='http://10.14.41.246/application/bxfc/sec/popTv_new.php'.
11-06 19:02:08.342 D/[blink]KeyboardEventManager( 3367): [keyEvent] initialKeyEvent KeyUp nativeKeyCode=4 windowsKeyCode=166 text[0]=0
11-06 19:02:08.342 D/[blink]KeyboardEventManager( 3367): [keyEvent] initialKeyEvent focusedNode=0x0
11-06 19:02:08.364 I/Advanced( 3367): [QUEUE] share_queue_sendEx size:1 4097 506 0x8fdcff20,postLoopId:0,dstid:1.
11-06 19:02:08.468 D/ir_user ( 1587): PlayerTimeLineTrace:linux_keycode:0x9e(DOWN),	protocol: .
11-06 19:02:08.468 V/PT      ( 1583): >>INFO:irkey_task:[     165.165879] /dev/input/event0: type=0001 code=009e val=00000001
11-06 19:02:08.468 V/PT      ( 1583): >>INFO:irkey_send:0x3001 0x1000 down
11-06 19:02:08.468 V/SUMA    ( 1583): ++++++++++++++  _roc_evtmgr_key_cbk 517:input = 12289, event=4096, act=0x100
11-06 19:02:08.468 V/SUMA    ( 1583): lxm:_roc_evtmgr_key_cbk 519 165166
11-06 19:02:08.468 V/SUMA    ( 1583): lxm:_roc_evtmgr_add_evt_into_queue 347 165166
11-06 19:02:08.468 V/SUMA    ( 1583): ===================>> type=0 src=0 evt=4096 act=0x100
11-06 19:02:08.468 V/PT      ( 1583): >>INFO:irkey_task:[     165.165879] /dev/input/event0: type=0000 code=0000 val=00000000
11-06 19:02:08.468 V/SUMA    ( 1583): [sysset-s][event_manager_cbk 78]lxm cbid=1, cbk_reg=1, cpid=2458
11-06 19:02:08.469 D/NGBEvent( 2458): ngbEventCallBack type:0 source :4096
11-06 19:02:08.469 D/NGBEvent( 2458): [NGBEventManager-JNI]-returning:1
11-06 19:02:08.469 D/NGBEvent( 2458): Input key event: keyCode=4096
11-06 19:02:08.469 D/NGBEvent( 2458): src:4096 = dest:4096
11-06 19:02:08.469 I/System.out( 2458): [DEBUG EventManager] LWJ--Add event to java with evt=NgbEvent-[type = 1, subtype = 401, code = 4096]
11-06 19:02:08.469 D/NGBEvent( 2458): [NGBEvent_log]--[EventManager--JNI]:		start
11-06 19:02:08.469 I/System.out( 2458): [DEBUG EventManager] broadcastEvent  :len 1
11-06 19:02:08.469 D/CombineKeyUtil( 2458): [TN_pool-1-thread-1]dealKeyEvent,combineIndex:-1:keyCode:4
11-06 19:02:08.469 D/KeyEventNgbDealer( 2458): [TN_pool-1-thread-1]handleKeyPressed keyEvent=NgbEvent-[type = 1, subtype = 401, code = 4096],time=165167
11-06 19:02:08.470 D/RemoteIME( 2329): onKeyDown event = KeyEvent { action=ACTION_DOWN, keyCode=KEYCODE_BACK, scanCode=158, metaState=0, flags=0x8, repeatCount=0, eventTime=165165, downTime=165165, deviceId=3, source=0x701 },mSkbContainer=null
11-06 19:02:08.471 D/cr_AwTestContainerView( 3367): [AwTestContainerView.java:63] [mainFrame]: [unknown] dispatchKeyEvent keyCode = 4 event = KeyEvent { action=ACTION_DOWN, keyCode=KEYCODE_BACK, scanCode=158, metaState=0, flags=0x8, repeatCount=0, eventTime=165165, downTime=165165, deviceId=3, source=0x701 }
11-06 19:02:08.472 D/ImeAdapterAndroid( 3367): [SendKeyEvent] [BUILD TIME: ] dispatchKeyEvent key_code=4 modifiers=0 unicode_char=0 scan_code=158 is_system=0 tm=165165
11-06 19:02:08.473 D/RenderWidgetInputHandler( 3367): [HandleInputEvent] input_event type=8 name=KeyDown
