01-01 08:00:16.658 D/MountService( 2018): sendStorageIntent Intent { act=android.intent.action.MEDIA_MOUNTED dat=file:///storage/sdcard flg=0x4000000 (has extras) } to UserHandle{-1}
01-01 08:00:16.662 W/PackageManager( 2018): Unknown permission android.permission.SYSTEM_OVERLAY_WINDOW in package com.suma.midware.back
01-01 08:00:16.662 W/PackageManager( 2018): Not granting permission android.permission.ACCESS_DOWNLOAD_MANAGER to package com.android.browser (protectionLevel=18 flags=0x9be45)
01-01 08:00:16.663 W/PackageManager( 2018): Not granting permission android.permission.SEND_DOWNLOAD_COMPLETED_INTENTS to package com.android.browser (protectionLevel=2 flags=0x9be45)
01-01 08:00:16.663 W/PackageManager( 2018): Not granting permission android.permission.READ_LOGS to package com.ktcp.video (protectionLevel=50 flags=0x983e44)
01-01 08:00:16.663 W/PackageManager( 2018): Unknown permission android.permission.READ_SETTINGS in package com.ktcp.video
01-01 08:00:16.663 W/PackageManager( 2018): Not granting permission android.permission.RECEIVE_BOOT_COMPLETED to package com.ktcp.video because it was previously installed without
01-01 08:00:16.663 W/PackageManager( 2018): Unknown permission com.tencent.qqmusictv.playerservice in package com.ktcp.video
01-01 08:00:16.663 W/PackageManager( 2018): Not granting permission android.permission.MOUNT_UNMOUNT_FILESYSTEMS to package com.ktcp.video (protectionLevel=18 flags=0x983e44)
01-01 08:00:16.663 W/PackageManager( 2018): Unknown permission android.permission.SYSTEM_OVERLAY_WINDOW in package com.ktcp.video
01-01 08:00:16.663 W/PackageManager( 2018): Not granting permission android.permission.ACCESS_DOWNLOAD_MANAGER to package com.ktcp.video (protectionLevel=18 flags=0x983e44)
01-01 08:00:16.663 W/PackageManager( 2018): Unknown permission com.huawei.hwid.permission.ACCESS in package com.ktcp.video
01-01 08:00:16.664 W/PackageManager( 2018): Unknown permission com.huawei.appmarket.provider.readPermission in package com.ktcp.video
01-01 08:00:16.664 W/PackageManager( 2018): Unknown permission com.mstar.android.permissionn.ACCESS_TV_DATA in package com.ktcp.video
01-01 08:00:16.664 W/PackageManager( 2018): Unknown permission android.permission.RECEIVE_USER_PRESENT in package com.ktcp.video
01-01 08:00:16.664 W/PackageManager( 2018): Not granting permission android.permission.REAL_GET_TASKS to package com.ktcp.video (protectionLevel=18 flags=0x983e44)
01-01 08:00:16.664 W/PackageManager( 2018): Unknown permission com.ktcp.launcher.PREF_PROVIDER in package com.ktcp.video
01-01 08:00:16.664 W/PackageManager( 2018): Unknown permission com.android.launcher.permission.WRITE_SETTINGS in package com.suma.midware.applist
01-01 08:00:16.664 W/PackageManager( 2018): Unknown permission com.android.launcher.permission.READ_SETTINGS in package com.suma.midware.applist
01-01 08:00:16.664 W/PackageManager( 2018): Unknown permission com.android.launcher.permission.WRITE_SETTINGS in package com.suma.midware.dvb
01-01 08:00:16.664 W/PackageManager( 2018): Unknown permission com.android.launcher.permission.READ_SETTINGS in package com.suma.midware.dvb
01-01 08:00:16.664 W/PackageManager( 2018): Unknown permission android.permission.WRITE_INTERNAL_STORAGE in package com.sumavision.android.media.v
01-01 08:00:16.664 W/PackageManager( 2018): Not granting permission android.permission.READ_LOGS to package com.starcor.mango (protectionLevel=50 flags=0x98be44)
01-01 08:00:16.664 W/PackageManager( 2018): Unknown permission android.permission.RUN_INSTRUMENTATION in package com.starcor.mango
01-01 08:00:16.664 W/PackageManager( 2018): Not granting permission android.permission.MOUNT_UNMOUNT_FILESYSTEMS to package com.starcor.mango (protectionLevel=18 flags=0x98be44)
01-01 08:00:16.664 W/PackageManager( 2018): Not granting permission android.permission.RECEIVE_BOOT_COMPLETED to package com.starcor.mango because it was previously installed without
01-01 08:00:16.664 W/PackageManager( 2018): Unknown permission com.xiaomi.permission.MANAGE_ACCOUNTS in package com.starcor.mango
01-01 08:00:16.664 W/PackageManager( 2018): Unknown permission com.xiaomi.permission.AUTH_SERVICE in package com.starcor.mango
01-01 08:00:16.664 W/PackageManager( 2018): Unknown permission com.android.launcher.permission.WRITE_SETTINGS in package com.suma.midware.factorymenu
01-01 08:00:16.664 W/PackageManager( 2018): Unknown permission com.android.launcher.permission.READ_SETTINGS in package com.suma.midware.factorymenu
01-01 08:00:16.664 W/PackageManager( 2018): Not granting permission android.permission.CHANGE_CONFIGURATION to package com.newayte.nvideo.tv (protectionLevel=50 flags=0x88be44)
01-01 08:00:16.664 W/PackageManager( 2018): Not granting permission android.permission.INTERACT_ACROSS_USERS_FULL to package com.newayte.nvideo.tv (protectionLevel=2 flags=0x88be44)
01-01 08:00:16.664 W/PackageManager( 2018): Not granting permission android.permission.MOUNT_UNMOUNT_FILESYSTEMS to package com.newayte.nvideo.tv (protectionLevel=18 flags=0x88be44)
01-01 08:00:16.664 W/PackageManager( 2018): Not granting permission android.permission.RECEIVE_BOOT_COMPLETED to package com.newayte.nvideo.tv because it was previously installed without
01-01 08:00:16.664 W/PackageManager( 2018): Unknown permission com.android.launcher3.permission.READ_SETTINGS in package com.newayte.nvideo.tv
01-01 08:00:16.665 W/PackageManager( 2018): Not granting permission android.permission.ACCESS_SURFACE_FLINGER to package com.newayte.nvideo.tv (protectionLevel=2 flags=0x88be44)
01-01 08:00:16.665 W/PackageManager( 2018): Not granting permission android.permission.DELETE_PACKAGES to package com.newayte.nvideo.tv (protectionLevel=18 flags=0x88be44)
01-01 08:00:16.665 W/PackageManager( 2018): Not granting permission android.permission.INSTALL_PACKAGES to package com.newayte.nvideo.tv (protectionLevel=18 flags=0x88be44)
01-01 08:00:16.665 W/PackageManager( 2018): Unknown permission com.android.smspush.WAPPUSH_MANAGER_BIND in package com.android.phone
01-01 08:00:16.666 W/PackageManager( 2018): Not granting permission android.permission.MOUNT_UNMOUNT_FILESYSTEMS to package com.gitvdemo.video (protectionLevel=18 flags=0xd8be44)
01-01 08:00:16.666 W/PackageManager( 2018): Unknown permission android.permission.SET_PROCESS_FOREGROUND in package com.gitvdemo.video
01-01 08:00:16.666 W/PackageManager( 2018): Not granting permission android.permission.RECEIVE_BOOT_COMPLETED to package com.gitvdemo.video because it was previously installed without
01-01 08:00:16.666 W/PackageManager( 2018): Not granting permission android.permission.ACCESS_CACHE_FILESYSTEM to package com.gitvdemo.video (protectionLevel=18 flags=0xd8be44)
01-01 08:00:16.666 W/PackageManager( 2018): Not granting permission android.permission.INJECT_EVENTS to package com.gitvdemo.video (protectionLevel=2 flags=0xd8be44)
01-01 08:00:16.666 W/PackageManager( 2018): Not granting permission android.permission.READ_LOGS to package com.gitvdemo.video (protectionLevel=50 flags=0xd8be44)
01-01 08:00:16.666 W/PackageManager( 2018): Unknown permission android.permission.RUN_INSTRUMENTATION in package com.gitvdemo.video
01-01 08:00:16.666 W/PackageManager( 2018): Unknown permission android.permission.USE_SPECIAL_UDISK in package com.gitvdemo.video
01-01 08:00:16.666 W/PackageManager( 2018): Not granting permission android.permission.MASTER_CLEAR to package com.gitvdemo.video (protectionLevel=18 flags=0xd8be44)
01-01 08:00:16.666 W/PackageManager( 2018): Unknown permission android.permission.READ_MEDIA_STORAGE in package com.gitvdemo.video
01-01 08:00:16.666 W/PackageManager( 2018): Not granting permission android.permission.WRITE_MEDIA_STORAGE to package com.gitvdemo.video (protectionLevel=18 flags=0xd8be44)
01-01 08:00:16.666 W/PackageManager( 2018): Not granting permission android.permission.INSTALL_LOCATION_PROVIDER to package com.gitvdemo.video (protectionLevel=18 flags=0xd8be44)
01-01 08:00:16.666 W/PackageManager( 2018): Not granting permission android.permission.INSTALL_PACKAGES to package com.gitvdemo.video (protectionLevel=18 flags=0xd8be44)
01-01 08:00:16.666 W/PackageManager( 2018): Not granting permission android.permission.DELETE_PACKAGES to package com.gitvdemo.video (protectionLevel=18 flags=0xd8be44)
01-01 08:00:16.666 W/PackageManager( 2018): Unknown permission com.smit.icast.DVB_SERVICE_PERMISSION in package com.gitvdemo.video
01-01 08:00:16.666 W/PackageManager( 2018): Not granting permission android.permission.INTERACT_ACROSS_USERS_FULL to package com.gitvdemo.video (protectionLevel=2 flags=0xd8be44)
01-01 08:00:16.666 W/PackageManager( 2018): Unknown permission android.permission.READ_SETTINGS in package com.gitvdemo.video
01-01 08:00:16.666 W/PackageManager( 2018): Unknown permission com.android.launcher.permission.WRITE_SETTINGS in package com.suma.midware.setting
01-01 08:00:16.666 W/PackageManager( 2018): Unknown permission com.android.launcher.permission.READ_SETTINGS in package com.suma.midware.setting
01-01 08:00:16.666 W/PackageManager( 2018): Unknown permission android.permission.SYSTEM_OVERLAY_WINDOW in package com.hisilicon.android.pqsetting
01-01 08:00:16.799 I/ActivityManager( 2018): Start proc 2220:com.android.externalstorage/u0a3 for broadcast com.android.externalstorage/.MountReceiver
01-01 08:00:16.801 V/FingerprintService( 2018): startListening(android.service.fingerprint.IFingerprintServiceReceiver$Stub$Proxy@3d890bd0)
01-01 08:00:16.920 I/SystemServiceManager( 2018): Starting phase 600
01-01 08:00:16.926 I/BackupManagerService( 2018): Backup enabled => false
01-01 08:00:16.926 I/BackupManagerService( 2018): Opting out of backup
01-01 08:00:16.932 E/InputMethodManagerService( 2018): Ignoring setImeWindowStatus due to an invalid token. uid:1000 token:null
01-01 08:00:16.937 W/InputMethodManagerService( 2018): Skipping input method ComponentInfo{com.suma.midware.back/com.suma.midware.back.sanping.input.SoftInputService}: it does not require the permission android.permission.BIND_INPUT_METHOD
01-01 08:00:16.972 I/ActivityManager( 2018): Start proc 2329:com.amlogic.inputmethod.remote/u0a19 for service com.amlogic.inputmethod.remote/.RemoteIME
01-01 08:00:16.972 V/InputMethodManagerService( 2018): Adding window token: android.os.Binder@2f4f7dab
01-01 08:00:17.003 W/LocationManagerService( 2018): no network location provider found
01-01 08:00:17.006 E/LocationManagerService( 2018): no geocoder provider found
01-01 08:00:17.007 E/LocationManagerService( 2018): FLP HAL not supported
01-01 08:00:17.011 E/LocationManagerService( 2018): Unable to bind FLP Geofence proxy.
01-01 08:00:17.011 E/LocationManagerService( 2018): Hardware Activity-Recognition not supported.
01-01 08:00:17.021 I/MmsServiceBroker( 2018): Delay connecting to MmsService until an API is called
01-01 08:00:17.076 I/ActivityManager( 2018): Start proc 2389:com.suma.midware.back/1000 for added application com.suma.midware.back
01-01 08:00:17.121 I/ActivityManager( 2018): Start proc 2407:com.hisilicon.android.hiRMService/1000 for added application com.hisilicon.android.hiRMService
01-01 08:00:17.181 I/ActivityManager( 2018): Start proc 2432:com.suma.midware.dms/1000 for added application com.suma.midware.dms
01-01 08:00:17.271 I/ActivityManager( 2018): Start proc 2458:com.suma.midware.global/1000 for added application com.suma.midware.global
01-01 08:00:17.307 I/ActivityManager( 2018): Start proc 2477:com.android.phone/1001 for added application com.android.phone
01-01 08:00:17.308 I/ActivityManager( 2018): START u0 {act=android.intent.action.MAIN cat=[android.intent.category.HOME] flg=0x10000000 cmp=com.suma.midware.home/.third.Main3DActivity} from uid 0 on display 0
01-01 08:00:17.316 V/WindowManager( 2018): addAppToken: AppWindowToken{3206fee3 token=Token{213f9712 ActivityRecord{223dc69d u0 com.suma.midware.home/.third.Main3DActivity t136}}} to stack=0 task=136 at 0
01-01 08:00:17.338 I/ActivityManager( 2018): Start proc 2494:com.suma.midware.home/1000 for activity com.suma.midware.home/.third.Main3DActivity
01-01 08:00:17.340 I/SystemServer( 2018): NGB ClassLoader dalvik.system.PathClassLoader[DexPathList[[],nativeLibraryDirectories=[/vendor/lib, /system/lib]]], parent dalvik.system.PathClassLoader[DexPathList[[zip file "/system/framework/services.jar", zip file "/system/framework/ethernet-service.jar", zip file "/system/framework/wifi-service.jar"],nativeLibraryDirectories=[/vendor/lib, /system/lib]]]
01-01 08:00:17.340 E/SystemServer( 2018): Some exception in loading class com.android.server.NgbEventManagerService
01-01 08:00:17.341 E/SystemServer( 2018): Can not get NGB Event Manager Service
01-01 08:00:17.342 W/SystemServer( 2018): ***********************************************
01-01 08:00:17.343 F/SystemServer( 2018): BOOT FAILURE making NGB Event Manager Service ready
01-01 08:00:17.343 F/SystemServer( 2018): java.lang.ClassNotFoundException: com.android.server.NgbEventManagerService
01-01 08:00:17.343 F/SystemServer( 2018): 	at java.lang.Class.classForName(Native Method)
01-01 08:00:17.343 F/SystemServer( 2018): 	at java.lang.Class.forName(Class.java:309)
01-01 08:00:17.343 F/SystemServer( 2018): 	at java.lang.Class.forName(Class.java:273)
01-01 08:00:17.343 F/SystemServer( 2018): 	at com.android.server.SystemServer.run(SystemServer.java:304)
01-01 08:00:17.343 F/SystemServer( 2018): 	at com.android.server.SystemServer.main(SystemServer.java:178)
01-01 08:00:17.343 F/SystemServer( 2018): 	at java.lang.reflect.Method.invoke(Native Method)
01-01 08:00:17.343 F/SystemServer( 2018): 	at java.lang.reflect.Method.invoke(Method.java:372)
01-01 08:00:17.343 F/SystemServer( 2018): 	at com.android.internal.os.ZygoteInit$MethodAndArgsCaller.run(ZygoteInit.java:903)
01-01 08:00:17.343 F/SystemServer( 2018): 	at com.android.internal.os.ZygoteInit.main(ZygoteInit.java:698)
01-01 08:00:17.343 F/SystemServer( 2018): Caused by: java.lang.ClassNotFoundException: Didn't find class "com.android.server.NgbEventManagerService" on path: DexPathList[[zip file "/system/framework/services.jar", zip file "/system/framework/ethernet-service.jar", zip file "/system/framework/wifi-service.jar"],nativeLibraryDirectories=[/vendor/lib, /system/lib]]
01-01 08:00:17.343 F/SystemServer( 2018): 	at dalvik.system.BaseDexClassLoader.findClass(BaseDexClassLoader.java:56)
01-01 08:00:17.343 F/SystemServer( 2018): 	at java.lang.ClassLoader.loadClass(ClassLoader.java:511)
01-01 08:00:17.343 F/SystemServer( 2018): 	at java.lang.ClassLoader.loadClass(ClassLoader.java:469)
01-01 08:00:17.343 F/SystemServer( 2018): 	... 9 more
01-01 08:00:17.343 F/SystemServer( 2018): 	Suppressed: java.lang.ClassNotFoundException: Didn't find class "com.android.server.NgbEventManagerService" on path: DexPathList[[directory "."],nativeLibraryDirectories=[/vendor/lib, /system/lib]]
01-01 08:00:17.343 F/SystemServer( 2018): 		at dalvik.system.BaseDexClassLoader.findClass(BaseDexClassLoader.java:56)
01-01 08:00:17.343 F/SystemServer( 2018): 		at java.lang.ClassLoader.loadClass(ClassLoader.java:511)
01-01 08:00:17.343 F/SystemServer( 2018): 		at java.lang.ClassLoader.loadClass(ClassLoader.java:504)
01-01 08:00:17.343 F/SystemServer( 2018): 		... 10 more
01-01 08:00:17.343 F/SystemServer( 2018): 		Suppressed: java.lang.ClassNotFoundException: com.android.server.NgbEventManagerService
01-01 08:00:17.343 F/SystemServer( 2018): 			at java.lang.Class.classForName(Native Method)
01-01 08:00:17.343 F/SystemServer( 2018): 			at java.lang.BootClassLoader.findClass(ClassLoader.java:781)
01-01 08:00:17.343 F/SystemServer( 2018): 			at java.lang.BootClassLoader.loadClass(ClassLoader.java:841)
01-01 08:00:17.343 F/SystemServer( 2018): 			at java.lang.ClassLoader.loadClass(ClassLoader.java:504)
01-01 08:00:17.343 F/SystemServer( 2018): 			... 11 more
01-01 08:00:17.343 F/SystemServer( 2018): 		Caused by: java.lang.NoClassDefFoundError: Class not found using the boot class loader; no stack available
01-01 08:00:17.344 E/SystemServer( 2018): Some exception in loading class com.android.server.NgbInputEventService
01-01 08:00:17.357 E/SystemServer( 2018): Can not get NGB Input Event Service
01-01 08:00:17.357 I/SystemServer( 2018): [DCAS] CASEventManagerService
01-01 08:00:17.357 W/ActivityManager( 2018): Unable to start service Intent { cmp=com.android.printspooler/.model.PrintSpoolerService } U=0: not found
01-01 08:00:17.359 I/SystemServer( 2018): catch throw
01-01 08:00:17.360 I/SystemServer( 2018): Enabled StrictMode for system server main thread.
01-01 08:00:17.361 V/ActivityManager( 2018): Display changed displayId=0
01-01 08:00:17.381 V/ActivityManager( 2018): Display changed displayId=0
01-01 08:00:17.423 I/Telecom ( 2018): TelecomGlobals: TelecomGlobals initializing
01-01 08:00:17.429 E/ActivityThread( 2018): Failed to find provider info for call_log
01-01 08:00:17.475 I/Telecom ( 2018): TelecomGlobals: CallsManager initialized
01-01 08:00:17.476 W/ContextImpl( 2018): Calling a method in the system process without a qualified user: android.app.ContextImpl.startService:1710 android.content.ContextWrapper.startService:516 com.android.server.telecom.BluetoothPhoneService.start:440 com.android.server.telecom.TelecomGlobals.initialize:93 com.android.server.telecom.TelecomService.onCreate:164 
01-01 08:00:17.477 V/CameraObserver( 2018): Intent.ACTION_CAMERA_PLUG: state: 0:name:video0
01-01 08:00:17.478 W/ContextImpl( 2018): Calling a method in the system process without a qualified user: android.app.ContextImpl.sendBroadcast:1345 com.android.server.CameraObserver.sendIntent:116 com.android.server.CameraObserver.access$000:37 com.android.server.CameraObserver$1.handleMessage:122 android.os.Handler.dispatchMessage:102 
01-01 08:00:17.479 D/ZenLog  ( 2018): downtime: Autotrigger skipped: not in downtime
01-01 08:00:17.483 W/ResourcesManager( 2018): Asset path '/system/framework/com.android.location.provider.jar' does not exist or contains no resources.
01-01 08:00:17.488 V/WiredAccessoryManager( 2018): init()
01-01 08:00:17.489 V/WiredAccessoryManager( 2018): newName=hdmi newState=16 headsetState=16 prev headsetState=0
01-01 08:00:17.494 W/AppWidgetServiceImpl( 2018): Failed to read state: java.io.FileNotFoundException: /data/system/users/0/appwidgets.xml: open failed: ENOENT (No such file or directory)
01-01 08:00:17.495 V/AppWidgetServiceImpl( 2018): Upgrading widget database from 0 to 1
01-01 08:00:17.506 V/BackupManagerService( 2018): Connected to transport ComponentInfo{android/com.android.internal.backup.LocalTransportService}
01-01 08:00:17.506 V/BackupManagerService( 2018): Registering transport android/com.android.internal.backup.LocalTransportService::android/com.android.internal.backup.LocalTransport = android.app.backup.BackupTransport$TransportImpl@1b6ba5d2
01-01 08:00:17.517 V/ActivityManager( 2018): Display changed displayId=0
01-01 08:00:17.520 V/WiredAccessoryManager( 2018): device hdmi connected
01-01 08:00:17.561 W/ContextImpl( 2432): Calling a method in the system process without a qualified user: android.app.ContextImpl.bindService:1774 android.content.ContextWrapper.bindService:539 com.suma.midware.prop.i.b:-1 com.suma.midware.prop.i.a:-1 com.suma.midware.prop.BaseClientApplication.onCreate:-1 
01-01 08:00:17.596 W/ContextImpl( 2458): Calling a method in the system process without a qualified user: android.app.ContextImpl.bindService:1774 android.content.ContextWrapper.bindService:539 com.suma.midware.prop.i.b:-1 com.suma.midware.prop.i.a:-1 com.suma.midware.global.GlobalApplication.onCreate:-1 
01-01 08:00:17.641 W/ContextImpl( 2494): Calling a method in the system process without a qualified user: android.app.ContextImpl.bindService:1774 android.content.ContextWrapper.bindService:539 com.suma.midware.prop.i.b:-1 com.suma.midware.prop.i.a:-1 com.suma.midware.home.HomeApplication.onCreate:-1 
01-01 08:00:17.727 E/ConnectivityService( 2018): Failed to find Messenger in unregisterNetworkFactory
01-01 08:00:17.728 D/ConnectivityService( 2018): Got NetworkFactory Messenger for Telephony
01-01 08:00:17.746 E/ActivityThread( 2477): Failed to find provider info for com.android.contacts
01-01 08:00:17.848 I/StatusBarManagerService( 2018): registerStatusBar bar=com.android.internal.statusbar.IStatusBar$Stub$Proxy@392f2642
01-01 08:00:18.110 I/ActivityManager( 2018): Start proc 2553:com.sumavision.android.media.v/u0a22 for broadcast com.sumavision.android.media.v/com.sumavision.android.media.c.MediaAppProReceiver
01-01 08:00:18.201 D/WifiService( 2018): New client listening to asynchronous messages
01-01 08:00:18.225 D/ConnectivityService( 2018): listenForNetwork for NetworkRequest [ id=2, legacyType=-1, [] ]
01-01 08:00:18.263 E/ActivityThread( 2162): Failed to find provider info for com.android.contacts
01-01 08:00:18.748 D/WifiService( 2018): New client listening to asynchronous messages
01-01 08:00:19.850 D/ConnectivityService( 2018): Got NetworkFactory Messenger for WIFI
01-01 08:00:19.850 D/ConnectivityService( 2018): Got NetworkFactory Messenger for WIFI_UT
01-01 08:00:22.584 W/ContextImpl( 2389): Calling a method in the system process without a qualified user: android.app.ContextImpl.startService:1710 android.content.ContextWrapper.startService:516 com.suma.midware.back.boot.ServiceBoot.b:-1 com.suma.midware.back.BackService.onCreate:-1 android.app.ActivityThread.handleCreateService:2761 
01-01 08:00:22.586 W/ContextImpl( 2389): Calling a method in the system process without a qualified user: android.app.ContextImpl.startService:1710 android.content.ContextWrapper.startService:516 com.suma.midware.back.boot.ServiceBoot.b:-1 com.suma.midware.back.BackService.onCreate:-1 android.app.ActivityThread.handleCreateService:2761 
01-01 08:00:22.593 W/ContextImpl( 2389): Calling a method in the system process without a qualified user: android.app.ContextImpl.startService:1710 android.content.ContextWrapper.startService:516 com.suma.midware.back.boot.neimeng.BackBootDealerNeimeng.a:-1 com.suma.midware.back.boot.ServiceBoot.b:-1 com.suma.midware.back.BackService.onCreate:-1 
01-01 08:00:22.609 D/WifiService( 2018): New client listening to asynchronous messages
01-01 08:00:25.948 W/ContextImpl( 2494): Calling a method in the system process without a qualified user: android.app.ContextImpl.sendBroadcast:1345 android.content.ContextWrapper.sendBroadcast:377 com.suma.midware.view.ext.BluetoothUpdate.b:-1 com.suma.midware.home.third.Main3DActivity.onResume:-1 android.app.Instrumentation.callActivityOnResume:1257 
01-01 08:00:25.963 D/WifiService( 2018): New client listening to asynchronous messages
01-01 08:00:25.968 W/ContextImpl( 2494): Calling a method in the system process without a qualified user: android.app.ContextImpl.sendBroadcast:1345 android.content.ContextWrapper.sendBroadcast:377 android.app.ActivityThread.performResumeActivity:2982 android.app.ActivityThread.handleResumeActivity:3023 android.app.ActivityThread.handleLaunchActivity:2392 
01-01 08:00:25.981 V/WindowManager( 2018): Based on layer: Adding window Window{19618c0b u0 com.suma.midware.home/com.suma.midware.home.third.Main3DActivity} at 1 of 6
01-01 08:00:26.017 V/WindowManager( 2018): Adding window Window{20132501 u0 SurfaceView} at 1 of 7 (before Window{19618c0b u0 com.suma.midware.home/com.suma.midware.home.third.Main3DActivity})
01-01 08:00:26.022 V/WindowManager( 2018): Adding window Window{2c9adde7 u0 SurfaceView} at 2 of 8 (before Window{19618c0b u0 com.suma.midware.home/com.suma.midware.home.third.Main3DActivity})
01-01 08:00:26.057 W/KeyguardServiceDelegate( 2018): onScreenTurnedOn(): no keyguard service!
01-01 08:00:26.096 I/ActivityManager( 2018): Start proc 2658:com.gitvdemo.video/u0a23 for broadcast com.gitvdemo.video/com.push.pushservice.receiver.PushServiceReceiver
01-01 08:00:26.113 W/ResourcesManager( 2658): Asset path '/system/framework/android.test.runner.jar' does not exist or contains no resources.
01-01 08:00:26.305 I/SystemServiceManager( 2018): Starting phase 1000
01-01 08:00:26.350 W/ActivityManager( 2018): getRunningAppProcesses: caller 10023 does not hold REAL_GET_TASKS; limiting output
01-01 08:00:26.545 D/WifiService( 2018): New client listening to asynchronous messages
01-01 08:00:26.590 W/ActivityManager( 2018): getRunningAppProcesses: caller 10023 does not hold REAL_GET_TASKS; limiting output
01-01 08:00:26.627 W/ContextImpl( 2494): Calling a method in the system process without a qualified user: android.app.ContextImpl.sendBroadcast:1345 android.content.ContextWrapper.sendBroadcast:377 com.suma.midware.home.third.Main3DActivity.a:-1 com.suma.midware.home.third.h.a:-1 com.sumavision.engine.core.base.c.onDrawFrame:-1 
01-01 08:00:26.827 I/ActivityManager( 2018): Start proc 2723:.pushdaemonservice/u0a23 for service com.gitvdemo.video/com.push.pushservice.api.PushService
01-01 08:00:26.831 W/BroadcastQueue( 2018): Permission Denial: receiving Intent { act=android.intent.action.BOOT_COMPLETED flg=0x8000010 (has extras) } to ProcessRecord{3f6489e2 2162:com.android.systemui/u0a7} (pid=2162, uid=10007) requires android.permission.RECEIVE_BOOT_COMPLETED due to sender null (uid 1000)
01-01 08:00:26.831 W/BroadcastQueue( 2018): Permission Denial: receiving Intent { act=android.intent.action.BOOT_COMPLETED flg=0x8000010 (has extras) } to ProcessRecord{3f6489e2 2162:com.android.systemui/u0a7} (pid=2162, uid=10007) requires android.permission.RECEIVE_BOOT_COMPLETED due to sender null (uid 1000)
01-01 08:00:26.834 W/BroadcastQueue( 2018): Permission Denial: receiving Intent { act=android.intent.action.BOOT_COMPLETED flg=0x8000010 (has extras) } to com.android.systemui/.BootReceiver requires android.permission.RECEIVE_BOOT_COMPLETED due to sender null (uid 1000)
01-01 08:00:26.835 W/BroadcastQueue( 2018): Permission Denial: receiving Intent { act=android.intent.action.BOOT_COMPLETED flg=0x8000010 (has extras) } to com.android.phone/.OtaStartupReceiver requires android.permission.RECEIVE_BOOT_COMPLETED due to sender null (uid 1000)
01-01 08:00:26.836 W/BroadcastQueue( 2018): Permission Denial: receiving Intent { act=android.intent.action.BOOT_COMPLETED flg=0x8000010 (has extras) } to com.gitvdemo.video/com.gala.video.app.epg.multiscreen.MultiScreenReceiver requires android.permission.RECEIVE_BOOT_COMPLETED due to sender null (uid 1000)
01-01 08:00:26.837 W/BroadcastQueue( 2018): Permission Denial: receiving Intent { act=android.intent.action.BOOT_COMPLETED flg=0x8000010 (has extras) } to com.newayte.nvideo.tv/com.newayte.nvideo.BootCompletedReceiver requires android.permission.RECEIVE_BOOT_COMPLETED due to sender null (uid 1000)
01-01 08:00:26.837 W/BroadcastQueue( 2018): Permission Denial: receiving Intent { act=android.intent.action.BOOT_COMPLETED flg=0x8000010 (has extras) } to com.android.providers.downloads/.DownloadReceiver requires android.permission.RECEIVE_BOOT_COMPLETED due to sender null (uid 1000)
01-01 08:00:26.837 W/BroadcastQueue( 2018): Permission Denial: receiving Intent { act=android.intent.action.BOOT_COMPLETED flg=0x8000010 (has extras) } to com.android.managedprovisioning/.BootReminder requires android.permission.RECEIVE_BOOT_COMPLETED due to sender null (uid 1000)
01-01 08:00:26.837 W/BroadcastQueue( 2018): Permission Denial: receiving Intent { act=android.intent.action.BOOT_COMPLETED flg=0x8000010 (has extras) } to com.android.providers.media/.MediaScannerReceiver requires android.permission.RECEIVE_BOOT_COMPLETED due to sender null (uid 1000)
01-01 08:00:26.837 W/BroadcastQueue( 2018): Permission Denial: receiving Intent { act=android.intent.action.BOOT_COMPLETED flg=0x8000010 (has extras) } to com.android.providers.media/.MtpReceiver requires android.permission.RECEIVE_BOOT_COMPLETED due to sender null (uid 1000)
01-01 08:00:26.840 W/ContextImpl( 2407): Calling a method in the system process without a qualified user: android.app.ContextImpl.startService:1710 android.content.ContextWrapper.startService:516 android.content.ContextWrapper.startService:516 com.hisilicon.android.hiRMService.HiRMBroadcastReceiver.onReceive:21 android.app.ActivityThread.handleReceiver:2609 
01-01 08:00:26.865 I/BootReceiver( 2018): Copying audit failures to DropBox
01-01 08:00:26.865 I/BootReceiver( 2018): Checking for fsck errors
01-01 08:00:26.871 D/WifiService( 2018): New client listening to asynchronous messages
01-01 08:00:26.904 I/ActivityManager( 2018): Start proc 2750:com.android.keychain/1000 for service com.android.keychain/.KeyChainService
01-01 08:00:26.924 W/ResourcesManager( 2723): Asset path '/system/framework/android.test.runner.jar' does not exist or contains no resources.
01-01 08:00:26.958 W/BroadcastQueue( 2018): Permission Denial: receiving Intent { act=android.intent.action.BOOT_COMPLETED flg=0x8000010 (has extras) } to com.huan.appstore/.receiver.DeviceBootReceiver requires android.permission.RECEIVE_BOOT_COMPLETED due to sender null (uid 1000)
01-01 08:00:27.003 I/ActivityManager( 2018): Start proc 2774:com.sumavision.admindm/1000 for broadcast com.sumavision.admindm/.StartSessionBroadcastReceiver
01-01 08:00:27.023 W/ActivityManager( 2018): getRunningAppProcesses: caller 10023 does not hold REAL_GET_TASKS; limiting output
01-01 08:00:27.074 W/ContextImpl( 2774): Calling a method in the system process without a qualified user: android.app.ContextImpl.startService:1710 android.content.ContextWrapper.startService:516 android.content.ContextWrapper.startService:516 com.sumavision.admindm.StartSessionBroadcastReceiver.onReceive:-1 android.app.ActivityThread.handleReceiver:2609 
01-01 08:00:27.078 W/ContextImpl( 2432): Calling a method in the system process without a qualified user: android.app.ContextImpl.startService:1710 android.content.ContextWrapper.startService:516 android.content.ContextWrapper.startService:516 com.suma.midware.dms.util.DmsUtil.a:-1 com.suma.midware.dms.util.DmsUtil.a:-1 
01-01 08:00:27.116 W/ActivityManager( 2018): getRunningAppProcesses: caller 10023 does not hold REAL_GET_TASKS; limiting output
01-01 08:00:27.140 W/ActivityManager( 2018): getRunningAppProcesses: caller 10023 does not hold REAL_GET_TASKS; limiting output
01-01 08:00:27.141 W/AlarmManager( 2018): Suspiciously short interval 5000 millis; expanding to 60 seconds
01-01 08:00:27.145 W/ContextImpl( 2458): Calling a method in the system process without a qualified user: android.app.ContextImpl.startService:1710 android.content.ContextWrapper.startService:516 com.suma.midware.global.receiver.BootReceiver.onReceive:-1 android.app.ActivityThread.handleReceiver:2609 android.app.ActivityThread.access$1700:151 
01-01 08:00:27.147 W/AlarmManager( 2018): Suspiciously short interval 10000 millis; expanding to 60 seconds
01-01 08:00:27.153 W/ContextImpl( 2389): Calling a method in the system process without a qualified user: android.app.ContextImpl.startService:1710 android.content.ContextWrapper.startService:516 android.content.ContextWrapper.startService:516 com.suma.midware.back.BackReceiver.onReceive:-1 android.app.ActivityThread.handleReceiver:2609 
01-01 08:00:27.179 I/ActivityManager( 2018): Start proc 2804:com.suma.midware.setting/1000 for broadcast com.suma.midware.setting/.BootReceiver
01-01 08:00:27.184 W/AlarmManager( 2018): Suspiciously short interval 5000 millis; expanding to 60 seconds
01-01 08:00:27.194 W/ContextImpl( 2774): Calling a method in the system process without a qualified user: android.app.ContextImpl.bindService:1774 android.content.ContextWrapper.bindService:539 com.suma.midware.prop.i.c:-1 com.suma.midware.prop.i.a:-1 com.sumavision.b.a.<init>:-1 
01-01 08:00:27.343 W/ContextImpl( 2804): Calling a method in the system process without a qualified user: android.app.ContextImpl.bindService:1774 android.content.ContextWrapper.bindService:539 com.suma.midware.prop.i.b:-1 com.suma.midware.prop.i.a:-1 com.suma.midware.setting.SetApplication.onCreate:-1 
01-01 08:00:27.353 W/ContextImpl( 2804): Calling a method in the system process without a qualified user: android.app.ContextImpl.startService:1710 android.content.ContextWrapper.startService:516 android.content.ContextWrapper.startService:516 com.suma.midware.setting.BootReceiver.onReceive:-1 android.app.ActivityThread.handleReceiver:2609 
01-01 08:00:27.355 W/AlarmManager( 2018): Suspiciously short interval 10000 millis; expanding to 60 seconds
01-01 08:00:27.355 W/BroadcastQueue( 2018): Permission Denial: receiving Intent { act=android.intent.action.BOOT_COMPLETED flg=0x8000010 (has extras) } to com.gitvdemo.video/com.push.pushservice.receiver.PushServiceReceiver requires android.permission.RECEIVE_BOOT_COMPLETED due to sender null (uid 1000)
01-01 08:00:27.356 W/BroadcastQueue( 2018): Permission Denial: receiving Intent { act=android.intent.action.BOOT_COMPLETED flg=0x8000010 (has extras) } to com.starcor.mango/com.starcor.receiver.BootStartReceiver requires android.permission.RECEIVE_BOOT_COMPLETED due to sender null (uid 1000)
01-01 08:00:27.356 W/BroadcastQueue( 2018): Permission Denial: receiving Intent { act=android.intent.action.BOOT_COMPLETED flg=0x8000010 (has extras) } to com.ktcp.video/.receiver.CHRestoreBroadcastReceiver requires android.permission.RECEIVE_BOOT_COMPLETED due to sender null (uid 1000)
01-01 08:00:27.356 W/BroadcastQueue( 2018): Permission Denial: receiving Intent { act=android.intent.action.BOOT_COMPLETED flg=0x8000010 (has extras) } to com.ktcp.video/com.ktcp.msg.lib.BootCompletedReceiver requires android.permission.RECEIVE_BOOT_COMPLETED due to sender null (uid 1000)
01-01 08:00:27.356 W/BroadcastQueue( 2018): Permission Denial: receiving Intent { act=android.intent.action.BOOT_COMPLETED flg=0x8000010 (has extras) } to com.ktcp.video/com.tencent.oma.push.BootstrapReceiver requires android.permission.RECEIVE_BOOT_COMPLETED due to sender null (uid 1000)
01-01 08:00:27.356 W/BroadcastQueue( 2018): Permission Denial: receiving Intent { act=android.intent.action.BOOT_COMPLETED flg=0x8000010 (has extras) } to com.ktcp.video/.receiver.BootstrapProjectionReceiver requires android.permission.RECEIVE_BOOT_COMPLETED due to sender null (uid 1000)
01-01 08:00:27.356 W/BroadcastQueue( 2018): Permission Denial: receiving Intent { act=android.intent.action.BOOT_COMPLETED flg=0x8000010 (has extras) } to com.ktcp.video/com.tencent.qqlivetv.android.recommendation.RecommendReceiver requires android.permission.RECEIVE_BOOT_COMPLETED due to sender null (uid 1000)
01-01 08:00:27.378 D/WifiService( 2018): New client listening to asynchronous messages
01-01 08:00:31.408 I/ActivityManager( 2018): START u0 {act= cmp=com.ipanel.android_webview.shell/com.ipanel.webapp.BrowserActivity (has extras)} from uid 1000 on display 0
01-01 08:00:31.411 V/WindowManager( 2018): addAppToken: AppWindowToken{2363efd9 token=Token{1e27a20 ActivityRecord{220d3523 u0 com.ipanel.android_webview.shell/com.ipanel.webapp.BrowserActivity t137}}} to stack=1 task=137 at 0
01-01 08:00:31.417 V/WindowManager( 2018): Adding window Window{2268c5aa u0 Starting com.ipanel.android_webview.shell} at 4 of 9 (after Window{19618c0b u0 com.suma.midware.home/com.suma.midware.home.third.Main3DActivity})
01-01 08:00:31.449 W/ContextImpl( 2494): Calling a method in the system process without a qualified user: android.app.ContextImpl.sendBroadcast:1345 android.content.ContextWrapper.sendBroadcast:377 android.app.ActivityThread.performPauseActivity:3259 android.app.ActivityThread.performPauseActivity:3225 android.app.ActivityThread.handlePauseActivity:3200 
01-01 08:00:31.481 I/ActivityManager( 2018): Start proc 2869:com.ipanel.android_webview.shell/u0a26 for activity com.ipanel.android_webview.shell/com.ipanel.webapp.BrowserActivity
01-01 08:00:31.647 D/ConnectivityService( 2018): registerNetworkAgent NetworkAgentInfo{ ni{[type: WIFI[], state: CONNECTING/CONNECTING, reason: (unspecified), extra: "Xiaomi_D52C", roaming: false, failover: false, isAvailable: true, isConnectedToProvisioningNetwork: false]}  network{null}  lp{{LinkAddresses: []  Routes: [] DnsAddresses: [] Domains: null MTU: 0 TcpBufferSizes: 524288,1048576,2097152,262144,524288,1048576}}  nc{[ Transports: WIFI Capabilities: INTERNET&NOT_RESTRICTED&TRUSTED&NOT_VPN LinkUpBandwidth>=1048576Kbps LinkDnBandwidth>=1048576Kbps]}  Score{20}  everValidated{false}  lastValidated{false}  created{false}  explicitlySelected{false} }
01-01 08:00:31.647 D/ConnectivityService( 2018): NetworkAgentInfo [WIFI () - 100] EVENT_NETWORK_INFO_CHANGED, going from null to CONNECTING
01-01 08:00:31.660 D/ConnectivityService( 2018): updateNetworkScore for NetworkAgentInfo [WIFI () - 100] to 60
01-01 08:00:31.905 V/WindowManager( 2018): Adding window Window{26ef20ba u0 com.ipanel.android_webview.shell/com.ipanel.webapp.BrowserActivity} at 4 of 10 (before Window{2268c5aa u0 Starting com.ipanel.android_webview.shell})
01-01 08:00:31.928 D/ConnectivityService( 2018): listenForNetwork for NetworkRequest [ id=3, legacyType=-1, [ Capabilities: INTERNET&NOT_RESTRICTED&TRUSTED] ]
01-01 08:00:31.928 D/ConnectivityService( 2018): handleRegisterNetworkRequest checking NetworkAgentInfo [WIFI () - 100]
01-01 08:00:32.086 V/WindowManager( 2018): Adding window Window{28d3b347 u0 SurfaceView} at 4 of 11 (before Window{26ef20ba u0 com.ipanel.android_webview.shell/com.ipanel.webapp.BrowserActivity})
01-01 08:00:32.153 V/WindowManager( 2018): Adding window Window{2d77549d u0 SurfaceView} at 5 of 12 (before Window{26ef20ba u0 com.ipanel.android_webview.shell/com.ipanel.webapp.BrowserActivity})
01-01 08:00:32.202 W/ViewRootImpl( 2869): Cancelling event due to no window focus: KeyEvent { action=ACTION_UP, keyCode=KEYCODE_DPAD_CENTER, scanCode=28, metaState=0, flags=0x80000028, repeatCount=0, eventTime=34925, downTime=34716, deviceId=3, source=0x701 }
01-01 08:00:32.202 W/ViewRootImpl( 2869): Cancelling event due to no window focus: KeyEvent { action=ACTION_UP, keyCode=KEYCODE_DPAD_CENTER, scanCode=28, metaState=0, flags=0x80000028, repeatCount=0, eventTime=34925, downTime=34716, deviceId=3, source=0x701 }
01-01 08:00:32.202 W/ViewRootImpl( 2869): Cancelling event due to no window focus: KeyEvent { action=ACTION_UP, keyCode=KEYCODE_DPAD_CENTER, scanCode=28, metaState=0, flags=0x80000028, repeatCount=0, eventTime=34925, downTime=34716, deviceId=3, source=0x701 }
01-01 08:00:32.203 W/ViewRootImpl( 2869): Cancelling event due to no window focus: KeyEvent { action=ACTION_UP, keyCode=KEYCODE_DPAD_CENTER, scanCode=28, metaState=0, flags=0x80000028, repeatCount=0, eventTime=34925, downTime=34716, deviceId=3, source=0x701 }
01-01 08:00:32.203 W/ViewRootImpl( 2869): Cancelling event due to no window focus: KeyEvent { action=ACTION_UP, keyCode=KEYCODE_DPAD_CENTER, scanCode=28, metaState=0, flags=0x80000028, repeatCount=0, eventTime=34925, downTime=34716, deviceId=3, source=0x701 }
01-01 08:00:32.203 W/ViewRootImpl( 2869): Cancelling event due to no window focus: KeyEvent { action=ACTION_UP, keyCode=KEYCODE_DPAD_CENTER, scanCode=28, metaState=0, flags=0x80000028, repeatCount=0, eventTime=34925, downTime=34716, deviceId=3, source=0x701 }
01-01 08:00:32.205 W/ViewRootImpl( 2869): Cancelling event due to no window focus: KeyEvent { action=ACTION_UP, keyCode=KEYCODE_DPAD_CENTER, scanCode=28, metaState=0, flags=0x80000028, repeatCount=0, eventTime=34925, downTime=34716, deviceId=3, source=0x701 }
01-01 08:00:32.205 W/ViewRootImpl( 2869): Cancelling event due to no window focus: KeyEvent { action=ACTION_UP, keyCode=KEYCODE_DPAD_CENTER, scanCode=28, metaState=0, flags=0x80000028, repeatCount=0, eventTime=34925, downTime=34716, deviceId=3, source=0x701 }
01-01 08:00:32.205 W/ViewRootImpl( 2869): Cancelling event due to no window focus: KeyEvent { action=ACTION_UP, keyCode=KEYCODE_DPAD_CENTER, scanCode=28, metaState=0, flags=0x80000028, repeatCount=0, eventTime=34925, downTime=34716, deviceId=3, source=0x701 }
01-01 08:00:33.286 I/ActivityManager( 2018): Start proc 3008:com.gitvdemo.video:hcdn/u0a23 for service com.gitvdemo.video/com.gala.cubedaemon.services.HcdnService
01-01 08:00:33.308 W/ResourcesManager( 3008): Asset path '/system/framework/android.test.runner.jar' does not exist or contains no resources.
01-01 08:00:33.343 W/ActivityManager( 2018): getRunningAppProcesses: caller 10023 does not hold REAL_GET_TASKS; limiting output
01-01 08:00:33.393 I/ActivityManager( 2018): Start proc 3039:com.gitvdemo.video:daemon/u0a23 for service com.gitvdemo.video/com.gala.cubedaemon.services.DaemonService
01-01 08:00:33.411 W/ResourcesManager( 3039): Asset path '/system/framework/android.test.runner.jar' does not exist or contains no resources.
01-01 08:00:33.449 W/ActivityManager( 2018): getRunningAppProcesses: caller 10023 does not hold REAL_GET_TASKS; limiting output
01-01 08:00:33.482 W/ResourcesManager( 2018): Asset path '/system/framework/android.test.runner.jar' does not exist or contains no resources.
01-01 08:00:33.501 W/ResourcesManager( 2162): Asset path '/system/framework/android.test.runner.jar' does not exist or contains no resources.
01-01 08:00:34.917 D/TaskPersister( 2018): removeObsoleteFile: deleting file=134_task.xml
01-01 08:00:34.918 D/TaskPersister( 2018): removeObsoleteFile: deleting file=134_task_thumbnail.png
01-01 08:00:35.668 I/ActivityManager( 2018): START u0 {act=android.intent.action.MAIN cat=[android.intent.category.HOME] flg=0x10200000 cmp=com.suma.midware.home/.third.Main3DActivity} from uid 1000 on display 0
01-01 08:00:35.691 I/ActivityManager( 2018): Force stopping com.android.browser appid=10010 user=0: from pid 2389
01-01 08:00:35.694 I/ActivityManager( 2018): Process com.sumavision.android.media.v (pid 2553) has died
01-01 08:00:35.717 W/ContextImpl( 2494): Calling a method in the system process without a qualified user: android.app.ContextImpl.sendBroadcast:1345 android.content.ContextWrapper.sendBroadcast:377 com.suma.midware.view.ext.BluetoothUpdate.b:-1 com.suma.midware.home.third.Main3DActivity.onResume:-1 android.app.Instrumentation.callActivityOnResume:1257 
01-01 08:00:35.721 W/ContextImpl( 2494): Calling a method in the system process without a qualified user: android.app.ContextImpl.sendBroadcast:1345 android.content.ContextWrapper.sendBroadcast:377 android.app.ActivityThread.performResumeActivity:2982 android.app.ActivityThread.handleResumeActivity:3023 android.app.ActivityThread$H.handleMessage:1347 
01-01 08:00:36.086 D/ConnectivityService( 2018): NetworkAgentInfo [WIFI () - 100] EVENT_NETWORK_INFO_CHANGED, going from CONNECTING to CONNECTED
01-01 08:00:36.087 D/ConnectivityService( 2018): Adding iface wlan0 to network 100
01-01 08:00:36.152 E/ConnectivityService( 2018): Unexpected mtu value: 0, wlan0
01-01 08:00:36.152 D/ConnectivityService( 2018): Adding Route [fe80::/64 -> :: wlan0] to network 100
01-01 08:00:36.153 D/ConnectivityService( 2018): Adding Route [192.168.31.0/24 -> 0.0.0.0 wlan0] to network 100
01-01 08:00:36.154 D/ConnectivityService( 2018): Adding Route [0.0.0.0/0 -> 192.168.31.1 wlan0] to network 100
01-01 08:00:36.156 D/ConnectivityService( 2018): Setting Dns servers for network 100 to [/192.168.31.1]
01-01 08:00:36.164 D/ConnectivityService( 2018): notifyType IP_CHANGED for NetworkAgentInfo [WIFI () - 100]
01-01 08:00:36.168 D/ConnectivityService( 2018): notifyType PRECHECK for NetworkAgentInfo [WIFI () - 100]
01-01 08:00:36.168 D/ConnectivityService( 2018): rematching NetworkAgentInfo [WIFI () - 100]
01-01 08:00:36.168 D/ConnectivityService( 2018):    accepting network in place of null
01-01 08:00:36.170 D/ConnectivityService( 2018): Switching to new default network: NetworkAgentInfo{ ni{[type: WIFI[], state: CONNECTED/CONNECTED, reason: (unspecified), extra: "Xiaomi_D52C", roaming: false, failover: false, isAvailable: true, isConnectedToProvisioningNetwork: false]}  network{100}  lp{{InterfaceName: wlan0 LinkAddresses: [fe80::1e1e:e3ff:fecb:e506/64,192.168.31.49/24,]  Routes: [fe80::/64 -> :: wlan0,192.168.31.0/24 -> 0.0.0.0 wlan0,0.0.0.0/0 -> 192.168.31.1 wlan0,] DnsAddresses: [192.168.31.1,] Domains:  MTU: 0 TcpBufferSizes: 524288,1048576,2097152,262144,524288,1048576}}  nc{[ Transports: WIFI Capabilities: INTERNET&NOT_RESTRICTED&TRUSTED&NOT_VPN LinkUpBandwidth>=1048576Kbps LinkDnBandwidth>=1048576Kbps]}  Score{20}  everValidated{false}  lastValidated{false}  created{true}  explicitlySelected{false} }
01-01 08:00:36.172 D/ConnectivityService( 2018): Setting tx/rx TCP buffers to 524288,1048576,2097152,262144,524288,1048576
01-01 08:00:36.175 D/ConnectivityService( 2018): notifyType AVAILABLE for NetworkAgentInfo [WIFI () - 100]
01-01 08:00:36.176 D/CSLegacyTypeTracker( 2018): Sending connected broadcast for type 1 NetworkAgentInfo [WIFI () - 100] isDefaultNetwork=true
01-01 08:00:36.176 D/ConnectivityService( 2018): sendStickyBroadcast: action=android.net.conn.CONNECTIVITY_CHANGE_IMMEDIATE
01-01 08:00:36.177 D/ConnectivityService( 2018): sendStickyBroadcast: action=android.net.conn.CONNECTIVITY_CHANGE
01-01 08:00:36.181 D/ConnectivityService( 2018): setProvNotificationVisibleIntent: E visible=false networkType=0 extraInfo=null
01-01 08:00:36.181 D/ConnectivityService( 2018): Validated NetworkAgentInfo [WIFI () - 100]
01-01 08:00:36.181 D/ConnectivityService( 2018): rematching NetworkAgentInfo [WIFI () - 100]
01-01 08:00:36.181 D/ConnectivityService( 2018): Network NetworkAgentInfo [WIFI () - 100] was already satisfying request 1. No change.
01-01 08:00:36.181 D/ConnectivityService( 2018): notifyType AVAILABLE for NetworkAgentInfo [WIFI () - 100]
01-01 08:00:36.185 D/ConnectivityService( 2018): sendStickyBroadcast: action=android.net.conn.INET_CONDITION_ACTION
01-01 08:00:36.243 I/ActivityManager( 2018): Start proc 3180:com.starcor.mango/u0a24 for broadcast com.starcor.mango/com.starcor.receiver.NetworkConnectionReceiver
01-01 08:00:36.261 W/ResourcesManager( 3180): Asset path '/system/framework/android.test.runner.jar' does not exist or contains no resources.
01-01 08:00:37.263 D/WifiService( 2018): New client listening to asynchronous messages
01-01 08:00:40.789 I/ActivityManager( 2018): START u0 {act= cmp=com.suma.midware.setting/.main.SystemMainActivity} from uid 1000 on display 0
01-01 08:00:40.795 V/WindowManager( 2018): addAppToken: AppWindowToken{10917f07 token=Token{23893146 ActivityRecord{21695921 u0 com.suma.midware.setting/.main.SystemMainActivity t138}}} to stack=1 task=138 at 0
01-01 08:00:40.809 W/ContextImpl( 2494): Calling a method in the system process without a qualified user: android.app.ContextImpl.sendBroadcast:1345 android.content.ContextWrapper.sendBroadcast:377 android.app.ActivityThread.performPauseActivity:3259 android.app.ActivityThread.performPauseActivity:3225 android.app.ActivityThread.handlePauseActivity:3200 
01-01 08:00:40.892 V/WindowManager( 2018): Adding window Window{3f9147ff u0 Starting com.suma.midware.setting} at 7 of 12 (after Window{26ef20ba u0 com.ipanel.android_webview.shell/com.ipanel.webapp.BrowserActivity})
01-01 08:00:40.949 W/ContextImpl( 2804): Calling a method in the system process without a qualified user: android.app.ContextImpl.sendBroadcast:1345 android.content.ContextWrapper.sendBroadcast:377 android.app.ActivityThread.performResumeActivity:2982 android.app.ActivityThread.handleResumeActivity:3023 android.app.ActivityThread.handleLaunchActivity:2392 
01-01 08:00:40.967 V/WindowManager( 2018): Adding window Window{23a677f6 u0 com.suma.midware.setting/com.suma.midware.setting.main.SystemMainActivity} at 7 of 13 (before Window{3f9147ff u0 Starting com.suma.midware.setting})
01-01 08:00:41.003 W/ViewRootImpl( 2804): Cancelling event due to no window focus: KeyEvent { action=ACTION_UP, keyCode=KEYCODE_DPAD_CENTER, scanCode=28, metaState=0, flags=0x80000028, repeatCount=0, eventTime=44306, downTime=44097, deviceId=3, source=0x701 }
01-01 08:00:41.003 W/ViewRootImpl( 2804): Cancelling event due to no window focus: KeyEvent { action=ACTION_UP, keyCode=KEYCODE_DPAD_CENTER, scanCode=28, metaState=0, flags=0x80000028, repeatCount=0, eventTime=44306, downTime=44097, deviceId=3, source=0x701 }
01-01 08:00:41.003 W/ViewRootImpl( 2804): Cancelling event due to no window focus: KeyEvent { action=ACTION_UP, keyCode=KEYCODE_DPAD_CENTER, scanCode=28, metaState=0, flags=0x80000028, repeatCount=0, eventTime=44306, downTime=44097, deviceId=3, source=0x701 }
01-01 08:00:41.003 W/ViewRootImpl( 2804): Cancelling event due to no window focus: KeyEvent { action=ACTION_UP, keyCode=KEYCODE_DPAD_CENTER, scanCode=28, metaState=0, flags=0x80000028, repeatCount=0, eventTime=44306, downTime=44097, deviceId=3, source=0x701 }
01-01 08:00:41.003 W/ViewRootImpl( 2804): Cancelling event due to no window focus: KeyEvent { action=ACTION_UP, keyCode=KEYCODE_DPAD_CENTER, scanCode=28, metaState=0, flags=0x80000028, repeatCount=0, eventTime=44306, downTime=44097, deviceId=3, source=0x701 }
01-01 08:00:41.003 W/ViewRootImpl( 2804): Cancelling event due to no window focus: KeyEvent { action=ACTION_UP, keyCode=KEYCODE_DPAD_CENTER, scanCode=28, metaState=0, flags=0x80000028, repeatCount=0, eventTime=44306, downTime=44097, deviceId=3, source=0x701 }
01-01 08:00:41.003 W/ViewRootImpl( 2804): Cancelling event due to no window focus: KeyEvent { action=ACTION_UP, keyCode=KEYCODE_DPAD_CENTER, scanCode=28, metaState=0, flags=0x80000028, repeatCount=0, eventTime=44306, downTime=44097, deviceId=3, source=0x701 }
01-01 08:00:41.003 W/ViewRootImpl( 2804): Cancelling event due to no window focus: KeyEvent { action=ACTION_UP, keyCode=KEYCODE_DPAD_CENTER, scanCode=28, metaState=0, flags=0x80000028, repeatCount=0, eventTime=44306, downTime=44097, deviceId=3, source=0x701 }
01-01 08:00:41.003 W/ViewRootImpl( 2804): Cancelling event due to no window focus: KeyEvent { action=ACTION_UP, keyCode=KEYCODE_DPAD_CENTER, scanCode=28, metaState=0, flags=0x80000028, repeatCount=0, eventTime=44306, downTime=44097, deviceId=3, source=0x701 }
