11-06 19:02:25.322 I/AdvancedPorting-PORT_MODULE_NET( 3367): network_task while---interface_name=wlan0
11-06 19:02:25.322 I/AdvancedPorting-PORT_MODULE_NET( 3367): network_get_netlink_status(in)--if_name=wlan0
11-06 19:02:25.322 I/AdvancedPorting-PORT_MODULE_NET( 3367): net.network.isconnected = no
11-06 19:02:25.322 I/AdvancedPorting-PORT_MODULE_NET( 3367): wlan0 --network_get_netlink_status return retval=1
11-06 19:02:25.322 I/AdvancedPorting-PORT_MODULE_NET( 3367): stat = 1 last_status = 1
11-06 19:02:25.339 I/Advanced( 3367): [QUEUE] share_queue_sendEx size:1 4097 590 0x8fdcff20,postLoopId:0,dstid:1.
11-06 19:02:25.620 D/BackBootDealerNeimeng( 2389): standbyState:
11-06 19:02:25.621 D/[blink]DOMTimer( 3367): [fired] 0x53f6d318 timeout fired.
11-06 19:02:25.621 D/ScriptController( 3367): [executeScriptAndReturnValue] [V8] evaluate Script start. frame=0x509c1a48 url= line=1. source length=22
11-06 19:02:25.621 D/iPanel  ( 3367): iPanel.debug("checkOverlayCreated")
11-06 19:02:25.621 D/[blink]DOMTimer( 3367): [DOMTimer] 0x53f6d388 setTimeout 300ms, repeat:0.
11-06 19:02:25.622 D/ScriptController( 3367): [executeScriptAndReturnValue] [V8] evaluate Script end. frame=0x509c1a48 
11-06 19:02:25.622 E/NetUtils( 2018): Interface eth0 LinkDown!
11-06 19:02:25.701 E/hcdn_upload( 3008): HCDN_LOG: [2017/11/06-19:02:25:701]:Update uload speed 1 kbps ,real:0 kbps,qsize:0,maxsize:12,timeout_speed:0 kbps 
11-06 19:02:25.749 I/Advanced( 3367): [QUEUE] share_queue_sendEx size:1 4097 592 0x8fdcff20,postLoopId:0,dstid:1.
11-06 19:02:25.922 D/[blink]DOMTimer( 3367): [fired] 0x53f6d388 timeout fired.
11-06 19:02:25.922 D/ScriptController( 3367): [executeScriptAndReturnValue] [V8] evaluate Script start. frame=0x509c1a48 url= line=1. source length=22
11-06 19:02:25.922 D/iPanel  ( 3367): iPanel.debug("checkOverlayCreated")
11-06 19:02:25.922 D/[blink]DOMTimer( 3367): [DOMTimer] 0x53f6d3f8 setTimeout 300ms, repeat:0.
11-06 19:02:25.922 D/ScriptController( 3367): [executeScriptAndReturnValue] [V8] evaluate Script end. frame=0x509c1a48 
11-06 19:02:26.122 D/BackBootDealerNeimeng( 2389): standbyState:
11-06 19:02:26.123 E/NetUtils( 2018): Interface eth0 LinkDown!
11-06 19:02:26.158 I/Advanced( 3367): [QUEUE] share_queue_sendEx size:1 4097 594 0x8fdcff20,postLoopId:0,dstid:1.
11-06 19:02:26.223 D/[blink]DOMTimer( 3367): [fired] 0x53f6d3f8 timeout fired.
11-06 19:02:26.223 D/ScriptController( 3367): [executeScriptAndReturnValue] [V8] evaluate Script start. frame=0x509c1a48 url= line=1. source length=22
11-06 19:02:26.223 D/iPanel  ( 3367): iPanel.debug("checkOverlayCreated")
11-06 19:02:26.223 D/[blink]DOMTimer( 3367): [DOMTimer] 0x53f6d468 setTimeout 300ms, repeat:0.
11-06 19:02:26.223 D/ScriptController( 3367): [executeScriptAndReturnValue] [V8] evaluate Script end. frame=0x509c1a48 
11-06 19:02:26.322 I/AdvancedPorting-PORT_MODULE_NET( 3367): network_task while... 
11-06 19:02:26.322 I/AdvancedPorting-PORT_MODULE_NET( 3367): 0 interface name: lo
11-06 19:02:26.322 I/AdvancedPorting-PORT_MODULE_NET( 3367): 1 interface name: wlan0
11-06 19:02:26.322 I/AdvancedPorting-PORT_MODULE_NET( 3367): First interface name: lo
11-06 19:02:26.322 I/AdvancedPorting-PORT_MODULE_NET( 3367): network_task while...  net_i:1
11-06 19:02:26.322 I/AdvancedPorting-PORT_MODULE_NET( 3367): network_task while---name_interface[0]=lo
11-06 19:02:26.322 I/AdvancedPorting-PORT_MODULE_NET( 3367): network_task while---name_interface[1]=wlan0
11-06 19:02:26.322 I/AdvancedPorting-PORT_MODULE_NET( 3367): network_task while---interface_name=wlan0
11-06 19:02:26.322 I/AdvancedPorting-PORT_MODULE_NET( 3367): network_get_netlink_status(in)--if_name=wlan0
11-06 19:02:26.322 I/AdvancedPorting-PORT_MODULE_NET( 3367): net.network.isconnected = no
11-06 19:02:26.322 I/AdvancedPorting-PORT_MODULE_NET( 3367): wlan0 --network_get_netlink_status return retval=1
11-06 19:02:26.322 I/AdvancedPorting-PORT_MODULE_NET( 3367): stat = 1 last_status = 1
11-06 19:02:26.359 I/Advanced( 3367): [QUEUE] share_queue_sendEx size:1 4097 595 0x8fdcff20,postLoopId:0,dstid:1.
11-06 19:02:26.523 D/[blink]DOMTimer( 3367): [fired] 0x53f6d468 timeout fired.
11-06 19:02:26.523 D/ScriptController( 3367): [executeScriptAndReturnValue] [V8] evaluate Script start. frame=0x509c1a48 url= line=1. source length=22
11-06 19:02:26.524 D/iPanel  ( 3367): iPanel.debug("checkOverlayCreated")
11-06 19:02:26.524 D/[blink]DOMTimer( 3367): [DOMTimer] 0x53f6d4d8 setTimeout 300ms, repeat:0.
11-06 19:02:26.524 D/ScriptController( 3367): [executeScriptAndReturnValue] [V8] evaluate Script end. frame=0x509c1a48 
11-06 19:02:26.559 I/Advanced( 3367): [QUEUE] share_queue_sendEx size:1 4097 596 0x8fdcff20,postLoopId:0,dstid:1.
11-06 19:02:26.624 D/BackBootDealerNeimeng( 2389): standbyState:
11-06 19:02:26.624 E/NetUtils( 2018): Interface eth0 LinkDown!
11-06 19:02:26.701 E/hcdn_upload( 3008): HCDN_LOG: [2017/11/06-19:02:26:701]:Update uload speed 1 kbps ,real:0 kbps,qsize:0,maxsize:12,timeout_speed:0 kbps 
11-06 19:02:26.760 I/Advanced( 3367): [QUEUE] share_queue_sendEx size:1 4097 597 0x8fdcff20,postLoopId:0,dstid:1.
11-06 19:02:26.824 D/[blink]DOMTimer( 3367): [fired] 0x53f6d4d8 timeout fired.
11-06 19:02:26.824 D/ScriptController( 3367): [executeScriptAndReturnValue] [V8] evaluate Script start. frame=0x509c1a48 url= line=1. source length=22
11-06 19:02:26.824 D/iPanel  ( 3367): iPanel.debug("checkOverlayCreated")
11-06 19:02:26.825 D/[blink]DOMTimer( 3367): [DOMTimer] 0x53f6d548 setTimeout 300ms, repeat:0.
11-06 19:02:26.825 D/ScriptController( 3367): [executeScriptAndReturnValue] [V8] evaluate Script end. frame=0x509c1a48 
11-06 19:02:26.960 I/Advanced( 3367): [QUEUE] share_queue_sendEx size:1 4097 598 0x8fdcff20,postLoopId:0,dstid:1.
11-06 19:02:27.125 D/[blink]DOMTimer( 3367): [fired] 0x53f6d548 timeout fired.
11-06 19:02:27.125 D/ScriptController( 3367): [executeScriptAndReturnValue] [V8] evaluate Script start. frame=0x509c1a48 url= line=1. source length=22
11-06 19:02:27.125 D/BackBootDealerNeimeng( 2389): standbyState:
11-06 19:02:27.125 D/iPanel  ( 3367): iPanel.debug("checkOverlayCreated")
11-06 19:02:27.125 D/[blink]DOMTimer( 3367): [DOMTimer] 0x53f6d5b8 setTimeout 300ms, repeat:0.
11-06 19:02:27.125 D/ScriptController( 3367): [executeScriptAndReturnValue] [V8] evaluate Script end. frame=0x509c1a48 
11-06 19:02:27.126 E/NetUtils( 2018): Interface eth0 LinkDown!
11-06 19:02:27.161 I/Advanced( 3367): [QUEUE] share_queue_sendEx size:1 4097 599 0x8fdcff20,postLoopId:0,dstid:1.
11-06 19:02:27.295 E/storage_operate( 3008): HCDN_LOG: [2017/11/06-19:02:27:295]:[func:GetTaskCount],[line:827],[oper:get task count],[state:0],[count:0]
11-06 19:02:27.295 E/storage_operate( 3008): HCDN_LOG: [2017/11/06-19:02:27:295]:[func:GetTaskCount],[line:827],[oper:get task count],[state:0],[count:0]
11-06 19:02:27.295 E/storage_operate( 3008): HCDN_LOG: [2017/11/06-19:02:27:295]:[func:GetTaskCount],[line:827],[oper:get task count],[state:1],[count:0]
11-06 19:02:27.322 I/AdvancedPorting-PORT_MODULE_NET( 3367): network_task while... 
11-06 19:02:27.323 I/AdvancedPorting-PORT_MODULE_NET( 3367): 0 interface name: lo
11-06 19:02:27.323 I/AdvancedPorting-PORT_MODULE_NET( 3367): 1 interface name: wlan0
11-06 19:02:27.323 I/AdvancedPorting-PORT_MODULE_NET( 3367): First interface name: lo
11-06 19:02:27.323 I/AdvancedPorting-PORT_MODULE_NET( 3367): network_task while...  net_i:1
11-06 19:02:27.323 I/AdvancedPorting-PORT_MODULE_NET( 3367): network_task while---name_interface[0]=lo
11-06 19:02:27.323 I/AdvancedPorting-PORT_MODULE_NET( 3367): network_task while---name_interface[1]=wlan0
11-06 19:02:27.323 I/AdvancedPorting-PORT_MODULE_NET( 3367): network_task while---interface_name=wlan0
11-06 19:02:27.323 I/AdvancedPorting-PORT_MODULE_NET( 3367): network_get_netlink_status(in)--if_name=wlan0
11-06 19:02:27.323 I/AdvancedPorting-PORT_MODULE_NET( 3367): net.network.isconnected = no
11-06 19:02:27.323 I/AdvancedPorting-PORT_MODULE_NET( 3367): wlan0 --network_get_netlink_status return retval=1
11-06 19:02:27.323 I/AdvancedPorting-PORT_MODULE_NET( 3367): stat = 1 last_status = 1
11-06 19:02:27.361 I/Advanced( 3367): [QUEUE] share_queue_sendEx size:1 4097 600 0x8fdcff20,postLoopId:0,dstid:1.
11-06 19:02:27.405 E/storage_operate( 2658): HCDN_LOG: [2017/11/06-19:02:27:405]:[func:GetTaskCount],[line:827],[oper:get task count],[state:0],[count:0]
11-06 19:02:27.405 E/storage_operate( 2658): HCDN_LOG: [2017/11/06-19:02:27:405]:[func:GetTaskCount],[line:827],[oper:get task count],[state:0],[count:0]
11-06 19:02:27.405 E/storage_operate( 2658): HCDN_LOG: [2017/11/06-19:02:27:405]:[func:GetTaskCount],[line:827],[oper:get task count],[state:1],[count:0]
11-06 19:02:27.426 D/[blink]DOMTimer( 3367): [fired] 0x53f6d5b8 timeout fired.
11-06 19:02:27.426 D/ScriptController( 3367): [executeScriptAndReturnValue] [V8] evaluate Script start. frame=0x509c1a48 url= line=1. source length=22
11-06 19:02:27.426 D/iPanel  ( 3367): iPanel.debug("checkOverlayCreated")
11-06 19:02:27.426 D/[blink]DOMTimer( 3367): [DOMTimer] 0x53f6d628 setTimeout 300ms, repeat:0.
11-06 19:02:27.426 D/ScriptController( 3367): [executeScriptAndReturnValue] [V8] evaluate Script end. frame=0x509c1a48 
11-06 19:02:27.562 I/Advanced( 3367): [QUEUE] share_queue_sendEx size:1 4097 601 0x8fdcff20,postLoopId:0,dstid:1.
11-06 19:02:27.626 D/BackBootDealerNeimeng( 2389): standbyState:
11-06 19:02:27.628 E/NetUtils( 2018): Interface eth0 LinkDown!
11-06 19:02:27.702 E/hcdn_upload( 3008): HCDN_LOG: [2017/11/06-19:02:27:702]:Update uload speed 1 kbps ,real:0 kbps,qsize:0,maxsize:12,timeout_speed:0 kbps 
11-06 19:02:27.726 D/[blink]DOMTimer( 3367): [fired] 0x53f6d628 timeout fired.
11-06 19:02:27.726 D/ScriptController( 3367): [executeScriptAndReturnValue] [V8] evaluate Script start. frame=0x509c1a48 url= line=1. source length=22
11-06 19:02:27.727 D/iPanel  ( 3367): iPanel.debug("checkOverlayCreated")
11-06 19:02:27.727 D/[blink]DOMTimer( 3367): [DOMTimer] 0x53f6d698 setTimeout 300ms, repeat:0.
11-06 19:02:27.727 D/ScriptController( 3367): [executeScriptAndReturnValue] [V8] evaluate Script end. frame=0x509c1a48 
11-06 19:02:27.762 I/Advanced( 3367): [QUEUE] share_queue_sendEx size:1 4097 602 0x8fdcff20,postLoopId:0,dstid:1.
11-06 19:02:27.963 I/Advanced( 3367): [QUEUE] share_queue_sendEx size:1 4097 603 0x8fdcff20,postLoopId:0,dstid:1.
11-06 19:02:28.027 D/[blink]DOMTimer( 3367): [fired] 0x53f6d698 timeout fired.
11-06 19:02:28.027 D/ScriptController( 3367): [executeScriptAndReturnValue] [V8] evaluate Script start. frame=0x509c1a48 url= line=1. source length=22
11-06 19:02:28.027 D/iPanel  ( 3367): iPanel.debug("checkOverlayCreated")
11-06 19:02:28.028 D/[blink]DOMTimer( 3367): [DOMTimer] 0x53f6d708 setTimeout 300ms, repeat:0.
11-06 19:02:28.028 D/ScriptController( 3367): [executeScriptAndReturnValue] [V8] evaluate Script end. frame=0x509c1a48 
11-06 19:02:28.128 D/BackBootDealerNeimeng( 2389): standbyState:
11-06 19:02:28.129 E/NetUtils( 2018): Interface eth0 LinkDown!
11-06 19:02:28.163 I/Advanced( 3367): [QUEUE] share_queue_sendEx size:1 4097 604 0x8fdcff20,postLoopId:0,dstid:1.
11-06 19:02:28.323 I/AdvancedPorting-PORT_MODULE_NET( 3367): network_task while... 
11-06 19:02:28.323 I/AdvancedPorting-PORT_MODULE_NET( 3367): 0 interface name: lo
11-06 19:02:28.323 I/AdvancedPorting-PORT_MODULE_NET( 3367): 1 interface name: wlan0
11-06 19:02:28.323 I/AdvancedPorting-PORT_MODULE_NET( 3367): First interface name: lo
11-06 19:02:28.323 I/AdvancedPorting-PORT_MODULE_NET( 3367): network_task while...  net_i:1
11-06 19:02:28.323 I/AdvancedPorting-PORT_MODULE_NET( 3367): network_task while---name_interface[0]=lo
11-06 19:02:28.323 I/AdvancedPorting-PORT_MODULE_NET( 3367): network_task while---name_interface[1]=wlan0
11-06 19:02:28.323 I/AdvancedPorting-PORT_MODULE_NET( 3367): network_task while---interface_name=wlan0
11-06 19:02:28.323 I/AdvancedPorting-PORT_MODULE_NET( 3367): network_get_netlink_status(in)--if_name=wlan0
11-06 19:02:28.323 I/AdvancedPorting-PORT_MODULE_NET( 3367): net.network.isconnected = no
11-06 19:02:28.323 I/AdvancedPorting-PORT_MODULE_NET( 3367): wlan0 --network_get_netlink_status return retval=1
11-06 19:02:28.323 I/AdvancedPorting-PORT_MODULE_NET( 3367): stat = 1 last_status = 1
11-06 19:02:28.328 D/[blink]DOMTimer( 3367): [fired] 0x53f6d708 timeout fired.
11-06 19:02:28.328 D/ScriptController( 3367): [executeScriptAndReturnValue] [V8] evaluate Script start. frame=0x509c1a48 url= line=1. source length=22
11-06 19:02:28.328 D/iPanel  ( 3367): iPanel.debug("checkOverlayCreated")
11-06 19:02:28.328 D/[blink]DOMTimer( 3367): [DOMTimer] 0x53f6d778 setTimeout 300ms, repeat:0.
11-06 19:02:28.328 D/ScriptController( 3367): [executeScriptAndReturnValue] [V8] evaluate Script end. frame=0x509c1a48 
11-06 19:02:28.364 I/Advanced( 3367): [QUEUE] share_queue_sendEx size:1 4097 605 0x8fdcff20,postLoopId:0,dstid:1.
11-06 19:02:28.564 I/Advanced( 3367): [QUEUE] share_queue_sendEx size:1 4097 606 0x8fdcff20,postLoopId:0,dstid:1.
11-06 19:02:28.629 D/[blink]DOMTimer( 3367): [fired] 0x53f6d778 timeout fired.
11-06 19:02:28.629 D/ScriptController( 3367): [executeScriptAndReturnValue] [V8] evaluate Script start. frame=0x509c1a48 url= line=1. source length=22
11-06 19:02:28.629 D/iPanel  ( 3367): iPanel.debug("checkOverlayCreated")
11-06 19:02:28.629 D/[blink]DOMTimer( 3367): [DOMTimer] 0x53f6d7e8 setTimeout 300ms, repeat:0.
11-06 19:02:28.629 D/ScriptController( 3367): [executeScriptAndReturnValue] [V8] evaluate Script end. frame=0x509c1a48 
11-06 19:02:28.630 D/BackBootDealerNeimeng( 2389): standbyState:
11-06 19:02:28.631 E/NetUtils( 2018): Interface eth0 LinkDown!
11-06 19:02:28.702 E/hcdn_upload( 3008): HCDN_LOG: [2017/11/06-19:02:28:702]:Update uload speed 1 kbps ,real:0 kbps,qsize:0,maxsize:12,timeout_speed:0 kbps 
11-06 19:02:28.765 I/Advanced( 3367): [QUEUE] share_queue_sendEx size:1 4097 607 0x8fdcff20,postLoopId:0,dstid:1.
11-06 19:02:28.929 D/[blink]DOMTimer( 3367): [fired] 0x53f6d7e8 timeout fired.
11-06 19:02:28.929 D/ScriptController( 3367): [executeScriptAndReturnValue] [V8] evaluate Script start. frame=0x509c1a48 url= line=1. source length=22
11-06 19:02:28.930 D/iPanel  ( 3367): iPanel.debug("checkOverlayCreated")
11-06 19:02:28.930 D/[blink]DOMTimer( 3367): [DOMTimer] 0x53f6d858 setTimeout 300ms, repeat:0.
11-06 19:02:28.930 D/ScriptController( 3367): [executeScriptAndReturnValue] [V8] evaluate Script end. frame=0x509c1a48 
11-06 19:02:28.966 I/Advanced( 3367): [QUEUE] share_queue_sendEx size:1 4097 608 0x8fdcff20,postLoopId:0,dstid:1.
11-06 19:02:29.131 D/BackBootDealerNeimeng( 2389): standbyState:
11-06 19:02:29.132 E/NetUtils( 2018): Interface eth0 LinkDown!
11-06 19:02:29.230 D/[blink]DOMTimer( 3367): [fired] 0x53f6d858 timeout fired.
11-06 19:02:29.230 D/ScriptController( 3367): [executeScriptAndReturnValue] [V8] evaluate Script start. frame=0x509c1a48 url= line=1. source length=22
11-06 19:02:29.230 D/iPanel  ( 3367): iPanel.debug("checkOverlayCreated")
11-06 19:02:29.231 D/[blink]DOMTimer( 3367): [DOMTimer] 0x53f6d8c8 setTimeout 300ms, repeat:0.
11-06 19:02:29.231 D/ScriptController( 3367): [executeScriptAndReturnValue] [V8] evaluate Script end. frame=0x509c1a48 
11-06 19:02:29.324 I/AdvancedPorting-PORT_MODULE_NET( 3367): network_task while... 
11-06 19:02:29.324 I/AdvancedPorting-PORT_MODULE_NET( 3367): 0 interface name: lo
11-06 19:02:29.324 I/AdvancedPorting-PORT_MODULE_NET( 3367): 1 interface name: wlan0
11-06 19:02:29.324 I/AdvancedPorting-PORT_MODULE_NET( 3367): First interface name: lo
11-06 19:02:29.324 I/AdvancedPorting-PORT_MODULE_NET( 3367): network_task while...  net_i:1
11-06 19:02:29.324 I/AdvancedPorting-PORT_MODULE_NET( 3367): network_task while---name_interface[0]=lo
11-06 19:02:29.324 I/AdvancedPorting-PORT_MODULE_NET( 3367): network_task while---name_interface[1]=wlan0
11-06 19:02:29.324 I/AdvancedPorting-PORT_MODULE_NET( 3367): network_task while---interface_name=wlan0
11-06 19:02:29.324 I/AdvancedPorting-PORT_MODULE_NET( 3367): network_get_netlink_status(in)--if_name=wlan0
11-06 19:02:29.324 I/AdvancedPorting-PORT_MODULE_NET( 3367): net.network.isconnected = no
11-06 19:02:29.324 I/AdvancedPorting-PORT_MODULE_NET( 3367): wlan0 --network_get_netlink_status return retval=1
11-06 19:02:29.324 I/AdvancedPorting-PORT_MODULE_NET( 3367): stat = 1 last_status = 1
11-06 19:02:29.375 I/Advanced( 3367): [QUEUE] share_queue_sendEx size:1 4097 610 0x8fdcff20,postLoopId:0,dstid:1.
11-06 19:02:29.531 D/[blink]DOMTimer( 3367): [fired] 0x53f6d8c8 timeout fired.
11-06 19:02:29.531 D/ScriptController( 3367): [executeScriptAndReturnValue] [V8] evaluate Script start. frame=0x509c1a48 url= line=1. source length=22
11-06 19:02:29.531 D/iPanel  ( 3367): iPanel.debug("checkOverlayCreated")
11-06 19:02:29.531 D/[blink]DOMTimer( 3367): [DOMTimer] 0x53f6d938 setTimeout 300ms, repeat:0.
11-06 19:02:29.532 D/ScriptController( 3367): [executeScriptAndReturnValue] [V8] evaluate Script end. frame=0x509c1a48 
11-06 19:02:29.576 I/Advanced( 3367): [QUEUE] share_queue_sendEx size:1 4097 611 0x8fdcff20,postLoopId:0,dstid:1.
11-06 19:02:29.632 D/BackBootDealerNeimeng( 2389): standbyState:
11-06 19:02:29.633 E/NetUtils( 2018): Interface eth0 LinkDown!
11-06 19:02:29.703 E/hcdn_upload( 3008): HCDN_LOG: [2017/11/06-19:02:29:703]:Update uload speed 1 kbps ,real:0 kbps,qsize:0,maxsize:12,timeout_speed:0 kbps 
11-06 19:02:29.776 I/Advanced( 3367): [QUEUE] share_queue_sendEx size:1 4097 612 0x8fdcff20,postLoopId:0,dstid:1.
11-06 19:02:29.832 D/[blink]DOMTimer( 3367): [fired] 0x53f6d938 timeout fired.
11-06 19:02:29.832 D/ScriptController( 3367): [executeScriptAndReturnValue] [V8] evaluate Script start. frame=0x509c1a48 url= line=1. source length=22
11-06 19:02:29.832 D/iPanel  ( 3367): iPanel.debug("checkOverlayCreated")
11-06 19:02:29.832 D/[blink]DOMTimer( 3367): [DOMTimer] 0x53f6d9a8 setTimeout 300ms, repeat:0.
11-06 19:02:29.832 D/ScriptController( 3367): [executeScriptAndReturnValue] [V8] evaluate Script end. frame=0x509c1a48 
11-06 19:02:29.977 I/Advanced( 3367): [QUEUE] share_queue_sendEx size:1 4097 613 0x8fdcff20,postLoopId:0,dstid:1.
11-06 19:02:30.132 D/[blink]DOMTimer( 3367): [fired] 0x53f6d9a8 timeout fired.
11-06 19:02:30.133 D/ScriptController( 3367): [executeScriptAndReturnValue] [V8] evaluate Script start. frame=0x509c1a48 url= line=1. source length=22
11-06 19:02:30.133 D/iPanel  ( 3367): iPanel.debug("checkOverlayCreated")
11-06 19:02:30.133 D/[blink]DOMTimer( 3367): [DOMTimer] 0x53f6da18 setTimeout 300ms, repeat:0.
11-06 19:02:30.133 D/ScriptController( 3367): [executeScriptAndReturnValue] [V8] evaluate Script end. frame=0x509c1a48 
11-06 19:02:30.134 D/BackBootDealerNeimeng( 2389): standbyState:
11-06 19:02:30.135 E/NetUtils( 2018): Interface eth0 LinkDown!
11-06 19:02:30.178 I/Advanced( 3367): [QUEUE] share_queue_sendEx size:1 4097 614 0x8fdcff20,postLoopId:0,dstid:1.
11-06 19:02:30.295 E/storage_operate( 3008): HCDN_LOG: [2017/11/06-19:02:30:295]:[func:GetTaskCount],[line:827],[oper:get task count],[state:0],[count:0]
11-06 19:02:30.295 E/storage_operate( 3008): HCDN_LOG: [2017/11/06-19:02:30:295]:[func:GetTaskCount],[line:827],[oper:get task count],[state:0],[count:0]
11-06 19:02:30.295 E/storage_operate( 3008): HCDN_LOG: [2017/11/06-19:02:30:295]:[func:GetTaskCount],[line:827],[oper:get task count],[state:1],[count:0]
11-06 19:02:30.298 D/IPLoaderNeimeng( 2389): after wait time19:02:30:monitorInterval:5000
11-06 19:02:30.298 D/IPLoaderNeimeng( 2389): before dealUpdateCheck time:19:02:30:isMsgBroadcast:false:monitorInterval:5000:processState:1
11-06 19:02:30.298 D/IPLoaderNeimeng( 2389): dealUpdateCheck isFirstSuccessUpdate:false:monitorInterval:5000
11-06 19:02:30.298 D/LoadHttpHandler( 2389): [TN_ThreadUtil-4]doNormal proxyConfig=null
11-06 19:02:30.324 I/AdvancedPorting-PORT_MODULE_NET( 3367): network_task while... 
11-06 19:02:30.324 I/AdvancedPorting-PORT_MODULE_NET( 3367): 0 interface name: lo
11-06 19:02:30.324 I/AdvancedPorting-PORT_MODULE_NET( 3367): 1 interface name: wlan0
11-06 19:02:30.324 I/AdvancedPorting-PORT_MODULE_NET( 3367): First interface name: lo
11-06 19:02:30.324 I/AdvancedPorting-PORT_MODULE_NET( 3367): network_task while...  net_i:1
11-06 19:02:30.324 I/AdvancedPorting-PORT_MODULE_NET( 3367): network_task while---name_interface[0]=lo
11-06 19:02:30.324 I/AdvancedPorting-PORT_MODULE_NET( 3367): network_task while---name_interface[1]=wlan0
11-06 19:02:30.324 I/AdvancedPorting-PORT_MODULE_NET( 3367): network_task while---interface_name=wlan0
11-06 19:02:30.324 I/AdvancedPorting-PORT_MODULE_NET( 3367): network_get_netlink_status(in)--if_name=wlan0
11-06 19:02:30.325 I/AdvancedPorting-PORT_MODULE_NET( 3367): net.network.isconnected = no
11-06 19:02:30.325 I/AdvancedPorting-PORT_MODULE_NET( 3367): wlan0 --network_get_netlink_status return retval=1
11-06 19:02:30.325 I/AdvancedPorting-PORT_MODULE_NET( 3367): stat = 1 last_status = 1
11-06 19:02:30.405 E/storage_operate( 2658): HCDN_LOG: [2017/11/06-19:02:30:405]:[func:GetTaskCount],[line:827],[oper:get task count],[state:0],[count:0]
11-06 19:02:30.406 E/storage_operate( 2658): HCDN_LOG: [2017/11/06-19:02:30:405]:[func:GetTaskCount],[line:827],[oper:get task count],[state:0],[count:0]
11-06 19:02:30.406 E/storage_operate( 2658): HCDN_LOG: [2017/11/06-19:02:30:406]:[func:GetTaskCount],[line:827],[oper:get task count],[state:1],[count:0]
11-06 19:02:30.423 D/LoadHttpHandler( 2389): [TN_ThreadUtil-4]doNormal responseCode=404
11-06 19:02:30.424 D/LoadHttpTask( 2389): dealUpdateCheck responseCode:404:data:null:downloadResult:false
11-06 19:02:30.424 D/IPLoaderNeimeng( 2389): after dealUpdateCheck time:19:02:30:isMsgBroadcast:false:monitorInterval:5000:processState:1
11-06 19:02:30.425 D/IPLoaderNeimeng( 2389): before wait time19:02:30:monitorInterval:5000
11-06 19:02:30.433 D/[blink]DOMTimer( 3367): [fired] 0x53f6da18 timeout fired.
11-06 19:02:30.433 D/ScriptController( 3367): [executeScriptAndReturnValue] [V8] evaluate Script start. frame=0x509c1a48 url= line=1. source length=22
11-06 19:02:30.433 D/iPanel  ( 3367): iPanel.debug("checkOverlayCreated")
11-06 19:02:30.434 D/[blink]DOMTimer( 3367): [DOMTimer] 0x53f6da88 setTimeout 300ms, repeat:0.
11-06 19:02:30.434 D/ScriptController( 3367): [executeScriptAndReturnValue] [V8] evaluate Script end. frame=0x509c1a48 
11-06 19:02:30.588 I/Advanced( 3367): [QUEUE] share_queue_sendEx size:1 4097 616 0x8fdcff20,postLoopId:0,dstid:1.
11-06 19:02:30.635 D/BackBootDealerNeimeng( 2389): standbyState:
11-06 19:02:30.636 E/NetUtils( 2018): Interface eth0 LinkDown!
11-06 19:02:30.704 E/hcdn_upload( 3008): HCDN_LOG: [2017/11/06-19:02:30:704]:Update uload speed 1 kbps ,real:0 kbps,qsize:0,maxsize:12,timeout_speed:0 kbps 
11-06 19:02:30.734 D/[blink]DOMTimer( 3367): [fired] 0x53f6da88 timeout fired.
11-06 19:02:30.734 D/ScriptController( 3367): [executeScriptAndReturnValue] [V8] evaluate Script start. frame=0x509c1a48 url= line=1. source length=22
11-06 19:02:30.734 D/iPanel  ( 3367): iPanel.debug("checkOverlayCreated")
11-06 19:02:30.734 D/[blink]DOMTimer( 3367): [DOMTimer] 0x53f6daf8 setTimeout 300ms, repeat:0.
11-06 19:02:30.734 D/ScriptController( 3367): [executeScriptAndReturnValue] [V8] evaluate Script end. frame=0x509c1a48 
11-06 19:02:30.788 I/Advanced( 3367): [QUEUE] share_queue_sendEx size:1 4097 617 0x8fdcff20,postLoopId:0,dstid:1.
11-06 19:02:30.988 I/Advanced( 3367): [QUEUE] share_queue_sendEx size:1 4097 618 0x8fdcff20,postLoopId:0,dstid:1.
11-06 19:02:31.035 D/[blink]DOMTimer( 3367): [fired] 0x53f6daf8 timeout fired.
11-06 19:02:31.035 D/ScriptController( 3367): [executeScriptAndReturnValue] [V8] evaluate Script start. frame=0x509c1a48 url= line=1. source length=22
11-06 19:02:31.035 D/iPanel  ( 3367): iPanel.debug("checkOverlayCreated")
11-06 19:02:31.035 D/[blink]DOMTimer( 3367): [DOMTimer] 0x53f6db68 setTimeout 300ms, repeat:0.
11-06 19:02:31.035 D/ScriptController( 3367): [executeScriptAndReturnValue] [V8] evaluate Script end. frame=0x509c1a48 
11-06 19:02:31.136 D/BackBootDealerNeimeng( 2389): standbyState:
11-06 19:02:31.137 E/NetUtils( 2018): Interface eth0 LinkDown!
11-06 19:02:31.189 I/Advanced( 3367): [QUEUE] share_queue_sendEx size:1 4097 619 0x8fdcff20,postLoopId:0,dstid:1.
11-06 19:02:31.325 I/AdvancedPorting-PORT_MODULE_NET( 3367): network_task while... 
11-06 19:02:31.325 I/AdvancedPorting-PORT_MODULE_NET( 3367): 0 interface name: lo
11-06 19:02:31.325 I/AdvancedPorting-PORT_MODULE_NET( 3367): 1 interface name: wlan0
11-06 19:02:31.325 I/AdvancedPorting-PORT_MODULE_NET( 3367): First interface name: lo
11-06 19:02:31.325 I/AdvancedPorting-PORT_MODULE_NET( 3367): network_task while...  net_i:1
11-06 19:02:31.325 I/AdvancedPorting-PORT_MODULE_NET( 3367): network_task while---name_interface[0]=lo
11-06 19:02:31.325 I/AdvancedPorting-PORT_MODULE_NET( 3367): network_task while---name_interface[1]=wlan0
11-06 19:02:31.325 I/AdvancedPorting-PORT_MODULE_NET( 3367): network_task while---interface_name=wlan0
11-06 19:02:31.325 I/AdvancedPorting-PORT_MODULE_NET( 3367): network_get_netlink_status(in)--if_name=wlan0
11-06 19:02:31.325 I/AdvancedPorting-PORT_MODULE_NET( 3367): net.network.isconnected = no
11-06 19:02:31.325 I/AdvancedPorting-PORT_MODULE_NET( 3367): wlan0 --network_get_netlink_status return retval=1
11-06 19:02:31.325 I/AdvancedPorting-PORT_MODULE_NET( 3367): stat = 1 last_status = 1
11-06 19:02:31.335 D/[blink]DOMTimer( 3367): [fired] 0x53f6db68 timeout fired.
11-06 19:02:31.335 D/ScriptController( 3367): [executeScriptAndReturnValue] [V8] evaluate Script start. frame=0x509c1a48 url= line=1. source length=22
11-06 19:02:31.336 D/iPanel  ( 3367): iPanel.debug("checkOverlayCreated")
11-06 19:02:31.336 D/[blink]DOMTimer( 3367): [DOMTimer] 0x53f6dbd8 setTimeout 300ms, repeat:0.
11-06 19:02:31.336 D/ScriptController( 3367): [executeScriptAndReturnValue] [V8] evaluate Script end. frame=0x509c1a48 
11-06 19:02:31.389 I/Advanced( 3367): [QUEUE] share_queue_sendEx size:1 4097 620 0x8fdcff20,postLoopId:0,dstid:1.
11-06 19:02:31.590 I/Advanced( 3367): [QUEUE] share_queue_sendEx size:1 4097 621 0x8fdcff20,postLoopId:0,dstid:1.
11-06 19:02:31.636 D/[blink]DOMTimer( 3367): [fired] 0x53f6dbd8 timeout fired.
11-06 19:02:31.636 D/ScriptController( 3367): [executeScriptAndReturnValue] [V8] evaluate Script start. frame=0x509c1a48 url= line=1. source length=22
11-06 19:02:31.636 D/iPanel  ( 3367): iPanel.debug("checkOverlayCreated")
11-06 19:02:31.637 D/[blink]DOMTimer( 3367): [DOMTimer] 0x53f6dc48 setTimeout 300ms, repeat:0.
11-06 19:02:31.637 D/ScriptController( 3367): [executeScriptAndReturnValue] [V8] evaluate Script end. frame=0x509c1a48 
11-06 19:02:31.638 D/BackBootDealerNeimeng( 2389): standbyState:
11-06 19:02:31.639 E/NetUtils( 2018): Interface eth0 LinkDown!
11-06 19:02:31.704 E/hcdn_upload( 3008): HCDN_LOG: [2017/11/06-19:02:31:704]:Update uload speed 1 kbps ,real:0 kbps,qsize:0,maxsize:12,timeout_speed:0 kbps 
11-06 19:02:31.790 I/Advanced( 3367): [QUEUE] share_queue_sendEx size:1 4097 622 0x8fdcff20,postLoopId:0,dstid:1.
11-06 19:02:31.937 D/[blink]DOMTimer( 3367): [fired] 0x53f6dc48 timeout fired.
11-06 19:02:31.937 D/ScriptController( 3367): [executeScriptAndReturnValue] [V8] evaluate Script start. frame=0x509c1a48 url= line=1. source length=22
11-06 19:02:31.939 D/iPanel  ( 3367): iPanel.debug("checkOverlayCreated")
11-06 19:02:31.939 D/[blink]DOMTimer( 3367): [DOMTimer] 0x53f6dcb8 setTimeout 300ms, repeat:0.
11-06 19:02:31.939 D/ScriptController( 3367): [executeScriptAndReturnValue] [V8] evaluate Script end. frame=0x509c1a48 
11-06 19:02:31.991 I/Advanced( 3367): [QUEUE] share_queue_sendEx size:1 4097 623 0x8fdcff20,postLoopId:0,dstid:1.
11-06 19:02:32.139 D/BackBootDealerNeimeng( 2389): standbyState:
11-06 19:02:32.140 E/NetUtils( 2018): Interface eth0 LinkDown!
11-06 19:02:32.191 I/Advanced( 3367): [QUEUE] share_queue_sendEx size:1 4097 624 0x8fdcff20,postLoopId:0,dstid:1.
11-06 19:02:32.240 D/[blink]DOMTimer( 3367): [fired] 0x53f6dcb8 timeout fired.
11-06 19:02:32.240 D/ScriptController( 3367): [executeScriptAndReturnValue] [V8] evaluate Script start. frame=0x509c1a48 url= line=1. source length=22
11-06 19:02:32.240 D/iPanel  ( 3367): iPanel.debug("checkOverlayCreated")
11-06 19:02:32.240 D/[blink]DOMTimer( 3367): [DOMTimer] 0x53f6dd28 setTimeout 300ms, repeat:0.
11-06 19:02:32.240 D/ScriptController( 3367): [executeScriptAndReturnValue] [V8] evaluate Script end. frame=0x509c1a48 
11-06 19:02:32.325 I/AdvancedPorting-PORT_MODULE_NET( 3367): network_task while... 
11-06 19:02:32.325 I/AdvancedPorting-PORT_MODULE_NET( 3367): 0 interface name: lo
11-06 19:02:32.325 I/AdvancedPorting-PORT_MODULE_NET( 3367): 1 interface name: wlan0
11-06 19:02:32.325 I/AdvancedPorting-PORT_MODULE_NET( 3367): First interface name: lo
11-06 19:02:32.325 I/AdvancedPorting-PORT_MODULE_NET( 3367): network_task while...  net_i:1
11-06 19:02:32.325 I/AdvancedPorting-PORT_MODULE_NET( 3367): network_task while---name_interface[0]=lo
11-06 19:02:32.326 I/AdvancedPorting-PORT_MODULE_NET( 3367): network_task while---name_interface[1]=wlan0
11-06 19:02:32.326 I/AdvancedPorting-PORT_MODULE_NET( 3367): network_task while---interface_name=wlan0
11-06 19:02:32.326 I/AdvancedPorting-PORT_MODULE_NET( 3367): network_get_netlink_status(in)--if_name=wlan0
11-06 19:02:32.326 I/AdvancedPorting-PORT_MODULE_NET( 3367): net.network.isconnected = no
11-06 19:02:32.326 I/AdvancedPorting-PORT_MODULE_NET( 3367): wlan0 --network_get_netlink_status return retval=1
11-06 19:02:32.326 I/AdvancedPorting-PORT_MODULE_NET( 3367): stat = 1 last_status = 1
11-06 19:02:32.392 I/Advanced( 3367): [QUEUE] share_queue_sendEx size:1 4097 625 0x8fdcff20,postLoopId:0,dstid:1.
11-06 19:02:32.541 D/[blink]DOMTimer( 3367): [fired] 0x53f6dd28 timeout fired.
11-06 19:02:32.541 D/ScriptController( 3367): [executeScriptAndReturnValue] [V8] evaluate Script start. frame=0x509c1a48 url= line=1. source length=22
11-06 19:02:32.541 D/iPanel  ( 3367): iPanel.debug("checkOverlayCreated")
11-06 19:02:32.541 D/[blink]DOMTimer( 3367): [DOMTimer] 0x53f6dd98 setTimeout 300ms, repeat:0.
11-06 19:02:32.541 D/ScriptController( 3367): [executeScriptAndReturnValue] [V8] evaluate Script end. frame=0x509c1a48 
11-06 19:02:32.641 D/BackBootDealerNeimeng( 2389): standbyState:
11-06 19:02:32.641 E/NetUtils( 2018): Interface eth0 LinkDown!
11-06 19:02:32.705 E/hcdn_upload( 3008): HCDN_LOG: [2017/11/06-19:02:32:705]:Update uload speed 1 kbps ,real:0 kbps,qsize:0,maxsize:12,timeout_speed:0 kbps 
11-06 19:02:32.802 I/Advanced( 3367): [QUEUE] share_queue_sendEx size:1 4097 627 0x8fdcff20,postLoopId:0,dstid:1.
11-06 19:02:32.841 D/[blink]DOMTimer( 3367): [fired] 0x53f6dd98 timeout fired.
11-06 19:02:32.841 D/ScriptController( 3367): [executeScriptAndReturnValue] [V8] evaluate Script start. frame=0x509c1a48 url= line=1. source length=22
11-06 19:02:32.842 D/iPanel  ( 3367): iPanel.debug("checkOverlayCreated")
11-06 19:02:32.842 D/[blink]DOMTimer( 3367): [DOMTimer] 0x53f6de08 setTimeout 300ms, repeat:0.
11-06 19:02:32.842 D/ScriptController( 3367): [executeScriptAndReturnValue] [V8] evaluate Script end. frame=0x509c1a48 
11-06 19:02:32.970 D/Advertiser( 2432): End of sleep at time:1509966152970
11-06 19:02:32.970 D/Advertiser( 2432): Begin announce....with thread:org.cybergarage.d.b.a@25ed9e23
11-06 19:02:32.970 D/TimerUtil( 2432): waitRandom time=300,waitTime=55
11-06 19:02:32.970 D/Device  ( 2432): announce deviceDataBindAddress null
11-06 19:02:32.975 D/Device  ( 2432): announce 0 bindAddress=192.168.31.49
11-06 19:02:32.976 D/HTTPMUSocket( 2432): open addr=239.255.255.250,port=1900,bindAddr=192.168.31.49
11-06 19:02:32.980 D/HTTPMUSocket( 2432): send msg:NOTIFY * HTTP/1.1
11-06 19:02:32.980 D/HTTPMUSocket( 2432): Server: Linux/3.18.24_hi3798mv2x UPnP/1.0 CyberLinkJava/1.8
11-06 19:02:32.980 D/HTTPMUSocket( 2432): Cache-Control: max-age=1800
11-06 19:02:32.980 D/HTTPMUSocket( 2432): Location: http://192.168.31.49:38520/description.xml
11-06 19:02:32.980 D/HTTPMUSocket( 2432): NTS: ssdp:alive
11-06 19:02:32.980 D/HTTPMUSocket( 2432): NT: upnp:rootdevice
11-06 19:02:32.980 D/HTTPMUSocket( 2432): USN: uuid:51fd4a57-a937-4066-8f0e-e8639f1cc24e::upnp:rootdevice
11-06 19:02:32.980 D/HTTPMUSocket( 2432): HOST: 239.255.255.250:1900
11-06 19:02:32.980 D/HTTPMUSocket( 2432): 
11-06 19:02:32.980 D/HTTPMUSocket( 2432): bindAddr:null and port:-1
11-06 19:02:32.981 D/HTTPMUSocket( 2432): /192.168.31.49
11-06 19:02:32.983 D/HTTPMUSocket( 2432): send msg:NOTIFY * HTTP/1.1
11-06 19:02:32.983 D/HTTPMUSocket( 2432): Server: Linux/3.18.24_hi3798mv2x UPnP/1.0 CyberLinkJava/1.8
11-06 19:02:32.983 D/HTTPMUSocket( 2432): Cache-Control: max-age=1800
11-06 19:02:32.983 D/HTTPMUSocket( 2432): Location: http://192.168.31.49:38520/description.xml
11-06 19:02:32.983 D/HTTPMUSocket( 2432): NTS: ssdp:alive
11-06 19:02:32.983 D/HTTPMUSocket( 2432): NT: uuid:51fd4a57-a937-4066-8f0e-e8639f1cc24e
11-06 19:02:32.983 D/HTTPMUSocket( 2432): USN: uuid:51fd4a57-a937-4066-8f0e-e8639f1cc24e
11-06 19:02:32.983 D/HTTPMUSocket( 2432): HOST: 239.255.255.250:1900
11-06 19:02:32.983 D/HTTPMUSocket( 2432): 
11-06 19:02:32.983 D/HTTPMUSocket( 2432): bindAddr:null and port:-1
11-06 19:02:32.984 D/HTTPMUSocket( 2432): /192.168.31.49
11-06 19:02:32.985 D/HTTPMUSocket( 2432): send msg:NOTIFY * HTTP/1.1
11-06 19:02:32.985 D/HTTPMUSocket( 2432): Server: Linux/3.18.24_hi3798mv2x UPnP/1.0 CyberLinkJava/1.8
11-06 19:02:32.985 D/HTTPMUSocket( 2432): Cache-Control: max-age=1800
11-06 19:02:32.985 D/HTTPMUSocket( 2432): Location: http://192.168.31.49:38520/description.xml
11-06 19:02:32.985 D/HTTPMUSocket( 2432): NTS: ssdp:alive
11-06 19:02:32.985 D/HTTPMUSocket( 2432): NT: urn:schemas-upnp-org:device:MediaServer:1
11-06 19:02:32.985 D/HTTPMUSocket( 2432): USN: uuid:51fd4a57-a937-4066-8f0e-e8639f1cc24e::urn:schemas-upnp-org:device:MediaServer:1
11-06 19:02:32.985 D/HTTPMUSocket( 2432): HOST: 239.255.255.250:1900
11-06 19:02:32.985 D/HTTPMUSocket( 2432): 
11-06 19:02:32.986 D/HTTPMUSocket( 2432): bindAddr:null and port:-1
11-06 19:02:32.986 D/HTTPMUSocket( 2432): /192.168.31.49
11-06 19:02:32.988 D/Device  ( 2432): announce bindAddr=192.168.31.49,devLocation=http://192.168.31.49:38520/description.xml,location=http://192.168.31.49:38520/description.xml
11-06 19:02:32.988 D/Device  ( 2432): announce bindAddr=192.168.31.49,serviceDesUrl=
11-06 19:02:32.989 D/HTTPMUSocket( 2432): open addr=239.255.255.250,port=1900,bindAddr=192.168.31.49
11-06 19:02:32.993 D/TimerUtil( 2432): waitRandom time=300,waitTime=293
11-06 19:02:32.993 D/HTTPMUSocket( 2432): send msg:NOTIFY * HTTP/1.1
11-06 19:02:32.993 D/HTTPMUSocket( 2432): Server: Linux/3.18.24_hi3798mv2x UPnP/1.0 CyberLinkJava/1.8
11-06 19:02:32.993 D/HTTPMUSocket( 2432): Cache-Control: max-age=1800
11-06 19:02:32.993 D/HTTPMUSocket( 2432): Location: http://192.168.31.49:38520/description.xml
11-06 19:02:32.993 D/HTTPMUSocket( 2432): NTS: ssdp:alive
11-06 19:02:32.993 D/HTTPMUSocket( 2432): NT: urn:schemas-upnp-org:service:ContentDirectory:1
11-06 19:02:32.993 D/HTTPMUSocket( 2432): USN: uuid:51fd4a57-a937-4066-8f0e-e8639f1cc24e::urn:schemas-upnp-org:service:ContentDirectory:1
11-06 19:02:32.993 D/HTTPMUSocket( 2432): HOST: 239.255.255.250:1900
11-06 19:02:32.993 D/HTTPMUSocket( 2432): 
11-06 19:02:32.994 D/HTTPMUSocket( 2432): bindAddr:null and port:-1
11-06 19:02:32.994 D/HTTPMUSocket( 2432): /192.168.31.49
11-06 19:02:32.996 D/Device  ( 2432): announce bindAddr=192.168.31.49,serviceDesUrl=
11-06 19:02:32.996 D/HTTPMUSocket( 2432): open addr=239.255.255.250,port=1900,bindAddr=192.168.31.49
11-06 19:02:33.000 D/TimerUtil( 2432): waitRandom time=300,waitTime=126
11-06 19:02:33.001 D/HTTPMUSocket( 2432): send msg:NOTIFY * HTTP/1.1
11-06 19:02:33.001 D/HTTPMUSocket( 2432): Server: Linux/3.18.24_hi3798mv2x UPnP/1.0 CyberLinkJava/1.8
11-06 19:02:33.001 D/HTTPMUSocket( 2432): Cache-Control: max-age=1800
11-06 19:02:33.001 D/HTTPMUSocket( 2432): Location: http://192.168.31.49:38520/description.xml
11-06 19:02:33.001 D/HTTPMUSocket( 2432): NTS: ssdp:alive
11-06 19:02:33.001 D/HTTPMUSocket( 2432): NT: urn:schemas-upnp-org:service:ConnectionManager:1
11-06 19:02:33.001 D/HTTPMUSocket( 2432): USN: uuid:51fd4a57-a937-4066-8f0e-e8639f1cc24e::urn:schemas-upnp-org:service:ConnectionManager:1
11-06 19:02:33.001 D/HTTPMUSocket( 2432): HOST: 239.255.255.250:1900
11-06 19:02:33.001 D/HTTPMUSocket( 2432): 
11-06 19:02:33.001 D/HTTPMUSocket( 2432): bindAddr:null and port:-1
11-06 19:02:33.001 D/HTTPMUSocket( 2432): /192.168.31.49
11-06 19:02:33.002 D/Device  ( 2432): announce bindAddr=192.168.31.49,serviceDesUrl=
11-06 19:02:33.002 D/HTTPMUSocket( 2432): open addr=239.255.255.250,port=1900,bindAddr=192.168.31.49
11-06 19:02:33.004 D/TimerUtil( 2432): waitRandom time=300,waitTime=46
11-06 19:02:33.004 D/HTTPMUSocket( 2432): send msg:NOTIFY * HTTP/1.1
11-06 19:02:33.004 D/HTTPMUSocket( 2432): Server: Linux/3.18.24_hi3798mv2x UPnP/1.0 CyberLinkJava/1.8
11-06 19:02:33.004 D/HTTPMUSocket( 2432): Cache-Control: max-age=1800
11-06 19:02:33.004 D/HTTPMUSocket( 2432): Location: http://192.168.31.49:38520/description.xml
11-06 19:02:33.004 D/HTTPMUSocket( 2432): NTS: ssdp:alive
11-06 19:02:33.004 D/HTTPMUSocket( 2432): NT: urn:schemas-upnp-org:service:AVTransport:1
11-06 19:02:33.004 D/HTTPMUSocket( 2432): USN: uuid:51fd4a57-a937-4066-8f0e-e8639f1cc24e::urn:schemas-upnp-org:service:AVTransport:1
11-06 19:02:33.004 D/HTTPMUSocket( 2432): HOST: 239.255.255.250:1900
11-06 19:02:33.004 D/HTTPMUSocket( 2432): 
11-06 19:02:33.004 D/HTTPMUSocket( 2432): bindAddr:null and port:-1
11-06 19:02:33.004 D/HTTPMUSocket( 2432): /192.168.31.49
11-06 19:02:33.004 D/Device  ( 2432): announce bindAddr=192.168.31.49,serviceDesUrl=
11-06 19:02:33.005 D/HTTPMUSocket( 2432): open addr=239.255.255.250,port=1900,bindAddr=192.168.31.49
11-06 19:02:33.006 D/TimerUtil( 2432): waitRandom time=300,waitTime=232
11-06 19:02:33.006 D/HTTPMUSocket( 2432): send msg:NOTIFY * HTTP/1.1
11-06 19:02:33.006 D/HTTPMUSocket( 2432): Server: Linux/3.18.24_hi3798mv2x UPnP/1.0 CyberLinkJava/1.8
11-06 19:02:33.006 D/HTTPMUSocket( 2432): Cache-Control: max-age=1800
11-06 19:02:33.006 D/HTTPMUSocket( 2432): Location: http://192.168.31.49:38520/description.xml
11-06 19:02:33.006 D/HTTPMUSocket( 2432): NTS: ssdp:alive
11-06 19:02:33.006 D/HTTPMUSocket( 2432): NT: urn:sumavision.com:service:X_SUMA_EVENT:1
11-06 19:02:33.006 D/HTTPMUSocket( 2432): USN: uuid:51fd4a57-a937-4066-8f0e-e8639f1cc24e::urn:sumavision.com:service:X_SUMA_EVENT:1
11-06 19:02:33.006 D/HTTPMUSocket( 2432): HOST: 239.255.255.250:1900
11-06 19:02:33.006 D/HTTPMUSocket( 2432): 
11-06 19:02:33.006 D/HTTPMUSocket( 2432): bindAddr:null and port:-1
11-06 19:02:33.006 D/HTTPMUSocket( 2432): /192.168.31.49
11-06 19:02:33.007 D/Advertiser( 2432): Advertise12:39000 at time:1509966153007 with thread:org.cybergarage.d.b.a@25ed9e23
11-06 19:02:33.142 D/BackBootDealerNeimeng( 2389): standbyState:
11-06 19:02:33.142 D/[blink]DOMTimer( 3367): [fired] 0x53f6de08 timeout fired.
11-06 19:02:33.142 D/ScriptController( 3367): [executeScriptAndReturnValue] [V8] evaluate Script start. frame=0x509c1a48 url= line=1. source length=22
11-06 19:02:33.143 D/iPanel  ( 3367): iPanel.debug("checkOverlayCreated")
11-06 19:02:33.143 E/NetUtils( 2018): Interface eth0 LinkDown!
11-06 19:02:33.143 D/[blink]DOMTimer( 3367): [DOMTimer] 0x53f6de78 setTimeout 300ms, repeat:0.
11-06 19:02:33.143 D/ScriptController( 3367): [executeScriptAndReturnValue] [V8] evaluate Script end. frame=0x509c1a48 
11-06 19:02:33.211 I/Advanced( 3367): [QUEUE] share_queue_sendEx size:1 4097 629 0x8fdcff20,postLoopId:0,dstid:1.
11-06 19:02:33.295 E/storage_operate( 3008): HCDN_LOG: [2017/11/06-19:02:33:295]:[func:GetTaskCount],[line:827],[oper:get task count],[state:0],[count:0]
11-06 19:02:33.296 E/storage_operate( 3008): HCDN_LOG: [2017/11/06-19:02:33:295]:[func:GetTaskCount],[line:827],[oper:get task count],[state:0],[count:0]
11-06 19:02:33.296 E/storage_operate( 3008): HCDN_LOG: [2017/11/06-19:02:33:296]:[func:GetTaskCount],[line:827],[oper:get task count],[state:1],[count:0]
11-06 19:02:33.326 I/AdvancedPorting-PORT_MODULE_NET( 3367): network_task while... 
11-06 19:02:33.326 I/AdvancedPorting-PORT_MODULE_NET( 3367): 0 interface name: lo
11-06 19:02:33.326 I/AdvancedPorting-PORT_MODULE_NET( 3367): 1 interface name: wlan0
11-06 19:02:33.326 I/AdvancedPorting-PORT_MODULE_NET( 3367): First interface name: lo
11-06 19:02:33.326 I/AdvancedPorting-PORT_MODULE_NET( 3367): network_task while...  net_i:1
11-06 19:02:33.326 I/AdvancedPorting-PORT_MODULE_NET( 3367): network_task while---name_interface[0]=lo
11-06 19:02:33.326 I/AdvancedPorting-PORT_MODULE_NET( 3367): network_task while---name_interface[1]=wlan0
11-06 19:02:33.326 I/AdvancedPorting-PORT_MODULE_NET( 3367): network_task while---interface_name=wlan0
11-06 19:02:33.326 I/AdvancedPorting-PORT_MODULE_NET( 3367): network_get_netlink_status(in)--if_name=wlan0
11-06 19:02:33.326 I/AdvancedPorting-PORT_MODULE_NET( 3367): net.network.isconnected = no
11-06 19:02:33.326 I/AdvancedPorting-PORT_MODULE_NET( 3367): wlan0 --network_get_netlink_status return retval=1
11-06 19:02:33.326 I/AdvancedPorting-PORT_MODULE_NET( 3367): stat = 1 last_status = 1
11-06 19:02:33.400 V/SUMA    ( 1583): [mnt_ait_pol] csubtbl=0 ait_pid=0x1f40 hsrv=0xc0cd
11-06 19:02:33.406 E/storage_operate( 2658): HCDN_LOG: [2017/11/06-19:02:33:406]:[func:GetTaskCount],[line:827],[oper:get task count],[state:0],[count:0]
11-06 19:02:33.406 E/storage_operate( 2658): HCDN_LOG: [2017/11/06-19:02:33:406]:[func:GetTaskCount],[line:827],[oper:get task count],[state:0],[count:0]
11-06 19:02:33.406 E/storage_operate( 2658): HCDN_LOG: [2017/11/06-19:02:33:406]:[func:GetTaskCount],[line:827],[oper:get task count],[state:1],[count:0]
11-06 19:02:33.412 I/Advanced( 3367): [QUEUE] share_queue_sendEx size:1 4097 630 0x8fdcff20,postLoopId:0,dstid:1.
11-06 19:02:33.443 D/[blink]DOMTimer( 3367): [fired] 0x53f6de78 timeout fired.
11-06 19:02:33.443 D/ScriptController( 3367): [executeScriptAndReturnValue] [V8] evaluate Script start. frame=0x509c1a48 url= line=1. source length=22
11-06 19:02:33.443 D/iPanel  ( 3367): iPanel.debug("checkOverlayCreated")
11-06 19:02:33.443 D/[blink]DOMTimer( 3367): [DOMTimer] 0x53f6dee8 setTimeout 300ms, repeat:0.
11-06 19:02:33.443 D/ScriptController( 3367): [executeScriptAndReturnValue] [V8] evaluate Script end. frame=0x509c1a48 
11-06 19:02:33.612 I/Advanced( 3367): [QUEUE] share_queue_sendEx size:1 4097 631 0x8fdcff20,postLoopId:0,dstid:1.
11-06 19:02:33.643 D/BackBootDealerNeimeng( 2389): standbyState:
11-06 19:02:33.644 E/NetUtils( 2018): Interface eth0 LinkDown!
11-06 19:02:33.705 E/hcdn_upload( 3008): HCDN_LOG: [2017/11/06-19:02:33:705]:Update uload speed 1 kbps ,real:0 kbps,qsize:0,maxsize:12,timeout_speed:0 kbps 
11-06 19:02:33.744 D/[blink]DOMTimer( 3367): [fired] 0x53f6dee8 timeout fired.
11-06 19:02:33.744 D/ScriptController( 3367): [executeScriptAndReturnValue] [V8] evaluate Script start. frame=0x509c1a48 url= line=1. source length=22
11-06 19:02:33.744 D/iPanel  ( 3367): iPanel.debug("checkOverlayCreated")
11-06 19:02:33.744 D/[blink]DOMTimer( 3367): [DOMTimer] 0x53f6df58 setTimeout 300ms, repeat:0.
11-06 19:02:33.744 D/ScriptController( 3367): [executeScriptAndReturnValue] [V8] evaluate Script end. frame=0x509c1a48 
11-06 19:02:33.813 I/Advanced( 3367): [QUEUE] share_queue_sendEx size:1 4097 632 0x8fdcff20,postLoopId:0,dstid:1.
11-06 19:02:34.013 I/Advanced( 3367): [QUEUE] share_queue_sendEx size:1 4097 633 0x8fdcff20,postLoopId:0,dstid:1.
11-06 19:02:34.044 D/[blink]DOMTimer( 3367): [fired] 0x53f6df58 timeout fired.
11-06 19:02:34.044 D/ScriptController( 3367): [executeScriptAndReturnValue] [V8] evaluate Script start. frame=0x509c1a48 url= line=1. source length=22
11-06 19:02:34.045 D/iPanel  ( 3367): iPanel.debug("checkOverlayCreated")
11-06 19:02:34.045 D/[blink]DOMTimer( 3367): [DOMTimer] 0x53f6dfc8 setTimeout 300ms, repeat:0.
11-06 19:02:34.045 D/ScriptController( 3367): [executeScriptAndReturnValue] [V8] evaluate Script end. frame=0x509c1a48 
11-06 19:02:34.144 D/BackBootDealerNeimeng( 2389): standbyState:
11-06 19:02:34.145 E/NetUtils( 2018): Interface eth0 LinkDown!
11-06 19:02:34.213 I/Advanced( 3367): [QUEUE] share_queue_sendEx size:1 4097 634 0x8fdcff20,postLoopId:0,dstid:1.
11-06 19:02:34.327 I/AdvancedPorting-PORT_MODULE_NET( 3367): network_task while... 
11-06 19:02:34.327 I/AdvancedPorting-PORT_MODULE_NET( 3367): 0 interface name: lo
11-06 19:02:34.327 I/AdvancedPorting-PORT_MODULE_NET( 3367): 1 interface name: wlan0
11-06 19:02:34.327 I/AdvancedPorting-PORT_MODULE_NET( 3367): First interface name: lo
11-06 19:02:34.327 I/AdvancedPorting-PORT_MODULE_NET( 3367): network_task while...  net_i:1
11-06 19:02:34.327 I/AdvancedPorting-PORT_MODULE_NET( 3367): network_task while---name_interface[0]=lo
11-06 19:02:34.327 I/AdvancedPorting-PORT_MODULE_NET( 3367): network_task while---name_interface[1]=wlan0
11-06 19:02:34.327 I/AdvancedPorting-PORT_MODULE_NET( 3367): network_task while---interface_name=wlan0
11-06 19:02:34.327 I/AdvancedPorting-PORT_MODULE_NET( 3367): network_get_netlink_status(in)--if_name=wlan0
11-06 19:02:34.327 I/AdvancedPorting-PORT_MODULE_NET( 3367): net.network.isconnected = no
11-06 19:02:34.327 I/AdvancedPorting-PORT_MODULE_NET( 3367): wlan0 --network_get_netlink_status return retval=1
11-06 19:02:34.327 I/AdvancedPorting-PORT_MODULE_NET( 3367): stat = 1 last_status = 1
11-06 19:02:34.345 D/[blink]DOMTimer( 3367): [fired] 0x53f6dfc8 timeout fired.
11-06 19:02:34.345 D/ScriptController( 3367): [executeScriptAndReturnValue] [V8] evaluate Script start. frame=0x509c1a48 url= line=1. source length=22
11-06 19:02:34.345 D/iPanel  ( 3367): iPanel.debug("checkOverlayCreated")
11-06 19:02:34.346 D/[blink]DOMTimer( 3367): [DOMTimer] 0x53f6e038 setTimeout 300ms, repeat:0.
11-06 19:02:34.346 D/ScriptController( 3367): [executeScriptAndReturnValue] [V8] evaluate Script end. frame=0x509c1a48 
11-06 19:02:34.414 I/Advanced( 3367): [QUEUE] share_queue_sendEx size:1 4097 635 0x8fdcff20,postLoopId:0,dstid:1.
11-06 19:02:34.614 I/Advanced( 3367): [QUEUE] share_queue_sendEx size:1 4097 636 0x8fdcff20,postLoopId:0,dstid:1.
11-06 19:02:34.645 D/BackBootDealerNeimeng( 2389): standbyState:
11-06 19:02:34.646 D/[blink]DOMTimer( 3367): [fired] 0x53f6e038 timeout fired.
11-06 19:02:34.646 D/ScriptController( 3367): [executeScriptAndReturnValue] [V8] evaluate Script start. frame=0x509c1a48 url= line=1. source length=22
11-06 19:02:34.646 E/NetUtils( 2018): Interface eth0 LinkDown!
11-06 19:02:34.646 D/iPanel  ( 3367): iPanel.debug("checkOverlayCreated")
11-06 19:02:34.646 D/[blink]DOMTimer( 3367): [DOMTimer] 0x53f6e0a8 setTimeout 300ms, repeat:0.
11-06 19:02:34.646 D/ScriptController( 3367): [executeScriptAndReturnValue] [V8] evaluate Script end. frame=0x509c1a48 
11-06 19:02:34.706 E/hcdn_upload( 3008): HCDN_LOG: [2017/11/06-19:02:34:706]:Update uload speed 1 kbps ,real:0 kbps,qsize:0,maxsize:12,timeout_speed:0 kbps 
11-06 19:02:34.815 I/Advanced( 3367): [QUEUE] share_queue_sendEx size:1 4097 637 0x8fdcff20,postLoopId:0,dstid:1.
11-06 19:02:34.947 D/[blink]DOMTimer( 3367): [fired] 0x53f6e0a8 timeout fired.
11-06 19:02:34.947 D/ScriptController( 3367): [executeScriptAndReturnValue] [V8] evaluate Script start. frame=0x509c1a48 url= line=1. source length=22
11-06 19:02:34.948 D/iPanel  ( 3367): iPanel.debug("checkOverlayCreated")
11-06 19:02:34.948 D/[blink]DOMTimer( 3367): [DOMTimer] 0x53f6e118 setTimeout 300ms, repeat:0.
11-06 19:02:34.949 D/ScriptController( 3367): [executeScriptAndReturnValue] [V8] evaluate Script end. frame=0x509c1a48 
11-06 19:02:35.015 I/Advanced( 3367): [QUEUE] share_queue_sendEx size:1 4097 638 0x8fdcff20,postLoopId:0,dstid:1.
11-06 19:02:35.147 D/BackBootDealerNeimeng( 2389): standbyState:
11-06 19:02:35.148 E/NetUtils( 2018): Interface eth0 LinkDown!
11-06 19:02:35.216 I/Advanced( 3367): [QUEUE] share_queue_sendEx size:1 4097 639 0x8fdcff20,postLoopId:0,dstid:1.
11-06 19:02:35.249 D/[blink]DOMTimer( 3367): [fired] 0x53f6e118 timeout fired.
11-06 19:02:35.249 D/ScriptController( 3367): [executeScriptAndReturnValue] [V8] evaluate Script start. frame=0x509c1a48 url= line=1. source length=22
11-06 19:02:35.249 D/iPanel  ( 3367): iPanel.debug("checkOverlayCreated")
11-06 19:02:35.250 D/[blink]DOMTimer( 3367): [DOMTimer] 0x53f6e188 setTimeout 300ms, repeat:0.
11-06 19:02:35.250 D/ScriptController( 3367): [executeScriptAndReturnValue] [V8] evaluate Script end. frame=0x509c1a48 
11-06 19:02:35.327 I/AdvancedPorting-PORT_MODULE_NET( 3367): network_task while... 
11-06 19:02:35.327 I/AdvancedPorting-PORT_MODULE_NET( 3367): 0 interface name: lo
11-06 19:02:35.327 I/AdvancedPorting-PORT_MODULE_NET( 3367): 1 interface name: wlan0
11-06 19:02:35.327 I/AdvancedPorting-PORT_MODULE_NET( 3367): First interface name: lo
11-06 19:02:35.327 I/AdvancedPorting-PORT_MODULE_NET( 3367): network_task while...  net_i:1
11-06 19:02:35.327 I/AdvancedPorting-PORT_MODULE_NET( 3367): network_task while---name_interface[0]=lo
11-06 19:02:35.327 I/AdvancedPorting-PORT_MODULE_NET( 3367): network_task while---name_interface[1]=wlan0
11-06 19:02:35.327 I/AdvancedPorting-PORT_MODULE_NET( 3367): network_task while---interface_name=wlan0
11-06 19:02:35.327 I/AdvancedPorting-PORT_MODULE_NET( 3367): network_get_netlink_status(in)--if_name=wlan0
11-06 19:02:35.327 I/AdvancedPorting-PORT_MODULE_NET( 3367): net.network.isconnected = no
