11-06 19:02:08.473 D/RenderWidgetInputHandler( 3367): [HandleInputEvent] input_event type=8 prevent_default:0
11-06 19:02:08.473 D/WebViewImpl( 3367): [handleKeyEvent] keycode:166, eventType:8 native keycode:4 frame=0x50ad67f0. url='http://10.14.41.246/application/bxfc/sec/popTv_new.php'.
11-06 19:02:08.473 D/[blink]KeyboardEventManager( 3367): [keyEvent] initialKeyEvent KeyDown nativeKeyCode=4 windowsKeyCode=166 text[0]=0
11-06 19:02:08.473 D/[blink]KeyboardEventManager( 3367): [keyEvent] initialKeyEvent focusedNode=0x0
11-06 19:02:08.473 D/V8ScriptRunner( 3367): [callFunction] start. frame = 0x50ad67f0 function: f.document.onkeydown url: http://10.14.41.246/application/bxfc/sec/popTv_new.php line: 2267
11-06 19:02:08.473 D/base::KeyConverter( 3367): [get] convert 4 => 8.
11-06 19:02:08.473 D/[blink]KeyboardEvent( 3367): [keyCode] convert keycode: 4 -> 8.
11-06 19:02:08.474 D/ChromeClientImpl( 3367): [addMessageToConsole] [LOG:CONSOLE(4090)] "-------iframe按键响应=KEY_BACK", source:http://10.14.41.246/application/bxfc/sec/popTv_new.php (4090)
11-06 19:02:08.475 D/ChromeClientImpl( 3367): [addMessageToConsole] [LOG:CONSOLE(4090)] "key_homepage---hidePop---typeof top.window.hidePop:function", source:http://10.14.41.246/application/bxfc/sec/popTv_new.php (4090)
11-06 19:02:08.475 D/ChromeClientImpl( 3367): [addMessageToConsole] [LOG:CONSOLE(11)] "--------1-------hidePop--window.frames:[object Window]", source:http://10.14.41.246/application/bxfc/sec/js/common.js (11)
11-06 19:02:08.476 D/ChromeClientImpl( 3367): [addMessageToConsole] [LOG:CONSOLE(11)] "------2---------hidePop-----ifr_0---", source:http://10.14.41.246/application/bxfc/sec/js/common.js (11)
11-06 19:02:08.476 D/ChromeClientImpl( 3367): [addMessageToConsole] [LOG:CONSOLE(11)] "------------hidePop--popFlag==false", source:http://10.14.41.246/application/bxfc/sec/js/common.js (11)
11-06 19:02:08.477 D/iPanel  ( 3367): iPanel.debug("iPanel.getGlobalVar : name = gotoBuy value = undefined")
11-06 19:02:08.477 D/V8ScriptRunner( 3367): [callFunction] end. frame = 0x50ad67f0 function: f.document.onkeydown url: http://10.14.41.246/application/bxfc/sec/popTv_new.php line: 2267
11-06 19:02:08.477 D/[blink]KeyboardEventManager( 3367): [keyEvent] dispatchResult = CanceledByEventHandler
11-06 19:02:08.480 D/[blink]DOMTimer( 3367): [fired] 0x53f6ba28 timeout fired.
11-06 19:02:08.480 D/ScriptController( 3367): [executeScriptAndReturnValue] [V8] evaluate Script start. frame=0x509c1a48 url= line=1. source length=22
11-06 19:02:08.481 D/iPanel  ( 3367): iPanel.debug("checkOverlayCreated")
11-06 19:02:08.481 D/[blink]DOMTimer( 3367): [DOMTimer] 0x53f6ba98 setTimeout 300ms, repeat:0.
11-06 19:02:08.481 D/ScriptController( 3367): [executeScriptAndReturnValue] [V8] evaluate Script end. frame=0x509c1a48 
11-06 19:02:08.564 I/Advanced( 3367): [QUEUE] share_queue_sendEx size:1 4097 507 0x8fdcff20,postLoopId:0,dstid:1.
11-06 19:02:08.577 D/BackBootDealerNeimeng( 2389): standbyState:
11-06 19:02:08.577 E/NetUtils( 2018): Interface eth0 LinkDown!
11-06 19:02:08.677 D/ir_user ( 1587): PlayerTimeLineTrace:linux_keycode:0x9e(UP),	protocol: .
11-06 19:02:08.677 V/PT      ( 1583): >>INFO:irkey_task:[     165.375197] /dev/input/event0: type=0001 code=009e val=00000000
11-06 19:02:08.677 V/PT      ( 1583): >>INFO:irkey_send:0x3001 0x1000 up  
11-06 19:02:08.677 V/SUMA    ( 1583): ++++++++++++++  _roc_evtmgr_key_cbk 517:input = 12289, event=4096, act=0x400
11-06 19:02:08.677 V/SUMA    ( 1583): lxm:_roc_evtmgr_key_cbk 519 165375
11-06 19:02:08.677 V/SUMA    ( 1583): lxm:_roc_evtmgr_add_key_into_queue 311 165375
11-06 19:02:08.678 V/PT      ( 1583): >>INFO:irkey_task:[     165.375197] /dev/input/event0: type=0000 code=0000 val=00000000
11-06 19:02:08.678 V/SUMA    ( 1583): ===================>> type=0 src=0 evt=4096 act=0x400
11-06 19:02:08.678 V/SUMA    ( 1583): [sysset-s][event_manager_cbk 78]lxm cbid=1, cbk_reg=1, cpid=2458
11-06 19:02:08.678 D/NGBEvent( 2458): ngbEventCallBack type:0 source :4096
11-06 19:02:08.678 D/NGBEvent( 2458): [NGBEventManager-JNI]-returning:1
11-06 19:02:08.678 D/NGBEvent( 2458): Input key event: keyCode=4096
11-06 19:02:08.678 D/NGBEvent( 2458): src:4096 = dest:4096
11-06 19:02:08.678 I/System.out( 2458): [DEBUG EventManager] LWJ--Add event to java with evt=NgbEvent-[type = 1, subtype = 402, code = 4096]
11-06 19:02:08.678 D/NGBEvent( 2458): [NGBEvent_log]--[EventManager--JNI]:		start
11-06 19:02:08.679 I/System.out( 2458): [DEBUG EventManager] broadcastEvent  :len 1
11-06 19:02:08.679 D/KeyEventNgbDealer( 2458): [TN_pool-1-thread-1]handleKeyReleased keyEvent=NgbEvent-[type = 1, subtype = 402, code = 4096],time=165376
11-06 19:02:08.679 D/RemoteIME( 2329): RemoteIME--> onKeyUp keyCode = 4
11-06 19:02:08.680 D/cr_AwTestContainerView( 3367): [AwTestContainerView.java:63] [mainFrame]: [unknown] dispatchKeyEvent keyCode = 4 event = KeyEvent { action=ACTION_UP, keyCode=KEYCODE_BACK, scanCode=158, metaState=0, flags=0x8, repeatCount=0, eventTime=165375, downTime=165165, deviceId=3, source=0x701 }
11-06 19:02:08.681 D/ImeAdapterAndroid( 3367): [SendKeyEvent] [BUILD TIME: ] dispatchKeyEvent key_code=4 modifiers=0 unicode_char=0 scan_code=158 is_system=0 tm=165375
11-06 19:02:08.682 D/RenderWidgetInputHandler( 3367): [HandleInputEvent] input_event type=9 name=KeyUp
11-06 19:02:08.682 D/RenderWidgetInputHandler( 3367): [HandleInputEvent] input_event type=9 prevent_default:0
11-06 19:02:08.682 D/WebViewImpl( 3367): [handleKeyEvent] keycode:166, eventType:9 native keycode:4 frame=0x50ad67f0. url='http://10.14.41.246/application/bxfc/sec/popTv_new.php'.
11-06 19:02:08.682 D/[blink]KeyboardEventManager( 3367): [keyEvent] initialKeyEvent KeyUp nativeKeyCode=4 windowsKeyCode=166 text[0]=0
11-06 19:02:08.682 D/[blink]KeyboardEventManager( 3367): [keyEvent] initialKeyEvent focusedNode=0x0
11-06 19:02:08.693 E/hcdn_upload( 3008): HCDN_LOG: [2017/11/06-19:02:08:693]:Update uload speed 1 kbps ,real:0 kbps,qsize:0,maxsize:12,timeout_speed:0 kbps 
11-06 19:02:08.764 I/Advanced( 3367): [QUEUE] share_queue_sendEx size:1 4097 508 0x8fdcff20,postLoopId:0,dstid:1.
11-06 19:02:08.781 D/[blink]DOMTimer( 3367): [fired] 0x53f6ba98 timeout fired.
11-06 19:02:08.781 D/ScriptController( 3367): [executeScriptAndReturnValue] [V8] evaluate Script start. frame=0x509c1a48 url= line=1. source length=22
11-06 19:02:08.781 D/iPanel  ( 3367): iPanel.debug("checkOverlayCreated")
11-06 19:02:08.781 D/[blink]DOMTimer( 3367): [DOMTimer] 0x53f6bb08 setTimeout 300ms, repeat:0.
11-06 19:02:08.782 D/ScriptController( 3367): [executeScriptAndReturnValue] [V8] evaluate Script end. frame=0x509c1a48 
11-06 19:02:08.837 D/ir_user ( 1587): PlayerTimeLineTrace:linux_keycode:0x9e(DOWN),	protocol: .
11-06 19:02:08.838 V/PT      ( 1583): >>INFO:irkey_task:[     165.535624] /dev/input/event0: type=0001 code=009e val=00000001
11-06 19:02:08.838 V/PT      ( 1583): >>INFO:irkey_send:0x3001 0x1000 down
11-06 19:02:08.838 V/SUMA    ( 1583): ++++++++++++++  _roc_evtmgr_key_cbk 517:input = 12289, event=4096, act=0x100
11-06 19:02:08.838 V/SUMA    ( 1583): lxm:_roc_evtmgr_key_cbk 519 165535
11-06 19:02:08.838 V/SUMA    ( 1583): lxm:_roc_evtmgr_add_evt_into_queue 347 165536
11-06 19:02:08.838 V/PT      ( 1583): >>INFO:irkey_task:[     165.535624] /dev/input/event0: type=0000 code=0000 val=00000000
11-06 19:02:08.838 V/SUMA    ( 1583): ===================>> type=0 src=0 evt=4096 act=0x100
11-06 19:02:08.838 V/SUMA    ( 1583): [sysset-s][event_manager_cbk 78]lxm cbid=1, cbk_reg=1, cpid=2458
11-06 19:02:08.838 D/NGBEvent( 2458): ngbEventCallBack type:0 source :4096
11-06 19:02:08.838 D/NGBEvent( 2458): [NGBEventManager-JNI]-returning:1
11-06 19:02:08.839 D/NGBEvent( 2458): Input key event: keyCode=4096
11-06 19:02:08.839 D/NGBEvent( 2458): src:4096 = dest:4096
11-06 19:02:08.839 I/System.out( 2458): [DEBUG EventManager] LWJ--Add event to java with evt=NgbEvent-[type = 1, subtype = 401, code = 4096]
11-06 19:02:08.839 D/NGBEvent( 2458): [NGBEvent_log]--[EventManager--JNI]:		start
11-06 19:02:08.839 I/System.out( 2458): [DEBUG EventManager] broadcastEvent  :len 1
11-06 19:02:08.839 D/CombineKeyUtil( 2458): [TN_pool-1-thread-1]dealKeyEvent,combineIndex:-1:keyCode:4
11-06 19:02:08.839 D/KeyEventNgbDealer( 2458): [TN_pool-1-thread-1]handleKeyPressed keyEvent=NgbEvent-[type = 1, subtype = 401, code = 4096],time=165537
11-06 19:02:08.840 D/RemoteIME( 2329): onKeyDown event = KeyEvent { action=ACTION_DOWN, keyCode=KEYCODE_BACK, scanCode=158, metaState=0, flags=0x8, repeatCount=0, eventTime=165535, downTime=165535, deviceId=3, source=0x701 },mSkbContainer=null
11-06 19:02:08.841 D/cr_AwTestContainerView( 3367): [AwTestContainerView.java:63] [mainFrame]: [unknown] dispatchKeyEvent keyCode = 4 event = KeyEvent { action=ACTION_DOWN, keyCode=KEYCODE_BACK, scanCode=158, metaState=0, flags=0x8, repeatCount=0, eventTime=165535, downTime=165535, deviceId=3, source=0x701 }
11-06 19:02:08.841 D/ImeAdapterAndroid( 3367): [SendKeyEvent] [BUILD TIME: ] dispatchKeyEvent key_code=4 modifiers=0 unicode_char=0 scan_code=158 is_system=0 tm=165535
11-06 19:02:08.843 D/RenderWidgetInputHandler( 3367): [HandleInputEvent] input_event type=8 name=KeyDown
11-06 19:02:08.843 D/RenderWidgetInputHandler( 3367): [HandleInputEvent] input_event type=8 prevent_default:0
11-06 19:02:08.843 D/WebViewImpl( 3367): [handleKeyEvent] keycode:166, eventType:8 native keycode:4 frame=0x50ad67f0. url='http://10.14.41.246/application/bxfc/sec/popTv_new.php'.
11-06 19:02:08.843 D/[blink]KeyboardEventManager( 3367): [keyEvent] initialKeyEvent KeyDown nativeKeyCode=4 windowsKeyCode=166 text[0]=0
11-06 19:02:08.843 D/[blink]KeyboardEventManager( 3367): [keyEvent] initialKeyEvent focusedNode=0x0
11-06 19:02:08.843 D/V8ScriptRunner( 3367): [callFunction] start. frame = 0x50ad67f0 function: f.document.onkeydown url: http://10.14.41.246/application/bxfc/sec/popTv_new.php line: 2267
11-06 19:02:08.843 D/base::KeyConverter( 3367): [get] convert 4 => 8.
11-06 19:02:08.843 D/[blink]KeyboardEvent( 3367): [keyCode] convert keycode: 4 -> 8.
11-06 19:02:08.844 D/ChromeClientImpl( 3367): [addMessageToConsole] [LOG:CONSOLE(4090)] "-------iframe按键响应=KEY_BACK", source:http://10.14.41.246/application/bxfc/sec/popTv_new.php (4090)
11-06 19:02:08.844 D/ChromeClientImpl( 3367): [addMessageToConsole] [LOG:CONSOLE(4090)] "key_homepage---hidePop---typeof top.window.hidePop:function", source:http://10.14.41.246/application/bxfc/sec/popTv_new.php (4090)
11-06 19:02:08.845 D/ChromeClientImpl( 3367): [addMessageToConsole] [LOG:CONSOLE(11)] "--------1-------hidePop--window.frames:[object Window]", source:http://10.14.41.246/application/bxfc/sec/js/common.js (11)
11-06 19:02:08.845 D/ChromeClientImpl( 3367): [addMessageToConsole] [LOG:CONSOLE(11)] "------2---------hidePop-----ifr_0---", source:http://10.14.41.246/application/bxfc/sec/js/common.js (11)
11-06 19:02:08.846 D/ChromeClientImpl( 3367): [addMessageToConsole] [LOG:CONSOLE(11)] "------------hidePop--popFlag==false", source:http://10.14.41.246/application/bxfc/sec/js/common.js (11)
11-06 19:02:08.846 D/iPanel  ( 3367): iPanel.debug("iPanel.getGlobalVar : name = gotoBuy value = undefined")
11-06 19:02:08.846 D/V8ScriptRunner( 3367): [callFunction] end. frame = 0x50ad67f0 function: f.document.onkeydown url: http://10.14.41.246/application/bxfc/sec/popTv_new.php line: 2267
11-06 19:02:08.846 D/[blink]KeyboardEventManager( 3367): [keyEvent] dispatchResult = CanceledByEventHandler
11-06 19:02:08.964 I/Advanced( 3367): [QUEUE] share_queue_sendEx size:1 4097 509 0x8fdcff20,postLoopId:0,dstid:1.
11-06 19:02:09.047 D/ir_user ( 1587): PlayerTimeLineTrace:linux_keycode:0x9e(UP),	protocol: .
11-06 19:02:09.047 V/PT      ( 1583): >>INFO:irkey_task:[     165.744960] /dev/input/event0: type=0001 code=009e val=00000000
11-06 19:02:09.047 V/PT      ( 1583): >>INFO:irkey_send:0x3001 0x1000 up  
11-06 19:02:09.047 V/SUMA    ( 1583): ++++++++++++++  _roc_evtmgr_key_cbk 517:input = 12289, event=4096, act=0x400
11-06 19:02:09.047 V/SUMA    ( 1583): lxm:_roc_evtmgr_key_cbk 519 165745
11-06 19:02:09.047 V/SUMA    ( 1583): lxm:_roc_evtmgr_add_key_into_queue 311 165745
11-06 19:02:09.047 V/PT      ( 1583): >>INFO:irkey_task:[     165.744960] /dev/input/event0: type=0000 code=0000 val=00000000
11-06 19:02:09.047 V/SUMA    ( 1583): ===================>> type=0 src=0 evt=4096 act=0x400
11-06 19:02:09.048 V/SUMA    ( 1583): [sysset-s][event_manager_cbk 78]lxm cbid=1, cbk_reg=1, cpid=2458
11-06 19:02:09.048 D/NGBEvent( 2458): ngbEventCallBack type:0 source :4096
11-06 19:02:09.048 D/NGBEvent( 2458): [NGBEventManager-JNI]-returning:1
11-06 19:02:09.048 D/NGBEvent( 2458): Input key event: keyCode=4096
11-06 19:02:09.048 D/NGBEvent( 2458): src:4096 = dest:4096
11-06 19:02:09.048 I/System.out( 2458): [DEBUG EventManager] LWJ--Add event to java with evt=NgbEvent-[type = 1, subtype = 402, code = 4096]
11-06 19:02:09.048 D/NGBEvent( 2458): [NGBEvent_log]--[EventManager--JNI]:		start
11-06 19:02:09.048 I/System.out( 2458): [DEBUG EventManager] broadcastEvent  :len 1
11-06 19:02:09.048 D/KeyEventNgbDealer( 2458): [TN_pool-1-thread-1]handleKeyReleased keyEvent=NgbEvent-[type = 1, subtype = 402, code = 4096],time=165746
11-06 19:02:09.049 D/RemoteIME( 2329): RemoteIME--> onKeyUp keyCode = 4
11-06 19:02:09.050 D/cr_AwTestContainerView( 3367): [AwTestContainerView.java:63] [mainFrame]: [unknown] dispatchKeyEvent keyCode = 4 event = KeyEvent { action=ACTION_UP, keyCode=KEYCODE_BACK, scanCode=158, metaState=0, flags=0x8, repeatCount=0, eventTime=165744, downTime=165535, deviceId=3, source=0x701 }
11-06 19:02:09.051 D/ImeAdapterAndroid( 3367): [SendKeyEvent] [BUILD TIME: ] dispatchKeyEvent key_code=4 modifiers=0 unicode_char=0 scan_code=158 is_system=0 tm=165744
11-06 19:02:09.052 D/RenderWidgetInputHandler( 3367): [HandleInputEvent] input_event type=9 name=KeyUp
11-06 19:02:09.052 D/RenderWidgetInputHandler( 3367): [HandleInputEvent] input_event type=9 prevent_default:0
11-06 19:02:09.052 D/WebViewImpl( 3367): [handleKeyEvent] keycode:166, eventType:9 native keycode:4 frame=0x50ad67f0. url='http://10.14.41.246/application/bxfc/sec/popTv_new.php'.
11-06 19:02:09.052 D/[blink]KeyboardEventManager( 3367): [keyEvent] initialKeyEvent KeyUp nativeKeyCode=4 windowsKeyCode=166 text[0]=0
11-06 19:02:09.052 D/[blink]KeyboardEventManager( 3367): [keyEvent] initialKeyEvent focusedNode=0x0
11-06 19:02:09.078 D/BackBootDealerNeimeng( 2389): standbyState:
11-06 19:02:09.078 E/NetUtils( 2018): Interface eth0 LinkDown!
11-06 19:02:09.082 D/[blink]DOMTimer( 3367): [fired] 0x53f6bb08 timeout fired.
11-06 19:02:09.082 D/ScriptController( 3367): [executeScriptAndReturnValue] [V8] evaluate Script start. frame=0x509c1a48 url= line=1. source length=22
11-06 19:02:09.082 D/iPanel  ( 3367): iPanel.debug("checkOverlayCreated")
11-06 19:02:09.082 D/[blink]DOMTimer( 3367): [DOMTimer] 0x53f6bb78 setTimeout 300ms, repeat:0.
11-06 19:02:09.082 D/ScriptController( 3367): [executeScriptAndReturnValue] [V8] evaluate Script end. frame=0x509c1a48 
11-06 19:02:09.165 I/Advanced( 3367): [QUEUE] share_queue_sendEx size:1 4097 510 0x8fdcff20,postLoopId:0,dstid:1.
11-06 19:02:09.193 D/ir_user ( 1587): PlayerTimeLineTrace:linux_keycode:0x9e(DOWN),	protocol: .
11-06 19:02:09.193 V/PT      ( 1583): >>INFO:irkey_task:[     165.890718] /dev/input/event0: type=0001 code=009e val=00000001
11-06 19:02:09.193 V/PT      ( 1583): >>INFO:irkey_send:0x3001 0x1000 down
11-06 19:02:09.193 V/SUMA    ( 1583): ++++++++++++++  _roc_evtmgr_key_cbk 517:input = 12289, event=4096, act=0x100
11-06 19:02:09.193 V/SUMA    ( 1583): lxm:_roc_evtmgr_key_cbk 519 165891
11-06 19:02:09.193 V/SUMA    ( 1583): lxm:_roc_evtmgr_add_evt_into_queue 347 165891
11-06 19:02:09.193 V/PT      ( 1583): >>INFO:irkey_task:[     165.890718] /dev/input/event0: type=0000 code=0000 val=00000000
11-06 19:02:09.193 V/SUMA    ( 1583): ===================>> type=0 src=0 evt=4096 act=0x100
11-06 19:02:09.193 V/SUMA    ( 1583): [sysset-s][event_manager_cbk 78]lxm cbid=1, cbk_reg=1, cpid=2458
11-06 19:02:09.194 D/NGBEvent( 2458): ngbEventCallBack type:0 source :4096
11-06 19:02:09.194 D/NGBEvent( 2458): [NGBEventManager-JNI]-returning:1
11-06 19:02:09.194 D/NGBEvent( 2458): Input key event: keyCode=4096
11-06 19:02:09.194 D/NGBEvent( 2458): src:4096 = dest:4096
11-06 19:02:09.194 I/System.out( 2458): [DEBUG EventManager] LWJ--Add event to java with evt=NgbEvent-[type = 1, subtype = 401, code = 4096]
11-06 19:02:09.194 D/NGBEvent( 2458): [NGBEvent_log]--[EventManager--JNI]:		start
11-06 19:02:09.194 I/System.out( 2458): [DEBUG EventManager] broadcastEvent  :len 1
11-06 19:02:09.194 D/CombineKeyUtil( 2458): [TN_pool-1-thread-1]dealKeyEvent,combineIndex:-1:keyCode:4
11-06 19:02:09.194 D/KeyEventNgbDealer( 2458): [TN_pool-1-thread-1]handleKeyPressed keyEvent=NgbEvent-[type = 1, subtype = 401, code = 4096],time=165892
11-06 19:02:09.195 D/RemoteIME( 2329): onKeyDown event = KeyEvent { action=ACTION_DOWN, keyCode=KEYCODE_BACK, scanCode=158, metaState=0, flags=0x8, repeatCount=0, eventTime=165890, downTime=165890, deviceId=3, source=0x701 },mSkbContainer=null
11-06 19:02:09.196 D/cr_AwTestContainerView( 3367): [AwTestContainerView.java:63] [mainFrame]: [unknown] dispatchKeyEvent keyCode = 4 event = KeyEvent { action=ACTION_DOWN, keyCode=KEYCODE_BACK, scanCode=158, metaState=0, flags=0x8, repeatCount=0, eventTime=165890, downTime=165890, deviceId=3, source=0x701 }
11-06 19:02:09.196 D/ImeAdapterAndroid( 3367): [SendKeyEvent] [BUILD TIME: ] dispatchKeyEvent key_code=4 modifiers=0 unicode_char=0 scan_code=158 is_system=0 tm=165890
11-06 19:02:09.197 D/RenderWidgetInputHandler( 3367): [HandleInputEvent] input_event type=8 name=KeyDown
11-06 19:02:09.198 D/RenderWidgetInputHandler( 3367): [HandleInputEvent] input_event type=8 prevent_default:0
11-06 19:02:09.198 D/WebViewImpl( 3367): [handleKeyEvent] keycode:166, eventType:8 native keycode:4 frame=0x50ad67f0. url='http://10.14.41.246/application/bxfc/sec/popTv_new.php'.
11-06 19:02:09.198 D/[blink]KeyboardEventManager( 3367): [keyEvent] initialKeyEvent KeyDown nativeKeyCode=4 windowsKeyCode=166 text[0]=0
11-06 19:02:09.198 D/[blink]KeyboardEventManager( 3367): [keyEvent] initialKeyEvent focusedNode=0x0
11-06 19:02:09.198 D/V8ScriptRunner( 3367): [callFunction] start. frame = 0x50ad67f0 function: f.document.onkeydown url: http://10.14.41.246/application/bxfc/sec/popTv_new.php line: 2267
11-06 19:02:09.198 D/base::KeyConverter( 3367): [get] convert 4 => 8.
11-06 19:02:09.198 D/[blink]KeyboardEvent( 3367): [keyCode] convert keycode: 4 -> 8.
11-06 19:02:09.199 D/ChromeClientImpl( 3367): [addMessageToConsole] [LOG:CONSOLE(4090)] "-------iframe按键响应=KEY_BACK", source:http://10.14.41.246/application/bxfc/sec/popTv_new.php (4090)
11-06 19:02:09.199 D/ChromeClientImpl( 3367): [addMessageToConsole] [LOG:CONSOLE(4090)] "key_homepage---hidePop---typeof top.window.hidePop:function", source:http://10.14.41.246/application/bxfc/sec/popTv_new.php (4090)
11-06 19:02:09.200 D/ChromeClientImpl( 3367): [addMessageToConsole] [LOG:CONSOLE(11)] "--------1-------hidePop--window.frames:[object Window]", source:http://10.14.41.246/application/bxfc/sec/js/common.js (11)
11-06 19:02:09.200 D/ChromeClientImpl( 3367): [addMessageToConsole] [LOG:CONSOLE(11)] "------2---------hidePop-----ifr_0---", source:http://10.14.41.246/application/bxfc/sec/js/common.js (11)
11-06 19:02:09.201 D/ChromeClientImpl( 3367): [addMessageToConsole] [LOG:CONSOLE(11)] "------------hidePop--popFlag==false", source:http://10.14.41.246/application/bxfc/sec/js/common.js (11)
11-06 19:02:09.201 D/iPanel  ( 3367): iPanel.debug("iPanel.getGlobalVar : name = gotoBuy value = undefined")
11-06 19:02:09.201 D/V8ScriptRunner( 3367): [callFunction] end. frame = 0x50ad67f0 function: f.document.onkeydown url: http://10.14.41.246/application/bxfc/sec/popTv_new.php line: 2267
11-06 19:02:09.201 D/[blink]KeyboardEventManager( 3367): [keyEvent] dispatchResult = CanceledByEventHandler
11-06 19:02:09.292 E/storage_operate( 3008): HCDN_LOG: [2017/11/06-19:02:09:292]:[func:GetTaskCount],[line:827],[oper:get task count],[state:0],[count:0]
11-06 19:02:09.292 E/storage_operate( 3008): HCDN_LOG: [2017/11/06-19:02:09:292]:[func:GetTaskCount],[line:827],[oper:get task count],[state:0],[count:0]
11-06 19:02:09.292 E/storage_operate( 3008): HCDN_LOG: [2017/11/06-19:02:09:292]:[func:GetTaskCount],[line:827],[oper:get task count],[state:1],[count:0]
11-06 19:02:09.313 I/AdvancedPorting-PORT_MODULE_NET( 3367): network_task while... 
11-06 19:02:09.313 I/AdvancedPorting-PORT_MODULE_NET( 3367): 0 interface name: lo
11-06 19:02:09.313 I/AdvancedPorting-PORT_MODULE_NET( 3367): 1 interface name: wlan0
11-06 19:02:09.313 I/AdvancedPorting-PORT_MODULE_NET( 3367): First interface name: lo
11-06 19:02:09.313 I/AdvancedPorting-PORT_MODULE_NET( 3367): network_task while...  net_i:1
11-06 19:02:09.313 I/AdvancedPorting-PORT_MODULE_NET( 3367): network_task while---name_interface[0]=lo
11-06 19:02:09.313 I/AdvancedPorting-PORT_MODULE_NET( 3367): network_task while---name_interface[1]=wlan0
11-06 19:02:09.313 I/AdvancedPorting-PORT_MODULE_NET( 3367): network_task while---interface_name=wlan0
11-06 19:02:09.313 I/AdvancedPorting-PORT_MODULE_NET( 3367): network_get_netlink_status(in)--if_name=wlan0
11-06 19:02:09.313 I/AdvancedPorting-PORT_MODULE_NET( 3367): net.network.isconnected = no
11-06 19:02:09.313 I/AdvancedPorting-PORT_MODULE_NET( 3367): wlan0 --network_get_netlink_status return retval=1
11-06 19:02:09.313 I/AdvancedPorting-PORT_MODULE_NET( 3367): stat = 1 last_status = 1
11-06 19:02:09.365 I/Advanced( 3367): [QUEUE] share_queue_sendEx size:1 4097 511 0x8fdcff20,postLoopId:0,dstid:1.
11-06 19:02:09.382 D/[blink]DOMTimer( 3367): [fired] 0x53f6bb78 timeout fired.
11-06 19:02:09.382 D/ScriptController( 3367): [executeScriptAndReturnValue] [V8] evaluate Script start. frame=0x509c1a48 url= line=1. source length=22
11-06 19:02:09.382 D/iPanel  ( 3367): iPanel.debug("checkOverlayCreated")
11-06 19:02:09.383 D/[blink]DOMTimer( 3367): [DOMTimer] 0x53f6bbe8 setTimeout 300ms, repeat:0.
11-06 19:02:09.383 D/ScriptController( 3367): [executeScriptAndReturnValue] [V8] evaluate Script end. frame=0x509c1a48 
11-06 19:02:09.402 E/storage_operate( 2658): HCDN_LOG: [2017/11/06-19:02:09:402]:[func:GetTaskCount],[line:827],[oper:get task count],[state:0],[count:0]
11-06 19:02:09.402 E/storage_operate( 2658): HCDN_LOG: [2017/11/06-19:02:09:402]:[func:GetTaskCount],[line:827],[oper:get task count],[state:0],[count:0]
11-06 19:02:09.402 D/ir_user ( 1587): PlayerTimeLineTrace:linux_keycode:0x9e(UP),	protocol: .
11-06 19:02:09.402 V/PT      ( 1583): >>INFO:irkey_task:[     166.100084] /dev/input/event0: type=0001 code=009e val=00000000
11-06 19:02:09.402 E/storage_operate( 2658): HCDN_LOG: [2017/11/06-19:02:09:402]:[func:GetTaskCount],[line:827],[oper:get task count],[state:1],[count:0]
11-06 19:02:09.402 V/PT      ( 1583): >>INFO:irkey_send:0x3001 0x1000 up  
11-06 19:02:09.402 V/SUMA    ( 1583): ++++++++++++++  _roc_evtmgr_key_cbk 517:input = 12289, event=4096, act=0x400
11-06 19:02:09.402 V/SUMA    ( 1583): lxm:_roc_evtmgr_key_cbk 519 166100
11-06 19:02:09.402 V/SUMA    ( 1583): lxm:_roc_evtmgr_add_key_into_queue 311 166100
11-06 19:02:09.402 V/PT      ( 1583): >>INFO:irkey_task:[     166.100084] /dev/input/event0: type=0000 code=0000 val=00000000
11-06 19:02:09.402 V/SUMA    ( 1583): ===================>> type=0 src=0 evt=4096 act=0x400
11-06 19:02:09.403 V/SUMA    ( 1583): [sysset-s][event_manager_cbk 78]lxm cbid=1, cbk_reg=1, cpid=2458
11-06 19:02:09.403 D/NGBEvent( 2458): ngbEventCallBack type:0 source :4096
11-06 19:02:09.403 D/NGBEvent( 2458): [NGBEventManager-JNI]-returning:1
11-06 19:02:09.403 D/NGBEvent( 2458): Input key event: keyCode=4096
11-06 19:02:09.403 D/NGBEvent( 2458): src:4096 = dest:4096
11-06 19:02:09.403 I/System.out( 2458): [DEBUG EventManager] LWJ--Add event to java with evt=NgbEvent-[type = 1, subtype = 402, code = 4096]
11-06 19:02:09.403 D/NGBEvent( 2458): [NGBEvent_log]--[EventManager--JNI]:		start
11-06 19:02:09.403 I/System.out( 2458): [DEBUG EventManager] broadcastEvent  :len 1
11-06 19:02:09.404 D/KeyEventNgbDealer( 2458): [TN_pool-1-thread-1]handleKeyReleased keyEvent=NgbEvent-[type = 1, subtype = 402, code = 4096],time=166101
11-06 19:02:09.404 D/RemoteIME( 2329): RemoteIME--> onKeyUp keyCode = 4
11-06 19:02:09.406 D/cr_AwTestContainerView( 3367): [AwTestContainerView.java:63] [mainFrame]: [unknown] dispatchKeyEvent keyCode = 4 event = KeyEvent { action=ACTION_UP, keyCode=KEYCODE_BACK, scanCode=158, metaState=0, flags=0x8, repeatCount=0, eventTime=166100, downTime=165890, deviceId=3, source=0x701 }
11-06 19:02:09.406 D/ImeAdapterAndroid( 3367): [SendKeyEvent] [BUILD TIME: ] dispatchKeyEvent key_code=4 modifiers=0 unicode_char=0 scan_code=158 is_system=0 tm=166100
11-06 19:02:09.407 D/RenderWidgetInputHandler( 3367): [HandleInputEvent] input_event type=9 name=KeyUp
11-06 19:02:09.407 D/RenderWidgetInputHandler( 3367): [HandleInputEvent] input_event type=9 prevent_default:0
11-06 19:02:09.407 D/WebViewImpl( 3367): [handleKeyEvent] keycode:166, eventType:9 native keycode:4 frame=0x50ad67f0. url='http://10.14.41.246/application/bxfc/sec/popTv_new.php'.
11-06 19:02:09.407 D/[blink]KeyboardEventManager( 3367): [keyEvent] initialKeyEvent KeyUp nativeKeyCode=4 windowsKeyCode=166 text[0]=0
11-06 19:02:09.407 D/[blink]KeyboardEventManager( 3367): [keyEvent] initialKeyEvent focusedNode=0x0
11-06 19:02:09.566 I/Advanced( 3367): [QUEUE] share_queue_sendEx size:1 4097 512 0x8fdcff20,postLoopId:0,dstid:1.
11-06 19:02:09.579 D/BackBootDealerNeimeng( 2389): standbyState:
11-06 19:02:09.580 E/NetUtils( 2018): Interface eth0 LinkDown!
11-06 19:02:09.683 D/[blink]DOMTimer( 3367): [fired] 0x53f6bbe8 timeout fired.
11-06 19:02:09.683 D/ScriptController( 3367): [executeScriptAndReturnValue] [V8] evaluate Script start. frame=0x509c1a48 url= line=1. source length=22
11-06 19:02:09.684 D/iPanel  ( 3367): iPanel.debug("checkOverlayCreated")
11-06 19:02:09.684 D/[blink]DOMTimer( 3367): [DOMTimer] 0x53f6bc58 setTimeout 300ms, repeat:0.
11-06 19:02:09.684 D/ScriptController( 3367): [executeScriptAndReturnValue] [V8] evaluate Script end. frame=0x509c1a48 
11-06 19:02:09.693 E/hcdn_upload( 3008): HCDN_LOG: [2017/11/06-19:02:09:693]:Update uload speed 1 kbps ,real:0 kbps,qsize:0,maxsize:12,timeout_speed:0 kbps 
11-06 19:02:09.766 I/Advanced( 3367): [QUEUE] share_queue_sendEx size:1 4097 513 0x8fdcff20,postLoopId:0,dstid:1.
11-06 19:02:09.967 I/Advanced( 3367): [QUEUE] share_queue_sendEx size:1 4097 514 0x8fdcff20,postLoopId:0,dstid:1.
11-06 19:02:09.973 D/ir_user ( 1587): PlayerTimeLineTrace:linux_keycode:0x9e(DOWN),	protocol: .
11-06 19:02:09.973 V/PT      ( 1583): >>INFO:irkey_task:[     166.671474] /dev/input/event0: type=0001 code=009e val=00000001
11-06 19:02:09.973 V/PT      ( 1583): >>INFO:irkey_send:0x3001 0x1000 down
11-06 19:02:09.974 V/SUMA    ( 1583): ++++++++++++++  _roc_evtmgr_key_cbk 517:input = 12289, event=4096, act=0x100
11-06 19:02:09.974 V/SUMA    ( 1583): lxm:_roc_evtmgr_key_cbk 519 166671
11-06 19:02:09.974 V/SUMA    ( 1583): lxm:_roc_evtmgr_add_evt_into_queue 347 166671
11-06 19:02:09.974 V/PT      ( 1583): >>INFO:irkey_task:[     166.671474] /dev/input/event0: type=0000 code=0000 val=00000000
11-06 19:02:09.974 V/SUMA    ( 1583): ===================>> type=0 src=0 evt=4096 act=0x100
11-06 19:02:09.974 V/SUMA    ( 1583): [sysset-s][event_manager_cbk 78]lxm cbid=1, cbk_reg=1, cpid=2458
11-06 19:02:09.974 D/NGBEvent( 2458): ngbEventCallBack type:0 source :4096
11-06 19:02:09.974 D/NGBEvent( 2458): [NGBEventManager-JNI]-returning:1
11-06 19:02:09.974 D/NGBEvent( 2458): Input key event: keyCode=4096
11-06 19:02:09.974 D/NGBEvent( 2458): src:4096 = dest:4096
11-06 19:02:09.975 I/System.out( 2458): [DEBUG EventManager] LWJ--Add event to java with evt=NgbEvent-[type = 1, subtype = 401, code = 4096]
11-06 19:02:09.975 D/NGBEvent( 2458): [NGBEvent_log]--[EventManager--JNI]:		start
11-06 19:02:09.975 I/System.out( 2458): [DEBUG EventManager] broadcastEvent  :len 1
11-06 19:02:09.975 D/CombineKeyUtil( 2458): [TN_pool-1-thread-1]dealKeyEvent,combineIndex:-1:keyCode:4
11-06 19:02:09.975 D/KeyEventNgbDealer( 2458): [TN_pool-1-thread-1]handleKeyPressed keyEvent=NgbEvent-[type = 1, subtype = 401, code = 4096],time=166673
11-06 19:02:09.976 D/RemoteIME( 2329): onKeyDown event = KeyEvent { action=ACTION_DOWN, keyCode=KEYCODE_BACK, scanCode=158, metaState=0, flags=0x8, repeatCount=0, eventTime=166671, downTime=166671, deviceId=3, source=0x701 },mSkbContainer=null
11-06 19:02:09.977 D/cr_AwTestContainerView( 3367): [AwTestContainerView.java:63] [mainFrame]: [unknown] dispatchKeyEvent keyCode = 4 event = KeyEvent { action=ACTION_DOWN, keyCode=KEYCODE_BACK, scanCode=158, metaState=0, flags=0x8, repeatCount=0, eventTime=166671, downTime=166671, deviceId=3, source=0x701 }
11-06 19:02:09.977 D/ImeAdapterAndroid( 3367): [SendKeyEvent] [BUILD TIME: ] dispatchKeyEvent key_code=4 modifiers=0 unicode_char=0 scan_code=158 is_system=0 tm=166671
11-06 19:02:09.979 D/RenderWidgetInputHandler( 3367): [HandleInputEvent] input_event type=8 name=KeyDown
11-06 19:02:09.979 D/RenderWidgetInputHandler( 3367): [HandleInputEvent] input_event type=8 prevent_default:0
11-06 19:02:09.979 D/WebViewImpl( 3367): [handleKeyEvent] keycode:166, eventType:8 native keycode:4 frame=0x50ad67f0. url='http://10.14.41.246/application/bxfc/sec/popTv_new.php'.
11-06 19:02:09.979 D/[blink]KeyboardEventManager( 3367): [keyEvent] initialKeyEvent KeyDown nativeKeyCode=4 windowsKeyCode=166 text[0]=0
11-06 19:02:09.979 D/[blink]KeyboardEventManager( 3367): [keyEvent] initialKeyEvent focusedNode=0x0
11-06 19:02:09.979 D/V8ScriptRunner( 3367): [callFunction] start. frame = 0x50ad67f0 function: f.document.onkeydown url: http://10.14.41.246/application/bxfc/sec/popTv_new.php line: 2267
11-06 19:02:09.979 D/base::KeyConverter( 3367): [get] convert 4 => 8.
11-06 19:02:09.979 D/[blink]KeyboardEvent( 3367): [keyCode] convert keycode: 4 -> 8.
11-06 19:02:09.980 D/ChromeClientImpl( 3367): [addMessageToConsole] [LOG:CONSOLE(4090)] "-------iframe按键响应=KEY_BACK", source:http://10.14.41.246/application/bxfc/sec/popTv_new.php (4090)
11-06 19:02:09.980 D/ChromeClientImpl( 3367): [addMessageToConsole] [LOG:CONSOLE(4090)] "key_homepage---hidePop---typeof top.window.hidePop:function", source:http://10.14.41.246/application/bxfc/sec/popTv_new.php (4090)
11-06 19:02:09.981 D/ChromeClientImpl( 3367): [addMessageToConsole] [LOG:CONSOLE(11)] "--------1-------hidePop--window.frames:[object Window]", source:http://10.14.41.246/application/bxfc/sec/js/common.js (11)
11-06 19:02:09.981 D/ChromeClientImpl( 3367): [addMessageToConsole] [LOG:CONSOLE(11)] "------2---------hidePop-----ifr_0---", source:http://10.14.41.246/application/bxfc/sec/js/common.js (11)
11-06 19:02:09.982 D/ChromeClientImpl( 3367): [addMessageToConsole] [LOG:CONSOLE(11)] "------------hidePop--popFlag==false", source:http://10.14.41.246/application/bxfc/sec/js/common.js (11)
11-06 19:02:09.982 D/iPanel  ( 3367): iPanel.debug("iPanel.getGlobalVar : name = gotoBuy value = undefined")
11-06 19:02:09.982 D/V8ScriptRunner( 3367): [callFunction] end. frame = 0x50ad67f0 function: f.document.onkeydown url: http://10.14.41.246/application/bxfc/sec/popTv_new.php line: 2267
11-06 19:02:09.982 D/[blink]KeyboardEventManager( 3367): [keyEvent] dispatchResult = CanceledByEventHandler
11-06 19:02:09.984 D/[blink]DOMTimer( 3367): [fired] 0x53f6bc58 timeout fired.
11-06 19:02:09.984 D/ScriptController( 3367): [executeScriptAndReturnValue] [V8] evaluate Script start. frame=0x509c1a48 url= line=1. source length=22
11-06 19:02:09.984 D/iPanel  ( 3367): iPanel.debug("checkOverlayCreated")
11-06 19:02:09.984 D/[blink]DOMTimer( 3367): [DOMTimer] 0x53f6bcc8 setTimeout 300ms, repeat:0.
11-06 19:02:09.984 D/ScriptController( 3367): [executeScriptAndReturnValue] [V8] evaluate Script end. frame=0x509c1a48 
11-06 19:02:10.080 D/BackBootDealerNeimeng( 2389): standbyState:
11-06 19:02:10.081 E/NetUtils( 2018): Interface eth0 LinkDown!
11-06 19:02:10.183 D/ir_user ( 1587): PlayerTimeLineTrace:linux_keycode:0x9e(UP),	protocol: .
11-06 19:02:10.183 V/PT      ( 1583): >>INFO:irkey_task:[     166.880809] /dev/input/event0: type=0001 code=009e val=00000000
11-06 19:02:10.183 V/PT      ( 1583): >>INFO:irkey_send:0x3001 0x1000 up  
11-06 19:02:10.183 V/SUMA    ( 1583): ++++++++++++++  _roc_evtmgr_key_cbk 517:input = 12289, event=4096, act=0x400
11-06 19:02:10.183 V/SUMA    ( 1583): lxm:_roc_evtmgr_key_cbk 519 166881
11-06 19:02:10.183 V/SUMA    ( 1583): lxm:_roc_evtmgr_add_key_into_queue 311 166881
11-06 19:02:10.183 V/PT      ( 1583): >>INFO:irkey_task:[     166.880809] /dev/input/event0: type=0000 code=0000 val=00000000
11-06 19:02:10.183 V/SUMA    ( 1583): ===================>> type=0 src=0 evt=4096 act=0x400
11-06 19:02:10.183 V/SUMA    ( 1583): [sysset-s][event_manager_cbk 78]lxm cbid=1, cbk_reg=1, cpid=2458
11-06 19:02:10.184 D/NGBEvent( 2458): ngbEventCallBack type:0 source :4096
11-06 19:02:10.184 D/NGBEvent( 2458): [NGBEventManager-JNI]-returning:1
11-06 19:02:10.184 D/NGBEvent( 2458): Input key event: keyCode=4096
11-06 19:02:10.184 D/NGBEvent( 2458): src:4096 = dest:4096
11-06 19:02:10.184 I/System.out( 2458): [DEBUG EventManager] LWJ--Add event to java with evt=NgbEvent-[type = 1, subtype = 402, code = 4096]
11-06 19:02:10.184 D/NGBEvent( 2458): [NGBEvent_log]--[EventManager--JNI]:		start
11-06 19:02:10.184 I/System.out( 2458): [DEBUG EventManager] broadcastEvent  :len 1
11-06 19:02:10.184 D/KeyEventNgbDealer( 2458): [TN_pool-1-thread-1]handleKeyReleased keyEvent=NgbEvent-[type = 1, subtype = 402, code = 4096],time=166882
11-06 19:02:10.185 D/RemoteIME( 2329): RemoteIME--> onKeyUp keyCode = 4
11-06 19:02:10.186 D/cr_AwTestContainerView( 3367): [AwTestContainerView.java:63] [mainFrame]: [unknown] dispatchKeyEvent keyCode = 4 event = KeyEvent { action=ACTION_UP, keyCode=KEYCODE_BACK, scanCode=158, metaState=0, flags=0x8, repeatCount=0, eventTime=166880, downTime=166671, deviceId=3, source=0x701 }
11-06 19:02:10.186 D/ImeAdapterAndroid( 3367): [SendKeyEvent] [BUILD TIME: ] dispatchKeyEvent key_code=4 modifiers=0 unicode_char=0 scan_code=158 is_system=0 tm=166880
11-06 19:02:10.187 D/RenderWidgetInputHandler( 3367): [HandleInputEvent] input_event type=9 name=KeyUp
11-06 19:02:10.187 D/RenderWidgetInputHandler( 3367): [HandleInputEvent] input_event type=9 prevent_default:0
11-06 19:02:10.188 D/WebViewImpl( 3367): [handleKeyEvent] keycode:166, eventType:9 native keycode:4 frame=0x50ad67f0. url='http://10.14.41.246/application/bxfc/sec/popTv_new.php'.
11-06 19:02:10.188 D/[blink]KeyboardEventManager( 3367): [keyEvent] initialKeyEvent KeyUp nativeKeyCode=4 windowsKeyCode=166 text[0]=0
11-06 19:02:10.188 D/[blink]KeyboardEventManager( 3367): [keyEvent] initialKeyEvent focusedNode=0x0
11-06 19:02:10.226 D/IPLoaderNeimeng( 2389): after wait time19:02:10:monitorInterval:5000
11-06 19:02:10.226 D/IPLoaderNeimeng( 2389): before dealUpdateCheck time:19:02:10:isMsgBroadcast:false:monitorInterval:5000:processState:1
11-06 19:02:10.226 D/IPLoaderNeimeng( 2389): dealUpdateCheck isFirstSuccessUpdate:false:monitorInterval:5000
11-06 19:02:10.226 D/LoadHttpHandler( 2389): [TN_ThreadUtil-4]doNormal proxyConfig=null
11-06 19:02:10.270 D/LoadHttpHandler( 2389): [TN_ThreadUtil-4]doNormal responseCode=404
11-06 19:02:10.271 D/LoadHttpTask( 2389): dealUpdateCheck responseCode:404:data:null:downloadResult:false
11-06 19:02:10.271 D/IPLoaderNeimeng( 2389): after dealUpdateCheck time:19:02:10:isMsgBroadcast:false:monitorInterval:5000:processState:1
11-06 19:02:10.271 D/IPLoaderNeimeng( 2389): before wait time19:02:10:monitorInterval:5000
11-06 19:02:10.284 D/[blink]DOMTimer( 3367): [fired] 0x53f6bcc8 timeout fired.
11-06 19:02:10.284 D/ScriptController( 3367): [executeScriptAndReturnValue] [V8] evaluate Script start. frame=0x509c1a48 url= line=1. source length=22
11-06 19:02:10.285 D/iPanel  ( 3367): iPanel.debug("checkOverlayCreated")
11-06 19:02:10.285 D/[blink]DOMTimer( 3367): [DOMTimer] 0x53f6bd38 setTimeout 300ms, repeat:0.
11-06 19:02:10.285 D/ScriptController( 3367): [executeScriptAndReturnValue] [V8] evaluate Script end. frame=0x509c1a48 
11-06 19:02:10.299 D/ir_user ( 1587): PlayerTimeLineTrace:linux_keycode:0x9e(DOWN),	protocol: .
11-06 19:02:10.299 V/PT      ( 1583): >>INFO:irkey_task:[     166.997150] /dev/input/event0: type=0001 code=009e val=00000001
11-06 19:02:10.299 V/PT      ( 1583): >>INFO:irkey_send:0x3001 0x1000 down
11-06 19:02:10.299 V/SUMA    ( 1583): ++++++++++++++  _roc_evtmgr_key_cbk 517:input = 12289, event=4096, act=0x100
11-06 19:02:10.299 V/SUMA    ( 1583): lxm:_roc_evtmgr_key_cbk 519 166997
11-06 19:02:10.299 V/SUMA    ( 1583): lxm:_roc_evtmgr_add_evt_into_queue 347 166997
11-06 19:02:10.300 V/PT      ( 1583): >>INFO:irkey_task:[     166.997150] /dev/input/event0: type=0000 code=0000 val=00000000
11-06 19:02:10.300 V/SUMA    ( 1583): ===================>> type=0 src=0 evt=4096 act=0x100
11-06 19:02:10.300 V/SUMA    ( 1583): [sysset-s][event_manager_cbk 78]lxm cbid=1, cbk_reg=1, cpid=2458
11-06 19:02:10.300 D/NGBEvent( 2458): ngbEventCallBack type:0 source :4096
11-06 19:02:10.300 D/NGBEvent( 2458): [NGBEventManager-JNI]-returning:1
11-06 19:02:10.300 D/NGBEvent( 2458): Input key event: keyCode=4096
11-06 19:02:10.300 D/NGBEvent( 2458): src:4096 = dest:4096
11-06 19:02:10.300 I/System.out( 2458): [DEBUG EventManager] LWJ--Add event to java with evt=NgbEvent-[type = 1, subtype = 401, code = 4096]
11-06 19:02:10.300 D/NGBEvent( 2458): [NGBEvent_log]--[EventManager--JNI]:		start
11-06 19:02:10.301 I/System.out( 2458): [DEBUG EventManager] broadcastEvent  :len 1
11-06 19:02:10.301 D/CombineKeyUtil( 2458): [TN_pool-1-thread-1]dealKeyEvent,combineIndex:-1:keyCode:4
11-06 19:02:10.301 D/KeyEventNgbDealer( 2458): [TN_pool-1-thread-1]handleKeyPressed keyEvent=NgbEvent-[type = 1, subtype = 401, code = 4096],time=166998
11-06 19:02:10.301 D/RemoteIME( 2329): onKeyDown event = KeyEvent { action=ACTION_DOWN, keyCode=KEYCODE_BACK, scanCode=158, metaState=0, flags=0x8, repeatCount=0, eventTime=166997, downTime=166997, deviceId=3, source=0x701 },mSkbContainer=null
11-06 19:02:10.303 D/cr_AwTestContainerView( 3367): [AwTestContainerView.java:63] [mainFrame]: [unknown] dispatchKeyEvent keyCode = 4 event = KeyEvent { action=ACTION_DOWN, keyCode=KEYCODE_BACK, scanCode=158, metaState=0, flags=0x8, repeatCount=0, eventTime=166997, downTime=166997, deviceId=3, source=0x701 }
11-06 19:02:10.303 D/ImeAdapterAndroid( 3367): [SendKeyEvent] [BUILD TIME: ] dispatchKeyEvent key_code=4 modifiers=0 unicode_char=0 scan_code=158 is_system=0 tm=166997
11-06 19:02:10.304 D/RenderWidgetInputHandler( 3367): [HandleInputEvent] input_event type=8 name=KeyDown
11-06 19:02:10.304 D/RenderWidgetInputHandler( 3367): [HandleInputEvent] input_event type=8 prevent_default:0
11-06 19:02:10.304 D/WebViewImpl( 3367): [handleKeyEvent] keycode:166, eventType:8 native keycode:4 frame=0x50ad67f0. url='http://10.14.41.246/application/bxfc/sec/popTv_new.php'.
11-06 19:02:10.304 D/[blink]KeyboardEventManager( 3367): [keyEvent] initialKeyEvent KeyDown nativeKeyCode=4 windowsKeyCode=166 text[0]=0
11-06 19:02:10.304 D/[blink]KeyboardEventManager( 3367): [keyEvent] initialKeyEvent focusedNode=0x0
11-06 19:02:10.305 D/V8ScriptRunner( 3367): [callFunction] start. frame = 0x50ad67f0 function: f.document.onkeydown url: http://10.14.41.246/application/bxfc/sec/popTv_new.php line: 2267
11-06 19:02:10.305 D/base::KeyConverter( 3367): [get] convert 4 => 8.
11-06 19:02:10.305 D/[blink]KeyboardEvent( 3367): [keyCode] convert keycode: 4 -> 8.
11-06 19:02:10.305 D/ChromeClientImpl( 3367): [addMessageToConsole] [LOG:CONSOLE(4090)] "-------iframe按键响应=KEY_BACK", source:http://10.14.41.246/application/bxfc/sec/popTv_new.php (4090)
11-06 19:02:10.306 D/ChromeClientImpl( 3367): [addMessageToConsole] [LOG:CONSOLE(4090)] "key_homepage---hidePop---typeof top.window.hidePop:function", source:http://10.14.41.246/application/bxfc/sec/popTv_new.php (4090)
11-06 19:02:10.306 D/ChromeClientImpl( 3367): [addMessageToConsole] [LOG:CONSOLE(11)] "--------1-------hidePop--window.frames:[object Window]", source:http://10.14.41.246/application/bxfc/sec/js/common.js (11)
11-06 19:02:10.307 D/ChromeClientImpl( 3367): [addMessageToConsole] [LOG:CONSOLE(11)] "------2---------hidePop-----ifr_0---", source:http://10.14.41.246/application/bxfc/sec/js/common.js (11)
11-06 19:02:10.307 D/ChromeClientImpl( 3367): [addMessageToConsole] [LOG:CONSOLE(11)] "------------hidePop--popFlag==false", source:http://10.14.41.246/application/bxfc/sec/js/common.js (11)
11-06 19:02:10.307 D/iPanel  ( 3367): iPanel.debug("iPanel.getGlobalVar : name = gotoBuy value = undefined")
11-06 19:02:10.307 D/V8ScriptRunner( 3367): [callFunction] end. frame = 0x50ad67f0 function: f.document.onkeydown url: http://10.14.41.246/application/bxfc/sec/popTv_new.php line: 2267
11-06 19:02:10.308 D/[blink]KeyboardEventManager( 3367): [keyEvent] dispatchResult = CanceledByEventHandler
11-06 19:02:10.313 I/AdvancedPorting-PORT_MODULE_NET( 3367): network_task while... 
11-06 19:02:10.313 I/AdvancedPorting-PORT_MODULE_NET( 3367): 0 interface name: lo
11-06 19:02:10.313 I/AdvancedPorting-PORT_MODULE_NET( 3367): 1 interface name: wlan0
11-06 19:02:10.313 I/AdvancedPorting-PORT_MODULE_NET( 3367): First interface name: lo
11-06 19:02:10.313 I/AdvancedPorting-PORT_MODULE_NET( 3367): network_task while...  net_i:1
11-06 19:02:10.313 I/AdvancedPorting-PORT_MODULE_NET( 3367): network_task while---name_interface[0]=lo
11-06 19:02:10.314 I/AdvancedPorting-PORT_MODULE_NET( 3367): network_task while---name_interface[1]=wlan0
11-06 19:02:10.314 I/AdvancedPorting-PORT_MODULE_NET( 3367): network_task while---interface_name=wlan0
11-06 19:02:10.314 I/AdvancedPorting-PORT_MODULE_NET( 3367): network_get_netlink_status(in)--if_name=wlan0
11-06 19:02:10.314 I/AdvancedPorting-PORT_MODULE_NET( 3367): net.network.isconnected = no
11-06 19:02:10.314 I/AdvancedPorting-PORT_MODULE_NET( 3367): wlan0 --network_get_netlink_status return retval=1
11-06 19:02:10.314 I/AdvancedPorting-PORT_MODULE_NET( 3367): stat = 1 last_status = 1
11-06 19:02:10.377 I/Advanced( 3367): [QUEUE] share_queue_sendEx size:1 4097 516 0x8fdcff20,postLoopId:0,dstid:1.
11-06 19:02:10.508 V/PT      ( 1583): >>INFO:irkey_task:[     167.206493] /dev/input/event0: type=0001 code=009e val=00000000
11-06 19:02:10.509 V/PT      ( 1583): >>INFO:irkey_send:0x3001 0x1000 up  
11-06 19:02:10.509 V/SUMA    ( 1583): ++++++++++++++  _roc_evtmgr_key_cbk 517:input = 12289, event=4096, act=0x400
11-06 19:02:10.509 V/SUMA    ( 1583): lxm:_roc_evtmgr_key_cbk 519 167206
11-06 19:02:10.509 D/ir_user ( 1587): PlayerTimeLineTrace:linux_keycode:0x9e(UP),	protocol: .
11-06 19:02:10.509 V/SUMA    ( 1583): lxm:_roc_evtmgr_add_key_into_queue 311 167206
11-06 19:02:10.509 V/PT      ( 1583): >>INFO:irkey_task:[     167.206493] /dev/input/event0: type=0000 code=0000 val=00000000
11-06 19:02:10.509 V/SUMA    ( 1583): ===================>> type=0 src=0 evt=4096 act=0x400
11-06 19:02:10.509 V/SUMA    ( 1583): [sysset-s][event_manager_cbk 78]lxm cbid=1, cbk_reg=1, cpid=2458
11-06 19:02:10.510 D/NGBEvent( 2458): ngbEventCallBack type:0 source :4096
11-06 19:02:10.510 D/NGBEvent( 2458): [NGBEventManager-JNI]-returning:1
11-06 19:02:10.510 D/NGBEvent( 2458): Input key event: keyCode=4096
11-06 19:02:10.510 D/NGBEvent( 2458): src:4096 = dest:4096
11-06 19:02:10.510 I/System.out( 2458): [DEBUG EventManager] LWJ--Add event to java with evt=NgbEvent-[type = 1, subtype = 402, code = 4096]
11-06 19:02:10.510 D/NGBEvent( 2458): [NGBEvent_log]--[EventManager--JNI]:		start
11-06 19:02:10.510 I/System.out( 2458): [DEBUG EventManager] broadcastEvent  :len 1
11-06 19:02:10.510 D/RemoteIME( 2329): RemoteIME--> onKeyUp keyCode = 4
11-06 19:02:10.511 D/KeyEventNgbDealer( 2458): [TN_pool-1-thread-1]handleKeyReleased keyEvent=NgbEvent-[type = 1, subtype = 402, code = 4096],time=167208
11-06 19:02:10.512 D/cr_AwTestContainerView( 3367): [AwTestContainerView.java:63] [mainFrame]: [unknown] dispatchKeyEvent keyCode = 4 event = KeyEvent { action=ACTION_UP, keyCode=KEYCODE_BACK, scanCode=158, metaState=0, flags=0x8, repeatCount=0, eventTime=167206, downTime=166997, deviceId=3, source=0x701 }
11-06 19:02:10.512 D/ImeAdapterAndroid( 3367): [SendKeyEvent] [BUILD TIME: ] dispatchKeyEvent key_code=4 modifiers=0 unicode_char=0 scan_code=158 is_system=0 tm=167206
11-06 19:02:10.513 D/RenderWidgetInputHandler( 3367): [HandleInputEvent] input_event type=9 name=KeyUp
11-06 19:02:10.513 D/RenderWidgetInputHandler( 3367): [HandleInputEvent] input_event type=9 prevent_default:0
11-06 19:02:10.513 D/WebViewImpl( 3367): [handleKeyEvent] keycode:166, eventType:9 native keycode:4 frame=0x50ad67f0. url='http://10.14.41.246/application/bxfc/sec/popTv_new.php'.
11-06 19:02:10.513 D/[blink]KeyboardEventManager( 3367): [keyEvent] initialKeyEvent KeyUp nativeKeyCode=4 windowsKeyCode=166 text[0]=0
11-06 19:02:10.513 D/[blink]KeyboardEventManager( 3367): [keyEvent] initialKeyEvent focusedNode=0x0
11-06 19:02:10.577 I/Advanced( 3367): [QUEUE] share_queue_sendEx size:1 4097 517 0x8fdcff20,postLoopId:0,dstid:1.
11-06 19:02:10.581 D/BackBootDealerNeimeng( 2389): standbyState:
11-06 19:02:10.582 E/NetUtils( 2018): Interface eth0 LinkDown!
11-06 19:02:10.585 D/[blink]DOMTimer( 3367): [fired] 0x53f6bd38 timeout fired.
11-06 19:02:10.585 D/ScriptController( 3367): [executeScriptAndReturnValue] [V8] evaluate Script start. frame=0x509c1a48 url= line=1. source length=22
11-06 19:02:10.585 D/iPanel  ( 3367): iPanel.debug("checkOverlayCreated")
11-06 19:02:10.585 D/[blink]DOMTimer( 3367): [DOMTimer] 0x53f6bda8 setTimeout 300ms, repeat:0.
11-06 19:02:10.585 D/ScriptController( 3367): [executeScriptAndReturnValue] [V8] evaluate Script end. frame=0x509c1a48 
11-06 19:02:10.595 D/ir_user ( 1587): PlayerTimeLineTrace:linux_keycode:0x9e(DOWN),	protocol: .
11-06 19:02:10.595 V/PT      ( 1583): >>INFO:irkey_task:[     167.293391] /dev/input/event0: type=0001 code=009e val=00000001
11-06 19:02:10.595 V/PT      ( 1583): >>INFO:irkey_send:0x3001 0x1000 down
11-06 19:02:10.595 V/SUMA    ( 1583): ++++++++++++++  _roc_evtmgr_key_cbk 517:input = 12289, event=4096, act=0x100
11-06 19:02:10.595 V/SUMA    ( 1583): lxm:_roc_evtmgr_key_cbk 519 167293
11-06 19:02:10.595 V/SUMA    ( 1583): lxm:_roc_evtmgr_add_evt_into_queue 347 167293
11-06 19:02:10.595 V/PT      ( 1583): >>INFO:irkey_task:[     167.293391] /dev/input/event0: type=0000 code=0000 val=00000000
11-06 19:02:10.595 V/SUMA    ( 1583): ===================>> type=0 src=0 evt=4096 act=0x100
11-06 19:02:10.595 V/SUMA    ( 1583): [sysset-s][event_manager_cbk 78]lxm cbid=1, cbk_reg=1, cpid=2458
11-06 19:02:10.595 D/NGBEvent( 2458): ngbEventCallBack type:0 source :4096
11-06 19:02:10.596 D/NGBEvent( 2458): [NGBEventManager-JNI]-returning:1
11-06 19:02:10.596 D/NGBEvent( 2458): Input key event: keyCode=4096
11-06 19:02:10.596 D/NGBEvent( 2458): src:4096 = dest:4096
11-06 19:02:10.596 I/System.out( 2458): [DEBUG EventManager] LWJ--Add event to java with evt=NgbEvent-[type = 1, subtype = 401, code = 4096]
11-06 19:02:10.596 D/NGBEvent( 2458): [NGBEvent_log]--[EventManager--JNI]:		start
11-06 19:02:10.596 I/System.out( 2458): [DEBUG EventManager] broadcastEvent  :len 1
11-06 19:02:10.596 D/CombineKeyUtil( 2458): [TN_pool-1-thread-1]dealKeyEvent,combineIndex:-1:keyCode:4
11-06 19:02:10.596 D/KeyEventNgbDealer( 2458): [TN_pool-1-thread-1]handleKeyPressed keyEvent=NgbEvent-[type = 1, subtype = 401, code = 4096],time=167294
11-06 19:02:10.596 D/RemoteIME( 2329): onKeyDown event = KeyEvent { action=ACTION_DOWN, keyCode=KEYCODE_BACK, scanCode=158, metaState=0, flags=0x8, repeatCount=0, eventTime=167293, downTime=167293, deviceId=3, source=0x701 },mSkbContainer=null
11-06 19:02:10.597 D/cr_AwTestContainerView( 3367): [AwTestContainerView.java:63] [mainFrame]: [unknown] dispatchKeyEvent keyCode = 4 event = KeyEvent { action=ACTION_DOWN, keyCode=KEYCODE_BACK, scanCode=158, metaState=0, flags=0x8, repeatCount=0, eventTime=167293, downTime=167293, deviceId=3, source=0x701 }
11-06 19:02:10.597 D/ImeAdapterAndroid( 3367): [SendKeyEvent] [BUILD TIME: ] dispatchKeyEvent key_code=4 modifiers=0 unicode_char=0 scan_code=158 is_system=0 tm=167293
11-06 19:02:10.597 D/RenderWidgetInputHandler( 3367): [HandleInputEvent] input_event type=8 name=KeyDown
11-06 19:02:10.597 D/RenderWidgetInputHandler( 3367): [HandleInputEvent] input_event type=8 prevent_default:0
11-06 19:02:10.597 D/WebViewImpl( 3367): [handleKeyEvent] keycode:166, eventType:8 native keycode:4 frame=0x50ad67f0. url='http://10.14.41.246/application/bxfc/sec/popTv_new.php'.
11-06 19:02:10.597 D/[blink]KeyboardEventManager( 3367): [keyEvent] initialKeyEvent KeyDown nativeKeyCode=4 windowsKeyCode=166 text[0]=0
11-06 19:02:10.597 D/[blink]KeyboardEventManager( 3367): [keyEvent] initialKeyEvent focusedNode=0x0
11-06 19:02:10.597 D/V8ScriptRunner( 3367): [callFunction] start. frame = 0x50ad67f0 function: f.document.onkeydown url: http://10.14.41.246/application/bxfc/sec/popTv_new.php line: 2267
11-06 19:02:10.598 D/base::KeyConverter( 3367): [get] convert 4 => 8.
11-06 19:02:10.598 D/[blink]KeyboardEvent( 3367): [keyCode] convert keycode: 4 -> 8.
11-06 19:02:10.598 D/ChromeClientImpl( 3367): [addMessageToConsole] [LOG:CONSOLE(4090)] "-------iframe按键响应=KEY_BACK", source:http://10.14.41.246/application/bxfc/sec/popTv_new.php (4090)
