11-06 19:14:20.266 D/[blink]ResourceFetcher( 3835): [requestResource] url=http://10.14.30.222:12690/account/login?deviceno=8538002343236584&devicetype=2&accounttype=1&account=50000002&accesstoken=.
11-06 19:14:20.266 D/url     ( 3835): [DoResolveRelative] [WEB] DoResolveRelative Error resolving.
11-06 19:14:20.266 D/[blink]DOMTimer( 3835): [DOMTimer] 0x525f3270 setTimeout 500ms, repeat:0.
11-06 19:14:20.266 D/[blink]DOMTimer( 3835): [DOMTimer] 0x525f32e0 setTimeout 30000ms, repeat:0.
11-06 19:14:20.266 D/V8ScriptRunner( 3835): [callFunction] end. frame = 0x4d129d58 function: xmlHttp.onreadystatechange url: http://10.14.30.222/application/MPlayer/js/common.js line: 984
11-06 19:14:20.267 D/[blink]DOMTimer( 3835): [fired] 0x525f10d8 timeout fired.
11-06 19:14:20.267 D/ScriptController( 3835): [executeScriptAndReturnValue] [V8] evaluate Script start. frame=0x4d121a48 url= line=1. source length=22
11-06 19:14:20.267 D/ResourceLoader( 3835): [StartRequest] start request 0x8b04f580 url='http://10.14.30.222:12690/account/login?deviceno=8538002343236584&devicetype=2&accounttype=1&account=50000002&accesstoken='
11-06 19:14:20.267 D/iPanel  ( 3835): iPanel.debug("checkOverlayCreated")
11-06 19:14:20.267 D/AwRequestInterceptor( 3835): [MaybeInterceptRequest] request=0x8b04f580
11-06 19:14:20.267 D/[blink]DOMTimer( 3835): [DOMTimer] 0x525f3350 setTimeout 300ms, repeat:0.
11-06 19:14:20.267 D/ScriptController( 3835): [executeScriptAndReturnValue] [V8] evaluate Script end. frame=0x4d121a48 
11-06 19:14:20.267 D/cr_AwContents( 3835): [AwContents.java:520] BackgroundThreadClientImpl shouldInterceptRequest url = http://10.14.30.222:12690/account/login?deviceno=8538002343236584&devicetype=2&accounttype=1&account=50000002&accesstoken=
11-06 19:14:20.267 D/cr_AwNullContentsClient( 3835): [AwNullContentsClient.java:62] shouldInterceptRequest url=http://10.14.30.222:12690/account/login?deviceno=8538002343236584&devicetype=2&accounttype=1&account=50000002&accesstoken=
11-06 19:14:20.267 D/BrowserWebViewClient( 3835): intercept request :http://10.14.30.222:12690/account/login?deviceno=8538002343236584&devicetype=2&accounttype=1&account=50000002&accesstoken=
11-06 19:14:20.267 D/AwRequestInterceptor( 3835): [MaybeInterceptRequest] request=0x8b04f580
11-06 19:14:20.270 D/[cc]ProxyMain( 3835): [BeginMainFrame] cc.BeginMainFrame this:0x9f609e48
11-06 19:14:20.270 D/[cc]LayerTreeHost( 3835): [AnimateLayers] AnimateLayers monotonic_time=896966630
11-06 19:14:20.270 D/[blink]FrameView( 3835): [updateStyleAndLayoutIfNeededRecursiveInternal] in... this:0x525f0c88.
11-06 19:14:20.270 D/[blink]FrameView( 3835): [layout] start... this:0x525f0c88, frame=0x4d129d58 content size(1280, 720). 
11-06 19:14:20.270 D/[blink]FrameView( 3835): [layout] performPreLayoutTasks start... this:0x525f0c88
11-06 19:14:20.270 D/[blink]FrameView( 3835): [layout] performPreLayoutTasks end... this:0x525f0c88
11-06 19:14:20.270 D/[blink]FrameView( 3835): [layout] performLayout start... this:0x525f0c88
11-06 19:14:20.283 D/[blink]FrameView( 3835): [layout] performLayout end... this:0x525f0c88
11-06 19:14:20.283 D/[blink]FrameView( 3835): [layout] call compositor()->didLayout()!
11-06 19:14:20.283 D/[blink]FrameView( 3835): [layout] updateDocumentAnnotatedRegions start... this:0x525f0c88
11-06 19:14:20.283 D/[blink]FrameView( 3835): [layout] scheduleOrPerformPostLayoutTasks start... this:0x525f0c88
11-06 19:14:20.283 D/[blink]FrameView( 3835): [layout] end... this:0x525f0c88
11-06 19:14:20.283 D/[blink]FrameView( 3835): [layout] out... this:0x525f0c88
11-06 19:14:20.283 D/[blink]FrameView( 3835): [updateStyleAndLayoutIfNeededRecursiveInternal] end... this:0x525f0c88.
11-06 19:14:20.283 D/[blink]FrameView( 3835): [updateLifecyclePhasesInternal] in... this:0x525f0c88, targetState=18
11-06 19:14:20.283 D/[blink]FrameView( 3835): [updateLifecyclePhasesInternal] call compositor()->updateIfNeededRecursive()!
11-06 19:14:20.288 I/Advanced( 3835): [QUEUE] share_queue_sendEx size:1 4097 2258 0x8f155f48,postLoopId:0,dstid:1.
11-06 19:14:20.289 D/[blink]FrameView( 3835): [updateLifecyclePhasesInternal] end... this:0x525f0c88
11-06 19:14:20.415 D/ResourceLoader( 3835): [ResponseCompleted] finish request 0x8b04f580 url='http://10.14.30.222:12690/account/login?deviceno=8538002343236584&devicetype=2&accounttype=1&account=50000002&accesstoken='
11-06 19:14:20.416 D/V8ScriptRunner( 3835): [callFunction] start. frame = 0x4d129d58 function: xmlHttp.onreadystatechange url: http://10.14.30.222/application/MPlayer/js/common.js line: 984
11-06 19:14:20.416 D/V8ScriptRunner( 3835): [callFunction] end. frame = 0x4d129d58 function: xmlHttp.onreadystatechange url: http://10.14.30.222/application/MPlayer/js/common.js line: 984
11-06 19:14:20.416 D/V8ScriptRunner( 3835): [callFunction] start. frame = 0x4d129d58 function: xmlHttp.onreadystatechange url: http://10.14.30.222/application/MPlayer/js/common.js line: 984
11-06 19:14:20.416 D/V8ScriptRunner( 3835): [callFunction] end. frame = 0x4d129d58 function: xmlHttp.onreadystatechange url: http://10.14.30.222/application/MPlayer/js/common.js line: 984
11-06 19:14:20.416 D/[blink]ResourceFetcher( 3835): [didFinishLoading] encoded length=1801 url=http://10.14.30.222:12690/account/login?deviceno=8538002343236584&devicetype=2&accounttype=1&account=50000002&accesstoken=.
11-06 19:14:20.417 D/V8ScriptRunner( 3835): [callFunction] start. frame = 0x4d129d58 function: xmlHttp.onreadystatechange url: http://10.14.30.222/application/MPlayer/js/common.js line: 984
11-06 19:14:20.418 D/[cc]beginFrameSource( 3835): [AddObserver] ExternalBeginFrameSource::AddObserver
11-06 19:14:20.421 D/iPanel  ( 3835): iPanel.debug("[GlobalVar]: setItemStr key=accessToken val=R5A00417EU2083201EK53724E0DI5A2A0E0AP8M2FAF082WDBBA9FE49E1")
11-06 19:14:20.421 D/iPanel  ( 3835): iPanel.debug("[GlobalVar]: setItemStr key=loginDeviceNo val=8538002343236584")
11-06 19:14:20.425 D/V8ScriptRunner( 3835): [callFunction] start. frame = 0x4d129d58 function: xmlHttp.onreadystatechange url: http://10.14.30.222/application/MPlayer/js/common.js line: 984
11-06 19:14:20.425 D/V8ScriptRunner( 3835): [callFunction] end. frame = 0x4d129d58 function: xmlHttp.onreadystatechange url: http://10.14.30.222/application/MPlayer/js/common.js line: 984
11-06 19:14:20.425 D/[blink]ResourceFetcher( 3835): [requestResource] url=http://10.14.30.222:13160/media/video/get_info?accesstoken=R5A00417EU2083201EK53724E0DI5A2A0E0AP8M2FAF082WDBBA9FE49E1&videoid=100000057.
11-06 19:14:20.425 D/url     ( 3835): [DoResolveRelative] [WEB] DoResolveRelative Error resolving.
11-06 19:14:20.426 D/[blink]DOMTimer( 3835): [DOMTimer] 0x525f3b50 setTimeout 500ms, repeat:0.
11-06 19:14:20.426 D/[blink]DOMTimer( 3835): [DOMTimer] 0x525f3bc0 setTimeout 30000ms, repeat:0.
11-06 19:14:20.426 D/V8ScriptRunner( 3835): [callFunction] end. frame = 0x4d129d58 function: xmlHttp.onreadystatechange url: http://10.14.30.222/application/MPlayer/js/common.js line: 984
11-06 19:14:20.426 D/ResourceLoader( 3835): [StartRequest] start request 0x8b04f580 url='http://10.14.30.222:13160/media/video/get_info?accesstoken=R5A00417EU2083201EK53724E0DI5A2A0E0AP8M2FAF082WDBBA9FE49E1&videoid=100000057'
11-06 19:14:20.426 D/AwRequestInterceptor( 3835): [MaybeInterceptRequest] request=0x8b04f580
11-06 19:14:20.426 D/cr_AwContents( 3835): [AwContents.java:520] BackgroundThreadClientImpl shouldInterceptRequest url = http://10.14.30.222:13160/media/video/get_info?accesstoken=R5A00417EU2083201EK53724E0DI5A2A0E0AP8M2FAF082WDBBA9FE49E1&videoid=100000057
11-06 19:14:20.427 D/cr_AwNullContentsClient( 3835): [AwNullContentsClient.java:62] shouldInterceptRequest url=http://10.14.30.222:13160/media/video/get_info?accesstoken=R5A00417EU2083201EK53724E0DI5A2A0E0AP8M2FAF082WDBBA9FE49E1&videoid=100000057
11-06 19:14:20.427 D/BrowserWebViewClient( 3835): intercept request :http://10.14.30.222:13160/media/video/get_info?accesstoken=R5A00417EU2083201EK53724E0DI5A2A0E0AP8M2FAF082WDBBA9FE49E1&videoid=100000057
11-06 19:14:20.427 D/AwRequestInterceptor( 3835): [MaybeInterceptRequest] request=0x8b04f580
11-06 19:14:20.436 D/[cc]ProxyMain( 3835): [BeginMainFrame] cc.BeginMainFrame this:0x9f609e48
11-06 19:14:20.436 D/[cc]LayerTreeHost( 3835): [AnimateLayers] AnimateLayers monotonic_time=897133297
11-06 19:14:20.436 D/[blink]FrameView( 3835): [updateStyleAndLayoutIfNeededRecursiveInternal] in... this:0x525f0c88.
11-06 19:14:20.436 D/[blink]FrameView( 3835): [layout] start... this:0x525f0c88, frame=0x4d129d58 content size(1280, 720). 
11-06 19:14:20.436 D/[blink]FrameView( 3835): [layout] performPreLayoutTasks start... this:0x525f0c88
11-06 19:14:20.436 D/[blink]FrameView( 3835): [layout] performPreLayoutTasks end... this:0x525f0c88
11-06 19:14:20.436 D/[blink]FrameView( 3835): [layout] performLayout start... this:0x525f0c88
11-06 19:14:20.438 D/ResourceLoader( 3835): [ResponseCompleted] finish request 0x8b04f580 url='http://10.14.30.222:13160/media/video/get_info?accesstoken=R5A00417EU2083201EK53724E0DI5A2A0E0AP8M2FAF082WDBBA9FE49E1&videoid=100000057'
11-06 19:14:20.441 D/BackBootDealerNeimeng( 2389): standbyState:
11-06 19:14:20.441 E/NetUtils( 2018): Interface eth0 LinkDown!
11-06 19:14:20.453 D/[blink]FrameView( 3835): [layout] performLayout end... this:0x525f0c88
11-06 19:14:20.453 D/[blink]FrameView( 3835): [layout] call compositor()->didLayout()!
11-06 19:14:20.453 D/[blink]FrameView( 3835): [layout] updateDocumentAnnotatedRegions start... this:0x525f0c88
11-06 19:14:20.453 D/[blink]FrameView( 3835): [layout] scheduleOrPerformPostLayoutTasks start... this:0x525f0c88
11-06 19:14:20.453 D/[blink]FrameView( 3835): [layout] end... this:0x525f0c88
11-06 19:14:20.453 D/[blink]FrameView( 3835): [layout] out... this:0x525f0c88
11-06 19:14:20.453 D/[blink]FrameView( 3835): [updateStyleAndLayoutIfNeededRecursiveInternal] end... this:0x525f0c88.
11-06 19:14:20.453 D/[blink]FrameView( 3835): [updateLifecyclePhasesInternal] in... this:0x525f0c88, targetState=18
11-06 19:14:20.453 D/[blink]FrameView( 3835): [updateLifecyclePhasesInternal] call compositor()->updateIfNeededRecursive()!
11-06 19:14:20.460 D/[blink]FrameView( 3835): [updateLifecyclePhasesInternal] end... this:0x525f0c88
11-06 19:14:20.463 D/V8ScriptRunner( 3835): [callFunction] start. frame = 0x4d129d58 function: xmlHttp.onreadystatechange url: http://10.14.30.222/application/MPlayer/js/common.js line: 984
11-06 19:14:20.463 D/V8ScriptRunner( 3835): [callFunction] end. frame = 0x4d129d58 function: xmlHttp.onreadystatechange url: http://10.14.30.222/application/MPlayer/js/common.js line: 984
11-06 19:14:20.464 D/V8ScriptRunner( 3835): [callFunction] start. frame = 0x4d129d58 function: xmlHttp.onreadystatechange url: http://10.14.30.222/application/MPlayer/js/common.js line: 984
11-06 19:14:20.464 D/V8ScriptRunner( 3835): [callFunction] end. frame = 0x4d129d58 function: xmlHttp.onreadystatechange url: http://10.14.30.222/application/MPlayer/js/common.js line: 984
11-06 19:14:20.465 D/[blink]ResourceFetcher( 3835): [didFinishLoading] encoded length=298 url=http://10.14.30.222:13160/media/video/get_info?accesstoken=R5A00417EU2083201EK53724E0DI5A2A0E0AP8M2FAF082WDBBA9FE49E1&videoid=100000057.
11-06 19:14:20.467 D/V8ScriptRunner( 3835): [callFunction] start. frame = 0x4d129d58 function: xmlHttp.onreadystatechange url: http://10.14.30.222/application/MPlayer/js/common.js line: 984
11-06 19:14:20.472 D/V8ScriptRunner( 3835): [callFunction] end. frame = 0x4d129d58 function: xmlHttp.onreadystatechange url: http://10.14.30.222/application/MPlayer/js/common.js line: 984
11-06 19:14:20.472 D/[cc]ProxyMain( 3835): [BeginMainFrame] cc.BeginMainFrame this:0x9f609e48
11-06 19:14:20.472 D/[cc]LayerTreeHost( 3835): [AnimateLayers] AnimateLayers monotonic_time=897166630
11-06 19:14:20.472 D/[blink]FrameView( 3835): [updateStyleAndLayoutIfNeededRecursiveInternal] in... this:0x525f0c88.
11-06 19:14:20.472 D/[blink]FrameView( 3835): [layout] start... this:0x525f0c88, frame=0x4d129d58 content size(1280, 720). 
11-06 19:14:20.472 D/[blink]FrameView( 3835): [layout] performPreLayoutTasks start... this:0x525f0c88
11-06 19:14:20.472 D/[blink]FrameView( 3835): [layout] performPreLayoutTasks end... this:0x525f0c88
11-06 19:14:20.472 D/[blink]FrameView( 3835): [layout] performLayout start... this:0x525f0c88
11-06 19:14:20.488 I/Advanced( 3835): [QUEUE] share_queue_sendEx size:1 4097 2259 0x8f155f48,postLoopId:0,dstid:1.
11-06 19:14:20.490 D/[blink]FrameView( 3835): [layout] performLayout end... this:0x525f0c88
11-06 19:14:20.490 D/[blink]FrameView( 3835): [layout] call compositor()->didLayout()!
11-06 19:14:20.490 D/[blink]FrameView( 3835): [layout] updateDocumentAnnotatedRegions start... this:0x525f0c88
11-06 19:14:20.490 D/[blink]FrameView( 3835): [layout] scheduleOrPerformPostLayoutTasks start... this:0x525f0c88
11-06 19:14:20.490 D/[blink]FrameView( 3835): [layout] end... this:0x525f0c88
11-06 19:14:20.490 D/[blink]FrameView( 3835): [layout] out... this:0x525f0c88
11-06 19:14:20.490 D/[blink]FrameView( 3835): [updateStyleAndLayoutIfNeededRecursiveInternal] end... this:0x525f0c88.
11-06 19:14:20.490 D/[blink]FrameView( 3835): [updateLifecyclePhasesInternal] in... this:0x525f0c88, targetState=18
11-06 19:14:20.490 D/[blink]FrameView( 3835): [updateLifecyclePhasesInternal] call compositor()->updateIfNeededRecursive()!
11-06 19:14:20.497 D/[blink]FrameView( 3835): [updateLifecyclePhasesInternal] end... this:0x525f0c88
11-06 19:14:20.567 D/[blink]DOMTimer( 3835): [fired] 0x525f3350 timeout fired.
11-06 19:14:20.567 D/ScriptController( 3835): [executeScriptAndReturnValue] [V8] evaluate Script start. frame=0x4d121a48 url= line=1. source length=22
11-06 19:14:20.567 D/iPanel  ( 3835): iPanel.debug("checkOverlayCreated")
11-06 19:14:20.567 D/[blink]DOMTimer( 3835): [DOMTimer] 0x525f3c30 setTimeout 300ms, repeat:0.
11-06 19:14:20.568 D/ScriptController( 3835): [executeScriptAndReturnValue] [V8] evaluate Script end. frame=0x4d121a48 
11-06 19:14:20.688 I/Advanced( 3835): [QUEUE] share_queue_sendEx size:1 4097 2260 0x8f155f48,postLoopId:0,dstid:1.
11-06 19:14:20.868 D/[blink]DOMTimer( 3835): [fired] 0x525f3c30 timeout fired.
11-06 19:14:20.868 D/ScriptController( 3835): [executeScriptAndReturnValue] [V8] evaluate Script start. frame=0x4d121a48 url= line=1. source length=22
11-06 19:14:20.868 D/iPanel  ( 3835): iPanel.debug("checkOverlayCreated")
11-06 19:14:20.868 D/[blink]DOMTimer( 3835): [DOMTimer] 0x525f3ca0 setTimeout 300ms, repeat:0.
11-06 19:14:20.868 D/ScriptController( 3835): [executeScriptAndReturnValue] [V8] evaluate Script end. frame=0x4d121a48 
11-06 19:14:20.889 I/Advanced( 3835): [QUEUE] share_queue_sendEx size:1 4097 2261 0x8f155f48,postLoopId:0,dstid:1.
11-06 19:14:20.942 D/BackBootDealerNeimeng( 2389): standbyState:
11-06 19:14:20.943 E/NetUtils( 2018): Interface eth0 LinkDown!
11-06 19:14:21.006 D/[blink]memoryCache( 3835): [evict] remove:http://10.14.41.246/application/bxfc/sec/images/icon_bg1.png
11-06 19:14:21.006 D/[blink]memoryCache( 3835): [evict] remove:http://10.14.41.246/application/bxfc/sec/images/pic1_02.jpg
11-06 19:14:21.006 D/[blink]memoryCache( 3835): [evict] remove:http://10.14.41.246/application/bxfc/sec/js/keyevent.js
11-06 19:14:21.006 D/[blink]memoryCache( 3835): [evict] remove:http://10.14.41.246/application/bxfc/sec/images/icon0_03.png
11-06 19:14:21.006 D/[blink]memoryCache( 3835): [evict] remove:http://10.14.30.222:13160/media/video/get_info?accesstoken=R5A00417EU2083201EK53724E0DI5A2A0E0AP8M2FAF082WDBBA9FE49E1&videoid=100000057
11-06 19:14:21.006 D/[blink]memoryCache( 3835): [evict] remove:http://10.14.41.246/application/bxfc/sec/images/jd1_02.png
11-06 19:14:21.006 D/[blink]memoryCache( 3835): [evict] remove:http://10.14.30.222:12690/account/login?deviceno=8538002343236584&devicetype=2&accounttype=1&account=50000002&accesstoken=
11-06 19:14:21.006 D/[blink]memoryCache( 3835): [evict] remove:http://10.14.41.246/application/bxfc/sec/images/pic1_01.jpg
11-06 19:14:21.006 D/[blink]memoryCache( 3835): [evict] remove:http://slave.tvos_cf96066.cn:13160/poster/movie/100000498/375x210_1.jpg
11-06 19:14:21.007 D/[blink]memoryCache( 3835): [evict] remove:http://10.14.41.246/application/bxfc/sec/images/bg.jpg
11-06 19:14:21.007 D/[blink]memoryCache( 3835): [evict] remove:http://10.14.41.246/application/bxfc/sec/images/jd1_07.png
11-06 19:14:21.007 D/[blink]memoryCache( 3835): [evict] remove:http://10.14.41.246/application/bxfc/sec/images/icon0_05.png
11-06 19:14:21.007 D/[blink]memoryCache( 3835): [evict] remove:http://10.14.41.246/application/bxfc/sec/images/jd1_05.png
11-06 19:14:21.007 D/[blink]memoryCache( 3835): [evict] remove:http://10.14.41.246/application/bxfc/sec/images/jd1_04.png
11-06 19:14:21.007 D/[blink]memoryCache( 3835): [evict] remove:http://10.14.41.246/application/bxfc/sec/images/jd1_06.png
11-06 19:14:21.007 D/[blink]memoryCache( 3835): [evict] remove:http://10.14.41.246/application/bxfc/sec/js/common.js
11-06 19:14:21.007 D/[blink]memoryCache( 3835): [evict] remove:http://10.14.41.246/application/bxfc/sec/images/icon_bg2.png
11-06 19:14:21.007 D/[blink]memoryCache( 3835): [evict] remove:http://10.14.41.246/application/bxfc/sec/js/homedconfig.js
11-06 19:14:21.007 D/[blink]memoryCache( 3835): [evict] remove:http://slave.tvos_cf96066.cn:13160/poster/movie/100000465/375x210_1.jpg
11-06 19:14:21.007 D/[blink]memoryCache( 3835): [evict] remove:http://slave.tvos_cf96066.cn:13160/poster/movie/100000498/320x400_1.jpg
11-06 19:14:21.007 D/[blink]memoryCache( 3835): [evict] remove:http://10.14.41.246/application/bxfc/sec/images/icon_bg0.png
11-06 19:14:21.007 D/[blink]memoryCache( 3835): [evict] remove:http://10.14.30.222:8889/appcms4.0/app/tv/newklq/xwjj/klqxw/content.js
11-06 19:14:21.007 D/[blink]memoryCache( 3835): [evict] remove:http://10.14.41.246/application/bxfc/sec/images/logo.png
11-06 19:14:21.007 D/[blink]memoryCache( 3835): [evict] remove:http://10.14.41.246/application/bxfc/sec/images/jd1_08.png
11-06 19:14:21.007 D/[blink]memoryCache( 3835): [evict] remove:http://10.14.30.222:13160/media/video/get_info?accesstoken=&videoid=
11-06 19:14:21.007 D/[blink]memoryCache( 3835): [evict] remove:http://10.14.41.246/application/bxfc/sec/images/jd1_01.png
11-06 19:14:21.007 D/[blink]memoryCache( 3835): [evict] remove:http://10.14.41.246/application/bxfc/sec/images/icon0_07.png
11-06 19:14:21.007 D/[blink]memoryCache( 3835): [evict] remove:http://10.14.41.246/application/bxfc/sec/images/jd1_03.png
11-06 19:14:21.007 D/[blink]memoryCache( 3835): [evict] remove:http://10.14.41.246/application/bxfc/sec/images/icon0_06.png
11-06 19:14:21.007 D/[blink]memoryCache( 3835): [evict] remove:http://10.14.30.222:12690/account/user/get_list?deviceno=8538002343236584&devicetype=2&pageidx=1&pagenum=10
11-06 19:14:21.008 D/[blink]FrameView( 3835): [~FrameView] destroy FrameView frame=0x4d129d58 frame view=0x525e9510
11-06 19:14:21.008 D/[blink]FrameView( 3835): [~FrameView] destroy FrameView frame=0x4d129d58 frame view=0x525edab0
11-06 19:14:21.028 E/hcdn_upload( 3008): HCDN_LOG: [2017/11/06-19:14:21:028]:Update uload speed 1 kbps ,real:0 kbps,qsize:0,maxsize:12,timeout_speed:0 kbps 
11-06 19:14:21.089 I/Advanced( 3835): [QUEUE] share_queue_sendEx size:1 4097 2262 0x8f155f48,postLoopId:0,dstid:1.
11-06 19:14:21.113 I/AdvancedPorting-PORT_MODULE_NET( 3835): network_task while... 
11-06 19:14:21.113 I/AdvancedPorting-PORT_MODULE_NET( 3835): 0 interface name: lo
11-06 19:14:21.113 I/AdvancedPorting-PORT_MODULE_NET( 3835): 1 interface name: wlan0
11-06 19:14:21.113 I/AdvancedPorting-PORT_MODULE_NET( 3835): First interface name: lo
11-06 19:14:21.113 I/AdvancedPorting-PORT_MODULE_NET( 3835): network_task while...  net_i:1
11-06 19:14:21.113 I/AdvancedPorting-PORT_MODULE_NET( 3835): network_task while---name_interface[0]=lo
11-06 19:14:21.113 I/AdvancedPorting-PORT_MODULE_NET( 3835): network_task while---name_interface[1]=wlan0
11-06 19:14:21.113 I/AdvancedPorting-PORT_MODULE_NET( 3835): network_task while---interface_name=wlan0
11-06 19:14:21.113 I/AdvancedPorting-PORT_MODULE_NET( 3835): network_get_netlink_status(in)--if_name=wlan0
11-06 19:14:21.113 I/AdvancedPorting-PORT_MODULE_NET( 3835): net.network.isconnected = no
11-06 19:14:21.113 I/AdvancedPorting-PORT_MODULE_NET( 3835): wlan0 --network_get_netlink_status return retval=1
11-06 19:14:21.113 I/AdvancedPorting-PORT_MODULE_NET( 3835): stat = 1 last_status = 1
11-06 19:14:21.168 D/[blink]DOMTimer( 3835): [fired] 0x525f3ca0 timeout fired.
11-06 19:14:21.169 D/ScriptController( 3835): [executeScriptAndReturnValue] [V8] evaluate Script start. frame=0x4d121a48 url= line=1. source length=22
11-06 19:14:21.169 D/iPanel  ( 3835): iPanel.debug("checkOverlayCreated")
11-06 19:14:21.169 D/[blink]DOMTimer( 3835): [DOMTimer] 0x524c2398 setTimeout 300ms, repeat:0.
11-06 19:14:21.169 D/ScriptController( 3835): [executeScriptAndReturnValue] [V8] evaluate Script end. frame=0x4d121a48 
11-06 19:14:21.290 I/Advanced( 3835): [QUEUE] share_queue_sendEx size:1 4097 2263 0x8f155f48,postLoopId:0,dstid:1.
11-06 19:14:21.409 E/storage_operate( 3008): HCDN_LOG: [2017/11/06-19:14:21:409]:[func:GetTaskCount],[line:827],[oper:get task count],[state:0],[count:0]
11-06 19:14:21.410 E/storage_operate( 3008): HCDN_LOG: [2017/11/06-19:14:21:410]:[func:GetTaskCount],[line:827],[oper:get task count],[state:0],[count:0]
11-06 19:14:21.410 E/storage_operate( 3008): HCDN_LOG: [2017/11/06-19:14:21:410]:[func:GetTaskCount],[line:827],[oper:get task count],[state:1],[count:0]
11-06 19:14:21.443 D/BackBootDealerNeimeng( 2389): standbyState:
11-06 19:14:21.444 E/NetUtils( 2018): Interface eth0 LinkDown!
11-06 19:14:21.469 D/[blink]DOMTimer( 3835): [fired] 0x524c2398 timeout fired.
11-06 19:14:21.469 D/ScriptController( 3835): [executeScriptAndReturnValue] [V8] evaluate Script start. frame=0x4d121a48 url= line=1. source length=22
11-06 19:14:21.471 D/iPanel  ( 3835): iPanel.debug("checkOverlayCreated")
11-06 19:14:21.471 D/[blink]DOMTimer( 3835): [DOMTimer] 0x524c2408 setTimeout 300ms, repeat:0.
11-06 19:14:21.471 D/ScriptController( 3835): [executeScriptAndReturnValue] [V8] evaluate Script end. frame=0x4d121a48 
11-06 19:14:21.490 I/Advanced( 3835): [QUEUE] share_queue_sendEx size:1 4097 2264 0x8f155f48,postLoopId:0,dstid:1.
11-06 19:14:21.524 E/storage_operate( 2658): HCDN_LOG: [2017/11/06-19:14:21:524]:[func:GetTaskCount],[line:827],[oper:get task count],[state:0],[count:0]
11-06 19:14:21.524 E/storage_operate( 2658): HCDN_LOG: [2017/11/06-19:14:21:524]:[func:GetTaskCount],[line:827],[oper:get task count],[state:0],[count:0]
11-06 19:14:21.524 E/storage_operate( 2658): HCDN_LOG: [2017/11/06-19:14:21:524]:[func:GetTaskCount],[line:827],[oper:get task count],[state:1],[count:0]
11-06 19:14:21.691 I/Advanced( 3835): [QUEUE] share_queue_sendEx size:1 4097 2265 0x8f155f48,postLoopId:0,dstid:1.
11-06 19:14:21.771 D/[blink]DOMTimer( 3835): [fired] 0x524c2408 timeout fired.
11-06 19:14:21.771 D/ScriptController( 3835): [executeScriptAndReturnValue] [V8] evaluate Script start. frame=0x4d121a48 url= line=1. source length=22
11-06 19:14:21.771 D/iPanel  ( 3835): iPanel.debug("checkOverlayCreated")
11-06 19:14:21.771 D/[blink]DOMTimer( 3835): [DOMTimer] 0x524c2478 setTimeout 300ms, repeat:0.
11-06 19:14:21.772 D/ScriptController( 3835): [executeScriptAndReturnValue] [V8] evaluate Script end. frame=0x4d121a48 
11-06 19:14:21.891 I/Advanced( 3835): [QUEUE] share_queue_sendEx size:1 4097 2266 0x8f155f48,postLoopId:0,dstid:1.
11-06 19:14:21.945 D/BackBootDealerNeimeng( 2389): standbyState:
11-06 19:14:21.945 E/NetUtils( 2018): Interface eth0 LinkDown!
11-06 19:14:22.028 E/hcdn_upload( 3008): HCDN_LOG: [2017/11/06-19:14:22:028]:Update uload speed 1 kbps ,real:0 kbps,qsize:0,maxsize:12,timeout_speed:0 kbps 
11-06 19:14:22.072 D/[blink]DOMTimer( 3835): [fired] 0x524c2478 timeout fired.
11-06 19:14:22.072 D/ScriptController( 3835): [executeScriptAndReturnValue] [V8] evaluate Script start. frame=0x4d121a48 url= line=1. source length=22
11-06 19:14:22.072 D/iPanel  ( 3835): iPanel.debug("checkOverlayCreated")
11-06 19:14:22.072 D/[blink]DOMTimer( 3835): [DOMTimer] 0x524c24e8 setTimeout 300ms, repeat:0.
11-06 19:14:22.072 D/ScriptController( 3835): [executeScriptAndReturnValue] [V8] evaluate Script end. frame=0x4d121a48 
11-06 19:14:22.091 I/Advanced( 3835): [QUEUE] share_queue_sendEx size:1 4097 2267 0x8f155f48,postLoopId:0,dstid:1.
11-06 19:14:22.114 I/AdvancedPorting-PORT_MODULE_NET( 3835): network_task while... 
11-06 19:14:22.114 I/AdvancedPorting-PORT_MODULE_NET( 3835): 0 interface name: lo
11-06 19:14:22.114 I/AdvancedPorting-PORT_MODULE_NET( 3835): 1 interface name: wlan0
11-06 19:14:22.114 I/AdvancedPorting-PORT_MODULE_NET( 3835): First interface name: lo
11-06 19:14:22.114 I/AdvancedPorting-PORT_MODULE_NET( 3835): network_task while...  net_i:1
11-06 19:14:22.114 I/AdvancedPorting-PORT_MODULE_NET( 3835): network_task while---name_interface[0]=lo
11-06 19:14:22.114 I/AdvancedPorting-PORT_MODULE_NET( 3835): network_task while---name_interface[1]=wlan0
11-06 19:14:22.114 I/AdvancedPorting-PORT_MODULE_NET( 3835): network_task while---interface_name=wlan0
11-06 19:14:22.114 I/AdvancedPorting-PORT_MODULE_NET( 3835): network_get_netlink_status(in)--if_name=wlan0
11-06 19:14:22.114 I/AdvancedPorting-PORT_MODULE_NET( 3835): net.network.isconnected = no
11-06 19:14:22.114 I/AdvancedPorting-PORT_MODULE_NET( 3835): wlan0 --network_get_netlink_status return retval=1
11-06 19:14:22.114 I/AdvancedPorting-PORT_MODULE_NET( 3835): stat = 1 last_status = 1
11-06 19:14:22.292 I/Advanced( 3835): [QUEUE] share_queue_sendEx size:1 4097 2268 0x8f155f48,postLoopId:0,dstid:1.
11-06 19:14:22.372 D/[blink]DOMTimer( 3835): [fired] 0x524c24e8 timeout fired.
11-06 19:14:22.373 D/ScriptController( 3835): [executeScriptAndReturnValue] [V8] evaluate Script start. frame=0x4d121a48 url= line=1. source length=22
11-06 19:14:22.373 D/iPanel  ( 3835): iPanel.debug("checkOverlayCreated")
11-06 19:14:22.373 D/[blink]DOMTimer( 3835): [DOMTimer] 0x524c2558 setTimeout 300ms, repeat:0.
11-06 19:14:22.373 D/ScriptController( 3835): [executeScriptAndReturnValue] [V8] evaluate Script end. frame=0x4d121a48 
11-06 19:14:22.446 D/BackBootDealerNeimeng( 2389): standbyState:
11-06 19:14:22.447 E/NetUtils( 2018): Interface eth0 LinkDown!
11-06 19:14:22.492 I/Advanced( 3835): [QUEUE] share_queue_sendEx size:1 4097 2269 0x8f155f48,postLoopId:0,dstid:1.
11-06 19:14:22.673 D/[blink]DOMTimer( 3835): [fired] 0x524c2558 timeout fired.
11-06 19:14:22.673 D/ScriptController( 3835): [executeScriptAndReturnValue] [V8] evaluate Script start. frame=0x4d121a48 url= line=1. source length=22
11-06 19:14:22.674 D/iPanel  ( 3835): iPanel.debug("checkOverlayCreated")
11-06 19:14:22.674 D/[blink]DOMTimer( 3835): [DOMTimer] 0x524c25c8 setTimeout 300ms, repeat:0.
11-06 19:14:22.674 D/ScriptController( 3835): [executeScriptAndReturnValue] [V8] evaluate Script end. frame=0x4d121a48 
11-06 19:14:22.693 I/Advanced( 3835): [QUEUE] share_queue_sendEx size:1 4097 2270 0x8f155f48,postLoopId:0,dstid:1.
11-06 19:14:22.720 D/ir_user ( 1587): PlayerTimeLineTrace:linux_keycode:0x9e(DOWN),	protocol: .
11-06 19:14:22.720 V/PT      ( 1583): >>INFO:irkey_task:[     899.418511] /dev/input/event0: type=0001 code=009e val=00000001
11-06 19:14:22.721 V/PT      ( 1583): >>INFO:irkey_send:0x3001 0x1000 down
11-06 19:14:22.721 V/SUMA    ( 1583): ++++++++++++++  _roc_evtmgr_key_cbk 517:input = 12289, event=4096, act=0x100
11-06 19:14:22.721 V/SUMA    ( 1583): lxm:_roc_evtmgr_key_cbk 519 899418
11-06 19:14:22.721 V/SUMA    ( 1583): lxm:_roc_evtmgr_add_evt_into_queue 347 899418
11-06 19:14:22.721 V/PT      ( 1583): >>INFO:irkey_task:[     899.418511] /dev/input/event0: type=0000 code=0000 val=00000000
11-06 19:14:22.721 V/SUMA    ( 1583): ===================>> type=0 src=0 evt=4096 act=0x100
11-06 19:14:22.721 V/SUMA    ( 1583): [sysset-s][event_manager_cbk 78]lxm cbid=1, cbk_reg=1, cpid=2458
11-06 19:14:22.721 D/NGBEvent( 2458): ngbEventCallBack type:0 source :4096
11-06 19:14:22.721 D/NGBEvent( 2458): [NGBEventManager-JNI]-returning:1
11-06 19:14:22.721 D/NGBEvent( 2458): Input key event: keyCode=4096
11-06 19:14:22.721 D/NGBEvent( 2458): src:4096 = dest:4096
11-06 19:14:22.722 I/System.out( 2458): [DEBUG EventManager] LWJ--Add event to java with evt=NgbEvent-[type = 1, subtype = 401, code = 4096]
11-06 19:14:22.722 D/NGBEvent( 2458): [NGBEvent_log]--[EventManager--JNI]:		start
11-06 19:14:22.722 I/System.out( 2458): [DEBUG EventManager] broadcastEvent  :len 1
11-06 19:14:22.722 D/CombineKeyUtil( 2458): [TN_pool-1-thread-1]dealKeyEvent,combineIndex:-1:keyCode:4
11-06 19:14:22.722 D/KeyEventNgbDealer( 2458): [TN_pool-1-thread-1]handleKeyPressed keyEvent=NgbEvent-[type = 1, subtype = 401, code = 4096],time=899420
11-06 19:14:22.723 D/RemoteIME( 2329): onKeyDown event = KeyEvent { action=ACTION_DOWN, keyCode=KEYCODE_BACK, scanCode=158, metaState=0, flags=0x8, repeatCount=0, eventTime=899418, downTime=899418, deviceId=3, source=0x701 },mSkbContainer=null
11-06 19:14:22.725 D/cr_AwTestContainerView( 3835): [AwTestContainerView.java:63] [mainFrame]: [unknown] dispatchKeyEvent keyCode = 4 event = KeyEvent { action=ACTION_DOWN, keyCode=KEYCODE_BACK, scanCode=158, metaState=0, flags=0x8, repeatCount=0, eventTime=899418, downTime=899418, deviceId=3, source=0x701 }
11-06 19:14:22.725 D/ImeAdapterAndroid( 3835): [SendKeyEvent] [BUILD TIME: ] dispatchKeyEvent key_code=4 modifiers=0 unicode_char=0 scan_code=158 is_system=0 tm=899418
11-06 19:14:22.726 D/RenderWidgetInputHandler( 3835): [HandleInputEvent] input_event type=8 name=KeyDown
11-06 19:14:22.726 D/RenderWidgetInputHandler( 3835): [HandleInputEvent] input_event type=8 prevent_default:0
11-06 19:14:22.726 D/WebViewImpl( 3835): [handleKeyEvent] keycode:166, eventType:8 native keycode:4 frame=0x4d129d58. url='http://10.14.30.222/application/MPlayer/play.htm?videoUrl=100000057'.
11-06 19:14:22.726 D/[blink]KeyboardEventManager( 3835): [keyEvent] initialKeyEvent KeyDown nativeKeyCode=4 windowsKeyCode=166 text[0]=0
11-06 19:14:22.726 D/[blink]KeyboardEventManager( 3835): [keyEvent] initialKeyEvent focusedNode=0x0
11-06 19:14:22.727 D/V8ScriptRunner( 3835): [callFunction] start. frame = 0x4d129d58 function: document.onkeydown url: http://10.14.30.222/application/MPlayer/js/common.js line: 33
11-06 19:14:22.728 D/base::KeyConverter( 3835): [get] convert 4 => 8.
11-06 19:14:22.728 D/[blink]KeyboardEvent( 3835): [keyCode] convert keycode: 4 -> 8.
11-06 19:14:22.731 D/[cc]beginFrameSource( 3835): [AddObserver] ExternalBeginFrameSource::AddObserver
11-06 19:14:22.735 D/V8ScriptRunner( 3835): [callFunction] end. frame = 0x4d129d58 function: document.onkeydown url: http://10.14.30.222/application/MPlayer/js/common.js line: 33
11-06 19:14:22.735 D/[blink]KeyboardEventManager( 3835): [keyEvent] dispatchResult = CanceledByEventHandler
11-06 19:14:22.736 D/[cc]ProxyMain( 3835): [BeginMainFrame] cc.BeginMainFrame this:0x9f609e48
11-06 19:14:22.736 D/[cc]LayerTreeHost( 3835): [AnimateLayers] AnimateLayers monotonic_time=899433297
11-06 19:14:22.736 D/[blink]FrameView( 3835): [updateStyleAndLayoutIfNeededRecursiveInternal] in... this:0x525f0c88.
11-06 19:14:22.736 D/[blink]FrameView( 3835): [layout] start... this:0x525f0c88, frame=0x4d129d58 content size(1280, 720). 
11-06 19:14:22.736 D/[blink]FrameView( 3835): [layout] performPreLayoutTasks start... this:0x525f0c88
11-06 19:14:22.736 D/[blink]FrameView( 3835): [layout] performPreLayoutTasks end... this:0x525f0c88
11-06 19:14:22.736 D/[blink]FrameView( 3835): [layout] performLayout start... this:0x525f0c88
11-06 19:14:22.751 D/[blink]FrameView( 3835): [layout] performLayout end... this:0x525f0c88
11-06 19:14:22.751 D/[blink]FrameView( 3835): [layout] call compositor()->didLayout()!
11-06 19:14:22.751 D/[blink]FrameView( 3835): [layout] updateDocumentAnnotatedRegions start... this:0x525f0c88
11-06 19:14:22.751 D/[blink]FrameView( 3835): [layout] scheduleOrPerformPostLayoutTasks start... this:0x525f0c88
11-06 19:14:22.751 D/[blink]FrameView( 3835): [layout] end... this:0x525f0c88
11-06 19:14:22.751 D/[blink]FrameView( 3835): [layout] out... this:0x525f0c88
11-06 19:14:22.751 D/[blink]FrameView( 3835): [updateStyleAndLayoutIfNeededRecursiveInternal] end... this:0x525f0c88.
11-06 19:14:22.751 D/[blink]FrameView( 3835): [updateLifecyclePhasesInternal] in... this:0x525f0c88, targetState=18
11-06 19:14:22.751 D/[blink]FrameView( 3835): [updateLifecyclePhasesInternal] call compositor()->updateIfNeededRecursive()!
11-06 19:14:22.757 D/[blink]FrameView( 3835): [updateLifecyclePhasesInternal] end... this:0x525f0c88
11-06 19:14:22.825 E/WifiStateMachine( 2018): WifiStateMachine CMD_START_SCAN source -2 txSuccessRate=89.26 rxSuccessRate=113.79 targetRoamBSSID=78:11:dc:10:d5:2d RSSI=-22
11-06 19:14:22.893 I/Advanced( 3835): [QUEUE] share_queue_sendEx size:1 4097 2271 0x8f155f48,postLoopId:0,dstid:1.
11-06 19:14:22.930 D/ir_user ( 1587): PlayerTimeLineTrace:linux_keycode:0x9e(UP),	protocol: .
11-06 19:14:22.930 V/PT      ( 1583): >>INFO:irkey_task:[     899.627825] /dev/input/event0: type=0001 code=009e val=00000000
11-06 19:14:22.930 V/PT      ( 1583): >>INFO:irkey_send:0x3001 0x1000 up  
11-06 19:14:22.930 V/SUMA    ( 1583): ++++++++++++++  _roc_evtmgr_key_cbk 517:input = 12289, event=4096, act=0x400
11-06 19:14:22.930 V/SUMA    ( 1583): lxm:_roc_evtmgr_key_cbk 519 899628
11-06 19:14:22.930 V/SUMA    ( 1583): lxm:_roc_evtmgr_add_key_into_queue 311 899628
11-06 19:14:22.930 V/PT      ( 1583): >>INFO:irkey_task:[     899.627825] /dev/input/event0: type=0000 code=0000 val=00000000
11-06 19:14:22.930 V/SUMA    ( 1583): ===================>> type=0 src=0 evt=4096 act=0x400
11-06 19:14:22.930 V/SUMA    ( 1583): [sysset-s][event_manager_cbk 78]lxm cbid=1, cbk_reg=1, cpid=2458
11-06 19:14:22.931 D/NGBEvent( 2458): ngbEventCallBack type:0 source :4096
11-06 19:14:22.931 D/NGBEvent( 2458): [NGBEventManager-JNI]-returning:1
11-06 19:14:22.931 D/NGBEvent( 2458): Input key event: keyCode=4096
11-06 19:14:22.931 D/NGBEvent( 2458): src:4096 = dest:4096
11-06 19:14:22.931 I/System.out( 2458): [DEBUG EventManager] LWJ--Add event to java with evt=NgbEvent-[type = 1, subtype = 402, code = 4096]
11-06 19:14:22.931 D/NGBEvent( 2458): [NGBEvent_log]--[EventManager--JNI]:		start
11-06 19:14:22.931 I/System.out( 2458): [DEBUG EventManager] broadcastEvent  :len 1
11-06 19:14:22.932 D/KeyEventNgbDealer( 2458): [TN_pool-1-thread-1]handleKeyReleased keyEvent=NgbEvent-[type = 1, subtype = 402, code = 4096],time=899629
11-06 19:14:22.932 D/RemoteIME( 2329): RemoteIME--> onKeyUp keyCode = 4
11-06 19:14:22.934 D/cr_AwTestContainerView( 3835): [AwTestContainerView.java:63] [mainFrame]: [unknown] dispatchKeyEvent keyCode = 4 event = KeyEvent { action=ACTION_UP, keyCode=KEYCODE_BACK, scanCode=158, metaState=0, flags=0x8, repeatCount=0, eventTime=899627, downTime=899418, deviceId=3, source=0x701 }
11-06 19:14:22.934 D/ImeAdapterAndroid( 3835): [SendKeyEvent] [BUILD TIME: ] dispatchKeyEvent key_code=4 modifiers=0 unicode_char=0 scan_code=158 is_system=0 tm=899627
11-06 19:14:22.935 D/RenderWidgetInputHandler( 3835): [HandleInputEvent] input_event type=9 name=KeyUp
11-06 19:14:22.935 D/RenderWidgetInputHandler( 3835): [HandleInputEvent] input_event type=9 prevent_default:0
11-06 19:14:22.935 D/WebViewImpl( 3835): [handleKeyEvent] keycode:166, eventType:9 native keycode:4 frame=0x4d129d58. url='http://10.14.30.222/application/MPlayer/play.htm?videoUrl=100000057'.
11-06 19:14:22.935 D/[blink]KeyboardEventManager( 3835): [keyEvent] initialKeyEvent KeyUp nativeKeyCode=4 windowsKeyCode=166 text[0]=0
11-06 19:14:22.935 D/[blink]KeyboardEventManager( 3835): [keyEvent] initialKeyEvent focusedNode=0x0
11-06 19:14:22.947 D/BackBootDealerNeimeng( 2389): standbyState:
11-06 19:14:22.947 E/NetUtils( 2018): Interface eth0 LinkDown!
11-06 19:14:22.974 D/[blink]DOMTimer( 3835): [fired] 0x524c25c8 timeout fired.
11-06 19:14:22.974 D/ScriptController( 3835): [executeScriptAndReturnValue] [V8] evaluate Script start. frame=0x4d121a48 url= line=1. source length=22
11-06 19:14:22.974 D/iPanel  ( 3835): iPanel.debug("checkOverlayCreated")
11-06 19:14:22.974 D/[blink]DOMTimer( 3835): [DOMTimer] 0x524c2638 setTimeout 300ms, repeat:0.
11-06 19:14:22.974 D/ScriptController( 3835): [executeScriptAndReturnValue] [V8] evaluate Script end. frame=0x4d121a48 
11-06 19:14:23.028 E/hcdn_upload( 3008): HCDN_LOG: [2017/11/06-19:14:23:028]:Update uload speed 1 kbps ,real:0 kbps,qsize:0,maxsize:12,timeout_speed:0 kbps 
11-06 19:14:23.071 D/AppUtil ( 2389): [TN_ThreadUtil-1]getActivityPkg index=0,comp=ComponentInfo{com.ipanel.android_webview.shell/com.ipanel.webapp.BrowserActivity}
11-06 19:14:23.071 D/AppKiller( 2389): [TN_ThreadUtil-1]backKill curPkgName=com.ipanel.android_webview.shell
11-06 19:14:23.071 D/AppKiller( 2389): [TN_ThreadUtil-1]backKill processName=com.starcor.mango,processInfo=android.app.ActivityManager$RunningAppProcessInfo@309bf8f5
11-06 19:14:23.072 D/AppNgbKiller( 2389): [TN_ThreadUtil-1]forceKillApp processInfoFlag=0,hasActivityFlag=4
11-06 19:14:23.072 D/AppKiller( 2389): [TN_ThreadUtil-1]backKill processName=com.gitvdemo.video,processInfo=android.app.ActivityManager$RunningAppProcessInfo@3ac1d68a
11-06 19:14:23.072 D/AppNgbKiller( 2389): [TN_ThreadUtil-1]forceKillApp processInfoFlag=0,hasActivityFlag=4
11-06 19:14:23.072 D/AppKiller( 2389): [TN_ThreadUtil-1]backKill processName=com.gitvdemo.video:hcdn,processInfo=android.app.ActivityManager$RunningAppProcessInfo@ca294fb
11-06 19:14:23.072 D/AppNgbKiller( 2389): [TN_ThreadUtil-1]forceKillApp processInfoFlag=0,hasActivityFlag=4
11-06 19:14:23.072 D/AppKiller( 2389): [TN_ThreadUtil-1]backKill processName=com.gitvdemo.video:daemon,processInfo=android.app.ActivityManager$RunningAppProcessInfo@1fc01918
11-06 19:14:23.072 D/AppNgbKiller( 2389): [TN_ThreadUtil-1]forceKillApp processInfoFlag=0,hasActivityFlag=4
11-06 19:14:23.072 D/AppKiller( 2389): [TN_ThreadUtil-1]backKill processName=.pushdaemonservice,processInfo=android.app.ActivityManager$RunningAppProcessInfo@d002f71
11-06 19:14:23.072 D/AppNgbKiller( 2389): [TN_ThreadUtil-1]forceKillApp processInfoFlag=0,hasActivityFlag=4
11-06 19:14:23.094 I/Advanced( 3835): [QUEUE] share_queue_sendEx size:1 4097 2272 0x8f155f48,postLoopId:0,dstid:1.
11-06 19:14:23.114 I/AdvancedPorting-PORT_MODULE_NET( 3835): network_task while... 
11-06 19:14:23.114 I/AdvancedPorting-PORT_MODULE_NET( 3835): 0 interface name: lo
11-06 19:14:23.114 I/AdvancedPorting-PORT_MODULE_NET( 3835): 1 interface name: wlan0
11-06 19:14:23.114 I/AdvancedPorting-PORT_MODULE_NET( 3835): First interface name: lo
11-06 19:14:23.114 I/AdvancedPorting-PORT_MODULE_NET( 3835): network_task while...  net_i:1
11-06 19:14:23.114 I/AdvancedPorting-PORT_MODULE_NET( 3835): network_task while---name_interface[0]=lo
11-06 19:14:23.114 I/AdvancedPorting-PORT_MODULE_NET( 3835): network_task while---name_interface[1]=wlan0
11-06 19:14:23.114 I/AdvancedPorting-PORT_MODULE_NET( 3835): network_task while---interface_name=wlan0
11-06 19:14:23.114 I/AdvancedPorting-PORT_MODULE_NET( 3835): network_get_netlink_status(in)--if_name=wlan0
11-06 19:14:23.114 I/AdvancedPorting-PORT_MODULE_NET( 3835): net.network.isconnected = no
11-06 19:14:23.114 I/AdvancedPorting-PORT_MODULE_NET( 3835): wlan0 --network_get_netlink_status return retval=1
11-06 19:14:23.114 I/AdvancedPorting-PORT_MODULE_NET( 3835): stat = 1 last_status = 1
11-06 19:14:23.274 D/[blink]DOMTimer( 3835): [fired] 0x524c2638 timeout fired.
11-06 19:14:23.274 D/ScriptController( 3835): [executeScriptAndReturnValue] [V8] evaluate Script start. frame=0x4d121a48 url= line=1. source length=22
11-06 19:14:23.275 D/iPanel  ( 3835): iPanel.debug("checkOverlayCreated")
11-06 19:14:23.275 D/[blink]DOMTimer( 3835): [DOMTimer] 0x524c26a8 setTimeout 300ms, repeat:0.
11-06 19:14:23.275 D/ScriptController( 3835): [executeScriptAndReturnValue] [V8] evaluate Script end. frame=0x4d121a48 
11-06 19:14:23.294 I/Advanced( 3835): [QUEUE] share_queue_sendEx size:1 4097 2273 0x8f155f48,postLoopId:0,dstid:1.
11-06 19:14:23.401 V/SUMA    ( 1583): [mnt_ait_pol] csubtbl=1 ait_pid=0x1f40 hsrv=0xc0ce
11-06 19:14:23.448 D/BackBootDealerNeimeng( 2389): standbyState:
11-06 19:14:23.449 E/NetUtils( 2018): Interface eth0 LinkDown!
11-06 19:14:23.494 I/Advanced( 3835): [QUEUE] share_queue_sendEx size:1 4097 2274 0x8f155f48,postLoopId:0,dstid:1.
11-06 19:14:23.575 D/[blink]DOMTimer( 3835): [fired] 0x524c26a8 timeout fired.
11-06 19:14:23.575 D/ScriptController( 3835): [executeScriptAndReturnValue] [V8] evaluate Script start. frame=0x4d121a48 url= line=1. source length=22
11-06 19:14:23.575 D/iPanel  ( 3835): iPanel.debug("checkOverlayCreated")
11-06 19:14:23.575 D/[blink]DOMTimer( 3835): [DOMTimer] 0x524c2718 setTimeout 300ms, repeat:0.
11-06 19:14:23.576 D/ScriptController( 3835): [executeScriptAndReturnValue] [V8] evaluate Script end. frame=0x4d121a48 
11-06 19:14:23.649 D/Advertiser( 2432): End of sleep at time:1509966863649
11-06 19:14:23.649 D/Advertiser( 2432): Begin announce....with thread:org.cybergarage.d.b.a@25ed9e23
11-06 19:14:23.649 D/TimerUtil( 2432): waitRandom time=300,waitTime=292
11-06 19:14:23.649 D/Device  ( 2432): announce deviceDataBindAddress null
11-06 19:14:23.654 D/Device  ( 2432): announce 0 bindAddress=192.168.31.49
11-06 19:14:23.654 D/HTTPMUSocket( 2432): open addr=239.255.255.250,port=1900,bindAddr=192.168.31.49
11-06 19:14:23.659 D/HTTPMUSocket( 2432): send msg:NOTIFY * HTTP/1.1
11-06 19:14:23.659 D/HTTPMUSocket( 2432): Server: Linux/3.18.24_hi3798mv2x UPnP/1.0 CyberLinkJava/1.8
11-06 19:14:23.659 D/HTTPMUSocket( 2432): Cache-Control: max-age=1800
11-06 19:14:23.659 D/HTTPMUSocket( 2432): Location: http://192.168.31.49:38520/description.xml
11-06 19:14:23.659 D/HTTPMUSocket( 2432): NTS: ssdp:alive
11-06 19:14:23.659 D/HTTPMUSocket( 2432): NT: upnp:rootdevice
11-06 19:14:23.659 D/HTTPMUSocket( 2432): USN: uuid:51fd4a57-a937-4066-8f0e-e8639f1cc24e::upnp:rootdevice
11-06 19:14:23.659 D/HTTPMUSocket( 2432): HOST: 239.255.255.250:1900
11-06 19:14:23.659 D/HTTPMUSocket( 2432): 
11-06 19:14:23.659 D/HTTPMUSocket( 2432): bindAddr:null and port:-1
11-06 19:14:23.659 D/HTTPMUSocket( 2432): /192.168.31.49
11-06 19:14:23.660 D/HTTPMUSocket( 2432): send msg:NOTIFY * HTTP/1.1
11-06 19:14:23.660 D/HTTPMUSocket( 2432): Server: Linux/3.18.24_hi3798mv2x UPnP/1.0 CyberLinkJava/1.8
11-06 19:14:23.660 D/HTTPMUSocket( 2432): Cache-Control: max-age=1800
11-06 19:14:23.660 D/HTTPMUSocket( 2432): Location: http://192.168.31.49:38520/description.xml
11-06 19:14:23.660 D/HTTPMUSocket( 2432): NTS: ssdp:alive
11-06 19:14:23.660 D/HTTPMUSocket( 2432): NT: uuid:51fd4a57-a937-4066-8f0e-e8639f1cc24e
11-06 19:14:23.660 D/HTTPMUSocket( 2432): USN: uuid:51fd4a57-a937-4066-8f0e-e8639f1cc24e
11-06 19:14:23.660 D/HTTPMUSocket( 2432): HOST: 239.255.255.250:1900
11-06 19:14:23.660 D/HTTPMUSocket( 2432): 
11-06 19:14:23.661 D/HTTPMUSocket( 2432): bindAddr:null and port:-1
11-06 19:14:23.661 D/HTTPMUSocket( 2432): /192.168.31.49
11-06 19:14:23.662 D/HTTPMUSocket( 2432): send msg:NOTIFY * HTTP/1.1
11-06 19:14:23.662 D/HTTPMUSocket( 2432): Server: Linux/3.18.24_hi3798mv2x UPnP/1.0 CyberLinkJava/1.8
11-06 19:14:23.662 D/HTTPMUSocket( 2432): Cache-Control: max-age=1800
11-06 19:14:23.662 D/HTTPMUSocket( 2432): Location: http://192.168.31.49:38520/description.xml
11-06 19:14:23.662 D/HTTPMUSocket( 2432): NTS: ssdp:alive
11-06 19:14:23.662 D/HTTPMUSocket( 2432): NT: urn:schemas-upnp-org:device:MediaServer:1
11-06 19:14:23.662 D/HTTPMUSocket( 2432): USN: uuid:51fd4a57-a937-4066-8f0e-e8639f1cc24e::urn:schemas-upnp-org:device:MediaServer:1
11-06 19:14:23.662 D/HTTPMUSocket( 2432): HOST: 239.255.255.250:1900
11-06 19:14:23.662 D/HTTPMUSocket( 2432): 
11-06 19:14:23.662 D/HTTPMUSocket( 2432): bindAddr:null and port:-1
11-06 19:14:23.663 D/HTTPMUSocket( 2432): /192.168.31.49
11-06 19:14:23.663 D/Device  ( 2432): announce bindAddr=192.168.31.49,devLocation=http://192.168.31.49:38520/description.xml,location=http://192.168.31.49:38520/description.xml
11-06 19:14:23.664 D/Device  ( 2432): announce bindAddr=192.168.31.49,serviceDesUrl=
11-06 19:14:23.664 D/HTTPMUSocket( 2432): open addr=239.255.255.250,port=1900,bindAddr=192.168.31.49
11-06 19:14:23.668 D/TimerUtil( 2432): waitRandom time=300,waitTime=88
11-06 19:14:23.669 D/HTTPMUSocket( 2432): send msg:NOTIFY * HTTP/1.1
11-06 19:14:23.669 D/HTTPMUSocket( 2432): Server: Linux/3.18.24_hi3798mv2x UPnP/1.0 CyberLinkJava/1.8
11-06 19:14:23.669 D/HTTPMUSocket( 2432): Cache-Control: max-age=1800
11-06 19:14:23.669 D/HTTPMUSocket( 2432): Location: http://192.168.31.49:38520/description.xml
11-06 19:14:23.669 D/HTTPMUSocket( 2432): NTS: ssdp:alive
11-06 19:14:23.669 D/HTTPMUSocket( 2432): NT: urn:schemas-upnp-org:service:ContentDirectory:1
11-06 19:14:23.669 D/HTTPMUSocket( 2432): USN: uuid:51fd4a57-a937-4066-8f0e-e8639f1cc24e::urn:schemas-upnp-org:service:ContentDirectory:1
11-06 19:14:23.669 D/HTTPMUSocket( 2432): HOST: 239.255.255.250:1900
11-06 19:14:23.669 D/HTTPMUSocket( 2432): 
11-06 19:14:23.669 D/HTTPMUSocket( 2432): bindAddr:null and port:-1
11-06 19:14:23.669 D/HTTPMUSocket( 2432): /192.168.31.49
11-06 19:14:23.670 D/Device  ( 2432): announce bindAddr=192.168.31.49,serviceDesUrl=
11-06 19:14:23.671 D/HTTPMUSocket( 2432): open addr=239.255.255.250,port=1900,bindAddr=192.168.31.49
11-06 19:14:23.675 D/TimerUtil( 2432): waitRandom time=300,waitTime=211
11-06 19:14:23.675 D/HTTPMUSocket( 2432): send msg:NOTIFY * HTTP/1.1
11-06 19:14:23.675 D/HTTPMUSocket( 2432): Server: Linux/3.18.24_hi3798mv2x UPnP/1.0 CyberLinkJava/1.8
11-06 19:14:23.675 D/HTTPMUSocket( 2432): Cache-Control: max-age=1800
11-06 19:14:23.675 D/HTTPMUSocket( 2432): Location: http://192.168.31.49:38520/description.xml
11-06 19:14:23.675 D/HTTPMUSocket( 2432): NTS: ssdp:alive
11-06 19:14:23.675 D/HTTPMUSocket( 2432): NT: urn:schemas-upnp-org:service:ConnectionManager:1
11-06 19:14:23.675 D/HTTPMUSocket( 2432): USN: uuid:51fd4a57-a937-4066-8f0e-e8639f1cc24e::urn:schemas-upnp-org:service:ConnectionManager:1
11-06 19:14:23.675 D/HTTPMUSocket( 2432): HOST: 239.255.255.250:1900
11-06 19:14:23.675 D/HTTPMUSocket( 2432): 
11-06 19:14:23.676 D/HTTPMUSocket( 2432): bindAddr:null and port:-1
11-06 19:14:23.676 D/HTTPMUSocket( 2432): /192.168.31.49
11-06 19:14:23.677 D/Device  ( 2432): announce bindAddr=192.168.31.49,serviceDesUrl=
11-06 19:14:23.678 D/HTTPMUSocket( 2432): open addr=239.255.255.250,port=1900,bindAddr=192.168.31.49
11-06 19:14:23.682 D/TimerUtil( 2432): waitRandom time=300,waitTime=260
11-06 19:14:23.682 D/HTTPMUSocket( 2432): send msg:NOTIFY * HTTP/1.1
11-06 19:14:23.682 D/HTTPMUSocket( 2432): Server: Linux/3.18.24_hi3798mv2x UPnP/1.0 CyberLinkJava/1.8
11-06 19:14:23.682 D/HTTPMUSocket( 2432): Cache-Control: max-age=1800
11-06 19:14:23.682 D/HTTPMUSocket( 2432): Location: http://192.168.31.49:38520/description.xml
11-06 19:14:23.682 D/HTTPMUSocket( 2432): NTS: ssdp:alive
11-06 19:14:23.682 D/HTTPMUSocket( 2432): NT: urn:schemas-upnp-org:service:AVTransport:1
11-06 19:14:23.682 D/HTTPMUSocket( 2432): USN: uuid:51fd4a57-a937-4066-8f0e-e8639f1cc24e::urn:schemas-upnp-org:service:AVTransport:1
11-06 19:14:23.682 D/HTTPMUSocket( 2432): HOST: 239.255.255.250:1900
11-06 19:14:23.682 D/HTTPMUSocket( 2432): 
11-06 19:14:23.682 D/HTTPMUSocket( 2432): bindAddr:null and port:-1
11-06 19:14:23.683 D/HTTPMUSocket( 2432): /192.168.31.49
11-06 19:14:23.683 D/Device  ( 2432): announce bindAddr=192.168.31.49,serviceDesUrl=
11-06 19:14:23.684 D/HTTPMUSocket( 2432): open addr=239.255.255.250,port=1900,bindAddr=192.168.31.49
11-06 19:14:23.687 D/TimerUtil( 2432): waitRandom time=300,waitTime=79
11-06 19:14:23.687 D/HTTPMUSocket( 2432): send msg:NOTIFY * HTTP/1.1
11-06 19:14:23.687 D/HTTPMUSocket( 2432): Server: Linux/3.18.24_hi3798mv2x UPnP/1.0 CyberLinkJava/1.8
11-06 19:14:23.687 D/HTTPMUSocket( 2432): Cache-Control: max-age=1800
11-06 19:14:23.687 D/HTTPMUSocket( 2432): Location: http://192.168.31.49:38520/description.xml
11-06 19:14:23.687 D/HTTPMUSocket( 2432): NTS: ssdp:alive
11-06 19:14:23.687 D/HTTPMUSocket( 2432): NT: urn:sumavision.com:service:X_SUMA_EVENT:1
11-06 19:14:23.687 D/HTTPMUSocket( 2432): USN: uuid:51fd4a57-a937-4066-8f0e-e8639f1cc24e::urn:sumavision.com:service:X_SUMA_EVENT:1
11-06 19:14:23.687 D/HTTPMUSocket( 2432): HOST: 239.255.255.250:1900
11-06 19:14:23.687 D/HTTPMUSocket( 2432): 
11-06 19:14:23.687 D/HTTPMUSocket( 2432): bindAddr:null and port:-1
11-06 19:14:23.688 D/HTTPMUSocket( 2432): /192.168.31.49
11-06 19:14:23.688 D/Advertiser( 2432): Advertise12:51000 at time:1509966863688 with thread:org.cybergarage.d.b.a@25ed9e23
11-06 19:14:23.695 I/Advanced( 3835): [QUEUE] share_queue_sendEx size:1 4097 2275 0x8f155f48,postLoopId:0,dstid:1.
11-06 19:14:23.876 D/[blink]DOMTimer( 3835): [fired] 0x524c2718 timeout fired.
11-06 19:14:23.876 D/ScriptController( 3835): [executeScriptAndReturnValue] [V8] evaluate Script start. frame=0x4d121a48 url= line=1. source length=22
11-06 19:14:23.876 D/iPanel  ( 3835): iPanel.debug("checkOverlayCreated")
11-06 19:14:23.876 D/[blink]DOMTimer( 3835): [DOMTimer] 0x524c2788 setTimeout 300ms, repeat:0.
11-06 19:14:23.876 D/ScriptController( 3835): [executeScriptAndReturnValue] [V8] evaluate Script end. frame=0x4d121a48 
11-06 19:14:23.949 D/BackBootDealerNeimeng( 2389): standbyState:
11-06 19:14:23.950 E/NetUtils( 2018): Interface eth0 LinkDown!
