11-06 19:07:11.767 D/ScriptController( 3835): [executeScriptAndReturnValue] [V8] evaluate Script start. frame=0x4d121a48 url= line=1. source length=22
11-06 19:07:11.768 D/iPanel  ( 3835): iPanel.debug("checkOverlayCreated")
11-06 19:07:11.768 D/[blink]DOMTimer( 3835): [DOMTimer] 0x524ced08 setTimeout 300ms, repeat:0.
11-06 19:07:11.768 D/ScriptController( 3835): [executeScriptAndReturnValue] [V8] evaluate Script end. frame=0x4d121a48 
11-06 19:07:11.831 E/hcdn_upload( 3008): HCDN_LOG: [2017/11/06-19:07:11:831]:Update uload speed 1 kbps ,real:0 kbps,qsize:0,maxsize:12,timeout_speed:0 kbps 
11-06 19:07:11.852 I/Advanced( 3835): [QUEUE] share_queue_sendEx size:1 4097 134 0x8f155f48,postLoopId:0,dstid:1.
11-06 19:07:11.857 D/BackBootDealerNeimeng( 2389): standbyState:
11-06 19:07:11.858 E/NetUtils( 2018): Interface eth0 LinkDown!
11-06 19:07:11.896 I/AdvancedPorting-PORT_MODULE_NET( 3835): network_task while... 
11-06 19:07:11.897 I/AdvancedPorting-PORT_MODULE_NET( 3835): 0 interface name: lo
11-06 19:07:11.897 I/AdvancedPorting-PORT_MODULE_NET( 3835): 1 interface name: wlan0
11-06 19:07:11.897 I/AdvancedPorting-PORT_MODULE_NET( 3835): First interface name: lo
11-06 19:07:11.897 I/AdvancedPorting-PORT_MODULE_NET( 3835): network_task while...  net_i:1
11-06 19:07:11.897 I/AdvancedPorting-PORT_MODULE_NET( 3835): network_task while---name_interface[0]=lo
11-06 19:07:11.897 I/AdvancedPorting-PORT_MODULE_NET( 3835): network_task while---name_interface[1]=wlan0
11-06 19:07:11.897 I/AdvancedPorting-PORT_MODULE_NET( 3835): network_task while---interface_name=wlan0
11-06 19:07:11.897 I/AdvancedPorting-PORT_MODULE_NET( 3835): network_get_netlink_status(in)--if_name=wlan0
11-06 19:07:11.897 I/AdvancedPorting-PORT_MODULE_NET( 3835): net.network.isconnected = no
11-06 19:07:11.897 I/AdvancedPorting-PORT_MODULE_NET( 3835): wlan0 --network_get_netlink_status return retval=1
11-06 19:07:11.897 I/AdvancedPorting-PORT_MODULE_NET( 3835): stat = 1 last_status = 1
11-06 19:07:12.015 V/PT      ( 1583): >>INFO:irkey_task:[     468.712856] /dev/input/event0: type=0001 code=009e val=00000001
11-06 19:07:12.015 V/PT      ( 1583): >>INFO:irkey_send:0x3001 0x1000 down
11-06 19:07:12.015 V/SUMA    ( 1583): ++++++++++++++  _roc_evtmgr_key_cbk 517:input = 12289, event=4096, act=0x100
11-06 19:07:12.015 V/SUMA    ( 1583): lxm:_roc_evtmgr_key_cbk 519 468713
11-06 19:07:12.015 V/SUMA    ( 1583): lxm:_roc_evtmgr_add_evt_into_queue 347 468713
11-06 19:07:12.015 V/PT      ( 1583): >>INFO:irkey_task:[     468.712856] /dev/input/event0: type=0000 code=0000 val=00000000
11-06 19:07:12.015 V/SUMA    ( 1583): ===================>> type=0 src=0 evt=4096 act=0x100
11-06 19:07:12.015 V/SUMA    ( 1583): [sysset-s][event_manager_cbk 78]lxm cbid=1, cbk_reg=1, cpid=2458
11-06 19:07:12.016 D/NGBEvent( 2458): ngbEventCallBack type:0 source :4096
11-06 19:07:12.016 D/NGBEvent( 2458): [NGBEventManager-JNI]-returning:1
11-06 19:07:12.016 D/NGBEvent( 2458): Input key event: keyCode=4096
11-06 19:07:12.016 D/NGBEvent( 2458): src:4096 = dest:4096
11-06 19:07:12.016 I/System.out( 2458): [DEBUG EventManager] LWJ--Add event to java with evt=NgbEvent-[type = 1, subtype = 401, code = 4096]
11-06 19:07:12.016 D/NGBEvent( 2458): [NGBEvent_log]--[EventManager--JNI]:		start
11-06 19:07:12.016 I/System.out( 2458): [DEBUG EventManager] broadcastEvent  :len 1
11-06 19:07:12.017 D/CombineKeyUtil( 2458): [TN_pool-1-thread-1]dealKeyEvent,combineIndex:-1:keyCode:4
11-06 19:07:12.017 D/KeyEventNgbDealer( 2458): [TN_pool-1-thread-1]handleKeyPressed keyEvent=NgbEvent-[type = 1, subtype = 401, code = 4096],time=468714
11-06 19:07:12.017 D/ir_user ( 1587): PlayerTimeLineTrace:linux_keycode:0x9e(DOWN),	protocol: .
11-06 19:07:12.017 D/RemoteIME( 2329): onKeyDown event = KeyEvent { action=ACTION_DOWN, keyCode=KEYCODE_BACK, scanCode=158, metaState=0, flags=0x8, repeatCount=0, eventTime=468712, downTime=468712, deviceId=3, source=0x701 },mSkbContainer=null
11-06 19:07:12.019 D/cr_AwTestContainerView( 3835): [AwTestContainerView.java:63] [mainFrame]: [unknown] dispatchKeyEvent keyCode = 4 event = KeyEvent { action=ACTION_DOWN, keyCode=KEYCODE_BACK, scanCode=158, metaState=0, flags=0x8, repeatCount=0, eventTime=468712, downTime=468712, deviceId=3, source=0x701 }
11-06 19:07:12.019 D/ImeAdapterAndroid( 3835): [SendKeyEvent] [BUILD TIME: ] dispatchKeyEvent key_code=4 modifiers=0 unicode_char=0 scan_code=158 is_system=0 tm=468712
11-06 19:07:12.020 D/RenderWidgetInputHandler( 3835): [HandleInputEvent] input_event type=8 name=KeyDown
11-06 19:07:12.020 D/RenderWidgetInputHandler( 3835): [HandleInputEvent] input_event type=8 prevent_default:0
11-06 19:07:12.020 D/WebViewImpl( 3835): [handleKeyEvent] keycode:166, eventType:8 native keycode:4 frame=0x4d129d58. url='http://10.14.30.222:8889/appcms4.0/app/tv/newklq/xwjj/klqzs/index.htm?listPos=function%20Object()%20{%20[native%20code]%20}'.
11-06 19:07:12.020 D/[blink]KeyboardEventManager( 3835): [keyEvent] initialKeyEvent KeyDown nativeKeyCode=4 windowsKeyCode=166 text[0]=0
11-06 19:07:12.020 D/[blink]KeyboardEventManager( 3835): [keyEvent] initialKeyEvent focusedNode=0x0
11-06 19:07:12.022 D/V8ScriptRunner( 3835): [callFunction] start. frame = 0x4d129d58 function: document.onkeydown url: http://10.14.30.222:8889/appcms4.0/app/tv/newklq/xwjj/klqzs/js/keyevent.js line: 22
11-06 19:07:12.022 D/base::KeyConverter( 3835): [get] convert 4 => 8.
11-06 19:07:12.022 D/[blink]KeyboardEvent( 3835): [keyCode] convert keycode: 4 -> 8.
11-06 19:07:12.023 D/ChromeClientImpl( 3835): [addMessageToConsole] [LOG:CONSOLE(11)] "index keycode=KEY_BACK", source:http://10.14.30.222:8889/appcms4.0/app/tv/newklq/xwjj/klqzs/js/common.js (11)
11-06 19:07:12.023 D/V8      ( 3835): [ReferenceError] [V8] JS Error: ReferenceError: slistPos, url=http://10.14.30.222:8889/appcms4.0/app/tv/newklq/xwjj/klqzs/index.htm?listPos=function%20Object()%20{%20[native%20code]%20}, line=41
11-06 19:07:12.024 D/V8      ( 3835): [NewError] [V8] Factory::NewError: slistPos is not defined
11-06 19:07:12.024 D/V8      ( 3835): [ReferenceError] [V8] JS Throw: ReferenceError, ../../v8/src/ic/ic.cc(396)
11-06 19:07:12.024 D/V8      ( 3835): [Throw] [V8] Isolate::Throw!
11-06 19:07:12.024 D/V8      ( 3835): [ReferenceError] [V8] ReferenceError exception clear!
11-06 19:07:12.024 D/V8      ( 3835): [__RT_impl_Runtime_LoadGlobalIC_Miss] [V8] exception clear: __RT_impl_Runtime_LoadGlobalIC_Miss, ../../v8/src/ic/ic.cc(2393)
11-06 19:07:12.024 D/[blink]Location( 3835): [setLocation] m_frame=0x4d129d58 location.href completedURL=http://10.14.30.222:8889/appcms4.0/app/tv/newklq/xwjj/klqzs/index.htm?listPos=function%20Object()%20{%20[native%20code]%20}
11-06 19:07:12.024 D/[blink]NavigationScheduler( 3835): [scheduleLocationChange] frame=0x4d129d58 url=http://10.14.30.222:8889/appcms4.0/app/tv/newklq/xwjj/klqzs/index.htm?listPos=function%20Object()%20{%20[native%20code]%20}
11-06 19:07:12.024 D/V8ScriptRunner( 3835): [callFunction] end. frame = 0x4d129d58 function: document.onkeydown url: http://10.14.30.222:8889/appcms4.0/app/tv/newklq/xwjj/klqzs/js/keyevent.js line: 22
11-06 19:07:12.024 D/[blink]KeyboardEventManager( 3835): [keyEvent] dispatchResult = CanceledByEventHandler
11-06 19:07:12.025 D/LoadHttpHandler( 2389): [TN_ThreadUtil-4]doNormal responseCode=404
11-06 19:07:12.025 D/[blink]FrameLoader( 3835): [load] load request isLoadingMainFrame=1, url:http://10.14.30.222:8889/appcms4.0/app/tv/newklq/xwjj/klqzs/index.htm?listPos=function%20Object()%20{%20[native%20code]%20}
11-06 19:07:12.025 D/LoadHttpTask( 2389): dealUpdateCheck responseCode:404:data:null:downloadResult:false
11-06 19:07:12.025 D/IPLoaderNeimeng( 2389): after dealUpdateCheck time:19:07:12:isMsgBroadcast:false:monitorInterval:5000:processState:1
11-06 19:07:12.026 D/IPLoaderNeimeng( 2389): before wait time19:07:12:monitorInterval:5000
11-06 19:07:12.026 D/FrameLoaderClientImpl( 3835): [didStartLoading] start load url:http://10.14.30.222:8889/appcms4.0/app/tv/newklq/xwjj/klqzs/index.htm?listPos=function%20Object()%20{%20[native%20code]%20}, isMainframe=1, frame=0x4d129d58. parent=null
11-06 19:07:12.026 D/Browser ( 3835): postProgressNotification type=0
11-06 19:07:12.026 D/[blink]FrameView( 3835): [setCanPaint] this:0x524cc070, setCanPaint old canpaint=1, new canpaint=0 .
11-06 19:07:12.026 D/[blink]ResourceFetcher( 3835): [requestResource] url=http://10.14.30.222:8889/appcms4.0/app/tv/newklq/xwjj/klqzs/index.htm?listPos=function%20Object()%20{%20[native%20code]%20}.
11-06 19:07:12.027 D/url     ( 3835): [DoResolveRelative] [WEB] DoResolveRelative Error resolving.
11-06 19:07:12.027 D/[blink]DocumentLoader( 3835): [startLoadingMainResource]  load main resource:http://10.14.30.222:8889/appcms4.0/app/tv/newklq/xwjj/klqzs/index.htm?listPos=function%20Object()%20{%20[native%20code]%20}
11-06 19:07:12.027 D/webcoreBridge( 3835): #3871 execJS frameName='eventFrame' jscore='iPanel.dispatchMessage(32774,5975,1);'
11-06 19:07:12.027 D/webcoreBridge( 3835): execJS-->frame:0x4d121a48 focusFrame=0x4d129d58 focusFrame.script=0x25766328
11-06 19:07:12.027 D/webcoreBridge( 3835): execJS-->executeScript frame=0x4d121a48 script=0x25761988
11-06 19:07:12.027 D/ScriptController( 3835): [executeScriptAndReturnValue] [V8] evaluate Script start. frame=0x4d121a48 url= line=1. source length=37
11-06 19:07:12.027 D/iPanel  ( 3835): iPanel.debug("dispatchMessage:msg: 32774,5975,1")
11-06 19:07:12.027 D/iPanel  ( 3835): get getFocusedOrMainFrame
11-06 19:07:12.027 D/ResourceLoader( 3835): [StartRequest] start request 0xb4b91b00 url='http://10.14.30.222:8889/appcms4.0/app/tv/newklq/xwjj/klqzs/index.htm?listPos=function%20Object()%20{%20[native%20code]%20}'
11-06 19:07:12.027 D/iPanel  ( 3835): getFrameByName 'eventFrame' frame=0x4d121a48 window=0x4d1226f8
11-06 19:07:12.027 D/iPanel  ( 3835): getFrameByName 'mainFrame' frame=0x4d129d58 window=0x4d24ab88
11-06 19:07:12.028 D/BrowserWebViewClient( 3835): onPageStarted webview = com.ipanel.android_webview.shell.AwWebViewImpl[mainFrame: focused=true url=http://10.14.30.222:8889/appcms4.0/app/tv/newklq/xwjj/klqzs/index.htm?listPos=function%20Object()%20{%20[native%20code]%20}] url = http://10.14.30.222:8889/appcms4.0/app/tv/newklq/xwjj/klqzs/index.htm?listPos=function%20Object()%20{%20[native%20code]%20}
11-06 19:07:12.028 D/Browser ( 3835): showIconLoading
11-06 19:07:12.028 D/AwRequestInterceptor( 3835): [MaybeInterceptRequest] request=0xb4b91b00
11-06 19:07:12.028 D/iPanel  ( 3835): iPanel.debug("dispatchMessage:iPanel.getFocusedOrMainFrame = http://10.14.30.222:8889/appcms4.0/app/tv/newklq/xwjj/klqzs/index.htm?listPos=function%20Object()%20{%20[native%20code]%20}")
11-06 19:07:12.028 D/iPanel  ( 3835): iPanel.debug("dispatchMessage:frame num: 2, keyEvent:system")
11-06 19:07:12.028 D/iPanel  ( 3835): iPanel.debug("dispatchMessage:#2. proc event 5975. url: http://10.14.30.222:8889/appcms4.0/app/tv/newklq/xwjj/klqzs/index.htm?listPos=function%20Object()%20{%20[native%20code]%20}")
11-06 19:07:12.028 D/cr_AwContents( 3835): [AwContents.java:520] BackgroundThreadClientImpl shouldInterceptRequest url = http://10.14.30.222:8889/appcms4.0/app/tv/newklq/xwjj/klqzs/index.htm?listPos=function%20Object()%20{%20[native%20code]%20}
11-06 19:07:12.028 D/iPanel  ( 3835): iPanel.debug("w=[object Window], document=[object HTMLDocument], keyCode=5975, modifiers=1, keyEvent=system")
11-06 19:07:12.028 D/cr_AwNullContentsClient( 3835): [AwNullContentsClient.java:62] shouldInterceptRequest url=http://10.14.30.222:8889/appcms4.0/app/tv/newklq/xwjj/klqzs/index.htm?listPos=function%20Object()%20{%20[native%20code]%20}
11-06 19:07:12.028 D/BrowserWebViewClient( 3835): intercept request :http://10.14.30.222:8889/appcms4.0/app/tv/newklq/xwjj/klqzs/index.htm?listPos=function%20Object()%20{%20[native%20code]%20}
11-06 19:07:12.029 D/AwRequestInterceptor( 3835): [MaybeInterceptRequest] request=0xb4b91b00
11-06 19:07:12.029 D/ChromeClientImpl( 3835): [addMessageToConsole] [LOG:CONSOLE(11)] "index keycode=EIS_MISC_HTML_OPEN_START", source:http://10.14.30.222:8889/appcms4.0/app/tv/newklq/xwjj/klqzs/js/common.js (11)
11-06 19:07:12.029 D/iPanel  ( 3835): iPanel.debug("ret: true")
11-06 19:07:12.029 D/iPanel  ( 3835): iPanel.debug("dispatchMessage:#1. proc event 5975. url: ui:///eventpage.htm?ipanelcmd-name=eventFrame&script=ui:///ipanel.js")
11-06 19:07:12.029 D/iPanel  ( 3835): iPanel.debug("w=[object Window], document=[object HTMLDocument], keyCode=5975, modifiers=1, keyEvent=system")
11-06 19:07:12.029 D/iPanel  ( 3835): iPanel.debug("eventpage grabEvent")
11-06 19:07:12.029 D/iPanel  ( 3835): getFrameByName 'mainFrame' frame=0x4d129d58 window=0x4d24ab88
11-06 19:07:12.029 D/iPanel  ( 3835): iPanel.debug("--zjh-- url = http://10.14.30.222:8889/appcms4.0/app/tv/newklq/xwjj/klqzs/index.htm?listPos=function%20Object()%20{%20[native%20code]%20}  keycode = 5975")
11-06 19:07:12.029 D/iPanel  ( 3835): iPanel.debug("eventpage.htm args.type==true")
11-06 19:07:12.029 D/iPanel  ( 3835): iPanel.debug("eventpage grabEvent eventObj==[object Object]")
11-06 19:07:12.029 D/iPanel  ( 3835): iPanel.debug("eventpage eventObj.code = EIS_MISC_HTML_OPEN_START")
11-06 19:07:12.029 D/iPanel  ( 3835): iPanel.debug("eventpage keyValue = 5975--p2:1")
11-06 19:07:12.029 D/ChromeClientImpl( 3835): [addMessageToConsole] [LOG:CONSOLE(643)] "eventHandler---keycode==5975,p2=1", source:ui:///mediaPlayer.js (643)
11-06 19:07:12.029 D/iPanel  ( 3835): iPanel.debug("ret: 0")
11-06 19:07:12.029 D/iPanel  ( 3835): iPanel.debug("dispatchMessage:end")
11-06 19:07:12.029 D/ScriptController( 3835): [executeScriptAndReturnValue] [V8] evaluate Script end. frame=0x4d121a48 
11-06 19:07:12.029 D/webcoreBridge( 3835): execJS-->executeScript frame=0x4d121a48 end.
11-06 19:07:12.039 D/FrameLoaderClientImpl( 3835): [dispatchDidHandleUnloadEvents] dispatch onunload event url:http://10.14.30.222:8889/appcms4.0/app/tv/newklq/xwjj/klqzs/index.htm?listPos=function%20Object()%20{%20[native%20code]%20}
11-06 19:07:12.039 D/ResourceLoader( 3835): [ResponseCompleted] finish request 0xb4b91b00 url='http://10.14.30.222:8889/appcms4.0/app/tv/newklq/xwjj/klqzs/index.htm?listPos=function%20Object()%20{%20[native%20code]%20}'
11-06 19:07:12.039 D/[blink]FocusSetting( 3835): [updateDefaultFocusColor] color=0xFFFF8D1A.
11-06 19:07:12.039 D/[blink]Page( 3835): [setEnableDefaultNavigation] isEnableDefaultNavigation:1
11-06 19:07:12.039 D/FrameLoaderClientImpl( 3835): [dispatchDidHandleUnloadEvents] dispatch onunload event url:http://10.14.30.222:8889/appcms4.0/app/tv/newklq/xwjj/klqzs/index.htm?listPos=function%20Object()%20{%20[native%20code]%20}
11-06 19:07:12.039 D/[blink]FocusSetting( 3835): [updateDefaultFocusColor] color=0xFFFF8D1A.
11-06 19:07:12.039 D/[cc]LayerTreeHost( 3835): [SetNeedsCommit] SetNeedsCommit!this:0x9f459680
11-06 19:07:12.039 D/[cc]LayerTreeHost( 3835): [SetNeedsCommit] SetNeedsCommit!this:0x9f459680
11-06 19:07:12.039 D/[cc]LayerTreeHost( 3835): [SetNeedsCommit] SetNeedsCommit!this:0x9f459680
11-06 19:07:12.039 D/[cc]LayerTreeHost( 3835): [SetNeedsCommit] SetNeedsCommit!this:0x9f459680
11-06 19:07:12.039 D/[cc]LayerTreeHost( 3835): [SetNeedsCommit] SetNeedsCommit!this:0x9f459680
11-06 19:07:12.039 D/[cc]beginFrameSource( 3835): [AddObserver] ExternalBeginFrameSource::AddObserver
11-06 19:07:12.039 D/[cc]LayerTreeHost( 3835): [SetNeedsCommit] SetNeedsCommit!this:0x9f459680
11-06 19:07:12.039 D/[cc]LayerTree( 3835): [SetRootLayer] [LayerTree::SetRootLayer]. set needs_full_tree_sync_ = true, but not Commit!!!
11-06 19:07:12.040 D/[cc]LayerTreeHost( 3835): [SetNeedsCommit] SetNeedsCommit!this:0x9f459680
11-06 19:07:12.040 D/[blink]FrameView( 3835): [FrameView] create FrameView frame=0x4d129d58 frame view=0x524ced78
11-06 19:07:12.050 D/FrameLoaderClientImpl( 3835): [dispatchDidClearWindowObjectInMainWorld] frame=0x4d129d58
11-06 19:07:12.050 D/RegisterGlobalObject( 3835): start. frame=0x4d129d58 path='/appcms4.0/app/tv/newklq/xwjj/klqzs/index.htm'
11-06 19:07:12.050 D/RegisterGlobalObject( 3835): end. object num=28
11-06 19:07:12.051 D/FrameLoaderClientImpl( 3835): [dispatchDidClearWindowObjectInMainWorld] frame=0x4d129d58
11-06 19:07:12.051 D/RegisterGlobalObject( 3835): start. frame=0x4d129d58 path='/appcms4.0/app/tv/newklq/xwjj/klqzs/index.htm'
11-06 19:07:12.051 D/RegisterGlobalObject( 3835): end. object num=28
11-06 19:07:12.051 D/[blink]HTMLDocumentParser( 3835): [appendBytes] function:appendBytes: shouldUseThreading:1
11-06 19:07:12.051 W/cr_BindingManager( 3835): Cannot call determinedVisibility() - never saw a connection for the pid: 3835
11-06 19:07:12.052 I/cr_AwContents( 3835): org.chromium.android_webview.AwContents@c61d4c insertVisualStateCallbackIfNotDestroyed
11-06 19:07:12.053 I/Advanced( 3835): [QUEUE] share_queue_sendEx size:1 4097 135 0x8f155f48,postLoopId:0,dstid:1.
11-06 19:07:12.054 D/[blink]HTMLDocumentParser( 3835): [appendBytes] function:appendBytes: shouldUseThreading:1
11-06 19:07:12.055 D/[blink]ResourceFetcher( 3835): [didFinishLoading] encoded length=11102 url=http://10.14.30.222:8889/appcms4.0/app/tv/newklq/xwjj/klqzs/index.htm?listPos=function%20Object()%20{%20[native%20code]%20}.
11-06 19:07:12.056 D/[blink]ResourceFetcher( 3835): [requestResource] url=http://10.14.30.222:8889/appcms4.0/app/tv/newklq/xwjj/klqzs/js/keyevent.js.
11-06 19:07:12.056 D/url     ( 3835): [DoResolveRelative] [WEB] DoResolveRelative Error resolving.
11-06 19:07:12.056 D/[blink]ResourceFetcher( 3835): [requestResource] url=http://10.14.30.222:8889/appcms4.0/app/tv/newklq/xwjj/klqzs/js/common.js.
11-06 19:07:12.057 D/url     ( 3835): [DoResolveRelative] [WEB] DoResolveRelative Error resolving.
11-06 19:07:12.057 D/iPanel-inject( 3835): iPanelInjectUserScripts begin. url='http://10.14.30.222:8889/appcms4.0/app/tv/newklq/xwjj/klqzs/index.htm?listPos=function%20Object()%20{%20[native%20code]%20}'
11-06 19:07:12.057 D/iPanel-inject( 3835): iPanelInjectUserScripts.count: 1
11-06 19:07:12.057 D/iPanel-inject( 3835): iPanelInjectUserScripts end
11-06 19:07:12.058 D/[blink]ResourceFetcher( 3835): [requestResource] url=http://10.14.30.222:8889/appcms4.0/app/tv/newklq/xwjj/klqzs/js/keyevent.js.
11-06 19:07:12.058 D/url     ( 3835): [DoResolveRelative] [WEB] DoResolveRelative Error resolving.
11-06 19:07:12.059 D/ScriptController( 3835): [executeScriptAndReturnValue] [V8] evaluate Script start. frame=0x4d129d58 url=http://10.14.30.222:8889/appcms4.0/app/tv/newklq/xwjj/klqzs/js/keyevent.js line=1. source length=43775
11-06 19:07:12.059 D/ScriptController( 3835): [executeScriptAndReturnValue] [V8] compile Script end. frame=0x4d129d58 
11-06 19:07:12.060 D/ScriptController( 3835): [executeScriptAndReturnValue] [V8] evaluate Script end. frame=0x4d129d58 
11-06 19:07:12.060 D/[blink]ResourceFetcher( 3835): [requestResource] url=http://10.14.30.222:8889/appcms4.0/app/tv/newklq/xwjj/klqzs/js/common.js.
11-06 19:07:12.060 D/url     ( 3835): [DoResolveRelative] [WEB] DoResolveRelative Error resolving.
11-06 19:07:12.061 D/ScriptController( 3835): [executeScriptAndReturnValue] [V8] evaluate Script start. frame=0x4d129d58 url=http://10.14.30.222:8889/appcms4.0/app/tv/newklq/xwjj/klqzs/js/common.js line=1. source length=6186
11-06 19:07:12.061 D/ScriptController( 3835): [executeScriptAndReturnValue] [V8] compile Script end. frame=0x4d129d58 
11-06 19:07:12.061 D/ScriptController( 3835): [executeScriptAndReturnValue] [V8] evaluate Script end. frame=0x4d129d58 
11-06 19:07:12.062 D/ScriptController( 3835): [executeScriptAndReturnValue] [V8] evaluate Script start. frame=0x4d129d58 url=http://10.14.30.222:8889/appcms4.0/app/tv/newklq/xwjj/klqzs/index.htm?listPos=function%20Object()%20{%20[native%20code]%20} line=14. source length=3895
11-06 19:07:12.063 D/ScriptController( 3835): [executeScriptAndReturnValue] [V8] compile Script end. frame=0x4d129d58 
11-06 19:07:12.063 D/ScriptController( 3835): [executeScriptAndReturnValue] [V8] evaluate Script end. frame=0x4d129d58 
11-06 19:07:12.063 D/[blink]ResourceFetcher( 3835): [requestResource] url=http://10.14.30.222:8889/appcms4.0/app/tv/newklq/xwjj/klqzs/images/logo.png.
11-06 19:07:12.063 D/url     ( 3835): [DoResolveRelative] [WEB] DoResolveRelative Error resolving.
11-06 19:07:12.064 D/[blink]ResourceFetcher( 3835): [requestResource] url=http://10.14.30.222:8889/appcms4.0/app/tv/newklq/xwjj/klqzs/images/focus05.png.
11-06 19:07:12.064 D/url     ( 3835): [DoResolveRelative] [WEB] DoResolveRelative Error resolving.
11-06 19:07:12.065 D/[blink]ResourceFetcher( 3835): [requestResource] url=http://10.14.30.222:8889/appcms4.0/app/tv/newklq/xwjj/klqzs/images/pic1_05.jpg.
11-06 19:07:12.065 D/url     ( 3835): [DoResolveRelative] [WEB] DoResolveRelative Error resolving.
11-06 19:07:12.065 D/[blink]ResourceFetcher( 3835): [requestResource] url=http://10.14.30.222:8889/appcms4.0/app/tv/newklq/xwjj/klqzs/images/icon1_07.png.
11-06 19:07:12.065 D/url     ( 3835): [DoResolveRelative] [WEB] DoResolveRelative Error resolving.
11-06 19:07:12.066 D/[blink]ResourceFetcher( 3835): [requestResource] url=http://10.14.30.222:8889/appcms4.0/app/tv/newklq/xwjj/klqzs/images/pic1_05.jpg.
11-06 19:07:12.066 D/url     ( 3835): [DoResolveRelative] [WEB] DoResolveRelative Error resolving.
11-06 19:07:12.066 D/[blink]ResourceFetcher( 3835): [requestResource] url=http://10.14.30.222:8889/appcms4.0/app/tv/newklq/xwjj/klqzs/images/icon1_07.png.
11-06 19:07:12.066 D/url     ( 3835): [DoResolveRelative] [WEB] DoResolveRelative Error resolving.
11-06 19:07:12.066 D/[blink]ResourceFetcher( 3835): [requestResource] url=http://10.14.30.222:8889/appcms4.0/app/tv/newklq/xwjj/klqzs/images/pic1_05.jpg.
11-06 19:07:12.066 D/url     ( 3835): [DoResolveRelative] [WEB] DoResolveRelative Error resolving.
11-06 19:07:12.067 D/[blink]ResourceFetcher( 3835): [requestResource] url=http://10.14.30.222:8889/appcms4.0/app/tv/newklq/xwjj/klqzs/images/icon1_07.png.
11-06 19:07:12.067 D/url     ( 3835): [DoResolveRelative] [WEB] DoResolveRelative Error resolving.
11-06 19:07:12.067 D/[blink]ResourceFetcher( 3835): [requestResource] url=http://10.14.30.222:8889/appcms4.0/app/tv/newklq/xwjj/klqzs/images/pic1_05.jpg.
11-06 19:07:12.067 D/url     ( 3835): [DoResolveRelative] [WEB] DoResolveRelative Error resolving.
11-06 19:07:12.067 D/[blink]ResourceFetcher( 3835): [requestResource] url=http://10.14.30.222:8889/appcms4.0/app/tv/newklq/xwjj/klqzs/images/icon1_07.png.
11-06 19:07:12.067 D/url     ( 3835): [DoResolveRelative] [WEB] DoResolveRelative Error resolving.
11-06 19:07:12.067 D/[blink]ResourceFetcher( 3835): [requestResource] url=http://10.14.30.222:8889/appcms4.0/app/tv/newklq/xwjj/klqzs/images/pic1_05.jpg.
11-06 19:07:12.067 D/url     ( 3835): [DoResolveRelative] [WEB] DoResolveRelative Error resolving.
11-06 19:07:12.068 D/[blink]ResourceFetcher( 3835): [requestResource] url=http://10.14.30.222:8889/appcms4.0/app/tv/newklq/xwjj/klqzs/images/icon1_07.png.
11-06 19:07:12.068 D/url     ( 3835): [DoResolveRelative] [WEB] DoResolveRelative Error resolving.
11-06 19:07:12.068 D/[blink]ResourceFetcher( 3835): [requestResource] url=http://10.14.30.222:8889/appcms4.0/app/tv/newklq/xwjj/klqzs/images/pic1_05.jpg.
11-06 19:07:12.068 D/url     ( 3835): [DoResolveRelative] [WEB] DoResolveRelative Error resolving.
11-06 19:07:12.068 D/[blink]ResourceFetcher( 3835): [requestResource] url=http://10.14.30.222:8889/appcms4.0/app/tv/newklq/xwjj/klqzs/images/icon1_07.png.
11-06 19:07:12.068 D/url     ( 3835): [DoResolveRelative] [WEB] DoResolveRelative Error resolving.
11-06 19:07:12.068 D/[blink]ResourceFetcher( 3835): [requestResource] url=http://10.14.30.222:8889/appcms4.0/app/tv/newklq/xwjj/klqzs/images/pic1_05.jpg.
11-06 19:07:12.069 D/url     ( 3835): [DoResolveRelative] [WEB] DoResolveRelative Error resolving.
11-06 19:07:12.069 D/[blink]ResourceFetcher( 3835): [requestResource] url=http://10.14.30.222:8889/appcms4.0/app/tv/newklq/xwjj/klqzs/images/icon1_07.png.
11-06 19:07:12.069 D/url     ( 3835): [DoResolveRelative] [WEB] DoResolveRelative Error resolving.
11-06 19:07:12.069 D/[blink]ResourceFetcher( 3835): [requestResource] url=http://10.14.30.222:8889/appcms4.0/app/tv/newklq/xwjj/klqzs/images/pic1_05.jpg.
11-06 19:07:12.069 D/url     ( 3835): [DoResolveRelative] [WEB] DoResolveRelative Error resolving.
11-06 19:07:12.070 D/[blink]ResourceFetcher( 3835): [requestResource] url=http://10.14.30.222:8889/appcms4.0/app/tv/newklq/xwjj/klqzs/images/icon1_07.png.
11-06 19:07:12.070 D/url     ( 3835): [DoResolveRelative] [WEB] DoResolveRelative Error resolving.
11-06 19:07:12.070 D/[blink]ResourceFetcher( 3835): [requestResource] url=http://10.14.30.222:8889/appcms4.0/app/tv/newklq/xwjj/klqzs/images/icon1_06.png.
11-06 19:07:12.070 D/url     ( 3835): [DoResolveRelative] [WEB] DoResolveRelative Error resolving.
11-06 19:07:12.071 D/[cc]beginFrameSource( 3835): [AddObserver] ExternalBeginFrameSource::AddObserver
11-06 19:07:12.071 D/[blink]ResourceFetcher( 3835): [requestResource] url=http://10.14.30.222:8889/appcms4.0/app/tv/newklq/xwjj/klqzs/images/logo.png.
11-06 19:07:12.072 D/url     ( 3835): [DoResolveRelative] [WEB] DoResolveRelative Error resolving.
11-06 19:07:12.072 D/[blink]ResourceFetcher( 3835): [requestResource] url=http://10.14.30.222:8889/appcms4.0/app/tv/newklq/xwjj/klqzs/images/focus05.png.
11-06 19:07:12.072 D/url     ( 3835): [DoResolveRelative] [WEB] DoResolveRelative Error resolving.
11-06 19:07:12.073 D/[blink]ResourceFetcher( 3835): [requestResource] url=http://10.14.30.222:8889/appcms4.0/app/tv/newklq/xwjj/klqzs/images/pic1_05.jpg.
11-06 19:07:12.073 D/url     ( 3835): [DoResolveRelative] [WEB] DoResolveRelative Error resolving.
11-06 19:07:12.073 D/[blink]ResourceFetcher( 3835): [requestResource] url=http://10.14.30.222:8889/appcms4.0/app/tv/newklq/xwjj/klqzs/images/icon1_07.png.
11-06 19:07:12.073 D/url     ( 3835): [DoResolveRelative] [WEB] DoResolveRelative Error resolving.
11-06 19:07:12.074 D/[blink]ResourceFetcher( 3835): [requestResource] url=http://10.14.30.222:8889/appcms4.0/app/tv/newklq/xwjj/klqzs/images/pic1_05.jpg.
11-06 19:07:12.074 D/url     ( 3835): [DoResolveRelative] [WEB] DoResolveRelative Error resolving.
11-06 19:07:12.074 D/[blink]ResourceFetcher( 3835): [requestResource] url=http://10.14.30.222:8889/appcms4.0/app/tv/newklq/xwjj/klqzs/images/icon1_07.png.
11-06 19:07:12.074 D/url     ( 3835): [DoResolveRelative] [WEB] DoResolveRelative Error resolving.
11-06 19:07:12.075 D/[blink]ResourceFetcher( 3835): [requestResource] url=http://10.14.30.222:8889/appcms4.0/app/tv/newklq/xwjj/klqzs/images/pic1_05.jpg.
11-06 19:07:12.075 D/url     ( 3835): [DoResolveRelative] [WEB] DoResolveRelative Error resolving.
11-06 19:07:12.075 D/[blink]ResourceFetcher( 3835): [requestResource] url=http://10.14.30.222:8889/appcms4.0/app/tv/newklq/xwjj/klqzs/images/icon1_07.png.
11-06 19:07:12.075 D/url     ( 3835): [DoResolveRelative] [WEB] DoResolveRelative Error resolving.
11-06 19:07:12.076 D/[blink]ResourceFetcher( 3835): [requestResource] url=http://10.14.30.222:8889/appcms4.0/app/tv/newklq/xwjj/klqzs/images/pic1_05.jpg.
11-06 19:07:12.076 D/url     ( 3835): [DoResolveRelative] [WEB] DoResolveRelative Error resolving.
11-06 19:07:12.076 D/[blink]ResourceFetcher( 3835): [requestResource] url=http://10.14.30.222:8889/appcms4.0/app/tv/newklq/xwjj/klqzs/images/icon1_07.png.
11-06 19:07:12.076 D/url     ( 3835): [DoResolveRelative] [WEB] DoResolveRelative Error resolving.
11-06 19:07:12.077 D/[blink]ResourceFetcher( 3835): [requestResource] url=http://10.14.30.222:8889/appcms4.0/app/tv/newklq/xwjj/klqzs/images/pic1_05.jpg.
11-06 19:07:12.077 D/url     ( 3835): [DoResolveRelative] [WEB] DoResolveRelative Error resolving.
11-06 19:07:12.078 D/[blink]ResourceFetcher( 3835): [requestResource] url=http://10.14.30.222:8889/appcms4.0/app/tv/newklq/xwjj/klqzs/images/icon1_07.png.
11-06 19:07:12.078 D/url     ( 3835): [DoResolveRelative] [WEB] DoResolveRelative Error resolving.
11-06 19:07:12.078 D/[blink]ResourceFetcher( 3835): [requestResource] url=http://10.14.30.222:8889/appcms4.0/app/tv/newklq/xwjj/klqzs/images/pic1_05.jpg.
11-06 19:07:12.078 D/url     ( 3835): [DoResolveRelative] [WEB] DoResolveRelative Error resolving.
11-06 19:07:12.079 D/[blink]ResourceFetcher( 3835): [requestResource] url=http://10.14.30.222:8889/appcms4.0/app/tv/newklq/xwjj/klqzs/images/icon1_07.png.
11-06 19:07:12.079 D/url     ( 3835): [DoResolveRelative] [WEB] DoResolveRelative Error resolving.
11-06 19:07:12.079 D/[blink]ResourceFetcher( 3835): [requestResource] url=http://10.14.30.222:8889/appcms4.0/app/tv/newklq/xwjj/klqzs/images/pic1_05.jpg.
11-06 19:07:12.079 D/url     ( 3835): [DoResolveRelative] [WEB] DoResolveRelative Error resolving.
11-06 19:07:12.080 D/[blink]ResourceFetcher( 3835): [requestResource] url=http://10.14.30.222:8889/appcms4.0/app/tv/newklq/xwjj/klqzs/images/icon1_07.png.
11-06 19:07:12.080 D/url     ( 3835): [DoResolveRelative] [WEB] DoResolveRelative Error resolving.
11-06 19:07:12.081 D/[blink]ResourceFetcher( 3835): [requestResource] url=http://10.14.30.222:8889/appcms4.0/app/tv/newklq/xwjj/klqzs/images/pic1_05.jpg.
11-06 19:07:12.081 D/url     ( 3835): [DoResolveRelative] [WEB] DoResolveRelative Error resolving.
11-06 19:07:12.081 D/[blink]ResourceFetcher( 3835): [requestResource] url=http://10.14.30.222:8889/appcms4.0/app/tv/newklq/xwjj/klqzs/images/icon1_07.png.
11-06 19:07:12.081 D/url     ( 3835): [DoResolveRelative] [WEB] DoResolveRelative Error resolving.
11-06 19:07:12.082 D/[blink]ResourceFetcher( 3835): [requestResource] url=http://10.14.30.222:8889/appcms4.0/app/tv/newklq/xwjj/klqzs/images/icon1_06.png.
11-06 19:07:12.082 D/url     ( 3835): [DoResolveRelative] [WEB] DoResolveRelative Error resolving.
11-06 19:07:12.082 D/[cc]LayerTreeHost( 3835): [SetNeedsCommit] SetNeedsCommit!this:0x9f459680
11-06 19:07:12.084 D/[blink]ResourceFetcher( 3835): [requestResource] url=http://10.14.30.222:8889/appcms4.0/app/tv/newklq/xwjj/klqzs/images/bg1.jpg.
11-06 19:07:12.084 D/url     ( 3835): [DoResolveRelative] [WEB] DoResolveRelative Error resolving.
11-06 19:07:12.087 D/base::AndroidFile( 3835): [AndroidFile] open file 'ui://ipanel_private.js'. 
11-06 19:07:12.088 D/iPanel-inject( 3835): injectiIPanelPrivateScript frame=0x4d129d58 url=http://10.14.30.222:8889/appcms4.0/app/tv/newklq/xwjj/klqzs/index.htm?listPos=function%20Object()%20{%20[native%20code]%20} script file = ui://ipanel_private.js len = 4168
11-06 19:07:12.088 D/ScriptController( 3835): [executeScriptAndReturnValue] [V8] evaluate Script start. frame=0x4d129d58 url=ui:///ipanel_private.js line=1. source length=4168
11-06 19:07:12.088 D/ScriptController( 3835): [executeScriptAndReturnValue] [V8] compile Script end. frame=0x4d129d58 
11-06 19:07:12.088 D/iPanel  ( 3835): iPanel.debug("[ipanelTop] typeof(top)=undefined")
11-06 19:07:12.088 D/iPanel  ( 3835): iPanel.debug("[ipanelTop] in, window.top is undefined, push ipanelTop!")
11-06 19:07:12.088 D/iPanel  ( 3835): iPanel.debug("[ipanelTop] end, typeof(top)=object")
11-06 19:07:12.088 D/iPanel  ( 3835): getFrameByName 'eventFrame' frame=0x4d121a48 window=0x4d1226f8
11-06 19:07:12.088 D/iPanel  ( 3835): getFrameByName 'mainFrame' frame=0x4d129d58 window=0x4d24ec18
11-06 19:07:12.090 D/iPanel  ( 3835): iPanel.debug("set page view size, content:null")
11-06 19:07:12.090 D/iPanel  ( 3835): iPanel.debug("set page view size, getAttribute(width)=null")
11-06 19:07:12.090 D/iPanel  ( 3835): iPanel.debug("set page view size, bw=NaN, bh=NaN")
11-06 19:07:12.091 D/[blink]ResourceFetcher( 3835): [requestResource] url=http://10.14.30.222:8889/appcms4.0/app/tv/newklq/xwjj/klqzs/images/bg1.jpg.
11-06 19:07:12.091 D/url     ( 3835): [DoResolveRelative] [WEB] DoResolveRelative Error resolving.
11-06 19:07:12.091 D/iPanel  ( 3835): iPanel.debug("set page view size, img.src:http://10.14.30.222:8889/appcms4.0/app/tv/newklq/xwjj/klqzs/images/bg1.jpg")
11-06 19:07:12.093 D/iPanel  ( 3835): iPanel.debug("set page view size, original content:1280*720")
11-06 19:07:12.093 D/iPanel  ( 3835): iPanel.debug("set page view size: (1280*720)")
11-06 19:07:12.093 D/iPanel  ( 3835): iPanel.debug("set page view size: html{height:720px;width:1280px;-webkit-transform-origin: left top;-webkit-transform:scale(1,1);}")
11-06 19:07:12.095 D/iPanel  ( 3835): iPanel.debug("[ipanel_private.js] object.length: 0")
11-06 19:07:12.095 D/ScriptController( 3835): [executeScriptAndReturnValue] [V8] evaluate Script end. frame=0x4d129d58 
11-06 19:07:12.095 D/iPanel-inject( 3835): iPanelInjectUserScripts begin. url='http://10.14.30.222:8889/appcms4.0/app/tv/newklq/xwjj/klqzs/index.htm?listPos=function%20Object()%20{%20[native%20code]%20}'
11-06 19:07:12.095 D/iPanel-inject( 3835): iPanelInjectUserScripts.count: 1
11-06 19:07:12.095 D/iPanel-inject( 3835): iPanelInjectUserScripts end
11-06 19:07:12.095 D/FrameLoaderClientImpl( 3835): [dispatchDidFinishDocumentLoad] url:http://10.14.30.222:8889/appcms4.0/app/tv/newklq/xwjj/klqzs/index.htm?listPos=function%20Object()%20{%20[native%20code]%20}
11-06 19:07:12.095 D/[blink]DOMTimer( 3835): [fired] 0x524ced08 timeout fired.
11-06 19:07:12.096 D/ScriptController( 3835): [executeScriptAndReturnValue] [V8] evaluate Script start. frame=0x4d121a48 url= line=1. source length=22
11-06 19:07:12.096 D/iPanel  ( 3835): iPanel.debug("checkOverlayCreated")
11-06 19:07:12.096 D/[blink]DOMTimer( 3835): [DOMTimer] 0x524d1108 setTimeout 300ms, repeat:0.
11-06 19:07:12.096 D/ScriptController( 3835): [executeScriptAndReturnValue] [V8] evaluate Script end. frame=0x4d121a48 
11-06 19:07:12.097 D/V8ScriptRunner( 3835): [callFunction] start. frame = 0x4d129d58 function: img.onload url: ui:///ipanel_private.js line: 83
11-06 19:07:12.097 D/iPanel  ( 3835): iPanel.debug("set page view size,--- width:1280,height:720")
11-06 19:07:12.097 D/iPanel  ( 3835): iPanel.debug("set page view size: exit ipanelpageviewsize")
11-06 19:07:12.098 D/V8ScriptRunner( 3835): [callFunction] end. frame = 0x4d129d58 function: img.onload url: ui:///ipanel_private.js line: 83
11-06 19:07:12.098 D/[cc]ProxyMain( 3835): [BeginMainFrame] cc.BeginMainFrame this:0x9f609e48
11-06 19:07:12.099 D/[cc]LayerTreeHost( 3835): [AnimateLayers] AnimateLayers monotonic_time=468783314
11-06 19:07:12.099 D/[blink]FrameView( 3835): [updateLifecyclePhasesInternal] cannot paint!!return!!this:0x0x524ced78
11-06 19:07:12.100 D/V8ScriptRunner( 3835): [callFunction] start. frame = 0x4d129d58 function: onload url: http://10.14.30.222:8889/appcms4.0/app/tv/newklq/xwjj/klqzs/content.htm?listPos=undefined line: 91
11-06 19:07:12.100 D/[blink]DOMTimer( 3835): [DOMTimer] 0x524d1178 setTimeout 1000ms, repeat:1.
11-06 19:07:12.103 D/V8ScriptRunner( 3835): [callFunction] start. frame = 0x4d129d58 function: xmlhttp.onreadystatechange url: http://10.14.30.222:8889/appcms4.0/app/tv/newklq/xwjj/klqzs/js/common.js line: 38
11-06 19:07:12.104 D/ChromeClientImpl( 3835): [addMessageToConsole] [LOG:CONSOLE(11)] "readyState:---------1status:-----0", source:http://10.14.30.222:8889/appcms4.0/app/tv/newklq/xwjj/klqzs/js/common.js (11)
11-06 19:07:12.104 D/V8ScriptRunner( 3835): [callFunction] end. frame = 0x4d129d58 function: xmlhttp.onreadystatechange url: http://10.14.30.222:8889/appcms4.0/app/tv/newklq/xwjj/klqzs/js/common.js line: 38
11-06 19:07:12.104 D/[blink]ResourceFetcher( 3835): [requestResource] url=http://10.14.30.222:8889/appcms4.0/app/tv/newklq/xwjj/klqzs/content.js.
11-06 19:07:12.104 D/url     ( 3835): [DoResolveRelative] [WEB] DoResolveRelative Error resolving.
11-06 19:07:12.106 D/V8ScriptRunner( 3835): [callFunction] end. frame = 0x4d129d58 function: onload url: http://10.14.30.222:8889/appcms4.0/app/tv/newklq/xwjj/klqzs/content.htm?listPos=undefined line: 91
11-06 19:07:12.106 D/FrameLoaderClientImpl( 3835): [dispatchDidHandleOnloadEvents] dispatch onload event url:http://10.14.30.222:8889/appcms4.0/app/tv/newklq/xwjj/klqzs/index.htm?listPos=function%20Object()%20{%20[native%20code]%20}
11-06 19:07:12.106 D/[cc]beginFrameSource( 3835): [AddObserver] ExternalBeginFrameSource::AddObserver
11-06 19:07:12.108 D/[blink]FrameView( 3835): [layout] start... this:0x524ced78, frame=0x4d129d58 content size(0, 0). 
11-06 19:07:12.108 D/[blink]FrameView( 3835): [layout] performPreLayoutTasks start... this:0x524ced78
11-06 19:07:12.108 D/[blink]FrameView( 3835): [layout] performPreLayoutTasks end... this:0x524ced78
11-06 19:07:12.108 D/[blink]FrameView( 3835): [layout] performLayout start... this:0x524ced78
11-06 19:07:12.111 D/[blink]FrameView( 3835): [layout] performLayout end... this:0x524ced78
11-06 19:07:12.112 D/ChromeClientImpl( 3835): [contentsSizeChanged] -->size(1280, 720)
11-06 19:07:12.112 D/[blink]FrameView( 3835): [layout] cannot paint!! do not call compositor()->didLayout()! this:0x0x524ced78
11-06 19:07:12.112 D/[blink]FrameView( 3835): [layout] updateDocumentAnnotatedRegions start... this:0x524ced78
11-06 19:07:12.112 D/[blink]FrameView( 3835): [layout] scheduleOrPerformPostLayoutTasks start... this:0x524ced78
11-06 19:07:12.112 D/[blink]FrameView( 3835): [layout] end... this:0x524ced78
11-06 19:07:12.112 D/[blink]FrameView( 3835): [layout] out... this:0x524ced78
11-06 19:07:12.112 D/[blink]FrameLoader( 3835): [checkCompleted] frame=0x4d129d58 did finish load.
11-06 19:07:12.112 D/FrameLoaderClientImpl( 3835): [dispatchDidFinishLoad] url:http://10.14.30.222:8889/appcms4.0/app/tv/newklq/xwjj/klqzs/index.htm?listPos=function%20Object()%20{%20[native%20code]%20}
11-06 19:07:12.112 D/FrameLoaderClientImpl( 3835): [didStopLoading] finished url:http://10.14.30.222:8889/appcms4.0/app/tv/newklq/xwjj/klqzs/index.htm?listPos=function%20Object()%20{%20[native%20code]%20}. frame tree child count = 0
11-06 19:07:12.113 D/BrowserWebViewClient( 3835): onPageFinished webview = com.ipanel.android_webview.shell.AwWebViewImpl[mainFrame: focused=true url=http://10.14.30.222:8889/appcms4.0/app/tv/newklq/xwjj/klqzs/index.htm?listPos=function%20Object()%20{%20[native%20code]%20}] url = http://10.14.30.222:8889/appcms4.0/app/tv/newklq/xwjj/klqzs/index.htm?listPos=function%20Object()%20{%20[native%20code]%20}
11-06 19:07:12.113 D/Browser ( 3835): hideIconLoading
11-06 19:07:12.113 D/Browser ( 3835): postProgressNotification type=1
11-06 19:07:12.113 D/[blink]FrameView( 3835): [setCanPaint] this:0x524ced78, setCanPaint old canpaint=0, new canpaint=1 .
11-06 19:07:12.113 D/[blink]FrameView( 3835): [paintAfterLoad] paintAfterLoad this:0x524ced78.
11-06 19:07:12.113 D/[blink]FrameView( 3835): [updateStyleAndLayoutIfNeededRecursiveInternal] in... this:0x524ced78.
11-06 19:07:12.113 D/[blink]FrameView( 3835): [updateStyleAndLayoutIfNeededRecursiveInternal] end... this:0x524ced78.
11-06 19:07:12.114 D/V8ScriptRunner( 3835): [callFunction] start. frame = 0x4d129d58 function: xmlhttp.onreadystatechange url: http://10.14.30.222:8889/appcms4.0/app/tv/newklq/xwjj/klqzs/js/common.js line: 38
11-06 19:07:12.114 D/ChromeClientImpl( 3835): [addMessageToConsole] [LOG:CONSOLE(11)] "readyState:---------2status:-----200", source:http://10.14.30.222:8889/appcms4.0/app/tv/newklq/xwjj/klqzs/js/common.js (11)
11-06 19:07:12.114 D/V8ScriptRunner( 3835): [callFunction] end. frame = 0x4d129d58 function: xmlhttp.onreadystatechange url: http://10.14.30.222:8889/appcms4.0/app/tv/newklq/xwjj/klqzs/js/common.js line: 38
11-06 19:07:12.114 D/V8ScriptRunner( 3835): [callFunction] start. frame = 0x4d129d58 function: xmlhttp.onreadystatechange url: http://10.14.30.222:8889/appcms4.0/app/tv/newklq/xwjj/klqzs/js/common.js line: 38
11-06 19:07:12.114 D/ChromeClientImpl( 3835): [addMessageToConsole] [LOG:CONSOLE(11)] "readyState:---------3status:-----200", source:http://10.14.30.222:8889/appcms4.0/app/tv/newklq/xwjj/klqzs/js/common.js (11)
11-06 19:07:12.115 D/V8ScriptRunner( 3835): [callFunction] end. frame = 0x4d129d58 function: xmlhttp.onreadystatechange url: http://10.14.30.222:8889/appcms4.0/app/tv/newklq/xwjj/klqzs/js/common.js line: 38
11-06 19:07:12.115 D/V8ScriptRunner( 3835): [callFunction] start. frame = 0x4d129d58 function: xmlhttp.onreadystatechange url: http://10.14.30.222:8889/appcms4.0/app/tv/newklq/xwjj/klqzs/js/common.js line: 38
11-06 19:07:12.115 D/ChromeClientImpl( 3835): [addMessageToConsole] [LOG:CONSOLE(11)] "readyState:---------4status:-----200", source:http://10.14.30.222:8889/appcms4.0/app/tv/newklq/xwjj/klqzs/js/common.js (11)
11-06 19:07:12.116 D/V8ScriptRunner( 3835): [callFunction] end. frame = 0x4d129d58 function: xmlhttp.onreadystatechange url: http://10.14.30.222:8889/appcms4.0/app/tv/newklq/xwjj/klqzs/js/common.js line: 38
11-06 19:07:12.116 D/webcoreBridge( 3835): #3871 execJS frameName='eventFrame' jscore='iPanel.dispatchMessage(32774,5974,1);'
11-06 19:07:12.116 D/webcoreBridge( 3835): execJS-->frame:0x4d121a48 focusFrame=0x4d129d58 focusFrame.script=0x25766328
11-06 19:07:12.116 D/webcoreBridge( 3835): execJS-->executeScript frame=0x4d121a48 script=0x25761988
11-06 19:07:12.116 D/ScriptController( 3835): [executeScriptAndReturnValue] [V8] evaluate Script start. frame=0x4d121a48 url= line=1. source length=37
11-06 19:07:12.116 D/iPanel  ( 3835): iPanel.debug("dispatchMessage:msg: 32774,5974,1")
11-06 19:07:12.116 D/iPanel  ( 3835): get getFocusedOrMainFrame
11-06 19:07:12.116 D/iPanel  ( 3835): getFrameByName 'eventFrame' frame=0x4d121a48 window=0x4d1226f8
11-06 19:07:12.116 D/iPanel  ( 3835): getFrameByName 'mainFrame' frame=0x4d129d58 window=0x4d24ec18
11-06 19:07:12.116 D/iPanel  ( 3835): iPanel.debug("dispatchMessage:iPanel.getFocusedOrMainFrame = http://10.14.30.222:8889/appcms4.0/app/tv/newklq/xwjj/klqzs/index.htm?listPos=function%20Object()%20{%20[native%20code]%20}")
11-06 19:07:12.116 D/iPanel  ( 3835): iPanel.debug("dispatchMessage:frame num: 2, keyEvent:system")
11-06 19:07:12.116 D/iPanel  ( 3835): iPanel.debug("dispatchMessage:#2. proc event 5974. url: http://10.14.30.222:8889/appcms4.0/app/tv/newklq/xwjj/klqzs/index.htm?listPos=function%20Object()%20{%20[native%20code]%20}")
11-06 19:07:12.116 D/iPanel  ( 3835): iPanel.debug("w=[object Window], document=[object HTMLDocument], keyCode=5974, modifiers=1, keyEvent=system")
11-06 19:07:12.118 D/ChromeClientImpl( 3835): [addMessageToConsole] [LOG:CONSOLE(11)] "index keycode=EIS_MISC_HTML_OPEN_FINISHED", source:http://10.14.30.222:8889/appcms4.0/app/tv/newklq/xwjj/klqzs/js/common.js (11)
11-06 19:07:12.118 D/iPanel  ( 3835): iPanel.debug("ret: true")
11-06 19:07:12.118 D/iPanel  ( 3835): iPanel.debug("dispatchMessage:#1. proc event 5974. url: ui:///eventpage.htm?ipanelcmd-name=eventFrame&script=ui:///ipanel.js")
11-06 19:07:12.118 D/iPanel  ( 3835): iPanel.debug("w=[object Window], document=[object HTMLDocument], keyCode=5974, modifiers=1, keyEvent=system")
11-06 19:07:12.118 D/iPanel  ( 3835): iPanel.debug("eventpage grabEvent")
11-06 19:07:12.118 D/iPanel  ( 3835): getFrameByName 'mainFrame' frame=0x4d129d58 window=0x4d24ec18
11-06 19:07:12.118 D/iPanel  ( 3835): iPanel.debug("--zjh-- url = http://10.14.30.222:8889/appcms4.0/app/tv/newklq/xwjj/klqzs/index.htm?listPos=function%20Object()%20{%20[native%20code]%20}  keycode = 5974")
11-06 19:07:12.118 D/iPanel  ( 3835): iPanel.debug("eventpage.htm args.type==true")
11-06 19:07:12.118 D/iPanel  ( 3835): iPanel.debug("eventpage grabEvent eventObj==[object Object]")
11-06 19:07:12.118 D/iPanel  ( 3835): iPanel.debug("eventpage eventObj.code = EIS_MISC_HTML_OPEN_FINISHED")
11-06 19:07:12.118 D/iPanel  ( 3835): iPanel.debug("eventpage keyValue = 5974--p2:1")
11-06 19:07:12.118 D/ChromeClientImpl( 3835): [addMessageToConsole] [LOG:CONSOLE(643)] "eventHandler---keycode==5974,p2=1", source:ui:///mediaPlayer.js (643)
11-06 19:07:12.118 D/iPanel  ( 3835): iPanel.debug("ret: 0")
11-06 19:07:12.118 D/iPanel  ( 3835): iPanel.debug("dispatchMessage:end")
11-06 19:07:12.118 D/ScriptController( 3835): [executeScriptAndReturnValue] [V8] evaluate Script end. frame=0x4d121a48 
11-06 19:07:12.118 D/webcoreBridge( 3835): execJS-->executeScript frame=0x4d121a48 end.
11-06 19:07:12.119 D/[cc]ProxyMain( 3835): [BeginMainFrame] cc.BeginMainFrame this:0x9f609e48
11-06 19:07:12.119 D/[cc]LayerTreeHost( 3835): [AnimateLayers] AnimateLayers monotonic_time=468816647
11-06 19:07:12.119 D/[blink]FrameView( 3835): [updateStyleAndLayoutIfNeededRecursiveInternal] in... this:0x524ced78.
11-06 19:07:12.119 D/[blink]FrameView( 3835): [updateStyleAndLayoutIfNeededRecursiveInternal] end... this:0x524ced78.
11-06 19:07:12.119 D/[blink]FrameView( 3835): [updateLifecyclePhasesInternal] in... this:0x524ced78, targetState=18
11-06 19:07:12.119 D/[blink]FrameView( 3835): [updateLifecyclePhasesInternal] call compositor()->updateIfNeededRecursive()!
11-06 19:07:12.120 D/[cc]LayerTree( 3835): [SetRootLayer] [LayerTree::SetRootLayer]. set needs_full_tree_sync_ = true, but not Commit!!!
11-06 19:07:12.120 D/[cc]LayerTreeHost( 3835): [SetNeedsCommit] SetNeedsCommit!this:0x9f459680
11-06 19:07:12.120 D/[cc]LayerTreeHost( 3835): [SetNeedsCommit] SetNeedsCommit!this:0x9f459680
11-06 19:07:12.120 D/[cc]LayerTreeHost( 3835): [SetNeedsCommit] SetNeedsCommit!this:0x9f459680
11-06 19:07:12.120 D/[cc]LayerTreeHost( 3835): [SetNeedsCommit] SetNeedsCommit!this:0x9f459680
11-06 19:07:12.120 D/[cc]LayerTreeHost( 3835): [SetNeedsCommit] SetNeedsCommit!this:0x9f459680
11-06 19:07:12.120 D/[cc]LayerTreeHost( 3835): [SetNeedsCommit] SetNeedsCommit!this:0x9f459680
11-06 19:07:12.120 D/[cc]LayerTreeHost( 3835): [SetNeedsCommit] SetNeedsCommit!this:0x9f459680
11-06 19:07:12.120 D/[cc]LayerTreeHost( 3835): [SetNeedsCommit] SetNeedsCommit!this:0x9f459680
11-06 19:07:12.120 D/[cc]LayerTreeHost( 3835): [SetNeedsCommit] SetNeedsCommit!this:0x9f459680
11-06 19:07:12.120 D/[cc]LayerTreeHost( 3835): [SetNeedsCommit] SetNeedsCommit!this:0x9f459680
11-06 19:07:12.120 D/[cc]LayerTreeHost( 3835): [SetNeedsCommit] SetNeedsCommit!this:0x9f459680
11-06 19:07:12.120 D/[cc]LayerTreeHost( 3835): [SetNeedsCommit] SetNeedsCommit!this:0x9f459680
11-06 19:07:12.122 D/[blink]FrameView( 3835): [updateLifecyclePhasesInternal] end... this:0x524ced78
11-06 19:07:12.224 D/ir_user ( 1587): PlayerTimeLineTrace:linux_keycode:0x9e(UP),	protocol: .
11-06 19:07:12.224 V/PT      ( 1583): >>INFO:irkey_task:[     468.922123] /dev/input/event0: type=0001 code=009e val=00000000
11-06 19:07:12.224 V/PT      ( 1583): >>INFO:irkey_send:0x3001 0x1000 up  
11-06 19:07:12.224 V/SUMA    ( 1583): ++++++++++++++  _roc_evtmgr_key_cbk 517:input = 12289, event=4096, act=0x400
11-06 19:07:12.224 V/SUMA    ( 1583): lxm:_roc_evtmgr_key_cbk 519 468922
11-06 19:07:12.224 V/SUMA    ( 1583): lxm:_roc_evtmgr_add_key_into_queue 311 468922
11-06 19:07:12.224 V/PT      ( 1583): >>INFO:irkey_task:[     468.922123] /dev/input/event0: type=0000 code=0000 val=00000000
11-06 19:07:12.224 V/SUMA    ( 1583): ===================>> type=0 src=0 evt=4096 act=0x400
11-06 19:07:12.224 V/SUMA    ( 1583): [sysset-s][event_manager_cbk 78]lxm cbid=1, cbk_reg=1, cpid=2458
11-06 19:07:12.224 D/NGBEvent( 2458): ngbEventCallBack type:0 source :4096
11-06 19:07:12.224 D/NGBEvent( 2458): [NGBEventManager-JNI]-returning:1
11-06 19:07:12.224 D/NGBEvent( 2458): Input key event: keyCode=4096
11-06 19:07:12.224 D/NGBEvent( 2458): src:4096 = dest:4096
11-06 19:07:12.224 I/System.out( 2458): [DEBUG EventManager] LWJ--Add event to java with evt=NgbEvent-[type = 1, subtype = 402, code = 4096]
11-06 19:07:12.224 D/NGBEvent( 2458): [NGBEvent_log]--[EventManager--JNI]:		start
11-06 19:07:12.224 I/System.out( 2458): [DEBUG EventManager] broadcastEvent  :len 1
11-06 19:07:12.225 D/KeyEventNgbDealer( 2458): [TN_pool-1-thread-1]handleKeyReleased keyEvent=NgbEvent-[type = 1, subtype = 402, code = 4096],time=468922
11-06 19:07:12.225 D/RemoteIME( 2329): RemoteIME--> onKeyUp keyCode = 4
11-06 19:07:12.225 D/cr_AwTestContainerView( 3835): [AwTestContainerView.java:63] [mainFrame]: [unknown] dispatchKeyEvent keyCode = 4 event = KeyEvent { action=ACTION_UP, keyCode=KEYCODE_BACK, scanCode=158, metaState=0, flags=0x8, repeatCount=0, eventTime=468922, downTime=468712, deviceId=3, source=0x701 }
11-06 19:07:12.225 D/ImeAdapterAndroid( 3835): [SendKeyEvent] [BUILD TIME: ] dispatchKeyEvent key_code=4 modifiers=0 unicode_char=0 scan_code=158 is_system=0 tm=468922
11-06 19:07:12.226 D/RenderWidgetInputHandler( 3835): [HandleInputEvent] input_event type=9 name=KeyUp
11-06 19:07:12.226 D/RenderWidgetInputHandler( 3835): [HandleInputEvent] input_event type=9 prevent_default:0
11-06 19:07:12.226 D/WebViewImpl( 3835): [handleKeyEvent] keycode:166, eventType:9 native keycode:4 frame=0x4d129d58. url='http://10.14.30.222:8889/appcms4.0/app/tv/newklq/xwjj/klqzs/index.htm?listPos=function%20Object()%20{%20[native%20code]%20}'.
11-06 19:07:12.226 D/[blink]KeyboardEventManager( 3835): [keyEvent] initialKeyEvent KeyUp nativeKeyCode=4 windowsKeyCode=166 text[0]=0
11-06 19:07:12.226 D/[blink]KeyboardEventManager( 3835): [keyEvent] initialKeyEvent focusedNode=0x0
11-06 19:07:12.253 I/Advanced( 3835): [QUEUE] share_queue_sendEx size:1 4097 136 0x8f155f48,postLoopId:0,dstid:1.
11-06 19:07:12.340 E/storage_operate( 3008): HCDN_LOG: [2017/11/06-19:07:12:340]:[func:GetTaskCount],[line:827],[oper:get task count],[state:0],[count:0]
11-06 19:07:12.340 E/storage_operate( 3008): HCDN_LOG: [2017/11/06-19:07:12:340]:[func:GetTaskCount],[line:827],[oper:get task count],[state:0],[count:0]
11-06 19:07:12.340 E/storage_operate( 3008): HCDN_LOG: [2017/11/06-19:07:12:340]:[func:GetTaskCount],[line:827],[oper:get task count],[state:1],[count:0]
11-06 19:07:12.358 D/BackBootDealerNeimeng( 2389): standbyState:
11-06 19:07:12.359 E/NetUtils( 2018): Interface eth0 LinkDown!
11-06 19:07:12.396 D/[blink]DOMTimer( 3835): [fired] 0x524d1108 timeout fired.
