11-06 19:14:14.110 I/AdvancedPorting-PORT_MODULE_NET( 3835): stat = 1 last_status = 1
11-06 19:14:14.113 D/[blink]ImageResource( 3835): [updateImage] allDataReceived!! data size=261100
11-06 19:14:14.115 D/[blink]ImageResource( 3835): [updateImage] allDataReceived!! data size=262560
11-06 19:14:14.116 D/[blink]ImageResource( 3835): [updateImage] allDataReceived!! data size=264020
11-06 19:14:14.120 D/[blink]ImageResource( 3835): [updateImage] allDataReceived!! data size=265480
11-06 19:14:14.123 D/[blink]ImageResource( 3835): [updateImage] allDataReceived!! data size=266940
11-06 19:14:14.126 D/[blink]ImageResource( 3835): [updateImage] allDataReceived!! data size=268400
11-06 19:14:14.139 D/[blink]ImageResource( 3835): [updateImage] allDataReceived!! data size=269860
11-06 19:14:14.143 D/[blink]ImageResource( 3835): [updateImage] allDataReceived!! data size=271320
11-06 19:14:14.155 D/[blink]ImageResource( 3835): [updateImage] allDataReceived!! data size=272780
11-06 19:14:14.156 D/[blink]ImageResource( 3835): [updateImage] allDataReceived!! data size=274240
11-06 19:14:14.157 D/[blink]ImageResource( 3835): [updateImage] allDataReceived!! data size=277160
11-06 19:14:14.159 D/[blink]ImageResource( 3835): [updateImage] allDataReceived!! data size=278620
11-06 19:14:14.160 D/[blink]ImageResource( 3835): [updateImage] allDataReceived!! data size=280080
11-06 19:14:14.176 D/[blink]ImageResource( 3835): [updateImage] allDataReceived!! data size=281540
11-06 19:14:14.178 D/[blink]ImageResource( 3835): [updateImage] allDataReceived!! data size=283000
11-06 19:14:14.179 D/[blink]ImageResource( 3835): [updateImage] allDataReceived!! data size=284460
11-06 19:14:14.181 D/[blink]ImageResource( 3835): [updateImage] allDataReceived!! data size=285920
11-06 19:14:14.246 D/[blink]DOMTimer( 3835): [fired] 0x525efeb0 timeout fired.
11-06 19:14:14.246 D/V8ScriptRunner( 3835): [callFunction] start. frame = 0x4d129d58 function:  url: http://10.14.30.222:8889/appcms4.0/app/tv/newklq/xwjj/klqxw/js/common.js line: 197
11-06 19:14:14.252 D/[cc]beginFrameSource( 3835): [AddObserver] ExternalBeginFrameSource::AddObserver
11-06 19:14:14.252 D/V8ScriptRunner( 3835): [callFunction] end. frame = 0x4d129d58 function:  url: http://10.14.30.222:8889/appcms4.0/app/tv/newklq/xwjj/klqxw/js/common.js line: 197
11-06 19:14:14.252 D/[blink]DOMTimer( 3835): [fired] 0x525f03c8 timeout fired.
11-06 19:14:14.252 D/ScriptController( 3835): [executeScriptAndReturnValue] [V8] evaluate Script start. frame=0x4d121a48 url= line=1. source length=22
11-06 19:14:14.252 D/iPanel  ( 3835): iPanel.debug("checkOverlayCreated")
11-06 19:14:14.252 D/[blink]DOMTimer( 3835): [DOMTimer] 0x525f0438 setTimeout 300ms, repeat:0.
11-06 19:14:14.253 D/ScriptController( 3835): [executeScriptAndReturnValue] [V8] evaluate Script end. frame=0x4d121a48 
11-06 19:14:14.267 D/[blink]ImageResource( 3835): [updateImage] allDataReceived!! data size=287380
11-06 19:14:14.268 D/[blink]ImageResource( 3835): [updateImage] allDataReceived!! data size=291760
11-06 19:14:14.269 D/[cc]ProxyMain( 3835): [BeginMainFrame] cc.BeginMainFrame this:0x9f609e48
11-06 19:14:14.270 D/[cc]LayerTreeHost( 3835): [AnimateLayers] AnimateLayers monotonic_time=890966631
11-06 19:14:14.270 D/[blink]FrameView( 3835): [updateStyleAndLayoutIfNeededRecursiveInternal] in... this:0x525edab0.
11-06 19:14:14.270 D/[blink]FrameView( 3835): [layout] start... this:0x525edab0, frame=0x4d129d58 content size(1280, 720). 
11-06 19:14:14.270 D/[blink]FrameView( 3835): [layout] performPreLayoutTasks start... this:0x525edab0
11-06 19:14:14.270 D/[blink]FrameView( 3835): [layout] performPreLayoutTasks end... this:0x525edab0
11-06 19:14:14.270 D/[blink]FrameView( 3835): [layout] performLayout start... this:0x525edab0
11-06 19:14:14.272 D/[blink]FrameView( 3835): [layout] performLayout end... this:0x525edab0
11-06 19:14:14.272 D/[blink]FrameView( 3835): [layout] call compositor()->didLayout()!
11-06 19:14:14.272 D/[blink]FrameView( 3835): [layout] updateDocumentAnnotatedRegions start... this:0x525edab0
11-06 19:14:14.272 D/[blink]FrameView( 3835): [layout] scheduleOrPerformPostLayoutTasks start... this:0x525edab0
11-06 19:14:14.272 D/[blink]FrameView( 3835): [layout] end... this:0x525edab0
11-06 19:14:14.272 D/[blink]FrameView( 3835): [layout] out... this:0x525edab0
11-06 19:14:14.272 D/[blink]FrameView( 3835): [updateStyleAndLayoutIfNeededRecursiveInternal] end... this:0x525edab0.
11-06 19:14:14.272 D/[blink]FrameView( 3835): [updateLifecyclePhasesInternal] in... this:0x525edab0, targetState=18
11-06 19:14:14.272 D/[blink]FrameView( 3835): [updateLifecyclePhasesInternal] call compositor()->updateIfNeededRecursive()!
11-06 19:14:14.274 D/[blink]FrameView( 3835): [updateLifecyclePhasesInternal] end... this:0x525edab0
11-06 19:14:14.275 D/[blink]ImageResource( 3835): [updateImage] allDataReceived!! data size=293220
11-06 19:14:14.280 D/[blink]ImageResource( 3835): [updateImage] allDataReceived!! data size=296140
11-06 19:14:14.281 D/[blink]ImageResource( 3835): [updateImage] allDataReceived!! data size=297600
11-06 19:14:14.284 D/[blink]ImageResource( 3835): [updateImage] allDataReceived!! data size=299060
11-06 19:14:14.286 D/[blink]ImageResource( 3835): [updateImage] allDataReceived!! data size=300520
11-06 19:14:14.289 D/[blink]ImageResource( 3835): [updateImage] allDataReceived!! data size=301980
11-06 19:14:14.295 D/[blink]ImageResource( 3835): [updateImage] allDataReceived!! data size=303440
11-06 19:14:14.307 D/[blink]ImageResource( 3835): [updateImage] allDataReceived!! data size=304900
11-06 19:14:14.310 D/[blink]ImageResource( 3835): [updateImage] allDataReceived!! data size=306360
11-06 19:14:14.312 D/[blink]ImageResource( 3835): [updateImage] allDataReceived!! data size=307820
11-06 19:14:14.317 D/[blink]ImageResource( 3835): [updateImage] allDataReceived!! data size=309280
11-06 19:14:14.319 D/[blink]ImageResource( 3835): [updateImage] allDataReceived!! data size=310740
11-06 19:14:14.323 D/[blink]ImageResource( 3835): [updateImage] allDataReceived!! data size=312200
11-06 19:14:14.328 D/[blink]ImageResource( 3835): [updateImage] allDataReceived!! data size=313660
11-06 19:14:14.329 D/[blink]ImageResource( 3835): [updateImage] allDataReceived!! data size=315120
11-06 19:14:14.331 D/[blink]ImageResource( 3835): [updateImage] allDataReceived!! data size=316580
11-06 19:14:14.335 D/[blink]ImageResource( 3835): [updateImage] allDataReceived!! data size=318040
11-06 19:14:14.338 D/[blink]ImageResource( 3835): [updateImage] allDataReceived!! data size=319500
11-06 19:14:14.341 D/[blink]ImageResource( 3835): [updateImage] allDataReceived!! data size=320960
11-06 19:14:14.344 D/[blink]ImageResource( 3835): [updateImage] allDataReceived!! data size=322420
11-06 19:14:14.346 D/[blink]ImageResource( 3835): [updateImage] allDataReceived!! data size=323880
11-06 19:14:14.380 I/SystemTimeManager( 3180): doSynchronizedTime reset synProtection=0
11-06 19:14:14.384 D/[blink]ImageResource( 3835): [updateImage] allDataReceived!! data size=326800
11-06 19:14:14.386 D/[blink]ImageResource( 3835): [updateImage] allDataReceived!! data size=328260
11-06 19:14:14.388 D/[blink]ImageResource( 3835): [updateImage] allDataReceived!! data size=329720
11-06 19:14:14.392 I/Api     ( 3180): srcApiName:N2_A_3, 转换后的url=
11-06 19:14:14.392 I/Api     ( 3180): /SyncTime?OutputType=json&Mac=A8-F4-70-8A-E7-CB&MacId=A8-F4-70-8A-E7-CB&Version=5.3.008.200.2.DBEI.0.0_Release&UserId=mgtvmacA8F4708AE7CB&UserAgent=nn_player%2Fstd%2F1.0.0
11-06 19:14:14.393 I/SCHttpApiEngine( 3180): runTask taskId:15, Name:N2_A_3,forceUpdate:false , url:/SyncTime?OutputType=json&Mac=A8-F4-70-8A-E7-CB&MacId=A8-F4-70-8A-E7-CB&Version=5.3.008.200.2.DBEI.0.0_Release&UserId=mgtvmacA8F4708AE7CB&UserAgent=nn_player%2Fstd%2F1.0.0
11-06 19:14:14.393 I/SCHttpApiEngine( 3180): runTask engine cache not use taskId:15 taskName:N2_A_3 CacheLife:0s
11-06 19:14:14.394 I/Starcor ( 3180): Req url    (N2_A_3):/SyncTime?OutputType=json&Mac=A8-F4-70-8A-E7-CB&MacId=A8-F4-70-8A-E7-CB&Version=5.3.008.200.2.DBEI.0.0_Release&UserId=mgtvmacA8F4708AE7CB&UserAgent=nn_player%2Fstd%2F1.0.0
11-06 19:14:14.395 I/Starcor ( 3180): httpDns url(N2_A_3):/SyncTime?OutputType=json&Mac=A8-F4-70-8A-E7-CB&MacId=A8-F4-70-8A-E7-CB&Version=5.3.008.200.2.DBEI.0.0_Release&UserId=mgtvmacA8F4708AE7CB&UserAgent=nn_player%2Fstd%2F1.0.0
11-06 19:14:14.395 W/System.err( 3180): java.net.MalformedURLException: Protocol not found: /SyncTime?OutputType=json&Mac=A8-F4-70-8A-E7-CB&MacId=A8-F4-70-8A-E7-CB&Version=5.3.008.200.2.DBEI.0.0_Release&UserId=mgtvmacA8F4708AE7CB&UserAgent=nn_player%2Fstd%2F1.0.0
11-06 19:14:14.395 W/System.err( 3180): 	at java.net.URL.<init>(URL.java:176)
11-06 19:14:14.395 W/System.err( 3180): 	at java.net.URL.<init>(URL.java:125)
11-06 19:14:14.395 W/System.err( 3180): 	at com.starcor.core.utils.HttpUtil.tryGetIp(HttpUtil.java:79)
11-06 19:14:14.395 W/System.err( 3180): 	at com.starcor.httpapi.core.SCHttpTools.doRequest(SCHttpTools.java:105)
11-06 19:14:14.395 W/System.err( 3180): 	at com.starcor.httpapi.core.SCHttpApiEngine$ApiRunnable.runTask(SCHttpApiEngine.java:507)
11-06 19:14:14.395 W/System.err( 3180): 	at com.starcor.httpapi.core.SCHttpApiEngine$ApiRunnable.run(SCHttpApiEngine.java:442)
11-06 19:14:14.396 W/System.err( 3180): 	at java.lang.Thread.run(Thread.java:818)
11-06 19:14:14.398 W/System.err( 3180): java.lang.IllegalStateException: Target host must not be null, or set in parameters. scheme=null, host=null, path=/SyncTime
11-06 19:14:14.399 W/System.err( 3180): 	at org.apache.http.impl.client.DefaultRequestDirector.determineRoute(DefaultRequestDirector.java:596)
11-06 19:14:14.399 W/System.err( 3180): 	at org.apache.http.impl.client.DefaultRequestDirector.execute(DefaultRequestDirector.java:298)
11-06 19:14:14.399 W/System.err( 3180): 	at org.apache.http.impl.client.AbstractHttpClient.execute(AbstractHttpClient.java:560)
11-06 19:14:14.399 W/System.err( 3180): 	at org.apache.http.impl.client.AbstractHttpClient.execute(AbstractHttpClient.java:492)
11-06 19:14:14.399 W/System.err( 3180): 	at org.apache.http.impl.client.AbstractHttpClient.execute(AbstractHttpClient.java:470)
11-06 19:14:14.399 D/[blink]ImageResource( 3835): [updateImage] allDataReceived!! data size=331180
11-06 19:14:14.399 W/System.err( 3180): 	at com.starcor.httpapi.core.SCHttpTools.doRequest(SCHttpTools.java:178)
11-06 19:14:14.399 W/System.err( 3180): 	at com.starcor.httpapi.core.SCHttpApiEngine$ApiRunnable.runTask(SCHttpApiEngine.java:507)
11-06 19:14:14.399 W/System.err( 3180): 	at com.starcor.httpapi.core.SCHttpApiEngine$ApiRunnable.run(SCHttpApiEngine.java:442)
11-06 19:14:14.399 W/System.err( 3180): 	at java.lang.Thread.run(Thread.java:818)
11-06 19:14:14.402 D/[blink]ImageResource( 3835): [updateImage] allDataReceived!! data size=332640
11-06 19:14:14.404 I/Starcor ( 3180): Req url    (N2_A_3):/SyncTime?OutputType=json&Mac=A8-F4-70-8A-E7-CB&MacId=A8-F4-70-8A-E7-CB&Version=5.3.008.200.2.DBEI.0.0_Release&UserId=mgtvmacA8F4708AE7CB&UserAgent=nn_player%2Fstd%2F1.0.0
11-06 19:14:14.405 I/Starcor ( 3180): httpDns url(N2_A_3):/SyncTime?OutputType=json&Mac=A8-F4-70-8A-E7-CB&MacId=A8-F4-70-8A-E7-CB&Version=5.3.008.200.2.DBEI.0.0_Release&UserId=mgtvmacA8F4708AE7CB&UserAgent=nn_player%2Fstd%2F1.0.0
11-06 19:14:14.405 D/[blink]ImageResource( 3835): [updateImage] allDataReceived!! data size=334100
11-06 19:14:14.405 W/System.err( 3180): java.net.MalformedURLException: Protocol not found: /SyncTime?OutputType=json&Mac=A8-F4-70-8A-E7-CB&MacId=A8-F4-70-8A-E7-CB&Version=5.3.008.200.2.DBEI.0.0_Release&UserId=mgtvmacA8F4708AE7CB&UserAgent=nn_player%2Fstd%2F1.0.0
11-06 19:14:14.405 W/System.err( 3180): 	at java.net.URL.<init>(URL.java:176)
11-06 19:14:14.405 W/System.err( 3180): 	at java.net.URL.<init>(URL.java:125)
11-06 19:14:14.405 W/System.err( 3180): 	at com.starcor.core.utils.HttpUtil.tryGetIp(HttpUtil.java:79)
11-06 19:14:14.405 W/System.err( 3180): 	at com.starcor.httpapi.core.SCHttpTools.doRequest(SCHttpTools.java:105)
11-06 19:14:14.405 W/System.err( 3180): 	at com.starcor.httpapi.core.SCHttpApiEngine$ApiRunnable.runTask(SCHttpApiEngine.java:507)
11-06 19:14:14.405 W/System.err( 3180): 	at com.starcor.httpapi.core.SCHttpApiEngine$ApiRunnable.run(SCHttpApiEngine.java:442)
11-06 19:14:14.406 W/System.err( 3180): 	at java.lang.Thread.run(Thread.java:818)
11-06 19:14:14.408 D/[blink]ImageResource( 3835): [updateImage] allDataReceived!! data size=335560
11-06 19:14:14.409 W/System.err( 3180): java.lang.IllegalStateException: Target host must not be null, or set in parameters. scheme=null, host=null, path=/SyncTime
11-06 19:14:14.409 W/System.err( 3180): 	at org.apache.http.impl.client.DefaultRequestDirector.determineRoute(DefaultRequestDirector.java:596)
11-06 19:14:14.409 W/System.err( 3180): 	at org.apache.http.impl.client.DefaultRequestDirector.execute(DefaultRequestDirector.java:298)
11-06 19:14:14.410 W/System.err( 3180): 	at org.apache.http.impl.client.AbstractHttpClient.execute(AbstractHttpClient.java:560)
11-06 19:14:14.410 W/System.err( 3180): 	at org.apache.http.impl.client.AbstractHttpClient.execute(AbstractHttpClient.java:492)
11-06 19:14:14.410 W/System.err( 3180): 	at org.apache.http.impl.client.AbstractHttpClient.execute(AbstractHttpClient.java:470)
11-06 19:14:14.410 W/System.err( 3180): 	at com.starcor.httpapi.core.SCHttpTools.doRequest(SCHttpTools.java:178)
11-06 19:14:14.410 W/System.err( 3180): 	at com.starcor.httpapi.core.SCHttpApiEngine$ApiRunnable.runTask(SCHttpApiEngine.java:507)
11-06 19:14:14.410 W/System.err( 3180): 	at com.starcor.httpapi.core.SCHttpApiEngine$ApiRunnable.run(SCHttpApiEngine.java:442)
11-06 19:14:14.410 W/System.err( 3180): 	at java.lang.Thread.run(Thread.java:818)
11-06 19:14:14.414 I/Starcor ( 3180): Req url    (N2_A_3):/SyncTime?OutputType=json&Mac=A8-F4-70-8A-E7-CB&MacId=A8-F4-70-8A-E7-CB&Version=5.3.008.200.2.DBEI.0.0_Release&UserId=mgtvmacA8F4708AE7CB&UserAgent=nn_player%2Fstd%2F1.0.0
11-06 19:14:14.414 D/[blink]ImageResource( 3835): [updateImage] allDataReceived!! data size=337020
11-06 19:14:14.414 I/Starcor ( 3180): httpDns url(N2_A_3):/SyncTime?OutputType=json&Mac=A8-F4-70-8A-E7-CB&MacId=A8-F4-70-8A-E7-CB&Version=5.3.008.200.2.DBEI.0.0_Release&UserId=mgtvmacA8F4708AE7CB&UserAgent=nn_player%2Fstd%2F1.0.0
11-06 19:14:14.414 W/System.err( 3180): java.net.MalformedURLException: Protocol not found: /SyncTime?OutputType=json&Mac=A8-F4-70-8A-E7-CB&MacId=A8-F4-70-8A-E7-CB&Version=5.3.008.200.2.DBEI.0.0_Release&UserId=mgtvmacA8F4708AE7CB&UserAgent=nn_player%2Fstd%2F1.0.0
11-06 19:14:14.414 W/System.err( 3180): 	at java.net.URL.<init>(URL.java:176)
11-06 19:14:14.415 W/System.err( 3180): 	at java.net.URL.<init>(URL.java:125)
11-06 19:14:14.415 W/System.err( 3180): 	at com.starcor.core.utils.HttpUtil.tryGetIp(HttpUtil.java:79)
11-06 19:14:14.415 W/System.err( 3180): 	at com.starcor.httpapi.core.SCHttpTools.doRequest(SCHttpTools.java:105)
11-06 19:14:14.415 W/System.err( 3180): 	at com.starcor.httpapi.core.SCHttpApiEngine$ApiRunnable.runTask(SCHttpApiEngine.java:507)
11-06 19:14:14.415 W/System.err( 3180): 	at com.starcor.httpapi.core.SCHttpApiEngine$ApiRunnable.run(SCHttpApiEngine.java:442)
11-06 19:14:14.415 W/System.err( 3180): 	at java.lang.Thread.run(Thread.java:818)
11-06 19:14:14.417 D/[blink]ImageResource( 3835): [updateImage] allDataReceived!! data size=338480
11-06 19:14:14.419 W/System.err( 3180): java.lang.IllegalStateException: Target host must not be null, or set in parameters. scheme=null, host=null, path=/SyncTime
11-06 19:14:14.419 W/System.err( 3180): 	at org.apache.http.impl.client.DefaultRequestDirector.determineRoute(DefaultRequestDirector.java:596)
11-06 19:14:14.420 W/System.err( 3180): 	at org.apache.http.impl.client.DefaultRequestDirector.execute(DefaultRequestDirector.java:298)
11-06 19:14:14.420 W/System.err( 3180): 	at org.apache.http.impl.client.AbstractHttpClient.execute(AbstractHttpClient.java:560)
11-06 19:14:14.420 W/System.err( 3180): 	at org.apache.http.impl.client.AbstractHttpClient.execute(AbstractHttpClient.java:492)
11-06 19:14:14.420 W/System.err( 3180): 	at org.apache.http.impl.client.AbstractHttpClient.execute(AbstractHttpClient.java:470)
11-06 19:14:14.420 W/System.err( 3180): 	at com.starcor.httpapi.core.SCHttpTools.doRequest(SCHttpTools.java:178)
11-06 19:14:14.420 W/System.err( 3180): 	at com.starcor.httpapi.core.SCHttpApiEngine$ApiRunnable.runTask(SCHttpApiEngine.java:507)
11-06 19:14:14.420 W/System.err( 3180): 	at com.starcor.httpapi.core.SCHttpApiEngine$ApiRunnable.run(SCHttpApiEngine.java:442)
11-06 19:14:14.420 W/System.err( 3180): 	at java.lang.Thread.run(Thread.java:818)
11-06 19:14:14.423 I/Starcor ( 3180): Req url    (N2_A_3):/SyncTime?OutputType=json&Mac=A8-F4-70-8A-E7-CB&MacId=A8-F4-70-8A-E7-CB&Version=5.3.008.200.2.DBEI.0.0_Release&UserId=mgtvmacA8F4708AE7CB&UserAgent=nn_player%2Fstd%2F1.0.0
11-06 19:14:14.424 D/[blink]ImageResource( 3835): [updateImage] allDataReceived!! data size=339940
11-06 19:14:14.425 D/[blink]ImageResource( 3835): [updateImage] allDataReceived!! data size=341400
11-06 19:14:14.425 D/[blink]ImageResource( 3835): [updateImage] allDataReceived!! data size=342860
11-06 19:14:14.425 I/Starcor ( 3180): httpDns url(N2_A_3):/SyncTime?OutputType=json&Mac=A8-F4-70-8A-E7-CB&MacId=A8-F4-70-8A-E7-CB&Version=5.3.008.200.2.DBEI.0.0_Release&UserId=mgtvmacA8F4708AE7CB&UserAgent=nn_player%2Fstd%2F1.0.0
11-06 19:14:14.426 W/System.err( 3180): java.net.MalformedURLException: Protocol not found: /SyncTime?OutputType=json&Mac=A8-F4-70-8A-E7-CB&MacId=A8-F4-70-8A-E7-CB&Version=5.3.008.200.2.DBEI.0.0_Release&UserId=mgtvmacA8F4708AE7CB&UserAgent=nn_player%2Fstd%2F1.0.0
11-06 19:14:14.426 W/System.err( 3180): 	at java.net.URL.<init>(URL.java:176)
11-06 19:14:14.426 W/System.err( 3180): 	at java.net.URL.<init>(URL.java:125)
11-06 19:14:14.426 W/System.err( 3180): 	at com.starcor.core.utils.HttpUtil.tryGetIp(HttpUtil.java:79)
11-06 19:14:14.426 W/System.err( 3180): 	at com.starcor.httpapi.core.SCHttpTools.doRequest(SCHttpTools.java:105)
11-06 19:14:14.426 W/System.err( 3180): 	at com.starcor.httpapi.core.SCHttpApiEngine$ApiRunnable.runTask(SCHttpApiEngine.java:507)
11-06 19:14:14.426 W/System.err( 3180): 	at com.starcor.httpapi.core.SCHttpApiEngine$ApiRunnable.run(SCHttpApiEngine.java:442)
11-06 19:14:14.426 W/System.err( 3180): 	at java.lang.Thread.run(Thread.java:818)
11-06 19:14:14.427 W/System.err( 3180): java.lang.IllegalStateException: Target host must not be null, or set in parameters. scheme=null, host=null, path=/SyncTime
11-06 19:14:14.427 D/BackBootDealerNeimeng( 2389): standbyState:
11-06 19:14:14.427 W/System.err( 3180): 	at org.apache.http.impl.client.DefaultRequestDirector.determineRoute(DefaultRequestDirector.java:596)
11-06 19:14:14.427 W/System.err( 3180): 	at org.apache.http.impl.client.DefaultRequestDirector.execute(DefaultRequestDirector.java:298)
11-06 19:14:14.427 W/System.err( 3180): 	at org.apache.http.impl.client.AbstractHttpClient.execute(AbstractHttpClient.java:560)
11-06 19:14:14.427 W/System.err( 3180): 	at org.apache.http.impl.client.AbstractHttpClient.execute(AbstractHttpClient.java:492)
11-06 19:14:14.427 W/System.err( 3180): 	at org.apache.http.impl.client.AbstractHttpClient.execute(AbstractHttpClient.java:470)
11-06 19:14:14.427 W/System.err( 3180): 	at com.starcor.httpapi.core.SCHttpTools.doRequest(SCHttpTools.java:178)
11-06 19:14:14.427 W/System.err( 3180): 	at com.starcor.httpapi.core.SCHttpApiEngine$ApiRunnable.runTask(SCHttpApiEngine.java:507)
11-06 19:14:14.427 W/System.err( 3180): 	at com.starcor.httpapi.core.SCHttpApiEngine$ApiRunnable.run(SCHttpApiEngine.java:442)
11-06 19:14:14.427 W/System.err( 3180): 	at java.lang.Thread.run(Thread.java:818)
11-06 19:14:14.427 E/NetUtils( 2018): Interface eth0 LinkDown!
11-06 19:14:14.430 D/[blink]ImageResource( 3835): [updateImage] allDataReceived!! data size=344320
11-06 19:14:14.431 I/Advanced( 3835): [QUEUE] share_queue_sendEx size:1 4097 2229 0x8f155f48,postLoopId:0,dstid:1.
11-06 19:14:14.432 D/[blink]ImageResource( 3835): [updateImage] allDataReceived!! data size=345780
11-06 19:14:14.433 I/Api     ( 3180): srcApiName:N2_A_3, 转换后的url=
11-06 19:14:14.433 I/Api     ( 3180): /SyncTime?OutputType=json&Mac=A8-F4-70-8A-E7-CB&MacId=A8-F4-70-8A-E7-CB&Version=5.3.008.200.2.DBEI.0.0_Release&UserId=mgtvmacA8F4708AE7CB&UserAgent=nn_player%2Fstd%2F1.0.0
11-06 19:14:14.433 I/SCHttpApiEngine( 3180): runTask complete taskId:15, taskName:N2_A_3, CacheLife:0s, coast time:49ms
11-06 19:14:14.433 W/SystemTimeManager( 3180): Time synchronization fails,reslut code:0
11-06 19:14:14.433 I/SystemTimeManager( 3180): handleMessage reset synProtection=0
11-06 19:14:14.434 D/[blink]ImageResource( 3835): [updateImage] allDataReceived!! data size=347240
11-06 19:14:14.437 D/[blink]ImageResource( 3835): [updateImage] allDataReceived!! data size=348700
11-06 19:14:14.440 D/[blink]ImageResource( 3835): [updateImage] allDataReceived!! data size=350160
11-06 19:14:14.444 D/[blink]ImageResource( 3835): [updateImage] allDataReceived!! data size=351620
11-06 19:14:14.447 D/[blink]ImageResource( 3835): [updateImage] allDataReceived!! data size=353080
11-06 19:14:14.461 D/[blink]ImageResource( 3835): [updateImage] allDataReceived!! data size=354540
11-06 19:14:14.466 D/[blink]ImageResource( 3835): [updateImage] allDataReceived!! data size=356000
11-06 19:14:14.467 D/[blink]ImageResource( 3835): [updateImage] allDataReceived!! data size=357460
11-06 19:14:14.471 D/[blink]ImageResource( 3835): [updateImage] allDataReceived!! data size=358920
11-06 19:14:14.476 D/[blink]ImageResource( 3835): [updateImage] allDataReceived!! data size=360380
11-06 19:14:14.480 D/[blink]ImageResource( 3835): [updateImage] allDataReceived!! data size=361840
11-06 19:14:14.492 D/[blink]ImageResource( 3835): [updateImage] allDataReceived!! data size=363300
11-06 19:14:14.495 D/[blink]ImageResource( 3835): [updateImage] allDataReceived!! data size=364760
11-06 19:14:14.499 D/[blink]ImageResource( 3835): [updateImage] allDataReceived!! data size=366220
11-06 19:14:14.501 D/[blink]ImageResource( 3835): [updateImage] allDataReceived!! data size=367680
11-06 19:14:14.509 D/[blink]ImageResource( 3835): [updateImage] allDataReceived!! data size=369140
11-06 19:14:14.512 D/[blink]ImageResource( 3835): [updateImage] allDataReceived!! data size=370600
11-06 19:14:14.515 D/[blink]ImageResource( 3835): [updateImage] allDataReceived!! data size=372060
11-06 19:14:14.518 D/[blink]ImageResource( 3835): [updateImage] allDataReceived!! data size=373520
11-06 19:14:14.526 D/[blink]ImageResource( 3835): [updateImage] allDataReceived!! data size=374980
11-06 19:14:14.526 D/[blink]ImageResource( 3835): [updateImage] allDataReceived!! data size=376440
11-06 19:14:14.528 D/ResourceLoader( 3835): [ResponseCompleted] finish request 0xb4b92c80 url='http://10.14.30.222//application/appcmsFiles/1506672726100484421.png'
11-06 19:14:14.528 D/[blink]ImageResource( 3835): [updateImage] allDataReceived!! data size=377383
11-06 19:14:14.528 D/[blink]ResourceFetcher( 3835): [didFinishLoading] encoded length=377623 url=http://10.14.30.222//application/appcmsFiles/1506672726100484421.png.
11-06 19:14:14.528 D/[blink]ImageResource( 3835): [updateImage] allDataReceived!! data size=377383
11-06 19:14:14.528 D/[cc]beginFrameSource( 3835): [AddObserver] ExternalBeginFrameSource::AddObserver
11-06 19:14:14.536 D/[cc]ProxyMain( 3835): [BeginMainFrame] cc.BeginMainFrame this:0x9f609e48
11-06 19:14:14.536 D/[cc]LayerTreeHost( 3835): [AnimateLayers] AnimateLayers monotonic_time=891233297
11-06 19:14:14.536 D/[blink]FrameView( 3835): [updateStyleAndLayoutIfNeededRecursiveInternal] in... this:0x525edab0.
11-06 19:14:14.536 D/[blink]FrameView( 3835): [updateStyleAndLayoutIfNeededRecursiveInternal] end... this:0x525edab0.
11-06 19:14:14.536 D/[blink]FrameView( 3835): [updateLifecyclePhasesInternal] in... this:0x525edab0, targetState=18
11-06 19:14:14.536 D/[blink]FrameView( 3835): [updateLifecyclePhasesInternal] call compositor()->updateIfNeededRecursive()!
11-06 19:14:14.536 D/[blink]FrameView( 3835): [updateLifecyclePhasesInternal] end... this:0x525edab0
11-06 19:14:14.537 D/[skia]SkBitmap( 3835): [tryAllocPixels] allocator:0x3f874f38
11-06 19:14:14.552 D/[blink]DOMTimer( 3835): [fired] 0x525f0438 timeout fired.
11-06 19:14:14.552 D/ScriptController( 3835): [executeScriptAndReturnValue] [V8] evaluate Script start. frame=0x4d121a48 url= line=1. source length=22
11-06 19:14:14.553 D/iPanel  ( 3835): iPanel.debug("checkOverlayCreated")
11-06 19:14:14.553 D/[blink]DOMTimer( 3835): [DOMTimer] 0x525f04a8 setTimeout 300ms, repeat:0.
11-06 19:14:14.553 D/ScriptController( 3835): [executeScriptAndReturnValue] [V8] evaluate Script end. frame=0x4d121a48 
11-06 19:14:14.840 I/Advanced( 3835): [QUEUE] share_queue_sendEx size:1 4097 2231 0x8f155f48,postLoopId:0,dstid:1.
11-06 19:14:14.853 D/[blink]DOMTimer( 3835): [fired] 0x525f04a8 timeout fired.
11-06 19:14:14.853 D/ScriptController( 3835): [executeScriptAndReturnValue] [V8] evaluate Script start. frame=0x4d121a48 url= line=1. source length=22
11-06 19:14:14.853 D/iPanel  ( 3835): iPanel.debug("checkOverlayCreated")
11-06 19:14:14.853 D/[blink]DOMTimer( 3835): [DOMTimer] 0x525f0518 setTimeout 300ms, repeat:0.
11-06 19:14:14.853 D/ScriptController( 3835): [executeScriptAndReturnValue] [V8] evaluate Script end. frame=0x4d121a48 
11-06 19:14:14.927 D/BackBootDealerNeimeng( 2389): standbyState:
11-06 19:14:14.928 E/NetUtils( 2018): Interface eth0 LinkDown!
11-06 19:14:15.025 E/hcdn_upload( 3008): HCDN_LOG: [2017/11/06-19:14:15:025]:Update uload speed 1 kbps ,real:0 kbps,qsize:0,maxsize:12,timeout_speed:0 kbps 
11-06 19:14:15.041 I/Advanced( 3835): [QUEUE] share_queue_sendEx size:1 4097 2232 0x8f155f48,postLoopId:0,dstid:1.
11-06 19:14:15.110 I/AdvancedPorting-PORT_MODULE_NET( 3835): network_task while... 
11-06 19:14:15.110 I/AdvancedPorting-PORT_MODULE_NET( 3835): 0 interface name: lo
11-06 19:14:15.110 I/AdvancedPorting-PORT_MODULE_NET( 3835): 1 interface name: wlan0
11-06 19:14:15.110 I/AdvancedPorting-PORT_MODULE_NET( 3835): First interface name: lo
11-06 19:14:15.110 I/AdvancedPorting-PORT_MODULE_NET( 3835): network_task while...  net_i:1
11-06 19:14:15.110 I/AdvancedPorting-PORT_MODULE_NET( 3835): network_task while---name_interface[0]=lo
11-06 19:14:15.110 I/AdvancedPorting-PORT_MODULE_NET( 3835): network_task while---name_interface[1]=wlan0
11-06 19:14:15.110 I/AdvancedPorting-PORT_MODULE_NET( 3835): network_task while---interface_name=wlan0
11-06 19:14:15.110 I/AdvancedPorting-PORT_MODULE_NET( 3835): network_get_netlink_status(in)--if_name=wlan0
11-06 19:14:15.110 I/AdvancedPorting-PORT_MODULE_NET( 3835): net.network.isconnected = no
11-06 19:14:15.110 I/AdvancedPorting-PORT_MODULE_NET( 3835): wlan0 --network_get_netlink_status return retval=1
11-06 19:14:15.111 I/AdvancedPorting-PORT_MODULE_NET( 3835): stat = 1 last_status = 1
11-06 19:14:15.153 D/[blink]DOMTimer( 3835): [fired] 0x525f0518 timeout fired.
11-06 19:14:15.153 D/ScriptController( 3835): [executeScriptAndReturnValue] [V8] evaluate Script start. frame=0x4d121a48 url= line=1. source length=22
11-06 19:14:15.154 D/iPanel  ( 3835): iPanel.debug("checkOverlayCreated")
11-06 19:14:15.154 D/[blink]DOMTimer( 3835): [DOMTimer] 0x525f0588 setTimeout 300ms, repeat:0.
11-06 19:14:15.154 D/ScriptController( 3835): [executeScriptAndReturnValue] [V8] evaluate Script end. frame=0x4d121a48 
11-06 19:14:15.241 I/Advanced( 3835): [QUEUE] share_queue_sendEx size:1 4097 2233 0x8f155f48,postLoopId:0,dstid:1.
11-06 19:14:15.246 D/[blink]DOMTimer( 3835): [fired] 0x525efeb0 timeout fired.
11-06 19:14:15.246 D/V8ScriptRunner( 3835): [callFunction] start. frame = 0x4d129d58 function:  url: http://10.14.30.222:8889/appcms4.0/app/tv/newklq/xwjj/klqxw/js/common.js line: 197
11-06 19:14:15.247 D/V8ScriptRunner( 3835): [callFunction] end. frame = 0x4d129d58 function:  url: http://10.14.30.222:8889/appcms4.0/app/tv/newklq/xwjj/klqxw/js/common.js line: 197
11-06 19:14:15.408 E/storage_operate( 3008): HCDN_LOG: [2017/11/06-19:14:15:408]:[func:GetTaskCount],[line:827],[oper:get task count],[state:0],[count:0]
11-06 19:14:15.409 E/storage_operate( 3008): HCDN_LOG: [2017/11/06-19:14:15:409]:[func:GetTaskCount],[line:827],[oper:get task count],[state:0],[count:0]
11-06 19:14:15.409 E/storage_operate( 3008): HCDN_LOG: [2017/11/06-19:14:15:409]:[func:GetTaskCount],[line:827],[oper:get task count],[state:1],[count:0]
11-06 19:14:15.429 D/BackBootDealerNeimeng( 2389): standbyState:
11-06 19:14:15.430 E/NetUtils( 2018): Interface eth0 LinkDown!
11-06 19:14:15.442 I/Advanced( 3835): [QUEUE] share_queue_sendEx size:1 4097 2234 0x8f155f48,postLoopId:0,dstid:1.
11-06 19:14:15.454 D/[blink]DOMTimer( 3835): [fired] 0x525f0588 timeout fired.
11-06 19:14:15.454 D/ScriptController( 3835): [executeScriptAndReturnValue] [V8] evaluate Script start. frame=0x4d121a48 url= line=1. source length=22
11-06 19:14:15.454 D/iPanel  ( 3835): iPanel.debug("checkOverlayCreated")
11-06 19:14:15.454 D/[blink]DOMTimer( 3835): [DOMTimer] 0x525f05f8 setTimeout 300ms, repeat:0.
11-06 19:14:15.455 D/ScriptController( 3835): [executeScriptAndReturnValue] [V8] evaluate Script end. frame=0x4d121a48 
11-06 19:14:15.523 E/storage_operate( 2658): HCDN_LOG: [2017/11/06-19:14:15:523]:[func:GetTaskCount],[line:827],[oper:get task count],[state:0],[count:0]
11-06 19:14:15.523 E/storage_operate( 2658): HCDN_LOG: [2017/11/06-19:14:15:523]:[func:GetTaskCount],[line:827],[oper:get task count],[state:0],[count:0]
11-06 19:14:15.523 E/storage_operate( 2658): HCDN_LOG: [2017/11/06-19:14:15:523]:[func:GetTaskCount],[line:827],[oper:get task count],[state:1],[count:0]
11-06 19:14:15.642 I/Advanced( 3835): [QUEUE] share_queue_sendEx size:1 4097 2235 0x8f155f48,postLoopId:0,dstid:1.
11-06 19:14:15.755 D/[blink]DOMTimer( 3835): [fired] 0x525f05f8 timeout fired.
11-06 19:14:15.755 D/ScriptController( 3835): [executeScriptAndReturnValue] [V8] evaluate Script start. frame=0x4d121a48 url= line=1. source length=22
11-06 19:14:15.755 D/iPanel  ( 3835): iPanel.debug("checkOverlayCreated")
11-06 19:14:15.755 D/[blink]DOMTimer( 3835): [DOMTimer] 0x525f0668 setTimeout 300ms, repeat:0.
11-06 19:14:15.755 D/ScriptController( 3835): [executeScriptAndReturnValue] [V8] evaluate Script end. frame=0x4d121a48 
11-06 19:14:15.842 I/Advanced( 3835): [QUEUE] share_queue_sendEx size:1 4097 2236 0x8f155f48,postLoopId:0,dstid:1.
11-06 19:14:15.930 D/BackBootDealerNeimeng( 2389): standbyState:
11-06 19:14:15.931 E/NetUtils( 2018): Interface eth0 LinkDown!
11-06 19:14:16.026 E/hcdn_upload( 3008): HCDN_LOG: [2017/11/06-19:14:16:025]:Update uload speed 1 kbps ,real:0 kbps,qsize:0,maxsize:12,timeout_speed:0 kbps 
11-06 19:14:16.043 I/Advanced( 3835): [QUEUE] share_queue_sendEx size:1 4097 2237 0x8f155f48,postLoopId:0,dstid:1.
11-06 19:14:16.055 D/[blink]DOMTimer( 3835): [fired] 0x525f0668 timeout fired.
11-06 19:14:16.055 D/ScriptController( 3835): [executeScriptAndReturnValue] [V8] evaluate Script start. frame=0x4d121a48 url= line=1. source length=22
11-06 19:14:16.056 D/iPanel  ( 3835): iPanel.debug("checkOverlayCreated")
11-06 19:14:16.056 D/[blink]DOMTimer( 3835): [DOMTimer] 0x525f06d8 setTimeout 300ms, repeat:0.
11-06 19:14:16.056 D/ScriptController( 3835): [executeScriptAndReturnValue] [V8] evaluate Script end. frame=0x4d121a48 
11-06 19:14:16.111 I/AdvancedPorting-PORT_MODULE_NET( 3835): network_task while... 
11-06 19:14:16.111 I/AdvancedPorting-PORT_MODULE_NET( 3835): 0 interface name: lo
11-06 19:14:16.111 I/AdvancedPorting-PORT_MODULE_NET( 3835): 1 interface name: wlan0
11-06 19:14:16.111 I/AdvancedPorting-PORT_MODULE_NET( 3835): First interface name: lo
11-06 19:14:16.111 I/AdvancedPorting-PORT_MODULE_NET( 3835): network_task while...  net_i:1
11-06 19:14:16.111 I/AdvancedPorting-PORT_MODULE_NET( 3835): network_task while---name_interface[0]=lo
11-06 19:14:16.111 I/AdvancedPorting-PORT_MODULE_NET( 3835): network_task while---name_interface[1]=wlan0
11-06 19:14:16.111 I/AdvancedPorting-PORT_MODULE_NET( 3835): network_task while---interface_name=wlan0
11-06 19:14:16.111 I/AdvancedPorting-PORT_MODULE_NET( 3835): network_get_netlink_status(in)--if_name=wlan0
11-06 19:14:16.111 I/AdvancedPorting-PORT_MODULE_NET( 3835): net.network.isconnected = no
11-06 19:14:16.111 I/AdvancedPorting-PORT_MODULE_NET( 3835): wlan0 --network_get_netlink_status return retval=1
11-06 19:14:16.111 I/AdvancedPorting-PORT_MODULE_NET( 3835): stat = 1 last_status = 1
11-06 19:14:16.243 I/Advanced( 3835): [QUEUE] share_queue_sendEx size:1 4097 2238 0x8f155f48,postLoopId:0,dstid:1.
11-06 19:14:16.246 D/[blink]DOMTimer( 3835): [fired] 0x525efeb0 timeout fired.
11-06 19:14:16.246 D/V8ScriptRunner( 3835): [callFunction] start. frame = 0x4d129d58 function:  url: http://10.14.30.222:8889/appcms4.0/app/tv/newklq/xwjj/klqxw/js/common.js line: 197
11-06 19:14:16.247 D/V8ScriptRunner( 3835): [callFunction] end. frame = 0x4d129d58 function:  url: http://10.14.30.222:8889/appcms4.0/app/tv/newklq/xwjj/klqxw/js/common.js line: 197
11-06 19:14:16.356 D/[blink]DOMTimer( 3835): [fired] 0x525f06d8 timeout fired.
11-06 19:14:16.356 D/ScriptController( 3835): [executeScriptAndReturnValue] [V8] evaluate Script start. frame=0x4d121a48 url= line=1. source length=22
11-06 19:14:16.356 D/iPanel  ( 3835): iPanel.debug("checkOverlayCreated")
11-06 19:14:16.357 D/[blink]DOMTimer( 3835): [DOMTimer] 0x525f0748 setTimeout 300ms, repeat:0.
11-06 19:14:16.357 D/ScriptController( 3835): [executeScriptAndReturnValue] [V8] evaluate Script end. frame=0x4d121a48 
11-06 19:14:16.432 D/BackBootDealerNeimeng( 2389): standbyState:
11-06 19:14:16.432 E/NetUtils( 2018): Interface eth0 LinkDown!
11-06 19:14:16.444 I/Advanced( 3835): [QUEUE] share_queue_sendEx size:1 4097 2239 0x8f155f48,postLoopId:0,dstid:1.
11-06 19:14:16.644 I/Advanced( 3835): [QUEUE] share_queue_sendEx size:1 4097 2240 0x8f155f48,postLoopId:0,dstid:1.
11-06 19:14:16.657 D/[blink]DOMTimer( 3835): [fired] 0x525f0748 timeout fired.
11-06 19:14:16.657 D/ScriptController( 3835): [executeScriptAndReturnValue] [V8] evaluate Script start. frame=0x4d121a48 url= line=1. source length=22
11-06 19:14:16.657 D/iPanel  ( 3835): iPanel.debug("checkOverlayCreated")
11-06 19:14:16.657 D/[blink]DOMTimer( 3835): [DOMTimer] 0x525f07b8 setTimeout 300ms, repeat:0.
11-06 19:14:16.657 D/ScriptController( 3835): [executeScriptAndReturnValue] [V8] evaluate Script end. frame=0x4d121a48 
11-06 19:14:16.845 I/Advanced( 3835): [QUEUE] share_queue_sendEx size:1 4097 2241 0x8f155f48,postLoopId:0,dstid:1.
11-06 19:14:16.933 D/BackBootDealerNeimeng( 2389): standbyState:
11-06 19:14:16.933 E/NetUtils( 2018): Interface eth0 LinkDown!
11-06 19:14:16.957 D/[blink]DOMTimer( 3835): [fired] 0x525f07b8 timeout fired.
11-06 19:14:16.957 D/ScriptController( 3835): [executeScriptAndReturnValue] [V8] evaluate Script start. frame=0x4d121a48 url= line=1. source length=22
11-06 19:14:16.958 D/iPanel  ( 3835): iPanel.debug("checkOverlayCreated")
11-06 19:14:16.958 D/[blink]DOMTimer( 3835): [DOMTimer] 0x525f0828 setTimeout 300ms, repeat:0.
11-06 19:14:16.958 D/ScriptController( 3835): [executeScriptAndReturnValue] [V8] evaluate Script end. frame=0x4d121a48 
11-06 19:14:17.026 E/hcdn_upload( 3008): HCDN_LOG: [2017/11/06-19:14:17:026]:Update uload speed 1 kbps ,real:0 kbps,qsize:0,maxsize:12,timeout_speed:0 kbps 
11-06 19:14:17.111 I/AdvancedPorting-PORT_MODULE_NET( 3835): network_task while... 
11-06 19:14:17.111 I/AdvancedPorting-PORT_MODULE_NET( 3835): 0 interface name: lo
11-06 19:14:17.111 I/AdvancedPorting-PORT_MODULE_NET( 3835): 1 interface name: wlan0
11-06 19:14:17.111 I/AdvancedPorting-PORT_MODULE_NET( 3835): First interface name: lo
11-06 19:14:17.111 I/AdvancedPorting-PORT_MODULE_NET( 3835): network_task while...  net_i:1
11-06 19:14:17.111 I/AdvancedPorting-PORT_MODULE_NET( 3835): network_task while---name_interface[0]=lo
11-06 19:14:17.111 I/AdvancedPorting-PORT_MODULE_NET( 3835): network_task while---name_interface[1]=wlan0
11-06 19:14:17.112 I/AdvancedPorting-PORT_MODULE_NET( 3835): network_task while---interface_name=wlan0
11-06 19:14:17.112 I/AdvancedPorting-PORT_MODULE_NET( 3835): network_get_netlink_status(in)--if_name=wlan0
11-06 19:14:17.112 I/AdvancedPorting-PORT_MODULE_NET( 3835): net.network.isconnected = no
11-06 19:14:17.112 I/AdvancedPorting-PORT_MODULE_NET( 3835): wlan0 --network_get_netlink_status return retval=1
11-06 19:14:17.112 I/AdvancedPorting-PORT_MODULE_NET( 3835): stat = 1 last_status = 1
11-06 19:14:17.246 D/[blink]DOMTimer( 3835): [fired] 0x525efeb0 timeout fired.
11-06 19:14:17.246 D/V8ScriptRunner( 3835): [callFunction] start. frame = 0x4d129d58 function:  url: http://10.14.30.222:8889/appcms4.0/app/tv/newklq/xwjj/klqxw/js/common.js line: 197
11-06 19:14:17.247 D/V8ScriptRunner( 3835): [callFunction] end. frame = 0x4d129d58 function:  url: http://10.14.30.222:8889/appcms4.0/app/tv/newklq/xwjj/klqxw/js/common.js line: 197
11-06 19:14:17.255 I/Advanced( 3835): [QUEUE] share_queue_sendEx size:1 4097 2243 0x8f155f48,postLoopId:0,dstid:1.
11-06 19:14:17.258 D/[blink]DOMTimer( 3835): [fired] 0x525f0828 timeout fired.
11-06 19:14:17.258 D/ScriptController( 3835): [executeScriptAndReturnValue] [V8] evaluate Script start. frame=0x4d121a48 url= line=1. source length=22
11-06 19:14:17.258 D/iPanel  ( 3835): iPanel.debug("checkOverlayCreated")
11-06 19:14:17.258 D/[blink]DOMTimer( 3835): [DOMTimer] 0x525f0898 setTimeout 300ms, repeat:0.
11-06 19:14:17.258 D/ScriptController( 3835): [executeScriptAndReturnValue] [V8] evaluate Script end. frame=0x4d121a48 
11-06 19:14:17.433 D/BackBootDealerNeimeng( 2389): standbyState:
11-06 19:14:17.435 E/NetUtils( 2018): Interface eth0 LinkDown!
11-06 19:14:17.455 I/Advanced( 3835): [QUEUE] share_queue_sendEx size:1 4097 2244 0x8f155f48,postLoopId:0,dstid:1.
11-06 19:14:17.559 D/[blink]DOMTimer( 3835): [fired] 0x525f0898 timeout fired.
11-06 19:14:17.559 D/ScriptController( 3835): [executeScriptAndReturnValue] [V8] evaluate Script start. frame=0x4d121a48 url= line=1. source length=22
11-06 19:14:17.559 D/iPanel  ( 3835): iPanel.debug("checkOverlayCreated")
11-06 19:14:17.559 D/[blink]DOMTimer( 3835): [DOMTimer] 0x525f0908 setTimeout 300ms, repeat:0.
11-06 19:14:17.559 D/ScriptController( 3835): [executeScriptAndReturnValue] [V8] evaluate Script end. frame=0x4d121a48 
11-06 19:14:17.656 I/Advanced( 3835): [QUEUE] share_queue_sendEx size:1 4097 2245 0x8f155f48,postLoopId:0,dstid:1.
11-06 19:14:17.859 D/[blink]DOMTimer( 3835): [fired] 0x525f0908 timeout fired.
11-06 19:14:17.859 D/ScriptController( 3835): [executeScriptAndReturnValue] [V8] evaluate Script start. frame=0x4d121a48 url= line=1. source length=22
11-06 19:14:17.860 D/iPanel  ( 3835): iPanel.debug("checkOverlayCreated")
11-06 19:14:17.860 D/[blink]DOMTimer( 3835): [DOMTimer] 0x525f0978 setTimeout 300ms, repeat:0.
11-06 19:14:17.860 D/ScriptController( 3835): [executeScriptAndReturnValue] [V8] evaluate Script end. frame=0x4d121a48 
11-06 19:14:17.935 D/BackBootDealerNeimeng( 2389): standbyState:
11-06 19:14:17.936 E/NetUtils( 2018): Interface eth0 LinkDown!
11-06 19:14:18.026 E/hcdn_upload( 3008): HCDN_LOG: [2017/11/06-19:14:18:026]:Update uload speed 1 kbps ,real:0 kbps,qsize:0,maxsize:12,timeout_speed:0 kbps 
11-06 19:14:18.066 I/Advanced( 3835): [QUEUE] share_queue_sendEx size:1 4097 2247 0x8f155f48,postLoopId:0,dstid:1.
11-06 19:14:18.112 I/AdvancedPorting-PORT_MODULE_NET( 3835): network_task while... 
11-06 19:14:18.112 I/AdvancedPorting-PORT_MODULE_NET( 3835): 0 interface name: lo
11-06 19:14:18.112 I/AdvancedPorting-PORT_MODULE_NET( 3835): 1 interface name: wlan0
11-06 19:14:18.112 I/AdvancedPorting-PORT_MODULE_NET( 3835): First interface name: lo
11-06 19:14:18.112 I/AdvancedPorting-PORT_MODULE_NET( 3835): network_task while...  net_i:1
11-06 19:14:18.112 I/AdvancedPorting-PORT_MODULE_NET( 3835): network_task while---name_interface[0]=lo
11-06 19:14:18.112 I/AdvancedPorting-PORT_MODULE_NET( 3835): network_task while---name_interface[1]=wlan0
11-06 19:14:18.112 I/AdvancedPorting-PORT_MODULE_NET( 3835): network_task while---interface_name=wlan0
11-06 19:14:18.112 I/AdvancedPorting-PORT_MODULE_NET( 3835): network_get_netlink_status(in)--if_name=wlan0
11-06 19:14:18.112 I/AdvancedPorting-PORT_MODULE_NET( 3835): net.network.isconnected = no
11-06 19:14:18.112 I/AdvancedPorting-PORT_MODULE_NET( 3835): wlan0 --network_get_netlink_status return retval=1
11-06 19:14:18.112 I/AdvancedPorting-PORT_MODULE_NET( 3835): stat = 1 last_status = 1
11-06 19:14:18.160 D/[blink]DOMTimer( 3835): [fired] 0x525f0978 timeout fired.
11-06 19:14:18.160 D/ScriptController( 3835): [executeScriptAndReturnValue] [V8] evaluate Script start. frame=0x4d121a48 url= line=1. source length=22
11-06 19:14:18.160 D/iPanel  ( 3835): iPanel.debug("checkOverlayCreated")
11-06 19:14:18.160 D/[blink]DOMTimer( 3835): [DOMTimer] 0x525f09e8 setTimeout 300ms, repeat:0.
11-06 19:14:18.161 D/ScriptController( 3835): [executeScriptAndReturnValue] [V8] evaluate Script end. frame=0x4d121a48 
11-06 19:14:18.173 D/IPLoaderNeimeng( 2389): after wait time19:14:18:monitorInterval:5000
11-06 19:14:18.174 D/IPLoaderNeimeng( 2389): before dealUpdateCheck time:19:14:18:isMsgBroadcast:false:monitorInterval:5000:processState:1
11-06 19:14:18.174 D/IPLoaderNeimeng( 2389): dealUpdateCheck isFirstSuccessUpdate:false:monitorInterval:5000
11-06 19:14:18.174 D/LoadHttpHandler( 2389): [TN_ThreadUtil-4]doNormal proxyConfig=null
11-06 19:14:18.219 D/LoadHttpHandler( 2389): [TN_ThreadUtil-4]doNormal responseCode=404
11-06 19:14:18.219 D/LoadHttpTask( 2389): dealUpdateCheck responseCode:404:data:null:downloadResult:false
11-06 19:14:18.220 D/IPLoaderNeimeng( 2389): after dealUpdateCheck time:19:14:18:isMsgBroadcast:false:monitorInterval:5000:processState:1
11-06 19:14:18.220 D/IPLoaderNeimeng( 2389): before wait time19:14:18:monitorInterval:5000
11-06 19:14:18.246 D/[blink]DOMTimer( 3835): [fired] 0x525efeb0 timeout fired.
11-06 19:14:18.246 D/V8ScriptRunner( 3835): [callFunction] start. frame = 0x4d129d58 function:  url: http://10.14.30.222:8889/appcms4.0/app/tv/newklq/xwjj/klqxw/js/common.js line: 197
11-06 19:14:18.247 D/V8ScriptRunner( 3835): [callFunction] end. frame = 0x4d129d58 function:  url: http://10.14.30.222:8889/appcms4.0/app/tv/newklq/xwjj/klqxw/js/common.js line: 197
11-06 19:14:18.409 E/storage_operate( 3008): HCDN_LOG: [2017/11/06-19:14:18:409]:[func:GetTaskCount],[line:827],[oper:get task count],[state:0],[count:0]
11-06 19:14:18.409 E/storage_operate( 3008): HCDN_LOG: [2017/11/06-19:14:18:409]:[func:GetTaskCount],[line:827],[oper:get task count],[state:0],[count:0]
11-06 19:14:18.409 E/storage_operate( 3008): HCDN_LOG: [2017/11/06-19:14:18:409]:[func:GetTaskCount],[line:827],[oper:get task count],[state:1],[count:0]
11-06 19:14:18.437 D/BackBootDealerNeimeng( 2389): standbyState:
11-06 19:14:18.437 E/NetUtils( 2018): Interface eth0 LinkDown!
11-06 19:14:18.461 D/[blink]DOMTimer( 3835): [fired] 0x525f09e8 timeout fired.
11-06 19:14:18.461 D/ScriptController( 3835): [executeScriptAndReturnValue] [V8] evaluate Script start. frame=0x4d121a48 url= line=1. source length=22
11-06 19:14:18.461 D/iPanel  ( 3835): iPanel.debug("checkOverlayCreated")
11-06 19:14:18.461 D/[blink]DOMTimer( 3835): [DOMTimer] 0x525f0a58 setTimeout 300ms, repeat:0.
11-06 19:14:18.461 D/ScriptController( 3835): [executeScriptAndReturnValue] [V8] evaluate Script end. frame=0x4d121a48 
11-06 19:14:18.476 I/Advanced( 3835): [QUEUE] share_queue_sendEx size:1 4097 2249 0x8f155f48,postLoopId:0,dstid:1.
11-06 19:14:18.524 E/storage_operate( 2658): HCDN_LOG: [2017/11/06-19:14:18:524]:[func:GetTaskCount],[line:827],[oper:get task count],[state:0],[count:0]
11-06 19:14:18.524 E/storage_operate( 2658): HCDN_LOG: [2017/11/06-19:14:18:524]:[func:GetTaskCount],[line:827],[oper:get task count],[state:0],[count:0]
11-06 19:14:18.524 E/storage_operate( 2658): HCDN_LOG: [2017/11/06-19:14:18:524]:[func:GetTaskCount],[line:827],[oper:get task count],[state:1],[count:0]
11-06 19:14:18.761 D/[blink]DOMTimer( 3835): [fired] 0x525f0a58 timeout fired.
11-06 19:14:18.762 D/ScriptController( 3835): [executeScriptAndReturnValue] [V8] evaluate Script start. frame=0x4d121a48 url= line=1. source length=22
11-06 19:14:18.762 D/iPanel  ( 3835): iPanel.debug("checkOverlayCreated")
11-06 19:14:18.762 D/[blink]DOMTimer( 3835): [DOMTimer] 0x525f0ac8 setTimeout 300ms, repeat:0.
11-06 19:14:18.762 D/ScriptController( 3835): [executeScriptAndReturnValue] [V8] evaluate Script end. frame=0x4d121a48 
11-06 19:14:18.886 I/Advanced( 3835): [QUEUE] share_queue_sendEx size:1 4097 2251 0x8f155f48,postLoopId:0,dstid:1.
11-06 19:14:18.938 D/BackBootDealerNeimeng( 2389): standbyState:
11-06 19:14:18.938 E/NetUtils( 2018): Interface eth0 LinkDown!
11-06 19:14:19.027 E/hcdn_upload( 3008): HCDN_LOG: [2017/11/06-19:14:19:027]:Update uload speed 1 kbps ,real:0 kbps,qsize:0,maxsize:12,timeout_speed:0 kbps 
11-06 19:14:19.062 D/[blink]DOMTimer( 3835): [fired] 0x525f0ac8 timeout fired.
11-06 19:14:19.062 D/ScriptController( 3835): [executeScriptAndReturnValue] [V8] evaluate Script start. frame=0x4d121a48 url= line=1. source length=22
11-06 19:14:19.063 D/iPanel  ( 3835): iPanel.debug("checkOverlayCreated")
11-06 19:14:19.063 D/[blink]DOMTimer( 3835): [DOMTimer] 0x525f0b38 setTimeout 300ms, repeat:0.
11-06 19:14:19.063 D/ScriptController( 3835): [executeScriptAndReturnValue] [V8] evaluate Script end. frame=0x4d121a48 
11-06 19:14:19.086 I/Advanced( 3835): [QUEUE] share_queue_sendEx size:1 4097 2252 0x8f155f48,postLoopId:0,dstid:1.
11-06 19:14:19.112 I/AdvancedPorting-PORT_MODULE_NET( 3835): network_task while... 
11-06 19:14:19.112 I/AdvancedPorting-PORT_MODULE_NET( 3835): 0 interface name: lo
11-06 19:14:19.112 I/AdvancedPorting-PORT_MODULE_NET( 3835): 1 interface name: wlan0
11-06 19:14:19.112 I/AdvancedPorting-PORT_MODULE_NET( 3835): First interface name: lo
11-06 19:14:19.113 I/AdvancedPorting-PORT_MODULE_NET( 3835): network_task while...  net_i:1
11-06 19:14:19.113 I/AdvancedPorting-PORT_MODULE_NET( 3835): network_task while---name_interface[0]=lo
11-06 19:14:19.113 I/AdvancedPorting-PORT_MODULE_NET( 3835): network_task while---name_interface[1]=wlan0
11-06 19:14:19.113 I/AdvancedPorting-PORT_MODULE_NET( 3835): network_task while---interface_name=wlan0
11-06 19:14:19.113 I/AdvancedPorting-PORT_MODULE_NET( 3835): network_get_netlink_status(in)--if_name=wlan0
11-06 19:14:19.113 I/AdvancedPorting-PORT_MODULE_NET( 3835): net.network.isconnected = no
11-06 19:14:19.113 I/AdvancedPorting-PORT_MODULE_NET( 3835): wlan0 --network_get_netlink_status return retval=1
11-06 19:14:19.113 I/AdvancedPorting-PORT_MODULE_NET( 3835): stat = 1 last_status = 1
11-06 19:14:19.246 D/[blink]DOMTimer( 3835): [fired] 0x525efeb0 timeout fired.
11-06 19:14:19.246 D/V8ScriptRunner( 3835): [callFunction] start. frame = 0x4d129d58 function:  url: http://10.14.30.222:8889/appcms4.0/app/tv/newklq/xwjj/klqxw/js/common.js line: 197
11-06 19:14:19.247 D/V8ScriptRunner( 3835): [callFunction] end. frame = 0x4d129d58 function:  url: http://10.14.30.222:8889/appcms4.0/app/tv/newklq/xwjj/klqxw/js/common.js line: 197
11-06 19:14:19.286 I/Advanced( 3835): [QUEUE] share_queue_sendEx size:1 4097 2253 0x8f155f48,postLoopId:0,dstid:1.
11-06 19:14:19.363 D/[blink]DOMTimer( 3835): [fired] 0x525f0b38 timeout fired.
11-06 19:14:19.363 D/ScriptController( 3835): [executeScriptAndReturnValue] [V8] evaluate Script start. frame=0x4d121a48 url= line=1. source length=22
11-06 19:14:19.363 D/iPanel  ( 3835): iPanel.debug("checkOverlayCreated")
11-06 19:14:19.363 D/[blink]DOMTimer( 3835): [DOMTimer] 0x525f0ba8 setTimeout 300ms, repeat:0.
11-06 19:14:19.363 D/ScriptController( 3835): [executeScriptAndReturnValue] [V8] evaluate Script end. frame=0x4d121a48 
11-06 19:14:19.439 D/BackBootDealerNeimeng( 2389): standbyState:
11-06 19:14:19.440 E/NetUtils( 2018): Interface eth0 LinkDown!
11-06 19:14:19.487 I/Advanced( 3835): [QUEUE] share_queue_sendEx size:1 4097 2254 0x8f155f48,postLoopId:0,dstid:1.
11-06 19:14:19.664 D/[blink]DOMTimer( 3835): [fired] 0x525f0ba8 timeout fired.
11-06 19:14:19.664 D/ScriptController( 3835): [executeScriptAndReturnValue] [V8] evaluate Script start. frame=0x4d121a48 url= line=1. source length=22
11-06 19:14:19.664 D/iPanel  ( 3835): iPanel.debug("checkOverlayCreated")
11-06 19:14:19.664 D/[blink]DOMTimer( 3835): [DOMTimer] 0x525f0c18 setTimeout 300ms, repeat:0.
11-06 19:14:19.664 D/ScriptController( 3835): [executeScriptAndReturnValue] [V8] evaluate Script end. frame=0x4d121a48 
11-06 19:14:19.687 I/Advanced( 3835): [QUEUE] share_queue_sendEx size:1 4097 2255 0x8f155f48,postLoopId:0,dstid:1.
11-06 19:14:19.756 D/ir_user ( 1587): PlayerTimeLineTrace:linux_keycode:0x1c(DOWN),	protocol: .
11-06 19:14:19.756 V/PT      ( 1583): >>INFO:irkey_task:[     896.454159] /dev/input/event0: type=0001 code=001c val=00000001
11-06 19:14:19.756 V/PT      ( 1583): >>INFO:irkey_send:0x3001 0x1001 down
11-06 19:14:19.756 V/SUMA    ( 1583): ++++++++++++++  _roc_evtmgr_key_cbk 517:input = 12289, event=4097, act=0x100
11-06 19:14:19.756 V/SUMA    ( 1583): lxm:_roc_evtmgr_key_cbk 519 896454
11-06 19:14:19.756 V/SUMA    ( 1583): lxm:_roc_evtmgr_add_evt_into_queue 347 896454
11-06 19:14:19.757 V/PT      ( 1583): >>INFO:irkey_task:[     896.454159] /dev/input/event0: type=0000 code=0000 val=00000000
11-06 19:14:19.757 V/SUMA    ( 1583): ===================>> type=0 src=0 evt=4097 act=0x100
11-06 19:14:19.757 V/SUMA    ( 1583): [sysset-s][event_manager_cbk 78]lxm cbid=1, cbk_reg=1, cpid=2458
