01-01 08:00:41.827 I/ActivityManager( 2018): Waited long enough for: ServiceRecord{2dcb8906 u0 com.gitvdemo.video/com.push.pushservice.api.PushService}
01-01 08:00:41.907 I/ActivityManager( 2018): Waited long enough for: ServiceRecord{b013d48 u0 com.gitvdemo.video/com.gala.video.lib.share.ifimpl.logrecord.service.LRProxyService}
01-01 08:00:41.949 I/ActivityManager( 2018): START u0 {cmp=com.suma.midware.setting/.net.NetMainActivity} from uid 1000 on display 0
01-01 08:00:41.954 V/WindowManager( 2018): addAppToken: AppWindowToken{21c85c93 token=Token{dba1d82 ActivityRecord{2eeda0cd u0 com.suma.midware.setting/.net.NetMainActivity t138}}} to stack=1 task=138 at 1
01-01 08:00:41.957 W/ContextImpl( 2804): Calling a method in the system process without a qualified user: android.app.ContextImpl.sendBroadcast:1345 android.content.ContextWrapper.sendBroadcast:377 android.app.ActivityThread.performPauseActivity:3259 android.app.ActivityThread.performPauseActivity:3225 android.app.ActivityThread.handlePauseActivity:3200 
01-01 08:00:42.053 W/ContextImpl( 2804): Calling a method in the system process without a qualified user: android.app.ContextImpl.sendBroadcast:1345 android.content.ContextWrapper.sendBroadcast:377 android.app.ActivityThread.performResumeActivity:2982 android.app.ActivityThread.handleResumeActivity:3023 android.app.ActivityThread.handleLaunchActivity:2392 
01-01 08:00:42.055 V/WindowManager( 2018): Adding window Window{1de4fdfc u0 com.suma.midware.setting/com.suma.midware.setting.net.NetMainActivity} at 8 of 13 (after Window{23a677f6 u0 com.suma.midware.setting/com.suma.midware.setting.main.SystemMainActivity})
01-01 08:00:42.075 I/ActivityManager( 2018): Waited long enough for: ServiceRecord{7c763bc u0 com.sumavision.admindm/.Session}
01-01 08:00:44.348 W/ContextImpl( 2804): Calling a method in the system process without a qualified user: android.app.ContextImpl.sendBroadcast:1345 android.content.ContextWrapper.sendBroadcast:377 android.app.ActivityThread.performPauseActivity:3259 android.app.ActivityThread.performPauseActivity:3225 android.app.ActivityThread.handlePauseActivity:3200 
01-01 08:00:44.354 W/ContextImpl( 2804): Calling a method in the system process without a qualified user: android.app.ContextImpl.sendBroadcast:1345 android.content.ContextWrapper.sendBroadcast:377 android.app.ActivityThread.performResumeActivity:2982 android.app.ActivityThread.handleResumeActivity:3023 android.app.ActivityThread$H.handleMessage:1347 
01-01 08:00:44.812 W/ContextImpl( 2804): Calling a method in the system process without a qualified user: android.app.ContextImpl.sendBroadcast:1345 android.content.ContextWrapper.sendBroadcast:377 android.app.ActivityThread.performPauseActivity:3259 android.app.ActivityThread.performPauseActivity:3225 android.app.ActivityThread.handlePauseActivity:3200 
01-01 08:00:44.832 W/ContextImpl( 2494): Calling a method in the system process without a qualified user: android.app.ContextImpl.sendBroadcast:1345 android.content.ContextWrapper.sendBroadcast:377 com.suma.midware.view.ext.BluetoothUpdate.b:-1 com.suma.midware.home.third.Main3DActivity.onResume:-1 android.app.Instrumentation.callActivityOnResume:1257 
01-01 08:00:44.835 W/ContextImpl( 2494): Calling a method in the system process without a qualified user: android.app.ContextImpl.sendBroadcast:1345 android.content.ContextWrapper.sendBroadcast:377 android.app.ActivityThread.performResumeActivity:2982 android.app.ActivityThread.handleResumeActivity:3023 android.app.ActivityThread$H.handleMessage:1347 
11-06 19:00:13.003 W/ContextImpl( 2389): Calling a method in the system process without a qualified user: android.app.ContextImpl.sendBroadcast:1345 android.content.ContextWrapper.sendBroadcast:377 com.suma.midware.back.ivideo.b.a:-1 com.suma.midware.back.ivideo.neimeng.IvideoDealerNeimeng.b:-1 com.suma.midware.back.ivideo.neimeng.IvideoDealerNeimeng.e:-1 
11-06 19:00:13.089 W/ContextImpl( 2389): Calling a method in the system process without a qualified user: android.app.ContextImpl.sendBroadcast:1345 android.content.ContextWrapper.sendBroadcast:377 com.suma.midware.back.ivideo.b.a:-1 com.suma.midware.back.ivideo.neimeng.IvideoDealerNeimeng.e:-1 com.suma.midware.back.ivideo.e.run:-1 
11-06 19:00:13.098 D/TaskPersister( 2018): removeObsoleteFile: deleting file=135_task.xml
11-06 19:00:13.098 D/TaskPersister( 2018): removeObsoleteFile: deleting file=135_task_thumbnail.png
11-06 19:00:13.251 W/ContextImpl( 2389): Calling a method in the system process without a qualified user: android.app.ContextImpl.sendBroadcast:1345 android.content.ContextWrapper.sendBroadcast:377 com.suma.midware.back.ivideo.b.a:-1 com.suma.midware.back.ivideo.neimeng.IvideoDealerNeimeng.e:-1 com.suma.midware.back.ivideo.e.run:-1 
11-06 19:00:13.400 I/ActivityManager( 2018): START u0 {act= cmp=com.suma.midware.setting/.main.SystemMainActivity} from uid 1000 on display 0
11-06 19:00:13.402 V/WindowManager( 2018): addAppToken: AppWindowToken{b54a200 token=Token{37919083 ActivityRecord{138eb32 u0 com.suma.midware.setting/.main.SystemMainActivity t139}}} to stack=1 task=139 at 0
11-06 19:00:13.404 V/WindowManager( 2018): Adding window Window{2706887e u0 Starting com.suma.midware.setting} at 7 of 12 (after Window{26ef20ba u0 com.ipanel.android_webview.shell/com.ipanel.webapp.BrowserActivity})
11-06 19:00:13.411 W/ContextImpl( 2494): Calling a method in the system process without a qualified user: android.app.ContextImpl.sendBroadcast:1345 android.content.ContextWrapper.sendBroadcast:377 android.app.ActivityThread.performPauseActivity:3259 android.app.ActivityThread.performPauseActivity:3225 android.app.ActivityThread.handlePauseActivity:3200 
11-06 19:00:13.426 W/ViewRootImpl( 2494): Cancelling event due to no window focus: KeyEvent { action=ACTION_UP, keyCode=KEYCODE_DPAD_CENTER, scanCode=28, metaState=0, flags=0x28, repeatCount=0, eventTime=50101, downTime=50093, deviceId=3, source=0x701 }
11-06 19:00:13.426 W/ViewRootImpl( 2494): Cancelling event due to no window focus: KeyEvent { action=ACTION_UP, keyCode=KEYCODE_DPAD_CENTER, scanCode=28, metaState=0, flags=0x28, repeatCount=0, eventTime=50101, downTime=50093, deviceId=3, source=0x701 }
11-06 19:00:13.426 W/ViewRootImpl( 2494): Cancelling event due to no window focus: KeyEvent { action=ACTION_UP, keyCode=KEYCODE_DPAD_CENTER, scanCode=28, metaState=0, flags=0x28, repeatCount=0, eventTime=50101, downTime=50093, deviceId=3, source=0x701 }
11-06 19:00:13.426 W/ViewRootImpl( 2494): Cancelling event due to no window focus: KeyEvent { action=ACTION_UP, keyCode=KEYCODE_DPAD_CENTER, scanCode=28, metaState=0, flags=0x28, repeatCount=0, eventTime=50101, downTime=50093, deviceId=3, source=0x701 }
11-06 19:00:13.426 W/ViewRootImpl( 2494): Cancelling event due to no window focus: KeyEvent { action=ACTION_UP, keyCode=KEYCODE_DPAD_CENTER, scanCode=28, metaState=0, flags=0x28, repeatCount=0, eventTime=50101, downTime=50093, deviceId=3, source=0x701 }
11-06 19:00:13.426 W/ViewRootImpl( 2494): Cancelling event due to no window focus: KeyEvent { action=ACTION_UP, keyCode=KEYCODE_DPAD_CENTER, scanCode=28, metaState=0, flags=0x28, repeatCount=0, eventTime=50101, downTime=50093, deviceId=3, source=0x701 }
11-06 19:00:13.435 W/ContextImpl( 2804): Calling a method in the system process without a qualified user: android.app.ContextImpl.sendBroadcast:1345 android.content.ContextWrapper.sendBroadcast:377 android.app.ActivityThread.performResumeActivity:2982 android.app.ActivityThread.handleResumeActivity:3023 android.app.ActivityThread.handleLaunchActivity:2392 
11-06 19:00:13.441 V/WindowManager( 2018): Adding window Window{31da8cfb u0 com.suma.midware.setting/com.suma.midware.setting.main.SystemMainActivity} at 7 of 13 (before Window{2706887e u0 Starting com.suma.midware.setting})
11-06 19:00:14.513 I/ActivityManager( 2018): START u0 {cmp=com.suma.midware.setting/.net.NetMainActivity} from uid 1000 on display 0
11-06 19:00:14.517 V/WindowManager( 2018): addAppToken: AppWindowToken{39bafdd7 token=Token{3ca12956 ActivityRecord{2c24e771 u0 com.suma.midware.setting/.net.NetMainActivity t139}}} to stack=1 task=139 at 1
11-06 19:00:14.519 W/ContextImpl( 2804): Calling a method in the system process without a qualified user: android.app.ContextImpl.sendBroadcast:1345 android.content.ContextWrapper.sendBroadcast:377 android.app.ActivityThread.performPauseActivity:3259 android.app.ActivityThread.performPauseActivity:3225 android.app.ActivityThread.handlePauseActivity:3200 
11-06 19:00:14.583 W/ContextImpl( 2804): Calling a method in the system process without a qualified user: android.app.ContextImpl.sendBroadcast:1345 android.content.ContextWrapper.sendBroadcast:377 android.app.ActivityThread.performResumeActivity:2982 android.app.ActivityThread.handleResumeActivity:3023 android.app.ActivityThread.handleLaunchActivity:2392 
11-06 19:00:14.586 V/WindowManager( 2018): Adding window Window{27d48b30 u0 com.suma.midware.setting/com.suma.midware.setting.net.NetMainActivity} at 8 of 13 (after Window{31da8cfb u0 com.suma.midware.setting/com.suma.midware.setting.main.SystemMainActivity})
11-06 19:00:15.516 W/ContextImpl( 2389): Calling a method in the system process without a qualified user: android.app.ContextImpl.sendBroadcast:1345 android.content.ContextWrapper.sendBroadcast:377 com.suma.midware.back.esg.e.f:-1 com.suma.midware.back.esg.f.run:-1 com.suma.midware.prop.util.c.run:-1 
11-06 19:00:16.517 W/ContextImpl( 2389): Calling a method in the system process without a qualified user: android.app.ContextImpl.sendBroadcast:1345 android.content.ContextWrapper.sendBroadcast:377 com.suma.midware.back.esg.e.f:-1 com.suma.midware.back.esg.f.run:-1 com.suma.midware.prop.util.c.run:-1 
11-06 19:00:17.413 D/TaskPersister( 2018): removeObsoleteFile: deleting file=138_task.xml
11-06 19:00:17.415 D/TaskPersister( 2018): removeObsoleteFile: deleting file=138_task_thumbnail.png
11-06 19:00:17.497 I/ActivityManager( 2018): START u0 {cmp=com.suma.midware.setting/.net.NetInfoActivity} from uid 1000 on display 0
11-06 19:00:17.501 V/WindowManager( 2018): addAppToken: AppWindowToken{1cf1d0cf token=Token{3a240d2e ActivityRecord{f0813a9 u0 com.suma.midware.setting/.net.NetInfoActivity t139}}} to stack=1 task=139 at 2
11-06 19:00:17.504 W/ContextImpl( 2804): Calling a method in the system process without a qualified user: android.app.ContextImpl.sendBroadcast:1345 android.content.ContextWrapper.sendBroadcast:377 android.app.ActivityThread.performPauseActivity:3259 android.app.ActivityThread.performPauseActivity:3225 android.app.ActivityThread.handlePauseActivity:3200 
11-06 19:00:17.562 W/ContextImpl( 2804): Calling a method in the system process without a qualified user: android.app.ContextImpl.sendBroadcast:1345 android.content.ContextWrapper.sendBroadcast:377 android.app.ActivityThread.performResumeActivity:2982 android.app.ActivityThread.handleResumeActivity:3023 android.app.ActivityThread.handleLaunchActivity:2392 
11-06 19:00:17.565 V/WindowManager( 2018): Adding window Window{d329048 u0 com.suma.midware.setting/com.suma.midware.setting.net.NetInfoActivity} at 9 of 14 (after Window{27d48b30 u0 com.suma.midware.setting/com.suma.midware.setting.net.NetMainActivity})
11-06 19:00:18.676 I/ActivityManager( 2018): Waited long enough for: ServiceRecord{3e12e56c u0 com.starcor.mango/com.starcor.report.ReportService}
11-06 19:00:18.676 I/ActivityManager( 2018): Waited long enough for: ServiceRecord{d7ac735 u0 com.starcor.mango/com.starcor.report.newreport.DataReportService}
11-06 19:00:18.824 I/ActivityManager( 2018): Waited long enough for: ServiceRecord{1139a7ed u0 com.starcor.mango/com.mgtv.data.ott.sdk.core.service.DataReporterService}
11-06 19:00:19.519 W/ContextImpl( 2389): Calling a method in the system process without a qualified user: android.app.ContextImpl.sendBroadcast:1345 android.content.ContextWrapper.sendBroadcast:377 com.suma.midware.back.esg.e.f:-1 com.suma.midware.back.esg.f.run:-1 com.suma.midware.prop.util.c.run:-1 
11-06 19:00:20.522 W/ContextImpl( 2389): Calling a method in the system process without a qualified user: android.app.ContextImpl.sendBroadcast:1345 android.content.ContextWrapper.sendBroadcast:377 com.suma.midware.back.esg.e.f:-1 com.suma.midware.back.esg.f.run:-1 com.suma.midware.prop.util.c.run:-1 
11-06 19:00:21.763 W/ContextImpl( 2804): Calling a method in the system process without a qualified user: android.app.ContextImpl.sendBroadcast:1345 android.content.ContextWrapper.sendBroadcast:377 android.app.ActivityThread.performPauseActivity:3259 android.app.ActivityThread.performPauseActivity:3225 android.app.ActivityThread.handlePauseActivity:3200 
11-06 19:00:21.776 W/ContextImpl( 2804): Calling a method in the system process without a qualified user: android.app.ContextImpl.sendBroadcast:1345 android.content.ContextWrapper.sendBroadcast:377 android.app.ActivityThread.performResumeActivity:2982 android.app.ActivityThread.handleResumeActivity:3023 android.app.ActivityThread$H.handleMessage:1347 
11-06 19:00:22.423 W/ContextImpl( 2804): Calling a method in the system process without a qualified user: android.app.ContextImpl.sendBroadcast:1345 android.content.ContextWrapper.sendBroadcast:377 android.app.ActivityThread.performPauseActivity:3259 android.app.ActivityThread.performPauseActivity:3225 android.app.ActivityThread.handlePauseActivity:3200 
11-06 19:00:22.432 W/ContextImpl( 2804): Calling a method in the system process without a qualified user: android.app.ContextImpl.sendBroadcast:1345 android.content.ContextWrapper.sendBroadcast:377 android.app.ActivityThread.performResumeActivity:2982 android.app.ActivityThread.handleResumeActivity:3023 android.app.ActivityThread$H.handleMessage:1347 
11-06 19:00:22.440 I/WindowState( 2018): WIN DEATH: Window{28d3b347 u0 SurfaceView}
11-06 19:00:22.440 I/ActivityManager( 2018): Process com.ipanel.android_webview.shell (pid 2869) has died
11-06 19:00:22.441 D/ConnectivityService( 2018): ConnectivityService NetworkRequestInfo binderDied(NetworkRequest [ id=3, legacyType=-1, [ Capabilities: INTERNET&NOT_RESTRICTED&TRUSTED] ], android.os.BinderProxy@1c598c63)
11-06 19:00:22.441 D/ConnectivityService( 2018): releasing NetworkRequest NetworkRequest [ id=3, legacyType=-1, [ Capabilities: INTERNET&NOT_RESTRICTED&TRUSTED] ]
11-06 19:00:22.446 E/ConnectivityService( 2018): RemoteException caught trying to send a callback msg for NetworkRequest [ id=3, legacyType=-1, [ Capabilities: INTERNET&NOT_RESTRICTED&TRUSTED] ]
11-06 19:00:22.447 I/WindowState( 2018): WIN DEATH: Window{26ef20ba u0 com.ipanel.android_webview.shell/com.ipanel.webapp.BrowserActivity}
11-06 19:00:22.447 W/WindowManager( 2018): Force-removing child win Window{2d77549d u0 SurfaceView} from container Window{26ef20ba u0 com.ipanel.android_webview.shell/com.ipanel.webapp.BrowserActivity}
11-06 19:00:22.450 W/WindowManager( 2018): Failed looking up window
11-06 19:00:22.450 W/WindowManager( 2018): java.lang.IllegalArgumentException: Requested window android.os.BinderProxy@12ad2774 does not exist
11-06 19:00:22.450 W/WindowManager( 2018): 	at com.android.server.wm.WindowManagerService.windowForClientLocked(WindowManagerService.java:8654)
11-06 19:00:22.450 W/WindowManager( 2018): 	at com.android.server.wm.WindowManagerService.windowForClientLocked(WindowManagerService.java:8645)
11-06 19:00:22.450 W/WindowManager( 2018): 	at com.android.server.wm.WindowState$DeathRecipient.binderDied(WindowState.java:1142)
11-06 19:00:22.450 W/WindowManager( 2018): 	at android.os.BinderProxy.sendDeathNotice(Binder.java:551)
11-06 19:00:22.450 I/WindowState( 2018): WIN DEATH: null
11-06 19:00:23.270 W/ContextImpl( 2804): Calling a method in the system process without a qualified user: android.app.ContextImpl.sendBroadcast:1345 android.content.ContextWrapper.sendBroadcast:377 android.app.ActivityThread.performPauseActivity:3259 android.app.ActivityThread.performPauseActivity:3225 android.app.ActivityThread.handlePauseActivity:3200 
11-06 19:00:23.298 W/ContextImpl( 2494): Calling a method in the system process without a qualified user: android.app.ContextImpl.sendBroadcast:1345 android.content.ContextWrapper.sendBroadcast:377 com.suma.midware.view.ext.BluetoothUpdate.b:-1 com.suma.midware.home.third.Main3DActivity.onResume:-1 android.app.Instrumentation.callActivityOnResume:1257 
11-06 19:00:23.301 W/ContextImpl( 2494): Calling a method in the system process without a qualified user: android.app.ContextImpl.sendBroadcast:1345 android.content.ContextWrapper.sendBroadcast:377 android.app.ActivityThread.performResumeActivity:2982 android.app.ActivityThread.handleResumeActivity:3023 android.app.ActivityThread$H.handleMessage:1347 
11-06 19:00:23.525 W/ContextImpl( 2389): Calling a method in the system process without a qualified user: android.app.ContextImpl.sendBroadcast:1345 android.content.ContextWrapper.sendBroadcast:377 com.suma.midware.back.esg.e.f:-1 com.suma.midware.back.esg.f.run:-1 com.suma.midware.prop.util.c.run:-1 
11-06 19:00:24.526 W/ContextImpl( 2389): Calling a method in the system process without a qualified user: android.app.ContextImpl.sendBroadcast:1345 android.content.ContextWrapper.sendBroadcast:377 com.suma.midware.back.esg.e.f:-1 com.suma.midware.back.esg.f.run:-1 com.suma.midware.prop.util.c.run:-1 
11-06 19:00:25.923 I/ActivityManager( 2018): START u0 {act= cmp=com.ipanel.android_webview.shell/com.ipanel.webapp.BrowserActivity (has extras)} from uid 1000 on display 0
11-06 19:00:25.934 W/ContextImpl( 2494): Calling a method in the system process without a qualified user: android.app.ContextImpl.sendBroadcast:1345 android.content.ContextWrapper.sendBroadcast:377 android.app.ActivityThread.performPauseActivity:3259 android.app.ActivityThread.performPauseActivity:3225 android.app.ActivityThread.handlePauseActivity:3200 
11-06 19:00:25.939 V/WindowManager( 2018): Adding window Window{4ce9b78 u0 Starting com.ipanel.android_webview.shell} at 4 of 9 (after Window{19618c0b u0 com.suma.midware.home/com.suma.midware.home.third.Main3DActivity})
11-06 19:00:25.960 I/ActivityManager( 2018): Start proc 3367:com.ipanel.android_webview.shell/u0a26 for activity com.ipanel.android_webview.shell/com.ipanel.webapp.BrowserActivity
11-06 19:00:26.340 V/WindowManager( 2018): Adding window Window{237e33e u0 com.ipanel.android_webview.shell/com.ipanel.webapp.BrowserActivity} at 4 of 10 (before Window{4ce9b78 u0 Starting com.ipanel.android_webview.shell})
11-06 19:00:26.360 D/ConnectivityService( 2018): listenForNetwork for NetworkRequest [ id=4, legacyType=-1, [ Capabilities: INTERNET&NOT_RESTRICTED&TRUSTED] ]
11-06 19:00:26.360 D/ConnectivityService( 2018): handleRegisterNetworkRequest checking NetworkAgentInfo [WIFI () - 100]
11-06 19:00:26.360 D/ConnectivityService( 2018): apparently satisfied.  currentScore=60
11-06 19:00:26.441 V/WindowManager( 2018): Adding window Window{20e32cbb u0 SurfaceView} at 4 of 11 (before Window{237e33e u0 com.ipanel.android_webview.shell/com.ipanel.webapp.BrowserActivity})
11-06 19:00:26.503 V/WindowManager( 2018): Adding window Window{3e47ed31 u0 SurfaceView} at 5 of 12 (before Window{237e33e u0 com.ipanel.android_webview.shell/com.ipanel.webapp.BrowserActivity})
11-06 19:00:26.570 W/ViewRootImpl( 3367): Cancelling event due to no window focus: KeyEvent { action=ACTION_UP, keyCode=KEYCODE_DPAD_CENTER, scanCode=28, metaState=0, flags=0x80000028, repeatCount=0, eventTime=62718, downTime=62617, deviceId=3, source=0x701 }
11-06 19:00:26.570 W/ViewRootImpl( 3367): Cancelling event due to no window focus: KeyEvent { action=ACTION_UP, keyCode=KEYCODE_DPAD_CENTER, scanCode=28, metaState=0, flags=0x80000028, repeatCount=0, eventTime=62718, downTime=62617, deviceId=3, source=0x701 }
11-06 19:00:26.570 W/ViewRootImpl( 3367): Cancelling event due to no window focus: KeyEvent { action=ACTION_UP, keyCode=KEYCODE_DPAD_CENTER, scanCode=28, metaState=0, flags=0x80000028, repeatCount=0, eventTime=62718, downTime=62617, deviceId=3, source=0x701 }
11-06 19:00:26.570 W/ViewRootImpl( 3367): Cancelling event due to no window focus: KeyEvent { action=ACTION_UP, keyCode=KEYCODE_DPAD_CENTER, scanCode=28, metaState=0, flags=0x80000028, repeatCount=0, eventTime=62718, downTime=62617, deviceId=3, source=0x701 }
11-06 19:00:26.570 W/ViewRootImpl( 3367): Cancelling event due to no window focus: KeyEvent { action=ACTION_UP, keyCode=KEYCODE_DPAD_CENTER, scanCode=28, metaState=0, flags=0x80000028, repeatCount=0, eventTime=62718, downTime=62617, deviceId=3, source=0x701 }
11-06 19:00:26.570 W/ViewRootImpl( 3367): Cancelling event due to no window focus: KeyEvent { action=ACTION_UP, keyCode=KEYCODE_DPAD_CENTER, scanCode=28, metaState=0, flags=0x80000028, repeatCount=0, eventTime=62718, downTime=62617, deviceId=3, source=0x701 }
11-06 19:00:26.573 W/ViewRootImpl( 3367): Cancelling event due to no window focus: KeyEvent { action=ACTION_UP, keyCode=KEYCODE_DPAD_CENTER, scanCode=28, metaState=0, flags=0x80000028, repeatCount=0, eventTime=62718, downTime=62617, deviceId=3, source=0x701 }
11-06 19:00:26.573 W/ViewRootImpl( 3367): Cancelling event due to no window focus: KeyEvent { action=ACTION_UP, keyCode=KEYCODE_DPAD_CENTER, scanCode=28, metaState=0, flags=0x80000028, repeatCount=0, eventTime=62718, downTime=62617, deviceId=3, source=0x701 }
11-06 19:00:26.573 W/ViewRootImpl( 3367): Cancelling event due to no window focus: KeyEvent { action=ACTION_UP, keyCode=KEYCODE_DPAD_CENTER, scanCode=28, metaState=0, flags=0x80000028, repeatCount=0, eventTime=62718, downTime=62617, deviceId=3, source=0x701 }
11-06 19:00:26.985 W/ViewRootImpl( 2494): Cancelling event due to no window focus: KeyEvent { action=ACTION_UP, keyCode=KEYCODE_DPAD_CENTER, scanCode=28, metaState=0, flags=0x28, repeatCount=0, eventTime=62684, downTime=62617, deviceId=3, source=0x701 }
11-06 19:00:26.985 W/ViewRootImpl( 2494): Cancelling event due to no window focus: KeyEvent { action=ACTION_UP, keyCode=KEYCODE_DPAD_CENTER, scanCode=28, metaState=0, flags=0x28, repeatCount=0, eventTime=62684, downTime=62617, deviceId=3, source=0x701 }
11-06 19:00:26.985 W/ViewRootImpl( 2494): Cancelling event due to no window focus: KeyEvent { action=ACTION_UP, keyCode=KEYCODE_DPAD_CENTER, scanCode=28, metaState=0, flags=0x28, repeatCount=0, eventTime=62684, downTime=62617, deviceId=3, source=0x701 }
11-06 19:00:26.986 W/ViewRootImpl( 2494): Cancelling event due to no window focus: KeyEvent { action=ACTION_UP, keyCode=KEYCODE_DPAD_CENTER, scanCode=28, metaState=0, flags=0x28, repeatCount=0, eventTime=62684, downTime=62617, deviceId=3, source=0x701 }
11-06 19:00:26.986 W/ViewRootImpl( 2494): Cancelling event due to no window focus: KeyEvent { action=ACTION_UP, keyCode=KEYCODE_DPAD_CENTER, scanCode=28, metaState=0, flags=0x28, repeatCount=0, eventTime=62684, downTime=62617, deviceId=3, source=0x701 }
11-06 19:00:26.986 W/ViewRootImpl( 2494): Cancelling event due to no window focus: KeyEvent { action=ACTION_UP, keyCode=KEYCODE_DPAD_CENTER, scanCode=28, metaState=0, flags=0x28, repeatCount=0, eventTime=62684, downTime=62617, deviceId=3, source=0x701 }
11-06 19:00:26.986 W/ViewRootImpl( 2494): Cancelling event due to no window focus: KeyEvent { action=ACTION_UP, keyCode=KEYCODE_DPAD_CENTER, scanCode=28, metaState=0, flags=0x28, repeatCount=0, eventTime=62684, downTime=62617, deviceId=3, source=0x701 }
11-06 19:00:26.986 W/ViewRootImpl( 2494): Cancelling event due to no window focus: KeyEvent { action=ACTION_UP, keyCode=KEYCODE_DPAD_CENTER, scanCode=28, metaState=0, flags=0x28, repeatCount=0, eventTime=62684, downTime=62617, deviceId=3, source=0x701 }
11-06 19:00:26.986 W/ViewRootImpl( 2494): Cancelling event due to no window focus: KeyEvent { action=ACTION_UP, keyCode=KEYCODE_DPAD_CENTER, scanCode=28, metaState=0, flags=0x28, repeatCount=0, eventTime=62684, downTime=62617, deviceId=3, source=0x701 }
11-06 19:00:27.528 W/ContextImpl( 2389): Calling a method in the system process without a qualified user: android.app.ContextImpl.sendBroadcast:1345 android.content.ContextWrapper.sendBroadcast:377 com.suma.midware.back.esg.e.f:-1 com.suma.midware.back.esg.f.run:-1 com.suma.midware.prop.util.c.run:-1 
11-06 19:00:28.530 W/ContextImpl( 2389): Calling a method in the system process without a qualified user: android.app.ContextImpl.sendBroadcast:1345 android.content.ContextWrapper.sendBroadcast:377 com.suma.midware.back.esg.e.f:-1 com.suma.midware.back.esg.f.run:-1 com.suma.midware.prop.util.c.run:-1 
11-06 19:00:30.021 I/ActivityManager( 2018): moveTaskToBack: TaskRecord{1e4e1169 #137 A=com.ipanel.android_webview.shell U=0 sz=1}
11-06 19:00:30.090 W/ContextImpl( 2494): Calling a method in the system process without a qualified user: android.app.ContextImpl.sendBroadcast:1345 android.content.ContextWrapper.sendBroadcast:377 com.suma.midware.view.ext.BluetoothUpdate.b:-1 com.suma.midware.home.third.Main3DActivity.onResume:-1 android.app.Instrumentation.callActivityOnResume:1257 
11-06 19:00:30.096 W/ContextImpl( 2494): Calling a method in the system process without a qualified user: android.app.ContextImpl.sendBroadcast:1345 android.content.ContextWrapper.sendBroadcast:377 android.app.ActivityThread.performResumeActivity:2982 android.app.ActivityThread.handleResumeActivity:3023 android.app.ActivityThread$H.handleMessage:1347 
11-06 19:00:31.235 I/ActivityManager( 2018): START u0 {act= cmp=com.ipanel.android_webview.shell/com.ipanel.webapp.BrowserActivity (has extras)} from uid 1000 on display 0
11-06 19:00:31.243 W/ContextImpl( 2494): Calling a method in the system process without a qualified user: android.app.ContextImpl.sendBroadcast:1345 android.content.ContextWrapper.sendBroadcast:377 android.app.ActivityThread.performPauseActivity:3259 android.app.ActivityThread.performPauseActivity:3225 android.app.ActivityThread.handlePauseActivity:3200 
11-06 19:00:31.532 W/ContextImpl( 2389): Calling a method in the system process without a qualified user: android.app.ContextImpl.sendBroadcast:1345 android.content.ContextWrapper.sendBroadcast:377 com.suma.midware.back.esg.e.f:-1 com.suma.midware.back.esg.f.run:-1 com.suma.midware.prop.util.c.run:-1 
11-06 19:00:32.534 W/ContextImpl( 2389): Calling a method in the system process without a qualified user: android.app.ContextImpl.sendBroadcast:1345 android.content.ContextWrapper.sendBroadcast:377 com.suma.midware.back.esg.e.f:-1 com.suma.midware.back.esg.f.run:-1 com.suma.midware.prop.util.c.run:-1 
11-06 19:00:35.537 W/ContextImpl( 2389): Calling a method in the system process without a qualified user: android.app.ContextImpl.sendBroadcast:1345 android.content.ContextWrapper.sendBroadcast:377 com.suma.midware.back.esg.e.f:-1 com.suma.midware.back.esg.f.run:-1 com.suma.midware.prop.util.c.run:-1 
11-06 19:00:36.539 W/ContextImpl( 2389): Calling a method in the system process without a qualified user: android.app.ContextImpl.sendBroadcast:1345 android.content.ContextWrapper.sendBroadcast:377 com.suma.midware.back.esg.e.f:-1 com.suma.midware.back.esg.f.run:-1 com.suma.midware.prop.util.c.run:-1 
11-06 19:00:39.542 W/ContextImpl( 2389): Calling a method in the system process without a qualified user: android.app.ContextImpl.sendBroadcast:1345 android.content.ContextWrapper.sendBroadcast:377 com.suma.midware.back.esg.e.f:-1 com.suma.midware.back.esg.f.run:-1 com.suma.midware.prop.util.c.run:-1 
11-06 19:00:40.545 W/ContextImpl( 2389): Calling a method in the system process without a qualified user: android.app.ContextImpl.sendBroadcast:1345 android.content.ContextWrapper.sendBroadcast:377 com.suma.midware.back.esg.e.f:-1 com.suma.midware.back.esg.f.run:-1 com.suma.midware.prop.util.c.run:-1 
11-06 19:00:43.548 W/ContextImpl( 2389): Calling a method in the system process without a qualified user: android.app.ContextImpl.sendBroadcast:1345 android.content.ContextWrapper.sendBroadcast:377 com.suma.midware.back.esg.e.f:-1 com.suma.midware.back.esg.f.run:-1 com.suma.midware.prop.util.c.run:-1 
11-06 19:00:44.549 W/ContextImpl( 2389): Calling a method in the system process without a qualified user: android.app.ContextImpl.sendBroadcast:1345 android.content.ContextWrapper.sendBroadcast:377 com.suma.midware.back.esg.e.f:-1 com.suma.midware.back.esg.f.run:-1 com.suma.midware.prop.util.c.run:-1 
11-06 19:00:47.551 W/ContextImpl( 2389): Calling a method in the system process without a qualified user: android.app.ContextImpl.sendBroadcast:1345 android.content.ContextWrapper.sendBroadcast:377 com.suma.midware.back.esg.e.f:-1 com.suma.midware.back.esg.f.run:-1 com.suma.midware.prop.util.c.run:-1 
11-06 19:00:48.553 W/ContextImpl( 2389): Calling a method in the system process without a qualified user: android.app.ContextImpl.sendBroadcast:1345 android.content.ContextWrapper.sendBroadcast:377 com.suma.midware.back.esg.e.f:-1 com.suma.midware.back.esg.f.run:-1 com.suma.midware.prop.util.c.run:-1 
11-06 19:00:51.557 W/ContextImpl( 2389): Calling a method in the system process without a qualified user: android.app.ContextImpl.sendBroadcast:1345 android.content.ContextWrapper.sendBroadcast:377 com.suma.midware.back.esg.e.f:-1 com.suma.midware.back.esg.f.run:-1 com.suma.midware.prop.util.c.run:-1 
11-06 19:00:52.558 W/ContextImpl( 2389): Calling a method in the system process without a qualified user: android.app.ContextImpl.sendBroadcast:1345 android.content.ContextWrapper.sendBroadcast:377 com.suma.midware.back.esg.e.f:-1 com.suma.midware.back.esg.f.run:-1 com.suma.midware.prop.util.c.run:-1 
11-06 19:00:55.561 W/ContextImpl( 2389): Calling a method in the system process without a qualified user: android.app.ContextImpl.sendBroadcast:1345 android.content.ContextWrapper.sendBroadcast:377 com.suma.midware.back.esg.e.f:-1 com.suma.midware.back.esg.f.run:-1 com.suma.midware.prop.util.c.run:-1 
11-06 19:00:56.563 W/ContextImpl( 2389): Calling a method in the system process without a qualified user: android.app.ContextImpl.sendBroadcast:1345 android.content.ContextWrapper.sendBroadcast:377 com.suma.midware.back.esg.e.f:-1 com.suma.midware.back.esg.f.run:-1 com.suma.midware.prop.util.c.run:-1 
11-06 19:01:03.717 I/ActivityManager( 2018): START u0 {act=android.intent.action.MAIN cat=[android.intent.category.HOME] flg=0x10200000 cmp=com.suma.midware.home/.third.Main3DActivity} from uid 1000 on display 0
11-06 19:01:03.731 I/ActivityManager( 2018): Force stopping com.android.browser appid=10010 user=0: from pid 2389
11-06 19:01:03.766 W/ContextImpl( 2494): Calling a method in the system process without a qualified user: android.app.ContextImpl.sendBroadcast:1345 android.content.ContextWrapper.sendBroadcast:377 com.suma.midware.view.ext.BluetoothUpdate.b:-1 com.suma.midware.home.third.Main3DActivity.onResume:-1 android.app.Instrumentation.callActivityOnResume:1257 
11-06 19:01:03.769 W/ContextImpl( 2494): Calling a method in the system process without a qualified user: android.app.ContextImpl.sendBroadcast:1345 android.content.ContextWrapper.sendBroadcast:377 android.app.ActivityThread.performResumeActivity:2982 android.app.ActivityThread.handleResumeActivity:3023 android.app.ActivityThread$H.handleMessage:1347 
11-06 19:01:09.953 I/ActivityManager( 2018): START u0 {act= cmp=com.ipanel.android_webview.shell/com.ipanel.webapp.BrowserActivity (has extras)} from uid 1000 on display 0
11-06 19:01:09.959 W/ContextImpl( 2494): Calling a method in the system process without a qualified user: android.app.ContextImpl.sendBroadcast:1345 android.content.ContextWrapper.sendBroadcast:377 android.app.ActivityThread.performPauseActivity:3259 android.app.ActivityThread.performPauseActivity:3225 android.app.ActivityThread.handlePauseActivity:3200 
11-06 19:01:36.528 I/ActivityManager( 2018): START u0 {act=android.intent.action.MAIN cat=[android.intent.category.HOME] flg=0x10200000 cmp=com.suma.midware.home/.third.Main3DActivity} from uid 1000 on display 0
11-06 19:01:36.544 I/ActivityManager( 2018): Force stopping com.android.browser appid=10010 user=0: from pid 2389
11-06 19:01:36.570 W/ContextImpl( 2494): Calling a method in the system process without a qualified user: android.app.ContextImpl.sendBroadcast:1345 android.content.ContextWrapper.sendBroadcast:377 com.suma.midware.view.ext.BluetoothUpdate.b:-1 com.suma.midware.home.third.Main3DActivity.onResume:-1 android.app.Instrumentation.callActivityOnResume:1257 
11-06 19:01:36.574 W/ContextImpl( 2494): Calling a method in the system process without a qualified user: android.app.ContextImpl.sendBroadcast:1345 android.content.ContextWrapper.sendBroadcast:377 android.app.ActivityThread.performResumeActivity:2982 android.app.ActivityThread.handleResumeActivity:3023 android.app.ActivityThread$H.handleMessage:1347 
11-06 19:01:43.387 I/ActivityManager( 2018): START u0 {act= cmp=com.ipanel.android_webview.shell/com.ipanel.webapp.BrowserActivity (has extras)} from uid 1000 on display 0
11-06 19:01:43.395 W/ContextImpl( 2494): Calling a method in the system process without a qualified user: android.app.ContextImpl.sendBroadcast:1345 android.content.ContextWrapper.sendBroadcast:377 android.app.ActivityThread.performPauseActivity:3259 android.app.ActivityThread.performPauseActivity:3225 android.app.ActivityThread.handlePauseActivity:3200 
11-06 19:01:43.976 E/RemotePrintSpooler( 2018): Error removing obsolete print jobs .
11-06 19:01:43.976 E/RemotePrintSpooler( 2018): java.util.concurrent.TimeoutException: Cannot get spooler!
11-06 19:01:43.976 E/RemotePrintSpooler( 2018): 	at com.android.server.print.RemotePrintSpooler.bindLocked(RemotePrintSpooler.java:378)
11-06 19:01:43.976 E/RemotePrintSpooler( 2018): 	at com.android.server.print.RemotePrintSpooler.getRemoteInstanceLazy(RemotePrintSpooler.java:354)
11-06 19:01:43.976 E/RemotePrintSpooler( 2018): 	at com.android.server.print.RemotePrintSpooler.removeObsoletePrintJobs(RemotePrintSpooler.java:289)
11-06 19:01:43.976 E/RemotePrintSpooler( 2018): 	at com.android.server.print.UserState.removeObsoletePrintJobs(UserState.java:165)
11-06 19:01:43.976 E/RemotePrintSpooler( 2018): 	at com.android.server.print.PrintManagerService$PrintManagerImpl$3.run(PrintManagerService.java:644)
11-06 19:01:43.976 E/RemotePrintSpooler( 2018): 	at android.os.Handler.handleCallback(Handler.java:739)
11-06 19:01:43.976 E/RemotePrintSpooler( 2018): 	at android.os.Handler.dispatchMessage(Handler.java:95)
11-06 19:01:43.976 E/RemotePrintSpooler( 2018): 	at android.os.Looper.loop(Looper.java:135)
11-06 19:01:43.976 E/RemotePrintSpooler( 2018): 	at android.os.HandlerThread.run(HandlerThread.java:61)
11-06 19:01:43.977 I/UsageStatsService( 2018): User[0] Flushing usage stats to disk
11-06 19:01:44.000 I/UsageStatsDatabase( 2018): Moving file /data/system/usagestats/0/daily/1420070400000 to /data/system/usagestats/0/daily/1509965966618
11-06 19:01:44.000 I/UsageStatsDatabase( 2018): Moving file /data/system/usagestats/0/weekly/1420070400000 to /data/system/usagestats/0/weekly/1509965966618
11-06 19:01:44.000 I/UsageStatsDatabase( 2018): Moving file /data/system/usagestats/0/monthly/1417824000000 to /data/system/usagestats/0/monthly/1507719566618
11-06 19:01:44.000 I/UsageStatsDatabase( 2018): Moving file /data/system/usagestats/0/yearly/1419120000000 to /data/system/usagestats/0/yearly/1509015566618
11-06 19:01:44.007 I/UsageStatsService( 2018): User[0] Rollover scheduled @ 2017-11-07 08:00:00(1510012800000)
11-06 19:02:58.747 I/ActivityManager( 2018): START u0 {act=android.intent.action.MAIN cat=[android.intent.category.HOME] flg=0x10200000 cmp=com.suma.midware.home/.third.Main3DActivity} from uid 1000 on display 0
11-06 19:02:58.765 I/ActivityManager( 2018): Force stopping com.android.browser appid=10010 user=0: from pid 2389
11-06 19:02:58.799 W/ContextImpl( 2494): Calling a method in the system process without a qualified user: android.app.ContextImpl.sendBroadcast:1345 android.content.ContextWrapper.sendBroadcast:377 com.suma.midware.view.ext.BluetoothUpdate.b:-1 com.suma.midware.home.third.Main3DActivity.onResume:-1 android.app.Instrumentation.callActivityOnResume:1257 
11-06 19:02:58.803 W/ContextImpl( 2494): Calling a method in the system process without a qualified user: android.app.ContextImpl.sendBroadcast:1345 android.content.ContextWrapper.sendBroadcast:377 android.app.ActivityThread.performResumeActivity:2982 android.app.ActivityThread.handleResumeActivity:3023 android.app.ActivityThread$H.handleMessage:1347 
11-06 19:03:03.711 I/ActivityManager( 2018): START u0 {act= cmp=com.ipanel.android_webview.shell/com.ipanel.webapp.BrowserActivity (has extras)} from uid 1000 on display 0
11-06 19:03:03.724 W/ContextImpl( 2494): Calling a method in the system process without a qualified user: android.app.ContextImpl.sendBroadcast:1345 android.content.ContextWrapper.sendBroadcast:377 android.app.ActivityThread.performPauseActivity:3259 android.app.ActivityThread.performPauseActivity:3225 android.app.ActivityThread.handlePauseActivity:3200 
11-06 19:04:56.010 I/ActivityManager( 2018): START u0 {act=android.intent.action.MAIN cat=[android.intent.category.HOME] flg=0x10200000 cmp=com.suma.midware.home/.third.Main3DActivity} from uid 1000 on display 0
11-06 19:04:56.028 I/ActivityManager( 2018): Force stopping com.android.browser appid=10010 user=0: from pid 2389
11-06 19:04:56.050 W/ContextImpl( 2494): Calling a method in the system process without a qualified user: android.app.ContextImpl.sendBroadcast:1345 android.content.ContextWrapper.sendBroadcast:377 com.suma.midware.view.ext.BluetoothUpdate.b:-1 com.suma.midware.home.third.Main3DActivity.onResume:-1 android.app.Instrumentation.callActivityOnResume:1257 
11-06 19:04:56.054 W/ContextImpl( 2494): Calling a method in the system process without a qualified user: android.app.ContextImpl.sendBroadcast:1345 android.content.ContextWrapper.sendBroadcast:377 android.app.ActivityThread.performResumeActivity:2982 android.app.ActivityThread.handleResumeActivity:3023 android.app.ActivityThread$H.handleMessage:1347 
11-06 19:05:03.418 I/ActivityManager( 2018): START u0 {act= cmp=com.ipanel.android_webview.shell/com.ipanel.webapp.BrowserActivity (has extras)} from uid 1000 on display 0
11-06 19:05:03.427 W/ContextImpl( 2494): Calling a method in the system process without a qualified user: android.app.ContextImpl.sendBroadcast:1345 android.content.ContextWrapper.sendBroadcast:377 android.app.ActivityThread.performPauseActivity:3259 android.app.ActivityThread.performPauseActivity:3225 android.app.ActivityThread.handlePauseActivity:3200 
11-06 19:05:27.882 I/ActivityManager( 2018): START u0 {act=android.intent.action.MAIN cat=[android.intent.category.HOME] flg=0x10200000 cmp=com.suma.midware.home/.third.Main3DActivity} from uid 1000 on display 0
11-06 19:05:27.900 I/ActivityManager( 2018): Force stopping com.android.browser appid=10010 user=0: from pid 2389
11-06 19:05:27.932 W/ContextImpl( 2494): Calling a method in the system process without a qualified user: android.app.ContextImpl.sendBroadcast:1345 android.content.ContextWrapper.sendBroadcast:377 com.suma.midware.view.ext.BluetoothUpdate.b:-1 com.suma.midware.home.third.Main3DActivity.onResume:-1 android.app.Instrumentation.callActivityOnResume:1257 
11-06 19:05:27.935 W/ContextImpl( 2494): Calling a method in the system process without a qualified user: android.app.ContextImpl.sendBroadcast:1345 android.content.ContextWrapper.sendBroadcast:377 android.app.ActivityThread.performResumeActivity:2982 android.app.ActivityThread.handleResumeActivity:3023 android.app.ActivityThread$H.handleMessage:1347 
11-06 19:05:52.767 D/ConnectivityService( 2018): ConnectivityService NetworkRequestInfo binderDied(NetworkRequest [ id=4, legacyType=-1, [ Capabilities: INTERNET&NOT_RESTRICTED&TRUSTED] ], android.os.BinderProxy@2badf9e0)
11-06 19:05:52.767 I/WindowState( 2018): WIN DEATH: Window{20e32cbb u0 SurfaceView}
11-06 19:05:52.767 D/ConnectivityService( 2018): releasing NetworkRequest NetworkRequest [ id=4, legacyType=-1, [ Capabilities: INTERNET&NOT_RESTRICTED&TRUSTED] ]
11-06 19:05:52.769 I/ActivityManager( 2018): Process com.ipanel.android_webview.shell (pid 3367) has died
11-06 19:05:52.773 E/ConnectivityService( 2018): RemoteException caught trying to send a callback msg for NetworkRequest [ id=4, legacyType=-1, [ Capabilities: INTERNET&NOT_RESTRICTED&TRUSTED] ]
11-06 19:05:52.773 I/WindowState( 2018): WIN DEATH: Window{3e47ed31 u0 SurfaceView}
11-06 19:05:52.774 I/WindowState( 2018): WIN DEATH: Window{237e33e u0 com.ipanel.android_webview.shell/com.ipanel.webapp.BrowserActivity}
11-06 19:06:44.490 I/ActivityManager( 2018): START u0 {act= cmp=com.ipanel.android_webview.shell/com.ipanel.webapp.BrowserActivity (has extras)} from uid 1000 on display 0
11-06 19:06:44.500 W/ContextImpl( 2494): Calling a method in the system process without a qualified user: android.app.ContextImpl.sendBroadcast:1345 android.content.ContextWrapper.sendBroadcast:377 android.app.ActivityThread.performPauseActivity:3259 android.app.ActivityThread.performPauseActivity:3225 android.app.ActivityThread.handlePauseActivity:3200 
11-06 19:06:44.505 V/WindowManager( 2018): Adding window Window{ee6533f u0 Starting com.ipanel.android_webview.shell} at 4 of 9 (after Window{19618c0b u0 com.suma.midware.home/com.suma.midware.home.third.Main3DActivity})
11-06 19:06:44.537 I/ActivityManager( 2018): Start proc 3835:com.ipanel.android_webview.shell/u0a26 for activity com.ipanel.android_webview.shell/com.ipanel.webapp.BrowserActivity
11-06 19:06:44.920 V/WindowManager( 2018): Adding window Window{2a65ac7d u0 com.ipanel.android_webview.shell/com.ipanel.webapp.BrowserActivity} at 4 of 10 (before Window{ee6533f u0 Starting com.ipanel.android_webview.shell})
11-06 19:06:44.943 D/ConnectivityService( 2018): listenForNetwork for NetworkRequest [ id=5, legacyType=-1, [ Capabilities: INTERNET&NOT_RESTRICTED&TRUSTED] ]
11-06 19:06:44.943 D/ConnectivityService( 2018): handleRegisterNetworkRequest checking NetworkAgentInfo [WIFI () - 100]
11-06 19:06:44.943 D/ConnectivityService( 2018): apparently satisfied.  currentScore=60
11-06 19:06:45.023 V/WindowManager( 2018): Adding window Window{3a04d8be u0 SurfaceView} at 4 of 11 (before Window{2a65ac7d u0 com.ipanel.android_webview.shell/com.ipanel.webapp.BrowserActivity})
11-06 19:06:45.158 V/WindowManager( 2018): Adding window Window{2e77486c u0 SurfaceView} at 5 of 12 (before Window{2a65ac7d u0 com.ipanel.android_webview.shell/com.ipanel.webapp.BrowserActivity})
11-06 19:06:45.257 W/ViewRootImpl( 3835): Cancelling event due to no window focus: KeyEvent { action=ACTION_UP, keyCode=KEYCODE_DPAD_CENTER, scanCode=28, metaState=0, flags=0x80000028, repeatCount=0, eventTime=441390, downTime=441180, deviceId=3, source=0x701 }
11-06 19:06:45.257 W/ViewRootImpl( 3835): Cancelling event due to no window focus: KeyEvent { action=ACTION_UP, keyCode=KEYCODE_DPAD_CENTER, scanCode=28, metaState=0, flags=0x80000028, repeatCount=0, eventTime=441390, downTime=441180, deviceId=3, source=0x701 }
11-06 19:06:45.257 W/ViewRootImpl( 3835): Cancelling event due to no window focus: KeyEvent { action=ACTION_UP, keyCode=KEYCODE_DPAD_CENTER, scanCode=28, metaState=0, flags=0x80000028, repeatCount=0, eventTime=441390, downTime=441180, deviceId=3, source=0x701 }
11-06 19:06:45.257 W/ViewRootImpl( 3835): Cancelling event due to no window focus: KeyEvent { action=ACTION_UP, keyCode=KEYCODE_DPAD_CENTER, scanCode=28, metaState=0, flags=0x80000028, repeatCount=0, eventTime=441390, downTime=441180, deviceId=3, source=0x701 }
11-06 19:06:45.257 W/ViewRootImpl( 3835): Cancelling event due to no window focus: KeyEvent { action=ACTION_UP, keyCode=KEYCODE_DPAD_CENTER, scanCode=28, metaState=0, flags=0x80000028, repeatCount=0, eventTime=441390, downTime=441180, deviceId=3, source=0x701 }
11-06 19:06:45.257 W/ViewRootImpl( 3835): Cancelling event due to no window focus: KeyEvent { action=ACTION_UP, keyCode=KEYCODE_DPAD_CENTER, scanCode=28, metaState=0, flags=0x80000028, repeatCount=0, eventTime=441390, downTime=441180, deviceId=3, source=0x701 }
11-06 19:06:45.259 W/ViewRootImpl( 3835): Cancelling event due to no window focus: KeyEvent { action=ACTION_UP, keyCode=KEYCODE_DPAD_CENTER, scanCode=28, metaState=0, flags=0x80000028, repeatCount=0, eventTime=441390, downTime=441180, deviceId=3, source=0x701 }
11-06 19:06:45.259 W/ViewRootImpl( 3835): Cancelling event due to no window focus: KeyEvent { action=ACTION_UP, keyCode=KEYCODE_DPAD_CENTER, scanCode=28, metaState=0, flags=0x80000028, repeatCount=0, eventTime=441390, downTime=441180, deviceId=3, source=0x701 }
11-06 19:06:45.259 W/ViewRootImpl( 3835): Cancelling event due to no window focus: KeyEvent { action=ACTION_UP, keyCode=KEYCODE_DPAD_CENTER, scanCode=28, metaState=0, flags=0x80000028, repeatCount=0, eventTime=441390, downTime=441180, deviceId=3, source=0x701 }
11-06 19:06:45.622 W/ViewRootImpl( 2494): Cancelling event due to no window focus: KeyEvent { action=ACTION_UP, keyCode=KEYCODE_DPAD_CENTER, scanCode=28, metaState=0, flags=0x28, repeatCount=0, eventTime=441252, downTime=441180, deviceId=3, source=0x701 }
11-06 19:06:45.622 W/ViewRootImpl( 2494): Cancelling event due to no window focus: KeyEvent { action=ACTION_UP, keyCode=KEYCODE_DPAD_CENTER, scanCode=28, metaState=0, flags=0x28, repeatCount=0, eventTime=441252, downTime=441180, deviceId=3, source=0x701 }
11-06 19:06:45.622 W/ViewRootImpl( 2494): Cancelling event due to no window focus: KeyEvent { action=ACTION_UP, keyCode=KEYCODE_DPAD_CENTER, scanCode=28, metaState=0, flags=0x28, repeatCount=0, eventTime=441252, downTime=441180, deviceId=3, source=0x701 }
11-06 19:06:45.623 W/ViewRootImpl( 2494): Cancelling event due to no window focus: KeyEvent { action=ACTION_UP, keyCode=KEYCODE_DPAD_CENTER, scanCode=28, metaState=0, flags=0x28, repeatCount=0, eventTime=441252, downTime=441180, deviceId=3, source=0x701 }
11-06 19:06:45.623 W/ViewRootImpl( 2494): Cancelling event due to no window focus: KeyEvent { action=ACTION_UP, keyCode=KEYCODE_DPAD_CENTER, scanCode=28, metaState=0, flags=0x28, repeatCount=0, eventTime=441252, downTime=441180, deviceId=3, source=0x701 }
11-06 19:06:45.623 W/ViewRootImpl( 2494): Cancelling event due to no window focus: KeyEvent { action=ACTION_UP, keyCode=KEYCODE_DPAD_CENTER, scanCode=28, metaState=0, flags=0x28, repeatCount=0, eventTime=441252, downTime=441180, deviceId=3, source=0x701 }
11-06 19:06:45.623 W/ViewRootImpl( 2494): Cancelling event due to no window focus: KeyEvent { action=ACTION_UP, keyCode=KEYCODE_DPAD_CENTER, scanCode=28, metaState=0, flags=0x28, repeatCount=0, eventTime=441252, downTime=441180, deviceId=3, source=0x701 }
11-06 19:06:45.623 W/ViewRootImpl( 2494): Cancelling event due to no window focus: KeyEvent { action=ACTION_UP, keyCode=KEYCODE_DPAD_CENTER, scanCode=28, metaState=0, flags=0x28, repeatCount=0, eventTime=441252, downTime=441180, deviceId=3, source=0x701 }
11-06 19:06:45.623 W/ViewRootImpl( 2494): Cancelling event due to no window focus: KeyEvent { action=ACTION_UP, keyCode=KEYCODE_DPAD_CENTER, scanCode=28, metaState=0, flags=0x28, repeatCount=0, eventTime=441252, downTime=441180, deviceId=3, source=0x701 }
11-06 19:07:26.272 I/ActivityManager( 2018): START u0 {act=android.intent.action.MAIN cat=[android.intent.category.HOME] flg=0x10200000 cmp=com.suma.midware.home/.third.Main3DActivity} from uid 1000 on display 0
11-06 19:07:26.289 I/ActivityManager( 2018): Force stopping com.android.browser appid=10010 user=0: from pid 2389
11-06 19:07:26.322 W/ContextImpl( 2494): Calling a method in the system process without a qualified user: android.app.ContextImpl.sendBroadcast:1345 android.content.ContextWrapper.sendBroadcast:377 com.suma.midware.view.ext.BluetoothUpdate.b:-1 com.suma.midware.home.third.Main3DActivity.onResume:-1 android.app.Instrumentation.callActivityOnResume:1257 
11-06 19:07:26.325 W/ContextImpl( 2494): Calling a method in the system process without a qualified user: android.app.ContextImpl.sendBroadcast:1345 android.content.ContextWrapper.sendBroadcast:377 android.app.ActivityThread.performResumeActivity:2982 android.app.ActivityThread.handleResumeActivity:3023 android.app.ActivityThread$H.handleMessage:1347 
11-06 19:07:31.503 I/ActivityManager( 2018): START u0 {act= cmp=com.ipanel.android_webview.shell/com.ipanel.webapp.BrowserActivity (has extras)} from uid 1000 on display 0
11-06 19:07:31.510 W/ContextImpl( 2494): Calling a method in the system process without a qualified user: android.app.ContextImpl.sendBroadcast:1345 android.content.ContextWrapper.sendBroadcast:377 android.app.ActivityThread.performPauseActivity:3259 android.app.ActivityThread.performPauseActivity:3225 android.app.ActivityThread.handlePauseActivity:3200 
11-06 19:08:05.951 I/ActivityManager( 2018): START u0 {act=android.intent.action.MAIN cat=[android.intent.category.HOME] flg=0x10200000 cmp=com.suma.midware.home/.third.Main3DActivity} from uid 1000 on display 0
11-06 19:08:05.966 I/ActivityManager( 2018): Force stopping com.android.browser appid=10010 user=0: from pid 2389
11-06 19:08:05.986 W/ContextImpl( 2494): Calling a method in the system process without a qualified user: android.app.ContextImpl.sendBroadcast:1345 android.content.ContextWrapper.sendBroadcast:377 com.suma.midware.view.ext.BluetoothUpdate.b:-1 com.suma.midware.home.third.Main3DActivity.onResume:-1 android.app.Instrumentation.callActivityOnResume:1257 
11-06 19:08:05.990 W/ContextImpl( 2494): Calling a method in the system process without a qualified user: android.app.ContextImpl.sendBroadcast:1345 android.content.ContextWrapper.sendBroadcast:377 android.app.ActivityThread.performResumeActivity:2982 android.app.ActivityThread.handleResumeActivity:3023 android.app.ActivityThread$H.handleMessage:1347 
