11-06 19:07:04.151 D/KeyEventNgbDealer( 2458): [TN_pool-1-thread-1]handleKeyPressed keyEvent=NgbEvent-[type = 1, subtype = 401, code = 37],time=460848
11-06 19:07:04.151 D/RemoteIME( 2329): onKeyDown event = KeyEvent { action=ACTION_DOWN, keyCode=KEYCODE_DPAD_LEFT, scanCode=105, metaState=0, flags=0x8, repeatCount=0, eventTime=460847, downTime=460847, deviceId=3, source=0x701 },mSkbContainer=null
11-06 19:07:04.153 D/cr_AwTestContainerView( 3835): [AwTestContainerView.java:63] [mainFrame]: [unknown] dispatchKeyEvent keyCode = 21 event = KeyEvent { action=ACTION_DOWN, keyCode=KEYCODE_DPAD_LEFT, scanCode=105, metaState=0, flags=0x8, repeatCount=0, eventTime=460847, downTime=460847, deviceId=3, source=0x701 }
11-06 19:07:04.153 D/ImeAdapterAndroid( 3835): [SendKeyEvent] [BUILD TIME: ] dispatchKeyEvent key_code=21 modifiers=0 unicode_char=0 scan_code=105 is_system=0 tm=460847
11-06 19:07:04.154 D/RenderWidgetInputHandler( 3835): [HandleInputEvent] input_event type=8 name=KeyDown
11-06 19:07:04.154 D/RenderWidgetInputHandler( 3835): [HandleInputEvent] input_event type=8 prevent_default:0
11-06 19:07:04.154 D/WebViewImpl( 3835): [handleKeyEvent] keycode:37, eventType:8 native keycode:21 frame=0x4d129d58. url='http://10.14.30.222:8889/appcms4.0/app/tv/newklq/xwjj/klqzs/content.htm?listPos=undefined'.
11-06 19:07:04.154 D/[blink]KeyboardEventManager( 3835): [keyEvent] initialKeyEvent KeyDown nativeKeyCode=21 windowsKeyCode=37 text[0]=0
11-06 19:07:04.154 D/[blink]KeyboardEventManager( 3835): [keyEvent] initialKeyEvent focusedNode=0x0
11-06 19:07:04.155 D/V8ScriptRunner( 3835): [callFunction] start. frame = 0x4d129d58 function: document.onkeydown url: http://10.14.30.222:8889/appcms4.0/app/tv/newklq/xwjj/klqzs/js/keyevent.js line: 22
11-06 19:07:04.155 D/base::KeyConverter( 3835): [get] convert 21 => -1.
11-06 19:07:04.155 D/ChromeClientImpl( 3835): [addMessageToConsole] [LOG:CONSOLE(11)] "index keycode=KEY_LEFT", source:http://10.14.30.222:8889/appcms4.0/app/tv/newklq/xwjj/klqzs/js/common.js (11)
11-06 19:07:04.155 D/V8ScriptRunner( 3835): [callFunction] end. frame = 0x4d129d58 function: document.onkeydown url: http://10.14.30.222:8889/appcms4.0/app/tv/newklq/xwjj/klqzs/js/keyevent.js line: 22
11-06 19:07:04.155 D/[blink]KeyboardEventManager( 3835): [keyEvent] dispatchResult = CanceledByEventHandler
11-06 19:07:04.203 D/[blink]DOMTimer( 3835): [fired] 0x524c9218 timeout fired.
11-06 19:07:04.203 D/ScriptController( 3835): [executeScriptAndReturnValue] [V8] evaluate Script start. frame=0x4d121a48 url= line=1. source length=22
11-06 19:07:04.203 D/iPanel  ( 3835): iPanel.debug("checkOverlayCreated")
11-06 19:07:04.203 D/[blink]DOMTimer( 3835): [DOMTimer] 0x524c9288 setTimeout 300ms, repeat:0.
11-06 19:07:04.203 D/ScriptController( 3835): [executeScriptAndReturnValue] [V8] evaluate Script end. frame=0x4d121a48 
11-06 19:07:04.338 D/BackBootDealerNeimeng( 2389): standbyState:
11-06 19:07:04.339 E/NetUtils( 2018): Interface eth0 LinkDown!
11-06 19:07:04.361 D/ir_user ( 1587): PlayerTimeLineTrace:linux_keycode:0x69(UP),	protocol: .
11-06 19:07:04.361 V/PT      ( 1583): >>INFO:irkey_task:[     461.058659] /dev/input/event0: type=0001 code=0069 val=00000000
11-06 19:07:04.361 V/PT      ( 1583): >>INFO:irkey_send:0x3001 0x0025 up  
11-06 19:07:04.361 V/SUMA    ( 1583): ++++++++++++++  _roc_evtmgr_key_cbk 517:input = 12289, event=37, act=0x400
11-06 19:07:04.361 V/SUMA    ( 1583): lxm:_roc_evtmgr_key_cbk 519 461059
11-06 19:07:04.361 V/SUMA    ( 1583): lxm:_roc_evtmgr_add_key_into_queue 311 461059
11-06 19:07:04.361 V/PT      ( 1583): >>INFO:irkey_task:[     461.058659] /dev/input/event0: type=0000 code=0000 val=00000000
11-06 19:07:04.361 V/SUMA    ( 1583): ===================>> type=0 src=0 evt=37 act=0x400
11-06 19:07:04.361 V/SUMA    ( 1583): [sysset-s][event_manager_cbk 78]lxm cbid=1, cbk_reg=1, cpid=2458
11-06 19:07:04.361 D/NGBEvent( 2458): ngbEventCallBack type:0 source :37
11-06 19:07:04.362 D/NGBEvent( 2458): [NGBEventManager-JNI]-returning:1
11-06 19:07:04.362 D/NGBEvent( 2458): Input key event: keyCode=37
11-06 19:07:04.362 D/NGBEvent( 2458): src:37 = dest:37
11-06 19:07:04.362 I/System.out( 2458): [DEBUG EventManager] LWJ--Add event to java with evt=NgbEvent-[type = 1, subtype = 402, code = 37]
11-06 19:07:04.362 D/NGBEvent( 2458): [NGBEvent_log]--[EventManager--JNI]:		start
11-06 19:07:04.362 I/System.out( 2458): [DEBUG EventManager] broadcastEvent  :len 1
11-06 19:07:04.362 D/RemoteIME( 2329): RemoteIME--> onKeyUp keyCode = 21
11-06 19:07:04.362 D/KeyEventNgbDealer( 2458): [TN_pool-1-thread-1]handleKeyReleased keyEvent=NgbEvent-[type = 1, subtype = 402, code = 37],time=461060
11-06 19:07:04.364 D/cr_AwTestContainerView( 3835): [AwTestContainerView.java:63] [mainFrame]: [unknown] dispatchKeyEvent keyCode = 21 event = KeyEvent { action=ACTION_UP, keyCode=KEYCODE_DPAD_LEFT, scanCode=105, metaState=0, flags=0x8, repeatCount=0, eventTime=461058, downTime=460847, deviceId=3, source=0x701 }
11-06 19:07:04.364 D/ImeAdapterAndroid( 3835): [SendKeyEvent] [BUILD TIME: ] dispatchKeyEvent key_code=21 modifiers=0 unicode_char=0 scan_code=105 is_system=0 tm=461058
11-06 19:07:04.365 D/RenderWidgetInputHandler( 3835): [HandleInputEvent] input_event type=9 name=KeyUp
11-06 19:07:04.365 D/RenderWidgetInputHandler( 3835): [HandleInputEvent] input_event type=9 prevent_default:0
11-06 19:07:04.365 D/WebViewImpl( 3835): [handleKeyEvent] keycode:37, eventType:9 native keycode:21 frame=0x4d129d58. url='http://10.14.30.222:8889/appcms4.0/app/tv/newklq/xwjj/klqzs/content.htm?listPos=undefined'.
11-06 19:07:04.365 D/[blink]KeyboardEventManager( 3835): [keyEvent] initialKeyEvent KeyUp nativeKeyCode=21 windowsKeyCode=37 text[0]=0
11-06 19:07:04.365 D/[blink]KeyboardEventManager( 3835): [keyEvent] initialKeyEvent focusedNode=0x0
11-06 19:07:04.391 I/Advanced( 3835): [QUEUE] share_queue_sendEx size:1 4097 97 0x8f155f48,postLoopId:0,dstid:1.
11-06 19:07:04.415 D/ir_user ( 1587): PlayerTimeLineTrace:linux_keycode:0x69(DOWN),	protocol: .
11-06 19:07:04.415 V/PT      ( 1583): >>INFO:irkey_task:[     461.112929] /dev/input/event0: type=0001 code=0069 val=00000001
11-06 19:07:04.415 V/PT      ( 1583): >>INFO:irkey_send:0x3001 0x0025 down
11-06 19:07:04.415 V/SUMA    ( 1583): ++++++++++++++  _roc_evtmgr_key_cbk 517:input = 12289, event=37, act=0x100
11-06 19:07:04.415 V/SUMA    ( 1583): lxm:_roc_evtmgr_key_cbk 519 461113
11-06 19:07:04.415 V/SUMA    ( 1583): lxm:_roc_evtmgr_add_evt_into_queue 347 461113
11-06 19:07:04.415 V/PT      ( 1583): >>INFO:irkey_task:[     461.112929] /dev/input/event0: type=0000 code=0000 val=00000000
11-06 19:07:04.415 V/SUMA    ( 1583): ===================>> type=0 src=0 evt=37 act=0x100
11-06 19:07:04.415 V/SUMA    ( 1583): [sysset-s][event_manager_cbk 78]lxm cbid=1, cbk_reg=1, cpid=2458
11-06 19:07:04.415 D/NGBEvent( 2458): ngbEventCallBack type:0 source :37
11-06 19:07:04.415 D/NGBEvent( 2458): [NGBEventManager-JNI]-returning:1
11-06 19:07:04.415 D/NGBEvent( 2458): Input key event: keyCode=37
11-06 19:07:04.415 D/NGBEvent( 2458): src:37 = dest:37
11-06 19:07:04.415 I/System.out( 2458): [DEBUG EventManager] LWJ--Add event to java with evt=NgbEvent-[type = 1, subtype = 401, code = 37]
11-06 19:07:04.415 D/NGBEvent( 2458): [NGBEvent_log]--[EventManager--JNI]:		start
11-06 19:07:04.415 I/System.out( 2458): [DEBUG EventManager] broadcastEvent  :len 1
11-06 19:07:04.415 D/CombineKeyUtil( 2458): [TN_pool-1-thread-1]dealKeyEvent,combineIndex:-1:keyCode:21
11-06 19:07:04.415 D/KeyEventNgbDealer( 2458): [TN_pool-1-thread-1]handleKeyPressed keyEvent=NgbEvent-[type = 1, subtype = 401, code = 37],time=461113
11-06 19:07:04.416 D/RemoteIME( 2329): onKeyDown event = KeyEvent { action=ACTION_DOWN, keyCode=KEYCODE_DPAD_LEFT, scanCode=105, metaState=0, flags=0x8, repeatCount=0, eventTime=461112, downTime=461112, deviceId=3, source=0x701 },mSkbContainer=null
11-06 19:07:04.416 D/cr_AwTestContainerView( 3835): [AwTestContainerView.java:63] [mainFrame]: [unknown] dispatchKeyEvent keyCode = 21 event = KeyEvent { action=ACTION_DOWN, keyCode=KEYCODE_DPAD_LEFT, scanCode=105, metaState=0, flags=0x8, repeatCount=0, eventTime=461112, downTime=461112, deviceId=3, source=0x701 }
11-06 19:07:04.416 D/ImeAdapterAndroid( 3835): [SendKeyEvent] [BUILD TIME: ] dispatchKeyEvent key_code=21 modifiers=0 unicode_char=0 scan_code=105 is_system=0 tm=461112
11-06 19:07:04.417 D/RenderWidgetInputHandler( 3835): [HandleInputEvent] input_event type=8 name=KeyDown
11-06 19:07:04.417 D/RenderWidgetInputHandler( 3835): [HandleInputEvent] input_event type=8 prevent_default:0
11-06 19:07:04.417 D/WebViewImpl( 3835): [handleKeyEvent] keycode:37, eventType:8 native keycode:21 frame=0x4d129d58. url='http://10.14.30.222:8889/appcms4.0/app/tv/newklq/xwjj/klqzs/content.htm?listPos=undefined'.
11-06 19:07:04.417 D/[blink]KeyboardEventManager( 3835): [keyEvent] initialKeyEvent KeyDown nativeKeyCode=21 windowsKeyCode=37 text[0]=0
11-06 19:07:04.417 D/[blink]KeyboardEventManager( 3835): [keyEvent] initialKeyEvent focusedNode=0x0
11-06 19:07:04.417 D/V8ScriptRunner( 3835): [callFunction] start. frame = 0x4d129d58 function: document.onkeydown url: http://10.14.30.222:8889/appcms4.0/app/tv/newklq/xwjj/klqzs/js/keyevent.js line: 22
11-06 19:07:04.417 D/base::KeyConverter( 3835): [get] convert 21 => -1.
11-06 19:07:04.417 D/ChromeClientImpl( 3835): [addMessageToConsole] [LOG:CONSOLE(11)] "index keycode=KEY_LEFT", source:http://10.14.30.222:8889/appcms4.0/app/tv/newklq/xwjj/klqzs/js/common.js (11)
11-06 19:07:04.417 D/V8ScriptRunner( 3835): [callFunction] end. frame = 0x4d129d58 function: document.onkeydown url: http://10.14.30.222:8889/appcms4.0/app/tv/newklq/xwjj/klqzs/js/keyevent.js line: 22
11-06 19:07:04.417 D/[blink]KeyboardEventManager( 3835): [keyEvent] dispatchResult = CanceledByEventHandler
11-06 19:07:04.503 D/[blink]DOMTimer( 3835): [fired] 0x524c9288 timeout fired.
11-06 19:07:04.503 D/ScriptController( 3835): [executeScriptAndReturnValue] [V8] evaluate Script start. frame=0x4d121a48 url= line=1. source length=22
11-06 19:07:04.503 D/iPanel  ( 3835): iPanel.debug("checkOverlayCreated")
11-06 19:07:04.504 D/[blink]DOMTimer( 3835): [DOMTimer] 0x524c92f8 setTimeout 300ms, repeat:0.
11-06 19:07:04.504 D/ScriptController( 3835): [executeScriptAndReturnValue] [V8] evaluate Script end. frame=0x4d121a48 
11-06 19:07:04.592 I/Advanced( 3835): [QUEUE] share_queue_sendEx size:1 4097 98 0x8f155f48,postLoopId:0,dstid:1.
11-06 19:07:04.624 D/ir_user ( 1587): PlayerTimeLineTrace:linux_keycode:0x69(UP),	protocol: .
11-06 19:07:04.624 V/PT      ( 1583): >>INFO:irkey_task:[     461.322356] /dev/input/event0: type=0001 code=0069 val=00000000
11-06 19:07:04.624 V/PT      ( 1583): >>INFO:irkey_send:0x3001 0x0025 up  
11-06 19:07:04.624 V/SUMA    ( 1583): ++++++++++++++  _roc_evtmgr_key_cbk 517:input = 12289, event=37, act=0x400
11-06 19:07:04.625 V/SUMA    ( 1583): lxm:_roc_evtmgr_key_cbk 519 461322
11-06 19:07:04.625 V/SUMA    ( 1583): lxm:_roc_evtmgr_add_key_into_queue 311 461322
11-06 19:07:04.625 V/PT      ( 1583): >>INFO:irkey_task:[     461.322356] /dev/input/event0: type=0000 code=0000 val=00000000
11-06 19:07:04.625 V/SUMA    ( 1583): ===================>> type=0 src=0 evt=37 act=0x400
11-06 19:07:04.625 V/SUMA    ( 1583): [sysset-s][event_manager_cbk 78]lxm cbid=1, cbk_reg=1, cpid=2458
11-06 19:07:04.625 D/NGBEvent( 2458): ngbEventCallBack type:0 source :37
11-06 19:07:04.625 D/NGBEvent( 2458): [NGBEventManager-JNI]-returning:1
11-06 19:07:04.625 D/NGBEvent( 2458): Input key event: keyCode=37
11-06 19:07:04.625 D/NGBEvent( 2458): src:37 = dest:37
11-06 19:07:04.625 I/System.out( 2458): [DEBUG EventManager] LWJ--Add event to java with evt=NgbEvent-[type = 1, subtype = 402, code = 37]
11-06 19:07:04.626 D/NGBEvent( 2458): [NGBEvent_log]--[EventManager--JNI]:		start
11-06 19:07:04.626 D/RemoteIME( 2329): RemoteIME--> onKeyUp keyCode = 21
11-06 19:07:04.626 I/System.out( 2458): [DEBUG EventManager] broadcastEvent  :len 1
11-06 19:07:04.626 D/KeyEventNgbDealer( 2458): [TN_pool-1-thread-1]handleKeyReleased keyEvent=NgbEvent-[type = 1, subtype = 402, code = 37],time=461324
11-06 19:07:04.628 D/cr_AwTestContainerView( 3835): [AwTestContainerView.java:63] [mainFrame]: [unknown] dispatchKeyEvent keyCode = 21 event = KeyEvent { action=ACTION_UP, keyCode=KEYCODE_DPAD_LEFT, scanCode=105, metaState=0, flags=0x8, repeatCount=0, eventTime=461322, downTime=461112, deviceId=3, source=0x701 }
11-06 19:07:04.628 D/ImeAdapterAndroid( 3835): [SendKeyEvent] [BUILD TIME: ] dispatchKeyEvent key_code=21 modifiers=0 unicode_char=0 scan_code=105 is_system=0 tm=461322
11-06 19:07:04.629 D/RenderWidgetInputHandler( 3835): [HandleInputEvent] input_event type=9 name=KeyUp
11-06 19:07:04.629 D/RenderWidgetInputHandler( 3835): [HandleInputEvent] input_event type=9 prevent_default:0
11-06 19:07:04.629 D/WebViewImpl( 3835): [handleKeyEvent] keycode:37, eventType:9 native keycode:21 frame=0x4d129d58. url='http://10.14.30.222:8889/appcms4.0/app/tv/newklq/xwjj/klqzs/content.htm?listPos=undefined'.
11-06 19:07:04.629 D/[blink]KeyboardEventManager( 3835): [keyEvent] initialKeyEvent KeyUp nativeKeyCode=21 windowsKeyCode=37 text[0]=0
11-06 19:07:04.629 D/[blink]KeyboardEventManager( 3835): [keyEvent] initialKeyEvent focusedNode=0x0
11-06 19:07:04.804 D/[blink]DOMTimer( 3835): [fired] 0x524c92f8 timeout fired.
11-06 19:07:04.804 D/ScriptController( 3835): [executeScriptAndReturnValue] [V8] evaluate Script start. frame=0x4d121a48 url= line=1. source length=22
11-06 19:07:04.804 D/iPanel  ( 3835): iPanel.debug("checkOverlayCreated")
11-06 19:07:04.804 D/[blink]DOMTimer( 3835): [DOMTimer] 0x524c9368 setTimeout 300ms, repeat:0.
11-06 19:07:04.804 D/ScriptController( 3835): [executeScriptAndReturnValue] [V8] evaluate Script end. frame=0x4d121a48 
11-06 19:07:04.828 E/hcdn_upload( 3008): HCDN_LOG: [2017/11/06-19:07:04:828]:Update uload speed 1 kbps ,real:0 kbps,qsize:0,maxsize:12,timeout_speed:0 kbps 
11-06 19:07:04.840 D/BackBootDealerNeimeng( 2389): standbyState:
11-06 19:07:04.841 E/NetUtils( 2018): Interface eth0 LinkDown!
11-06 19:07:04.893 I/AdvancedPorting-PORT_MODULE_NET( 3835): network_task while... 
11-06 19:07:04.893 I/AdvancedPorting-PORT_MODULE_NET( 3835): 0 interface name: lo
11-06 19:07:04.893 I/AdvancedPorting-PORT_MODULE_NET( 3835): 1 interface name: wlan0
11-06 19:07:04.893 I/AdvancedPorting-PORT_MODULE_NET( 3835): First interface name: lo
11-06 19:07:04.893 I/AdvancedPorting-PORT_MODULE_NET( 3835): network_task while...  net_i:1
11-06 19:07:04.893 I/AdvancedPorting-PORT_MODULE_NET( 3835): network_task while---name_interface[0]=lo
11-06 19:07:04.893 I/AdvancedPorting-PORT_MODULE_NET( 3835): network_task while---name_interface[1]=wlan0
11-06 19:07:04.893 I/AdvancedPorting-PORT_MODULE_NET( 3835): network_task while---interface_name=wlan0
11-06 19:07:04.893 I/AdvancedPorting-PORT_MODULE_NET( 3835): network_get_netlink_status(in)--if_name=wlan0
11-06 19:07:04.893 I/AdvancedPorting-PORT_MODULE_NET( 3835): net.network.isconnected = no
11-06 19:07:04.893 I/AdvancedPorting-PORT_MODULE_NET( 3835): wlan0 --network_get_netlink_status return retval=1
11-06 19:07:04.893 I/AdvancedPorting-PORT_MODULE_NET( 3835): stat = 1 last_status = 1
11-06 19:07:05.001 I/Advanced( 3835): [QUEUE] share_queue_sendEx size:1 4097 100 0x8f155f48,postLoopId:0,dstid:1.
11-06 19:07:05.005 D/ir_user ( 1587): PlayerTimeLineTrace:linux_keycode:0x6c(DOWN),	protocol: .
11-06 19:07:05.006 V/PT      ( 1583): >>INFO:irkey_task:[     461.703595] /dev/input/event0: type=0001 code=006c val=00000001
11-06 19:07:05.006 V/PT      ( 1583): >>INFO:irkey_send:0x3001 0x0028 down
11-06 19:07:05.006 V/SUMA    ( 1583): ++++++++++++++  _roc_evtmgr_key_cbk 517:input = 12289, event=40, act=0x100
11-06 19:07:05.006 V/SUMA    ( 1583): lxm:_roc_evtmgr_key_cbk 519 461703
11-06 19:07:05.006 V/SUMA    ( 1583): lxm:_roc_evtmgr_add_evt_into_queue 347 461704
11-06 19:07:05.006 V/PT      ( 1583): >>INFO:irkey_task:[     461.703595] /dev/input/event0: type=0000 code=0000 val=00000000
11-06 19:07:05.006 V/SUMA    ( 1583): ===================>> type=0 src=0 evt=40 act=0x100
11-06 19:07:05.006 V/SUMA    ( 1583): [sysset-s][event_manager_cbk 78]lxm cbid=1, cbk_reg=1, cpid=2458
11-06 19:07:05.006 D/NGBEvent( 2458): ngbEventCallBack type:0 source :40
11-06 19:07:05.006 D/NGBEvent( 2458): [NGBEventManager-JNI]-returning:1
11-06 19:07:05.007 D/NGBEvent( 2458): Input key event: keyCode=40
11-06 19:07:05.007 D/NGBEvent( 2458): src:40 = dest:40
11-06 19:07:05.007 I/System.out( 2458): [DEBUG EventManager] LWJ--Add event to java with evt=NgbEvent-[type = 1, subtype = 401, code = 40]
11-06 19:07:05.007 D/NGBEvent( 2458): [NGBEvent_log]--[EventManager--JNI]:		start
11-06 19:07:05.007 I/System.out( 2458): [DEBUG EventManager] broadcastEvent  :len 1
11-06 19:07:05.007 D/CombineKeyUtil( 2458): [TN_pool-1-thread-1]dealKeyEvent,combineIndex:-1:keyCode:20
11-06 19:07:05.007 D/KeyEventNgbDealer( 2458): [TN_pool-1-thread-1]handleKeyPressed keyEvent=NgbEvent-[type = 1, subtype = 401, code = 40],time=461705
11-06 19:07:05.008 D/RemoteIME( 2329): onKeyDown event = KeyEvent { action=ACTION_DOWN, keyCode=KEYCODE_DPAD_DOWN, scanCode=108, metaState=0, flags=0x8, repeatCount=0, eventTime=461703, downTime=461703, deviceId=3, source=0x701 },mSkbContainer=null
11-06 19:07:05.009 D/cr_AwTestContainerView( 3835): [AwTestContainerView.java:63] [mainFrame]: [unknown] dispatchKeyEvent keyCode = 20 event = KeyEvent { action=ACTION_DOWN, keyCode=KEYCODE_DPAD_DOWN, scanCode=108, metaState=0, flags=0x8, repeatCount=0, eventTime=461703, downTime=461703, deviceId=3, source=0x701 }
11-06 19:07:05.010 D/ImeAdapterAndroid( 3835): [SendKeyEvent] [BUILD TIME: ] dispatchKeyEvent key_code=20 modifiers=0 unicode_char=0 scan_code=108 is_system=0 tm=461703
11-06 19:07:05.011 D/RenderWidgetInputHandler( 3835): [HandleInputEvent] input_event type=8 name=KeyDown
11-06 19:07:05.011 D/RenderWidgetInputHandler( 3835): [HandleInputEvent] input_event type=8 prevent_default:0
11-06 19:07:05.011 D/WebViewImpl( 3835): [handleKeyEvent] keycode:40, eventType:8 native keycode:20 frame=0x4d129d58. url='http://10.14.30.222:8889/appcms4.0/app/tv/newklq/xwjj/klqzs/content.htm?listPos=undefined'.
11-06 19:07:05.011 D/[blink]KeyboardEventManager( 3835): [keyEvent] initialKeyEvent KeyDown nativeKeyCode=20 windowsKeyCode=40 text[0]=0
11-06 19:07:05.011 D/[blink]KeyboardEventManager( 3835): [keyEvent] initialKeyEvent focusedNode=0x0
11-06 19:07:05.011 D/V8ScriptRunner( 3835): [callFunction] start. frame = 0x4d129d58 function: document.onkeydown url: http://10.14.30.222:8889/appcms4.0/app/tv/newklq/xwjj/klqzs/js/keyevent.js line: 22
11-06 19:07:05.011 D/base::KeyConverter( 3835): [get] convert 20 => -1.
11-06 19:07:05.012 D/ChromeClientImpl( 3835): [addMessageToConsole] [LOG:CONSOLE(11)] "index keycode=KEY_DOWN", source:http://10.14.30.222:8889/appcms4.0/app/tv/newklq/xwjj/klqzs/js/common.js (11)
11-06 19:07:05.012 D/V8ScriptRunner( 3835): [callFunction] end. frame = 0x4d129d58 function: document.onkeydown url: http://10.14.30.222:8889/appcms4.0/app/tv/newklq/xwjj/klqzs/js/keyevent.js line: 22
11-06 19:07:05.012 D/[blink]KeyboardEventManager( 3835): [keyEvent] dispatchResult = CanceledByEventHandler
11-06 19:07:05.105 D/[blink]DOMTimer( 3835): [fired] 0x524c9368 timeout fired.
11-06 19:07:05.105 D/ScriptController( 3835): [executeScriptAndReturnValue] [V8] evaluate Script start. frame=0x4d121a48 url= line=1. source length=22
11-06 19:07:05.105 D/iPanel  ( 3835): iPanel.debug("checkOverlayCreated")
11-06 19:07:05.105 D/[blink]DOMTimer( 3835): [DOMTimer] 0x524c93d8 setTimeout 300ms, repeat:0.
11-06 19:07:05.105 D/ScriptController( 3835): [executeScriptAndReturnValue] [V8] evaluate Script end. frame=0x4d121a48 
11-06 19:07:05.202 I/Advanced( 3835): [QUEUE] share_queue_sendEx size:1 4097 101 0x8f155f48,postLoopId:0,dstid:1.
11-06 19:07:05.215 D/ir_user ( 1587): PlayerTimeLineTrace:linux_keycode:0x6c(UP),	protocol: .
11-06 19:07:05.215 V/PT      ( 1583): >>INFO:irkey_task:[     461.912943] /dev/input/event0: type=0001 code=006c val=00000000
11-06 19:07:05.215 V/PT      ( 1583): >>INFO:irkey_send:0x3001 0x0028 up  
11-06 19:07:05.215 V/SUMA    ( 1583): ++++++++++++++  _roc_evtmgr_key_cbk 517:input = 12289, event=40, act=0x400
11-06 19:07:05.215 V/SUMA    ( 1583): lxm:_roc_evtmgr_key_cbk 519 461913
11-06 19:07:05.215 V/SUMA    ( 1583): lxm:_roc_evtmgr_add_key_into_queue 311 461913
11-06 19:07:05.215 V/PT      ( 1583): >>INFO:irkey_task:[     461.912943] /dev/input/event0: type=0000 code=0000 val=00000000
11-06 19:07:05.215 V/SUMA    ( 1583): ===================>> type=0 src=0 evt=40 act=0x400
11-06 19:07:05.216 V/SUMA    ( 1583): [sysset-s][event_manager_cbk 78]lxm cbid=1, cbk_reg=1, cpid=2458
11-06 19:07:05.216 D/NGBEvent( 2458): ngbEventCallBack type:0 source :40
11-06 19:07:05.216 D/NGBEvent( 2458): [NGBEventManager-JNI]-returning:1
11-06 19:07:05.216 D/NGBEvent( 2458): Input key event: keyCode=40
11-06 19:07:05.216 D/NGBEvent( 2458): src:40 = dest:40
11-06 19:07:05.216 I/System.out( 2458): [DEBUG EventManager] LWJ--Add event to java with evt=NgbEvent-[type = 1, subtype = 402, code = 40]
11-06 19:07:05.216 D/NGBEvent( 2458): [NGBEvent_log]--[EventManager--JNI]:		start
11-06 19:07:05.216 I/System.out( 2458): [DEBUG EventManager] broadcastEvent  :len 1
11-06 19:07:05.216 D/RemoteIME( 2329): RemoteIME--> onKeyUp keyCode = 20
11-06 19:07:05.216 D/KeyEventNgbDealer( 2458): [TN_pool-1-thread-1]handleKeyReleased keyEvent=NgbEvent-[type = 1, subtype = 402, code = 40],time=461914
11-06 19:07:05.218 D/cr_AwTestContainerView( 3835): [AwTestContainerView.java:63] [mainFrame]: [unknown] dispatchKeyEvent keyCode = 20 event = KeyEvent { action=ACTION_UP, keyCode=KEYCODE_DPAD_DOWN, scanCode=108, metaState=0, flags=0x8, repeatCount=0, eventTime=461912, downTime=461703, deviceId=3, source=0x701 }
11-06 19:07:05.218 D/ImeAdapterAndroid( 3835): [SendKeyEvent] [BUILD TIME: ] dispatchKeyEvent key_code=20 modifiers=0 unicode_char=0 scan_code=108 is_system=0 tm=461912
11-06 19:07:05.219 D/RenderWidgetInputHandler( 3835): [HandleInputEvent] input_event type=9 name=KeyUp
11-06 19:07:05.219 D/RenderWidgetInputHandler( 3835): [HandleInputEvent] input_event type=9 prevent_default:0
11-06 19:07:05.219 D/WebViewImpl( 3835): [handleKeyEvent] keycode:40, eventType:9 native keycode:20 frame=0x4d129d58. url='http://10.14.30.222:8889/appcms4.0/app/tv/newklq/xwjj/klqzs/content.htm?listPos=undefined'.
11-06 19:07:05.219 D/[blink]KeyboardEventManager( 3835): [keyEvent] initialKeyEvent KeyUp nativeKeyCode=20 windowsKeyCode=40 text[0]=0
11-06 19:07:05.219 D/[blink]KeyboardEventManager( 3835): [keyEvent] initialKeyEvent focusedNode=0x0
11-06 19:07:05.341 D/BackBootDealerNeimeng( 2389): standbyState:
11-06 19:07:05.342 E/NetUtils( 2018): Interface eth0 LinkDown!
11-06 19:07:05.402 I/Advanced( 3835): [QUEUE] share_queue_sendEx size:1 4097 102 0x8f155f48,postLoopId:0,dstid:1.
11-06 19:07:05.405 D/[blink]DOMTimer( 3835): [fired] 0x524c93d8 timeout fired.
11-06 19:07:05.405 D/ScriptController( 3835): [executeScriptAndReturnValue] [V8] evaluate Script start. frame=0x4d121a48 url= line=1. source length=22
11-06 19:07:05.406 D/iPanel  ( 3835): iPanel.debug("checkOverlayCreated")
11-06 19:07:05.406 D/[blink]DOMTimer( 3835): [DOMTimer] 0x524c9448 setTimeout 300ms, repeat:0.
11-06 19:07:05.406 D/ScriptController( 3835): [executeScriptAndReturnValue] [V8] evaluate Script end. frame=0x4d121a48 
11-06 19:07:05.603 I/Advanced( 3835): [QUEUE] share_queue_sendEx size:1 4097 103 0x8f155f48,postLoopId:0,dstid:1.
11-06 19:07:05.706 D/[blink]DOMTimer( 3835): [fired] 0x524c9448 timeout fired.
11-06 19:07:05.706 D/ScriptController( 3835): [executeScriptAndReturnValue] [V8] evaluate Script start. frame=0x4d121a48 url= line=1. source length=22
11-06 19:07:05.706 D/iPanel  ( 3835): iPanel.debug("checkOverlayCreated")
11-06 19:07:05.707 D/[blink]DOMTimer( 3835): [DOMTimer] 0x524c94b8 setTimeout 300ms, repeat:0.
11-06 19:07:05.707 D/ScriptController( 3835): [executeScriptAndReturnValue] [V8] evaluate Script end. frame=0x4d121a48 
11-06 19:07:05.803 I/Advanced( 3835): [QUEUE] share_queue_sendEx size:1 4097 104 0x8f155f48,postLoopId:0,dstid:1.
11-06 19:07:05.829 E/hcdn_upload( 3008): HCDN_LOG: [2017/11/06-19:07:05:828]:Update uload speed 1 kbps ,real:0 kbps,qsize:0,maxsize:12,timeout_speed:0 kbps 
11-06 19:07:05.842 D/BackBootDealerNeimeng( 2389): standbyState:
11-06 19:07:05.843 E/NetUtils( 2018): Interface eth0 LinkDown!
11-06 19:07:05.894 I/AdvancedPorting-PORT_MODULE_NET( 3835): network_task while... 
11-06 19:07:05.894 I/AdvancedPorting-PORT_MODULE_NET( 3835): 0 interface name: lo
11-06 19:07:05.894 I/AdvancedPorting-PORT_MODULE_NET( 3835): 1 interface name: wlan0
11-06 19:07:05.894 I/AdvancedPorting-PORT_MODULE_NET( 3835): First interface name: lo
11-06 19:07:05.894 I/AdvancedPorting-PORT_MODULE_NET( 3835): network_task while...  net_i:1
11-06 19:07:05.894 I/AdvancedPorting-PORT_MODULE_NET( 3835): network_task while---name_interface[0]=lo
11-06 19:07:05.894 I/AdvancedPorting-PORT_MODULE_NET( 3835): network_task while---name_interface[1]=wlan0
11-06 19:07:05.894 I/AdvancedPorting-PORT_MODULE_NET( 3835): network_task while---interface_name=wlan0
11-06 19:07:05.894 I/AdvancedPorting-PORT_MODULE_NET( 3835): network_get_netlink_status(in)--if_name=wlan0
11-06 19:07:05.894 I/AdvancedPorting-PORT_MODULE_NET( 3835): net.network.isconnected = no
11-06 19:07:05.894 I/AdvancedPorting-PORT_MODULE_NET( 3835): wlan0 --network_get_netlink_status return retval=1
11-06 19:07:05.894 I/AdvancedPorting-PORT_MODULE_NET( 3835): stat = 1 last_status = 1
11-06 19:07:06.004 I/Advanced( 3835): [QUEUE] share_queue_sendEx size:1 4097 105 0x8f155f48,postLoopId:0,dstid:1.
11-06 19:07:06.007 D/[blink]DOMTimer( 3835): [fired] 0x524c94b8 timeout fired.
11-06 19:07:06.007 D/ScriptController( 3835): [executeScriptAndReturnValue] [V8] evaluate Script start. frame=0x4d121a48 url= line=1. source length=22
11-06 19:07:06.007 D/iPanel  ( 3835): iPanel.debug("checkOverlayCreated")
11-06 19:07:06.007 D/[blink]DOMTimer( 3835): [DOMTimer] 0x524c9528 setTimeout 300ms, repeat:0.
11-06 19:07:06.007 D/ScriptController( 3835): [executeScriptAndReturnValue] [V8] evaluate Script end. frame=0x4d121a48 
11-06 19:07:06.204 I/Advanced( 3835): [QUEUE] share_queue_sendEx size:1 4097 106 0x8f155f48,postLoopId:0,dstid:1.
11-06 19:07:06.308 D/[blink]DOMTimer( 3835): [fired] 0x524c9528 timeout fired.
11-06 19:07:06.308 D/ScriptController( 3835): [executeScriptAndReturnValue] [V8] evaluate Script start. frame=0x4d121a48 url= line=1. source length=22
11-06 19:07:06.308 D/iPanel  ( 3835): iPanel.debug("checkOverlayCreated")
11-06 19:07:06.308 D/[blink]DOMTimer( 3835): [DOMTimer] 0x524c9598 setTimeout 300ms, repeat:0.
11-06 19:07:06.308 D/ScriptController( 3835): [executeScriptAndReturnValue] [V8] evaluate Script end. frame=0x4d121a48 
11-06 19:07:06.339 E/storage_operate( 3008): HCDN_LOG: [2017/11/06-19:07:06:339]:[func:GetTaskCount],[line:827],[oper:get task count],[state:0],[count:0]
11-06 19:07:06.339 E/storage_operate( 3008): HCDN_LOG: [2017/11/06-19:07:06:339]:[func:GetTaskCount],[line:827],[oper:get task count],[state:0],[count:0]
11-06 19:07:06.339 E/storage_operate( 3008): HCDN_LOG: [2017/11/06-19:07:06:339]:[func:GetTaskCount],[line:827],[oper:get task count],[state:1],[count:0]
11-06 19:07:06.344 D/BackBootDealerNeimeng( 2389): standbyState:
11-06 19:07:06.345 E/NetUtils( 2018): Interface eth0 LinkDown!
11-06 19:07:06.405 I/Advanced( 3835): [QUEUE] share_queue_sendEx size:1 4097 107 0x8f155f48,postLoopId:0,dstid:1.
11-06 19:07:06.450 E/storage_operate( 2658): HCDN_LOG: [2017/11/06-19:07:06:450]:[func:GetTaskCount],[line:827],[oper:get task count],[state:0],[count:0]
11-06 19:07:06.450 E/storage_operate( 2658): HCDN_LOG: [2017/11/06-19:07:06:450]:[func:GetTaskCount],[line:827],[oper:get task count],[state:0],[count:0]
11-06 19:07:06.450 E/storage_operate( 2658): HCDN_LOG: [2017/11/06-19:07:06:450]:[func:GetTaskCount],[line:827],[oper:get task count],[state:1],[count:0]
11-06 19:07:06.536 D/ir_user ( 1587): PlayerTimeLineTrace:linux_keycode:0x9e(DOWN),	protocol: .
11-06 19:07:06.536 V/PT      ( 1583): >>INFO:irkey_task:[     463.234558] /dev/input/event0: type=0001 code=009e val=00000001
11-06 19:07:06.537 V/PT      ( 1583): >>INFO:irkey_send:0x3001 0x1000 down
11-06 19:07:06.537 V/SUMA    ( 1583): ++++++++++++++  _roc_evtmgr_key_cbk 517:input = 12289, event=4096, act=0x100
11-06 19:07:06.537 V/SUMA    ( 1583): lxm:_roc_evtmgr_key_cbk 519 463234
11-06 19:07:06.537 V/SUMA    ( 1583): lxm:_roc_evtmgr_add_evt_into_queue 347 463234
11-06 19:07:06.537 V/PT      ( 1583): >>INFO:irkey_task:[     463.234558] /dev/input/event0: type=0000 code=0000 val=00000000
11-06 19:07:06.537 V/SUMA    ( 1583): ===================>> type=0 src=0 evt=4096 act=0x100
11-06 19:07:06.537 V/SUMA    ( 1583): [sysset-s][event_manager_cbk 78]lxm cbid=1, cbk_reg=1, cpid=2458
11-06 19:07:06.537 D/NGBEvent( 2458): ngbEventCallBack type:0 source :4096
11-06 19:07:06.537 D/NGBEvent( 2458): [NGBEventManager-JNI]-returning:1
11-06 19:07:06.538 D/NGBEvent( 2458): Input key event: keyCode=4096
11-06 19:07:06.538 D/NGBEvent( 2458): src:4096 = dest:4096
11-06 19:07:06.538 I/System.out( 2458): [DEBUG EventManager] LWJ--Add event to java with evt=NgbEvent-[type = 1, subtype = 401, code = 4096]
11-06 19:07:06.538 D/NGBEvent( 2458): [NGBEvent_log]--[EventManager--JNI]:		start
11-06 19:07:06.538 I/System.out( 2458): [DEBUG EventManager] broadcastEvent  :len 1
11-06 19:07:06.538 D/CombineKeyUtil( 2458): [TN_pool-1-thread-1]dealKeyEvent,combineIndex:-1:keyCode:4
11-06 19:07:06.538 D/KeyEventNgbDealer( 2458): [TN_pool-1-thread-1]handleKeyPressed keyEvent=NgbEvent-[type = 1, subtype = 401, code = 4096],time=463236
11-06 19:07:06.539 D/RemoteIME( 2329): onKeyDown event = KeyEvent { action=ACTION_DOWN, keyCode=KEYCODE_BACK, scanCode=158, metaState=0, flags=0x8, repeatCount=0, eventTime=463234, downTime=463234, deviceId=3, source=0x701 },mSkbContainer=null
11-06 19:07:06.541 D/cr_AwTestContainerView( 3835): [AwTestContainerView.java:63] [mainFrame]: [unknown] dispatchKeyEvent keyCode = 4 event = KeyEvent { action=ACTION_DOWN, keyCode=KEYCODE_BACK, scanCode=158, metaState=0, flags=0x8, repeatCount=0, eventTime=463234, downTime=463234, deviceId=3, source=0x701 }
11-06 19:07:06.541 D/ImeAdapterAndroid( 3835): [SendKeyEvent] [BUILD TIME: ] dispatchKeyEvent key_code=4 modifiers=0 unicode_char=0 scan_code=158 is_system=0 tm=463234
11-06 19:07:06.542 D/RenderWidgetInputHandler( 3835): [HandleInputEvent] input_event type=8 name=KeyDown
11-06 19:07:06.542 D/RenderWidgetInputHandler( 3835): [HandleInputEvent] input_event type=8 prevent_default:0
11-06 19:07:06.542 D/WebViewImpl( 3835): [handleKeyEvent] keycode:166, eventType:8 native keycode:4 frame=0x4d129d58. url='http://10.14.30.222:8889/appcms4.0/app/tv/newklq/xwjj/klqzs/content.htm?listPos=undefined'.
11-06 19:07:06.542 D/[blink]KeyboardEventManager( 3835): [keyEvent] initialKeyEvent KeyDown nativeKeyCode=4 windowsKeyCode=166 text[0]=0
11-06 19:07:06.542 D/[blink]KeyboardEventManager( 3835): [keyEvent] initialKeyEvent focusedNode=0x0
11-06 19:07:06.543 D/V8ScriptRunner( 3835): [callFunction] start. frame = 0x4d129d58 function: document.onkeydown url: http://10.14.30.222:8889/appcms4.0/app/tv/newklq/xwjj/klqzs/js/keyevent.js line: 22
11-06 19:07:06.543 D/base::KeyConverter( 3835): [get] convert 4 => 8.
11-06 19:07:06.543 D/[blink]KeyboardEvent( 3835): [keyCode] convert keycode: 4 -> 8.
11-06 19:07:06.543 D/ChromeClientImpl( 3835): [addMessageToConsole] [LOG:CONSOLE(11)] "index keycode=KEY_BACK", source:http://10.14.30.222:8889/appcms4.0/app/tv/newklq/xwjj/klqzs/js/common.js (11)
11-06 19:07:06.544 D/[blink]Location( 3835): [setLocation] m_frame=0x4d129d58 location.href completedURL=http://10.14.30.222:8889/appcms4.0/app/tv/newklq/xwjj/klqzs/index.htm?listPos=NaN
11-06 19:07:06.544 D/[blink]NavigationScheduler( 3835): [scheduleLocationChange] frame=0x4d129d58 url=http://10.14.30.222:8889/appcms4.0/app/tv/newklq/xwjj/klqzs/index.htm?listPos=NaN
11-06 19:07:06.544 D/V8ScriptRunner( 3835): [callFunction] end. frame = 0x4d129d58 function: document.onkeydown url: http://10.14.30.222:8889/appcms4.0/app/tv/newklq/xwjj/klqzs/js/keyevent.js line: 22
11-06 19:07:06.544 D/[blink]KeyboardEventManager( 3835): [keyEvent] dispatchResult = CanceledByEventHandler
11-06 19:07:06.545 D/[blink]FrameLoader( 3835): [load] load request isLoadingMainFrame=1, url:http://10.14.30.222:8889/appcms4.0/app/tv/newklq/xwjj/klqzs/index.htm?listPos=NaN
11-06 19:07:06.547 D/FrameLoaderClientImpl( 3835): [didStartLoading] start load url:http://10.14.30.222:8889/appcms4.0/app/tv/newklq/xwjj/klqzs/index.htm?listPos=NaN, isMainframe=1, frame=0x4d129d58. parent=null
11-06 19:07:06.547 D/Browser ( 3835): postProgressNotification type=0
11-06 19:07:06.547 D/[blink]FrameView( 3835): [setCanPaint] this:0x524c6f78, setCanPaint old canpaint=1, new canpaint=0 .
11-06 19:07:06.548 D/[blink]ResourceFetcher( 3835): [requestResource] url=http://10.14.30.222:8889/appcms4.0/app/tv/newklq/xwjj/klqzs/index.htm?listPos=NaN.
11-06 19:07:06.548 D/url     ( 3835): [DoResolveRelative] [WEB] DoResolveRelative Error resolving.
11-06 19:07:06.548 D/[blink]DocumentLoader( 3835): [startLoadingMainResource]  load main resource:http://10.14.30.222:8889/appcms4.0/app/tv/newklq/xwjj/klqzs/index.htm?listPos=NaN
11-06 19:07:06.548 D/webcoreBridge( 3835): #3871 execJS frameName='eventFrame' jscore='iPanel.dispatchMessage(32774,5975,1);'
11-06 19:07:06.548 D/webcoreBridge( 3835): execJS-->frame:0x4d121a48 focusFrame=0x4d129d58 focusFrame.script=0x25766328
11-06 19:07:06.548 D/webcoreBridge( 3835): execJS-->executeScript frame=0x4d121a48 script=0x25761988
11-06 19:07:06.548 D/ScriptController( 3835): [executeScriptAndReturnValue] [V8] evaluate Script start. frame=0x4d121a48 url= line=1. source length=37
11-06 19:07:06.548 D/ResourceLoader( 3835): [StartRequest] start request 0x8b04e780 url='http://10.14.30.222:8889/appcms4.0/app/tv/newklq/xwjj/klqzs/index.htm?listPos=NaN'
11-06 19:07:06.549 D/iPanel  ( 3835): iPanel.debug("dispatchMessage:msg: 32774,5975,1")
11-06 19:07:06.549 D/iPanel  ( 3835): get getFocusedOrMainFrame
11-06 19:07:06.549 D/iPanel  ( 3835): getFrameByName 'eventFrame' frame=0x4d121a48 window=0x4d1226f8
11-06 19:07:06.549 D/BrowserWebViewClient( 3835): onPageStarted webview = com.ipanel.android_webview.shell.AwWebViewImpl[mainFrame: focused=true url=http://10.14.30.222:8889/appcms4.0/app/tv/newklq/xwjj/klqzs/content.htm?listPos=undefined] url = http://10.14.30.222:8889/appcms4.0/app/tv/newklq/xwjj/klqzs/index.htm?listPos=NaN
11-06 19:07:06.549 D/Browser ( 3835): showIconLoading
11-06 19:07:06.549 D/AwRequestInterceptor( 3835): [MaybeInterceptRequest] request=0x8b04e780
11-06 19:07:06.549 D/iPanel  ( 3835): getFrameByName 'mainFrame' frame=0x4d129d58 window=0x4d13bc88
11-06 19:07:06.549 D/iPanel  ( 3835): iPanel.debug("dispatchMessage:iPanel.getFocusedOrMainFrame = http://10.14.30.222:8889/appcms4.0/app/tv/newklq/xwjj/klqzs/content.htm?listPos=undefined")
11-06 19:07:06.549 D/iPanel  ( 3835): iPanel.debug("dispatchMessage:frame num: 2, keyEvent:system")
11-06 19:07:06.549 D/cr_AwContents( 3835): [AwContents.java:520] BackgroundThreadClientImpl shouldInterceptRequest url = http://10.14.30.222:8889/appcms4.0/app/tv/newklq/xwjj/klqzs/index.htm?listPos=NaN
11-06 19:07:06.549 D/iPanel  ( 3835): iPanel.debug("dispatchMessage:#2. proc event 5975. url: http://10.14.30.222:8889/appcms4.0/app/tv/newklq/xwjj/klqzs/content.htm?listPos=undefined")
11-06 19:07:06.549 D/cr_AwNullContentsClient( 3835): [AwNullContentsClient.java:62] shouldInterceptRequest url=http://10.14.30.222:8889/appcms4.0/app/tv/newklq/xwjj/klqzs/index.htm?listPos=NaN
11-06 19:07:06.549 D/BrowserWebViewClient( 3835): intercept request :http://10.14.30.222:8889/appcms4.0/app/tv/newklq/xwjj/klqzs/index.htm?listPos=NaN
11-06 19:07:06.549 D/iPanel  ( 3835): iPanel.debug("w=[object Window], document=[object HTMLDocument], keyCode=5975, modifiers=1, keyEvent=system")
11-06 19:07:06.550 D/AwRequestInterceptor( 3835): [MaybeInterceptRequest] request=0x8b04e780
11-06 19:07:06.550 D/ChromeClientImpl( 3835): [addMessageToConsole] [LOG:CONSOLE(11)] "index keycode=EIS_MISC_HTML_OPEN_START", source:http://10.14.30.222:8889/appcms4.0/app/tv/newklq/xwjj/klqzs/js/common.js (11)
11-06 19:07:06.550 D/iPanel  ( 3835): iPanel.debug("ret: true")
11-06 19:07:06.550 D/iPanel  ( 3835): iPanel.debug("dispatchMessage:#1. proc event 5975. url: ui:///eventpage.htm?ipanelcmd-name=eventFrame&script=ui:///ipanel.js")
11-06 19:07:06.550 D/iPanel  ( 3835): iPanel.debug("w=[object Window], document=[object HTMLDocument], keyCode=5975, modifiers=1, keyEvent=system")
11-06 19:07:06.550 D/iPanel  ( 3835): iPanel.debug("eventpage grabEvent")
11-06 19:07:06.550 D/iPanel  ( 3835): getFrameByName 'mainFrame' frame=0x4d129d58 window=0x4d13bc88
11-06 19:07:06.550 D/iPanel  ( 3835): iPanel.debug("--zjh-- url = http://10.14.30.222:8889/appcms4.0/app/tv/newklq/xwjj/klqzs/content.htm?listPos=undefined  keycode = 5975")
11-06 19:07:06.550 D/iPanel  ( 3835): iPanel.debug("eventpage.htm args.type==true")
11-06 19:07:06.550 D/iPanel  ( 3835): iPanel.debug("eventpage grabEvent eventObj==[object Object]")
11-06 19:07:06.550 D/iPanel  ( 3835): iPanel.debug("eventpage eventObj.code = EIS_MISC_HTML_OPEN_START")
11-06 19:07:06.550 D/iPanel  ( 3835): iPanel.debug("eventpage keyValue = 5975--p2:1")
11-06 19:07:06.551 D/ChromeClientImpl( 3835): [addMessageToConsole] [LOG:CONSOLE(643)] "eventHandler---keycode==5975,p2=1", source:ui:///mediaPlayer.js (643)
11-06 19:07:06.551 D/iPanel  ( 3835): iPanel.debug("ret: 0")
11-06 19:07:06.551 D/iPanel  ( 3835): iPanel.debug("dispatchMessage:end")
11-06 19:07:06.551 D/ScriptController( 3835): [executeScriptAndReturnValue] [V8] evaluate Script end. frame=0x4d121a48 
11-06 19:07:06.551 D/webcoreBridge( 3835): execJS-->executeScript frame=0x4d121a48 end.
11-06 19:07:06.557 D/FrameLoaderClientImpl( 3835): [dispatchDidHandleUnloadEvents] dispatch onunload event url:http://10.14.30.222:8889/appcms4.0/app/tv/newklq/xwjj/klqzs/content.htm?listPos=undefined
11-06 19:07:06.557 D/[blink]FocusSetting( 3835): [updateDefaultFocusColor] color=0xFFFF8D1A.
11-06 19:07:06.557 D/[blink]Page( 3835): [setEnableDefaultNavigation] isEnableDefaultNavigation:1
11-06 19:07:06.557 D/FrameLoaderClientImpl( 3835): [dispatchDidHandleUnloadEvents] dispatch onunload event url:http://10.14.30.222:8889/appcms4.0/app/tv/newklq/xwjj/klqzs/content.htm?listPos=undefined
11-06 19:07:06.557 D/[blink]FocusSetting( 3835): [updateDefaultFocusColor] color=0xFFFF8D1A.
11-06 19:07:06.558 D/ResourceLoader( 3835): [ResponseCompleted] finish request 0x8b04e780 url='http://10.14.30.222:8889/appcms4.0/app/tv/newklq/xwjj/klqzs/index.htm?listPos=NaN'
11-06 19:07:06.558 D/[cc]LayerTreeHost( 3835): [SetNeedsCommit] SetNeedsCommit!this:0x9f459680
11-06 19:07:06.558 D/[cc]beginFrameSource( 3835): [AddObserver] ExternalBeginFrameSource::AddObserver
11-06 19:07:06.558 D/[cc]LayerTreeHost( 3835): [SetNeedsCommit] SetNeedsCommit!this:0x9f459680
11-06 19:07:06.558 D/[cc]LayerTreeHost( 3835): [SetNeedsCommit] SetNeedsCommit!this:0x9f459680
11-06 19:07:06.558 D/[cc]LayerTreeHost( 3835): [SetNeedsCommit] SetNeedsCommit!this:0x9f459680
11-06 19:07:06.558 D/[cc]LayerTreeHost( 3835): [SetNeedsCommit] SetNeedsCommit!this:0x9f459680
11-06 19:07:06.558 D/[cc]LayerTreeHost( 3835): [SetNeedsCommit] SetNeedsCommit!this:0x9f459680
11-06 19:07:06.558 D/[cc]LayerTree( 3835): [SetRootLayer] [LayerTree::SetRootLayer]. set needs_full_tree_sync_ = true, but not Commit!!!
11-06 19:07:06.559 D/[blink]FrameView( 3835): [FrameView] create FrameView frame=0x4d129d58 frame view=0x524c9608
11-06 19:07:06.570 D/FrameLoaderClientImpl( 3835): [dispatchDidClearWindowObjectInMainWorld] frame=0x4d129d58
11-06 19:07:06.570 D/RegisterGlobalObject( 3835): start. frame=0x4d129d58 path='/appcms4.0/app/tv/newklq/xwjj/klqzs/index.htm'
11-06 19:07:06.570 D/RegisterGlobalObject( 3835): end. object num=28
11-06 19:07:06.572 W/cr_BindingManager( 3835): Cannot call determinedVisibility() - never saw a connection for the pid: 3835
11-06 19:07:06.573 I/cr_AwContents( 3835): org.chromium.android_webview.AwContents@c61d4c insertVisualStateCallbackIfNotDestroyed
11-06 19:07:06.573 D/FrameLoaderClientImpl( 3835): [dispatchDidClearWindowObjectInMainWorld] frame=0x4d129d58
11-06 19:07:06.573 D/RegisterGlobalObject( 3835): start. frame=0x4d129d58 path='/appcms4.0/app/tv/newklq/xwjj/klqzs/index.htm'
11-06 19:07:06.573 D/RegisterGlobalObject( 3835): end. object num=28
11-06 19:07:06.573 D/[blink]HTMLDocumentParser( 3835): [appendBytes] function:appendBytes: shouldUseThreading:1
11-06 19:07:06.574 D/[blink]HTMLDocumentParser( 3835): [appendBytes] function:appendBytes: shouldUseThreading:1
11-06 19:07:06.574 D/[blink]HTMLDocumentParser( 3835): [appendBytes] function:appendBytes: shouldUseThreading:1
11-06 19:07:06.574 D/[blink]ResourceFetcher( 3835): [didFinishLoading] encoded length=11102 url=http://10.14.30.222:8889/appcms4.0/app/tv/newklq/xwjj/klqzs/index.htm?listPos=NaN.
11-06 19:07:06.575 D/[blink]ResourceFetcher( 3835): [requestResource] url=http://10.14.30.222:8889/appcms4.0/app/tv/newklq/xwjj/klqzs/js/keyevent.js.
11-06 19:07:06.575 D/url     ( 3835): [DoResolveRelative] [WEB] DoResolveRelative Error resolving.
11-06 19:07:06.575 D/[blink]ResourceFetcher( 3835): [requestResource] url=http://10.14.30.222:8889/appcms4.0/app/tv/newklq/xwjj/klqzs/js/common.js.
11-06 19:07:06.576 D/url     ( 3835): [DoResolveRelative] [WEB] DoResolveRelative Error resolving.
11-06 19:07:06.576 D/iPanel-inject( 3835): iPanelInjectUserScripts begin. url='http://10.14.30.222:8889/appcms4.0/app/tv/newklq/xwjj/klqzs/index.htm?listPos=NaN'
11-06 19:07:06.576 D/iPanel-inject( 3835): iPanelInjectUserScripts.count: 1
11-06 19:07:06.576 D/iPanel-inject( 3835): iPanelInjectUserScripts end
11-06 19:07:06.577 D/[blink]ResourceFetcher( 3835): [requestResource] url=http://10.14.30.222:8889/appcms4.0/app/tv/newklq/xwjj/klqzs/js/keyevent.js.
11-06 19:07:06.577 D/url     ( 3835): [DoResolveRelative] [WEB] DoResolveRelative Error resolving.
11-06 19:07:06.577 D/ScriptController( 3835): [executeScriptAndReturnValue] [V8] evaluate Script start. frame=0x4d129d58 url=http://10.14.30.222:8889/appcms4.0/app/tv/newklq/xwjj/klqzs/js/keyevent.js line=1. source length=43775
11-06 19:07:06.583 D/ScriptController( 3835): [executeScriptAndReturnValue] [V8] compile Script end. frame=0x4d129d58 
11-06 19:07:06.584 D/ScriptController( 3835): [executeScriptAndReturnValue] [V8] evaluate Script end. frame=0x4d129d58 
11-06 19:07:06.585 D/[blink]ResourceFetcher( 3835): [requestResource] url=http://10.14.30.222:8889/appcms4.0/app/tv/newklq/xwjj/klqzs/js/common.js.
11-06 19:07:06.585 D/url     ( 3835): [DoResolveRelative] [WEB] DoResolveRelative Error resolving.
11-06 19:07:06.585 D/ScriptController( 3835): [executeScriptAndReturnValue] [V8] evaluate Script start. frame=0x4d129d58 url=http://10.14.30.222:8889/appcms4.0/app/tv/newklq/xwjj/klqzs/js/common.js line=1. source length=6186
11-06 19:07:06.587 D/ScriptController( 3835): [executeScriptAndReturnValue] [V8] compile Script end. frame=0x4d129d58 
11-06 19:07:06.587 D/ScriptController( 3835): [executeScriptAndReturnValue] [V8] evaluate Script end. frame=0x4d129d58 
11-06 19:07:06.588 D/ScriptController( 3835): [executeScriptAndReturnValue] [V8] evaluate Script start. frame=0x4d129d58 url=http://10.14.30.222:8889/appcms4.0/app/tv/newklq/xwjj/klqzs/index.htm?listPos=NaN line=14. source length=3895
11-06 19:07:06.589 D/ScriptController( 3835): [executeScriptAndReturnValue] [V8] compile Script end. frame=0x4d129d58 
11-06 19:07:06.589 D/ScriptController( 3835): [executeScriptAndReturnValue] [V8] evaluate Script end. frame=0x4d129d58 
11-06 19:07:06.589 D/[blink]ResourceFetcher( 3835): [requestResource] url=http://10.14.30.222:8889/appcms4.0/app/tv/newklq/xwjj/klqzs/images/logo.png.
11-06 19:07:06.589 D/url     ( 3835): [DoResolveRelative] [WEB] DoResolveRelative Error resolving.
11-06 19:07:06.590 D/[blink]ResourceFetcher( 3835): [requestResource] url=http://10.14.30.222:8889/appcms4.0/app/tv/newklq/xwjj/klqzs/images/focus05.png.
11-06 19:07:06.590 D/url     ( 3835): [DoResolveRelative] [WEB] DoResolveRelative Error resolving.
11-06 19:07:06.590 D/[blink]ResourceFetcher( 3835): [requestResource] url=http://10.14.30.222:8889/appcms4.0/app/tv/newklq/xwjj/klqzs/images/pic1_05.jpg.
11-06 19:07:06.591 D/url     ( 3835): [DoResolveRelative] [WEB] DoResolveRelative Error resolving.
11-06 19:07:06.591 D/ResourceLoader( 3835): [StartRequest] start request 0x8b04e780 url='http://10.14.30.222:8889/appcms4.0/app/tv/newklq/xwjj/klqzs/images/focus05.png'
11-06 19:07:06.591 D/AwRequestInterceptor( 3835): [MaybeInterceptRequest] request=0x8b04e780
11-06 19:07:06.591 D/[blink]ResourceFetcher( 3835): [requestResource] url=http://10.14.30.222:8889/appcms4.0/app/tv/newklq/xwjj/klqzs/images/icon1_07.png.
11-06 19:07:06.591 D/url     ( 3835): [DoResolveRelative] [WEB] DoResolveRelative Error resolving.
11-06 19:07:06.591 D/ResourceLoader( 3835): [StartRequest] start request 0xb4b91b00 url='http://10.14.30.222:8889/appcms4.0/app/tv/newklq/xwjj/klqzs/images/pic1_05.jpg'
11-06 19:07:06.591 D/cr_AwContents( 3835): [AwContents.java:520] BackgroundThreadClientImpl shouldInterceptRequest url = http://10.14.30.222:8889/appcms4.0/app/tv/newklq/xwjj/klqzs/images/focus05.png
11-06 19:07:06.591 D/[blink]ResourceFetcher( 3835): [requestResource] url=http://10.14.30.222:8889/appcms4.0/app/tv/newklq/xwjj/klqzs/images/pic1_05.jpg.
11-06 19:07:06.591 D/cr_AwNullContentsClient( 3835): [AwNullContentsClient.java:62] shouldInterceptRequest url=http://10.14.30.222:8889/appcms4.0/app/tv/newklq/xwjj/klqzs/images/focus05.png
11-06 19:07:06.591 D/BrowserWebViewClient( 3835): intercept request :http://10.14.30.222:8889/appcms4.0/app/tv/newklq/xwjj/klqzs/images/focus05.png
11-06 19:07:06.592 D/AwRequestInterceptor( 3835): [MaybeInterceptRequest] request=0x8b04e780
11-06 19:07:06.592 D/url     ( 3835): [DoResolveRelative] [WEB] DoResolveRelative Error resolving.
11-06 19:07:06.592 D/[blink]ResourceFetcher( 3835): [requestResource] url=http://10.14.30.222:8889/appcms4.0/app/tv/newklq/xwjj/klqzs/images/icon1_07.png.
11-06 19:07:06.592 D/url     ( 3835): [DoResolveRelative] [WEB] DoResolveRelative Error resolving.
11-06 19:07:06.592 D/[blink]ResourceFetcher( 3835): [requestResource] url=http://10.14.30.222:8889/appcms4.0/app/tv/newklq/xwjj/klqzs/images/pic1_05.jpg.
11-06 19:07:06.592 D/ResourceLoader( 3835): [StartRequest] start request 0xb49b6980 url='http://10.14.30.222:8889/appcms4.0/app/tv/newklq/xwjj/klqzs/images/icon1_07.png'
11-06 19:07:06.592 D/url     ( 3835): [DoResolveRelative] [WEB] DoResolveRelative Error resolving.
11-06 19:07:06.592 D/[blink]ResourceFetcher( 3835): [requestResource] url=http://10.14.30.222:8889/appcms4.0/app/tv/newklq/xwjj/klqzs/images/icon1_07.png.
11-06 19:07:06.593 D/url     ( 3835): [DoResolveRelative] [WEB] DoResolveRelative Error resolving.
11-06 19:07:06.593 D/[blink]ResourceFetcher( 3835): [requestResource] url=http://10.14.30.222:8889/appcms4.0/app/tv/newklq/xwjj/klqzs/images/pic1_05.jpg.
11-06 19:07:06.593 D/url     ( 3835): [DoResolveRelative] [WEB] DoResolveRelative Error resolving.
11-06 19:07:06.593 D/[blink]ResourceFetcher( 3835): [requestResource] url=http://10.14.30.222:8889/appcms4.0/app/tv/newklq/xwjj/klqzs/images/icon1_07.png.
11-06 19:07:06.593 D/url     ( 3835): [DoResolveRelative] [WEB] DoResolveRelative Error resolving.
11-06 19:07:06.594 D/[blink]ResourceFetcher( 3835): [requestResource] url=http://10.14.30.222:8889/appcms4.0/app/tv/newklq/xwjj/klqzs/images/pic1_05.jpg.
11-06 19:07:06.594 D/url     ( 3835): [DoResolveRelative] [WEB] DoResolveRelative Error resolving.
11-06 19:07:06.594 D/[blink]ResourceFetcher( 3835): [requestResource] url=http://10.14.30.222:8889/appcms4.0/app/tv/newklq/xwjj/klqzs/images/icon1_07.png.
11-06 19:07:06.594 D/url     ( 3835): [DoResolveRelative] [WEB] DoResolveRelative Error resolving.
11-06 19:07:06.594 D/[blink]ResourceFetcher( 3835): [requestResource] url=http://10.14.30.222:8889/appcms4.0/app/tv/newklq/xwjj/klqzs/images/pic1_05.jpg.
11-06 19:07:06.594 D/url     ( 3835): [DoResolveRelative] [WEB] DoResolveRelative Error resolving.
11-06 19:07:06.594 D/[blink]ResourceFetcher( 3835): [requestResource] url=http://10.14.30.222:8889/appcms4.0/app/tv/newklq/xwjj/klqzs/images/icon1_07.png.
11-06 19:07:06.594 D/url     ( 3835): [DoResolveRelative] [WEB] DoResolveRelative Error resolving.
11-06 19:07:06.594 D/[blink]ResourceFetcher( 3835): [requestResource] url=http://10.14.30.222:8889/appcms4.0/app/tv/newklq/xwjj/klqzs/images/pic1_05.jpg.
11-06 19:07:06.595 D/url     ( 3835): [DoResolveRelative] [WEB] DoResolveRelative Error resolving.
11-06 19:07:06.595 D/[blink]ResourceFetcher( 3835): [requestResource] url=http://10.14.30.222:8889/appcms4.0/app/tv/newklq/xwjj/klqzs/images/icon1_07.png.
11-06 19:07:06.595 D/url     ( 3835): [DoResolveRelative] [WEB] DoResolveRelative Error resolving.
11-06 19:07:06.595 D/[blink]ResourceFetcher( 3835): [requestResource] url=http://10.14.30.222:8889/appcms4.0/app/tv/newklq/xwjj/klqzs/images/pic1_05.jpg.
11-06 19:07:06.595 D/url     ( 3835): [DoResolveRelative] [WEB] DoResolveRelative Error resolving.
11-06 19:07:06.595 D/[blink]ResourceFetcher( 3835): [requestResource] url=http://10.14.30.222:8889/appcms4.0/app/tv/newklq/xwjj/klqzs/images/icon1_07.png.
