11-06 19:07:12.396 D/ScriptController( 3835): [executeScriptAndReturnValue] [V8] evaluate Script start. frame=0x4d121a48 url= line=1. source length=22
11-06 19:07:12.396 D/iPanel  ( 3835): iPanel.debug("checkOverlayCreated")
11-06 19:07:12.396 D/[blink]DOMTimer( 3835): [DOMTimer] 0x524d15b0 setTimeout 300ms, repeat:0.
11-06 19:07:12.396 D/ScriptController( 3835): [executeScriptAndReturnValue] [V8] evaluate Script end. frame=0x4d121a48 
11-06 19:07:12.451 E/storage_operate( 2658): HCDN_LOG: [2017/11/06-19:07:12:451]:[func:GetTaskCount],[line:827],[oper:get task count],[state:0],[count:0]
11-06 19:07:12.451 E/storage_operate( 2658): HCDN_LOG: [2017/11/06-19:07:12:451]:[func:GetTaskCount],[line:827],[oper:get task count],[state:0],[count:0]
11-06 19:07:12.451 E/storage_operate( 2658): HCDN_LOG: [2017/11/06-19:07:12:451]:[func:GetTaskCount],[line:827],[oper:get task count],[state:1],[count:0]
11-06 19:07:12.453 I/Advanced( 3835): [QUEUE] share_queue_sendEx size:1 4097 137 0x8f155f48,postLoopId:0,dstid:1.
11-06 19:07:12.654 I/Advanced( 3835): [QUEUE] share_queue_sendEx size:1 4097 138 0x8f155f48,postLoopId:0,dstid:1.
11-06 19:07:12.696 D/[blink]DOMTimer( 3835): [fired] 0x524d15b0 timeout fired.
11-06 19:07:12.696 D/ScriptController( 3835): [executeScriptAndReturnValue] [V8] evaluate Script start. frame=0x4d121a48 url= line=1. source length=22
11-06 19:07:12.697 D/iPanel  ( 3835): iPanel.debug("checkOverlayCreated")
11-06 19:07:12.697 D/[blink]DOMTimer( 3835): [DOMTimer] 0x524d1620 setTimeout 300ms, repeat:0.
11-06 19:07:12.697 D/ScriptController( 3835): [executeScriptAndReturnValue] [V8] evaluate Script end. frame=0x4d121a48 
11-06 19:07:12.832 E/hcdn_upload( 3008): HCDN_LOG: [2017/11/06-19:07:12:832]:Update uload speed 1 kbps ,real:0 kbps,qsize:0,maxsize:12,timeout_speed:0 kbps 
11-06 19:07:12.854 I/Advanced( 3835): [QUEUE] share_queue_sendEx size:1 4097 139 0x8f155f48,postLoopId:0,dstid:1.
11-06 19:07:12.859 D/BackBootDealerNeimeng( 2389): standbyState:
11-06 19:07:12.860 E/NetUtils( 2018): Interface eth0 LinkDown!
11-06 19:07:12.897 I/AdvancedPorting-PORT_MODULE_NET( 3835): network_task while... 
11-06 19:07:12.897 I/AdvancedPorting-PORT_MODULE_NET( 3835): 0 interface name: lo
11-06 19:07:12.897 I/AdvancedPorting-PORT_MODULE_NET( 3835): 1 interface name: wlan0
11-06 19:07:12.897 I/AdvancedPorting-PORT_MODULE_NET( 3835): First interface name: lo
11-06 19:07:12.897 I/AdvancedPorting-PORT_MODULE_NET( 3835): network_task while...  net_i:1
11-06 19:07:12.897 I/AdvancedPorting-PORT_MODULE_NET( 3835): network_task while---name_interface[0]=lo
11-06 19:07:12.897 I/AdvancedPorting-PORT_MODULE_NET( 3835): network_task while---name_interface[1]=wlan0
11-06 19:07:12.897 I/AdvancedPorting-PORT_MODULE_NET( 3835): network_task while---interface_name=wlan0
11-06 19:07:12.897 I/AdvancedPorting-PORT_MODULE_NET( 3835): network_get_netlink_status(in)--if_name=wlan0
11-06 19:07:12.897 I/AdvancedPorting-PORT_MODULE_NET( 3835): net.network.isconnected = no
11-06 19:07:12.897 I/AdvancedPorting-PORT_MODULE_NET( 3835): wlan0 --network_get_netlink_status return retval=1
11-06 19:07:12.897 I/AdvancedPorting-PORT_MODULE_NET( 3835): stat = 1 last_status = 1
11-06 19:07:12.997 D/[blink]DOMTimer( 3835): [fired] 0x524d1620 timeout fired.
11-06 19:07:12.997 D/ScriptController( 3835): [executeScriptAndReturnValue] [V8] evaluate Script start. frame=0x4d121a48 url= line=1. source length=22
11-06 19:07:12.997 D/iPanel  ( 3835): iPanel.debug("checkOverlayCreated")
11-06 19:07:12.998 D/[blink]DOMTimer( 3835): [DOMTimer] 0x524d1690 setTimeout 300ms, repeat:0.
11-06 19:07:12.998 D/ScriptController( 3835): [executeScriptAndReturnValue] [V8] evaluate Script end. frame=0x4d121a48 
11-06 19:07:13.055 I/Advanced( 3835): [QUEUE] share_queue_sendEx size:1 4097 140 0x8f155f48,postLoopId:0,dstid:1.
11-06 19:07:13.101 D/[blink]DOMTimer( 3835): [fired] 0x524d1178 timeout fired.
11-06 19:07:13.101 D/V8ScriptRunner( 3835): [callFunction] start. frame = 0x4d129d58 function:  url: http://10.14.30.222:8889/appcms4.0/app/tv/newklq/xwjj/klqzs/js/common.js line: 197
11-06 19:07:13.106 D/[cc]beginFrameSource( 3835): [AddObserver] ExternalBeginFrameSource::AddObserver
11-06 19:07:13.106 D/V8ScriptRunner( 3835): [callFunction] end. frame = 0x4d129d58 function:  url: http://10.14.30.222:8889/appcms4.0/app/tv/newklq/xwjj/klqzs/js/common.js line: 197
11-06 19:07:13.120 D/[cc]ProxyMain( 3835): [BeginMainFrame] cc.BeginMainFrame this:0x9f609e48
11-06 19:07:13.120 D/[cc]LayerTreeHost( 3835): [AnimateLayers] AnimateLayers monotonic_time=469816647
11-06 19:07:13.120 D/[blink]FrameView( 3835): [updateStyleAndLayoutIfNeededRecursiveInternal] in... this:0x524ced78.
11-06 19:07:13.120 D/[blink]FrameView( 3835): [layout] start... this:0x524ced78, frame=0x4d129d58 content size(1280, 720). 
11-06 19:07:13.120 D/[blink]FrameView( 3835): [layout] performPreLayoutTasks start... this:0x524ced78
11-06 19:07:13.120 D/[blink]FrameView( 3835): [layout] performPreLayoutTasks end... this:0x524ced78
11-06 19:07:13.121 D/[blink]FrameView( 3835): [layout] performLayout start... this:0x524ced78
11-06 19:07:13.122 D/[blink]FrameView( 3835): [layout] performLayout end... this:0x524ced78
11-06 19:07:13.122 D/[blink]FrameView( 3835): [layout] call compositor()->didLayout()!
11-06 19:07:13.122 D/[blink]FrameView( 3835): [layout] updateDocumentAnnotatedRegions start... this:0x524ced78
11-06 19:07:13.122 D/[blink]FrameView( 3835): [layout] scheduleOrPerformPostLayoutTasks start... this:0x524ced78
11-06 19:07:13.122 D/[blink]FrameView( 3835): [layout] end... this:0x524ced78
11-06 19:07:13.122 D/[blink]FrameView( 3835): [layout] out... this:0x524ced78
11-06 19:07:13.122 D/[blink]FrameView( 3835): [updateStyleAndLayoutIfNeededRecursiveInternal] end... this:0x524ced78.
11-06 19:07:13.122 D/[blink]FrameView( 3835): [updateLifecyclePhasesInternal] in... this:0x524ced78, targetState=18
11-06 19:07:13.122 D/[blink]FrameView( 3835): [updateLifecyclePhasesInternal] call compositor()->updateIfNeededRecursive()!
11-06 19:07:13.126 D/[blink]FrameView( 3835): [updateLifecyclePhasesInternal] end... this:0x524ced78
11-06 19:07:13.256 I/Advanced( 3835): [QUEUE] share_queue_sendEx size:1 4097 141 0x8f155f48,postLoopId:0,dstid:1.
11-06 19:07:13.298 D/[blink]DOMTimer( 3835): [fired] 0x524d1690 timeout fired.
11-06 19:07:13.298 D/ScriptController( 3835): [executeScriptAndReturnValue] [V8] evaluate Script start. frame=0x4d121a48 url= line=1. source length=22
11-06 19:07:13.298 D/iPanel  ( 3835): iPanel.debug("checkOverlayCreated")
11-06 19:07:13.298 D/[blink]DOMTimer( 3835): [DOMTimer] 0x524d1700 setTimeout 300ms, repeat:0.
11-06 19:07:13.298 D/ScriptController( 3835): [executeScriptAndReturnValue] [V8] evaluate Script end. frame=0x4d121a48 
11-06 19:07:13.361 D/BackBootDealerNeimeng( 2389): standbyState:
11-06 19:07:13.361 E/NetUtils( 2018): Interface eth0 LinkDown!
11-06 19:07:13.400 V/SUMA    ( 1583): [mnt_ait_pol] csubtbl=0 ait_pid=0x1f40 hsrv=0xc0cd
11-06 19:07:13.456 I/Advanced( 3835): [QUEUE] share_queue_sendEx size:1 4097 142 0x8f155f48,postLoopId:0,dstid:1.
11-06 19:07:13.599 D/[blink]DOMTimer( 3835): [fired] 0x524d1700 timeout fired.
11-06 19:07:13.599 D/ScriptController( 3835): [executeScriptAndReturnValue] [V8] evaluate Script start. frame=0x4d121a48 url= line=1. source length=22
11-06 19:07:13.599 D/iPanel  ( 3835): iPanel.debug("checkOverlayCreated")
11-06 19:07:13.599 D/[blink]DOMTimer( 3835): [DOMTimer] 0x524d1770 setTimeout 300ms, repeat:0.
11-06 19:07:13.599 D/ScriptController( 3835): [executeScriptAndReturnValue] [V8] evaluate Script end. frame=0x4d121a48 
11-06 19:07:13.656 I/Advanced( 3835): [QUEUE] share_queue_sendEx size:1 4097 143 0x8f155f48,postLoopId:0,dstid:1.
11-06 19:07:13.695 I/SystemTimeManager( 3180): doSynchronizedTime reset synProtection=0
11-06 19:07:13.699 I/Api     ( 3180): srcApiName:N2_A_3, 转换后的url=
11-06 19:07:13.699 I/Api     ( 3180): /SyncTime?OutputType=json&Mac=A8-F4-70-8A-E7-CB&MacId=A8-F4-70-8A-E7-CB&Version=5.3.008.200.2.DBEI.0.0_Release&UserId=mgtvmacA8F4708AE7CB&UserAgent=nn_player%2Fstd%2F1.0.0
11-06 19:07:13.699 I/SCHttpApiEngine( 3180): runTask taskId:8, Name:N2_A_3,forceUpdate:false , url:/SyncTime?OutputType=json&Mac=A8-F4-70-8A-E7-CB&MacId=A8-F4-70-8A-E7-CB&Version=5.3.008.200.2.DBEI.0.0_Release&UserId=mgtvmacA8F4708AE7CB&UserAgent=nn_player%2Fstd%2F1.0.0
11-06 19:07:13.699 I/SCHttpApiEngine( 3180): runTask engine cache not use taskId:8 taskName:N2_A_3 CacheLife:0s
11-06 19:07:13.700 I/Starcor ( 3180): Req url    (N2_A_3):/SyncTime?OutputType=json&Mac=A8-F4-70-8A-E7-CB&MacId=A8-F4-70-8A-E7-CB&Version=5.3.008.200.2.DBEI.0.0_Release&UserId=mgtvmacA8F4708AE7CB&UserAgent=nn_player%2Fstd%2F1.0.0
11-06 19:07:13.700 I/Starcor ( 3180): httpDns url(N2_A_3):/SyncTime?OutputType=json&Mac=A8-F4-70-8A-E7-CB&MacId=A8-F4-70-8A-E7-CB&Version=5.3.008.200.2.DBEI.0.0_Release&UserId=mgtvmacA8F4708AE7CB&UserAgent=nn_player%2Fstd%2F1.0.0
11-06 19:07:13.700 W/System.err( 3180): java.net.MalformedURLException: Protocol not found: /SyncTime?OutputType=json&Mac=A8-F4-70-8A-E7-CB&MacId=A8-F4-70-8A-E7-CB&Version=5.3.008.200.2.DBEI.0.0_Release&UserId=mgtvmacA8F4708AE7CB&UserAgent=nn_player%2Fstd%2F1.0.0
11-06 19:07:13.700 W/System.err( 3180): 	at java.net.URL.<init>(URL.java:176)
11-06 19:07:13.700 W/System.err( 3180): 	at java.net.URL.<init>(URL.java:125)
11-06 19:07:13.700 W/System.err( 3180): 	at com.starcor.core.utils.HttpUtil.tryGetIp(HttpUtil.java:79)
11-06 19:07:13.700 W/System.err( 3180): 	at com.starcor.httpapi.core.SCHttpTools.doRequest(SCHttpTools.java:105)
11-06 19:07:13.700 W/System.err( 3180): 	at com.starcor.httpapi.core.SCHttpApiEngine$ApiRunnable.runTask(SCHttpApiEngine.java:507)
11-06 19:07:13.700 W/System.err( 3180): 	at com.starcor.httpapi.core.SCHttpApiEngine$ApiRunnable.run(SCHttpApiEngine.java:442)
11-06 19:07:13.700 W/System.err( 3180): 	at java.lang.Thread.run(Thread.java:818)
11-06 19:07:13.702 W/System.err( 3180): java.lang.IllegalStateException: Target host must not be null, or set in parameters. scheme=null, host=null, path=/SyncTime
11-06 19:07:13.702 W/System.err( 3180): 	at org.apache.http.impl.client.DefaultRequestDirector.determineRoute(DefaultRequestDirector.java:596)
11-06 19:07:13.702 W/System.err( 3180): 	at org.apache.http.impl.client.DefaultRequestDirector.execute(DefaultRequestDirector.java:298)
11-06 19:07:13.702 W/System.err( 3180): 	at org.apache.http.impl.client.AbstractHttpClient.execute(AbstractHttpClient.java:560)
11-06 19:07:13.702 W/System.err( 3180): 	at org.apache.http.impl.client.AbstractHttpClient.execute(AbstractHttpClient.java:492)
11-06 19:07:13.702 W/System.err( 3180): 	at org.apache.http.impl.client.AbstractHttpClient.execute(AbstractHttpClient.java:470)
11-06 19:07:13.702 W/System.err( 3180): 	at com.starcor.httpapi.core.SCHttpTools.doRequest(SCHttpTools.java:178)
11-06 19:07:13.702 W/System.err( 3180): 	at com.starcor.httpapi.core.SCHttpApiEngine$ApiRunnable.runTask(SCHttpApiEngine.java:507)
11-06 19:07:13.702 W/System.err( 3180): 	at com.starcor.httpapi.core.SCHttpApiEngine$ApiRunnable.run(SCHttpApiEngine.java:442)
11-06 19:07:13.702 W/System.err( 3180): 	at java.lang.Thread.run(Thread.java:818)
11-06 19:07:13.703 I/Starcor ( 3180): Req url    (N2_A_3):/SyncTime?OutputType=json&Mac=A8-F4-70-8A-E7-CB&MacId=A8-F4-70-8A-E7-CB&Version=5.3.008.200.2.DBEI.0.0_Release&UserId=mgtvmacA8F4708AE7CB&UserAgent=nn_player%2Fstd%2F1.0.0
11-06 19:07:13.703 I/Starcor ( 3180): httpDns url(N2_A_3):/SyncTime?OutputType=json&Mac=A8-F4-70-8A-E7-CB&MacId=A8-F4-70-8A-E7-CB&Version=5.3.008.200.2.DBEI.0.0_Release&UserId=mgtvmacA8F4708AE7CB&UserAgent=nn_player%2Fstd%2F1.0.0
11-06 19:07:13.703 W/System.err( 3180): java.net.MalformedURLException: Protocol not found: /SyncTime?OutputType=json&Mac=A8-F4-70-8A-E7-CB&MacId=A8-F4-70-8A-E7-CB&Version=5.3.008.200.2.DBEI.0.0_Release&UserId=mgtvmacA8F4708AE7CB&UserAgent=nn_player%2Fstd%2F1.0.0
11-06 19:07:13.703 W/System.err( 3180): 	at java.net.URL.<init>(URL.java:176)
11-06 19:07:13.703 W/System.err( 3180): 	at java.net.URL.<init>(URL.java:125)
11-06 19:07:13.703 W/System.err( 3180): 	at com.starcor.core.utils.HttpUtil.tryGetIp(HttpUtil.java:79)
11-06 19:07:13.703 W/System.err( 3180): 	at com.starcor.httpapi.core.SCHttpTools.doRequest(SCHttpTools.java:105)
11-06 19:07:13.703 W/System.err( 3180): 	at com.starcor.httpapi.core.SCHttpApiEngine$ApiRunnable.runTask(SCHttpApiEngine.java:507)
11-06 19:07:13.703 W/System.err( 3180): 	at com.starcor.httpapi.core.SCHttpApiEngine$ApiRunnable.run(SCHttpApiEngine.java:442)
11-06 19:07:13.703 W/System.err( 3180): 	at java.lang.Thread.run(Thread.java:818)
11-06 19:07:13.704 W/System.err( 3180): java.lang.IllegalStateException: Target host must not be null, or set in parameters. scheme=null, host=null, path=/SyncTime
11-06 19:07:13.705 W/System.err( 3180): 	at org.apache.http.impl.client.DefaultRequestDirector.determineRoute(DefaultRequestDirector.java:596)
11-06 19:07:13.705 W/System.err( 3180): 	at org.apache.http.impl.client.DefaultRequestDirector.execute(DefaultRequestDirector.java:298)
11-06 19:07:13.705 W/System.err( 3180): 	at org.apache.http.impl.client.AbstractHttpClient.execute(AbstractHttpClient.java:560)
11-06 19:07:13.705 W/System.err( 3180): 	at org.apache.http.impl.client.AbstractHttpClient.execute(AbstractHttpClient.java:492)
11-06 19:07:13.705 W/System.err( 3180): 	at org.apache.http.impl.client.AbstractHttpClient.execute(AbstractHttpClient.java:470)
11-06 19:07:13.705 W/System.err( 3180): 	at com.starcor.httpapi.core.SCHttpTools.doRequest(SCHttpTools.java:178)
11-06 19:07:13.705 W/System.err( 3180): 	at com.starcor.httpapi.core.SCHttpApiEngine$ApiRunnable.runTask(SCHttpApiEngine.java:507)
11-06 19:07:13.705 W/System.err( 3180): 	at com.starcor.httpapi.core.SCHttpApiEngine$ApiRunnable.run(SCHttpApiEngine.java:442)
11-06 19:07:13.705 W/System.err( 3180): 	at java.lang.Thread.run(Thread.java:818)
11-06 19:07:13.706 I/Starcor ( 3180): Req url    (N2_A_3):/SyncTime?OutputType=json&Mac=A8-F4-70-8A-E7-CB&MacId=A8-F4-70-8A-E7-CB&Version=5.3.008.200.2.DBEI.0.0_Release&UserId=mgtvmacA8F4708AE7CB&UserAgent=nn_player%2Fstd%2F1.0.0
11-06 19:07:13.706 I/Starcor ( 3180): httpDns url(N2_A_3):/SyncTime?OutputType=json&Mac=A8-F4-70-8A-E7-CB&MacId=A8-F4-70-8A-E7-CB&Version=5.3.008.200.2.DBEI.0.0_Release&UserId=mgtvmacA8F4708AE7CB&UserAgent=nn_player%2Fstd%2F1.0.0
11-06 19:07:13.706 W/System.err( 3180): java.net.MalformedURLException: Protocol not found: /SyncTime?OutputType=json&Mac=A8-F4-70-8A-E7-CB&MacId=A8-F4-70-8A-E7-CB&Version=5.3.008.200.2.DBEI.0.0_Release&UserId=mgtvmacA8F4708AE7CB&UserAgent=nn_player%2Fstd%2F1.0.0
11-06 19:07:13.706 W/System.err( 3180): 	at java.net.URL.<init>(URL.java:176)
11-06 19:07:13.706 W/System.err( 3180): 	at java.net.URL.<init>(URL.java:125)
11-06 19:07:13.706 W/System.err( 3180): 	at com.starcor.core.utils.HttpUtil.tryGetIp(HttpUtil.java:79)
11-06 19:07:13.706 W/System.err( 3180): 	at com.starcor.httpapi.core.SCHttpTools.doRequest(SCHttpTools.java:105)
11-06 19:07:13.706 W/System.err( 3180): 	at com.starcor.httpapi.core.SCHttpApiEngine$ApiRunnable.runTask(SCHttpApiEngine.java:507)
11-06 19:07:13.706 W/System.err( 3180): 	at com.starcor.httpapi.core.SCHttpApiEngine$ApiRunnable.run(SCHttpApiEngine.java:442)
11-06 19:07:13.706 W/System.err( 3180): 	at java.lang.Thread.run(Thread.java:818)
11-06 19:07:13.707 W/System.err( 3180): java.lang.IllegalStateException: Target host must not be null, or set in parameters. scheme=null, host=null, path=/SyncTime
11-06 19:07:13.707 W/System.err( 3180): 	at org.apache.http.impl.client.DefaultRequestDirector.determineRoute(DefaultRequestDirector.java:596)
11-06 19:07:13.707 W/System.err( 3180): 	at org.apache.http.impl.client.DefaultRequestDirector.execute(DefaultRequestDirector.java:298)
11-06 19:07:13.707 W/System.err( 3180): 	at org.apache.http.impl.client.AbstractHttpClient.execute(AbstractHttpClient.java:560)
11-06 19:07:13.707 W/System.err( 3180): 	at org.apache.http.impl.client.AbstractHttpClient.execute(AbstractHttpClient.java:492)
11-06 19:07:13.707 W/System.err( 3180): 	at org.apache.http.impl.client.AbstractHttpClient.execute(AbstractHttpClient.java:470)
11-06 19:07:13.707 W/System.err( 3180): 	at com.starcor.httpapi.core.SCHttpTools.doRequest(SCHttpTools.java:178)
11-06 19:07:13.707 W/System.err( 3180): 	at com.starcor.httpapi.core.SCHttpApiEngine$ApiRunnable.runTask(SCHttpApiEngine.java:507)
11-06 19:07:13.707 W/System.err( 3180): 	at com.starcor.httpapi.core.SCHttpApiEngine$ApiRunnable.run(SCHttpApiEngine.java:442)
11-06 19:07:13.707 W/System.err( 3180): 	at java.lang.Thread.run(Thread.java:818)
11-06 19:07:13.708 I/Starcor ( 3180): Req url    (N2_A_3):/SyncTime?OutputType=json&Mac=A8-F4-70-8A-E7-CB&MacId=A8-F4-70-8A-E7-CB&Version=5.3.008.200.2.DBEI.0.0_Release&UserId=mgtvmacA8F4708AE7CB&UserAgent=nn_player%2Fstd%2F1.0.0
11-06 19:07:13.708 I/Starcor ( 3180): httpDns url(N2_A_3):/SyncTime?OutputType=json&Mac=A8-F4-70-8A-E7-CB&MacId=A8-F4-70-8A-E7-CB&Version=5.3.008.200.2.DBEI.0.0_Release&UserId=mgtvmacA8F4708AE7CB&UserAgent=nn_player%2Fstd%2F1.0.0
11-06 19:07:13.708 W/System.err( 3180): java.net.MalformedURLException: Protocol not found: /SyncTime?OutputType=json&Mac=A8-F4-70-8A-E7-CB&MacId=A8-F4-70-8A-E7-CB&Version=5.3.008.200.2.DBEI.0.0_Release&UserId=mgtvmacA8F4708AE7CB&UserAgent=nn_player%2Fstd%2F1.0.0
11-06 19:07:13.708 W/System.err( 3180): 	at java.net.URL.<init>(URL.java:176)
11-06 19:07:13.709 W/System.err( 3180): 	at java.net.URL.<init>(URL.java:125)
11-06 19:07:13.709 W/System.err( 3180): 	at com.starcor.core.utils.HttpUtil.tryGetIp(HttpUtil.java:79)
11-06 19:07:13.709 W/System.err( 3180): 	at com.starcor.httpapi.core.SCHttpTools.doRequest(SCHttpTools.java:105)
11-06 19:07:13.709 W/System.err( 3180): 	at com.starcor.httpapi.core.SCHttpApiEngine$ApiRunnable.runTask(SCHttpApiEngine.java:507)
11-06 19:07:13.709 W/System.err( 3180): 	at com.starcor.httpapi.core.SCHttpApiEngine$ApiRunnable.run(SCHttpApiEngine.java:442)
11-06 19:07:13.709 W/System.err( 3180): 	at java.lang.Thread.run(Thread.java:818)
11-06 19:07:13.710 W/System.err( 3180): java.lang.IllegalStateException: Target host must not be null, or set in parameters. scheme=null, host=null, path=/SyncTime
11-06 19:07:13.710 W/System.err( 3180): 	at org.apache.http.impl.client.DefaultRequestDirector.determineRoute(DefaultRequestDirector.java:596)
11-06 19:07:13.710 W/System.err( 3180): 	at org.apache.http.impl.client.DefaultRequestDirector.execute(DefaultRequestDirector.java:298)
11-06 19:07:13.710 W/System.err( 3180): 	at org.apache.http.impl.client.AbstractHttpClient.execute(AbstractHttpClient.java:560)
11-06 19:07:13.710 W/System.err( 3180): 	at org.apache.http.impl.client.AbstractHttpClient.execute(AbstractHttpClient.java:492)
11-06 19:07:13.710 W/System.err( 3180): 	at org.apache.http.impl.client.AbstractHttpClient.execute(AbstractHttpClient.java:470)
11-06 19:07:13.710 W/System.err( 3180): 	at com.starcor.httpapi.core.SCHttpTools.doRequest(SCHttpTools.java:178)
11-06 19:07:13.710 W/System.err( 3180): 	at com.starcor.httpapi.core.SCHttpApiEngine$ApiRunnable.runTask(SCHttpApiEngine.java:507)
11-06 19:07:13.710 W/System.err( 3180): 	at com.starcor.httpapi.core.SCHttpApiEngine$ApiRunnable.run(SCHttpApiEngine.java:442)
11-06 19:07:13.710 W/System.err( 3180): 	at java.lang.Thread.run(Thread.java:818)
11-06 19:07:13.713 I/Api     ( 3180): srcApiName:N2_A_3, 转换后的url=
11-06 19:07:13.713 I/Api     ( 3180): /SyncTime?OutputType=json&Mac=A8-F4-70-8A-E7-CB&MacId=A8-F4-70-8A-E7-CB&Version=5.3.008.200.2.DBEI.0.0_Release&UserId=mgtvmacA8F4708AE7CB&UserAgent=nn_player%2Fstd%2F1.0.0
11-06 19:07:13.713 I/SCHttpApiEngine( 3180): runTask complete taskId:8, taskName:N2_A_3, CacheLife:0s, coast time:16ms
11-06 19:07:13.713 W/SystemTimeManager( 3180): Time synchronization fails,reslut code:0
11-06 19:07:13.713 I/SystemTimeManager( 3180): handleMessage reset synProtection=0
11-06 19:07:13.832 E/hcdn_upload( 3008): HCDN_LOG: [2017/11/06-19:07:13:832]:Update uload speed 1 kbps ,real:0 kbps,qsize:0,maxsize:12,timeout_speed:0 kbps 
11-06 19:07:13.857 I/Advanced( 3835): [QUEUE] share_queue_sendEx size:1 4097 144 0x8f155f48,postLoopId:0,dstid:1.
11-06 19:07:13.862 D/BackBootDealerNeimeng( 2389): standbyState:
11-06 19:07:13.862 E/NetUtils( 2018): Interface eth0 LinkDown!
11-06 19:07:13.898 I/AdvancedPorting-PORT_MODULE_NET( 3835): network_task while... 
11-06 19:07:13.898 I/AdvancedPorting-PORT_MODULE_NET( 3835): 0 interface name: lo
11-06 19:07:13.898 I/AdvancedPorting-PORT_MODULE_NET( 3835): 1 interface name: wlan0
11-06 19:07:13.898 I/AdvancedPorting-PORT_MODULE_NET( 3835): First interface name: lo
11-06 19:07:13.898 I/AdvancedPorting-PORT_MODULE_NET( 3835): network_task while...  net_i:1
11-06 19:07:13.898 I/AdvancedPorting-PORT_MODULE_NET( 3835): network_task while---name_interface[0]=lo
11-06 19:07:13.898 I/AdvancedPorting-PORT_MODULE_NET( 3835): network_task while---name_interface[1]=wlan0
11-06 19:07:13.898 I/AdvancedPorting-PORT_MODULE_NET( 3835): network_task while---interface_name=wlan0
11-06 19:07:13.898 I/AdvancedPorting-PORT_MODULE_NET( 3835): network_get_netlink_status(in)--if_name=wlan0
11-06 19:07:13.898 I/AdvancedPorting-PORT_MODULE_NET( 3835): net.network.isconnected = no
11-06 19:07:13.898 I/AdvancedPorting-PORT_MODULE_NET( 3835): wlan0 --network_get_netlink_status return retval=1
11-06 19:07:13.898 I/AdvancedPorting-PORT_MODULE_NET( 3835): stat = 1 last_status = 1
11-06 19:07:13.899 D/[blink]DOMTimer( 3835): [fired] 0x524d1770 timeout fired.
11-06 19:07:13.899 D/ScriptController( 3835): [executeScriptAndReturnValue] [V8] evaluate Script start. frame=0x4d121a48 url= line=1. source length=22
11-06 19:07:13.899 D/iPanel  ( 3835): iPanel.debug("checkOverlayCreated")
11-06 19:07:13.900 D/[blink]DOMTimer( 3835): [DOMTimer] 0x524d17e0 setTimeout 300ms, repeat:0.
11-06 19:07:13.900 D/ScriptController( 3835): [executeScriptAndReturnValue] [V8] evaluate Script end. frame=0x4d121a48 
11-06 19:07:14.057 I/Advanced( 3835): [QUEUE] share_queue_sendEx size:1 4097 145 0x8f155f48,postLoopId:0,dstid:1.
11-06 19:07:14.101 D/[blink]DOMTimer( 3835): [fired] 0x524d1178 timeout fired.
11-06 19:07:14.101 D/V8ScriptRunner( 3835): [callFunction] start. frame = 0x4d129d58 function:  url: http://10.14.30.222:8889/appcms4.0/app/tv/newklq/xwjj/klqzs/js/common.js line: 197
11-06 19:07:14.103 D/V8ScriptRunner( 3835): [callFunction] end. frame = 0x4d129d58 function:  url: http://10.14.30.222:8889/appcms4.0/app/tv/newklq/xwjj/klqzs/js/common.js line: 197
11-06 19:07:14.200 D/[blink]DOMTimer( 3835): [fired] 0x524d17e0 timeout fired.
11-06 19:07:14.200 D/ScriptController( 3835): [executeScriptAndReturnValue] [V8] evaluate Script start. frame=0x4d121a48 url= line=1. source length=22
11-06 19:07:14.200 D/iPanel  ( 3835): iPanel.debug("checkOverlayCreated")
11-06 19:07:14.200 D/[blink]DOMTimer( 3835): [DOMTimer] 0x524d1850 setTimeout 300ms, repeat:0.
11-06 19:07:14.200 D/ScriptController( 3835): [executeScriptAndReturnValue] [V8] evaluate Script end. frame=0x4d121a48 
11-06 19:07:14.258 I/Advanced( 3835): [QUEUE] share_queue_sendEx size:1 4097 146 0x8f155f48,postLoopId:0,dstid:1.
11-06 19:07:14.362 D/BackBootDealerNeimeng( 2389): standbyState:
11-06 19:07:14.363 E/NetUtils( 2018): Interface eth0 LinkDown!
11-06 19:07:14.458 I/Advanced( 3835): [QUEUE] share_queue_sendEx size:1 4097 147 0x8f155f48,postLoopId:0,dstid:1.
11-06 19:07:14.500 D/[blink]DOMTimer( 3835): [fired] 0x524d1850 timeout fired.
11-06 19:07:14.501 D/ScriptController( 3835): [executeScriptAndReturnValue] [V8] evaluate Script start. frame=0x4d121a48 url= line=1. source length=22
11-06 19:07:14.501 D/iPanel  ( 3835): iPanel.debug("checkOverlayCreated")
11-06 19:07:14.501 D/[blink]DOMTimer( 3835): [DOMTimer] 0x524d18c0 setTimeout 300ms, repeat:0.
11-06 19:07:14.501 D/ScriptController( 3835): [executeScriptAndReturnValue] [V8] evaluate Script end. frame=0x4d121a48 
11-06 19:07:14.658 I/Advanced( 3835): [QUEUE] share_queue_sendEx size:1 4097 148 0x8f155f48,postLoopId:0,dstid:1.
11-06 19:07:14.717 D/[blink]memoryCache( 3835): [evict] remove:http://10.14.30.222:8889/appcms4.0/app/tv/newklq/xwjj/klqzs/content.js
11-06 19:07:14.717 D/[blink]memoryCache( 3835): [evict] remove:http://10.14.30.222:8889/appcms4.0/app/tv/newklq/xwjj/images/icon1_01.png
11-06 19:07:14.717 D/[blink]memoryCache( 3835): [evict] remove:http://10.14.30.222:8889/appcms4.0/app/tv/newklq/xwjj/images/icon1_02.png
11-06 19:07:14.717 D/[blink]memoryCache( 3835): [evict] remove:http://10.14.30.222:8889/appcms4.0/app/tv/newklq/xwjj/images/focus03.png
11-06 19:07:14.717 D/[blink]memoryCache( 3835): [evict] remove:http://10.14.30.222:8889/appcms4.0/app/tv/newklq/xwjj/images/pic2_05.png
11-06 19:07:14.717 D/[blink]memoryCache( 3835): [evict] remove:http://10.14.30.222:8889/appcms4.0/app/tv/newklq/xwjj/js/keyevent.js
11-06 19:07:14.717 D/[blink]memoryCache( 3835): [evict] remove:http://10.14.30.222:8889/appcms4.0/app/tv/newklq/xwjj/images/focus01.png
11-06 19:07:14.717 D/[blink]memoryCache( 3835): [evict] remove:http://10.14.30.222:8889/appcms4.0/app/tv/newklq/xwjj/klqzs/images/icon_bg02.png
11-06 19:07:14.717 D/[blink]memoryCache( 3835): [evict] remove:http://10.14.30.222:8889/appcms4.0/app/tv/newklq/xwjj/images/pic1_01.jpg
11-06 19:07:14.717 D/[blink]memoryCache( 3835): [evict] remove:http://10.14.30.222//application/appcmsFiles/1506672726094146631.jpg
11-06 19:07:14.717 D/[blink]memoryCache( 3835): [evict] remove:http://10.14.30.222:8889/appcms4.0/app/tv/newklq/xwjj/images/bg2.png
11-06 19:07:14.717 D/[blink]memoryCache( 3835): [evict] remove:http://10.14.30.222:8889/appcms4.0/app/tv/newklq/xwjj/klqzs/images/icon_bg04.png
11-06 19:07:14.717 D/[blink]memoryCache( 3835): [evict] remove:http://10.14.30.222:8889/appcms4.0/app/tv/newklq/xwjj/images/pic2_03.png
11-06 19:07:14.717 D/[blink]memoryCache( 3835): [evict] remove:http://10.14.30.222:8889/appcms4.0/app/tv/newklq/xwjj/js/mediaPlayer.js
11-06 19:07:14.717 D/[blink]memoryCache( 3835): [evict] remove:http://10.14.30.222:8889/appcms4.0/app/tv/newklq/xwjj/js/showList.js
11-06 19:07:14.717 D/[blink]memoryCache( 3835): [evict] remove:http://10.14.30.222:8889/appcms4.0/app/tv/newklq/xwjj/images/logo.png
11-06 19:07:14.717 D/[blink]memoryCache( 3835): [evict] remove:http://10.14.30.222:8889/appcms4.0/app/tv/newklq/xwjj/images/pic1_02.jpg
11-06 19:07:14.717 D/[blink]memoryCache( 3835): [evict] remove:http://10.14.30.222:8889/appcms4.0/app/tv/newklq/xwjj/klqzs/images/icon1_05.png
11-06 19:07:14.717 D/[blink]memoryCache( 3835): [evict] remove:http://10.14.30.222:8889/appcms4.0/app/tv/newklq/xwjj/images/focus02.png
11-06 19:07:14.717 D/[blink]memoryCache( 3835): [evict] remove:http://10.14.30.222:8889/appcms4.0/app/tv/newklq/xwjj/images/pic2_04.png
11-06 19:07:14.717 D/[blink]memoryCache( 3835): [evict] remove:http://10.14.30.222:8889/appcms4.0/app/tv/newklq/xwjj/images/pic2_02.png
11-06 19:07:14.717 D/[blink]memoryCache( 3835): [evict] remove:http://10.14.30.222:8889/appcms4.0/app/tv/newklq/xwjj/js/common.js
11-06 19:07:14.717 D/[blink]memoryCache( 3835): [evict] remove:http://10.14.30.222:8889/appcms4.0/app/tv/newklq/xwjj/images/pic2_01.png
11-06 19:07:14.718 D/[blink]FrameView( 3835): [~FrameView] destroy FrameView frame=0x4d129d58 frame view=0x524c6f78
11-06 19:07:14.718 D/[blink]FrameView( 3835): [~FrameView] destroy FrameView frame=0x4d129d58 frame view=0x524c9608
11-06 19:07:14.718 D/[blink]FrameView( 3835): [~FrameView] destroy FrameView frame=0x4d129d58 frame view=0x524cc070
11-06 19:07:14.801 D/[blink]DOMTimer( 3835): [fired] 0x524d18c0 timeout fired.
11-06 19:07:14.801 D/ScriptController( 3835): [executeScriptAndReturnValue] [V8] evaluate Script start. frame=0x4d121a48 url= line=1. source length=22
11-06 19:07:14.801 D/iPanel  ( 3835): iPanel.debug("checkOverlayCreated")
11-06 19:07:14.802 D/[blink]DOMTimer( 3835): [DOMTimer] 0x524d1930 setTimeout 300ms, repeat:0.
11-06 19:07:14.802 D/ScriptController( 3835): [executeScriptAndReturnValue] [V8] evaluate Script end. frame=0x4d121a48 
11-06 19:07:14.832 E/hcdn_upload( 3008): HCDN_LOG: [2017/11/06-19:07:14:832]:Update uload speed 1 kbps ,real:0 kbps,qsize:0,maxsize:12,timeout_speed:0 kbps 
11-06 19:07:14.859 I/Advanced( 3835): [QUEUE] share_queue_sendEx size:1 4097 149 0x8f155f48,postLoopId:0,dstid:1.
11-06 19:07:14.864 D/BackBootDealerNeimeng( 2389): standbyState:
11-06 19:07:14.865 E/NetUtils( 2018): Interface eth0 LinkDown!
11-06 19:07:14.898 I/AdvancedPorting-PORT_MODULE_NET( 3835): network_task while... 
11-06 19:07:14.898 I/AdvancedPorting-PORT_MODULE_NET( 3835): 0 interface name: lo
11-06 19:07:14.898 I/AdvancedPorting-PORT_MODULE_NET( 3835): 1 interface name: wlan0
11-06 19:07:14.898 I/AdvancedPorting-PORT_MODULE_NET( 3835): First interface name: lo
11-06 19:07:14.898 I/AdvancedPorting-PORT_MODULE_NET( 3835): network_task while...  net_i:1
11-06 19:07:14.898 I/AdvancedPorting-PORT_MODULE_NET( 3835): network_task while---name_interface[0]=lo
11-06 19:07:14.898 I/AdvancedPorting-PORT_MODULE_NET( 3835): network_task while---name_interface[1]=wlan0
11-06 19:07:14.898 I/AdvancedPorting-PORT_MODULE_NET( 3835): network_task while---interface_name=wlan0
11-06 19:07:14.898 I/AdvancedPorting-PORT_MODULE_NET( 3835): network_get_netlink_status(in)--if_name=wlan0
11-06 19:07:14.898 I/AdvancedPorting-PORT_MODULE_NET( 3835): net.network.isconnected = no
11-06 19:07:14.898 I/AdvancedPorting-PORT_MODULE_NET( 3835): wlan0 --network_get_netlink_status return retval=1
11-06 19:07:14.898 I/AdvancedPorting-PORT_MODULE_NET( 3835): stat = 1 last_status = 1
11-06 19:07:15.059 I/Advanced( 3835): [QUEUE] share_queue_sendEx size:1 4097 150 0x8f155f48,postLoopId:0,dstid:1.
11-06 19:07:15.101 D/[blink]DOMTimer( 3835): [fired] 0x524d1178 timeout fired.
11-06 19:07:15.101 D/V8ScriptRunner( 3835): [callFunction] start. frame = 0x4d129d58 function:  url: http://10.14.30.222:8889/appcms4.0/app/tv/newklq/xwjj/klqzs/js/common.js line: 197
11-06 19:07:15.104 D/V8ScriptRunner( 3835): [callFunction] end. frame = 0x4d129d58 function:  url: http://10.14.30.222:8889/appcms4.0/app/tv/newklq/xwjj/klqzs/js/common.js line: 197
11-06 19:07:15.104 D/[blink]DOMTimer( 3835): [fired] 0x524d1930 timeout fired.
11-06 19:07:15.104 D/ScriptController( 3835): [executeScriptAndReturnValue] [V8] evaluate Script start. frame=0x4d121a48 url= line=1. source length=22
11-06 19:07:15.104 D/iPanel  ( 3835): iPanel.debug("checkOverlayCreated")
11-06 19:07:15.105 D/[blink]DOMTimer( 3835): [DOMTimer] 0x524d19a0 setTimeout 300ms, repeat:0.
11-06 19:07:15.105 D/ScriptController( 3835): [executeScriptAndReturnValue] [V8] evaluate Script end. frame=0x4d121a48 
11-06 19:07:15.260 I/Advanced( 3835): [QUEUE] share_queue_sendEx size:1 4097 151 0x8f155f48,postLoopId:0,dstid:1.
11-06 19:07:15.340 E/storage_operate( 3008): HCDN_LOG: [2017/11/06-19:07:15:340]:[func:GetTaskCount],[line:827],[oper:get task count],[state:0],[count:0]
11-06 19:07:15.340 E/storage_operate( 3008): HCDN_LOG: [2017/11/06-19:07:15:340]:[func:GetTaskCount],[line:827],[oper:get task count],[state:0],[count:0]
11-06 19:07:15.340 E/storage_operate( 3008): HCDN_LOG: [2017/11/06-19:07:15:340]:[func:GetTaskCount],[line:827],[oper:get task count],[state:1],[count:0]
11-06 19:07:15.365 D/BackBootDealerNeimeng( 2389): standbyState:
11-06 19:07:15.366 E/NetUtils( 2018): Interface eth0 LinkDown!
11-06 19:07:15.405 D/[blink]DOMTimer( 3835): [fired] 0x524d19a0 timeout fired.
11-06 19:07:15.405 D/ScriptController( 3835): [executeScriptAndReturnValue] [V8] evaluate Script start. frame=0x4d121a48 url= line=1. source length=22
11-06 19:07:15.405 D/iPanel  ( 3835): iPanel.debug("checkOverlayCreated")
11-06 19:07:15.405 D/[blink]DOMTimer( 3835): [DOMTimer] 0x524d1a10 setTimeout 300ms, repeat:0.
11-06 19:07:15.405 D/ScriptController( 3835): [executeScriptAndReturnValue] [V8] evaluate Script end. frame=0x4d121a48 
11-06 19:07:15.451 E/storage_operate( 2658): HCDN_LOG: [2017/11/06-19:07:15:451]:[func:GetTaskCount],[line:827],[oper:get task count],[state:0],[count:0]
11-06 19:07:15.452 E/storage_operate( 2658): HCDN_LOG: [2017/11/06-19:07:15:451]:[func:GetTaskCount],[line:827],[oper:get task count],[state:0],[count:0]
11-06 19:07:15.452 E/storage_operate( 2658): HCDN_LOG: [2017/11/06-19:07:15:452]:[func:GetTaskCount],[line:827],[oper:get task count],[state:1],[count:0]
11-06 19:07:15.460 I/Advanced( 3835): [QUEUE] share_queue_sendEx size:1 4097 152 0x8f155f48,postLoopId:0,dstid:1.
11-06 19:07:15.661 I/Advanced( 3835): [QUEUE] share_queue_sendEx size:1 4097 153 0x8f155f48,postLoopId:0,dstid:1.
11-06 19:07:15.705 D/[blink]DOMTimer( 3835): [fired] 0x524d1a10 timeout fired.
11-06 19:07:15.705 D/ScriptController( 3835): [executeScriptAndReturnValue] [V8] evaluate Script start. frame=0x4d121a48 url= line=1. source length=22
11-06 19:07:15.706 D/iPanel  ( 3835): iPanel.debug("checkOverlayCreated")
11-06 19:07:15.706 D/[blink]DOMTimer( 3835): [DOMTimer] 0x524d1a80 setTimeout 300ms, repeat:0.
11-06 19:07:15.706 D/ScriptController( 3835): [executeScriptAndReturnValue] [V8] evaluate Script end. frame=0x4d121a48 
11-06 19:07:15.833 E/hcdn_upload( 3008): HCDN_LOG: [2017/11/06-19:07:15:833]:Update uload speed 1 kbps ,real:0 kbps,qsize:0,maxsize:12,timeout_speed:0 kbps 
11-06 19:07:15.861 I/Advanced( 3835): [QUEUE] share_queue_sendEx size:1 4097 154 0x8f155f48,postLoopId:0,dstid:1.
11-06 19:07:15.866 D/BackBootDealerNeimeng( 2389): standbyState:
11-06 19:07:15.867 E/NetUtils( 2018): Interface eth0 LinkDown!
11-06 19:07:15.898 I/AdvancedPorting-PORT_MODULE_NET( 3835): network_task while... 
11-06 19:07:15.898 I/AdvancedPorting-PORT_MODULE_NET( 3835): 0 interface name: lo
11-06 19:07:15.898 I/AdvancedPorting-PORT_MODULE_NET( 3835): 1 interface name: wlan0
11-06 19:07:15.899 I/AdvancedPorting-PORT_MODULE_NET( 3835): First interface name: lo
11-06 19:07:15.899 I/AdvancedPorting-PORT_MODULE_NET( 3835): network_task while...  net_i:1
11-06 19:07:15.899 I/AdvancedPorting-PORT_MODULE_NET( 3835): network_task while---name_interface[0]=lo
11-06 19:07:15.899 I/AdvancedPorting-PORT_MODULE_NET( 3835): network_task while---name_interface[1]=wlan0
11-06 19:07:15.899 I/AdvancedPorting-PORT_MODULE_NET( 3835): network_task while---interface_name=wlan0
11-06 19:07:15.899 I/AdvancedPorting-PORT_MODULE_NET( 3835): network_get_netlink_status(in)--if_name=wlan0
11-06 19:07:15.899 I/AdvancedPorting-PORT_MODULE_NET( 3835): net.network.isconnected = no
11-06 19:07:15.899 I/AdvancedPorting-PORT_MODULE_NET( 3835): wlan0 --network_get_netlink_status return retval=1
11-06 19:07:15.899 I/AdvancedPorting-PORT_MODULE_NET( 3835): stat = 1 last_status = 1
11-06 19:07:16.006 D/[blink]DOMTimer( 3835): [fired] 0x524d1a80 timeout fired.
11-06 19:07:16.006 D/ScriptController( 3835): [executeScriptAndReturnValue] [V8] evaluate Script start. frame=0x4d121a48 url= line=1. source length=22
11-06 19:07:16.006 D/iPanel  ( 3835): iPanel.debug("checkOverlayCreated")
11-06 19:07:16.007 D/[blink]DOMTimer( 3835): [DOMTimer] 0x524d1af0 setTimeout 300ms, repeat:0.
11-06 19:07:16.007 D/ScriptController( 3835): [executeScriptAndReturnValue] [V8] evaluate Script end. frame=0x4d121a48 
11-06 19:07:16.062 I/Advanced( 3835): [QUEUE] share_queue_sendEx size:1 4097 155 0x8f155f48,postLoopId:0,dstid:1.
11-06 19:07:16.101 D/[blink]DOMTimer( 3835): [fired] 0x524d1178 timeout fired.
11-06 19:07:16.101 D/V8ScriptRunner( 3835): [callFunction] start. frame = 0x4d129d58 function:  url: http://10.14.30.222:8889/appcms4.0/app/tv/newklq/xwjj/klqzs/js/common.js line: 197
11-06 19:07:16.104 D/V8ScriptRunner( 3835): [callFunction] end. frame = 0x4d129d58 function:  url: http://10.14.30.222:8889/appcms4.0/app/tv/newklq/xwjj/klqzs/js/common.js line: 197
11-06 19:07:16.307 D/[blink]DOMTimer( 3835): [fired] 0x524d1af0 timeout fired.
11-06 19:07:16.307 D/ScriptController( 3835): [executeScriptAndReturnValue] [V8] evaluate Script start. frame=0x4d121a48 url= line=1. source length=22
11-06 19:07:16.307 D/iPanel  ( 3835): iPanel.debug("checkOverlayCreated")
11-06 19:07:16.307 D/[blink]DOMTimer( 3835): [DOMTimer] 0x524d1b60 setTimeout 300ms, repeat:0.
11-06 19:07:16.307 D/ScriptController( 3835): [executeScriptAndReturnValue] [V8] evaluate Script end. frame=0x4d121a48 
11-06 19:07:16.368 D/BackBootDealerNeimeng( 2389): standbyState:
11-06 19:07:16.369 E/NetUtils( 2018): Interface eth0 LinkDown!
11-06 19:07:16.472 I/Advanced( 3835): [QUEUE] share_queue_sendEx size:1 4097 157 0x8f155f48,postLoopId:0,dstid:1.
11-06 19:07:16.608 D/[blink]DOMTimer( 3835): [fired] 0x524d1b60 timeout fired.
11-06 19:07:16.608 D/ScriptController( 3835): [executeScriptAndReturnValue] [V8] evaluate Script start. frame=0x4d121a48 url= line=1. source length=22
11-06 19:07:16.608 D/iPanel  ( 3835): iPanel.debug("checkOverlayCreated")
11-06 19:07:16.608 D/[blink]DOMTimer( 3835): [DOMTimer] 0x524d1bd0 setTimeout 300ms, repeat:0.
11-06 19:07:16.608 D/ScriptController( 3835): [executeScriptAndReturnValue] [V8] evaluate Script end. frame=0x4d121a48 
11-06 19:07:16.672 I/Advanced( 3835): [QUEUE] share_queue_sendEx size:1 4097 158 0x8f155f48,postLoopId:0,dstid:1.
11-06 19:07:16.833 E/hcdn_upload( 3008): HCDN_LOG: [2017/11/06-19:07:16:833]:Update uload speed 1 kbps ,real:0 kbps,qsize:0,maxsize:12,timeout_speed:0 kbps 
11-06 19:07:16.869 D/BackBootDealerNeimeng( 2389): standbyState:
11-06 19:07:16.870 E/NetUtils( 2018): Interface eth0 LinkDown!
11-06 19:07:16.873 I/Advanced( 3835): [QUEUE] share_queue_sendEx size:1 4097 159 0x8f155f48,postLoopId:0,dstid:1.
11-06 19:07:16.899 I/AdvancedPorting-PORT_MODULE_NET( 3835): network_task while... 
11-06 19:07:16.899 I/AdvancedPorting-PORT_MODULE_NET( 3835): 0 interface name: lo
11-06 19:07:16.899 I/AdvancedPorting-PORT_MODULE_NET( 3835): 1 interface name: wlan0
11-06 19:07:16.899 I/AdvancedPorting-PORT_MODULE_NET( 3835): First interface name: lo
11-06 19:07:16.899 I/AdvancedPorting-PORT_MODULE_NET( 3835): network_task while...  net_i:1
11-06 19:07:16.899 I/AdvancedPorting-PORT_MODULE_NET( 3835): network_task while---name_interface[0]=lo
11-06 19:07:16.899 I/AdvancedPorting-PORT_MODULE_NET( 3835): network_task while---name_interface[1]=wlan0
11-06 19:07:16.899 I/AdvancedPorting-PORT_MODULE_NET( 3835): network_task while---interface_name=wlan0
11-06 19:07:16.899 I/AdvancedPorting-PORT_MODULE_NET( 3835): network_get_netlink_status(in)--if_name=wlan0
11-06 19:07:16.899 I/AdvancedPorting-PORT_MODULE_NET( 3835): net.network.isconnected = no
11-06 19:07:16.899 I/AdvancedPorting-PORT_MODULE_NET( 3835): wlan0 --network_get_netlink_status return retval=1
11-06 19:07:16.899 I/AdvancedPorting-PORT_MODULE_NET( 3835): stat = 1 last_status = 1
11-06 19:07:16.908 D/[blink]DOMTimer( 3835): [fired] 0x524d1bd0 timeout fired.
11-06 19:07:16.908 D/ScriptController( 3835): [executeScriptAndReturnValue] [V8] evaluate Script start. frame=0x4d121a48 url= line=1. source length=22
11-06 19:07:16.909 D/iPanel  ( 3835): iPanel.debug("checkOverlayCreated")
11-06 19:07:16.909 D/[blink]DOMTimer( 3835): [DOMTimer] 0x524d1c40 setTimeout 300ms, repeat:0.
11-06 19:07:16.909 D/ScriptController( 3835): [executeScriptAndReturnValue] [V8] evaluate Script end. frame=0x4d121a48 
11-06 19:07:17.073 I/Advanced( 3835): [QUEUE] share_queue_sendEx size:1 4097 160 0x8f155f48,postLoopId:0,dstid:1.
11-06 19:07:17.101 D/[blink]DOMTimer( 3835): [fired] 0x524d1178 timeout fired.
11-06 19:07:17.101 D/V8ScriptRunner( 3835): [callFunction] start. frame = 0x4d129d58 function:  url: http://10.14.30.222:8889/appcms4.0/app/tv/newklq/xwjj/klqzs/js/common.js line: 197
11-06 19:07:17.102 D/V8ScriptRunner( 3835): [callFunction] end. frame = 0x4d129d58 function:  url: http://10.14.30.222:8889/appcms4.0/app/tv/newklq/xwjj/klqzs/js/common.js line: 197
11-06 19:07:17.209 D/[blink]DOMTimer( 3835): [fired] 0x524d1c40 timeout fired.
11-06 19:07:17.209 D/ScriptController( 3835): [executeScriptAndReturnValue] [V8] evaluate Script start. frame=0x4d121a48 url= line=1. source length=22
11-06 19:07:17.209 D/iPanel  ( 3835): iPanel.debug("checkOverlayCreated")
11-06 19:07:17.210 D/[blink]DOMTimer( 3835): [DOMTimer] 0x524d1cb0 setTimeout 300ms, repeat:0.
11-06 19:07:17.210 D/ScriptController( 3835): [executeScriptAndReturnValue] [V8] evaluate Script end. frame=0x4d121a48 
11-06 19:07:17.274 I/Advanced( 3835): [QUEUE] share_queue_sendEx size:1 4097 161 0x8f155f48,postLoopId:0,dstid:1.
11-06 19:07:17.370 D/BackBootDealerNeimeng( 2389): standbyState:
11-06 19:07:17.371 E/NetUtils( 2018): Interface eth0 LinkDown!
11-06 19:07:17.474 I/Advanced( 3835): [QUEUE] share_queue_sendEx size:1 4097 162 0x8f155f48,postLoopId:0,dstid:1.
11-06 19:07:17.510 D/[blink]DOMTimer( 3835): [fired] 0x524d1cb0 timeout fired.
11-06 19:07:17.510 D/ScriptController( 3835): [executeScriptAndReturnValue] [V8] evaluate Script start. frame=0x4d121a48 url= line=1. source length=22
11-06 19:07:17.510 D/iPanel  ( 3835): iPanel.debug("checkOverlayCreated")
11-06 19:07:17.510 D/[blink]DOMTimer( 3835): [DOMTimer] 0x524d1d20 setTimeout 300ms, repeat:0.
11-06 19:07:17.510 D/ScriptController( 3835): [executeScriptAndReturnValue] [V8] evaluate Script end. frame=0x4d121a48 
11-06 19:07:17.675 I/Advanced( 3835): [QUEUE] share_queue_sendEx size:1 4097 163 0x8f155f48,postLoopId:0,dstid:1.
11-06 19:07:17.811 D/[blink]DOMTimer( 3835): [fired] 0x524d1d20 timeout fired.
11-06 19:07:17.811 D/ScriptController( 3835): [executeScriptAndReturnValue] [V8] evaluate Script start. frame=0x4d121a48 url= line=1. source length=22
11-06 19:07:17.811 D/iPanel  ( 3835): iPanel.debug("checkOverlayCreated")
11-06 19:07:17.811 D/[blink]DOMTimer( 3835): [DOMTimer] 0x524d1d90 setTimeout 300ms, repeat:0.
11-06 19:07:17.811 D/ScriptController( 3835): [executeScriptAndReturnValue] [V8] evaluate Script end. frame=0x4d121a48 
11-06 19:07:17.834 E/hcdn_upload( 3008): HCDN_LOG: [2017/11/06-19:07:17:834]:Update uload speed 1 kbps ,real:0 kbps,qsize:0,maxsize:12,timeout_speed:0 kbps 
11-06 19:07:17.872 D/BackBootDealerNeimeng( 2389): standbyState:
11-06 19:07:17.872 E/NetUtils( 2018): Interface eth0 LinkDown!
11-06 19:07:17.875 I/Advanced( 3835): [QUEUE] share_queue_sendEx size:1 4097 164 0x8f155f48,postLoopId:0,dstid:1.
11-06 19:07:17.899 I/AdvancedPorting-PORT_MODULE_NET( 3835): network_task while... 
11-06 19:07:17.900 I/AdvancedPorting-PORT_MODULE_NET( 3835): 0 interface name: lo
11-06 19:07:17.900 I/AdvancedPorting-PORT_MODULE_NET( 3835): 1 interface name: wlan0
11-06 19:07:17.900 I/AdvancedPorting-PORT_MODULE_NET( 3835): First interface name: lo
11-06 19:07:17.900 I/AdvancedPorting-PORT_MODULE_NET( 3835): network_task while...  net_i:1
11-06 19:07:17.900 I/AdvancedPorting-PORT_MODULE_NET( 3835): network_task while---name_interface[0]=lo
11-06 19:07:17.900 I/AdvancedPorting-PORT_MODULE_NET( 3835): network_task while---name_interface[1]=wlan0
11-06 19:07:17.900 I/AdvancedPorting-PORT_MODULE_NET( 3835): network_task while---interface_name=wlan0
11-06 19:07:17.900 I/AdvancedPorting-PORT_MODULE_NET( 3835): network_get_netlink_status(in)--if_name=wlan0
11-06 19:07:17.900 I/AdvancedPorting-PORT_MODULE_NET( 3835): net.network.isconnected = no
11-06 19:07:17.900 I/AdvancedPorting-PORT_MODULE_NET( 3835): wlan0 --network_get_netlink_status return retval=1
11-06 19:07:17.900 I/AdvancedPorting-PORT_MODULE_NET( 3835): stat = 1 last_status = 1
11-06 19:07:18.076 I/Advanced( 3835): [QUEUE] share_queue_sendEx size:1 4097 165 0x8f155f48,postLoopId:0,dstid:1.
11-06 19:07:18.101 D/[blink]DOMTimer( 3835): [fired] 0x524d1178 timeout fired.
11-06 19:07:18.101 D/V8ScriptRunner( 3835): [callFunction] start. frame = 0x4d129d58 function:  url: http://10.14.30.222:8889/appcms4.0/app/tv/newklq/xwjj/klqzs/js/common.js line: 197
11-06 19:07:18.102 D/V8ScriptRunner( 3835): [callFunction] end. frame = 0x4d129d58 function:  url: http://10.14.30.222:8889/appcms4.0/app/tv/newklq/xwjj/klqzs/js/common.js line: 197
11-06 19:07:18.111 D/[blink]DOMTimer( 3835): [fired] 0x524d1d90 timeout fired.
11-06 19:07:18.111 D/ScriptController( 3835): [executeScriptAndReturnValue] [V8] evaluate Script start. frame=0x4d121a48 url= line=1. source length=22
11-06 19:07:18.111 D/iPanel  ( 3835): iPanel.debug("checkOverlayCreated")
11-06 19:07:18.112 D/[blink]DOMTimer( 3835): [DOMTimer] 0x524d1e00 setTimeout 300ms, repeat:0.
11-06 19:07:18.112 D/ScriptController( 3835): [executeScriptAndReturnValue] [V8] evaluate Script end. frame=0x4d121a48 
11-06 19:07:18.276 I/Advanced( 3835): [QUEUE] share_queue_sendEx size:1 4097 166 0x8f155f48,postLoopId:0,dstid:1.
11-06 19:07:18.341 E/storage_operate( 3008): HCDN_LOG: [2017/11/06-19:07:18:341]:[func:GetTaskCount],[line:827],[oper:get task count],[state:0],[count:0]
11-06 19:07:18.341 E/storage_operate( 3008): HCDN_LOG: [2017/11/06-19:07:18:341]:[func:GetTaskCount],[line:827],[oper:get task count],[state:0],[count:0]
11-06 19:07:18.341 E/storage_operate( 3008): HCDN_LOG: [2017/11/06-19:07:18:341]:[func:GetTaskCount],[line:827],[oper:get task count],[state:1],[count:0]
11-06 19:07:18.372 D/BackBootDealerNeimeng( 2389): standbyState:
11-06 19:07:18.373 E/NetUtils( 2018): Interface eth0 LinkDown!
11-06 19:07:18.412 D/[blink]DOMTimer( 3835): [fired] 0x524d1e00 timeout fired.
11-06 19:07:18.412 D/ScriptController( 3835): [executeScriptAndReturnValue] [V8] evaluate Script start. frame=0x4d121a48 url= line=1. source length=22
11-06 19:07:18.412 D/iPanel  ( 3835): iPanel.debug("checkOverlayCreated")
11-06 19:07:18.412 D/[blink]DOMTimer( 3835): [DOMTimer] 0x524d1e70 setTimeout 300ms, repeat:0.
11-06 19:07:18.413 D/ScriptController( 3835): [executeScriptAndReturnValue] [V8] evaluate Script end. frame=0x4d121a48 
11-06 19:07:18.452 E/storage_operate( 2658): HCDN_LOG: [2017/11/06-19:07:18:452]:[func:GetTaskCount],[line:827],[oper:get task count],[state:0],[count:0]
11-06 19:07:18.452 E/storage_operate( 2658): HCDN_LOG: [2017/11/06-19:07:18:452]:[func:GetTaskCount],[line:827],[oper:get task count],[state:0],[count:0]
11-06 19:07:18.452 E/storage_operate( 2658): HCDN_LOG: [2017/11/06-19:07:18:452]:[func:GetTaskCount],[line:827],[oper:get task count],[state:1],[count:0]
11-06 19:07:18.476 I/Advanced( 3835): [QUEUE] share_queue_sendEx size:1 4097 167 0x8f155f48,postLoopId:0,dstid:1.
11-06 19:07:18.677 I/Advanced( 3835): [QUEUE] share_queue_sendEx size:1 4097 168 0x8f155f48,postLoopId:0,dstid:1.
11-06 19:07:18.713 D/[blink]DOMTimer( 3835): [fired] 0x524d1e70 timeout fired.
11-06 19:07:18.713 D/ScriptController( 3835): [executeScriptAndReturnValue] [V8] evaluate Script start. frame=0x4d121a48 url= line=1. source length=22
11-06 19:07:18.713 D/iPanel  ( 3835): iPanel.debug("checkOverlayCreated")
11-06 19:07:18.713 D/[blink]DOMTimer( 3835): [DOMTimer] 0x524d1ee0 setTimeout 300ms, repeat:0.
11-06 19:07:18.713 D/ScriptController( 3835): [executeScriptAndReturnValue] [V8] evaluate Script end. frame=0x4d121a48 
11-06 19:07:18.808 I/Com     ( 2774): run new connect
11-06 19:07:18.808 D/TR69Session GetParameterValues( 2774): getTextValue start [Device.ManagementServer.ConnectionRequestURL] and getter: com.sumavision.e.a.dg@2b462e16
11-06 19:07:18.809 D/ManagementServer( 2774): key:ConnectionRequestURL
11-06 19:07:18.809 D/GwClientType( 2774): getClientType CM_GW
11-06 19:07:18.809 D/GwUtils ( 2774): getWanIp start1111
11-06 19:07:18.809 D/GwUtils ( 2774): getWanIp ethName:eth0
11-06 19:07:18.809 D/GwUtils ( 2774): getWanIp wlanName:wlan0
11-06 19:07:18.809 D/GwUtils ( 2774): getWanIp pppoeName:ppp0
11-06 19:07:18.813 D/GwUtils ( 2774): getWanIpFromEthName addr.getHostAddress()2:fe80::1e1e:e3ff:fecb:e506%wlan0
11-06 19:07:18.813 D/GwUtils ( 2774): getWanIpFromEthName addr.getHostAddress()2:192.168.31.49
11-06 19:07:18.813 D/GwUtils ( 2774): getWanIpFromEthName addr.getHostAddress()2:::1%1
11-06 19:07:18.813 D/GwUtils ( 2774): getWanIpFromEthName addr.getHostAddress()2:127.0.0.1
11-06 19:07:18.813 D/GwUtils ( 2774): getWanIp ipRes1:
11-06 19:07:18.817 D/GwUtils ( 2774): getWanIpFromEthName addr.getHostAddress()2:fe80::1e1e:e3ff:fecb:e506%wlan0
11-06 19:07:18.817 D/GwUtils ( 2774): getWanIpFromEthName addr.getHostAddress()2:192.168.31.49
11-06 19:07:18.817 D/GwUtils ( 2774): getWanIpFromEthName addr.getHostAddress()2:::1%1
11-06 19:07:18.817 D/GwUtils ( 2774): getWanIpFromEthName addr.getHostAddress()2:127.0.0.1
11-06 19:07:18.817 D/GwUtils ( 2774): getWanIpFromEthName list ---------------------eth0
11-06 19:07:18.817 D/GwUtils ( 2774): getWanIp ipRes2:
11-06 19:07:18.823 D/GwUtils ( 2774): getWanIpFromEthName list ---------------------wlan0
11-06 19:07:18.823 D/GwUtils ( 2774): getWanIpFromEthName request ip = fe80::1e1e:e3ff:fecb:e506%wlan0
11-06 19:07:18.823 D/GwUtils ( 2774): addr.getHostAddress():fe80::1e1e:e3ff:fecb:e506%wlan0
11-06 19:07:18.823 D/GwUtils ( 2774): getWanIpFromEthName request ip = 192.168.31.49
11-06 19:07:18.823 D/GwUtils ( 2774): getWanIpFromEthName request ip:192.168.31.49
11-06 19:07:18.823 D/GwUtils ( 2774): getWanIp ipRes3:192.168.31.49
11-06 19:07:18.824 D/TR69Session GetParameterValues( 2774): getTextValue end
11-06 19:07:18.824 I/Com     ( 2774): run comcomcom===============http://192.168.31.49:16001/cpe
11-06 19:07:18.824 I/TR69Session( 2774): TR69Session create TR69Session with retry3
11-06 19:07:18.824 I/TR69Session( 2774): run create session
11-06 19:07:18.824 I/TR69Session( 2774): run Open session on ACS: http://tvos-tms.96066.com
11-06 19:07:18.824 I/TR69Session( 2774): run  and serverURL:http://tvos-tms.96066.com
11-06 19:07:18.824 I/TR69Session( 2774): run event number = 2
11-06 19:07:18.824 D/TR69Session( 2774): run TR069 SESSION CPE ------ 1 parameterData.getEventsArray().length = 2
