11-06 19:08:11.067 I/ActivityManager( 2018): START u0 {act= cmp=com.ipanel.android_webview.shell/com.ipanel.webapp.BrowserActivity (has extras)} from uid 1000 on display 0
11-06 19:08:11.075 W/ContextImpl( 2494): Calling a method in the system process without a qualified user: android.app.ContextImpl.sendBroadcast:1345 android.content.ContextWrapper.sendBroadcast:377 android.app.ActivityThread.performPauseActivity:3259 android.app.ActivityThread.performPauseActivity:3225 android.app.ActivityThread.handlePauseActivity:3200 
11-06 19:08:11.088 W/ViewRootImpl( 2494): Cancelling event due to no window focus: KeyEvent { action=ACTION_UP, keyCode=KEYCODE_DPAD_CENTER, scanCode=28, metaState=0, flags=0x28, repeatCount=0, eventTime=527785, downTime=527759, deviceId=3, source=0x701 }
11-06 19:08:11.089 W/ViewRootImpl( 2494): Cancelling event due to no window focus: KeyEvent { action=ACTION_UP, keyCode=KEYCODE_DPAD_CENTER, scanCode=28, metaState=0, flags=0x28, repeatCount=0, eventTime=527785, downTime=527759, deviceId=3, source=0x701 }
11-06 19:08:11.089 W/ViewRootImpl( 2494): Cancelling event due to no window focus: KeyEvent { action=ACTION_UP, keyCode=KEYCODE_DPAD_CENTER, scanCode=28, metaState=0, flags=0x28, repeatCount=0, eventTime=527785, downTime=527759, deviceId=3, source=0x701 }
11-06 19:08:11.089 W/ViewRootImpl( 2494): Cancelling event due to no window focus: KeyEvent { action=ACTION_UP, keyCode=KEYCODE_DPAD_CENTER, scanCode=28, metaState=0, flags=0x28, repeatCount=0, eventTime=527785, downTime=527759, deviceId=3, source=0x701 }
11-06 19:08:11.089 W/ViewRootImpl( 2494): Cancelling event due to no window focus: KeyEvent { action=ACTION_UP, keyCode=KEYCODE_DPAD_CENTER, scanCode=28, metaState=0, flags=0x28, repeatCount=0, eventTime=527785, downTime=527759, deviceId=3, source=0x701 }
11-06 19:08:11.089 W/ViewRootImpl( 2494): Cancelling event due to no window focus: KeyEvent { action=ACTION_UP, keyCode=KEYCODE_DPAD_CENTER, scanCode=28, metaState=0, flags=0x28, repeatCount=0, eventTime=527785, downTime=527759, deviceId=3, source=0x701 }
11-06 19:08:59.811 I/ActivityManager( 2018): Force stopping com.android.browser appid=10010 user=0: from pid 2389
11-06 19:08:59.812 I/ActivityManager( 2018): START u0 {act=android.intent.action.MAIN cat=[android.intent.category.HOME] flg=0x10200000 cmp=com.suma.midware.home/.third.Main3DActivity} from uid 1000 on display 0
11-06 19:08:59.850 W/ContextImpl( 2494): Calling a method in the system process without a qualified user: android.app.ContextImpl.sendBroadcast:1345 android.content.ContextWrapper.sendBroadcast:377 com.suma.midware.view.ext.BluetoothUpdate.b:-1 com.suma.midware.home.third.Main3DActivity.onResume:-1 android.app.Instrumentation.callActivityOnResume:1257 
11-06 19:08:59.853 W/ContextImpl( 2494): Calling a method in the system process without a qualified user: android.app.ContextImpl.sendBroadcast:1345 android.content.ContextWrapper.sendBroadcast:377 android.app.ActivityThread.performResumeActivity:2982 android.app.ActivityThread.handleResumeActivity:3023 android.app.ActivityThread$H.handleMessage:1347 
11-06 19:09:07.778 I/ActivityManager( 2018): START u0 {act= cmp=com.ipanel.android_webview.shell/com.ipanel.webapp.BrowserActivity (has extras)} from uid 1000 on display 0
11-06 19:09:07.787 W/ContextImpl( 2494): Calling a method in the system process without a qualified user: android.app.ContextImpl.sendBroadcast:1345 android.content.ContextWrapper.sendBroadcast:377 android.app.ActivityThread.performPauseActivity:3259 android.app.ActivityThread.performPauseActivity:3225 android.app.ActivityThread.handlePauseActivity:3200 
11-06 19:13:59.594 I/ActivityManager( 2018): START u0 {act=android.intent.action.MAIN cat=[android.intent.category.HOME] flg=0x10200000 cmp=com.suma.midware.home/.third.Main3DActivity} from uid 1000 on display 0
11-06 19:13:59.610 I/ActivityManager( 2018): Force stopping com.android.browser appid=10010 user=0: from pid 2389
11-06 19:13:59.633 W/ContextImpl( 2494): Calling a method in the system process without a qualified user: android.app.ContextImpl.sendBroadcast:1345 android.content.ContextWrapper.sendBroadcast:377 com.suma.midware.view.ext.BluetoothUpdate.b:-1 com.suma.midware.home.third.Main3DActivity.onResume:-1 android.app.Instrumentation.callActivityOnResume:1257 
11-06 19:13:59.636 W/ContextImpl( 2494): Calling a method in the system process without a qualified user: android.app.ContextImpl.sendBroadcast:1345 android.content.ContextWrapper.sendBroadcast:377 android.app.ActivityThread.performResumeActivity:2982 android.app.ActivityThread.handleResumeActivity:3023 android.app.ActivityThread$H.handleMessage:1347 
11-06 19:14:04.309 I/ActivityManager( 2018): START u0 {act= cmp=com.ipanel.android_webview.shell/com.ipanel.webapp.BrowserActivity (has extras)} from uid 1000 on display 0
11-06 19:14:04.316 W/ContextImpl( 2494): Calling a method in the system process without a qualified user: android.app.ContextImpl.sendBroadcast:1345 android.content.ContextWrapper.sendBroadcast:377 android.app.ActivityThread.performPauseActivity:3259 android.app.ActivityThread.performPauseActivity:3225 android.app.ActivityThread.handlePauseActivity:3200 
11-06 19:14:04.322 W/ViewRootImpl( 2494): Cancelling event due to no window focus: KeyEvent { action=ACTION_UP, keyCode=KEYCODE_DPAD_CENTER, scanCode=28, metaState=0, flags=0x28, repeatCount=0, eventTime=881018, downTime=881003, deviceId=3, source=0x701 }
11-06 19:14:04.322 W/ViewRootImpl( 2494): Cancelling event due to no window focus: KeyEvent { action=ACTION_UP, keyCode=KEYCODE_DPAD_CENTER, scanCode=28, metaState=0, flags=0x28, repeatCount=0, eventTime=881018, downTime=881003, deviceId=3, source=0x701 }
11-06 19:14:04.322 W/ViewRootImpl( 2494): Cancelling event due to no window focus: KeyEvent { action=ACTION_UP, keyCode=KEYCODE_DPAD_CENTER, scanCode=28, metaState=0, flags=0x28, repeatCount=0, eventTime=881018, downTime=881003, deviceId=3, source=0x701 }
11-06 19:14:04.322 W/ViewRootImpl( 2494): Cancelling event due to no window focus: KeyEvent { action=ACTION_UP, keyCode=KEYCODE_DPAD_CENTER, scanCode=28, metaState=0, flags=0x28, repeatCount=0, eventTime=881018, downTime=881003, deviceId=3, source=0x701 }
11-06 19:14:04.322 W/ViewRootImpl( 2494): Cancelling event due to no window focus: KeyEvent { action=ACTION_UP, keyCode=KEYCODE_DPAD_CENTER, scanCode=28, metaState=0, flags=0x28, repeatCount=0, eventTime=881018, downTime=881003, deviceId=3, source=0x701 }
11-06 19:14:04.322 W/ViewRootImpl( 2494): Cancelling event due to no window focus: KeyEvent { action=ACTION_UP, keyCode=KEYCODE_DPAD_CENTER, scanCode=28, metaState=0, flags=0x28, repeatCount=0, eventTime=881018, downTime=881003, deviceId=3, source=0x701 }
--------- beginning of main
11-06 19:14:12.747 D/ScriptController( 3835): [executeScriptAndReturnValue] [V8] evaluate Script end. frame=0x4d121a48 
11-06 19:14:12.761 D/ir_user ( 1587): PlayerTimeLineTrace:linux_keycode:0x1c(DOWN),	protocol: .
11-06 19:14:12.761 V/PT      ( 1583): >>INFO:irkey_task:[     889.458758] /dev/input/event0: type=0001 code=001c val=00000001
11-06 19:14:12.761 V/PT      ( 1583): >>INFO:irkey_send:0x3001 0x1001 down
11-06 19:14:12.761 V/SUMA    ( 1583): ++++++++++++++  _roc_evtmgr_key_cbk 517:input = 12289, event=4097, act=0x100
11-06 19:14:12.761 V/SUMA    ( 1583): lxm:_roc_evtmgr_key_cbk 519 889459
11-06 19:14:12.761 V/SUMA    ( 1583): lxm:_roc_evtmgr_add_evt_into_queue 347 889459
11-06 19:14:12.761 V/PT      ( 1583): >>INFO:irkey_task:[     889.458758] /dev/input/event0: type=0000 code=0000 val=00000000
11-06 19:14:12.761 V/SUMA    ( 1583): ===================>> type=0 src=0 evt=4097 act=0x100
11-06 19:14:12.761 V/SUMA    ( 1583): [sysset-s][event_manager_cbk 78]lxm cbid=1, cbk_reg=1, cpid=2458
11-06 19:14:12.762 D/NGBEvent( 2458): ngbEventCallBack type:0 source :4097
11-06 19:14:12.762 D/NGBEvent( 2458): [NGBEventManager-JNI]-returning:1
11-06 19:14:12.762 D/NGBEvent( 2458): Input key event: keyCode=4097
11-06 19:14:12.762 D/NGBEvent( 2458): src:4097 = dest:4097
11-06 19:14:12.762 I/System.out( 2458): [DEBUG EventManager] LWJ--Add event to java with evt=NgbEvent-[type = 1, subtype = 401, code = 4097]
11-06 19:14:12.762 D/NGBEvent( 2458): [NGBEvent_log]--[EventManager--JNI]:		start
11-06 19:14:12.762 I/System.out( 2458): [DEBUG EventManager] broadcastEvent  :len 1
11-06 19:14:12.762 D/CombineKeyUtil( 2458): [TN_pool-1-thread-1]dealKeyEvent,combineIndex:-1:keyCode:23
11-06 19:14:12.763 D/KeyEventNgbDealer( 2458): [TN_pool-1-thread-1]handleKeyPressed keyEvent=NgbEvent-[type = 1, subtype = 401, code = 4097],time=889460
11-06 19:14:12.763 D/RemoteIME( 2329): onKeyDown event = KeyEvent { action=ACTION_DOWN, keyCode=KEYCODE_DPAD_CENTER, scanCode=28, metaState=0, flags=0x8, repeatCount=0, eventTime=889458, downTime=889458, deviceId=3, source=0x701 },mSkbContainer=null
11-06 19:14:12.764 D/cr_AwTestContainerView( 3835): [AwTestContainerView.java:63] [mainFrame]: [unknown] dispatchKeyEvent keyCode = 23 event = KeyEvent { action=ACTION_DOWN, keyCode=KEYCODE_DPAD_CENTER, scanCode=28, metaState=0, flags=0x8, repeatCount=0, eventTime=889458, downTime=889458, deviceId=3, source=0x701 }
11-06 19:14:12.764 D/ImeAdapterAndroid( 3835): [SendKeyEvent] [BUILD TIME: ] dispatchKeyEvent key_code=23 modifiers=0 unicode_char=0 scan_code=28 is_system=0 tm=889458
11-06 19:14:12.765 D/RenderWidgetInputHandler( 3835): [HandleInputEvent] input_event type=8 name=KeyDown
11-06 19:14:12.765 D/RenderWidgetInputHandler( 3835): [HandleInputEvent] input_event type=8 prevent_default:0
11-06 19:14:12.765 D/WebViewImpl( 3835): [handleKeyEvent] keycode:13, eventType:8 native keycode:23 frame=0x4d129d58. url='http://10.14.30.222:8889/appcms4.0/app/tv/newklq/xwjj/index.htm?backUrl=http%3A%2F%2F10.14.41.246%2Fapplication%2FgoBack.html'.
11-06 19:14:12.765 D/[blink]KeyboardEventManager( 3835): [keyEvent] initialKeyEvent KeyDown nativeKeyCode=23 windowsKeyCode=13 text[0]=13
11-06 19:14:12.765 D/[blink]KeyboardEventManager( 3835): [keyEvent] initialKeyEvent focusedNode=0x0
11-06 19:14:12.766 D/V8ScriptRunner( 3835): [callFunction] start. frame = 0x4d129d58 function: document.onkeydown url: http://10.14.30.222:8889/appcms4.0/app/tv/newklq/xwjj/js/keyevent.js line: 22
11-06 19:14:12.766 D/base::KeyConverter( 3835): [get] convert 23 => -1.
11-06 19:14:12.766 D/ChromeClientImpl( 3835): [addMessageToConsole] [LOG:CONSOLE(11)] "index keycode=KEY_SELECT", source:http://10.14.30.222:8889/appcms4.0/app/tv/newklq/xwjj/js/common.js (11)
11-06 19:14:12.769 D/V8      ( 3835): [TypeError] [V8] JS Error: TypeError: position, url=http://10.14.30.222:8889/appcms4.0/app/tv/newklq/xwjj/index.htm?backUrl=http%3A%2F%2F10.14.41.246%2Fapplication%2FgoBack.html, line=324
11-06 19:14:12.769 D/V8      ( 3835): [NewError] [V8] Factory::NewError: Cannot read property 'position' of null
11-06 19:14:12.769 D/V8      ( 3835): [TypeError] [V8] JS Throw: TypeError, ../../v8/src/ic/ic.cc(370)
11-06 19:14:12.769 D/V8      ( 3835): [Throw] [V8] Isolate::Throw!
11-06 19:14:12.770 D/V8      ( 3835): [TypeError] [V8] TypeError exception clear!
11-06 19:14:12.771 D/[blink]Location( 3835): [setLocation] m_frame=0x4d129d58 location.href completedURL=http://10.14.30.222:8889/appcms4.0/app/tv/newklq/xwjj/klqxw/index.htm
11-06 19:14:12.771 D/[blink]NavigationScheduler( 3835): [scheduleLocationChange] frame=0x4d129d58 url=http://10.14.30.222:8889/appcms4.0/app/tv/newklq/xwjj/klqxw/index.htm
11-06 19:14:12.771 D/V8ScriptRunner( 3835): [callFunction] end. frame = 0x4d129d58 function: document.onkeydown url: http://10.14.30.222:8889/appcms4.0/app/tv/newklq/xwjj/js/keyevent.js line: 22
11-06 19:14:12.772 D/[blink]KeyboardEventManager( 3835): [keyEvent] dispatchResult = CanceledByEventHandler
11-06 19:14:12.772 D/[blink]FrameLoader( 3835): [load] load request isLoadingMainFrame=1, url:http://10.14.30.222:8889/appcms4.0/app/tv/newklq/xwjj/klqxw/index.htm
11-06 19:14:12.773 D/FrameLoaderClientImpl( 3835): [didStartLoading] start load url:http://10.14.30.222:8889/appcms4.0/app/tv/newklq/xwjj/klqxw/index.htm, isMainframe=1, frame=0x4d129d58. parent=null
11-06 19:14:12.773 D/Browser ( 3835): postProgressNotification type=0
11-06 19:14:12.774 D/[blink]FrameView( 3835): [setCanPaint] this:0x525e9510, setCanPaint old canpaint=1, new canpaint=0 .
11-06 19:14:12.774 D/[blink]ResourceFetcher( 3835): [requestResource] url=http://10.14.30.222:8889/appcms4.0/app/tv/newklq/xwjj/klqxw/index.htm.
11-06 19:14:12.774 D/url     ( 3835): [DoResolveRelative] [WEB] DoResolveRelative Error resolving.
11-06 19:14:12.774 D/[blink]DocumentLoader( 3835): [startLoadingMainResource]  load main resource:http://10.14.30.222:8889/appcms4.0/app/tv/newklq/xwjj/klqxw/index.htm
11-06 19:14:12.775 D/webcoreBridge( 3835): #3871 execJS frameName='eventFrame' jscore='iPanel.dispatchMessage(32774,5975,1);'
11-06 19:14:12.775 D/webcoreBridge( 3835): execJS-->frame:0x4d121a48 focusFrame=0x4d129d58 focusFrame.script=0x25766328
11-06 19:14:12.775 D/webcoreBridge( 3835): execJS-->executeScript frame=0x4d121a48 script=0x25761988
11-06 19:14:12.775 D/ScriptController( 3835): [executeScriptAndReturnValue] [V8] evaluate Script start. frame=0x4d121a48 url= line=1. source length=37
11-06 19:14:12.775 D/ResourceLoader( 3835): [StartRequest] start request 0xb4b92c80 url='http://10.14.30.222:8889/appcms4.0/app/tv/newklq/xwjj/klqxw/index.htm'
11-06 19:14:12.775 D/BrowserWebViewClient( 3835): onPageStarted webview = com.ipanel.android_webview.shell.AwWebViewImpl[mainFrame: focused=true url=http://10.14.30.222:8889/appcms4.0/app/tv/newklq/xwjj/index.htm?backUrl=http%3A%2F%2F10.14.41.246%2Fapplication%2FgoBack.html] url = http://10.14.30.222:8889/appcms4.0/app/tv/newklq/xwjj/klqxw/index.htm
11-06 19:14:12.775 D/Browser ( 3835): showIconLoading
11-06 19:14:12.775 D/AwRequestInterceptor( 3835): [MaybeInterceptRequest] request=0xb4b92c80
11-06 19:14:12.776 D/cr_AwContents( 3835): [AwContents.java:520] BackgroundThreadClientImpl shouldInterceptRequest url = http://10.14.30.222:8889/appcms4.0/app/tv/newklq/xwjj/klqxw/index.htm
11-06 19:14:12.776 D/cr_AwNullContentsClient( 3835): [AwNullContentsClient.java:62] shouldInterceptRequest url=http://10.14.30.222:8889/appcms4.0/app/tv/newklq/xwjj/klqxw/index.htm
11-06 19:14:12.776 D/BrowserWebViewClient( 3835): intercept request :http://10.14.30.222:8889/appcms4.0/app/tv/newklq/xwjj/klqxw/index.htm
11-06 19:14:12.776 D/iPanel  ( 3835): iPanel.debug("dispatchMessage:msg: 32774,5975,1")
11-06 19:14:12.776 D/iPanel  ( 3835): get getFocusedOrMainFrame
11-06 19:14:12.776 D/iPanel  ( 3835): getFrameByName 'eventFrame' frame=0x4d121a48 window=0x4d1226f8
11-06 19:14:12.776 D/iPanel  ( 3835): getFrameByName 'mainFrame' frame=0x4d129d58 window=0x4d254610
11-06 19:14:12.776 D/AwRequestInterceptor( 3835): [MaybeInterceptRequest] request=0xb4b92c80
11-06 19:14:12.776 D/iPanel  ( 3835): iPanel.debug("dispatchMessage:iPanel.getFocusedOrMainFrame = http://10.14.30.222:8889/appcms4.0/app/tv/newklq/xwjj/index.htm?backUrl=http%3A%2F%2F10.14.41.246%2Fapplication%2FgoBack.html")
11-06 19:14:12.776 D/iPanel  ( 3835): iPanel.debug("dispatchMessage:frame num: 2, keyEvent:system")
11-06 19:14:12.776 D/iPanel  ( 3835): iPanel.debug("dispatchMessage:#2. proc event 5975. url: http://10.14.30.222:8889/appcms4.0/app/tv/newklq/xwjj/index.htm?backUrl=http%3A%2F%2F10.14.41.246%2Fapplication%2FgoBack.html")
11-06 19:14:12.776 D/iPanel  ( 3835): iPanel.debug("w=[object Window], document=[object HTMLDocument], keyCode=5975, modifiers=1, keyEvent=system")
11-06 19:14:12.777 D/ChromeClientImpl( 3835): [addMessageToConsole] [LOG:CONSOLE(11)] "index keycode=EIS_MISC_HTML_OPEN_START", source:http://10.14.30.222:8889/appcms4.0/app/tv/newklq/xwjj/js/common.js (11)
11-06 19:14:12.777 D/iPanel  ( 3835): iPanel.debug("ret: true")
11-06 19:14:12.777 D/iPanel  ( 3835): iPanel.debug("dispatchMessage:#1. proc event 5975. url: ui:///eventpage.htm?ipanelcmd-name=eventFrame&script=ui:///ipanel.js")
11-06 19:14:12.777 D/iPanel  ( 3835): iPanel.debug("w=[object Window], document=[object HTMLDocument], keyCode=5975, modifiers=1, keyEvent=system")
11-06 19:14:12.777 D/iPanel  ( 3835): iPanel.debug("eventpage grabEvent")
11-06 19:14:12.777 D/iPanel  ( 3835): getFrameByName 'mainFrame' frame=0x4d129d58 window=0x4d254610
11-06 19:14:12.777 D/iPanel  ( 3835): iPanel.debug("--zjh-- url = http://10.14.30.222:8889/appcms4.0/app/tv/newklq/xwjj/index.htm?backUrl=http%3A%2F%2F10.14.41.246%2Fapplication%2FgoBack.html  keycode = 5975")
11-06 19:14:12.778 D/iPanel  ( 3835): iPanel.debug("eventpage.htm args.type==true")
11-06 19:14:12.778 D/iPanel  ( 3835): iPanel.debug("eventpage grabEvent eventObj==[object Object]")
11-06 19:14:12.778 D/iPanel  ( 3835): iPanel.debug("eventpage eventObj.code = EIS_MISC_HTML_OPEN_START")
11-06 19:14:12.778 D/iPanel  ( 3835): iPanel.debug("eventpage keyValue = 5975--p2:1")
11-06 19:14:12.778 D/ChromeClientImpl( 3835): [addMessageToConsole] [LOG:CONSOLE(643)] "eventHandler---keycode==5975,p2=1", source:ui:///mediaPlayer.js (643)
11-06 19:14:12.778 D/iPanel  ( 3835): iPanel.debug("ret: 0")
11-06 19:14:12.778 D/iPanel  ( 3835): iPanel.debug("dispatchMessage:end")
11-06 19:14:12.778 D/ScriptController( 3835): [executeScriptAndReturnValue] [V8] evaluate Script end. frame=0x4d121a48 
11-06 19:14:12.778 D/webcoreBridge( 3835): execJS-->executeScript frame=0x4d121a48 end.
11-06 19:14:12.786 D/ResourceLoader( 3835): [ResponseCompleted] finish request 0xb4b92c80 url='http://10.14.30.222:8889/appcms4.0/app/tv/newklq/xwjj/klqxw/index.htm'
11-06 19:14:12.787 D/FrameLoaderClientImpl( 3835): [dispatchDidHandleUnloadEvents] dispatch onunload event url:http://10.14.30.222:8889/appcms4.0/app/tv/newklq/xwjj/index.htm?backUrl=http%3A%2F%2F10.14.41.246%2Fapplication%2FgoBack.html
11-06 19:14:12.787 D/[blink]FocusSetting( 3835): [updateDefaultFocusColor] color=0xFFFF8D1A.
11-06 19:14:12.787 D/[blink]Page( 3835): [setEnableDefaultNavigation] isEnableDefaultNavigation:1
11-06 19:14:12.787 D/FrameLoaderClientImpl( 3835): [dispatchDidHandleUnloadEvents] dispatch onunload event url:http://10.14.30.222:8889/appcms4.0/app/tv/newklq/xwjj/index.htm?backUrl=http%3A%2F%2F10.14.41.246%2Fapplication%2FgoBack.html
11-06 19:14:12.787 D/[blink]FocusSetting( 3835): [updateDefaultFocusColor] color=0xFFFF8D1A.
11-06 19:14:12.787 D/[cc]LayerTreeHost( 3835): [SetNeedsCommit] SetNeedsCommit!this:0x9f459680
11-06 19:14:12.787 D/[cc]beginFrameSource( 3835): [AddObserver] ExternalBeginFrameSource::AddObserver
11-06 19:14:12.787 D/[cc]LayerTreeHost( 3835): [SetNeedsCommit] SetNeedsCommit!this:0x9f459680
11-06 19:14:12.787 D/[cc]LayerTreeHost( 3835): [SetNeedsCommit] SetNeedsCommit!this:0x9f459680
11-06 19:14:12.787 D/[cc]LayerTreeHost( 3835): [SetNeedsCommit] SetNeedsCommit!this:0x9f459680
11-06 19:14:12.787 D/[cc]LayerTreeHost( 3835): [SetNeedsCommit] SetNeedsCommit!this:0x9f459680
11-06 19:14:12.787 D/[cc]LayerTreeHost( 3835): [SetNeedsCommit] SetNeedsCommit!this:0x9f459680
11-06 19:14:12.788 D/[cc]LayerTree( 3835): [SetRootLayer] [LayerTree::SetRootLayer]. set needs_full_tree_sync_ = true, but not Commit!!!
11-06 19:14:12.789 D/[blink]FrameView( 3835): [FrameView] create FrameView frame=0x4d129d58 frame view=0x525edab0
11-06 19:14:12.798 D/FrameLoaderClientImpl( 3835): [dispatchDidClearWindowObjectInMainWorld] frame=0x4d129d58
11-06 19:14:12.798 D/RegisterGlobalObject( 3835): start. frame=0x4d129d58 path='/appcms4.0/app/tv/newklq/xwjj/klqxw/index.htm'
11-06 19:14:12.798 D/RegisterGlobalObject( 3835): end. object num=28
11-06 19:14:12.800 D/FrameLoaderClientImpl( 3835): [dispatchDidClearWindowObjectInMainWorld] frame=0x4d129d58
11-06 19:14:12.800 D/RegisterGlobalObject( 3835): start. frame=0x4d129d58 path='/appcms4.0/app/tv/newklq/xwjj/klqxw/index.htm'
11-06 19:14:12.800 D/RegisterGlobalObject( 3835): end. object num=28
11-06 19:14:12.800 D/[blink]HTMLDocumentParser( 3835): [appendBytes] function:appendBytes: shouldUseThreading:1
11-06 19:14:12.800 W/cr_BindingManager( 3835): Cannot call determinedVisibility() - never saw a connection for the pid: 3835
11-06 19:14:12.801 I/cr_AwContents( 3835): org.chromium.android_webview.AwContents@c61d4c insertVisualStateCallbackIfNotDestroyed
11-06 19:14:12.801 D/[blink]HTMLDocumentParser( 3835): [appendBytes] function:appendBytes: shouldUseThreading:1
11-06 19:14:12.803 D/[blink]HTMLDocumentParser( 3835): [appendBytes] function:appendBytes: shouldUseThreading:1
11-06 19:14:12.804 D/[blink]ResourceFetcher( 3835): [didFinishLoading] encoded length=11000 url=http://10.14.30.222:8889/appcms4.0/app/tv/newklq/xwjj/klqxw/index.htm.
11-06 19:14:12.805 D/[blink]ResourceFetcher( 3835): [requestResource] url=http://10.14.30.222:8889/appcms4.0/app/tv/newklq/xwjj/klqxw/js/keyevent.js.
11-06 19:14:12.805 D/url     ( 3835): [DoResolveRelative] [WEB] DoResolveRelative Error resolving.
11-06 19:14:12.805 D/[blink]ResourceFetcher( 3835): [requestResource] url=http://10.14.30.222:8889/appcms4.0/app/tv/newklq/xwjj/klqxw/js/common.js.
11-06 19:14:12.805 D/url     ( 3835): [DoResolveRelative] [WEB] DoResolveRelative Error resolving.
11-06 19:14:12.805 D/ResourceLoader( 3835): [StartRequest] start request 0xb4b92c80 url='http://10.14.30.222:8889/appcms4.0/app/tv/newklq/xwjj/klqxw/js/keyevent.js'
11-06 19:14:12.805 D/AwRequestInterceptor( 3835): [MaybeInterceptRequest] request=0xb4b92c80
11-06 19:14:12.806 D/[blink]ResourceFetcher( 3835): [requestResource] url=http://10.14.30.222:8889/appcms4.0/app/tv/newklq/xwjj/klqxw/images/logo.png.
11-06 19:14:12.806 D/url     ( 3835): [DoResolveRelative] [WEB] DoResolveRelative Error resolving.
11-06 19:14:12.806 D/ResourceLoader( 3835): [StartRequest] start request 0xb4b94880 url='http://10.14.30.222:8889/appcms4.0/app/tv/newklq/xwjj/klqxw/js/common.js'
11-06 19:14:12.806 D/cr_AwContents( 3835): [AwContents.java:520] BackgroundThreadClientImpl shouldInterceptRequest url = http://10.14.30.222:8889/appcms4.0/app/tv/newklq/xwjj/klqxw/js/keyevent.js
11-06 19:14:12.806 D/AwRequestInterceptor( 3835): [MaybeInterceptRequest] request=0xb4b94880
11-06 19:14:12.806 D/cr_AwNullContentsClient( 3835): [AwNullContentsClient.java:62] shouldInterceptRequest url=http://10.14.30.222:8889/appcms4.0/app/tv/newklq/xwjj/klqxw/js/keyevent.js
11-06 19:14:12.806 D/BrowserWebViewClient( 3835): intercept request :http://10.14.30.222:8889/appcms4.0/app/tv/newklq/xwjj/klqxw/js/keyevent.js
11-06 19:14:12.806 D/[blink]ResourceFetcher( 3835): [requestResource] url=http://10.14.30.222:8889/appcms4.0/app/tv/newklq/xwjj/klqxw/images/focus05.png.
11-06 19:14:12.806 D/url     ( 3835): [DoResolveRelative] [WEB] DoResolveRelative Error resolving.
11-06 19:14:12.806 D/cr_AwContents( 3835): [AwContents.java:520] BackgroundThreadClientImpl shouldInterceptRequest url = http://10.14.30.222:8889/appcms4.0/app/tv/newklq/xwjj/klqxw/js/common.js
11-06 19:14:12.806 D/cr_AwNullContentsClient( 3835): [AwNullContentsClient.java:62] shouldInterceptRequest url=http://10.14.30.222:8889/appcms4.0/app/tv/newklq/xwjj/klqxw/js/common.js
11-06 19:14:12.806 D/BrowserWebViewClient( 3835): intercept request :http://10.14.30.222:8889/appcms4.0/app/tv/newklq/xwjj/klqxw/js/common.js
11-06 19:14:12.806 D/ResourceLoader( 3835): [StartRequest] start request 0xb4b94500 url='http://10.14.30.222:8889/appcms4.0/app/tv/newklq/xwjj/klqxw/images/logo.png'
11-06 19:14:12.807 D/[blink]ResourceFetcher( 3835): [requestResource] url=http://10.14.30.222:8889/appcms4.0/app/tv/newklq/xwjj/klqxw/images/pic1_05.jpg.
11-06 19:14:12.807 D/url     ( 3835): [DoResolveRelative] [WEB] DoResolveRelative Error resolving.
11-06 19:14:12.807 D/ResourceLoader( 3835): [StartRequest] start request 0xb4b91e80 url='http://10.14.30.222:8889/appcms4.0/app/tv/newklq/xwjj/klqxw/images/focus05.png'
11-06 19:14:12.807 D/AwRequestInterceptor( 3835): [MaybeInterceptRequest] request=0xb4b92c80
11-06 19:14:12.807 D/[blink]ResourceFetcher( 3835): [requestResource] url=http://10.14.30.222:8889/appcms4.0/app/tv/newklq/xwjj/klqxw/images/icon1_07.png.
11-06 19:14:12.807 D/url     ( 3835): [DoResolveRelative] [WEB] DoResolveRelative Error resolving.
11-06 19:14:12.807 D/AwRequestInterceptor( 3835): [MaybeInterceptRequest] request=0xb4b94880
11-06 19:14:12.808 D/[blink]ResourceFetcher( 3835): [requestResource] url=http://10.14.30.222:8889/appcms4.0/app/tv/newklq/xwjj/klqxw/images/pic1_05.jpg.
11-06 19:14:12.808 D/ResourceLoader( 3835): [StartRequest] start request 0xb4b92580 url='http://10.14.30.222:8889/appcms4.0/app/tv/newklq/xwjj/klqxw/images/pic1_05.jpg'
11-06 19:14:12.808 D/url     ( 3835): [DoResolveRelative] [WEB] DoResolveRelative Error resolving.
11-06 19:14:12.808 D/[blink]ResourceFetcher( 3835): [requestResource] url=http://10.14.30.222:8889/appcms4.0/app/tv/newklq/xwjj/klqxw/images/icon1_07.png.
11-06 19:14:12.808 D/url     ( 3835): [DoResolveRelative] [WEB] DoResolveRelative Error resolving.
11-06 19:14:12.808 D/[blink]ResourceFetcher( 3835): [requestResource] url=http://10.14.30.222:8889/appcms4.0/app/tv/newklq/xwjj/klqxw/images/pic1_05.jpg.
11-06 19:14:12.808 D/ResourceLoader( 3835): [StartRequest] start request 0xb4b93a80 url='http://10.14.30.222:8889/appcms4.0/app/tv/newklq/xwjj/klqxw/images/icon1_07.png'
11-06 19:14:12.808 D/url     ( 3835): [DoResolveRelative] [WEB] DoResolveRelative Error resolving.
11-06 19:14:12.808 D/[blink]ResourceFetcher( 3835): [requestResource] url=http://10.14.30.222:8889/appcms4.0/app/tv/newklq/xwjj/klqxw/images/icon1_07.png.
11-06 19:14:12.809 D/url     ( 3835): [DoResolveRelative] [WEB] DoResolveRelative Error resolving.
11-06 19:14:12.809 D/[blink]ResourceFetcher( 3835): [requestResource] url=http://10.14.30.222:8889/appcms4.0/app/tv/newklq/xwjj/klqxw/images/pic1_05.jpg.
11-06 19:14:12.809 D/url     ( 3835): [DoResolveRelative] [WEB] DoResolveRelative Error resolving.
11-06 19:14:12.809 D/[blink]ResourceFetcher( 3835): [requestResource] url=http://10.14.30.222:8889/appcms4.0/app/tv/newklq/xwjj/klqxw/images/icon1_07.png.
11-06 19:14:12.809 D/url     ( 3835): [DoResolveRelative] [WEB] DoResolveRelative Error resolving.
11-06 19:14:12.810 D/[blink]ResourceFetcher( 3835): [requestResource] url=http://10.14.30.222:8889/appcms4.0/app/tv/newklq/xwjj/klqxw/images/pic1_05.jpg.
11-06 19:14:12.810 D/url     ( 3835): [DoResolveRelative] [WEB] DoResolveRelative Error resolving.
11-06 19:14:12.810 D/[blink]ResourceFetcher( 3835): [requestResource] url=http://10.14.30.222:8889/appcms4.0/app/tv/newklq/xwjj/klqxw/images/icon1_07.png.
11-06 19:14:12.810 D/url     ( 3835): [DoResolveRelative] [WEB] DoResolveRelative Error resolving.
11-06 19:14:12.810 D/[blink]ResourceFetcher( 3835): [requestResource] url=http://10.14.30.222:8889/appcms4.0/app/tv/newklq/xwjj/klqxw/images/pic1_05.jpg.
11-06 19:14:12.810 D/url     ( 3835): [DoResolveRelative] [WEB] DoResolveRelative Error resolving.
11-06 19:14:12.810 D/[blink]ResourceFetcher( 3835): [requestResource] url=http://10.14.30.222:8889/appcms4.0/app/tv/newklq/xwjj/klqxw/images/icon1_07.png.
11-06 19:14:12.811 D/url     ( 3835): [DoResolveRelative] [WEB] DoResolveRelative Error resolving.
11-06 19:14:12.811 D/[blink]ResourceFetcher( 3835): [requestResource] url=http://10.14.30.222:8889/appcms4.0/app/tv/newklq/xwjj/klqxw/images/pic1_05.jpg.
11-06 19:14:12.811 D/url     ( 3835): [DoResolveRelative] [WEB] DoResolveRelative Error resolving.
11-06 19:14:12.811 D/[blink]ResourceFetcher( 3835): [requestResource] url=http://10.14.30.222:8889/appcms4.0/app/tv/newklq/xwjj/klqxw/images/icon1_07.png.
11-06 19:14:12.811 D/url     ( 3835): [DoResolveRelative] [WEB] DoResolveRelative Error resolving.
11-06 19:14:12.811 D/[blink]ResourceFetcher( 3835): [requestResource] url=http://10.14.30.222:8889/appcms4.0/app/tv/newklq/xwjj/klqxw/images/pic1_05.jpg.
11-06 19:14:12.811 D/url     ( 3835): [DoResolveRelative] [WEB] DoResolveRelative Error resolving.
11-06 19:14:12.811 D/[blink]ResourceFetcher( 3835): [requestResource] url=http://10.14.30.222:8889/appcms4.0/app/tv/newklq/xwjj/klqxw/images/icon1_07.png.
11-06 19:14:12.811 D/url     ( 3835): [DoResolveRelative] [WEB] DoResolveRelative Error resolving.
11-06 19:14:12.812 D/[blink]ResourceFetcher( 3835): [requestResource] url=http://10.14.30.222:8889/appcms4.0/app/tv/newklq/xwjj/klqxw/images/icon1_06.png.
11-06 19:14:12.812 D/url     ( 3835): [DoResolveRelative] [WEB] DoResolveRelative Error resolving.
11-06 19:14:12.812 D/iPanel-inject( 3835): iPanelInjectUserScripts begin. url='http://10.14.30.222:8889/appcms4.0/app/tv/newklq/xwjj/klqxw/index.htm'
11-06 19:14:12.812 D/iPanel-inject( 3835): iPanelInjectUserScripts.count: 1
11-06 19:14:12.812 D/iPanel-inject( 3835): iPanelInjectUserScripts end
11-06 19:14:12.812 D/ResourceLoader( 3835): [StartRequest] start request 0x8b04f580 url='http://10.14.30.222:8889/appcms4.0/app/tv/newklq/xwjj/klqxw/images/icon1_06.png'
11-06 19:14:12.813 D/[blink]ResourceFetcher( 3835): [requestResource] url=http://10.14.30.222:8889/appcms4.0/app/tv/newklq/xwjj/klqxw/js/keyevent.js.
11-06 19:14:12.813 D/url     ( 3835): [DoResolveRelative] [WEB] DoResolveRelative Error resolving.
11-06 19:14:12.819 I/Advanced( 3835): [QUEUE] share_queue_sendEx size:1 4097 2221 0x8f155f48,postLoopId:0,dstid:1.
11-06 19:14:12.846 D/ResourceLoader( 3835): [ResponseCompleted] finish request 0xb4b94880 url='http://10.14.30.222:8889/appcms4.0/app/tv/newklq/xwjj/klqxw/js/common.js'
11-06 19:14:12.846 D/[blink]ResourceFetcher( 3835): [didFinishLoading] encoded length=6502 url=http://10.14.30.222:8889/appcms4.0/app/tv/newklq/xwjj/klqxw/js/common.js.
11-06 19:14:12.847 D/AwRequestInterceptor( 3835): [MaybeInterceptRequest] request=0xb4b94500
11-06 19:14:12.847 D/cr_AwContents( 3835): [AwContents.java:520] BackgroundThreadClientImpl shouldInterceptRequest url = http://10.14.30.222:8889/appcms4.0/app/tv/newklq/xwjj/klqxw/images/logo.png
11-06 19:14:12.847 D/cr_AwNullContentsClient( 3835): [AwNullContentsClient.java:62] shouldInterceptRequest url=http://10.14.30.222:8889/appcms4.0/app/tv/newklq/xwjj/klqxw/images/logo.png
11-06 19:14:12.847 D/BrowserWebViewClient( 3835): intercept request :http://10.14.30.222:8889/appcms4.0/app/tv/newklq/xwjj/klqxw/images/logo.png
11-06 19:14:12.848 D/AwRequestInterceptor( 3835): [MaybeInterceptRequest] request=0xb4b94500
11-06 19:14:12.898 D/[blink]ImageResource( 3835): [updateImage] allDataReceived!! data size=1230
11-06 19:14:12.901 D/[blink]ImageResource( 3835): [updateImage] allDataReceived!! data size=2690
11-06 19:14:12.904 D/[blink]ImageResource( 3835): [updateImage] allDataReceived!! data size=4150
11-06 19:14:12.905 D/[blink]ImageResource( 3835): [updateImage] allDataReceived!! data size=5610
11-06 19:14:12.912 D/[blink]ImageResource( 3835): [updateImage] allDataReceived!! data size=7070
11-06 19:14:12.913 D/[blink]ImageResource( 3835): [updateImage] allDataReceived!! data size=8530
11-06 19:14:12.914 D/[blink]ImageResource( 3835): [updateImage] allDataReceived!! data size=9990
11-06 19:14:12.924 D/BackBootDealerNeimeng( 2389): standbyState:
11-06 19:14:12.924 E/NetUtils( 2018): Interface eth0 LinkDown!
11-06 19:14:12.955 D/[blink]ImageResource( 3835): [updateImage] allDataReceived!! data size=10366
11-06 19:14:12.955 D/ResourceLoader( 3835): [ResponseCompleted] finish request 0xb4b94500 url='http://10.14.30.222:8889/appcms4.0/app/tv/newklq/xwjj/klqxw/images/logo.png'
11-06 19:14:12.956 D/[blink]ResourceFetcher( 3835): [didFinishLoading] encoded length=10596 url=http://10.14.30.222:8889/appcms4.0/app/tv/newklq/xwjj/klqxw/images/logo.png.
11-06 19:14:12.956 D/[blink]ImageResource( 3835): [updateImage] allDataReceived!! data size=10366
11-06 19:14:12.958 D/ResourceLoader( 3835): [ResponseCompleted] finish request 0xb4b92c80 url='http://10.14.30.222:8889/appcms4.0/app/tv/newklq/xwjj/klqxw/js/keyevent.js'
11-06 19:14:12.959 D/AwRequestInterceptor( 3835): [MaybeInterceptRequest] request=0xb4b91e80
11-06 19:14:12.961 D/cr_AwContents( 3835): [AwContents.java:520] BackgroundThreadClientImpl shouldInterceptRequest url = http://10.14.30.222:8889/appcms4.0/app/tv/newklq/xwjj/klqxw/images/focus05.png
11-06 19:14:12.961 D/cr_AwNullContentsClient( 3835): [AwNullContentsClient.java:62] shouldInterceptRequest url=http://10.14.30.222:8889/appcms4.0/app/tv/newklq/xwjj/klqxw/images/focus05.png
11-06 19:14:12.961 D/[blink]ResourceFetcher( 3835): [didFinishLoading] encoded length=47084 url=http://10.14.30.222:8889/appcms4.0/app/tv/newklq/xwjj/klqxw/js/keyevent.js.
11-06 19:14:12.961 D/BrowserWebViewClient( 3835): intercept request :http://10.14.30.222:8889/appcms4.0/app/tv/newklq/xwjj/klqxw/images/focus05.png
11-06 19:14:12.962 D/AwRequestInterceptor( 3835): [MaybeInterceptRequest] request=0xb4b91e80
11-06 19:14:12.968 D/ScriptController( 3835): [executeScriptAndReturnValue] [V8] evaluate Script start. frame=0x4d129d58 url=http://10.14.30.222:8889/appcms4.0/app/tv/newklq/xwjj/klqxw/js/keyevent.js line=1. source length=43775
11-06 19:14:12.971 D/ir_user ( 1587): PlayerTimeLineTrace:linux_keycode:0x1c(UP),	protocol: .
11-06 19:14:12.971 V/PT      ( 1583): >>INFO:irkey_task:[     889.668852] /dev/input/event0: type=0001 code=001c val=00000000
11-06 19:14:12.971 V/PT      ( 1583): >>INFO:irkey_send:0x3001 0x1001 up  
11-06 19:14:12.971 V/SUMA    ( 1583): ++++++++++++++  _roc_evtmgr_key_cbk 517:input = 12289, event=4097, act=0x400
11-06 19:14:12.971 V/SUMA    ( 1583): lxm:_roc_evtmgr_key_cbk 519 889669
11-06 19:14:12.971 V/SUMA    ( 1583): lxm:_roc_evtmgr_add_key_into_queue 311 889669
11-06 19:14:12.971 V/PT      ( 1583): >>INFO:irkey_task:[     889.668852] /dev/input/event0: type=0000 code=0000 val=00000000
11-06 19:14:12.971 V/SUMA    ( 1583): ===================>> type=0 src=0 evt=4097 act=0x400
11-06 19:14:12.972 V/SUMA    ( 1583): [sysset-s][event_manager_cbk 78]lxm cbid=1, cbk_reg=1, cpid=2458
11-06 19:14:12.972 D/NGBEvent( 2458): ngbEventCallBack type:0 source :4097
11-06 19:14:12.972 D/NGBEvent( 2458): [NGBEventManager-JNI]-returning:1
11-06 19:14:12.972 D/NGBEvent( 2458): Input key event: keyCode=4097
11-06 19:14:12.972 D/RemoteIME( 2329): RemoteIME--> onKeyUp keyCode = 23
11-06 19:14:12.972 D/NGBEvent( 2458): src:4097 = dest:4097
11-06 19:14:12.973 I/System.out( 2458): [DEBUG EventManager] LWJ--Add event to java with evt=NgbEvent-[type = 1, subtype = 402, code = 4097]
11-06 19:14:12.973 D/NGBEvent( 2458): [NGBEvent_log]--[EventManager--JNI]:		start
11-06 19:14:12.973 I/System.out( 2458): [DEBUG EventManager] broadcastEvent  :len 1
11-06 19:14:12.974 D/KeyEventNgbDealer( 2458): [TN_pool-1-thread-1]handleKeyReleased keyEvent=NgbEvent-[type = 1, subtype = 402, code = 4097],time=889671
11-06 19:14:12.974 D/ScriptController( 3835): [executeScriptAndReturnValue] [V8] compile Script end. frame=0x4d129d58 
11-06 19:14:12.975 D/cr_AwTestContainerView( 3835): [AwTestContainerView.java:63] [mainFrame]: [unknown] dispatchKeyEvent keyCode = 23 event = KeyEvent { action=ACTION_UP, keyCode=KEYCODE_DPAD_CENTER, scanCode=28, metaState=0, flags=0x8, repeatCount=0, eventTime=889668, downTime=889458, deviceId=3, source=0x701 }
11-06 19:14:12.975 D/ImeAdapterAndroid( 3835): [SendKeyEvent] [BUILD TIME: ] dispatchKeyEvent key_code=23 modifiers=0 unicode_char=0 scan_code=28 is_system=0 tm=889668
11-06 19:14:12.979 D/ScriptController( 3835): [executeScriptAndReturnValue] [V8] evaluate Script end. frame=0x4d129d58 
11-06 19:14:12.979 D/ResourceLoader( 3835): [ResponseCompleted] finish request 0xb4b91e80 url='http://10.14.30.222:8889/appcms4.0/app/tv/newklq/xwjj/klqxw/images/focus05.png'
11-06 19:14:12.980 D/[blink]ResourceFetcher( 3835): [requestResource] url=http://10.14.30.222:8889/appcms4.0/app/tv/newklq/xwjj/klqxw/js/common.js.
11-06 19:14:12.980 D/url     ( 3835): [DoResolveRelative] [WEB] DoResolveRelative Error resolving.
11-06 19:14:12.981 D/AwRequestInterceptor( 3835): [MaybeInterceptRequest] request=0xb4b92580
11-06 19:14:12.981 D/cr_AwContents( 3835): [AwContents.java:520] BackgroundThreadClientImpl shouldInterceptRequest url = http://10.14.30.222:8889/appcms4.0/app/tv/newklq/xwjj/klqxw/images/pic1_05.jpg
11-06 19:14:12.981 D/ScriptController( 3835): [executeScriptAndReturnValue] [V8] evaluate Script start. frame=0x4d129d58 url=http://10.14.30.222:8889/appcms4.0/app/tv/newklq/xwjj/klqxw/js/common.js line=1. source length=6186
11-06 19:14:12.981 D/cr_AwNullContentsClient( 3835): [AwNullContentsClient.java:62] shouldInterceptRequest url=http://10.14.30.222:8889/appcms4.0/app/tv/newklq/xwjj/klqxw/images/pic1_05.jpg
11-06 19:14:12.981 D/BrowserWebViewClient( 3835): intercept request :http://10.14.30.222:8889/appcms4.0/app/tv/newklq/xwjj/klqxw/images/pic1_05.jpg
11-06 19:14:12.982 D/AwRequestInterceptor( 3835): [MaybeInterceptRequest] request=0xb4b92580
11-06 19:14:12.983 D/ScriptController( 3835): [executeScriptAndReturnValue] [V8] compile Script end. frame=0x4d129d58 
11-06 19:14:12.983 D/ScriptController( 3835): [executeScriptAndReturnValue] [V8] evaluate Script end. frame=0x4d129d58 
11-06 19:14:12.984 D/ScriptController( 3835): [executeScriptAndReturnValue] [V8] evaluate Script start. frame=0x4d129d58 url=http://10.14.30.222:8889/appcms4.0/app/tv/newklq/xwjj/klqxw/index.htm line=14. source length=3857
11-06 19:14:12.985 D/ScriptController( 3835): [executeScriptAndReturnValue] [V8] compile Script end. frame=0x4d129d58 
11-06 19:14:12.985 D/ScriptController( 3835): [executeScriptAndReturnValue] [V8] evaluate Script end. frame=0x4d129d58 
11-06 19:14:12.985 D/[cc]beginFrameSource( 3835): [AddObserver] ExternalBeginFrameSource::AddObserver
11-06 19:14:12.986 D/[blink]ResourceFetcher( 3835): [requestResource] url=http://10.14.30.222:8889/appcms4.0/app/tv/newklq/xwjj/klqxw/images/logo.png.
11-06 19:14:12.986 D/url     ( 3835): [DoResolveRelative] [WEB] DoResolveRelative Error resolving.
11-06 19:14:12.986 D/AwRequestInterceptor( 3835): [MaybeInterceptRequest] request=0xb4b93a80
11-06 19:14:12.986 D/AwRequestInterceptor( 3835): [MaybeInterceptRequest] request=0x8b04f580
11-06 19:14:12.986 D/cr_AwContents( 3835): [AwContents.java:520] BackgroundThreadClientImpl shouldInterceptRequest url = http://10.14.30.222:8889/appcms4.0/app/tv/newklq/xwjj/klqxw/images/icon1_07.png
11-06 19:14:12.986 D/[blink]ResourceFetcher( 3835): [requestResource] url=http://10.14.30.222:8889/appcms4.0/app/tv/newklq/xwjj/klqxw/images/focus05.png.
11-06 19:14:12.986 D/cr_AwNullContentsClient( 3835): [AwNullContentsClient.java:62] shouldInterceptRequest url=http://10.14.30.222:8889/appcms4.0/app/tv/newklq/xwjj/klqxw/images/icon1_07.png
11-06 19:14:12.986 D/BrowserWebViewClient( 3835): intercept request :http://10.14.30.222:8889/appcms4.0/app/tv/newklq/xwjj/klqxw/images/icon1_07.png
11-06 19:14:12.986 D/url     ( 3835): [DoResolveRelative] [WEB] DoResolveRelative Error resolving.
11-06 19:14:12.986 D/AwRequestInterceptor( 3835): [MaybeInterceptRequest] request=0xb4b93a80
11-06 19:14:12.987 D/cr_AwContents( 3835): [AwContents.java:520] BackgroundThreadClientImpl shouldInterceptRequest url = http://10.14.30.222:8889/appcms4.0/app/tv/newklq/xwjj/klqxw/images/icon1_06.png
11-06 19:14:12.987 D/cr_AwNullContentsClient( 3835): [AwNullContentsClient.java:62] shouldInterceptRequest url=http://10.14.30.222:8889/appcms4.0/app/tv/newklq/xwjj/klqxw/images/icon1_06.png
11-06 19:14:12.987 D/BrowserWebViewClient( 3835): intercept request :http://10.14.30.222:8889/appcms4.0/app/tv/newklq/xwjj/klqxw/images/icon1_06.png
11-06 19:14:12.987 D/[blink]ResourceFetcher( 3835): [requestResource] url=http://10.14.30.222:8889/appcms4.0/app/tv/newklq/xwjj/klqxw/images/pic1_05.jpg.
11-06 19:14:12.987 D/url     ( 3835): [DoResolveRelative] [WEB] DoResolveRelative Error resolving.
11-06 19:14:12.987 D/AwRequestInterceptor( 3835): [MaybeInterceptRequest] request=0x8b04f580
11-06 19:14:12.987 D/[blink]ResourceFetcher( 3835): [requestResource] url=http://10.14.30.222:8889/appcms4.0/app/tv/newklq/xwjj/klqxw/images/icon1_07.png.
11-06 19:14:12.987 D/url     ( 3835): [DoResolveRelative] [WEB] DoResolveRelative Error resolving.
11-06 19:14:12.988 D/[blink]ResourceFetcher( 3835): [requestResource] url=http://10.14.30.222:8889/appcms4.0/app/tv/newklq/xwjj/klqxw/images/pic1_05.jpg.
11-06 19:14:12.988 D/url     ( 3835): [DoResolveRelative] [WEB] DoResolveRelative Error resolving.
11-06 19:14:12.989 D/[blink]ResourceFetcher( 3835): [requestResource] url=http://10.14.30.222:8889/appcms4.0/app/tv/newklq/xwjj/klqxw/images/icon1_07.png.
11-06 19:14:12.989 D/url     ( 3835): [DoResolveRelative] [WEB] DoResolveRelative Error resolving.
11-06 19:14:12.989 D/[blink]ResourceFetcher( 3835): [requestResource] url=http://10.14.30.222:8889/appcms4.0/app/tv/newklq/xwjj/klqxw/images/pic1_05.jpg.
11-06 19:14:12.989 D/url     ( 3835): [DoResolveRelative] [WEB] DoResolveRelative Error resolving.
11-06 19:14:12.990 D/[blink]ResourceFetcher( 3835): [requestResource] url=http://10.14.30.222:8889/appcms4.0/app/tv/newklq/xwjj/klqxw/images/icon1_07.png.
11-06 19:14:12.990 D/url     ( 3835): [DoResolveRelative] [WEB] DoResolveRelative Error resolving.
11-06 19:14:12.990 D/[blink]ResourceFetcher( 3835): [requestResource] url=http://10.14.30.222:8889/appcms4.0/app/tv/newklq/xwjj/klqxw/images/pic1_05.jpg.
11-06 19:14:12.990 D/url     ( 3835): [DoResolveRelative] [WEB] DoResolveRelative Error resolving.
11-06 19:14:12.991 D/[blink]ResourceFetcher( 3835): [requestResource] url=http://10.14.30.222:8889/appcms4.0/app/tv/newklq/xwjj/klqxw/images/icon1_07.png.
11-06 19:14:12.991 D/url     ( 3835): [DoResolveRelative] [WEB] DoResolveRelative Error resolving.
11-06 19:14:12.992 D/[blink]ResourceFetcher( 3835): [requestResource] url=http://10.14.30.222:8889/appcms4.0/app/tv/newklq/xwjj/klqxw/images/pic1_05.jpg.
11-06 19:14:12.992 D/url     ( 3835): [DoResolveRelative] [WEB] DoResolveRelative Error resolving.
11-06 19:14:12.993 D/[blink]ResourceFetcher( 3835): [requestResource] url=http://10.14.30.222:8889/appcms4.0/app/tv/newklq/xwjj/klqxw/images/icon1_07.png.
11-06 19:14:12.993 D/url     ( 3835): [DoResolveRelative] [WEB] DoResolveRelative Error resolving.
11-06 19:14:12.993 D/[blink]ResourceFetcher( 3835): [requestResource] url=http://10.14.30.222:8889/appcms4.0/app/tv/newklq/xwjj/klqxw/images/pic1_05.jpg.
11-06 19:14:12.993 D/url     ( 3835): [DoResolveRelative] [WEB] DoResolveRelative Error resolving.
11-06 19:14:12.994 D/[blink]ResourceFetcher( 3835): [requestResource] url=http://10.14.30.222:8889/appcms4.0/app/tv/newklq/xwjj/klqxw/images/icon1_07.png.
11-06 19:14:12.994 D/url     ( 3835): [DoResolveRelative] [WEB] DoResolveRelative Error resolving.
11-06 19:14:12.994 D/[blink]ResourceFetcher( 3835): [requestResource] url=http://10.14.30.222:8889/appcms4.0/app/tv/newklq/xwjj/klqxw/images/pic1_05.jpg.
11-06 19:14:12.994 D/url     ( 3835): [DoResolveRelative] [WEB] DoResolveRelative Error resolving.
11-06 19:14:12.995 D/[blink]ResourceFetcher( 3835): [requestResource] url=http://10.14.30.222:8889/appcms4.0/app/tv/newklq/xwjj/klqxw/images/icon1_07.png.
11-06 19:14:12.995 D/url     ( 3835): [DoResolveRelative] [WEB] DoResolveRelative Error resolving.
11-06 19:14:12.995 D/[blink]ResourceFetcher( 3835): [requestResource] url=http://10.14.30.222:8889/appcms4.0/app/tv/newklq/xwjj/klqxw/images/pic1_05.jpg.
11-06 19:14:12.995 D/url     ( 3835): [DoResolveRelative] [WEB] DoResolveRelative Error resolving.
11-06 19:14:12.996 D/[blink]ResourceFetcher( 3835): [requestResource] url=http://10.14.30.222:8889/appcms4.0/app/tv/newklq/xwjj/klqxw/images/icon1_07.png.
11-06 19:14:12.996 D/url     ( 3835): [DoResolveRelative] [WEB] DoResolveRelative Error resolving.
11-06 19:14:12.997 D/[blink]ResourceFetcher( 3835): [requestResource] url=http://10.14.30.222:8889/appcms4.0/app/tv/newklq/xwjj/klqxw/images/icon1_06.png.
11-06 19:14:12.997 D/url     ( 3835): [DoResolveRelative] [WEB] DoResolveRelative Error resolving.
11-06 19:14:12.998 D/[blink]ResourceFetcher( 3835): [requestResource] url=http://10.14.30.222:8889/appcms4.0/app/tv/newklq/xwjj/klqxw/images/bg1.jpg.
11-06 19:14:12.998 D/url     ( 3835): [DoResolveRelative] [WEB] DoResolveRelative Error resolving.
11-06 19:14:12.999 D/ResourceLoader( 3835): [StartRequest] start request 0xb4b92c80 url='http://10.14.30.222:8889/appcms4.0/app/tv/newklq/xwjj/klqxw/images/bg1.jpg'
11-06 19:14:12.999 D/AwRequestInterceptor( 3835): [MaybeInterceptRequest] request=0xb4b92c80
11-06 19:14:13.000 D/cr_AwContents( 3835): [AwContents.java:520] BackgroundThreadClientImpl shouldInterceptRequest url = http://10.14.30.222:8889/appcms4.0/app/tv/newklq/xwjj/klqxw/images/bg1.jpg
11-06 19:14:13.000 D/cr_AwNullContentsClient( 3835): [AwNullContentsClient.java:62] shouldInterceptRequest url=http://10.14.30.222:8889/appcms4.0/app/tv/newklq/xwjj/klqxw/images/bg1.jpg
11-06 19:14:13.000 D/BrowserWebViewClient( 3835): intercept request :http://10.14.30.222:8889/appcms4.0/app/tv/newklq/xwjj/klqxw/images/bg1.jpg
11-06 19:14:13.000 D/AwRequestInterceptor( 3835): [MaybeInterceptRequest] request=0xb4b92c80
11-06 19:14:13.001 D/base::AndroidFile( 3835): [AndroidFile] open file 'ui://ipanel_private.js'. 
11-06 19:14:13.002 D/iPanel-inject( 3835): injectiIPanelPrivateScript frame=0x4d129d58 url=http://10.14.30.222:8889/appcms4.0/app/tv/newklq/xwjj/klqxw/index.htm script file = ui://ipanel_private.js len = 4168
11-06 19:14:13.002 D/ScriptController( 3835): [executeScriptAndReturnValue] [V8] evaluate Script start. frame=0x4d129d58 url=ui:///ipanel_private.js line=1. source length=4168
11-06 19:14:13.004 D/ScriptController( 3835): [executeScriptAndReturnValue] [V8] compile Script end. frame=0x4d129d58 
11-06 19:14:13.004 D/iPanel  ( 3835): iPanel.debug("[ipanelTop] typeof(top)=undefined")
11-06 19:14:13.005 D/iPanel  ( 3835): iPanel.debug("[ipanelTop] in, window.top is undefined, push ipanelTop!")
11-06 19:14:13.005 D/iPanel  ( 3835): iPanel.debug("[ipanelTop] end, typeof(top)=object")
11-06 19:14:13.005 D/iPanel  ( 3835): getFrameByName 'eventFrame' frame=0x4d121a48 window=0x4d1226f8
11-06 19:14:13.005 D/iPanel  ( 3835): getFrameByName 'mainFrame' frame=0x4d129d58 window=0x4d24af48
11-06 19:14:13.007 D/iPanel  ( 3835): iPanel.debug("set page view size, content:null")
11-06 19:14:13.007 D/iPanel  ( 3835): iPanel.debug("set page view size, getAttribute(width)=null")
11-06 19:14:13.007 D/iPanel  ( 3835): iPanel.debug("set page view size, bw=NaN, bh=NaN")
11-06 19:14:13.008 D/[blink]ResourceFetcher( 3835): [requestResource] url=http://10.14.30.222:8889/appcms4.0/app/tv/newklq/xwjj/klqxw/images/bg1.jpg.
11-06 19:14:13.008 D/url     ( 3835): [DoResolveRelative] [WEB] DoResolveRelative Error resolving.
11-06 19:14:13.009 D/iPanel  ( 3835): iPanel.debug("set page view size, img.src:http://10.14.30.222:8889/appcms4.0/app/tv/newklq/xwjj/klqxw/images/bg1.jpg")
11-06 19:14:13.009 D/ResourceLoader( 3835): [ResponseCompleted] finish request 0xb4b92580 url='http://10.14.30.222:8889/appcms4.0/app/tv/newklq/xwjj/klqxw/images/pic1_05.jpg'
11-06 19:14:13.012 D/iPanel  ( 3835): iPanel.debug("set page view size, original content:1280*720")
11-06 19:14:13.012 D/iPanel  ( 3835): iPanel.debug("set page view size: (1280*720)")
11-06 19:14:13.014 D/iPanel  ( 3835): iPanel.debug("set page view size: html{height:720px;width:1280px;-webkit-transform-origin: left top;-webkit-transform:scale(1,1);}")
11-06 19:14:13.016 D/iPanel  ( 3835): iPanel.debug("[ipanel_private.js] object.length: 0")
11-06 19:14:13.016 D/ScriptController( 3835): [executeScriptAndReturnValue] [V8] evaluate Script end. frame=0x4d129d58 
11-06 19:14:13.016 D/iPanel-inject( 3835): iPanelInjectUserScripts begin. url='http://10.14.30.222:8889/appcms4.0/app/tv/newklq/xwjj/klqxw/index.htm'
11-06 19:14:13.016 D/iPanel-inject( 3835): iPanelInjectUserScripts.count: 1
11-06 19:14:13.016 D/iPanel-inject( 3835): iPanelInjectUserScripts end
11-06 19:14:13.016 D/FrameLoaderClientImpl( 3835): [dispatchDidFinishDocumentLoad] url:http://10.14.30.222:8889/appcms4.0/app/tv/newklq/xwjj/klqxw/index.htm
11-06 19:14:13.017 D/[blink]ImageResource( 3835): [updateImage] allDataReceived!! data size=1232
11-06 19:14:13.017 D/[blink]ImageResource( 3835): [updateImage] allDataReceived!! data size=4152
11-06 19:14:13.017 D/RenderWidgetInputHandler( 3835): [HandleInputEvent] input_event type=9 name=KeyUp
11-06 19:14:13.017 D/RenderWidgetInputHandler( 3835): [HandleInputEvent] input_event type=9 prevent_default:0
11-06 19:14:13.017 D/WebViewImpl( 3835): [handleKeyEvent] keycode:13, eventType:9 native keycode:23 frame=0x4d129d58. url='http://10.14.30.222:8889/appcms4.0/app/tv/newklq/xwjj/klqxw/index.htm'.
11-06 19:14:13.017 D/[blink]KeyboardEventManager( 3835): [keyEvent] initialKeyEvent KeyUp nativeKeyCode=23 windowsKeyCode=13 text[0]=13
11-06 19:14:13.017 D/[blink]KeyboardEventManager( 3835): [keyEvent] initialKeyEvent focusedNode=0x0
11-06 19:14:13.017 D/[blink]ImageResource( 3835): [updateImage] allDataReceived!! data size=5612
11-06 19:14:13.018 D/[blink]ImageResource( 3835): [updateImage] allDataReceived!! data size=6219
11-06 19:14:13.018 D/[blink]ResourceFetcher( 3835): [didFinishLoading] encoded length=6447 url=http://10.14.30.222:8889/appcms4.0/app/tv/newklq/xwjj/klqxw/images/focus05.png.
11-06 19:14:13.018 D/[blink]ImageResource( 3835): [updateImage] allDataReceived!! data size=6219
11-06 19:14:13.019 D/[blink]ImageResource( 3835): [updateImage] allDataReceived!! data size=2689
11-06 19:14:13.019 D/[blink]ImageResource( 3835): [updateImage] allDataReceived!! data size=4149
11-06 19:14:13.019 D/[blink]ImageResource( 3835): [updateImage] allDataReceived!! data size=5609
11-06 19:14:13.019 I/Advanced( 3835): [QUEUE] share_queue_sendEx size:1 4097 2222 0x8f155f48,postLoopId:0,dstid:1.
11-06 19:14:13.019 D/[blink]ImageResource( 3835): [updateImage] allDataReceived!! data size=7069
