11-06 19:07:18.824 D/TR69Session( 2774): run TR069 SESSION CPE ------ 2
11-06 19:07:18.824 D/Inform  ( 2774): perform start perform ------ 1
11-06 19:07:18.827 I/TR69Session( 2774): doSoapRequest start
11-06 19:07:18.827 I/TR69Session( 2774): doRequest TR069Session doRequest ------ 1
11-06 19:07:18.827 I/TR69Session( 2774): doRequest serverURL==============http://tvos-tms.96066.com
11-06 19:07:18.829 I/TR69Session( 2774): setHeaders No sessionID is present when sending msg
11-06 19:07:18.834 E/hcdn_upload( 3008): HCDN_LOG: [2017/11/06-19:07:18:834]:Update uload speed 1 kbps ,real:0 kbps,qsize:0,maxsize:12,timeout_speed:0 kbps 
11-06 19:07:18.874 D/BackBootDealerNeimeng( 2389): standbyState:
11-06 19:07:18.874 E/NetUtils( 2018): Interface eth0 LinkDown!
11-06 19:07:18.877 I/Advanced( 3835): [QUEUE] share_queue_sendEx size:1 4097 169 0x8f155f48,postLoopId:0,dstid:1.
11-06 19:07:18.900 I/AdvancedPorting-PORT_MODULE_NET( 3835): network_task while... 
11-06 19:07:18.900 I/AdvancedPorting-PORT_MODULE_NET( 3835): 0 interface name: lo
11-06 19:07:18.900 I/AdvancedPorting-PORT_MODULE_NET( 3835): 1 interface name: wlan0
11-06 19:07:18.900 I/AdvancedPorting-PORT_MODULE_NET( 3835): First interface name: lo
11-06 19:07:18.900 I/AdvancedPorting-PORT_MODULE_NET( 3835): network_task while...  net_i:1
11-06 19:07:18.900 I/AdvancedPorting-PORT_MODULE_NET( 3835): network_task while---name_interface[0]=lo
11-06 19:07:18.900 I/AdvancedPorting-PORT_MODULE_NET( 3835): network_task while---name_interface[1]=wlan0
11-06 19:07:18.900 I/AdvancedPorting-PORT_MODULE_NET( 3835): network_task while---interface_name=wlan0
11-06 19:07:18.900 I/AdvancedPorting-PORT_MODULE_NET( 3835): network_get_netlink_status(in)--if_name=wlan0
11-06 19:07:18.900 I/AdvancedPorting-PORT_MODULE_NET( 3835): net.network.isconnected = no
11-06 19:07:18.900 I/AdvancedPorting-PORT_MODULE_NET( 3835): wlan0 --network_get_netlink_status return retval=1
11-06 19:07:18.900 I/AdvancedPorting-PORT_MODULE_NET( 3835): stat = 1 last_status = 1
11-06 19:07:19.014 D/[blink]DOMTimer( 3835): [fired] 0x524d1ee0 timeout fired.
11-06 19:07:19.014 D/ScriptController( 3835): [executeScriptAndReturnValue] [V8] evaluate Script start. frame=0x4d121a48 url= line=1. source length=22
11-06 19:07:19.014 D/iPanel  ( 3835): iPanel.debug("checkOverlayCreated")
11-06 19:07:19.014 D/[blink]DOMTimer( 3835): [DOMTimer] 0x524d1f50 setTimeout 300ms, repeat:0.
11-06 19:07:19.014 D/ScriptController( 3835): [executeScriptAndReturnValue] [V8] evaluate Script end. frame=0x4d121a48 
11-06 19:07:19.078 I/Advanced( 3835): [QUEUE] share_queue_sendEx size:1 4097 170 0x8f155f48,postLoopId:0,dstid:1.
11-06 19:07:19.101 D/[blink]DOMTimer( 3835): [fired] 0x524d1178 timeout fired.
11-06 19:07:19.101 D/V8ScriptRunner( 3835): [callFunction] start. frame = 0x4d129d58 function:  url: http://10.14.30.222:8889/appcms4.0/app/tv/newklq/xwjj/klqzs/js/common.js line: 197
11-06 19:07:19.102 D/V8ScriptRunner( 3835): [callFunction] end. frame = 0x4d129d58 function:  url: http://10.14.30.222:8889/appcms4.0/app/tv/newklq/xwjj/klqzs/js/common.js line: 197
11-06 19:07:19.244 D/Advertiser( 2432): End of sleep at time:1509966439244
11-06 19:07:19.244 D/Advertiser( 2432): Begin announce....with thread:org.cybergarage.d.b.a@25ed9e23
11-06 19:07:19.244 D/TimerUtil( 2432): waitRandom time=300,waitTime=26
11-06 19:07:19.244 D/Device  ( 2432): announce deviceDataBindAddress null
11-06 19:07:19.249 D/Device  ( 2432): announce 0 bindAddress=192.168.31.49
11-06 19:07:19.249 D/HTTPMUSocket( 2432): open addr=239.255.255.250,port=1900,bindAddr=192.168.31.49
11-06 19:07:19.254 D/HTTPMUSocket( 2432): send msg:NOTIFY * HTTP/1.1
11-06 19:07:19.254 D/HTTPMUSocket( 2432): Server: Linux/3.18.24_hi3798mv2x UPnP/1.0 CyberLinkJava/1.8
11-06 19:07:19.254 D/HTTPMUSocket( 2432): Cache-Control: max-age=1800
11-06 19:07:19.254 D/HTTPMUSocket( 2432): Location: http://192.168.31.49:38520/description.xml
11-06 19:07:19.254 D/HTTPMUSocket( 2432): NTS: ssdp:alive
11-06 19:07:19.254 D/HTTPMUSocket( 2432): NT: upnp:rootdevice
11-06 19:07:19.254 D/HTTPMUSocket( 2432): USN: uuid:51fd4a57-a937-4066-8f0e-e8639f1cc24e::upnp:rootdevice
11-06 19:07:19.254 D/HTTPMUSocket( 2432): HOST: 239.255.255.250:1900
11-06 19:07:19.254 D/HTTPMUSocket( 2432): 
11-06 19:07:19.255 D/HTTPMUSocket( 2432): bindAddr:null and port:-1
11-06 19:07:19.255 D/HTTPMUSocket( 2432): /192.168.31.49
11-06 19:07:19.257 D/HTTPMUSocket( 2432): send msg:NOTIFY * HTTP/1.1
11-06 19:07:19.257 D/HTTPMUSocket( 2432): Server: Linux/3.18.24_hi3798mv2x UPnP/1.0 CyberLinkJava/1.8
11-06 19:07:19.257 D/HTTPMUSocket( 2432): Cache-Control: max-age=1800
11-06 19:07:19.257 D/HTTPMUSocket( 2432): Location: http://192.168.31.49:38520/description.xml
11-06 19:07:19.257 D/HTTPMUSocket( 2432): NTS: ssdp:alive
11-06 19:07:19.257 D/HTTPMUSocket( 2432): NT: uuid:51fd4a57-a937-4066-8f0e-e8639f1cc24e
11-06 19:07:19.257 D/HTTPMUSocket( 2432): USN: uuid:51fd4a57-a937-4066-8f0e-e8639f1cc24e
11-06 19:07:19.257 D/HTTPMUSocket( 2432): HOST: 239.255.255.250:1900
11-06 19:07:19.257 D/HTTPMUSocket( 2432): 
11-06 19:07:19.257 D/HTTPMUSocket( 2432): bindAddr:null and port:-1
11-06 19:07:19.258 D/HTTPMUSocket( 2432): /192.168.31.49
11-06 19:07:19.259 D/HTTPMUSocket( 2432): send msg:NOTIFY * HTTP/1.1
11-06 19:07:19.259 D/HTTPMUSocket( 2432): Server: Linux/3.18.24_hi3798mv2x UPnP/1.0 CyberLinkJava/1.8
11-06 19:07:19.259 D/HTTPMUSocket( 2432): Cache-Control: max-age=1800
11-06 19:07:19.259 D/HTTPMUSocket( 2432): Location: http://192.168.31.49:38520/description.xml
11-06 19:07:19.259 D/HTTPMUSocket( 2432): NTS: ssdp:alive
11-06 19:07:19.259 D/HTTPMUSocket( 2432): NT: urn:schemas-upnp-org:device:MediaServer:1
11-06 19:07:19.259 D/HTTPMUSocket( 2432): USN: uuid:51fd4a57-a937-4066-8f0e-e8639f1cc24e::urn:schemas-upnp-org:device:MediaServer:1
11-06 19:07:19.259 D/HTTPMUSocket( 2432): HOST: 239.255.255.250:1900
11-06 19:07:19.259 D/HTTPMUSocket( 2432): 
11-06 19:07:19.259 D/HTTPMUSocket( 2432): bindAddr:null and port:-1
11-06 19:07:19.260 D/HTTPMUSocket( 2432): /192.168.31.49
11-06 19:07:19.261 D/Device  ( 2432): announce bindAddr=192.168.31.49,devLocation=http://192.168.31.49:38520/description.xml,location=http://192.168.31.49:38520/description.xml
11-06 19:07:19.261 D/Device  ( 2432): announce bindAddr=192.168.31.49,serviceDesUrl=
11-06 19:07:19.262 D/HTTPMUSocket( 2432): open addr=239.255.255.250,port=1900,bindAddr=192.168.31.49
11-06 19:07:19.266 D/TimerUtil( 2432): waitRandom time=300,waitTime=115
11-06 19:07:19.266 D/HTTPMUSocket( 2432): send msg:NOTIFY * HTTP/1.1
11-06 19:07:19.266 D/HTTPMUSocket( 2432): Server: Linux/3.18.24_hi3798mv2x UPnP/1.0 CyberLinkJava/1.8
11-06 19:07:19.266 D/HTTPMUSocket( 2432): Cache-Control: max-age=1800
11-06 19:07:19.266 D/HTTPMUSocket( 2432): Location: http://192.168.31.49:38520/description.xml
11-06 19:07:19.266 D/HTTPMUSocket( 2432): NTS: ssdp:alive
11-06 19:07:19.266 D/HTTPMUSocket( 2432): NT: urn:schemas-upnp-org:service:ContentDirectory:1
11-06 19:07:19.266 D/HTTPMUSocket( 2432): USN: uuid:51fd4a57-a937-4066-8f0e-e8639f1cc24e::urn:schemas-upnp-org:service:ContentDirectory:1
11-06 19:07:19.266 D/HTTPMUSocket( 2432): HOST: 239.255.255.250:1900
11-06 19:07:19.266 D/HTTPMUSocket( 2432): 
11-06 19:07:19.267 D/HTTPMUSocket( 2432): bindAddr:null and port:-1
11-06 19:07:19.267 D/HTTPMUSocket( 2432): /192.168.31.49
11-06 19:07:19.268 D/Device  ( 2432): announce bindAddr=192.168.31.49,serviceDesUrl=
11-06 19:07:19.269 D/HTTPMUSocket( 2432): open addr=239.255.255.250,port=1900,bindAddr=192.168.31.49
11-06 19:07:19.273 D/TimerUtil( 2432): waitRandom time=300,waitTime=258
11-06 19:07:19.273 D/HTTPMUSocket( 2432): send msg:NOTIFY * HTTP/1.1
11-06 19:07:19.273 D/HTTPMUSocket( 2432): Server: Linux/3.18.24_hi3798mv2x UPnP/1.0 CyberLinkJava/1.8
11-06 19:07:19.273 D/HTTPMUSocket( 2432): Cache-Control: max-age=1800
11-06 19:07:19.273 D/HTTPMUSocket( 2432): Location: http://192.168.31.49:38520/description.xml
11-06 19:07:19.273 D/HTTPMUSocket( 2432): NTS: ssdp:alive
11-06 19:07:19.273 D/HTTPMUSocket( 2432): NT: urn:schemas-upnp-org:service:ConnectionManager:1
11-06 19:07:19.273 D/HTTPMUSocket( 2432): USN: uuid:51fd4a57-a937-4066-8f0e-e8639f1cc24e::urn:schemas-upnp-org:service:ConnectionManager:1
11-06 19:07:19.273 D/HTTPMUSocket( 2432): HOST: 239.255.255.250:1900
11-06 19:07:19.273 D/HTTPMUSocket( 2432): 
11-06 19:07:19.273 D/HTTPMUSocket( 2432): bindAddr:null and port:-1
11-06 19:07:19.274 D/HTTPMUSocket( 2432): /192.168.31.49
11-06 19:07:19.275 D/Device  ( 2432): announce bindAddr=192.168.31.49,serviceDesUrl=
11-06 19:07:19.275 D/HTTPMUSocket( 2432): open addr=239.255.255.250,port=1900,bindAddr=192.168.31.49
11-06 19:07:19.279 D/TimerUtil( 2432): waitRandom time=300,waitTime=65
11-06 19:07:19.280 D/HTTPMUSocket( 2432): send msg:NOTIFY * HTTP/1.1
11-06 19:07:19.280 D/HTTPMUSocket( 2432): Server: Linux/3.18.24_hi3798mv2x UPnP/1.0 CyberLinkJava/1.8
11-06 19:07:19.280 D/HTTPMUSocket( 2432): Cache-Control: max-age=1800
11-06 19:07:19.280 D/HTTPMUSocket( 2432): Location: http://192.168.31.49:38520/description.xml
11-06 19:07:19.280 D/HTTPMUSocket( 2432): NTS: ssdp:alive
11-06 19:07:19.280 D/HTTPMUSocket( 2432): NT: urn:schemas-upnp-org:service:AVTransport:1
11-06 19:07:19.280 D/HTTPMUSocket( 2432): USN: uuid:51fd4a57-a937-4066-8f0e-e8639f1cc24e::urn:schemas-upnp-org:service:AVTransport:1
11-06 19:07:19.280 D/HTTPMUSocket( 2432): HOST: 239.255.255.250:1900
11-06 19:07:19.280 D/HTTPMUSocket( 2432): 
11-06 19:07:19.280 D/HTTPMUSocket( 2432): bindAddr:null and port:-1
11-06 19:07:19.280 D/HTTPMUSocket( 2432): /192.168.31.49
11-06 19:07:19.281 D/Device  ( 2432): announce bindAddr=192.168.31.49,serviceDesUrl=
11-06 19:07:19.282 D/HTTPMUSocket( 2432): open addr=239.255.255.250,port=1900,bindAddr=192.168.31.49
11-06 19:07:19.286 D/TimerUtil( 2432): waitRandom time=300,waitTime=40
11-06 19:07:19.287 D/HTTPMUSocket( 2432): send msg:NOTIFY * HTTP/1.1
11-06 19:07:19.287 D/HTTPMUSocket( 2432): Server: Linux/3.18.24_hi3798mv2x UPnP/1.0 CyberLinkJava/1.8
11-06 19:07:19.287 D/HTTPMUSocket( 2432): Cache-Control: max-age=1800
11-06 19:07:19.287 D/HTTPMUSocket( 2432): Location: http://192.168.31.49:38520/description.xml
11-06 19:07:19.287 D/HTTPMUSocket( 2432): NTS: ssdp:alive
11-06 19:07:19.287 D/HTTPMUSocket( 2432): NT: urn:sumavision.com:service:X_SUMA_EVENT:1
11-06 19:07:19.287 D/HTTPMUSocket( 2432): USN: uuid:51fd4a57-a937-4066-8f0e-e8639f1cc24e::urn:sumavision.com:service:X_SUMA_EVENT:1
11-06 19:07:19.287 D/HTTPMUSocket( 2432): HOST: 239.255.255.250:1900
11-06 19:07:19.287 D/HTTPMUSocket( 2432): 
11-06 19:07:19.287 D/HTTPMUSocket( 2432): bindAddr:null and port:-1
11-06 19:07:19.287 D/HTTPMUSocket( 2432): /192.168.31.49
11-06 19:07:19.288 D/Advertiser( 2432): Advertise12:38000 at time:1509966439288 with thread:org.cybergarage.d.b.a@25ed9e23
11-06 19:07:19.314 D/[blink]DOMTimer( 3835): [fired] 0x524d1f50 timeout fired.
11-06 19:07:19.314 D/ScriptController( 3835): [executeScriptAndReturnValue] [V8] evaluate Script start. frame=0x4d121a48 url= line=1. source length=22
11-06 19:07:19.315 D/iPanel  ( 3835): iPanel.debug("checkOverlayCreated")
11-06 19:07:19.315 D/[blink]DOMTimer( 3835): [DOMTimer] 0x524d1fc0 setTimeout 300ms, repeat:0.
11-06 19:07:19.315 D/ScriptController( 3835): [executeScriptAndReturnValue] [V8] evaluate Script end. frame=0x4d121a48 
11-06 19:07:19.375 D/BackBootDealerNeimeng( 2389): standbyState:
11-06 19:07:19.375 E/NetUtils( 2018): Interface eth0 LinkDown!
11-06 19:07:19.488 I/Advanced( 3835): [QUEUE] share_queue_sendEx size:1 4097 172 0x8f155f48,postLoopId:0,dstid:1.
11-06 19:07:19.615 D/[blink]DOMTimer( 3835): [fired] 0x524d1fc0 timeout fired.
11-06 19:07:19.615 D/ScriptController( 3835): [executeScriptAndReturnValue] [V8] evaluate Script start. frame=0x4d121a48 url= line=1. source length=22
11-06 19:07:19.615 D/iPanel  ( 3835): iPanel.debug("checkOverlayCreated")
11-06 19:07:19.615 D/[blink]DOMTimer( 3835): [DOMTimer] 0x524d2030 setTimeout 300ms, repeat:0.
11-06 19:07:19.615 D/ScriptController( 3835): [executeScriptAndReturnValue] [V8] evaluate Script end. frame=0x4d121a48 
11-06 19:07:19.834 E/hcdn_upload( 3008): HCDN_LOG: [2017/11/06-19:07:19:834]:Update uload speed 1 kbps ,real:0 kbps,qsize:0,maxsize:12,timeout_speed:0 kbps 
11-06 19:07:19.875 D/BackBootDealerNeimeng( 2389): standbyState:
11-06 19:07:19.876 E/NetUtils( 2018): Interface eth0 LinkDown!
11-06 19:07:19.897 I/Advanced( 3835): [QUEUE] share_queue_sendEx size:1 4097 174 0x8f155f48,postLoopId:0,dstid:1.
11-06 19:07:19.900 I/AdvancedPorting-PORT_MODULE_NET( 3835): network_task while... 
11-06 19:07:19.900 I/AdvancedPorting-PORT_MODULE_NET( 3835): 0 interface name: lo
11-06 19:07:19.900 I/AdvancedPorting-PORT_MODULE_NET( 3835): 1 interface name: wlan0
11-06 19:07:19.900 I/AdvancedPorting-PORT_MODULE_NET( 3835): First interface name: lo
11-06 19:07:19.900 I/AdvancedPorting-PORT_MODULE_NET( 3835): network_task while...  net_i:1
11-06 19:07:19.900 I/AdvancedPorting-PORT_MODULE_NET( 3835): network_task while---name_interface[0]=lo
11-06 19:07:19.900 I/AdvancedPorting-PORT_MODULE_NET( 3835): network_task while---name_interface[1]=wlan0
11-06 19:07:19.900 I/AdvancedPorting-PORT_MODULE_NET( 3835): network_task while---interface_name=wlan0
11-06 19:07:19.900 I/AdvancedPorting-PORT_MODULE_NET( 3835): network_get_netlink_status(in)--if_name=wlan0
11-06 19:07:19.900 I/AdvancedPorting-PORT_MODULE_NET( 3835): net.network.isconnected = no
11-06 19:07:19.900 I/AdvancedPorting-PORT_MODULE_NET( 3835): wlan0 --network_get_netlink_status return retval=1
11-06 19:07:19.900 I/AdvancedPorting-PORT_MODULE_NET( 3835): stat = 1 last_status = 1
11-06 19:07:19.915 D/[blink]DOMTimer( 3835): [fired] 0x524d2030 timeout fired.
11-06 19:07:19.916 D/ScriptController( 3835): [executeScriptAndReturnValue] [V8] evaluate Script start. frame=0x4d121a48 url= line=1. source length=22
11-06 19:07:19.916 D/iPanel  ( 3835): iPanel.debug("checkOverlayCreated")
11-06 19:07:19.916 D/[blink]DOMTimer( 3835): [DOMTimer] 0x524d20a0 setTimeout 300ms, repeat:0.
11-06 19:07:19.916 D/ScriptController( 3835): [executeScriptAndReturnValue] [V8] evaluate Script end. frame=0x4d121a48 
11-06 19:07:20.098 I/Advanced( 3835): [QUEUE] share_queue_sendEx size:1 4097 175 0x8f155f48,postLoopId:0,dstid:1.
11-06 19:07:20.101 D/[blink]DOMTimer( 3835): [fired] 0x524d1178 timeout fired.
11-06 19:07:20.101 D/V8ScriptRunner( 3835): [callFunction] start. frame = 0x4d129d58 function:  url: http://10.14.30.222:8889/appcms4.0/app/tv/newklq/xwjj/klqzs/js/common.js line: 197
11-06 19:07:20.102 D/V8ScriptRunner( 3835): [callFunction] end. frame = 0x4d129d58 function:  url: http://10.14.30.222:8889/appcms4.0/app/tv/newklq/xwjj/klqzs/js/common.js line: 197
11-06 19:07:20.216 D/[blink]DOMTimer( 3835): [fired] 0x524d20a0 timeout fired.
11-06 19:07:20.216 D/ScriptController( 3835): [executeScriptAndReturnValue] [V8] evaluate Script start. frame=0x4d121a48 url= line=1. source length=22
11-06 19:07:20.216 D/iPanel  ( 3835): iPanel.debug("checkOverlayCreated")
11-06 19:07:20.216 D/[blink]DOMTimer( 3835): [DOMTimer] 0x524d2110 setTimeout 300ms, repeat:0.
11-06 19:07:20.217 D/ScriptController( 3835): [executeScriptAndReturnValue] [V8] evaluate Script end. frame=0x4d121a48 
11-06 19:07:20.298 I/Advanced( 3835): [QUEUE] share_queue_sendEx size:1 4097 176 0x8f155f48,postLoopId:0,dstid:1.
11-06 19:07:20.376 D/BackBootDealerNeimeng( 2389): standbyState:
11-06 19:07:20.377 E/NetUtils( 2018): Interface eth0 LinkDown!
11-06 19:07:20.499 I/Advanced( 3835): [QUEUE] share_queue_sendEx size:1 4097 177 0x8f155f48,postLoopId:0,dstid:1.
11-06 19:07:20.517 D/[blink]DOMTimer( 3835): [fired] 0x524d2110 timeout fired.
11-06 19:07:20.517 D/ScriptController( 3835): [executeScriptAndReturnValue] [V8] evaluate Script start. frame=0x4d121a48 url= line=1. source length=22
11-06 19:07:20.517 D/iPanel  ( 3835): iPanel.debug("checkOverlayCreated")
11-06 19:07:20.517 D/[blink]DOMTimer( 3835): [DOMTimer] 0x524d2180 setTimeout 300ms, repeat:0.
11-06 19:07:20.517 D/ScriptController( 3835): [executeScriptAndReturnValue] [V8] evaluate Script end. frame=0x4d121a48 
11-06 19:07:20.699 I/Advanced( 3835): [QUEUE] share_queue_sendEx size:1 4097 178 0x8f155f48,postLoopId:0,dstid:1.
11-06 19:07:20.817 D/[blink]DOMTimer( 3835): [fired] 0x524d2180 timeout fired.
11-06 19:07:20.818 D/ScriptController( 3835): [executeScriptAndReturnValue] [V8] evaluate Script start. frame=0x4d121a48 url= line=1. source length=22
11-06 19:07:20.818 D/iPanel  ( 3835): iPanel.debug("checkOverlayCreated")
11-06 19:07:20.818 D/[blink]DOMTimer( 3835): [DOMTimer] 0x524d21f0 setTimeout 300ms, repeat:0.
11-06 19:07:20.818 D/ScriptController( 3835): [executeScriptAndReturnValue] [V8] evaluate Script end. frame=0x4d121a48 
11-06 19:07:20.835 E/hcdn_upload( 3008): HCDN_LOG: [2017/11/06-19:07:20:835]:Update uload speed 1 kbps ,real:0 kbps,qsize:0,maxsize:12,timeout_speed:0 kbps 
11-06 19:07:20.877 D/BackBootDealerNeimeng( 2389): standbyState:
11-06 19:07:20.878 E/NetUtils( 2018): Interface eth0 LinkDown!
11-06 19:07:20.900 I/Advanced( 3835): [QUEUE] share_queue_sendEx size:1 4097 179 0x8f155f48,postLoopId:0,dstid:1.
11-06 19:07:20.900 I/AdvancedPorting-PORT_MODULE_NET( 3835): network_task while... 
11-06 19:07:20.900 I/AdvancedPorting-PORT_MODULE_NET( 3835): 0 interface name: lo
11-06 19:07:20.900 I/AdvancedPorting-PORT_MODULE_NET( 3835): 1 interface name: wlan0
11-06 19:07:20.900 I/AdvancedPorting-PORT_MODULE_NET( 3835): First interface name: lo
11-06 19:07:20.900 I/AdvancedPorting-PORT_MODULE_NET( 3835): network_task while...  net_i:1
11-06 19:07:20.900 I/AdvancedPorting-PORT_MODULE_NET( 3835): network_task while---name_interface[0]=lo
11-06 19:07:20.900 I/AdvancedPorting-PORT_MODULE_NET( 3835): network_task while---name_interface[1]=wlan0
11-06 19:07:20.900 I/AdvancedPorting-PORT_MODULE_NET( 3835): network_task while---interface_name=wlan0
11-06 19:07:20.900 I/AdvancedPorting-PORT_MODULE_NET( 3835): network_get_netlink_status(in)--if_name=wlan0
11-06 19:07:20.900 I/AdvancedPorting-PORT_MODULE_NET( 3835): net.network.isconnected = no
11-06 19:07:20.900 I/AdvancedPorting-PORT_MODULE_NET( 3835): wlan0 --network_get_netlink_status return retval=1
11-06 19:07:20.900 I/AdvancedPorting-PORT_MODULE_NET( 3835): stat = 1 last_status = 1
11-06 19:07:21.100 I/Advanced( 3835): [QUEUE] share_queue_sendEx size:1 4097 180 0x8f155f48,postLoopId:0,dstid:1.
11-06 19:07:21.101 D/[blink]DOMTimer( 3835): [fired] 0x524d1178 timeout fired.
11-06 19:07:21.101 D/V8ScriptRunner( 3835): [callFunction] start. frame = 0x4d129d58 function:  url: http://10.14.30.222:8889/appcms4.0/app/tv/newklq/xwjj/klqzs/js/common.js line: 197
11-06 19:07:21.102 D/V8ScriptRunner( 3835): [callFunction] end. frame = 0x4d129d58 function:  url: http://10.14.30.222:8889/appcms4.0/app/tv/newklq/xwjj/klqzs/js/common.js line: 197
11-06 19:07:21.118 D/[blink]DOMTimer( 3835): [fired] 0x524d21f0 timeout fired.
11-06 19:07:21.118 D/ScriptController( 3835): [executeScriptAndReturnValue] [V8] evaluate Script start. frame=0x4d121a48 url= line=1. source length=22
11-06 19:07:21.119 D/iPanel  ( 3835): iPanel.debug("checkOverlayCreated")
11-06 19:07:21.119 D/[blink]DOMTimer( 3835): [DOMTimer] 0x524d2260 setTimeout 300ms, repeat:0.
11-06 19:07:21.119 D/ScriptController( 3835): [executeScriptAndReturnValue] [V8] evaluate Script end. frame=0x4d121a48 
11-06 19:07:21.300 I/Advanced( 3835): [QUEUE] share_queue_sendEx size:1 4097 181 0x8f155f48,postLoopId:0,dstid:1.
11-06 19:07:21.341 E/storage_operate( 3008): HCDN_LOG: [2017/11/06-19:07:21:341]:[func:GetTaskCount],[line:827],[oper:get task count],[state:0],[count:0]
11-06 19:07:21.341 E/storage_operate( 3008): HCDN_LOG: [2017/11/06-19:07:21:341]:[func:GetTaskCount],[line:827],[oper:get task count],[state:0],[count:0]
11-06 19:07:21.342 E/storage_operate( 3008): HCDN_LOG: [2017/11/06-19:07:21:342]:[func:GetTaskCount],[line:827],[oper:get task count],[state:1],[count:0]
11-06 19:07:21.378 D/BackBootDealerNeimeng( 2389): standbyState:
11-06 19:07:21.379 E/NetUtils( 2018): Interface eth0 LinkDown!
11-06 19:07:21.419 D/[blink]DOMTimer( 3835): [fired] 0x524d2260 timeout fired.
11-06 19:07:21.419 D/ScriptController( 3835): [executeScriptAndReturnValue] [V8] evaluate Script start. frame=0x4d121a48 url= line=1. source length=22
11-06 19:07:21.419 D/iPanel  ( 3835): iPanel.debug("checkOverlayCreated")
11-06 19:07:21.419 D/[blink]DOMTimer( 3835): [DOMTimer] 0x524d22d0 setTimeout 300ms, repeat:0.
11-06 19:07:21.419 D/ScriptController( 3835): [executeScriptAndReturnValue] [V8] evaluate Script end. frame=0x4d121a48 
11-06 19:07:21.452 E/storage_operate( 2658): HCDN_LOG: [2017/11/06-19:07:21:452]:[func:GetTaskCount],[line:827],[oper:get task count],[state:0],[count:0]
11-06 19:07:21.453 E/storage_operate( 2658): HCDN_LOG: [2017/11/06-19:07:21:453]:[func:GetTaskCount],[line:827],[oper:get task count],[state:0],[count:0]
11-06 19:07:21.453 E/storage_operate( 2658): HCDN_LOG: [2017/11/06-19:07:21:453]:[func:GetTaskCount],[line:827],[oper:get task count],[state:1],[count:0]
11-06 19:07:21.501 I/Advanced( 3835): [QUEUE] share_queue_sendEx size:1 4097 182 0x8f155f48,postLoopId:0,dstid:1.
11-06 19:07:21.701 I/Advanced( 3835): [QUEUE] share_queue_sendEx size:1 4097 183 0x8f155f48,postLoopId:0,dstid:1.
11-06 19:07:21.720 D/[blink]DOMTimer( 3835): [fired] 0x524d22d0 timeout fired.
11-06 19:07:21.720 D/ScriptController( 3835): [executeScriptAndReturnValue] [V8] evaluate Script start. frame=0x4d121a48 url= line=1. source length=22
11-06 19:07:21.720 D/iPanel  ( 3835): iPanel.debug("checkOverlayCreated")
11-06 19:07:21.720 D/[blink]DOMTimer( 3835): [DOMTimer] 0x524d2340 setTimeout 300ms, repeat:0.
11-06 19:07:21.720 D/ScriptController( 3835): [executeScriptAndReturnValue] [V8] evaluate Script end. frame=0x4d121a48 
11-06 19:07:21.835 E/hcdn_upload( 3008): HCDN_LOG: [2017/11/06-19:07:21:835]:Update uload speed 1 kbps ,real:0 kbps,qsize:0,maxsize:12,timeout_speed:0 kbps 
11-06 19:07:21.879 D/BackBootDealerNeimeng( 2389): standbyState:
11-06 19:07:21.880 E/NetUtils( 2018): Interface eth0 LinkDown!
11-06 19:07:21.900 I/AdvancedPorting-PORT_MODULE_NET( 3835): network_task while... 
11-06 19:07:21.900 I/AdvancedPorting-PORT_MODULE_NET( 3835): 0 interface name: lo
11-06 19:07:21.900 I/AdvancedPorting-PORT_MODULE_NET( 3835): 1 interface name: wlan0
11-06 19:07:21.900 I/AdvancedPorting-PORT_MODULE_NET( 3835): First interface name: lo
11-06 19:07:21.901 I/AdvancedPorting-PORT_MODULE_NET( 3835): network_task while...  net_i:1
11-06 19:07:21.901 I/AdvancedPorting-PORT_MODULE_NET( 3835): network_task while---name_interface[0]=lo
11-06 19:07:21.901 I/AdvancedPorting-PORT_MODULE_NET( 3835): network_task while---name_interface[1]=wlan0
11-06 19:07:21.901 I/AdvancedPorting-PORT_MODULE_NET( 3835): network_task while---interface_name=wlan0
11-06 19:07:21.901 I/AdvancedPorting-PORT_MODULE_NET( 3835): network_get_netlink_status(in)--if_name=wlan0
11-06 19:07:21.901 I/AdvancedPorting-PORT_MODULE_NET( 3835): net.network.isconnected = no
11-06 19:07:21.901 I/AdvancedPorting-PORT_MODULE_NET( 3835): wlan0 --network_get_netlink_status return retval=1
11-06 19:07:21.901 I/AdvancedPorting-PORT_MODULE_NET( 3835): stat = 1 last_status = 1
11-06 19:07:21.901 I/Advanced( 3835): [QUEUE] share_queue_sendEx size:1 4097 184 0x8f155f48,postLoopId:0,dstid:1.
11-06 19:07:22.020 D/[blink]DOMTimer( 3835): [fired] 0x524d2340 timeout fired.
11-06 19:07:22.021 D/ScriptController( 3835): [executeScriptAndReturnValue] [V8] evaluate Script start. frame=0x4d121a48 url= line=1. source length=22
11-06 19:07:22.021 D/iPanel  ( 3835): iPanel.debug("checkOverlayCreated")
11-06 19:07:22.021 D/[blink]DOMTimer( 3835): [DOMTimer] 0x524d23b0 setTimeout 300ms, repeat:0.
11-06 19:07:22.021 D/ScriptController( 3835): [executeScriptAndReturnValue] [V8] evaluate Script end. frame=0x4d121a48 
11-06 19:07:22.101 D/[blink]DOMTimer( 3835): [fired] 0x524d1178 timeout fired.
11-06 19:07:22.101 D/V8ScriptRunner( 3835): [callFunction] start. frame = 0x4d129d58 function:  url: http://10.14.30.222:8889/appcms4.0/app/tv/newklq/xwjj/klqzs/js/common.js line: 197
11-06 19:07:22.102 D/V8ScriptRunner( 3835): [callFunction] end. frame = 0x4d129d58 function:  url: http://10.14.30.222:8889/appcms4.0/app/tv/newklq/xwjj/klqzs/js/common.js line: 197
11-06 19:07:22.102 I/Advanced( 3835): [QUEUE] share_queue_sendEx size:1 4097 185 0x8f155f48,postLoopId:0,dstid:1.
11-06 19:07:22.302 I/Advanced( 3835): [QUEUE] share_queue_sendEx size:1 4097 186 0x8f155f48,postLoopId:0,dstid:1.
11-06 19:07:22.321 D/[blink]DOMTimer( 3835): [fired] 0x524d23b0 timeout fired.
11-06 19:07:22.321 D/ScriptController( 3835): [executeScriptAndReturnValue] [V8] evaluate Script start. frame=0x4d121a48 url= line=1. source length=22
11-06 19:07:22.322 D/iPanel  ( 3835): iPanel.debug("checkOverlayCreated")
11-06 19:07:22.322 D/[blink]DOMTimer( 3835): [DOMTimer] 0x524d2420 setTimeout 300ms, repeat:0.
11-06 19:07:22.322 D/ScriptController( 3835): [executeScriptAndReturnValue] [V8] evaluate Script end. frame=0x4d121a48 
11-06 19:07:22.381 D/BackBootDealerNeimeng( 2389): standbyState:
11-06 19:07:22.382 E/NetUtils( 2018): Interface eth0 LinkDown!
11-06 19:07:22.503 I/Advanced( 3835): [QUEUE] share_queue_sendEx size:1 4097 187 0x8f155f48,postLoopId:0,dstid:1.
11-06 19:07:22.622 D/[blink]DOMTimer( 3835): [fired] 0x524d2420 timeout fired.
11-06 19:07:22.622 D/ScriptController( 3835): [executeScriptAndReturnValue] [V8] evaluate Script start. frame=0x4d121a48 url= line=1. source length=22
11-06 19:07:22.622 D/iPanel  ( 3835): iPanel.debug("checkOverlayCreated")
11-06 19:07:22.622 D/[blink]DOMTimer( 3835): [DOMTimer] 0x524d2490 setTimeout 300ms, repeat:0.
11-06 19:07:22.622 D/ScriptController( 3835): [executeScriptAndReturnValue] [V8] evaluate Script end. frame=0x4d121a48 
11-06 19:07:22.703 I/Advanced( 3835): [QUEUE] share_queue_sendEx size:1 4097 188 0x8f155f48,postLoopId:0,dstid:1.
11-06 19:07:22.751 D/AppUtil ( 2389): [TN_ThreadUtil-1]getActivityPkg index=0,comp=ComponentInfo{com.ipanel.android_webview.shell/com.ipanel.webapp.BrowserActivity}
11-06 19:07:22.751 D/AppKiller( 2389): [TN_ThreadUtil-1]backKill curPkgName=com.ipanel.android_webview.shell
11-06 19:07:22.751 D/AppKiller( 2389): [TN_ThreadUtil-1]backKill processName=com.starcor.mango,processInfo=android.app.ActivityManager$RunningAppProcessInfo@19174f98
11-06 19:07:22.751 D/AppNgbKiller( 2389): [TN_ThreadUtil-1]forceKillApp processInfoFlag=0,hasActivityFlag=4
11-06 19:07:22.751 D/AppKiller( 2389): [TN_ThreadUtil-1]backKill processName=com.gitvdemo.video,processInfo=android.app.ActivityManager$RunningAppProcessInfo@30bd63f1
11-06 19:07:22.751 D/AppNgbKiller( 2389): [TN_ThreadUtil-1]forceKillApp processInfoFlag=0,hasActivityFlag=4
11-06 19:07:22.751 D/AppKiller( 2389): [TN_ThreadUtil-1]backKill processName=com.gitvdemo.video:hcdn,processInfo=android.app.ActivityManager$RunningAppProcessInfo@327d2bd6
11-06 19:07:22.751 D/AppNgbKiller( 2389): [TN_ThreadUtil-1]forceKillApp processInfoFlag=0,hasActivityFlag=4
11-06 19:07:22.752 D/AppKiller( 2389): [TN_ThreadUtil-1]backKill processName=com.gitvdemo.video:daemon,processInfo=android.app.ActivityManager$RunningAppProcessInfo@202b0e57
11-06 19:07:22.752 D/AppNgbKiller( 2389): [TN_ThreadUtil-1]forceKillApp processInfoFlag=0,hasActivityFlag=4
11-06 19:07:22.752 D/AppKiller( 2389): [TN_ThreadUtil-1]backKill processName=.pushdaemonservice,processInfo=android.app.ActivityManager$RunningAppProcessInfo@3efdcd44
11-06 19:07:22.752 D/AppNgbKiller( 2389): [TN_ThreadUtil-1]forceKillApp processInfoFlag=0,hasActivityFlag=4
11-06 19:07:22.765 E/WifiStateMachine( 2018): WifiStateMachine CMD_START_SCAN source -2 txSuccessRate=15.11 rxSuccessRate=10.95 targetRoamBSSID=78:11:dc:10:d5:2d RSSI=-24
11-06 19:07:22.766 E/WifiStateMachine( 2018): WifiStateMachine starting scan for "Xiaomi_D52C"WPA_PSK with 2412
11-06 19:07:22.836 E/hcdn_upload( 3008): HCDN_LOG: [2017/11/06-19:07:22:836]:Update uload speed 1 kbps ,real:0 kbps,qsize:0,maxsize:12,timeout_speed:0 kbps 
11-06 19:07:22.882 D/BackBootDealerNeimeng( 2389): standbyState:
11-06 19:07:22.883 E/NetUtils( 2018): Interface eth0 LinkDown!
11-06 19:07:22.901 I/AdvancedPorting-PORT_MODULE_NET( 3835): network_task while... 
11-06 19:07:22.901 I/AdvancedPorting-PORT_MODULE_NET( 3835): 0 interface name: lo
11-06 19:07:22.901 I/AdvancedPorting-PORT_MODULE_NET( 3835): 1 interface name: wlan0
11-06 19:07:22.901 I/AdvancedPorting-PORT_MODULE_NET( 3835): First interface name: lo
11-06 19:07:22.901 I/AdvancedPorting-PORT_MODULE_NET( 3835): network_task while...  net_i:1
11-06 19:07:22.901 I/AdvancedPorting-PORT_MODULE_NET( 3835): network_task while---name_interface[0]=lo
11-06 19:07:22.901 I/AdvancedPorting-PORT_MODULE_NET( 3835): network_task while---name_interface[1]=wlan0
11-06 19:07:22.901 I/AdvancedPorting-PORT_MODULE_NET( 3835): network_task while---interface_name=wlan0
11-06 19:07:22.901 I/AdvancedPorting-PORT_MODULE_NET( 3835): network_get_netlink_status(in)--if_name=wlan0
11-06 19:07:22.901 I/AdvancedPorting-PORT_MODULE_NET( 3835): net.network.isconnected = no
11-06 19:07:22.901 I/AdvancedPorting-PORT_MODULE_NET( 3835): wlan0 --network_get_netlink_status return retval=1
11-06 19:07:22.901 I/AdvancedPorting-PORT_MODULE_NET( 3835): stat = 1 last_status = 1
11-06 19:07:22.904 I/Advanced( 3835): [QUEUE] share_queue_sendEx size:1 4097 189 0x8f155f48,postLoopId:0,dstid:1.
11-06 19:07:22.923 D/[blink]DOMTimer( 3835): [fired] 0x524d2490 timeout fired.
11-06 19:07:22.923 D/ScriptController( 3835): [executeScriptAndReturnValue] [V8] evaluate Script start. frame=0x4d121a48 url= line=1. source length=22
11-06 19:07:22.923 D/iPanel  ( 3835): iPanel.debug("checkOverlayCreated")
11-06 19:07:22.923 D/[blink]DOMTimer( 3835): [DOMTimer] 0x524d2500 setTimeout 300ms, repeat:0.
11-06 19:07:22.923 D/ScriptController( 3835): [executeScriptAndReturnValue] [V8] evaluate Script end. frame=0x4d121a48 
11-06 19:07:23.101 D/[blink]DOMTimer( 3835): [fired] 0x524d1178 timeout fired.
11-06 19:07:23.101 D/V8ScriptRunner( 3835): [callFunction] start. frame = 0x4d129d58 function:  url: http://10.14.30.222:8889/appcms4.0/app/tv/newklq/xwjj/klqzs/js/common.js line: 197
11-06 19:07:23.102 D/V8ScriptRunner( 3835): [callFunction] end. frame = 0x4d129d58 function:  url: http://10.14.30.222:8889/appcms4.0/app/tv/newklq/xwjj/klqzs/js/common.js line: 197
11-06 19:07:23.104 I/Advanced( 3835): [QUEUE] share_queue_sendEx size:1 4097 190 0x8f155f48,postLoopId:0,dstid:1.
11-06 19:07:23.223 D/[blink]DOMTimer( 3835): [fired] 0x524d2500 timeout fired.
11-06 19:07:23.224 D/ScriptController( 3835): [executeScriptAndReturnValue] [V8] evaluate Script start. frame=0x4d121a48 url= line=1. source length=22
11-06 19:07:23.224 D/iPanel  ( 3835): iPanel.debug("checkOverlayCreated")
11-06 19:07:23.224 D/[blink]DOMTimer( 3835): [DOMTimer] 0x524d2570 setTimeout 300ms, repeat:0.
11-06 19:07:23.224 D/ScriptController( 3835): [executeScriptAndReturnValue] [V8] evaluate Script end. frame=0x4d121a48 
11-06 19:07:23.305 I/Advanced( 3835): [QUEUE] share_queue_sendEx size:1 4097 191 0x8f155f48,postLoopId:0,dstid:1.
11-06 19:07:23.384 D/BackBootDealerNeimeng( 2389): standbyState:
11-06 19:07:23.384 E/NetUtils( 2018): Interface eth0 LinkDown!
11-06 19:07:23.401 V/SUMA    ( 1583): [mnt_ait_pol] csubtbl=1 ait_pid=0x1f40 hsrv=0xc0ce
11-06 19:07:23.511 I/EthernetNetworkFactory( 2018): updateInterfaceState :the mIface is:eth0iface is wlan0 true
11-06 19:07:23.524 D/[blink]DOMTimer( 3835): [fired] 0x524d2570 timeout fired.
11-06 19:07:23.524 D/ScriptController( 3835): [executeScriptAndReturnValue] [V8] evaluate Script start. frame=0x4d121a48 url= line=1. source length=22
11-06 19:07:23.525 D/iPanel  ( 3835): iPanel.debug("checkOverlayCreated")
11-06 19:07:23.525 D/[blink]DOMTimer( 3835): [DOMTimer] 0x524d25e0 setTimeout 300ms, repeat:0.
11-06 19:07:23.525 D/ScriptController( 3835): [executeScriptAndReturnValue] [V8] evaluate Script end. frame=0x4d121a48 
11-06 19:07:23.527 E/WifiAutoJoinController ( 2018): Xiaomi_D52C 78:11:dc:10:d5:2d rssi=-23 cap [WPA-PSK-CCMP+TKIP][WPA2-PSK-CCMP+TKIP][WPS][ESS] is not scored
11-06 19:07:23.528 E/WifiAutoJoinController ( 2018): GDWL 86:79:73:27:8c:19 rssi=-36 cap [WPA-PSK-CCMP][WPA2-PSK-CCMP][ESS] is not scored
11-06 19:07:23.528 E/WifiAutoJoinController ( 2018): MERCURY_AD88 e4:f3:f5:aa:ad:88 rssi=-78 cap [WPA-PSK-CCMP][WPA2-PSK-CCMP][ESS] is not scored
11-06 19:07:23.529 E/WifiAutoJoinController ( 2018): GDWL 86:79:73:27:8c:0d rssi=-49 cap [WPA-PSK-CCMP][WPA2-PSK-CCMP][ESS] is not scored
11-06 19:07:23.529 E/WifiAutoJoinController ( 2018): GDWL 86:79:73:27:8c:11 rssi=-62 cap [WPA-PSK-CCMP][WPA2-PSK-CCMP][ESS] is not scored
11-06 19:07:23.530 E/WifiAutoJoinController ( 2018): TP-LINK_11AF56 9c:21:6a:11:af:56 rssi=-62 cap [WPA-PSK-CCMP][WPA2-PSK-CCMP][WPS][ESS] is not scored
11-06 19:07:23.530 E/WifiAutoJoinController ( 2018): Office_Net e4:f3:f5:a4:00:c0 rssi=-68 cap [WPA-PSK-CCMP][WPA2-PSK-CCMP][ESS] is not scored
11-06 19:07:23.531 E/WifiAutoJoinController ( 2018): GDWL 86:79:73:27:8c:1d rssi=-69 cap [WPA-PSK-CCMP][WPA2-PSK-CCMP][ESS] is not scored
11-06 19:07:23.531 E/WifiAutoJoinController ( 2018): TP-LINK_BAF2C2 0c:72:2c:ba:f2:c2 rssi=-72 cap [WPA-PSK-CCMP][WPA2-PSK-CCMP][WPS][ESS] is not scored
11-06 19:07:23.532 E/WifiAutoJoinController ( 2018): CMCC 06:11:b5:17:bd:d5 rssi=-70 cap [WPA-EAP-CCMP+TKIP][WPA2-EAP-CCMP+TKIP][ESS] is not scored
11-06 19:07:23.532 E/WifiAutoJoinController ( 2018): WLGS 1c:fa:68:05:a3:5a rssi=-76 cap [WPA-PSK-CCMP][WPA2-PSK-CCMP][WPS][ESS] is not scored
11-06 19:07:23.533 E/WifiAutoJoinController ( 2018): GDWL 86:79:73:27:8c:13 rssi=-76 cap [WPA-PSK-CCMP][WPA2-PSK-CCMP][ESS] is not scored
11-06 19:07:23.533 E/WifiAutoJoinController ( 2018):  84:79:73:27:8c:19 rssi=-40 cap [WEP][ESS] is not scored
11-06 19:07:23.534 E/WifiAutoJoinController ( 2018):  84:79:73:27:8c:11 rssi=-62 cap [WEP][ESS] is not scored
11-06 19:07:23.534 E/WifiAutoJoinController ( 2018):  84:79:73:27:8c:0d rssi=-51 cap [WEP][ESS] is not scored
11-06 19:07:23.535 E/WifiAutoJoinController ( 2018):  84:79:73:27:8c:1d rssi=-66 cap [WEP][ESS] is not scored
11-06 19:07:23.536 E/WifiAutoJoinController ( 2018):  84:79:73:27:8c:13 rssi=-74 cap [WEP][ESS] is not scored
11-06 19:07:23.536 E/WifiAutoJoinController ( 2018): CMCC-WEB 00:11:b5:17:bd:d5 rssi=-72 cap [ESS] is not scored
11-06 19:07:23.537 E/WifiAutoJoinController ( 2018): and-Business 0e:11:b5:17:bd:d5 rssi=-70 cap [ESS] is not scored
11-06 19:07:23.537 E/WifiAutoJoinController ( 2018): CMCC-family 0a:11:b5:17:bd:d5 rssi=-72 cap [ESS] is not scored
11-06 19:07:23.538 E/WifiAutoJoinController ( 2018): 金多 74:7d:24:13:b6:8a rssi=-76 cap [WPA-PSK-CCMP+TKIP][WPA2-PSK-CCMP+TKIP][ESS] is not scored
11-06 19:07:23.538 E/WifiAutoJoinController ( 2018): MERCURY_EDE4 e4:f3:f5:6a:ed:e4 rssi=-46 cap [ESS] is not scored
11-06 19:07:23.539 E/WifiAutoJoinController ( 2018): 影视娱乐频道 24:69:68:79:91:8a rssi=-76 cap [WPA-PSK-CCMP][WPA2-PSK-CCMP][ESS] is not scored
11-06 19:07:23.540 E/WifiAutoJoinController ( 2018): ageScanResultsOut delay 40000 size 24 now 1509966443539
11-06 19:07:23.540 E/WifiAutoJoinController ( 2018): newSupplicantResults size=24 known=6 true
11-06 19:07:23.542 E/WifiAutoJoinController ( 2018): attemptAutoJoin() status=bssid=78:11:dc:10:d5:2d
11-06 19:07:23.542 E/WifiAutoJoinController ( 2018): freq=2412
11-06 19:07:23.542 E/WifiAutoJoinController ( 2018): ssid=Xiaomi_D52C
11-06 19:07:23.542 E/WifiAutoJoinController ( 2018): id=6
11-06 19:07:23.542 E/WifiAutoJoinController ( 2018): mode=station
11-06 19:07:23.542 E/WifiAutoJoinController ( 2018): pairwise_cipher=CCMP
11-06 19:07:23.542 E/WifiAutoJoinController ( 2018): group_cipher=TKIP
11-06 19:07:23.542 E/WifiAutoJoinController ( 2018): key_mgmt=WPA2-PSK
11-06 19:07:23.542 E/WifiAutoJoinController ( 2018): wpa_state=COMPLETED
11-06 19:07:23.542 E/WifiAutoJoinController ( 2018): ip_address=192.168.31.49
11-06 19:07:23.542 E/WifiAutoJoinController ( 2018): p2p_device_address=1e:1e:e3:cb:e5:06
11-06 19:07:23.542 E/WifiAutoJoinController ( 2018): address=1c:1e:e3:cb:e5:06
11-06 19:07:23.542 E/WifiAutoJoinController ( 2018): uuid=87c77ca2-a2f1-5c74-a7ed-5e307df36b93 split=13
11-06 19:07:23.542 E/WifiAutoJoinController ( 2018): attemptAutoJoin() num recent config 2 current="Xiaomi_D52C"WPA_PSK ---> suppNetId=6
11-06 19:07:23.542 E/WifiAutoJoinController ( 2018): attemptAutoJoin good candidate seen, bumped hard -> status=0 "GDWL"WPA_PSK rssi=(-36,-127) num=(10,0)
11-06 19:07:23.542 E/WifiAutoJoinController ( 2018): attemptAutoJoin trying id=4 "GDWL"WPA_PSK status=0
11-06 19:07:23.542 E/WifiAutoJoinController ( 2018): attemptAutoJoin good candidate seen, bumped hard -> status=0 "Xiaomi_D52C"WPA_PSK rssi=(-23,-127) num=(1,0)
11-06 19:07:23.542 E/WifiAutoJoinController ( 2018): attemptAutoJoin skip current candidate  6 key "Xiaomi_D52C"WPA_PSK
11-06 19:07:23.542 E/WifiAutoJoinController ( 2018): compareNetwork will compare "GDWL"WPA_PSK with current "Xiaomi_D52C"WPA_PSK
11-06 19:07:23.542 E/WifiAutoJoinController ( 2018):     compareWifiConfigurationsRSSI: "Xiaomi_D52C"WPA_PSK rssi=-23,-127 boost=25 "GDWL"WPA_PSK rssi=-36,-127 boost=0
11-06 19:07:23.543 E/WifiAutoJoinController ( 2018):         "Xiaomi_D52C"WPA_PSK is5=false score=2 "GDWL"WPA_PSK is5=false score=-36
11-06 19:07:23.543 E/WifiAutoJoinController ( 2018):     compareWifiConfigurationsRSSI "Xiaomi_D52C"WPA_PSK rssi=(-23,-127) num=(1,0) > "GDWL"WPA_PSK rssi=(-36,-127) num=(10,0) -> -38
11-06 19:07:23.543 E/WifiAutoJoinController ( 2018): compareWifiConfigurations: "Xiaomi_D52C"WPA_PSK > "GDWL"WPA_PSK order -38
11-06 19:07:23.543 E/WifiAutoJoinController ( 2018): attemptAutoJoin networkSwitching candidate "GDWL"WPA_PSK with current "Xiaomi_D52C"WPA_PSK linked=false : delta=-38  -> not switching
11-06 19:07:23.543 E/WifiAutoJoinController ( 2018): attemptRoam: "Xiaomi_D52C"WPA_PSK Found 78:11:dc:10:d5:2d rssi=-23 freq=2412 Current: 78:11:dc:10:d5:2d
11-06 19:07:23.543 E/WifiAutoJoinController ( 2018): Done attemptAutoJoin status=0
11-06 19:07:23.715 I/Advanced( 3835): [QUEUE] share_queue_sendEx size:1 4097 193 0x8f155f48,postLoopId:0,dstid:1.
11-06 19:07:23.825 D/[blink]DOMTimer( 3835): [fired] 0x524d25e0 timeout fired.
11-06 19:07:23.825 D/ScriptController( 3835): [executeScriptAndReturnValue] [V8] evaluate Script start. frame=0x4d121a48 url= line=1. source length=22
11-06 19:07:23.825 D/iPanel  ( 3835): iPanel.debug("checkOverlayCreated")
11-06 19:07:23.825 D/[blink]DOMTimer( 3835): [DOMTimer] 0x524d2650 setTimeout 300ms, repeat:0.
11-06 19:07:23.825 D/ScriptController( 3835): [executeScriptAndReturnValue] [V8] evaluate Script end. frame=0x4d121a48 
11-06 19:07:23.837 E/hcdn_upload( 3008): HCDN_LOG: [2017/11/06-19:07:23:836]:Update uload speed 1 kbps ,real:0 kbps,qsize:0,maxsize:12,timeout_speed:0 kbps 
11-06 19:07:23.885 D/BackBootDealerNeimeng( 2389): standbyState:
11-06 19:07:23.885 E/NetUtils( 2018): Interface eth0 LinkDown!
11-06 19:07:23.901 I/AdvancedPorting-PORT_MODULE_NET( 3835): network_task while... 
11-06 19:07:23.901 I/AdvancedPorting-PORT_MODULE_NET( 3835): 0 interface name: lo
11-06 19:07:23.901 I/AdvancedPorting-PORT_MODULE_NET( 3835): 1 interface name: wlan0
11-06 19:07:23.901 I/AdvancedPorting-PORT_MODULE_NET( 3835): First interface name: lo
11-06 19:07:23.901 I/AdvancedPorting-PORT_MODULE_NET( 3835): network_task while...  net_i:1
11-06 19:07:23.901 I/AdvancedPorting-PORT_MODULE_NET( 3835): network_task while---name_interface[0]=lo
11-06 19:07:23.901 I/AdvancedPorting-PORT_MODULE_NET( 3835): network_task while---name_interface[1]=wlan0
11-06 19:07:23.901 I/AdvancedPorting-PORT_MODULE_NET( 3835): network_task while---interface_name=wlan0
11-06 19:07:23.901 I/AdvancedPorting-PORT_MODULE_NET( 3835): network_get_netlink_status(in)--if_name=wlan0
11-06 19:07:23.901 I/AdvancedPorting-PORT_MODULE_NET( 3835): net.network.isconnected = no
11-06 19:07:23.902 I/AdvancedPorting-PORT_MODULE_NET( 3835): wlan0 --network_get_netlink_status return retval=1
11-06 19:07:23.902 I/AdvancedPorting-PORT_MODULE_NET( 3835): stat = 1 last_status = 1
11-06 19:07:24.101 D/[blink]DOMTimer( 3835): [fired] 0x524d1178 timeout fired.
11-06 19:07:24.101 D/V8ScriptRunner( 3835): [callFunction] start. frame = 0x4d129d58 function:  url: http://10.14.30.222:8889/appcms4.0/app/tv/newklq/xwjj/klqzs/js/common.js line: 197
11-06 19:07:24.106 D/V8ScriptRunner( 3835): [callFunction] end. frame = 0x4d129d58 function:  url: http://10.14.30.222:8889/appcms4.0/app/tv/newklq/xwjj/klqzs/js/common.js line: 197
11-06 19:07:24.124 I/Advanced( 3835): [QUEUE] share_queue_sendEx size:1 4097 195 0x8f155f48,postLoopId:0,dstid:1.
11-06 19:07:24.126 D/[blink]DOMTimer( 3835): [fired] 0x524d2650 timeout fired.
11-06 19:07:24.126 D/ScriptController( 3835): [executeScriptAndReturnValue] [V8] evaluate Script start. frame=0x4d121a48 url= line=1. source length=22
11-06 19:07:24.128 D/iPanel  ( 3835): iPanel.debug("checkOverlayCreated")
11-06 19:07:24.128 D/[blink]DOMTimer( 3835): [DOMTimer] 0x524d26c0 setTimeout 300ms, repeat:0.
11-06 19:07:24.128 D/ScriptController( 3835): [executeScriptAndReturnValue] [V8] evaluate Script end. frame=0x4d121a48 
11-06 19:07:24.325 I/Advanced( 3835): [QUEUE] share_queue_sendEx size:1 4097 196 0x8f155f48,postLoopId:0,dstid:1.
11-06 19:07:24.342 E/storage_operate( 3008): HCDN_LOG: [2017/11/06-19:07:24:342]:[func:GetTaskCount],[line:827],[oper:get task count],[state:0],[count:0]
11-06 19:07:24.342 E/storage_operate( 3008): HCDN_LOG: [2017/11/06-19:07:24:342]:[func:GetTaskCount],[line:827],[oper:get task count],[state:0],[count:0]
11-06 19:07:24.342 E/storage_operate( 3008): HCDN_LOG: [2017/11/06-19:07:24:342]:[func:GetTaskCount],[line:827],[oper:get task count],[state:1],[count:0]
11-06 19:07:24.386 D/BackBootDealerNeimeng( 2389): standbyState:
11-06 19:07:24.387 E/NetUtils( 2018): Interface eth0 LinkDown!
11-06 19:07:24.428 D/[blink]DOMTimer( 3835): [fired] 0x524d26c0 timeout fired.
11-06 19:07:24.428 D/ScriptController( 3835): [executeScriptAndReturnValue] [V8] evaluate Script start. frame=0x4d121a48 url= line=1. source length=22
11-06 19:07:24.428 D/iPanel  ( 3835): iPanel.debug("checkOverlayCreated")
11-06 19:07:24.428 D/[blink]DOMTimer( 3835): [DOMTimer] 0x524d2730 setTimeout 300ms, repeat:0.
11-06 19:07:24.429 D/ScriptController( 3835): [executeScriptAndReturnValue] [V8] evaluate Script end. frame=0x4d121a48 
11-06 19:07:24.453 E/storage_operate( 2658): HCDN_LOG: [2017/11/06-19:07:24:453]:[func:GetTaskCount],[line:827],[oper:get task count],[state:0],[count:0]
11-06 19:07:24.453 E/storage_operate( 2658): HCDN_LOG: [2017/11/06-19:07:24:453]:[func:GetTaskCount],[line:827],[oper:get task count],[state:0],[count:0]
11-06 19:07:24.453 E/storage_operate( 2658): HCDN_LOG: [2017/11/06-19:07:24:453]:[func:GetTaskCount],[line:827],[oper:get task count],[state:1],[count:0]
11-06 19:07:24.525 I/Advanced( 3835): [QUEUE] share_queue_sendEx size:1 4097 197 0x8f155f48,postLoopId:0,dstid:1.
11-06 19:07:24.726 I/Advanced( 3835): [QUEUE] share_queue_sendEx size:1 4097 198 0x8f155f48,postLoopId:0,dstid:1.
11-06 19:07:24.729 D/[blink]DOMTimer( 3835): [fired] 0x524d2730 timeout fired.
11-06 19:07:24.729 D/ScriptController( 3835): [executeScriptAndReturnValue] [V8] evaluate Script start. frame=0x4d121a48 url= line=1. source length=22
11-06 19:07:24.729 D/iPanel  ( 3835): iPanel.debug("checkOverlayCreated")
11-06 19:07:24.729 D/[blink]DOMTimer( 3835): [DOMTimer] 0x524d27a0 setTimeout 300ms, repeat:0.
11-06 19:07:24.729 D/ScriptController( 3835): [executeScriptAndReturnValue] [V8] evaluate Script end. frame=0x4d121a48 
11-06 19:07:24.742 D/EsgNeiMengDealer( 2389): [TN_ThreadUtil-8]checkBootAd bootAd=[Advertisment@34d5d2aa]category[1]version[0]profile[2]group[[GroupProperty@3eb6ae9b]associateType[3]groupIDs[len:10:10000:7101:7105:9999:7000:17:1001:20002:20001:1003]]service[null]period[[Advertisment@3ddc238]dates[]times[len0:72:len1:72:20170821 000000-20170821 235959:20170822 000000-20170822 235959:20170823 000000-20170823 235959:20170824 000000-20170824 235959:20170825 000000-20170825 235959:20170826 000000-20170826 235959:20170827 000000-20170827 235959:20170828 000000-20170828 235959:20170829 000000-20170829 235959:20170830 000000-20170830 235959:20170831 000000-20170831 235959:20170901 000000-20170901 235959:20170902 000000-20170902 235959:20170903 000000-20170903 235959:20170904 000000-20170904 235959:20170905 000000-20170905 235959:20170906 000000-20170906 235959:20170907 000000-20170907 235959:20170908 000000-20170908 235959:20170909 000000-20170909 235959:20170910 000000-20170910 235959:20170911 000000-20170911 235959:20170912 000000-20170912 235959:20170913 000000-20170913 235959:20170914 000000-20170914 235959:20170915 000000-20170915 235959:20170916 000000-20170916 235959:20170917 000000-20170917 235959:20170918 000000-20170918 235959:20170919 000000-20170919 235959:20170920 000000-20170920 235959:20170921 000000-20170921 235959:20170922 000000-20170922 235959:20170923 000000-20170923 235959:20170924 000000-20170924 235959:20170925 000000-20170925 235959:20170926 000000-20170926 235959:20170927 000000-20170927 235959:20170928 000000-20170928 235959:20170929 000000-20170929 235959:20170930 000000-20170930 235959:20171001 000000-20171001 235959:20171002 000000-20171002 235959:20171003 000000-20171003 235959:20171004 000000-20171004 235959:20171005 000000-20171005 235959:20171006 000000-20171006 235959:20171007 000000-20171007 235959:20171008 000000-20171008 235959:20171009 000000-20171009 235959:20171010 000000-20171010 235959:20171011 000000-20171011 235959:20171012 000000-20171012 235959:20171013 000000-20171013 235959:20171014 000000-20171014 235959:20171015 000000-20171015 235959:20171016 000000-20171016 235959:20171017 000000-20171017 235959:20171018 000000-20171018 235959:20171019 000000-20171019 235959:20171020 000000-20171020 235959:20171021 000000-20171021 235959:20171022 000000-20171022 235959:20171023 000000-20171023 235959:20171024 000000-20171024 235959:20171025 000000-20171025 235959:20171026 000000-20171026 235959:20171027 000000-20171027 235959:20171028 000000-20171028 235959:20171029 000000-20171029 235959:20171030 000000-20171030 235959:20171031 000000-20171031 235959]]
11-06 19:07:24.743 I/System.out( 2389): [DEBUG SectionFilter