11-06 19:08:11.067 I/ActivityManager( 2018): START u0 {act= cmp=com.ipanel.android_webview.shell/com.ipanel.webapp.BrowserActivity (has extras)} from uid 1000 on display 0
11-06 19:08:11.075 W/ContextImpl( 2494): Calling a method in the system process without a qualified user: android.app.ContextImpl.sendBroadcast:1345 android.content.ContextWrapper.sendBroadcast:377 android.app.ActivityThread.performPauseActivity:3259 android.app.ActivityThread.performPauseActivity:3225 android.app.ActivityThread.handlePauseActivity:3200 
11-06 19:08:11.088 W/ViewRootImpl( 2494): Cancelling event due to no window focus: KeyEvent { action=ACTION_UP, keyCode=KEYCODE_DPAD_CENTER, scanCode=28, metaState=0, flags=0x28, repeatCount=0, eventTime=527785, downTime=527759, deviceId=3, source=0x701 }
11-06 19:08:11.089 W/ViewRootImpl( 2494): Cancelling event due to no window focus: KeyEvent { action=ACTION_UP, keyCode=KEYCODE_DPAD_CENTER, scanCode=28, metaState=0, flags=0x28, repeatCount=0, eventTime=527785, downTime=527759, deviceId=3, source=0x701 }
11-06 19:08:11.089 W/ViewRootImpl( 2494): Cancelling event due to no window focus: KeyEvent { action=ACTION_UP, keyCode=KEYCODE_DPAD_CENTER, scanCode=28, metaState=0, flags=0x28, repeatCount=0, eventTime=527785, downTime=527759, deviceId=3, source=0x701 }
11-06 19:08:11.089 W/ViewRootImpl( 2494): Cancelling event due to no window focus: KeyEvent { action=ACTION_UP, keyCode=KEYCODE_DPAD_CENTER, scanCode=28, metaState=0, flags=0x28, repeatCount=0, eventTime=527785, downTime=527759, deviceId=3, source=0x701 }
11-06 19:08:11.089 W/ViewRootImpl( 2494): Cancelling event due to no window focus: KeyEvent { action=ACTION_UP, keyCode=KEYCODE_DPAD_CENTER, scanCode=28, metaState=0, flags=0x28, repeatCount=0, eventTime=527785, downTime=527759, deviceId=3, source=0x701 }
11-06 19:08:11.089 W/ViewRootImpl( 2494): Cancelling event due to no window focus: KeyEvent { action=ACTION_UP, keyCode=KEYCODE_DPAD_CENTER, scanCode=28, metaState=0, flags=0x28, repeatCount=0, eventTime=527785, downTime=527759, deviceId=3, source=0x701 }
11-06 19:08:59.811 I/ActivityManager( 2018): Force stopping com.android.browser appid=10010 user=0: from pid 2389
11-06 19:08:59.812 I/ActivityManager( 2018): START u0 {act=android.intent.action.MAIN cat=[android.intent.category.HOME] flg=0x10200000 cmp=com.suma.midware.home/.third.Main3DActivity} from uid 1000 on display 0
11-06 19:08:59.850 W/ContextImpl( 2494): Calling a method in the system process without a qualified user: android.app.ContextImpl.sendBroadcast:1345 android.content.ContextWrapper.sendBroadcast:377 com.suma.midware.view.ext.BluetoothUpdate.b:-1 com.suma.midware.home.third.Main3DActivity.onResume:-1 android.app.Instrumentation.callActivityOnResume:1257 
11-06 19:08:59.853 W/ContextImpl( 2494): Calling a method in the system process without a qualified user: android.app.ContextImpl.sendBroadcast:1345 android.content.ContextWrapper.sendBroadcast:377 android.app.ActivityThread.performResumeActivity:2982 android.app.ActivityThread.handleResumeActivity:3023 android.app.ActivityThread$H.handleMessage:1347 
11-06 19:09:07.778 I/ActivityManager( 2018): START u0 {act= cmp=com.ipanel.android_webview.shell/com.ipanel.webapp.BrowserActivity (has extras)} from uid 1000 on display 0
11-06 19:09:07.787 W/ContextImpl( 2494): Calling a method in the system process without a qualified user: android.app.ContextImpl.sendBroadcast:1345 android.content.ContextWrapper.sendBroadcast:377 android.app.ActivityThread.performPauseActivity:3259 android.app.ActivityThread.performPauseActivity:3225 android.app.ActivityThread.handlePauseActivity:3200 
11-06 19:13:59.594 I/ActivityManager( 2018): START u0 {act=android.intent.action.MAIN cat=[android.intent.category.HOME] flg=0x10200000 cmp=com.suma.midware.home/.third.Main3DActivity} from uid 1000 on display 0
11-06 19:13:59.610 I/ActivityManager( 2018): Force stopping com.android.browser appid=10010 user=0: from pid 2389
11-06 19:13:59.633 W/ContextImpl( 2494): Calling a method in the system process without a qualified user: android.app.ContextImpl.sendBroadcast:1345 android.content.ContextWrapper.sendBroadcast:377 com.suma.midware.view.ext.BluetoothUpdate.b:-1 com.suma.midware.home.third.Main3DActivity.onResume:-1 android.app.Instrumentation.callActivityOnResume:1257 
11-06 19:13:59.636 W/ContextImpl( 2494): Calling a method in the system process without a qualified user: android.app.ContextImpl.sendBroadcast:1345 android.content.ContextWrapper.sendBroadcast:377 android.app.ActivityThread.performResumeActivity:2982 android.app.ActivityThread.handleResumeActivity:3023 android.app.ActivityThread$H.handleMessage:1347 
11-06 19:14:04.309 I/ActivityManager( 2018): START u0 {act= cmp=com.ipanel.android_webview.shell/com.ipanel.webapp.BrowserActivity (has extras)} from uid 1000 on display 0
11-06 19:14:04.316 W/ContextImpl( 2494): Calling a method in the system process without a qualified user: android.app.ContextImpl.sendBroadcast:1345 android.content.ContextWrapper.sendBroadcast:377 android.app.ActivityThread.performPauseActivity:3259 android.app.ActivityThread.performPauseActivity:3225 android.app.ActivityThread.handlePauseActivity:3200 
11-06 19:14:04.322 W/ViewRootImpl( 2494): Cancelling event due to no window focus: KeyEvent { action=ACTION_UP, keyCode=KEYCODE_DPAD_CENTER, scanCode=28, metaState=0, flags=0x28, repeatCount=0, eventTime=881018, downTime=881003, deviceId=3, source=0x701 }
11-06 19:14:04.322 W/ViewRootImpl( 2494): Cancelling event due to no window focus: KeyEvent { action=ACTION_UP, keyCode=KEYCODE_DPAD_CENTER, scanCode=28, metaState=0, flags=0x28, repeatCount=0, eventTime=881018, downTime=881003, deviceId=3, source=0x701 }
11-06 19:14:04.322 W/ViewRootImpl( 2494): Cancelling event due to no window focus: KeyEvent { action=ACTION_UP, keyCode=KEYCODE_DPAD_CENTER, scanCode=28, metaState=0, flags=0x28, repeatCount=0, eventTime=881018, downTime=881003, deviceId=3, source=0x701 }
11-06 19:14:04.322 W/ViewRootImpl( 2494): Cancelling event due to no window focus: KeyEvent { action=ACTION_UP, keyCode=KEYCODE_DPAD_CENTER, scanCode=28, metaState=0, flags=0x28, repeatCount=0, eventTime=881018, downTime=881003, deviceId=3, source=0x701 }
11-06 19:14:04.322 W/ViewRootImpl( 2494): Cancelling event due to no window focus: KeyEvent { action=ACTION_UP, keyCode=KEYCODE_DPAD_CENTER, scanCode=28, metaState=0, flags=0x28, repeatCount=0, eventTime=881018, downTime=881003, deviceId=3, source=0x701 }
11-06 19:14:04.322 W/ViewRootImpl( 2494): Cancelling event due to no window focus: KeyEvent { action=ACTION_UP, keyCode=KEYCODE_DPAD_CENTER, scanCode=28, metaState=0, flags=0x28, repeatCount=0, eventTime=881018, downTime=881003, deviceId=3, source=0x701 }
11-06 19:14:50.027 I/ActivityManager( 2018): START u0 {act=android.intent.action.MAIN cat=[android.intent.category.HOME] flg=0x10200000 cmp=com.suma.midware.home/.third.Main3DActivity} from uid 1000 on display 0
11-06 19:14:50.045 I/ActivityManager( 2018): Force stopping com.android.browser appid=10010 user=0: from pid 2389
11-06 19:14:50.084 W/ContextImpl( 2494): Calling a method in the system process without a qualified user: android.app.ContextImpl.sendBroadcast:1345 android.content.ContextWrapper.sendBroadcast:377 com.suma.midware.view.ext.BluetoothUpdate.b:-1 com.suma.midware.home.third.Main3DActivity.onResume:-1 android.app.Instrumentation.callActivityOnResume:1257 
11-06 19:14:50.087 W/ContextImpl( 2494): Calling a method in the system process without a qualified user: android.app.ContextImpl.sendBroadcast:1345 android.content.ContextWrapper.sendBroadcast:377 android.app.ActivityThread.performResumeActivity:2982 android.app.ActivityThread.handleResumeActivity:3023 android.app.ActivityThread$H.handleMessage:1347 
11-06 19:14:53.132 I/WindowState( 2018): WIN DEATH: Window{2a65ac7d u0 com.ipanel.android_webview.shell/com.ipanel.webapp.BrowserActivity}
11-06 19:14:53.132 W/WindowManager( 2018): Force-removing child win Window{2e77486c u0 SurfaceView} from container Window{2a65ac7d u0 com.ipanel.android_webview.shell/com.ipanel.webapp.BrowserActivity}
11-06 19:14:53.132 D/ConnectivityService( 2018): ConnectivityService NetworkRequestInfo binderDied(NetworkRequest [ id=5, legacyType=-1, [ Capabilities: INTERNET&NOT_RESTRICTED&TRUSTED] ], android.os.BinderProxy@16d0ecd7)
11-06 19:14:53.133 D/ConnectivityService( 2018): releasing NetworkRequest NetworkRequest [ id=5, legacyType=-1, [ Capabilities: INTERNET&NOT_RESTRICTED&TRUSTED] ]
11-06 19:14:53.139 W/WindowManager( 2018): Force-removing child win Window{3a04d8be u0 SurfaceView} from container Window{2a65ac7d u0 com.ipanel.android_webview.shell/com.ipanel.webapp.BrowserActivity}
11-06 19:14:53.139 E/ConnectivityService( 2018): RemoteException caught trying to send a callback msg for NetworkRequest [ id=5, legacyType=-1, [ Capabilities: INTERNET&NOT_RESTRICTED&TRUSTED] ]
11-06 19:14:53.142 I/ActivityManager( 2018): Process com.ipanel.android_webview.shell (pid 3835) has died
11-06 19:14:53.146 W/WindowManager( 2018): Failed looking up window
11-06 19:14:53.146 W/WindowManager( 2018): java.lang.IllegalArgumentException: Requested window android.os.BinderProxy@18a59379 does not exist
11-06 19:14:53.146 W/WindowManager( 2018): 	at com.android.server.wm.WindowManagerService.windowForClientLocked(WindowManagerService.java:8654)
11-06 19:14:53.146 W/WindowManager( 2018): 	at com.android.server.wm.WindowManagerService.windowForClientLocked(WindowManagerService.java:8645)
11-06 19:14:53.146 W/WindowManager( 2018): 	at com.android.server.wm.WindowState$DeathRecipient.binderDied(WindowState.java:1142)
11-06 19:14:53.146 W/WindowManager( 2018): 	at android.os.BinderProxy.sendDeathNotice(Binder.java:551)
11-06 19:14:53.146 I/WindowState( 2018): WIN DEATH: null
11-06 19:14:55.103 I/ActivityManager( 2018): START u0 {act= cmp=com.ipanel.android_webview.shell/com.ipanel.webapp.BrowserActivity (has extras)} from uid 1000 on display 0
11-06 19:14:55.110 W/ContextImpl( 2494): Calling a method in the system process without a qualified user: android.app.ContextImpl.sendBroadcast:1345 android.content.ContextWrapper.sendBroadcast:377 android.app.ActivityThread.performPauseActivity:3259 android.app.ActivityThread.performPauseActivity:3225 android.app.ActivityThread.handlePauseActivity:3200 
11-06 19:14:55.114 V/WindowManager( 2018): Adding window Window{1ba47fe2 u0 Starting com.ipanel.android_webview.shell} at 4 of 9 (after Window{19618c0b u0 com.suma.midware.home/com.suma.midware.home.third.Main3DActivity})
11-06 19:14:55.147 I/ActivityManager( 2018): Start proc 4330:com.ipanel.android_webview.shell/u0a26 for activity com.ipanel.android_webview.shell/com.ipanel.webapp.BrowserActivity
11-06 19:14:55.219 W/ViewRootImpl( 2494): Cancelling event due to no window focus: KeyEvent { action=ACTION_UP, keyCode=KEYCODE_DPAD_CENTER, scanCode=28, metaState=0, flags=0x28, repeatCount=0, eventTime=931867, downTime=931790, deviceId=3, source=0x701 }
11-06 19:14:55.219 W/ViewRootImpl( 2494): Cancelling event due to no window focus: KeyEvent { action=ACTION_UP, keyCode=KEYCODE_DPAD_CENTER, scanCode=28, metaState=0, flags=0x28, repeatCount=0, eventTime=931867, downTime=931790, deviceId=3, source=0x701 }
11-06 19:14:55.219 W/ViewRootImpl( 2494): Cancelling event due to no window focus: KeyEvent { action=ACTION_UP, keyCode=KEYCODE_DPAD_CENTER, scanCode=28, metaState=0, flags=0x28, repeatCount=0, eventTime=931867, downTime=931790, deviceId=3, source=0x701 }
11-06 19:14:55.220 W/ViewRootImpl( 2494): Cancelling event due to no window focus: KeyEvent { action=ACTION_UP, keyCode=KEYCODE_DPAD_CENTER, scanCode=28, metaState=0, flags=0x28, repeatCount=0, eventTime=931867, downTime=931790, deviceId=3, source=0x701 }
11-06 19:14:55.220 W/ViewRootImpl( 2494): Cancelling event due to no window focus: KeyEvent { action=ACTION_UP, keyCode=KEYCODE_DPAD_CENTER, scanCode=28, metaState=0, flags=0x28, repeatCount=0, eventTime=931867, downTime=931790, deviceId=3, source=0x701 }
11-06 19:14:55.220 W/ViewRootImpl( 2494): Cancelling event due to no window focus: KeyEvent { action=ACTION_UP, keyCode=KEYCODE_DPAD_CENTER, scanCode=28, metaState=0, flags=0x28, repeatCount=0, eventTime=931867, downTime=931790, deviceId=3, source=0x701 }
11-06 19:14:55.221 W/ViewRootImpl( 2494): Cancelling event due to no window focus: KeyEvent { action=ACTION_UP, keyCode=KEYCODE_DPAD_CENTER, scanCode=28, metaState=0, flags=0x28, repeatCount=0, eventTime=931867, downTime=931790, deviceId=3, source=0x701 }
11-06 19:14:55.221 W/ViewRootImpl( 2494): Cancelling event due to no window focus: KeyEvent { action=ACTION_UP, keyCode=KEYCODE_DPAD_CENTER, scanCode=28, metaState=0, flags=0x28, repeatCount=0, eventTime=931867, downTime=931790, deviceId=3, source=0x701 }
11-06 19:14:55.221 W/ViewRootImpl( 2494): Cancelling event due to no window focus: KeyEvent { action=ACTION_UP, keyCode=KEYCODE_DPAD_CENTER, scanCode=28, metaState=0, flags=0x28, repeatCount=0, eventTime=931867, downTime=931790, deviceId=3, source=0x701 }
11-06 19:14:55.538 V/WindowManager( 2018): Adding window Window{1ca6ae78 u0 com.ipanel.android_webview.shell/com.ipanel.webapp.BrowserActivity} at 4 of 10 (before Window{1ba47fe2 u0 Starting com.ipanel.android_webview.shell})
11-06 19:14:55.561 D/ConnectivityService( 2018): listenForNetwork for NetworkRequest [ id=6, legacyType=-1, [ Capabilities: INTERNET&NOT_RESTRICTED&TRUSTED] ]
11-06 19:14:55.561 D/ConnectivityService( 2018): handleRegisterNetworkRequest checking NetworkAgentInfo [WIFI () - 100]
11-06 19:14:55.561 D/ConnectivityService( 2018): apparently satisfied.  currentScore=60
11-06 19:14:55.670 V/WindowManager( 2018): Adding window Window{23ebe98d u0 SurfaceView} at 4 of 11 (before Window{1ca6ae78 u0 com.ipanel.android_webview.shell/com.ipanel.webapp.BrowserActivity})
11-06 19:14:55.738 V/WindowManager( 2018): Adding window Window{1f57b353 u0 SurfaceView} at 5 of 12 (before Window{1ca6ae78 u0 com.ipanel.android_webview.shell/com.ipanel.webapp.BrowserActivity})
11-06 19:14:55.837 W/ViewRootImpl( 4330): Cancelling event due to no window focus: KeyEvent { action=ACTION_UP, keyCode=KEYCODE_DPAD_CENTER, scanCode=28, metaState=0, flags=0x80000028, repeatCount=0, eventTime=931999, downTime=931790, deviceId=3, source=0x701 }
11-06 19:14:55.837 W/ViewRootImpl( 4330): Cancelling event due to no window focus: KeyEvent { action=ACTION_UP, keyCode=KEYCODE_DPAD_CENTER, scanCode=28, metaState=0, flags=0x80000028, repeatCount=0, eventTime=931999, downTime=931790, deviceId=3, source=0x701 }
11-06 19:14:55.837 W/ViewRootImpl( 4330): Cancelling event due to no window focus: KeyEvent { action=ACTION_UP, keyCode=KEYCODE_DPAD_CENTER, scanCode=28, metaState=0, flags=0x80000028, repeatCount=0, eventTime=931999, downTime=931790, deviceId=3, source=0x701 }
11-06 19:14:55.837 W/ViewRootImpl( 4330): Cancelling event due to no window focus: KeyEvent { action=ACTION_UP, keyCode=KEYCODE_DPAD_CENTER, scanCode=28, metaState=0, flags=0x80000028, repeatCount=0, eventTime=931999, downTime=931790, deviceId=3, source=0x701 }
11-06 19:14:55.837 W/ViewRootImpl( 4330): Cancelling event due to no window focus: KeyEvent { action=ACTION_UP, keyCode=KEYCODE_DPAD_CENTER, scanCode=28, metaState=0, flags=0x80000028, repeatCount=0, eventTime=931999, downTime=931790, deviceId=3, source=0x701 }
11-06 19:14:55.837 W/ViewRootImpl( 4330): Cancelling event due to no window focus: KeyEvent { action=ACTION_UP, keyCode=KEYCODE_DPAD_CENTER, scanCode=28, metaState=0, flags=0x80000028, repeatCount=0, eventTime=931999, downTime=931790, deviceId=3, source=0x701 }
11-06 19:14:55.839 W/ViewRootImpl( 4330): Cancelling event due to no window focus: KeyEvent { action=ACTION_UP, keyCode=KEYCODE_DPAD_CENTER, scanCode=28, metaState=0, flags=0x80000028, repeatCount=0, eventTime=931999, downTime=931790, deviceId=3, source=0x701 }
11-06 19:14:55.839 W/ViewRootImpl( 4330): Cancelling event due to no window focus: KeyEvent { action=ACTION_UP, keyCode=KEYCODE_DPAD_CENTER, scanCode=28, metaState=0, flags=0x80000028, repeatCount=0, eventTime=931999, downTime=931790, deviceId=3, source=0x701 }
11-06 19:14:55.839 W/ViewRootImpl( 4330): Cancelling event due to no window focus: KeyEvent { action=ACTION_UP, keyCode=KEYCODE_DPAD_CENTER, scanCode=28, metaState=0, flags=0x80000028, repeatCount=0, eventTime=931999, downTime=931790, deviceId=3, source=0x701 }
11-06 19:15:28.777 I/ActivityManager( 2018): START u0 {act=android.intent.action.MAIN cat=[android.intent.category.HOME] flg=0x10200000 cmp=com.suma.midware.home/.third.Main3DActivity} from uid 1000 on display 0
11-06 19:15:28.800 I/ActivityManager( 2018): Force stopping com.android.browser appid=10010 user=0: from pid 2389
11-06 19:15:28.823 W/ContextImpl( 2494): Calling a method in the system process without a qualified user: android.app.ContextImpl.sendBroadcast:1345 android.content.ContextWrapper.sendBroadcast:377 com.suma.midware.view.ext.BluetoothUpdate.b:-1 com.suma.midware.home.third.Main3DActivity.onResume:-1 android.app.Instrumentation.callActivityOnResume:1257 
11-06 19:15:28.828 W/ContextImpl( 2494): Calling a method in the system process without a qualified user: android.app.ContextImpl.sendBroadcast:1345 android.content.ContextWrapper.sendBroadcast:377 android.app.ActivityThread.performResumeActivity:2982 android.app.ActivityThread.handleResumeActivity:3023 android.app.ActivityThread$H.handleMessage:1347 
11-06 19:15:35.263 I/ActivityManager( 2018): START u0 {act= cmp=com.ipanel.android_webview.shell/com.ipanel.webapp.BrowserActivity (has extras)} from uid 1000 on display 0
11-06 19:15:35.272 W/ContextImpl( 2494): Calling a method in the system process without a qualified user: android.app.ContextImpl.sendBroadcast:1345 android.content.ContextWrapper.sendBroadcast:377 android.app.ActivityThread.performPauseActivity:3259 android.app.ActivityThread.performPauseActivity:3225 android.app.ActivityThread.handlePauseActivity:3200 
11-06 19:16:23.972 I/ActivityManager( 2018): START u0 {act=android.intent.action.MAIN cat=[android.intent.category.HOME] flg=0x10200000 cmp=com.suma.midware.home/.third.Main3DActivity} from uid 1000 on display 0
11-06 19:16:23.990 I/ActivityManager( 2018): Force stopping com.android.browser appid=10010 user=0: from pid 2389
11-06 19:16:24.008 W/ContextImpl( 2494): Calling a method in the system process without a qualified user: android.app.ContextImpl.sendBroadcast:1345 android.content.ContextWrapper.sendBroadcast:377 com.suma.midware.view.ext.BluetoothUpdate.b:-1 com.suma.midware.home.third.Main3DActivity.onResume:-1 android.app.Instrumentation.callActivityOnResume:1257 
11-06 19:16:24.011 W/ContextImpl( 2494): Calling a method in the system process without a qualified user: android.app.ContextImpl.sendBroadcast:1345 android.content.ContextWrapper.sendBroadcast:377 android.app.ActivityThread.performResumeActivity:2982 android.app.ActivityThread.handleResumeActivity:3023 android.app.ActivityThread$H.handleMessage:1347 
11-06 19:16:30.112 I/ActivityManager( 2018): START u0 {act= cmp=com.ipanel.android_webview.shell/com.ipanel.webapp.BrowserActivity (has extras)} from uid 1000 on display 0
11-06 19:16:30.122 W/ContextImpl( 2494): Calling a method in the system process without a qualified user: android.app.ContextImpl.sendBroadcast:1345 android.content.ContextWrapper.sendBroadcast:377 android.app.ActivityThread.performPauseActivity:3259 android.app.ActivityThread.performPauseActivity:3225 android.app.ActivityThread.handlePauseActivity:3200 
11-06 19:19:42.454 I/UsageStatsService( 2018): User[0] Flushing usage stats to disk
11-06 19:21:45.093 I/ActivityManager( 2018): Force stopping com.android.browser appid=10010 user=0: from pid 2389
11-06 19:21:45.094 I/ActivityManager( 2018): START u0 {act=android.intent.action.MAIN cat=[android.intent.category.HOME] flg=0x10200000 cmp=com.suma.midware.home/.third.Main3DActivity} from uid 1000 on display 0
11-06 19:21:45.132 W/ContextImpl( 2494): Calling a method in the system process without a qualified user: android.app.ContextImpl.sendBroadcast:1345 android.content.ContextWrapper.sendBroadcast:377 com.suma.midware.view.ext.BluetoothUpdate.b:-1 com.suma.midware.home.third.Main3DActivity.onResume:-1 android.app.Instrumentation.callActivityOnResume:1257 
11-06 19:21:45.136 W/ContextImpl( 2494): Calling a method in the system process without a qualified user: android.app.ContextImpl.sendBroadcast:1345 android.content.ContextWrapper.sendBroadcast:377 android.app.ActivityThread.performResumeActivity:2982 android.app.ActivityThread.handleResumeActivity:3023 android.app.ActivityThread$H.handleMessage:1347 
11-06 19:21:53.475 I/WindowState( 2018): WIN DEATH: Window{23ebe98d u0 SurfaceView}
11-06 19:21:53.475 D/ConnectivityService( 2018): ConnectivityService NetworkRequestInfo binderDied(NetworkRequest [ id=6, legacyType=-1, [ Capabilities: INTERNET&NOT_RESTRICTED&TRUSTED] ], android.os.BinderProxy@598c1c6)
11-06 19:21:53.476 D/ConnectivityService( 2018): releasing NetworkRequest NetworkRequest [ id=6, legacyType=-1, [ Capabilities: INTERNET&NOT_RESTRICTED&TRUSTED] ]
11-06 19:21:53.477 I/ActivityManager( 2018): Process com.ipanel.android_webview.shell (pid 4330) has died
11-06 19:21:53.481 E/ConnectivityService( 2018): RemoteException caught trying to send a callback msg for NetworkRequest [ id=6, legacyType=-1, [ Capabilities: INTERNET&NOT_RESTRICTED&TRUSTED] ]
11-06 19:21:53.482 I/WindowState( 2018): WIN DEATH: Window{1f57b353 u0 SurfaceView}
11-06 19:21:53.483 I/WindowState( 2018): WIN DEATH: Window{1ca6ae78 u0 com.ipanel.android_webview.shell/com.ipanel.webapp.BrowserActivity}
11-06 19:23:08.582 I/ActivityManager( 2018): START u0 {act= cmp=com.ipanel.android_webview.shell/com.ipanel.webapp.BrowserActivity (has extras)} from uid 1000 on display 0
11-06 19:23:08.588 W/ContextImpl( 2494): Calling a method in the system process without a qualified user: android.app.ContextImpl.sendBroadcast:1345 android.content.ContextWrapper.sendBroadcast:377 android.app.ActivityThread.performPauseActivity:3259 android.app.ActivityThread.performPauseActivity:3225 android.app.ActivityThread.handlePauseActivity:3200 
11-06 19:23:08.593 V/WindowManager( 2018): Adding window Window{280090dd u0 Starting com.ipanel.android_webview.shell} at 4 of 9 (after Window{19618c0b u0 com.suma.midware.home/com.suma.midware.home.third.Main3DActivity})
11-06 19:23:08.624 I/ActivityManager( 2018): Start proc 4787:com.ipanel.android_webview.shell/u0a26 for activity com.ipanel.android_webview.shell/com.ipanel.webapp.BrowserActivity
11-06 19:23:09.079 V/WindowManager( 2018): Adding window Window{3332298b u0 com.ipanel.android_webview.shell/com.ipanel.webapp.BrowserActivity} at 4 of 10 (before Window{280090dd u0 Starting com.ipanel.android_webview.shell})
11-06 19:23:09.098 D/ConnectivityService( 2018): listenForNetwork for NetworkRequest [ id=7, legacyType=-1, [ Capabilities: INTERNET&NOT_RESTRICTED&TRUSTED] ]
11-06 19:23:09.098 D/ConnectivityService( 2018): handleRegisterNetworkRequest checking NetworkAgentInfo [WIFI () - 100]
11-06 19:23:09.098 D/ConnectivityService( 2018): apparently satisfied.  currentScore=60
11-06 19:23:09.202 V/WindowManager( 2018): Adding window Window{15b89514 u0 SurfaceView} at 4 of 11 (before Window{3332298b u0 com.ipanel.android_webview.shell/com.ipanel.webapp.BrowserActivity})
11-06 19:23:09.270 V/WindowManager( 2018): Adding window Window{4e743b2 u0 SurfaceView} at 5 of 12 (before Window{3332298b u0 com.ipanel.android_webview.shell/com.ipanel.webapp.BrowserActivity})
11-06 19:23:09.319 W/ViewRootImpl( 4787): Cancelling event due to no window focus: KeyEvent { action=ACTION_UP, keyCode=KEYCODE_DPAD_CENTER, scanCode=28, metaState=0, flags=0x80000028, repeatCount=0, eventTime=1425467, downTime=1425258, deviceId=3, source=0x701 }
11-06 19:23:09.319 W/ViewRootImpl( 4787): Cancelling event due to no window focus: KeyEvent { action=ACTION_UP, keyCode=KEYCODE_DPAD_CENTER, scanCode=28, metaState=0, flags=0x80000028, repeatCount=0, eventTime=1425467, downTime=1425258, deviceId=3, source=0x701 }
11-06 19:23:09.319 W/ViewRootImpl( 4787): Cancelling event due to no window focus: KeyEvent { action=ACTION_UP, keyCode=KEYCODE_DPAD_CENTER, scanCode=28, metaState=0, flags=0x80000028, repeatCount=0, eventTime=1425467, downTime=1425258, deviceId=3, source=0x701 }
11-06 19:23:09.319 W/ViewRootImpl( 4787): Cancelling event due to no window focus: KeyEvent { action=ACTION_UP, keyCode=KEYCODE_DPAD_CENTER, scanCode=28, metaState=0, flags=0x80000028, repeatCount=0, eventTime=1425467, downTime=1425258, deviceId=3, source=0x701 }
11-06 19:23:09.319 W/ViewRootImpl( 4787): Cancelling event due to no window focus: KeyEvent { action=ACTION_UP, keyCode=KEYCODE_DPAD_CENTER, scanCode=28, metaState=0, flags=0x80000028, repeatCount=0, eventTime=1425467, downTime=1425258, deviceId=3, source=0x701 }
11-06 19:23:09.319 W/ViewRootImpl( 4787): Cancelling event due to no window focus: KeyEvent { action=ACTION_UP, keyCode=KEYCODE_DPAD_CENTER, scanCode=28, metaState=0, flags=0x80000028, repeatCount=0, eventTime=1425467, downTime=1425258, deviceId=3, source=0x701 }
11-06 19:23:09.322 W/ViewRootImpl( 4787): Cancelling event due to no window focus: KeyEvent { action=ACTION_UP, keyCode=KEYCODE_DPAD_CENTER, scanCode=28, metaState=0, flags=0x80000028, repeatCount=0, eventTime=1425467, downTime=1425258, deviceId=3, source=0x701 }
11-06 19:23:09.322 W/ViewRootImpl( 4787): Cancelling event due to no window focus: KeyEvent { action=ACTION_UP, keyCode=KEYCODE_DPAD_CENTER, scanCode=28, metaState=0, flags=0x80000028, repeatCount=0, eventTime=1425467, downTime=1425258, deviceId=3, source=0x701 }
11-06 19:23:09.322 W/ViewRootImpl( 4787): Cancelling event due to no window focus: KeyEvent { action=ACTION_UP, keyCode=KEYCODE_DPAD_CENTER, scanCode=28, metaState=0, flags=0x80000028, repeatCount=0, eventTime=1425467, downTime=1425258, deviceId=3, source=0x701 }
11-06 19:23:09.704 W/ViewRootImpl( 2494): Cancelling event due to no window focus: KeyEvent { action=ACTION_UP, keyCode=KEYCODE_DPAD_CENTER, scanCode=28, metaState=0, flags=0x28, repeatCount=0, eventTime=1425352, downTime=1425258, deviceId=3, source=0x701 }
11-06 19:23:09.704 W/ViewRootImpl( 2494): Cancelling event due to no window focus: KeyEvent { action=ACTION_UP, keyCode=KEYCODE_DPAD_CENTER, scanCode=28, metaState=0, flags=0x28, repeatCount=0, eventTime=1425352, downTime=1425258, deviceId=3, source=0x701 }
11-06 19:23:09.704 W/ViewRootImpl( 2494): Cancelling event due to no window focus: KeyEvent { action=ACTION_UP, keyCode=KEYCODE_DPAD_CENTER, scanCode=28, metaState=0, flags=0x28, repeatCount=0, eventTime=1425352, downTime=1425258, deviceId=3, source=0x701 }
11-06 19:23:09.705 W/ViewRootImpl( 2494): Cancelling event due to no window focus: KeyEvent { action=ACTION_UP, keyCode=KEYCODE_DPAD_CENTER, scanCode=28, metaState=0, flags=0x28, repeatCount=0, eventTime=1425352, downTime=1425258, deviceId=3, source=0x701 }
11-06 19:23:09.705 W/ViewRootImpl( 2494): Cancelling event due to no window focus: KeyEvent { action=ACTION_UP, keyCode=KEYCODE_DPAD_CENTER, scanCode=28, metaState=0, flags=0x28, repeatCount=0, eventTime=1425352, downTime=1425258, deviceId=3, source=0x701 }
11-06 19:23:09.705 W/ViewRootImpl( 2494): Cancelling event due to no window focus: KeyEvent { action=ACTION_UP, keyCode=KEYCODE_DPAD_CENTER, scanCode=28, metaState=0, flags=0x28, repeatCount=0, eventTime=1425352, downTime=1425258, deviceId=3, source=0x701 }
11-06 19:23:09.705 W/ViewRootImpl( 2494): Cancelling event due to no window focus: KeyEvent { action=ACTION_UP, keyCode=KEYCODE_DPAD_CENTER, scanCode=28, metaState=0, flags=0x28, repeatCount=0, eventTime=1425352, downTime=1425258, deviceId=3, source=0x701 }
11-06 19:23:09.705 W/ViewRootImpl( 2494): Cancelling event due to no window focus: KeyEvent { action=ACTION_UP, keyCode=KEYCODE_DPAD_CENTER, scanCode=28, metaState=0, flags=0x28, repeatCount=0, eventTime=1425352, downTime=1425258, deviceId=3, source=0x701 }
11-06 19:23:09.705 W/ViewRootImpl( 2494): Cancelling event due to no window focus: KeyEvent { action=ACTION_UP, keyCode=KEYCODE_DPAD_CENTER, scanCode=28, metaState=0, flags=0x28, repeatCount=0, eventTime=1425352, downTime=1425258, deviceId=3, source=0x701 }
11-06 19:29:23.326 W/BatteryStatsImpl( 2018): Couldn't get kernel wake lock stats
11-06 19:29:43.504 I/ProcessStatsService( 2018): Prepared write state in 10ms
--------- beginning of main
11-06 19:31:28.459 D/[blink]DOMTimer( 4787): [DOMTimer] 0x57697f48 setTimeout 300ms, repeat:0.
11-06 19:31:28.459 D/ScriptController( 4787): [executeScriptAndReturnValue] [V8] evaluate Script end. frame=0x2b761a48 
11-06 19:31:28.593 I/Advanced( 4787): [QUEUE] share_queue_sendEx size:1 4097 2474 0x8fe47f30,postLoopId:0,dstid:1.
11-06 19:31:28.637 D/BackBootDealerNeimeng( 2389): standbyState:
11-06 19:31:28.638 E/NetUtils( 2018): Interface eth0 LinkDown!
11-06 19:31:28.760 D/[blink]DOMTimer( 4787): [fired] 0x57697f48 timeout fired.
11-06 19:31:28.760 D/ScriptController( 4787): [executeScriptAndReturnValue] [V8] evaluate Script start. frame=0x2b761a48 url= line=1. source length=22
11-06 19:31:28.760 D/iPanel  ( 4787): iPanel.debug("checkOverlayCreated")
11-06 19:31:28.760 D/[blink]DOMTimer( 4787): [DOMTimer] 0x57697fb8 setTimeout 300ms, repeat:0.
11-06 19:31:28.760 D/ScriptController( 4787): [executeScriptAndReturnValue] [V8] evaluate Script end. frame=0x2b761a48 
11-06 19:31:28.793 I/Advanced( 4787): [QUEUE] share_queue_sendEx size:1 4097 2475 0x8fe47f30,postLoopId:0,dstid:1.
11-06 19:31:28.994 I/Advanced( 4787): [QUEUE] share_queue_sendEx size:1 4097 2476 0x8fe47f30,postLoopId:0,dstid:1.
11-06 19:31:29.060 D/[blink]DOMTimer( 4787): [fired] 0x57697fb8 timeout fired.
11-06 19:31:29.060 D/ScriptController( 4787): [executeScriptAndReturnValue] [V8] evaluate Script start. frame=0x2b761a48 url= line=1. source length=22
11-06 19:31:29.061 D/iPanel  ( 4787): iPanel.debug("checkOverlayCreated")
11-06 19:31:29.061 D/[blink]DOMTimer( 4787): [DOMTimer] 0x57698028 setTimeout 300ms, repeat:0.
11-06 19:31:29.061 D/ScriptController( 4787): [executeScriptAndReturnValue] [V8] evaluate Script end. frame=0x2b761a48 
11-06 19:31:29.138 D/BackBootDealerNeimeng( 2389): standbyState:
11-06 19:31:29.139 E/NetUtils( 2018): Interface eth0 LinkDown!
11-06 19:31:29.194 I/AdvancedPorting-PORT_MODULE_NET( 4787): network_task while... 
11-06 19:31:29.194 I/Advanced( 4787): [QUEUE] share_queue_sendEx size:1 4097 2477 0x8fe47f30,postLoopId:0,dstid:1.
11-06 19:31:29.194 I/AdvancedPorting-PORT_MODULE_NET( 4787): 0 interface name: lo
11-06 19:31:29.194 I/AdvancedPorting-PORT_MODULE_NET( 4787): 1 interface name: wlan0
11-06 19:31:29.194 I/AdvancedPorting-PORT_MODULE_NET( 4787): First interface name: lo
11-06 19:31:29.194 I/AdvancedPorting-PORT_MODULE_NET( 4787): network_task while...  net_i:1
11-06 19:31:29.194 I/AdvancedPorting-PORT_MODULE_NET( 4787): network_task while---name_interface[0]=lo
11-06 19:31:29.194 I/AdvancedPorting-PORT_MODULE_NET( 4787): network_task while---name_interface[1]=wlan0
11-06 19:31:29.194 I/AdvancedPorting-PORT_MODULE_NET( 4787): network_task while---interface_name=wlan0
11-06 19:31:29.195 I/AdvancedPorting-PORT_MODULE_NET( 4787): network_get_netlink_status(in)--if_name=wlan0
11-06 19:31:29.195 I/AdvancedPorting-PORT_MODULE_NET( 4787): net.network.isconnected = no
11-06 19:31:29.195 I/AdvancedPorting-PORT_MODULE_NET( 4787): wlan0 --network_get_netlink_status return retval=1
11-06 19:31:29.195 I/AdvancedPorting-PORT_MODULE_NET( 4787): stat = 1 last_status = 1
11-06 19:31:29.361 D/[blink]DOMTimer( 4787): [fired] 0x57698028 timeout fired.
11-06 19:31:29.361 D/ScriptController( 4787): [executeScriptAndReturnValue] [V8] evaluate Script start. frame=0x2b761a48 url= line=1. source length=22
11-06 19:31:29.361 D/iPanel  ( 4787): iPanel.debug("checkOverlayCreated")
11-06 19:31:29.361 D/[blink]DOMTimer( 4787): [DOMTimer] 0x57698098 setTimeout 300ms, repeat:0.
11-06 19:31:29.362 D/ScriptController( 4787): [executeScriptAndReturnValue] [V8] evaluate Script end. frame=0x2b761a48 
11-06 19:31:29.395 I/Advanced( 4787): [QUEUE] share_queue_sendEx size:1 4097 2478 0x8fe47f30,postLoopId:0,dstid:1.
11-06 19:31:29.639 D/BackBootDealerNeimeng( 2389): standbyState:
11-06 19:31:29.640 E/NetUtils( 2018): Interface eth0 LinkDown!
11-06 19:31:29.662 D/[blink]DOMTimer( 4787): [fired] 0x57698098 timeout fired.
11-06 19:31:29.662 D/ScriptController( 4787): [executeScriptAndReturnValue] [V8] evaluate Script start. frame=0x2b761a48 url= line=1. source length=22
11-06 19:31:29.662 D/iPanel  ( 4787): iPanel.debug("checkOverlayCreated")
11-06 19:31:29.662 D/[blink]DOMTimer( 4787): [DOMTimer] 0x57698108 setTimeout 300ms, repeat:0.
11-06 19:31:29.662 D/ScriptController( 4787): [executeScriptAndReturnValue] [V8] evaluate Script end. frame=0x2b761a48 
11-06 19:31:29.804 I/Advanced( 4787): [QUEUE] share_queue_sendEx size:1 4097 2480 0x8fe47f30,postLoopId:0,dstid:1.
11-06 19:31:29.962 D/[blink]DOMTimer( 4787): [fired] 0x57698108 timeout fired.
11-06 19:31:29.962 D/ScriptController( 4787): [executeScriptAndReturnValue] [V8] evaluate Script start. frame=0x2b761a48 url= line=1. source length=22
11-06 19:31:29.963 D/iPanel  ( 4787): iPanel.debug("checkOverlayCreated")
11-06 19:31:29.963 D/[blink]DOMTimer( 4787): [DOMTimer] 0x57698178 setTimeout 300ms, repeat:0.
11-06 19:31:29.963 D/ScriptController( 4787): [executeScriptAndReturnValue] [V8] evaluate Script end. frame=0x2b761a48 
11-06 19:31:30.005 I/Advanced( 4787): [QUEUE] share_queue_sendEx size:1 4097 2481 0x8fe47f30,postLoopId:0,dstid:1.
11-06 19:31:30.141 D/BackBootDealerNeimeng( 2389): standbyState:
11-06 19:31:30.142 E/NetUtils( 2018): Interface eth0 LinkDown!
11-06 19:31:30.195 I/AdvancedPorting-PORT_MODULE_NET( 4787): network_task while... 
11-06 19:31:30.195 I/AdvancedPorting-PORT_MODULE_NET( 4787): 0 interface name: lo
11-06 19:31:30.195 I/AdvancedPorting-PORT_MODULE_NET( 4787): 1 interface name: wlan0
11-06 19:31:30.195 I/AdvancedPorting-PORT_MODULE_NET( 4787): First interface name: lo
11-06 19:31:30.195 I/AdvancedPorting-PORT_MODULE_NET( 4787): network_task while...  net_i:1
11-06 19:31:30.195 I/AdvancedPorting-PORT_MODULE_NET( 4787): network_task while---name_interface[0]=lo
11-06 19:31:30.195 I/AdvancedPorting-PORT_MODULE_NET( 4787): network_task while---name_interface[1]=wlan0
11-06 19:31:30.195 I/AdvancedPorting-PORT_MODULE_NET( 4787): network_task while---interface_name=wlan0
11-06 19:31:30.195 I/AdvancedPorting-PORT_MODULE_NET( 4787): network_get_netlink_status(in)--if_name=wlan0
11-06 19:31:30.195 I/AdvancedPorting-PORT_MODULE_NET( 4787): net.network.isconnected = no
11-06 19:31:30.195 I/AdvancedPorting-PORT_MODULE_NET( 4787): wlan0 --network_get_netlink_status return retval=1
11-06 19:31:30.195 I/AdvancedPorting-PORT_MODULE_NET( 4787): stat = 1 last_status = 1
11-06 19:31:30.205 I/Advanced( 4787): [QUEUE] share_queue_sendEx size:1 4097 2482 0x8fe47f30,postLoopId:0,dstid:1.
11-06 19:31:30.263 D/[blink]DOMTimer( 4787): [fired] 0x57698178 timeout fired.
11-06 19:31:30.263 D/ScriptController( 4787): [executeScriptAndReturnValue] [V8] evaluate Script start. frame=0x2b761a48 url= line=1. source length=22
11-06 19:31:30.263 D/iPanel  ( 4787): iPanel.debug("checkOverlayCreated")
11-06 19:31:30.263 D/[blink]DOMTimer( 4787): [DOMTimer] 0x576981e8 setTimeout 300ms, repeat:0.
11-06 19:31:30.264 D/ScriptController( 4787): [executeScriptAndReturnValue] [V8] evaluate Script end. frame=0x2b761a48 
11-06 19:31:30.406 I/Advanced( 4787): [QUEUE] share_queue_sendEx size:1 4097 2483 0x8fe47f30,postLoopId:0,dstid:1.
11-06 19:31:30.564 D/[blink]DOMTimer( 4787): [fired] 0x576981e8 timeout fired.
11-06 19:31:30.564 D/ScriptController( 4787): [executeScriptAndReturnValue] [V8] evaluate Script start. frame=0x2b761a48 url= line=1. source length=22
11-06 19:31:30.564 D/iPanel  ( 4787): iPanel.debug("checkOverlayCreated")
11-06 19:31:30.564 D/[blink]DOMTimer( 4787): [DOMTimer] 0x57698258 setTimeout 300ms, repeat:0.
11-06 19:31:30.564 D/ScriptController( 4787): [executeScriptAndReturnValue] [V8] evaluate Script end. frame=0x2b761a48 
11-06 19:31:30.580 E/storage_operate( 3008): HCDN_LOG: [2017/11/06-19:31:30:580]:[func:GetTaskCount],[line:827],[oper:get task count],[state:0],[count:0]
11-06 19:31:30.580 E/storage_operate( 3008): HCDN_LOG: [2017/11/06-19:31:30:580]:[func:GetTaskCount],[line:827],[oper:get task count],[state:0],[count:0]
11-06 19:31:30.580 E/storage_operate( 3008): HCDN_LOG: [2017/11/06-19:31:30:580]:[func:GetTaskCount],[line:827],[oper:get task count],[state:1],[count:0]
11-06 19:31:30.606 I/Advanced( 4787): [QUEUE] share_queue_sendEx size:1 4097 2484 0x8fe47f30,postLoopId:0,dstid:1.
11-06 19:31:30.642 D/BackBootDealerNeimeng( 2389): standbyState:
11-06 19:31:30.643 E/NetUtils( 2018): Interface eth0 LinkDown!
11-06 19:31:30.698 E/storage_operate( 2658): HCDN_LOG: [2017/11/06-19:31:30:698]:[func:GetTaskCount],[line:827],[oper:get task count],[state:0],[count:0]
11-06 19:31:30.698 E/storage_operate( 2658): HCDN_LOG: [2017/11/06-19:31:30:698]:[func:GetTaskCount],[line:827],[oper:get task count],[state:0],[count:0]
11-06 19:31:30.698 E/storage_operate( 2658): HCDN_LOG: [2017/11/06-19:31:30:698]:[func:GetTaskCount],[line:827],[oper:get task count],[state:1],[count:0]
11-06 19:31:30.807 I/Advanced( 4787): [QUEUE] share_queue_sendEx size:1 4097 2485 0x8fe47f30,postLoopId:0,dstid:1.
11-06 19:31:30.865 D/[blink]DOMTimer( 4787): [fired] 0x57698258 timeout fired.
11-06 19:31:30.865 D/ScriptController( 4787): [executeScriptAndReturnValue] [V8] evaluate Script start. frame=0x2b761a48 url= line=1. source length=22
11-06 19:31:30.865 D/iPanel  ( 4787): iPanel.debug("checkOverlayCreated")
11-06 19:31:30.865 D/[blink]DOMTimer( 4787): [DOMTimer] 0x576982c8 setTimeout 300ms, repeat:0.
11-06 19:31:30.865 D/ScriptController( 4787): [executeScriptAndReturnValue] [V8] evaluate Script end. frame=0x2b761a48 
11-06 19:31:31.144 D/BackBootDealerNeimeng( 2389): standbyState:
11-06 19:31:31.144 E/NetUtils( 2018): Interface eth0 LinkDown!
11-06 19:31:31.165 D/[blink]DOMTimer( 4787): [fired] 0x576982c8 timeout fired.
11-06 19:31:31.165 D/ScriptController( 4787): [executeScriptAndReturnValue] [V8] evaluate Script start. frame=0x2b761a48 url= line=1. source length=22
11-06 19:31:31.166 D/iPanel  ( 4787): iPanel.debug("checkOverlayCreated")
11-06 19:31:31.166 D/[blink]DOMTimer( 4787): [DOMTimer] 0x57698338 setTimeout 300ms, repeat:0.
11-06 19:31:31.166 D/ScriptController( 4787): [executeScriptAndReturnValue] [V8] evaluate Script end. frame=0x2b761a48 
11-06 19:31:31.195 I/AdvancedPorting-PORT_MODULE_NET( 4787): network_task while... 
11-06 19:31:31.195 I/AdvancedPorting-PORT_MODULE_NET( 4787): 0 interface name: lo
11-06 19:31:31.195 I/AdvancedPorting-PORT_MODULE_NET( 4787): 1 interface name: wlan0
11-06 19:31:31.195 I/AdvancedPorting-PORT_MODULE_NET( 4787): First interface name: lo
11-06 19:31:31.196 I/AdvancedPorting-PORT_MODULE_NET( 4787): network_task while...  net_i:1
11-06 19:31:31.196 I/AdvancedPorting-PORT_MODULE_NET( 4787): network_task while---name_interface[0]=lo
11-06 19:31:31.196 I/AdvancedPorting-PORT_MODULE_NET( 4787): network_task while---name_interface[1]=wlan0
11-06 19:31:31.196 I/AdvancedPorting-PORT_MODULE_NET( 4787): network_task while---interface_name=wlan0
11-06 19:31:31.196 I/AdvancedPorting-PORT_MODULE_NET( 4787): network_get_netlink_status(in)--if_name=wlan0
11-06 19:31:31.196 I/AdvancedPorting-PORT_MODULE_NET( 4787): net.network.isconnected = no
11-06 19:31:31.196 I/AdvancedPorting-PORT_MODULE_NET( 4787): wlan0 --network_get_netlink_status return retval=1
11-06 19:31:31.196 I/AdvancedPorting-PORT_MODULE_NET( 4787): stat = 1 last_status = 1
11-06 19:31:31.217 I/Advanced( 4787): [QUEUE] share_queue_sendEx size:1 4097 2487 0x8fe47f30,postLoopId:0,dstid:1.
11-06 19:31:31.417 I/Advanced( 4787): [QUEUE] share_queue_sendEx size:1 4097 2488 0x8fe47f30,postLoopId:0,dstid:1.
11-06 19:31:31.466 D/[blink]DOMTimer( 4787): [fired] 0x57698338 timeout fired.
11-06 19:31:31.466 D/ScriptController( 4787): [executeScriptAndReturnValue] [V8] evaluate Script start. frame=0x2b761a48 url= line=1. source length=22
11-06 19:31:31.466 D/iPanel  ( 4787): iPanel.debug("checkOverlayCreated")
11-06 19:31:31.466 D/[blink]DOMTimer( 4787): [DOMTimer] 0x576983a8 setTimeout 300ms, repeat:0.
11-06 19:31:31.466 D/ScriptController( 4787): [executeScriptAndReturnValue] [V8] evaluate Script end. frame=0x2b761a48 
11-06 19:31:31.618 I/Advanced( 4787): [QUEUE] share_queue_sendEx size:1 4097 2489 0x8fe47f30,postLoopId:0,dstid:1.
11-06 19:31:31.645 D/BackBootDealerNeimeng( 2389): standbyState:
11-06 19:31:31.646 E/NetUtils( 2018): Interface eth0 LinkDown!
11-06 19:31:31.767 D/[blink]DOMTimer( 4787): [fired] 0x576983a8 timeout fired.
11-06 19:31:31.767 D/ScriptController( 4787): [executeScriptAndReturnValue] [V8] evaluate Script start. frame=0x2b761a48 url= line=1. source length=22
11-06 19:31:31.767 D/iPanel  ( 4787): iPanel.debug("checkOverlayCreated")
11-06 19:31:31.767 D/[blink]DOMTimer( 4787): [DOMTimer] 0x57698418 setTimeout 300ms, repeat:0.
11-06 19:31:31.767 D/ScriptController( 4787): [executeScriptAndReturnValue] [V8] evaluate Script end. frame=0x2b761a48 
11-06 19:31:31.818 I/Advanced( 4787): [QUEUE] share_queue_sendEx size:1 4097 2490 0x8fe47f30,postLoopId:0,dstid:1.
11-06 19:31:32.019 I/Advanced( 4787): [QUEUE] share_queue_sendEx size:1 4097 2491 0x8fe47f30,postLoopId:0,dstid:1.
11-06 19:31:32.067 D/[blink]DOMTimer( 4787): [fired] 0x57698418 timeout fired.
11-06 19:31:32.067 D/ScriptController( 4787): [executeScriptAndReturnValue] [V8] evaluate Script start. frame=0x2b761a48 url= line=1. source length=22
11-06 19:31:32.068 D/iPanel  ( 4787): iPanel.debug("checkOverlayCreated")
11-06 19:31:32.068 D/[blink]DOMTimer( 4787): [DOMTimer] 0x57698488 setTimeout 300ms, repeat:0.
11-06 19:31:32.068 D/ScriptController( 4787): [executeScriptAndReturnValue] [V8] evaluate Script end. frame=0x2b761a48 
11-06 19:31:32.146 D/BackBootDealerNeimeng( 2389): standbyState:
11-06 19:31:32.147 E/NetUtils( 2018): Interface eth0 LinkDown!
11-06 19:31:32.196 I/AdvancedPorting-PORT_MODULE_NET( 4787): network_task while... 
11-06 19:31:32.196 I/AdvancedPorting-PORT_MODULE_NET( 4787): 0 interface name: lo
11-06 19:31:32.196 I/AdvancedPorting-PORT_MODULE_NET( 4787): 1 interface name: wlan0
11-06 19:31:32.196 I/AdvancedPorting-PORT_MODULE_NET( 4787): First interface name: lo
11-06 19:31:32.196 I/AdvancedPorting-PORT_MODULE_NET( 4787): network_task while...  net_i:1
11-06 19:31:32.196 I/AdvancedPorting-PORT_MODULE_NET( 4787): network_task while---name_interface[0]=lo
11-06 19:31:32.196 I/AdvancedPorting-PORT_MODULE_NET( 4787): network_task while---name_interface[1]=wlan0
11-06 19:31:32.196 I/AdvancedPorting-PORT_MODULE_NET( 4787): network_task while---interface_name=wlan0
11-06 19:31:32.196 I/AdvancedPorting-PORT_MODULE_NET( 4787): network_get_netlink_status(in)--if_name=wlan0
11-06 19:31:32.196 I/AdvancedPorting-PORT_MODULE_NET( 4787): net.network.isconnected = no
11-06 19:31:32.196 I/AdvancedPorting-PORT_MODULE_NET( 4787): wlan0 --network_get_netlink_status return retval=1
11-06 19:31:32.196 I/AdvancedPorting-PORT_MODULE_NET( 4787): stat = 1 last_status = 1
11-06 19:31:32.368 D/[blink]DOMTimer( 4787): [fired] 0x57698488 timeout fired.
11-06 19:31:32.368 D/ScriptController( 4787): [executeScriptAndReturnValue] [V8] evaluate Script start. frame=0x2b761a48 url= line=1. source length=22
11-06 19:31:32.368 D/iPanel  ( 4787): iPanel.debug("checkOverlayCreated")
11-06 19:31:32.368 D/[blink]DOMTimer( 4787): [DOMTimer] 0x576984f8 setTimeout 300ms, repeat:0.
11-06 19:31:32.369 D/ScriptController( 4787): [executeScriptAndReturnValue] [V8] evaluate Script end. frame=0x2b761a48 
11-06 19:31:32.429 I/Advanced( 4787): [QUEUE] share_queue_sendEx size:1 4097 2493 0x8fe47f30,postLoopId:0,dstid:1.
11-06 19:31:32.648 D/BackBootDealerNeimeng( 2389): standbyState:
11-06 19:31:32.648 E/NetUtils( 2018): Interface eth0 LinkDown!
11-06 19:31:32.669 D/[blink]DOMTimer( 4787): [fired] 0x576984f8 timeout fired.
11-06 19:31:32.669 D/ScriptController( 4787): [executeScriptAndReturnValue] [V8] evaluate Script start. frame=0x2b761a48 url= line=1. source length=22
11-06 19:31:32.669 D/iPanel  ( 4787): iPanel.debug("checkOverlayCreated")
11-06 19:31:32.669 D/[blink]DOMTimer( 4787): [DOMTimer] 0x57698568 setTimeout 300ms, repeat:0.
11-06 19:31:32.669 D/ScriptController( 4787): [executeScriptAndReturnValue] [V8] evaluate Script end. frame=0x2b761a48 
11-06 19:31:32.838 I/Advanced( 4787): [QUEUE] share_queue_sendEx size:1 4097 2495 0x8fe47f30,postLoopId:0,dstid:1.
11-06 19:31:32.970 D/[blink]DOMTimer( 4787): [fired] 0x57698568 timeout fired.
11-06 19:31:32.970 D/ScriptController( 4787): [executeScriptAndReturnValue] [V8] evaluate Script start. frame=0x2b761a48 url= line=1. source length=22
11-06 19:31:32.970 D/iPanel  ( 4787): iPanel.debug("checkOverlayCreated")
11-06 19:31:32.970 D/[blink]DOMTimer( 4787): [DOMTimer] 0x576985d8 setTimeout 300ms, repeat:0.
11-06 19:31:32.970 D/ScriptController( 4787): [executeScriptAndReturnValue] [V8] evaluate Script end. frame=0x2b761a48 
11-06 19:31:33.039 I/Advanced( 4787): [QUEUE] share_queue_sendEx size:1 4097 2496 0x8fe47f30,postLoopId:0,dstid:1.
11-06 19:31:33.149 D/BackBootDealerNeimeng( 2389): standbyState:
11-06 19:31:33.150 E/NetUtils( 2018): Interface eth0 LinkDown!
11-06 19:31:33.192 D/ConfigUpdateOttAdmin( 2494): [TN_ThreadUtil-0]dealUpdateCheck menuConfig=[MenuConfig@f5d]configID[3840]configAlias[homeConfig]configName[home_config.dat]version[1]isFilePath1[false]rootView[com.suma.midware.home.third.h{df0e9b1 VFE..... .F...... 0,0-1280,720}]rootLayout[null]
11-06 19:31:33.192 D/FileIOUtil( 2494): [TN_ThreadUtil-0]deleteFile filePath=/data/user/0/com.suma.midware.home/files/launcherRes/f00/1/,containRootDir=false
11-06 19:31:33.192 D/FileIOUtil( 2494): [TN_ThreadUtil-0]deleteFile file=/data/user/0/com.suma.midware.home/files/launcherRes/f00/1,containRootDir=false
11-06 19:31:33.192 E/ConfigUpdateNeimengOttAdmin( 2494): [TN_ThreadUtil-0]checkConfig url=http://tvos-launcher.96066.com:8082/LancherWeb/getLauncherUpdatePackage?areaCode=&serialNumber=15510217260050169&standardVersion=1.0&mac=&hardVersion=04.01.01.02&launcherVersion=0&locationCode=7601&cardOutID=8150010651031122&softVersion=03.16.00.03&type=1&model=8
11-06 19:31:33.194 D/LoadHttpHandler( 2494): [TN_ThreadUtil-0]doNormal proxyConfig=null
11-06 19:31:33.196 I/AdvancedPorting-PORT_MODULE_NET( 4787): network_task while... 
11-06 19:31:33.197 I/AdvancedPorting-PORT_MODULE_NET( 4787): 0 interface name: lo
11-06 19:31:33.197 I/AdvancedPorting-PORT_MODULE_NET( 4787): 1 interface name: wlan0
11-06 19:31:33.197 I/AdvancedPorting-PORT_MODULE_NET( 4787): First interface name: lo
11-06 19:31:33.197 I/AdvancedPorting-PORT_MODULE_NET( 4787): network_task while...  net_i:1
11-06 19:31:33.197 I/AdvancedPorting-PORT_MODULE_NET( 4787): network_task while---name_interface[0]=lo
11-06 19:31:33.197 I/AdvancedPorting-PORT_MODULE_NET( 4787): network_task while---name_interface[1]=wlan0
11-06 19:31:33.197 I/AdvancedPorting-PORT_MODULE_NET( 4787): network_task while---interface_name=wlan0
11-06 19:31:33.197 I/AdvancedPorting-PORT_MODULE_NET( 4787): network_get_netlink_status(in)--if_name=wlan0
11-06 19:31:33.197 I/AdvancedPorting-PORT_MODULE_NET( 4787): net.network.isconnected = no
11-06 19:31:33.197 I/AdvancedPorting-PORT_MODULE_NET( 4787): wlan0 --network_get_netlink_status return retval=1
11-06 19:31:33.197 I/AdvancedPorting-PORT_MODULE_NET( 4787): stat = 1 last_status = 1
11-06 19:31:33.239 I/Advanced( 4787): [QUEUE] share_queue_sendEx size:1 4097 2497 0x8fe47f30,postLoopId:0,dstid:1.
11-06 19:31:33.270 D/[blink]DOMTimer( 4787): [fired] 0x576985d8 timeout fired.
11-06 19:31:33.270 D/ScriptController( 4787): [executeScriptAndReturnValue] [V8] evaluate Script start. frame=0x2b761a48 url= line=1. source length=22
11-06 19:31:33.271 D/iPanel  ( 4787): iPanel.debug("checkOverlayCreated")
11-06 19:31:33.271 D/[blink]DOMTimer( 4787): [DOMTimer] 0x57698648 setTimeout 300ms, repeat:0.
11-06 19:31:33.271 D/ScriptController( 4787): [executeScriptAndReturnValue] [V8] evaluate Script end. frame=0x2b761a48 
11-06 19:31:33.400 V/SUMA    ( 1583): [mnt_ait_pol] csubtbl=0 ait_pid=0x1f40 hsrv=0xc0cd
11-06 19:31:33.440 I/Advanced( 4787): [QUEUE] share_queue_sendEx size:1 4097 2498 0x8fe47f30,postLoopId:0,dstid:1.
11-06 19:31:33.571 D/[blink]DOMTimer( 4787): [fired] 0x57698648 timeout fired.
11-06 19:31:33.571 D/ScriptController( 4787): [executeScriptAndReturnValue] [V8] evaluate Script start. frame=0x2b761a48 url= line=1. source length=22
11-06 19:31:33.571 D/iPanel  ( 4787): iPanel.debug("checkOverlayCreated")
11-06 19:31:33.571 D/[blink]DOMTimer( 4787): [DOMTimer] 0x576986b8 setTimeout 300ms, repeat:0.
11-06 19:31:33.572 D/ScriptController( 4787): [executeScriptAndReturnValue] [V8] evaluate Script end. frame=0x2b761a48 
11-06 19:31:33.581 E/storage_operate( 3008): HCDN_LOG: [2017/11/06-19:31:33:580]:[func:GetTaskCount],[line:827],[oper:get task count],[state:0],[count:0]
11-06 19:31:33.581 E/storage_operate( 3008): HCDN_LOG: [2017/11/06-19:31:33:581]:[func:GetTaskCount],[line:827],[oper:get task count],[state:0],[count:0]
11-06 19:31:33.581 E/storage_operate( 3008): HCDN_LOG: [2017/11/06-19:31:33:581]:[func:GetTaskCount],[line:827],[oper:get task count],[state:1],[count:0]
11-06 19:31:33.640 I/Advanced( 4787): [QUEUE] share_queue_sendEx size:1 4097 2499 0x8fe47f30,postLoopId:0,dstid:1.
11-06 19:31:33.650 D/BackBootDealerNeimeng( 2389): standbyState:
11-06 19:31:33.651 E/NetUtils( 2018): Interface eth0 LinkDown!
