11-06 19:31:33.698 E/storage_operate( 2658): HCDN_LOG: [2017/11/06-19:31:33:698]:[func:GetTaskCount],[line:827],[oper:get task count],[state:0],[count:0]
11-06 19:31:33.699 E/storage_operate( 2658): HCDN_LOG: [2017/11/06-19:31:33:699]:[func:GetTaskCount],[line:827],[oper:get task count],[state:0],[count:0]
11-06 19:31:33.699 E/storage_operate( 2658): HCDN_LOG: [2017/11/06-19:31:33:699]:[func:GetTaskCount],[line:827],[oper:get task count],[state:1],[count:0]
11-06 19:31:33.841 I/Advanced( 4787): [QUEUE] share_queue_sendEx size:1 4097 2500 0x8fe47f30,postLoopId:0,dstid:1.
11-06 19:31:33.872 D/[blink]DOMTimer( 4787): [fired] 0x576986b8 timeout fired.
11-06 19:31:33.872 D/ScriptController( 4787): [executeScriptAndReturnValue] [V8] evaluate Script start. frame=0x2b761a48 url= line=1. source length=22
11-06 19:31:33.872 D/iPanel  ( 4787): iPanel.debug("checkOverlayCreated")
11-06 19:31:33.872 D/[blink]DOMTimer( 4787): [DOMTimer] 0x57698728 setTimeout 300ms, repeat:0.
11-06 19:31:33.872 D/ScriptController( 4787): [executeScriptAndReturnValue] [V8] evaluate Script end. frame=0x2b761a48 
11-06 19:31:34.041 I/Advanced( 4787): [QUEUE] share_queue_sendEx size:1 4097 2501 0x8fe47f30,postLoopId:0,dstid:1.
11-06 19:31:34.151 D/BackBootDealerNeimeng( 2389): standbyState:
11-06 19:31:34.153 E/NetUtils( 2018): Interface eth0 LinkDown!
11-06 19:31:34.172 D/[blink]DOMTimer( 4787): [fired] 0x57698728 timeout fired.
11-06 19:31:34.173 D/ScriptController( 4787): [executeScriptAndReturnValue] [V8] evaluate Script start. frame=0x2b761a48 url= line=1. source length=22
11-06 19:31:34.173 D/iPanel  ( 4787): iPanel.debug("checkOverlayCreated")
11-06 19:31:34.173 D/[blink]DOMTimer( 4787): [DOMTimer] 0x57698798 setTimeout 300ms, repeat:0.
11-06 19:31:34.173 D/ScriptController( 4787): [executeScriptAndReturnValue] [V8] evaluate Script end. frame=0x2b761a48 
11-06 19:31:34.197 I/AdvancedPorting-PORT_MODULE_NET( 4787): network_task while... 
11-06 19:31:34.197 I/AdvancedPorting-PORT_MODULE_NET( 4787): 0 interface name: lo
11-06 19:31:34.197 I/AdvancedPorting-PORT_MODULE_NET( 4787): 1 interface name: wlan0
11-06 19:31:34.197 I/AdvancedPorting-PORT_MODULE_NET( 4787): First interface name: lo
11-06 19:31:34.197 I/AdvancedPorting-PORT_MODULE_NET( 4787): network_task while...  net_i:1
11-06 19:31:34.197 I/AdvancedPorting-PORT_MODULE_NET( 4787): network_task while---name_interface[0]=lo
11-06 19:31:34.197 I/AdvancedPorting-PORT_MODULE_NET( 4787): network_task while---name_interface[1]=wlan0
11-06 19:31:34.197 I/AdvancedPorting-PORT_MODULE_NET( 4787): network_task while---interface_name=wlan0
11-06 19:31:34.197 I/AdvancedPorting-PORT_MODULE_NET( 4787): network_get_netlink_status(in)--if_name=wlan0
11-06 19:31:34.197 I/AdvancedPorting-PORT_MODULE_NET( 4787): net.network.isconnected = no
11-06 19:31:34.197 I/AdvancedPorting-PORT_MODULE_NET( 4787): wlan0 --network_get_netlink_status return retval=1
11-06 19:31:34.197 I/AdvancedPorting-PORT_MODULE_NET( 4787): stat = 1 last_status = 1
11-06 19:31:34.242 I/Advanced( 4787): [QUEUE] share_queue_sendEx size:1 4097 2502 0x8fe47f30,postLoopId:0,dstid:1.
11-06 19:31:34.442 I/Advanced( 4787): [QUEUE] share_queue_sendEx size:1 4097 2503 0x8fe47f30,postLoopId:0,dstid:1.
11-06 19:31:34.473 D/[blink]DOMTimer( 4787): [fired] 0x57698798 timeout fired.
11-06 19:31:34.473 D/ScriptController( 4787): [executeScriptAndReturnValue] [V8] evaluate Script start. frame=0x2b761a48 url= line=1. source length=22
11-06 19:31:34.474 D/iPanel  ( 4787): iPanel.debug("checkOverlayCreated")
11-06 19:31:34.474 D/[blink]DOMTimer( 4787): [DOMTimer] 0x57698808 setTimeout 300ms, repeat:0.
11-06 19:31:34.474 D/ScriptController( 4787): [executeScriptAndReturnValue] [V8] evaluate Script end. frame=0x2b761a48 
11-06 19:31:34.643 I/Advanced( 4787): [QUEUE] share_queue_sendEx size:1 4097 2504 0x8fe47f30,postLoopId:0,dstid:1.
11-06 19:31:34.653 D/BackBootDealerNeimeng( 2389): standbyState:
11-06 19:31:34.654 E/NetUtils( 2018): Interface eth0 LinkDown!
11-06 19:31:34.774 D/[blink]DOMTimer( 4787): [fired] 0x57698808 timeout fired.
11-06 19:31:34.774 D/ScriptController( 4787): [executeScriptAndReturnValue] [V8] evaluate Script start. frame=0x2b761a48 url= line=1. source length=22
11-06 19:31:34.774 D/iPanel  ( 4787): iPanel.debug("checkOverlayCreated")
11-06 19:31:34.774 D/[blink]DOMTimer( 4787): [DOMTimer] 0x57698878 setTimeout 300ms, repeat:0.
11-06 19:31:34.774 D/ScriptController( 4787): [executeScriptAndReturnValue] [V8] evaluate Script end. frame=0x2b761a48 
11-06 19:31:34.843 I/Advanced( 4787): [QUEUE] share_queue_sendEx size:1 4097 2505 0x8fe47f30,postLoopId:0,dstid:1.
11-06 19:31:35.044 I/Advanced( 4787): [QUEUE] share_queue_sendEx size:1 4097 2506 0x8fe47f30,postLoopId:0,dstid:1.
11-06 19:31:35.075 D/[blink]DOMTimer( 4787): [fired] 0x57698878 timeout fired.
11-06 19:31:35.075 D/ScriptController( 4787): [executeScriptAndReturnValue] [V8] evaluate Script start. frame=0x2b761a48 url= line=1. source length=22
11-06 19:31:35.075 D/iPanel  ( 4787): iPanel.debug("checkOverlayCreated")
11-06 19:31:35.075 D/[blink]DOMTimer( 4787): [DOMTimer] 0x576988e8 setTimeout 300ms, repeat:0.
11-06 19:31:35.075 D/ScriptController( 4787): [executeScriptAndReturnValue] [V8] evaluate Script end. frame=0x2b761a48 
11-06 19:31:35.155 D/BackBootDealerNeimeng( 2389): standbyState:
11-06 19:31:35.155 E/NetUtils( 2018): Interface eth0 LinkDown!
11-06 19:31:35.198 I/AdvancedPorting-PORT_MODULE_NET( 4787): network_task while... 
11-06 19:31:35.198 I/AdvancedPorting-PORT_MODULE_NET( 4787): 0 interface name: lo
11-06 19:31:35.198 I/AdvancedPorting-PORT_MODULE_NET( 4787): 1 interface name: wlan0
11-06 19:31:35.198 I/AdvancedPorting-PORT_MODULE_NET( 4787): First interface name: lo
11-06 19:31:35.198 I/AdvancedPorting-PORT_MODULE_NET( 4787): network_task while...  net_i:1
11-06 19:31:35.198 I/AdvancedPorting-PORT_MODULE_NET( 4787): network_task while---name_interface[0]=lo
11-06 19:31:35.198 I/AdvancedPorting-PORT_MODULE_NET( 4787): network_task while---name_interface[1]=wlan0
11-06 19:31:35.198 I/AdvancedPorting-PORT_MODULE_NET( 4787): network_task while---interface_name=wlan0
11-06 19:31:35.198 I/AdvancedPorting-PORT_MODULE_NET( 4787): network_get_netlink_status(in)--if_name=wlan0
11-06 19:31:35.198 I/AdvancedPorting-PORT_MODULE_NET( 4787): net.network.isconnected = no
11-06 19:31:35.198 I/AdvancedPorting-PORT_MODULE_NET( 4787): wlan0 --network_get_netlink_status return retval=1
11-06 19:31:35.198 I/AdvancedPorting-PORT_MODULE_NET( 4787): stat = 1 last_status = 1
11-06 19:31:35.375 D/[blink]DOMTimer( 4787): [fired] 0x576988e8 timeout fired.
11-06 19:31:35.375 D/ScriptController( 4787): [executeScriptAndReturnValue] [V8] evaluate Script start. frame=0x2b761a48 url= line=1. source length=22
11-06 19:31:35.376 D/iPanel  ( 4787): iPanel.debug("checkOverlayCreated")
11-06 19:31:35.376 D/[blink]DOMTimer( 4787): [DOMTimer] 0x57698958 setTimeout 300ms, repeat:0.
11-06 19:31:35.376 D/ScriptController( 4787): [executeScriptAndReturnValue] [V8] evaluate Script end. frame=0x2b761a48 
11-06 19:31:35.454 I/Advanced( 4787): [QUEUE] share_queue_sendEx size:1 4097 2508 0x8fe47f30,postLoopId:0,dstid:1.
11-06 19:31:35.645 D/LoadHttpHandler( 2494): [TN_ThreadUtil-0]doNormal responseCode=502
11-06 19:31:35.645 E/ConfigUpdateNeimengOttAdmin( 2494): [TN_ThreadUtil-0]checkConfig down failed
11-06 19:31:35.656 D/BackBootDealerNeimeng( 2389): standbyState:
11-06 19:31:35.657 E/NetUtils( 2018): Interface eth0 LinkDown!
11-06 19:31:35.676 D/[blink]DOMTimer( 4787): [fired] 0x57698958 timeout fired.
11-06 19:31:35.676 D/ScriptController( 4787): [executeScriptAndReturnValue] [V8] evaluate Script start. frame=0x2b761a48 url= line=1. source length=22
11-06 19:31:35.676 D/iPanel  ( 4787): iPanel.debug("checkOverlayCreated")
11-06 19:31:35.676 D/[blink]DOMTimer( 4787): [DOMTimer] 0x576989c8 setTimeout 300ms, repeat:0.
11-06 19:31:35.677 D/ScriptController( 4787): [executeScriptAndReturnValue] [V8] evaluate Script end. frame=0x2b761a48 
11-06 19:31:35.864 I/Advanced( 4787): [QUEUE] share_queue_sendEx size:1 4097 2510 0x8fe47f30,postLoopId:0,dstid:1.
11-06 19:31:35.977 D/[blink]DOMTimer( 4787): [fired] 0x576989c8 timeout fired.
11-06 19:31:35.977 D/ScriptController( 4787): [executeScriptAndReturnValue] [V8] evaluate Script start. frame=0x2b761a48 url= line=1. source length=22
11-06 19:31:35.977 D/iPanel  ( 4787): iPanel.debug("checkOverlayCreated")
11-06 19:31:35.977 D/[blink]DOMTimer( 4787): [DOMTimer] 0x57698a38 setTimeout 300ms, repeat:0.
11-06 19:31:35.977 D/ScriptController( 4787): [executeScriptAndReturnValue] [V8] evaluate Script end. frame=0x2b761a48 
11-06 19:31:36.157 D/BackBootDealerNeimeng( 2389): standbyState:
11-06 19:31:36.158 E/NetUtils( 2018): Interface eth0 LinkDown!
11-06 19:31:36.198 I/AdvancedPorting-PORT_MODULE_NET( 4787): network_task while... 
11-06 19:31:36.198 I/AdvancedPorting-PORT_MODULE_NET( 4787): 0 interface name: lo
11-06 19:31:36.198 I/AdvancedPorting-PORT_MODULE_NET( 4787): 1 interface name: wlan0
11-06 19:31:36.198 I/AdvancedPorting-PORT_MODULE_NET( 4787): First interface name: lo
11-06 19:31:36.198 I/AdvancedPorting-PORT_MODULE_NET( 4787): network_task while...  net_i:1
11-06 19:31:36.198 I/AdvancedPorting-PORT_MODULE_NET( 4787): network_task while---name_interface[0]=lo
11-06 19:31:36.198 I/AdvancedPorting-PORT_MODULE_NET( 4787): network_task while---name_interface[1]=wlan0
11-06 19:31:36.198 I/AdvancedPorting-PORT_MODULE_NET( 4787): network_task while---interface_name=wlan0
11-06 19:31:36.198 I/AdvancedPorting-PORT_MODULE_NET( 4787): network_get_netlink_status(in)--if_name=wlan0
11-06 19:31:36.198 I/AdvancedPorting-PORT_MODULE_NET( 4787): net.network.isconnected = no
11-06 19:31:36.199 I/AdvancedPorting-PORT_MODULE_NET( 4787): wlan0 --network_get_netlink_status return retval=1
11-06 19:31:36.199 I/AdvancedPorting-PORT_MODULE_NET( 4787): stat = 1 last_status = 1
11-06 19:31:36.273 I/Advanced( 4787): [QUEUE] share_queue_sendEx size:1 4097 2512 0x8fe47f30,postLoopId:0,dstid:1.
11-06 19:31:36.278 D/[blink]DOMTimer( 4787): [fired] 0x57698a38 timeout fired.
11-06 19:31:36.278 D/ScriptController( 4787): [executeScriptAndReturnValue] [V8] evaluate Script start. frame=0x2b761a48 url= line=1. source length=22
11-06 19:31:36.278 D/iPanel  ( 4787): iPanel.debug("checkOverlayCreated")
11-06 19:31:36.278 D/[blink]DOMTimer( 4787): [DOMTimer] 0x57698aa8 setTimeout 300ms, repeat:0.
11-06 19:31:36.278 D/ScriptController( 4787): [executeScriptAndReturnValue] [V8] evaluate Script end. frame=0x2b761a48 
11-06 19:31:36.474 I/Advanced( 4787): [QUEUE] share_queue_sendEx size:1 4097 2513 0x8fe47f30,postLoopId:0,dstid:1.
11-06 19:31:36.578 D/[blink]DOMTimer( 4787): [fired] 0x57698aa8 timeout fired.
11-06 19:31:36.578 D/ScriptController( 4787): [executeScriptAndReturnValue] [V8] evaluate Script start. frame=0x2b761a48 url= line=1. source length=22
11-06 19:31:36.579 D/iPanel  ( 4787): iPanel.debug("checkOverlayCreated")
11-06 19:31:36.579 D/[blink]DOMTimer( 4787): [DOMTimer] 0x57698b18 setTimeout 300ms, repeat:0.
11-06 19:31:36.579 D/ScriptController( 4787): [executeScriptAndReturnValue] [V8] evaluate Script end. frame=0x2b761a48 
11-06 19:31:36.581 E/storage_operate( 3008): HCDN_LOG: [2017/11/06-19:31:36:581]:[func:GetTaskCount],[line:827],[oper:get task count],[state:0],[count:0]
11-06 19:31:36.581 E/storage_operate( 3008): HCDN_LOG: [2017/11/06-19:31:36:581]:[func:GetTaskCount],[line:827],[oper:get task count],[state:0],[count:0]
11-06 19:31:36.581 E/storage_operate( 3008): HCDN_LOG: [2017/11/06-19:31:36:581]:[func:GetTaskCount],[line:827],[oper:get task count],[state:1],[count:0]
11-06 19:31:36.659 D/BackBootDealerNeimeng( 2389): standbyState:
11-06 19:31:36.659 E/NetUtils( 2018): Interface eth0 LinkDown!
11-06 19:31:36.674 I/Advanced( 4787): [QUEUE] share_queue_sendEx size:1 4097 2514 0x8fe47f30,postLoopId:0,dstid:1.
11-06 19:31:36.699 E/storage_operate( 2658): HCDN_LOG: [2017/11/06-19:31:36:699]:[func:GetTaskCount],[line:827],[oper:get task count],[state:0],[count:0]
11-06 19:31:36.699 E/storage_operate( 2658): HCDN_LOG: [2017/11/06-19:31:36:699]:[func:GetTaskCount],[line:827],[oper:get task count],[state:0],[count:0]
11-06 19:31:36.699 E/storage_operate( 2658): HCDN_LOG: [2017/11/06-19:31:36:699]:[func:GetTaskCount],[line:827],[oper:get task count],[state:1],[count:0]
11-06 19:31:36.875 I/Advanced( 4787): [QUEUE] share_queue_sendEx size:1 4097 2515 0x8fe47f30,postLoopId:0,dstid:1.
11-06 19:31:36.879 D/[blink]DOMTimer( 4787): [fired] 0x57698b18 timeout fired.
11-06 19:31:36.879 D/ScriptController( 4787): [executeScriptAndReturnValue] [V8] evaluate Script start. frame=0x2b761a48 url= line=1. source length=22
11-06 19:31:36.879 D/iPanel  ( 4787): iPanel.debug("checkOverlayCreated")
11-06 19:31:36.879 D/[blink]DOMTimer( 4787): [DOMTimer] 0x57698b88 setTimeout 300ms, repeat:0.
11-06 19:31:36.879 D/ScriptController( 4787): [executeScriptAndReturnValue] [V8] evaluate Script end. frame=0x2b761a48 
11-06 19:31:37.075 I/Advanced( 4787): [QUEUE] share_queue_sendEx size:1 4097 2516 0x8fe47f30,postLoopId:0,dstid:1.
11-06 19:31:37.160 D/BackBootDealerNeimeng( 2389): standbyState:
11-06 19:31:37.161 E/NetUtils( 2018): Interface eth0 LinkDown!
11-06 19:31:37.180 D/[blink]DOMTimer( 4787): [fired] 0x57698b88 timeout fired.
11-06 19:31:37.180 D/ScriptController( 4787): [executeScriptAndReturnValue] [V8] evaluate Script start. frame=0x2b761a48 url= line=1. source length=22
11-06 19:31:37.180 D/iPanel  ( 4787): iPanel.debug("checkOverlayCreated")
11-06 19:31:37.180 D/[blink]DOMTimer( 4787): [DOMTimer] 0x57698bf8 setTimeout 300ms, repeat:0.
11-06 19:31:37.180 D/ScriptController( 4787): [executeScriptAndReturnValue] [V8] evaluate Script end. frame=0x2b761a48 
11-06 19:31:37.199 I/AdvancedPorting-PORT_MODULE_NET( 4787): network_task while... 
11-06 19:31:37.199 I/AdvancedPorting-PORT_MODULE_NET( 4787): 0 interface name: lo
11-06 19:31:37.199 I/AdvancedPorting-PORT_MODULE_NET( 4787): 1 interface name: wlan0
11-06 19:31:37.199 I/AdvancedPorting-PORT_MODULE_NET( 4787): First interface name: lo
11-06 19:31:37.199 I/AdvancedPorting-PORT_MODULE_NET( 4787): network_task while...  net_i:1
11-06 19:31:37.199 I/AdvancedPorting-PORT_MODULE_NET( 4787): network_task while---name_interface[0]=lo
11-06 19:31:37.199 I/AdvancedPorting-PORT_MODULE_NET( 4787): network_task while---name_interface[1]=wlan0
11-06 19:31:37.199 I/AdvancedPorting-PORT_MODULE_NET( 4787): network_task while---interface_name=wlan0
11-06 19:31:37.199 I/AdvancedPorting-PORT_MODULE_NET( 4787): network_get_netlink_status(in)--if_name=wlan0
11-06 19:31:37.199 I/AdvancedPorting-PORT_MODULE_NET( 4787): net.network.isconnected = no
11-06 19:31:37.199 I/AdvancedPorting-PORT_MODULE_NET( 4787): wlan0 --network_get_netlink_status return retval=1
11-06 19:31:37.199 I/AdvancedPorting-PORT_MODULE_NET( 4787): stat = 1 last_status = 1
11-06 19:31:37.276 I/Advanced( 4787): [QUEUE] share_queue_sendEx size:1 4097 2517 0x8fe47f30,postLoopId:0,dstid:1.
11-06 19:31:37.476 I/Advanced( 4787): [QUEUE] share_queue_sendEx size:1 4097 2518 0x8fe47f30,postLoopId:0,dstid:1.
11-06 19:31:37.480 D/[blink]DOMTimer( 4787): [fired] 0x57698bf8 timeout fired.
11-06 19:31:37.481 D/ScriptController( 4787): [executeScriptAndReturnValue] [V8] evaluate Script start. frame=0x2b761a48 url= line=1. source length=22
11-06 19:31:37.481 D/iPanel  ( 4787): iPanel.debug("checkOverlayCreated")
11-06 19:31:37.481 D/[blink]DOMTimer( 4787): [DOMTimer] 0x57698c68 setTimeout 300ms, repeat:0.
11-06 19:31:37.481 D/ScriptController( 4787): [executeScriptAndReturnValue] [V8] evaluate Script end. frame=0x2b761a48 
11-06 19:31:37.661 D/BackBootDealerNeimeng( 2389): standbyState:
11-06 19:31:37.662 E/NetUtils( 2018): Interface eth0 LinkDown!
11-06 19:31:37.677 I/Advanced( 4787): [QUEUE] share_queue_sendEx size:1 4097 2519 0x8fe47f30,postLoopId:0,dstid:1.
11-06 19:31:37.781 D/[blink]DOMTimer( 4787): [fired] 0x57698c68 timeout fired.
11-06 19:31:37.781 D/ScriptController( 4787): [executeScriptAndReturnValue] [V8] evaluate Script start. frame=0x2b761a48 url= line=1. source length=22
11-06 19:31:37.781 D/iPanel  ( 4787): iPanel.debug("checkOverlayCreated")
11-06 19:31:37.782 D/[blink]DOMTimer( 4787): [DOMTimer] 0x57698cd8 setTimeout 300ms, repeat:0.
11-06 19:31:37.782 D/ScriptController( 4787): [executeScriptAndReturnValue] [V8] evaluate Script end. frame=0x2b761a48 
11-06 19:31:37.877 I/Advanced( 4787): [QUEUE] share_queue_sendEx size:1 4097 2520 0x8fe47f30,postLoopId:0,dstid:1.
11-06 19:31:38.078 I/Advanced( 4787): [QUEUE] share_queue_sendEx size:1 4097 2521 0x8fe47f30,postLoopId:0,dstid:1.
11-06 19:31:38.082 D/[blink]DOMTimer( 4787): [fired] 0x57698cd8 timeout fired.
11-06 19:31:38.082 D/ScriptController( 4787): [executeScriptAndReturnValue] [V8] evaluate Script start. frame=0x2b761a48 url= line=1. source length=22
11-06 19:31:38.082 D/iPanel  ( 4787): iPanel.debug("checkOverlayCreated")
11-06 19:31:38.082 D/[blink]DOMTimer( 4787): [DOMTimer] 0x57698d48 setTimeout 300ms, repeat:0.
11-06 19:31:38.082 D/ScriptController( 4787): [executeScriptAndReturnValue] [V8] evaluate Script end. frame=0x2b761a48 
11-06 19:31:38.162 D/BackBootDealerNeimeng( 2389): standbyState:
11-06 19:31:38.163 E/NetUtils( 2018): Interface eth0 LinkDown!
11-06 19:31:38.199 I/AdvancedPorting-PORT_MODULE_NET( 4787): network_task while... 
11-06 19:31:38.199 I/AdvancedPorting-PORT_MODULE_NET( 4787): 0 interface name: lo
11-06 19:31:38.199 I/AdvancedPorting-PORT_MODULE_NET( 4787): 1 interface name: wlan0
11-06 19:31:38.199 I/AdvancedPorting-PORT_MODULE_NET( 4787): First interface name: lo
11-06 19:31:38.199 I/AdvancedPorting-PORT_MODULE_NET( 4787): network_task while...  net_i:1
11-06 19:31:38.200 I/AdvancedPorting-PORT_MODULE_NET( 4787): network_task while---name_interface[0]=lo
11-06 19:31:38.200 I/AdvancedPorting-PORT_MODULE_NET( 4787): network_task while---name_interface[1]=wlan0
11-06 19:31:38.200 I/AdvancedPorting-PORT_MODULE_NET( 4787): network_task while---interface_name=wlan0
11-06 19:31:38.200 I/AdvancedPorting-PORT_MODULE_NET( 4787): network_get_netlink_status(in)--if_name=wlan0
11-06 19:31:38.200 I/AdvancedPorting-PORT_MODULE_NET( 4787): net.network.isconnected = no
11-06 19:31:38.200 I/AdvancedPorting-PORT_MODULE_NET( 4787): wlan0 --network_get_netlink_status return retval=1
11-06 19:31:38.200 I/AdvancedPorting-PORT_MODULE_NET( 4787): stat = 1 last_status = 1
11-06 19:31:38.279 I/Advanced( 4787): [QUEUE] share_queue_sendEx size:1 4097 2522 0x8fe47f30,postLoopId:0,dstid:1.
11-06 19:31:38.383 D/[blink]DOMTimer( 4787): [fired] 0x57698d48 timeout fired.
11-06 19:31:38.383 D/ScriptController( 4787): [executeScriptAndReturnValue] [V8] evaluate Script start. frame=0x2b761a48 url= line=1. source length=22
11-06 19:31:38.383 D/iPanel  ( 4787): iPanel.debug("checkOverlayCreated")
11-06 19:31:38.383 D/[blink]DOMTimer( 4787): [DOMTimer] 0x57698db8 setTimeout 300ms, repeat:0.
11-06 19:31:38.383 D/ScriptController( 4787): [executeScriptAndReturnValue] [V8] evaluate Script end. frame=0x2b761a48 
11-06 19:31:38.479 I/Advanced( 4787): [QUEUE] share_queue_sendEx size:1 4097 2523 0x8fe47f30,postLoopId:0,dstid:1.
11-06 19:31:38.664 D/BackBootDealerNeimeng( 2389): standbyState:
11-06 19:31:38.665 E/NetUtils( 2018): Interface eth0 LinkDown!
11-06 19:31:38.679 I/Advanced( 4787): [QUEUE] share_queue_sendEx size:1 4097 2524 0x8fe47f30,postLoopId:0,dstid:1.
11-06 19:31:38.683 D/[blink]DOMTimer( 4787): [fired] 0x57698db8 timeout fired.
11-06 19:31:38.683 D/ScriptController( 4787): [executeScriptAndReturnValue] [V8] evaluate Script start. frame=0x2b761a48 url= line=1. source length=22
11-06 19:31:38.684 D/iPanel  ( 4787): iPanel.debug("checkOverlayCreated")
11-06 19:31:38.684 D/[blink]DOMTimer( 4787): [DOMTimer] 0x57698e28 setTimeout 300ms, repeat:0.
11-06 19:31:38.684 D/ScriptController( 4787): [executeScriptAndReturnValue] [V8] evaluate Script end. frame=0x2b761a48 
11-06 19:31:38.880 I/Advanced( 4787): [QUEUE] share_queue_sendEx size:1 4097 2525 0x8fe47f30,postLoopId:0,dstid:1.
11-06 19:31:38.984 D/[blink]DOMTimer( 4787): [fired] 0x57698e28 timeout fired.
11-06 19:31:38.984 D/ScriptController( 4787): [executeScriptAndReturnValue] [V8] evaluate Script start. frame=0x2b761a48 url= line=1. source length=22
11-06 19:31:38.984 D/iPanel  ( 4787): iPanel.debug("checkOverlayCreated")
11-06 19:31:38.984 D/[blink]DOMTimer( 4787): [DOMTimer] 0x57698e98 setTimeout 300ms, repeat:0.
11-06 19:31:38.984 D/ScriptController( 4787): [executeScriptAndReturnValue] [V8] evaluate Script end. frame=0x2b761a48 
11-06 19:31:39.080 I/Advanced( 4787): [QUEUE] share_queue_sendEx size:1 4097 2526 0x8fe47f30,postLoopId:0,dstid:1.
11-06 19:31:39.165 D/BackBootDealerNeimeng( 2389): standbyState:
11-06 19:31:39.166 E/NetUtils( 2018): Interface eth0 LinkDown!
11-06 19:31:39.200 I/AdvancedPorting-PORT_MODULE_NET( 4787): network_task while... 
11-06 19:31:39.200 I/AdvancedPorting-PORT_MODULE_NET( 4787): 0 interface name: lo
11-06 19:31:39.200 I/AdvancedPorting-PORT_MODULE_NET( 4787): 1 interface name: wlan0
11-06 19:31:39.200 I/AdvancedPorting-PORT_MODULE_NET( 4787): First interface name: lo
11-06 19:31:39.200 I/AdvancedPorting-PORT_MODULE_NET( 4787): network_task while...  net_i:1
11-06 19:31:39.200 I/AdvancedPorting-PORT_MODULE_NET( 4787): network_task while---name_interface[0]=lo
11-06 19:31:39.200 I/AdvancedPorting-PORT_MODULE_NET( 4787): network_task while---name_interface[1]=wlan0
11-06 19:31:39.200 I/AdvancedPorting-PORT_MODULE_NET( 4787): network_task while---interface_name=wlan0
11-06 19:31:39.200 I/AdvancedPorting-PORT_MODULE_NET( 4787): network_get_netlink_status(in)--if_name=wlan0
11-06 19:31:39.200 I/AdvancedPorting-PORT_MODULE_NET( 4787): net.network.isconnected = no
11-06 19:31:39.200 I/AdvancedPorting-PORT_MODULE_NET( 4787): wlan0 --network_get_netlink_status return retval=1
11-06 19:31:39.200 I/AdvancedPorting-PORT_MODULE_NET( 4787): stat = 1 last_status = 1
11-06 19:31:39.284 D/[blink]DOMTimer( 4787): [fired] 0x57698e98 timeout fired.
11-06 19:31:39.284 D/ScriptController( 4787): [executeScriptAndReturnValue] [V8] evaluate Script start. frame=0x2b761a48 url= line=1. source length=22
11-06 19:31:39.285 D/iPanel  ( 4787): iPanel.debug("checkOverlayCreated")
11-06 19:31:39.285 D/[blink]DOMTimer( 4787): [DOMTimer] 0x57698f08 setTimeout 300ms, repeat:0.
11-06 19:31:39.285 D/ScriptController( 4787): [executeScriptAndReturnValue] [V8] evaluate Script end. frame=0x2b761a48 
11-06 19:31:39.491 I/Advanced( 4787): [QUEUE] share_queue_sendEx size:1 4097 2528 0x8fe47f30,postLoopId:0,dstid:1.
11-06 19:31:39.582 E/storage_operate( 3008): HCDN_LOG: [2017/11/06-19:31:39:581]:[func:GetTaskCount],[line:827],[oper:get task count],[state:0],[count:0]
11-06 19:31:39.582 E/storage_operate( 3008): HCDN_LOG: [2017/11/06-19:31:39:582]:[func:GetTaskCount],[line:827],[oper:get task count],[state:0],[count:0]
11-06 19:31:39.582 E/storage_operate( 3008): HCDN_LOG: [2017/11/06-19:31:39:582]:[func:GetTaskCount],[line:827],[oper:get task count],[state:1],[count:0]
11-06 19:31:39.585 D/[blink]DOMTimer( 4787): [fired] 0x57698f08 timeout fired.
11-06 19:31:39.585 D/ScriptController( 4787): [executeScriptAndReturnValue] [V8] evaluate Script start. frame=0x2b761a48 url= line=1. source length=22
11-06 19:31:39.585 D/iPanel  ( 4787): iPanel.debug("checkOverlayCreated")
11-06 19:31:39.585 D/[blink]DOMTimer( 4787): [DOMTimer] 0x57698f78 setTimeout 300ms, repeat:0.
11-06 19:31:39.586 D/ScriptController( 4787): [executeScriptAndReturnValue] [V8] evaluate Script end. frame=0x2b761a48 
11-06 19:31:39.666 D/BackBootDealerNeimeng( 2389): standbyState:
11-06 19:31:39.667 E/NetUtils( 2018): Interface eth0 LinkDown!
11-06 19:31:39.699 E/storage_operate( 2658): HCDN_LOG: [2017/11/06-19:31:39:699]:[func:GetTaskCount],[line:827],[oper:get task count],[state:0],[count:0]
11-06 19:31:39.700 E/storage_operate( 2658): HCDN_LOG: [2017/11/06-19:31:39:700]:[func:GetTaskCount],[line:827],[oper:get task count],[state:0],[count:0]
11-06 19:31:39.700 E/storage_operate( 2658): HCDN_LOG: [2017/11/06-19:31:39:700]:[func:GetTaskCount],[line:827],[oper:get task count],[state:1],[count:0]
11-06 19:31:39.886 D/[blink]DOMTimer( 4787): [fired] 0x57698f78 timeout fired.
11-06 19:31:39.886 D/ScriptController( 4787): [executeScriptAndReturnValue] [V8] evaluate Script start. frame=0x2b761a48 url= line=1. source length=22
11-06 19:31:39.886 D/iPanel  ( 4787): iPanel.debug("checkOverlayCreated")
11-06 19:31:39.886 D/[blink]DOMTimer( 4787): [DOMTimer] 0x57698fe8 setTimeout 300ms, repeat:0.
11-06 19:31:39.886 D/ScriptController( 4787): [executeScriptAndReturnValue] [V8] evaluate Script end. frame=0x2b761a48 
11-06 19:31:39.901 I/Advanced( 4787): [QUEUE] share_queue_sendEx size:1 4097 2530 0x8fe47f30,postLoopId:0,dstid:1.
11-06 19:31:40.168 D/BackBootDealerNeimeng( 2389): standbyState:
11-06 19:31:40.169 E/NetUtils( 2018): Interface eth0 LinkDown!
11-06 19:31:40.186 D/[blink]DOMTimer( 4787): [fired] 0x57698fe8 timeout fired.
11-06 19:31:40.187 D/ScriptController( 4787): [executeScriptAndReturnValue] [V8] evaluate Script start. frame=0x2b761a48 url= line=1. source length=22
11-06 19:31:40.187 D/iPanel  ( 4787): iPanel.debug("checkOverlayCreated")
11-06 19:31:40.187 D/[blink]DOMTimer( 4787): [DOMTimer] 0x57699058 setTimeout 300ms, repeat:0.
11-06 19:31:40.187 D/ScriptController( 4787): [executeScriptAndReturnValue] [V8] evaluate Script end. frame=0x2b761a48 
11-06 19:31:40.200 I/AdvancedPorting-PORT_MODULE_NET( 4787): network_task while... 
11-06 19:31:40.200 I/AdvancedPorting-PORT_MODULE_NET( 4787): 0 interface name: lo
11-06 19:31:40.200 I/AdvancedPorting-PORT_MODULE_NET( 4787): 1 interface name: wlan0
11-06 19:31:40.201 I/AdvancedPorting-PORT_MODULE_NET( 4787): First interface name: lo
11-06 19:31:40.201 I/AdvancedPorting-PORT_MODULE_NET( 4787): network_task while...  net_i:1
11-06 19:31:40.201 I/AdvancedPorting-PORT_MODULE_NET( 4787): network_task while---name_interface[0]=lo
11-06 19:31:40.201 I/AdvancedPorting-PORT_MODULE_NET( 4787): network_task while---name_interface[1]=wlan0
11-06 19:31:40.201 I/AdvancedPorting-PORT_MODULE_NET( 4787): network_task while---interface_name=wlan0
11-06 19:31:40.201 I/AdvancedPorting-PORT_MODULE_NET( 4787): network_get_netlink_status(in)--if_name=wlan0
11-06 19:31:40.201 I/AdvancedPorting-PORT_MODULE_NET( 4787): net.network.isconnected = no
11-06 19:31:40.201 I/AdvancedPorting-PORT_MODULE_NET( 4787): wlan0 --network_get_netlink_status return retval=1
11-06 19:31:40.201 I/AdvancedPorting-PORT_MODULE_NET( 4787): stat = 1 last_status = 1
11-06 19:31:40.311 I/Advanced( 4787): [QUEUE] share_queue_sendEx size:1 4097 2532 0x8fe47f30,postLoopId:0,dstid:1.
11-06 19:31:40.487 D/[blink]DOMTimer( 4787): [fired] 0x57699058 timeout fired.
11-06 19:31:40.487 D/ScriptController( 4787): [executeScriptAndReturnValue] [V8] evaluate Script start. frame=0x2b761a48 url= line=1. source length=22
11-06 19:31:40.487 D/iPanel  ( 4787): iPanel.debug("checkOverlayCreated")
11-06 19:31:40.488 D/[blink]DOMTimer( 4787): [DOMTimer] 0x576990c8 setTimeout 300ms, repeat:0.
11-06 19:31:40.488 D/ScriptController( 4787): [executeScriptAndReturnValue] [V8] evaluate Script end. frame=0x2b761a48 
11-06 19:31:40.669 D/BackBootDealerNeimeng( 2389): standbyState:
11-06 19:31:40.670 E/NetUtils( 2018): Interface eth0 LinkDown!
11-06 19:31:40.721 I/Advanced( 4787): [QUEUE] share_queue_sendEx size:1 4097 2534 0x8fe47f30,postLoopId:0,dstid:1.
11-06 19:31:40.788 D/[blink]DOMTimer( 4787): [fired] 0x576990c8 timeout fired.
11-06 19:31:40.788 D/ScriptController( 4787): [executeScriptAndReturnValue] [V8] evaluate Script start. frame=0x2b761a48 url= line=1. source length=22
11-06 19:31:40.788 D/iPanel  ( 4787): iPanel.debug("checkOverlayCreated")
11-06 19:31:40.788 D/[blink]DOMTimer( 4787): [DOMTimer] 0x57699138 setTimeout 300ms, repeat:0.
11-06 19:31:40.788 D/ScriptController( 4787): [executeScriptAndReturnValue] [V8] evaluate Script end. frame=0x2b761a48 
11-06 19:31:41.089 D/[blink]DOMTimer( 4787): [fired] 0x57699138 timeout fired.
11-06 19:31:41.089 D/ScriptController( 4787): [executeScriptAndReturnValue] [V8] evaluate Script start. frame=0x2b761a48 url= line=1. source length=22
11-06 19:31:41.089 D/iPanel  ( 4787): iPanel.debug("checkOverlayCreated")
11-06 19:31:41.089 D/[blink]DOMTimer( 4787): [DOMTimer] 0x576991a8 setTimeout 300ms, repeat:0.
11-06 19:31:41.089 D/ScriptController( 4787): [executeScriptAndReturnValue] [V8] evaluate Script end. frame=0x2b761a48 
11-06 19:31:41.131 I/Advanced( 4787): [QUEUE] share_queue_sendEx size:1 4097 2536 0x8fe47f30,postLoopId:0,dstid:1.
11-06 19:31:41.171 D/BackBootDealerNeimeng( 2389): standbyState:
11-06 19:31:41.172 E/NetUtils( 2018): Interface eth0 LinkDown!
11-06 19:31:41.201 I/AdvancedPorting-PORT_MODULE_NET( 4787): network_task while... 
11-06 19:31:41.201 I/AdvancedPorting-PORT_MODULE_NET( 4787): 0 interface name: lo
11-06 19:31:41.201 I/AdvancedPorting-PORT_MODULE_NET( 4787): 1 interface name: wlan0
11-06 19:31:41.201 I/AdvancedPorting-PORT_MODULE_NET( 4787): First interface name: lo
11-06 19:31:41.201 I/AdvancedPorting-PORT_MODULE_NET( 4787): network_task while...  net_i:1
11-06 19:31:41.201 I/AdvancedPorting-PORT_MODULE_NET( 4787): network_task while---name_interface[0]=lo
11-06 19:31:41.201 I/AdvancedPorting-PORT_MODULE_NET( 4787): network_task while---name_interface[1]=wlan0
11-06 19:31:41.201 I/AdvancedPorting-PORT_MODULE_NET( 4787): network_task while---interface_name=wlan0
11-06 19:31:41.201 I/AdvancedPorting-PORT_MODULE_NET( 4787): network_get_netlink_status(in)--if_name=wlan0
11-06 19:31:41.201 I/AdvancedPorting-PORT_MODULE_NET( 4787): net.network.isconnected = no
11-06 19:31:41.201 I/AdvancedPorting-PORT_MODULE_NET( 4787): wlan0 --network_get_netlink_status return retval=1
11-06 19:31:41.201 I/AdvancedPorting-PORT_MODULE_NET( 4787): stat = 1 last_status = 1
11-06 19:31:41.389 D/[blink]DOMTimer( 4787): [fired] 0x576991a8 timeout fired.
11-06 19:31:41.389 D/ScriptController( 4787): [executeScriptAndReturnValue] [V8] evaluate Script start. frame=0x2b761a48 url= line=1. source length=22
11-06 19:31:41.390 D/iPanel  ( 4787): iPanel.debug("checkOverlayCreated")
11-06 19:31:41.390 D/[blink]DOMTimer( 4787): [DOMTimer] 0x57699218 setTimeout 300ms, repeat:0.
11-06 19:31:41.390 D/ScriptController( 4787): [executeScriptAndReturnValue] [V8] evaluate Script end. frame=0x2b761a48 
11-06 19:31:41.414 V/SUMA    ( 1583): [VOD EXT]_DBUG:onewave_auth(1656) 
11-06 19:31:41.414 V/SUMA    ( 1583): enter onewave_auth 
11-06 19:31:41.414 V/SUMA    ( 1583): [VOD EXT]_DBUG:onewave_auth_req1st(1163) 
11-06 19:31:41.414 V/SUMA    ( 1583): enter onewave_auth_req1st 
11-06 19:31:41.541 I/Advanced( 4787): [QUEUE] share_queue_sendEx size:1 4097 2538 0x8fe47f30,postLoopId:0,dstid:1.
11-06 19:31:41.577 D/IPLoaderNeimeng( 2389): after wait time19:31:41:monitorInterval:5000
11-06 19:31:41.577 D/IPLoaderNeimeng( 2389): before dealUpdateCheck time:19:31:41:isMsgBroadcast:false:monitorInterval:5000:processState:1
11-06 19:31:41.578 D/IPLoaderNeimeng( 2389): dealUpdateCheck isFirstSuccessUpdate:false:monitorInterval:5000
11-06 19:31:41.578 D/LoadHttpHandler( 2389): [TN_ThreadUtil-4]doNormal proxyConfig=null
11-06 19:31:41.620 D/LoadHttpHandler( 2389): [TN_ThreadUtil-4]doNormal responseCode=404
11-06 19:31:41.621 D/LoadHttpTask( 2389): dealUpdateCheck responseCode:404:data:null:downloadResult:false
11-06 19:31:41.621 D/IPLoaderNeimeng( 2389): after dealUpdateCheck time:19:31:41:isMsgBroadcast:false:monitorInterval:5000:processState:1
11-06 19:31:41.622 D/IPLoaderNeimeng( 2389): before wait time19:31:41:monitorInterval:5000
11-06 19:31:41.672 D/BackBootDealerNeimeng( 2389): standbyState:
11-06 19:31:41.673 E/NetUtils( 2018): Interface eth0 LinkDown!
11-06 19:31:41.690 D/[blink]DOMTimer( 4787): [fired] 0x57699218 timeout fired.
11-06 19:31:41.690 D/ScriptController( 4787): [executeScriptAndReturnValue] [V8] evaluate Script start. frame=0x2b761a48 url= line=1. source length=22
11-06 19:31:41.691 D/iPanel  ( 4787): iPanel.debug("checkOverlayCreated")
11-06 19:31:41.691 D/[blink]DOMTimer( 4787): [DOMTimer] 0x57699288 setTimeout 300ms, repeat:0.
11-06 19:31:41.691 D/ScriptController( 4787): [executeScriptAndReturnValue] [V8] evaluate Script end. frame=0x2b761a48 
11-06 19:31:41.951 I/Advanced( 4787): [QUEUE] share_queue_sendEx size:1 4097 2540 0x8fe47f30,postLoopId:0,dstid:1.
11-06 19:31:41.991 D/[blink]DOMTimer( 4787): [fired] 0x57699288 timeout fired.
11-06 19:31:41.991 D/ScriptController( 4787): [executeScriptAndReturnValue] [V8] evaluate Script start. frame=0x2b761a48 url= line=1. source length=22
11-06 19:31:41.991 D/iPanel  ( 4787): iPanel.debug("checkOverlayCreated")
11-06 19:31:41.991 D/[blink]DOMTimer( 4787): [DOMTimer] 0x576992f8 setTimeout 300ms, repeat:0.
11-06 19:31:41.992 D/ScriptController( 4787): [executeScriptAndReturnValue] [V8] evaluate Script end. frame=0x2b761a48 
11-06 19:31:41.996 V/PT      ( 1583): >>INFO:irkey_task:[    1938.694199] /dev/input/event0: type=0001 code=0066 val=00000001
11-06 19:31:41.996 V/PT      ( 1583): >> HI3798C_ERRO:irkey_send-310- 
11-06 19:31:41.996 V/PT      ( 1583): unkown key=0x66
11-06 19:31:41.996 V/PT      ( 1583): >>INFO:irkey_send:0x3001 0x108e down
11-06 19:31:41.996 V/SUMA    ( 1583): ++++++++++++++  _roc_evtmgr_key_cbk 517:input = 12289, event=4238, act=0x100
11-06 19:31:41.996 V/SUMA    ( 1583): lxm:_roc_evtmgr_key_cbk 519 1938694
11-06 19:31:41.997 V/SUMA    ( 1583): lxm:_roc_evtmgr_add_evt_into_queue 347 1938694
11-06 19:31:41.997 V/PT      ( 1583): >>INFO:irkey_task:[    1938.694199] /dev/input/event0: type=0000 code=0000 val=00000000
11-06 19:31:41.997 V/SUMA    ( 1583): ===================>> type=0 src=0 evt=4238 act=0x100
11-06 19:31:41.997 V/SUMA    ( 1583): [sysset-s][event_manager_cbk 78]lxm cbid=1, cbk_reg=1, cpid=2458
11-06 19:31:41.997 D/NGBEvent( 2458): ngbEventCallBack type:0 source :4238
11-06 19:31:41.997 D/NGBEvent( 2458): Input key event: keyCode=4238
11-06 19:31:41.997 D/NGBEvent( 2458): src:4238 = dest:4238
11-06 19:31:41.997 I/System.out( 2458): [DEBUG EventManager] LWJ--Add event to java with evt=NgbEvent-[type = 1, subtype = 401, code = 4238]
11-06 19:31:41.998 D/NGBEvent( 2458): [NGBEvent_log]--[EventManager--JNI]:		start
11-06 19:31:41.998 I/System.out( 2458): [DEBUG EventManager] broadcastEvent  :len 1
11-06 19:31:41.998 D/CombineKeyUtil( 2458): [TN_pool-1-thread-1]dealKeyEvent,combineIndex:-1:keyCode:0
11-06 19:31:41.998 D/KeyEventNgbDealer( 2458): [TN_pool-1-thread-1]handleKeyPressed keyEvent=NgbEvent-[type = 1, subtype = 401, code = 4238],time=1938696
11-06 19:31:41.998 D/ir_user ( 1587): PlayerTimeLineTrace:linux_keycode:0x66(DOWN),	protocol: .
11-06 19:31:41.998 D/NGBEvent( 2458): [NGBEventManager-JNI]-returning:1
11-06 19:31:42.151 I/Advanced( 4787): [QUEUE] share_queue_sendEx size:1 4097 2541 0x8fe47f30,postLoopId:0,dstid:1.
11-06 19:31:42.174 D/BackBootDealerNeimeng( 2389): standbyState:
11-06 19:31:42.175 E/NetUtils( 2018): Interface eth0 LinkDown!
11-06 19:31:42.201 I/AdvancedPorting-PORT_MODULE_NET( 4787): network_task while... 
11-06 19:31:42.202 I/AdvancedPorting-PORT_MODULE_NET( 4787): 0 interface name: lo
11-06 19:31:42.202 I/AdvancedPorting-PORT_MODULE_NET( 4787): 1 interface name: wlan0
11-06 19:31:42.202 I/AdvancedPorting-PORT_MODULE_NET( 4787): First interface name: lo
11-06 19:31:42.202 I/AdvancedPorting-PORT_MODULE_NET( 4787): network_task while...  net_i:1
11-06 19:31:42.202 I/AdvancedPorting-PORT_MODULE_NET( 4787): network_task while---name_interface[0]=lo
11-06 19:31:42.202 I/AdvancedPorting-PORT_MODULE_NET( 4787): network_task while---name_interface[1]=wlan0
11-06 19:31:42.202 I/AdvancedPorting-PORT_MODULE_NET( 4787): network_task while---interface_name=wlan0
11-06 19:31:42.202 I/AdvancedPorting-PORT_MODULE_NET( 4787): network_get_netlink_status(in)--if_name=wlan0
11-06 19:31:42.202 I/AdvancedPorting-PORT_MODULE_NET( 4787): net.network.isconnected = no
11-06 19:31:42.202 I/AdvancedPorting-PORT_MODULE_NET( 4787): wlan0 --network_get_netlink_status return retval=1
11-06 19:31:42.202 I/AdvancedPorting-PORT_MODULE_NET( 4787): stat = 1 last_status = 1
11-06 19:31:42.205 V/PT      ( 1583): >>INFO:irkey_task:[    1938.903517] /dev/input/event0: type=0001 code=0066 val=00000000
11-06 19:31:42.206 V/PT      ( 1583): >> HI3798C_ERRO:irkey_send-310- 
11-06 19:31:42.206 V/PT      ( 1583): unkown key=0x66
11-06 19:31:42.206 V/PT      ( 1583): >>INFO:irkey_send:0x3001 0x108e up  
11-06 19:31:42.206 V/SUMA    ( 1583): ++++++++++++++  _roc_evtmgr_key_cbk 517:input = 12289, event=4238, act=0x400
11-06 19:31:42.206 V/SUMA    ( 1583): lxm:_roc_evtmgr_key_cbk 519 1938903
11-06 19:31:42.206 V/SUMA    ( 1583): lxm:_roc_evtmgr_add_key_into_queue 311 1938904
11-06 19:31:42.206 V/PT      ( 1583): >>INFO:irkey_task:[    1938.903517] /dev/input/event0: type=0000 code=0000 val=00000000
11-06 19:31:42.206 V/SUMA    ( 1583): ===================>> type=0 src=0 evt=4238 act=0x400
11-06 19:31:42.206 D/ir_user ( 1587): PlayerTimeLineTrace:linux_keycode:0x66(UP),	protocol: .
11-06 19:31:42.206 V/SUMA    ( 1583): [sysset-s][event_manager_cbk 78]lxm cbid=1, cbk_reg=1, cpid=2458
11-06 19:31:42.206 D/NGBEvent( 2458): ngbEventCallBack type:0 source :4238
11-06 19:31:42.207 D/NGBEvent( 2458): [NGBEventManager-JNI]-returning:1
11-06 19:31:42.207 D/NGBEvent( 2458): Input key event: keyCode=4238
11-06 19:31:42.207 D/NGBEvent( 2458): src:4238 = dest:4238
11-06 19:31:42.207 I/System.out( 2458): [DEBUG EventManager] LWJ--Add event to java with evt=NgbEvent-[type = 1, subtype = 402, code = 4238]
11-06 19:31:42.207 D/NGBEvent( 2458): [NGBEvent_log]--[EventManager--JNI]:		start
11-06 19:31:42.207 I/System.out( 2458): [DEBUG EventManager] broadcastEvent  :len 1
11-06 19:31:42.208 D/KeyEventNgbDealer( 2458): [TN_pool-1-thread-1]handleKeyReleased keyEvent=NgbEvent-[type = 1, subtype = 402, code = 4238],time=1938905
11-06 19:31:42.209 I/ActivityManager( 2018): START u0 {act=android.intent.action.MAIN cat=[android.intent.category.HOME] flg=0x10200000 cmp=com.suma.midware.home/.third.Main3DActivity} from uid 1000 on display 0
11-06 19:31:42.209 D/HomeReceiver( 2389): [TN_main]onReceive context=com.suma.midware.back.BackService@22d5d4b5,intent=Intent { act=android.intent.action.CLOSE_SYSTEM_DIALOGS flg=0x50000010 (has extras) },action=android.intent.action.CLOSE_SYSTEM_DIALOGS
11-06 19:31:42.210 D/HomeReceiver( 2389): [TN_main]onReceive reason=homekey
11-06 19:31:42.210 E/HomeReceiver( 2389): [TN_main]onReceive home key down
11-06 19:31:42.211 D/HomeReceiver( 2494): [TN_main]onReceive context=com.suma.midware.home.third.Main3DActivity@46ab53e,intent=Intent { act=android.intent.action.CLOSE_SYSTEM_DIALOGS flg=0x50000010 (has extras) },action=android.intent.action.CLOSE_SYSTEM_DIALOGS
11-06 19:31:42.211 D/HomeReceiver( 2494): [TN_main]onReceive reason=homekey
11-06 19:31:42.211 W/Main3DActivity( 2494): [TN_main]11111onReceive home key down,appStartMode:0
11-06 19:31:42.211 E/HomeReceiver( 2494): [TN_main]onReceive home key down
11-06 19:31:42.226 D/BrowserActivity( 4787): onPause start
11-06 19:31:42.226 I/ActivityManager( 2018): Force stopping com.android.browser appid=10010 user=0: from pid 2389
11-06 19:31:42.227 D/browser.cc( 4787): [OnPause] 
11-06 19:31:42.227 D/PortingBridge( 4787): porting_bridge_on_pause---0
11-06 19:31:42.227 I/Advanced( 4787): [middleware] ipanel_middleware_message_post type=257,wParam=5780,lParam=1011
11-06 19:31:42.227 I/AdvancedPorting-PORT_MODULE_MEDIAPLAYER( 4787): [PORTING][ipanel_porting_mediaplayer_standby] CALLED
11-06 19:31:42.227 I/AdvancedPorting-PORT_MODULE_MEDIAPLAYER( 4787): [PORTING][ipanel_porting_mediaplayer_standby] END
11-06 19:31:42.227 I/Advanced( 4787): [middleware] ipanel_middleware_message_post type=257,wParam=5785,lParam=0
11-06 19:31:42.227 I/cr_AwContents( 4787): org.chromium.android_webview.AwContents@c61d4c onPause
11-06 19:31:42.229 D/BrowserActivity( 4787): onPause end
11-06 19:31:42.229 D/webcoreBridge( 4787): #4822 execJS frameName='eventFrame' jscore='iPanel.dispatchMessage(32774,5780,1011);'
11-06 19:31:42.229 D/webcoreBridge( 4787): execJS-->frame:0x2b761a48 focusFrame=0x2b88d218 focusFrame.script=0x25a1eea0
11-06 19:31:42.229 D/webcoreBridge( 4787): execJS-->executeScript frame=0x2b761a48 script=0x25a01988
11-06 19:31:42.229 D/ScriptController( 4787): [executeScriptAndReturnValue] [V8] evaluate Script start. frame=0x2b761a48 url= line=1. source length=40
11-06 19:31:42.230 D/iPanel  ( 4787): iPanel.debug("dispatchMessage:msg: 32774,5780,1011")
11-06 19:31:42.230 D/iPanel  ( 4787): get getFocusedOrMainFrame
11-06 19:31:42.230 D/iPanel  ( 4787): getFrameByName 'eventFrame' frame=0x2b761a48 window=0x2b7626f8
11-06 19:31:42.230 D/iPanel  ( 4787): getFrameByName 'mainFrame' frame=0x2b769d58 window=0x2b88c520
11-06 19:31:42.231 D/iPanel  ( 4787): iPanel.debug("dispatchMessage:iPanel.getFocusedOrMainFrame = http://10.14.41.246/application/bxfc/sec/popTv_new.php")
11-06 19:31:42.231 D/iPanel  ( 4787): iPanel.debug("dispatchMessage:frame num: 2, keyEvent:system")
11-06 19:31:42.231 D/iPanel  ( 4787): iPanel.debug("dispatchMessage:#2. proc event 5780. url: http://10.14.41.246/application/bxfc/sec/popTv_new.php")
11-06 19:31:42.231 D/iPanel  ( 4787): iPanel.debug("w=[object Window], document=[object HTMLDocument], keyCode=5780, modifiers=1011, keyEvent=system")
11-06 19:31:42.231 D/BackBootDealerNeimeng( 2389): handleHomeKey isRunning:false
11-06 19:31:42.231 D/HomeReceiver( 2389): [TN_main]onReceive context=com.suma.midware.back.BackApplication@f6f15a2,intent=Intent { act=android.intent.action.CLOSE_SYSTEM_DIALOGS flg=0x50000010 (has extras) },action=android.intent.action.CLOSE_SYSTEM_DIALOGS
11-06 19:31:42.232 D/HomeReceiver( 2389): [TN_main]onReceive reason=homekey
11-06 19:31:42.232 E/HomeReceiver( 2389): [TN_main]onReceive home key down
11-06 19:31:42.232 D/ChromeClientImpl( 4787): [addMessageToConsole] [LOG:CONSOLE(4091)] "-------iframe按键响应=", source:http://10.14.41.246/application/bxfc/sec/popTv_new.php (4091)
11-06 19:31:42.234 D/iPanel  ( 4787): iPanel.debug("ret: true")
11-06 19:31:42.234 D/iPanel  ( 4787): iPanel.debug("dispatchMessage:#1. proc event 5780. url: ui:///eventpage.htm?ipanelcmd-name=eventFrame&script=ui:///ipanel.js")
11-06 19:31:42.234 D/iPanel  ( 4787): iPanel.debug("w=[object Window], document=[object HTMLDocument], keyCode=5780, modifiers=1011, keyEvent=system")
11-06 19:31:42.234 D/iPanel  ( 4787): iPanel.debug("eventpage grabEvent")
11-06 19:31:42.234 D/iPanel  ( 4787): getFrameByName 'mainFrame' frame=0x2b769d58 window=0x2b88c520
11-06 19:31:42.234 D/iPanel  ( 4787): iPanel.debug("--zjh-- url = http://10.14.41.246/application/bxfc/sec/index.htm  keycode = 5780")
11-06 19:31:42.234 D/iPanel  ( 4787): iPanel.debug("eventpage.htm args.type==false")
11-06 19:31:42.234 D/iPanel  ( 4787): iPanel.debug("eventpage grabEvent eventObj==[object Object]")
11-06 19:31:42.234 D/iPanel  ( 4787): iPanel.debug("eventpage eventObj.code = EIS_OTHER_APP_MESSAGE_OPEN")
11-06 19:31:42.234 D/iPanel  ( 4787): iPanel.debug("eventpage keyValue = 5780--p2:1011")
11-06 19:31:42.235 D/ChromeClientImpl( 4787): [addMessageToConsole] [LOG:CONSOLE(643)] "eventHandler---keycode==5780,p2=1011", source:ui:///mediaPlayer.js (643)
11-06 19:31:42.235 D/iPanel  ( 4787): iPanel.debug("ret: 0")
11-06 19:31:42.235 D/iPanel  ( 4787): iPanel.debug("dispatchMessage:end")
11-06 19:31:42.235 D/ScriptController( 4787): [executeScriptAndReturnValue] [V8] evaluate Script end. frame=0x2b761a48 
11-06 19:31:42.235 D/webcoreBridge( 4787): execJS-->executeScript frame=0x2b761a48 end.
11-06 19:31:42.235 D/webcoreBridge( 4787): #4822 execJS frameName='eventFrame' jscore='iPanel.dispatchMessage(32774,5785,0);'
11-06 19:31:42.235 D/webcoreBridge( 4787): execJS-->frame:0x2b761a48 focusFrame=0x2b88d218 focusFrame.script=0x25a1eea0
11-06 19:31:42.235 D/webcoreBridge( 4787): execJS-->executeScript frame=0x2b761a48 script=0x25a01988
11-06 19:31:42.235 D/ScriptController( 4787): [executeScriptAndReturnValue] [V8] evaluate Script start. frame=0x2b761a48 url= line=1. source length=37
11-06 19:31:42.235 D/iPanel  ( 4787): iPanel.debug("dispatchMessage:msg: 32774,5785,0")
11-06 19:31:42.235 D/iPanel  ( 4787): get getFocusedOrMainFrame
11-06 19:31:42.235 D/iPanel  ( 4787): getFrameByName 'eventFrame' frame=0x2b761a48 window=0x2b7626f8
11-06 19:31:42.235 D/iPanel  ( 4787): getFrameByName 'mainFrame' frame=0x2b769d58 window=0x2b88c520
11-06 19:31:42.235 D/iPanel  ( 4787): iPanel.debug("dispatchMessage:iPanel.getFocusedOrMainFrame = http://10.14.41.246/application/bxfc/sec/popTv_new.php")
11-06 19:31:42.235 D/iPanel  ( 4787): iPanel.debug("dispatchMessage:frame num: 2, keyEvent:system")
11-06 19:31:42.235 D/iPanel  ( 4787): iPanel.debug("dispatchMessage:#2. proc event 5785. url: http://10.14.41.246/application/bxfc/sec/popTv_new.php")
11-06 19:31:42.235 D/iPanel  ( 4787): iPanel.debug("w=[object Window], document=[object HTMLDocument], keyCode=5785, modifiers=0, keyEvent=system")
11-06 19:31:42.236 D/ChromeClientImpl( 4787): [addMessageToConsole] [LOG:CONSOLE(4091)] "-------iframe按键响应=", source:http://10.14.41.246/application/bxfc/sec/popTv_new.php (4091)
11-06 19:31:42.236 D/iPanel  ( 4787): iPanel.debug("ret: true")
11-06 19:31:42.236 D/iPanel  ( 4787): iPanel.debug("dispatchMessage:#1. proc event 5785. url: ui:///eventpage.htm?ipanelcmd-name=eventFrame&script=ui:///ipanel.js")
11-06 19:31:42.236 D/iPanel  ( 4787): iPanel.debug("w=[object Window], document=[object HTMLDocument], keyCode=5785, modifiers=0, keyEvent=system")
11-06 19:31:42.236 D/iPanel  ( 4787): iPanel.debug("eventpage grabEvent")
11-06 19:31:42.236 D/iPanel  ( 4787): getFrameByName 'mainFrame' frame=0x2b769d58 window=0x2b88c520
11-06 19:31:42.236 D/iPanel  ( 4787): iPanel.debug("--zjh-- url = http://10.14.41.246/application/bxfc/sec/index.htm  keycode = 5785")
11-06 19:31:42.236 D/iPanel  ( 4787): iPanel.debug("eventpage.htm args.type==true")
11-06 19:31:42.236 D/iPanel  ( 4787): iPanel.debug("eventpage grabEvent eventObj==[object Object]")
11-06 19:31:42.236 D/iPanel  ( 4787): iPanel.debug("eventpage eventObj.code = EIS_APP_PAUSE")
11-06 19:31:42.236 D/iPanel  ( 4787): iPanel.debug("eventpage keyValue = 5785--p2:0")
11-06 19:31:42.237 D/ChromeClientImpl( 4787): [addMessageToConsole] [LOG:CONSOLE(643)] "eventHandler---keycode==5785,p2=0", source:ui:///mediaPlayer.js (643)
11-06 19:31:42.237 D/iPanel  ( 4787): iPanel.debug("ret: 0")
11-06 19:31:42.237 D/iPanel  ( 4787): iPanel.debug("dispatchMessage:end")
11-06 19:31:42.237 D/ScriptController( 4787): [executeScriptAndReturnValue] [V8] evaluate Script end. frame=0x2b761a48 
11-06 19:31:42.237 D/webcoreBridge( 4787): execJS-->executeScript frame=0x2b761a48 end.
11-06 19:31:42.238 D/[cc]beginFrameSource( 4787): [AddObserver] ExternalBeginFrameSource::AddObserver
11-06 19:31:42.242 D/Main3DActivity( 2494): [TN_main]onNewIntent time=1938940,intent=Intent { act=android.intent.action.MAIN cat=[android.intent.category.HOME] flg=0x10600000 cmp=com.suma.midware.home/.third.Main3DActivity }
11-06 19:31:42.243 D/BaseApplication( 2494): [TN_main]onActivityStarted activity=com.suma.midware.home.third.Main3DActivity@46ab53e
11-06 19:31:42.243 D/Main3DActivity( 2494): [TN_main]onStart time=1938941
11-06 19:31:42.243 E/FlyAndWeatherUpdate( 2494): [TN_main]spflyWord is empty
11-06 19:31:42.244 D/HomeFlyWord( 2494): [TN_main]startScrollView delay=2000
11-06 19:31:42.244 W/HomeFlyWord( 2494): [TN_main]startScrollView scrollView null
11-06 19:31:42.244 D/Main3DActivity( 2494): [TN_main]onResume time=1938941,isFirst=false
11-06 19:31:42.244 D/BaseApplication( 2494): [TN_main]onActivityResumed activity=com.suma.midware.home.third.Main3DActivity@46ab53e
11-06 19:31:42.244 D/PlayExcuter( 2494): [TN_main]notifyPlay type=9,curType=-2,cancelType=3,cancelVideoType=1,isResetData=true,task=null,this.task=[PlayDirectTask@a1c2b91]playTaskType[1]playType[0]playerType[-1]isEcmSet[false]playerIndex[0]tunerIndex[0]channel[[DirectChannel@32501b]channelID[0]oNetID[1]tsID[31]serviceID[3102]freq[371000]name[CCTV-1高清]serviceType[8]attr[8192]serialNum[1]serialNum4[1]pcrPID[49]refServiceID[-1]],indexs=null
11-06 19:31:42.244 D/PlayExcuter( 2494): [TN_main]releasePlayer curType=-2,cancelType=3,task=[PlayDirectTask@a1c2b91]playTaskType[1]playType[0]playerType[-1]isEcmSet[false]playerIndex[0]tunerIndex[0]channel[[DirectChannel@32501b]channelID[0]oNetID[1]tsID[31]serviceID[3102]freq[371000]name[CCTV-1高清]serviceType[8]attr[8192]serialNum[1]serialNum4[1]pcrPID[49]refServiceID[-1]]
11-06 19:31:42.244 D/PlayBaseDealer( 2389): [TN_Binder_5]releasePlayers cancelType=3,videoType=1,isResetData=true,curPlayerIndex=-1,isCheckPID=false
11-06 19:31:42.244 D/PlayBaseDealer( 2389): [TN_Binder_5]releasePlayers size=1
11-06 19:31:42.244 D/PlayNgbDealer( 2389): [TN_Binder_5]findPlayer index=0,findType=0,channelIndex=0
11-06 19:31:42.244 E/PlayNgbDealer( 2389): [TN_Binder_5]releasePlayer index=0 player is null
11-06 19:31:42.245 D/PlayerManager( 2494): [TN_main]cancelPlayTask cancleType=3,cancelVideoType=1,isResetData=true,isCheckPID=false,state=0,indexs=null
11-06 19:31:42.245 D/DataBaseManager( 2494): [TN_main]getAttrList comparatorMode=-1,comparatorType=-1,termType=10
11-06 19:31:42.245 D/DataBaseManager( 2494): [TN_main]getAttrList comparatorMode=-1,comparatorType=-1,termType=10
11-06 19:31:42.245 D/DataBaseManager( 2494): [TN_main]getAttrList comparatorMode=-1,comparatorType=-1,termType=10
11-06 19:31:42.245 D/DataBaseManager( 2494): [TN_main]getAttrList comparatorMode=-1,comparatorType=-1,termType=10
