11-06 19:31:45.590 D/BasicFigure( 2494): [TN_GLThread 73]isDrawFocused relyElement=[BaseElement@3914159e]focusScale[1.15]elementAlpha[-1.0]refectAlpha[-1.0]isFocusAble[true]shadowIndex[-1]autoJumpType[-1]uniqueID[54resSize0]rect[NULL]
11-06 19:31:45.590 D/BasicFigure( 2494): [TN_GLThread 73]isDrawFocused basicFigure=com.suma.midware.view.b.c.c@257887f
11-06 19:31:45.681 D/BackBootDealerNeimeng( 2389): standbyState:
11-06 19:31:45.682 E/NetUtils( 2018): Interface eth0 LinkDown!
11-06 19:31:45.684 D/ir_user ( 1587): PlayerTimeLineTrace:linux_keycode:0x6a(UP),	protocol: .
11-06 19:31:45.684 V/PT      ( 1583): >>INFO:irkey_task:[    1942.382276] /dev/input/event0: type=0001 code=006a val=00000000
11-06 19:31:45.684 V/PT      ( 1583): >>INFO:irkey_send:0x3001 0x0027 up  
11-06 19:31:45.684 V/SUMA    ( 1583): ++++++++++++++  _roc_evtmgr_key_cbk 517:input = 12289, event=39, act=0x400
11-06 19:31:45.684 V/SUMA    ( 1583): lxm:_roc_evtmgr_key_cbk 519 1942382
11-06 19:31:45.685 V/SUMA    ( 1583): lxm:_roc_evtmgr_add_key_into_queue 311 1942382
11-06 19:31:45.685 V/PT      ( 1583): >>INFO:irkey_task:[    1942.382276] /dev/input/event0: type=0000 code=0000 val=00000000
11-06 19:31:45.685 V/SUMA    ( 1583): ===================>> type=0 src=0 evt=39 act=0x400
11-06 19:31:45.685 V/SUMA    ( 1583): [sysset-s][event_manager_cbk 78]lxm cbid=1, cbk_reg=1, cpid=2458
11-06 19:31:45.685 D/NGBEvent( 2458): ngbEventCallBack type:0 source :39
11-06 19:31:45.685 D/NGBEvent( 2458): [NGBEventManager-JNI]-returning:1
11-06 19:31:45.685 D/NGBEvent( 2458): Input key event: keyCode=39
11-06 19:31:45.685 D/NGBEvent( 2458): src:39 = dest:39
11-06 19:31:45.685 I/System.out( 2458): [DEBUG EventManager] LWJ--Add event to java with evt=NgbEvent-[type = 1, subtype = 402, code = 39]
11-06 19:31:45.685 D/NGBEvent( 2458): [NGBEvent_log]--[EventManager--JNI]:		start
11-06 19:31:45.686 I/System.out( 2458): [DEBUG EventManager] broadcastEvent  :len 1
11-06 19:31:45.686 D/RemoteIME( 2329): RemoteIME--> onKeyUp keyCode = 22
11-06 19:31:45.686 D/KeyEventNgbDealer( 2458): [TN_pool-1-thread-1]handleKeyReleased keyEvent=NgbEvent-[type = 1, subtype = 402, code = 39],time=1942383
11-06 19:31:45.686 D/Main3DActivity( 2494): [TN_main]dispatchKeyEvent event=KeyEvent { action=ACTION_UP, keyCode=KEYCODE_DPAD_RIGHT, scanCode=106, metaState=0, flags=0x8, repeatCount=0, eventTime=1942382, downTime=1942172, deviceId=3, source=0x701 },isEventAble=true
11-06 19:31:45.700 E/storage_operate( 2658): HCDN_LOG: [2017/11/06-19:31:45:700]:[func:GetTaskCount],[line:827],[oper:get task count],[state:0],[count:0]
11-06 19:31:45.700 E/storage_operate( 2658): HCDN_LOG: [2017/11/06-19:31:45:700]:[func:GetTaskCount],[line:827],[oper:get task count],[state:0],[count:0]
11-06 19:31:45.700 E/storage_operate( 2658): HCDN_LOG: [2017/11/06-19:31:45:700]:[func:GetTaskCount],[line:827],[oper:get task count],[state:1],[count:0]
11-06 19:31:45.785 I/Advanced( 4787): [QUEUE] share_queue_sendEx size:1 4097 2559 0x8fe47f30,postLoopId:0,dstid:1.
11-06 19:31:45.800 D/ir_user ( 1587): PlayerTimeLineTrace:linux_keycode:0x6c(DOWN),	protocol: .
11-06 19:31:45.800 V/PT      ( 1583): >>INFO:irkey_task:[    1942.498407] /dev/input/event0: type=0001 code=006c val=00000001
11-06 19:31:45.800 V/PT      ( 1583): >>INFO:irkey_send:0x3001 0x0028 down
11-06 19:31:45.801 V/SUMA    ( 1583): ++++++++++++++  _roc_evtmgr_key_cbk 517:input = 12289, event=40, act=0x100
11-06 19:31:45.801 V/SUMA    ( 1583): lxm:_roc_evtmgr_key_cbk 519 1942498
11-06 19:31:45.801 V/SUMA    ( 1583): lxm:_roc_evtmgr_add_evt_into_queue 347 1942498
11-06 19:31:45.801 V/SUMA    ( 1583): ===================>> type=0 src=0 evt=40 act=0x100
11-06 19:31:45.801 V/PT      ( 1583): >>INFO:irkey_task:[    1942.498407] /dev/input/event0: type=0000 code=0000 val=00000000
11-06 19:31:45.801 V/SUMA    ( 1583): [sysset-s][event_manager_cbk 78]lxm cbid=1, cbk_reg=1, cpid=2458
11-06 19:31:45.801 D/NGBEvent( 2458): ngbEventCallBack type:0 source :40
11-06 19:31:45.801 D/NGBEvent( 2458): [NGBEventManager-JNI]-returning:1
11-06 19:31:45.801 D/NGBEvent( 2458): Input key event: keyCode=40
11-06 19:31:45.801 D/NGBEvent( 2458): src:40 = dest:40
11-06 19:31:45.801 I/System.out( 2458): [DEBUG EventManager] LWJ--Add event to java with evt=NgbEvent-[type = 1, subtype = 401, code = 40]
11-06 19:31:45.802 D/NGBEvent( 2458): [NGBEvent_log]--[EventManager--JNI]:		start
11-06 19:31:45.802 I/System.out( 2458): [DEBUG EventManager] broadcastEvent  :len 1
11-06 19:31:45.802 D/CombineKeyUtil( 2458): [TN_pool-1-thread-1]dealKeyEvent,combineIndex:-1:keyCode:20
11-06 19:31:45.802 D/KeyEventNgbDealer( 2458): [TN_pool-1-thread-1]handleKeyPressed keyEvent=NgbEvent-[type = 1, subtype = 401, code = 40],time=1942500
11-06 19:31:45.803 D/RemoteIME( 2329): onKeyDown event = KeyEvent { action=ACTION_DOWN, keyCode=KEYCODE_DPAD_DOWN, scanCode=108, metaState=0, flags=0x8, repeatCount=0, eventTime=1942498, downTime=1942498, deviceId=3, source=0x701 },mSkbContainer=null
11-06 19:31:45.803 D/Main3DActivity( 2494): [TN_main]dispatchKeyEvent event=KeyEvent { action=ACTION_DOWN, keyCode=KEYCODE_DPAD_DOWN, scanCode=108, metaState=0, flags=0x8, repeatCount=0, eventTime=1942498, downTime=1942498, deviceId=3, source=0x701 },isEventAble=true
11-06 19:31:45.804 D/InputEventConsistencyVerifier( 2494): KeyEvent: ACTION_DOWN but key is already down and this event is not a key repeat.
11-06 19:31:45.804 D/InputEventConsistencyVerifier( 2494):   in com.android.internal.policy.impl.PhoneWindow$DecorView{1a1fcd6c V.E..... R.....I. 0,0-1280,720}
11-06 19:31:45.804 D/InputEventConsistencyVerifier( 2494):   0: sent at 1942498000000, KeyEvent { action=ACTION_DOWN, keyCode=KEYCODE_DPAD_DOWN, scanCode=108, metaState=0, flags=0x8, repeatCount=0, eventTime=1942498, downTime=1942498, deviceId=3, source=0x701 }
11-06 19:31:45.804 D/InputEventConsistencyVerifier( 2494):   -- recent events --
11-06 19:31:45.804 D/InputEventConsistencyVerifier( 2494):   1: sent at 1942172000000, KeyEvent { action=ACTION_DOWN, keyCode=KEYCODE_DPAD_RIGHT, scanCode=106, metaState=0, flags=0x80000008, repeatCount=0, eventTime=1942172, downTime=1942172, deviceId=3, source=0x701 }
11-06 19:31:45.804 D/InputEventConsistencyVerifier( 2494):   2: sent at 1941656000000, KeyEvent { action=ACTION_DOWN, keyCode=KEYCODE_DPAD_RIGHT, scanCode=106, metaState=0, flags=0x80000008, repeatCount=0, eventTime=1941656, downTime=1941656, deviceId=3, source=0x701 }
11-06 19:31:45.804 D/InputEventConsistencyVerifier( 2494):   3: sent at 1941224000000, KeyEvent { action=ACTION_DOWN, keyCode=KEYCODE_DPAD_RIGHT, scanCode=106, metaState=0, flags=0x80000008, repeatCount=0, eventTime=1941224, downTime=1941224, deviceId=3, source=0x701 }
11-06 19:31:45.804 D/InputEventConsistencyVerifier( 2494):   4: sent at 1941000000000, KeyEvent { action=ACTION_DOWN, keyCode=KEYCODE_DPAD_RIGHT, scanCode=106, metaState=0, flags=0x80000008, repeatCount=0, eventTime=1941000, downTime=1941000, deviceId=3, source=0x701 }
11-06 19:31:45.804 D/InputEventConsistencyVerifier( 2494):   5: sent at 1940748000000, KeyEvent { action=ACTION_DOWN, keyCode=KEYCODE_DPAD_RIGHT, scanCode=106, metaState=0, flags=0x80000008, repeatCount=0, eventTime=1940748, downTime=1940748, deviceId=3, source=0x701 }
11-06 19:31:45.804 D/BasicRootView( 2494): [TN_main]dispatchKeyEvent event=KeyEvent { action=ACTION_DOWN, keyCode=KEYCODE_DPAD_DOWN, scanCode=108, metaState=0, flags=0x80000008, repeatCount=0, eventTime=1942498, downTime=1942498, deviceId=3, source=0x701 },curRootPanel=com.suma.midware.home.third.a.a@c42406f
11-06 19:31:45.804 D/GLRootRenderer( 2494): dispatchKeyEvent event:KeyEvent { action=ACTION_DOWN, keyCode=KEYCODE_DPAD_DOWN, scanCode=108, metaState=0, flags=0x80000008, repeatCount=0, eventTime=1942498, downTime=1942498, deviceId=3, source=0x701 }:lastKeyCode:22:lastKeyAction:0:lastkeycount:4:size:0
11-06 19:31:45.804 D/Scene   ( 2494): dispatchKeyEvent event:KeyEvent { action=ACTION_DOWN, keyCode=KEYCODE_DPAD_DOWN, scanCode=108, metaState=0, flags=0x80000008, repeatCount=0, eventTime=1942498, downTime=1942498, deviceId=3, source=0x701 }
11-06 19:31:45.804 D/Scene   ( 2494): dispatchKeyEvent currentFocus = com.suma.midware.view.b.d.b@12d8546a
11-06 19:31:45.804 D/Scene   ( 2494): dispatchKeyEvent nextFocus:null
11-06 19:31:45.804 D/BasicColumn( 2494): [TN_GLThread 73]dealKeyEvent event=KeyEvent { action=ACTION_DOWN, keyCode=KEYCODE_DPAD_DOWN, scanCode=108, metaState=0, flags=0x80000008, repeatCount=0, eventTime=1942498, downTime=1942498, deviceId=3, source=0x701 }
11-06 19:31:45.806 D/MenuUtil( 2494): [TN_GLThread 73]searchVerticalFigure x=974.000,y=120.000,width=220.000,height=60.0000,excludeObj=null
11-06 19:31:45.806 D/FixedRes( 2494): [TN_GLThread 73]getNineImgRes nineImgSize=2
11-06 19:31:45.807 D/BasicColumn( 2494): [TN_GLThread 73]onFocus isFocus=false,index=5,nextIndex=-1
11-06 19:31:45.807 D/FixedRes( 2494): [TN_GLThread 73]getNineImgRes nineImgSize=2
11-06 19:31:45.808 D/BasicColumn( 2494): [TN_GLThread 73]moveFocus xOffset=151.000,yOffset=139.000
11-06 19:31:45.808 D/BasicFigure( 2494): [TN_GLThread 73]onFocusGain figure=com.suma.midware.view.b.c.c@2ccb5670
11-06 19:31:45.808 D/BasicFigure( 2494): [TN_GLThread 73]onFocusGain panelIndex=5,curPanelIndex=5,basicFigure=com.suma.midware.view.b.c.c@2ccb5670
11-06 19:31:45.809 D/BasicFigure( 2494): [TN_GLThread 73]onFocusMoveAnim moveSpace=0.00000,x=37.5000,xOffset=0.00000
11-06 19:31:45.809 D/FixedRes( 2494): [TN_GLThread 73]getNineImgRes nineImgSize=2
11-06 19:31:45.809 W/BasicRootPanel( 2494): [TN_GLThread 73]switchPanelLight lightFigure null
11-06 19:31:45.816 D/BasicFigure( 2494): [TN_GLThread 73]isDrawFocused relyElement=[BaseElement@3914159e]focusScale[1.15]elementAlpha[-1.0]refectAlpha[-1.0]isFocusAble[true]shadowIndex[-1]autoJumpType[-1]uniqueID[54resSize0]rect[NULL]
11-06 19:31:45.816 D/BasicFigure( 2494): [TN_GLThread 73]isDrawFocused basicFigure=com.suma.midware.view.b.c.c@257887f
11-06 19:31:45.822 D/BasicFigure( 2494): [TN_GLThread 73]isDrawFocused relyElement=[BaseElement@3914159e]focusScale[1.15]elementAlpha[-1.0]refectAlpha[-1.0]isFocusAble[true]shadowIndex[-1]autoJumpType[-1]uniqueID[54resSize0]rect[NULL]
11-06 19:31:45.822 D/BasicFigure( 2494): [TN_GLThread 73]isDrawFocused basicFigure=com.suma.midware.view.b.c.c@257887f
11-06 19:31:45.835 D/BasicFigure( 2494): [TN_GLThread 73]isDrawFocused relyElement=[BaseElement@3914159e]focusScale[1.15]elementAlpha[-1.0]refectAlpha[-1.0]isFocusAble[true]shadowIndex[-1]autoJumpType[-1]uniqueID[54resSize0]rect[NULL]
11-06 19:31:45.835 D/BasicFigure( 2494): [TN_GLThread 73]isDrawFocused basicFigure=com.suma.midware.view.b.c.c@257887f
11-06 19:31:45.847 D/BasicFigure( 2494): [TN_GLThread 73]isDrawFocused relyElement=[BaseElement@3914159e]focusScale[1.15]elementAlpha[-1.0]refectAlpha[-1.0]isFocusAble[true]shadowIndex[-1]autoJumpType[-1]uniqueID[54resSize0]rect[NULL]
11-06 19:31:45.847 D/BasicFigure( 2494): [TN_GLThread 73]isDrawFocused basicFigure=com.suma.midware.view.b.c.c@257887f
11-06 19:31:45.866 D/BasicFigure( 2494): [TN_GLThread 73]isDrawFocused relyElement=[BaseElement@3914159e]focusScale[1.15]elementAlpha[-1.0]refectAlpha[-1.0]isFocusAble[true]shadowIndex[-1]autoJumpType[-1]uniqueID[54resSize0]rect[NULL]
11-06 19:31:45.866 D/BasicFigure( 2494): [TN_GLThread 73]isDrawFocused basicFigure=com.suma.midware.view.b.c.c@257887f
11-06 19:31:45.884 D/BasicFigure( 2494): [TN_GLThread 73]isDrawFocused relyElement=[BaseElement@3914159e]focusScale[1.15]elementAlpha[-1.0]refectAlpha[-1.0]isFocusAble[true]shadowIndex[-1]autoJumpType[-1]uniqueID[54resSize0]rect[NULL]
11-06 19:31:45.885 D/BasicFigure( 2494): [TN_GLThread 73]isDrawFocused basicFigure=com.suma.midware.view.b.c.c@257887f
11-06 19:31:45.903 D/BasicFigure( 2494): [TN_GLThread 73]isDrawFocused relyElement=[BaseElement@3914159e]focusScale[1.15]elementAlpha[-1.0]refectAlpha[-1.0]isFocusAble[true]shadowIndex[-1]autoJumpType[-1]uniqueID[54resSize0]rect[NULL]
11-06 19:31:45.903 D/BasicFigure( 2494): [TN_GLThread 73]isDrawFocused basicFigure=com.suma.midware.view.b.c.c@257887f
11-06 19:31:45.929 D/BasicFigure( 2494): [TN_GLThread 73]isDrawFocused relyElement=[BaseElement@3914159e]focusScale[1.15]elementAlpha[-1.0]refectAlpha[-1.0]isFocusAble[true]shadowIndex[-1]autoJumpType[-1]uniqueID[54resSize0]rect[NULL]
11-06 19:31:45.930 D/BasicFigure( 2494): [TN_GLThread 73]isDrawFocused basicFigure=com.suma.midware.view.b.c.c@257887f
11-06 19:31:45.944 D/BasicFigure( 2494): [TN_GLThread 73]isDrawFocused relyElement=[BaseElement@3914159e]focusScale[1.15]elementAlpha[-1.0]refectAlpha[-1.0]isFocusAble[true]shadowIndex[-1]autoJumpType[-1]uniqueID[54resSize0]rect[NULL]
11-06 19:31:45.944 D/BasicFigure( 2494): [TN_GLThread 73]isDrawFocused basicFigure=com.suma.midware.view.b.c.c@257887f
11-06 19:31:45.951 D/BasicFigure( 2494): [TN_GLThread 73]isDrawFocused relyElement=[BaseElement@3914159e]focusScale[1.15]elementAlpha[-1.0]refectAlpha[-1.0]isFocusAble[true]shadowIndex[-1]autoJumpType[-1]uniqueID[54resSize0]rect[NULL]
11-06 19:31:45.951 D/BasicFigure( 2494): [TN_GLThread 73]isDrawFocused basicFigure=com.suma.midware.view.b.c.c@257887f
11-06 19:31:45.958 D/BasicFigure( 2494): [TN_GLThread 73]isDrawFocused relyElement=[BaseElement@3914159e]focusScale[1.15]elementAlpha[-1.0]refectAlpha[-1.0]isFocusAble[true]shadowIndex[-1]autoJumpType[-1]uniqueID[54resSize0]rect[NULL]
11-06 19:31:45.958 D/BasicFigure( 2494): [TN_GLThread 73]isDrawFocused basicFigure=com.suma.midware.view.b.c.c@257887f
11-06 19:31:45.968 D/BasicFigure( 2494): [TN_GLThread 73]isDrawFocused relyElement=[BaseElement@3914159e]focusScale[1.15]elementAlpha[-1.0]refectAlpha[-1.0]isFocusAble[true]shadowIndex[-1]autoJumpType[-1]uniqueID[54resSize0]rect[NULL]
11-06 19:31:45.968 D/BasicFigure( 2494): [TN_GLThread 73]isDrawFocused basicFigure=com.suma.midware.view.b.c.c@257887f
11-06 19:31:45.979 D/BasicFigure( 2494): [TN_GLThread 73]isDrawFocused relyElement=[BaseElement@3914159e]focusScale[1.15]elementAlpha[-1.0]refectAlpha[-1.0]isFocusAble[true]shadowIndex[-1]autoJumpType[-1]uniqueID[54resSize0]rect[NULL]
11-06 19:31:45.980 D/BasicFigure( 2494): [TN_GLThread 73]isDrawFocused basicFigure=com.suma.midware.view.b.c.c@257887f
11-06 19:31:45.986 I/Advanced( 4787): [QUEUE] share_queue_sendEx size:1 4097 2560 0x8fe47f30,postLoopId:0,dstid:1.
11-06 19:31:46.000 D/BasicFigure( 2494): [TN_GLThread 73]isDrawFocused relyElement=[BaseElement@3914159e]focusScale[1.15]elementAlpha[-1.0]refectAlpha[-1.0]isFocusAble[true]shadowIndex[-1]autoJumpType[-1]uniqueID[54resSize0]rect[NULL]
11-06 19:31:46.000 D/BasicFigure( 2494): [TN_GLThread 73]isDrawFocused basicFigure=com.suma.midware.view.b.c.c@257887f
11-06 19:31:46.012 D/ir_user ( 1587): PlayerTimeLineTrace:linux_keycode:0x6c(UP),	protocol: .
11-06 19:31:46.012 V/PT      ( 1583): >>INFO:irkey_task:[    1942.710494] /dev/input/event0: type=0001 code=006c val=00000000
11-06 19:31:46.012 V/PT      ( 1583): >>INFO:irkey_send:0x3001 0x0028 up  
11-06 19:31:46.012 V/SUMA    ( 1583): ++++++++++++++  _roc_evtmgr_key_cbk 517:input = 12289, event=40, act=0x400
11-06 19:31:46.012 V/SUMA    ( 1583): lxm:_roc_evtmgr_key_cbk 519 1942710
11-06 19:31:46.012 V/SUMA    ( 1583): lxm:_roc_evtmgr_add_key_into_queue 311 1942710
11-06 19:31:46.012 V/PT      ( 1583): >>INFO:irkey_task:[    1942.710494] /dev/input/event0: type=0000 code=0000 val=00000000
11-06 19:31:46.012 V/SUMA    ( 1583): ===================>> type=0 src=0 evt=40 act=0x400
11-06 19:31:46.013 V/SUMA    ( 1583): [sysset-s][event_manager_cbk 78]lxm cbid=1, cbk_reg=1, cpid=2458
11-06 19:31:46.013 D/NGBEvent( 2458): ngbEventCallBack type:0 source :40
11-06 19:31:46.013 D/NGBEvent( 2458): [NGBEventManager-JNI]-returning:1
11-06 19:31:46.013 D/NGBEvent( 2458): Input key event: keyCode=40
11-06 19:31:46.013 D/NGBEvent( 2458): src:40 = dest:40
11-06 19:31:46.013 I/System.out( 2458): [DEBUG EventManager] LWJ--Add event to java with evt=NgbEvent-[type = 1, subtype = 402, code = 40]
11-06 19:31:46.013 D/NGBEvent( 2458): [NGBEvent_log]--[EventManager--JNI]:		start
11-06 19:31:46.013 I/System.out( 2458): [DEBUG EventManager] broadcastEvent  :len 1
11-06 19:31:46.013 D/KeyEventNgbDealer( 2458): [TN_pool-1-thread-1]handleKeyReleased keyEvent=NgbEvent-[type = 1, subtype = 402, code = 40],time=1942711
11-06 19:31:46.013 D/RemoteIME( 2329): RemoteIME--> onKeyUp keyCode = 20
11-06 19:31:46.014 D/Main3DActivity( 2494): [TN_main]dispatchKeyEvent event=KeyEvent { action=ACTION_UP, keyCode=KEYCODE_DPAD_DOWN, scanCode=108, metaState=0, flags=0x8, repeatCount=0, eventTime=1942710, downTime=1942498, deviceId=3, source=0x701 },isEventAble=true
11-06 19:31:46.020 D/BasicFigure( 2494): [TN_GLThread 73]isDrawFocused relyElement=[BaseElement@3914159e]focusScale[1.15]elementAlpha[-1.0]refectAlpha[-1.0]isFocusAble[true]shadowIndex[-1]autoJumpType[-1]uniqueID[54resSize0]rect[NULL]
11-06 19:31:46.020 D/BasicFigure( 2494): [TN_GLThread 73]isDrawFocused basicFigure=com.suma.midware.view.b.c.c@257887f
11-06 19:31:46.039 D/BasicFigure( 2494): [TN_GLThread 73]isDrawFocused relyElement=[BaseElement@3914159e]focusScale[1.15]elementAlpha[-1.0]refectAlpha[-1.0]isFocusAble[true]shadowIndex[-1]autoJumpType[-1]uniqueID[54resSize0]rect[NULL]
11-06 19:31:46.039 D/BasicFigure( 2494): [TN_GLThread 73]isDrawFocused basicFigure=com.suma.midware.view.b.c.c@257887f
11-06 19:31:46.059 D/BasicFigure( 2494): [TN_GLThread 73]isDrawFocused relyElement=[BaseElement@3914159e]focusScale[1.15]elementAlpha[-1.0]refectAlpha[-1.0]isFocusAble[true]shadowIndex[-1]autoJumpType[-1]uniqueID[54resSize0]rect[NULL]
11-06 19:31:46.059 D/BasicFigure( 2494): [TN_GLThread 73]isDrawFocused basicFigure=com.suma.midware.view.b.c.c@257887f
11-06 19:31:46.067 D/ir_user ( 1587): PlayerTimeLineTrace:linux_keycode:0x6c(DOWN),	protocol: .
11-06 19:31:46.067 V/PT      ( 1583): >>INFO:irkey_task:[    1942.764875] /dev/input/event0: type=0001 code=006c val=00000001
11-06 19:31:46.067 V/PT      ( 1583): >>INFO:irkey_send:0x3001 0x0028 down
11-06 19:31:46.067 V/SUMA    ( 1583): ++++++++++++++  _roc_evtmgr_key_cbk 517:input = 12289, event=40, act=0x100
11-06 19:31:46.067 V/SUMA    ( 1583): lxm:_roc_evtmgr_key_cbk 519 1942764
11-06 19:31:46.067 V/SUMA    ( 1583): lxm:_roc_evtmgr_add_evt_into_queue 347 1942765
11-06 19:31:46.067 V/PT      ( 1583): >>INFO:irkey_task:[    1942.764875] /dev/input/event0: type=0000 code=0000 val=00000000
11-06 19:31:46.067 V/SUMA    ( 1583): ===================>> type=0 src=0 evt=40 act=0x100
11-06 19:31:46.067 V/SUMA    ( 1583): [sysset-s][event_manager_cbk 78]lxm cbid=1, cbk_reg=1, cpid=2458
11-06 19:31:46.067 D/NGBEvent( 2458): ngbEventCallBack type:0 source :40
11-06 19:31:46.067 D/NGBEvent( 2458): [NGBEventManager-JNI]-returning:1
11-06 19:31:46.067 D/NGBEvent( 2458): Input key event: keyCode=40
11-06 19:31:46.067 D/NGBEvent( 2458): src:40 = dest:40
11-06 19:31:46.067 I/System.out( 2458): [DEBUG EventManager] LWJ--Add event to java with evt=NgbEvent-[type = 1, subtype = 401, code = 40]
11-06 19:31:46.067 D/NGBEvent( 2458): [NGBEvent_log]--[EventManager--JNI]:		start
11-06 19:31:46.067 I/System.out( 2458): [DEBUG EventManager] broadcastEvent  :len 1
11-06 19:31:46.067 D/CombineKeyUtil( 2458): [TN_pool-1-thread-1]dealKeyEvent,combineIndex:-1:keyCode:20
11-06 19:31:46.067 D/KeyEventNgbDealer( 2458): [TN_pool-1-thread-1]handleKeyPressed keyEvent=NgbEvent-[type = 1, subtype = 401, code = 40],time=1942765
11-06 19:31:46.068 D/RemoteIME( 2329): onKeyDown event = KeyEvent { action=ACTION_DOWN, keyCode=KEYCODE_DPAD_DOWN, scanCode=108, metaState=0, flags=0x8, repeatCount=0, eventTime=1942764, downTime=1942764, deviceId=3, source=0x701 },mSkbContainer=null
11-06 19:31:46.068 D/Main3DActivity( 2494): [TN_main]dispatchKeyEvent event=KeyEvent { action=ACTION_DOWN, keyCode=KEYCODE_DPAD_DOWN, scanCode=108, metaState=0, flags=0x8, repeatCount=0, eventTime=1942764, downTime=1942764, deviceId=3, source=0x701 },isEventAble=true
11-06 19:31:46.068 D/InputEventConsistencyVerifier( 2494): KeyEvent: ACTION_DOWN but key is already down and this event is not a key repeat.
11-06 19:31:46.068 D/InputEventConsistencyVerifier( 2494):   in com.android.internal.policy.impl.PhoneWindow$DecorView{1a1fcd6c V.E..... R.....I. 0,0-1280,720}
11-06 19:31:46.068 D/InputEventConsistencyVerifier( 2494):   0: sent at 1942764000000, KeyEvent { action=ACTION_DOWN, keyCode=KEYCODE_DPAD_DOWN, scanCode=108, metaState=0, flags=0x8, repeatCount=0, eventTime=1942764, downTime=1942764, deviceId=3, source=0x701 }
11-06 19:31:46.068 D/InputEventConsistencyVerifier( 2494):   -- recent events --
11-06 19:31:46.068 D/InputEventConsistencyVerifier( 2494):   1: sent at 1942498000000, KeyEvent { action=ACTION_DOWN, keyCode=KEYCODE_DPAD_DOWN, scanCode=108, metaState=0, flags=0x80000008, repeatCount=0, eventTime=1942498, downTime=1942498, deviceId=3, source=0x701 }
11-06 19:31:46.068 D/InputEventConsistencyVerifier( 2494):   2: sent at 1942172000000, KeyEvent { action=ACTION_DOWN, keyCode=KEYCODE_DPAD_RIGHT, scanCode=106, metaState=0, flags=0x80000008, repeatCount=0, eventTime=1942172, downTime=1942172, deviceId=3, source=0x701 }
11-06 19:31:46.068 D/InputEventConsistencyVerifier( 2494):   3: sent at 1941656000000, KeyEvent { action=ACTION_DOWN, keyCode=KEYCODE_DPAD_RIGHT, scanCode=106, metaState=0, flags=0x80000008, repeatCount=0, eventTime=1941656, downTime=1941656, deviceId=3, source=0x701 }
11-06 19:31:46.068 D/InputEventConsistencyVerifier( 2494):   4: sent at 1941224000000, KeyEvent { action=ACTION_DOWN, keyCode=KEYCODE_DPAD_RIGHT, scanCode=106, metaState=0, flags=0x80000008, repeatCount=0, eventTime=1941224, downTime=1941224, deviceId=3, source=0x701 }
11-06 19:31:46.068 D/InputEventConsistencyVerifier( 2494):   5: sent at 1941000000000, KeyEvent { action=ACTION_DOWN, keyCode=KEYCODE_DPAD_RIGHT, scanCode=106, metaState=0, flags=0x80000008, repeatCount=0, eventTime=1941000, downTime=1941000, deviceId=3, source=0x701 }
11-06 19:31:46.068 D/BasicRootView( 2494): [TN_main]dispatchKeyEvent event=KeyEvent { action=ACTION_DOWN, keyCode=KEYCODE_DPAD_DOWN, scanCode=108, metaState=0, flags=0x80000008, repeatCount=0, eventTime=1942764, downTime=1942764, deviceId=3, source=0x701 },curRootPanel=com.suma.midware.home.third.a.a@c42406f
11-06 19:31:46.068 D/GLRootRenderer( 2494): dispatchKeyEvent event:KeyEvent { action=ACTION_DOWN, keyCode=KEYCODE_DPAD_DOWN, scanCode=108, metaState=0, flags=0x80000008, repeatCount=0, eventTime=1942764, downTime=1942764, deviceId=3, source=0x701 }:lastKeyCode:20:lastKeyAction:0:lastkeycount:0:size:0
11-06 19:31:46.079 D/BasicFigure( 2494): [TN_GLThread 73]isDrawFocused relyElement=[BaseElement@3914159e]focusScale[1.15]elementAlpha[-1.0]refectAlpha[-1.0]isFocusAble[true]shadowIndex[-1]autoJumpType[-1]uniqueID[54resSize0]rect[NULL]
11-06 19:31:46.079 D/BasicFigure( 2494): [TN_GLThread 73]isDrawFocused basicFigure=com.suma.midware.view.b.c.c@257887f
11-06 19:31:46.080 D/Scene   ( 2494): dispatchKeyEvent event:KeyEvent { action=ACTION_DOWN, keyCode=KEYCODE_DPAD_DOWN, scanCode=108, metaState=0, flags=0x80000008, repeatCount=0, eventTime=1942764, downTime=1942764, deviceId=3, source=0x701 }
11-06 19:31:46.080 D/Scene   ( 2494): dispatchKeyEvent currentFocus = com.suma.midware.view.b.c.c@2ccb5670
11-06 19:31:46.080 D/Scene   ( 2494): dispatchKeyEvent nextFocus:null
11-06 19:31:46.080 D/BasicFigure( 2494): [TN_GLThread 73]dealKeyEvent event=KeyEvent { action=ACTION_DOWN, keyCode=KEYCODE_DPAD_DOWN, scanCode=108, metaState=0, flags=0x80000008, repeatCount=0, eventTime=1942764, downTime=1942764, deviceId=3, source=0x701 }
11-06 19:31:46.081 D/MenuUtil( 2494): [TN_GLThread 73]searchVerticalFigure x=820.000,y=220.000,width=355.000,height=221.000,excludeObj=com.suma.midware.view.b.c.c@2ccb5670
11-06 19:31:46.081 D/MenuUtil( 2494): [TN_GLThread 73]isAbove y1=220.000,y2=105.000,cube1=355.0,221.0,1.0,cube2=890.0,110.0,1.0,obj3d1=com.suma.midware.view.b.c.c@2ccb5670,obj3d2=com.suma.midware.view.b.d.b@12d8546a
11-06 19:31:46.081 D/BasicFigure( 2494): [TN_GLThread 73]onFocusLost figure=com.suma.midware.view.b.c.c@2ccb5670
11-06 19:31:46.081 W/BasicRootPanel( 2494): [TN_GLThread 73]switchPanelLight lightFigure null
11-06 19:31:46.081 D/BasicFigure( 2494): [TN_GLThread 73]onFocusGain figure=com.suma.midware.view.b.c.c@25fc3c06
11-06 19:31:46.081 D/BasicFigure( 2494): [TN_GLThread 73]onFocusGain panelIndex=5,curPanelIndex=5,basicFigure=com.suma.midware.view.b.c.c@25fc3c06
11-06 19:31:46.081 D/BasicFigure( 2494): [TN_GLThread 73]onFocusLost time:1942779
11-06 19:31:46.099 D/BasicFigure( 2494): [TN_GLThread 73]isDrawFocused relyElement=[BaseElement@3914159e]focusScale[1.15]elementAlpha[-1.0]refectAlpha[-1.0]isFocusAble[true]shadowIndex[-1]autoJumpType[-1]uniqueID[54resSize0]rect[NULL]
11-06 19:31:46.099 D/BasicFigure( 2494): [TN_GLThread 73]isDrawFocused basicFigure=com.suma.midware.view.b.c.c@257887f
11-06 19:31:46.100 D/BasicFigure( 2494): [TN_GLThread 73]onFocusMoveAnim moveSpace=0.00000,x=37.5000,xOffset=0.00000
11-06 19:31:46.100 D/FixedRes( 2494): [TN_GLThread 73]getNineImgRes nineImgSize=2
11-06 19:31:46.100 W/BasicRootPanel( 2494): [TN_GLThread 73]switchPanelLight lightFigure null
11-06 19:31:46.119 D/BasicFigure( 2494): [TN_GLThread 73]isDrawFocused relyElement=[BaseElement@3914159e]focusScale[1.15]elementAlpha[-1.0]refectAlpha[-1.0]isFocusAble[true]shadowIndex[-1]autoJumpType[-1]uniqueID[54resSize0]rect[NULL]
11-06 19:31:46.119 D/BasicFigure( 2494): [TN_GLThread 73]isDrawFocused basicFigure=com.suma.midware.view.b.c.c@257887f
11-06 19:31:46.139 D/BasicFigure( 2494): [TN_GLThread 73]isDrawFocused relyElement=[BaseElement@3914159e]focusScale[1.15]elementAlpha[-1.0]refectAlpha[-1.0]isFocusAble[true]shadowIndex[-1]autoJumpType[-1]uniqueID[54resSize0]rect[NULL]
11-06 19:31:46.139 D/BasicFigure( 2494): [TN_GLThread 73]isDrawFocused basicFigure=com.suma.midware.view.b.c.c@257887f
11-06 19:31:46.160 D/BasicFigure( 2494): [TN_GLThread 73]isDrawFocused relyElement=[BaseElement@3914159e]focusScale[1.15]elementAlpha[-1.0]refectAlpha[-1.0]isFocusAble[true]shadowIndex[-1]autoJumpType[-1]uniqueID[54resSize0]rect[NULL]
11-06 19:31:46.160 D/BasicFigure( 2494): [TN_GLThread 73]isDrawFocused basicFigure=com.suma.midware.view.b.c.c@257887f
11-06 19:31:46.168 D/ir_user ( 1587): PlayerTimeLineTrace:linux_keycode:0x6c(UP),	protocol: .
11-06 19:31:46.168 V/PT      ( 1583): >>INFO:irkey_task:[    1942.865976] /dev/input/event0: type=0001 code=006c val=00000000
11-06 19:31:46.168 V/PT      ( 1583): >>INFO:irkey_send:0x3001 0x0028 up  
11-06 19:31:46.168 V/SUMA    ( 1583): ++++++++++++++  _roc_evtmgr_key_cbk 517:input = 12289, event=40, act=0x400
11-06 19:31:46.168 V/SUMA    ( 1583): lxm:_roc_evtmgr_key_cbk 519 1942866
11-06 19:31:46.168 V/SUMA    ( 1583): lxm:_roc_evtmgr_add_key_into_queue 311 1942866
11-06 19:31:46.168 V/PT      ( 1583): >>INFO:irkey_task:[    1942.865976] /dev/input/event0: type=0000 code=0000 val=00000000
11-06 19:31:46.168 V/SUMA    ( 1583): ===================>> type=0 src=0 evt=40 act=0x400
11-06 19:31:46.168 V/SUMA    ( 1583): [sysset-s][event_manager_cbk 78]lxm cbid=1, cbk_reg=1, cpid=2458
11-06 19:31:46.168 D/NGBEvent( 2458): ngbEventCallBack type:0 source :40
11-06 19:31:46.168 D/NGBEvent( 2458): [NGBEventManager-JNI]-returning:1
11-06 19:31:46.168 D/NGBEvent( 2458): Input key event: keyCode=40
11-06 19:31:46.168 D/NGBEvent( 2458): src:40 = dest:40
11-06 19:31:46.168 I/System.out( 2458): [DEBUG EventManager] LWJ--Add event to java with evt=NgbEvent-[type = 1, subtype = 402, code = 40]
11-06 19:31:46.168 D/NGBEvent( 2458): [NGBEvent_log]--[EventManager--JNI]:		start
11-06 19:31:46.168 I/System.out( 2458): [DEBUG EventManager] broadcastEvent  :len 1
11-06 19:31:46.168 D/KeyEventNgbDealer( 2458): [TN_pool-1-thread-1]handleKeyReleased keyEvent=NgbEvent-[type = 1, subtype = 402, code = 40],time=1942866
11-06 19:31:46.169 D/RemoteIME( 2329): RemoteIME--> onKeyUp keyCode = 20
11-06 19:31:46.169 D/Main3DActivity( 2494): [TN_main]dispatchKeyEvent event=KeyEvent { action=ACTION_UP, keyCode=KEYCODE_DPAD_DOWN, scanCode=108, metaState=0, flags=0x8, repeatCount=0, eventTime=1942865, downTime=1942764, deviceId=3, source=0x701 },isEventAble=true
11-06 19:31:46.179 D/BasicFigure( 2494): [TN_GLThread 73]isDrawFocused relyElement=[BaseElement@3914159e]focusScale[1.15]elementAlpha[-1.0]refectAlpha[-1.0]isFocusAble[true]shadowIndex[-1]autoJumpType[-1]uniqueID[54resSize0]rect[NULL]
11-06 19:31:46.179 D/BasicFigure( 2494): [TN_GLThread 73]isDrawFocused basicFigure=com.suma.midware.view.b.c.c@257887f
11-06 19:31:46.183 D/BackBootDealerNeimeng( 2389): standbyState:
11-06 19:31:46.183 E/NetUtils( 2018): Interface eth0 LinkDown!
11-06 19:31:46.199 D/BasicFigure( 2494): [TN_GLThread 73]isDrawFocused relyElement=[BaseElement@3914159e]focusScale[1.15]elementAlpha[-1.0]refectAlpha[-1.0]isFocusAble[true]shadowIndex[-1]autoJumpType[-1]uniqueID[54resSize0]rect[NULL]
11-06 19:31:46.199 D/BasicFigure( 2494): [TN_GLThread 73]isDrawFocused basicFigure=com.suma.midware.view.b.c.c@257887f
11-06 19:31:46.203 I/AdvancedPorting-PORT_MODULE_NET( 4787): network_task while... 
11-06 19:31:46.203 I/AdvancedPorting-PORT_MODULE_NET( 4787): 0 interface name: lo
11-06 19:31:46.203 I/AdvancedPorting-PORT_MODULE_NET( 4787): 1 interface name: wlan0
11-06 19:31:46.203 I/AdvancedPorting-PORT_MODULE_NET( 4787): First interface name: lo
11-06 19:31:46.203 I/AdvancedPorting-PORT_MODULE_NET( 4787): network_task while...  net_i:1
11-06 19:31:46.203 I/AdvancedPorting-PORT_MODULE_NET( 4787): network_task while---name_interface[0]=lo
11-06 19:31:46.203 I/AdvancedPorting-PORT_MODULE_NET( 4787): network_task while---name_interface[1]=wlan0
11-06 19:31:46.203 I/AdvancedPorting-PORT_MODULE_NET( 4787): network_task while---interface_name=wlan0
11-06 19:31:46.203 I/AdvancedPorting-PORT_MODULE_NET( 4787): network_get_netlink_status(in)--if_name=wlan0
11-06 19:31:46.203 I/AdvancedPorting-PORT_MODULE_NET( 4787): net.network.isconnected = no
11-06 19:31:46.203 I/AdvancedPorting-PORT_MODULE_NET( 4787): wlan0 --network_get_netlink_status return retval=1
11-06 19:31:46.203 I/AdvancedPorting-PORT_MODULE_NET( 4787): stat = 1 last_status = 1
11-06 19:31:46.219 D/BasicFigure( 2494): [TN_GLThread 73]isDrawFocused relyElement=[BaseElement@3914159e]focusScale[1.15]elementAlpha[-1.0]refectAlpha[-1.0]isFocusAble[true]shadowIndex[-1]autoJumpType[-1]uniqueID[54resSize0]rect[NULL]
11-06 19:31:46.219 D/BasicFigure( 2494): [TN_GLThread 73]isDrawFocused basicFigure=com.suma.midware.view.b.c.c@257887f
11-06 19:31:46.239 D/BasicFigure( 2494): [TN_GLThread 73]isDrawFocused relyElement=[BaseElement@3914159e]focusScale[1.15]elementAlpha[-1.0]refectAlpha[-1.0]isFocusAble[true]shadowIndex[-1]autoJumpType[-1]uniqueID[54resSize0]rect[NULL]
11-06 19:31:46.239 D/BasicFigure( 2494): [TN_GLThread 73]isDrawFocused basicFigure=com.suma.midware.view.b.c.c@257887f
11-06 19:31:46.259 D/BasicFigure( 2494): [TN_GLThread 73]isDrawFocused relyElement=[BaseElement@3914159e]focusScale[1.15]elementAlpha[-1.0]refectAlpha[-1.0]isFocusAble[true]shadowIndex[-1]autoJumpType[-1]uniqueID[54resSize0]rect[NULL]
11-06 19:31:46.259 D/BasicFigure( 2494): [TN_GLThread 73]isDrawFocused basicFigure=com.suma.midware.view.b.c.c@257887f
11-06 19:31:46.279 D/BasicFigure( 2494): [TN_GLThread 73]isDrawFocused relyElement=[BaseElement@3914159e]focusScale[1.15]elementAlpha[-1.0]refectAlpha[-1.0]isFocusAble[true]shadowIndex[-1]autoJumpType[-1]uniqueID[54resSize0]rect[NULL]
11-06 19:31:46.279 D/BasicFigure( 2494): [TN_GLThread 73]isDrawFocused basicFigure=com.suma.midware.view.b.c.c@257887f
11-06 19:31:46.290 D/ir_user ( 1587): PlayerTimeLineTrace:linux_keycode:0x6c(DOWN),	protocol: .
11-06 19:31:46.290 V/PT      ( 1583): >>INFO:irkey_task:[    1942.988185] /dev/input/event0: type=0001 code=006c val=00000001
11-06 19:31:46.290 V/PT      ( 1583): >>INFO:irkey_send:0x3001 0x0028 down
11-06 19:31:46.290 V/SUMA    ( 1583): ++++++++++++++  _roc_evtmgr_key_cbk 517:input = 12289, event=40, act=0x100
11-06 19:31:46.290 V/SUMA    ( 1583): lxm:_roc_evtmgr_key_cbk 519 1942988
11-06 19:31:46.290 V/SUMA    ( 1583): lxm:_roc_evtmgr_add_evt_into_queue 347 1942988
11-06 19:31:46.290 V/PT      ( 1583): >>INFO:irkey_task:[    1942.988185] /dev/input/event0: type=0000 code=0000 val=00000000
11-06 19:31:46.290 V/SUMA    ( 1583): ===================>> type=0 src=0 evt=40 act=0x100
11-06 19:31:46.290 V/SUMA    ( 1583): [sysset-s][event_manager_cbk 78]lxm cbid=1, cbk_reg=1, cpid=2458
11-06 19:31:46.290 D/NGBEvent( 2458): ngbEventCallBack type:0 source :40
11-06 19:31:46.290 D/NGBEvent( 2458): [NGBEventManager-JNI]-returning:1
11-06 19:31:46.290 D/NGBEvent( 2458): Input key event: keyCode=40
11-06 19:31:46.290 D/NGBEvent( 2458): src:40 = dest:40
11-06 19:31:46.291 I/System.out( 2458): [DEBUG EventManager] LWJ--Add event to java with evt=NgbEvent-[type = 1, subtype = 401, code = 40]
11-06 19:31:46.291 D/NGBEvent( 2458): [NGBEvent_log]--[EventManager--JNI]:		start
11-06 19:31:46.291 I/System.out( 2458): [DEBUG EventManager] broadcastEvent  :len 1
11-06 19:31:46.291 D/CombineKeyUtil( 2458): [TN_pool-1-thread-1]dealKeyEvent,combineIndex:-1:keyCode:20
11-06 19:31:46.291 D/KeyEventNgbDealer( 2458): [TN_pool-1-thread-1]handleKeyPressed keyEvent=NgbEvent-[type = 1, subtype = 401, code = 40],time=1942989
11-06 19:31:46.291 D/RemoteIME( 2329): onKeyDown event = KeyEvent { action=ACTION_DOWN, keyCode=KEYCODE_DPAD_DOWN, scanCode=108, metaState=0, flags=0x8, repeatCount=0, eventTime=1942988, downTime=1942988, deviceId=3, source=0x701 },mSkbContainer=null
11-06 19:31:46.291 D/Main3DActivity( 2494): [TN_main]dispatchKeyEvent event=KeyEvent { action=ACTION_DOWN, keyCode=KEYCODE_DPAD_DOWN, scanCode=108, metaState=0, flags=0x8, repeatCount=0, eventTime=1942988, downTime=1942988, deviceId=3, source=0x701 },isEventAble=true
11-06 19:31:46.292 D/InputEventConsistencyVerifier( 2494): KeyEvent: ACTION_DOWN but key is already down and this event is not a key repeat.
11-06 19:31:46.292 D/InputEventConsistencyVerifier( 2494):   in com.android.internal.policy.impl.PhoneWindow$DecorView{1a1fcd6c V.E..... R.....I. 0,0-1280,720}
11-06 19:31:46.292 D/InputEventConsistencyVerifier( 2494):   0: sent at 1942988000000, KeyEvent { action=ACTION_DOWN, keyCode=KEYCODE_DPAD_DOWN, scanCode=108, metaState=0, flags=0x8, repeatCount=0, eventTime=1942988, downTime=1942988, deviceId=3, source=0x701 }
11-06 19:31:46.292 D/InputEventConsistencyVerifier( 2494):   -- recent events --
11-06 19:31:46.292 D/InputEventConsistencyVerifier( 2494):   1: sent at 1942764000000, KeyEvent { action=ACTION_DOWN, keyCode=KEYCODE_DPAD_DOWN, scanCode=108, metaState=0, flags=0x80000008, repeatCount=0, eventTime=1942764, downTime=1942764, deviceId=3, source=0x701 }
11-06 19:31:46.292 D/InputEventConsistencyVerifier( 2494):   2: sent at 1942498000000, KeyEvent { action=ACTION_DOWN, keyCode=KEYCODE_DPAD_DOWN, scanCode=108, metaState=0, flags=0x80000008, repeatCount=0, eventTime=1942498, downTime=1942498, deviceId=3, source=0x701 }
11-06 19:31:46.292 D/InputEventConsistencyVerifier( 2494):   3: sent at 1942172000000, KeyEvent { action=ACTION_DOWN, keyCode=KEYCODE_DPAD_RIGHT, scanCode=106, metaState=0, flags=0x80000008, repeatCount=0, eventTime=1942172, downTime=1942172, deviceId=3, source=0x701 }
11-06 19:31:46.292 D/InputEventConsistencyVerifier( 2494):   4: sent at 1941656000000, KeyEvent { action=ACTION_DOWN, keyCode=KEYCODE_DPAD_RIGHT, scanCode=106, metaState=0, flags=0x80000008, repeatCount=0, eventTime=1941656, downTime=1941656, deviceId=3, source=0x701 }
11-06 19:31:46.292 D/InputEventConsistencyVerifier( 2494):   5: sent at 1941224000000, KeyEvent { action=ACTION_DOWN, keyCode=KEYCODE_DPAD_RIGHT, scanCode=106, metaState=0, flags=0x80000008, repeatCount=0, eventTime=1941224, downTime=1941224, deviceId=3, source=0x701 }
11-06 19:31:46.292 D/BasicRootView( 2494): [TN_main]dispatchKeyEvent event=KeyEvent { action=ACTION_DOWN, keyCode=KEYCODE_DPAD_DOWN, scanCode=108, metaState=0, flags=0x80000008, repeatCount=0, eventTime=1942988, downTime=1942988, deviceId=3, source=0x701 },curRootPanel=com.suma.midware.home.third.a.a@c42406f
11-06 19:31:46.292 D/GLRootRenderer( 2494): dispatchKeyEvent event:KeyEvent { action=ACTION_DOWN, keyCode=KEYCODE_DPAD_DOWN, scanCode=108, metaState=0, flags=0x80000008, repeatCount=0, eventTime=1942988, downTime=1942988, deviceId=3, source=0x701 }:lastKeyCode:20:lastKeyAction:0:lastkeycount:1:size:0
11-06 19:31:46.300 D/BasicFigure( 2494): [TN_GLThread 73]isDrawFocused relyElement=[BaseElement@3914159e]focusScale[1.15]elementAlpha[-1.0]refectAlpha[-1.0]isFocusAble[true]shadowIndex[-1]autoJumpType[-1]uniqueID[54resSize0]rect[NULL]
11-06 19:31:46.300 D/BasicFigure( 2494): [TN_GLThread 73]isDrawFocused basicFigure=com.suma.midware.view.b.c.c@257887f
11-06 19:31:46.301 D/Scene   ( 2494): dispatchKeyEvent event:KeyEvent { action=ACTION_DOWN, keyCode=KEYCODE_DPAD_DOWN, scanCode=108, metaState=0, flags=0x80000008, repeatCount=0, eventTime=1942988, downTime=1942988, deviceId=3, source=0x701 }
11-06 19:31:46.301 D/Scene   ( 2494): dispatchKeyEvent currentFocus = com.suma.midware.view.b.c.c@25fc3c06
11-06 19:31:46.301 D/Scene   ( 2494): dispatchKeyEvent nextFocus:null
11-06 19:31:46.301 D/BasicFigure( 2494): [TN_GLThread 73]dealKeyEvent event=KeyEvent { action=ACTION_DOWN, keyCode=KEYCODE_DPAD_DOWN, scanCode=108, metaState=0, flags=0x80000008, repeatCount=0, eventTime=1942988, downTime=1942988, deviceId=3, source=0x701 }
11-06 19:31:46.301 D/MenuUtil( 2494): [TN_GLThread 73]searchVerticalFigure x=820.000,y=456.000,width=355.000,height=221.000,excludeObj=com.suma.midware.view.b.c.c@25fc3c06
11-06 19:31:46.302 D/MenuUtil( 2494): [TN_GLThread 73]isAbove y1=456.000,y2=105.000,cube1=355.0,221.0,1.0,cube2=890.0,110.0,1.0,obj3d1=com.suma.midware.view.b.c.c@25fc3c06,obj3d2=com.suma.midware.view.b.d.b@12d8546a
11-06 19:31:46.302 D/BasicFigure( 2494): [TN_GLThread 73]onFocusLost figure=com.suma.midware.view.b.c.c@25fc3c06
11-06 19:31:46.302 W/BasicRootPanel( 2494): [TN_GLThread 73]switchPanelLight lightFigure null
11-06 19:31:46.302 D/BasicFigure( 2494): [TN_GLThread 73]onFocusGain figure=com.suma.midware.view.b.c.c@e440043
11-06 19:31:46.302 D/BasicFigure( 2494): [TN_GLThread 73]onFocusGain panelIndex=5,curPanelIndex=5,basicFigure=com.suma.midware.view.b.c.c@e440043
11-06 19:31:46.302 D/BasicFigure( 2494): [TN_GLThread 73]onFocusLost time:1942999
11-06 19:31:46.302 D/[blink]DOMTimer( 4787): [fired] 0x576994b8 timeout fired.
11-06 19:31:46.302 D/ScriptController( 4787): [executeScriptAndReturnValue] [V8] evaluate Script start. frame=0x2b761a48 url= line=1. source length=22
11-06 19:31:46.302 D/iPanel  ( 4787): iPanel.debug("checkOverlayCreated")
11-06 19:31:46.302 D/[blink]DOMTimer( 4787): [DOMTimer] 0x57699528 setTimeout 300ms, repeat:0.
11-06 19:31:46.302 D/ScriptController( 4787): [executeScriptAndReturnValue] [V8] evaluate Script end. frame=0x2b761a48 
11-06 19:31:46.319 D/BasicFigure( 2494): [TN_GLThread 73]isDrawFocused relyElement=[BaseElement@3914159e]focusScale[1.15]elementAlpha[-1.0]refectAlpha[-1.0]isFocusAble[true]shadowIndex[-1]autoJumpType[-1]uniqueID[54resSize0]rect[NULL]
11-06 19:31:46.319 D/BasicFigure( 2494): [TN_GLThread 73]isDrawFocused basicFigure=com.suma.midware.view.b.c.c@257887f
11-06 19:31:46.320 D/BasicFigure( 2494): [TN_GLThread 73]onFocusMoveAnim moveSpace=0.00000,x=37.5000,xOffset=0.00000
11-06 19:31:46.321 D/FixedRes( 2494): [TN_GLThread 73]getNineImgRes nineImgSize=2
11-06 19:31:46.321 W/BasicRootPanel( 2494): [TN_GLThread 73]switchPanelLight lightFigure null
11-06 19:31:46.339 D/BasicFigure( 2494): [TN_GLThread 73]isDrawFocused relyElement=[BaseElement@3914159e]focusScale[1.15]elementAlpha[-1.0]refectAlpha[-1.0]isFocusAble[true]shadowIndex[-1]autoJumpType[-1]uniqueID[54resSize0]rect[NULL]
11-06 19:31:46.339 D/BasicFigure( 2494): [TN_GLThread 73]isDrawFocused basicFigure=com.suma.midware.view.b.c.c@257887f
11-06 19:31:46.359 D/BasicFigure( 2494): [TN_GLThread 73]isDrawFocused relyElement=[BaseElement@3914159e]focusScale[1.15]elementAlpha[-1.0]refectAlpha[-1.0]isFocusAble[true]shadowIndex[-1]autoJumpType[-1]uniqueID[54resSize0]rect[NULL]
11-06 19:31:46.359 D/BasicFigure( 2494): [TN_GLThread 73]isDrawFocused basicFigure=com.suma.midware.view.b.c.c@257887f
11-06 19:31:46.379 D/BasicFigure( 2494): [TN_GLThread 73]isDrawFocused relyElement=[BaseElement@3914159e]focusScale[1.15]elementAlpha[-1.0]refectAlpha[-1.0]isFocusAble[true]shadowIndex[-1]autoJumpType[-1]uniqueID[54resSize0]rect[NULL]
11-06 19:31:46.379 D/BasicFigure( 2494): [TN_GLThread 73]isDrawFocused basicFigure=com.suma.midware.view.b.c.c@257887f
11-06 19:31:46.391 D/ir_user ( 1587): PlayerTimeLineTrace:linux_keycode:0x6c(UP),	protocol: .
11-06 19:31:46.391 V/PT      ( 1583): >>INFO:irkey_task:[    1943.089296] /dev/input/event0: type=0001 code=006c val=00000000
11-06 19:31:46.391 V/PT      ( 1583): >>INFO:irkey_send:0x3001 0x0028 up  
11-06 19:31:46.391 V/SUMA    ( 1583): ++++++++++++++  _roc_evtmgr_key_cbk 517:input = 12289, event=40, act=0x400
11-06 19:31:46.391 V/SUMA    ( 1583): lxm:_roc_evtmgr_key_cbk 519 1943089
11-06 19:31:46.391 V/SUMA    ( 1583): lxm:_roc_evtmgr_add_key_into_queue 311 1943089
11-06 19:31:46.391 V/PT      ( 1583): >>INFO:irkey_task:[    1943.089296] /dev/input/event0: type=0000 code=0000 val=00000000
11-06 19:31:46.391 V/SUMA    ( 1583): ===================>> type=0 src=0 evt=40 act=0x400
11-06 19:31:46.391 V/SUMA    ( 1583): [sysset-s][event_manager_cbk 78]lxm cbid=1, cbk_reg=1, cpid=2458
11-06 19:31:46.391 D/NGBEvent( 2458): ngbEventCallBack type:0 source :40
11-06 19:31:46.391 D/NGBEvent( 2458): [NGBEventManager-JNI]-returning:1
11-06 19:31:46.391 D/NGBEvent( 2458): Input key event: keyCode=40
11-06 19:31:46.392 D/NGBEvent( 2458): src:40 = dest:40
11-06 19:31:46.392 I/System.out( 2458): [DEBUG EventManager] LWJ--Add event to java with evt=NgbEvent-[type = 1, subtype = 402, code = 40]
11-06 19:31:46.392 D/NGBEvent( 2458): [NGBEvent_log]--[EventManager--JNI]:		start
11-06 19:31:46.392 I/System.out( 2458): [DEBUG EventManager] broadcastEvent  :len 1
11-06 19:31:46.392 D/KeyEventNgbDealer( 2458): [TN_pool-1-thread-1]handleKeyReleased keyEvent=NgbEvent-[type = 1, subtype = 402, code = 40],time=1943089
11-06 19:31:46.392 D/RemoteIME( 2329): RemoteIME--> onKeyUp keyCode = 20
11-06 19:31:46.392 D/Main3DActivity( 2494): [TN_main]dispatchKeyEvent event=KeyEvent { action=ACTION_UP, keyCode=KEYCODE_DPAD_DOWN, scanCode=108, metaState=0, flags=0x8, repeatCount=0, eventTime=1943089, downTime=1942988, deviceId=3, source=0x701 },isEventAble=true
11-06 19:31:46.395 I/Advanced( 4787): [QUEUE] share_queue_sendEx size:1 4097 2562 0x8fe47f30,postLoopId:0,dstid:1.
11-06 19:31:46.400 D/BasicFigure( 2494): [TN_GLThread 73]isDrawFocused relyElement=[BaseElement@3914159e]focusScale[1.15]elementAlpha[-1.0]refectAlpha[-1.0]isFocusAble[true]shadowIndex[-1]autoJumpType[-1]uniqueID[54resSize0]rect[NULL]
11-06 19:31:46.400 D/BasicFigure( 2494): [TN_GLThread 73]isDrawFocused basicFigure=com.suma.midware.view.b.c.c@257887f
11-06 19:31:46.419 D/BasicFigure( 2494): [TN_GLThread 73]isDrawFocused relyElement=[BaseElement@3914159e]focusScale[1.15]elementAlpha[-1.0]refectAlpha[-1.0]isFocusAble[true]shadowIndex[-1]autoJumpType[-1]uniqueID[54resSize0]rect[NULL]
11-06 19:31:46.419 D/BasicFigure( 2494): [TN_GLThread 73]isDrawFocused basicFigure=com.suma.midware.view.b.c.c@257887f
11-06 19:31:46.439 D/BasicFigure( 2494): [TN_GLThread 73]isDrawFocused relyElement=[BaseElement@3914159e]focusScale[1.15]elementAlpha[-1.0]refectAlpha[-1.0]isFocusAble[true]shadowIndex[-1]autoJumpType[-1]uniqueID[54resSize0]rect[NULL]
11-06 19:31:46.439 D/BasicFigure( 2494): [TN_GLThread 73]isDrawFocused basicFigure=com.suma.midware.view.b.c.c@257887f
11-06 19:31:46.459 D/BasicFigure( 2494): [TN_GLThread 73]isDrawFocused relyElement=[BaseElement@3914159e]focusScale[1.15]elementAlpha[-1.0]refectAlpha[-1.0]isFocusAble[true]shadowIndex[-1]autoJumpType[-1]uniqueID[54resSize0]rect[NULL]
11-06 19:31:46.459 D/BasicFigure( 2494): [TN_GLThread 73]isDrawFocused basicFigure=com.suma.midware.view.b.c.c@257887f
11-06 19:31:46.479 D/BasicFigure( 2494): [TN_GLThread 73]isDrawFocused relyElement=[BaseElement@3914159e]focusScale[1.15]elementAlpha[-1.0]refectAlpha[-1.0]isFocusAble[true]shadowIndex[-1]autoJumpType[-1]uniqueID[54resSize0]rect[NULL]
11-06 19:31:46.479 D/BasicFigure( 2494): [TN_GLThread 73]isDrawFocused basicFigure=com.suma.midware.view.b.c.c@257887f
11-06 19:31:46.499 D/BasicFigure( 2494): [TN_GLThread 73]isDrawFocused relyElement=[BaseElement@3914159e]focusScale[1.15]elementAlpha[-1.0]refectAlpha[-1.0]isFocusAble[true]shadowIndex[-1]autoJumpType[-1]uniqueID[54resSize0]rect[NULL]
11-06 19:31:46.499 D/BasicFigure( 2494): [TN_GLThread 73]isDrawFocused basicFigure=com.suma.midware.view.b.c.c@257887f
11-06 19:31:46.523 D/BasicFigure( 2494): [TN_GLThread 73]isDrawFocused relyElement=[BaseElement@3914159e]focusScale[1.15]elementAlpha[-1.0]refectAlpha[-1.0]isFocusAble[true]shadowIndex[-1]autoJumpType[-1]uniqueID[54resSize0]rect[NULL]
11-06 19:31:46.523 D/BasicFigure( 2494): [TN_GLThread 73]isDrawFocused basicFigure=com.suma.midware.view.b.c.c@257887f
11-06 19:31:46.546 D/BasicFigure( 2494): [TN_GLThread 73]isDrawFocused relyElement=[BaseElement@3914159e]focusScale[1.15]elementAlpha[-1.0]refectAlpha[-1.0]isFocusAble[true]shadowIndex[-1]autoJumpType[-1]uniqueID[54resSize0]rect[NULL]
11-06 19:31:46.546 D/BasicFigure( 2494): [TN_GLThread 73]isDrawFocused basicFigure=com.suma.midware.view.b.c.c@257887f
11-06 19:31:46.564 D/BasicFigure( 2494): [TN_GLThread 73]isDrawFocused relyElement=[BaseElement@3914159e]focusScale[1.15]elementAlpha[-1.0]refectAlpha[-1.0]isFocusAble[true]shadowIndex[-1]autoJumpType[-1]uniqueID[54resSize0]rect[NULL]
11-06 19:31:46.564 D/BasicFigure( 2494): [TN_GLThread 73]isDrawFocused basicFigure=com.suma.midware.view.b.c.c@257887f
11-06 19:31:46.583 D/BasicFigure( 2494): [TN_GLThread 73]isDrawFocused relyElement=[BaseElement@3914159e]focusScale[1.15]elementAlpha[-1.0]refectAlpha[-1.0]isFocusAble[true]shadowIndex[-1]autoJumpType[-1]uniqueID[54resSize0]rect[NULL]
11-06 19:31:46.583 D/BasicFigure( 2494): [TN_GLThread 73]isDrawFocused basicFigure=com.suma.midware.view.b.c.c@257887f
11-06 19:31:46.596 I/Advanced( 4787): [QUEUE] share_queue_sendEx size:1 4097 2563 0x8fe47f30,postLoopId:0,dstid:1.
11-06 19:31:46.603 D/BasicFigure( 2494): [TN_GLThread 73]isDrawFocused relyElement=[BaseElement@3914159e]focusScale[1.15]elementAlpha[-1.0]refectAlpha[-1.0]isFocusAble[true]shadowIndex[-1]autoJumpType[-1]uniqueID[54resSize0]rect[NULL]
11-06 19:31:46.603 D/BasicFigure( 2494): [TN_GLThread 73]isDrawFocused basicFigure=com.suma.midware.view.b.c.c@257887f
11-06 19:31:46.623 D/BasicFigure( 2494): [TN_GLThread 73]isDrawFocused relyElement=[BaseElement@3914159e]focusScale[1.15]elementAlpha[-1.0]refectAlpha[-1.0]isFocusAble[true]shadowIndex[-1]autoJumpType[-1]uniqueID[54resSize0]rect[NULL]
11-06 19:31:46.623 D/BasicFigure( 2494): [TN_GLThread 73]isDrawFocused basicFigure=com.suma.midware.view.b.c.c@257887f
11-06 19:31:46.645 D/BasicFigure( 2494): [TN_GLThread 73]isDrawFocused relyElement=[BaseElement@3914159e]focusScale[1.15]elementAlpha[-1.0]refectAlpha[-1.0]isFocusAble[true]shadowIndex[-1]autoJumpType[-1]uniqueID[54resSize0]rect[NULL]
11-06 19:31:46.645 D/BasicFigure( 2494): [TN_GLThread 73]isDrawFocused basicFigure=com.suma.midware.view.b.c.c@257887f
11-06 19:31:46.666 D/BasicFigure( 2494): [TN_GLThread 73]isDrawFocused relyElement=[BaseElement@3914159e]focusScale[1.15]elementAlpha[-1.0]refectAlpha[-1.0]isFocusAble[true]shadowIndex[-1]autoJumpType[-1]uniqueID[54resSize0]rect[NULL]
11-06 19:31:46.666 D/BasicFigure( 2494): [TN_GLThread 73]isDrawFocused basicFigure=com.suma.midware.view.b.c.c@257887f
11-06 19:31:46.683 D/BackBootDealerNeimeng( 2389): standbyState:
11-06 19:31:46.684 E/NetUtils( 2018): Interface eth0 LinkDown!
11-06 19:31:46.687 D/BasicFigure( 2494): [TN_GLThread 73]isDrawFocused relyElement=[BaseElement@3914159e]focusScale[1.15]elementAlpha[-1.0]refectAlpha[-1.0]isFocusAble[true]shadowIndex[-1]autoJumpType[-1]uniqueID[54resSize0]rect[NULL]
11-06 19:31:46.687 D/BasicFigure( 2494): [TN_GLThread 73]isDrawFocused basicFigure=com.suma.midware.view.b.c.c@257887f
11-06 19:31:46.706 D/BasicFigure( 2494): [TN_GLThread 73]isDrawFocused relyElement=[BaseElement@3914159e]focusScale[1.15]elementAlpha[-1.0]refectAlpha[-1.0]isFocusAble[true]shadowIndex[-1]autoJumpType[-1]uniqueID[54resSize0]rect[NULL]
11-06 19:31:46.706 D/BasicFigure( 2494): [TN_GLThread 73]isDrawFocused basicFigure=com.suma.midware.view.b.c.c@257887f
11-06 19:31:46.726 D/BasicFigure( 2494): [TN_GLThread 73]isDrawFocused relyElement=[BaseElement@3914159e]focusScale[1.15]elementAlpha[-1.0]refectAlpha[-1.0]isFocusAble[true]shadowIndex[-1]autoJumpType[-1]uniqueID[54resSize0]rect[NULL]
11-06 19:31:46.726 D/BasicFigure( 2494): [TN_GLThread 73]isDrawFocused basicFigure=com.suma.midware.view.b.c.c@257887f
11-06 19:31:46.881 D/ir_user ( 1587): PlayerTimeLineTrace:linux_keycode:0x6a(DOWN),	protocol: .
11-06 19:31:46.881 V/PT      ( 1583): >>INFO:irkey_task:[    1943.579174] /dev/input/event0: type=0001 code=006a val=00000001
11-06 19:31:46.881 V/PT      ( 1583): >>INFO:irkey_send:0x3001 0x0027 down
11-06 19:31:46.881 V/SUMA    ( 1583): ++++++++++++++  _roc_evtmgr_key_cbk 517:input = 12289, event=39, act=0x100
11-06 19:31:46.881 V/SUMA    ( 1583): lxm:_roc_evtmgr_key_cbk 519 1943579
11-06 19:31:46.881 V/SUMA    ( 1583): lxm:_roc_evtmgr_add_evt_into_queue 347 1943579
11-06 19:31:46.881 V/SUMA    ( 1583): ===================>> type=0 src=0 evt=39 act=0x100
