11-06 19:31:42.245 D/DataBaseManager( 2494): [TN_main]getAttrList comparatorMode=-1,comparatorType=-1,termType=10
11-06 19:31:42.246 D/DataBaseManager( 2494): [TN_main]getAttrList comparatorMode=-1,comparatorType=-1,termType=10
11-06 19:31:42.246 D/DataBaseManager( 2494): [TN_main]getAttrList comparatorMode=-1,comparatorType=-1,termType=10
11-06 19:31:42.246 D/DataBaseManager( 2494): [TN_main]getAttrList comparatorMode=-1,comparatorType=-1,termType=10
11-06 19:31:42.246 D/DataBaseManager( 2494): [TN_main]getAttrList comparatorMode=-1,comparatorType=-1,termType=10
11-06 19:31:42.246 D/DataBaseManager( 2494): [TN_main]getAttrList comparatorMode=-1,comparatorType=-1,termType=10
11-06 19:31:42.246 D/DataBaseManager( 2494): [TN_main]getAttrList comparatorMode=-1,comparatorType=-1,termType=10
11-06 19:31:42.246 D/DataBaseManager( 2494): [TN_main]getAttrList comparatorMode=-1,comparatorType=-1,termType=10
11-06 19:31:42.246 D/DataBaseManager( 2494): [TN_main]getAttrList comparatorMode=-1,comparatorType=-1,termType=10
11-06 19:31:42.247 D/DataBaseManager( 2494): [TN_main]getAttrList comparatorMode=-1,comparatorType=-1,termType=5
11-06 19:31:42.249 D/DataBase( 2389): [TN_Binder_2]getCurChannel index=0,lastChannelNum=2,database=com.suma.midware.back.database.neimeng.DirectDataBaseNeimeng@21bc66f8
11-06 19:31:42.249 D/DataBase( 2389): [TN_Binder_2]getCurChannel index=0,curChannel=[DirectChannel@32501b]channelID[0]oNetID[1]tsID[31]serviceID[3102]freq[371000]name[CCTV-1高清]serviceType[8]attr[8192]serialNum[1]serialNum4[1]pcrPID[49]refServiceID[-1]
11-06 19:31:42.250 D/ChannelHandler( 2494): [TN_main]update curChannel=[DirectChannel@32501b]channelID[0]oNetID[1]tsID[31]serviceID[3102]freq[371000]name[CCTV-1高清]serviceType[8]attr[8192]serialNum[1]serialNum4[1]pcrPID[49]refServiceID[-1]
11-06 19:31:42.250 D/SysEventHandler( 2389): [TN_Binder_1]addEventListener binder=android.os.BinderProxy@34e3bcd5
11-06 19:31:42.250 D/DataBaseHandler( 2389): [TN_Binder_3]addDataListener binder=android.os.BinderProxy@a3e7cea
11-06 19:31:42.251 D/PlayerHandler( 2389): [TN_Binder_4]addPlayListener binder=android.os.BinderProxy@2da6abdb
11-06 19:31:42.254 D/ChannelHandler( 2494): [TN_main]start userChannelinfo=
11-06 19:31:42.255 W/ContextImpl( 2494): Calling a method in the system process without a qualified user: android.app.ContextImpl.sendBroadcast:1345 android.content.ContextWrapper.sendBroadcast:377 com.suma.midware.view.ext.BluetoothUpdate.b:-1 com.suma.midware.home.third.Main3DActivity.onResume:-1 android.app.Instrumentation.callActivityOnResume:1257 
11-06 19:31:42.256 E/NetUtils( 2018): Interface eth0 LinkDown!
11-06 19:31:42.256 D/NetUpdate( 2494): [TN_main]checkNetState state=1
11-06 19:31:42.256 D/Main3DActivity( 2494): [TN_main]onResume curPanel=com.suma.midware.home.third.a.a@c42406f,intent=Intent { act=android.intent.action.MAIN cat=[android.intent.category.HOME] flg=0x10600000 cmp=com.suma.midware.home/.third.Main3DActivity },appStartMode=0
11-06 19:31:42.256 D/GLRootView( 2494): doAction isPause:false:isCreated:true:isPaused:false
11-06 19:31:42.257 D/SoundAndroidAdmin( 2389): [TN_Binder_5]isMute state=false
11-06 19:31:42.258 D/Main3DActivity( 2494): [TN_main]onResume endTime=1938955,isEventDeal=true
11-06 19:31:42.258 W/ContextImpl( 2494): Calling a method in the system process without a qualified user: android.app.ContextImpl.sendBroadcast:1345 android.content.ContextWrapper.sendBroadcast:377 android.app.ActivityThread.performResumeActivity:2982 android.app.ActivityThread.handleResumeActivity:3023 android.app.ActivityThread$H.handleMessage:1347 
11-06 19:31:42.263 D/GLRootView( 2494): surfaceCreated holder:android.view.SurfaceView$4@15925613
11-06 19:31:42.266 D/SUMA_ENGINE3d( 2494):  thread[GLThread 73] onSurfaceChanged w: 1280, h : 720
11-06 19:31:42.266 D/SUMA_ENGINE3d( 2494):  thread[GLThread 73] onSurfaceChanged startModeTime:1938963
11-06 19:31:42.266 D/SUMA_ENGINE3d( 2494):  thread[GLThread 73] onSurfaceChanged endTime:1938964
11-06 19:31:42.268 D/TextureManager( 2494): deleteTexture key:19:23_24_-1711276033_0_5.0_3.0_3.0_-7829368:textureID:23
11-06 19:31:42.269 D/BasicRootPanel( 2494): [TN_GLThread 73]updateMultiState type=1,state=1
11-06 19:31:42.269 D/MultiStateFigure( 2494): [TN_GLThread 73]setWorkState workState=1,this.workState=1
11-06 19:31:42.269 W/MultiStateFigure( 2494): [TN_GLThread 73]setWorkState same workState=1
11-06 19:31:42.269 D/BasicRootView( 2494): [TN_GLThread 73]switchRootPanel panelIndex=0,isAnim=false,subPanelIndex=-1
11-06 19:31:42.269 D/BasicRootView( 2494): [TN_GLThread 73]switchRootPanel isFirst=false,curPanel=com.suma.midware.home.third.a.a@c42406f
11-06 19:31:42.269 D/BasicRootPanel( 2494): [TN_GLThread 73]hidePanel curPanelIndex=5,lastFocus=false,panelSize=7
11-06 19:31:42.269 D/BasicRootPanel( 2494): [TN_GLThread 73]hidePanel basicFigure=com.suma.midware.view.b.c.c@330bdf24
11-06 19:31:42.269 D/BasicFigure( 2494): [TN_GLThread 73]onFocusLost figure=com.suma.midware.view.b.c.c@330bdf24
11-06 19:31:42.269 W/BasicRootPanel( 2494): [TN_GLThread 73]switchPanelLight lightFigure null
11-06 19:31:42.269 D/HomePanel( 2494): [TN_GLThread 73]dealPanelShow subPanelIndex=-1,size=7
11-06 19:31:42.270 D/HomePanel( 2494): [TN_GLThread 73]dealPanelShow curPanelIndex=5,lastFocus=false,subPanelIndex=0,subFocusIndex=0
11-06 19:31:42.270 W/BasicRootPanel( 2494): [TN_GLThread 73]changeBgAttr coverImgRes null
11-06 19:31:42.270 D/FixedRes( 2494): [TN_GLThread 73]getNineImgRes nineImgSize=2
11-06 19:31:42.270 D/BasicColumn( 2494): [TN_GLThread 73]moveFocus xOffset=151.000,yOffset=139.000
11-06 19:31:42.270 D/BasicColumn( 2494): [TN_GLThread 73]onFocus isFocus=false,index=0,nextIndex=-1
11-06 19:31:42.270 D/FixedRes( 2494): [TN_GLThread 73]getNineImgRes nineImgSize=2
11-06 19:31:42.270 D/BasicColumn( 2494): [TN_GLThread 73]moveFocus xOffset=151.000,yOffset=139.000
11-06 19:31:42.270 D/BasicFigure( 2494): [TN_GLThread 73]onFocusGain figure=com.suma.midware.view.b.c.p@1104ec6d
11-06 19:31:42.270 D/BasicFigure( 2494): [TN_GLThread 73]onFocusGain panelIndex=0,curPanelIndex=0,basicFigure=com.suma.midware.view.b.c.p@1104ec6d
11-06 19:31:42.271 D/BasicFigure( 2494): [TN_GLThread 73]dealFocusGainAnim scaleLargeAnim null
11-06 19:31:42.271 D/BasicRootPanel( 2494): [TN_GLThread 73]isPlayAble curBasicPanel=com.suma.midware.view.b.d.d@1de47414
11-06 19:31:42.271 D/BasicPanel( 2494): [TN_GLThread 73]isPlayAble xOffset=0.00000
11-06 19:31:42.271 D/ChannelHandler( 2494): [TN_GLThread 73]startPlay isForce=true,curChannel=[DirectChannel@32501b]channelID[0]oNetID[1]tsID[31]serviceID[3102]freq[371000]name[CCTV-1高清]serviceType[8]attr[8192]serialNum[1]serialNum4[1]pcrPID[49]refServiceID[-1]
11-06 19:31:42.271 E/DataBaseManager( 2494): [TN_GLThread 73]getChannel2 noExist channel=[DirectChannel@33889b]channelID[-1]oNetID[1]tsID[31]serviceID[3102]freq[451000]name[null]serviceType[1]attr[0]serialNum[0]serialNum4[0]pcrPID[0]refServiceID[-1]
11-06 19:31:42.271 D/ChannelHandler( 2494): [TN_GLThread 73]startPlay configDesChannel=[DirectChannel@33889b]channelID[-1]oNetID[1]tsID[31]serviceID[3102]freq[451000]name[null]serviceType[1]attr[0]serialNum[0]serialNum4[0]pcrPID[0]refServiceID[-1],temp=null
11-06 19:31:42.271 D/PlayNgbDealer( 2389): [TN_Binder_2]findPlayer index=0,findType=0,channelIndex=0
11-06 19:31:42.271 E/PlayNgbDealer( 2389): [TN_Binder_2]getChannel index=0 player null
11-06 19:31:42.272 D/PlayTask( 2494): [TN_GLThread 73]isLegal playerType=-1,view=com.suma.midware.view.widget2d.CustomSurfaceView{39bbc949 V.E..... ......I. 49,141-498,393}
11-06 19:31:42.272 D/PlayerManager( 2494): [TN_GLThread 73]addPlayTask playTask=[PlayDirectTask@ea11b7e]playTaskType[0]playType[0]playerType[-1]isEcmSet[true]playerIndex[0]tunerIndex[0]channel[[DirectChannel@32501b]channelID[0]oNetID[1]tsID[31]serviceID[3102]freq[371000]name[CCTV-1高清]serviceType[8]attr[8192]serialNum[1]serialNum4[1]pcrPID[49]refServiceID[-1]],state=0
11-06 19:31:42.273 D/PlayNgbDealer( 2389): [TN_Binder_5]startPlayAsyTask index=0,channel=[DirectChannel@32501b]channelID[0]oNetID[1]tsID[31]serviceID[3102]freq[371000]name[CCTV-1高清]serviceType[8]attr[8192]serialNum[1]serialNum4[1]pcrPID[49]refServiceID[-1]
11-06 19:31:42.273 D/PlayNgbDealer( 2389): [TN_Binder_5]findPlayer index=0,findType=2,channelIndex=0
11-06 19:31:42.273 E/PlayNgbDealer( 2389): [TN_Binder_5]startPlayAsyTask index=0 player null
11-06 19:31:42.274 D/PlayExcuter( 2494): [TN_GLThread 73]notifyPlay type=0,curType=-2,cancelType=-1,cancelVideoType=-1,isResetData=false,task=[PlayDirectTask@ea11b7e]playTaskType[0]playType[0]playerType[-1]isEcmSet[true]playerIndex[0]tunerIndex[0]channel[[DirectChannel@32501b]channelID[0]oNetID[1]tsID[31]serviceID[3102]freq[371000]name[CCTV-1高清]serviceType[8]attr[8192]serialNum[1]serialNum4[1]pcrPID[49]refServiceID[-1]],this.task=null,indexs=null
11-06 19:31:42.274 D/PlayExcuter( 2494): [TN_GLThread 73]mergeTask sourceTask=null,destiTask=[PlayDirectTask@ea11b7e]playTaskType[0]playType[0]playerType[-1]isEcmSet[true]playerIndex[0]tunerIndex[0]channel[[DirectChannel@32501b]channelID[0]oNetID[1]tsID[31]serviceID[3102]freq[371000]name[CCTV-1高清]serviceType[8]attr[8192]serialNum[1]serialNum4[1]pcrPID[49]refServiceID[-1]]
11-06 19:31:42.274 D/BasicFigure( 2494): [TN_GLThread 73]onFocusLost time:1938972
11-06 19:31:42.274 D/PlayExcuter( 2494): [TN_ThreadUtil-2]excuteTask task=[PlayDirectTask@ea11b7e]playTaskType[0]playType[0]playerType[-1]isEcmSet[true]playerIndex[0]tunerIndex[0]channel[[DirectChannel@32501b]channelID[0]oNetID[1]tsID[31]serviceID[3102]freq[371000]name[CCTV-1高清]serviceType[8]attr[8192]serialNum[1]serialNum4[1]pcrPID[49]refServiceID[-1]]
11-06 19:31:42.274 D/PlayExcuter( 2494): [TN_ThreadUtil-2]excuteTask curExcuter=com.suma.midware.prop.play.PlayDirectExcuter@126d48df
11-06 19:31:42.274 D/PlayDirectExcuter( 2494): [TN_ThreadUtil-2]play task=[PlayDirectTask@ea11b7e]playTaskType[0]playType[0]playerType[-1]isEcmSet[true]playerIndex[0]tunerIndex[0]channel[[DirectChannel@32501b]channelID[0]oNetID[1]tsID[31]serviceID[3102]freq[371000]name[CCTV-1高清]serviceType[8]attr[8192]serialNum[1]serialNum4[1]pcrPID[49]refServiceID[-1]],curType=-1
11-06 19:31:42.275 D/PlayNgbDealer( 2389): [TN_Binder_2]setPlayerChannel index=0,channelIndex=0
11-06 19:31:42.275 D/PlayNgbDealer( 2389): [TN_Binder_2]findPlayer index=0,findType=0,channelIndex=0
11-06 19:31:42.275 E/PlayNgbDealer( 2389): [TN_Binder_2]setPlayerChannel index=0 player null
11-06 19:31:42.275 D/PlayExcuter( 2494): [TN_ThreadUtil-2]dealPlayStop task=[PlayDirectTask@ea11b7e]playTaskType[0]playType[0]playerType[-1]isEcmSet[true]playerIndex[0]tunerIndex[0]channel[[DirectChannel@32501b]channelID[0]oNetID[1]tsID[31]serviceID[3102]freq[371000]name[CCTV-1高清]serviceType[8]attr[8192]serialNum[1]serialNum4[1]pcrPID[49]refServiceID[-1]],curType=-1,playerIndex=0,playDealer=com.suma.midware.prop.play.b@2a6eb105
11-06 19:31:42.275 D/PlayNgbDealer( 2389): [TN_Binder_1]findPlayer index=0,findType=0,channelIndex=0
11-06 19:31:42.275 E/PlayNgbDealer( 2389): [TN_Binder_1]getPlayerState index=0 player null
11-06 19:31:42.275 D/PlayExcuter( 2494): [TN_ThreadUtil-2]dealSurface task=[PlayDirectTask@ea11b7e]playTaskType[0]playType[0]playerType[-1]isEcmSet[true]playerIndex[0]tunerIndex[0]channel[[DirectChannel@32501b]channelID[0]oNetID[1]tsID[31]serviceID[3102]freq[371000]name[CCTV-1高清]serviceType[8]attr[8192]serialNum[1]serialNum4[1]pcrPID[49]refServiceID[-1]],curType=-1,playDealer=com.suma.midware.prop.play.b@2a6eb105,view=com.suma.midware.view.widget2d.CustomSurfaceView{39bbc949 V.E..... ......I. 49,141-498,393}
11-06 19:31:42.275 D/PlayExcuter( 2494): [TN_ThreadUtil-2]dealSurface surface=Surface(name=null)/@0x39ef155a,curSurface=Surface(name=null)/@0x39ef155a,curRect=Rect(49, 141 - 498, 393)
11-06 19:31:42.276 D/PlayNgbDealer( 2389): [TN_Binder_4]playStop index=0,stopType=0,stopMode=1,isEcmSet=false,isCaRelease=false,isStreamReset=true
11-06 19:31:42.276 D/PlayNgbDealer( 2389): [TN_Binder_4]findPlayer index=0,findType=0,channelIndex=0
11-06 19:31:42.277 E/PlayNgbDealer( 2389): [TN_Binder_4]playStop index=0 player null
11-06 19:31:42.277 D/TunerNgbDealer( 2389): [TN_Binder_5]scanFreqImpl 0 channel=[DirectChannel@32501b]channelID[0]oNetID[1]tsID[31]serviceID[3102]freq[371000]name[CCTV-1高清]serviceType[8]attr[8192]serialNum[1]serialNum4[1]pcrPID[49]refServiceID[-1],isAsy=true
11-06 19:31:42.277 D/TunerNgbDealer( 2389): [TN_Binder_5]reserveTuner 0 tunerDes=[TunerDes@8f68708]isLock[false]isReserve[true]nHandle[0]moduleName[null]ni[org.davic.net.tuning.NetworkInterface@264c1ea1]nic[org.ngb.broadcast.dvb.tuning.DvbNetworkInterfaceController@114448c6]ds[[CableDeliverySystem@1544d8dd]freq[371000]fecOuter[0]modulation[3]symbolRate[6875]fecInner[0]]
11-06 19:31:42.278 D/tuning  ( 2389): ^^^^ts.type=0x44
11-06 19:31:42.278 D/tuning  ( 2389): ^^^^call tuner with type=0x44, freq=371000, symbolRate=6875, modulation=3,pos = 0
11-06 19:31:42.278 D/tuning  ( 2389): ^^^^Calling tune with freq=371000, symbol=6875, modulation=3
11-06 19:31:42.278 V/SUMA    ( 2389): [vtuner-c][vtuner_scanning 219]enter! 
11-06 19:31:42.278 V/SUMA    ( 1583): [vtuner-s][onTransact]enter!!! TRANS_CODE_VTUNER_SCAN
11-06 19:31:42.278 V/SUMA    ( 1583): [VTUNER] vtuner_scanning() enter !!! freq=[371000 6875 3] type=0 index=0
11-06 19:31:42.278 V/SUMA    ( 1583): >> Roc_Tuner_CableScanning beginning : time = 1938976 ms 
11-06 19:31:42.278 V/SUMA    ( 1583): [VTUNER] resman_tuner_lock() leave !!! tuner id=0 ret=0
11-06 19:31:42.278 V/SUMA    ( 1583): [VTUNER] vtuner_scanning() leave!!! tuner_index=0 ret=0
11-06 19:31:42.278 V/SUMA    ( 1583): [vtuner-s][onTransact]leave!!! TRANS_CODE_VTUNER_SCAN tuner_index=0x0 ret=0
11-06 19:31:42.278 V/SUMA    ( 2389): [vtuner-c][vtuner_scanning 234]leave! tuner_index=0 ret=0 
11-06 19:31:42.278 D/tuning  ( 2389): cable. result=0
11-06 19:31:42.278 I/System.out( 2389): [DEBUG networkInterface] You see: NI listener's size=1
11-06 19:31:42.278 D/SysEventBaseDealer( 2389): [TN_Binder_2]resetSignalState index=0,infos=[Lcom.suma.midware.back.sysevent.g;@28829b04
11-06 19:31:42.278 D/TunerNgbDealer( 2389): [TN_Thread-131]receiveNIEvent event=org.davic.net.tuning.NetworkInterfaceTuningEvent[source=org.davic.net.tuning.NetworkInterface@264c1ea1]
11-06 19:31:42.279 D/SysEventBaseDealer( 2389): [TN_Binder_2]resetSignalState index=0,info=[PlayStateInfo@105f244b]index[0]signalState[1]caState[-1]caErrCode[0]channel[null]
11-06 19:31:42.280 D/SoundAndroidAdmin( 2389): [TN_Binder_1]checkVolume volume=70,nowVolume=11,maxVolume=15,lastVolume=11
11-06 19:31:42.280 D/SoundNgbAdmin( 2389): [TN_Binder_1]setVolume volume=70,isEffect=false,result=true
11-06 19:31:42.280 V/SUMA    ( 1583): roc_ss_get_item:get ROC_SYSSET_MUTE OK 
11-06 19:31:42.281 D/SoundNgbAdmin( 2389): [TN_Binder_1]isMute state=false
11-06 19:31:42.281 D/SoundAndroidAdmin( 2389): [TN_Binder_1]setVolume volume=70,isMute=false,isEffect=false,maxVolume=15,lastVolume=11
11-06 19:31:42.281 V/SUMA    ( 1583): roc_ss_set_item:set ROC_SYSSET_TRACK OK 
11-06 19:31:42.281 D/SoundNgbAdmin( 2389): [TN_Binder_3]setTrack track=1,result=true
11-06 19:31:42.281 D/SoundAndroidAdmin( 2389): [TN_Binder_3]setTrack track=1
11-06 19:31:42.282 D/TextureManager( 2494): loadTexture name:19:31_24_-1711276033_0_5.0_3.0_3.0_-7829368:textureID:23:recordSize:null
11-06 19:31:42.288 V/SUMA    ( 1583): Roc_ResMan_Tuner_Modify(index=0)[new: 371000, old: 371000 ver=123]. 
11-06 19:31:42.288 V/PT      ( 1583): >> HI3798C_INFO:rocme_porting_tuner_scanning- 
11-06 19:31:42.288 V/PT      ( 1583): Freq = 371000, Sym = 6875, QAM = 3 
11-06 19:31:42.288 V/PT      ( 1583):  
11-06 19:31:42.288 D/BasicFigure( 2494): [TN_GLThread 73]isDrawFocused relyElement=[BaseElement@3914159e]focusScale[1.15]elementAlpha[-1.0]refectAlpha[-1.0]isFocusAble[true]shadowIndex[-1]autoJumpType[-1]uniqueID[54resSize0]rect[NULL]
11-06 19:31:42.288 D/BasicFigure( 2494): [TN_GLThread 73]isDrawFocused basicFigure=com.suma.midware.view.b.c.c@257887f
11-06 19:31:42.292 D/[blink]DOMTimer( 4787): [fired] 0x576992f8 timeout fired.
11-06 19:31:42.292 D/ScriptController( 4787): [executeScriptAndReturnValue] [V8] evaluate Script start. frame=0x2b761a48 url= line=1. source length=22
11-06 19:31:42.292 D/iPanel  ( 4787): iPanel.debug("checkOverlayCreated")
11-06 19:31:42.292 D/[blink]DOMTimer( 4787): [DOMTimer] 0x57699368 setTimeout 300ms, repeat:0.
11-06 19:31:42.292 D/ScriptController( 4787): [executeScriptAndReturnValue] [V8] evaluate Script end. frame=0x2b761a48 
11-06 19:31:42.298 D/SUMA_ENGINE3d( 2494):  thread[GLThread 73] onSurfaceChanged w: 1280, h : 720
11-06 19:31:42.298 D/SUMA_ENGINE3d( 2494):  thread[GLThread 73] onSurfaceChanged startModeTime:1938995
11-06 19:31:42.299 D/SUMA_ENGINE3d( 2494):  thread[GLThread 73] onSurfaceChanged endTime:1938996
11-06 19:31:42.299 D/BasicFigure( 2494): [TN_GLThread 73]onFocusMoveAnim moveSpace=0.00000,x=-549.000,xOffset=0.00000
11-06 19:31:42.299 D/FixedRes( 2494): [TN_GLThread 73]getNineImgRes nineImgSize=2
11-06 19:31:42.299 W/BasicRootPanel( 2494): [TN_GLThread 73]switchPanelLight lightFigure null
11-06 19:31:42.308 D/BasicFigure( 2494): [TN_GLThread 73]isDrawFocused relyElement=[BaseElement@3914159e]focusScale[1.15]elementAlpha[-1.0]refectAlpha[-1.0]isFocusAble[true]shadowIndex[-1]autoJumpType[-1]uniqueID[54resSize0]rect[NULL]
11-06 19:31:42.308 D/BasicFigure( 2494): [TN_GLThread 73]isDrawFocused basicFigure=com.suma.midware.view.b.c.c@257887f
11-06 19:31:42.309 D/GLRootView( 2494): surfaceChanged holder:android.view.SurfaceView$4@15925613:format:-3:width:1280:height:720
11-06 19:31:42.314 I/OpenGLRenderer( 2494): Initialized EGL, version 1.4
11-06 19:31:42.330 D/ChannelHandler( 2494): [TN_main]handleMessage note=SIGNAL
11-06 19:31:42.332 D/RemoteIME( 2329): onFinishInput.
11-06 19:31:42.332 D/RemoteIME( 2329): onStartInput  ccontentType: 0 Restarting:false
11-06 19:31:42.333 D/BasicFigure( 2494): [TN_GLThread 73]isDrawFocused relyElement=[BaseElement@3914159e]focusScale[1.15]elementAlpha[-1.0]refectAlpha[-1.0]isFocusAble[true]shadowIndex[-1]autoJumpType[-1]uniqueID[54resSize0]rect[NULL]
11-06 19:31:42.333 D/BasicFigure( 2494): [TN_GLThread 73]isDrawFocused basicFigure=com.suma.midware.view.b.c.c@257887f
11-06 19:31:42.335 D/BasicRootPanel( 2494): [TN_GLThread 73]getTVFigure curBasicPanel=com.suma.midware.view.b.d.d@1de47414
11-06 19:31:42.335 D/FixedRes( 2494): [TN_GLThread 73]getTVNoteTexture tvNoteType=3,tvNoteSubType=0
11-06 19:31:42.349 D/TextureManager( 2494): loadTexture name:系统无信号_36_-1_0_5.0_3.0_3.0_-7829368:textureID:99:recordSize:null
11-06 19:31:42.351 D/BasicFigure( 2494): [TN_GLThread 73]isDrawFocused relyElement=[BaseElement@3914159e]focusScale[1.15]elementAlpha[-1.0]refectAlpha[-1.0]isFocusAble[true]shadowIndex[-1]autoJumpType[-1]uniqueID[54resSize0]rect[NULL]
11-06 19:31:42.351 D/BasicFigure( 2494): [TN_GLThread 73]isDrawFocused basicFigure=com.suma.midware.view.b.c.c@257887f
11-06 19:31:42.352 I/Advanced( 4787): [QUEUE] share_queue_sendEx size:1 4097 2542 0x8fe47f30,postLoopId:0,dstid:1.
11-06 19:31:42.356 D/cr_AwTestContainerView.HardwareView( 4787): [AwTestContainerView.java:96] surfaceDestroyed
11-06 19:31:42.357 D/cr_AwTestContainerView( 4787): [AwTestContainerView.java:63] [mainFrame]: detachedContentsInternal
11-06 19:31:42.357 I/cr_AwContents( 4787): org.chromium.android_webview.AwContents@c61d4c onDetachedFromWindow
11-06 19:31:42.357 I/cr_AwContents( 4787): org.chromium.android_webview.AwContents@c61d4c hideAutofillPopup
11-06 19:31:42.362 D/cr_AwTestContainerView.HardwareView( 4787): [AwTestContainerView.java:96] detachGLFunctor
11-06 19:31:42.367 D/BasicFigure( 2494): [TN_GLThread 73]isDrawFocused relyElement=[BaseElement@3914159e]focusScale[1.15]elementAlpha[-1.0]refectAlpha[-1.0]isFocusAble[true]shadowIndex[-1]autoJumpType[-1]uniqueID[54resSize0]rect[NULL]
11-06 19:31:42.367 D/BasicFigure( 2494): [TN_GLThread 73]isDrawFocused basicFigure=com.suma.midware.view.b.c.c@257887f
11-06 19:31:42.374 I/GLThread( 4787): noticed surfaceView surface lost tid=156
11-06 19:31:42.374 W/EglHelper( 4787): destroySurface()  tid=156
11-06 19:31:42.395 D/BasicFigure( 2494): [TN_GLThread 73]isDrawFocused relyElement=[BaseElement@3914159e]focusScale[1.15]elementAlpha[-1.0]refectAlpha[-1.0]isFocusAble[true]shadowIndex[-1]autoJumpType[-1]uniqueID[54resSize0]rect[NULL]
11-06 19:31:42.395 D/BasicFigure( 2494): [TN_GLThread 73]isDrawFocused basicFigure=com.suma.midware.view.b.c.c@257887f
11-06 19:31:42.397 D/BrowserActivity( 4787): onStop
11-06 19:31:42.398 D/browser.cc( 4787): [OnStop] 
11-06 19:31:42.399 D/webcoreBridge( 4787): #4822 execJS frameName='eventFrame' jscore='iPanel.dispatchMessage(257,5785,0);'
11-06 19:31:42.399 D/webcoreBridge( 4787): execJS-->frame:0x2b761a48 focusFrame=0x2b88d218 focusFrame.script=0x25a1eea0
11-06 19:31:42.399 D/webcoreBridge( 4787): execJS-->executeScript frame=0x2b761a48 script=0x25a01988
11-06 19:31:42.399 D/ScriptController( 4787): [executeScriptAndReturnValue] [V8] evaluate Script start. frame=0x2b761a48 url= line=1. source length=35
11-06 19:31:42.400 D/iPanel  ( 4787): iPanel.debug("dispatchMessage:msg: 257,5785,0")
11-06 19:31:42.400 D/iPanel  ( 4787): get getFocusedOrMainFrame
11-06 19:31:42.400 D/iPanel  ( 4787): getFrameByName 'eventFrame' frame=0x2b761a48 window=0x2b7626f8
11-06 19:31:42.400 D/iPanel  ( 4787): getFrameByName 'mainFrame' frame=0x2b769d58 window=0x2b88c520
11-06 19:31:42.400 D/iPanel  ( 4787): iPanel.debug("dispatchMessage:iPanel.getFocusedOrMainFrame = http://10.14.41.246/application/bxfc/sec/popTv_new.php")
11-06 19:31:42.400 D/iPanel  ( 4787): iPanel.debug("dispatchMessage:frame num: 2, keyEvent:system")
11-06 19:31:42.400 D/iPanel  ( 4787): iPanel.debug("dispatchMessage:#2. proc event 5785. url: http://10.14.41.246/application/bxfc/sec/popTv_new.php")
11-06 19:31:42.401 D/iPanel  ( 4787): iPanel.debug("w=[object Window], document=[object HTMLDocument], keyCode=5785, modifiers=0, keyEvent=system")
11-06 19:31:42.401 D/ChromeClientImpl( 4787): [addMessageToConsole] [LOG:CONSOLE(4091)] "-------iframe按键响应=", source:http://10.14.41.246/application/bxfc/sec/popTv_new.php (4091)
11-06 19:31:42.401 D/iPanel  ( 4787): iPanel.debug("ret: true")
11-06 19:31:42.401 D/iPanel  ( 4787): iPanel.debug("dispatchMessage:#1. proc event 5785. url: ui:///eventpage.htm?ipanelcmd-name=eventFrame&script=ui:///ipanel.js")
11-06 19:31:42.401 D/iPanel  ( 4787): iPanel.debug("w=[object Window], document=[object HTMLDocument], keyCode=5785, modifiers=0, keyEvent=system")
11-06 19:31:42.401 D/iPanel  ( 4787): iPanel.debug("eventpage grabEvent")
11-06 19:31:42.401 D/iPanel  ( 4787): getFrameByName 'mainFrame' frame=0x2b769d58 window=0x2b88c520
11-06 19:31:42.401 D/iPanel  ( 4787): iPanel.debug("--zjh-- url = http://10.14.41.246/application/bxfc/sec/index.htm  keycode = 5785")
11-06 19:31:42.402 D/iPanel  ( 4787): iPanel.debug("eventpage.htm args.type==true")
11-06 19:31:42.402 D/iPanel  ( 4787): iPanel.debug("eventpage grabEvent eventObj==[object Object]")
11-06 19:31:42.402 D/iPanel  ( 4787): iPanel.debug("eventpage eventObj.code = EIS_APP_PAUSE")
11-06 19:31:42.402 D/iPanel  ( 4787): iPanel.debug("eventpage keyValue = 5785--p2:0")
11-06 19:31:42.403 D/ChromeClientImpl( 4787): [addMessageToConsole] [LOG:CONSOLE(643)] "eventHandler---keycode==5785,p2=0", source:ui:///mediaPlayer.js (643)
11-06 19:31:42.403 D/iPanel  ( 4787): iPanel.debug("ret: 0")
11-06 19:31:42.403 D/iPanel  ( 4787): iPanel.debug("dispatchMessage:end")
11-06 19:31:42.403 D/ScriptController( 4787): [executeScriptAndReturnValue] [V8] evaluate Script end. frame=0x2b761a48 
11-06 19:31:42.403 D/webcoreBridge( 4787): execJS-->executeScript frame=0x2b761a48 end.
11-06 19:31:42.406 D/[cc]beginFrameSource( 4787): [AddObserver] ExternalBeginFrameSource::AddObserver
11-06 19:31:42.408 D/BasicFigure( 2494): [TN_GLThread 73]isDrawFocused relyElement=[BaseElement@3914159e]focusScale[1.15]elementAlpha[-1.0]refectAlpha[-1.0]isFocusAble[true]shadowIndex[-1]autoJumpType[-1]uniqueID[54resSize0]rect[NULL]
11-06 19:31:42.408 D/BasicFigure( 2494): [TN_GLThread 73]isDrawFocused basicFigure=com.suma.midware.view.b.c.c@257887f
11-06 19:31:42.424 D/BasicFigure( 2494): [TN_GLThread 73]isDrawFocused relyElement=[BaseElement@3914159e]focusScale[1.15]elementAlpha[-1.0]refectAlpha[-1.0]isFocusAble[true]shadowIndex[-1]autoJumpType[-1]uniqueID[54resSize0]rect[NULL]
11-06 19:31:42.424 D/BasicFigure( 2494): [TN_GLThread 73]isDrawFocused basicFigure=com.suma.midware.view.b.c.c@257887f
11-06 19:31:42.436 D/BasicFigure( 2494): [TN_GLThread 73]isDrawFocused relyElement=[BaseElement@3914159e]focusScale[1.15]elementAlpha[-1.0]refectAlpha[-1.0]isFocusAble[true]shadowIndex[-1]autoJumpType[-1]uniqueID[54resSize0]rect[NULL]
11-06 19:31:42.436 D/BasicFigure( 2494): [TN_GLThread 73]isDrawFocused basicFigure=com.suma.midware.view.b.c.c@257887f
11-06 19:31:42.450 D/BasicFigure( 2494): [TN_GLThread 73]isDrawFocused relyElement=[BaseElement@3914159e]focusScale[1.15]elementAlpha[-1.0]refectAlpha[-1.0]isFocusAble[true]shadowIndex[-1]autoJumpType[-1]uniqueID[54resSize0]rect[NULL]
11-06 19:31:42.450 D/BasicFigure( 2494): [TN_GLThread 73]isDrawFocused basicFigure=com.suma.midware.view.b.c.c@257887f
11-06 19:31:42.462 D/Device  ( 2432): deviceSearchResponse(SSDPPacket ssdpPacket):M-SEARCH * HTTP/1.1
11-06 19:31:42.462 D/Device  ( 2432): HOST: 239.255.255.250:1900
11-06 19:31:42.462 D/Device  ( 2432): MAN: "ssdp:discover"
11-06 19:31:42.462 D/Device  ( 2432): MX: 1
11-06 19:31:42.462 D/Device  ( 2432): ST: urn:dial-multiscreen-org:service:dial:1
11-06 19:31:42.462 D/Device  ( 2432): USER-AGENT: Google Chrome/62.0.3202.75 Windows
11-06 19:31:42.462 D/Device  ( 2432): 
11-06 19:31:42.468 D/BasicFigure( 2494): [TN_GLThread 73]isDrawFocused relyElement=[BaseElement@3914159e]focusScale[1.15]elementAlpha[-1.0]refectAlpha[-1.0]isFocusAble[true]shadowIndex[-1]autoJumpType[-1]uniqueID[54resSize0]rect[NULL]
11-06 19:31:42.468 D/BasicFigure( 2494): [TN_GLThread 73]isDrawFocused basicFigure=com.suma.midware.view.b.c.c@257887f
11-06 19:31:42.479 D/BasicFigure( 2494): [TN_GLThread 73]isDrawFocused relyElement=[BaseElement@3914159e]focusScale[1.15]elementAlpha[-1.0]refectAlpha[-1.0]isFocusAble[true]shadowIndex[-1]autoJumpType[-1]uniqueID[54resSize0]rect[NULL]
11-06 19:31:42.479 D/BasicFigure( 2494): [TN_GLThread 73]isDrawFocused basicFigure=com.suma.midware.view.b.c.c@257887f
11-06 19:31:42.552 I/Advanced( 4787): [QUEUE] share_queue_sendEx size:1 4097 2543 0x8fe47f30,postLoopId:0,dstid:1.
11-06 19:31:42.582 E/storage_operate( 3008): HCDN_LOG: [2017/11/06-19:31:42:582]:[func:GetTaskCount],[line:827],[oper:get task count],[state:0],[count:0]
11-06 19:31:42.582 E/storage_operate( 3008): HCDN_LOG: [2017/11/06-19:31:42:582]:[func:GetTaskCount],[line:827],[oper:get task count],[state:0],[count:0]
11-06 19:31:42.582 E/storage_operate( 3008): HCDN_LOG: [2017/11/06-19:31:42:582]:[func:GetTaskCount],[line:827],[oper:get task count],[state:1],[count:0]
11-06 19:31:42.674 D/ChannelHandler( 2494): [TN_main]changeSurfaceView width=1920,rect=[BaseRect@f6841383]x[74.0]y[212.0]z[0.0]xSize[674.0]ySize[379.0]zSize[0.0]xRotation[0.0]yRotation[0.0]zRotation[0.0]xScale[0.0]yScale[0.0]zScale[0.0],displayMetrics=DisplayMetrics{density=1.0, width=1280, height=720, scaledDensity=1.0, xdpi=160.0, ydpi=160.0}
11-06 19:31:42.675 D/PlayNgbDealer( 2389): [TN_Binder_5]findPlayer index=0,findType=1,channelIndex=0
11-06 19:31:42.675 D/Media   ( 2389): ^^^^player preparePlayer channelNum=0.
11-06 19:31:42.675 D/Media   ( 2389): ^^^^preparePlayer, url==NULL
11-06 19:31:42.675 V/SUMA    ( 2389): [ngbplayer-c][ngb_media_player_open 252]ngb media player open
11-06 19:31:42.675 V/SUMA    ( 1583): [NGBM] ngb_media_player_open enter !!! url=(null), channel=0
11-06 19:31:42.675 V/SUMA    ( 1583): [NGBM] media_print_video_attr display=1 rect=[0 0 1920 1080] ratio=6 cvrs=4
11-06 19:31:42.675 V/SUMA    ( 1583): [NGBM] context_vplayer_handle vplayer create ok!
11-06 19:31:42.675 V/SUMA    ( 1583): [VPLAYER] vplayer_init() version=2015-01-05-01
11-06 19:31:42.675 D/BackBootDealerNeimeng( 2389): standbyState:
11-06 19:31:42.675 V/SUMA    ( 1583): [VPLAYER] vplayer_open() enter! url=(null)
11-06 19:31:42.675 V/SUMA    ( 1583): [VPLAYER 0xabcd0000] vplayer_open() leave! hvplayer=0xb427b100
11-06 19:31:42.675 V/SUMA    ( 1583): [NGBM] context_vplayer_ioctl unknown command 12
11-06 19:31:42.675 V/SUMA    ( 1583): [NGBM] context_vplayer_ioctl leave. ret=0
11-06 19:31:42.675 V/SUMA    ( 1583): [VPLAYER 0xabcd0000] vplayer_ioctl() enter! hvplayer=0xb427b100 VPLAYER_IOCTL_SET_WINDOW
11-06 19:31:42.675 V/SUMA    ( 1583): [VPLAYER 0xabcd0000] vplayer_ioctl() leave! hvplayer=0xb427b100 VPLAYER_IOCTL_SET_WINDOW rect=[0 0 1920 1080]
11-06 19:31:42.675 V/SUMA    ( 1583): [NGBM] context_vplayer_ioctl leave. ret=0
11-06 19:31:42.675 V/SUMA    ( 1583): [VPLAYER 0xabcd0000] vplayer_ioctl() enter! hvplayer=0xb427b100 VPLAYER_IOCTL_SET_ASPECT_RATIO
11-06 19:31:42.675 V/SUMA    ( 1583): [VPLAYER 0xabcd0000] vplayer_ioctl() leave! hvplayer=0xb427b100 VPLAYER_IOCTL_SET_ASPECT_RATIO ratio=6
11-06 19:31:42.675 V/SUMA    ( 1583): [NGBM] context_vplayer_ioctl leave. ret=0
11-06 19:31:42.675 V/SUMA    ( 1583): [VPLAYER 0xabcd0000] vplayer_ioctl() enter! hvplayer=0xb427b100 VPLAYER_IOCTL_SET_ASPECT_CVRS 
11-06 19:31:42.675 V/SUMA    ( 1583): [VPLAYER 0xabcd0000] vplayer_ioctl() leave! hvplayer=0xb427b100 VPLAYER_IOCTL_SET_ASPECT_CVRS cvrs=4
11-06 19:31:42.676 V/SUMA    ( 1583): [NGBM] context_vplayer_ioctl leave. ret=0
11-06 19:31:42.676 V/SUMA    ( 1583): [NGBM] media_print_video_attr display=1 rect=[0 0 1920 1080] ratio=6 cvrs=4
11-06 19:31:42.676 V/SUMA    ( 1583): [NGBM] ngb_media_player_open leave hplayer=0x00ff0000 ret=0
11-06 19:31:42.676 V/SUMA    ( 1583):        url=NULL
11-06 19:31:42.676 E/NetUtils( 2018): Interface eth0 LinkDown!
11-06 19:31:42.676 V/SUMA    ( 2389): [ngbplayer-c][ngb_media_player_open 282]ngbplayers = 1
11-06 19:31:42.676 D/Media   ( 2389): ^^^^player registPlayerListener.
11-06 19:31:42.676 V/SUMA    ( 1583): [NGBM] ngb_media_player_enreg enter !!! hplayer=0xff0000
11-06 19:31:42.676 V/SUMA    ( 1583): [NGBM] context_vplayer_ioctl leave. ret=0
11-06 19:31:42.676 V/SUMA    ( 1583): [NGBM] ngb_media_player_enreg leave hplayer=0x00ff0000 ret=0
11-06 19:31:42.676 D/PlayNgbDealer( 2389): [TN_Binder_5]findPlayer index=0,player=org.ngb.media.PlayerImpl@3eb61678
11-06 19:31:42.677 D/PlayNgbDealer( 2389): [TN_Binder_5]setPlayerWindow index=0,playerNum=1,rect=Rect(49, 141 - 498, 393),info=[PlayerInfo@33ef68ed]index[0]id[0]userPID[2494]playerState[-1]isVideoPlay[false]isAudioPlay[false]isGetting[false]bChannel[null]retrieverTime[-1]playTime[-1]dataInfo[[DataInfo@2626b1b3]playUrl[null]rect[null]channel[null]]
11-06 19:31:42.677 D/Media   ( 2389): ^^^^player setBounds.
11-06 19:31:42.677 V/SUMA    ( 1583): [NGBM] ngb_media_player_set_video_window enter !!! hplayer=0xff0000
11-06 19:31:42.677 V/SUMA    ( 1583): [VPLAYER 0xabcd0000] vplayer_ioctl() enter! hvplayer=0xb427b100 VPLAYER_IOCTL_SET_WINDOW
11-06 19:31:42.677 V/SUMA    ( 1583): [VPLAYER 0xabcd0000] vplayer_ioctl() leave! hvplayer=0xb427b100 VPLAYER_IOCTL_SET_WINDOW rect=[49 141 449 252]
11-06 19:31:42.677 V/SUMA    ( 1583): [NGBM] context_vplayer_ioctl leave. ret=0
11-06 19:31:42.677 V/SUMA    ( 1583): [NGBM] ngb_media_player_set_video_window leave hplayer=0xff0000 ret=0
11-06 19:31:42.677 D/PlayerManager( 2494): [TN_main]addPlayTask playTask=[PlayDirectTask@2036292c]playTaskType[6]playType[0]playerType[-1]isEcmSet[true]playerIndex[0]tunerIndex[0]channel[[DirectChannel@32501b]channelID[0]oNetID[1]tsID[31]serviceID[3102]freq[371000]name[CCTV-1高清]serviceType[8]attr[8192]serialNum[1]serialNum4[1]pcrPID[49]refServiceID[-1]],state=0
11-06 19:31:42.677 D/PlayExcuter( 2494): [TN_main]notifyPlay type=8,curType=-2,cancelType=-1,cancelVideoType=-1,isResetData=false,task=[PlayDirectTask@2036292c]playTaskType[6]playType[0]playerType[-1]isEcmSet[true]playerIndex[0]tunerIndex[0]channel[[DirectChannel@32501b]channelID[0]oNetID[1]tsID[31]serviceID[3102]freq[371000]name[CCTV-1高清]serviceType[8]attr[8192]serialNum[1]serialNum4[1]pcrPID[49]refServiceID[-1]],this.task=null,indexs=null
11-06 19:31:42.678 D/PlayExcuter( 2494): [TN_main]mergeTask sourceTask=null,destiTask=[PlayDirectTask@2036292c]playTaskType[6]playType[0]playerType[-1]isEcmSet[true]playerIndex[0]tunerIndex[0]channel[[DirectChannel@32501b]channelID[0]oNetID[1]tsID[31]serviceID[3102]freq[371000]name[CCTV-1高清]serviceType[8]attr[8192]serialNum[1]serialNum4[1]pcrPID[49]refServiceID[-1]]
11-06 19:31:42.678 D/PlayExcuter( 2494): [TN_ThreadUtil-2]excuteTask task=[PlayDirectTask@2036292c]playTaskType[6]playType[0]playerType[-1]isEcmSet[true]playerIndex[0]tunerIndex[0]channel[[DirectChannel@32501b]channelID[0]oNetID[1]tsID[31]serviceID[3102]freq[371000]name[CCTV-1高清]serviceType[8]attr[8192]serialNum[1]serialNum4[1]pcrPID[49]refServiceID[-1]]
11-06 19:31:42.678 D/PlayExcuter( 2494): [TN_ThreadUtil-2]excuteTask curExcuter=com.suma.midware.prop.play.PlayDirectExcuter@3ba31ff5
11-06 19:31:42.685 D/CustomSurfaceView( 2494): onMeasure widthMeasureSpec:400001c1:heightMeasureSpec:800002d0:width:449:height:252
11-06 19:31:42.685 D/CustomSurfaceView( 2494): onMeasure width:449:height:720
11-06 19:31:42.686 D/CustomSurfaceView( 2494): onMeasure widthMeasureSpec:400001c1:heightMeasureSpec:400000fc:width:449:height:252
11-06 19:31:42.686 D/CustomSurfaceView( 2494): onMeasure width:449:height:252
11-06 19:31:42.686 D/CustomSurfaceView( 2494): onMeasure widthMeasureSpec:400001c1:heightMeasureSpec:800002d0:width:449:height:252
11-06 19:31:42.686 D/CustomSurfaceView( 2494): onMeasure width:449:height:720
11-06 19:31:42.686 D/CustomSurfaceView( 2494): onMeasure widthMeasureSpec:400001c1:heightMeasureSpec:400000fc:width:449:height:252
11-06 19:31:42.686 D/CustomSurfaceView( 2494): onMeasure width:449:height:252
11-06 19:31:42.700 E/storage_operate( 2658): HCDN_LOG: [2017/11/06-19:31:42:700]:[func:GetTaskCount],[line:827],[oper:get task count],[state:0],[count:0]
11-06 19:31:42.700 E/storage_operate( 2658): HCDN_LOG: [2017/11/06-19:31:42:700]:[func:GetTaskCount],[line:827],[oper:get task count],[state:0],[count:0]
11-06 19:31:42.700 E/storage_operate( 2658): HCDN_LOG: [2017/11/06-19:31:42:700]:[func:GetTaskCount],[line:827],[oper:get task count],[state:1],[count:0]
11-06 19:31:42.752 I/Advanced( 4787): [QUEUE] share_queue_sendEx size:1 4097 2544 0x8fe47f30,postLoopId:0,dstid:1.
11-06 19:31:42.779 D/SysEventBaseDealer( 2389): [TN_ThreadUtil-9]handleEvent event=[SignalEvent@7305151]signalState[-1]index[0]channel[null]
11-06 19:31:42.779 D/SysEventBaseDealer( 2389): [TN_ThreadUtil-9]handleSignalEvent signalEvent=[SignalEvent@7305151]signalState[-1]index[0]channel[null],channel=null
11-06 19:31:42.779 D/SysEventBaseDealer( 2389): [TN_ThreadUtil-9]handleSignalEvent 0 info=[PlayStateInfo@105f244b]index[0]signalState[1]caState[-1]caErrCode[0]channel[null]
11-06 19:31:42.779 V/SUMA    ( 1583): [resman-s][onTransact 216]code[0x1200010b] client pid = 2389
11-06 19:31:42.953 I/Advanced( 4787): [QUEUE] share_queue_sendEx size:1 4097 2545 0x8fe47f30,postLoopId:0,dstid:1.
11-06 19:31:42.987 E/WifiStateMachine( 2018): WifiStateMachine CMD_START_SCAN source -2 txSuccessRate=2.23 rxSuccessRate=6.00 targetRoamBSSID=78:11:dc:10:d5:2d RSSI=-25
11-06 19:31:42.987 E/WifiStateMachine( 2018): WifiStateMachine starting scan for "Xiaomi_D52C"WPA_PSK with 2412
11-06 19:31:43.176 D/BackBootDealerNeimeng( 2389): standbyState:
11-06 19:31:43.177 E/NetUtils( 2018): Interface eth0 LinkDown!
11-06 19:31:43.202 I/AdvancedPorting-PORT_MODULE_NET( 4787): network_task while... 
11-06 19:31:43.202 I/AdvancedPorting-PORT_MODULE_NET( 4787): 0 interface name: lo
11-06 19:31:43.202 I/AdvancedPorting-PORT_MODULE_NET( 4787): 1 interface name: wlan0
11-06 19:31:43.202 I/AdvancedPorting-PORT_MODULE_NET( 4787): First interface name: lo
11-06 19:31:43.202 I/AdvancedPorting-PORT_MODULE_NET( 4787): network_task while...  net_i:1
11-06 19:31:43.202 I/AdvancedPorting-PORT_MODULE_NET( 4787): network_task while---name_interface[0]=lo
11-06 19:31:43.202 I/AdvancedPorting-PORT_MODULE_NET( 4787): network_task while---name_interface[1]=wlan0
11-06 19:31:43.202 I/AdvancedPorting-PORT_MODULE_NET( 4787): network_task while---interface_name=wlan0
11-06 19:31:43.202 I/AdvancedPorting-PORT_MODULE_NET( 4787): network_get_netlink_status(in)--if_name=wlan0
11-06 19:31:43.202 I/AdvancedPorting-PORT_MODULE_NET( 4787): net.network.isconnected = no
11-06 19:31:43.202 I/AdvancedPorting-PORT_MODULE_NET( 4787): wlan0 --network_get_netlink_status return retval=1
11-06 19:31:43.202 I/AdvancedPorting-PORT_MODULE_NET( 4787): stat = 1 last_status = 1
11-06 19:31:43.244 V/SUMA    ( 2389): [cas-c][CA_Manager_GetManufactureInfoSync 2590]enter !!!
11-06 19:31:43.248 W/ResourceType( 2162): No package identifier when getting value for resource number 0x00000000
11-06 19:31:43.248 W/PackageManager( 2162): Failure retrieving resources for com.ipanel.android_webview.shell: Resource ID #0x0
11-06 19:31:43.248 W/ResourceType( 2162): No package identifier when getting value for resource number 0x00000000
11-06 19:31:43.248 W/PackageManager( 2162): Failure retrieving resources for com.ipanel.android_webview.shell: Resource ID #0x0
11-06 19:31:43.302 D/[blink]DOMTimer( 4787): [fired] 0x57699368 timeout fired.
11-06 19:31:43.302 D/ScriptController( 4787): [executeScriptAndReturnValue] [V8] evaluate Script start. frame=0x2b761a48 url= line=1. source length=22
11-06 19:31:43.303 D/iPanel  ( 4787): iPanel.debug("checkOverlayCreated")
11-06 19:31:43.303 D/[blink]DOMTimer( 4787): [DOMTimer] 0x576993d8 setTimeout 300ms, repeat:0.
11-06 19:31:43.303 D/ScriptController( 4787): [executeScriptAndReturnValue] [V8] evaluate Script end. frame=0x2b761a48 
11-06 19:31:43.363 I/Advanced( 4787): [QUEUE] share_queue_sendEx size:1 4097 2547 0x8fe47f30,postLoopId:0,dstid:1.
11-06 19:31:43.382 V/SUMA    ( 2389): [cas-c][CA_Manager_GetManufactureInfoSync 2604]leave !!!
11-06 19:31:43.382 D/CAManagerNative( 2389): getCardInfo.CA_Manager_GetManufactureInfoSync result=0
11-06 19:31:43.401 V/SUMA    ( 1583): [mnt_ait_pol] csubtbl=1 ait_pid=0x1f40 hsrv=0xc0ce
11-06 19:31:43.470 V/SUMA    ( 1583): >> rocme_porting_[0]tuner[0]_scanning fre = 371000 sym = 6875 qam = 3 ,res_state = 0x1
11-06 19:31:43.470 V/SUMA    ( 1583): [resman-s][dvb_server_resman_event_cbk 1615]enter dvb_server_resman_event_cbk
11-06 19:31:43.471 V/SUMA    ( 1583): [resman-s][dvb_server_resman_event_cbk 1656]leave dvb_server_resman_event_cbk
11-06 19:31:43.471 V/SUMA    ( 1583): >> ROC TNR(0)-EVENT = 0x210002 ROC_RES_TUNER_TUNER_EVT_LOCK_FAILED
11-06 19:31:43.471 V/SUMA    ( 1583): >> Roc_Tuner_CableScanning end : time = 1940168 ms ,total time = 1192 ms 
11-06 19:31:43.471 D/tuning  ( 2389): ^^^tunerEventCallback is called,  event=210002 
11-06 19:31:43.472 V/SUMA    ( 1583): [resman-s][onTransact 216]code[0x1200010b] client pid = 2389
11-06 19:31:43.473 E/HI_TUNER( 1583): [ERROR-HI_TUNER]:HI_UNF_TUNER_GetBER[4827]:SIGNAL DROP
11-06 19:31:43.474 E/HI_TUNER( 1583): [ERROR-HI_TUNER]:HI_UNF_TUNER_GetSNR[5131]:SIGNAL DROP
11-06 19:31:43.476 V/PT      ( 1583): >>INFO:rocme_porting_tuner_get_signal_info:u32SNR = 0x0,u32SignalStrength = 0x6
11-06 19:31:43.476 V/PT      ( 1583): >>INFO:rocme_porting_tuner_get_signal_info:base_integer = 0x0,base_decimal = 0x0,exponent = 0x7
11-06 19:31:43.477 V/SUMA    ( 1583): [resman-s][onTransact 1574]leave transact client pid = 2389
11-06 19:31:43.478 I/System.out( 2389): [DEBUG TunerInfo] integer :0
11-06 19:31:43.478 I/System.out( 2389): [DEBUG TunerInfo] berDecimal :0
11-06 19:31:43.478 I/System.out( 2389): [DEBUG TunerInfo] berExp :7
11-06 19:31:43.478 D/SysEventBaseDealer( 2389): [TN_ThreadUtil-9]handleSignalEvent signalType=1
11-06 19:31:43.479 E/HI_TUNER( 1583): [ERROR-HI_TUNER]:HI_UNF_TUNER_GetBER[4827]:SIGNAL DROP
11-06 19:31:43.481 E/HI_TUNER( 1583): [ERROR-HI_TUNER]:HI_UNF_TUNER_GetSNR[5131]:SIGNAL DROP
11-06 19:31:43.482 V/PT      ( 1583): >>INFO:rocme_porting_tuner_get_signal_info:u32SNR = 0x0,u32SignalStrength = 0x6
11-06 19:31:43.482 V/PT      ( 1583): >>INFO:rocme_porting_tuner_get_signal_info:base_integer = 0x0,base_decimal = 0x0,exponent = 0x7
11-06 19:31:43.484 V/SUMA    ( 1583): [resman-s][onTransact 1574]leave transact client pid = 2389
11-06 19:31:43.484 D/tuning  ( 2389): ^^^^in tuner callBack. Query result=1,freq=371000
11-06 19:31:43.484 I/System.out( 2389): [DEBUG networkInterface] You see: NI listener's size=1
11-06 19:31:43.485 D/TunerNgbDealer( 2389): [TN_Thread-57]receiveNIEvent event=org.davic.net.tuning.NetworkInterfaceTuningOverEvent[source=class org.davic.net.tuning.NetworkInterfaceTuningOverEvent]
11-06 19:31:43.485 D/TunerNgbDealer( 2389): [TN_Thread-57]receiveNIEvent 0 tunerDes=[TunerDes@8f68708]isLock[false]isReserve[true]nHandle[0]moduleName[null]ni[org.davic.net.tuning.NetworkInterface@264c1ea1]nic[org.ngb.broadcast.dvb.tuning.DvbNetworkInterfaceController@114448c6]ds[[CableDeliverySystem@1544d8dd]freq[371000]fecOuter[0]modulation[3]symbolRate[6875]fecInner[0]]
11-06 19:31:43.511 D/BasicFigure( 2494): [TN_GLThread 73]isDrawFocused relyElement=[BaseElement@3914159e]focusScale[1.15]elementAlpha[-1.0]refectAlpha[-1.0]isFocusAble[true]shadowIndex[-1]autoJumpType[-1]uniqueID[54resSize0]rect[NULL]
11-06 19:31:43.511 D/BasicFigure( 2494): [TN_GLThread 73]isDrawFocused basicFigure=com.suma.midware.view.b.c.c@257887f
11-06 19:31:43.637 V/PT      ( 1583): >>INFO:irkey_task:[    1940.335460] /dev/input/event0: type=0001 code=0067 val=00000001
11-06 19:31:43.638 V/PT      ( 1583): >>INFO:irkey_send:0x3001 0x0026 down
11-06 19:31:43.638 V/SUMA    ( 1583): ++++++++++++++  _roc_evtmgr_key_cbk 517:input = 12289, event=38, act=0x100
11-06 19:31:43.638 V/SUMA    ( 1583): lxm:_roc_evtmgr_key_cbk 519 1940335
11-06 19:31:43.638 V/SUMA    ( 1583): lxm:_roc_evtmgr_add_evt_into_queue 347 1940335
11-06 19:31:43.638 V/SUMA    ( 1583): ===================>> type=0 src=0 evt=38 act=0x100
11-06 19:31:43.638 D/ir_user ( 1587): PlayerTimeLineTrace:linux_keycode:0x67(DOWN),	protocol: .
11-06 19:31:43.638 V/PT      ( 1583): >>INFO:irkey_task:[    1940.335460] /dev/input/event0: type=0000 code=0000 val=00000000
11-06 19:31:43.638 V/SUMA    ( 1583): [sysset-s][event_manager_cbk 78]lxm cbid=1, cbk_reg=1, cpid=2458
11-06 19:31:43.638 D/NGBEvent( 2458): ngbEventCallBack type:0 source :38
11-06 19:31:43.638 D/NGBEvent( 2458): [NGBEventManager-JNI]-returning:1
11-06 19:31:43.638 D/NGBEvent( 2458): Input key event: keyCode=38
11-06 19:31:43.638 D/NGBEvent( 2458): src:38 = dest:38
11-06 19:31:43.639 I/System.out( 2458): [DEBUG EventManager] LWJ--Add event to java with evt=NgbEvent-[type = 1, subtype = 401, code = 38]
11-06 19:31:43.639 D/NGBEvent( 2458): [NGBEvent_log]--[EventManager--JNI]:		start
11-06 19:31:43.639 I/System.out( 2458): [DEBUG EventManager] broadcastEvent  :len 1
11-06 19:31:43.639 D/CombineKeyUtil( 2458): [TN_pool-1-thread-1]dealKeyEvent,combineIndex:-1:keyCode:19
11-06 19:31:43.639 D/KeyEventNgbDealer( 2458): [TN_pool-1-thread-1]handleKeyPressed keyEvent=NgbEvent-[type = 1, subtype = 401, code = 38],time=1940337
11-06 19:31:43.639 D/RemoteIME( 2329): onKeyDown event = KeyEvent { action=ACTION_DOWN, keyCode=KEYCODE_DPAD_UP, scanCode=103, metaState=0, flags=0x8, repeatCount=0, eventTime=1940335, downTime=1940335, deviceId=3, source=0x701 },mSkbContainer=null
11-06 19:31:43.640 D/Main3DActivity( 2494): [TN_main]dispatchKeyEvent event=KeyEvent { action=ACTION_DOWN, keyCode=KEYCODE_DPAD_UP, scanCode=103, metaState=0, flags=0x8, repeatCount=0, eventTime=1940335, downTime=1940335, deviceId=3, source=0x701 },isEventAble=true
11-06 19:31:43.640 D/InputEventConsistencyVerifier( 2494): KeyEvent: ACTION_DOWN but key is already down and this event is not a key repeat.
11-06 19:31:43.640 D/InputEventConsistencyVerifier( 2494):   in com.android.internal.policy.impl.PhoneWindow$DecorView{1a1fcd6c V.E..... R.....I. 0,0-1280,720}
11-06 19:31:43.640 D/InputEventConsistencyVerifier( 2494):   0: sent at 1940335000000, KeyEvent { action=ACTION_DOWN, keyCode=KEYCODE_DPAD_UP, scanCode=103, metaState=0, flags=0x8, repeatCount=0, eventTime=1940335, downTime=1940335, deviceId=3, source=0x701 }
11-06 19:31:43.640 D/InputEventConsistencyVerifier( 2494):   -- recent events --
11-06 19:31:43.640 D/InputEventConsistencyVerifier( 2494):   1: sent at 1425258000000, KeyEvent { action=ACTION_DOWN, keyCode=KEYCODE_DPAD_CENTER, scanCode=28, metaState=0, flags=0x80000008, repeatCount=0, eventTime=1425258, downTime=1425258, deviceId=3, source=0x701 }
11-06 19:31:43.640 D/InputEventConsistencyVerifier( 2494):   2: sent at 1424875000000, KeyEvent { action=ACTION_DOWN, keyCode=KEYCODE_DPAD_RIGHT, scanCode=106, metaState=0, flags=0x80000008, repeatCount=0, eventTime=1424875, downTime=1424875, deviceId=3, source=0x701 }
11-06 19:31:43.640 D/InputEventConsistencyVerifier( 2494):   3: sent at 1424548000000, KeyEvent { action=ACTION_DOWN, keyCode=KEYCODE_DPAD_RIGHT, scanCode=106, metaState=0, flags=0x80000008, repeatCount=0, eventTime=1424548, downTime=1424548, deviceId=3, source=0x701 }
11-06 19:31:43.640 D/InputEventConsistencyVerifier( 2494):   4: sent at 1424178000000, KeyEvent { action=ACTION_DOWN, keyCode=KEYCODE_DPAD_DOWN, scanCode=108, metaState=0, flags=0x80000008, repeatCount=0, eventTime=1424178, downTime=1424178, deviceId=3, source=0x701 }
11-06 19:31:43.640 D/InputEventConsistencyVerifier( 2494):   5: sent at 1423822000000, KeyEvent { action=ACTION_DOWN, keyCode=KEYCODE_DPAD_DOWN, scanCode=108, metaState=0, flags=0x80000008, repeatCount=0, eventTime=1423822, downTime=1423822, deviceId=3, source=0x701 }
11-06 19:31:43.641 D/BasicRootView( 2494): [TN_main]dispatchKeyEvent event=KeyEvent { action=ACTION_DOWN, keyCode=KEYCODE_DPAD_UP, scanCode=103, metaState=0, flags=0x80000008, repeatCount=0, eventTime=1940335, downTime=1940335, deviceId=3, source=0x701 },curRootPanel=com.suma.midware.home.third.a.a@c42406f
11-06 19:31:43.641 D/GLRootRenderer( 2494): dispatchKeyEvent event:KeyEvent { action=ACTION_DOWN, keyCode=KEYCODE_DPAD_UP, scanCode=103, metaState=0, flags=0x80000008, repeatCount=0, eventTime=1940335, downTime=1940335, deviceId=3, source=0x701 }:lastKeyCode:23:lastKeyAction:0:lastkeycount:0:size:0
11-06 19:31:43.641 D/Scene   ( 2494): dispatchKeyEvent event:KeyEvent { action=ACTION_DOWN, keyCode=KEYCODE_DPAD_UP, scanCode=103, metaState=0, flags=0x80000008, repeatCount=0, eventTime=1940335, downTime=1940335, deviceId=3, source=0x701 }
11-06 19:31:43.641 D/Scene   ( 2494): dispatchKeyEvent currentFocus = com.suma.midware.view.b.c.p@1104ec6d
11-06 19:31:43.641 D/Scene   ( 2494): dispatchKeyEvent nextFocus:null
11-06 19:31:43.642 D/BasicFigure( 2494): [TN_GLThread 73]dealKeyEvent event=KeyEvent { action=ACTION_DOWN, keyCode=KEYCODE_DPAD_UP, scanCode=103, metaState=0, flags=0x80000008, repeatCount=0, eventTime=1940335, downTime=1940335, deviceId=3, source=0x701 }
11-06 19:31:43.643 D/MenuUtil( 2494): [TN_GLThread 73]searchVerticalFigure x=88.0000,y=220.000,width=646.000,height=363.000,excludeObj=com.suma.midware.view.b.c.p@1104ec6d
11-06 19:31:43.644 D/MenuUtil( 2494): [TN_GLThread 73]isAbove y1=105.000,y2=220.000,cube1=890.0,110.0,1.0,cube2=646.0,363.0,1.0,obj3d1=com.suma.midware.view.b.d.b@12d8546a,obj3d2=com.suma.midware.view.b.c.p@1104ec6d
11-06 19:31:43.645 D/MenuUtil( 2494): [TN_GLThread 73]isAbove y1=105.000,y2=105.000,cube1=890.0,110.0,1.0,cube2=890.0,110.0,1.0,obj3d1=com.suma.midware.view.b.d.b@12d8546a,obj3d2=com.suma.midware.view.b.d.b@12d8546a
11-06 19:31:43.645 D/BasicFigure( 2494): [TN_GLThread 73]onFocusLost figure=com.suma.midware.view.b.c.p@1104ec6d
11-06 19:31:43.645 W/BasicRootPanel( 2494): [TN_GLThread 73]switchPanelLight lightFigure null
11-06 19:31:43.645 D/BasicColumn( 2494): [TN_GLThread 73]onFocus isFocus=true,index=0,nextIndex=-1
11-06 19:31:43.646 D/FixedRes( 2494): [TN_GLThread 73]getNineImgRes nineImgSize=2
11-06 19:31:43.646 D/BasicColumn( 2494): [TN_GLThread 73]moveFocus xOffset=151.000,yOffset=139.000
11-06 19:31:43.647 D/BasicColumn( 2494): [TN_GLThread 73]moveFocus width=267.000,height=199.000,curCube=116.0,60.0,1.0,curPosition=-387.0,10.0,0.0,focusScale=1.0,1.0,1.0
11-06 19:31:43.656 D/BasicFigure( 2494): [TN_GLThread 73]isDrawFocused relyElement=[BaseElement@3914159e]focusScale[1.15]elementAlpha[-1.0]refectAlpha[-1.0]isFocusAble[true]shadowIndex[-1]autoJumpType[-1]uniqueID[54resSize0]rect[NULL]
11-06 19:31:43.656 D/BasicFigure( 2494): [TN_GLThread 73]isDrawFocused basicFigure=com.suma.midware.view.b.c.c@257887f
11-06 19:31:43.666 D/BasicFigure( 2494): [TN_GLThread 73]isDrawFocused relyElement=[BaseElement@3914159e]focusScale[1.15]elementAlpha[-1.0]refectAlpha[-1.0]isFocusAble[true]shadowIndex[-1]autoJumpType[-1]uniqueID[54resSize0]rect[NULL]
11-06 19:31:43.666 D/BasicFigure( 2494): [TN_GLThread 73]isDrawFocused basicFigure=com.suma.midware.view.b.c.c@257887f
11-06 19:31:43.668 D/CAManagerNative( 2389): getCardInfo.CA_Manager_GetMotherCardID result=0,motherCardID=0
11-06 19:31:43.668 V/SUMA    ( 2389): [cas-c][CA_Manager_GetAreaInfoSync 2565]enter !!!
11-06 19:31:43.678 D/BackBootDealerNeimeng( 2389): standbyState:
11-06 19:31:43.678 E/NetUtils( 2018): Interface eth0 LinkDown!
11-06 19:31:43.718 D/Device  ( 2432): deviceSearchResponse(SSDPPacket ssdpPacket):M-SEARCH * HTTP/1.1
11-06 19:31:43.718 D/Device  ( 2432): HOST: 239.255.255.250:1900
11-06 19:31:43.718 D/Device  ( 2432): MAN: "ssdp:discover"
11-06 19:31:43.718 D/Device  ( 2432): MX: 1
11-06 19:31:43.718 D/Device  ( 2432): ST: urn:dial-multiscreen-org:service:dial:1
