11-06 20:34:30.980 D/[blink]DOMTimer( 2921): [DOMTimer] 0x8f3123c0 setTimeout 300ms, repeat:0.
11-06 20:34:30.980 D/ScriptController( 2921): [executeScriptAndReturnValue] [V8] evaluate Script end. frame=0x8f441a48 
11-06 20:34:31.145 I/Advanced( 2921): [QUEUE] share_queue_sendEx size:1 4097 108 0x8fdbff30,postLoopId:0,dstid:1.
11-06 20:34:31.280 D/[blink]DOMTimer( 2921): [fired] 0x8f3123c0 timeout fired.
11-06 20:34:31.281 D/ScriptController( 2921): [executeScriptAndReturnValue] [V8] evaluate Script start. frame=0x8f441a48 url= line=1. source length=22
11-06 20:34:31.281 D/iPanel  ( 2921): iPanel.debug("checkOverlayCreated")
11-06 20:34:31.281 D/[blink]DOMTimer( 2921): [DOMTimer] 0x8f312430 setTimeout 300ms, repeat:0.
11-06 20:34:31.281 D/ScriptController( 2921): [executeScriptAndReturnValue] [V8] evaluate Script end. frame=0x8f441a48 
11-06 20:34:31.377 I/AdvancedPorting-PORT_MODULE_NET( 2921): network_task while... 
11-06 20:34:31.377 I/AdvancedPorting-PORT_MODULE_NET( 2921): 0 interface name: lo
11-06 20:34:31.377 I/AdvancedPorting-PORT_MODULE_NET( 2921): 1 interface name: wlan0
11-06 20:34:31.377 I/AdvancedPorting-PORT_MODULE_NET( 2921): First interface name: lo
11-06 20:34:31.377 I/AdvancedPorting-PORT_MODULE_NET( 2921): network_task while...  net_i:1
11-06 20:34:31.377 I/AdvancedPorting-PORT_MODULE_NET( 2921): network_task while---name_interface[0]=lo
11-06 20:34:31.377 I/AdvancedPorting-PORT_MODULE_NET( 2921): network_task while---name_interface[1]=wlan0
11-06 20:34:31.377 I/AdvancedPorting-PORT_MODULE_NET( 2921): network_task while---interface_name=wlan0
11-06 20:34:31.377 I/AdvancedPorting-PORT_MODULE_NET( 2921): network_get_netlink_status(in)--if_name=wlan0
11-06 20:34:31.378 I/AdvancedPorting-PORT_MODULE_NET( 2921): net.network.isconnected = no
11-06 20:34:31.378 I/AdvancedPorting-PORT_MODULE_NET( 2921): wlan0 --network_get_netlink_status return retval=1
11-06 20:34:31.378 I/AdvancedPorting-PORT_MODULE_NET( 2921): stat = 1 last_status = 1
11-06 20:34:31.468 D/BackBootDealerNeimeng( 2385): standbyState:
11-06 20:34:31.468 E/NetUtils( 2020): Interface eth0 LinkDown!
11-06 20:34:31.581 D/[blink]DOMTimer( 2921): [fired] 0x8f312430 timeout fired.
11-06 20:34:31.581 D/ScriptController( 2921): [executeScriptAndReturnValue] [V8] evaluate Script start. frame=0x8f441a48 url= line=1. source length=22
11-06 20:34:31.581 D/iPanel  ( 2921): iPanel.debug("checkOverlayCreated")
11-06 20:34:31.582 D/[blink]DOMTimer( 2921): [DOMTimer] 0x8f3124a0 setTimeout 300ms, repeat:0.
11-06 20:34:31.582 D/ScriptController( 2921): [executeScriptAndReturnValue] [V8] evaluate Script end. frame=0x8f441a48 
11-06 20:34:31.756 I/Advanced( 2921): [QUEUE] share_queue_sendEx size:1 4097 111 0x8fdbff30,postLoopId:0,dstid:1.
11-06 20:34:31.882 D/[blink]DOMTimer( 2921): [fired] 0x8f3124a0 timeout fired.
11-06 20:34:31.882 D/ScriptController( 2921): [executeScriptAndReturnValue] [V8] evaluate Script start. frame=0x8f441a48 url= line=1. source length=22
11-06 20:34:31.882 D/iPanel  ( 2921): iPanel.debug("checkOverlayCreated")
11-06 20:34:31.882 D/[blink]DOMTimer( 2921): [DOMTimer] 0x8f312510 setTimeout 300ms, repeat:0.
11-06 20:34:31.882 D/ScriptController( 2921): [executeScriptAndReturnValue] [V8] evaluate Script end. frame=0x8f441a48 
11-06 20:34:31.956 I/Advanced( 2921): [QUEUE] share_queue_sendEx size:1 4097 112 0x8fdbff30,postLoopId:0,dstid:1.
11-06 20:34:31.969 D/BackBootDealerNeimeng( 2385): standbyState:
11-06 20:34:31.969 E/NetUtils( 2020): Interface eth0 LinkDown!
11-06 20:34:32.156 I/Advanced( 2921): [QUEUE] share_queue_sendEx size:1 4097 113 0x8fdbff30,postLoopId:0,dstid:1.
11-06 20:34:32.182 D/[blink]DOMTimer( 2921): [fired] 0x8f312510 timeout fired.
11-06 20:34:32.183 D/ScriptController( 2921): [executeScriptAndReturnValue] [V8] evaluate Script start. frame=0x8f441a48 url= line=1. source length=22
11-06 20:34:32.183 D/iPanel  ( 2921): iPanel.debug("checkOverlayCreated")
11-06 20:34:32.183 D/[blink]DOMTimer( 2921): [DOMTimer] 0x8f312580 setTimeout 300ms, repeat:0.
11-06 20:34:32.183 D/ScriptController( 2921): [executeScriptAndReturnValue] [V8] evaluate Script end. frame=0x8f441a48 
11-06 20:34:32.357 I/Advanced( 2921): [QUEUE] share_queue_sendEx size:1 4097 114 0x8fdbff30,postLoopId:0,dstid:1.
11-06 20:34:32.378 I/AdvancedPorting-PORT_MODULE_NET( 2921): network_task while... 
11-06 20:34:32.378 I/AdvancedPorting-PORT_MODULE_NET( 2921): 0 interface name: lo
11-06 20:34:32.378 I/AdvancedPorting-PORT_MODULE_NET( 2921): 1 interface name: wlan0
11-06 20:34:32.378 I/AdvancedPorting-PORT_MODULE_NET( 2921): First interface name: lo
11-06 20:34:32.378 I/AdvancedPorting-PORT_MODULE_NET( 2921): network_task while...  net_i:1
11-06 20:34:32.378 I/AdvancedPorting-PORT_MODULE_NET( 2921): network_task while---name_interface[0]=lo
11-06 20:34:32.378 I/AdvancedPorting-PORT_MODULE_NET( 2921): network_task while---name_interface[1]=wlan0
11-06 20:34:32.378 I/AdvancedPorting-PORT_MODULE_NET( 2921): network_task while---interface_name=wlan0
11-06 20:34:32.378 I/AdvancedPorting-PORT_MODULE_NET( 2921): network_get_netlink_status(in)--if_name=wlan0
11-06 20:34:32.378 I/AdvancedPorting-PORT_MODULE_NET( 2921): net.network.isconnected = no
11-06 20:34:32.378 I/AdvancedPorting-PORT_MODULE_NET( 2921): wlan0 --network_get_netlink_status return retval=1
11-06 20:34:32.378 I/AdvancedPorting-PORT_MODULE_NET( 2921): stat = 1 last_status = 1
11-06 20:34:32.470 D/BackBootDealerNeimeng( 2385): standbyState:
11-06 20:34:32.471 E/NetUtils( 2020): Interface eth0 LinkDown!
11-06 20:34:32.483 D/[blink]DOMTimer( 2921): [fired] 0x8f312580 timeout fired.
11-06 20:34:32.483 D/ScriptController( 2921): [executeScriptAndReturnValue] [V8] evaluate Script start. frame=0x8f441a48 url= line=1. source length=22
11-06 20:34:32.483 D/iPanel  ( 2921): iPanel.debug("checkOverlayCreated")
11-06 20:34:32.483 D/[blink]DOMTimer( 2921): [DOMTimer] 0x8f3125f0 setTimeout 300ms, repeat:0.
11-06 20:34:32.484 D/ScriptController( 2921): [executeScriptAndReturnValue] [V8] evaluate Script end. frame=0x8f441a48 
11-06 20:34:32.557 I/Advanced( 2921): [QUEUE] share_queue_sendEx size:1 4097 115 0x8fdbff30,postLoopId:0,dstid:1.
11-06 20:34:32.743 D/IPLoaderNeimeng( 2385): after wait time20:34:32:monitorInterval:5000
11-06 20:34:32.743 D/IPLoaderNeimeng( 2385): before dealUpdateCheck time:20:34:32:isMsgBroadcast:false:monitorInterval:5000:processState:1
11-06 20:34:32.743 D/IPLoaderNeimeng( 2385): dealUpdateCheck isFirstSuccessUpdate:false:monitorInterval:5000
11-06 20:34:32.744 D/LoadHttpHandler( 2385): [TN_ThreadUtil-4]doNormal proxyConfig=null
11-06 20:34:32.784 D/[blink]DOMTimer( 2921): [fired] 0x8f3125f0 timeout fired.
11-06 20:34:32.784 D/ScriptController( 2921): [executeScriptAndReturnValue] [V8] evaluate Script start. frame=0x8f441a48 url= line=1. source length=22
11-06 20:34:32.784 D/iPanel  ( 2921): iPanel.debug("checkOverlayCreated")
11-06 20:34:32.784 D/[blink]DOMTimer( 2921): [DOMTimer] 0x8f312660 setTimeout 300ms, repeat:0.
11-06 20:34:32.784 D/ScriptController( 2921): [executeScriptAndReturnValue] [V8] evaluate Script end. frame=0x8f441a48 
11-06 20:34:32.966 D/LoadHttpHandler( 2385): [TN_ThreadUtil-4]doNormal responseCode=404
11-06 20:34:32.967 D/LoadHttpTask( 2385): dealUpdateCheck responseCode:404:data:null:downloadResult:false
11-06 20:34:32.967 D/IPLoaderNeimeng( 2385): after dealUpdateCheck time:20:34:32:isMsgBroadcast:false:monitorInterval:5000:processState:1
11-06 20:34:32.967 I/Advanced( 2921): [QUEUE] share_queue_sendEx size:1 4097 117 0x8fdbff30,postLoopId:0,dstid:1.
11-06 20:34:32.967 D/IPLoaderNeimeng( 2385): before wait time20:34:32:monitorInterval:5000
11-06 20:34:32.971 D/BackBootDealerNeimeng( 2385): standbyState:
11-06 20:34:32.972 E/NetUtils( 2020): Interface eth0 LinkDown!
11-06 20:34:33.084 D/[blink]DOMTimer( 2921): [fired] 0x8f312660 timeout fired.
11-06 20:34:33.085 D/ScriptController( 2921): [executeScriptAndReturnValue] [V8] evaluate Script start. frame=0x8f441a48 url= line=1. source length=22
11-06 20:34:33.085 D/iPanel  ( 2921): iPanel.debug("checkOverlayCreated")
11-06 20:34:33.085 D/[blink]DOMTimer( 2921): [DOMTimer] 0x8f3126d0 setTimeout 300ms, repeat:0.
11-06 20:34:33.085 D/ScriptController( 2921): [executeScriptAndReturnValue] [V8] evaluate Script end. frame=0x8f441a48 
11-06 20:34:33.377 I/Advanced( 2921): [QUEUE] share_queue_sendEx size:1 4097 119 0x8fdbff30,postLoopId:0,dstid:1.
11-06 20:34:33.378 I/AdvancedPorting-PORT_MODULE_NET( 2921): network_task while... 
11-06 20:34:33.378 I/AdvancedPorting-PORT_MODULE_NET( 2921): 0 interface name: lo
11-06 20:34:33.378 I/AdvancedPorting-PORT_MODULE_NET( 2921): 1 interface name: wlan0
11-06 20:34:33.379 I/AdvancedPorting-PORT_MODULE_NET( 2921): First interface name: lo
11-06 20:34:33.379 I/AdvancedPorting-PORT_MODULE_NET( 2921): network_task while...  net_i:1
11-06 20:34:33.379 I/AdvancedPorting-PORT_MODULE_NET( 2921): network_task while---name_interface[0]=lo
11-06 20:34:33.379 I/AdvancedPorting-PORT_MODULE_NET( 2921): network_task while---name_interface[1]=wlan0
11-06 20:34:33.379 I/AdvancedPorting-PORT_MODULE_NET( 2921): network_task while---interface_name=wlan0
11-06 20:34:33.379 I/AdvancedPorting-PORT_MODULE_NET( 2921): network_get_netlink_status(in)--if_name=wlan0
11-06 20:34:33.379 I/AdvancedPorting-PORT_MODULE_NET( 2921): net.network.isconnected = no
11-06 20:34:33.379 I/AdvancedPorting-PORT_MODULE_NET( 2921): wlan0 --network_get_netlink_status return retval=1
11-06 20:34:33.379 I/AdvancedPorting-PORT_MODULE_NET( 2921): stat = 1 last_status = 1
11-06 20:34:33.385 D/[blink]DOMTimer( 2921): [fired] 0x8f3126d0 timeout fired.
11-06 20:34:33.385 D/ScriptController( 2921): [executeScriptAndReturnValue] [V8] evaluate Script start. frame=0x8f441a48 url= line=1. source length=22
11-06 20:34:33.385 D/iPanel  ( 2921): iPanel.debug("checkOverlayCreated")
11-06 20:34:33.386 D/[blink]DOMTimer( 2921): [DOMTimer] 0x8f312740 setTimeout 300ms, repeat:0.
11-06 20:34:33.386 D/ScriptController( 2921): [executeScriptAndReturnValue] [V8] evaluate Script end. frame=0x8f441a48 
11-06 20:34:33.473 D/BackBootDealerNeimeng( 2385): standbyState:
11-06 20:34:33.473 E/NetUtils( 2020): Interface eth0 LinkDown!
11-06 20:34:33.686 D/[blink]DOMTimer( 2921): [fired] 0x8f312740 timeout fired.
11-06 20:34:33.686 D/ScriptController( 2921): [executeScriptAndReturnValue] [V8] evaluate Script start. frame=0x8f441a48 url= line=1. source length=22
11-06 20:34:33.686 D/iPanel  ( 2921): iPanel.debug("checkOverlayCreated")
11-06 20:34:33.686 D/[blink]DOMTimer( 2921): [DOMTimer] 0x8f3127b0 setTimeout 300ms, repeat:0.
11-06 20:34:33.686 D/ScriptController( 2921): [executeScriptAndReturnValue] [V8] evaluate Script end. frame=0x8f441a48 
11-06 20:34:33.787 I/Advanced( 2921): [QUEUE] share_queue_sendEx size:1 4097 121 0x8fdbff30,postLoopId:0,dstid:1.
11-06 20:34:33.974 D/BackBootDealerNeimeng( 2385): standbyState:
11-06 20:34:33.975 E/NetUtils( 2020): Interface eth0 LinkDown!
11-06 20:34:33.987 D/[blink]DOMTimer( 2921): [fired] 0x8f3127b0 timeout fired.
11-06 20:34:33.987 D/ScriptController( 2921): [executeScriptAndReturnValue] [V8] evaluate Script start. frame=0x8f441a48 url= line=1. source length=22
11-06 20:34:33.987 D/iPanel  ( 2921): iPanel.debug("checkOverlayCreated")
11-06 20:34:33.987 D/[blink]DOMTimer( 2921): [DOMTimer] 0x8f312820 setTimeout 300ms, repeat:0.
11-06 20:34:33.987 D/ScriptController( 2921): [executeScriptAndReturnValue] [V8] evaluate Script end. frame=0x8f441a48 
11-06 20:34:33.988 I/Advanced( 2921): [QUEUE] share_queue_sendEx size:1 4097 122 0x8fdbff30,postLoopId:0,dstid:1.
11-06 20:34:34.188 I/Advanced( 2921): [QUEUE] share_queue_sendEx size:1 4097 123 0x8fdbff30,postLoopId:0,dstid:1.
11-06 20:34:34.287 D/[blink]DOMTimer( 2921): [fired] 0x8f312820 timeout fired.
11-06 20:34:34.287 D/ScriptController( 2921): [executeScriptAndReturnValue] [V8] evaluate Script start. frame=0x8f441a48 url= line=1. source length=22
11-06 20:34:34.288 D/iPanel  ( 2921): iPanel.debug("checkOverlayCreated")
11-06 20:34:34.288 D/[blink]DOMTimer( 2921): [DOMTimer] 0x8f312890 setTimeout 300ms, repeat:0.
11-06 20:34:34.288 D/ScriptController( 2921): [executeScriptAndReturnValue] [V8] evaluate Script end. frame=0x8f441a48 
11-06 20:34:34.379 I/AdvancedPorting-PORT_MODULE_NET( 2921): network_task while... 
11-06 20:34:34.379 I/AdvancedPorting-PORT_MODULE_NET( 2921): 0 interface name: lo
11-06 20:34:34.379 I/AdvancedPorting-PORT_MODULE_NET( 2921): 1 interface name: wlan0
11-06 20:34:34.379 I/AdvancedPorting-PORT_MODULE_NET( 2921): First interface name: lo
11-06 20:34:34.379 I/AdvancedPorting-PORT_MODULE_NET( 2921): network_task while...  net_i:1
11-06 20:34:34.379 I/AdvancedPorting-PORT_MODULE_NET( 2921): network_task while---name_interface[0]=lo
11-06 20:34:34.379 I/AdvancedPorting-PORT_MODULE_NET( 2921): network_task while---name_interface[1]=wlan0
11-06 20:34:34.379 I/AdvancedPorting-PORT_MODULE_NET( 2921): network_task while---interface_name=wlan0
11-06 20:34:34.380 I/AdvancedPorting-PORT_MODULE_NET( 2921): network_get_netlink_status(in)--if_name=wlan0
11-06 20:34:34.380 I/AdvancedPorting-PORT_MODULE_NET( 2921): net.network.isconnected = no
11-06 20:34:34.380 I/AdvancedPorting-PORT_MODULE_NET( 2921): wlan0 --network_get_netlink_status return retval=1
11-06 20:34:34.380 I/AdvancedPorting-PORT_MODULE_NET( 2921): stat = 1 last_status = 1
11-06 20:34:34.388 I/Advanced( 2921): [QUEUE] share_queue_sendEx size:1 4097 124 0x8fdbff30,postLoopId:0,dstid:1.
11-06 20:34:34.475 D/BackBootDealerNeimeng( 2385): standbyState:
11-06 20:34:34.476 E/NetUtils( 2020): Interface eth0 LinkDown!
11-06 20:34:34.588 D/[blink]DOMTimer( 2921): [fired] 0x8f312890 timeout fired.
11-06 20:34:34.588 D/ScriptController( 2921): [executeScriptAndReturnValue] [V8] evaluate Script start. frame=0x8f441a48 url= line=1. source length=22
11-06 20:34:34.588 D/iPanel  ( 2921): iPanel.debug("checkOverlayCreated")
11-06 20:34:34.589 D/[blink]DOMTimer( 2921): [DOMTimer] 0x8f312900 setTimeout 300ms, repeat:0.
11-06 20:34:34.589 D/ScriptController( 2921): [executeScriptAndReturnValue] [V8] evaluate Script end. frame=0x8f441a48 
11-06 20:34:34.589 I/Advanced( 2921): [QUEUE] share_queue_sendEx size:1 4097 125 0x8fdbff30,postLoopId:0,dstid:1.
11-06 20:34:34.789 I/Advanced( 2921): [QUEUE] share_queue_sendEx size:1 4097 126 0x8fdbff30,postLoopId:0,dstid:1.
11-06 20:34:34.889 D/[blink]DOMTimer( 2921): [fired] 0x8f312900 timeout fired.
11-06 20:34:34.889 D/ScriptController( 2921): [executeScriptAndReturnValue] [V8] evaluate Script start. frame=0x8f441a48 url= line=1. source length=22
11-06 20:34:34.889 D/iPanel  ( 2921): iPanel.debug("checkOverlayCreated")
11-06 20:34:34.889 D/[blink]DOMTimer( 2921): [DOMTimer] 0x8f312970 setTimeout 300ms, repeat:0.
11-06 20:34:34.889 D/ScriptController( 2921): [executeScriptAndReturnValue] [V8] evaluate Script end. frame=0x8f441a48 
11-06 20:34:34.976 D/BackBootDealerNeimeng( 2385): standbyState:
11-06 20:34:34.977 E/NetUtils( 2020): Interface eth0 LinkDown!
11-06 20:34:34.990 I/Advanced( 2921): [QUEUE] share_queue_sendEx size:1 4097 127 0x8fdbff30,postLoopId:0,dstid:1.
11-06 20:34:35.190 D/[blink]DOMTimer( 2921): [fired] 0x8f312970 timeout fired.
11-06 20:34:35.190 D/ScriptController( 2921): [executeScriptAndReturnValue] [V8] evaluate Script start. frame=0x8f441a48 url= line=1. source length=22
11-06 20:34:35.190 D/iPanel  ( 2921): iPanel.debug("checkOverlayCreated")
11-06 20:34:35.190 D/[blink]DOMTimer( 2921): [DOMTimer] 0x8f3129e0 setTimeout 300ms, repeat:0.
11-06 20:34:35.190 D/ScriptController( 2921): [executeScriptAndReturnValue] [V8] evaluate Script end. frame=0x8f441a48 
11-06 20:34:35.190 I/Advanced( 2921): [QUEUE] share_queue_sendEx size:1 4097 128 0x8fdbff30,postLoopId:0,dstid:1.
11-06 20:34:35.380 I/AdvancedPorting-PORT_MODULE_NET( 2921): network_task while... 
11-06 20:34:35.380 I/AdvancedPorting-PORT_MODULE_NET( 2921): 0 interface name: lo
11-06 20:34:35.380 I/AdvancedPorting-PORT_MODULE_NET( 2921): 1 interface name: wlan0
11-06 20:34:35.380 I/AdvancedPorting-PORT_MODULE_NET( 2921): First interface name: lo
11-06 20:34:35.380 I/AdvancedPorting-PORT_MODULE_NET( 2921): network_task while...  net_i:1
11-06 20:34:35.380 I/AdvancedPorting-PORT_MODULE_NET( 2921): network_task while---name_interface[0]=lo
11-06 20:34:35.380 I/AdvancedPorting-PORT_MODULE_NET( 2921): network_task while---name_interface[1]=wlan0
11-06 20:34:35.380 I/AdvancedPorting-PORT_MODULE_NET( 2921): network_task while---interface_name=wlan0
11-06 20:34:35.380 I/AdvancedPorting-PORT_MODULE_NET( 2921): network_get_netlink_status(in)--if_name=wlan0
11-06 20:34:35.380 I/AdvancedPorting-PORT_MODULE_NET( 2921): net.network.isconnected = no
11-06 20:34:35.380 I/AdvancedPorting-PORT_MODULE_NET( 2921): wlan0 --network_get_netlink_status return retval=1
11-06 20:34:35.380 I/AdvancedPorting-PORT_MODULE_NET( 2921): stat = 1 last_status = 1
11-06 20:34:35.478 D/BackBootDealerNeimeng( 2385): standbyState:
11-06 20:34:35.479 E/NetUtils( 2020): Interface eth0 LinkDown!
11-06 20:34:35.490 D/[blink]DOMTimer( 2921): [fired] 0x8f3129e0 timeout fired.
11-06 20:34:35.490 D/ScriptController( 2921): [executeScriptAndReturnValue] [V8] evaluate Script start. frame=0x8f441a48 url= line=1. source length=22
11-06 20:34:35.491 D/iPanel  ( 2921): iPanel.debug("checkOverlayCreated")
11-06 20:34:35.491 D/[blink]DOMTimer( 2921): [DOMTimer] 0x8f312a50 setTimeout 300ms, repeat:0.
11-06 20:34:35.491 D/ScriptController( 2921): [executeScriptAndReturnValue] [V8] evaluate Script end. frame=0x8f441a48 
11-06 20:34:35.600 I/Advanced( 2921): [QUEUE] share_queue_sendEx size:1 4097 130 0x8fdbff30,postLoopId:0,dstid:1.
11-06 20:34:35.791 D/[blink]DOMTimer( 2921): [fired] 0x8f312a50 timeout fired.
11-06 20:34:35.791 D/ScriptController( 2921): [executeScriptAndReturnValue] [V8] evaluate Script start. frame=0x8f441a48 url= line=1. source length=22
11-06 20:34:35.791 D/iPanel  ( 2921): iPanel.debug("checkOverlayCreated")
11-06 20:34:35.791 D/[blink]DOMTimer( 2921): [DOMTimer] 0x8f312ac0 setTimeout 300ms, repeat:0.
11-06 20:34:35.792 D/ScriptController( 2921): [executeScriptAndReturnValue] [V8] evaluate Script end. frame=0x8f441a48 
11-06 20:34:35.801 I/Advanced( 2921): [QUEUE] share_queue_sendEx size:1 4097 131 0x8fdbff30,postLoopId:0,dstid:1.
11-06 20:34:35.979 D/BackBootDealerNeimeng( 2385): standbyState:
11-06 20:34:35.980 E/NetUtils( 2020): Interface eth0 LinkDown!
11-06 20:34:36.001 I/Advanced( 2921): [QUEUE] share_queue_sendEx size:1 4097 132 0x8fdbff30,postLoopId:0,dstid:1.
11-06 20:34:36.092 D/[blink]DOMTimer( 2921): [fired] 0x8f312ac0 timeout fired.
11-06 20:34:36.092 D/ScriptController( 2921): [executeScriptAndReturnValue] [V8] evaluate Script start. frame=0x8f441a48 url= line=1. source length=22
11-06 20:34:36.092 D/iPanel  ( 2921): iPanel.debug("checkOverlayCreated")
11-06 20:34:36.092 D/[blink]DOMTimer( 2921): [DOMTimer] 0x8f312b30 setTimeout 300ms, repeat:0.
11-06 20:34:36.093 D/ScriptController( 2921): [executeScriptAndReturnValue] [V8] evaluate Script end. frame=0x8f441a48 
11-06 20:34:36.201 I/Advanced( 2921): [QUEUE] share_queue_sendEx size:1 4097 133 0x8fdbff30,postLoopId:0,dstid:1.
11-06 20:34:36.380 I/AdvancedPorting-PORT_MODULE_NET( 2921): network_task while... 
11-06 20:34:36.380 I/AdvancedPorting-PORT_MODULE_NET( 2921): 0 interface name: lo
11-06 20:34:36.380 I/AdvancedPorting-PORT_MODULE_NET( 2921): 1 interface name: wlan0
11-06 20:34:36.380 I/AdvancedPorting-PORT_MODULE_NET( 2921): First interface name: lo
11-06 20:34:36.380 I/AdvancedPorting-PORT_MODULE_NET( 2921): network_task while...  net_i:1
11-06 20:34:36.381 I/AdvancedPorting-PORT_MODULE_NET( 2921): network_task while---name_interface[0]=lo
11-06 20:34:36.381 I/AdvancedPorting-PORT_MODULE_NET( 2921): network_task while---name_interface[1]=wlan0
11-06 20:34:36.381 I/AdvancedPorting-PORT_MODULE_NET( 2921): network_task while---interface_name=wlan0
11-06 20:34:36.381 I/AdvancedPorting-PORT_MODULE_NET( 2921): network_get_netlink_status(in)--if_name=wlan0
11-06 20:34:36.381 I/AdvancedPorting-PORT_MODULE_NET( 2921): net.network.isconnected = no
11-06 20:34:36.381 I/AdvancedPorting-PORT_MODULE_NET( 2921): wlan0 --network_get_netlink_status return retval=1
11-06 20:34:36.381 I/AdvancedPorting-PORT_MODULE_NET( 2921): stat = 1 last_status = 1
11-06 20:34:36.393 D/[blink]DOMTimer( 2921): [fired] 0x8f312b30 timeout fired.
11-06 20:34:36.393 D/ScriptController( 2921): [executeScriptAndReturnValue] [V8] evaluate Script start. frame=0x8f441a48 url= line=1. source length=22
11-06 20:34:36.393 D/iPanel  ( 2921): iPanel.debug("checkOverlayCreated")
11-06 20:34:36.393 D/[blink]DOMTimer( 2921): [DOMTimer] 0x8f312ba0 setTimeout 300ms, repeat:0.
11-06 20:34:36.393 D/ScriptController( 2921): [executeScriptAndReturnValue] [V8] evaluate Script end. frame=0x8f441a48 
11-06 20:34:36.402 I/Advanced( 2921): [QUEUE] share_queue_sendEx size:1 4097 134 0x8fdbff30,postLoopId:0,dstid:1.
11-06 20:34:36.480 D/BackBootDealerNeimeng( 2385): standbyState:
11-06 20:34:36.481 E/NetUtils( 2020): Interface eth0 LinkDown!
11-06 20:34:36.602 I/Advanced( 2921): [QUEUE] share_queue_sendEx size:1 4097 135 0x8fdbff30,postLoopId:0,dstid:1.
11-06 20:34:36.693 D/[blink]DOMTimer( 2921): [fired] 0x8f312ba0 timeout fired.
11-06 20:34:36.693 D/ScriptController( 2921): [executeScriptAndReturnValue] [V8] evaluate Script start. frame=0x8f441a48 url= line=1. source length=22
11-06 20:34:36.694 D/iPanel  ( 2921): iPanel.debug("checkOverlayCreated")
11-06 20:34:36.694 D/[blink]DOMTimer( 2921): [DOMTimer] 0x8f312c10 setTimeout 300ms, repeat:0.
11-06 20:34:36.694 D/ScriptController( 2921): [executeScriptAndReturnValue] [V8] evaluate Script end. frame=0x8f441a48 
11-06 20:34:36.803 I/Advanced( 2921): [QUEUE] share_queue_sendEx size:1 4097 136 0x8fdbff30,postLoopId:0,dstid:1.
11-06 20:34:36.981 D/BackBootDealerNeimeng( 2385): standbyState:
11-06 20:34:36.982 E/NetUtils( 2020): Interface eth0 LinkDown!
11-06 20:34:36.994 D/[blink]DOMTimer( 2921): [fired] 0x8f312c10 timeout fired.
11-06 20:34:36.994 D/ScriptController( 2921): [executeScriptAndReturnValue] [V8] evaluate Script start. frame=0x8f441a48 url= line=1. source length=22
11-06 20:34:36.994 D/iPanel  ( 2921): iPanel.debug("checkOverlayCreated")
11-06 20:34:36.994 D/[blink]DOMTimer( 2921): [DOMTimer] 0x8f312c80 setTimeout 300ms, repeat:0.
11-06 20:34:36.995 D/ScriptController( 2921): [executeScriptAndReturnValue] [V8] evaluate Script end. frame=0x8f441a48 
11-06 20:34:37.003 I/Advanced( 2921): [QUEUE] share_queue_sendEx size:1 4097 137 0x8fdbff30,postLoopId:0,dstid:1.
11-06 20:34:37.295 D/[blink]DOMTimer( 2921): [fired] 0x8f312c80 timeout fired.
11-06 20:34:37.295 D/ScriptController( 2921): [executeScriptAndReturnValue] [V8] evaluate Script start. frame=0x8f441a48 url= line=1. source length=22
11-06 20:34:37.295 D/iPanel  ( 2921): iPanel.debug("checkOverlayCreated")
11-06 20:34:37.295 D/[blink]DOMTimer( 2921): [DOMTimer] 0x8f312cf0 setTimeout 300ms, repeat:0.
11-06 20:34:37.295 D/ScriptController( 2921): [executeScriptAndReturnValue] [V8] evaluate Script end. frame=0x8f441a48 
11-06 20:34:37.381 I/AdvancedPorting-PORT_MODULE_NET( 2921): network_task while... 
11-06 20:34:37.381 I/AdvancedPorting-PORT_MODULE_NET( 2921): 0 interface name: lo
11-06 20:34:37.381 I/AdvancedPorting-PORT_MODULE_NET( 2921): 1 interface name: wlan0
11-06 20:34:37.381 I/AdvancedPorting-PORT_MODULE_NET( 2921): First interface name: lo
11-06 20:34:37.381 I/AdvancedPorting-PORT_MODULE_NET( 2921): network_task while...  net_i:1
11-06 20:34:37.381 I/AdvancedPorting-PORT_MODULE_NET( 2921): network_task while---name_interface[0]=lo
11-06 20:34:37.381 I/AdvancedPorting-PORT_MODULE_NET( 2921): network_task while---name_interface[1]=wlan0
11-06 20:34:37.381 I/AdvancedPorting-PORT_MODULE_NET( 2921): network_task while---interface_name=wlan0
11-06 20:34:37.381 I/AdvancedPorting-PORT_MODULE_NET( 2921): network_get_netlink_status(in)--if_name=wlan0
11-06 20:34:37.381 I/AdvancedPorting-PORT_MODULE_NET( 2921): net.network.isconnected = no
11-06 20:34:37.381 I/AdvancedPorting-PORT_MODULE_NET( 2921): wlan0 --network_get_netlink_status return retval=1
11-06 20:34:37.381 I/AdvancedPorting-PORT_MODULE_NET( 2921): stat = 1 last_status = 1
11-06 20:34:37.413 I/Advanced( 2921): [QUEUE] share_queue_sendEx size:1 4097 139 0x8fdbff30,postLoopId:0,dstid:1.
11-06 20:34:37.483 D/BackBootDealerNeimeng( 2385): standbyState:
11-06 20:34:37.484 E/NetUtils( 2020): Interface eth0 LinkDown!
11-06 20:34:37.595 D/[blink]DOMTimer( 2921): [fired] 0x8f312cf0 timeout fired.
11-06 20:34:37.596 D/ScriptController( 2921): [executeScriptAndReturnValue] [V8] evaluate Script start. frame=0x8f441a48 url= line=1. source length=22
11-06 20:34:37.596 D/iPanel  ( 2921): iPanel.debug("checkOverlayCreated")
11-06 20:34:37.596 D/[blink]DOMTimer( 2921): [DOMTimer] 0x8f312d60 setTimeout 300ms, repeat:0.
11-06 20:34:37.596 D/ScriptController( 2921): [executeScriptAndReturnValue] [V8] evaluate Script end. frame=0x8f441a48 
11-06 20:34:37.613 I/Advanced( 2921): [QUEUE] share_queue_sendEx size:1 4097 140 0x8fdbff30,postLoopId:0,dstid:1.
11-06 20:34:37.814 I/Advanced( 2921): [QUEUE] share_queue_sendEx size:1 4097 141 0x8fdbff30,postLoopId:0,dstid:1.
11-06 20:34:37.841 D/ir_user ( 1587): PlayerTimeLineTrace:linux_keycode:0x66(DOWN),	protocol: .
11-06 20:34:37.841 V/PT      ( 1583): >>INFO:irkey_task:[     106.081914] /dev/input/event0: type=0001 code=0066 val=00000001
11-06 20:34:37.841 V/PT      ( 1583): >> HI3798C_ERRO:irkey_send-310- 
11-06 20:34:37.842 V/PT      ( 1583): unkown key=0x66
11-06 20:34:37.842 V/PT      ( 1583): >>INFO:irkey_send:0x3001 0x108e down
11-06 20:34:37.842 V/SUMA    ( 1583): ++++++++++++++  _roc_evtmgr_key_cbk 517:input = 12289, event=4238, act=0x100
11-06 20:34:37.842 V/SUMA    ( 1583): lxm:_roc_evtmgr_key_cbk 519 106082
11-06 20:34:37.842 V/SUMA    ( 1583): lxm:_roc_evtmgr_add_evt_into_queue 347 106082
11-06 20:34:37.842 V/PT      ( 1583): >>INFO:irkey_task:[     106.081914] /dev/input/event0: type=0000 code=0000 val=00000000
11-06 20:34:37.842 V/SUMA    ( 1583): ===================>> type=0 src=0 evt=4238 act=0x100
11-06 20:34:37.842 V/SUMA    ( 1583): [sysset-s][event_manager_cbk 78]lxm cbid=1, cbk_reg=1, cpid=2458
11-06 20:34:37.842 D/NGBEvent( 2458): ngbEventCallBack type:0 source :4238
11-06 20:34:37.842 D/NGBEvent( 2458): [NGBEventManager-JNI]-returning:1
11-06 20:34:37.843 D/NGBEvent( 2458): Input key event: keyCode=4238
11-06 20:34:37.843 D/NGBEvent( 2458): src:4238 = dest:4238
11-06 20:34:37.843 I/System.out( 2458): [DEBUG EventManager] LWJ--Add event to java with evt=NgbEvent-[type = 1, subtype = 401, code = 4238]
11-06 20:34:37.843 D/NGBEvent( 2458): [NGBEvent_log]--[EventManager--JNI]:		start
11-06 20:34:37.843 I/System.out( 2458): [DEBUG EventManager] broadcastEvent  :len 1
11-06 20:34:37.843 D/CombineKeyUtil( 2458): [TN_pool-1-thread-1]dealKeyEvent,combineIndex:-1:keyCode:0
11-06 20:34:37.843 D/KeyEventNgbDealer( 2458): [TN_pool-1-thread-1]handleKeyPressed keyEvent=NgbEvent-[type = 1, subtype = 401, code = 4238],time=106083
11-06 20:34:37.896 D/[blink]DOMTimer( 2921): [fired] 0x8f312d60 timeout fired.
11-06 20:34:37.896 D/ScriptController( 2921): [executeScriptAndReturnValue] [V8] evaluate Script start. frame=0x8f441a48 url= line=1. source length=22
11-06 20:34:37.896 D/iPanel  ( 2921): iPanel.debug("checkOverlayCreated")
11-06 20:34:37.896 D/[blink]DOMTimer( 2921): [DOMTimer] 0x8f312dd0 setTimeout 300ms, repeat:0.
11-06 20:34:37.896 D/ScriptController( 2921): [executeScriptAndReturnValue] [V8] evaluate Script end. frame=0x8f441a48 
11-06 20:34:37.984 D/BackBootDealerNeimeng( 2385): standbyState:
11-06 20:34:37.985 E/NetUtils( 2020): Interface eth0 LinkDown!
11-06 20:34:38.014 I/Advanced( 2921): [QUEUE] share_queue_sendEx size:1 4097 142 0x8fdbff30,postLoopId:0,dstid:1.
11-06 20:34:38.051 D/ir_user ( 1587): PlayerTimeLineTrace:linux_keycode:0x66(UP),	protocol: .
11-06 20:34:38.051 V/PT      ( 1583): >>INFO:irkey_task:[     106.291265] /dev/input/event0: type=0001 code=0066 val=00000000
11-06 20:34:38.051 V/PT      ( 1583): >> HI3798C_ERRO:irkey_send-310- 
11-06 20:34:38.051 V/PT      ( 1583): unkown key=0x66
11-06 20:34:38.051 V/PT      ( 1583): >>INFO:irkey_send:0x3001 0x108e up  
11-06 20:34:38.051 V/SUMA    ( 1583): ++++++++++++++  _roc_evtmgr_key_cbk 517:input = 12289, event=4238, act=0x400
11-06 20:34:38.051 V/SUMA    ( 1583): lxm:_roc_evtmgr_key_cbk 519 106291
11-06 20:34:38.051 V/SUMA    ( 1583): lxm:_roc_evtmgr_add_key_into_queue 311 106291
11-06 20:34:38.051 V/PT      ( 1583): >>INFO:irkey_task:[     106.291265] /dev/input/event0: type=0000 code=0000 val=00000000
11-06 20:34:38.051 V/SUMA    ( 1583): ===================>> type=0 src=0 evt=4238 act=0x400
11-06 20:34:38.051 V/SUMA    ( 1583): [sysset-s][event_manager_cbk 78]lxm cbid=1, cbk_reg=1, cpid=2458
11-06 20:34:38.052 D/NGBEvent( 2458): ngbEventCallBack type:0 source :4238
11-06 20:34:38.052 D/NGBEvent( 2458): [NGBEventManager-JNI]-returning:1
11-06 20:34:38.052 D/NGBEvent( 2458): Input key event: keyCode=4238
11-06 20:34:38.052 D/NGBEvent( 2458): src:4238 = dest:4238
11-06 20:34:38.052 I/System.out( 2458): [DEBUG EventManager] LWJ--Add event to java with evt=NgbEvent-[type = 1, subtype = 402, code = 4238]
11-06 20:34:38.052 D/NGBEvent( 2458): [NGBEvent_log]--[EventManager--JNI]:		start
11-06 20:34:38.052 I/System.out( 2458): [DEBUG EventManager] broadcastEvent  :len 1
11-06 20:34:38.053 D/KeyEventNgbDealer( 2458): [TN_pool-1-thread-1]handleKeyReleased keyEvent=NgbEvent-[type = 1, subtype = 402, code = 4238],time=106292
11-06 20:34:38.054 D/HomeReceiver( 2385): [TN_main]onReceive context=com.suma.midware.back.BackService@22d5d4b5,intent=Intent { act=android.intent.action.CLOSE_SYSTEM_DIALOGS flg=0x50000010 (has extras) },action=android.intent.action.CLOSE_SYSTEM_DIALOGS
11-06 20:34:38.054 D/HomeReceiver( 2385): [TN_main]onReceive reason=homekey
11-06 20:34:38.054 E/HomeReceiver( 2385): [TN_main]onReceive home key down
11-06 20:34:38.055 I/ActivityManager( 2020): START u0 {act=android.intent.action.MAIN cat=[android.intent.category.HOME] flg=0x10200000 cmp=com.suma.midware.home/.third.Main3DActivity} from uid 1000 on display 0
11-06 20:34:38.055 E/PlayActivity( 2759): action:android.intent.action.CLOSE_SYSTEM_DIALOGS,reason:homekey
11-06 20:34:38.055 D/HomeReceiver( 2498): [TN_main]onReceive context=com.suma.midware.home.third.Main3DActivity@46ab53e,intent=Intent { act=android.intent.action.CLOSE_SYSTEM_DIALOGS flg=0x50000010 (has extras) },action=android.intent.action.CLOSE_SYSTEM_DIALOGS
11-06 20:34:38.056 D/HomeReceiver( 2498): [TN_main]onReceive reason=homekey
11-06 20:34:38.056 W/Main3DActivity( 2498): [TN_main]11111onReceive home key down,appStartMode:0
11-06 20:34:38.056 E/HomeReceiver( 2498): [TN_main]onReceive home key down
11-06 20:34:38.071 D/BrowserActivity( 2921): onPause start
11-06 20:34:38.072 D/browser.cc( 2921): [OnPause] 
11-06 20:34:38.072 D/PortingBridge( 2921): porting_bridge_on_pause---0
11-06 20:34:38.072 I/Advanced( 2921): [middleware] ipanel_middleware_message_post type=257,wParam=5780,lParam=1011
11-06 20:34:38.072 I/AdvancedPorting-PORT_MODULE_MEDIAPLAYER( 2921): [PORTING][ipanel_porting_mediaplayer_standby] CALLED
11-06 20:34:38.072 I/AdvancedPorting-PORT_MODULE_MEDIAPLAYER( 2921): [PORTING][ipanel_porting_mediaplayer_standby] END
11-06 20:34:38.072 I/Advanced( 2921): [middleware] ipanel_middleware_message_post type=257,wParam=5785,lParam=0
11-06 20:34:38.072 D/webcoreBridge( 2921): #2957 execJS frameName='eventFrame' jscore='iPanel.dispatchMessage(32774,5780,1011);'
11-06 20:34:38.072 D/webcoreBridge( 2921): execJS-->frame:0x8f441a48 focusFrame=0x8f562c20 focusFrame.script=0x5ad4ce30
11-06 20:34:38.072 D/webcoreBridge( 2921): execJS-->executeScript frame=0x8f441a48 script=0x5ad41988
11-06 20:34:38.072 D/ScriptController( 2921): [executeScriptAndReturnValue] [V8] evaluate Script start. frame=0x8f441a48 url= line=1. source length=40
11-06 20:34:38.072 I/cr_AwContents( 2921): org.chromium.android_webview.AwContents@3b71f97f onPause
11-06 20:34:38.072 D/iPanel  ( 2921): iPanel.debug("dispatchMessage:msg: 32774,5780,1011")
11-06 20:34:38.072 D/iPanel  ( 2921): get getFocusedOrMainFrame
11-06 20:34:38.072 D/iPanel  ( 2921): getFrameByName 'eventFrame' frame=0x8f441a48 window=0x8f4426f8
11-06 20:34:38.072 D/iPanel  ( 2921): getFrameByName 'mainFrame' frame=0x8f449d58 window=0x8f45af40
11-06 20:34:38.073 D/iPanel  ( 2921): iPanel.debug("dispatchMessage:iPanel.getFocusedOrMainFrame = http://10.14.41.246/application/bxfc/sec/popTv_new.php")
11-06 20:34:38.073 D/iPanel  ( 2921): iPanel.debug("dispatchMessage:frame num: 2, keyEvent:system")
11-06 20:34:38.073 D/iPanel  ( 2921): iPanel.debug("dispatchMessage:#2. proc event 5780. url: http://10.14.41.246/application/bxfc/sec/popTv_new.php")
11-06 20:34:38.073 I/ActivityManager( 2020): Force stopping com.android.browser appid=10010 user=0: from pid 2385
11-06 20:34:38.073 D/iPanel  ( 2921): iPanel.debug("w=[object Window], document=[object HTMLDocument], keyCode=5780, modifiers=1011, keyEvent=system")
11-06 20:34:38.073 D/BrowserActivity( 2921): onPause end
11-06 20:34:38.075 D/BackBootDealerNeimeng( 2385): handleHomeKey isRunning:false
11-06 20:34:38.076 D/HomeReceiver( 2385): [TN_main]onReceive context=com.suma.midware.back.BackApplication@2b9900d9,intent=Intent { act=android.intent.action.CLOSE_SYSTEM_DIALOGS flg=0x50000010 (has extras) },action=android.intent.action.CLOSE_SYSTEM_DIALOGS
11-06 20:34:38.076 D/HomeReceiver( 2385): [TN_main]onReceive reason=homekey
11-06 20:34:38.076 E/HomeReceiver( 2385): [TN_main]onReceive home key down
11-06 20:34:38.079 D/Main3DActivity( 2498): [TN_main]onNewIntent time=106319,intent=Intent { act=android.intent.action.MAIN cat=[android.intent.category.HOME] flg=0x10600000 cmp=com.suma.midware.home/.third.Main3DActivity }
11-06 20:34:38.079 D/BaseApplication( 2498): [TN_main]onActivityStarted activity=com.suma.midware.home.third.Main3DActivity@46ab53e
11-06 20:34:38.079 D/Main3DActivity( 2498): [TN_main]onStart time=106319
11-06 20:34:38.079 E/FlyAndWeatherUpdate( 2498): [TN_main]spflyWord is empty
11-06 20:34:38.079 D/HomeFlyWord( 2498): [TN_main]startScrollView delay=2000
11-06 20:34:38.079 W/HomeFlyWord( 2498): [TN_main]startScrollView scrollView null
11-06 20:34:38.080 D/Main3DActivity( 2498): [TN_main]onResume time=106320,isFirst=false
11-06 20:34:38.080 D/BaseApplication( 2498): [TN_main]onActivityResumed activity=com.suma.midware.home.third.Main3DActivity@46ab53e
11-06 20:34:38.080 D/PlayExcuter( 2498): [TN_main]notifyPlay type=9,curType=-2,cancelType=3,cancelVideoType=1,isResetData=true,task=null,this.task=[PlayDirectTask@d5737ce]playTaskType[1]playType[0]playerType[-1]isEcmSet[false]playerIndex[0]tunerIndex[0]channel[[DirectChannel@32501b]channelID[0]oNetID[1]tsID[31]serviceID[3102]freq[371000]name[CCTV-1高清]serviceType[8]attr[16384]serialNum[1]serialNum4[1]pcrPID[49]refServiceID[-1]],indexs=null
11-06 20:34:38.080 D/PlayExcuter( 2498): [TN_main]releasePlayer curType=-2,cancelType=3,task=[PlayDirectTask@d5737ce]playTaskType[1]playType[0]playerType[-1]isEcmSet[false]playerIndex[0]tunerIndex[0]channel[[DirectChannel@32501b]channelID[0]oNetID[1]tsID[31]serviceID[3102]freq[371000]name[CCTV-1高清]serviceType[8]attr[16384]serialNum[1]serialNum4[1]pcrPID[49]refServiceID[-1]]
11-06 20:34:38.080 D/PlayBaseDealer( 2385): [TN_Binder_4]releasePlayers cancelType=3,videoType=1,isResetData=true,curPlayerIndex=-1,isCheckPID=false
11-06 20:34:38.080 D/PlayBaseDealer( 2385): [TN_Binder_4]releasePlayers size=1
11-06 20:34:38.080 D/PlayNgbDealer( 2385): [TN_Binder_4]findPlayer index=0,findType=0,channelIndex=0
11-06 20:34:38.080 E/PlayNgbDealer( 2385): [TN_Binder_4]releasePlayer index=0 player is null
11-06 20:34:38.080 D/PlayerManager( 2498): [TN_main]cancelPlayTask cancleType=3,cancelVideoType=1,isResetData=true,isCheckPID=false,state=0,indexs=null
11-06 20:34:38.080 D/DataBaseManager( 2498): [TN_main]getAttrList comparatorMode=-1,comparatorType=-1,termType=10
11-06 20:34:38.080 D/DataBaseManager( 2498): [TN_main]getAttrList comparatorMode=-1,comparatorType=-1,termType=10
11-06 20:34:38.081 D/DataBaseManager( 2498): [TN_main]getAttrList comparatorMode=-1,comparatorType=-1,termType=10
11-06 20:34:38.081 D/DataBaseManager( 2498): [TN_main]getAttrList comparatorMode=-1,comparatorType=-1,termType=10
11-06 20:34:38.081 D/DataBaseManager( 2498): [TN_main]getAttrList comparatorMode=-1,comparatorType=-1,termType=10
11-06 20:34:38.081 D/DataBaseManager( 2498): [TN_main]getAttrList comparatorMode=-1,comparatorType=-1,termType=10
11-06 20:34:38.081 D/DataBaseManager( 2498): [TN_main]getAttrList comparatorMode=-1,comparatorType=-1,termType=10
11-06 20:34:38.081 D/DataBaseManager( 2498): [TN_main]getAttrList comparatorMode=-1,comparatorType=-1,termType=10
11-06 20:34:38.081 D/DataBaseManager( 2498): [TN_main]getAttrList comparatorMode=-1,comparatorType=-1,termType=10
11-06 20:34:38.081 D/DataBaseManager( 2498): [TN_main]getAttrList comparatorMode=-1,comparatorType=-1,termType=10
11-06 20:34:38.081 D/ChromeClientImpl( 2921): [addMessageToConsole] [LOG:CONSOLE(4096)] "-------iframe按键响应=", source:http://10.14.41.246/application/bxfc/sec/popTv_new.php (4096)
11-06 20:34:38.082 D/DataBaseManager( 2498): [TN_main]getAttrList comparatorMode=-1,comparatorType=-1,termType=10
11-06 20:34:38.082 D/DataBaseManager( 2498): [TN_main]getAttrList comparatorMode=-1,comparatorType=-1,termType=10
11-06 20:34:38.082 D/DataBaseManager( 2498): [TN_main]getAttrList comparatorMode=-1,comparatorType=-1,termType=10
11-06 20:34:38.082 D/DataBaseManager( 2498): [TN_main]getAttrList comparatorMode=-1,comparatorType=-1,termType=5
11-06 20:34:38.083 D/base::Ini( 2921): [getOption] getOption name='no-jsexception-throw' value='yes'.
11-06 20:34:38.083 D/iPanel  ( 2921): iPanel.debug("ret: true")
11-06 20:34:38.083 D/iPanel  ( 2921): iPanel.debug("dispatchMessage:#1. proc event 5780. url: ui:///eventpage.htm?ipanelcmd-name=eventFrame&script=ui:///ipanel.js")
11-06 20:34:38.083 D/iPanel  ( 2921): iPanel.debug("w=[object Window], document=[object HTMLDocument], keyCode=5780, modifiers=1011, keyEvent=system")
11-06 20:34:38.083 D/iPanel  ( 2921): iPanel.debug("eventpage grabEvent")
11-06 20:34:38.083 D/iPanel  ( 2921): getFrameByName 'mainFrame' frame=0x8f449d58 window=0x8f45af40
11-06 20:34:38.083 D/iPanel  ( 2921): iPanel.debug("--zjh-- url = http://10.14.41.246/application/bxfc/sec/index.htm  keycode = 5780")
11-06 20:34:38.083 D/iPanel  ( 2921): iPanel.debug("eventpage.htm args.type==false")
11-06 20:34:38.083 D/iPanel  ( 2921): iPanel.debug("eventpage grabEvent eventObj==[object Object]")
11-06 20:34:38.083 D/iPanel  ( 2921): iPanel.debug("eventpage eventObj.code = EIS_OTHER_APP_MESSAGE_OPEN")
11-06 20:34:38.083 D/iPanel  ( 2921): iPanel.debug("eventpage keyValue = 5780--p2:1011")
11-06 20:34:38.084 D/ChromeClientImpl( 2921): [addMessageToConsole] [LOG:CONSOLE(643)] "eventHandler---keycode==5780,p2=1011", source:ui:///mediaPlayer.js (643)
11-06 20:34:38.084 D/iPanel  ( 2921): iPanel.debug("ret: 0")
11-06 20:34:38.084 D/iPanel  ( 2921): iPanel.debug("dispatchMessage:end")
11-06 20:34:38.084 D/ScriptController( 2921): [executeScriptAndReturnValue] [V8] evaluate Script end. frame=0x8f441a48 
11-06 20:34:38.084 D/webcoreBridge( 2921): execJS-->executeScript frame=0x8f441a48 end.
11-06 20:34:38.084 D/webcoreBridge( 2921): #2957 execJS frameName='eventFrame' jscore='iPanel.dispatchMessage(32774,5785,0);'
11-06 20:34:38.084 D/webcoreBridge( 2921): execJS-->frame:0x8f441a48 focusFrame=0x8f562c20 focusFrame.script=0x5ad4ce30
11-06 20:34:38.084 D/webcoreBridge( 2921): execJS-->executeScript frame=0x8f441a48 script=0x5ad41988
11-06 20:34:38.084 D/ScriptController( 2921): [executeScriptAndReturnValue] [V8] evaluate Script start. frame=0x8f441a48 url= line=1. source length=37
11-06 20:34:38.084 D/iPanel  ( 2921): iPanel.debug("dispatchMessage:msg: 32774,5785,0")
11-06 20:34:38.084 D/iPanel  ( 2921): get getFocusedOrMainFrame
11-06 20:34:38.084 D/iPanel  ( 2921): getFrameByName 'eventFrame' frame=0x8f441a48 window=0x8f4426f8
11-06 20:34:38.084 D/iPanel  ( 2921): getFrameByName 'mainFrame' frame=0x8f449d58 window=0x8f45af40
11-06 20:34:38.084 D/DataBase( 2385): [TN_Binder_3]getCurChannel index=0,lastChannelNum=2,database=com.suma.midware.back.database.neimeng.DirectDataBaseNeimeng@20ebee0a
11-06 20:34:38.084 D/DataBase( 2385): [TN_Binder_3]getCurChannel index=0,curChannel=[DirectChannel@32501b]channelID[0]oNetID[1]tsID[31]serviceID[3102]freq[371000]name[CCTV-1高清]serviceType[8]attr[16384]serialNum[1]serialNum4[1]pcrPID[49]refServiceID[-1]
11-06 20:34:38.085 D/iPanel  ( 2921): iPanel.debug("dispatchMessage:iPanel.getFocusedOrMainFrame = http://10.14.41.246/application/bxfc/sec/popTv_new.php")
11-06 20:34:38.085 D/iPanel  ( 2921): iPanel.debug("dispatchMessage:frame num: 2, keyEvent:system")
11-06 20:34:38.085 D/iPanel  ( 2921): iPanel.debug("dispatchMessage:#2. proc event 5785. url: http://10.14.41.246/application/bxfc/sec/popTv_new.php")
11-06 20:34:38.085 D/iPanel  ( 2921): iPanel.debug("w=[object Window], document=[object HTMLDocument], keyCode=5785, modifiers=0, keyEvent=system")
11-06 20:34:38.085 D/ChannelHandler( 2498): [TN_main]update curChannel=[DirectChannel@32501b]channelID[0]oNetID[1]tsID[31]serviceID[3102]freq[371000]name[CCTV-1高清]serviceType[8]attr[16384]serialNum[1]serialNum4[1]pcrPID[49]refServiceID[-1]
11-06 20:34:38.085 D/SysEventHandler( 2385): [TN_Binder_2]addEventListener binder=android.os.BinderProxy@1208ecc
11-06 20:34:38.085 D/DataBaseHandler( 2385): [TN_Binder_1]addDataListener binder=android.os.BinderProxy@24272515
11-06 20:34:38.086 D/PlayerHandler( 2385): [TN_Binder_4]addPlayListener binder=android.os.BinderProxy@1535602a
11-06 20:34:38.086 D/ChromeClientImpl( 2921): [addMessageToConsole] [LOG:CONSOLE(4096)] "-------iframe按键响应=", source:http://10.14.41.246/application/bxfc/sec/popTv_new.php (4096)
11-06 20:34:38.086 D/iPanel  ( 2921): iPanel.debug("ret: true")
11-06 20:34:38.086 D/iPanel  ( 2921): iPanel.debug("dispatchMessage:#1. proc event 5785. url: ui:///eventpage.htm?ipanelcmd-name=eventFrame&script=ui:///ipanel.js")
11-06 20:34:38.086 D/iPanel  ( 2921): iPanel.debug("w=[object Window], document=[object HTMLDocument], keyCode=5785, modifiers=0, keyEvent=system")
11-06 20:34:38.086 D/iPanel  ( 2921): iPanel.debug("eventpage grabEvent")
11-06 20:34:38.086 D/iPanel  ( 2921): getFrameByName 'mainFrame' frame=0x8f449d58 window=0x8f45af40
11-06 20:34:38.086 D/iPanel  ( 2921): iPanel.debug("--zjh-- url = http://10.14.41.246/application/bxfc/sec/index.htm  keycode = 5785")
11-06 20:34:38.086 D/iPanel  ( 2921): iPanel.debug("eventpage.htm args.type==true")
11-06 20:34:38.086 D/iPanel  ( 2921): iPanel.debug("eventpage grabEvent eventObj==[object Object]")
11-06 20:34:38.086 D/iPanel  ( 2921): iPanel.debug("eventpage eventObj.code = EIS_APP_PAUSE")
11-06 20:34:38.086 D/iPanel  ( 2921): iPanel.debug("eventpage keyValue = 5785--p2:0")
11-06 20:34:38.087 D/ChromeClientImpl( 2921): [addMessageToConsole] [LOG:CONSOLE(643)] "eventHandler---keycode==5785,p2=0", source:ui:///mediaPlayer.js (643)
11-06 20:34:38.087 D/iPanel  ( 2921): iPanel.debug("ret: 0")
11-06 20:34:38.087 D/iPanel  ( 2921): iPanel.debug("dispatchMessage:end")
11-06 20:34:38.087 D/ScriptController( 2921): [executeScriptAndReturnValue] [V8] evaluate Script end. frame=0x8f441a48 
11-06 20:34:38.087 D/webcoreBridge( 2921): execJS-->executeScript frame=0x8f441a48 end.
11-06 20:34:38.087 D/[cc]beginFrameSource( 2921): [AddObserver] ExternalBeginFrameSource::AddObserver
11-06 20:34:38.089 D/ChannelHandler( 2498): [TN_main]start userChannelinfo=
11-06 20:34:38.090 W/ContextImpl( 2498): Calling a method in the system process without a qualified user: android.app.ContextImpl.sendBroadcast:1345 android.content.ContextWrapper.sendBroadcast:377 com.suma.midware.view.ext.BluetoothUpdate.b:-1 com.suma.midware.home.third.Main3DActivity.onResume:-1 android.app.Instrumentation.callActivityOnResume:1257 
11-06 20:34:38.091 E/NetUtils( 2020): Interface eth0 LinkDown!
11-06 20:34:38.092 D/NetUpdate( 2498): [TN_main]checkNetState state=1
11-06 20:34:38.092 D/Main3DActivity( 2498): [TN_main]onResume curPanel=com.suma.midware.home.third.a.a@25f7f74e,intent=Intent { act=android.intent.action.MAIN cat=[android.intent.category.HOME] flg=0x10600000 cmp=com.suma.midware.home/.third.Main3DActivity },appStartMode=0
11-06 20:34:38.092 D/GLRootView( 2498): doAction isPause:false:isCreated:true:isPaused:false
11-06 20:34:38.092 D/SoundAndroidAdmin( 2385): [TN_Binder_3]isMute state=false
11-06 20:34:38.093 D/Main3DActivity( 2498): [TN_main]onResume endTime=106333,isEventDeal=true
11-06 20:34:38.093 W/ContextImpl( 2498): Calling a method in the system process without a qualified user: android.app.ContextImpl.sendBroadcast:1345 android.content.ContextWrapper.sendBroadcast:377 android.app.ActivityThread.performResumeActivity:2982 android.app.ActivityThread.handleResumeActivity:3023 android.app.ActivityThread$H.handleMessage:1347 
11-06 20:34:38.098 D/GLRootView( 2498): surfaceCreated holder:android.view.SurfaceView$4@31f20d02
11-06 20:34:38.101 D/SUMA_ENGINE3d( 2498):  thread[GLThread 73] onSurfaceChanged w: 1280, h : 720
11-06 20:34:38.101 D/SUMA_ENGINE3d( 2498):  thread[GLThread 73] onSurfaceChanged startModeTime:106341
11-06 20:34:38.102 D/SUMA_ENGINE3d( 2498):  thread[GLThread 73] onSurfaceChanged endTime:106342
11-06 20:34:38.104 D/BasicRootPanel( 2498): [TN_GLThread 73]updateMultiState type=1,state=1
11-06 20:34:38.104 D/MultiStateFigure( 2498): [TN_GLThread 73]setWorkState workState=1,this.workState=1
11-06 20:34:38.104 W/MultiStateFigure( 2498): [TN_GLThread 73]setWorkState same workState=1
11-06 20:34:38.104 D/BasicRootView( 2498): [TN_GLThread 73]switchRootPanel panelIndex=0,isAnim=false,subPanelIndex=-1
11-06 20:34:38.104 D/BasicRootView( 2498): [TN_GLThread 73]switchRootPanel isFirst=false,curPanel=com.suma.midware.home.third.a.a@25f7f74e
11-06 20:34:38.104 D/BasicRootPanel( 2498): [TN_GLThread 73]hidePanel curPanelIndex=5,lastFocus=false,panelSize=7
11-06 20:34:38.104 D/BasicRootPanel( 2498): [TN_GLThread 73]hidePanel basicFigure=com.suma.midware.view.b.c.c@17a671cc
11-06 20:34:38.104 D/BasicFigure( 2498): [TN_GLThread 73]onFocusLost figure=com.suma.midware.view.b.c.c@17a671cc
11-06 20:34:38.104 W/BasicRootPanel( 2498): [TN_GLThread 73]switchPanelLight lightFigure null
11-06 20:34:38.104 D/HomePanel( 2498): [TN_GLThread 73]dealPanelShow subPanelIndex=-1,size=7
11-06 20:34:38.104 D/HomePanel( 2498): [TN_GLThread 73]dealPanelShow curPanelIndex=5,lastFocus=false,subPanelIndex=0,subFocusIndex=0
11-06 20:34:38.104 W/BasicRootPanel( 2498): [TN_GLThread 73]changeBgAttr coverImgRes null
11-06 20:34:38.104 D/FixedRes( 2498): [TN_GLThread 73]getNineImgRes nineImgSize=2
11-06 20:34:38.104 D/BasicColumn( 2498): [TN_GLThread 73]moveFocus xOffset=151.000,yOffset=139.000
11-06 20:34:38.104 D/BasicColumn( 2498): [TN_GLThread 73]onFocus isFocus=false,index=0,nextIndex=-1
11-06 20:34:38.104 D/FixedRes( 2498): [TN_GLThread 73]getNineImgRes nineImgSize=2
11-06 20:34:38.105 D/BasicColumn( 2498): [TN_GLThread 73]moveFocus xOffset=151.000,yOffset=139.000
11-06 20:34:38.105 D/BasicFigure( 2498): [TN_GLThread 73]onFocusGain figure=com.suma.midware.view.b.c.p@2935fc84
11-06 20:34:38.105 D/BasicFigure( 2498): [TN_GLThread 73]onFocusGain panelIndex=0,curPanelIndex=0,basicFigure=com.suma.midware.view.b.c.p@2935fc84
11-06 20:34:38.105 D/BasicFigure( 2498): [TN_GLThread 73]dealFocusGainAnim scaleLargeAnim null
11-06 20:34:38.105 D/BasicRootPanel( 2498): [TN_GLThread 73]isPlayAble curBasicPanel=com.suma.midware.view.b.d.d@389bce67
11-06 20:34:38.105 D/BasicPanel( 2498): [TN_GLThread 73]isPlayAble xOffset=0.00000
11-06 20:34:38.105 D/ChannelHandler( 2498): [TN_GLThread 73]startPlay isForce=true,curChannel=[DirectChannel@32501b]channelID[0]oNetID[1]tsID[31]serviceID[3102]freq[371000]name[CCTV-1高清]serviceType[8]attr[16384]serialNum[1]serialNum4[1]pcrPID[49]refServiceID[-1]
11-06 20:34:38.105 D/PlayNgbDealer( 2385): [TN_Binder_2]findPlayer index=0,findType=0,channelIndex=0
11-06 20:34:38.105 E/PlayNgbDealer( 2385): [TN_Binder_2]getChannel index=0 player null
11-06 20:34:38.105 D/PlayTask( 2498): [TN_GLThread 73]isLegal playerType=-1,view=com.suma.midware.view.widget2d.CustomSurfaceView{2f52b513 V.E..... ......I. 49,141-498,393}
11-06 20:34:38.105 D/PlayerManager( 2498): [TN_GLThread 73]addPlayTask playTask=[PlayDirectTask@1fdf1332]playTaskType[0]playType[0]playerType[-1]isEcmSet[true]playerIndex[0]tunerIndex[0]channel[[DirectChannel@32501b]channelID[0]oNetID[1]tsID[31]serviceID[3102]freq[371000]name[CCTV-1高清]serviceType[8]attr[16384]serialNum[1]serialNum4[1]pcrPID[49]refServiceID[-1]],state=0
11-06 20:34:38.106 D/PlayNgbDealer( 2385): [TN_Binder_2]startPlayAsyTask index=0,channel=[DirectChannel@32501b]channelID[0]oNetID[1]tsID[31]serviceID[3102]freq[371000]name[CCTV-1高清]serviceType[8]attr[16384]serialNum[1]serialNum4[1]pcrPID[49]refServiceID[-1]
11-06 20:34:38.106 D/PlayNgbDealer( 2385): [TN_Binder_2]findPlayer index=0,findType=2,channelIndex=0
11-06 20:34:38.106 E/PlayNgbDealer( 2385): [TN_Binder_2]startPlayAsyTask index=0 player null
