11-06 20:34:23.563 D/[blink]FrameView( 2921): [layout] performLayout start... this:0x8f306330
11-06 20:34:23.563 D/[blink]FrameView( 2921): [layout] performLayout end... this:0x8f306330
11-06 20:34:23.563 D/[blink]FrameView( 2921): [layout] call compositor()->didLayout()!
11-06 20:34:23.563 D/[blink]FrameView( 2921): [layout] updateDocumentAnnotatedRegions start... this:0x8f306330
11-06 20:34:23.563 D/[blink]FrameView( 2921): [layout] scheduleOrPerformPostLayoutTasks start... this:0x8f306330
11-06 20:34:23.563 D/[blink]FrameView( 2921): [layout] end... this:0x8f306330
11-06 20:34:23.563 D/[blink]FrameView( 2921): [layout] out... this:0x8f306330
11-06 20:34:23.563 D/[blink]FrameView( 2921): [updateStyleAndLayoutIfNeededRecursiveInternal] in... this:0x8f30c7a8.
11-06 20:34:23.563 D/[blink]FrameView( 2921): [updateStyleAndLayoutIfNeededRecursiveInternal] end... this:0x8f30c7a8.
11-06 20:34:23.563 D/[blink]FrameView( 2921): [updateStyleAndLayoutIfNeededRecursiveInternal] end... this:0x8f306330.
11-06 20:34:23.563 D/[blink]FrameView( 2921): [updateLifecyclePhasesInternal] in... this:0x8f306330, targetState=18
11-06 20:34:23.564 D/[blink]FrameView( 2921): [updateLifecyclePhasesInternal] call compositor()->updateIfNeededRecursive()!
11-06 20:34:23.564 D/[cc]LayerTreeHost( 2921): [SetNeedsCommit] SetNeedsCommit!this:0x9f46a140
11-06 20:34:23.564 D/[cc]LayerTreeHost( 2921): [SetNeedsCommit] SetNeedsCommit!this:0x9f46a140
11-06 20:34:23.564 D/[cc]LayerTreeHost( 2921): [SetNeedsCommit] SetNeedsCommit!this:0x9f46a140
11-06 20:34:23.564 D/[cc]LayerTreeHost( 2921): [SetNeedsCommit] SetNeedsCommit!this:0x9f46a140
11-06 20:34:23.564 D/[cc]LayerTreeHost( 2921): [SetNeedsCommit] SetNeedsCommit!this:0x9f46a140
11-06 20:34:23.564 D/[cc]LayerTreeHost( 2921): [SetNeedsCommit] SetNeedsCommit!this:0x9f46a140
11-06 20:34:23.564 D/[cc]LayerTreeHost( 2921): [SetNeedsCommit] SetNeedsCommit!this:0x9f46a140
11-06 20:34:23.564 D/[cc]LayerTreeHost( 2921): [SetNeedsCommit] SetNeedsCommit!this:0x9f46a140
11-06 20:34:23.564 D/[cc]LayerTreeHost( 2921): [SetNeedsCommit] SetNeedsCommit!this:0x9f46a140
11-06 20:34:23.564 D/[cc]LayerTreeHost( 2921): [SetNeedsCommit] SetNeedsCommit!this:0x9f46a140
11-06 20:34:23.564 D/[cc]LayerTreeHost( 2921): [SetNeedsCommit] SetNeedsCommit!this:0x9f46a140
11-06 20:34:23.569 D/[blink]FrameView( 2921): [updateLifecyclePhasesInternal] end... this:0x8f306330
11-06 20:34:23.691 I/Advanced( 2921): [QUEUE] share_queue_sendEx size:1 4097 71 0x8fdbff30,postLoopId:0,dstid:1.
11-06 20:34:23.742 D/ir_user ( 1587): PlayerTimeLineTrace:linux_keycode:0x6a(UP),	protocol: .
11-06 20:34:23.742 V/PT      ( 1583): >>INFO:irkey_task:[      91.982877] /dev/input/event0: type=0001 code=006a val=00000000
11-06 20:34:23.742 V/PT      ( 1583): >>INFO:irkey_send:0x3001 0x0027 up  
11-06 20:34:23.743 V/SUMA    ( 1583): ++++++++++++++  _roc_evtmgr_key_cbk 517:input = 12289, event=39, act=0x400
11-06 20:34:23.743 V/SUMA    ( 1583): lxm:_roc_evtmgr_key_cbk 519 91983
11-06 20:34:23.743 V/SUMA    ( 1583): lxm:_roc_evtmgr_add_key_into_queue 311 91983
11-06 20:34:23.743 V/PT      ( 1583): >>INFO:irkey_task:[      91.982877] /dev/input/event0: type=0000 code=0000 val=00000000
11-06 20:34:23.743 V/SUMA    ( 1583): ===================>> type=0 src=0 evt=39 act=0x400
11-06 20:34:23.743 V/SUMA    ( 1583): [sysset-s][event_manager_cbk 78]lxm cbid=1, cbk_reg=1, cpid=2458
11-06 20:34:23.743 D/NGBEvent( 2458): ngbEventCallBack type:0 source :39
11-06 20:34:23.743 D/NGBEvent( 2458): [NGBEventManager-JNI]-returning:1
11-06 20:34:23.743 D/NGBEvent( 2458): Input key event: keyCode=39
11-06 20:34:23.743 D/NGBEvent( 2458): src:39 = dest:39
11-06 20:34:23.744 I/System.out( 2458): [DEBUG EventManager] LWJ--Add event to java with evt=NgbEvent-[type = 1, subtype = 402, code = 39]
11-06 20:34:23.744 D/NGBEvent( 2458): [NGBEvent_log]--[EventManager--JNI]:		start
11-06 20:34:23.744 I/System.out( 2458): [DEBUG EventManager] broadcastEvent  :len 1
11-06 20:34:23.744 D/KeyEventNgbDealer( 2458): [TN_pool-1-thread-1]handleKeyReleased keyEvent=NgbEvent-[type = 1, subtype = 402, code = 39],time=91984
11-06 20:34:23.744 D/RemoteIME( 2347): RemoteIME--> onKeyUp keyCode = 22
11-06 20:34:23.746 D/cr_AwTestContainerView( 2921): [AwTestContainerView.java:63] [mainFrame]: [unknown] dispatchKeyEvent keyCode = 22 event = KeyEvent { action=ACTION_UP, keyCode=KEYCODE_DPAD_RIGHT, scanCode=106, metaState=0, flags=0x8, repeatCount=0, eventTime=91982, downTime=91773, deviceId=3, source=0x701 }
11-06 20:34:23.746 D/ImeAdapterAndroid( 2921): [SendKeyEvent] [BUILD TIME: ] dispatchKeyEvent key_code=22 modifiers=0 unicode_char=0 scan_code=106 is_system=0 tm=91982
11-06 20:34:23.747 D/RenderWidgetInputHandler( 2921): [HandleInputEvent] input_event type=9 name=KeyUp
11-06 20:34:23.747 D/RenderWidgetInputHandler( 2921): [HandleInputEvent] input_event type=9 prevent_default:0
11-06 20:34:23.747 D/WebViewImpl( 2921): [handleKeyEvent] keycode:39, eventType:9 native keycode:22 frame=0x8f562c20. url='http://10.14.41.246/application/bxfc/sec/popTv_new.php'.
11-06 20:34:23.747 D/[blink]KeyboardEventManager( 2921): [keyEvent] initialKeyEvent KeyUp nativeKeyCode=22 windowsKeyCode=39 text[0]=0
11-06 20:34:23.747 D/[blink]KeyboardEventManager( 2921): [keyEvent] initialKeyEvent focusedNode=0x0
11-06 20:34:23.763 D/[blink]DOMTimer( 2921): [fired] 0x8f311420 timeout fired.
11-06 20:34:23.763 D/ScriptController( 2921): [executeScriptAndReturnValue] [V8] evaluate Script start. frame=0x8f441a48 url= line=1. source length=22
11-06 20:34:23.763 D/iPanel  ( 2921): iPanel.debug("checkOverlayCreated")
11-06 20:34:23.763 D/[blink]DOMTimer( 2921): [DOMTimer] 0x8f311490 setTimeout 300ms, repeat:0.
11-06 20:34:23.763 D/ScriptController( 2921): [executeScriptAndReturnValue] [V8] evaluate Script end. frame=0x8f441a48 
11-06 20:34:23.892 I/Advanced( 2921): [QUEUE] share_queue_sendEx size:1 4097 72 0x8fdbff30,postLoopId:0,dstid:1.
11-06 20:34:23.949 D/BackBootDealerNeimeng( 2385): standbyState:
11-06 20:34:23.950 E/NetUtils( 2020): Interface eth0 LinkDown!
11-06 20:34:24.063 D/[blink]DOMTimer( 2921): [fired] 0x8f311490 timeout fired.
11-06 20:34:24.064 D/ScriptController( 2921): [executeScriptAndReturnValue] [V8] evaluate Script start. frame=0x8f441a48 url= line=1. source length=22
11-06 20:34:24.064 D/iPanel  ( 2921): iPanel.debug("checkOverlayCreated")
11-06 20:34:24.064 D/[blink]DOMTimer( 2921): [DOMTimer] 0x8f311500 setTimeout 300ms, repeat:0.
11-06 20:34:24.064 D/ScriptController( 2921): [executeScriptAndReturnValue] [V8] evaluate Script end. frame=0x8f441a48 
11-06 20:34:24.092 I/Advanced( 2921): [QUEUE] share_queue_sendEx size:1 4097 73 0x8fdbff30,postLoopId:0,dstid:1.
11-06 20:34:24.292 I/Advanced( 2921): [QUEUE] share_queue_sendEx size:1 4097 74 0x8fdbff30,postLoopId:0,dstid:1.
11-06 20:34:24.332 W/ContextImpl( 2385): Calling a method in the system process without a qualified user: android.app.ContextImpl.sendBroadcast:1345 android.content.ContextWrapper.sendBroadcast:377 com.suma.midware.back.esg.e.f:-1 com.suma.midware.back.esg.f.run:-1 com.suma.midware.prop.util.c.run:-1 
11-06 20:34:24.364 D/[blink]DOMTimer( 2921): [fired] 0x8f311500 timeout fired.
11-06 20:34:24.364 D/ScriptController( 2921): [executeScriptAndReturnValue] [V8] evaluate Script start. frame=0x8f441a48 url= line=1. source length=22
11-06 20:34:24.365 D/iPanel  ( 2921): iPanel.debug("checkOverlayCreated")
11-06 20:34:24.365 D/[blink]DOMTimer( 2921): [DOMTimer] 0x8f311570 setTimeout 300ms, repeat:0.
11-06 20:34:24.365 D/ScriptController( 2921): [executeScriptAndReturnValue] [V8] evaluate Script end. frame=0x8f441a48 
11-06 20:34:24.374 I/AdvancedPorting-PORT_MODULE_NET( 2921): network_task while... 
11-06 20:34:24.374 I/AdvancedPorting-PORT_MODULE_NET( 2921): 0 interface name: lo
11-06 20:34:24.374 I/AdvancedPorting-PORT_MODULE_NET( 2921): 1 interface name: wlan0
11-06 20:34:24.374 I/AdvancedPorting-PORT_MODULE_NET( 2921): First interface name: lo
11-06 20:34:24.374 I/AdvancedPorting-PORT_MODULE_NET( 2921): network_task while...  net_i:1
11-06 20:34:24.374 I/AdvancedPorting-PORT_MODULE_NET( 2921): network_task while---name_interface[0]=lo
11-06 20:34:24.374 I/AdvancedPorting-PORT_MODULE_NET( 2921): network_task while---name_interface[1]=wlan0
11-06 20:34:24.374 I/AdvancedPorting-PORT_MODULE_NET( 2921): network_task while---interface_name=wlan0
11-06 20:34:24.374 I/AdvancedPorting-PORT_MODULE_NET( 2921): network_get_netlink_status(in)--if_name=wlan0
11-06 20:34:24.374 I/AdvancedPorting-PORT_MODULE_NET( 2921): net.network.isconnected = no
11-06 20:34:24.374 I/AdvancedPorting-PORT_MODULE_NET( 2921): wlan0 --network_get_netlink_status return retval=1
11-06 20:34:24.374 I/AdvancedPorting-PORT_MODULE_NET( 2921): stat = 1 last_status = 1
11-06 20:34:24.450 D/BackBootDealerNeimeng( 2385): standbyState:
11-06 20:34:24.451 E/NetUtils( 2020): Interface eth0 LinkDown!
11-06 20:34:24.493 I/Advanced( 2921): [QUEUE] share_queue_sendEx size:1 4097 75 0x8fdbff30,postLoopId:0,dstid:1.
11-06 20:34:24.665 D/[blink]DOMTimer( 2921): [fired] 0x8f311570 timeout fired.
11-06 20:34:24.665 D/ScriptController( 2921): [executeScriptAndReturnValue] [V8] evaluate Script start. frame=0x8f441a48 url= line=1. source length=22
11-06 20:34:24.665 D/iPanel  ( 2921): iPanel.debug("checkOverlayCreated")
11-06 20:34:24.665 D/[blink]DOMTimer( 2921): [DOMTimer] 0x8f3115e0 setTimeout 300ms, repeat:0.
11-06 20:34:24.665 D/ScriptController( 2921): [executeScriptAndReturnValue] [V8] evaluate Script end. frame=0x8f441a48 
11-06 20:34:24.693 I/Advanced( 2921): [QUEUE] share_queue_sendEx size:1 4097 76 0x8fdbff30,postLoopId:0,dstid:1.
11-06 20:34:24.894 I/Advanced( 2921): [QUEUE] share_queue_sendEx size:1 4097 77 0x8fdbff30,postLoopId:0,dstid:1.
11-06 20:34:24.952 D/BackBootDealerNeimeng( 2385): standbyState:
11-06 20:34:24.953 E/NetUtils( 2020): Interface eth0 LinkDown!
11-06 20:34:24.966 D/[blink]DOMTimer( 2921): [fired] 0x8f3115e0 timeout fired.
11-06 20:34:24.966 D/ScriptController( 2921): [executeScriptAndReturnValue] [V8] evaluate Script start. frame=0x8f441a48 url= line=1. source length=22
11-06 20:34:24.966 D/iPanel  ( 2921): iPanel.debug("checkOverlayCreated")
11-06 20:34:24.966 D/[blink]DOMTimer( 2921): [DOMTimer] 0x8f311650 setTimeout 300ms, repeat:0.
11-06 20:34:24.966 D/ScriptController( 2921): [executeScriptAndReturnValue] [V8] evaluate Script end. frame=0x8f441a48 
11-06 20:34:25.266 D/[blink]DOMTimer( 2921): [fired] 0x8f311650 timeout fired.
11-06 20:34:25.266 D/ScriptController( 2921): [executeScriptAndReturnValue] [V8] evaluate Script start. frame=0x8f441a48 url= line=1. source length=22
11-06 20:34:25.267 D/iPanel  ( 2921): iPanel.debug("checkOverlayCreated")
11-06 20:34:25.267 D/[blink]DOMTimer( 2921): [DOMTimer] 0x8f3116c0 setTimeout 300ms, repeat:0.
11-06 20:34:25.267 D/ScriptController( 2921): [executeScriptAndReturnValue] [V8] evaluate Script end. frame=0x8f441a48 
11-06 20:34:25.295 I/Advanced( 2921): [QUEUE] share_queue_sendEx size:1 4097 79 0x8fdbff30,postLoopId:0,dstid:1.
11-06 20:34:25.335 W/ContextImpl( 2385): Calling a method in the system process without a qualified user: android.app.ContextImpl.sendBroadcast:1345 android.content.ContextWrapper.sendBroadcast:377 com.suma.midware.back.esg.e.f:-1 com.suma.midware.back.esg.f.run:-1 com.suma.midware.prop.util.c.run:-1 
11-06 20:34:25.374 I/AdvancedPorting-PORT_MODULE_NET( 2921): network_task while... 
11-06 20:34:25.374 I/AdvancedPorting-PORT_MODULE_NET( 2921): 0 interface name: lo
11-06 20:34:25.374 I/AdvancedPorting-PORT_MODULE_NET( 2921): 1 interface name: wlan0
11-06 20:34:25.374 I/AdvancedPorting-PORT_MODULE_NET( 2921): First interface name: lo
11-06 20:34:25.374 I/AdvancedPorting-PORT_MODULE_NET( 2921): network_task while...  net_i:1
11-06 20:34:25.374 I/AdvancedPorting-PORT_MODULE_NET( 2921): network_task while---name_interface[0]=lo
11-06 20:34:25.375 I/AdvancedPorting-PORT_MODULE_NET( 2921): network_task while---name_interface[1]=wlan0
11-06 20:34:25.375 I/AdvancedPorting-PORT_MODULE_NET( 2921): network_task while---interface_name=wlan0
11-06 20:34:25.375 I/AdvancedPorting-PORT_MODULE_NET( 2921): network_get_netlink_status(in)--if_name=wlan0
11-06 20:34:25.375 I/AdvancedPorting-PORT_MODULE_NET( 2921): net.network.isconnected = no
11-06 20:34:25.375 I/AdvancedPorting-PORT_MODULE_NET( 2921): wlan0 --network_get_netlink_status return retval=1
11-06 20:34:25.375 I/AdvancedPorting-PORT_MODULE_NET( 2921): stat = 1 last_status = 1
11-06 20:34:25.453 D/BackBootDealerNeimeng( 2385): standbyState:
11-06 20:34:25.454 E/NetUtils( 2020): Interface eth0 LinkDown!
11-06 20:34:25.495 I/Advanced( 2921): [QUEUE] share_queue_sendEx size:1 4097 80 0x8fdbff30,postLoopId:0,dstid:1.
11-06 20:34:25.567 D/[blink]DOMTimer( 2921): [fired] 0x8f3116c0 timeout fired.
11-06 20:34:25.567 D/ScriptController( 2921): [executeScriptAndReturnValue] [V8] evaluate Script start. frame=0x8f441a48 url= line=1. source length=22
11-06 20:34:25.567 D/iPanel  ( 2921): iPanel.debug("checkOverlayCreated")
11-06 20:34:25.567 D/[blink]DOMTimer( 2921): [DOMTimer] 0x8f311730 setTimeout 300ms, repeat:0.
11-06 20:34:25.568 D/ScriptController( 2921): [executeScriptAndReturnValue] [V8] evaluate Script end. frame=0x8f441a48 
11-06 20:34:25.868 D/[blink]DOMTimer( 2921): [fired] 0x8f311730 timeout fired.
11-06 20:34:25.868 D/ScriptController( 2921): [executeScriptAndReturnValue] [V8] evaluate Script start. frame=0x8f441a48 url= line=1. source length=22
11-06 20:34:25.868 D/iPanel  ( 2921): iPanel.debug("checkOverlayCreated")
11-06 20:34:25.868 D/[blink]DOMTimer( 2921): [DOMTimer] 0x8f3117a0 setTimeout 300ms, repeat:0.
11-06 20:34:25.868 D/ScriptController( 2921): [executeScriptAndReturnValue] [V8] evaluate Script end. frame=0x8f441a48 
11-06 20:34:25.905 I/Advanced( 2921): [QUEUE] share_queue_sendEx size:1 4097 82 0x8fdbff30,postLoopId:0,dstid:1.
11-06 20:34:25.914 D/[net]ClientSocketPoolBase( 2921): [ProcessPendingRequest] no idle sockets!max_sockets_per_group_:6
11-06 20:34:25.914 D/[net]ClientSocketPoolBase( 2921): [ProcessPendingRequest] no idle sockets!max_sockets_per_group_:6
11-06 20:34:25.914 D/ResourceLoader( 2921): [ResponseCompleted] finish request 0x9f4ec900 url='http://slave.tvos_cf96066.cn:13160/poster/movie/100000498/375x210_1.jpg'
11-06 20:34:25.915 D/[blink]ResourceFetcher( 2921): [didFailLoading] error=-7 url=http://slave.tvos_cf96066.cn:13160/poster/movie/100000498/375x210_1.jpg.
11-06 20:34:25.915 D/[blink]memoryCache( 2921): [evict] remove:http://slave.tvos_cf96066.cn:13160/poster/movie/100000498/375x210_1.jpg
11-06 20:34:25.916 D/[cc]beginFrameSource( 2921): [AddObserver] ExternalBeginFrameSource::AddObserver
11-06 20:34:25.917 D/ResourceLoader( 2921): [ResponseCompleted] finish request 0x9f76fb00 url='http://slave.tvos_cf96066.cn:13160/poster/movie/100000465/375x210_1.jpg'
11-06 20:34:25.918 D/ResourceLoader( 2921): [ResponseCompleted] finish request 0x9f4ef680 url='http://slave.tvos_cf96066.cn:13160/poster/movie/100000498/320x400_1.jpg'
11-06 20:34:25.919 D/[blink]ResourceFetcher( 2921): [didFailLoading] error=-7 url=http://slave.tvos_cf96066.cn:13160/poster/movie/100000465/375x210_1.jpg.
11-06 20:34:25.920 D/[blink]memoryCache( 2921): [evict] remove:http://slave.tvos_cf96066.cn:13160/poster/movie/100000465/375x210_1.jpg
11-06 20:34:25.920 D/[blink]ResourceFetcher( 2921): [didFailLoading] error=-7 url=http://slave.tvos_cf96066.cn:13160/poster/movie/100000498/320x400_1.jpg.
11-06 20:34:25.921 D/[blink]memoryCache( 2921): [evict] remove:http://slave.tvos_cf96066.cn:13160/poster/movie/100000498/320x400_1.jpg
11-06 20:34:25.927 D/[cc]ProxyMain( 2921): [BeginMainFrame] cc.BeginMainFrame this:0x9f652c18
11-06 20:34:25.927 D/[cc]LayerTreeHost( 2921): [AnimateLayers] AnimateLayers monotonic_time=94166662
11-06 20:34:25.927 D/[blink]FrameView( 2921): [updateStyleAndLayoutIfNeededRecursiveInternal] in... this:0x8f306330.
11-06 20:34:25.927 D/url     ( 2921): [DoResolveRelative] [WEB] DoResolveRelative Error resolving.
11-06 20:34:25.928 D/url     ( 2921): [DoResolveRelative] [WEB] DoResolveRelative Error resolving.
11-06 20:34:25.928 D/[blink]FrameView( 2921): [layout] start... this:0x8f306330, frame=0x8f449d58 content size(1280, 720). 
11-06 20:34:25.928 D/[blink]FrameView( 2921): [layout] performPreLayoutTasks start... this:0x8f306330
11-06 20:34:25.928 D/[blink]FrameView( 2921): [layout] performPreLayoutTasks end... this:0x8f306330
11-06 20:34:25.928 D/[blink]FrameView( 2921): [layout] performLayout start... this:0x8f306330
11-06 20:34:25.928 D/[blink]FrameView( 2921): [layout] performLayout end... this:0x8f306330
11-06 20:34:25.928 D/[blink]FrameView( 2921): [layout] call compositor()->didLayout()!
11-06 20:34:25.928 D/[blink]FrameView( 2921): [layout] updateDocumentAnnotatedRegions start... this:0x8f306330
11-06 20:34:25.928 D/[blink]FrameView( 2921): [layout] scheduleOrPerformPostLayoutTasks start... this:0x8f306330
11-06 20:34:25.928 D/[blink]FrameView( 2921): [layout] start... this:0x8f30c7a8, frame=0x8f562c20 content size(1280, 720). 
11-06 20:34:25.928 D/[blink]FrameView( 2921): [layout] performPreLayoutTasks start... this:0x8f30c7a8
11-06 20:34:25.929 D/url     ( 2921): [DoResolveRelative] [WEB] DoResolveRelative Error resolving.
11-06 20:34:25.929 D/[blink]FrameView( 2921): [layout] performPreLayoutTasks end... this:0x8f30c7a8
11-06 20:34:25.929 D/[blink]FrameView( 2921): [layout] performLayout start... this:0x8f30c7a8
11-06 20:34:25.929 D/[blink]FrameView( 2921): [layout] performLayout end... this:0x8f30c7a8
11-06 20:34:25.929 D/[blink]FrameView( 2921): [layout] call compositor()->didLayout()!
11-06 20:34:25.929 D/[blink]FrameView( 2921): [layout] updateDocumentAnnotatedRegions start... this:0x8f30c7a8
11-06 20:34:25.929 D/[blink]FrameView( 2921): [layout] scheduleOrPerformPostLayoutTasks start... this:0x8f30c7a8
11-06 20:34:25.929 D/[blink]FrameView( 2921): [layout] end... this:0x8f30c7a8
11-06 20:34:25.929 D/[blink]FrameView( 2921): [layout] out... this:0x8f30c7a8
11-06 20:34:25.929 D/[blink]FrameView( 2921): [layout] end... this:0x8f306330
11-06 20:34:25.929 D/[blink]FrameView( 2921): [layout] out... this:0x8f306330
11-06 20:34:25.929 D/[blink]FrameView( 2921): [updateStyleAndLayoutIfNeededRecursiveInternal] in... this:0x8f30c7a8.
11-06 20:34:25.930 D/[blink]FrameView( 2921): [updateStyleAndLayoutIfNeededRecursiveInternal] end... this:0x8f30c7a8.
11-06 20:34:25.930 D/[blink]FrameView( 2921): [updateStyleAndLayoutIfNeededRecursiveInternal] end... this:0x8f306330.
11-06 20:34:25.930 D/[blink]FrameView( 2921): [updateLifecyclePhasesInternal] in... this:0x8f306330, targetState=18
11-06 20:34:25.930 D/[blink]FrameView( 2921): [updateLifecyclePhasesInternal] call compositor()->updateIfNeededRecursive()!
11-06 20:34:25.932 D/[blink]FrameView( 2921): [updateLifecyclePhasesInternal] end... this:0x8f306330
11-06 20:34:25.954 D/BackBootDealerNeimeng( 2385): standbyState:
11-06 20:34:25.955 E/NetUtils( 2020): Interface eth0 LinkDown!
11-06 20:34:26.106 I/Advanced( 2921): [QUEUE] share_queue_sendEx size:1 4097 83 0x8fdbff30,postLoopId:0,dstid:1.
11-06 20:34:26.168 D/[blink]DOMTimer( 2921): [fired] 0x8f3117a0 timeout fired.
11-06 20:34:26.168 D/ScriptController( 2921): [executeScriptAndReturnValue] [V8] evaluate Script start. frame=0x8f441a48 url= line=1. source length=22
11-06 20:34:26.169 D/iPanel  ( 2921): iPanel.debug("checkOverlayCreated")
11-06 20:34:26.169 D/[blink]DOMTimer( 2921): [DOMTimer] 0x8f311cc0 setTimeout 300ms, repeat:0.
11-06 20:34:26.169 D/ScriptController( 2921): [executeScriptAndReturnValue] [V8] evaluate Script end. frame=0x8f441a48 
11-06 20:34:26.306 I/Advanced( 2921): [QUEUE] share_queue_sendEx size:1 4097 84 0x8fdbff30,postLoopId:0,dstid:1.
11-06 20:34:26.336 D/[blink]memoryCache( 2921): [evict] remove:http://10.14.41.246/application/bxfc/js/config.js
11-06 20:34:26.336 D/[blink]memoryCache( 2921): [evict] remove:http://10.14.41.246/application/bxfc/js/keyevent.js
11-06 20:34:26.336 D/[blink]memoryCache( 2921): [evict] remove:http://10.14.41.245:13160/media/series/get_info?accesstoken=R59FFFEA3U2082D029K53724E14I5A2A0E0AP8M2FAF082WDBB9FCABF31&pageidx=1&pagenum=200&postersize=320x400%257C500x280&&seriesid=300000286
11-06 20:34:26.337 D/[blink]memoryCache( 2921): [evict] remove:http://10.14.41.246/application/bxfc/images/pic1_04.jpg
11-06 20:34:26.337 D/[blink]memoryCache( 2921): [evict] remove:http://10.14.41.246/application/bxfc/images/icon1_03.png
11-06 20:34:26.337 D/[blink]memoryCache( 2921): [evict] remove:http://10.14.41.246/application/bxfc/images/icon_bg3.png
11-06 20:34:26.337 D/[blink]memoryCache( 2921): [evict] remove:http://10.14.41.246/application/bxfc/images/bg1.jpg
11-06 20:34:26.337 D/[blink]memoryCache( 2921): [evict] remove:http://10.14.41.246/application/bxfc/js/sportFrame.js
11-06 20:34:26.337 D/[blink]memoryCache( 2921): [evict] remove:http://10.14.41.246/application/bxfc/images/pic1_03_3.jpg
11-06 20:34:26.337 D/[blink]memoryCache( 2921): [evict] remove:http://10.14.41.245:13160/homed/program/get_list?accesstoken=R59FFFEA3U2082D029K53724E14I5A2A0E0AP8M2FAF082WDBB9FCABF31&label=287&pageidx=1&pagenum=20&depth=2
11-06 20:34:26.337 D/[blink]memoryCache( 2921): [evict] remove:http://10.14.41.246/application/bxfc/images/icon1_01.png
11-06 20:34:26.337 D/[blink]memoryCache( 2921): [evict] remove:http://10.14.41.246/application/bxfc/images/pic1_09.jpg
11-06 20:34:26.337 D/[blink]memoryCache( 2921): [evict] remove:http://10.14.41.246/application/bxfc/images/pic1_08.jpg
11-06 20:34:26.337 D/[blink]memoryCache( 2921): [evict] remove:http://10.14.41.245:13160/homed/programtype/get_list?accesstoken=R59FFFEA3U2082D029K53724E14I5A2A0E0AP8M2FAF082WDBB9FCABF31&label=286&depth=2
11-06 20:34:26.337 D/[blink]memoryCache( 2921): [evict] remove:http://10.14.41.246/application/bxfc/js/common.js
11-06 20:34:26.337 D/[blink]memoryCache( 2921): [evict] remove:http://10.14.41.246/application/bxfc/images/pic1_06.jpg
11-06 20:34:26.337 D/[blink]memoryCache( 2921): [evict] remove:http://10.14.41.246/application/bxfc/images/pic1_07.jpg
11-06 20:34:26.337 D/[blink]memoryCache( 2921): [evict] remove:http://10.14.41.246/application/bxfc/images/pic1_03_1.jpg
11-06 20:34:26.337 D/[blink]memoryCache( 2921): [evict] remove:http://10.14.41.246/application/bxfc/images/pic1_03_2.jpg
11-06 20:34:26.337 D/[blink]memoryCache( 2921): [evict] remove:http://10.14.41.246/application/bxfc/js/homedconfig.js
11-06 20:34:26.337 D/[blink]memoryCache( 2921): [evict] remove:http://10.14.41.246/application/bxfc/images/pic1_05.jpg
11-06 20:34:26.337 D/[blink]memoryCache( 2921): [evict] remove:http://10.14.41.246/application/bxfc/images/icon1_02.png
11-06 20:34:26.337 D/[blink]FrameView( 2921): [~FrameView] destroy FrameView frame=0x8f562c20 frame view=0x8f306ba8
11-06 20:34:26.375 I/AdvancedPorting-PORT_MODULE_NET( 2921): network_task while... 
11-06 20:34:26.375 I/AdvancedPorting-PORT_MODULE_NET( 2921): 0 interface name: lo
11-06 20:34:26.375 I/AdvancedPorting-PORT_MODULE_NET( 2921): 1 interface name: wlan0
11-06 20:34:26.375 I/AdvancedPorting-PORT_MODULE_NET( 2921): First interface name: lo
11-06 20:34:26.375 I/AdvancedPorting-PORT_MODULE_NET( 2921): network_task while...  net_i:1
11-06 20:34:26.375 I/AdvancedPorting-PORT_MODULE_NET( 2921): network_task while---name_interface[0]=lo
11-06 20:34:26.375 I/AdvancedPorting-PORT_MODULE_NET( 2921): network_task while---name_interface[1]=wlan0
11-06 20:34:26.375 I/AdvancedPorting-PORT_MODULE_NET( 2921): network_task while---interface_name=wlan0
11-06 20:34:26.375 I/AdvancedPorting-PORT_MODULE_NET( 2921): network_get_netlink_status(in)--if_name=wlan0
11-06 20:34:26.375 I/AdvancedPorting-PORT_MODULE_NET( 2921): net.network.isconnected = no
11-06 20:34:26.375 I/AdvancedPorting-PORT_MODULE_NET( 2921): wlan0 --network_get_netlink_status return retval=1
11-06 20:34:26.375 I/AdvancedPorting-PORT_MODULE_NET( 2921): stat = 1 last_status = 1
11-06 20:34:26.455 D/BackBootDealerNeimeng( 2385): standbyState:
11-06 20:34:26.456 E/NetUtils( 2020): Interface eth0 LinkDown!
11-06 20:34:26.469 D/[blink]DOMTimer( 2921): [fired] 0x8f311cc0 timeout fired.
11-06 20:34:26.469 D/ScriptController( 2921): [executeScriptAndReturnValue] [V8] evaluate Script start. frame=0x8f441a48 url= line=1. source length=22
11-06 20:34:26.470 D/iPanel  ( 2921): iPanel.debug("checkOverlayCreated")
11-06 20:34:26.470 D/[blink]DOMTimer( 2921): [DOMTimer] 0x8f311d30 setTimeout 300ms, repeat:0.
11-06 20:34:26.470 D/ScriptController( 2921): [executeScriptAndReturnValue] [V8] evaluate Script end. frame=0x8f441a48 
11-06 20:34:26.506 I/Advanced( 2921): [QUEUE] share_queue_sendEx size:1 4097 85 0x8fdbff30,postLoopId:0,dstid:1.
11-06 20:34:26.621 E/LoadHttpHandler( 2498): [TN_ThreadUtil-1]doNormal illegal url=http://tvos-launcher.96066.com:8082/LancherWeb/getLauncherWeather?hardVersion=04.01.01.02&locationCode=0&softVersion=03.16.00.03&serialNumber=15510217310112851&type=1&mac=&model=8,exceptionName=java.net.SocketTimeoutException
11-06 20:34:26.622 E/FlyAndWeatherUpdate( 2498): [TN_ThreadUtil-1]isWeatherUpdate down failed
11-06 20:34:26.709 I/Advanced( 2921): [QUEUE] share_queue_sendEx size:1 4097 86 0x8fdbff30,postLoopId:0,dstid:1.
11-06 20:34:26.770 D/[blink]DOMTimer( 2921): [fired] 0x8f311d30 timeout fired.
11-06 20:34:26.770 D/ScriptController( 2921): [executeScriptAndReturnValue] [V8] evaluate Script start. frame=0x8f441a48 url= line=1. source length=22
11-06 20:34:26.770 D/iPanel  ( 2921): iPanel.debug("checkOverlayCreated")
11-06 20:34:26.770 D/[blink]DOMTimer( 2921): [DOMTimer] 0x8f311da0 setTimeout 300ms, repeat:0.
11-06 20:34:26.770 D/ScriptController( 2921): [executeScriptAndReturnValue] [V8] evaluate Script end. frame=0x8f441a48 
11-06 20:34:26.808 V/SUMA    ( 1583): >> Roc_ResMan_Filter_Release handler = 0x12028690 
11-06 20:34:26.808 V/SUMA    ( 1583): >> Roc_ResMan_Filter_Release handler = 0x12038730 
11-06 20:34:26.808 V/SUMA    ( 1583): [eit] process_evt_msg_timeout() eit_sh_flt_stop !!!
11-06 20:34:26.909 I/Advanced( 2921): [QUEUE] share_queue_sendEx size:1 4097 87 0x8fdbff30,postLoopId:0,dstid:1.
11-06 20:34:26.956 D/BackBootDealerNeimeng( 2385): standbyState:
11-06 20:34:26.958 E/NetUtils( 2020): Interface eth0 LinkDown!
11-06 20:34:26.996 E/WifiStateMachine( 2020): WifiStateMachine CMD_START_SCAN source -2 txSuccessRate=37.62 rxSuccessRate=46.92 targetRoamBSSID=78:11:dc:10:d5:2d RSSI=-28
11-06 20:34:26.996 E/WifiStateMachine( 2020): WifiStateMachine starting scan for "Xiaomi_D52C"WPA_PSK with 2412
11-06 20:34:27.070 D/[blink]DOMTimer( 2921): [fired] 0x8f311da0 timeout fired.
11-06 20:34:27.070 D/ScriptController( 2921): [executeScriptAndReturnValue] [V8] evaluate Script start. frame=0x8f441a48 url= line=1. source length=22
11-06 20:34:27.071 D/iPanel  ( 2921): iPanel.debug("checkOverlayCreated")
11-06 20:34:27.071 D/[blink]DOMTimer( 2921): [DOMTimer] 0x8f311e10 setTimeout 300ms, repeat:0.
11-06 20:34:27.071 D/ScriptController( 2921): [executeScriptAndReturnValue] [V8] evaluate Script end. frame=0x8f441a48 
11-06 20:34:27.109 I/Advanced( 2921): [QUEUE] share_queue_sendEx size:1 4097 88 0x8fdbff30,postLoopId:0,dstid:1.
11-06 20:34:27.310 I/Advanced( 2921): [QUEUE] share_queue_sendEx size:1 4097 89 0x8fdbff30,postLoopId:0,dstid:1.
11-06 20:34:27.371 D/[blink]DOMTimer( 2921): [fired] 0x8f311e10 timeout fired.
11-06 20:34:27.371 D/ScriptController( 2921): [executeScriptAndReturnValue] [V8] evaluate Script start. frame=0x8f441a48 url= line=1. source length=22
11-06 20:34:27.371 D/iPanel  ( 2921): iPanel.debug("checkOverlayCreated")
11-06 20:34:27.371 D/[blink]DOMTimer( 2921): [DOMTimer] 0x8f311e80 setTimeout 300ms, repeat:0.
11-06 20:34:27.371 D/ScriptController( 2921): [executeScriptAndReturnValue] [V8] evaluate Script end. frame=0x8f441a48 
11-06 20:34:27.375 I/AdvancedPorting-PORT_MODULE_NET( 2921): network_task while... 
11-06 20:34:27.375 I/AdvancedPorting-PORT_MODULE_NET( 2921): 0 interface name: lo
11-06 20:34:27.375 I/AdvancedPorting-PORT_MODULE_NET( 2921): 1 interface name: wlan0
11-06 20:34:27.375 I/AdvancedPorting-PORT_MODULE_NET( 2921): First interface name: lo
11-06 20:34:27.375 I/AdvancedPorting-PORT_MODULE_NET( 2921): network_task while...  net_i:1
11-06 20:34:27.375 I/AdvancedPorting-PORT_MODULE_NET( 2921): network_task while---name_interface[0]=lo
11-06 20:34:27.375 I/AdvancedPorting-PORT_MODULE_NET( 2921): network_task while---name_interface[1]=wlan0
11-06 20:34:27.375 I/AdvancedPorting-PORT_MODULE_NET( 2921): network_task while---interface_name=wlan0
11-06 20:34:27.375 I/AdvancedPorting-PORT_MODULE_NET( 2921): network_get_netlink_status(in)--if_name=wlan0
11-06 20:34:27.375 I/AdvancedPorting-PORT_MODULE_NET( 2921): net.network.isconnected = no
11-06 20:34:27.375 I/AdvancedPorting-PORT_MODULE_NET( 2921): wlan0 --network_get_netlink_status return retval=1
11-06 20:34:27.375 I/AdvancedPorting-PORT_MODULE_NET( 2921): stat = 1 last_status = 1
11-06 20:34:27.449 D/[cc]beginFrameSource( 2921): [AddObserver] ExternalBeginFrameSource::AddObserver
11-06 20:34:27.458 D/BackBootDealerNeimeng( 2385): standbyState:
11-06 20:34:27.459 E/NetUtils( 2020): Interface eth0 LinkDown!
11-06 20:34:27.460 D/[cc]ProxyMain( 2921): [BeginMainFrame] cc.BeginMainFrame this:0x9f652c18
11-06 20:34:27.461 D/[cc]LayerTreeHost( 2921): [AnimateLayers] AnimateLayers monotonic_time=95699996
11-06 20:34:27.461 D/[blink]FrameView( 2921): [updateStyleAndLayoutIfNeededRecursiveInternal] in... this:0x8f306330.
11-06 20:34:27.461 D/[blink]FrameView( 2921): [updateStyleAndLayoutIfNeededRecursiveInternal] in... this:0x8f30c7a8.
11-06 20:34:27.461 D/[blink]FrameView( 2921): [updateStyleAndLayoutIfNeededRecursiveInternal] end... this:0x8f30c7a8.
11-06 20:34:27.461 D/[blink]FrameView( 2921): [updateStyleAndLayoutIfNeededRecursiveInternal] end... this:0x8f306330.
11-06 20:34:27.461 D/[blink]FrameView( 2921): [updateLifecyclePhasesInternal] in... this:0x8f306330, targetState=18
11-06 20:34:27.461 D/[blink]FrameView( 2921): [updateLifecyclePhasesInternal] call compositor()->updateIfNeededRecursive()!
11-06 20:34:27.461 D/[blink]FrameView( 2921): [updateLifecyclePhasesInternal] end... this:0x8f306330
11-06 20:34:27.510 I/Advanced( 2921): [QUEUE] share_queue_sendEx size:1 4097 90 0x8fdbff30,postLoopId:0,dstid:1.
11-06 20:34:27.672 D/[blink]DOMTimer( 2921): [fired] 0x8f311e80 timeout fired.
11-06 20:34:27.672 D/ScriptController( 2921): [executeScriptAndReturnValue] [V8] evaluate Script start. frame=0x8f441a48 url= line=1. source length=22
11-06 20:34:27.672 D/iPanel  ( 2921): iPanel.debug("checkOverlayCreated")
11-06 20:34:27.672 D/[blink]DOMTimer( 2921): [DOMTimer] 0x8f311ef0 setTimeout 300ms, repeat:0.
11-06 20:34:27.672 D/ScriptController( 2921): [executeScriptAndReturnValue] [V8] evaluate Script end. frame=0x8f441a48 
11-06 20:34:27.711 I/Advanced( 2921): [QUEUE] share_queue_sendEx size:1 4097 91 0x8fdbff30,postLoopId:0,dstid:1.
11-06 20:34:27.725 I/EthernetNetworkFactory( 2020): updateInterfaceState :the mIface is:eth0iface is wlan0 true
11-06 20:34:27.746 E/WifiAutoJoinController ( 2020): Xiaomi_D52C 78:11:dc:10:d5:2d rssi=-28 cap [WPA-PSK-CCMP+TKIP][WPA2-PSK-CCMP+TKIP][WPS][ESS] is not scored
11-06 20:34:27.746 E/WifiAutoJoinController ( 2020): GDWL 86:79:73:27:8c:19 rssi=-41 cap [WPA-PSK-CCMP][WPA2-PSK-CCMP][ESS] is not scored
11-06 20:34:27.746 E/WifiAutoJoinController ( 2020): GDWL 86:79:73:27:8c:0d rssi=-50 cap [WPA-PSK-CCMP][WPA2-PSK-CCMP][ESS] is not scored
11-06 20:34:27.747 E/WifiAutoJoinController ( 2020): TP-LINK_BAF2C2 0c:72:2c:ba:f2:c2 rssi=-58 cap [WPA-PSK-CCMP][WPA2-PSK-CCMP][WPS][ESS] is not scored
11-06 20:34:27.747 E/WifiAutoJoinController ( 2020): TP-LINK_11AF56 9c:21:6a:11:af:56 rssi=-62 cap [WPA-PSK-CCMP][WPA2-PSK-CCMP][WPS][ESS] is not scored
11-06 20:34:27.748 E/WifiAutoJoinController ( 2020): GDWL 86:79:73:27:8c:11 rssi=-64 cap [WPA-PSK-CCMP][WPA2-PSK-CCMP][ESS] is not scored
11-06 20:34:27.748 E/WifiAutoJoinController ( 2020): Office_Net e4:f3:f5:a4:00:c0 rssi=-64 cap [WPA-PSK-CCMP][WPA2-PSK-CCMP][ESS] is not scored
11-06 20:34:27.748 E/WifiAutoJoinController ( 2020): GDWL 86:79:73:27:8c:13 rssi=-71 cap [WPA-PSK-CCMP][WPA2-PSK-CCMP][ESS] is not scored
11-06 20:34:27.749 E/WifiAutoJoinController ( 2020): MERCURY_AD88 e4:f3:f5:aa:ad:88 rssi=-36 cap [WPA-PSK-CCMP][WPA2-PSK-CCMP][ESS] is not scored
11-06 20:34:27.749 E/WifiAutoJoinController ( 2020): GDWL 86:79:73:27:8c:1d rssi=-66 cap [WPA-PSK-CCMP][WPA2-PSK-CCMP][ESS] is not scored
11-06 20:34:27.750 E/WifiAutoJoinController ( 2020): WLGS 1c:fa:68:05:a3:5a rssi=-74 cap [WPA-PSK-CCMP][WPA2-PSK-CCMP][WPS][ESS] is not scored
11-06 20:34:27.750 E/WifiAutoJoinController ( 2020): 4lou ec:26:ca:2e:87:1a rssi=-76 cap [WPA-PSK-CCMP][WPA2-PSK-CCMP][ESS] is not scored
11-06 20:34:27.750 E/WifiAutoJoinController ( 2020): 影视娱乐频道 24:69:68:79:91:8a rssi=-75 cap [WPA-PSK-CCMP][WPA2-PSK-CCMP][ESS] is not scored
11-06 20:34:27.751 E/WifiAutoJoinController ( 2020): GDWL 86:79:73:27:8c:23 rssi=-76 cap [WPA-PSK-CCMP][WPA2-PSK-CCMP][ESS] is not scored
11-06 20:34:27.751 E/WifiAutoJoinController ( 2020): CMCC 06:11:b5:17:bd:d5 rssi=-69 cap [WPA-EAP-CCMP+TKIP][WPA2-EAP-CCMP+TKIP][ESS] is not scored
11-06 20:34:27.752 E/WifiAutoJoinController ( 2020): @PHICOMM_4C 74:7d:24:13:60:4e rssi=-94 cap [WPA-PSK-CCMP+TKIP][WPA2-PSK-CCMP+TKIP][ESS] is not scored
11-06 20:34:27.752 E/WifiAutoJoinController ( 2020):  84:79:73:27:8c:19 rssi=-40 cap [WEP][ESS] is not scored
11-06 20:34:27.753 E/WifiAutoJoinController ( 2020):  84:79:73:27:8c:0d rssi=-48 cap [WEP][ESS] is not scored
11-06 20:34:27.753 E/WifiAutoJoinController ( 2020):  84:79:73:27:8c:11 rssi=-62 cap [WEP][ESS] is not scored
11-06 20:34:27.754 E/WifiAutoJoinController ( 2020):  84:79:73:27:8c:13 rssi=-74 cap [WEP][ESS] is not scored
11-06 20:34:27.754 E/WifiAutoJoinController ( 2020):  84:79:73:27:8c:27 rssi=-74 cap [WEP][ESS] is not scored
11-06 20:34:27.755 E/WifiAutoJoinController ( 2020):  84:79:73:27:8c:23 rssi=-76 cap [WEP][ESS] is not scored
11-06 20:34:27.755 E/WifiAutoJoinController ( 2020): MERCURY_EDE4 e4:f3:f5:6a:ed:e4 rssi=-51 cap [ESS] is not scored
11-06 20:34:27.756 E/WifiAutoJoinController ( 2020): and-Business 0e:11:b5:17:bd:d5 rssi=-75 cap [ESS] is not scored
11-06 20:34:27.756 E/WifiAutoJoinController ( 2020): CMCC-WEB 00:11:b5:17:bd:d5 rssi=-68 cap [ESS] is not scored
11-06 20:34:27.756 E/WifiAutoJoinController ( 2020): CMCC-family 0a:11:b5:17:bd:d5 rssi=-68 cap [ESS] is not scored
11-06 20:34:27.757 E/WifiAutoJoinController ( 2020): HUAWEI-VYGUV5 00:5a:13:61:fa:ac rssi=-78 cap [ESS] is not scored
11-06 20:34:27.757 E/WifiAutoJoinController ( 2020): GDWL 86:79:73:27:8c:27 rssi=-76 cap [WPA-PSK-CCMP][WPA2-PSK-CCMP][ESS] is not scored
11-06 20:34:27.758 E/WifiAutoJoinController ( 2020): HUAWEI-4MHCPZ 88:44:77:a2:af:60 rssi=-76 cap [WPA2-PSK-CCMP][WPS][ESS] is not scored
11-06 20:34:27.758 E/WifiAutoJoinController ( 2020): GDWL 86:79:73:27:87:8f rssi=-88 cap [WPA-PSK-CCMP][WPA2-PSK-CCMP][ESS] is not scored
11-06 20:34:27.758 E/WifiAutoJoinController ( 2020):  84:79:73:27:8c:1d rssi=-72 cap [WEP][ESS] is not scored
11-06 20:34:27.759 E/WifiAutoJoinController ( 2020):  84:79:73:27:87:8f rssi=-76 cap [WEP][ESS] is not scored
11-06 20:34:27.759 E/WifiAutoJoinController ( 2020): ageScanResultsOut delay 40000 size 34 now 1509971667759
11-06 20:34:27.759 E/WifiAutoJoinController ( 2020): newSupplicantResults size=34 known=9 true
11-06 20:34:27.761 E/WifiAutoJoinController ( 2020): attemptAutoJoin() status=bssid=78:11:dc:10:d5:2d
11-06 20:34:27.761 E/WifiAutoJoinController ( 2020): freq=2412
11-06 20:34:27.761 E/WifiAutoJoinController ( 2020): ssid=Xiaomi_D52C
11-06 20:34:27.761 E/WifiAutoJoinController ( 2020): id=3
11-06 20:34:27.761 E/WifiAutoJoinController ( 2020): mode=station
11-06 20:34:27.761 E/WifiAutoJoinController ( 2020): pairwise_cipher=CCMP
11-06 20:34:27.761 E/WifiAutoJoinController ( 2020): group_cipher=TKIP
11-06 20:34:27.761 E/WifiAutoJoinController ( 2020): key_mgmt=WPA2-PSK
11-06 20:34:27.761 E/WifiAutoJoinController ( 2020): wpa_state=COMPLETED
11-06 20:34:27.761 E/WifiAutoJoinController ( 2020): ip_address=192.168.31.115
11-06 20:34:27.761 E/WifiAutoJoinController ( 2020): p2p_device_address=0e:62:a6:0c:0f:b2
11-06 20:34:27.761 E/WifiAutoJoinController ( 2020): address=0c:62:a6:0c:0f:b2
11-06 20:34:27.761 E/WifiAutoJoinController ( 2020): uuid=de43a986-3647-5398-876d-b6752834d7e7 split=13
11-06 20:34:27.761 E/WifiAutoJoinController ( 2020): attemptAutoJoin() num recent config 2 current="Xiaomi_D52C"WPA_PSK ---> suppNetId=3
11-06 20:34:27.761 E/WifiAutoJoinController ( 2020): attemptAutoJoin good candidate seen, bumped hard -> status=0 "Xiaomi_D52C"WPA_PSK rssi=(-28,-127) num=(1,0)
11-06 20:34:27.761 E/WifiAutoJoinController ( 2020): attemptAutoJoin skip current candidate  3 key "Xiaomi_D52C"WPA_PSK
11-06 20:34:27.761 E/WifiAutoJoinController ( 2020): attemptAutoJoin good candidate seen, bumped hard -> status=0 "GDWL"WPA_PSK rssi=(-41,-127) num=(8,0)
11-06 20:34:27.761 E/WifiAutoJoinController ( 2020): attemptAutoJoin trying id=2 "GDWL"WPA_PSK status=0
11-06 20:34:27.761 E/WifiAutoJoinController ( 2020): compareNetwork will compare "GDWL"WPA_PSK with current "Xiaomi_D52C"WPA_PSK
11-06 20:34:27.761 E/WifiAutoJoinController ( 2020):     compareWifiConfigurationsRSSI: "Xiaomi_D52C"WPA_PSK rssi=-28,-127 boost=25 "GDWL"WPA_PSK rssi=-41,-127 boost=0
11-06 20:34:27.761 E/WifiAutoJoinController ( 2020):         "Xiaomi_D52C"WPA_PSK is5=false score=-3 "GDWL"WPA_PSK is5=false score=-41
11-06 20:34:27.762 E/WifiAutoJoinController ( 2020):     compareWifiConfigurationsRSSI "Xiaomi_D52C"WPA_PSK rssi=(-28,-127) num=(1,0) > "GDWL"WPA_PSK rssi=(-41,-127) num=(8,0) -> -38
11-06 20:34:27.762 E/WifiAutoJoinController ( 2020): compareWifiConfigurations: "Xiaomi_D52C"WPA_PSK > "GDWL"WPA_PSK order -38
11-06 20:34:27.762 E/WifiAutoJoinController ( 2020): attemptAutoJoin networkSwitching candidate "GDWL"WPA_PSK with current "Xiaomi_D52C"WPA_PSK linked=false : delta=-38  -> not switching
11-06 20:34:27.762 E/WifiAutoJoinController ( 2020): attemptRoam: "Xiaomi_D52C"WPA_PSK Found 78:11:dc:10:d5:2d rssi=-28 freq=2412 Current: 78:11:dc:10:d5:2d
11-06 20:34:27.762 E/WifiAutoJoinController ( 2020): Done attemptAutoJoin status=0
11-06 20:34:27.911 I/Advanced( 2921): [QUEUE] share_queue_sendEx size:1 4097 92 0x8fdbff30,postLoopId:0,dstid:1.
11-06 20:34:27.959 D/BackBootDealerNeimeng( 2385): standbyState:
11-06 20:34:27.960 E/NetUtils( 2020): Interface eth0 LinkDown!
11-06 20:34:27.972 D/[blink]DOMTimer( 2921): [fired] 0x8f311ef0 timeout fired.
11-06 20:34:27.972 D/ScriptController( 2921): [executeScriptAndReturnValue] [V8] evaluate Script start. frame=0x8f441a48 url= line=1. source length=22
11-06 20:34:27.973 D/iPanel  ( 2921): iPanel.debug("checkOverlayCreated")
11-06 20:34:27.973 D/[blink]DOMTimer( 2921): [DOMTimer] 0x8f311f60 setTimeout 300ms, repeat:0.
11-06 20:34:27.973 D/ScriptController( 2921): [executeScriptAndReturnValue] [V8] evaluate Script end. frame=0x8f441a48 
11-06 20:34:28.273 D/[blink]DOMTimer( 2921): [fired] 0x8f311f60 timeout fired.
11-06 20:34:28.273 D/ScriptController( 2921): [executeScriptAndReturnValue] [V8] evaluate Script start. frame=0x8f441a48 url= line=1. source length=22
11-06 20:34:28.273 D/iPanel  ( 2921): iPanel.debug("checkOverlayCreated")
11-06 20:34:28.274 D/[blink]DOMTimer( 2921): [DOMTimer] 0x8f311fd0 setTimeout 300ms, repeat:0.
11-06 20:34:28.274 D/ScriptController( 2921): [executeScriptAndReturnValue] [V8] evaluate Script end. frame=0x8f441a48 
11-06 20:34:28.321 I/Advanced( 2921): [QUEUE] share_queue_sendEx size:1 4097 94 0x8fdbff30,postLoopId:0,dstid:1.
11-06 20:34:28.376 I/AdvancedPorting-PORT_MODULE_NET( 2921): network_task while... 
11-06 20:34:28.376 I/AdvancedPorting-PORT_MODULE_NET( 2921): 0 interface name: lo
11-06 20:34:28.376 I/AdvancedPorting-PORT_MODULE_NET( 2921): 1 interface name: wlan0
11-06 20:34:28.376 I/AdvancedPorting-PORT_MODULE_NET( 2921): First interface name: lo
11-06 20:34:28.376 I/AdvancedPorting-PORT_MODULE_NET( 2921): network_task while...  net_i:1
11-06 20:34:28.376 I/AdvancedPorting-PORT_MODULE_NET( 2921): network_task while---name_interface[0]=lo
11-06 20:34:28.376 I/AdvancedPorting-PORT_MODULE_NET( 2921): network_task while---name_interface[1]=wlan0
11-06 20:34:28.376 I/AdvancedPorting-PORT_MODULE_NET( 2921): network_task while---interface_name=wlan0
11-06 20:34:28.376 I/AdvancedPorting-PORT_MODULE_NET( 2921): network_get_netlink_status(in)--if_name=wlan0
11-06 20:34:28.376 I/AdvancedPorting-PORT_MODULE_NET( 2921): net.network.isconnected = no
11-06 20:34:28.376 I/AdvancedPorting-PORT_MODULE_NET( 2921): wlan0 --network_get_netlink_status return retval=1
11-06 20:34:28.376 I/AdvancedPorting-PORT_MODULE_NET( 2921): stat = 1 last_status = 1
11-06 20:34:28.460 D/BackBootDealerNeimeng( 2385): standbyState:
11-06 20:34:28.461 E/NetUtils( 2020): Interface eth0 LinkDown!
11-06 20:34:28.574 D/[blink]DOMTimer( 2921): [fired] 0x8f311fd0 timeout fired.
11-06 20:34:28.574 D/ScriptController( 2921): [executeScriptAndReturnValue] [V8] evaluate Script start. frame=0x8f441a48 url= line=1. source length=22
11-06 20:34:28.574 D/iPanel  ( 2921): iPanel.debug("checkOverlayCreated")
11-06 20:34:28.574 D/[blink]DOMTimer( 2921): [DOMTimer] 0x8f312040 setTimeout 300ms, repeat:0.
11-06 20:34:28.574 D/ScriptController( 2921): [executeScriptAndReturnValue] [V8] evaluate Script end. frame=0x8f441a48 
11-06 20:34:28.731 I/Advanced( 2921): [QUEUE] share_queue_sendEx size:1 4097 96 0x8fdbff30,postLoopId:0,dstid:1.
11-06 20:34:28.875 D/[blink]DOMTimer( 2921): [fired] 0x8f312040 timeout fired.
11-06 20:34:28.875 D/ScriptController( 2921): [executeScriptAndReturnValue] [V8] evaluate Script start. frame=0x8f441a48 url= line=1. source length=22
11-06 20:34:28.875 D/iPanel  ( 2921): iPanel.debug("checkOverlayCreated")
11-06 20:34:28.875 D/[blink]DOMTimer( 2921): [DOMTimer] 0x8f3120b0 setTimeout 300ms, repeat:0.
11-06 20:34:28.875 D/ScriptController( 2921): [executeScriptAndReturnValue] [V8] evaluate Script end. frame=0x8f441a48 
11-06 20:34:28.932 I/Advanced( 2921): [QUEUE] share_queue_sendEx size:1 4097 97 0x8fdbff30,postLoopId:0,dstid:1.
11-06 20:34:28.961 D/BackBootDealerNeimeng( 2385): standbyState:
11-06 20:34:28.963 E/NetUtils( 2020): Interface eth0 LinkDown!
11-06 20:34:29.132 I/Advanced( 2921): [QUEUE] share_queue_sendEx size:1 4097 98 0x8fdbff30,postLoopId:0,dstid:1.
11-06 20:34:29.175 D/[blink]DOMTimer( 2921): [fired] 0x8f3120b0 timeout fired.
11-06 20:34:29.175 D/ScriptController( 2921): [executeScriptAndReturnValue] [V8] evaluate Script start. frame=0x8f441a48 url= line=1. source length=22
11-06 20:34:29.176 D/iPanel  ( 2921): iPanel.debug("checkOverlayCreated")
11-06 20:34:29.176 D/[blink]DOMTimer( 2921): [DOMTimer] 0x8f312120 setTimeout 300ms, repeat:0.
11-06 20:34:29.176 D/ScriptController( 2921): [executeScriptAndReturnValue] [V8] evaluate Script end. frame=0x8f441a48 
11-06 20:34:29.332 I/Advanced( 2921): [QUEUE] share_queue_sendEx size:1 4097 99 0x8fdbff30,postLoopId:0,dstid:1.
11-06 20:34:29.376 I/AdvancedPorting-PORT_MODULE_NET( 2921): network_task while... 
11-06 20:34:29.376 I/AdvancedPorting-PORT_MODULE_NET( 2921): 0 interface name: lo
11-06 20:34:29.376 I/AdvancedPorting-PORT_MODULE_NET( 2921): 1 interface name: wlan0
11-06 20:34:29.376 I/AdvancedPorting-PORT_MODULE_NET( 2921): First interface name: lo
11-06 20:34:29.376 I/AdvancedPorting-PORT_MODULE_NET( 2921): network_task while...  net_i:1
11-06 20:34:29.376 I/AdvancedPorting-PORT_MODULE_NET( 2921): network_task while---name_interface[0]=lo
11-06 20:34:29.376 I/AdvancedPorting-PORT_MODULE_NET( 2921): network_task while---name_interface[1]=wlan0
11-06 20:34:29.376 I/AdvancedPorting-PORT_MODULE_NET( 2921): network_task while---interface_name=wlan0
11-06 20:34:29.376 I/AdvancedPorting-PORT_MODULE_NET( 2921): network_get_netlink_status(in)--if_name=wlan0
11-06 20:34:29.376 I/AdvancedPorting-PORT_MODULE_NET( 2921): net.network.isconnected = no
11-06 20:34:29.376 I/AdvancedPorting-PORT_MODULE_NET( 2921): wlan0 --network_get_netlink_status return retval=1
11-06 20:34:29.377 I/AdvancedPorting-PORT_MODULE_NET( 2921): stat = 1 last_status = 1
11-06 20:34:29.463 D/BackBootDealerNeimeng( 2385): standbyState:
11-06 20:34:29.464 E/NetUtils( 2020): Interface eth0 LinkDown!
11-06 20:34:29.476 D/[blink]DOMTimer( 2921): [fired] 0x8f312120 timeout fired.
11-06 20:34:29.476 D/ScriptController( 2921): [executeScriptAndReturnValue] [V8] evaluate Script start. frame=0x8f441a48 url= line=1. source length=22
11-06 20:34:29.476 D/iPanel  ( 2921): iPanel.debug("checkOverlayCreated")
11-06 20:34:29.476 D/[blink]DOMTimer( 2921): [DOMTimer] 0x8f312190 setTimeout 300ms, repeat:0.
11-06 20:34:29.477 D/ScriptController( 2921): [executeScriptAndReturnValue] [V8] evaluate Script end. frame=0x8f441a48 
11-06 20:34:29.533 I/Advanced( 2921): [QUEUE] share_queue_sendEx size:1 4097 100 0x8fdbff30,postLoopId:0,dstid:1.
11-06 20:34:29.733 I/Advanced( 2921): [QUEUE] share_queue_sendEx size:1 4097 101 0x8fdbff30,postLoopId:0,dstid:1.
11-06 20:34:29.777 D/[blink]DOMTimer( 2921): [fired] 0x8f312190 timeout fired.
11-06 20:34:29.777 D/ScriptController( 2921): [executeScriptAndReturnValue] [V8] evaluate Script start. frame=0x8f441a48 url= line=1. source length=22
11-06 20:34:29.777 D/iPanel  ( 2921): iPanel.debug("checkOverlayCreated")
11-06 20:34:29.777 D/[blink]DOMTimer( 2921): [DOMTimer] 0x8f312200 setTimeout 300ms, repeat:0.
11-06 20:34:29.777 D/ScriptController( 2921): [executeScriptAndReturnValue] [V8] evaluate Script end. frame=0x8f441a48 
11-06 20:34:29.964 D/BackBootDealerNeimeng( 2385): standbyState:
11-06 20:34:29.965 E/NetUtils( 2020): Interface eth0 LinkDown!
11-06 20:34:30.077 D/[blink]DOMTimer( 2921): [fired] 0x8f312200 timeout fired.
11-06 20:34:30.078 D/ScriptController( 2921): [executeScriptAndReturnValue] [V8] evaluate Script start. frame=0x8f441a48 url= line=1. source length=22
11-06 20:34:30.078 D/iPanel  ( 2921): iPanel.debug("checkOverlayCreated")
11-06 20:34:30.078 D/[blink]DOMTimer( 2921): [DOMTimer] 0x8f312270 setTimeout 300ms, repeat:0.
11-06 20:34:30.078 D/ScriptController( 2921): [executeScriptAndReturnValue] [V8] evaluate Script end. frame=0x8f441a48 
11-06 20:34:30.143 I/Advanced( 2921): [QUEUE] share_queue_sendEx size:1 4097 103 0x8fdbff30,postLoopId:0,dstid:1.
11-06 20:34:30.344 I/Advanced( 2921): [QUEUE] share_queue_sendEx size:1 4097 104 0x8fdbff30,postLoopId:0,dstid:1.
11-06 20:34:30.377 I/AdvancedPorting-PORT_MODULE_NET( 2921): network_task while... 
11-06 20:34:30.377 I/AdvancedPorting-PORT_MODULE_NET( 2921): 0 interface name: lo
11-06 20:34:30.377 I/AdvancedPorting-PORT_MODULE_NET( 2921): 1 interface name: wlan0
11-06 20:34:30.377 I/AdvancedPorting-PORT_MODULE_NET( 2921): First interface name: lo
11-06 20:34:30.377 I/AdvancedPorting-PORT_MODULE_NET( 2921): network_task while...  net_i:1
11-06 20:34:30.377 I/AdvancedPorting-PORT_MODULE_NET( 2921): network_task while---name_interface[0]=lo
11-06 20:34:30.377 I/AdvancedPorting-PORT_MODULE_NET( 2921): network_task while---name_interface[1]=wlan0
11-06 20:34:30.377 I/AdvancedPorting-PORT_MODULE_NET( 2921): network_task while---interface_name=wlan0
11-06 20:34:30.377 I/AdvancedPorting-PORT_MODULE_NET( 2921): network_get_netlink_status(in)--if_name=wlan0
11-06 20:34:30.377 I/AdvancedPorting-PORT_MODULE_NET( 2921): net.network.isconnected = no
11-06 20:34:30.377 I/AdvancedPorting-PORT_MODULE_NET( 2921): wlan0 --network_get_netlink_status return retval=1
11-06 20:34:30.377 I/AdvancedPorting-PORT_MODULE_NET( 2921): stat = 1 last_status = 1
11-06 20:34:30.378 D/[blink]DOMTimer( 2921): [fired] 0x8f312270 timeout fired.
11-06 20:34:30.378 D/ScriptController( 2921): [executeScriptAndReturnValue] [V8] evaluate Script start. frame=0x8f441a48 url= line=1. source length=22
11-06 20:34:30.379 D/iPanel  ( 2921): iPanel.debug("checkOverlayCreated")
11-06 20:34:30.379 D/[blink]DOMTimer( 2921): [DOMTimer] 0x8f3122e0 setTimeout 300ms, repeat:0.
11-06 20:34:30.379 D/ScriptController( 2921): [executeScriptAndReturnValue] [V8] evaluate Script end. frame=0x8f441a48 
11-06 20:34:30.465 D/BackBootDealerNeimeng( 2385): standbyState:
11-06 20:34:30.466 E/NetUtils( 2020): Interface eth0 LinkDown!
11-06 20:34:30.544 I/Advanced( 2921): [QUEUE] share_queue_sendEx size:1 4097 105 0x8fdbff30,postLoopId:0,dstid:1.
11-06 20:34:30.679 D/[blink]DOMTimer( 2921): [fired] 0x8f3122e0 timeout fired.
11-06 20:34:30.679 D/ScriptController( 2921): [executeScriptAndReturnValue] [V8] evaluate Script start. frame=0x8f441a48 url= line=1. source length=22
11-06 20:34:30.679 D/iPanel  ( 2921): iPanel.debug("checkOverlayCreated")
11-06 20:34:30.679 D/[blink]DOMTimer( 2921): [DOMTimer] 0x8f312350 setTimeout 300ms, repeat:0.
11-06 20:34:30.680 D/ScriptController( 2921): [executeScriptAndReturnValue] [V8] evaluate Script end. frame=0x8f441a48 
11-06 20:34:30.744 I/Advanced( 2921): [QUEUE] share_queue_sendEx size:1 4097 106 0x8fdbff30,postLoopId:0,dstid:1.
11-06 20:34:30.945 I/Advanced( 2921): [QUEUE] share_queue_sendEx size:1 4097 107 0x8fdbff30,postLoopId:0,dstid:1.
11-06 20:34:30.967 D/BackBootDealerNeimeng( 2385): standbyState:
11-06 20:34:30.968 E/NetUtils( 2020): Interface eth0 LinkDown!
11-06 20:34:30.980 D/[blink]DOMTimer( 2921): [fired] 0x8f312350 timeout fired.
11-06 20:34:30.980 D/ScriptController( 2921): [executeScriptAndReturnValue] [V8] evaluate Script start. frame=0x8f441a48 url= line=1. source length=22
11-06 20:34:30.980 D/iPanel  ( 2921): iPanel.debug("checkOverlayCreated")
