01-01 08:00:16.680 W/PackageManager( 2020): Not granting permission android.permission.DELETE_PACKAGES to package com.newayte.nvideo.tv (protectionLevel=18 flags=0x88be44)
01-01 08:00:16.680 W/PackageManager( 2020): Not granting permission android.permission.INSTALL_PACKAGES to package com.newayte.nvideo.tv (protectionLevel=18 flags=0x88be44)
01-01 08:00:16.680 W/PackageManager( 2020): Unknown permission com.android.smspush.WAPPUSH_MANAGER_BIND in package com.android.phone
01-01 08:00:16.680 W/PackageManager( 2020): Unknown permission com.android.launcher.permission.WRITE_SETTINGS in package com.suma.midware.setting
01-01 08:00:16.680 W/PackageManager( 2020): Unknown permission com.android.launcher.permission.READ_SETTINGS in package com.suma.midware.setting
01-01 08:00:16.680 W/PackageManager( 2020): Unknown permission android.permission.SYSTEM_OVERLAY_WINDOW in package com.hisilicon.android.pqsetting
01-01 08:00:16.765 V/FingerprintService( 2020): startListening(android.service.fingerprint.IFingerprintServiceReceiver$Stub$Proxy@2fce712d)
01-01 08:00:16.808 I/ActivityManager( 2020): Start proc 2220:com.android.externalstorage/u0a3 for broadcast com.android.externalstorage/.MountReceiver
01-01 08:00:16.960 I/SystemServiceManager( 2020): Starting phase 600
01-01 08:00:16.964 I/BackupManagerService( 2020): Backup enabled => false
01-01 08:00:16.965 I/BackupManagerService( 2020): Opting out of backup
01-01 08:00:16.970 E/InputMethodManagerService( 2020): Ignoring setImeWindowStatus due to an invalid token. uid:1000 token:null
01-01 08:00:16.972 W/InputMethodManagerService( 2020): Skipping input method ComponentInfo{com.suma.midware.back/com.suma.midware.back.sanping.input.SoftInputService}: it does not require the permission android.permission.BIND_INPUT_METHOD
01-01 08:00:17.008 I/ActivityManager( 2020): Start proc 2347:com.amlogic.inputmethod.remote/u0a19 for service com.amlogic.inputmethod.remote/.RemoteIME
01-01 08:00:17.008 V/InputMethodManagerService( 2020): Adding window token: android.os.Binder@2074e785
01-01 08:00:17.027 W/LocationManagerService( 2020): no network location provider found
01-01 08:00:17.029 E/LocationManagerService( 2020): no geocoder provider found
01-01 08:00:17.030 E/LocationManagerService( 2020): FLP HAL not supported
01-01 08:00:17.032 E/LocationManagerService( 2020): Unable to bind FLP Geofence proxy.
01-01 08:00:17.032 E/LocationManagerService( 2020): Hardware Activity-Recognition not supported.
01-01 08:00:17.045 I/MmsServiceBroker( 2020): Delay connecting to MmsService until an API is called
01-01 08:00:17.087 I/ActivityManager( 2020): Start proc 2385:com.suma.midware.back/1000 for added application com.suma.midware.back
01-01 08:00:17.126 I/ActivityManager( 2020): Start proc 2411:com.hisilicon.android.hiRMService/1000 for added application com.hisilicon.android.hiRMService
01-01 08:00:17.159 I/ActivityManager( 2020): Start proc 2430:com.suma.midware.dms/1000 for added application com.suma.midware.dms
01-01 08:00:17.259 I/ActivityManager( 2020): Start proc 2458:com.suma.midware.global/1000 for added application com.suma.midware.global
01-01 08:00:17.291 I/ActivityManager( 2020): Start proc 2480:com.android.phone/1001 for added application com.android.phone
01-01 08:00:17.291 I/ActivityManager( 2020): START u0 {act=android.intent.action.MAIN cat=[android.intent.category.HOME] flg=0x10000000 cmp=com.suma.midware.home/.third.Main3DActivity} from uid 0 on display 0
01-01 08:00:17.298 V/WindowManager( 2020): addAppToken: AppWindowToken{1c4e33fd token=Token{38e06854 ActivityRecord{2979eba7 u0 com.suma.midware.home/.third.Main3DActivity t495}}} to stack=0 task=495 at 0
01-01 08:00:17.329 I/ActivityManager( 2020): Start proc 2498:com.suma.midware.home/1000 for activity com.suma.midware.home/.third.Main3DActivity
01-01 08:00:17.331 I/SystemServer( 2020): NGB ClassLoader dalvik.system.PathClassLoader[DexPathList[[],nativeLibraryDirectories=[/vendor/lib, /system/lib]]], parent dalvik.system.PathClassLoader[DexPathList[[zip file "/system/framework/services.jar", zip file "/system/framework/ethernet-service.jar", zip file "/system/framework/wifi-service.jar"],nativeLibraryDirectories=[/vendor/lib, /system/lib]]]
01-01 08:00:17.331 E/SystemServer( 2020): Some exception in loading class com.android.server.NgbEventManagerService
01-01 08:00:17.332 E/SystemServer( 2020): Can not get NGB Event Manager Service
01-01 08:00:17.332 W/SystemServer( 2020): ***********************************************
01-01 08:00:17.333 F/SystemServer( 2020): BOOT FAILURE making NGB Event Manager Service ready
01-01 08:00:17.333 F/SystemServer( 2020): java.lang.ClassNotFoundException: com.android.server.NgbEventManagerService
01-01 08:00:17.333 F/SystemServer( 2020): 	at java.lang.Class.classForName(Native Method)
01-01 08:00:17.333 F/SystemServer( 2020): 	at java.lang.Class.forName(Class.java:309)
01-01 08:00:17.333 F/SystemServer( 2020): 	at java.lang.Class.forName(Class.java:273)
01-01 08:00:17.333 F/SystemServer( 2020): 	at com.android.server.SystemServer.run(SystemServer.java:304)
01-01 08:00:17.333 F/SystemServer( 2020): 	at com.android.server.SystemServer.main(SystemServer.java:178)
01-01 08:00:17.333 F/SystemServer( 2020): 	at java.lang.reflect.Method.invoke(Native Method)
01-01 08:00:17.333 F/SystemServer( 2020): 	at java.lang.reflect.Method.invoke(Method.java:372)
01-01 08:00:17.333 F/SystemServer( 2020): 	at com.android.internal.os.ZygoteInit$MethodAndArgsCaller.run(ZygoteInit.java:903)
01-01 08:00:17.333 F/SystemServer( 2020): 	at com.android.internal.os.ZygoteInit.main(ZygoteInit.java:698)
01-01 08:00:17.333 F/SystemServer( 2020): Caused by: java.lang.ClassNotFoundException: Didn't find class "com.android.server.NgbEventManagerService" on path: DexPathList[[zip file "/system/framework/services.jar", zip file "/system/framework/ethernet-service.jar", zip file "/system/framework/wifi-service.jar"],nativeLibraryDirectories=[/vendor/lib, /system/lib]]
01-01 08:00:17.333 F/SystemServer( 2020): 	at dalvik.system.BaseDexClassLoader.findClass(BaseDexClassLoader.java:56)
01-01 08:00:17.333 F/SystemServer( 2020): 	at java.lang.ClassLoader.loadClass(ClassLoader.java:511)
01-01 08:00:17.333 F/SystemServer( 2020): 	at java.lang.ClassLoader.loadClass(ClassLoader.java:469)
01-01 08:00:17.333 F/SystemServer( 2020): 	... 9 more
01-01 08:00:17.333 F/SystemServer( 2020): 	Suppressed: java.lang.ClassNotFoundException: Didn't find class "com.android.server.NgbEventManagerService" on path: DexPathList[[directory "."],nativeLibraryDirectories=[/vendor/lib, /system/lib]]
01-01 08:00:17.333 F/SystemServer( 2020): 		at dalvik.system.BaseDexClassLoader.findClass(BaseDexClassLoader.java:56)
01-01 08:00:17.333 F/SystemServer( 2020): 		at java.lang.ClassLoader.loadClass(ClassLoader.java:511)
01-01 08:00:17.333 F/SystemServer( 2020): 		at java.lang.ClassLoader.loadClass(ClassLoader.java:504)
01-01 08:00:17.333 F/SystemServer( 2020): 		... 10 more
01-01 08:00:17.333 F/SystemServer( 2020): 		Suppressed: java.lang.ClassNotFoundException: com.android.server.NgbEventManagerService
01-01 08:00:17.333 F/SystemServer( 2020): 			at java.lang.Class.classForName(Native Method)
01-01 08:00:17.333 F/SystemServer( 2020): 			at java.lang.BootClassLoader.findClass(ClassLoader.java:781)
01-01 08:00:17.333 F/SystemServer( 2020): 			at java.lang.BootClassLoader.loadClass(ClassLoader.java:841)
01-01 08:00:17.333 F/SystemServer( 2020): 			at java.lang.ClassLoader.loadClass(ClassLoader.java:504)
01-01 08:00:17.333 F/SystemServer( 2020): 			... 11 more
01-01 08:00:17.333 F/SystemServer( 2020): 		Caused by: java.lang.NoClassDefFoundError: Class not found using the boot class loader; no stack available
01-01 08:00:17.335 W/ActivityManager( 2020): Unable to start service Intent { cmp=com.android.printspooler/.model.PrintSpoolerService } U=0: not found
01-01 08:00:17.339 E/SystemServer( 2020): Some exception in loading class com.android.server.NgbInputEventService
01-01 08:00:17.346 E/SystemServer( 2020): Can not get NGB Input Event Service
01-01 08:00:17.346 I/SystemServer( 2020): [DCAS] CASEventManagerService
01-01 08:00:17.346 I/SystemServer( 2020): catch throw
01-01 08:00:17.348 I/SystemServer( 2020): Enabled StrictMode for system server main thread.
01-01 08:00:17.348 V/ActivityManager( 2020): Display changed displayId=0
01-01 08:00:17.379 V/ActivityManager( 2020): Display changed displayId=0
01-01 08:00:17.424 I/Telecom ( 2020): TelecomGlobals: TelecomGlobals initializing
01-01 08:00:17.426 E/ActivityThread( 2020): Failed to find provider info for call_log
01-01 08:00:17.472 I/Telecom ( 2020): TelecomGlobals: CallsManager initialized
01-01 08:00:17.473 W/ContextImpl( 2020): Calling a method in the system process without a qualified user: android.app.ContextImpl.startService:1710 android.content.ContextWrapper.startService:516 com.android.server.telecom.BluetoothPhoneService.start:440 com.android.server.telecom.TelecomGlobals.initialize:93 com.android.server.telecom.TelecomService.onCreate:164 
01-01 08:00:17.474 V/CameraObserver( 2020): Intent.ACTION_CAMERA_PLUG: state: 0:name:video0
01-01 08:00:17.474 W/ContextImpl( 2020): Calling a method in the system process without a qualified user: android.app.ContextImpl.sendBroadcast:1345 com.android.server.CameraObserver.sendIntent:116 com.android.server.CameraObserver.access$000:37 com.android.server.CameraObserver$1.handleMessage:122 android.os.Handler.dispatchMessage:102 
01-01 08:00:17.478 D/ZenLog  ( 2020): downtime: Autotrigger skipped: not in downtime
01-01 08:00:17.484 W/ResourcesManager( 2020): Asset path '/system/framework/com.android.location.provider.jar' does not exist or contains no resources.
01-01 08:00:17.489 V/WiredAccessoryManager( 2020): init()
01-01 08:00:17.493 V/WiredAccessoryManager( 2020): newName=hdmi newState=16 headsetState=16 prev headsetState=0
01-01 08:00:17.502 W/ContextImpl( 2430): Calling a method in the system process without a qualified user: android.app.ContextImpl.bindService:1774 android.content.ContextWrapper.bindService:539 com.suma.midware.prop.i.b:-1 com.suma.midware.prop.i.a:-1 com.suma.midware.prop.BaseClientApplication.onCreate:-1 
01-01 08:00:17.505 W/AppWidgetServiceImpl( 2020): Failed to read state: java.io.FileNotFoundException: /data/system/users/0/appwidgets.xml: open failed: ENOENT (No such file or directory)
01-01 08:00:17.505 V/AppWidgetServiceImpl( 2020): Upgrading widget database from 0 to 1
01-01 08:00:17.540 V/BackupManagerService( 2020): Connected to transport ComponentInfo{android/com.android.internal.backup.LocalTransportService}
01-01 08:00:17.540 V/BackupManagerService( 2020): Registering transport android/com.android.internal.backup.LocalTransportService::android/com.android.internal.backup.LocalTransport = android.app.backup.BackupTransport$TransportImpl@1d1257b2
01-01 08:00:17.551 W/ContextImpl( 2458): Calling a method in the system process without a qualified user: android.app.ContextImpl.bindService:1774 android.content.ContextWrapper.bindService:539 com.suma.midware.prop.i.b:-1 com.suma.midware.prop.i.a:-1 com.suma.midware.global.GlobalApplication.onCreate:-1 
01-01 08:00:17.554 V/WiredAccessoryManager( 2020): device hdmi connected
01-01 08:00:17.605 I/ActivityManager( 2020): Start proc 2531:com.sumavision.android.media.v/u0a22 for broadcast com.sumavision.android.media.v/com.sumavision.android.media.c.MediaAppProReceiver
01-01 08:00:17.631 W/ContextImpl( 2498): Calling a method in the system process without a qualified user: android.app.ContextImpl.bindService:1774 android.content.ContextWrapper.bindService:539 com.suma.midware.prop.i.b:-1 com.suma.midware.prop.i.a:-1 com.suma.midware.home.HomeApplication.onCreate:-1 
01-01 08:00:17.707 I/StatusBarManagerService( 2020): registerStatusBar bar=com.android.internal.statusbar.IStatusBar$Stub$Proxy@29a8dd4b
01-01 08:00:17.728 W/ContextImpl( 2385): Calling a method in the system process without a qualified user: android.app.ContextImpl.startService:1710 android.content.ContextWrapper.startService:516 com.suma.midware.back.boot.ServiceBoot.b:-1 com.suma.midware.back.BackService.onCreate:-1 android.app.ActivityThread.handleCreateService:2761 
01-01 08:00:17.730 W/ContextImpl( 2385): Calling a method in the system process without a qualified user: android.app.ContextImpl.startService:1710 android.content.ContextWrapper.startService:516 com.suma.midware.back.boot.ServiceBoot.b:-1 com.suma.midware.back.BackService.onCreate:-1 android.app.ActivityThread.handleCreateService:2761 
01-01 08:00:17.736 W/ContextImpl( 2385): Calling a method in the system process without a qualified user: android.app.ContextImpl.startService:1710 android.content.ContextWrapper.startService:516 com.suma.midware.back.boot.neimeng.BackBootDealerNeimeng.a:-1 com.suma.midware.back.boot.ServiceBoot.b:-1 com.suma.midware.back.BackService.onCreate:-1 
01-01 08:00:17.787 D/WifiService( 2020): New client listening to asynchronous messages
01-01 08:00:17.816 E/ConnectivityService( 2020): Failed to find Messenger in unregisterNetworkFactory
01-01 08:00:17.817 D/ConnectivityService( 2020): Got NetworkFactory Messenger for Telephony
01-01 08:00:17.880 E/ActivityThread( 2480): Failed to find provider info for com.android.contacts
01-01 08:00:18.183 D/WifiService( 2020): New client listening to asynchronous messages
01-01 08:00:18.320 D/ConnectivityService( 2020): listenForNetwork for NetworkRequest [ id=2, legacyType=-1, [] ]
01-01 08:00:18.381 E/ActivityThread( 2165): Failed to find provider info for com.android.contacts
01-01 08:00:18.910 D/WifiService( 2020): New client listening to asynchronous messages
01-01 08:00:19.910 D/ConnectivityService( 2020): Got NetworkFactory Messenger for WIFI
01-01 08:00:19.911 D/ConnectivityService( 2020): Got NetworkFactory Messenger for WIFI_UT
01-01 08:00:21.186 W/ContextImpl( 2498): Calling a method in the system process without a qualified user: android.app.ContextImpl.sendBroadcast:1345 android.content.ContextWrapper.sendBroadcast:377 com.suma.midware.view.ext.BluetoothUpdate.b:-1 com.suma.midware.home.third.Main3DActivity.onResume:-1 android.app.Instrumentation.callActivityOnResume:1257 
01-01 08:00:21.199 D/WifiService( 2020): New client listening to asynchronous messages
01-01 08:00:21.205 W/ContextImpl( 2498): Calling a method in the system process without a qualified user: android.app.ContextImpl.sendBroadcast:1345 android.content.ContextWrapper.sendBroadcast:377 android.app.ActivityThread.performResumeActivity:2982 android.app.ActivityThread.handleResumeActivity:3023 android.app.ActivityThread.handleLaunchActivity:2392 
01-01 08:00:21.218 V/WindowManager( 2020): Based on layer: Adding window Window{153f66e5 u0 com.suma.midware.home/com.suma.midware.home.third.Main3DActivity} at 1 of 6
01-01 08:00:21.253 V/WindowManager( 2020): Adding window Window{15ad0c6b u0 SurfaceView} at 1 of 7 (before Window{153f66e5 u0 com.suma.midware.home/com.suma.midware.home.third.Main3DActivity})
01-01 08:00:21.257 V/WindowManager( 2020): Adding window Window{3048c61 u0 SurfaceView} at 2 of 8 (before Window{153f66e5 u0 com.suma.midware.home/com.suma.midware.home.third.Main3DActivity})
01-01 08:00:21.292 W/KeyguardServiceDelegate( 2020): onScreenTurnedOn(): no keyguard service!
01-01 08:00:21.524 I/SystemServiceManager( 2020): Starting phase 1000
01-01 08:00:21.550 I/ActivityManager( 2020): Start proc 2648:com.android.keychain/1000 for service com.android.keychain/.KeyChainService
01-01 08:00:21.550 V/ActivityManager( 2020): Display changed displayId=0
01-01 08:00:21.550 W/BroadcastQueue( 2020): Permission Denial: receiving Intent { act=android.intent.action.BOOT_COMPLETED flg=0x8000010 (has extras) } to ProcessRecord{183cfef8 2165:com.android.systemui/u0a7} (pid=2165, uid=10007) requires android.permission.RECEIVE_BOOT_COMPLETED due to sender null (uid 1000)
01-01 08:00:21.559 W/BroadcastQueue( 2020): Permission Denial: receiving Intent { act=android.intent.action.BOOT_COMPLETED flg=0x8000010 (has extras) } to ProcessRecord{183cfef8 2165:com.android.systemui/u0a7} (pid=2165, uid=10007) requires android.permission.RECEIVE_BOOT_COMPLETED due to sender null (uid 1000)
01-01 08:00:21.560 W/BroadcastQueue( 2020): Permission Denial: receiving Intent { act=android.intent.action.BOOT_COMPLETED flg=0x8000010 (has extras) } to com.android.systemui/.BootReceiver requires android.permission.RECEIVE_BOOT_COMPLETED due to sender null (uid 1000)
01-01 08:00:21.560 W/BroadcastQueue( 2020): Permission Denial: receiving Intent { act=android.intent.action.BOOT_COMPLETED flg=0x8000010 (has extras) } to com.android.phone/.OtaStartupReceiver requires android.permission.RECEIVE_BOOT_COMPLETED due to sender null (uid 1000)
01-01 08:00:21.561 W/BroadcastQueue( 2020): Permission Denial: receiving Intent { act=android.intent.action.BOOT_COMPLETED flg=0x8000010 (has extras) } to com.newayte.nvideo.tv/com.newayte.nvideo.BootCompletedReceiver requires android.permission.RECEIVE_BOOT_COMPLETED due to sender null (uid 1000)
01-01 08:00:21.562 W/BroadcastQueue( 2020): Permission Denial: receiving Intent { act=android.intent.action.BOOT_COMPLETED flg=0x8000010 (has extras) } to com.android.providers.downloads/.DownloadReceiver requires android.permission.RECEIVE_BOOT_COMPLETED due to sender null (uid 1000)
01-01 08:00:21.563 W/BroadcastQueue( 2020): Permission Denial: receiving Intent { act=android.intent.action.BOOT_COMPLETED flg=0x8000010 (has extras) } to com.android.managedprovisioning/.BootReminder requires android.permission.RECEIVE_BOOT_COMPLETED due to sender null (uid 1000)
01-01 08:00:21.563 W/BroadcastQueue( 2020): Permission Denial: receiving Intent { act=android.intent.action.BOOT_COMPLETED flg=0x8000010 (has extras) } to com.android.providers.media/.MediaScannerReceiver requires android.permission.RECEIVE_BOOT_COMPLETED due to sender null (uid 1000)
01-01 08:00:21.563 W/BroadcastQueue( 2020): Permission Denial: receiving Intent { act=android.intent.action.BOOT_COMPLETED flg=0x8000010 (has extras) } to com.android.providers.media/.MtpReceiver requires android.permission.RECEIVE_BOOT_COMPLETED due to sender null (uid 1000)
01-01 08:00:21.565 W/ContextImpl( 2411): Calling a method in the system process without a qualified user: android.app.ContextImpl.startService:1710 android.content.ContextWrapper.startService:516 android.content.ContextWrapper.startService:516 com.hisilicon.android.hiRMService.HiRMBroadcastReceiver.onReceive:21 android.app.ActivityThread.handleReceiver:2609 
01-01 08:00:21.569 I/BootReceiver( 2020): Copying audit failures to DropBox
01-01 08:00:21.569 I/BootReceiver( 2020): Checking for fsck errors
01-01 08:00:21.583 D/WifiService( 2020): New client listening to asynchronous messages
01-01 08:00:21.624 W/BroadcastQueue( 2020): Permission Denial: receiving Intent { act=android.intent.action.BOOT_COMPLETED flg=0x8000010 (has extras) } to com.huan.appstore/.receiver.DeviceBootReceiver requires android.permission.RECEIVE_BOOT_COMPLETED due to sender null (uid 1000)
01-01 08:00:21.646 I/ActivityManager( 2020): Start proc 2674:com.sumavision.admindm/1000 for broadcast com.sumavision.admindm/.StartSessionBroadcastReceiver
01-01 08:00:21.683 W/ContextImpl( 2674): Calling a method in the system process without a qualified user: android.app.ContextImpl.startService:1710 android.content.ContextWrapper.startService:516 android.content.ContextWrapper.startService:516 com.sumavision.admindm.StartSessionBroadcastReceiver.onReceive:-1 android.app.ActivityThread.handleReceiver:2609 
01-01 08:00:21.686 W/ContextImpl( 2430): Calling a method in the system process without a qualified user: android.app.ContextImpl.startService:1710 android.content.ContextWrapper.startService:516 android.content.ContextWrapper.startService:516 com.suma.midware.dms.util.DmsUtil.a:-1 com.suma.midware.dms.util.DmsUtil.a:-1 
01-01 08:00:21.687 W/AlarmManager( 2020): Suspiciously short interval 5000 millis; expanding to 60 seconds
01-01 08:00:21.690 W/ContextImpl( 2458): Calling a method in the system process without a qualified user: android.app.ContextImpl.startService:1710 android.content.ContextWrapper.startService:516 com.suma.midware.global.receiver.BootReceiver.onReceive:-1 android.app.ActivityThread.handleReceiver:2609 android.app.ActivityThread.access$1700:151 
01-01 08:00:21.691 W/AlarmManager( 2020): Suspiciously short interval 10000 millis; expanding to 60 seconds
01-01 08:00:21.698 W/ContextImpl( 2385): Calling a method in the system process without a qualified user: android.app.ContextImpl.startService:1710 android.content.ContextWrapper.startService:516 android.content.ContextWrapper.startService:516 com.suma.midware.back.BackReceiver.onReceive:-1 android.app.ActivityThread.handleReceiver:2609 
01-01 08:00:21.725 I/ActivityManager( 2020): Start proc 2694:com.suma.midware.setting/1000 for broadcast com.suma.midware.setting/.BootReceiver
01-01 08:00:21.728 W/AlarmManager( 2020): Suspiciously short interval 5000 millis; expanding to 60 seconds
01-01 08:00:21.781 W/ContextImpl( 2674): Calling a method in the system process without a qualified user: android.app.ContextImpl.bindService:1774 android.content.ContextWrapper.bindService:539 com.suma.midware.prop.i.c:-1 com.suma.midware.prop.i.a:-1 com.sumavision.b.a.<init>:-1 
01-01 08:00:21.808 W/ContextImpl( 2694): Calling a method in the system process without a qualified user: android.app.ContextImpl.bindService:1774 android.content.ContextWrapper.bindService:539 com.suma.midware.prop.i.b:-1 com.suma.midware.prop.i.a:-1 com.suma.midware.setting.SetApplication.onCreate:-1 
01-01 08:00:21.813 W/ContextImpl( 2694): Calling a method in the system process without a qualified user: android.app.ContextImpl.startService:1710 android.content.ContextWrapper.startService:516 android.content.ContextWrapper.startService:516 com.suma.midware.setting.BootReceiver.onReceive:-1 android.app.ActivityThread.handleReceiver:2609 
01-01 08:00:21.815 W/AlarmManager( 2020): Suspiciously short interval 10000 millis; expanding to 60 seconds
01-01 08:00:21.822 D/WifiService( 2020): New client listening to asynchronous messages
01-01 08:00:21.857 W/ContextImpl( 2498): Calling a method in the system process without a qualified user: android.app.ContextImpl.sendBroadcast:1345 android.content.ContextWrapper.sendBroadcast:377 com.suma.midware.home.third.Main3DActivity.a:-1 com.suma.midware.home.third.h.a:-1 com.sumavision.engine.core.base.c.onDrawFrame:-1 
01-01 08:00:31.205 I/ActivityManager( 2020): START u0 {act=com.suma.midware.action.channel.play cmp=com.suma.midware.dvb/.play.PlayActivity (has extras)} from uid 1000 on display 0
01-01 08:00:31.213 V/WindowManager( 2020): addAppToken: AppWindowToken{b9bc8f7 token=Token{2ee7acf6 ActivityRecord{1b6ab591 u0 com.suma.midware.dvb/.play.PlayActivity t496}}} to stack=1 task=496 at 0
01-01 08:00:31.225 W/ContextImpl( 2498): Calling a method in the system process without a qualified user: android.app.ContextImpl.sendBroadcast:1345 android.content.ContextWrapper.sendBroadcast:377 android.app.ActivityThread.performPauseActivity:3259 android.app.ActivityThread.performPauseActivity:3225 android.app.ActivityThread.handlePauseActivity:3200 
01-01 08:00:31.225 V/WindowManager( 2020): Adding window Window{2a5f1d0 u0 Starting com.suma.midware.dvb} at 4 of 9 (after Window{153f66e5 u0 com.suma.midware.home/com.suma.midware.home.third.Main3DActivity})
01-01 08:00:31.277 I/ActivityManager( 2020): Start proc 2759:com.suma.midware.dvb/1000 for activity com.suma.midware.dvb/.play.PlayActivity
01-01 08:00:31.375 D/ConnectivityService( 2020): registerNetworkAgent NetworkAgentInfo{ ni{[type: WIFI[], state: CONNECTING/CONNECTING, reason: (unspecified), extra: "Xiaomi_D52C", roaming: false, failover: false, isAvailable: true, isConnectedToProvisioningNetwork: false]}  network{null}  lp{{LinkAddresses: []  Routes: [] DnsAddresses: [] Domains: null MTU: 0 TcpBufferSizes: 524288,1048576,2097152,262144,524288,1048576}}  nc{[ Transports: WIFI Capabilities: INTERNET&NOT_RESTRICTED&TRUSTED&NOT_VPN LinkUpBandwidth>=1048576Kbps LinkDnBandwidth>=1048576Kbps]}  Score{20}  everValidated{false}  lastValidated{false}  created{false}  explicitlySelected{false} }
01-01 08:00:31.376 D/ConnectivityService( 2020): NetworkAgentInfo [WIFI () - 100] EVENT_NETWORK_INFO_CHANGED, going from null to CONNECTING
01-01 08:00:31.383 W/ContextImpl( 2759): Calling a method in the system process without a qualified user: android.app.ContextImpl.bindService:1774 android.content.ContextWrapper.bindService:539 com.suma.midware.prop.i.b:-1 com.suma.midware.prop.i.a:-1 com.suma.midware.dvb.DvbApplication.onCreate:-1 
01-01 08:00:31.392 D/ConnectivityService( 2020): updateNetworkScore for NetworkAgentInfo [WIFI () - 100] to 60
01-01 08:00:31.737 W/ProcessCpuTracker( 2020): Skipping unknown process pid 2800
01-01 08:00:31.814 E/ActivityThread( 2759): Failed to find provider info for com.suma.midware.update
01-01 08:00:31.816 I/ActivityManager( 2020): Force stopping com.suma.midware.vod appid=1000 user=0: from pid 2759
01-01 08:00:31.818 D/WifiService( 2020): New client listening to asynchronous messages
01-01 08:00:31.819 D/ActivityThread( 2759): Loading provider com.suma.midware.provider.ubas: com.suma.midware.back.db.UbaProvider
01-01 08:00:31.930 W/ContextImpl( 2759): Calling a method in the system process without a qualified user: android.app.ContextImpl.sendBroadcast:1345 android.content.ContextWrapper.sendBroadcast:377 android.app.ActivityThread.performResumeActivity:2982 android.app.ActivityThread.handleResumeActivity:3023 android.app.ActivityThread.handleLaunchActivity:2392 
01-01 08:00:31.949 V/WindowManager( 2020): Adding window Window{40d5bc7 u0 com.suma.midware.dvb/com.suma.midware.dvb.play.PlayActivity} at 4 of 10 (before Window{2a5f1d0 u0 Starting com.suma.midware.dvb})
01-01 08:00:32.011 D/ConnectivityService( 2020): NetworkAgentInfo [WIFI () - 100] EVENT_NETWORK_INFO_CHANGED, going from CONNECTING to CONNECTED
01-01 08:00:32.012 D/ConnectivityService( 2020): Adding iface wlan0 to network 100
01-01 08:00:32.048 E/ConnectivityService( 2020): Unexpected mtu value: 0, wlan0
01-01 08:00:32.048 D/ConnectivityService( 2020): Adding Route [fe80::/64 -> :: wlan0] to network 100
01-01 08:00:32.049 D/ConnectivityService( 2020): Adding Route [192.168.31.0/24 -> 0.0.0.0 wlan0] to network 100
01-01 08:00:32.051 D/ConnectivityService( 2020): Adding Route [0.0.0.0/0 -> 192.168.31.1 wlan0] to network 100
01-01 08:00:32.052 D/ConnectivityService( 2020): Setting Dns servers for network 100 to [/192.168.31.1]
01-01 08:00:32.058 D/ConnectivityService( 2020): notifyType IP_CHANGED for NetworkAgentInfo [WIFI () - 100]
01-01 08:00:32.061 D/ConnectivityService( 2020): notifyType PRECHECK for NetworkAgentInfo [WIFI () - 100]
01-01 08:00:32.061 D/ConnectivityService( 2020): rematching NetworkAgentInfo [WIFI () - 100]
01-01 08:00:32.061 D/ConnectivityService( 2020):    accepting network in place of null
01-01 08:00:32.062 D/ConnectivityService( 2020): Switching to new default network: NetworkAgentInfo{ ni{[type: WIFI[], state: CONNECTED/CONNECTED, reason: (unspecified), extra: "Xiaomi_D52C", roaming: false, failover: false, isAvailable: true, isConnectedToProvisioningNetwork: false]}  network{100}  lp{{InterfaceName: wlan0 LinkAddresses: [192.168.31.115/24,]  Routes: [fe80::/64 -> :: wlan0,192.168.31.0/24 -> 0.0.0.0 wlan0,0.0.0.0/0 -> 192.168.31.1 wlan0,] DnsAddresses: [192.168.31.1,] Domains:  MTU: 0 TcpBufferSizes: 524288,1048576,2097152,262144,524288,1048576}}  nc{[ Transports: WIFI Capabilities: INTERNET&NOT_RESTRICTED&TRUSTED&NOT_VPN LinkUpBandwidth>=1048576Kbps LinkDnBandwidth>=1048576Kbps]}  Score{20}  everValidated{false}  lastValidated{false}  created{true}  explicitlySelected{false} }
01-01 08:00:32.063 D/ConnectivityService( 2020): Setting tx/rx TCP buffers to 524288,1048576,2097152,262144,524288,1048576
01-01 08:00:32.066 D/ConnectivityService( 2020): notifyType AVAILABLE for NetworkAgentInfo [WIFI () - 100]
01-01 08:00:32.066 D/CSLegacyTypeTracker( 2020): Sending connected broadcast for type 1 NetworkAgentInfo [WIFI () - 100] isDefaultNetwork=true
01-01 08:00:32.067 D/ConnectivityService( 2020): sendStickyBroadcast: action=android.net.conn.CONNECTIVITY_CHANGE_IMMEDIATE
01-01 08:00:32.067 D/ConnectivityService( 2020): sendStickyBroadcast: action=android.net.conn.CONNECTIVITY_CHANGE
01-01 08:00:32.069 D/ConnectivityService( 2020): setProvNotificationVisibleIntent: E visible=false networkType=0 extraInfo=null
01-01 08:00:32.069 D/ConnectivityService( 2020): Validated NetworkAgentInfo [WIFI () - 100]
01-01 08:00:32.069 D/ConnectivityService( 2020): rematching NetworkAgentInfo [WIFI () - 100]
01-01 08:00:32.070 D/ConnectivityService( 2020): Network NetworkAgentInfo [WIFI () - 100] was already satisfying request 1. No change.
01-01 08:00:32.070 D/ConnectivityService( 2020): notifyType AVAILABLE for NetworkAgentInfo [WIFI () - 100]
01-01 08:00:32.071 D/ConnectivityService( 2020): sendStickyBroadcast: action=android.net.conn.INET_CONDITION_ACTION
01-01 08:00:33.142 D/ConnectivityService( 2020): notifyType IP_CHANGED for NetworkAgentInfo [WIFI () - 100]
01-01 08:00:34.721 D/TaskPersister( 2020): removeObsoleteFile: deleting file=488_task.xml
01-01 08:00:34.721 D/TaskPersister( 2020): removeObsoleteFile: deleting file=488_task_thumbnail.png
11-06 20:33:30.008 W/ContextImpl( 2385): Calling a method in the system process without a qualified user: android.app.ContextImpl.sendBroadcast:1345 android.content.ContextWrapper.sendBroadcast:377 com.suma.midware.back.ivideo.b.a:-1 com.suma.midware.back.ivideo.neimeng.IvideoDealerNeimeng.b:-1 com.suma.midware.back.ivideo.neimeng.IvideoDealerNeimeng.e:-1 
11-06 20:33:30.111 W/ContextImpl( 2385): Calling a method in the system process without a qualified user: android.app.ContextImpl.sendBroadcast:1345 android.content.ContextWrapper.sendBroadcast:377 com.suma.midware.back.ivideo.b.a:-1 com.suma.midware.back.ivideo.neimeng.IvideoDealerNeimeng.e:-1 com.suma.midware.back.ivideo.e.run:-1 
11-06 20:33:30.259 W/ContextImpl( 2385): Calling a method in the system process without a qualified user: android.app.ContextImpl.sendBroadcast:1345 android.content.ContextWrapper.sendBroadcast:377 com.suma.midware.back.ivideo.b.a:-1 com.suma.midware.back.ivideo.neimeng.IvideoDealerNeimeng.e:-1 com.suma.midware.back.ivideo.e.run:-1 
11-06 20:33:31.657 I/ActivityManager( 2020): Waited long enough for: ServiceRecord{eb23f1f u0 com.sumavision.admindm/.Session}
11-06 20:33:32.297 W/ContextImpl( 2385): Calling a method in the system process without a qualified user: android.app.ContextImpl.sendBroadcast:1345 android.content.ContextWrapper.sendBroadcast:377 com.suma.midware.back.esg.e.f:-1 com.suma.midware.back.esg.f.run:-1 com.suma.midware.prop.util.c.run:-1 
11-06 20:33:33.300 W/ContextImpl( 2385): Calling a method in the system process without a qualified user: android.app.ContextImpl.sendBroadcast:1345 android.content.ContextWrapper.sendBroadcast:377 com.suma.midware.back.esg.e.f:-1 com.suma.midware.back.esg.f.run:-1 com.suma.midware.prop.util.c.run:-1 
11-06 20:33:36.304 W/ContextImpl( 2385): Calling a method in the system process without a qualified user: android.app.ContextImpl.sendBroadcast:1345 android.content.ContextWrapper.sendBroadcast:377 com.suma.midware.back.esg.e.f:-1 com.suma.midware.back.esg.f.run:-1 com.suma.midware.prop.util.c.run:-1 
11-06 20:33:37.307 W/ContextImpl( 2385): Calling a method in the system process without a qualified user: android.app.ContextImpl.sendBroadcast:1345 android.content.ContextWrapper.sendBroadcast:377 com.suma.midware.back.esg.e.f:-1 com.suma.midware.back.esg.f.run:-1 com.suma.midware.prop.util.c.run:-1 
11-06 20:33:40.311 W/ContextImpl( 2385): Calling a method in the system process without a qualified user: android.app.ContextImpl.sendBroadcast:1345 android.content.ContextWrapper.sendBroadcast:377 com.suma.midware.back.esg.e.f:-1 com.suma.midware.back.esg.f.run:-1 com.suma.midware.prop.util.c.run:-1 
11-06 20:33:41.314 W/ContextImpl( 2385): Calling a method in the system process without a qualified user: android.app.ContextImpl.sendBroadcast:1345 android.content.ContextWrapper.sendBroadcast:377 com.suma.midware.back.esg.e.f:-1 com.suma.midware.back.esg.f.run:-1 com.suma.midware.prop.util.c.run:-1 
11-06 20:33:43.232 I/ActivityManager( 2020): START u0 {act=android.intent.action.MAIN cat=[android.intent.category.HOME] flg=0x10200000 cmp=com.suma.midware.home/.third.Main3DActivity} from uid 1000 on display 0
11-06 20:33:43.247 I/ActivityManager( 2020): Force stopping com.android.browser appid=10010 user=0: from pid 2385
11-06 20:33:43.249 I/ActivityManager( 2020): Process com.sumavision.android.media.v (pid 2531) has died
11-06 20:33:43.265 W/ContextImpl( 2759): Calling a method in the system process without a qualified user: android.app.ContextImpl.sendBroadcast:1345 android.content.ContextWrapper.sendBroadcast:377 android.app.ActivityThread.performPauseActivity:3259 android.app.ActivityThread.performPauseActivity:3225 android.app.ActivityThread.handlePauseActivity:3200 
11-06 20:33:43.289 W/ContextImpl( 2498): Calling a method in the system process without a qualified user: android.app.ContextImpl.sendBroadcast:1345 android.content.ContextWrapper.sendBroadcast:377 com.suma.midware.view.ext.BluetoothUpdate.b:-1 com.suma.midware.home.third.Main3DActivity.onResume:-1 android.app.Instrumentation.callActivityOnResume:1257 
11-06 20:33:43.292 W/ContextImpl( 2498): Calling a method in the system process without a qualified user: android.app.ContextImpl.sendBroadcast:1345 android.content.ContextWrapper.sendBroadcast:377 android.app.ActivityThread.performResumeActivity:2982 android.app.ActivityThread.handleResumeActivity:3023 android.app.ActivityThread$H.handleMessage:1347 
11-06 20:33:44.317 W/ContextImpl( 2385): Calling a method in the system process without a qualified user: android.app.ContextImpl.sendBroadcast:1345 android.content.ContextWrapper.sendBroadcast:377 com.suma.midware.back.esg.e.f:-1 com.suma.midware.back.esg.f.run:-1 com.suma.midware.prop.util.c.run:-1 
11-06 20:33:45.320 W/ContextImpl( 2385): Calling a method in the system process without a qualified user: android.app.ContextImpl.sendBroadcast:1345 android.content.ContextWrapper.sendBroadcast:377 com.suma.midware.back.esg.e.f:-1 com.suma.midware.back.esg.f.run:-1 com.suma.midware.prop.util.c.run:-1 
11-06 20:33:48.322 W/ContextImpl( 2385): Calling a method in the system process without a qualified user: android.app.ContextImpl.sendBroadcast:1345 android.content.ContextWrapper.sendBroadcast:377 com.suma.midware.back.esg.e.f:-1 com.suma.midware.back.esg.f.run:-1 com.suma.midware.prop.util.c.run:-1 
11-06 20:33:49.323 W/ContextImpl( 2385): Calling a method in the system process without a qualified user: android.app.ContextImpl.sendBroadcast:1345 android.content.ContextWrapper.sendBroadcast:377 com.suma.midware.back.esg.e.f:-1 com.suma.midware.back.esg.f.run:-1 com.suma.midware.prop.util.c.run:-1 
11-06 20:33:52.326 W/ContextImpl( 2385): Calling a method in the system process without a qualified user: android.app.ContextImpl.sendBroadcast:1345 android.content.ContextWrapper.sendBroadcast:377 com.suma.midware.back.esg.e.f:-1 com.suma.midware.back.esg.f.run:-1 com.suma.midware.prop.util.c.run:-1 
11-06 20:33:53.184 I/ActivityManager( 2020): START u0 {act= cmp=com.suma.midware.setting/.main.SystemMainActivity} from uid 1000 on display 0
11-06 20:33:53.189 V/WindowManager( 2020): addAppToken: AppWindowToken{14918f8e token=Token{3a4aa389 ActivityRecord{c09ee90 u0 com.suma.midware.setting/.main.SystemMainActivity t497}}} to stack=1 task=497 at 0
11-06 20:33:53.226 W/ContextImpl( 2498): Calling a method in the system process without a qualified user: android.app.ContextImpl.sendBroadcast:1345 android.content.ContextWrapper.sendBroadcast:377 android.app.ActivityThread.performPauseActivity:3259 android.app.ActivityThread.performPauseActivity:3225 android.app.ActivityThread.handlePauseActivity:3200 
11-06 20:33:53.277 V/WindowManager( 2020): Adding window Window{3f840266 u0 Starting com.suma.midware.setting} at 5 of 10 (after Window{40d5bc7 u0 com.suma.midware.dvb/com.suma.midware.dvb.play.PlayActivity})
11-06 20:33:53.329 W/ContextImpl( 2385): Calling a method in the system process without a qualified user: android.app.ContextImpl.sendBroadcast:1345 android.content.ContextWrapper.sendBroadcast:377 com.suma.midware.back.esg.e.f:-1 com.suma.midware.back.esg.f.run:-1 com.suma.midware.prop.util.c.run:-1 
11-06 20:33:53.346 W/ContextImpl( 2694): Calling a method in the system process without a qualified user: android.app.ContextImpl.sendBroadcast:1345 android.content.ContextWrapper.sendBroadcast:377 android.app.ActivityThread.performResumeActivity:2982 android.app.ActivityThread.handleResumeActivity:3023 android.app.ActivityThread.handleLaunchActivity:2392 
11-06 20:33:53.359 V/WindowManager( 2020): Adding window Window{a2680f9 u0 com.suma.midware.setting/com.suma.midware.setting.main.SystemMainActivity} at 5 of 11 (before Window{3f840266 u0 Starting com.suma.midware.setting})
11-06 20:33:53.387 W/ViewRootImpl( 2694): Cancelling event due to no window focus: KeyEvent { action=ACTION_UP, keyCode=KEYCODE_DPAD_CENTER, scanCode=28, metaState=0, flags=0x80000028, repeatCount=0, eventTime=61626, downTime=61417, deviceId=3, source=0x701 }
11-06 20:33:53.387 W/ViewRootImpl( 2694): Cancelling event due to no window focus: KeyEvent { action=ACTION_UP, keyCode=KEYCODE_DPAD_CENTER, scanCode=28, metaState=0, flags=0x80000028, repeatCount=0, eventTime=61626, downTime=61417, deviceId=3, source=0x701 }
11-06 20:33:53.387 W/ViewRootImpl( 2694): Cancelling event due to no window focus: KeyEvent { action=ACTION_UP, keyCode=KEYCODE_DPAD_CENTER, scanCode=28, metaState=0, flags=0x80000028, repeatCount=0, eventTime=61626, downTime=61417, deviceId=3, source=0x701 }
11-06 20:33:53.387 W/ViewRootImpl( 2694): Cancelling event due to no window focus: KeyEvent { action=ACTION_UP, keyCode=KEYCODE_DPAD_CENTER, scanCode=28, metaState=0, flags=0x80000028, repeatCount=0, eventTime=61626, downTime=61417, deviceId=3, source=0x701 }
11-06 20:33:53.387 W/ViewRootImpl( 2694): Cancelling event due to no window focus: KeyEvent { action=ACTION_UP, keyCode=KEYCODE_DPAD_CENTER, scanCode=28, metaState=0, flags=0x80000028, repeatCount=0, eventTime=61626, downTime=61417, deviceId=3, source=0x701 }
11-06 20:33:53.387 W/ViewRootImpl( 2694): Cancelling event due to no window focus: KeyEvent { action=ACTION_UP, keyCode=KEYCODE_DPAD_CENTER, scanCode=28, metaState=0, flags=0x80000028, repeatCount=0, eventTime=61626, downTime=61417, deviceId=3, source=0x701 }
11-06 20:33:53.387 W/ViewRootImpl( 2694): Cancelling event due to no window focus: KeyEvent { action=ACTION_UP, keyCode=KEYCODE_DPAD_CENTER, scanCode=28, metaState=0, flags=0x80000028, repeatCount=0, eventTime=61626, downTime=61417, deviceId=3, source=0x701 }
11-06 20:33:53.387 W/ViewRootImpl( 2694): Cancelling event due to no window focus: KeyEvent { action=ACTION_UP, keyCode=KEYCODE_DPAD_CENTER, scanCode=28, metaState=0, flags=0x80000028, repeatCount=0, eventTime=61626, downTime=61417, deviceId=3, source=0x701 }
11-06 20:33:53.387 W/ViewRootImpl( 2694): Cancelling event due to no window focus: KeyEvent { action=ACTION_UP, keyCode=KEYCODE_DPAD_CENTER, scanCode=28, metaState=0, flags=0x80000028, repeatCount=0, eventTime=61626, downTime=61417, deviceId=3, source=0x701 }
11-06 20:33:54.350 I/ActivityManager( 2020): START u0 {cmp=com.suma.midware.setting/.net.NetMainActivity} from uid 1000 on display 0
11-06 20:33:54.355 V/WindowManager( 2020): addAppToken: AppWindowToken{3cb65a4a token=Token{20c533b5 ActivityRecord{148933ec u0 com.suma.midware.setting/.net.NetMainActivity t497}}} to stack=1 task=497 at 1
11-06 20:33:54.358 W/ContextImpl( 2694): Calling a method in the system process without a qualified user: android.app.ContextImpl.sendBroadcast:1345 android.content.ContextWrapper.sendBroadcast:377 android.app.ActivityThread.performPauseActivity:3259 android.app.ActivityThread.performPauseActivity:3225 android.app.ActivityThread.handlePauseActivity:3200 
11-06 20:33:54.450 W/ContextImpl( 2694): Calling a method in the system process without a qualified user: android.app.ContextImpl.sendBroadcast:1345 android.content.ContextWrapper.sendBroadcast:377 android.app.ActivityThread.performResumeActivity:2982 android.app.ActivityThread.handleResumeActivity:3023 android.app.ActivityThread.handleLaunchActivity:2392 
11-06 20:33:54.452 V/WindowManager( 2020): Adding window Window{50cea97 u0 com.suma.midware.setting/com.suma.midware.setting.net.NetMainActivity} at 6 of 11 (after Window{a2680f9 u0 com.suma.midware.setting/com.suma.midware.setting.main.SystemMainActivity})
11-06 20:33:56.330 W/ContextImpl( 2385): Calling a method in the system process without a qualified user: android.app.ContextImpl.sendBroadcast:1345 android.content.ContextWrapper.sendBroadcast:377 com.suma.midware.back.esg.e.f:-1 com.suma.midware.back.esg.f.run:-1 com.suma.midware.prop.util.c.run:-1 
11-06 20:33:57.202 D/TaskPersister( 2020): removeObsoleteFile: deleting file=463_task.xml
11-06 20:33:57.203 D/TaskPersister( 2020): removeObsoleteFile: deleting file=463_task_thumbnail.png
11-06 20:33:57.332 W/ContextImpl( 2385): Calling a method in the system process without a qualified user: android.app.ContextImpl.sendBroadcast:1345 android.content.ContextWrapper.sendBroadcast:377 com.suma.midware.back.esg.e.f:-1 com.suma.midware.back.esg.f.run:-1 com.suma.midware.prop.util.c.run:-1 
11-06 20:33:57.848 I/ActivityManager( 2020): START u0 {cmp=com.suma.midware.setting/.net.NetInfoActivity} from uid 1000 on display 0
11-06 20:33:57.853 V/WindowManager( 2020): addAppToken: AppWindowToken{127e8a2 token=Token{cd5246d ActivityRecord{1dc41484 u0 com.suma.midware.setting/.net.NetInfoActivity t497}}} to stack=1 task=497 at 2
11-06 20:33:57.861 W/ContextImpl( 2694): Calling a method in the system process without a qualified user: android.app.ContextImpl.sendBroadcast:1345 android.content.ContextWrapper.sendBroadcast:377 android.app.ActivityThread.performPauseActivity:3259 android.app.ActivityThread.performPauseActivity:3225 android.app.ActivityThread.handlePauseActivity:3200 
11-06 20:33:57.922 W/ContextImpl( 2694): Calling a method in the system process without a qualified user: android.app.ContextImpl.sendBroadcast:1345 android.content.ContextWrapper.sendBroadcast:377 android.app.ActivityThread.performResumeActivity:2982 android.app.ActivityThread.handleResumeActivity:3023 android.app.ActivityThread.handleLaunchActivity:2392 
11-06 20:33:57.924 V/WindowManager( 2020): Adding window Window{117c958f u0 com.suma.midware.setting/com.suma.midware.setting.net.NetInfoActivity} at 7 of 12 (after Window{50cea97 u0 com.suma.midware.setting/com.suma.midware.setting.net.NetMainActivity})
11-06 20:34:00.334 W/ContextImpl( 2385): Calling a method in the system process without a qualified user: android.app.ContextImpl.sendBroadcast:1345 android.content.ContextWrapper.sendBroadcast:377 com.suma.midware.back.esg.e.f:-1 com.suma.midware.back.esg.f.run:-1 com.suma.midware.prop.util.c.run:-1 
11-06 20:34:01.336 W/ContextImpl( 2385): Calling a method in the system process without a qualified user: android.app.ContextImpl.sendBroadcast:1345 android.content.ContextWrapper.sendBroadcast:377 com.suma.midware.back.esg.e.f:-1 com.suma.midware.back.esg.f.run:-1 com.suma.midware.prop.util.c.run:-1 
11-06 20:34:03.820 I/ActivityManager( 2020): START u0 {act=android.intent.action.MAIN cat=[android.intent.category.HOME] flg=0x10200000 cmp=com.suma.midware.home/.third.Main3DActivity} from uid 1000 on display 0
11-06 20:34:03.835 I/ActivityManager( 2020): Force stopping com.android.browser appid=10010 user=0: from pid 2385
11-06 20:34:03.837 W/ContextImpl( 2694): Calling a method in the system process without a qualified user: android.app.ContextImpl.sendBroadcast:1345 android.content.ContextWrapper.sendBroadcast:377 android.app.ActivityThread.performPauseActivity:3259 android.app.ActivityThread.performPauseActivity:3225 android.app.ActivityThread.handlePauseActivity:3200 
11-06 20:34:03.856 W/ContextImpl( 2498): Calling a method in the system process without a qualified user: android.app.ContextImpl.sendBroadcast:1345 android.content.ContextWrapper.sendBroadcast:377 com.suma.midware.view.ext.BluetoothUpdate.b:-1 com.suma.midware.home.third.Main3DActivity.onResume:-1 android.app.Instrumentation.callActivityOnResume:1257 
11-06 20:34:03.858 W/ContextImpl( 2498): Calling a method in the system process without a qualified user: android.app.ContextImpl.sendBroadcast:1345 android.content.ContextWrapper.sendBroadcast:377 android.app.ActivityThread.performResumeActivity:2982 android.app.ActivityThread.handleResumeActivity:3023 android.app.ActivityThread$H.handleMessage:1347 
11-06 20:34:04.339 W/ContextImpl( 2385): Calling a method in the system process without a qualified user: android.app.ContextImpl.sendBroadcast:1345 android.content.ContextWrapper.sendBroadcast:377 com.suma.midware.back.esg.e.f:-1 com.suma.midware.back.esg.f.run:-1 com.suma.midware.prop.util.c.run:-1 
11-06 20:34:05.341 W/ContextImpl( 2385): Calling a method in the system process without a qualified user: android.app.ContextImpl.sendBroadcast:1345 android.content.ContextWrapper.sendBroadcast:377 com.suma.midware.back.esg.e.f:-1 com.suma.midware.back.esg.f.run:-1 com.suma.midware.prop.util.c.run:-1 
11-06 20:34:08.343 W/ContextImpl( 2385): Calling a method in the system process without a qualified user: android.app.ContextImpl.sendBroadcast:1345 android.content.ContextWrapper.sendBroadcast:377 com.suma.midware.back.esg.e.f:-1 com.suma.midware.back.esg.f.run:-1 com.suma.midware.prop.util.c.run:-1 
11-06 20:34:08.931 I/ActivityManager( 2020): START u0 {act= cmp=com.ipanel.android_webview.shell/com.ipanel.webapp.BrowserActivity (has extras)} from uid 1000 on display 0
11-06 20:34:08.936 V/WindowManager( 2020): addAppToken: AppWindowToken{181502dd token=Token{e17a6b4 ActivityRecord{11e7a787 u0 com.ipanel.android_webview.shell/com.ipanel.webapp.BrowserActivity t498}}} to stack=1 task=498 at 0
11-06 20:34:08.940 V/WindowManager( 2020): Adding window Window{1f776d9e u0 Starting com.ipanel.android_webview.shell} at 8 of 13 (after Window{117c958f u0 com.suma.midware.setting/com.suma.midware.setting.net.NetInfoActivity})
11-06 20:34:08.944 W/ContextImpl( 2498): Calling a method in the system process without a qualified user: android.app.ContextImpl.sendBroadcast:1345 android.content.ContextWrapper.sendBroadcast:377 android.app.ActivityThread.performPauseActivity:3259 android.app.ActivityThread.performPauseActivity:3225 android.app.ActivityThread.handlePauseActivity:3200 
11-06 20:34:08.987 I/ActivityManager( 2020): Start proc 2921:com.ipanel.android_webview.shell/u0a24 for activity com.ipanel.android_webview.shell/com.ipanel.webapp.BrowserActivity
11-06 20:34:09.345 W/ContextImpl( 2385): Calling a method in the system process without a qualified user: android.app.ContextImpl.sendBroadcast:1345 android.content.ContextWrapper.sendBroadcast:377 com.suma.midware.back.esg.e.f:-1 com.suma.midware.back.esg.f.run:-1 com.suma.midware.prop.util.c.run:-1 
11-06 20:34:09.442 V/WindowManager( 2020): Adding window Window{7748f14 u0 com.ipanel.android_webview.shell/com.ipanel.webapp.BrowserActivity} at 8 of 14 (before Window{1f776d9e u0 Starting com.ipanel.android_webview.shell})
11-06 20:34:09.462 D/ConnectivityService( 2020): listenForNetwork for NetworkRequest [ id=3, legacyType=-1, [ Capabilities: INTERNET&NOT_RESTRICTED&TRUSTED] ]
11-06 20:34:09.462 D/ConnectivityService( 2020): handleRegisterNetworkRequest checking NetworkAgentInfo [WIFI () - 100]
11-06 20:34:09.462 D/ConnectivityService( 2020): apparently satisfied.  currentScore=60
11-06 20:34:09.544 V/WindowManager( 2020): Adding window Window{34424eb9 u0 SurfaceView} at 8 of 15 (before Window{7748f14 u0 com.ipanel.android_webview.shell/com.ipanel.webapp.BrowserActivity})
11-06 20:34:09.610 V/WindowManager( 2020): Adding window Window{297baa5f u0 SurfaceView} at 9 of 16 (before Window{7748f14 u0 com.ipanel.android_webview.shell/com.ipanel.webapp.BrowserActivity})
11-06 20:34:09.697 W/ViewRootImpl( 2921): Cancelling event due to no window focus: KeyEvent { action=ACTION_UP, keyCode=KEYCODE_DPAD_CENTER, scanCode=28, metaState=0, flags=0x80000028, repeatCount=0, eventTime=77375, downTime=77166, deviceId=3, source=0x701 }
11-06 20:34:09.697 W/ViewRootImpl( 2921): Cancelling event due to no window focus: KeyEvent { action=ACTION_UP, keyCode=KEYCODE_DPAD_CENTER, scanCode=28, metaState=0, flags=0x80000028, repeatCount=0, eventTime=77375, downTime=77166, deviceId=3, source=0x701 }
11-06 20:34:09.698 W/ViewRootImpl( 2921): Cancelling event due to no window focus: KeyEvent { action=ACTION_UP, keyCode=KEYCODE_DPAD_CENTER, scanCode=28, metaState=0, flags=0x80000028, repeatCount=0, eventTime=77375, downTime=77166, deviceId=3, source=0x701 }
11-06 20:34:09.698 W/ViewRootImpl( 2921): Cancelling event due to no window focus: KeyEvent { action=ACTION_UP, keyCode=KEYCODE_DPAD_CENTER, scanCode=28, metaState=0, flags=0x80000028, repeatCount=0, eventTime=77375, downTime=77166, deviceId=3, source=0x701 }
11-06 20:34:09.698 W/ViewRootImpl( 2921): Cancelling event due to no window focus: KeyEvent { action=ACTION_UP, keyCode=KEYCODE_DPAD_CENTER, scanCode=28, metaState=0, flags=0x80000028, repeatCount=0, eventTime=77375, downTime=77166, deviceId=3, source=0x701 }
