11-06 20:34:20.619 D/AwRequestInterceptor( 2921): [MaybeInterceptRequest] request=0x9f4ef680
11-06 20:34:20.619 D/ResourceLoader( 2921): [StartRequest] start request 0x9f4eef80 url='http://10.14.41.246/application/bxfc/sec/images/global_tm.gif'
11-06 20:34:20.619 D/AwRequestInterceptor( 2921): [MaybeInterceptRequest] request=0x9f4eef80
11-06 20:34:20.620 D/cr_AwContents( 2921): [AwContents.java:520] BackgroundThreadClientImpl shouldInterceptRequest url = http://10.14.41.246/application/bxfc/sec/images/global_tm.gif
11-06 20:34:20.620 D/cr_AwNullContentsClient( 2921): [AwNullContentsClient.java:62] shouldInterceptRequest url=http://10.14.41.246/application/bxfc/sec/images/global_tm.gif
11-06 20:34:20.620 D/BrowserWebViewClient( 2921): intercept request :http://10.14.41.246/application/bxfc/sec/images/global_tm.gif
11-06 20:34:20.620 D/AwRequestInterceptor( 2921): [MaybeInterceptRequest] request=0x9f4eef80
11-06 20:34:20.621 D/[net]ClientSocketPoolBase( 2921): [RequestSocketInternal] limit enable. larger than max_sockets_per_group_:6
11-06 20:34:20.623 D/[blink]FrameView( 2921): [layout] start... this:0x8f30c7a8, frame=0x8f562c20 content size(0, 0). 
11-06 20:34:20.623 D/[blink]FrameView( 2921): [layout] performPreLayoutTasks start... this:0x8f30c7a8
11-06 20:34:20.623 D/[blink]FrameView( 2921): [layout] performPreLayoutTasks end... this:0x8f30c7a8
11-06 20:34:20.623 D/[blink]FrameView( 2921): [layout] performLayout start... this:0x8f30c7a8
11-06 20:34:20.627 D/[blink]FrameView( 2921): [layout] performLayout end... this:0x8f30c7a8
11-06 20:34:20.628 D/[blink]FrameView( 2921): [layout] start... this:0x8f30c7a8, frame=0x8f562c20 content size(1280, 720). 
11-06 20:34:20.628 D/[blink]FrameView( 2921): [layout] performPreLayoutTasks start... this:0x8f30c7a8
11-06 20:34:20.628 D/[blink]FrameView( 2921): [layout] performPreLayoutTasks end... this:0x8f30c7a8
11-06 20:34:20.628 D/[blink]FrameView( 2921): [layout] performLayout start... this:0x8f30c7a8
11-06 20:34:20.628 D/[blink]FrameView( 2921): [layout] performLayout end... this:0x8f30c7a8
11-06 20:34:20.628 D/[blink]FrameView( 2921): [layout] cannot paint!! do not call compositor()->didLayout()! this:0x0x8f30c7a8
11-06 20:34:20.628 D/[blink]FrameView( 2921): [layout] updateDocumentAnnotatedRegions start... this:0x8f30c7a8
11-06 20:34:20.628 D/[blink]FrameView( 2921): [layout] scheduleOrPerformPostLayoutTasks start... this:0x8f30c7a8
11-06 20:34:20.628 D/[blink]FrameView( 2921): [layout] end... this:0x8f30c7a8
11-06 20:34:20.628 D/ChromeClientImpl( 2921): [contentsSizeChanged] -->size(1280, 720)
11-06 20:34:20.628 D/[blink]FrameView( 2921): [layout] cannot paint!! do not call compositor()->didLayout()! this:0x0x8f30c7a8
11-06 20:34:20.628 D/[blink]FrameView( 2921): [layout] updateDocumentAnnotatedRegions start... this:0x8f30c7a8
11-06 20:34:20.628 D/[blink]FrameView( 2921): [layout] scheduleOrPerformPostLayoutTasks start... this:0x8f30c7a8
11-06 20:34:20.628 D/[blink]FrameView( 2921): [layout] end... this:0x8f30c7a8
11-06 20:34:20.628 D/[blink]FrameView( 2921): [layout] out... this:0x8f30c7a8
11-06 20:34:20.628 D/[blink]FrameLoader( 2921): [checkCompleted] frame=0x8f562c20 did finish load.
11-06 20:34:20.628 D/FrameLoaderClientImpl( 2921): [dispatchDidFinishLoad] url:http://10.14.41.246/application/bxfc/sec/popTv_new.php
11-06 20:34:20.628 D/FrameLoaderClientImpl( 2921): [didStopLoading] finished url:http://10.14.41.246/application/bxfc/sec/popTv_new.php. frame tree child count = 0
11-06 20:34:20.629 D/ResourceLoader( 2921): [ResponseCompleted] finish request 0x9f4eef80 url='http://10.14.41.246/application/bxfc/sec/images/global_tm.gif'
11-06 20:34:20.629 D/[blink]FocusController( 2921): [setFocusedFrame] oldFocusedFrame 0x0x8f449d58:http://10.14.41.246/application/bxfc/sec/index.htm
11-06 20:34:20.629 D/[blink]FocusController( 2921): [setFocusedFrame] newFocusedFrame 0x0x8f562c20:http://10.14.41.246/application/bxfc/sec/popTv_new.php
11-06 20:34:20.630 D/Browser ( 2921): postProgressNotification type=1
11-06 20:34:20.630 D/[blink]FrameView( 2921): [setCanPaint] this:0x8f30c7a8, setCanPaint old canpaint=0, new canpaint=1 .
11-06 20:34:20.630 D/[blink]FrameView( 2921): [paintAfterLoad] paintAfterLoad this:0x8f30c7a8.
11-06 20:34:20.630 D/[blink]FrameView( 2921): [updateStyleAndLayoutIfNeededRecursiveInternal] in... this:0x8f30c7a8.
11-06 20:34:20.630 D/[blink]FrameView( 2921): [updateStyleAndLayoutIfNeededRecursiveInternal] end... this:0x8f30c7a8.
11-06 20:34:20.630 D/[cc]ProxyMain( 2921): [BeginMainFrame] cc.BeginMainFrame this:0x9f652c18
11-06 20:34:20.630 D/[cc]LayerTreeHost( 2921): [AnimateLayers] AnimateLayers monotonic_time=88816663
11-06 20:34:20.630 D/[blink]FrameView( 2921): [updateStyleAndLayoutIfNeededRecursiveInternal] in... this:0x8f306330.
11-06 20:34:20.630 D/[blink]FrameView( 2921): [updateStyleAndLayoutIfNeededRecursiveInternal] in... this:0x8f30c7a8.
11-06 20:34:20.630 D/[blink]FrameView( 2921): [updateStyleAndLayoutIfNeededRecursiveInternal] end... this:0x8f30c7a8.
11-06 20:34:20.630 D/[blink]FrameView( 2921): [updateStyleAndLayoutIfNeededRecursiveInternal] end... this:0x8f306330.
11-06 20:34:20.630 D/[blink]FrameView( 2921): [updateLifecyclePhasesInternal] in... this:0x8f306330, targetState=18
11-06 20:34:20.630 D/[blink]FrameView( 2921): [updateLifecyclePhasesInternal] call compositor()->updateIfNeededRecursive()!
11-06 20:34:20.635 D/[blink]FrameView( 2921): [updateLifecyclePhasesInternal] end... this:0x8f306330
11-06 20:34:20.636 D/[blink]ResourceFetcher( 2921): [didFinishLoading] encoded length=564 url=http://10.14.41.246/application/bxfc/sec/images/global_tm.gif.
11-06 20:34:20.636 D/[blink]memoryCache( 2921): [evict] remove:http://10.14.41.246/application/bxfc/sec/images/global_tm.gif
11-06 20:34:20.636 D/[blink]ImageResource( 2921): [updateImage] allDataReceived!! data size=-1
11-06 20:34:20.636 D/[blink]ImageResource( 2921): [updateImage] allDataReceived!! data size=-1
11-06 20:34:20.637 D/[cc]ProxyMain( 2921): [BeginMainFrame] cc.BeginMainFrame this:0x9f652c18
11-06 20:34:20.637 D/[cc]LayerTreeHost( 2921): [AnimateLayers] AnimateLayers monotonic_time=88866663
11-06 20:34:20.639 D/[blink]FrameView( 2921): [updateStyleAndLayoutIfNeededRecursiveInternal] in... this:0x8f306330.
11-06 20:34:20.639 D/[blink]FrameView( 2921): [updateStyleAndLayoutIfNeededRecursiveInternal] in... this:0x8f30c7a8.
11-06 20:34:20.639 D/[blink]FrameView( 2921): [updateStyleAndLayoutIfNeededRecursiveInternal] end... this:0x8f30c7a8.
11-06 20:34:20.639 D/[blink]FrameView( 2921): [updateStyleAndLayoutIfNeededRecursiveInternal] end... this:0x8f306330.
11-06 20:34:20.639 D/[blink]FrameView( 2921): [updateLifecyclePhasesInternal] in... this:0x8f306330, targetState=18
11-06 20:34:20.639 D/[blink]FrameView( 2921): [updateLifecyclePhasesInternal] call compositor()->updateIfNeededRecursive()!
11-06 20:34:20.641 D/[blink]FrameView( 2921): [updateLifecyclePhasesInternal] end... this:0x8f306330
11-06 20:34:20.667 I/Advanced( 2921): [QUEUE] share_queue_sendEx size:1 4097 56 0x8fdbff30,postLoopId:0,dstid:1.
11-06 20:34:20.754 D/[blink]DOMTimer( 2921): [fired] 0x8f30cbd0 timeout fired.
11-06 20:34:20.754 D/ScriptController( 2921): [executeScriptAndReturnValue] [V8] evaluate Script start. frame=0x8f441a48 url= line=1. source length=22
11-06 20:34:20.754 D/iPanel  ( 2921): iPanel.debug("checkOverlayCreated")
11-06 20:34:20.754 D/[blink]DOMTimer( 2921): [DOMTimer] 0x8f310ea0 setTimeout 300ms, repeat:0.
11-06 20:34:20.755 D/ScriptController( 2921): [executeScriptAndReturnValue] [V8] evaluate Script end. frame=0x8f441a48 
11-06 20:34:20.943 D/BackBootDealerNeimeng( 2385): standbyState:
11-06 20:34:20.944 E/NetUtils( 2020): Interface eth0 LinkDown!
11-06 20:34:21.055 D/[blink]DOMTimer( 2921): [fired] 0x8f310ea0 timeout fired.
11-06 20:34:21.055 D/ScriptController( 2921): [executeScriptAndReturnValue] [V8] evaluate Script start. frame=0x8f441a48 url= line=1. source length=22
11-06 20:34:21.055 D/iPanel  ( 2921): iPanel.debug("checkOverlayCreated")
11-06 20:34:21.055 D/[blink]DOMTimer( 2921): [DOMTimer] 0x8f310f10 setTimeout 300ms, repeat:0.
11-06 20:34:21.055 D/ScriptController( 2921): [executeScriptAndReturnValue] [V8] evaluate Script end. frame=0x8f441a48 
11-06 20:34:21.077 I/Advanced( 2921): [QUEUE] share_queue_sendEx size:1 4097 58 0x8fdbff30,postLoopId:0,dstid:1.
11-06 20:34:21.277 I/Advanced( 2921): [QUEUE] share_queue_sendEx size:1 4097 59 0x8fdbff30,postLoopId:0,dstid:1.
11-06 20:34:21.355 D/[blink]DOMTimer( 2921): [fired] 0x8f310f10 timeout fired.
11-06 20:34:21.355 D/ScriptController( 2921): [executeScriptAndReturnValue] [V8] evaluate Script start. frame=0x8f441a48 url= line=1. source length=22
11-06 20:34:21.356 D/iPanel  ( 2921): iPanel.debug("checkOverlayCreated")
11-06 20:34:21.356 D/[blink]DOMTimer( 2921): [DOMTimer] 0x8f310f80 setTimeout 300ms, repeat:0.
11-06 20:34:21.356 D/ScriptController( 2921): [executeScriptAndReturnValue] [V8] evaluate Script end. frame=0x8f441a48 
11-06 20:34:21.362 W/ContextImpl( 2385): Calling a method in the system process without a qualified user: android.app.ContextImpl.sendBroadcast:1345 android.content.ContextWrapper.sendBroadcast:377 com.suma.midware.back.esg.e.f:-1 com.suma.midware.back.esg.f.run:-1 com.suma.midware.prop.util.c.run:-1 
11-06 20:34:21.372 I/AdvancedPorting-PORT_MODULE_NET( 2921): network_task while... 
11-06 20:34:21.373 I/AdvancedPorting-PORT_MODULE_NET( 2921): 0 interface name: lo
11-06 20:34:21.373 I/AdvancedPorting-PORT_MODULE_NET( 2921): 1 interface name: wlan0
11-06 20:34:21.373 I/AdvancedPorting-PORT_MODULE_NET( 2921): First interface name: lo
11-06 20:34:21.373 I/AdvancedPorting-PORT_MODULE_NET( 2921): network_task while...  net_i:1
11-06 20:34:21.373 I/AdvancedPorting-PORT_MODULE_NET( 2921): network_task while---name_interface[0]=lo
11-06 20:34:21.373 I/AdvancedPorting-PORT_MODULE_NET( 2921): network_task while---name_interface[1]=wlan0
11-06 20:34:21.373 I/AdvancedPorting-PORT_MODULE_NET( 2921): network_task while---interface_name=wlan0
11-06 20:34:21.373 I/AdvancedPorting-PORT_MODULE_NET( 2921): network_get_netlink_status(in)--if_name=wlan0
11-06 20:34:21.373 I/AdvancedPorting-PORT_MODULE_NET( 2921): net.network.isconnected = no
11-06 20:34:21.373 I/AdvancedPorting-PORT_MODULE_NET( 2921): wlan0 --network_get_netlink_status return retval=1
11-06 20:34:21.373 I/AdvancedPorting-PORT_MODULE_NET( 2921): stat = 1 last_status = 1
11-06 20:34:21.444 D/BackBootDealerNeimeng( 2385): standbyState:
11-06 20:34:21.445 E/NetUtils( 2020): Interface eth0 LinkDown!
11-06 20:34:21.656 D/[blink]DOMTimer( 2921): [fired] 0x8f310f80 timeout fired.
11-06 20:34:21.656 D/ScriptController( 2921): [executeScriptAndReturnValue] [V8] evaluate Script start. frame=0x8f441a48 url= line=1. source length=22
11-06 20:34:21.656 D/iPanel  ( 2921): iPanel.debug("checkOverlayCreated")
11-06 20:34:21.657 D/[blink]DOMTimer( 2921): [DOMTimer] 0x8f310ff0 setTimeout 300ms, repeat:0.
11-06 20:34:21.657 D/ScriptController( 2921): [executeScriptAndReturnValue] [V8] evaluate Script end. frame=0x8f441a48 
11-06 20:34:21.687 I/Advanced( 2921): [QUEUE] share_queue_sendEx size:1 4097 61 0x8fdbff30,postLoopId:0,dstid:1.
11-06 20:34:21.850 D/ir_user ( 1587): PlayerTimeLineTrace:linux_keycode:0x9e(DOWN),	protocol: .
11-06 20:34:21.850 V/PT      ( 1583): >>INFO:irkey_task:[      90.090987] /dev/input/event0: type=0001 code=009e val=00000001
11-06 20:34:21.851 V/PT      ( 1583): >>INFO:irkey_send:0x3001 0x1000 down
11-06 20:34:21.851 V/SUMA    ( 1583): ++++++++++++++  _roc_evtmgr_key_cbk 517:input = 12289, event=4096, act=0x100
11-06 20:34:21.851 V/SUMA    ( 1583): lxm:_roc_evtmgr_key_cbk 519 90091
11-06 20:34:21.851 V/SUMA    ( 1583): lxm:_roc_evtmgr_add_evt_into_queue 347 90091
11-06 20:34:21.851 V/PT      ( 1583): >>INFO:irkey_task:[      90.090987] /dev/input/event0: type=0000 code=0000 val=00000000
11-06 20:34:21.851 V/SUMA    ( 1583): ===================>> type=0 src=0 evt=4096 act=0x100
11-06 20:34:21.851 V/SUMA    ( 1583): [sysset-s][event_manager_cbk 78]lxm cbid=1, cbk_reg=1, cpid=2458
11-06 20:34:21.853 D/NGBEvent( 2458): ngbEventCallBack type:0 source :4096
11-06 20:34:21.853 D/NGBEvent( 2458): [NGBEventManager-JNI]-returning:1
11-06 20:34:21.853 D/NGBEvent( 2458): Input key event: keyCode=4096
11-06 20:34:21.853 D/NGBEvent( 2458): src:4096 = dest:4096
11-06 20:34:21.853 D/RemoteIME( 2347): onKeyDown event = KeyEvent { action=ACTION_DOWN, keyCode=KEYCODE_BACK, scanCode=158, metaState=0, flags=0x8, repeatCount=0, eventTime=90090, downTime=90090, deviceId=3, source=0x701 },mSkbContainer=null
11-06 20:34:21.853 I/System.out( 2458): [DEBUG EventManager] LWJ--Add event to java with evt=NgbEvent-[type = 1, subtype = 401, code = 4096]
11-06 20:34:21.853 D/NGBEvent( 2458): [NGBEvent_log]--[EventManager--JNI]:		start
11-06 20:34:21.853 I/System.out( 2458): [DEBUG EventManager] broadcastEvent  :len 1
11-06 20:34:21.853 D/CombineKeyUtil( 2458): [TN_pool-1-thread-1]dealKeyEvent,combineIndex:-1:keyCode:4
11-06 20:34:21.854 D/KeyEventNgbDealer( 2458): [TN_pool-1-thread-1]handleKeyPressed keyEvent=NgbEvent-[type = 1, subtype = 401, code = 4096],time=90094
11-06 20:34:21.855 D/cr_AwTestContainerView( 2921): [AwTestContainerView.java:63] [mainFrame]: [unknown] dispatchKeyEvent keyCode = 4 event = KeyEvent { action=ACTION_DOWN, keyCode=KEYCODE_BACK, scanCode=158, metaState=0, flags=0x8, repeatCount=0, eventTime=90090, downTime=90090, deviceId=3, source=0x701 }
11-06 20:34:21.855 D/ImeAdapterAndroid( 2921): [SendKeyEvent] [BUILD TIME: ] dispatchKeyEvent key_code=4 modifiers=0 unicode_char=0 scan_code=158 is_system=0 tm=90090
11-06 20:34:21.856 D/RenderWidgetInputHandler( 2921): [HandleInputEvent] input_event type=8 name=KeyDown
11-06 20:34:21.856 D/RenderWidgetInputHandler( 2921): [HandleInputEvent] input_event type=8 prevent_default:0
11-06 20:34:21.856 D/WebViewImpl( 2921): [handleKeyEvent] keycode:166, eventType:8 native keycode:4 frame=0x8f562c20. url='http://10.14.41.246/application/bxfc/sec/popTv_new.php'.
11-06 20:34:21.856 D/[blink]KeyboardEventManager( 2921): [keyEvent] initialKeyEvent KeyDown nativeKeyCode=4 windowsKeyCode=166 text[0]=0
11-06 20:34:21.856 D/[blink]KeyboardEventManager( 2921): [keyEvent] initialKeyEvent focusedNode=0x0
11-06 20:34:21.859 D/V8ScriptRunner( 2921): [callFunction] start. frame = 0x8f562c20 function: eventHandler url: http://10.14.41.246/application/bxfc/sec/index.htm line: 137
11-06 20:34:21.859 D/base::KeyConverter( 2921): [get] convert 4 => 8.
11-06 20:34:21.859 D/[blink]KeyboardEvent( 2921): [keyCode] convert keycode: 4 -> 8.
11-06 20:34:21.859 D/ChromeClientImpl( 2921): [addMessageToConsole] [LOG:CONSOLE(11)] "---141----popFlag=true", source:http://10.14.41.246/application/bxfc/sec/js/common.js (11)
11-06 20:34:21.860 D/ChromeClientImpl( 2921): [addMessageToConsole] [LOG:CONSOLE(11)] "---142----ifrSrc=http://10.14.41.246/application/bxfc/sec/popTv_new.php", source:http://10.14.41.246/application/bxfc/sec/js/common.js (11)
11-06 20:34:21.862 D/ChromeClientImpl( 2921): [addMessageToConsole] [LOG:CONSOLE(4096)] "-------iframe按键响应=KEY_BACK", source:http://10.14.41.246/application/bxfc/sec/popTv_new.php (4096)
11-06 20:34:21.863 D/ChromeClientImpl( 2921): [addMessageToConsole] [LOG:CONSOLE(11)] "--------1-------hidePop--window.frames:[object Window]", source:http://10.14.41.246/application/bxfc/sec/js/common.js (11)
11-06 20:34:21.863 D/ChromeClientImpl( 2921): [addMessageToConsole] [LOG:CONSOLE(11)] "------2---------hidePop-----ifr_0---", source:http://10.14.41.246/application/bxfc/sec/js/common.js (11)
11-06 20:34:21.863 D/[cc]beginFrameSource( 2921): [AddObserver] ExternalBeginFrameSource::AddObserver
11-06 20:34:21.863 D/ChromeClientImpl( 2921): [addMessageToConsole] [LOG:CONSOLE(11)] "------------hidePop--popFlag==false", source:http://10.14.41.246/application/bxfc/sec/js/common.js (11)
11-06 20:34:21.864 D/V8ScriptRunner( 2921): [callFunction] end. frame = 0x8f562c20 function: eventHandler url: http://10.14.41.246/application/bxfc/sec/index.htm line: 137
11-06 20:34:21.864 D/[blink]KeyboardEventManager( 2921): [keyEvent] dispatchResult = CanceledByEventHandler
11-06 20:34:21.877 D/[cc]ProxyMain( 2921): [BeginMainFrame] cc.BeginMainFrame this:0x9f652c18
11-06 20:34:21.877 D/[cc]LayerTreeHost( 2921): [AnimateLayers] AnimateLayers monotonic_time=90116663
11-06 20:34:21.877 D/[blink]FrameView( 2921): [updateStyleAndLayoutIfNeededRecursiveInternal] in... this:0x8f306330.
11-06 20:34:21.877 D/[blink]FrameView( 2921): [updateStyleAndLayoutIfNeededRecursiveInternal] in... this:0x8f30c7a8.
11-06 20:34:21.877 D/[blink]FrameView( 2921): [updateStyleAndLayoutIfNeededRecursiveInternal] end... this:0x8f30c7a8.
11-06 20:34:21.877 D/[blink]FrameView( 2921): [updateStyleAndLayoutIfNeededRecursiveInternal] end... this:0x8f306330.
11-06 20:34:21.877 D/[blink]FrameView( 2921): [updateLifecyclePhasesInternal] in... this:0x8f306330, targetState=18
11-06 20:34:21.877 D/[blink]FrameView( 2921): [updateLifecyclePhasesInternal] call compositor()->updateIfNeededRecursive()!
11-06 20:34:21.878 D/[blink]FrameView( 2921): [updateLifecyclePhasesInternal] end... this:0x8f306330
11-06 20:34:21.887 I/Advanced( 2921): [QUEUE] share_queue_sendEx size:1 4097 62 0x8fdbff30,postLoopId:0,dstid:1.
11-06 20:34:21.945 D/BackBootDealerNeimeng( 2385): standbyState:
11-06 20:34:21.946 E/NetUtils( 2020): Interface eth0 LinkDown!
11-06 20:34:21.957 D/[blink]DOMTimer( 2921): [fired] 0x8f310ff0 timeout fired.
11-06 20:34:21.957 D/ScriptController( 2921): [executeScriptAndReturnValue] [V8] evaluate Script start. frame=0x8f441a48 url= line=1. source length=22
11-06 20:34:21.957 D/iPanel  ( 2921): iPanel.debug("checkOverlayCreated")
11-06 20:34:21.957 D/[blink]DOMTimer( 2921): [DOMTimer] 0x8f311060 setTimeout 300ms, repeat:0.
11-06 20:34:21.957 D/ScriptController( 2921): [executeScriptAndReturnValue] [V8] evaluate Script end. frame=0x8f441a48 
11-06 20:34:22.060 V/PT      ( 1583): >>INFO:irkey_task:[      90.300349] /dev/input/event0: type=0001 code=009e val=00000000
11-06 20:34:22.060 V/PT      ( 1583): >>INFO:irkey_send:0x3001 0x1000 up  
11-06 20:34:22.060 V/SUMA    ( 1583): ++++++++++++++  _roc_evtmgr_key_cbk 517:input = 12289, event=4096, act=0x400
11-06 20:34:22.060 V/SUMA    ( 1583): lxm:_roc_evtmgr_key_cbk 519 90300
11-06 20:34:22.060 V/SUMA    ( 1583): lxm:_roc_evtmgr_add_key_into_queue 311 90300
11-06 20:34:22.060 V/PT      ( 1583): >>INFO:irkey_task:[      90.300349] /dev/input/event0: type=0000 code=0000 val=00000000
11-06 20:34:22.060 V/SUMA    ( 1583): ===================>> type=0 src=0 evt=4096 act=0x400
11-06 20:34:22.060 V/SUMA    ( 1583): [sysset-s][event_manager_cbk 78]lxm cbid=1, cbk_reg=1, cpid=2458
11-06 20:34:22.061 D/NGBEvent( 2458): ngbEventCallBack type:0 source :4096
11-06 20:34:22.061 D/NGBEvent( 2458): [NGBEventManager-JNI]-returning:1
11-06 20:34:22.061 D/NGBEvent( 2458): Input key event: keyCode=4096
11-06 20:34:22.061 D/NGBEvent( 2458): src:4096 = dest:4096
11-06 20:34:22.061 I/System.out( 2458): [DEBUG EventManager] LWJ--Add event to java with evt=NgbEvent-[type = 1, subtype = 402, code = 4096]
11-06 20:34:22.061 D/RemoteIME( 2347): RemoteIME--> onKeyUp keyCode = 4
11-06 20:34:22.061 D/NGBEvent( 2458): [NGBEvent_log]--[EventManager--JNI]:		start
11-06 20:34:22.061 I/System.out( 2458): [DEBUG EventManager] broadcastEvent  :len 1
11-06 20:34:22.061 D/KeyEventNgbDealer( 2458): [TN_pool-1-thread-1]handleKeyReleased keyEvent=NgbEvent-[type = 1, subtype = 402, code = 4096],time=90301
11-06 20:34:22.062 D/ir_user ( 1587): PlayerTimeLineTrace:linux_keycode:0x9e(UP),	protocol: .
11-06 20:34:22.063 D/cr_AwTestContainerView( 2921): [AwTestContainerView.java:63] [mainFrame]: [unknown] dispatchKeyEvent keyCode = 4 event = KeyEvent { action=ACTION_UP, keyCode=KEYCODE_BACK, scanCode=158, metaState=0, flags=0x8, repeatCount=0, eventTime=90300, downTime=90090, deviceId=3, source=0x701 }
11-06 20:34:22.063 D/ImeAdapterAndroid( 2921): [SendKeyEvent] [BUILD TIME: ] dispatchKeyEvent key_code=4 modifiers=0 unicode_char=0 scan_code=158 is_system=0 tm=90300
11-06 20:34:22.064 D/RenderWidgetInputHandler( 2921): [HandleInputEvent] input_event type=9 name=KeyUp
11-06 20:34:22.064 D/RenderWidgetInputHandler( 2921): [HandleInputEvent] input_event type=9 prevent_default:0
11-06 20:34:22.064 D/WebViewImpl( 2921): [handleKeyEvent] keycode:166, eventType:9 native keycode:4 frame=0x8f562c20. url='http://10.14.41.246/application/bxfc/sec/popTv_new.php'.
11-06 20:34:22.064 D/[blink]KeyboardEventManager( 2921): [keyEvent] initialKeyEvent KeyUp nativeKeyCode=4 windowsKeyCode=166 text[0]=0
11-06 20:34:22.064 D/[blink]KeyboardEventManager( 2921): [keyEvent] initialKeyEvent focusedNode=0x0
11-06 20:34:22.088 I/Advanced( 2921): [QUEUE] share_queue_sendEx size:1 4097 63 0x8fdbff30,postLoopId:0,dstid:1.
11-06 20:34:22.257 D/[blink]DOMTimer( 2921): [fired] 0x8f311060 timeout fired.
11-06 20:34:22.257 D/ScriptController( 2921): [executeScriptAndReturnValue] [V8] evaluate Script start. frame=0x8f441a48 url= line=1. source length=22
11-06 20:34:22.258 D/iPanel  ( 2921): iPanel.debug("checkOverlayCreated")
11-06 20:34:22.258 D/[blink]DOMTimer( 2921): [DOMTimer] 0x8f3110d0 setTimeout 300ms, repeat:0.
11-06 20:34:22.258 D/ScriptController( 2921): [executeScriptAndReturnValue] [V8] evaluate Script end. frame=0x8f441a48 
11-06 20:34:22.288 I/Advanced( 2921): [QUEUE] share_queue_sendEx size:1 4097 64 0x8fdbff30,postLoopId:0,dstid:1.
11-06 20:34:22.373 I/AdvancedPorting-PORT_MODULE_NET( 2921): network_task while... 
11-06 20:34:22.373 I/AdvancedPorting-PORT_MODULE_NET( 2921): 0 interface name: lo
11-06 20:34:22.373 I/AdvancedPorting-PORT_MODULE_NET( 2921): 1 interface name: wlan0
11-06 20:34:22.373 I/AdvancedPorting-PORT_MODULE_NET( 2921): First interface name: lo
11-06 20:34:22.373 I/AdvancedPorting-PORT_MODULE_NET( 2921): network_task while...  net_i:1
11-06 20:34:22.373 I/AdvancedPorting-PORT_MODULE_NET( 2921): network_task while---name_interface[0]=lo
11-06 20:34:22.373 I/AdvancedPorting-PORT_MODULE_NET( 2921): network_task while---name_interface[1]=wlan0
11-06 20:34:22.373 I/AdvancedPorting-PORT_MODULE_NET( 2921): network_task while---interface_name=wlan0
11-06 20:34:22.373 I/AdvancedPorting-PORT_MODULE_NET( 2921): network_get_netlink_status(in)--if_name=wlan0
11-06 20:34:22.373 I/AdvancedPorting-PORT_MODULE_NET( 2921): net.network.isconnected = no
11-06 20:34:22.373 I/AdvancedPorting-PORT_MODULE_NET( 2921): wlan0 --network_get_netlink_status return retval=1
11-06 20:34:22.373 I/AdvancedPorting-PORT_MODULE_NET( 2921): stat = 1 last_status = 1
11-06 20:34:22.446 D/BackBootDealerNeimeng( 2385): standbyState:
11-06 20:34:22.447 E/NetUtils( 2020): Interface eth0 LinkDown!
11-06 20:34:22.488 I/Advanced( 2921): [QUEUE] share_queue_sendEx size:1 4097 65 0x8fdbff30,postLoopId:0,dstid:1.
11-06 20:34:22.558 D/[blink]DOMTimer( 2921): [fired] 0x8f3110d0 timeout fired.
11-06 20:34:22.558 D/ScriptController( 2921): [executeScriptAndReturnValue] [V8] evaluate Script start. frame=0x8f441a48 url= line=1. source length=22
11-06 20:34:22.558 D/iPanel  ( 2921): iPanel.debug("checkOverlayCreated")
11-06 20:34:22.559 D/[blink]DOMTimer( 2921): [DOMTimer] 0x8f311140 setTimeout 300ms, repeat:0.
11-06 20:34:22.559 D/ScriptController( 2921): [executeScriptAndReturnValue] [V8] evaluate Script end. frame=0x8f441a48 
11-06 20:34:22.647 D/ir_user ( 1587): PlayerTimeLineTrace:linux_keycode:0x69(DOWN),	protocol: .
11-06 20:34:22.647 V/PT      ( 1583): >>INFO:irkey_task:[      90.887442] /dev/input/event0: type=0001 code=0069 val=00000001
11-06 20:34:22.647 V/PT      ( 1583): >>INFO:irkey_send:0x3001 0x0025 down
11-06 20:34:22.647 V/SUMA    ( 1583): ++++++++++++++  _roc_evtmgr_key_cbk 517:input = 12289, event=37, act=0x100
11-06 20:34:22.647 V/SUMA    ( 1583): lxm:_roc_evtmgr_key_cbk 519 90887
11-06 20:34:22.647 V/SUMA    ( 1583): lxm:_roc_evtmgr_add_evt_into_queue 347 90887
11-06 20:34:22.647 V/PT      ( 1583): >>INFO:irkey_task:[      90.887442] /dev/input/event0: type=0000 code=0000 val=00000000
11-06 20:34:22.647 V/SUMA    ( 1583): ===================>> type=0 src=0 evt=37 act=0x100
11-06 20:34:22.648 V/SUMA    ( 1583): [sysset-s][event_manager_cbk 78]lxm cbid=1, cbk_reg=1, cpid=2458
11-06 20:34:22.648 D/NGBEvent( 2458): ngbEventCallBack type:0 source :37
11-06 20:34:22.648 D/NGBEvent( 2458): [NGBEventManager-JNI]-returning:1
11-06 20:34:22.648 D/NGBEvent( 2458): Input key event: keyCode=37
11-06 20:34:22.648 D/NGBEvent( 2458): src:37 = dest:37
11-06 20:34:22.648 I/System.out( 2458): [DEBUG EventManager] LWJ--Add event to java with evt=NgbEvent-[type = 1, subtype = 401, code = 37]
11-06 20:34:22.648 D/NGBEvent( 2458): [NGBEvent_log]--[EventManager--JNI]:		start
11-06 20:34:22.648 I/System.out( 2458): [DEBUG EventManager] broadcastEvent  :len 1
11-06 20:34:22.648 D/CombineKeyUtil( 2458): [TN_pool-1-thread-1]dealKeyEvent,combineIndex:-1:keyCode:21
11-06 20:34:22.649 D/KeyEventNgbDealer( 2458): [TN_pool-1-thread-1]handleKeyPressed keyEvent=NgbEvent-[type = 1, subtype = 401, code = 37],time=90889
11-06 20:34:22.650 D/RemoteIME( 2347): onKeyDown event = KeyEvent { action=ACTION_DOWN, keyCode=KEYCODE_DPAD_LEFT, scanCode=105, metaState=0, flags=0x8, repeatCount=0, eventTime=90887, downTime=90887, deviceId=3, source=0x701 },mSkbContainer=null
11-06 20:34:22.652 D/cr_AwTestContainerView( 2921): [AwTestContainerView.java:63] [mainFrame]: [unknown] dispatchKeyEvent keyCode = 21 event = KeyEvent { action=ACTION_DOWN, keyCode=KEYCODE_DPAD_LEFT, scanCode=105, metaState=0, flags=0x8, repeatCount=0, eventTime=90887, downTime=90887, deviceId=3, source=0x701 }
11-06 20:34:22.652 D/ImeAdapterAndroid( 2921): [SendKeyEvent] [BUILD TIME: ] dispatchKeyEvent key_code=21 modifiers=0 unicode_char=0 scan_code=105 is_system=0 tm=90887
11-06 20:34:22.653 D/RenderWidgetInputHandler( 2921): [HandleInputEvent] input_event type=8 name=KeyDown
11-06 20:34:22.653 D/RenderWidgetInputHandler( 2921): [HandleInputEvent] input_event type=8 prevent_default:0
11-06 20:34:22.653 D/WebViewImpl( 2921): [handleKeyEvent] keycode:37, eventType:8 native keycode:21 frame=0x8f562c20. url='http://10.14.41.246/application/bxfc/sec/popTv_new.php'.
11-06 20:34:22.653 D/[blink]KeyboardEventManager( 2921): [keyEvent] initialKeyEvent KeyDown nativeKeyCode=21 windowsKeyCode=37 text[0]=0
11-06 20:34:22.653 D/[blink]KeyboardEventManager( 2921): [keyEvent] initialKeyEvent focusedNode=0x0
11-06 20:34:22.654 D/V8ScriptRunner( 2921): [callFunction] start. frame = 0x8f562c20 function: eventHandler url: http://10.14.41.246/application/bxfc/sec/index.htm line: 137
11-06 20:34:22.654 D/base::KeyConverter( 2921): [get] convert 21 => -1.
11-06 20:34:22.654 D/ChromeClientImpl( 2921): [addMessageToConsole] [LOG:CONSOLE(11)] "---141----popFlag=false", source:http://10.14.41.246/application/bxfc/sec/js/common.js (11)
11-06 20:34:22.655 D/ChromeClientImpl( 2921): [addMessageToConsole] [LOG:CONSOLE(11)] "---142----ifrSrc=http://10.14.41.246/application/bxfc/sec/popTv_new.php", source:http://10.14.41.246/application/bxfc/sec/js/common.js (11)
11-06 20:34:22.655 D/ChromeClientImpl( 2921): [addMessageToConsole] [LOG:CONSOLE(11)] "-------主窗口按键响应=KEY_LEFT", source:http://10.14.41.246/application/bxfc/sec/js/common.js (11)
11-06 20:34:22.658 D/[cc]beginFrameSource( 2921): [AddObserver] ExternalBeginFrameSource::AddObserver
11-06 20:34:22.662 D/ChromeClientImpl( 2921): [addMessageToConsole] [LOG:CONSOLE(11)] "-------keyLeft=KEY_LEFT", source:http://10.14.41.246/application/bxfc/sec/js/common.js (11)
11-06 20:34:22.662 D/V8ScriptRunner( 2921): [callFunction] end. frame = 0x8f562c20 function: eventHandler url: http://10.14.41.246/application/bxfc/sec/index.htm line: 137
11-06 20:34:22.662 D/[blink]KeyboardEventManager( 2921): [keyEvent] dispatchResult = CanceledByEventHandler
11-06 20:34:22.662 D/[cc]ProxyMain( 2921): [BeginMainFrame] cc.BeginMainFrame this:0x9f652c18
11-06 20:34:22.663 D/[blink]FrameView( 2921): [layout] start... this:0x8f306330, frame=0x8f449d58 content size(1280, 720). 
11-06 20:34:22.663 D/[blink]FrameView( 2921): [layout] performPreLayoutTasks start... this:0x8f306330
11-06 20:34:22.663 D/[blink]FrameView( 2921): [layout] performPreLayoutTasks end... this:0x8f306330
11-06 20:34:22.663 D/[blink]FrameView( 2921): [layout] performLayout start... this:0x8f306330
11-06 20:34:22.664 D/[blink]FrameView( 2921): [layout] performLayout end... this:0x8f306330
11-06 20:34:22.664 D/[blink]FrameView( 2921): [layout] call compositor()->didLayout()!
11-06 20:34:22.664 D/[blink]FrameView( 2921): [layout] updateDocumentAnnotatedRegions start... this:0x8f306330
11-06 20:34:22.664 D/[blink]FrameView( 2921): [layout] scheduleOrPerformPostLayoutTasks start... this:0x8f306330
11-06 20:34:22.664 D/[blink]FrameView( 2921): [layout] end... this:0x8f306330
11-06 20:34:22.664 D/[blink]FrameView( 2921): [layout] out... this:0x8f306330
11-06 20:34:22.666 D/[cc]LayerTreeHost( 2921): [AnimateLayers] AnimateLayers monotonic_time=90899996
11-06 20:34:22.666 D/[blink]FrameView( 2921): [updateStyleAndLayoutIfNeededRecursiveInternal] in... this:0x8f306330.
11-06 20:34:22.666 D/[blink]FrameView( 2921): [layout] start... this:0x8f306330, frame=0x8f449d58 content size(1280, 720). 
11-06 20:34:22.666 D/[blink]FrameView( 2921): [layout] performPreLayoutTasks start... this:0x8f306330
11-06 20:34:22.666 D/[blink]FrameView( 2921): [layout] performPreLayoutTasks end... this:0x8f306330
11-06 20:34:22.666 D/[blink]FrameView( 2921): [layout] performLayout start... this:0x8f306330
11-06 20:34:22.666 D/[blink]FrameView( 2921): [layout] performLayout end... this:0x8f306330
11-06 20:34:22.667 D/[blink]FrameView( 2921): [layout] call compositor()->didLayout()!
11-06 20:34:22.667 D/[blink]FrameView( 2921): [layout] updateDocumentAnnotatedRegions start... this:0x8f306330
11-06 20:34:22.667 D/[blink]FrameView( 2921): [layout] scheduleOrPerformPostLayoutTasks start... this:0x8f306330
11-06 20:34:22.667 D/[blink]FrameView( 2921): [layout] end... this:0x8f306330
11-06 20:34:22.667 D/[blink]FrameView( 2921): [layout] out... this:0x8f306330
11-06 20:34:22.667 D/[blink]FrameView( 2921): [updateStyleAndLayoutIfNeededRecursiveInternal] in... this:0x8f30c7a8.
11-06 20:34:22.667 D/[blink]FrameView( 2921): [updateStyleAndLayoutIfNeededRecursiveInternal] end... this:0x8f30c7a8.
11-06 20:34:22.667 D/[blink]FrameView( 2921): [updateStyleAndLayoutIfNeededRecursiveInternal] end... this:0x8f306330.
11-06 20:34:22.667 D/[blink]FrameView( 2921): [updateLifecyclePhasesInternal] in... this:0x8f306330, targetState=18
11-06 20:34:22.667 D/[blink]FrameView( 2921): [updateLifecyclePhasesInternal] call compositor()->updateIfNeededRecursive()!
11-06 20:34:22.668 D/[cc]LayerTreeHost( 2921): [SetNeedsCommit] SetNeedsCommit!this:0x9f46a140
11-06 20:34:22.668 D/[cc]LayerTreeHost( 2921): [SetNeedsCommit] SetNeedsCommit!this:0x9f46a140
11-06 20:34:22.668 D/[cc]LayerTreeHost( 2921): [SetNeedsCommit] SetNeedsCommit!this:0x9f46a140
11-06 20:34:22.668 D/[cc]LayerTreeHost( 2921): [SetNeedsCommit] SetNeedsCommit!this:0x9f46a140
11-06 20:34:22.668 D/[cc]LayerTreeHost( 2921): [SetNeedsCommit] SetNeedsCommit!this:0x9f46a140
11-06 20:34:22.668 D/[cc]LayerTreeHost( 2921): [SetNeedsCommit] SetNeedsCommit!this:0x9f46a140
11-06 20:34:22.668 D/[cc]LayerTreeHost( 2921): [SetNeedsCommit] SetNeedsCommit!this:0x9f46a140
11-06 20:34:22.668 D/[cc]LayerTreeHost( 2921): [SetNeedsCommit] SetNeedsCommit!this:0x9f46a140
11-06 20:34:22.668 D/[cc]LayerTreeHost( 2921): [SetNeedsCommit] SetNeedsCommit!this:0x9f46a140
11-06 20:34:22.668 D/[cc]LayerTreeHost( 2921): [SetNeedsCommit] SetNeedsCommit!this:0x9f46a140
11-06 20:34:22.668 D/[cc]LayerTreeHost( 2921): [SetNeedsCommit] SetNeedsCommit!this:0x9f46a140
11-06 20:34:22.668 D/[cc]AnimationHost( 2921): [RegisterPlayerForElement] add player:0x9f67d370, this:0x9f6581a0
11-06 20:34:22.668 D/[cc]LayerTreeHost( 2921): [SetNeedsCommit] SetNeedsCommit!this:0x9f46a140
11-06 20:34:22.668 D/[cc]AnimationPlayer( 2921): [AddAnimation] AddAnimation animation:0, this:0x9f67d370
11-06 20:34:22.671 D/[blink]FrameView( 2921): [updateLifecyclePhasesInternal] end... this:0x8f306330
11-06 20:34:22.672 D/[cc]AnimationHost( 2921): [RegisterPlayerForElement] add player:0x86a3a550, this:0x9f596dd0
11-06 20:34:22.678 D/[cc]ProxyMain( 2921): [BeginMainFrame] cc.BeginMainFrame this:0x9f652c18
11-06 20:34:22.678 D/[cc]LayerTreeHost( 2921): [AnimateLayers] AnimateLayers monotonic_time=90916663
11-06 20:34:22.678 D/[blink]FrameView( 2921): [updateStyleAndLayoutIfNeededRecursiveInternal] in... this:0x8f306330.
11-06 20:34:22.678 D/[blink]FrameView( 2921): [updateStyleAndLayoutIfNeededRecursiveInternal] in... this:0x8f30c7a8.
11-06 20:34:22.681 D/[blink]FrameView( 2921): [updateStyleAndLayoutIfNeededRecursiveInternal] end... this:0x8f30c7a8.
11-06 20:34:22.682 D/[blink]FrameView( 2921): [updateStyleAndLayoutIfNeededRecursiveInternal] end... this:0x8f306330.
11-06 20:34:22.682 D/[blink]FrameView( 2921): [updateLifecyclePhasesInternal] in... this:0x8f306330, targetState=18
11-06 20:34:22.682 D/[blink]FrameView( 2921): [updateLifecyclePhasesInternal] call compositor()->updateIfNeededRecursive()!
11-06 20:34:22.683 D/[blink]FrameView( 2921): [updateLifecyclePhasesInternal] end... this:0x8f306330
11-06 20:34:22.689 I/Advanced( 2921): [QUEUE] share_queue_sendEx size:1 4097 66 0x8fdbff30,postLoopId:0,dstid:1.
11-06 20:34:22.697 D/[cc]ProxyMain( 2921): [BeginMainFrame] cc.BeginMainFrame this:0x9f652c18
11-06 20:34:22.698 D/[cc]LayerTreeHost( 2921): [AnimateLayers] AnimateLayers monotonic_time=90933329
11-06 20:34:22.698 D/[blink]FrameView( 2921): [updateStyleAndLayoutIfNeededRecursiveInternal] in... this:0x8f306330.
11-06 20:34:22.698 D/[blink]FrameView( 2921): [updateStyleAndLayoutIfNeededRecursiveInternal] in... this:0x8f30c7a8.
11-06 20:34:22.698 D/[blink]FrameView( 2921): [updateStyleAndLayoutIfNeededRecursiveInternal] end... this:0x8f30c7a8.
11-06 20:34:22.698 D/[blink]FrameView( 2921): [updateStyleAndLayoutIfNeededRecursiveInternal] end... this:0x8f306330.
11-06 20:34:22.698 D/[blink]FrameView( 2921): [updateLifecyclePhasesInternal] in... this:0x8f306330, targetState=18
11-06 20:34:22.698 D/[blink]FrameView( 2921): [updateLifecyclePhasesInternal] call compositor()->updateIfNeededRecursive()!
11-06 20:34:22.699 D/[blink]FrameView( 2921): [updateLifecyclePhasesInternal] end... this:0x8f306330
11-06 20:34:22.710 D/[cc]ProxyMain( 2921): [BeginMainFrame] cc.BeginMainFrame this:0x9f652c18
11-06 20:34:22.710 D/[cc]LayerTreeHost( 2921): [AnimateLayers] AnimateLayers monotonic_time=90949996
11-06 20:34:22.711 D/[blink]FrameView( 2921): [updateStyleAndLayoutIfNeededRecursiveInternal] in... this:0x8f306330.
11-06 20:34:22.711 D/[blink]FrameView( 2921): [updateStyleAndLayoutIfNeededRecursiveInternal] in... this:0x8f30c7a8.
11-06 20:34:22.711 D/[blink]FrameView( 2921): [updateStyleAndLayoutIfNeededRecursiveInternal] end... this:0x8f30c7a8.
11-06 20:34:22.711 D/[blink]FrameView( 2921): [updateStyleAndLayoutIfNeededRecursiveInternal] end... this:0x8f306330.
11-06 20:34:22.711 D/[blink]FrameView( 2921): [updateLifecyclePhasesInternal] in... this:0x8f306330, targetState=18
11-06 20:34:22.711 D/[blink]FrameView( 2921): [updateLifecyclePhasesInternal] call compositor()->updateIfNeededRecursive()!
11-06 20:34:22.712 D/[blink]FrameView( 2921): [updateLifecyclePhasesInternal] end... this:0x8f306330
11-06 20:34:22.857 V/PT      ( 1583): >>INFO:irkey_task:[      91.097148] /dev/input/event0: type=0001 code=0069 val=00000000
11-06 20:34:22.857 V/PT      ( 1583): >>INFO:irkey_send:0x3001 0x0025 up  
11-06 20:34:22.857 V/SUMA    ( 1583): ++++++++++++++  _roc_evtmgr_key_cbk 517:input = 12289, event=37, act=0x400
11-06 20:34:22.857 V/SUMA    ( 1583): lxm:_roc_evtmgr_key_cbk 519 91097
11-06 20:34:22.857 V/SUMA    ( 1583): lxm:_roc_evtmgr_add_key_into_queue 311 91097
11-06 20:34:22.857 V/PT      ( 1583): >>INFO:irkey_task:[      91.097148] /dev/input/event0: type=0000 code=0000 val=00000000
11-06 20:34:22.857 V/SUMA    ( 1583): ===================>> type=0 src=0 evt=37 act=0x400
11-06 20:34:22.857 V/SUMA    ( 1583): [sysset-s][event_manager_cbk 78]lxm cbid=1, cbk_reg=1, cpid=2458
11-06 20:34:22.857 D/NGBEvent( 2458): ngbEventCallBack type:0 source :37
11-06 20:34:22.857 D/NGBEvent( 2458): [NGBEventManager-JNI]-returning:1
11-06 20:34:22.857 D/NGBEvent( 2458): Input key event: keyCode=37
11-06 20:34:22.857 D/NGBEvent( 2458): src:37 = dest:37
11-06 20:34:22.857 D/ir_user ( 1587): PlayerTimeLineTrace:linux_keycode:0x69(UP),	protocol: .
11-06 20:34:22.858 I/System.out( 2458): [DEBUG EventManager] LWJ--Add event to java with evt=NgbEvent-[type = 1, subtype = 402, code = 37]
11-06 20:34:22.858 D/NGBEvent( 2458): [NGBEvent_log]--[EventManager--JNI]:		start
11-06 20:34:22.858 I/System.out( 2458): [DEBUG EventManager] broadcastEvent  :len 1
11-06 20:34:22.858 D/KeyEventNgbDealer( 2458): [TN_pool-1-thread-1]handleKeyReleased keyEvent=NgbEvent-[type = 1, subtype = 402, code = 37],time=91098
11-06 20:34:22.859 D/[blink]DOMTimer( 2921): [fired] 0x8f311140 timeout fired.
11-06 20:34:22.859 D/ScriptController( 2921): [executeScriptAndReturnValue] [V8] evaluate Script start. frame=0x8f441a48 url= line=1. source length=22
11-06 20:34:22.859 D/iPanel  ( 2921): iPanel.debug("checkOverlayCreated")
11-06 20:34:22.859 D/[blink]DOMTimer( 2921): [DOMTimer] 0x8f311340 setTimeout 300ms, repeat:0.
11-06 20:34:22.859 D/ScriptController( 2921): [executeScriptAndReturnValue] [V8] evaluate Script end. frame=0x8f441a48 
11-06 20:34:22.876 D/RemoteIME( 2347): RemoteIME--> onKeyUp keyCode = 21
11-06 20:34:22.889 I/Advanced( 2921): [QUEUE] share_queue_sendEx size:1 4097 67 0x8fdbff30,postLoopId:0,dstid:1.
11-06 20:34:22.897 D/cr_AwTestContainerView( 2921): [AwTestContainerView.java:63] [mainFrame]: [unknown] dispatchKeyEvent keyCode = 21 event = KeyEvent { action=ACTION_UP, keyCode=KEYCODE_DPAD_LEFT, scanCode=105, metaState=0, flags=0x8, repeatCount=0, eventTime=91097, downTime=90887, deviceId=3, source=0x701 }
11-06 20:34:22.897 D/ImeAdapterAndroid( 2921): [SendKeyEvent] [BUILD TIME: ] dispatchKeyEvent key_code=21 modifiers=0 unicode_char=0 scan_code=105 is_system=0 tm=91097
11-06 20:34:22.898 D/RenderWidgetInputHandler( 2921): [HandleInputEvent] input_event type=9 name=KeyUp
11-06 20:34:22.898 D/RenderWidgetInputHandler( 2921): [HandleInputEvent] input_event type=9 prevent_default:0
11-06 20:34:22.898 D/WebViewImpl( 2921): [handleKeyEvent] keycode:37, eventType:9 native keycode:21 frame=0x8f562c20. url='http://10.14.41.246/application/bxfc/sec/popTv_new.php'.
11-06 20:34:22.898 D/[blink]KeyboardEventManager( 2921): [keyEvent] initialKeyEvent KeyUp nativeKeyCode=21 windowsKeyCode=37 text[0]=0
11-06 20:34:22.898 D/[blink]KeyboardEventManager( 2921): [keyEvent] initialKeyEvent focusedNode=0x0
11-06 20:34:22.947 D/BackBootDealerNeimeng( 2385): standbyState:
11-06 20:34:22.948 E/NetUtils( 2020): Interface eth0 LinkDown!
11-06 20:34:23.089 I/Advanced( 2921): [QUEUE] share_queue_sendEx size:1 4097 68 0x8fdbff30,postLoopId:0,dstid:1.
11-06 20:34:23.159 D/[blink]DOMTimer( 2921): [fired] 0x8f311340 timeout fired.
11-06 20:34:23.160 D/ScriptController( 2921): [executeScriptAndReturnValue] [V8] evaluate Script start. frame=0x8f441a48 url= line=1. source length=22
11-06 20:34:23.161 D/iPanel  ( 2921): iPanel.debug("checkOverlayCreated")
11-06 20:34:23.162 D/[blink]DOMTimer( 2921): [DOMTimer] 0x8f3113b0 setTimeout 300ms, repeat:0.
11-06 20:34:23.162 D/ScriptController( 2921): [executeScriptAndReturnValue] [V8] evaluate Script end. frame=0x8f441a48 
11-06 20:34:23.290 I/Advanced( 2921): [QUEUE] share_queue_sendEx size:1 4097 69 0x8fdbff30,postLoopId:0,dstid:1.
11-06 20:34:23.313 I/System.out( 2385): [DEBUG SectionFilterGroup] be reaady to detach filtergroup:true
11-06 20:34:23.313 V/SUMA    ( 1583): [resman-s][onTransact 216]code[0x12000201] client pid = 2385
11-06 20:34:23.313 V/SUMA    ( 1583): [resman-s][onTransact 665]TRANS_CODE_RESMAN_FILETER_RELEASE enter
11-06 20:34:23.313 V/SUMA    ( 1583): >> Roc_ResMan_Filter_Release handler = 0x120995d0 
11-06 20:34:23.313 V/SUMA    ( 1583): [resman-s][onTransact 674]filter release m_client[0].cpid = 2385
11-06 20:34:23.313 V/SUMA    ( 1583): [resman-s][onTransact 678]filter handler release filter_handler[0]
11-06 20:34:23.314 V/SUMA    ( 1583): [resman-s][onTransact 688]TRANS_CODE_RESMAN_FILETER_RELEASE leave
11-06 20:34:23.314 V/SUMA    ( 1583): [resman-s][onTransact 1574]leave transact client pid = 2385
11-06 20:34:23.314 V/SUMA    ( 2385): [resman-c][dvbc_resman_flt_release 183]dvbc(2385)## s_resman_client_flt_hcbk release cbk idx=0 !!!
11-06 20:34:23.314 V/SUMA    ( 2385): [resman-c][Roc_ResMan_Filter_Release 1403]leave !!!
11-06 20:34:23.314 W/EsgNeiMengDealer( 2385): [TN_ThreadUtil-12]handleNormTable table content null
11-06 20:34:23.314 D/EsgNeiMengDealer( 2385): [TN_ThreadUtil-12]dealUpdateInfo updateInfo=null
11-06 20:34:23.314 D/EsgRunner( 2385): [TN_ThreadUtil-12]notifyUpdateEnd ads=null
11-06 20:34:23.329 W/ContextImpl( 2385): Calling a method in the system process without a qualified user: android.app.ContextImpl.sendBroadcast:1345 android.content.ContextWrapper.sendBroadcast:377 com.suma.midware.back.esg.e.f:-1 com.suma.midware.back.esg.f.run:-1 com.suma.midware.prop.util.c.run:-1 
11-06 20:34:23.373 I/AdvancedPorting-PORT_MODULE_NET( 2921): network_task while... 
11-06 20:34:23.373 I/AdvancedPorting-PORT_MODULE_NET( 2921): 0 interface name: lo
11-06 20:34:23.373 I/AdvancedPorting-PORT_MODULE_NET( 2921): 1 interface name: wlan0
11-06 20:34:23.373 I/AdvancedPorting-PORT_MODULE_NET( 2921): First interface name: lo
11-06 20:34:23.373 I/AdvancedPorting-PORT_MODULE_NET( 2921): network_task while...  net_i:1
11-06 20:34:23.373 I/AdvancedPorting-PORT_MODULE_NET( 2921): network_task while---name_interface[0]=lo
11-06 20:34:23.373 I/AdvancedPorting-PORT_MODULE_NET( 2921): network_task while---name_interface[1]=wlan0
11-06 20:34:23.373 I/AdvancedPorting-PORT_MODULE_NET( 2921): network_task while---interface_name=wlan0
11-06 20:34:23.374 I/AdvancedPorting-PORT_MODULE_NET( 2921): network_get_netlink_status(in)--if_name=wlan0
11-06 20:34:23.374 I/AdvancedPorting-PORT_MODULE_NET( 2921): net.network.isconnected = no
11-06 20:34:23.374 I/AdvancedPorting-PORT_MODULE_NET( 2921): wlan0 --network_get_netlink_status return retval=1
11-06 20:34:23.374 I/AdvancedPorting-PORT_MODULE_NET( 2921): stat = 1 last_status = 1
11-06 20:34:23.448 D/BackBootDealerNeimeng( 2385): standbyState:
11-06 20:34:23.449 E/NetUtils( 2020): Interface eth0 LinkDown!
11-06 20:34:23.462 D/[blink]DOMTimer( 2921): [fired] 0x8f3113b0 timeout fired.
11-06 20:34:23.462 D/ScriptController( 2921): [executeScriptAndReturnValue] [V8] evaluate Script start. frame=0x8f441a48 url= line=1. source length=22
11-06 20:34:23.463 D/iPanel  ( 2921): iPanel.debug("checkOverlayCreated")
11-06 20:34:23.463 D/[blink]DOMTimer( 2921): [DOMTimer] 0x8f311420 setTimeout 300ms, repeat:0.
11-06 20:34:23.463 D/ScriptController( 2921): [executeScriptAndReturnValue] [V8] evaluate Script end. frame=0x8f441a48 
11-06 20:34:23.490 I/Advanced( 2921): [QUEUE] share_queue_sendEx size:1 4097 70 0x8fdbff30,postLoopId:0,dstid:1.
11-06 20:34:23.533 V/PT      ( 1583): >>INFO:irkey_task:[      91.773554] /dev/input/event0: type=0001 code=006a val=00000001
11-06 20:34:23.533 V/PT      ( 1583): >>INFO:irkey_send:0x3001 0x0027 down
11-06 20:34:23.533 V/SUMA    ( 1583): ++++++++++++++  _roc_evtmgr_key_cbk 517:input = 12289, event=39, act=0x100
11-06 20:34:23.533 V/SUMA    ( 1583): lxm:_roc_evtmgr_key_cbk 519 91773
11-06 20:34:23.533 V/SUMA    ( 1583): lxm:_roc_evtmgr_add_evt_into_queue 347 91774
11-06 20:34:23.534 V/SUMA    ( 1583): ===================>> type=0 src=0 evt=39 act=0x100
11-06 20:34:23.534 D/ir_user ( 1587): PlayerTimeLineTrace:linux_keycode:0x6a(DOWN),	protocol: .
11-06 20:34:23.534 V/PT      ( 1583): >>INFO:irkey_task:[      91.773554] /dev/input/event0: type=0000 code=0000 val=00000000
11-06 20:34:23.534 V/SUMA    ( 1583): [sysset-s][event_manager_cbk 78]lxm cbid=1, cbk_reg=1, cpid=2458
11-06 20:34:23.534 D/NGBEvent( 2458): ngbEventCallBack type:0 source :39
11-06 20:34:23.534 D/NGBEvent( 2458): [NGBEventManager-JNI]-returning:1
11-06 20:34:23.534 D/NGBEvent( 2458): Input key event: keyCode=39
11-06 20:34:23.534 D/NGBEvent( 2458): src:39 = dest:39
11-06 20:34:23.534 I/System.out( 2458): [DEBUG EventManager] LWJ--Add event to java with evt=NgbEvent-[type = 1, subtype = 401, code = 39]
11-06 20:34:23.534 D/NGBEvent( 2458): [NGBEvent_log]--[EventManager--JNI]:		start
11-06 20:34:23.535 I/System.out( 2458): [DEBUG EventManager] broadcastEvent  :len 1
11-06 20:34:23.535 D/CombineKeyUtil( 2458): [TN_pool-1-thread-1]dealKeyEvent,combineIndex:-1:keyCode:22
11-06 20:34:23.535 D/KeyEventNgbDealer( 2458): [TN_pool-1-thread-1]handleKeyPressed keyEvent=NgbEvent-[type = 1, subtype = 401, code = 39],time=91775
11-06 20:34:23.540 D/RemoteIME( 2347): onKeyDown event = KeyEvent { action=ACTION_DOWN, keyCode=KEYCODE_DPAD_RIGHT, scanCode=106, metaState=0, flags=0x8, repeatCount=0, eventTime=91773, downTime=91773, deviceId=3, source=0x701 },mSkbContainer=null
11-06 20:34:23.558 D/cr_AwTestContainerView( 2921): [AwTestContainerView.java:63] [mainFrame]: [unknown] dispatchKeyEvent keyCode = 22 event = KeyEvent { action=ACTION_DOWN, keyCode=KEYCODE_DPAD_RIGHT, scanCode=106, metaState=0, flags=0x8, repeatCount=0, eventTime=91773, downTime=91773, deviceId=3, source=0x701 }
11-06 20:34:23.558 D/ImeAdapterAndroid( 2921): [SendKeyEvent] [BUILD TIME: ] dispatchKeyEvent key_code=22 modifiers=0 unicode_char=0 scan_code=106 is_system=0 tm=91773
11-06 20:34:23.559 D/RenderWidgetInputHandler( 2921): [HandleInputEvent] input_event type=8 name=KeyDown
11-06 20:34:23.559 D/RenderWidgetInputHandler( 2921): [HandleInputEvent] input_event type=8 prevent_default:0
11-06 20:34:23.559 D/WebViewImpl( 2921): [handleKeyEvent] keycode:39, eventType:8 native keycode:22 frame=0x8f562c20. url='http://10.14.41.246/application/bxfc/sec/popTv_new.php'.
11-06 20:34:23.559 D/[blink]KeyboardEventManager( 2921): [keyEvent] initialKeyEvent KeyDown nativeKeyCode=22 windowsKeyCode=39 text[0]=0
11-06 20:34:23.559 D/[blink]KeyboardEventManager( 2921): [keyEvent] initialKeyEvent focusedNode=0x0
11-06 20:34:23.559 D/V8ScriptRunner( 2921): [callFunction] start. frame = 0x8f562c20 function: eventHandler url: http://10.14.41.246/application/bxfc/sec/index.htm line: 137
11-06 20:34:23.559 D/base::KeyConverter( 2921): [get] convert 22 => -1.
11-06 20:34:23.560 D/ChromeClientImpl( 2921): [addMessageToConsole] [LOG:CONSOLE(11)] "---141----popFlag=false", source:http://10.14.41.246/application/bxfc/sec/js/common.js (11)
11-06 20:34:23.560 D/ChromeClientImpl( 2921): [addMessageToConsole] [LOG:CONSOLE(11)] "---142----ifrSrc=http://10.14.41.246/application/bxfc/sec/popTv_new.php", source:http://10.14.41.246/application/bxfc/sec/js/common.js (11)
11-06 20:34:23.560 D/ChromeClientImpl( 2921): [addMessageToConsole] [LOG:CONSOLE(11)] "-------主窗口按键响应=KEY_RIGHT", source:http://10.14.41.246/application/bxfc/sec/js/common.js (11)
11-06 20:34:23.561 D/[cc]LayerTreeHost( 2921): [SetNeedsCommit] SetNeedsCommit!this:0x9f46a140
11-06 20:34:23.561 D/[cc]LayerTreeHost( 2921): [SetNeedsCommit] SetNeedsCommit!this:0x9f46a140
11-06 20:34:23.561 D/[cc]LayerTreeHost( 2921): [SetNeedsCommit] SetNeedsCommit!this:0x9f46a140
11-06 20:34:23.561 D/[cc]LayerTreeHost( 2921): [SetNeedsCommit] SetNeedsCommit!this:0x9f46a140
11-06 20:34:23.561 D/[cc]LayerTreeHost( 2921): [SetNeedsCommit] SetNeedsCommit!this:0x9f46a140
11-06 20:34:23.561 D/[cc]LayerTreeHost( 2921): [SetNeedsCommit] SetNeedsCommit!this:0x9f46a140
11-06 20:34:23.561 D/[cc]LayerTreeHost( 2921): [SetNeedsCommit] SetNeedsCommit!this:0x9f46a140
11-06 20:34:23.561 D/[cc]LayerTreeHost( 2921): [SetNeedsCommit] SetNeedsCommit!this:0x9f46a140
11-06 20:34:23.561 D/[cc]LayerTreeHost( 2921): [SetNeedsCommit] SetNeedsCommit!this:0x9f46a140
11-06 20:34:23.561 D/[cc]LayerTreeHost( 2921): [SetNeedsCommit] SetNeedsCommit!this:0x9f46a140
11-06 20:34:23.561 D/[cc]LayerTreeHost( 2921): [SetNeedsCommit] SetNeedsCommit!this:0x9f46a140
11-06 20:34:23.561 D/[cc]LayerTreeHost( 2921): [SetNeedsCommit] SetNeedsCommit!this:0x9f46a140
11-06 20:34:23.561 D/ChromeClientImpl( 2921): [addMessageToConsole] [LOG:CONSOLE(549)] "0", source:http://10.14.41.246/application/bxfc/sec/index.htm (549)
11-06 20:34:23.562 D/ChromeClientImpl( 2921): [addMessageToConsole] [LOG:CONSOLE(11)] "-------keyRight=KEY_RIGHT", source:http://10.14.41.246/application/bxfc/sec/js/common.js (11)
11-06 20:34:23.562 D/V8ScriptRunner( 2921): [callFunction] end. frame = 0x8f562c20 function: eventHandler url: http://10.14.41.246/application/bxfc/sec/index.htm line: 137
11-06 20:34:23.562 D/[blink]KeyboardEventManager( 2921): [keyEvent] dispatchResult = CanceledByEventHandler
11-06 20:34:23.562 D/[cc]ProxyMain( 2921): [BeginMainFrame] cc.BeginMainFrame this:0x9f652c18
11-06 20:34:23.563 D/[cc]LayerTreeHost( 2921): [AnimateLayers] AnimateLayers monotonic_time=91783329
11-06 20:34:23.563 D/[blink]FrameView( 2921): [updateStyleAndLayoutIfNeededRecursiveInternal] in... this:0x8f306330.
11-06 20:34:23.563 D/[blink]FrameView( 2921): [layout] start... this:0x8f306330, frame=0x8f449d58 content size(1280, 720). 
11-06 20:34:23.563 D/[blink]FrameView( 2921): [layout] performPreLayoutTasks start... this:0x8f306330
11-06 20:34:23.563 D/[blink]FrameView( 2921): [layout] performPreLayoutTasks end... this:0x8f306330
