11-06 20:46:47.844 D/BasicFigure( 2493): [TN_GLThread 73]isDrawFocused relyElement=[BaseElement@346a37d9]focusScale[1.15]elementAlpha[-1.0]refectAlpha[-1.0]isFocusAble[true]shadowIndex[-1]autoJumpType[-1]uniqueID[54resSize0]rect[NULL]
11-06 20:46:47.844 D/BasicFigure( 2493): [TN_GLThread 73]isDrawFocused basicFigure=com.suma.midware.view.b.c.c@3914159e
11-06 20:46:47.854 W/ContextImpl( 2354): Calling a method in the system process without a qualified user: android.app.ContextImpl.sendBroadcast:1345 android.content.ContextWrapper.sendBroadcast:377 com.suma.midware.back.esg.e.f:-1 com.suma.midware.back.esg.f.run:-1 com.suma.midware.prop.util.c.run:-1 
11-06 20:46:47.893 D/EpgPFDirectReceiver( 2354): [TN_AndroidTimer-0]pf receive overTime
11-06 20:46:47.893 I/System.out( 2354): [DEBUG EPGQuery] send request msg...:org.ngb.toolkit.epg.EPGManager$4@341ae47a
11-06 20:46:47.893 D/EpgPFDirectReceiver( 2354): [TN_AndroidTimer-0]start channel=[DirectChannel@32501b]channelID[0]oNetID[1]tsID[31]serviceID[3102]freq[371000]name[CCTV-1高清]serviceType[8]attr[16384]serialNum[1]serialNum4[1]pcrPID[49]refServiceID[-1],overTime=600,defaultOverTime=6000
11-06 20:46:47.893 I/System.out( 2354): [DEBUG EPGManager] [EPGManager]-PF-retrieve service with 1st method !
11-06 20:46:47.894 D/EpgPFDirectReceiver( 2354): [TN_ThreadUtil-15]postEvent event=org.sumavision.epg.FailureEvent[source=org.sumavision.epg.EGPRequestImpl@1582ee1b]
11-06 20:46:47.894 D/EPGmanager( 2354): getProgramServiceNFollowing f.frequency:371000   ,f.type: 68 ,setFrequence 0
11-06 20:46:47.894 V/SUMA    ( 1582): [dvb_server_dbs] EIT_GET_TABLE,err[1],[0x1][0x1f][0xc1e]
11-06 20:46:47.894 V/SUMA    ( 1582): [eit] eit_pf_tmr_start() Roc_Timer_Start ok !!! timeout=90000
11-06 20:46:47.894 V/SUMA    ( 1582): [eit] dvb_si_eit_dbs_get_table() leave, chanid=0 freq=371000, onid=0x1, tsid=0x1f, svid=0xc1e, type=0x0
11-06 20:46:47.894 D/EPGmanager( 2354): ProgramServiceNFollowing 
11-06 20:46:47.894 I/System.out( 2354): [DEBUG EPGManager] The service is null !
11-06 20:46:47.894 I/System.out( 2354): [DEBUG EPGQueryThread] Add epg request:org.ngb.toolkit.epg.EPGManager$4@112dcbb8
11-06 20:46:47.894 D/EpgPFDirectReceiver( 2354): [TN_ThreadUtil-15]postEvent code=1
11-06 20:46:47.897 V/SUMA    ( 2354): [cas-c][CA_Manager_GetManufactureInfoSync 2604]leave !!!
11-06 20:46:47.897 D/CAManagerNative( 2354): getCardInfo.CA_Manager_GetManufactureInfoSync result=0
11-06 20:46:47.989 V/SUMA    ( 1582): >> rocme_porting_[0]tuner[0]_scanning fre = 371000 sym = 6875 qam = 3 ,res_state = 0x1
11-06 20:46:47.989 V/SUMA    ( 1582): [resman-s][dvb_server_resman_event_cbk 1615]enter dvb_server_resman_event_cbk
11-06 20:46:47.989 V/SUMA    ( 1582): [resman-s][dvb_server_resman_event_cbk 1656]leave dvb_server_resman_event_cbk
11-06 20:46:47.989 D/tuning  ( 2354): ^^^tunerEventCallback is called,  event=210002 
11-06 20:46:47.989 V/SUMA    ( 1582): >> ROC TNR(0)-EVENT = 0x210002 ROC_RES_TUNER_TUNER_EVT_LOCK_FAILED
11-06 20:46:47.989 V/SUMA    ( 1582): >> Roc_Tuner_CableScanning end : time = 44500 ms ,total time = 1189 ms 
11-06 20:46:47.990 V/SUMA    ( 1582): [resman-s][onTransact 216]code[0x1200010b] client pid = 2354
11-06 20:46:47.991 E/HI_TUNER( 1582): [ERROR-HI_TUNER]:HI_UNF_TUNER_GetBER[4827]:SIGNAL DROP
11-06 20:46:47.992 E/HI_TUNER( 1582): [ERROR-HI_TUNER]:HI_UNF_TUNER_GetSNR[5131]:SIGNAL DROP
11-06 20:46:47.993 V/PT      ( 1582): >>INFO:rocme_porting_tuner_get_signal_info:u32SNR = 0x0,u32SignalStrength = 0x5
11-06 20:46:47.993 V/PT      ( 1582): >>INFO:rocme_porting_tuner_get_signal_info:base_integer = 0x0,base_decimal = 0x0,exponent = 0x7
11-06 20:46:47.995 V/SUMA    ( 1582): [resman-s][onTransact 1574]leave transact client pid = 2354
11-06 20:46:47.995 I/System.out( 2354): [DEBUG TunerInfo] integer :0
11-06 20:46:47.995 I/System.out( 2354): [DEBUG TunerInfo] berDecimal :0
11-06 20:46:47.995 I/System.out( 2354): [DEBUG TunerInfo] berExp :7
11-06 20:46:47.995 D/SysEventBaseDealer( 2354): [TN_ThreadUtil-0]handleSignalEvent signalType=1
11-06 20:46:47.996 E/HI_TUNER( 1582): [ERROR-HI_TUNER]:HI_UNF_TUNER_GetBER[4827]:SIGNAL DROP
11-06 20:46:47.998 E/HI_TUNER( 1582): [ERROR-HI_TUNER]:HI_UNF_TUNER_GetSNR[5131]:SIGNAL DROP
11-06 20:46:47.999 V/PT      ( 1582): >>INFO:rocme_porting_tuner_get_signal_info:u32SNR = 0x0,u32SignalStrength = 0x5
11-06 20:46:47.999 V/PT      ( 1582): >>INFO:rocme_porting_tuner_get_signal_info:base_integer = 0x0,base_decimal = 0x0,exponent = 0x7
11-06 20:46:48.000 V/SUMA    ( 1582): [resman-s][onTransact 1574]leave transact client pid = 2354
11-06 20:46:48.001 D/tuning  ( 2354): ^^^^in tuner callBack. Query result=1,freq=371000
11-06 20:46:48.001 I/System.out( 2354): [DEBUG networkInterface] You see: NI listener's size=1
11-06 20:46:48.001 D/TunerNgbDealer( 2354): [TN_Thread-56]receiveNIEvent event=org.davic.net.tuning.NetworkInterfaceTuningOverEvent[source=class org.davic.net.tuning.NetworkInterfaceTuningOverEvent]
11-06 20:46:48.001 D/TunerNgbDealer( 2354): [TN_Thread-56]receiveNIEvent 0 tunerDes=[TunerDes@164ce9ee]isLock[false]isReserve[true]nHandle[0]moduleName[null]ni[org.davic.net.tuning.NetworkInterface@a1a4e8f]nic[org.ngb.broadcast.dvb.tuning.DvbNetworkInterfaceController@22bd351c]ds[[CableDeliverySystem@1544d8dd]freq[371000]fecOuter[0]modulation[3]symbolRate[6875]fecInner[0]]
11-06 20:46:48.020 D/ir_user ( 1586): PlayerTimeLineTrace:linux_keycode:0x67(UP),	protocol: .
11-06 20:46:48.021 V/PT      ( 1582): >>INFO:irkey_task:[      44.531560] /dev/input/event0: type=0001 code=0067 val=00000000
11-06 20:46:48.021 V/PT      ( 1582): >>INFO:irkey_send:0x3001 0x0026 up  
11-06 20:46:48.021 V/SUMA    ( 1582): ++++++++++++++  _roc_evtmgr_key_cbk 517:input = 12289, event=38, act=0x400
11-06 20:46:48.021 V/SUMA    ( 1582): lxm:_roc_evtmgr_key_cbk 519 44531
11-06 20:46:48.021 V/SUMA    ( 1582): lxm:_roc_evtmgr_add_key_into_queue 311 44531
11-06 20:46:48.021 V/PT      ( 1582): >>INFO:irkey_task:[      44.531560] /dev/input/event0: type=0000 code=0000 val=00000000
11-06 20:46:48.021 V/SUMA    ( 1582): ===================>> type=0 src=0 evt=38 act=0x400
11-06 20:46:48.021 V/SUMA    ( 1582): [sysset-s][event_manager_cbk 78]lxm cbid=1, cbk_reg=1, cpid=2454
11-06 20:46:48.021 D/NGBEvent( 2454): ngbEventCallBack type:0 source :38
11-06 20:46:48.021 D/NGBEvent( 2454): [NGBEventManager-JNI]-returning:1
11-06 20:46:48.021 D/NGBEvent( 2454): Input key event: keyCode=38
11-06 20:46:48.021 D/NGBEvent( 2454): src:38 = dest:38
11-06 20:46:48.022 I/System.out( 2454): [DEBUG EventManager] LWJ--Add event to java with evt=NgbEvent-[type = 1, subtype = 402, code = 38]
11-06 20:46:48.022 D/NGBEvent( 2454): [NGBEvent_log]--[EventManager--JNI]:		start
11-06 20:46:48.022 D/RemoteIME( 2316): RemoteIME--> onKeyUp keyCode = 19
11-06 20:46:48.022 I/System.out( 2454): [DEBUG EventManager] broadcastEvent  :len 1
11-06 20:46:48.022 D/KeyEventNgbDealer( 2454): [TN_pool-1-thread-1]handleKeyReleased keyEvent=NgbEvent-[type = 1, subtype = 402, code = 38],time=44533
11-06 20:46:48.023 D/Main3DActivity( 2493): [TN_main]dispatchKeyEvent event=KeyEvent { action=ACTION_UP, keyCode=KEYCODE_DPAD_UP, scanCode=103, metaState=0, flags=0x8, repeatCount=0, eventTime=44531, downTime=44322, deviceId=3, source=0x701 },isEventAble=true
11-06 20:46:48.182 D/CAManagerNative( 2354): getCardInfo.CA_Manager_GetMotherCardID result=0,motherCardID=0
11-06 20:46:48.182 V/SUMA    ( 2354): [cas-c][CA_Manager_GetAreaInfoSync 2565]enter !!!
11-06 20:46:48.316 D/BackBootDealerNeimeng( 2354): standbyState:
11-06 20:46:48.317 E/NetUtils( 2021): Interface eth0 LinkDown!
11-06 20:46:48.477 V/SUMA    ( 1582): >> [CA]rocme_porting_ca_get_area_info_suma: DVTCASTB_GetAreaInfo area_info->card_area = 0  
11-06 20:46:48.477 V/SUMA    ( 1582): >> [CA]rocme_porting_ca_get_area_info_suma: DVTCASTB_GetAreaInfo area_info->set_card_area_time = 1468306227  
11-06 20:46:48.477 V/SUMA    ( 1582): >> [CA]rocme_porting_ca_get_area_info_suma: DVTCASTB_GetAreaInfo area_info->start_flag = 0  
11-06 20:46:48.477 V/SUMA    ( 1582): >> [CA]rocme_porting_ca_get_area_info_suma: DVTCASTB_GetAreaInfo area_info->set_flag_time = 0  
11-06 20:46:48.477 V/SUMA    ( 2354): [cas-c][CA_Manager_GetAreaInfoSync 2580]leave !!!
11-06 20:46:48.477 D/CAManagerNative( 2354): getCardInfo.CA_Manager_GetAreaInfoSync result=0
11-06 20:46:48.477 D/CAManagerNative( 2354): getCardInfo card_area=0,card_area_time=0
11-06 20:46:48.477 V/SUMA    ( 2354): [cas-c][CA_Manager_GetCAProvider 922]enter !!!
11-06 20:46:48.478 V/SUMA    ( 2354): [cas-c][CA_Manager_GetCAProvider 936]leave !!!
11-06 20:46:48.478 D/CAManagerNative( 2354): CA_Manager_GetCAProvider result : 0
11-06 20:46:48.478 D/CAManagerNative( 2354): CA_Manager_GetCAProvider provider : 0
11-06 20:46:48.478 I/System.out( 2354): [DEBUG CAManager] isCardPresent manufactureID=0,cardID=65322944,serialNum=8150010653229443
11-06 20:46:48.478 D/CaNgbDealer( 2354): [TN_Binder_4]isCardInsert isInsert=true
11-06 20:46:48.485 D/CaNgbDealer( 2354): [TN_Binder_3]getCaCardInfo res=[I@ce1fd91,isCache=false
11-06 20:46:48.485 V/SUMA    ( 2354): [cas-c][CA_Manager_GetManufactureInfoSync 2590]enter !!!
11-06 20:46:48.494 I/System.out( 2354): [DEBUG EPGQuery] send request msg...:org.ngb.toolkit.epg.EPGManager$4@112dcbb8
11-06 20:46:48.495 D/EpgPFDirectReceiver( 2354): [TN_ThreadUtil-15]postEvent event=org.sumavision.epg.FailureEvent[source=org.sumavision.epg.EGPRequestImpl@6a154f6]
11-06 20:46:48.495 D/EpgPFDirectReceiver( 2354): [TN_ThreadUtil-15]postEvent code=1
11-06 20:46:48.506 D/ir_user ( 1586): PlayerTimeLineTrace:linux_keycode:0x67(DOWN),	protocol: .
11-06 20:46:48.506 V/PT      ( 1582): >>INFO:irkey_task:[      45.017168] /dev/input/event0: type=0001 code=0067 val=00000001
11-06 20:46:48.506 V/PT      ( 1582): >>INFO:irkey_send:0x3001 0x0026 down
11-06 20:46:48.506 V/SUMA    ( 1582): ++++++++++++++  _roc_evtmgr_key_cbk 517:input = 12289, event=38, act=0x100
11-06 20:46:48.506 V/SUMA    ( 1582): lxm:_roc_evtmgr_key_cbk 519 45017
11-06 20:46:48.506 V/SUMA    ( 1582): lxm:_roc_evtmgr_add_evt_into_queue 347 45017
11-06 20:46:48.507 V/SUMA    ( 1582): ===================>> type=0 src=0 evt=38 act=0x100
11-06 20:46:48.507 V/PT      ( 1582): >>INFO:irkey_task:[      45.017168] /dev/input/event0: type=0000 code=0000 val=00000000
11-06 20:46:48.507 V/SUMA    ( 1582): [sysset-s][event_manager_cbk 78]lxm cbid=1, cbk_reg=1, cpid=2454
11-06 20:46:48.507 D/NGBEvent( 2454): ngbEventCallBack type:0 source :38
11-06 20:46:48.507 D/NGBEvent( 2454): [NGBEventManager-JNI]-returning:1
11-06 20:46:48.507 D/NGBEvent( 2454): Input key event: keyCode=38
11-06 20:46:48.507 D/NGBEvent( 2454): src:38 = dest:38
11-06 20:46:48.507 I/System.out( 2454): [DEBUG EventManager] LWJ--Add event to java with evt=NgbEvent-[type = 1, subtype = 401, code = 38]
11-06 20:46:48.507 D/NGBEvent( 2454): [NGBEvent_log]--[EventManager--JNI]:		start
11-06 20:46:48.507 I/System.out( 2454): [DEBUG EventManager] broadcastEvent  :len 1
11-06 20:46:48.508 D/CombineKeyUtil( 2454): [TN_pool-1-thread-1]dealKeyEvent,combineIndex:-1:keyCode:19
11-06 20:46:48.508 D/KeyEventNgbDealer( 2454): [TN_pool-1-thread-1]handleKeyPressed keyEvent=NgbEvent-[type = 1, subtype = 401, code = 38],time=45018
11-06 20:46:48.508 D/RemoteIME( 2316): onKeyDown event = KeyEvent { action=ACTION_DOWN, keyCode=KEYCODE_DPAD_UP, scanCode=103, metaState=0, flags=0x8, repeatCount=0, eventTime=45017, downTime=45017, deviceId=3, source=0x701 },mSkbContainer=null
11-06 20:46:48.509 D/Main3DActivity( 2493): [TN_main]dispatchKeyEvent event=KeyEvent { action=ACTION_DOWN, keyCode=KEYCODE_DPAD_UP, scanCode=103, metaState=0, flags=0x8, repeatCount=0, eventTime=45017, downTime=45017, deviceId=3, source=0x701 },isEventAble=true
11-06 20:46:48.509 D/InputEventConsistencyVerifier( 2493): KeyEvent: ACTION_DOWN but key is already down and this event is not a key repeat.
11-06 20:46:48.509 D/InputEventConsistencyVerifier( 2493):   in com.android.internal.policy.impl.PhoneWindow$DecorView{817b53b V.E..... R....... 0,0-1280,720}
11-06 20:46:48.509 D/InputEventConsistencyVerifier( 2493):   0: sent at 45017000000, KeyEvent { action=ACTION_DOWN, keyCode=KEYCODE_DPAD_UP, scanCode=103, metaState=0, flags=0x8, repeatCount=0, eventTime=45017, downTime=45017, deviceId=3, source=0x701 }
11-06 20:46:48.509 D/InputEventConsistencyVerifier( 2493):   -- recent events --
11-06 20:46:48.509 D/InputEventConsistencyVerifier( 2493):   1: sent at 44322000000, KeyEvent { action=ACTION_DOWN, keyCode=KEYCODE_DPAD_UP, scanCode=103, metaState=0, flags=0x8, repeatCount=0, eventTime=44322, downTime=44322, deviceId=3, source=0x701 }
11-06 20:46:48.509 D/BasicRootView( 2493): [TN_main]dispatchKeyEvent event=KeyEvent { action=ACTION_DOWN, keyCode=KEYCODE_DPAD_UP, scanCode=103, metaState=0, flags=0x80000008, repeatCount=0, eventTime=45017, downTime=45017, deviceId=3, source=0x701 },curRootPanel=com.suma.midware.home.third.a.a@25f7f74e
11-06 20:46:48.509 D/GLRootRenderer( 2493): dispatchKeyEvent event:KeyEvent { action=ACTION_DOWN, keyCode=KEYCODE_DPAD_UP, scanCode=103, metaState=0, flags=0x80000008, repeatCount=0, eventTime=45017, downTime=45017, deviceId=3, source=0x701 }:lastKeyCode:19:lastKeyAction:0:lastkeycount:0:size:0
11-06 20:46:48.510 D/Scene   ( 2493): dispatchKeyEvent event:KeyEvent { action=ACTION_DOWN, keyCode=KEYCODE_DPAD_UP, scanCode=103, metaState=0, flags=0x80000008, repeatCount=0, eventTime=45017, downTime=45017, deviceId=3, source=0x701 }
11-06 20:46:48.510 D/Scene   ( 2493): dispatchKeyEvent currentFocus = com.suma.midware.view.b.d.b@1a1fcd6c
11-06 20:46:48.510 D/Scene   ( 2493): dispatchKeyEvent nextFocus:null
11-06 20:46:48.510 D/BasicColumn( 2493): [TN_GLThread 73]dealKeyEvent event=KeyEvent { action=ACTION_DOWN, keyCode=KEYCODE_DPAD_UP, scanCode=103, metaState=0, flags=0x80000008, repeatCount=0, eventTime=45017, downTime=45017, deviceId=3, source=0x701 }
11-06 20:46:48.511 D/MenuUtil( 2493): [TN_GLThread 73]searchVerticalFigure x=337.000,y=120.000,width=116.000,height=60.0000,excludeObj=null
11-06 20:46:48.512 D/FixedRes( 2493): [TN_GLThread 73]getNineImgRes nineImgSize=2
11-06 20:46:48.512 D/BasicColumn( 2493): [TN_GLThread 73]onFocus isFocus=false,index=0,nextIndex=-1
11-06 20:46:48.512 D/FixedRes( 2493): [TN_GLThread 73]getNineImgRes nineImgSize=2
11-06 20:46:48.513 D/BasicColumn( 2493): [TN_GLThread 73]moveFocus xOffset=151.000,yOffset=139.000
11-06 20:46:48.513 D/BasicFigure( 2493): [TN_GLThread 73]onFocusGain figure=com.suma.midware.view.b.c.c@11f25458
11-06 20:46:48.513 D/BasicFigure( 2493): [TN_GLThread 73]onGlobalFocusGain figure=com.suma.midware.view.b.c.c@11f25458
11-06 20:46:48.529 D/TextureManager( 2493): loadTexture name:config_global_buton_foc:textureID:169:recordSize:null
11-06 20:46:48.530 D/BasicFigure( 2493): [TN_GLThread 73]isDrawFocused relyElement=[BaseElement@346a37d9]focusScale[1.15]elementAlpha[-1.0]refectAlpha[-1.0]isFocusAble[true]shadowIndex[-1]autoJumpType[-1]uniqueID[54resSize0]rect[NULL]
11-06 20:46:48.530 D/BasicFigure( 2493): [TN_GLThread 73]isDrawFocused basicFigure=com.suma.midware.view.b.c.c@3914159e
11-06 20:46:48.539 D/BasicFigure( 2493): [TN_GLThread 73]isDrawFocused relyElement=[BaseElement@346a37d9]focusScale[1.15]elementAlpha[-1.0]refectAlpha[-1.0]isFocusAble[true]shadowIndex[-1]autoJumpType[-1]uniqueID[54resSize0]rect[NULL]
11-06 20:46:48.539 D/BasicFigure( 2493): [TN_GLThread 73]isDrawFocused basicFigure=com.suma.midware.view.b.c.c@3914159e
11-06 20:46:48.607 D/ir_user ( 1586): PlayerTimeLineTrace:linux_keycode:0x67(UP),	protocol: .
11-06 20:46:48.607 V/PT      ( 1582): >>INFO:irkey_task:[      45.118234] /dev/input/event0: type=0001 code=0067 val=00000000
11-06 20:46:48.607 V/PT      ( 1582): >>INFO:irkey_send:0x3001 0x0026 up  
11-06 20:46:48.607 V/SUMA    ( 1582): ++++++++++++++  _roc_evtmgr_key_cbk 517:input = 12289, event=38, act=0x400
11-06 20:46:48.607 V/SUMA    ( 1582): lxm:_roc_evtmgr_key_cbk 519 45118
11-06 20:46:48.608 V/SUMA    ( 1582): lxm:_roc_evtmgr_add_key_into_queue 311 45118
11-06 20:46:48.608 V/PT      ( 1582): >>INFO:irkey_task:[      45.118234] /dev/input/event0: type=0000 code=0000 val=00000000
11-06 20:46:48.608 V/SUMA    ( 1582): ===================>> type=0 src=0 evt=38 act=0x400
11-06 20:46:48.608 V/SUMA    ( 1582): [sysset-s][event_manager_cbk 78]lxm cbid=1, cbk_reg=1, cpid=2454
11-06 20:46:48.608 D/NGBEvent( 2454): ngbEventCallBack type:0 source :38
11-06 20:46:48.608 D/NGBEvent( 2454): [NGBEventManager-JNI]-returning:1
11-06 20:46:48.608 D/NGBEvent( 2454): Input key event: keyCode=38
11-06 20:46:48.608 D/NGBEvent( 2454): src:38 = dest:38
11-06 20:46:48.608 I/System.out( 2454): [DEBUG EventManager] LWJ--Add event to java with evt=NgbEvent-[type = 1, subtype = 402, code = 38]
11-06 20:46:48.608 D/NGBEvent( 2454): [NGBEvent_log]--[EventManager--JNI]:		start
11-06 20:46:48.609 I/System.out( 2454): [DEBUG EventManager] broadcastEvent  :len 1
11-06 20:46:48.609 D/KeyEventNgbDealer( 2454): [TN_pool-1-thread-1]handleKeyReleased keyEvent=NgbEvent-[type = 1, subtype = 402, code = 38],time=45119
11-06 20:46:48.610 D/RemoteIME( 2316): RemoteIME--> onKeyUp keyCode = 19
11-06 20:46:48.610 D/Main3DActivity( 2493): [TN_main]dispatchKeyEvent event=KeyEvent { action=ACTION_UP, keyCode=KEYCODE_DPAD_UP, scanCode=103, metaState=0, flags=0x8, repeatCount=0, eventTime=45118, downTime=45017, deviceId=3, source=0x701 },isEventAble=true
11-06 20:46:48.623 V/SUMA    ( 2354): [cas-c][CA_Manager_GetManufactureInfoSync 2604]leave !!!
11-06 20:46:48.623 D/CAManagerNative( 2354): getCardInfo.CA_Manager_GetManufactureInfoSync result=0
11-06 20:46:48.817 D/BackBootDealerNeimeng( 2354): standbyState:
11-06 20:46:48.818 E/NetUtils( 2021): Interface eth0 LinkDown!
11-06 20:46:48.856 W/ContextImpl( 2354): Calling a method in the system process without a qualified user: android.app.ContextImpl.sendBroadcast:1345 android.content.ContextWrapper.sendBroadcast:377 com.suma.midware.back.esg.e.f:-1 com.suma.midware.back.esg.f.run:-1 com.suma.midware.prop.util.c.run:-1 
11-06 20:46:48.908 D/CAManagerNative( 2354): getCardInfo.CA_Manager_GetMotherCardID result=0,motherCardID=0
11-06 20:46:48.908 V/SUMA    ( 2354): [cas-c][CA_Manager_GetAreaInfoSync 2565]enter !!!
11-06 20:46:48.921 D/ir_user ( 1586): PlayerTimeLineTrace:linux_keycode:0x6a(DOWN),	protocol: .
11-06 20:46:48.921 V/PT      ( 1582): >>INFO:irkey_task:[      45.432255] /dev/input/event0: type=0001 code=006a val=00000001
11-06 20:46:48.921 V/PT      ( 1582): >>INFO:irkey_send:0x3001 0x0027 down
11-06 20:46:48.921 V/SUMA    ( 1582): ++++++++++++++  _roc_evtmgr_key_cbk 517:input = 12289, event=39, act=0x100
11-06 20:46:48.922 V/SUMA    ( 1582): lxm:_roc_evtmgr_key_cbk 519 45432
11-06 20:46:48.922 V/SUMA    ( 1582): lxm:_roc_evtmgr_add_evt_into_queue 347 45432
11-06 20:46:48.922 V/PT      ( 1582): >>INFO:irkey_task:[      45.432255] /dev/input/event0: type=0000 code=0000 val=00000000
11-06 20:46:48.922 V/SUMA    ( 1582): ===================>> type=0 src=0 evt=39 act=0x100
11-06 20:46:48.922 V/SUMA    ( 1582): [sysset-s][event_manager_cbk 78]lxm cbid=1, cbk_reg=1, cpid=2454
11-06 20:46:48.922 D/NGBEvent( 2454): ngbEventCallBack type:0 source :39
11-06 20:46:48.922 D/NGBEvent( 2454): [NGBEventManager-JNI]-returning:1
11-06 20:46:48.922 D/NGBEvent( 2454): Input key event: keyCode=39
11-06 20:46:48.922 D/NGBEvent( 2454): src:39 = dest:39
11-06 20:46:48.922 I/System.out( 2454): [DEBUG EventManager] LWJ--Add event to java with evt=NgbEvent-[type = 1, subtype = 401, code = 39]
11-06 20:46:48.922 D/NGBEvent( 2454): [NGBEvent_log]--[EventManager--JNI]:		start
11-06 20:46:48.923 I/System.out( 2454): [DEBUG EventManager] broadcastEvent  :len 1
11-06 20:46:48.923 D/CombineKeyUtil( 2454): [TN_pool-1-thread-1]dealKeyEvent,combineIndex:-1:keyCode:22
11-06 20:46:48.923 D/RemoteIME( 2316): onKeyDown event = KeyEvent { action=ACTION_DOWN, keyCode=KEYCODE_DPAD_RIGHT, scanCode=106, metaState=0, flags=0x8, repeatCount=0, eventTime=45432, downTime=45432, deviceId=3, source=0x701 },mSkbContainer=null
11-06 20:46:48.923 D/KeyEventNgbDealer( 2454): [TN_pool-1-thread-1]handleKeyPressed keyEvent=NgbEvent-[type = 1, subtype = 401, code = 39],time=45433
11-06 20:46:48.923 D/Main3DActivity( 2493): [TN_main]dispatchKeyEvent event=KeyEvent { action=ACTION_DOWN, keyCode=KEYCODE_DPAD_RIGHT, scanCode=106, metaState=0, flags=0x8, repeatCount=0, eventTime=45432, downTime=45432, deviceId=3, source=0x701 },isEventAble=true
11-06 20:46:48.924 D/BasicRootView( 2493): [TN_main]dispatchKeyEvent event=KeyEvent { action=ACTION_DOWN, keyCode=KEYCODE_DPAD_RIGHT, scanCode=106, metaState=0, flags=0x8, repeatCount=0, eventTime=45432, downTime=45432, deviceId=3, source=0x701 },curRootPanel=com.suma.midware.home.third.a.a@25f7f74e
11-06 20:46:48.924 D/GLRootRenderer( 2493): dispatchKeyEvent event:KeyEvent { action=ACTION_DOWN, keyCode=KEYCODE_DPAD_RIGHT, scanCode=106, metaState=0, flags=0x8, repeatCount=0, eventTime=45432, downTime=45432, deviceId=3, source=0x701 }:lastKeyCode:19:lastKeyAction:0:lastkeycount:1:size:0
11-06 20:46:48.924 D/Scene   ( 2493): dispatchKeyEvent event:KeyEvent { action=ACTION_DOWN, keyCode=KEYCODE_DPAD_RIGHT, scanCode=106, metaState=0, flags=0x8, repeatCount=0, eventTime=45432, downTime=45432, deviceId=3, source=0x701 }
11-06 20:46:48.924 D/Scene   ( 2493): dispatchKeyEvent currentFocus = com.suma.midware.view.b.c.c@11f25458
11-06 20:46:48.924 D/Scene   ( 2493): dispatchKeyEvent nextFocus:null
11-06 20:46:48.924 D/BasicFigure( 2493): [TN_GLThread 73]dealKeyEvent event=KeyEvent { action=ACTION_DOWN, keyCode=KEYCODE_DPAD_RIGHT, scanCode=106, metaState=0, flags=0x8, repeatCount=0, eventTime=45432, downTime=45432, deviceId=3, source=0x701 }
11-06 20:46:48.926 D/MenuUtil( 2493): [TN_GLThread 73]searchHorizontalFigure x=1354.00,y=3.00000,width=180.000,height=134.000,excludeObj=com.suma.midware.view.b.c.c@11f25458
11-06 20:46:48.926 D/BasicFigure( 2493): [TN_GLThread 73]dealLeftRight obj3d=com.suma.midware.view.b.c.c@3c426a17,obj3dSize=6,basicPanel=null
11-06 20:46:48.926 D/BasicFigure( 2493): [TN_GLThread 73]onFocusLost figure=com.suma.midware.view.b.c.c@11f25458
11-06 20:46:48.926 D/BasicFigure( 2493): [TN_GLThread 73]onGlobalFocusLost figure=com.suma.midware.view.b.c.c@11f25458
11-06 20:46:48.927 D/BasicFigure( 2493): [TN_GLThread 73]onFocusGain figure=com.suma.midware.view.b.c.c@3c426a17
11-06 20:46:48.927 D/BasicFigure( 2493): [TN_GLThread 73]onGlobalFocusGain figure=com.suma.midware.view.b.c.c@3c426a17
11-06 20:46:48.938 D/BasicFigure( 2493): [TN_GLThread 73]isDrawFocused relyElement=[BaseElement@346a37d9]focusScale[1.15]elementAlpha[-1.0]refectAlpha[-1.0]isFocusAble[true]shadowIndex[-1]autoJumpType[-1]uniqueID[54resSize0]rect[NULL]
11-06 20:46:48.938 D/BasicFigure( 2493): [TN_GLThread 73]isDrawFocused basicFigure=com.suma.midware.view.b.c.c@3914159e
11-06 20:46:48.947 D/BasicFigure( 2493): [TN_GLThread 73]isDrawFocused relyElement=[BaseElement@346a37d9]focusScale[1.15]elementAlpha[-1.0]refectAlpha[-1.0]isFocusAble[true]shadowIndex[-1]autoJumpType[-1]uniqueID[54resSize0]rect[NULL]
11-06 20:46:48.947 D/BasicFigure( 2493): [TN_GLThread 73]isDrawFocused basicFigure=com.suma.midware.view.b.c.c@3914159e
11-06 20:46:49.131 V/PT      ( 1582): >>INFO:irkey_task:[      45.641615] /dev/input/event0: type=0001 code=006a val=00000000
11-06 20:46:49.131 V/PT      ( 1582): >>INFO:irkey_send:0x3001 0x0027 up  
11-06 20:46:49.131 V/SUMA    ( 1582): ++++++++++++++  _roc_evtmgr_key_cbk 517:input = 12289, event=39, act=0x400
11-06 20:46:49.131 V/SUMA    ( 1582): lxm:_roc_evtmgr_key_cbk 519 45641
11-06 20:46:49.131 V/SUMA    ( 1582): lxm:_roc_evtmgr_add_key_into_queue 311 45642
11-06 20:46:49.131 V/PT      ( 1582): >>INFO:irkey_task:[      45.641615] /dev/input/event0: type=0000 code=0000 val=00000000
11-06 20:46:49.131 V/SUMA    ( 1582): ===================>> type=0 src=0 evt=39 act=0x400
11-06 20:46:49.131 D/ir_user ( 1586): PlayerTimeLineTrace:linux_keycode:0x6a(UP),	protocol: .
11-06 20:46:49.131 V/SUMA    ( 1582): [sysset-s][event_manager_cbk 78]lxm cbid=1, cbk_reg=1, cpid=2454
11-06 20:46:49.131 D/NGBEvent( 2454): ngbEventCallBack type:0 source :39
11-06 20:46:49.132 D/NGBEvent( 2454): [NGBEventManager-JNI]-returning:1
11-06 20:46:49.132 D/NGBEvent( 2454): Input key event: keyCode=39
11-06 20:46:49.132 D/NGBEvent( 2454): src:39 = dest:39
11-06 20:46:49.132 I/System.out( 2454): [DEBUG EventManager] LWJ--Add event to java with evt=NgbEvent-[type = 1, subtype = 402, code = 39]
11-06 20:46:49.132 D/NGBEvent( 2454): [NGBEvent_log]--[EventManager--JNI]:		start
11-06 20:46:49.132 I/System.out( 2454): [DEBUG EventManager] broadcastEvent  :len 1
11-06 20:46:49.132 D/RemoteIME( 2316): RemoteIME--> onKeyUp keyCode = 22
11-06 20:46:49.133 D/KeyEventNgbDealer( 2454): [TN_pool-1-thread-1]handleKeyReleased keyEvent=NgbEvent-[type = 1, subtype = 402, code = 39],time=45643
11-06 20:46:49.133 D/Main3DActivity( 2493): [TN_main]dispatchKeyEvent event=KeyEvent { action=ACTION_UP, keyCode=KEYCODE_DPAD_RIGHT, scanCode=106, metaState=0, flags=0x8, repeatCount=0, eventTime=45641, downTime=45432, deviceId=3, source=0x701 },isEventAble=true
11-06 20:46:49.202 V/SUMA    ( 1582): >> [CA]rocme_porting_ca_get_area_info_suma: DVTCASTB_GetAreaInfo area_info->card_area = 0  
11-06 20:46:49.202 V/SUMA    ( 1582): >> [CA]rocme_porting_ca_get_area_info_suma: DVTCASTB_GetAreaInfo area_info->set_card_area_time = 1468306227  
11-06 20:46:49.202 V/SUMA    ( 1582): >> [CA]rocme_porting_ca_get_area_info_suma: DVTCASTB_GetAreaInfo area_info->start_flag = 0  
11-06 20:46:49.202 V/SUMA    ( 1582): >> [CA]rocme_porting_ca_get_area_info_suma: DVTCASTB_GetAreaInfo area_info->set_flag_time = 0  
11-06 20:46:49.202 V/SUMA    ( 2354): [cas-c][CA_Manager_GetAreaInfoSync 2580]leave !!!
11-06 20:46:49.202 D/CAManagerNative( 2354): getCardInfo.CA_Manager_GetAreaInfoSync result=0
11-06 20:46:49.202 D/CAManagerNative( 2354): getCardInfo card_area=0,card_area_time=0
11-06 20:46:49.202 V/SUMA    ( 2354): [cas-c][CA_Manager_GetCardLockStatus 989]enter !!!
11-06 20:46:49.220 V/SUMA    ( 2354): [cas-c][CA_Manager_GetCardLockStatus 1001]leave !!!
11-06 20:46:49.254 V/SUMA    ( 2354): [cas-c][CA_Manager_GetWatchRating 1547]leave !!!
11-06 20:46:49.254 D/CAManagerNative( 2354): CA watch TV ,The Min age is 18 
11-06 20:46:49.254 V/SUMA    ( 2354): [cas-c][CA_Manager_GetWorkTime 1481]leave !!!
11-06 20:46:49.255 I/System.out( 2354): [DEBUG CAWorkTime]  the param startHour is 0
11-06 20:46:49.255 I/System.out( 2354): [DEBUG CAWorkTime]  the param startMinute is 0
11-06 20:46:49.255 I/System.out( 2354): [DEBUG CAWorkTime]  the param endHour is 23
11-06 20:46:49.255 I/System.out( 2354): [DEBUG CAWorkTime]  the param endMinute is 59
11-06 20:46:49.256 D/CaNgbDealer( 2354): [TN_Binder_1]getCaUserDataArray key=246
11-06 20:46:49.318 D/BackBootDealerNeimeng( 2354): standbyState:
11-06 20:46:49.319 E/NetUtils( 2021): Interface eth0 LinkDown!
11-06 20:46:49.517 V/SUMA    ( 1582): >> [CA] rocme_porting_ca_get_user_def_data_suma just for output:  *user_def_data=0(0x0)  
11-06 20:46:49.517 V/SUMA    ( 2354): [cas-c][CA_Manager_GetUserDefData 1941]leave !!!
11-06 20:46:49.517 D/CAManagerNative( 2354): getPrivateData key=246(0xf6),failed with result=-1
11-06 20:46:49.517 E/ByteUtil( 2493): [TN_AndroidTimer-0]getInt index=0,isBigEndia=true,bytes=null
11-06 20:46:49.518 D/ConfigUpdateOttAdmin( 2493): [TN_ThreadUtil-0]dealUpdateCheck menuConfig=[MenuConfig@f5d]configID[3840]configAlias[homeConfig]configName[home_config.dat]version[1]isFilePath1[false]rootView[com.suma.midware.home.third.h{1ee6ac1a VFE..... .F...... 0,0-1280,720}]rootLayout[null]
11-06 20:46:49.518 D/CaNgbDealer( 2354): [TN_Binder_3]getCaCardInfo res=[I@26d850f7,isCache=true
11-06 20:46:49.519 D/FileIOUtil( 2493): [TN_ThreadUtil-0]deleteFile filePath=/data/user/0/com.suma.midware.home/files/launcherRes/f00/1/,containRootDir=false
11-06 20:46:49.519 D/FileIOUtil( 2493): [TN_ThreadUtil-0]deleteFile file=/data/user/0/com.suma.midware.home/files/launcherRes/f00/1,containRootDir=false
11-06 20:46:49.519 E/ConfigUpdateNeimengOttAdmin( 2493): [TN_ThreadUtil-0]checkConfig url=http://tvos-launcher.96066.com:8082/LancherWeb/getLauncherUpdatePackage?areaCode=&serialNumber=15510217310112851&standardVersion=1.0&mac=&hardVersion=04.01.01.02&launcherVersion=0&locationCode=0&cardOutID=8150010653229443&softVersion=03.16.00.03&type=1&model=8
11-06 20:46:49.520 E/FlyAndWeatherUpdate( 2493): [TN_ThreadUtil-1]url: http://tvos-launcher.96066.com:8082/LancherWeb/getLauncherWeather?hardVersion=04.01.01.02&locationCode=0&softVersion=03.16.00.03&serialNumber=15510217310112851&type=1&mac=&model=8
11-06 20:46:49.522 D/LoadHttpHandler( 2493): [TN_ThreadUtil-0]doNormal proxyConfig=null
11-06 20:46:49.522 D/LoadHttpHandler( 2493): [TN_ThreadUtil-1]doNormal proxyConfig=null
11-06 20:46:49.779 V/PT      ( 1582): >>INFO:irkey_task:[      46.290079] /dev/input/event0: type=0001 code=006a val=00000001
11-06 20:46:49.779 V/PT      ( 1582): >>INFO:irkey_send:0x3001 0x0027 down
11-06 20:46:49.779 V/SUMA    ( 1582): ++++++++++++++  _roc_evtmgr_key_cbk 517:input = 12289, event=39, act=0x100
11-06 20:46:49.779 V/SUMA    ( 1582): lxm:_roc_evtmgr_key_cbk 519 46290
11-06 20:46:49.779 V/SUMA    ( 1582): lxm:_roc_evtmgr_add_evt_into_queue 347 46290
11-06 20:46:49.779 V/PT      ( 1582): >>INFO:irkey_task:[      46.290079] /dev/input/event0: type=0000 code=0000 val=00000000
11-06 20:46:49.779 V/SUMA    ( 1582): ===================>> type=0 src=0 evt=39 act=0x100
11-06 20:46:49.779 V/SUMA    ( 1582): [sysset-s][event_manager_cbk 78]lxm cbid=1, cbk_reg=1, cpid=2454
11-06 20:46:49.779 D/NGBEvent( 2454): ngbEventCallBack type:0 source :39
11-06 20:46:49.779 D/NGBEvent( 2454): [NGBEventManager-JNI]-returning:1
11-06 20:46:49.779 D/NGBEvent( 2454): Input key event: keyCode=39
11-06 20:46:49.779 D/NGBEvent( 2454): src:39 = dest:39
11-06 20:46:49.779 I/System.out( 2454): [DEBUG EventManager] LWJ--Add event to java with evt=NgbEvent-[type = 1, subtype = 401, code = 39]
11-06 20:46:49.780 D/NGBEvent( 2454): [NGBEvent_log]--[EventManager--JNI]:		start
11-06 20:46:49.780 I/System.out( 2454): [DEBUG EventManager] broadcastEvent  :len 1
11-06 20:46:49.780 D/CombineKeyUtil( 2454): [TN_pool-1-thread-1]dealKeyEvent,combineIndex:-1:keyCode:22
11-06 20:46:49.780 D/KeyEventNgbDealer( 2454): [TN_pool-1-thread-1]handleKeyPressed keyEvent=NgbEvent-[type = 1, subtype = 401, code = 39],time=46290
11-06 20:46:49.780 D/ir_user ( 1586): PlayerTimeLineTrace:linux_keycode:0x6a(DOWN),	protocol: .
11-06 20:46:49.780 D/RemoteIME( 2316): onKeyDown event = KeyEvent { action=ACTION_DOWN, keyCode=KEYCODE_DPAD_RIGHT, scanCode=106, metaState=0, flags=0x8, repeatCount=0, eventTime=46290, downTime=46290, deviceId=3, source=0x701 },mSkbContainer=null
11-06 20:46:49.780 D/Main3DActivity( 2493): [TN_main]dispatchKeyEvent event=KeyEvent { action=ACTION_DOWN, keyCode=KEYCODE_DPAD_RIGHT, scanCode=106, metaState=0, flags=0x8, repeatCount=0, eventTime=46290, downTime=46290, deviceId=3, source=0x701 },isEventAble=true
11-06 20:46:49.780 D/InputEventConsistencyVerifier( 2493): KeyEvent: ACTION_DOWN but key is already down and this event is not a key repeat.
11-06 20:46:49.780 D/InputEventConsistencyVerifier( 2493):   in com.android.internal.policy.impl.PhoneWindow$DecorView{817b53b V.E..... R....... 0,0-1280,720}
11-06 20:46:49.780 D/InputEventConsistencyVerifier( 2493):   0: sent at 46290000000, KeyEvent { action=ACTION_DOWN, keyCode=KEYCODE_DPAD_RIGHT, scanCode=106, metaState=0, flags=0x8, repeatCount=0, eventTime=46290, downTime=46290, deviceId=3, source=0x701 }
11-06 20:46:49.780 D/InputEventConsistencyVerifier( 2493):   -- recent events --
11-06 20:46:49.780 D/InputEventConsistencyVerifier( 2493):   1: sent at 45432000000, KeyEvent { action=ACTION_DOWN, keyCode=KEYCODE_DPAD_RIGHT, scanCode=106, metaState=0, flags=0x8, repeatCount=0, eventTime=45432, downTime=45432, deviceId=3, source=0x701 }
11-06 20:46:49.780 D/InputEventConsistencyVerifier( 2493):   2: sent at 45017000000, KeyEvent { action=ACTION_DOWN, keyCode=KEYCODE_DPAD_UP, scanCode=103, metaState=0, flags=0x80000008, repeatCount=0, eventTime=45017, downTime=45017, deviceId=3, source=0x701 }
11-06 20:46:49.780 D/InputEventConsistencyVerifier( 2493):   3: sent at 44322000000, KeyEvent { action=ACTION_DOWN, keyCode=KEYCODE_DPAD_UP, scanCode=103, metaState=0, flags=0x8, repeatCount=0, eventTime=44322, downTime=44322, deviceId=3, source=0x701 }
11-06 20:46:49.780 D/BasicRootView( 2493): [TN_main]dispatchKeyEvent event=KeyEvent { action=ACTION_DOWN, keyCode=KEYCODE_DPAD_RIGHT, scanCode=106, metaState=0, flags=0x80000008, repeatCount=0, eventTime=46290, downTime=46290, deviceId=3, source=0x701 },curRootPanel=com.suma.midware.home.third.a.a@25f7f74e
11-06 20:46:49.780 D/GLRootRenderer( 2493): dispatchKeyEvent event:KeyEvent { action=ACTION_DOWN, keyCode=KEYCODE_DPAD_RIGHT, scanCode=106, metaState=0, flags=0x80000008, repeatCount=0, eventTime=46290, downTime=46290, deviceId=3, source=0x701 }:lastKeyCode:22:lastKeyAction:0:lastkeycount:0:size:0
11-06 20:46:49.781 D/Scene   ( 2493): dispatchKeyEvent event:KeyEvent { action=ACTION_DOWN, keyCode=KEYCODE_DPAD_RIGHT, scanCode=106, metaState=0, flags=0x80000008, repeatCount=0, eventTime=46290, downTime=46290, deviceId=3, source=0x701 }
11-06 20:46:49.781 D/Scene   ( 2493): dispatchKeyEvent currentFocus = com.suma.midware.view.b.c.c@3c426a17
11-06 20:46:49.781 D/Scene   ( 2493): dispatchKeyEvent nextFocus:null
11-06 20:46:49.781 D/BasicFigure( 2493): [TN_GLThread 73]dealKeyEvent event=KeyEvent { action=ACTION_DOWN, keyCode=KEYCODE_DPAD_RIGHT, scanCode=106, metaState=0, flags=0x80000008, repeatCount=0, eventTime=46290, downTime=46290, deviceId=3, source=0x701 }
11-06 20:46:49.781 D/MenuUtil( 2493): [TN_GLThread 73]searchHorizontalFigure x=1468.00,y=3.00000,width=180.000,height=134.000,excludeObj=com.suma.midware.view.b.c.c@3c426a17
11-06 20:46:49.781 D/BasicFigure( 2493): [TN_GLThread 73]dealLeftRight obj3d=com.suma.midware.view.b.c.c@1821ea6e,obj3dSize=6,basicPanel=null
11-06 20:46:49.781 D/BasicFigure( 2493): [TN_GLThread 73]onFocusLost figure=com.suma.midware.view.b.c.c@3c426a17
11-06 20:46:49.781 D/BasicFigure( 2493): [TN_GLThread 73]onGlobalFocusLost figure=com.suma.midware.view.b.c.c@3c426a17
11-06 20:46:49.781 D/BasicFigure( 2493): [TN_GLThread 73]onFocusGain figure=com.suma.midware.view.b.c.c@1821ea6e
11-06 20:46:49.782 D/BasicFigure( 2493): [TN_GLThread 73]onGlobalFocusGain figure=com.suma.midware.view.b.c.c@1821ea6e
11-06 20:46:49.790 D/BasicFigure( 2493): [TN_GLThread 73]isDrawFocused relyElement=[BaseElement@346a37d9]focusScale[1.15]elementAlpha[-1.0]refectAlpha[-1.0]isFocusAble[true]shadowIndex[-1]autoJumpType[-1]uniqueID[54resSize0]rect[NULL]
11-06 20:46:49.790 D/BasicFigure( 2493): [TN_GLThread 73]isDrawFocused basicFigure=com.suma.midware.view.b.c.c@3914159e
11-06 20:46:49.800 D/BasicFigure( 2493): [TN_GLThread 73]isDrawFocused relyElement=[BaseElement@346a37d9]focusScale[1.15]elementAlpha[-1.0]refectAlpha[-1.0]isFocusAble[true]shadowIndex[-1]autoJumpType[-1]uniqueID[54resSize0]rect[NULL]
11-06 20:46:49.800 D/BasicFigure( 2493): [TN_GLThread 73]isDrawFocused basicFigure=com.suma.midware.view.b.c.c@3914159e
11-06 20:46:49.820 D/BackBootDealerNeimeng( 2354): standbyState:
11-06 20:46:49.820 E/NetUtils( 2021): Interface eth0 LinkDown!
11-06 20:46:49.988 V/PT      ( 1582): >>INFO:irkey_task:[      46.499494] /dev/input/event0: type=0001 code=006a val=00000000
11-06 20:46:49.989 V/PT      ( 1582): >>INFO:irkey_send:0x3001 0x0027 up  
11-06 20:46:49.989 V/SUMA    ( 1582): ++++++++++++++  _roc_evtmgr_key_cbk 517:input = 12289, event=39, act=0x400
11-06 20:46:49.989 V/SUMA    ( 1582): lxm:_roc_evtmgr_key_cbk 519 46499
11-06 20:46:49.989 V/SUMA    ( 1582): lxm:_roc_evtmgr_add_key_into_queue 311 46499
11-06 20:46:49.989 V/PT      ( 1582): >>INFO:irkey_task:[      46.499494] /dev/input/event0: type=0000 code=0000 val=00000000
11-06 20:46:49.989 V/SUMA    ( 1582): ===================>> type=0 src=0 evt=39 act=0x400
11-06 20:46:49.989 D/ir_user ( 1586): PlayerTimeLineTrace:linux_keycode:0x6a(UP),	protocol: .
11-06 20:46:49.989 V/SUMA    ( 1582): [sysset-s][event_manager_cbk 78]lxm cbid=1, cbk_reg=1, cpid=2454
11-06 20:46:49.989 D/NGBEvent( 2454): ngbEventCallBack type:0 source :39
11-06 20:46:49.989 D/NGBEvent( 2454): [NGBEventManager-JNI]-returning:1
11-06 20:46:49.989 D/NGBEvent( 2454): Input key event: keyCode=39
11-06 20:46:49.989 D/NGBEvent( 2454): src:39 = dest:39
11-06 20:46:49.990 I/System.out( 2454): [DEBUG EventManager] LWJ--Add event to java with evt=NgbEvent-[type = 1, subtype = 402, code = 39]
11-06 20:46:49.990 D/NGBEvent( 2454): [NGBEvent_log]--[EventManager--JNI]:		start
11-06 20:46:49.990 I/System.out( 2454): [DEBUG EventManager] broadcastEvent  :len 1
11-06 20:46:49.990 D/KeyEventNgbDealer( 2454): [TN_pool-1-thread-1]handleKeyReleased keyEvent=NgbEvent-[type = 1, subtype = 402, code = 39],time=46501
11-06 20:46:49.991 D/RemoteIME( 2316): RemoteIME--> onKeyUp keyCode = 22
11-06 20:46:49.992 D/Main3DActivity( 2493): [TN_main]dispatchKeyEvent event=KeyEvent { action=ACTION_UP, keyCode=KEYCODE_DPAD_RIGHT, scanCode=106, metaState=0, flags=0x8, repeatCount=0, eventTime=46499, downTime=46290, deviceId=3, source=0x701 },isEventAble=true
11-06 20:46:50.119 V/PT      ( 1582): >>INFO:irkey_task:[      46.629864] /dev/input/event0: type=0001 code=001c val=00000001
11-06 20:46:50.119 V/PT      ( 1582): >>INFO:irkey_send:0x3001 0x1001 down
11-06 20:46:50.119 V/SUMA    ( 1582): ++++++++++++++  _roc_evtmgr_key_cbk 517:input = 12289, event=4097, act=0x100
11-06 20:46:50.119 V/SUMA    ( 1582): lxm:_roc_evtmgr_key_cbk 519 46630
11-06 20:46:50.119 V/SUMA    ( 1582): lxm:_roc_evtmgr_add_evt_into_queue 347 46630
11-06 20:46:50.119 V/PT      ( 1582): >>INFO:irkey_task:[      46.629864] /dev/input/event0: type=0000 code=0000 val=00000000
11-06 20:46:50.119 V/SUMA    ( 1582): ===================>> type=0 src=0 evt=4097 act=0x100
11-06 20:46:50.120 V/SUMA    ( 1582): [sysset-s][event_manager_cbk 78]lxm cbid=1, cbk_reg=1, cpid=2454
11-06 20:46:50.120 D/ir_user ( 1586): PlayerTimeLineTrace:linux_keycode:0x1c(DOWN),	protocol: .
11-06 20:46:50.120 D/NGBEvent( 2454): ngbEventCallBack type:0 source :4097
11-06 20:46:50.120 D/NGBEvent( 2454): [NGBEventManager-JNI]-returning:1
11-06 20:46:50.120 D/NGBEvent( 2454): Input key event: keyCode=4097
11-06 20:46:50.120 D/NGBEvent( 2454): src:4097 = dest:4097
11-06 20:46:50.120 I/System.out( 2454): [DEBUG EventManager] LWJ--Add event to java with evt=NgbEvent-[type = 1, subtype = 401, code = 4097]
11-06 20:46:50.120 D/NGBEvent( 2454): [NGBEvent_log]--[EventManager--JNI]:		start
11-06 20:46:50.120 I/System.out( 2454): [DEBUG EventManager] broadcastEvent  :len 1
11-06 20:46:50.120 D/CombineKeyUtil( 2454): [TN_pool-1-thread-1]dealKeyEvent,combineIndex:-1:keyCode:23
11-06 20:46:50.121 D/RemoteIME( 2316): onKeyDown event = KeyEvent { action=ACTION_DOWN, keyCode=KEYCODE_DPAD_CENTER, scanCode=28, metaState=0, flags=0x8, repeatCount=0, eventTime=46629, downTime=46629, deviceId=3, source=0x701 },mSkbContainer=null
11-06 20:46:50.121 D/KeyEventNgbDealer( 2454): [TN_pool-1-thread-1]handleKeyPressed keyEvent=NgbEvent-[type = 1, subtype = 401, code = 4097],time=46631
11-06 20:46:50.121 D/Main3DActivity( 2493): [TN_main]dispatchKeyEvent event=KeyEvent { action=ACTION_DOWN, keyCode=KEYCODE_DPAD_CENTER, scanCode=28, metaState=0, flags=0x8, repeatCount=0, eventTime=46629, downTime=46629, deviceId=3, source=0x701 },isEventAble=true
11-06 20:46:50.121 D/BasicRootView( 2493): [TN_main]dispatchKeyEvent event=KeyEvent { action=ACTION_DOWN, keyCode=KEYCODE_DPAD_CENTER, scanCode=28, metaState=0, flags=0x8, repeatCount=0, eventTime=46629, downTime=46629, deviceId=3, source=0x701 },curRootPanel=com.suma.midware.home.third.a.a@25f7f74e
11-06 20:46:50.121 D/GLRootRenderer( 2493): dispatchKeyEvent event:KeyEvent { action=ACTION_DOWN, keyCode=KEYCODE_DPAD_CENTER, scanCode=28, metaState=0, flags=0x8, repeatCount=0, eventTime=46629, downTime=46629, deviceId=3, source=0x701 }:lastKeyCode:22:lastKeyAction:0:lastkeycount:1:size:0
11-06 20:46:50.122 D/Scene   ( 2493): dispatchKeyEvent event:KeyEvent { action=ACTION_DOWN, keyCode=KEYCODE_DPAD_CENTER, scanCode=28, metaState=0, flags=0x8, repeatCount=0, eventTime=46629, downTime=46629, deviceId=3, source=0x701 }
11-06 20:46:50.122 D/Scene   ( 2493): dispatchKeyEvent currentFocus = com.suma.midware.view.b.c.c@1821ea6e
11-06 20:46:50.122 D/Scene   ( 2493): dispatchKeyEvent nextFocus:null
11-06 20:46:50.122 D/BasicFigure( 2493): [TN_GLThread 73]dealKeyEvent event=KeyEvent { action=ACTION_DOWN, keyCode=KEYCODE_DPAD_CENTER, scanCode=28, metaState=0, flags=0x8, repeatCount=0, eventTime=46629, downTime=46629, deviceId=3, source=0x701 }
11-06 20:46:50.123 D/BasicFigure( 2493): [TN_GLThread 73]onClick autoJumpType=-1,size=1,element=[BaseElement@1af2850f]focusScale[1.15]elementAlpha[-1.0]refectAlpha[-1.0]isFocusAble[true]shadowIndex[-1]autoJumpType[-1]uniqueID[33resSize5]rect[1582.0,3.0,180.0,134.0],figure=com.suma.midware.view.b.c.c@1821ea6e
11-06 20:46:50.123 D/AppUtil ( 2493): [TN_GLThread 73]convertLink link null
11-06 20:46:50.123 D/HomeConfig( 2493): [TN_GLThread 73]getUnableNote element=[BaseElement@1af2850f]focusScale[1.15]elementAlpha[-1.0]refectAlpha[-1.0]isFocusAble[true]shadowIndex[-1]autoJumpType[-1]uniqueID[33resSize5]rect[1582.0,3.0,180.0,134.0]
11-06 20:46:50.125 D/Main3DActivity( 2493): [TN_GLThread 73]startApp intent=Intent { act= cmp=com.suma.midware.setting/.main.SystemMainActivity },noteText=精彩无限，敬请期待,comp=ComponentInfo{com.suma.midware.setting/com.suma.midware.setting.main.SystemMainActivity}
11-06 20:46:50.125 I/ActivityManager( 2021): START u0 {act= cmp=com.suma.midware.setting/.main.SystemMainActivity} from uid 1000 on display 0
11-06 20:46:50.130 D/RemoteIME( 2316): RemoteIME--> onKeyUp keyCode = 23
11-06 20:46:50.130 D/Main3DActivity( 2493): [TN_main]dispatchKeyEvent event=KeyEvent { action=ACTION_UP, keyCode=KEYCODE_DPAD_CENTER, scanCode=28, metaState=0, flags=0x28, repeatCount=0, eventTime=46640, downTime=46629, deviceId=3, source=0x701 },isEventAble=true
11-06 20:46:50.130 V/WindowManager( 2021): addAppToken: AppWindowToken{7c763bc token=Token{318b93af ActivityRecord{14918f8e u0 com.suma.midware.setting/.main.SystemMainActivity t501}}} to stack=1 task=501 at 0
11-06 20:46:50.131 D/BaseApplication( 2493): [TN_main]onActivityPaused activity=com.suma.midware.home.third.Main3DActivity@46ab53e
11-06 20:46:50.131 D/Main3DActivity( 2493): [TN_main]onPause time=46641,appStartMode=1
11-06 20:46:50.131 D/GLRootView( 2493): doAction isPause:true:isCreated:true:isPaused:false
11-06 20:46:50.131 D/Main3DActivity( 2493): [TN_main]onPause time=46642,appStartMode=1,clsName=com.suma.midware.home.third.Main3DActivity
11-06 20:46:50.132 D/PlayExcuter( 2493): [TN_main]notifyPlay type=9,curType=-2,cancelType=2,cancelVideoType=1,isResetData=true,task=null,this.task=[PlayDirectTask@2d4695be]playTaskType[6]playType[0]playerType[-1]isEcmSet[true]playerIndex[0]tunerIndex[0]channel[[DirectChannel@32501b]channelID[0]oNetID[1]tsID[31]serviceID[3102]freq[371000]name[CCTV-1高清]serviceType[8]attr[16384]serialNum[1]serialNum4[1]pcrPID[49]refServiceID[-1]],indexs=null
11-06 20:46:50.132 D/PlayExcuter( 2493): [TN_main]releasePlayer curType=-2,cancelType=2,task=[PlayDirectTask@2d4695be]playTaskType[6]playType[0]playerType[-1]isEcmSet[true]playerIndex[0]tunerIndex[0]channel[[DirectChannel@32501b]channelID[0]oNetID[1]tsID[31]serviceID[3102]freq[371000]name[CCTV-1高清]serviceType[8]attr[16384]serialNum[1]serialNum4[1]pcrPID[49]refServiceID[-1]]
11-06 20:46:50.132 D/PlayNgbDealer( 2354): [TN_Binder_1]findPlayer index=0,findType=0,channelIndex=0
11-06 20:46:50.132 D/PlayNgbDealer( 2354): [TN_Binder_1]releasePlayer index=0,playerNum=1,videoType=1,isResetData=true,isCheckPID=false
11-06 20:46:50.132 E/TerminalHandler( 2354): [TN_Binder_1]removeTerminalListener illegal dealer=null,listener=com.suma.midware.back.play.i@31fa1c59:
11-06 20:46:50.132 D/Media   ( 2354): ^^^^player unregistPlayerListener.
11-06 20:46:50.132 V/SUMA    ( 1582): [NGBM] ngb_media_player_unreg enter !!! hplayer=0xff0000
11-06 20:46:50.132 V/SUMA    ( 1582): [NGBM] context_vplayer_ioctl leave. ret=0
11-06 20:46:50.132 V/SUMA    ( 1582): [NGBM] ngb_media_player_unreg leave hplayer=0xff0000 ret=0
11-06 20:46:50.132 D/Media   ( 2354): ^^^^unregister mediaplayer code=0
11-06 20:46:50.132 D/Media   ( 2354): ^^^^player deallocate.
11-06 20:46:50.132 V/SUMA    ( 2354): [ngbplayer-c][ngb_media_player_close 301]ngb_media_player_close
11-06 20:46:50.132 V/SUMA    ( 1582): [NGBM] ngb_media_player_close enter !!! hplayer=0xff0000
11-06 20:46:50.133 V/SUMA    ( 1582): [VPLAYER 0xabcd0000] vplayer_close() enter! hvplayer=0xb3099500
11-06 20:46:50.133 V/SUMA    ( 1582): [VPLAYER 0xabcd0000] vplayer_close() leave! hvplayer=0xb3099500
11-06 20:46:50.133 V/SUMA    ( 1582): [NGBM] ngb_media_player_close leave hplayer=0x00ff0000 ret=0
11-06 20:46:50.133 V/SUMA    ( 2354): [ngbplayer-c][ngb_media_player_close 310]client player release
11-06 20:46:50.133 D/PlayerManager( 2493): [TN_main]cancelPlayTask cancleType=2,cancelVideoType=1,isResetData=true,isCheckPID=false,state=0,indexs=null
11-06 20:46:50.133 D/SysEventHandler( 2354): [TN_Binder_4]removeEventListener binder=android.os.BinderProxy@1f7601e
11-06 20:46:50.133 D/DataBaseHandler( 2354): [TN_Binder_3]removeDataListener binder=android.os.BinderProxy@2ad140ff
11-06 20:46:50.134 D/PlayerHandler( 2354): [TN_Binder_2]removePlayListener binder=android.os.BinderProxy@1208ecc
11-06 20:46:50.138 D/Main3DActivity( 2493): [TN_main]onPause endTime=46649,appStartMode=-1
11-06 20:46:50.139 W/ContextImpl( 2493): Calling a method in the system process without a qualified user: android.app.ContextImpl.sendBroadcast:1345 android.content.ContextWrapper.sendBroadcast:377 android.app.ActivityThread.performPauseActivity:3259 android.app.ActivityThread.performPauseActivity:3225 android.app.ActivityThread.handlePauseActivity:3200 
11-06 20:46:50.141 D/BasicFigure( 2493): [TN_GLThread 73]isDrawFocused relyElement=[BaseElement@346a37d9]focusScale[1.15]elementAlpha[-1.0]refectAlpha[-1.0]isFocusAble[true]shadowIndex[-1]autoJumpType[-1]uniqueID[54resSize0]rect[NULL]
11-06 20:46:50.141 D/BasicFigure( 2493): [TN_GLThread 73]isDrawFocused basicFigure=com.suma.midware.view.b.c.c@3914159e
11-06 20:46:50.145 D/BasicRootPanel( 2493): [TN_GLThread 73]getTVFigure curBasicPanel=com.suma.midware.view.b.d.d@389bce67
11-06 20:46:50.145 D/FixedRes( 2493): [TN_GLThread 73]getTVNoteTexture tvNoteType=-1,tvNoteSubType=0
11-06 20:46:50.145 W/MenuUtil( 2493): [TN_GLThread 73]loadResTexture illegal value=null
11-06 20:46:50.145 D/TextureManager( 2493): deleteTexture key:系统无信号_36_-1_0_5.0_3.0_3.0_-7829368:textureID:89
11-06 20:46:50.148 D/BaseApplication( 2707): [TN_main]onActivityCreated activity=com.suma.midware.setting.main.SystemMainActivity@214a3984,savedInstanceState=null
11-06 20:46:50.156 D/BasicFigure( 2493): [TN_GLThread 73]isDrawFocused relyElement=[BaseElement@346a37d9]focusScale[1.15]elementAlpha[-1.0]refectAlpha[-1.0]isFocusAble[true]shadowIndex[-1]autoJumpType[-1]uniqueID[54resSize0]rect[NULL]
11-06 20:46:50.156 D/BasicFigure( 2493): [TN_GLThread 73]isDrawFocused basicFigure=com.suma.midware.view.b.c.c@3914159e
11-06 20:46:50.214 V/WindowManager( 2021): Adding window Window{1afe6e54 u0 Starting com.suma.midware.setting} at 5 of 10 (after Window{24072f92 u0 com.suma.midware.dvb/com.suma.midware.dvb.play.PlayActivity})
11-06 20:46:50.248 D/PropManager( 2707): [TN_main]init startTime=46758,isAsy=false,initState=2,versionTime=2017-07-18 15:30,verifyVersion=5.2
11-06 20:46:50.264 D/BaseApplication( 2707): [TN_main]onActivityStarted activity=com.suma.midware.setting.main.SystemMainActivity@214a3984
11-06 20:46:50.264 D/BaseApplication( 2707): [TN_main]onActivityResumed activity=com.suma.midware.setting.main.SystemMainActivity@214a3984
11-06 20:46:50.265 W/ContextImpl( 2707): Calling a method in the system process without a qualified user: android.app.ContextImpl.sendBroadcast:1345 android.content.ContextWrapper.sendBroadcast:377 android.app.ActivityThread.performResumeActivity:2982 android.app.ActivityThread.handleResumeActivity:3023 android.app.ActivityThread.handleLaunchActivity:2392 
11-06 20:46:50.268 D/OpenGLRenderer( 2707): Use EGL_SWAP_BEHAVIOR_PRESERVED: false
11-06 20:46:50.275 D/PlayExcuter( 2493): [TN_main]surfaceDestroyed surface=Surface(name=null)/@0x2940147c,rect=Rect(49, 141 - 498, 393),curSurface=Surface(name=null)/@0x2940147c,holder=android.view.SurfaceView$4@24c3325f
11-06 20:46:50.276 D/Atlas   ( 2707): Validating map...
11-06 20:46:50.279 V/WindowManager( 2021): Adding window Window{36cec69f u0 com.suma.midware.setting/com.suma.midware.setting.main.SystemMainActivity} at 5 of 11 (before Window{1afe6e54 u0 Starting com.suma.midware.setting})
11-06 20:46:50.309 I/OpenGLRenderer( 2707): Initialized EGL, version 1.4
11-06 20:46:50.309 D/OpenGLRenderer( 2707): Enabling debug mode 0
11-06 20:46:50.318 D/RemoteIME( 2316): onFinishInput.
11-06 20:46:50.318 D/RemoteIME( 2316): onStartInput  ccontentType: 0 Restarting:false
11-06 20:46:50.320 D/BackBootDealerNeimeng( 2354): standbyState:
11-06 20:46:50.321 E/NetUtils( 2021): Interface eth0 LinkDown!
11-06 20:46:50.328 V/PT      ( 1582): >>INFO:irkey_task:[      46.839147] /dev/input/event0: type=0001 code=001c val=00000000
11-06 20:46:50.328 V/PT      ( 1582): >>INFO:irkey_send:0x3001 0x1001 up  
11-06 20:46:50.328 V/SUMA    ( 1582): ++++++++++++++  _roc_evtmgr_key_cbk 517:input = 12289, event=4097, act=0x400
