11-06 20:46:50.328 V/SUMA    ( 1582): lxm:_roc_evtmgr_key_cbk 519 46839
11-06 20:46:50.328 V/SUMA    ( 1582): lxm:_roc_evtmgr_add_key_into_queue 311 46839
11-06 20:46:50.328 V/PT      ( 1582): >>INFO:irkey_task:[      46.839147] /dev/input/event0: type=0000 code=0000 val=00000000
11-06 20:46:50.328 V/SUMA    ( 1582): ===================>> type=0 src=0 evt=4097 act=0x400
11-06 20:46:50.328 V/SUMA    ( 1582): [sysset-s][event_manager_cbk 78]lxm cbid=1, cbk_reg=1, cpid=2454
11-06 20:46:50.328 D/NGBEvent( 2454): ngbEventCallBack type:0 source :4097
11-06 20:46:50.328 D/NGBEvent( 2454): [NGBEventManager-JNI]-returning:1
11-06 20:46:50.328 D/NGBEvent( 2454): Input key event: keyCode=4097
11-06 20:46:50.328 D/NGBEvent( 2454): src:4097 = dest:4097
11-06 20:46:50.328 D/ir_user ( 1586): PlayerTimeLineTrace:linux_keycode:0x1c(UP),	protocol: .
11-06 20:46:50.329 I/System.out( 2454): [DEBUG EventManager] LWJ--Add event to java with evt=NgbEvent-[type = 1, subtype = 402, code = 4097]
11-06 20:46:50.329 D/NGBEvent( 2454): [NGBEvent_log]--[EventManager--JNI]:		start
11-06 20:46:50.329 I/System.out( 2454): [DEBUG EventManager] broadcastEvent  :len 1
11-06 20:46:50.329 D/KeyEventNgbDealer( 2454): [TN_pool-1-thread-1]handleKeyReleased keyEvent=NgbEvent-[type = 1, subtype = 402, code = 4097],time=46839
11-06 20:46:50.375 I/ActivityManager( 2021): Displayed com.suma.midware.setting/.main.SystemMainActivity: +236ms
11-06 20:46:50.376 D/InputEventConsistencyVerifier( 2707): KeyEvent: ACTION_UP but key was not down.
11-06 20:46:50.376 D/InputEventConsistencyVerifier( 2707):   in android.view.ViewRootImpl@3b71f97f
11-06 20:46:50.376 D/InputEventConsistencyVerifier( 2707):   0: sent at 46839000000, KeyEvent { action=ACTION_UP, keyCode=KEYCODE_DPAD_CENTER, scanCode=28, metaState=0, flags=0x8, repeatCount=0, eventTime=46839, downTime=46629, deviceId=3, source=0x701 }
11-06 20:46:50.377 D/RemoteIME( 2316): RemoteIME--> onKeyUp keyCode = 23
11-06 20:46:50.821 D/BackBootDealerNeimeng( 2354): standbyState:
11-06 20:46:50.822 E/NetUtils( 2021): Interface eth0 LinkDown!
11-06 20:46:51.186 D/BasicFigure( 2493): [TN_GLThread 73]isDrawFocused relyElement=[BaseElement@346a37d9]focusScale[1.15]elementAlpha[-1.0]refectAlpha[-1.0]isFocusAble[true]shadowIndex[-1]autoJumpType[-1]uniqueID[54resSize0]rect[NULL]
11-06 20:46:51.186 D/BasicFigure( 2493): [TN_GLThread 73]isDrawFocused basicFigure=com.suma.midware.view.b.c.c@3914159e
11-06 20:46:51.197 V/PT      ( 1582): >>INFO:irkey_task:[      47.708286] /dev/input/event0: type=0001 code=001c val=00000001
11-06 20:46:51.197 V/PT      ( 1582): >>INFO:irkey_send:0x3001 0x1001 down
11-06 20:46:51.197 V/SUMA    ( 1582): ++++++++++++++  _roc_evtmgr_key_cbk 517:input = 12289, event=4097, act=0x100
11-06 20:46:51.197 V/SUMA    ( 1582): lxm:_roc_evtmgr_key_cbk 519 47708
11-06 20:46:51.197 V/SUMA    ( 1582): lxm:_roc_evtmgr_add_evt_into_queue 347 47708
11-06 20:46:51.197 V/SUMA    ( 1582): ===================>> type=0 src=0 evt=4097 act=0x100
11-06 20:46:51.197 V/PT      ( 1582): >>INFO:irkey_task:[      47.708286] /dev/input/event0: type=0000 code=0000 val=00000000
11-06 20:46:51.197 V/SUMA    ( 1582): [sysset-s][event_manager_cbk 78]lxm cbid=1, cbk_reg=1, cpid=2454
11-06 20:46:51.198 D/NGBEvent( 2454): ngbEventCallBack type:0 source :4097
11-06 20:46:51.198 D/NGBEvent( 2454): [NGBEventManager-JNI]-returning:1
11-06 20:46:51.198 D/NGBEvent( 2454): Input key event: keyCode=4097
11-06 20:46:51.198 D/NGBEvent( 2454): src:4097 = dest:4097
11-06 20:46:51.198 I/System.out( 2454): [DEBUG EventManager] LWJ--Add event to java with evt=NgbEvent-[type = 1, subtype = 401, code = 4097]
11-06 20:46:51.198 D/ir_user ( 1586): PlayerTimeLineTrace:linux_keycode:0x1c(DOWN),	protocol: .
11-06 20:46:51.198 D/NGBEvent( 2454): [NGBEvent_log]--[EventManager--JNI]:		start
11-06 20:46:51.198 I/System.out( 2454): [DEBUG EventManager] broadcastEvent  :len 1
11-06 20:46:51.198 D/CombineKeyUtil( 2454): [TN_pool-1-thread-1]dealKeyEvent,combineIndex:-1:keyCode:23
11-06 20:46:51.198 D/KeyEventNgbDealer( 2454): [TN_pool-1-thread-1]handleKeyPressed keyEvent=NgbEvent-[type = 1, subtype = 401, code = 4097],time=47709
11-06 20:46:51.199 D/RemoteIME( 2316): onKeyDown event = KeyEvent { action=ACTION_DOWN, keyCode=KEYCODE_DPAD_CENTER, scanCode=28, metaState=0, flags=0x8, repeatCount=0, eventTime=47708, downTime=47708, deviceId=3, source=0x701 },mSkbContainer=null
11-06 20:46:51.201 D/GLRootView( 2493): surfaceDestroyed holder:android.view.SurfaceView$4@31f20d02
11-06 20:46:51.210 D/BaseApplication( 2493): [TN_main]onActivitySaveInstanceState activity=com.suma.midware.home.third.Main3DActivity@46ab53e,outState=Bundle[{android:viewHierarchyState=Bundle[{android:views={16908290=android.view.AbsSavedState$1@95157d4, 2131427428=android.view.AbsSavedState$1@95157d4, 2131427429=android.view.AbsSavedState$1@95157d4, 2131427430=android.widget.ProgressBar$SavedState@1667699c, 2131427431=android.view.AbsSavedState$1@95157d4, 2131427432=android.view.AbsSavedState$1@95157d4, 2131427433=android.view.AbsSavedState$1@95157d4, 2131427447=android.view.AbsSavedState$1@95157d4, 2131427448=android.view.AbsSavedState$1@95157d4, 2131427449=android.widget.ProgressBar$SavedState@16ddafa5, 2131427450=android.view.AbsSavedState$1@95157d4, 2131427451=android.view.AbsSavedState$1@95157d4, 2131427452=android.view.AbsSavedState$1@95157d4, 2131427453=android.view.AbsSavedState$1@95157d4, 2131427454=android.view.AbsSavedState$1@95157d4, 2131427455=android.view.AbsSavedState$1@95157d4, 2131427456=android.view.AbsSavedState$1@95157d4, 2131427457=android.view.AbsSavedState$1@95157d4}}]}]
11-06 20:46:51.210 D/BaseApplication( 2493): [TN_main]onActivityStopped activity=com.suma.midware.home.third.Main3DActivity@46ab53e
11-06 20:46:51.211 D/HomeFlyWord( 2493): [TN_main]stopScrollView isReset=false
11-06 20:46:51.211 W/HomeFlyWord( 2493): [TN_main]stopScrollView scrollView null
11-06 20:46:51.211 D/Main3DActivity( 2493): [TN_main]onStop time=47721
11-06 20:46:51.211 D/BaseApplication( 2493): [TN_main]onTrimMemory level=80
11-06 20:46:51.322 D/BackBootDealerNeimeng( 2354): standbyState:
11-06 20:46:51.323 E/NetUtils( 2021): Interface eth0 LinkDown!
11-06 20:46:51.346 D/TaskPersister( 2021): removeObsoleteFile: deleting file=497_task.xml
11-06 20:46:51.346 D/TaskPersister( 2021): removeObsoleteFile: deleting file=497_task_thumbnail.png
11-06 20:46:51.407 V/PT      ( 1582): >>INFO:irkey_task:[      47.917640] /dev/input/event0: type=0001 code=001c val=00000000
11-06 20:46:51.407 V/PT      ( 1582): >>INFO:irkey_send:0x3001 0x1001 up  
11-06 20:46:51.407 V/SUMA    ( 1582): ++++++++++++++  _roc_evtmgr_key_cbk 517:input = 12289, event=4097, act=0x400
11-06 20:46:51.407 V/SUMA    ( 1582): lxm:_roc_evtmgr_key_cbk 519 47917
11-06 20:46:51.407 V/SUMA    ( 1582): lxm:_roc_evtmgr_add_key_into_queue 311 47917
11-06 20:46:51.407 V/PT      ( 1582): >>INFO:irkey_task:[      47.917640] /dev/input/event0: type=0000 code=0000 val=00000000
11-06 20:46:51.407 V/SUMA    ( 1582): ===================>> type=0 src=0 evt=4097 act=0x400
11-06 20:46:51.407 V/SUMA    ( 1582): [sysset-s][event_manager_cbk 78]lxm cbid=1, cbk_reg=1, cpid=2454
11-06 20:46:51.407 D/NGBEvent( 2454): ngbEventCallBack type:0 source :4097
11-06 20:46:51.407 D/NGBEvent( 2454): [NGBEventManager-JNI]-returning:1
11-06 20:46:51.407 D/NGBEvent( 2454): Input key event: keyCode=4097
11-06 20:46:51.407 D/NGBEvent( 2454): src:4097 = dest:4097
11-06 20:46:51.407 D/ir_user ( 1586): PlayerTimeLineTrace:linux_keycode:0x1c(UP),	protocol: .
11-06 20:46:51.407 I/System.out( 2454): [DEBUG EventManager] LWJ--Add event to java with evt=NgbEvent-[type = 1, subtype = 402, code = 4097]
11-06 20:46:51.407 D/NGBEvent( 2454): [NGBEvent_log]--[EventManager--JNI]:		start
11-06 20:46:51.407 I/System.out( 2454): [DEBUG EventManager] broadcastEvent  :len 1
11-06 20:46:51.407 D/KeyEventNgbDealer( 2454): [TN_pool-1-thread-1]handleKeyReleased keyEvent=NgbEvent-[type = 1, subtype = 402, code = 4097],time=47918
11-06 20:46:51.407 D/RemoteIME( 2316): RemoteIME--> onKeyUp keyCode = 23
11-06 20:46:51.410 I/ActivityManager( 2021): START u0 {cmp=com.suma.midware.setting/.net.NetMainActivity} from uid 1000 on display 0
11-06 20:46:51.412 V/WindowManager( 2021): addAppToken: AppWindowToken{23cba2d8 token=Token{8632dbb ActivityRecord{3cb65a4a u0 com.suma.midware.setting/.net.NetMainActivity t501}}} to stack=1 task=501 at 1
11-06 20:46:51.413 E/AudioPolicyManager( 1569): AudioPolicyManagerBase::checkAndSetVolume index=0 ro.suma.vol=0,10,18,26,34,42,49,56,63,70,76,82,88,93,97,100 valid vol[index]=0
11-06 20:46:51.413 E/AudioPolicyManager( 1569): AudioPolicyManagerBase::checkAndSetVolume9 0,0.000000
11-06 20:46:51.414 D/BaseApplication( 2707): [TN_main]onActivityPaused activity=com.suma.midware.setting.main.SystemMainActivity@214a3984
11-06 20:46:51.415 W/ContextImpl( 2707): Calling a method in the system process without a qualified user: android.app.ContextImpl.sendBroadcast:1345 android.content.ContextWrapper.sendBroadcast:377 android.app.ActivityThread.performPauseActivity:3259 android.app.ActivityThread.performPauseActivity:3225 android.app.ActivityThread.handlePauseActivity:3200 
11-06 20:46:51.420 D/BaseApplication( 2707): [TN_main]onActivityCreated activity=com.suma.midware.setting.net.NetMainActivity@3ddc238,savedInstanceState=null
11-06 20:46:51.422 D/audio_hal( 1569): out_set_parameters kvpairs = routing=2
11-06 20:46:51.422 D/audio_hal( 1569): func:out_set_parameters, 2 ---> HISI_AO_CARD_ID(0, 0) 
11-06 20:46:51.422 E/AudioPolicyManager( 1569): AudioPolicyManagerBase::checkAndSetVolume index=0 ro.suma.vol=0,10,18,26,34,42,49,56,63,70,76,82,88,93,97,100 valid vol[index]=0
11-06 20:46:51.422 E/AudioPolicyManager( 1569): AudioPolicyManagerBase::checkAndSetVolume0 0,0.000000
11-06 20:46:51.422 E/AudioPolicyManager( 1569): AudioPolicyManagerBase::checkAndSetVolume index=1 ro.suma.vol=0,10,18,26,34,42,49,56,63,70,76,82,88,93,97,100 valid vol[index]=10
11-06 20:46:51.422 E/AudioPolicyManager( 1569): AudioPolicyManagerBase::checkAndSetVolume1 1,0.100000
11-06 20:46:51.422 E/AudioPolicyManager( 1569): AudioPolicyManagerBase::checkAndSetVolume index=1 ro.suma.vol=0,10,18,26,34,42,49,56,63,70,76,82,88,93,97,100 valid vol[index]=10
11-06 20:46:51.422 E/AudioPolicyManager( 1569): AudioPolicyManagerBase::checkAndSetVolume2 1,0.100000
11-06 20:46:51.422 E/AudioPolicyManager( 1569): AudioPolicyManagerBase::checkAndSetVolume index=1 ro.suma.vol=0,10,18,26,34,42,49,56,63,70,76,82,88,93,97,100 valid vol[index]=10
11-06 20:46:51.422 E/AudioPolicyManager( 1569): AudioPolicyManagerBase::checkAndSetVolume3 1,0.100000
11-06 20:46:51.422 E/AudioPolicyManager( 1569): sysVol = 10
11-06 20:46:51.422 E/AudioPolicyManager( 1569): volArr = 10
11-06 20:46:51.428 E/AudioPolicyManager( 1569): AudioPolicyManagerBase::checkAndSetVolume index=1 ro.suma.vol=0,10,18,26,34,42,49,56,63,70,76,82,88,93,97,100 valid vol[index]=10
11-06 20:46:51.428 E/AudioPolicyManager( 1569): AudioPolicyManagerBase::checkAndSetVolume4 1,0.100000
11-06 20:46:51.428 E/AudioPolicyManager( 1569): AudioPolicyManagerBase::checkAndSetVolume index=1 ro.suma.vol=0,10,18,26,34,42,49,56,63,70,76,82,88,93,97,100 valid vol[index]=10
11-06 20:46:51.428 E/AudioPolicyManager( 1569): AudioPolicyManagerBase::checkAndSetVolume5 1,0.100000
11-06 20:46:51.428 E/AudioPolicyManager( 1569): AudioPolicyManagerBase::checkAndSetVolume index=1 ro.suma.vol=0,10,18,26,34,42,49,56,63,70,76,82,88,93,97,100 valid vol[index]=10
11-06 20:46:51.428 E/AudioPolicyManager( 1569): AudioPolicyManagerBase::checkAndSetVolume7 1,0.100000
11-06 20:46:51.428 E/AudioPolicyManager( 1569): AudioPolicyManagerBase::checkAndSetVolume index=1 ro.suma.vol=0,10,18,26,34,42,49,56,63,70,76,82,88,93,97,100 valid vol[index]=10
11-06 20:46:51.428 E/AudioPolicyManager( 1569): AudioPolicyManagerBase::checkAndSetVolume8 1,0.100000
11-06 20:46:51.428 E/AudioPolicyManager( 1569): AudioPolicyManagerBase::checkAndSetVolume index=1 ro.suma.vol=0,10,18,26,34,42,49,56,63,70,76,82,88,93,97,100 valid vol[index]=10
11-06 20:46:51.428 E/AudioPolicyManager( 1569): AudioPolicyManagerBase::checkAndSetVolume10 1,0.100000
11-06 20:46:51.428 E/AudioPolicyManager( 1569): AudioPolicyManagerBase::checkAndSetVolume index=0 ro.suma.vol=0,10,18,26,34,42,49,56,63,70,76,82,88,93,97,100 valid vol[index]=0
11-06 20:46:51.428 E/AudioPolicyManager( 1569): AudioPolicyManagerBase::checkAndSetVolume11 0,0.000000
11-06 20:46:51.428 E/AudioPolicyManager( 1569): AudioPolicyManagerBase::checkAndSetVolume index=1 ro.suma.vol=0,10,18,26,34,42,49,56,63,70,76,82,88,93,97,100 valid vol[index]=10
11-06 20:46:51.428 E/AudioPolicyManager( 1569): AudioPolicyManagerBase::checkAndSetVolume1 1,0.100000
11-06 20:46:51.492 D/BaseApplication( 2707): [TN_main]onActivityStarted activity=com.suma.midware.setting.net.NetMainActivity@3ddc238
11-06 20:46:51.492 D/BaseApplication( 2707): [TN_main]onActivityResumed activity=com.suma.midware.setting.net.NetMainActivity@3ddc238
11-06 20:46:51.493 E/NetUtils( 2021): Interface eth0 LinkDown!
11-06 20:46:51.499 E/StringUtil( 2707): [TN_main]getIntValue illegal str="Xiaomi_D52C",defaultValue=-1
11-06 20:46:51.500 E/StringUtil( 2707): [TN_main]getIntValue illegal str="360",defaultValue=-1
11-06 20:46:51.500 E/StringUtil( 2707): [TN_main]getIntValue illegal str="ipanel",defaultValue=-1
11-06 20:46:51.500 E/StringUtil( 2707): [TN_main]getIntValue illegal str="Homeinns",defaultValue=-1
11-06 20:46:51.500 E/StringUtil( 2707): [TN_main]getIntValue illegal str="Xiaomi_D52C",defaultValue=-1
11-06 20:46:51.509 E/ClassUtil( 2707): [TN_main]getField ipAssignment java.lang.NoSuchFieldException
11-06 20:46:51.509 E/StringUtil( 2707): [TN_main]getIntValue illegal str="Xiaomi_D52C",defaultValue=-1
11-06 20:46:51.511 D/NetMainActivity( 2707): onResume focusView:null
11-06 20:46:51.511 W/ContextImpl( 2707): Calling a method in the system process without a qualified user: android.app.ContextImpl.sendBroadcast:1345 android.content.ContextWrapper.sendBroadcast:377 android.app.ActivityThread.performResumeActivity:2982 android.app.ActivityThread.handleResumeActivity:3023 android.app.ActivityThread.handleLaunchActivity:2392 
11-06 20:46:51.513 V/WindowManager( 2021): Adding window Window{cd5246d u0 com.suma.midware.setting/com.suma.midware.setting.net.NetMainActivity} at 6 of 11 (after Window{36cec69f u0 com.suma.midware.setting/com.suma.midware.setting.main.SystemMainActivity})
11-06 20:46:51.561 D/SystemListItem( 2707): onFocusChangecom.suma.midware.setting.util.SystemListItem{16ffa5e3 VFE...C. .F....ID 194,100-1086,165 #7f0b006c app:id/setting_net_connect_in_wireless}:itemID:65536:arg1:true
11-06 20:46:51.579 I/ActivityManager( 2021): Displayed com.suma.midware.setting/.net.NetMainActivity: +163ms
11-06 20:46:51.579 D/RemoteIME( 2316): onFinishInput.
11-06 20:46:51.579 D/RemoteIME( 2316): onStartInput  ccontentType: 0 Restarting:false
11-06 20:46:51.675 D/audio_hal( 1569): pcm_open card:device(hw:0:0) flags(0x8) out(0xb5077280)
11-06 20:46:51.792 D/BaseApplication( 2707): [TN_main]onActivitySaveInstanceState activity=com.suma.midware.setting.main.SystemMainActivity@214a3984,outState=Bundle[{android:viewHierarchyState=Bundle[{android:views={16908290=android.view.AbsSavedState$1@1dfcbd3f, 2131427401=android.view.AbsSavedState$1@1dfcbd3f, 2131427402=android.view.AbsSavedState$1@1dfcbd3f, 2131427403=android.view.AbsSavedState$1@1dfcbd3f, 2131427404=android.view.AbsSavedState$1@1dfcbd3f, 2131427405=android.view.AbsSavedState$1@1dfcbd3f, 2131427406=android.view.AbsSavedState$1@1dfcbd3f, 2131427407=android.view.AbsSavedState$1@1dfcbd3f, 2131427408=android.view.AbsSavedState$1@1dfcbd3f, 2131427409=android.view.AbsSavedState$1@1dfcbd3f}, android:focusedViewId=2131427404}]}]
11-06 20:46:51.792 D/BaseApplication( 2707): [TN_main]onActivityStopped activity=com.suma.midware.setting.main.SystemMainActivity@214a3984
11-06 20:46:51.804 D/audio_hal( 1569): out_get_latency: out(0xb5077280) latency=20
11-06 20:46:51.823 D/BackBootDealerNeimeng( 2354): standbyState:
11-06 20:46:51.824 E/NetUtils( 2021): Interface eth0 LinkDown!
11-06 20:46:51.824 D/audio_hal( 1569): out_get_latency: out(0xb5077280) latency=20
11-06 20:46:51.859 W/ContextImpl( 2354): Calling a method in the system process without a qualified user: android.app.ContextImpl.sendBroadcast:1345 android.content.ContextWrapper.sendBroadcast:377 com.suma.midware.back.esg.e.f:-1 com.suma.midware.back.esg.f.run:-1 com.suma.midware.prop.util.c.run:-1 
11-06 20:46:52.324 D/BackBootDealerNeimeng( 2354): standbyState:
11-06 20:46:52.326 E/NetUtils( 2021): Interface eth0 LinkDown!
11-06 20:46:52.826 D/BackBootDealerNeimeng( 2354): standbyState:
11-06 20:46:52.827 E/NetUtils( 2021): Interface eth0 LinkDown!
11-06 20:46:52.862 W/ContextImpl( 2354): Calling a method in the system process without a qualified user: android.app.ContextImpl.sendBroadcast:1345 android.content.ContextWrapper.sendBroadcast:377 com.suma.midware.back.esg.e.f:-1 com.suma.midware.back.esg.f.run:-1 com.suma.midware.prop.util.c.run:-1 
11-06 20:46:53.327 D/BackBootDealerNeimeng( 2354): standbyState:
11-06 20:46:53.328 E/NetUtils( 2021): Interface eth0 LinkDown!
11-06 20:46:53.413 V/PT      ( 1582): >>INFO:irkey_task:[      49.923875] /dev/input/event0: type=0001 code=0067 val=00000001
11-06 20:46:53.413 V/PT      ( 1582): >>INFO:irkey_send:0x3001 0x0026 down
11-06 20:46:53.413 V/SUMA    ( 1582): ++++++++++++++  _roc_evtmgr_key_cbk 517:input = 12289, event=38, act=0x100
11-06 20:46:53.413 V/SUMA    ( 1582): lxm:_roc_evtmgr_key_cbk 519 49924
11-06 20:46:53.413 V/SUMA    ( 1582): lxm:_roc_evtmgr_add_evt_into_queue 347 49924
11-06 20:46:53.413 V/SUMA    ( 1582): ===================>> type=0 src=0 evt=38 act=0x100
11-06 20:46:53.413 V/PT      ( 1582): >>INFO:irkey_task:[      49.923875] /dev/input/event0: type=0000 code=0000 val=00000000
11-06 20:46:53.414 V/SUMA    ( 1582): [sysset-s][event_manager_cbk 78]lxm cbid=1, cbk_reg=1, cpid=2454
11-06 20:46:53.414 D/NGBEvent( 2454): ngbEventCallBack type:0 source :38
11-06 20:46:53.414 D/NGBEvent( 2454): [NGBEventManager-JNI]-returning:1
11-06 20:46:53.414 D/ir_user ( 1586): PlayerTimeLineTrace:linux_keycode:0x67(DOWN),	protocol: .
11-06 20:46:53.414 D/NGBEvent( 2454): Input key event: keyCode=38
11-06 20:46:53.414 D/NGBEvent( 2454): src:38 = dest:38
11-06 20:46:53.414 I/System.out( 2454): [DEBUG EventManager] LWJ--Add event to java with evt=NgbEvent-[type = 1, subtype = 401, code = 38]
11-06 20:46:53.414 D/NGBEvent( 2454): [NGBEvent_log]--[EventManager--JNI]:		start
11-06 20:46:53.414 I/System.out( 2454): [DEBUG EventManager] broadcastEvent  :len 1
11-06 20:46:53.415 D/CombineKeyUtil( 2454): [TN_pool-1-thread-1]dealKeyEvent,combineIndex:-1:keyCode:19
11-06 20:46:53.415 D/KeyEventNgbDealer( 2454): [TN_pool-1-thread-1]handleKeyPressed keyEvent=NgbEvent-[type = 1, subtype = 401, code = 38],time=49925
11-06 20:46:53.415 D/RemoteIME( 2316): onKeyDown event = KeyEvent { action=ACTION_DOWN, keyCode=KEYCODE_DPAD_UP, scanCode=103, metaState=0, flags=0x8, repeatCount=0, eventTime=49923, downTime=49923, deviceId=3, source=0x701 },mSkbContainer=null
11-06 20:46:53.416 D/BaseActivity( 2707): dealKeyEvent,baseItem:com.suma.midware.setting.util.SystemListItem{16ffa5e3 VFE...C. .F...... 194,100-1086,165 #7f0b006c app:id/setting_net_connect_in_wireless}:itemID:65536:event:KeyEvent { action=ACTION_DOWN, keyCode=KEYCODE_DPAD_UP, scanCode=103, metaState=0, flags=0x8, repeatCount=0, eventTime=49923, downTime=49923, deviceId=3, source=0x701 }
11-06 20:46:53.512 E/NetUtils( 2021): Interface eth0 LinkDown!
11-06 20:46:53.512 D/NetMainActivity( 2707): processNetCheck netState:0:newState:0
11-06 20:46:53.622 V/PT      ( 1582): >>INFO:irkey_task:[      50.133205] /dev/input/event0: type=0001 code=0067 val=00000000
11-06 20:46:53.622 V/PT      ( 1582): >>INFO:irkey_send:0x3001 0x0026 up  
11-06 20:46:53.622 D/ir_user ( 1586): PlayerTimeLineTrace:linux_keycode:0x67(UP),	protocol: .
11-06 20:46:53.622 V/SUMA    ( 1582): ++++++++++++++  _roc_evtmgr_key_cbk 517:input = 12289, event=38, act=0x400
11-06 20:46:53.622 V/SUMA    ( 1582): lxm:_roc_evtmgr_key_cbk 519 50133
11-06 20:46:53.622 V/SUMA    ( 1582): lxm:_roc_evtmgr_add_key_into_queue 311 50133
11-06 20:46:53.623 V/PT      ( 1582): >>INFO:irkey_task:[      50.133205] /dev/input/event0: type=0000 code=0000 val=00000000
11-06 20:46:53.623 V/SUMA    ( 1582): ===================>> type=0 src=0 evt=38 act=0x400
11-06 20:46:53.623 V/SUMA    ( 1582): [sysset-s][event_manager_cbk 78]lxm cbid=1, cbk_reg=1, cpid=2454
11-06 20:46:53.623 D/NGBEvent( 2454): ngbEventCallBack type:0 source :38
11-06 20:46:53.623 D/NGBEvent( 2454): [NGBEventManager-JNI]-returning:1
11-06 20:46:53.623 D/NGBEvent( 2454): Input key event: keyCode=38
11-06 20:46:53.623 D/NGBEvent( 2454): src:38 = dest:38
11-06 20:46:53.623 I/System.out( 2454): [DEBUG EventManager] LWJ--Add event to java with evt=NgbEvent-[type = 1, subtype = 402, code = 38]
11-06 20:46:53.624 D/RemoteIME( 2316): RemoteIME--> onKeyUp keyCode = 19
11-06 20:46:53.624 D/NGBEvent( 2454): [NGBEvent_log]--[EventManager--JNI]:		start
11-06 20:46:53.624 I/System.out( 2454): [DEBUG EventManager] broadcastEvent  :len 1
11-06 20:46:53.624 D/KeyEventNgbDealer( 2454): [TN_pool-1-thread-1]handleKeyReleased keyEvent=NgbEvent-[type = 1, subtype = 402, code = 38],time=50134
11-06 20:46:53.624 D/BaseActivity( 2707): dealKeyEvent,baseItem:com.suma.midware.setting.util.SystemListItem{16ffa5e3 VFE...C. .F...... 194,100-1086,165 #7f0b006c app:id/setting_net_connect_in_wireless}:itemID:65536:event:KeyEvent { action=ACTION_UP, keyCode=KEYCODE_DPAD_UP, scanCode=103, metaState=0, flags=0x8, repeatCount=0, eventTime=50133, downTime=49923, deviceId=3, source=0x701 }
11-06 20:46:53.828 D/BackBootDealerNeimeng( 2354): standbyState:
11-06 20:46:53.829 E/NetUtils( 2021): Interface eth0 LinkDown!
11-06 20:46:54.152 D/ir_user ( 1586): PlayerTimeLineTrace:linux_keycode:0x6c(DOWN),	protocol: .
11-06 20:46:54.152 V/PT      ( 1582): >>INFO:irkey_task:[      50.663338] /dev/input/event0: type=0001 code=006c val=00000001
11-06 20:46:54.152 V/PT      ( 1582): >>INFO:irkey_send:0x3001 0x0028 down
11-06 20:46:54.152 V/SUMA    ( 1582): ++++++++++++++  _roc_evtmgr_key_cbk 517:input = 12289, event=40, act=0x100
11-06 20:46:54.153 V/SUMA    ( 1582): lxm:_roc_evtmgr_key_cbk 519 50663
11-06 20:46:54.153 V/SUMA    ( 1582): lxm:_roc_evtmgr_add_evt_into_queue 347 50663
11-06 20:46:54.153 V/SUMA    ( 1582): ===================>> type=0 src=0 evt=40 act=0x100
11-06 20:46:54.153 V/PT      ( 1582): >>INFO:irkey_task:[      50.663338] /dev/input/event0: type=0000 code=0000 val=00000000
11-06 20:46:54.153 V/SUMA    ( 1582): [sysset-s][event_manager_cbk 78]lxm cbid=1, cbk_reg=1, cpid=2454
11-06 20:46:54.153 D/NGBEvent( 2454): ngbEventCallBack type:0 source :40
11-06 20:46:54.153 D/NGBEvent( 2454): [NGBEventManager-JNI]-returning:1
11-06 20:46:54.153 D/NGBEvent( 2454): Input key event: keyCode=40
11-06 20:46:54.153 D/NGBEvent( 2454): src:40 = dest:40
11-06 20:46:54.153 I/System.out( 2454): [DEBUG EventManager] LWJ--Add event to java with evt=NgbEvent-[type = 1, subtype = 401, code = 40]
11-06 20:46:54.154 D/NGBEvent( 2454): [NGBEvent_log]--[EventManager--JNI]:		start
11-06 20:46:54.154 I/System.out( 2454): [DEBUG EventManager] broadcastEvent  :len 1
11-06 20:46:54.154 D/CombineKeyUtil( 2454): [TN_pool-1-thread-1]dealKeyEvent,combineIndex:-1:keyCode:20
11-06 20:46:54.154 D/KeyEventNgbDealer( 2454): [TN_pool-1-thread-1]handleKeyPressed keyEvent=NgbEvent-[type = 1, subtype = 401, code = 40],time=50665
11-06 20:46:54.154 D/RemoteIME( 2316): onKeyDown event = KeyEvent { action=ACTION_DOWN, keyCode=KEYCODE_DPAD_DOWN, scanCode=108, metaState=0, flags=0x8, repeatCount=0, eventTime=50663, downTime=50663, deviceId=3, source=0x701 },mSkbContainer=null
11-06 20:46:54.155 D/BaseActivity( 2707): dealKeyEvent,baseItem:com.suma.midware.setting.util.SystemListItem{16ffa5e3 VFE...C. .F...... 194,100-1086,165 #7f0b006c app:id/setting_net_connect_in_wireless}:itemID:65536:event:KeyEvent { action=ACTION_DOWN, keyCode=KEYCODE_DPAD_DOWN, scanCode=108, metaState=0, flags=0x8, repeatCount=0, eventTime=50663, downTime=50663, deviceId=3, source=0x701 }
11-06 20:46:54.155 D/SystemListItem( 2707): onFocusChangecom.suma.midware.setting.util.SystemListItem{16ffa5e3 VFE...C. ......ID 194,100-1086,165 #7f0b006c app:id/setting_net_connect_in_wireless}:itemID:65536:arg1:false
11-06 20:46:54.157 D/SystemListItem( 2707): onFocusChangecom.suma.midware.setting.util.SystemListItem{23fff60c VFE...C. .F....ID 194,165-1086,230 #7f0b006d app:id/setting_net_connect_in_eth}:itemID:65537:arg1:true
11-06 20:46:54.161 D/RemoteIME( 2316): onFinishInput.
11-06 20:46:54.161 D/RemoteIME( 2316): onStartInput  ccontentType: 0 Restarting:false
11-06 20:46:54.330 D/BackBootDealerNeimeng( 2354): standbyState:
11-06 20:46:54.331 E/NetUtils( 2021): Interface eth0 LinkDown!
11-06 20:46:54.420 D/ir_user ( 1586): PlayerTimeLineTrace:linux_keycode:0x6c(HOLD),	protocol: .
11-06 20:46:54.636 D/ir_user ( 1586): PlayerTimeLineTrace:linux_keycode:0x6c(HOLD),	protocol: .
11-06 20:46:54.654 D/RemoteIME( 2316): onKeyDown event = KeyEvent { action=ACTION_DOWN, keyCode=KEYCODE_DPAD_DOWN, scanCode=108, metaState=0, flags=0x88, repeatCount=1, eventTime=51164, downTime=50663, deviceId=3, source=0x701 },mSkbContainer=null
11-06 20:46:54.654 D/BaseActivity( 2707): dealKeyEvent,baseItem:com.suma.midware.setting.util.SystemListItem{23fff60c VFE...C. .F...... 194,165-1086,230 #7f0b006d app:id/setting_net_connect_in_eth}:itemID:65537:event:KeyEvent { action=ACTION_DOWN, keyCode=KEYCODE_DPAD_DOWN, scanCode=108, metaState=0, flags=0x88, repeatCount=1, eventTime=51164, downTime=50663, deviceId=3, source=0x701 }
11-06 20:46:54.655 D/SystemListItem( 2707): onFocusChangecom.suma.midware.setting.util.SystemListItem{23fff60c VFE...C. ......ID 194,165-1086,230 #7f0b006d app:id/setting_net_connect_in_eth}:itemID:65537:arg1:false
11-06 20:46:54.655 D/SystemListItem( 2707): onFocusChangecom.suma.midware.setting.util.SystemListItem{2a3b9b55 VFE...C. .F....ID 194,312-1086,377 #7f0b0070 app:id/setting_net_hotpot_set}:itemID:65539:arg1:true
11-06 20:46:54.657 D/RemoteIME( 2316): onFinishInput.
11-06 20:46:54.657 D/RemoteIME( 2316): onStartInput  ccontentType: 0 Restarting:false
11-06 20:46:54.703 V/PT      ( 1582): >>INFO:irkey_send:0x3001 0x0028 down
11-06 20:46:54.703 V/SUMA    ( 1582): ++++++++++++++  _roc_evtmgr_key_cbk 517:input = 12289, event=40, act=0x100
11-06 20:46:54.703 V/SUMA    ( 1582): lxm:_roc_evtmgr_key_cbk 519 51214
11-06 20:46:54.703 V/SUMA    ( 1582): lxm:_roc_evtmgr_add_evt_into_queue 347 51214
11-06 20:46:54.703 V/SUMA    ( 1582): ===================>> type=0 src=0 evt=40 act=0x100
11-06 20:46:54.704 V/SUMA    ( 1582): [sysset-s][event_manager_cbk 78]lxm cbid=1, cbk_reg=1, cpid=2454
11-06 20:46:54.704 D/NGBEvent( 2454): ngbEventCallBack type:0 source :40
11-06 20:46:54.704 D/NGBEvent( 2454): [NGBEventManager-JNI]-returning:1
11-06 20:46:54.704 D/NGBEvent( 2454): Input key event: keyCode=40
11-06 20:46:54.704 D/NGBEvent( 2454): src:40 = dest:40
11-06 20:46:54.704 I/System.out( 2454): [DEBUG EventManager] LWJ--Add event to java with evt=NgbEvent-[type = 1, subtype = 401, code = 40]
11-06 20:46:54.704 D/NGBEvent( 2454): [NGBEvent_log]--[EventManager--JNI]:		start
11-06 20:46:54.704 I/System.out( 2454): [DEBUG EventManager] broadcastEvent  :len 1
11-06 20:46:54.704 D/CombineKeyUtil( 2454): [TN_pool-1-thread-1]dealKeyEvent,combineIndex:-1:keyCode:20
11-06 20:46:54.705 D/KeyEventNgbDealer( 2454): [TN_pool-1-thread-1]handleKeyPressed keyEvent=NgbEvent-[type = 1, subtype = 401, code = 40],time=51215
11-06 20:46:54.705 D/RemoteIME( 2316): onKeyDown event = KeyEvent { action=ACTION_DOWN, keyCode=KEYCODE_DPAD_DOWN, scanCode=108, metaState=0, flags=0x8, repeatCount=2, eventTime=51215, downTime=50663, deviceId=3, source=0x701 },mSkbContainer=null
11-06 20:46:54.706 D/BaseActivity( 2707): dealKeyEvent,baseItem:com.suma.midware.setting.util.SystemListItem{2a3b9b55 VFE...C. .F....I. 194,312-1086,377 #7f0b0070 app:id/setting_net_hotpot_set}:itemID:65539:event:KeyEvent { action=ACTION_DOWN, keyCode=KEYCODE_DPAD_DOWN, scanCode=108, metaState=0, flags=0x8, repeatCount=2, eventTime=51215, downTime=50663, deviceId=3, source=0x701 }
11-06 20:46:54.706 D/SystemListItem( 2707): onFocusChangecom.suma.midware.setting.util.SystemListItem{2a3b9b55 VFE...C. ......ID 194,312-1086,377 #7f0b0070 app:id/setting_net_hotpot_set}:itemID:65539:arg1:false
11-06 20:46:54.707 D/SystemListItem( 2707): onFocusChangecom.suma.midware.setting.util.SystemListItem{1d73396a VFE...C. .F....ID 194,377-1086,442 #7f0b0071 app:id/setting_net_wifi_mode}:itemID:65540:arg1:true
11-06 20:46:54.713 D/RemoteIME( 2316): onFinishInput.
11-06 20:46:54.714 D/RemoteIME( 2316): onStartInput  ccontentType: 0 Restarting:false
11-06 20:46:54.755 D/RemoteIME( 2316): onKeyDown event = KeyEvent { action=ACTION_DOWN, keyCode=KEYCODE_DPAD_DOWN, scanCode=108, metaState=0, flags=0x8, repeatCount=3, eventTime=51265, downTime=50663, deviceId=3, source=0x701 },mSkbContainer=null
11-06 20:46:54.755 D/BaseActivity( 2707): dealKeyEvent,baseItem:com.suma.midware.setting.util.SystemListItem{1d73396a VFE...C. .F....I. 194,377-1086,442 #7f0b0071 app:id/setting_net_wifi_mode}:itemID:65540:event:KeyEvent { action=ACTION_DOWN, keyCode=KEYCODE_DPAD_DOWN, scanCode=108, metaState=0, flags=0x8, repeatCount=3, eventTime=51265, downTime=50663, deviceId=3, source=0x701 }
11-06 20:46:54.755 D/SystemListItem( 2707): onFocusChangecom.suma.midware.setting.util.SystemListItem{1d73396a VFE...C. ......ID 194,377-1086,442 #7f0b0071 app:id/setting_net_wifi_mode}:itemID:65540:arg1:false
11-06 20:46:54.755 D/SystemListItem( 2707): onFocusChangecom.suma.midware.setting.util.SystemListItem{3789ee5b VFE...C. .F....ID 194,442-1086,507 #7f0b0072 app:id/setting_net_hotpot_resume}:itemID:65541:arg1:true
11-06 20:46:54.758 D/RemoteIME( 2316): onFinishInput.
11-06 20:46:54.758 D/RemoteIME( 2316): onStartInput  ccontentType: 0 Restarting:false
11-06 20:46:54.805 D/RemoteIME( 2316): onKeyDown event = KeyEvent { action=ACTION_DOWN, keyCode=KEYCODE_DPAD_DOWN, scanCode=108, metaState=0, flags=0x8, repeatCount=4, eventTime=51315, downTime=50663, deviceId=3, source=0x701 },mSkbContainer=null
11-06 20:46:54.805 D/BaseActivity( 2707): dealKeyEvent,baseItem:com.suma.midware.setting.util.SystemListItem{3789ee5b VFE...C. .F....I. 194,442-1086,507 #7f0b0072 app:id/setting_net_hotpot_resume}:itemID:65541:event:KeyEvent { action=ACTION_DOWN, keyCode=KEYCODE_DPAD_DOWN, scanCode=108, metaState=0, flags=0x8, repeatCount=4, eventTime=51315, downTime=50663, deviceId=3, source=0x701 }
11-06 20:46:54.806 D/SystemListItem( 2707): onFocusChangecom.suma.midware.setting.util.SystemListItem{3789ee5b VFE...C. ......ID 194,442-1086,507 #7f0b0072 app:id/setting_net_hotpot_resume}:itemID:65541:arg1:false
11-06 20:46:54.806 D/SystemListItem( 2707): onFocusChangecom.suma.midware.setting.util.SystemListItem{21bc66f8 VFE...C. .F....ID 194,589-1086,654 #7f0b0074 app:id/setting_net_ping}:itemID:65542:arg1:true
11-06 20:46:54.808 D/RemoteIME( 2316): onFinishInput.
11-06 20:46:54.808 D/RemoteIME( 2316): onStartInput  ccontentType: 0 Restarting:false
11-06 20:46:54.823 D/audio_hal( 1569): out(0xb5077280) do_out_standby
11-06 20:46:54.823 D/audio_hal( 1569): pcm_close card:device(hw:0:0)
11-06 20:46:54.831 D/BackBootDealerNeimeng( 2354): standbyState:
11-06 20:46:54.832 E/NetUtils( 2021): Interface eth0 LinkDown!
11-06 20:46:54.845 E/LoadHttpHandler( 2454): [TN_ThreadUtil-0]doNormal illegal url=http://tvos-iploader.96066.com:8080/epgswitch/epg/suma-data/epg_update_ip.cfg,exceptionName=java.net.SocketTimeoutException
11-06 20:46:54.845 D/LoadHttpTask( 2454): dealConfigCheck responseCode:-1:data:null:downloadResult:false
11-06 20:46:54.845 D/GlobalBackService( 2454): [TN_ThreadUtil-0]begin to monitor,result=2
11-06 20:46:54.846 D/GlobalBackService( 2454): [TN_ThreadUtil-0]isChannelDateVaild= true curEpgVersion=0
11-06 20:46:54.846 E/GlobalBackService( 2454): [TN_ThreadUtil-0]saveVersionInfo curEpgVersion=0
11-06 20:46:54.853 D/ir_user ( 1586): PlayerTimeLineTrace:linux_keycode:0x6c(HOLD),	protocol: .
11-06 20:46:54.856 D/RemoteIME( 2316): onKeyDown event = KeyEvent { action=ACTION_DOWN, keyCode=KEYCODE_DPAD_DOWN, scanCode=108, metaState=0, flags=0x8, repeatCount=5, eventTime=51366, downTime=50663, deviceId=3, source=0x701 },mSkbContainer=null
11-06 20:46:54.856 D/BaseActivity( 2707): dealKeyEvent,baseItem:com.suma.midware.setting.util.SystemListItem{21bc66f8 VFE...C. .F....I. 194,589-1086,654 #7f0b0074 app:id/setting_net_ping}:itemID:65542:event:KeyEvent { action=ACTION_DOWN, keyCode=KEYCODE_DPAD_DOWN, scanCode=108, metaState=0, flags=0x8, repeatCount=5, eventTime=51366, downTime=50663, deviceId=3, source=0x701 }
11-06 20:46:54.857 D/SystemListItem( 2707): onFocusChangecom.suma.midware.setting.util.SystemListItem{21bc66f8 VFE...C. ......ID 194,589-1086,654 #7f0b0074 app:id/setting_net_ping}:itemID:65542:arg1:false
11-06 20:46:54.857 D/SystemListItem( 2707): onFocusChangecom.suma.midware.setting.util.SystemListItem{206797d1 VFE...C. .F....ID 194,736-1086,801 #7f0b0077 app:id/setting_net_info}:itemID:65544:arg1:true
11-06 20:46:54.861 D/RemoteIME( 2316): onFinishInput.
11-06 20:46:54.862 D/RemoteIME( 2316): onStartInput  ccontentType: 0 Restarting:false
11-06 20:46:54.906 D/RemoteIME( 2316): onKeyDown event = KeyEvent { action=ACTION_DOWN, keyCode=KEYCODE_DPAD_DOWN, scanCode=108, metaState=0, flags=0x8, repeatCount=6, eventTime=51416, downTime=50663, deviceId=3, source=0x701 },mSkbContainer=null
11-06 20:46:54.909 D/BaseActivity( 2707): dealKeyEvent,baseItem:com.suma.midware.setting.util.SystemListItem{206797d1 VFE...C. .F....I. 194,736-1086,801 #7f0b0077 app:id/setting_net_info}:itemID:65544:event:KeyEvent { action=ACTION_DOWN, keyCode=KEYCODE_DPAD_DOWN, scanCode=108, metaState=0, flags=0x8, repeatCount=6, eventTime=51416, downTime=50663, deviceId=3, source=0x701 }
11-06 20:46:54.956 D/RemoteIME( 2316): onKeyDown event = KeyEvent { action=ACTION_DOWN, keyCode=KEYCODE_DPAD_DOWN, scanCode=108, metaState=0, flags=0x8, repeatCount=7, eventTime=51466, downTime=50663, deviceId=3, source=0x701 },mSkbContainer=null
11-06 20:46:54.960 D/BaseActivity( 2707): dealKeyEvent,baseItem:com.suma.midware.setting.util.SystemListItem{206797d1 VFE...C. .F....I. 194,736-1086,801 #7f0b0077 app:id/setting_net_info}:itemID:65544:event:KeyEvent { action=ACTION_DOWN, keyCode=KEYCODE_DPAD_DOWN, scanCode=108, metaState=0, flags=0x8, repeatCount=7, eventTime=51466, downTime=50663, deviceId=3, source=0x701 }
11-06 20:46:55.009 D/RemoteIME( 2316): onKeyDown event = KeyEvent { action=ACTION_DOWN, keyCode=KEYCODE_DPAD_DOWN, scanCode=108, metaState=0, flags=0x8, repeatCount=8, eventTime=51516, downTime=50663, deviceId=3, source=0x701 },mSkbContainer=null
11-06 20:46:55.010 D/BaseActivity( 2707): dealKeyEvent,baseItem:com.suma.midware.setting.util.SystemListItem{206797d1 VFE...C. .F....I. 194,736-1086,801 #7f0b0077 app:id/setting_net_info}:itemID:65544:event:KeyEvent { action=ACTION_DOWN, keyCode=KEYCODE_DPAD_DOWN, scanCode=108, metaState=0, flags=0x8, repeatCount=8, eventTime=51516, downTime=50663, deviceId=3, source=0x701 }
11-06 20:46:55.060 D/RemoteIME( 2316): onKeyDown event = KeyEvent { action=ACTION_DOWN, keyCode=KEYCODE_DPAD_DOWN, scanCode=108, metaState=0, flags=0x8, repeatCount=9, eventTime=51567, downTime=50663, deviceId=3, source=0x701 },mSkbContainer=null
11-06 20:46:55.061 D/BaseActivity( 2707): dealKeyEvent,baseItem:com.suma.midware.setting.util.SystemListItem{206797d1 VFE...C. .F....I. 194,736-1086,801 #7f0b0077 app:id/setting_net_info}:itemID:65544:event:KeyEvent { action=ACTION_DOWN, keyCode=KEYCODE_DPAD_DOWN, scanCode=108, metaState=0, flags=0x8, repeatCount=9, eventTime=51567, downTime=50663, deviceId=3, source=0x701 }
11-06 20:46:55.108 D/RemoteIME( 2316): onKeyDown event = KeyEvent { action=ACTION_DOWN, keyCode=KEYCODE_DPAD_DOWN, scanCode=108, metaState=0, flags=0x8, repeatCount=10, eventTime=51618, downTime=50663, deviceId=3, source=0x701 },mSkbContainer=null
11-06 20:46:55.109 D/BaseActivity( 2707): dealKeyEvent,baseItem:com.suma.midware.setting.util.SystemListItem{206797d1 VFE...C. .F...... 194,736-1086,801 #7f0b0077 app:id/setting_net_info}:itemID:65544:event:KeyEvent { action=ACTION_DOWN, keyCode=KEYCODE_DPAD_DOWN, scanCode=108, metaState=0, flags=0x8, repeatCount=10, eventTime=51618, downTime=50663, deviceId=3, source=0x701 }
11-06 20:46:55.118 D/ir_user ( 1586): PlayerTimeLineTrace:linux_keycode:0x6c(UP),	protocol: .
11-06 20:46:55.118 V/PT      ( 1582): >>INFO:irkey_task:[      51.629198] /dev/input/event0: type=0001 code=006c val=00000000
11-06 20:46:55.118 V/PT      ( 1582): >>INFO:irkey_send:0x3001 0x0028 up  
11-06 20:46:55.118 V/SUMA    ( 1582): ++++++++++++++  _roc_evtmgr_key_cbk 517:input = 12289, event=40, act=0x400
11-06 20:46:55.118 V/SUMA    ( 1582): lxm:_roc_evtmgr_key_cbk 519 51629
11-06 20:46:55.118 V/SUMA    ( 1582): lxm:_roc_evtmgr_add_key_into_queue 311 51629
11-06 20:46:55.119 V/PT      ( 1582): >>INFO:irkey_task:[      51.629198] /dev/input/event0: type=0000 code=0000 val=00000000
11-06 20:46:55.119 V/SUMA    ( 1582): ===================>> type=0 src=0 evt=40 act=0x400
11-06 20:46:55.119 V/SUMA    ( 1582): [sysset-s][event_manager_cbk 78]lxm cbid=1, cbk_reg=1, cpid=2454
11-06 20:46:55.119 D/NGBEvent( 2454): ngbEventCallBack type:0 source :40
11-06 20:46:55.119 D/NGBEvent( 2454): [NGBEventManager-JNI]-returning:1
11-06 20:46:55.119 D/NGBEvent( 2454): Input key event: keyCode=40
11-06 20:46:55.119 D/NGBEvent( 2454): src:40 = dest:40
11-06 20:46:55.119 I/System.out( 2454): [DEBUG EventManager] LWJ--Add event to java with evt=NgbEvent-[type = 1, subtype = 402, code = 40]
11-06 20:46:55.119 D/NGBEvent( 2454): [NGBEvent_log]--[EventManager--JNI]:		start
11-06 20:46:55.120 I/System.out( 2454): [DEBUG EventManager] broadcastEvent  :len 1
11-06 20:46:55.120 D/KeyEventNgbDealer( 2454): [TN_pool-1-thread-1]handleKeyReleased keyEvent=NgbEvent-[type = 1, subtype = 402, code = 40],time=51630
11-06 20:46:55.120 D/RemoteIME( 2316): RemoteIME--> onKeyUp keyCode = 20
11-06 20:46:55.120 D/BaseActivity( 2707): dealKeyEvent,baseItem:com.suma.midware.setting.util.SystemListItem{206797d1 VFE...C. .F...... 194,736-1086,801 #7f0b0077 app:id/setting_net_info}:itemID:65544:event:KeyEvent { action=ACTION_UP, keyCode=KEYCODE_DPAD_DOWN, scanCode=108, metaState=0, flags=0x8, repeatCount=0, eventTime=51629, downTime=50663, deviceId=3, source=0x701 }
11-06 20:46:55.332 D/BackBootDealerNeimeng( 2354): standbyState:
11-06 20:46:55.333 E/NetUtils( 2021): Interface eth0 LinkDown!
11-06 20:46:55.514 E/NetUtils( 2021): Interface eth0 LinkDown!
11-06 20:46:55.514 D/NetMainActivity( 2707): processNetCheck netState:0:newState:0
11-06 20:46:55.767 D/Device  ( 2406): deviceSearchResponse(SSDPPacket ssdpPacket):M-SEARCH * HTTP/1.1
11-06 20:46:55.767 D/Device  ( 2406): HOST: 239.255.255.250:1900
11-06 20:46:55.767 D/Device  ( 2406): MAN: "ssdp:discover"
11-06 20:46:55.767 D/Device  ( 2406): MX: 1
11-06 20:46:55.767 D/Device  ( 2406): ST: urn:dial-multiscreen-org:service:dial:1
11-06 20:46:55.767 D/Device  ( 2406): USER-AGENT: Google Chrome/61.0.3163.100 Windows
11-06 20:46:55.767 D/Device  ( 2406): 
11-06 20:46:55.833 D/BackBootDealerNeimeng( 2354): standbyState:
11-06 20:46:55.834 E/NetUtils( 2021): Interface eth0 LinkDown!
11-06 20:46:55.840 D/ir_user ( 1586): PlayerTimeLineTrace:linux_keycode:0x1c(DOWN),	protocol: .
11-06 20:46:55.840 V/PT      ( 1582): >>INFO:irkey_task:[      52.350908] /dev/input/event0: type=0001 code=001c val=00000001
11-06 20:46:55.840 V/PT      ( 1582): >>INFO:irkey_send:0x3001 0x1001 down
11-06 20:46:55.840 V/SUMA    ( 1582): ++++++++++++++  _roc_evtmgr_key_cbk 517:input = 12289, event=4097, act=0x100
11-06 20:46:55.840 V/SUMA    ( 1582): lxm:_roc_evtmgr_key_cbk 519 52351
11-06 20:46:55.840 V/SUMA    ( 1582): lxm:_roc_evtmgr_add_evt_into_queue 347 52351
11-06 20:46:55.840 V/SUMA    ( 1582): ===================>> type=0 src=0 evt=4097 act=0x100
11-06 20:46:55.840 V/PT      ( 1582): >>INFO:irkey_task:[      52.350908] /dev/input/event0: type=0000 code=0000 val=00000000
11-06 20:46:55.840 V/SUMA    ( 1582): [sysset-s][event_manager_cbk 78]lxm cbid=1, cbk_reg=1, cpid=2454
11-06 20:46:55.841 D/NGBEvent( 2454): ngbEventCallBack type:0 source :4097
11-06 20:46:55.841 D/NGBEvent( 2454): [NGBEventManager-JNI]-returning:1
11-06 20:46:55.841 D/NGBEvent( 2454): Input key event: keyCode=4097
11-06 20:46:55.841 D/NGBEvent( 2454): src:4097 = dest:4097
11-06 20:46:55.841 I/System.out( 2454): [DEBUG EventManager] LWJ--Add event to java with evt=NgbEvent-[type = 1, subtype = 401, code = 4097]
11-06 20:46:55.841 D/NGBEvent( 2454): [NGBEvent_log]--[EventManager--JNI]:		start
11-06 20:46:55.841 I/System.out( 2454): [DEBUG EventManager] broadcastEvent  :len 1
11-06 20:46:55.841 D/CombineKeyUtil( 2454): [TN_pool-1-thread-1]dealKeyEvent,combineIndex:-1:keyCode:23
11-06 20:46:55.842 D/KeyEventNgbDealer( 2454): [TN_pool-1-thread-1]handleKeyPressed keyEvent=NgbEvent-[type = 1, subtype = 401, code = 4097],time=52352
11-06 20:46:55.842 D/RemoteIME( 2316): onKeyDown event = KeyEvent { action=ACTION_DOWN, keyCode=KEYCODE_DPAD_CENTER, scanCode=28, metaState=0, flags=0x8, repeatCount=0, eventTime=52350, downTime=52350, deviceId=3, source=0x701 },mSkbContainer=null
11-06 20:46:55.843 D/BaseActivity( 2707): dealKeyEvent,baseItem:com.suma.midware.setting.util.SystemListItem{206797d1 VFE...C. .F...... 194,736-1086,801 #7f0b0077 app:id/setting_net_info}:itemID:65544:event:KeyEvent { action=ACTION_DOWN, keyCode=KEYCODE_DPAD_CENTER, scanCode=28, metaState=0, flags=0x8, repeatCount=0, eventTime=52350, downTime=52350, deviceId=3, source=0x701 }
11-06 20:46:55.866 W/ContextImpl( 2354): Calling a method in the system process without a qualified user: android.app.ContextImpl.sendBroadcast:1345 android.content.ContextWrapper.sendBroadcast:377 com.suma.midware.back.esg.e.f:-1 com.suma.midware.back.esg.f.run:-1 com.suma.midware.prop.util.c.run:-1 
11-06 20:46:56.049 V/PT      ( 1582): >>INFO:irkey_task:[      52.560217] /dev/input/event0: type=0001 code=001c val=00000000
11-06 20:46:56.049 V/PT      ( 1582): >>INFO:irkey_send:0x3001 0x1001 up  
11-06 20:46:56.049 V/SUMA    ( 1582): ++++++++++++++  _roc_evtmgr_key_cbk 517:input = 12289, event=4097, act=0x400
11-06 20:46:56.049 V/SUMA    ( 1582): lxm:_roc_evtmgr_key_cbk 519 52560
11-06 20:46:56.050 V/SUMA    ( 1582): lxm:_roc_evtmgr_add_key_into_queue 311 52560
11-06 20:46:56.050 D/ir_user ( 1586): PlayerTimeLineTrace:linux_keycode:0x1c(UP),	protocol: .
11-06 20:46:56.050 V/PT      ( 1582): >>INFO:irkey_task:[      52.560217] /dev/input/event0: type=0000 code=0000 val=00000000
11-06 20:46:56.050 V/SUMA    ( 1582): ===================>> type=0 src=0 evt=4097 act=0x400
11-06 20:46:56.050 V/SUMA    ( 1582): [sysset-s][event_manager_cbk 78]lxm cbid=1, cbk_reg=1, cpid=2454
11-06 20:46:56.050 D/NGBEvent( 2454): ngbEventCallBack type:0 source :4097
11-06 20:46:56.050 D/NGBEvent( 2454): [NGBEventManager-JNI]-returning:1
11-06 20:46:56.050 D/NGBEvent( 2454): Input key event: keyCode=4097
11-06 20:46:56.050 D/NGBEvent( 2454): src:4097 = dest:4097
11-06 20:46:56.050 I/System.out( 2454): [DEBUG EventManager] LWJ--Add event to java with evt=NgbEvent-[type = 1, subtype = 402, code = 4097]
11-06 20:46:56.051 D/NGBEvent( 2454): [NGBEvent_log]--[EventManager--JNI]:		start
11-06 20:46:56.051 I/System.out( 2454): [DEBUG EventManager] broadcastEvent  :len 1
11-06 20:46:56.051 D/KeyEventNgbDealer( 2454): [TN_pool-1-thread-1]handleKeyReleased keyEvent=NgbEvent-[type = 1, subtype = 402, code = 4097],time=52561
11-06 20:46:56.051 D/RemoteIME( 2316): RemoteIME--> onKeyUp keyCode = 23
11-06 20:46:56.052 D/BaseActivity( 2707): dealKeyEvent,baseItem:com.suma.midware.setting.util.SystemListItem{206797d1 VFE...C. .F.P.... 194,736-1086,801 #7f0b0077 app:id/setting_net_info}:itemID:65544:event:KeyEvent { action=ACTION_UP, keyCode=KEYCODE_DPAD_CENTER, scanCode=28, metaState=0, flags=0x8, repeatCount=0, eventTime=52560, downTime=52350, deviceId=3, source=0x701 }
11-06 20:46:56.053 D/BaseActivity( 2707): dealClick,baseItemcom.suma.midware.setting.util.SystemListItem{206797d1 VFE...C. .F...... 194,736-1086,801 #7f0b0077 app:id/setting_net_info}:itemID:65544
11-06 20:46:56.055 I/ActivityManager( 2021): START u0 {cmp=com.suma.midware.setting/.net.NetInfoActivity} from uid 1000 on display 0
11-06 20:46:56.057 E/AudioPolicyManager( 1569): AudioPolicyManagerBase::checkAndSetVolume index=1 ro.suma.vol=0,10,18,26,34,42,49,56,63,70,76,82,88,93,97,100 valid vol[index]=10
11-06 20:46:56.057 E/AudioPolicyManager( 1569): AudioPolicyManagerBase::checkAndSetVolume1 1,0.100000
11-06 20:46:56.060 V/WindowManager( 2021): addAppToken: AppWindowToken{9aff4f0 token=Token{362b9933 ActivityRecord{127e8a2 u0 com.suma.midware.setting/.net.NetInfoActivity t501}}} to stack=1 task=501 at 2
11-06 20:46:56.062 D/BaseApplication( 2707): [TN_main]onActivityPaused activity=com.suma.midware.setting.net.NetMainActivity@3ddc238
11-06 20:46:56.062 W/ContextImpl( 2707): Calling a method in the system process without a qualified user: android.app.ContextImpl.sendBroadcast:1345 android.content.ContextWrapper.sendBroadcast:377 android.app.ActivityThread.performPauseActivity:3259 android.app.ActivityThread.performPauseActivity:3225 android.app.ActivityThread.handlePauseActivity:3200 
11-06 20:46:56.067 D/BaseApplication( 2707): [TN_main]onActivityCreated activity=com.suma.midware.setting.net.NetInfoActivity@23ef1537,savedInstanceState=null
11-06 20:46:56.069 D/audio_hal( 1569): pcm_open card:device(hw:0:0) flags(0x8) out(0xb5077280)
11-06 20:46:56.107 D/SystemListItem( 2707): onFocusChangecom.suma.midware.setting.util.SystemListItem{279ca20e VFE...C. .F....I. 0,0-0,0 #7f0b005a app:id/setting_net_info_item_0}:itemID:0:arg1:true
11-06 20:46:56.108 D/BaseApplication( 2707): [TN_main]onActivityStarted activity=com.suma.midware.setting.net.NetInfoActivity@23ef1537
11-06 20:46:56.108 D/BaseApplication( 2707): [TN_main]onActivityResumed activity=com.suma.midware.setting.net.NetInfoActivity@23ef1537
11-06 20:46:56.108 E/NetUtils( 2021): Interface eth0 LinkDown!
11-06 20:46:56.109 D/DhcpResults( 2021): makeDhcpInfo:empty dns2!!
11-06 20:46:56.110 E/NetUtils( 2021): Interface eth0 LinkDown!
11-06 20:46:56.110 E/NetUtils( 2021): Interface eth0 LinkDown!
11-06 20:46:56.111 W/ContextImpl( 2707): Calling a method in the system process without a qualified user: android.app.ContextImpl.sendBroadcast:1345 android.content.ContextWrapper.sendBroadcast:377 android.app.ActivityThread.performResumeActivity:2982 android.app.ActivityThread.handleResumeActivity:3023 android.app.ActivityThread.handleLaunchActivity:2392 
11-06 20:46:56.113 V/WindowManager( 2021): Adding window Window{346b7425 u0 com.suma.midware.setting/com.suma.midware.setting.net.NetInfoActivity} at 7 of 12 (after Window{cd5246d u0 com.suma.midware.setting/com.suma.midware.setting.net.NetMainActivity})
11-06 20:46:56.158 I/ActivityManager( 2021): Displayed com.suma.midware.setting/.net.NetInfoActivity: +94ms
11-06 20:46:56.158 D/RemoteIME( 2316): onFinishInput.
11-06 20:46:56.158 D/RemoteIME( 2316): onStartInput  ccontentType: 0 Restarting:false
11-06 20:46:56.200 D/audio_hal( 1569): out_get_latency: out(0xb5077280) latency=20
11-06 20:46:56.220 D/audio_hal( 1569): out_get_latency: out(0xb5077280) latency=20
11-06 20:46:56.335 D/BackBootDealerNeimeng( 2354): standbyState:
11-06 20:46:56.336 E/NetUtils( 2021): Interface eth0 LinkDown!
