11-06 20:47:21.038 E/WifiAutoJoinController ( 2021): attemptAutoJoin trying id=2 "GDWL"WPA_PSK status=0
11-06 20:47:21.038 E/WifiAutoJoinController ( 2021): compareNetwork will compare "GDWL"WPA_PSK with current "Xiaomi_D52C"WPA_PSK
11-06 20:47:21.038 E/WifiAutoJoinController ( 2021):     compareWifiConfigurationsRSSI: "Xiaomi_D52C"WPA_PSK rssi=-28,-127 boost=25 "GDWL"WPA_PSK rssi=-45,-127 boost=0
11-06 20:47:21.038 E/WifiAutoJoinController ( 2021):         "Xiaomi_D52C"WPA_PSK is5=false score=-3 "GDWL"WPA_PSK is5=false score=-45
11-06 20:47:21.038 E/WifiAutoJoinController ( 2021):     compareWifiConfigurationsRSSI "Xiaomi_D52C"WPA_PSK rssi=(-28,-127) num=(1,0) > "GDWL"WPA_PSK rssi=(-45,-127) num=(8,0) -> -42
11-06 20:47:21.038 E/WifiAutoJoinController ( 2021): compareWifiConfigurations: "Xiaomi_D52C"WPA_PSK > "GDWL"WPA_PSK order -42
11-06 20:47:21.038 E/WifiAutoJoinController ( 2021): attemptAutoJoin networkSwitching candidate "GDWL"WPA_PSK with current "Xiaomi_D52C"WPA_PSK linked=false : delta=-42  -> not switching
11-06 20:47:21.038 E/WifiAutoJoinController ( 2021): attemptRoam: "Xiaomi_D52C"WPA_PSK Found 78:11:dc:10:d5:2d rssi=-28 freq=2412 Current: 78:11:dc:10:d5:2d
11-06 20:47:21.039 E/WifiAutoJoinController ( 2021): Done attemptAutoJoin status=0
11-06 20:47:21.395 D/BackBootDealerNeimeng( 2354): standbyState:
11-06 20:47:21.396 E/NetUtils( 2021): Interface eth0 LinkDown!
11-06 20:47:21.629 D/BasicFigure( 2493): [TN_GLThread 73]isDrawFocused relyElement=[BaseElement@346a37d9]focusScale[1.15]elementAlpha[-1.0]refectAlpha[-1.0]isFocusAble[true]shadowIndex[-1]autoJumpType[-1]uniqueID[54resSize0]rect[NULL]
11-06 20:47:21.629 D/BasicFigure( 2493): [TN_GLThread 73]isDrawFocused basicFigure=com.suma.midware.view.b.c.c@3914159e
11-06 20:47:21.896 D/BackBootDealerNeimeng( 2354): standbyState:
11-06 20:47:21.897 E/NetUtils( 2021): Interface eth0 LinkDown!
11-06 20:47:22.397 D/BackBootDealerNeimeng( 2354): standbyState:
11-06 20:47:22.398 E/NetUtils( 2021): Interface eth0 LinkDown!
11-06 20:47:22.661 D/BasicFigure( 2493): [TN_GLThread 73]isDrawFocused relyElement=[BaseElement@346a37d9]focusScale[1.15]elementAlpha[-1.0]refectAlpha[-1.0]isFocusAble[true]shadowIndex[-1]autoJumpType[-1]uniqueID[54resSize0]rect[NULL]
11-06 20:47:22.661 D/BasicFigure( 2493): [TN_GLThread 73]isDrawFocused basicFigure=com.suma.midware.view.b.c.c@3914159e
11-06 20:47:22.801 D/LoadHttpHandler( 2354): [TN_ThreadUtil-6]doNormal responseCode=404
11-06 20:47:22.801 D/LoadHttpTask( 2354): dealUpdateCheck responseCode:404:data:null:downloadResult:false
11-06 20:47:22.802 D/IPLoaderNeimeng( 2354): after dealUpdateCheck time:20:47:22:isMsgBroadcast:false:monitorInterval:5000:processState:1
11-06 20:47:22.802 D/IPLoaderNeimeng( 2354): before wait time20:47:22:monitorInterval:5000
11-06 20:47:22.898 D/BackBootDealerNeimeng( 2354): standbyState:
11-06 20:47:22.899 E/NetUtils( 2021): Interface eth0 LinkDown!
11-06 20:47:23.400 D/BackBootDealerNeimeng( 2354): standbyState:
11-06 20:47:23.400 E/NetUtils( 2021): Interface eth0 LinkDown!
11-06 20:47:23.692 D/BasicFigure( 2493): [TN_GLThread 73]isDrawFocused relyElement=[BaseElement@346a37d9]focusScale[1.15]elementAlpha[-1.0]refectAlpha[-1.0]isFocusAble[true]shadowIndex[-1]autoJumpType[-1]uniqueID[54resSize0]rect[NULL]
11-06 20:47:23.692 D/BasicFigure( 2493): [TN_GLThread 73]isDrawFocused basicFigure=com.suma.midware.view.b.c.c@3914159e
11-06 20:47:23.901 D/BackBootDealerNeimeng( 2354): standbyState:
11-06 20:47:23.902 E/NetUtils( 2021): Interface eth0 LinkDown!
11-06 20:47:23.905 W/ContextImpl( 2354): Calling a method in the system process without a qualified user: android.app.ContextImpl.sendBroadcast:1345 android.content.ContextWrapper.sendBroadcast:377 com.suma.midware.back.esg.e.f:-1 com.suma.midware.back.esg.f.run:-1 com.suma.midware.prop.util.c.run:-1 
11-06 20:47:24.402 D/BackBootDealerNeimeng( 2354): standbyState:
11-06 20:47:24.403 E/NetUtils( 2021): Interface eth0 LinkDown!
11-06 20:47:24.724 D/BasicFigure( 2493): [TN_GLThread 73]isDrawFocused relyElement=[BaseElement@346a37d9]focusScale[1.15]elementAlpha[-1.0]refectAlpha[-1.0]isFocusAble[true]shadowIndex[-1]autoJumpType[-1]uniqueID[54resSize0]rect[NULL]
11-06 20:47:24.724 D/BasicFigure( 2493): [TN_GLThread 73]isDrawFocused basicFigure=com.suma.midware.view.b.c.c@3914159e
11-06 20:47:24.903 D/BackBootDealerNeimeng( 2354): standbyState:
11-06 20:47:24.904 E/NetUtils( 2021): Interface eth0 LinkDown!
11-06 20:47:24.907 W/ContextImpl( 2354): Calling a method in the system process without a qualified user: android.app.ContextImpl.sendBroadcast:1345 android.content.ContextWrapper.sendBroadcast:377 com.suma.midware.back.esg.e.f:-1 com.suma.midware.back.esg.f.run:-1 com.suma.midware.prop.util.c.run:-1 
11-06 20:47:25.404 D/BackBootDealerNeimeng( 2354): standbyState:
11-06 20:47:25.405 E/NetUtils( 2021): Interface eth0 LinkDown!
11-06 20:47:25.755 D/BasicFigure( 2493): [TN_GLThread 73]isDrawFocused relyElement=[BaseElement@346a37d9]focusScale[1.15]elementAlpha[-1.0]refectAlpha[-1.0]isFocusAble[true]shadowIndex[-1]autoJumpType[-1]uniqueID[54resSize0]rect[NULL]
11-06 20:47:25.755 D/BasicFigure( 2493): [TN_GLThread 73]isDrawFocused basicFigure=com.suma.midware.view.b.c.c@3914159e
11-06 20:47:25.905 D/BackBootDealerNeimeng( 2354): standbyState:
11-06 20:47:25.906 E/NetUtils( 2021): Interface eth0 LinkDown!
11-06 20:47:26.406 D/BackBootDealerNeimeng( 2354): standbyState:
11-06 20:47:26.407 E/NetUtils( 2021): Interface eth0 LinkDown!
11-06 20:47:26.790 D/BasicFigure( 2493): [TN_GLThread 73]isDrawFocused relyElement=[BaseElement@346a37d9]focusScale[1.15]elementAlpha[-1.0]refectAlpha[-1.0]isFocusAble[true]shadowIndex[-1]autoJumpType[-1]uniqueID[54resSize0]rect[NULL]
11-06 20:47:26.790 D/BasicFigure( 2493): [TN_GLThread 73]isDrawFocused basicFigure=com.suma.midware.view.b.c.c@3914159e
11-06 20:47:26.908 D/BackBootDealerNeimeng( 2354): standbyState:
11-06 20:47:26.908 E/NetUtils( 2021): Interface eth0 LinkDown!
11-06 20:47:27.408 D/BackBootDealerNeimeng( 2354): standbyState:
11-06 20:47:27.409 E/NetUtils( 2021): Interface eth0 LinkDown!
11-06 20:47:27.821 D/BasicFigure( 2493): [TN_GLThread 73]isDrawFocused relyElement=[BaseElement@346a37d9]focusScale[1.15]elementAlpha[-1.0]refectAlpha[-1.0]isFocusAble[true]shadowIndex[-1]autoJumpType[-1]uniqueID[54resSize0]rect[NULL]
11-06 20:47:27.821 D/BasicFigure( 2493): [TN_GLThread 73]isDrawFocused basicFigure=com.suma.midware.view.b.c.c@3914159e
11-06 20:47:27.909 W/ContextImpl( 2354): Calling a method in the system process without a qualified user: android.app.ContextImpl.sendBroadcast:1345 android.content.ContextWrapper.sendBroadcast:377 com.suma.midware.back.esg.e.f:-1 com.suma.midware.back.esg.f.run:-1 com.suma.midware.prop.util.c.run:-1 
11-06 20:47:27.910 D/BackBootDealerNeimeng( 2354): standbyState:
11-06 20:47:27.911 E/NetUtils( 2021): Interface eth0 LinkDown!
11-06 20:47:28.411 D/BackBootDealerNeimeng( 2354): standbyState:
11-06 20:47:28.412 E/NetUtils( 2021): Interface eth0 LinkDown!
11-06 20:47:28.852 D/BasicFigure( 2493): [TN_GLThread 73]isDrawFocused relyElement=[BaseElement@346a37d9]focusScale[1.15]elementAlpha[-1.0]refectAlpha[-1.0]isFocusAble[true]shadowIndex[-1]autoJumpType[-1]uniqueID[54resSize0]rect[NULL]
11-06 20:47:28.852 D/BasicFigure( 2493): [TN_GLThread 73]isDrawFocused basicFigure=com.suma.midware.view.b.c.c@3914159e
11-06 20:47:28.912 W/ContextImpl( 2354): Calling a method in the system process without a qualified user: android.app.ContextImpl.sendBroadcast:1345 android.content.ContextWrapper.sendBroadcast:377 com.suma.midware.back.esg.e.f:-1 com.suma.midware.back.esg.f.run:-1 com.suma.midware.prop.util.c.run:-1 
11-06 20:47:28.913 D/BackBootDealerNeimeng( 2354): standbyState:
11-06 20:47:28.913 E/NetUtils( 2021): Interface eth0 LinkDown!
11-06 20:47:29.414 D/BackBootDealerNeimeng( 2354): standbyState:
11-06 20:47:29.415 E/NetUtils( 2021): Interface eth0 LinkDown!
11-06 20:47:29.885 D/BasicFigure( 2493): [TN_GLThread 73]isDrawFocused relyElement=[BaseElement@346a37d9]focusScale[1.15]elementAlpha[-1.0]refectAlpha[-1.0]isFocusAble[true]shadowIndex[-1]autoJumpType[-1]uniqueID[54resSize0]rect[NULL]
11-06 20:47:29.886 D/BasicFigure( 2493): [TN_GLThread 73]isDrawFocused basicFigure=com.suma.midware.view.b.c.c@3914159e
11-06 20:47:29.897 D/EsgNeiMengDealer( 2354): [TN_ThreadUtil-12]checkBootAd bootAd=[Advertisment@34d5d2aa]category[1]version[0]profile[2]group[[GroupProperty@3eb6ae9b]associateType[3]groupIDs[len:10:10000:7101:7105:9999:7000:17:1001:20002:20001:1003]]service[null]period[[Advertisment@3ddc238]dates[]times[len0:102:len1:102:20170821 000000-20170821 235959:20170822 000000-20170822 235959:20170823 000000-20170823 235959:20170824 000000-20170824 235959:20170825 000000-20170825 235959:20170826 000000-20170826 235959:20170827 000000-20170827 235959:20170828 000000-20170828 235959:20170829 000000-20170829 235959:20170830 000000-20170830 235959:20170831 000000-20170831 235959:20170901 000000-20170901 235959:20170902 000000-20170902 235959:20170903 000000-20170903 235959:20170904 000000-20170904 235959:20170905 000000-20170905 235959:20170906 000000-20170906 235959:20170907 000000-20170907 235959:20170908 000000-20170908 235959:20170909 000000-20170909 235959:20170910 000000-20170910 235959:20170911 000000-20170911 235959:20170912 000000-20170912 235959:20170913 000000-20170913 235959:20170914 000000-20170914 235959:20170915 000000-20170915 235959:20170916 000000-20170916 235959:20170917 000000-20170917 235959:20170918 000000-20170918 235959:20170919 000000-20170919 235959:20170920 000000-20170920 235959:20170921 000000-20170921 235959:20170922 000000-20170922 235959:20170923 000000-20170923 235959:20170924 000000-20170924 235959:20170925 000000-20170925 235959:20170926 000000-20170926 235959:20170927 000000-20170927 235959:20170928 000000-20170928 235959:20170929 000000-20170929 235959:20170930 000000-20170930 235959:20171001 000000-20171001 235959:20171002 000000-20171002 235959:20171003 000000-20171003 235959:20171004 000000-20171004 235959:20171005 000000-20171005 235959:20171006 000000-20171006 235959:20171007 000000-20171007 235959:20171008 000000-20171008 235959:20171009 000000-20171009 235959:20171010 000000-20171010 235959:20171011 000000-20171011 235959:20171012 000000-20171012 235959:20171013 000000-20171013 235959:20171014 000000-20171014 235959:20171015 000000-20171015 235959:20171016 000000-20171016 235959:20171017 000000-20171017 235959:20171018 000000-20171018 235959:20171019 000000-20171019 235959:20171020 000000-20171020 235959:20171021 000000-20171021 235959:20171022 000000-20171022 235959:20171023 000000-20171023 235959:20171024 000000-20171024 235959:20171025 000000-20171025 235959:20171026 000000-20171026 235959:20171027 000000-20171027 235959:20171028 000000-20171028 235959:20171029 000000-20171029 235959:20171030 000000-20171030 235959:20171031 000000-20171031 235959:20171101 000000-20171101 235959:20171102 000000-20171102 235959:20171103 000000-20171103 235959:20171104 000000-20171104 235959:20171105 000000-20171105 235959:20171106 000000-20171106 235959:20171107 000000-20171107 235959:20171108 000000-20171108 235959:20171109 000000-20171109 235959:20171110 000000-20171110 235959:20171111 000000-20171111 235959:20171112 000000-20171112 235959:20171113 000000-20171113 235959:20171114 000000-20171114 235959:20171115 000000-20171115 235959:20171116 000000-20171116 235959:20171117 000000-20171117 235959:20171118 000000-20171118 235959:20171119 000000-20171119 235959:20171120 000000-20171120 235959:20171121 000000-20171121 235959:20171122 000000-20171122 235959:20171123 000000-20171123 235959:20171124 000000-20171124 235959:20171125 000000-20171125 235959:20171126 000000-20171126 235959:20171127 000000-20171127 235959:20171128 000000-20171128 235959:20171129 000000-20171129 235959:20171130 000000-20171130 235959]]
11-06 20:47:29.898 I/System.out( 2354): [DEBUG SectionFilterGroup] The filterGroupHandle is: -1262487520
11-06 20:47:29.898 D/LoadPipeHandler( 2354): [TN_ThreadUtil-12]dealTableLoad pipeTask=[LoadPipeTask@334a0cce]pID[16]tableID[64]tunerIndex[0]offset[3]timeout[5000]isNeedTune[false]fileName[null]
11-06 20:47:29.898 D/filter  ( 2354): [FilterManager-JNI] - start filter:pid=16, tableid=64, bufferNum=0
11-06 20:47:29.898 D/filter  ( 2354): [FilterManager-JNI] - 
11-06 20:47:29.898 D/filter  ( 2354): [FilterManager-JNI] - 
11-06 20:47:29.898 D/filter  ( 2354): [FilterManager-JNI] - The table id is proper.
11-06 20:47:29.898 D/filter  ( 2354): ####in java native method open filter:pid=16,							code=40,00,00,00,mask=ff,00,00,00
11-06 20:47:29.898 D/filter  ( 2354): [FilterManager-JNI] - Filter mode to ROCME_RES_FLT_MODE_UNROB_FILTER.
11-06 20:47:29.898 V/SUMA    ( 1582): [resman-s][onTransact 216]code[0x12000200] client pid = 2354
11-06 20:47:29.898 V/SUMA    ( 1582): [resman-s][onTransact 615]TRANS_CODE_RESMAN_FILETER_REQUEST enter
11-06 20:47:29.898 V/SUMA    ( 1582): [resman-s][onTransact 623]filter request m_client[0].cpid = 2354
11-06 20:47:29.898 V/SUMA    ( 1582): [resman-s][onTransact 627]filter handler request filter_handler[0]
11-06 20:47:29.898 I/System.out( 2354): [DEBUG SectionFilterGroup] The run() method, and the filterGroupHandle is: -1262487520
11-06 20:47:29.898 V/SUMA    ( 1582): >> Roc_ResMan_Filter_Request handler = 0x1208c580 
11-06 20:47:29.898 V/SUMA    ( 1582): [resman-s][onTransact 657]TRANS_CODE_RESMAN_FILETER_REQUEST leave
11-06 20:47:29.899 V/SUMA    ( 1582): [resman-s][onTransact 1574]leave transact client pid = 2354
11-06 20:47:29.899 V/SUMA    ( 2354): [resman-c][Roc_ResMan_Filter_Request 1311]leave !!!
11-06 20:47:29.899 V/SUMA    ( 2354): [resman-c][dvbc_resman_flt_request 162]dvbc(2354)## s_resman_client_flt_hcbk request cbk idx=0 !!!
11-06 20:47:29.899 V/SUMA    ( 1582): [resman-s][onTransact 216]code[0x12000204] client pid = 2354
11-06 20:47:29.899 V/SUMA    ( 1582): [resman-s][onTransact 1574]leave transact client pid = 2354
11-06 20:47:29.899 V/SUMA    ( 2354): [resman-c][Roc_ResMan_Filter_Modify 1514]leave !!!
11-06 20:47:29.899 V/SUMA    ( 1582): [resman-s][onTransact 216]code[0x12000202] client pid = 2354
11-06 20:47:29.899 V/SUMA    ( 1582): [resman-s][onTransact 1574]leave transact client pid = 2354
11-06 20:47:29.899 V/SUMA    ( 2354): [resman-c][Roc_ResMan_Filter_Run 1431]leave !!!
11-06 20:47:29.899 D/filter  ( 2354): open file=302564736,pid=16,index=0 with tuner index 0
11-06 20:47:29.915 D/BackBootDealerNeimeng( 2354): standbyState:
11-06 20:47:29.915 E/NetUtils( 2021): Interface eth0 LinkDown!
11-06 20:47:30.416 D/BackBootDealerNeimeng( 2354): standbyState:
11-06 20:47:30.417 E/NetUtils( 2021): Interface eth0 LinkDown!
11-06 20:47:30.915 D/BasicFigure( 2493): [TN_GLThread 73]isDrawFocused relyElement=[BaseElement@346a37d9]focusScale[1.15]elementAlpha[-1.0]refectAlpha[-1.0]isFocusAble[true]shadowIndex[-1]autoJumpType[-1]uniqueID[54resSize0]rect[NULL]
11-06 20:47:30.915 D/BasicFigure( 2493): [TN_GLThread 73]isDrawFocused basicFigure=com.suma.midware.view.b.c.c@3914159e
11-06 20:47:30.917 D/BackBootDealerNeimeng( 2354): standbyState:
11-06 20:47:30.918 E/NetUtils( 2021): Interface eth0 LinkDown!
11-06 20:47:31.002 D/AppUtil ( 2354): [TN_ThreadUtil-3]getActivityPkg index=0,comp=ComponentInfo{com.suma.midware.home/com.suma.midware.home.third.Main3DActivity}
11-06 20:47:31.002 D/AppKiller( 2354): [TN_ThreadUtil-3]backKill curPkgName=com.suma.midware.home
11-06 20:47:31.418 D/BackBootDealerNeimeng( 2354): standbyState:
11-06 20:47:31.419 E/NetUtils( 2021): Interface eth0 LinkDown!
11-06 20:47:31.916 W/ContextImpl( 2354): Calling a method in the system process without a qualified user: android.app.ContextImpl.sendBroadcast:1345 android.content.ContextWrapper.sendBroadcast:377 com.suma.midware.back.esg.e.f:-1 com.suma.midware.back.esg.f.run:-1 com.suma.midware.prop.util.c.run:-1 
11-06 20:47:31.919 D/BackBootDealerNeimeng( 2354): standbyState:
11-06 20:47:31.920 E/NetUtils( 2021): Interface eth0 LinkDown!
11-06 20:47:31.947 D/BasicFigure( 2493): [TN_GLThread 73]isDrawFocused relyElement=[BaseElement@346a37d9]focusScale[1.15]elementAlpha[-1.0]refectAlpha[-1.0]isFocusAble[true]shadowIndex[-1]autoJumpType[-1]uniqueID[54resSize0]rect[NULL]
11-06 20:47:31.947 D/BasicFigure( 2493): [TN_GLThread 73]isDrawFocused basicFigure=com.suma.midware.view.b.c.c@3914159e
11-06 20:47:32.027 E/NetUtils( 2021): Interface eth0 LinkDown!
11-06 20:47:32.028 D/SetService( 2707): ispppoeOpen:false:reConnectCount:0
11-06 20:47:32.420 D/BackBootDealerNeimeng( 2354): standbyState:
11-06 20:47:32.422 E/NetUtils( 2021): Interface eth0 LinkDown!
11-06 20:47:32.919 W/ContextImpl( 2354): Calling a method in the system process without a qualified user: android.app.ContextImpl.sendBroadcast:1345 android.content.ContextWrapper.sendBroadcast:377 com.suma.midware.back.esg.e.f:-1 com.suma.midware.back.esg.f.run:-1 com.suma.midware.prop.util.c.run:-1 
11-06 20:47:32.922 D/BackBootDealerNeimeng( 2354): standbyState:
11-06 20:47:32.923 E/NetUtils( 2021): Interface eth0 LinkDown!
11-06 20:47:32.958 D/BasicFigure( 2493): [TN_GLThread 73]isDrawFocused relyElement=[BaseElement@346a37d9]focusScale[1.15]elementAlpha[-1.0]refectAlpha[-1.0]isFocusAble[true]shadowIndex[-1]autoJumpType[-1]uniqueID[54resSize0]rect[NULL]
11-06 20:47:32.958 D/BasicFigure( 2493): [TN_GLThread 73]isDrawFocused basicFigure=com.suma.midware.view.b.c.c@3914159e
11-06 20:47:33.423 D/BackBootDealerNeimeng( 2354): standbyState:
11-06 20:47:33.424 E/NetUtils( 2021): Interface eth0 LinkDown!
11-06 20:47:33.924 D/BackBootDealerNeimeng( 2354): standbyState:
11-06 20:47:33.925 E/NetUtils( 2021): Interface eth0 LinkDown!
11-06 20:47:33.988 D/BasicFigure( 2493): [TN_GLThread 73]isDrawFocused relyElement=[BaseElement@346a37d9]focusScale[1.15]elementAlpha[-1.0]refectAlpha[-1.0]isFocusAble[true]shadowIndex[-1]autoJumpType[-1]uniqueID[54resSize0]rect[NULL]
11-06 20:47:33.988 D/BasicFigure( 2493): [TN_GLThread 73]isDrawFocused basicFigure=com.suma.midware.view.b.c.c@3914159e
11-06 20:47:34.425 D/BackBootDealerNeimeng( 2354): standbyState:
11-06 20:47:34.426 E/NetUtils( 2021): Interface eth0 LinkDown!
11-06 20:47:34.900 I/System.out( 2354): [DEBUG SectionFilterGroup] be reaady to detach filtergroup:true
11-06 20:47:34.900 V/SUMA    ( 1582): [resman-s][onTransact 216]code[0x12000201] client pid = 2354
11-06 20:47:34.900 V/SUMA    ( 1582): [resman-s][onTransact 665]TRANS_CODE_RESMAN_FILETER_RELEASE enter
11-06 20:47:34.900 V/SUMA    ( 1582): >> Roc_ResMan_Filter_Release handler = 0x1208c580 
11-06 20:47:34.900 V/SUMA    ( 1582): [resman-s][onTransact 674]filter release m_client[0].cpid = 2354
11-06 20:47:34.900 V/SUMA    ( 1582): [resman-s][onTransact 678]filter handler release filter_handler[0]
11-06 20:47:34.901 V/SUMA    ( 1582): [resman-s][onTransact 688]TRANS_CODE_RESMAN_FILETER_RELEASE leave
11-06 20:47:34.901 V/SUMA    ( 1582): [resman-s][onTransact 1574]leave transact client pid = 2354
11-06 20:47:34.901 V/SUMA    ( 2354): [resman-c][dvbc_resman_flt_release 183]dvbc(2354)## s_resman_client_flt_hcbk release cbk idx=0 !!!
11-06 20:47:34.901 V/SUMA    ( 2354): [resman-c][Roc_ResMan_Filter_Release 1403]leave !!!
11-06 20:47:34.901 W/EsgNeiMengDealer( 2354): [TN_ThreadUtil-12]handleNormTable table content null
11-06 20:47:34.901 D/EsgNeiMengDealer( 2354): [TN_ThreadUtil-12]dealUpdateInfo updateInfo=null
11-06 20:47:34.901 D/EsgRunner( 2354): [TN_ThreadUtil-12]notifyUpdateEnd ads=null
11-06 20:47:34.913 W/ContextImpl( 2354): Calling a method in the system process without a qualified user: android.app.ContextImpl.sendBroadcast:1345 android.content.ContextWrapper.sendBroadcast:377 com.suma.midware.back.esg.e.f:-1 com.suma.midware.back.esg.f.run:-1 com.suma.midware.prop.util.c.run:-1 
11-06 20:47:34.927 D/BackBootDealerNeimeng( 2354): standbyState:
11-06 20:47:34.927 E/NetUtils( 2021): Interface eth0 LinkDown!
11-06 20:47:35.019 D/BasicFigure( 2493): [TN_GLThread 73]isDrawFocused relyElement=[BaseElement@346a37d9]focusScale[1.15]elementAlpha[-1.0]refectAlpha[-1.0]isFocusAble[true]shadowIndex[-1]autoJumpType[-1]uniqueID[54resSize0]rect[NULL]
11-06 20:47:35.019 D/BasicFigure( 2493): [TN_GLThread 73]isDrawFocused basicFigure=com.suma.midware.view.b.c.c@3914159e
11-06 20:47:35.428 D/BackBootDealerNeimeng( 2354): standbyState:
11-06 20:47:35.429 E/NetUtils( 2021): Interface eth0 LinkDown!
11-06 20:47:35.916 W/ContextImpl( 2354): Calling a method in the system process without a qualified user: android.app.ContextImpl.sendBroadcast:1345 android.content.ContextWrapper.sendBroadcast:377 com.suma.midware.back.esg.e.f:-1 com.suma.midware.back.esg.f.run:-1 com.suma.midware.prop.util.c.run:-1 
11-06 20:47:35.929 D/BackBootDealerNeimeng( 2354): standbyState:
11-06 20:47:35.930 E/NetUtils( 2021): Interface eth0 LinkDown!
11-06 20:47:36.050 D/BasicFigure( 2493): [TN_GLThread 73]isDrawFocused relyElement=[BaseElement@346a37d9]focusScale[1.15]elementAlpha[-1.0]refectAlpha[-1.0]isFocusAble[true]shadowIndex[-1]autoJumpType[-1]uniqueID[54resSize0]rect[NULL]
11-06 20:47:36.050 D/BasicFigure( 2493): [TN_GLThread 73]isDrawFocused basicFigure=com.suma.midware.view.b.c.c@3914159e
11-06 20:47:36.430 D/BackBootDealerNeimeng( 2354): standbyState:
11-06 20:47:36.431 E/NetUtils( 2021): Interface eth0 LinkDown!
11-06 20:47:36.919 W/ContextImpl( 2354): Calling a method in the system process without a qualified user: android.app.ContextImpl.sendBroadcast:1345 android.content.ContextWrapper.sendBroadcast:377 com.suma.midware.back.esg.e.f:-1 com.suma.midware.back.esg.f.run:-1 com.suma.midware.prop.util.c.run:-1 
11-06 20:47:36.932 D/BackBootDealerNeimeng( 2354): standbyState:
11-06 20:47:36.932 E/NetUtils( 2021): Interface eth0 LinkDown!
11-06 20:47:37.059 D/BasicFigure( 2493): [TN_GLThread 73]isDrawFocused relyElement=[BaseElement@346a37d9]focusScale[1.15]elementAlpha[-1.0]refectAlpha[-1.0]isFocusAble[true]shadowIndex[-1]autoJumpType[-1]uniqueID[54resSize0]rect[NULL]
11-06 20:47:37.059 D/BasicFigure( 2493): [TN_GLThread 73]isDrawFocused basicFigure=com.suma.midware.view.b.c.c@3914159e
11-06 20:47:37.433 D/BackBootDealerNeimeng( 2354): standbyState:
11-06 20:47:37.433 E/NetUtils( 2021): Interface eth0 LinkDown!
11-06 20:47:37.934 D/BackBootDealerNeimeng( 2354): standbyState:
11-06 20:47:37.935 E/NetUtils( 2021): Interface eth0 LinkDown!
11-06 20:47:38.090 D/BasicFigure( 2493): [TN_GLThread 73]isDrawFocused relyElement=[BaseElement@346a37d9]focusScale[1.15]elementAlpha[-1.0]refectAlpha[-1.0]isFocusAble[true]shadowIndex[-1]autoJumpType[-1]uniqueID[54resSize0]rect[NULL]
11-06 20:47:38.090 D/BasicFigure( 2493): [TN_GLThread 73]isDrawFocused basicFigure=com.suma.midware.view.b.c.c@3914159e
11-06 20:47:38.207 D/ir_user ( 1586): PlayerTimeLineTrace:linux_keycode:0x6a(DOWN),	protocol: .
11-06 20:47:38.207 V/PT      ( 1582): >>INFO:irkey_task:[      94.718093] /dev/input/event0: type=0001 code=006a val=00000001
11-06 20:47:38.207 V/PT      ( 1582): >>INFO:irkey_send:0x3001 0x0027 down
11-06 20:47:38.207 V/SUMA    ( 1582): ++++++++++++++  _roc_evtmgr_key_cbk 517:input = 12289, event=39, act=0x100
11-06 20:47:38.207 V/SUMA    ( 1582): lxm:_roc_evtmgr_key_cbk 519 94718
11-06 20:47:38.207 V/SUMA    ( 1582): lxm:_roc_evtmgr_add_evt_into_queue 347 94718
11-06 20:47:38.208 V/PT      ( 1582): >>INFO:irkey_task:[      94.718093] /dev/input/event0: type=0000 code=0000 val=00000000
11-06 20:47:38.208 V/SUMA    ( 1582): ===================>> type=0 src=0 evt=39 act=0x100
11-06 20:47:38.208 V/SUMA    ( 1582): [sysset-s][event_manager_cbk 78]lxm cbid=1, cbk_reg=1, cpid=2454
11-06 20:47:38.208 D/NGBEvent( 2454): ngbEventCallBack type:0 source :39
11-06 20:47:38.208 D/NGBEvent( 2454): [NGBEventManager-JNI]-returning:1
11-06 20:47:38.208 D/NGBEvent( 2454): Input key event: keyCode=39
11-06 20:47:38.208 D/NGBEvent( 2454): src:39 = dest:39
11-06 20:47:38.208 I/System.out( 2454): [DEBUG EventManager] LWJ--Add event to java with evt=NgbEvent-[type = 1, subtype = 401, code = 39]
11-06 20:47:38.208 D/NGBEvent( 2454): [NGBEvent_log]--[EventManager--JNI]:		start
11-06 20:47:38.208 I/System.out( 2454): [DEBUG EventManager] broadcastEvent  :len 1
11-06 20:47:38.209 D/CombineKeyUtil( 2454): [TN_pool-1-thread-1]dealKeyEvent,combineIndex:-1:keyCode:22
11-06 20:47:38.209 D/KeyEventNgbDealer( 2454): [TN_pool-1-thread-1]handleKeyPressed keyEvent=NgbEvent-[type = 1, subtype = 401, code = 39],time=94719
11-06 20:47:38.209 D/RemoteIME( 2316): onKeyDown event = KeyEvent { action=ACTION_DOWN, keyCode=KEYCODE_DPAD_RIGHT, scanCode=106, metaState=0, flags=0x8, repeatCount=0, eventTime=94718, downTime=94718, deviceId=3, source=0x701 },mSkbContainer=null
11-06 20:47:38.210 D/Main3DActivity( 2493): [TN_main]dispatchKeyEvent event=KeyEvent { action=ACTION_DOWN, keyCode=KEYCODE_DPAD_RIGHT, scanCode=106, metaState=0, flags=0x8, repeatCount=0, eventTime=94718, downTime=94718, deviceId=3, source=0x701 },isEventAble=true
11-06 20:47:38.210 D/InputEventConsistencyVerifier( 2493): KeyEvent: ACTION_DOWN but key is already down and this event is not a key repeat.
11-06 20:47:38.210 D/InputEventConsistencyVerifier( 2493):   in com.android.internal.policy.impl.PhoneWindow$DecorView{817b53b V.E..... R....... 0,0-1280,720}
11-06 20:47:38.210 D/InputEventConsistencyVerifier( 2493):   0: sent at 94718000000, KeyEvent { action=ACTION_DOWN, keyCode=KEYCODE_DPAD_RIGHT, scanCode=106, metaState=0, flags=0x8, repeatCount=0, eventTime=94718, downTime=94718, deviceId=3, source=0x701 }
11-06 20:47:38.210 D/InputEventConsistencyVerifier( 2493):   -- recent events --
11-06 20:47:38.210 D/InputEventConsistencyVerifier( 2493):   1: sent at 46629000000, KeyEvent { action=ACTION_DOWN, keyCode=KEYCODE_DPAD_CENTER, scanCode=28, metaState=0, flags=0x8, repeatCount=0, eventTime=46629, downTime=46629, deviceId=3, source=0x701 }
11-06 20:47:38.210 D/InputEventConsistencyVerifier( 2493):   2: sent at 46290000000, KeyEvent { action=ACTION_DOWN, keyCode=KEYCODE_DPAD_RIGHT, scanCode=106, metaState=0, flags=0x80000008, repeatCount=0, eventTime=46290, downTime=46290, deviceId=3, source=0x701 }
11-06 20:47:38.210 D/InputEventConsistencyVerifier( 2493):   3: sent at 45432000000, KeyEvent { action=ACTION_DOWN, keyCode=KEYCODE_DPAD_RIGHT, scanCode=106, metaState=0, flags=0x8, repeatCount=0, eventTime=45432, downTime=45432, deviceId=3, source=0x701 }
11-06 20:47:38.210 D/InputEventConsistencyVerifier( 2493):   4: sent at 45017000000, KeyEvent { action=ACTION_DOWN, keyCode=KEYCODE_DPAD_UP, scanCode=103, metaState=0, flags=0x80000008, repeatCount=0, eventTime=45017, downTime=45017, deviceId=3, source=0x701 }
11-06 20:47:38.210 D/InputEventConsistencyVerifier( 2493):   5: sent at 44322000000, KeyEvent { action=ACTION_DOWN, keyCode=KEYCODE_DPAD_UP, scanCode=103, metaState=0, flags=0x8, repeatCount=0, eventTime=44322, downTime=44322, deviceId=3, source=0x701 }
11-06 20:47:38.211 D/BasicRootView( 2493): [TN_main]dispatchKeyEvent event=KeyEvent { action=ACTION_DOWN, keyCode=KEYCODE_DPAD_RIGHT, scanCode=106, metaState=0, flags=0x80000008, repeatCount=0, eventTime=94718, downTime=94718, deviceId=3, source=0x701 },curRootPanel=com.suma.midware.home.third.a.a@25f7f74e
11-06 20:47:38.211 D/GLRootRenderer( 2493): dispatchKeyEvent event:KeyEvent { action=ACTION_DOWN, keyCode=KEYCODE_DPAD_RIGHT, scanCode=106, metaState=0, flags=0x80000008, repeatCount=0, eventTime=94718, downTime=94718, deviceId=3, source=0x701 }:lastKeyCode:23:lastKeyAction:0:lastkeycount:0:size:0
11-06 20:47:38.211 D/Scene   ( 2493): dispatchKeyEvent event:KeyEvent { action=ACTION_DOWN, keyCode=KEYCODE_DPAD_RIGHT, scanCode=106, metaState=0, flags=0x80000008, repeatCount=0, eventTime=94718, downTime=94718, deviceId=3, source=0x701 }
11-06 20:47:38.211 D/Scene   ( 2493): dispatchKeyEvent currentFocus = com.suma.midware.view.b.c.c@1821ea6e
11-06 20:47:38.211 D/Scene   ( 2493): dispatchKeyEvent nextFocus:null
11-06 20:47:38.212 D/BasicFigure( 2493): [TN_GLThread 73]dealKeyEvent event=KeyEvent { action=ACTION_DOWN, keyCode=KEYCODE_DPAD_RIGHT, scanCode=106, metaState=0, flags=0x80000008, repeatCount=0, eventTime=94718, downTime=94718, deviceId=3, source=0x701 }
11-06 20:47:38.213 D/MenuUtil( 2493): [TN_GLThread 73]searchHorizontalFigure x=1582.00,y=3.00000,width=180.000,height=134.000,excludeObj=com.suma.midware.view.b.c.c@1821ea6e
11-06 20:47:38.213 D/BasicFigure( 2493): [TN_GLThread 73]dealLeftRight obj3d=com.suma.midware.view.b.c.c@7a8d946,obj3dSize=6,basicPanel=null
11-06 20:47:38.213 D/BasicFigure( 2493): [TN_GLThread 73]onFocusLost figure=com.suma.midware.view.b.c.c@1821ea6e
11-06 20:47:38.213 D/BasicFigure( 2493): [TN_GLThread 73]onGlobalFocusLost figure=com.suma.midware.view.b.c.c@1821ea6e
11-06 20:47:38.214 D/BasicFigure( 2493): [TN_GLThread 73]onFocusGain figure=com.suma.midware.view.b.c.c@7a8d946
11-06 20:47:38.214 D/BasicFigure( 2493): [TN_GLThread 73]onGlobalFocusGain figure=com.suma.midware.view.b.c.c@7a8d946
11-06 20:47:38.225 D/BasicFigure( 2493): [TN_GLThread 73]isDrawFocused relyElement=[BaseElement@346a37d9]focusScale[1.15]elementAlpha[-1.0]refectAlpha[-1.0]isFocusAble[true]shadowIndex[-1]autoJumpType[-1]uniqueID[54resSize0]rect[NULL]
11-06 20:47:38.225 D/BasicFigure( 2493): [TN_GLThread 73]isDrawFocused basicFigure=com.suma.midware.view.b.c.c@3914159e
11-06 20:47:38.234 D/BasicFigure( 2493): [TN_GLThread 73]isDrawFocused relyElement=[BaseElement@346a37d9]focusScale[1.15]elementAlpha[-1.0]refectAlpha[-1.0]isFocusAble[true]shadowIndex[-1]autoJumpType[-1]uniqueID[54resSize0]rect[NULL]
11-06 20:47:38.234 D/BasicFigure( 2493): [TN_GLThread 73]isDrawFocused basicFigure=com.suma.midware.view.b.c.c@3914159e
11-06 20:47:38.308 D/ir_user ( 1586): PlayerTimeLineTrace:linux_keycode:0x6a(UP),	protocol: .
11-06 20:47:38.308 V/PT      ( 1582): >>INFO:irkey_task:[      94.819217] /dev/input/event0: type=0001 code=006a val=00000000
11-06 20:47:38.308 V/PT      ( 1582): >>INFO:irkey_send:0x3001 0x0027 up  
11-06 20:47:38.308 V/SUMA    ( 1582): ++++++++++++++  _roc_evtmgr_key_cbk 517:input = 12289, event=39, act=0x400
11-06 20:47:38.308 V/SUMA    ( 1582): lxm:_roc_evtmgr_key_cbk 519 94819
11-06 20:47:38.308 V/SUMA    ( 1582): lxm:_roc_evtmgr_add_key_into_queue 311 94819
11-06 20:47:38.309 V/PT      ( 1582): >>INFO:irkey_task:[      94.819217] /dev/input/event0: type=0000 code=0000 val=00000000
11-06 20:47:38.309 V/SUMA    ( 1582): ===================>> type=0 src=0 evt=39 act=0x400
11-06 20:47:38.309 V/SUMA    ( 1582): [sysset-s][event_manager_cbk 78]lxm cbid=1, cbk_reg=1, cpid=2454
11-06 20:47:38.309 D/NGBEvent( 2454): ngbEventCallBack type:0 source :39
11-06 20:47:38.309 D/NGBEvent( 2454): [NGBEventManager-JNI]-returning:1
11-06 20:47:38.309 D/NGBEvent( 2454): Input key event: keyCode=39
11-06 20:47:38.309 D/NGBEvent( 2454): src:39 = dest:39
11-06 20:47:38.309 I/System.out( 2454): [DEBUG EventManager] LWJ--Add event to java with evt=NgbEvent-[type = 1, subtype = 402, code = 39]
11-06 20:47:38.309 D/RemoteIME( 2316): RemoteIME--> onKeyUp keyCode = 22
11-06 20:47:38.309 D/NGBEvent( 2454): [NGBEvent_log]--[EventManager--JNI]:		start
11-06 20:47:38.310 I/System.out( 2454): [DEBUG EventManager] broadcastEvent  :len 1
11-06 20:47:38.310 D/KeyEventNgbDealer( 2454): [TN_pool-1-thread-1]handleKeyReleased keyEvent=NgbEvent-[type = 1, subtype = 402, code = 39],time=94820
11-06 20:47:38.310 D/Main3DActivity( 2493): [TN_main]dispatchKeyEvent event=KeyEvent { action=ACTION_UP, keyCode=KEYCODE_DPAD_RIGHT, scanCode=106, metaState=0, flags=0x8, repeatCount=0, eventTime=94819, downTime=94718, deviceId=3, source=0x701 },isEventAble=true
11-06 20:47:38.394 D/Advertiser( 2406): End of sleep at time:1509972458394
11-06 20:47:38.394 D/Advertiser( 2406): Begin announce....with thread:org.cybergarage.d.b.a@25ed9e23
11-06 20:47:38.394 D/TimerUtil( 2406): waitRandom time=300,waitTime=280
11-06 20:47:38.394 D/Device  ( 2406): announce deviceDataBindAddress null
11-06 20:47:38.396 D/Device  ( 2406): announce 0 bindAddress=192.168.31.115
11-06 20:47:38.396 D/HTTPMUSocket( 2406): open addr=239.255.255.250,port=1900,bindAddr=192.168.31.115
11-06 20:47:38.396 V/SUMA    ( 1582): >> Roc_ResMan_Filter_Release handler = 0x12028690 
11-06 20:47:38.396 V/SUMA    ( 1582): >> Roc_ResMan_Filter_Release handler = 0x12038730 
11-06 20:47:38.396 V/SUMA    ( 1582): [eit] process_evt_msg_timeout() eit_sh_flt_stop !!!
11-06 20:47:38.397 D/HTTPMUSocket( 2406): send msg:NOTIFY * HTTP/1.1
11-06 20:47:38.397 D/HTTPMUSocket( 2406): Server: Linux/3.18.24_hi3798mv2x UPnP/1.0 CyberLinkJava/1.8
11-06 20:47:38.397 D/HTTPMUSocket( 2406): Cache-Control: max-age=1800
11-06 20:47:38.397 D/HTTPMUSocket( 2406): Location: http://192.168.31.115:38520/description.xml
11-06 20:47:38.397 D/HTTPMUSocket( 2406): NTS: ssdp:alive
11-06 20:47:38.397 D/HTTPMUSocket( 2406): NT: upnp:rootdevice
11-06 20:47:38.397 D/HTTPMUSocket( 2406): USN: uuid:418c7b66-86de-45d5-90fd-13e1eb88db7e::upnp:rootdevice
11-06 20:47:38.397 D/HTTPMUSocket( 2406): HOST: 239.255.255.250:1900
11-06 20:47:38.397 D/HTTPMUSocket( 2406): 
11-06 20:47:38.397 D/HTTPMUSocket( 2406): bindAddr:null and port:-1
11-06 20:47:38.398 D/HTTPMUSocket( 2406): /192.168.31.115
11-06 20:47:38.399 D/HTTPMUSocket( 2406): send msg:NOTIFY * HTTP/1.1
11-06 20:47:38.399 D/HTTPMUSocket( 2406): Server: Linux/3.18.24_hi3798mv2x UPnP/1.0 CyberLinkJava/1.8
11-06 20:47:38.399 D/HTTPMUSocket( 2406): Cache-Control: max-age=1800
11-06 20:47:38.399 D/HTTPMUSocket( 2406): Location: http://192.168.31.115:38520/description.xml
11-06 20:47:38.399 D/HTTPMUSocket( 2406): NTS: ssdp:alive
11-06 20:47:38.399 D/HTTPMUSocket( 2406): NT: uuid:418c7b66-86de-45d5-90fd-13e1eb88db7e
11-06 20:47:38.399 D/HTTPMUSocket( 2406): USN: uuid:418c7b66-86de-45d5-90fd-13e1eb88db7e
11-06 20:47:38.399 D/HTTPMUSocket( 2406): HOST: 239.255.255.250:1900
11-06 20:47:38.399 D/HTTPMUSocket( 2406): 
11-06 20:47:38.399 D/HTTPMUSocket( 2406): bindAddr:null and port:-1
11-06 20:47:38.399 D/HTTPMUSocket( 2406): /192.168.31.115
11-06 20:47:38.399 D/HTTPMUSocket( 2406): send msg:NOTIFY * HTTP/1.1
11-06 20:47:38.399 D/HTTPMUSocket( 2406): Server: Linux/3.18.24_hi3798mv2x UPnP/1.0 CyberLinkJava/1.8
11-06 20:47:38.399 D/HTTPMUSocket( 2406): Cache-Control: max-age=1800
11-06 20:47:38.399 D/HTTPMUSocket( 2406): Location: http://192.168.31.115:38520/description.xml
11-06 20:47:38.399 D/HTTPMUSocket( 2406): NTS: ssdp:alive
11-06 20:47:38.399 D/HTTPMUSocket( 2406): NT: urn:schemas-upnp-org:device:MediaServer:1
11-06 20:47:38.399 D/HTTPMUSocket( 2406): USN: uuid:418c7b66-86de-45d5-90fd-13e1eb88db7e::urn:schemas-upnp-org:device:MediaServer:1
11-06 20:47:38.399 D/HTTPMUSocket( 2406): HOST: 239.255.255.250:1900
11-06 20:47:38.399 D/HTTPMUSocket( 2406): 
11-06 20:47:38.400 D/HTTPMUSocket( 2406): bindAddr:null and port:-1
11-06 20:47:38.400 D/HTTPMUSocket( 2406): /192.168.31.115
11-06 20:47:38.400 D/Device  ( 2406): announce bindAddr=192.168.31.115,devLocation=http://192.168.31.115:38520/description.xml,location=http://192.168.31.115:38520/description.xml
11-06 20:47:38.400 D/Device  ( 2406): announce bindAddr=192.168.31.115,serviceDesUrl=
11-06 20:47:38.401 D/HTTPMUSocket( 2406): open addr=239.255.255.250,port=1900,bindAddr=192.168.31.115
11-06 20:47:38.402 D/TimerUtil( 2406): waitRandom time=300,waitTime=220
11-06 20:47:38.402 D/HTTPMUSocket( 2406): send msg:NOTIFY * HTTP/1.1
11-06 20:47:38.402 D/HTTPMUSocket( 2406): Server: Linux/3.18.24_hi3798mv2x UPnP/1.0 CyberLinkJava/1.8
11-06 20:47:38.402 D/HTTPMUSocket( 2406): Cache-Control: max-age=1800
11-06 20:47:38.402 D/HTTPMUSocket( 2406): Location: http://192.168.31.115:38520/description.xml
11-06 20:47:38.402 D/HTTPMUSocket( 2406): NTS: ssdp:alive
11-06 20:47:38.402 D/HTTPMUSocket( 2406): NT: urn:schemas-upnp-org:service:ContentDirectory:1
11-06 20:47:38.402 D/HTTPMUSocket( 2406): USN: uuid:418c7b66-86de-45d5-90fd-13e1eb88db7e::urn:schemas-upnp-org:service:ContentDirectory:1
11-06 20:47:38.402 D/HTTPMUSocket( 2406): HOST: 239.255.255.250:1900
11-06 20:47:38.402 D/HTTPMUSocket( 2406): 
11-06 20:47:38.402 D/HTTPMUSocket( 2406): bindAddr:null and port:-1
11-06 20:47:38.402 D/HTTPMUSocket( 2406): /192.168.31.115
11-06 20:47:38.403 D/Device  ( 2406): announce bindAddr=192.168.31.115,serviceDesUrl=
11-06 20:47:38.403 D/HTTPMUSocket( 2406): open addr=239.255.255.250,port=1900,bindAddr=192.168.31.115
11-06 20:47:38.404 D/TimerUtil( 2406): waitRandom time=300,waitTime=201
11-06 20:47:38.405 D/HTTPMUSocket( 2406): send msg:NOTIFY * HTTP/1.1
11-06 20:47:38.405 D/HTTPMUSocket( 2406): Server: Linux/3.18.24_hi3798mv2x UPnP/1.0 CyberLinkJava/1.8
11-06 20:47:38.405 D/HTTPMUSocket( 2406): Cache-Control: max-age=1800
11-06 20:47:38.405 D/HTTPMUSocket( 2406): Location: http://192.168.31.115:38520/description.xml
11-06 20:47:38.405 D/HTTPMUSocket( 2406): NTS: ssdp:alive
11-06 20:47:38.405 D/HTTPMUSocket( 2406): NT: urn:schemas-upnp-org:service:ConnectionManager:1
11-06 20:47:38.405 D/HTTPMUSocket( 2406): USN: uuid:418c7b66-86de-45d5-90fd-13e1eb88db7e::urn:schemas-upnp-org:service:ConnectionManager:1
11-06 20:47:38.405 D/HTTPMUSocket( 2406): HOST: 239.255.255.250:1900
11-06 20:47:38.405 D/HTTPMUSocket( 2406): 
11-06 20:47:38.405 D/HTTPMUSocket( 2406): bindAddr:null and port:-1
11-06 20:47:38.405 D/HTTPMUSocket( 2406): /192.168.31.115
11-06 20:47:38.405 D/Device  ( 2406): announce bindAddr=192.168.31.115,serviceDesUrl=
11-06 20:47:38.406 D/HTTPMUSocket( 2406): open addr=239.255.255.250,port=1900,bindAddr=192.168.31.115
11-06 20:47:38.407 D/TimerUtil( 2406): waitRandom time=300,waitTime=130
11-06 20:47:38.407 D/HTTPMUSocket( 2406): send msg:NOTIFY * HTTP/1.1
11-06 20:47:38.407 D/HTTPMUSocket( 2406): Server: Linux/3.18.24_hi3798mv2x UPnP/1.0 CyberLinkJava/1.8
11-06 20:47:38.407 D/HTTPMUSocket( 2406): Cache-Control: max-age=1800
11-06 20:47:38.407 D/HTTPMUSocket( 2406): Location: http://192.168.31.115:38520/description.xml
11-06 20:47:38.407 D/HTTPMUSocket( 2406): NTS: ssdp:alive
11-06 20:47:38.407 D/HTTPMUSocket( 2406): NT: urn:schemas-upnp-org:service:AVTransport:1
11-06 20:47:38.407 D/HTTPMUSocket( 2406): USN: uuid:418c7b66-86de-45d5-90fd-13e1eb88db7e::urn:schemas-upnp-org:service:AVTransport:1
11-06 20:47:38.407 D/HTTPMUSocket( 2406): HOST: 239.255.255.250:1900
11-06 20:47:38.407 D/HTTPMUSocket( 2406): 
11-06 20:47:38.407 D/HTTPMUSocket( 2406): bindAddr:null and port:-1
11-06 20:47:38.408 D/HTTPMUSocket( 2406): /192.168.31.115
11-06 20:47:38.408 D/Device  ( 2406): announce bindAddr=192.168.31.115,serviceDesUrl=
11-06 20:47:38.408 D/HTTPMUSocket( 2406): open addr=239.255.255.250,port=1900,bindAddr=192.168.31.115
11-06 20:47:38.410 D/TimerUtil( 2406): waitRandom time=300,waitTime=129
11-06 20:47:38.410 D/HTTPMUSocket( 2406): send msg:NOTIFY * HTTP/1.1
11-06 20:47:38.410 D/HTTPMUSocket( 2406): Server: Linux/3.18.24_hi3798mv2x UPnP/1.0 CyberLinkJava/1.8
11-06 20:47:38.410 D/HTTPMUSocket( 2406): Cache-Control: max-age=1800
11-06 20:47:38.410 D/HTTPMUSocket( 2406): Location: http://192.168.31.115:38520/description.xml
11-06 20:47:38.410 D/HTTPMUSocket( 2406): NTS: ssdp:alive
11-06 20:47:38.410 D/HTTPMUSocket( 2406): NT: urn:sumavision.com:service:X_SUMA_EVENT:1
11-06 20:47:38.410 D/HTTPMUSocket( 2406): USN: uuid:418c7b66-86de-45d5-90fd-13e1eb88db7e::urn:sumavision.com:service:X_SUMA_EVENT:1
11-06 20:47:38.410 D/HTTPMUSocket( 2406): HOST: 239.255.255.250:1900
11-06 20:47:38.410 D/HTTPMUSocket( 2406): 
11-06 20:47:38.410 D/HTTPMUSocket( 2406): bindAddr:null and port:-1
11-06 20:47:38.410 D/HTTPMUSocket( 2406): /192.168.31.115
11-06 20:47:38.410 D/Advertiser( 2406): Advertise12:41000 at time:1509972458410 with thread:org.cybergarage.d.b.a@25ed9e23
11-06 20:47:38.435 D/BackBootDealerNeimeng( 2354): standbyState:
11-06 20:47:38.436 E/NetUtils( 2021): Interface eth0 LinkDown!
11-06 20:47:38.936 D/BackBootDealerNeimeng( 2354): standbyState:
11-06 20:47:38.937 E/NetUtils( 2021): Interface eth0 LinkDown!
11-06 20:47:39.025 D/IPLoaderNeimeng( 2354): after wait time20:47:39:monitorInterval:5000
11-06 20:47:39.026 D/IPLoaderNeimeng( 2354): before dealUpdateCheck time:20:47:39:isMsgBroadcast:false:monitorInterval:5000:processState:1
11-06 20:47:39.026 D/IPLoaderNeimeng( 2354): dealUpdateCheck isFirstSuccessUpdate:false:monitorInterval:5000
11-06 20:47:39.026 D/LoadHttpHandler( 2354): [TN_ThreadUtil-6]doNormal proxyConfig=null
11-06 20:47:39.081 D/LoadHttpHandler( 2354): [TN_ThreadUtil-6]doNormal responseCode=404
11-06 20:47:39.082 D/LoadHttpTask( 2354): dealUpdateCheck responseCode:404:data:null:downloadResult:false
11-06 20:47:39.082 D/IPLoaderNeimeng( 2354): after dealUpdateCheck time:20:47:39:isMsgBroadcast:false:monitorInterval:5000:processState:1
11-06 20:47:39.083 D/IPLoaderNeimeng( 2354): before wait time20:47:39:monitorInterval:5000
11-06 20:47:39.248 D/BasicFigure( 2493): [TN_GLThread 73]isDrawFocused relyElement=[BaseElement@346a37d9]focusScale[1.15]elementAlpha[-1.0]refectAlpha[-1.0]isFocusAble[true]shadowIndex[-1]autoJumpType[-1]uniqueID[54resSize0]rect[NULL]
11-06 20:47:39.248 D/BasicFigure( 2493): [TN_GLThread 73]isDrawFocused basicFigure=com.suma.midware.view.b.c.c@3914159e
11-06 20:47:39.437 D/BackBootDealerNeimeng( 2354): standbyState:
11-06 20:47:39.438 E/NetUtils( 2021): Interface eth0 LinkDown!
11-06 20:47:39.584 D/ir_user ( 1586): PlayerTimeLineTrace:linux_keycode:0x6a(DOWN),	protocol: .
11-06 20:47:39.584 V/PT      ( 1582): >>INFO:irkey_task:[      96.095377] /dev/input/event0: type=0001 code=006a val=00000001
11-06 20:47:39.584 V/PT      ( 1582): >>INFO:irkey_send:0x3001 0x0027 down
11-06 20:47:39.585 V/SUMA    ( 1582): ++++++++++++++  _roc_evtmgr_key_cbk 517:input = 12289, event=39, act=0x100
11-06 20:47:39.585 V/SUMA    ( 1582): lxm:_roc_evtmgr_key_cbk 519 96095
11-06 20:47:39.585 V/SUMA    ( 1582): lxm:_roc_evtmgr_add_evt_into_queue 347 96095
11-06 20:47:39.585 V/SUMA    ( 1582): ===================>> type=0 src=0 evt=39 act=0x100
11-06 20:47:39.585 V/PT      ( 1582): >>INFO:irkey_task:[      96.095377] /dev/input/event0: type=0000 code=0000 val=00000000
11-06 20:47:39.585 V/SUMA    ( 1582): [sysset-s][event_manager_cbk 78]lxm cbid=1, cbk_reg=1, cpid=2454
11-06 20:47:39.585 D/NGBEvent( 2454): ngbEventCallBack type:0 source :39
11-06 20:47:39.585 D/NGBEvent( 2454): [NGBEventManager-JNI]-returning:1
11-06 20:47:39.585 D/NGBEvent( 2454): Input key event: keyCode=39
11-06 20:47:39.585 D/NGBEvent( 2454): src:39 = dest:39
11-06 20:47:39.585 I/System.out( 2454): [DEBUG EventManager] LWJ--Add event to java with evt=NgbEvent-[type = 1, subtype = 401, code = 39]
11-06 20:47:39.586 D/NGBEvent( 2454): [NGBEvent_log]--[EventManager--JNI]:		start
11-06 20:47:39.586 I/System.out( 2454): [DEBUG EventManager] broadcastEvent  :len 1
11-06 20:47:39.586 D/CombineKeyUtil( 2454): [TN_pool-1-thread-1]dealKeyEvent,combineIndex:-1:keyCode:22
11-06 20:47:39.586 D/RemoteIME( 2316): onKeyDown event = KeyEvent { action=ACTION_DOWN, keyCode=KEYCODE_DPAD_RIGHT, scanCode=106, metaState=0, flags=0x8, repeatCount=0, eventTime=96095, downTime=96095, deviceId=3, source=0x701 },mSkbContainer=null
11-06 20:47:39.586 D/KeyEventNgbDealer( 2454): [TN_pool-1-thread-1]handleKeyPressed keyEvent=NgbEvent-[type = 1, subtype = 401, code = 39],time=96096
11-06 20:47:39.587 D/Main3DActivity( 2493): [TN_main]dispatchKeyEvent event=KeyEvent { action=ACTION_DOWN, keyCode=KEYCODE_DPAD_RIGHT, scanCode=106, metaState=0, flags=0x8, repeatCount=0, eventTime=96095, downTime=96095, deviceId=3, source=0x701 },isEventAble=true
11-06 20:47:39.587 D/InputEventConsistencyVerifier( 2493): KeyEvent: ACTION_DOWN but key is already down and this event is not a key repeat.
11-06 20:47:39.587 D/InputEventConsistencyVerifier( 2493):   in com.android.internal.policy.impl.PhoneWindow$DecorView{817b53b V.E..... R....... 0,0-1280,720}
11-06 20:47:39.587 D/InputEventConsistencyVerifier( 2493):   0: sent at 96095000000, KeyEvent { action=ACTION_DOWN, keyCode=KEYCODE_DPAD_RIGHT, scanCode=106, metaState=0, flags=0x8, repeatCount=0, eventTime=96095, downTime=96095, deviceId=3, source=0x701 }
11-06 20:47:39.587 D/InputEventConsistencyVerifier( 2493):   -- recent events --
11-06 20:47:39.587 D/InputEventConsistencyVerifier( 2493):   1: sent at 94718000000, KeyEvent { action=ACTION_DOWN, keyCode=KEYCODE_DPAD_RIGHT, scanCode=106, metaState=0, flags=0x80000008, repeatCount=0, eventTime=94718, downTime=94718, deviceId=3, source=0x701 }
11-06 20:47:39.587 D/InputEventConsistencyVerifier( 2493):   2: sent at 46629000000, KeyEvent { action=ACTION_DOWN, keyCode=KEYCODE_DPAD_CENTER, scanCode=28, metaState=0, flags=0x8, repeatCount=0, eventTime=46629, downTime=46629, deviceId=3, source=0x701 }
11-06 20:47:39.587 D/InputEventConsistencyVerifier( 2493):   3: sent at 46290000000, KeyEvent { action=ACTION_DOWN, keyCode=KEYCODE_DPAD_RIGHT, scanCode=106, metaState=0, flags=0x80000008, repeatCount=0, eventTime=46290, downTime=46290, deviceId=3, source=0x701 }
11-06 20:47:39.587 D/InputEventConsistencyVerifier( 2493):   4: sent at 45432000000, KeyEvent { action=ACTION_DOWN, keyCode=KEYCODE_DPAD_RIGHT, scanCode=106, metaState=0, flags=0x8, repeatCount=0, eventTime=45432, downTime=45432, deviceId=3, source=0x701 }
11-06 20:47:39.587 D/InputEventConsistencyVerifier( 2493):   5: sent at 45017000000, KeyEvent { action=ACTION_DOWN, keyCode=KEYCODE_DPAD_UP, scanCode=103, metaState=0, flags=0x80000008, repeatCount=0, eventTime=45017, downTime=45017, deviceId=3, source=0x701 }
11-06 20:47:39.587 D/BasicRootView( 2493): [TN_main]dispatchKeyEvent event=KeyEvent { action=ACTION_DOWN, keyCode=KEYCODE_DPAD_RIGHT, scanCode=106, metaState=0, flags=0x80000008, repeatCount=0, eventTime=96095, downTime=96095, deviceId=3, source=0x701 },curRootPanel=com.suma.midware.home.third.a.a@25f7f74e
11-06 20:47:39.588 D/GLRootRenderer( 2493): dispatchKeyEvent event:KeyEvent { action=ACTION_DOWN, keyCode=KEYCODE_DPAD_RIGHT, scanCode=106, metaState=0, flags=0x80000008, repeatCount=0, eventTime=96095, downTime=96095, deviceId=3, source=0x701 }:lastKeyCode:22:lastKeyAction:0:lastkeycount:0:size:0
11-06 20:47:39.588 D/Scene   ( 2493): dispatchKeyEvent event:KeyEvent { action=ACTION_DOWN, keyCode=KEYCODE_DPAD_RIGHT, scanCode=106, metaState=0, flags=0x80000008, repeatCount=0, eventTime=96095, downTime=96095, deviceId=3, source=0x701 }
11-06 20:47:39.588 D/Scene   ( 2493): dispatchKeyEvent currentFocus = com.suma.midware.view.b.c.c@7a8d946
11-06 20:47:39.588 D/Scene   ( 2493): dispatchKeyEvent nextFocus:null
11-06 20:47:39.588 D/BasicFigure( 2493): [TN_GLThread 73]dealKeyEvent event=KeyEvent { action=ACTION_DOWN, keyCode=KEYCODE_DPAD_RIGHT, scanCode=106, metaState=0, flags=0x80000008, repeatCount=0, eventTime=96095, downTime=96095, deviceId=3, source=0x701 }
11-06 20:47:39.589 D/MenuUtil( 2493): [TN_GLThread 73]searchHorizontalFigure x=1696.00,y=3.00000,width=180.000,height=134.000,excludeObj=com.suma.midware.view.b.c.c@7a8d946
11-06 20:47:39.590 D/BasicFigure( 2493): [TN_GLThread 73]dealLeftRight obj3d=null,obj3dSize=6,basicPanel=null
11-06 20:47:39.591 D/MenuUtil( 2493): [TN_GLThread 73]searchHorizontalFigure x=0.00000,y=3.00000,width=180.000,height=134.000,excludeObj=com.suma.midware.view.b.c.c@7a8d946
11-06 20:47:39.591 D/BasicFigure( 2493): [TN_GLThread 73]onFocusLost figure=com.suma.midware.view.b.c.c@7a8d946
11-06 20:47:39.591 D/BasicFigure( 2493): [TN_GLThread 73]onGlobalFocusLost figure=com.suma.midware.view.b.c.c@7a8d946
11-06 20:47:39.592 D/BasicColumn( 2493): [TN_GLThread 73]onFocus isFocus=true,index=0,nextIndex=-1
11-06 20:47:39.592 D/FixedRes( 2493): [TN_GLThread 73]getNineImgRes nineImgSize=2
11-06 20:47:39.592 D/BasicColumn( 2493): [TN_GLThread 73]moveFocus xOffset=151.000,yOffset=139.000
11-06 20:47:39.593 D/BasicColumn( 2493): [TN_GLThread 73]moveFocus width=267.000,height=199.000,curCube=116.0,60.0,1.0,curPosition=-387.0,10.0,0.0,focusScale=1.0,1.0,1.0
11-06 20:47:39.602 D/BasicFigure( 2493): [TN_GLThread 73]isDrawFocused relyElement=[BaseElement@346a37d9]focusScale[1.15]elementAlpha[-1.0]refectAlpha[-1.0]isFocusAble[true]shadowIndex[-1]autoJumpType[-1]uniqueID[54resSize0]rect[NULL]
11-06 20:47:39.602 D/BasicFigure( 2493): [TN_GLThread 73]isDrawFocused basicFigure=com.suma.midware.view.b.c.c@3914159e
11-06 20:47:39.612 D/BasicFigure( 2493): [TN_GLThread 73]isDrawFocused relyElement=[BaseElement@346a37d9]focusScale[1.15]elementAlpha[-1.0]refectAlpha[-1.0]isFocusAble[true]shadowIndex[-1]autoJumpType[-1]uniqueID[54resSize0]rect[NULL]
11-06 20:47:39.612 D/BasicFigure( 2493): [TN_GLThread 73]isDrawFocused basicFigure=com.suma.midware.view.b.c.c@3914159e
11-06 20:47:39.794 D/ir_user ( 1586): PlayerTimeLineTrace:linux_keycode:0x6a(UP),	protocol: .
11-06 20:47:39.794 V/PT      ( 1582): >>INFO:irkey_task:[      96.304714] /dev/input/event0: type=0001 code=006a val=00000000
11-06 20:47:39.794 V/PT      ( 1582): >>INFO:irkey_send:0x3001 0x0027 up  
11-06 20:47:39.794 V/SUMA    ( 1582): ++++++++++++++  _roc_evtmgr_key_cbk 517:input = 12289, event=39, act=0x400
11-06 20:47:39.794 V/SUMA    ( 1582): lxm:_roc_evtmgr_key_cbk 519 96305
11-06 20:47:39.794 V/SUMA    ( 1582): lxm:_roc_evtmgr_add_key_into_queue 311 96305
11-06 20:47:39.794 V/PT      ( 1582): >>INFO:irkey_task:[      96.304714] /dev/input/event0: type=0000 code=0000 val=00000000
11-06 20:47:39.794 V/SUMA    ( 1582): ===================>> type=0 src=0 evt=39 act=0x400
11-06 20:47:39.794 V/SUMA    ( 1582): [sysset-s][event_manager_cbk 78]lxm cbid=1, cbk_reg=1, cpid=2454
11-06 20:47:39.795 D/NGBEvent( 2454): ngbEventCallBack type:0 source :39
11-06 20:47:39.795 D/NGBEvent( 2454): [NGBEventManager-JNI]-returning:1
11-06 20:47:39.795 D/NGBEvent( 2454): Input key event: keyCode=39
