11-06 20:47:00.904 D/BasicFigure( 2493): [TN_GLThread 73]isDrawFocused basicFigure=com.suma.midware.view.b.c.c@3914159e
11-06 20:47:00.914 D/BasicFigure( 2493): [TN_GLThread 73]isDrawFocused relyElement=[BaseElement@346a37d9]focusScale[1.15]elementAlpha[-1.0]refectAlpha[-1.0]isFocusAble[true]shadowIndex[-1]autoJumpType[-1]uniqueID[54resSize0]rect[NULL]
11-06 20:47:00.914 D/BasicFigure( 2493): [TN_GLThread 73]isDrawFocused basicFigure=com.suma.midware.view.b.c.c@3914159e
11-06 20:47:00.924 D/BasicFigure( 2493): [TN_GLThread 73]isDrawFocused relyElement=[BaseElement@346a37d9]focusScale[1.15]elementAlpha[-1.0]refectAlpha[-1.0]isFocusAble[true]shadowIndex[-1]autoJumpType[-1]uniqueID[54resSize0]rect[NULL]
11-06 20:47:00.924 D/BasicFigure( 2493): [TN_GLThread 73]isDrawFocused basicFigure=com.suma.midware.view.b.c.c@3914159e
11-06 20:47:00.936 D/BasicFigure( 2493): [TN_GLThread 73]isDrawFocused relyElement=[BaseElement@346a37d9]focusScale[1.15]elementAlpha[-1.0]refectAlpha[-1.0]isFocusAble[true]shadowIndex[-1]autoJumpType[-1]uniqueID[54resSize0]rect[NULL]
11-06 20:47:00.936 D/BasicFigure( 2493): [TN_GLThread 73]isDrawFocused basicFigure=com.suma.midware.view.b.c.c@3914159e
11-06 20:47:00.956 D/BasicFigure( 2493): [TN_GLThread 73]isDrawFocused relyElement=[BaseElement@346a37d9]focusScale[1.15]elementAlpha[-1.0]refectAlpha[-1.0]isFocusAble[true]shadowIndex[-1]autoJumpType[-1]uniqueID[54resSize0]rect[NULL]
11-06 20:47:00.956 D/BasicFigure( 2493): [TN_GLThread 73]isDrawFocused basicFigure=com.suma.midware.view.b.c.c@3914159e
11-06 20:47:00.976 D/BasicFigure( 2493): [TN_GLThread 73]isDrawFocused relyElement=[BaseElement@346a37d9]focusScale[1.15]elementAlpha[-1.0]refectAlpha[-1.0]isFocusAble[true]shadowIndex[-1]autoJumpType[-1]uniqueID[54resSize0]rect[NULL]
11-06 20:47:00.976 D/BasicFigure( 2493): [TN_GLThread 73]isDrawFocused basicFigure=com.suma.midware.view.b.c.c@3914159e
11-06 20:47:00.985 D/AppUtil ( 2354): [TN_ThreadUtil-3]getActivityPkg index=0,comp=ComponentInfo{com.suma.midware.home/com.suma.midware.home.third.Main3DActivity}
11-06 20:47:00.986 D/AppKiller( 2354): [TN_ThreadUtil-3]backKill curPkgName=com.suma.midware.home
11-06 20:47:00.995 D/BasicFigure( 2493): [TN_GLThread 73]isDrawFocused relyElement=[BaseElement@346a37d9]focusScale[1.15]elementAlpha[-1.0]refectAlpha[-1.0]isFocusAble[true]shadowIndex[-1]autoJumpType[-1]uniqueID[54resSize0]rect[NULL]
11-06 20:47:00.995 D/BasicFigure( 2493): [TN_GLThread 73]isDrawFocused basicFigure=com.suma.midware.view.b.c.c@3914159e
11-06 20:47:01.017 D/BasicFigure( 2493): [TN_GLThread 73]isDrawFocused relyElement=[BaseElement@346a37d9]focusScale[1.15]elementAlpha[-1.0]refectAlpha[-1.0]isFocusAble[true]shadowIndex[-1]autoJumpType[-1]uniqueID[54resSize0]rect[NULL]
11-06 20:47:01.017 D/BasicFigure( 2493): [TN_GLThread 73]isDrawFocused basicFigure=com.suma.midware.view.b.c.c@3914159e
11-06 20:47:01.116 D/ChannelHandler( 2493): [TN_main]changeSurfaceView width=1920,rect=[BaseRect@f6841383]x[74.0]y[212.0]z[0.0]xSize[674.0]ySize[379.0]zSize[0.0]xRotation[0.0]yRotation[0.0]zRotation[0.0]xScale[0.0]yScale[0.0]zScale[0.0],displayMetrics=DisplayMetrics{density=1.0, width=1280, height=720, scaledDensity=1.0, xdpi=160.0, ydpi=160.0}
11-06 20:47:01.117 D/PlayNgbDealer( 2354): [TN_Binder_2]findPlayer index=0,findType=1,channelIndex=0
11-06 20:47:01.117 D/Media   ( 2354): ^^^^player preparePlayer channelNum=0.
11-06 20:47:01.117 D/Media   ( 2354): ^^^^preparePlayer, url==NULL
11-06 20:47:01.117 V/SUMA    ( 2354): [ngbplayer-c][ngb_media_player_open 252]ngb media player open
11-06 20:47:01.117 V/SUMA    ( 1582): [NGBM] ngb_media_player_open enter !!! url=(null), channel=0
11-06 20:47:01.117 V/SUMA    ( 1582): [NGBM] media_print_video_attr display=1 rect=[0 0 1920 1080] ratio=6 cvrs=4
11-06 20:47:01.117 V/SUMA    ( 1582): [NGBM] context_vplayer_handle vplayer create ok!
11-06 20:47:01.117 V/SUMA    ( 1582): [VPLAYER] vplayer_init() version=2015-01-05-01
11-06 20:47:01.117 V/SUMA    ( 1582): [VPLAYER] vplayer_open() enter! url=(null)
11-06 20:47:01.117 V/SUMA    ( 1582): [VPLAYER 0xabcd0000] vplayer_open() leave! hvplayer=0xb3098100
11-06 20:47:01.117 V/SUMA    ( 1582): [NGBM] context_vplayer_ioctl unknown command 12
11-06 20:47:01.117 V/SUMA    ( 1582): [NGBM] context_vplayer_ioctl leave. ret=0
11-06 20:47:01.117 V/SUMA    ( 1582): [VPLAYER 0xabcd0000] vplayer_ioctl() enter! hvplayer=0xb3098100 VPLAYER_IOCTL_SET_WINDOW
11-06 20:47:01.117 V/SUMA    ( 1582): [VPLAYER 0xabcd0000] vplayer_ioctl() leave! hvplayer=0xb3098100 VPLAYER_IOCTL_SET_WINDOW rect=[0 0 1920 1080]
11-06 20:47:01.117 V/SUMA    ( 1582): [NGBM] context_vplayer_ioctl leave. ret=0
11-06 20:47:01.117 V/SUMA    ( 1582): [VPLAYER 0xabcd0000] vplayer_ioctl() enter! hvplayer=0xb3098100 VPLAYER_IOCTL_SET_ASPECT_RATIO
11-06 20:47:01.117 V/SUMA    ( 1582): [VPLAYER 0xabcd0000] vplayer_ioctl() leave! hvplayer=0xb3098100 VPLAYER_IOCTL_SET_ASPECT_RATIO ratio=6
11-06 20:47:01.117 V/SUMA    ( 1582): [NGBM] context_vplayer_ioctl leave. ret=0
11-06 20:47:01.117 V/SUMA    ( 1582): [VPLAYER 0xabcd0000] vplayer_ioctl() enter! hvplayer=0xb3098100 VPLAYER_IOCTL_SET_ASPECT_CVRS 
11-06 20:47:01.117 V/SUMA    ( 1582): [VPLAYER 0xabcd0000] vplayer_ioctl() leave! hvplayer=0xb3098100 VPLAYER_IOCTL_SET_ASPECT_CVRS cvrs=4
11-06 20:47:01.118 V/SUMA    ( 1582): [NGBM] context_vplayer_ioctl leave. ret=0
11-06 20:47:01.118 V/SUMA    ( 1582): [NGBM] media_print_video_attr display=1 rect=[0 0 1920 1080] ratio=6 cvrs=4
11-06 20:47:01.118 V/SUMA    ( 1582): [NGBM] ngb_media_player_open leave hplayer=0x00ff0000 ret=0
11-06 20:47:01.118 V/SUMA    ( 1582):        url=NULL
11-06 20:47:01.118 V/SUMA    ( 2354): [ngbplayer-c][ngb_media_player_open 282]ngbplayers = 1
11-06 20:47:01.118 D/Media   ( 2354): ^^^^player registPlayerListener.
11-06 20:47:01.118 V/SUMA    ( 1582): [NGBM] ngb_media_player_enreg enter !!! hplayer=0xff0000
11-06 20:47:01.118 V/SUMA    ( 1582): [NGBM] context_vplayer_ioctl leave. ret=0
11-06 20:47:01.118 V/SUMA    ( 1582): [NGBM] ngb_media_player_enreg leave hplayer=0x00ff0000 ret=0
11-06 20:47:01.118 D/PlayNgbDealer( 2354): [TN_Binder_2]findPlayer index=0,player=org.ngb.media.PlayerImpl@8cfeb64
11-06 20:47:01.118 D/PlayNgbDealer( 2354): [TN_Binder_2]setPlayerWindow index=0,playerNum=1,rect=Rect(49, 141 - 498, 393),info=[PlayerInfo@15d46972]index[0]id[0]userPID[2493]playerState[-1]isVideoPlay[false]isAudioPlay[false]isGetting[false]bChannel[null]retrieverTime[-1]playTime[-1]dataInfo[[DataInfo@2d8dea40]playUrl[null]rect[null]channel[null]]
11-06 20:47:01.118 D/Media   ( 2354): ^^^^player setBounds.
11-06 20:47:01.118 V/SUMA    ( 1582): [NGBM] ngb_media_player_set_video_window enter !!! hplayer=0xff0000
11-06 20:47:01.118 V/SUMA    ( 1582): [VPLAYER 0xabcd0000] vplayer_ioctl() enter! hvplayer=0xb3098100 VPLAYER_IOCTL_SET_WINDOW
11-06 20:47:01.118 V/SUMA    ( 1582): [VPLAYER 0xabcd0000] vplayer_ioctl() leave! hvplayer=0xb3098100 VPLAYER_IOCTL_SET_WINDOW rect=[49 141 449 252]
11-06 20:47:01.118 V/SUMA    ( 1582): [NGBM] context_vplayer_ioctl leave. ret=0
11-06 20:47:01.118 V/SUMA    ( 1582): [NGBM] ngb_media_player_set_video_window leave hplayer=0xff0000 ret=0
11-06 20:47:01.119 D/PlayerManager( 2493): [TN_main]addPlayTask playTask=[PlayDirectTask@224f8388]playTaskType[6]playType[0]playerType[-1]isEcmSet[true]playerIndex[0]tunerIndex[0]channel[[DirectChannel@32501b]channelID[0]oNetID[1]tsID[31]serviceID[3102]freq[371000]name[CCTV-1高清]serviceType[8]attr[16384]serialNum[1]serialNum4[1]pcrPID[49]refServiceID[-1]],state=0
11-06 20:47:01.119 D/PlayExcuter( 2493): [TN_main]notifyPlay type=8,curType=-2,cancelType=-1,cancelVideoType=-1,isResetData=false,task=[PlayDirectTask@224f8388]playTaskType[6]playType[0]playerType[-1]isEcmSet[true]playerIndex[0]tunerIndex[0]channel[[DirectChannel@32501b]channelID[0]oNetID[1]tsID[31]serviceID[3102]freq[371000]name[CCTV-1高清]serviceType[8]attr[16384]serialNum[1]serialNum4[1]pcrPID[49]refServiceID[-1]],this.task=null,indexs=null
11-06 20:47:01.119 D/PlayExcuter( 2493): [TN_main]mergeTask sourceTask=null,destiTask=[PlayDirectTask@224f8388]playTaskType[6]playType[0]playerType[-1]isEcmSet[true]playerIndex[0]tunerIndex[0]channel[[DirectChannel@32501b]channelID[0]oNetID[1]tsID[31]serviceID[3102]freq[371000]name[CCTV-1高清]serviceType[8]attr[16384]serialNum[1]serialNum4[1]pcrPID[49]refServiceID[-1]]
11-06 20:47:01.119 D/PlayExcuter( 2493): [TN_ThreadUtil-2]excuteTask task=[PlayDirectTask@224f8388]playTaskType[6]playType[0]playerType[-1]isEcmSet[true]playerIndex[0]tunerIndex[0]channel[[DirectChannel@32501b]channelID[0]oNetID[1]tsID[31]serviceID[3102]freq[371000]name[CCTV-1高清]serviceType[8]attr[16384]serialNum[1]serialNum4[1]pcrPID[49]refServiceID[-1]]
11-06 20:47:01.119 D/PlayExcuter( 2493): [TN_ThreadUtil-2]excuteTask curExcuter=com.suma.midware.prop.play.PlayDirectExcuter@191ea121
11-06 20:47:01.123 D/CustomSurfaceView( 2493): onMeasure widthMeasureSpec:400001c1:heightMeasureSpec:800002d0:width:449:height:252
11-06 20:47:01.123 D/CustomSurfaceView( 2493): onMeasure width:449:height:720
11-06 20:47:01.123 D/CustomSurfaceView( 2493): onMeasure widthMeasureSpec:400001c1:heightMeasureSpec:400000fc:width:449:height:252
11-06 20:47:01.123 D/CustomSurfaceView( 2493): onMeasure width:449:height:252
11-06 20:47:01.123 D/CustomSurfaceView( 2493): onMeasure widthMeasureSpec:400001c1:heightMeasureSpec:800002d0:width:449:height:252
11-06 20:47:01.123 D/CustomSurfaceView( 2493): onMeasure width:449:height:720
11-06 20:47:01.123 D/CustomSurfaceView( 2493): onMeasure widthMeasureSpec:400001c1:heightMeasureSpec:400000fc:width:449:height:252
11-06 20:47:01.123 D/CustomSurfaceView( 2493): onMeasure width:449:height:252
11-06 20:47:01.220 D/SysEventBaseDealer( 2354): [TN_ThreadUtil-0]handleEvent event=[SignalEvent@d97e1cd]signalState[-1]index[0]channel[null]
11-06 20:47:01.220 D/SysEventBaseDealer( 2354): [TN_ThreadUtil-0]handleSignalEvent signalEvent=[SignalEvent@d97e1cd]signalState[-1]index[0]channel[null],channel=null
11-06 20:47:01.220 D/SysEventBaseDealer( 2354): [TN_ThreadUtil-0]handleSignalEvent 0 info=[PlayStateInfo@231f1f57]index[0]signalState[1]caState[-1]caErrCode[0]channel[null]
11-06 20:47:01.221 V/SUMA    ( 1582): [resman-s][onTransact 216]code[0x1200010b] client pid = 2354
11-06 20:47:01.347 D/BackBootDealerNeimeng( 2354): standbyState:
11-06 20:47:01.347 E/NetUtils( 2021): Interface eth0 LinkDown!
11-06 20:47:01.693 V/SUMA    ( 2354): [cas-c][CA_Manager_GetManufactureInfoSync 2590]enter !!!
11-06 20:47:01.696 W/ResourceType( 2164): No package identifier when getting value for resource number 0x00000000
11-06 20:47:01.697 W/PackageManager( 2164): Failure retrieving resources for com.suma.midware.setting: Resource ID #0x0
11-06 20:47:01.830 V/SUMA    ( 2354): [cas-c][CA_Manager_GetManufactureInfoSync 2604]leave !!!
11-06 20:47:01.831 D/CAManagerNative( 2354): getCardInfo.CA_Manager_GetManufactureInfoSync result=0
11-06 20:47:01.848 D/BackBootDealerNeimeng( 2354): standbyState:
11-06 20:47:01.848 E/NetUtils( 2021): Interface eth0 LinkDown!
11-06 20:47:01.909 V/SUMA    ( 1582): >> rocme_porting_[0]tuner[0]_scanning fre = 371000 sym = 6875 qam = 3 ,res_state = 0x1
11-06 20:47:01.909 V/SUMA    ( 1582): [resman-s][dvb_server_resman_event_cbk 1615]enter dvb_server_resman_event_cbk
11-06 20:47:01.909 V/SUMA    ( 1582): [resman-s][dvb_server_resman_event_cbk 1656]leave dvb_server_resman_event_cbk
11-06 20:47:01.909 D/tuning  ( 2354): ^^^tunerEventCallback is called,  event=210002 
11-06 20:47:01.910 V/SUMA    ( 1582): >> ROC TNR(0)-EVENT = 0x210002 ROC_RES_TUNER_TUNER_EVT_LOCK_FAILED
11-06 20:47:01.910 V/SUMA    ( 1582): >> Roc_Tuner_CableScanning end : time = 58420 ms ,total time = 1191 ms 
11-06 20:47:01.910 V/SUMA    ( 1582): [resman-s][onTransact 216]code[0x1200010b] client pid = 2354
11-06 20:47:01.911 E/HI_TUNER( 1582): [ERROR-HI_TUNER]:HI_UNF_TUNER_GetBER[4827]:SIGNAL DROP
11-06 20:47:01.912 E/HI_TUNER( 1582): [ERROR-HI_TUNER]:HI_UNF_TUNER_GetSNR[5131]:SIGNAL DROP
11-06 20:47:01.914 V/PT      ( 1582): >>INFO:rocme_porting_tuner_get_signal_info:u32SNR = 0x0,u32SignalStrength = 0x5
11-06 20:47:01.914 V/PT      ( 1582): >>INFO:rocme_porting_tuner_get_signal_info:base_integer = 0x0,base_decimal = 0x0,exponent = 0x7
11-06 20:47:01.915 V/SUMA    ( 1582): [resman-s][onTransact 1574]leave transact client pid = 2354
11-06 20:47:01.915 I/System.out( 2354): [DEBUG TunerInfo] integer :0
11-06 20:47:01.915 I/System.out( 2354): [DEBUG TunerInfo] berDecimal :0
11-06 20:47:01.915 I/System.out( 2354): [DEBUG TunerInfo] berExp :7
11-06 20:47:01.916 D/SysEventBaseDealer( 2354): [TN_ThreadUtil-0]handleSignalEvent signalType=1
11-06 20:47:01.917 E/HI_TUNER( 1582): [ERROR-HI_TUNER]:HI_UNF_TUNER_GetBER[4827]:SIGNAL DROP
11-06 20:47:01.918 E/HI_TUNER( 1582): [ERROR-HI_TUNER]:HI_UNF_TUNER_GetSNR[5131]:SIGNAL DROP
11-06 20:47:01.919 V/PT      ( 1582): >>INFO:rocme_porting_tuner_get_signal_info:u32SNR = 0x0,u32SignalStrength = 0x6
11-06 20:47:01.919 V/PT      ( 1582): >>INFO:rocme_porting_tuner_get_signal_info:base_integer = 0x0,base_decimal = 0x0,exponent = 0x7
11-06 20:47:01.921 V/SUMA    ( 1582): [resman-s][onTransact 1574]leave transact client pid = 2354
11-06 20:47:01.921 D/tuning  ( 2354): ^^^^in tuner callBack. Query result=1,freq=371000
11-06 20:47:01.921 I/System.out( 2354): [DEBUG networkInterface] You see: NI listener's size=1
11-06 20:47:01.921 D/TunerNgbDealer( 2354): [TN_Thread-56]receiveNIEvent event=org.davic.net.tuning.NetworkInterfaceTuningOverEvent[source=class org.davic.net.tuning.NetworkInterfaceTuningOverEvent]
11-06 20:47:01.922 D/TunerNgbDealer( 2354): [TN_Thread-56]receiveNIEvent 0 tunerDes=[TunerDes@164ce9ee]isLock[false]isReserve[true]nHandle[0]moduleName[null]ni[org.davic.net.tuning.NetworkInterface@a1a4e8f]nic[org.ngb.broadcast.dvb.tuning.DvbNetworkInterfaceController@22bd351c]ds[[CableDeliverySystem@1544d8dd]freq[371000]fecOuter[0]modulation[3]symbolRate[6875]fecInner[0]]
11-06 20:47:01.969 I/EthernetNetworkFactory( 2021): updateInterfaceState :the mIface is:eth0iface is wlan0 true
11-06 20:47:01.985 E/WifiAutoJoinController ( 2021): Xiaomi_D52C 78:11:dc:10:d5:2d rssi=-28 cap [WPA-PSK-CCMP+TKIP][WPA2-PSK-CCMP+TKIP][WPS][ESS] is not scored
11-06 20:47:01.985 E/WifiAutoJoinController ( 2021): GDWL 86:79:73:27:8c:19 rssi=-45 cap [WPA-PSK-CCMP][WPA2-PSK-CCMP][ESS] is not scored
11-06 20:47:01.986 E/WifiAutoJoinController ( 2021): GDWL 86:79:73:27:8c:0d rssi=-46 cap [WPA-PSK-CCMP][WPA2-PSK-CCMP][ESS] is not scored
11-06 20:47:01.986 E/WifiAutoJoinController ( 2021): TP-LINK_BAF2C2 0c:72:2c:ba:f2:c2 rssi=-56 cap [WPA-PSK-CCMP][WPA2-PSK-CCMP][WPS][ESS] is not scored
11-06 20:47:01.987 E/WifiAutoJoinController ( 2021): MERCURY_AD88 e4:f3:f5:aa:ad:88 rssi=-50 cap [WPA-PSK-CCMP][WPA2-PSK-CCMP][ESS] is not scored
11-06 20:47:01.987 E/WifiAutoJoinController ( 2021): GDWL 86:79:73:27:8c:11 rssi=-62 cap [WPA-PSK-CCMP][WPA2-PSK-CCMP][ESS] is not scored
11-06 20:47:01.987 E/WifiAutoJoinController ( 2021): TP-LINK_11AF56 9c:21:6a:11:af:56 rssi=-66 cap [WPA-PSK-CCMP][WPA2-PSK-CCMP][WPS][ESS] is not scored
11-06 20:47:01.988 E/WifiAutoJoinController ( 2021): GDWL 86:79:73:27:8c:13 rssi=-70 cap [WPA-PSK-CCMP][WPA2-PSK-CCMP][ESS] is not scored
11-06 20:47:01.988 E/WifiAutoJoinController ( 2021): Office_Net e4:f3:f5:a4:00:c0 rssi=-69 cap [WPA-PSK-CCMP][WPA2-PSK-CCMP][ESS] is not scored
11-06 20:47:01.989 E/WifiAutoJoinController ( 2021): 4lou ec:26:ca:2e:87:1a rssi=-71 cap [WPA-PSK-CCMP][WPA2-PSK-CCMP][ESS] is not scored
11-06 20:47:01.989 E/WifiAutoJoinController ( 2021): GDWL 86:79:73:27:8c:1d rssi=-70 cap [WPA-PSK-CCMP][WPA2-PSK-CCMP][ESS] is not scored
11-06 20:47:01.989 E/WifiAutoJoinController ( 2021): GDWL 86:79:73:27:8c:27 rssi=-74 cap [WPA-PSK-CCMP][WPA2-PSK-CCMP][ESS] is not scored
11-06 20:47:01.990 E/WifiAutoJoinController ( 2021): CMCC 06:11:b5:17:bd:d5 rssi=-72 cap [WPA-EAP-CCMP+TKIP][WPA2-EAP-CCMP+TKIP][ESS] is not scored
11-06 20:47:01.990 E/WifiAutoJoinController ( 2021): WLGS 1c:fa:68:05:a3:5a rssi=-76 cap [WPA-PSK-CCMP][WPA2-PSK-CCMP][WPS][ESS] is not scored
11-06 20:47:01.990 E/WifiAutoJoinController ( 2021): HUAWEI-4MHCPZ 88:44:77:a2:af:60 rssi=-77 cap [WPA2-PSK-CCMP][WPS][ESS] is not scored
11-06 20:47:01.991 E/WifiAutoJoinController ( 2021): GDWL 86:79:73:27:87:8f rssi=-76 cap [WPA-PSK-CCMP][WPA2-PSK-CCMP][ESS] is not scored
11-06 20:47:01.991 E/WifiAutoJoinController ( 2021): GDWL 86:79:73:27:8c:23 rssi=-78 cap [WPA-PSK-CCMP][WPA2-PSK-CCMP][ESS] is not scored
11-06 20:47:01.992 E/WifiAutoJoinController ( 2021):  84:79:73:27:8c:19 rssi=-44 cap [WEP][ESS] is not scored
11-06 20:47:01.992 E/WifiAutoJoinController ( 2021):  84:79:73:27:8c:0d rssi=-46 cap [WEP][ESS] is not scored
11-06 20:47:01.992 E/WifiAutoJoinController ( 2021):  84:79:73:27:8c:11 rssi=-66 cap [WEP][ESS] is not scored
11-06 20:47:01.993 E/WifiAutoJoinController ( 2021):  84:79:73:27:8c:1d rssi=-71 cap [WEP][ESS] is not scored
11-06 20:47:01.993 E/WifiAutoJoinController ( 2021):  84:79:73:27:8c:13 rssi=-70 cap [WEP][ESS] is not scored
11-06 20:47:01.994 E/WifiAutoJoinController ( 2021):  84:79:73:27:8c:23 rssi=-72 cap [WEP][ESS] is not scored
11-06 20:47:01.994 E/WifiAutoJoinController ( 2021):  84:79:73:27:8c:27 rssi=-72 cap [WEP][ESS] is not scored
11-06 20:47:01.995 E/WifiAutoJoinController ( 2021): MERCURY_EDE4 e4:f3:f5:6a:ed:e4 rssi=-46 cap [ESS] is not scored
11-06 20:47:01.995 E/WifiAutoJoinController ( 2021): CMCC-family 0a:11:b5:17:bd:d5 rssi=-68 cap [ESS] is not scored
11-06 20:47:01.995 E/WifiAutoJoinController ( 2021): CMCC-WEB 00:11:b5:17:bd:d5 rssi=-68 cap [ESS] is not scored
11-06 20:47:01.996 E/WifiAutoJoinController ( 2021): and-Business 0e:11:b5:17:bd:d5 rssi=-68 cap [ESS] is not scored
11-06 20:47:01.996 E/WifiAutoJoinController ( 2021): 影视娱乐频道 24:69:68:79:91:8a rssi=-72 cap [WPA-PSK-CCMP][WPA2-PSK-CCMP][ESS] is not scored
11-06 20:47:01.997 E/WifiAutoJoinController ( 2021): SLY a8:57:4e:b5:f7:a8 rssi=-78 cap [WPA-PSK-CCMP][WPA2-PSK-CCMP][WPS][ESS] is not scored
11-06 20:47:01.997 E/WifiAutoJoinController ( 2021):  84:79:73:27:87:8f rssi=-76 cap [WEP][ESS] is not scored
11-06 20:47:01.998 E/WifiAutoJoinController ( 2021): HUAWEI-VYGUV5 00:5a:13:61:fa:ac rssi=-78 cap [ESS] is not scored
11-06 20:47:01.998 E/WifiAutoJoinController ( 2021): and-Business 0a:64:c7:2d:cc:89 rssi=-80 cap [ESS] is not scored
11-06 20:47:01.999 E/WifiAutoJoinController ( 2021): ageScanResultsOut delay 40000 size 33 now 1509972421999
11-06 20:47:01.999 E/WifiAutoJoinController ( 2021): newSupplicantResults size=33 known=9 true
11-06 20:47:02.000 E/WifiAutoJoinController ( 2021): attemptAutoJoin() status=bssid=78:11:dc:10:d5:2d
11-06 20:47:02.000 E/WifiAutoJoinController ( 2021): freq=2412
11-06 20:47:02.000 E/WifiAutoJoinController ( 2021): ssid=Xiaomi_D52C
11-06 20:47:02.000 E/WifiAutoJoinController ( 2021): id=3
11-06 20:47:02.000 E/WifiAutoJoinController ( 2021): mode=station
11-06 20:47:02.000 E/WifiAutoJoinController ( 2021): pairwise_cipher=CCMP
11-06 20:47:02.000 E/WifiAutoJoinController ( 2021): group_cipher=TKIP
11-06 20:47:02.000 E/WifiAutoJoinController ( 2021): key_mgmt=WPA2-PSK
11-06 20:47:02.000 E/WifiAutoJoinController ( 2021): wpa_state=COMPLETED
11-06 20:47:02.000 E/WifiAutoJoinController ( 2021): ip_address=192.168.31.115
11-06 20:47:02.000 E/WifiAutoJoinController ( 2021): p2p_device_address=0e:62:a6:0c:0f:b2
11-06 20:47:02.000 E/WifiAutoJoinController ( 2021): address=0c:62:a6:0c:0f:b2
11-06 20:47:02.000 E/WifiAutoJoinController ( 2021): uuid=de43a986-3647-5398-876d-b6752834d7e7 split=13
11-06 20:47:02.000 E/WifiAutoJoinController ( 2021): attemptAutoJoin() num recent config 2 current="Xiaomi_D52C"WPA_PSK ---> suppNetId=3
11-06 20:47:02.001 E/WifiAutoJoinController ( 2021): attemptAutoJoin good candidate seen, bumped hard -> status=0 "Xiaomi_D52C"WPA_PSK rssi=(-28,-127) num=(1,0)
11-06 20:47:02.001 E/WifiAutoJoinController ( 2021): attemptAutoJoin skip current candidate  3 key "Xiaomi_D52C"WPA_PSK
11-06 20:47:02.001 E/WifiAutoJoinController ( 2021): attemptAutoJoin good candidate seen, bumped hard -> status=0 "GDWL"WPA_PSK rssi=(-45,-127) num=(8,0)
11-06 20:47:02.001 E/WifiAutoJoinController ( 2021): attemptAutoJoin trying id=2 "GDWL"WPA_PSK status=0
11-06 20:47:02.001 E/WifiAutoJoinController ( 2021): compareNetwork will compare "GDWL"WPA_PSK with current "Xiaomi_D52C"WPA_PSK
11-06 20:47:02.001 E/WifiAutoJoinController ( 2021):     compareWifiConfigurationsRSSI: "Xiaomi_D52C"WPA_PSK rssi=-28,-127 boost=25 "GDWL"WPA_PSK rssi=-45,-127 boost=0
11-06 20:47:02.001 E/WifiAutoJoinController ( 2021):         "Xiaomi_D52C"WPA_PSK is5=false score=-3 "GDWL"WPA_PSK is5=false score=-45
11-06 20:47:02.001 E/WifiAutoJoinController ( 2021):     compareWifiConfigurationsRSSI "Xiaomi_D52C"WPA_PSK rssi=(-28,-127) num=(1,0) > "GDWL"WPA_PSK rssi=(-45,-127) num=(8,0) -> -42
11-06 20:47:02.001 E/WifiAutoJoinController ( 2021): compareWifiConfigurations: "Xiaomi_D52C"WPA_PSK > "GDWL"WPA_PSK order -42
11-06 20:47:02.001 E/WifiAutoJoinController ( 2021): attemptAutoJoin networkSwitching candidate "GDWL"WPA_PSK with current "Xiaomi_D52C"WPA_PSK linked=false : delta=-42  -> not switching
11-06 20:47:02.001 E/WifiAutoJoinController ( 2021): attemptRoam: "Xiaomi_D52C"WPA_PSK Found 78:11:dc:10:d5:2d rssi=-28 freq=2412 Current: 78:11:dc:10:d5:2d
11-06 20:47:02.001 E/WifiAutoJoinController ( 2021): Done attemptAutoJoin status=0
11-06 20:47:02.004 D/WifiAdmin( 2493): [TN_main]dealWifiMsg action=android.net.wifi.SCAN_RESULTS,intent=Intent { act=android.net.wifi.SCAN_RESULTS flg=0x4000010 }
11-06 20:47:02.004 D/WifiAdmin( 2707): [TN_main]dealWifiMsg action=android.net.wifi.SCAN_RESULTS,intent=Intent { act=android.net.wifi.SCAN_RESULTS flg=0x4000010 }
11-06 20:47:02.026 D/BasicFigure( 2493): [TN_GLThread 73]isDrawFocused relyElement=[BaseElement@346a37d9]focusScale[1.15]elementAlpha[-1.0]refectAlpha[-1.0]isFocusAble[true]shadowIndex[-1]autoJumpType[-1]uniqueID[54resSize0]rect[NULL]
11-06 20:47:02.026 D/BasicFigure( 2493): [TN_GLThread 73]isDrawFocused basicFigure=com.suma.midware.view.b.c.c@3914159e
11-06 20:47:02.115 D/CAManagerNative( 2354): getCardInfo.CA_Manager_GetMotherCardID result=0,motherCardID=0
11-06 20:47:02.116 V/SUMA    ( 2354): [cas-c][CA_Manager_GetAreaInfoSync 2565]enter !!!
11-06 20:47:02.349 D/BackBootDealerNeimeng( 2354): standbyState:
11-06 20:47:02.350 E/NetUtils( 2021): Interface eth0 LinkDown!
11-06 20:47:02.409 V/SUMA    ( 1582): >> [CA]rocme_porting_ca_get_area_info_suma: DVTCASTB_GetAreaInfo area_info->card_area = 0  
11-06 20:47:02.410 V/SUMA    ( 1582): >> [CA]rocme_porting_ca_get_area_info_suma: DVTCASTB_GetAreaInfo area_info->set_card_area_time = 1468306227  
11-06 20:47:02.410 V/SUMA    ( 1582): >> [CA]rocme_porting_ca_get_area_info_suma: DVTCASTB_GetAreaInfo area_info->start_flag = 0  
11-06 20:47:02.410 V/SUMA    ( 1582): >> [CA]rocme_porting_ca_get_area_info_suma: DVTCASTB_GetAreaInfo area_info->set_flag_time = 0  
11-06 20:47:02.410 V/SUMA    ( 2354): [cas-c][CA_Manager_GetAreaInfoSync 2580]leave !!!
11-06 20:47:02.410 D/CAManagerNative( 2354): getCardInfo.CA_Manager_GetAreaInfoSync result=0
11-06 20:47:02.410 D/CAManagerNative( 2354): getCardInfo card_area=0,card_area_time=0
11-06 20:47:02.410 V/SUMA    ( 2354): [cas-c][CA_Manager_GetCAProvider 922]enter !!!
11-06 20:47:02.411 V/SUMA    ( 2354): [cas-c][CA_Manager_GetCAProvider 936]leave !!!
11-06 20:47:02.411 D/CAManagerNative( 2354): CA_Manager_GetCAProvider result : 0
11-06 20:47:02.411 D/CAManagerNative( 2354): CA_Manager_GetCAProvider provider : 0
11-06 20:47:02.411 I/System.out( 2354): [DEBUG CAManager] isCardPresent manufactureID=0,cardID=65322944,serialNum=8150010653229443
11-06 20:47:02.411 D/CaNgbDealer( 2354): [TN_Binder_4]isCardInsert isInsert=true
11-06 20:47:02.417 D/CaNgbDealer( 2354): [TN_Binder_2]getCaCardInfo res=[I@205ca82,isCache=false
11-06 20:47:02.417 V/SUMA    ( 2354): [cas-c][CA_Manager_GetManufactureInfoSync 2590]enter !!!
11-06 20:47:02.554 V/SUMA    ( 2354): [cas-c][CA_Manager_GetManufactureInfoSync 2604]leave !!!
11-06 20:47:02.554 D/CAManagerNative( 2354): getCardInfo.CA_Manager_GetManufactureInfoSync result=0
11-06 20:47:02.754 D/IPLoaderNeimeng( 2354): after wait time20:47:02:monitorInterval:5000
11-06 20:47:02.754 D/IPLoaderNeimeng( 2354): before dealUpdateCheck time:20:47:02:isMsgBroadcast:false:monitorInterval:5000:processState:1
11-06 20:47:02.754 D/IPLoaderNeimeng( 2354): dealUpdateCheck isFirstSuccessUpdate:false:monitorInterval:5000
11-06 20:47:02.755 D/LoadHttpHandler( 2354): [TN_ThreadUtil-6]doNormal proxyConfig=null
11-06 20:47:02.800 D/LoadHttpHandler( 2354): [TN_ThreadUtil-6]doNormal responseCode=404
11-06 20:47:02.800 D/LoadHttpTask( 2354): dealUpdateCheck responseCode:404:data:null:downloadResult:false
11-06 20:47:02.801 D/IPLoaderNeimeng( 2354): after dealUpdateCheck time:20:47:02:isMsgBroadcast:false:monitorInterval:5000:processState:1
11-06 20:47:02.801 D/IPLoaderNeimeng( 2354): before wait time20:47:02:monitorInterval:5000
11-06 20:47:02.839 D/CAManagerNative( 2354): getCardInfo.CA_Manager_GetMotherCardID result=0,motherCardID=0
11-06 20:47:02.840 V/SUMA    ( 2354): [cas-c][CA_Manager_GetAreaInfoSync 2565]enter !!!
11-06 20:47:02.850 D/BackBootDealerNeimeng( 2354): standbyState:
11-06 20:47:02.851 E/NetUtils( 2021): Interface eth0 LinkDown!
11-06 20:47:03.056 D/BasicFigure( 2493): [TN_GLThread 73]isDrawFocused relyElement=[BaseElement@346a37d9]focusScale[1.15]elementAlpha[-1.0]refectAlpha[-1.0]isFocusAble[true]shadowIndex[-1]autoJumpType[-1]uniqueID[54resSize0]rect[NULL]
11-06 20:47:03.056 D/BasicFigure( 2493): [TN_GLThread 73]isDrawFocused basicFigure=com.suma.midware.view.b.c.c@3914159e
11-06 20:47:03.132 V/SUMA    ( 1582): >> [CA]rocme_porting_ca_get_area_info_suma: DVTCASTB_GetAreaInfo area_info->card_area = 0  
11-06 20:47:03.132 V/SUMA    ( 1582): >> [CA]rocme_porting_ca_get_area_info_suma: DVTCASTB_GetAreaInfo area_info->set_card_area_time = 1468306227  
11-06 20:47:03.132 V/SUMA    ( 1582): >> [CA]rocme_porting_ca_get_area_info_suma: DVTCASTB_GetAreaInfo area_info->start_flag = 0  
11-06 20:47:03.132 V/SUMA    ( 1582): >> [CA]rocme_porting_ca_get_area_info_suma: DVTCASTB_GetAreaInfo area_info->set_flag_time = 0  
11-06 20:47:03.133 V/SUMA    ( 2354): [cas-c][CA_Manager_GetAreaInfoSync 2580]leave !!!
11-06 20:47:03.133 D/CAManagerNative( 2354): getCardInfo.CA_Manager_GetAreaInfoSync result=0
11-06 20:47:03.133 D/CAManagerNative( 2354): getCardInfo card_area=0,card_area_time=0
11-06 20:47:03.133 V/SUMA    ( 2354): [cas-c][CA_Manager_GetCardLockStatus 989]enter !!!
11-06 20:47:03.151 V/SUMA    ( 2354): [cas-c][CA_Manager_GetCardLockStatus 1001]leave !!!
11-06 20:47:03.185 V/SUMA    ( 2354): [cas-c][CA_Manager_GetWatchRating 1547]leave !!!
11-06 20:47:03.185 D/CAManagerNative( 2354): CA watch TV ,The Min age is 18 
11-06 20:47:03.186 V/SUMA    ( 2354): [cas-c][CA_Manager_GetWorkTime 1481]leave !!!
11-06 20:47:03.186 I/System.out( 2354): [DEBUG CAWorkTime]  the param startHour is 0
11-06 20:47:03.186 I/System.out( 2354): [DEBUG CAWorkTime]  the param startMinute is 0
11-06 20:47:03.186 I/System.out( 2354): [DEBUG CAWorkTime]  the param endHour is 23
11-06 20:47:03.186 I/System.out( 2354): [DEBUG CAWorkTime]  the param endMinute is 59
11-06 20:47:03.187 D/CaNgbDealer( 2354): [TN_Binder_1]getCaUserDataArray key=246
11-06 20:47:03.351 D/BackBootDealerNeimeng( 2354): standbyState:
11-06 20:47:03.352 E/NetUtils( 2021): Interface eth0 LinkDown!
11-06 20:47:03.446 V/SUMA    ( 1582): >> [CA] rocme_porting_ca_get_user_def_data_suma just for output:  *user_def_data=0(0x0)  
11-06 20:47:03.446 V/SUMA    ( 2354): [cas-c][CA_Manager_GetUserDefData 1941]leave !!!
11-06 20:47:03.446 D/CAManagerNative( 2354): getPrivateData key=246(0xf6),failed with result=-1
11-06 20:47:03.447 E/ByteUtil( 2493): [TN_AndroidTimer-0]getInt index=0,isBigEndia=true,bytes=null
11-06 20:47:03.447 D/CaNgbDealer( 2354): [TN_Binder_2]getCaCardInfo res=[I@e5259d0,isCache=true
11-06 20:47:03.852 D/BackBootDealerNeimeng( 2354): standbyState:
11-06 20:47:03.853 E/NetUtils( 2021): Interface eth0 LinkDown!
11-06 20:47:03.875 W/ContextImpl( 2354): Calling a method in the system process without a qualified user: android.app.ContextImpl.sendBroadcast:1345 android.content.ContextWrapper.sendBroadcast:377 com.suma.midware.back.esg.e.f:-1 com.suma.midware.back.esg.f.run:-1 com.suma.midware.prop.util.c.run:-1 
11-06 20:47:04.089 D/BasicFigure( 2493): [TN_GLThread 73]isDrawFocused relyElement=[BaseElement@346a37d9]focusScale[1.15]elementAlpha[-1.0]refectAlpha[-1.0]isFocusAble[true]shadowIndex[-1]autoJumpType[-1]uniqueID[54resSize0]rect[NULL]
11-06 20:47:04.089 D/BasicFigure( 2493): [TN_GLThread 73]isDrawFocused basicFigure=com.suma.midware.view.b.c.c@3914159e
11-06 20:47:04.353 D/BackBootDealerNeimeng( 2354): standbyState:
11-06 20:47:04.354 E/NetUtils( 2021): Interface eth0 LinkDown!
11-06 20:47:04.855 D/BackBootDealerNeimeng( 2354): standbyState:
11-06 20:47:04.855 E/NetUtils( 2021): Interface eth0 LinkDown!
11-06 20:47:04.877 W/ContextImpl( 2354): Calling a method in the system process without a qualified user: android.app.ContextImpl.sendBroadcast:1345 android.content.ContextWrapper.sendBroadcast:377 com.suma.midware.back.esg.e.f:-1 com.suma.midware.back.esg.f.run:-1 com.suma.midware.prop.util.c.run:-1 
11-06 20:47:05.120 D/BasicFigure( 2493): [TN_GLThread 73]isDrawFocused relyElement=[BaseElement@346a37d9]focusScale[1.15]elementAlpha[-1.0]refectAlpha[-1.0]isFocusAble[true]shadowIndex[-1]autoJumpType[-1]uniqueID[54resSize0]rect[NULL]
11-06 20:47:05.120 D/BasicFigure( 2493): [TN_GLThread 73]isDrawFocused basicFigure=com.suma.midware.view.b.c.c@3914159e
11-06 20:47:05.356 D/BackBootDealerNeimeng( 2354): standbyState:
11-06 20:47:05.357 E/NetUtils( 2021): Interface eth0 LinkDown!
11-06 20:47:05.857 D/BackBootDealerNeimeng( 2354): standbyState:
11-06 20:47:05.857 E/NetUtils( 2021): Interface eth0 LinkDown!
11-06 20:47:06.152 D/BasicFigure( 2493): [TN_GLThread 73]isDrawFocused relyElement=[BaseElement@346a37d9]focusScale[1.15]elementAlpha[-1.0]refectAlpha[-1.0]isFocusAble[true]shadowIndex[-1]autoJumpType[-1]uniqueID[54resSize0]rect[NULL]
11-06 20:47:06.152 D/BasicFigure( 2493): [TN_GLThread 73]isDrawFocused basicFigure=com.suma.midware.view.b.c.c@3914159e
11-06 20:47:06.358 D/BackBootDealerNeimeng( 2354): standbyState:
11-06 20:47:06.359 E/NetUtils( 2021): Interface eth0 LinkDown!
11-06 20:47:06.859 D/BackBootDealerNeimeng( 2354): standbyState:
11-06 20:47:06.860 E/NetUtils( 2021): Interface eth0 LinkDown!
11-06 20:47:07.183 D/BasicFigure( 2493): [TN_GLThread 73]isDrawFocused relyElement=[BaseElement@346a37d9]focusScale[1.15]elementAlpha[-1.0]refectAlpha[-1.0]isFocusAble[true]shadowIndex[-1]autoJumpType[-1]uniqueID[54resSize0]rect[NULL]
11-06 20:47:07.183 D/BasicFigure( 2493): [TN_GLThread 73]isDrawFocused basicFigure=com.suma.midware.view.b.c.c@3914159e
11-06 20:47:07.360 D/BackBootDealerNeimeng( 2354): standbyState:
11-06 20:47:07.361 E/NetUtils( 2021): Interface eth0 LinkDown!
11-06 20:47:07.862 D/BackBootDealerNeimeng( 2354): standbyState:
11-06 20:47:07.862 E/NetUtils( 2021): Interface eth0 LinkDown!
11-06 20:47:07.881 W/ContextImpl( 2354): Calling a method in the system process without a qualified user: android.app.ContextImpl.sendBroadcast:1345 android.content.ContextWrapper.sendBroadcast:377 com.suma.midware.back.esg.e.f:-1 com.suma.midware.back.esg.f.run:-1 com.suma.midware.prop.util.c.run:-1 
11-06 20:47:08.215 D/BasicFigure( 2493): [TN_GLThread 73]isDrawFocused relyElement=[BaseElement@346a37d9]focusScale[1.15]elementAlpha[-1.0]refectAlpha[-1.0]isFocusAble[true]shadowIndex[-1]autoJumpType[-1]uniqueID[54resSize0]rect[NULL]
11-06 20:47:08.215 D/BasicFigure( 2493): [TN_GLThread 73]isDrawFocused basicFigure=com.suma.midware.view.b.c.c@3914159e
11-06 20:47:08.363 D/BackBootDealerNeimeng( 2354): standbyState:
11-06 20:47:08.364 E/NetUtils( 2021): Interface eth0 LinkDown!
11-06 20:47:08.720 V/SUMA    ( 1582): [VOD EXT]_DBUG:onewave_auth(1656) 
11-06 20:47:08.720 V/SUMA    ( 1582): enter onewave_auth 
11-06 20:47:08.720 V/SUMA    ( 1582): [VOD EXT]_DBUG:onewave_auth_req1st(1163) 
11-06 20:47:08.720 V/SUMA    ( 1582): enter onewave_auth_req1st 
11-06 20:47:08.864 D/BackBootDealerNeimeng( 2354): standbyState:
11-06 20:47:08.865 E/NetUtils( 2021): Interface eth0 LinkDown!
11-06 20:47:08.884 W/ContextImpl( 2354): Calling a method in the system process without a qualified user: android.app.ContextImpl.sendBroadcast:1345 android.content.ContextWrapper.sendBroadcast:377 com.suma.midware.back.esg.e.f:-1 com.suma.midware.back.esg.f.run:-1 com.suma.midware.prop.util.c.run:-1 
11-06 20:47:09.247 D/BasicFigure( 2493): [TN_GLThread 73]isDrawFocused relyElement=[BaseElement@346a37d9]focusScale[1.15]elementAlpha[-1.0]refectAlpha[-1.0]isFocusAble[true]shadowIndex[-1]autoJumpType[-1]uniqueID[54resSize0]rect[NULL]
11-06 20:47:09.247 D/BasicFigure( 2493): [TN_GLThread 73]isDrawFocused basicFigure=com.suma.midware.view.b.c.c@3914159e
11-06 20:47:09.366 D/BackBootDealerNeimeng( 2354): standbyState:
11-06 20:47:09.366 E/NetUtils( 2021): Interface eth0 LinkDown!
11-06 20:47:09.572 E/LoadHttpHandler( 2493): [TN_ThreadUtil-0]doNormal illegal url=http://tvos-launcher.96066.com:8082/LancherWeb/getLauncherUpdatePackage?areaCode=&serialNumber=15510217310112851&standardVersion=1.0&mac=&hardVersion=04.01.01.02&launcherVersion=0&locationCode=0&cardOutID=8150010653229443&softVersion=03.16.00.03&type=1&model=8,exceptionName=java.net.SocketTimeoutException
11-06 20:47:09.572 E/ConfigUpdateNeimengOttAdmin( 2493): [TN_ThreadUtil-0]checkConfig down failed
11-06 20:47:09.581 E/LoadHttpHandler( 2493): [TN_ThreadUtil-1]doNormal illegal url=http://tvos-launcher.96066.com:8082/LancherWeb/getLauncherWeather?hardVersion=04.01.01.02&locationCode=0&softVersion=03.16.00.03&serialNumber=15510217310112851&type=1&mac=&model=8,exceptionName=java.net.SocketTimeoutException
11-06 20:47:09.581 E/FlyAndWeatherUpdate( 2493): [TN_ThreadUtil-1]isWeatherUpdate down failed
11-06 20:47:09.867 D/BackBootDealerNeimeng( 2354): standbyState:
11-06 20:47:09.867 E/NetUtils( 2021): Interface eth0 LinkDown!
11-06 20:47:10.279 D/BasicFigure( 2493): [TN_GLThread 73]isDrawFocused relyElement=[BaseElement@346a37d9]focusScale[1.15]elementAlpha[-1.0]refectAlpha[-1.0]isFocusAble[true]shadowIndex[-1]autoJumpType[-1]uniqueID[54resSize0]rect[NULL]
11-06 20:47:10.279 D/BasicFigure( 2493): [TN_GLThread 73]isDrawFocused basicFigure=com.suma.midware.view.b.c.c@3914159e
11-06 20:47:10.368 D/BackBootDealerNeimeng( 2354): standbyState:
11-06 20:47:10.369 E/NetUtils( 2021): Interface eth0 LinkDown!
11-06 20:47:10.869 D/BackBootDealerNeimeng( 2354): standbyState:
11-06 20:47:10.870 E/NetUtils( 2021): Interface eth0 LinkDown!
11-06 20:47:11.311 D/BasicFigure( 2493): [TN_GLThread 73]isDrawFocused relyElement=[BaseElement@346a37d9]focusScale[1.15]elementAlpha[-1.0]refectAlpha[-1.0]isFocusAble[true]shadowIndex[-1]autoJumpType[-1]uniqueID[54resSize0]rect[NULL]
11-06 20:47:11.311 D/BasicFigure( 2493): [TN_GLThread 73]isDrawFocused basicFigure=com.suma.midware.view.b.c.c@3914159e
11-06 20:47:11.371 D/BackBootDealerNeimeng( 2354): standbyState:
11-06 20:47:11.371 E/NetUtils( 2021): Interface eth0 LinkDown!
11-06 20:47:11.872 D/BackBootDealerNeimeng( 2354): standbyState:
11-06 20:47:11.873 E/NetUtils( 2021): Interface eth0 LinkDown!
11-06 20:47:11.887 W/ContextImpl( 2354): Calling a method in the system process without a qualified user: android.app.ContextImpl.sendBroadcast:1345 android.content.ContextWrapper.sendBroadcast:377 com.suma.midware.back.esg.e.f:-1 com.suma.midware.back.esg.f.run:-1 com.suma.midware.prop.util.c.run:-1 
11-06 20:47:12.344 D/BasicFigure( 2493): [TN_GLThread 73]isDrawFocused relyElement=[BaseElement@346a37d9]focusScale[1.15]elementAlpha[-1.0]refectAlpha[-1.0]isFocusAble[true]shadowIndex[-1]autoJumpType[-1]uniqueID[54resSize0]rect[NULL]
11-06 20:47:12.344 D/BasicFigure( 2493): [TN_GLThread 73]isDrawFocused basicFigure=com.suma.midware.view.b.c.c@3914159e
11-06 20:47:12.373 D/BackBootDealerNeimeng( 2354): standbyState:
11-06 20:47:12.373 E/NetUtils( 2021): Interface eth0 LinkDown!
11-06 20:47:12.874 D/BackBootDealerNeimeng( 2354): standbyState:
11-06 20:47:12.875 E/NetUtils( 2021): Interface eth0 LinkDown!
11-06 20:47:12.890 W/ContextImpl( 2354): Calling a method in the system process without a qualified user: android.app.ContextImpl.sendBroadcast:1345 android.content.ContextWrapper.sendBroadcast:377 com.suma.midware.back.esg.e.f:-1 com.suma.midware.back.esg.f.run:-1 com.suma.midware.prop.util.c.run:-1 
11-06 20:47:13.375 D/BackBootDealerNeimeng( 2354): standbyState:
11-06 20:47:13.376 E/NetUtils( 2021): Interface eth0 LinkDown!
11-06 20:47:13.376 D/BasicFigure( 2493): [TN_GLThread 73]isDrawFocused relyElement=[BaseElement@346a37d9]focusScale[1.15]elementAlpha[-1.0]refectAlpha[-1.0]isFocusAble[true]shadowIndex[-1]autoJumpType[-1]uniqueID[54resSize0]rect[NULL]
11-06 20:47:13.376 D/BasicFigure( 2493): [TN_GLThread 73]isDrawFocused basicFigure=com.suma.midware.view.b.c.c@3914159e
11-06 20:47:13.876 D/BackBootDealerNeimeng( 2354): standbyState:
11-06 20:47:13.877 E/NetUtils( 2021): Interface eth0 LinkDown!
11-06 20:47:14.377 D/BackBootDealerNeimeng( 2354): standbyState:
11-06 20:47:14.379 E/NetUtils( 2021): Interface eth0 LinkDown!
11-06 20:47:14.409 D/BasicFigure( 2493): [TN_GLThread 73]isDrawFocused relyElement=[BaseElement@346a37d9]focusScale[1.15]elementAlpha[-1.0]refectAlpha[-1.0]isFocusAble[true]shadowIndex[-1]autoJumpType[-1]uniqueID[54resSize0]rect[NULL]
11-06 20:47:14.409 D/BasicFigure( 2493): [TN_GLThread 73]isDrawFocused basicFigure=com.suma.midware.view.b.c.c@3914159e
11-06 20:47:14.879 D/BackBootDealerNeimeng( 2354): standbyState:
11-06 20:47:14.880 E/NetUtils( 2021): Interface eth0 LinkDown!
11-06 20:47:15.380 D/BackBootDealerNeimeng( 2354): standbyState:
11-06 20:47:15.381 E/NetUtils( 2021): Interface eth0 LinkDown!
11-06 20:47:15.440 D/BasicFigure( 2493): [TN_GLThread 73]isDrawFocused relyElement=[BaseElement@346a37d9]focusScale[1.15]elementAlpha[-1.0]refectAlpha[-1.0]isFocusAble[true]shadowIndex[-1]autoJumpType[-1]uniqueID[54resSize0]rect[NULL]
11-06 20:47:15.440 D/BasicFigure( 2493): [TN_GLThread 73]isDrawFocused basicFigure=com.suma.midware.view.b.c.c@3914159e
11-06 20:47:15.882 D/BackBootDealerNeimeng( 2354): standbyState:
11-06 20:47:15.882 E/NetUtils( 2021): Interface eth0 LinkDown!
11-06 20:47:15.894 W/ContextImpl( 2354): Calling a method in the system process without a qualified user: android.app.ContextImpl.sendBroadcast:1345 android.content.ContextWrapper.sendBroadcast:377 com.suma.midware.back.esg.e.f:-1 com.suma.midware.back.esg.f.run:-1 com.suma.midware.prop.util.c.run:-1 
11-06 20:47:16.383 D/BackBootDealerNeimeng( 2354): standbyState:
11-06 20:47:16.384 E/NetUtils( 2021): Interface eth0 LinkDown!
11-06 20:47:16.472 D/BasicFigure( 2493): [TN_GLThread 73]isDrawFocused relyElement=[BaseElement@346a37d9]focusScale[1.15]elementAlpha[-1.0]refectAlpha[-1.0]isFocusAble[true]shadowIndex[-1]autoJumpType[-1]uniqueID[54resSize0]rect[NULL]
11-06 20:47:16.472 D/BasicFigure( 2493): [TN_GLThread 73]isDrawFocused basicFigure=com.suma.midware.view.b.c.c@3914159e
11-06 20:47:16.884 D/BackBootDealerNeimeng( 2354): standbyState:
11-06 20:47:16.885 E/NetUtils( 2021): Interface eth0 LinkDown!
11-06 20:47:16.896 W/ContextImpl( 2354): Calling a method in the system process without a qualified user: android.app.ContextImpl.sendBroadcast:1345 android.content.ContextWrapper.sendBroadcast:377 com.suma.midware.back.esg.e.f:-1 com.suma.midware.back.esg.f.run:-1 com.suma.midware.prop.util.c.run:-1 
11-06 20:47:17.385 D/BackBootDealerNeimeng( 2354): standbyState:
11-06 20:47:17.386 E/NetUtils( 2021): Interface eth0 LinkDown!
11-06 20:47:17.503 D/BasicFigure( 2493): [TN_GLThread 73]isDrawFocused relyElement=[BaseElement@346a37d9]focusScale[1.15]elementAlpha[-1.0]refectAlpha[-1.0]isFocusAble[true]shadowIndex[-1]autoJumpType[-1]uniqueID[54resSize0]rect[NULL]
11-06 20:47:17.504 D/BasicFigure( 2493): [TN_GLThread 73]isDrawFocused basicFigure=com.suma.midware.view.b.c.c@3914159e
11-06 20:47:17.786 D/IPLoaderNeimeng( 2354): after wait time20:47:17:monitorInterval:5000
11-06 20:47:17.786 D/IPLoaderNeimeng( 2354): before dealUpdateCheck time:20:47:17:isMsgBroadcast:false:monitorInterval:5000:processState:1
11-06 20:47:17.786 D/IPLoaderNeimeng( 2354): dealUpdateCheck isFirstSuccessUpdate:false:monitorInterval:5000
11-06 20:47:17.786 D/LoadHttpHandler( 2354): [TN_ThreadUtil-6]doNormal proxyConfig=null
11-06 20:47:17.887 D/BackBootDealerNeimeng( 2354): standbyState:
11-06 20:47:17.887 E/NetUtils( 2021): Interface eth0 LinkDown!
11-06 20:47:18.388 D/BackBootDealerNeimeng( 2354): standbyState:
11-06 20:47:18.389 E/NetUtils( 2021): Interface eth0 LinkDown!
11-06 20:47:18.535 D/BasicFigure( 2493): [TN_GLThread 73]isDrawFocused relyElement=[BaseElement@346a37d9]focusScale[1.15]elementAlpha[-1.0]refectAlpha[-1.0]isFocusAble[true]shadowIndex[-1]autoJumpType[-1]uniqueID[54resSize0]rect[NULL]
11-06 20:47:18.535 D/BasicFigure( 2493): [TN_GLThread 73]isDrawFocused basicFigure=com.suma.midware.view.b.c.c@3914159e
11-06 20:47:18.889 D/BackBootDealerNeimeng( 2354): standbyState:
11-06 20:47:18.890 E/NetUtils( 2021): Interface eth0 LinkDown!
11-06 20:47:19.391 D/BackBootDealerNeimeng( 2354): standbyState:
11-06 20:47:19.391 E/NetUtils( 2021): Interface eth0 LinkDown!
11-06 20:47:19.567 D/BasicFigure( 2493): [TN_GLThread 73]isDrawFocused relyElement=[BaseElement@346a37d9]focusScale[1.15]elementAlpha[-1.0]refectAlpha[-1.0]isFocusAble[true]shadowIndex[-1]autoJumpType[-1]uniqueID[54resSize0]rect[NULL]
11-06 20:47:19.567 D/BasicFigure( 2493): [TN_GLThread 73]isDrawFocused basicFigure=com.suma.midware.view.b.c.c@3914159e
11-06 20:47:19.892 D/BackBootDealerNeimeng( 2354): standbyState:
11-06 20:47:19.892 E/NetUtils( 2021): Interface eth0 LinkDown!
11-06 20:47:19.900 W/ContextImpl( 2354): Calling a method in the system process without a qualified user: android.app.ContextImpl.sendBroadcast:1345 android.content.ContextWrapper.sendBroadcast:377 com.suma.midware.back.esg.e.f:-1 com.suma.midware.back.esg.f.run:-1 com.suma.midware.prop.util.c.run:-1 
11-06 20:47:20.267 E/WifiStateMachine( 2021): WifiStateMachine CMD_START_SCAN source -2 txSuccessRate=6.27 rxSuccessRate=2.58 targetRoamBSSID=78:11:dc:10:d5:2d RSSI=-28
11-06 20:47:20.267 E/WifiStateMachine( 2021): WifiStateMachine starting scan for "Xiaomi_D52C"WPA_PSK with 2412
11-06 20:47:20.392 D/BackBootDealerNeimeng( 2354): standbyState:
11-06 20:47:20.393 E/NetUtils( 2021): Interface eth0 LinkDown!
11-06 20:47:20.598 D/BasicFigure( 2493): [TN_GLThread 73]isDrawFocused relyElement=[BaseElement@346a37d9]focusScale[1.15]elementAlpha[-1.0]refectAlpha[-1.0]isFocusAble[true]shadowIndex[-1]autoJumpType[-1]uniqueID[54resSize0]rect[NULL]
11-06 20:47:20.598 D/BasicFigure( 2493): [TN_GLThread 73]isDrawFocused basicFigure=com.suma.midware.view.b.c.c@3914159e
11-06 20:47:20.894 D/BackBootDealerNeimeng( 2354): standbyState:
11-06 20:47:20.895 E/NetUtils( 2021): Interface eth0 LinkDown!
11-06 20:47:20.901 W/ContextImpl( 2354): Calling a method in the system process without a qualified user: android.app.ContextImpl.sendBroadcast:1345 android.content.ContextWrapper.sendBroadcast:377 com.suma.midware.back.esg.e.f:-1 com.suma.midware.back.esg.f.run:-1 com.suma.midware.prop.util.c.run:-1 
11-06 20:47:21.002 I/EthernetNetworkFactory( 2021): updateInterfaceState :the mIface is:eth0iface is wlan0 true
11-06 20:47:21.022 E/WifiAutoJoinController ( 2021): Xiaomi_D52C 78:11:dc:10:d5:2d rssi=-28 cap [WPA-PSK-CCMP+TKIP][WPA2-PSK-CCMP+TKIP][WPS][ESS] is not scored
11-06 20:47:21.022 E/WifiAutoJoinController ( 2021): GDWL 86:79:73:27:8c:19 rssi=-45 cap [WPA-PSK-CCMP][WPA2-PSK-CCMP][ESS] is not scored
11-06 20:47:21.023 E/WifiAutoJoinController ( 2021): GDWL 86:79:73:27:8c:0d rssi=-50 cap [WPA-PSK-CCMP][WPA2-PSK-CCMP][ESS] is not scored
11-06 20:47:21.023 E/WifiAutoJoinController ( 2021): TP-LINK_BAF2C2 0c:72:2c:ba:f2:c2 rssi=-56 cap [WPA-PSK-CCMP][WPA2-PSK-CCMP][WPS][ESS] is not scored
11-06 20:47:21.024 E/WifiAutoJoinController ( 2021): MERCURY_AD88 e4:f3:f5:aa:ad:88 rssi=-50 cap [WPA-PSK-CCMP][WPA2-PSK-CCMP][ESS] is not scored
11-06 20:47:21.024 E/WifiAutoJoinController ( 2021): GDWL 86:79:73:27:8c:11 rssi=-62 cap [WPA-PSK-CCMP][WPA2-PSK-CCMP][ESS] is not scored
11-06 20:47:21.025 E/WifiAutoJoinController ( 2021): TP-LINK_11AF56 9c:21:6a:11:af:56 rssi=-66 cap [WPA-PSK-CCMP][WPA2-PSK-CCMP][WPS][ESS] is not scored
11-06 20:47:21.025 E/WifiAutoJoinController ( 2021): GDWL 86:79:73:27:8c:13 rssi=-72 cap [WPA-PSK-CCMP][WPA2-PSK-CCMP][ESS] is not scored
11-06 20:47:21.025 E/WifiAutoJoinController ( 2021): Office_Net e4:f3:f5:a4:00:c0 rssi=-69 cap [WPA-PSK-CCMP][WPA2-PSK-CCMP][ESS] is not scored
11-06 20:47:21.026 E/WifiAutoJoinController ( 2021): 4lou ec:26:ca:2e:87:1a rssi=-71 cap [WPA-PSK-CCMP][WPA2-PSK-CCMP][ESS] is not scored
11-06 20:47:21.026 E/WifiAutoJoinController ( 2021): GDWL 86:79:73:27:8c:1d rssi=-70 cap [WPA-PSK-CCMP][WPA2-PSK-CCMP][ESS] is not scored
11-06 20:47:21.026 E/WifiAutoJoinController ( 2021): GDWL 86:79:73:27:8c:27 rssi=-74 cap [WPA-PSK-CCMP][WPA2-PSK-CCMP][ESS] is not scored
11-06 20:47:21.027 E/WifiAutoJoinController ( 2021): CMCC 06:11:b5:17:bd:d5 rssi=-72 cap [WPA-EAP-CCMP+TKIP][WPA2-EAP-CCMP+TKIP][ESS] is not scored
11-06 20:47:21.027 E/WifiAutoJoinController ( 2021): WLGS 1c:fa:68:05:a3:5a rssi=-76 cap [WPA-PSK-CCMP][WPA2-PSK-CCMP][WPS][ESS] is not scored
11-06 20:47:21.028 E/WifiAutoJoinController ( 2021): HUAWEI-4MHCPZ 88:44:77:a2:af:60 rssi=-77 cap [WPA2-PSK-CCMP][WPS][ESS] is not scored
11-06 20:47:21.028 E/WifiAutoJoinController ( 2021): GDWL 86:79:73:27:87:8f rssi=-76 cap [WPA-PSK-CCMP][WPA2-PSK-CCMP][ESS] is not scored
11-06 20:47:21.029 E/WifiAutoJoinController ( 2021): GDWL 86:79:73:27:8c:23 rssi=-78 cap [WPA-PSK-CCMP][WPA2-PSK-CCMP][ESS] is not scored
11-06 20:47:21.029 E/WifiAutoJoinController ( 2021):  84:79:73:27:8c:19 rssi=-44 cap [WEP][ESS] is not scored
11-06 20:47:21.029 E/WifiAutoJoinController ( 2021):  84:79:73:27:8c:0d rssi=-47 cap [WEP][ESS] is not scored
11-06 20:47:21.030 E/WifiAutoJoinController ( 2021):  84:79:73:27:8c:11 rssi=-66 cap [WEP][ESS] is not scored
11-06 20:47:21.030 E/WifiAutoJoinController ( 2021):  84:79:73:27:8c:1d rssi=-71 cap [WEP][ESS] is not scored
11-06 20:47:21.031 E/WifiAutoJoinController ( 2021):  84:79:73:27:8c:13 rssi=-72 cap [WEP][ESS] is not scored
11-06 20:47:21.031 E/WifiAutoJoinController ( 2021):  84:79:73:27:8c:23 rssi=-72 cap [WEP][ESS] is not scored
11-06 20:47:21.032 E/WifiAutoJoinController ( 2021):  84:79:73:27:8c:27 rssi=-72 cap [WEP][ESS] is not scored
11-06 20:47:21.032 E/WifiAutoJoinController ( 2021): MERCURY_EDE4 e4:f3:f5:6a:ed:e4 rssi=-46 cap [ESS] is not scored
11-06 20:47:21.032 E/WifiAutoJoinController ( 2021): CMCC-family 0a:11:b5:17:bd:d5 rssi=-68 cap [ESS] is not scored
11-06 20:47:21.033 E/WifiAutoJoinController ( 2021): CMCC-WEB 00:11:b5:17:bd:d5 rssi=-68 cap [ESS] is not scored
11-06 20:47:21.033 E/WifiAutoJoinController ( 2021): and-Business 0e:11:b5:17:bd:d5 rssi=-68 cap [ESS] is not scored
11-06 20:47:21.034 E/WifiAutoJoinController ( 2021): SLY a8:57:4e:b5:f7:a8 rssi=-78 cap [WPA-PSK-CCMP][WPA2-PSK-CCMP][WPS][ESS] is not scored
11-06 20:47:21.034 E/WifiAutoJoinController ( 2021):  84:79:73:27:87:8f rssi=-76 cap [WEP][ESS] is not scored
11-06 20:47:21.035 E/WifiAutoJoinController ( 2021): HUAWEI-VYGUV5 00:5a:13:61:fa:ac rssi=-78 cap [ESS] is not scored
11-06 20:47:21.035 E/WifiAutoJoinController ( 2021): and-Business 0a:64:c7:2d:cc:89 rssi=-80 cap [ESS] is not scored
11-06 20:47:21.035 E/WifiAutoJoinController ( 2021): TP-LINK_gsbgs 9c:21:6a:1e:b5:48 rssi=-80 cap [WPA-PSK-CCMP][WPA2-PSK-CCMP][WPS][ESS] is not scored
11-06 20:47:21.036 E/WifiAutoJoinController ( 2021): ageScanResultsOut delay 40000 size 34 now 1509972441036
11-06 20:47:21.036 E/WifiAutoJoinController ( 2021): newSupplicantResults size=34 known=9 true
11-06 20:47:21.038 E/WifiAutoJoinController ( 2021): attemptAutoJoin() status=bssid=78:11:dc:10:d5:2d
11-06 20:47:21.038 E/WifiAutoJoinController ( 2021): freq=2412
11-06 20:47:21.038 E/WifiAutoJoinController ( 2021): ssid=Xiaomi_D52C
11-06 20:47:21.038 E/WifiAutoJoinController ( 2021): id=3
11-06 20:47:21.038 E/WifiAutoJoinController ( 2021): mode=station
11-06 20:47:21.038 E/WifiAutoJoinController ( 2021): pairwise_cipher=CCMP
11-06 20:47:21.038 E/WifiAutoJoinController ( 2021): group_cipher=TKIP
11-06 20:47:21.038 E/WifiAutoJoinController ( 2021): key_mgmt=WPA2-PSK
11-06 20:47:21.038 E/WifiAutoJoinController ( 2021): wpa_state=COMPLETED
11-06 20:47:21.038 E/WifiAutoJoinController ( 2021): ip_address=192.168.31.115
11-06 20:47:21.038 E/WifiAutoJoinController ( 2021): p2p_device_address=0e:62:a6:0c:0f:b2
11-06 20:47:21.038 E/WifiAutoJoinController ( 2021): address=0c:62:a6:0c:0f:b2
11-06 20:47:21.038 E/WifiAutoJoinController ( 2021): uuid=de43a986-3647-5398-876d-b6752834d7e7 split=13
11-06 20:47:21.038 E/WifiAutoJoinController ( 2021): attemptAutoJoin() num recent config 2 current="Xiaomi_D52C"WPA_PSK ---> suppNetId=3
11-06 20:47:21.038 E/WifiAutoJoinController ( 2021): attemptAutoJoin good candidate seen, bumped hard -> status=0 "Xiaomi_D52C"WPA_PSK rssi=(-28,-127) num=(1,0)
11-06 20:47:21.038 E/WifiAutoJoinController ( 2021): attemptAutoJoin skip current candidate  3 key "Xiaomi_D52C"WPA_PSK
11-06 20:47:21.038 E/WifiAutoJoinController ( 2021): attemptAutoJoin good candidate seen, bumped hard -> status=0 "GDWL"WPA_PSK rssi=(-45,-127) num=(8,0)
