11-06 14:14:41.754 E/AudioPolicyManager( 1568): AudioPolicyManagerBase::checkAndSetVolume8 1,0.100000
11-06 14:14:41.754 E/AudioPolicyManager( 1568): AudioPolicyManagerBase::checkAndSetVolume index=1 ro.suma.vol=0,10,18,26,34,42,49,56,63,70,76,82,88,93,97,100 valid vol[index]=10
11-06 14:14:41.754 E/AudioPolicyManager( 1568): AudioPolicyManagerBase::checkAndSetVolume10 1,0.100000
11-06 14:14:41.754 E/AudioPolicyManager( 1568): AudioPolicyManagerBase::checkAndSetVolume index=0 ro.suma.vol=0,10,18,26,34,42,49,56,63,70,76,82,88,93,97,100 valid vol[index]=0
11-06 14:14:41.754 E/AudioPolicyManager( 1568): AudioPolicyManagerBase::checkAndSetVolume11 0,0.000000
11-06 14:14:41.754 E/AudioPolicyManager( 1568): AudioPolicyManagerBase::checkAndSetVolume index=1 ro.suma.vol=0,10,18,26,34,42,49,56,63,70,76,82,88,93,97,100 valid vol[index]=10
11-06 14:14:41.754 E/AudioPolicyManager( 1568): AudioPolicyManagerBase::checkAndSetVolume1 1,0.100000
11-06 14:14:41.816 W/ContextImpl( 2355): Calling a method in the system process without a qualified user: android.app.ContextImpl.sendBroadcast:1345 android.content.ContextWrapper.sendBroadcast:377 com.suma.midware.back.esg.e.f:-1 com.suma.midware.back.esg.f.run:-1 com.suma.midware.prop.util.c.run:-1 
11-06 14:14:41.818 D/BaseApplication( 2700): [TN_main]onActivityStarted activity=com.suma.midware.setting.net.NetMainActivity@3ddc238
11-06 14:14:41.818 D/BaseApplication( 2700): [TN_main]onActivityResumed activity=com.suma.midware.setting.net.NetMainActivity@3ddc238
11-06 14:14:41.818 E/NetUtils( 2021): Interface eth0 LinkDown!
11-06 14:14:41.826 E/StringUtil( 2700): [TN_main]getIntValue illegal str="Xiaomi_D52C",defaultValue=-1
11-06 14:14:41.826 E/StringUtil( 2700): [TN_main]getIntValue illegal str="360",defaultValue=-1
11-06 14:14:41.826 E/StringUtil( 2700): [TN_main]getIntValue illegal str="ipanel",defaultValue=-1
11-06 14:14:41.826 E/StringUtil( 2700): [TN_main]getIntValue illegal str="Homeinns",defaultValue=-1
11-06 14:14:41.826 E/StringUtil( 2700): [TN_main]getIntValue illegal str="Xiaomi_D52C",defaultValue=-1
11-06 14:14:41.835 E/ClassUtil( 2700): [TN_main]getField ipAssignment java.lang.NoSuchFieldException
11-06 14:14:41.835 E/StringUtil( 2700): [TN_main]getIntValue illegal str="Xiaomi_D52C",defaultValue=-1
11-06 14:14:41.837 D/NetMainActivity( 2700): onResume focusView:null
11-06 14:14:41.838 W/ContextImpl( 2700): Calling a method in the system process without a qualified user: android.app.ContextImpl.sendBroadcast:1345 android.content.ContextWrapper.sendBroadcast:377 android.app.ActivityThread.performResumeActivity:2982 android.app.ActivityThread.handleResumeActivity:3023 android.app.ActivityThread.handleLaunchActivity:2392 
11-06 14:14:41.840 V/WindowManager( 2021): Adding window Window{1dc41484 u0 com.suma.midware.setting/com.suma.midware.setting.net.NetMainActivity} at 6 of 11 (after Window{746f83e u0 com.suma.midware.setting/com.suma.midware.setting.main.SystemMainActivity})
11-06 14:14:41.858 D/BackBootDealerNeimeng( 2355): standbyState:
11-06 14:14:41.859 E/NetUtils( 2021): Interface eth0 LinkDown!
11-06 14:14:41.879 D/SystemListItem( 2700): onFocusChangecom.suma.midware.setting.util.SystemListItem{16ffa5e3 VFE...C. .F....ID 194,100-1086,165 #7f0b006c app:id/setting_net_connect_in_wireless}:itemID:65536:arg1:true
11-06 14:14:41.897 I/ActivityManager( 2021): Displayed com.suma.midware.setting/.net.NetMainActivity: +151ms
11-06 14:14:41.897 D/RemoteIME( 2311): onFinishInput.
11-06 14:14:41.897 D/RemoteIME( 2311): onStartInput  ccontentType: 0 Restarting:false
11-06 14:14:42.003 D/audio_hal( 1568): pcm_open card:device(hw:0:0) flags(0x8) out(0xb5077280)
11-06 14:14:42.112 D/BaseApplication( 2700): [TN_main]onActivitySaveInstanceState activity=com.suma.midware.setting.main.SystemMainActivity@214a3984,outState=Bundle[{android:viewHierarchyState=Bundle[{android:views={16908290=android.view.AbsSavedState$1@1dfcbd3f, 2131427401=android.view.AbsSavedState$1@1dfcbd3f, 2131427402=android.view.AbsSavedState$1@1dfcbd3f, 2131427403=android.view.AbsSavedState$1@1dfcbd3f, 2131427404=android.view.AbsSavedState$1@1dfcbd3f, 2131427405=android.view.AbsSavedState$1@1dfcbd3f, 2131427406=android.view.AbsSavedState$1@1dfcbd3f, 2131427407=android.view.AbsSavedState$1@1dfcbd3f, 2131427408=android.view.AbsSavedState$1@1dfcbd3f, 2131427409=android.view.AbsSavedState$1@1dfcbd3f}, android:focusedViewId=2131427404}]}]
11-06 14:14:42.112 D/BaseApplication( 2700): [TN_main]onActivityStopped activity=com.suma.midware.setting.main.SystemMainActivity@214a3984
11-06 14:14:42.138 D/audio_hal( 1568): out_get_latency: out(0xb5077280) latency=20
11-06 14:14:42.158 D/audio_hal( 1568): out_get_latency: out(0xb5077280) latency=20
11-06 14:14:42.359 D/BackBootDealerNeimeng( 2355): standbyState:
11-06 14:14:42.360 E/NetUtils( 2021): Interface eth0 LinkDown!
11-06 14:14:42.818 W/ContextImpl( 2355): Calling a method in the system process without a qualified user: android.app.ContextImpl.sendBroadcast:1345 android.content.ContextWrapper.sendBroadcast:377 com.suma.midware.back.esg.e.f:-1 com.suma.midware.back.esg.f.run:-1 com.suma.midware.prop.util.c.run:-1 
11-06 14:14:42.860 D/BackBootDealerNeimeng( 2355): standbyState:
11-06 14:14:42.861 E/NetUtils( 2021): Interface eth0 LinkDown!
11-06 14:14:43.361 D/BackBootDealerNeimeng( 2355): standbyState:
11-06 14:14:43.362 E/NetUtils( 2021): Interface eth0 LinkDown!
11-06 14:14:43.798 D/EsgNeiMengDealer( 2355): [TN_ThreadUtil-8]checkBootAd bootAd=[Advertisment@34d5d2aa]category[1]version[0]profile[2]group[[GroupProperty@3eb6ae9b]associateType[3]groupIDs[len:10:10000:7101:7105:9999:7000:17:1001:20002:20001:1003]]service[null]period[[Advertisment@3ddc238]dates[]times[len0:102:len1:102:20170821 000000-20170821 235959:20170822 000000-20170822 235959:20170823 000000-20170823 235959:20170824 000000-20170824 235959:20170825 000000-20170825 235959:20170826 000000-20170826 235959:20170827 000000-20170827 235959:20170828 000000-20170828 235959:20170829 000000-20170829 235959:20170830 000000-20170830 235959:20170831 000000-20170831 235959:20170901 000000-20170901 235959:20170902 000000-20170902 235959:20170903 000000-20170903 235959:20170904 000000-20170904 235959:20170905 000000-20170905 235959:20170906 000000-20170906 235959:20170907 000000-20170907 235959:20170908 000000-20170908 235959:20170909 000000-20170909 235959:20170910 000000-20170910 235959:20170911 000000-20170911 235959:20170912 000000-20170912 235959:20170913 000000-20170913 235959:20170914 000000-20170914 235959:20170915 000000-20170915 235959:20170916 000000-20170916 235959:20170917 000000-20170917 235959:20170918 000000-20170918 235959:20170919 000000-20170919 235959:20170920 000000-20170920 235959:20170921 000000-20170921 235959:20170922 000000-20170922 235959:20170923 000000-20170923 235959:20170924 000000-20170924 235959:20170925 000000-20170925 235959:20170926 000000-20170926 235959:20170927 000000-20170927 235959:20170928 000000-20170928 235959:20170929 000000-20170929 235959:20170930 000000-20170930 235959:20171001 000000-20171001 235959:20171002 000000-20171002 235959:20171003 000000-20171003 235959:20171004 000000-20171004 235959:20171005 000000-20171005 235959:20171006 000000-20171006 235959:20171007 000000-20171007 235959:20171008 000000-20171008 235959:20171009 000000-20171009 235959:20171010 000000-20171010 235959:20171011 000000-20171011 235959:20171012 000000-20171012 235959:20171013 000000-20171013 235959:20171014 000000-20171014 235959:20171015 000000-20171015 235959:20171016 000000-20171016 235959:20171017 000000-20171017 235959:20171018 000000-20171018 235959:20171019 000000-20171019 235959:20171020 000000-20171020 235959:20171021 000000-20171021 235959:20171022 000000-20171022 235959:20171023 000000-20171023 235959:20171024 000000-20171024 235959:20171025 000000-20171025 235959:20171026 000000-20171026 235959:20171027 000000-20171027 235959:20171028 000000-20171028 235959:20171029 000000-20171029 235959:20171030 000000-20171030 235959:20171031 000000-20171031 235959:20171101 000000-20171101 235959:20171102 000000-20171102 235959:20171103 000000-20171103 235959:20171104 000000-20171104 235959:20171105 000000-20171105 235959:20171106 000000-20171106 235959:20171107 000000-20171107 235959:20171108 000000-20171108 235959:20171109 000000-20171109 235959:20171110 000000-20171110 235959:20171111 000000-20171111 235959:20171112 000000-20171112 235959:20171113 000000-20171113 235959:20171114 000000-20171114 235959:20171115 000000-20171115 235959:20171116 000000-20171116 235959:20171117 000000-20171117 235959:20171118 000000-20171118 235959:20171119 000000-20171119 235959:20171120 000000-20171120 235959:20171121 000000-20171121 235959:20171122 000000-20171122 235959:20171123 000000-20171123 235959:20171124 000000-20171124 235959:20171125 000000-20171125 235959:20171126 000000-20171126 235959:20171127 000000-20171127 235959:20171128 000000-20171128 235959:20171129 000000-20171129 235959:20171130 000000-20171130 235959]]
11-06 14:14:43.798 I/System.out( 2355): [DEBUG SectionFilterGroup] The filterGroupHandle is: -1263381624
11-06 14:14:43.798 D/LoadPipeHandler( 2355): [TN_ThreadUtil-8]dealTableLoad pipeTask=[LoadPipeTask@8cfeb64]pID[16]tableID[64]tunerIndex[0]offset[3]timeout[5000]isNeedTune[false]fileName[null]
11-06 14:14:43.798 D/filter  ( 2355): [FilterManager-JNI] - start filter:pid=16, tableid=64, bufferNum=0
11-06 14:14:43.798 D/filter  ( 2355): [FilterManager-JNI] - 
11-06 14:14:43.798 D/filter  ( 2355): [FilterManager-JNI] - 
11-06 14:14:43.798 D/filter  ( 2355): [FilterManager-JNI] - The table id is proper.
11-06 14:14:43.798 D/filter  ( 2355): ####in java native method open filter:pid=16,							code=40,00,00,00,mask=ff,00,00,00
11-06 14:14:43.798 D/filter  ( 2355): [FilterManager-JNI] - Filter mode to ROCME_RES_FLT_MODE_UNROB_FILTER.
11-06 14:14:43.799 V/SUMA    ( 1581): [resman-s][onTransact 216]code[0x12000200] client pid = 2355
11-06 14:14:43.799 V/SUMA    ( 1581): [resman-s][onTransact 615]TRANS_CODE_RESMAN_FILETER_REQUEST enter
11-06 14:14:43.799 V/SUMA    ( 1581): [resman-s][onTransact 623]filter request m_client[0].cpid = 2355
11-06 14:14:43.799 V/SUMA    ( 1581): [resman-s][onTransact 627]filter handler request filter_handler[0]
11-06 14:14:43.799 V/SUMA    ( 1581): >> Roc_ResMan_Filter_Request handler = 0x1208c580 
11-06 14:14:43.799 V/SUMA    ( 1581): [resman-s][onTransact 657]TRANS_CODE_RESMAN_FILETER_REQUEST leave
11-06 14:14:43.799 V/SUMA    ( 1581): [resman-s][onTransact 1574]leave transact client pid = 2355
11-06 14:14:43.799 V/SUMA    ( 2355): [resman-c][Roc_ResMan_Filter_Request 1311]leave !!!
11-06 14:14:43.799 V/SUMA    ( 2355): [resman-c][dvbc_resman_flt_request 162]dvbc(2355)## s_resman_client_flt_hcbk request cbk idx=0 !!!
11-06 14:14:43.799 V/SUMA    ( 1581): [resman-s][onTransact 216]code[0x12000204] client pid = 2355
11-06 14:14:43.799 I/System.out( 2355): [DEBUG SectionFilterGroup] The run() method, and the filterGroupHandle is: -1263381624
11-06 14:14:43.799 V/SUMA    ( 1581): [resman-s][onTransact 1574]leave transact client pid = 2355
11-06 14:14:43.799 V/SUMA    ( 2355): [resman-c][Roc_ResMan_Filter_Modify 1514]leave !!!
11-06 14:14:43.799 V/SUMA    ( 1581): [resman-s][onTransact 216]code[0x12000202] client pid = 2355
11-06 14:14:43.800 V/SUMA    ( 1581): [resman-s][onTransact 1574]leave transact client pid = 2355
11-06 14:14:43.800 V/SUMA    ( 2355): [resman-c][Roc_ResMan_Filter_Run 1431]leave !!!
11-06 14:14:43.800 D/filter  ( 2355): open file=302564736,pid=16,index=0 with tuner index 0
11-06 14:14:43.838 E/NetUtils( 2021): Interface eth0 LinkDown!
11-06 14:14:43.838 D/NetMainActivity( 2700): processNetCheck netState:0:newState:0
11-06 14:14:43.862 D/BackBootDealerNeimeng( 2355): standbyState:
11-06 14:14:43.862 E/NetUtils( 2021): Interface eth0 LinkDown!
11-06 14:14:44.363 D/BackBootDealerNeimeng( 2355): standbyState:
11-06 14:14:44.364 E/NetUtils( 2021): Interface eth0 LinkDown!
11-06 14:14:44.368 D/TaskPersister( 2021): removeObsoleteFile: deleting file=458_task.xml
11-06 14:14:44.368 D/TaskPersister( 2021): removeObsoleteFile: deleting file=458_task_thumbnail.png
11-06 14:14:44.864 D/BackBootDealerNeimeng( 2355): standbyState:
11-06 14:14:44.865 E/NetUtils( 2021): Interface eth0 LinkDown!
11-06 14:14:44.953 D/AppUtil ( 2355): [TN_ThreadUtil-3]getActivityPkg index=0,comp=ComponentInfo{com.suma.midware.setting/com.suma.midware.setting.net.NetMainActivity}
11-06 14:14:44.953 D/AppKiller( 2355): [TN_ThreadUtil-3]backKill curPkgName=com.suma.midware.setting
11-06 14:14:45.128 V/PT      ( 1581): >>INFO:irkey_task:[      87.887401] /dev/input/event0: type=0001 code=0066 val=00000001
11-06 14:14:45.128 V/PT      ( 1581): >> HI3798C_ERRO:irkey_send-310- 
11-06 14:14:45.128 V/PT      ( 1581): unkown key=0x66
11-06 14:14:45.128 V/PT      ( 1581): >>INFO:irkey_send:0x3001 0x108e down
11-06 14:14:45.128 V/SUMA    ( 1581): ++++++++++++++  _roc_evtmgr_key_cbk 517:input = 12289, event=4238, act=0x100
11-06 14:14:45.129 V/SUMA    ( 1581): lxm:_roc_evtmgr_key_cbk 519 87887
11-06 14:14:45.129 V/SUMA    ( 1581): lxm:_roc_evtmgr_add_evt_into_queue 347 87887
11-06 14:14:45.129 D/ir_user ( 1585): PlayerTimeLineTrace:linux_keycode:0x66(DOWN),	protocol: .
11-06 14:14:45.129 V/PT      ( 1581): >>INFO:irkey_task:[      87.887401] /dev/input/event0: type=0000 code=0000 val=00000000
11-06 14:14:45.129 V/SUMA    ( 1581): ===================>> type=0 src=0 evt=4238 act=0x100
11-06 14:14:45.129 V/SUMA    ( 1581): [sysset-s][event_manager_cbk 78]lxm cbid=1, cbk_reg=1, cpid=2451
11-06 14:14:45.129 D/NGBEvent( 2451): ngbEventCallBack type:0 source :4238
11-06 14:14:45.129 D/NGBEvent( 2451): [NGBEventManager-JNI]-returning:1
11-06 14:14:45.129 D/NGBEvent( 2451): Input key event: keyCode=4238
11-06 14:14:45.129 D/NGBEvent( 2451): src:4238 = dest:4238
11-06 14:14:45.129 I/System.out( 2451): [DEBUG EventManager] LWJ--Add event to java with evt=NgbEvent-[type = 1, subtype = 401, code = 4238]
11-06 14:14:45.130 D/NGBEvent( 2451): [NGBEvent_log]--[EventManager--JNI]:		start
11-06 14:14:45.130 I/System.out( 2451): [DEBUG EventManager] broadcastEvent  :len 1
11-06 14:14:45.130 D/CombineKeyUtil( 2451): [TN_pool-1-thread-1]dealKeyEvent,combineIndex:-1:keyCode:0
11-06 14:14:45.130 D/KeyEventNgbDealer( 2451): [TN_pool-1-thread-1]handleKeyPressed keyEvent=NgbEvent-[type = 1, subtype = 401, code = 4238],time=87889
11-06 14:14:45.157 D/audio_hal( 1568): out(0xb5077280) do_out_standby
11-06 14:14:45.157 D/audio_hal( 1568): pcm_close card:device(hw:0:0)
11-06 14:14:45.338 V/PT      ( 1581): >>INFO:irkey_task:[      88.096757] /dev/input/event0: type=0001 code=0066 val=00000000
11-06 14:14:45.338 V/PT      ( 1581): >> HI3798C_ERRO:irkey_send-310- 
11-06 14:14:45.338 V/PT      ( 1581): unkown key=0x66
11-06 14:14:45.338 V/PT      ( 1581): >>INFO:irkey_send:0x3001 0x108e up  
11-06 14:14:45.338 V/SUMA    ( 1581): ++++++++++++++  _roc_evtmgr_key_cbk 517:input = 12289, event=4238, act=0x400
11-06 14:14:45.338 V/SUMA    ( 1581): lxm:_roc_evtmgr_key_cbk 519 88097
11-06 14:14:45.338 D/ir_user ( 1585): PlayerTimeLineTrace:linux_keycode:0x66(UP),	protocol: .
11-06 14:14:45.338 V/SUMA    ( 1581): lxm:_roc_evtmgr_add_key_into_queue 311 88097
11-06 14:14:45.338 V/PT      ( 1581): >>INFO:irkey_task:[      88.096757] /dev/input/event0: type=0000 code=0000 val=00000000
11-06 14:14:45.338 V/SUMA    ( 1581): ===================>> type=0 src=0 evt=4238 act=0x400
11-06 14:14:45.338 V/SUMA    ( 1581): [sysset-s][event_manager_cbk 78]lxm cbid=1, cbk_reg=1, cpid=2451
11-06 14:14:45.338 D/NGBEvent( 2451): ngbEventCallBack type:0 source :4238
11-06 14:14:45.338 D/NGBEvent( 2451): [NGBEventManager-JNI]-returning:1
11-06 14:14:45.339 D/NGBEvent( 2451): Input key event: keyCode=4238
11-06 14:14:45.339 D/NGBEvent( 2451): src:4238 = dest:4238
11-06 14:14:45.339 I/System.out( 2451): [DEBUG EventManager] LWJ--Add event to java with evt=NgbEvent-[type = 1, subtype = 402, code = 4238]
11-06 14:14:45.339 D/NGBEvent( 2451): [NGBEvent_log]--[EventManager--JNI]:		start
11-06 14:14:45.339 I/System.out( 2451): [DEBUG EventManager] broadcastEvent  :len 1
11-06 14:14:45.339 D/KeyEventNgbDealer( 2451): [TN_pool-1-thread-1]handleKeyReleased keyEvent=NgbEvent-[type = 1, subtype = 402, code = 4238],time=88098
11-06 14:14:45.342 D/HomeReceiver( 2491): [TN_main]onReceive context=com.suma.midware.home.third.Main3DActivity@46ab53e,intent=Intent { act=android.intent.action.CLOSE_SYSTEM_DIALOGS flg=0x50000010 (has extras) },action=android.intent.action.CLOSE_SYSTEM_DIALOGS
11-06 14:14:45.342 D/HomeReceiver( 2355): [TN_main]onReceive context=com.suma.midware.back.BackService@22d5d4b5,intent=Intent { act=android.intent.action.CLOSE_SYSTEM_DIALOGS flg=0x50000010 (has extras) },action=android.intent.action.CLOSE_SYSTEM_DIALOGS
11-06 14:14:45.342 D/HomeReceiver( 2491): [TN_main]onReceive reason=homekey
11-06 14:14:45.342 D/HomeReceiver( 2355): [TN_main]onReceive reason=homekey
11-06 14:14:45.342 W/Main3DActivity( 2491): [TN_main]11111onReceive home key down,appStartMode:0
11-06 14:14:45.342 E/HomeReceiver( 2355): [TN_main]onReceive home key down
11-06 14:14:45.342 E/HomeReceiver( 2491): [TN_main]onReceive home key down
11-06 14:14:45.342 I/ActivityManager( 2021): START u0 {act=android.intent.action.MAIN cat=[android.intent.category.HOME] flg=0x10200000 cmp=com.suma.midware.home/.third.Main3DActivity} from uid 1000 on display 0
11-06 14:14:45.343 E/PlayActivity( 2794): action:android.intent.action.CLOSE_SYSTEM_DIALOGS,reason:homekey
11-06 14:14:45.343 D/HomeReceiver( 2700): [TN_main]onReceive context=com.suma.midware.setting.net.NetMainActivity@3ddc238,intent=Intent { act=android.intent.action.CLOSE_SYSTEM_DIALOGS flg=0x50000010 (has extras) },action=android.intent.action.CLOSE_SYSTEM_DIALOGS
11-06 14:14:45.343 D/HomeReceiver( 2700): [TN_main]onReceive reason=homekey
11-06 14:14:45.343 E/HomeReceiver( 2700): [TN_main]onReceive home key down
11-06 14:14:45.356 D/BaseApplication( 2700): [TN_main]onActivityPaused activity=com.suma.midware.setting.net.NetMainActivity@3ddc238
11-06 14:14:45.356 I/ActivityManager( 2021): Force stopping com.android.browser appid=10010 user=0: from pid 2355
11-06 14:14:45.358 W/ContextImpl( 2700): Calling a method in the system process without a qualified user: android.app.ContextImpl.sendBroadcast:1345 android.content.ContextWrapper.sendBroadcast:377 android.app.ActivityThread.performPauseActivity:3259 android.app.ActivityThread.performPauseActivity:3225 android.app.ActivityThread.handlePauseActivity:3200 
11-06 14:14:45.359 D/BackBootDealerNeimeng( 2355): handleHomeKey isRunning:false
11-06 14:14:45.359 D/HomeReceiver( 2355): [TN_main]onReceive context=com.suma.midware.back.BackApplication@8f68708,intent=Intent { act=android.intent.action.CLOSE_SYSTEM_DIALOGS flg=0x50000010 (has extras) },action=android.intent.action.CLOSE_SYSTEM_DIALOGS
11-06 14:14:45.359 D/HomeReceiver( 2355): [TN_main]onReceive reason=homekey
11-06 14:14:45.359 E/HomeReceiver( 2355): [TN_main]onReceive home key down
11-06 14:14:45.365 D/BackBootDealerNeimeng( 2355): standbyState:
11-06 14:14:45.366 E/NetUtils( 2021): Interface eth0 LinkDown!
11-06 14:14:45.376 D/Main3DActivity( 2491): [TN_main]onNewIntent time=88135,intent=Intent { act=android.intent.action.MAIN cat=[android.intent.category.HOME] flg=0x10600000 cmp=com.suma.midware.home/.third.Main3DActivity }
11-06 14:14:45.377 D/BaseApplication( 2491): [TN_main]onActivityStarted activity=com.suma.midware.home.third.Main3DActivity@46ab53e
11-06 14:14:45.377 D/Main3DActivity( 2491): [TN_main]onStart time=88136
11-06 14:14:45.377 E/FlyAndWeatherUpdate( 2491): [TN_main]spflyWord is empty
11-06 14:14:45.377 D/HomeFlyWord( 2491): [TN_main]startScrollView delay=2000
11-06 14:14:45.377 W/HomeFlyWord( 2491): [TN_main]startScrollView scrollView null
11-06 14:14:45.377 D/Main3DActivity( 2491): [TN_main]onResume time=88136,isFirst=false
11-06 14:14:45.377 D/BaseApplication( 2491): [TN_main]onActivityResumed activity=com.suma.midware.home.third.Main3DActivity@46ab53e
11-06 14:14:45.377 D/PlayExcuter( 2491): [TN_main]notifyPlay type=9,curType=-2,cancelType=3,cancelVideoType=1,isResetData=true,task=null,this.task=[PlayDirectTask@2d4695be]playTaskType[6]playType[0]playerType[-1]isEcmSet[true]playerIndex[0]tunerIndex[0]channel[[DirectChannel@32501b]channelID[0]oNetID[1]tsID[31]serviceID[3102]freq[371000]name[CCTV-1高清]serviceType[8]attr[16384]serialNum[1]serialNum4[1]pcrPID[49]refServiceID[-1]],indexs=null
11-06 14:14:45.377 D/PlayExcuter( 2491): [TN_main]releasePlayer curType=-2,cancelType=3,task=[PlayDirectTask@2d4695be]playTaskType[6]playType[0]playerType[-1]isEcmSet[true]playerIndex[0]tunerIndex[0]channel[[DirectChannel@32501b]channelID[0]oNetID[1]tsID[31]serviceID[3102]freq[371000]name[CCTV-1高清]serviceType[8]attr[16384]serialNum[1]serialNum4[1]pcrPID[49]refServiceID[-1]]
11-06 14:14:45.378 D/PlayBaseDealer( 2355): [TN_Binder_3]releasePlayers cancelType=3,videoType=1,isResetData=true,curPlayerIndex=-1,isCheckPID=false
11-06 14:14:45.378 D/PlayBaseDealer( 2355): [TN_Binder_3]releasePlayers size=1
11-06 14:14:45.378 D/PlayNgbDealer( 2355): [TN_Binder_3]findPlayer index=0,findType=0,channelIndex=0
11-06 14:14:45.378 E/PlayNgbDealer( 2355): [TN_Binder_3]releasePlayer index=0 player is null
11-06 14:14:45.378 D/PlayerManager( 2491): [TN_main]cancelPlayTask cancleType=3,cancelVideoType=1,isResetData=true,isCheckPID=false,state=0,indexs=null
11-06 14:14:45.378 D/DataBaseManager( 2491): [TN_main]getAttrList comparatorMode=-1,comparatorType=-1,termType=10
11-06 14:14:45.378 D/DataBaseManager( 2491): [TN_main]getAttrList comparatorMode=-1,comparatorType=-1,termType=10
11-06 14:14:45.378 D/DataBaseManager( 2491): [TN_main]getAttrList comparatorMode=-1,comparatorType=-1,termType=10
11-06 14:14:45.378 D/DataBaseManager( 2491): [TN_main]getAttrList comparatorMode=-1,comparatorType=-1,termType=10
11-06 14:14:45.378 D/DataBaseManager( 2491): [TN_main]getAttrList comparatorMode=-1,comparatorType=-1,termType=10
11-06 14:14:45.379 D/DataBaseManager( 2491): [TN_main]getAttrList comparatorMode=-1,comparatorType=-1,termType=10
11-06 14:14:45.379 D/DataBaseManager( 2491): [TN_main]getAttrList comparatorMode=-1,comparatorType=-1,termType=10
11-06 14:14:45.379 D/DataBaseManager( 2491): [TN_main]getAttrList comparatorMode=-1,comparatorType=-1,termType=10
11-06 14:14:45.379 D/DataBaseManager( 2491): [TN_main]getAttrList comparatorMode=-1,comparatorType=-1,termType=10
11-06 14:14:45.379 D/DataBaseManager( 2491): [TN_main]getAttrList comparatorMode=-1,comparatorType=-1,termType=10
11-06 14:14:45.379 D/DataBaseManager( 2491): [TN_main]getAttrList comparatorMode=-1,comparatorType=-1,termType=10
11-06 14:14:45.379 D/DataBaseManager( 2491): [TN_main]getAttrList comparatorMode=-1,comparatorType=-1,termType=10
11-06 14:14:45.379 D/DataBaseManager( 2491): [TN_main]getAttrList comparatorMode=-1,comparatorType=-1,termType=10
11-06 14:14:45.380 D/DataBaseManager( 2491): [TN_main]getAttrList comparatorMode=-1,comparatorType=-1,termType=5
11-06 14:14:45.382 D/DataBase( 2355): [TN_Binder_1]getCurChannel index=0,lastChannelNum=2,database=com.suma.midware.back.database.neimeng.DirectDataBaseNeimeng@20ebee0a
11-06 14:14:45.382 D/DataBase( 2355): [TN_Binder_1]getCurChannel index=0,curChannel=[DirectChannel@32501b]channelID[0]oNetID[1]tsID[31]serviceID[3102]freq[371000]name[CCTV-1高清]serviceType[8]attr[16384]serialNum[1]serialNum4[1]pcrPID[49]refServiceID[-1]
11-06 14:14:45.382 D/ChannelHandler( 2491): [TN_main]update curChannel=[DirectChannel@32501b]channelID[0]oNetID[1]tsID[31]serviceID[3102]freq[371000]name[CCTV-1高清]serviceType[8]attr[16384]serialNum[1]serialNum4[1]pcrPID[49]refServiceID[-1]
11-06 14:14:45.382 D/SysEventHandler( 2355): [TN_Binder_2]addEventListener binder=android.os.BinderProxy@24272515
11-06 14:14:45.382 D/DataBaseHandler( 2355): [TN_Binder_5]addDataListener binder=android.os.BinderProxy@1535602a
11-06 14:14:45.383 D/PlayerHandler( 2355): [TN_Binder_4]addPlayListener binder=android.os.BinderProxy@1582ee1b
11-06 14:14:45.385 D/ChannelHandler( 2491): [TN_main]start userChannelinfo=
11-06 14:14:45.386 W/ContextImpl( 2491): Calling a method in the system process without a qualified user: android.app.ContextImpl.sendBroadcast:1345 android.content.ContextWrapper.sendBroadcast:377 com.suma.midware.view.ext.BluetoothUpdate.b:-1 com.suma.midware.home.third.Main3DActivity.onResume:-1 android.app.Instrumentation.callActivityOnResume:1257 
11-06 14:14:45.387 E/NetUtils( 2021): Interface eth0 LinkDown!
11-06 14:14:45.387 D/NetUpdate( 2491): [TN_main]checkNetState state=1
11-06 14:14:45.387 D/Main3DActivity( 2491): [TN_main]onResume curPanel=com.suma.midware.home.third.a.a@25f7f74e,intent=Intent { act=android.intent.action.MAIN cat=[android.intent.category.HOME] flg=0x10600000 cmp=com.suma.midware.home/.third.Main3DActivity },appStartMode=0
11-06 14:14:45.387 D/GLRootView( 2491): doAction isPause:false:isCreated:true:isPaused:false
11-06 14:14:45.388 D/SoundAndroidAdmin( 2355): [TN_Binder_3]isMute state=false
11-06 14:14:45.388 D/Main3DActivity( 2491): [TN_main]onResume endTime=88147,isEventDeal=true
11-06 14:14:45.389 W/ContextImpl( 2491): Calling a method in the system process without a qualified user: android.app.ContextImpl.sendBroadcast:1345 android.content.ContextWrapper.sendBroadcast:377 android.app.ActivityThread.performResumeActivity:2982 android.app.ActivityThread.handleResumeActivity:3023 android.app.ActivityThread$H.handleMessage:1347 
11-06 14:14:45.396 D/GLRootView( 2491): surfaceCreated holder:android.view.SurfaceView$4@31f20d02
11-06 14:14:45.397 D/SUMA_ENGINE3d( 2491):  thread[GLThread 73] onSurfaceChanged w: 1280, h : 720
11-06 14:14:45.397 D/SUMA_ENGINE3d( 2491):  thread[GLThread 73] onSurfaceChanged startModeTime:88156
11-06 14:14:45.398 D/SUMA_ENGINE3d( 2491):  thread[GLThread 73] onSurfaceChanged endTime:88156
11-06 14:14:45.399 D/BasicRootPanel( 2491): [TN_GLThread 73]updateMultiState type=1,state=1
11-06 14:14:45.399 D/MultiStateFigure( 2491): [TN_GLThread 73]setWorkState workState=1,this.workState=1
11-06 14:14:45.399 W/MultiStateFigure( 2491): [TN_GLThread 73]setWorkState same workState=1
11-06 14:14:45.399 D/BasicRootView( 2491): [TN_GLThread 73]switchRootPanel panelIndex=0,isAnim=false,subPanelIndex=-1
11-06 14:14:45.399 D/BasicRootView( 2491): [TN_GLThread 73]switchRootPanel isFirst=false,curPanel=com.suma.midware.home.third.a.a@25f7f74e
11-06 14:14:45.399 D/BasicRootPanel( 2491): [TN_GLThread 73]hidePanel curPanelIndex=0,lastFocus=false,panelSize=7
11-06 14:14:45.399 D/BasicRootPanel( 2491): [TN_GLThread 73]hidePanel basicFigure=com.suma.midware.view.b.c.p@2935fc84
11-06 14:14:45.399 D/BasicFigure( 2491): [TN_GLThread 73]onFocusLost figure=com.suma.midware.view.b.c.p@2935fc84
11-06 14:14:45.399 W/BasicRootPanel( 2491): [TN_GLThread 73]switchPanelLight lightFigure null
11-06 14:14:45.399 D/HomePanel( 2491): [TN_GLThread 73]dealPanelShow subPanelIndex=-1,size=7
11-06 14:14:45.399 D/HomePanel( 2491): [TN_GLThread 73]dealPanelShow curPanelIndex=0,lastFocus=false,subPanelIndex=0,subFocusIndex=0
11-06 14:14:45.399 D/BasicFigure( 2491): [TN_GLThread 73]onFocusLost figure=com.suma.midware.view.b.c.c@1667699c
11-06 14:14:45.400 D/BasicFigure( 2491): [TN_GLThread 73]onGlobalFocusLost figure=com.suma.midware.view.b.c.c@1667699c
11-06 14:14:45.400 D/BasicColumn( 2491): [TN_GLThread 73]onFocus isFocus=false,index=0,nextIndex=-1
11-06 14:14:45.400 D/FixedRes( 2491): [TN_GLThread 73]getNineImgRes nineImgSize=2
11-06 14:14:45.400 D/BasicColumn( 2491): [TN_GLThread 73]moveFocus xOffset=151.000,yOffset=139.000
11-06 14:14:45.400 D/BasicFigure( 2491): [TN_GLThread 73]onFocusGain figure=com.suma.midware.view.b.c.p@2935fc84
11-06 14:14:45.400 D/BasicFigure( 2491): [TN_GLThread 73]onFocusGain panelIndex=0,curPanelIndex=0,basicFigure=com.suma.midware.view.b.c.p@2935fc84
11-06 14:14:45.400 D/BasicFigure( 2491): [TN_GLThread 73]dealFocusGainAnim scaleLargeAnim null
11-06 14:14:45.400 D/BasicRootPanel( 2491): [TN_GLThread 73]isPlayAble curBasicPanel=com.suma.midware.view.b.d.d@389bce67
11-06 14:14:45.400 D/BasicPanel( 2491): [TN_GLThread 73]isPlayAble xOffset=0.00000
11-06 14:14:45.400 D/ChannelHandler( 2491): [TN_GLThread 73]startPlay isForce=true,curChannel=[DirectChannel@32501b]channelID[0]oNetID[1]tsID[31]serviceID[3102]freq[371000]name[CCTV-1高清]serviceType[8]attr[16384]serialNum[1]serialNum4[1]pcrPID[49]refServiceID[-1]
11-06 14:14:45.400 D/PlayNgbDealer( 2355): [TN_Binder_1]findPlayer index=0,findType=0,channelIndex=0
11-06 14:14:45.400 E/PlayNgbDealer( 2355): [TN_Binder_1]getChannel index=0 player null
11-06 14:14:45.401 D/PlayTask( 2491): [TN_GLThread 73]isLegal playerType=-1,view=com.suma.midware.view.widget2d.CustomSurfaceView{39151350 V.E..... ........ 49,141-498,393}
11-06 14:14:45.401 D/PlayerManager( 2491): [TN_GLThread 73]addPlayTask playTask=[PlayDirectTask@224f8388]playTaskType[0]playType[0]playerType[-1]isEcmSet[true]playerIndex[0]tunerIndex[0]channel[[DirectChannel@32501b]channelID[0]oNetID[1]tsID[31]serviceID[3102]freq[371000]name[CCTV-1高清]serviceType[8]attr[16384]serialNum[1]serialNum4[1]pcrPID[49]refServiceID[-1]],state=0
11-06 14:14:45.401 D/PlayNgbDealer( 2355): [TN_Binder_3]startPlayAsyTask index=0,channel=[DirectChannel@32501b]channelID[0]oNetID[1]tsID[31]serviceID[3102]freq[371000]name[CCTV-1高清]serviceType[8]attr[16384]serialNum[1]serialNum4[1]pcrPID[49]refServiceID[-1]
11-06 14:14:45.401 D/PlayNgbDealer( 2355): [TN_Binder_3]findPlayer index=0,findType=2,channelIndex=0
11-06 14:14:45.401 E/PlayNgbDealer( 2355): [TN_Binder_3]startPlayAsyTask index=0 player null
11-06 14:14:45.401 D/PlayExcuter( 2491): [TN_GLThread 73]notifyPlay type=0,curType=-2,cancelType=-1,cancelVideoType=-1,isResetData=false,task=[PlayDirectTask@224f8388]playTaskType[0]playType[0]playerType[-1]isEcmSet[true]playerIndex[0]tunerIndex[0]channel[[DirectChannel@32501b]channelID[0]oNetID[1]tsID[31]serviceID[3102]freq[371000]name[CCTV-1高清]serviceType[8]attr[16384]serialNum[1]serialNum4[1]pcrPID[49]refServiceID[-1]],this.task=null,indexs=null
11-06 14:14:45.402 D/PlayExcuter( 2491): [TN_GLThread 73]mergeTask sourceTask=null,destiTask=[PlayDirectTask@224f8388]playTaskType[0]playType[0]playerType[-1]isEcmSet[true]playerIndex[0]tunerIndex[0]channel[[DirectChannel@32501b]channelID[0]oNetID[1]tsID[31]serviceID[3102]freq[371000]name[CCTV-1高清]serviceType[8]attr[16384]serialNum[1]serialNum4[1]pcrPID[49]refServiceID[-1]]
11-06 14:14:45.402 D/PlayExcuter( 2491): [TN_ThreadUtil-2]excuteTask task=[PlayDirectTask@224f8388]playTaskType[0]playType[0]playerType[-1]isEcmSet[true]playerIndex[0]tunerIndex[0]channel[[DirectChannel@32501b]channelID[0]oNetID[1]tsID[31]serviceID[3102]freq[371000]name[CCTV-1高清]serviceType[8]attr[16384]serialNum[1]serialNum4[1]pcrPID[49]refServiceID[-1]]
11-06 14:14:45.402 D/PlayExcuter( 2491): [TN_ThreadUtil-2]excuteTask curExcuter=com.suma.midware.prop.play.PlayDirectExcuter@191ea121
11-06 14:14:45.402 D/PlayDirectExcuter( 2491): [TN_ThreadUtil-2]play task=[PlayDirectTask@224f8388]playTaskType[0]playType[0]playerType[-1]isEcmSet[true]playerIndex[0]tunerIndex[0]channel[[DirectChannel@32501b]channelID[0]oNetID[1]tsID[31]serviceID[3102]freq[371000]name[CCTV-1高清]serviceType[8]attr[16384]serialNum[1]serialNum4[1]pcrPID[49]refServiceID[-1]],curType=-1
11-06 14:14:45.402 D/BasicFigure( 2491): [TN_GLThread 73]onFocusMoveAnim moveSpace=0.00000,x=-549.000,xOffset=0.00000
11-06 14:14:45.402 D/FixedRes( 2491): [TN_GLThread 73]getNineImgRes nineImgSize=2
11-06 14:14:45.402 W/BasicRootPanel( 2491): [TN_GLThread 73]switchPanelLight lightFigure null
11-06 14:14:45.402 D/PlayNgbDealer( 2355): [TN_Binder_1]setPlayerChannel index=0,channelIndex=0
11-06 14:14:45.402 D/PlayNgbDealer( 2355): [TN_Binder_1]findPlayer index=0,findType=0,channelIndex=0
11-06 14:14:45.402 E/PlayNgbDealer( 2355): [TN_Binder_1]setPlayerChannel index=0 player null
11-06 14:14:45.402 D/PlayExcuter( 2491): [TN_ThreadUtil-2]dealPlayStop task=[PlayDirectTask@224f8388]playTaskType[0]playType[0]playerType[-1]isEcmSet[true]playerIndex[0]tunerIndex[0]channel[[DirectChannel@32501b]channelID[0]oNetID[1]tsID[31]serviceID[3102]freq[371000]name[CCTV-1高清]serviceType[8]attr[16384]serialNum[1]serialNum4[1]pcrPID[49]refServiceID[-1]],curType=-1,playerIndex=0,playDealer=com.suma.midware.prop.play.b@2940147c
11-06 14:14:45.402 D/PlayNgbDealer( 2355): [TN_Binder_2]findPlayer index=0,findType=0,channelIndex=0
11-06 14:14:45.402 E/PlayNgbDealer( 2355): [TN_Binder_2]getPlayerState index=0 player null
11-06 14:14:45.403 D/PlayExcuter( 2491): [TN_ThreadUtil-2]dealSurface task=[PlayDirectTask@224f8388]playTaskType[0]playType[0]playerType[-1]isEcmSet[true]playerIndex[0]tunerIndex[0]channel[[DirectChannel@32501b]channelID[0]oNetID[1]tsID[31]serviceID[3102]freq[371000]name[CCTV-1高清]serviceType[8]attr[16384]serialNum[1]serialNum4[1]pcrPID[49]refServiceID[-1]],curType=-1,playDealer=com.suma.midware.prop.play.b@2940147c,view=com.suma.midware.view.widget2d.CustomSurfaceView{39151350 V.E..... ........ 49,141-498,393}
11-06 14:14:45.403 D/PlayExcuter( 2491): [TN_ThreadUtil-2]dealSurface surface=Surface(name=null)/@0x2a6eb105,curSurface=Surface(name=null)/@0x2a6eb105,curRect=Rect(49, 141 - 498, 393)
11-06 14:14:45.403 D/PlayNgbDealer( 2355): [TN_Binder_4]playStop index=0,stopType=0,stopMode=1,isEcmSet=false,isCaRelease=false,isStreamReset=true
11-06 14:14:45.403 D/PlayNgbDealer( 2355): [TN_Binder_4]findPlayer index=0,findType=0,channelIndex=0
11-06 14:14:45.403 E/PlayNgbDealer( 2355): [TN_Binder_4]playStop index=0 player null
11-06 14:14:45.404 D/TunerNgbDealer( 2355): [TN_Binder_3]scanFreqImpl 0 channel=[DirectChannel@32501b]channelID[0]oNetID[1]tsID[31]serviceID[3102]freq[371000]name[CCTV-1高清]serviceType[8]attr[16384]serialNum[1]serialNum4[1]pcrPID[49]refServiceID[-1],isAsy=true
11-06 14:14:45.404 D/TunerNgbDealer( 2355): [TN_Binder_3]reserveTuner 0 tunerDes=[TunerDes@164ce9ee]isLock[false]isReserve[true]nHandle[0]moduleName[null]ni[org.davic.net.tuning.NetworkInterface@a1a4e8f]nic[org.ngb.broadcast.dvb.tuning.DvbNetworkInterfaceController@22bd351c]ds[[CableDeliverySystem@1544d8dd]freq[371000]fecOuter[0]modulation[3]symbolRate[6875]fecInner[0]]
11-06 14:14:45.404 D/tuning  ( 2355): ^^^^ts.type=0x44
11-06 14:14:45.404 D/tuning  ( 2355): ^^^^call tuner with type=0x44, freq=371000, symbolRate=6875, modulation=3,pos = 0
11-06 14:14:45.404 D/tuning  ( 2355): ^^^^Calling tune with freq=371000, symbol=6875, modulation=3
11-06 14:14:45.404 V/SUMA    ( 2355): [vtuner-c][vtuner_scanning 219]enter! 
11-06 14:14:45.404 V/SUMA    ( 1581): [vtuner-s][onTransact]enter!!! TRANS_CODE_VTUNER_SCAN
11-06 14:14:45.404 V/SUMA    ( 1581): [VTUNER] vtuner_scanning() enter !!! freq=[371000 6875 3] type=0 index=0
11-06 14:14:45.404 V/SUMA    ( 1581): >> Roc_Tuner_CableScanning beginning : time = 88163 ms 
11-06 14:14:45.405 V/SUMA    ( 1581): [VTUNER] resman_tuner_lock() leave !!! tuner id=0 ret=0
11-06 14:14:45.405 V/SUMA    ( 1581): [VTUNER] vtuner_scanning() leave!!! tuner_index=0 ret=0
11-06 14:14:45.405 V/SUMA    ( 1581): [vtuner-s][onTransact]leave!!! TRANS_CODE_VTUNER_SCAN tuner_index=0x0 ret=0
11-06 14:14:45.405 V/SUMA    ( 2355): [vtuner-c][vtuner_scanning 234]leave! tuner_index=0 ret=0 
11-06 14:14:45.405 I/System.out( 2355): [DEBUG networkInterface] You see: NI listener's size=1
11-06 14:14:45.405 D/tuning  ( 2355): cable. result=0
11-06 14:14:45.405 D/TunerNgbDealer( 2355): [TN_Thread-93]receiveNIEvent event=org.davic.net.tuning.NetworkInterfaceTuningEvent[source=org.davic.net.tuning.NetworkInterface@a1a4e8f]
11-06 14:14:45.405 D/SysEventBaseDealer( 2355): [TN_Binder_1]resetSignalState index=0,infos=[Lcom.suma.midware.back.sysevent.g;@572e67d
11-06 14:14:45.405 D/SysEventBaseDealer( 2355): [TN_Binder_1]resetSignalState index=0,info=[PlayStateInfo@231f1f57]index[0]signalState[1]caState[-1]caErrCode[0]channel[null]
11-06 14:14:45.407 D/SoundAndroidAdmin( 2355): [TN_Binder_2]checkVolume volume=7,nowVolume=1,maxVolume=15,lastVolume=1
11-06 14:14:45.407 D/SoundNgbAdmin( 2355): [TN_Binder_2]setVolume volume=7,isEffect=false,result=true
11-06 14:14:45.407 V/SUMA    ( 1581): roc_ss_get_item:get ROC_SYSSET_MUTE OK 
11-06 14:14:45.407 D/SoundNgbAdmin( 2355): [TN_Binder_2]isMute state=false
11-06 14:14:45.407 D/SoundAndroidAdmin( 2355): [TN_Binder_2]setVolume volume=7,isMute=false,isEffect=false,maxVolume=15,lastVolume=1
11-06 14:14:45.407 V/SUMA    ( 1581): roc_ss_set_item:set ROC_SYSSET_TRACK OK 
11-06 14:14:45.407 D/SoundNgbAdmin( 2355): [TN_Binder_5]setTrack track=1,result=true
11-06 14:14:45.407 D/SoundAndroidAdmin( 2355): [TN_Binder_5]setTrack track=1
11-06 14:14:45.413 D/BasicFigure( 2491): [TN_GLThread 73]isDrawFocused relyElement=[BaseElement@346a37d9]focusScale[1.15]elementAlpha[-1.0]refectAlpha[-1.0]isFocusAble[true]shadowIndex[-1]autoJumpType[-1]uniqueID[54resSize0]rect[NULL]
11-06 14:14:45.413 D/BasicFigure( 2491): [TN_GLThread 73]isDrawFocused basicFigure=com.suma.midware.view.b.c.c@3914159e
11-06 14:14:45.415 V/SUMA    ( 1581): Roc_ResMan_Tuner_Modify(index=0)[new: 371000, old: 371000 ver=123]. 
11-06 14:14:45.415 V/PT      ( 1581): >> HI3798C_INFO:rocme_porting_tuner_scanning- 
11-06 14:14:45.415 V/PT      ( 1581): Freq = 371000, Sym = 6875, QAM = 3 
11-06 14:14:45.415 V/PT      ( 1581):  
11-06 14:14:45.420 D/SUMA_ENGINE3d( 2491):  thread[GLThread 73] onSurfaceChanged w: 1280, h : 720
11-06 14:14:45.420 D/SUMA_ENGINE3d( 2491):  thread[GLThread 73] onSurfaceChanged startModeTime:88179
11-06 14:14:45.421 D/SUMA_ENGINE3d( 2491):  thread[GLThread 73] onSurfaceChanged endTime:88180
11-06 14:14:45.430 D/BasicFigure( 2491): [TN_GLThread 73]isDrawFocused relyElement=[BaseElement@346a37d9]focusScale[1.15]elementAlpha[-1.0]refectAlpha[-1.0]isFocusAble[true]shadowIndex[-1]autoJumpType[-1]uniqueID[54resSize0]rect[NULL]
11-06 14:14:45.430 D/BasicFigure( 2491): [TN_GLThread 73]isDrawFocused basicFigure=com.suma.midware.view.b.c.c@3914159e
11-06 14:14:45.431 D/GLRootView( 2491): surfaceChanged holder:android.view.SurfaceView$4@31f20d02:format:-3:width:1280:height:720
11-06 14:14:45.435 I/OpenGLRenderer( 2491): Initialized EGL, version 1.4
11-06 14:14:45.448 D/ChannelHandler( 2491): [TN_main]handleMessage note=SIGNAL
11-06 14:14:45.450 D/RemoteIME( 2311): onFinishInput.
11-06 14:14:45.450 D/RemoteIME( 2311): onStartInput  ccontentType: 0 Restarting:false
11-06 14:14:45.451 D/BasicFigure( 2491): [TN_GLThread 73]isDrawFocused relyElement=[BaseElement@346a37d9]focusScale[1.15]elementAlpha[-1.0]refectAlpha[-1.0]isFocusAble[true]shadowIndex[-1]autoJumpType[-1]uniqueID[54resSize0]rect[NULL]
11-06 14:14:45.451 D/BasicFigure( 2491): [TN_GLThread 73]isDrawFocused basicFigure=com.suma.midware.view.b.c.c@3914159e
11-06 14:14:45.452 D/BasicRootPanel( 2491): [TN_GLThread 73]getTVFigure curBasicPanel=com.suma.midware.view.b.d.d@389bce67
11-06 14:14:45.452 D/FixedRes( 2491): [TN_GLThread 73]getTVNoteTexture tvNoteType=3,tvNoteSubType=0
11-06 14:14:45.470 D/TextureManager( 2491): loadTexture name:系统无信号_36_-1_0_5.0_3.0_3.0_-7829368:textureID:86:recordSize:null
11-06 14:14:45.471 D/BasicFigure( 2491): [TN_GLThread 73]isDrawFocused relyElement=[BaseElement@346a37d9]focusScale[1.15]elementAlpha[-1.0]refectAlpha[-1.0]isFocusAble[true]shadowIndex[-1]autoJumpType[-1]uniqueID[54resSize0]rect[NULL]
11-06 14:14:45.471 D/BasicFigure( 2491): [TN_GLThread 73]isDrawFocused basicFigure=com.suma.midware.view.b.c.c@3914159e
11-06 14:14:45.484 D/BaseApplication( 2700): [TN_main]onActivitySaveInstanceState activity=com.suma.midware.setting.net.NetMainActivity@3ddc238,outState=Bundle[{android:viewHierarchyState=Bundle[{android:views={16908290=android.view.AbsSavedState$1@1dfcbd3f, 2131427352=android.view.AbsSavedState$1@1dfcbd3f, 2131427366=android.view.AbsSavedState$1@1dfcbd3f, 2131427425=android.view.AbsSavedState$1@1dfcbd3f, 2131427426=android.view.AbsSavedState$1@1dfcbd3f, 2131427427=android.view.AbsSavedState$1@1dfcbd3f, 2131427435=android.view.AbsSavedState$1@1dfcbd3f, 2131427436=android.view.AbsSavedState$1@1dfcbd3f, 2131427437=android.view.AbsSavedState$1@1dfcbd3f, 2131427438=android.view.AbsSavedState$1@1dfcbd3f, 2131427439=android.view.AbsSavedState$1@1dfcbd3f, 2131427440=android.view.AbsSavedState$1@1dfcbd3f, 2131427441=android.view.AbsSavedState$1@1dfcbd3f, 2131427442=android.view.AbsSavedState$1@1dfcbd3f, 2131427443=android.view.AbsSavedState$1@1dfcbd3f, 2131427444=android.view.AbsSavedState$1@1dfcbd3f, 2131427445=android.view.AbsSavedState$1@1dfcbd3f, 2131427446=android.view.AbsSavedState$1@1dfcbd3f, 2131427447=android.view.AbsSavedState$1@1dfcbd3f, 2131427549=android.view.AbsSavedState$1@1dfcbd3f, 2131427550=android.view.AbsSavedState$1@1dfcbd3f, 2131427551=android.view.AbsSavedState$1@1dfcbd3f, 2131427552=android.view.AbsSavedState$1@1dfcbd3f, 2131427553=android.view.AbsSavedState$1@1dfcbd3f, 2131427554=android.view.AbsSavedState$1@1dfcbd3f, 2131427555=android.view.AbsSavedState$1@1dfcbd3f, 2131427556=android.view.AbsSavedState$1@1dfcbd3f, 2131427557=android.view.AbsSavedState$1@1dfcbd3f, 2131427558=android.view.AbsSavedState$1@1dfcbd3f, 2131427559=android.view.AbsSavedState$1@1dfcbd3f, 2131427560=android.view.AbsSavedState$1@1dfcbd3f, 2131427561=android.view.AbsSavedState$1@1dfcbd3f, 2131427562=android.view.AbsSavedState$1@1dfcbd3f, 2131427563=TextView.SavedState{23fff60c start=0 end=0 text=}, 2131427564=android.view.AbsSavedState$1@1dfcbd3f, 2131427565=android.view.AbsSavedState$1@1dfcbd3f, 2131427566=android.view.AbsSavedState$1@1dfcbd3f}, android:focusedViewId=2131427436}]}]
11-06 14:14:45.484 D/BaseApplication( 2700): [TN_main]onActivityStopped activity=com.suma.midware.setting.net.NetMainActivity@3ddc238
11-06 14:14:45.485 D/BaseApplication( 2700): [TN_main]onTrimMemory level=20
11-06 14:14:45.485 D/BasicFigure( 2491): [TN_GLThread 73]isDrawFocused relyElement=[BaseElement@346a37d9]focusScale[1.15]elementAlpha[-1.0]refectAlpha[-1.0]isFocusAble[true]shadowIndex[-1]autoJumpType[-1]uniqueID[54resSize0]rect[NULL]
11-06 14:14:45.485 D/BasicFigure( 2491): [TN_GLThread 73]isDrawFocused basicFigure=com.suma.midware.view.b.c.c@3914159e
11-06 14:14:45.496 D/BasicFigure( 2491): [TN_GLThread 73]isDrawFocused relyElement=[BaseElement@346a37d9]focusScale[1.15]elementAlpha[-1.0]refectAlpha[-1.0]isFocusAble[true]shadowIndex[-1]autoJumpType[-1]uniqueID[54resSize0]rect[NULL]
11-06 14:14:45.496 D/BasicFigure( 2491): [TN_GLThread 73]isDrawFocused basicFigure=com.suma.midware.view.b.c.c@3914159e
11-06 14:14:45.506 D/BasicFigure( 2491): [TN_GLThread 73]isDrawFocused relyElement=[BaseElement@346a37d9]focusScale[1.15]elementAlpha[-1.0]refectAlpha[-1.0]isFocusAble[true]shadowIndex[-1]autoJumpType[-1]uniqueID[54resSize0]rect[NULL]
11-06 14:14:45.506 D/BasicFigure( 2491): [TN_GLThread 73]isDrawFocused basicFigure=com.suma.midware.view.b.c.c@3914159e
11-06 14:14:45.522 D/BasicFigure( 2491): [TN_GLThread 73]isDrawFocused relyElement=[BaseElement@346a37d9]focusScale[1.15]elementAlpha[-1.0]refectAlpha[-1.0]isFocusAble[true]shadowIndex[-1]autoJumpType[-1]uniqueID[54resSize0]rect[NULL]
11-06 14:14:45.522 D/BasicFigure( 2491): [TN_GLThread 73]isDrawFocused basicFigure=com.suma.midware.view.b.c.c@3914159e
11-06 14:14:45.532 D/BasicFigure( 2491): [TN_GLThread 73]isDrawFocused relyElement=[BaseElement@346a37d9]focusScale[1.15]elementAlpha[-1.0]refectAlpha[-1.0]isFocusAble[true]shadowIndex[-1]autoJumpType[-1]uniqueID[54resSize0]rect[NULL]
11-06 14:14:45.532 D/BasicFigure( 2491): [TN_GLThread 73]isDrawFocused basicFigure=com.suma.midware.view.b.c.c@3914159e
11-06 14:14:45.542 D/BasicFigure( 2491): [TN_GLThread 73]isDrawFocused relyElement=[BaseElement@346a37d9]focusScale[1.15]elementAlpha[-1.0]refectAlpha[-1.0]isFocusAble[true]shadowIndex[-1]autoJumpType[-1]uniqueID[54resSize0]rect[NULL]
11-06 14:14:45.542 D/BasicFigure( 2491): [TN_GLThread 73]isDrawFocused basicFigure=com.suma.midware.view.b.c.c@3914159e
11-06 14:14:45.553 D/BasicFigure( 2491): [TN_GLThread 73]isDrawFocused relyElement=[BaseElement@346a37d9]focusScale[1.15]elementAlpha[-1.0]refectAlpha[-1.0]isFocusAble[true]shadowIndex[-1]autoJumpType[-1]uniqueID[54resSize0]rect[NULL]
11-06 14:14:45.553 D/BasicFigure( 2491): [TN_GLThread 73]isDrawFocused basicFigure=com.suma.midware.view.b.c.c@3914159e
11-06 14:14:45.567 D/BasicFigure( 2491): [TN_GLThread 73]isDrawFocused relyElement=[BaseElement@346a37d9]focusScale[1.15]elementAlpha[-1.0]refectAlpha[-1.0]isFocusAble[true]shadowIndex[-1]autoJumpType[-1]uniqueID[54resSize0]rect[NULL]
11-06 14:14:45.568 D/BasicFigure( 2491): [TN_GLThread 73]isDrawFocused basicFigure=com.suma.midware.view.b.c.c@3914159e
11-06 14:14:45.587 D/BasicFigure( 2491): [TN_GLThread 73]isDrawFocused relyElement=[BaseElement@346a37d9]focusScale[1.15]elementAlpha[-1.0]refectAlpha[-1.0]isFocusAble[true]shadowIndex[-1]autoJumpType[-1]uniqueID[54resSize0]rect[NULL]
11-06 14:14:45.587 D/BasicFigure( 2491): [TN_GLThread 73]isDrawFocused basicFigure=com.suma.midware.view.b.c.c@3914159e
11-06 14:14:45.607 D/BasicFigure( 2491): [TN_GLThread 73]isDrawFocused relyElement=[BaseElement@346a37d9]focusScale[1.15]elementAlpha[-1.0]refectAlpha[-1.0]isFocusAble[true]shadowIndex[-1]autoJumpType[-1]uniqueID[54resSize0]rect[NULL]
11-06 14:14:45.607 D/BasicFigure( 2491): [TN_GLThread 73]isDrawFocused basicFigure=com.suma.midware.view.b.c.c@3914159e
11-06 14:14:45.627 D/BasicFigure( 2491): [TN_GLThread 73]isDrawFocused relyElement=[BaseElement@346a37d9]focusScale[1.15]elementAlpha[-1.0]refectAlpha[-1.0]isFocusAble[true]shadowIndex[-1]autoJumpType[-1]uniqueID[54resSize0]rect[NULL]
11-06 14:14:45.627 D/BasicFigure( 2491): [TN_GLThread 73]isDrawFocused basicFigure=com.suma.midware.view.b.c.c@3914159e
11-06 14:14:45.801 D/ChannelHandler( 2491): [TN_main]changeSurfaceView width=1920,rect=[BaseRect@f6841383]x[74.0]y[212.0]z[0.0]xSize[674.0]ySize[379.0]zSize[0.0]xRotation[0.0]yRotation[0.0]zRotation[0.0]xScale[0.0]yScale[0.0]zScale[0.0],displayMetrics=DisplayMetrics{density=1.0, width=1280, height=720, scaledDensity=1.0, xdpi=160.0, ydpi=160.0}
11-06 14:14:45.801 D/PlayNgbDealer( 2355): [TN_Binder_4]findPlayer index=0,findType=1,channelIndex=0
11-06 14:14:45.802 D/Media   ( 2355): ^^^^player preparePlayer channelNum=0.
11-06 14:14:45.802 D/Media   ( 2355): ^^^^preparePlayer, url==NULL
11-06 14:14:45.802 V/SUMA    ( 2355): [ngbplayer-c][ngb_media_player_open 252]ngb media player open
11-06 14:14:45.802 V/SUMA    ( 1581): [NGBM] ngb_media_player_open enter !!! url=(null), channel=0
11-06 14:14:45.802 V/SUMA    ( 1581): [NGBM] media_print_video_attr display=1 rect=[0 0 1920 1080] ratio=6 cvrs=4
11-06 14:14:45.802 V/SUMA    ( 1581): [NGBM] context_vplayer_handle vplayer create ok!
11-06 14:14:45.802 V/SUMA    ( 1581): [VPLAYER] vplayer_init() version=2015-01-05-01
11-06 14:14:45.802 V/SUMA    ( 1581): [VPLAYER] vplayer_open() enter! url=(null)
11-06 14:14:45.802 V/SUMA    ( 1581): [VPLAYER 0xabcd0000] vplayer_open() leave! hvplayer=0xb3088100
11-06 14:14:45.802 V/SUMA    ( 1581): [NGBM] context_vplayer_ioctl unknown command 12
11-06 14:14:45.802 V/SUMA    ( 1581): [NGBM] context_vplayer_ioctl leave. ret=0
11-06 14:14:45.802 V/SUMA    ( 1581): [VPLAYER 0xabcd0000] vplayer_ioctl() enter! hvplayer=0xb3088100 VPLAYER_IOCTL_SET_WINDOW
11-06 14:14:45.802 V/SUMA    ( 1581): [VPLAYER 0xabcd0000] vplayer_ioctl() leave! hvplayer=0xb3088100 VPLAYER_IOCTL_SET_WINDOW rect=[0 0 1920 1080]
11-06 14:14:45.802 V/SUMA    ( 1581): [NGBM] context_vplayer_ioctl leave. ret=0
11-06 14:14:45.802 V/SUMA    ( 1581): [VPLAYER 0xabcd0000] vplayer_ioctl() enter! hvplayer=0xb3088100 VPLAYER_IOCTL_SET_ASPECT_RATIO
11-06 14:14:45.802 V/SUMA    ( 1581): [VPLAYER 0xabcd0000] vplayer_ioctl() leave! hvplayer=0xb3088100 VPLAYER_IOCTL_SET_ASPECT_RATIO ratio=6
11-06 14:14:45.802 V/SUMA    ( 1581): [NGBM] context_vplayer_ioctl leave. ret=0
11-06 14:14:45.802 V/SUMA    ( 1581): [VPLAYER 0xabcd0000] vplayer_ioctl() enter! hvplayer=0xb3088100 VPLAYER_IOCTL_SET_ASPECT_CVRS 
11-06 14:14:45.802 V/SUMA    ( 1581): [VPLAYER 0xabcd0000] vplayer_ioctl() leave! hvplayer=0xb3088100 VPLAYER_IOCTL_SET_ASPECT_CVRS cvrs=4
11-06 14:14:45.802 V/SUMA    ( 1581): [NGBM] context_vplayer_ioctl leave. ret=0
11-06 14:14:45.802 V/SUMA    ( 1581): [NGBM] media_print_video_attr display=1 rect=[0 0 1920 1080] ratio=6 cvrs=4
11-06 14:14:45.802 V/SUMA    ( 1581): [NGBM] ngb_media_player_open leave hplayer=0x00ff0000 ret=0
11-06 14:14:45.802 V/SUMA    ( 1581):        url=NULL
11-06 14:14:45.802 V/SUMA    ( 2355): [ngbplayer-c][ngb_media_player_open 282]ngbplayers = 1
11-06 14:14:45.802 D/Media   ( 2355): ^^^^player registPlayerListener.
11-06 14:14:45.802 V/SUMA    ( 1581): [NGBM] ngb_media_player_enreg enter !!! hplayer=0xff0000
11-06 14:14:45.802 V/SUMA    ( 1581): [NGBM] context_vplayer_ioctl leave. ret=0
11-06 14:14:45.802 V/SUMA    ( 1581): [NGBM] ngb_media_player_enreg leave hplayer=0x00ff0000 ret=0
11-06 14:14:45.802 D/PlayNgbDealer( 2355): [TN_Binder_4]findPlayer index=0,player=org.ngb.media.PlayerImpl@d97e1cd
11-06 14:14:45.803 D/PlayNgbDealer( 2355): [TN_Binder_4]setPlayerWindow index=0,playerNum=1,rect=Rect(49, 141 - 498, 393),info=[PlayerInfo@15d46972]index[0]id[0]userPID[2491]playerState[-1]isVideoPlay[false]isAudioPlay[false]isGetting[false]bChannel[null]retrieverTime[-1]playTime[-1]dataInfo[[DataInfo@2d8dea40]playUrl[null]rect[null]channel[null]]
11-06 14:14:45.803 D/Media   ( 2355): ^^^^player setBounds.
11-06 14:14:45.803 V/SUMA    ( 1581): [NGBM] ngb_media_player_set_video_window enter !!! hplayer=0xff0000
11-06 14:14:45.803 V/SUMA    ( 1581): [VPLAYER 0xabcd0000] vplayer_ioctl() enter! hvplayer=0xb3088100 VPLAYER_IOCTL_SET_WINDOW
