11-06 14:14:38.785 D/ConfigUpdateOttAdmin( 2491): [TN_ThreadUtil-0]dealUpdateCheck menuConfig=[MenuConfig@f5d]configID[3840]configAlias[homeConfig]configName[home_config.dat]version[1]isFilePath1[false]rootView[com.suma.midware.home.third.h{1ee6ac1a VFE..... .F...... 0,0-1280,720}]rootLayout[null]
11-06 14:14:38.785 D/FileIOUtil( 2491): [TN_ThreadUtil-0]deleteFile filePath=/data/user/0/com.suma.midware.home/files/launcherRes/f00/1/,containRootDir=false
11-06 14:14:38.785 D/CaNgbDealer( 2355): [TN_Binder_1]getCaCardInfo res=[I@26d850f7,isCache=true
11-06 14:14:38.785 D/FileIOUtil( 2491): [TN_ThreadUtil-0]deleteFile file=/data/user/0/com.suma.midware.home/files/launcherRes/f00/1,containRootDir=false
11-06 14:14:38.786 E/ConfigUpdateNeimengOttAdmin( 2491): [TN_ThreadUtil-0]checkConfig url=http://tvos-launcher.96066.com:8082/LancherWeb/getLauncherUpdatePackage?areaCode=&serialNumber=15510217310112851&standardVersion=1.0&mac=&hardVersion=04.01.01.02&launcherVersion=0&locationCode=0&cardOutID=8150010653229443&softVersion=03.16.00.03&type=1&model=8
11-06 14:14:38.787 E/FlyAndWeatherUpdate( 2491): [TN_ThreadUtil-1]url: http://tvos-launcher.96066.com:8082/LancherWeb/getLauncherWeather?hardVersion=04.01.01.02&locationCode=0&softVersion=03.16.00.03&serialNumber=15510217310112851&type=1&mac=&model=8
11-06 14:14:38.788 D/LoadHttpHandler( 2491): [TN_ThreadUtil-1]doNormal proxyConfig=null
11-06 14:14:38.788 D/LoadHttpHandler( 2491): [TN_ThreadUtil-0]doNormal proxyConfig=null
11-06 14:14:38.813 W/ContextImpl( 2355): Calling a method in the system process without a qualified user: android.app.ContextImpl.sendBroadcast:1345 android.content.ContextWrapper.sendBroadcast:377 com.suma.midware.back.esg.e.f:-1 com.suma.midware.back.esg.f.run:-1 com.suma.midware.prop.util.c.run:-1 
11-06 14:14:38.852 D/BackBootDealerNeimeng( 2355): standbyState:
11-06 14:14:38.853 E/NetUtils( 2021): Interface eth0 LinkDown!
11-06 14:14:39.005 D/LoadHttpHandler( 2491): [TN_ThreadUtil-1]doNormal responseCode=200
11-06 14:14:39.005 D/LoadHttpHandler( 2491): [TN_ThreadUtil-0]doNormal responseCode=200
11-06 14:14:39.005 D/LoadHttpHandler( 2491): [TN_ThreadUtil-0]doNormal savePath=null,fileName=null,total=-1
11-06 14:14:39.005 D/LoadHttpHandler( 2491): [TN_ThreadUtil-1]doNormal savePath=null,fileName=null,total=-1
11-06 14:14:39.006 E/ConfigUpdateNeimengOttAdmin( 2491): [TN_ThreadUtil-0]data: {"status":"0","errorMessage":"","data":""}
11-06 14:14:39.007 E/FlyAndWeatherUpdate( 2491): [TN_ThreadUtil-1]isWeatherUpdate is not need update
11-06 14:14:39.007 E/ConfigUpdateNeimengOttAdmin( 2491): [TN_ThreadUtil-0]checkConfig illegal version is null
11-06 14:14:39.154 V/PT      ( 1581): >>INFO:irkey_task:[      81.913216] /dev/input/event0: type=0001 code=006c val=00000001
11-06 14:14:39.154 V/PT      ( 1581): >>INFO:irkey_send:0x3001 0x0028 down
11-06 14:14:39.154 V/SUMA    ( 1581): ++++++++++++++  _roc_evtmgr_key_cbk 517:input = 12289, event=40, act=0x100
11-06 14:14:39.154 V/SUMA    ( 1581): lxm:_roc_evtmgr_key_cbk 519 81913
11-06 14:14:39.154 V/SUMA    ( 1581): lxm:_roc_evtmgr_add_evt_into_queue 347 81913
11-06 14:14:39.154 V/PT      ( 1581): >>INFO:irkey_task:[      81.913216] /dev/input/event0: type=0000 code=0000 val=00000000
11-06 14:14:39.154 V/SUMA    ( 1581): ===================>> type=0 src=0 evt=40 act=0x100
11-06 14:14:39.154 V/SUMA    ( 1581): [sysset-s][event_manager_cbk 78]lxm cbid=1, cbk_reg=1, cpid=2451
11-06 14:14:39.154 D/NGBEvent( 2451): ngbEventCallBack type:0 source :40
11-06 14:14:39.154 D/NGBEvent( 2451): [NGBEventManager-JNI]-returning:1
11-06 14:14:39.154 D/NGBEvent( 2451): Input key event: keyCode=40
11-06 14:14:39.154 D/NGBEvent( 2451): src:40 = dest:40
11-06 14:14:39.154 I/System.out( 2451): [DEBUG EventManager] LWJ--Add event to java with evt=NgbEvent-[type = 1, subtype = 401, code = 40]
11-06 14:14:39.154 D/NGBEvent( 2451): [NGBEvent_log]--[EventManager--JNI]:		start
11-06 14:14:39.154 I/System.out( 2451): [DEBUG EventManager] broadcastEvent  :len 1
11-06 14:14:39.155 D/CombineKeyUtil( 2451): [TN_pool-1-thread-1]dealKeyEvent,combineIndex:-1:keyCode:20
11-06 14:14:39.155 D/KeyEventNgbDealer( 2451): [TN_pool-1-thread-1]handleKeyPressed keyEvent=NgbEvent-[type = 1, subtype = 401, code = 40],time=81913
11-06 14:14:39.155 D/ir_user ( 1585): PlayerTimeLineTrace:linux_keycode:0x6c(DOWN),	protocol: .
11-06 14:14:39.155 D/RemoteIME( 2311): onKeyDown event = KeyEvent { action=ACTION_DOWN, keyCode=KEYCODE_DPAD_DOWN, scanCode=108, metaState=0, flags=0x8, repeatCount=0, eventTime=81913, downTime=81913, deviceId=3, source=0x701 },mSkbContainer=null
11-06 14:14:39.155 D/Main3DActivity( 2491): [TN_main]dispatchKeyEvent event=KeyEvent { action=ACTION_DOWN, keyCode=KEYCODE_DPAD_DOWN, scanCode=108, metaState=0, flags=0x8, repeatCount=0, eventTime=81913, downTime=81913, deviceId=3, source=0x701 },isEventAble=true
11-06 14:14:39.155 D/BasicRootView( 2491): [TN_main]dispatchKeyEvent event=KeyEvent { action=ACTION_DOWN, keyCode=KEYCODE_DPAD_DOWN, scanCode=108, metaState=0, flags=0x8, repeatCount=0, eventTime=81913, downTime=81913, deviceId=3, source=0x701 },curRootPanel=com.suma.midware.home.third.a.a@25f7f74e
11-06 14:14:39.155 D/GLRootRenderer( 2491): dispatchKeyEvent event:KeyEvent { action=ACTION_DOWN, keyCode=KEYCODE_DPAD_DOWN, scanCode=108, metaState=0, flags=0x8, repeatCount=0, eventTime=81913, downTime=81913, deviceId=3, source=0x701 }:lastKeyCode:19:lastKeyAction:0:lastkeycount:2:size:0
11-06 14:14:39.155 D/Scene   ( 2491): dispatchKeyEvent event:KeyEvent { action=ACTION_DOWN, keyCode=KEYCODE_DPAD_DOWN, scanCode=108, metaState=0, flags=0x8, repeatCount=0, eventTime=81913, downTime=81913, deviceId=3, source=0x701 }
11-06 14:14:39.155 D/Scene   ( 2491): dispatchKeyEvent currentFocus = com.suma.midware.view.b.c.c@3914159e
11-06 14:14:39.155 D/Scene   ( 2491): dispatchKeyEvent nextFocus:null
11-06 14:14:39.155 D/BasicFigure( 2491): [TN_GLThread 73]dealKeyEvent event=KeyEvent { action=ACTION_DOWN, keyCode=KEYCODE_DPAD_DOWN, scanCode=108, metaState=0, flags=0x8, repeatCount=0, eventTime=81913, downTime=81913, deviceId=3, source=0x701 }
11-06 14:14:39.156 D/MenuUtil( 2491): [TN_GLThread 73]searchVerticalFigure x=1224.00,y=934.000,width=236.000,height=88.0000,excludeObj=com.suma.midware.view.b.c.c@3914159e
11-06 14:14:39.156 D/MenuUtil( 2491): [TN_GLThread 73]searchVerticalFigure x=1224.00,y=934.000,width=236.000,height=88.0000,excludeObj=com.suma.midware.view.b.c.c@3914159e
11-06 14:14:39.157 D/MenuUtil( 2491): [TN_GLThread 73]searchVerticalFigure x=1224.00,y=0.00000,width=236.000,height=88.0000,excludeObj=com.suma.midware.view.b.c.c@3914159e
11-06 14:14:39.157 D/BasicFigure( 2491): [TN_GLThread 73]onFocusLost figure=com.suma.midware.view.b.c.c@3914159e
11-06 14:14:39.157 D/BasicFigure( 2491): [TN_GLThread 73]onGlobalFocusLost figure=com.suma.midware.view.b.c.c@3914159e
11-06 14:14:39.157 D/BasicFigure( 2491): [TN_GLThread 73]onFocusGain figure=com.suma.midware.view.b.c.c@11f25458
11-06 14:14:39.157 D/BasicFigure( 2491): [TN_GLThread 73]onGlobalFocusGain figure=com.suma.midware.view.b.c.c@11f25458
11-06 14:14:39.165 D/BasicFigure( 2491): [TN_GLThread 73]isDrawFocused relyElement=[BaseElement@346a37d9]focusScale[1.15]elementAlpha[-1.0]refectAlpha[-1.0]isFocusAble[true]shadowIndex[-1]autoJumpType[-1]uniqueID[54resSize0]rect[NULL]
11-06 14:14:39.165 D/BasicFigure( 2491): [TN_GLThread 73]isDrawFocused basicFigure=com.suma.midware.view.b.c.c@3914159e
11-06 14:14:39.174 D/BasicFigure( 2491): [TN_GLThread 73]isDrawFocused relyElement=[BaseElement@346a37d9]focusScale[1.15]elementAlpha[-1.0]refectAlpha[-1.0]isFocusAble[true]shadowIndex[-1]autoJumpType[-1]uniqueID[54resSize0]rect[NULL]
11-06 14:14:39.174 D/BasicFigure( 2491): [TN_GLThread 73]isDrawFocused basicFigure=com.suma.midware.view.b.c.c@3914159e
11-06 14:14:39.353 D/BackBootDealerNeimeng( 2355): standbyState:
11-06 14:14:39.354 E/NetUtils( 2021): Interface eth0 LinkDown!
11-06 14:14:39.364 V/PT      ( 1581): >>INFO:irkey_task:[      82.122740] /dev/input/event0: type=0001 code=006c val=00000000
11-06 14:14:39.364 V/PT      ( 1581): >>INFO:irkey_send:0x3001 0x0028 up  
11-06 14:14:39.364 V/SUMA    ( 1581): ++++++++++++++  _roc_evtmgr_key_cbk 517:input = 12289, event=40, act=0x400
11-06 14:14:39.364 V/SUMA    ( 1581): lxm:_roc_evtmgr_key_cbk 519 82123
11-06 14:14:39.364 V/SUMA    ( 1581): lxm:_roc_evtmgr_add_key_into_queue 311 82123
11-06 14:14:39.364 V/PT      ( 1581): >>INFO:irkey_task:[      82.122740] /dev/input/event0: type=0000 code=0000 val=00000000
11-06 14:14:39.364 V/SUMA    ( 1581): ===================>> type=0 src=0 evt=40 act=0x400
11-06 14:14:39.364 D/ir_user ( 1585): PlayerTimeLineTrace:linux_keycode:0x6c(UP),	protocol: .
11-06 14:14:39.364 V/SUMA    ( 1581): [sysset-s][event_manager_cbk 78]lxm cbid=1, cbk_reg=1, cpid=2451
11-06 14:14:39.364 D/NGBEvent( 2451): ngbEventCallBack type:0 source :40
11-06 14:14:39.364 D/NGBEvent( 2451): [NGBEventManager-JNI]-returning:1
11-06 14:14:39.364 D/NGBEvent( 2451): Input key event: keyCode=40
11-06 14:14:39.365 D/NGBEvent( 2451): src:40 = dest:40
11-06 14:14:39.365 I/System.out( 2451): [DEBUG EventManager] LWJ--Add event to java with evt=NgbEvent-[type = 1, subtype = 402, code = 40]
11-06 14:14:39.365 D/NGBEvent( 2451): [NGBEvent_log]--[EventManager--JNI]:		start
11-06 14:14:39.365 I/System.out( 2451): [DEBUG EventManager] broadcastEvent  :len 1
11-06 14:14:39.365 D/KeyEventNgbDealer( 2451): [TN_pool-1-thread-1]handleKeyReleased keyEvent=NgbEvent-[type = 1, subtype = 402, code = 40],time=82124
11-06 14:14:39.365 D/RemoteIME( 2311): RemoteIME--> onKeyUp keyCode = 20
11-06 14:14:39.366 D/Main3DActivity( 2491): [TN_main]dispatchKeyEvent event=KeyEvent { action=ACTION_UP, keyCode=KEYCODE_DPAD_DOWN, scanCode=108, metaState=0, flags=0x8, repeatCount=0, eventTime=82122, downTime=81913, deviceId=3, source=0x701 },isEventAble=true
11-06 14:14:39.566 V/PT      ( 1581): >>INFO:irkey_task:[      82.324734] /dev/input/event0: type=0001 code=006a val=00000001
11-06 14:14:39.566 V/PT      ( 1581): >>INFO:irkey_send:0x3001 0x0027 down
11-06 14:14:39.566 V/SUMA    ( 1581): ++++++++++++++  _roc_evtmgr_key_cbk 517:input = 12289, event=39, act=0x100
11-06 14:14:39.566 V/SUMA    ( 1581): lxm:_roc_evtmgr_key_cbk 519 82325
11-06 14:14:39.566 V/SUMA    ( 1581): lxm:_roc_evtmgr_add_evt_into_queue 347 82325
11-06 14:14:39.566 V/PT      ( 1581): >>INFO:irkey_task:[      82.324734] /dev/input/event0: type=0000 code=0000 val=00000000
11-06 14:14:39.566 V/SUMA    ( 1581): ===================>> type=0 src=0 evt=39 act=0x100
11-06 14:14:39.566 D/ir_user ( 1585): PlayerTimeLineTrace:linux_keycode:0x6a(DOWN),	protocol: .
11-06 14:14:39.566 V/SUMA    ( 1581): [sysset-s][event_manager_cbk 78]lxm cbid=1, cbk_reg=1, cpid=2451
11-06 14:14:39.566 D/NGBEvent( 2451): ngbEventCallBack type:0 source :39
11-06 14:14:39.566 D/NGBEvent( 2451): [NGBEventManager-JNI]-returning:1
11-06 14:14:39.567 D/NGBEvent( 2451): Input key event: keyCode=39
11-06 14:14:39.567 D/NGBEvent( 2451): src:39 = dest:39
11-06 14:14:39.567 I/System.out( 2451): [DEBUG EventManager] LWJ--Add event to java with evt=NgbEvent-[type = 1, subtype = 401, code = 39]
11-06 14:14:39.567 D/NGBEvent( 2451): [NGBEvent_log]--[EventManager--JNI]:		start
11-06 14:14:39.567 I/System.out( 2451): [DEBUG EventManager] broadcastEvent  :len 1
11-06 14:14:39.567 D/CombineKeyUtil( 2451): [TN_pool-1-thread-1]dealKeyEvent,combineIndex:-1:keyCode:22
11-06 14:14:39.567 D/RemoteIME( 2311): onKeyDown event = KeyEvent { action=ACTION_DOWN, keyCode=KEYCODE_DPAD_RIGHT, scanCode=106, metaState=0, flags=0x8, repeatCount=0, eventTime=82324, downTime=82324, deviceId=3, source=0x701 },mSkbContainer=null
11-06 14:14:39.567 D/KeyEventNgbDealer( 2451): [TN_pool-1-thread-1]handleKeyPressed keyEvent=NgbEvent-[type = 1, subtype = 401, code = 39],time=82326
11-06 14:14:39.568 D/Main3DActivity( 2491): [TN_main]dispatchKeyEvent event=KeyEvent { action=ACTION_DOWN, keyCode=KEYCODE_DPAD_RIGHT, scanCode=106, metaState=0, flags=0x8, repeatCount=0, eventTime=82324, downTime=82324, deviceId=3, source=0x701 },isEventAble=true
11-06 14:14:39.568 D/BasicRootView( 2491): [TN_main]dispatchKeyEvent event=KeyEvent { action=ACTION_DOWN, keyCode=KEYCODE_DPAD_RIGHT, scanCode=106, metaState=0, flags=0x8, repeatCount=0, eventTime=82324, downTime=82324, deviceId=3, source=0x701 },curRootPanel=com.suma.midware.home.third.a.a@25f7f74e
11-06 14:14:39.568 D/GLRootRenderer( 2491): dispatchKeyEvent event:KeyEvent { action=ACTION_DOWN, keyCode=KEYCODE_DPAD_RIGHT, scanCode=106, metaState=0, flags=0x8, repeatCount=0, eventTime=82324, downTime=82324, deviceId=3, source=0x701 }:lastKeyCode:20:lastKeyAction:0:lastkeycount:0:size:0
11-06 14:14:39.569 D/Scene   ( 2491): dispatchKeyEvent event:KeyEvent { action=ACTION_DOWN, keyCode=KEYCODE_DPAD_RIGHT, scanCode=106, metaState=0, flags=0x8, repeatCount=0, eventTime=82324, downTime=82324, deviceId=3, source=0x701 }
11-06 14:14:39.569 D/Scene   ( 2491): dispatchKeyEvent currentFocus = com.suma.midware.view.b.c.c@11f25458
11-06 14:14:39.569 D/Scene   ( 2491): dispatchKeyEvent nextFocus:null
11-06 14:14:39.569 D/BasicFigure( 2491): [TN_GLThread 73]dealKeyEvent event=KeyEvent { action=ACTION_DOWN, keyCode=KEYCODE_DPAD_RIGHT, scanCode=106, metaState=0, flags=0x8, repeatCount=0, eventTime=82324, downTime=82324, deviceId=3, source=0x701 }
11-06 14:14:39.570 D/MenuUtil( 2491): [TN_GLThread 73]searchHorizontalFigure x=1354.00,y=3.00000,width=180.000,height=134.000,excludeObj=com.suma.midware.view.b.c.c@11f25458
11-06 14:14:39.571 D/BasicFigure( 2491): [TN_GLThread 73]dealLeftRight obj3d=com.suma.midware.view.b.c.c@1af2850f,obj3dSize=6,basicPanel=null
11-06 14:14:39.571 D/BasicFigure( 2491): [TN_GLThread 73]onFocusLost figure=com.suma.midware.view.b.c.c@11f25458
11-06 14:14:39.571 D/BasicFigure( 2491): [TN_GLThread 73]onGlobalFocusLost figure=com.suma.midware.view.b.c.c@11f25458
11-06 14:14:39.571 D/BasicFigure( 2491): [TN_GLThread 73]onFocusGain figure=com.suma.midware.view.b.c.c@1af2850f
11-06 14:14:39.571 D/BasicFigure( 2491): [TN_GLThread 73]onGlobalFocusGain figure=com.suma.midware.view.b.c.c@1af2850f
11-06 14:14:39.583 D/BasicFigure( 2491): [TN_GLThread 73]isDrawFocused relyElement=[BaseElement@346a37d9]focusScale[1.15]elementAlpha[-1.0]refectAlpha[-1.0]isFocusAble[true]shadowIndex[-1]autoJumpType[-1]uniqueID[54resSize0]rect[NULL]
11-06 14:14:39.583 D/BasicFigure( 2491): [TN_GLThread 73]isDrawFocused basicFigure=com.suma.midware.view.b.c.c@3914159e
11-06 14:14:39.592 D/BasicFigure( 2491): [TN_GLThread 73]isDrawFocused relyElement=[BaseElement@346a37d9]focusScale[1.15]elementAlpha[-1.0]refectAlpha[-1.0]isFocusAble[true]shadowIndex[-1]autoJumpType[-1]uniqueID[54resSize0]rect[NULL]
11-06 14:14:39.592 D/BasicFigure( 2491): [TN_GLThread 73]isDrawFocused basicFigure=com.suma.midware.view.b.c.c@3914159e
11-06 14:14:39.775 V/PT      ( 1581): >>INFO:irkey_task:[      82.534111] /dev/input/event0: type=0001 code=006a val=00000000
11-06 14:14:39.775 V/PT      ( 1581): >>INFO:irkey_send:0x3001 0x0027 up  
11-06 14:14:39.775 V/SUMA    ( 1581): ++++++++++++++  _roc_evtmgr_key_cbk 517:input = 12289, event=39, act=0x400
11-06 14:14:39.775 V/SUMA    ( 1581): lxm:_roc_evtmgr_key_cbk 519 82534
11-06 14:14:39.775 V/SUMA    ( 1581): lxm:_roc_evtmgr_add_key_into_queue 311 82534
11-06 14:14:39.775 V/PT      ( 1581): >>INFO:irkey_task:[      82.534111] /dev/input/event0: type=0000 code=0000 val=00000000
11-06 14:14:39.775 V/SUMA    ( 1581): ===================>> type=0 src=0 evt=39 act=0x400
11-06 14:14:39.776 V/SUMA    ( 1581): [sysset-s][event_manager_cbk 78]lxm cbid=1, cbk_reg=1, cpid=2451
11-06 14:14:39.776 D/NGBEvent( 2451): ngbEventCallBack type:0 source :39
11-06 14:14:39.776 D/ir_user ( 1585): PlayerTimeLineTrace:linux_keycode:0x6a(UP),	protocol: .
11-06 14:14:39.776 D/NGBEvent( 2451): [NGBEventManager-JNI]-returning:1
11-06 14:14:39.776 D/NGBEvent( 2451): Input key event: keyCode=39
11-06 14:14:39.776 D/NGBEvent( 2451): src:39 = dest:39
11-06 14:14:39.776 I/System.out( 2451): [DEBUG EventManager] LWJ--Add event to java with evt=NgbEvent-[type = 1, subtype = 402, code = 39]
11-06 14:14:39.776 D/NGBEvent( 2451): [NGBEvent_log]--[EventManager--JNI]:		start
11-06 14:14:39.776 I/System.out( 2451): [DEBUG EventManager] broadcastEvent  :len 1
11-06 14:14:39.777 D/KeyEventNgbDealer( 2451): [TN_pool-1-thread-1]handleKeyReleased keyEvent=NgbEvent-[type = 1, subtype = 402, code = 39],time=82535
11-06 14:14:39.777 D/RemoteIME( 2311): RemoteIME--> onKeyUp keyCode = 22
11-06 14:14:39.778 D/Main3DActivity( 2491): [TN_main]dispatchKeyEvent event=KeyEvent { action=ACTION_UP, keyCode=KEYCODE_DPAD_RIGHT, scanCode=106, metaState=0, flags=0x8, repeatCount=0, eventTime=82534, downTime=82324, deviceId=3, source=0x701 },isEventAble=true
11-06 14:14:39.854 D/BackBootDealerNeimeng( 2355): standbyState:
11-06 14:14:39.855 E/NetUtils( 2021): Interface eth0 LinkDown!
11-06 14:14:39.861 V/PT      ( 1581): >>INFO:irkey_task:[      82.620137] /dev/input/event0: type=0001 code=006a val=00000001
11-06 14:14:39.861 V/PT      ( 1581): >>INFO:irkey_send:0x3001 0x0027 down
11-06 14:14:39.861 V/SUMA    ( 1581): ++++++++++++++  _roc_evtmgr_key_cbk 517:input = 12289, event=39, act=0x100
11-06 14:14:39.861 V/SUMA    ( 1581): lxm:_roc_evtmgr_key_cbk 519 82620
11-06 14:14:39.861 V/SUMA    ( 1581): lxm:_roc_evtmgr_add_evt_into_queue 347 82620
11-06 14:14:39.861 V/SUMA    ( 1581): ===================>> type=0 src=0 evt=39 act=0x100
11-06 14:14:39.861 V/PT      ( 1581): >>INFO:irkey_task:[      82.620137] /dev/input/event0: type=0000 code=0000 val=00000000
11-06 14:14:39.861 V/SUMA    ( 1581): [sysset-s][event_manager_cbk 78]lxm cbid=1, cbk_reg=1, cpid=2451
11-06 14:14:39.861 D/ir_user ( 1585): PlayerTimeLineTrace:linux_keycode:0x6a(DOWN),	protocol: .
11-06 14:14:39.861 D/NGBEvent( 2451): ngbEventCallBack type:0 source :39
11-06 14:14:39.861 D/NGBEvent( 2451): [NGBEventManager-JNI]-returning:1
11-06 14:14:39.861 D/NGBEvent( 2451): Input key event: keyCode=39
11-06 14:14:39.861 D/NGBEvent( 2451): src:39 = dest:39
11-06 14:14:39.861 I/System.out( 2451): [DEBUG EventManager] LWJ--Add event to java with evt=NgbEvent-[type = 1, subtype = 401, code = 39]
11-06 14:14:39.861 D/NGBEvent( 2451): [NGBEvent_log]--[EventManager--JNI]:		start
11-06 14:14:39.861 I/System.out( 2451): [DEBUG EventManager] broadcastEvent  :len 1
11-06 14:14:39.861 D/CombineKeyUtil( 2451): [TN_pool-1-thread-1]dealKeyEvent,combineIndex:-1:keyCode:22
11-06 14:14:39.861 D/KeyEventNgbDealer( 2451): [TN_pool-1-thread-1]handleKeyPressed keyEvent=NgbEvent-[type = 1, subtype = 401, code = 39],time=82620
11-06 14:14:39.862 D/RemoteIME( 2311): onKeyDown event = KeyEvent { action=ACTION_DOWN, keyCode=KEYCODE_DPAD_RIGHT, scanCode=106, metaState=0, flags=0x8, repeatCount=0, eventTime=82620, downTime=82620, deviceId=3, source=0x701 },mSkbContainer=null
11-06 14:14:39.862 D/Main3DActivity( 2491): [TN_main]dispatchKeyEvent event=KeyEvent { action=ACTION_DOWN, keyCode=KEYCODE_DPAD_RIGHT, scanCode=106, metaState=0, flags=0x8, repeatCount=0, eventTime=82620, downTime=82620, deviceId=3, source=0x701 },isEventAble=true
11-06 14:14:39.862 D/InputEventConsistencyVerifier( 2491): KeyEvent: ACTION_DOWN but key is already down and this event is not a key repeat.
11-06 14:14:39.862 D/InputEventConsistencyVerifier( 2491):   in com.android.internal.policy.impl.PhoneWindow$DecorView{817b53b V.E..... R....... 0,0-1280,720}
11-06 14:14:39.862 D/InputEventConsistencyVerifier( 2491):   0: sent at 82620000000, KeyEvent { action=ACTION_DOWN, keyCode=KEYCODE_DPAD_RIGHT, scanCode=106, metaState=0, flags=0x8, repeatCount=0, eventTime=82620, downTime=82620, deviceId=3, source=0x701 }
11-06 14:14:39.862 D/InputEventConsistencyVerifier( 2491):   -- recent events --
11-06 14:14:39.862 D/InputEventConsistencyVerifier( 2491):   1: sent at 82324000000, KeyEvent { action=ACTION_DOWN, keyCode=KEYCODE_DPAD_RIGHT, scanCode=106, metaState=0, flags=0x8, repeatCount=0, eventTime=82324, downTime=82324, deviceId=3, source=0x701 }
11-06 14:14:39.862 D/InputEventConsistencyVerifier( 2491):   2: sent at 81913000000, KeyEvent { action=ACTION_DOWN, keyCode=KEYCODE_DPAD_DOWN, scanCode=108, metaState=0, flags=0x8, repeatCount=0, eventTime=81913, downTime=81913, deviceId=3, source=0x701 }
11-06 14:14:39.862 D/InputEventConsistencyVerifier( 2491):   3: sent at 81140000000, KeyEvent { action=ACTION_DOWN, keyCode=KEYCODE_DPAD_UP, scanCode=103, metaState=0, flags=0x80000008, repeatCount=0, eventTime=81140, downTime=81140, deviceId=3, source=0x701 }
11-06 14:14:39.862 D/InputEventConsistencyVerifier( 2491):   4: sent at 80801000000, KeyEvent { action=ACTION_DOWN, keyCode=KEYCODE_DPAD_UP, scanCode=103, metaState=0, flags=0x80000008, repeatCount=0, eventTime=80801, downTime=80801, deviceId=3, source=0x701 }
11-06 14:14:39.862 D/InputEventConsistencyVerifier( 2491):   5: sent at 80535000000, KeyEvent { action=ACTION_DOWN, keyCode=KEYCODE_DPAD_UP, scanCode=103, metaState=0, flags=0x8, repeatCount=0, eventTime=80535, downTime=80535, deviceId=3, source=0x701 }
11-06 14:14:39.862 D/BasicRootView( 2491): [TN_main]dispatchKeyEvent event=KeyEvent { action=ACTION_DOWN, keyCode=KEYCODE_DPAD_RIGHT, scanCode=106, metaState=0, flags=0x80000008, repeatCount=0, eventTime=82620, downTime=82620, deviceId=3, source=0x701 },curRootPanel=com.suma.midware.home.third.a.a@25f7f74e
11-06 14:14:39.862 D/GLRootRenderer( 2491): dispatchKeyEvent event:KeyEvent { action=ACTION_DOWN, keyCode=KEYCODE_DPAD_RIGHT, scanCode=106, metaState=0, flags=0x80000008, repeatCount=0, eventTime=82620, downTime=82620, deviceId=3, source=0x701 }:lastKeyCode:22:lastKeyAction:0:lastkeycount:0:size:0
11-06 14:14:39.863 D/Scene   ( 2491): dispatchKeyEvent event:KeyEvent { action=ACTION_DOWN, keyCode=KEYCODE_DPAD_RIGHT, scanCode=106, metaState=0, flags=0x80000008, repeatCount=0, eventTime=82620, downTime=82620, deviceId=3, source=0x701 }
11-06 14:14:39.863 D/Scene   ( 2491): dispatchKeyEvent currentFocus = com.suma.midware.view.b.c.c@1af2850f
11-06 14:14:39.863 D/Scene   ( 2491): dispatchKeyEvent nextFocus:null
11-06 14:14:39.863 D/BasicFigure( 2491): [TN_GLThread 73]dealKeyEvent event=KeyEvent { action=ACTION_DOWN, keyCode=KEYCODE_DPAD_RIGHT, scanCode=106, metaState=0, flags=0x80000008, repeatCount=0, eventTime=82620, downTime=82620, deviceId=3, source=0x701 }
11-06 14:14:39.863 D/MenuUtil( 2491): [TN_GLThread 73]searchHorizontalFigure x=1468.00,y=3.00000,width=180.000,height=134.000,excludeObj=com.suma.midware.view.b.c.c@1af2850f
11-06 14:14:39.863 D/BasicFigure( 2491): [TN_GLThread 73]dealLeftRight obj3d=com.suma.midware.view.b.c.c@1667699c,obj3dSize=6,basicPanel=null
11-06 14:14:39.863 D/BasicFigure( 2491): [TN_GLThread 73]onFocusLost figure=com.suma.midware.view.b.c.c@1af2850f
11-06 14:14:39.863 D/BasicFigure( 2491): [TN_GLThread 73]onGlobalFocusLost figure=com.suma.midware.view.b.c.c@1af2850f
11-06 14:14:39.864 D/BasicFigure( 2491): [TN_GLThread 73]onFocusGain figure=com.suma.midware.view.b.c.c@1667699c
11-06 14:14:39.864 D/BasicFigure( 2491): [TN_GLThread 73]onGlobalFocusGain figure=com.suma.midware.view.b.c.c@1667699c
11-06 14:14:39.872 D/BasicFigure( 2491): [TN_GLThread 73]isDrawFocused relyElement=[BaseElement@346a37d9]focusScale[1.15]elementAlpha[-1.0]refectAlpha[-1.0]isFocusAble[true]shadowIndex[-1]autoJumpType[-1]uniqueID[54resSize0]rect[NULL]
11-06 14:14:39.872 D/BasicFigure( 2491): [TN_GLThread 73]isDrawFocused basicFigure=com.suma.midware.view.b.c.c@3914159e
11-06 14:14:39.881 D/BasicFigure( 2491): [TN_GLThread 73]isDrawFocused relyElement=[BaseElement@346a37d9]focusScale[1.15]elementAlpha[-1.0]refectAlpha[-1.0]isFocusAble[true]shadowIndex[-1]autoJumpType[-1]uniqueID[54resSize0]rect[NULL]
11-06 14:14:39.881 D/BasicFigure( 2491): [TN_GLThread 73]isDrawFocused basicFigure=com.suma.midware.view.b.c.c@3914159e
11-06 14:14:40.070 V/PT      ( 1581): >>INFO:irkey_task:[      82.829540] /dev/input/event0: type=0001 code=006a val=00000000
11-06 14:14:40.070 V/PT      ( 1581): >>INFO:irkey_send:0x3001 0x0027 up  
11-06 14:14:40.071 V/SUMA    ( 1581): ++++++++++++++  _roc_evtmgr_key_cbk 517:input = 12289, event=39, act=0x400
11-06 14:14:40.071 V/SUMA    ( 1581): lxm:_roc_evtmgr_key_cbk 519 82829
11-06 14:14:40.071 V/SUMA    ( 1581): lxm:_roc_evtmgr_add_key_into_queue 311 82829
11-06 14:14:40.071 V/PT      ( 1581): >>INFO:irkey_task:[      82.829540] /dev/input/event0: type=0000 code=0000 val=00000000
11-06 14:14:40.071 V/SUMA    ( 1581): ===================>> type=0 src=0 evt=39 act=0x400
11-06 14:14:40.071 V/SUMA    ( 1581): [sysset-s][event_manager_cbk 78]lxm cbid=1, cbk_reg=1, cpid=2451
11-06 14:14:40.071 D/NGBEvent( 2451): ngbEventCallBack type:0 source :39
11-06 14:14:40.071 D/NGBEvent( 2451): [NGBEventManager-JNI]-returning:1
11-06 14:14:40.071 D/NGBEvent( 2451): Input key event: keyCode=39
11-06 14:14:40.071 D/NGBEvent( 2451): src:39 = dest:39
11-06 14:14:40.071 D/ir_user ( 1585): PlayerTimeLineTrace:linux_keycode:0x6a(UP),	protocol: .
11-06 14:14:40.072 I/System.out( 2451): [DEBUG EventManager] LWJ--Add event to java with evt=NgbEvent-[type = 1, subtype = 402, code = 39]
11-06 14:14:40.072 D/NGBEvent( 2451): [NGBEvent_log]--[EventManager--JNI]:		start
11-06 14:14:40.072 I/System.out( 2451): [DEBUG EventManager] broadcastEvent  :len 1
11-06 14:14:40.072 D/KeyEventNgbDealer( 2451): [TN_pool-1-thread-1]handleKeyReleased keyEvent=NgbEvent-[type = 1, subtype = 402, code = 39],time=82831
11-06 14:14:40.072 D/RemoteIME( 2311): RemoteIME--> onKeyUp keyCode = 22
11-06 14:14:40.073 D/Main3DActivity( 2491): [TN_main]dispatchKeyEvent event=KeyEvent { action=ACTION_UP, keyCode=KEYCODE_DPAD_RIGHT, scanCode=106, metaState=0, flags=0x8, repeatCount=0, eventTime=82829, downTime=82620, deviceId=3, source=0x701 },isEventAble=true
11-06 14:14:40.344 V/PT      ( 1581): >>INFO:irkey_task:[      83.103141] /dev/input/event0: type=0001 code=001c val=00000001
11-06 14:14:40.344 V/PT      ( 1581): >>INFO:irkey_send:0x3001 0x1001 down
11-06 14:14:40.344 V/SUMA    ( 1581): ++++++++++++++  _roc_evtmgr_key_cbk 517:input = 12289, event=4097, act=0x100
11-06 14:14:40.344 V/SUMA    ( 1581): lxm:_roc_evtmgr_key_cbk 519 83103
11-06 14:14:40.344 V/SUMA    ( 1581): lxm:_roc_evtmgr_add_evt_into_queue 347 83103
11-06 14:14:40.344 V/SUMA    ( 1581): ===================>> type=0 src=0 evt=4097 act=0x100
11-06 14:14:40.345 V/PT      ( 1581): >>INFO:irkey_task:[      83.103141] /dev/input/event0: type=0000 code=0000 val=00000000
11-06 14:14:40.345 V/SUMA    ( 1581): [sysset-s][event_manager_cbk 78]lxm cbid=1, cbk_reg=1, cpid=2451
11-06 14:14:40.345 D/NGBEvent( 2451): ngbEventCallBack type:0 source :4097
11-06 14:14:40.345 D/ir_user ( 1585): PlayerTimeLineTrace:linux_keycode:0x1c(DOWN),	protocol: .
11-06 14:14:40.345 D/NGBEvent( 2451): [NGBEventManager-JNI]-returning:1
11-06 14:14:40.345 D/NGBEvent( 2451): Input key event: keyCode=4097
11-06 14:14:40.345 D/NGBEvent( 2451): src:4097 = dest:4097
11-06 14:14:40.345 I/System.out( 2451): [DEBUG EventManager] LWJ--Add event to java with evt=NgbEvent-[type = 1, subtype = 401, code = 4097]
11-06 14:14:40.345 D/NGBEvent( 2451): [NGBEvent_log]--[EventManager--JNI]:		start
11-06 14:14:40.345 I/System.out( 2451): [DEBUG EventManager] broadcastEvent  :len 1
11-06 14:14:40.346 D/CombineKeyUtil( 2451): [TN_pool-1-thread-1]dealKeyEvent,combineIndex:-1:keyCode:23
11-06 14:14:40.346 D/KeyEventNgbDealer( 2451): [TN_pool-1-thread-1]handleKeyPressed keyEvent=NgbEvent-[type = 1, subtype = 401, code = 4097],time=83104
11-06 14:14:40.347 D/RemoteIME( 2311): onKeyDown event = KeyEvent { action=ACTION_DOWN, keyCode=KEYCODE_DPAD_CENTER, scanCode=28, metaState=0, flags=0x8, repeatCount=0, eventTime=83103, downTime=83103, deviceId=3, source=0x701 },mSkbContainer=null
11-06 14:14:40.347 D/Main3DActivity( 2491): [TN_main]dispatchKeyEvent event=KeyEvent { action=ACTION_DOWN, keyCode=KEYCODE_DPAD_CENTER, scanCode=28, metaState=0, flags=0x8, repeatCount=0, eventTime=83103, downTime=83103, deviceId=3, source=0x701 },isEventAble=true
11-06 14:14:40.347 D/BasicRootView( 2491): [TN_main]dispatchKeyEvent event=KeyEvent { action=ACTION_DOWN, keyCode=KEYCODE_DPAD_CENTER, scanCode=28, metaState=0, flags=0x8, repeatCount=0, eventTime=83103, downTime=83103, deviceId=3, source=0x701 },curRootPanel=com.suma.midware.home.third.a.a@25f7f74e
11-06 14:14:40.348 D/GLRootRenderer( 2491): dispatchKeyEvent event:KeyEvent { action=ACTION_DOWN, keyCode=KEYCODE_DPAD_CENTER, scanCode=28, metaState=0, flags=0x8, repeatCount=0, eventTime=83103, downTime=83103, deviceId=3, source=0x701 }:lastKeyCode:22:lastKeyAction:0:lastkeycount:1:size:0
11-06 14:14:40.348 D/Scene   ( 2491): dispatchKeyEvent event:KeyEvent { action=ACTION_DOWN, keyCode=KEYCODE_DPAD_CENTER, scanCode=28, metaState=0, flags=0x8, repeatCount=0, eventTime=83103, downTime=83103, deviceId=3, source=0x701 }
11-06 14:14:40.348 D/Scene   ( 2491): dispatchKeyEvent currentFocus = com.suma.midware.view.b.c.c@1667699c
11-06 14:14:40.348 D/Scene   ( 2491): dispatchKeyEvent nextFocus:null
11-06 14:14:40.348 D/BasicFigure( 2491): [TN_GLThread 73]dealKeyEvent event=KeyEvent { action=ACTION_DOWN, keyCode=KEYCODE_DPAD_CENTER, scanCode=28, metaState=0, flags=0x8, repeatCount=0, eventTime=83103, downTime=83103, deviceId=3, source=0x701 }
11-06 14:14:40.349 D/BasicFigure( 2491): [TN_GLThread 73]onClick autoJumpType=-1,size=1,element=[BaseElement@16ddafa5]focusScale[1.15]elementAlpha[-1.0]refectAlpha[-1.0]isFocusAble[true]shadowIndex[-1]autoJumpType[-1]uniqueID[33resSize5]rect[1582.0,3.0,180.0,134.0],figure=com.suma.midware.view.b.c.c@1667699c
11-06 14:14:40.349 D/AppUtil ( 2491): [TN_GLThread 73]convertLink link null
11-06 14:14:40.349 D/HomeConfig( 2491): [TN_GLThread 73]getUnableNote element=[BaseElement@16ddafa5]focusScale[1.15]elementAlpha[-1.0]refectAlpha[-1.0]isFocusAble[true]shadowIndex[-1]autoJumpType[-1]uniqueID[33resSize5]rect[1582.0,3.0,180.0,134.0]
11-06 14:14:40.351 D/Main3DActivity( 2491): [TN_GLThread 73]startApp intent=Intent { act= cmp=com.suma.midware.setting/.main.SystemMainActivity },noteText=精彩无限，敬请期待,comp=ComponentInfo{com.suma.midware.setting/com.suma.midware.setting.main.SystemMainActivity}
11-06 14:14:40.351 I/ActivityManager( 2021): START u0 {act= cmp=com.suma.midware.setting/.main.SystemMainActivity} from uid 1000 on display 0
11-06 14:14:40.355 D/BackBootDealerNeimeng( 2355): standbyState:
11-06 14:14:40.355 E/NetUtils( 2021): Interface eth0 LinkDown!
11-06 14:14:40.356 D/RemoteIME( 2311): RemoteIME--> onKeyUp keyCode = 23
11-06 14:14:40.356 D/Main3DActivity( 2491): [TN_main]dispatchKeyEvent event=KeyEvent { action=ACTION_UP, keyCode=KEYCODE_DPAD_CENTER, scanCode=28, metaState=0, flags=0x28, repeatCount=0, eventTime=83115, downTime=83103, deviceId=3, source=0x701 },isEventAble=true
11-06 14:14:40.357 V/WindowManager( 2021): addAppToken: AppWindowToken{318b93af token=Token{14918f8e ActivityRecord{3a4aa389 u0 com.suma.midware.setting/.main.SystemMainActivity t463}}} to stack=1 task=463 at 0
11-06 14:14:40.357 D/BaseApplication( 2491): [TN_main]onActivityPaused activity=com.suma.midware.home.third.Main3DActivity@46ab53e
11-06 14:14:40.357 D/Main3DActivity( 2491): [TN_main]onPause time=83116,appStartMode=1
11-06 14:14:40.357 D/GLRootView( 2491): doAction isPause:true:isCreated:true:isPaused:false
11-06 14:14:40.358 D/Main3DActivity( 2491): [TN_main]onPause time=83117,appStartMode=1,clsName=com.suma.midware.home.third.Main3DActivity
11-06 14:14:40.358 D/BasicRootPanel( 2491): [TN_GLThread 73]getTVFigure curBasicPanel=com.suma.midware.view.b.d.d@389bce67
11-06 14:14:40.358 D/FixedRes( 2491): [TN_GLThread 73]getTVNoteTexture tvNoteType=-1,tvNoteSubType=0
11-06 14:14:40.358 D/PlayExcuter( 2491): [TN_main]notifyPlay type=9,curType=-2,cancelType=2,cancelVideoType=1,isResetData=true,task=null,this.task=[PlayDirectTask@2d4695be]playTaskType[6]playType[0]playerType[-1]isEcmSet[true]playerIndex[0]tunerIndex[0]channel[[DirectChannel@32501b]channelID[0]oNetID[1]tsID[31]serviceID[3102]freq[371000]name[CCTV-1高清]serviceType[8]attr[16384]serialNum[1]serialNum4[1]pcrPID[49]refServiceID[-1]],indexs=null
11-06 14:14:40.358 W/MenuUtil( 2491): [TN_GLThread 73]loadResTexture illegal value=null
11-06 14:14:40.358 D/TextureManager( 2491): deleteTexture key:系统无信号_36_-1_0_5.0_3.0_3.0_-7829368:textureID:86
11-06 14:14:40.358 D/PlayExcuter( 2491): [TN_main]releasePlayer curType=-2,cancelType=2,task=[PlayDirectTask@2d4695be]playTaskType[6]playType[0]playerType[-1]isEcmSet[true]playerIndex[0]tunerIndex[0]channel[[DirectChannel@32501b]channelID[0]oNetID[1]tsID[31]serviceID[3102]freq[371000]name[CCTV-1高清]serviceType[8]attr[16384]serialNum[1]serialNum4[1]pcrPID[49]refServiceID[-1]]
11-06 14:14:40.359 D/PlayNgbDealer( 2355): [TN_Binder_3]findPlayer index=0,findType=0,channelIndex=0
11-06 14:14:40.359 D/PlayNgbDealer( 2355): [TN_Binder_3]releasePlayer index=0,playerNum=1,videoType=1,isResetData=true,isCheckPID=false
11-06 14:14:40.359 E/TerminalHandler( 2355): [TN_Binder_3]removeTerminalListener illegal dealer=null,listener=com.suma.midware.back.play.i@1208ecc:
11-06 14:14:40.359 D/Media   ( 2355): ^^^^player unregistPlayerListener.
11-06 14:14:40.359 V/SUMA    ( 1581): [NGBM] ngb_media_player_unreg enter !!! hplayer=0xff0000
11-06 14:14:40.359 V/SUMA    ( 1581): [NGBM] context_vplayer_ioctl leave. ret=0
11-06 14:14:40.359 V/SUMA    ( 1581): [NGBM] ngb_media_player_unreg leave hplayer=0xff0000 ret=0
11-06 14:14:40.359 D/Media   ( 2355): ^^^^unregister mediaplayer code=0
11-06 14:14:40.359 D/Media   ( 2355): ^^^^player deallocate.
11-06 14:14:40.359 V/SUMA    ( 2355): [ngbplayer-c][ngb_media_player_close 301]ngb_media_player_close
11-06 14:14:40.359 V/SUMA    ( 1581): [NGBM] ngb_media_player_close enter !!! hplayer=0xff0000
11-06 14:14:40.359 V/SUMA    ( 1581): [VPLAYER 0xabcd0000] vplayer_close() enter! hvplayer=0xb3088100
11-06 14:14:40.359 V/SUMA    ( 1581): [VPLAYER 0xabcd0000] vplayer_close() leave! hvplayer=0xb3088100
11-06 14:14:40.359 V/SUMA    ( 1581): [NGBM] ngb_media_player_close leave hplayer=0x00ff0000 ret=0
11-06 14:14:40.359 V/SUMA    ( 2355): [ngbplayer-c][ngb_media_player_close 310]client player release
11-06 14:14:40.359 D/PlayerManager( 2491): [TN_main]cancelPlayTask cancleType=2,cancelVideoType=1,isResetData=true,isCheckPID=false,state=0,indexs=null
11-06 14:14:40.360 D/SysEventHandler( 2355): [TN_Binder_1]removeEventListener binder=android.os.BinderProxy@24272515
11-06 14:14:40.360 D/DataBaseHandler( 2355): [TN_Binder_2]removeDataListener binder=android.os.BinderProxy@1535602a
11-06 14:14:40.361 D/PlayerHandler( 2355): [TN_Binder_5]removePlayListener binder=android.os.BinderProxy@1582ee1b
11-06 14:14:40.366 D/Main3DActivity( 2491): [TN_main]onPause endTime=83125,appStartMode=-1
11-06 14:14:40.367 W/ContextImpl( 2491): Calling a method in the system process without a qualified user: android.app.ContextImpl.sendBroadcast:1345 android.content.ContextWrapper.sendBroadcast:377 android.app.ActivityThread.performPauseActivity:3259 android.app.ActivityThread.performPauseActivity:3225 android.app.ActivityThread.handlePauseActivity:3200 
11-06 14:14:40.371 D/BasicFigure( 2491): [TN_GLThread 73]isDrawFocused relyElement=[BaseElement@346a37d9]focusScale[1.15]elementAlpha[-1.0]refectAlpha[-1.0]isFocusAble[true]shadowIndex[-1]autoJumpType[-1]uniqueID[54resSize0]rect[NULL]
11-06 14:14:40.371 D/BasicFigure( 2491): [TN_GLThread 73]isDrawFocused basicFigure=com.suma.midware.view.b.c.c@3914159e
11-06 14:14:40.379 D/BaseApplication( 2700): [TN_main]onActivityCreated activity=com.suma.midware.setting.main.SystemMainActivity@214a3984,savedInstanceState=null
11-06 14:14:40.385 D/BasicFigure( 2491): [TN_GLThread 73]isDrawFocused relyElement=[BaseElement@346a37d9]focusScale[1.15]elementAlpha[-1.0]refectAlpha[-1.0]isFocusAble[true]shadowIndex[-1]autoJumpType[-1]uniqueID[54resSize0]rect[NULL]
11-06 14:14:40.385 D/BasicFigure( 2491): [TN_GLThread 73]isDrawFocused basicFigure=com.suma.midware.view.b.c.c@3914159e
11-06 14:14:40.438 V/WindowManager( 2021): Adding window Window{4d449a7 u0 Starting com.suma.midware.setting} at 5 of 10 (after Window{287a711d u0 com.suma.midware.dvb/com.suma.midware.dvb.play.PlayActivity})
11-06 14:14:40.477 D/PlayExcuter( 2491): [TN_main]surfaceDestroyed surface=Surface(name=null)/@0x2a6eb105,rect=Rect(49, 141 - 498, 393),curSurface=Surface(name=null)/@0x2a6eb105,holder=android.view.SurfaceView$4@77bf080
11-06 14:14:40.482 D/PropManager( 2700): [TN_main]init startTime=83241,isAsy=false,initState=2,versionTime=2017-07-18 15:30,verifyVersion=5.2
11-06 14:14:40.497 D/BaseApplication( 2700): [TN_main]onActivityStarted activity=com.suma.midware.setting.main.SystemMainActivity@214a3984
11-06 14:14:40.497 D/BaseApplication( 2700): [TN_main]onActivityResumed activity=com.suma.midware.setting.main.SystemMainActivity@214a3984
11-06 14:14:40.498 W/ContextImpl( 2700): Calling a method in the system process without a qualified user: android.app.ContextImpl.sendBroadcast:1345 android.content.ContextWrapper.sendBroadcast:377 android.app.ActivityThread.performResumeActivity:2982 android.app.ActivityThread.handleResumeActivity:3023 android.app.ActivityThread.handleLaunchActivity:2392 
11-06 14:14:40.501 D/OpenGLRenderer( 2700): Use EGL_SWAP_BEHAVIOR_PRESERVED: false
11-06 14:14:40.508 D/Atlas   ( 2700): Validating map...
11-06 14:14:40.511 V/WindowManager( 2021): Adding window Window{746f83e u0 com.suma.midware.setting/com.suma.midware.setting.main.SystemMainActivity} at 5 of 11 (before Window{4d449a7 u0 Starting com.suma.midware.setting})
11-06 14:14:40.544 I/OpenGLRenderer( 2700): Initialized EGL, version 1.4
11-06 14:14:40.545 D/OpenGLRenderer( 2700): Enabling debug mode 0
11-06 14:14:40.553 V/PT      ( 1581): >>INFO:irkey_task:[      83.312468] /dev/input/event0: type=0001 code=001c val=00000000
11-06 14:14:40.553 V/PT      ( 1581): >>INFO:irkey_send:0x3001 0x1001 up  
11-06 14:14:40.553 V/SUMA    ( 1581): ++++++++++++++  _roc_evtmgr_key_cbk 517:input = 12289, event=4097, act=0x400
11-06 14:14:40.553 V/SUMA    ( 1581): lxm:_roc_evtmgr_key_cbk 519 83312
11-06 14:14:40.553 V/SUMA    ( 1581): lxm:_roc_evtmgr_add_key_into_queue 311 83312
11-06 14:14:40.553 V/PT      ( 1581): >>INFO:irkey_task:[      83.312468] /dev/input/event0: type=0000 code=0000 val=00000000
11-06 14:14:40.553 V/SUMA    ( 1581): ===================>> type=0 src=0 evt=4097 act=0x400
11-06 14:14:40.553 V/SUMA    ( 1581): [sysset-s][event_manager_cbk 78]lxm cbid=1, cbk_reg=1, cpid=2451
11-06 14:14:40.553 D/NGBEvent( 2451): ngbEventCallBack type:0 source :4097
11-06 14:14:40.554 D/NGBEvent( 2451): [NGBEventManager-JNI]-returning:1
11-06 14:14:40.554 D/NGBEvent( 2451): Input key event: keyCode=4097
11-06 14:14:40.554 D/NGBEvent( 2451): src:4097 = dest:4097
11-06 14:14:40.554 I/System.out( 2451): [DEBUG EventManager] LWJ--Add event to java with evt=NgbEvent-[type = 1, subtype = 402, code = 4097]
11-06 14:14:40.554 D/NGBEvent( 2451): [NGBEvent_log]--[EventManager--JNI]:		start
11-06 14:14:40.554 I/System.out( 2451): [DEBUG EventManager] broadcastEvent  :len 1
11-06 14:14:40.554 D/KeyEventNgbDealer( 2451): [TN_pool-1-thread-1]handleKeyReleased keyEvent=NgbEvent-[type = 1, subtype = 402, code = 4097],time=83313
11-06 14:14:40.554 D/ir_user ( 1585): PlayerTimeLineTrace:linux_keycode:0x1c(UP),	protocol: .
11-06 14:14:40.555 D/InputEventConsistencyVerifier( 2700): KeyEvent: ACTION_UP but key was not down.
11-06 14:14:40.555 D/InputEventConsistencyVerifier( 2700):   in android.view.ViewRootImpl@3b71f97f
11-06 14:14:40.555 D/InputEventConsistencyVerifier( 2700):   0: sent at 83312000000, KeyEvent { action=ACTION_UP, keyCode=KEYCODE_DPAD_CENTER, scanCode=28, metaState=0, flags=0x8, repeatCount=0, eventTime=83312, downTime=83103, deviceId=3, source=0x701 }
11-06 14:14:40.555 D/RemoteIME( 2311): onFinishInput.
11-06 14:14:40.555 D/RemoteIME( 2311): onStartInput  ccontentType: 0 Restarting:false
11-06 14:14:40.613 I/ActivityManager( 2021): Displayed com.suma.midware.setting/.main.SystemMainActivity: +244ms
11-06 14:14:40.856 D/BackBootDealerNeimeng( 2355): standbyState:
11-06 14:14:40.857 E/NetUtils( 2021): Interface eth0 LinkDown!
11-06 14:14:41.357 D/BackBootDealerNeimeng( 2355): standbyState:
11-06 14:14:41.358 E/NetUtils( 2021): Interface eth0 LinkDown!
11-06 14:14:41.415 D/BasicFigure( 2491): [TN_GLThread 73]isDrawFocused relyElement=[BaseElement@346a37d9]focusScale[1.15]elementAlpha[-1.0]refectAlpha[-1.0]isFocusAble[true]shadowIndex[-1]autoJumpType[-1]uniqueID[54resSize0]rect[NULL]
11-06 14:14:41.415 D/BasicFigure( 2491): [TN_GLThread 73]isDrawFocused basicFigure=com.suma.midware.view.b.c.c@3914159e
11-06 14:14:41.432 D/GLRootView( 2491): surfaceDestroyed holder:android.view.SurfaceView$4@31f20d02
11-06 14:14:41.475 D/BaseApplication( 2491): [TN_main]onActivitySaveInstanceState activity=com.suma.midware.home.third.Main3DActivity@46ab53e,outState=Bundle[{android:viewHierarchyState=Bundle[{android:views={16908290=android.view.AbsSavedState$1@25d2d7d, 2131427428=android.view.AbsSavedState$1@25d2d7d, 2131427429=android.view.AbsSavedState$1@25d2d7d, 2131427430=android.widget.ProgressBar$SavedState@6863f7a, 2131427431=android.view.AbsSavedState$1@25d2d7d, 2131427432=android.view.AbsSavedState$1@25d2d7d, 2131427433=android.view.AbsSavedState$1@25d2d7d, 2131427447=android.view.AbsSavedState$1@25d2d7d, 2131427448=android.view.AbsSavedState$1@25d2d7d, 2131427449=android.widget.ProgressBar$SavedState@dc632b, 2131427450=android.view.AbsSavedState$1@25d2d7d, 2131427451=android.view.AbsSavedState$1@25d2d7d, 2131427452=android.view.AbsSavedState$1@25d2d7d, 2131427453=android.view.AbsSavedState$1@25d2d7d, 2131427454=android.view.AbsSavedState$1@25d2d7d, 2131427455=android.view.AbsSavedState$1@25d2d7d, 2131427456=android.view.AbsSavedState$1@25d2d7d, 2131427457=android.view.AbsSavedState$1@25d2d7d}}]}]
11-06 14:14:41.476 D/BaseApplication( 2491): [TN_main]onActivityStopped activity=com.suma.midware.home.third.Main3DActivity@46ab53e
11-06 14:14:41.476 D/HomeFlyWord( 2491): [TN_main]stopScrollView isReset=false
11-06 14:14:41.476 W/HomeFlyWord( 2491): [TN_main]stopScrollView scrollView null
11-06 14:14:41.476 D/Main3DActivity( 2491): [TN_main]onStop time=84235
11-06 14:14:41.476 D/BaseApplication( 2491): [TN_main]onTrimMemory level=80
11-06 14:14:41.522 V/PT      ( 1581): >>INFO:irkey_task:[      84.281071] /dev/input/event0: type=0001 code=001c val=00000001
11-06 14:14:41.522 V/PT      ( 1581): >>INFO:irkey_send:0x3001 0x1001 down
11-06 14:14:41.522 V/SUMA    ( 1581): ++++++++++++++  _roc_evtmgr_key_cbk 517:input = 12289, event=4097, act=0x100
11-06 14:14:41.522 V/SUMA    ( 1581): lxm:_roc_evtmgr_key_cbk 519 84281
11-06 14:14:41.522 V/SUMA    ( 1581): lxm:_roc_evtmgr_add_evt_into_queue 347 84281
11-06 14:14:41.522 V/SUMA    ( 1581): ===================>> type=0 src=0 evt=4097 act=0x100
11-06 14:14:41.522 V/PT      ( 1581): >>INFO:irkey_task:[      84.281071] /dev/input/event0: type=0000 code=0000 val=00000000
11-06 14:14:41.522 V/SUMA    ( 1581): [sysset-s][event_manager_cbk 78]lxm cbid=1, cbk_reg=1, cpid=2451
11-06 14:14:41.522 D/NGBEvent( 2451): ngbEventCallBack type:0 source :4097
11-06 14:14:41.522 D/NGBEvent( 2451): [NGBEventManager-JNI]-returning:1
11-06 14:14:41.522 D/NGBEvent( 2451): Input key event: keyCode=4097
11-06 14:14:41.522 D/NGBEvent( 2451): src:4097 = dest:4097
11-06 14:14:41.522 I/System.out( 2451): [DEBUG EventManager] LWJ--Add event to java with evt=NgbEvent-[type = 1, subtype = 401, code = 4097]
11-06 14:14:41.522 D/NGBEvent( 2451): [NGBEvent_log]--[EventManager--JNI]:		start
11-06 14:14:41.522 D/ir_user ( 1585): PlayerTimeLineTrace:linux_keycode:0x1c(DOWN),	protocol: .
11-06 14:14:41.522 I/System.out( 2451): [DEBUG EventManager] broadcastEvent  :len 1
11-06 14:14:41.522 D/CombineKeyUtil( 2451): [TN_pool-1-thread-1]dealKeyEvent,combineIndex:-1:keyCode:23
11-06 14:14:41.522 D/KeyEventNgbDealer( 2451): [TN_pool-1-thread-1]handleKeyPressed keyEvent=NgbEvent-[type = 1, subtype = 401, code = 4097],time=84281
11-06 14:14:41.523 D/RemoteIME( 2311): onKeyDown event = KeyEvent { action=ACTION_DOWN, keyCode=KEYCODE_DPAD_CENTER, scanCode=28, metaState=0, flags=0x8, repeatCount=0, eventTime=84281, downTime=84281, deviceId=3, source=0x701 },mSkbContainer=null
11-06 14:14:41.731 V/PT      ( 1581): >>INFO:irkey_task:[      84.490560] /dev/input/event0: type=0001 code=001c val=00000000
11-06 14:14:41.731 V/PT      ( 1581): >>INFO:irkey_send:0x3001 0x1001 up  
11-06 14:14:41.732 V/SUMA    ( 1581): ++++++++++++++  _roc_evtmgr_key_cbk 517:input = 12289, event=4097, act=0x400
11-06 14:14:41.732 V/SUMA    ( 1581): lxm:_roc_evtmgr_key_cbk 519 84490
11-06 14:14:41.732 V/SUMA    ( 1581): lxm:_roc_evtmgr_add_key_into_queue 311 84490
11-06 14:14:41.732 D/ir_user ( 1585): PlayerTimeLineTrace:linux_keycode:0x1c(UP),	protocol: .
11-06 14:14:41.732 V/PT      ( 1581): >>INFO:irkey_task:[      84.490560] /dev/input/event0: type=0000 code=0000 val=00000000
11-06 14:14:41.732 V/SUMA    ( 1581): ===================>> type=0 src=0 evt=4097 act=0x400
11-06 14:14:41.732 V/SUMA    ( 1581): [sysset-s][event_manager_cbk 78]lxm cbid=1, cbk_reg=1, cpid=2451
11-06 14:14:41.732 D/NGBEvent( 2451): ngbEventCallBack type:0 source :4097
11-06 14:14:41.732 D/NGBEvent( 2451): [NGBEventManager-JNI]-returning:1
11-06 14:14:41.732 D/NGBEvent( 2451): Input key event: keyCode=4097
11-06 14:14:41.733 D/NGBEvent( 2451): src:4097 = dest:4097
11-06 14:14:41.733 I/System.out( 2451): [DEBUG EventManager] LWJ--Add event to java with evt=NgbEvent-[type = 1, subtype = 402, code = 4097]
11-06 14:14:41.733 D/NGBEvent( 2451): [NGBEvent_log]--[EventManager--JNI]:		start
11-06 14:14:41.733 I/System.out( 2451): [DEBUG EventManager] broadcastEvent  :len 1
11-06 14:14:41.733 D/RemoteIME( 2311): RemoteIME--> onKeyUp keyCode = 23
11-06 14:14:41.733 D/KeyEventNgbDealer( 2451): [TN_pool-1-thread-1]handleKeyReleased keyEvent=NgbEvent-[type = 1, subtype = 402, code = 4097],time=84492
11-06 14:14:41.739 I/ActivityManager( 2021): START u0 {cmp=com.suma.midware.setting/.net.NetMainActivity} from uid 1000 on display 0
11-06 14:14:41.741 E/AudioPolicyManager( 1568): AudioPolicyManagerBase::checkAndSetVolume index=0 ro.suma.vol=0,10,18,26,34,42,49,56,63,70,76,82,88,93,97,100 valid vol[index]=0
11-06 14:14:41.741 E/AudioPolicyManager( 1568): AudioPolicyManagerBase::checkAndSetVolume9 0,0.000000
11-06 14:14:41.743 V/WindowManager( 2021): addAppToken: AppWindowToken{8632dbb token=Token{3cb65a4a ActivityRecord{20c533b5 u0 com.suma.midware.setting/.net.NetMainActivity t463}}} to stack=1 task=463 at 1
11-06 14:14:41.744 D/BaseApplication( 2700): [TN_main]onActivityPaused activity=com.suma.midware.setting.main.SystemMainActivity@214a3984
11-06 14:14:41.745 W/ContextImpl( 2700): Calling a method in the system process without a qualified user: android.app.ContextImpl.sendBroadcast:1345 android.content.ContextWrapper.sendBroadcast:377 android.app.ActivityThread.performPauseActivity:3259 android.app.ActivityThread.performPauseActivity:3225 android.app.ActivityThread.handlePauseActivity:3200 
11-06 14:14:41.749 D/BaseApplication( 2700): [TN_main]onActivityCreated activity=com.suma.midware.setting.net.NetMainActivity@3ddc238,savedInstanceState=null
11-06 14:14:41.749 D/audio_hal( 1568): out_set_parameters kvpairs = routing=2
11-06 14:14:41.749 D/audio_hal( 1568): func:out_set_parameters, 2 ---> HISI_AO_CARD_ID(0, 0) 
11-06 14:14:41.749 E/AudioPolicyManager( 1568): AudioPolicyManagerBase::checkAndSetVolume index=0 ro.suma.vol=0,10,18,26,34,42,49,56,63,70,76,82,88,93,97,100 valid vol[index]=0
11-06 14:14:41.750 E/AudioPolicyManager( 1568): AudioPolicyManagerBase::checkAndSetVolume0 0,0.000000
11-06 14:14:41.750 E/AudioPolicyManager( 1568): AudioPolicyManagerBase::checkAndSetVolume index=1 ro.suma.vol=0,10,18,26,34,42,49,56,63,70,76,82,88,93,97,100 valid vol[index]=10
11-06 14:14:41.750 E/AudioPolicyManager( 1568): AudioPolicyManagerBase::checkAndSetVolume1 1,0.100000
11-06 14:14:41.750 E/AudioPolicyManager( 1568): AudioPolicyManagerBase::checkAndSetVolume index=1 ro.suma.vol=0,10,18,26,34,42,49,56,63,70,76,82,88,93,97,100 valid vol[index]=10
11-06 14:14:41.750 E/AudioPolicyManager( 1568): AudioPolicyManagerBase::checkAndSetVolume2 1,0.100000
11-06 14:14:41.750 E/AudioPolicyManager( 1568): AudioPolicyManagerBase::checkAndSetVolume index=1 ro.suma.vol=0,10,18,26,34,42,49,56,63,70,76,82,88,93,97,100 valid vol[index]=10
11-06 14:14:41.750 E/AudioPolicyManager( 1568): AudioPolicyManagerBase::checkAndSetVolume3 1,0.100000
11-06 14:14:41.750 E/AudioPolicyManager( 1568): sysVol = 10
11-06 14:14:41.750 E/AudioPolicyManager( 1568): volArr = 10
11-06 14:14:41.754 E/AudioPolicyManager( 1568): AudioPolicyManagerBase::checkAndSetVolume index=1 ro.suma.vol=0,10,18,26,34,42,49,56,63,70,76,82,88,93,97,100 valid vol[index]=10
11-06 14:14:41.754 E/AudioPolicyManager( 1568): AudioPolicyManagerBase::checkAndSetVolume4 1,0.100000
11-06 14:14:41.754 E/AudioPolicyManager( 1568): AudioPolicyManagerBase::checkAndSetVolume index=1 ro.suma.vol=0,10,18,26,34,42,49,56,63,70,76,82,88,93,97,100 valid vol[index]=10
11-06 14:14:41.754 E/AudioPolicyManager( 1568): AudioPolicyManagerBase::checkAndSetVolume5 1,0.100000
11-06 14:14:41.754 E/AudioPolicyManager( 1568): AudioPolicyManagerBase::checkAndSetVolume index=1 ro.suma.vol=0,10,18,26,34,42,49,56,63,70,76,82,88,93,97,100 valid vol[index]=10
11-06 14:14:41.754 E/AudioPolicyManager( 1568): AudioPolicyManagerBase::checkAndSetVolume7 1,0.100000
11-06 14:14:41.754 E/AudioPolicyManager( 1568): AudioPolicyManagerBase::checkAndSetVolume index=1 ro.suma.vol=0,10,18,26,34,42,49,56,63,70,76,82,88,93,97,100 valid vol[index]=10
