11-05 10:29:44.051 W/ViewRootImpl( 3283): Cancelling event due to no window focus: KeyEvent { action=ACTION_UP, keyCode=KEYCODE_DPAD_CENTER, scanCode=28, metaState=0, flags=0x80000028, repeatCount=0, eventTime=46488, downTime=46171, deviceId=3, source=0x701 }
11-05 10:29:44.051 W/ViewRootImpl( 3283): Cancelling event due to no window focus: KeyEvent { action=ACTION_UP, keyCode=KEYCODE_DPAD_CENTER, scanCode=28, metaState=0, flags=0x80000028, repeatCount=0, eventTime=46488, downTime=46171, deviceId=3, source=0x701 }
11-05 10:29:44.053 W/ViewRootImpl( 3283): Cancelling event due to no window focus: KeyEvent { action=ACTION_UP, keyCode=KEYCODE_DPAD_CENTER, scanCode=28, metaState=0, flags=0x80000028, repeatCount=0, eventTime=46488, downTime=46171, deviceId=3, source=0x701 }
11-05 10:29:44.053 W/ViewRootImpl( 3283): Cancelling event due to no window focus: KeyEvent { action=ACTION_UP, keyCode=KEYCODE_DPAD_CENTER, scanCode=28, metaState=0, flags=0x80000028, repeatCount=0, eventTime=46488, downTime=46171, deviceId=3, source=0x701 }
11-05 10:29:44.053 W/ViewRootImpl( 3283): Cancelling event due to no window focus: KeyEvent { action=ACTION_UP, keyCode=KEYCODE_DPAD_CENTER, scanCode=28, metaState=0, flags=0x80000028, repeatCount=0, eventTime=46488, downTime=46171, deviceId=3, source=0x701 }
11-05 10:29:44.736 W/ContextImpl( 2356): Calling a method in the system process without a qualified user: android.app.ContextImpl.sendBroadcast:1345 android.content.ContextWrapper.sendBroadcast:377 com.suma.midware.back.esg.e.f:-1 com.suma.midware.back.esg.f.run:-1 com.suma.midware.prop.util.c.run:-1 
11-05 10:29:46.741 D/TaskPersister( 2019): removeObsoleteFile: deleting file=117_task.xml
11-05 10:29:47.738 W/ContextImpl( 2356): Calling a method in the system process without a qualified user: android.app.ContextImpl.sendBroadcast:1345 android.content.ContextWrapper.sendBroadcast:377 com.suma.midware.back.esg.e.f:-1 com.suma.midware.back.esg.f.run:-1 com.suma.midware.prop.util.c.run:-1 
11-05 10:29:48.741 W/ContextImpl( 2356): Calling a method in the system process without a qualified user: android.app.ContextImpl.sendBroadcast:1345 android.content.ContextWrapper.sendBroadcast:377 com.suma.midware.back.esg.e.f:-1 com.suma.midware.back.esg.f.run:-1 com.suma.midware.prop.util.c.run:-1 
11-05 10:29:48.975 I/ActivityManager( 2019): Waited long enough for: ServiceRecord{20d2a2c5 u0 com.starcor.mango/com.starcor.report.ReportService}
11-05 10:29:48.975 I/ActivityManager( 2019): Waited long enough for: ServiceRecord{10a5841a u0 com.starcor.mango/com.starcor.report.newreport.DataReportService}
11-05 10:29:49.143 I/ActivityManager( 2019): Waited long enough for: ServiceRecord{30f87c72 u0 com.starcor.mango/com.mgtv.data.ott.sdk.core.service.DataReporterService}
11-05 10:29:51.745 W/ContextImpl( 2356): Calling a method in the system process without a qualified user: android.app.ContextImpl.sendBroadcast:1345 android.content.ContextWrapper.sendBroadcast:377 com.suma.midware.back.esg.e.f:-1 com.suma.midware.back.esg.f.run:-1 com.suma.midware.prop.util.c.run:-1 
11-05 10:29:52.747 W/ContextImpl( 2356): Calling a method in the system process without a qualified user: android.app.ContextImpl.sendBroadcast:1345 android.content.ContextWrapper.sendBroadcast:377 com.suma.midware.back.esg.e.f:-1 com.suma.midware.back.esg.f.run:-1 com.suma.midware.prop.util.c.run:-1 
11-05 10:29:55.749 W/ContextImpl( 2356): Calling a method in the system process without a qualified user: android.app.ContextImpl.sendBroadcast:1345 android.content.ContextWrapper.sendBroadcast:377 com.suma.midware.back.esg.e.f:-1 com.suma.midware.back.esg.f.run:-1 com.suma.midware.prop.util.c.run:-1 
11-05 10:29:56.752 W/ContextImpl( 2356): Calling a method in the system process without a qualified user: android.app.ContextImpl.sendBroadcast:1345 android.content.ContextWrapper.sendBroadcast:377 com.suma.midware.back.esg.e.f:-1 com.suma.midware.back.esg.f.run:-1 com.suma.midware.prop.util.c.run:-1 
11-05 10:29:59.755 W/ContextImpl( 2356): Calling a method in the system process without a qualified user: android.app.ContextImpl.sendBroadcast:1345 android.content.ContextWrapper.sendBroadcast:377 com.suma.midware.back.esg.e.f:-1 com.suma.midware.back.esg.f.run:-1 com.suma.midware.prop.util.c.run:-1 
11-05 10:30:00.757 W/ContextImpl( 2356): Calling a method in the system process without a qualified user: android.app.ContextImpl.sendBroadcast:1345 android.content.ContextWrapper.sendBroadcast:377 com.suma.midware.back.esg.e.f:-1 com.suma.midware.back.esg.f.run:-1 com.suma.midware.prop.util.c.run:-1 
11-05 10:30:03.759 W/ContextImpl( 2356): Calling a method in the system process without a qualified user: android.app.ContextImpl.sendBroadcast:1345 android.content.ContextWrapper.sendBroadcast:377 com.suma.midware.back.esg.e.f:-1 com.suma.midware.back.esg.f.run:-1 com.suma.midware.prop.util.c.run:-1 
11-05 10:30:04.761 W/ContextImpl( 2356): Calling a method in the system process without a qualified user: android.app.ContextImpl.sendBroadcast:1345 android.content.ContextWrapper.sendBroadcast:377 com.suma.midware.back.esg.e.f:-1 com.suma.midware.back.esg.f.run:-1 com.suma.midware.prop.util.c.run:-1 
11-05 10:30:07.764 W/ContextImpl( 2356): Calling a method in the system process without a qualified user: android.app.ContextImpl.sendBroadcast:1345 android.content.ContextWrapper.sendBroadcast:377 com.suma.midware.back.esg.e.f:-1 com.suma.midware.back.esg.f.run:-1 com.suma.midware.prop.util.c.run:-1 
11-05 10:30:08.767 W/ContextImpl( 2356): Calling a method in the system process without a qualified user: android.app.ContextImpl.sendBroadcast:1345 android.content.ContextWrapper.sendBroadcast:377 com.suma.midware.back.esg.e.f:-1 com.suma.midware.back.esg.f.run:-1 com.suma.midware.prop.util.c.run:-1 
11-05 10:30:11.771 W/ContextImpl( 2356): Calling a method in the system process without a qualified user: android.app.ContextImpl.sendBroadcast:1345 android.content.ContextWrapper.sendBroadcast:377 com.suma.midware.back.esg.e.f:-1 com.suma.midware.back.esg.f.run:-1 com.suma.midware.prop.util.c.run:-1 
11-05 10:30:12.774 W/ContextImpl( 2356): Calling a method in the system process without a qualified user: android.app.ContextImpl.sendBroadcast:1345 android.content.ContextWrapper.sendBroadcast:377 com.suma.midware.back.esg.e.f:-1 com.suma.midware.back.esg.f.run:-1 com.suma.midware.prop.util.c.run:-1 
11-05 10:30:15.777 W/ContextImpl( 2356): Calling a method in the system process without a qualified user: android.app.ContextImpl.sendBroadcast:1345 android.content.ContextWrapper.sendBroadcast:377 com.suma.midware.back.esg.e.f:-1 com.suma.midware.back.esg.f.run:-1 com.suma.midware.prop.util.c.run:-1 
11-05 10:30:16.780 W/ContextImpl( 2356): Calling a method in the system process without a qualified user: android.app.ContextImpl.sendBroadcast:1345 android.content.ContextWrapper.sendBroadcast:377 com.suma.midware.back.esg.e.f:-1 com.suma.midware.back.esg.f.run:-1 com.suma.midware.prop.util.c.run:-1 
11-05 10:30:19.783 W/ContextImpl( 2356): Calling a method in the system process without a qualified user: android.app.ContextImpl.sendBroadcast:1345 android.content.ContextWrapper.sendBroadcast:377 com.suma.midware.back.esg.e.f:-1 com.suma.midware.back.esg.f.run:-1 com.suma.midware.prop.util.c.run:-1 
11-05 10:30:20.786 W/ContextImpl( 2356): Calling a method in the system process without a qualified user: android.app.ContextImpl.sendBroadcast:1345 android.content.ContextWrapper.sendBroadcast:377 com.suma.midware.back.esg.e.f:-1 com.suma.midware.back.esg.f.run:-1 com.suma.midware.prop.util.c.run:-1 
11-05 10:30:23.790 W/ContextImpl( 2356): Calling a method in the system process without a qualified user: android.app.ContextImpl.sendBroadcast:1345 android.content.ContextWrapper.sendBroadcast:377 com.suma.midware.back.esg.e.f:-1 com.suma.midware.back.esg.f.run:-1 com.suma.midware.prop.util.c.run:-1 
11-05 10:30:24.792 W/ContextImpl( 2356): Calling a method in the system process without a qualified user: android.app.ContextImpl.sendBroadcast:1345 android.content.ContextWrapper.sendBroadcast:377 com.suma.midware.back.esg.e.f:-1 com.suma.midware.back.esg.f.run:-1 com.suma.midware.prop.util.c.run:-1 
11-05 10:30:27.795 W/ContextImpl( 2356): Calling a method in the system process without a qualified user: android.app.ContextImpl.sendBroadcast:1345 android.content.ContextWrapper.sendBroadcast:377 com.suma.midware.back.esg.e.f:-1 com.suma.midware.back.esg.f.run:-1 com.suma.midware.prop.util.c.run:-1 
11-05 10:31:17.838 E/RemotePrintSpooler( 2019): Error removing obsolete print jobs .
11-05 10:31:17.838 E/RemotePrintSpooler( 2019): java.util.concurrent.TimeoutException: Cannot get spooler!
11-05 10:31:17.838 E/RemotePrintSpooler( 2019): 	at com.android.server.print.RemotePrintSpooler.bindLocked(RemotePrintSpooler.java:378)
11-05 10:31:17.838 E/RemotePrintSpooler( 2019): 	at com.android.server.print.RemotePrintSpooler.getRemoteInstanceLazy(RemotePrintSpooler.java:354)
11-05 10:31:17.838 E/RemotePrintSpooler( 2019): 	at com.android.server.print.RemotePrintSpooler.removeObsoletePrintJobs(RemotePrintSpooler.java:289)
11-05 10:31:17.838 E/RemotePrintSpooler( 2019): 	at com.android.server.print.UserState.removeObsoletePrintJobs(UserState.java:165)
11-05 10:31:17.838 E/RemotePrintSpooler( 2019): 	at com.android.server.print.PrintManagerService$PrintManagerImpl$3.run(PrintManagerService.java:644)
11-05 10:31:17.838 E/RemotePrintSpooler( 2019): 	at android.os.Handler.handleCallback(Handler.java:739)
11-05 10:31:17.838 E/RemotePrintSpooler( 2019): 	at android.os.Handler.dispatchMessage(Handler.java:95)
11-05 10:31:17.838 E/RemotePrintSpooler( 2019): 	at android.os.Looper.loop(Looper.java:135)
11-05 10:31:17.838 E/RemotePrintSpooler( 2019): 	at android.os.HandlerThread.run(HandlerThread.java:61)
11-05 10:31:17.839 I/UsageStatsService( 2019): User[0] Flushing usage stats to disk
11-05 10:31:17.862 I/UsageStatsDatabase( 2019): Moving file /data/system/usagestats/0/daily/1420070400000 to /data/system/usagestats/0/daily/1509848940470
11-05 10:31:17.863 I/UsageStatsDatabase( 2019): Moving file /data/system/usagestats/0/weekly/1420070400000 to /data/system/usagestats/0/weekly/1509848940470
11-05 10:31:17.863 I/UsageStatsDatabase( 2019): Moving file /data/system/usagestats/0/monthly/1417824000000 to /data/system/usagestats/0/monthly/1507602540470
11-05 10:31:17.864 I/UsageStatsDatabase( 2019): Moving file /data/system/usagestats/0/yearly/1419120000000 to /data/system/usagestats/0/yearly/1508898540470
11-05 10:31:17.878 I/UsageStatsService( 2019): User[0] Rollover scheduled @ 2017-11-06 08:00:00(1509926400000)
11-05 10:32:23.184 I/ActivityManager( 2019): Force stopping com.android.browser appid=10010 user=0: from pid 2356
11-05 10:32:23.187 I/ActivityManager( 2019): START u0 {act=android.intent.action.MAIN cat=[android.intent.category.HOME] flg=0x10200000 cmp=com.suma.midware.home/.third.Main3DActivity} from uid 1000 on display 0
11-05 10:32:23.245 W/ContextImpl( 2492): Calling a method in the system process without a qualified user: android.app.ContextImpl.sendBroadcast:1345 android.content.ContextWrapper.sendBroadcast:377 com.suma.midware.view.ext.BluetoothUpdate.b:-1 com.suma.midware.home.third.Main3DActivity.onResume:-1 android.app.Instrumentation.callActivityOnResume:1257 
11-05 10:32:23.249 W/ContextImpl( 2492): Calling a method in the system process without a qualified user: android.app.ContextImpl.sendBroadcast:1345 android.content.ContextWrapper.sendBroadcast:377 android.app.ActivityThread.performResumeActivity:2982 android.app.ActivityThread.handleResumeActivity:3023 android.app.ActivityThread$H.handleMessage:1347 
11-05 10:32:29.664 I/ActivityManager( 2019): START u0 {act= cmp=com.ipanel.android_webview.shell/com.ipanel.webapp.BrowserActivity (has extras)} from uid 1000 on display 0
11-05 10:32:29.671 W/ContextImpl( 2492): Calling a method in the system process without a qualified user: android.app.ContextImpl.sendBroadcast:1345 android.content.ContextWrapper.sendBroadcast:377 android.app.ActivityThread.performPauseActivity:3259 android.app.ActivityThread.performPauseActivity:3225 android.app.ActivityThread.handlePauseActivity:3200 
11-05 10:32:30.020 W/ViewRootImpl( 3283): Cancelling event due to no window focus: KeyEvent { action=ACTION_UP, keyCode=KEYCODE_DPAD_CENTER, scanCode=28, metaState=0, flags=0x80000028, repeatCount=0, eventTime=212811, downTime=212601, deviceId=3, source=0x701 }
11-05 10:32:30.020 W/ViewRootImpl( 3283): Cancelling event due to no window focus: KeyEvent { action=ACTION_UP, keyCode=KEYCODE_DPAD_CENTER, scanCode=28, metaState=0, flags=0x80000028, repeatCount=0, eventTime=212811, downTime=212601, deviceId=3, source=0x701 }
11-05 10:32:30.020 W/ViewRootImpl( 3283): Cancelling event due to no window focus: KeyEvent { action=ACTION_UP, keyCode=KEYCODE_DPAD_CENTER, scanCode=28, metaState=0, flags=0x80000028, repeatCount=0, eventTime=212811, downTime=212601, deviceId=3, source=0x701 }
11-05 10:32:30.020 W/ViewRootImpl( 3283): Cancelling event due to no window focus: KeyEvent { action=ACTION_UP, keyCode=KEYCODE_DPAD_CENTER, scanCode=28, metaState=0, flags=0x80000028, repeatCount=0, eventTime=212811, downTime=212601, deviceId=3, source=0x701 }
11-05 10:32:30.020 W/ViewRootImpl( 3283): Cancelling event due to no window focus: KeyEvent { action=ACTION_UP, keyCode=KEYCODE_DPAD_CENTER, scanCode=28, metaState=0, flags=0x80000028, repeatCount=0, eventTime=212811, downTime=212601, deviceId=3, source=0x701 }
11-05 10:32:30.020 W/ViewRootImpl( 3283): Cancelling event due to no window focus: KeyEvent { action=ACTION_UP, keyCode=KEYCODE_DPAD_CENTER, scanCode=28, metaState=0, flags=0x80000028, repeatCount=0, eventTime=212811, downTime=212601, deviceId=3, source=0x701 }
11-05 10:32:55.526 I/ActivityManager( 2019): START u0 {act=android.intent.action.MAIN cat=[android.intent.category.HOME] flg=0x10200000 cmp=com.suma.midware.home/.third.Main3DActivity} from uid 1000 on display 0
11-05 10:32:55.546 I/ActivityManager( 2019): Force stopping com.android.browser appid=10010 user=0: from pid 2356
11-05 10:32:55.579 W/ContextImpl( 2492): Calling a method in the system process without a qualified user: android.app.ContextImpl.sendBroadcast:1345 android.content.ContextWrapper.sendBroadcast:377 com.suma.midware.view.ext.BluetoothUpdate.b:-1 com.suma.midware.home.third.Main3DActivity.onResume:-1 android.app.Instrumentation.callActivityOnResume:1257 
11-05 10:32:55.584 W/ContextImpl( 2492): Calling a method in the system process without a qualified user: android.app.ContextImpl.sendBroadcast:1345 android.content.ContextWrapper.sendBroadcast:377 android.app.ActivityThread.performResumeActivity:2982 android.app.ActivityThread.handleResumeActivity:3023 android.app.ActivityThread$H.handleMessage:1347 
11-05 10:32:58.686 I/ActivityManager( 2019): START u0 {act= cmp=com.suma.midware.setting/.main.SystemMainActivity} from uid 1000 on display 0
11-05 10:32:58.690 V/WindowManager( 2019): addAppToken: AppWindowToken{3a240d2e token=Token{f0813a9 ActivityRecord{27d48b30 u0 com.suma.midware.setting/.main.SystemMainActivity t127}}} to stack=1 task=127 at 0
11-05 10:32:58.696 W/ContextImpl( 2492): Calling a method in the system process without a qualified user: android.app.ContextImpl.sendBroadcast:1345 android.content.ContextWrapper.sendBroadcast:377 android.app.ActivityThread.performPauseActivity:3259 android.app.ActivityThread.performPauseActivity:3225 android.app.ActivityThread.handlePauseActivity:3200 
11-05 10:32:58.794 V/WindowManager( 2019): Adding window Window{5f49406 u0 Starting com.suma.midware.setting} at 8 of 13 (after Window{23a677f6 u0 com.ipanel.android_webview.shell/com.ipanel.webapp.BrowserActivity})
11-05 10:32:58.845 W/ContextImpl( 2806): Calling a method in the system process without a qualified user: android.app.ContextImpl.sendBroadcast:1345 android.content.ContextWrapper.sendBroadcast:377 android.app.ActivityThread.performResumeActivity:2982 android.app.ActivityThread.handleResumeActivity:3023 android.app.ActivityThread.handleLaunchActivity:2392 
11-05 10:32:58.861 V/WindowManager( 2019): Adding window Window{2fb03919 u0 com.suma.midware.setting/com.suma.midware.setting.main.SystemMainActivity} at 8 of 14 (before Window{5f49406 u0 Starting com.suma.midware.setting})
11-05 10:33:00.399 D/TaskPersister( 2019): removeObsoleteFile: deleting file=116_task.xml
11-05 10:33:00.399 D/TaskPersister( 2019): removeObsoleteFile: deleting file=116_task_thumbnail.png
11-05 10:33:17.055 I/ActivityManager( 2019): START u0 {cmp=com.suma.midware.setting/.net.NetMainActivity} from uid 1000 on display 0
11-05 10:33:17.060 V/WindowManager( 2019): addAppToken: AppWindowToken{4ce9b78 token=Token{346a24db ActivityRecord{167039ea u0 com.suma.midware.setting/.net.NetMainActivity t127}}} to stack=1 task=127 at 1
11-05 10:33:17.062 W/ContextImpl( 2806): Calling a method in the system process without a qualified user: android.app.ContextImpl.sendBroadcast:1345 android.content.ContextWrapper.sendBroadcast:377 android.app.ActivityThread.performPauseActivity:3259 android.app.ActivityThread.performPauseActivity:3225 android.app.ActivityThread.handlePauseActivity:3200 
11-05 10:33:17.170 W/ContextImpl( 2806): Calling a method in the system process without a qualified user: android.app.ContextImpl.sendBroadcast:1345 android.content.ContextWrapper.sendBroadcast:377 android.app.ActivityThread.performResumeActivity:2982 android.app.ActivityThread.handleResumeActivity:3023 android.app.ActivityThread.handleLaunchActivity:2392 
11-05 10:33:17.173 V/WindowManager( 2019): Adding window Window{3d17628d u0 com.suma.midware.setting/com.suma.midware.setting.net.NetMainActivity} at 9 of 14 (after Window{2fb03919 u0 com.suma.midware.setting/com.suma.midware.setting.main.SystemMainActivity})
11-05 10:33:19.464 I/ActivityManager( 2019): START u0 {cmp=com.suma.midware.setting/.net.WifiConnectActivity} from uid 1000 on display 0
11-05 10:33:19.470 V/WindowManager( 2019): addAppToken: AppWindowToken{23c56190 token=Token{2af65453 ActivityRecord{290a1c42 u0 com.suma.midware.setting/.net.WifiConnectActivity t127}}} to stack=1 task=127 at 2
11-05 10:33:19.472 W/ContextImpl( 2806): Calling a method in the system process without a qualified user: android.app.ContextImpl.sendBroadcast:1345 android.content.ContextWrapper.sendBroadcast:377 android.app.ActivityThread.performPauseActivity:3259 android.app.ActivityThread.performPauseActivity:3225 android.app.ActivityThread.handlePauseActivity:3200 
11-05 10:33:19.561 W/ContextImpl( 2806): Calling a method in the system process without a qualified user: android.app.ContextImpl.sendBroadcast:1345 android.content.ContextWrapper.sendBroadcast:377 android.app.ActivityThread.performResumeActivity:2982 android.app.ActivityThread.handleResumeActivity:3023 android.app.ActivityThread.handleLaunchActivity:2392 
11-05 10:33:19.564 V/WindowManager( 2019): Adding window Window{2dbd2a8 u0 com.suma.midware.setting/com.suma.midware.setting.net.WifiConnectActivity} at 10 of 15 (after Window{3d17628d u0 com.suma.midware.setting/com.suma.midware.setting.net.NetMainActivity})
11-05 10:33:21.711 I/WindowState( 2019): WIN DEATH: Window{21c85c93 u0 SurfaceView}
11-05 10:33:21.711 D/ConnectivityService( 2019): ConnectivityService NetworkRequestInfo binderDied(NetworkRequest [ id=3, legacyType=-1, [ Capabilities: INTERNET&NOT_RESTRICTED&TRUSTED] ], android.os.BinderProxy@3e47ed31)
11-05 10:33:21.712 D/ConnectivityService( 2019): releasing NetworkRequest NetworkRequest [ id=3, legacyType=-1, [ Capabilities: INTERNET&NOT_RESTRICTED&TRUSTED] ]
11-05 10:33:21.714 I/ActivityManager( 2019): Process com.ipanel.android_webview.shell (pid 3283) has died
11-05 10:33:21.718 E/ConnectivityService( 2019): RemoteException caught trying to send a callback msg for NetworkRequest [ id=3, legacyType=-1, [ Capabilities: INTERNET&NOT_RESTRICTED&TRUSTED] ]
11-05 10:33:21.719 I/WindowState( 2019): WIN DEATH: Window{31c07cc9 u0 SurfaceView}
11-05 10:33:21.721 I/WindowState( 2019): WIN DEATH: Window{23a677f6 u0 com.ipanel.android_webview.shell/com.ipanel.webapp.BrowserActivity}
11-05 10:42:27.990 W/ProcessCpuTracker( 2019): Skipping unknown process pid 3931
11-05 10:43:21.619 V/WindowManager( 2019): not Base app: Adding window Window{113344fa u0 com.suma.midware.setting/com.suma.midware.setting.net.WifiConnectActivity} at 8 of 14
11-05 10:43:21.629 E/addOrUpdateNetwork( 2019):  uid = 1000 SSID "Xiaomi_D52C" nid=-1
11-05 10:43:21.718 D/ConnectivityService( 2019): NetworkAgentInfo [WIFI () - 100] EVENT_NETWORK_INFO_CHANGED, going from CONNECTED to DISCONNECTED
11-05 10:43:21.718 D/ConnectivityService( 2019): NetworkAgentInfo [WIFI () - 100] got DISCONNECTED, was satisfying 2
11-05 10:43:21.771 D/ConnectivityService( 2019): notifyType LOST for NetworkAgentInfo [WIFI () - 100]
11-05 10:43:21.771 D/ConnectivityService( 2019): Checking for replacement network to handle request NetworkRequest [ id=1, legacyType=-1, [ Capabilities: INTERNET&NOT_RESTRICTED&TRUSTED&NOT_VPN] ]
11-05 10:43:21.773 D/CSLegacyTypeTracker( 2019): Sending disconnected broadcast for type 1 NetworkAgentInfo [WIFI () - 100] isDefaultNetwork=false
11-05 10:43:21.773 D/ConnectivityService( 2019): sendStickyBroadcast: action=android.net.conn.CONNECTIVITY_CHANGE_IMMEDIATE
11-05 10:43:21.774 D/ConnectivityService( 2019): sendStickyBroadcast: action=android.net.conn.CONNECTIVITY_CHANGE
11-05 10:43:21.789 E/ConnectivityService( 2019): EVENT_NETWORK_INFO_CHANGED from unknown NetworkAgent
11-05 10:43:24.587 D/ConnectivityService( 2019): registerNetworkAgent NetworkAgentInfo{ ni{[type: WIFI[], state: CONNECTING/CONNECTING, reason: (unspecified), extra: "Xiaomi_D52C", roaming: false, failover: false, isAvailable: true, isConnectedToProvisioningNetwork: false]}  network{null}  lp{{InterfaceName: wlan0 LinkAddresses: []  Routes: [] DnsAddresses: [] Domains: null MTU: 0 TcpBufferSizes: 524288,1048576,2097152,262144,524288,1048576}}  nc{[ Transports: WIFI Capabilities: INTERNET&NOT_RESTRICTED&TRUSTED&NOT_VPN LinkUpBandwidth>=1048576Kbps LinkDnBandwidth>=1048576Kbps]}  Score{20}  everValidated{false}  lastValidated{false}  created{false}  explicitlySelected{false} }
11-05 10:43:24.587 D/ConnectivityService( 2019): NetworkAgentInfo [WIFI () - 101] EVENT_NETWORK_INFO_CHANGED, going from null to CONNECTING
11-05 10:43:24.616 D/ConnectivityService( 2019): updateNetworkScore for NetworkAgentInfo [WIFI () - 101] to 60
11-05 10:43:27.840 D/ConnectivityService( 2019): NetworkAgentInfo [WIFI () - 101] EVENT_NETWORK_INFO_CHANGED, going from CONNECTING to CONNECTED
11-05 10:43:27.842 D/ConnectivityService( 2019): Adding iface wlan0 to network 101
11-05 10:43:27.858 E/ConnectivityService( 2019): Unexpected mtu value: 0, wlan0
11-05 10:43:27.858 D/ConnectivityService( 2019): Adding Route [fe80::/64 -> :: wlan0] to network 101
11-05 10:43:27.859 D/ConnectivityService( 2019): Adding Route [192.168.31.0/24 -> 0.0.0.0 wlan0] to network 101
11-05 10:43:27.860 D/ConnectivityService( 2019): Adding Route [0.0.0.0/0 -> 192.168.31.1 wlan0] to network 101
11-05 10:43:27.861 D/ConnectivityService( 2019): Setting Dns servers for network 101 to [/192.168.31.1]
11-05 10:43:27.866 D/ConnectivityService( 2019): notifyType IP_CHANGED for NetworkAgentInfo [WIFI () - 101]
11-05 10:43:27.869 D/ConnectivityService( 2019): notifyType PRECHECK for NetworkAgentInfo [WIFI () - 101]
11-05 10:43:27.869 D/ConnectivityService( 2019): rematching NetworkAgentInfo [WIFI () - 101]
11-05 10:43:27.869 D/ConnectivityService( 2019):    accepting network in place of null
11-05 10:43:27.870 D/ConnectivityService( 2019): Switching to new default network: NetworkAgentInfo{ ni{[type: WIFI[], state: CONNECTED/CONNECTED, reason: (unspecified), extra: "Xiaomi_D52C", roaming: false, failover: false, isAvailable: true, isConnectedToProvisioningNetwork: false]}  network{101}  lp{{InterfaceName: wlan0 LinkAddresses: [fe80::1e1e:e3ff:fecb:e506/64,192.168.31.49/24,]  Routes: [fe80::/64 -> :: wlan0,192.168.31.0/24 -> 0.0.0.0 wlan0,0.0.0.0/0 -> 192.168.31.1 wlan0,] DnsAddresses: [192.168.31.1,] Domains:  MTU: 0 TcpBufferSizes: 524288,1048576,2097152,262144,524288,1048576}}  nc{[ Transports: WIFI Capabilities: INTERNET&NOT_RESTRICTED&TRUSTED&NOT_VPN LinkUpBandwidth>=1048576Kbps LinkDnBandwidth>=1048576Kbps]}  Score{20}  everValidated{false}  lastValidated{false}  created{true}  explicitlySelected{false} }
11-05 10:43:27.871 D/ConnectivityService( 2019): notifyType AVAILABLE for NetworkAgentInfo [WIFI () - 101]
11-05 10:43:27.872 D/CSLegacyTypeTracker( 2019): Sending connected broadcast for type 1 NetworkAgentInfo [WIFI () - 101] isDefaultNetwork=true
11-05 10:43:27.872 D/ConnectivityService( 2019): sendStickyBroadcast: action=android.net.conn.CONNECTIVITY_CHANGE_IMMEDIATE
11-05 10:43:27.872 D/ConnectivityService( 2019): sendStickyBroadcast: action=android.net.conn.CONNECTIVITY_CHANGE
11-05 10:43:27.873 D/ConnectivityService( 2019): setProvNotificationVisibleIntent: E visible=false networkType=0 extraInfo=null
11-05 10:43:27.873 D/ConnectivityService( 2019): Validated NetworkAgentInfo [WIFI () - 101]
11-05 10:43:27.873 D/ConnectivityService( 2019): rematching NetworkAgentInfo [WIFI () - 101]
11-05 10:43:27.873 D/ConnectivityService( 2019): Network NetworkAgentInfo [WIFI () - 101] was already satisfying request 1. No change.
11-05 10:43:27.873 D/ConnectivityService( 2019): notifyType AVAILABLE for NetworkAgentInfo [WIFI () - 101]
11-05 10:43:27.876 D/ConnectivityService( 2019): sendStickyBroadcast: action=android.net.conn.INET_CONDITION_ACTION
11-05 10:43:30.399 W/InputMethodManagerService( 2019): Window already focused, ignoring focus gain of: com.android.internal.view.IInputMethodClient$Stub$Proxy@3547ef77 attribute=null, token = android.os.BinderProxy@12f9facb
11-05 10:44:25.725 W/ContextImpl( 2806): Calling a method in the system process without a qualified user: android.app.ContextImpl.sendBroadcast:1345 android.content.ContextWrapper.sendBroadcast:377 android.app.ActivityThread.performPauseActivity:3259 android.app.ActivityThread.performPauseActivity:3225 android.app.ActivityThread.handlePauseActivity:3200 
11-05 10:44:25.738 W/ContextImpl( 2806): Calling a method in the system process without a qualified user: android.app.ContextImpl.sendBroadcast:1345 android.content.ContextWrapper.sendBroadcast:377 android.app.ActivityThread.performResumeActivity:2982 android.app.ActivityThread.handleResumeActivity:3023 android.app.ActivityThread$H.handleMessage:1347 
11-05 10:44:27.085 W/ContextImpl( 2806): Calling a method in the system process without a qualified user: android.app.ContextImpl.sendBroadcast:1345 android.content.ContextWrapper.sendBroadcast:377 android.app.ActivityThread.performPauseActivity:3259 android.app.ActivityThread.performPauseActivity:3225 android.app.ActivityThread.handlePauseActivity:3200 
11-05 10:44:27.100 W/ContextImpl( 2806): Calling a method in the system process without a qualified user: android.app.ContextImpl.sendBroadcast:1345 android.content.ContextWrapper.sendBroadcast:377 android.app.ActivityThread.performResumeActivity:2982 android.app.ActivityThread.handleResumeActivity:3023 android.app.ActivityThread$H.handleMessage:1347 
11-05 10:44:28.153 W/ContextImpl( 2806): Calling a method in the system process without a qualified user: android.app.ContextImpl.sendBroadcast:1345 android.content.ContextWrapper.sendBroadcast:377 android.app.ActivityThread.performPauseActivity:3259 android.app.ActivityThread.performPauseActivity:3225 android.app.ActivityThread.handlePauseActivity:3200 
11-05 10:44:28.179 W/ContextImpl( 2492): Calling a method in the system process without a qualified user: android.app.ContextImpl.sendBroadcast:1345 android.content.ContextWrapper.sendBroadcast:377 com.suma.midware.view.ext.BluetoothUpdate.b:-1 com.suma.midware.home.third.Main3DActivity.onResume:-1 android.app.Instrumentation.callActivityOnResume:1257 
11-05 10:44:28.183 W/ContextImpl( 2492): Calling a method in the system process without a qualified user: android.app.ContextImpl.sendBroadcast:1345 android.content.ContextWrapper.sendBroadcast:377 android.app.ActivityThread.performResumeActivity:2982 android.app.ActivityThread.handleResumeActivity:3023 android.app.ActivityThread$H.handleMessage:1347 
11-05 10:44:35.580 I/ActivityManager( 2019): START u0 {act= cmp=com.ipanel.android_webview.shell/com.ipanel.webapp.BrowserActivity (has extras)} from uid 1000 on display 0
11-05 10:44:35.586 W/ContextImpl( 2492): Calling a method in the system process without a qualified user: android.app.ContextImpl.sendBroadcast:1345 android.content.ContextWrapper.sendBroadcast:377 android.app.ActivityThread.performPauseActivity:3259 android.app.ActivityThread.performPauseActivity:3225 android.app.ActivityThread.handlePauseActivity:3200 
11-05 10:44:35.589 V/WindowManager( 2019): Adding window Window{30431026 u0 Starting com.ipanel.android_webview.shell} at 5 of 11 (after Window{25f1f10c u0 com.suma.midware.dvb/com.suma.midware.dvb.play.PlayActivity})
11-05 10:44:35.613 I/ActivityManager( 2019): Start proc 4096:com.ipanel.android_webview.shell/u0a26 for activity com.ipanel.android_webview.shell/com.ipanel.webapp.BrowserActivity
11-05 10:44:35.980 V/WindowManager( 2019): Adding window Window{ad0bbdc u0 com.ipanel.android_webview.shell/com.ipanel.webapp.BrowserActivity} at 5 of 12 (before Window{30431026 u0 Starting com.ipanel.android_webview.shell})
11-05 10:44:36.001 D/ConnectivityService( 2019): listenForNetwork for NetworkRequest [ id=4, legacyType=-1, [ Capabilities: INTERNET&NOT_RESTRICTED&TRUSTED] ]
11-05 10:44:36.002 D/ConnectivityService( 2019): handleRegisterNetworkRequest checking NetworkAgentInfo [WIFI () - 101]
11-05 10:44:36.002 D/ConnectivityService( 2019): apparently satisfied.  currentScore=60
11-05 10:44:36.067 V/WindowManager( 2019): Adding window Window{2f993a61 u0 SurfaceView} at 5 of 13 (before Window{ad0bbdc u0 com.ipanel.android_webview.shell/com.ipanel.webapp.BrowserActivity})
11-05 10:44:36.133 V/WindowManager( 2019): Adding window Window{3a356247 u0 SurfaceView} at 6 of 14 (before Window{ad0bbdc u0 com.ipanel.android_webview.shell/com.ipanel.webapp.BrowserActivity})
11-05 10:44:36.183 W/ViewRootImpl( 4096): Cancelling event due to no window focus: KeyEvent { action=ACTION_UP, keyCode=KEYCODE_DPAD_CENTER, scanCode=28, metaState=0, flags=0x80000028, repeatCount=0, eventTime=938737, downTime=938528, deviceId=3, source=0x701 }
11-05 10:44:36.183 W/ViewRootImpl( 4096): Cancelling event due to no window focus: KeyEvent { action=ACTION_UP, keyCode=KEYCODE_DPAD_CENTER, scanCode=28, metaState=0, flags=0x80000028, repeatCount=0, eventTime=938737, downTime=938528, deviceId=3, source=0x701 }
11-05 10:44:36.183 W/ViewRootImpl( 4096): Cancelling event due to no window focus: KeyEvent { action=ACTION_UP, keyCode=KEYCODE_DPAD_CENTER, scanCode=28, metaState=0, flags=0x80000028, repeatCount=0, eventTime=938737, downTime=938528, deviceId=3, source=0x701 }
11-05 10:44:36.183 W/ViewRootImpl( 4096): Cancelling event due to no window focus: KeyEvent { action=ACTION_UP, keyCode=KEYCODE_DPAD_CENTER, scanCode=28, metaState=0, flags=0x80000028, repeatCount=0, eventTime=938737, downTime=938528, deviceId=3, source=0x701 }
11-05 10:44:36.183 W/ViewRootImpl( 4096): Cancelling event due to no window focus: KeyEvent { action=ACTION_UP, keyCode=KEYCODE_DPAD_CENTER, scanCode=28, metaState=0, flags=0x80000028, repeatCount=0, eventTime=938737, downTime=938528, deviceId=3, source=0x701 }
11-05 10:44:36.183 W/ViewRootImpl( 4096): Cancelling event due to no window focus: KeyEvent { action=ACTION_UP, keyCode=KEYCODE_DPAD_CENTER, scanCode=28, metaState=0, flags=0x80000028, repeatCount=0, eventTime=938737, downTime=938528, deviceId=3, source=0x701 }
11-05 10:44:36.185 W/ViewRootImpl( 4096): Cancelling event due to no window focus: KeyEvent { action=ACTION_UP, keyCode=KEYCODE_DPAD_CENTER, scanCode=28, metaState=0, flags=0x80000028, repeatCount=0, eventTime=938737, downTime=938528, deviceId=3, source=0x701 }
11-05 10:44:36.185 W/ViewRootImpl( 4096): Cancelling event due to no window focus: KeyEvent { action=ACTION_UP, keyCode=KEYCODE_DPAD_CENTER, scanCode=28, metaState=0, flags=0x80000028, repeatCount=0, eventTime=938737, downTime=938528, deviceId=3, source=0x701 }
11-05 10:44:36.185 W/ViewRootImpl( 4096): Cancelling event due to no window focus: KeyEvent { action=ACTION_UP, keyCode=KEYCODE_DPAD_CENTER, scanCode=28, metaState=0, flags=0x80000028, repeatCount=0, eventTime=938737, downTime=938528, deviceId=3, source=0x701 }
11-05 10:44:36.667 W/ViewRootImpl( 2492): Cancelling event due to no window focus: KeyEvent { action=ACTION_UP, keyCode=KEYCODE_DPAD_CENTER, scanCode=28, metaState=0, flags=0x28, repeatCount=0, eventTime=938584, downTime=938528, deviceId=3, source=0x701 }
11-05 10:44:36.667 W/ViewRootImpl( 2492): Cancelling event due to no window focus: KeyEvent { action=ACTION_UP, keyCode=KEYCODE_DPAD_CENTER, scanCode=28, metaState=0, flags=0x28, repeatCount=0, eventTime=938584, downTime=938528, deviceId=3, source=0x701 }
11-05 10:44:36.667 W/ViewRootImpl( 2492): Cancelling event due to no window focus: KeyEvent { action=ACTION_UP, keyCode=KEYCODE_DPAD_CENTER, scanCode=28, metaState=0, flags=0x28, repeatCount=0, eventTime=938584, downTime=938528, deviceId=3, source=0x701 }
11-05 10:44:36.668 W/ViewRootImpl( 2492): Cancelling event due to no window focus: KeyEvent { action=ACTION_UP, keyCode=KEYCODE_DPAD_CENTER, scanCode=28, metaState=0, flags=0x28, repeatCount=0, eventTime=938584, downTime=938528, deviceId=3, source=0x701 }
11-05 10:44:36.669 W/ViewRootImpl( 2492): Cancelling event due to no window focus: KeyEvent { action=ACTION_UP, keyCode=KEYCODE_DPAD_CENTER, scanCode=28, metaState=0, flags=0x28, repeatCount=0, eventTime=938584, downTime=938528, deviceId=3, source=0x701 }
11-05 10:44:36.669 W/ViewRootImpl( 2492): Cancelling event due to no window focus: KeyEvent { action=ACTION_UP, keyCode=KEYCODE_DPAD_CENTER, scanCode=28, metaState=0, flags=0x28, repeatCount=0, eventTime=938584, downTime=938528, deviceId=3, source=0x701 }
11-05 10:44:36.669 W/ViewRootImpl( 2492): Cancelling event due to no window focus: KeyEvent { action=ACTION_UP, keyCode=KEYCODE_DPAD_CENTER, scanCode=28, metaState=0, flags=0x28, repeatCount=0, eventTime=938584, downTime=938528, deviceId=3, source=0x701 }
11-05 10:44:36.669 W/ViewRootImpl( 2492): Cancelling event due to no window focus: KeyEvent { action=ACTION_UP, keyCode=KEYCODE_DPAD_CENTER, scanCode=28, metaState=0, flags=0x28, repeatCount=0, eventTime=938584, downTime=938528, deviceId=3, source=0x701 }
11-05 10:44:36.669 W/ViewRootImpl( 2492): Cancelling event due to no window focus: KeyEvent { action=ACTION_UP, keyCode=KEYCODE_DPAD_CENTER, scanCode=28, metaState=0, flags=0x28, repeatCount=0, eventTime=938584, downTime=938528, deviceId=3, source=0x701 }
11-05 10:45:10.396 I/ActivityManager( 2019): START u0 {act=android.intent.action.MAIN cat=[android.intent.category.HOME] flg=0x10200000 cmp=com.suma.midware.home/.third.Main3DActivity} from uid 1000 on display 0
11-05 10:45:10.414 I/ActivityManager( 2019): Force stopping com.android.browser appid=10010 user=0: from pid 2356
11-05 10:45:10.445 W/ContextImpl( 2492): Calling a method in the system process without a qualified user: android.app.ContextImpl.sendBroadcast:1345 android.content.ContextWrapper.sendBroadcast:377 com.suma.midware.view.ext.BluetoothUpdate.b:-1 com.suma.midware.home.third.Main3DActivity.onResume:-1 android.app.Instrumentation.callActivityOnResume:1257 
11-05 10:45:10.448 W/ContextImpl( 2492): Calling a method in the system process without a qualified user: android.app.ContextImpl.sendBroadcast:1345 android.content.ContextWrapper.sendBroadcast:377 android.app.ActivityThread.performResumeActivity:2982 android.app.ActivityThread.handleResumeActivity:3023 android.app.ActivityThread$H.handleMessage:1347 
11-05 10:45:22.295 I/WindowState( 2019): WIN DEATH: Window{ad0bbdc u0 com.ipanel.android_webview.shell/com.ipanel.webapp.BrowserActivity}
11-05 10:45:22.295 D/ConnectivityService( 2019): ConnectivityService NetworkRequestInfo binderDied(NetworkRequest [ id=4, legacyType=-1, [ Capabilities: INTERNET&NOT_RESTRICTED&TRUSTED] ], android.os.BinderProxy@17357036)
11-05 10:45:22.295 W/WindowManager( 2019): Force-removing child win Window{3a356247 u0 SurfaceView} from container Window{ad0bbdc u0 com.ipanel.android_webview.shell/com.ipanel.webapp.BrowserActivity}
11-05 10:45:22.295 D/ConnectivityService( 2019): releasing NetworkRequest NetworkRequest [ id=4, legacyType=-1, [ Capabilities: INTERNET&NOT_RESTRICTED&TRUSTED] ]
11-05 10:45:22.296 I/ActivityManager( 2019): Process com.ipanel.android_webview.shell (pid 4096) has died
11-05 10:45:22.300 E/ConnectivityService( 2019): RemoteException caught trying to send a callback msg for NetworkRequest [ id=4, legacyType=-1, [ Capabilities: INTERNET&NOT_RESTRICTED&TRUSTED] ]
11-05 10:45:22.301 W/WindowManager( 2019): Force-removing child win Window{2f993a61 u0 SurfaceView} from container Window{ad0bbdc u0 com.ipanel.android_webview.shell/com.ipanel.webapp.BrowserActivity}
11-05 10:45:22.303 W/WindowManager( 2019): Failed looking up window
11-05 10:45:22.303 W/WindowManager( 2019): java.lang.IllegalArgumentException: Requested window android.os.BinderProxy@a9bb9c8 does not exist
11-05 10:45:22.303 W/WindowManager( 2019): 	at com.android.server.wm.WindowManagerService.windowForClientLocked(WindowManagerService.java:8654)
11-05 10:45:22.303 W/WindowManager( 2019): 	at com.android.server.wm.WindowManagerService.windowForClientLocked(WindowManagerService.java:8645)
11-05 10:45:22.303 W/WindowManager( 2019): 	at com.android.server.wm.WindowState$DeathRecipient.binderDied(WindowState.java:1142)
11-05 10:45:22.303 W/WindowManager( 2019): 	at android.os.BinderProxy.sendDeathNotice(Binder.java:551)
11-05 10:45:22.303 I/WindowState( 2019): WIN DEATH: null
11-05 10:46:41.209 I/ActivityManager( 2019): START u0 {act= cmp=com.ipanel.android_webview.shell/com.ipanel.webapp.BrowserActivity (has extras)} from uid 1000 on display 0
11-05 10:46:41.217 W/ContextImpl( 2492): Calling a method in the system process without a qualified user: android.app.ContextImpl.sendBroadcast:1345 android.content.ContextWrapper.sendBroadcast:377 android.app.ActivityThread.performPauseActivity:3259 android.app.ActivityThread.performPauseActivity:3225 android.app.ActivityThread.handlePauseActivity:3200 
11-05 10:46:41.222 V/WindowManager( 2019): Adding window Window{1892260d u0 Starting com.ipanel.android_webview.shell} at 5 of 11 (after Window{25f1f10c u0 com.suma.midware.dvb/com.suma.midware.dvb.play.PlayActivity})
11-05 10:46:41.251 I/ActivityManager( 2019): Start proc 4287:com.ipanel.android_webview.shell/u0a26 for activity com.ipanel.android_webview.shell/com.ipanel.webapp.BrowserActivity
11-05 10:46:41.683 V/WindowManager( 2019): Adding window Window{3745ac3b u0 com.ipanel.android_webview.shell/com.ipanel.webapp.BrowserActivity} at 5 of 12 (before Window{1892260d u0 Starting com.ipanel.android_webview.shell})
11-05 10:46:41.701 D/ConnectivityService( 2019): listenForNetwork for NetworkRequest [ id=5, legacyType=-1, [ Capabilities: INTERNET&NOT_RESTRICTED&TRUSTED] ]
11-05 10:46:41.701 D/ConnectivityService( 2019): handleRegisterNetworkRequest checking NetworkAgentInfo [WIFI () - 101]
11-05 10:46:41.701 D/ConnectivityService( 2019): apparently satisfied.  currentScore=60
11-05 10:46:41.765 V/WindowManager( 2019): Adding window Window{bd03904 u0 SurfaceView} at 5 of 13 (before Window{3745ac3b u0 com.ipanel.android_webview.shell/com.ipanel.webapp.BrowserActivity})
11-05 10:46:41.865 V/WindowManager( 2019): Adding window Window{b17e122 u0 SurfaceView} at 6 of 14 (before Window{3745ac3b u0 com.ipanel.android_webview.shell/com.ipanel.webapp.BrowserActivity})
11-05 10:46:41.949 W/ViewRootImpl( 4287): Cancelling event due to no window focus: KeyEvent { action=ACTION_UP, keyCode=KEYCODE_DPAD_CENTER, scanCode=28, metaState=0, flags=0x80000028, repeatCount=0, eventTime=1064468, downTime=1064150, deviceId=3, source=0x701 }
11-05 10:46:41.949 W/ViewRootImpl( 4287): Cancelling event due to no window focus: KeyEvent { action=ACTION_UP, keyCode=KEYCODE_DPAD_CENTER, scanCode=28, metaState=0, flags=0x80000028, repeatCount=0, eventTime=1064468, downTime=1064150, deviceId=3, source=0x701 }
11-05 10:46:41.949 W/ViewRootImpl( 4287): Cancelling event due to no window focus: KeyEvent { action=ACTION_UP, keyCode=KEYCODE_DPAD_CENTER, scanCode=28, metaState=0, flags=0x80000028, repeatCount=0, eventTime=1064468, downTime=1064150, deviceId=3, source=0x701 }
11-05 10:46:41.949 W/ViewRootImpl( 4287): Cancelling event due to no window focus: KeyEvent { action=ACTION_UP, keyCode=KEYCODE_DPAD_CENTER, scanCode=28, metaState=0, flags=0x80000028, repeatCount=0, eventTime=1064468, downTime=1064150, deviceId=3, source=0x701 }
11-05 10:46:41.950 W/ViewRootImpl( 4287): Cancelling event due to no window focus: KeyEvent { action=ACTION_UP, keyCode=KEYCODE_DPAD_CENTER, scanCode=28, metaState=0, flags=0x80000028, repeatCount=0, eventTime=1064468, downTime=1064150, deviceId=3, source=0x701 }
11-05 10:46:41.950 W/ViewRootImpl( 4287): Cancelling event due to no window focus: KeyEvent { action=ACTION_UP, keyCode=KEYCODE_DPAD_CENTER, scanCode=28, metaState=0, flags=0x80000028, repeatCount=0, eventTime=1064468, downTime=1064150, deviceId=3, source=0x701 }
11-05 10:46:41.953 W/ViewRootImpl( 4287): Cancelling event due to no window focus: KeyEvent { action=ACTION_UP, keyCode=KEYCODE_DPAD_CENTER, scanCode=28, metaState=0, flags=0x80000028, repeatCount=0, eventTime=1064468, downTime=1064150, deviceId=3, source=0x701 }
11-05 10:46:41.953 W/ViewRootImpl( 4287): Cancelling event due to no window focus: KeyEvent { action=ACTION_UP, keyCode=KEYCODE_DPAD_CENTER, scanCode=28, metaState=0, flags=0x80000028, repeatCount=0, eventTime=1064468, downTime=1064150, deviceId=3, source=0x701 }
11-05 10:46:41.953 W/ViewRootImpl( 4287): Cancelling event due to no window focus: KeyEvent { action=ACTION_UP, keyCode=KEYCODE_DPAD_CENTER, scanCode=28, metaState=0, flags=0x80000028, repeatCount=0, eventTime=1064468, downTime=1064150, deviceId=3, source=0x701 }
11-05 10:46:42.288 W/ViewRootImpl( 2492): Cancelling event due to no window focus: KeyEvent { action=ACTION_UP, keyCode=KEYCODE_DPAD_CENTER, scanCode=28, metaState=0, flags=0x28, repeatCount=0, eventTime=1064218, downTime=1064150, deviceId=3, source=0x701 }
11-05 10:46:42.288 W/ViewRootImpl( 2492): Cancelling event due to no window focus: KeyEvent { action=ACTION_UP, keyCode=KEYCODE_DPAD_CENTER, scanCode=28, metaState=0, flags=0x28, repeatCount=0, eventTime=1064218, downTime=1064150, deviceId=3, source=0x701 }
11-05 10:46:42.288 W/ViewRootImpl( 2492): Cancelling event due to no window focus: KeyEvent { action=ACTION_UP, keyCode=KEYCODE_DPAD_CENTER, scanCode=28, metaState=0, flags=0x28, repeatCount=0, eventTime=1064218, downTime=1064150, deviceId=3, source=0x701 }
11-05 10:46:42.290 W/ViewRootImpl( 2492): Cancelling event due to no window focus: KeyEvent { action=ACTION_UP, keyCode=KEYCODE_DPAD_CENTER, scanCode=28, metaState=0, flags=0x28, repeatCount=0, eventTime=1064218, downTime=1064150, deviceId=3, source=0x701 }
11-05 10:46:42.290 W/ViewRootImpl( 2492): Cancelling event due to no window focus: KeyEvent { action=ACTION_UP, keyCode=KEYCODE_DPAD_CENTER, scanCode=28, metaState=0, flags=0x28, repeatCount=0, eventTime=1064218, downTime=1064150, deviceId=3, source=0x701 }
11-05 10:46:42.290 W/ViewRootImpl( 2492): Cancelling event due to no window focus: KeyEvent { action=ACTION_UP, keyCode=KEYCODE_DPAD_CENTER, scanCode=28, metaState=0, flags=0x28, repeatCount=0, eventTime=1064218, downTime=1064150, deviceId=3, source=0x701 }
11-05 10:46:42.290 W/ViewRootImpl( 2492): Cancelling event due to no window focus: KeyEvent { action=ACTION_UP, keyCode=KEYCODE_DPAD_CENTER, scanCode=28, metaState=0, flags=0x28, repeatCount=0, eventTime=1064218, downTime=1064150, deviceId=3, source=0x701 }
11-05 10:46:42.290 W/ViewRootImpl( 2492): Cancelling event due to no window focus: KeyEvent { action=ACTION_UP, keyCode=KEYCODE_DPAD_CENTER, scanCode=28, metaState=0, flags=0x28, repeatCount=0, eventTime=1064218, downTime=1064150, deviceId=3, source=0x701 }
11-05 10:46:42.290 W/ViewRootImpl( 2492): Cancelling event due to no window focus: KeyEvent { action=ACTION_UP, keyCode=KEYCODE_DPAD_CENTER, scanCode=28, metaState=0, flags=0x28, repeatCount=0, eventTime=1064218, downTime=1064150, deviceId=3, source=0x701 }
11-05 10:46:45.403 I/ActivityManager( 2019): START u0 {act=android.intent.action.MAIN cat=[android.intent.category.HOME] flg=0x10200000 cmp=com.suma.midware.home/.third.Main3DActivity} from uid 1000 on display 0
11-05 10:46:45.419 I/ActivityManager( 2019): Force stopping com.android.browser appid=10010 user=0: from pid 2356
11-05 10:46:45.445 W/ContextImpl( 2492): Calling a method in the system process without a qualified user: android.app.ContextImpl.sendBroadcast:1345 android.content.ContextWrapper.sendBroadcast:377 com.suma.midware.view.ext.BluetoothUpdate.b:-1 com.suma.midware.home.third.Main3DActivity.onResume:-1 android.app.Instrumentation.callActivityOnResume:1257 
11-05 10:46:45.448 W/ContextImpl( 2492): Calling a method in the system process without a qualified user: android.app.ContextImpl.sendBroadcast:1345 android.content.ContextWrapper.sendBroadcast:377 android.app.ActivityThread.performResumeActivity:2982 android.app.ActivityThread.handleResumeActivity:3023 android.app.ActivityThread$H.handleMessage:1347 
11-05 10:46:52.325 I/WindowState( 2019): WIN DEATH: Window{bd03904 u0 SurfaceView}
11-05 10:46:52.325 D/ConnectivityService( 2019): ConnectivityService NetworkRequestInfo binderDied(NetworkRequest [ id=5, legacyType=-1, [ Capabilities: INTERNET&NOT_RESTRICTED&TRUSTED] ], android.os.BinderProxy@10572d5d)
11-05 10:46:52.325 D/ConnectivityService( 2019): releasing NetworkRequest NetworkRequest [ id=5, legacyType=-1, [ Capabilities: INTERNET&NOT_RESTRICTED&TRUSTED] ]
11-05 10:46:52.326 I/ActivityManager( 2019): Process com.ipanel.android_webview.shell (pid 4287) has died
11-05 10:46:52.331 E/ConnectivityService( 2019): RemoteException caught trying to send a callback msg for NetworkRequest [ id=5, legacyType=-1, [ Capabilities: INTERNET&NOT_RESTRICTED&TRUSTED] ]
11-05 10:46:52.332 I/WindowState( 2019): WIN DEATH: Window{b17e122 u0 SurfaceView}
11-05 10:46:52.333 I/WindowState( 2019): WIN DEATH: Window{3745ac3b u0 com.ipanel.android_webview.shell/com.ipanel.webapp.BrowserActivity}
11-05 10:46:53.326 I/ActivityManager( 2019): START u0 {act= cmp=com.ipanel.android_webview.shell/com.ipanel.webapp.BrowserActivity (has extras)} from uid 1000 on display 0
11-05 10:46:53.334 W/ContextImpl( 2492): Calling a method in the system process without a qualified user: android.app.ContextImpl.sendBroadcast:1345 android.content.ContextWrapper.sendBroadcast:377 android.app.ActivityThread.performPauseActivity:3259 android.app.ActivityThread.performPauseActivity:3225 android.app.ActivityThread.handlePauseActivity:3200 
11-05 10:46:53.339 V/WindowManager( 2019): Adding window Window{206086a0 u0 Starting com.ipanel.android_webview.shell} at 5 of 11 (after Window{25f1f10c u0 com.suma.midware.dvb/com.suma.midware.dvb.play.PlayActivity})
11-05 10:46:53.363 I/ActivityManager( 2019): Start proc 4381:com.ipanel.android_webview.shell/u0a26 for activity com.ipanel.android_webview.shell/com.ipanel.webapp.BrowserActivity
11-05 10:46:53.740 V/WindowManager( 2019): Adding window Window{264e55a6 u0 com.ipanel.android_webview.shell/com.ipanel.webapp.BrowserActivity} at 5 of 12 (before Window{206086a0 u0 Starting com.ipanel.android_webview.shell})
11-05 10:46:53.764 D/ConnectivityService( 2019): listenForNetwork for NetworkRequest [ id=6, legacyType=-1, [ Capabilities: INTERNET&NOT_RESTRICTED&TRUSTED] ]
11-05 10:46:53.765 D/ConnectivityService( 2019): handleRegisterNetworkRequest checking NetworkAgentInfo [WIFI () - 101]
11-05 10:46:53.765 D/ConnectivityService( 2019): apparently satisfied.  currentScore=60
11-05 10:46:53.902 V/WindowManager( 2019): Adding window Window{35d1af83 u0 SurfaceView} at 5 of 13 (before Window{264e55a6 u0 com.ipanel.android_webview.shell/com.ipanel.webapp.BrowserActivity})
11-05 10:46:54.033 V/WindowManager( 2019): Adding window Window{2157e139 u0 SurfaceView} at 6 of 14 (before Window{264e55a6 u0 com.ipanel.android_webview.shell/com.ipanel.webapp.BrowserActivity})
11-05 10:46:54.099 W/ViewRootImpl( 4381): Cancelling event due to no window focus: KeyEvent { action=ACTION_UP, keyCode=KEYCODE_DPAD_CENTER, scanCode=28, metaState=0, flags=0x80000028, repeatCount=0, eventTime=1076480, downTime=1076270, deviceId=3, source=0x701 }
11-05 10:46:54.099 W/ViewRootImpl( 4381): Cancelling event due to no window focus: KeyEvent { action=ACTION_UP, keyCode=KEYCODE_DPAD_CENTER, scanCode=28, metaState=0, flags=0x80000028, repeatCount=0, eventTime=1076480, downTime=1076270, deviceId=3, source=0x701 }
11-05 10:46:54.099 W/ViewRootImpl( 4381): Cancelling event due to no window focus: KeyEvent { action=ACTION_UP, keyCode=KEYCODE_DPAD_CENTER, scanCode=28, metaState=0, flags=0x80000028, repeatCount=0, eventTime=1076480, downTime=1076270, deviceId=3, source=0x701 }
11-05 10:46:54.099 W/ViewRootImpl( 4381): Cancelling event due to no window focus: KeyEvent { action=ACTION_UP, keyCode=KEYCODE_DPAD_CENTER, scanCode=28, metaState=0, flags=0x80000028, repeatCount=0, eventTime=1076480, downTime=1076270, deviceId=3, source=0x701 }
