11-05 11:41:36.487 E/WifiAutoJoinController ( 2019): CMCC-family ea:64:c7:2d:cc:65 rssi=-80 cap [ESS] is not scored
11-05 11:41:36.487 E/WifiAutoJoinController ( 2019): CMCC-Free fa:64:c7:2d:cc:65 rssi=-82 cap [ESS] is not scored
11-05 11:41:36.487 E/WifiAutoJoinController ( 2019): ageScanResultsOut delay 40000 size 46 now 1509853296487
11-05 11:41:36.487 E/WifiAutoJoinController ( 2019): newSupplicantResults size=41 known=7 true
11-05 11:41:36.488 E/WifiAutoJoinController ( 2019): attemptAutoJoin() status=bssid=78:11:dc:10:d5:2d
11-05 11:41:36.488 E/WifiAutoJoinController ( 2019): freq=2412
11-05 11:41:36.488 E/WifiAutoJoinController ( 2019): ssid=Xiaomi_D52C
11-05 11:41:36.488 E/WifiAutoJoinController ( 2019): id=6
11-05 11:41:36.488 E/WifiAutoJoinController ( 2019): mode=station
11-05 11:41:36.488 E/WifiAutoJoinController ( 2019): pairwise_cipher=CCMP
11-05 11:41:36.488 E/WifiAutoJoinController ( 2019): group_cipher=TKIP
11-05 11:41:36.488 E/WifiAutoJoinController ( 2019): key_mgmt=WPA2-PSK
11-05 11:41:36.488 E/WifiAutoJoinController ( 2019): wpa_state=COMPLETED
11-05 11:41:36.488 E/WifiAutoJoinController ( 2019): ip_address=192.168.31.49
11-05 11:41:36.488 E/WifiAutoJoinController ( 2019): p2p_device_address=1e:1e:e3:cb:e5:06
11-05 11:41:36.488 E/WifiAutoJoinController ( 2019): address=1c:1e:e3:cb:e5:06
11-05 11:41:36.488 E/WifiAutoJoinController ( 2019): uuid=87c77ca2-a2f1-5c74-a7ed-5e307df36b93 split=13
11-05 11:41:36.488 E/WifiAutoJoinController ( 2019): attemptAutoJoin() num recent config 2 current="Xiaomi_D52C"WPA_PSK last="Xiaomi_D52C"WPA_PSK ---> suppNetId=6
11-05 11:41:36.488 E/WifiAutoJoinController ( 2019): attemptAutoJoin good candidate seen, bumped hard -> status=0 "GDWL"WPA_PSK rssi=(-46,-127) num=(9,0)
11-05 11:41:36.488 E/WifiAutoJoinController ( 2019): attemptAutoJoin trying id=4 "GDWL"WPA_PSK status=0
11-05 11:41:36.488 E/WifiAutoJoinController ( 2019): attemptAutoJoin good candidate seen, bumped hard -> status=0 "Xiaomi_D52C"WPA_PSK rssi=(-30,-127) num=(1,0)
11-05 11:41:36.488 E/WifiAutoJoinController ( 2019): attemptAutoJoin skip current candidate  6 key "Xiaomi_D52C"WPA_PSK
11-05 11:41:36.488 E/WifiAutoJoinController ( 2019): compareNetwork will compare "GDWL"WPA_PSK with current "Xiaomi_D52C"WPA_PSK
11-05 11:41:36.488 E/WifiAutoJoinController ( 2019):     compareWifiConfigurationsRSSI: "Xiaomi_D52C"WPA_PSK rssi=-30,-127 boost=25 "GDWL"WPA_PSK rssi=-46,-127 boost=0
11-05 11:41:36.488 E/WifiAutoJoinController ( 2019):         "Xiaomi_D52C"WPA_PSK is5=false score=-5 "GDWL"WPA_PSK is5=false score=-46
11-05 11:41:36.488 E/WifiAutoJoinController ( 2019):     compareWifiConfigurationsRSSI "Xiaomi_D52C"WPA_PSK rssi=(-30,-127) num=(1,0) > "GDWL"WPA_PSK rssi=(-46,-127) num=(9,0) -> -41
11-05 11:41:36.488 E/WifiAutoJoinController ( 2019): compareWifiConfigurations: "Xiaomi_D52C"WPA_PSK > "GDWL"WPA_PSK order -41
11-05 11:41:36.488 E/WifiAutoJoinController ( 2019):      ...and prefers -100 "Xiaomi_D52C"WPA_PSK over "GDWL"WPA_PSK because it is the last selected -> -141
11-05 11:41:36.488 E/WifiAutoJoinController ( 2019): attemptAutoJoin networkSwitching candidate "GDWL"WPA_PSK with current "Xiaomi_D52C"WPA_PSK linked=false : delta=-141  -> not switching
11-05 11:41:36.488 E/WifiAutoJoinController ( 2019): attemptRoam: "Xiaomi_D52C"WPA_PSK Found 78:11:dc:10:d5:2d rssi=-30 freq=2412 Current: 78:11:dc:10:d5:2d
11-05 11:41:36.488 E/WifiAutoJoinController ( 2019): Done attemptAutoJoin status=0
11-05 11:41:36.609 D/BasicFigure( 2492): [TN_GLThread 73]isDrawFocused relyElement=[BaseElement@3914159e]focusScale[1.15]elementAlpha[-1.0]refectAlpha[-1.0]isFocusAble[true]shadowIndex[-1]autoJumpType[-1]uniqueID[54resSize0]rect[NULL]
11-05 11:41:36.609 D/BasicFigure( 2492): [TN_GLThread 73]isDrawFocused basicFigure=com.suma.midware.view.b.c.c@257887f
11-05 11:41:36.737 E/storage_operate( 2914): HCDN_LOG: [2017/11/05-11:41:36:737]:[func:GetTaskCount],[line:827],[oper:get task count],[state:0],[count:0]
11-05 11:41:36.737 E/storage_operate( 2914): HCDN_LOG: [2017/11/05-11:41:36:737]:[func:GetTaskCount],[line:827],[oper:get task count],[state:0],[count:0]
11-05 11:41:36.737 E/storage_operate( 2914): HCDN_LOG: [2017/11/05-11:41:36:737]:[func:GetTaskCount],[line:827],[oper:get task count],[state:1],[count:0]
11-05 11:41:36.784 D/BackBootDealerNeimeng( 2356): standbyState:
11-05 11:41:36.785 E/NetUtils( 2019): Interface eth0 LinkDown!
11-05 11:41:36.875 E/storage_operate( 2654): HCDN_LOG: [2017/11/05-11:41:36:875]:[func:GetTaskCount],[line:827],[oper:get task count],[state:0],[count:0]
11-05 11:41:36.875 E/storage_operate( 2654): HCDN_LOG: [2017/11/05-11:41:36:875]:[func:GetTaskCount],[line:827],[oper:get task count],[state:0],[count:0]
11-05 11:41:36.876 E/storage_operate( 2654): HCDN_LOG: [2017/11/05-11:41:36:876]:[func:GetTaskCount],[line:827],[oper:get task count],[state:1],[count:0]
11-05 11:41:37.285 D/BackBootDealerNeimeng( 2356): standbyState:
11-05 11:41:37.286 E/NetUtils( 2019): Interface eth0 LinkDown!
11-05 11:41:37.641 D/BasicFigure( 2492): [TN_GLThread 73]isDrawFocused relyElement=[BaseElement@3914159e]focusScale[1.15]elementAlpha[-1.0]refectAlpha[-1.0]isFocusAble[true]shadowIndex[-1]autoJumpType[-1]uniqueID[54resSize0]rect[NULL]
11-05 11:41:37.641 D/BasicFigure( 2492): [TN_GLThread 73]isDrawFocused basicFigure=com.suma.midware.view.b.c.c@257887f
11-05 11:41:37.786 D/BackBootDealerNeimeng( 2356): standbyState:
11-05 11:41:37.787 E/NetUtils( 2019): Interface eth0 LinkDown!
11-05 11:41:37.973 D/ir_user ( 1585): PlayerTimeLineTrace:linux_keycode:0x67(DOWN),	protocol: .
11-05 11:41:37.973 V/PT      ( 1581): >>INFO:irkey_task:[    4360.924986] /dev/input/event0: type=0001 code=0067 val=00000001
11-05 11:41:37.973 V/PT      ( 1581): >>INFO:irkey_send:0x3001 0x0026 down
11-05 11:41:37.973 V/SUMA    ( 1581): ++++++++++++++  _roc_evtmgr_key_cbk 517:input = 12289, event=38, act=0x100
11-05 11:41:37.973 V/SUMA    ( 1581): lxm:_roc_evtmgr_key_cbk 519 4360925
11-05 11:41:37.973 V/SUMA    ( 1581): lxm:_roc_evtmgr_add_evt_into_queue 347 4360925
11-05 11:41:37.974 V/PT      ( 1581): >>INFO:irkey_task:[    4360.924986] /dev/input/event0: type=0000 code=0000 val=00000000
11-05 11:41:37.974 V/SUMA    ( 1581): ===================>> type=0 src=0 evt=38 act=0x100
11-05 11:41:37.974 V/SUMA    ( 1581): [sysset-s][event_manager_cbk 78]lxm cbid=1, cbk_reg=1, cpid=2451
11-05 11:41:37.974 D/NGBEvent( 2451): ngbEventCallBack type:0 source :38
11-05 11:41:37.974 D/NGBEvent( 2451): [NGBEventManager-JNI]-returning:1
11-05 11:41:37.974 D/NGBEvent( 2451): Input key event: keyCode=38
11-05 11:41:37.974 D/NGBEvent( 2451): src:38 = dest:38
11-05 11:41:37.974 I/System.out( 2451): [DEBUG EventManager] LWJ--Add event to java with evt=NgbEvent-[type = 1, subtype = 401, code = 38]
11-05 11:41:37.974 D/NGBEvent( 2451): [NGBEvent_log]--[EventManager--JNI]:		start
11-05 11:41:37.975 I/System.out( 2451): [DEBUG EventManager] broadcastEvent  :len 1
11-05 11:41:37.975 D/CombineKeyUtil( 2451): [TN_pool-1-thread-1]dealKeyEvent,combineIndex:-1:keyCode:19
11-05 11:41:37.975 D/KeyEventNgbDealer( 2451): [TN_pool-1-thread-1]handleKeyPressed keyEvent=NgbEvent-[type = 1, subtype = 401, code = 38],time=4360926
11-05 11:41:37.977 D/RemoteIME( 2321): onKeyDown event = KeyEvent { action=ACTION_DOWN, keyCode=KEYCODE_DPAD_UP, scanCode=103, metaState=0, flags=0x8, repeatCount=0, eventTime=4360924, downTime=4360924, deviceId=3, source=0x701 },mSkbContainer=com.amlogic.inputmethod.remote.SkbContainer{6622968 VFE..... .F....ID 0,0-1280,300}
11-05 11:41:37.977 D/Main3DActivity( 2492): [TN_main]dispatchKeyEvent event=KeyEvent { action=ACTION_DOWN, keyCode=KEYCODE_DPAD_UP, scanCode=103, metaState=0, flags=0x8, repeatCount=0, eventTime=4360924, downTime=4360924, deviceId=3, source=0x701 },isEventAble=true
11-05 11:41:37.978 D/InputEventConsistencyVerifier( 2492): KeyEvent: ACTION_DOWN but key is already down and this event is not a key repeat.
11-05 11:41:37.978 D/InputEventConsistencyVerifier( 2492):   in com.android.internal.policy.impl.PhoneWindow$DecorView{1667699c V.E..... R.....I. 0,0-1280,720}
11-05 11:41:37.978 D/InputEventConsistencyVerifier( 2492):   0: sent at 4360924000000, KeyEvent { action=ACTION_DOWN, keyCode=KEYCODE_DPAD_UP, scanCode=103, metaState=0, flags=0x8, repeatCount=0, eventTime=4360924, downTime=4360924, deviceId=3, source=0x701 }
11-05 11:41:37.978 D/InputEventConsistencyVerifier( 2492):   -- recent events --
11-05 11:41:37.978 D/InputEventConsistencyVerifier( 2492):   1: sent at 4251916000000, KeyEvent { action=ACTION_DOWN, keyCode=KEYCODE_DPAD_CENTER, scanCode=28, metaState=0, flags=0x80000008, repeatCount=0, eventTime=4251916, downTime=4251916, deviceId=3, source=0x701 }
11-05 11:41:37.978 D/InputEventConsistencyVerifier( 2492):   2: sent at 4251539000000, KeyEvent { action=ACTION_DOWN, keyCode=KEYCODE_DPAD_RIGHT, scanCode=106, metaState=0, flags=0x80000008, repeatCount=0, eventTime=4251539, downTime=4251539, deviceId=3, source=0x701 }
11-05 11:41:37.978 D/InputEventConsistencyVerifier( 2492):   3: sent at 4250664000000, KeyEvent { action=ACTION_DOWN, keyCode=KEYCODE_DPAD_RIGHT, scanCode=106, metaState=0, flags=0x80000008, repeatCount=0, eventTime=4250664, downTime=4250664, deviceId=3, source=0x701 }
11-05 11:41:37.978 D/InputEventConsistencyVerifier( 2492):   4: sent at 4250075000000, KeyEvent { action=ACTION_DOWN, keyCode=KEYCODE_DPAD_UP, scanCode=103, metaState=0, flags=0x80000008, repeatCount=0, eventTime=4250075, downTime=4250075, deviceId=3, source=0x701 }
11-05 11:41:37.978 D/InputEventConsistencyVerifier( 2492):   5: sent at 4249824000000, KeyEvent { action=ACTION_DOWN, keyCode=KEYCODE_DPAD_UP, scanCode=103, metaState=0, flags=0x80000008, repeatCount=0, eventTime=4249824, downTime=4249824, deviceId=3, source=0x701 }
11-05 11:41:37.978 D/BasicRootView( 2492): [TN_main]dispatchKeyEvent event=KeyEvent { action=ACTION_DOWN, keyCode=KEYCODE_DPAD_UP, scanCode=103, metaState=0, flags=0x80000008, repeatCount=0, eventTime=4360924, downTime=4360924, deviceId=3, source=0x701 },curRootPanel=com.suma.midware.home.third.a.a@c42406f
11-05 11:41:37.978 D/GLRootRenderer( 2492): dispatchKeyEvent event:KeyEvent { action=ACTION_DOWN, keyCode=KEYCODE_DPAD_UP, scanCode=103, metaState=0, flags=0x80000008, repeatCount=0, eventTime=4360924, downTime=4360924, deviceId=3, source=0x701 }:lastKeyCode:23:lastKeyAction:0:lastkeycount:0:size:0
11-05 11:41:37.978 D/Scene   ( 2492): dispatchKeyEvent event:KeyEvent { action=ACTION_DOWN, keyCode=KEYCODE_DPAD_UP, scanCode=103, metaState=0, flags=0x80000008, repeatCount=0, eventTime=4360924, downTime=4360924, deviceId=3, source=0x701 }
11-05 11:41:37.978 D/Scene   ( 2492): dispatchKeyEvent currentFocus = com.suma.midware.view.b.c.p@1104ec6d
11-05 11:41:37.979 D/Scene   ( 2492): dispatchKeyEvent nextFocus:null
11-05 11:41:37.979 D/BasicFigure( 2492): [TN_GLThread 73]dealKeyEvent event=KeyEvent { action=ACTION_DOWN, keyCode=KEYCODE_DPAD_UP, scanCode=103, metaState=0, flags=0x80000008, repeatCount=0, eventTime=4360924, downTime=4360924, deviceId=3, source=0x701 }
11-05 11:41:37.980 D/MenuUtil( 2492): [TN_GLThread 73]searchVerticalFigure x=88.0000,y=220.000,width=646.000,height=363.000,excludeObj=com.suma.midware.view.b.c.p@1104ec6d
11-05 11:41:37.982 D/MenuUtil( 2492): [TN_GLThread 73]isAbove y1=105.000,y2=220.000,cube1=890.0,110.0,1.0,cube2=646.0,363.0,1.0,obj3d1=com.suma.midware.view.b.d.b@a93cb1e,obj3d2=com.suma.midware.view.b.c.p@1104ec6d
11-05 11:41:37.982 D/MenuUtil( 2492): [TN_GLThread 73]isAbove y1=105.000,y2=105.000,cube1=890.0,110.0,1.0,cube2=890.0,110.0,1.0,obj3d1=com.suma.midware.view.b.d.b@a93cb1e,obj3d2=com.suma.midware.view.b.d.b@a93cb1e
11-05 11:41:37.983 D/BasicFigure( 2492): [TN_GLThread 73]onFocusLost figure=com.suma.midware.view.b.c.p@1104ec6d
11-05 11:41:37.983 W/BasicRootPanel( 2492): [TN_GLThread 73]switchPanelLight lightFigure null
11-05 11:41:37.983 D/BasicColumn( 2492): [TN_GLThread 73]onFocus isFocus=true,index=0,nextIndex=-1
11-05 11:41:37.983 D/FixedRes( 2492): [TN_GLThread 73]getNineImgRes nineImgSize=2
11-05 11:41:37.984 D/BasicColumn( 2492): [TN_GLThread 73]moveFocus xOffset=151.000,yOffset=139.000
11-05 11:41:37.984 D/BasicColumn( 2492): [TN_GLThread 73]moveFocus width=267.000,height=199.000,curCube=116.0,60.0,1.0,curPosition=-387.0,10.0,0.0,focusScale=1.0,1.0,1.0
11-05 11:41:37.993 D/BasicFigure( 2492): [TN_GLThread 73]isDrawFocused relyElement=[BaseElement@3914159e]focusScale[1.15]elementAlpha[-1.0]refectAlpha[-1.0]isFocusAble[true]shadowIndex[-1]autoJumpType[-1]uniqueID[54resSize0]rect[NULL]
11-05 11:41:37.993 D/BasicFigure( 2492): [TN_GLThread 73]isDrawFocused basicFigure=com.suma.midware.view.b.c.c@257887f
11-05 11:41:38.004 D/BasicFigure( 2492): [TN_GLThread 73]isDrawFocused relyElement=[BaseElement@3914159e]focusScale[1.15]elementAlpha[-1.0]refectAlpha[-1.0]isFocusAble[true]shadowIndex[-1]autoJumpType[-1]uniqueID[54resSize0]rect[NULL]
11-05 11:41:38.004 D/BasicFigure( 2492): [TN_GLThread 73]isDrawFocused basicFigure=com.suma.midware.view.b.c.c@257887f
11-05 11:41:38.182 D/ir_user ( 1585): PlayerTimeLineTrace:linux_keycode:0x67(UP),	protocol: .
11-05 11:41:38.182 V/PT      ( 1581): >>INFO:irkey_task:[    4361.134338] /dev/input/event0: type=0001 code=0067 val=00000000
11-05 11:41:38.183 V/PT      ( 1581): >>INFO:irkey_send:0x3001 0x0026 up  
11-05 11:41:38.183 V/SUMA    ( 1581): ++++++++++++++  _roc_evtmgr_key_cbk 517:input = 12289, event=38, act=0x400
11-05 11:41:38.183 V/SUMA    ( 1581): lxm:_roc_evtmgr_key_cbk 519 4361134
11-05 11:41:38.183 V/SUMA    ( 1581): lxm:_roc_evtmgr_add_key_into_queue 311 4361134
11-05 11:41:38.183 V/PT      ( 1581): >>INFO:irkey_task:[    4361.134338] /dev/input/event0: type=0000 code=0000 val=00000000
11-05 11:41:38.183 V/SUMA    ( 1581): ===================>> type=0 src=0 evt=38 act=0x400
11-05 11:41:38.183 V/SUMA    ( 1581): [sysset-s][event_manager_cbk 78]lxm cbid=1, cbk_reg=1, cpid=2451
11-05 11:41:38.183 D/NGBEvent( 2451): ngbEventCallBack type:0 source :38
11-05 11:41:38.183 D/NGBEvent( 2451): [NGBEventManager-JNI]-returning:1
11-05 11:41:38.183 D/NGBEvent( 2451): Input key event: keyCode=38
11-05 11:41:38.183 D/NGBEvent( 2451): src:38 = dest:38
11-05 11:41:38.184 I/System.out( 2451): [DEBUG EventManager] LWJ--Add event to java with evt=NgbEvent-[type = 1, subtype = 402, code = 38]
11-05 11:41:38.184 D/NGBEvent( 2451): [NGBEvent_log]--[EventManager--JNI]:		start
11-05 11:41:38.184 I/System.out( 2451): [DEBUG EventManager] broadcastEvent  :len 1
11-05 11:41:38.184 D/KeyEventNgbDealer( 2451): [TN_pool-1-thread-1]handleKeyReleased keyEvent=NgbEvent-[type = 1, subtype = 402, code = 38],time=4361135
11-05 11:41:38.185 D/RemoteIME( 2321): RemoteIME--> onKeyUp keyCode = 19
11-05 11:41:38.185 D/Main3DActivity( 2492): [TN_main]dispatchKeyEvent event=KeyEvent { action=ACTION_UP, keyCode=KEYCODE_DPAD_UP, scanCode=103, metaState=0, flags=0x8, repeatCount=0, eventTime=4361134, downTime=4360924, deviceId=3, source=0x701 },isEventAble=true
11-05 11:41:38.287 D/BackBootDealerNeimeng( 2356): standbyState:
11-05 11:41:38.288 E/NetUtils( 2019): Interface eth0 LinkDown!
11-05 11:41:38.379 V/PT      ( 1581): >>INFO:irkey_task:[    4361.330992] /dev/input/event0: type=0001 code=006a val=00000001
11-05 11:41:38.379 D/ir_user ( 1585): PlayerTimeLineTrace:linux_keycode:0x6a(DOWN),	protocol: .
11-05 11:41:38.379 V/PT      ( 1581): >>INFO:irkey_send:0x3001 0x0027 down
11-05 11:41:38.379 V/SUMA    ( 1581): ++++++++++++++  _roc_evtmgr_key_cbk 517:input = 12289, event=39, act=0x100
11-05 11:41:38.379 V/SUMA    ( 1581): lxm:_roc_evtmgr_key_cbk 519 4361331
11-05 11:41:38.380 V/SUMA    ( 1581): lxm:_roc_evtmgr_add_evt_into_queue 347 4361331
11-05 11:41:38.380 V/PT      ( 1581): >>INFO:irkey_task:[    4361.330992] /dev/input/event0: type=0000 code=0000 val=00000000
11-05 11:41:38.380 V/SUMA    ( 1581): ===================>> type=0 src=0 evt=39 act=0x100
11-05 11:41:38.380 V/SUMA    ( 1581): [sysset-s][event_manager_cbk 78]lxm cbid=1, cbk_reg=1, cpid=2451
11-05 11:41:38.380 D/NGBEvent( 2451): ngbEventCallBack type:0 source :39
11-05 11:41:38.380 D/NGBEvent( 2451): [NGBEventManager-JNI]-returning:1
11-05 11:41:38.380 D/NGBEvent( 2451): Input key event: keyCode=39
11-05 11:41:38.380 D/NGBEvent( 2451): src:39 = dest:39
11-05 11:41:38.380 I/System.out( 2451): [DEBUG EventManager] LWJ--Add event to java with evt=NgbEvent-[type = 1, subtype = 401, code = 39]
11-05 11:41:38.381 D/NGBEvent( 2451): [NGBEvent_log]--[EventManager--JNI]:		start
11-05 11:41:38.381 I/System.out( 2451): [DEBUG EventManager] broadcastEvent  :len 1
11-05 11:41:38.381 D/CombineKeyUtil( 2451): [TN_pool-1-thread-1]dealKeyEvent,combineIndex:-1:keyCode:22
11-05 11:41:38.381 D/KeyEventNgbDealer( 2451): [TN_pool-1-thread-1]handleKeyPressed keyEvent=NgbEvent-[type = 1, subtype = 401, code = 39],time=4361332
11-05 11:41:38.382 D/RemoteIME( 2321): onKeyDown event = KeyEvent { action=ACTION_DOWN, keyCode=KEYCODE_DPAD_RIGHT, scanCode=106, metaState=0, flags=0x8, repeatCount=0, eventTime=4361330, downTime=4361330, deviceId=3, source=0x701 },mSkbContainer=com.amlogic.inputmethod.remote.SkbContainer{6622968 VFE..... .F....ID 0,0-1280,300}
11-05 11:41:38.383 D/Main3DActivity( 2492): [TN_main]dispatchKeyEvent event=KeyEvent { action=ACTION_DOWN, keyCode=KEYCODE_DPAD_RIGHT, scanCode=106, metaState=0, flags=0x8, repeatCount=0, eventTime=4361330, downTime=4361330, deviceId=3, source=0x701 },isEventAble=true
11-05 11:41:38.383 D/InputEventConsistencyVerifier( 2492): KeyEvent: ACTION_DOWN but key is already down and this event is not a key repeat.
11-05 11:41:38.383 D/InputEventConsistencyVerifier( 2492):   in com.android.internal.policy.impl.PhoneWindow$DecorView{1667699c V.E..... R.....I. 0,0-1280,720}
11-05 11:41:38.383 D/InputEventConsistencyVerifier( 2492):   0: sent at 4361330000000, KeyEvent { action=ACTION_DOWN, keyCode=KEYCODE_DPAD_RIGHT, scanCode=106, metaState=0, flags=0x8, repeatCount=0, eventTime=4361330, downTime=4361330, deviceId=3, source=0x701 }
11-05 11:41:38.383 D/InputEventConsistencyVerifier( 2492):   -- recent events --
11-05 11:41:38.383 D/InputEventConsistencyVerifier( 2492):   1: sent at 4360924000000, KeyEvent { action=ACTION_DOWN, keyCode=KEYCODE_DPAD_UP, scanCode=103, metaState=0, flags=0x80000008, repeatCount=0, eventTime=4360924, downTime=4360924, deviceId=3, source=0x701 }
11-05 11:41:38.383 D/InputEventConsistencyVerifier( 2492):   2: sent at 4251916000000, KeyEvent { action=ACTION_DOWN, keyCode=KEYCODE_DPAD_CENTER, scanCode=28, metaState=0, flags=0x80000008, repeatCount=0, eventTime=4251916, downTime=4251916, deviceId=3, source=0x701 }
11-05 11:41:38.383 D/InputEventConsistencyVerifier( 2492):   3: sent at 4251539000000, KeyEvent { action=ACTION_DOWN, keyCode=KEYCODE_DPAD_RIGHT, scanCode=106, metaState=0, flags=0x80000008, repeatCount=0, eventTime=4251539, downTime=4251539, deviceId=3, source=0x701 }
11-05 11:41:38.383 D/InputEventConsistencyVerifier( 2492):   4: sent at 4250664000000, KeyEvent { action=ACTION_DOWN, keyCode=KEYCODE_DPAD_RIGHT, scanCode=106, metaState=0, flags=0x80000008, repeatCount=0, eventTime=4250664, downTime=4250664, deviceId=3, source=0x701 }
11-05 11:41:38.383 D/InputEventConsistencyVerifier( 2492):   5: sent at 4250075000000, KeyEvent { action=ACTION_DOWN, keyCode=KEYCODE_DPAD_UP, scanCode=103, metaState=0, flags=0x80000008, repeatCount=0, eventTime=4250075, downTime=4250075, deviceId=3, source=0x701 }
11-05 11:41:38.383 D/BasicRootView( 2492): [TN_main]dispatchKeyEvent event=KeyEvent { action=ACTION_DOWN, keyCode=KEYCODE_DPAD_RIGHT, scanCode=106, metaState=0, flags=0x80000008, repeatCount=0, eventTime=4361330, downTime=4361330, deviceId=3, source=0x701 },curRootPanel=com.suma.midware.home.third.a.a@c42406f
11-05 11:41:38.383 D/GLRootRenderer( 2492): dispatchKeyEvent event:KeyEvent { action=ACTION_DOWN, keyCode=KEYCODE_DPAD_RIGHT, scanCode=106, metaState=0, flags=0x80000008, repeatCount=0, eventTime=4361330, downTime=4361330, deviceId=3, source=0x701 }:lastKeyCode:19:lastKeyAction:0:lastkeycount:0:size:0
11-05 11:41:38.384 D/Scene   ( 2492): dispatchKeyEvent event:KeyEvent { action=ACTION_DOWN, keyCode=KEYCODE_DPAD_RIGHT, scanCode=106, metaState=0, flags=0x80000008, repeatCount=0, eventTime=4361330, downTime=4361330, deviceId=3, source=0x701 }
11-05 11:41:38.384 D/Scene   ( 2492): dispatchKeyEvent currentFocus = com.suma.midware.view.b.d.b@a93cb1e
11-05 11:41:38.384 D/Scene   ( 2492): dispatchKeyEvent nextFocus:null
11-05 11:41:38.384 D/BasicColumn( 2492): [TN_GLThread 73]dealKeyEvent event=KeyEvent { action=ACTION_DOWN, keyCode=KEYCODE_DPAD_RIGHT, scanCode=106, metaState=0, flags=0x80000008, repeatCount=0, eventTime=4361330, downTime=4361330, deviceId=3, source=0x701 }
11-05 11:41:38.384 D/BasicColumn( 2492): [TN_GLThread 73]movePanelFocus index=0,nextIndex=1
11-05 11:41:38.385 E/BasicColumn( 2492): [TN_GLThread 73]dealPanelAnim illegal size=7,moveDistance=0
11-05 11:41:38.385 D/FixedRes( 2492): [TN_GLThread 73]getNineImgRes nineImgSize=2
11-05 11:41:38.386 D/BasicColumn( 2492): [TN_GLThread 73]dealFocusAnim x=-279.000,y=10.0000,scaleX=0.940075,scaleY=1.00000
11-05 11:41:38.386 D/HomePanel( 2492): [TN_GLThread 73]switchBasicPanel index=0,nextIndex=1,isTitleFocus=true
11-05 11:41:38.387 D/PlayTask( 2492): [TN_GLThread 73]isLegal playerType=-1,view=com.suma.midware.view.widget2d.CustomSurfaceView{39bbc949 V.E..... ......I. 49,141-498,393}
11-05 11:41:38.387 D/PlayerManager( 2492): [TN_GLThread 73]addPlayTask playTask=[PlayDirectTask@3c8b8008]playTaskType[1]playType[0]playerType[-1]isEcmSet[false]playerIndex[0]tunerIndex[0]channel[[DirectChannel@32501b]channelID[0]oNetID[1]tsID[31]serviceID[3102]freq[371000]name[CCTV-1高清]serviceType[8]attr[8192]serialNum[1]serialNum4[1]pcrPID[49]refServiceID[-1]],state=0
11-05 11:41:38.388 D/PlayNgbDealer( 2356): [TN_Binder_4]findPlayer index=0,findType=0,channelIndex=0
11-05 11:41:38.388 D/PlayNgbDealer( 2356): [TN_Binder_4]canelPlayAsyTask index=0,playerInfo=[PlayerInfo@33ef68ed]index[0]id[0]userPID[2492]playerState[-1]isVideoPlay[false]isAudioPlay[false]isGetting[false]bChannel[null]retrieverTime[-1]playTime[-1]dataInfo[[DataInfo@2626b1b3]playUrl[null]rect[Rect(49, 141 - 498, 393)]channel[null]],siRequest=null
11-05 11:41:38.388 D/PlayExcuter( 2492): [TN_GLThread 73]notifyPlay type=1,curType=-2,cancelType=-1,cancelVideoType=-1,isResetData=false,task=[PlayDirectTask@3c8b8008]playTaskType[1]playType[0]playerType[-1]isEcmSet[false]playerIndex[0]tunerIndex[0]channel[[DirectChannel@32501b]channelID[0]oNetID[1]tsID[31]serviceID[3102]freq[371000]name[CCTV-1高清]serviceType[8]attr[8192]serialNum[1]serialNum4[1]pcrPID[49]refServiceID[-1]],this.task=null,indexs=null
11-05 11:41:38.389 D/PlayExcuter( 2492): [TN_GLThread 73]mergeTask sourceTask=null,destiTask=[PlayDirectTask@3c8b8008]playTaskType[1]playType[0]playerType[-1]isEcmSet[false]playerIndex[0]tunerIndex[0]channel[[DirectChannel@32501b]channelID[0]oNetID[1]tsID[31]serviceID[3102]freq[371000]name[CCTV-1高清]serviceType[8]attr[8192]serialNum[1]serialNum4[1]pcrPID[49]refServiceID[-1]]
11-05 11:41:38.389 D/PlayExcuter( 2492): [TN_ThreadUtil-2]excuteTask task=[PlayDirectTask@3c8b8008]playTaskType[1]playType[0]playerType[-1]isEcmSet[false]playerIndex[0]tunerIndex[0]channel[[DirectChannel@32501b]channelID[0]oNetID[1]tsID[31]serviceID[3102]freq[371000]name[CCTV-1高清]serviceType[8]attr[8192]serialNum[1]serialNum4[1]pcrPID[49]refServiceID[-1]]
11-05 11:41:38.390 D/PlayExcuter( 2492): [TN_ThreadUtil-2]excuteTask curExcuter=com.suma.midware.prop.play.PlayDirectExcuter@169823a1
11-05 11:41:38.390 D/PlayDirectExcuter( 2492): [TN_ThreadUtil-2]stop task=[PlayDirectTask@3c8b8008]playTaskType[1]playType[0]playerType[-1]isEcmSet[false]playerIndex[0]tunerIndex[0]channel[[DirectChannel@32501b]channelID[0]oNetID[1]tsID[31]serviceID[3102]freq[371000]name[CCTV-1高清]serviceType[8]attr[8192]serialNum[1]serialNum4[1]pcrPID[49]refServiceID[-1]],curType=-1
11-05 11:41:38.390 D/PlayNgbDealer( 2356): [TN_Binder_2]setPlayerChannel index=0,channelIndex=0
11-05 11:41:38.390 D/PlayNgbDealer( 2356): [TN_Binder_2]findPlayer index=0,findType=0,channelIndex=0
11-05 11:41:38.391 D/BasicPanel( 2492): [TN_GLThread 73]onBasicPanelChange isShow=false,isTitleFocus=true,isRight=true,animCmd=com.suma.midware.view.b.d.c@292869c6,rightBoard=1834.00,rightGas=40.0000,leftBoard=88.0000,xOffset=0.00000
11-05 11:41:38.391 D/PlayExcuter( 2492): [TN_ThreadUtil-2]dealStop task=[PlayDirectTask@3c8b8008]playTaskType[1]playType[0]playerType[-1]isEcmSet[false]playerIndex[0]tunerIndex[0]channel[[DirectChannel@32501b]channelID[0]oNetID[1]tsID[31]serviceID[3102]freq[371000]name[CCTV-1高清]serviceType[8]attr[8192]serialNum[1]serialNum4[1]pcrPID[49]refServiceID[-1]],curType=-1,playDealer=com.suma.midware.prop.play.b@2940147c
11-05 11:41:38.391 D/PlayNgbDealer( 2356): [TN_Binder_3]playStop index=0,stopType=0,stopMode=1,isEcmSet=false,isCaRelease=false,isStreamReset=true
11-05 11:41:38.391 D/PlayNgbDealer( 2356): [TN_Binder_3]findPlayer index=0,findType=0,channelIndex=0
11-05 11:41:38.391 D/BasicPanel( 2492): [TN_GLThread 73]onBasicPanelChange isShow=true,isTitleFocus=true,isRight=true,animCmd=com.suma.midware.view.b.d.c@292869c6,rightBoard=1863.00,rightGas=40.0000,leftBoard=88.0000,xOffset=0.00000
11-05 11:41:38.391 D/Media   ( 2356): ^^^^player setStopMode.
11-05 11:41:38.391 D/BasicPanel( 2492): [TN_GLThread 73]onBasicPanelChangeStart isShow:false:isRight:true:basicPanel:com.suma.midware.view.b.d.d@1de47414
11-05 11:41:38.391 V/SUMA    ( 1581): [NGBM] ngb_media_player_set_video_stop_mode enter !!! hplayer=0xff0000
11-05 11:41:38.391 V/SUMA    ( 1581): [NGBM] context_vplayer_ioctl leave. ret=0
11-05 11:41:38.391 V/SUMA    ( 1581): [NGBM] ngb_media_player_set_video_stop_mode leave hplayer=0xff0000 ret=0 mode=1
11-05 11:41:38.391 D/HomePanel( 2492): [TN_GLThread 73]onBasicPanelChange basicPanel=com.suma.midware.view.b.d.d@1de47414,isShow=false,isStart=true,isRight=true
11-05 11:41:38.391 I/System.out( 2356): [ERROR MediaSelectControlImpl] empty param stopping!
11-05 11:41:38.391 D/Media   ( 2356): ^^^^player stop.
11-05 11:41:38.391 D/HomePanel( 2492): [TN_GLThread 73]onBasicPanelChange basicPanelIndex=0,xOffset=0.00000
11-05 11:41:38.391 V/SUMA    ( 1581): [NGBM] ngb_media_player_stop enter !!! hplayer=0xff0000
11-05 11:41:38.391 V/SUMA    ( 1581): [VPLAYER 0xabcd0000] vplayer_stop() reentry! hvplayer=0xb430b900 vplayer->dec_status(0)=VPLAYER_DEC_STATUS_INIT 
11-05 11:41:38.391 V/SUMA    ( 1581): [NGBM] ngb_media_player_stop leave hplayer=0x00ff0000 ret=0
11-05 11:41:38.391 D/BasicPanel( 2492): [TN_GLThread 73]onBasicPanelChangeStart isShow:true:isRight:true:basicPanel:com.suma.midware.view.b.d.d@311bb4bd
11-05 11:41:38.391 D/HomePanel( 2492): [TN_GLThread 73]onBasicPanelChange basicPanel=com.suma.midware.view.b.d.d@311bb4bd,isShow=true,isStart=true,isRight=true
11-05 11:41:38.391 D/HomePanel( 2492): [TN_GLThread 73]onBasicPanelChange basicPanelIndex=1,xOffset=0.00000
11-05 11:41:38.391 W/BasicRootPanel( 2492): [TN_GLThread 73]changeBgAttr coverImgRes null
11-05 11:41:38.401 D/BasicFigure( 2492): [TN_GLThread 73]isDrawFocused relyElement=[BaseElement@3914159e]focusScale[1.15]elementAlpha[-1.0]refectAlpha[-1.0]isFocusAble[true]shadowIndex[-1]autoJumpType[-1]uniqueID[54resSize0]rect[NULL]
11-05 11:41:38.401 D/BasicFigure( 2492): [TN_GLThread 73]isDrawFocused basicFigure=com.suma.midware.view.b.c.c@257887f
11-05 11:41:38.402 D/BasicRootPanel( 2492): [TN_GLThread 73]getTVFigure curBasicPanel=com.suma.midware.view.b.d.d@311bb4bd
11-05 11:41:38.402 D/FixedRes( 2492): [TN_GLThread 73]getTVNoteTexture tvNoteType=3,tvNoteSubType=0
11-05 11:41:38.403 D/BasicPanel( 2492): [TN_GLThread 73]onBasicPanelChangeEnd isShow:false:isRight:true:basicPanel:com.suma.midware.view.b.d.d@1de47414
11-05 11:41:38.403 D/HomePanel( 2492): [TN_GLThread 73]onBasicPanelChange basicPanel=com.suma.midware.view.b.d.d@1de47414,isShow=false,isStart=false,isRight=true
11-05 11:41:38.403 D/HomePanel( 2492): [TN_GLThread 73]onBasicPanelChange basicPanelIndex=0,xOffset=0.00000
11-05 11:41:38.403 D/BasicPanel( 2492): [TN_GLThread 73]onBasicPanelChangeEnd isShow:true:isRight:true:basicPanel:com.suma.midware.view.b.d.d@311bb4bd
11-05 11:41:38.403 D/HomePanel( 2492): [TN_GLThread 73]onBasicPanelChange basicPanel=com.suma.midware.view.b.d.d@311bb4bd,isShow=true,isStart=false,isRight=true
11-05 11:41:38.403 D/HomePanel( 2492): [TN_GLThread 73]onBasicPanelChange basicPanelIndex=1,xOffset=0.00000
11-05 11:41:38.409 D/BasicFigure( 2492): [TN_GLThread 73]isDrawFocused relyElement=[BaseElement@3914159e]focusScale[1.15]elementAlpha[-1.0]refectAlpha[-1.0]isFocusAble[true]shadowIndex[-1]autoJumpType[-1]uniqueID[54resSize0]rect[NULL]
11-05 11:41:38.409 D/BasicFigure( 2492): [TN_GLThread 73]isDrawFocused basicFigure=com.suma.midware.view.b.c.c@257887f
11-05 11:41:38.421 D/BasicFigure( 2492): [TN_GLThread 73]isDrawFocused relyElement=[BaseElement@3914159e]focusScale[1.15]elementAlpha[-1.0]refectAlpha[-1.0]isFocusAble[true]shadowIndex[-1]autoJumpType[-1]uniqueID[54resSize0]rect[NULL]
11-05 11:41:38.421 D/BasicFigure( 2492): [TN_GLThread 73]isDrawFocused basicFigure=com.suma.midware.view.b.c.c@257887f
11-05 11:41:38.576 D/ir_user ( 1585): PlayerTimeLineTrace:linux_keycode:0x6a(UP),	protocol: .
11-05 11:41:38.576 V/PT      ( 1581): >>INFO:irkey_task:[    4361.528174] /dev/input/event0: type=0001 code=006a val=00000000
11-05 11:41:38.576 V/PT      ( 1581): >>INFO:irkey_send:0x3001 0x0027 up  
11-05 11:41:38.576 V/SUMA    ( 1581): ++++++++++++++  _roc_evtmgr_key_cbk 517:input = 12289, event=39, act=0x400
11-05 11:41:38.577 V/SUMA    ( 1581): lxm:_roc_evtmgr_key_cbk 519 4361528
11-05 11:41:38.577 V/SUMA    ( 1581): lxm:_roc_evtmgr_add_key_into_queue 311 4361528
11-05 11:41:38.577 V/PT      ( 1581): >>INFO:irkey_task:[    4361.528174] /dev/input/event0: type=0000 code=0000 val=00000000
11-05 11:41:38.577 V/SUMA    ( 1581): ===================>> type=0 src=0 evt=39 act=0x400
11-05 11:41:38.577 V/SUMA    ( 1581): [sysset-s][event_manager_cbk 78]lxm cbid=1, cbk_reg=1, cpid=2451
11-05 11:41:38.577 D/NGBEvent( 2451): ngbEventCallBack type:0 source :39
11-05 11:41:38.577 D/NGBEvent( 2451): [NGBEventManager-JNI]-returning:1
11-05 11:41:38.577 D/NGBEvent( 2451): Input key event: keyCode=39
11-05 11:41:38.577 D/NGBEvent( 2451): src:39 = dest:39
11-05 11:41:38.577 I/System.out( 2451): [DEBUG EventManager] LWJ--Add event to java with evt=NgbEvent-[type = 1, subtype = 402, code = 39]
11-05 11:41:38.578 D/NGBEvent( 2451): [NGBEvent_log]--[EventManager--JNI]:		start
11-05 11:41:38.578 I/System.out( 2451): [DEBUG EventManager] broadcastEvent  :len 1
11-05 11:41:38.578 D/RemoteIME( 2321): RemoteIME--> onKeyUp keyCode = 22
11-05 11:41:38.578 D/KeyEventNgbDealer( 2451): [TN_pool-1-thread-1]handleKeyReleased keyEvent=NgbEvent-[type = 1, subtype = 402, code = 39],time=4361530
11-05 11:41:38.579 D/Main3DActivity( 2492): [TN_main]dispatchKeyEvent event=KeyEvent { action=ACTION_UP, keyCode=KEYCODE_DPAD_RIGHT, scanCode=106, metaState=0, flags=0x8, repeatCount=0, eventTime=4361528, downTime=4361330, deviceId=3, source=0x701 },isEventAble=true
11-05 11:41:38.630 D/ir_user ( 1585): PlayerTimeLineTrace:linux_keycode:0x6a(DOWN),	protocol: .
11-05 11:41:38.630 V/PT      ( 1581): >>INFO:irkey_task:[    4361.582466] /dev/input/event0: type=0001 code=006a val=00000001
11-05 11:41:38.631 V/PT      ( 1581): >>INFO:irkey_send:0x3001 0x0027 down
11-05 11:41:38.631 V/SUMA    ( 1581): ++++++++++++++  _roc_evtmgr_key_cbk 517:input = 12289, event=39, act=0x100
11-05 11:41:38.631 V/SUMA    ( 1581): lxm:_roc_evtmgr_key_cbk 519 4361582
11-05 11:41:38.631 V/SUMA    ( 1581): lxm:_roc_evtmgr_add_evt_into_queue 347 4361582
11-05 11:41:38.631 V/PT      ( 1581): >>INFO:irkey_task:[    4361.582466] /dev/input/event0: type=0000 code=0000 val=00000000
11-05 11:41:38.631 V/SUMA    ( 1581): ===================>> type=0 src=0 evt=39 act=0x100
11-05 11:41:38.631 V/SUMA    ( 1581): [sysset-s][event_manager_cbk 78]lxm cbid=1, cbk_reg=1, cpid=2451
11-05 11:41:38.631 D/NGBEvent( 2451): ngbEventCallBack type:0 source :39
11-05 11:41:38.631 D/NGBEvent( 2451): [NGBEventManager-JNI]-returning:1
11-05 11:41:38.631 D/NGBEvent( 2451): Input key event: keyCode=39
11-05 11:41:38.631 D/NGBEvent( 2451): src:39 = dest:39
11-05 11:41:38.631 I/System.out( 2451): [DEBUG EventManager] LWJ--Add event to java with evt=NgbEvent-[type = 1, subtype = 401, code = 39]
11-05 11:41:38.631 D/NGBEvent( 2451): [NGBEvent_log]--[EventManager--JNI]:		start
11-05 11:41:38.631 I/System.out( 2451): [DEBUG EventManager] broadcastEvent  :len 1
11-05 11:41:38.631 D/CombineKeyUtil( 2451): [TN_pool-1-thread-1]dealKeyEvent,combineIndex:-1:keyCode:22
11-05 11:41:38.631 D/KeyEventNgbDealer( 2451): [TN_pool-1-thread-1]handleKeyPressed keyEvent=NgbEvent-[type = 1, subtype = 401, code = 39],time=4361583
11-05 11:41:38.631 D/RemoteIME( 2321): onKeyDown event = KeyEvent { action=ACTION_DOWN, keyCode=KEYCODE_DPAD_RIGHT, scanCode=106, metaState=0, flags=0x8, repeatCount=0, eventTime=4361582, downTime=4361582, deviceId=3, source=0x701 },mSkbContainer=com.amlogic.inputmethod.remote.SkbContainer{6622968 VFE..... .F....ID 0,0-1280,300}
11-05 11:41:38.632 D/Main3DActivity( 2492): [TN_main]dispatchKeyEvent event=KeyEvent { action=ACTION_DOWN, keyCode=KEYCODE_DPAD_RIGHT, scanCode=106, metaState=0, flags=0x8, repeatCount=0, eventTime=4361582, downTime=4361582, deviceId=3, source=0x701 },isEventAble=true
11-05 11:41:38.632 D/InputEventConsistencyVerifier( 2492): KeyEvent: ACTION_DOWN but key is already down and this event is not a key repeat.
11-05 11:41:38.632 D/InputEventConsistencyVerifier( 2492):   in com.android.internal.policy.impl.PhoneWindow$DecorView{1667699c V.E..... R.....I. 0,0-1280,720}
11-05 11:41:38.632 D/InputEventConsistencyVerifier( 2492):   0: sent at 4361582000000, KeyEvent { action=ACTION_DOWN, keyCode=KEYCODE_DPAD_RIGHT, scanCode=106, metaState=0, flags=0x8, repeatCount=0, eventTime=4361582, downTime=4361582, deviceId=3, source=0x701 }
11-05 11:41:38.632 D/InputEventConsistencyVerifier( 2492):   -- recent events --
11-05 11:41:38.632 D/InputEventConsistencyVerifier( 2492):   1: sent at 4361330000000, KeyEvent { action=ACTION_DOWN, keyCode=KEYCODE_DPAD_RIGHT, scanCode=106, metaState=0, flags=0x80000008, repeatCount=0, eventTime=4361330, downTime=4361330, deviceId=3, source=0x701 }
11-05 11:41:38.632 D/InputEventConsistencyVerifier( 2492):   2: sent at 4360924000000, KeyEvent { action=ACTION_DOWN, keyCode=KEYCODE_DPAD_UP, scanCode=103, metaState=0, flags=0x80000008, repeatCount=0, eventTime=4360924, downTime=4360924, deviceId=3, source=0x701 }
11-05 11:41:38.632 D/InputEventConsistencyVerifier( 2492):   3: sent at 4251916000000, KeyEvent { action=ACTION_DOWN, keyCode=KEYCODE_DPAD_CENTER, scanCode=28, metaState=0, flags=0x80000008, repeatCount=0, eventTime=4251916, downTime=4251916, deviceId=3, source=0x701 }
11-05 11:41:38.632 D/InputEventConsistencyVerifier( 2492):   4: sent at 4251539000000, KeyEvent { action=ACTION_DOWN, keyCode=KEYCODE_DPAD_RIGHT, scanCode=106, metaState=0, flags=0x80000008, repeatCount=0, eventTime=4251539, downTime=4251539, deviceId=3, source=0x701 }
11-05 11:41:38.632 D/InputEventConsistencyVerifier( 2492):   5: sent at 4250664000000, KeyEvent { action=ACTION_DOWN, keyCode=KEYCODE_DPAD_RIGHT, scanCode=106, metaState=0, flags=0x80000008, repeatCount=0, eventTime=4250664, downTime=4250664, deviceId=3, source=0x701 }
11-05 11:41:38.632 D/BasicRootView( 2492): [TN_main]dispatchKeyEvent event=KeyEvent { action=ACTION_DOWN, keyCode=KEYCODE_DPAD_RIGHT, scanCode=106, metaState=0, flags=0x80000008, repeatCount=0, eventTime=4361582, downTime=4361582, deviceId=3, source=0x701 },curRootPanel=com.suma.midware.home.third.a.a@c42406f
11-05 11:41:38.632 D/GLRootRenderer( 2492): dispatchKeyEvent event:KeyEvent { action=ACTION_DOWN, keyCode=KEYCODE_DPAD_RIGHT, scanCode=106, metaState=0, flags=0x80000008, repeatCount=0, eventTime=4361582, downTime=4361582, deviceId=3, source=0x701 }:lastKeyCode:22:lastKeyAction:0:lastkeycount:0:size:0
11-05 11:41:38.632 D/Scene   ( 2492): dispatchKeyEvent event:KeyEvent { action=ACTION_DOWN, keyCode=KEYCODE_DPAD_RIGHT, scanCode=106, metaState=0, flags=0x80000008, repeatCount=0, eventTime=4361582, downTime=4361582, deviceId=3, source=0x701 }
11-05 11:41:38.632 D/Scene   ( 2492): dispatchKeyEvent currentFocus = com.suma.midware.view.b.d.b@a93cb1e
11-05 11:41:38.632 D/Scene   ( 2492): dispatchKeyEvent nextFocus:null
11-05 11:41:38.632 D/BasicColumn( 2492): [TN_GLThread 73]dealKeyEvent event=KeyEvent { action=ACTION_DOWN, keyCode=KEYCODE_DPAD_RIGHT, scanCode=106, metaState=0, flags=0x80000008, repeatCount=0, eventTime=4361582, downTime=4361582, deviceId=3, source=0x701 }
11-05 11:41:38.632 D/BasicColumn( 2492): [TN_GLThread 73]movePanelFocus index=1,nextIndex=2
11-05 11:41:38.632 E/BasicColumn( 2492): [TN_GLThread 73]dealPanelAnim illegal size=7,moveDistance=0
11-05 11:41:38.633 D/FixedRes( 2492): [TN_GLThread 73]getNineImgRes nineImgSize=2
11-05 11:41:38.634 D/BasicColumn( 2492): [TN_GLThread 73]dealFocusAnim x=-171.000,y=10.0000,scaleX=0.940075,scaleY=1.00000
11-05 11:41:38.634 D/HomePanel( 2492): [TN_GLThread 73]switchBasicPanel index=1,nextIndex=2,isTitleFocus=true
11-05 11:41:38.634 D/BasicPanel( 2492): [TN_GLThread 73]onBasicPanelChange isShow=false,isTitleFocus=true,isRight=true,animCmd=com.suma.midware.view.b.d.c@2b938d87,rightBoard=1863.00,rightGas=40.0000,leftBoard=88.0000,xOffset=0.00000
11-05 11:41:38.634 D/BasicPanel( 2492): [TN_GLThread 73]onBasicPanelChange isShow=true,isTitleFocus=true,isRight=true,animCmd=com.suma.midware.view.b.d.c@2b938d87,rightBoard=1831.00,rightGas=40.0000,leftBoard=88.0000,xOffset=0.00000
11-05 11:41:38.634 D/BasicPanel( 2492): [TN_GLThread 73]onBasicPanelChangeStart isShow:false:isRight:true:basicPanel:com.suma.midware.view.b.d.d@311bb4bd
11-05 11:41:38.634 D/HomePanel( 2492): [TN_GLThread 73]onBasicPanelChange basicPanel=com.suma.midware.view.b.d.d@311bb4bd,isShow=false,isStart=true,isRight=true
11-05 11:41:38.635 D/HomePanel( 2492): [TN_GLThread 73]onBasicPanelChange basicPanelIndex=1,xOffset=0.00000
11-05 11:41:38.635 D/BasicPanel( 2492): [TN_GLThread 73]onBasicPanelChangeStart isShow:true:isRight:true:basicPanel:com.suma.midware.view.b.d.d@210bbab2
11-05 11:41:38.635 D/HomePanel( 2492): [TN_GLThread 73]onBasicPanelChange basicPanel=com.suma.midware.view.b.d.d@210bbab2,isShow=true,isStart=true,isRight=true
11-05 11:41:38.635 D/HomePanel( 2492): [TN_GLThread 73]onBasicPanelChange basicPanelIndex=2,xOffset=0.00000
11-05 11:41:38.635 W/BasicRootPanel( 2492): [TN_GLThread 73]changeBgAttr coverImgRes null
11-05 11:41:38.642 D/BasicFigure( 2492): [TN_GLThread 73]isDrawFocused relyElement=[BaseElement@3914159e]focusScale[1.15]elementAlpha[-1.0]refectAlpha[-1.0]isFocusAble[true]shadowIndex[-1]autoJumpType[-1]uniqueID[54resSize0]rect[NULL]
11-05 11:41:38.642 D/BasicFigure( 2492): [TN_GLThread 73]isDrawFocused basicFigure=com.suma.midware.view.b.c.c@257887f
11-05 11:41:38.652 D/BasicFigure( 2492): [TN_GLThread 73]isDrawFocused relyElement=[BaseElement@3914159e]focusScale[1.15]elementAlpha[-1.0]refectAlpha[-1.0]isFocusAble[true]shadowIndex[-1]autoJumpType[-1]uniqueID[54resSize0]rect[NULL]
11-05 11:41:38.652 D/BasicFigure( 2492): [TN_GLThread 73]isDrawFocused basicFigure=com.suma.midware.view.b.c.c@257887f
11-05 11:41:38.664 D/BasicFigure( 2492): [TN_GLThread 73]isDrawFocused relyElement=[BaseElement@3914159e]focusScale[1.15]elementAlpha[-1.0]refectAlpha[-1.0]isFocusAble[true]shadowIndex[-1]autoJumpType[-1]uniqueID[54resSize0]rect[NULL]
11-05 11:41:38.664 D/BasicFigure( 2492): [TN_GLThread 73]isDrawFocused basicFigure=com.suma.midware.view.b.c.c@257887f
11-05 11:41:38.678 D/BasicFigure( 2492): [TN_GLThread 73]isDrawFocused relyElement=[BaseElement@3914159e]focusScale[1.15]elementAlpha[-1.0]refectAlpha[-1.0]isFocusAble[true]shadowIndex[-1]autoJumpType[-1]uniqueID[54resSize0]rect[NULL]
11-05 11:41:38.678 D/BasicFigure( 2492): [TN_GLThread 73]isDrawFocused basicFigure=com.suma.midware.view.b.c.c@257887f
11-05 11:41:38.698 D/BasicFigure( 2492): [TN_GLThread 73]isDrawFocused relyElement=[BaseElement@3914159e]focusScale[1.15]elementAlpha[-1.0]refectAlpha[-1.0]isFocusAble[true]shadowIndex[-1]autoJumpType[-1]uniqueID[54resSize0]rect[NULL]
11-05 11:41:38.698 D/BasicFigure( 2492): [TN_GLThread 73]isDrawFocused basicFigure=com.suma.midware.view.b.c.c@257887f
11-05 11:41:38.704 D/BasicPanel( 2492): [TN_GLThread 73]onBasicPanelChangeEnd isShow:false:isRight:true:basicPanel:com.suma.midware.view.b.d.d@311bb4bd
11-05 11:41:38.704 D/HomePanel( 2492): [TN_GLThread 73]onBasicPanelChange basicPanel=com.suma.midware.view.b.d.d@311bb4bd,isShow=false,isStart=false,isRight=true
11-05 11:41:38.704 D/HomePanel( 2492): [TN_GLThread 73]onBasicPanelChange basicPanelIndex=1,xOffset=0.00000
11-05 11:41:38.704 D/BasicPanel( 2492): [TN_GLThread 73]onBasicPanelChangeEnd isShow:true:isRight:true:basicPanel:com.suma.midware.view.b.d.d@210bbab2
11-05 11:41:38.704 D/HomePanel( 2492): [TN_GLThread 73]onBasicPanelChange basicPanel=com.suma.midware.view.b.d.d@210bbab2,isShow=true,isStart=false,isRight=true
11-05 11:41:38.704 D/HomePanel( 2492): [TN_GLThread 73]onBasicPanelChange basicPanelIndex=2,xOffset=0.00000
11-05 11:41:38.711 D/BasicFigure( 2492): [TN_GLThread 73]isDrawFocused relyElement=[BaseElement@3914159e]focusScale[1.15]elementAlpha[-1.0]refectAlpha[-1.0]isFocusAble[true]shadowIndex[-1]autoJumpType[-1]uniqueID[54resSize0]rect[NULL]
11-05 11:41:38.711 D/BasicFigure( 2492): [TN_GLThread 73]isDrawFocused basicFigure=com.suma.midware.view.b.c.c@257887f
11-05 11:41:38.732 D/BasicFigure( 2492): [TN_GLThread 73]isDrawFocused relyElement=[BaseElement@3914159e]focusScale[1.15]elementAlpha[-1.0]refectAlpha[-1.0]isFocusAble[true]shadowIndex[-1]autoJumpType[-1]uniqueID[54resSize0]rect[NULL]
11-05 11:41:38.732 D/BasicFigure( 2492): [TN_GLThread 73]isDrawFocused basicFigure=com.suma.midware.view.b.c.c@257887f
11-05 11:41:38.757 D/BasicFigure( 2492): [TN_GLThread 73]isDrawFocused relyElement=[BaseElement@3914159e]focusScale[1.15]elementAlpha[-1.0]refectAlpha[-1.0]isFocusAble[true]shadowIndex[-1]autoJumpType[-1]uniqueID[54resSize0]rect[NULL]
11-05 11:41:38.757 D/BasicFigure( 2492): [TN_GLThread 73]isDrawFocused basicFigure=com.suma.midware.view.b.c.c@257887f
11-05 11:41:38.768 D/BasicFigure( 2492): [TN_GLThread 73]isDrawFocused relyElement=[BaseElement@3914159e]focusScale[1.15]elementAlpha[-1.0]refectAlpha[-1.0]isFocusAble[true]shadowIndex[-1]autoJumpType[-1]uniqueID[54resSize0]rect[NULL]
11-05 11:41:38.768 D/BasicFigure( 2492): [TN_GLThread 73]isDrawFocused basicFigure=com.suma.midware.view.b.c.c@257887f
11-05 11:41:38.778 D/BasicFigure( 2492): [TN_GLThread 73]isDrawFocused relyElement=[BaseElement@3914159e]focusScale[1.15]elementAlpha[-1.0]refectAlpha[-1.0]isFocusAble[true]shadowIndex[-1]autoJumpType[-1]uniqueID[54resSize0]rect[NULL]
11-05 11:41:38.778 D/BasicFigure( 2492): [TN_GLThread 73]isDrawFocused basicFigure=com.suma.midware.view.b.c.c@257887f
11-05 11:41:38.788 D/BasicFigure( 2492): [TN_GLThread 73]isDrawFocused relyElement=[BaseElement@3914159e]focusScale[1.15]elementAlpha[-1.0]refectAlpha[-1.0]isFocusAble[true]shadowIndex[-1]autoJumpType[-1]uniqueID[54resSize0]rect[NULL]
11-05 11:41:38.788 D/BasicFigure( 2492): [TN_GLThread 73]isDrawFocused basicFigure=com.suma.midware.view.b.c.c@257887f
11-05 11:41:38.789 D/BackBootDealerNeimeng( 2356): standbyState:
11-05 11:41:38.789 E/NetUtils( 2019): Interface eth0 LinkDown!
11-05 11:41:38.948 V/PT      ( 1581): >>INFO:irkey_task:[    4361.900004] /dev/input/event0: type=0001 code=006a val=00000000
11-05 11:41:38.948 V/PT      ( 1581): >>INFO:irkey_send:0x3001 0x0027 up  
11-05 11:41:38.948 V/SUMA    ( 1581): ++++++++++++++  _roc_evtmgr_key_cbk 517:input = 12289, event=39, act=0x400
11-05 11:41:38.948 V/SUMA    ( 1581): lxm:_roc_evtmgr_key_cbk 519 4361900
11-05 11:41:38.948 V/SUMA    ( 1581): lxm:_roc_evtmgr_add_key_into_queue 311 4361900
11-05 11:41:38.949 V/PT      ( 1581): >>INFO:irkey_task:[    4361.900004] /dev/input/event0: type=0000 code=0000 val=00000000
11-05 11:41:38.949 V/SUMA    ( 1581): ===================>> type=0 src=0 evt=39 act=0x400
11-05 11:41:38.949 V/SUMA    ( 1581): [sysset-s][event_manager_cbk 78]lxm cbid=1, cbk_reg=1, cpid=2451
11-05 11:41:38.949 D/NGBEvent( 2451): ngbEventCallBack type:0 source :39
11-05 11:41:38.949 D/NGBEvent( 2451): [NGBEventManager-JNI]-returning:1
11-05 11:41:38.949 D/NGBEvent( 2451): Input key event: keyCode=39
11-05 11:41:38.949 D/NGBEvent( 2451): src:39 = dest:39
11-05 11:41:38.949 I/System.out( 2451): [DEBUG EventManager] LWJ--Add event to java with evt=NgbEvent-[type = 1, subtype = 402, code = 39]
11-05 11:41:38.949 D/NGBEvent( 2451): [NGBEvent_log]--[EventManager--JNI]:		start
11-05 11:41:38.950 D/RemoteIME( 2321): RemoteIME--> onKeyUp keyCode = 22
11-05 11:41:38.950 I/System.out( 2451): [DEBUG EventManager] broadcastEvent  :len 1
11-05 11:41:38.950 D/KeyEventNgbDealer( 2451): [TN_pool-1-thread-1]handleKeyReleased keyEvent=NgbEvent-[type = 1, subtype = 402, code = 39],time=4361901
11-05 11:41:38.950 D/ir_user ( 1585): PlayerTimeLineTrace:linux_keycode:0x6a(UP),	protocol: .
11-05 11:41:38.950 D/Main3DActivity( 2492): [TN_main]dispatchKeyEvent event=KeyEvent { action=ACTION_UP, keyCode=KEYCODE_DPAD_RIGHT, scanCode=106, metaState=0, flags=0x8, repeatCount=0, eventTime=4361900, downTime=4361582, deviceId=3, source=0x701 },isEventAble=true
11-05 11:41:39.046 D/ir_user ( 1585): PlayerTimeLineTrace:linux_keycode:0x6a(DOWN),	protocol: .
11-05 11:41:39.046 V/PT      ( 1581): >>INFO:irkey_task:[    4361.998443] /dev/input/event0: type=0001 code=006a val=00000001
11-05 11:41:39.046 V/PT      ( 1581): >>INFO:irkey_send:0x3001 0x0027 down
11-05 11:41:39.047 V/SUMA    ( 1581): ++++++++++++++  _roc_evtmgr_key_cbk 517:input = 12289, event=39, act=0x100
11-05 11:41:39.047 V/SUMA    ( 1581): lxm:_roc_evtmgr_key_cbk 519 4361998
11-05 11:41:39.047 V/SUMA    ( 1581): lxm:_roc_evtmgr_add_evt_into_queue 347 4361998
11-05 11:41:39.047 V/PT      ( 1581): >>INFO:irkey_task:[    4361.998443] /dev/input/event0: type=0000 code=0000 val=00000000
11-05 11:41:39.047 V/SUMA    ( 1581): ===================>> type=0 src=0 evt=39 act=0x100
11-05 11:41:39.047 V/SUMA    ( 1581): [sysset-s][event_manager_cbk 78]lxm cbid=1, cbk_reg=1, cpid=2451
11-05 11:41:39.047 D/NGBEvent( 2451): ngbEventCallBack type:0 source :39
11-05 11:41:39.047 D/NGBEvent( 2451): [NGBEventManager-JNI]-returning:1
11-05 11:41:39.047 D/NGBEvent( 2451): Input key event: keyCode=39
11-05 11:41:39.047 D/NGBEvent( 2451): src:39 = dest:39
11-05 11:41:39.047 I/System.out( 2451): [DEBUG EventManager] LWJ--Add event to java with evt=NgbEvent-[type = 1, subtype = 401, code = 39]
11-05 11:41:39.047 D/NGBEvent( 2451): [NGBEvent_log]--[EventManager--JNI]:		start
11-05 11:41:39.047 I/System.out( 2451): [DEBUG EventManager] broadcastEvent  :len 1
11-05 11:41:39.047 D/CombineKeyUtil( 2451): [TN_pool-1-thread-1]dealKeyEvent,combineIndex:-1:keyCode:22
11-05 11:41:39.047 D/KeyEventNgbDealer( 2451): [TN_pool-1-thread-1]handleKeyPressed keyEvent=NgbEvent-[type = 1, subtype = 401, code = 39],time=4361999
11-05 11:41:39.047 D/RemoteIME( 2321): onKeyDown event = KeyEvent { action=ACTION_DOWN, keyCode=KEYCODE_DPAD_RIGHT, scanCode=106, metaState=0, flags=0x8, repeatCount=0, eventTime=4361998, downTime=4361998, deviceId=3, source=0x701 },mSkbContainer=com.amlogic.inputmethod.remote.SkbContainer{6622968 VFE..... .F....ID 0,0-1280,300}
11-05 11:41:39.048 D/Main3DActivity( 2492): [TN_main]dispatchKeyEvent event=KeyEvent { action=ACTION_DOWN, keyCode=KEYCODE_DPAD_RIGHT, scanCode=106, metaState=0, flags=0x8, repeatCount=0, eventTime=4361998, downTime=4361998, deviceId=3, source=0x701 },isEventAble=true
11-05 11:41:39.048 D/InputEventConsistencyVerifier( 2492): KeyEvent: ACTION_DOWN but key is already down and this event is not a key repeat.
11-05 11:41:39.048 D/InputEventConsistencyVerifier( 2492):   in com.android.internal.policy.impl.PhoneWindow$DecorView{1667699c V.E..... R.....I. 0,0-1280,720}
11-05 11:41:39.048 D/InputEventConsistencyVerifier( 2492):   0: sent at 4361998000000, KeyEvent { action=ACTION_DOWN, keyCode=KEYCODE_DPAD_RIGHT, scanCode=106, metaState=0, flags=0x8, repeatCount=0, eventTime=4361998, downTime=4361998, deviceId=3, source=0x701 }
11-05 11:41:39.048 D/InputEventConsistencyVerifier( 2492):   -- recent events --
11-05 11:41:39.048 D/InputEventConsistencyVerifier( 2492):   1: sent at 4361582000000, KeyEvent { action=ACTION_DOWN, keyCode=KEYCODE_DPAD_RIGHT, scanCode=106, metaState=0, flags=0x80000008, repeatCount=0, eventTime=4361582, downTime=4361582, deviceId=3, source=0x701 }
11-05 11:41:39.048 D/InputEventConsistencyVerifier( 2492):   2: sent at 4361330000000, KeyEvent { action=ACTION_DOWN, keyCode=KEYCODE_DPAD_RIGHT, scanCode=106, metaState=0, flags=0x80000008, repeatCount=0, eventTime=4361330, downTime=4361330, deviceId=3, source=0x701 }
11-05 11:41:39.048 D/InputEventConsistencyVerifier( 2492):   3: sent at 4360924000000, KeyEvent { action=ACTION_DOWN, keyCode=KEYCODE_DPAD_UP, scanCode=103, metaState=0, flags=0x80000008, repeatCount=0, eventTime=4360924, downTime=4360924, deviceId=3, source=0x701 }
11-05 11:41:39.048 D/InputEventConsistencyVerifier( 2492):   4: sent at 4251916000000, KeyEvent { action=ACTION_DOWN, keyCode=KEYCODE_DPAD_CENTER, scanCode=28, metaState=0, flags=0x80000008, repeatCount=0, eventTime=4251916, downTime=4251916, deviceId=3, source=0x701 }
