11-06 14:14:33.862 E/WifiAutoJoinController ( 2021): WLGS 1c:fa:68:05:a3:5a rssi=-75 cap [WPA-PSK-CCMP][WPA2-PSK-CCMP][WPS][ESS] is not scored
11-06 14:14:33.862 E/WifiAutoJoinController ( 2021): GDWL 86:79:73:27:8c:27 rssi=-76 cap [WPA-PSK-CCMP][WPA2-PSK-CCMP][ESS] is not scored
11-06 14:14:33.862 E/WifiAutoJoinController ( 2021): GDWL 86:79:73:27:8c:1d rssi=-75 cap [WPA-PSK-CCMP][WPA2-PSK-CCMP][ESS] is not scored
11-06 14:14:33.862 E/WifiAutoJoinController ( 2021): GDWL 86:79:73:27:8c:23 rssi=-76 cap [WPA-PSK-CCMP][WPA2-PSK-CCMP][ESS] is not scored
11-06 14:14:33.863 E/WifiAutoJoinController ( 2021): 影视娱乐频道 24:69:68:79:91:8a rssi=-77 cap [WPA-PSK-CCMP][WPA2-PSK-CCMP][ESS] is not scored
11-06 14:14:33.863 E/WifiAutoJoinController ( 2021): CMCC 06:11:b5:17:bd:d5 rssi=-74 cap [WPA-EAP-CCMP+TKIP][WPA2-EAP-CCMP+TKIP][ESS] is not scored
11-06 14:14:33.863 E/WifiAutoJoinController ( 2021):  84:79:73:27:8c:19 rssi=-38 cap [WEP][ESS] is not scored
11-06 14:14:33.863 E/WifiAutoJoinController ( 2021):  84:79:73:27:8c:0d rssi=-52 cap [WEP][ESS] is not scored
11-06 14:14:33.863 E/WifiAutoJoinController ( 2021):  84:79:73:27:8c:11 rssi=-66 cap [WEP][ESS] is not scored
11-06 14:14:33.863 E/WifiAutoJoinController ( 2021):  84:79:73:27:8c:1d rssi=-74 cap [WEP][ESS] is not scored
11-06 14:14:33.863 E/WifiAutoJoinController ( 2021):  84:79:73:27:87:8f rssi=-74 cap [WEP][ESS] is not scored
11-06 14:14:33.863 E/WifiAutoJoinController ( 2021):  84:79:73:27:8c:23 rssi=-76 cap [WEP][ESS] is not scored
11-06 14:14:33.863 E/WifiAutoJoinController ( 2021): MERCURY_EDE4 e4:f3:f5:6a:ed:e4 rssi=-52 cap [ESS] is not scored
11-06 14:14:33.864 E/WifiAutoJoinController ( 2021): and-Business 0a:64:c7:2d:cc:89 rssi=-78 cap [ESS] is not scored
11-06 14:14:33.864 E/WifiAutoJoinController ( 2021): CMCC-family 0a:11:b5:17:bd:d5 rssi=-76 cap [ESS] is not scored
11-06 14:14:33.864 E/WifiAutoJoinController ( 2021): CMCC-WEB 00:11:b5:17:bd:d5 rssi=-74 cap [ESS] is not scored
11-06 14:14:33.864 E/WifiAutoJoinController ( 2021): and-Business 0e:11:b5:17:bd:d5 rssi=-76 cap [ESS] is not scored
11-06 14:14:33.864 E/WifiAutoJoinController ( 2021):  1c:60:de:81:25:2c rssi=-80 cap [WPA-PSK-CCMP][WPA2-PSK-CCMP][ESS] is not scored
11-06 14:14:33.864 E/WifiAutoJoinController ( 2021):  84:79:73:27:8c:13 rssi=-71 cap [WEP][ESS] is not scored
11-06 14:14:33.864 E/WifiAutoJoinController ( 2021): TOTOLINK_2feec4 f4:28:53:2f:ee:c4 rssi=-80 cap [WPA-PSK-CCMP+TKIP][WPA2-PSK-CCMP+TKIP][WPS][ESS] is not scored
11-06 14:14:33.864 E/WifiAutoJoinController ( 2021): ageScanResultsOut delay 40000 size 32 now 1509948873864
11-06 14:14:33.864 E/WifiAutoJoinController ( 2021): newSupplicantResults size=32 known=8 true
11-06 14:14:33.865 E/WifiAutoJoinController ( 2021): attemptAutoJoin() status=bssid=78:11:dc:10:d5:2d
11-06 14:14:33.865 E/WifiAutoJoinController ( 2021): freq=2412
11-06 14:14:33.865 E/WifiAutoJoinController ( 2021): ssid=Xiaomi_D52C
11-06 14:14:33.865 E/WifiAutoJoinController ( 2021): id=3
11-06 14:14:33.865 E/WifiAutoJoinController ( 2021): mode=station
11-06 14:14:33.865 E/WifiAutoJoinController ( 2021): pairwise_cipher=CCMP
11-06 14:14:33.865 E/WifiAutoJoinController ( 2021): group_cipher=TKIP
11-06 14:14:33.865 E/WifiAutoJoinController ( 2021): key_mgmt=WPA2-PSK
11-06 14:14:33.865 E/WifiAutoJoinController ( 2021): wpa_state=COMPLETED
11-06 14:14:33.865 E/WifiAutoJoinController ( 2021): ip_address=192.168.31.115
11-06 14:14:33.865 E/WifiAutoJoinController ( 2021): p2p_device_address=0e:62:a6:0c:0f:b2
11-06 14:14:33.865 E/WifiAutoJoinController ( 2021): address=0c:62:a6:0c:0f:b2
11-06 14:14:33.865 E/WifiAutoJoinController ( 2021): uuid=de43a986-3647-5398-876d-b6752834d7e7 split=13
11-06 14:14:33.865 E/WifiAutoJoinController ( 2021): attemptAutoJoin() num recent config 2 current="Xiaomi_D52C"WPA_PSK ---> suppNetId=3
11-06 14:14:33.865 E/WifiAutoJoinController ( 2021): attemptAutoJoin good candidate seen, bumped hard -> status=0 "Xiaomi_D52C"WPA_PSK rssi=(-18,-127) num=(1,0)
11-06 14:14:33.865 E/WifiAutoJoinController ( 2021): attemptAutoJoin skip current candidate  3 key "Xiaomi_D52C"WPA_PSK
11-06 14:14:33.865 E/WifiAutoJoinController ( 2021): attemptAutoJoin good candidate seen, bumped hard -> status=0 "GDWL"WPA_PSK rssi=(-38,-127) num=(8,0)
11-06 14:14:33.865 E/WifiAutoJoinController ( 2021): attemptAutoJoin trying id=2 "GDWL"WPA_PSK status=0
11-06 14:14:33.865 E/WifiAutoJoinController ( 2021): compareNetwork will compare "GDWL"WPA_PSK with current "Xiaomi_D52C"WPA_PSK
11-06 14:14:33.865 E/WifiAutoJoinController ( 2021):     compareWifiConfigurationsRSSI: "Xiaomi_D52C"WPA_PSK rssi=-18,-127 boost=25 "GDWL"WPA_PSK rssi=-38,-127 boost=0
11-06 14:14:33.865 E/WifiAutoJoinController ( 2021):         "Xiaomi_D52C"WPA_PSK is5=false score=7 "GDWL"WPA_PSK is5=false score=-38
11-06 14:14:33.865 E/WifiAutoJoinController ( 2021):     compareWifiConfigurationsRSSI "Xiaomi_D52C"WPA_PSK rssi=(-18,-127) num=(1,0) > "GDWL"WPA_PSK rssi=(-38,-127) num=(8,0) -> -45
11-06 14:14:33.865 E/WifiAutoJoinController ( 2021): compareWifiConfigurations: "Xiaomi_D52C"WPA_PSK > "GDWL"WPA_PSK order -45
11-06 14:14:33.865 E/WifiAutoJoinController ( 2021): attemptAutoJoin networkSwitching candidate "GDWL"WPA_PSK with current "Xiaomi_D52C"WPA_PSK linked=false : delta=-45  -> not switching
11-06 14:14:33.865 E/WifiAutoJoinController ( 2021): attemptRoam: "Xiaomi_D52C"WPA_PSK Found 78:11:dc:10:d5:2d rssi=-18 freq=2412 Current: 78:11:dc:10:d5:2d
11-06 14:14:33.865 E/WifiAutoJoinController ( 2021): Done attemptAutoJoin status=0
11-06 14:14:34.343 D/BackBootDealerNeimeng( 2355): standbyState:
11-06 14:14:34.344 E/NetUtils( 2021): Interface eth0 LinkDown!
11-06 14:14:34.808 W/ContextImpl( 2355): Calling a method in the system process without a qualified user: android.app.ContextImpl.sendBroadcast:1345 android.content.ContextWrapper.sendBroadcast:377 com.suma.midware.back.esg.e.f:-1 com.suma.midware.back.esg.f.run:-1 com.suma.midware.prop.util.c.run:-1 
11-06 14:14:34.844 D/BackBootDealerNeimeng( 2355): standbyState:
11-06 14:14:34.845 E/NetUtils( 2021): Interface eth0 LinkDown!
11-06 14:14:34.861 D/PlayActivity( 2794): deal esg receiver,msg:[EsgOuterMsg@ee1d8f]dealType[2]adType[-1]isRequest[false]ads[[[Advertisment@1dfe581c]category[1]version[0]profile[2]group[[GroupProperty@5cc3c25]associateType[3]groupIDs[len:10:10000:7101:7105:9999:7000:17:1001:20002:20001:1003]]service[null]period[[Advertisment@1be711fa]dates[]times[len0:102:len1:102:20170821 000000-20170821 235959:20170822 000000-20170822 235959:20170823 000000-20170823 235959:20170824 000000-20170824 235959:20170825 000000-20170825 235959:20170826 000000-20170826 235959:20170827 000000-20170827 235959:20170828 000000-20170828 235959:20170829 000000-20170829 235959:20170830 000000-20170830 235959:20170831 000000-20170831 235959:20170901 000000-20170901 235959:20170902 000000-20170902 235959:20170903 000000-20170903 235959:20170904 000000-20170904 235959:20170905 000000-20170905 235959:20170906 000000-20170906 235959:20170907 000000-20170907 235959:20170908 000000-20170908 235959:20170909 000000-20170909 235959:20170910 000000-20170910 235959:20170911 000000-20170911 235959:20170912 000000-20170912 235959:20170913 000000-20170913 235959:20170914 000000-20170914 235959:20170915 000000-20170915 235959:20170916 000000-20170916 235959:20170917 000000-20170917 235959:20170918 000000-20170918 235959:20170919 000000-20170919 235959:20170920 000000-20170920 235959:20170921 000000-20170921 235959:20170922 000000-20170922 235959:20170923 000000-20170923 235959:20170924 000000-20170924 235959:20170925 000000-20170925 235959:20170926 000000-20170926 235959:20170927 000000-20170927 235959:20170928 000000-20170928 235959:20170929 000000-20170929 235959:20170930 000000-20170930 235959:20171001 000000-20171001 235959:20171002 000000-20171002 235959:20171003 000000-20171003 235959:20171004 000000-20171004 235959:20171005 000000-20171005 235959:20171006 000000-20171006 235959:20171007 000000-20171007 235959:20171008 000000-20171008 235959:20171009 000000-20171009 235959:20171010 000000-20171010 235959:20171011 000000-20171011 235959:20171012 000000-20171012 235959:20171013 000000-20171013 235959:20171014 000000-20171014 235959:20171015 000000-20171015 235959:20171016 000000-20171016 235959:20171017 000000-20171017 235959:20171018 000000-20171018 235959:20171019 000000-20171019 235959:20171020 000000-20171020 235959:20171021 000000-20171021 235959:20171022 000000-20171022 235959:20171023 000000-20171023 235959:20171024 000000-20171024 235959:20171025 000000-20171025 235959:20171026 000000-20171026 235959:20171027 000000-20171027 235959:20171028 000000-20171028 235959:20171029 000000-20171029 235959:20171030 000000-20171030 235959:20171031 000000-20171031 235959:20171101 000000-20171101 235959:20171102 000000-20171102 235959:20171103 000000-20171103 235959:20171104 000000-20171104 235959:20171105 000000-20171105 235959:20171106 000000-20171106 235959:20171107 000000-20171107 235959:20171108 000000-20171108 235959:20171109 000000-20171109 235959:20171110 000000-20171110 235959:20171111 000000-20171111 235959:20171112 000000-20171112 235959:20171113 000000-20171113 235959:20171114 000000-20171114 235959:20171115 000000-20171115 235959:20171116 000000-20171116 235959:20171117 000000-20171117 235959:20171118 000000-20171118 235959:20171119 000000-20171119 235959:20171120 000000-20171120 235959:20171121 000000-20171121 235959:20171122 000000-20171122 235959:20171123 000000-20171123 235959:20171124 000000-20171124 235959:20171125 000000-20171125 235959:20171126 000000-20171126 235959:20171127 000000-20171127 235959:20171128 000000-20171128 235959:20171129 000000-20171129 235959:20171130 000000-20171130 235959]]]]
11-06 14:14:35.346 D/BackBootDealerNeimeng( 2355): standbyState:
11-06 14:14:35.346 E/NetUtils( 2021): Interface eth0 LinkDown!
11-06 14:14:35.762 V/PT      ( 1581): >>INFO:irkey_task:[      78.521353] /dev/input/event0: type=0001 code=0066 val=00000001
11-06 14:14:35.762 V/PT      ( 1581): >> HI3798C_ERRO:irkey_send-310- 
11-06 14:14:35.762 V/PT      ( 1581): unkown key=0x66
11-06 14:14:35.762 V/PT      ( 1581): >>INFO:irkey_send:0x3001 0x108e down
11-06 14:14:35.762 V/SUMA    ( 1581): ++++++++++++++  _roc_evtmgr_key_cbk 517:input = 12289, event=4238, act=0x100
11-06 14:14:35.762 V/SUMA    ( 1581): lxm:_roc_evtmgr_key_cbk 519 78521
11-06 14:14:35.763 V/SUMA    ( 1581): lxm:_roc_evtmgr_add_evt_into_queue 347 78521
11-06 14:14:35.763 V/PT      ( 1581): >>INFO:irkey_task:[      78.521353] /dev/input/event0: type=0000 code=0000 val=00000000
11-06 14:14:35.763 V/SUMA    ( 1581): ===================>> type=0 src=0 evt=4238 act=0x100
11-06 14:14:35.763 V/SUMA    ( 1581): [sysset-s][event_manager_cbk 78]lxm cbid=1, cbk_reg=1, cpid=2451
11-06 14:14:35.763 D/ir_user ( 1585): PlayerTimeLineTrace:linux_keycode:0x66(DOWN),	protocol: .
11-06 14:14:35.763 D/NGBEvent( 2451): ngbEventCallBack type:0 source :4238
11-06 14:14:35.763 D/NGBEvent( 2451): Input key event: keyCode=4238
11-06 14:14:35.763 D/NGBEvent( 2451): src:4238 = dest:4238
11-06 14:14:35.764 I/System.out( 2451): [DEBUG EventManager] LWJ--Add event to java with evt=NgbEvent-[type = 1, subtype = 401, code = 4238]
11-06 14:14:35.764 D/NGBEvent( 2451): [NGBEvent_log]--[EventManager--JNI]:		start
11-06 14:14:35.764 D/NGBEvent( 2451): [NGBEventManager-JNI]-returning:1
11-06 14:14:35.764 I/System.out( 2451): [DEBUG EventManager] broadcastEvent  :len 1
11-06 14:14:35.766 D/CombineKeyUtil( 2451): [TN_pool-1-thread-1]dealKeyEvent,combineIndex:-1:keyCode:0
11-06 14:14:35.766 D/KeyEventNgbDealer( 2451): [TN_pool-1-thread-1]handleKeyPressed keyEvent=NgbEvent-[type = 1, subtype = 401, code = 4238],time=78525
11-06 14:14:35.847 D/BackBootDealerNeimeng( 2355): standbyState:
11-06 14:14:35.847 E/NetUtils( 2021): Interface eth0 LinkDown!
11-06 14:14:35.971 D/ir_user ( 1585): PlayerTimeLineTrace:linux_keycode:0x66(UP),	protocol: .
11-06 14:14:35.972 V/PT      ( 1581): >>INFO:irkey_task:[      78.730708] /dev/input/event0: type=0001 code=0066 val=00000000
11-06 14:14:35.972 V/PT      ( 1581): >> HI3798C_ERRO:irkey_send-310- 
11-06 14:14:35.972 V/PT      ( 1581): unkown key=0x66
11-06 14:14:35.972 V/PT      ( 1581): >>INFO:irkey_send:0x3001 0x108e up  
11-06 14:14:35.972 V/SUMA    ( 1581): ++++++++++++++  _roc_evtmgr_key_cbk 517:input = 12289, event=4238, act=0x400
11-06 14:14:35.972 V/SUMA    ( 1581): lxm:_roc_evtmgr_key_cbk 519 78731
11-06 14:14:35.972 V/SUMA    ( 1581): lxm:_roc_evtmgr_add_key_into_queue 311 78731
11-06 14:14:35.972 V/PT      ( 1581): >>INFO:irkey_task:[      78.730708] /dev/input/event0: type=0000 code=0000 val=00000000
11-06 14:14:35.972 V/SUMA    ( 1581): ===================>> type=0 src=0 evt=4238 act=0x400
11-06 14:14:35.972 V/SUMA    ( 1581): [sysset-s][event_manager_cbk 78]lxm cbid=1, cbk_reg=1, cpid=2451
11-06 14:14:35.972 D/NGBEvent( 2451): ngbEventCallBack type:0 source :4238
11-06 14:14:35.973 D/NGBEvent( 2451): [NGBEventManager-JNI]-returning:1
11-06 14:14:35.974 D/NGBEvent( 2451): Input key event: keyCode=4238
11-06 14:14:35.974 D/NGBEvent( 2451): src:4238 = dest:4238
11-06 14:14:35.974 I/System.out( 2451): [DEBUG EventManager] LWJ--Add event to java with evt=NgbEvent-[type = 1, subtype = 402, code = 4238]
11-06 14:14:35.974 D/NGBEvent( 2451): [NGBEvent_log]--[EventManager--JNI]:		start
11-06 14:14:35.974 I/System.out( 2451): [DEBUG EventManager] broadcastEvent  :len 1
11-06 14:14:35.974 D/KeyEventNgbDealer( 2451): [TN_pool-1-thread-1]handleKeyReleased keyEvent=NgbEvent-[type = 1, subtype = 402, code = 4238],time=78733
11-06 14:14:35.977 I/ActivityManager( 2021): START u0 {act=android.intent.action.MAIN cat=[android.intent.category.HOME] flg=0x10200000 cmp=com.suma.midware.home/.third.Main3DActivity} from uid 1000 on display 0
11-06 14:14:35.977 D/HomeReceiver( 2491): [TN_main]onReceive context=com.suma.midware.home.third.Main3DActivity@46ab53e,intent=Intent { act=android.intent.action.CLOSE_SYSTEM_DIALOGS flg=0x50000010 (has extras) },action=android.intent.action.CLOSE_SYSTEM_DIALOGS
11-06 14:14:35.978 D/HomeReceiver( 2491): [TN_main]onReceive reason=homekey
11-06 14:14:35.978 W/Main3DActivity( 2491): [TN_main]11111onReceive home key down,appStartMode:0
11-06 14:14:35.978 E/HomeReceiver( 2491): [TN_main]onReceive home key down
11-06 14:14:35.978 E/PlayActivity( 2794): action:android.intent.action.CLOSE_SYSTEM_DIALOGS,reason:homekey
11-06 14:14:35.978 D/HomeReceiver( 2355): [TN_main]onReceive context=com.suma.midware.back.BackService@22d5d4b5,intent=Intent { act=android.intent.action.CLOSE_SYSTEM_DIALOGS flg=0x50000010 (has extras) },action=android.intent.action.CLOSE_SYSTEM_DIALOGS
11-06 14:14:35.978 D/HomeReceiver( 2355): [TN_main]onReceive reason=homekey
11-06 14:14:35.978 E/HomeReceiver( 2355): [TN_main]onReceive home key down
11-06 14:14:35.979 D/HomeReceiver( 2529): [TN_main]onReceive context=com.sumavision.android.media.v.MediaApplication@20a9c243,intent=Intent { act=android.intent.action.CLOSE_SYSTEM_DIALOGS flg=0x50000010 (has extras) },action=android.intent.action.CLOSE_SYSTEM_DIALOGS
11-06 14:14:35.980 D/HomeReceiver( 2529): [TN_main]onReceive reason=homekey
11-06 14:14:35.980 E/HomeReceiver( 2529): [TN_main]onReceive home key down
11-06 14:14:35.980 D/MediaApplication( 2529): [TN_main]homeReceiver.handleHomeKey enter
11-06 14:14:35.980 D/BaseApplication( 2529): [TN_main]exit exitCode=0
11-06 14:14:35.983 D/PermissionCache( 1564): checking android.permission.READ_FRAME_BUFFER for uid=1000 => granted (121 us)
11-06 14:14:35.984 I/art     ( 2529): System.exit called, status: 0
11-06 14:14:35.984 I/AndroidRuntime( 2529): VM exiting with result code 0, cleanup skipped.
11-06 14:14:35.995 D/PlayActivity( 2794): onPause:78754
11-06 14:14:35.996 D/BaseApplication( 2794): [TN_main]onActivityPaused activity=com.suma.midware.dvb.play.PlayActivity@40f36bb
11-06 14:14:35.996 D/UbaDBOPerator( 2794): [TN_main]addAction ubaAction=[ServiceOperateAction@6b22dcb5]serviceType[4]operateType[2]actionTime[2017-11-06 14:14:35]status[0]
11-06 14:14:35.996 I/ActivityManager( 2021): Force stopping com.android.browser appid=10010 user=0: from pid 2355
11-06 14:14:35.998 I/ActivityManager( 2021): Process com.sumavision.android.media.v (pid 2529) has died
11-06 14:14:35.999 D/BaseApplication( 2491): [TN_main]onTrimMemory level=15
11-06 14:14:35.999 D/BaseApplication( 2428): [TN_main]onTrimMemory level=15
11-06 14:14:35.999 D/BaseApplication( 2700): [TN_main]onTrimMemory level=15
11-06 14:14:36.000 D/BaseApplication( 2451): [TN_main]onTrimMemory level=15
11-06 14:14:36.001 D/BackBootDealerNeimeng( 2355): handleHomeKey isRunning:false
11-06 14:14:36.001 D/HomeReceiver( 2355): [TN_main]onReceive context=com.suma.midware.back.BackApplication@8f68708,intent=Intent { act=android.intent.action.CLOSE_SYSTEM_DIALOGS flg=0x50000010 (has extras) },action=android.intent.action.CLOSE_SYSTEM_DIALOGS
11-06 14:14:36.001 D/HomeReceiver( 2355): [TN_main]onReceive reason=homekey
11-06 14:14:36.001 E/HomeReceiver( 2355): [TN_main]onReceive home key down
11-06 14:14:36.001 D/BaseApplication( 2355): [TN_main]onTrimMemory level=15
11-06 14:14:36.007 I/System.out( 2355): [DEBUG NGB_FRONT_PANEL] Invoke the method clear to clear the content on the front panel
11-06 14:14:36.008 V/SUMA    ( 1581): [adapter][info] rocme_adapter_frontpanel_show_time:on_off=0
11-06 14:14:36.008 V/PT      ( 1581): >>INFO:rocme_porting_frontpanel_show_string:not have keyled
11-06 14:14:36.008 D/FrontPanelNative( 2355): the String length 0, the max 4
11-06 14:14:36.008 V/SUMA    ( 1581): [adapter][info] rocme_adapter_frontpanel_show_time:on_off=0
11-06 14:14:36.008 V/PT      ( 1581): >>INFO:rocme_porting_frontpanel_show_string:not have keyled
11-06 14:14:36.009 V/PT      ( 1581): >>INFO:rocme_porting_frontpanel_show_string:not have keyled
11-06 14:14:36.010 D/SysEventHandler( 2355): [TN_Binder_2]removeEventListener binder=android.os.BinderProxy@2c106370
11-06 14:14:36.010 D/BookHandler( 2355): [TN_Binder_1]removeBookListener binder=android.os.BinderProxy@f463f6e
11-06 14:14:36.011 D/PlayActivity( 2794): onPause clsName:com.suma.midware.dvb.play.PlayActivity:appStartMode:0
11-06 14:14:36.011 D/PlayExcuter( 2794): [TN_main]notifyPlay type=9,curType=-2,cancelType=3,cancelVideoType=1,isResetData=true,task=null,this.task=[PlayDirectTask@21bc66f8]playTaskType[0]playType[0]playerType[-1]isEcmSet[true]playerIndex[0]tunerIndex[0]channel[[DirectChannel@32501b]channelID[0]oNetID[1]tsID[31]serviceID[3102]freq[371000]name[CCTV-1高清]serviceType[8]attr[16384]serialNum[1]serialNum4[1]pcrPID[49]refServiceID[-1]],indexs=null
11-06 14:14:36.011 D/PlayExcuter( 2794): [TN_main]releasePlayer curType=-2,cancelType=3,task=[PlayDirectTask@21bc66f8]playTaskType[0]playType[0]playerType[-1]isEcmSet[true]playerIndex[0]tunerIndex[0]channel[[DirectChannel@32501b]channelID[0]oNetID[1]tsID[31]serviceID[3102]freq[371000]name[CCTV-1高清]serviceType[8]attr[16384]serialNum[1]serialNum4[1]pcrPID[49]refServiceID[-1]]
11-06 14:14:36.011 D/PlayBaseDealer( 2355): [TN_Binder_4]releasePlayers cancelType=3,videoType=1,isResetData=true,curPlayerIndex=-1,isCheckPID=false
11-06 14:14:36.011 D/PlayBaseDealer( 2355): [TN_Binder_4]releasePlayers size=1
11-06 14:14:36.012 D/PlayNgbDealer( 2355): [TN_Binder_4]findPlayer index=0,findType=0,channelIndex=0
11-06 14:14:36.012 D/PlayNgbDealer( 2355): [TN_Binder_4]releasePlayer index=0,playerNum=1,videoType=1,isResetData=true,isCheckPID=false
11-06 14:14:36.013 E/TerminalHandler( 2355): [TN_Binder_4]getTerminalDealer illegal terminalType=-1
11-06 14:14:36.013 E/TerminalHandler( 2355): [TN_Binder_4]removeTerminalListener illegal dealer=null,listener=com.suma.midware.back.play.i@1208ecc:
11-06 14:14:36.014 D/Media   ( 2355): ^^^^player unregistPlayerListener.
11-06 14:14:36.015 V/SUMA    ( 1581): [NGBM] ngb_media_player_unreg enter !!! hplayer=0xff0000
11-06 14:14:36.015 V/SUMA    ( 1581): [NGBM] context_vplayer_ioctl leave. ret=0
11-06 14:14:36.015 V/SUMA    ( 1581): [NGBM] ngb_media_player_unreg leave hplayer=0xff0000 ret=0
11-06 14:14:36.015 D/Media   ( 2355): ^^^^unregister mediaplayer code=0
11-06 14:14:36.016 D/Media   ( 2355): ^^^^player deallocate.
11-06 14:14:36.016 V/SUMA    ( 2355): [ngbplayer-c][ngb_media_player_close 301]ngb_media_player_close
11-06 14:14:36.016 V/SUMA    ( 1581): [NGBM] ngb_media_player_close enter !!! hplayer=0xff0000
11-06 14:14:36.017 V/SUMA    ( 1581): [VPLAYER 0xabcd0000] vplayer_close() enter! hvplayer=0xb3088100
11-06 14:14:36.017 V/SUMA    ( 1581): [VPLAYER 0xabcd0000] vplayer_close() leave! hvplayer=0xb3088100
11-06 14:14:36.017 V/SUMA    ( 1581): [NGBM] ngb_media_player_close leave hplayer=0x00ff0000 ret=0
11-06 14:14:36.017 V/SUMA    ( 2355): [ngbplayer-c][ngb_media_player_close 310]client player release
11-06 14:14:36.017 D/PlayerManager( 2794): [TN_main]cancelPlayTask cancleType=3,cancelVideoType=1,isResetData=true,isCheckPID=false,state=0,indexs=null
11-06 14:14:36.017 D/PipeWindow( 2794): dealPause,stopPIP,isVisiable:false
11-06 14:14:36.017 D/PlayActivity( 2794): the notes is::visible is:1:the dialog visible is:0
11-06 14:14:36.019 D/PlayActivity( 2794): dealMessageTile,curChannel:[DirectChannel@32501b]channelID[0]oNetID[1]tsID[31]serviceID[3102]freq[371000]name[CCTV-1高清]serviceType[8]attr[16384]serialNum[1]serialNum4[1]pcrPID[49]refServiceID[-1]:isChannelIvideoShift:false
11-06 14:14:36.019 D/PlayActivity( 2794): dealViewAnimation and view is :com.autolayout.AutoRelativeLayout{2e11d461 I.E..... ......ID 0,0-1280,720 #7f0b01e4 app:id/playcontrol_message_tile}, oldState is :4, destiState is :4, isNeedAct is :true, type is :6
11-06 14:14:36.019 D/PlayActivity( 2794): dealViewAnimation and view is :com.autolayout.AutoRelativeLayout{30532b86 I.E..... ......I. 905,0-1280,550 #7f0b01e5 app:id/playcontrol_message_adv}, oldState is :4, destiState is :4, isNeedAct is :true, type is :0
11-06 14:14:36.020 W/ContextImpl( 2794): Calling a method in the system process without a qualified user: android.app.ContextImpl.sendBroadcast:1345 android.content.ContextWrapper.sendBroadcast:377 android.app.ActivityThread.performPauseActivity:3259 android.app.ActivityThread.performPauseActivity:3225 android.app.ActivityThread.handlePauseActivity:3200 
11-06 14:14:36.023 D/BaseApplication( 2794): [TN_main]onTrimMemory level=15
11-06 14:14:36.027 D/Main3DActivity( 2491): [TN_main]onNewIntent time=78786,intent=Intent { act=android.intent.action.MAIN cat=[android.intent.category.HOME] flg=0x10600000 cmp=com.suma.midware.home/.third.Main3DActivity }
11-06 14:14:36.027 D/BaseApplication( 2491): [TN_main]onActivityStarted activity=com.suma.midware.home.third.Main3DActivity@46ab53e
11-06 14:14:36.028 D/Main3DActivity( 2491): [TN_main]onStart time=78786
11-06 14:14:36.028 E/FlyAndWeatherUpdate( 2491): [TN_main]spflyWord is empty
11-06 14:14:36.028 D/HomeFlyWord( 2491): [TN_main]startScrollView delay=2000
11-06 14:14:36.028 W/HomeFlyWord( 2491): [TN_main]startScrollView scrollView null
11-06 14:14:36.028 D/Main3DActivity( 2491): [TN_main]onResume time=78787,isFirst=false
11-06 14:14:36.028 D/BaseApplication( 2491): [TN_main]onActivityResumed activity=com.suma.midware.home.third.Main3DActivity@46ab53e
11-06 14:14:36.028 D/PlayExcuter( 2491): [TN_main]notifyPlay type=9,curType=-2,cancelType=3,cancelVideoType=1,isResetData=true,task=null,this.task=[PlayDirectTask@2562e927]playTaskType[6]playType[0]playerType[-1]isEcmSet[true]playerIndex[0]tunerIndex[0]channel[[DirectChannel@32501b]channelID[0]oNetID[1]tsID[31]serviceID[3102]freq[371000]name[CCTV-1高清]serviceType[8]attr[16384]serialNum[1]serialNum4[1]pcrPID[49]refServiceID[-1]],indexs=null
11-06 14:14:36.028 D/PlayExcuter( 2491): [TN_main]releasePlayer curType=-2,cancelType=3,task=[PlayDirectTask@2562e927]playTaskType[6]playType[0]playerType[-1]isEcmSet[true]playerIndex[0]tunerIndex[0]channel[[DirectChannel@32501b]channelID[0]oNetID[1]tsID[31]serviceID[3102]freq[371000]name[CCTV-1高清]serviceType[8]attr[16384]serialNum[1]serialNum4[1]pcrPID[49]refServiceID[-1]]
11-06 14:14:36.028 D/PlayBaseDealer( 2355): [TN_Binder_5]releasePlayers cancelType=3,videoType=1,isResetData=true,curPlayerIndex=-1,isCheckPID=false
11-06 14:14:36.028 D/PlayBaseDealer( 2355): [TN_Binder_5]releasePlayers size=1
11-06 14:14:36.028 D/PlayNgbDealer( 2355): [TN_Binder_5]findPlayer index=0,findType=0,channelIndex=0
11-06 14:14:36.029 E/PlayNgbDealer( 2355): [TN_Binder_5]releasePlayer index=0 player is null
11-06 14:14:36.029 D/PlayerManager( 2491): [TN_main]cancelPlayTask cancleType=3,cancelVideoType=1,isResetData=true,isCheckPID=false,state=0,indexs=null
11-06 14:14:36.029 D/DataBaseManager( 2491): [TN_main]getAttrList comparatorMode=-1,comparatorType=-1,termType=10
11-06 14:14:36.029 D/DataBaseManager( 2491): [TN_main]getAttrList comparatorMode=-1,comparatorType=-1,termType=10
11-06 14:14:36.029 D/DataBaseManager( 2491): [TN_main]getAttrList comparatorMode=-1,comparatorType=-1,termType=10
11-06 14:14:36.029 D/DataBaseManager( 2491): [TN_main]getAttrList comparatorMode=-1,comparatorType=-1,termType=10
11-06 14:14:36.029 D/DataBaseManager( 2491): [TN_main]getAttrList comparatorMode=-1,comparatorType=-1,termType=10
11-06 14:14:36.029 D/DataBaseManager( 2491): [TN_main]getAttrList comparatorMode=-1,comparatorType=-1,termType=10
11-06 14:14:36.030 D/DataBaseManager( 2491): [TN_main]getAttrList comparatorMode=-1,comparatorType=-1,termType=10
11-06 14:14:36.030 D/DataBaseManager( 2491): [TN_main]getAttrList comparatorMode=-1,comparatorType=-1,termType=10
11-06 14:14:36.030 D/DataBaseManager( 2491): [TN_main]getAttrList comparatorMode=-1,comparatorType=-1,termType=10
11-06 14:14:36.030 D/DataBaseManager( 2491): [TN_main]getAttrList comparatorMode=-1,comparatorType=-1,termType=10
11-06 14:14:36.030 D/DataBaseManager( 2491): [TN_main]getAttrList comparatorMode=-1,comparatorType=-1,termType=10
11-06 14:14:36.030 D/DataBaseManager( 2491): [TN_main]getAttrList comparatorMode=-1,comparatorType=-1,termType=10
11-06 14:14:36.031 D/DataBaseManager( 2491): [TN_main]getAttrList comparatorMode=-1,comparatorType=-1,termType=10
11-06 14:14:36.031 D/DataBaseManager( 2491): [TN_main]getAttrList comparatorMode=-1,comparatorType=-1,termType=5
11-06 14:14:36.033 D/DataBase( 2355): [TN_Binder_2]getCurChannel index=0,lastChannelNum=2,database=com.suma.midware.back.database.neimeng.DirectDataBaseNeimeng@20ebee0a
11-06 14:14:36.033 D/DataBase( 2355): [TN_Binder_2]getCurChannel index=0,curChannel=[DirectChannel@32501b]channelID[0]oNetID[1]tsID[31]serviceID[3102]freq[371000]name[CCTV-1高清]serviceType[8]attr[16384]serialNum[1]serialNum4[1]pcrPID[49]refServiceID[-1]
11-06 14:14:36.034 D/PlayActivity( 2794): onWindowFocusChanged hasFocus:false:time:78792:currentFocus:com.autolayout.AutoRelativeLayout{2a3903ab VFE..... .F...... 0,0-1280,720 #7f0b01e6 app:id/channel_list_hubei}
11-06 14:14:36.034 D/ChannelHandler( 2491): [TN_main]update curChannel=[DirectChannel@32501b]channelID[0]oNetID[1]tsID[31]serviceID[3102]freq[371000]name[CCTV-1高清]serviceType[8]attr[16384]serialNum[1]serialNum4[1]pcrPID[49]refServiceID[-1]
11-06 14:14:36.034 D/SysEventHandler( 2355): [TN_Binder_1]addEventListener binder=android.os.BinderProxy@24272515
11-06 14:14:36.035 D/DataBaseHandler( 2355): [TN_Binder_4]addDataListener binder=android.os.BinderProxy@1535602a
11-06 14:14:36.035 D/PlayerHandler( 2355): [TN_Binder_3]addPlayListener binder=android.os.BinderProxy@1582ee1b
11-06 14:14:36.038 D/ChannelHandler( 2491): [TN_main]start userChannelinfo=
11-06 14:14:36.039 W/ContextImpl( 2491): Calling a method in the system process without a qualified user: android.app.ContextImpl.sendBroadcast:1345 android.content.ContextWrapper.sendBroadcast:377 com.suma.midware.view.ext.BluetoothUpdate.b:-1 com.suma.midware.home.third.Main3DActivity.onResume:-1 android.app.Instrumentation.callActivityOnResume:1257 
11-06 14:14:36.040 E/NetUtils( 2021): Interface eth0 LinkDown!
11-06 14:14:36.043 D/NetUpdate( 2491): [TN_main]checkNetState state=1
11-06 14:14:36.043 D/Main3DActivity( 2491): [TN_main]onResume curPanel=com.suma.midware.home.third.a.a@25f7f74e,intent=Intent { act=android.intent.action.MAIN cat=[android.intent.category.HOME] flg=0x10600000 cmp=com.suma.midware.home/.third.Main3DActivity },appStartMode=0
11-06 14:14:36.043 D/GLRootView( 2491): doAction isPause:false:isCreated:true:isPaused:false
11-06 14:14:36.044 D/SoundAndroidAdmin( 2355): [TN_Binder_5]isMute state=false
11-06 14:14:36.045 D/Main3DActivity( 2491): [TN_main]onResume endTime=78803,isEventDeal=true
11-06 14:14:36.045 W/ContextImpl( 2491): Calling a method in the system process without a qualified user: android.app.ContextImpl.sendBroadcast:1345 android.content.ContextWrapper.sendBroadcast:377 android.app.ActivityThread.performResumeActivity:2982 android.app.ActivityThread.handleResumeActivity:3023 android.app.ActivityThread$H.handleMessage:1347 
11-06 14:14:36.051 D/GLRootView( 2491): surfaceCreated holder:android.view.SurfaceView$4@31f20d02
11-06 14:14:36.052 D/SUMA_ENGINE3d( 2491):  thread[GLThread 73] onSurfaceChanged w: 1280, h : 720
11-06 14:14:36.052 D/SUMA_ENGINE3d( 2491):  thread[GLThread 73] onSurfaceChanged startModeTime:78810
11-06 14:14:36.053 D/SUMA_ENGINE3d( 2491):  thread[GLThread 73] onSurfaceChanged endTime:78812
11-06 14:14:36.054 D/TextureManager( 2491): deleteTexture key:08:00_24_-1711276033_0_5.0_3.0_3.0_-7829368:textureID:23
11-06 14:14:36.055 D/TextureManager( 2491): deleteTexture key:星期四_24_-1711276033_0_5.0_3.0_3.0_-7829368:textureID:24
11-06 14:14:36.056 D/TextureManager( 2491): deleteTexture key:2015年01月01日_24_-1711276033_0_5.0_3.0_3.0_-7829368:textureID:25
11-06 14:14:36.056 D/BasicRootPanel( 2491): [TN_GLThread 73]updateMultiState type=1,state=1
11-06 14:14:36.056 D/MultiStateFigure( 2491): [TN_GLThread 73]setWorkState workState=1,this.workState=1
11-06 14:14:36.056 W/MultiStateFigure( 2491): [TN_GLThread 73]setWorkState same workState=1
11-06 14:14:36.056 D/BasicRootView( 2491): [TN_GLThread 73]switchRootPanel panelIndex=0,isAnim=false,subPanelIndex=-1
11-06 14:14:36.056 D/BasicRootView( 2491): [TN_GLThread 73]switchRootPanel isFirst=false,curPanel=com.suma.midware.home.third.a.a@25f7f74e
11-06 14:14:36.056 D/BasicRootPanel( 2491): [TN_GLThread 73]hidePanel curPanelIndex=0,lastFocus=false,panelSize=7
11-06 14:14:36.056 D/BasicRootPanel( 2491): [TN_GLThread 73]hidePanel basicFigure=com.suma.midware.view.b.c.p@2935fc84
11-06 14:14:36.056 D/BasicFigure( 2491): [TN_GLThread 73]onFocusLost figure=com.suma.midware.view.b.c.p@2935fc84
11-06 14:14:36.056 W/BasicRootPanel( 2491): [TN_GLThread 73]switchPanelLight lightFigure null
11-06 14:14:36.056 D/HomePanel( 2491): [TN_GLThread 73]dealPanelShow subPanelIndex=-1,size=7
11-06 14:14:36.056 D/HomePanel( 2491): [TN_GLThread 73]dealPanelShow curPanelIndex=0,lastFocus=false,subPanelIndex=0,subFocusIndex=0
11-06 14:14:36.056 D/BasicColumn( 2491): [TN_GLThread 73]onFocus isFocus=false,index=0,nextIndex=-1
11-06 14:14:36.056 D/FixedRes( 2491): [TN_GLThread 73]getNineImgRes nineImgSize=2
11-06 14:14:36.057 D/BasicColumn( 2491): [TN_GLThread 73]moveFocus xOffset=151.000,yOffset=139.000
11-06 14:14:36.057 D/BasicFigure( 2491): [TN_GLThread 73]onFocusGain figure=com.suma.midware.view.b.c.p@2935fc84
11-06 14:14:36.057 D/BasicFigure( 2491): [TN_GLThread 73]onFocusGain panelIndex=0,curPanelIndex=0,basicFigure=com.suma.midware.view.b.c.p@2935fc84
11-06 14:14:36.057 D/BasicFigure( 2491): [TN_GLThread 73]dealFocusGainAnim scaleLargeAnim null
11-06 14:14:36.057 D/BasicRootPanel( 2491): [TN_GLThread 73]isPlayAble curBasicPanel=com.suma.midware.view.b.d.d@389bce67
11-06 14:14:36.057 D/BasicPanel( 2491): [TN_GLThread 73]isPlayAble xOffset=0.00000
11-06 14:14:36.057 D/ChannelHandler( 2491): [TN_GLThread 73]startPlay isForce=true,curChannel=[DirectChannel@32501b]channelID[0]oNetID[1]tsID[31]serviceID[3102]freq[371000]name[CCTV-1高清]serviceType[8]attr[16384]serialNum[1]serialNum4[1]pcrPID[49]refServiceID[-1]
11-06 14:14:36.057 D/PlayNgbDealer( 2355): [TN_Binder_2]findPlayer index=0,findType=0,channelIndex=0
11-06 14:14:36.057 E/PlayNgbDealer( 2355): [TN_Binder_2]getChannel index=0 player null
11-06 14:14:36.058 D/PlayTask( 2491): [TN_GLThread 73]isLegal playerType=-1,view=com.suma.midware.view.widget2d.CustomSurfaceView{39151350 V.E..... ........ 0,0-1280,720}
11-06 14:14:36.058 D/PlayerManager( 2491): [TN_GLThread 73]addPlayTask playTask=[PlayDirectTask@36561d40]playTaskType[0]playType[0]playerType[-1]isEcmSet[true]playerIndex[0]tunerIndex[0]channel[[DirectChannel@32501b]channelID[0]oNetID[1]tsID[31]serviceID[3102]freq[371000]name[CCTV-1高清]serviceType[8]attr[16384]serialNum[1]serialNum4[1]pcrPID[49]refServiceID[-1]],state=0
11-06 14:14:36.058 D/PlayNgbDealer( 2355): [TN_Binder_5]startPlayAsyTask index=0,channel=[DirectChannel@32501b]channelID[0]oNetID[1]tsID[31]serviceID[3102]freq[371000]name[CCTV-1高清]serviceType[8]attr[16384]serialNum[1]serialNum4[1]pcrPID[49]refServiceID[-1]
11-06 14:14:36.058 D/PlayNgbDealer( 2355): [TN_Binder_5]findPlayer index=0,findType=2,channelIndex=0
11-06 14:14:36.058 E/PlayNgbDealer( 2355): [TN_Binder_5]startPlayAsyTask index=0 player null
11-06 14:14:36.059 D/PlayExcuter( 2491): [TN_GLThread 73]notifyPlay type=0,curType=-2,cancelType=-1,cancelVideoType=-1,isResetData=false,task=[PlayDirectTask@36561d40]playTaskType[0]playType[0]playerType[-1]isEcmSet[true]playerIndex[0]tunerIndex[0]channel[[DirectChannel@32501b]channelID[0]oNetID[1]tsID[31]serviceID[3102]freq[371000]name[CCTV-1高清]serviceType[8]attr[16384]serialNum[1]serialNum4[1]pcrPID[49]refServiceID[-1]],this.task=null,indexs=null
11-06 14:14:36.060 D/PlayExcuter( 2491): [TN_GLThread 73]mergeTask sourceTask=null,destiTask=[PlayDirectTask@36561d40]playTaskType[0]playType[0]playerType[-1]isEcmSet[true]playerIndex[0]tunerIndex[0]channel[[DirectChannel@32501b]channelID[0]oNetID[1]tsID[31]serviceID[3102]freq[371000]name[CCTV-1高清]serviceType[8]attr[16384]serialNum[1]serialNum4[1]pcrPID[49]refServiceID[-1]]
11-06 14:14:36.060 D/PlayExcuter( 2491): [TN_ThreadUtil-2]excuteTask task=[PlayDirectTask@36561d40]playTaskType[0]playType[0]playerType[-1]isEcmSet[true]playerIndex[0]tunerIndex[0]channel[[DirectChannel@32501b]channelID[0]oNetID[1]tsID[31]serviceID[3102]freq[371000]name[CCTV-1高清]serviceType[8]attr[16384]serialNum[1]serialNum4[1]pcrPID[49]refServiceID[-1]]
11-06 14:14:36.060 D/PlayExcuter( 2491): [TN_ThreadUtil-2]excuteTask curExcuter=com.suma.midware.prop.play.PlayDirectExcuter@3f142479
11-06 14:14:36.060 D/PlayDirectExcuter( 2491): [TN_ThreadUtil-2]play task=[PlayDirectTask@36561d40]playTaskType[0]playType[0]playerType[-1]isEcmSet[true]playerIndex[0]tunerIndex[0]channel[[DirectChannel@32501b]channelID[0]oNetID[1]tsID[31]serviceID[3102]freq[371000]name[CCTV-1高清]serviceType[8]attr[16384]serialNum[1]serialNum4[1]pcrPID[49]refServiceID[-1]],curType=-1
11-06 14:14:36.061 D/PlayNgbDealer( 2355): [TN_Binder_2]setPlayerChannel index=0,channelIndex=0
11-06 14:14:36.061 D/PlayNgbDealer( 2355): [TN_Binder_2]findPlayer index=0,findType=0,channelIndex=0
11-06 14:14:36.061 E/PlayNgbDealer( 2355): [TN_Binder_2]setPlayerChannel index=0 player null
11-06 14:14:36.061 D/PlayExcuter( 2491): [TN_ThreadUtil-2]dealPlayStop task=[PlayDirectTask@36561d40]playTaskType[0]playType[0]playerType[-1]isEcmSet[true]playerIndex[0]tunerIndex[0]channel[[DirectChannel@32501b]channelID[0]oNetID[1]tsID[31]serviceID[3102]freq[371000]name[CCTV-1高清]serviceType[8]attr[16384]serialNum[1]serialNum4[1]pcrPID[49]refServiceID[-1]],curType=-1,playerIndex=0,playDealer=com.suma.midware.prop.play.b@2940147c
11-06 14:14:36.061 D/PlayNgbDealer( 2355): [TN_Binder_1]findPlayer index=0,findType=0,channelIndex=0
11-06 14:14:36.061 E/PlayNgbDealer( 2355): [TN_Binder_1]getPlayerState index=0 player null
11-06 14:14:36.061 D/PlayExcuter( 2491): [TN_ThreadUtil-2]dealSurface task=[PlayDirectTask@36561d40]playTaskType[0]playType[0]playerType[-1]isEcmSet[true]playerIndex[0]tunerIndex[0]channel[[DirectChannel@32501b]channelID[0]oNetID[1]tsID[31]serviceID[3102]freq[371000]name[CCTV-1高清]serviceType[8]attr[16384]serialNum[1]serialNum4[1]pcrPID[49]refServiceID[-1]],curType=-1,playDealer=com.suma.midware.prop.play.b@2940147c,view=com.suma.midware.view.widget2d.CustomSurfaceView{39151350 V.E..... ........ 0,0-1280,720}
11-06 14:14:36.061 D/PlayExcuter( 2491): [TN_ThreadUtil-2]dealSurface surface=Surface(name=null)/@0x2a6eb105,curSurface=Surface(name=null)/@0x2a6eb105,curRect=Rect(0, 0 - 1280, 720)
11-06 14:14:36.062 D/BasicFigure( 2491): [TN_GLThread 73]onFocusMoveAnim moveSpace=0.00000,x=-549.000,xOffset=0.00000
11-06 14:14:36.062 D/FixedRes( 2491): [TN_GLThread 73]getNineImgRes nineImgSize=2
11-06 14:14:36.062 W/BasicRootPanel( 2491): [TN_GLThread 73]switchPanelLight lightFigure null
11-06 14:14:36.062 D/PlayNgbDealer( 2355): [TN_Binder_3]playStop index=0,stopType=0,stopMode=1,isEcmSet=false,isCaRelease=false,isStreamReset=true
11-06 14:14:36.062 D/PlayNgbDealer( 2355): [TN_Binder_3]findPlayer index=0,findType=0,channelIndex=0
11-06 14:14:36.062 E/PlayNgbDealer( 2355): [TN_Binder_3]playStop index=0 player null
11-06 14:14:36.063 D/TunerNgbDealer( 2355): [TN_Binder_5]scanFreqImpl 0 channel=[DirectChannel@32501b]channelID[0]oNetID[1]tsID[31]serviceID[3102]freq[371000]name[CCTV-1高清]serviceType[8]attr[16384]serialNum[1]serialNum4[1]pcrPID[49]refServiceID[-1],isAsy=true
11-06 14:14:36.063 D/TunerNgbDealer( 2355): [TN_Binder_5]reserveTuner 0 tunerDes=[TunerDes@164ce9ee]isLock[false]isReserve[true]nHandle[0]moduleName[null]ni[org.davic.net.tuning.NetworkInterface@a1a4e8f]nic[org.ngb.broadcast.dvb.tuning.DvbNetworkInterfaceController@22bd351c]ds[[CableDeliverySystem@1544d8dd]freq[371000]fecOuter[0]modulation[3]symbolRate[6875]fecInner[0]]
11-06 14:14:36.063 D/tuning  ( 2355): ^^^^ts.type=0x44
11-06 14:14:36.063 D/tuning  ( 2355): ^^^^call tuner with type=0x44, freq=371000, symbolRate=6875, modulation=3,pos = 0
11-06 14:14:36.063 D/tuning  ( 2355): ^^^^Calling tune with freq=371000, symbol=6875, modulation=3
11-06 14:14:36.063 V/SUMA    ( 2355): [vtuner-c][vtuner_scanning 219]enter! 
11-06 14:14:36.063 I/System.out( 2355): [DEBUG networkInterface] You see: NI listener's size=1
11-06 14:14:36.063 V/SUMA    ( 1581): [vtuner-s][onTransact]enter!!! TRANS_CODE_VTUNER_SCAN
11-06 14:14:36.063 V/SUMA    ( 1581): [VTUNER] vtuner_scanning() enter !!! freq=[371000 6875 3] type=0 index=0
11-06 14:14:36.063 V/SUMA    ( 1581): >> Roc_Tuner_CableScanning beginning : time = 78822 ms 
11-06 14:14:36.063 V/SUMA    ( 1581): [VTUNER] resman_tuner_lock() leave !!! tuner id=0 ret=0
11-06 14:14:36.064 V/SUMA    ( 1581): [VTUNER] vtuner_scanning() leave!!! tuner_index=0 ret=0
11-06 14:14:36.064 V/SUMA    ( 1581): [vtuner-s][onTransact]leave!!! TRANS_CODE_VTUNER_SCAN tuner_index=0x0 ret=0
11-06 14:14:36.064 V/SUMA    ( 2355): [vtuner-c][vtuner_scanning 234]leave! tuner_index=0 ret=0 
11-06 14:14:36.064 D/tuning  ( 2355): cable. result=0
11-06 14:14:36.064 D/TunerNgbDealer( 2355): [TN_Thread-91]receiveNIEvent event=org.davic.net.tuning.NetworkInterfaceTuningEvent[source=org.davic.net.tuning.NetworkInterface@a1a4e8f]
11-06 14:14:36.064 D/SysEventBaseDealer( 2355): [TN_Binder_2]resetSignalState index=0,infos=[Lcom.suma.midware.back.sysevent.g;@572e67d
11-06 14:14:36.064 D/SysEventBaseDealer( 2355): [TN_Binder_2]resetSignalState index=0,info=[PlayStateInfo@231f1f57]index[0]signalState[1]caState[-1]caErrCode[0]channel[null]
11-06 14:14:36.065 D/SoundAndroidAdmin( 2355): [TN_Binder_1]checkVolume volume=7,nowVolume=1,maxVolume=15,lastVolume=1
11-06 14:14:36.065 D/SoundNgbAdmin( 2355): [TN_Binder_1]setVolume volume=7,isEffect=false,result=true
11-06 14:14:36.066 V/SUMA    ( 1581): roc_ss_get_item:get ROC_SYSSET_MUTE OK 
11-06 14:14:36.066 D/SoundNgbAdmin( 2355): [TN_Binder_1]isMute state=false
11-06 14:14:36.066 D/SoundAndroidAdmin( 2355): [TN_Binder_1]setVolume volume=7,isMute=false,isEffect=false,maxVolume=15,lastVolume=1
11-06 14:14:36.066 V/SUMA    ( 1581): roc_ss_set_item:set ROC_SYSSET_TRACK OK 
11-06 14:14:36.066 D/SoundNgbAdmin( 2355): [TN_Binder_4]setTrack track=1,result=true
11-06 14:14:36.066 D/SoundAndroidAdmin( 2355): [TN_Binder_4]setTrack track=1
11-06 14:14:36.068 D/TextureManager( 2491): loadTexture name:14:14_24_-1711276033_0_5.0_3.0_3.0_-7829368:textureID:23:recordSize:null
11-06 14:14:36.068 D/TextureManager( 2491): loadTexture name:星期一_24_-1711276033_0_5.0_3.0_3.0_-7829368:textureID:24:recordSize:null
11-06 14:14:36.069 D/TextureManager( 2491): loadTexture name:2017年11月06日_24_-1711276033_0_5.0_3.0_3.0_-7829368:textureID:25:recordSize:null
11-06 14:14:36.071 D/BasicFigure( 2491): [TN_GLThread 73]isDrawFocused relyElement=[BaseElement@346a37d9]focusScale[1.15]elementAlpha[-1.0]refectAlpha[-1.0]isFocusAble[true]shadowIndex[-1]autoJumpType[-1]uniqueID[54resSize0]rect[NULL]
11-06 14:14:36.071 D/BasicFigure( 2491): [TN_GLThread 73]isDrawFocused basicFigure=com.suma.midware.view.b.c.c@3914159e
11-06 14:14:36.074 V/SUMA    ( 1581): Roc_ResMan_Tuner_Modify(index=0)[new: 371000, old: 371000 ver=123]. 
11-06 14:14:36.074 V/PT      ( 1581): >> HI3798C_INFO:rocme_porting_tuner_scanning- 
11-06 14:14:36.074 V/PT      ( 1581): Freq = 371000, Sym = 6875, QAM = 3 
11-06 14:14:36.074 V/PT      ( 1581):  
11-06 14:14:36.086 D/SUMA_ENGINE3d( 2491):  thread[GLThread 73] onSurfaceChanged w: 1280, h : 720
11-06 14:14:36.086 D/SUMA_ENGINE3d( 2491):  thread[GLThread 73] onSurfaceChanged startModeTime:78845
11-06 14:14:36.087 D/SUMA_ENGINE3d( 2491):  thread[GLThread 73] onSurfaceChanged endTime:78846
11-06 14:14:36.093 D/BasicFigure( 2491): [TN_GLThread 73]isDrawFocused relyElement=[BaseElement@346a37d9]focusScale[1.15]elementAlpha[-1.0]refectAlpha[-1.0]isFocusAble[true]shadowIndex[-1]autoJumpType[-1]uniqueID[54resSize0]rect[NULL]
11-06 14:14:36.093 D/BasicFigure( 2491): [TN_GLThread 73]isDrawFocused basicFigure=com.suma.midware.view.b.c.c@3914159e
11-06 14:14:36.099 D/GLRootView( 2491): surfaceChanged holder:android.view.SurfaceView$4@31f20d02:format:-3:width:1280:height:720
11-06 14:14:36.117 D/BasicFigure( 2491): [TN_GLThread 73]isDrawFocused relyElement=[BaseElement@346a37d9]focusScale[1.15]elementAlpha[-1.0]refectAlpha[-1.0]isFocusAble[true]shadowIndex[-1]autoJumpType[-1]uniqueID[54resSize0]rect[NULL]
11-06 14:14:36.117 D/BasicFigure( 2491): [TN_GLThread 73]isDrawFocused basicFigure=com.suma.midware.view.b.c.c@3914159e
11-06 14:14:36.118 D/ChannelHandler( 2491): [TN_main]handleMessage note=SIGNAL
11-06 14:14:36.119 D/RemoteIME( 2311): onFinishInput.
11-06 14:14:36.120 D/RemoteIME( 2311): onStartInput  ccontentType: 0 Restarting:false
11-06 14:14:36.125 D/BasicRootPanel( 2491): [TN_GLThread 73]getTVFigure curBasicPanel=com.suma.midware.view.b.d.d@389bce67
11-06 14:14:36.125 D/FixedRes( 2491): [TN_GLThread 73]getTVNoteTexture tvNoteType=3,tvNoteSubType=0
11-06 14:14:36.139 D/BasicFigure( 2491): [TN_GLThread 73]isDrawFocused relyElement=[BaseElement@346a37d9]focusScale[1.15]elementAlpha[-1.0]refectAlpha[-1.0]isFocusAble[true]shadowIndex[-1]autoJumpType[-1]uniqueID[54resSize0]rect[NULL]
11-06 14:14:36.139 D/BasicFigure( 2491): [TN_GLThread 73]isDrawFocused basicFigure=com.suma.midware.view.b.c.c@3914159e
11-06 14:14:36.154 D/BasicFigure( 2491): [TN_GLThread 73]isDrawFocused relyElement=[BaseElement@346a37d9]focusScale[1.15]elementAlpha[-1.0]refectAlpha[-1.0]isFocusAble[true]shadowIndex[-1]autoJumpType[-1]uniqueID[54resSize0]rect[NULL]
11-06 14:14:36.154 D/BasicFigure( 2491): [TN_GLThread 73]isDrawFocused basicFigure=com.suma.midware.view.b.c.c@3914159e
11-06 14:14:36.156 D/BaseApplication( 2794): [TN_main]onActivitySaveInstanceState activity=com.suma.midware.dvb.play.PlayActivity@40f36bb,outState=Bundle[{android:viewHierarchyState=Bundle[{android:views={16908290=android.view.AbsSavedState$1@1aa6da08, 2131427408=android.view.AbsSavedState$1@1aa6da08, 2131427409=android.view.AbsSavedState$1@1aa6da08, 2131427444=android.view.AbsSavedState$1@1aa6da08, 2131427446=android.view.AbsSavedState$1@1aa6da08, 2131427447=com.suma.midware.view.widget2d.AutoScrollTextView$SavedState@19a975a1, 2131427448=com.suma.midware.view.widget2d.AutoScrollTextView$SavedState@2a8453c6, 2131427449=android.view.AbsSavedState$1@1aa6da08, 2131427450=android.view.AbsSavedState$1@1aa6da08, 2131427451=android.view.AbsSavedState$1@1aa6da08, 2131427452=android.view.AbsSavedState$1@1aa6da08, 2131427453=android.view.AbsSavedState$1@1aa6da08, 2131427454=android.view.AbsSavedState$1@1aa6da08, 2131427455=android.view.AbsSavedState$1@1aa6da08, 2131427456=android.view.AbsSavedState$1@1aa6da08, 2131427457=android.view.AbsSavedState$1@1aa6da08, 2131427458=android.view.AbsSavedState$1@1aa6da08, 2131427459=android.view.AbsSavedState$1@1aa6da08, 2131427460=android.view.AbsSavedState$1@1aa6da08, 2131427461=android.view.AbsSavedState$1@1aa6da08, 2131427462=android.view.AbsSavedState$1@1aa6da08, 2131427463=android.view.AbsSavedState$1@1aa6da08, 2131427464=android.view.AbsSavedState$1@1aa6da08, 2131427465=android.view.AbsSavedState$1@1aa6da08, 2131427466=android.view.AbsSavedState$1@1aa6da08, 2131427467=android.view.AbsSavedState$1@1aa6da08, 2131427468=android.view.AbsSavedState$1@1aa6da08, 2131427469=android.view.AbsSavedState$1@1aa6da08, 2131427470=android.view.AbsSavedState$1@1aa6da08, 2131427471=android.view.AbsSavedState$1@1aa6da08, 2131427472=android.view.AbsSavedState$1@1aa6da08, 2131427473=android.view.AbsSavedState$1@1aa6da08, 2131427474=android.view.AbsSavedState$1@1aa6da08, 2131427475=android.view.AbsSavedState$1@1aa6da08, 2131427476=android.view.AbsSavedState$1@1aa6da08, 2131427477=android.view.AbsSavedState$1@1aa6da08, 2131427478=android.view.AbsSavedState$1@1aa6da08, 2131427479=android.view.AbsSavedState$1@1aa6da08, 2131427480=android.view.AbsSavedState$1@1aa6da08, 2131427481=android.view.AbsSavedState$1@1aa6da08, 2131427482=android.view.AbsSavedState$1@1aa6da08, 2131427483=android.view.AbsSavedState$1@1aa6da08, 2131427484=android.view.AbsSavedState$1@1aa6da08, 2131427485=android.view.AbsSavedState$1@1aa6da08, 2131427486=android.view.AbsSavedState$1@1aa6da08, 2131427487=android.view.AbsSavedState$1@1aa6da08, 2131427488=android.view.AbsSavedState$1@1aa6da08, 2131427489=android.view.AbsSavedState$1@1aa6da08, 2131427490=android.view.AbsSavedState$1@1aa6da08, 2131427491=android.view.AbsSavedState$1@1aa6da08, 2131427492=android.view.AbsSavedState$1@1aa6da08, 2131427493=android.view.AbsSavedState$1@1aa6da08, 2131427494=android.view.AbsSavedState$1@1aa6da08, 2131427495=android.view.AbsSavedState$1@1aa6da08, 2131427496=android.view.AbsSavedState$1@1aa6da08, 2131427497=android.view.AbsSavedState$1@1aa6da08, 2131427498=android.view.AbsSavedState$1@1aa6da08, 2131427499=android.view.AbsSavedState$1@1aa6da08, 2131427500=android.view.AbsSavedState$1@1aa6da08, 2131427501=android.view.AbsSavedState$1@1aa6da08, 2131427502=android.view.AbsSavedState$1@1aa6da08, 2131427503=android.view.AbsSavedState$1@1aa6da08, 2131427504=android.view.AbsSavedState$1@1aa6da08, 2131427505=android.view.AbsSavedState$1@1aa6da08, 2131427506=android.view.AbsSavedState$1@1aa6da08, 2131427507=android.view.AbsSavedState$1@1aa6da08, 2131427508=android.view.AbsSavedState$1@1aa6da08, 2131427509=android.view.AbsSavedState$1@1aa6da08, 2131427510=android.view.AbsSavedState$1@1aa6da08, 2131427511=android.view.AbsSavedState$1@1aa6da08, 2131427512=android.view.AbsSavedState$1@1aa6da08, 2131427513=android.view.AbsSavedState$1@1aa6da08, 2131427514=android.view.AbsSavedState$1@1aa6da08, 2131427515=android.view.AbsSavedState$1@1aa6da08, 2131427516=android.view.AbsSavedState$1@1aa6da08, 2131427517=android.view.AbsSavedState$1@1aa6da08, 2131427518=android.view.AbsSavedStat
11-06 14:14:36.156 D/BaseApplication( 2794): [TN_main]onActivityStopped activity=com.suma.midware.dvb.play.PlayActivity@40f36bb
11-06 14:14:36.157 D/BaseApplication( 2794): [TN_main]onTrimMemory level=80
11-06 14:14:36.166 D/BasicFigure( 2491): [TN_GLThread 73]isDrawFocused relyElement=[BaseElement@346a37d9]focusScale[1.15]elementAlpha[-1.0]refectAlpha[-1.0]isFocusAble[true]shadowIndex[-1]autoJumpType[-1]uniqueID[54resSize0]rect[NULL]
11-06 14:14:36.166 D/BasicFigure( 2491): [TN_GLThread 73]isDrawFocused basicFigure=com.suma.midware.view.b.c.c@3914159e
11-06 14:14:36.183 D/BasicFigure( 2491): [TN_GLThread 73]isDrawFocused relyElement=[BaseElement@346a37d9]focusScale[1.15]elementAlpha[-1.0]refectAlpha[-1.0]isFocusAble[true]shadowIndex[-1]autoJumpType[-1]uniqueID[54resSize0]rect[NULL]
11-06 14:14:36.183 D/BasicFigure( 2491): [TN_GLThread 73]isDrawFocused basicFigure=com.suma.midware.view.b.c.c@3914159e
11-06 14:14:36.192 D/BasicFigure( 2491): [TN_GLThread 73]isDrawFocused relyElement=[BaseElement@346a37d9]focusScale[1.15]elementAlpha[-1.0]refectAlpha[-1.0]isFocusAble[true]shadowIndex[-1]autoJumpType[-1]uniqueID[54resSize0]rect[NULL]
11-06 14:14:36.192 D/BasicFigure( 2491): [TN_GLThread 73]isDrawFocused basicFigure=com.suma.midware.view.b.c.c@3914159e
11-06 14:14:36.204 D/BasicFigure( 2491): [TN_GLThread 73]isDrawFocused relyElement=[BaseElement@346a37d9]focusScale[1.15]elementAlpha[-1.0]refectAlpha[-1.0]isFocusAble[true]shadowIndex[-1]autoJumpType[-1]uniqueID[54resSize0]rect[NULL]
11-06 14:14:36.204 D/BasicFigure( 2491): [TN_GLThread 73]isDrawFocused basicFigure=com.suma.midware.view.b.c.c@3914159e
11-06 14:14:36.213 D/BasicFigure( 2491): [TN_GLThread 73]isDrawFocused relyElement=[BaseElement@346a37d9]focusScale[1.15]elementAlpha[-1.0]refectAlpha[-1.0]isFocusAble[true]shadowIndex[-1]autoJumpType[-1]uniqueID[54resSize0]rect[NULL]
11-06 14:14:36.213 D/BasicFigure( 2491): [TN_GLThread 73]isDrawFocused basicFigure=com.suma.midware.view.b.c.c@3914159e
