11-06 14:14:45.803 V/SUMA    ( 1581): [VPLAYER 0xabcd0000] vplayer_ioctl() leave! hvplayer=0xb3088100 VPLAYER_IOCTL_SET_WINDOW rect=[49 141 449 252]
11-06 14:14:45.803 V/SUMA    ( 1581): [NGBM] context_vplayer_ioctl leave. ret=0
11-06 14:14:45.803 V/SUMA    ( 1581): [NGBM] ngb_media_player_set_video_window leave hplayer=0xff0000 ret=0
11-06 14:14:45.803 D/PlayerManager( 2491): [TN_main]addPlayTask playTask=[PlayDirectTask@7a8d946]playTaskType[6]playType[0]playerType[-1]isEcmSet[true]playerIndex[0]tunerIndex[0]channel[[DirectChannel@32501b]channelID[0]oNetID[1]tsID[31]serviceID[3102]freq[371000]name[CCTV-1高清]serviceType[8]attr[16384]serialNum[1]serialNum4[1]pcrPID[49]refServiceID[-1]],state=0
11-06 14:14:45.803 D/PlayExcuter( 2491): [TN_main]notifyPlay type=8,curType=-2,cancelType=-1,cancelVideoType=-1,isResetData=false,task=[PlayDirectTask@7a8d946]playTaskType[6]playType[0]playerType[-1]isEcmSet[true]playerIndex[0]tunerIndex[0]channel[[DirectChannel@32501b]channelID[0]oNetID[1]tsID[31]serviceID[3102]freq[371000]name[CCTV-1高清]serviceType[8]attr[16384]serialNum[1]serialNum4[1]pcrPID[49]refServiceID[-1]],this.task=null,indexs=null
11-06 14:14:45.803 D/PlayExcuter( 2491): [TN_main]mergeTask sourceTask=null,destiTask=[PlayDirectTask@7a8d946]playTaskType[6]playType[0]playerType[-1]isEcmSet[true]playerIndex[0]tunerIndex[0]channel[[DirectChannel@32501b]channelID[0]oNetID[1]tsID[31]serviceID[3102]freq[371000]name[CCTV-1高清]serviceType[8]attr[16384]serialNum[1]serialNum4[1]pcrPID[49]refServiceID[-1]]
11-06 14:14:45.803 D/PlayExcuter( 2491): [TN_ThreadUtil-2]excuteTask task=[PlayDirectTask@7a8d946]playTaskType[6]playType[0]playerType[-1]isEcmSet[true]playerIndex[0]tunerIndex[0]channel[[DirectChannel@32501b]channelID[0]oNetID[1]tsID[31]serviceID[3102]freq[371000]name[CCTV-1高清]serviceType[8]attr[16384]serialNum[1]serialNum4[1]pcrPID[49]refServiceID[-1]]
11-06 14:14:45.803 D/PlayExcuter( 2491): [TN_ThreadUtil-2]excuteTask curExcuter=com.suma.midware.prop.play.PlayDirectExcuter@73c0707
11-06 14:14:45.808 D/CustomSurfaceView( 2491): onMeasure widthMeasureSpec:400001c1:heightMeasureSpec:800002d0:width:449:height:252
11-06 14:14:45.808 D/CustomSurfaceView( 2491): onMeasure width:449:height:720
11-06 14:14:45.808 D/CustomSurfaceView( 2491): onMeasure widthMeasureSpec:400001c1:heightMeasureSpec:400000fc:width:449:height:252
11-06 14:14:45.808 D/CustomSurfaceView( 2491): onMeasure width:449:height:252
11-06 14:14:45.808 D/CustomSurfaceView( 2491): onMeasure widthMeasureSpec:400001c1:heightMeasureSpec:800002d0:width:449:height:252
11-06 14:14:45.808 D/CustomSurfaceView( 2491): onMeasure width:449:height:720
11-06 14:14:45.808 D/CustomSurfaceView( 2491): onMeasure widthMeasureSpec:400001c1:heightMeasureSpec:400000fc:width:449:height:252
11-06 14:14:45.808 D/CustomSurfaceView( 2491): onMeasure width:449:height:252
11-06 14:14:45.821 W/ContextImpl( 2355): Calling a method in the system process without a qualified user: android.app.ContextImpl.sendBroadcast:1345 android.content.ContextWrapper.sendBroadcast:377 com.suma.midware.back.esg.e.f:-1 com.suma.midware.back.esg.f.run:-1 com.suma.midware.prop.util.c.run:-1 
11-06 14:14:45.839 E/NetUtils( 2021): Interface eth0 LinkDown!
11-06 14:14:45.842 D/SetService( 2700): ispppoeOpen:false:reConnectCount:0
11-06 14:14:45.866 D/BackBootDealerNeimeng( 2355): standbyState:
11-06 14:14:45.867 E/NetUtils( 2021): Interface eth0 LinkDown!
11-06 14:14:45.906 D/SysEventBaseDealer( 2355): [TN_ThreadUtil-0]handleEvent event=[SignalEvent@205ca82]signalState[-1]index[0]channel[null]
11-06 14:14:45.906 D/SysEventBaseDealer( 2355): [TN_ThreadUtil-0]handleSignalEvent signalEvent=[SignalEvent@205ca82]signalState[-1]index[0]channel[null],channel=null
11-06 14:14:45.906 D/SysEventBaseDealer( 2355): [TN_ThreadUtil-0]handleSignalEvent 0 info=[PlayStateInfo@231f1f57]index[0]signalState[1]caState[-1]caErrCode[0]channel[null]
11-06 14:14:45.907 V/SUMA    ( 1581): [resman-s][onTransact 216]code[0x1200010b] client pid = 2355
11-06 14:14:46.365 W/ResourceType( 2164): No package identifier when getting value for resource number 0x00000000
11-06 14:14:46.365 W/PackageManager( 2164): Failure retrieving resources for com.suma.midware.setting: Resource ID #0x0
11-06 14:14:46.367 D/BackBootDealerNeimeng( 2355): standbyState:
11-06 14:14:46.368 E/NetUtils( 2021): Interface eth0 LinkDown!
11-06 14:14:46.378 V/SUMA    ( 2355): [cas-c][CA_Manager_GetManufactureInfoSync 2590]enter !!!
11-06 14:14:46.516 V/SUMA    ( 2355): [cas-c][CA_Manager_GetManufactureInfoSync 2604]leave !!!
11-06 14:14:46.516 D/CAManagerNative( 2355): getCardInfo.CA_Manager_GetManufactureInfoSync result=0
11-06 14:14:46.593 V/SUMA    ( 1581): >> rocme_porting_[0]tuner[0]_scanning fre = 371000 sym = 6875 qam = 3 ,res_state = 0x1
11-06 14:14:46.593 V/SUMA    ( 1581): [resman-s][dvb_server_resman_event_cbk 1615]enter dvb_server_resman_event_cbk
11-06 14:14:46.594 V/SUMA    ( 1581): [resman-s][dvb_server_resman_event_cbk 1656]leave dvb_server_resman_event_cbk
11-06 14:14:46.594 D/tuning  ( 2355): ^^^tunerEventCallback is called,  event=210002 
11-06 14:14:46.594 V/SUMA    ( 1581): >> ROC TNR(0)-EVENT = 0x210002 ROC_RES_TUNER_TUNER_EVT_LOCK_FAILED
11-06 14:14:46.594 V/SUMA    ( 1581): >> Roc_Tuner_CableScanning end : time = 89353 ms ,total time = 1190 ms 
11-06 14:14:46.594 V/SUMA    ( 1581): [resman-s][onTransact 216]code[0x1200010b] client pid = 2355
11-06 14:14:46.595 E/HI_TUNER( 1581): [ERROR-HI_TUNER]:HI_UNF_TUNER_GetBER[4827]:SIGNAL DROP
11-06 14:14:46.597 E/HI_TUNER( 1581): [ERROR-HI_TUNER]:HI_UNF_TUNER_GetSNR[5131]:SIGNAL DROP
11-06 14:14:46.598 V/PT      ( 1581): >>INFO:rocme_porting_tuner_get_signal_info:u32SNR = 0x0,u32SignalStrength = 0x5
11-06 14:14:46.598 V/PT      ( 1581): >>INFO:rocme_porting_tuner_get_signal_info:base_integer = 0x0,base_decimal = 0x0,exponent = 0x7
11-06 14:14:46.600 V/SUMA    ( 1581): [resman-s][onTransact 1574]leave transact client pid = 2355
11-06 14:14:46.600 I/System.out( 2355): [DEBUG TunerInfo] integer :0
11-06 14:14:46.600 I/System.out( 2355): [DEBUG TunerInfo] berDecimal :0
11-06 14:14:46.600 I/System.out( 2355): [DEBUG TunerInfo] berExp :7
11-06 14:14:46.600 D/SysEventBaseDealer( 2355): [TN_ThreadUtil-0]handleSignalEvent signalType=1
11-06 14:14:46.601 E/HI_TUNER( 1581): [ERROR-HI_TUNER]:HI_UNF_TUNER_GetBER[4827]:SIGNAL DROP
11-06 14:14:46.603 E/HI_TUNER( 1581): [ERROR-HI_TUNER]:HI_UNF_TUNER_GetSNR[5131]:SIGNAL DROP
11-06 14:14:46.604 V/PT      ( 1581): >>INFO:rocme_porting_tuner_get_signal_info:u32SNR = 0x0,u32SignalStrength = 0x6
11-06 14:14:46.604 V/PT      ( 1581): >>INFO:rocme_porting_tuner_get_signal_info:base_integer = 0x0,base_decimal = 0x0,exponent = 0x7
11-06 14:14:46.606 V/SUMA    ( 1581): [resman-s][onTransact 1574]leave transact client pid = 2355
11-06 14:14:46.606 D/tuning  ( 2355): ^^^^in tuner callBack. Query result=1,freq=371000
11-06 14:14:46.606 I/System.out( 2355): [DEBUG networkInterface] You see: NI listener's size=1
11-06 14:14:46.607 D/TunerNgbDealer( 2355): [TN_Thread-57]receiveNIEvent event=org.davic.net.tuning.NetworkInterfaceTuningOverEvent[source=class org.davic.net.tuning.NetworkInterfaceTuningOverEvent]
11-06 14:14:46.607 D/TunerNgbDealer( 2355): [TN_Thread-57]receiveNIEvent 0 tunerDes=[TunerDes@164ce9ee]isLock[false]isReserve[true]nHandle[0]moduleName[null]ni[org.davic.net.tuning.NetworkInterface@a1a4e8f]nic[org.ngb.broadcast.dvb.tuning.DvbNetworkInterfaceController@22bd351c]ds[[CableDeliverySystem@1544d8dd]freq[371000]fecOuter[0]modulation[3]symbolRate[6875]fecInner[0]]
11-06 14:14:46.659 D/BasicFigure( 2491): [TN_GLThread 73]isDrawFocused relyElement=[BaseElement@346a37d9]focusScale[1.15]elementAlpha[-1.0]refectAlpha[-1.0]isFocusAble[true]shadowIndex[-1]autoJumpType[-1]uniqueID[54resSize0]rect[NULL]
11-06 14:14:46.659 D/BasicFigure( 2491): [TN_GLThread 73]isDrawFocused basicFigure=com.suma.midware.view.b.c.c@3914159e
11-06 14:14:46.801 D/CAManagerNative( 2355): getCardInfo.CA_Manager_GetMotherCardID result=0,motherCardID=0
11-06 14:14:46.801 V/SUMA    ( 2355): [cas-c][CA_Manager_GetAreaInfoSync 2565]enter !!!
11-06 14:14:46.824 W/ContextImpl( 2355): Calling a method in the system process without a qualified user: android.app.ContextImpl.sendBroadcast:1345 android.content.ContextWrapper.sendBroadcast:377 com.suma.midware.back.esg.e.f:-1 com.suma.midware.back.esg.f.run:-1 com.suma.midware.prop.util.c.run:-1 
11-06 14:14:46.868 D/BackBootDealerNeimeng( 2355): standbyState:
11-06 14:14:46.868 E/NetUtils( 2021): Interface eth0 LinkDown!
11-06 14:14:47.094 V/SUMA    ( 1581): >> [CA]rocme_porting_ca_get_area_info_suma: DVTCASTB_GetAreaInfo area_info->card_area = 0  
11-06 14:14:47.095 V/SUMA    ( 1581): >> [CA]rocme_porting_ca_get_area_info_suma: DVTCASTB_GetAreaInfo area_info->set_card_area_time = 1468306227  
11-06 14:14:47.095 V/SUMA    ( 1581): >> [CA]rocme_porting_ca_get_area_info_suma: DVTCASTB_GetAreaInfo area_info->start_flag = 0  
11-06 14:14:47.095 V/SUMA    ( 1581): >> [CA]rocme_porting_ca_get_area_info_suma: DVTCASTB_GetAreaInfo area_info->set_flag_time = 0  
11-06 14:14:47.095 V/SUMA    ( 2355): [cas-c][CA_Manager_GetAreaInfoSync 2580]leave !!!
11-06 14:14:47.095 D/CAManagerNative( 2355): getCardInfo.CA_Manager_GetAreaInfoSync result=0
11-06 14:14:47.095 D/CAManagerNative( 2355): getCardInfo card_area=0,card_area_time=0
11-06 14:14:47.095 V/SUMA    ( 2355): [cas-c][CA_Manager_GetCAProvider 922]enter !!!
11-06 14:14:47.096 V/SUMA    ( 2355): [cas-c][CA_Manager_GetCAProvider 936]leave !!!
11-06 14:14:47.096 D/CAManagerNative( 2355): CA_Manager_GetCAProvider result : 0
11-06 14:14:47.096 D/CAManagerNative( 2355): CA_Manager_GetCAProvider provider : 0
11-06 14:14:47.096 I/System.out( 2355): [DEBUG CAManager] isCardPresent manufactureID=0,cardID=65322944,serialNum=8150010653229443
11-06 14:14:47.096 D/CaNgbDealer( 2355): [TN_Binder_3]isCardInsert isInsert=true
11-06 14:14:47.102 D/CaNgbDealer( 2355): [TN_Binder_2]getCaCardInfo res=[I@2b70593,isCache=false
11-06 14:14:47.102 V/SUMA    ( 2355): [cas-c][CA_Manager_GetManufactureInfoSync 2590]enter !!!
11-06 14:14:47.240 V/SUMA    ( 2355): [cas-c][CA_Manager_GetManufactureInfoSync 2604]leave !!!
11-06 14:14:47.240 D/CAManagerNative( 2355): getCardInfo.CA_Manager_GetManufactureInfoSync result=0
11-06 14:14:47.369 D/BackBootDealerNeimeng( 2355): standbyState:
11-06 14:14:47.369 E/NetUtils( 2021): Interface eth0 LinkDown!
11-06 14:14:47.525 D/CAManagerNative( 2355): getCardInfo.CA_Manager_GetMotherCardID result=0,motherCardID=0
11-06 14:14:47.526 V/SUMA    ( 2355): [cas-c][CA_Manager_GetAreaInfoSync 2565]enter !!!
11-06 14:14:47.692 D/BasicFigure( 2491): [TN_GLThread 73]isDrawFocused relyElement=[BaseElement@346a37d9]focusScale[1.15]elementAlpha[-1.0]refectAlpha[-1.0]isFocusAble[true]shadowIndex[-1]autoJumpType[-1]uniqueID[54resSize0]rect[NULL]
11-06 14:14:47.692 D/BasicFigure( 2491): [TN_GLThread 73]isDrawFocused basicFigure=com.suma.midware.view.b.c.c@3914159e
11-06 14:14:47.819 V/SUMA    ( 1581): >> [CA]rocme_porting_ca_get_area_info_suma: DVTCASTB_GetAreaInfo area_info->card_area = 0  
11-06 14:14:47.819 V/SUMA    ( 1581): >> [CA]rocme_porting_ca_get_area_info_suma: DVTCASTB_GetAreaInfo area_info->set_card_area_time = 1468306227  
11-06 14:14:47.820 V/SUMA    ( 1581): >> [CA]rocme_porting_ca_get_area_info_suma: DVTCASTB_GetAreaInfo area_info->start_flag = 0  
11-06 14:14:47.820 V/SUMA    ( 1581): >> [CA]rocme_porting_ca_get_area_info_suma: DVTCASTB_GetAreaInfo area_info->set_flag_time = 0  
11-06 14:14:47.820 V/SUMA    ( 2355): [cas-c][CA_Manager_GetAreaInfoSync 2580]leave !!!
11-06 14:14:47.820 D/CAManagerNative( 2355): getCardInfo.CA_Manager_GetAreaInfoSync result=0
11-06 14:14:47.820 D/CAManagerNative( 2355): getCardInfo card_area=0,card_area_time=0
11-06 14:14:47.820 V/SUMA    ( 2355): [cas-c][CA_Manager_GetCardLockStatus 989]enter !!!
11-06 14:14:47.839 V/SUMA    ( 2355): [cas-c][CA_Manager_GetCardLockStatus 1001]leave !!!
11-06 14:14:47.870 D/BackBootDealerNeimeng( 2355): standbyState:
11-06 14:14:47.871 E/NetUtils( 2021): Interface eth0 LinkDown!
11-06 14:14:47.873 V/SUMA    ( 2355): [cas-c][CA_Manager_GetWatchRating 1547]leave !!!
11-06 14:14:47.873 D/CAManagerNative( 2355): CA watch TV ,The Min age is 18 
11-06 14:14:47.873 V/SUMA    ( 2355): [cas-c][CA_Manager_GetWorkTime 1481]leave !!!
11-06 14:14:47.874 I/System.out( 2355): [DEBUG CAWorkTime]  the param startHour is 0
11-06 14:14:47.874 I/System.out( 2355): [DEBUG CAWorkTime]  the param startMinute is 0
11-06 14:14:47.874 I/System.out( 2355): [DEBUG CAWorkTime]  the param endHour is 23
11-06 14:14:47.874 I/System.out( 2355): [DEBUG CAWorkTime]  the param endMinute is 59
11-06 14:14:47.875 D/CaNgbDealer( 2355): [TN_Binder_5]getCaUserDataArray key=246
11-06 14:14:48.135 V/SUMA    ( 1581): >> [CA] rocme_porting_ca_get_user_def_data_suma just for output:  *user_def_data=0(0x0)  
11-06 14:14:48.135 V/SUMA    ( 2355): [cas-c][CA_Manager_GetUserDefData 1941]leave !!!
11-06 14:14:48.135 D/CAManagerNative( 2355): getPrivateData key=246(0xf6),failed with result=-1
11-06 14:14:48.136 E/ByteUtil( 2491): [TN_AndroidTimer-0]getInt index=0,isBigEndia=true,bytes=null
11-06 14:14:48.137 D/ConfigUpdateOttAdmin( 2491): [TN_ThreadUtil-0]dealUpdateCheck menuConfig=[MenuConfig@f5d]configID[3840]configAlias[homeConfig]configName[home_config.dat]version[1]isFilePath1[false]rootView[com.suma.midware.home.third.h{1ee6ac1a VFE..... .F...... 0,0-1280,720}]rootLayout[null]
11-06 14:14:48.137 D/CaNgbDealer( 2355): [TN_Binder_1]getCaCardInfo res=[I@e5259d0,isCache=true
11-06 14:14:48.137 D/FileIOUtil( 2491): [TN_ThreadUtil-0]deleteFile filePath=/data/user/0/com.suma.midware.home/files/launcherRes/f00/1/,containRootDir=false
11-06 14:14:48.137 D/FileIOUtil( 2491): [TN_ThreadUtil-0]deleteFile file=/data/user/0/com.suma.midware.home/files/launcherRes/f00/1,containRootDir=false
11-06 14:14:48.138 E/ConfigUpdateNeimengOttAdmin( 2491): [TN_ThreadUtil-0]checkConfig url=http://tvos-launcher.96066.com:8082/LancherWeb/getLauncherUpdatePackage?areaCode=&serialNumber=15510217310112851&standardVersion=1.0&mac=&hardVersion=04.01.01.02&launcherVersion=0&locationCode=0&cardOutID=8150010653229443&softVersion=03.16.00.03&type=1&model=8
11-06 14:14:48.138 E/FlyAndWeatherUpdate( 2491): [TN_ThreadUtil-1]url: http://tvos-launcher.96066.com:8082/LancherWeb/getLauncherWeather?hardVersion=04.01.01.02&locationCode=0&softVersion=03.16.00.03&serialNumber=15510217310112851&type=1&mac=&model=8
11-06 14:14:48.141 D/LoadHttpHandler( 2491): [TN_ThreadUtil-1]doNormal proxyConfig=null
11-06 14:14:48.141 D/LoadHttpHandler( 2491): [TN_ThreadUtil-0]doNormal proxyConfig=null
11-06 14:14:48.247 D/LoadHttpHandler( 2491): [TN_ThreadUtil-0]doNormal responseCode=200
11-06 14:14:48.247 D/LoadHttpHandler( 2491): [TN_ThreadUtil-1]doNormal responseCode=200
11-06 14:14:48.247 D/LoadHttpHandler( 2491): [TN_ThreadUtil-1]doNormal savePath=null,fileName=null,total=-1
11-06 14:14:48.247 D/LoadHttpHandler( 2491): [TN_ThreadUtil-0]doNormal savePath=null,fileName=null,total=-1
11-06 14:14:48.247 E/FlyAndWeatherUpdate( 2491): [TN_ThreadUtil-1]isWeatherUpdate is not need update
11-06 14:14:48.247 E/ConfigUpdateNeimengOttAdmin( 2491): [TN_ThreadUtil-0]data: {"status":"0","errorMessage":"","data":""}
11-06 14:14:48.247 E/ConfigUpdateNeimengOttAdmin( 2491): [TN_ThreadUtil-0]checkConfig illegal version is null
11-06 14:14:48.371 D/BackBootDealerNeimeng( 2355): standbyState:
11-06 14:14:48.372 E/NetUtils( 2021): Interface eth0 LinkDown!
11-06 14:14:48.724 D/BasicFigure( 2491): [TN_GLThread 73]isDrawFocused relyElement=[BaseElement@346a37d9]focusScale[1.15]elementAlpha[-1.0]refectAlpha[-1.0]isFocusAble[true]shadowIndex[-1]autoJumpType[-1]uniqueID[54resSize0]rect[NULL]
11-06 14:14:48.724 D/BasicFigure( 2491): [TN_GLThread 73]isDrawFocused basicFigure=com.suma.midware.view.b.c.c@3914159e
11-06 14:14:48.800 I/System.out( 2355): [DEBUG SectionFilterGroup] be reaady to detach filtergroup:true
11-06 14:14:48.800 V/SUMA    ( 1581): [resman-s][onTransact 216]code[0x12000201] client pid = 2355
11-06 14:14:48.800 V/SUMA    ( 1581): [resman-s][onTransact 665]TRANS_CODE_RESMAN_FILETER_RELEASE enter
11-06 14:14:48.800 V/SUMA    ( 1581): >> Roc_ResMan_Filter_Release handler = 0x1208c580 
11-06 14:14:48.800 V/SUMA    ( 1581): [resman-s][onTransact 674]filter release m_client[0].cpid = 2355
11-06 14:14:48.800 V/SUMA    ( 1581): [resman-s][onTransact 678]filter handler release filter_handler[0]
11-06 14:14:48.800 V/SUMA    ( 1581): [resman-s][onTransact 688]TRANS_CODE_RESMAN_FILETER_RELEASE leave
11-06 14:14:48.800 V/SUMA    ( 1581): [resman-s][onTransact 1574]leave transact client pid = 2355
11-06 14:14:48.800 V/SUMA    ( 2355): [resman-c][dvbc_resman_flt_release 183]dvbc(2355)## s_resman_client_flt_hcbk release cbk idx=0 !!!
11-06 14:14:48.800 V/SUMA    ( 2355): [resman-c][Roc_ResMan_Filter_Release 1403]leave !!!
11-06 14:14:48.800 W/EsgNeiMengDealer( 2355): [TN_ThreadUtil-8]handleNormTable table content null
11-06 14:14:48.800 D/EsgNeiMengDealer( 2355): [TN_ThreadUtil-8]dealUpdateInfo updateInfo=null
11-06 14:14:48.800 D/EsgRunner( 2355): [TN_ThreadUtil-8]notifyUpdateEnd ads=null
11-06 14:14:48.804 W/ContextImpl( 2355): Calling a method in the system process without a qualified user: android.app.ContextImpl.sendBroadcast:1345 android.content.ContextWrapper.sendBroadcast:377 com.suma.midware.back.esg.e.f:-1 com.suma.midware.back.esg.f.run:-1 com.suma.midware.prop.util.c.run:-1 
11-06 14:14:48.872 D/BackBootDealerNeimeng( 2355): standbyState:
11-06 14:14:48.873 E/NetUtils( 2021): Interface eth0 LinkDown!
11-06 14:14:49.373 D/BackBootDealerNeimeng( 2355): standbyState:
11-06 14:14:49.374 E/NetUtils( 2021): Interface eth0 LinkDown!
11-06 14:14:49.757 D/BasicFigure( 2491): [TN_GLThread 73]isDrawFocused relyElement=[BaseElement@346a37d9]focusScale[1.15]elementAlpha[-1.0]refectAlpha[-1.0]isFocusAble[true]shadowIndex[-1]autoJumpType[-1]uniqueID[54resSize0]rect[NULL]
11-06 14:14:49.757 D/BasicFigure( 2491): [TN_GLThread 73]isDrawFocused basicFigure=com.suma.midware.view.b.c.c@3914159e
11-06 14:14:49.805 W/ContextImpl( 2355): Calling a method in the system process without a qualified user: android.app.ContextImpl.sendBroadcast:1345 android.content.ContextWrapper.sendBroadcast:377 com.suma.midware.back.esg.e.f:-1 com.suma.midware.back.esg.f.run:-1 com.suma.midware.prop.util.c.run:-1 
11-06 14:14:49.874 D/BackBootDealerNeimeng( 2355): standbyState:
11-06 14:14:49.875 E/NetUtils( 2021): Interface eth0 LinkDown!
11-06 14:14:50.375 D/BackBootDealerNeimeng( 2355): standbyState:
11-06 14:14:50.376 E/NetUtils( 2021): Interface eth0 LinkDown!
11-06 14:14:50.790 D/BasicFigure( 2491): [TN_GLThread 73]isDrawFocused relyElement=[BaseElement@346a37d9]focusScale[1.15]elementAlpha[-1.0]refectAlpha[-1.0]isFocusAble[true]shadowIndex[-1]autoJumpType[-1]uniqueID[54resSize0]rect[NULL]
11-06 14:14:50.790 D/BasicFigure( 2491): [TN_GLThread 73]isDrawFocused basicFigure=com.suma.midware.view.b.c.c@3914159e
11-06 14:14:50.808 W/ContextImpl( 2355): Calling a method in the system process without a qualified user: android.app.ContextImpl.sendBroadcast:1345 android.content.ContextWrapper.sendBroadcast:377 com.suma.midware.back.esg.e.f:-1 com.suma.midware.back.esg.f.run:-1 com.suma.midware.prop.util.c.run:-1 
11-06 14:14:50.877 D/BackBootDealerNeimeng( 2355): standbyState:
11-06 14:14:50.877 E/NetUtils( 2021): Interface eth0 LinkDown!
11-06 14:14:51.377 D/BackBootDealerNeimeng( 2355): standbyState:
11-06 14:14:51.378 E/NetUtils( 2021): Interface eth0 LinkDown!
11-06 14:14:51.823 D/BasicFigure( 2491): [TN_GLThread 73]isDrawFocused relyElement=[BaseElement@346a37d9]focusScale[1.15]elementAlpha[-1.0]refectAlpha[-1.0]isFocusAble[true]shadowIndex[-1]autoJumpType[-1]uniqueID[54resSize0]rect[NULL]
11-06 14:14:51.823 D/BasicFigure( 2491): [TN_GLThread 73]isDrawFocused basicFigure=com.suma.midware.view.b.c.c@3914159e
11-06 14:14:51.878 D/BackBootDealerNeimeng( 2355): standbyState:
11-06 14:14:51.878 E/NetUtils( 2021): Interface eth0 LinkDown!
11-06 14:14:52.372 V/SUMA    ( 1581): >> Roc_ResMan_Filter_Release handler = 0x12028690 
11-06 14:14:52.372 V/SUMA    ( 1581): >> Roc_ResMan_Filter_Release handler = 0x12038730 
11-06 14:14:52.372 V/SUMA    ( 1581): [eit] process_evt_msg_timeout() eit_sh_flt_stop !!!
11-06 14:14:52.379 D/BackBootDealerNeimeng( 2355): standbyState:
11-06 14:14:52.380 E/NetUtils( 2021): Interface eth0 LinkDown!
11-06 14:14:52.856 D/BasicFigure( 2491): [TN_GLThread 73]isDrawFocused relyElement=[BaseElement@346a37d9]focusScale[1.15]elementAlpha[-1.0]refectAlpha[-1.0]isFocusAble[true]shadowIndex[-1]autoJumpType[-1]uniqueID[54resSize0]rect[NULL]
11-06 14:14:52.856 D/BasicFigure( 2491): [TN_GLThread 73]isDrawFocused basicFigure=com.suma.midware.view.b.c.c@3914159e
11-06 14:14:52.880 D/BackBootDealerNeimeng( 2355): standbyState:
11-06 14:14:52.881 E/NetUtils( 2021): Interface eth0 LinkDown!
11-06 14:14:53.129 E/WifiStateMachine( 2021): WifiStateMachine CMD_START_SCAN source -2 txSuccessRate=1.59 rxSuccessRate=12.08 targetRoamBSSID=78:11:dc:10:d5:2d RSSI=-17
11-06 14:14:53.382 D/BackBootDealerNeimeng( 2355): standbyState:
11-06 14:14:53.382 E/NetUtils( 2021): Interface eth0 LinkDown!
11-06 14:14:53.883 D/BackBootDealerNeimeng( 2355): standbyState:
11-06 14:14:53.883 E/NetUtils( 2021): Interface eth0 LinkDown!
11-06 14:14:53.889 D/BasicFigure( 2491): [TN_GLThread 73]isDrawFocused relyElement=[BaseElement@346a37d9]focusScale[1.15]elementAlpha[-1.0]refectAlpha[-1.0]isFocusAble[true]shadowIndex[-1]autoJumpType[-1]uniqueID[54resSize0]rect[NULL]
11-06 14:14:53.890 D/BasicFigure( 2491): [TN_GLThread 73]isDrawFocused basicFigure=com.suma.midware.view.b.c.c@3914159e
11-06 14:14:54.384 D/BackBootDealerNeimeng( 2355): standbyState:
11-06 14:14:54.384 E/NetUtils( 2021): Interface eth0 LinkDown!
11-06 14:14:54.870 I/EthernetNetworkFactory( 2021): updateInterfaceState :the mIface is:eth0iface is wlan0 true
11-06 14:14:54.885 D/BackBootDealerNeimeng( 2355): standbyState:
11-06 14:14:54.885 E/NetUtils( 2021): Interface eth0 LinkDown!
11-06 14:14:54.889 E/WifiAutoJoinController ( 2021): Xiaomi_D52C 78:11:dc:10:d5:2d rssi=-17 cap [WPA-PSK-CCMP+TKIP][WPA2-PSK-CCMP+TKIP][WPS][ESS] is not scored
11-06 14:14:54.890 E/WifiAutoJoinController ( 2021): GDWL 86:79:73:27:8c:19 rssi=-34 cap [WPA-PSK-CCMP][WPA2-PSK-CCMP][ESS] is not scored
11-06 14:14:54.890 E/WifiAutoJoinController ( 2021): TP-LINK_11AF56 9c:21:6a:11:af:56 rssi=-56 cap [WPA-PSK-CCMP][WPA2-PSK-CCMP][WPS][ESS] is not scored
11-06 14:14:54.891 E/WifiAutoJoinController ( 2021): MERCURY_AD88 e4:f3:f5:aa:ad:88 rssi=-32 cap [WPA-PSK-CCMP][WPA2-PSK-CCMP][ESS] is not scored
11-06 14:14:54.891 E/WifiAutoJoinController ( 2021): TP-LINK_BAF2C2 0c:72:2c:ba:f2:c2 rssi=-56 cap [WPA-PSK-CCMP][WPA2-PSK-CCMP][WPS][ESS] is not scored
11-06 14:14:54.893 E/WifiAutoJoinController ( 2021): GDWL 86:79:73:27:8c:0d rssi=-54 cap [WPA-PSK-CCMP][WPA2-PSK-CCMP][ESS] is not scored
11-06 14:14:54.893 E/WifiAutoJoinController ( 2021): GDWL 86:79:73:27:8c:11 rssi=-68 cap [WPA-PSK-CCMP][WPA2-PSK-CCMP][ESS] is not scored
11-06 14:14:54.893 E/WifiAutoJoinController ( 2021): Office_Net e4:f3:f5:a4:00:c0 rssi=-68 cap [WPA-PSK-CCMP][WPA2-PSK-CCMP][ESS] is not scored
11-06 14:14:54.894 E/WifiAutoJoinController ( 2021): GDWL 86:79:73:27:8c:13 rssi=-72 cap [WPA-PSK-CCMP][WPA2-PSK-CCMP][ESS] is not scored
11-06 14:14:54.894 E/WifiAutoJoinController ( 2021): 4lou ec:26:ca:2e:87:1a rssi=-76 cap [WPA-PSK-CCMP][WPA2-PSK-CCMP][ESS] is not scored
11-06 14:14:54.895 E/WifiAutoJoinController ( 2021): WLGS 1c:fa:68:05:a3:5a rssi=-72 cap [WPA-PSK-CCMP][WPA2-PSK-CCMP][WPS][ESS] is not scored
11-06 14:14:54.895 E/WifiAutoJoinController ( 2021): GDWL 86:79:73:27:8c:1d rssi=-73 cap [WPA-PSK-CCMP][WPA2-PSK-CCMP][ESS] is not scored
11-06 14:14:54.895 E/WifiAutoJoinController ( 2021): 影视娱乐频道 24:69:68:79:91:8a rssi=-77 cap [WPA-PSK-CCMP][WPA2-PSK-CCMP][ESS] is not scored
11-06 14:14:54.896 E/WifiAutoJoinController ( 2021): CMCC 06:11:b5:17:bd:d5 rssi=-70 cap [WPA-EAP-CCMP+TKIP][WPA2-EAP-CCMP+TKIP][ESS] is not scored
11-06 14:14:54.896 E/WifiAutoJoinController ( 2021):  84:79:73:27:8c:19 rssi=-36 cap [WEP][ESS] is not scored
11-06 14:14:54.897 E/WifiAutoJoinController ( 2021):  84:79:73:27:8c:0d rssi=-52 cap [WEP][ESS] is not scored
11-06 14:14:54.897 E/WifiAutoJoinController ( 2021):  84:79:73:27:8c:11 rssi=-62 cap [WEP][ESS] is not scored
11-06 14:14:54.898 E/WifiAutoJoinController ( 2021):  84:79:73:27:8c:1d rssi=-74 cap [WEP][ESS] is not scored
11-06 14:14:54.898 E/WifiAutoJoinController ( 2021):  84:79:73:27:8c:23 rssi=-76 cap [WEP][ESS] is not scored
11-06 14:14:54.898 E/WifiAutoJoinController ( 2021): MERCURY_EDE4 e4:f3:f5:6a:ed:e4 rssi=-50 cap [ESS] is not scored
11-06 14:14:54.899 E/WifiAutoJoinController ( 2021): CMCC-family 0a:11:b5:17:bd:d5 rssi=-70 cap [ESS] is not scored
11-06 14:14:54.899 E/WifiAutoJoinController ( 2021): CMCC-WEB 00:11:b5:17:bd:d5 rssi=-72 cap [ESS] is not scored
11-06 14:14:54.900 E/WifiAutoJoinController ( 2021): and-Business 0e:11:b5:17:bd:d5 rssi=-75 cap [ESS] is not scored
11-06 14:14:54.900 E/WifiAutoJoinController ( 2021):  84:79:73:27:8c:13 rssi=-71 cap [WEP][ESS] is not scored
11-06 14:14:54.901 E/WifiAutoJoinController ( 2021): TOTOLINK_2feec4 f4:28:53:2f:ee:c4 rssi=-80 cap [WPA-PSK-CCMP+TKIP][WPA2-PSK-CCMP+TKIP][WPS][ESS] is not scored
11-06 14:14:54.901 E/WifiAutoJoinController ( 2021): ageScanResultsOut delay 40000 size 32 now 1509948894901
11-06 14:14:54.901 E/WifiAutoJoinController ( 2021): newSupplicantResults size=30 known=6 true
11-06 14:14:54.903 E/WifiAutoJoinController ( 2021): attemptAutoJoin() status=bssid=78:11:dc:10:d5:2d
11-06 14:14:54.903 E/WifiAutoJoinController ( 2021): freq=2412
11-06 14:14:54.903 E/WifiAutoJoinController ( 2021): ssid=Xiaomi_D52C
11-06 14:14:54.903 E/WifiAutoJoinController ( 2021): id=3
11-06 14:14:54.903 E/WifiAutoJoinController ( 2021): mode=station
11-06 14:14:54.903 E/WifiAutoJoinController ( 2021): pairwise_cipher=CCMP
11-06 14:14:54.903 E/WifiAutoJoinController ( 2021): group_cipher=TKIP
11-06 14:14:54.903 E/WifiAutoJoinController ( 2021): key_mgmt=WPA2-PSK
11-06 14:14:54.903 E/WifiAutoJoinController ( 2021): wpa_state=COMPLETED
11-06 14:14:54.903 E/WifiAutoJoinController ( 2021): ip_address=192.168.31.115
11-06 14:14:54.903 E/WifiAutoJoinController ( 2021): p2p_device_address=0e:62:a6:0c:0f:b2
11-06 14:14:54.903 E/WifiAutoJoinController ( 2021): address=0c:62:a6:0c:0f:b2
11-06 14:14:54.903 E/WifiAutoJoinController ( 2021): uuid=de43a986-3647-5398-876d-b6752834d7e7 split=13
11-06 14:14:54.903 E/WifiAutoJoinController ( 2021): attemptAutoJoin() num recent config 2 current="Xiaomi_D52C"WPA_PSK ---> suppNetId=3
11-06 14:14:54.903 E/WifiAutoJoinController ( 2021): attemptAutoJoin good candidate seen, bumped hard -> status=0 "Xiaomi_D52C"WPA_PSK rssi=(-17,-127) num=(1,0)
11-06 14:14:54.903 E/WifiAutoJoinController ( 2021): attemptAutoJoin skip current candidate  3 key "Xiaomi_D52C"WPA_PSK
11-06 14:14:54.903 E/WifiAutoJoinController ( 2021): attemptAutoJoin good candidate seen, bumped hard -> status=0 "GDWL"WPA_PSK rssi=(-34,-127) num=(8,0)
11-06 14:14:54.903 E/WifiAutoJoinController ( 2021): attemptAutoJoin trying id=2 "GDWL"WPA_PSK status=0
11-06 14:14:54.903 E/WifiAutoJoinController ( 2021): compareNetwork will compare "GDWL"WPA_PSK with current "Xiaomi_D52C"WPA_PSK
11-06 14:14:54.903 E/WifiAutoJoinController ( 2021):     compareWifiConfigurationsRSSI: "Xiaomi_D52C"WPA_PSK rssi=-17,-127 boost=25 "GDWL"WPA_PSK rssi=-34,-127 boost=0
11-06 14:14:54.903 E/WifiAutoJoinController ( 2021):         "Xiaomi_D52C"WPA_PSK is5=false score=8 "GDWL"WPA_PSK is5=false score=-34
11-06 14:14:54.904 E/WifiAutoJoinController ( 2021):     compareWifiConfigurationsRSSI "Xiaomi_D52C"WPA_PSK rssi=(-17,-127) num=(1,0) > "GDWL"WPA_PSK rssi=(-34,-127) num=(8,0) -> -42
11-06 14:14:54.904 E/WifiAutoJoinController ( 2021): compareWifiConfigurations: "Xiaomi_D52C"WPA_PSK > "GDWL"WPA_PSK order -42
11-06 14:14:54.904 E/WifiAutoJoinController ( 2021): attemptAutoJoin networkSwitching candidate "GDWL"WPA_PSK with current "Xiaomi_D52C"WPA_PSK linked=false : delta=-42  -> not switching
11-06 14:14:54.904 E/WifiAutoJoinController ( 2021): attemptRoam: "Xiaomi_D52C"WPA_PSK Found 78:11:dc:10:d5:2d rssi=-17 freq=2412 Current: 78:11:dc:10:d5:2d
11-06 14:14:54.904 E/WifiAutoJoinController ( 2021): Done attemptAutoJoin status=0
11-06 14:14:54.906 D/WifiAdmin( 2491): [TN_main]dealWifiMsg action=android.net.wifi.SCAN_RESULTS,intent=Intent { act=android.net.wifi.SCAN_RESULTS flg=0x4000010 }
11-06 14:14:54.906 D/WifiAdmin( 2700): [TN_main]dealWifiMsg action=android.net.wifi.SCAN_RESULTS,intent=Intent { act=android.net.wifi.SCAN_RESULTS flg=0x4000010 }
11-06 14:14:54.921 D/BasicFigure( 2491): [TN_GLThread 73]isDrawFocused relyElement=[BaseElement@346a37d9]focusScale[1.15]elementAlpha[-1.0]refectAlpha[-1.0]isFocusAble[true]shadowIndex[-1]autoJumpType[-1]uniqueID[54resSize0]rect[NULL]
11-06 14:14:54.921 D/BasicFigure( 2491): [TN_GLThread 73]isDrawFocused basicFigure=com.suma.midware.view.b.c.c@3914159e
11-06 14:14:55.386 D/BackBootDealerNeimeng( 2355): standbyState:
11-06 14:14:55.387 E/NetUtils( 2021): Interface eth0 LinkDown!
11-06 14:14:55.887 D/BackBootDealerNeimeng( 2355): standbyState:
11-06 14:14:55.888 E/NetUtils( 2021): Interface eth0 LinkDown!
11-06 14:14:55.953 D/BasicFigure( 2491): [TN_GLThread 73]isDrawFocused relyElement=[BaseElement@346a37d9]focusScale[1.15]elementAlpha[-1.0]refectAlpha[-1.0]isFocusAble[true]shadowIndex[-1]autoJumpType[-1]uniqueID[54resSize0]rect[NULL]
11-06 14:14:55.953 D/BasicFigure( 2491): [TN_GLThread 73]isDrawFocused basicFigure=com.suma.midware.view.b.c.c@3914159e
11-06 14:14:56.388 D/BackBootDealerNeimeng( 2355): standbyState:
11-06 14:14:56.389 E/NetUtils( 2021): Interface eth0 LinkDown!
11-06 14:14:56.890 D/BackBootDealerNeimeng( 2355): standbyState:
11-06 14:14:56.890 E/NetUtils( 2021): Interface eth0 LinkDown!
11-06 14:14:56.985 D/BasicFigure( 2491): [TN_GLThread 73]isDrawFocused relyElement=[BaseElement@346a37d9]focusScale[1.15]elementAlpha[-1.0]refectAlpha[-1.0]isFocusAble[true]shadowIndex[-1]autoJumpType[-1]uniqueID[54resSize0]rect[NULL]
11-06 14:14:56.985 D/BasicFigure( 2491): [TN_GLThread 73]isDrawFocused basicFigure=com.suma.midware.view.b.c.c@3914159e
11-06 14:14:57.391 D/BackBootDealerNeimeng( 2355): standbyState:
11-06 14:14:57.392 E/NetUtils( 2021): Interface eth0 LinkDown!
11-06 14:14:57.892 D/BackBootDealerNeimeng( 2355): standbyState:
11-06 14:14:57.893 E/NetUtils( 2021): Interface eth0 LinkDown!
11-06 14:14:58.018 D/BasicFigure( 2491): [TN_GLThread 73]isDrawFocused relyElement=[BaseElement@346a37d9]focusScale[1.15]elementAlpha[-1.0]refectAlpha[-1.0]isFocusAble[true]shadowIndex[-1]autoJumpType[-1]uniqueID[54resSize0]rect[NULL]
11-06 14:14:58.019 D/BasicFigure( 2491): [TN_GLThread 73]isDrawFocused basicFigure=com.suma.midware.view.b.c.c@3914159e
11-06 14:14:58.393 D/BackBootDealerNeimeng( 2355): standbyState:
11-06 14:14:58.394 E/NetUtils( 2021): Interface eth0 LinkDown!
11-06 14:14:58.895 D/BackBootDealerNeimeng( 2355): standbyState:
11-06 14:14:58.896 E/NetUtils( 2021): Interface eth0 LinkDown!
11-06 14:14:59.051 D/BasicFigure( 2491): [TN_GLThread 73]isDrawFocused relyElement=[BaseElement@346a37d9]focusScale[1.15]elementAlpha[-1.0]refectAlpha[-1.0]isFocusAble[true]shadowIndex[-1]autoJumpType[-1]uniqueID[54resSize0]rect[NULL]
11-06 14:14:59.051 D/BasicFigure( 2491): [TN_GLThread 73]isDrawFocused basicFigure=com.suma.midware.view.b.c.c@3914159e
11-06 14:14:59.396 D/BackBootDealerNeimeng( 2355): standbyState:
11-06 14:14:59.397 E/NetUtils( 2021): Interface eth0 LinkDown!
11-06 14:14:59.897 D/BackBootDealerNeimeng( 2355): standbyState:
11-06 14:14:59.898 E/NetUtils( 2021): Interface eth0 LinkDown!
11-06 14:15:00.084 D/BasicFigure( 2491): [TN_GLThread 73]isDrawFocused relyElement=[BaseElement@346a37d9]focusScale[1.15]elementAlpha[-1.0]refectAlpha[-1.0]isFocusAble[true]shadowIndex[-1]autoJumpType[-1]uniqueID[54resSize0]rect[NULL]
11-06 14:15:00.084 D/BasicFigure( 2491): [TN_GLThread 73]isDrawFocused basicFigure=com.suma.midware.view.b.c.c@3914159e
11-06 14:15:00.398 D/BackBootDealerNeimeng( 2355): standbyState:
11-06 14:15:00.399 E/NetUtils( 2021): Interface eth0 LinkDown!
11-06 14:15:00.495 D/TimeUpdate( 2491): [TN_main]dealTimeUpdate curTime=java.util.GregorianCalendar[time=1509948900495,areFieldsSet=true,lenient=true,zone=Asia/Shanghai,firstDayOfWeek=1,minimalDaysInFirstWeek=1,ERA=1,YEAR=2017,MONTH=10,WEEK_OF_YEAR=45,WEEK_OF_MONTH=2,DAY_OF_MONTH=6,DAY_OF_YEAR=310,DAY_OF_WEEK=2,DAY_OF_WEEK_IN_MONTH=1,AM_PM=1,HOUR=2,HOUR_OF_DAY=14,MINUTE=15,SECOND=0,MILLISECOND=495,ZONE_OFFSET=28800000,DST_OFFSET=0]
11-06 14:15:00.496 D/TextureManager( 2491): deleteTexture key:14:14_24_-1711276033_0_5.0_3.0_3.0_-7829368:textureID:23
11-06 14:15:00.497 D/TextureManager( 2491): loadTexture name:14:15_24_-1711276033_0_5.0_3.0_3.0_-7829368:textureID:23:recordSize:null
11-06 14:15:00.506 D/BasicFigure( 2491): [TN_GLThread 73]isDrawFocused relyElement=[BaseElement@346a37d9]focusScale[1.15]elementAlpha[-1.0]refectAlpha[-1.0]isFocusAble[true]shadowIndex[-1]autoJumpType[-1]uniqueID[54resSize0]rect[NULL]
11-06 14:15:00.506 D/BasicFigure( 2491): [TN_GLThread 73]isDrawFocused basicFigure=com.suma.midware.view.b.c.c@3914159e
11-06 14:15:00.517 D/BasicFigure( 2491): [TN_GLThread 73]isDrawFocused relyElement=[BaseElement@346a37d9]focusScale[1.15]elementAlpha[-1.0]refectAlpha[-1.0]isFocusAble[true]shadowIndex[-1]autoJumpType[-1]uniqueID[54resSize0]rect[NULL]
11-06 14:15:00.517 D/BasicFigure( 2491): [TN_GLThread 73]isDrawFocused basicFigure=com.suma.midware.view.b.c.c@3914159e
11-06 14:15:00.900 D/BackBootDealerNeimeng( 2355): standbyState:
11-06 14:15:00.901 E/NetUtils( 2021): Interface eth0 LinkDown!
11-06 14:15:01.401 D/BackBootDealerNeimeng( 2355): standbyState:
11-06 14:15:01.402 E/NetUtils( 2021): Interface eth0 LinkDown!
11-06 14:15:01.552 D/BasicFigure( 2491): [TN_GLThread 73]isDrawFocused relyElement=[BaseElement@346a37d9]focusScale[1.15]elementAlpha[-1.0]refectAlpha[-1.0]isFocusAble[true]shadowIndex[-1]autoJumpType[-1]uniqueID[54resSize0]rect[NULL]
11-06 14:15:01.552 D/BasicFigure( 2491): [TN_GLThread 73]isDrawFocused basicFigure=com.suma.midware.view.b.c.c@3914159e
11-06 14:15:01.902 D/BackBootDealerNeimeng( 2355): standbyState:
11-06 14:15:01.903 E/NetUtils( 2021): Interface eth0 LinkDown!
11-06 14:15:02.403 D/BackBootDealerNeimeng( 2355): standbyState:
11-06 14:15:02.405 E/NetUtils( 2021): Interface eth0 LinkDown!
11-06 14:15:02.584 D/BasicFigure( 2491): [TN_GLThread 73]isDrawFocused relyElement=[BaseElement@346a37d9]focusScale[1.15]elementAlpha[-1.0]refectAlpha[-1.0]isFocusAble[true]shadowIndex[-1]autoJumpType[-1]uniqueID[54resSize0]rect[NULL]
11-06 14:15:02.585 D/BasicFigure( 2491): [TN_GLThread 73]isDrawFocused basicFigure=com.suma.midware.view.b.c.c@3914159e
11-06 14:15:02.905 D/BackBootDealerNeimeng( 2355): standbyState:
11-06 14:15:02.906 E/NetUtils( 2021): Interface eth0 LinkDown!
11-06 14:15:03.406 D/BackBootDealerNeimeng( 2355): standbyState:
11-06 14:15:03.407 E/NetUtils( 2021): Interface eth0 LinkDown!
11-06 14:15:03.601 D/BasicFigure( 2491): [TN_GLThread 73]isDrawFocused relyElement=[BaseElement@346a37d9]focusScale[1.15]elementAlpha[-1.0]refectAlpha[-1.0]isFocusAble[true]shadowIndex[-1]autoJumpType[-1]uniqueID[54resSize0]rect[NULL]
11-06 14:15:03.601 D/BasicFigure( 2491): [TN_GLThread 73]isDrawFocused basicFigure=com.suma.midware.view.b.c.c@3914159e
11-06 14:15:03.907 D/BackBootDealerNeimeng( 2355): standbyState:
11-06 14:15:03.908 E/NetUtils( 2021): Interface eth0 LinkDown!
11-06 14:15:04.408 D/BackBootDealerNeimeng( 2355): standbyState:
11-06 14:15:04.410 E/NetUtils( 2021): Interface eth0 LinkDown!
11-06 14:15:04.636 D/BasicFigure( 2491): [TN_GLThread 73]isDrawFocused relyElement=[BaseElement@346a37d9]focusScale[1.15]elementAlpha[-1.0]refectAlpha[-1.0]isFocusAble[true]shadowIndex[-1]autoJumpType[-1]uniqueID[54resSize0]rect[NULL]
11-06 14:15:04.636 D/BasicFigure( 2491): [TN_GLThread 73]isDrawFocused basicFigure=com.suma.midware.view.b.c.c@3914159e
11-06 14:15:04.910 D/BackBootDealerNeimeng( 2355): standbyState:
11-06 14:15:04.911 E/NetUtils( 2021): Interface eth0 LinkDown!
11-06 14:15:05.411 D/BackBootDealerNeimeng( 2355): standbyState:
11-06 14:15:05.412 E/NetUtils( 2021): Interface eth0 LinkDown!
11-06 14:15:05.669 D/BasicFigure( 2491): [TN_GLThread 73]isDrawFocused relyElement=[BaseElement@346a37d9]focusScale[1.15]elementAlpha[-1.0]refectAlpha[-1.0]isFocusAble[true]shadowIndex[-1]autoJumpType[-1]uniqueID[54resSize0]rect[NULL]
11-06 14:15:05.669 D/BasicFigure( 2491): [TN_GLThread 73]isDrawFocused basicFigure=com.suma.midware.view.b.c.c@3914159e
11-06 14:15:05.912 D/BackBootDealerNeimeng( 2355): standbyState:
11-06 14:15:05.913 E/NetUtils( 2021): Interface eth0 LinkDown!
11-06 14:15:06.414 D/BackBootDealerNeimeng( 2355): standbyState:
11-06 14:15:06.415 E/NetUtils( 2021): Interface eth0 LinkDown!
11-06 14:15:06.682 D/BasicFigure( 2491): [TN_GLThread 73]isDrawFocused relyElement=[BaseElement@346a37d9]focusScale[1.15]elementAlpha[-1.0]refectAlpha[-1.0]isFocusAble[true]shadowIndex[-1]autoJumpType[-1]uniqueID[54resSize0]rect[NULL]
11-06 14:15:06.682 D/BasicFigure( 2491): [TN_GLThread 73]isDrawFocused basicFigure=com.suma.midware.view.b.c.c@3914159e
11-06 14:15:06.915 D/BackBootDealerNeimeng( 2355): standbyState:
11-06 14:15:06.916 E/NetUtils( 2021): Interface eth0 LinkDown!
11-06 14:15:07.416 D/BackBootDealerNeimeng( 2355): standbyState:
11-06 14:15:07.417 E/NetUtils( 2021): Interface eth0 LinkDown!
11-06 14:15:07.715 D/BasicFigure( 2491): [TN_GLThread 73]isDrawFocused relyElement=[BaseElement@346a37d9]focusScale[1.15]elementAlpha[-1.0]refectAlpha[-1.0]isFocusAble[true]shadowIndex[-1]autoJumpType[-1]uniqueID[54resSize0]rect[NULL]
11-06 14:15:07.715 D/BasicFigure( 2491): [TN_GLThread 73]isDrawFocused basicFigure=com.suma.midware.view.b.c.c@3914159e
11-06 14:15:07.917 D/BackBootDealerNeimeng( 2355): standbyState:
11-06 14:15:07.918 E/NetUtils( 2021): Interface eth0 LinkDown!
11-06 14:15:08.419 D/BackBootDealerNeimeng( 2355): standbyState:
11-06 14:15:08.420 E/NetUtils( 2021): Interface eth0 LinkDown!
11-06 14:15:08.748 D/BasicFigure( 2491): [TN_GLThread 73]isDrawFocused relyElement=[BaseElement@346a37d9]focusScale[1.15]elementAlpha[-1.0]refectAlpha[-1.0]isFocusAble[true]shadowIndex[-1]autoJumpType[-1]uniqueID[54resSize0]rect[NULL]
11-06 14:15:08.748 D/BasicFigure( 2491): [TN_GLThread 73]isDrawFocused basicFigure=com.suma.midware.view.b.c.c@3914159e
11-06 14:15:08.920 D/BackBootDealerNeimeng( 2355): standbyState:
11-06 14:15:08.921 E/NetUtils( 2021): Interface eth0 LinkDown!
11-06 14:15:09.421 D/BackBootDealerNeimeng( 2355): standbyState:
11-06 14:15:09.422 E/NetUtils( 2021): Interface eth0 LinkDown!
11-06 14:15:09.762 D/BasicFigure( 2491): [TN_GLThread 73]isDrawFocused relyElement=[BaseElement@346a37d9]focusScale[1.15]elementAlpha[-1.0]refectAlpha[-1.0]isFocusAble[true]shadowIndex[-1]autoJumpType[-1]uniqueID[54resSize0]rect[NULL]
11-06 14:15:09.762 D/BasicFigure( 2491): [TN_GLThread 73]isDrawFocused basicFigure=com.suma.midware.view.b.c.c@3914159e
11-06 14:15:09.922 D/BackBootDealerNeimeng( 2355): standbyState:
11-06 14:15:09.923 E/NetUtils( 2021): Interface eth0 LinkDown!
11-06 14:15:10.423 D/BackBootDealerNeimeng( 2355): standbyState:
11-06 14:15:10.424 E/NetUtils( 2021): Interface eth0 LinkDown!
11-06 14:15:10.794 D/BasicFigure( 2491): [TN_GLThread 73]isDrawFocused relyElement=[BaseElement@346a37d9]focusScale[1.15]elementAlpha[-1.0]refectAlpha[-1.0]isFocusAble[true]shadowIndex[-1]autoJumpType[-1]uniqueID[54resSize0]rect[NULL]
11-06 14:15:10.794 D/BasicFigure( 2491): [TN_GLThread 73]isDrawFocused basicFigure=com.suma.midware.view.b.c.c@3914159e
11-06 14:15:10.925 D/BackBootDealerNeimeng( 2355): standbyState:
11-06 14:15:10.925 E/NetUtils( 2021): Interface eth0 LinkDown!
11-06 14:15:11.277 D/Advertiser( 2428): End of sleep at time:1509948911277
11-06 14:15:11.278 D/Advertiser( 2428): Begin announce....with thread:org.cybergarage.d.b.a@25ed9e23
11-06 14:15:11.278 D/TimerUtil( 2428): waitRandom time=300,waitTime=57
11-06 14:15:11.278 D/Device  ( 2428): announce deviceDataBindAddress null
11-06 14:15:11.282 D/Device  ( 2428): announce 0 bindAddress=192.168.31.115
11-06 14:15:11.283 D/HTTPMUSocket( 2428): open addr=239.255.255.250,port=1900,bindAddr=192.168.31.115
11-06 14:15:11.287 D/HTTPMUSocket( 2428): send msg:NOTIFY * HTTP/1.1
11-06 14:15:11.287 D/HTTPMUSocket( 2428): Server: Linux/3.18.24_hi3798mv2x UPnP/1.0 CyberLinkJava/1.8
11-06 14:15:11.287 D/HTTPMUSocket( 2428): Cache-Control: max-age=1800
11-06 14:15:11.287 D/HTTPMUSocket( 2428): Location: http://192.168.31.115:38520/description.xml
11-06 14:15:11.287 D/HTTPMUSocket( 2428): NTS: ssdp:alive
11-06 14:15:11.287 D/HTTPMUSocket( 2428): NT: upnp:rootdevice
11-06 14:15:11.287 D/HTTPMUSocket( 2428): USN: uuid:418c7b66-86de-45d5-90fd-13e1eb88db7e::upnp:rootdevice
11-06 14:15:11.287 D/HTTPMUSocket( 2428): HOST: 239.255.255.250:1900
11-06 14:15:11.287 D/HTTPMUSocket( 2428): 
11-06 14:15:11.287 D/HTTPMUSocket( 2428): bindAddr:null and port:-1
11-06 14:15:11.287 D/HTTPMUSocket( 2428): /192.168.31.115
11-06 14:15:11.288 D/HTTPMUSocket( 2428): send msg:NOTIFY * HTTP/1.1
11-06 14:15:11.288 D/HTTPMUSocket( 2428): Server: Linux/3.18.24_hi3798mv2x UPnP/1.0 CyberLinkJava/1.8
11-06 14:15:11.288 D/HTTPMUSocket( 2428): Cache-Control: max-age=1800
11-06 14:15:11.288 D/HTTPMUSocket( 2428): Location: http://192.168.31.115:38520/description.xml
11-06 14:15:11.288 D/HTTPMUSocket( 2428): NTS: ssdp:alive
11-06 14:15:11.288 D/HTTPMUSocket( 2428): NT: uuid:418c7b66-86de-45d5-90fd-13e1eb88db7e
11-06 14:15:11.288 D/HTTPMUSocket( 2428): USN: uuid:418c7b66-86de-45d5-90fd-13e1eb88db7e
11-06 14:15:11.288 D/HTTPMUSocket( 2428): HOST: 239.255.255.250:1900
11-06 14:15:11.288 D/HTTPMUSocket( 2428): 
11-06 14:15:11.288 D/HTTPMUSocket( 2428): bindAddr:null and port:-1
11-06 14:15:11.289 D/HTTPMUSocket( 2428): /192.168.31.115
11-06 14:15:11.290 D/HTTPMUSocket( 2428): send msg:NOTIFY * HTTP/1.1
11-06 14:15:11.290 D/HTTPMUSocket( 2428): Server: Linux/3.18.24_hi3798mv2x UPnP/1.0 CyberLinkJava/1.8
11-06 14:15:11.290 D/HTTPMUSocket( 2428): Cache-Control: max-age=1800
11-06 14:15:11.290 D/HTTPMUSocket( 2428): Location: http://192.168.31.115:38520/description.xml
11-06 14:15:11.290 D/HTTPMUSocket( 2428): NTS: ssdp:alive
11-06 14:15:11.290 D/HTTPMUSocket( 2428): NT: urn:schemas-upnp-org:device:MediaServer:1
11-06 14:15:11.290 D/HTTPMUSocket( 2428): USN: uuid:418c7b66-86de-45d5-90fd-13e1eb88db7e::urn:schemas-upnp-org:device:MediaServer:1
11-06 14:15:11.290 D/HTTPMUSocket( 2428): HOST: 239.255.255.250:1900
11-06 14:15:11.290 D/HTTPMUSocket( 2428): 
11-06 14:15:11.290 D/HTTPMUSocket( 2428): bindAddr:null and port:-1
11-06 14:15:11.290 D/HTTPMUSocket( 2428): /192.168.31.115
11-06 14:15:11.291 D/Device  ( 2428): announce bindAddr=192.168.31.115,devLocation=http://192.168.31.115:38520/description.xml,location=http://192.168.31.115:38520/description.xml
11-06 14:15:11.291 D/Device  ( 2428): announce bindAddr=192.168.31.115,serviceDesUrl=
11-06 14:15:11.292 D/HTTPMUSocket( 2428): open addr=239.255.255.250,port=1900,bindAddr=192.168.31.115
11-06 14:15:11.296 D/TimerUtil( 2428): waitRandom time=300,waitTime=295
11-06 14:15:11.296 D/HTTPMUSocket( 2428): send msg:NOTIFY * HTTP/1.1
11-06 14:15:11.296 D/HTTPMUSocket( 2428): Server: Linux/3.18.24_hi3798mv2x UPnP/1.0 CyberLinkJava/1.8
11-06 14:15:11.296 D/HTTPMUSocket( 2428): Cache-Control: max-age=1800
11-06 14:15:11.296 D/HTTPMUSocket( 2428): Location: http://192.168.31.115:38520/description.xml
11-06 14:15:11.296 D/HTTPMUSocket( 2428): NTS: ssdp:alive
11-06 14:15:11.296 D/HTTPMUSocket( 2428): NT: urn:schemas-upnp-org:service:ContentDirectory:1
11-06 14:15:11.296 D/HTTPMUSocket( 2428): USN: uuid:418c7b66-86de-45d5-90fd-13e1eb88db7e::urn:schemas-upnp-org:service:ContentDirectory:1
11-06 14:15:11.296 D/HTTPMUSocket( 2428): HOST: 239.255.255.250:1900
11-06 14:15:11.296 D/HTTPMUSocket( 2428): 
11-06 14:15:11.296 D/HTTPMUSocket( 2428): bindAddr:null and port:-1
11-06 14:15:11.297 D/HTTPMUSocket( 2428): /192.168.31.115
11-06 14:15:11.297 D/Device  ( 2428): announce bindAddr=192.168.31.115,serviceDesUrl=
11-06 14:15:11.298 D/HTTPMUSocket( 2428): open addr=239.255.255.250,port=1900,bindAddr=192.168.31.115
11-06 14:15:11.302 D/TimerUtil( 2428): waitRandom time=300,waitTime=190
11-06 14:15:11.302 D/HTTPMUSocket( 2428): send msg:NOTIFY * HTTP/1.1
11-06 14:15:11.302 D/HTTPMUSocket( 2428): Server: Linux/3.18.24_hi3798mv2x UPnP/1.0 CyberLinkJava/1.8
11-06 14:15:11.302 D/HTTPMUSocket( 2428): Cache-Control: max-age=1800
11-06 14:15:11.302 D/HTTPMUSocket( 2428): Location: http://192.168.31.115:38520/description.xml
11-06 14:15:11.302 D/HTTPMUSocket( 2428): NTS: ssdp:alive
11-06 14:15:11.302 D/HTTPMUSocket( 2428): NT: urn:schemas-upnp-org:service:ConnectionManager:1
11-06 14:15:11.302 D/HTTPMUSocket( 2428): USN: uuid:418c7b66-86de-45d5-90fd-13e1eb88db7e::urn:schemas-upnp-org:service:ConnectionManager:1
11-06 14:15:11.302 D/HTTPMUSocket( 2428): HOST: 239.255.255.250:1900
11-06 14:15:11.302 D/HTTPMUSocket( 2428): 
11-06 14:15:11.302 D/HTTPMUSocket( 2428): bindAddr:null and port:-1
11-06 14:15:11.303 D/HTTPMUSocket( 2428): /192.168.31.115
11-06 14:15:11.303 D/Device  ( 2428): announce bindAddr=192.168.31.115,serviceDesUrl=
11-06 14:15:11.304 D/HTTPMUSocket( 2428): open addr=239.255.255.250,port=1900,bindAddr=192.168.31.115
11-06 14:15:11.308 D/TimerUtil( 2428): waitRandom time=300,waitTime=106
11-06 14:15:11.309 D/HTTPMUSocket( 2428): send msg:NOTIFY * HTTP/1.1
11-06 14:15:11.309 D/HTTPMUSocket( 2428): Server: Linux/3.18.24_hi3798mv2x UPnP/1.0 CyberLinkJava/1.8
11-06 14:15:11.309 D/HTTPMUSocket( 2428): Cache-Control: max-age=1800
11-06 14:15:11.309 D/HTTPMUSocket( 2428): Location: http://192.168.31.115:38520/description.xml
11-06 14:15:11.309 D/HTTPMUSocket( 2428): NTS: ssdp:alive
11-06 14:15:11.309 D/HTTPMUSocket( 2428): NT: urn:schemas-upnp-org:service:AVTransport:1
11-06 14:15:11.309 D/HTTPMUSocket( 2428): USN: uuid:418c7b66-86de-45d5-90fd-13e1eb88db7e::urn:schemas-upnp-org:service:AVTransport:1
11-06 14:15:11.309 D/HTTPMUSocket( 2428): HOST: 239.255.255.250:1900
11-06 14:15:11.309 D/HTTPMUSocket( 2428): 
11-06 14:15:11.309 D/HTTPMUSocket( 2428): bindAddr:null and port:-1
11-06 14:15:11.309 D/HTTPMUSocket( 2428): /192.168.31.115
11-06 14:15:11.310 D/Device  ( 2428): announce bindAddr=192.168.31.115,serviceDesUrl=
11-06 14:15:11.310 D/HTTPMUSocket( 2428): open addr=239.255.255.250,port=1900,bindAddr=192.168.31.115
11-06 14:15:11.314 D/TimerUtil( 2428): waitRandom time=300,waitTime=7
11-06 14:15:11.315 D/HTTPMUSocket( 2428): send msg:NOTIFY * HTTP/1.1
11-06 14:15:11.315 D/HTTPMUSocket( 2428): Server: Linux/3.18.24_hi3798mv2x UPnP/1.0 CyberLinkJava/1.8
11-06 14:15:11.315 D/HTTPMUSocket( 2428): Cache-Control: max-age=1800
11-06 14:15:11.315 D/HTTPMUSocket( 2428): Location: http://192.168.31.115:38520/description.xml
11-06 14:15:11.315 D/HTTPMUSocket( 2428): NTS: ssdp:alive
11-06 14:15:11.315 D/HTTPMUSocket( 2428): NT: urn:sumavision.com:service:X_SUMA_EVENT:1
11-06 14:15:11.315 D/HTTPMUSocket( 2428): USN: uuid:418c7b66-86de-45d5-90fd-13e1eb88db7e::urn:sumavision.com:service:X_SUMA_EVENT:1
11-06 14:15:11.315 D/HTTPMUSocket( 2428): HOST: 239.255.255.250:1900
11-06 14:15:11.315 D/HTTPMUSocket( 2428): 
11-06 14:15:11.315 D/HTTPMUSocket( 2428): bindAddr:null and port:-1
11-06 14:15:11.315 D/HTTPMUSocket( 2428): /192.168.31.115
11-06 14:15:11.316 D/Advertiser( 2428): Advertise12:40000 at time:1509948911316 with thread:org.cybergarage.d.b.a@25ed9e23
11-06 14:15:11.426 D/BackBootDealerNeimeng( 2355): standbyState:
11-06 14:15:11.426 E/NetUtils( 2021): Interface eth0 LinkDown!
11-06 14:15:11.827 D/BasicFigure( 2491): [TN_GLThread 73]isDrawFocused relyElement=[BaseElement@346a37d9]focusScale[1.15]elementAlpha[-1.0]refectAlpha[-1.0]isFocusAble[true]shadowIndex[-1]autoJumpType[-1]uniqueID[54resSize0]rect[NULL]
11-06 14:15:11.827 D/BasicFigure( 2491): [TN_GLThread 73]isDrawFocused basicFigure=com.suma.midware.view.b.c.c@3914159e
11-06 14:15:11.927 D/BackBootDealerNeimeng( 2355): standbyState:
11-06 14:15:11.928 E/NetUtils( 2021): Interface eth0 LinkDown!
11-06 14:15:12.428 D/BackBootDealerNeimeng( 2355): standbyState:
11-06 14:15:12.429 E/NetUtils( 2021): Interface eth0 LinkDown!
11-06 14:15:12.838 D/BasicFigure( 2491): [TN_GLThread 73]isDrawFocused relyElement=[BaseElement@346a37d9]focusScale[1.15]elementAlpha[-1.0]refectAlpha[-1.0]isFocusAble[true]shadowIndex[-1]autoJumpType[-1]uniqueID[54resSize0]rect[NULL]
11-06 14:15:12.838 D/BasicFigure( 2491): [TN_GLThread 73]isDrawFocused basicFigure=com.suma.midware.view.b.c.c@3914159e
11-06 14:15:12.930 D/BackBootDealerNeimeng( 2355): standbyState:
11-06 14:15:12.930 E/NetUtils( 2021): Interface eth0 LinkDown!
11-06 14:15:13.133 E/WifiStateMachine( 2021): WifiStateMachine CMD_START_SCAN source -2 txSuccessRate=0.28 rxSuccessRate=0.55 targetRoamBSSID=78:11:dc:10:d5:2d RSSI=-18
11-06 14:15:13.134 E/WifiStateMachine( 2021): WifiStateMachine starting scan for "Xiaomi_D52C"WPA_PSK with 2412
11-06 14:15:13.430 D/BackBootDealerNeimeng( 2355): standbyState:
11-06 14:15:13.431 E/NetUtils( 2021): Interface eth0 LinkDown!
11-06 14:15:13.864 I/EthernetNetworkFactory( 2021): updateInterfaceState :the mIface is:eth0iface is wlan0 true
