11-05 11:41:41.702 D/BasicFigure( 2492): [TN_GLThread 73]isDrawFocused relyElement=[BaseElement@3914159e]focusScale[1.15]elementAlpha[-1.0]refectAlpha[-1.0]isFocusAble[true]shadowIndex[-1]autoJumpType[-1]uniqueID[54resSize0]rect[NULL]
11-05 11:41:41.702 D/BasicFigure( 2492): [TN_GLThread 73]isDrawFocused basicFigure=com.suma.midware.view.b.c.c@257887f
11-05 11:41:41.721 D/BasicFigure( 2492): [TN_GLThread 73]isDrawFocused relyElement=[BaseElement@3914159e]focusScale[1.15]elementAlpha[-1.0]refectAlpha[-1.0]isFocusAble[true]shadowIndex[-1]autoJumpType[-1]uniqueID[54resSize0]rect[NULL]
11-05 11:41:41.721 D/BasicFigure( 2492): [TN_GLThread 73]isDrawFocused basicFigure=com.suma.midware.view.b.c.c@257887f
11-05 11:41:41.742 D/BasicFigure( 2492): [TN_GLThread 73]isDrawFocused relyElement=[BaseElement@3914159e]focusScale[1.15]elementAlpha[-1.0]refectAlpha[-1.0]isFocusAble[true]shadowIndex[-1]autoJumpType[-1]uniqueID[54resSize0]rect[NULL]
11-05 11:41:41.742 D/BasicFigure( 2492): [TN_GLThread 73]isDrawFocused basicFigure=com.suma.midware.view.b.c.c@257887f
11-05 11:41:41.761 D/BasicFigure( 2492): [TN_GLThread 73]isDrawFocused relyElement=[BaseElement@3914159e]focusScale[1.15]elementAlpha[-1.0]refectAlpha[-1.0]isFocusAble[true]shadowIndex[-1]autoJumpType[-1]uniqueID[54resSize0]rect[NULL]
11-05 11:41:41.761 D/BasicFigure( 2492): [TN_GLThread 73]isDrawFocused basicFigure=com.suma.midware.view.b.c.c@257887f
11-05 11:41:41.779 V/PT      ( 1581): >>INFO:irkey_task:[    4364.731016] /dev/input/event0: type=0001 code=006a val=00000000
11-05 11:41:41.779 D/ir_user ( 1585): PlayerTimeLineTrace:linux_keycode:0x6a(UP),	protocol: .
11-05 11:41:41.779 V/PT      ( 1581): >>INFO:irkey_send:0x3001 0x0027 up  
11-05 11:41:41.779 V/SUMA    ( 1581): ++++++++++++++  _roc_evtmgr_key_cbk 517:input = 12289, event=39, act=0x400
11-05 11:41:41.779 V/SUMA    ( 1581): lxm:_roc_evtmgr_key_cbk 519 4364731
11-05 11:41:41.779 V/SUMA    ( 1581): lxm:_roc_evtmgr_add_key_into_queue 311 4364731
11-05 11:41:41.779 V/PT      ( 1581): >>INFO:irkey_task:[    4364.731016] /dev/input/event0: type=0000 code=0000 val=00000000
11-05 11:41:41.779 V/SUMA    ( 1581): ===================>> type=0 src=0 evt=39 act=0x400
11-05 11:41:41.780 V/SUMA    ( 1581): [sysset-s][event_manager_cbk 78]lxm cbid=1, cbk_reg=1, cpid=2451
11-05 11:41:41.780 D/NGBEvent( 2451): ngbEventCallBack type:0 source :39
11-05 11:41:41.780 D/NGBEvent( 2451): [NGBEventManager-JNI]-returning:1
11-05 11:41:41.780 D/NGBEvent( 2451): Input key event: keyCode=39
11-05 11:41:41.780 D/NGBEvent( 2451): src:39 = dest:39
11-05 11:41:41.780 I/System.out( 2451): [DEBUG EventManager] LWJ--Add event to java with evt=NgbEvent-[type = 1, subtype = 402, code = 39]
11-05 11:41:41.780 D/NGBEvent( 2451): [NGBEvent_log]--[EventManager--JNI]:		start
11-05 11:41:41.780 I/System.out( 2451): [DEBUG EventManager] broadcastEvent  :len 1
11-05 11:41:41.780 D/KeyEventNgbDealer( 2451): [TN_pool-1-thread-1]handleKeyReleased keyEvent=NgbEvent-[type = 1, subtype = 402, code = 39],time=4364732
11-05 11:41:41.781 D/RemoteIME( 2321): RemoteIME--> onKeyUp keyCode = 22
11-05 11:41:41.781 D/Main3DActivity( 2492): [TN_main]dispatchKeyEvent event=KeyEvent { action=ACTION_UP, keyCode=KEYCODE_DPAD_RIGHT, scanCode=106, metaState=0, flags=0x8, repeatCount=0, eventTime=4364731, downTime=4364629, deviceId=3, source=0x701 },isEventAble=true
11-05 11:41:41.786 D/BasicFigure( 2492): [TN_GLThread 73]isDrawFocused relyElement=[BaseElement@3914159e]focusScale[1.15]elementAlpha[-1.0]refectAlpha[-1.0]isFocusAble[true]shadowIndex[-1]autoJumpType[-1]uniqueID[54resSize0]rect[NULL]
11-05 11:41:41.786 D/BasicFigure( 2492): [TN_GLThread 73]isDrawFocused basicFigure=com.suma.midware.view.b.c.c@257887f
11-05 11:41:41.794 D/BackBootDealerNeimeng( 2356): standbyState:
11-05 11:41:41.795 E/NetUtils( 2019): Interface eth0 LinkDown!
11-05 11:41:41.806 D/BasicFigure( 2492): [TN_GLThread 73]isDrawFocused relyElement=[BaseElement@3914159e]focusScale[1.15]elementAlpha[-1.0]refectAlpha[-1.0]isFocusAble[true]shadowIndex[-1]autoJumpType[-1]uniqueID[54resSize0]rect[NULL]
11-05 11:41:41.806 D/BasicFigure( 2492): [TN_GLThread 73]isDrawFocused basicFigure=com.suma.midware.view.b.c.c@257887f
11-05 11:41:41.821 D/BasicFigure( 2492): [TN_GLThread 73]isDrawFocused relyElement=[BaseElement@3914159e]focusScale[1.15]elementAlpha[-1.0]refectAlpha[-1.0]isFocusAble[true]shadowIndex[-1]autoJumpType[-1]uniqueID[54resSize0]rect[NULL]
11-05 11:41:41.822 D/BasicFigure( 2492): [TN_GLThread 73]isDrawFocused basicFigure=com.suma.midware.view.b.c.c@257887f
11-05 11:41:41.841 D/BasicFigure( 2492): [TN_GLThread 73]isDrawFocused relyElement=[BaseElement@3914159e]focusScale[1.15]elementAlpha[-1.0]refectAlpha[-1.0]isFocusAble[true]shadowIndex[-1]autoJumpType[-1]uniqueID[54resSize0]rect[NULL]
11-05 11:41:41.841 D/BasicFigure( 2492): [TN_GLThread 73]isDrawFocused basicFigure=com.suma.midware.view.b.c.c@257887f
11-05 11:41:41.861 D/BasicFigure( 2492): [TN_GLThread 73]isDrawFocused relyElement=[BaseElement@3914159e]focusScale[1.15]elementAlpha[-1.0]refectAlpha[-1.0]isFocusAble[true]shadowIndex[-1]autoJumpType[-1]uniqueID[54resSize0]rect[NULL]
11-05 11:41:41.861 D/BasicFigure( 2492): [TN_GLThread 73]isDrawFocused basicFigure=com.suma.midware.view.b.c.c@257887f
11-05 11:41:41.881 D/BasicFigure( 2492): [TN_GLThread 73]isDrawFocused relyElement=[BaseElement@3914159e]focusScale[1.15]elementAlpha[-1.0]refectAlpha[-1.0]isFocusAble[true]shadowIndex[-1]autoJumpType[-1]uniqueID[54resSize0]rect[NULL]
11-05 11:41:41.881 D/BasicFigure( 2492): [TN_GLThread 73]isDrawFocused basicFigure=com.suma.midware.view.b.c.c@257887f
11-05 11:41:41.906 D/BasicFigure( 2492): [TN_GLThread 73]isDrawFocused relyElement=[BaseElement@3914159e]focusScale[1.15]elementAlpha[-1.0]refectAlpha[-1.0]isFocusAble[true]shadowIndex[-1]autoJumpType[-1]uniqueID[54resSize0]rect[NULL]
11-05 11:41:41.906 D/BasicFigure( 2492): [TN_GLThread 73]isDrawFocused basicFigure=com.suma.midware.view.b.c.c@257887f
11-05 11:41:41.925 D/BasicFigure( 2492): [TN_GLThread 73]isDrawFocused relyElement=[BaseElement@3914159e]focusScale[1.15]elementAlpha[-1.0]refectAlpha[-1.0]isFocusAble[true]shadowIndex[-1]autoJumpType[-1]uniqueID[54resSize0]rect[NULL]
11-05 11:41:41.925 D/BasicFigure( 2492): [TN_GLThread 73]isDrawFocused basicFigure=com.suma.midware.view.b.c.c@257887f
11-05 11:41:41.946 D/BasicFigure( 2492): [TN_GLThread 73]isDrawFocused relyElement=[BaseElement@3914159e]focusScale[1.15]elementAlpha[-1.0]refectAlpha[-1.0]isFocusAble[true]shadowIndex[-1]autoJumpType[-1]uniqueID[54resSize0]rect[NULL]
11-05 11:41:41.946 D/BasicFigure( 2492): [TN_GLThread 73]isDrawFocused basicFigure=com.suma.midware.view.b.c.c@257887f
11-05 11:41:41.966 D/BasicFigure( 2492): [TN_GLThread 73]isDrawFocused relyElement=[BaseElement@3914159e]focusScale[1.15]elementAlpha[-1.0]refectAlpha[-1.0]isFocusAble[true]shadowIndex[-1]autoJumpType[-1]uniqueID[54resSize0]rect[NULL]
11-05 11:41:41.966 D/BasicFigure( 2492): [TN_GLThread 73]isDrawFocused basicFigure=com.suma.midware.view.b.c.c@257887f
11-05 11:41:41.989 D/BasicFigure( 2492): [TN_GLThread 73]isDrawFocused relyElement=[BaseElement@3914159e]focusScale[1.15]elementAlpha[-1.0]refectAlpha[-1.0]isFocusAble[true]shadowIndex[-1]autoJumpType[-1]uniqueID[54resSize0]rect[NULL]
11-05 11:41:41.989 D/BasicFigure( 2492): [TN_GLThread 73]isDrawFocused basicFigure=com.suma.midware.view.b.c.c@257887f
11-05 11:41:42.008 D/BasicFigure( 2492): [TN_GLThread 73]isDrawFocused relyElement=[BaseElement@3914159e]focusScale[1.15]elementAlpha[-1.0]refectAlpha[-1.0]isFocusAble[true]shadowIndex[-1]autoJumpType[-1]uniqueID[54resSize0]rect[NULL]
11-05 11:41:42.008 D/BasicFigure( 2492): [TN_GLThread 73]isDrawFocused basicFigure=com.suma.midware.view.b.c.c@257887f
11-05 11:41:42.028 D/BasicFigure( 2492): [TN_GLThread 73]isDrawFocused relyElement=[BaseElement@3914159e]focusScale[1.15]elementAlpha[-1.0]refectAlpha[-1.0]isFocusAble[true]shadowIndex[-1]autoJumpType[-1]uniqueID[54resSize0]rect[NULL]
11-05 11:41:42.029 D/BasicFigure( 2492): [TN_GLThread 73]isDrawFocused basicFigure=com.suma.midware.view.b.c.c@257887f
11-05 11:41:42.048 D/BasicFigure( 2492): [TN_GLThread 73]isDrawFocused relyElement=[BaseElement@3914159e]focusScale[1.15]elementAlpha[-1.0]refectAlpha[-1.0]isFocusAble[true]shadowIndex[-1]autoJumpType[-1]uniqueID[54resSize0]rect[NULL]
11-05 11:41:42.048 D/BasicFigure( 2492): [TN_GLThread 73]isDrawFocused basicFigure=com.suma.midware.view.b.c.c@257887f
11-05 11:41:42.069 D/BasicFigure( 2492): [TN_GLThread 73]isDrawFocused relyElement=[BaseElement@3914159e]focusScale[1.15]elementAlpha[-1.0]refectAlpha[-1.0]isFocusAble[true]shadowIndex[-1]autoJumpType[-1]uniqueID[54resSize0]rect[NULL]
11-05 11:41:42.069 D/BasicFigure( 2492): [TN_GLThread 73]isDrawFocused basicFigure=com.suma.midware.view.b.c.c@257887f
11-05 11:41:42.088 D/BasicFigure( 2492): [TN_GLThread 73]isDrawFocused relyElement=[BaseElement@3914159e]focusScale[1.15]elementAlpha[-1.0]refectAlpha[-1.0]isFocusAble[true]shadowIndex[-1]autoJumpType[-1]uniqueID[54resSize0]rect[NULL]
11-05 11:41:42.089 D/BasicFigure( 2492): [TN_GLThread 73]isDrawFocused basicFigure=com.suma.midware.view.b.c.c@257887f
11-05 11:41:42.108 D/BasicFigure( 2492): [TN_GLThread 73]isDrawFocused relyElement=[BaseElement@3914159e]focusScale[1.15]elementAlpha[-1.0]refectAlpha[-1.0]isFocusAble[true]shadowIndex[-1]autoJumpType[-1]uniqueID[54resSize0]rect[NULL]
11-05 11:41:42.109 D/BasicFigure( 2492): [TN_GLThread 73]isDrawFocused basicFigure=com.suma.midware.view.b.c.c@257887f
11-05 11:41:42.295 D/BackBootDealerNeimeng( 2356): standbyState:
11-05 11:41:42.296 E/NetUtils( 2019): Interface eth0 LinkDown!
11-05 11:41:42.502 V/SUMA    ( 1581): [mnt_ait_pol] csubtbl=0 ait_pid=0x1f40 hsrv=0xc0cd
11-05 11:41:42.530 D/IPLoaderNeimeng( 2356): after wait time11:41:42:monitorInterval:5000
11-05 11:41:42.531 D/IPLoaderNeimeng( 2356): before dealUpdateCheck time:11:41:42:isMsgBroadcast:false:monitorInterval:5000:processState:1
11-05 11:41:42.531 D/IPLoaderNeimeng( 2356): dealUpdateCheck isFirstSuccessUpdate:false:monitorInterval:5000
11-05 11:41:42.531 D/LoadHttpHandler( 2356): [TN_ThreadUtil-4]doNormal proxyConfig=null
11-05 11:41:42.542 E/LoadHttpHandler( 2356): [TN_ThreadUtil-4]doNormal illegal url=http://tvos-iploader.96066.com:90/neimeng/iploader/update.cfg,exceptionName=java.net.ConnectException
11-05 11:41:42.542 W/System.err( 2356): java.net.ConnectException: failed to connect to tvos-iploader.96066.com/10.254.233.8 (port 90) after 8000ms: isConnected failed: ENETUNREACH (Network is unreachable)
11-05 11:41:42.543 W/System.err( 2356): 	at libcore.io.IoBridge.isConnected(IoBridge.java:238)
11-05 11:41:42.543 W/System.err( 2356): 	at libcore.io.IoBridge.connectErrno(IoBridge.java:171)
11-05 11:41:42.543 W/System.err( 2356): 	at libcore.io.IoBridge.connect(IoBridge.java:122)
11-05 11:41:42.543 W/System.err( 2356): 	at java.net.PlainSocketImpl.connect(PlainSocketImpl.java:183)
11-05 11:41:42.543 W/System.err( 2356): 	at java.net.PlainSocketImpl.connect(PlainSocketImpl.java:456)
11-05 11:41:42.543 W/System.err( 2356): 	at java.net.Socket.connect(Socket.java:882)
11-05 11:41:42.543 W/System.err( 2356): 	at com.android.okhttp.internal.Platform.connectSocket(Platform.java:174)
11-05 11:41:42.543 W/System.err( 2356): 	at com.android.okhttp.Connection.connect(Connection.java:152)
11-05 11:41:42.543 W/System.err( 2356): 	at com.android.okhttp.internal.http.HttpEngine.connect(HttpEngine.java:276)
11-05 11:41:42.544 W/System.err( 2356): 	at com.android.okhttp.internal.http.HttpEngine.sendRequest(HttpEngine.java:211)
11-05 11:41:42.544 W/System.err( 2356): 	at com.android.okhttp.internal.http.HttpURLConnectionImpl.execute(HttpURLConnectionImpl.java:382)
11-05 11:41:42.544 W/System.err( 2356): 	at com.android.okhttp.internal.http.HttpURLConnectionImpl.connect(HttpURLConnectionImpl.java:106)
11-05 11:41:42.544 W/System.err( 2356): 	at com.suma.midware.prop.download.LoadHttpHandler.c(Unknown Source)
11-05 11:41:42.544 W/System.err( 2356): 	at com.suma.midware.prop.download.LoadHttpHandler.a(Unknown Source)
11-05 11:41:42.544 W/System.err( 2356): 	at com.suma.midware.prop.download.b.a(Unknown Source)
11-05 11:41:42.544 W/System.err( 2356): 	at com.suma.midware.back.loader.neimeng.IPLoaderNeimeng.a(Unknown Source)
11-05 11:41:42.544 W/System.err( 2356): 	at com.suma.midware.back.loader.neimeng.IPLoaderNeimeng.d(Unknown Source)
11-05 11:41:42.544 W/System.err( 2356): 	at com.suma.midware.back.loader.neimeng.IPLoaderNeimeng.c(Unknown Source)
11-05 11:41:42.544 W/System.err( 2356): 	at com.suma.midware.back.loader.b.run(Unknown Source)
11-05 11:41:42.544 W/System.err( 2356): 	at com.suma.midware.prop.util.c.run(Unknown Source)
11-05 11:41:42.544 W/System.err( 2356): 	at java.lang.Thread.run(Thread.java:818)
11-05 11:41:42.544 W/System.err( 2356): Caused by: android.system.ErrnoException: isConnected failed: ENETUNREACH (Network is unreachable)
11-05 11:41:42.545 W/System.err( 2356): 	at libcore.io.IoBridge.isConnected(IoBridge.java:223)
11-05 11:41:42.545 W/System.err( 2356): 	... 20 more
11-05 11:41:42.545 D/LoadHttpTask( 2356): dealUpdateCheck responseCode:-1:data:null:downloadResult:false
11-05 11:41:42.546 D/IPLoaderNeimeng( 2356): after dealUpdateCheck time:11:41:42:isMsgBroadcast:false:monitorInterval:5000:processState:1
11-05 11:41:42.546 D/IPLoaderNeimeng( 2356): before wait time11:41:42:monitorInterval:5000
11-05 11:41:42.738 E/storage_operate( 2914): HCDN_LOG: [2017/11/05-11:41:42:738]:[func:GetTaskCount],[line:827],[oper:get task count],[state:0],[count:0]
11-05 11:41:42.738 E/storage_operate( 2914): HCDN_LOG: [2017/11/05-11:41:42:738]:[func:GetTaskCount],[line:827],[oper:get task count],[state:0],[count:0]
11-05 11:41:42.738 E/storage_operate( 2914): HCDN_LOG: [2017/11/05-11:41:42:738]:[func:GetTaskCount],[line:827],[oper:get task count],[state:1],[count:0]
11-05 11:41:42.796 D/BackBootDealerNeimeng( 2356): standbyState:
11-05 11:41:42.797 E/NetUtils( 2019): Interface eth0 LinkDown!
11-05 11:41:42.876 E/storage_operate( 2654): HCDN_LOG: [2017/11/05-11:41:42:876]:[func:GetTaskCount],[line:827],[oper:get task count],[state:0],[count:0]
11-05 11:41:42.877 E/storage_operate( 2654): HCDN_LOG: [2017/11/05-11:41:42:877]:[func:GetTaskCount],[line:827],[oper:get task count],[state:0],[count:0]
11-05 11:41:42.877 E/storage_operate( 2654): HCDN_LOG: [2017/11/05-11:41:42:877]:[func:GetTaskCount],[line:827],[oper:get task count],[state:1],[count:0]
11-05 11:41:43.129 D/BasicFigure( 2492): [TN_GLThread 73]isDrawFocused relyElement=[BaseElement@3914159e]focusScale[1.15]elementAlpha[-1.0]refectAlpha[-1.0]isFocusAble[true]shadowIndex[-1]autoJumpType[-1]uniqueID[54resSize0]rect[NULL]
11-05 11:41:43.129 D/BasicFigure( 2492): [TN_GLThread 73]isDrawFocused basicFigure=com.suma.midware.view.b.c.c@257887f
11-05 11:41:43.298 D/BackBootDealerNeimeng( 2356): standbyState:
11-05 11:41:43.298 E/NetUtils( 2019): Interface eth0 LinkDown!
11-05 11:41:43.799 D/BackBootDealerNeimeng( 2356): standbyState:
11-05 11:41:43.800 E/NetUtils( 2019): Interface eth0 LinkDown!
11-05 11:41:44.150 D/BasicFigure( 2492): [TN_GLThread 73]isDrawFocused relyElement=[BaseElement@3914159e]focusScale[1.15]elementAlpha[-1.0]refectAlpha[-1.0]isFocusAble[true]shadowIndex[-1]autoJumpType[-1]uniqueID[54resSize0]rect[NULL]
11-05 11:41:44.150 D/BasicFigure( 2492): [TN_GLThread 73]isDrawFocused basicFigure=com.suma.midware.view.b.c.c@257887f
11-05 11:41:44.195 I/SystemTimeManager( 3120): doSynchronizedTime reset synProtection=0
11-05 11:41:44.202 I/Api     ( 3120): srcApiName:N2_A_3, 转换后的url=
11-05 11:41:44.202 I/Api     ( 3120): /SyncTime?OutputType=json&Mac=A8-F4-70-8A-E7-CB&MacId=A8-F4-70-8A-E7-CB&Version=5.3.008.200.2.DBEI.0.0_Release&UserId=mgtvmacA8F4708AE7CB&UserAgent=nn_player%2Fstd%2F1.0.0
11-05 11:41:44.203 I/SCHttpApiEngine( 3120): runTask taskId:73, Name:N2_A_3,forceUpdate:false , url:/SyncTime?OutputType=json&Mac=A8-F4-70-8A-E7-CB&MacId=A8-F4-70-8A-E7-CB&Version=5.3.008.200.2.DBEI.0.0_Release&UserId=mgtvmacA8F4708AE7CB&UserAgent=nn_player%2Fstd%2F1.0.0
11-05 11:41:44.203 I/SCHttpApiEngine( 3120): runTask engine cache not use taskId:73 taskName:N2_A_3 CacheLife:0s
11-05 11:41:44.204 I/Starcor ( 3120): Req url    (N2_A_3):/SyncTime?OutputType=json&Mac=A8-F4-70-8A-E7-CB&MacId=A8-F4-70-8A-E7-CB&Version=5.3.008.200.2.DBEI.0.0_Release&UserId=mgtvmacA8F4708AE7CB&UserAgent=nn_player%2Fstd%2F1.0.0
11-05 11:41:44.205 I/Starcor ( 3120): httpDns url(N2_A_3):/SyncTime?OutputType=json&Mac=A8-F4-70-8A-E7-CB&MacId=A8-F4-70-8A-E7-CB&Version=5.3.008.200.2.DBEI.0.0_Release&UserId=mgtvmacA8F4708AE7CB&UserAgent=nn_player%2Fstd%2F1.0.0
11-05 11:41:44.205 W/System.err( 3120): java.net.MalformedURLException: Protocol not found: /SyncTime?OutputType=json&Mac=A8-F4-70-8A-E7-CB&MacId=A8-F4-70-8A-E7-CB&Version=5.3.008.200.2.DBEI.0.0_Release&UserId=mgtvmacA8F4708AE7CB&UserAgent=nn_player%2Fstd%2F1.0.0
11-05 11:41:44.205 W/System.err( 3120): 	at java.net.URL.<init>(URL.java:176)
11-05 11:41:44.205 W/System.err( 3120): 	at java.net.URL.<init>(URL.java:125)
11-05 11:41:44.205 W/System.err( 3120): 	at com.starcor.core.utils.HttpUtil.tryGetIp(HttpUtil.java:79)
11-05 11:41:44.205 W/System.err( 3120): 	at com.starcor.httpapi.core.SCHttpTools.doRequest(SCHttpTools.java:105)
11-05 11:41:44.205 W/System.err( 3120): 	at com.starcor.httpapi.core.SCHttpApiEngine$ApiRunnable.runTask(SCHttpApiEngine.java:507)
11-05 11:41:44.205 W/System.err( 3120): 	at com.starcor.httpapi.core.SCHttpApiEngine$ApiRunnable.run(SCHttpApiEngine.java:442)
11-05 11:41:44.205 W/System.err( 3120): 	at java.lang.Thread.run(Thread.java:818)
11-05 11:41:44.208 W/System.err( 3120): java.lang.IllegalStateException: Target host must not be null, or set in parameters. scheme=null, host=null, path=/SyncTime
11-05 11:41:44.208 W/System.err( 3120): 	at org.apache.http.impl.client.DefaultRequestDirector.determineRoute(DefaultRequestDirector.java:596)
11-05 11:41:44.208 W/System.err( 3120): 	at org.apache.http.impl.client.DefaultRequestDirector.execute(DefaultRequestDirector.java:298)
11-05 11:41:44.208 W/System.err( 3120): 	at org.apache.http.impl.client.AbstractHttpClient.execute(AbstractHttpClient.java:560)
11-05 11:41:44.208 W/System.err( 3120): 	at org.apache.http.impl.client.AbstractHttpClient.execute(AbstractHttpClient.java:492)
11-05 11:41:44.209 W/System.err( 3120): 	at org.apache.http.impl.client.AbstractHttpClient.execute(AbstractHttpClient.java:470)
11-05 11:41:44.209 W/System.err( 3120): 	at com.starcor.httpapi.core.SCHttpTools.doRequest(SCHttpTools.java:178)
11-05 11:41:44.209 W/System.err( 3120): 	at com.starcor.httpapi.core.SCHttpApiEngine$ApiRunnable.runTask(SCHttpApiEngine.java:507)
11-05 11:41:44.209 W/System.err( 3120): 	at com.starcor.httpapi.core.SCHttpApiEngine$ApiRunnable.run(SCHttpApiEngine.java:442)
11-05 11:41:44.209 W/System.err( 3120): 	at java.lang.Thread.run(Thread.java:818)
11-05 11:41:44.212 I/Starcor ( 3120): Req url    (N2_A_3):/SyncTime?OutputType=json&Mac=A8-F4-70-8A-E7-CB&MacId=A8-F4-70-8A-E7-CB&Version=5.3.008.200.2.DBEI.0.0_Release&UserId=mgtvmacA8F4708AE7CB&UserAgent=nn_player%2Fstd%2F1.0.0
11-05 11:41:44.212 I/Starcor ( 3120): httpDns url(N2_A_3):/SyncTime?OutputType=json&Mac=A8-F4-70-8A-E7-CB&MacId=A8-F4-70-8A-E7-CB&Version=5.3.008.200.2.DBEI.0.0_Release&UserId=mgtvmacA8F4708AE7CB&UserAgent=nn_player%2Fstd%2F1.0.0
11-05 11:41:44.212 W/System.err( 3120): java.net.MalformedURLException: Protocol not found: /SyncTime?OutputType=json&Mac=A8-F4-70-8A-E7-CB&MacId=A8-F4-70-8A-E7-CB&Version=5.3.008.200.2.DBEI.0.0_Release&UserId=mgtvmacA8F4708AE7CB&UserAgent=nn_player%2Fstd%2F1.0.0
11-05 11:41:44.212 W/System.err( 3120): 	at java.net.URL.<init>(URL.java:176)
11-05 11:41:44.212 W/System.err( 3120): 	at java.net.URL.<init>(URL.java:125)
11-05 11:41:44.212 W/System.err( 3120): 	at com.starcor.core.utils.HttpUtil.tryGetIp(HttpUtil.java:79)
11-05 11:41:44.212 W/System.err( 3120): 	at com.starcor.httpapi.core.SCHttpTools.doRequest(SCHttpTools.java:105)
11-05 11:41:44.213 W/System.err( 3120): 	at com.starcor.httpapi.core.SCHttpApiEngine$ApiRunnable.runTask(SCHttpApiEngine.java:507)
11-05 11:41:44.213 W/System.err( 3120): 	at com.starcor.httpapi.core.SCHttpApiEngine$ApiRunnable.run(SCHttpApiEngine.java:442)
11-05 11:41:44.213 W/System.err( 3120): 	at java.lang.Thread.run(Thread.java:818)
11-05 11:41:44.215 W/System.err( 3120): java.lang.IllegalStateException: Target host must not be null, or set in parameters. scheme=null, host=null, path=/SyncTime
11-05 11:41:44.215 W/System.err( 3120): 	at org.apache.http.impl.client.DefaultRequestDirector.determineRoute(DefaultRequestDirector.java:596)
11-05 11:41:44.216 W/System.err( 3120): 	at org.apache.http.impl.client.DefaultRequestDirector.execute(DefaultRequestDirector.java:298)
11-05 11:41:44.216 W/System.err( 3120): 	at org.apache.http.impl.client.AbstractHttpClient.execute(AbstractHttpClient.java:560)
11-05 11:41:44.216 W/System.err( 3120): 	at org.apache.http.impl.client.AbstractHttpClient.execute(AbstractHttpClient.java:492)
11-05 11:41:44.216 W/System.err( 3120): 	at org.apache.http.impl.client.AbstractHttpClient.execute(AbstractHttpClient.java:470)
11-05 11:41:44.216 W/System.err( 3120): 	at com.starcor.httpapi.core.SCHttpTools.doRequest(SCHttpTools.java:178)
11-05 11:41:44.216 W/System.err( 3120): 	at com.starcor.httpapi.core.SCHttpApiEngine$ApiRunnable.runTask(SCHttpApiEngine.java:507)
11-05 11:41:44.216 W/System.err( 3120): 	at com.starcor.httpapi.core.SCHttpApiEngine$ApiRunnable.run(SCHttpApiEngine.java:442)
11-05 11:41:44.216 W/System.err( 3120): 	at java.lang.Thread.run(Thread.java:818)
11-05 11:41:44.219 I/Starcor ( 3120): Req url    (N2_A_3):/SyncTime?OutputType=json&Mac=A8-F4-70-8A-E7-CB&MacId=A8-F4-70-8A-E7-CB&Version=5.3.008.200.2.DBEI.0.0_Release&UserId=mgtvmacA8F4708AE7CB&UserAgent=nn_player%2Fstd%2F1.0.0
11-05 11:41:44.220 I/Starcor ( 3120): httpDns url(N2_A_3):/SyncTime?OutputType=json&Mac=A8-F4-70-8A-E7-CB&MacId=A8-F4-70-8A-E7-CB&Version=5.3.008.200.2.DBEI.0.0_Release&UserId=mgtvmacA8F4708AE7CB&UserAgent=nn_player%2Fstd%2F1.0.0
11-05 11:41:44.220 W/System.err( 3120): java.net.MalformedURLException: Protocol not found: /SyncTime?OutputType=json&Mac=A8-F4-70-8A-E7-CB&MacId=A8-F4-70-8A-E7-CB&Version=5.3.008.200.2.DBEI.0.0_Release&UserId=mgtvmacA8F4708AE7CB&UserAgent=nn_player%2Fstd%2F1.0.0
11-05 11:41:44.220 W/System.err( 3120): 	at java.net.URL.<init>(URL.java:176)
11-05 11:41:44.220 W/System.err( 3120): 	at java.net.URL.<init>(URL.java:125)
11-05 11:41:44.220 W/System.err( 3120): 	at com.starcor.core.utils.HttpUtil.tryGetIp(HttpUtil.java:79)
11-05 11:41:44.220 W/System.err( 3120): 	at com.starcor.httpapi.core.SCHttpTools.doRequest(SCHttpTools.java:105)
11-05 11:41:44.220 W/System.err( 3120): 	at com.starcor.httpapi.core.SCHttpApiEngine$ApiRunnable.runTask(SCHttpApiEngine.java:507)
11-05 11:41:44.220 W/System.err( 3120): 	at com.starcor.httpapi.core.SCHttpApiEngine$ApiRunnable.run(SCHttpApiEngine.java:442)
11-05 11:41:44.220 W/System.err( 3120): 	at java.lang.Thread.run(Thread.java:818)
11-05 11:41:44.223 W/System.err( 3120): java.lang.IllegalStateException: Target host must not be null, or set in parameters. scheme=null, host=null, path=/SyncTime
11-05 11:41:44.223 W/System.err( 3120): 	at org.apache.http.impl.client.DefaultRequestDirector.determineRoute(DefaultRequestDirector.java:596)
11-05 11:41:44.223 W/System.err( 3120): 	at org.apache.http.impl.client.DefaultRequestDirector.execute(DefaultRequestDirector.java:298)
11-05 11:41:44.224 W/System.err( 3120): 	at org.apache.http.impl.client.AbstractHttpClient.execute(AbstractHttpClient.java:560)
11-05 11:41:44.224 W/System.err( 3120): 	at org.apache.http.impl.client.AbstractHttpClient.execute(AbstractHttpClient.java:492)
11-05 11:41:44.224 W/System.err( 3120): 	at org.apache.http.impl.client.AbstractHttpClient.execute(AbstractHttpClient.java:470)
11-05 11:41:44.224 W/System.err( 3120): 	at com.starcor.httpapi.core.SCHttpTools.doRequest(SCHttpTools.java:178)
11-05 11:41:44.224 W/System.err( 3120): 	at com.starcor.httpapi.core.SCHttpApiEngine$ApiRunnable.runTask(SCHttpApiEngine.java:507)
11-05 11:41:44.224 W/System.err( 3120): 	at com.starcor.httpapi.core.SCHttpApiEngine$ApiRunnable.run(SCHttpApiEngine.java:442)
11-05 11:41:44.224 W/System.err( 3120): 	at java.lang.Thread.run(Thread.java:818)
11-05 11:41:44.226 I/Starcor ( 3120): Req url    (N2_A_3):/SyncTime?OutputType=json&Mac=A8-F4-70-8A-E7-CB&MacId=A8-F4-70-8A-E7-CB&Version=5.3.008.200.2.DBEI.0.0_Release&UserId=mgtvmacA8F4708AE7CB&UserAgent=nn_player%2Fstd%2F1.0.0
11-05 11:41:44.226 I/Starcor ( 3120): httpDns url(N2_A_3):/SyncTime?OutputType=json&Mac=A8-F4-70-8A-E7-CB&MacId=A8-F4-70-8A-E7-CB&Version=5.3.008.200.2.DBEI.0.0_Release&UserId=mgtvmacA8F4708AE7CB&UserAgent=nn_player%2Fstd%2F1.0.0
11-05 11:41:44.226 W/System.err( 3120): java.net.MalformedURLException: Protocol not found: /SyncTime?OutputType=json&Mac=A8-F4-70-8A-E7-CB&MacId=A8-F4-70-8A-E7-CB&Version=5.3.008.200.2.DBEI.0.0_Release&UserId=mgtvmacA8F4708AE7CB&UserAgent=nn_player%2Fstd%2F1.0.0
11-05 11:41:44.226 W/System.err( 3120): 	at java.net.URL.<init>(URL.java:176)
11-05 11:41:44.226 W/System.err( 3120): 	at java.net.URL.<init>(URL.java:125)
11-05 11:41:44.226 W/System.err( 3120): 	at com.starcor.core.utils.HttpUtil.tryGetIp(HttpUtil.java:79)
11-05 11:41:44.227 W/System.err( 3120): 	at com.starcor.httpapi.core.SCHttpTools.doRequest(SCHttpTools.java:105)
11-05 11:41:44.227 W/System.err( 3120): 	at com.starcor.httpapi.core.SCHttpApiEngine$ApiRunnable.runTask(SCHttpApiEngine.java:507)
11-05 11:41:44.227 W/System.err( 3120): 	at com.starcor.httpapi.core.SCHttpApiEngine$ApiRunnable.run(SCHttpApiEngine.java:442)
11-05 11:41:44.227 W/System.err( 3120): 	at java.lang.Thread.run(Thread.java:818)
11-05 11:41:44.229 W/System.err( 3120): java.lang.IllegalStateException: Target host must not be null, or set in parameters. scheme=null, host=null, path=/SyncTime
11-05 11:41:44.229 W/System.err( 3120): 	at org.apache.http.impl.client.DefaultRequestDirector.determineRoute(DefaultRequestDirector.java:596)
11-05 11:41:44.229 W/System.err( 3120): 	at org.apache.http.impl.client.DefaultRequestDirector.execute(DefaultRequestDirector.java:298)
11-05 11:41:44.229 W/System.err( 3120): 	at org.apache.http.impl.client.AbstractHttpClient.execute(AbstractHttpClient.java:560)
11-05 11:41:44.229 W/System.err( 3120): 	at org.apache.http.impl.client.AbstractHttpClient.execute(AbstractHttpClient.java:492)
11-05 11:41:44.229 W/System.err( 3120): 	at org.apache.http.impl.client.AbstractHttpClient.execute(AbstractHttpClient.java:470)
11-05 11:41:44.229 W/System.err( 3120): 	at com.starcor.httpapi.core.SCHttpTools.doRequest(SCHttpTools.java:178)
11-05 11:41:44.229 W/System.err( 3120): 	at com.starcor.httpapi.core.SCHttpApiEngine$ApiRunnable.runTask(SCHttpApiEngine.java:507)
11-05 11:41:44.229 W/System.err( 3120): 	at com.starcor.httpapi.core.SCHttpApiEngine$ApiRunnable.run(SCHttpApiEngine.java:442)
11-05 11:41:44.229 W/System.err( 3120): 	at java.lang.Thread.run(Thread.java:818)
11-05 11:41:44.232 I/Api     ( 3120): srcApiName:N2_A_3, 转换后的url=
11-05 11:41:44.232 I/Api     ( 3120): /SyncTime?OutputType=json&Mac=A8-F4-70-8A-E7-CB&MacId=A8-F4-70-8A-E7-CB&Version=5.3.008.200.2.DBEI.0.0_Release&UserId=mgtvmacA8F4708AE7CB&UserAgent=nn_player%2Fstd%2F1.0.0
11-05 11:41:44.232 I/SCHttpApiEngine( 3120): runTask complete taskId:73, taskName:N2_A_3, CacheLife:0s, coast time:36ms
11-05 11:41:44.232 W/SystemTimeManager( 3120): Time synchronization fails,reslut code:0
11-05 11:41:44.232 I/SystemTimeManager( 3120): handleMessage reset synProtection=0
11-05 11:41:44.301 D/BackBootDealerNeimeng( 2356): standbyState:
11-05 11:41:44.301 E/NetUtils( 2019): Interface eth0 LinkDown!
11-05 11:41:44.801 D/BackBootDealerNeimeng( 2356): standbyState:
11-05 11:41:44.802 E/NetUtils( 2019): Interface eth0 LinkDown!
11-05 11:41:45.171 D/BasicFigure( 2492): [TN_GLThread 73]isDrawFocused relyElement=[BaseElement@3914159e]focusScale[1.15]elementAlpha[-1.0]refectAlpha[-1.0]isFocusAble[true]shadowIndex[-1]autoJumpType[-1]uniqueID[54resSize0]rect[NULL]
11-05 11:41:45.171 D/BasicFigure( 2492): [TN_GLThread 73]isDrawFocused basicFigure=com.suma.midware.view.b.c.c@257887f
11-05 11:41:45.303 D/BackBootDealerNeimeng( 2356): standbyState:
11-05 11:41:45.303 E/NetUtils( 2019): Interface eth0 LinkDown!
11-05 11:41:45.739 E/storage_operate( 2914): HCDN_LOG: [2017/11/05-11:41:45:739]:[func:GetTaskCount],[line:827],[oper:get task count],[state:0],[count:0]
11-05 11:41:45.739 E/storage_operate( 2914): HCDN_LOG: [2017/11/05-11:41:45:739]:[func:GetTaskCount],[line:827],[oper:get task count],[state:0],[count:0]
11-05 11:41:45.739 E/storage_operate( 2914): HCDN_LOG: [2017/11/05-11:41:45:739]:[func:GetTaskCount],[line:827],[oper:get task count],[state:1],[count:0]
11-05 11:41:45.804 D/BackBootDealerNeimeng( 2356): standbyState:
11-05 11:41:45.805 E/NetUtils( 2019): Interface eth0 LinkDown!
11-05 11:41:45.877 E/storage_operate( 2654): HCDN_LOG: [2017/11/05-11:41:45:877]:[func:GetTaskCount],[line:827],[oper:get task count],[state:0],[count:0]
11-05 11:41:45.877 E/storage_operate( 2654): HCDN_LOG: [2017/11/05-11:41:45:877]:[func:GetTaskCount],[line:827],[oper:get task count],[state:0],[count:0]
11-05 11:41:45.877 E/storage_operate( 2654): HCDN_LOG: [2017/11/05-11:41:45:877]:[func:GetTaskCount],[line:827],[oper:get task count],[state:1],[count:0]
11-05 11:41:46.192 D/BasicFigure( 2492): [TN_GLThread 73]isDrawFocused relyElement=[BaseElement@3914159e]focusScale[1.15]elementAlpha[-1.0]refectAlpha[-1.0]isFocusAble[true]shadowIndex[-1]autoJumpType[-1]uniqueID[54resSize0]rect[NULL]
11-05 11:41:46.192 D/BasicFigure( 2492): [TN_GLThread 73]isDrawFocused basicFigure=com.suma.midware.view.b.c.c@257887f
11-05 11:41:46.305 D/BackBootDealerNeimeng( 2356): standbyState:
11-05 11:41:46.306 E/NetUtils( 2019): Interface eth0 LinkDown!
11-05 11:41:46.807 D/BackBootDealerNeimeng( 2356): standbyState:
11-05 11:41:46.807 E/NetUtils( 2019): Interface eth0 LinkDown!
11-05 11:41:47.213 D/BasicFigure( 2492): [TN_GLThread 73]isDrawFocused relyElement=[BaseElement@3914159e]focusScale[1.15]elementAlpha[-1.0]refectAlpha[-1.0]isFocusAble[true]shadowIndex[-1]autoJumpType[-1]uniqueID[54resSize0]rect[NULL]
11-05 11:41:47.213 D/BasicFigure( 2492): [TN_GLThread 73]isDrawFocused basicFigure=com.suma.midware.view.b.c.c@257887f
11-05 11:41:47.308 D/BackBootDealerNeimeng( 2356): standbyState:
11-05 11:41:47.309 E/NetUtils( 2019): Interface eth0 LinkDown!
11-05 11:41:47.809 D/BackBootDealerNeimeng( 2356): standbyState:
11-05 11:41:47.811 E/NetUtils( 2019): Interface eth0 LinkDown!
11-05 11:41:48.234 D/BasicFigure( 2492): [TN_GLThread 73]isDrawFocused relyElement=[BaseElement@3914159e]focusScale[1.15]elementAlpha[-1.0]refectAlpha[-1.0]isFocusAble[true]shadowIndex[-1]autoJumpType[-1]uniqueID[54resSize0]rect[NULL]
11-05 11:41:48.234 D/BasicFigure( 2492): [TN_GLThread 73]isDrawFocused basicFigure=com.suma.midware.view.b.c.c@257887f
11-05 11:41:48.311 D/BackBootDealerNeimeng( 2356): standbyState:
11-05 11:41:48.312 E/NetUtils( 2019): Interface eth0 LinkDown!
11-05 11:41:48.739 E/storage_operate( 2914): HCDN_LOG: [2017/11/05-11:41:48:739]:[func:GetTaskCount],[line:827],[oper:get task count],[state:0],[count:0]
11-05 11:41:48.739 E/storage_operate( 2914): HCDN_LOG: [2017/11/05-11:41:48:739]:[func:GetTaskCount],[line:827],[oper:get task count],[state:0],[count:0]
11-05 11:41:48.739 E/storage_operate( 2914): HCDN_LOG: [2017/11/05-11:41:48:739]:[func:GetTaskCount],[line:827],[oper:get task count],[state:1],[count:0]
11-05 11:41:48.813 D/BackBootDealerNeimeng( 2356): standbyState:
11-05 11:41:48.814 E/NetUtils( 2019): Interface eth0 LinkDown!
11-05 11:41:48.877 E/storage_operate( 2654): HCDN_LOG: [2017/11/05-11:41:48:877]:[func:GetTaskCount],[line:827],[oper:get task count],[state:0],[count:0]
11-05 11:41:48.878 E/storage_operate( 2654): HCDN_LOG: [2017/11/05-11:41:48:878]:[func:GetTaskCount],[line:827],[oper:get task count],[state:0],[count:0]
11-05 11:41:48.878 E/storage_operate( 2654): HCDN_LOG: [2017/11/05-11:41:48:878]:[func:GetTaskCount],[line:827],[oper:get task count],[state:1],[count:0]
11-05 11:41:49.256 D/BasicFigure( 2492): [TN_GLThread 73]isDrawFocused relyElement=[BaseElement@3914159e]focusScale[1.15]elementAlpha[-1.0]refectAlpha[-1.0]isFocusAble[true]shadowIndex[-1]autoJumpType[-1]uniqueID[54resSize0]rect[NULL]
11-05 11:41:49.256 D/BasicFigure( 2492): [TN_GLThread 73]isDrawFocused basicFigure=com.suma.midware.view.b.c.c@257887f
11-05 11:41:49.314 D/BackBootDealerNeimeng( 2356): standbyState:
11-05 11:41:49.315 E/NetUtils( 2019): Interface eth0 LinkDown!
11-05 11:41:49.815 D/BackBootDealerNeimeng( 2356): standbyState:
11-05 11:41:49.818 E/NetUtils( 2019): Interface eth0 LinkDown!
11-05 11:41:49.926 D/Advertiser( 2426): End of sleep at time:1509853309926
11-05 11:41:49.926 D/Advertiser( 2426): Begin announce....with thread:org.cybergarage.d.b.a@3ddc238
11-05 11:41:49.926 D/TimerUtil( 2426): waitRandom time=300,waitTime=284
11-05 11:41:49.926 D/Device  ( 2426): announce deviceDataBindAddress null
11-05 11:41:49.931 D/Device  ( 2426): announce 0 bindAddress=192.168.31.49
11-05 11:41:49.932 D/HTTPMUSocket( 2426): open addr=239.255.255.250,port=1900,bindAddr=192.168.31.49
11-05 11:41:49.936 D/HTTPMUSocket( 2426): send msg:NOTIFY * HTTP/1.1
11-05 11:41:49.936 D/HTTPMUSocket( 2426): Server: Linux/3.18.24_hi3798mv2x UPnP/1.0 CyberLinkJava/1.8
11-05 11:41:49.936 D/HTTPMUSocket( 2426): Cache-Control: max-age=1800
11-05 11:41:49.936 D/HTTPMUSocket( 2426): Location: http://192.168.31.49:38520/description.xml
11-05 11:41:49.936 D/HTTPMUSocket( 2426): NTS: ssdp:alive
11-05 11:41:49.936 D/HTTPMUSocket( 2426): NT: upnp:rootdevice
11-05 11:41:49.936 D/HTTPMUSocket( 2426): USN: uuid:51fd4a57-a937-4066-8f0e-e8639f1cc24e::upnp:rootdevice
11-05 11:41:49.936 D/HTTPMUSocket( 2426): HOST: 239.255.255.250:1900
11-05 11:41:49.936 D/HTTPMUSocket( 2426): 
11-05 11:41:49.936 D/HTTPMUSocket( 2426): bindAddr:null and port:-1
11-05 11:41:49.937 D/HTTPMUSocket( 2426): /192.168.31.49
11-05 11:41:49.939 D/HTTPMUSocket( 2426): send msg:NOTIFY * HTTP/1.1
11-05 11:41:49.939 D/HTTPMUSocket( 2426): Server: Linux/3.18.24_hi3798mv2x UPnP/1.0 CyberLinkJava/1.8
11-05 11:41:49.939 D/HTTPMUSocket( 2426): Cache-Control: max-age=1800
11-05 11:41:49.939 D/HTTPMUSocket( 2426): Location: http://192.168.31.49:38520/description.xml
11-05 11:41:49.939 D/HTTPMUSocket( 2426): NTS: ssdp:alive
11-05 11:41:49.939 D/HTTPMUSocket( 2426): NT: uuid:51fd4a57-a937-4066-8f0e-e8639f1cc24e
11-05 11:41:49.939 D/HTTPMUSocket( 2426): USN: uuid:51fd4a57-a937-4066-8f0e-e8639f1cc24e
11-05 11:41:49.939 D/HTTPMUSocket( 2426): HOST: 239.255.255.250:1900
11-05 11:41:49.939 D/HTTPMUSocket( 2426): 
11-05 11:41:49.939 D/HTTPMUSocket( 2426): bindAddr:null and port:-1
11-05 11:41:49.939 D/HTTPMUSocket( 2426): /192.168.31.49
11-05 11:41:49.941 D/HTTPMUSocket( 2426): send msg:NOTIFY * HTTP/1.1
11-05 11:41:49.941 D/HTTPMUSocket( 2426): Server: Linux/3.18.24_hi3798mv2x UPnP/1.0 CyberLinkJava/1.8
11-05 11:41:49.941 D/HTTPMUSocket( 2426): Cache-Control: max-age=1800
11-05 11:41:49.941 D/HTTPMUSocket( 2426): Location: http://192.168.31.49:38520/description.xml
11-05 11:41:49.941 D/HTTPMUSocket( 2426): NTS: ssdp:alive
11-05 11:41:49.941 D/HTTPMUSocket( 2426): NT: urn:schemas-upnp-org:device:MediaServer:1
11-05 11:41:49.941 D/HTTPMUSocket( 2426): USN: uuid:51fd4a57-a937-4066-8f0e-e8639f1cc24e::urn:schemas-upnp-org:device:MediaServer:1
11-05 11:41:49.941 D/HTTPMUSocket( 2426): HOST: 239.255.255.250:1900
11-05 11:41:49.941 D/HTTPMUSocket( 2426): 
11-05 11:41:49.941 D/HTTPMUSocket( 2426): bindAddr:null and port:-1
11-05 11:41:49.941 D/HTTPMUSocket( 2426): /192.168.31.49
11-05 11:41:49.942 D/Device  ( 2426): announce bindAddr=192.168.31.49,devLocation=http://192.168.31.49:38520/description.xml,location=http://192.168.31.49:38520/description.xml
11-05 11:41:49.942 D/Device  ( 2426): announce bindAddr=192.168.31.49,serviceDesUrl=
11-05 11:41:49.943 D/HTTPMUSocket( 2426): open addr=239.255.255.250,port=1900,bindAddr=192.168.31.49
11-05 11:41:49.947 D/TimerUtil( 2426): waitRandom time=300,waitTime=201
11-05 11:41:49.948 D/HTTPMUSocket( 2426): send msg:NOTIFY * HTTP/1.1
11-05 11:41:49.948 D/HTTPMUSocket( 2426): Server: Linux/3.18.24_hi3798mv2x UPnP/1.0 CyberLinkJava/1.8
11-05 11:41:49.948 D/HTTPMUSocket( 2426): Cache-Control: max-age=1800
11-05 11:41:49.948 D/HTTPMUSocket( 2426): Location: http://192.168.31.49:38520/description.xml
11-05 11:41:49.948 D/HTTPMUSocket( 2426): NTS: ssdp:alive
11-05 11:41:49.948 D/HTTPMUSocket( 2426): NT: urn:schemas-upnp-org:service:ContentDirectory:1
11-05 11:41:49.948 D/HTTPMUSocket( 2426): USN: uuid:51fd4a57-a937-4066-8f0e-e8639f1cc24e::urn:schemas-upnp-org:service:ContentDirectory:1
11-05 11:41:49.948 D/HTTPMUSocket( 2426): HOST: 239.255.255.250:1900
11-05 11:41:49.948 D/HTTPMUSocket( 2426): 
11-05 11:41:49.948 D/HTTPMUSocket( 2426): bindAddr:null and port:-1
11-05 11:41:49.948 D/HTTPMUSocket( 2426): /192.168.31.49
11-05 11:41:49.949 D/Device  ( 2426): announce bindAddr=192.168.31.49,serviceDesUrl=
11-05 11:41:49.950 D/HTTPMUSocket( 2426): open addr=239.255.255.250,port=1900,bindAddr=192.168.31.49
11-05 11:41:49.954 D/TimerUtil( 2426): waitRandom time=300,waitTime=94
11-05 11:41:49.955 D/HTTPMUSocket( 2426): send msg:NOTIFY * HTTP/1.1
11-05 11:41:49.955 D/HTTPMUSocket( 2426): Server: Linux/3.18.24_hi3798mv2x UPnP/1.0 CyberLinkJava/1.8
11-05 11:41:49.955 D/HTTPMUSocket( 2426): Cache-Control: max-age=1800
11-05 11:41:49.955 D/HTTPMUSocket( 2426): Location: http://192.168.31.49:38520/description.xml
11-05 11:41:49.955 D/HTTPMUSocket( 2426): NTS: ssdp:alive
11-05 11:41:49.955 D/HTTPMUSocket( 2426): NT: urn:schemas-upnp-org:service:ConnectionManager:1
11-05 11:41:49.955 D/HTTPMUSocket( 2426): USN: uuid:51fd4a57-a937-4066-8f0e-e8639f1cc24e::urn:schemas-upnp-org:service:ConnectionManager:1
11-05 11:41:49.955 D/HTTPMUSocket( 2426): HOST: 239.255.255.250:1900
11-05 11:41:49.955 D/HTTPMUSocket( 2426): 
11-05 11:41:49.955 D/HTTPMUSocket( 2426): bindAddr:null and port:-1
11-05 11:41:49.955 D/HTTPMUSocket( 2426): /192.168.31.49
11-05 11:41:49.956 D/Device  ( 2426): announce bindAddr=192.168.31.49,serviceDesUrl=
11-05 11:41:49.957 D/HTTPMUSocket( 2426): open addr=239.255.255.250,port=1900,bindAddr=192.168.31.49
11-05 11:41:49.961 D/TimerUtil( 2426): waitRandom time=300,waitTime=202
11-05 11:41:49.962 D/HTTPMUSocket( 2426): send msg:NOTIFY * HTTP/1.1
11-05 11:41:49.962 D/HTTPMUSocket( 2426): Server: Linux/3.18.24_hi3798mv2x UPnP/1.0 CyberLinkJava/1.8
11-05 11:41:49.962 D/HTTPMUSocket( 2426): Cache-Control: max-age=1800
11-05 11:41:49.962 D/HTTPMUSocket( 2426): Location: http://192.168.31.49:38520/description.xml
11-05 11:41:49.962 D/HTTPMUSocket( 2426): NTS: ssdp:alive
11-05 11:41:49.962 D/HTTPMUSocket( 2426): NT: urn:schemas-upnp-org:service:AVTransport:1
11-05 11:41:49.962 D/HTTPMUSocket( 2426): USN: uuid:51fd4a57-a937-4066-8f0e-e8639f1cc24e::urn:schemas-upnp-org:service:AVTransport:1
11-05 11:41:49.962 D/HTTPMUSocket( 2426): HOST: 239.255.255.250:1900
11-05 11:41:49.962 D/HTTPMUSocket( 2426): 
11-05 11:41:49.962 D/HTTPMUSocket( 2426): bindAddr:null and port:-1
11-05 11:41:49.963 D/HTTPMUSocket( 2426): /192.168.31.49
11-05 11:41:49.963 D/Device  ( 2426): announce bindAddr=192.168.31.49,serviceDesUrl=
11-05 11:41:49.964 D/HTTPMUSocket( 2426): open addr=239.255.255.250,port=1900,bindAddr=192.168.31.49
11-05 11:41:49.966 D/TimerUtil( 2426): waitRandom time=300,waitTime=184
11-05 11:41:49.966 D/HTTPMUSocket( 2426): send msg:NOTIFY * HTTP/1.1
11-05 11:41:49.966 D/HTTPMUSocket( 2426): Server: Linux/3.18.24_hi3798mv2x UPnP/1.0 CyberLinkJava/1.8
11-05 11:41:49.966 D/HTTPMUSocket( 2426): Cache-Control: max-age=1800
11-05 11:41:49.966 D/HTTPMUSocket( 2426): Location: http://192.168.31.49:38520/description.xml
11-05 11:41:49.966 D/HTTPMUSocket( 2426): NTS: ssdp:alive
11-05 11:41:49.966 D/HTTPMUSocket( 2426): NT: urn:sumavision.com:service:X_SUMA_EVENT:1
11-05 11:41:49.966 D/HTTPMUSocket( 2426): USN: uuid:51fd4a57-a937-4066-8f0e-e8639f1cc24e::urn:sumavision.com:service:X_SUMA_EVENT:1
11-05 11:41:49.966 D/HTTPMUSocket( 2426): HOST: 239.255.255.250:1900
11-05 11:41:49.966 D/HTTPMUSocket( 2426): 
11-05 11:41:49.967 D/HTTPMUSocket( 2426): bindAddr:null and port:-1
11-05 11:41:49.967 D/HTTPMUSocket( 2426): /192.168.31.49
11-05 11:41:49.967 D/Advertiser( 2426): Advertise12:35000 at time:1509853309967 with thread:org.cybergarage.d.b.a@3ddc238
11-05 11:41:50.276 D/BasicFigure( 2492): [TN_GLThread 73]isDrawFocused relyElement=[BaseElement@3914159e]focusScale[1.15]elementAlpha[-1.0]refectAlpha[-1.0]isFocusAble[true]shadowIndex[-1]autoJumpType[-1]uniqueID[54resSize0]rect[NULL]
11-05 11:41:50.276 D/BasicFigure( 2492): [TN_GLThread 73]isDrawFocused basicFigure=com.suma.midware.view.b.c.c@257887f
11-05 11:41:50.318 D/BackBootDealerNeimeng( 2356): standbyState:
11-05 11:41:50.319 E/NetUtils( 2019): Interface eth0 LinkDown!
11-05 11:41:50.819 D/BackBootDealerNeimeng( 2356): standbyState:
11-05 11:41:50.820 E/NetUtils( 2019): Interface eth0 LinkDown!
11-05 11:41:51.297 D/BasicFigure( 2492): [TN_GLThread 73]isDrawFocused relyElement=[BaseElement@3914159e]focusScale[1.15]elementAlpha[-1.0]refectAlpha[-1.0]isFocusAble[true]shadowIndex[-1]autoJumpType[-1]uniqueID[54resSize0]rect[NULL]
11-05 11:41:51.297 D/BasicFigure( 2492): [TN_GLThread 73]isDrawFocused basicFigure=com.suma.midware.view.b.c.c@257887f
11-05 11:41:51.321 D/BackBootDealerNeimeng( 2356): standbyState:
11-05 11:41:51.321 E/NetUtils( 2019): Interface eth0 LinkDown!
11-05 11:41:51.740 E/storage_operate( 2914): HCDN_LOG: [2017/11/05-11:41:51:740]:[func:GetTaskCount],[line:827],[oper:get task count],[state:0],[count:0]
11-05 11:41:51.740 E/storage_operate( 2914): HCDN_LOG: [2017/11/05-11:41:51:740]:[func:GetTaskCount],[line:827],[oper:get task count],[state:0],[count:0]
11-05 11:41:51.740 E/storage_operate( 2914): HCDN_LOG: [2017/11/05-11:41:51:740]:[func:GetTaskCount],[line:827],[oper:get task count],[state:1],[count:0]
11-05 11:41:51.822 D/BackBootDealerNeimeng( 2356): standbyState:
11-05 11:41:51.823 E/NetUtils( 2019): Interface eth0 LinkDown!
11-05 11:41:51.878 E/storage_operate( 2654): HCDN_LOG: [2017/11/05-11:41:51:878]:[func:GetTaskCount],[line:827],[oper:get task count],[state:0],[count:0]
11-05 11:41:51.878 E/storage_operate( 2654): HCDN_LOG: [2017/11/05-11:41:51:878]:[func:GetTaskCount],[line:827],[oper:get task count],[state:0],[count:0]
11-05 11:41:51.878 E/storage_operate( 2654): HCDN_LOG: [2017/11/05-11:41:51:878]:[func:GetTaskCount],[line:827],[oper:get task count],[state:1],[count:0]
11-05 11:41:52.319 D/BasicFigure( 2492): [TN_GLThread 73]isDrawFocused relyElement=[BaseElement@3914159e]focusScale[1.15]elementAlpha[-1.0]refectAlpha[-1.0]isFocusAble[true]shadowIndex[-1]autoJumpType[-1]uniqueID[54resSize0]rect[NULL]
11-05 11:41:52.319 D/BasicFigure( 2492): [TN_GLThread 73]isDrawFocused basicFigure=com.suma.midware.view.b.c.c@257887f
11-05 11:41:52.324 D/BackBootDealerNeimeng( 2356): standbyState:
11-05 11:41:52.325 E/NetUtils( 2019): Interface eth0 LinkDown!
11-05 11:41:52.502 V/SUMA    ( 1581): [mnt_ait_pol] csubtbl=1 ait_pid=0x1f40 hsrv=0xc0ce
11-05 11:41:52.825 D/BackBootDealerNeimeng( 2356): standbyState:
11-05 11:41:52.826 E/NetUtils( 2019): Interface eth0 LinkDown!
11-05 11:41:53.327 D/BackBootDealerNeimeng( 2356): standbyState:
11-05 11:41:53.327 E/NetUtils( 2019): Interface eth0 LinkDown!
11-05 11:41:53.341 D/BasicFigure( 2492): [TN_GLThread 73]isDrawFocused relyElement=[BaseElement@3914159e]focusScale[1.15]elementAlpha[-1.0]refectAlpha[-1.0]isFocusAble[true]shadowIndex[-1]autoJumpType[-1]uniqueID[54resSize0]rect[NULL]
11-05 11:41:53.341 D/BasicFigure( 2492): [TN_GLThread 73]isDrawFocused basicFigure=com.suma.midware.view.b.c.c@257887f
11-05 11:41:53.828 D/BackBootDealerNeimeng( 2356): standbyState:
11-05 11:41:53.829 E/NetUtils( 2019): Interface eth0 LinkDown!
11-05 11:41:54.330 D/BackBootDealerNeimeng( 2356): standbyState:
11-05 11:41:54.331 E/NetUtils( 2019): Interface eth0 LinkDown!
11-05 11:41:54.363 D/BasicFigure( 2492): [TN_GLThread 73]isDrawFocused relyElement=[BaseElement@3914159e]focusScale[1.15]elementAlpha[-1.0]refectAlpha[-1.0]isFocusAble[true]shadowIndex[-1]autoJumpType[-1]uniqueID[54resSize0]rect[NULL]
11-05 11:41:54.363 D/BasicFigure( 2492): [TN_GLThread 73]isDrawFocused basicFigure=com.suma.midware.view.b.c.c@257887f
11-05 11:41:54.740 E/storage_operate( 2914): HCDN_LOG: [2017/11/05-11:41:54:740]:[func:GetTaskCount],[line:827],[oper:get task count],[state:0],[count:0]
11-05 11:41:54.740 E/storage_operate( 2914): HCDN_LOG: [2017/11/05-11:41:54:740]:[func:GetTaskCount],[line:827],[oper:get task count],[state:0],[count:0]
11-05 11:41:54.740 E/storage_operate( 2914): HCDN_LOG: [2017/11/05-11:41:54:740]:[func:GetTaskCount],[line:827],[oper:get task count],[state:1],[count:0]
11-05 11:41:54.831 D/BackBootDealerNeimeng( 2356): standbyState:
11-05 11:41:54.832 E/NetUtils( 2019): Interface eth0 LinkDown!
11-05 11:41:54.879 E/storage_operate( 2654): HCDN_LOG: [2017/11/05-11:41:54:878]:[func:GetTaskCount],[line:827],[oper:get task count],[state:0],[count:0]
11-05 11:41:54.879 E/storage_operate( 2654): HCDN_LOG: [2017/11/05-11:41:54:879]:[func:GetTaskCount],[line:827],[oper:get task count],[state:0],[count:0]
11-05 11:41:54.879 E/storage_operate( 2654): HCDN_LOG: [2017/11/05-11:41:54:879]:[func:GetTaskCount],[line:827],[oper:get task count],[state:1],[count:0]
11-05 11:41:54.952 D/AppUtil ( 2356): [TN_ThreadUtil-1]getActivityPkg index=0,comp=ComponentInfo{com.suma.midware.home/com.suma.midware.home.third.Main3DActivity}
11-05 11:41:54.953 D/AppKiller( 2356): [TN_ThreadUtil-1]backKill curPkgName=com.suma.midware.home
11-05 11:41:54.953 D/AppKiller( 2356): [TN_ThreadUtil-1]backKill processName=com.starcor.mango,processInfo=android.app.ActivityManager$RunningAppProcessInfo@3bea41be
11-05 11:41:54.953 D/AppNgbKiller( 2356): [TN_ThreadUtil-1]forceKillApp processInfoFlag=0,hasActivityFlag=4
11-05 11:41:54.953 D/AppKiller( 2356): [TN_ThreadUtil-1]backKill processName=com.gitvdemo.video,processInfo=android.app.ActivityManager$RunningAppProcessInfo@39ba121f
11-05 11:41:54.953 D/AppNgbKiller( 2356): [TN_ThreadUtil-1]forceKillApp processInfoFlag=0,hasActivityFlag=4
11-05 11:41:54.953 D/AppKiller( 2356): [TN_ThreadUtil-1]backKill processName=com.gitvdemo.video:hcdn,processInfo=android.app.ActivityManager$RunningAppProcessInfo@28b9596c
11-05 11:41:54.953 D/AppNgbKiller( 2356): [TN_ThreadUtil-1]forceKillApp processInfoFlag=0,hasActivityFlag=4
11-05 11:41:54.954 D/AppKiller( 2356): [TN_ThreadUtil-1]backKill processName=com.gitvdemo.video:daemon,processInfo=android.app.ActivityManager$RunningAppProcessInfo@25b22b35
11-05 11:41:54.954 D/AppNgbKiller( 2356): [TN_ThreadUtil-1]forceKillApp processInfoFlag=0,hasActivityFlag=4
11-05 11:41:54.954 D/AppKiller( 2356): [TN_ThreadUtil-1]backKill processName=.pushdaemonservice,processInfo=android.app.ActivityManager$RunningAppProcessInfo@3604bbca
11-05 11:41:54.954 D/AppNgbKiller( 2356): [TN_ThreadUtil-1]forceKillApp processInfoFlag=0,hasActivityFlag=4
11-05 11:41:54.996 I/System.out( 2356): [DEBUG SectionFilterGroup] be reaady to detach filtergroup:false
11-05 11:41:54.997 I/System.out( 2356): [DEBUG SectionFilterGroup] be reaady to detach filtergroup:false
11-05 11:41:54.998 I/System.out( 2356): [DEBUG SectionFilterGroup] be reaady to detach filtergroup:false
11-05 11:41:54.999 I/System.out( 2356): [DEBUG SectionFilterGroup] be reaady to detach filtergroup:false
11-05 11:41:55.333 D/BackBootDealerNeimeng( 2356): standbyState:
11-05 11:41:55.333 E/NetUtils( 2019): Interface eth0 LinkDown!
11-05 11:41:55.384 D/BasicFigu