11-05 11:41:39.048 D/InputEventConsistencyVerifier( 2492):   5: sent at 4251539000000, KeyEvent { action=ACTION_DOWN, keyCode=KEYCODE_DPAD_RIGHT, scanCode=106, metaState=0, flags=0x80000008, repeatCount=0, eventTime=4251539, downTime=4251539, deviceId=3, source=0x701 }
11-05 11:41:39.048 D/BasicRootView( 2492): [TN_main]dispatchKeyEvent event=KeyEvent { action=ACTION_DOWN, keyCode=KEYCODE_DPAD_RIGHT, scanCode=106, metaState=0, flags=0x80000008, repeatCount=0, eventTime=4361998, downTime=4361998, deviceId=3, source=0x701 },curRootPanel=com.suma.midware.home.third.a.a@c42406f
11-05 11:41:39.048 D/GLRootRenderer( 2492): dispatchKeyEvent event:KeyEvent { action=ACTION_DOWN, keyCode=KEYCODE_DPAD_RIGHT, scanCode=106, metaState=0, flags=0x80000008, repeatCount=0, eventTime=4361998, downTime=4361998, deviceId=3, source=0x701 }:lastKeyCode:22:lastKeyAction:0:lastkeycount:1:size:0
11-05 11:41:39.048 D/Scene   ( 2492): dispatchKeyEvent event:KeyEvent { action=ACTION_DOWN, keyCode=KEYCODE_DPAD_RIGHT, scanCode=106, metaState=0, flags=0x80000008, repeatCount=0, eventTime=4361998, downTime=4361998, deviceId=3, source=0x701 }
11-05 11:41:39.048 D/Scene   ( 2492): dispatchKeyEvent currentFocus = com.suma.midware.view.b.d.b@a93cb1e
11-05 11:41:39.048 D/Scene   ( 2492): dispatchKeyEvent nextFocus:null
11-05 11:41:39.048 D/BasicColumn( 2492): [TN_GLThread 73]dealKeyEvent event=KeyEvent { action=ACTION_DOWN, keyCode=KEYCODE_DPAD_RIGHT, scanCode=106, metaState=0, flags=0x80000008, repeatCount=0, eventTime=4361998, downTime=4361998, deviceId=3, source=0x701 }
11-05 11:41:39.048 D/BasicColumn( 2492): [TN_GLThread 73]movePanelFocus index=2,nextIndex=3
11-05 11:41:39.048 E/BasicColumn( 2492): [TN_GLThread 73]dealPanelAnim illegal size=7,moveDistance=0
11-05 11:41:39.048 D/FixedRes( 2492): [TN_GLThread 73]getNineImgRes nineImgSize=2
11-05 11:41:39.049 D/BasicColumn( 2492): [TN_GLThread 73]dealFocusAnim x=-63.0000,y=10.0000,scaleX=0.940075,scaleY=1.00000
11-05 11:41:39.049 D/HomePanel( 2492): [TN_GLThread 73]switchBasicPanel index=2,nextIndex=3,isTitleFocus=true
11-05 11:41:39.049 D/BasicPanel( 2492): [TN_GLThread 73]onBasicPanelChange isShow=false,isTitleFocus=true,isRight=true,animCmd=com.suma.midware.view.b.d.c@5c94b4,rightBoard=1831.00,rightGas=40.0000,leftBoard=88.0000,xOffset=0.00000
11-05 11:41:39.050 D/BasicPanel( 2492): [TN_GLThread 73]onBasicPanelChange isShow=true,isTitleFocus=true,isRight=true,animCmd=com.suma.midware.view.b.d.c@5c94b4,rightBoard=1863.00,rightGas=40.0000,leftBoard=88.0000,xOffset=0.00000
11-05 11:41:39.050 D/BasicPanel( 2492): [TN_GLThread 73]onBasicPanelChangeStart isShow:false:isRight:true:basicPanel:com.suma.midware.view.b.d.d@210bbab2
11-05 11:41:39.050 D/HomePanel( 2492): [TN_GLThread 73]onBasicPanelChange basicPanel=com.suma.midware.view.b.d.d@210bbab2,isShow=false,isStart=true,isRight=true
11-05 11:41:39.050 D/HomePanel( 2492): [TN_GLThread 73]onBasicPanelChange basicPanelIndex=2,xOffset=0.00000
11-05 11:41:39.050 D/BasicPanel( 2492): [TN_GLThread 73]onBasicPanelChangeStart isShow:true:isRight:true:basicPanel:com.suma.midware.view.b.d.d@3c8cea03
11-05 11:41:39.050 D/HomePanel( 2492): [TN_GLThread 73]onBasicPanelChange basicPanel=com.suma.midware.view.b.d.d@3c8cea03,isShow=true,isStart=true,isRight=true
11-05 11:41:39.050 D/HomePanel( 2492): [TN_GLThread 73]onBasicPanelChange basicPanelIndex=3,xOffset=0.00000
11-05 11:41:39.050 W/BasicRootPanel( 2492): [TN_GLThread 73]changeBgAttr coverImgRes null
11-05 11:41:39.059 D/BasicFigure( 2492): [TN_GLThread 73]isDrawFocused relyElement=[BaseElement@3914159e]focusScale[1.15]elementAlpha[-1.0]refectAlpha[-1.0]isFocusAble[true]shadowIndex[-1]autoJumpType[-1]uniqueID[54resSize0]rect[NULL]
11-05 11:41:39.059 D/BasicFigure( 2492): [TN_GLThread 73]isDrawFocused basicFigure=com.suma.midware.view.b.c.c@257887f
11-05 11:41:39.069 D/BasicFigure( 2492): [TN_GLThread 73]isDrawFocused relyElement=[BaseElement@3914159e]focusScale[1.15]elementAlpha[-1.0]refectAlpha[-1.0]isFocusAble[true]shadowIndex[-1]autoJumpType[-1]uniqueID[54resSize0]rect[NULL]
11-05 11:41:39.069 D/BasicFigure( 2492): [TN_GLThread 73]isDrawFocused basicFigure=com.suma.midware.view.b.c.c@257887f
11-05 11:41:39.074 D/BasicPanel( 2492): [TN_GLThread 73]onBasicPanelChangeEnd isShow:false:isRight:true:basicPanel:com.suma.midware.view.b.d.d@210bbab2
11-05 11:41:39.075 D/HomePanel( 2492): [TN_GLThread 73]onBasicPanelChange basicPanel=com.suma.midware.view.b.d.d@210bbab2,isShow=false,isStart=false,isRight=true
11-05 11:41:39.075 D/HomePanel( 2492): [TN_GLThread 73]onBasicPanelChange basicPanelIndex=2,xOffset=0.00000
11-05 11:41:39.075 D/BasicPanel( 2492): [TN_GLThread 73]onBasicPanelChangeEnd isShow:true:isRight:true:basicPanel:com.suma.midware.view.b.d.d@3c8cea03
11-05 11:41:39.075 D/HomePanel( 2492): [TN_GLThread 73]onBasicPanelChange basicPanel=com.suma.midware.view.b.d.d@3c8cea03,isShow=true,isStart=false,isRight=true
11-05 11:41:39.075 D/HomePanel( 2492): [TN_GLThread 73]onBasicPanelChange basicPanelIndex=3,xOffset=0.00000
11-05 11:41:39.081 D/BasicFigure( 2492): [TN_GLThread 73]isDrawFocused relyElement=[BaseElement@3914159e]focusScale[1.15]elementAlpha[-1.0]refectAlpha[-1.0]isFocusAble[true]shadowIndex[-1]autoJumpType[-1]uniqueID[54resSize0]rect[NULL]
11-05 11:41:39.081 D/BasicFigure( 2492): [TN_GLThread 73]isDrawFocused basicFigure=com.suma.midware.view.b.c.c@257887f
11-05 11:41:39.093 D/BasicFigure( 2492): [TN_GLThread 73]isDrawFocused relyElement=[BaseElement@3914159e]focusScale[1.15]elementAlpha[-1.0]refectAlpha[-1.0]isFocusAble[true]shadowIndex[-1]autoJumpType[-1]uniqueID[54resSize0]rect[NULL]
11-05 11:41:39.093 D/BasicFigure( 2492): [TN_GLThread 73]isDrawFocused basicFigure=com.suma.midware.view.b.c.c@257887f
11-05 11:41:39.112 D/BasicFigure( 2492): [TN_GLThread 73]isDrawFocused relyElement=[BaseElement@3914159e]focusScale[1.15]elementAlpha[-1.0]refectAlpha[-1.0]isFocusAble[true]shadowIndex[-1]autoJumpType[-1]uniqueID[54resSize0]rect[NULL]
11-05 11:41:39.112 D/BasicFigure( 2492): [TN_GLThread 73]isDrawFocused basicFigure=com.suma.midware.view.b.c.c@257887f
11-05 11:41:39.125 D/BasicFigure( 2492): [TN_GLThread 73]isDrawFocused relyElement=[BaseElement@3914159e]focusScale[1.15]elementAlpha[-1.0]refectAlpha[-1.0]isFocusAble[true]shadowIndex[-1]autoJumpType[-1]uniqueID[54resSize0]rect[NULL]
11-05 11:41:39.125 D/BasicFigure( 2492): [TN_GLThread 73]isDrawFocused basicFigure=com.suma.midware.view.b.c.c@257887f
11-05 11:41:39.143 D/BasicFigure( 2492): [TN_GLThread 73]isDrawFocused relyElement=[BaseElement@3914159e]focusScale[1.15]elementAlpha[-1.0]refectAlpha[-1.0]isFocusAble[true]shadowIndex[-1]autoJumpType[-1]uniqueID[54resSize0]rect[NULL]
11-05 11:41:39.143 D/BasicFigure( 2492): [TN_GLThread 73]isDrawFocused basicFigure=com.suma.midware.view.b.c.c@257887f
11-05 11:41:39.168 D/BasicFigure( 2492): [TN_GLThread 73]isDrawFocused relyElement=[BaseElement@3914159e]focusScale[1.15]elementAlpha[-1.0]refectAlpha[-1.0]isFocusAble[true]shadowIndex[-1]autoJumpType[-1]uniqueID[54resSize0]rect[NULL]
11-05 11:41:39.168 D/BasicFigure( 2492): [TN_GLThread 73]isDrawFocused basicFigure=com.suma.midware.view.b.c.c@257887f
11-05 11:41:39.289 D/BackBootDealerNeimeng( 2356): standbyState:
11-05 11:41:39.290 E/NetUtils( 2019): Interface eth0 LinkDown!
11-05 11:41:39.315 D/ir_user ( 1585): PlayerTimeLineTrace:linux_keycode:0x6a(HOLD),	protocol: .
11-05 11:41:39.472 D/ir_user ( 1585): PlayerTimeLineTrace:linux_keycode:0x6a(UP),	protocol: .
11-05 11:41:39.472 V/PT      ( 1581): >>INFO:irkey_task:[    4362.424083] /dev/input/event0: type=0001 code=006a val=00000000
11-05 11:41:39.472 V/PT      ( 1581): >>INFO:irkey_send:0x3001 0x0027 up  
11-05 11:41:39.472 V/SUMA    ( 1581): ++++++++++++++  _roc_evtmgr_key_cbk 517:input = 12289, event=39, act=0x400
11-05 11:41:39.472 V/SUMA    ( 1581): lxm:_roc_evtmgr_key_cbk 519 4362424
11-05 11:41:39.473 V/SUMA    ( 1581): lxm:_roc_evtmgr_add_key_into_queue 311 4362424
11-05 11:41:39.473 V/PT      ( 1581): >>INFO:irkey_task:[    4362.424083] /dev/input/event0: type=0000 code=0000 val=00000000
11-05 11:41:39.473 V/SUMA    ( 1581): ===================>> type=0 src=0 evt=39 act=0x400
11-05 11:41:39.473 V/SUMA    ( 1581): [sysset-s][event_manager_cbk 78]lxm cbid=1, cbk_reg=1, cpid=2451
11-05 11:41:39.473 D/NGBEvent( 2451): ngbEventCallBack type:0 source :39
11-05 11:41:39.473 D/NGBEvent( 2451): [NGBEventManager-JNI]-returning:1
11-05 11:41:39.473 D/NGBEvent( 2451): Input key event: keyCode=39
11-05 11:41:39.473 D/NGBEvent( 2451): src:39 = dest:39
11-05 11:41:39.473 I/System.out( 2451): [DEBUG EventManager] LWJ--Add event to java with evt=NgbEvent-[type = 1, subtype = 402, code = 39]
11-05 11:41:39.474 D/NGBEvent( 2451): [NGBEvent_log]--[EventManager--JNI]:		start
11-05 11:41:39.474 I/System.out( 2451): [DEBUG EventManager] broadcastEvent  :len 1
11-05 11:41:39.474 D/KeyEventNgbDealer( 2451): [TN_pool-1-thread-1]handleKeyReleased keyEvent=NgbEvent-[type = 1, subtype = 402, code = 39],time=4362425
11-05 11:41:39.474 D/RemoteIME( 2321): RemoteIME--> onKeyUp keyCode = 22
11-05 11:41:39.475 D/Main3DActivity( 2492): [TN_main]dispatchKeyEvent event=KeyEvent { action=ACTION_UP, keyCode=KEYCODE_DPAD_RIGHT, scanCode=106, metaState=0, flags=0x8, repeatCount=0, eventTime=4362424, downTime=4361998, deviceId=3, source=0x701 },isEventAble=true
11-05 11:41:39.556 V/PT      ( 1581): >>INFO:irkey_task:[    4362.508407] /dev/input/event0: type=0001 code=006a val=00000001
11-05 11:41:39.556 V/PT      ( 1581): >>INFO:irkey_send:0x3001 0x0027 down
11-05 11:41:39.557 V/SUMA    ( 1581): ++++++++++++++  _roc_evtmgr_key_cbk 517:input = 12289, event=39, act=0x100
11-05 11:41:39.557 V/SUMA    ( 1581): lxm:_roc_evtmgr_key_cbk 519 4362508
11-05 11:41:39.557 V/SUMA    ( 1581): lxm:_roc_evtmgr_add_evt_into_queue 347 4362508
11-05 11:41:39.557 V/SUMA    ( 1581): ===================>> type=0 src=0 evt=39 act=0x100
11-05 11:41:39.557 V/PT      ( 1581): >>INFO:irkey_task:[    4362.508407] /dev/input/event0: type=0000 code=0000 val=00000000
11-05 11:41:39.557 V/SUMA    ( 1581): [sysset-s][event_manager_cbk 78]lxm cbid=1, cbk_reg=1, cpid=2451
11-05 11:41:39.557 D/NGBEvent( 2451): ngbEventCallBack type:0 source :39
11-05 11:41:39.557 D/NGBEvent( 2451): [NGBEventManager-JNI]-returning:1
11-05 11:41:39.557 D/NGBEvent( 2451): Input key event: keyCode=39
11-05 11:41:39.557 D/NGBEvent( 2451): src:39 = dest:39
11-05 11:41:39.557 D/ir_user ( 1585): PlayerTimeLineTrace:linux_keycode:0x6a(DOWN),	protocol: .
11-05 11:41:39.557 I/System.out( 2451): [DEBUG EventManager] LWJ--Add event to java with evt=NgbEvent-[type = 1, subtype = 401, code = 39]
11-05 11:41:39.557 D/NGBEvent( 2451): [NGBEvent_log]--[EventManager--JNI]:		start
11-05 11:41:39.557 I/System.out( 2451): [DEBUG EventManager] broadcastEvent  :len 1
11-05 11:41:39.557 D/CombineKeyUtil( 2451): [TN_pool-1-thread-1]dealKeyEvent,combineIndex:-1:keyCode:22
11-05 11:41:39.557 D/KeyEventNgbDealer( 2451): [TN_pool-1-thread-1]handleKeyPressed keyEvent=NgbEvent-[type = 1, subtype = 401, code = 39],time=4362509
11-05 11:41:39.557 D/RemoteIME( 2321): onKeyDown event = KeyEvent { action=ACTION_DOWN, keyCode=KEYCODE_DPAD_RIGHT, scanCode=106, metaState=0, flags=0x8, repeatCount=0, eventTime=4362508, downTime=4362508, deviceId=3, source=0x701 },mSkbContainer=com.amlogic.inputmethod.remote.SkbContainer{6622968 VFE..... .F....ID 0,0-1280,300}
11-05 11:41:39.558 D/Main3DActivity( 2492): [TN_main]dispatchKeyEvent event=KeyEvent { action=ACTION_DOWN, keyCode=KEYCODE_DPAD_RIGHT, scanCode=106, metaState=0, flags=0x8, repeatCount=0, eventTime=4362508, downTime=4362508, deviceId=3, source=0x701 },isEventAble=true
11-05 11:41:39.558 D/InputEventConsistencyVerifier( 2492): KeyEvent: ACTION_DOWN but key is already down and this event is not a key repeat.
11-05 11:41:39.558 D/InputEventConsistencyVerifier( 2492):   in com.android.internal.policy.impl.PhoneWindow$DecorView{1667699c V.E..... R.....I. 0,0-1280,720}
11-05 11:41:39.558 D/InputEventConsistencyVerifier( 2492):   0: sent at 4362508000000, KeyEvent { action=ACTION_DOWN, keyCode=KEYCODE_DPAD_RIGHT, scanCode=106, metaState=0, flags=0x8, repeatCount=0, eventTime=4362508, downTime=4362508, deviceId=3, source=0x701 }
11-05 11:41:39.558 D/InputEventConsistencyVerifier( 2492):   -- recent events --
11-05 11:41:39.558 D/InputEventConsistencyVerifier( 2492):   1: sent at 4361998000000, KeyEvent { action=ACTION_DOWN, keyCode=KEYCODE_DPAD_RIGHT, scanCode=106, metaState=0, flags=0x80000008, repeatCount=0, eventTime=4361998, downTime=4361998, deviceId=3, source=0x701 }
11-05 11:41:39.558 D/InputEventConsistencyVerifier( 2492):   2: sent at 4361582000000, KeyEvent { action=ACTION_DOWN, keyCode=KEYCODE_DPAD_RIGHT, scanCode=106, metaState=0, flags=0x80000008, repeatCount=0, eventTime=4361582, downTime=4361582, deviceId=3, source=0x701 }
11-05 11:41:39.558 D/InputEventConsistencyVerifier( 2492):   3: sent at 4361330000000, KeyEvent { action=ACTION_DOWN, keyCode=KEYCODE_DPAD_RIGHT, scanCode=106, metaState=0, flags=0x80000008, repeatCount=0, eventTime=4361330, downTime=4361330, deviceId=3, source=0x701 }
11-05 11:41:39.558 D/InputEventConsistencyVerifier( 2492):   4: sent at 4360924000000, KeyEvent { action=ACTION_DOWN, keyCode=KEYCODE_DPAD_UP, scanCode=103, metaState=0, flags=0x80000008, repeatCount=0, eventTime=4360924, downTime=4360924, deviceId=3, source=0x701 }
11-05 11:41:39.558 D/InputEventConsistencyVerifier( 2492):   5: sent at 4251916000000, KeyEvent { action=ACTION_DOWN, keyCode=KEYCODE_DPAD_CENTER, scanCode=28, metaState=0, flags=0x80000008, repeatCount=0, eventTime=4251916, downTime=4251916, deviceId=3, source=0x701 }
11-05 11:41:39.558 D/BasicRootView( 2492): [TN_main]dispatchKeyEvent event=KeyEvent { action=ACTION_DOWN, keyCode=KEYCODE_DPAD_RIGHT, scanCode=106, metaState=0, flags=0x80000008, repeatCount=0, eventTime=4362508, downTime=4362508, deviceId=3, source=0x701 },curRootPanel=com.suma.midware.home.third.a.a@c42406f
11-05 11:41:39.558 D/GLRootRenderer( 2492): dispatchKeyEvent event:KeyEvent { action=ACTION_DOWN, keyCode=KEYCODE_DPAD_RIGHT, scanCode=106, metaState=0, flags=0x80000008, repeatCount=0, eventTime=4362508, downTime=4362508, deviceId=3, source=0x701 }:lastKeyCode:22:lastKeyAction:0:lastkeycount:2:size:0
11-05 11:41:39.558 D/Scene   ( 2492): dispatchKeyEvent event:KeyEvent { action=ACTION_DOWN, keyCode=KEYCODE_DPAD_RIGHT, scanCode=106, metaState=0, flags=0x80000008, repeatCount=0, eventTime=4362508, downTime=4362508, deviceId=3, source=0x701 }
11-05 11:41:39.558 D/Scene   ( 2492): dispatchKeyEvent currentFocus = com.suma.midware.view.b.d.b@a93cb1e
11-05 11:41:39.558 D/Scene   ( 2492): dispatchKeyEvent nextFocus:null
11-05 11:41:39.558 D/BasicColumn( 2492): [TN_GLThread 73]dealKeyEvent event=KeyEvent { action=ACTION_DOWN, keyCode=KEYCODE_DPAD_RIGHT, scanCode=106, metaState=0, flags=0x80000008, repeatCount=0, eventTime=4362508, downTime=4362508, deviceId=3, source=0x701 }
11-05 11:41:39.558 D/BasicColumn( 2492): [TN_GLThread 73]movePanelFocus index=3,nextIndex=4
11-05 11:41:39.558 E/BasicColumn( 2492): [TN_GLThread 73]dealPanelAnim illegal size=7,moveDistance=0
11-05 11:41:39.558 D/FixedRes( 2492): [TN_GLThread 73]getNineImgRes nineImgSize=2
11-05 11:41:39.559 D/BasicColumn( 2492): [TN_GLThread 73]dealFocusAnim x=97.0000,y=10.0000,scaleX=1.27715,scaleY=1.00000
11-05 11:41:39.559 D/HomePanel( 2492): [TN_GLThread 73]switchBasicPanel index=3,nextIndex=4,isTitleFocus=true
11-05 11:41:39.559 D/BasicPanel( 2492): [TN_GLThread 73]onBasicPanelChange isShow=false,isTitleFocus=true,isRight=true,animCmd=com.suma.midware.view.b.d.c@13f258dd,rightBoard=1863.00,rightGas=40.0000,leftBoard=88.0000,xOffset=0.00000
11-05 11:41:39.560 D/BasicPanel( 2492): [TN_GLThread 73]onBasicPanelChange isShow=true,isTitleFocus=true,isRight=true,animCmd=com.suma.midware.view.b.d.c@13f258dd,rightBoard=1863.00,rightGas=40.0000,leftBoard=88.0000,xOffset=0.00000
11-05 11:41:39.560 D/BasicPanel( 2492): [TN_GLThread 73]onBasicPanelChangeStart isShow:false:isRight:true:basicPanel:com.suma.midware.view.b.d.d@3c8cea03
11-05 11:41:39.560 D/HomePanel( 2492): [TN_GLThread 73]onBasicPanelChange basicPanel=com.suma.midware.view.b.d.d@3c8cea03,isShow=false,isStart=true,isRight=true
11-05 11:41:39.560 D/HomePanel( 2492): [TN_GLThread 73]onBasicPanelChange basicPanelIndex=3,xOffset=0.00000
11-05 11:41:39.560 D/BasicPanel( 2492): [TN_GLThread 73]onBasicPanelChangeStart isShow:true:isRight:true:basicPanel:com.suma.midware.view.b.d.d@389ebd80
11-05 11:41:39.560 D/HomePanel( 2492): [TN_GLThread 73]onBasicPanelChange basicPanel=com.suma.midware.view.b.d.d@389ebd80,isShow=true,isStart=true,isRight=true
11-05 11:41:39.560 D/HomePanel( 2492): [TN_GLThread 73]onBasicPanelChange basicPanelIndex=4,xOffset=0.00000
11-05 11:41:39.560 W/BasicRootPanel( 2492): [TN_GLThread 73]changeBgAttr coverImgRes null
11-05 11:41:39.568 D/BasicFigure( 2492): [TN_GLThread 73]isDrawFocused relyElement=[BaseElement@3914159e]focusScale[1.15]elementAlpha[-1.0]refectAlpha[-1.0]isFocusAble[true]shadowIndex[-1]autoJumpType[-1]uniqueID[54resSize0]rect[NULL]
11-05 11:41:39.568 D/BasicFigure( 2492): [TN_GLThread 73]isDrawFocused basicFigure=com.suma.midware.view.b.c.c@257887f
11-05 11:41:39.568 D/BasicPanel( 2492): [TN_GLThread 73]onBasicPanelChangeEnd isShow:false:isRight:true:basicPanel:com.suma.midware.view.b.d.d@3c8cea03
11-05 11:41:39.569 D/HomePanel( 2492): [TN_GLThread 73]onBasicPanelChange basicPanel=com.suma.midware.view.b.d.d@3c8cea03,isShow=false,isStart=false,isRight=true
11-05 11:41:39.569 D/HomePanel( 2492): [TN_GLThread 73]onBasicPanelChange basicPanelIndex=3,xOffset=0.00000
11-05 11:41:39.569 D/BasicPanel( 2492): [TN_GLThread 73]onBasicPanelChangeEnd isShow:true:isRight:true:basicPanel:com.suma.midware.view.b.d.d@389ebd80
11-05 11:41:39.569 D/HomePanel( 2492): [TN_GLThread 73]onBasicPanelChange basicPanel=com.suma.midware.view.b.d.d@389ebd80,isShow=true,isStart=false,isRight=true
11-05 11:41:39.569 D/HomePanel( 2492): [TN_GLThread 73]onBasicPanelChange basicPanelIndex=4,xOffset=0.00000
11-05 11:41:39.575 D/BasicFigure( 2492): [TN_GLThread 73]isDrawFocused relyElement=[BaseElement@3914159e]focusScale[1.15]elementAlpha[-1.0]refectAlpha[-1.0]isFocusAble[true]shadowIndex[-1]autoJumpType[-1]uniqueID[54resSize0]rect[NULL]
11-05 11:41:39.575 D/BasicFigure( 2492): [TN_GLThread 73]isDrawFocused basicFigure=com.suma.midware.view.b.c.c@257887f
11-05 11:41:39.588 D/BasicFigure( 2492): [TN_GLThread 73]isDrawFocused relyElement=[BaseElement@3914159e]focusScale[1.15]elementAlpha[-1.0]refectAlpha[-1.0]isFocusAble[true]shadowIndex[-1]autoJumpType[-1]uniqueID[54resSize0]rect[NULL]
11-05 11:41:39.588 D/BasicFigure( 2492): [TN_GLThread 73]isDrawFocused basicFigure=com.suma.midware.view.b.c.c@257887f
11-05 11:41:39.738 E/storage_operate( 2914): HCDN_LOG: [2017/11/05-11:41:39:738]:[func:GetTaskCount],[line:827],[oper:get task count],[state:0],[count:0]
11-05 11:41:39.738 E/storage_operate( 2914): HCDN_LOG: [2017/11/05-11:41:39:738]:[func:GetTaskCount],[line:827],[oper:get task count],[state:0],[count:0]
11-05 11:41:39.738 E/storage_operate( 2914): HCDN_LOG: [2017/11/05-11:41:39:738]:[func:GetTaskCount],[line:827],[oper:get task count],[state:1],[count:0]
11-05 11:41:39.766 D/ir_user ( 1585): PlayerTimeLineTrace:linux_keycode:0x6a(UP),	protocol: .
11-05 11:41:39.766 V/PT      ( 1581): >>INFO:irkey_task:[    4362.717841] /dev/input/event0: type=0001 code=006a val=00000000
11-05 11:41:39.766 V/PT      ( 1581): >>INFO:irkey_send:0x3001 0x0027 up  
11-05 11:41:39.766 V/SUMA    ( 1581): ++++++++++++++  _roc_evtmgr_key_cbk 517:input = 12289, event=39, act=0x400
11-05 11:41:39.766 V/SUMA    ( 1581): lxm:_roc_evtmgr_key_cbk 519 4362718
11-05 11:41:39.766 V/SUMA    ( 1581): lxm:_roc_evtmgr_add_key_into_queue 311 4362718
11-05 11:41:39.766 V/PT      ( 1581): >>INFO:irkey_task:[    4362.717841] /dev/input/event0: type=0000 code=0000 val=00000000
11-05 11:41:39.767 V/SUMA    ( 1581): ===================>> type=0 src=0 evt=39 act=0x400
11-05 11:41:39.767 V/SUMA    ( 1581): [sysset-s][event_manager_cbk 78]lxm cbid=1, cbk_reg=1, cpid=2451
11-05 11:41:39.767 D/NGBEvent( 2451): ngbEventCallBack type:0 source :39
11-05 11:41:39.767 D/NGBEvent( 2451): [NGBEventManager-JNI]-returning:1
11-05 11:41:39.767 D/NGBEvent( 2451): Input key event: keyCode=39
11-05 11:41:39.767 D/NGBEvent( 2451): src:39 = dest:39
11-05 11:41:39.767 I/System.out( 2451): [DEBUG EventManager] LWJ--Add event to java with evt=NgbEvent-[type = 1, subtype = 402, code = 39]
11-05 11:41:39.767 D/NGBEvent( 2451): [NGBEvent_log]--[EventManager--JNI]:		start
11-05 11:41:39.767 D/RemoteIME( 2321): RemoteIME--> onKeyUp keyCode = 22
11-05 11:41:39.768 I/System.out( 2451): [DEBUG EventManager] broadcastEvent  :len 1
11-05 11:41:39.768 D/KeyEventNgbDealer( 2451): [TN_pool-1-thread-1]handleKeyReleased keyEvent=NgbEvent-[type = 1, subtype = 402, code = 39],time=4362719
11-05 11:41:39.768 D/Main3DActivity( 2492): [TN_main]dispatchKeyEvent event=KeyEvent { action=ACTION_UP, keyCode=KEYCODE_DPAD_RIGHT, scanCode=106, metaState=0, flags=0x8, repeatCount=0, eventTime=4362717, downTime=4362508, deviceId=3, source=0x701 },isEventAble=true
11-05 11:41:39.791 D/BackBootDealerNeimeng( 2356): standbyState:
11-05 11:41:39.791 E/NetUtils( 2019): Interface eth0 LinkDown!
11-05 11:41:39.876 E/storage_operate( 2654): HCDN_LOG: [2017/11/05-11:41:39:876]:[func:GetTaskCount],[line:827],[oper:get task count],[state:0],[count:0]
11-05 11:41:39.876 E/storage_operate( 2654): HCDN_LOG: [2017/11/05-11:41:39:876]:[func:GetTaskCount],[line:827],[oper:get task count],[state:0],[count:0]
11-05 11:41:39.876 E/storage_operate( 2654): HCDN_LOG: [2017/11/05-11:41:39:876]:[func:GetTaskCount],[line:827],[oper:get task count],[state:1],[count:0]
11-05 11:41:40.019 D/ir_user ( 1585): PlayerTimeLineTrace:linux_keycode:0x6a(DOWN),	protocol: .
11-05 11:41:40.019 V/PT      ( 1581): >>INFO:irkey_task:[    4362.971256] /dev/input/event0: type=0001 code=006a val=00000001
11-05 11:41:40.019 V/PT      ( 1581): >>INFO:irkey_send:0x3001 0x0027 down
11-05 11:41:40.020 V/SUMA    ( 1581): ++++++++++++++  _roc_evtmgr_key_cbk 517:input = 12289, event=39, act=0x100
11-05 11:41:40.020 V/SUMA    ( 1581): lxm:_roc_evtmgr_key_cbk 519 4362971
11-05 11:41:40.020 V/SUMA    ( 1581): lxm:_roc_evtmgr_add_evt_into_queue 347 4362971
11-05 11:41:40.020 V/PT      ( 1581): >>INFO:irkey_task:[    4362.971256] /dev/input/event0: type=0000 code=0000 val=00000000
11-05 11:41:40.020 V/SUMA    ( 1581): ===================>> type=0 src=0 evt=39 act=0x100
11-05 11:41:40.020 V/SUMA    ( 1581): [sysset-s][event_manager_cbk 78]lxm cbid=1, cbk_reg=1, cpid=2451
11-05 11:41:40.020 D/NGBEvent( 2451): ngbEventCallBack type:0 source :39
11-05 11:41:40.020 D/NGBEvent( 2451): [NGBEventManager-JNI]-returning:1
11-05 11:41:40.020 D/NGBEvent( 2451): Input key event: keyCode=39
11-05 11:41:40.020 D/NGBEvent( 2451): src:39 = dest:39
11-05 11:41:40.021 I/System.out( 2451): [DEBUG EventManager] LWJ--Add event to java with evt=NgbEvent-[type = 1, subtype = 401, code = 39]
11-05 11:41:40.021 D/NGBEvent( 2451): [NGBEvent_log]--[EventManager--JNI]:		start
11-05 11:41:40.021 I/System.out( 2451): [DEBUG EventManager] broadcastEvent  :len 1
11-05 11:41:40.021 D/CombineKeyUtil( 2451): [TN_pool-1-thread-1]dealKeyEvent,combineIndex:-1:keyCode:22
11-05 11:41:40.021 D/KeyEventNgbDealer( 2451): [TN_pool-1-thread-1]handleKeyPressed keyEvent=NgbEvent-[type = 1, subtype = 401, code = 39],time=4362973
11-05 11:41:40.021 D/RemoteIME( 2321): onKeyDown event = KeyEvent { action=ACTION_DOWN, keyCode=KEYCODE_DPAD_RIGHT, scanCode=106, metaState=0, flags=0x8, repeatCount=0, eventTime=4362971, downTime=4362971, deviceId=3, source=0x701 },mSkbContainer=com.amlogic.inputmethod.remote.SkbContainer{6622968 VFE..... .F....ID 0,0-1280,300}
11-05 11:41:40.022 D/Main3DActivity( 2492): [TN_main]dispatchKeyEvent event=KeyEvent { action=ACTION_DOWN, keyCode=KEYCODE_DPAD_RIGHT, scanCode=106, metaState=0, flags=0x8, repeatCount=0, eventTime=4362971, downTime=4362971, deviceId=3, source=0x701 },isEventAble=true
11-05 11:41:40.022 D/InputEventConsistencyVerifier( 2492): KeyEvent: ACTION_DOWN but key is already down and this event is not a key repeat.
11-05 11:41:40.022 D/InputEventConsistencyVerifier( 2492):   in com.android.internal.policy.impl.PhoneWindow$DecorView{1667699c V.E..... R.....I. 0,0-1280,720}
11-05 11:41:40.022 D/InputEventConsistencyVerifier( 2492):   0: sent at 4362971000000, KeyEvent { action=ACTION_DOWN, keyCode=KEYCODE_DPAD_RIGHT, scanCode=106, metaState=0, flags=0x8, repeatCount=0, eventTime=4362971, downTime=4362971, deviceId=3, source=0x701 }
11-05 11:41:40.022 D/InputEventConsistencyVerifier( 2492):   -- recent events --
11-05 11:41:40.022 D/InputEventConsistencyVerifier( 2492):   1: sent at 4362508000000, KeyEvent { action=ACTION_DOWN, keyCode=KEYCODE_DPAD_RIGHT, scanCode=106, metaState=0, flags=0x80000008, repeatCount=0, eventTime=4362508, downTime=4362508, deviceId=3, source=0x701 }
11-05 11:41:40.022 D/InputEventConsistencyVerifier( 2492):   2: sent at 4361998000000, KeyEvent { action=ACTION_DOWN, keyCode=KEYCODE_DPAD_RIGHT, scanCode=106, metaState=0, flags=0x80000008, repeatCount=0, eventTime=4361998, downTime=4361998, deviceId=3, source=0x701 }
11-05 11:41:40.022 D/InputEventConsistencyVerifier( 2492):   3: sent at 4361582000000, KeyEvent { action=ACTION_DOWN, keyCode=KEYCODE_DPAD_RIGHT, scanCode=106, metaState=0, flags=0x80000008, repeatCount=0, eventTime=4361582, downTime=4361582, deviceId=3, source=0x701 }
11-05 11:41:40.022 D/InputEventConsistencyVerifier( 2492):   4: sent at 4361330000000, KeyEvent { action=ACTION_DOWN, keyCode=KEYCODE_DPAD_RIGHT, scanCode=106, metaState=0, flags=0x80000008, repeatCount=0, eventTime=4361330, downTime=4361330, deviceId=3, source=0x701 }
11-05 11:41:40.022 D/InputEventConsistencyVerifier( 2492):   5: sent at 4360924000000, KeyEvent { action=ACTION_DOWN, keyCode=KEYCODE_DPAD_UP, scanCode=103, metaState=0, flags=0x80000008, repeatCount=0, eventTime=4360924, downTime=4360924, deviceId=3, source=0x701 }
11-05 11:41:40.023 D/BasicRootView( 2492): [TN_main]dispatchKeyEvent event=KeyEvent { action=ACTION_DOWN, keyCode=KEYCODE_DPAD_RIGHT, scanCode=106, metaState=0, flags=0x80000008, repeatCount=0, eventTime=4362971, downTime=4362971, deviceId=3, source=0x701 },curRootPanel=com.suma.midware.home.third.a.a@c42406f
11-05 11:41:40.023 D/GLRootRenderer( 2492): dispatchKeyEvent event:KeyEvent { action=ACTION_DOWN, keyCode=KEYCODE_DPAD_RIGHT, scanCode=106, metaState=0, flags=0x80000008, repeatCount=0, eventTime=4362971, downTime=4362971, deviceId=3, source=0x701 }:lastKeyCode:22:lastKeyAction:0:lastkeycount:3:size:0
11-05 11:41:40.023 D/Scene   ( 2492): dispatchKeyEvent event:KeyEvent { action=ACTION_DOWN, keyCode=KEYCODE_DPAD_RIGHT, scanCode=106, metaState=0, flags=0x80000008, repeatCount=0, eventTime=4362971, downTime=4362971, deviceId=3, source=0x701 }
11-05 11:41:40.023 D/Scene   ( 2492): dispatchKeyEvent currentFocus = com.suma.midware.view.b.d.b@a93cb1e
11-05 11:41:40.023 D/Scene   ( 2492): dispatchKeyEvent nextFocus:null
11-05 11:41:40.023 D/BasicColumn( 2492): [TN_GLThread 73]dealKeyEvent event=KeyEvent { action=ACTION_DOWN, keyCode=KEYCODE_DPAD_RIGHT, scanCode=106, metaState=0, flags=0x80000008, repeatCount=0, eventTime=4362971, downTime=4362971, deviceId=3, source=0x701 }
11-05 11:41:40.023 D/BasicColumn( 2492): [TN_GLThread 73]movePanelFocus index=4,nextIndex=5
11-05 11:41:40.024 E/BasicColumn( 2492): [TN_GLThread 73]dealPanelAnim illegal size=7,moveDistance=0
11-05 11:41:40.024 D/FixedRes( 2492): [TN_GLThread 73]getNineImgRes nineImgSize=2
11-05 11:41:40.026 D/BasicColumn( 2492): [TN_GLThread 73]dealFocusAnim x=302.000,y=10.0000,scaleX=1.38951,scaleY=1.00000
11-05 11:41:40.026 D/HomePanel( 2492): [TN_GLThread 73]switchBasicPanel index=4,nextIndex=5,isTitleFocus=true
11-05 11:41:40.027 D/BasicPanel( 2492): [TN_GLThread 73]onBasicPanelChange isShow=false,isTitleFocus=true,isRight=true,animCmd=com.suma.midware.view.b.d.c@2d315c52,rightBoard=1863.00,rightGas=40.0000,leftBoard=88.0000,xOffset=0.00000
11-05 11:41:40.028 D/BasicPanel( 2492): [TN_GLThread 73]onBasicPanelChange isShow=true,isTitleFocus=true,isRight=true,animCmd=com.suma.midware.view.b.d.c@2d315c52,rightBoard=1784.00,rightGas=40.0000,leftBoard=87.0000,xOffset=0.00000
11-05 11:41:40.029 D/BasicPanel( 2492): [TN_GLThread 73]onBasicPanelChangeStart isShow:false:isRight:true:basicPanel:com.suma.midware.view.b.d.d@389ebd80
11-05 11:41:40.029 D/HomePanel( 2492): [TN_GLThread 73]onBasicPanelChange basicPanel=com.suma.midware.view.b.d.d@389ebd80,isShow=false,isStart=true,isRight=true
11-05 11:41:40.029 D/HomePanel( 2492): [TN_GLThread 73]onBasicPanelChange basicPanelIndex=4,xOffset=0.00000
11-05 11:41:40.029 D/BasicPanel( 2492): [TN_GLThread 73]onBasicPanelChangeStart isShow:true:isRight:true:basicPanel:com.suma.midware.view.b.d.d@a53dfb9
11-05 11:41:40.029 D/HomePanel( 2492): [TN_GLThread 73]onBasicPanelChange basicPanel=com.suma.midware.view.b.d.d@a53dfb9,isShow=true,isStart=true,isRight=true
11-05 11:41:40.030 D/HomePanel( 2492): [TN_GLThread 73]onBasicPanelChange basicPanelIndex=5,xOffset=0.00000
11-05 11:41:40.030 W/BasicRootPanel( 2492): [TN_GLThread 73]changeBgAttr coverImgRes null
11-05 11:41:40.037 D/BasicFigure( 2492): [TN_GLThread 73]isDrawFocused relyElement=[BaseElement@3914159e]focusScale[1.15]elementAlpha[-1.0]refectAlpha[-1.0]isFocusAble[true]shadowIndex[-1]autoJumpType[-1]uniqueID[54resSize0]rect[NULL]
11-05 11:41:40.037 D/BasicFigure( 2492): [TN_GLThread 73]isDrawFocused basicFigure=com.suma.midware.view.b.c.c@257887f
11-05 11:41:40.037 D/BasicPanel( 2492): [TN_GLThread 73]onBasicPanelChangeEnd isShow:false:isRight:true:basicPanel:com.suma.midware.view.b.d.d@389ebd80
11-05 11:41:40.038 D/HomePanel( 2492): [TN_GLThread 73]onBasicPanelChange basicPanel=com.suma.midware.view.b.d.d@389ebd80,isShow=false,isStart=false,isRight=true
11-05 11:41:40.038 D/HomePanel( 2492): [TN_GLThread 73]onBasicPanelChange basicPanelIndex=4,xOffset=0.00000
11-05 11:41:40.038 D/BasicPanel( 2492): [TN_GLThread 73]onBasicPanelChangeEnd isShow:true:isRight:true:basicPanel:com.suma.midware.view.b.d.d@a53dfb9
11-05 11:41:40.038 D/HomePanel( 2492): [TN_GLThread 73]onBasicPanelChange basicPanel=com.suma.midware.view.b.d.d@a53dfb9,isShow=true,isStart=false,isRight=true
11-05 11:41:40.038 D/HomePanel( 2492): [TN_GLThread 73]onBasicPanelChange basicPanelIndex=5,xOffset=0.00000
11-05 11:41:40.045 D/BasicFigure( 2492): [TN_GLThread 73]isDrawFocused relyElement=[BaseElement@3914159e]focusScale[1.15]elementAlpha[-1.0]refectAlpha[-1.0]isFocusAble[true]shadowIndex[-1]autoJumpType[-1]uniqueID[54resSize0]rect[NULL]
11-05 11:41:40.045 D/BasicFigure( 2492): [TN_GLThread 73]isDrawFocused basicFigure=com.suma.midware.view.b.c.c@257887f
11-05 11:41:40.056 D/BasicFigure( 2492): [TN_GLThread 73]isDrawFocused relyElement=[BaseElement@3914159e]focusScale[1.15]elementAlpha[-1.0]refectAlpha[-1.0]isFocusAble[true]shadowIndex[-1]autoJumpType[-1]uniqueID[54resSize0]rect[NULL]
11-05 11:41:40.056 D/BasicFigure( 2492): [TN_GLThread 73]isDrawFocused basicFigure=com.suma.midware.view.b.c.c@257887f
11-05 11:41:40.229 D/ir_user ( 1585): PlayerTimeLineTrace:linux_keycode:0x6a(UP),	protocol: .
11-05 11:41:40.229 V/PT      ( 1581): >>INFO:irkey_task:[    4363.180518] /dev/input/event0: type=0001 code=006a val=00000000
11-05 11:41:40.229 V/PT      ( 1581): >>INFO:irkey_send:0x3001 0x0027 up  
11-05 11:41:40.229 V/SUMA    ( 1581): ++++++++++++++  _roc_evtmgr_key_cbk 517:input = 12289, event=39, act=0x400
11-05 11:41:40.229 V/SUMA    ( 1581): lxm:_roc_evtmgr_key_cbk 519 4363180
11-05 11:41:40.229 V/SUMA    ( 1581): lxm:_roc_evtmgr_add_key_into_queue 311 4363180
11-05 11:41:40.229 V/PT      ( 1581): >>INFO:irkey_task:[    4363.180518] /dev/input/event0: type=0000 code=0000 val=00000000
11-05 11:41:40.229 V/SUMA    ( 1581): ===================>> type=0 src=0 evt=39 act=0x400
11-05 11:41:40.229 V/SUMA    ( 1581): [sysset-s][event_manager_cbk 78]lxm cbid=1, cbk_reg=1, cpid=2451
11-05 11:41:40.229 D/NGBEvent( 2451): ngbEventCallBack type:0 source :39
11-05 11:41:40.229 D/NGBEvent( 2451): [NGBEventManager-JNI]-returning:1
11-05 11:41:40.229 D/NGBEvent( 2451): Input key event: keyCode=39
11-05 11:41:40.229 D/NGBEvent( 2451): src:39 = dest:39
11-05 11:41:40.229 I/System.out( 2451): [DEBUG EventManager] LWJ--Add event to java with evt=NgbEvent-[type = 1, subtype = 402, code = 39]
11-05 11:41:40.229 D/NGBEvent( 2451): [NGBEvent_log]--[EventManager--JNI]:		start
11-05 11:41:40.229 I/System.out( 2451): [DEBUG EventManager] broadcastEvent  :len 1
11-05 11:41:40.229 D/KeyEventNgbDealer( 2451): [TN_pool-1-thread-1]handleKeyReleased keyEvent=NgbEvent-[type = 1, subtype = 402, code = 39],time=4363181
11-05 11:41:40.229 D/RemoteIME( 2321): RemoteIME--> onKeyUp keyCode = 22
11-05 11:41:40.230 D/Main3DActivity( 2492): [TN_main]dispatchKeyEvent event=KeyEvent { action=ACTION_UP, keyCode=KEYCODE_DPAD_RIGHT, scanCode=106, metaState=0, flags=0x8, repeatCount=0, eventTime=4363180, downTime=4362971, deviceId=3, source=0x701 },isEventAble=true
11-05 11:41:40.292 D/BackBootDealerNeimeng( 2356): standbyState:
11-05 11:41:40.292 E/NetUtils( 2019): Interface eth0 LinkDown!
11-05 11:41:40.383 D/ir_user ( 1585): PlayerTimeLineTrace:linux_keycode:0x6c(DOWN),	protocol: .
11-05 11:41:40.383 V/PT      ( 1581): >>INFO:irkey_task:[    4363.335251] /dev/input/event0: type=0001 code=006c val=00000001
11-05 11:41:40.383 V/PT      ( 1581): >>INFO:irkey_send:0x3001 0x0028 down
11-05 11:41:40.384 V/SUMA    ( 1581): ++++++++++++++  _roc_evtmgr_key_cbk 517:input = 12289, event=40, act=0x100
11-05 11:41:40.384 V/SUMA    ( 1581): lxm:_roc_evtmgr_key_cbk 519 4363335
11-05 11:41:40.384 V/SUMA    ( 1581): lxm:_roc_evtmgr_add_evt_into_queue 347 4363335
11-05 11:41:40.384 V/PT      ( 1581): >>INFO:irkey_task:[    4363.335251] /dev/input/event0: type=0000 code=0000 val=00000000
11-05 11:41:40.384 V/SUMA    ( 1581): ===================>> type=0 src=0 evt=40 act=0x100
11-05 11:41:40.384 V/SUMA    ( 1581): [sysset-s][event_manager_cbk 78]lxm cbid=1, cbk_reg=1, cpid=2451
11-05 11:41:40.384 D/NGBEvent( 2451): ngbEventCallBack type:0 source :40
11-05 11:41:40.384 D/NGBEvent( 2451): [NGBEventManager-JNI]-returning:1
11-05 11:41:40.384 D/NGBEvent( 2451): Input key event: keyCode=40
11-05 11:41:40.384 D/NGBEvent( 2451): src:40 = dest:40
11-05 11:41:40.384 I/System.out( 2451): [DEBUG EventManager] LWJ--Add event to java with evt=NgbEvent-[type = 1, subtype = 401, code = 40]
11-05 11:41:40.385 D/NGBEvent( 2451): [NGBEvent_log]--[EventManager--JNI]:		start
11-05 11:41:40.385 I/System.out( 2451): [DEBUG EventManager] broadcastEvent  :len 1
11-05 11:41:40.385 D/CombineKeyUtil( 2451): [TN_pool-1-thread-1]dealKeyEvent,combineIndex:-1:keyCode:20
11-05 11:41:40.385 D/KeyEventNgbDealer( 2451): [TN_pool-1-thread-1]handleKeyPressed keyEvent=NgbEvent-[type = 1, subtype = 401, code = 40],time=4363336
11-05 11:41:40.385 D/RemoteIME( 2321): onKeyDown event = KeyEvent { action=ACTION_DOWN, keyCode=KEYCODE_DPAD_DOWN, scanCode=108, metaState=0, flags=0x8, repeatCount=0, eventTime=4363335, downTime=4363335, deviceId=3, source=0x701 },mSkbContainer=com.amlogic.inputmethod.remote.SkbContainer{6622968 VFE..... .F....ID 0,0-1280,300}
11-05 11:41:40.386 D/Main3DActivity( 2492): [TN_main]dispatchKeyEvent event=KeyEvent { action=ACTION_DOWN, keyCode=KEYCODE_DPAD_DOWN, scanCode=108, metaState=0, flags=0x8, repeatCount=0, eventTime=4363335, downTime=4363335, deviceId=3, source=0x701 },isEventAble=true
11-05 11:41:40.386 D/InputEventConsistencyVerifier( 2492): KeyEvent: ACTION_DOWN but key is already down and this event is not a key repeat.
11-05 11:41:40.386 D/InputEventConsistencyVerifier( 2492):   in com.android.internal.policy.impl.PhoneWindow$DecorView{1667699c V.E..... R.....I. 0,0-1280,720}
11-05 11:41:40.386 D/InputEventConsistencyVerifier( 2492):   0: sent at 4363335000000, KeyEvent { action=ACTION_DOWN, keyCode=KEYCODE_DPAD_DOWN, scanCode=108, metaState=0, flags=0x8, repeatCount=0, eventTime=4363335, downTime=4363335, deviceId=3, source=0x701 }
11-05 11:41:40.386 D/InputEventConsistencyVerifier( 2492):   -- recent events --
11-05 11:41:40.386 D/InputEventConsistencyVerifier( 2492):   1: sent at 4362971000000, KeyEvent { action=ACTION_DOWN, keyCode=KEYCODE_DPAD_RIGHT, scanCode=106, metaState=0, flags=0x80000008, repeatCount=0, eventTime=4362971, downTime=4362971, deviceId=3, source=0x701 }
11-05 11:41:40.386 D/InputEventConsistencyVerifier( 2492):   2: sent at 4362508000000, KeyEvent { action=ACTION_DOWN, keyCode=KEYCODE_DPAD_RIGHT, scanCode=106, metaState=0, flags=0x80000008, repeatCount=0, eventTime=4362508, downTime=4362508, deviceId=3, source=0x701 }
11-05 11:41:40.386 D/InputEventConsistencyVerifier( 2492):   3: sent at 4361998000000, KeyEvent { action=ACTION_DOWN, keyCode=KEYCODE_DPAD_RIGHT, scanCode=106, metaState=0, flags=0x80000008, repeatCount=0, eventTime=4361998, downTime=4361998, deviceId=3, source=0x701 }
11-05 11:41:40.386 D/InputEventConsistencyVerifier( 2492):   4: sent at 4361582000000, KeyEvent { action=ACTION_DOWN, keyCode=KEYCODE_DPAD_RIGHT, scanCode=106, metaState=0, flags=0x80000008, repeatCount=0, eventTime=4361582, downTime=4361582, deviceId=3, source=0x701 }
11-05 11:41:40.386 D/InputEventConsistencyVerifier( 2492):   5: sent at 4361330000000, KeyEvent { action=ACTION_DOWN, keyCode=KEYCODE_DPAD_RIGHT, scanCode=106, metaState=0, flags=0x80000008, repeatCount=0, eventTime=4361330, downTime=4361330, deviceId=3, source=0x701 }
11-05 11:41:40.386 D/BasicRootView( 2492): [TN_main]dispatchKeyEvent event=KeyEvent { action=ACTION_DOWN, keyCode=KEYCODE_DPAD_DOWN, scanCode=108, metaState=0, flags=0x80000008, repeatCount=0, eventTime=4363335, downTime=4363335, deviceId=3, source=0x701 },curRootPanel=com.suma.midware.home.third.a.a@c42406f
11-05 11:41:40.387 D/GLRootRenderer( 2492): dispatchKeyEvent event:KeyEvent { action=ACTION_DOWN, keyCode=KEYCODE_DPAD_DOWN, scanCode=108, metaState=0, flags=0x80000008, repeatCount=0, eventTime=4363335, downTime=4363335, deviceId=3, source=0x701 }:lastKeyCode:22:lastKeyAction:0:lastkeycount:4:size:0
11-05 11:41:40.387 D/Scene   ( 2492): dispatchKeyEvent event:KeyEvent { action=ACTION_DOWN, keyCode=KEYCODE_DPAD_DOWN, scanCode=108, metaState=0, flags=0x80000008, repeatCount=0, eventTime=4363335, downTime=4363335, deviceId=3, source=0x701 }
11-05 11:41:40.387 D/Scene   ( 2492): dispatchKeyEvent currentFocus = com.suma.midware.view.b.d.b@a93cb1e
11-05 11:41:40.387 D/Scene   ( 2492): dispatchKeyEvent nextFocus:null
11-05 11:41:40.387 D/BasicColumn( 2492): [TN_GLThread 73]dealKeyEvent event=KeyEvent { action=ACTION_DOWN, keyCode=KEYCODE_DPAD_DOWN, scanCode=108, metaState=0, flags=0x80000008, repeatCount=0, eventTime=4363335, downTime=4363335, deviceId=3, source=0x701 }
11-05 11:41:40.388 D/MenuUtil( 2492): [TN_GLThread 73]searchVerticalFigure x=974.000,y=120.000,width=220.000,height=60.0000,excludeObj=null
11-05 11:41:40.389 D/FixedRes( 2492): [TN_GLThread 73]getNineImgRes nineImgSize=2
11-05 11:41:40.389 D/BasicColumn( 2492): [TN_GLThread 73]onFocus isFocus=false,index=5,nextIndex=-1
11-05 11:41:40.389 D/FixedRes( 2492): [TN_GLThread 73]getNineImgRes nineImgSize=2
11-05 11:41:40.390 D/BasicColumn( 2492): [TN_GLThread 73]moveFocus xOffset=151.000,yOffset=139.000
11-05 11:41:40.390 D/BasicFigure( 2492): [TN_GLThread 73]onFocusGain figure=com.suma.midware.view.b.c.c@308fe5fc
11-05 11:41:40.390 D/BasicFigure( 2492): [TN_GLThread 73]onFocusGain panelIndex=5,curPanelIndex=5,basicFigure=com.suma.midware.view.b.c.c@308fe5fc
11-05 11:41:40.391 D/BasicFigure( 2492): [TN_GLThread 73]onFocusMoveAnim moveSpace=0.00000,x=37.5000,xOffset=0.00000
11-05 11:41:40.391 D/FixedRes( 2492): [TN_GLThread 73]getNineImgRes nineImgSize=2
11-05 11:41:40.391 W/BasicRootPanel( 2492): [TN_GLThread 73]switchPanelLight lightFigure null
11-05 11:41:40.398 D/BasicFigure( 2492): [TN_GLThread 73]isDrawFocused relyElement=[BaseElement@3914159e]focusScale[1.15]elementAlpha[-1.0]refectAlpha[-1.0]isFocusAble[true]shadowIndex[-1]autoJumpType[-1]uniqueID[54resSize0]rect[NULL]
11-05 11:41:40.398 D/BasicFigure( 2492): [TN_GLThread 73]isDrawFocused basicFigure=com.suma.midware.view.b.c.c@257887f
11-05 11:41:40.405 D/BasicFigure( 2492): [TN_GLThread 73]isDrawFocused relyElement=[BaseElement@3914159e]focusScale[1.15]elementAlpha[-1.0]refectAlpha[-1.0]isFocusAble[true]shadowIndex[-1]autoJumpType[-1]uniqueID[54resSize0]rect[NULL]
11-05 11:41:40.405 D/BasicFigure( 2492): [TN_GLThread 73]isDrawFocused basicFigure=com.suma.midware.view.b.c.c@257887f
11-05 11:41:40.417 D/BasicFigure( 2492): [TN_GLThread 73]isDrawFocused relyElement=[BaseElement@3914159e]focusScale[1.15]elementAlpha[-1.0]refectAlpha[-1.0]isFocusAble[true]shadowIndex[-1]autoJumpType[-1]uniqueID[54resSize0]rect[NULL]
11-05 11:41:40.417 D/BasicFigure( 2492): [TN_GLThread 73]isDrawFocused basicFigure=com.suma.midware.view.b.c.c@257887f
11-05 11:41:40.430 D/BasicFigure( 2492): [TN_GLThread 73]isDrawFocused relyElement=[BaseElement@3914159e]focusScale[1.15]elementAlpha[-1.0]refectAlpha[-1.0]isFocusAble[true]shadowIndex[-1]autoJumpType[-1]uniqueID[54resSize0]rect[NULL]
11-05 11:41:40.430 D/BasicFigure( 2492): [TN_GLThread 73]isDrawFocused basicFigure=com.suma.midware.view.b.c.c@257887f
11-05 11:41:40.448 D/BasicFigure( 2492): [TN_GLThread 73]isDrawFocused relyElement=[BaseElement@3914159e]focusScale[1.15]elementAlpha[-1.0]refectAlpha[-1.0]isFocusAble[true]shadowIndex[-1]autoJumpType[-1]uniqueID[54resSize0]rect[NULL]
11-05 11:41:40.448 D/BasicFigure( 2492): [TN_GLThread 73]isDrawFocused basicFigure=com.suma.midware.view.b.c.c@257887f
11-05 11:41:40.467 D/BasicFigure( 2492): [TN_GLThread 73]isDrawFocused relyElement=[BaseElement@3914159e]focusScale[1.15]elementAlpha[-1.0]refectAlpha[-1.0]isFocusAble[true]shadowIndex[-1]autoJumpType[-1]uniqueID[54resSize0]rect[NULL]
11-05 11:41:40.468 D/BasicFigure( 2492): [TN_GLThread 73]isDrawFocused basicFigure=com.suma.midware.view.b.c.c@257887f
11-05 11:41:40.492 D/BasicFigure( 2492): [TN_GLThread 73]isDrawFocused relyElement=[BaseElement@3914159e]focusScale[1.15]elementAlpha[-1.0]refectAlpha[-1.0]isFocusAble[true]shadowIndex[-1]autoJumpType[-1]uniqueID[54resSize0]rect[NULL]
11-05 11:41:40.492 D/BasicFigure( 2492): [TN_GLThread 73]isDrawFocused basicFigure=com.suma.midware.view.b.c.c@257887f
11-05 11:41:40.509 D/BasicFigure( 2492): [TN_GLThread 73]isDrawFocused relyElement=[BaseElement@3914159e]focusScale[1.15]elementAlpha[-1.0]refectAlpha[-1.0]isFocusAble[true]shadowIndex[-1]autoJumpType[-1]uniqueID[54resSize0]rect[NULL]
11-05 11:41:40.509 D/BasicFigure( 2492): [TN_GLThread 73]isDrawFocused basicFigure=com.suma.midware.view.b.c.c@257887f
11-05 11:41:40.521 D/BasicFigure( 2492): [TN_GLThread 73]isDrawFocused relyElement=[BaseElement@3914159e]focusScale[1.15]elementAlpha[-1.0]refectAlpha[-1.0]isFocusAble[true]shadowIndex[-1]autoJumpType[-1]uniqueID[54resSize0]rect[NULL]
11-05 11:41:40.521 D/BasicFigure( 2492): [TN_GLThread 73]isDrawFocused basicFigure=com.suma.midware.view.b.c.c@257887f
11-05 11:41:40.531 D/BasicFigure( 2492): [TN_GLThread 73]isDrawFocused relyElement=[BaseElement@3914159e]focusScale[1.15]elementAlpha[-1.0]refectAlpha[-1.0]isFocusAble[true]shadowIndex[-1]autoJumpType[-1]uniqueID[54resSize0]rect[NULL]
11-05 11:41:40.531 D/BasicFigure( 2492): [TN_GLThread 73]isDrawFocused basicFigure=com.suma.midware.view.b.c.c@257887f
11-05 11:41:40.540 D/BasicFigure( 2492): [TN_GLThread 73]isDrawFocused relyElement=[BaseElement@3914159e]focusScale[1.15]elementAlpha[-1.0]refectAlpha[-1.0]isFocusAble[true]shadowIndex[-1]autoJumpType[-1]uniqueID[54resSize0]rect[NULL]
11-05 11:41:40.540 D/BasicFigure( 2492): [TN_GLThread 73]isDrawFocused basicFigure=com.suma.midware.view.b.c.c@257887f
11-05 11:41:40.555 D/BasicFigure( 2492): [TN_GLThread 73]isDrawFocused relyElement=[BaseElement@3914159e]focusScale[1.15]elementAlpha[-1.0]refectAlpha[-1.0]isFocusAble[true]shadowIndex[-1]autoJumpType[-1]uniqueID[54resSize0]rect[NULL]
11-05 11:41:40.555 D/BasicFigure( 2492): [TN_GLThread 73]isDrawFocused basicFigure=com.suma.midware.view.b.c.c@257887f
11-05 11:41:40.571 D/BasicFigure( 2492): [TN_GLThread 73]isDrawFocused relyElement=[BaseElement@3914159e]focusScale[1.15]elementAlpha[-1.0]refectAlpha[-1.0]isFocusAble[true]shadowIndex[-1]autoJumpType[-1]uniqueID[54resSize0]rect[NULL]
11-05 11:41:40.571 D/BasicFigure( 2492): [TN_GLThread 73]isDrawFocused basicFigure=com.suma.midware.view.b.c.c@257887f
11-05 11:41:40.589 D/BasicFigure( 2492): [TN_GLThread 73]isDrawFocused relyElement=[BaseElement@3914159e]focusScale[1.15]elementAlpha[-1.0]refectAlpha[-1.0]isFocusAble[true]shadowIndex[-1]autoJumpType[-1]uniqueID[54resSize0]rect[NULL]
11-05 11:41:40.589 D/BasicFigure( 2492): [TN_GLThread 73]isDrawFocused basicFigure=com.suma.midware.view.b.c.c@257887f
11-05 11:41:40.594 V/PT      ( 1581): >>INFO:irkey_task:[    4363.546223] /dev/input/event0: type=0001 code=006c val=00000000
11-05 11:41:40.594 V/PT      ( 1581): >>INFO:irkey_send:0x3001 0x0028 up  
11-05 11:41:40.594 V/SUMA    ( 1581): ++++++++++++++  _roc_evtmgr_key_cbk 517:input = 12289, event=40, act=0x400
11-05 11:41:40.594 D/ir_user ( 1585): PlayerTimeLineTrace:linux_keycode:0x6c(UP),	protocol: .
11-05 11:41:40.594 V/SUMA    ( 1581): lxm:_roc_evtmgr_key_cbk 519 4363546
11-05 11:41:40.594 V/SUMA    ( 1581): lxm:_roc_evtmgr_add_key_into_queue 311 4363546
11-05 11:41:40.594 V/PT      ( 1581): >>INFO:irkey_task:[    4363.546223] /dev/input/event0: type=0000 code=0000 val=00000000
11-05 11:41:40.594 V/SUMA    ( 1581): ===================>> type=0 src=0 evt=40 act=0x400
11-05 11:41:40.595 V/SUMA    ( 1581): [sysset-s][event_manager_cbk 78]lxm cbid=1, cbk_reg=1, cpid=2451
11-05 11:41:40.595 D/NGBEvent( 2451): ngbEventCallBack type:0 source :40
11-05 11:41:40.595 D/NGBEvent( 2451): [NGBEventManager-JNI]-returning:1
11-05 11:41:40.595 D/NGBEvent( 2451): Input key event: keyCode=40
11-05 11:41:40.595 D/NGBEvent( 2451): src:40 = dest:40
11-05 11:41:40.595 I/System.out( 2451): [DEBUG EventManager] LWJ--Add event to java with evt=NgbEvent-[type = 1, subtype = 402, code = 40]
11-05 11:41:40.595 D/NGBEvent( 2451): [NGBEvent_log]--[EventManager--JNI]:		start
11-05 11:41:40.595 I/System.out( 2451): [DEBUG EventManager] broadcastEvent  :len 1
11-05 11:41:40.595 D/KeyEventNgbDealer( 2451): [TN_pool-1-thread-1]handleKeyReleased keyEvent=NgbEvent-[type = 1, subtype = 402, code = 40],time=4363546
11-05 11:41:40.595 D/RemoteIME( 2321): RemoteIME--> onKeyUp keyCode = 20
11-05 11:41:40.595 D/Main3DActivity( 2492): [TN_main]dispatchKeyEvent event=KeyEvent { action=ACTION_UP, keyCode=KEYCODE_DPAD_DOWN, scanCode=108, metaState=0, flags=0x8, repeatCount=0, eventTime=4363546, downTime=4363335, deviceId=3, source=0x701 },isEventAble=true
11-05 11:41:40.605 D/BasicFigure( 2492): [TN_GLThread 73]isDrawFocused relyElement=[BaseElement@3914159e]focusScale[1.15]elementAlpha[-1.0]refectAlpha[-1.0]isFocusAble[true]shadowIndex[-1]autoJumpType[-1]uniqueID[54resSize0]rect[NULL]
11-05 11:41:40.605 D/BasicFigure( 2492): [TN_GLThread 73]isDrawFocused basicFigure=com.suma.midware.view.b.c.c@257887f
11-05 11:41:40.622 D/BasicFigure( 2492): [TN_GLThread 73]isDrawFocused relyElement=[BaseElement@3914159e]focusScale[1.15]elementAlpha[-1.0]refectAlpha[-1.0]isFocusAble[true]shadowIndex[-1]autoJumpType[-1]uniqueID[54resSize0]rect[NULL]
11-05 11:41:40.622 D/BasicFigure( 2492): [TN_GLThread 73]isDrawFocused basicFigure=com.suma.midware.view.b.c.c@257887f
11-05 11:41:40.641 D/BasicFigure( 2492): [TN_GLThread 73]isDrawFocused relyElement=[BaseElement@3914159e]focusScale[1.15]elementAlpha[-1.0]refectAlpha[-1.0]isFocusAble[true]shadowIndex[-1]autoJumpType[-1]uniqueID[54resSize0]rect[NULL]
11-05 11:41:40.641 D/BasicFigure( 2492): [TN_GLThread 73]isDrawFocused basicFigure=com.suma.midware.view.b.c.c@257887f
11-05 11:41:40.649 D/ir_user ( 1585): PlayerTimeLineTrace:linux_keycode:0x6c(DOWN),	protocol: .
11-05 11:41:40.649 V/PT      ( 1581): >>INFO:irkey_task:[    4363.600574] /dev/input/event0: type=0001 code=006c val=00000001
11-05 11:41:40.649 V/PT      ( 1581): >>INFO:irkey_send:0x3001 0x0028 down
11-05 11:41:40.649 V/SUMA    ( 1581): ++++++++++++++  _roc_evtmgr_key_cbk 517:input = 12289, event=40, act=0x100
11-05 11:41:40.649 V/SUMA    ( 1581): lxm:_roc_evtmgr_key_cbk 519 4363600
11-05 11:41:40.649 V/SUMA    ( 1581): lxm:_roc_evtmgr_add_evt_into_queue 347 4363600
11-05 11:41:40.649 V/PT      ( 1581): >>INFO:irkey_task:[    4363.600574] /dev/input/event0: type=0000 code=0000 val=00000000
11-05 11:41:40.649 V/SUMA    ( 1581): ===================>> type=0 src=0 evt=40 act=0x100
11-05 11:41:40.649 V/SUMA    ( 1581): [sysset-s][event_manager_cbk 78]lxm cbid=1, cbk_reg=1, cpid=2451
11-05 11:41:40.649 D/NGBEvent( 2451): ngbEventCallBack type:0 source :40
11-05 11:41:40.649 D/NGBEvent( 2451): [NGBEventManager-JNI]-returning:1
11-05 11:41:40.649 D/NGBEvent( 2451): Input key event: keyCode=40
11-05 11:41:40.649 D/NGBEvent( 2451): src:40 = dest:40
11-05 11:41:40.649 I/System.out( 2451): [DEBUG EventManager] LWJ--Add event to java with evt=NgbEvent-[type = 1, subtype = 401, code = 40]
11-05 11:41:40.649 D/NGBEvent( 2451): [NGBEvent_log]--[EventManager--JNI]:		start
11-05 11:41:40.649 I/System.out( 2451): [DEBUG EventManager] broadcastEvent  :len 1
11-05 11:41:40.649 D/CombineKeyUtil( 2451): [TN_pool-1-thread-1]dealKeyEvent,combineIndex:-1:keyCode:20
11-05 11:41:40.649 D/KeyEventNgbDealer( 2451): [TN_pool-1-thread-1]handleKeyPressed keyEvent=NgbEvent-[type = 1, subtype = 401, code = 40],time=4363601
