11-02 18:29:56.371 E/WifiAutoJoinController ( 2021):  84:79:73:27:8c:1d rssi=-62 cap [WEP][ESS] is not scored
11-02 18:29:56.371 E/WifiAutoJoinController ( 2021):  84:79:73:27:8c:13 rssi=-72 cap [WEP][ESS] is not scored
11-02 18:29:56.372 E/WifiAutoJoinController ( 2021): IMBTVN2.4_1c478d 4c:0f:c7:c3:27:4b rssi=-33 cap [ESS] is not scored
11-02 18:29:56.372 E/WifiAutoJoinController ( 2021): CMCC-WEB 00:11:b5:17:bd:d5 rssi=-72 cap [ESS] is not scored
11-02 18:29:56.373 E/WifiAutoJoinController ( 2021): and-Business 0e:11:b5:17:bd:d5 rssi=-73 cap [ESS] is not scored
11-02 18:29:56.373 E/WifiAutoJoinController ( 2021): CMCC-family 0a:11:b5:17:bd:d5 rssi=-74 cap [ESS] is not scored
11-02 18:29:56.373 E/WifiAutoJoinController ( 2021): HUAWEI-VYGUV5 00:5a:13:61:fa:ac rssi=-82 cap [ESS] is not scored
11-02 18:29:56.374 E/WifiAutoJoinController ( 2021): CMCC-Free 2e:c8:97:9e:f8:16 rssi=-82 cap [ESS] is not scored
11-02 18:29:56.374 E/WifiAutoJoinController ( 2021): CMCC-family 1e:c8:97:9e:f8:16 rssi=-82 cap [ESS] is not scored
11-02 18:29:56.375 E/WifiAutoJoinController ( 2021): ageScanResultsOut delay 40000 size 29 now 1509618596375
11-02 18:29:56.375 E/WifiAutoJoinController ( 2021): newSupplicantResults size=29 known=1 true
11-02 18:29:56.376 E/WifiAutoJoinController ( 2021): attemptAutoJoin() status=bssid=e4:f3:f5:aa:ad:88
11-02 18:29:56.376 E/WifiAutoJoinController ( 2021): freq=2467
11-02 18:29:56.376 E/WifiAutoJoinController ( 2021): ssid=ipanel
11-02 18:29:56.376 E/WifiAutoJoinController ( 2021): id=1
11-02 18:29:56.376 E/WifiAutoJoinController ( 2021): mode=station
11-02 18:29:56.376 E/WifiAutoJoinController ( 2021): pairwise_cipher=CCMP
11-02 18:29:56.376 E/WifiAutoJoinController ( 2021): group_cipher=CCMP
11-02 18:29:56.376 E/WifiAutoJoinController ( 2021): key_mgmt=WPA2-PSK
11-02 18:29:56.376 E/WifiAutoJoinController ( 2021): wpa_state=COMPLETED
11-02 18:29:56.376 E/WifiAutoJoinController ( 2021): ip_address=192.168.0.101
11-02 18:29:56.376 E/WifiAutoJoinController ( 2021): p2p_device_address=0e:62:a6:0c:0f:b2
11-02 18:29:56.376 E/WifiAutoJoinController ( 2021): address=0c:62:a6:0c:0f:b2
11-02 18:29:56.376 E/WifiAutoJoinController ( 2021): uuid=de43a986-3647-5398-876d-b6752834d7e7 split=13
11-02 18:29:56.376 E/WifiAutoJoinController ( 2021): attemptAutoJoin() num recent config 1 current="ipanel"WPA_PSK last="ipanel"WPA_PSK ---> suppNetId=1
11-02 18:29:56.376 E/WifiAutoJoinController ( 2021): attemptAutoJoin good candidate seen, bumped hard -> status=0 "ipanel"WPA_PSK rssi=(-35,-127) num=(1,0)
11-02 18:29:56.376 E/WifiAutoJoinController ( 2021): attemptAutoJoin skip current candidate  1 key "ipanel"WPA_PSK
11-02 18:29:56.377 E/WifiAutoJoinController ( 2021): attemptRoam: "ipanel"WPA_PSK Found e4:f3:f5:aa:ad:88 rssi=-35 freq=2467 Current: e4:f3:f5:aa:ad:88
11-02 18:29:56.377 E/WifiAutoJoinController ( 2021): Done attemptAutoJoin status=0
11-02 18:29:56.493 D/BackBootDealerNeimeng( 2367): standbyState:
11-02 18:29:56.494 E/NetUtils( 2021): Interface eth0 LinkDown!
11-02 18:29:56.994 D/BackBootDealerNeimeng( 2367): standbyState:
11-02 18:29:56.996 E/NetUtils( 2021): Interface eth0 LinkDown!
11-02 18:29:57.234 D/BasicFigure( 2489): [TN_GLThread 73]isDrawFocused relyElement=[BaseElement@1961e652]focusScale[1.15]elementAlpha[-1.0]refectAlpha[-1.0]isFocusAble[true]shadowIndex[-1]autoJumpType[-1]uniqueID[54resSize0]rect[NULL]
11-02 18:29:57.234 D/BasicFigure( 2489): [TN_GLThread 73]isDrawFocused basicFigure=com.suma.midware.view.b.c.c@18483d23
11-02 18:29:57.496 D/BackBootDealerNeimeng( 2367): standbyState:
11-02 18:29:57.497 E/NetUtils( 2021): Interface eth0 LinkDown!
11-02 18:29:57.997 D/BackBootDealerNeimeng( 2367): standbyState:
11-02 18:29:57.998 E/NetUtils( 2021): Interface eth0 LinkDown!
11-02 18:29:58.254 D/BasicFigure( 2489): [TN_GLThread 73]isDrawFocused relyElement=[BaseElement@1961e652]focusScale[1.15]elementAlpha[-1.0]refectAlpha[-1.0]isFocusAble[true]shadowIndex[-1]autoJumpType[-1]uniqueID[54resSize0]rect[NULL]
11-02 18:29:58.254 D/BasicFigure( 2489): [TN_GLThread 73]isDrawFocused basicFigure=com.suma.midware.view.b.c.c@18483d23
11-02 18:29:58.499 D/BackBootDealerNeimeng( 2367): standbyState:
11-02 18:29:58.499 E/NetUtils( 2021): Interface eth0 LinkDown!
11-02 18:29:59.000 D/BackBootDealerNeimeng( 2367): standbyState:
11-02 18:29:59.001 E/NetUtils( 2021): Interface eth0 LinkDown!
11-02 18:29:59.274 D/BasicFigure( 2489): [TN_GLThread 73]isDrawFocused relyElement=[BaseElement@1961e652]focusScale[1.15]elementAlpha[-1.0]refectAlpha[-1.0]isFocusAble[true]shadowIndex[-1]autoJumpType[-1]uniqueID[54resSize0]rect[NULL]
11-02 18:29:59.274 D/BasicFigure( 2489): [TN_GLThread 73]isDrawFocused basicFigure=com.suma.midware.view.b.c.c@18483d23
11-02 18:29:59.502 D/BackBootDealerNeimeng( 2367): standbyState:
11-02 18:29:59.503 E/NetUtils( 2021): Interface eth0 LinkDown!
11-02 18:30:00.003 D/BackBootDealerNeimeng( 2367): standbyState:
11-02 18:30:00.004 E/NetUtils( 2021): Interface eth0 LinkDown!
11-02 18:30:00.273 D/TimeUpdate( 2489): [TN_main]dealTimeUpdate curTime=java.util.GregorianCalendar[time=1509618600273,areFieldsSet=true,lenient=true,zone=Asia/Shanghai,firstDayOfWeek=1,minimalDaysInFirstWeek=1,ERA=1,YEAR=2017,MONTH=10,WEEK_OF_YEAR=44,WEEK_OF_MONTH=1,DAY_OF_MONTH=2,DAY_OF_YEAR=306,DAY_OF_WEEK=5,DAY_OF_WEEK_IN_MONTH=1,AM_PM=1,HOUR=6,HOUR_OF_DAY=18,MINUTE=30,SECOND=0,MILLISECOND=273,ZONE_OFFSET=28800000,DST_OFFSET=0]
11-02 18:30:00.275 D/TextureManager( 2489): deleteTexture key:18:29_24_-1711276033_0_5.0_3.0_3.0_-7829368:textureID:23
11-02 18:30:00.279 D/TextureManager( 2489): loadTexture name:18:30_24_-1711276033_0_5.0_3.0_3.0_-7829368:textureID:23:recordSize:null
11-02 18:30:00.297 D/BasicFigure( 2489): [TN_GLThread 73]isDrawFocused relyElement=[BaseElement@1961e652]focusScale[1.15]elementAlpha[-1.0]refectAlpha[-1.0]isFocusAble[true]shadowIndex[-1]autoJumpType[-1]uniqueID[54resSize0]rect[NULL]
11-02 18:30:00.297 D/BasicFigure( 2489): [TN_GLThread 73]isDrawFocused basicFigure=com.suma.midware.view.b.c.c@18483d23
11-02 18:30:00.316 D/BasicFigure( 2489): [TN_GLThread 73]isDrawFocused relyElement=[BaseElement@1961e652]focusScale[1.15]elementAlpha[-1.0]refectAlpha[-1.0]isFocusAble[true]shadowIndex[-1]autoJumpType[-1]uniqueID[54resSize0]rect[NULL]
11-02 18:30:00.316 D/BasicFigure( 2489): [TN_GLThread 73]isDrawFocused basicFigure=com.suma.midware.view.b.c.c@18483d23
11-02 18:30:00.504 D/BackBootDealerNeimeng( 2367): standbyState:
11-02 18:30:00.505 E/NetUtils( 2021): Interface eth0 LinkDown!
11-02 18:30:01.006 D/BackBootDealerNeimeng( 2367): standbyState:
11-02 18:30:01.007 E/NetUtils( 2021): Interface eth0 LinkDown!
11-02 18:30:01.335 D/BasicFigure( 2489): [TN_GLThread 73]isDrawFocused relyElement=[BaseElement@1961e652]focusScale[1.15]elementAlpha[-1.0]refectAlpha[-1.0]isFocusAble[true]shadowIndex[-1]autoJumpType[-1]uniqueID[54resSize0]rect[NULL]
11-02 18:30:01.335 D/BasicFigure( 2489): [TN_GLThread 73]isDrawFocused basicFigure=com.suma.midware.view.b.c.c@18483d23
11-02 18:30:01.507 D/BackBootDealerNeimeng( 2367): standbyState:
11-02 18:30:01.507 E/NetUtils( 2021): Interface eth0 LinkDown!
11-02 18:30:02.008 D/BackBootDealerNeimeng( 2367): standbyState:
11-02 18:30:02.008 E/NetUtils( 2021): Interface eth0 LinkDown!
11-02 18:30:02.355 D/BasicFigure( 2489): [TN_GLThread 73]isDrawFocused relyElement=[BaseElement@1961e652]focusScale[1.15]elementAlpha[-1.0]refectAlpha[-1.0]isFocusAble[true]shadowIndex[-1]autoJumpType[-1]uniqueID[54resSize0]rect[NULL]
11-02 18:30:02.355 D/BasicFigure( 2489): [TN_GLThread 73]isDrawFocused basicFigure=com.suma.midware.view.b.c.c@18483d23
11-02 18:30:02.509 D/BackBootDealerNeimeng( 2367): standbyState:
11-02 18:30:02.510 E/NetUtils( 2021): Interface eth0 LinkDown!
11-02 18:30:03.010 D/BackBootDealerNeimeng( 2367): standbyState:
11-02 18:30:03.011 E/NetUtils( 2021): Interface eth0 LinkDown!
11-02 18:30:03.375 D/BasicFigure( 2489): [TN_GLThread 73]isDrawFocused relyElement=[BaseElement@1961e652]focusScale[1.15]elementAlpha[-1.0]refectAlpha[-1.0]isFocusAble[true]shadowIndex[-1]autoJumpType[-1]uniqueID[54resSize0]rect[NULL]
11-02 18:30:03.375 D/BasicFigure( 2489): [TN_GLThread 73]isDrawFocused basicFigure=com.suma.midware.view.b.c.c@18483d23
11-02 18:30:03.512 D/BackBootDealerNeimeng( 2367): standbyState:
11-02 18:30:03.513 E/NetUtils( 2021): Interface eth0 LinkDown!
11-02 18:30:04.013 D/BackBootDealerNeimeng( 2367): standbyState:
11-02 18:30:04.014 E/NetUtils( 2021): Interface eth0 LinkDown!
11-02 18:30:04.395 D/BasicFigure( 2489): [TN_GLThread 73]isDrawFocused relyElement=[BaseElement@1961e652]focusScale[1.15]elementAlpha[-1.0]refectAlpha[-1.0]isFocusAble[true]shadowIndex[-1]autoJumpType[-1]uniqueID[54resSize0]rect[NULL]
11-02 18:30:04.395 D/BasicFigure( 2489): [TN_GLThread 73]isDrawFocused basicFigure=com.suma.midware.view.b.c.c@18483d23
11-02 18:30:04.514 D/BackBootDealerNeimeng( 2367): standbyState:
11-02 18:30:04.515 E/NetUtils( 2021): Interface eth0 LinkDown!
11-02 18:30:05.016 D/BackBootDealerNeimeng( 2367): standbyState:
11-02 18:30:05.017 E/NetUtils( 2021): Interface eth0 LinkDown!
11-02 18:30:05.414 D/BasicFigure( 2489): [TN_GLThread 73]isDrawFocused relyElement=[BaseElement@1961e652]focusScale[1.15]elementAlpha[-1.0]refectAlpha[-1.0]isFocusAble[true]shadowIndex[-1]autoJumpType[-1]uniqueID[54resSize0]rect[NULL]
11-02 18:30:05.415 D/BasicFigure( 2489): [TN_GLThread 73]isDrawFocused basicFigure=com.suma.midware.view.b.c.c@18483d23
11-02 18:30:05.517 D/BackBootDealerNeimeng( 2367): standbyState:
11-02 18:30:05.518 E/NetUtils( 2021): Interface eth0 LinkDown!
11-02 18:30:06.019 D/BackBootDealerNeimeng( 2367): standbyState:
11-02 18:30:06.019 E/NetUtils( 2021): Interface eth0 LinkDown!
11-02 18:30:06.434 D/BasicFigure( 2489): [TN_GLThread 73]isDrawFocused relyElement=[BaseElement@1961e652]focusScale[1.15]elementAlpha[-1.0]refectAlpha[-1.0]isFocusAble[true]shadowIndex[-1]autoJumpType[-1]uniqueID[54resSize0]rect[NULL]
11-02 18:30:06.434 D/BasicFigure( 2489): [TN_GLThread 73]isDrawFocused basicFigure=com.suma.midware.view.b.c.c@18483d23
11-02 18:30:06.520 D/BackBootDealerNeimeng( 2367): standbyState:
11-02 18:30:06.521 E/NetUtils( 2021): Interface eth0 LinkDown!
11-02 18:30:07.021 D/BackBootDealerNeimeng( 2367): standbyState:
11-02 18:30:07.022 E/NetUtils( 2021): Interface eth0 LinkDown!
11-02 18:30:07.454 D/BasicFigure( 2489): [TN_GLThread 73]isDrawFocused relyElement=[BaseElement@1961e652]focusScale[1.15]elementAlpha[-1.0]refectAlpha[-1.0]isFocusAble[true]shadowIndex[-1]autoJumpType[-1]uniqueID[54resSize0]rect[NULL]
11-02 18:30:07.454 D/BasicFigure( 2489): [TN_GLThread 73]isDrawFocused basicFigure=com.suma.midware.view.b.c.c@18483d23
11-02 18:30:07.523 D/BackBootDealerNeimeng( 2367): standbyState:
11-02 18:30:07.523 E/NetUtils( 2021): Interface eth0 LinkDown!
11-02 18:30:08.023 D/BackBootDealerNeimeng( 2367): standbyState:
11-02 18:30:08.024 E/NetUtils( 2021): Interface eth0 LinkDown!
11-02 18:30:08.473 D/BasicFigure( 2489): [TN_GLThread 73]isDrawFocused relyElement=[BaseElement@1961e652]focusScale[1.15]elementAlpha[-1.0]refectAlpha[-1.0]isFocusAble[true]shadowIndex[-1]autoJumpType[-1]uniqueID[54resSize0]rect[NULL]
11-02 18:30:08.473 D/BasicFigure( 2489): [TN_GLThread 73]isDrawFocused basicFigure=com.suma.midware.view.b.c.c@18483d23
11-02 18:30:08.525 D/BackBootDealerNeimeng( 2367): standbyState:
11-02 18:30:08.525 E/NetUtils( 2021): Interface eth0 LinkDown!
11-02 18:30:09.025 D/BackBootDealerNeimeng( 2367): standbyState:
11-02 18:30:09.026 E/NetUtils( 2021): Interface eth0 LinkDown!
11-02 18:30:09.493 D/BasicFigure( 2489): [TN_GLThread 73]isDrawFocused relyElement=[BaseElement@1961e652]focusScale[1.15]elementAlpha[-1.0]refectAlpha[-1.0]isFocusAble[true]shadowIndex[-1]autoJumpType[-1]uniqueID[54resSize0]rect[NULL]
11-02 18:30:09.493 D/BasicFigure( 2489): [TN_GLThread 73]isDrawFocused basicFigure=com.suma.midware.view.b.c.c@18483d23
11-02 18:30:09.527 D/BackBootDealerNeimeng( 2367): standbyState:
11-02 18:30:09.527 E/NetUtils( 2021): Interface eth0 LinkDown!
11-02 18:30:10.028 D/BackBootDealerNeimeng( 2367): standbyState:
11-02 18:30:10.029 E/NetUtils( 2021): Interface eth0 LinkDown!
11-02 18:30:10.512 D/BasicFigure( 2489): [TN_GLThread 73]isDrawFocused relyElement=[BaseElement@1961e652]focusScale[1.15]elementAlpha[-1.0]refectAlpha[-1.0]isFocusAble[true]shadowIndex[-1]autoJumpType[-1]uniqueID[54resSize0]rect[NULL]
11-02 18:30:10.512 D/BasicFigure( 2489): [TN_GLThread 73]isDrawFocused basicFigure=com.suma.midware.view.b.c.c@18483d23
11-02 18:30:10.529 D/BackBootDealerNeimeng( 2367): standbyState:
11-02 18:30:10.530 E/NetUtils( 2021): Interface eth0 LinkDown!
11-02 18:30:11.030 D/BackBootDealerNeimeng( 2367): standbyState:
11-02 18:30:11.031 E/NetUtils( 2021): Interface eth0 LinkDown!
11-02 18:30:11.532 D/BasicFigure( 2489): [TN_GLThread 73]isDrawFocused relyElement=[BaseElement@1961e652]focusScale[1.15]elementAlpha[-1.0]refectAlpha[-1.0]isFocusAble[true]shadowIndex[-1]autoJumpType[-1]uniqueID[54resSize0]rect[NULL]
11-02 18:30:11.532 D/BasicFigure( 2489): [TN_GLThread 73]isDrawFocused basicFigure=com.suma.midware.view.b.c.c@18483d23
11-02 18:30:11.532 D/BackBootDealerNeimeng( 2367): standbyState:
11-02 18:30:11.533 E/NetUtils( 2021): Interface eth0 LinkDown!
11-02 18:30:12.033 D/BackBootDealerNeimeng( 2367): standbyState:
11-02 18:30:12.034 E/NetUtils( 2021): Interface eth0 LinkDown!
11-02 18:30:12.535 D/BackBootDealerNeimeng( 2367): standbyState:
11-02 18:30:12.535 E/NetUtils( 2021): Interface eth0 LinkDown!
11-02 18:30:12.552 D/BasicFigure( 2489): [TN_GLThread 73]isDrawFocused relyElement=[BaseElement@1961e652]focusScale[1.15]elementAlpha[-1.0]refectAlpha[-1.0]isFocusAble[true]shadowIndex[-1]autoJumpType[-1]uniqueID[54resSize0]rect[NULL]
11-02 18:30:12.552 D/BasicFigure( 2489): [TN_GLThread 73]isDrawFocused basicFigure=com.suma.midware.view.b.c.c@18483d23
11-02 18:30:12.929 D/AppUtil ( 2367): [TN_ThreadUtil-3]getActivityPkg index=0,comp=ComponentInfo{com.suma.midware.home/com.suma.midware.home.third.Main3DActivity}
11-02 18:30:12.929 D/AppKiller( 2367): [TN_ThreadUtil-3]backKill curPkgName=com.suma.midware.home
11-02 18:30:13.036 D/BackBootDealerNeimeng( 2367): standbyState:
11-02 18:30:13.037 E/NetUtils( 2021): Interface eth0 LinkDown!
11-02 18:30:13.537 D/BackBootDealerNeimeng( 2367): standbyState:
11-02 18:30:13.538 E/NetUtils( 2021): Interface eth0 LinkDown!
11-02 18:30:13.571 D/BasicFigure( 2489): [TN_GLThread 73]isDrawFocused relyElement=[BaseElement@1961e652]focusScale[1.15]elementAlpha[-1.0]refectAlpha[-1.0]isFocusAble[true]shadowIndex[-1]autoJumpType[-1]uniqueID[54resSize0]rect[NULL]
11-02 18:30:13.572 D/BasicFigure( 2489): [TN_GLThread 73]isDrawFocused basicFigure=com.suma.midware.view.b.c.c@18483d23
11-02 18:30:14.039 D/BackBootDealerNeimeng( 2367): standbyState:
11-02 18:30:14.039 E/NetUtils( 2021): Interface eth0 LinkDown!
11-02 18:30:14.540 D/BackBootDealerNeimeng( 2367): standbyState:
11-02 18:30:14.540 E/NetUtils( 2021): Interface eth0 LinkDown!
11-02 18:30:14.591 D/BasicFigure( 2489): [TN_GLThread 73]isDrawFocused relyElement=[BaseElement@1961e652]focusScale[1.15]elementAlpha[-1.0]refectAlpha[-1.0]isFocusAble[true]shadowIndex[-1]autoJumpType[-1]uniqueID[54resSize0]rect[NULL]
11-02 18:30:14.591 D/BasicFigure( 2489): [TN_GLThread 73]isDrawFocused basicFigure=com.suma.midware.view.b.c.c@18483d23
11-02 18:30:15.041 D/BackBootDealerNeimeng( 2367): standbyState:
11-02 18:30:15.042 E/NetUtils( 2021): Interface eth0 LinkDown!
11-02 18:30:15.543 D/BackBootDealerNeimeng( 2367): standbyState:
11-02 18:30:15.543 E/NetUtils( 2021): Interface eth0 LinkDown!
11-02 18:30:15.611 D/BasicFigure( 2489): [TN_GLThread 73]isDrawFocused relyElement=[BaseElement@1961e652]focusScale[1.15]elementAlpha[-1.0]refectAlpha[-1.0]isFocusAble[true]shadowIndex[-1]autoJumpType[-1]uniqueID[54resSize0]rect[NULL]
11-02 18:30:15.611 D/BasicFigure( 2489): [TN_GLThread 73]isDrawFocused basicFigure=com.suma.midware.view.b.c.c@18483d23
11-02 18:30:15.614 E/WifiStateMachine( 2021): WifiStateMachine CMD_START_SCAN source -2 txSuccessRate=2.16 rxSuccessRate=1.89 targetRoamBSSID=any RSSI=-36
11-02 18:30:15.615 E/WifiStateMachine( 2021): WifiStateMachine starting scan for "ipanel"WPA_PSK with 2467
11-02 18:30:16.044 D/BackBootDealerNeimeng( 2367): standbyState:
11-02 18:30:16.045 E/NetUtils( 2021): Interface eth0 LinkDown!
11-02 18:30:16.346 I/EthernetNetworkFactory( 2021): updateInterfaceState :the mIface is:eth0iface is wlan0 true
11-02 18:30:16.366 E/WifiAutoJoinController ( 2021): GDWL 86:79:73:27:8c:19 rssi=-43 cap [WPA-PSK-CCMP][WPA2-PSK-CCMP][ESS] is not scored
11-02 18:30:16.366 E/WifiAutoJoinController ( 2021): ipanel e4:f3:f5:aa:ad:88 rssi=-36 cap [WPA-PSK-CCMP][WPA2-PSK-CCMP][ESS] is not scored
11-02 18:30:16.366 E/WifiAutoJoinController ( 2021):  84:79:73:27:8c:19 rssi=-32 cap [WEP][ESS] is not scored
11-02 18:30:16.367 E/WifiAutoJoinController ( 2021): MERCURY_EDE4 e4:f3:f5:6a:ed:e4 rssi=-44 cap [ESS] is not scored
11-02 18:30:16.367 E/WifiAutoJoinController ( 2021): Office_Net e4:f3:f5:a4:00:c0 rssi=-68 cap [WPA-PSK-CCMP][WPA2-PSK-CCMP][ESS] is not scored
11-02 18:30:16.368 E/WifiAutoJoinController ( 2021): 17WiFi_LAFA_2G 78:a3:51:32:07:f0 rssi=-78 cap [WPA-PSK-CCMP][WPA2-PSK-CCMP][ESS] is not scored
11-02 18:30:16.368 E/WifiAutoJoinController ( 2021): iPanel-cf 78:11:dc:10:d5:2d rssi=-30 cap [WPA-PSK-CCMP+TKIP][WPA2-PSK-CCMP+TKIP][WPS][ESS] is not scored
11-02 18:30:16.368 E/WifiAutoJoinController ( 2021): GDWL 86:79:73:27:8c:0d rssi=-46 cap [WPA-PSK-CCMP][WPA2-PSK-CCMP][ESS] is not scored
11-02 18:30:16.369 E/WifiAutoJoinController ( 2021): TP-LINK_BAF2C2 0c:72:2c:ba:f2:c2 rssi=-57 cap [WPA-PSK-CCMP][WPA2-PSK-CCMP][WPS][ESS] is not scored
11-02 18:30:16.369 E/WifiAutoJoinController ( 2021): GDWL 86:79:73:27:8c:11 rssi=-59 cap [WPA-PSK-CCMP][WPA2-PSK-CCMP][ESS] is not scored
11-02 18:30:16.369 E/WifiAutoJoinController ( 2021): GDWL 86:79:73:27:8c:1d rssi=-66 cap [WPA-PSK-CCMP][WPA2-PSK-CCMP][ESS] is not scored
11-02 18:30:16.370 E/WifiAutoJoinController ( 2021): GDWL 86:79:73:27:8c:13 rssi=-72 cap [WPA-PSK-CCMP][WPA2-PSK-CCMP][ESS] is not scored
11-02 18:30:16.370 E/WifiAutoJoinController ( 2021): GDWL 86:79:73:27:8c:23 rssi=-74 cap [WPA-PSK-CCMP][WPA2-PSK-CCMP][ESS] is not scored
11-02 18:30:16.371 E/WifiAutoJoinController ( 2021): CMCC 06:11:b5:17:bd:d5 rssi=-70 cap [WPA-EAP-CCMP+TKIP][WPA2-EAP-CCMP+TKIP][ESS] is not scored
11-02 18:30:16.371 E/WifiAutoJoinController ( 2021): 影视娱乐频道 24:69:68:79:91:8a rssi=-78 cap [WPA-PSK-CCMP][WPA2-PSK-CCMP][ESS] is not scored
11-02 18:30:16.372 E/WifiAutoJoinController ( 2021): WLGS 1c:fa:68:05:a3:5a rssi=-78 cap [WPA-PSK-CCMP][WPA2-PSK-CCMP][WPS][ESS] is not scored
11-02 18:30:16.372 E/WifiAutoJoinController ( 2021):  1c:60:de:81:25:2c rssi=-80 cap [WPA-PSK-CCMP][WPA2-PSK-CCMP][ESS] is not scored
11-02 18:30:16.372 E/WifiAutoJoinController ( 2021): 金百合262 c8:3a:35:54:14:60 rssi=-82 cap [WPA-PSK-CCMP][WPA2-PSK-CCMP][ESS] is not scored
11-02 18:30:16.373 E/WifiAutoJoinController ( 2021):  84:79:73:27:8c:0d rssi=-56 cap [WEP][ESS] is not scored
11-02 18:30:16.373 E/WifiAutoJoinController ( 2021):  84:79:73:27:8c:11 rssi=-62 cap [WEP][ESS] is not scored
11-02 18:30:16.374 E/WifiAutoJoinController ( 2021):  84:79:73:27:8c:1d rssi=-62 cap [WEP][ESS] is not scored
11-02 18:30:16.374 E/WifiAutoJoinController ( 2021):  84:79:73:27:8c:13 rssi=-72 cap [WEP][ESS] is not scored
11-02 18:30:16.374 E/WifiAutoJoinController ( 2021): IMBTVN2.4_1c478d 4c:0f:c7:c3:27:4b rssi=-33 cap [ESS] is not scored
11-02 18:30:16.375 E/WifiAutoJoinController ( 2021): CMCC-WEB 00:11:b5:17:bd:d5 rssi=-72 cap [ESS] is not scored
11-02 18:30:16.375 E/WifiAutoJoinController ( 2021): and-Business 0e:11:b5:17:bd:d5 rssi=-73 cap [ESS] is not scored
11-02 18:30:16.376 E/WifiAutoJoinController ( 2021): CMCC-family 0a:11:b5:17:bd:d5 rssi=-74 cap [ESS] is not scored
11-02 18:30:16.376 E/WifiAutoJoinController ( 2021): HUAWEI-VYGUV5 00:5a:13:61:fa:ac rssi=-82 cap [ESS] is not scored
11-02 18:30:16.377 E/WifiAutoJoinController ( 2021): CMCC-Free 2e:c8:97:9e:f8:16 rssi=-82 cap [ESS] is not scored
11-02 18:30:16.377 E/WifiAutoJoinController ( 2021): CMCC-family 1e:c8:97:9e:f8:16 rssi=-82 cap [ESS] is not scored
11-02 18:30:16.377 E/WifiAutoJoinController ( 2021): ageScanResultsOut delay 40000 size 29 now 1509618616377
11-02 18:30:16.377 E/WifiAutoJoinController ( 2021): newSupplicantResults size=29 known=1 true
11-02 18:30:16.379 E/WifiAutoJoinController ( 2021): attemptAutoJoin() status=bssid=e4:f3:f5:aa:ad:88
11-02 18:30:16.379 E/WifiAutoJoinController ( 2021): freq=2467
11-02 18:30:16.379 E/WifiAutoJoinController ( 2021): ssid=ipanel
11-02 18:30:16.379 E/WifiAutoJoinController ( 2021): id=1
11-02 18:30:16.379 E/WifiAutoJoinController ( 2021): mode=station
11-02 18:30:16.379 E/WifiAutoJoinController ( 2021): pairwise_cipher=CCMP
11-02 18:30:16.379 E/WifiAutoJoinController ( 2021): group_cipher=CCMP
11-02 18:30:16.379 E/WifiAutoJoinController ( 2021): key_mgmt=WPA2-PSK
11-02 18:30:16.379 E/WifiAutoJoinController ( 2021): wpa_state=COMPLETED
11-02 18:30:16.379 E/WifiAutoJoinController ( 2021): ip_address=192.168.0.101
11-02 18:30:16.379 E/WifiAutoJoinController ( 2021): p2p_device_address=0e:62:a6:0c:0f:b2
11-02 18:30:16.379 E/WifiAutoJoinController ( 2021): address=0c:62:a6:0c:0f:b2
11-02 18:30:16.379 E/WifiAutoJoinController ( 2021): uuid=de43a986-3647-5398-876d-b6752834d7e7 split=13
11-02 18:30:16.379 E/WifiAutoJoinController ( 2021): attemptAutoJoin() num recent config 1 current="ipanel"WPA_PSK last="ipanel"WPA_PSK ---> suppNetId=1
11-02 18:30:16.379 E/WifiAutoJoinController ( 2021): attemptAutoJoin good candidate seen, bumped hard -> status=0 "ipanel"WPA_PSK rssi=(-36,-127) num=(1,0)
11-02 18:30:16.379 E/WifiAutoJoinController ( 2021): attemptAutoJoin skip current candidate  1 key "ipanel"WPA_PSK
11-02 18:30:16.379 E/WifiAutoJoinController ( 2021): attemptRoam: "ipanel"WPA_PSK Found e4:f3:f5:aa:ad:88 rssi=-36 freq=2467 Current: e4:f3:f5:aa:ad:88
11-02 18:30:16.379 E/WifiAutoJoinController ( 2021): Done attemptAutoJoin status=0
11-02 18:30:16.545 D/BackBootDealerNeimeng( 2367): standbyState:
11-02 18:30:16.546 E/NetUtils( 2021): Interface eth0 LinkDown!
11-02 18:30:16.630 D/BasicFigure( 2489): [TN_GLThread 73]isDrawFocused relyElement=[BaseElement@1961e652]focusScale[1.15]elementAlpha[-1.0]refectAlpha[-1.0]isFocusAble[true]shadowIndex[-1]autoJumpType[-1]uniqueID[54resSize0]rect[NULL]
11-02 18:30:16.630 D/BasicFigure( 2489): [TN_GLThread 73]isDrawFocused basicFigure=com.suma.midware.view.b.c.c@18483d23
11-02 18:30:17.046 D/BackBootDealerNeimeng( 2367): standbyState:
11-02 18:30:17.047 E/NetUtils( 2021): Interface eth0 LinkDown!
11-02 18:30:17.342 D/IPLoaderNeimeng( 2367): after wait time18:30:17:monitorInterval:5000
11-02 18:30:17.342 D/IPLoaderNeimeng( 2367): before dealUpdateCheck time:18:30:17:isMsgBroadcast:false:monitorInterval:5000:processState:1
11-02 18:30:17.342 D/IPLoaderNeimeng( 2367): dealUpdateCheck isFirstSuccessUpdate:false:monitorInterval:5000
11-02 18:30:17.342 D/LoadHttpHandler( 2367): [TN_ThreadUtil-6]doNormal proxyConfig=null
11-02 18:30:17.548 D/BackBootDealerNeimeng( 2367): standbyState:
11-02 18:30:17.548 E/NetUtils( 2021): Interface eth0 LinkDown!
11-02 18:30:17.604 D/LoadHttpHandler( 2367): [TN_ThreadUtil-6]doNormal responseCode=404
11-02 18:30:17.604 D/LoadHttpTask( 2367): dealUpdateCheck responseCode:404:data:null:downloadResult:false
11-02 18:30:17.605 D/IPLoaderNeimeng( 2367): after dealUpdateCheck time:18:30:17:isMsgBroadcast:false:monitorInterval:5000:processState:1
11-02 18:30:17.605 D/IPLoaderNeimeng( 2367): before wait time18:30:17:monitorInterval:5000
11-02 18:30:17.650 D/BasicFigure( 2489): [TN_GLThread 73]isDrawFocused relyElement=[BaseElement@1961e652]focusScale[1.15]elementAlpha[-1.0]refectAlpha[-1.0]isFocusAble[true]shadowIndex[-1]autoJumpType[-1]uniqueID[54resSize0]rect[NULL]
11-02 18:30:17.650 D/BasicFigure( 2489): [TN_GLThread 73]isDrawFocused basicFigure=com.suma.midware.view.b.c.c@18483d23
11-02 18:30:18.049 D/BackBootDealerNeimeng( 2367): standbyState:
11-02 18:30:18.050 E/NetUtils( 2021): Interface eth0 LinkDown!
11-02 18:30:18.550 D/BackBootDealerNeimeng( 2367): standbyState:
11-02 18:30:18.551 E/NetUtils( 2021): Interface eth0 LinkDown!
11-02 18:30:18.669 D/BasicFigure( 2489): [TN_GLThread 73]isDrawFocused relyElement=[BaseElement@1961e652]focusScale[1.15]elementAlpha[-1.0]refectAlpha[-1.0]isFocusAble[true]shadowIndex[-1]autoJumpType[-1]uniqueID[54resSize0]rect[NULL]
11-02 18:30:18.669 D/BasicFigure( 2489): [TN_GLThread 73]isDrawFocused basicFigure=com.suma.midware.view.b.c.c@18483d23
11-02 18:30:18.730 D/Advertiser( 2428): End of sleep at time:1509618618730
11-02 18:30:18.730 D/Advertiser( 2428): Begin announce....with thread:org.cybergarage.d.b.a@15f10bb4
11-02 18:30:18.730 D/TimerUtil( 2428): waitRandom time=300,waitTime=137
11-02 18:30:18.730 D/Device  ( 2428): announce deviceDataBindAddress null
11-02 18:30:18.735 D/Device  ( 2428): announce 0 bindAddress=192.168.0.101
11-02 18:30:18.735 D/HTTPMUSocket( 2428): open addr=239.255.255.250,port=1900,bindAddr=192.168.0.101
11-02 18:30:18.740 D/HTTPMUSocket( 2428): send msg:NOTIFY * HTTP/1.1
11-02 18:30:18.740 D/HTTPMUSocket( 2428): Server: Linux/3.18.24_hi3798mv2x UPnP/1.0 CyberLinkJava/1.8
11-02 18:30:18.740 D/HTTPMUSocket( 2428): Cache-Control: max-age=1800
11-02 18:30:18.740 D/HTTPMUSocket( 2428): Location: http://192.168.0.101:38520/description.xml
11-02 18:30:18.740 D/HTTPMUSocket( 2428): NTS: ssdp:alive
11-02 18:30:18.740 D/HTTPMUSocket( 2428): NT: upnp:rootdevice
11-02 18:30:18.740 D/HTTPMUSocket( 2428): USN: uuid:418c7b66-86de-45d5-90fd-13e1eb88db7e::upnp:rootdevice
11-02 18:30:18.740 D/HTTPMUSocket( 2428): HOST: 239.255.255.250:1900
11-02 18:30:18.740 D/HTTPMUSocket( 2428): 
11-02 18:30:18.740 D/HTTPMUSocket( 2428): bindAddr:null and port:-1
11-02 18:30:18.740 D/HTTPMUSocket( 2428): /192.168.0.101
11-02 18:30:18.741 D/HTTPMUSocket( 2428): send msg:NOTIFY * HTTP/1.1
11-02 18:30:18.741 D/HTTPMUSocket( 2428): Server: Linux/3.18.24_hi3798mv2x UPnP/1.0 CyberLinkJava/1.8
11-02 18:30:18.741 D/HTTPMUSocket( 2428): Cache-Control: max-age=1800
11-02 18:30:18.741 D/HTTPMUSocket( 2428): Location: http://192.168.0.101:38520/description.xml
11-02 18:30:18.741 D/HTTPMUSocket( 2428): NTS: ssdp:alive
11-02 18:30:18.741 D/HTTPMUSocket( 2428): NT: uuid:418c7b66-86de-45d5-90fd-13e1eb88db7e
11-02 18:30:18.741 D/HTTPMUSocket( 2428): USN: uuid:418c7b66-86de-45d5-90fd-13e1eb88db7e
11-02 18:30:18.741 D/HTTPMUSocket( 2428): HOST: 239.255.255.250:1900
11-02 18:30:18.741 D/HTTPMUSocket( 2428): 
11-02 18:30:18.741 D/HTTPMUSocket( 2428): bindAddr:null and port:-1
11-02 18:30:18.741 D/HTTPMUSocket( 2428): /192.168.0.101
11-02 18:30:18.742 D/HTTPMUSocket( 2428): send msg:NOTIFY * HTTP/1.1
11-02 18:30:18.742 D/HTTPMUSocket( 2428): Server: Linux/3.18.24_hi3798mv2x UPnP/1.0 CyberLinkJava/1.8
11-02 18:30:18.742 D/HTTPMUSocket( 2428): Cache-Control: max-age=1800
11-02 18:30:18.742 D/HTTPMUSocket( 2428): Location: http://192.168.0.101:38520/description.xml
11-02 18:30:18.742 D/HTTPMUSocket( 2428): NTS: ssdp:alive
11-02 18:30:18.742 D/HTTPMUSocket( 2428): NT: urn:schemas-upnp-org:device:MediaServer:1
11-02 18:30:18.742 D/HTTPMUSocket( 2428): USN: uuid:418c7b66-86de-45d5-90fd-13e1eb88db7e::urn:schemas-upnp-org:device:MediaServer:1
11-02 18:30:18.742 D/HTTPMUSocket( 2428): HOST: 239.255.255.250:1900
11-02 18:30:18.742 D/HTTPMUSocket( 2428): 
11-02 18:30:18.742 D/HTTPMUSocket( 2428): bindAddr:null and port:-1
11-02 18:30:18.743 D/HTTPMUSocket( 2428): /192.168.0.101
11-02 18:30:18.743 D/Device  ( 2428): announce bindAddr=192.168.0.101,devLocation=http://192.168.0.101:38520/description.xml,location=http://192.168.0.101:38520/description.xml
11-02 18:30:18.744 D/Device  ( 2428): announce bindAddr=192.168.0.101,serviceDesUrl=
11-02 18:30:18.744 D/HTTPMUSocket( 2428): open addr=239.255.255.250,port=1900,bindAddr=192.168.0.101
11-02 18:30:18.748 D/TimerUtil( 2428): waitRandom time=300,waitTime=9
11-02 18:30:18.749 D/HTTPMUSocket( 2428): send msg:NOTIFY * HTTP/1.1
11-02 18:30:18.749 D/HTTPMUSocket( 2428): Server: Linux/3.18.24_hi3798mv2x UPnP/1.0 CyberLinkJava/1.8
11-02 18:30:18.749 D/HTTPMUSocket( 2428): Cache-Control: max-age=1800
11-02 18:30:18.749 D/HTTPMUSocket( 2428): Location: http://192.168.0.101:38520/description.xml
11-02 18:30:18.749 D/HTTPMUSocket( 2428): NTS: ssdp:alive
11-02 18:30:18.749 D/HTTPMUSocket( 2428): NT: urn:schemas-upnp-org:service:ContentDirectory:1
11-02 18:30:18.749 D/HTTPMUSocket( 2428): USN: uuid:418c7b66-86de-45d5-90fd-13e1eb88db7e::urn:schemas-upnp-org:service:ContentDirectory:1
11-02 18:30:18.749 D/HTTPMUSocket( 2428): HOST: 239.255.255.250:1900
11-02 18:30:18.749 D/HTTPMUSocket( 2428): 
11-02 18:30:18.749 D/HTTPMUSocket( 2428): bindAddr:null and port:-1
11-02 18:30:18.749 D/HTTPMUSocket( 2428): /192.168.0.101
11-02 18:30:18.750 D/Device  ( 2428): announce bindAddr=192.168.0.101,serviceDesUrl=
11-02 18:30:18.751 D/HTTPMUSocket( 2428): open addr=239.255.255.250,port=1900,bindAddr=192.168.0.101
11-02 18:30:18.755 D/TimerUtil( 2428): waitRandom time=300,waitTime=75
11-02 18:30:18.755 D/HTTPMUSocket( 2428): send msg:NOTIFY * HTTP/1.1
11-02 18:30:18.755 D/HTTPMUSocket( 2428): Server: Linux/3.18.24_hi3798mv2x UPnP/1.0 CyberLinkJava/1.8
11-02 18:30:18.755 D/HTTPMUSocket( 2428): Cache-Control: max-age=1800
11-02 18:30:18.755 D/HTTPMUSocket( 2428): Location: http://192.168.0.101:38520/description.xml
11-02 18:30:18.755 D/HTTPMUSocket( 2428): NTS: ssdp:alive
11-02 18:30:18.755 D/HTTPMUSocket( 2428): NT: urn:schemas-upnp-org:service:ConnectionManager:1
11-02 18:30:18.755 D/HTTPMUSocket( 2428): USN: uuid:418c7b66-86de-45d5-90fd-13e1eb88db7e::urn:schemas-upnp-org:service:ConnectionManager:1
11-02 18:30:18.755 D/HTTPMUSocket( 2428): HOST: 239.255.255.250:1900
11-02 18:30:18.755 D/HTTPMUSocket( 2428): 
11-02 18:30:18.755 D/HTTPMUSocket( 2428): bindAddr:null and port:-1
11-02 18:30:18.756 D/HTTPMUSocket( 2428): /192.168.0.101
11-02 18:30:18.756 D/Device  ( 2428): announce bindAddr=192.168.0.101,serviceDesUrl=
11-02 18:30:18.757 D/HTTPMUSocket( 2428): open addr=239.255.255.250,port=1900,bindAddr=192.168.0.101
11-02 18:30:18.761 D/TimerUtil( 2428): waitRandom time=300,waitTime=161
11-02 18:30:18.761 D/HTTPMUSocket( 2428): send msg:NOTIFY * HTTP/1.1
11-02 18:30:18.761 D/HTTPMUSocket( 2428): Server: Linux/3.18.24_hi3798mv2x UPnP/1.0 CyberLinkJava/1.8
11-02 18:30:18.761 D/HTTPMUSocket( 2428): Cache-Control: max-age=1800
11-02 18:30:18.761 D/HTTPMUSocket( 2428): Location: http://192.168.0.101:38520/description.xml
11-02 18:30:18.761 D/HTTPMUSocket( 2428): NTS: ssdp:alive
11-02 18:30:18.761 D/HTTPMUSocket( 2428): NT: urn:schemas-upnp-org:service:AVTransport:1
11-02 18:30:18.761 D/HTTPMUSocket( 2428): USN: uuid:418c7b66-86de-45d5-90fd-13e1eb88db7e::urn:schemas-upnp-org:service:AVTransport:1
11-02 18:30:18.761 D/HTTPMUSocket( 2428): HOST: 239.255.255.250:1900
11-02 18:30:18.761 D/HTTPMUSocket( 2428): 
11-02 18:30:18.761 D/HTTPMUSocket( 2428): bindAddr:null and port:-1
11-02 18:30:18.762 D/HTTPMUSocket( 2428): /192.168.0.101
11-02 18:30:18.762 D/Device  ( 2428): announce bindAddr=192.168.0.101,serviceDesUrl=
11-02 18:30:18.763 D/HTTPMUSocket( 2428): open addr=239.255.255.250,port=1900,bindAddr=192.168.0.101
11-02 18:30:18.766 D/TimerUtil( 2428): waitRandom time=300,waitTime=252
11-02 18:30:18.766 D/HTTPMUSocket( 2428): send msg:NOTIFY * HTTP/1.1
11-02 18:30:18.766 D/HTTPMUSocket( 2428): Server: Linux/3.18.24_hi3798mv2x UPnP/1.0 CyberLinkJava/1.8
11-02 18:30:18.766 D/HTTPMUSocket( 2428): Cache-Control: max-age=1800
11-02 18:30:18.766 D/HTTPMUSocket( 2428): Location: http://192.168.0.101:38520/description.xml
11-02 18:30:18.766 D/HTTPMUSocket( 2428): NTS: ssdp:alive
11-02 18:30:18.766 D/HTTPMUSocket( 2428): NT: urn:sumavision.com:service:X_SUMA_EVENT:1
11-02 18:30:18.766 D/HTTPMUSocket( 2428): USN: uuid:418c7b66-86de-45d5-90fd-13e1eb88db7e::urn:sumavision.com:service:X_SUMA_EVENT:1
11-02 18:30:18.766 D/HTTPMUSocket( 2428): HOST: 239.255.255.250:1900
11-02 18:30:18.766 D/HTTPMUSocket( 2428): 
11-02 18:30:18.766 D/HTTPMUSocket( 2428): bindAddr:null and port:-1
11-02 18:30:18.766 D/HTTPMUSocket( 2428): /192.168.0.101
11-02 18:30:18.766 D/Advertiser( 2428): Advertise12:34000 at time:1509618618766 with thread:org.cybergarage.d.b.a@15f10bb4
11-02 18:30:19.051 D/BackBootDealerNeimeng( 2367): standbyState:
11-02 18:30:19.052 E/NetUtils( 2021): Interface eth0 LinkDown!
11-02 18:30:19.553 D/BackBootDealerNeimeng( 2367): standbyState:
11-02 18:30:19.554 E/NetUtils( 2021): Interface eth0 LinkDown!
11-02 18:30:19.688 D/BasicFigure( 2489): [TN_GLThread 73]isDrawFocused relyElement=[BaseElement@1961e652]focusScale[1.15]elementAlpha[-1.0]refectAlpha[-1.0]isFocusAble[true]shadowIndex[-1]autoJumpType[-1]uniqueID[54resSize0]rect[NULL]
11-02 18:30:19.689 D/BasicFigure( 2489): [TN_GLThread 73]isDrawFocused basicFigure=com.suma.midware.view.b.c.c@18483d23
11-02 18:30:20.054 D/BackBootDealerNeimeng( 2367): standbyState:
11-02 18:30:20.055 E/NetUtils( 2021): Interface eth0 LinkDown!
11-02 18:30:20.555 D/BackBootDealerNeimeng( 2367): standbyState:
11-02 18:30:20.556 E/NetUtils( 2021): Interface eth0 LinkDown!
11-02 18:30:20.708 D/BasicFigure( 2489): [TN_GLThread 73]isDrawFocused relyElement=[BaseElement@1961e652]focusScale[1.15]elementAlpha[-1.0]refectAlpha[-1.0]isFocusAble[true]shadowIndex[-1]autoJumpType[-1]uniqueID[54resSize0]rect[NULL]
11-02 18:30:20.708 D/BasicFigure( 2489): [TN_GLThread 73]isDrawFocused basicFigure=com.suma.midware.view.b.c.c@18483d23
11-02 18:30:21.056 D/BackBootDealerNeimeng( 2367): standbyState:
11-02 18:30:21.058 E/NetUtils( 2021): Interface eth0 LinkDown!
11-02 18:30:21.558 D/BackBootDealerNeimeng( 2367): standbyState:
11-02 18:30:21.559 E/NetUtils( 2021): Interface eth0 LinkDown!
11-02 18:30:21.727 D/BasicFigure( 2489): [TN_GLThread 73]isDrawFocused relyElement=[BaseElement@1961e652]focusScale[1.15]elementAlpha[-1.0]refectAlpha[-1.0]isFocusAble[true]shadowIndex[-1]autoJumpType[-1]uniqueID[54resSize0]rect[NULL]
11-02 18:30:21.728 D/BasicFigure( 2489): [TN_GLThread 73]isDrawFocused basicFigure=com.suma.midware.view.b.c.c@18483d23
11-02 18:30:22.059 D/BackBootDealerNeimeng( 2367): standbyState:
11-02 18:30:22.060 E/NetUtils( 2021): Interface eth0 LinkDown!
11-02 18:30:22.561 D/BackBootDealerNeimeng( 2367): standbyState:
11-02 18:30:22.561 E/NetUtils( 2021): Interface eth0 LinkDown!
11-02 18:30:22.747 D/BasicFigure( 2489): [TN_GLThread 73]isDrawFocused relyElement=[BaseElement@1961e652]focusScale[1.15]elementAlpha[-1.0]refectAlpha[-1.0]isFocusAble[true]shadowIndex[-1]autoJumpType[-1]uniqueID[54resSize0]rect[NULL]
11-02 18:30:22.747 D/BasicFigure( 2489): [TN_GLThread 73]isDrawFocused basicFigure=com.suma.midware.view.b.c.c@18483d23
11-02 18:30:23.062 D/BackBootDealerNeimeng( 2367): standbyState:
11-02 18:30:23.063 E/NetUtils( 2021): Interface eth0 LinkDown!
11-02 18:30:23.563 D/BackBootDealerNeimeng( 2367): standbyState:
11-02 18:30:23.564 E/NetUtils( 2021): Interface eth0 LinkDown!
11-02 18:30:23.767 D/BasicFigure( 2489): [TN_GLThread 73]isDrawFocused relyElement=[BaseElement@1961e652]focusScale[1.15]elementAlpha[-1.0]refectAlpha[-1.0]isFocusAble[true]shadowIndex[-1]autoJumpType[-1]uniqueID[54resSize0]rect[NULL]
11-02 18:30:23.767 D/BasicFigure( 2489): [TN_GLThread 73]isDrawFocused basicFigure=com.suma.midware.view.b.c.c@18483d23
11-02 18:30:24.064 D/BackBootDealerNeimeng( 2367): standbyState:
11-02 18:30:24.065 E/NetUtils( 2021): Interface eth0 LinkDown!
11-02 18:30:24.566 D/BackBootDealerNeimeng( 2367): standbyState:
11-02 18:30:24.566 E/NetUtils( 2021): Interface eth0 LinkDown!
11-02 18:30:24.786 D/BasicFigure( 2489): [TN_GLThread 73]isDrawFocused relyElement=[BaseElement@1961e652]focusScale[1.15]elementAlpha[-1.0]refectAlpha[-1.0]isFocusAble[true]shadowIndex[-1]autoJumpType[-1]uniqueID[54resSize0]rect[NULL]
11-02 18:30:24.786 D/BasicFigure( 2489): [TN_GLThread 73]isDrawFocused basicFigure=com.suma.midware.view.b.c.c@18483d23
11-02 18:30:25.067 D/BackBootDealerNeimeng( 2367): standbyState:
11-02 18:30:25.068 E/NetUtils( 2021): Interface eth0 LinkDown!
11-02 18:30:25.422 D/IPLoaderNeimeng( 2367): after wait time18:30:25:monitorInterval:5000
11-02 18:30:25.423 D/IPLoaderNeimeng( 2367): before dealUpdateCheck time:18:30:25:isMsgBroadcast:false:monitorInterval:5000:processState:1
11-02 18:30:25.423 D/IPLoaderNeimeng( 2367): dealUpdateCheck isFirstSuccessUpdate:false:monitorInterval:5000
11-02 18:30:25.423 D/LoadHttpHandler( 2367): [TN_ThreadUtil-6]doNormal proxyConfig=null
11-02 18:30:25.568 D/BackBootDealerNeimeng( 2367): standbyState:
11-02 18:30:25.569 E/NetUtils( 2021): Interface eth0 LinkDown!
11-02 18:30:25.587 D/LoadHttpHandler( 2367): [TN_ThreadUtil-6]doNormal responseCode=404
11-02 18:30:25.588 D/LoadHttpTask( 2367): dealUpdateCheck responseCode:404:data:null:downloadResult:false
11-02 18:30:25.588 D/IPLoaderNeimeng( 2367): after dealUpdateCheck time:18:30:25:isMsgBroadcast:false:monitorInterval:5000:processState:1
11-02 18:30:25.588 D/IPLoaderNeimeng( 2367): before wait time18:30:25:monitorInterval:5000
11-02 18:30:25.806 D/BasicFigure( 2489): [TN_GLThread 73]isDrawFocused relyElement=[BaseElement@1961e652]focusScale[1.15]elementAlpha[-1.0]refectAlpha[-1.0]isFocusAble[true]shadowIndex[-1]autoJumpType[-1]uniqueID[54resSize0]rect[NULL]
11-02 18:30:25.806 D/BasicFigure( 2489): [TN_GLThread 73]isDrawFocused basicFigure=com.suma.midware.view.b.c.c@18483d23
11-02 18:30:26.069 D/BackBootDealerNeimeng( 2367): standbyState:
11-02 18:30:26.070 E/NetUtils( 2021): Interface eth0 LinkDown!
11-02 18:30:26.570 D/BackBootDealerNeimeng( 2367): standbyState:
11-02 18:30:26.571 E/NetUtils( 2021): Interface eth0 LinkDown!
11-02 18:30:26.826 D/BasicFigure( 2489): [TN_GLThread 73]isDrawFocused relyElement=[BaseElement@1961e652]focusScale[1.15]elementAlpha[-1.0]refectAlpha[-1.0]isFocusAble[true]shadowIndex[-1]autoJumpType[-1]uniqueID[54resSize0]rect[NULL]
11-02 18:30:26.826 D/BasicFigure( 2489): [TN_GLThread 73]isDrawFocused basicFigure=com.suma.midware.view.b.c.c@18483d23
11-02 18:30:27.071 D/BackBootDealerNeimeng( 2367): standbyState:
11-02 18:30:27.072 E/NetUtils( 2021): Interface eth0 LinkDown!
11-02 18:30:27.573 D/BackBootDealerNeimeng( 2367): standbyState:
11-02 18:30:27.574 E/NetUtils( 2021): Interface eth0 LinkDown!
11-02 18:30:27.845 D/BasicFigure( 2489): [TN_GLThread 73]isDrawFocused relyElement=[BaseElement@1961e652]focusScale[1.15]elementAlpha[-1.0]refectAlpha[-1.0]isFocusAble[true]shadowIndex[-1]autoJumpType[-1]uniqueID[54resSize0]rect[NULL]
11-02 18:30:27.845 D/BasicFigure( 2489): [TN_GLThread 73]isDrawFocused basicFigure=com.suma.midware.view.b.c.c@18483d23
11-02 18:30:28.074 D/BackBootDealerNeimeng( 2367): standbyState:
11-02 18:30:28.075 E/NetUtils( 2021): Interface eth0 LinkDown!
11-02 18:30:28.575 D/BackBootDealerNeimeng( 2367): standbyState:
11-02 18:30:28.576 E/NetUtils( 2021): Interface eth0 LinkDown!
11-02 18:30:28.866 D/BasicFigure( 2489): [TN_GLThread 73]isDrawFocused relyElement=[BaseElement@1961e652]focusScale[1.15]elementAlpha[-1.0]refectAlpha[-1.0]isFocusAble[true]shadowIndex[-1]autoJumpType[-1]uniqueID[54resSize0]rect[NULL]
11-02 18:30:28.866 D/BasicFigure( 2489): [TN_GLThread 73]isDrawFocused basicFigure=com.suma.midware.view.b.c.c@18483d23
11-02 18:30:29.077 D/BackBootDealerNeimeng( 2367): standbyState:
11-02 18:30:29.077 E/NetUtils( 2021): Interface eth0 LinkDown!
11-02 18:30:29.577 D/BackBootDealerNeimeng( 2367): standbyState:
11-02 18:30:29.578 E/NetUtils( 2021): Interface eth0 LinkDown!
11-02 18:30:29.886 D/BasicFigure( 2489): [TN_GLThread 73]isDrawFocused relyElement=[BaseElement@1961e652]focusScale[1.15]elementAlpha[-1.0]refectAlpha[-1.0]isFocusAble[true]shadowIndex[-1]autoJumpType[-1]uniqueID[54resSize0]rect[NULL]
11-02 18:30:29.886 D/BasicFigure( 2489): [TN_GLThread 73]isDrawFocused basicFigure=com.suma.midware.view.b.c.c@18483d23
11-02 18:30:30.078 D/BackBootDealerNeimeng( 2367): standbyState:
11-02 18:30:30.079 E/NetUtils( 2021): Interface eth0 LinkDown!
11-02 18:30:30.580 D/BackBootDealerNeimeng( 2367): standbyState:
11-02 18:30:30.580 E/NetUtils( 2021): Interface eth0 LinkDown!
11-02 18:30:30.905 D/BasicFigure( 2489): [TN_GLThread 73]isDrawFocused relyElement=[BaseElement@1961e652]focusScale[1.15]elementAlpha[-1.0]refectAlpha[-1.0]isFocusAble[true]shadowIndex[-1]autoJumpType[-1]uniqueID[54resSize0]rect[NULL]
11-02 18:30:30.905 D/BasicFigure( 2489): [TN_GLThread 73]isDrawFocused basicFigure=com.suma.midware.view.b.c.c@18483d23
11-02 18:30:31.081 D/BackBootDealerNeimeng( 2367): standbyState:
11-02 18:30:31.082 E/NetUtils( 2021): Interface eth0 LinkDown!
11-02 18:30:31.583 D/BackBootDealerNeimeng( 2367): standbyState:
11-02 18:30:31.583 E/NetUtils( 2021): Interface eth0 LinkDown!
11-02 18:30:31.924 D/BasicFigure( 2489): [TN_GLThread 73]isDrawFocused relyElement=[BaseElement@1961e652]focusScale[1.15]elementAlpha[-1.0]refectAlpha[-1.0]isFocusAble[true]shadowIndex[-1]autoJumpType[-1]uniqueID[54resSize0]rect[NULL]
11-02 18:30:31.925 D/BasicFigure( 2489): [TN_GLThread 73]isDrawFocused basicFigure=com.suma.midware.view.b.c.c@18483d23
11-02 18:30:32.084 D/BackBootDealerNeimeng( 2367): standbyState:
11-02 18:30:32.085 E/NetUtils( 2021): Interface eth0 LinkDown!
11-02 18:30:32.585 D/BackBootDealerNeimeng( 2367): standbyState:
11-02 18:30:32.586 E/NetUtils( 2021): Interface eth0 LinkDown!
11-02 18:30:32.944 D/BasicFigure( 2489): [TN_GLThread 73]isDrawFocused relyElement=[BaseElement@1961e652]focusScale[1.15]elementAlpha[-1.0]refectAlpha[-1.0]isFocusAble[true]shadowIndex[-1]autoJumpType[-1]uniqueID[54resSize0]rect[NULL]
11-02 18:30:32.944 D/BasicFigure( 2489): [TN_GLThread 73]isDrawFocused basicFigure=com.suma.midware.view.b.c.c@18483d23
11-02 18:30:33.086 D/BackBootDealerNeimeng( 2367): standbyState:
11-02 18:30:33.088 E/NetUtils( 2021): Interface eth0 LinkDown!
11-02 18:30:33.588 D/BackBootDealerNeimeng( 2367): standbyState:
11-02 18:30:33.589 E/NetUtils( 2021): Interface eth0 LinkDown!
11-02 18:30:33.964 D/BasicFigure( 2489): [TN_GLThread 73]isDrawFocused relyElement=[BaseElement@1961e652]focusScale[1.15]elementAlpha[-1.0]refectAlpha[-1.0]isFocusAble[true]shadowIndex[-1]autoJumpType[-1]uniqueID[54resSize0]rect[NULL]
11-02 18:30:33.964 D/BasicFigure( 2489): [TN_GLThread 73]isDrawFocused basicFigure=com.suma.midware.view.b.c.c@18483d23
11-02 18:30:34.089 D/BackBootDealerNeimeng( 2367): standbyState:
11-02 18:30:34.090 E/NetUtils( 2021): Interface eth0 LinkDown!
11-02 18:30:34.590 D/BackBootDealerNeimeng( 2367): standbyState:
11-02 18:30:34.591 E/NetUtils( 2021): Interface eth0 LinkDown!
11-02 18:30:34.983 D/BasicFigure( 2489): [TN_GLThread 73]isDrawFocused relyElement=[BaseElement@1961e652]focusScale[1.15]elementAlpha[-1.0]refectAlpha[-1.0]isFocusAble[true]shadowIndex[-1]autoJumpType[-1]uniqueID[54resSize0]rect[NULL]
11-02 18:30:34.983 D/BasicFigure( 2489): [TN_GLThread 73]isDrawFocused basicFigure=com.suma.midware.view.b.c.c@18483d23
11-02 18:30:35.092 D/BackBootDealerNeimeng( 2367): standbyState:
11-02 18:30:35.093 E/NetUtils( 2021): Interface eth0 LinkDown!
11-02 18:30:35.593 D/BackBootDealerNeimeng( 2367): standbyState:
11-02 18:30:35.594 E/NetUtils( 2021): Interface eth0 LinkDown!
11-02 18:30:35.617 E/WifiStateMachine( 2021): WifiStateMachine CMD_START_SCAN source -2 txSuccessRate=0.71 rxSuccessRate=1.09 targetRoamBSSID=any RSSI=-34
11-02 18:30:35.617 E/WifiStateMachine( 2021): WifiStateMachine starting scan for "ipanel"WPA_PSK with 2467
11-02 18:30:36.003 D/BasicFigure( 2489): [TN_GLThread 73]isDrawFocused relyElement=[BaseElement@1961e652]focusScale[1.15]elementAlpha[-1.0]refectAlpha[-1.0]isFocusAble[true]shadowIndex[-1]autoJumpType[-1]uniqueID[54resSize0]rect[NULL]
11-02 18:30:36.003 D/BasicFigure( 2489): [TN_GLThread 73]isDrawFocused basicFigure=com.suma.midware.view.b.c.c@18483d23
11-02 18:30:36.094 D/BackBootDealerNeimeng( 2367): standbyState:
11-02 18:30:36.095 E/NetUtils( 2021): Interface eth0 LinkDown!
11-02 18:30:36.349 I/EthernetNetworkFactory( 2021): updateInterfaceState :the mIface is:eth0iface is wlan0 true
11-02 18:30:36.368 E/WifiAutoJoinController ( 2021): GDWL 86:79:73:27:8c:19 rssi=-43 cap [WPA-PSK-CCMP][WPA2-PSK-CCMP][ESS] is not scored
11-02 18:30:36.368 E/WifiAutoJoinController ( 2021): ipanel e4:f3:f5:aa:ad:88 rssi=-34 cap [WPA-PSK-CCMP][WPA2-PSK-CCMP][ESS] is not scored
11-02 18:30:36.369 E/WifiAutoJoinController ( 2021):  84:79:73:27:8c:19 rssi=-32 cap [WEP][ESS] is not scored
11-02 18:30:36.369 E/WifiAutoJoinController ( 2021): MERCURY_EDE4 e4:f3:f5:6a:ed:e4 rssi=-44 cap [ESS] is not scored
11-02 18:30:36.369 E/WifiAutoJoinController ( 2021): Office_Net e4:f3:f5:a4:00:c0 rssi=-68 cap [WPA-PSK-CCMP][WPA2-PSK-CCMP][ESS] is not scored
11-02 18:30:36.370 E/WifiAutoJoinController ( 2021): 17WiFi_LAFA_2G 78:a3:51:32:07:f0 rssi=-78 cap [WPA-PSK-CCMP][WPA2-PSK-CCMP][ESS] is not scored
11-02 18:30:36.370 E/WifiAutoJoinController ( 2021): iPanel-cf 78:11:dc:10:d5:2d rssi=-30 cap [WPA-PSK-CCMP+TKIP][WPA2-PSK-CCMP+TKIP][WPS][ESS] is not scored
11-02 18:30:36.371 E/WifiAutoJoinController ( 2021): GDWL 86:79:73:27:8c:0d rssi=-46 cap [WPA-PSK-CCMP][WPA2-PSK-CCMP][ESS] is not scored
11-02 18:30:36.371 E/WifiAutoJoinController ( 2021): TP-LINK_BAF2C2 0c:72:2c:ba:f2:c2 rssi=-57 cap [WPA-PSK-CCMP][WPA2-PSK-CCMP][WPS][ESS] is not scored
11-02 18:30:36.371 E/WifiAutoJoinController ( 2021): GDWL 86:79:73:27:8c:11 rssi=-59 cap [WPA-PSK-CCMP][WPA2-PSK-CCMP][ESS] is not scored
11-02 18:30:36.372 E/WifiAutoJoinController ( 2021): GDWL 86:79:73:27:8c:1d rssi=-66 cap [WPA-PSK-CCMP][WPA2-PSK-CCMP][ESS] is not scored
11-02 18:30:36.372 E/WifiAutoJoinController ( 2021): GDWL 86:79:73:27:8c:13 rssi=-72 cap [WPA-PSK-CCMP][WPA2-PSK-CCMP][ESS] is not scored
11-02 18:30:36.373 E/WifiAutoJoinController ( 2021): GDWL 86:79:73:27:8c:23 rssi=-74 cap [WPA-PSK-CCMP][WPA2-PSK-CCMP][ESS] is not scored
11-02 18:30:36.373 E/WifiAutoJoinController ( 2021): CMCC 06:11:b5:17:bd:d5 rssi=-70 cap [WPA-EAP-CCMP+TKIP][WPA2-EAP-CCMP+TKIP][ESS] is not scored
11-02 18:30:36.373 E/WifiAutoJoinController ( 2021): 影视娱乐频道 24:69:68:79:91:8a rssi=-78 cap [WPA-PSK-CCMP][WPA2-PSK-CCMP][ESS] is not scored
11-02 18:30:36.374 E/WifiAutoJoinController ( 2021): WLGS 1c:fa:68:05:a3:5a rssi=-78 cap [WPA-PSK-CCMP][WPA2-PSK-CCMP][WPS][ESS] is not scored
11-02 18:30:36.374 E/WifiAutoJoinController ( 2021):  1c:60:de:81:25:2c rssi=-80 cap [WPA-PSK-CCMP][WPA2-PSK-CCMP][ESS] is not scored
11-02 18:30:36.375 E/WifiAutoJoinController ( 2021): 金百合262 c8:3a:35:54:14:60 rssi=-82 cap [WPA-PSK-CCMP][WPA2-PSK-CCMP][ESS] is not scored
11-02 18:30:36.375 E/WifiAutoJoinController ( 2021):  84:79:73:27:8c:0d rssi=-56 cap [WEP][ESS] is not scored
11-02 18:30:36.375 E/WifiAutoJoinController ( 2021):  84:79:73:27:8c:11 rssi=-62 cap [WEP][ESS] is not scored
11-02 18:30:36.376 E/WifiAutoJoinController ( 2021):  84:79:73:27:8c:1d rssi=-62 cap [WEP][ESS] is not scored
11-02 18:30:36.376 E/WifiAutoJoinController ( 2021):  84:79:73:27:8c:13 rssi=-72 cap [WEP][ESS] is not scored
11-02 18:30:36.376 E/WifiAutoJoinController ( 2021): IMBTVN2.4_1c478d 4c:0f:c7:c3:27:4b rssi=-33 cap [ESS] is not scored
11-02 18:30:36.377 E/WifiAutoJoinController ( 2021): CMCC-WEB 00:11:b5:17:bd:d5 rssi=-72 cap [ESS] is not scored
11-02 18:30:36.377 E/WifiAutoJoinController ( 2021): and-Business 0e:11:b5:17:bd:d5 rssi=-73 cap [ESS] is not scored
11-02 18:30:36.378 E/WifiAutoJoinController ( 2021): CMCC-family 0a:11:b5:17:bd:d5 rssi=-74 cap [ESS] is not scored
11-02 18:30:36.378 E/WifiAutoJoinController ( 2021): HUAWEI-VYGUV5 00:5a:13:61:fa:ac rssi=-82 cap [ESS] is not scored
11-02 18:30:36.378 E/WifiAutoJoinController ( 2021): CMCC-Free 2e:c8:97:9e:f8:16 rssi=-82 cap [ESS] is not scored
11-02 18:30:36.379 E/WifiAutoJoinController ( 2021): CMCC-family 1e:c8:97:9e:f8:16 rssi=-82 cap [ESS] is not scored
11-02 18:30:36.379 E/WifiAutoJoinController ( 2021): ageScanResultsOut delay 40000 size 29 now 1509618636379
11-02 18:30:36.379 E/WifiAutoJoinController ( 2021): newSupplicantResults size=29 known=1 true
11-02 18:30:36.381 E/WifiAutoJoinController ( 2021): attemptAutoJoin() status=bssid=e4:f3:f5:aa:ad:88
11-02 18:30:36.381 E/WifiAutoJoinController ( 2021): freq=2467
11-02 18:30:36.381 E/WifiAutoJoinController ( 2021): ssid=ipanel
11-02 18:30:36.381 E/WifiAutoJoinController ( 2021): id=1
11-02 18:30:36.381 E/WifiAutoJoinController ( 2021): mode=station
11-02 18:30:36.381 E/WifiAutoJoinController ( 2021): pairwise_cipher=CCMP
11-02 18:30:36.381 E/WifiAutoJoinController ( 2021): group_cipher=CCMP
11-02 18:30:36.381 E/WifiAutoJoinController ( 2021): key_mgmt=WPA2-PSK
11-02 18:30:36.381 E/WifiAutoJoinController ( 2021): wpa_state=COMPLETED
11-02 18:30:36.381 E/WifiAutoJoinController ( 2021): ip_address=192.168.0.101
11-02 18:30:36.381 E/WifiAutoJoinController ( 2021): p2p_device_address=0e:62:a6:0c:0f:b2
11-02 18:30:36.381 E/WifiAutoJoinController ( 2021): address=0c:62:a6:0c:0f:b2
11-02 18:30:36.381 E/WifiAutoJoinController ( 2021): uuid=de43a986-3647-5398-876d-b6752834d7e7 split=13
11-02 18:30:36.381 E/WifiAutoJoinController ( 2021): attemptAutoJoin() num recent config 1 current="ipanel"WPA_PSK last="ipanel"WPA_PSK ---> suppNetId=1
11-02 18:30:36.381 E/WifiAutoJoinController ( 2021): attemptAutoJoin good candidate seen, bumped hard -> status=0 "ipanel"WPA_PSK rssi=(-34,-127) num=(1,0)
11-02 18:30:36.381 E/WifiAutoJoinController ( 2021): attemptAutoJoin skip current candidate  1 key "ipanel"WPA_PSK
