11-02 18:11:26.301 W/ContextImpl( 2367): Calling a method in the system process without a qualified user: android.app.ContextImpl.sendBroadcast:1345 android.content.ContextWrapper.sendBroadcast:377 com.suma.midware.back.esg.e.f:-1 com.suma.midware.back.esg.f.run:-1 com.suma.midware.prop.util.c.run:-1 
11-02 18:11:27.304 W/ContextImpl( 2367): Calling a method in the system process without a qualified user: android.app.ContextImpl.sendBroadcast:1345 android.content.ContextWrapper.sendBroadcast:377 com.suma.midware.back.esg.e.f:-1 com.suma.midware.back.esg.f.run:-1 com.suma.midware.prop.util.c.run:-1 
11-02 18:11:28.308 W/ContextImpl( 2367): Calling a method in the system process without a qualified user: android.app.ContextImpl.sendBroadcast:1345 android.content.ContextWrapper.sendBroadcast:377 com.suma.midware.back.esg.e.f:-1 com.suma.midware.back.esg.f.run:-1 com.suma.midware.prop.util.c.run:-1 
11-02 18:12:31.363 W/ContextImpl( 2367): Calling a method in the system process without a qualified user: android.app.ContextImpl.sendBroadcast:1345 android.content.ContextWrapper.sendBroadcast:377 com.suma.midware.back.esg.e.f:-1 com.suma.midware.back.esg.f.run:-1 com.suma.midware.prop.util.c.run:-1 
11-02 18:12:32.366 W/ContextImpl( 2367): Calling a method in the system process without a qualified user: android.app.ContextImpl.sendBroadcast:1345 android.content.ContextWrapper.sendBroadcast:377 com.suma.midware.back.esg.e.f:-1 com.suma.midware.back.esg.f.run:-1 com.suma.midware.prop.util.c.run:-1 
11-02 18:12:33.369 W/ContextImpl( 2367): Calling a method in the system process without a qualified user: android.app.ContextImpl.sendBroadcast:1345 android.content.ContextWrapper.sendBroadcast:377 com.suma.midware.back.esg.e.f:-1 com.suma.midware.back.esg.f.run:-1 com.suma.midware.prop.util.c.run:-1 
11-02 18:13:36.423 W/ContextImpl( 2367): Calling a method in the system process without a qualified user: android.app.ContextImpl.sendBroadcast:1345 android.content.ContextWrapper.sendBroadcast:377 com.suma.midware.back.esg.e.f:-1 com.suma.midware.back.esg.f.run:-1 com.suma.midware.prop.util.c.run:-1 
11-02 18:13:37.426 W/ContextImpl( 2367): Calling a method in the system process without a qualified user: android.app.ContextImpl.sendBroadcast:1345 android.content.ContextWrapper.sendBroadcast:377 com.suma.midware.back.esg.e.f:-1 com.suma.midware.back.esg.f.run:-1 com.suma.midware.prop.util.c.run:-1 
11-02 18:13:38.429 W/ContextImpl( 2367): Calling a method in the system process without a qualified user: android.app.ContextImpl.sendBroadcast:1345 android.content.ContextWrapper.sendBroadcast:377 com.suma.midware.back.esg.e.f:-1 com.suma.midware.back.esg.f.run:-1 com.suma.midware.prop.util.c.run:-1 
11-02 18:14:09.051 W/InputMethodManagerService( 2021): Starting input on non-focused client com.android.internal.view.IInputMethodClient$Stub$Proxy@34424eb9 (uid=10024 pid=3069)
11-02 18:14:09.602 I/ActivityManager( 2021): Force stopping com.ipanel.android_webview.shell appid=10024 user=0: from pid 2367
11-02 18:14:09.602 I/ActivityManager( 2021): Killing 3069:com.ipanel.android_webview.shell/u0a24 (adj 0): stop com.ipanel.android_webview.shell
11-02 18:14:09.622 I/WindowState( 2021): WIN DEATH: Window{15a87a4e u0 SurfaceView}
11-02 18:14:09.622 D/ConnectivityService( 2021): ConnectivityService NetworkRequestInfo binderDied(NetworkRequest [ id=3, legacyType=-1, [ Capabilities: INTERNET&NOT_RESTRICTED&TRUSTED] ], android.os.BinderProxy@104e12fe)
11-02 18:14:09.623 D/ConnectivityService( 2021): releasing NetworkRequest NetworkRequest [ id=3, legacyType=-1, [ Capabilities: INTERNET&NOT_RESTRICTED&TRUSTED] ]
11-02 18:14:09.630 E/ConnectivityService( 2021): RemoteException caught trying to send a callback msg for NetworkRequest [ id=3, legacyType=-1, [ Capabilities: INTERNET&NOT_RESTRICTED&TRUSTED] ]
11-02 18:14:09.630 I/WindowState( 2021): WIN DEATH: Window{3d015d4d u0 com.ipanel.android_webview.shell/com.ipanel.webapp.BrowserActivity}
11-02 18:14:09.630 W/WindowManager( 2021): Force-removing child win Window{10e52c7c u0 SurfaceView} from container Window{3d015d4d u0 com.ipanel.android_webview.shell/com.ipanel.webapp.BrowserActivity}
11-02 18:14:09.631 W/ActivityManager( 2021): Force removing ActivityRecord{1dc41484 u0 com.ipanel.android_webview.shell/com.ipanel.webapp.BrowserActivity t140}: app died, no saved state
11-02 18:14:09.635 W/WindowManager( 2021): Failed looking up window
11-02 18:14:09.635 W/WindowManager( 2021): java.lang.IllegalArgumentException: Requested window android.os.BinderProxy@3454076f does not exist
11-02 18:14:09.635 W/WindowManager( 2021): 	at com.android.server.wm.WindowManagerService.windowForClientLocked(WindowManagerService.java:8654)
11-02 18:14:09.635 W/WindowManager( 2021): 	at com.android.server.wm.WindowManagerService.windowForClientLocked(WindowManagerService.java:8645)
11-02 18:14:09.635 W/WindowManager( 2021): 	at com.android.server.wm.WindowState$DeathRecipient.binderDied(WindowState.java:1142)
11-02 18:14:09.635 W/WindowManager( 2021): 	at android.os.BinderProxy.sendDeathNotice(Binder.java:551)
11-02 18:14:09.635 I/WindowState( 2021): WIN DEATH: null
11-02 18:14:09.639 W/ActivityManager( 2021): Spurious death for ProcessRecord{297baa5f 3069:com.ipanel.android_webview.shell/u0a24}, curProc for 3069: null
11-02 18:14:09.640 W/ActivityManager( 2021): Invalid packageName: android.process.media
11-02 18:14:09.640 I/ActivityManager( 2021): Force stopping com.sumavision.admindm appid=1000 user=0: from pid 2367
11-02 18:14:09.640 I/ActivityManager( 2021): Killing 2711:com.sumavision.admindm/1000 (adj 5): stop com.sumavision.admindm
11-02 18:14:09.648 D/WifiService( 2021): Client connection lost with reason: 4
11-02 18:14:09.654 W/ActivityManager( 2021): Scheduling restart of crashed service com.sumavision.admindm/.Session in 1000ms
11-02 18:14:09.654 I/ActivityManager( 2021):   Force stopping service ServiceRecord{36740c62 u0 com.sumavision.admindm/.Session}
11-02 18:14:09.656 W/ActivityManager( 2021): Spurious death for ProcessRecord{1bcde65b 2711:com.sumavision.admindm/1000}, curProc for 2711: null
11-02 18:14:09.657 I/ActivityManager( 2021): Force stopping com.android.keychain appid=1000 user=0: from pid 2367
11-02 18:14:09.657 I/ActivityManager( 2021): Killing 2687:com.android.keychain/1000 (adj 11): stop com.android.keychain
11-02 18:14:09.668 W/ActivityManager( 2021): Spurious death for ProcessRecord{3c0aacac 2687:com.android.keychain/1000}, curProc for 2687: null
11-02 18:14:09.668 I/ActivityManager( 2021): Force stopping com.amlogic.inputmethod.remote appid=10019 user=0: from pid 2367
11-02 18:14:09.668 I/ActivityManager( 2021): Killing 2324:com.amlogic.inputmethod.remote/u0a19 (adj 2): stop com.amlogic.inputmethod.remote
11-02 18:14:09.680 W/ActivityManager( 2021): Scheduling restart of crashed service com.amlogic.inputmethod.remote/.RemoteIME in 1000ms
11-02 18:14:09.680 I/ActivityManager( 2021):   Force stopping service ServiceRecord{1eb5b03b u0 com.amlogic.inputmethod.remote/.RemoteIME}
11-02 18:14:09.681 W/InputMethodManagerService( 2021): Session failed to close due to remote exception
11-02 18:14:09.681 W/InputMethodManagerService( 2021): android.os.DeadObjectException
11-02 18:14:09.681 W/InputMethodManagerService( 2021): 	at android.os.BinderProxy.transactNative(Native Method)
11-02 18:14:09.681 W/InputMethodManagerService( 2021): 	at android.os.BinderProxy.transact(Binder.java:496)
11-02 18:14:09.681 W/InputMethodManagerService( 2021): 	at com.android.internal.view.IInputMethodSession$Stub$Proxy.finishSession(IInputMethodSession.java:305)
11-02 18:14:09.681 W/InputMethodManagerService( 2021): 	at com.android.server.InputMethodManagerService.finishSessionLocked(InputMethodManagerService.java:1420)
11-02 18:14:09.681 W/InputMethodManagerService( 2021): 	at com.android.server.InputMethodManagerService.clearClientSessionLocked(InputMethodManagerService.java:1411)
11-02 18:14:09.681 W/InputMethodManagerService( 2021): 	at com.android.server.InputMethodManagerService.clearCurMethodLocked(InputMethodManagerService.java:1437)
11-02 18:14:09.681 W/InputMethodManagerService( 2021): 	at com.android.server.InputMethodManagerService.onServiceDisconnected(InputMethodManagerService.java:1456)
11-02 18:14:09.681 W/InputMethodManagerService( 2021): 	at android.app.LoadedApk$ServiceDispatcher.doDeath(LoadedApk.java:1215)
11-02 18:14:09.681 W/InputMethodManagerService( 2021): 	at android.app.LoadedApk$ServiceDispatcher$RunConnection.run(LoadedApk.java:1229)
11-02 18:14:09.681 W/InputMethodManagerService( 2021): 	at android.os.Handler.handleCallback(Handler.java:739)
11-02 18:14:09.681 W/InputMethodManagerService( 2021): 	at android.os.Handler.dispatchMessage(Handler.java:95)
11-02 18:14:09.681 W/InputMethodManagerService( 2021): 	at android.os.Looper.loop(Looper.java:135)
11-02 18:14:09.681 W/InputMethodManagerService( 2021): 	at com.android.server.SystemServer.run(SystemServer.java:383)
11-02 18:14:09.681 W/InputMethodManagerService( 2021): 	at com.android.server.SystemServer.main(SystemServer.java:178)
11-02 18:14:09.681 W/InputMethodManagerService( 2021): 	at java.lang.reflect.Method.invoke(Native Method)
11-02 18:14:09.681 W/InputMethodManagerService( 2021): 	at java.lang.reflect.Method.invoke(Method.java:372)
11-02 18:14:09.681 W/InputMethodManagerService( 2021): 	at com.android.internal.os.ZygoteInit$MethodAndArgsCaller.run(ZygoteInit.java:903)
11-02 18:14:09.681 W/InputMethodManagerService( 2021): 	at com.android.internal.os.ZygoteInit.main(ZygoteInit.java:698)
11-02 18:14:09.686 W/InputMethodManagerService( 2021): Session failed to close due to remote exception
11-02 18:14:09.686 W/InputMethodManagerService( 2021): android.os.DeadObjectException
11-02 18:14:09.686 W/InputMethodManagerService( 2021): 	at android.os.BinderProxy.transactNative(Native Method)
11-02 18:14:09.686 W/InputMethodManagerService( 2021): 	at android.os.BinderProxy.transact(Binder.java:496)
11-02 18:14:09.686 W/InputMethodManagerService( 2021): 	at com.android.internal.view.IInputMethodSession$Stub$Proxy.finishSession(IInputMethodSession.java:305)
11-02 18:14:09.686 W/InputMethodManagerService( 2021): 	at com.android.server.InputMethodManagerService.finishSessionLocked(InputMethodManagerService.java:1420)
11-02 18:14:09.686 W/InputMethodManagerService( 2021): 	at com.android.server.InputMethodManagerService.clearClientSessionLocked(InputMethodManagerService.java:1411)
11-02 18:14:09.686 W/InputMethodManagerService( 2021): 	at com.android.server.InputMethodManagerService.clearCurMethodLocked(InputMethodManagerService.java:1437)
11-02 18:14:09.686 W/InputMethodManagerService( 2021): 	at com.android.server.InputMethodManagerService.onServiceDisconnected(InputMethodManagerService.java:1456)
11-02 18:14:09.686 W/InputMethodManagerService( 2021): 	at android.app.LoadedApk$ServiceDispatcher.doDeath(LoadedApk.java:1215)
11-02 18:14:09.686 W/InputMethodManagerService( 2021): 	at android.app.LoadedApk$ServiceDispatcher$RunConnection.run(LoadedApk.java:1229)
11-02 18:14:09.686 W/InputMethodManagerService( 2021): 	at android.os.Handler.handleCallback(Handler.java:739)
11-02 18:14:09.686 W/InputMethodManagerService( 2021): 	at android.os.Handler.dispatchMessage(Handler.java:95)
11-02 18:14:09.686 W/InputMethodManagerService( 2021): 	at android.os.Looper.loop(Looper.java:135)
11-02 18:14:09.686 W/InputMethodManagerService( 2021): 	at com.android.server.SystemServer.run(SystemServer.java:383)
11-02 18:14:09.686 W/InputMethodManagerService( 2021): 	at com.android.server.SystemServer.main(SystemServer.java:178)
11-02 18:14:09.686 W/InputMethodManagerService( 2021): 	at java.lang.reflect.Method.invoke(Native Method)
11-02 18:14:09.686 W/InputMethodManagerService( 2021): 	at java.lang.reflect.Method.invoke(Method.java:372)
11-02 18:14:09.686 W/InputMethodManagerService( 2021): 	at com.android.internal.os.ZygoteInit$MethodAndArgsCaller.run(ZygoteInit.java:903)
11-02 18:14:09.686 W/InputMethodManagerService( 2021): 	at com.android.internal.os.ZygoteInit.main(ZygoteInit.java:698)
11-02 18:14:09.687 I/ActivityManager( 2021): Force stopping com.android.phone appid=1001 user=0: from pid 2367
11-02 18:14:09.687 W/ContextImpl( 2489): Calling a method in the system process without a qualified user: android.app.ContextImpl.sendBroadcast:1345 android.content.ContextWrapper.sendBroadcast:377 com.suma.midware.view.ext.BluetoothUpdate.b:-1 com.suma.midware.home.third.Main3DActivity.onResume:-1 android.app.Instrumentation.callActivityOnResume:1257 
11-02 18:14:09.693 W/InputMethodManagerService( 2021): Session failed to close due to remote exception
11-02 18:14:09.693 W/InputMethodManagerService( 2021): android.os.DeadObjectException
11-02 18:14:09.693 W/InputMethodManagerService( 2021): 	at android.os.BinderProxy.transactNative(Native Method)
11-02 18:14:09.693 W/InputMethodManagerService( 2021): 	at android.os.BinderProxy.transact(Binder.java:496)
11-02 18:14:09.693 W/InputMethodManagerService( 2021): 	at com.android.internal.view.IInputMethodSession$Stub$Proxy.finishSession(IInputMethodSession.java:305)
11-02 18:14:09.693 W/InputMethodManagerService( 2021): 	at com.android.server.InputMethodManagerService.finishSessionLocked(InputMethodManagerService.java:1420)
11-02 18:14:09.693 W/InputMethodManagerService( 2021): 	at com.android.server.InputMethodManagerService.clearClientSessionLocked(InputMethodManagerService.java:1411)
11-02 18:14:09.693 W/InputMethodManagerService( 2021): 	at com.android.server.InputMethodManagerService.clearCurMethodLocked(InputMethodManagerService.java:1437)
11-02 18:14:09.693 W/InputMethodManagerService( 2021): 	at com.android.server.InputMethodManagerService.onServiceDisconnected(InputMethodManagerService.java:1456)
11-02 18:14:09.693 W/InputMethodManagerService( 2021): 	at android.app.LoadedApk$ServiceDispatcher.doDeath(LoadedApk.java:1215)
11-02 18:14:09.693 W/InputMethodManagerService( 2021): 	at android.app.LoadedApk$ServiceDispatcher$RunConnection.run(LoadedApk.java:1229)
11-02 18:14:09.693 W/InputMethodManagerService( 2021): 	at android.os.Handler.handleCallback(Handler.java:739)
11-02 18:14:09.693 W/InputMethodManagerService( 2021): 	at android.os.Handler.dispatchMessage(Handler.java:95)
11-02 18:14:09.693 W/InputMethodManagerService( 2021): 	at android.os.Looper.loop(Looper.java:135)
11-02 18:14:09.693 W/InputMethodManagerService( 2021): 	at com.android.server.SystemServer.run(SystemServer.java:383)
11-02 18:14:09.693 W/InputMethodManagerService( 2021): 	at com.android.server.SystemServer.main(SystemServer.java:178)
11-02 18:14:09.693 W/InputMethodManagerService( 2021): 	at java.lang.reflect.Method.invoke(Native Method)
11-02 18:14:09.693 W/InputMethodManagerService( 2021): 	at java.lang.reflect.Method.invoke(Method.java:372)
11-02 18:14:09.693 W/InputMethodManagerService( 2021): 	at com.android.internal.os.ZygoteInit$MethodAndArgsCaller.run(ZygoteInit.java:903)
11-02 18:14:09.693 W/InputMethodManagerService( 2021): 	at com.android.internal.os.ZygoteInit.main(ZygoteInit.java:698)
11-02 18:14:09.694 W/ActivityManager( 2021): Spurious death for ProcessRecord{de874ad 2324:com.amlogic.inputmethod.remote/u0a19}, curProc for 2324: null
11-02 18:14:09.694 I/ActivityManager( 2021): Force stopping com.suma.midware.dms appid=1000 user=0: from pid 2367
11-02 18:14:09.699 W/InputMethodManagerService( 2021): Session failed to close due to remote exception
11-02 18:14:09.699 W/InputMethodManagerService( 2021): android.os.DeadObjectException
11-02 18:14:09.699 W/InputMethodManagerService( 2021): 	at android.os.BinderProxy.transactNative(Native Method)
11-02 18:14:09.699 W/InputMethodManagerService( 2021): 	at android.os.BinderProxy.transact(Binder.java:496)
11-02 18:14:09.699 W/InputMethodManagerService( 2021): 	at com.android.internal.view.IInputMethodSession$Stub$Proxy.finishSession(IInputMethodSession.java:305)
11-02 18:14:09.699 W/InputMethodManagerService( 2021): 	at com.android.server.InputMethodManagerService.finishSessionLocked(InputMethodManagerService.java:1420)
11-02 18:14:09.699 W/InputMethodManagerService( 2021): 	at com.android.server.InputMethodManagerService.clearClientSessionLocked(InputMethodManagerService.java:1411)
11-02 18:14:09.699 W/InputMethodManagerService( 2021): 	at com.android.server.InputMethodManagerService.clearCurMethodLocked(InputMethodManagerService.java:1437)
11-02 18:14:09.699 W/InputMethodManagerService( 2021): 	at com.android.server.InputMethodManagerService.onServiceDisconnected(InputMethodManagerService.java:1456)
11-02 18:14:09.699 W/InputMethodManagerService( 2021): 	at android.app.LoadedApk$ServiceDispatcher.doDeath(LoadedApk.java:1215)
11-02 18:14:09.699 W/InputMethodManagerService( 2021): 	at android.app.LoadedApk$ServiceDispatcher$RunConnection.run(LoadedApk.java:1229)
11-02 18:14:09.699 W/InputMethodManagerService( 2021): 	at android.os.Handler.handleCallback(Handler.java:739)
11-02 18:14:09.699 W/InputMethodManagerService( 2021): 	at android.os.Handler.dispatchMessage(Handler.java:95)
11-02 18:14:09.699 W/InputMethodManagerService( 2021): 	at android.os.Looper.loop(Looper.java:135)
11-02 18:14:09.699 W/InputMethodManagerService( 2021): 	at com.android.server.SystemServer.run(SystemServer.java:383)
11-02 18:14:09.699 W/InputMethodManagerService( 2021): 	at com.android.server.SystemServer.main(SystemServer.java:178)
11-02 18:14:09.699 W/InputMethodManagerService( 2021): 	at java.lang.reflect.Method.invoke(Native Method)
11-02 18:14:09.699 W/InputMethodManagerService( 2021): 	at java.lang.reflect.Method.invoke(Method.java:372)
11-02 18:14:09.699 W/InputMethodManagerService( 2021): 	at com.android.internal.os.ZygoteInit$MethodAndArgsCaller.run(ZygoteInit.java:903)
11-02 18:14:09.699 W/InputMethodManagerService( 2021): 	at com.android.internal.os.ZygoteInit.main(ZygoteInit.java:698)
11-02 18:14:09.705 W/InputMethodManagerService( 2021): Session failed to close due to remote exception
11-02 18:14:09.705 W/InputMethodManagerService( 2021): android.os.DeadObjectException
11-02 18:14:09.705 W/InputMethodManagerService( 2021): 	at android.os.BinderProxy.transactNative(Native Method)
11-02 18:14:09.705 W/InputMethodManagerService( 2021): 	at android.os.BinderProxy.transact(Binder.java:496)
11-02 18:14:09.705 W/InputMethodManagerService( 2021): 	at com.android.internal.view.IInputMethodSession$Stub$Proxy.finishSession(IInputMethodSession.java:305)
11-02 18:14:09.705 W/InputMethodManagerService( 2021): 	at com.android.server.InputMethodManagerService.finishSessionLocked(InputMethodManagerService.java:1420)
11-02 18:14:09.705 W/InputMethodManagerService( 2021): 	at com.android.server.InputMethodManagerService.clearClientSessionLocked(InputMethodManagerService.java:1411)
11-02 18:14:09.705 W/InputMethodManagerService( 2021): 	at com.android.server.InputMethodManagerService.clearCurMethodLocked(InputMethodManagerService.java:1437)
11-02 18:14:09.705 W/InputMethodManagerService( 2021): 	at com.android.server.InputMethodManagerService.onServiceDisconnected(InputMethodManagerService.java:1456)
11-02 18:14:09.705 W/InputMethodManagerService( 2021): 	at android.app.LoadedApk$ServiceDispatcher.doDeath(LoadedApk.java:1215)
11-02 18:14:09.705 W/InputMethodManagerService( 2021): 	at android.app.LoadedApk$ServiceDispatcher$RunConnection.run(LoadedApk.java:1229)
11-02 18:14:09.705 W/InputMethodManagerService( 2021): 	at android.os.Handler.handleCallback(Handler.java:739)
11-02 18:14:09.705 W/InputMethodManagerService( 2021): 	at android.os.Handler.dispatchMessage(Handler.java:95)
11-02 18:14:09.705 W/InputMethodManagerService( 2021): 	at android.os.Looper.loop(Looper.java:135)
11-02 18:14:09.705 W/InputMethodManagerService( 2021): 	at com.android.server.SystemServer.run(SystemServer.java:383)
11-02 18:14:09.705 W/InputMethodManagerService( 2021): 	at com.android.server.SystemServer.main(SystemServer.java:178)
11-02 18:14:09.705 W/InputMethodManagerService( 2021): 	at java.lang.reflect.Method.invoke(Native Method)
11-02 18:14:09.705 W/InputMethodManagerService( 2021): 	at java.lang.reflect.Method.invoke(Method.java:372)
11-02 18:14:09.705 W/InputMethodManagerService( 2021): 	at com.android.internal.os.ZygoteInit$MethodAndArgsCaller.run(ZygoteInit.java:903)
11-02 18:14:09.705 W/InputMethodManagerService( 2021): 	at com.android.internal.os.ZygoteInit.main(ZygoteInit.java:698)
11-02 18:14:09.705 I/ActivityManager( 2021): Force stopping com.hisilicon.android.hiRMService appid=1000 user=0: from pid 2367
11-02 18:14:09.708 I/ActivityManager( 2021): Force stopping com.android.externalstorage appid=10003 user=0: from pid 2367
11-02 18:14:09.708 I/ActivityManager( 2021): Killing 2221:com.android.externalstorage/u0a3 (adj 11): stop com.android.externalstorage
11-02 18:14:09.709 W/ContextImpl( 2489): Calling a method in the system process without a qualified user: android.app.ContextImpl.sendBroadcast:1345 android.content.ContextWrapper.sendBroadcast:377 android.app.ActivityThread.performResumeActivity:2982 android.app.ActivityThread.handleResumeActivity:3023 android.app.ActivityThread$H.handleMessage:1347 
11-02 18:14:09.718 W/ActivityManager( 2021): Spurious death for ProcessRecord{47a8657 2221:com.android.externalstorage/u0a3}, curProc for 2221: null
11-02 18:14:09.728 I/ActivityManager( 2021): Config changes=20 {1.0 ?mcc?mnc zh_CN ?layoutDir sw720dp w1280dp h720dp 160dpi xlrg long land television -touch -keyb/h/h dpad/v s.5}
11-02 18:14:09.739 I/ActivityManager( 2021): Config changes=20 {1.0 ?mcc?mnc zh_CN ?layoutDir sw720dp w1280dp h720dp 160dpi xlrg long land television -touch -keyb/v/h dpad/v s.6}
11-02 18:14:09.756 E/ActivityThread( 2163): Failed to find provider info for com.android.contacts
11-02 18:14:09.775 E/ActivityThread( 2163): Failed to find provider info for com.android.contacts
11-02 18:14:19.101 I/ActivityManager( 2021): Start proc 3282:com.amlogic.inputmethod.remote/u0a19 for service com.amlogic.inputmethod.remote/.RemoteIME
11-02 18:14:19.101 V/InputMethodManagerService( 2021): Adding window token: android.os.Binder@ba337ae
11-02 18:14:36.950 I/ActivityManager( 2021): START u0 {act= cmp=com.ipanel.android_webview.shell/com.ipanel.webapp.BrowserActivity (has extras)} from uid 1000 on display 0
11-02 18:14:36.952 V/WindowManager( 2021): addAppToken: AppWindowToken{28d3b347 token=Token{3dde8e86 ActivityRecord{4f0e361 u0 com.ipanel.android_webview.shell/com.ipanel.webapp.BrowserActivity t141}}} to stack=1 task=141 at 0
11-02 18:14:36.957 V/WindowManager( 2021): Adding window Window{3f2f46e0 u0 Starting com.ipanel.android_webview.shell} at 8 of 13 (after Window{148933ec u0 com.suma.midware.setting/com.suma.midware.setting.net.NetInfoActivity})
11-02 18:14:36.960 W/ContextImpl( 2489): Calling a method in the system process without a qualified user: android.app.ContextImpl.sendBroadcast:1345 android.content.ContextWrapper.sendBroadcast:377 android.app.ActivityThread.performPauseActivity:3259 android.app.ActivityThread.performPauseActivity:3225 android.app.ActivityThread.handlePauseActivity:3200 
11-02 18:14:36.994 I/ActivityManager( 2021): Start proc 3316:com.ipanel.android_webview.shell/u0a24 for activity com.ipanel.android_webview.shell/com.ipanel.webapp.BrowserActivity
11-02 18:14:36.996 W/ViewRootImpl( 2489): Cancelling event due to no window focus: KeyEvent { action=ACTION_UP, keyCode=KEYCODE_DPAD_CENTER, scanCode=28, metaState=0, flags=0x28, repeatCount=0, eventTime=417407, downTime=417393, deviceId=3, source=0x701 }
11-02 18:14:36.996 W/ViewRootImpl( 2489): Cancelling event due to no window focus: KeyEvent { action=ACTION_UP, keyCode=KEYCODE_DPAD_CENTER, scanCode=28, metaState=0, flags=0x28, repeatCount=0, eventTime=417407, downTime=417393, deviceId=3, source=0x701 }
11-02 18:14:36.996 W/ViewRootImpl( 2489): Cancelling event due to no window focus: KeyEvent { action=ACTION_UP, keyCode=KEYCODE_DPAD_CENTER, scanCode=28, metaState=0, flags=0x28, repeatCount=0, eventTime=417407, downTime=417393, deviceId=3, source=0x701 }
11-02 18:14:36.996 W/ViewRootImpl( 2489): Cancelling event due to no window focus: KeyEvent { action=ACTION_UP, keyCode=KEYCODE_DPAD_CENTER, scanCode=28, metaState=0, flags=0x28, repeatCount=0, eventTime=417407, downTime=417393, deviceId=3, source=0x701 }
11-02 18:14:36.996 W/ViewRootImpl( 2489): Cancelling event due to no window focus: KeyEvent { action=ACTION_UP, keyCode=KEYCODE_DPAD_CENTER, scanCode=28, metaState=0, flags=0x28, repeatCount=0, eventTime=417407, downTime=417393, deviceId=3, source=0x701 }
11-02 18:14:36.996 W/ViewRootImpl( 2489): Cancelling event due to no window focus: KeyEvent { action=ACTION_UP, keyCode=KEYCODE_DPAD_CENTER, scanCode=28, metaState=0, flags=0x28, repeatCount=0, eventTime=417407, downTime=417393, deviceId=3, source=0x701 }
11-02 18:14:37.418 V/WindowManager( 2021): Adding window Window{1287c7e6 u0 com.ipanel.android_webview.shell/com.ipanel.webapp.BrowserActivity} at 8 of 14 (before Window{3f2f46e0 u0 Starting com.ipanel.android_webview.shell})
11-02 18:14:37.437 D/ConnectivityService( 2021): listenForNetwork for NetworkRequest [ id=4, legacyType=-1, [ Capabilities: INTERNET&NOT_RESTRICTED&TRUSTED] ]
11-02 18:14:37.437 D/ConnectivityService( 2021): handleRegisterNetworkRequest checking NetworkAgentInfo [WIFI () - 101]
11-02 18:14:37.437 D/ConnectivityService( 2021): apparently satisfied.  currentScore=60
11-02 18:14:37.564 V/WindowManager( 2021): Adding window Window{1e3e8c3 u0 SurfaceView} at 8 of 15 (before Window{1287c7e6 u0 com.ipanel.android_webview.shell/com.ipanel.webapp.BrowserActivity})
11-02 18:14:37.665 V/WindowManager( 2021): Adding window Window{5c1dc79 u0 SurfaceView} at 9 of 16 (before Window{1287c7e6 u0 com.ipanel.android_webview.shell/com.ipanel.webapp.BrowserActivity})
11-02 18:14:37.714 W/ViewRootImpl( 3316): Cancelling event due to no window focus: KeyEvent { action=ACTION_UP, keyCode=KEYCODE_DPAD_CENTER, scanCode=28, metaState=0, flags=0x80000028, repeatCount=0, eventTime=417711, downTime=417393, deviceId=3, source=0x701 }
11-02 18:14:37.714 W/ViewRootImpl( 3316): Cancelling event due to no window focus: KeyEvent { action=ACTION_UP, keyCode=KEYCODE_DPAD_CENTER, scanCode=28, metaState=0, flags=0x80000028, repeatCount=0, eventTime=417711, downTime=417393, deviceId=3, source=0x701 }
11-02 18:14:37.715 W/ViewRootImpl( 3316): Cancelling event due to no window focus: KeyEvent { action=ACTION_UP, keyCode=KEYCODE_DPAD_CENTER, scanCode=28, metaState=0, flags=0x80000028, repeatCount=0, eventTime=417711, downTime=417393, deviceId=3, source=0x701 }
11-02 18:14:37.715 W/ViewRootImpl( 3316): Cancelling event due to no window focus: KeyEvent { action=ACTION_UP, keyCode=KEYCODE_DPAD_CENTER, scanCode=28, metaState=0, flags=0x80000028, repeatCount=0, eventTime=417711, downTime=417393, deviceId=3, source=0x701 }
11-02 18:14:37.715 W/ViewRootImpl( 3316): Cancelling event due to no window focus: KeyEvent { action=ACTION_UP, keyCode=KEYCODE_DPAD_CENTER, scanCode=28, metaState=0, flags=0x80000028, repeatCount=0, eventTime=417711, downTime=417393, deviceId=3, source=0x701 }
11-02 18:14:37.715 W/ViewRootImpl( 3316): Cancelling event due to no window focus: KeyEvent { action=ACTION_UP, keyCode=KEYCODE_DPAD_CENTER, scanCode=28, metaState=0, flags=0x80000028, repeatCount=0, eventTime=417711, downTime=417393, deviceId=3, source=0x701 }
11-02 18:14:37.716 W/ViewRootImpl( 3316): Cancelling event due to no window focus: KeyEvent { action=ACTION_UP, keyCode=KEYCODE_DPAD_CENTER, scanCode=28, metaState=0, flags=0x80000028, repeatCount=0, eventTime=417711, downTime=417393, deviceId=3, source=0x701 }
11-02 18:14:37.716 W/ViewRootImpl( 3316): Cancelling event due to no window focus: KeyEvent { action=ACTION_UP, keyCode=KEYCODE_DPAD_CENTER, scanCode=28, metaState=0, flags=0x80000028, repeatCount=0, eventTime=417711, downTime=417393, deviceId=3, source=0x701 }
11-02 18:14:37.716 W/ViewRootImpl( 3316): Cancelling event due to no window focus: KeyEvent { action=ACTION_UP, keyCode=KEYCODE_DPAD_CENTER, scanCode=28, metaState=0, flags=0x80000028, repeatCount=0, eventTime=417711, downTime=417393, deviceId=3, source=0x701 }
11-02 18:14:40.461 D/TaskPersister( 2021): removeObsoleteFile: deleting file=140_task.xml
11-02 18:14:41.489 W/ContextImpl( 2367): Calling a method in the system process without a qualified user: android.app.ContextImpl.sendBroadcast:1345 android.content.ContextWrapper.sendBroadcast:377 com.suma.midware.back.esg.e.f:-1 com.suma.midware.back.esg.f.run:-1 com.suma.midware.prop.util.c.run:-1 
11-02 18:14:42.492 W/ContextImpl( 2367): Calling a method in the system process without a qualified user: android.app.ContextImpl.sendBroadcast:1345 android.content.ContextWrapper.sendBroadcast:377 com.suma.midware.back.esg.e.f:-1 com.suma.midware.back.esg.f.run:-1 com.suma.midware.prop.util.c.run:-1 
11-02 18:14:43.495 W/ContextImpl( 2367): Calling a method in the system process without a qualified user: android.app.ContextImpl.sendBroadcast:1345 android.content.ContextWrapper.sendBroadcast:377 com.suma.midware.back.esg.e.f:-1 com.suma.midware.back.esg.f.run:-1 com.suma.midware.prop.util.c.run:-1 
11-02 18:15:46.564 W/ContextImpl( 2367): Calling a method in the system process without a qualified user: android.app.ContextImpl.sendBroadcast:1345 android.content.ContextWrapper.sendBroadcast:377 com.suma.midware.back.esg.e.f:-1 com.suma.midware.back.esg.f.run:-1 com.suma.midware.prop.util.c.run:-1 
11-02 18:15:47.567 W/ContextImpl( 2367): Calling a method in the system process without a qualified user: android.app.ContextImpl.sendBroadcast:1345 android.content.ContextWrapper.sendBroadcast:377 com.suma.midware.back.esg.e.f:-1 com.suma.midware.back.esg.f.run:-1 com.suma.midware.prop.util.c.run:-1 
11-02 18:15:48.570 W/ContextImpl( 2367): Calling a method in the system process without a qualified user: android.app.ContextImpl.sendBroadcast:1345 android.content.ContextWrapper.sendBroadcast:377 com.suma.midware.back.esg.e.f:-1 com.suma.midware.back.esg.f.run:-1 com.suma.midware.prop.util.c.run:-1 
11-02 18:16:34.817 I/ActivityManager( 2021): moveTaskToBack: TaskRecord{159da1b1 #141 A=com.ipanel.android_webview.shell U=0 sz=1}
11-02 18:16:34.890 W/ContextImpl( 2489): Calling a method in the system process without a qualified user: android.app.ContextImpl.sendBroadcast:1345 android.content.ContextWrapper.sendBroadcast:377 com.suma.midware.view.ext.BluetoothUpdate.b:-1 com.suma.midware.home.third.Main3DActivity.onResume:-1 android.app.Instrumentation.callActivityOnResume:1257 
11-02 18:16:34.895 W/ContextImpl( 2489): Calling a method in the system process without a qualified user: android.app.ContextImpl.sendBroadcast:1345 android.content.ContextWrapper.sendBroadcast:377 android.app.ActivityThread.performResumeActivity:2982 android.app.ActivityThread.handleResumeActivity:3023 android.app.ActivityThread$H.handleMessage:1347 
11-02 18:16:42.403 I/WindowState( 2021): WIN DEATH: Window{1287c7e6 u0 com.ipanel.android_webview.shell/com.ipanel.webapp.BrowserActivity}
11-02 18:16:42.404 D/ConnectivityService( 2021): ConnectivityService NetworkRequestInfo binderDied(NetworkRequest [ id=4, legacyType=-1, [ Capabilities: INTERNET&NOT_RESTRICTED&TRUSTED] ], android.os.BinderProxy@2ad2ee70)
11-02 18:16:42.404 W/WindowManager( 2021): Force-removing child win Window{5c1dc79 u0 SurfaceView} from container Window{1287c7e6 u0 com.ipanel.android_webview.shell/com.ipanel.webapp.BrowserActivity}
11-02 18:16:42.404 I/ActivityManager( 2021): Process com.ipanel.android_webview.shell (pid 3316) has died
11-02 18:16:42.404 D/ConnectivityService( 2021): releasing NetworkRequest NetworkRequest [ id=4, legacyType=-1, [ Capabilities: INTERNET&NOT_RESTRICTED&TRUSTED] ]
11-02 18:16:42.410 E/ConnectivityService( 2021): RemoteException caught trying to send a callback msg for NetworkRequest [ id=4, legacyType=-1, [ Capabilities: INTERNET&NOT_RESTRICTED&TRUSTED] ]
11-02 18:16:42.411 W/WindowManager( 2021): Force-removing child win Window{1e3e8c3 u0 SurfaceView} from container Window{1287c7e6 u0 com.ipanel.android_webview.shell/com.ipanel.webapp.BrowserActivity}
11-02 18:16:42.415 W/WindowManager( 2021): Failed looking up window
11-02 18:16:42.415 W/WindowManager( 2021): java.lang.IllegalArgumentException: Requested window android.os.BinderProxy@30f87c72 does not exist
11-02 18:16:42.415 W/WindowManager( 2021): 	at com.android.server.wm.WindowManagerService.windowForClientLocked(WindowManagerService.java:8654)
11-02 18:16:42.415 W/WindowManager( 2021): 	at com.android.server.wm.WindowManagerService.windowForClientLocked(WindowManagerService.java:8645)
11-02 18:16:42.415 W/WindowManager( 2021): 	at com.android.server.wm.WindowState$DeathRecipient.binderDied(WindowState.java:1142)
11-02 18:16:42.415 W/WindowManager( 2021): 	at android.os.BinderProxy.sendDeathNotice(Binder.java:551)
11-02 18:16:42.415 I/WindowState( 2021): WIN DEATH: null
11-02 18:16:51.633 W/ContextImpl( 2367): Calling a method in the system process without a qualified user: android.app.ContextImpl.sendBroadcast:1345 android.content.ContextWrapper.sendBroadcast:377 com.suma.midware.back.esg.e.f:-1 com.suma.midware.back.esg.f.run:-1 com.suma.midware.prop.util.c.run:-1 
11-02 18:16:52.635 W/ContextImpl( 2367): Calling a method in the system process without a qualified user: android.app.ContextImpl.sendBroadcast:1345 android.content.ContextWrapper.sendBroadcast:377 com.suma.midware.back.esg.e.f:-1 com.suma.midware.back.esg.f.run:-1 com.suma.midware.prop.util.c.run:-1 
11-02 18:16:53.638 W/ContextImpl( 2367): Calling a method in the system process without a qualified user: android.app.ContextImpl.sendBroadcast:1345 android.content.ContextWrapper.sendBroadcast:377 com.suma.midware.back.esg.e.f:-1 com.suma.midware.back.esg.f.run:-1 com.suma.midware.prop.util.c.run:-1 
11-02 18:17:56.701 W/ContextImpl( 2367): Calling a method in the system process without a qualified user: android.app.ContextImpl.sendBroadcast:1345 android.content.ContextWrapper.sendBroadcast:377 com.suma.midware.back.esg.e.f:-1 com.suma.midware.back.esg.f.run:-1 com.suma.midware.prop.util.c.run:-1 
11-02 18:17:57.703 W/ContextImpl( 2367): Calling a method in the system process without a qualified user: android.app.ContextImpl.sendBroadcast:1345 android.content.ContextWrapper.sendBroadcast:377 com.suma.midware.back.esg.e.f:-1 com.suma.midware.back.esg.f.run:-1 com.suma.midware.prop.util.c.run:-1 
11-02 18:17:58.706 W/ContextImpl( 2367): Calling a method in the system process without a qualified user: android.app.ContextImpl.sendBroadcast:1345 android.content.ContextWrapper.sendBroadcast:377 com.suma.midware.back.esg.e.f:-1 com.suma.midware.back.esg.f.run:-1 com.suma.midware.prop.util.c.run:-1 
11-02 18:19:01.763 W/ContextImpl( 2367): Calling a method in the system process without a qualified user: android.app.ContextImpl.sendBroadcast:1345 android.content.ContextWrapper.sendBroadcast:377 com.suma.midware.back.esg.e.f:-1 com.suma.midware.back.esg.f.run:-1 com.suma.midware.prop.util.c.run:-1 
11-02 18:19:02.765 W/ContextImpl( 2367): Calling a method in the system process without a qualified user: android.app.ContextImpl.sendBroadcast:1345 android.content.ContextWrapper.sendBroadcast:377 com.suma.midware.back.esg.e.f:-1 com.suma.midware.back.esg.f.run:-1 com.suma.midware.prop.util.c.run:-1 
11-02 18:19:03.768 W/ContextImpl( 2367): Calling a method in the system process without a qualified user: android.app.ContextImpl.sendBroadcast:1345 android.content.ContextWrapper.sendBroadcast:377 com.suma.midware.back.esg.e.f:-1 com.suma.midware.back.esg.f.run:-1 com.suma.midware.prop.util.c.run:-1 
11-02 18:20:06.832 W/ContextImpl( 2367): Calling a method in the system process without a qualified user: android.app.ContextImpl.sendBroadcast:1345 android.content.ContextWrapper.sendBroadcast:377 com.suma.midware.back.esg.e.f:-1 com.suma.midware.back.esg.f.run:-1 com.suma.midware.prop.util.c.run:-1 
11-02 18:20:07.835 W/ContextImpl( 2367): Calling a method in the system process without a qualified user: android.app.ContextImpl.sendBroadcast:1345 android.content.ContextWrapper.sendBroadcast:377 com.suma.midware.back.esg.e.f:-1 com.suma.midware.back.esg.f.run:-1 com.suma.midware.prop.util.c.run:-1 
11-02 18:20:08.838 W/ContextImpl( 2367): Calling a method in the system process without a qualified user: android.app.ContextImpl.sendBroadcast:1345 android.content.ContextWrapper.sendBroadcast:377 com.suma.midware.back.esg.e.f:-1 com.suma.midware.back.esg.f.run:-1 com.suma.midware.prop.util.c.run:-1 
11-02 18:21:11.894 W/ContextImpl( 2367): Calling a method in the system process without a qualified user: android.app.ContextImpl.sendBroadcast:1345 android.content.ContextWrapper.sendBroadcast:377 com.suma.midware.back.esg.e.f:-1 com.suma.midware.back.esg.f.run:-1 com.suma.midware.prop.util.c.run:-1 
11-02 18:21:12.897 W/ContextImpl( 2367): Calling a method in the system process without a qualified user: android.app.ContextImpl.sendBroadcast:1345 android.content.ContextWrapper.sendBroadcast:377 com.suma.midware.back.esg.e.f:-1 com.suma.midware.back.esg.f.run:-1 com.suma.midware.prop.util.c.run:-1 
11-02 18:21:13.900 W/ContextImpl( 2367): Calling a method in the system process without a qualified user: android.app.ContextImpl.sendBroadcast:1345 android.content.ContextWrapper.sendBroadcast:377 com.suma.midware.back.esg.e.f:-1 com.suma.midware.back.esg.f.run:-1 com.suma.midware.prop.util.c.run:-1 
11-02 18:21:53.673 I/ActivityManager( 2021): START u0 {act= cmp=com.ipanel.android_webview.shell/com.ipanel.webapp.BrowserActivity (has extras)} from uid 1000 on display 0
11-02 18:21:53.682 W/ContextImpl( 2489): Calling a method in the system process without a qualified user: android.app.ContextImpl.sendBroadcast:1345 android.content.ContextWrapper.sendBroadcast:377 android.app.ActivityThread.performPauseActivity:3259 android.app.ActivityThread.performPauseActivity:3225 android.app.ActivityThread.handlePauseActivity:3200 
11-02 18:21:53.687 V/WindowManager( 2021): Adding window Window{1f0fd0f u0 Starting com.ipanel.android_webview.shell} at 8 of 13 (after Window{148933ec u0 com.suma.midware.setting/com.suma.midware.setting.net.NetInfoActivity})
11-02 18:21:53.715 I/ActivityManager( 2021): Start proc 3681:com.ipanel.android_webview.shell/u0a24 for activity com.ipanel.android_webview.shell/com.ipanel.webapp.BrowserActivity
11-02 18:21:54.074 V/WindowManager( 2021): Adding window Window{2eeda0cd u0 com.ipanel.android_webview.shell/com.ipanel.webapp.BrowserActivity} at 8 of 14 (before Window{1f0fd0f u0 Starting com.ipanel.android_webview.shell})
11-02 18:21:54.096 D/ConnectivityService( 2021): listenForNetwork for NetworkRequest [ id=5, legacyType=-1, [ Capabilities: INTERNET&NOT_RESTRICTED&TRUSTED] ]
11-02 18:21:54.096 D/ConnectivityService( 2021): handleRegisterNetworkRequest checking NetworkAgentInfo [WIFI () - 101]
11-02 18:21:54.096 D/ConnectivityService( 2021): apparently satisfied.  currentScore=60
11-02 18:21:54.181 V/WindowManager( 2021): Adding window Window{21708fce u0 SurfaceView} at 8 of 15 (before Window{2eeda0cd u0 com.ipanel.android_webview.shell/com.ipanel.webapp.BrowserActivity})
11-02 18:21:54.265 V/WindowManager( 2021): Adding window Window{1de4fdfc u0 SurfaceView} at 9 of 16 (before Window{2eeda0cd u0 com.ipanel.android_webview.shell/com.ipanel.webapp.BrowserActivity})
11-02 18:21:54.356 W/ViewRootImpl( 3681): Cancelling event due to no window focus: KeyEvent { action=ACTION_UP, keyCode=KEYCODE_DPAD_CENTER, scanCode=28, metaState=0, flags=0x80000028, repeatCount=0, eventTime=854326, downTime=854117, deviceId=3, source=0x701 }
11-02 18:21:54.356 W/ViewRootImpl( 3681): Cancelling event due to no window focus: KeyEvent { action=ACTION_UP, keyCode=KEYCODE_DPAD_CENTER, scanCode=28, metaState=0, flags=0x80000028, repeatCount=0, eventTime=854326, downTime=854117, deviceId=3, source=0x701 }
11-02 18:21:54.356 W/ViewRootImpl( 3681): Cancelling event due to no window focus: KeyEvent { action=ACTION_UP, keyCode=KEYCODE_DPAD_CENTER, scanCode=28, metaState=0, flags=0x80000028, repeatCount=0, eventTime=854326, downTime=854117, deviceId=3, source=0x701 }
11-02 18:21:54.356 W/ViewRootImpl( 3681): Cancelling event due to no window focus: KeyEvent { action=ACTION_UP, keyCode=KEYCODE_DPAD_CENTER, scanCode=28, metaState=0, flags=0x80000028, repeatCount=0, eventTime=854326, downTime=854117, deviceId=3, source=0x701 }
11-02 18:21:54.356 W/ViewRootImpl( 3681): Cancelling event due to no window focus: KeyEvent { action=ACTION_UP, keyCode=KEYCODE_DPAD_CENTER, scanCode=28, metaState=0, flags=0x80000028, repeatCount=0, eventTime=854326, downTime=854117, deviceId=3, source=0x701 }
11-02 18:21:54.356 W/ViewRootImpl( 3681): Cancelling event due to no window focus: KeyEvent { action=ACTION_UP, keyCode=KEYCODE_DPAD_CENTER, scanCode=28, metaState=0, flags=0x80000028, repeatCount=0, eventTime=854326, downTime=854117, deviceId=3, source=0x701 }
11-02 18:21:54.361 W/ViewRootImpl( 3681): Cancelling event due to no window focus: KeyEvent { action=ACTION_UP, keyCode=KEYCODE_DPAD_CENTER, scanCode=28, metaState=0, flags=0x80000028, repeatCount=0, eventTime=854326, downTime=854117, deviceId=3, source=0x701 }
11-02 18:21:54.361 W/ViewRootImpl( 3681): Cancelling event due to no window focus: KeyEvent { action=ACTION_UP, keyCode=KEYCODE_DPAD_CENTER, scanCode=28, metaState=0, flags=0x80000028, repeatCount=0, eventTime=854326, downTime=854117, deviceId=3, source=0x701 }
11-02 18:21:54.361 W/ViewRootImpl( 3681): Cancelling event due to no window focus: KeyEvent { action=ACTION_UP, keyCode=KEYCODE_DPAD_CENTER, scanCode=28, metaState=0, flags=0x80000028, repeatCount=0, eventTime=854326, downTime=854117, deviceId=3, source=0x701 }
11-02 18:21:54.775 W/ViewRootImpl( 2489): Cancelling event due to no window focus: KeyEvent { action=ACTION_UP, keyCode=KEYCODE_DPAD_CENTER, scanCode=28, metaState=0, flags=0x28, repeatCount=0, eventTime=854185, downTime=854117, deviceId=3, source=0x701 }
11-02 18:21:54.775 W/ViewRootImpl( 2489): Cancelling event due to no window focus: KeyEvent { action=ACTION_UP, keyCode=KEYCODE_DPAD_CENTER, scanCode=28, metaState=0, flags=0x28, repeatCount=0, eventTime=854185, downTime=854117, deviceId=3, source=0x701 }
11-02 18:21:54.776 W/ViewRootImpl( 2489): Cancelling event due to no window focus: KeyEvent { action=ACTION_UP, keyCode=KEYCODE_DPAD_CENTER, scanCode=28, metaState=0, flags=0x28, repeatCount=0, eventTime=854185, downTime=854117, deviceId=3, source=0x701 }
11-02 18:21:54.776 W/ViewRootImpl( 2489): Cancelling event due to no window focus: KeyEvent { action=ACTION_UP, keyCode=KEYCODE_DPAD_CENTER, scanCode=28, metaState=0, flags=0x28, repeatCount=0, eventTime=854185, downTime=854117, deviceId=3, source=0x701 }
11-02 18:21:54.776 W/ViewRootImpl( 2489): Cancelling event due to no window focus: KeyEvent { action=ACTION_UP, keyCode=KEYCODE_DPAD_CENTER, scanCode=28, metaState=0, flags=0x28, repeatCount=0, eventTime=854185, downTime=854117, deviceId=3, source=0x701 }
11-02 18:21:54.776 W/ViewRootImpl( 2489): Cancelling event due to no window focus: KeyEvent { action=ACTION_UP, keyCode=KEYCODE_DPAD_CENTER, scanCode=28, metaState=0, flags=0x28, repeatCount=0, eventTime=854185, downTime=854117, deviceId=3, source=0x701 }
11-02 18:21:54.776 W/ViewRootImpl( 2489): Cancelling event due to no window focus: KeyEvent { action=ACTION_UP, keyCode=KEYCODE_DPAD_CENTER, scanCode=28, metaState=0, flags=0x28, repeatCount=0, eventTime=854185, downTime=854117, deviceId=3, source=0x701 }
11-02 18:21:54.776 W/ViewRootImpl( 2489): Cancelling event due to no window focus: KeyEvent { action=ACTION_UP, keyCode=KEYCODE_DPAD_CENTER, scanCode=28, metaState=0, flags=0x28, repeatCount=0, eventTime=854185, downTime=854117, deviceId=3, source=0x701 }
11-02 18:21:54.776 W/ViewRootImpl( 2489): Cancelling event due to no window focus: KeyEvent { action=ACTION_UP, keyCode=KEYCODE_DPAD_CENTER, scanCode=28, metaState=0, flags=0x28, repeatCount=0, eventTime=854185, downTime=854117, deviceId=3, source=0x701 }
11-02 18:22:16.931 W/ContextImpl( 2367): Calling a method in the system process without a qualified user: android.app.ContextImpl.sendBroadcast:1345 android.content.ContextWrapper.sendBroadcast:377 com.suma.midware.back.esg.e.f:-1 com.suma.midware.back.esg.f.run:-1 com.suma.midware.prop.util.c.run:-1 
11-02 18:22:17.934 W/ContextImpl( 2367): Calling a method in the system process without a qualified user: android.app.ContextImpl.sendBroadcast:1345 android.content.ContextWrapper.sendBroadcast:377 com.suma.midware.back.esg.e.f:-1 com.suma.midware.back.esg.f.run:-1 com.suma.midware.prop.util.c.run:-1 
11-02 18:22:18.936 W/ContextImpl( 2367): Calling a method in the system process without a qualified user: android.app.ContextImpl.sendBroadcast:1345 android.content.ContextWrapper.sendBroadcast:377 com.suma.midware.back.esg.e.f:-1 com.suma.midware.back.esg.f.run:-1 com.suma.midware.prop.util.c.run:-1 
11-02 18:23:11.790 W/InputMethodManagerService( 2021): Starting input on non-focused client com.android.internal.view.IInputMethodClient$Stub$Proxy@138eb32 (uid=10024 pid=3681)
11-02 18:23:12.345 I/ActivityManager( 2021): Force stopping com.ipanel.android_webview.shell appid=10024 user=0: from pid 2367
11-02 18:23:12.345 I/ActivityManager( 2021): Killing 3681:com.ipanel.android_webview.shell/u0a24 (adj 0): stop com.ipanel.android_webview.shell
11-02 18:23:12.383 D/ConnectivityService( 2021): ConnectivityService NetworkRequestInfo binderDied(NetworkRequest [ id=5, legacyType=-1, [ Capabilities: INTERNET&NOT_RESTRICTED&TRUSTED] ], android.os.BinderProxy@37919083)
11-02 18:23:12.383 I/WindowState( 2021): WIN DEATH: Window{21708fce u0 SurfaceView}
11-02 18:23:12.383 D/ConnectivityService( 2021): releasing NetworkRequest NetworkRequest [ id=5, legacyType=-1, [ Capabilities: INTERNET&NOT_RESTRICTED&TRUSTED] ]
11-02 18:23:12.389 E/ConnectivityService( 2021): RemoteException caught trying to send a callback msg for NetworkRequest [ id=5, legacyType=-1, [ Capabilities: INTERNET&NOT_RESTRICTED&TRUSTED] ]
11-02 18:23:12.392 I/WindowState( 2021): WIN DEATH: Window{1de4fdfc u0 SurfaceView}
11-02 18:23:12.394 I/WindowState( 2021): WIN DEATH: Window{2eeda0cd u0 com.ipanel.android_webview.shell/com.ipanel.webapp.BrowserActivity}
11-02 18:23:12.398 W/ActivityManager( 2021): Force removing ActivityRecord{4f0e361 u0 com.ipanel.android_webview.shell/com.ipanel.webapp.BrowserActivity t141}: app died, no saved state
11-02 18:23:12.405 W/ActivityManager( 2021): Spurious death for ProcessRecord{b54a200 3681:com.ipanel.android_webview.shell/u0a24}, curProc for 3681: null
11-02 18:23:12.406 I/ActivityManager( 2021): Force stopping com.amlogic.inputmethod.remote appid=10019 user=0: from pid 2367
11-02 18:23:12.406 I/ActivityManager( 2021): Killing 3282:com.amlogic.inputmethod.remote/u0a19 (adj 2): stop com.amlogic.inputmethod.remote
11-02 18:23:12.414 W/ActivityManager( 2021): Scheduling restart of crashed service com.amlogic.inputmethod.remote/.RemoteIME in 1000ms
11-02 18:23:12.415 I/ActivityManager( 2021):   Force stopping service ServiceRecord{2e09e94f u0 com.amlogic.inputmethod.remote/.RemoteIME}
11-02 18:23:12.417 W/InputMethodManagerService( 2021): Session failed to close due to remote exception
11-02 18:23:12.417 W/InputMethodManagerService( 2021): android.os.DeadObjectException
11-02 18:23:12.417 W/InputMethodManagerService( 2021): 	at android.os.BinderProxy.transactNative(Native Method)
11-02 18:23:12.417 W/InputMethodManagerService( 2021): 	at android.os.BinderProxy.transact(Binder.java:496)
11-02 18:23:12.417 W/InputMethodManagerService( 2021): 	at com.android.internal.view.IInputMethodSession$Stub$Proxy.finishSession(IInputMethodSession.java:305)
11-02 18:23:12.417 W/InputMethodManagerService( 2021): 	at com.android.server.InputMethodManagerService.finishSessionLocked(InputMethodManagerService.java:1420)
11-02 18:23:12.417 W/InputMethodManagerService( 2021): 	at com.android.server.InputMethodManagerService.clearClientSessionLocked(InputMethodManagerService.java:1411)
11-02 18:23:12.417 W/InputMethodManagerService( 2021): 	at com.android.server.InputMethodManagerService.clearCurMethodLocked(InputMethodManagerService.java:1437)
11-02 18:23:12.417 W/InputMethodManagerService( 2021): 	at com.android.server.InputMethodManagerService.onServiceDisconnected(InputMethodManagerService.java:1456)
11-02 18:23:12.417 W/InputMethodManagerService( 2021): 	at android.app.LoadedApk$ServiceDispatcher.doDeath(LoadedApk.java:1215)
11-02 18:23:12.417 W/InputMethodManagerService( 2021): 	at android.app.LoadedApk$ServiceDispatcher$RunConnection.run(LoadedApk.java:1229)
11-02 18:23:12.417 W/InputMethodManagerService( 2021): 	at android.os.Handler.handleCallback(Handler.java:739)
11-02 18:23:12.417 W/InputMethodManagerService( 2021): 	at android.os.Handler.dispatchMessage(Handler.java:95)
11-02 18:23:12.417 W/InputMethodManagerService( 2021): 	at android.os.Looper.loop(Looper.java:135)
11-02 18:23:12.417 W/InputMethodManagerService( 2021): 	at com.android.server.SystemServer.run(SystemServer.java:383)
11-02 18:23:12.417 W/InputMethodManagerService( 2021): 	at com.android.server.SystemServer.main(SystemServer.java:178)
11-02 18:23:12.417 W/InputMethodManagerService( 2021): 	at java.lang.reflect.Method.invoke(Native Method)
11-02 18:23:12.417 W/InputMethodManagerService( 2021): 	at java.lang.reflect.Method.invoke(Method.java:372)
11-02 18:23:12.417 W/InputMethodManagerService( 2021): 	at com.android.internal.os.ZygoteInit$MethodAndArgsCaller.run(ZygoteInit.java:903)
11-02 18:23:12.417 W/InputMethodManagerService( 2021): 	at com.android.internal.os.ZygoteInit.main(ZygoteInit.java:698)
