11-02 19:22:43.493 D/V8ScriptRunner( 7709): [callFunction] end. frame = 0x23349d58 function: $.onload url: http://10.14.41.246/application/bxfc/sec/index.htm line: 625
11-02 19:22:43.493 D/FrameLoaderClientImpl( 7709): [dispatchDidHandleOnloadEvents] dispatch onload event url:http://10.14.41.246/application/bxfc/sec/popTv_new.php
11-02 19:22:43.493 D/ResourceLoader( 7709): [StartRequest] start request 0x9f4e7e00 url='http://slave.tvos_cf96066.cn:13160/poster/movie/100000493/undefined'
11-02 19:22:43.493 D/AwRequestInterceptor( 7709): [MaybeInterceptRequest] request=0x9f4e7e00
11-02 19:22:43.494 D/[blink]ResourceFetcher( 7709): [requestResource] url=http://10.14.41.246/application/bxfc/sec/images/global_tm.gif.
11-02 19:22:43.494 D/cr_AwContents( 7709): [AwContents.java:520] BackgroundThreadClientImpl shouldInterceptRequest url = http://slave.tvos_cf96066.cn:13160/poster/movie/100000493/undefined
11-02 19:22:43.494 D/url     ( 7709): [DoResolveRelative] [WEB] DoResolveRelative Error resolving.
11-02 19:22:43.494 D/cr_AwNullContentsClient( 7709): [AwNullContentsClient.java:62] shouldInterceptRequest url=http://slave.tvos_cf96066.cn:13160/poster/movie/100000493/undefined
11-02 19:22:43.494 D/BrowserWebViewClient( 7709): intercept request :http://slave.tvos_cf96066.cn:13160/poster/movie/100000493/undefined
11-02 19:22:43.494 D/AwRequestInterceptor( 7709): [MaybeInterceptRequest] request=0x9f4e7e00
11-02 19:22:43.494 D/ResourceLoader( 7709): [StartRequest] start request 0xb49b6d00 url='http://10.14.41.246/application/bxfc/sec/images/global_tm.gif'
11-02 19:22:43.495 D/AwRequestInterceptor( 7709): [MaybeInterceptRequest] request=0xb49b6d00
11-02 19:22:43.495 D/cr_AwContents( 7709): [AwContents.java:520] BackgroundThreadClientImpl shouldInterceptRequest url = http://10.14.41.246/application/bxfc/sec/images/global_tm.gif
11-02 19:22:43.495 D/cr_AwNullContentsClient( 7709): [AwNullContentsClient.java:62] shouldInterceptRequest url=http://10.14.41.246/application/bxfc/sec/images/global_tm.gif
11-02 19:22:43.495 D/BrowserWebViewClient( 7709): intercept request :http://10.14.41.246/application/bxfc/sec/images/global_tm.gif
11-02 19:22:43.496 D/AwRequestInterceptor( 7709): [MaybeInterceptRequest] request=0xb49b6d00
11-02 19:22:43.499 D/[blink]FrameView( 7709): [layout] start... this:0x4c80bfa8, frame=0x23462728 content size(0, 0). 
11-02 19:22:43.499 D/[blink]FrameView( 7709): [layout] performPreLayoutTasks start... this:0x4c80bfa8
11-02 19:22:43.500 D/[blink]FrameView( 7709): [layout] performPreLayoutTasks end... this:0x4c80bfa8
11-02 19:22:43.500 D/[blink]FrameView( 7709): [layout] performLayout start... this:0x4c80bfa8
11-02 19:22:43.503 D/[blink]FrameView( 7709): [layout] performLayout end... this:0x4c80bfa8
11-02 19:22:43.503 D/[blink]FrameView( 7709): [layout] start... this:0x4c80bfa8, frame=0x23462728 content size(1280, 720). 
11-02 19:22:43.503 D/[blink]FrameView( 7709): [layout] performPreLayoutTasks start... this:0x4c80bfa8
11-02 19:22:43.503 D/[blink]FrameView( 7709): [layout] performPreLayoutTasks end... this:0x4c80bfa8
11-02 19:22:43.503 D/[blink]FrameView( 7709): [layout] performLayout start... this:0x4c80bfa8
11-02 19:22:43.503 D/[blink]FrameView( 7709): [layout] performLayout end... this:0x4c80bfa8
11-02 19:22:43.503 D/[blink]FrameView( 7709): [layout] cannot paint!! do not call compositor()->didLayout()! this:0x0x4c80bfa8
11-02 19:22:43.503 D/[blink]FrameView( 7709): [layout] updateDocumentAnnotatedRegions start... this:0x4c80bfa8
11-02 19:22:43.503 D/[blink]FrameView( 7709): [layout] scheduleOrPerformPostLayoutTasks start... this:0x4c80bfa8
11-02 19:22:43.503 D/[blink]FrameView( 7709): [layout] end... this:0x4c80bfa8
11-02 19:22:43.503 D/ChromeClientImpl( 7709): [contentsSizeChanged] -->size(1280, 720)
11-02 19:22:43.504 D/[blink]FrameView( 7709): [layout] cannot paint!! do not call compositor()->didLayout()! this:0x0x4c80bfa8
11-02 19:22:43.504 D/[blink]FrameView( 7709): [layout] updateDocumentAnnotatedRegions start... this:0x4c80bfa8
11-02 19:22:43.504 D/[blink]FrameView( 7709): [layout] scheduleOrPerformPostLayoutTasks start... this:0x4c80bfa8
11-02 19:22:43.504 D/[blink]FrameView( 7709): [layout] end... this:0x4c80bfa8
11-02 19:22:43.504 D/[blink]FrameView( 7709): [layout] out... this:0x4c80bfa8
11-02 19:22:43.504 D/[blink]FrameLoader( 7709): [checkCompleted] frame=0x23462728 did finish load.
11-02 19:22:43.504 D/FrameLoaderClientImpl( 7709): [dispatchDidFinishLoad] url:http://10.14.41.246/application/bxfc/sec/popTv_new.php
11-02 19:22:43.504 D/FrameLoaderClientImpl( 7709): [didStopLoading] finished url:http://10.14.41.246/application/bxfc/sec/popTv_new.php. frame tree child count = 0
11-02 19:22:43.505 D/[blink]FocusController( 7709): [setFocusedFrame] oldFocusedFrame 0x0x23349d58:http://10.14.41.246/application/bxfc/sec/index.htm
11-02 19:22:43.505 D/[blink]FocusController( 7709): [setFocusedFrame] newFocusedFrame 0x0x23462728:http://10.14.41.246/application/bxfc/sec/popTv_new.php
11-02 19:22:43.505 D/Browser ( 7709): postProgressNotification type=1
11-02 19:22:43.505 D/[blink]FrameView( 7709): [setCanPaint] this:0x4c80bfa8, setCanPaint old canpaint=0, new canpaint=1 .
11-02 19:22:43.505 D/[blink]FrameView( 7709): [paintAfterLoad] paintAfterLoad this:0x4c80bfa8.
11-02 19:22:43.505 D/[blink]FrameView( 7709): [updateStyleAndLayoutIfNeededRecursiveInternal] in... this:0x4c80bfa8.
11-02 19:22:43.505 D/[blink]FrameView( 7709): [updateStyleAndLayoutIfNeededRecursiveInternal] end... this:0x4c80bfa8.
11-02 19:22:43.505 D/[cc]ProxyMain( 7709): [BeginMainFrame] cc.BeginMainFrame this:0x9f624650
11-02 19:22:43.505 D/[cc]LayerTreeHost( 7709): [AnimateLayers] AnimateLayers monotonic_time=4503899819
11-02 19:22:43.505 D/[blink]FrameView( 7709): [updateStyleAndLayoutIfNeededRecursiveInternal] in... this:0x4c805ed0.
11-02 19:22:43.505 D/[blink]FrameView( 7709): [updateStyleAndLayoutIfNeededRecursiveInternal] in... this:0x4c80bfa8.
11-02 19:22:43.505 D/[blink]FrameView( 7709): [updateStyleAndLayoutIfNeededRecursiveInternal] end... this:0x4c80bfa8.
11-02 19:22:43.505 D/[blink]FrameView( 7709): [updateStyleAndLayoutIfNeededRecursiveInternal] end... this:0x4c805ed0.
11-02 19:22:43.505 D/[blink]FrameView( 7709): [updateLifecyclePhasesInternal] in... this:0x4c805ed0, targetState=18
11-02 19:22:43.505 D/[blink]FrameView( 7709): [updateLifecyclePhasesInternal] call compositor()->updateIfNeededRecursive()!
11-02 19:22:43.506 D/ResourceLoader( 7709): [ResponseCompleted] finish request 0xb49b6d00 url='http://10.14.41.246/application/bxfc/sec/images/global_tm.gif'
11-02 19:22:43.511 D/[blink]FrameView( 7709): [updateLifecyclePhasesInternal] end... this:0x4c805ed0
11-02 19:22:43.512 D/[blink]ResourceFetcher( 7709): [didFinishLoading] encoded length=564 url=http://10.14.41.246/application/bxfc/sec/images/global_tm.gif.
11-02 19:22:43.512 D/[blink]memoryCache( 7709): [evict] remove:http://10.14.41.246/application/bxfc/sec/images/global_tm.gif
11-02 19:22:43.512 D/[blink]ImageResource( 7709): [updateImage] allDataReceived!! data size=-1
11-02 19:22:43.512 D/[blink]ImageResource( 7709): [updateImage] allDataReceived!! data size=-1
11-02 19:22:43.512 D/[cc]ProxyMain( 7709): [BeginMainFrame] cc.BeginMainFrame this:0x9f624650
11-02 19:22:43.513 D/[cc]LayerTreeHost( 7709): [AnimateLayers] AnimateLayers monotonic_time=4503949819
11-02 19:22:43.513 D/[blink]FrameView( 7709): [updateStyleAndLayoutIfNeededRecursiveInternal] in... this:0x4c805ed0.
11-02 19:22:43.513 D/[blink]FrameView( 7709): [updateStyleAndLayoutIfNeededRecursiveInternal] in... this:0x4c80bfa8.
11-02 19:22:43.513 D/[blink]FrameView( 7709): [updateStyleAndLayoutIfNeededRecursiveInternal] end... this:0x4c80bfa8.
11-02 19:22:43.513 D/[blink]FrameView( 7709): [updateStyleAndLayoutIfNeededRecursiveInternal] end... this:0x4c805ed0.
11-02 19:22:43.513 D/[blink]FrameView( 7709): [updateLifecyclePhasesInternal] in... this:0x4c805ed0, targetState=18
11-02 19:22:43.513 D/[blink]FrameView( 7709): [updateLifecyclePhasesInternal] call compositor()->updateIfNeededRecursive()!
11-02 19:22:43.514 D/[blink]FrameView( 7709): [updateLifecyclePhasesInternal] end... this:0x4c805ed0
11-02 19:22:43.516 D/ResourceLoader( 7709): [ResponseCompleted] finish request 0x9f4e7e00 url='http://slave.tvos_cf96066.cn:13160/poster/movie/100000493/undefined'
11-02 19:22:43.543 D/[blink]ResourceFetcher( 7709): [didFinishLoading] encoded length=46 url=http://slave.tvos_cf96066.cn:13160/poster/movie/100000493/undefined.
11-02 19:22:43.543 D/[blink]memoryCache( 7709): [evict] remove:http://slave.tvos_cf96066.cn:13160/poster/movie/100000493/undefined
11-02 19:22:43.543 D/[blink]ImageResource( 7709): [updateImage] allDataReceived!! data size=-1
11-02 19:22:43.544 D/[blink]ImageResource( 7709): [updateImage] allDataReceived!! data size=-1
11-02 19:22:43.544 D/[cc]ProxyMain( 7709): [BeginMainFrame] cc.BeginMainFrame this:0x9f624650
11-02 19:22:43.544 D/[cc]LayerTreeHost( 7709): [AnimateLayers] AnimateLayers monotonic_time=4503983153
11-02 19:22:43.544 D/[blink]FrameView( 7709): [updateStyleAndLayoutIfNeededRecursiveInternal] in... this:0x4c805ed0.
11-02 19:22:43.544 D/[blink]FrameView( 7709): [updateStyleAndLayoutIfNeededRecursiveInternal] in... this:0x4c80bfa8.
11-02 19:22:43.545 D/url     ( 7709): [DoResolveRelative] [WEB] DoResolveRelative Error resolving.
11-02 19:22:43.545 D/[blink]FrameView( 7709): [layout] start... this:0x4c80bfa8, frame=0x23462728 content size(1280, 720). 
11-02 19:22:43.545 D/[blink]FrameView( 7709): [layout] performPreLayoutTasks start... this:0x4c80bfa8
11-02 19:22:43.545 D/[blink]FrameView( 7709): [layout] performPreLayoutTasks end... this:0x4c80bfa8
11-02 19:22:43.545 D/[blink]FrameView( 7709): [layout] performLayout start... this:0x4c80bfa8
11-02 19:22:43.545 D/[blink]FrameView( 7709): [layout] performLayout end... this:0x4c80bfa8
11-02 19:22:43.546 D/[blink]FrameView( 7709): [layout] call compositor()->didLayout()!
11-02 19:22:43.546 D/[blink]FrameView( 7709): [layout] updateDocumentAnnotatedRegions start... this:0x4c80bfa8
11-02 19:22:43.546 D/[blink]FrameView( 7709): [layout] scheduleOrPerformPostLayoutTasks start... this:0x4c80bfa8
11-02 19:22:43.546 D/[blink]FrameView( 7709): [layout] end... this:0x4c80bfa8
11-02 19:22:43.546 D/[blink]FrameView( 7709): [layout] out... this:0x4c80bfa8
11-02 19:22:43.546 D/[blink]FrameView( 7709): [updateStyleAndLayoutIfNeededRecursiveInternal] end... this:0x4c80bfa8.
11-02 19:22:43.546 D/[blink]FrameView( 7709): [updateStyleAndLayoutIfNeededRecursiveInternal] end... this:0x4c805ed0.
11-02 19:22:43.546 D/[blink]FrameView( 7709): [updateLifecyclePhasesInternal] in... this:0x4c805ed0, targetState=18
11-02 19:22:43.546 D/[blink]FrameView( 7709): [updateLifecyclePhasesInternal] call compositor()->updateIfNeededRecursive()!
11-02 19:22:43.548 D/[blink]FrameView( 7709): [updateLifecyclePhasesInternal] end... this:0x4c805ed0
11-02 19:22:43.595 I/Advanced( 7709): [QUEUE] share_queue_sendEx size:1 4097 39 0x8eda7f20,postLoopId:0,dstid:1.
11-02 19:22:43.738 I/AdvancedPorting-PORT_MODULE_NET( 7709): network_task while... 
11-02 19:22:43.738 I/AdvancedPorting-PORT_MODULE_NET( 7709): 0 interface name: lo
11-02 19:22:43.738 I/AdvancedPorting-PORT_MODULE_NET( 7709): 1 interface name: wlan0
11-02 19:22:43.738 I/AdvancedPorting-PORT_MODULE_NET( 7709): First interface name: lo
11-02 19:22:43.738 I/AdvancedPorting-PORT_MODULE_NET( 7709): network_task while...  net_i:1
11-02 19:22:43.738 I/AdvancedPorting-PORT_MODULE_NET( 7709): network_task while---name_interface[0]=lo
11-02 19:22:43.738 I/AdvancedPorting-PORT_MODULE_NET( 7709): network_task while---name_interface[1]=wlan0
11-02 19:22:43.738 I/AdvancedPorting-PORT_MODULE_NET( 7709): network_task while---interface_name=wlan0
11-02 19:22:43.738 I/AdvancedPorting-PORT_MODULE_NET( 7709): network_get_netlink_status(in)--if_name=wlan0
11-02 19:22:43.738 I/AdvancedPorting-PORT_MODULE_NET( 7709): net.network.isconnected = no
11-02 19:22:43.738 I/AdvancedPorting-PORT_MODULE_NET( 7709): wlan0 --network_get_netlink_status return retval=1
11-02 19:22:43.738 I/AdvancedPorting-PORT_MODULE_NET( 7709): stat = 1 last_status = 1
11-02 19:22:43.741 D/[blink]DOMTimer( 7709): [fired] 0x4c80c440 timeout fired.
11-02 19:22:43.741 D/ScriptController( 7709): [executeScriptAndReturnValue] [V8] evaluate Script start. frame=0x23341a48 url= line=1. source length=22
11-02 19:22:43.741 D/iPanel  ( 7709): iPanel.debug("checkOverlayCreated")
11-02 19:22:43.741 D/[blink]DOMTimer( 7709): [DOMTimer] 0x4c8108a0 setTimeout 300ms, repeat:0.
11-02 19:22:43.741 D/ScriptController( 7709): [executeScriptAndReturnValue] [V8] evaluate Script end. frame=0x23341a48 
11-02 19:22:43.796 I/Advanced( 7709): [QUEUE] share_queue_sendEx size:1 4097 40 0x8eda7f20,postLoopId:0,dstid:1.
11-02 19:22:43.820 D/BackBootDealerNeimeng( 2367): standbyState:
11-02 19:22:43.821 E/NetUtils( 2021): Interface eth0 LinkDown!
11-02 19:22:43.996 I/Advanced( 7709): [QUEUE] share_queue_sendEx size:1 4097 41 0x8eda7f20,postLoopId:0,dstid:1.
11-02 19:22:44.042 D/[blink]DOMTimer( 7709): [fired] 0x4c8108a0 timeout fired.
11-02 19:22:44.042 D/ScriptController( 7709): [executeScriptAndReturnValue] [V8] evaluate Script start. frame=0x23341a48 url= line=1. source length=22
11-02 19:22:44.042 D/iPanel  ( 7709): iPanel.debug("checkOverlayCreated")
11-02 19:22:44.042 D/[blink]DOMTimer( 7709): [DOMTimer] 0x4c810910 setTimeout 300ms, repeat:0.
11-02 19:22:44.042 D/ScriptController( 7709): [executeScriptAndReturnValue] [V8] evaluate Script end. frame=0x23341a48 
11-02 19:22:44.321 D/BackBootDealerNeimeng( 2367): standbyState:
11-02 19:22:44.322 E/NetUtils( 2021): Interface eth0 LinkDown!
11-02 19:22:44.342 D/[blink]DOMTimer( 7709): [fired] 0x4c810910 timeout fired.
11-02 19:22:44.342 D/ScriptController( 7709): [executeScriptAndReturnValue] [V8] evaluate Script start. frame=0x23341a48 url= line=1. source length=22
11-02 19:22:44.343 D/iPanel  ( 7709): iPanel.debug("checkOverlayCreated")
11-02 19:22:44.343 D/[blink]DOMTimer( 7709): [DOMTimer] 0x4c810980 setTimeout 300ms, repeat:0.
11-02 19:22:44.343 D/ScriptController( 7709): [executeScriptAndReturnValue] [V8] evaluate Script end. frame=0x23341a48 
11-02 19:22:44.406 I/Advanced( 7709): [QUEUE] share_queue_sendEx size:1 4097 43 0x8eda7f20,postLoopId:0,dstid:1.
11-02 19:22:44.643 D/[blink]DOMTimer( 7709): [fired] 0x4c810980 timeout fired.
11-02 19:22:44.643 D/ScriptController( 7709): [executeScriptAndReturnValue] [V8] evaluate Script start. frame=0x23341a48 url= line=1. source length=22
11-02 19:22:44.643 D/iPanel  ( 7709): iPanel.debug("checkOverlayCreated")
11-02 19:22:44.643 D/[blink]DOMTimer( 7709): [DOMTimer] 0x4c8109f0 setTimeout 300ms, repeat:0.
11-02 19:22:44.643 D/ScriptController( 7709): [executeScriptAndReturnValue] [V8] evaluate Script end. frame=0x23341a48 
11-02 19:22:44.668 D/ir_user ( 1584): PlayerTimeLineTrace:linux_keycode:0x1c(DOWN),	protocol: .
11-02 19:22:44.668 V/PT      ( 1580): >>INFO:irkey_task:[    4505.121299] /dev/input/event0: type=0001 code=001c val=00000001
11-02 19:22:44.668 V/PT      ( 1580): >>INFO:irkey_send:0x3001 0x1001 down
11-02 19:22:44.668 V/SUMA    ( 1580): ++++++++++++++  _roc_evtmgr_key_cbk 517:input = 12289, event=4097, act=0x100
11-02 19:22:44.668 V/SUMA    ( 1580): lxm:_roc_evtmgr_key_cbk 519 4505121
11-02 19:22:44.668 V/SUMA    ( 1580): lxm:_roc_evtmgr_add_evt_into_queue 347 4505121
11-02 19:22:44.668 V/PT      ( 1580): >>INFO:irkey_task:[    4505.121299] /dev/input/event0: type=0000 code=0000 val=00000000
11-02 19:22:44.669 V/SUMA    ( 1580): ===================>> type=0 src=0 evt=4097 act=0x100
11-02 19:22:44.669 V/SUMA    ( 1580): [sysset-s][event_manager_cbk 78]lxm cbid=1, cbk_reg=1, cpid=2451
11-02 19:22:44.669 D/NGBEvent( 2451): ngbEventCallBack type:0 source :4097
11-02 19:22:44.669 D/NGBEvent( 2451): [NGBEventManager-JNI]-returning:1
11-02 19:22:44.669 D/NGBEvent( 2451): Input key event: keyCode=4097
11-02 19:22:44.669 D/NGBEvent( 2451): src:4097 = dest:4097
11-02 19:22:44.669 I/System.out( 2451): [DEBUG EventManager] LWJ--Add event to java with evt=NgbEvent-[type = 1, subtype = 401, code = 4097]
11-02 19:22:44.669 D/NGBEvent( 2451): [NGBEvent_log]--[EventManager--JNI]:		start
11-02 19:22:44.669 I/System.out( 2451): [DEBUG EventManager] broadcastEvent  :len 1
11-02 19:22:44.669 D/CombineKeyUtil( 2451): [TN_pool-1-thread-1]dealKeyEvent,combineIndex:-1:keyCode:23
11-02 19:22:44.669 D/KeyEventNgbDealer( 2451): [TN_pool-1-thread-1]handleKeyPressed keyEvent=NgbEvent-[type = 1, subtype = 401, code = 4097],time=4505121
11-02 19:22:44.669 D/RemoteIME( 7534): onKeyDown event = KeyEvent { action=ACTION_DOWN, keyCode=KEYCODE_DPAD_CENTER, scanCode=28, metaState=0, flags=0x8, repeatCount=0, eventTime=4505121, downTime=4505121, deviceId=3, source=0x701 },mSkbContainer=null
11-02 19:22:44.670 D/cr_AwTestContainerView( 7709): [AwTestContainerView.java:63] [mainFrame]: [unknown] dispatchKeyEvent keyCode = 23 event = KeyEvent { action=ACTION_DOWN, keyCode=KEYCODE_DPAD_CENTER, scanCode=28, metaState=0, flags=0x8, repeatCount=0, eventTime=4505121, downTime=4505121, deviceId=3, source=0x701 }
11-02 19:22:44.670 D/ImeAdapterAndroid( 7709): [SendKeyEvent] [BUILD TIME: ] dispatchKeyEvent key_code=23 modifiers=0 unicode_char=0 scan_code=28 is_system=0 tm=4505121
11-02 19:22:44.670 D/RenderWidgetInputHandler( 7709): [HandleInputEvent] input_event type=8 name=KeyDown
11-02 19:22:44.670 D/RenderWidgetInputHandler( 7709): [HandleInputEvent] input_event type=8 prevent_default:0
11-02 19:22:44.670 D/WebViewImpl( 7709): [handleKeyEvent] keycode:13, eventType:8 native keycode:23 frame=0x23462728. url='http://10.14.41.246/application/bxfc/sec/popTv_new.php'.
11-02 19:22:44.670 D/[blink]KeyboardEventManager( 7709): [keyEvent] initialKeyEvent KeyDown nativeKeyCode=23 windowsKeyCode=13 text[0]=13
11-02 19:22:44.670 D/[blink]KeyboardEventManager( 7709): [keyEvent] initialKeyEvent focusedNode=0x0
11-02 19:22:44.671 D/V8ScriptRunner( 7709): [callFunction] start. frame = 0x23462728 function: f.document.onkeydown url: http://10.14.41.246/application/bxfc/sec/popTv_new.php line: 2255
11-02 19:22:44.676 D/base::KeyConverter( 7709): [get] convert 23 => -1.
11-02 19:22:44.677 D/iPanel  ( 7709): iPanel.debug("iPanel.setGlobalVar : name = gotoPlay value = true")
11-02 19:22:44.678 D/ChromeClientImpl( 7709): [addMessageToConsole] [LOG:CONSOLE(4076)] "[TVPop_new.js]---doSelect()---this.focusArea=0,this.showChannelFlag=0", source:http://10.14.41.246/application/bxfc/sec/popTv_new.php (4076)
11-02 19:22:44.679 D/ChromeClientImpl( 7709): [addMessageToConsole] [LOG:CONSOLE(4076)] "[object Object]", source:http://10.14.41.246/application/bxfc/sec/popTv_new.php (4076)
11-02 19:22:44.679 D/ChromeClientImpl( 7709): [addMessageToConsole] [LOG:CONSOLE(4076)] "---popTV.htm-goToBackTv--url =  name:  chanId: programId:100000492;=======this.TVPopdata.seriesId=300000288,this.TVPopdata.isTypevod", source:http://10.14.41.246/application/bxfc/sec/popTv_new.php (4076)
11-02 19:22:44.680 D/ChromeClientImpl( 7709): [addMessageToConsole] [LOG:CONSOLE(4076)] "------------in--openPage", source:http://10.14.41.246/application/bxfc/sec/popTv_new.php (4076)
11-02 19:22:44.680 D/iPanel  ( 7709): getFrameByName 'eventFrame' frame=0x23341a48 window=0x233426f8
11-02 19:22:44.680 D/iPanel  ( 7709): getFrameByName 'mainFrame' frame=0x23349d58 window=0x2335a9f0
11-02 19:22:44.680 D/V8      ( 7709): [__RT_impl_Runtime_ThrowCalledNonCallable] [V8] JS Throw: __RT_impl_Runtime_ThrowCalledNonCallable, ../../v8/src/runtime/runtime-internal.cc(460)
11-02 19:22:44.680 D/V8      ( 7709): [NewError] [V8] Factory::NewError: iPanel.eventFrame.openPage is not a function
11-02 19:22:44.680 D/V8      ( 7709): [Throw] [V8] Isolate::Throw!
11-02 19:22:44.681 D/ChromeClientImpl( 7709): [addMessageToConsole] [ERROR:CONSOLE(881)] "Uncaught TypeError: iPanel.eventFrame.openPage is not a function", source:http://10.14.41.246/application/bxfc/sec/popTv_new.php (881)
11-02 19:22:44.681 D/V8ScriptRunner( 7709): [callFunction] end. frame = 0x23462728 function: f.document.onkeydown url: http://10.14.41.246/application/bxfc/sec/popTv_new.php line: 2255
11-02 19:22:44.681 D/base::KeyConverter( 7709): [get] convert 23 => -1.
11-02 19:22:44.681 D/base::KeyConverter( 7709): [get] convert 23 => -1.
11-02 19:22:44.681 D/[blink]KeyboardEventManager( 7709): [keyEvent] keypress dispatchResult = NotCanceled
11-02 19:22:44.682 D/cr_AwNullContentsClient( 7709): [AwNullContentsClient.java:109] onUnhandledKeyEvent keycode:23
11-02 19:22:44.739 I/AdvancedPorting-PORT_MODULE_NET( 7709): network_task while... 
11-02 19:22:44.739 I/AdvancedPorting-PORT_MODULE_NET( 7709): 0 interface name: lo
11-02 19:22:44.739 I/AdvancedPorting-PORT_MODULE_NET( 7709): 1 interface name: wlan0
11-02 19:22:44.739 I/AdvancedPorting-PORT_MODULE_NET( 7709): First interface name: lo
11-02 19:22:44.739 I/AdvancedPorting-PORT_MODULE_NET( 7709): network_task while...  net_i:1
11-02 19:22:44.739 I/AdvancedPorting-PORT_MODULE_NET( 7709): network_task while---name_interface[0]=lo
11-02 19:22:44.739 I/AdvancedPorting-PORT_MODULE_NET( 7709): network_task while---name_interface[1]=wlan0
11-02 19:22:44.739 I/AdvancedPorting-PORT_MODULE_NET( 7709): network_task while---interface_name=wlan0
11-02 19:22:44.739 I/AdvancedPorting-PORT_MODULE_NET( 7709): network_get_netlink_status(in)--if_name=wlan0
11-02 19:22:44.739 I/AdvancedPorting-PORT_MODULE_NET( 7709): net.network.isconnected = no
11-02 19:22:44.739 I/AdvancedPorting-PORT_MODULE_NET( 7709): wlan0 --network_get_netlink_status return retval=1
11-02 19:22:44.739 I/AdvancedPorting-PORT_MODULE_NET( 7709): stat = 1 last_status = 1
11-02 19:22:44.815 I/Advanced( 7709): [QUEUE] share_queue_sendEx size:1 4097 45 0x8eda7f20,postLoopId:0,dstid:1.
11-02 19:22:44.822 D/BackBootDealerNeimeng( 2367): standbyState:
11-02 19:22:44.823 E/NetUtils( 2021): Interface eth0 LinkDown!
11-02 19:22:44.878 D/ir_user ( 1584): PlayerTimeLineTrace:linux_keycode:0x1c(UP),	protocol: .
11-02 19:22:44.878 V/PT      ( 1580): >>INFO:irkey_task:[    4505.330663] /dev/input/event0: type=0001 code=001c val=00000000
11-02 19:22:44.878 V/PT      ( 1580): >>INFO:irkey_send:0x3001 0x1001 up  
11-02 19:22:44.878 V/SUMA    ( 1580): ++++++++++++++  _roc_evtmgr_key_cbk 517:input = 12289, event=4097, act=0x400
11-02 19:22:44.878 V/SUMA    ( 1580): lxm:_roc_evtmgr_key_cbk 519 4505330
11-02 19:22:44.878 V/SUMA    ( 1580): lxm:_roc_evtmgr_add_key_into_queue 311 4505330
11-02 19:22:44.878 V/PT      ( 1580): >>INFO:irkey_task:[    4505.330663] /dev/input/event0: type=0000 code=0000 val=00000000
11-02 19:22:44.878 V/SUMA    ( 1580): ===================>> type=0 src=0 evt=4097 act=0x400
11-02 19:22:44.878 V/SUMA    ( 1580): [sysset-s][event_manager_cbk 78]lxm cbid=1, cbk_reg=1, cpid=2451
11-02 19:22:44.878 D/NGBEvent( 2451): ngbEventCallBack type:0 source :4097
11-02 19:22:44.878 D/NGBEvent( 2451): [NGBEventManager-JNI]-returning:1
11-02 19:22:44.878 D/NGBEvent( 2451): Input key event: keyCode=4097
11-02 19:22:44.878 D/NGBEvent( 2451): src:4097 = dest:4097
11-02 19:22:44.878 I/System.out( 2451): [DEBUG EventManager] LWJ--Add event to java with evt=NgbEvent-[type = 1, subtype = 402, code = 4097]
11-02 19:22:44.878 D/NGBEvent( 2451): [NGBEvent_log]--[EventManager--JNI]:		start
11-02 19:22:44.878 I/System.out( 2451): [DEBUG EventManager] broadcastEvent  :len 1
11-02 19:22:44.878 D/KeyEventNgbDealer( 2451): [TN_pool-1-thread-1]handleKeyReleased keyEvent=NgbEvent-[type = 1, subtype = 402, code = 4097],time=4505331
11-02 19:22:44.879 D/RemoteIME( 7534): RemoteIME--> onKeyUp keyCode = 23
11-02 19:22:44.879 D/cr_AwTestContainerView( 7709): [AwTestContainerView.java:63] [mainFrame]: [unknown] dispatchKeyEvent keyCode = 23 event = KeyEvent { action=ACTION_UP, keyCode=KEYCODE_DPAD_CENTER, scanCode=28, metaState=0, flags=0x8, repeatCount=0, eventTime=4505330, downTime=4505121, deviceId=3, source=0x701 }
11-02 19:22:44.879 D/ImeAdapterAndroid( 7709): [SendKeyEvent] [BUILD TIME: ] dispatchKeyEvent key_code=23 modifiers=0 unicode_char=0 scan_code=28 is_system=0 tm=4505330
11-02 19:22:44.880 D/RenderWidgetInputHandler( 7709): [HandleInputEvent] input_event type=9 name=KeyUp
11-02 19:22:44.880 D/RenderWidgetInputHandler( 7709): [HandleInputEvent] input_event type=9 prevent_default:0
11-02 19:22:44.880 D/WebViewImpl( 7709): [handleKeyEvent] keycode:13, eventType:9 native keycode:23 frame=0x23462728. url='http://10.14.41.246/application/bxfc/sec/popTv_new.php'.
11-02 19:22:44.880 D/[blink]KeyboardEventManager( 7709): [keyEvent] initialKeyEvent KeyUp nativeKeyCode=23 windowsKeyCode=13 text[0]=13
11-02 19:22:44.880 D/[blink]KeyboardEventManager( 7709): [keyEvent] initialKeyEvent focusedNode=0x0
11-02 19:22:44.943 D/[blink]DOMTimer( 7709): [fired] 0x4c8109f0 timeout fired.
11-02 19:22:44.943 D/ScriptController( 7709): [executeScriptAndReturnValue] [V8] evaluate Script start. frame=0x23341a48 url= line=1. source length=22
11-02 19:22:44.944 D/iPanel  ( 7709): iPanel.debug("checkOverlayCreated")
11-02 19:22:44.944 D/[blink]DOMTimer( 7709): [DOMTimer] 0x4c810a60 setTimeout 300ms, repeat:0.
11-02 19:22:44.944 D/ScriptController( 7709): [executeScriptAndReturnValue] [V8] evaluate Script end. frame=0x23341a48 
11-02 19:22:45.016 I/Advanced( 7709): [QUEUE] share_queue_sendEx size:1 4097 46 0x8eda7f20,postLoopId:0,dstid:1.
11-02 19:22:45.187 D/AppUtil ( 2367): [TN_ThreadUtil-3]getActivityPkg index=0,comp=ComponentInfo{com.ipanel.android_webview.shell/com.ipanel.webapp.BrowserActivity}
11-02 19:22:45.187 D/AppKiller( 2367): [TN_ThreadUtil-3]backKill curPkgName=com.ipanel.android_webview.shell
11-02 19:22:45.216 I/Advanced( 7709): [QUEUE] share_queue_sendEx size:1 4097 47 0x8eda7f20,postLoopId:0,dstid:1.
11-02 19:22:45.244 D/[blink]DOMTimer( 7709): [fired] 0x4c810a60 timeout fired.
11-02 19:22:45.244 D/ScriptController( 7709): [executeScriptAndReturnValue] [V8] evaluate Script start. frame=0x23341a48 url= line=1. source length=22
11-02 19:22:45.244 D/iPanel  ( 7709): iPanel.debug("checkOverlayCreated")
11-02 19:22:45.244 D/[blink]DOMTimer( 7709): [DOMTimer] 0x4c810ad0 setTimeout 300ms, repeat:0.
11-02 19:22:45.244 D/ScriptController( 7709): [executeScriptAndReturnValue] [V8] evaluate Script end. frame=0x23341a48 
11-02 19:22:45.323 D/BackBootDealerNeimeng( 2367): standbyState:
11-02 19:22:45.323 E/NetUtils( 2021): Interface eth0 LinkDown!
11-02 19:22:45.359 D/ir_user ( 1584): PlayerTimeLineTrace:linux_keycode:0x9e(DOWN),	protocol: .
11-02 19:22:45.359 V/PT      ( 1580): >>INFO:irkey_task:[    4505.812153] /dev/input/event0: type=0001 code=009e val=00000001
11-02 19:22:45.359 V/PT      ( 1580): >>INFO:irkey_send:0x3001 0x1000 down
11-02 19:22:45.359 V/SUMA    ( 1580): ++++++++++++++  _roc_evtmgr_key_cbk 517:input = 12289, event=4096, act=0x100
11-02 19:22:45.359 V/SUMA    ( 1580): lxm:_roc_evtmgr_key_cbk 519 4505812
11-02 19:22:45.359 V/SUMA    ( 1580): lxm:_roc_evtmgr_add_evt_into_queue 347 4505812
11-02 19:22:45.359 V/PT      ( 1580): >>INFO:irkey_task:[    4505.812153] /dev/input/event0: type=0000 code=0000 val=00000000
11-02 19:22:45.359 V/SUMA    ( 1580): ===================>> type=0 src=0 evt=4096 act=0x100
11-02 19:22:45.359 V/SUMA    ( 1580): [sysset-s][event_manager_cbk 78]lxm cbid=1, cbk_reg=1, cpid=2451
11-02 19:22:45.360 D/NGBEvent( 2451): ngbEventCallBack type:0 source :4096
11-02 19:22:45.360 D/NGBEvent( 2451): [NGBEventManager-JNI]-returning:1
11-02 19:22:45.360 D/NGBEvent( 2451): Input key event: keyCode=4096
11-02 19:22:45.360 D/NGBEvent( 2451): src:4096 = dest:4096
11-02 19:22:45.360 I/System.out( 2451): [DEBUG EventManager] LWJ--Add event to java with evt=NgbEvent-[type = 1, subtype = 401, code = 4096]
11-02 19:22:45.360 D/NGBEvent( 2451): [NGBEvent_log]--[EventManager--JNI]:		start
11-02 19:22:45.360 I/System.out( 2451): [DEBUG EventManager] broadcastEvent  :len 1
11-02 19:22:45.360 D/CombineKeyUtil( 2451): [TN_pool-1-thread-1]dealKeyEvent,combineIndex:-1:keyCode:4
11-02 19:22:45.360 D/KeyEventNgbDealer( 2451): [TN_pool-1-thread-1]handleKeyPressed keyEvent=NgbEvent-[type = 1, subtype = 401, code = 4096],time=4505812
11-02 19:22:45.360 D/RemoteIME( 7534): onKeyDown event = KeyEvent { action=ACTION_DOWN, keyCode=KEYCODE_BACK, scanCode=158, metaState=0, flags=0x8, repeatCount=0, eventTime=4505812, downTime=4505812, deviceId=3, source=0x701 },mSkbContainer=null
11-02 19:22:45.361 D/cr_AwTestContainerView( 7709): [AwTestContainerView.java:63] [mainFrame]: [unknown] dispatchKeyEvent keyCode = 4 event = KeyEvent { action=ACTION_DOWN, keyCode=KEYCODE_BACK, scanCode=158, metaState=0, flags=0x8, repeatCount=0, eventTime=4505812, downTime=4505812, deviceId=3, source=0x701 }
11-02 19:22:45.361 D/ImeAdapterAndroid( 7709): [SendKeyEvent] [BUILD TIME: ] dispatchKeyEvent key_code=4 modifiers=0 unicode_char=0 scan_code=158 is_system=0 tm=4505812
11-02 19:22:45.361 D/RenderWidgetInputHandler( 7709): [HandleInputEvent] input_event type=8 name=KeyDown
11-02 19:22:45.361 D/RenderWidgetInputHandler( 7709): [HandleInputEvent] input_event type=8 prevent_default:0
11-02 19:22:45.361 D/WebViewImpl( 7709): [handleKeyEvent] keycode:166, eventType:8 native keycode:4 frame=0x23462728. url='http://10.14.41.246/application/bxfc/sec/popTv_new.php'.
11-02 19:22:45.361 D/[blink]KeyboardEventManager( 7709): [keyEvent] initialKeyEvent KeyDown nativeKeyCode=4 windowsKeyCode=166 text[0]=0
11-02 19:22:45.361 D/[blink]KeyboardEventManager( 7709): [keyEvent] initialKeyEvent focusedNode=0x0
11-02 19:22:45.362 D/V8ScriptRunner( 7709): [callFunction] start. frame = 0x23462728 function: f.document.onkeydown url: http://10.14.41.246/application/bxfc/sec/popTv_new.php line: 2255
11-02 19:22:45.362 D/base::KeyConverter( 7709): [get] convert 4 => 8.
11-02 19:22:45.362 D/[blink]KeyboardEvent( 7709): [keyCode] convert keycode: 4 -> 8.
11-02 19:22:45.363 D/[cc]beginFrameSource( 7709): [AddObserver] ExternalBeginFrameSource::AddObserver
11-02 19:22:45.363 D/ChromeClientImpl( 7709): [addMessageToConsole] [LOG:CONSOLE(4076)] "key_homepage---hidePop---typeof top.window.hidePop:function", source:http://10.14.41.246/application/bxfc/sec/popTv_new.php (4076)
11-02 19:22:45.364 D/ChromeClientImpl( 7709): [addMessageToConsole] [LOG:CONSOLE(11)] "--------1-------hidePop--window.frames:[object Window]", source:http://10.14.41.246/application/bxfc/sec/js/common.js (11)
11-02 19:22:45.364 D/ChromeClientImpl( 7709): [addMessageToConsole] [LOG:CONSOLE(11)] "------2---------hidePop-----ifr_0---", source:http://10.14.41.246/application/bxfc/sec/js/common.js (11)
11-02 19:22:45.365 D/ChromeClientImpl( 7709): [addMessageToConsole] [LOG:CONSOLE(4076)] "_popTd0=_pos==0==disFocus==tmpPos===0", source:http://10.14.41.246/application/bxfc/sec/popTv_new.php (4076)
11-02 19:22:45.366 D/ChromeClientImpl( 7709): [addMessageToConsole] [LOG:CONSOLE(4076)] "_popTd0", source:http://10.14.41.246/application/bxfc/sec/popTv_new.php (4076)
11-02 19:22:45.366 D/ChromeClientImpl( 7709): [addMessageToConsole] [LOG:CONSOLE(4076)] "_popTd0==showFocus==tmpPos===0=this.dataArr.obj[tmpPos].isNewFlag==false", source:http://10.14.41.246/application/bxfc/sec/popTv_new.php (4076)
11-02 19:22:45.367 D/ChromeClientImpl( 7709): [addMessageToConsole] [LOG:CONSOLE(11)] "------------hidePop--popFlag==false", source:http://10.14.41.246/application/bxfc/sec/js/common.js (11)
11-02 19:22:45.367 D/iPanel  ( 7709): iPanel.debug("iPanel.getGlobalVar : name = gotoBuy value = undefined")
11-02 19:22:45.368 D/V8ScriptRunner( 7709): [callFunction] end. frame = 0x23462728 function: f.document.onkeydown url: http://10.14.41.246/application/bxfc/sec/popTv_new.php line: 2255
11-02 19:22:45.368 D/[blink]KeyboardEventManager( 7709): [keyEvent] dispatchResult = CanceledByEventHandler
11-02 19:22:45.368 D/[cc]ProxyMain( 7709): [BeginMainFrame] cc.BeginMainFrame this:0x9f624650
11-02 19:22:45.368 D/[cc]LayerTreeHost( 7709): [AnimateLayers] AnimateLayers monotonic_time=4505816486
11-02 19:22:45.368 D/[blink]FrameView( 7709): [updateStyleAndLayoutIfNeededRecursiveInternal] in... this:0x4c805ed0.
11-02 19:22:45.368 D/[blink]FrameView( 7709): [updateStyleAndLayoutIfNeededRecursiveInternal] in... this:0x4c80bfa8.
11-02 19:22:45.368 D/base::Ini( 7709): [getOption] getOption name='animation-no-opacity-when-transform' value=''.
11-02 19:22:45.369 D/[blink]FrameView( 7709): [layout] start... this:0x4c80bfa8, frame=0x23462728 content size(1280, 720). 
11-02 19:22:45.369 D/[blink]FrameView( 7709): [layout] performPreLayoutTasks start... this:0x4c80bfa8
11-02 19:22:45.369 D/[blink]FrameView( 7709): [layout] performPreLayoutTasks end... this:0x4c80bfa8
11-02 19:22:45.369 D/[blink]FrameView( 7709): [layout] performLayout start... this:0x4c80bfa8
11-02 19:22:45.369 D/[blink]FrameView( 7709): [layout] performLayout end... this:0x4c80bfa8
11-02 19:22:45.369 D/[blink]FrameView( 7709): [layout] call compositor()->didLayout()!
11-02 19:22:45.369 D/[blink]FrameView( 7709): [layout] updateDocumentAnnotatedRegions start... this:0x4c80bfa8
11-02 19:22:45.369 D/[blink]FrameView( 7709): [layout] scheduleOrPerformPostLayoutTasks start... this:0x4c80bfa8
11-02 19:22:45.369 D/[blink]FrameView( 7709): [layout] end... this:0x4c80bfa8
11-02 19:22:45.369 D/[blink]FrameView( 7709): [layout] out... this:0x4c80bfa8
11-02 19:22:45.369 D/[blink]FrameView( 7709): [updateStyleAndLayoutIfNeededRecursiveInternal] end... this:0x4c80bfa8.
11-02 19:22:45.369 D/[blink]FrameView( 7709): [updateStyleAndLayoutIfNeededRecursiveInternal] end... this:0x4c805ed0.
11-02 19:22:45.369 D/[blink]FrameView( 7709): [updateLifecyclePhasesInternal] in... this:0x4c805ed0, targetState=18
11-02 19:22:45.369 D/[blink]FrameView( 7709): [updateLifecyclePhasesInternal] call compositor()->updateIfNeededRecursive()!
11-02 19:22:45.371 D/[blink]FrameView( 7709): [updateLifecyclePhasesInternal] end... this:0x4c805ed0
11-02 19:22:45.384 D/[cc]ProxyMain( 7709): [BeginMainFrame] cc.BeginMainFrame this:0x9f624650
11-02 19:22:45.385 D/[cc]LayerTreeHost( 7709): [AnimateLayers] AnimateLayers monotonic_time=4505833153
11-02 19:22:45.385 D/[blink]FrameView( 7709): [updateStyleAndLayoutIfNeededRecursiveInternal] in... this:0x4c805ed0.
11-02 19:22:45.385 D/[blink]FrameView( 7709): [updateStyleAndLayoutIfNeededRecursiveInternal] in... this:0x4c80bfa8.
11-02 19:22:45.386 D/[blink]FrameView( 7709): [updateStyleAndLayoutIfNeededRecursiveInternal] end... this:0x4c80bfa8.
11-02 19:22:45.386 D/[blink]FrameView( 7709): [updateStyleAndLayoutIfNeededRecursiveInternal] end... this:0x4c805ed0.
11-02 19:22:45.386 D/[blink]FrameView( 7709): [updateLifecyclePhasesInternal] in... this:0x4c805ed0, targetState=18
11-02 19:22:45.386 D/[blink]FrameView( 7709): [updateLifecyclePhasesInternal] call compositor()->updateIfNeededRecursive()!
11-02 19:22:45.386 D/[blink]FrameView( 7709): [updateLifecyclePhasesInternal] end... this:0x4c805ed0
11-02 19:22:45.398 D/[cc]ProxyMain( 7709): [BeginMainFrame] cc.BeginMainFrame this:0x9f624650
11-02 19:22:45.398 D/[cc]LayerTreeHost( 7709): [AnimateLayers] AnimateLayers monotonic_time=4505849819
11-02 19:22:45.398 D/[blink]FrameView( 7709): [updateStyleAndLayoutIfNeededRecursiveInternal] in... this:0x4c805ed0.
11-02 19:22:45.398 D/[blink]FrameView( 7709): [updateStyleAndLayoutIfNeededRecursiveInternal] in... this:0x4c80bfa8.
11-02 19:22:45.398 D/[blink]FrameView( 7709): [updateStyleAndLayoutIfNeededRecursiveInternal] end... this:0x4c80bfa8.
11-02 19:22:45.398 D/[blink]FrameView( 7709): [updateStyleAndLayoutIfNeededRecursiveInternal] end... this:0x4c805ed0.
11-02 19:22:45.398 D/[blink]FrameView( 7709): [updateLifecyclePhasesInternal] in... this:0x4c805ed0, targetState=18
11-02 19:22:45.398 D/[blink]FrameView( 7709): [updateLifecyclePhasesInternal] call compositor()->updateIfNeededRecursive()!
11-02 19:22:45.398 D/[blink]FrameView( 7709): [updateLifecyclePhasesInternal] end... this:0x4c805ed0
11-02 19:22:45.415 D/[cc]ProxyMain( 7709): [BeginMainFrame] cc.BeginMainFrame this:0x9f624650
11-02 19:22:45.415 D/[cc]LayerTreeHost( 7709): [AnimateLayers] AnimateLayers monotonic_time=4505866486
11-02 19:22:45.415 D/[blink]FrameView( 7709): [updateStyleAndLayoutIfNeededRecursiveInternal] in... this:0x4c805ed0.
11-02 19:22:45.415 D/[blink]FrameView( 7709): [updateStyleAndLayoutIfNeededRecursiveInternal] in... this:0x4c80bfa8.
11-02 19:22:45.415 D/[blink]FrameView( 7709): [updateStyleAndLayoutIfNeededRecursiveInternal] end... this:0x4c80bfa8.
11-02 19:22:45.415 D/[blink]FrameView( 7709): [updateStyleAndLayoutIfNeededRecursiveInternal] end... this:0x4c805ed0.
11-02 19:22:45.415 D/[blink]FrameView( 7709): [updateLifecyclePhasesInternal] in... this:0x4c805ed0, targetState=18
11-02 19:22:45.415 D/[blink]FrameView( 7709): [updateLifecyclePhasesInternal] call compositor()->updateIfNeededRecursive()!
11-02 19:22:45.416 D/[blink]FrameView( 7709): [updateLifecyclePhasesInternal] end... this:0x4c805ed0
11-02 19:22:45.416 I/Advanced( 7709): [QUEUE] share_queue_sendEx size:1 4097 48 0x8eda7f20,postLoopId:0,dstid:1.
11-02 19:22:45.431 D/[cc]ProxyMain( 7709): [BeginMainFrame] cc.BeginMainFrame this:0x9f624650
11-02 19:22:45.431 D/[cc]LayerTreeHost( 7709): [AnimateLayers] AnimateLayers monotonic_time=4505883153
11-02 19:22:45.431 D/[blink]FrameView( 7709): [updateStyleAndLayoutIfNeededRecursiveInternal] in... this:0x4c805ed0.
11-02 19:22:45.431 D/[blink]FrameView( 7709): [updateStyleAndLayoutIfNeededRecursiveInternal] in... this:0x4c80bfa8.
11-02 19:22:45.431 D/[blink]FrameView( 7709): [updateStyleAndLayoutIfNeededRecursiveInternal] end... this:0x4c80bfa8.
11-02 19:22:45.431 D/[blink]FrameView( 7709): [updateStyleAndLayoutIfNeededRecursiveInternal] end... this:0x4c805ed0.
11-02 19:22:45.432 D/[blink]FrameView( 7709): [updateLifecyclePhasesInternal] in... this:0x4c805ed0, targetState=18
11-02 19:22:45.432 D/[blink]FrameView( 7709): [updateLifecyclePhasesInternal] call compositor()->updateIfNeededRecursive()!
11-02 19:22:45.432 D/[blink]FrameView( 7709): [updateLifecyclePhasesInternal] end... this:0x4c805ed0
11-02 19:22:45.447 D/[cc]ProxyMain( 7709): [BeginMainFrame] cc.BeginMainFrame this:0x9f624650
11-02 19:22:45.448 D/[cc]LayerTreeHost( 7709): [AnimateLayers] AnimateLayers monotonic_time=4505899819
11-02 19:22:45.448 D/[blink]FrameView( 7709): [updateStyleAndLayoutIfNeededRecursiveInternal] in... this:0x4c805ed0.
11-02 19:22:45.448 D/[blink]FrameView( 7709): [updateStyleAndLayoutIfNeededRecursiveInternal] in... this:0x4c80bfa8.
11-02 19:22:45.448 D/[blink]FrameView( 7709): [updateStyleAndLayoutIfNeededRecursiveInternal] end... this:0x4c80bfa8.
11-02 19:22:45.448 D/[blink]FrameView( 7709): [updateStyleAndLayoutIfNeededRecursiveInternal] end... this:0x4c805ed0.
11-02 19:22:45.448 D/[blink]FrameView( 7709): [updateLifecyclePhasesInternal] in... this:0x4c805ed0, targetState=18
11-02 19:22:45.448 D/[blink]FrameView( 7709): [updateLifecyclePhasesInternal] call compositor()->updateIfNeededRecursive()!
11-02 19:22:45.448 D/[blink]FrameView( 7709): [updateLifecyclePhasesInternal] end... this:0x4c805ed0
11-02 19:22:45.464 D/[cc]ProxyMain( 7709): [BeginMainFrame] cc.BeginMainFrame this:0x9f624650
11-02 19:22:45.464 D/[cc]LayerTreeHost( 7709): [AnimateLayers] AnimateLayers monotonic_time=4505916486
11-02 19:22:45.464 D/[blink]FrameView( 7709): [updateStyleAndLayoutIfNeededRecursiveInternal] in... this:0x4c805ed0.
11-02 19:22:45.464 D/[blink]FrameView( 7709): [updateStyleAndLayoutIfNeededRecursiveInternal] in... this:0x4c80bfa8.
11-02 19:22:45.464 D/[blink]FrameView( 7709): [updateStyleAndLayoutIfNeededRecursiveInternal] end... this:0x4c80bfa8.
11-02 19:22:45.464 D/[blink]FrameView( 7709): [updateStyleAndLayoutIfNeededRecursiveInternal] end... this:0x4c805ed0.
11-02 19:22:45.464 D/[blink]FrameView( 7709): [updateLifecyclePhasesInternal] in... this:0x4c805ed0, targetState=18
11-02 19:22:45.464 D/[blink]FrameView( 7709): [updateLifecyclePhasesInternal] call compositor()->updateIfNeededRecursive()!
11-02 19:22:45.465 D/[blink]FrameView( 7709): [updateLifecyclePhasesInternal] end... this:0x4c805ed0
11-02 19:22:45.481 D/[cc]ProxyMain( 7709): [BeginMainFrame] cc.BeginMainFrame this:0x9f624650
11-02 19:22:45.481 D/[cc]LayerTreeHost( 7709): [AnimateLayers] AnimateLayers monotonic_time=4505933153
11-02 19:22:45.481 D/[blink]FrameView( 7709): [updateStyleAndLayoutIfNeededRecursiveInternal] in... this:0x4c805ed0.
11-02 19:22:45.481 D/[blink]FrameView( 7709): [updateStyleAndLayoutIfNeededRecursiveInternal] in... this:0x4c80bfa8.
11-02 19:22:45.481 D/[blink]FrameView( 7709): [updateStyleAndLayoutIfNeededRecursiveInternal] end... this:0x4c80bfa8.
11-02 19:22:45.481 D/[blink]FrameView( 7709): [updateStyleAndLayoutIfNeededRecursiveInternal] end... this:0x4c805ed0.
11-02 19:22:45.481 D/[blink]FrameView( 7709): [updateLifecyclePhasesInternal] in... this:0x4c805ed0, targetState=18
11-02 19:22:45.481 D/[blink]FrameView( 7709): [updateLifecyclePhasesInternal] call compositor()->updateIfNeededRecursive()!
11-02 19:22:45.481 D/[blink]FrameView( 7709): [updateLifecyclePhasesInternal] end... this:0x4c805ed0
11-02 19:22:45.497 D/[cc]ProxyMain( 7709): [BeginMainFrame] cc.BeginMainFrame this:0x9f624650
11-02 19:22:45.498 D/[cc]LayerTreeHost( 7709): [AnimateLayers] AnimateLayers monotonic_time=4505949819
11-02 19:22:45.498 D/[blink]FrameView( 7709): [updateStyleAndLayoutIfNeededRecursiveInternal] in... this:0x4c805ed0.
11-02 19:22:45.498 D/[blink]FrameView( 7709): [updateStyleAndLayoutIfNeededRecursiveInternal] in... this:0x4c80bfa8.
11-02 19:22:45.498 D/[blink]FrameView( 7709): [updateStyleAndLayoutIfNeededRecursiveInternal] end... this:0x4c80bfa8.
11-02 19:22:45.498 D/[blink]FrameView( 7709): [updateStyleAndLayoutIfNeededRecursiveInternal] end... this:0x4c805ed0.
11-02 19:22:45.498 D/[blink]FrameView( 7709): [updateLifecyclePhasesInternal] in... this:0x4c805ed0, targetState=18
11-02 19:22:45.498 D/[blink]FrameView( 7709): [updateLifecyclePhasesInternal] call compositor()->updateIfNeededRecursive()!
11-02 19:22:45.498 D/[blink]FrameView( 7709): [updateLifecyclePhasesInternal] end... this:0x4c805ed0
11-02 19:22:45.514 D/[cc]ProxyMain( 7709): [BeginMainFrame] cc.BeginMainFrame this:0x9f624650
11-02 19:22:45.514 D/[cc]LayerTreeHost( 7709): [AnimateLayers] AnimateLayers monotonic_time=4505966486
11-02 19:22:45.514 D/[blink]FrameView( 7709): [updateStyleAndLayoutIfNeededRecursiveInternal] in... this:0x4c805ed0.
11-02 19:22:45.514 D/[blink]FrameView( 7709): [updateStyleAndLayoutIfNeededRecursiveInternal] in... this:0x4c80bfa8.
11-02 19:22:45.515 D/[blink]FrameView( 7709): [updateStyleAndLayoutIfNeededRecursiveInternal] end... this:0x4c80bfa8.
11-02 19:22:45.515 D/[blink]FrameView( 7709): [updateStyleAndLayoutIfNeededRecursiveInternal] end... this:0x4c805ed0.
11-02 19:22:45.515 D/[blink]FrameView( 7709): [updateLifecyclePhasesInternal] in... this:0x4c805ed0, targetState=18
11-02 19:22:45.515 D/[blink]FrameView( 7709): [updateLifecyclePhasesInternal] call compositor()->updateIfNeededRecursive()!
11-02 19:22:45.515 D/[blink]FrameView( 7709): [updateLifecyclePhasesInternal] end... this:0x4c805ed0
11-02 19:22:45.531 D/[cc]ProxyMain( 7709): [BeginMainFrame] cc.BeginMainFrame this:0x9f624650
11-02 19:22:45.531 D/[cc]LayerTreeHost( 7709): [AnimateLayers] AnimateLayers monotonic_time=4505983153
11-02 19:22:45.531 D/[blink]FrameView( 7709): [updateStyleAndLayoutIfNeededRecursiveInternal] in... this:0x4c805ed0.
11-02 19:22:45.531 D/[blink]FrameView( 7709): [updateStyleAndLayoutIfNeededRecursiveInternal] in... this:0x4c80bfa8.
11-02 19:22:45.531 D/[blink]FrameView( 7709): [updateStyleAndLayoutIfNeededRecursiveInternal] end... this:0x4c80bfa8.
11-02 19:22:45.531 D/[blink]FrameView( 7709): [updateStyleAndLayoutIfNeededRecursiveInternal] end... this:0x4c805ed0.
11-02 19:22:45.531 D/[blink]FrameView( 7709): [updateLifecyclePhasesInternal] in... this:0x4c805ed0, targetState=18
11-02 19:22:45.531 D/[blink]FrameView( 7709): [updateLifecyclePhasesInternal] call compositor()->updateIfNeededRecursive()!
11-02 19:22:45.531 D/[blink]FrameView( 7709): [updateLifecyclePhasesInternal] end... this:0x4c805ed0
11-02 19:22:45.544 D/[blink]DOMTimer( 7709): [fired] 0x4c810ad0 timeout fired.
11-02 19:22:45.544 D/ScriptController( 7709): [executeScriptAndReturnValue] [V8] evaluate Script start. frame=0x23341a48 url= line=1. source length=22
11-02 19:22:45.545 D/iPanel  ( 7709): iPanel.debug("checkOverlayCreated")
11-02 19:22:45.545 D/[blink]DOMTimer( 7709): [DOMTimer] 0x4c810c08 setTimeout 300ms, repeat:0.
11-02 19:22:45.545 D/ScriptController( 7709): [executeScriptAndReturnValue] [V8] evaluate Script end. frame=0x23341a48 
11-02 19:22:45.547 D/[cc]ProxyMain( 7709): [BeginMainFrame] cc.BeginMainFrame this:0x9f624650
11-02 19:22:45.548 D/[cc]LayerTreeHost( 7709): [AnimateLayers] AnimateLayers monotonic_time=4505999819
11-02 19:22:45.548 D/[blink]FrameView( 7709): [updateStyleAndLayoutIfNeededRecursiveInternal] in... this:0x4c805ed0.
11-02 19:22:45.548 D/[blink]FrameView( 7709): [updateStyleAndLayoutIfNeededRecursiveInternal] in... this:0x4c80bfa8.
11-02 19:22:45.548 D/[blink]FrameView( 7709): [updateStyleAndLayoutIfNeededRecursiveInternal] end... this:0x4c80bfa8.
11-02 19:22:45.548 D/[blink]FrameView( 7709): [updateStyleAndLayoutIfNeededRecursiveInternal] end... this:0x4c805ed0.
11-02 19:22:45.548 D/[blink]FrameView( 7709): [updateLifecyclePhasesInternal] in... this:0x4c805ed0, targetState=18
11-02 19:22:45.548 D/[blink]FrameView( 7709): [updateLifecyclePhasesInternal] call compositor()->updateIfNeededRecursive()!
11-02 19:22:45.548 D/[blink]FrameView( 7709): [updateLifecyclePhasesInternal] end... this:0x4c805ed0
11-02 19:22:45.565 D/[cc]ProxyMain( 7709): [BeginMainFrame] cc.BeginMainFrame this:0x9f624650
11-02 19:22:45.566 D/[cc]LayerTreeHost( 7709): [AnimateLayers] AnimateLayers monotonic_time=4506016486
11-02 19:22:45.566 D/[blink]FrameView( 7709): [updateStyleAndLayoutIfNeededRecursiveInternal] in... this:0x4c805ed0.
11-02 19:22:45.566 D/[blink]FrameView( 7709): [updateStyleAndLayoutIfNeededRecursiveInternal] in... this:0x4c80bfa8.
11-02 19:22:45.566 D/[blink]FrameView( 7709): [updateStyleAndLayoutIfNeededRecursiveInternal] end... this:0x4c80bfa8.
11-02 19:22:45.566 D/[blink]FrameView( 7709): [updateStyleAndLayoutIfNeededRecursiveInternal] end... this:0x4c805ed0.
11-02 19:22:45.566 D/[blink]FrameView( 7709): [updateLifecyclePhasesInternal] in... this:0x4c805ed0, targetState=18
11-02 19:22:45.566 D/[blink]FrameView( 7709): [updateLifecyclePhasesInternal] call compositor()->updateIfNeededRecursive()!
11-02 19:22:45.566 D/[blink]FrameView( 7709): [updateLifecyclePhasesInternal] end... this:0x4c805ed0
11-02 19:22:45.569 D/ir_user ( 1584): PlayerTimeLineTrace:linux_keycode:0x9e(UP),	protocol: .
11-02 19:22:45.569 V/PT      ( 1580): >>INFO:irkey_task:[    4506.021601] /dev/input/event0: type=0001 code=009e val=00000000
11-02 19:22:45.569 V/PT      ( 1580): >>INFO:irkey_send:0x3001 0x1000 up  
11-02 19:22:45.569 V/SUMA    ( 1580): ++++++++++++++  _roc_evtmgr_key_cbk 517:input = 12289, event=4096, act=0x400
11-02 19:22:45.569 V/SUMA    ( 1580): lxm:_roc_evtmgr_key_cbk 519 4506021
11-02 19:22:45.569 V/SUMA    ( 1580): lxm:_roc_evtmgr_add_key_into_queue 311 4506022
11-02 19:22:45.569 V/PT      ( 1580): >>INFO:irkey_task:[    4506.021601] /dev/input/event0: type=0000 code=0000 val=00000000
11-02 19:22:45.569 V/SUMA    ( 1580): ======