11-02 20:07:02.081 I/System.out( 2450): [DEBUG EventManager] broadcastEvent  :len 1
11-02 20:07:02.081 D/CombineKeyUtil( 2450): [TN_pool-1-thread-1]dealKeyEvent,combineIndex:-1:keyCode:20
11-02 20:07:02.081 D/KeyEventNgbDealer( 2450): [TN_pool-1-thread-1]handleKeyPressed keyEvent=NgbEvent-[type = 1, subtype = 401, code = 40],time=1878029
11-02 20:07:02.081 D/RemoteIME( 3610): onKeyDown event = KeyEvent { action=ACTION_DOWN, keyCode=KEYCODE_DPAD_DOWN, scanCode=108, metaState=0, flags=0x8, repeatCount=0, eventTime=1878028, downTime=1878028, deviceId=3, source=0x701 },mSkbContainer=null
11-02 20:07:02.082 D/BaseActivity( 2700): dealKeyEvent,baseItem:com.suma.midware.setting.util.SystemListItem{39926ed5 VFE...C. .F....I. 194,377-1086,442 #7f0b0071 app:id/setting_net_wifi_mode}:itemID:65540:event:KeyEvent { action=ACTION_DOWN, keyCode=KEYCODE_DPAD_DOWN, scanCode=108, metaState=0, flags=0x8, repeatCount=0, eventTime=1878028, downTime=1878028, deviceId=3, source=0x701 }
11-02 20:07:02.082 D/SystemListItem( 2700): onFocusChangecom.suma.midware.setting.util.SystemListItem{39926ed5 VFE...C. ......ID 194,377-1086,442 #7f0b0071 app:id/setting_net_wifi_mode}:itemID:65540:arg1:false
11-02 20:07:02.082 D/SystemListItem( 2700): onFocusChangecom.suma.midware.setting.util.SystemListItem{2edc46ea VFE...C. .F....ID 194,442-1086,507 #7f0b0072 app:id/setting_net_hotpot_resume}:itemID:65541:arg1:true
11-02 20:07:02.087 D/RemoteIME( 3610): onFinishInput.
11-02 20:07:02.087 D/RemoteIME( 3610): onStartInput  ccontentType: 0 Restarting:false
11-02 20:07:02.182 D/ir_user ( 1585): PlayerTimeLineTrace:linux_keycode:0x6c(UP),	protocol: .
11-02 20:07:02.182 V/PT      ( 1581): >>INFO:irkey_task:[    1878.129998] /dev/input/event0: type=0001 code=006c val=00000000
11-02 20:07:02.182 V/PT      ( 1581): >>INFO:irkey_send:0x3001 0x0028 up  
11-02 20:07:02.182 V/SUMA    ( 1581): ++++++++++++++  _roc_evtmgr_key_cbk 517:input = 12289, event=40, act=0x400
11-02 20:07:02.182 V/SUMA    ( 1581): lxm:_roc_evtmgr_key_cbk 519 1878130
11-02 20:07:02.182 V/SUMA    ( 1581): lxm:_roc_evtmgr_add_key_into_queue 311 1878130
11-02 20:07:02.182 V/PT      ( 1581): >>INFO:irkey_task:[    1878.129998] /dev/input/event0: type=0000 code=0000 val=00000000
11-02 20:07:02.182 V/SUMA    ( 1581): ===================>> type=0 src=0 evt=40 act=0x400
11-02 20:07:02.182 V/SUMA    ( 1581): [sysset-s][event_manager_cbk 78]lxm cbid=1, cbk_reg=1, cpid=2450
11-02 20:07:02.183 D/NGBEvent( 2450): ngbEventCallBack type:0 source :40
11-02 20:07:02.183 D/NGBEvent( 2450): [NGBEventManager-JNI]-returning:1
11-02 20:07:02.183 D/NGBEvent( 2450): Input key event: keyCode=40
11-02 20:07:02.183 D/NGBEvent( 2450): src:40 = dest:40
11-02 20:07:02.183 I/System.out( 2450): [DEBUG EventManager] LWJ--Add event to java with evt=NgbEvent-[type = 1, subtype = 402, code = 40]
11-02 20:07:02.183 D/NGBEvent( 2450): [NGBEvent_log]--[EventManager--JNI]:		start
11-02 20:07:02.183 I/System.out( 2450): [DEBUG EventManager] broadcastEvent  :len 1
11-02 20:07:02.183 D/KeyEventNgbDealer( 2450): [TN_pool-1-thread-1]handleKeyReleased keyEvent=NgbEvent-[type = 1, subtype = 402, code = 40],time=1878131
11-02 20:07:02.184 D/RemoteIME( 3610): RemoteIME--> onKeyUp keyCode = 20
11-02 20:07:02.184 D/InputEventConsistencyVerifier( 2700): KeyEvent: ACTION_UP but key was not down.
11-02 20:07:02.184 D/InputEventConsistencyVerifier( 2700):   in com.suma.midware.setting.util.SystemListItem{2edc46ea VFE...C. .F....I. 194,442-1086,507 #7f0b0072 app:id/setting_net_hotpot_resume}:itemID:65541
11-02 20:07:02.184 D/InputEventConsistencyVerifier( 2700):   0: sent at 1878129000000, KeyEvent { action=ACTION_UP, keyCode=KEYCODE_DPAD_DOWN, scanCode=108, metaState=0, flags=0x8, repeatCount=0, eventTime=1878129, downTime=1878028, deviceId=3, source=0x701 }
11-02 20:07:02.185 D/BaseActivity( 2700): dealKeyEvent,baseItem:com.suma.midware.setting.util.SystemListItem{2edc46ea VFE...C. .F....I. 194,442-1086,507 #7f0b0072 app:id/setting_net_hotpot_resume}:itemID:65541:event:KeyEvent { action=ACTION_UP, keyCode=KEYCODE_DPAD_DOWN, scanCode=108, metaState=0, flags=0x80000008, repeatCount=0, eventTime=1878129, downTime=1878028, deviceId=3, source=0x701 }
11-02 20:07:02.275 D/ir_user ( 1585): PlayerTimeLineTrace:linux_keycode:0x6c(DOWN),	protocol: .
11-02 20:07:02.275 V/PT      ( 1581): >>INFO:irkey_task:[    1878.223551] /dev/input/event0: type=0001 code=006c val=00000001
11-02 20:07:02.275 V/PT      ( 1581): >>INFO:irkey_send:0x3001 0x0028 down
11-02 20:07:02.275 V/SUMA    ( 1581): ++++++++++++++  _roc_evtmgr_key_cbk 517:input = 12289, event=40, act=0x100
11-02 20:07:02.275 V/SUMA    ( 1581): lxm:_roc_evtmgr_key_cbk 519 1878223
11-02 20:07:02.275 V/SUMA    ( 1581): lxm:_roc_evtmgr_add_evt_into_queue 347 1878223
11-02 20:07:02.275 V/PT      ( 1581): >>INFO:irkey_task:[    1878.223551] /dev/input/event0: type=0000 code=0000 val=00000000
11-02 20:07:02.275 V/SUMA    ( 1581): ===================>> type=0 src=0 evt=40 act=0x100
11-02 20:07:02.275 V/SUMA    ( 1581): [sysset-s][event_manager_cbk 78]lxm cbid=1, cbk_reg=1, cpid=2450
11-02 20:07:02.275 D/NGBEvent( 2450): ngbEventCallBack type:0 source :40
11-02 20:07:02.275 D/NGBEvent( 2450): [NGBEventManager-JNI]-returning:1
11-02 20:07:02.276 D/NGBEvent( 2450): Input key event: keyCode=40
11-02 20:07:02.276 D/NGBEvent( 2450): src:40 = dest:40
11-02 20:07:02.276 I/System.out( 2450): [DEBUG EventManager] LWJ--Add event to java with evt=NgbEvent-[type = 1, subtype = 401, code = 40]
11-02 20:07:02.276 D/NGBEvent( 2450): [NGBEvent_log]--[EventManager--JNI]:		start
11-02 20:07:02.276 I/System.out( 2450): [DEBUG EventManager] broadcastEvent  :len 1
11-02 20:07:02.276 D/CombineKeyUtil( 2450): [TN_pool-1-thread-1]dealKeyEvent,combineIndex:-1:keyCode:20
11-02 20:07:02.276 D/KeyEventNgbDealer( 2450): [TN_pool-1-thread-1]handleKeyPressed keyEvent=NgbEvent-[type = 1, subtype = 401, code = 40],time=1878224
11-02 20:07:02.276 D/RemoteIME( 3610): onKeyDown event = KeyEvent { action=ACTION_DOWN, keyCode=KEYCODE_DPAD_DOWN, scanCode=108, metaState=0, flags=0x8, repeatCount=0, eventTime=1878223, downTime=1878223, deviceId=3, source=0x701 },mSkbContainer=null
11-02 20:07:02.276 D/BaseActivity( 2700): dealKeyEvent,baseItem:com.suma.midware.setting.util.SystemListItem{2edc46ea VFE...C. .F....I. 194,442-1086,507 #7f0b0072 app:id/setting_net_hotpot_resume}:itemID:65541:event:KeyEvent { action=ACTION_DOWN, keyCode=KEYCODE_DPAD_DOWN, scanCode=108, metaState=0, flags=0x8, repeatCount=0, eventTime=1878223, downTime=1878223, deviceId=3, source=0x701 }
11-02 20:07:02.277 D/SystemListItem( 2700): onFocusChangecom.suma.midware.setting.util.SystemListItem{2edc46ea VFE...C. ......ID 194,442-1086,507 #7f0b0072 app:id/setting_net_hotpot_resume}:itemID:65541:arg1:false
11-02 20:07:02.277 D/SystemListItem( 2700): onFocusChangecom.suma.midware.setting.util.SystemListItem{1461addb VFE...C. .F....ID 194,589-1086,654 #7f0b0074 app:id/setting_net_ping}:itemID:65542:arg1:true
11-02 20:07:02.282 D/BackBootDealerNeimeng( 2364): standbyState:
11-02 20:07:02.282 E/NetUtils( 2019): Interface eth0 LinkDown!
11-02 20:07:02.287 D/RemoteIME( 3610): onFinishInput.
11-02 20:07:02.287 D/RemoteIME( 3610): onStartInput  ccontentType: 0 Restarting:false
11-02 20:07:02.377 D/ir_user ( 1585): PlayerTimeLineTrace:linux_keycode:0x6c(UP),	protocol: .
11-02 20:07:02.377 V/PT      ( 1581): >>INFO:irkey_task:[    1878.324851] /dev/input/event0: type=0001 code=006c val=00000000
11-02 20:07:02.377 V/PT      ( 1581): >>INFO:irkey_send:0x3001 0x0028 up  
11-02 20:07:02.377 V/SUMA    ( 1581): ++++++++++++++  _roc_evtmgr_key_cbk 517:input = 12289, event=40, act=0x400
11-02 20:07:02.377 V/SUMA    ( 1581): lxm:_roc_evtmgr_key_cbk 519 1878325
11-02 20:07:02.377 V/SUMA    ( 1581): lxm:_roc_evtmgr_add_key_into_queue 311 1878325
11-02 20:07:02.377 V/PT      ( 1581): >>INFO:irkey_task:[    1878.324851] /dev/input/event0: type=0000 code=0000 val=00000000
11-02 20:07:02.377 V/SUMA    ( 1581): ===================>> type=0 src=0 evt=40 act=0x400
11-02 20:07:02.377 V/SUMA    ( 1581): [sysset-s][event_manager_cbk 78]lxm cbid=1, cbk_reg=1, cpid=2450
11-02 20:07:02.377 D/NGBEvent( 2450): ngbEventCallBack type:0 source :40
11-02 20:07:02.378 D/NGBEvent( 2450): [NGBEventManager-JNI]-returning:1
11-02 20:07:02.378 D/NGBEvent( 2450): Input key event: keyCode=40
11-02 20:07:02.378 D/NGBEvent( 2450): src:40 = dest:40
11-02 20:07:02.378 I/System.out( 2450): [DEBUG EventManager] LWJ--Add event to java with evt=NgbEvent-[type = 1, subtype = 402, code = 40]
11-02 20:07:02.378 D/NGBEvent( 2450): [NGBEvent_log]--[EventManager--JNI]:		start
11-02 20:07:02.378 I/System.out( 2450): [DEBUG EventManager] broadcastEvent  :len 1
11-02 20:07:02.378 D/KeyEventNgbDealer( 2450): [TN_pool-1-thread-1]handleKeyReleased keyEvent=NgbEvent-[type = 1, subtype = 402, code = 40],time=1878326
11-02 20:07:02.379 D/RemoteIME( 3610): RemoteIME--> onKeyUp keyCode = 20
11-02 20:07:02.380 D/InputEventConsistencyVerifier( 2700): KeyEvent: ACTION_UP but key was not down.
11-02 20:07:02.380 D/InputEventConsistencyVerifier( 2700):   in com.suma.midware.setting.util.SystemListItem{1461addb VFE...C. .F....I. 194,589-1086,654 #7f0b0074 app:id/setting_net_ping}:itemID:65542
11-02 20:07:02.380 D/InputEventConsistencyVerifier( 2700):   0: sent at 1878324000000, KeyEvent { action=ACTION_UP, keyCode=KEYCODE_DPAD_DOWN, scanCode=108, metaState=0, flags=0x8, repeatCount=0, eventTime=1878324, downTime=1878223, deviceId=3, source=0x701 }
11-02 20:07:02.380 D/BaseActivity( 2700): dealKeyEvent,baseItem:com.suma.midware.setting.util.SystemListItem{1461addb VFE...C. .F....I. 194,589-1086,654 #7f0b0074 app:id/setting_net_ping}:itemID:65542:event:KeyEvent { action=ACTION_UP, keyCode=KEYCODE_DPAD_DOWN, scanCode=108, metaState=0, flags=0x80000008, repeatCount=0, eventTime=1878324, downTime=1878223, deviceId=3, source=0x701 }
11-02 20:07:02.782 D/BackBootDealerNeimeng( 2364): standbyState:
11-02 20:07:02.783 E/NetUtils( 2019): Interface eth0 LinkDown!
11-02 20:07:02.788 E/NetUtils( 2019): Interface eth0 LinkDown!
11-02 20:07:02.788 D/NetMainActivity( 2700): processNetCheck netState:0:newState:0
11-02 20:07:02.803 V/SUMA    ( 1581): [VOD EXT]_ERRO:onewave_auth_req1st(1180) 
11-02 20:07:02.803 V/SUMA    ( 1581): connect() failed, errno=10026 !
11-02 20:07:02.803 V/SUMA    ( 1581): [VOD EXT]_DBUG:onewave_auth_req1st(1290) 
11-02 20:07:02.803 V/SUMA    ( 1581): err,leave onewave_auth_req1st 
11-02 20:07:02.829 D/ir_user ( 1585): PlayerTimeLineTrace:linux_keycode:0x6c(DOWN),	protocol: .
11-02 20:07:02.829 V/PT      ( 1581): >>INFO:irkey_task:[    1878.777754] /dev/input/event0: type=0001 code=006c val=00000001
11-02 20:07:02.830 V/PT      ( 1581): >>INFO:irkey_send:0x3001 0x0028 down
11-02 20:07:02.830 V/SUMA    ( 1581): ++++++++++++++  _roc_evtmgr_key_cbk 517:input = 12289, event=40, act=0x100
11-02 20:07:02.830 V/SUMA    ( 1581): lxm:_roc_evtmgr_key_cbk 519 1878778
11-02 20:07:02.830 V/SUMA    ( 1581): lxm:_roc_evtmgr_add_evt_into_queue 347 1878778
11-02 20:07:02.830 V/SUMA    ( 1581): ===================>> type=0 src=0 evt=40 act=0x100
11-02 20:07:02.830 V/PT      ( 1581): >>INFO:irkey_task:[    1878.777754] /dev/input/event0: type=0000 code=0000 val=00000000
11-02 20:07:02.830 V/SUMA    ( 1581): [sysset-s][event_manager_cbk 78]lxm cbid=1, cbk_reg=1, cpid=2450
11-02 20:07:02.830 D/NGBEvent( 2450): ngbEventCallBack type:0 source :40
11-02 20:07:02.830 D/NGBEvent( 2450): [NGBEventManager-JNI]-returning:1
11-02 20:07:02.831 D/NGBEvent( 2450): Input key event: keyCode=40
11-02 20:07:02.831 D/NGBEvent( 2450): src:40 = dest:40
11-02 20:07:02.831 I/System.out( 2450): [DEBUG EventManager] LWJ--Add event to java with evt=NgbEvent-[type = 1, subtype = 401, code = 40]
11-02 20:07:02.831 D/NGBEvent( 2450): [NGBEvent_log]--[EventManager--JNI]:		start
11-02 20:07:02.831 I/System.out( 2450): [DEBUG EventManager] broadcastEvent  :len 1
11-02 20:07:02.831 D/CombineKeyUtil( 2450): [TN_pool-1-thread-1]dealKeyEvent,combineIndex:-1:keyCode:20
11-02 20:07:02.831 D/KeyEventNgbDealer( 2450): [TN_pool-1-thread-1]handleKeyPressed keyEvent=NgbEvent-[type = 1, subtype = 401, code = 40],time=1878779
11-02 20:07:02.831 D/RemoteIME( 3610): onKeyDown event = KeyEvent { action=ACTION_DOWN, keyCode=KEYCODE_DPAD_DOWN, scanCode=108, metaState=0, flags=0x8, repeatCount=0, eventTime=1878777, downTime=1878777, deviceId=3, source=0x701 },mSkbContainer=null
11-02 20:07:02.832 D/BaseActivity( 2700): dealKeyEvent,baseItem:com.suma.midware.setting.util.SystemListItem{1461addb VFE...C. .F...... 194,589-1086,654 #7f0b0074 app:id/setting_net_ping}:itemID:65542:event:KeyEvent { action=ACTION_DOWN, keyCode=KEYCODE_DPAD_DOWN, scanCode=108, metaState=0, flags=0x8, repeatCount=0, eventTime=1878777, downTime=1878777, deviceId=3, source=0x701 }
11-02 20:07:02.833 D/SystemListItem( 2700): onFocusChangecom.suma.midware.setting.util.SystemListItem{1461addb VFE...C. ......ID 194,589-1086,654 #7f0b0074 app:id/setting_net_ping}:itemID:65542:arg1:false
11-02 20:07:02.833 D/SystemListItem( 2700): onFocusChangecom.suma.midware.setting.util.SystemListItem{2f1f078 VFE...C. .F....ID 194,736-1086,801 #7f0b0077 app:id/setting_net_info}:itemID:65544:arg1:true
11-02 20:07:02.839 D/RemoteIME( 3610): onFinishInput.
11-02 20:07:02.840 D/RemoteIME( 3610): onStartInput  ccontentType: 0 Restarting:false
11-02 20:07:03.039 D/ir_user ( 1585): PlayerTimeLineTrace:linux_keycode:0x6c(UP),	protocol: .
11-02 20:07:03.039 V/PT      ( 1581): >>INFO:irkey_task:[    1878.987087] /dev/input/event0: type=0001 code=006c val=00000000
11-02 20:07:03.039 V/PT      ( 1581): >>INFO:irkey_send:0x3001 0x0028 up  
11-02 20:07:03.039 V/SUMA    ( 1581): ++++++++++++++  _roc_evtmgr_key_cbk 517:input = 12289, event=40, act=0x400
11-02 20:07:03.039 V/SUMA    ( 1581): lxm:_roc_evtmgr_key_cbk 519 1878987
11-02 20:07:03.039 V/SUMA    ( 1581): lxm:_roc_evtmgr_add_key_into_queue 311 1878987
11-02 20:07:03.039 V/SUMA    ( 1581): ===================>> type=0 src=0 evt=40 act=0x400
11-02 20:07:03.039 V/PT      ( 1581): >>INFO:irkey_task:[    1878.987087] /dev/input/event0: type=0000 code=0000 val=00000000
11-02 20:07:03.039 V/SUMA    ( 1581): [sysset-s][event_manager_cbk 78]lxm cbid=1, cbk_reg=1, cpid=2450
11-02 20:07:03.040 D/NGBEvent( 2450): ngbEventCallBack type:0 source :40
11-02 20:07:03.040 D/NGBEvent( 2450): [NGBEventManager-JNI]-returning:1
11-02 20:07:03.040 D/NGBEvent( 2450): Input key event: keyCode=40
11-02 20:07:03.040 D/NGBEvent( 2450): src:40 = dest:40
11-02 20:07:03.040 I/System.out( 2450): [DEBUG EventManager] LWJ--Add event to java with evt=NgbEvent-[type = 1, subtype = 402, code = 40]
11-02 20:07:03.040 D/NGBEvent( 2450): [NGBEvent_log]--[EventManager--JNI]:		start
11-02 20:07:03.040 I/System.out( 2450): [DEBUG EventManager] broadcastEvent  :len 1
11-02 20:07:03.040 D/KeyEventNgbDealer( 2450): [TN_pool-1-thread-1]handleKeyReleased keyEvent=NgbEvent-[type = 1, subtype = 402, code = 40],time=1878988
11-02 20:07:03.041 D/RemoteIME( 3610): RemoteIME--> onKeyUp keyCode = 20
11-02 20:07:03.042 D/InputEventConsistencyVerifier( 2700): KeyEvent: ACTION_UP but key was not down.
11-02 20:07:03.042 D/InputEventConsistencyVerifier( 2700):   in com.suma.midware.setting.util.SystemListItem{2f1f078 VFE...C. .F....I. 194,736-1086,801 #7f0b0077 app:id/setting_net_info}:itemID:65544
11-02 20:07:03.042 D/InputEventConsistencyVerifier( 2700):   0: sent at 1878987000000, KeyEvent { action=ACTION_UP, keyCode=KEYCODE_DPAD_DOWN, scanCode=108, metaState=0, flags=0x8, repeatCount=0, eventTime=1878987, downTime=1878777, deviceId=3, source=0x701 }
11-02 20:07:03.042 D/BaseActivity( 2700): dealKeyEvent,baseItem:com.suma.midware.setting.util.SystemListItem{2f1f078 VFE...C. .F....I. 194,736-1086,801 #7f0b0077 app:id/setting_net_info}:itemID:65544:event:KeyEvent { action=ACTION_UP, keyCode=KEYCODE_DPAD_DOWN, scanCode=108, metaState=0, flags=0x80000008, repeatCount=0, eventTime=1878987, downTime=1878777, deviceId=3, source=0x701 }
11-02 20:07:03.283 D/BackBootDealerNeimeng( 2364): standbyState:
11-02 20:07:03.284 E/NetUtils( 2019): Interface eth0 LinkDown!
11-02 20:07:03.414 D/TaskPersister( 2019): removeObsoleteFile: deleting file=158_task.xml
11-02 20:07:03.415 D/TaskPersister( 2019): removeObsoleteFile: deleting file=158_task_thumbnail.png
11-02 20:07:03.574 D/ir_user ( 1585): PlayerTimeLineTrace:linux_keycode:0x1c(DOWN),	protocol: .
11-02 20:07:03.574 V/PT      ( 1581): >>INFO:irkey_task:[    1879.522521] /dev/input/event0: type=0001 code=001c val=00000001
11-02 20:07:03.574 V/PT      ( 1581): >>INFO:irkey_send:0x3001 0x1001 down
11-02 20:07:03.574 V/SUMA    ( 1581): ++++++++++++++  _roc_evtmgr_key_cbk 517:input = 12289, event=4097, act=0x100
11-02 20:07:03.574 V/SUMA    ( 1581): lxm:_roc_evtmgr_key_cbk 519 1879522
11-02 20:07:03.575 V/SUMA    ( 1581): lxm:_roc_evtmgr_add_evt_into_queue 347 1879522
11-02 20:07:03.575 V/PT      ( 1581): >>INFO:irkey_task:[    1879.522521] /dev/input/event0: type=0000 code=0000 val=00000000
11-02 20:07:03.575 V/SUMA    ( 1581): ===================>> type=0 src=0 evt=4097 act=0x100
11-02 20:07:03.575 V/SUMA    ( 1581): [sysset-s][event_manager_cbk 78]lxm cbid=1, cbk_reg=1, cpid=2450
11-02 20:07:03.575 D/NGBEvent( 2450): ngbEventCallBack type:0 source :4097
11-02 20:07:03.575 D/NGBEvent( 2450): [NGBEventManager-JNI]-returning:1
11-02 20:07:03.575 D/NGBEvent( 2450): Input key event: keyCode=4097
11-02 20:07:03.575 D/NGBEvent( 2450): src:4097 = dest:4097
11-02 20:07:03.575 I/System.out( 2450): [DEBUG EventManager] LWJ--Add event to java with evt=NgbEvent-[type = 1, subtype = 401, code = 4097]
11-02 20:07:03.576 D/NGBEvent( 2450): [NGBEvent_log]--[EventManager--JNI]:		start
11-02 20:07:03.576 I/System.out( 2450): [DEBUG EventManager] broadcastEvent  :len 1
11-02 20:07:03.576 D/CombineKeyUtil( 2450): [TN_pool-1-thread-1]dealKeyEvent,combineIndex:-1:keyCode:23
11-02 20:07:03.576 D/RemoteIME( 3610): onKeyDown event = KeyEvent { action=ACTION_DOWN, keyCode=KEYCODE_DPAD_CENTER, scanCode=28, metaState=0, flags=0x8, repeatCount=0, eventTime=1879522, downTime=1879522, deviceId=3, source=0x701 },mSkbContainer=null
11-02 20:07:03.576 D/KeyEventNgbDealer( 2450): [TN_pool-1-thread-1]handleKeyPressed keyEvent=NgbEvent-[type = 1, subtype = 401, code = 4097],time=1879524
11-02 20:07:03.577 D/BaseActivity( 2700): dealKeyEvent,baseItem:com.suma.midware.setting.util.SystemListItem{2f1f078 VFE...C. .F...... 194,736-1086,801 #7f0b0077 app:id/setting_net_info}:itemID:65544:event:KeyEvent { action=ACTION_DOWN, keyCode=KEYCODE_DPAD_CENTER, scanCode=28, metaState=0, flags=0x8, repeatCount=0, eventTime=1879522, downTime=1879522, deviceId=3, source=0x701 }
11-02 20:07:03.783 D/ir_user ( 1585): PlayerTimeLineTrace:linux_keycode:0x1c(UP),	protocol: .
11-02 20:07:03.784 V/PT      ( 1581): >>INFO:irkey_task:[    1879.731800] /dev/input/event0: type=0001 code=001c val=00000000
11-02 20:07:03.784 V/PT      ( 1581): >>INFO:irkey_send:0x3001 0x1001 up  
11-02 20:07:03.784 V/SUMA    ( 1581): ++++++++++++++  _roc_evtmgr_key_cbk 517:input = 12289, event=4097, act=0x400
11-02 20:07:03.784 V/SUMA    ( 1581): lxm:_roc_evtmgr_key_cbk 519 1879732
11-02 20:07:03.784 V/SUMA    ( 1581): lxm:_roc_evtmgr_add_key_into_queue 311 1879732
11-02 20:07:03.784 V/PT      ( 1581): >>INFO:irkey_task:[    1879.731800] /dev/input/event0: type=0000 code=0000 val=00000000
11-02 20:07:03.784 V/SUMA    ( 1581): ===================>> type=0 src=0 evt=4097 act=0x400
11-02 20:07:03.784 V/SUMA    ( 1581): [sysset-s][event_manager_cbk 78]lxm cbid=1, cbk_reg=1, cpid=2450
11-02 20:07:03.784 D/NGBEvent( 2450): ngbEventCallBack type:0 source :4097
11-02 20:07:03.784 D/NGBEvent( 2450): [NGBEventManager-JNI]-returning:1
11-02 20:07:03.785 D/NGBEvent( 2450): Input key event: keyCode=4097
11-02 20:07:03.785 D/NGBEvent( 2450): src:4097 = dest:4097
11-02 20:07:03.785 D/BackBootDealerNeimeng( 2364): standbyState:
11-02 20:07:03.785 I/System.out( 2450): [DEBUG EventManager] LWJ--Add event to java with evt=NgbEvent-[type = 1, subtype = 402, code = 4097]
11-02 20:07:03.785 D/NGBEvent( 2450): [NGBEvent_log]--[EventManager--JNI]:		start
11-02 20:07:03.785 D/RemoteIME( 3610): RemoteIME--> onKeyUp keyCode = 23
11-02 20:07:03.785 I/System.out( 2450): [DEBUG EventManager] broadcastEvent  :len 1
11-02 20:07:03.785 D/KeyEventNgbDealer( 2450): [TN_pool-1-thread-1]handleKeyReleased keyEvent=NgbEvent-[type = 1, subtype = 402, code = 4097],time=1879733
11-02 20:07:03.786 E/NetUtils( 2019): Interface eth0 LinkDown!
11-02 20:07:03.786 D/BaseActivity( 2700): dealKeyEvent,baseItem:com.suma.midware.setting.util.SystemListItem{2f1f078 VFE...C. .F.P.... 194,736-1086,801 #7f0b0077 app:id/setting_net_info}:itemID:65544:event:KeyEvent { action=ACTION_UP, keyCode=KEYCODE_DPAD_CENTER, scanCode=28, metaState=0, flags=0x8, repeatCount=0, eventTime=1879731, downTime=1879522, deviceId=3, source=0x701 }
11-02 20:07:03.786 D/BaseActivity( 2700): dealClick,baseItemcom.suma.midware.setting.util.SystemListItem{2f1f078 VFE...C. .F...... 194,736-1086,801 #7f0b0077 app:id/setting_net_info}:itemID:65544
11-02 20:07:03.788 I/ActivityManager( 2019): START u0 {cmp=com.suma.midware.setting/.net.NetInfoActivity} from uid 1000 on display 0
11-02 20:07:03.790 E/AudioPolicyManager( 1568): AudioPolicyManagerBase::checkAndSetVolume index=2 ro.suma.vol=0,10,18,26,34,42,49,56,63,70,76,82,88,93,97,100 valid vol[index]=18
11-02 20:07:03.790 E/AudioPolicyManager( 1568): AudioPolicyManagerBase::checkAndSetVolume1 2,0.180000
11-02 20:07:03.794 V/WindowManager( 2019): addAppToken: AppWindowToken{39aa5d76 token=Token{1ebfd811 ActivityRecord{2bc88038 u0 com.suma.midware.setting/.net.NetInfoActivity t162}}} to stack=1 task=162 at 2
11-02 20:07:03.795 D/BaseApplication( 2700): [TN_main]onActivityPaused activity=com.suma.midware.setting.net.NetMainActivity@1a49d832
11-02 20:07:03.796 W/ContextImpl( 2700): Calling a method in the system process without a qualified user: android.app.ContextImpl.sendBroadcast:1345 android.content.ContextWrapper.sendBroadcast:377 android.app.ActivityThread.performPauseActivity:3259 android.app.ActivityThread.performPauseActivity:3225 android.app.ActivityThread.handlePauseActivity:3200 
11-02 20:07:03.801 D/BaseApplication( 2700): [TN_main]onActivityCreated activity=com.suma.midware.setting.net.NetInfoActivity@2fafe7b6,savedInstanceState=null
11-02 20:07:03.839 D/SystemListItem( 2700): onFocusChangecom.suma.midware.setting.util.SystemListItem{1feaeb89 VFE...C. .F....I. 0,0-0,0 #7f0b005a app:id/setting_net_info_item_0}:itemID:0:arg1:true
11-02 20:07:03.840 D/BaseApplication( 2700): [TN_main]onActivityStarted activity=com.suma.midware.setting.net.NetInfoActivity@2fafe7b6
11-02 20:07:03.840 D/BaseApplication( 2700): [TN_main]onActivityResumed activity=com.suma.midware.setting.net.NetInfoActivity@2fafe7b6
11-02 20:07:03.840 E/NetUtils( 2019): Interface eth0 LinkDown!
11-02 20:07:03.842 E/NetUtils( 2019): Interface eth0 LinkDown!
11-02 20:07:03.842 E/NetUtils( 2019): Interface eth0 LinkDown!
11-02 20:07:03.843 W/ContextImpl( 2700): Calling a method in the system process without a qualified user: android.app.ContextImpl.sendBroadcast:1345 android.content.ContextWrapper.sendBroadcast:377 android.app.ActivityThread.performResumeActivity:2982 android.app.ActivityThread.handleResumeActivity:3023 android.app.ActivityThread.handleLaunchActivity:2392 
11-02 20:07:03.845 V/WindowManager( 2019): Adding window Window{ec20c13 u0 com.suma.midware.setting/com.suma.midware.setting.net.NetInfoActivity} at 6 of 11 (after Window{8bda49b u0 com.suma.midware.setting/com.suma.midware.setting.net.NetMainActivity})
11-02 20:07:03.885 I/ActivityManager( 2019): Displayed com.suma.midware.setting/.net.NetInfoActivity: +89ms
11-02 20:07:03.885 D/RemoteIME( 3610): onFinishInput.
11-02 20:07:03.885 D/RemoteIME( 3610): onStartInput  ccontentType: 0 Restarting:false
11-02 20:07:03.899 D/audio_hal( 1568): out_get_latency: out(0xb5077280) latency=20
11-02 20:07:03.919 D/audio_hal( 1568): out_get_latency: out(0xb5077280) latency=20
11-02 20:07:04.108 D/BaseApplication( 2700): [TN_main]onActivitySaveInstanceState activity=com.suma.midware.setting.net.NetMainActivity@1a49d832,outState=Bundle[{android:viewHierarchyState=Bundle[{android:views={16908290=android.view.AbsSavedState$1@276e255e, 2131427352=android.view.AbsSavedState$1@276e255e, 2131427366=android.view.AbsSavedState$1@276e255e, 2131427425=android.view.AbsSavedState$1@276e255e, 2131427426=android.view.AbsSavedState$1@276e255e, 2131427427=android.view.AbsSavedState$1@276e255e, 2131427435=android.view.AbsSavedState$1@276e255e, 2131427436=android.view.AbsSavedState$1@276e255e, 2131427437=android.view.AbsSavedState$1@276e255e, 2131427438=android.view.AbsSavedState$1@276e255e, 2131427439=android.view.AbsSavedState$1@276e255e, 2131427440=android.view.AbsSavedState$1@276e255e, 2131427441=android.view.AbsSavedState$1@276e255e, 2131427442=android.view.AbsSavedState$1@276e255e, 2131427443=android.view.AbsSavedState$1@276e255e, 2131427444=android.view.AbsSavedState$1@276e255e, 2131427445=android.view.AbsSavedState$1@276e255e, 2131427446=android.view.AbsSavedState$1@276e255e, 2131427447=android.view.AbsSavedState$1@276e255e, 2131427549=android.view.AbsSavedState$1@276e255e, 2131427550=android.view.AbsSavedState$1@276e255e, 2131427551=android.view.AbsSavedState$1@276e255e, 2131427552=android.view.AbsSavedState$1@276e255e, 2131427553=android.view.AbsSavedState$1@276e255e, 2131427554=android.view.AbsSavedState$1@276e255e, 2131427555=android.view.AbsSavedState$1@276e255e, 2131427556=android.view.AbsSavedState$1@276e255e, 2131427557=android.view.AbsSavedState$1@276e255e, 2131427558=android.view.AbsSavedState$1@276e255e, 2131427559=android.view.AbsSavedState$1@276e255e, 2131427560=android.view.AbsSavedState$1@276e255e, 2131427561=android.view.AbsSavedState$1@276e255e, 2131427562=android.view.AbsSavedState$1@276e255e, 2131427563=TextView.SavedState{220ad1a7 start=0 end=0 text=}, 2131427564=android.view.AbsSavedState$1@276e255e, 2131427565=android.view.AbsSavedState$1@276e255e, 2131427566=android.view.AbsSavedState$1@276e255e}, android:focusedViewId=2131427447}]}]
11-02 20:07:04.108 D/BaseApplication( 2700): [TN_main]onActivityStopped activity=com.suma.midware.setting.net.NetMainActivity@1a49d832
11-02 20:07:04.286 D/BackBootDealerNeimeng( 2364): standbyState:
11-02 20:07:04.287 E/NetUtils( 2019): Interface eth0 LinkDown!
11-02 20:07:04.787 D/BackBootDealerNeimeng( 2364): standbyState:
11-02 20:07:04.788 E/NetUtils( 2019): Interface eth0 LinkDown!
11-02 20:07:05.289 D/BackBootDealerNeimeng( 2364): standbyState:
11-02 20:07:05.289 E/NetUtils( 2019): Interface eth0 LinkDown!
11-02 20:07:05.545 D/ir_user ( 1585): PlayerTimeLineTrace:linux_keycode:0x6c(DOWN),	protocol: .
11-02 20:07:05.545 V/PT      ( 1581): >>INFO:irkey_task:[    1881.492973] /dev/input/event0: type=0001 code=006c val=00000001
11-02 20:07:05.545 V/PT      ( 1581): >>INFO:irkey_send:0x3001 0x0028 down
11-02 20:07:05.545 V/SUMA    ( 1581): ++++++++++++++  _roc_evtmgr_key_cbk 517:input = 12289, event=40, act=0x100
11-02 20:07:05.545 V/SUMA    ( 1581): lxm:_roc_evtmgr_key_cbk 519 1881493
11-02 20:07:05.545 V/SUMA    ( 1581): lxm:_roc_evtmgr_add_evt_into_queue 347 1881493
11-02 20:07:05.545 V/PT      ( 1581): >>INFO:irkey_task:[    1881.492973] /dev/input/event0: type=0000 code=0000 val=00000000
11-02 20:07:05.545 V/SUMA    ( 1581): ===================>> type=0 src=0 evt=40 act=0x100
11-02 20:07:05.545 V/SUMA    ( 1581): [sysset-s][event_manager_cbk 78]lxm cbid=1, cbk_reg=1, cpid=2450
11-02 20:07:05.545 D/NGBEvent( 2450): ngbEventCallBack type:0 source :40
11-02 20:07:05.546 D/NGBEvent( 2450): [NGBEventManager-JNI]-returning:1
11-02 20:07:05.546 D/NGBEvent( 2450): Input key event: keyCode=40
11-02 20:07:05.546 D/NGBEvent( 2450): src:40 = dest:40
11-02 20:07:05.546 I/System.out( 2450): [DEBUG EventManager] LWJ--Add event to java with evt=NgbEvent-[type = 1, subtype = 401, code = 40]
11-02 20:07:05.546 D/NGBEvent( 2450): [NGBEvent_log]--[EventManager--JNI]:		start
11-02 20:07:05.546 I/System.out( 2450): [DEBUG EventManager] broadcastEvent  :len 1
11-02 20:07:05.546 D/CombineKeyUtil( 2450): [TN_pool-1-thread-1]dealKeyEvent,combineIndex:-1:keyCode:20
11-02 20:07:05.546 D/KeyEventNgbDealer( 2450): [TN_pool-1-thread-1]handleKeyPressed keyEvent=NgbEvent-[type = 1, subtype = 401, code = 40],time=1881494
11-02 20:07:05.547 D/RemoteIME( 3610): onKeyDown event = KeyEvent { action=ACTION_DOWN, keyCode=KEYCODE_DPAD_DOWN, scanCode=108, metaState=0, flags=0x8, repeatCount=0, eventTime=1881492, downTime=1881492, deviceId=3, source=0x701 },mSkbContainer=null
11-02 20:07:05.548 D/BaseActivity( 2700): dealKeyEvent,baseItem:com.suma.midware.setting.util.SystemListItem{1feaeb89 VFE...C. .F...... 194,20-1086,85 #7f0b005a app:id/setting_net_info_item_0}:itemID:0:event:KeyEvent { action=ACTION_DOWN, keyCode=KEYCODE_DPAD_DOWN, scanCode=108, metaState=0, flags=0x8, repeatCount=0, eventTime=1881492, downTime=1881492, deviceId=3, source=0x701 }
11-02 20:07:05.646 D/ir_user ( 1585): PlayerTimeLineTrace:linux_keycode:0x6c(UP),	protocol: .
11-02 20:07:05.646 V/PT      ( 1581): >>INFO:irkey_task:[    1881.594179] /dev/input/event0: type=0001 code=006c val=00000000
11-02 20:07:05.646 V/PT      ( 1581): >>INFO:irkey_send:0x3001 0x0028 up  
11-02 20:07:05.646 V/SUMA    ( 1581): ++++++++++++++  _roc_evtmgr_key_cbk 517:input = 12289, event=40, act=0x400
11-02 20:07:05.646 V/SUMA    ( 1581): lxm:_roc_evtmgr_key_cbk 519 1881594
11-02 20:07:05.646 V/SUMA    ( 1581): lxm:_roc_evtmgr_add_key_into_queue 311 1881594
11-02 20:07:05.646 V/PT      ( 1581): >>INFO:irkey_task:[    1881.594179] /dev/input/event0: type=0000 code=0000 val=00000000
11-02 20:07:05.646 V/SUMA    ( 1581): ===================>> type=0 src=0 evt=40 act=0x400
11-02 20:07:05.646 V/SUMA    ( 1581): [sysset-s][event_manager_cbk 78]lxm cbid=1, cbk_reg=1, cpid=2450
11-02 20:07:05.647 D/NGBEvent( 2450): ngbEventCallBack type:0 source :40
11-02 20:07:05.647 D/NGBEvent( 2450): [NGBEventManager-JNI]-returning:1
11-02 20:07:05.647 D/NGBEvent( 2450): Input key event: keyCode=40
11-02 20:07:05.647 D/NGBEvent( 2450): src:40 = dest:40
11-02 20:07:05.647 I/System.out( 2450): [DEBUG EventManager] LWJ--Add event to java with evt=NgbEvent-[type = 1, subtype = 402, code = 40]
11-02 20:07:05.647 D/NGBEvent( 2450): [NGBEvent_log]--[EventManager--JNI]:		start
11-02 20:07:05.647 I/System.out( 2450): [DEBUG EventManager] broadcastEvent  :len 1
11-02 20:07:05.647 D/KeyEventNgbDealer( 2450): [TN_pool-1-thread-1]handleKeyReleased keyEvent=NgbEvent-[type = 1, subtype = 402, code = 40],time=1881595
11-02 20:07:05.647 D/RemoteIME( 3610): RemoteIME--> onKeyUp keyCode = 20
11-02 20:07:05.648 D/BaseActivity( 2700): dealKeyEvent,baseItem:com.suma.midware.setting.util.SystemListItem{1feaeb89 VFE...C. .F...... 194,20-1086,85 #7f0b005a app:id/setting_net_info_item_0}:itemID:0:event:KeyEvent { action=ACTION_UP, keyCode=KEYCODE_DPAD_DOWN, scanCode=108, metaState=0, flags=0x8, repeatCount=0, eventTime=1881594, downTime=1881492, deviceId=3, source=0x701 }
11-02 20:07:05.754 D/ir_user ( 1585): PlayerTimeLineTrace:linux_keycode:0x6c(DOWN),	protocol: .
11-02 20:07:05.754 V/PT      ( 1581): >>INFO:irkey_task:[    1881.702627] /dev/input/event0: type=0001 code=006c val=00000001
11-02 20:07:05.754 V/PT      ( 1581): >>INFO:irkey_send:0x3001 0x0028 down
11-02 20:07:05.755 V/SUMA    ( 1581): ++++++++++++++  _roc_evtmgr_key_cbk 517:input = 12289, event=40, act=0x100
11-02 20:07:05.755 V/SUMA    ( 1581): lxm:_roc_evtmgr_key_cbk 519 1881702
11-02 20:07:05.755 V/SUMA    ( 1581): lxm:_roc_evtmgr_add_evt_into_queue 347 1881703
11-02 20:07:05.755 V/SUMA    ( 1581): ===================>> type=0 src=0 evt=40 act=0x100
11-02 20:07:05.755 V/PT      ( 1581): >>INFO:irkey_task:[    1881.702627] /dev/input/event0: type=0000 code=0000 val=00000000
11-02 20:07:05.755 V/SUMA    ( 1581): [sysset-s][event_manager_cbk 78]lxm cbid=1, cbk_reg=1, cpid=2450
11-02 20:07:05.755 D/NGBEvent( 2450): ngbEventCallBack type:0 source :40
11-02 20:07:05.755 D/NGBEvent( 2450): [NGBEventManager-JNI]-returning:1
11-02 20:07:05.755 D/NGBEvent( 2450): Input key event: keyCode=40
11-02 20:07:05.755 D/NGBEvent( 2450): src:40 = dest:40
11-02 20:07:05.755 I/System.out( 2450): [DEBUG EventManager] LWJ--Add event to java with evt=NgbEvent-[type = 1, subtype = 401, code = 40]
11-02 20:07:05.756 D/NGBEvent( 2450): [NGBEvent_log]--[EventManager--JNI]:		start
11-02 20:07:05.756 I/System.out( 2450): [DEBUG EventManager] broadcastEvent  :len 1
11-02 20:07:05.756 D/RemoteIME( 3610): onKeyDown event = KeyEvent { action=ACTION_DOWN, keyCode=KEYCODE_DPAD_DOWN, scanCode=108, metaState=0, flags=0x8, repeatCount=0, eventTime=1881702, downTime=1881702, deviceId=3, source=0x701 },mSkbContainer=null
11-02 20:07:05.756 D/CombineKeyUtil( 2450): [TN_pool-1-thread-1]dealKeyEvent,combineIndex:-1:keyCode:20
11-02 20:07:05.756 D/KeyEventNgbDealer( 2450): [TN_pool-1-thread-1]handleKeyPressed keyEvent=NgbEvent-[type = 1, subtype = 401, code = 40],time=1881704
11-02 20:07:05.757 D/BaseActivity( 2700): dealKeyEvent,baseItem:com.suma.midware.setting.util.SystemListItem{1feaeb89 VFE...C. .F...... 194,20-1086,85 #7f0b005a app:id/setting_net_info_item_0}:itemID:0:event:KeyEvent { action=ACTION_DOWN, keyCode=KEYCODE_DPAD_DOWN, scanCode=108, metaState=0, flags=0x8, repeatCount=0, eventTime=1881702, downTime=1881702, deviceId=3, source=0x701 }
11-02 20:07:05.790 D/BackBootDealerNeimeng( 2364): standbyState:
11-02 20:07:05.790 E/NetUtils( 2019): Interface eth0 LinkDown!
11-02 20:07:05.856 D/ir_user ( 1585): PlayerTimeLineTrace:linux_keycode:0x6c(UP),	protocol: .
11-02 20:07:05.856 V/PT      ( 1581): >>INFO:irkey_task:[    1881.803858] /dev/input/event0: type=0001 code=006c val=00000000
11-02 20:07:05.856 V/PT      ( 1581): >>INFO:irkey_send:0x3001 0x0028 up  
11-02 20:07:05.856 V/SUMA    ( 1581): ++++++++++++++  _roc_evtmgr_key_cbk 517:input = 12289, event=40, act=0x400
11-02 20:07:05.856 V/SUMA    ( 1581): lxm:_roc_evtmgr_key_cbk 519 1881804
11-02 20:07:05.856 V/SUMA    ( 1581): lxm:_roc_evtmgr_add_key_into_queue 311 1881804
11-02 20:07:05.856 V/PT      ( 1581): >>INFO:irkey_task:[    1881.803858] /dev/input/event0: type=0000 code=0000 val=00000000
11-02 20:07:05.856 V/SUMA    ( 1581): ===================>> type=0 src=0 evt=40 act=0x400
11-02 20:07:05.856 V/SUMA    ( 1581): [sysset-s][event_manager_cbk 78]lxm cbid=1, cbk_reg=1, cpid=2450
11-02 20:07:05.856 D/NGBEvent( 2450): ngbEventCallBack type:0 source :40
11-02 20:07:05.856 D/NGBEvent( 2450): [NGBEventManager-JNI]-returning:1
11-02 20:07:05.857 D/NGBEvent( 2450): Input key event: keyCode=40
11-02 20:07:05.857 D/NGBEvent( 2450): src:40 = dest:40
11-02 20:07:05.857 I/System.out( 2450): [DEBUG EventManager] LWJ--Add event to java with evt=NgbEvent-[type = 1, subtype = 402, code = 40]
11-02 20:07:05.857 D/NGBEvent( 2450): [NGBEvent_log]--[EventManager--JNI]:		start
11-02 20:07:05.857 I/System.out( 2450): [DEBUG EventManager] broadcastEvent  :len 1
11-02 20:07:05.857 D/KeyEventNgbDealer( 2450): [TN_pool-1-thread-1]handleKeyReleased keyEvent=NgbEvent-[type = 1, subtype = 402, code = 40],time=1881805
11-02 20:07:05.857 D/RemoteIME( 3610): RemoteIME--> onKeyUp keyCode = 20
11-02 20:07:05.858 D/BaseActivity( 2700): dealKeyEvent,baseItem:com.suma.midware.setting.util.SystemListItem{1feaeb89 VFE...C. .F...... 194,20-1086,85 #7f0b005a app:id/setting_net_info_item_0}:itemID:0:event:KeyEvent { action=ACTION_UP, keyCode=KEYCODE_DPAD_DOWN, scanCode=108, metaState=0, flags=0x8, repeatCount=0, eventTime=1881803, downTime=1881702, deviceId=3, source=0x701 }
11-02 20:07:05.964 D/ir_user ( 1585): PlayerTimeLineTrace:linux_keycode:0x6c(DOWN),	protocol: .
11-02 20:07:05.964 V/PT      ( 1581): >>INFO:irkey_task:[    1881.912348] /dev/input/event0: type=0001 code=006c val=00000001
11-02 20:07:05.964 V/PT      ( 1581): >>INFO:irkey_send:0x3001 0x0028 down
11-02 20:07:05.964 V/SUMA    ( 1581): ++++++++++++++  _roc_evtmgr_key_cbk 517:input = 12289, event=40, act=0x100
11-02 20:07:05.964 V/SUMA    ( 1581): lxm:_roc_evtmgr_key_cbk 519 1881912
11-02 20:07:05.964 V/SUMA    ( 1581): lxm:_roc_evtmgr_add_evt_into_queue 347 1881912
11-02 20:07:05.965 V/SUMA    ( 1581): ===================>> type=0 src=0 evt=40 act=0x100
11-02 20:07:05.965 V/PT      ( 1581): >>INFO:irkey_task:[    1881.912348] /dev/input/event0: type=0000 code=0000 val=00000000
11-02 20:07:05.965 V/SUMA    ( 1581): [sysset-s][event_manager_cbk 78]lxm cbid=1, cbk_reg=1, cpid=2450
11-02 20:07:05.965 D/NGBEvent( 2450): ngbEventCallBack type:0 source :40
11-02 20:07:05.965 D/NGBEvent( 2450): [NGBEventManager-JNI]-returning:1
11-02 20:07:05.965 D/NGBEvent( 2450): Input key event: keyCode=40
11-02 20:07:05.965 D/NGBEvent( 2450): src:40 = dest:40
11-02 20:07:05.965 I/System.out( 2450): [DEBUG EventManager] LWJ--Add event to java with evt=NgbEvent-[type = 1, subtype = 401, code = 40]
11-02 20:07:05.965 D/NGBEvent( 2450): [NGBEvent_log]--[EventManager--JNI]:		start
11-02 20:07:05.965 I/System.out( 2450): [DEBUG EventManager] broadcastEvent  :len 1
11-02 20:07:05.966 D/CombineKeyUtil( 2450): [TN_pool-1-thread-1]dealKeyEvent,combineIndex:-1:keyCode:20
11-02 20:07:05.966 D/RemoteIME( 3610): onKeyDown event = KeyEvent { action=ACTION_DOWN, keyCode=KEYCODE_DPAD_DOWN, scanCode=108, metaState=0, flags=0x8, repeatCount=0, eventTime=1881912, downTime=1881912, deviceId=3, source=0x701 },mSkbContainer=null
11-02 20:07:05.966 D/KeyEventNgbDealer( 2450): [TN_pool-1-thread-1]handleKeyPressed keyEvent=NgbEvent-[type = 1, subtype = 401, code = 40],time=1881914
11-02 20:07:05.966 D/BaseActivity( 2700): dealKeyEvent,baseItem:com.suma.midware.setting.util.SystemListItem{1feaeb89 VFE...C. .F...... 194,20-1086,85 #7f0b005a app:id/setting_net_info_item_0}:itemID:0:event:KeyEvent { action=ACTION_DOWN, keyCode=KEYCODE_DPAD_DOWN, scanCode=108, metaState=0, flags=0x8, repeatCount=0, eventTime=1881912, downTime=1881912, deviceId=3, source=0x701 }
11-02 20:07:06.065 D/ir_user ( 1585): PlayerTimeLineTrace:linux_keycode:0x6c(UP),	protocol: .
11-02 20:07:06.065 V/PT      ( 1581): >>INFO:irkey_task:[    1882.013508] /dev/input/event0: type=0001 code=006c val=00000000
11-02 20:07:06.065 V/PT      ( 1581): >>INFO:irkey_send:0x3001 0x0028 up  
11-02 20:07:06.065 V/SUMA    ( 1581): ++++++++++++++  _roc_evtmgr_key_cbk 517:input = 12289, event=40, act=0x400
11-02 20:07:06.065 V/SUMA    ( 1581): lxm:_roc_evtmgr_key_cbk 519 1882013
11-02 20:07:06.065 V/SUMA    ( 1581): lxm:_roc_evtmgr_add_key_into_queue 311 1882013
11-02 20:07:06.065 V/PT      ( 1581): >>INFO:irkey_task:[    1882.013508] /dev/input/event0: type=0000 code=0000 val=00000000
11-02 20:07:06.065 V/SUMA    ( 1581): ===================>> type=0 src=0 evt=40 act=0x400
11-02 20:07:06.065 V/SUMA    ( 1581): [sysset-s][event_manager_cbk 78]lxm cbid=1, cbk_reg=1, cpid=2450
11-02 20:07:06.065 D/NGBEvent( 2450): ngbEventCallBack type:0 source :40
11-02 20:07:06.065 D/NGBEvent( 2450): [NGBEventManager-JNI]-returning:1
11-02 20:07:06.065 D/NGBEvent( 2450): Input key event: keyCode=40
11-02 20:07:06.065 D/NGBEvent( 2450): src:40 = dest:40
11-02 20:07:06.066 I/System.out( 2450): [DEBUG EventManager] LWJ--Add event to java with evt=NgbEvent-[type = 1, subtype = 402, code = 40]
11-02 20:07:06.066 D/NGBEvent( 2450): [NGBEvent_log]--[EventManager--JNI]:		start
11-02 20:07:06.066 I/System.out( 2450): [DEBUG EventManager] broadcastEvent  :len 1
11-02 20:07:06.066 D/KeyEventNgbDealer( 2450): [TN_pool-1-thread-1]handleKeyReleased keyEvent=NgbEvent-[type = 1, subtype = 402, code = 40],time=1882014
11-02 20:07:06.066 D/RemoteIME( 3610): RemoteIME--> onKeyUp keyCode = 20
11-02 20:07:06.066 D/BaseActivity( 2700): dealKeyEvent,baseItem:com.suma.midware.setting.util.SystemListItem{1feaeb89 VFE...C. .F...... 194,20-1086,85 #7f0b005a app:id/setting_net_info_item_0}:itemID:0:event:KeyEvent { action=ACTION_UP, keyCode=KEYCODE_DPAD_DOWN, scanCode=108, metaState=0, flags=0x8, repeatCount=0, eventTime=1882013, downTime=1881912, deviceId=3, source=0x701 }
11-02 20:07:06.159 D/ir_user ( 1585): PlayerTimeLineTrace:linux_keycode:0x6c(DOWN),	protocol: .
11-02 20:07:06.159 V/PT      ( 1581): >>INFO:irkey_task:[    1882.107076] /dev/input/event0: type=0001 code=006c val=00000001
11-02 20:07:06.159 V/PT      ( 1581): >>INFO:irkey_send:0x3001 0x0028 down
11-02 20:07:06.159 V/SUMA    ( 1581): ++++++++++++++  _roc_evtmgr_key_cbk 517:input = 12289, event=40, act=0x100
11-02 20:07:06.159 V/SUMA    ( 1581): lxm:_roc_evtmgr_key_cbk 519 1882107
11-02 20:07:06.159 V/SUMA    ( 1581): lxm:_roc_evtmgr_add_evt_into_queue 347 1882107
11-02 20:07:06.159 V/PT      ( 1581): >>INFO:irkey_task:[    1882.107076] /dev/input/event0: type=0000 code=0000 val=00000000
11-02 20:07:06.159 V/SUMA    ( 1581): ===================>> type=0 src=0 evt=40 act=0x100
11-02 20:07:06.159 V/SUMA    ( 1581): [sysset-s][event_manager_cbk 78]lxm cbid=1, cbk_reg=1, cpid=2450
11-02 20:07:06.159 D/NGBEvent( 2450): ngbEventCallBack type:0 source :40
11-02 20:07:06.159 D/NGBEvent( 2450): [NGBEventManager-JNI]-returning:1
11-02 20:07:06.159 D/NGBEvent( 2450): Input key event: keyCode=40
11-02 20:07:06.159 D/NGBEvent( 2450): src:40 = dest:40
11-02 20:07:06.159 I/System.out( 2450): [DEBUG EventManager] LWJ--Add event to java with evt=NgbEvent-[type = 1, subtype = 401, code = 40]
11-02 20:07:06.159 D/NGBEvent( 2450): [NGBEvent_log]--[EventManager--JNI]:		start
11-02 20:07:06.159 I/System.out( 2450): [DEBUG EventManager] broadcastEvent  :len 1
11-02 20:07:06.159 D/CombineKeyUtil( 2450): [TN_pool-1-thread-1]dealKeyEvent,combineIndex:-1:keyCode:20
11-02 20:07:06.159 D/KeyEventNgbDealer( 2450): [TN_pool-1-thread-1]handleKeyPressed keyEvent=NgbEvent-[type = 1, subtype = 401, code = 40],time=1882107
11-02 20:07:06.159 D/RemoteIME( 3610): onKeyDown event = KeyEvent { action=ACTION_DOWN, keyCode=KEYCODE_DPAD_DOWN, scanCode=108, metaState=0, flags=0x8, repeatCount=0, eventTime=1882107, downTime=1882107, deviceId=3, source=0x701 },mSkbContainer=null
11-02 20:07:06.160 D/BaseActivity( 2700): dealKeyEvent,baseItem:com.suma.midware.setting.util.SystemListItem{1feaeb89 VFE...C. .F...... 194,20-1086,85 #7f0b005a app:id/setting_net_info_item_0}:itemID:0:event:KeyEvent { action=ACTION_DOWN, keyCode=KEYCODE_DPAD_DOWN, scanCode=108, metaState=0, flags=0x8, repeatCount=0, eventTime=1882107, downTime=1882107, deviceId=3, source=0x701 }
11-02 20:07:06.260 D/ir_user ( 1585): PlayerTimeLineTrace:linux_keycode:0x6c(UP),	protocol: .
11-02 20:07:06.260 V/PT      ( 1581): >>INFO:irkey_task:[    1882.208310] /dev/input/event0: type=0001 code=006c val=00000000
11-02 20:07:06.260 V/PT      ( 1581): >>INFO:irkey_send:0x3001 0x0028 up  
11-02 20:07:06.260 V/SUMA    ( 1581): ++++++++++++++  _roc_evtmgr_key_cbk 517:input = 12289, event=40, act=0x400
11-02 20:07:06.260 V/SUMA    ( 1581): lxm:_roc_evtmgr_key_cbk 519 1882208
11-02 20:07:06.260 V/SUMA    ( 1581): lxm:_roc_evtmgr_add_key_into_queue 311 1882208
11-02 20:07:06.260 V/PT      ( 1581): >>INFO:irkey_task:[    1882.208310] /dev/input/event0: type=0000 code=0000 val=00000000
11-02 20:07:06.260 V/SUMA    ( 1581): ===================>> type=0 src=0 evt=40 act=0x400
11-02 20:07:06.260 V/SUMA    ( 1581): [sysset-s][event_manager_cbk 78]lxm cbid=1, cbk_reg=1, cpid=2450
11-02 20:07:06.260 D/NGBEvent( 2450): ngbEventCallBack type:0 source :40
11-02 20:07:06.260 D/NGBEvent( 2450): [NGBEventManager-JNI]-returning:1
11-02 20:07:06.260 D/NGBEvent( 2450): Input key event: keyCode=40
11-02 20:07:06.260 D/NGBEvent( 2450): src:40 = dest:40
11-02 20:07:06.260 I/System.out( 2450): [DEBUG EventManager] LWJ--Add event to java with evt=NgbEvent-[type = 1, subtype = 402, code = 40]
11-02 20:07:06.260 D/NGBEvent( 2450): [NGBEvent_log]--[EventManager--JNI]:		start
11-02 20:07:06.260 I/System.out( 2450): [DEBUG EventManager] broadcastEvent  :len 1
11-02 20:07:06.261 D/KeyEventNgbDealer( 2450): [TN_pool-1-thread-1]handleKeyReleased keyEvent=NgbEvent-[type = 1, subtype = 402, code = 40],time=1882208
11-02 20:07:06.261 D/RemoteIME( 3610): RemoteIME--> onKeyUp keyCode = 20
11-02 20:07:06.261 D/BaseActivity( 2700): dealKeyEvent,baseItem:com.suma.midware.setting.util.SystemListItem{1feaeb89 VFE...C. .F...... 194,20-1086,85 #7f0b005a app:id/setting_net_info_item_0}:itemID:0:event:KeyEvent { action=ACTION_UP, keyCode=KEYCODE_DPAD_DOWN, scanCode=108, metaState=0, flags=0x8, repeatCount=0, eventTime=1882208, downTime=1882107, deviceId=3, source=0x701 }
11-02 20:07:06.290 D/BackBootDealerNeimeng( 2364): standbyState:
11-02 20:07:06.291 E/NetUtils( 2019): Interface eth0 LinkDown!
11-02 20:07:06.473 D/ir_user ( 1585): PlayerTimeLineTrace:linux_keycode:0x6c(DOWN),	protocol: .
11-02 20:07:06.474 V/PT      ( 1581): >>INFO:irkey_task:[    1882.421852] /dev/input/event0: type=0001 code=006c val=00000001
11-02 20:07:06.474 V/PT      ( 1581): >>INFO:irkey_send:0x3001 0x0028 down
11-02 20:07:06.474 V/SUMA    ( 1581): ++++++++++++++  _roc_evtmgr_key_cbk 517:input = 12289, event=40, act=0x100
11-02 20:07:06.474 V/SUMA    ( 1581): lxm:_roc_evtmgr_key_cbk 519 1882422
11-02 20:07:06.474 V/SUMA    ( 1581): lxm:_roc_evtmgr_add_evt_into_queue 347 1882422
11-02 20:07:06.474 V/PT      ( 1581): >>INFO:irkey_task:[    1882.421852] /dev/input/event0: type=0000 code=0000 val=00000000
11-02 20:07:06.474 V/SUMA    ( 1581): ===================>> type=0 src=0 evt=40 act=0x100
11-02 20:07:06.474 V/SUMA    ( 1581): [sysset-s][event_manager_cbk 78]lxm cbid=1, cbk_reg=1, cpid=2450
11-02 20:07:06.474 D/NGBEvent( 2450): ngbEventCallBack type:0 source :40
11-02 20:07:06.474 D/NGBEvent( 2450): [NGBEventManager-JNI]-returning:1
11-02 20:07:06.475 D/NGBEvent( 2450): Input key event: keyCode=40
11-02 20:07:06.475 D/NGBEvent( 2450): src:40 = dest:40
11-02 20:07:06.475 I/System.out( 2450): [DEBUG EventManager] LWJ--Add event to java with evt=NgbEvent-[type = 1, subtype = 401, code = 40]
11-02 20:07:06.475 D/NGBEvent( 2450): [NGBEvent_log]--[EventManager--JNI]:		start
11-02 20:07:06.475 I/System.out( 2450): [DEBUG EventManager] broadcastEvent  :len 1
11-02 20:07:06.475 D/CombineKeyUtil( 2450): [TN_pool-1-thread-1]dealKeyEvent,combineIndex:-1:keyCode:20
11-02 20:07:06.475 D/KeyEventNgbDealer( 2450): [TN_pool-1-thread-1]handleKeyPressed keyEvent=NgbEvent-[type = 1, subtype = 401, code = 40],time=1882423
11-02 20:07:06.476 D/RemoteIME( 3610): onKeyDown event = KeyEvent { action=ACTION_DOWN, keyCode=KEYCODE_DPAD_DOWN, scanCode=108, metaState=