11-02 18:39:10.399 V/WindowManager( 2021): addAppToken: AppWindowToken{3f99c812 token=Token{fce1b9d ActivityRecord{1696aa74 u0 com.ipanel.android_webview.shell/com.ipanel.webapp.BrowserActivity t144}}} to stack=1 task=144 at 0
11-02 18:39:10.402 V/WindowManager( 2021): Adding window Window{ee6533f u0 Starting com.ipanel.android_webview.shell} at 8 of 13 (after Window{148933ec u0 com.suma.midware.setting/com.suma.midware.setting.net.NetInfoActivity})
11-02 18:39:10.404 W/ContextImpl( 2489): Calling a method in the system process without a qualified user: android.app.ContextImpl.sendBroadcast:1345 android.content.ContextWrapper.sendBroadcast:377 android.app.ActivityThread.performPauseActivity:3259 android.app.ActivityThread.performPauseActivity:3225 android.app.ActivityThread.handlePauseActivity:3200 
11-02 18:39:10.427 I/ActivityManager( 2021): Start proc 4633:com.ipanel.android_webview.shell/u0a24 for activity com.ipanel.android_webview.shell/com.ipanel.webapp.BrowserActivity
11-02 18:39:10.756 V/WindowManager( 2021): Adding window Window{2a65ac7d u0 com.ipanel.android_webview.shell/com.ipanel.webapp.BrowserActivity} at 8 of 14 (before Window{ee6533f u0 Starting com.ipanel.android_webview.shell})
11-02 18:39:10.780 D/ConnectivityService( 2021): listenForNetwork for NetworkRequest [ id=8, legacyType=-1, [ Capabilities: INTERNET&NOT_RESTRICTED&TRUSTED] ]
11-02 18:39:10.781 D/ConnectivityService( 2021): handleRegisterNetworkRequest checking NetworkAgentInfo [WIFI () - 101]
11-02 18:39:10.781 D/ConnectivityService( 2021): apparently satisfied.  currentScore=60
11-02 18:39:10.864 V/WindowManager( 2021): Adding window Window{3a04d8be u0 SurfaceView} at 8 of 15 (before Window{2a65ac7d u0 com.ipanel.android_webview.shell/com.ipanel.webapp.BrowserActivity})
11-02 18:39:10.932 V/WindowManager( 2021): Adding window Window{2e77486c u0 SurfaceView} at 9 of 16 (before Window{2a65ac7d u0 com.ipanel.android_webview.shell/com.ipanel.webapp.BrowserActivity})
11-02 18:39:10.981 W/ViewRootImpl( 4633): Cancelling event due to no window focus: KeyEvent { action=ACTION_UP, keyCode=KEYCODE_DPAD_CENTER, scanCode=28, metaState=0, flags=0x80000028, repeatCount=0, eventTime=1891050, downTime=1890841, deviceId=3, source=0x701 }
11-02 18:39:10.981 W/ViewRootImpl( 4633): Cancelling event due to no window focus: KeyEvent { action=ACTION_UP, keyCode=KEYCODE_DPAD_CENTER, scanCode=28, metaState=0, flags=0x80000028, repeatCount=0, eventTime=1891050, downTime=1890841, deviceId=3, source=0x701 }
11-02 18:39:10.981 W/ViewRootImpl( 4633): Cancelling event due to no window focus: KeyEvent { action=ACTION_UP, keyCode=KEYCODE_DPAD_CENTER, scanCode=28, metaState=0, flags=0x80000028, repeatCount=0, eventTime=1891050, downTime=1890841, deviceId=3, source=0x701 }
11-02 18:39:10.981 W/ViewRootImpl( 4633): Cancelling event due to no window focus: KeyEvent { action=ACTION_UP, keyCode=KEYCODE_DPAD_CENTER, scanCode=28, metaState=0, flags=0x80000028, repeatCount=0, eventTime=1891050, downTime=1890841, deviceId=3, source=0x701 }
11-02 18:39:10.981 W/ViewRootImpl( 4633): Cancelling event due to no window focus: KeyEvent { action=ACTION_UP, keyCode=KEYCODE_DPAD_CENTER, scanCode=28, metaState=0, flags=0x80000028, repeatCount=0, eventTime=1891050, downTime=1890841, deviceId=3, source=0x701 }
11-02 18:39:10.981 W/ViewRootImpl( 4633): Cancelling event due to no window focus: KeyEvent { action=ACTION_UP, keyCode=KEYCODE_DPAD_CENTER, scanCode=28, metaState=0, flags=0x80000028, repeatCount=0, eventTime=1891050, downTime=1890841, deviceId=3, source=0x701 }
11-02 18:39:10.983 W/ViewRootImpl( 4633): Cancelling event due to no window focus: KeyEvent { action=ACTION_UP, keyCode=KEYCODE_DPAD_CENTER, scanCode=28, metaState=0, flags=0x80000028, repeatCount=0, eventTime=1891050, downTime=1890841, deviceId=3, source=0x701 }
11-02 18:39:10.983 W/ViewRootImpl( 4633): Cancelling event due to no window focus: KeyEvent { action=ACTION_UP, keyCode=KEYCODE_DPAD_CENTER, scanCode=28, metaState=0, flags=0x80000028, repeatCount=0, eventTime=1891050, downTime=1890841, deviceId=3, source=0x701 }
11-02 18:39:10.983 W/ViewRootImpl( 4633): Cancelling event due to no window focus: KeyEvent { action=ACTION_UP, keyCode=KEYCODE_DPAD_CENTER, scanCode=28, metaState=0, flags=0x80000028, repeatCount=0, eventTime=1891050, downTime=1890841, deviceId=3, source=0x701 }
11-02 18:39:11.222 I/ActivityManager( 2021): Start proc 4704:com.amlogic.inputmethod.remote/u0a19 for service com.amlogic.inputmethod.remote/.RemoteIME
11-02 18:39:11.222 V/InputMethodManagerService( 2021): Adding window token: android.os.Binder@3745ac3b
11-02 18:39:13.906 D/TaskPersister( 2021): removeObsoleteFile: deleting file=143_task.xml
11-02 18:39:37.895 W/ContextImpl( 2367): Calling a method in the system process without a qualified user: android.app.ContextImpl.sendBroadcast:1345 android.content.ContextWrapper.sendBroadcast:377 com.suma.midware.back.esg.e.f:-1 com.suma.midware.back.esg.f.run:-1 com.suma.midware.prop.util.c.run:-1 
11-02 18:39:38.897 W/ContextImpl( 2367): Calling a method in the system process without a qualified user: android.app.ContextImpl.sendBroadcast:1345 android.content.ContextWrapper.sendBroadcast:377 com.suma.midware.back.esg.e.f:-1 com.suma.midware.back.esg.f.run:-1 com.suma.midware.prop.util.c.run:-1 
11-02 18:39:39.900 W/ContextImpl( 2367): Calling a method in the system process without a qualified user: android.app.ContextImpl.sendBroadcast:1345 android.content.ContextWrapper.sendBroadcast:377 com.suma.midware.back.esg.e.f:-1 com.suma.midware.back.esg.f.run:-1 com.suma.midware.prop.util.c.run:-1 
11-02 18:40:42.954 W/ContextImpl( 2367): Calling a method in the system process without a qualified user: android.app.ContextImpl.sendBroadcast:1345 android.content.ContextWrapper.sendBroadcast:377 com.suma.midware.back.esg.e.f:-1 com.suma.midware.back.esg.f.run:-1 com.suma.midware.prop.util.c.run:-1 
11-02 18:40:43.957 W/ContextImpl( 2367): Calling a method in the system process without a qualified user: android.app.ContextImpl.sendBroadcast:1345 android.content.ContextWrapper.sendBroadcast:377 com.suma.midware.back.esg.e.f:-1 com.suma.midware.back.esg.f.run:-1 com.suma.midware.prop.util.c.run:-1 
11-02 18:40:44.960 W/ContextImpl( 2367): Calling a method in the system process without a qualified user: android.app.ContextImpl.sendBroadcast:1345 android.content.ContextWrapper.sendBroadcast:377 com.suma.midware.back.esg.e.f:-1 com.suma.midware.back.esg.f.run:-1 com.suma.midware.prop.util.c.run:-1 
11-02 18:41:19.957 W/InputMethodManagerService( 2021): Starting input on non-focused client com.android.internal.view.IInputMethodClient$Stub$Proxy@3ef61a2b (uid=10024 pid=4633)
11-02 18:41:20.539 I/ActivityManager( 2021): Force stopping com.ipanel.android_webview.shell appid=10024 user=0: from pid 2367
11-02 18:41:20.539 I/ActivityManager( 2021): Killing 4633:com.ipanel.android_webview.shell/u0a24 (adj 0): stop com.ipanel.android_webview.shell
11-02 18:41:20.559 I/WindowState( 2021): WIN DEATH: Window{2e77486c u0 SurfaceView}
11-02 18:41:20.559 D/ConnectivityService( 2021): ConnectivityService NetworkRequestInfo binderDied(NetworkRequest [ id=8, legacyType=-1, [ Capabilities: INTERNET&NOT_RESTRICTED&TRUSTED] ], android.os.BinderProxy@33046e88)
11-02 18:41:20.560 D/ConnectivityService( 2021): releasing NetworkRequest NetworkRequest [ id=8, legacyType=-1, [ Capabilities: INTERNET&NOT_RESTRICTED&TRUSTED] ]
11-02 18:41:20.566 E/ConnectivityService( 2021): RemoteException caught trying to send a callback msg for NetworkRequest [ id=8, legacyType=-1, [ Capabilities: INTERNET&NOT_RESTRICTED&TRUSTED] ]
11-02 18:41:20.568 I/WindowState( 2021): WIN DEATH: Window{2a65ac7d u0 com.ipanel.android_webview.shell/com.ipanel.webapp.BrowserActivity}
11-02 18:41:20.568 W/WindowManager( 2021): Force-removing child win Window{3a04d8be u0 SurfaceView} from container Window{2a65ac7d u0 com.ipanel.android_webview.shell/com.ipanel.webapp.BrowserActivity}
11-02 18:41:20.574 W/WindowManager( 2021): Failed looking up window
11-02 18:41:20.574 W/WindowManager( 2021): java.lang.IllegalArgumentException: Requested window android.os.BinderProxy@18a59379 does not exist
11-02 18:41:20.574 W/WindowManager( 2021): 	at com.android.server.wm.WindowManagerService.windowForClientLocked(WindowManagerService.java:8654)
11-02 18:41:20.574 W/WindowManager( 2021): 	at com.android.server.wm.WindowManagerService.windowForClientLocked(WindowManagerService.java:8645)
11-02 18:41:20.574 W/WindowManager( 2021): 	at com.android.server.wm.WindowState$DeathRecipient.binderDied(WindowState.java:1142)
11-02 18:41:20.574 W/WindowManager( 2021): 	at android.os.BinderProxy.sendDeathNotice(Binder.java:551)
11-02 18:41:20.574 I/WindowState( 2021): WIN DEATH: null
11-02 18:41:20.594 W/ActivityManager( 2021): Force removing ActivityRecord{1696aa74 u0 com.ipanel.android_webview.shell/com.ipanel.webapp.BrowserActivity t144}: app died, no saved state
11-02 18:41:20.598 W/ActivityManager( 2021): Spurious death for ProcessRecord{17c0b021 4633:com.ipanel.android_webview.shell/u0a24}, curProc for 4633: null
11-02 18:41:20.598 I/ActivityManager( 2021): Force stopping com.amlogic.inputmethod.remote appid=10019 user=0: from pid 2367
11-02 18:41:20.598 I/ActivityManager( 2021): Killing 4704:com.amlogic.inputmethod.remote/u0a19 (adj 2): stop com.amlogic.inputmethod.remote
11-02 18:41:20.604 W/ActivityManager( 2021): Scheduling restart of crashed service com.amlogic.inputmethod.remote/.RemoteIME in 1000ms
11-02 18:41:20.604 I/ActivityManager( 2021):   Force stopping service ServiceRecord{b17e122 u0 com.amlogic.inputmethod.remote/.RemoteIME}
11-02 18:41:20.610 W/InputMethodManagerService( 2021): Session failed to close due to remote exception
11-02 18:41:20.610 W/InputMethodManagerService( 2021): android.os.DeadObjectException
11-02 18:41:20.610 W/InputMethodManagerService( 2021): 	at android.os.BinderProxy.transactNative(Native Method)
11-02 18:41:20.610 W/InputMethodManagerService( 2021): 	at android.os.BinderProxy.transact(Binder.java:496)
11-02 18:41:20.610 W/InputMethodManagerService( 2021): 	at com.android.internal.view.IInputMethodSession$Stub$Proxy.finishSession(IInputMethodSession.java:305)
11-02 18:41:20.610 W/InputMethodManagerService( 2021): 	at com.android.server.InputMethodManagerService.finishSessionLocked(InputMethodManagerService.java:1420)
11-02 18:41:20.610 W/InputMethodManagerService( 2021): 	at com.android.server.InputMethodManagerService.clearClientSessionLocked(InputMethodManagerService.java:1411)
11-02 18:41:20.610 W/InputMethodManagerService( 2021): 	at com.android.server.InputMethodManagerService.clearCurMethodLocked(InputMethodManagerService.java:1437)
11-02 18:41:20.610 W/InputMethodManagerService( 2021): 	at com.android.server.InputMethodManagerService.onServiceDisconnected(InputMethodManagerService.java:1456)
11-02 18:41:20.610 W/InputMethodManagerService( 2021): 	at android.app.LoadedApk$ServiceDispatcher.doDeath(LoadedApk.java:1215)
11-02 18:41:20.610 W/InputMethodManagerService( 2021): 	at android.app.LoadedApk$ServiceDispatcher$RunConnection.run(LoadedApk.java:1229)
11-02 18:41:20.610 W/InputMethodManagerService( 2021): 	at android.os.Handler.handleCallback(Handler.java:739)
11-02 18:41:20.610 W/InputMethodManagerService( 2021): 	at android.os.Handler.dispatchMessage(Handler.java:95)
11-02 18:41:20.610 W/InputMethodManagerService( 2021): 	at android.os.Looper.loop(Looper.java:135)
11-02 18:41:20.610 W/InputMethodManagerService( 2021): 	at com.android.server.SystemServer.run(SystemServer.java:383)
11-02 18:41:20.610 W/InputMethodManagerService( 2021): 	at com.android.server.SystemServer.main(SystemServer.java:178)
11-02 18:41:20.610 W/InputMethodManagerService( 2021): 	at java.lang.reflect.Method.invoke(Native Method)
11-02 18:41:20.610 W/InputMethodManagerService( 2021): 	at java.lang.reflect.Method.invoke(Method.java:372)
11-02 18:41:20.610 W/InputMethodManagerService( 2021): 	at com.android.internal.os.ZygoteInit$MethodAndArgsCaller.run(ZygoteInit.java:903)
11-02 18:41:20.610 W/InputMethodManagerService( 2021): 	at com.android.internal.os.ZygoteInit.main(ZygoteInit.java:698)
11-02 18:41:20.611 W/ActivityManager( 2021): Invalid packageName: android.process.media
11-02 18:41:20.611 I/ActivityManager( 2021): Force stopping com.android.phone appid=1001 user=0: from pid 2367
11-02 18:41:20.613 I/ActivityManager( 2021): Force stopping com.suma.midware.dms appid=1000 user=0: from pid 2367
11-02 18:41:20.616 I/ActivityManager( 2021): Force stopping com.hisilicon.android.hiRMService appid=1000 user=0: from pid 2367
11-02 18:41:20.625 W/ContextImpl( 2489): Calling a method in the system process without a qualified user: android.app.ContextImpl.sendBroadcast:1345 android.content.ContextWrapper.sendBroadcast:377 com.suma.midware.view.ext.BluetoothUpdate.b:-1 com.suma.midware.home.third.Main3DActivity.onResume:-1 android.app.Instrumentation.callActivityOnResume:1257 
11-02 18:41:20.625 I/ActivityManager( 2021): Config changes=20 {1.0 ?mcc?mnc zh_CN ?layoutDir sw720dp w1280dp h720dp 160dpi xlrg long land television -touch -keyb/h/h dpad/v s.13}
11-02 18:41:20.634 W/ContextImpl( 2489): Calling a method in the system process without a qualified user: android.app.ContextImpl.sendBroadcast:1345 android.content.ContextWrapper.sendBroadcast:377 android.app.ActivityThread.performResumeActivity:2982 android.app.ActivityThread.handleResumeActivity:3023 android.app.ActivityThread$H.handleMessage:1347 
11-02 18:41:20.641 I/ActivityManager( 2021): Config changes=20 {1.0 ?mcc?mnc zh_CN ?layoutDir sw720dp w1280dp h720dp 160dpi xlrg long land television -touch -keyb/v/h dpad/v s.14}
11-02 18:41:20.650 E/ActivityThread( 2163): Failed to find provider info for com.android.contacts
11-02 18:41:20.677 E/ActivityThread( 2163): Failed to find provider info for com.android.contacts
11-02 18:41:29.994 I/ActivityManager( 2021): Start proc 4833:com.amlogic.inputmethod.remote/u0a19 for service com.amlogic.inputmethod.remote/.RemoteIME
11-02 18:41:29.995 V/InputMethodManagerService( 2021): Adding window token: android.os.Binder@1f426e2a
11-02 18:41:32.448 I/ActivityManager( 2021): START u0 {act= cmp=com.ipanel.android_webview.shell/com.ipanel.webapp.BrowserActivity (has extras)} from uid 1000 on display 0
11-02 18:41:32.451 V/WindowManager( 2021): addAppToken: AppWindowToken{3532bb93 token=Token{2e69882 ActivityRecord{216327cd u0 com.ipanel.android_webview.shell/com.ipanel.webapp.BrowserActivity t145}}} to stack=1 task=145 at 0
11-02 18:41:32.454 V/WindowManager( 2021): Adding window Window{27f5a0fc u0 Starting com.ipanel.android_webview.shell} at 8 of 13 (after Window{148933ec u0 com.suma.midware.setting/com.suma.midware.setting.net.NetInfoActivity})
11-02 18:41:32.457 W/ContextImpl( 2489): Calling a method in the system process without a qualified user: android.app.ContextImpl.sendBroadcast:1345 android.content.ContextWrapper.sendBroadcast:377 android.app.ActivityThread.performPauseActivity:3259 android.app.ActivityThread.performPauseActivity:3225 android.app.ActivityThread.handlePauseActivity:3200 
11-02 18:41:32.480 I/ActivityManager( 2021): Start proc 4852:com.ipanel.android_webview.shell/u0a24 for activity com.ipanel.android_webview.shell/com.ipanel.webapp.BrowserActivity
11-02 18:41:32.486 W/ViewRootImpl( 2489): Cancelling event due to no window focus: KeyEvent { action=ACTION_UP, keyCode=KEYCODE_DPAD_CENTER, scanCode=28, metaState=0, flags=0x28, repeatCount=0, eventTime=2032905, downTime=2032893, deviceId=3, source=0x701 }
11-02 18:41:32.486 W/ViewRootImpl( 2489): Cancelling event due to no window focus: KeyEvent { action=ACTION_UP, keyCode=KEYCODE_DPAD_CENTER, scanCode=28, metaState=0, flags=0x28, repeatCount=0, eventTime=2032905, downTime=2032893, deviceId=3, source=0x701 }
11-02 18:41:32.486 W/ViewRootImpl( 2489): Cancelling event due to no window focus: KeyEvent { action=ACTION_UP, keyCode=KEYCODE_DPAD_CENTER, scanCode=28, metaState=0, flags=0x28, repeatCount=0, eventTime=2032905, downTime=2032893, deviceId=3, source=0x701 }
11-02 18:41:32.487 W/ViewRootImpl( 2489): Cancelling event due to no window focus: KeyEvent { action=ACTION_UP, keyCode=KEYCODE_DPAD_CENTER, scanCode=28, metaState=0, flags=0x28, repeatCount=0, eventTime=2032905, downTime=2032893, deviceId=3, source=0x701 }
11-02 18:41:32.487 W/ViewRootImpl( 2489): Cancelling event due to no window focus: KeyEvent { action=ACTION_UP, keyCode=KEYCODE_DPAD_CENTER, scanCode=28, metaState=0, flags=0x28, repeatCount=0, eventTime=2032905, downTime=2032893, deviceId=3, source=0x701 }
11-02 18:41:32.487 W/ViewRootImpl( 2489): Cancelling event due to no window focus: KeyEvent { action=ACTION_UP, keyCode=KEYCODE_DPAD_CENTER, scanCode=28, metaState=0, flags=0x28, repeatCount=0, eventTime=2032905, downTime=2032893, deviceId=3, source=0x701 }
11-02 18:41:32.876 V/WindowManager( 2021): Adding window Window{1ba47fe2 u0 com.ipanel.android_webview.shell/com.ipanel.webapp.BrowserActivity} at 8 of 14 (before Window{27f5a0fc u0 Starting com.ipanel.android_webview.shell})
11-02 18:41:32.900 D/ConnectivityService( 2021): listenForNetwork for NetworkRequest [ id=9, legacyType=-1, [ Capabilities: INTERNET&NOT_RESTRICTED&TRUSTED] ]
11-02 18:41:32.900 D/ConnectivityService( 2021): handleRegisterNetworkRequest checking NetworkAgentInfo [WIFI () - 101]
11-02 18:41:32.900 D/ConnectivityService( 2021): apparently satisfied.  currentScore=60
11-02 18:41:32.982 V/WindowManager( 2021): Adding window Window{af69fcf u0 SurfaceView} at 8 of 15 (before Window{1ba47fe2 u0 com.ipanel.android_webview.shell/com.ipanel.webapp.BrowserActivity})
11-02 18:41:33.069 V/WindowManager( 2021): Adding window Window{2e242865 u0 SurfaceView} at 9 of 16 (before Window{1ba47fe2 u0 com.ipanel.android_webview.shell/com.ipanel.webapp.BrowserActivity})
11-02 18:41:33.136 W/ViewRootImpl( 4852): Cancelling event due to no window focus: KeyEvent { action=ACTION_UP, keyCode=KEYCODE_DPAD_CENTER, scanCode=28, metaState=0, flags=0x80000028, repeatCount=0, eventTime=2033210, downTime=2032893, deviceId=3, source=0x701 }
11-02 18:41:33.136 W/ViewRootImpl( 4852): Cancelling event due to no window focus: KeyEvent { action=ACTION_UP, keyCode=KEYCODE_DPAD_CENTER, scanCode=28, metaState=0, flags=0x80000028, repeatCount=0, eventTime=2033210, downTime=2032893, deviceId=3, source=0x701 }
11-02 18:41:33.136 W/ViewRootImpl( 4852): Cancelling event due to no window focus: KeyEvent { action=ACTION_UP, keyCode=KEYCODE_DPAD_CENTER, scanCode=28, metaState=0, flags=0x80000028, repeatCount=0, eventTime=2033210, downTime=2032893, deviceId=3, source=0x701 }
11-02 18:41:33.137 W/ViewRootImpl( 4852): Cancelling event due to no window focus: KeyEvent { action=ACTION_UP, keyCode=KEYCODE_DPAD_CENTER, scanCode=28, metaState=0, flags=0x80000028, repeatCount=0, eventTime=2033210, downTime=2032893, deviceId=3, source=0x701 }
11-02 18:41:33.137 W/ViewRootImpl( 4852): Cancelling event due to no window focus: KeyEvent { action=ACTION_UP, keyCode=KEYCODE_DPAD_CENTER, scanCode=28, metaState=0, flags=0x80000028, repeatCount=0, eventTime=2033210, downTime=2032893, deviceId=3, source=0x701 }
11-02 18:41:33.137 W/ViewRootImpl( 4852): Cancelling event due to no window focus: KeyEvent { action=ACTION_UP, keyCode=KEYCODE_DPAD_CENTER, scanCode=28, metaState=0, flags=0x80000028, repeatCount=0, eventTime=2033210, downTime=2032893, deviceId=3, source=0x701 }
11-02 18:41:33.142 W/ViewRootImpl( 4852): Cancelling event due to no window focus: KeyEvent { action=ACTION_UP, keyCode=KEYCODE_DPAD_CENTER, scanCode=28, metaState=0, flags=0x80000028, repeatCount=0, eventTime=2033210, downTime=2032893, deviceId=3, source=0x701 }
11-02 18:41:33.142 W/ViewRootImpl( 4852): Cancelling event due to no window focus: KeyEvent { action=ACTION_UP, keyCode=KEYCODE_DPAD_CENTER, scanCode=28, metaState=0, flags=0x80000028, repeatCount=0, eventTime=2033210, downTime=2032893, deviceId=3, source=0x701 }
11-02 18:41:33.142 W/ViewRootImpl( 4852): Cancelling event due to no window focus: KeyEvent { action=ACTION_UP, keyCode=KEYCODE_DPAD_CENTER, scanCode=28, metaState=0, flags=0x80000028, repeatCount=0, eventTime=2033210, downTime=2032893, deviceId=3, source=0x701 }
11-02 18:41:35.961 D/TaskPersister( 2021): removeObsoleteFile: deleting file=144_task.xml
11-02 18:41:48.004 W/ContextImpl( 2367): Calling a method in the system process without a qualified user: android.app.ContextImpl.sendBroadcast:1345 android.content.ContextWrapper.sendBroadcast:377 com.suma.midware.back.esg.e.f:-1 com.suma.midware.back.esg.f.run:-1 com.suma.midware.prop.util.c.run:-1 
11-02 18:41:49.005 W/ContextImpl( 2367): Calling a method in the system process without a qualified user: android.app.ContextImpl.sendBroadcast:1345 android.content.ContextWrapper.sendBroadcast:377 com.suma.midware.back.esg.e.f:-1 com.suma.midware.back.esg.f.run:-1 com.suma.midware.prop.util.c.run:-1 
11-02 18:41:50.008 W/ContextImpl( 2367): Calling a method in the system process without a qualified user: android.app.ContextImpl.sendBroadcast:1345 android.content.ContextWrapper.sendBroadcast:377 com.suma.midware.back.esg.e.f:-1 com.suma.midware.back.esg.f.run:-1 com.suma.midware.prop.util.c.run:-1 
11-02 18:42:53.073 W/ContextImpl( 2367): Calling a method in the system process without a qualified user: android.app.ContextImpl.sendBroadcast:1345 android.content.ContextWrapper.sendBroadcast:377 com.suma.midware.back.esg.e.f:-1 com.suma.midware.back.esg.f.run:-1 com.suma.midware.prop.util.c.run:-1 
11-02 18:42:54.075 W/ContextImpl( 2367): Calling a method in the system process without a qualified user: android.app.ContextImpl.sendBroadcast:1345 android.content.ContextWrapper.sendBroadcast:377 com.suma.midware.back.esg.e.f:-1 com.suma.midware.back.esg.f.run:-1 com.suma.midware.prop.util.c.run:-1 
11-02 18:42:55.078 W/ContextImpl( 2367): Calling a method in the system process without a qualified user: android.app.ContextImpl.sendBroadcast:1345 android.content.ContextWrapper.sendBroadcast:377 com.suma.midware.back.esg.e.f:-1 com.suma.midware.back.esg.f.run:-1 com.suma.midware.prop.util.c.run:-1 
11-02 18:43:58.137 W/ContextImpl( 2367): Calling a method in the system process without a qualified user: android.app.ContextImpl.sendBroadcast:1345 android.content.ContextWrapper.sendBroadcast:377 com.suma.midware.back.esg.e.f:-1 com.suma.midware.back.esg.f.run:-1 com.suma.midware.prop.util.c.run:-1 
11-02 18:43:59.140 W/ContextImpl( 2367): Calling a method in the system process without a qualified user: android.app.ContextImpl.sendBroadcast:1345 android.content.ContextWrapper.sendBroadcast:377 com.suma.midware.back.esg.e.f:-1 com.suma.midware.back.esg.f.run:-1 com.suma.midware.prop.util.c.run:-1 
11-02 18:44:00.143 W/ContextImpl( 2367): Calling a method in the system process without a qualified user: android.app.ContextImpl.sendBroadcast:1345 android.content.ContextWrapper.sendBroadcast:377 com.suma.midware.back.esg.e.f:-1 com.suma.midware.back.esg.f.run:-1 com.suma.midware.prop.util.c.run:-1 
11-02 18:44:22.693 W/InputMethodManagerService( 2021): Starting input on non-focused client com.android.internal.view.IInputMethodClient$Stub$Proxy@f152b63 (uid=10024 pid=4852)
11-02 18:44:23.289 I/ActivityManager( 2021): Force stopping com.ipanel.android_webview.shell appid=10024 user=0: from pid 2367
11-02 18:44:23.289 I/ActivityManager( 2021): Killing 4852:com.ipanel.android_webview.shell/u0a24 (adj 0): stop com.ipanel.android_webview.shell
11-02 18:44:23.307 I/WindowState( 2021): WIN DEATH: Window{1ba47fe2 u0 com.ipanel.android_webview.shell/com.ipanel.webapp.BrowserActivity}
11-02 18:44:23.307 D/ConnectivityService( 2021): ConnectivityService NetworkRequestInfo binderDied(NetworkRequest [ id=9, legacyType=-1, [ Capabilities: INTERNET&NOT_RESTRICTED&TRUSTED] ], android.os.BinderProxy@10cdd360)
11-02 18:44:23.307 W/WindowManager( 2021): Force-removing child win Window{2e242865 u0 SurfaceView} from container Window{1ba47fe2 u0 com.ipanel.android_webview.shell/com.ipanel.webapp.BrowserActivity}
11-02 18:44:23.307 D/ConnectivityService( 2021): releasing NetworkRequest NetworkRequest [ id=9, legacyType=-1, [ Capabilities: INTERNET&NOT_RESTRICTED&TRUSTED] ]
11-02 18:44:23.314 E/ConnectivityService( 2021): RemoteException caught trying to send a callback msg for NetworkRequest [ id=9, legacyType=-1, [ Capabilities: INTERNET&NOT_RESTRICTED&TRUSTED] ]
11-02 18:44:23.317 W/WindowManager( 2021): Force-removing child win Window{af69fcf u0 SurfaceView} from container Window{1ba47fe2 u0 com.ipanel.android_webview.shell/com.ipanel.webapp.BrowserActivity}
11-02 18:44:23.318 W/ActivityManager( 2021): Force removing ActivityRecord{216327cd u0 com.ipanel.android_webview.shell/com.ipanel.webapp.BrowserActivity t145}: app died, no saved state
11-02 18:44:23.320 W/WindowManager( 2021): Failed looking up window
11-02 18:44:23.320 W/WindowManager( 2021): java.lang.IllegalArgumentException: Requested window android.os.BinderProxy@38cd4d5c does not exist
11-02 18:44:23.320 W/WindowManager( 2021): 	at com.android.server.wm.WindowManagerService.windowForClientLocked(WindowManagerService.java:8654)
11-02 18:44:23.320 W/WindowManager( 2021): 	at com.android.server.wm.WindowManagerService.windowForClientLocked(WindowManagerService.java:8645)
11-02 18:44:23.320 W/WindowManager( 2021): 	at com.android.server.wm.WindowState$DeathRecipient.binderDied(WindowState.java:1142)
11-02 18:44:23.320 W/WindowManager( 2021): 	at android.os.BinderProxy.sendDeathNotice(Binder.java:551)
11-02 18:44:23.320 I/WindowState( 2021): WIN DEATH: null
11-02 18:44:23.321 W/WindowManager( 2021): Failed looking up window
11-02 18:44:23.321 W/WindowManager( 2021): java.lang.IllegalArgumentException: Requested window android.os.BinderProxy@230eb82e does not exist
11-02 18:44:23.321 W/WindowManager( 2021): 	at com.android.server.wm.WindowManagerService.windowForClientLocked(WindowManagerService.java:8654)
11-02 18:44:23.321 W/WindowManager( 2021): 	at com.android.server.wm.WindowManagerService.windowForClientLocked(WindowManagerService.java:8645)
11-02 18:44:23.321 W/WindowManager( 2021): 	at com.android.server.wm.WindowState$DeathRecipient.binderDied(WindowState.java:1142)
11-02 18:44:23.321 W/WindowManager( 2021): 	at android.os.BinderProxy.sendDeathNotice(Binder.java:551)
11-02 18:44:23.321 I/WindowState( 2021): WIN DEATH: null
11-02 18:44:23.324 W/ActivityManager( 2021): Spurious death for ProcessRecord{3a4a7019 4852:com.ipanel.android_webview.shell/u0a24}, curProc for 4852: null
11-02 18:44:23.325 I/ActivityManager( 2021): Force stopping com.amlogic.inputmethod.remote appid=10019 user=0: from pid 2367
11-02 18:44:23.325 I/ActivityManager( 2021): Killing 4833:com.amlogic.inputmethod.remote/u0a19 (adj 2): stop com.amlogic.inputmethod.remote
11-02 18:44:23.334 W/ActivityManager( 2021): Scheduling restart of crashed service com.amlogic.inputmethod.remote/.RemoteIME in 1000ms
11-02 18:44:23.335 I/ActivityManager( 2021):   Force stopping service ServiceRecord{2b55e41b u0 com.amlogic.inputmethod.remote/.RemoteIME}
11-02 18:44:23.337 W/InputMethodManagerService( 2021): Session failed to close due to remote exception
11-02 18:44:23.337 W/InputMethodManagerService( 2021): android.os.DeadObjectException
11-02 18:44:23.337 W/InputMethodManagerService( 2021): 	at android.os.BinderProxy.transactNative(Native Method)
11-02 18:44:23.337 W/InputMethodManagerService( 2021): 	at android.os.BinderProxy.transact(Binder.java:496)
11-02 18:44:23.337 W/InputMethodManagerService( 2021): 	at com.android.internal.view.IInputMethodSession$Stub$Proxy.finishSession(IInputMethodSession.java:305)
11-02 18:44:23.337 W/InputMethodManagerService( 2021): 	at com.android.server.InputMethodManagerService.finishSessionLocked(InputMethodManagerService.java:1420)
11-02 18:44:23.337 W/InputMethodManagerService( 2021): 	at com.android.server.InputMethodManagerService.clearClientSessionLocked(InputMethodManagerService.java:1411)
11-02 18:44:23.337 W/InputMethodManagerService( 2021): 	at com.android.server.InputMethodManagerService.clearCurMethodLocked(InputMethodManagerService.java:1437)
11-02 18:44:23.337 W/InputMethodManagerService( 2021): 	at com.android.server.InputMethodManagerService.onServiceDisconnected(InputMethodManagerService.java:1456)
11-02 18:44:23.337 W/InputMethodManagerService( 2021): 	at android.app.LoadedApk$ServiceDispatcher.doDeath(LoadedApk.java:1215)
11-02 18:44:23.337 W/InputMethodManagerService( 2021): 	at android.app.LoadedApk$ServiceDispatcher$RunConnection.run(LoadedApk.java:1229)
11-02 18:44:23.337 W/InputMethodManagerService( 2021): 	at android.os.Handler.handleCallback(Handler.java:739)
11-02 18:44:23.337 W/InputMethodManagerService( 2021): 	at android.os.Handler.dispatchMessage(Handler.java:95)
11-02 18:44:23.337 W/InputMethodManagerService( 2021): 	at android.os.Looper.loop(Looper.java:135)
11-02 18:44:23.337 W/InputMethodManagerService( 2021): 	at com.android.server.SystemServer.run(SystemServer.java:383)
11-02 18:44:23.337 W/InputMethodManagerService( 2021): 	at com.android.server.SystemServer.main(SystemServer.java:178)
11-02 18:44:23.337 W/InputMethodManagerService( 2021): 	at java.lang.reflect.Method.invoke(Native Method)
11-02 18:44:23.337 W/InputMethodManagerService( 2021): 	at java.lang.reflect.Method.invoke(Method.java:372)
11-02 18:44:23.337 W/InputMethodManagerService( 2021): 	at com.android.internal.os.ZygoteInit$MethodAndArgsCaller.run(ZygoteInit.java:903)
11-02 18:44:23.337 W/InputMethodManagerService( 2021): 	at com.android.internal.os.ZygoteInit.main(ZygoteInit.java:698)
11-02 18:44:23.342 W/ActivityManager( 2021): Spurious death for ProcessRecord{1464e391 4833:com.amlogic.inputmethod.remote/u0a19}, curProc for 4833: null
11-02 18:44:23.343 W/InputMethodManagerService( 2021): Session failed to close due to remote exception
11-02 18:44:23.343 W/InputMethodManagerService( 2021): android.os.DeadObjectException
11-02 18:44:23.343 W/InputMethodManagerService( 2021): 	at android.os.BinderProxy.transactNative(Native Method)
11-02 18:44:23.343 W/InputMethodManagerService( 2021): 	at android.os.BinderProxy.transact(Binder.java:496)
11-02 18:44:23.343 W/InputMethodManagerService( 2021): 	at com.android.internal.view.IInputMethodSession$Stub$Proxy.finishSession(IInputMethodSession.java:305)
11-02 18:44:23.343 W/InputMethodManagerService( 2021): 	at com.android.server.InputMethodManagerService.finishSessionLocked(InputMethodManagerService.java:1420)
11-02 18:44:23.343 W/InputMethodManagerService( 2021): 	at com.android.server.InputMethodManagerService.clearClientSessionLocked(InputMethodManagerService.java:1411)
11-02 18:44:23.343 W/InputMethodManagerService( 2021): 	at com.android.server.InputMethodManagerService.clearCurMethodLocked(InputMethodManagerService.java:1437)
11-02 18:44:23.343 W/InputMethodManagerService( 2021): 	at com.android.server.InputMethodManagerService.onServiceDisconnected(InputMethodManagerService.java:1456)
11-02 18:44:23.343 W/InputMethodManagerService( 2021): 	at android.app.LoadedApk$ServiceDispatcher.doDeath(LoadedApk.java:1215)
11-02 18:44:23.343 W/InputMethodManagerService( 2021): 	at android.app.LoadedApk$ServiceDispatcher$RunConnection.run(LoadedApk.java:1229)
11-02 18:44:23.343 W/InputMethodManagerService( 2021): 	at android.os.Handler.handleCallback(Handler.java:739)
11-02 18:44:23.343 W/InputMethodManagerService( 2021): 	at android.os.Handler.dispatchMessage(Handler.java:95)
11-02 18:44:23.343 W/InputMethodManagerService( 2021): 	at android.os.Looper.loop(Looper.java:135)
11-02 18:44:23.343 W/InputMethodManagerService( 2021): 	at com.android.server.SystemServer.run(SystemServer.java:383)
11-02 18:44:23.343 W/InputMethodManagerService( 2021): 	at com.android.server.SystemServer.main(SystemServer.java:178)
11-02 18:44:23.343 W/InputMethodManagerService( 2021): 	at java.lang.reflect.Method.invoke(Native Method)
11-02 18:44:23.343 W/InputMethodManagerService( 2021): 	at java.lang.reflect.Method.invoke(Method.java:372)
11-02 18:44:23.343 W/InputMethodManagerService( 2021): 	at com.android.internal.os.ZygoteInit$MethodAndArgsCaller.run(ZygoteInit.java:903)
11-02 18:44:23.343 W/InputMethodManagerService( 2021): 	at com.android.internal.os.ZygoteInit.main(ZygoteInit.java:698)
11-02 18:44:23.343 W/ActivityManager( 2021): Invalid packageName: android.process.media
11-02 18:44:23.344 I/ActivityManager( 2021): Force stopping com.android.phone appid=1001 user=0: from pid 2367
11-02 18:44:23.345 I/ActivityManager( 2021): Force stopping com.suma.midware.dms appid=1000 user=0: from pid 2367
11-02 18:44:23.347 I/ActivityManager( 2021): Force stopping com.hisilicon.android.hiRMService appid=1000 user=0: from pid 2367
11-02 18:44:23.360 I/ActivityManager( 2021): Config changes=20 {1.0 ?mcc?mnc zh_CN ?layoutDir sw720dp w1280dp h720dp 160dpi xlrg long land television -touch -keyb/h/h dpad/v s.15}
11-02 18:44:23.363 W/ContextImpl( 2489): Calling a method in the system process without a qualified user: android.app.ContextImpl.sendBroadcast:1345 android.content.ContextWrapper.sendBroadcast:377 com.suma.midware.view.ext.BluetoothUpdate.b:-1 com.suma.midware.home.third.Main3DActivity.onResume:-1 android.app.Instrumentation.callActivityOnResume:1257 
11-02 18:44:23.371 W/ContextImpl( 2489): Calling a method in the system process without a qualified user: android.app.ContextImpl.sendBroadcast:1345 android.content.ContextWrapper.sendBroadcast:377 android.app.ActivityThread.performResumeActivity:2982 android.app.ActivityThread.handleResumeActivity:3023 android.app.ActivityThread$H.handleMessage:1347 
11-02 18:44:23.373 I/ActivityManager( 2021): Config changes=20 {1.0 ?mcc?mnc zh_CN ?layoutDir sw720dp w1280dp h720dp 160dpi xlrg long land television -touch -keyb/v/h dpad/v s.16}
11-02 18:44:23.386 E/ActivityThread( 2163): Failed to find provider info for com.android.contacts
11-02 18:44:23.413 E/ActivityThread( 2163): Failed to find provider info for com.android.contacts
11-02 18:44:32.740 I/ActivityManager( 2021): Start proc 5051:com.amlogic.inputmethod.remote/u0a19 for service com.amlogic.inputmethod.remote/.RemoteIME
11-02 18:44:32.741 V/InputMethodManagerService( 2021): Adding window token: android.os.Binder@1ca99742
11-02 18:45:03.213 W/ContextImpl( 2367): Calling a method in the system process without a qualified user: android.app.ContextImpl.sendBroadcast:1345 android.content.ContextWrapper.sendBroadcast:377 com.suma.midware.back.esg.e.f:-1 com.suma.midware.back.esg.f.run:-1 com.suma.midware.prop.util.c.run:-1 
11-02 18:45:04.216 W/ContextImpl( 2367): Calling a method in the system process without a qualified user: android.app.ContextImpl.sendBroadcast:1345 android.content.ContextWrapper.sendBroadcast:377 com.suma.midware.back.esg.e.f:-1 com.suma.midware.back.esg.f.run:-1 com.suma.midware.prop.util.c.run:-1 
11-02 18:45:05.219 W/ContextImpl( 2367): Calling a method in the system process without a qualified user: android.app.ContextImpl.sendBroadcast:1345 android.content.ContextWrapper.sendBroadcast:377 com.suma.midware.back.esg.e.f:-1 com.suma.midware.back.esg.f.run:-1 com.suma.midware.prop.util.c.run:-1 
11-02 18:45:52.339 I/ActivityManager( 2021): START u0 {act= cmp=com.ipanel.android_webview.shell/com.ipanel.webapp.BrowserActivity (has extras)} from uid 1000 on display 0
11-02 18:45:52.343 V/WindowManager( 2021): addAppToken: AppWindowToken{284839cb token=Token{2bb6cc9a ActivityRecord{10b1bd45 u0 com.ipanel.android_webview.shell/com.ipanel.webapp.BrowserActivity t146}}} to stack=1 task=146 at 0
11-02 18:45:52.345 V/WindowManager( 2021): Adding window Window{28cc7454 u0 Starting com.ipanel.android_webview.shell} at 8 of 13 (after Window{148933ec u0 com.suma.midware.setting/com.suma.midware.setting.net.NetInfoActivity})
11-02 18:45:52.349 W/ContextImpl( 2489): Calling a method in the system process without a qualified user: android.app.ContextImpl.sendBroadcast:1345 android.content.ContextWrapper.sendBroadcast:377 android.app.ActivityThread.performPauseActivity:3259 android.app.ActivityThread.performPauseActivity:3225 android.app.ActivityThread.handlePauseActivity:3200 
11-02 18:45:52.399 I/ActivityManager( 2021): Start proc 5119:com.ipanel.android_webview.shell/u0a24 for activity com.ipanel.android_webview.shell/com.ipanel.webapp.BrowserActivity
11-02 18:45:52.403 W/ViewRootImpl( 2489): Cancelling event due to no window focus: KeyEvent { action=ACTION_UP, keyCode=KEYCODE_DPAD_CENTER, scanCode=28, metaState=0, flags=0x28, repeatCount=0, eventTime=2292799, downTime=2292783, deviceId=3, source=0x701 }
11-02 18:45:52.403 W/ViewRootImpl( 2489): Cancelling event due to no window focus: KeyEvent { action=ACTION_UP, keyCode=KEYCODE_DPAD_CENTER, scanCode=28, metaState=0, flags=0x28, repeatCount=0, eventTime=2292799, downTime=2292783, deviceId=3, source=0x701 }
11-02 18:45:52.403 W/ViewRootImpl( 2489): Cancelling event due to no window focus: KeyEvent { action=ACTION_UP, keyCode=KEYCODE_DPAD_CENTER, scanCode=28, metaState=0, flags=0x28, repeatCount=0, eventTime=2292799, downTime=2292783, deviceId=3, source=0x701 }
11-02 18:45:52.403 W/ViewRootImpl( 2489): Cancelling event due to no window focus: KeyEvent { action=ACTION_UP, keyCode=KEYCODE_DPAD_CENTER, scanCode=28, metaState=0, flags=0x28, repeatCount=0, eventTime=2292799, downTime=2292783, deviceId=3, source=0x701 }
11-02 18:45:52.403 W/ViewRootImpl( 2489): Cancelling event due to no window focus: KeyEvent { action=ACTION_UP, keyCode=KEYCODE_DPAD_CENTER, scanCode=28, metaState=0, flags=0x28, repeatCount=0, eventTime=2292799, downTime=2292783, deviceId=3, source=0x701 }
11-02 18:45:52.403 W/ViewRootImpl( 2489): Cancelling event due to no window focus: KeyEvent { action=ACTION_UP, keyCode=KEYCODE_DPAD_CENTER, scanCode=28, metaState=0, flags=0x28, repeatCount=0, eventTime=2292799, downTime=2292783, deviceId=3, source=0x701 }
11-02 18:45:52.714 V/WindowManager( 2021): Adding window Window{14f09ffa u0 com.ipanel.android_webview.shell/com.ipanel.webapp.BrowserActivity} at 8 of 14 (before Window{28cc7454 u0 Starting com.ipanel.android_webview.shell})
11-02 18:45:52.735 D/ConnectivityService( 2021): listenForNetwork for NetworkRequest [ id=10, legacyType=-1, [ Capabilities: INTERNET&NOT_RESTRICTED&TRUSTED] ]
11-02 18:45:52.735 D/ConnectivityService( 2021): handleRegisterNetworkRequest checking NetworkAgentInfo [WIFI () - 101]
11-02 18:45:52.735 D/ConnectivityService( 2021): apparently satisfied.  currentScore=60
11-02 18:45:52.864 V/WindowManager( 2021): Adding window Window{12390587 u0 SurfaceView} at 8 of 15 (before Window{14f09ffa u0 com.ipanel.android_webview.shell/com.ipanel.webapp.BrowserActivity})
11-02 18:45:52.937 V/WindowManager( 2021): Adding window Window{280090dd u0 SurfaceView} at 9 of 16 (before Window{14f09ffa u0 com.ipanel.android_webview.shell/com.ipanel.webapp.BrowserActivity})
11-02 18:45:52.983 W/ViewRootImpl( 5119): Cancelling event due to no window focus: KeyEvent { action=ACTION_UP, keyCode=KEYCODE_DPAD_CENTER, scanCode=28, metaState=0, flags=0x80000028, repeatCount=0, eventTime=2292993, downTime=2292783, deviceId=3, source=0x701 }
11-02 18:45:52.983 W/ViewRootImpl( 5119): Cancelling event due to no window focus: KeyEvent { action=ACTION_UP, keyCode=KEYCODE_DPAD_CENTER, scanCode=28, metaState=0, flags=0x80000028, repeatCount=0, eventTime=2292993, downTime=2292783, deviceId=3, source=0x701 }
11-02 18:45:52.983 W/ViewRootImpl( 5119): Cancelling event due to no window focus: KeyEvent { action=ACTION_UP, keyCode=KEYCODE_DPAD_CENTER, scanCode=28, metaState=0, flags=0x80000028, repeatCount=0, eventTime=2292993, downTime=2292783, deviceId=3, source=0x701 }
11-02 18:45:52.983 W/ViewRootImpl( 5119): Cancelling event due to no window focus: KeyEvent { action=ACTION_UP, keyCode=KEYCODE_DPAD_CENTER, scanCode=28, metaState=0, flags=0x80000028, repeatCount=0, eventTime=2292993, downTime=2292783, deviceId=3, source=0x701 }
11-02 18:45:52.983 W/ViewRootImpl( 5119): Cancelling event due to no window focus: KeyEvent { action=ACTION_UP, keyCode=KEYCODE_DPAD_CENTER, scanCode=28, metaState=0, flags=0x80000028, repeatCount=0, eventTime=2292993, downTime=2292783, deviceId=3, source=0x701 }
11-02 18:45:52.983 W/ViewRootImpl( 5119): Cancelling event due to no window focus: KeyEvent { action=ACTION_UP, keyCode=KEYCODE_DPAD_CENTER, scanCode=28, metaState=0, flags=0x80000028, repeatCount=0, eventTime=2292993, downTime=2292783, deviceId=3, source=0x701 }
11-02 18:45:52.984 W/ViewRootImpl( 5119): Cancelling event due to no window focus: KeyEvent { action=ACTION_UP, keyCode=KEYCODE_DPAD_CENTER, scanCode=28, metaState=0, flags=0x80000028, repeatCount=0, eventTime=2292993, downTime=2292783, deviceId=3, source=0x701 }
11-02 18:45:52.984 W/ViewRootImpl( 5119): Cancelling event due to no window focus: KeyEvent { action=ACTION_UP, keyCode=KEYCODE_DPAD_CENTER, scanCode=28, metaState=0, flags=0x80000028, repeatCount=0, eventTime=2292993, downTime=2292783, deviceId=3, source=0x701 }
11-02 18:45:52.985 W/ViewRootImpl( 5119): Cancelling event due to no window focus: KeyEvent { action=ACTION_UP, keyCode=KEYCODE_DPAD_CENTER, scanCode=28, metaState=0, flags=0x80000028, repeatCount=0, eventTime=2292993, downTime=2292783, deviceId=3, source=0x701 }
11-02 18:45:55.853 D/TaskPersister( 2021): removeObsoleteFile: deleting file=145_task.xml
11-02 18:46:08.278 W/ContextImpl( 2367): Calling a method in the system process without a qualified user: android.app.ContextImpl.sendBroadcast:1345 android.content.ContextWrapper.sendBroadcast:377 com.suma.midware.back.esg.e.f:-1 com.suma.midware.back.esg.f.run:-1 com.suma.midware.prop.util.c.run:-1 
11-02 18:46:09.281 W/ContextImpl( 2367): Calling a method in the system process without a qualified user: android.app.ContextImpl.sendBroadcast:1345 android.content.ContextWrapper.sendBroadcast:377 com.suma.midware.back.esg.e.f:-1 com.suma.midware.back.esg.f.run:-1 com.suma.midware.prop.util.c.run:-1 
11-02 18:46:10.283 W/ContextImpl( 2367): Calling a method in the system process without a qualified user: android.app.ContextImpl.sendBroadcast:1345 android.content.ContextWrapper.sendBroadcast:377 com.suma.midware.back.esg.e.f:-1 com.suma.midware.back.esg.f.run:-1 com.suma.midware.prop.util.c.run:-1 
11-02 18:47:13.354 W/ContextImpl( 2367): Calling a method in the system process without a qualified user: android.app.ContextImpl.sendBroadcast:1345 android.content.ContextWrapper.sendBroadcast:377 com.suma.midware.back.esg.e.f:-1 com.suma.midware.back.esg.f.run:-1 com.suma.midware.prop.util.c.run:-1 
11-02 18:47:14.357 W/ContextImpl( 2367): Calling a method in the system process without a qualified user: android.app.ContextImpl.sendBroadcast:1345 android.content.ContextWrapper.sendBroadcast:377 com.suma.midware.back.esg.e.f:-1 com.suma.midware.back.esg.f.run:-1 com.suma.midware.prop.util.c.run:-1 
11-02 18:47:15.360 W/ContextImpl( 2367): Calling a method in the system process without a qualified user: android.app.ContextImpl.sendBroadcast:1345 android.content.ContextWrapper.sendBroadcast:377 com.suma.midware.back.esg.e.f:-1 com.suma.midware.back.esg.f.run:-1 com.suma.midware.prop.util.c.run:-1 
11-02 18:47:25.453 W/InputMethodManagerService( 2021): Starting input on non-focused client com.android.internal.view.IInputMethodClient$Stub$Proxy@2985239b (uid=10024 pid=5119)
11-02 18:47:26.033 I/ActivityManager( 2021): Force stopping com.ipanel.android_webview.shell appid=10024 user=0: from pid 2367
11-02 18:47:26.033 I/ActivityManager( 2021): Killing 5119:com.ipanel.android_webview.shell/u0a24 (adj 0): stop com.ipanel.android_webview.shell
11-02 18:47:26.052 I/WindowState( 2021): WIN DEATH: Window{14f09ffa u0 com.ipanel.android_webview.shell/com.ipanel.webapp.BrowserActivity}
11-02 18:47:26.052 W/WindowManager( 2021): Force-removing child win Window{280090dd u0 SurfaceView} from container Window{14f09ffa u0 com.ipanel.android_webview.shell/com.ipanel.webapp.BrowserActivity}
11-02 18:47:26.052 D/ConnectivityService( 2021): ConnectivityService NetworkRequestInfo binderDied(NetworkRequest [ id=10, legacyType=-1, [ Capabilities: INTERNET&NOT_RESTRICTED&TRUSTED] ], android.os.BinderProxy@236b9338)
11-02 18:47:26.053 D/ConnectivityService( 2021): releasing NetworkRequest NetworkRequest [ id=10, legacyType=-1, [ Capabilities: INTERNET&NOT_RESTRICTED&TRUSTED] ]
11-02 18:47:26.059 E/ConnectivityService( 2021): RemoteException caught trying to send a callback msg for NetworkRequest [ id=10, legacyType=-1, [ Capabilities: INTERNET&NOT_RESTRICTED&TRUSTED] ]
11-02 18:47:26.060 W/WindowManager( 2021): Force-removing child win Window{12390587 u0 SurfaceView} from container Window{14f09ffa u0 com.ipanel.android_webview.shell/com.ipanel.webapp.BrowserActivity}
11-02 18:47:26.061 W/ActivityManager( 2021): Force removing ActivityRecord{10b1bd45 u0 com.ipanel.android_webview.shell/com.ipanel.webapp.BrowserActivity t146}: app died, no saved state
11-02 18:47:26.064 W/WindowManager( 2021): Failed looking up window
11-02 18:47:26.064 W/WindowManager( 2021): java.lang.IllegalArgumentException: Requested window android.os.BinderProxy@598c1c6 does not exist
11-02 18:47:26.064 W/WindowManager( 2021): 	at com.android.server.wm.WindowManagerService.windowForClientLocked(WindowManagerService.java:8654)
11-02 18:47:26.064 W/WindowManager( 2021): 	at com.android.server.wm.WindowManagerService.windowForClientLocked(WindowManagerService.java:8645)
11-02 18:47:26.064 W/WindowManager( 2021): 	at com.android.server.wm.WindowState$DeathRecipient.binderDied(WindowState.java:1142)
11-02 18:47:26.064 W/WindowManager( 2021): 	at android.os.BinderProxy.sendDeathNotice(Binder.java:551)
11-02 18:47:26.064 I/WindowState( 2021): WIN DEATH: null
11-02 18:47:26.064 W/WindowManager( 2021): Failed looking up window
11-02 18:47:26.064 W/WindowManager( 2021): java.lang.IllegalArgumentException: Requested window android.os.BinderProxy@2f60acb4 does not exist
11-02 18:47:26.064 W/WindowManager( 2021): 	at com.android.server.wm.WindowManagerService.windowForClientLocked(WindowManagerService.java:8654)
11-02 18:47:26.064 W/WindowManager( 2021): 	at com.android.server.wm.WindowManagerService.windowForClientLocked(WindowManagerService.java:8645)
11-02 18:47:26.064 W/WindowManager( 2021): 	at com.android.server.wm.WindowState$DeathRecipient.binderDied(WindowState.java:1142)
11-02 18:47:26.064 W/WindowManager( 2021): 	at android.os.BinderProxy.sendDeathNotice(Binder.java:551)
11-02 18:47:26.064 I/WindowState( 2021): WIN DEATH: null
11-02 18:47:26.073 W/ActivityManager( 2021): Spurious death for ProcessRecord{30f8ef11 5119:com.ipanel.android_webview.shell/u0a24}, curProc for 5119: null
11-02 18:47:26.073 I/ActivityManager( 2021): Force stopping com.amlogic.inputmethod.remote appid=10019 user=0: from pid 2367
11-02 18:47:26.073 I/ActivityManager( 2021): Killing 5051:com.amlogic.inputmethod.remote/u0a19 (adj 2): stop com.amlogic.inputmethod.remote
11-02 18:47:26.084 W/ActivityManager( 2021): Scheduling restart of crashed service com.amlogic.inputmethod.remote/.RemoteIME in 1000ms
11-02 18:47:26.084 I/ActivityManager( 2021):   Force stopping service ServiceRecord{1f57b353 u0 com.amlogic.inputmethod.remote/.RemoteIME}
11-02 18:47:26.085 W/InputMethodManagerService( 2021): Session failed to close due to remote exception
11-02 18:47:26.085 W/InputMethodManagerService( 2021): android.os.DeadObjectException
11-02 18:47:26.085 W/InputMethodManagerService( 2021): 	at android.os.BinderProxy.transactNative(Native Method)
11-02 18:47:26.085 W/InputMethodManagerService( 2021): 	at android.os.BinderProxy.transact(Binder.java:496)
11-02 18:47:26.085 W/InputMethodManagerService( 2021): 	at com.android.internal.view.IInputMethodSession$Stub$Proxy.finishSession(IInputMethodSession.java:305)
11-02 18:47:26.085 W/InputMethodManagerService( 2021): 	at com.android.server.InputMethodManagerService.finishSessionLocked(InputMethodManagerService.java:1420)
11-02 18:47:26.085 W/InputMethodManagerService( 2021): 	at com.android.server.InputMethodManagerService.clearClientSessionLocked(InputMethodManagerService.java:1411)
11-02 18:47:26.085 W/InputMethodManagerService( 2021): 	at com.android.server.InputMethodManagerService.clearCurMethodLocked(InputMethodManagerService.java:1437)
11-02 18:47:26.085 W/InputMethodManagerService( 2021): 	at com.android.server.InputMethodManagerService.onServiceDisconnected(InputMethodManagerService.java:1456)
11-02 18:47:26.085 W/InputMethodManagerService( 2021): 	at android.app.LoadedApk$ServiceDispatcher.doDeath(LoadedApk.java:1215)
11-02 18:47:26.085 W/InputMethodManagerService( 2021): 	at android.app.LoadedApk$ServiceDispatcher$RunConnection.run(LoadedApk.java:1229)
11-02 18:47:26.085 W/InputMethodManagerService( 2021): 	at android.os.Handler.handleCallback(Handler.java:739)
11-02 18:47:26.085 W/InputMethodManagerService( 2021): 	at android.os.Handler.dispatchMessage(Handler.java:95)
11-02 18:47:26.085 W/InputMethodManagerService( 2021): 	at android.os.Looper.loop(Looper.java:135)
11-02 18:47:26.085 W/InputMethodManagerService( 2021): 	at com.android.server.SystemServer.run(SystemServer.java:383)
11-02 18:47:26.085 W/InputMethodManagerService( 2021): 	at com.android.server.SystemServer.main(SystemServer.java:178)
11-02 18:47:26.085 W/InputMethodManagerService( 2021): 	at java.lang.reflect.Method.invoke(Native Method)
11-02 18:47:26.085 W/InputMethodManagerService( 2021): 	at java.lang.reflect.Method.invoke(Method.java:372)
11-02 18:47:26.085 W/InputMethodManagerService( 2021): 	at com.android.internal.os.ZygoteInit$MethodAndArgsCaller.run(ZygoteInit.java:903)
11-02 18:47:26.085 W/InputMethodManagerService( 2021): 	at com.android.internal.os.ZygoteInit.main(ZygoteInit.java:698)
