11-02 19:20:42.507 W/InputMethodManagerService( 2021): 	at android.os.BinderProxy.transact(Binder.java:496)
11-02 19:20:42.507 W/InputMethodManagerService( 2021): 	at com.android.internal.view.IInputMethodSession$Stub$Proxy.finishSession(IInputMethodSession.java:305)
11-02 19:20:42.507 W/InputMethodManagerService( 2021): 	at com.android.server.InputMethodManagerService.finishSessionLocked(InputMethodManagerService.java:1420)
11-02 19:20:42.507 W/InputMethodManagerService( 2021): 	at com.android.server.InputMethodManagerService.clearClientSessionLocked(InputMethodManagerService.java:1411)
11-02 19:20:42.507 W/InputMethodManagerService( 2021): 	at com.android.server.InputMethodManagerService.clearCurMethodLocked(InputMethodManagerService.java:1437)
11-02 19:20:42.507 W/InputMethodManagerService( 2021): 	at com.android.server.InputMethodManagerService.onServiceDisconnected(InputMethodManagerService.java:1456)
11-02 19:20:42.507 W/InputMethodManagerService( 2021): 	at android.app.LoadedApk$ServiceDispatcher.doDeath(LoadedApk.java:1215)
11-02 19:20:42.507 W/InputMethodManagerService( 2021): 	at android.app.LoadedApk$ServiceDispatcher$RunConnection.run(LoadedApk.java:1229)
11-02 19:20:42.507 W/InputMethodManagerService( 2021): 	at android.os.Handler.handleCallback(Handler.java:739)
11-02 19:20:42.507 W/InputMethodManagerService( 2021): 	at android.os.Handler.dispatchMessage(Handler.java:95)
11-02 19:20:42.507 W/InputMethodManagerService( 2021): 	at android.os.Looper.loop(Looper.java:135)
11-02 19:20:42.507 W/InputMethodManagerService( 2021): 	at com.android.server.SystemServer.run(SystemServer.java:383)
11-02 19:20:42.507 W/InputMethodManagerService( 2021): 	at com.android.server.SystemServer.main(SystemServer.java:178)
11-02 19:20:42.507 W/InputMethodManagerService( 2021): 	at java.lang.reflect.Method.invoke(Native Method)
11-02 19:20:42.507 W/InputMethodManagerService( 2021): 	at java.lang.reflect.Method.invoke(Method.java:372)
11-02 19:20:42.507 W/InputMethodManagerService( 2021): 	at com.android.internal.os.ZygoteInit$MethodAndArgsCaller.run(ZygoteInit.java:903)
11-02 19:20:42.507 W/InputMethodManagerService( 2021): 	at com.android.internal.os.ZygoteInit.main(ZygoteInit.java:698)
11-02 19:20:42.511 W/ActivityManager( 2021): Scheduling restart of crashed service com.amlogic.inputmethod.remote/.RemoteIME in 1000ms
11-02 19:20:42.511 I/ActivityManager( 2021):   Force stopping service ServiceRecord{35189a1 u0 com.amlogic.inputmethod.remote/.RemoteIME}
11-02 19:20:42.513 W/InputMethodManagerService( 2021): Session failed to close due to remote exception
11-02 19:20:42.513 W/InputMethodManagerService( 2021): android.os.DeadObjectException
11-02 19:20:42.513 W/InputMethodManagerService( 2021): 	at android.os.BinderProxy.transactNative(Native Method)
11-02 19:20:42.513 W/InputMethodManagerService( 2021): 	at android.os.BinderProxy.transact(Binder.java:496)
11-02 19:20:42.513 W/InputMethodManagerService( 2021): 	at com.android.internal.view.IInputMethodSession$Stub$Proxy.finishSession(IInputMethodSession.java:305)
11-02 19:20:42.513 W/InputMethodManagerService( 2021): 	at com.android.server.InputMethodManagerService.finishSessionLocked(InputMethodManagerService.java:1420)
11-02 19:20:42.513 W/InputMethodManagerService( 2021): 	at com.android.server.InputMethodManagerService.clearClientSessionLocked(InputMethodManagerService.java:1411)
11-02 19:20:42.513 W/InputMethodManagerService( 2021): 	at com.android.server.InputMethodManagerService.clearCurMethodLocked(InputMethodManagerService.java:1437)
11-02 19:20:42.513 W/InputMethodManagerService( 2021): 	at com.android.server.InputMethodManagerService.onServiceDisconnected(InputMethodManagerService.java:1456)
11-02 19:20:42.513 W/InputMethodManagerService( 2021): 	at android.app.LoadedApk$ServiceDispatcher.doDeath(LoadedApk.java:1215)
11-02 19:20:42.513 W/InputMethodManagerService( 2021): 	at android.app.LoadedApk$ServiceDispatcher$RunConnection.run(LoadedApk.java:1229)
11-02 19:20:42.513 W/InputMethodManagerService( 2021): 	at android.os.Handler.handleCallback(Handler.java:739)
11-02 19:20:42.513 W/InputMethodManagerService( 2021): 	at android.os.Handler.dispatchMessage(Handler.java:95)
11-02 19:20:42.513 W/InputMethodManagerService( 2021): 	at android.os.Looper.loop(Looper.java:135)
11-02 19:20:42.513 W/InputMethodManagerService( 2021): 	at com.android.server.SystemServer.run(SystemServer.java:383)
11-02 19:20:42.513 W/InputMethodManagerService( 2021): 	at com.android.server.SystemServer.main(SystemServer.java:178)
11-02 19:20:42.513 W/InputMethodManagerService( 2021): 	at java.lang.reflect.Method.invoke(Native Method)
11-02 19:20:42.513 W/InputMethodManagerService( 2021): 	at java.lang.reflect.Method.invoke(Method.java:372)
11-02 19:20:42.513 W/InputMethodManagerService( 2021): 	at com.android.internal.os.ZygoteInit$MethodAndArgsCaller.run(ZygoteInit.java:903)
11-02 19:20:42.513 W/InputMethodManagerService( 2021): 	at com.android.internal.os.ZygoteInit.main(ZygoteInit.java:698)
11-02 19:20:42.514 W/ActivityManager( 2021): Spurious death for ProcessRecord{16fa6387 6843:com.amlogic.inputmethod.remote/u0a19}, curProc for 6843: null
11-02 19:20:42.515 W/ActivityManager( 2021): Invalid packageName: android.process.media
11-02 19:20:42.516 I/ActivityManager( 2021): Force stopping com.android.phone appid=1001 user=0: from pid 2367
11-02 19:20:42.519 I/ActivityManager( 2021): Force stopping com.suma.midware.dms appid=1000 user=0: from pid 2367
11-02 19:20:42.520 I/ActivityManager( 2021): Force stopping com.hisilicon.android.hiRMService appid=1000 user=0: from pid 2367
11-02 19:20:42.528 I/ActivityManager( 2021): Config changes=20 {1.0 ?mcc?mnc zh_CN ?layoutDir sw720dp w1280dp h720dp 160dpi xlrg long land television -touch -keyb/h/h dpad/v s.29}
11-02 19:20:42.534 W/ContextImpl( 2489): Calling a method in the system process without a qualified user: android.app.ContextImpl.sendBroadcast:1345 android.content.ContextWrapper.sendBroadcast:377 com.suma.midware.view.ext.BluetoothUpdate.b:-1 com.suma.midware.home.third.Main3DActivity.onResume:-1 android.app.Instrumentation.callActivityOnResume:1257 
11-02 19:20:42.539 W/ContextImpl( 2489): Calling a method in the system process without a qualified user: android.app.ContextImpl.sendBroadcast:1345 android.content.ContextWrapper.sendBroadcast:377 android.app.ActivityThread.performResumeActivity:2982 android.app.ActivityThread.handleResumeActivity:3023 android.app.ActivityThread$H.handleMessage:1347 
11-02 19:20:42.556 I/ActivityManager( 2021): Config changes=20 {1.0 ?mcc?mnc zh_CN ?layoutDir sw720dp w1280dp h720dp 160dpi xlrg long land television -touch -keyb/v/h dpad/v s.30}
11-02 19:20:42.570 E/ActivityThread( 2163): Failed to find provider info for com.android.contacts
11-02 19:20:42.610 E/ActivityThread( 2163): Failed to find provider info for com.android.contacts
11-02 19:20:50.270 W/ContextImpl( 2367): Calling a method in the system process without a qualified user: android.app.ContextImpl.sendBroadcast:1345 android.content.ContextWrapper.sendBroadcast:377 com.suma.midware.back.esg.e.f:-1 com.suma.midware.back.esg.f.run:-1 com.suma.midware.prop.util.c.run:-1 
11-02 19:20:51.272 W/ContextImpl( 2367): Calling a method in the system process without a qualified user: android.app.ContextImpl.sendBroadcast:1345 android.content.ContextWrapper.sendBroadcast:377 com.suma.midware.back.esg.e.f:-1 com.suma.midware.back.esg.f.run:-1 com.suma.midware.prop.util.c.run:-1 
11-02 19:20:51.906 I/ActivityManager( 2021): Start proc 7534:com.amlogic.inputmethod.remote/u0a19 for service com.amlogic.inputmethod.remote/.RemoteIME
11-02 19:20:51.906 V/InputMethodManagerService( 2021): Adding window token: android.os.Binder@1c10390f
11-02 19:20:52.274 W/ContextImpl( 2367): Calling a method in the system process without a qualified user: android.app.ContextImpl.sendBroadcast:1345 android.content.ContextWrapper.sendBroadcast:377 com.suma.midware.back.esg.e.f:-1 com.suma.midware.back.esg.f.run:-1 com.suma.midware.prop.util.c.run:-1 
11-02 19:21:42.979 I/ActivityManager( 2021): START u0 {act= cmp=com.ipanel.android_webview.shell/com.ipanel.webapp.BrowserActivity (has extras)} from uid 1000 on display 0
11-02 19:21:42.982 V/WindowManager( 2021): addAppToken: AppWindowToken{292b7434 token=Token{2fdc3b07 ActivityRecord{32995d46 u0 com.ipanel.android_webview.shell/com.ipanel.webapp.BrowserActivity t153}}} to stack=1 task=153 at 0
11-02 19:21:42.986 V/WindowManager( 2021): Adding window Window{2667e759 u0 Starting com.ipanel.android_webview.shell} at 8 of 13 (after Window{148933ec u0 com.suma.midware.setting/com.suma.midware.setting.net.NetInfoActivity})
11-02 19:21:42.988 W/ContextImpl( 2489): Calling a method in the system process without a qualified user: android.app.ContextImpl.sendBroadcast:1345 android.content.ContextWrapper.sendBroadcast:377 android.app.ActivityThread.performPauseActivity:3259 android.app.ActivityThread.performPauseActivity:3225 android.app.ActivityThread.handlePauseActivity:3200 
11-02 19:21:43.025 I/ActivityManager( 2021): Start proc 7584:com.ipanel.android_webview.shell/u0a24 for activity com.ipanel.android_webview.shell/com.ipanel.webapp.BrowserActivity
11-02 19:21:43.026 W/ViewRootImpl( 2489): Cancelling event due to no window focus: KeyEvent { action=ACTION_UP, keyCode=KEYCODE_DPAD_CENTER, scanCode=28, metaState=0, flags=0x28, repeatCount=0, eventTime=4443436, downTime=4443425, deviceId=3, source=0x701 }
11-02 19:21:43.026 W/ViewRootImpl( 2489): Cancelling event due to no window focus: KeyEvent { action=ACTION_UP, keyCode=KEYCODE_DPAD_CENTER, scanCode=28, metaState=0, flags=0x28, repeatCount=0, eventTime=4443436, downTime=4443425, deviceId=3, source=0x701 }
11-02 19:21:43.026 W/ViewRootImpl( 2489): Cancelling event due to no window focus: KeyEvent { action=ACTION_UP, keyCode=KEYCODE_DPAD_CENTER, scanCode=28, metaState=0, flags=0x28, repeatCount=0, eventTime=4443436, downTime=4443425, deviceId=3, source=0x701 }
11-02 19:21:43.026 W/ViewRootImpl( 2489): Cancelling event due to no window focus: KeyEvent { action=ACTION_UP, keyCode=KEYCODE_DPAD_CENTER, scanCode=28, metaState=0, flags=0x28, repeatCount=0, eventTime=4443436, downTime=4443425, deviceId=3, source=0x701 }
11-02 19:21:43.026 W/ViewRootImpl( 2489): Cancelling event due to no window focus: KeyEvent { action=ACTION_UP, keyCode=KEYCODE_DPAD_CENTER, scanCode=28, metaState=0, flags=0x28, repeatCount=0, eventTime=4443436, downTime=4443425, deviceId=3, source=0x701 }
11-02 19:21:43.026 W/ViewRootImpl( 2489): Cancelling event due to no window focus: KeyEvent { action=ACTION_UP, keyCode=KEYCODE_DPAD_CENTER, scanCode=28, metaState=0, flags=0x28, repeatCount=0, eventTime=4443436, downTime=4443425, deviceId=3, source=0x701 }
11-02 19:21:43.479 V/WindowManager( 2021): Adding window Window{1f03c8e7 u0 com.ipanel.android_webview.shell/com.ipanel.webapp.BrowserActivity} at 8 of 14 (before Window{2667e759 u0 Starting com.ipanel.android_webview.shell})
11-02 19:21:43.498 D/ConnectivityService( 2021): listenForNetwork for NetworkRequest [ id=19, legacyType=-1, [ Capabilities: INTERNET&NOT_RESTRICTED&TRUSTED] ]
11-02 19:21:43.498 D/ConnectivityService( 2021): handleRegisterNetworkRequest checking NetworkAgentInfo [WIFI () - 101]
11-02 19:21:43.498 D/ConnectivityService( 2021): apparently satisfied.  currentScore=60
11-02 19:21:43.564 V/WindowManager( 2021): Adding window Window{28596e00 u0 SurfaceView} at 8 of 15 (before Window{1f03c8e7 u0 com.ipanel.android_webview.shell/com.ipanel.webapp.BrowserActivity})
11-02 19:21:43.615 V/WindowManager( 2021): Adding window Window{8b6347e u0 SurfaceView} at 9 of 16 (before Window{1f03c8e7 u0 com.ipanel.android_webview.shell/com.ipanel.webapp.BrowserActivity})
11-02 19:21:43.682 W/ViewRootImpl( 7584): Cancelling event due to no window focus: KeyEvent { action=ACTION_UP, keyCode=KEYCODE_DPAD_CENTER, scanCode=28, metaState=0, flags=0x80000028, repeatCount=0, eventTime=4443634, downTime=4443425, deviceId=3, source=0x701 }
11-02 19:21:43.682 W/ViewRootImpl( 7584): Cancelling event due to no window focus: KeyEvent { action=ACTION_UP, keyCode=KEYCODE_DPAD_CENTER, scanCode=28, metaState=0, flags=0x80000028, repeatCount=0, eventTime=4443634, downTime=4443425, deviceId=3, source=0x701 }
11-02 19:21:43.682 W/ViewRootImpl( 7584): Cancelling event due to no window focus: KeyEvent { action=ACTION_UP, keyCode=KEYCODE_DPAD_CENTER, scanCode=28, metaState=0, flags=0x80000028, repeatCount=0, eventTime=4443634, downTime=4443425, deviceId=3, source=0x701 }
11-02 19:21:43.682 W/ViewRootImpl( 7584): Cancelling event due to no window focus: KeyEvent { action=ACTION_UP, keyCode=KEYCODE_DPAD_CENTER, scanCode=28, metaState=0, flags=0x80000028, repeatCount=0, eventTime=4443634, downTime=4443425, deviceId=3, source=0x701 }
11-02 19:21:43.682 W/ViewRootImpl( 7584): Cancelling event due to no window focus: KeyEvent { action=ACTION_UP, keyCode=KEYCODE_DPAD_CENTER, scanCode=28, metaState=0, flags=0x80000028, repeatCount=0, eventTime=4443634, downTime=4443425, deviceId=3, source=0x701 }
11-02 19:21:43.682 W/ViewRootImpl( 7584): Cancelling event due to no window focus: KeyEvent { action=ACTION_UP, keyCode=KEYCODE_DPAD_CENTER, scanCode=28, metaState=0, flags=0x80000028, repeatCount=0, eventTime=4443634, downTime=4443425, deviceId=3, source=0x701 }
11-02 19:21:43.684 W/ViewRootImpl( 7584): Cancelling event due to no window focus: KeyEvent { action=ACTION_UP, keyCode=KEYCODE_DPAD_CENTER, scanCode=28, metaState=0, flags=0x80000028, repeatCount=0, eventTime=4443634, downTime=4443425, deviceId=3, source=0x701 }
11-02 19:21:43.684 W/ViewRootImpl( 7584): Cancelling event due to no window focus: KeyEvent { action=ACTION_UP, keyCode=KEYCODE_DPAD_CENTER, scanCode=28, metaState=0, flags=0x80000028, repeatCount=0, eventTime=4443634, downTime=4443425, deviceId=3, source=0x701 }
11-02 19:21:43.684 W/ViewRootImpl( 7584): Cancelling event due to no window focus: KeyEvent { action=ACTION_UP, keyCode=KEYCODE_DPAD_CENTER, scanCode=28, metaState=0, flags=0x80000028, repeatCount=0, eventTime=4443634, downTime=4443425, deviceId=3, source=0x701 }
11-02 19:21:46.490 D/TaskPersister( 2021): removeObsoleteFile: deleting file=152_task.xml
11-02 19:21:46.491 D/TaskPersister( 2021): removeObsoleteFile: deleting file=152_task_thumbnail.png
11-02 19:21:55.336 W/ContextImpl( 2367): Calling a method in the system process without a qualified user: android.app.ContextImpl.sendBroadcast:1345 android.content.ContextWrapper.sendBroadcast:377 com.suma.midware.back.esg.e.f:-1 com.suma.midware.back.esg.f.run:-1 com.suma.midware.prop.util.c.run:-1 
11-02 19:21:56.339 W/ContextImpl( 2367): Calling a method in the system process without a qualified user: android.app.ContextImpl.sendBroadcast:1345 android.content.ContextWrapper.sendBroadcast:377 com.suma.midware.back.esg.e.f:-1 com.suma.midware.back.esg.f.run:-1 com.suma.midware.prop.util.c.run:-1 
11-02 19:21:57.342 W/ContextImpl( 2367): Calling a method in the system process without a qualified user: android.app.ContextImpl.sendBroadcast:1345 android.content.ContextWrapper.sendBroadcast:377 com.suma.midware.back.esg.e.f:-1 com.suma.midware.back.esg.f.run:-1 com.suma.midware.prop.util.c.run:-1 
11-02 19:22:12.289 I/ActivityManager( 2021): START u0 {act=android.intent.action.MAIN cat=[android.intent.category.HOME] flg=0x10200000 cmp=com.suma.midware.home/.third.Main3DActivity} from uid 1000 on display 0
11-02 19:22:12.305 I/ActivityManager( 2021): Force stopping com.android.browser appid=10010 user=0: from pid 2367
11-02 19:22:12.325 W/ContextImpl( 2489): Calling a method in the system process without a qualified user: android.app.ContextImpl.sendBroadcast:1345 android.content.ContextWrapper.sendBroadcast:377 com.suma.midware.view.ext.BluetoothUpdate.b:-1 com.suma.midware.home.third.Main3DActivity.onResume:-1 android.app.Instrumentation.callActivityOnResume:1257 
11-02 19:22:12.328 W/ContextImpl( 2489): Calling a method in the system process without a qualified user: android.app.ContextImpl.sendBroadcast:1345 android.content.ContextWrapper.sendBroadcast:377 android.app.ActivityThread.performResumeActivity:2982 android.app.ActivityThread.handleResumeActivity:3023 android.app.ActivityThread$H.handleMessage:1347 
11-02 19:22:15.193 I/WindowState( 2021): WIN DEATH: Window{1f03c8e7 u0 com.ipanel.android_webview.shell/com.ipanel.webapp.BrowserActivity}
11-02 19:22:15.193 D/ConnectivityService( 2021): ConnectivityService NetworkRequestInfo binderDied(NetworkRequest [ id=19, legacyType=-1, [ Capabilities: INTERNET&NOT_RESTRICTED&TRUSTED] ], android.os.BinderProxy@38a9efa9)
11-02 19:22:15.193 W/WindowManager( 2021): Force-removing child win Window{8b6347e u0 SurfaceView} from container Window{1f03c8e7 u0 com.ipanel.android_webview.shell/com.ipanel.webapp.BrowserActivity}
11-02 19:22:15.193 D/ConnectivityService( 2021): releasing NetworkRequest NetworkRequest [ id=19, legacyType=-1, [ Capabilities: INTERNET&NOT_RESTRICTED&TRUSTED] ]
11-02 19:22:15.197 I/ActivityManager( 2021): Process com.ipanel.android_webview.shell (pid 7584) has died
11-02 19:22:15.198 E/ConnectivityService( 2021): RemoteException caught trying to send a callback msg for NetworkRequest [ id=19, legacyType=-1, [ Capabilities: INTERNET&NOT_RESTRICTED&TRUSTED] ]
11-02 19:22:15.199 W/WindowManager( 2021): Force-removing child win Window{28596e00 u0 SurfaceView} from container Window{1f03c8e7 u0 com.ipanel.android_webview.shell/com.ipanel.webapp.BrowserActivity}
11-02 19:22:15.202 W/WindowManager( 2021): Failed looking up window
11-02 19:22:15.202 W/WindowManager( 2021): java.lang.IllegalArgumentException: Requested window android.os.BinderProxy@3dba0c83 does not exist
11-02 19:22:15.202 W/WindowManager( 2021): 	at com.android.server.wm.WindowManagerService.windowForClientLocked(WindowManagerService.java:8654)
11-02 19:22:15.202 W/WindowManager( 2021): 	at com.android.server.wm.WindowManagerService.windowForClientLocked(WindowManagerService.java:8645)
11-02 19:22:15.202 W/WindowManager( 2021): 	at com.android.server.wm.WindowState$DeathRecipient.binderDied(WindowState.java:1142)
11-02 19:22:15.202 W/WindowManager( 2021): 	at android.os.BinderProxy.sendDeathNotice(Binder.java:551)
11-02 19:22:15.202 I/WindowState( 2021): WIN DEATH: null
11-02 19:22:15.202 W/WindowManager( 2021): Failed looking up window
11-02 19:22:15.202 W/WindowManager( 2021): java.lang.IllegalArgumentException: Requested window android.os.BinderProxy@1980639 does not exist
11-02 19:22:15.202 W/WindowManager( 2021): 	at com.android.server.wm.WindowManagerService.windowForClientLocked(WindowManagerService.java:8654)
11-02 19:22:15.202 W/WindowManager( 2021): 	at com.android.server.wm.WindowManagerService.windowForClientLocked(WindowManagerService.java:8645)
11-02 19:22:15.202 W/WindowManager( 2021): 	at com.android.server.wm.WindowState$DeathRecipient.binderDied(WindowState.java:1142)
11-02 19:22:15.202 W/WindowManager( 2021): 	at android.os.BinderProxy.sendDeathNotice(Binder.java:551)
11-02 19:22:15.202 I/WindowState( 2021): WIN DEATH: null
11-02 19:22:35.378 I/ActivityManager( 2021): START u0 {act= cmp=com.ipanel.android_webview.shell/com.ipanel.webapp.BrowserActivity (has extras)} from uid 1000 on display 0
11-02 19:22:35.384 W/ContextImpl( 2489): Calling a method in the system process without a qualified user: android.app.ContextImpl.sendBroadcast:1345 android.content.ContextWrapper.sendBroadcast:377 android.app.ActivityThread.performPauseActivity:3259 android.app.ActivityThread.performPauseActivity:3225 android.app.ActivityThread.handlePauseActivity:3200 
11-02 19:22:35.387 V/WindowManager( 2021): Adding window Window{8afb65c u0 Starting com.ipanel.android_webview.shell} at 8 of 13 (after Window{148933ec u0 com.suma.midware.setting/com.suma.midware.setting.net.NetInfoActivity})
11-02 19:22:35.408 I/ActivityManager( 2021): Start proc 7709:com.ipanel.android_webview.shell/u0a24 for activity com.ipanel.android_webview.shell/com.ipanel.webapp.BrowserActivity
11-02 19:22:35.794 V/WindowManager( 2021): Adding window Window{26500842 u0 com.ipanel.android_webview.shell/com.ipanel.webapp.BrowserActivity} at 8 of 14 (before Window{8afb65c u0 Starting com.ipanel.android_webview.shell})
11-02 19:22:35.818 D/ConnectivityService( 2021): listenForNetwork for NetworkRequest [ id=20, legacyType=-1, [ Capabilities: INTERNET&NOT_RESTRICTED&TRUSTED] ]
11-02 19:22:35.818 D/ConnectivityService( 2021): handleRegisterNetworkRequest checking NetworkAgentInfo [WIFI () - 101]
11-02 19:22:35.818 D/ConnectivityService( 2021): apparently satisfied.  currentScore=60
11-02 19:22:35.881 V/WindowManager( 2021): Adding window Window{38911eaf u0 SurfaceView} at 8 of 15 (before Window{26500842 u0 com.ipanel.android_webview.shell/com.ipanel.webapp.BrowserActivity})
11-02 19:22:35.965 V/WindowManager( 2021): Adding window Window{1c94f245 u0 SurfaceView} at 9 of 16 (before Window{26500842 u0 com.ipanel.android_webview.shell/com.ipanel.webapp.BrowserActivity})
11-02 19:22:36.014 W/ViewRootImpl( 7709): Cancelling event due to no window focus: KeyEvent { action=ACTION_UP, keyCode=KEYCODE_DPAD_CENTER, scanCode=28, metaState=0, flags=0x80000028, repeatCount=0, eventTime=4496037, downTime=4495827, deviceId=3, source=0x701 }
11-02 19:22:36.014 W/ViewRootImpl( 7709): Cancelling event due to no window focus: KeyEvent { action=ACTION_UP, keyCode=KEYCODE_DPAD_CENTER, scanCode=28, metaState=0, flags=0x80000028, repeatCount=0, eventTime=4496037, downTime=4495827, deviceId=3, source=0x701 }
11-02 19:22:36.014 W/ViewRootImpl( 7709): Cancelling event due to no window focus: KeyEvent { action=ACTION_UP, keyCode=KEYCODE_DPAD_CENTER, scanCode=28, metaState=0, flags=0x80000028, repeatCount=0, eventTime=4496037, downTime=4495827, deviceId=3, source=0x701 }
11-02 19:22:36.014 W/ViewRootImpl( 7709): Cancelling event due to no window focus: KeyEvent { action=ACTION_UP, keyCode=KEYCODE_DPAD_CENTER, scanCode=28, metaState=0, flags=0x80000028, repeatCount=0, eventTime=4496037, downTime=4495827, deviceId=3, source=0x701 }
11-02 19:22:36.014 W/ViewRootImpl( 7709): Cancelling event due to no window focus: KeyEvent { action=ACTION_UP, keyCode=KEYCODE_DPAD_CENTER, scanCode=28, metaState=0, flags=0x80000028, repeatCount=0, eventTime=4496037, downTime=4495827, deviceId=3, source=0x701 }
11-02 19:22:36.014 W/ViewRootImpl( 7709): Cancelling event due to no window focus: KeyEvent { action=ACTION_UP, keyCode=KEYCODE_DPAD_CENTER, scanCode=28, metaState=0, flags=0x80000028, repeatCount=0, eventTime=4496037, downTime=4495827, deviceId=3, source=0x701 }
11-02 19:22:36.016 W/ViewRootImpl( 7709): Cancelling event due to no window focus: KeyEvent { action=ACTION_UP, keyCode=KEYCODE_DPAD_CENTER, scanCode=28, metaState=0, flags=0x80000028, repeatCount=0, eventTime=4496037, downTime=4495827, deviceId=3, source=0x701 }
11-02 19:22:36.016 W/ViewRootImpl( 7709): Cancelling event due to no window focus: KeyEvent { action=ACTION_UP, keyCode=KEYCODE_DPAD_CENTER, scanCode=28, metaState=0, flags=0x80000028, repeatCount=0, eventTime=4496037, downTime=4495827, deviceId=3, source=0x701 }
11-02 19:22:36.016 W/ViewRootImpl( 7709): Cancelling event due to no window focus: KeyEvent { action=ACTION_UP, keyCode=KEYCODE_DPAD_CENTER, scanCode=28, metaState=0, flags=0x80000028, repeatCount=0, eventTime=4496037, downTime=4495827, deviceId=3, source=0x701 }
--------- beginning of main
11-02 19:22:41.734 D/[blink]FrameView( 7709): [layout] performLayout end... this:0x4c806748
11-02 19:22:41.734 D/[blink]FrameView( 7709): [layout] start... this:0x4c806748, frame=0x23462728 content size(1280, 720). 
11-02 19:22:41.734 D/[blink]FrameView( 7709): [layout] performPreLayoutTasks start... this:0x4c806748
11-02 19:22:41.734 D/[blink]FrameView( 7709): [layout] performPreLayoutTasks end... this:0x4c806748
11-02 19:22:41.734 D/[blink]FrameView( 7709): [layout] performLayout start... this:0x4c806748
11-02 19:22:41.734 D/[blink]FrameView( 7709): [layout] performLayout end... this:0x4c806748
11-02 19:22:41.734 D/[blink]FrameView( 7709): [layout] cannot paint!! do not call compositor()->didLayout()! this:0x0x4c806748
11-02 19:22:41.734 D/[blink]FrameView( 7709): [layout] updateDocumentAnnotatedRegions start... this:0x4c806748
11-02 19:22:41.734 D/[blink]FrameView( 7709): [layout] scheduleOrPerformPostLayoutTasks start... this:0x4c806748
11-02 19:22:41.734 D/[blink]FrameView( 7709): [layout] end... this:0x4c806748
11-02 19:22:41.734 D/ChromeClientImpl( 7709): [contentsSizeChanged] -->size(1280, 720)
11-02 19:22:41.734 D/[blink]FrameView( 7709): [layout] cannot paint!! do not call compositor()->didLayout()! this:0x0x4c806748
11-02 19:22:41.734 D/[blink]FrameView( 7709): [layout] updateDocumentAnnotatedRegions start... this:0x4c806748
11-02 19:22:41.734 D/[blink]FrameView( 7709): [layout] scheduleOrPerformPostLayoutTasks start... this:0x4c806748
11-02 19:22:41.734 D/[blink]FrameView( 7709): [layout] end... this:0x4c806748
11-02 19:22:41.734 D/[blink]FrameView( 7709): [layout] out... this:0x4c806748
11-02 19:22:41.734 D/[blink]FrameView( 7709): [layout] end... this:0x4c805ed0
11-02 19:22:41.734 D/[blink]FrameView( 7709): [layout] out... this:0x4c805ed0
11-02 19:22:41.735 D/Browser ( 7709): postProgressNotification type=1
11-02 19:22:41.735 D/[blink]FrameView( 7709): [setCanPaint] this:0x4c806748, setCanPaint old canpaint=0, new canpaint=1 .
11-02 19:22:41.735 D/[blink]FrameView( 7709): [paintAfterLoad] paintAfterLoad this:0x4c806748.
11-02 19:22:41.735 D/[blink]FrameView( 7709): [updateStyleAndLayoutIfNeededRecursiveInternal] in... this:0x4c806748.
11-02 19:22:41.735 D/[blink]FrameView( 7709): [updateStyleAndLayoutIfNeededRecursiveInternal] end... this:0x4c806748.
11-02 19:22:41.735 D/[blink]HTMLDocumentParser( 7709): [appendBytes] function:appendBytes: shouldUseThreading:1
11-02 19:22:41.736 D/[blink]HTMLDocumentParser( 7709): [appendBytes] function:appendBytes: shouldUseThreading:1
11-02 19:22:41.736 D/[blink]HTMLDocumentParser( 7709): [appendBytes] function:appendBytes: shouldUseThreading:1
11-02 19:22:41.736 D/[blink]ResourceFetcher( 7709): [didFinishLoading] encoded length=32010 url=http://10.14.41.246/application/bxfc/sec/index.htm.
11-02 19:22:41.737 D/[blink]ImageResource( 7709): [updateImage] allDataReceived!! data size=1222
11-02 19:22:41.737 D/[blink]ImageResource( 7709): [updateImage] allDataReceived!! data size=2682
11-02 19:22:41.737 D/[cc]ProxyMain( 7709): [BeginMainFrame] cc.BeginMainFrame this:0x9f624650
11-02 19:22:41.737 D/[cc]LayerTreeHost( 7709): [AnimateLayers] AnimateLayers monotonic_time=4502133153
11-02 19:22:41.737 D/[blink]FrameView( 7709): [updateLifecyclePhasesInternal] cannot paint!!return!!this:0x0x4c805ed0
11-02 19:22:41.737 D/[blink]ImageResource( 7709): [updateImage] allDataReceived!! data size=4142
11-02 19:22:41.737 D/[blink]ImageResource( 7709): [updateImage] allDataReceived!! data size=5602
11-02 19:22:41.737 D/[blink]ImageResource( 7709): [updateImage] allDataReceived!! data size=7062
11-02 19:22:41.738 I/AdvancedPorting-PORT_MODULE_NET( 7709): network_task while... 
11-02 19:22:41.738 D/[blink]ImageResource( 7709): [updateImage] allDataReceived!! data size=8522
11-02 19:22:41.738 I/AdvancedPorting-PORT_MODULE_NET( 7709): 0 interface name: lo
11-02 19:22:41.738 I/AdvancedPorting-PORT_MODULE_NET( 7709): 1 interface name: wlan0
11-02 19:22:41.738 I/AdvancedPorting-PORT_MODULE_NET( 7709): First interface name: lo
11-02 19:22:41.738 I/AdvancedPorting-PORT_MODULE_NET( 7709): network_task while...  net_i:1
11-02 19:22:41.738 I/AdvancedPorting-PORT_MODULE_NET( 7709): network_task while---name_interface[0]=lo
11-02 19:22:41.738 I/AdvancedPorting-PORT_MODULE_NET( 7709): network_task while---name_interface[1]=wlan0
11-02 19:22:41.738 I/AdvancedPorting-PORT_MODULE_NET( 7709): network_task while---interface_name=wlan0
11-02 19:22:41.738 D/[blink]ImageResource( 7709): [updateImage] allDataReceived!! data size=9982
11-02 19:22:41.738 I/AdvancedPorting-PORT_MODULE_NET( 7709): network_get_netlink_status(in)--if_name=wlan0
11-02 19:22:41.738 I/AdvancedPorting-PORT_MODULE_NET( 7709): net.network.isconnected = no
11-02 19:22:41.738 I/AdvancedPorting-PORT_MODULE_NET( 7709): wlan0 --network_get_netlink_status return retval=1
11-02 19:22:41.738 I/AdvancedPorting-PORT_MODULE_NET( 7709): stat = 1 last_status = 1
11-02 19:22:41.738 D/[blink]ImageResource( 7709): [updateImage] allDataReceived!! data size=11442
11-02 19:22:41.738 D/ResourceLoader( 7709): [ResponseCompleted] finish request 0x9f4e7000 url='http://10.14.41.246/application/bxfc/sec/images/icon0_06.png'
11-02 19:22:41.738 D/[blink]ImageResource( 7709): [updateImage] allDataReceived!! data size=2681
11-02 19:22:41.739 D/[blink]ImageResource( 7709): [updateImage] allDataReceived!! data size=4141
11-02 19:22:41.739 D/[blink]ImageResource( 7709): [updateImage] allDataReceived!! data size=5601
11-02 19:22:41.739 D/[blink]ImageResource( 7709): [updateImage] allDataReceived!! data size=7061
11-02 19:22:41.739 D/[blink]ImageResource( 7709): [updateImage] allDataReceived!! data size=8521
11-02 19:22:41.739 D/[blink]ImageResource( 7709): [updateImage] allDataReceived!! data size=9981
11-02 19:22:41.739 D/[blink]ImageResource( 7709): [updateImage] allDataReceived!! data size=11031
11-02 19:22:41.739 D/[blink]ResourceFetcher( 7709): [didFinishLoading] encoded length=11270 url=http://10.14.41.246/application/bxfc/sec/images/pic1_01.jpg.
11-02 19:22:41.739 D/[blink]ImageResource( 7709): [updateImage] allDataReceived!! data size=11031
11-02 19:22:41.740 D/AwRequestInterceptor( 7709): [MaybeInterceptRequest] request=0x9f63d080
11-02 19:22:41.740 D/[blink]ImageResource( 7709): [updateImage] allDataReceived!! data size=1224
11-02 19:22:41.740 D/[blink]ImageResource( 7709): [updateImage] allDataReceived!! data size=2684
11-02 19:22:41.740 D/[blink]ImageResource( 7709): [updateImage] allDataReceived!! data size=3490
11-02 19:22:41.740 D/AwRequestInterceptor( 7709): [MaybeInterceptRequest] request=0x9f63db00
11-02 19:22:41.740 D/[blink]ResourceFetcher( 7709): [didFinishLoading] encoded length=3726 url=http://10.14.41.246/application/bxfc/sec/images/icon0_05.png.
11-02 19:22:41.740 D/AwRequestInterceptor( 7709): [MaybeInterceptRequest] request=0x9f4e8500
11-02 19:22:41.740 D/[blink]ImageResource( 7709): [updateImage] allDataReceived!! data size=3490
11-02 19:22:41.740 D/cr_AwContents( 7709): [AwContents.java:520] BackgroundThreadClientImpl shouldInterceptRequest url = http://10.14.41.246/application/bxfc/sec/images/icon0_03.png
11-02 19:22:41.740 D/AwRequestInterceptor( 7709): [MaybeInterceptRequest] request=0x9f63c600
11-02 19:22:41.741 D/cr_AwNullContentsClient( 7709): [AwNullContentsClient.java:62] shouldInterceptRequest url=http://10.14.41.246/application/bxfc/sec/images/icon0_03.png
11-02 19:22:41.741 D/BrowserWebViewClient( 7709): intercept request :http://10.14.41.246/application/bxfc/sec/images/icon0_03.png
11-02 19:22:41.741 D/AwRequestInterceptor( 7709): [MaybeInterceptRequest] request=0x9f63d400
11-02 19:22:41.741 D/AwRequestInterceptor( 7709): [MaybeInterceptRequest] request=0x9f63e900
11-02 19:22:41.741 D/cr_AwContents( 7709): [AwContents.java:520] BackgroundThreadClientImpl shouldInterceptRequest url = http://10.14.41.246/application/bxfc/sec/images/icon_bg0.png
11-02 19:22:41.741 D/cr_AwNullContentsClient( 7709): [AwNullContentsClient.java:62] shouldInterceptRequest url=http://10.14.41.246/application/bxfc/sec/images/icon_bg0.png
11-02 19:22:41.741 D/BrowserWebViewClient( 7709): intercept request :http://10.14.41.246/application/bxfc/sec/images/icon_bg0.png
11-02 19:22:41.741 D/AwRequestInterceptor( 7709): [MaybeInterceptRequest] request=0x9f4e8c00
11-02 19:22:41.741 D/AwRequestInterceptor( 7709): [MaybeInterceptRequest] request=0x9f63e580
11-02 19:22:41.741 D/cr_AwContents( 7709): [AwContents.java:520] BackgroundThreadClientImpl shouldInterceptRequest url = http://10.14.41.246/application/bxfc/sec/images/jd1_01.png
11-02 19:22:41.741 D/[blink]ImageResource( 7709): [updateImage] allDataReceived!! data size=1224
11-02 19:22:41.741 D/cr_AwNullContentsClient( 7709): [AwNullContentsClient.java:62] shouldInterceptRequest url=http://10.14.41.246/application/bxfc/sec/images/jd1_01.png
11-02 19:22:41.741 D/BrowserWebViewClient( 7709): intercept request :http://10.14.41.246/application/bxfc/sec/images/jd1_01.png
11-02 19:22:41.741 D/AwRequestInterceptor( 7709): [MaybeInterceptRequest] request=0x9f4e8880
11-02 19:22:41.741 D/cr_AwContents( 7709): [AwContents.java:520] BackgroundThreadClientImpl shouldInterceptRequest url = http://10.14.41.246/application/bxfc/sec/images/jd1_08.png
11-02 19:22:41.741 D/AwRequestInterceptor( 7709): [MaybeInterceptRequest] request=0x9f63ec80
11-02 19:22:41.741 D/cr_AwNullContentsClient( 7709): [AwNullContentsClient.java:62] shouldInterceptRequest url=http://10.14.41.246/application/bxfc/sec/images/jd1_08.png
11-02 19:22:41.741 D/BrowserWebViewClient( 7709): intercept request :http://10.14.41.246/application/bxfc/sec/images/jd1_08.png
11-02 19:22:41.742 D/[blink]ResourceFetcher( 7709): [requestResource] url=http://10.14.41.246/application/bxfc/sec/js/common.js.
11-02 19:22:41.742 D/AwRequestInterceptor( 7709): [MaybeInterceptRequest] request=0x9f4edc80
11-02 19:22:41.742 D/cr_AwContents( 7709): [AwContents.java:520] BackgroundThreadClientImpl shouldInterceptRequest url = http://10.14.41.246/application/bxfc/sec/images/jd1_02.png
11-02 19:22:41.742 D/url     ( 7709): [DoResolveRelative] [WEB] DoResolveRelative Error resolving.
11-02 19:22:41.742 D/cr_AwNullContentsClient( 7709): [AwNullContentsClient.java:62] shouldInterceptRequest url=http://10.14.41.246/application/bxfc/sec/images/jd1_02.png
11-02 19:22:41.742 D/BrowserWebViewClient( 7709): intercept request :http://10.14.41.246/application/bxfc/sec/images/jd1_02.png
11-02 19:22:41.742 D/AwRequestInterceptor( 7709): [MaybeInterceptRequest] request=0x9f63c280
11-02 19:22:41.742 D/cr_AwContents( 7709): [AwContents.java:520] BackgroundThreadClientImpl shouldInterceptRequest url = http://10.14.41.246/application/bxfc/sec/images/icon_bg1.png
11-02 19:22:41.742 D/AwRequestInterceptor( 7709): [MaybeInterceptRequest] request=0x9f63c980
11-02 19:22:41.742 D/cr_AwNullContentsClient( 7709): [AwNullContentsClient.java:62] shouldInterceptRequest url=http://10.14.41.246/application/bxfc/sec/images/icon_bg1.png
11-02 19:22:41.742 D/BrowserWebViewClient( 7709): intercept request :http://10.14.41.246/application/bxfc/sec/images/icon_bg1.png
11-02 19:22:41.742 D/AwRequestInterceptor( 7709): [MaybeInterceptRequest] request=0xb49b6d00
11-02 19:22:41.742 D/cr_AwContents( 7709): [AwContents.java:520] BackgroundThreadClientImpl shouldInterceptRequest url = http://10.14.41.246/application/bxfc/sec/images/jd1_06.png
11-02 19:22:41.742 D/cr_AwNullContentsClient( 7709): [AwNullContentsClient.java:62] shouldInterceptRequest url=http://10.14.41.246/application/bxfc/sec/images/jd1_06.png
11-02 19:22:41.742 D/BrowserWebViewClient( 7709): intercept request :http://10.14.41.246/application/bxfc/sec/images/jd1_06.png
11-02 19:22:41.743 E/chromium( 7709): [ERROR:interface_registry.cc(99)] Failed to locate a binder for interface: autofill::mojom::PasswordManagerDriver
11-02 19:22:41.743 D/cr_AwContents( 7709): [AwContents.java:520] BackgroundThreadClientImpl shouldInterceptRequest url = http://10.14.41.246/application/bxfc/sec/images/jd1_04.png
11-02 19:22:41.743 D/cr_AwNullContentsClient( 7709): [AwNullContentsClient.java:62] shouldInterceptRequest url=http://10.14.41.246/application/bxfc/sec/images/jd1_04.png
11-02 19:22:41.743 D/BrowserWebViewClient( 7709): intercept request :http://10.14.41.246/application/bxfc/sec/images/jd1_04.png
11-02 19:22:41.743 D/AwRequestInterceptor( 7709): [MaybeInterceptRequest] request=0x9f63d080
11-02 19:22:41.743 D/[cc]ProxyMain( 7709): [BeginMainFrame] cc.BeginMainFrame this:0x9f624650
11-02 19:22:41.743 D/cr_AwContents( 7709): [AwContents.java:520] BackgroundThreadClientImpl shouldInterceptRequest url = http://10.14.41.246/application/bxfc/sec/images/jd1_03.png
11-02 19:22:41.743 D/[cc]LayerTreeHost( 7709): [AnimateLayers] AnimateLayers monotonic_time=4502183153
11-02 19:22:41.743 D/[blink]FrameView( 7709): [updateLifecyclePhasesInternal] cannot paint!!return!!this:0x0x4c805ed0
11-02 19:22:41.743 D/cr_AwNullContentsClient( 7709): [AwNullContentsClient.java:62] shouldInterceptRequest url=http://10.14.41.246/application/bxfc/sec/images/jd1_03.png
11-02 19:22:41.743 D/BrowserWebViewClient( 7709): intercept request :http://10.14.41.246/application/bxfc/sec/images/jd1_03.png
11-02 19:22:41.743 D/AwRequestInterceptor( 7709): [MaybeInterceptRequest] request=0x9f63db00
11-02 19:22:41.743 D/[blink]ImageResource( 7709): [updateImage] allDataReceived!! data size=3238
11-02 19:22:41.743 D/cr_AwContents( 7709): [AwContents.java:520] BackgroundThreadClientImpl shouldInterceptRequest url = http://10.14.41.246/application/bxfc/sec/images/icon_bg2.png
11-02 19:22:41.743 D/cr_AwNullContentsClient( 7709): [AwNullContentsClient.java:62] shouldInterceptRequest url=http://10.14.41.246/application/bxfc/sec/images/icon_bg2.png
11-02 19:22:41.743 D/BrowserWebViewClient( 7709): intercept request :http://10.14.41.246/application/bxfc/sec/images/icon_bg2.png
11-02 19:22:41.744 D/[blink]ResourceFetcher( 7709): [didFinishLoading] encoded length=3474 url=http://10.14.41.246/application/bxfc/sec/images/icon0_06.png.
11-02 19:22:41.744 D/cr_AwContents( 7709): [AwContents.java:520] BackgroundThreadClientImpl shouldInterceptRequest url = http://10.14.41.246/application/bxfc/sec/images/jd1_05.png
11-02 19:22:41.744 D/AwRequestInterceptor( 7709): [MaybeInterceptRequest] request=0x9f4e8500
11-02 19:22:41.744 D/cr_AwNullContentsClient( 7709): [AwNullContentsClient.java:62] shouldInterceptRequest url=http://10.14.41.246/application/bxfc/sec/images/jd1_05.png
11-02 19:22:41.744 D/BrowserWebViewClient( 7709): intercept request :http://10.14.41.246/application/bxfc/sec/images/jd1_05.png
11-02 19:22:41.744 D/[blink]ImageResource( 7709): [updateImage] allDataReceived!! data size=3238
11-02 19:22:41.744 D/cr_AwContents( 7709): [AwContents.java:520] BackgroundThreadClientImpl shouldInterceptRequest url = http://10.14.41.246/application/bxfc/sec/images/jd1_07.png
11-02 19:22:41.744 D/cr_AwNullContentsClient( 7709): [AwNullContentsClient.java:62] shouldInterceptRequest url=http://10.14.41.246/application/bxfc/sec/images/jd1_07.png
11-02 19:22:41.744 D/BrowserWebViewClient( 7709): intercept request :http://10.14.41.246/application/bxfc/sec/images/jd1_07.png
11-02 19:22:41.744 D/AwRequestInterceptor( 7709): [MaybeInterceptRequest] request=0x9f63c600
11-02 19:22:41.744 D/cr_AwContents( 7709): [AwContents.java:520] BackgroundThreadClientImpl shouldInterceptRequest url = http://10.14.41.246/application/bxfc/sec/images/pic1_02.jpg
11-02 19:22:41.744 D/cr_AwNullContentsClient( 7709): [AwNullContentsClient.java:62] shouldInterceptRequest url=http://10.14.41.246/application/bxfc/sec/images/pic1_02.jpg
11-02 19:22:41.744 D/BrowserWebViewClient( 7709): intercept request :http://10.14.41.246/application/bxfc/sec/images/pic1_02.jpg
11-02 19:22:41.745 D/AwRequestInterceptor( 7709): [MaybeInterceptRequest] request=0x9f63d400
11-02 19:22:41.745 D/cr_AwContents( 7709): [AwContents.java:520] BackgroundThreadClientImpl shouldInterceptRequest url = http://10.14.41.246/application/bxfc/sec/images/bg.jpg
11-02 19:22:41.745 D/cr_AwNullContentsClient( 7709): [AwNullContentsClient.java:62] shouldInterceptRequest url=http://10.14.41.246/application/bxfc/sec/images/bg.jpg
11-02 19:22:41.745 D/BrowserWebViewClient( 7709): intercept request :http://10.14.41.246/application/bxfc/sec/images/bg.jpg
11-02 19:22:41.745 D/AwRequestInterceptor( 7709): [MaybeInterceptRequest] request=0x9f63e900
11-02 19:22:41.745 D/[blink]ImageResource( 7709): [updateImage] allDataReceived!! data size=1224
11-02 19:22:41.745 D/AwRequestInterceptor( 7709): [MaybeInterceptRequest] request=0x9f4e8c00
11-02 19:22:41.746 D/AwRequestInterceptor( 7709): [MaybeInterceptRequest] request=0x9f63e580
11-02 19:22:41.747 D/AwRequestInterceptor( 7709): [MaybeInterceptRequest] request=0x9f4e8880
11-02 19:22:41.748 D/AwRequestInterceptor( 7709): [MaybeInterceptRequest] request=0x9f63ec80
11-02 19:22:41.748 D/AwRequestInterceptor( 7709): [MaybeInterceptRequest] request=0x9f4edc80
11-02 19:22:41.749 D/AwRequestInterceptor( 7709): [MaybeInterceptRequest] request=0x9f63c280
11-02 19:22:41.749 D/AwRequestInterceptor( 7709): [MaybeInterceptRequest] request=0x9f63c980
11-02 19:22:41.750 D/AwRequestInterceptor( 7709): [MaybeInterceptRequest] request=0xb49b6d00
11-02 19:22:41.752 D/[blink]ImageResource( 7709): [updateImage] allDataReceived!! data size=12902
11-02 19:22:41.752 D/[blink]ImageResource( 7709): [updateImage] allDataReceived!! data size=2684
11-02 19:22:41.752 D/[cc]ProxyMain( 7709): [BeginMainFrame] cc.BeginMainFrame this:0x9f624650
11-02 19:22:41.752 D/[cc]LayerTreeHost( 7709): [AnimateLayers] AnimateLayers monotonic_time=4502199819
11-02 19:22:41.752 D/[blink]FrameView( 7709): [updateLifecyclePhasesInternal] cannot paint!!return!!this:0x0x4c805ed0
11-02 19:22:41.753 D/ResourceLoader( 7709): [ResponseCompleted] finish request 0x9f4e7380 url='http://10.14.41.246/application/bxfc/sec/images/icon0_07.png'
11-02 19:22:41.755 D/[net]ClientSocketPoolBase( 7709): [RequestSocketInternal] limit enable. larger than max_sockets_per_group_:6
11-02 19:22:41.756 D/[net]ClientSocketPoolBase( 7709): [RequestSocketInternal] limit enable. larger than max_sockets_per_group_:6
11-02 19:22:41.756 D/[blink]memoryCache( 7709): [evict] remove:http://10.14.41.245:13160/recommend/get_recommend_by_label?accesstoken=R59FAD858U20800029K53724E14I5A2A0E0AP8M2FAF082WDBAD6A2ED81&label=286&pageidx=0&pagenum=3&depth=1
11-02 19:22:41.756 D/[blink]memoryCache( 7709): [evict] remove:http://10.14.41.244:12690/account/login?deviceno=8150010653229443&devicetype=2&accounttype=1&account=50000002&accesstoken=
11-02 19:22:41.756 D/[blink]memoryCache( 7709): [evict] remove:http://10.14.41.244:12690/account/user/get_list?deviceno=8150010653229443&devicetype=2&pageidx=1&pagenum=10
11-02 19:22:41.756 D/[blink]memoryCache( 7709): [evict] remove:http://10.14.41.246/application/bxfc/images/pic1_01.jpg
11-02 19:22:41.756 D/[net]ClientSocketPoolBase( 7709): [RequestSocketInternal] limit enable. larger than max_sockets_per_group_:6
11-02 19:22:41.756 D/[net]ClientSocketPoolBase( 7709): [RequestSocketInternal] limit enable. larger than max_sockets_per_group_:6
11-02 19:22:41.756 D/[net]ClientSocketPoolBase( 7709): [RequestSocketInternal] limit enable. larger than max_sockets_per_group_:6
11-02 19:22:41.756 D/[blink]FrameView( 7709): [~FrameView] destroy FrameView frame=0x23341a48 frame view=0x4c801888
11-02 19:22:41.756 D/[blink]FrameView( 7709): [~FrameView] destroy FrameView frame=0x23349d58 frame view=0x4c802398
11-02 19:22:41.756 D/[blink]FrameView( 7709): [~FrameView] destroy FrameView frame=0x23349d58 frame view=0x4c8028b0
11-02 19:22:41.756 D/[blink]FrameView( 7709): [~FrameView] destroy FrameView frame=0x23349d58 frame view=0x4c802dc8
11-02 19:22:41.757 D/[blink]FrameView( 7709): [~FrameView] destroy FrameView frame=0x23462728 frame view=0x4c806320
11-02 19:22:41.757 D/[blink]ImageResource( 7709): [updateImage] allDataReceived!! data size=3213
11-02 19:22:41.757 D/[net]ClientSocketPoolBase( 7709): [RequestSocketInternal] limit enable. larger than max_sockets_per_group_:6
11-02 19:22:41.757 D/[blink]ResourceFetcher( 7709): [didFinishLoading] encoded length=3449 url=http://10.14.41.246/application/bxfc/sec/images/icon0_07.png.
11-02 19:22:41.757 D/[blink]ImageResource( 7709): [updateImage] allDataReceived!! data size=3213
11-02 19:22:41.758 D/[net]ClientSocketPoolBase( 7709): [RequestSocketInternal] limit enable. larger than max_sockets_per_group_:6
11-02 19:22:41.758 D/[blink]ImageResource( 7709): [updateImage] allDataReceived!! data size=14362
11-02 19:22:41.759 D/[net]ClientSocketPoolBase( 7709): [RequestSocketInternal] limit enable. larger than max_sockets_per_group_:6
11-02 19:22:41.759 D/[net]ClientSocketPoolBase( 7709): [RequestSocketInternal] limit enable. larger than max_sockets_per_group_:6
11-02 19:22:41.759 D/[net]ClientSocketPoolBase( 7709): [RequestSocketInternal] limit enable. larger than max_sockets_per_group_:6
11-02 19:22:41.759 D/[net]ClientSocketPoolBase( 7709): [RequestSocketInternal] limit enable. larger than max_sockets_per_group_:6
11-02 19:22:41.759 D/[net]ClientSocketPoolBase( 7709): [RequestSocketInternal] limit enable. larger than max_sockets_per_group_:6
11-02 19:22:41.764 D/[cc]ProxyMain( 7709): [BeginMainFrame] cc.BeginMainFrame this:0x9f624650
11-02 19:22:41.764 D/[cc]LayerTreeHost( 7709): [AnimateLayers] AnimateLayers monotonic_time=4502216486
11-02 19:22:41.764 D/[blink]FrameView( 7709): [updateLifecyclePhasesInternal] cannot paint!!return!!this:0x0x4c805ed0
11-02 19:22:41.789 D/[blink]ImageResource( 7709): [updateImage] allDataReceived!! data size=15822
11-02 19:22:41.789 D/[cc]beginFrameSource( 7709): [AddObserver] ExternalBeginFrameSource::AddObserver
11-02 19:22:41.793 D/[blink]ImageResource( 7709): [updateImage] allDataReceived!! data size=17282
11-02 19:22:41.793 I/Advanced( 7709): [QUEUE] share_queue_sendEx size:1 4097 30 0x8eda7f20,postLoopId:0,dstid:1.
11-02 19:22:41.794 D/[blink]ImageResource( 7709): [updateImage] allDataReceived!! data size=18742
11-02 19:22:41.798 D/[blink]ImageResource( 7709): [updateImage] allDataReceived!! data size=20202
11-02 19:22:41.798 D/[cc]ProxyMain( 7709): [BeginMainFrame] cc.BeginMainFrame this:0x9f624650
11-02 19:22:41.798 D/[cc]LayerTreeHost( 7709): [AnimateLayers] AnimateLayers monotonic_time=4502249819
11-02 19:22:41.798 D/[blink]FrameView( 7709): [updateLifecyclePhasesInternal] cannot paint!!return!!this:0x0x4c805ed0
11-02 19:22:41.800 D/[blink]ImageResource( 7709): [updateImage] allDataReceived!! data size=21662
11-02 19:22:41.806 D/ResourceLoader( 7709): [ResponseCompleted] finish request 0x9f63d780 url='http://10.14.41.246/application/bxfc/sec/images/logo.png'
11-02 19:22:41.806 D/[blink]ImageResource( 7709): [updateImage] allDataReceived!! data size=23116
11-02 19:22:41.806 D/[blink]ResourceFetcher( 7709): [didFinishLoading] encoded length=23354 url=http://10.14.41.246/application/bxfc/sec/images/logo.png.
11-02 19:22:41.806 D/[blink]ImageResource( 7709): [updateImage] allDataReceived!! data size=23116
11-02 19:22:41.811 D/ResourceLoader( 7709): [ResponseCompleted] finish request 0x9f63de80 url='http://10.14.41.246/application/bxfc/sec/js/keyevent.js'
11-02 19:22:41.811 D/[blink]ResourceFetcher( 7709): [didFinishLoading] encoded length=1700 url=http://10.14.41.246/application/bxfc/sec/js/keyevent.js.
11-02 19:22:41.814 D/[cc]ProxyMain( 7709): [BeginMainFrame] cc.BeginMainFrame this:0x9f624650
11-02 19:22:41.814 D/[cc]LayerTreeHost( 7709): [AnimateLayers] AnimateLayers monotonic_time=4502266486
11-02 19:22:41.814 D/[blink]FrameView( 7709): [updateLifecyclePhasesInternal] cannot paint!!return!!this:0x0x4c805ed0
11-02 19:22:41.817 D/BackBootDealerNeimeng( 2367): standbyState:
11-02 19:22:41.817 E/NetUtils( 2021): Interface eth0 LinkDown!
11-02 19:22:41.821 D/ir_user ( 1584): PlayerTimeLineTrace:linux_keycode:0x1c(UP),	protocol: .
11-02 19:22:41.821 V/PT      ( 1580): >>INFO:irkey_task:[    4502.274152] /dev/input/event0: type=0001 code=001c val=00000000
11-02 19:22:41.821 V/PT      ( 1580): >>INFO:irkey_send:0x3001 0x1001 up  
11-02 19:22:41.821 V/SUMA    ( 1580): ++++++++++++++  _roc_evtmgr_key_cbk 517:input = 12289, event=4097, act=0x400
11-02 19:22:41.821 V/SUMA    ( 1580): lxm:_roc_evtmgr_key_cbk 519 4502274
11-02 19:22:41.821 V/SUMA    ( 1580): lxm:_roc_evtmgr_add_key_into_queue 311 4502274
11-02 19:22:41.821 V/PT      ( 1580): >>INFO:irkey_task:[    4502.274152] /dev/input/event0: type=0000 code=0000 val=00000000
11-02 19:22:41.821 V/SUMA    ( 1580): ===================>> type=0 src=0 evt=4097 act=0x400
11-02 19:22:41.821 V/SUMA    ( 1580): [sysset-s][event_manager_cbk 78]lxm cbid=1, cbk_reg=1, cpid=2451
11-02 19:22:41.821 D/NGBEvent( 2451): ngbEventCallBack type:0 source :4097
11-02 19:22:41.821 D/NGBEvent( 2451): [NGBEventManager-JNI]-returning:1
11-02 19:22:41.822 D/NGBEvent( 2451): Input key event: keyCode=4097
11-02 19:22:41.822 D/NGBEvent( 2451): src:4097 = dest:4097
11-02 19:22:41.822 I/System.out( 2451): [DEBUG EventManager] LWJ--Add event to java with evt=NgbEvent-[type = 1, subtype = 402, code = 4097]
11-02 19:22:41.822 D/NGBEvent( 2451): [NGBEvent_log]--[EventManager--JNI]:		start
11-02 19:22:41.822 I/System.out( 2451): [DEBUG EventManager] broadcastEvent  :len 1
11-02 19:22:41.822 D/KeyEventNgbDealer( 2451): [TN_pool-1-thread-1]handleKeyReleased keyEvent=NgbEvent-[type = 1, subtype = 402, code = 4097],time=4502274
11-02 19:22:41.822 D/RemoteIME( 7534): RemoteIME--> onKeyUp keyCode = 23
11-02 19:22:41.822 D/ResourceLoader( 7709): [ResponseCompleted] finish request 0x9f63e200 url='http://10.14.41.246/application/bxfc/sec/js/homedconfig.js'
11-02 19:22:41.823 D/[blink]ResourceFetcher( 7709): [didFinishLoading] encoded length=6872 url=http://10.14.41.246/application/bxfc/sec/js/homedconfig.js.
11-02 19:22:41.823 D/cr_AwTestContainerView( 7709): [AwTestContainerView.java:63] [mainFrame]: [unknown] dispatchKeyEvent keyCode = 23 event = KeyEvent { action=ACTION_UP, keyCode=KEYCODE_DPAD_CENTER, scanCode=28, metaState=0, flags=0x8, repeatCount=0, eventTime=4502274, downTime=4502064, deviceId=3, source=0x701 }
11-02 19:22:41.823 D/ImeAdapterAndroid( 7709): [SendKeyEvent] [BUILD TIME: ] dispatchKeyEvent key_code=23 modifiers=0 unicode_char=0 scan_code=28 is_system=0 tm=4502274
