11-02 20:05:28.354 D/BasicFigure( 2488): [TN_GLThread 74]isDrawFocused relyElement=[BaseElement@574e220]focusScale[1.15]elementAlpha[-1.0]refectAlpha[-1.0]isFocusAble[true]shadowIndex[-1]autoJumpType[-1]uniqueID[54resSize0]rect[NULL]
11-02 20:05:28.354 D/BasicFigure( 2488): [TN_GLThread 74]isDrawFocused basicFigure=com.suma.midware.view.b.c.c@346a37d9
11-02 20:05:28.430 W/ContextImpl( 2364): Calling a method in the system process without a qualified user: android.app.ContextImpl.sendBroadcast:1345 android.content.ContextWrapper.sendBroadcast:377 com.suma.midware.back.esg.e.f:-1 com.suma.midware.back.esg.f.run:-1 com.suma.midware.prop.util.c.run:-1 
11-02 20:05:28.548 D/BackBootDealerNeimeng( 2364): standbyState:
11-02 20:05:28.549 E/NetUtils( 2019): Interface eth0 LinkDown!
11-02 20:05:29.049 D/BackBootDealerNeimeng( 2364): standbyState:
11-02 20:05:29.050 E/NetUtils( 2019): Interface eth0 LinkDown!
11-02 20:05:29.374 D/BasicFigure( 2488): [TN_GLThread 74]isDrawFocused relyElement=[BaseElement@574e220]focusScale[1.15]elementAlpha[-1.0]refectAlpha[-1.0]isFocusAble[true]shadowIndex[-1]autoJumpType[-1]uniqueID[54resSize0]rect[NULL]
11-02 20:05:29.374 D/BasicFigure( 2488): [TN_GLThread 74]isDrawFocused basicFigure=com.suma.midware.view.b.c.c@346a37d9
11-02 20:05:29.433 W/ContextImpl( 2364): Calling a method in the system process without a qualified user: android.app.ContextImpl.sendBroadcast:1345 android.content.ContextWrapper.sendBroadcast:377 com.suma.midware.back.esg.e.f:-1 com.suma.midware.back.esg.f.run:-1 com.suma.midware.prop.util.c.run:-1 
11-02 20:05:29.550 D/BackBootDealerNeimeng( 2364): standbyState:
11-02 20:05:29.551 E/NetUtils( 2019): Interface eth0 LinkDown!
11-02 20:05:30.052 D/BackBootDealerNeimeng( 2364): standbyState:
11-02 20:05:30.052 E/NetUtils( 2019): Interface eth0 LinkDown!
11-02 20:05:30.394 D/BasicFigure( 2488): [TN_GLThread 74]isDrawFocused relyElement=[BaseElement@574e220]focusScale[1.15]elementAlpha[-1.0]refectAlpha[-1.0]isFocusAble[true]shadowIndex[-1]autoJumpType[-1]uniqueID[54resSize0]rect[NULL]
11-02 20:05:30.394 D/BasicFigure( 2488): [TN_GLThread 74]isDrawFocused basicFigure=com.suma.midware.view.b.c.c@346a37d9
11-02 20:05:30.553 D/BackBootDealerNeimeng( 2364): standbyState:
11-02 20:05:30.554 E/NetUtils( 2019): Interface eth0 LinkDown!
11-02 20:05:31.054 D/BackBootDealerNeimeng( 2364): standbyState:
11-02 20:05:31.055 E/NetUtils( 2019): Interface eth0 LinkDown!
11-02 20:05:31.414 D/BasicFigure( 2488): [TN_GLThread 74]isDrawFocused relyElement=[BaseElement@574e220]focusScale[1.15]elementAlpha[-1.0]refectAlpha[-1.0]isFocusAble[true]shadowIndex[-1]autoJumpType[-1]uniqueID[54resSize0]rect[NULL]
11-02 20:05:31.414 D/BasicFigure( 2488): [TN_GLThread 74]isDrawFocused basicFigure=com.suma.midware.view.b.c.c@346a37d9
11-02 20:05:31.555 D/BackBootDealerNeimeng( 2364): standbyState:
11-02 20:05:31.556 E/NetUtils( 2019): Interface eth0 LinkDown!
11-02 20:05:32.057 D/BackBootDealerNeimeng( 2364): standbyState:
11-02 20:05:32.057 E/NetUtils( 2019): Interface eth0 LinkDown!
11-02 20:05:32.436 D/BasicFigure( 2488): [TN_GLThread 74]isDrawFocused relyElement=[BaseElement@574e220]focusScale[1.15]elementAlpha[-1.0]refectAlpha[-1.0]isFocusAble[true]shadowIndex[-1]autoJumpType[-1]uniqueID[54resSize0]rect[NULL]
11-02 20:05:32.436 D/BasicFigure( 2488): [TN_GLThread 74]isDrawFocused basicFigure=com.suma.midware.view.b.c.c@346a37d9
11-02 20:05:32.558 D/BackBootDealerNeimeng( 2364): standbyState:
11-02 20:05:32.559 E/NetUtils( 2019): Interface eth0 LinkDown!
11-02 20:05:33.059 D/BackBootDealerNeimeng( 2364): standbyState:
11-02 20:05:33.060 E/NetUtils( 2019): Interface eth0 LinkDown!
11-02 20:05:33.456 D/BasicFigure( 2488): [TN_GLThread 74]isDrawFocused relyElement=[BaseElement@574e220]focusScale[1.15]elementAlpha[-1.0]refectAlpha[-1.0]isFocusAble[true]shadowIndex[-1]autoJumpType[-1]uniqueID[54resSize0]rect[NULL]
11-02 20:05:33.456 D/BasicFigure( 2488): [TN_GLThread 74]isDrawFocused basicFigure=com.suma.midware.view.b.c.c@346a37d9
11-02 20:05:33.560 D/BackBootDealerNeimeng( 2364): standbyState:
11-02 20:05:33.561 E/NetUtils( 2019): Interface eth0 LinkDown!
11-02 20:05:34.062 D/BackBootDealerNeimeng( 2364): standbyState:
11-02 20:05:34.062 E/NetUtils( 2019): Interface eth0 LinkDown!
11-02 20:05:34.476 D/BasicFigure( 2488): [TN_GLThread 74]isDrawFocused relyElement=[BaseElement@574e220]focusScale[1.15]elementAlpha[-1.0]refectAlpha[-1.0]isFocusAble[true]shadowIndex[-1]autoJumpType[-1]uniqueID[54resSize0]rect[NULL]
11-02 20:05:34.476 D/BasicFigure( 2488): [TN_GLThread 74]isDrawFocused basicFigure=com.suma.midware.view.b.c.c@346a37d9
11-02 20:05:34.562 D/BackBootDealerNeimeng( 2364): standbyState:
11-02 20:05:34.563 E/NetUtils( 2019): Interface eth0 LinkDown!
11-02 20:05:34.667 D/ConfigUpdateOttAdmin( 2488): [TN_ThreadUtil-0]dealUpdateCheck menuConfig=[MenuConfig@f5d]configID[3840]configAlias[homeConfig]configName[home_config.dat]version[1]isFilePath1[false]rootView[com.suma.midware.home.third.h{383f6ac5 VFE..... .F...... 0,0-1280,720}]rootLayout[null]
11-02 20:05:34.667 D/FileIOUtil( 2488): [TN_ThreadUtil-0]deleteFile filePath=/data/user/0/com.suma.midware.home/files/launcherRes/f00/1/,containRootDir=false
11-02 20:05:34.668 D/FileIOUtil( 2488): [TN_ThreadUtil-0]deleteFile file=/data/user/0/com.suma.midware.home/files/launcherRes/f00/1,containRootDir=false
11-02 20:05:34.668 E/ConfigUpdateNeimengOttAdmin( 2488): [TN_ThreadUtil-0]checkConfig url=http://tvos-launcher.96066.com:8082/LancherWeb/getLauncherUpdatePackage?areaCode=&serialNumber=15510217310112851&standardVersion=1.0&mac=&hardVersion=04.01.01.02&launcherVersion=0&locationCode=0&cardOutID=8150010653229443&softVersion=03.16.00.03&type=1&model=8
11-02 20:05:34.669 D/LoadHttpHandler( 2488): [TN_ThreadUtil-0]doNormal proxyConfig=null
11-02 20:05:35.063 D/BackBootDealerNeimeng( 2364): standbyState:
11-02 20:05:35.064 E/NetUtils( 2019): Interface eth0 LinkDown!
11-02 20:05:35.496 D/BasicFigure( 2488): [TN_GLThread 74]isDrawFocused relyElement=[BaseElement@574e220]focusScale[1.15]elementAlpha[-1.0]refectAlpha[-1.0]isFocusAble[true]shadowIndex[-1]autoJumpType[-1]uniqueID[54resSize0]rect[NULL]
11-02 20:05:35.496 D/BasicFigure( 2488): [TN_GLThread 74]isDrawFocused basicFigure=com.suma.midware.view.b.c.c@346a37d9
11-02 20:05:35.565 D/BackBootDealerNeimeng( 2364): standbyState:
11-02 20:05:35.566 E/NetUtils( 2019): Interface eth0 LinkDown!
11-02 20:05:35.719 D/LoadHttpHandler( 2488): [TN_ThreadUtil-0]doNormal responseCode=200
11-02 20:05:35.719 D/LoadHttpHandler( 2488): [TN_ThreadUtil-0]doNormal savePath=null,fileName=null,total=-1
11-02 20:05:35.720 E/ConfigUpdateNeimengOttAdmin( 2488): [TN_ThreadUtil-0]data: {"status":"0","errorMessage":"","data":""}
11-02 20:05:35.720 E/ConfigUpdateNeimengOttAdmin( 2488): [TN_ThreadUtil-0]checkConfig illegal version is null
11-02 20:05:36.066 D/BackBootDealerNeimeng( 2364): standbyState:
11-02 20:05:36.067 E/NetUtils( 2019): Interface eth0 LinkDown!
11-02 20:05:36.516 D/BasicFigure( 2488): [TN_GLThread 74]isDrawFocused relyElement=[BaseElement@574e220]focusScale[1.15]elementAlpha[-1.0]refectAlpha[-1.0]isFocusAble[true]shadowIndex[-1]autoJumpType[-1]uniqueID[54resSize0]rect[NULL]
11-02 20:05:36.516 D/BasicFigure( 2488): [TN_GLThread 74]isDrawFocused basicFigure=com.suma.midware.view.b.c.c@346a37d9
11-02 20:05:36.567 D/BackBootDealerNeimeng( 2364): standbyState:
11-02 20:05:36.568 E/NetUtils( 2019): Interface eth0 LinkDown!
11-02 20:05:37.068 D/BackBootDealerNeimeng( 2364): standbyState:
11-02 20:05:37.069 E/NetUtils( 2019): Interface eth0 LinkDown!
11-02 20:05:37.535 D/BasicFigure( 2488): [TN_GLThread 74]isDrawFocused relyElement=[BaseElement@574e220]focusScale[1.15]elementAlpha[-1.0]refectAlpha[-1.0]isFocusAble[true]shadowIndex[-1]autoJumpType[-1]uniqueID[54resSize0]rect[NULL]
11-02 20:05:37.535 D/BasicFigure( 2488): [TN_GLThread 74]isDrawFocused basicFigure=com.suma.midware.view.b.c.c@346a37d9
11-02 20:05:37.569 D/BackBootDealerNeimeng( 2364): standbyState:
11-02 20:05:37.570 E/NetUtils( 2019): Interface eth0 LinkDown!
11-02 20:05:38.071 D/BackBootDealerNeimeng( 2364): standbyState:
11-02 20:05:38.071 E/NetUtils( 2019): Interface eth0 LinkDown!
11-02 20:05:38.555 D/BasicFigure( 2488): [TN_GLThread 74]isDrawFocused relyElement=[BaseElement@574e220]focusScale[1.15]elementAlpha[-1.0]refectAlpha[-1.0]isFocusAble[true]shadowIndex[-1]autoJumpType[-1]uniqueID[54resSize0]rect[NULL]
11-02 20:05:38.555 D/BasicFigure( 2488): [TN_GLThread 74]isDrawFocused basicFigure=com.suma.midware.view.b.c.c@346a37d9
11-02 20:05:38.572 D/BackBootDealerNeimeng( 2364): standbyState:
11-02 20:05:38.572 E/NetUtils( 2019): Interface eth0 LinkDown!
11-02 20:05:39.073 D/BackBootDealerNeimeng( 2364): standbyState:
11-02 20:05:39.074 E/NetUtils( 2019): Interface eth0 LinkDown!
11-02 20:05:39.574 D/BackBootDealerNeimeng( 2364): standbyState:
11-02 20:05:39.574 D/BasicFigure( 2488): [TN_GLThread 74]isDrawFocused relyElement=[BaseElement@574e220]focusScale[1.15]elementAlpha[-1.0]refectAlpha[-1.0]isFocusAble[true]shadowIndex[-1]autoJumpType[-1]uniqueID[54resSize0]rect[NULL]
11-02 20:05:39.574 D/BasicFigure( 2488): [TN_GLThread 74]isDrawFocused basicFigure=com.suma.midware.view.b.c.c@346a37d9
11-02 20:05:39.575 E/NetUtils( 2019): Interface eth0 LinkDown!
11-02 20:05:39.913 E/WifiStateMachine( 2019): WifiStateMachine CMD_START_SCAN source -2 txSuccessRate=1.78 rxSuccessRate=1.43 targetRoamBSSID=e4:f3:f5:aa:ad:88 RSSI=-39
11-02 20:05:39.913 E/WifiStateMachine( 2019): WifiStateMachine starting scan for "ipanel"WPA_PSK with 2467
11-02 20:05:40.076 D/BackBootDealerNeimeng( 2364): standbyState:
11-02 20:05:40.077 E/NetUtils( 2019): Interface eth0 LinkDown!
11-02 20:05:40.577 D/BackBootDealerNeimeng( 2364): standbyState:
11-02 20:05:40.578 E/NetUtils( 2019): Interface eth0 LinkDown!
11-02 20:05:40.594 D/BasicFigure( 2488): [TN_GLThread 74]isDrawFocused relyElement=[BaseElement@574e220]focusScale[1.15]elementAlpha[-1.0]refectAlpha[-1.0]isFocusAble[true]shadowIndex[-1]autoJumpType[-1]uniqueID[54resSize0]rect[NULL]
11-02 20:05:40.594 D/BasicFigure( 2488): [TN_GLThread 74]isDrawFocused basicFigure=com.suma.midware.view.b.c.c@346a37d9
11-02 20:05:40.643 I/EthernetNetworkFactory( 2019): updateInterfaceState :the mIface is:eth0iface is wlan0 true
11-02 20:05:40.651 E/WifiAutoJoinController ( 2019): GDWL 86:79:73:27:8c:19 rssi=-36 cap [WPA-PSK-CCMP][WPA2-PSK-CCMP][ESS] is not scored
11-02 20:05:40.651 E/WifiAutoJoinController ( 2019): ipanel e4:f3:f5:aa:ad:88 rssi=-39 cap [WPA-PSK-CCMP][WPA2-PSK-CCMP][ESS] is not scored
11-02 20:05:40.652 E/WifiAutoJoinController ( 2019): Office_Net e4:f3:f5:a4:00:c0 rssi=-64 cap [WPA-PSK-CCMP][WPA2-PSK-CCMP][ESS] is not scored
11-02 20:05:40.652 E/WifiAutoJoinController ( 2019):  84:79:73:27:8c:19 rssi=-30 cap [WEP][ESS] is not scored
11-02 20:05:40.652 E/WifiAutoJoinController ( 2019): MERCURY_EDE4 e4:f3:f5:6a:ed:e4 rssi=-44 cap [ESS] is not scored
11-02 20:05:40.653 E/WifiAutoJoinController ( 2019): ageScanResultsOut delay 40000 size 21 now 1509624340653
11-02 20:05:40.653 E/WifiAutoJoinController ( 2019): newSupplicantResults size=21 known=1 true
11-02 20:05:40.654 E/WifiAutoJoinController ( 2019): attemptAutoJoin() status=bssid=e4:f3:f5:aa:ad:88
11-02 20:05:40.654 E/WifiAutoJoinController ( 2019): freq=2467
11-02 20:05:40.654 E/WifiAutoJoinController ( 2019): ssid=ipanel
11-02 20:05:40.654 E/WifiAutoJoinController ( 2019): id=1
11-02 20:05:40.654 E/WifiAutoJoinController ( 2019): mode=station
11-02 20:05:40.654 E/WifiAutoJoinController ( 2019): pairwise_cipher=CCMP
11-02 20:05:40.654 E/WifiAutoJoinController ( 2019): group_cipher=CCMP
11-02 20:05:40.654 E/WifiAutoJoinController ( 2019): key_mgmt=WPA2-PSK
11-02 20:05:40.654 E/WifiAutoJoinController ( 2019): wpa_state=COMPLETED
11-02 20:05:40.654 E/WifiAutoJoinController ( 2019): ip_address=192.168.0.101
11-02 20:05:40.654 E/WifiAutoJoinController ( 2019): p2p_device_address=0e:62:a6:0c:0f:b2
11-02 20:05:40.654 E/WifiAutoJoinController ( 2019): address=0c:62:a6:0c:0f:b2
11-02 20:05:40.654 E/WifiAutoJoinController ( 2019): uuid=de43a986-3647-5398-876d-b6752834d7e7 split=13
11-02 20:05:40.654 E/WifiAutoJoinController ( 2019): attemptAutoJoin() num recent config 1 current="ipanel"WPA_PSK ---> suppNetId=1
11-02 20:05:40.655 E/WifiAutoJoinController ( 2019): attemptAutoJoin good candidate seen, bumped hard -> status=0 "ipanel"WPA_PSK rssi=(-39,-127) num=(1,0)
11-02 20:05:40.655 E/WifiAutoJoinController ( 2019): attemptAutoJoin skip current candidate  1 key "ipanel"WPA_PSK
11-02 20:05:40.655 E/WifiAutoJoinController ( 2019): attemptRoam: "ipanel"WPA_PSK Found e4:f3:f5:aa:ad:88 rssi=-39 freq=2467 Current: e4:f3:f5:aa:ad:88
11-02 20:05:40.655 E/WifiAutoJoinController ( 2019): Done attemptAutoJoin status=0
11-02 20:05:41.078 D/BackBootDealerNeimeng( 2364): standbyState:
11-02 20:05:41.079 E/NetUtils( 2019): Interface eth0 LinkDown!
11-02 20:05:41.580 D/BackBootDealerNeimeng( 2364): standbyState:
11-02 20:05:41.581 E/NetUtils( 2019): Interface eth0 LinkDown!
11-02 20:05:41.613 D/BasicFigure( 2488): [TN_GLThread 74]isDrawFocused relyElement=[BaseElement@574e220]focusScale[1.15]elementAlpha[-1.0]refectAlpha[-1.0]isFocusAble[true]shadowIndex[-1]autoJumpType[-1]uniqueID[54resSize0]rect[NULL]
11-02 20:05:41.613 D/BasicFigure( 2488): [TN_GLThread 74]isDrawFocused basicFigure=com.suma.midware.view.b.c.c@346a37d9
11-02 20:05:42.081 D/BackBootDealerNeimeng( 2364): standbyState:
11-02 20:05:42.082 E/NetUtils( 2019): Interface eth0 LinkDown!
11-02 20:05:42.582 D/BackBootDealerNeimeng( 2364): standbyState:
11-02 20:05:42.583 E/NetUtils( 2019): Interface eth0 LinkDown!
11-02 20:05:42.632 D/BasicFigure( 2488): [TN_GLThread 74]isDrawFocused relyElement=[BaseElement@574e220]focusScale[1.15]elementAlpha[-1.0]refectAlpha[-1.0]isFocusAble[true]shadowIndex[-1]autoJumpType[-1]uniqueID[54resSize0]rect[NULL]
11-02 20:05:42.633 D/BasicFigure( 2488): [TN_GLThread 74]isDrawFocused basicFigure=com.suma.midware.view.b.c.c@346a37d9
11-02 20:05:42.777 D/AppUtil ( 2364): [TN_ThreadUtil-3]getActivityPkg index=0,comp=ComponentInfo{com.suma.midware.home/com.suma.midware.home.third.Main3DActivity}
11-02 20:05:42.777 D/AppKiller( 2364): [TN_ThreadUtil-3]backKill curPkgName=com.suma.midware.home
11-02 20:05:43.083 D/BackBootDealerNeimeng( 2364): standbyState:
11-02 20:05:43.084 E/NetUtils( 2019): Interface eth0 LinkDown!
11-02 20:05:43.198 D/IPLoaderNeimeng( 2364): after wait time20:05:43:monitorInterval:5000
11-02 20:05:43.198 D/IPLoaderNeimeng( 2364): before dealUpdateCheck time:20:05:43:isMsgBroadcast:false:monitorInterval:5000:processState:1
11-02 20:05:43.198 D/IPLoaderNeimeng( 2364): dealUpdateCheck isFirstSuccessUpdate:false:monitorInterval:5000
11-02 20:05:43.199 D/LoadHttpHandler( 2364): [TN_ThreadUtil-6]doNormal proxyConfig=null
11-02 20:05:43.447 D/LoadHttpHandler( 2364): [TN_ThreadUtil-6]doNormal responseCode=404
11-02 20:05:43.448 D/LoadHttpTask( 2364): dealUpdateCheck responseCode:404:data:null:downloadResult:false
11-02 20:05:43.448 D/IPLoaderNeimeng( 2364): after dealUpdateCheck time:20:05:43:isMsgBroadcast:false:monitorInterval:5000:processState:1
11-02 20:05:43.449 D/IPLoaderNeimeng( 2364): before wait time20:05:43:monitorInterval:5000
11-02 20:05:43.584 D/BackBootDealerNeimeng( 2364): standbyState:
11-02 20:05:43.586 E/NetUtils( 2019): Interface eth0 LinkDown!
11-02 20:05:43.652 D/BasicFigure( 2488): [TN_GLThread 74]isDrawFocused relyElement=[BaseElement@574e220]focusScale[1.15]elementAlpha[-1.0]refectAlpha[-1.0]isFocusAble[true]shadowIndex[-1]autoJumpType[-1]uniqueID[54resSize0]rect[NULL]
11-02 20:05:43.652 D/BasicFigure( 2488): [TN_GLThread 74]isDrawFocused basicFigure=com.suma.midware.view.b.c.c@346a37d9
11-02 20:05:43.807 D/Device  ( 2426): deviceSearchResponse(SSDPPacket ssdpPacket):M-SEARCH * HTTP/1.1
11-02 20:05:43.807 D/Device  ( 2426): HOST: 239.255.255.250:1900
11-02 20:05:43.807 D/Device  ( 2426): MAN: "ssdp:discover"
11-02 20:05:43.807 D/Device  ( 2426): MX: 1
11-02 20:05:43.807 D/Device  ( 2426): ST: urn:dial-multiscreen-org:service:dial:1
11-02 20:05:43.807 D/Device  ( 2426): USER-AGENT: Google Chrome/62.0.3202.75 Windows
11-02 20:05:43.807 D/Device  ( 2426): 
11-02 20:05:44.074 W/BatteryStatsImpl( 2019): Couldn't get kernel wake lock stats
11-02 20:05:44.086 D/BackBootDealerNeimeng( 2364): standbyState:
11-02 20:05:44.087 E/NetUtils( 2019): Interface eth0 LinkDown!
11-02 20:05:44.587 D/BackBootDealerNeimeng( 2364): standbyState:
11-02 20:05:44.588 E/NetUtils( 2019): Interface eth0 LinkDown!
11-02 20:05:44.671 D/BasicFigure( 2488): [TN_GLThread 74]isDrawFocused relyElement=[BaseElement@574e220]focusScale[1.15]elementAlpha[-1.0]refectAlpha[-1.0]isFocusAble[true]shadowIndex[-1]autoJumpType[-1]uniqueID[54resSize0]rect[NULL]
11-02 20:05:44.672 D/BasicFigure( 2488): [TN_GLThread 74]isDrawFocused basicFigure=com.suma.midware.view.b.c.c@346a37d9
11-02 20:05:44.777 D/Device  ( 2426): deviceSearchResponse(SSDPPacket ssdpPacket):M-SEARCH * HTTP/1.1
11-02 20:05:44.777 D/Device  ( 2426): HOST: 239.255.255.250:1900
11-02 20:05:44.777 D/Device  ( 2426): MAN: "ssdp:discover"
11-02 20:05:44.777 D/Device  ( 2426): MX: 1
11-02 20:05:44.777 D/Device  ( 2426): ST: urn:dial-multiscreen-org:service:dial:1
11-02 20:05:44.777 D/Device  ( 2426): USER-AGENT: Google Chrome/62.0.3202.75 Windows
11-02 20:05:44.777 D/Device  ( 2426): 
11-02 20:05:45.088 D/BackBootDealerNeimeng( 2364): standbyState:
11-02 20:05:45.089 E/NetUtils( 2019): Interface eth0 LinkDown!
11-02 20:05:45.589 D/BackBootDealerNeimeng( 2364): standbyState:
11-02 20:05:45.590 E/NetUtils( 2019): Interface eth0 LinkDown!
11-02 20:05:45.691 D/BasicFigure( 2488): [TN_GLThread 74]isDrawFocused relyElement=[BaseElement@574e220]focusScale[1.15]elementAlpha[-1.0]refectAlpha[-1.0]isFocusAble[true]shadowIndex[-1]autoJumpType[-1]uniqueID[54resSize0]rect[NULL]
11-02 20:05:45.691 D/BasicFigure( 2488): [TN_GLThread 74]isDrawFocused basicFigure=com.suma.midware.view.b.c.c@346a37d9
11-02 20:05:45.778 D/Device  ( 2426): deviceSearchResponse(SSDPPacket ssdpPacket):M-SEARCH * HTTP/1.1
11-02 20:05:45.778 D/Device  ( 2426): HOST: 239.255.255.250:1900
11-02 20:05:45.778 D/Device  ( 2426): MAN: "ssdp:discover"
11-02 20:05:45.778 D/Device  ( 2426): MX: 1
11-02 20:05:45.778 D/Device  ( 2426): ST: urn:dial-multiscreen-org:service:dial:1
11-02 20:05:45.778 D/Device  ( 2426): USER-AGENT: Google Chrome/62.0.3202.75 Windows
11-02 20:05:45.778 D/Device  ( 2426): 
11-02 20:05:46.091 D/BackBootDealerNeimeng( 2364): standbyState:
11-02 20:05:46.092 E/NetUtils( 2019): Interface eth0 LinkDown!
11-02 20:05:46.592 D/BackBootDealerNeimeng( 2364): standbyState:
11-02 20:05:46.593 E/NetUtils( 2019): Interface eth0 LinkDown!
11-02 20:05:46.710 D/BasicFigure( 2488): [TN_GLThread 74]isDrawFocused relyElement=[BaseElement@574e220]focusScale[1.15]elementAlpha[-1.0]refectAlpha[-1.0]isFocusAble[true]shadowIndex[-1]autoJumpType[-1]uniqueID[54resSize0]rect[NULL]
11-02 20:05:46.710 D/BasicFigure( 2488): [TN_GLThread 74]isDrawFocused basicFigure=com.suma.midware.view.b.c.c@346a37d9
11-02 20:05:46.879 D/Device  ( 2426): deviceSearchResponse(SSDPPacket ssdpPacket):M-SEARCH * HTTP/1.1
11-02 20:05:46.879 D/Device  ( 2426): HOST: 239.255.255.250:1900
11-02 20:05:46.879 D/Device  ( 2426): MAN: "ssdp:discover"
11-02 20:05:46.879 D/Device  ( 2426): MX: 1
11-02 20:05:46.879 D/Device  ( 2426): ST: urn:dial-multiscreen-org:service:dial:1
11-02 20:05:46.879 D/Device  ( 2426): USER-AGENT: Google Chrome/62.0.3202.75 Windows
11-02 20:05:46.879 D/Device  ( 2426): 
11-02 20:05:47.093 D/BackBootDealerNeimeng( 2364): standbyState:
11-02 20:05:47.094 E/NetUtils( 2019): Interface eth0 LinkDown!
11-02 20:05:47.595 D/BackBootDealerNeimeng( 2364): standbyState:
11-02 20:05:47.596 E/NetUtils( 2019): Interface eth0 LinkDown!
11-02 20:05:47.729 D/BasicFigure( 2488): [TN_GLThread 74]isDrawFocused relyElement=[BaseElement@574e220]focusScale[1.15]elementAlpha[-1.0]refectAlpha[-1.0]isFocusAble[true]shadowIndex[-1]autoJumpType[-1]uniqueID[54resSize0]rect[NULL]
11-02 20:05:47.729 D/BasicFigure( 2488): [TN_GLThread 74]isDrawFocused basicFigure=com.suma.midware.view.b.c.c@346a37d9
11-02 20:05:48.096 D/BackBootDealerNeimeng( 2364): standbyState:
11-02 20:05:48.097 E/NetUtils( 2019): Interface eth0 LinkDown!
11-02 20:05:48.598 D/BackBootDealerNeimeng( 2364): standbyState:
11-02 20:05:48.598 E/NetUtils( 2019): Interface eth0 LinkDown!
11-02 20:05:48.748 D/BasicFigure( 2488): [TN_GLThread 74]isDrawFocused relyElement=[BaseElement@574e220]focusScale[1.15]elementAlpha[-1.0]refectAlpha[-1.0]isFocusAble[true]shadowIndex[-1]autoJumpType[-1]uniqueID[54resSize0]rect[NULL]
11-02 20:05:48.748 D/BasicFigure( 2488): [TN_GLThread 74]isDrawFocused basicFigure=com.suma.midware.view.b.c.c@346a37d9
11-02 20:05:49.099 D/BackBootDealerNeimeng( 2364): standbyState:
11-02 20:05:49.099 E/NetUtils( 2019): Interface eth0 LinkDown!
11-02 20:05:49.600 D/BackBootDealerNeimeng( 2364): standbyState:
11-02 20:05:49.601 E/NetUtils( 2019): Interface eth0 LinkDown!
11-02 20:05:49.768 D/BasicFigure( 2488): [TN_GLThread 74]isDrawFocused relyElement=[BaseElement@574e220]focusScale[1.15]elementAlpha[-1.0]refectAlpha[-1.0]isFocusAble[true]shadowIndex[-1]autoJumpType[-1]uniqueID[54resSize0]rect[NULL]
11-02 20:05:49.768 D/BasicFigure( 2488): [TN_GLThread 74]isDrawFocused basicFigure=com.suma.midware.view.b.c.c@346a37d9
11-02 20:05:50.101 D/BackBootDealerNeimeng( 2364): standbyState:
11-02 20:05:50.102 E/NetUtils( 2019): Interface eth0 LinkDown!
11-02 20:05:50.237 D/Advertiser( 2426): End of sleep at time:1509624350237
11-02 20:05:50.238 D/Advertiser( 2426): Begin announce....with thread:org.cybergarage.d.b.a@25ed9e23
11-02 20:05:50.238 D/TimerUtil( 2426): waitRandom time=300,waitTime=219
11-02 20:05:50.238 D/Device  ( 2426): announce deviceDataBindAddress null
11-02 20:05:50.242 D/Device  ( 2426): announce 0 bindAddress=192.168.0.101
11-02 20:05:50.243 D/HTTPMUSocket( 2426): open addr=239.255.255.250,port=1900,bindAddr=192.168.0.101
11-02 20:05:50.247 D/HTTPMUSocket( 2426): send msg:NOTIFY * HTTP/1.1
11-02 20:05:50.247 D/HTTPMUSocket( 2426): Server: Linux/3.18.24_hi3798mv2x UPnP/1.0 CyberLinkJava/1.8
11-02 20:05:50.247 D/HTTPMUSocket( 2426): Cache-Control: max-age=1800
11-02 20:05:50.247 D/HTTPMUSocket( 2426): Location: http://192.168.0.101:38520/description.xml
11-02 20:05:50.247 D/HTTPMUSocket( 2426): NTS: ssdp:alive
11-02 20:05:50.247 D/HTTPMUSocket( 2426): NT: upnp:rootdevice
11-02 20:05:50.247 D/HTTPMUSocket( 2426): USN: uuid:418c7b66-86de-45d5-90fd-13e1eb88db7e::upnp:rootdevice
11-02 20:05:50.247 D/HTTPMUSocket( 2426): HOST: 239.255.255.250:1900
11-02 20:05:50.247 D/HTTPMUSocket( 2426): 
11-02 20:05:50.247 D/HTTPMUSocket( 2426): bindAddr:null and port:-1
11-02 20:05:50.248 D/HTTPMUSocket( 2426): /192.168.0.101
11-02 20:05:50.249 D/HTTPMUSocket( 2426): send msg:NOTIFY * HTTP/1.1
11-02 20:05:50.249 D/HTTPMUSocket( 2426): Server: Linux/3.18.24_hi3798mv2x UPnP/1.0 CyberLinkJava/1.8
11-02 20:05:50.249 D/HTTPMUSocket( 2426): Cache-Control: max-age=1800
11-02 20:05:50.249 D/HTTPMUSocket( 2426): Location: http://192.168.0.101:38520/description.xml
11-02 20:05:50.249 D/HTTPMUSocket( 2426): NTS: ssdp:alive
11-02 20:05:50.249 D/HTTPMUSocket( 2426): NT: uuid:418c7b66-86de-45d5-90fd-13e1eb88db7e
11-02 20:05:50.249 D/HTTPMUSocket( 2426): USN: uuid:418c7b66-86de-45d5-90fd-13e1eb88db7e
11-02 20:05:50.249 D/HTTPMUSocket( 2426): HOST: 239.255.255.250:1900
11-02 20:05:50.249 D/HTTPMUSocket( 2426): 
11-02 20:05:50.249 D/HTTPMUSocket( 2426): bindAddr:null and port:-1
11-02 20:05:50.249 D/HTTPMUSocket( 2426): /192.168.0.101
11-02 20:05:50.250 D/HTTPMUSocket( 2426): send msg:NOTIFY * HTTP/1.1
11-02 20:05:50.250 D/HTTPMUSocket( 2426): Server: Linux/3.18.24_hi3798mv2x UPnP/1.0 CyberLinkJava/1.8
11-02 20:05:50.250 D/HTTPMUSocket( 2426): Cache-Control: max-age=1800
11-02 20:05:50.250 D/HTTPMUSocket( 2426): Location: http://192.168.0.101:38520/description.xml
11-02 20:05:50.250 D/HTTPMUSocket( 2426): NTS: ssdp:alive
11-02 20:05:50.250 D/HTTPMUSocket( 2426): NT: urn:schemas-upnp-org:device:MediaServer:1
11-02 20:05:50.250 D/HTTPMUSocket( 2426): USN: uuid:418c7b66-86de-45d5-90fd-13e1eb88db7e::urn:schemas-upnp-org:device:MediaServer:1
11-02 20:05:50.250 D/HTTPMUSocket( 2426): HOST: 239.255.255.250:1900
11-02 20:05:50.250 D/HTTPMUSocket( 2426): 
11-02 20:05:50.250 D/HTTPMUSocket( 2426): bindAddr:null and port:-1
11-02 20:05:50.251 D/HTTPMUSocket( 2426): /192.168.0.101
11-02 20:05:50.251 D/Device  ( 2426): announce bindAddr=192.168.0.101,devLocation=http://192.168.0.101:38520/description.xml,location=http://192.168.0.101:38520/description.xml
11-02 20:05:50.252 D/Device  ( 2426): announce bindAddr=192.168.0.101,serviceDesUrl=
11-02 20:05:50.252 D/HTTPMUSocket( 2426): open addr=239.255.255.250,port=1900,bindAddr=192.168.0.101
11-02 20:05:50.256 D/TimerUtil( 2426): waitRandom time=300,waitTime=235
11-02 20:05:50.257 D/HTTPMUSocket( 2426): send msg:NOTIFY * HTTP/1.1
11-02 20:05:50.257 D/HTTPMUSocket( 2426): Server: Linux/3.18.24_hi3798mv2x UPnP/1.0 CyberLinkJava/1.8
11-02 20:05:50.257 D/HTTPMUSocket( 2426): Cache-Control: max-age=1800
11-02 20:05:50.257 D/HTTPMUSocket( 2426): Location: http://192.168.0.101:38520/description.xml
11-02 20:05:50.257 D/HTTPMUSocket( 2426): NTS: ssdp:alive
11-02 20:05:50.257 D/HTTPMUSocket( 2426): NT: urn:schemas-upnp-org:service:ContentDirectory:1
11-02 20:05:50.257 D/HTTPMUSocket( 2426): USN: uuid:418c7b66-86de-45d5-90fd-13e1eb88db7e::urn:schemas-upnp-org:service:ContentDirectory:1
11-02 20:05:50.257 D/HTTPMUSocket( 2426): HOST: 239.255.255.250:1900
11-02 20:05:50.257 D/HTTPMUSocket( 2426): 
11-02 20:05:50.257 D/HTTPMUSocket( 2426): bindAddr:null and port:-1
11-02 20:05:50.257 D/HTTPMUSocket( 2426): /192.168.0.101
11-02 20:05:50.258 D/Device  ( 2426): announce bindAddr=192.168.0.101,serviceDesUrl=
11-02 20:05:50.259 D/HTTPMUSocket( 2426): open addr=239.255.255.250,port=1900,bindAddr=192.168.0.101
11-02 20:05:50.263 D/TimerUtil( 2426): waitRandom time=300,waitTime=280
11-02 20:05:50.263 D/HTTPMUSocket( 2426): send msg:NOTIFY * HTTP/1.1
11-02 20:05:50.263 D/HTTPMUSocket( 2426): Server: Linux/3.18.24_hi3798mv2x UPnP/1.0 CyberLinkJava/1.8
11-02 20:05:50.263 D/HTTPMUSocket( 2426): Cache-Control: max-age=1800
11-02 20:05:50.263 D/HTTPMUSocket( 2426): Location: http://192.168.0.101:38520/description.xml
11-02 20:05:50.263 D/HTTPMUSocket( 2426): NTS: ssdp:alive
11-02 20:05:50.263 D/HTTPMUSocket( 2426): NT: urn:schemas-upnp-org:service:ConnectionManager:1
11-02 20:05:50.263 D/HTTPMUSocket( 2426): USN: uuid:418c7b66-86de-45d5-90fd-13e1eb88db7e::urn:schemas-upnp-org:service:ConnectionManager:1
11-02 20:05:50.263 D/HTTPMUSocket( 2426): HOST: 239.255.255.250:1900
11-02 20:05:50.263 D/HTTPMUSocket( 2426): 
11-02 20:05:50.263 D/HTTPMUSocket( 2426): bindAddr:null and port:-1
11-02 20:05:50.264 D/HTTPMUSocket( 2426): /192.168.0.101
11-02 20:05:50.265 D/Device  ( 2426): announce bindAddr=192.168.0.101,serviceDesUrl=
11-02 20:05:50.265 D/HTTPMUSocket( 2426): open addr=239.255.255.250,port=1900,bindAddr=192.168.0.101
11-02 20:05:50.269 D/TimerUtil( 2426): waitRandom time=300,waitTime=151
11-02 20:05:50.270 D/HTTPMUSocket( 2426): send msg:NOTIFY * HTTP/1.1
11-02 20:05:50.270 D/HTTPMUSocket( 2426): Server: Linux/3.18.24_hi3798mv2x UPnP/1.0 CyberLinkJava/1.8
11-02 20:05:50.270 D/HTTPMUSocket( 2426): Cache-Control: max-age=1800
11-02 20:05:50.270 D/HTTPMUSocket( 2426): Location: http://192.168.0.101:38520/description.xml
11-02 20:05:50.270 D/HTTPMUSocket( 2426): NTS: ssdp:alive
11-02 20:05:50.270 D/HTTPMUSocket( 2426): NT: urn:schemas-upnp-org:service:AVTransport:1
11-02 20:05:50.270 D/HTTPMUSocket( 2426): USN: uuid:418c7b66-86de-45d5-90fd-13e1eb88db7e::urn:schemas-upnp-org:service:AVTransport:1
11-02 20:05:50.270 D/HTTPMUSocket( 2426): HOST: 239.255.255.250:1900
11-02 20:05:50.270 D/HTTPMUSocket( 2426): 
11-02 20:05:50.270 D/HTTPMUSocket( 2426): bindAddr:null and port:-1
11-02 20:05:50.270 D/HTTPMUSocket( 2426): /192.168.0.101
11-02 20:05:50.271 D/Device  ( 2426): announce bindAddr=192.168.0.101,serviceDesUrl=
11-02 20:05:50.272 D/HTTPMUSocket( 2426): open addr=239.255.255.250,port=1900,bindAddr=192.168.0.101
11-02 20:05:50.274 D/TimerUtil( 2426): waitRandom time=300,waitTime=55
11-02 20:05:50.274 D/HTTPMUSocket( 2426): send msg:NOTIFY * HTTP/1.1
11-02 20:05:50.274 D/HTTPMUSocket( 2426): Server: Linux/3.18.24_hi3798mv2x UPnP/1.0 CyberLinkJava/1.8
11-02 20:05:50.274 D/HTTPMUSocket( 2426): Cache-Control: max-age=1800
11-02 20:05:50.274 D/HTTPMUSocket( 2426): Location: http://192.168.0.101:38520/description.xml
11-02 20:05:50.274 D/HTTPMUSocket( 2426): NTS: ssdp:alive
11-02 20:05:50.274 D/HTTPMUSocket( 2426): NT: urn:sumavision.com:service:X_SUMA_EVENT:1
11-02 20:05:50.274 D/HTTPMUSocket( 2426): USN: uuid:418c7b66-86de-45d5-90fd-13e1eb88db7e::urn:sumavision.com:service:X_SUMA_EVENT:1
11-02 20:05:50.274 D/HTTPMUSocket( 2426): HOST: 239.255.255.250:1900
11-02 20:05:50.274 D/HTTPMUSocket( 2426): 
11-02 20:05:50.274 D/HTTPMUSocket( 2426): bindAddr:null and port:-1
11-02 20:05:50.275 D/HTTPMUSocket( 2426): /192.168.0.101
11-02 20:05:50.275 D/Advertiser( 2426): Advertise12:38000 at time:1509624350275 with thread:org.cybergarage.d.b.a@25ed9e23
11-02 20:05:50.603 D/BackBootDealerNeimeng( 2364): standbyState:
11-02 20:05:50.603 E/NetUtils( 2019): Interface eth0 LinkDown!
11-02 20:05:50.788 D/BasicFigure( 2488): [TN_GLThread 74]isDrawFocused relyElement=[BaseElement@574e220]focusScale[1.15]elementAlpha[-1.0]refectAlpha[-1.0]isFocusAble[true]shadowIndex[-1]autoJumpType[-1]uniqueID[54resSize0]rect[NULL]
11-02 20:05:50.788 D/BasicFigure( 2488): [TN_GLThread 74]isDrawFocused basicFigure=com.suma.midware.view.b.c.c@346a37d9
11-02 20:05:51.104 D/BackBootDealerNeimeng( 2364): standbyState:
11-02 20:05:51.105 E/NetUtils( 2019): Interface eth0 LinkDown!
11-02 20:05:51.605 D/BackBootDealerNeimeng( 2364): standbyState:
11-02 20:05:51.606 E/NetUtils( 2019): Interface eth0 LinkDown!
11-02 20:05:51.807 D/BasicFigure( 2488): [TN_GLThread 74]isDrawFocused relyElement=[BaseElement@574e220]focusScale[1.15]elementAlpha[-1.0]refectAlpha[-1.0]isFocusAble[true]shadowIndex[-1]autoJumpType[-1]uniqueID[54resSize0]rect[NULL]
11-02 20:05:51.807 D/BasicFigure( 2488): [TN_GLThread 74]isDrawFocused basicFigure=com.suma.midware.view.b.c.c@346a37d9
11-02 20:05:52.107 D/BackBootDealerNeimeng( 2364): standbyState:
11-02 20:05:52.107 E/NetUtils( 2019): Interface eth0 LinkDown!
11-02 20:05:52.608 D/BackBootDealerNeimeng( 2364): standbyState:
11-02 20:05:52.609 E/NetUtils( 2019): Interface eth0 LinkDown!
11-02 20:05:52.827 D/BasicFigure( 2488): [TN_GLThread 74]isDrawFocused relyElement=[BaseElement@574e220]focusScale[1.15]elementAlpha[-1.0]refectAlpha[-1.0]isFocusAble[true]shadowIndex[-1]autoJumpType[-1]uniqueID[54resSize0]rect[NULL]
11-02 20:05:52.827 D/BasicFigure( 2488): [TN_GLThread 74]isDrawFocused basicFigure=com.suma.midware.view.b.c.c@346a37d9
11-02 20:05:53.109 D/BackBootDealerNeimeng( 2364): standbyState:
11-02 20:05:53.110 E/NetUtils( 2019): Interface eth0 LinkDown!
11-02 20:05:53.610 D/BackBootDealerNeimeng( 2364): standbyState:
11-02 20:05:53.611 E/NetUtils( 2019): Interface eth0 LinkDown!
11-02 20:05:53.847 D/BasicFigure( 2488): [TN_GLThread 74]isDrawFocused relyElement=[BaseElement@574e220]focusScale[1.15]elementAlpha[-1.0]refectAlpha[-1.0]isFocusAble[true]shadowIndex[-1]autoJumpType[-1]uniqueID[54resSize0]rect[NULL]
11-02 20:05:53.847 D/BasicFigure( 2488): [TN_GLThread 74]isDrawFocused basicFigure=com.suma.midware.view.b.c.c@346a37d9
11-02 20:05:54.112 D/BackBootDealerNeimeng( 2364): standbyState:
11-02 20:05:54.113 E/NetUtils( 2019): Interface eth0 LinkDown!
11-02 20:05:54.480 V/SUMA    ( 1581): >> [CA]rocme_porting_ca_get_area_info_suma: DVTCASTB_GetAreaInfo area_info->card_area = 0  
11-02 20:05:54.480 V/SUMA    ( 1581): >> [CA]rocme_porting_ca_get_area_info_suma: DVTCASTB_GetAreaInfo area_info->set_card_area_time = 1468306227  
11-02 20:05:54.480 V/SUMA    ( 1581): >> [CA]rocme_porting_ca_get_area_info_suma: DVTCASTB_GetAreaInfo area_info->start_flag = 0  
11-02 20:05:54.480 V/SUMA    ( 1581): >> [CA]rocme_porting_ca_get_area_info_suma: DVTCASTB_GetAreaInfo area_info->set_flag_time = 0  
11-02 20:05:54.613 D/BackBootDealerNeimeng( 2364): standbyState:
11-02 20:05:54.614 E/NetUtils( 2019): Interface eth0 LinkDown!
11-02 20:05:54.867 D/BasicFigure( 2488): [TN_GLThread 74]isDrawFocused relyElement=[BaseElement@574e220]focusScale[1.15]elementAlpha[-1.0]refectAlpha[-1.0]isFocusAble[true]shadowIndex[-1]autoJumpType[-1]uniqueID[54resSize0]rect[NULL]
11-02 20:05:54.867 D/BasicFigure( 2488): [TN_GLThread 74]isDrawFocused basicFigure=com.suma.midware.view.b.c.c@346a37d9
11-02 20:05:55.114 D/BackBootDealerNeimeng( 2364): standbyState:
11-02 20:05:55.115 E/NetUtils( 2019): Interface eth0 LinkDown!
11-02 20:05:55.616 D/BackBootDealerNeimeng( 2364): standbyState:
11-02 20:05:55.617 E/NetUtils( 2019): Interface eth0 LinkDown!
11-02 20:05:55.887 D/BasicFigure( 2488): [TN_GLThread 74]isDrawFocused relyElement=[BaseElement@574e220]focusScale[1.15]elementAlpha[-1.0]refectAlpha[-1.0]isFocusAble[true]shadowIndex[-1]autoJumpType[-1]uniqueID[54resSize0]rect[NULL]
11-02 20:05:55.887 D/BasicFigure( 2488): [TN_GLThread 74]isDrawFocused basicFigure=com.suma.midware.view.b.c.c@346a37d9
11-02 20:05:56.117 D/BackBootDealerNeimeng( 2364): standbyState:
11-02 20:05:56.118 E/NetUtils( 2019): Interface eth0 LinkDown!
11-02 20:05:56.619 D/BackBootDealerNeimeng( 2364): standbyState:
11-02 20:05:56.619 E/NetUtils( 2019): Interface eth0 LinkDown!
11-02 20:05:56.907 D/BasicFigure( 2488): [TN_GLThread 74]isDrawFocused relyElement=[BaseElement@574e220]focusScale[1.15]elementAlpha[-1.0]refectAlpha[-1.0]isFocusAble[true]shadowIndex[-1]autoJumpType[-1]uniqueID[54resSize0]rect[NULL]
11-02 20:05:56.907 D/BasicFigure( 2488): [TN_GLThread 74]isDrawFocused basicFigure=com.suma.midware.view.b.c.c@346a37d9
11-02 20:05:57.120 D/BackBootDealerNeimeng( 2364): standbyState:
11-02 20:05:57.120 E/NetUtils( 2019): Interface eth0 LinkDown!
11-02 20:05:57.567 D/IPLoaderNeimeng( 2364): after wait time20:05:57:monitorInterval:5000
11-02 20:05:57.567 D/IPLoaderNeimeng( 2364): before dealUpdateCheck time:20:05:57:isMsgBroadcast:false:monitorInterval:5000:processState:1
11-02 20:05:57.567 D/IPLoaderNeimeng( 2364): dealUpdateCheck isFirstSuccessUpdate:false:monitorInterval:5000
11-02 20:05:57.567 D/LoadHttpHandler( 2364): [TN_ThreadUtil-6]doNormal proxyConfig=null
11-02 20:05:57.621 D/BackBootDealerNeimeng( 2364): standbyState:
11-02 20:05:57.622 E/NetUtils( 2019): Interface eth0 LinkDown!
11-02 20:05:57.735 D/LoadHttpHandler( 2364): [TN_ThreadUtil-6]doNormal responseCode=404
11-02 20:05:57.735 D/LoadHttpTask( 2364): dealUpdateCheck responseCode:404:data:null:downloadResult:false
11-02 20:05:57.736 D/IPLoaderNeimeng( 2364): after dealUpdateCheck time:20:05:57:isMsgBroadcast:false:monitorInterval:5000:processState:1
11-02 20:05:57.736 D/IPLoaderNeimeng( 2364): before wait time20:05:57:monitorInterval:5000
11-02 20:05:57.927 D/BasicFigure( 2488): [TN_GLThread 74]isDrawFocused relyElement=[BaseElement@574e220]focusScale[1.15]elementAlpha[-1.0]refectAlpha[-1.0]isFocusAble[true]shadowIndex[-1]autoJumpType[-1]uniqueID[54resSize0]rect[NULL]
11-02 20:05:57.928 D/BasicFigure( 2488): [TN_GLThread 74]isDrawFocused basicFigure=com.suma.midware.view.b.c.c@346a37d9
11-02 20:05:58.122 D/BackBootDealerNeimeng( 2364): standbyState:
11-02 20:05:58.123 E/NetUtils( 2019): Interface eth0 LinkDown!
11-02 20:05:58.624 D/BackBootDealerNeimeng( 2364): standbyState:
11-02 20:05:58.624 E/NetUtils( 2019): Interface eth0 LinkDown!
11-02 20:05:58.947 D/BasicFigure( 2488): [TN_GLThread 74]isDrawFocused relyElement=[BaseElement@574e220]focusScale[1.15]elementAlpha[-1.0]refectAlpha[-1.0]isFocusAble[true]shadowIndex[-1]autoJumpType[-1]uniqueID[54resSize0]rect[NULL]
11-02 20:05:58.947 D/BasicFigure( 2488): [TN_GLThread 74]isDrawFocused basicFigure=com.suma.midware.view.b.c.c@346a37d9
11-02 20:05:59.125 D/BackBootDealerNeimeng( 2364): standbyState:
11-02 20:05:59.126 E/NetUtils( 2019): Interface eth0 LinkDown!
11-02 20:05:59.626 D/BackBootDealerNeimeng( 2364): standbyState:
11-02 20:05:59.627 E/NetUtils( 2019): Interface eth0 LinkDown!
11-02 20:05:59.917 E/WifiStateMachine( 2019): WifiStateMachine CMD_START_SCAN source -2 txSuccessRate=5.59 rxSuccessRate=3.76 targetRoamBSSID=e4:f3:f5:aa:ad:88 RSSI=-38
11-02 20:05:59.917 E/WifiStateMachine( 2019): WifiStateMachine starting scan for "ipanel"WPA_PSK with 2467
11-02 20:05:59.967 D/BasicFigure( 2488): [TN_GLThread 74]isDrawFocused relyElement=[BaseElement@574e220]focusScale[1.15]elementAlpha[-1.0]refectAlpha[-1.0]isFocusAble[true]shadowIndex[-1]autoJumpType[-1]uniqueID[54resSize0]rect[NULL]
11-02 20:05:59.967 D/BasicFigure( 2488): [TN_GLThread 74]isDrawFocused basicFigure=com.suma.midware.view.b.c.c@346a37d9
11-02 20:06:00.009 I/ProcessStatsService( 2019): Prepared write state in 3ms
11-02 20:06:00.012 I/ProcessStatsService( 2019): Prepared write state in 2ms
11-02 20:06:00.128 D/BackBootDealerNeimeng( 2364): standbyState:
11-02 20:06:00.128 E/NetUtils( 2019): Interface eth0 LinkDown!
11-02 20:06:00.629 D/BackBootDealerNeimeng( 2364): standbyState:
11-02 20:06:00.629 E/NetUtils( 2019): Interface eth0 LinkDown!
11-02 20:06:00.649 I/EthernetNetworkFactory( 2019): updateInterfaceState :the mIface is:eth0iface is wlan0 true
11-02 20:06:00.651 E/WifiAutoJoinController ( 2019): GDWL 86:79:73:27:8c:19 rssi=-36 cap [WPA-PSK-CCMP][WPA2-PSK-CCMP][ESS] is not scored
11-02 20:06:00.651 E/WifiAutoJoinController ( 2019): ipanel e4:f3:f5:aa:ad:88 rssi=-38 cap [WPA-PSK-CCMP][WPA2-PSK-CCMP][ESS] is not scored
11-02 20:06:00.651 E/WifiAutoJoinController ( 2019): Office_Net e4:f3:f5:a4:00:c0 rssi=-68 cap [WPA-PSK-CCMP][WPA2-PSK-CCMP][ESS] is not scored
11-02 20:06:00.651 E/WifiAutoJoinController ( 2019):  84:79:73:27:8c:19 rssi=-30 cap [WEP][ESS] is not scored
11-02 20:06:00.651 E/WifiAutoJoinController ( 2019): MERCURY_EDE4 e4:f3:f5:6a:ed:e4 rssi=-44 cap [ESS] is not scored
11-02 20:06:00.652 E/WifiAutoJoinController ( 2019): ageScanResultsOut delay 40000 size 21 now 1509624360652
11-02 20:06:00.652 E/WifiAutoJoinController ( 2019): newSupplicantResults size=5 known=1 true
11-02 20:06:00.652 E/WifiAutoJoinController ( 2019): attemptAutoJoin() status=bssid=e4:f3:f5:aa:ad:88
11-02 20:06:00.652 E/WifiAutoJoinController ( 2019): freq=2467
11-02 20:06:00.652 E/WifiAutoJoinController ( 2019): ssid=ipanel
11-02 20:06:00.652 E/WifiAutoJoinController ( 2019): id=1
11-02 20:06:00.652 E/WifiAutoJoinController ( 2019): mode=station
11-02 20:06:00.652 E/WifiAutoJoinController ( 2019): pairwise_cipher=CCMP
11-02 20:06:00.652 E/WifiAutoJoinController ( 2019): group_cipher=CCMP
11-02 20:06:00.652 E/WifiAutoJoinController ( 2019): key_mgmt=WPA2-PSK
11-02 20:06:00.652 E/WifiAutoJoinController ( 2019): wpa_state=COMPLETED
11-02 20:06:00.652 E/WifiAutoJoinController ( 2019): ip_address=192.168.0.101
11-02 20:06:00.652 E/WifiAutoJoinController ( 2019): p2p_device_address=0e:62:a6:0c:0f:b2
11-02 20:06:00.652 E/WifiAutoJoinController ( 2019): address=0c:62:a6:0c:0f:b2
11-02 20:06:00.652 E/WifiAutoJoinController ( 2019): uuid=de43a986-3647-5398-876d-b6752834d7e7 split=13
11-02 20:06:00.652 E/WifiAutoJoinController ( 2019): attemptAutoJoin() num recent config 1 current="ipanel"WPA_PSK ---> suppNetId=1
11-02 20:06:00.652 E/WifiAutoJoinController ( 2019): attemptAutoJoin good candidate seen, bumped hard -> status=0 "ipanel"WPA_PSK rssi=(-38,-127) num=(1,0)
11-02 20:06:00.652 E/WifiAutoJoinController ( 2019): attemptAutoJoin skip current candidate  1 key "ipanel"WPA_PSK
11-02 20:06:00.652 E/WifiAutoJoinController ( 2019): attemptRoam: "ipanel"WPA_PSK Found e4:f3:f5:aa:ad:88 rssi=-38 freq=2467 Current: e4:f3:f5:aa:ad:88
11-02 20:06:00.652 E/WifiAutoJoinController ( 2019): Done attemptAutoJoin status=0
11-02 20:06:00.843 D/TimeUpdate( 2488): [TN_main]dealTimeUpdate curTime=java.util.GregorianCalendar[time=1509624360843,areFieldsSet=true,lenient=true,zone=Asia/Shanghai,firstDayOfWeek=1,minimalDaysInFirstWeek=1,ERA=1,YEAR=2017,MONTH=10,WEEK_OF_YEAR=44,WEEK_OF_MONTH=1,DAY_OF_MONTH=2,DAY_OF_YEAR=306,DAY_OF_WEEK=5,DAY_OF_WEEK_IN_MONTH=1,AM_PM=1,HOUR=8,HOUR_OF_DAY=20,MINUTE=6,SECOND=0,MILLISECOND=843,ZONE_OFFSET=28800000,DST_OFFSET=0]
11-02 20:06:00.845 D/TextureManager( 2488): deleteTexture key:20:05_24_-1711276033_0_5.0_3.0_3.0_-7829368:textureID:23
11-02 20:06:00.849 D/TextureManager( 2488): loadTexture name:20:06_24_-1711276033_0_5.0_3.0_3.0_-7829368:textureID:23:recordSize:null
11-02 20:06:00.867 D/BasicFigure( 2488): [TN_GLThread 74]isDrawFocused relyElement=[BaseElement@574e220]focusScale[1.15]elementAlpha[-1.0]refectAlpha[-1.0]isFocusAble[true]shadowIndex[-1]autoJumpType[-1]uniqueID[54resSize0]rect[NULL]
11-02 20:06:00.867 D/BasicFigure( 2488): [TN_GLThread 74]isDrawFocused basicFigure=com.suma.midware.view.b.c.c@346a37d9
11-02 20:06:00.888 D/BasicFigure( 2488): [TN_GLThread 74]isDrawFocused relyElement=[BaseElement@574e220]focusScale[1.15]elementAlpha[-1.0]refectAlpha[-1.0]isFocusAble[true]shadowIndex[-1]autoJumpType[-1]uniqueID[54resSize0]rect[NULL]
11-02 20:06:00.888 D/BasicFigure( 2488): [TN_GLThread 74]isDrawFocused basicFigure=com.suma.midware.view.b.c.c@346a37d9
11-02 20:06:01.129 D/BackBootDealerNeimeng( 2364): standbyState:
11-02 20:06:01.130 E/NetUtils( 2019): Interface eth0 LinkDown!
11-02 20:06:01.631 D/BackBootDealerNeimeng( 2364): standbyState:
11-02 20:06:01.632 E/NetUtils( 2019): Interface eth0 LinkDown!
11-02 20:06:01.907 D/BasicFigure( 2488): [TN_GLThread 74]isDrawFocused relyElement=[BaseElement@574e220]focusScale[1.15]elementAlpha[-1.0]refectAlpha[-1.0]isFocusAble[true]shadowIndex[-1]autoJumpType[-1]uniqueID[54resSize0]rect[NULL]
11-02 20:06:01.908 D/BasicFigure( 2488): [TN_GLThread 74]isDrawFocused basicFigure=com.suma.midware.view.b.c.c@346a37d9
11-02 20:06:02.132 D/BackBootDealerNeimeng( 2364): standbyState:
11-02 20:06:02.133 E/NetUtils( 2019): Interface eth0 LinkDown!
11-02 20:06:02.633 D/BackBootDealerNeimeng( 2364): standbyState:
11-02 20:06:02.634 E/NetUtils( 2019): Interface eth0 LinkDown!
11-02 20:06:02.927 D/BasicFigure( 2488): [TN_GLThread 74]isDrawFocused relyElement=[BaseElement@574e220]focusScale[1.15]elementAlpha[-1.0]refectAlpha[-1.0]isFocusAble[true]shadowIndex[-1]autoJumpType[-1]uniqueID[54resSize0]rect[NULL]
11-02 20:06:02.927 D/BasicFigure( 2488): [TN_GLThread 74]isDrawFocused basicFigure=com.suma.midware.view.b.c.c@346a37d9
11-02 20:06:03.134 D/BackBootDealerNeimeng( 2364): standbyState:
11-02 20:06:03.135 E/NetUtils( 2019): Interface eth0 LinkDown!
11-02 20:06:03.636 D/BackBootDealerNeimeng( 2364): standbyState:
11-02 20:06:03.637 E/NetUtils( 2019): Interface eth0 LinkDown!
11-02 20:06:03.641 D/IPLoaderNeimeng( 2364): after wait time20:06:03:monitorInterval:5000
11-02 20:06:03.641 D/IPLoaderNeimeng( 2364): before dealUpdateCheck time:20:06:03:isMsgBroadcast:false:monitorInterval:5000:processState:1
11-02 20:06:03.641 D/IPLoaderNeimeng( 2364): dealUpdateCheck isFirstSuccessUpdate:false:monitorInterval:5000
11-02 20:06:03.641 D/LoadHttpHandler( 2364): [TN_ThreadUtil-6]doNormal proxyConfig=null
11-02 20:06:03.776 D/LoadHttpHandler( 2364): [TN_ThreadUtil-6]doNormal responseCode=404
11-02 20:06:03.776 D/LoadHttpTask( 2364): dealUpdateCheck responseCode:404:data:null:downloadResult:false
11-02 20:06:03.777 D/IPLoaderNeimeng( 2364): after dealUpdateCheck time:20:06:03:isMsgBroadcast:false:monitorInterval:5000:processState:1
11-02 20:06:03.777 D/IPLoaderNeimeng( 2364): before wait time20:06:03:monitorInterval:5000
11-02 20:06:03.947 D/BasicFigure( 2488): [TN_GLThread 74]isDrawFocused relyElement=[BaseElement@574e220]focusScale[1.15]elementAlpha[-1.0]refectAlpha[-1.0]isFocusAble[true]shadowIndex[-1]autoJumpType[-1]uniqueID[54resSize0]rect[NULL]
11-02 20:06:03.947 D/BasicFigure( 2488): [TN_GLThread 74]isDrawFocused basicFigure=com.suma.midware.view.b.c.c@346a37d9
11-02 20:06:04.137 D/BackBootDealerNeimeng( 2364): standbyState:
11-02 20:06:04.138 E/NetUtils( 2019): Interface eth0 LinkDown!
11-02 20:06:04.638 D/BackBootDealerNeimeng( 2364): standbyState:
11-02 20:06:04.639 E/NetUtils( 2019): Interface eth0 LinkDown!
11-02 20:06:04.967 D/BasicFigure( 2488): [TN_GLThread 74]isDrawFocused relyElement=[BaseElement@574e220]focusScale[1.15]elementAlpha[-1.0]refectAlpha[-1.0]isFocusAble[true]shadowIndex[-1]autoJumpType[-1]uniqueID[54resSize0]rect[NULL]
11-02 20:06:04.967 D/BasicFigure( 2488): [TN_GLThread 74]isDrawFocused basicFigure=com.suma.midware.view.b.c.c@346a37d9
11-02 20:06:05.140 D/BackBootDealerNeimeng( 2364): standbyState:
11-02 20:06:05.140 E/NetUtils( 2019): Interface eth0 LinkDown!
11-02 20:06:05.640 D/BackBootDealerNeimeng( 2364): standbyState:
11-02 20:06:05.642 E/NetUtils( 2019): Interface eth0 LinkDown!
11-02 20:06:05.987 D/BasicFigure( 2488): [TN_GLThread 74]isDrawFocused relyElement=[BaseElement@574e220]focusScale[1.15]elementAlpha[-1.0]refectAlpha[-1.0]isFocusAble[true]shadowIndex[-1]autoJumpType[-1]uniqueID[54resSize0]rect[NULL]
11-02 20:06:05.987 D/BasicFigure( 2488): [TN_GLThread 74]isDrawFocused basicFigure=com.suma.midware.view.b.c.c@346a37d9
11-02 20:06:06.142 D/BackBootDealerNeimeng( 2364): standbyState:
11-02 20:06:06.143 E/NetUtils( 2019): Interface eth0 LinkDown!
11-02 20:06:06.643 D/BackBootDealerNeimeng( 2364): standbyState:
11-02 20:06:06.644 E/NetUtils( 2019): Interface eth0 LinkDown!
11-02 20:06:07.007 D/BasicFigure( 2488): [TN_GLThread 74]isDrawFocused relyElement=[BaseElement@574e220]focusScale[1.15]elementAlpha[-1.0]refectAlpha[-1.0]isFocusAble[true]shadowIndex[-1]autoJumpType[-1]uniqueID[54resSize0]rect[NULL]
11-02 20:06:07.007 D/BasicFigure( 2488): [TN_GLThread 74]isDrawFocused basicFigure=com.suma.midware.view.b.c.c@346a37d9
11-02 20:06:07.145 D/BackBootDealerNeimeng( 2364): standbyState:
11-02 20:06:07.145 E/NetUtils( 2019): Interface eth0 LinkDown!
11-02 20:06:07.646 D/BackBootDealerNeimeng( 2364): standbyState:
11-02 20:06:07.647 E/NetUtils( 2019): Interface eth0 LinkDown!
11-02 20:06:08.027 D/BasicFigure( 2488): [TN_GLThread 74]isDrawFocused relyElement=[BaseElement@574e220]focusScale[1.15]elementAlpha[-1.0]refectAlpha[-1.0]isFocusAble[true]shadowIndex[-1]autoJumpType[-1]uniqueID[54resSize0]rect[NULL]
11-02 20:06:08.027 D/BasicFigure( 2488): [TN_GLThread 74]isDrawFocused basicFigure=com.suma.midware.view.b.c.c@346a37d9
11-02 20:06:08.147 D/BackBootDealerNeimeng( 2364): standbyState:
11-02 20:06:08.148 E/NetUtils( 2019): Interface eth0 LinkDown!
11-02 20:06:08.649 D/BackBootDealerNeimeng( 2364): standbyState:
11-02 20:06:08.649 E/NetUtils( 2019): Interface eth0 LinkDown!
11-02 20:06:09.047 D/BasicFigure( 2488): [TN_GLThread 74]isDrawFocused relyElement=[BaseElement@574e220]focusScale[1.15]elementAlpha[-1.0]refectAlpha[-1.0]isFocusAble[true]shadowIndex[-1]autoJumpType[-1]uniqueID[54resSize0]rect[NULL]
11-02 20:06:09.047 D/BasicFigure( 2488): [TN_GLThread 74]isDrawFocused basicFigure=com.suma.midware.view.b.c.c@346a37d9
11-02 20:06:09.150 D/BackBootDealerNeimeng( 2364): standbyState:
11-02 20:06:09.151 E/NetUtils( 2019): Interface eth0 LinkDown!
11-02 20:06:09.651 D/BackBootDealerNeimeng( 2364): standbyState:
11-02 20:06:09.652 E/NetUtils( 2019): Interface eth0 LinkDown!
11-02 20:06:10.067 D/BasicFigure( 2488): [TN_GLThread 74]isDrawFocused relyElement=[BaseElement@574e220]focusScale[1.15]elementAlpha[-1.0]refectAlpha[-1.0]isFocusAble[true]shadowIndex[-1]autoJumpType[-1]uniqueID[54resSize0]rect[NULL]
11-02 20:06:10.068 D/BasicFigure( 2488): [TN_GLThread 74]isDrawFocused basicFigure=com.suma.midware.view.b.c.c@346a37d9
11-02 20:06:10.119 E/USBLoaderNeimeng( 2364): startCheck illegal isMsgBroadcast:false
11-02 20:06:10.153 D/BackBootDealerNeimeng( 2364): standbyState:
11-02 20:06:10.153 E/NetUtils( 2019): Interface eth0 LinkDown!
11-02 20:06:10.654 D/BackBootDealerNeimeng( 2364): standbyState:
11-02 20:06:10.655 E/NetUtils( 2019): Interface eth0 LinkDown!
11-02 20:06:11.088 D/BasicFigure( 2488): [TN_GLThread 74]isDrawFocused relyElement=[BaseElement@574e220]focusScale[1.15]elementAlpha[-1.0]refectAlpha[-1.0]isFocusAble[true]shadowIndex[-1]autoJumpType[-1]uniqueID[54resSize0]rect[NULL]
11-02 20:06:11.088 D/BasicFigure( 2488): [TN_GLThread 74]isDrawFocused basicFigure=com.suma.midware.view.b.c.c@346a37d9
11-02 20:06:11.155 D/BackBootDealerNeimeng( 2364): standbyState:
11-02 20:06:11.156 E/NetUtils( 2019): Interface eth0 LinkDown!
11-02 20:06:11.656 D/BackBootDealerNeimeng( 2364): standbyState:
11-02 20:06:11.658 E/NetUtils( 2019): Interface eth0 LinkDown!
11-02 20:06:11.948 D/IPLoaderNeimeng( 2364): after wait time20:06:11:monitorInterval:5000
11-02 20:06:11.948 D/IPLoaderNeimeng( 2364): before dealUpdateCheck time:20:06:11:isMsgBroadcast:false:monitorInterval:5000:processState:1
11-02 20:06:11.948 D/IPLoaderNeimeng( 2364): dealUpdateCheck isFirstSuccessUpdate:false:monitorInterval:5000
11-02 20:06:11.948 D/LoadHttpHandler( 2364): [TN_ThreadUtil-6]doNormal proxyConfig=null
11-02 20:06:12.108 D/BasicFigure( 2488): [TN_GLThread 74]isDrawFocused relyElement=[BaseElement@574e220]focusScale[1.15]elementAlpha[-1.0]refectAlpha[-1.0]isFocusAble[true]shadowIndex[-1]autoJumpType[-1]uniqueID[54resSize0]rect[NULL]
11-02 20:06:12.108 D/BasicFigure( 2488): [TN_GLThread 74]isDrawFocused basicFigure=com.suma.midware.view.b.c.c@346a37d9
11-02 20:06:12.158 D/BackBootDealerNeimeng( 2364): standbyState:
