11-02 18:33:07.540 V/SUMA    ( 1580): [resman-s][onTransact 688]TRANS_CODE_RESMAN_FILETER_RELEASE leave
11-02 18:33:07.540 V/SUMA    ( 1580): [resman-s][onTransact 1574]leave transact client pid = 2367
11-02 18:33:07.540 V/SUMA    ( 2367): [resman-c][dvbc_resman_flt_release 183]dvbc(2367)## s_resman_client_flt_hcbk release cbk idx=0 !!!
11-02 18:33:07.540 V/SUMA    ( 2367): [resman-c][Roc_ResMan_Filter_Release 1403]leave !!!
11-02 18:33:07.540 W/EsgNeiMengDealer( 2367): [TN_ThreadUtil-12]handleNormTable table content null
11-02 18:33:07.540 D/EsgNeiMengDealer( 2367): [TN_ThreadUtil-12]dealUpdateInfo updateInfo=null
11-02 18:33:07.541 D/EsgRunner( 2367): [TN_ThreadUtil-12]notifyUpdateEnd ads=null
11-02 18:33:07.556 W/ContextImpl( 2367): Calling a method in the system process without a qualified user: android.app.ContextImpl.sendBroadcast:1345 android.content.ContextWrapper.sendBroadcast:377 com.suma.midware.back.esg.e.f:-1 com.suma.midware.back.esg.f.run:-1 com.suma.midware.prop.util.c.run:-1 
11-02 18:33:07.630 D/BasicFigure( 2489): [TN_GLThread 73]isDrawFocused relyElement=[BaseElement@1961e652]focusScale[1.15]elementAlpha[-1.0]refectAlpha[-1.0]isFocusAble[true]shadowIndex[-1]autoJumpType[-1]uniqueID[54resSize0]rect[NULL]
11-02 18:33:07.630 D/BasicFigure( 2489): [TN_GLThread 73]isDrawFocused basicFigure=com.suma.midware.view.b.c.c@18483d23
11-02 18:33:07.982 D/BackBootDealerNeimeng( 2367): standbyState:
11-02 18:33:07.982 E/NetUtils( 2021): Interface eth0 LinkDown!
11-02 18:33:08.483 D/BackBootDealerNeimeng( 2367): standbyState:
11-02 18:33:08.483 E/NetUtils( 2021): Interface eth0 LinkDown!
11-02 18:33:08.558 W/ContextImpl( 2367): Calling a method in the system process without a qualified user: android.app.ContextImpl.sendBroadcast:1345 android.content.ContextWrapper.sendBroadcast:377 com.suma.midware.back.esg.e.f:-1 com.suma.midware.back.esg.f.run:-1 com.suma.midware.prop.util.c.run:-1 
11-02 18:33:08.650 D/BasicFigure( 2489): [TN_GLThread 73]isDrawFocused relyElement=[BaseElement@1961e652]focusScale[1.15]elementAlpha[-1.0]refectAlpha[-1.0]isFocusAble[true]shadowIndex[-1]autoJumpType[-1]uniqueID[54resSize0]rect[NULL]
11-02 18:33:08.650 D/BasicFigure( 2489): [TN_GLThread 73]isDrawFocused basicFigure=com.suma.midware.view.b.c.c@18483d23
11-02 18:33:08.984 D/BackBootDealerNeimeng( 2367): standbyState:
11-02 18:33:08.985 E/NetUtils( 2021): Interface eth0 LinkDown!
11-02 18:33:09.485 D/BackBootDealerNeimeng( 2367): standbyState:
11-02 18:33:09.486 E/NetUtils( 2021): Interface eth0 LinkDown!
11-02 18:33:09.562 W/ContextImpl( 2367): Calling a method in the system process without a qualified user: android.app.ContextImpl.sendBroadcast:1345 android.content.ContextWrapper.sendBroadcast:377 com.suma.midware.back.esg.e.f:-1 com.suma.midware.back.esg.f.run:-1 com.suma.midware.prop.util.c.run:-1 
11-02 18:33:09.669 D/BasicFigure( 2489): [TN_GLThread 73]isDrawFocused relyElement=[BaseElement@1961e652]focusScale[1.15]elementAlpha[-1.0]refectAlpha[-1.0]isFocusAble[true]shadowIndex[-1]autoJumpType[-1]uniqueID[54resSize0]rect[NULL]
11-02 18:33:09.669 D/BasicFigure( 2489): [TN_GLThread 73]isDrawFocused basicFigure=com.suma.midware.view.b.c.c@18483d23
11-02 18:33:09.764 D/IPLoaderNeimeng( 2367): after wait time18:33:09:monitorInterval:5000
11-02 18:33:09.764 D/IPLoaderNeimeng( 2367): before dealUpdateCheck time:18:33:09:isMsgBroadcast:false:monitorInterval:5000:processState:1
11-02 18:33:09.764 D/IPLoaderNeimeng( 2367): dealUpdateCheck isFirstSuccessUpdate:false:monitorInterval:5000
11-02 18:33:09.764 D/LoadHttpHandler( 2367): [TN_ThreadUtil-6]doNormal proxyConfig=null
11-02 18:33:09.939 D/LoadHttpHandler( 2367): [TN_ThreadUtil-6]doNormal responseCode=404
11-02 18:33:09.940 D/LoadHttpTask( 2367): dealUpdateCheck responseCode:404:data:null:downloadResult:false
11-02 18:33:09.940 D/IPLoaderNeimeng( 2367): after dealUpdateCheck time:18:33:09:isMsgBroadcast:false:monitorInterval:5000:processState:1
11-02 18:33:09.940 D/IPLoaderNeimeng( 2367): before wait time18:33:09:monitorInterval:5000
11-02 18:33:09.987 D/BackBootDealerNeimeng( 2367): standbyState:
11-02 18:33:09.988 E/NetUtils( 2021): Interface eth0 LinkDown!
11-02 18:33:10.488 D/BackBootDealerNeimeng( 2367): standbyState:
11-02 18:33:10.488 E/NetUtils( 2021): Interface eth0 LinkDown!
11-02 18:33:10.688 D/BasicFigure( 2489): [TN_GLThread 73]isDrawFocused relyElement=[BaseElement@1961e652]focusScale[1.15]elementAlpha[-1.0]refectAlpha[-1.0]isFocusAble[true]shadowIndex[-1]autoJumpType[-1]uniqueID[54resSize0]rect[NULL]
11-02 18:33:10.689 D/BasicFigure( 2489): [TN_GLThread 73]isDrawFocused basicFigure=com.suma.midware.view.b.c.c@18483d23
11-02 18:33:10.989 D/BackBootDealerNeimeng( 2367): standbyState:
11-02 18:33:10.989 E/NetUtils( 2021): Interface eth0 LinkDown!
11-02 18:33:11.490 D/BackBootDealerNeimeng( 2367): standbyState:
11-02 18:33:11.491 E/NetUtils( 2021): Interface eth0 LinkDown!
11-02 18:33:11.708 D/BasicFigure( 2489): [TN_GLThread 73]isDrawFocused relyElement=[BaseElement@1961e652]focusScale[1.15]elementAlpha[-1.0]refectAlpha[-1.0]isFocusAble[true]shadowIndex[-1]autoJumpType[-1]uniqueID[54resSize0]rect[NULL]
11-02 18:33:11.708 D/BasicFigure( 2489): [TN_GLThread 73]isDrawFocused basicFigure=com.suma.midware.view.b.c.c@18483d23
11-02 18:33:11.992 D/BackBootDealerNeimeng( 2367): standbyState:
11-02 18:33:11.992 E/NetUtils( 2021): Interface eth0 LinkDown!
11-02 18:33:12.493 D/BackBootDealerNeimeng( 2367): standbyState:
11-02 18:33:12.493 E/NetUtils( 2021): Interface eth0 LinkDown!
11-02 18:33:12.728 D/BasicFigure( 2489): [TN_GLThread 73]isDrawFocused relyElement=[BaseElement@1961e652]focusScale[1.15]elementAlpha[-1.0]refectAlpha[-1.0]isFocusAble[true]shadowIndex[-1]autoJumpType[-1]uniqueID[54resSize0]rect[NULL]
11-02 18:33:12.728 D/BasicFigure( 2489): [TN_GLThread 73]isDrawFocused basicFigure=com.suma.midware.view.b.c.c@18483d23
11-02 18:33:12.994 D/BackBootDealerNeimeng( 2367): standbyState:
11-02 18:33:12.995 E/NetUtils( 2021): Interface eth0 LinkDown!
11-02 18:33:13.071 D/AppUtil ( 2367): [TN_ThreadUtil-3]getActivityPkg index=0,comp=ComponentInfo{com.suma.midware.home/com.suma.midware.home.third.Main3DActivity}
11-02 18:33:13.071 D/AppKiller( 2367): [TN_ThreadUtil-3]backKill curPkgName=com.suma.midware.home
11-02 18:33:13.495 D/BackBootDealerNeimeng( 2367): standbyState:
11-02 18:33:13.496 E/NetUtils( 2021): Interface eth0 LinkDown!
11-02 18:33:13.747 D/BasicFigure( 2489): [TN_GLThread 73]isDrawFocused relyElement=[BaseElement@1961e652]focusScale[1.15]elementAlpha[-1.0]refectAlpha[-1.0]isFocusAble[true]shadowIndex[-1]autoJumpType[-1]uniqueID[54resSize0]rect[NULL]
11-02 18:33:13.747 D/BasicFigure( 2489): [TN_GLThread 73]isDrawFocused basicFigure=com.suma.midware.view.b.c.c@18483d23
11-02 18:33:13.997 D/BackBootDealerNeimeng( 2367): standbyState:
11-02 18:33:13.997 E/NetUtils( 2021): Interface eth0 LinkDown!
11-02 18:33:14.498 D/BackBootDealerNeimeng( 2367): standbyState:
11-02 18:33:14.499 E/NetUtils( 2021): Interface eth0 LinkDown!
11-02 18:33:14.767 D/BasicFigure( 2489): [TN_GLThread 73]isDrawFocused relyElement=[BaseElement@1961e652]focusScale[1.15]elementAlpha[-1.0]refectAlpha[-1.0]isFocusAble[true]shadowIndex[-1]autoJumpType[-1]uniqueID[54resSize0]rect[NULL]
11-02 18:33:14.767 D/BasicFigure( 2489): [TN_GLThread 73]isDrawFocused basicFigure=com.suma.midware.view.b.c.c@18483d23
11-02 18:33:14.999 D/BackBootDealerNeimeng( 2367): standbyState:
11-02 18:33:15.000 E/NetUtils( 2021): Interface eth0 LinkDown!
11-02 18:33:15.500 D/BackBootDealerNeimeng( 2367): standbyState:
11-02 18:33:15.501 E/NetUtils( 2021): Interface eth0 LinkDown!
11-02 18:33:15.642 E/WifiStateMachine( 2021): WifiStateMachine CMD_START_SCAN source -2 txSuccessRate=2.58 rxSuccessRate=5.67 targetRoamBSSID=any RSSI=-36
11-02 18:33:15.642 E/WifiStateMachine( 2021): WifiStateMachine starting scan for "ipanel"WPA_PSK with 2467
11-02 18:33:15.787 D/BasicFigure( 2489): [TN_GLThread 73]isDrawFocused relyElement=[BaseElement@1961e652]focusScale[1.15]elementAlpha[-1.0]refectAlpha[-1.0]isFocusAble[true]shadowIndex[-1]autoJumpType[-1]uniqueID[54resSize0]rect[NULL]
11-02 18:33:15.787 D/BasicFigure( 2489): [TN_GLThread 73]isDrawFocused basicFigure=com.suma.midware.view.b.c.c@18483d23
11-02 18:33:16.002 D/BackBootDealerNeimeng( 2367): standbyState:
11-02 18:33:16.003 E/NetUtils( 2021): Interface eth0 LinkDown!
11-02 18:33:16.275 E/FlyAndWeatherUpdate( 2489): [TN_ThreadUtil-1]url: http://tvos-launcher.96066.com:8082/LancherWeb/getLauncherWeather?hardVersion=04.01.01.02&locationCode=0&softVersion=03.16.00.03&serialNumber=15510217310112851&type=1&mac=&model=8
11-02 18:33:16.276 D/LoadHttpHandler( 2489): [TN_ThreadUtil-1]doNormal proxyConfig=null
11-02 18:33:16.375 I/EthernetNetworkFactory( 2021): updateInterfaceState :the mIface is:eth0iface is wlan0 true
11-02 18:33:16.382 E/WifiAutoJoinController ( 2021): GDWL 86:79:73:27:8c:19 rssi=-43 cap [WPA-PSK-CCMP][WPA2-PSK-CCMP][ESS] is not scored
11-02 18:33:16.382 E/WifiAutoJoinController ( 2021): ipanel e4:f3:f5:aa:ad:88 rssi=-36 cap [WPA-PSK-CCMP][WPA2-PSK-CCMP][ESS] is not scored
11-02 18:33:16.383 E/WifiAutoJoinController ( 2021):  84:79:73:27:8c:19 rssi=-30 cap [WEP][ESS] is not scored
11-02 18:33:16.383 E/WifiAutoJoinController ( 2021): MERCURY_EDE4 e4:f3:f5:6a:ed:e4 rssi=-44 cap [ESS] is not scored
11-02 18:33:16.383 E/WifiAutoJoinController ( 2021): Office_Net e4:f3:f5:a4:00:c0 rssi=-68 cap [WPA-PSK-CCMP][WPA2-PSK-CCMP][ESS] is not scored
11-02 18:33:16.384 E/WifiAutoJoinController ( 2021): ageScanResultsOut delay 40000 size 5 now 1509618796384
11-02 18:33:16.384 E/WifiAutoJoinController ( 2021): newSupplicantResults size=5 known=1 true
11-02 18:33:16.385 E/WifiAutoJoinController ( 2021): attemptAutoJoin() status=bssid=e4:f3:f5:aa:ad:88
11-02 18:33:16.385 E/WifiAutoJoinController ( 2021): freq=2467
11-02 18:33:16.385 E/WifiAutoJoinController ( 2021): ssid=ipanel
11-02 18:33:16.385 E/WifiAutoJoinController ( 2021): id=1
11-02 18:33:16.385 E/WifiAutoJoinController ( 2021): mode=station
11-02 18:33:16.385 E/WifiAutoJoinController ( 2021): pairwise_cipher=CCMP
11-02 18:33:16.385 E/WifiAutoJoinController ( 2021): group_cipher=CCMP
11-02 18:33:16.385 E/WifiAutoJoinController ( 2021): key_mgmt=WPA2-PSK
11-02 18:33:16.385 E/WifiAutoJoinController ( 2021): wpa_state=COMPLETED
11-02 18:33:16.385 E/WifiAutoJoinController ( 2021): ip_address=192.168.0.101
11-02 18:33:16.385 E/WifiAutoJoinController ( 2021): p2p_device_address=0e:62:a6:0c:0f:b2
11-02 18:33:16.385 E/WifiAutoJoinController ( 2021): address=0c:62:a6:0c:0f:b2
11-02 18:33:16.385 E/WifiAutoJoinController ( 2021): uuid=de43a986-3647-5398-876d-b6752834d7e7 split=13
11-02 18:33:16.385 E/WifiAutoJoinController ( 2021): attemptAutoJoin() num recent config 1 current="ipanel"WPA_PSK last="ipanel"WPA_PSK ---> suppNetId=1
11-02 18:33:16.385 E/WifiAutoJoinController ( 2021): attemptAutoJoin good candidate seen, bumped hard -> status=0 "ipanel"WPA_PSK rssi=(-36,-127) num=(1,0)
11-02 18:33:16.386 E/WifiAutoJoinController ( 2021): attemptAutoJoin skip current candidate  1 key "ipanel"WPA_PSK
11-02 18:33:16.386 E/WifiAutoJoinController ( 2021): attemptRoam: "ipanel"WPA_PSK Found e4:f3:f5:aa:ad:88 rssi=-36 freq=2467 Current: e4:f3:f5:aa:ad:88
11-02 18:33:16.386 E/WifiAutoJoinController ( 2021): Done attemptAutoJoin status=0
11-02 18:33:16.503 D/BackBootDealerNeimeng( 2367): standbyState:
11-02 18:33:16.504 E/NetUtils( 2021): Interface eth0 LinkDown!
11-02 18:33:16.529 D/LoadHttpHandler( 2489): [TN_ThreadUtil-1]doNormal responseCode=200
11-02 18:33:16.529 D/LoadHttpHandler( 2489): [TN_ThreadUtil-1]doNormal savePath=null,fileName=null,total=-1
11-02 18:33:16.530 E/FlyAndWeatherUpdate( 2489): [TN_ThreadUtil-1]isWeatherUpdate is not need update
11-02 18:33:16.794 D/BasicFigure( 2489): [TN_GLThread 73]isDrawFocused relyElement=[BaseElement@1961e652]focusScale[1.15]elementAlpha[-1.0]refectAlpha[-1.0]isFocusAble[true]shadowIndex[-1]autoJumpType[-1]uniqueID[54resSize0]rect[NULL]
11-02 18:33:16.794 D/BasicFigure( 2489): [TN_GLThread 73]isDrawFocused basicFigure=com.suma.midware.view.b.c.c@18483d23
11-02 18:33:17.004 D/BackBootDealerNeimeng( 2367): standbyState:
11-02 18:33:17.005 E/NetUtils( 2021): Interface eth0 LinkDown!
11-02 18:33:17.505 D/BackBootDealerNeimeng( 2367): standbyState:
11-02 18:33:17.507 E/NetUtils( 2021): Interface eth0 LinkDown!
11-02 18:33:17.813 D/BasicFigure( 2489): [TN_GLThread 73]isDrawFocused relyElement=[BaseElement@1961e652]focusScale[1.15]elementAlpha[-1.0]refectAlpha[-1.0]isFocusAble[true]shadowIndex[-1]autoJumpType[-1]uniqueID[54resSize0]rect[NULL]
11-02 18:33:17.813 D/BasicFigure( 2489): [TN_GLThread 73]isDrawFocused basicFigure=com.suma.midware.view.b.c.c@18483d23
11-02 18:33:18.007 D/BackBootDealerNeimeng( 2367): standbyState:
11-02 18:33:18.008 E/NetUtils( 2021): Interface eth0 LinkDown!
11-02 18:33:18.508 D/BackBootDealerNeimeng( 2367): standbyState:
11-02 18:33:18.509 E/NetUtils( 2021): Interface eth0 LinkDown!
11-02 18:33:18.832 D/BasicFigure( 2489): [TN_GLThread 73]isDrawFocused relyElement=[BaseElement@1961e652]focusScale[1.15]elementAlpha[-1.0]refectAlpha[-1.0]isFocusAble[true]shadowIndex[-1]autoJumpType[-1]uniqueID[54resSize0]rect[NULL]
11-02 18:33:18.832 D/BasicFigure( 2489): [TN_GLThread 73]isDrawFocused basicFigure=com.suma.midware.view.b.c.c@18483d23
11-02 18:33:19.009 D/BackBootDealerNeimeng( 2367): standbyState:
11-02 18:33:19.010 E/NetUtils( 2021): Interface eth0 LinkDown!
11-02 18:33:19.511 D/BackBootDealerNeimeng( 2367): standbyState:
11-02 18:33:19.512 E/NetUtils( 2021): Interface eth0 LinkDown!
11-02 18:33:19.853 D/BasicFigure( 2489): [TN_GLThread 73]isDrawFocused relyElement=[BaseElement@1961e652]focusScale[1.15]elementAlpha[-1.0]refectAlpha[-1.0]isFocusAble[true]shadowIndex[-1]autoJumpType[-1]uniqueID[54resSize0]rect[NULL]
11-02 18:33:19.853 D/BasicFigure( 2489): [TN_GLThread 73]isDrawFocused basicFigure=com.suma.midware.view.b.c.c@18483d23
11-02 18:33:20.012 D/BackBootDealerNeimeng( 2367): standbyState:
11-02 18:33:20.013 E/NetUtils( 2021): Interface eth0 LinkDown!
11-02 18:33:20.513 D/BackBootDealerNeimeng( 2367): standbyState:
11-02 18:33:20.514 E/NetUtils( 2021): Interface eth0 LinkDown!
11-02 18:33:20.872 D/BasicFigure( 2489): [TN_GLThread 73]isDrawFocused relyElement=[BaseElement@1961e652]focusScale[1.15]elementAlpha[-1.0]refectAlpha[-1.0]isFocusAble[true]shadowIndex[-1]autoJumpType[-1]uniqueID[54resSize0]rect[NULL]
11-02 18:33:20.872 D/BasicFigure( 2489): [TN_GLThread 73]isDrawFocused basicFigure=com.suma.midware.view.b.c.c@18483d23
11-02 18:33:21.015 D/BackBootDealerNeimeng( 2367): standbyState:
11-02 18:33:21.015 E/NetUtils( 2021): Interface eth0 LinkDown!
11-02 18:33:21.516 D/BackBootDealerNeimeng( 2367): standbyState:
11-02 18:33:21.517 E/NetUtils( 2021): Interface eth0 LinkDown!
11-02 18:33:21.892 D/BasicFigure( 2489): [TN_GLThread 73]isDrawFocused relyElement=[BaseElement@1961e652]focusScale[1.15]elementAlpha[-1.0]refectAlpha[-1.0]isFocusAble[true]shadowIndex[-1]autoJumpType[-1]uniqueID[54resSize0]rect[NULL]
11-02 18:33:21.892 D/BasicFigure( 2489): [TN_GLThread 73]isDrawFocused basicFigure=com.suma.midware.view.b.c.c@18483d23
11-02 18:33:22.018 D/BackBootDealerNeimeng( 2367): standbyState:
11-02 18:33:22.018 E/NetUtils( 2021): Interface eth0 LinkDown!
11-02 18:33:22.519 D/BackBootDealerNeimeng( 2367): standbyState:
11-02 18:33:22.520 E/NetUtils( 2021): Interface eth0 LinkDown!
11-02 18:33:22.912 D/BasicFigure( 2489): [TN_GLThread 73]isDrawFocused relyElement=[BaseElement@1961e652]focusScale[1.15]elementAlpha[-1.0]refectAlpha[-1.0]isFocusAble[true]shadowIndex[-1]autoJumpType[-1]uniqueID[54resSize0]rect[NULL]
11-02 18:33:22.912 D/BasicFigure( 2489): [TN_GLThread 73]isDrawFocused basicFigure=com.suma.midware.view.b.c.c@18483d23
11-02 18:33:23.020 D/BackBootDealerNeimeng( 2367): standbyState:
11-02 18:33:23.021 E/NetUtils( 2021): Interface eth0 LinkDown!
11-02 18:33:23.522 D/BackBootDealerNeimeng( 2367): standbyState:
11-02 18:33:23.523 E/NetUtils( 2021): Interface eth0 LinkDown!
11-02 18:33:23.931 D/BasicFigure( 2489): [TN_GLThread 73]isDrawFocused relyElement=[BaseElement@1961e652]focusScale[1.15]elementAlpha[-1.0]refectAlpha[-1.0]isFocusAble[true]shadowIndex[-1]autoJumpType[-1]uniqueID[54resSize0]rect[NULL]
11-02 18:33:23.932 D/BasicFigure( 2489): [TN_GLThread 73]isDrawFocused basicFigure=com.suma.midware.view.b.c.c@18483d23
11-02 18:33:24.023 D/BackBootDealerNeimeng( 2367): standbyState:
11-02 18:33:24.024 E/NetUtils( 2021): Interface eth0 LinkDown!
11-02 18:33:24.524 D/BackBootDealerNeimeng( 2367): standbyState:
11-02 18:33:24.525 E/NetUtils( 2021): Interface eth0 LinkDown!
11-02 18:33:24.952 D/BasicFigure( 2489): [TN_GLThread 73]isDrawFocused relyElement=[BaseElement@1961e652]focusScale[1.15]elementAlpha[-1.0]refectAlpha[-1.0]isFocusAble[true]shadowIndex[-1]autoJumpType[-1]uniqueID[54resSize0]rect[NULL]
11-02 18:33:24.952 D/BasicFigure( 2489): [TN_GLThread 73]isDrawFocused basicFigure=com.suma.midware.view.b.c.c@18483d23
11-02 18:33:25.026 D/BackBootDealerNeimeng( 2367): standbyState:
11-02 18:33:25.026 E/NetUtils( 2021): Interface eth0 LinkDown!
11-02 18:33:25.527 D/BackBootDealerNeimeng( 2367): standbyState:
11-02 18:33:25.528 E/NetUtils( 2021): Interface eth0 LinkDown!
11-02 18:33:25.971 D/BasicFigure( 2489): [TN_GLThread 73]isDrawFocused relyElement=[BaseElement@1961e652]focusScale[1.15]elementAlpha[-1.0]refectAlpha[-1.0]isFocusAble[true]shadowIndex[-1]autoJumpType[-1]uniqueID[54resSize0]rect[NULL]
11-02 18:33:25.971 D/BasicFigure( 2489): [TN_GLThread 73]isDrawFocused basicFigure=com.suma.midware.view.b.c.c@18483d23
11-02 18:33:26.028 D/BackBootDealerNeimeng( 2367): standbyState:
11-02 18:33:26.029 E/NetUtils( 2021): Interface eth0 LinkDown!
11-02 18:33:26.530 D/BackBootDealerNeimeng( 2367): standbyState:
11-02 18:33:26.530 E/NetUtils( 2021): Interface eth0 LinkDown!
11-02 18:33:26.991 D/BasicFigure( 2489): [TN_GLThread 73]isDrawFocused relyElement=[BaseElement@1961e652]focusScale[1.15]elementAlpha[-1.0]refectAlpha[-1.0]isFocusAble[true]shadowIndex[-1]autoJumpType[-1]uniqueID[54resSize0]rect[NULL]
11-02 18:33:26.991 D/BasicFigure( 2489): [TN_GLThread 73]isDrawFocused basicFigure=com.suma.midware.view.b.c.c@18483d23
11-02 18:33:27.031 D/BackBootDealerNeimeng( 2367): standbyState:
11-02 18:33:27.031 E/NetUtils( 2021): Interface eth0 LinkDown!
11-02 18:33:27.532 D/BackBootDealerNeimeng( 2367): standbyState:
11-02 18:33:27.533 E/NetUtils( 2021): Interface eth0 LinkDown!
11-02 18:33:28.011 D/BasicFigure( 2489): [TN_GLThread 73]isDrawFocused relyElement=[BaseElement@1961e652]focusScale[1.15]elementAlpha[-1.0]refectAlpha[-1.0]isFocusAble[true]shadowIndex[-1]autoJumpType[-1]uniqueID[54resSize0]rect[NULL]
11-02 18:33:28.011 D/BasicFigure( 2489): [TN_GLThread 73]isDrawFocused basicFigure=com.suma.midware.view.b.c.c@18483d23
11-02 18:33:28.033 D/BackBootDealerNeimeng( 2367): standbyState:
11-02 18:33:28.034 E/NetUtils( 2021): Interface eth0 LinkDown!
11-02 18:33:28.534 D/BackBootDealerNeimeng( 2367): standbyState:
11-02 18:33:28.535 E/NetUtils( 2021): Interface eth0 LinkDown!
11-02 18:33:29.018 D/BasicFigure( 2489): [TN_GLThread 73]isDrawFocused relyElement=[BaseElement@1961e652]focusScale[1.15]elementAlpha[-1.0]refectAlpha[-1.0]isFocusAble[true]shadowIndex[-1]autoJumpType[-1]uniqueID[54resSize0]rect[NULL]
11-02 18:33:29.018 D/BasicFigure( 2489): [TN_GLThread 73]isDrawFocused basicFigure=com.suma.midware.view.b.c.c@18483d23
11-02 18:33:29.036 D/BackBootDealerNeimeng( 2367): standbyState:
11-02 18:33:29.036 E/NetUtils( 2021): Interface eth0 LinkDown!
11-02 18:33:29.536 D/BackBootDealerNeimeng( 2367): standbyState:
11-02 18:33:29.537 E/NetUtils( 2021): Interface eth0 LinkDown!
11-02 18:33:30.036 D/BasicFigure( 2489): [TN_GLThread 73]isDrawFocused relyElement=[BaseElement@1961e652]focusScale[1.15]elementAlpha[-1.0]refectAlpha[-1.0]isFocusAble[true]shadowIndex[-1]autoJumpType[-1]uniqueID[54resSize0]rect[NULL]
11-02 18:33:30.037 D/BasicFigure( 2489): [TN_GLThread 73]isDrawFocused basicFigure=com.suma.midware.view.b.c.c@18483d23
11-02 18:33:30.038 D/BackBootDealerNeimeng( 2367): standbyState:
11-02 18:33:30.038 E/NetUtils( 2021): Interface eth0 LinkDown!
11-02 18:33:30.539 D/BackBootDealerNeimeng( 2367): standbyState:
11-02 18:33:30.540 E/NetUtils( 2021): Interface eth0 LinkDown!
11-02 18:33:31.040 D/BackBootDealerNeimeng( 2367): standbyState:
11-02 18:33:31.041 E/NetUtils( 2021): Interface eth0 LinkDown!
11-02 18:33:31.057 D/BasicFigure( 2489): [TN_GLThread 73]isDrawFocused relyElement=[BaseElement@1961e652]focusScale[1.15]elementAlpha[-1.0]refectAlpha[-1.0]isFocusAble[true]shadowIndex[-1]autoJumpType[-1]uniqueID[54resSize0]rect[NULL]
11-02 18:33:31.057 D/BasicFigure( 2489): [TN_GLThread 73]isDrawFocused basicFigure=com.suma.midware.view.b.c.c@18483d23
11-02 18:33:31.251 D/IPLoaderNeimeng( 2367): after wait time18:33:31:monitorInterval:5000
11-02 18:33:31.251 D/IPLoaderNeimeng( 2367): before dealUpdateCheck time:18:33:31:isMsgBroadcast:false:monitorInterval:5000:processState:1
11-02 18:33:31.251 D/IPLoaderNeimeng( 2367): dealUpdateCheck isFirstSuccessUpdate:false:monitorInterval:5000
11-02 18:33:31.252 D/LoadHttpHandler( 2367): [TN_ThreadUtil-6]doNormal proxyConfig=null
11-02 18:33:31.305 D/LoadHttpHandler( 2367): [TN_ThreadUtil-6]doNormal responseCode=404
11-02 18:33:31.305 D/LoadHttpTask( 2367): dealUpdateCheck responseCode:404:data:null:downloadResult:false
11-02 18:33:31.306 D/IPLoaderNeimeng( 2367): after dealUpdateCheck time:18:33:31:isMsgBroadcast:false:monitorInterval:5000:processState:1
11-02 18:33:31.306 D/IPLoaderNeimeng( 2367): before wait time18:33:31:monitorInterval:5000
11-02 18:33:31.541 D/BackBootDealerNeimeng( 2367): standbyState:
11-02 18:33:31.543 E/NetUtils( 2021): Interface eth0 LinkDown!
11-02 18:33:32.043 D/BackBootDealerNeimeng( 2367): standbyState:
11-02 18:33:32.043 E/NetUtils( 2021): Interface eth0 LinkDown!
11-02 18:33:32.064 D/BasicFigure( 2489): [TN_GLThread 73]isDrawFocused relyElement=[BaseElement@1961e652]focusScale[1.15]elementAlpha[-1.0]refectAlpha[-1.0]isFocusAble[true]shadowIndex[-1]autoJumpType[-1]uniqueID[54resSize0]rect[NULL]
11-02 18:33:32.064 D/BasicFigure( 2489): [TN_GLThread 73]isDrawFocused basicFigure=com.suma.midware.view.b.c.c@18483d23
11-02 18:33:32.544 D/BackBootDealerNeimeng( 2367): standbyState:
11-02 18:33:32.544 E/NetUtils( 2021): Interface eth0 LinkDown!
11-02 18:33:33.045 D/BackBootDealerNeimeng( 2367): standbyState:
11-02 18:33:33.046 E/NetUtils( 2021): Interface eth0 LinkDown!
11-02 18:33:33.082 D/BasicFigure( 2489): [TN_GLThread 73]isDrawFocused relyElement=[BaseElement@1961e652]focusScale[1.15]elementAlpha[-1.0]refectAlpha[-1.0]isFocusAble[true]shadowIndex[-1]autoJumpType[-1]uniqueID[54resSize0]rect[NULL]
11-02 18:33:33.082 D/BasicFigure( 2489): [TN_GLThread 73]isDrawFocused basicFigure=com.suma.midware.view.b.c.c@18483d23
11-02 18:33:33.546 D/BackBootDealerNeimeng( 2367): standbyState:
11-02 18:33:33.547 E/NetUtils( 2021): Interface eth0 LinkDown!
11-02 18:33:34.048 D/BackBootDealerNeimeng( 2367): standbyState:
11-02 18:33:34.048 E/NetUtils( 2021): Interface eth0 LinkDown!
11-02 18:33:34.102 D/BasicFigure( 2489): [TN_GLThread 73]isDrawFocused relyElement=[BaseElement@1961e652]focusScale[1.15]elementAlpha[-1.0]refectAlpha[-1.0]isFocusAble[true]shadowIndex[-1]autoJumpType[-1]uniqueID[54resSize0]rect[NULL]
11-02 18:33:34.102 D/BasicFigure( 2489): [TN_GLThread 73]isDrawFocused basicFigure=com.suma.midware.view.b.c.c@18483d23
11-02 18:33:34.548 D/BackBootDealerNeimeng( 2367): standbyState:
11-02 18:33:34.549 E/NetUtils( 2021): Interface eth0 LinkDown!
11-02 18:33:35.049 D/BackBootDealerNeimeng( 2367): standbyState:
11-02 18:33:35.050 E/NetUtils( 2021): Interface eth0 LinkDown!
11-02 18:33:35.121 D/BasicFigure( 2489): [TN_GLThread 73]isDrawFocused relyElement=[BaseElement@1961e652]focusScale[1.15]elementAlpha[-1.0]refectAlpha[-1.0]isFocusAble[true]shadowIndex[-1]autoJumpType[-1]uniqueID[54resSize0]rect[NULL]
11-02 18:33:35.121 D/BasicFigure( 2489): [TN_GLThread 73]isDrawFocused basicFigure=com.suma.midware.view.b.c.c@18483d23
11-02 18:33:35.550 D/BackBootDealerNeimeng( 2367): standbyState:
11-02 18:33:35.552 E/NetUtils( 2021): Interface eth0 LinkDown!
11-02 18:33:35.645 E/WifiStateMachine( 2021): WifiStateMachine CMD_START_SCAN source -2 txSuccessRate=1.52 rxSuccessRate=4.17 targetRoamBSSID=any RSSI=-35
11-02 18:33:35.645 E/WifiStateMachine( 2021): WifiStateMachine starting scan for "ipanel"WPA_PSK with 2467
11-02 18:33:36.052 D/BackBootDealerNeimeng( 2367): standbyState:
11-02 18:33:36.053 E/NetUtils( 2021): Interface eth0 LinkDown!
11-02 18:33:36.141 D/BasicFigure( 2489): [TN_GLThread 73]isDrawFocused relyElement=[BaseElement@1961e652]focusScale[1.15]elementAlpha[-1.0]refectAlpha[-1.0]isFocusAble[true]shadowIndex[-1]autoJumpType[-1]uniqueID[54resSize0]rect[NULL]
11-02 18:33:36.141 D/BasicFigure( 2489): [TN_GLThread 73]isDrawFocused basicFigure=com.suma.midware.view.b.c.c@18483d23
11-02 18:33:36.383 I/EthernetNetworkFactory( 2021): updateInterfaceState :the mIface is:eth0iface is wlan0 true
11-02 18:33:36.391 E/WifiAutoJoinController ( 2021): GDWL 86:79:73:27:8c:19 rssi=-43 cap [WPA-PSK-CCMP][WPA2-PSK-CCMP][ESS] is not scored
11-02 18:33:36.392 E/WifiAutoJoinController ( 2021): ipanel e4:f3:f5:aa:ad:88 rssi=-35 cap [WPA-PSK-CCMP][WPA2-PSK-CCMP][ESS] is not scored
11-02 18:33:36.392 E/WifiAutoJoinController ( 2021):  84:79:73:27:8c:19 rssi=-34 cap [WEP][ESS] is not scored
11-02 18:33:36.392 E/WifiAutoJoinController ( 2021): MERCURY_EDE4 e4:f3:f5:6a:ed:e4 rssi=-44 cap [ESS] is not scored
11-02 18:33:36.393 E/WifiAutoJoinController ( 2021): Office_Net e4:f3:f5:a4:00:c0 rssi=-68 cap [WPA-PSK-CCMP][WPA2-PSK-CCMP][ESS] is not scored
11-02 18:33:36.393 E/WifiAutoJoinController ( 2021): 17WiFi_LAFA_2G 78:a3:51:32:07:f0 rssi=-82 cap [WPA-PSK-CCMP][WPA2-PSK-CCMP][ESS] is not scored
11-02 18:33:36.394 E/WifiAutoJoinController ( 2021): ageScanResultsOut delay 40000 size 6 now 1509618816393
11-02 18:33:36.394 E/WifiAutoJoinController ( 2021): newSupplicantResults size=6 known=1 true
11-02 18:33:36.395 E/WifiAutoJoinController ( 2021): attemptAutoJoin() status=bssid=e4:f3:f5:aa:ad:88
11-02 18:33:36.395 E/WifiAutoJoinController ( 2021): freq=2467
11-02 18:33:36.395 E/WifiAutoJoinController ( 2021): ssid=ipanel
11-02 18:33:36.395 E/WifiAutoJoinController ( 2021): id=1
11-02 18:33:36.395 E/WifiAutoJoinController ( 2021): mode=station
11-02 18:33:36.395 E/WifiAutoJoinController ( 2021): pairwise_cipher=CCMP
11-02 18:33:36.395 E/WifiAutoJoinController ( 2021): group_cipher=CCMP
11-02 18:33:36.395 E/WifiAutoJoinController ( 2021): key_mgmt=WPA2-PSK
11-02 18:33:36.395 E/WifiAutoJoinController ( 2021): wpa_state=COMPLETED
11-02 18:33:36.395 E/WifiAutoJoinController ( 2021): ip_address=192.168.0.101
11-02 18:33:36.395 E/WifiAutoJoinController ( 2021): p2p_device_address=0e:62:a6:0c:0f:b2
11-02 18:33:36.395 E/WifiAutoJoinController ( 2021): address=0c:62:a6:0c:0f:b2
11-02 18:33:36.395 E/WifiAutoJoinController ( 2021): uuid=de43a986-3647-5398-876d-b6752834d7e7 split=13
11-02 18:33:36.395 E/WifiAutoJoinController ( 2021): attemptAutoJoin() num recent config 1 current="ipanel"WPA_PSK last="ipanel"WPA_PSK ---> suppNetId=1
11-02 18:33:36.395 E/WifiAutoJoinController ( 2021): attemptAutoJoin good candidate seen, bumped hard -> status=0 "ipanel"WPA_PSK rssi=(-35,-127) num=(1,0)
11-02 18:33:36.395 E/WifiAutoJoinController ( 2021): attemptAutoJoin skip current candidate  1 key "ipanel"WPA_PSK
11-02 18:33:36.395 E/WifiAutoJoinController ( 2021): attemptRoam: "ipanel"WPA_PSK Found e4:f3:f5:aa:ad:88 rssi=-35 freq=2467 Current: e4:f3:f5:aa:ad:88
11-02 18:33:36.395 E/WifiAutoJoinController ( 2021): Done attemptAutoJoin status=0
11-02 18:33:36.553 D/BackBootDealerNeimeng( 2367): standbyState:
11-02 18:33:36.554 E/NetUtils( 2021): Interface eth0 LinkDown!
11-02 18:33:36.648 D/IPLoaderNeimeng( 2367): after wait time18:33:36:monitorInterval:5000
11-02 18:33:36.648 D/IPLoaderNeimeng( 2367): before dealUpdateCheck time:18:33:36:isMsgBroadcast:false:monitorInterval:5000:processState:1
11-02 18:33:36.648 D/IPLoaderNeimeng( 2367): dealUpdateCheck isFirstSuccessUpdate:false:monitorInterval:5000
11-02 18:33:36.648 D/LoadHttpHandler( 2367): [TN_ThreadUtil-6]doNormal proxyConfig=null
11-02 18:33:36.708 D/LoadHttpHandler( 2367): [TN_ThreadUtil-6]doNormal responseCode=404
11-02 18:33:36.709 D/LoadHttpTask( 2367): dealUpdateCheck responseCode:404:data:null:downloadResult:false
11-02 18:33:36.709 D/IPLoaderNeimeng( 2367): after dealUpdateCheck time:18:33:36:isMsgBroadcast:false:monitorInterval:5000:processState:1
11-02 18:33:36.710 D/IPLoaderNeimeng( 2367): before wait time18:33:36:monitorInterval:5000
11-02 18:33:37.054 D/BackBootDealerNeimeng( 2367): standbyState:
11-02 18:33:37.055 E/NetUtils( 2021): Interface eth0 LinkDown!
11-02 18:33:37.160 D/BasicFigure( 2489): [TN_GLThread 73]isDrawFocused relyElement=[BaseElement@1961e652]focusScale[1.15]elementAlpha[-1.0]refectAlpha[-1.0]isFocusAble[true]shadowIndex[-1]autoJumpType[-1]uniqueID[54resSize0]rect[NULL]
11-02 18:33:37.160 D/BasicFigure( 2489): [TN_GLThread 73]isDrawFocused basicFigure=com.suma.midware.view.b.c.c@18483d23
11-02 18:33:37.555 D/BackBootDealerNeimeng( 2367): standbyState:
11-02 18:33:37.556 E/NetUtils( 2021): Interface eth0 LinkDown!
11-02 18:33:38.057 D/BackBootDealerNeimeng( 2367): standbyState:
11-02 18:33:38.057 E/NetUtils( 2021): Interface eth0 LinkDown!
11-02 18:33:38.180 D/BasicFigure( 2489): [TN_GLThread 73]isDrawFocused relyElement=[BaseElement@1961e652]focusScale[1.15]elementAlpha[-1.0]refectAlpha[-1.0]isFocusAble[true]shadowIndex[-1]autoJumpType[-1]uniqueID[54resSize0]rect[NULL]
11-02 18:33:38.180 D/BasicFigure( 2489): [TN_GLThread 73]isDrawFocused basicFigure=com.suma.midware.view.b.c.c@18483d23
11-02 18:33:38.558 D/BackBootDealerNeimeng( 2367): standbyState:
11-02 18:33:38.559 E/NetUtils( 2021): Interface eth0 LinkDown!
11-02 18:33:39.059 D/BackBootDealerNeimeng( 2367): standbyState:
11-02 18:33:39.060 E/NetUtils( 2021): Interface eth0 LinkDown!
11-02 18:33:39.199 D/BasicFigure( 2489): [TN_GLThread 73]isDrawFocused relyElement=[BaseElement@1961e652]focusScale[1.15]elementAlpha[-1.0]refectAlpha[-1.0]isFocusAble[true]shadowIndex[-1]autoJumpType[-1]uniqueID[54resSize0]rect[NULL]
11-02 18:33:39.199 D/BasicFigure( 2489): [TN_GLThread 73]isDrawFocused basicFigure=com.suma.midware.view.b.c.c@18483d23
11-02 18:33:39.560 D/BackBootDealerNeimeng( 2367): standbyState:
11-02 18:33:39.561 E/NetUtils( 2021): Interface eth0 LinkDown!
11-02 18:33:40.062 D/BackBootDealerNeimeng( 2367): standbyState:
11-02 18:33:40.062 E/NetUtils( 2021): Interface eth0 LinkDown!
11-02 18:33:40.206 D/BasicFigure( 2489): [TN_GLThread 73]isDrawFocused relyElement=[BaseElement@1961e652]focusScale[1.15]elementAlpha[-1.0]refectAlpha[-1.0]isFocusAble[true]shadowIndex[-1]autoJumpType[-1]uniqueID[54resSize0]rect[NULL]
11-02 18:33:40.206 D/BasicFigure( 2489): [TN_GLThread 73]isDrawFocused basicFigure=com.suma.midware.view.b.c.c@18483d23
11-02 18:33:40.563 D/BackBootDealerNeimeng( 2367): standbyState:
11-02 18:33:40.564 E/NetUtils( 2021): Interface eth0 LinkDown!
11-02 18:33:40.925 D/Advertiser( 2428): End of sleep at time:1509618820924
11-02 18:33:40.925 D/Advertiser( 2428): Begin announce....with thread:org.cybergarage.d.b.a@15f10bb4
11-02 18:33:40.925 D/TimerUtil( 2428): waitRandom time=300,waitTime=26
11-02 18:33:40.925 D/Device  ( 2428): announce deviceDataBindAddress null
11-02 18:33:40.929 D/Device  ( 2428): announce 0 bindAddress=192.168.0.101
11-02 18:33:40.930 D/HTTPMUSocket( 2428): open addr=239.255.255.250,port=1900,bindAddr=192.168.0.101
11-02 18:33:40.934 D/HTTPMUSocket( 2428): send msg:NOTIFY * HTTP/1.1
11-02 18:33:40.934 D/HTTPMUSocket( 2428): Server: Linux/3.18.24_hi3798mv2x UPnP/1.0 CyberLinkJava/1.8
11-02 18:33:40.934 D/HTTPMUSocket( 2428): Cache-Control: max-age=1800
11-02 18:33:40.934 D/HTTPMUSocket( 2428): Location: http://192.168.0.101:38520/description.xml
11-02 18:33:40.934 D/HTTPMUSocket( 2428): NTS: ssdp:alive
11-02 18:33:40.934 D/HTTPMUSocket( 2428): NT: upnp:rootdevice
11-02 18:33:40.934 D/HTTPMUSocket( 2428): USN: uuid:418c7b66-86de-45d5-90fd-13e1eb88db7e::upnp:rootdevice
11-02 18:33:40.934 D/HTTPMUSocket( 2428): HOST: 239.255.255.250:1900
11-02 18:33:40.934 D/HTTPMUSocket( 2428): 
11-02 18:33:40.934 D/HTTPMUSocket( 2428): bindAddr:null and port:-1
11-02 18:33:40.935 D/HTTPMUSocket( 2428): /192.168.0.101
11-02 18:33:40.936 D/HTTPMUSocket( 2428): send msg:NOTIFY * HTTP/1.1
11-02 18:33:40.936 D/HTTPMUSocket( 2428): Server: Linux/3.18.24_hi3798mv2x UPnP/1.0 CyberLinkJava/1.8
11-02 18:33:40.936 D/HTTPMUSocket( 2428): Cache-Control: max-age=1800
11-02 18:33:40.936 D/HTTPMUSocket( 2428): Location: http://192.168.0.101:38520/description.xml
11-02 18:33:40.936 D/HTTPMUSocket( 2428): NTS: ssdp:alive
11-02 18:33:40.936 D/HTTPMUSocket( 2428): NT: uuid:418c7b66-86de-45d5-90fd-13e1eb88db7e
11-02 18:33:40.936 D/HTTPMUSocket( 2428): USN: uuid:418c7b66-86de-45d5-90fd-13e1eb88db7e
11-02 18:33:40.936 D/HTTPMUSocket( 2428): HOST: 239.255.255.250:1900
11-02 18:33:40.936 D/HTTPMUSocket( 2428): 
11-02 18:33:40.936 D/HTTPMUSocket( 2428): bindAddr:null and port:-1
11-02 18:33:40.936 D/HTTPMUSocket( 2428): /192.168.0.101
11-02 18:33:40.937 D/HTTPMUSocket( 2428): send msg:NOTIFY * HTTP/1.1
11-02 18:33:40.937 D/HTTPMUSocket( 2428): Server: Linux/3.18.24_hi3798mv2x UPnP/1.0 CyberLinkJava/1.8
11-02 18:33:40.937 D/HTTPMUSocket( 2428): Cache-Control: max-age=1800
11-02 18:33:40.937 D/HTTPMUSocket( 2428): Location: http://192.168.0.101:38520/description.xml
11-02 18:33:40.937 D/HTTPMUSocket( 2428): NTS: ssdp:alive
11-02 18:33:40.937 D/HTTPMUSocket( 2428): NT: urn:schemas-upnp-org:device:MediaServer:1
11-02 18:33:40.937 D/HTTPMUSocket( 2428): USN: uuid:418c7b66-86de-45d5-90fd-13e1eb88db7e::urn:schemas-upnp-org:device:MediaServer:1
11-02 18:33:40.937 D/HTTPMUSocket( 2428): HOST: 239.255.255.250:1900
11-02 18:33:40.937 D/HTTPMUSocket( 2428): 
11-02 18:33:40.937 D/HTTPMUSocket( 2428): bindAddr:null and port:-1
11-02 18:33:40.938 D/HTTPMUSocket( 2428): /192.168.0.101
11-02 18:33:40.938 D/Device  ( 2428): announce bindAddr=192.168.0.101,devLocation=http://192.168.0.101:38520/description.xml,location=http://192.168.0.101:38520/description.xml
11-02 18:33:40.938 D/Device  ( 2428): announce bindAddr=192.168.0.101,serviceDesUrl=
11-02 18:33:40.939 D/HTTPMUSocket( 2428): open addr=239.255.255.250,port=1900,bindAddr=192.168.0.101
11-02 18:33:40.943 D/TimerUtil( 2428): waitRandom time=300,waitTime=73
11-02 18:33:40.944 D/HTTPMUSocket( 2428): send msg:NOTIFY * HTTP/1.1
11-02 18:33:40.944 D/HTTPMUSocket( 2428): Server: Linux/3.18.24_hi3798mv2x UPnP/1.0 CyberLinkJava/1.8
11-02 18:33:40.944 D/HTTPMUSocket( 2428): Cache-Control: max-age=1800
11-02 18:33:40.944 D/HTTPMUSocket( 2428): Location: http://192.168.0.101:38520/description.xml
11-02 18:33:40.944 D/HTTPMUSocket( 2428): NTS: ssdp:alive
11-02 18:33:40.944 D/HTTPMUSocket( 2428): NT: urn:schemas-upnp-org:service:ContentDirectory:1
11-02 18:33:40.944 D/HTTPMUSocket( 2428): USN: uuid:418c7b66-86de-45d5-90fd-13e1eb88db7e::urn:schemas-upnp-org:service:ContentDirectory:1
11-02 18:33:40.944 D/HTTPMUSocket( 2428): HOST: 239.255.255.250:1900
11-02 18:33:40.944 D/HTTPMUSocket( 2428): 
11-02 18:33:40.944 D/HTTPMUSocket( 2428): bindAddr:null and port:-1
11-02 18:33:40.944 D/HTTPMUSocket( 2428): /192.168.0.101
11-02 18:33:40.945 D/Device  ( 2428): announce bindAddr=192.168.0.101,serviceDesUrl=
11-02 18:33:40.945 D/HTTPMUSocket( 2428): open addr=239.255.255.250,port=1900,bindAddr=192.168.0.101
11-02 18:33:40.949 D/TimerUtil( 2428): waitRandom time=300,waitTime=226
11-02 18:33:40.950 D/HTTPMUSocket( 2428): send msg:NOTIFY * HTTP/1.1
11-02 18:33:40.950 D/HTTPMUSocket( 2428): Server: Linux/3.18.24_hi3798mv2x UPnP/1.0 CyberLinkJava/1.8
11-02 18:33:40.950 D/HTTPMUSocket( 2428): Cache-Control: max-age=1800
11-02 18:33:40.950 D/HTTPMUSocket( 2428): Location: http://192.168.0.101:38520/description.xml
11-02 18:33:40.950 D/HTTPMUSocket( 2428): NTS: ssdp:alive
11-02 18:33:40.950 D/HTTPMUSocket( 2428): NT: urn:schemas-upnp-org:service:ConnectionManager:1
11-02 18:33:40.950 D/HTTPMUSocket( 2428): USN: uuid:418c7b66-86de-45d5-90fd-13e1eb88db7e::urn:schemas-upnp-org:service:ConnectionManager:1
11-02 18:33:40.950 D/HTTPMUSocket( 2428): HOST: 239.255.255.250:1900
11-02 18:33:40.950 D/HTTPMUSocket( 2428): 
11-02 18:33:40.950 D/HTTPMUSocket( 2428): bindAddr:null and port:-1
11-02 18:33:40.950 D/HTTPMUSocket( 2428): /192.168.0.101
11-02 18:33:40.951 D/Device  ( 2428): announce bindAddr=192.168.0.101,serviceDesUrl=
11-02 18:33:40.952 D/HTTPMUSocket( 2428): open addr=239.255.255.250,port=1900,bindAddr=192.168.0.101
11-02 18:33:40.956 D/TimerUtil( 2428): waitRandom time=300,waitTime=58
11-02 18:33:40.956 D/HTTPMUSocket( 2428): send msg:NOTIFY * HTTP/1.1
11-02 18:33:40.956 D/HTTPMUSocket( 2428): Server: Linux/3.18.24_hi3798mv2x UPnP/1.0 CyberLinkJava/1.8
11-02 18:33:40.956 D/HTTPMUSocket( 2428): Cache-Control: max-age=1800
11-02 18:33:40.956 D/HTTPMUSocket( 2428): Location: http://192.168.0.101:38520/description.xml
11-02 18:33:40.956 D/HTTPMUSocket( 2428): NTS: ssdp:alive
11-02 18:33:40.956 D/HTTPMUSocket( 2428): NT: urn:schemas-upnp-org:service:AVTransport:1
11-02 18:33:40.956 D/HTTPMUSocket( 2428): USN: uuid:418c7b66-86de-45d5-90fd-13e1eb88db7e::urn:schemas-upnp-org:service:AVTransport:1
11-02 18:33:40.956 D/HTTPMUSocket( 2428): HOST: 239.255.255.250:1900
11-02 18:33:40.956 D/HTTPMUSocket( 2428): 
11-02 18:33:40.956 D/HTTPMUSocket( 2428): bindAddr:null and port:-1
11-02 18:33:40.957 D/HTTPMUSocket( 2428): /192.168.0.101
11-02 18:33:40.957 D/Device  ( 2428): announce bindAddr=192.168.0.101,serviceDesUrl=
11-02 18:33:40.958 D/HTTPMUSocket( 2428): open addr=239.255.255.250,port=1900,bindAddr=192.168.0.101
11-02 18:33:40.962 D/TimerUtil( 2428): waitRandom time=300,waitTime=23
11-02 18:33:40.962 D/HTTPMUSocket( 2428): send msg:NOTIFY * HTTP/1.1
11-02 18:33:40.962 D/HTTPMUSocket( 2428): Server: Linux/3.18.24_hi3798mv2x UPnP/1.0 CyberLinkJava/1.8
11-02 18:33:40.962 D/HTTPMUSocket( 2428): Cache-Control: max-age=1800
11-02 18:33:40.962 D/HTTPMUSocket( 2428): Location: http://192.168.0.101:38520/description.xml
11-02 18:33:40.962 D/HTTPMUSocket( 2428): NTS: ssdp:alive
11-02 18:33:40.962 D/HTTPMUSocket( 2428): NT: urn:sumavision.com:service:X_SUMA_EVENT:1
11-02 18:33:40.962 D/HTTPMUSocket( 2428): USN: uuid:418c7b66-86de-45d5-90fd-13e1eb88db7e::urn:sumavision.com:service:X_SUMA_EVENT:1
11-02 18:33:40.962 D/HTTPMUSocket( 2428): HOST: 239.255.255.250:1900
11-02 18:33:40.962 D/HTTPMUSocket( 2428): 
11-02 18:33:40.962 D/HTTPMUSocket( 2428): bindAddr:null and port:-1
11-02 18:33:40.963 D/HTTPMUSocket( 2428): /192.168.0.101
11-02 18:33:40.964 D/Advertiser( 2428): Advertise12:31000 at time:1509618820964 with thread:org.cybergarage.d.b.a@15f10bb4
11-02 18:33:41.064 D/BackBootDealerNeimeng( 2367): standbyState:
11-02 18:33:41.065 E/NetUtils( 2021): Interface eth0 LinkDown!
11-02 18:33:41.225 D/BasicFigure( 2489): [TN_GLThread 73]isDrawFocused relyElement=[BaseElement@1961e652]focusScale[1.15]elementAlpha[-1.0]refectAlpha[-1.0]isFocusAble[true]shadowIndex[-1]autoJumpType[-1]uniqueID[54resSize0]rect[NULL]
11-02 18:33:41.225 D/BasicFigure( 2489): [TN_GLThread 73]isDrawFocused basicFigure=com.suma.midware.view.b.c.c@18483d23
11-02 18:33:41.565 D/BackBootDealerNeimeng( 2367): standbyState:
11-02 18:33:41.567 E/NetUtils( 2021): Interface eth0 LinkDown!
11-02 18:33:42.067 D/BackBootDealerNeimeng( 2367): standbyState:
11-02 18:33:42.068 E/NetUtils( 2021): Interface eth0 LinkDown!
11-02 18:33:42.244 D/BasicFigure( 2489): [TN_GLThread 73]isDrawFocused relyElement=[BaseElement@1961e652]focusScale[1.15]elementAlpha[-1.0]refectAlpha[-1.0]isFocusAble[true]shadowIndex[-1]autoJumpType[-1]uniqueID[54resSize0]rect[NULL]
11-02 18:33:42.245 D/BasicFigure( 2489): [TN_GLThread 73]isDrawFocused basicFigure=com.suma.midware.view.b.c.c@18483d23
11-02 18:33:42.518 E/NetUtils( 2021): Interface eth0 LinkDown!
11-02 18:33:42.520 D/SetService( 2735): ispppoeOpen:false:reConnectCount:0
11-02 18:33:42.568 D/BackBootDealerNeimeng( 2367): standbyState:
11-02 18:33:42.569 E/NetUtils( 2021): Interface eth0 LinkDown!
11-02 18:33:43.069 D/BackBootDealerNeimeng( 2367): standbyState:
11-02 18:33:43.070 E/NetUtils( 2021): Interface eth0 LinkDown!
11-02 18:33:43.094 D/AppUtil ( 2367): [TN_ThreadUtil-3]getActivityPkg index=0,comp=ComponentInfo{com.suma.midware.home/com.suma.midware.home.third.Main3DActivity}
11-02 18:33:43.094 D/AppKiller( 2367): [TN_ThreadUtil-3]backKill curPkgName=com.suma.midware.home
11-02 18:33:43.252 D/BasicFigure( 2489): [TN_GLThread 73]isDrawFocused relyElement=[BaseElement@1961e652]focusScale[1.15]elementAlpha[-1.0]refectAlpha[-1.0]isFocusAble[true]shadowIndex[-1]autoJumpType[-1]uniqueID[54resSize0]rect[NULL]
11-02 18:33:43.252 D/BasicFigure( 2489): [TN_GLThread 73]isDrawFocused basicFigure=com.suma.midware.view.b.c.c@18483d23
11-02 18:33:43.571 D/BackBootDealerNeimeng( 2367): standbyState:
11-02 18:33:43.572 E/NetUtils( 2021): Interface eth0 LinkDown!
11-02 18:33:44.073 D/BackBootDealerNeimeng( 2367): standbyState:
11-02 18:33:44.073 E/NetUtils( 2021): Interface eth0 LinkDown!
11-02 18:33:44.154 V/SUMA    ( 1580): [VOD EXT]_DBUG:onewave_auth(1656) 
11-02 18:33:44.155 V/SUMA    ( 1580): enter onewave_auth 
11-02 18:33:44.155 V/SUMA    ( 1580): [VOD EXT]_DBUG:onewave_auth_req1st(1163) 
11-02 18:33:44.155 V/SUMA    ( 1580): enter onewave_auth_req1st 
11-02 18:33:44.271 D/BasicFigure( 2489): [TN_GLThread 73]isDrawFocused relyElement=[BaseElement@1961e652]focusScale[1.15]elementAlpha[-1.0]refectAlpha[-1.0]isFocusAble[true]shadowIndex[-1]autoJumpType[-1]uniqueID[54resSize0]rect[NULL]
11-02 18:33:44.271 D/BasicFigure( 2489): [TN_GLThread 73]isDrawFocused basicFigure=com.suma.midware.view.b.c.c@18483d23
11-02 18:33:44.574 D/BackBootDealerNeimeng( 2367): standbyState:
11-02 18:33:44.574 E/NetUtils( 2021): Interface eth0 LinkDown!
11-02 18:33:45.075 D/BackBootDealerNeimeng( 2367): standbyState:
11-02 18:33:45.076 E/NetUtils( 2021): Interface eth0 LinkDown!
11-02 18:33:45.290 D/BasicFigure( 2489): [TN_GLThread 73]isDrawFocused relyElement=[BaseElement@1961e652]focusScale[1.15]elementAlpha[-1.0]refectAlpha[-1.0]isFocusAble[true]shadowIndex[-1]autoJumpType[-1]uniqueID[54resSize0]rect[NULL]
11-02 18:33:45.291 D/BasicFigure( 2489): [TN_GLThread 73]isDrawFocused basicFigure=com.suma.midware.view.b.c.c@18483d23
11-02 18:33:45.576 D/BackBootDealerNeimeng( 2367): standbyState:
11-02 18:33:45.577 E/NetUtils( 2021): Interface eth0 LinkDown!
11-02 18:33:46.078 D/BackBootDealerNeimeng( 2367): standbyState:
11-02 18:33:46.078 E/NetUtils( 2021): Interface eth0 LinkDown!
11-02 18:33:46.298 D/BasicFigure( 2489): [TN_GLThread 73]isDrawFocused relyElement=[BaseElement@1961e652]focusScale[1.15]elementAlpha[-1.0]refectAlpha[-1.0]isFocusAble[true]shadowIndex[-1]autoJumpType[-1]uniqueID[54resSize0]rect[NULL]
11-02 18:33:46.298 D/BasicFigure( 2489): [TN_GLThread 73]isDrawFocused basicFigure=com.suma.midware.view.b.c.c@18483d23
11-02 18:33:46.579 D/BackBootDealerNeimeng( 2367): standbyState:
11-02 18:33:46.580 E/NetUtils( 2021): Interface eth0 LinkDown!
11-02 18:33:47.080 D/BackBootDealerNeimeng( 2367): standbyState:
11-02 18:33:47.081 E/NetUtils( 2021): Interface eth0 LinkDown!
11-02 18:33:47.317 D/BasicFigure( 2489): [TN_GLThread 73]isDrawFocused relyElement=[BaseElement@1961e652]focusScale[1.15]elementAlpha[-1.0]refectAlpha[-1.0]isFocusAble[true]shadowIndex[-1]autoJumpType[-1]uniqueID[54resSize0]rect[NULL]
11-02 18:33:47.317 D/BasicFigure( 2489): [TN_GLThread 73]isDrawFocused basicFigure=com.suma.midware.view.b.c.c@18483d23
11-02 18:33:47.581 D/BackBootDealerNeimeng( 2367): standbyState:
11-02 18:33:47.582 E/NetUtils( 2021): Interface eth0 LinkDown!
11-02 18:33:48.083 D/BackBootDealerNeimeng( 2367): standbyState:
11-02 18:33:48.083 E/NetUtils( 2021): Interface eth0 LinkDown!
11-02 18:33:48.336 D/BasicFigure( 2489): [TN_GLThread 73]isDrawFocused relyElement=[BaseElement@1961e652]focusScale[1.15]elementAlpha[-1.0]refectAlpha[-1.0]isFocusAble[true]shadowIndex[-1]autoJumpType[-1]uniqueID[54resSize0]rect[NULL]
11-02 18:33:48.336 D/BasicFigure( 2489): [TN_GLThread 73]isDrawFocused basicFigure=com.suma.midware.view.b.c.c@18483d23
11-02 18:33:48.584 D/BackBootDealerNeimeng( 2367): standbyState:
11-02 18:33:48.584 E/NetUtils( 2021): Interface eth0 LinkDown!
11-02 18:33:49.082 D/ConfigUpdateOttAdmin( 2489): [TN_ThreadUtil-0]dealUpdateCheck menuConfig=[MenuConfig@f5d]configID[3840]configAlias[homeConfig]configName[home_config.dat]version[1]isFilePath1[false]rootView[com.suma.midware.home.third.h{3a33c32f VFE..... .F...... 0,0-1280,720}]rootLayout[null]
11-02 18:33:49.082 D/FileIOUtil( 2489): [TN_ThreadUtil-0]deleteFile filePath=/data/user/0/com.suma.midware.home/files/launcherRes/f00/1/,containRootDir=false
11-02 18:33:49.082 D/FileIOUtil( 2489): [TN_ThreadUtil-0]deleteFile file=/data/user/0/com.suma.midware.home/files/launcherRes/f00/1,containRootDir=false
11-02 18:33:49.083 E/ConfigUpdateNeimengOttAdmin( 2489): [TN_ThreadUtil-0]checkConfig url=http://tvos-launcher.96066.com:8082/LancherWeb/getLauncherUpdatePackage?areaCode=&serialNumber=15510217310112851&standardVersion=1.0&mac=&hardVersion=04.01.01.02&launcherVersion=0&locationCode=0&cardOutID=8150010653229443&softVersion=03.16.00.03&type=1&model=8
11-02 18:33:49.084 D/LoadHttpHandler( 2489): [TN_ThreadUtil-0]doNormal proxyConfig=null
11-02 18:33:49.086 D/BackBootDealerNeimeng( 2367): standbyState:
11-02 18:33:49.087 E/NetUtils( 2021): Interface eth0 LinkDown!
11-02 18:33:49.343 D/BasicFigure( 2489): [TN_GLThread 73]isDrawFocused relyElement=[BaseElement@1961e652]focusScale[1.15]elementAlpha[-1.0]refectAlpha[-1.0]isFocusAble[true]shadowIndex[-1]autoJumpType[-1]uniqueID[54resSize0]rect[NULL]
11-02 18:33:49.344 D/BasicFigure( 2489): [TN_GLThread 73]isDrawFocused basicFigure=com.suma.midware.view.b.c.c@18483d23
11-02 18:33:49.466 D/LoadHttpHandler( 2489): [TN_ThreadUtil-0]doNormal responseCode=200
11-02 18:33:49.466 D/LoadHttpHandler( 2489): [TN_ThreadUtil-0]doNormal savePath=null,fileName=null,total=-1
11-02 18:33:49.467 E/ConfigUpdateNeimengOttAdmin( 2489): [TN_ThreadUtil-0]data: {"status":"0","errorMes