11-02 18:32:28.883 D/BackBootDealerNeimeng( 2367): standbyState:
11-02 18:32:28.884 E/NetUtils( 2021): Interface eth0 LinkDown!
11-02 18:32:28.997 D/BasicFigure( 2489): [TN_GLThread 73]isDrawFocused relyElement=[BaseElement@1961e652]focusScale[1.15]elementAlpha[-1.0]refectAlpha[-1.0]isFocusAble[true]shadowIndex[-1]autoJumpType[-1]uniqueID[54resSize0]rect[NULL]
11-02 18:32:28.998 D/BasicFigure( 2489): [TN_GLThread 73]isDrawFocused basicFigure=com.suma.midware.view.b.c.c@18483d23
11-02 18:32:29.384 D/BackBootDealerNeimeng( 2367): standbyState:
11-02 18:32:29.385 E/NetUtils( 2021): Interface eth0 LinkDown!
11-02 18:32:29.886 D/BackBootDealerNeimeng( 2367): standbyState:
11-02 18:32:29.886 E/NetUtils( 2021): Interface eth0 LinkDown!
11-02 18:32:30.017 D/BasicFigure( 2489): [TN_GLThread 73]isDrawFocused relyElement=[BaseElement@1961e652]focusScale[1.15]elementAlpha[-1.0]refectAlpha[-1.0]isFocusAble[true]shadowIndex[-1]autoJumpType[-1]uniqueID[54resSize0]rect[NULL]
11-02 18:32:30.017 D/BasicFigure( 2489): [TN_GLThread 73]isDrawFocused basicFigure=com.suma.midware.view.b.c.c@18483d23
11-02 18:32:30.387 D/BackBootDealerNeimeng( 2367): standbyState:
11-02 18:32:30.387 E/NetUtils( 2021): Interface eth0 LinkDown!
11-02 18:32:30.887 D/BackBootDealerNeimeng( 2367): standbyState:
11-02 18:32:30.888 E/NetUtils( 2021): Interface eth0 LinkDown!
11-02 18:32:31.037 D/BasicFigure( 2489): [TN_GLThread 73]isDrawFocused relyElement=[BaseElement@1961e652]focusScale[1.15]elementAlpha[-1.0]refectAlpha[-1.0]isFocusAble[true]shadowIndex[-1]autoJumpType[-1]uniqueID[54resSize0]rect[NULL]
11-02 18:32:31.037 D/BasicFigure( 2489): [TN_GLThread 73]isDrawFocused basicFigure=com.suma.midware.view.b.c.c@18483d23
11-02 18:32:31.389 D/BackBootDealerNeimeng( 2367): standbyState:
11-02 18:32:31.390 E/NetUtils( 2021): Interface eth0 LinkDown!
11-02 18:32:31.890 D/BackBootDealerNeimeng( 2367): standbyState:
11-02 18:32:31.891 E/NetUtils( 2021): Interface eth0 LinkDown!
11-02 18:32:32.056 D/BasicFigure( 2489): [TN_GLThread 73]isDrawFocused relyElement=[BaseElement@1961e652]focusScale[1.15]elementAlpha[-1.0]refectAlpha[-1.0]isFocusAble[true]shadowIndex[-1]autoJumpType[-1]uniqueID[54resSize0]rect[NULL]
11-02 18:32:32.057 D/BasicFigure( 2489): [TN_GLThread 73]isDrawFocused basicFigure=com.suma.midware.view.b.c.c@18483d23
11-02 18:32:32.392 D/BackBootDealerNeimeng( 2367): standbyState:
11-02 18:32:32.392 E/NetUtils( 2021): Interface eth0 LinkDown!
11-02 18:32:32.893 D/BackBootDealerNeimeng( 2367): standbyState:
11-02 18:32:32.894 E/NetUtils( 2021): Interface eth0 LinkDown!
11-02 18:32:33.076 D/BasicFigure( 2489): [TN_GLThread 73]isDrawFocused relyElement=[BaseElement@1961e652]focusScale[1.15]elementAlpha[-1.0]refectAlpha[-1.0]isFocusAble[true]shadowIndex[-1]autoJumpType[-1]uniqueID[54resSize0]rect[NULL]
11-02 18:32:33.076 D/BasicFigure( 2489): [TN_GLThread 73]isDrawFocused basicFigure=com.suma.midware.view.b.c.c@18483d23
11-02 18:32:33.394 D/BackBootDealerNeimeng( 2367): standbyState:
11-02 18:32:33.395 E/NetUtils( 2021): Interface eth0 LinkDown!
11-02 18:32:33.896 D/BackBootDealerNeimeng( 2367): standbyState:
11-02 18:32:33.896 E/NetUtils( 2021): Interface eth0 LinkDown!
11-02 18:32:34.095 D/BasicFigure( 2489): [TN_GLThread 73]isDrawFocused relyElement=[BaseElement@1961e652]focusScale[1.15]elementAlpha[-1.0]refectAlpha[-1.0]isFocusAble[true]shadowIndex[-1]autoJumpType[-1]uniqueID[54resSize0]rect[NULL]
11-02 18:32:34.096 D/BasicFigure( 2489): [TN_GLThread 73]isDrawFocused basicFigure=com.suma.midware.view.b.c.c@18483d23
11-02 18:32:34.397 D/BackBootDealerNeimeng( 2367): standbyState:
11-02 18:32:34.398 E/NetUtils( 2021): Interface eth0 LinkDown!
11-02 18:32:34.898 D/BackBootDealerNeimeng( 2367): standbyState:
11-02 18:32:34.899 E/NetUtils( 2021): Interface eth0 LinkDown!
11-02 18:32:35.115 D/BasicFigure( 2489): [TN_GLThread 73]isDrawFocused relyElement=[BaseElement@1961e652]focusScale[1.15]elementAlpha[-1.0]refectAlpha[-1.0]isFocusAble[true]shadowIndex[-1]autoJumpType[-1]uniqueID[54resSize0]rect[NULL]
11-02 18:32:35.115 D/BasicFigure( 2489): [TN_GLThread 73]isDrawFocused basicFigure=com.suma.midware.view.b.c.c@18483d23
11-02 18:32:35.399 D/BackBootDealerNeimeng( 2367): standbyState:
11-02 18:32:35.400 E/NetUtils( 2021): Interface eth0 LinkDown!
11-02 18:32:35.634 E/WifiStateMachine( 2021): WifiStateMachine CMD_START_SCAN source -2 txSuccessRate=1.56 rxSuccessRate=4.24 targetRoamBSSID=any RSSI=-36
11-02 18:32:35.635 E/WifiStateMachine( 2021): WifiStateMachine starting scan for "ipanel"WPA_PSK with 2467
11-02 18:32:35.901 D/BackBootDealerNeimeng( 2367): standbyState:
11-02 18:32:35.902 E/NetUtils( 2021): Interface eth0 LinkDown!
11-02 18:32:36.135 D/BasicFigure( 2489): [TN_GLThread 73]isDrawFocused relyElement=[BaseElement@1961e652]focusScale[1.15]elementAlpha[-1.0]refectAlpha[-1.0]isFocusAble[true]shadowIndex[-1]autoJumpType[-1]uniqueID[54resSize0]rect[NULL]
11-02 18:32:36.135 D/BasicFigure( 2489): [TN_GLThread 73]isDrawFocused basicFigure=com.suma.midware.view.b.c.c@18483d23
11-02 18:32:36.366 I/EthernetNetworkFactory( 2021): updateInterfaceState :the mIface is:eth0iface is wlan0 true
11-02 18:32:36.374 E/WifiAutoJoinController ( 2021): GDWL 86:79:73:27:8c:19 rssi=-43 cap [WPA-PSK-CCMP][WPA2-PSK-CCMP][ESS] is not scored
11-02 18:32:36.374 E/WifiAutoJoinController ( 2021): ipanel e4:f3:f5:aa:ad:88 rssi=-36 cap [WPA-PSK-CCMP][WPA2-PSK-CCMP][ESS] is not scored
11-02 18:32:36.375 E/WifiAutoJoinController ( 2021):  84:79:73:27:8c:19 rssi=-30 cap [WEP][ESS] is not scored
11-02 18:32:36.375 E/WifiAutoJoinController ( 2021): MERCURY_EDE4 e4:f3:f5:6a:ed:e4 rssi=-44 cap [ESS] is not scored
11-02 18:32:36.375 E/WifiAutoJoinController ( 2021): Office_Net e4:f3:f5:a4:00:c0 rssi=-68 cap [WPA-PSK-CCMP][WPA2-PSK-CCMP][ESS] is not scored
11-02 18:32:36.376 E/WifiAutoJoinController ( 2021): ageScanResultsOut delay 40000 size 29 now 1509618756376
11-02 18:32:36.376 E/WifiAutoJoinController ( 2021): newSupplicantResults size=28 known=1 true
11-02 18:32:36.377 E/WifiAutoJoinController ( 2021): attemptAutoJoin() status=bssid=e4:f3:f5:aa:ad:88
11-02 18:32:36.377 E/WifiAutoJoinController ( 2021): freq=2467
11-02 18:32:36.377 E/WifiAutoJoinController ( 2021): ssid=ipanel
11-02 18:32:36.377 E/WifiAutoJoinController ( 2021): id=1
11-02 18:32:36.377 E/WifiAutoJoinController ( 2021): mode=station
11-02 18:32:36.377 E/WifiAutoJoinController ( 2021): pairwise_cipher=CCMP
11-02 18:32:36.377 E/WifiAutoJoinController ( 2021): group_cipher=CCMP
11-02 18:32:36.377 E/WifiAutoJoinController ( 2021): key_mgmt=WPA2-PSK
11-02 18:32:36.377 E/WifiAutoJoinController ( 2021): wpa_state=COMPLETED
11-02 18:32:36.377 E/WifiAutoJoinController ( 2021): ip_address=192.168.0.101
11-02 18:32:36.377 E/WifiAutoJoinController ( 2021): p2p_device_address=0e:62:a6:0c:0f:b2
11-02 18:32:36.377 E/WifiAutoJoinController ( 2021): address=0c:62:a6:0c:0f:b2
11-02 18:32:36.377 E/WifiAutoJoinController ( 2021): uuid=de43a986-3647-5398-876d-b6752834d7e7 split=13
11-02 18:32:36.377 E/WifiAutoJoinController ( 2021): attemptAutoJoin() num recent config 1 current="ipanel"WPA_PSK last="ipanel"WPA_PSK ---> suppNetId=1
11-02 18:32:36.377 E/WifiAutoJoinController ( 2021): attemptAutoJoin good candidate seen, bumped hard -> status=0 "ipanel"WPA_PSK rssi=(-36,-127) num=(1,0)
11-02 18:32:36.377 E/WifiAutoJoinController ( 2021): attemptAutoJoin skip current candidate  1 key "ipanel"WPA_PSK
11-02 18:32:36.377 E/WifiAutoJoinController ( 2021): attemptRoam: "ipanel"WPA_PSK Found e4:f3:f5:aa:ad:88 rssi=-36 freq=2467 Current: e4:f3:f5:aa:ad:88
11-02 18:32:36.378 E/WifiAutoJoinController ( 2021): Done attemptAutoJoin status=0
11-02 18:32:36.402 D/BackBootDealerNeimeng( 2367): standbyState:
11-02 18:32:36.403 E/NetUtils( 2021): Interface eth0 LinkDown!
11-02 18:32:36.903 D/BackBootDealerNeimeng( 2367): standbyState:
11-02 18:32:36.904 E/NetUtils( 2021): Interface eth0 LinkDown!
11-02 18:32:37.154 D/BasicFigure( 2489): [TN_GLThread 73]isDrawFocused relyElement=[BaseElement@1961e652]focusScale[1.15]elementAlpha[-1.0]refectAlpha[-1.0]isFocusAble[true]shadowIndex[-1]autoJumpType[-1]uniqueID[54resSize0]rect[NULL]
11-02 18:32:37.154 D/BasicFigure( 2489): [TN_GLThread 73]isDrawFocused basicFigure=com.suma.midware.view.b.c.c@18483d23
11-02 18:32:37.405 D/BackBootDealerNeimeng( 2367): standbyState:
11-02 18:32:37.406 E/NetUtils( 2021): Interface eth0 LinkDown!
11-02 18:32:37.906 D/BackBootDealerNeimeng( 2367): standbyState:
11-02 18:32:37.907 E/NetUtils( 2021): Interface eth0 LinkDown!
11-02 18:32:38.174 D/BasicFigure( 2489): [TN_GLThread 73]isDrawFocused relyElement=[BaseElement@1961e652]focusScale[1.15]elementAlpha[-1.0]refectAlpha[-1.0]isFocusAble[true]shadowIndex[-1]autoJumpType[-1]uniqueID[54resSize0]rect[NULL]
11-02 18:32:38.174 D/BasicFigure( 2489): [TN_GLThread 73]isDrawFocused basicFigure=com.suma.midware.view.b.c.c@18483d23
11-02 18:32:38.407 D/BackBootDealerNeimeng( 2367): standbyState:
11-02 18:32:38.408 E/NetUtils( 2021): Interface eth0 LinkDown!
11-02 18:32:38.908 D/BackBootDealerNeimeng( 2367): standbyState:
11-02 18:32:38.909 E/NetUtils( 2021): Interface eth0 LinkDown!
11-02 18:32:39.193 D/BasicFigure( 2489): [TN_GLThread 73]isDrawFocused relyElement=[BaseElement@1961e652]focusScale[1.15]elementAlpha[-1.0]refectAlpha[-1.0]isFocusAble[true]shadowIndex[-1]autoJumpType[-1]uniqueID[54resSize0]rect[NULL]
11-02 18:32:39.193 D/BasicFigure( 2489): [TN_GLThread 73]isDrawFocused basicFigure=com.suma.midware.view.b.c.c@18483d23
11-02 18:32:39.410 D/BackBootDealerNeimeng( 2367): standbyState:
11-02 18:32:39.411 E/NetUtils( 2021): Interface eth0 LinkDown!
11-02 18:32:39.911 D/BackBootDealerNeimeng( 2367): standbyState:
11-02 18:32:39.912 E/NetUtils( 2021): Interface eth0 LinkDown!
11-02 18:32:40.214 D/BasicFigure( 2489): [TN_GLThread 73]isDrawFocused relyElement=[BaseElement@1961e652]focusScale[1.15]elementAlpha[-1.0]refectAlpha[-1.0]isFocusAble[true]shadowIndex[-1]autoJumpType[-1]uniqueID[54resSize0]rect[NULL]
11-02 18:32:40.214 D/BasicFigure( 2489): [TN_GLThread 73]isDrawFocused basicFigure=com.suma.midware.view.b.c.c@18483d23
11-02 18:32:40.412 D/BackBootDealerNeimeng( 2367): standbyState:
11-02 18:32:40.413 E/NetUtils( 2021): Interface eth0 LinkDown!
11-02 18:32:40.913 D/BackBootDealerNeimeng( 2367): standbyState:
11-02 18:32:40.914 E/NetUtils( 2021): Interface eth0 LinkDown!
11-02 18:32:41.234 D/BasicFigure( 2489): [TN_GLThread 73]isDrawFocused relyElement=[BaseElement@1961e652]focusScale[1.15]elementAlpha[-1.0]refectAlpha[-1.0]isFocusAble[true]shadowIndex[-1]autoJumpType[-1]uniqueID[54resSize0]rect[NULL]
11-02 18:32:41.234 D/BasicFigure( 2489): [TN_GLThread 73]isDrawFocused basicFigure=com.suma.midware.view.b.c.c@18483d23
11-02 18:32:41.415 D/BackBootDealerNeimeng( 2367): standbyState:
11-02 18:32:41.416 E/NetUtils( 2021): Interface eth0 LinkDown!
11-02 18:32:41.554 D/IPLoaderNeimeng( 2367): after wait time18:32:41:monitorInterval:5000
11-02 18:32:41.554 D/IPLoaderNeimeng( 2367): before dealUpdateCheck time:18:32:41:isMsgBroadcast:false:monitorInterval:5000:processState:1
11-02 18:32:41.554 D/IPLoaderNeimeng( 2367): dealUpdateCheck isFirstSuccessUpdate:false:monitorInterval:5000
11-02 18:32:41.555 D/LoadHttpHandler( 2367): [TN_ThreadUtil-6]doNormal proxyConfig=null
11-02 18:32:41.594 D/LoadHttpHandler( 2367): [TN_ThreadUtil-6]doNormal responseCode=404
11-02 18:32:41.595 D/LoadHttpTask( 2367): dealUpdateCheck responseCode:404:data:null:downloadResult:false
11-02 18:32:41.595 D/IPLoaderNeimeng( 2367): after dealUpdateCheck time:18:32:41:isMsgBroadcast:false:monitorInterval:5000:processState:1
11-02 18:32:41.595 D/IPLoaderNeimeng( 2367): before wait time18:32:41:monitorInterval:5000
11-02 18:32:41.916 D/BackBootDealerNeimeng( 2367): standbyState:
11-02 18:32:41.917 E/NetUtils( 2021): Interface eth0 LinkDown!
11-02 18:32:42.253 D/BasicFigure( 2489): [TN_GLThread 73]isDrawFocused relyElement=[BaseElement@1961e652]focusScale[1.15]elementAlpha[-1.0]refectAlpha[-1.0]isFocusAble[true]shadowIndex[-1]autoJumpType[-1]uniqueID[54resSize0]rect[NULL]
11-02 18:32:42.253 D/BasicFigure( 2489): [TN_GLThread 73]isDrawFocused basicFigure=com.suma.midware.view.b.c.c@18483d23
11-02 18:32:42.417 D/BackBootDealerNeimeng( 2367): standbyState:
11-02 18:32:42.418 E/NetUtils( 2021): Interface eth0 LinkDown!
11-02 18:32:42.515 E/NetUtils( 2021): Interface eth0 LinkDown!
11-02 18:32:42.517 D/SetService( 2735): ispppoeOpen:false:reConnectCount:0
11-02 18:32:42.919 D/BackBootDealerNeimeng( 2367): standbyState:
11-02 18:32:42.920 E/NetUtils( 2021): Interface eth0 LinkDown!
11-02 18:32:43.048 D/AppUtil ( 2367): [TN_ThreadUtil-3]getActivityPkg index=0,comp=ComponentInfo{com.suma.midware.home/com.suma.midware.home.third.Main3DActivity}
11-02 18:32:43.048 D/AppKiller( 2367): [TN_ThreadUtil-3]backKill curPkgName=com.suma.midware.home
11-02 18:32:43.273 D/BasicFigure( 2489): [TN_GLThread 73]isDrawFocused relyElement=[BaseElement@1961e652]focusScale[1.15]elementAlpha[-1.0]refectAlpha[-1.0]isFocusAble[true]shadowIndex[-1]autoJumpType[-1]uniqueID[54resSize0]rect[NULL]
11-02 18:32:43.273 D/BasicFigure( 2489): [TN_GLThread 73]isDrawFocused basicFigure=com.suma.midware.view.b.c.c@18483d23
11-02 18:32:43.420 D/BackBootDealerNeimeng( 2367): standbyState:
11-02 18:32:43.421 E/NetUtils( 2021): Interface eth0 LinkDown!
11-02 18:32:43.922 D/BackBootDealerNeimeng( 2367): standbyState:
11-02 18:32:43.922 E/NetUtils( 2021): Interface eth0 LinkDown!
11-02 18:32:44.154 V/SUMA    ( 1580): [VOD EXT]_ERRO:onewave_auth_req1st(1180) 
11-02 18:32:44.154 V/SUMA    ( 1580): connect() failed, errno=10026 !
11-02 18:32:44.154 V/SUMA    ( 1580): [VOD EXT]_DBUG:onewave_auth_req1st(1290) 
11-02 18:32:44.154 V/SUMA    ( 1580): err,leave onewave_auth_req1st 
11-02 18:32:44.293 D/BasicFigure( 2489): [TN_GLThread 73]isDrawFocused relyElement=[BaseElement@1961e652]focusScale[1.15]elementAlpha[-1.0]refectAlpha[-1.0]isFocusAble[true]shadowIndex[-1]autoJumpType[-1]uniqueID[54resSize0]rect[NULL]
11-02 18:32:44.293 D/BasicFigure( 2489): [TN_GLThread 73]isDrawFocused basicFigure=com.suma.midware.view.b.c.c@18483d23
11-02 18:32:44.423 D/BackBootDealerNeimeng( 2367): standbyState:
11-02 18:32:44.424 E/NetUtils( 2021): Interface eth0 LinkDown!
11-02 18:32:44.924 D/BackBootDealerNeimeng( 2367): standbyState:
11-02 18:32:44.925 E/NetUtils( 2021): Interface eth0 LinkDown!
11-02 18:32:45.312 D/BasicFigure( 2489): [TN_GLThread 73]isDrawFocused relyElement=[BaseElement@1961e652]focusScale[1.15]elementAlpha[-1.0]refectAlpha[-1.0]isFocusAble[true]shadowIndex[-1]autoJumpType[-1]uniqueID[54resSize0]rect[NULL]
11-02 18:32:45.312 D/BasicFigure( 2489): [TN_GLThread 73]isDrawFocused basicFigure=com.suma.midware.view.b.c.c@18483d23
11-02 18:32:45.425 D/BackBootDealerNeimeng( 2367): standbyState:
11-02 18:32:45.426 E/NetUtils( 2021): Interface eth0 LinkDown!
11-02 18:32:45.805 D/ConfigUpdateOttAdmin( 2489): [TN_ThreadUtil-0]dealUpdateCheck menuConfig=[MenuConfig@f5d]configID[3840]configAlias[homeConfig]configName[home_config.dat]version[1]isFilePath1[false]rootView[com.suma.midware.home.third.h{3a33c32f VFE..... .F...... 0,0-1280,720}]rootLayout[null]
11-02 18:32:45.805 D/FileIOUtil( 2489): [TN_ThreadUtil-0]deleteFile filePath=/data/user/0/com.suma.midware.home/files/launcherRes/f00/1/,containRootDir=false
11-02 18:32:45.805 D/FileIOUtil( 2489): [TN_ThreadUtil-0]deleteFile file=/data/user/0/com.suma.midware.home/files/launcherRes/f00/1,containRootDir=false
11-02 18:32:45.805 E/ConfigUpdateNeimengOttAdmin( 2489): [TN_ThreadUtil-0]checkConfig url=http://tvos-launcher.96066.com:8082/LancherWeb/getLauncherUpdatePackage?areaCode=&serialNumber=15510217310112851&standardVersion=1.0&mac=&hardVersion=04.01.01.02&launcherVersion=0&locationCode=0&cardOutID=8150010653229443&softVersion=03.16.00.03&type=1&model=8
11-02 18:32:45.806 D/LoadHttpHandler( 2489): [TN_ThreadUtil-0]doNormal proxyConfig=null
11-02 18:32:45.927 D/BackBootDealerNeimeng( 2367): standbyState:
11-02 18:32:45.927 E/NetUtils( 2021): Interface eth0 LinkDown!
11-02 18:32:46.081 D/LoadHttpHandler( 2489): [TN_ThreadUtil-0]doNormal responseCode=200
11-02 18:32:46.081 D/LoadHttpHandler( 2489): [TN_ThreadUtil-0]doNormal savePath=null,fileName=null,total=-1
11-02 18:32:46.081 E/ConfigUpdateNeimengOttAdmin( 2489): [TN_ThreadUtil-0]data: {"status":"0","errorMessage":"","data":""}
11-02 18:32:46.082 E/ConfigUpdateNeimengOttAdmin( 2489): [TN_ThreadUtil-0]checkConfig illegal version is null
11-02 18:32:46.331 D/BasicFigure( 2489): [TN_GLThread 73]isDrawFocused relyElement=[BaseElement@1961e652]focusScale[1.15]elementAlpha[-1.0]refectAlpha[-1.0]isFocusAble[true]shadowIndex[-1]autoJumpType[-1]uniqueID[54resSize0]rect[NULL]
11-02 18:32:46.332 D/BasicFigure( 2489): [TN_GLThread 73]isDrawFocused basicFigure=com.suma.midware.view.b.c.c@18483d23
11-02 18:32:46.428 D/BackBootDealerNeimeng( 2367): standbyState:
11-02 18:32:46.428 E/NetUtils( 2021): Interface eth0 LinkDown!
11-02 18:32:46.929 D/BackBootDealerNeimeng( 2367): standbyState:
11-02 18:32:46.930 E/NetUtils( 2021): Interface eth0 LinkDown!
11-02 18:32:47.351 D/BasicFigure( 2489): [TN_GLThread 73]isDrawFocused relyElement=[BaseElement@1961e652]focusScale[1.15]elementAlpha[-1.0]refectAlpha[-1.0]isFocusAble[true]shadowIndex[-1]autoJumpType[-1]uniqueID[54resSize0]rect[NULL]
11-02 18:32:47.351 D/BasicFigure( 2489): [TN_GLThread 73]isDrawFocused basicFigure=com.suma.midware.view.b.c.c@18483d23
11-02 18:32:47.430 D/BackBootDealerNeimeng( 2367): standbyState:
11-02 18:32:47.431 E/NetUtils( 2021): Interface eth0 LinkDown!
11-02 18:32:47.932 D/BackBootDealerNeimeng( 2367): standbyState:
11-02 18:32:47.932 E/NetUtils( 2021): Interface eth0 LinkDown!
11-02 18:32:48.371 D/BasicFigure( 2489): [TN_GLThread 73]isDrawFocused relyElement=[BaseElement@1961e652]focusScale[1.15]elementAlpha[-1.0]refectAlpha[-1.0]isFocusAble[true]shadowIndex[-1]autoJumpType[-1]uniqueID[54resSize0]rect[NULL]
11-02 18:32:48.371 D/BasicFigure( 2489): [TN_GLThread 73]isDrawFocused basicFigure=com.suma.midware.view.b.c.c@18483d23
11-02 18:32:48.433 D/BackBootDealerNeimeng( 2367): standbyState:
11-02 18:32:48.434 E/NetUtils( 2021): Interface eth0 LinkDown!
11-02 18:32:48.934 D/BackBootDealerNeimeng( 2367): standbyState:
11-02 18:32:48.935 E/NetUtils( 2021): Interface eth0 LinkDown!
11-02 18:32:49.390 D/BasicFigure( 2489): [TN_GLThread 73]isDrawFocused relyElement=[BaseElement@1961e652]focusScale[1.15]elementAlpha[-1.0]refectAlpha[-1.0]isFocusAble[true]shadowIndex[-1]autoJumpType[-1]uniqueID[54resSize0]rect[NULL]
11-02 18:32:49.391 D/BasicFigure( 2489): [TN_GLThread 73]isDrawFocused basicFigure=com.suma.midware.view.b.c.c@18483d23
11-02 18:32:49.435 D/BackBootDealerNeimeng( 2367): standbyState:
11-02 18:32:49.436 E/NetUtils( 2021): Interface eth0 LinkDown!
11-02 18:32:49.937 D/BackBootDealerNeimeng( 2367): standbyState:
11-02 18:32:49.937 E/NetUtils( 2021): Interface eth0 LinkDown!
11-02 18:32:50.410 D/BasicFigure( 2489): [TN_GLThread 73]isDrawFocused relyElement=[BaseElement@1961e652]focusScale[1.15]elementAlpha[-1.0]refectAlpha[-1.0]isFocusAble[true]shadowIndex[-1]autoJumpType[-1]uniqueID[54resSize0]rect[NULL]
11-02 18:32:50.410 D/BasicFigure( 2489): [TN_GLThread 73]isDrawFocused basicFigure=com.suma.midware.view.b.c.c@18483d23
11-02 18:32:50.438 D/BackBootDealerNeimeng( 2367): standbyState:
11-02 18:32:50.438 E/NetUtils( 2021): Interface eth0 LinkDown!
11-02 18:32:50.939 D/BackBootDealerNeimeng( 2367): standbyState:
11-02 18:32:50.940 E/NetUtils( 2021): Interface eth0 LinkDown!
11-02 18:32:51.429 D/BasicFigure( 2489): [TN_GLThread 73]isDrawFocused relyElement=[BaseElement@1961e652]focusScale[1.15]elementAlpha[-1.0]refectAlpha[-1.0]isFocusAble[true]shadowIndex[-1]autoJumpType[-1]uniqueID[54resSize0]rect[NULL]
11-02 18:32:51.430 D/BasicFigure( 2489): [TN_GLThread 73]isDrawFocused basicFigure=com.suma.midware.view.b.c.c@18483d23
11-02 18:32:51.440 D/BackBootDealerNeimeng( 2367): standbyState:
11-02 18:32:51.441 E/NetUtils( 2021): Interface eth0 LinkDown!
11-02 18:32:51.942 D/BackBootDealerNeimeng( 2367): standbyState:
11-02 18:32:51.942 E/NetUtils( 2021): Interface eth0 LinkDown!
11-02 18:32:52.442 D/BackBootDealerNeimeng( 2367): standbyState:
11-02 18:32:52.443 E/NetUtils( 2021): Interface eth0 LinkDown!
11-02 18:32:52.448 D/BasicFigure( 2489): [TN_GLThread 73]isDrawFocused relyElement=[BaseElement@1961e652]focusScale[1.15]elementAlpha[-1.0]refectAlpha[-1.0]isFocusAble[true]shadowIndex[-1]autoJumpType[-1]uniqueID[54resSize0]rect[NULL]
11-02 18:32:52.449 D/BasicFigure( 2489): [TN_GLThread 73]isDrawFocused basicFigure=com.suma.midware.view.b.c.c@18483d23
11-02 18:32:52.944 D/BackBootDealerNeimeng( 2367): standbyState:
11-02 18:32:52.944 E/NetUtils( 2021): Interface eth0 LinkDown!
11-02 18:32:53.387 D/IPLoaderNeimeng( 2367): after wait time18:32:53:monitorInterval:5000
11-02 18:32:53.387 D/IPLoaderNeimeng( 2367): before dealUpdateCheck time:18:32:53:isMsgBroadcast:false:monitorInterval:5000:processState:1
11-02 18:32:53.387 D/IPLoaderNeimeng( 2367): dealUpdateCheck isFirstSuccessUpdate:false:monitorInterval:5000
11-02 18:32:53.388 D/LoadHttpHandler( 2367): [TN_ThreadUtil-6]doNormal proxyConfig=null
11-02 18:32:53.445 D/BackBootDealerNeimeng( 2367): standbyState:
11-02 18:32:53.446 E/NetUtils( 2021): Interface eth0 LinkDown!
11-02 18:32:53.469 D/BasicFigure( 2489): [TN_GLThread 73]isDrawFocused relyElement=[BaseElement@1961e652]focusScale[1.15]elementAlpha[-1.0]refectAlpha[-1.0]isFocusAble[true]shadowIndex[-1]autoJumpType[-1]uniqueID[54resSize0]rect[NULL]
11-02 18:32:53.469 D/BasicFigure( 2489): [TN_GLThread 73]isDrawFocused basicFigure=com.suma.midware.view.b.c.c@18483d23
11-02 18:32:53.556 D/LoadHttpHandler( 2367): [TN_ThreadUtil-6]doNormal responseCode=404
11-02 18:32:53.556 D/LoadHttpTask( 2367): dealUpdateCheck responseCode:404:data:null:downloadResult:false
11-02 18:32:53.556 D/IPLoaderNeimeng( 2367): after dealUpdateCheck time:18:32:53:isMsgBroadcast:false:monitorInterval:5000:processState:1
11-02 18:32:53.557 D/IPLoaderNeimeng( 2367): before wait time18:32:53:monitorInterval:5000
11-02 18:32:53.946 D/BackBootDealerNeimeng( 2367): standbyState:
11-02 18:32:53.947 E/NetUtils( 2021): Interface eth0 LinkDown!
11-02 18:32:54.448 D/BackBootDealerNeimeng( 2367): standbyState:
11-02 18:32:54.448 E/NetUtils( 2021): Interface eth0 LinkDown!
11-02 18:32:54.489 D/BasicFigure( 2489): [TN_GLThread 73]isDrawFocused relyElement=[BaseElement@1961e652]focusScale[1.15]elementAlpha[-1.0]refectAlpha[-1.0]isFocusAble[true]shadowIndex[-1]autoJumpType[-1]uniqueID[54resSize0]rect[NULL]
11-02 18:32:54.489 D/BasicFigure( 2489): [TN_GLThread 73]isDrawFocused basicFigure=com.suma.midware.view.b.c.c@18483d23
11-02 18:32:54.949 D/BackBootDealerNeimeng( 2367): standbyState:
11-02 18:32:54.950 E/NetUtils( 2021): Interface eth0 LinkDown!
11-02 18:32:55.450 D/BackBootDealerNeimeng( 2367): standbyState:
11-02 18:32:55.451 E/NetUtils( 2021): Interface eth0 LinkDown!
11-02 18:32:55.509 D/BasicFigure( 2489): [TN_GLThread 73]isDrawFocused relyElement=[BaseElement@1961e652]focusScale[1.15]elementAlpha[-1.0]refectAlpha[-1.0]isFocusAble[true]shadowIndex[-1]autoJumpType[-1]uniqueID[54resSize0]rect[NULL]
11-02 18:32:55.509 D/BasicFigure( 2489): [TN_GLThread 73]isDrawFocused basicFigure=com.suma.midware.view.b.c.c@18483d23
11-02 18:32:55.639 E/WifiStateMachine( 2021): WifiStateMachine CMD_START_SCAN source -2 txSuccessRate=1.29 rxSuccessRate=1.55 targetRoamBSSID=any RSSI=-36
11-02 18:32:55.639 E/WifiStateMachine( 2021): WifiStateMachine starting scan for "ipanel"WPA_PSK with 2467
11-02 18:32:55.952 D/BackBootDealerNeimeng( 2367): standbyState:
11-02 18:32:55.952 E/NetUtils( 2021): Interface eth0 LinkDown!
11-02 18:32:56.371 I/EthernetNetworkFactory( 2021): updateInterfaceState :the mIface is:eth0iface is wlan0 true
11-02 18:32:56.380 E/WifiAutoJoinController ( 2021): GDWL 86:79:73:27:8c:19 rssi=-43 cap [WPA-PSK-CCMP][WPA2-PSK-CCMP][ESS] is not scored
11-02 18:32:56.380 E/WifiAutoJoinController ( 2021): ipanel e4:f3:f5:aa:ad:88 rssi=-36 cap [WPA-PSK-CCMP][WPA2-PSK-CCMP][ESS] is not scored
11-02 18:32:56.380 E/WifiAutoJoinController ( 2021):  84:79:73:27:8c:19 rssi=-30 cap [WEP][ESS] is not scored
11-02 18:32:56.381 E/WifiAutoJoinController ( 2021): MERCURY_EDE4 e4:f3:f5:6a:ed:e4 rssi=-44 cap [ESS] is not scored
11-02 18:32:56.381 E/WifiAutoJoinController ( 2021): Office_Net e4:f3:f5:a4:00:c0 rssi=-68 cap [WPA-PSK-CCMP][WPA2-PSK-CCMP][ESS] is not scored
11-02 18:32:56.382 E/WifiAutoJoinController ( 2021): ageScanResultsOut delay 40000 size 28 now 1509618776381
11-02 18:32:56.382 E/WifiAutoJoinController ( 2021): newSupplicantResults size=5 known=1 true
11-02 18:32:56.383 E/WifiAutoJoinController ( 2021): attemptAutoJoin() status=bssid=e4:f3:f5:aa:ad:88
11-02 18:32:56.383 E/WifiAutoJoinController ( 2021): freq=2467
11-02 18:32:56.383 E/WifiAutoJoinController ( 2021): ssid=ipanel
11-02 18:32:56.383 E/WifiAutoJoinController ( 2021): id=1
11-02 18:32:56.383 E/WifiAutoJoinController ( 2021): mode=station
11-02 18:32:56.383 E/WifiAutoJoinController ( 2021): pairwise_cipher=CCMP
11-02 18:32:56.383 E/WifiAutoJoinController ( 2021): group_cipher=CCMP
11-02 18:32:56.383 E/WifiAutoJoinController ( 2021): key_mgmt=WPA2-PSK
11-02 18:32:56.383 E/WifiAutoJoinController ( 2021): wpa_state=COMPLETED
11-02 18:32:56.383 E/WifiAutoJoinController ( 2021): ip_address=192.168.0.101
11-02 18:32:56.383 E/WifiAutoJoinController ( 2021): p2p_device_address=0e:62:a6:0c:0f:b2
11-02 18:32:56.383 E/WifiAutoJoinController ( 2021): address=0c:62:a6:0c:0f:b2
11-02 18:32:56.383 E/WifiAutoJoinController ( 2021): uuid=de43a986-3647-5398-876d-b6752834d7e7 split=13
11-02 18:32:56.383 E/WifiAutoJoinController ( 2021): attemptAutoJoin() num recent config 1 current="ipanel"WPA_PSK last="ipanel"WPA_PSK ---> suppNetId=1
11-02 18:32:56.383 E/WifiAutoJoinController ( 2021): attemptAutoJoin good candidate seen, bumped hard -> status=0 "ipanel"WPA_PSK rssi=(-36,-127) num=(1,0)
11-02 18:32:56.383 E/WifiAutoJoinController ( 2021): attemptAutoJoin skip current candidate  1 key "ipanel"WPA_PSK
11-02 18:32:56.383 E/WifiAutoJoinController ( 2021): attemptRoam: "ipanel"WPA_PSK Found e4:f3:f5:aa:ad:88 rssi=-36 freq=2467 Current: e4:f3:f5:aa:ad:88
11-02 18:32:56.383 E/WifiAutoJoinController ( 2021): Done attemptAutoJoin status=0
11-02 18:32:56.453 D/BackBootDealerNeimeng( 2367): standbyState:
11-02 18:32:56.453 E/NetUtils( 2021): Interface eth0 LinkDown!
11-02 18:32:56.529 D/BasicFigure( 2489): [TN_GLThread 73]isDrawFocused relyElement=[BaseElement@1961e652]focusScale[1.15]elementAlpha[-1.0]refectAlpha[-1.0]isFocusAble[true]shadowIndex[-1]autoJumpType[-1]uniqueID[54resSize0]rect[NULL]
11-02 18:32:56.529 D/BasicFigure( 2489): [TN_GLThread 73]isDrawFocused basicFigure=com.suma.midware.view.b.c.c@18483d23
11-02 18:32:56.954 D/BackBootDealerNeimeng( 2367): standbyState:
11-02 18:32:56.955 E/NetUtils( 2021): Interface eth0 LinkDown!
11-02 18:32:57.455 D/BackBootDealerNeimeng( 2367): standbyState:
11-02 18:32:57.456 E/NetUtils( 2021): Interface eth0 LinkDown!
11-02 18:32:57.549 D/BasicFigure( 2489): [TN_GLThread 73]isDrawFocused relyElement=[BaseElement@1961e652]focusScale[1.15]elementAlpha[-1.0]refectAlpha[-1.0]isFocusAble[true]shadowIndex[-1]autoJumpType[-1]uniqueID[54resSize0]rect[NULL]
11-02 18:32:57.549 D/BasicFigure( 2489): [TN_GLThread 73]isDrawFocused basicFigure=com.suma.midware.view.b.c.c@18483d23
11-02 18:32:57.957 D/BackBootDealerNeimeng( 2367): standbyState:
11-02 18:32:57.957 E/NetUtils( 2021): Interface eth0 LinkDown!
11-02 18:32:58.458 D/BackBootDealerNeimeng( 2367): standbyState:
11-02 18:32:58.459 E/NetUtils( 2021): Interface eth0 LinkDown!
11-02 18:32:58.569 D/BasicFigure( 2489): [TN_GLThread 73]isDrawFocused relyElement=[BaseElement@1961e652]focusScale[1.15]elementAlpha[-1.0]refectAlpha[-1.0]isFocusAble[true]shadowIndex[-1]autoJumpType[-1]uniqueID[54resSize0]rect[NULL]
11-02 18:32:58.569 D/BasicFigure( 2489): [TN_GLThread 73]isDrawFocused basicFigure=com.suma.midware.view.b.c.c@18483d23
11-02 18:32:58.959 D/BackBootDealerNeimeng( 2367): standbyState:
11-02 18:32:58.960 E/NetUtils( 2021): Interface eth0 LinkDown!
11-02 18:32:59.460 D/BackBootDealerNeimeng( 2367): standbyState:
11-02 18:32:59.461 E/NetUtils( 2021): Interface eth0 LinkDown!
11-02 18:32:59.588 D/BasicFigure( 2489): [TN_GLThread 73]isDrawFocused relyElement=[BaseElement@1961e652]focusScale[1.15]elementAlpha[-1.0]refectAlpha[-1.0]isFocusAble[true]shadowIndex[-1]autoJumpType[-1]uniqueID[54resSize0]rect[NULL]
11-02 18:32:59.588 D/BasicFigure( 2489): [TN_GLThread 73]isDrawFocused basicFigure=com.suma.midware.view.b.c.c@18483d23
11-02 18:32:59.962 D/BackBootDealerNeimeng( 2367): standbyState:
11-02 18:32:59.962 E/NetUtils( 2021): Interface eth0 LinkDown!
11-02 18:33:00.456 D/TimeUpdate( 2489): [TN_main]dealTimeUpdate curTime=java.util.GregorianCalendar[time=1509618780456,areFieldsSet=true,lenient=true,zone=Asia/Shanghai,firstDayOfWeek=1,minimalDaysInFirstWeek=1,ERA=1,YEAR=2017,MONTH=10,WEEK_OF_YEAR=44,WEEK_OF_MONTH=1,DAY_OF_MONTH=2,DAY_OF_YEAR=306,DAY_OF_WEEK=5,DAY_OF_WEEK_IN_MONTH=1,AM_PM=1,HOUR=6,HOUR_OF_DAY=18,MINUTE=33,SECOND=0,MILLISECOND=456,ZONE_OFFSET=28800000,DST_OFFSET=0]
11-02 18:33:00.458 D/TextureManager( 2489): deleteTexture key:18:32_24_-1711276033_0_5.0_3.0_3.0_-7829368:textureID:23
11-02 18:33:00.462 D/TextureManager( 2489): loadTexture name:18:33_24_-1711276033_0_5.0_3.0_3.0_-7829368:textureID:23:recordSize:null
11-02 18:33:00.463 D/BackBootDealerNeimeng( 2367): standbyState:
11-02 18:33:00.464 E/NetUtils( 2021): Interface eth0 LinkDown!
11-02 18:33:00.479 D/BasicFigure( 2489): [TN_GLThread 73]isDrawFocused relyElement=[BaseElement@1961e652]focusScale[1.15]elementAlpha[-1.0]refectAlpha[-1.0]isFocusAble[true]shadowIndex[-1]autoJumpType[-1]uniqueID[54resSize0]rect[NULL]
11-02 18:33:00.479 D/BasicFigure( 2489): [TN_GLThread 73]isDrawFocused basicFigure=com.suma.midware.view.b.c.c@18483d23
11-02 18:33:00.495 D/BasicFigure( 2489): [TN_GLThread 73]isDrawFocused relyElement=[BaseElement@1961e652]focusScale[1.15]elementAlpha[-1.0]refectAlpha[-1.0]isFocusAble[true]shadowIndex[-1]autoJumpType[-1]uniqueID[54resSize0]rect[NULL]
11-02 18:33:00.495 D/BasicFigure( 2489): [TN_GLThread 73]isDrawFocused basicFigure=com.suma.midware.view.b.c.c@18483d23
11-02 18:33:00.964 D/BackBootDealerNeimeng( 2367): standbyState:
11-02 18:33:00.965 E/NetUtils( 2021): Interface eth0 LinkDown!
11-02 18:33:01.324 D/IPLoaderNeimeng( 2367): after wait time18:33:01:monitorInterval:5000
11-02 18:33:01.325 D/IPLoaderNeimeng( 2367): before dealUpdateCheck time:18:33:01:isMsgBroadcast:false:monitorInterval:5000:processState:1
11-02 18:33:01.325 D/IPLoaderNeimeng( 2367): dealUpdateCheck isFirstSuccessUpdate:false:monitorInterval:5000
11-02 18:33:01.325 D/LoadHttpHandler( 2367): [TN_ThreadUtil-6]doNormal proxyConfig=null
11-02 18:33:01.466 D/BackBootDealerNeimeng( 2367): standbyState:
11-02 18:33:01.467 E/NetUtils( 2021): Interface eth0 LinkDown!
11-02 18:33:01.514 D/BasicFigure( 2489): [TN_GLThread 73]isDrawFocused relyElement=[BaseElement@1961e652]focusScale[1.15]elementAlpha[-1.0]refectAlpha[-1.0]isFocusAble[true]shadowIndex[-1]autoJumpType[-1]uniqueID[54resSize0]rect[NULL]
11-02 18:33:01.515 D/BasicFigure( 2489): [TN_GLThread 73]isDrawFocused basicFigure=com.suma.midware.view.b.c.c@18483d23
11-02 18:33:01.645 D/LoadHttpHandler( 2367): [TN_ThreadUtil-6]doNormal responseCode=404
11-02 18:33:01.645 D/LoadHttpTask( 2367): dealUpdateCheck responseCode:404:data:null:downloadResult:false
11-02 18:33:01.646 D/IPLoaderNeimeng( 2367): after dealUpdateCheck time:18:33:01:isMsgBroadcast:false:monitorInterval:5000:processState:1
11-02 18:33:01.646 D/IPLoaderNeimeng( 2367): before wait time18:33:01:monitorInterval:5000
11-02 18:33:01.967 D/BackBootDealerNeimeng( 2367): standbyState:
11-02 18:33:01.968 E/NetUtils( 2021): Interface eth0 LinkDown!
11-02 18:33:02.468 D/BackBootDealerNeimeng( 2367): standbyState:
11-02 18:33:02.469 E/NetUtils( 2021): Interface eth0 LinkDown!
11-02 18:33:02.532 D/BasicFigure( 2489): [TN_GLThread 73]isDrawFocused relyElement=[BaseElement@1961e652]focusScale[1.15]elementAlpha[-1.0]refectAlpha[-1.0]isFocusAble[true]shadowIndex[-1]autoJumpType[-1]uniqueID[54resSize0]rect[NULL]
11-02 18:33:02.532 D/BasicFigure( 2489): [TN_GLThread 73]isDrawFocused basicFigure=com.suma.midware.view.b.c.c@18483d23
11-02 18:33:02.537 D/EsgNeiMengDealer( 2367): [TN_ThreadUtil-12]checkBootAd bootAd=[Advertisment@3eb6ae9b]category[1]version[0]profile[2]group[[GroupProperty@3ddc238]associateType[3]groupIDs[len:10:10000:7101:7105:9999:7000:17:1001:20002:20001:1003]]service[null]period[[Advertisment@25e8f211]dates[]times[len0:102:len1:102:20170821 000000-20170821 235959:20170822 000000-20170822 235959:20170823 000000-20170823 235959:20170824 000000-20170824 235959:20170825 000000-20170825 235959:20170826 000000-20170826 235959:20170827 000000-20170827 235959:20170828 000000-20170828 235959:20170829 000000-20170829 235959:20170830 000000-20170830 235959:20170831 000000-20170831 235959:20170901 000000-20170901 235959:20170902 000000-20170902 235959:20170903 000000-20170903 235959:20170904 000000-20170904 235959:20170905 000000-20170905 235959:20170906 000000-20170906 235959:20170907 000000-20170907 235959:20170908 000000-20170908 235959:20170909 000000-20170909 235959:20170910 000000-20170910 235959:20170911 000000-20170911 235959:20170912 000000-20170912 235959:20170913 000000-20170913 235959:20170914 000000-20170914 235959:20170915 000000-20170915 235959:20170916 000000-20170916 235959:20170917 000000-20170917 235959:20170918 000000-20170918 235959:20170919 000000-20170919 235959:20170920 000000-20170920 235959:20170921 000000-20170921 235959:20170922 000000-20170922 235959:20170923 000000-20170923 235959:20170924 000000-20170924 235959:20170925 000000-20170925 235959:20170926 000000-20170926 235959:20170927 000000-20170927 235959:20170928 000000-20170928 235959:20170929 000000-20170929 235959:20170930 000000-20170930 235959:20171001 000000-20171001 235959:20171002 000000-20171002 235959:20171003 000000-20171003 235959:20171004 000000-20171004 235959:20171005 000000-20171005 235959:20171006 000000-20171006 235959:20171007 000000-20171007 235959:20171008 000000-20171008 235959:20171009 000000-20171009 235959:20171010 000000-20171010 235959:20171011 000000-20171011 235959:20171012 000000-20171012 235959:20171013 000000-20171013 235959:20171014 000000-20171014 235959:20171015 000000-20171015 235959:20171016 000000-20171016 235959:20171017 000000-20171017 235959:20171018 000000-20171018 235959:20171019 000000-20171019 235959:20171020 000000-20171020 235959:20171021 000000-20171021 235959:20171022 000000-20171022 235959:20171023 000000-20171023 235959:20171024 000000-20171024 235959:20171025 000000-20171025 235959:20171026 000000-20171026 235959:20171027 000000-20171027 235959:20171028 000000-20171028 235959:20171029 000000-20171029 235959:20171030 000000-20171030 235959:20171031 000000-20171031 235959:20171101 000000-20171101 235959:20171102 000000-20171102 235959:20171103 000000-20171103 235959:20171104 000000-20171104 235959:20171105 000000-20171105 235959:20171106 000000-20171106 235959:20171107 000000-20171107 235959:20171108 000000-20171108 235959:20171109 000000-20171109 235959:20171110 000000-20171110 235959:20171111 000000-20171111 235959:20171112 000000-20171112 235959:20171113 000000-20171113 235959:20171114 000000-20171114 235959:20171115 000000-20171115 235959:20171116 000000-20171116 235959:20171117 000000-20171117 235959:20171118 000000-20171118 235959:20171119 000000-20171119 235959:20171120 000000-20171120 235959:20171121 000000-20171121 235959:20171122 000000-20171122 235959:20171123 000000-20171123 235959:20171124 000000-20171124 235959:20171125 000000-20171125 235959:20171126 000000-20171126 235959:20171127 000000-20171127 235959:20171128 000000-20171128 235959:20171129 000000-20171129 235959:20171130 000000-20171130 235959]]
11-02 18:33:02.537 I/System.out( 2367): [DEBUG SectionFilterGroup] The filterGroupHandle is: -1263409360
11-02 18:33:02.537 D/LoadPipeHandler( 2367): [TN_ThreadUtil-12]dealTableLoad pipeTask=[LoadPipeTask@17369010]pID[16]tableID[64]tunerIndex[0]offset[3]timeout[5000]isNeedTune[false]fileName[null]
11-02 18:33:02.537 D/filter  ( 2367): [FilterManager-JNI] - start filter:pid=16, tableid=64, bufferNum=0
11-02 18:33:02.537 D/filter  ( 2367): [FilterManager-JNI] - 
11-02 18:33:02.537 D/filter  ( 2367): [FilterManager-JNI] - 
11-02 18:33:02.537 D/filter  ( 2367): [FilterManager-JNI] - The table id is proper.
11-02 18:33:02.537 D/filter  ( 2367): ####in java native method open filter:pid=16,							code=40,00,00,00,mask=ff,00,00,00
11-02 18:33:02.537 D/filter  ( 2367): [FilterManager-JNI] - Filter mode to ROCME_RES_FLT_MODE_UNROB_FILTER.
11-02 18:33:02.538 V/SUMA    ( 1580): [resman-s][onTransact 216]code[0x12000200] client pid = 2367
11-02 18:33:02.538 I/System.out( 2367): [DEBUG SectionFilterGroup] The run() method, and the filterGroupHandle is: -1263409360
11-02 18:33:02.538 V/SUMA    ( 1580): [resman-s][onTransact 615]TRANS_CODE_RESMAN_FILETER_REQUEST enter
11-02 18:33:02.538 V/SUMA    ( 1580): [resman-s][onTransact 623]filter request m_client[0].cpid = 2367
11-02 18:33:02.538 V/SUMA    ( 1580): [resman-s][onTransact 627]filter handler request filter_handler[0]
11-02 18:33:02.538 V/SUMA    ( 1580): >> Roc_ResMan_Filter_Request handler = 0x1202e410 
11-02 18:33:02.538 V/SUMA    ( 1580): [resman-s][onTransact 657]TRANS_CODE_RESMAN_FILETER_REQUEST leave
11-02 18:33:02.538 V/SUMA    ( 1580): [resman-s][onTransact 1574]leave transact client pid = 2367
11-02 18:33:02.538 V/SUMA    ( 2367): [resman-c][Roc_ResMan_Filter_Request 1311]leave !!!
11-02 18:33:02.538 V/SUMA    ( 2367): [resman-c][dvbc_resman_flt_request 162]dvbc(2367)## s_resman_client_flt_hcbk request cbk idx=0 !!!
11-02 18:33:02.538 V/SUMA    ( 1580): [resman-s][onTransact 216]code[0x12000204] client pid = 2367
11-02 18:33:02.538 V/SUMA    ( 1580): [resman-s][onTransact 1574]leave transact client pid = 2367
11-02 18:33:02.538 V/SUMA    ( 2367): [resman-c][Roc_ResMan_Filter_Modify 1514]leave !!!
11-02 18:33:02.538 V/SUMA    ( 1580): [resman-s][onTransact 216]code[0x12000202] client pid = 2367
11-02 18:33:02.538 V/SUMA    ( 1580): [resman-s][onTransact 1574]leave transact client pid = 2367
11-02 18:33:02.538 V/SUMA    ( 2367): [resman-c][Roc_ResMan_Filter_Run 1431]leave !!!
11-02 18:33:02.539 D/filter  ( 2367): open file=302179344,pid=16,index=0 with tuner index 0
11-02 18:33:02.970 D/BackBootDealerNeimeng( 2367): standbyState:
11-02 18:33:02.970 E/NetUtils( 2021): Interface eth0 LinkDown!
11-02 18:33:03.471 D/BackBootDealerNeimeng( 2367): standbyState:
11-02 18:33:03.472 E/NetUtils( 2021): Interface eth0 LinkDown!
11-02 18:33:03.551 D/BasicFigure( 2489): [TN_GLThread 73]isDrawFocused relyElement=[BaseElement@1961e652]focusScale[1.15]elementAlpha[-1.0]refectAlpha[-1.0]isFocusAble[true]shadowIndex[-1]autoJumpType[-1]uniqueID[54resSize0]rect[NULL]
11-02 18:33:03.551 D/BasicFigure( 2489): [TN_GLThread 73]isDrawFocused basicFigure=com.suma.midware.view.b.c.c@18483d23
11-02 18:33:03.972 D/BackBootDealerNeimeng( 2367): standbyState:
11-02 18:33:03.973 E/NetUtils( 2021): Interface eth0 LinkDown!
11-02 18:33:04.474 D/BackBootDealerNeimeng( 2367): standbyState:
11-02 18:33:04.474 E/NetUtils( 2021): Interface eth0 LinkDown!
11-02 18:33:04.565 D/BasicFigure( 2489): [TN_GLThread 73]isDrawFocused relyElement=[BaseElement@1961e652]focusScale[1.15]elementAlpha[-1.0]refectAlpha[-1.0]isFocusAble[true]shadowIndex[-1]autoJumpType[-1]uniqueID[54resSize0]rect[NULL]
11-02 18:33:04.565 D/BasicFigure( 2489): [TN_GLThread 73]isDrawFocused basicFigure=com.suma.midware.view.b.c.c@18483d23
11-02 18:33:04.885 D/Advertiser( 2428): End of sleep at time:1509618784885
11-02 18:33:04.885 D/Advertiser( 2428): Begin announce....with thread:org.cybergarage.d.b.a@15f10bb4
11-02 18:33:04.885 D/TimerUtil( 2428): waitRandom time=300,waitTime=241
11-02 18:33:04.885 D/Device  ( 2428): announce deviceDataBindAddress null
11-02 18:33:04.890 D/Device  ( 2428): announce 0 bindAddress=192.168.0.101
11-02 18:33:04.890 D/HTTPMUSocket( 2428): open addr=239.255.255.250,port=1900,bindAddr=192.168.0.101
11-02 18:33:04.895 D/HTTPMUSocket( 2428): send msg:NOTIFY * HTTP/1.1
11-02 18:33:04.895 D/HTTPMUSocket( 2428): Server: Linux/3.18.24_hi3798mv2x UPnP/1.0 CyberLinkJava/1.8
11-02 18:33:04.895 D/HTTPMUSocket( 2428): Cache-Control: max-age=1800
11-02 18:33:04.895 D/HTTPMUSocket( 2428): Location: http://192.168.0.101:38520/description.xml
11-02 18:33:04.895 D/HTTPMUSocket( 2428): NTS: ssdp:alive
11-02 18:33:04.895 D/HTTPMUSocket( 2428): NT: upnp:rootdevice
11-02 18:33:04.895 D/HTTPMUSocket( 2428): USN: uuid:418c7b66-86de-45d5-90fd-13e1eb88db7e::upnp:rootdevice
11-02 18:33:04.895 D/HTTPMUSocket( 2428): HOST: 239.255.255.250:1900
11-02 18:33:04.895 D/HTTPMUSocket( 2428): 
11-02 18:33:04.895 D/HTTPMUSocket( 2428): bindAddr:null and port:-1
11-02 18:33:04.895 D/HTTPMUSocket( 2428): /192.168.0.101
11-02 18:33:04.896 D/HTTPMUSocket( 2428): send msg:NOTIFY * HTTP/1.1
11-02 18:33:04.896 D/HTTPMUSocket( 2428): Server: Linux/3.18.24_hi3798mv2x UPnP/1.0 CyberLinkJava/1.8
11-02 18:33:04.896 D/HTTPMUSocket( 2428): Cache-Control: max-age=1800
11-02 18:33:04.896 D/HTTPMUSocket( 2428): Location: http://192.168.0.101:38520/description.xml
11-02 18:33:04.896 D/HTTPMUSocket( 2428): NTS: ssdp:alive
11-02 18:33:04.896 D/HTTPMUSocket( 2428): NT: uuid:418c7b66-86de-45d5-90fd-13e1eb88db7e
11-02 18:33:04.896 D/HTTPMUSocket( 2428): USN: uuid:418c7b66-86de-45d5-90fd-13e1eb88db7e
11-02 18:33:04.896 D/HTTPMUSocket( 2428): HOST: 239.255.255.250:1900
11-02 18:33:04.896 D/HTTPMUSocket( 2428): 
11-02 18:33:04.896 D/HTTPMUSocket( 2428): bindAddr:null and port:-1
11-02 18:33:04.897 D/HTTPMUSocket( 2428): /192.168.0.101
11-02 18:33:04.898 D/HTTPMUSocket( 2428): send msg:NOTIFY * HTTP/1.1
11-02 18:33:04.898 D/HTTPMUSocket( 2428): Server: Linux/3.18.24_hi3798mv2x UPnP/1.0 CyberLinkJava/1.8
11-02 18:33:04.898 D/HTTPMUSocket( 2428): Cache-Control: max-age=1800
11-02 18:33:04.898 D/HTTPMUSocket( 2428): Location: http://192.168.0.101:38520/description.xml
11-02 18:33:04.898 D/HTTPMUSocket( 2428): NTS: ssdp:alive
11-02 18:33:04.898 D/HTTPMUSocket( 2428): NT: urn:schemas-upnp-org:device:MediaServer:1
11-02 18:33:04.898 D/HTTPMUSocket( 2428): USN: uuid:418c7b66-86de-45d5-90fd-13e1eb88db7e::urn:schemas-upnp-org:device:MediaServer:1
11-02 18:33:04.898 D/HTTPMUSocket( 2428): HOST: 239.255.255.250:1900
11-02 18:33:04.898 D/HTTPMUSocket( 2428): 
11-02 18:33:04.898 D/HTTPMUSocket( 2428): bindAddr:null and port:-1
11-02 18:33:04.898 D/HTTPMUSocket( 2428): /192.168.0.101
11-02 18:33:04.899 D/Device  ( 2428): announce bindAddr=192.168.0.101,devLocation=http://192.168.0.101:38520/description.xml,location=http://192.168.0.101:38520/description.xml
11-02 18:33:04.899 D/Device  ( 2428): announce bindAddr=192.168.0.101,serviceDesUrl=
11-02 18:33:04.900 D/HTTPMUSocket( 2428): open addr=239.255.255.250,port=1900,bindAddr=192.168.0.101
11-02 18:33:04.904 D/TimerUtil( 2428): waitRandom time=300,waitTime=126
11-02 18:33:04.904 D/HTTPMUSocket( 2428): send msg:NOTIFY * HTTP/1.1
11-02 18:33:04.904 D/HTTPMUSocket( 2428): Server: Linux/3.18.24_hi3798mv2x UPnP/1.0 CyberLinkJava/1.8
11-02 18:33:04.904 D/HTTPMUSocket( 2428): Cache-Control: max-age=1800
11-02 18:33:04.904 D/HTTPMUSocket( 2428): Location: http://192.168.0.101:38520/description.xml
11-02 18:33:04.904 D/HTTPMUSocket( 2428): NTS: ssdp:alive
11-02 18:33:04.904 D/HTTPMUSocket( 2428): NT: urn:schemas-upnp-org:service:ContentDirectory:1
11-02 18:33:04.904 D/HTTPMUSocket( 2428): USN: uuid:418c7b66-86de-45d5-90fd-13e1eb88db7e::urn:schemas-upnp-org:service:ContentDirectory:1
11-02 18:33:04.904 D/HTTPMUSocket( 2428): HOST: 239.255.255.250:1900
11-02 18:33:04.904 D/HTTPMUSocket( 2428): 
11-02 18:33:04.904 D/HTTPMUSocket( 2428): bindAddr:null and port:-1
11-02 18:33:04.905 D/HTTPMUSocket( 2428): /192.168.0.101
11-02 18:33:04.905 D/Device  ( 2428): announce bindAddr=192.168.0.101,serviceDesUrl=
11-02 18:33:04.906 D/HTTPMUSocket( 2428): open addr=239.255.255.250,port=1900,bindAddr=192.168.0.101
11-02 18:33:04.910 D/TimerUtil( 2428): waitRandom time=300,waitTime=115
11-02 18:33:04.910 D/HTTPMUSocket( 2428): send msg:NOTIFY * HTTP/1.1
11-02 18:33:04.910 D/HTTPMUSocket( 2428): Server: Linux/3.18.24_hi3798mv2x UPnP/1.0 CyberLinkJava/1.8
11-02 18:33:04.910 D/HTTPMUSocket( 2428): Cache-Control: max-age=1800
11-02 18:33:04.910 D/HTTPMUSocket( 2428): Location: http://192.168.0.101:38520/description.xml
11-02 18:33:04.910 D/HTTPMUSocket( 2428): NTS: ssdp:alive
11-02 18:33:04.910 D/HTTPMUSocket( 2428): NT: urn:schemas-upnp-org:service:ConnectionManager:1
11-02 18:33:04.910 D/HTTPMUSocket( 2428): USN: uuid:418c7b66-86de-45d5-90fd-13e1eb88db7e::urn:schemas-upnp-org:service:ConnectionManager:1
11-02 18:33:04.910 D/HTTPMUSocket( 2428): HOST: 239.255.255.250:1900
11-02 18:33:04.910 D/HTTPMUSocket( 2428): 
11-02 18:33:04.910 D/HTTPMUSocket( 2428): bindAddr:null and port:-1
11-02 18:33:04.911 D/HTTPMUSocket( 2428): /192.168.0.101
11-02 18:33:04.912 D/Device  ( 2428): announce bindAddr=192.168.0.101,serviceDesUrl=
11-02 18:33:04.912 D/HTTPMUSocket( 2428): open addr=239.255.255.250,port=1900,bindAddr=192.168.0.101
11-02 18:33:04.916 D/TimerUtil( 2428): waitRandom time=300,waitTime=270
11-02 18:33:04.917 D/HTTPMUSocket( 2428): send msg:NOTIFY * HTTP/1.1
11-02 18:33:04.917 D/HTTPMUSocket( 2428): Server: Linux/3.18.24_hi3798mv2x UPnP/1.0 CyberLinkJava/1.8
11-02 18:33:04.917 D/HTTPMUSocket( 2428): Cache-Control: max-age=1800
11-02 18:33:04.917 D/HTTPMUSocket( 2428): Location: http://192.168.0.101:38520/description.xml
11-02 18:33:04.917 D/HTTPMUSocket( 2428): NTS: ssdp:alive
11-02 18:33:04.917 D/HTTPMUSocket( 2428): NT: urn:schemas-upnp-org:service:AVTransport:1
11-02 18:33:04.917 D/HTTPMUSocket( 2428): USN: uuid:418c7b66-86de-45d5-90fd-13e1eb88db7e::urn:schemas-upnp-org:service:AVTransport:1
11-02 18:33:04.917 D/HTTPMUSocket( 2428): HOST: 239.255.255.250:1900
11-02 18:33:04.917 D/HTTPMUSocket( 2428): 
11-02 18:33:04.917 D/HTTPMUSocket( 2428): bindAddr:null and port:-1
11-02 18:33:04.917 D/HTTPMUSocket( 2428): /192.168.0.101
11-02 18:33:04.918 D/Device  ( 2428): announce bindAddr=192.168.0.101,serviceDesUrl=
11-02 18:33:04.919 D/HTTPMUSocket( 2428): open addr=239.255.255.250,port=1900,bindAddr=192.168.0.101
11-02 18:33:04.923 D/TimerUtil( 2428): waitRandom time=300,waitTime=2
11-02 18:33:04.923 D/HTTPMUSocket( 2428): send msg:NOTIFY * HTTP/1.1
11-02 18:33:04.923 D/HTTPMUSocket( 2428): Server: Linux/3.18.24_hi3798mv2x UPnP/1.0 CyberLinkJava/1.8
11-02 18:33:04.923 D/HTTPMUSocket( 2428): Cache-Control: max-age=1800
11-02 18:33:04.923 D/HTTPMUSocket( 2428): Location: http://192.168.0.101:38520/description.xml
11-02 18:33:04.923 D/HTTPMUSocket( 2428): NTS: ssdp:alive
11-02 18:33:04.923 D/HTTPMUSocket( 2428): NT: urn:sumavision.com:service:X_SUMA_EVENT:1
11-02 18:33:04.923 D/HTTPMUSocket( 2428): USN: uuid:418c7b66-86de-45d5-90fd-13e1eb88db7e::urn:sumavision.com:service:X_SUMA_EVENT:1
11-02 18:33:04.923 D/HTTPMUSocket( 2428): HOST: 239.255.255.250:1900
11-02 18:33:04.923 D/HTTPMUSocket( 2428): 
11-02 18:33:04.923 D/HTTPMUSocket( 2428): bindAddr:null and port:-1
11-02 18:33:04.924 D/HTTPMUSocket( 2428): /192.168.0.101
11-02 18:33:04.924 D/Advertiser( 2428): Advertise12:36000 at time:1509618784924 with thread:org.cybergarage.d.b.a@15f10bb4
11-02 18:33:04.974 D/BackBootDealerNeimeng( 2367): standbyState:
11-02 18:33:04.975 E/NetUtils( 2021): Interface eth0 LinkDown!
11-02 18:33:05.475 D/BackBootDealerNeimeng( 2367): standbyState:
11-02 18:33:05.476 E/NetUtils( 2021): Interface eth0 LinkDown!
11-02 18:33:05.588 D/BasicFigure( 2489): [TN_GLThread 73]isDrawFocused relyElement=[BaseElement@1961e652]focusScale[1.15]elementAlpha[-1.0]refectAlpha[-1.0]isFocusAble[true]shadowIndex[-1]autoJumpType[-1]uniqueID[54resSize0]rect[NULL]
11-02 18:33:05.588 D/BasicFigure( 2489): [TN_GLThread 73]isDrawFocused basicFigure=com.suma.midware.view.b.c.c@18483d23
11-02 18:33:05.976 D/BackBootDealerNeimeng( 2367): standbyState:
11-02 18:33:05.977 E/NetUtils( 2021): Interface eth0 LinkDown!
11-02 18:33:06.478 D/BackBootDealerNeimeng( 2367): standbyState:
11-02 18:33:06.478 E/NetUtils( 2021): Interface eth0 LinkDown!
11-02 18:33:06.610 D/BasicFigure( 2489): [TN_GLThread 73]isDrawFocused relyElement=[BaseElement@1961e652]focusScale[1.15]elementAlpha[-1.0]refectAlpha[-1.0]isFocusAble[true]shadowIndex[-1]autoJumpType[-1]uniqueID[54resSize0]rect[NULL]
11-02 18:33:06.610 D/BasicFigure( 2489): [TN_GLThread 73]isDrawFocused basicFigure=com.suma.midware.view.b.c.c@18483d23
11-02 18:33:06.979 D/BackBootDealerNeimeng( 2367): standbyState:
11-02 18:33:06.979 E/NetUtils( 2021): Interface eth0 LinkDown!
11-02 18:33:07.480 D/BackBootDealerNeimeng( 2367): standbyState:
11-02 18:33:07.481 E/NetUtils( 2021): Interface eth0 LinkDown!
11-02 18:33:07.539 I/System.out( 2367): [DEBUG SectionFilterGroup] be reaady to detach filtergroup:true
11-02 18:33:07.539 V/SUMA    ( 1580): [resman-s][onTransact 216]code[0x12000201] client pid = 2367
11-02 18:33:07.539 V/SUMA    ( 1580): [resman-s][onTransact 665]TRANS_CODE_RESMAN_FILETER_RELEASE enter
11-02 18:33:07.540 V/SUMA    ( 1580): >> Roc_ResMan_Filter_Release handler = 0x1202e410 
11-02 18:33:07.540 V/SUMA    ( 1580): [resman-s][onTransact 674]filter release m_client[0].cpid = 2367
11-02 18:33:07.540 V/SUMA    ( 1580): [resman-s][onTransact 678]filter handler release filter_handler[0]
