01-01 08:00:17.204 F/SystemServer( 2019): 	at java.lang.ClassLoader.loadClass(ClassLoader.java:469)
01-01 08:00:17.204 F/SystemServer( 2019): 	... 9 more
01-01 08:00:17.204 F/SystemServer( 2019): 	Suppressed: java.lang.ClassNotFoundException: Didn't find class "com.android.server.NgbEventManagerService" on path: DexPathList[[directory "."],nativeLibraryDirectories=[/vendor/lib, /system/lib]]
01-01 08:00:17.204 F/SystemServer( 2019): 		at dalvik.system.BaseDexClassLoader.findClass(BaseDexClassLoader.java:56)
01-01 08:00:17.204 F/SystemServer( 2019): 		at java.lang.ClassLoader.loadClass(ClassLoader.java:511)
01-01 08:00:17.204 F/SystemServer( 2019): 		at java.lang.ClassLoader.loadClass(ClassLoader.java:504)
01-01 08:00:17.204 F/SystemServer( 2019): 		... 10 more
01-01 08:00:17.204 F/SystemServer( 2019): 		Suppressed: java.lang.ClassNotFoundException: com.android.server.NgbEventManagerService
01-01 08:00:17.204 F/SystemServer( 2019): 			at java.lang.Class.classForName(Native Method)
01-01 08:00:17.204 F/SystemServer( 2019): 			at java.lang.BootClassLoader.findClass(ClassLoader.java:781)
01-01 08:00:17.204 F/SystemServer( 2019): 			at java.lang.BootClassLoader.loadClass(ClassLoader.java:841)
01-01 08:00:17.204 F/SystemServer( 2019): 			at java.lang.ClassLoader.loadClass(ClassLoader.java:504)
01-01 08:00:17.204 F/SystemServer( 2019): 			... 11 more
01-01 08:00:17.204 F/SystemServer( 2019): 		Caused by: java.lang.NoClassDefFoundError: Class not found using the boot class loader; no stack available
01-01 08:00:17.205 W/ActivityManager( 2019): Unable to start service Intent { cmp=com.android.printspooler/.model.PrintSpoolerService } U=0: not found
01-01 08:00:17.210 E/SystemServer( 2019): Some exception in loading class com.android.server.NgbInputEventService
01-01 08:00:17.211 E/SystemServer( 2019): Can not get NGB Input Event Service
01-01 08:00:17.211 I/SystemServer( 2019): [DCAS] CASEventManagerService
01-01 08:00:17.211 I/SystemServer( 2019): catch throw
01-01 08:00:17.213 I/SystemServer( 2019): Enabled StrictMode for system server main thread.
01-01 08:00:17.216 V/ActivityManager( 2019): Display changed displayId=0
01-01 08:00:17.231 V/ActivityManager( 2019): Display changed displayId=0
01-01 08:00:17.272 I/Telecom ( 2019): TelecomGlobals: TelecomGlobals initializing
01-01 08:00:17.279 E/ActivityThread( 2019): Failed to find provider info for call_log
01-01 08:00:17.340 I/Telecom ( 2019): TelecomGlobals: CallsManager initialized
01-01 08:00:17.341 W/ContextImpl( 2019): Calling a method in the system process without a qualified user: android.app.ContextImpl.startService:1710 android.content.ContextWrapper.startService:516 com.android.server.telecom.BluetoothPhoneService.start:440 com.android.server.telecom.TelecomGlobals.initialize:93 com.android.server.telecom.TelecomService.onCreate:164 
01-01 08:00:17.342 V/CameraObserver( 2019): Intent.ACTION_CAMERA_PLUG: state: 0:name:video0
01-01 08:00:17.342 W/ContextImpl( 2019): Calling a method in the system process without a qualified user: android.app.ContextImpl.sendBroadcast:1345 com.android.server.CameraObserver.sendIntent:116 com.android.server.CameraObserver.access$000:37 com.android.server.CameraObserver$1.handleMessage:122 android.os.Handler.dispatchMessage:102 
01-01 08:00:17.343 D/ZenLog  ( 2019): downtime: Autotrigger skipped: not in downtime
01-01 08:00:17.348 W/ResourcesManager( 2019): Asset path '/system/framework/com.android.location.provider.jar' does not exist or contains no resources.
01-01 08:00:17.353 V/WiredAccessoryManager( 2019): init()
01-01 08:00:17.354 V/WiredAccessoryManager( 2019): newName=hdmi newState=16 headsetState=16 prev headsetState=0
01-01 08:00:17.359 W/AppWidgetServiceImpl( 2019): Failed to read state: java.io.FileNotFoundException: /data/system/users/0/appwidgets.xml: open failed: ENOENT (No such file or directory)
01-01 08:00:17.359 V/AppWidgetServiceImpl( 2019): Upgrading widget database from 0 to 1
01-01 08:00:17.364 V/BackupManagerService( 2019): Connected to transport ComponentInfo{android/com.android.internal.backup.LocalTransportService}
01-01 08:00:17.364 V/BackupManagerService( 2019): Registering transport android/com.android.internal.backup.LocalTransportService::android/com.android.internal.backup.LocalTransport = android.app.backup.BackupTransport$TransportImpl@30a53b16
01-01 08:00:17.385 V/ActivityManager( 2019): Display changed displayId=0
01-01 08:00:17.390 V/WiredAccessoryManager( 2019): device hdmi connected
01-01 08:00:17.410 W/ContextImpl( 2426): Calling a method in the system process without a qualified user: android.app.ContextImpl.bindService:1774 android.content.ContextWrapper.bindService:539 com.suma.midware.prop.i.b:-1 com.suma.midware.prop.i.a:-1 com.suma.midware.prop.BaseClientApplication.onCreate:-1 
01-01 08:00:17.479 I/ActivityManager( 2019): Start proc 2524:com.sumavision.android.media.v/u0a22 for broadcast com.sumavision.android.media.v/com.sumavision.android.media.c.MediaAppProReceiver
01-01 08:00:17.509 W/ContextImpl( 2488): Calling a method in the system process without a qualified user: android.app.ContextImpl.bindService:1774 android.content.ContextWrapper.bindService:539 com.suma.midware.prop.i.b:-1 com.suma.midware.prop.i.a:-1 com.suma.midware.home.HomeApplication.onCreate:-1 
01-01 08:00:17.514 W/ContextImpl( 2450): Calling a method in the system process without a qualified user: android.app.ContextImpl.bindService:1774 android.content.ContextWrapper.bindService:539 com.suma.midware.prop.i.b:-1 com.suma.midware.prop.i.a:-1 com.suma.midware.global.GlobalApplication.onCreate:-1 
01-01 08:00:17.549 W/ContextImpl( 2364): Calling a method in the system process without a qualified user: android.app.ContextImpl.startService:1710 android.content.ContextWrapper.startService:516 com.suma.midware.back.boot.ServiceBoot.b:-1 com.suma.midware.back.BackService.onCreate:-1 android.app.ActivityThread.handleCreateService:2761 
01-01 08:00:17.551 W/ContextImpl( 2364): Calling a method in the system process without a qualified user: android.app.ContextImpl.startService:1710 android.content.ContextWrapper.startService:516 com.suma.midware.back.boot.ServiceBoot.b:-1 com.suma.midware.back.BackService.onCreate:-1 android.app.ActivityThread.handleCreateService:2761 
01-01 08:00:17.559 W/ContextImpl( 2364): Calling a method in the system process without a qualified user: android.app.ContextImpl.startService:1710 android.content.ContextWrapper.startService:516 com.suma.midware.back.boot.neimeng.BackBootDealerNeimeng.a:-1 com.suma.midware.back.boot.ServiceBoot.b:-1 com.suma.midware.back.BackService.onCreate:-1 
01-01 08:00:17.627 D/WifiService( 2019): New client listening to asynchronous messages
01-01 08:00:17.817 I/StatusBarManagerService( 2019): registerStatusBar bar=com.android.internal.statusbar.IStatusBar$Stub$Proxy@2f03675b
01-01 08:00:17.881 E/ConnectivityService( 2019): Failed to find Messenger in unregisterNetworkFactory
01-01 08:00:17.882 D/ConnectivityService( 2019): Got NetworkFactory Messenger for Telephony
01-01 08:00:17.955 E/ActivityThread( 2468): Failed to find provider info for com.android.contacts
01-01 08:00:18.358 D/WifiService( 2019): New client listening to asynchronous messages
01-01 08:00:18.383 D/ConnectivityService( 2019): listenForNetwork for NetworkRequest [ id=2, legacyType=-1, [] ]
01-01 08:00:18.439 E/ActivityThread( 2164): Failed to find provider info for com.android.contacts
01-01 08:00:18.985 D/WifiService( 2019): New client listening to asynchronous messages
01-01 08:00:19.754 D/ConnectivityService( 2019): Got NetworkFactory Messenger for WIFI
01-01 08:00:19.754 D/ConnectivityService( 2019): Got NetworkFactory Messenger for WIFI_UT
01-01 08:00:24.191 W/ContextImpl( 2488): Calling a method in the system process without a qualified user: android.app.ContextImpl.sendBroadcast:1345 android.content.ContextWrapper.sendBroadcast:377 com.suma.midware.view.ext.BluetoothUpdate.b:-1 com.suma.midware.home.third.Main3DActivity.onResume:-1 android.app.Instrumentation.callActivityOnResume:1257 
01-01 08:00:24.205 D/WifiService( 2019): New client listening to asynchronous messages
01-01 08:00:24.210 W/ContextImpl( 2488): Calling a method in the system process without a qualified user: android.app.ContextImpl.sendBroadcast:1345 android.content.ContextWrapper.sendBroadcast:377 android.app.ActivityThread.performResumeActivity:2982 android.app.ActivityThread.handleResumeActivity:3023 android.app.ActivityThread.handleLaunchActivity:2392 
01-01 08:00:24.223 V/WindowManager( 2019): Based on layer: Adding window Window{941029e u0 com.suma.midware.home/com.suma.midware.home.third.Main3DActivity} at 1 of 6
01-01 08:00:24.271 V/WindowManager( 2019): Adding window Window{1f15354c u0 SurfaceView} at 1 of 7 (before Window{941029e u0 com.suma.midware.home/com.suma.midware.home.third.Main3DActivity})
01-01 08:00:24.275 V/WindowManager( 2019): Adding window Window{27b6aaaa u0 SurfaceView} at 2 of 8 (before Window{941029e u0 com.suma.midware.home/com.suma.midware.home.third.Main3DActivity})
01-01 08:00:24.311 W/KeyguardServiceDelegate( 2019): onScreenTurnedOn(): no keyguard service!
01-01 08:00:24.559 I/SystemServiceManager( 2019): Starting phase 1000
01-01 08:00:24.594 I/ActivityManager( 2019): Start proc 2654:com.android.keychain/1000 for service com.android.keychain/.KeyChainService
01-01 08:00:24.595 W/BroadcastQueue( 2019): Permission Denial: receiving Intent { act=android.intent.action.BOOT_COMPLETED flg=0x8000010 (has extras) } to ProcessRecord{20c48205 2164:com.android.systemui/u0a7} (pid=2164, uid=10007) requires android.permission.RECEIVE_BOOT_COMPLETED due to sender null (uid 1000)
01-01 08:00:24.595 W/BroadcastQueue( 2019): Permission Denial: receiving Intent { act=android.intent.action.BOOT_COMPLETED flg=0x8000010 (has extras) } to ProcessRecord{20c48205 2164:com.android.systemui/u0a7} (pid=2164, uid=10007) requires android.permission.RECEIVE_BOOT_COMPLETED due to sender null (uid 1000)
01-01 08:00:24.596 W/BroadcastQueue( 2019): Permission Denial: receiving Intent { act=android.intent.action.BOOT_COMPLETED flg=0x8000010 (has extras) } to com.android.systemui/.BootReceiver requires android.permission.RECEIVE_BOOT_COMPLETED due to sender null (uid 1000)
01-01 08:00:24.597 W/BroadcastQueue( 2019): Permission Denial: receiving Intent { act=android.intent.action.BOOT_COMPLETED flg=0x8000010 (has extras) } to com.android.phone/.OtaStartupReceiver requires android.permission.RECEIVE_BOOT_COMPLETED due to sender null (uid 1000)
01-01 08:00:24.597 W/BroadcastQueue( 2019): Permission Denial: receiving Intent { act=android.intent.action.BOOT_COMPLETED flg=0x8000010 (has extras) } to com.android.providers.downloads/.DownloadReceiver requires android.permission.RECEIVE_BOOT_COMPLETED due to sender null (uid 1000)
01-01 08:00:24.597 W/BroadcastQueue( 2019): Permission Denial: receiving Intent { act=android.intent.action.BOOT_COMPLETED flg=0x8000010 (has extras) } to com.android.managedprovisioning/.BootReminder requires android.permission.RECEIVE_BOOT_COMPLETED due to sender null (uid 1000)
01-01 08:00:24.597 W/BroadcastQueue( 2019): Permission Denial: receiving Intent { act=android.intent.action.BOOT_COMPLETED flg=0x8000010 (has extras) } to com.android.providers.media/.MediaScannerReceiver requires android.permission.RECEIVE_BOOT_COMPLETED due to sender null (uid 1000)
01-01 08:00:24.597 W/BroadcastQueue( 2019): Permission Denial: receiving Intent { act=android.intent.action.BOOT_COMPLETED flg=0x8000010 (has extras) } to com.android.providers.media/.MtpReceiver requires android.permission.RECEIVE_BOOT_COMPLETED due to sender null (uid 1000)
01-01 08:00:24.600 W/ContextImpl( 2408): Calling a method in the system process without a qualified user: android.app.ContextImpl.startService:1710 android.content.ContextWrapper.startService:516 android.content.ContextWrapper.startService:516 com.hisilicon.android.hiRMService.HiRMBroadcastReceiver.onReceive:21 android.app.ActivityThread.handleReceiver:2609 
01-01 08:00:24.605 I/BootReceiver( 2019): Copying audit failures to DropBox
01-01 08:00:24.605 I/BootReceiver( 2019): Checking for fsck errors
01-01 08:00:24.618 D/WifiService( 2019): New client listening to asynchronous messages
01-01 08:00:24.660 W/BroadcastQueue( 2019): Permission Denial: receiving Intent { act=android.intent.action.BOOT_COMPLETED flg=0x8000010 (has extras) } to com.huan.appstore/.receiver.DeviceBootReceiver requires android.permission.RECEIVE_BOOT_COMPLETED due to sender null (uid 1000)
01-01 08:00:24.692 I/ActivityManager( 2019): Start proc 2680:com.sumavision.admindm/1000 for broadcast com.sumavision.admindm/.StartSessionBroadcastReceiver
01-01 08:00:24.732 W/ContextImpl( 2680): Calling a method in the system process without a qualified user: android.app.ContextImpl.startService:1710 android.content.ContextWrapper.startService:516 android.content.ContextWrapper.startService:516 com.sumavision.admindm.StartSessionBroadcastReceiver.onReceive:-1 android.app.ActivityThread.handleReceiver:2609 
01-01 08:00:24.735 W/ContextImpl( 2426): Calling a method in the system process without a qualified user: android.app.ContextImpl.startService:1710 android.content.ContextWrapper.startService:516 android.content.ContextWrapper.startService:516 com.suma.midware.dms.util.DmsUtil.a:-1 com.suma.midware.dms.util.DmsUtil.a:-1 
01-01 08:00:24.736 W/AlarmManager( 2019): Suspiciously short interval 5000 millis; expanding to 60 seconds
01-01 08:00:24.739 W/ContextImpl( 2450): Calling a method in the system process without a qualified user: android.app.ContextImpl.startService:1710 android.content.ContextWrapper.startService:516 com.suma.midware.global.receiver.BootReceiver.onReceive:-1 android.app.ActivityThread.handleReceiver:2609 android.app.ActivityThread.access$1700:151 
01-01 08:00:24.740 W/AlarmManager( 2019): Suspiciously short interval 10000 millis; expanding to 60 seconds
01-01 08:00:24.745 W/ContextImpl( 2364): Calling a method in the system process without a qualified user: android.app.ContextImpl.startService:1710 android.content.ContextWrapper.startService:516 android.content.ContextWrapper.startService:516 com.suma.midware.back.BackReceiver.onReceive:-1 android.app.ActivityThread.handleReceiver:2609 
01-01 08:00:24.781 I/ActivityManager( 2019): Start proc 2700:com.suma.midware.setting/1000 for broadcast com.suma.midware.setting/.BootReceiver
01-01 08:00:24.789 W/AlarmManager( 2019): Suspiciously short interval 5000 millis; expanding to 60 seconds
01-01 08:00:24.847 W/ContextImpl( 2488): Calling a method in the system process without a qualified user: android.app.ContextImpl.sendBroadcast:1345 android.content.ContextWrapper.sendBroadcast:377 com.suma.midware.home.third.Main3DActivity.a:-1 com.suma.midware.home.third.h.a:-1 com.sumavision.engine.core.base.c.onDrawFrame:-1 
01-01 08:00:24.870 W/ContextImpl( 2700): Calling a method in the system process without a qualified user: android.app.ContextImpl.bindService:1774 android.content.ContextWrapper.bindService:539 com.suma.midware.prop.i.b:-1 com.suma.midware.prop.i.a:-1 com.suma.midware.setting.SetApplication.onCreate:-1 
01-01 08:00:24.882 W/ContextImpl( 2700): Calling a method in the system process without a qualified user: android.app.ContextImpl.startService:1710 android.content.ContextWrapper.startService:516 android.content.ContextWrapper.startService:516 com.suma.midware.setting.BootReceiver.onReceive:-1 android.app.ActivityThread.handleReceiver:2609 
01-01 08:00:24.885 W/AlarmManager( 2019): Suspiciously short interval 10000 millis; expanding to 60 seconds
01-01 08:00:24.919 D/WifiService( 2019): New client listening to asynchronous messages
01-01 08:00:24.923 W/ContextImpl( 2680): Calling a method in the system process without a qualified user: android.app.ContextImpl.bindService:1774 android.content.ContextWrapper.bindService:539 com.suma.midware.prop.i.c:-1 com.suma.midware.prop.i.a:-1 com.sumavision.b.a.<init>:-1 
01-01 08:00:31.499 D/ConnectivityService( 2019): registerNetworkAgent NetworkAgentInfo{ ni{[type: WIFI[], state: CONNECTING/CONNECTING, reason: (unspecified), extra: "ipanel", roaming: false, failover: false, isAvailable: true, isConnectedToProvisioningNetwork: false]}  network{null}  lp{{LinkAddresses: []  Routes: [] DnsAddresses: [] Domains: null MTU: 0 TcpBufferSizes: 524288,1048576,2097152,262144,524288,1048576}}  nc{[ Transports: WIFI Capabilities: INTERNET&NOT_RESTRICTED&TRUSTED&NOT_VPN LinkUpBandwidth>=1048576Kbps LinkDnBandwidth>=1048576Kbps]}  Score{20}  everValidated{false}  lastValidated{false}  created{false}  explicitlySelected{false} }
01-01 08:00:31.499 D/ConnectivityService( 2019): NetworkAgentInfo [WIFI () - 100] EVENT_NETWORK_INFO_CHANGED, going from null to CONNECTING
01-01 08:00:31.510 D/ConnectivityService( 2019): updateNetworkScore for NetworkAgentInfo [WIFI () - 100] to 60
01-01 08:00:32.130 D/ConnectivityService( 2019): NetworkAgentInfo [WIFI () - 100] EVENT_NETWORK_INFO_CHANGED, going from CONNECTING to CONNECTED
01-01 08:00:32.133 D/ConnectivityService( 2019): Adding iface wlan0 to network 100
01-01 08:00:32.160 E/ConnectivityService( 2019): Unexpected mtu value: 0, wlan0
01-01 08:00:32.161 D/ConnectivityService( 2019): Adding Route [fe80::/64 -> :: wlan0] to network 100
01-01 08:00:32.161 D/ConnectivityService( 2019): Adding Route [192.168.0.0/24 -> 0.0.0.0 wlan0] to network 100
01-01 08:00:32.162 D/ConnectivityService( 2019): Adding Route [0.0.0.0/0 -> 192.168.0.1 wlan0] to network 100
01-01 08:00:32.163 D/ConnectivityService( 2019): Setting Dns servers for network 100 to [/10.11.11.50, /202.99.224.68]
01-01 08:00:32.167 D/ConnectivityService( 2019): notifyType IP_CHANGED for NetworkAgentInfo [WIFI () - 100]
01-01 08:00:32.169 D/ConnectivityService( 2019): notifyType PRECHECK for NetworkAgentInfo [WIFI () - 100]
01-01 08:00:32.169 D/ConnectivityService( 2019): rematching NetworkAgentInfo [WIFI () - 100]
01-01 08:00:32.170 D/ConnectivityService( 2019):    accepting network in place of null
01-01 08:00:32.170 D/ConnectivityService( 2019): Switching to new default network: NetworkAgentInfo{ ni{[type: WIFI[], state: CONNECTED/CONNECTED, reason: (unspecified), extra: "ipanel", roaming: false, failover: false, isAvailable: true, isConnectedToProvisioningNetwork: false]}  network{100}  lp{{InterfaceName: wlan0 LinkAddresses: [192.168.0.101/24,]  Routes: [fe80::/64 -> :: wlan0,192.168.0.0/24 -> 0.0.0.0 wlan0,0.0.0.0/0 -> 192.168.0.1 wlan0,] DnsAddresses: [10.11.11.50,202.99.224.68,] Domains:  MTU: 0 TcpBufferSizes: 524288,1048576,2097152,262144,524288,1048576}}  nc{[ Transports: WIFI Capabilities: INTERNET&NOT_RESTRICTED&TRUSTED&NOT_VPN LinkUpBandwidth>=1048576Kbps LinkDnBandwidth>=1048576Kbps]}  Score{20}  everValidated{false}  lastValidated{false}  created{true}  explicitlySelected{false} }
01-01 08:00:32.171 D/ConnectivityService( 2019): Setting tx/rx TCP buffers to 524288,1048576,2097152,262144,524288,1048576
01-01 08:00:32.173 D/ConnectivityService( 2019): notifyType AVAILABLE for NetworkAgentInfo [WIFI () - 100]
01-01 08:00:32.174 D/CSLegacyTypeTracker( 2019): Sending connected broadcast for type 1 NetworkAgentInfo [WIFI () - 100] isDefaultNetwork=true
01-01 08:00:32.174 D/ConnectivityService( 2019): sendStickyBroadcast: action=android.net.conn.CONNECTIVITY_CHANGE_IMMEDIATE
01-01 08:00:32.174 D/ConnectivityService( 2019): sendStickyBroadcast: action=android.net.conn.CONNECTIVITY_CHANGE
01-01 08:00:32.175 D/ConnectivityService( 2019): setProvNotificationVisibleIntent: E visible=false networkType=0 extraInfo=null
01-01 08:00:32.175 D/ConnectivityService( 2019): Validated NetworkAgentInfo [WIFI () - 100]
01-01 08:00:32.175 D/ConnectivityService( 2019): rematching NetworkAgentInfo [WIFI () - 100]
01-01 08:00:32.175 D/ConnectivityService( 2019): Network NetworkAgentInfo [WIFI () - 100] was already satisfying request 1. No change.
01-01 08:00:32.175 D/ConnectivityService( 2019): notifyType AVAILABLE for NetworkAgentInfo [WIFI () - 100]
01-01 08:00:32.175 D/ConnectivityService( 2019): sendStickyBroadcast: action=android.net.conn.INET_CONDITION_ACTION
01-01 08:00:33.082 D/ConnectivityService( 2019): notifyType IP_CHANGED for NetworkAgentInfo [WIFI () - 100]
01-01 08:00:34.484 I/ActivityManager( 2019): START u0 {act= cmp=com.suma.midware.vod/.user.UserActivity} from uid 1000 on display 0
01-01 08:00:34.489 V/WindowManager( 2019): addAppToken: AppWindowToken{9cfa0ed token=Token{1560b304 ActivityRecord{5d6f317 u0 com.suma.midware.vod/.user.UserActivity t157}}} to stack=1 task=157 at 0
01-01 08:00:34.505 W/ContextImpl( 2488): Calling a method in the system process without a qualified user: android.app.ContextImpl.sendBroadcast:1345 android.content.ContextWrapper.sendBroadcast:377 android.app.ActivityThread.performPauseActivity:3259 android.app.ActivityThread.performPauseActivity:3225 android.app.ActivityThread.handlePauseActivity:3200 
01-01 08:00:34.538 I/ActivityManager( 2019): Start proc 2794:com.suma.midware.vod/1000 for activity com.suma.midware.vod/.user.UserActivity
01-01 08:00:34.601 V/WindowManager( 2019): Adding window Window{3f6f2e0f u0 Starting com.suma.midware.vod} at 4 of 9 (after Window{941029e u0 com.suma.midware.home/com.suma.midware.home.third.Main3DActivity})
01-01 08:00:34.630 W/ContextImpl( 2794): Calling a method in the system process without a qualified user: android.app.ContextImpl.bindService:1774 android.content.ContextWrapper.bindService:539 com.suma.midware.prop.i.b:-1 com.suma.midware.prop.i.a:-1 com.suma.midware.vod.VodApplication.onCreate:-1 
01-01 08:00:34.818 W/ContextImpl( 2794): Calling a method in the system process without a qualified user: android.app.ContextImpl.sendBroadcast:1345 android.content.ContextWrapper.sendBroadcast:377 android.app.ActivityThread.performResumeActivity:2982 android.app.ActivityThread.handleResumeActivity:3023 android.app.ActivityThread.handleLaunchActivity:2392 
01-01 08:00:34.832 V/WindowManager( 2019): Adding window Window{243920a0 u0 com.suma.midware.vod/com.suma.midware.vod.user.UserActivity} at 4 of 10 (before Window{3f6f2e0f u0 Starting com.suma.midware.vod})
01-01 08:00:34.870 W/ViewRootImpl( 2794): Cancelling event due to no window focus: KeyEvent { action=ACTION_UP, keyCode=KEYCODE_DPAD_CENTER, scanCode=28, metaState=0, flags=0x80000028, repeatCount=0, eventTime=38148, downTime=37939, deviceId=3, source=0x701 }
01-01 08:00:34.870 W/ViewRootImpl( 2794): Cancelling event due to no window focus: KeyEvent { action=ACTION_UP, keyCode=KEYCODE_DPAD_CENTER, scanCode=28, metaState=0, flags=0x80000028, repeatCount=0, eventTime=38148, downTime=37939, deviceId=3, source=0x701 }
01-01 08:00:34.870 W/ViewRootImpl( 2794): Cancelling event due to no window focus: KeyEvent { action=ACTION_UP, keyCode=KEYCODE_DPAD_CENTER, scanCode=28, metaState=0, flags=0x80000028, repeatCount=0, eventTime=38148, downTime=37939, deviceId=3, source=0x701 }
01-01 08:00:34.870 W/ViewRootImpl( 2794): Cancelling event due to no window focus: KeyEvent { action=ACTION_UP, keyCode=KEYCODE_DPAD_CENTER, scanCode=28, metaState=0, flags=0x80000028, repeatCount=0, eventTime=38148, downTime=37939, deviceId=3, source=0x701 }
01-01 08:00:34.870 W/ViewRootImpl( 2794): Cancelling event due to no window focus: KeyEvent { action=ACTION_UP, keyCode=KEYCODE_DPAD_CENTER, scanCode=28, metaState=0, flags=0x80000028, repeatCount=0, eventTime=38148, downTime=37939, deviceId=3, source=0x701 }
01-01 08:00:34.870 W/ViewRootImpl( 2794): Cancelling event due to no window focus: KeyEvent { action=ACTION_UP, keyCode=KEYCODE_DPAD_CENTER, scanCode=28, metaState=0, flags=0x80000028, repeatCount=0, eventTime=38148, downTime=37939, deviceId=3, source=0x701 }
01-01 08:00:34.870 W/ViewRootImpl( 2794): Cancelling event due to no window focus: KeyEvent { action=ACTION_UP, keyCode=KEYCODE_DPAD_CENTER, scanCode=28, metaState=0, flags=0x80000028, repeatCount=0, eventTime=38148, downTime=37939, deviceId=3, source=0x701 }
01-01 08:00:34.870 W/ViewRootImpl( 2794): Cancelling event due to no window focus: KeyEvent { action=ACTION_UP, keyCode=KEYCODE_DPAD_CENTER, scanCode=28, metaState=0, flags=0x80000028, repeatCount=0, eventTime=38148, downTime=37939, deviceId=3, source=0x701 }
01-01 08:00:34.870 W/ViewRootImpl( 2794): Cancelling event due to no window focus: KeyEvent { action=ACTION_UP, keyCode=KEYCODE_DPAD_CENTER, scanCode=28, metaState=0, flags=0x80000028, repeatCount=0, eventTime=38148, downTime=37939, deviceId=3, source=0x701 }
01-01 08:00:34.961 D/WifiService( 2019): New client listening to asynchronous messages
01-01 08:00:36.155 W/ContextImpl( 2794): Calling a method in the system process without a qualified user: android.app.ContextImpl.sendBroadcast:1345 android.content.ContextWrapper.sendBroadcast:377 android.app.ActivityThread.performPauseActivity:3259 android.app.ActivityThread.performPauseActivity:3225 android.app.ActivityThread.handlePauseActivity:3200 
01-01 08:00:36.184 W/ContextImpl( 2488): Calling a method in the system process without a qualified user: android.app.ContextImpl.sendBroadcast:1345 android.content.ContextWrapper.sendBroadcast:377 com.suma.midware.view.ext.BluetoothUpdate.b:-1 com.suma.midware.home.third.Main3DActivity.onResume:-1 android.app.Instrumentation.callActivityOnResume:1257 
01-01 08:00:36.187 W/ContextImpl( 2488): Calling a method in the system process without a qualified user: android.app.ContextImpl.sendBroadcast:1345 android.content.ContextWrapper.sendBroadcast:377 android.app.ActivityThread.performResumeActivity:2982 android.app.ActivityThread.handleResumeActivity:3023 android.app.ActivityThread$H.handleMessage:1347 
01-01 08:00:38.549 I/ActivityManager( 2019): START u0 {act= cmp=com.suma.midware.setting/.main.SystemMainActivity} from uid 1000 on display 0
01-01 08:00:38.551 V/WindowManager( 2019): addAppToken: AppWindowToken{3974ffda token=Token{1f07b585 ActivityRecord{21405afc u0 com.suma.midware.setting/.main.SystemMainActivity t158}}} to stack=1 task=158 at 0
01-01 08:00:38.559 W/ContextImpl( 2488): Calling a method in the system process without a qualified user: android.app.ContextImpl.sendBroadcast:1345 android.content.ContextWrapper.sendBroadcast:377 android.app.ActivityThread.performPauseActivity:3259 android.app.ActivityThread.performPauseActivity:3225 android.app.ActivityThread.handlePauseActivity:3200 
01-01 08:00:38.636 V/WindowManager( 2019): Adding window Window{30c103d u0 Starting com.suma.midware.setting} at 4 of 9 (after Window{941029e u0 com.suma.midware.home/com.suma.midware.home.third.Main3DActivity})
01-01 08:00:38.688 W/ContextImpl( 2700): Calling a method in the system process without a qualified user: android.app.ContextImpl.sendBroadcast:1345 android.content.ContextWrapper.sendBroadcast:377 android.app.ActivityThread.performResumeActivity:2982 android.app.ActivityThread.handleResumeActivity:3023 android.app.ActivityThread.handleLaunchActivity:2392 
01-01 08:00:38.704 V/WindowManager( 2019): Adding window Window{2ce7b2c u0 com.suma.midware.setting/com.suma.midware.setting.main.SystemMainActivity} at 4 of 10 (before Window{30c103d u0 Starting com.suma.midware.setting})
01-01 08:00:39.733 I/ActivityManager( 2019): Waited long enough for: ServiceRecord{fb51f3 u0 com.sumavision.admindm/.Session}
01-01 08:00:40.192 D/TaskPersister( 2019): removeObsoleteFile: deleting file=139_task.xml
01-01 08:00:40.193 D/TaskPersister( 2019): removeObsoleteFile: deleting file=123_task.xml
01-01 08:00:40.193 D/TaskPersister( 2019): removeObsoleteFile: deleting file=139_task_thumbnail.png
01-01 08:00:40.194 D/TaskPersister( 2019): removeObsoleteFile: deleting file=123_task_thumbnail.png
01-01 08:00:41.300 I/ActivityManager( 2019): START u0 {cmp=com.suma.midware.setting/.net.NetMainActivity} from uid 1000 on display 0
01-01 08:00:41.307 V/WindowManager( 2019): addAppToken: AppWindowToken{262e5071 token=Token{3e1e18 ActivityRecord{29f18dfb u0 com.suma.midware.setting/.net.NetMainActivity t158}}} to stack=1 task=158 at 1
01-01 08:00:41.310 W/ContextImpl( 2700): Calling a method in the system process without a qualified user: android.app.ContextImpl.sendBroadcast:1345 android.content.ContextWrapper.sendBroadcast:377 android.app.ActivityThread.performPauseActivity:3259 android.app.ActivityThread.performPauseActivity:3225 android.app.ActivityThread.handlePauseActivity:3200 
01-01 08:00:41.401 W/ContextImpl( 2700): Calling a method in the system process without a qualified user: android.app.ContextImpl.sendBroadcast:1345 android.content.ContextWrapper.sendBroadcast:377 android.app.ActivityThread.performResumeActivity:2982 android.app.ActivityThread.handleResumeActivity:3023 android.app.ActivityThread.handleLaunchActivity:2392 
01-01 08:00:41.403 V/WindowManager( 2019): Adding window Window{3f6489e2 u0 com.suma.midware.setting/com.suma.midware.setting.net.NetMainActivity} at 5 of 10 (after Window{2ce7b2c u0 com.suma.midware.setting/com.suma.midware.setting.main.SystemMainActivity})
11-02 19:36:29.006 W/ContextImpl( 2364): Calling a method in the system process without a qualified user: android.app.ContextImpl.sendBroadcast:1345 android.content.ContextWrapper.sendBroadcast:377 com.suma.midware.back.ivideo.b.a:-1 com.suma.midware.back.ivideo.neimeng.IvideoDealerNeimeng.b:-1 com.suma.midware.back.ivideo.neimeng.IvideoDealerNeimeng.e:-1 
11-02 19:36:29.081 W/ContextImpl( 2364): Calling a method in the system process without a qualified user: android.app.ContextImpl.sendBroadcast:1345 android.content.ContextWrapper.sendBroadcast:377 com.suma.midware.back.ivideo.b.a:-1 com.suma.midware.back.ivideo.neimeng.IvideoDealerNeimeng.e:-1 com.suma.midware.back.ivideo.e.run:-1 
11-02 19:36:29.231 W/ContextImpl( 2364): Calling a method in the system process without a qualified user: android.app.ContextImpl.sendBroadcast:1345 android.content.ContextWrapper.sendBroadcast:377 com.suma.midware.back.ivideo.b.a:-1 com.suma.midware.back.ivideo.neimeng.IvideoDealerNeimeng.e:-1 com.suma.midware.back.ivideo.e.run:-1 
11-02 19:36:30.489 I/ActivityManager( 2019): START u0 {cmp=com.suma.midware.setting/.net.WifiConnectActivity} from uid 1000 on display 0
11-02 19:36:30.492 V/WindowManager( 2019): addAppToken: AppWindowToken{21b59ca9 token=Token{140e9830 ActivityRecord{269dc173 u0 com.suma.midware.setting/.net.WifiConnectActivity t158}}} to stack=1 task=158 at 2
11-02 19:36:30.494 W/ContextImpl( 2700): Calling a method in the system process without a qualified user: android.app.ContextImpl.sendBroadcast:1345 android.content.ContextWrapper.sendBroadcast:377 android.app.ActivityThread.performPauseActivity:3259 android.app.ActivityThread.performPauseActivity:3225 android.app.ActivityThread.handlePauseActivity:3200 
11-02 19:36:30.577 W/ContextImpl( 2700): Calling a method in the system process without a qualified user: android.app.ContextImpl.sendBroadcast:1345 android.content.ContextWrapper.sendBroadcast:377 android.app.ActivityThread.performResumeActivity:2982 android.app.ActivityThread.handleResumeActivity:3023 android.app.ActivityThread.handleLaunchActivity:2392 
11-02 19:36:30.580 V/WindowManager( 2019): Adding window Window{3de337e1 u0 com.suma.midware.setting/com.suma.midware.setting.net.WifiConnectActivity} at 6 of 11 (after Window{3f6489e2 u0 com.suma.midware.setting/com.suma.midware.setting.net.NetMainActivity})
11-02 19:36:31.646 W/ContextImpl( 2364): Calling a method in the system process without a qualified user: android.app.ContextImpl.sendBroadcast:1345 android.content.ContextWrapper.sendBroadcast:377 com.suma.midware.back.esg.e.f:-1 com.suma.midware.back.esg.f.run:-1 com.suma.midware.prop.util.c.run:-1 
11-02 19:36:32.345 W/ContextImpl( 2700): Calling a method in the system process without a qualified user: android.app.ContextImpl.sendBroadcast:1345 android.content.ContextWrapper.sendBroadcast:377 android.app.ActivityThread.performPauseActivity:3259 android.app.ActivityThread.performPauseActivity:3225 android.app.ActivityThread.handlePauseActivity:3200 
11-02 19:36:32.355 W/ContextImpl( 2700): Calling a method in the system process without a qualified user: android.app.ContextImpl.sendBroadcast:1345 android.content.ContextWrapper.sendBroadcast:377 android.app.ActivityThread.performResumeActivity:2982 android.app.ActivityThread.handleResumeActivity:3023 android.app.ActivityThread$H.handleMessage:1347 
11-02 19:36:32.649 W/ContextImpl( 2364): Calling a method in the system process without a qualified user: android.app.ContextImpl.sendBroadcast:1345 android.content.ContextWrapper.sendBroadcast:377 com.suma.midware.back.esg.e.f:-1 com.suma.midware.back.esg.f.run:-1 com.suma.midware.prop.util.c.run:-1 
11-02 19:36:35.258 W/ContextImpl( 2700): Calling a method in the system process without a qualified user: android.app.ContextImpl.sendBroadcast:1345 android.content.ContextWrapper.sendBroadcast:377 android.app.ActivityThread.performPauseActivity:3259 android.app.ActivityThread.performPauseActivity:3225 android.app.ActivityThread.handlePauseActivity:3200 
11-02 19:36:35.264 W/ContextImpl( 2700): Calling a method in the system process without a qualified user: android.app.ContextImpl.sendBroadcast:1345 android.content.ContextWrapper.sendBroadcast:377 android.app.ActivityThread.performResumeActivity:2982 android.app.ActivityThread.handleResumeActivity:3023 android.app.ActivityThread$H.handleMessage:1347 
11-02 19:36:35.651 W/ContextImpl( 2364): Calling a method in the system process without a qualified user: android.app.ContextImpl.sendBroadcast:1345 android.content.ContextWrapper.sendBroadcast:377 com.suma.midware.back.esg.e.f:-1 com.suma.midware.back.esg.f.run:-1 com.suma.midware.prop.util.c.run:-1 
11-02 19:36:36.247 W/ContextImpl( 2700): Calling a method in the system process without a qualified user: android.app.ContextImpl.sendBroadcast:1345 android.content.ContextWrapper.sendBroadcast:377 android.app.ActivityThread.performPauseActivity:3259 android.app.ActivityThread.performPauseActivity:3225 android.app.ActivityThread.handlePauseActivity:3200 
11-02 19:36:36.264 W/ContextImpl( 2488): Calling a method in the system process without a qualified user: android.app.ContextImpl.sendBroadcast:1345 android.content.ContextWrapper.sendBroadcast:377 com.suma.midware.view.ext.BluetoothUpdate.b:-1 com.suma.midware.home.third.Main3DActivity.onResume:-1 android.app.Instrumentation.callActivityOnResume:1257 
11-02 19:36:36.266 W/ContextImpl( 2488): Calling a method in the system process without a qualified user: android.app.ContextImpl.sendBroadcast:1345 android.content.ContextWrapper.sendBroadcast:377 android.app.ActivityThread.performResumeActivity:2982 android.app.ActivityThread.handleResumeActivity:3023 android.app.ActivityThread$H.handleMessage:1347 
11-02 19:36:36.654 W/ContextImpl( 2364): Calling a method in the system process without a qualified user: android.app.ContextImpl.sendBroadcast:1345 android.content.ContextWrapper.sendBroadcast:377 com.suma.midware.back.esg.e.f:-1 com.suma.midware.back.esg.f.run:-1 com.suma.midware.prop.util.c.run:-1 
11-02 19:36:39.657 W/ContextImpl( 2364): Calling a method in the system process without a qualified user: android.app.ContextImpl.sendBroadcast:1345 android.content.ContextWrapper.sendBroadcast:377 com.suma.midware.back.esg.e.f:-1 com.suma.midware.back.esg.f.run:-1 com.suma.midware.prop.util.c.run:-1 
11-02 19:36:40.132 I/ActivityManager( 2019): START u0 {act= cmp=com.ipanel.android_webview.shell/com.ipanel.webapp.BrowserActivity (has extras)} from uid 1000 on display 0
11-02 19:36:40.134 V/WindowManager( 2019): addAppToken: AppWindowToken{e228878 token=Token{3215a5db ActivityRecord{13851eea u0 com.ipanel.android_webview.shell/com.ipanel.webapp.BrowserActivity t159}}} to stack=1 task=159 at 0
11-02 19:36:40.140 V/WindowManager( 2019): Adding window Window{1dbedb8d u0 Starting com.ipanel.android_webview.shell} at 4 of 9 (after Window{941029e u0 com.suma.midware.home/com.suma.midware.home.third.Main3DActivity})
11-02 19:36:40.142 W/ContextImpl( 2488): Calling a method in the system process without a qualified user: android.app.ContextImpl.sendBroadcast:1345 android.content.ContextWrapper.sendBroadcast:377 android.app.ActivityThread.performPauseActivity:3259 android.app.ActivityThread.performPauseActivity:3225 android.app.ActivityThread.handlePauseActivity:3200 
11-02 19:36:40.178 I/ActivityManager( 2019): Start proc 2881:com.ipanel.android_webview.shell/u0a24 for activity com.ipanel.android_webview.shell/com.ipanel.webapp.BrowserActivity
11-02 19:36:40.182 W/ViewRootImpl( 2488): Cancelling event due to no window focus: KeyEvent { action=ACTION_UP, keyCode=KEYCODE_DPAD_CENTER, scanCode=28, metaState=0, flags=0x28, repeatCount=0, eventTime=56084, downTime=56077, deviceId=3, source=0x701 }
11-02 19:36:40.182 W/ViewRootImpl( 2488): Cancelling event due to no window focus: KeyEvent { action=ACTION_UP, keyCode=KEYCODE_DPAD_CENTER, scanCode=28, metaState=0, flags=0x28, repeatCount=0, eventTime=56084, downTime=56077, deviceId=3, source=0x701 }
11-02 19:36:40.182 W/ViewRootImpl( 2488): Cancelling event due to no window focus: KeyEvent { action=ACTION_UP, keyCode=KEYCODE_DPAD_CENTER, scanCode=28, metaState=0, flags=0x28, repeatCount=0, eventTime=56084, downTime=56077, deviceId=3, source=0x701 }
11-02 19:36:40.182 W/ViewRootImpl( 2488): Cancelling event due to no window focus: KeyEvent { action=ACTION_UP, keyCode=KEYCODE_DPAD_CENTER, scanCode=28, metaState=0, flags=0x28, repeatCount=0, eventTime=56084, downTime=56077, deviceId=3, source=0x701 }
11-02 19:36:40.182 W/ViewRootImpl( 2488): Cancelling event due to no window focus: KeyEvent { action=ACTION_UP, keyCode=KEYCODE_DPAD_CENTER, scanCode=28, metaState=0, flags=0x28, repeatCount=0, eventTime=56084, downTime=56077, deviceId=3, source=0x701 }
11-02 19:36:40.182 W/ViewRootImpl( 2488): Cancelling event due to no window focus: KeyEvent { action=ACTION_UP, keyCode=KEYCODE_DPAD_CENTER, scanCode=28, metaState=0, flags=0x28, repeatCount=0, eventTime=56084, downTime=56077, deviceId=3, source=0x701 }
11-02 19:36:40.622 V/WindowManager( 2019): Adding window Window{8632dbb u0 com.ipanel.android_webview.shell/com.ipanel.webapp.BrowserActivity} at 4 of 10 (before Window{1dbedb8d u0 Starting com.ipanel.android_webview.shell})
11-02 19:36:40.645 D/ConnectivityService( 2019): listenForNetwork for NetworkRequest [ id=3, legacyType=-1, [ Capabilities: INTERNET&NOT_RESTRICTED&TRUSTED] ]
11-02 19:36:40.645 D/ConnectivityService( 2019): handleRegisterNetworkRequest checking NetworkAgentInfo [WIFI () - 100]
11-02 19:36:40.645 D/ConnectivityService( 2019): apparently satisfied.  currentScore=60
11-02 19:36:40.658 W/ContextImpl( 2364): Calling a method in the system process without a qualified user: android.app.ContextImpl.sendBroadcast:1345 android.content.ContextWrapper.sendBroadcast:377 com.suma.midware.back.esg.e.f:-1 com.suma.midware.back.esg.f.run:-1 com.suma.midware.prop.util.c.run:-1 
11-02 19:36:40.702 V/WindowManager( 2019): Adding window Window{1dc41484 u0 SurfaceView} at 4 of 11 (before Window{8632dbb u0 com.ipanel.android_webview.shell/com.ipanel.webapp.BrowserActivity})
11-02 19:36:40.802 V/WindowManager( 2019): Adding window Window{127e8a2 u0 SurfaceView} at 5 of 12 (before Window{8632dbb u0 com.ipanel.android_webview.shell/com.ipanel.webapp.BrowserActivity})
11-02 19:36:40.869 W/ViewRootImpl( 2881): Cancelling event due to no window focus: KeyEvent { action=ACTION_UP, keyCode=KEYCODE_DPAD_CENTER, scanCode=28, metaState=0, flags=0x80000028, repeatCount=0, eventTime=56288, downTime=56077, deviceId=3, source=0x701 }
11-02 19:36:40.869 W/ViewRootImpl( 2881): Cancelling event due to no window focus: KeyEvent { action=ACTION_UP, keyCode=KEYCODE_DPAD_CENTER, scanCode=28, metaState=0, flags=0x80000028, repeatCount=0, eventTime=56288, downTime=56077, deviceId=3, source=0x701 }
11-02 19:36:40.869 W/ViewRootImpl( 2881): Cancelling event due to no window focus: KeyEvent { action=ACTION_UP, keyCode=KEYCODE_DPAD_CENTER, scanCode=28, metaState=0, flags=0x80000028, repeatCount=0, eventTime=56288, downTime=56077, deviceId=3, source=0x701 }
11-02 19:36:40.869 W/ViewRootImpl( 2881): Cancelling event due to no window focus: KeyEvent { action=ACTION_UP, keyCode=KEYCODE_DPAD_CENTER, scanCode=28, metaState=0, flags=0x80000028, repeatCount=0, eventTime=56288, downTime=56077, deviceId=3, source=0x701 }
11-02 19:36:40.869 W/ViewRootImpl( 2881): Cancelling event due to no window focus: KeyEvent { action=ACTION_UP, keyCode=KEYCODE_DPAD_CENTER, scanCode=28, metaState=0, flags=0x80000028, repeatCount=0, eventTime=56288, downTime=56077, deviceId=3, source=0x701 }
11-02 19:36:40.869 W/ViewRootImpl( 2881): Cancelling event due to no window focus: KeyEvent { action=ACTION_UP, keyCode=KEYCODE_DPAD_CENTER, scanCode=28, metaState=0, flags=0x80000028, repeatCount=0, eventTime=56288, downTime=56077, deviceId=3, source=0x701 }
11-02 19:36:40.872 W/ViewRootImpl( 2881): Cancelling event due to no window focus: KeyEvent { action=ACTION_UP, keyCode=KEYCODE_DPAD_CENTER, scanCode=28, metaState=0, flags=0x80000028, repeatCount=0, eventTime=56288, downTime=56077, deviceId=3, source=0x701 }
11-02 19:36:40.872 W/ViewRootImpl( 2881): Cancelling event due to no window focus: KeyEvent { action=ACTION_UP, keyCode=KEYCODE_DPAD_CENTER, scanCode=28, metaState=0, flags=0x80000028, repeatCount=0, eventTime=56288, downTime=56077, deviceId=3, source=0x701 }
11-02 19:36:40.872 W/ViewRootImpl( 2881): Cancelling event due to no window focus: KeyEvent { action=ACTION_UP, keyCode=KEYCODE_DPAD_CENTER, scanCode=28, metaState=0, flags=0x80000028, repeatCount=0, eventTime=56288, downTime=56077, deviceId=3, source=0x701 }
11-02 19:36:43.643 D/TaskPersister( 2019): removeObsoleteFile: deleting file=155_task.xml
11-02 19:36:43.644 D/TaskPersister( 2019): removeObsoleteFile: deleting file=155_task_thumbnail.png
11-02 19:36:43.661 W/ContextImpl( 2364): Calling a method in the system process without a qualified user: android.app.ContextImpl.sendBroadcast:1345 android.content.ContextWrapper.sendBroadcast:377 com.suma.midware.back.esg.e.f:-1 com.suma.midware.back.esg.f.run:-1 com.suma.midware.prop.util.c.run:-1 
11-02 19:36:44.664 W/ContextImpl( 2364): Calling a method in the system process without a qualified user: android.app.ContextImpl.sendBroadcast:1345 android.content.ContextWrapper.sendBroadcast:377 com.suma.midware.back.esg.e.f:-1 com.suma.midware.back.esg.f.run:-1 com.suma.midware.prop.util.c.run:-1 
11-02 19:36:47.667 W/ContextImpl( 2364): Calling a method in the system process without a qualified user: android.app.ContextImpl.sendBroadcast:1345 android.content.ContextWrapper.sendBroadcast:377 com.suma.midware.back.esg.e.f:-1 com.suma.midware.back.esg.f.run:-1 com.suma.midware.prop.util.c.run:-1 
11-02 19:36:48.670 W/ContextImpl( 2364): Calling a method in the system process without a qualified user: android.app.ContextImpl.sendBroadcast:1345 android.content.ContextWrapper.sendBroadcast:377 com.suma.midware.back.esg.e.f:-1 com.suma.midware.back.esg.f.run:-1 com.suma.midware.prop.util.c.run:-1 
11-02 19:36:51.674 W/ContextImpl( 2364): Calling a method in the system process without a qualified user: android.app.ContextImpl.sendBroadcast:1345 android.content.ContextWrapper.sendBroadcast:377 com.suma.midware.back.esg.e.f:-1 com.suma.midware.back.esg.f.run:-1 com.suma.midware.prop.util.c.run:-1 
11-02 19:36:52.677 W/ContextImpl( 2364): Calling a method in the system process without a qualified user: android.app.ContextImpl.sendBroadcast:1345 android.content.ContextWrapper.sendBroadcast:377 com.suma.midware.back.esg.e.f:-1 com.suma.midware.back.esg.f.run:-1 com.suma.midware.prop.util.c.run:-1 
11-02 19:36:55.680 W/ContextImpl( 2364): Calling a method in the system process without a qualified user: android.app.ContextImpl.sendBroadcast:1345 android.content.ContextWrapper.sendBroadcast:377 com.suma.midware.back.esg.e.f:-1 com.suma.midware.back.esg.f.run:-1 com.suma.midware.prop.util.c.run:-1 
11-02 19:36:56.681 W/ContextImpl( 2364): Calling a method in the system process without a qualified user: android.app.ContextImpl.sendBroadcast:1345 android.content.ContextWrapper.sendBroadcast:377 com.suma.midware.back.esg.e.f:-1 com.suma.midware.back.esg.f.run:-1 com.suma.midware.prop.util.c.run:-1 
11-02 19:36:59.685 W/ContextImpl( 2364): Calling a method in the system process without a qualified user: android.app.ContextImpl.sendBroadcast:1345 android.content.ContextWrapper.sendBroadcast:377 com.suma.midware.back.esg.e.f:-1 com.suma.midware.back.esg.f.run:-1 com.suma.midware.prop.util.c.run:-1 
11-02 19:37:00.688 W/ContextImpl( 2364): Calling a method in the system process without a qualified user: android.app.ContextImpl.sendBroadcast:1345 android.content.ContextWrapper.sendBroadcast:377 com.suma.midware.back.esg.e.f:-1 com.suma.midware.back.esg.f.run:-1 com.suma.midware.prop.util.c.run:-1 
11-02 19:37:03.691 W/ContextImpl( 2364): Calling a method in the system process without a qualified user: android.app.ContextImpl.sendBroadcast:1345 android.content.ContextWrapper.sendBroadcast:377 com.suma.midware.back.esg.e.f:-1 com.suma.midware.back.esg.f.run:-1 com.suma.midware.prop.util.c.run:-1 
11-02 19:37:04.693 W/ContextImpl( 2364): Calling a method in the system process without a qualified user: android.app.ContextImpl.sendBroadcast:1345 android.content.ContextWrapper.sendBroadcast:377 com.suma.midware.back.esg.e.f:-1 com.suma.midware.back.esg.f.run:-1 com.suma.midware.prop.util.c.run:-1 
11-02 19:37:07.700 W/ContextImpl( 2364): Calling a method in the system process without a qualified user: android.app.ContextImpl.sendBroadcast:1345 android.content.ContextWrapper.sendBroadcast:377 com.suma.midware.back.esg.e.f:-1 com.suma.midware.back.esg.f.run:-1 com.suma.midware.prop.util.c.run:-1 
11-02 19:37:08.703 W/ContextImpl( 2364): Calling a method in the system process without a qualified user: android.app.ContextImpl.sendBroadcast:1345 android.content.ContextWrapper.sendBroadcast:377 com.suma.midware.back.esg.e.f:-1 com.suma.midware.back.esg.f.run:-1 com.suma.midware.prop.util.c.run:-1 
11-02 19:37:11.708 W/ContextImpl( 2364): Calling a method in the system process without a qualified user: android.app.ContextImpl.sendBroadcast:1345 android.content.ContextWrapper.sendBroadcast:377 com.suma.midware.back.esg.e.f:-1 com.suma.midware.back.esg.f.run:-1 com.suma.midware.prop.util.c.run:-1 
11-02 19:37:12.711 W/ContextImpl( 2364): Calling a method in the system process without a qualified user: android.app.ContextImpl.sendBroadcast:1345 android.content.ContextWrapper.sendBroadcast:377 com.suma.midware.back.esg.e.f:-1 com.suma.midware.back.esg.f.run:-1 com.suma.midware.prop.util.c.run:-1 
11-02 19:37:15.707 W/ContextImpl( 2364): Calling a method in the system process without a qualified user: android.app.ContextImpl.sendBroadcast:1345 android.content.ContextWrapper.sendBroadcast:377 com.suma.midware.back.esg.e.f:-1 com.suma.midware.back.esg.f.run:-1 com.suma.midware.prop.util.c.run:-1 
11-02 19:37:16.709 W/ContextImpl( 2364): Calling a method in the system process without a qualified user: android.app.ContextImpl.sendBroadcast:1345 android.content.ContextWrapper.sendBroadcast:377 com.suma.midware.back.esg.e.f:-1 com.suma.midware.back.esg.f.run:-1 com.suma.midware.prop.util.c.run:-1 
11-02 19:37:17.712 W/ContextImpl( 2364): Calling a method in the system process without a qualified user: android.app.ContextImpl.sendBroadcast:1345 android.content.ContextWrapper.sendBroadcast:377 com.suma.midware.back.esg.e.f:-1 com.suma.midware.back.esg.f.run:-1 com.suma.midware.prop.util.c.run:-1 
11-02 19:37:36.333 I/ActivityManager( 2019): Force stopping com.android.browser appid=10010 user=0: from pid 2364
11-02 19:37:36.335 I/ActivityManager( 2019): START u0 {act=android.intent.action.MAIN cat=[android.intent.category.HOME] flg=0x10200000 cmp=com.suma.midware.home/.third.Main3DActivity} from uid 1000 on display 0
11-02 19:37:36.356 I/ActivityManager( 2019): Process com.sumavision.android.media.v (pid 2524) has died
11-02 19:37:36.361 I/ActivityManager( 2019): Process com.suma.midware.vod (pid 2794) has died
11-02 19:37:36.382 W/ContextImpl( 2488): Calling a method in the system process without a qualified user: android.app.ContextImpl.sendBroadcast:1345 android.content.ContextWrapper.sendBroadcast:377 com.suma.midware.view.ext.BluetoothUpdate.b:-1 com.suma.midware.home.third.Main3DActivity.onResume:-1 android.app.Instrumentation.callActivityOnResume:1257 
11-02 19:37:36.384 W/ContextImpl( 2488): Calling a method in the system process without a qualified user: android.app.ContextImpl.sendBroadcast:1345 android.content.ContextWrapper.sendBroadcast:377 android.app.ActivityThread.performResumeActivity:2982 android.app.ActivityThread.handleResumeActivity:3023 android.app.ActivityThread$H.handleMessage:1347 
11-02 19:37:41.563 D/ConnectivityService( 2019): ConnectivityService NetworkRequestInfo binderDied(NetworkRequest [ id=3, legacyType=-1, [ Capabilities: INTERNET&NOT_RESTRICTED&TRUSTED] ], android.os.BinderProxy@181502dd)
11-02 19:37:41.563 I/WindowState( 2019): WIN DEATH: Window{1dc41484 u0 SurfaceView}
11-02 19:37:41.564 D/ConnectivityService( 2019): releasing NetworkRequest NetworkRequest [ id=3, legacyType=-1, [ Capabilities: INTERNET&NOT_RESTRICTED&TRUSTED] ]
11-02 19:37:41.565 I/ActivityManager( 2019): Process com.ipanel.android_webview.shell (pid 2881) has died
11-02 19:37:41.569 E/ConnectivityService( 2019): RemoteException caught trying to send a callback msg for NetworkRequest [ id=3, legacyType=-1, [ Capabilities: INTERNET&NOT_RESTRICTED&TRUSTED] ]
11-02 19:37:41.569 I/WindowState( 2019): WIN DEATH: Window{127e8a2 u0 SurfaceView}
