11-02 18:47:26.091 W/InputMethodManagerService( 2021): Session failed to close due to remote exception
11-02 18:47:26.091 W/InputMethodManagerService( 2021): android.os.DeadObjectException
11-02 18:47:26.091 W/InputMethodManagerService( 2021): 	at android.os.BinderProxy.transactNative(Native Method)
11-02 18:47:26.091 W/InputMethodManagerService( 2021): 	at android.os.BinderProxy.transact(Binder.java:496)
11-02 18:47:26.091 W/InputMethodManagerService( 2021): 	at com.android.internal.view.IInputMethodSession$Stub$Proxy.finishSession(IInputMethodSession.java:305)
11-02 18:47:26.091 W/InputMethodManagerService( 2021): 	at com.android.server.InputMethodManagerService.finishSessionLocked(InputMethodManagerService.java:1420)
11-02 18:47:26.091 W/InputMethodManagerService( 2021): 	at com.android.server.InputMethodManagerService.clearClientSessionLocked(InputMethodManagerService.java:1411)
11-02 18:47:26.091 W/InputMethodManagerService( 2021): 	at com.android.server.InputMethodManagerService.clearCurMethodLocked(InputMethodManagerService.java:1437)
11-02 18:47:26.091 W/InputMethodManagerService( 2021): 	at com.android.server.InputMethodManagerService.onServiceDisconnected(InputMethodManagerService.java:1456)
11-02 18:47:26.091 W/InputMethodManagerService( 2021): 	at android.app.LoadedApk$ServiceDispatcher.doDeath(LoadedApk.java:1215)
11-02 18:47:26.091 W/InputMethodManagerService( 2021): 	at android.app.LoadedApk$ServiceDispatcher$RunConnection.run(LoadedApk.java:1229)
11-02 18:47:26.091 W/InputMethodManagerService( 2021): 	at android.os.Handler.handleCallback(Handler.java:739)
11-02 18:47:26.091 W/InputMethodManagerService( 2021): 	at android.os.Handler.dispatchMessage(Handler.java:95)
11-02 18:47:26.091 W/InputMethodManagerService( 2021): 	at android.os.Looper.loop(Looper.java:135)
11-02 18:47:26.091 W/InputMethodManagerService( 2021): 	at com.android.server.SystemServer.run(SystemServer.java:383)
11-02 18:47:26.091 W/InputMethodManagerService( 2021): 	at com.android.server.SystemServer.main(SystemServer.java:178)
11-02 18:47:26.091 W/InputMethodManagerService( 2021): 	at java.lang.reflect.Method.invoke(Native Method)
11-02 18:47:26.091 W/InputMethodManagerService( 2021): 	at java.lang.reflect.Method.invoke(Method.java:372)
11-02 18:47:26.091 W/InputMethodManagerService( 2021): 	at com.android.internal.os.ZygoteInit$MethodAndArgsCaller.run(ZygoteInit.java:903)
11-02 18:47:26.091 W/InputMethodManagerService( 2021): 	at com.android.internal.os.ZygoteInit.main(ZygoteInit.java:698)
11-02 18:47:26.093 W/ActivityManager( 2021): Spurious death for ProcessRecord{113a9189 5051:com.amlogic.inputmethod.remote/u0a19}, curProc for 5051: null
11-02 18:47:26.094 W/ActivityManager( 2021): Invalid packageName: android.process.media
11-02 18:47:26.094 I/ActivityManager( 2021): Force stopping com.android.phone appid=1001 user=0: from pid 2367
11-02 18:47:26.097 I/ActivityManager( 2021): Force stopping com.suma.midware.dms appid=1000 user=0: from pid 2367
11-02 18:47:26.100 I/ActivityManager( 2021): Force stopping com.hisilicon.android.hiRMService appid=1000 user=0: from pid 2367
11-02 18:47:26.106 W/ContextImpl( 2489): Calling a method in the system process without a qualified user: android.app.ContextImpl.sendBroadcast:1345 android.content.ContextWrapper.sendBroadcast:377 com.suma.midware.view.ext.BluetoothUpdate.b:-1 com.suma.midware.home.third.Main3DActivity.onResume:-1 android.app.Instrumentation.callActivityOnResume:1257 
11-02 18:47:26.110 I/ActivityManager( 2021): Config changes=20 {1.0 ?mcc?mnc zh_CN ?layoutDir sw720dp w1280dp h720dp 160dpi xlrg long land television -touch -keyb/h/h dpad/v s.17}
11-02 18:47:26.113 W/ContextImpl( 2489): Calling a method in the system process without a qualified user: android.app.ContextImpl.sendBroadcast:1345 android.content.ContextWrapper.sendBroadcast:377 android.app.ActivityThread.performResumeActivity:2982 android.app.ActivityThread.handleResumeActivity:3023 android.app.ActivityThread$H.handleMessage:1347 
11-02 18:47:26.128 I/ActivityManager( 2021): Config changes=20 {1.0 ?mcc?mnc zh_CN ?layoutDir sw720dp w1280dp h720dp 160dpi xlrg long land television -touch -keyb/v/h dpad/v s.18}
11-02 18:47:26.141 E/ActivityThread( 2163): Failed to find provider info for com.android.contacts
11-02 18:47:26.170 E/ActivityThread( 2163): Failed to find provider info for com.android.contacts
11-02 18:47:35.505 I/ActivityManager( 2021): Start proc 5275:com.amlogic.inputmethod.remote/u0a19 for service com.amlogic.inputmethod.remote/.RemoteIME
11-02 18:47:35.505 V/InputMethodManagerService( 2021): Adding window token: android.os.Binder@3ad7a35a
11-02 18:48:18.429 W/ContextImpl( 2367): Calling a method in the system process without a qualified user: android.app.ContextImpl.sendBroadcast:1345 android.content.ContextWrapper.sendBroadcast:377 com.suma.midware.back.esg.e.f:-1 com.suma.midware.back.esg.f.run:-1 com.suma.midware.prop.util.c.run:-1 
11-02 18:48:19.432 W/ContextImpl( 2367): Calling a method in the system process without a qualified user: android.app.ContextImpl.sendBroadcast:1345 android.content.ContextWrapper.sendBroadcast:377 com.suma.midware.back.esg.e.f:-1 com.suma.midware.back.esg.f.run:-1 com.suma.midware.prop.util.c.run:-1 
11-02 18:48:20.435 W/ContextImpl( 2367): Calling a method in the system process without a qualified user: android.app.ContextImpl.sendBroadcast:1345 android.content.ContextWrapper.sendBroadcast:377 com.suma.midware.back.esg.e.f:-1 com.suma.midware.back.esg.f.run:-1 com.suma.midware.prop.util.c.run:-1 
11-02 18:48:42.418 I/ActivityManager( 2021): START u0 {act= cmp=com.ipanel.android_webview.shell/com.ipanel.webapp.BrowserActivity (has extras)} from uid 1000 on display 0
11-02 18:48:42.423 V/WindowManager( 2021): addAppToken: AppWindowToken{1ac43f03 token=Token{4e743b2 ActivityRecord{1e7bc1bd u0 com.ipanel.android_webview.shell/com.ipanel.webapp.BrowserActivity t147}}} to stack=1 task=147 at 0
11-02 18:48:42.426 V/WindowManager( 2021): Adding window Window{20972ac u0 Starting com.ipanel.android_webview.shell} at 8 of 13 (after Window{148933ec u0 com.suma.midware.setting/com.suma.midware.setting.net.NetInfoActivity})
11-02 18:48:42.428 W/ContextImpl( 2489): Calling a method in the system process without a qualified user: android.app.ContextImpl.sendBroadcast:1345 android.content.ContextWrapper.sendBroadcast:377 android.app.ActivityThread.performPauseActivity:3259 android.app.ActivityThread.performPauseActivity:3225 android.app.ActivityThread.handlePauseActivity:3200 
11-02 18:48:42.451 I/ActivityManager( 2021): Start proc 5336:com.ipanel.android_webview.shell/u0a24 for activity com.ipanel.android_webview.shell/com.ipanel.webapp.BrowserActivity
11-02 18:48:42.453 W/ViewRootImpl( 2489): Cancelling event due to no window focus: KeyEvent { action=ACTION_UP, keyCode=KEYCODE_DPAD_CENTER, scanCode=28, metaState=0, flags=0x28, repeatCount=0, eventTime=2462877, downTime=2462863, deviceId=3, source=0x701 }
11-02 18:48:42.453 W/ViewRootImpl( 2489): Cancelling event due to no window focus: KeyEvent { action=ACTION_UP, keyCode=KEYCODE_DPAD_CENTER, scanCode=28, metaState=0, flags=0x28, repeatCount=0, eventTime=2462877, downTime=2462863, deviceId=3, source=0x701 }
11-02 18:48:42.453 W/ViewRootImpl( 2489): Cancelling event due to no window focus: KeyEvent { action=ACTION_UP, keyCode=KEYCODE_DPAD_CENTER, scanCode=28, metaState=0, flags=0x28, repeatCount=0, eventTime=2462877, downTime=2462863, deviceId=3, source=0x701 }
11-02 18:48:42.453 W/ViewRootImpl( 2489): Cancelling event due to no window focus: KeyEvent { action=ACTION_UP, keyCode=KEYCODE_DPAD_CENTER, scanCode=28, metaState=0, flags=0x28, repeatCount=0, eventTime=2462877, downTime=2462863, deviceId=3, source=0x701 }
11-02 18:48:42.453 W/ViewRootImpl( 2489): Cancelling event due to no window focus: KeyEvent { action=ACTION_UP, keyCode=KEYCODE_DPAD_CENTER, scanCode=28, metaState=0, flags=0x28, repeatCount=0, eventTime=2462877, downTime=2462863, deviceId=3, source=0x701 }
11-02 18:48:42.453 W/ViewRootImpl( 2489): Cancelling event due to no window focus: KeyEvent { action=ACTION_UP, keyCode=KEYCODE_DPAD_CENTER, scanCode=28, metaState=0, flags=0x28, repeatCount=0, eventTime=2462877, downTime=2462863, deviceId=3, source=0x701 }
11-02 18:48:42.857 V/WindowManager( 2021): Adding window Window{3dfa8312 u0 com.ipanel.android_webview.shell/com.ipanel.webapp.BrowserActivity} at 8 of 14 (before Window{20972ac u0 Starting com.ipanel.android_webview.shell})
11-02 18:48:42.875 D/ConnectivityService( 2021): listenForNetwork for NetworkRequest [ id=11, legacyType=-1, [ Capabilities: INTERNET&NOT_RESTRICTED&TRUSTED] ]
11-02 18:48:42.876 D/ConnectivityService( 2021): handleRegisterNetworkRequest checking NetworkAgentInfo [WIFI () - 101]
11-02 18:48:42.876 D/ConnectivityService( 2021): apparently satisfied.  currentScore=60
11-02 18:48:42.948 V/WindowManager( 2021): Adding window Window{3b8ae23f u0 SurfaceView} at 8 of 15 (before Window{3dfa8312 u0 com.ipanel.android_webview.shell/com.ipanel.webapp.BrowserActivity})
11-02 18:48:42.998 V/WindowManager( 2021): Adding window Window{35cac855 u0 SurfaceView} at 9 of 16 (before Window{3dfa8312 u0 com.ipanel.android_webview.shell/com.ipanel.webapp.BrowserActivity})
11-02 18:48:43.064 W/ViewRootImpl( 5336): Cancelling event due to no window focus: KeyEvent { action=ACTION_UP, keyCode=KEYCODE_DPAD_CENTER, scanCode=28, metaState=0, flags=0x80000028, repeatCount=0, eventTime=2463072, downTime=2462863, deviceId=3, source=0x701 }
11-02 18:48:43.064 W/ViewRootImpl( 5336): Cancelling event due to no window focus: KeyEvent { action=ACTION_UP, keyCode=KEYCODE_DPAD_CENTER, scanCode=28, metaState=0, flags=0x80000028, repeatCount=0, eventTime=2463072, downTime=2462863, deviceId=3, source=0x701 }
11-02 18:48:43.064 W/ViewRootImpl( 5336): Cancelling event due to no window focus: KeyEvent { action=ACTION_UP, keyCode=KEYCODE_DPAD_CENTER, scanCode=28, metaState=0, flags=0x80000028, repeatCount=0, eventTime=2463072, downTime=2462863, deviceId=3, source=0x701 }
11-02 18:48:43.064 W/ViewRootImpl( 5336): Cancelling event due to no window focus: KeyEvent { action=ACTION_UP, keyCode=KEYCODE_DPAD_CENTER, scanCode=28, metaState=0, flags=0x80000028, repeatCount=0, eventTime=2463072, downTime=2462863, deviceId=3, source=0x701 }
11-02 18:48:43.065 W/ViewRootImpl( 5336): Cancelling event due to no window focus: KeyEvent { action=ACTION_UP, keyCode=KEYCODE_DPAD_CENTER, scanCode=28, metaState=0, flags=0x80000028, repeatCount=0, eventTime=2463072, downTime=2462863, deviceId=3, source=0x701 }
11-02 18:48:43.065 W/ViewRootImpl( 5336): Cancelling event due to no window focus: KeyEvent { action=ACTION_UP, keyCode=KEYCODE_DPAD_CENTER, scanCode=28, metaState=0, flags=0x80000028, repeatCount=0, eventTime=2463072, downTime=2462863, deviceId=3, source=0x701 }
11-02 18:48:43.066 W/ViewRootImpl( 5336): Cancelling event due to no window focus: KeyEvent { action=ACTION_UP, keyCode=KEYCODE_DPAD_CENTER, scanCode=28, metaState=0, flags=0x80000028, repeatCount=0, eventTime=2463072, downTime=2462863, deviceId=3, source=0x701 }
11-02 18:48:43.066 W/ViewRootImpl( 5336): Cancelling event due to no window focus: KeyEvent { action=ACTION_UP, keyCode=KEYCODE_DPAD_CENTER, scanCode=28, metaState=0, flags=0x80000028, repeatCount=0, eventTime=2463072, downTime=2462863, deviceId=3, source=0x701 }
11-02 18:48:43.066 W/ViewRootImpl( 5336): Cancelling event due to no window focus: KeyEvent { action=ACTION_UP, keyCode=KEYCODE_DPAD_CENTER, scanCode=28, metaState=0, flags=0x80000028, repeatCount=0, eventTime=2463072, downTime=2462863, deviceId=3, source=0x701 }
11-02 18:48:45.929 D/TaskPersister( 2021): removeObsoleteFile: deleting file=146_task.xml
11-02 18:49:23.467 W/ContextImpl( 2367): Calling a method in the system process without a qualified user: android.app.ContextImpl.sendBroadcast:1345 android.content.ContextWrapper.sendBroadcast:377 com.suma.midware.back.esg.e.f:-1 com.suma.midware.back.esg.f.run:-1 com.suma.midware.prop.util.c.run:-1 
11-02 18:49:24.469 W/ContextImpl( 2367): Calling a method in the system process without a qualified user: android.app.ContextImpl.sendBroadcast:1345 android.content.ContextWrapper.sendBroadcast:377 com.suma.midware.back.esg.e.f:-1 com.suma.midware.back.esg.f.run:-1 com.suma.midware.prop.util.c.run:-1 
11-02 18:49:25.472 W/ContextImpl( 2367): Calling a method in the system process without a qualified user: android.app.ContextImpl.sendBroadcast:1345 android.content.ContextWrapper.sendBroadcast:377 com.suma.midware.back.esg.e.f:-1 com.suma.midware.back.esg.f.run:-1 com.suma.midware.prop.util.c.run:-1 
11-02 18:50:28.187 W/InputMethodManagerService( 2021): Starting input on non-focused client com.android.internal.view.IInputMethodClient$Stub$Proxy@243ae2d3 (uid=10024 pid=5336)
11-02 18:50:28.529 W/ContextImpl( 2367): Calling a method in the system process without a qualified user: android.app.ContextImpl.sendBroadcast:1345 android.content.ContextWrapper.sendBroadcast:377 com.suma.midware.back.esg.e.f:-1 com.suma.midware.back.esg.f.run:-1 com.suma.midware.prop.util.c.run:-1 
11-02 18:50:28.779 I/ActivityManager( 2021): Force stopping com.ipanel.android_webview.shell appid=10024 user=0: from pid 2367
11-02 18:50:28.779 I/ActivityManager( 2021): Killing 5336:com.ipanel.android_webview.shell/u0a24 (adj 0): stop com.ipanel.android_webview.shell
11-02 18:50:28.798 I/WindowState( 2021): WIN DEATH: Window{3dfa8312 u0 com.ipanel.android_webview.shell/com.ipanel.webapp.BrowserActivity}
11-02 18:50:28.798 D/ConnectivityService( 2021): ConnectivityService NetworkRequestInfo binderDied(NetworkRequest [ id=11, legacyType=-1, [ Capabilities: INTERNET&NOT_RESTRICTED&TRUSTED] ], android.os.BinderProxy@20610e10)
11-02 18:50:28.798 W/WindowManager( 2021): Force-removing child win Window{35cac855 u0 SurfaceView} from container Window{3dfa8312 u0 com.ipanel.android_webview.shell/com.ipanel.webapp.BrowserActivity}
11-02 18:50:28.798 D/ConnectivityService( 2021): releasing NetworkRequest NetworkRequest [ id=11, legacyType=-1, [ Capabilities: INTERNET&NOT_RESTRICTED&TRUSTED] ]
11-02 18:50:28.804 E/ConnectivityService( 2021): RemoteException caught trying to send a callback msg for NetworkRequest [ id=11, legacyType=-1, [ Capabilities: INTERNET&NOT_RESTRICTED&TRUSTED] ]
11-02 18:50:28.807 W/WindowManager( 2021): Force-removing child win Window{3b8ae23f u0 SurfaceView} from container Window{3dfa8312 u0 com.ipanel.android_webview.shell/com.ipanel.webapp.BrowserActivity}
11-02 18:50:28.807 W/ActivityManager( 2021): Force removing ActivityRecord{1e7bc1bd u0 com.ipanel.android_webview.shell/com.ipanel.webapp.BrowserActivity t147}: app died, no saved state
11-02 18:50:28.814 W/WindowManager( 2021): Failed looking up window
11-02 18:50:28.814 W/WindowManager( 2021): java.lang.IllegalArgumentException: Requested window android.os.BinderProxy@979be5e does not exist
11-02 18:50:28.814 W/WindowManager( 2021): 	at com.android.server.wm.WindowManagerService.windowForClientLocked(WindowManagerService.java:8654)
11-02 18:50:28.814 W/WindowManager( 2021): 	at com.android.server.wm.WindowManagerService.windowForClientLocked(WindowManagerService.java:8645)
11-02 18:50:28.814 W/WindowManager( 2021): 	at com.android.server.wm.WindowState$DeathRecipient.binderDied(WindowState.java:1142)
11-02 18:50:28.814 W/WindowManager( 2021): 	at android.os.BinderProxy.sendDeathNotice(Binder.java:551)
11-02 18:50:28.814 I/WindowState( 2021): WIN DEATH: null
11-02 18:50:28.814 W/WindowManager( 2021): Failed looking up window
11-02 18:50:28.814 W/WindowManager( 2021): java.lang.IllegalArgumentException: Requested window android.os.BinderProxy@26cbb70c does not exist
11-02 18:50:28.814 W/WindowManager( 2021): 	at com.android.server.wm.WindowManagerService.windowForClientLocked(WindowManagerService.java:8654)
11-02 18:50:28.814 W/WindowManager( 2021): 	at com.android.server.wm.WindowManagerService.windowForClientLocked(WindowManagerService.java:8645)
11-02 18:50:28.814 W/WindowManager( 2021): 	at com.android.server.wm.WindowState$DeathRecipient.binderDied(WindowState.java:1142)
11-02 18:50:28.814 W/WindowManager( 2021): 	at android.os.BinderProxy.sendDeathNotice(Binder.java:551)
11-02 18:50:28.814 I/WindowState( 2021): WIN DEATH: null
11-02 18:50:28.820 W/ActivityManager( 2021): Spurious death for ProcessRecord{bfc0d09 5336:com.ipanel.android_webview.shell/u0a24}, curProc for 5336: null
11-02 18:50:28.821 I/ActivityManager( 2021): Force stopping com.amlogic.inputmethod.remote appid=10019 user=0: from pid 2367
11-02 18:50:28.821 I/ActivityManager( 2021): Killing 5275:com.amlogic.inputmethod.remote/u0a19 (adj 2): stop com.amlogic.inputmethod.remote
11-02 18:50:28.832 W/ActivityManager( 2021): Scheduling restart of crashed service com.amlogic.inputmethod.remote/.RemoteIME in 1000ms
11-02 18:50:28.832 I/ActivityManager( 2021):   Force stopping service ServiceRecord{3332298b u0 com.amlogic.inputmethod.remote/.RemoteIME}
11-02 18:50:28.832 W/InputMethodManagerService( 2021): Session failed to close due to remote exception
11-02 18:50:28.832 W/InputMethodManagerService( 2021): android.os.DeadObjectException
11-02 18:50:28.832 W/InputMethodManagerService( 2021): 	at android.os.BinderProxy.transactNative(Native Method)
11-02 18:50:28.832 W/InputMethodManagerService( 2021): 	at android.os.BinderProxy.transact(Binder.java:496)
11-02 18:50:28.832 W/InputMethodManagerService( 2021): 	at com.android.internal.view.IInputMethodSession$Stub$Proxy.finishSession(IInputMethodSession.java:305)
11-02 18:50:28.832 W/InputMethodManagerService( 2021): 	at com.android.server.InputMethodManagerService.finishSessionLocked(InputMethodManagerService.java:1420)
11-02 18:50:28.832 W/InputMethodManagerService( 2021): 	at com.android.server.InputMethodManagerService.clearClientSessionLocked(InputMethodManagerService.java:1411)
11-02 18:50:28.832 W/InputMethodManagerService( 2021): 	at com.android.server.InputMethodManagerService.clearCurMethodLocked(InputMethodManagerService.java:1437)
11-02 18:50:28.832 W/InputMethodManagerService( 2021): 	at com.android.server.InputMethodManagerService.onServiceDisconnected(InputMethodManagerService.java:1456)
11-02 18:50:28.832 W/InputMethodManagerService( 2021): 	at android.app.LoadedApk$ServiceDispatcher.doDeath(LoadedApk.java:1215)
11-02 18:50:28.832 W/InputMethodManagerService( 2021): 	at android.app.LoadedApk$ServiceDispatcher$RunConnection.run(LoadedApk.java:1229)
11-02 18:50:28.832 W/InputMethodManagerService( 2021): 	at android.os.Handler.handleCallback(Handler.java:739)
11-02 18:50:28.832 W/InputMethodManagerService( 2021): 	at android.os.Handler.dispatchMessage(Handler.java:95)
11-02 18:50:28.832 W/InputMethodManagerService( 2021): 	at android.os.Looper.loop(Looper.java:135)
11-02 18:50:28.832 W/InputMethodManagerService( 2021): 	at com.android.server.SystemServer.run(SystemServer.java:383)
11-02 18:50:28.832 W/InputMethodManagerService( 2021): 	at com.android.server.SystemServer.main(SystemServer.java:178)
11-02 18:50:28.832 W/InputMethodManagerService( 2021): 	at java.lang.reflect.Method.invoke(Native Method)
11-02 18:50:28.832 W/InputMethodManagerService( 2021): 	at java.lang.reflect.Method.invoke(Method.java:372)
11-02 18:50:28.832 W/InputMethodManagerService( 2021): 	at com.android.internal.os.ZygoteInit$MethodAndArgsCaller.run(ZygoteInit.java:903)
11-02 18:50:28.832 W/InputMethodManagerService( 2021): 	at com.android.internal.os.ZygoteInit.main(ZygoteInit.java:698)
11-02 18:50:28.839 W/InputMethodManagerService( 2021): Session failed to close due to remote exception
11-02 18:50:28.839 W/InputMethodManagerService( 2021): android.os.DeadObjectException
11-02 18:50:28.839 W/InputMethodManagerService( 2021): 	at android.os.BinderProxy.transactNative(Native Method)
11-02 18:50:28.839 W/InputMethodManagerService( 2021): 	at android.os.BinderProxy.transact(Binder.java:496)
11-02 18:50:28.839 W/InputMethodManagerService( 2021): 	at com.android.internal.view.IInputMethodSession$Stub$Proxy.finishSession(IInputMethodSession.java:305)
11-02 18:50:28.839 W/InputMethodManagerService( 2021): 	at com.android.server.InputMethodManagerService.finishSessionLocked(InputMethodManagerService.java:1420)
11-02 18:50:28.839 W/InputMethodManagerService( 2021): 	at com.android.server.InputMethodManagerService.clearClientSessionLocked(InputMethodManagerService.java:1411)
11-02 18:50:28.839 W/InputMethodManagerService( 2021): 	at com.android.server.InputMethodManagerService.clearCurMethodLocked(InputMethodManagerService.java:1437)
11-02 18:50:28.839 W/InputMethodManagerService( 2021): 	at com.android.server.InputMethodManagerService.onServiceDisconnected(InputMethodManagerService.java:1456)
11-02 18:50:28.839 W/InputMethodManagerService( 2021): 	at android.app.LoadedApk$ServiceDispatcher.doDeath(LoadedApk.java:1215)
11-02 18:50:28.839 W/InputMethodManagerService( 2021): 	at android.app.LoadedApk$ServiceDispatcher$RunConnection.run(LoadedApk.java:1229)
11-02 18:50:28.839 W/InputMethodManagerService( 2021): 	at android.os.Handler.handleCallback(Handler.java:739)
11-02 18:50:28.839 W/InputMethodManagerService( 2021): 	at android.os.Handler.dispatchMessage(Handler.java:95)
11-02 18:50:28.839 W/InputMethodManagerService( 2021): 	at android.os.Looper.loop(Looper.java:135)
11-02 18:50:28.839 W/InputMethodManagerService( 2021): 	at com.android.server.SystemServer.run(SystemServer.java:383)
11-02 18:50:28.839 W/InputMethodManagerService( 2021): 	at com.android.server.SystemServer.main(SystemServer.java:178)
11-02 18:50:28.839 W/InputMethodManagerService( 2021): 	at java.lang.reflect.Method.invoke(Native Method)
11-02 18:50:28.839 W/InputMethodManagerService( 2021): 	at java.lang.reflect.Method.invoke(Method.java:372)
11-02 18:50:28.839 W/InputMethodManagerService( 2021): 	at com.android.internal.os.ZygoteInit$MethodAndArgsCaller.run(ZygoteInit.java:903)
11-02 18:50:28.839 W/InputMethodManagerService( 2021): 	at com.android.internal.os.ZygoteInit.main(ZygoteInit.java:698)
11-02 18:50:28.839 W/ActivityManager( 2021): Spurious death for ProcessRecord{2062be81 5275:com.amlogic.inputmethod.remote/u0a19}, curProc for 5275: null
11-02 18:50:28.840 W/ActivityManager( 2021): Invalid packageName: android.process.media
11-02 18:50:28.841 I/ActivityManager( 2021): Force stopping com.android.phone appid=1001 user=0: from pid 2367
11-02 18:50:28.842 I/ActivityManager( 2021): Force stopping com.suma.midware.dms appid=1000 user=0: from pid 2367
11-02 18:50:28.844 I/ActivityManager( 2021): Force stopping com.hisilicon.android.hiRMService appid=1000 user=0: from pid 2367
11-02 18:50:28.850 I/ActivityManager( 2021): Config changes=20 {1.0 ?mcc?mnc zh_CN ?layoutDir sw720dp w1280dp h720dp 160dpi xlrg long land television -touch -keyb/h/h dpad/v s.19}
11-02 18:50:28.856 W/ContextImpl( 2489): Calling a method in the system process without a qualified user: android.app.ContextImpl.sendBroadcast:1345 android.content.ContextWrapper.sendBroadcast:377 com.suma.midware.view.ext.BluetoothUpdate.b:-1 com.suma.midware.home.third.Main3DActivity.onResume:-1 android.app.Instrumentation.callActivityOnResume:1257 
11-02 18:50:28.859 W/ContextImpl( 2489): Calling a method in the system process without a qualified user: android.app.ContextImpl.sendBroadcast:1345 android.content.ContextWrapper.sendBroadcast:377 android.app.ActivityThread.performResumeActivity:2982 android.app.ActivityThread.handleResumeActivity:3023 android.app.ActivityThread$H.handleMessage:1347 
11-02 18:50:28.864 I/ActivityManager( 2021): Config changes=20 {1.0 ?mcc?mnc zh_CN ?layoutDir sw720dp w1280dp h720dp 160dpi xlrg long land television -touch -keyb/v/h dpad/v s.20}
11-02 18:50:28.887 E/ActivityThread( 2163): Failed to find provider info for com.android.contacts
11-02 18:50:28.912 E/ActivityThread( 2163): Failed to find provider info for com.android.contacts
11-02 18:50:29.531 W/ContextImpl( 2367): Calling a method in the system process without a qualified user: android.app.ContextImpl.sendBroadcast:1345 android.content.ContextWrapper.sendBroadcast:377 com.suma.midware.back.esg.e.f:-1 com.suma.midware.back.esg.f.run:-1 com.suma.midware.prop.util.c.run:-1 
11-02 18:50:30.534 W/ContextImpl( 2367): Calling a method in the system process without a qualified user: android.app.ContextImpl.sendBroadcast:1345 android.content.ContextWrapper.sendBroadcast:377 com.suma.midware.back.esg.e.f:-1 com.suma.midware.back.esg.f.run:-1 com.suma.midware.prop.util.c.run:-1 
11-02 18:50:38.238 I/ActivityManager( 2021): Start proc 5493:com.amlogic.inputmethod.remote/u0a19 for service com.amlogic.inputmethod.remote/.RemoteIME
11-02 18:50:38.238 V/InputMethodManagerService( 2021): Adding window token: android.os.Binder@4e0f272
11-02 18:51:33.592 W/ContextImpl( 2367): Calling a method in the system process without a qualified user: android.app.ContextImpl.sendBroadcast:1345 android.content.ContextWrapper.sendBroadcast:377 com.suma.midware.back.esg.e.f:-1 com.suma.midware.back.esg.f.run:-1 com.suma.midware.prop.util.c.run:-1 
11-02 18:51:34.594 W/ContextImpl( 2367): Calling a method in the system process without a qualified user: android.app.ContextImpl.sendBroadcast:1345 android.content.ContextWrapper.sendBroadcast:377 com.suma.midware.back.esg.e.f:-1 com.suma.midware.back.esg.f.run:-1 com.suma.midware.prop.util.c.run:-1 
11-02 18:51:35.596 W/ContextImpl( 2367): Calling a method in the system process without a qualified user: android.app.ContextImpl.sendBroadcast:1345 android.content.ContextWrapper.sendBroadcast:377 com.suma.midware.back.esg.e.f:-1 com.suma.midware.back.esg.f.run:-1 com.suma.midware.prop.util.c.run:-1 
11-02 18:52:38.656 W/ContextImpl( 2367): Calling a method in the system process without a qualified user: android.app.ContextImpl.sendBroadcast:1345 android.content.ContextWrapper.sendBroadcast:377 com.suma.midware.back.esg.e.f:-1 com.suma.midware.back.esg.f.run:-1 com.suma.midware.prop.util.c.run:-1 
11-02 18:52:39.659 W/ContextImpl( 2367): Calling a method in the system process without a qualified user: android.app.ContextImpl.sendBroadcast:1345 android.content.ContextWrapper.sendBroadcast:377 com.suma.midware.back.esg.e.f:-1 com.suma.midware.back.esg.f.run:-1 com.suma.midware.prop.util.c.run:-1 
11-02 18:52:40.662 W/ContextImpl( 2367): Calling a method in the system process without a qualified user: android.app.ContextImpl.sendBroadcast:1345 android.content.ContextWrapper.sendBroadcast:377 com.suma.midware.back.esg.e.f:-1 com.suma.midware.back.esg.f.run:-1 com.suma.midware.prop.util.c.run:-1 
11-02 18:53:43.721 W/ContextImpl( 2367): Calling a method in the system process without a qualified user: android.app.ContextImpl.sendBroadcast:1345 android.content.ContextWrapper.sendBroadcast:377 com.suma.midware.back.esg.e.f:-1 com.suma.midware.back.esg.f.run:-1 com.suma.midware.prop.util.c.run:-1 
11-02 18:53:44.723 W/ContextImpl( 2367): Calling a method in the system process without a qualified user: android.app.ContextImpl.sendBroadcast:1345 android.content.ContextWrapper.sendBroadcast:377 com.suma.midware.back.esg.e.f:-1 com.suma.midware.back.esg.f.run:-1 com.suma.midware.prop.util.c.run:-1 
11-02 18:53:45.727 W/ContextImpl( 2367): Calling a method in the system process without a qualified user: android.app.ContextImpl.sendBroadcast:1345 android.content.ContextWrapper.sendBroadcast:377 com.suma.midware.back.esg.e.f:-1 com.suma.midware.back.esg.f.run:-1 com.suma.midware.prop.util.c.run:-1 
11-02 18:53:58.961 I/ActivityManager( 2021): START u0 {act= cmp=com.ipanel.android_webview.shell/com.ipanel.webapp.BrowserActivity (has extras)} from uid 1000 on display 0
11-02 18:53:58.962 V/WindowManager( 2021): addAppToken: AppWindowToken{e4fab3b token=Token{1bb85dca ActivityRecord{3d471535 u0 com.ipanel.android_webview.shell/com.ipanel.webapp.BrowserActivity t148}}} to stack=1 task=148 at 0
11-02 18:53:58.965 V/WindowManager( 2021): Adding window Window{37e9fc04 u0 Starting com.ipanel.android_webview.shell} at 8 of 13 (after Window{148933ec u0 com.suma.midware.setting/com.suma.midware.setting.net.NetInfoActivity})
11-02 18:53:58.968 W/ContextImpl( 2489): Calling a method in the system process without a qualified user: android.app.ContextImpl.sendBroadcast:1345 android.content.ContextWrapper.sendBroadcast:377 android.app.ActivityThread.performPauseActivity:3259 android.app.ActivityThread.performPauseActivity:3225 android.app.ActivityThread.handlePauseActivity:3200 
11-02 18:53:59.005 I/ActivityManager( 2021): Start proc 5634:com.ipanel.android_webview.shell/u0a24 for activity com.ipanel.android_webview.shell/com.ipanel.webapp.BrowserActivity
11-02 18:53:59.007 W/ViewRootImpl( 2489): Cancelling event due to no window focus: KeyEvent { action=ACTION_UP, keyCode=KEYCODE_DPAD_CENTER, scanCode=28, metaState=0, flags=0x28, repeatCount=0, eventTime=2779416, downTime=2779403, deviceId=3, source=0x701 }
11-02 18:53:59.007 W/ViewRootImpl( 2489): Cancelling event due to no window focus: KeyEvent { action=ACTION_UP, keyCode=KEYCODE_DPAD_CENTER, scanCode=28, metaState=0, flags=0x28, repeatCount=0, eventTime=2779416, downTime=2779403, deviceId=3, source=0x701 }
11-02 18:53:59.007 W/ViewRootImpl( 2489): Cancelling event due to no window focus: KeyEvent { action=ACTION_UP, keyCode=KEYCODE_DPAD_CENTER, scanCode=28, metaState=0, flags=0x28, repeatCount=0, eventTime=2779416, downTime=2779403, deviceId=3, source=0x701 }
11-02 18:53:59.007 W/ViewRootImpl( 2489): Cancelling event due to no window focus: KeyEvent { action=ACTION_UP, keyCode=KEYCODE_DPAD_CENTER, scanCode=28, metaState=0, flags=0x28, repeatCount=0, eventTime=2779416, downTime=2779403, deviceId=3, source=0x701 }
11-02 18:53:59.007 W/ViewRootImpl( 2489): Cancelling event due to no window focus: KeyEvent { action=ACTION_UP, keyCode=KEYCODE_DPAD_CENTER, scanCode=28, metaState=0, flags=0x28, repeatCount=0, eventTime=2779416, downTime=2779403, deviceId=3, source=0x701 }
11-02 18:53:59.007 W/ViewRootImpl( 2489): Cancelling event due to no window focus: KeyEvent { action=ACTION_UP, keyCode=KEYCODE_DPAD_CENTER, scanCode=28, metaState=0, flags=0x28, repeatCount=0, eventTime=2779416, downTime=2779403, deviceId=3, source=0x701 }
11-02 18:53:59.438 V/WindowManager( 2021): Adding window Window{bb2892a u0 com.ipanel.android_webview.shell/com.ipanel.webapp.BrowserActivity} at 8 of 14 (before Window{37e9fc04 u0 Starting com.ipanel.android_webview.shell})
11-02 18:53:59.456 D/ConnectivityService( 2021): listenForNetwork for NetworkRequest [ id=12, legacyType=-1, [ Capabilities: INTERNET&NOT_RESTRICTED&TRUSTED] ]
11-02 18:53:59.456 D/ConnectivityService( 2021): handleRegisterNetworkRequest checking NetworkAgentInfo [WIFI () - 101]
11-02 18:53:59.456 D/ConnectivityService( 2021): apparently satisfied.  currentScore=60
11-02 18:53:59.531 V/WindowManager( 2021): Adding window Window{1f3315f7 u0 SurfaceView} at 8 of 15 (before Window{bb2892a u0 com.ipanel.android_webview.shell/com.ipanel.webapp.BrowserActivity})
11-02 18:53:59.597 V/WindowManager( 2021): Adding window Window{2f54aecd u0 SurfaceView} at 9 of 16 (before Window{bb2892a u0 com.ipanel.android_webview.shell/com.ipanel.webapp.BrowserActivity})
11-02 18:53:59.649 W/ViewRootImpl( 5634): Cancelling event due to no window focus: KeyEvent { action=ACTION_UP, keyCode=KEYCODE_DPAD_CENTER, scanCode=28, metaState=0, flags=0x80000028, repeatCount=0, eventTime=2779613, downTime=2779403, deviceId=3, source=0x701 }
11-02 18:53:59.649 W/ViewRootImpl( 5634): Cancelling event due to no window focus: KeyEvent { action=ACTION_UP, keyCode=KEYCODE_DPAD_CENTER, scanCode=28, metaState=0, flags=0x80000028, repeatCount=0, eventTime=2779613, downTime=2779403, deviceId=3, source=0x701 }
11-02 18:53:59.649 W/ViewRootImpl( 5634): Cancelling event due to no window focus: KeyEvent { action=ACTION_UP, keyCode=KEYCODE_DPAD_CENTER, scanCode=28, metaState=0, flags=0x80000028, repeatCount=0, eventTime=2779613, downTime=2779403, deviceId=3, source=0x701 }
11-02 18:53:59.649 W/ViewRootImpl( 5634): Cancelling event due to no window focus: KeyEvent { action=ACTION_UP, keyCode=KEYCODE_DPAD_CENTER, scanCode=28, metaState=0, flags=0x80000028, repeatCount=0, eventTime=2779613, downTime=2779403, deviceId=3, source=0x701 }
11-02 18:53:59.649 W/ViewRootImpl( 5634): Cancelling event due to no window focus: KeyEvent { action=ACTION_UP, keyCode=KEYCODE_DPAD_CENTER, scanCode=28, metaState=0, flags=0x80000028, repeatCount=0, eventTime=2779613, downTime=2779403, deviceId=3, source=0x701 }
11-02 18:53:59.649 W/ViewRootImpl( 5634): Cancelling event due to no window focus: KeyEvent { action=ACTION_UP, keyCode=KEYCODE_DPAD_CENTER, scanCode=28, metaState=0, flags=0x80000028, repeatCount=0, eventTime=2779613, downTime=2779403, deviceId=3, source=0x701 }
11-02 18:53:59.651 W/ViewRootImpl( 5634): Cancelling event due to no window focus: KeyEvent { action=ACTION_UP, keyCode=KEYCODE_DPAD_CENTER, scanCode=28, metaState=0, flags=0x80000028, repeatCount=0, eventTime=2779613, downTime=2779403, deviceId=3, source=0x701 }
11-02 18:53:59.651 W/ViewRootImpl( 5634): Cancelling event due to no window focus: KeyEvent { action=ACTION_UP, keyCode=KEYCODE_DPAD_CENTER, scanCode=28, metaState=0, flags=0x80000028, repeatCount=0, eventTime=2779613, downTime=2779403, deviceId=3, source=0x701 }
11-02 18:53:59.651 W/ViewRootImpl( 5634): Cancelling event due to no window focus: KeyEvent { action=ACTION_UP, keyCode=KEYCODE_DPAD_CENTER, scanCode=28, metaState=0, flags=0x80000028, repeatCount=0, eventTime=2779613, downTime=2779403, deviceId=3, source=0x701 }
11-02 18:54:02.471 D/TaskPersister( 2021): removeObsoleteFile: deleting file=147_task.xml
11-02 18:54:14.808 I/UsageStatsService( 2021): User[0] Flushing usage stats to disk
11-02 18:54:48.784 W/ContextImpl( 2367): Calling a method in the system process without a qualified user: android.app.ContextImpl.sendBroadcast:1345 android.content.ContextWrapper.sendBroadcast:377 com.suma.midware.back.esg.e.f:-1 com.suma.midware.back.esg.f.run:-1 com.suma.midware.prop.util.c.run:-1 
11-02 18:54:49.787 W/ContextImpl( 2367): Calling a method in the system process without a qualified user: android.app.ContextImpl.sendBroadcast:1345 android.content.ContextWrapper.sendBroadcast:377 com.suma.midware.back.esg.e.f:-1 com.suma.midware.back.esg.f.run:-1 com.suma.midware.prop.util.c.run:-1 
11-02 18:54:50.790 W/ContextImpl( 2367): Calling a method in the system process without a qualified user: android.app.ContextImpl.sendBroadcast:1345 android.content.ContextWrapper.sendBroadcast:377 com.suma.midware.back.esg.e.f:-1 com.suma.midware.back.esg.f.run:-1 com.suma.midware.prop.util.c.run:-1 
11-02 18:55:53.853 W/ContextImpl( 2367): Calling a method in the system process without a qualified user: android.app.ContextImpl.sendBroadcast:1345 android.content.ContextWrapper.sendBroadcast:377 com.suma.midware.back.esg.e.f:-1 com.suma.midware.back.esg.f.run:-1 com.suma.midware.prop.util.c.run:-1 
11-02 18:55:54.856 W/ContextImpl( 2367): Calling a method in the system process without a qualified user: android.app.ContextImpl.sendBroadcast:1345 android.content.ContextWrapper.sendBroadcast:377 com.suma.midware.back.esg.e.f:-1 com.suma.midware.back.esg.f.run:-1 com.suma.midware.prop.util.c.run:-1 
11-02 18:55:55.859 W/ContextImpl( 2367): Calling a method in the system process without a qualified user: android.app.ContextImpl.sendBroadcast:1345 android.content.ContextWrapper.sendBroadcast:377 com.suma.midware.back.esg.e.f:-1 com.suma.midware.back.esg.f.run:-1 com.suma.midware.prop.util.c.run:-1 
11-02 18:56:30.907 W/InputMethodManagerService( 2021): Starting input on non-focused client com.android.internal.view.IInputMethodClient$Stub$Proxy@ec7490b (uid=10024 pid=5634)
11-02 18:56:31.474 I/ActivityManager( 2021): Force stopping com.ipanel.android_webview.shell appid=10024 user=0: from pid 2367
11-02 18:56:31.474 I/ActivityManager( 2021): Killing 5634:com.ipanel.android_webview.shell/u0a24 (adj 0): stop com.ipanel.android_webview.shell
11-02 18:56:31.494 I/WindowState( 2021): WIN DEATH: Window{bb2892a u0 com.ipanel.android_webview.shell/com.ipanel.webapp.BrowserActivity}
11-02 18:56:31.494 D/ConnectivityService( 2021): ConnectivityService NetworkRequestInfo binderDied(NetworkRequest [ id=12, legacyType=-1, [ Capabilities: INTERNET&NOT_RESTRICTED&TRUSTED] ], android.os.BinderProxy@c9da3e8)
11-02 18:56:31.495 W/WindowManager( 2021): Force-removing child win Window{2f54aecd u0 SurfaceView} from container Window{bb2892a u0 com.ipanel.android_webview.shell/com.ipanel.webapp.BrowserActivity}
11-02 18:56:31.495 D/ConnectivityService( 2021): releasing NetworkRequest NetworkRequest [ id=12, legacyType=-1, [ Capabilities: INTERNET&NOT_RESTRICTED&TRUSTED] ]
11-02 18:56:31.503 W/WindowManager( 2021): Force-removing child win Window{1f3315f7 u0 SurfaceView} from container Window{bb2892a u0 com.ipanel.android_webview.shell/com.ipanel.webapp.BrowserActivity}
11-02 18:56:31.503 W/ActivityManager( 2021): Force removing ActivityRecord{3d471535 u0 com.ipanel.android_webview.shell/com.ipanel.webapp.BrowserActivity t148}: app died, no saved state
11-02 18:56:31.508 W/WindowManager( 2021): Failed looking up window
11-02 18:56:31.508 W/WindowManager( 2021): java.lang.IllegalArgumentException: Requested window android.os.BinderProxy@32480df6 does not exist
11-02 18:56:31.508 W/WindowManager( 2021): 	at com.android.server.wm.WindowManagerService.windowForClientLocked(WindowManagerService.java:8654)
11-02 18:56:31.508 W/WindowManager( 2021): 	at com.android.server.wm.WindowManagerService.windowForClientLocked(WindowManagerService.java:8645)
11-02 18:56:31.508 W/WindowManager( 2021): 	at com.android.server.wm.WindowState$DeathRecipient.binderDied(WindowState.java:1142)
11-02 18:56:31.508 W/WindowManager( 2021): 	at android.os.BinderProxy.sendDeathNotice(Binder.java:551)
11-02 18:56:31.509 I/WindowState( 2021): WIN DEATH: null
11-02 18:56:31.509 W/WindowManager( 2021): Failed looking up window
11-02 18:56:31.509 W/WindowManager( 2021): java.lang.IllegalArgumentException: Requested window android.os.BinderProxy@d7bcc64 does not exist
11-02 18:56:31.509 W/WindowManager( 2021): 	at com.android.server.wm.WindowManagerService.windowForClientLocked(WindowManagerService.java:8654)
11-02 18:56:31.509 W/WindowManager( 2021): 	at com.android.server.wm.WindowManagerService.windowForClientLocked(WindowManagerService.java:8645)
11-02 18:56:31.509 W/WindowManager( 2021): 	at com.android.server.wm.WindowState$DeathRecipient.binderDied(WindowState.java:1142)
11-02 18:56:31.509 W/WindowManager( 2021): 	at android.os.BinderProxy.sendDeathNotice(Binder.java:551)
11-02 18:56:31.509 I/WindowState( 2021): WIN DEATH: null
11-02 18:56:31.511 E/ConnectivityService( 2021): RemoteException caught trying to send a callback msg for NetworkRequest [ id=12, legacyType=-1, [ Capabilities: INTERNET&NOT_RESTRICTED&TRUSTED] ]
11-02 18:56:31.516 W/ActivityManager( 2021): Spurious death for ProcessRecord{147faa01 5634:com.ipanel.android_webview.shell/u0a24}, curProc for 5634: null
11-02 18:56:31.517 I/ActivityManager( 2021): Force stopping com.amlogic.inputmethod.remote appid=10019 user=0: from pid 2367
11-02 18:56:31.517 I/ActivityManager( 2021): Killing 5493:com.amlogic.inputmethod.remote/u0a19 (adj 2): stop com.amlogic.inputmethod.remote
11-02 18:56:31.525 W/ActivityManager( 2021): Scheduling restart of crashed service com.amlogic.inputmethod.remote/.RemoteIME in 1000ms
11-02 18:56:31.525 I/ActivityManager( 2021):   Force stopping service ServiceRecord{13d226c3 u0 com.amlogic.inputmethod.remote/.RemoteIME}
11-02 18:56:31.528 W/InputMethodManagerService( 2021): Session failed to close due to remote exception
11-02 18:56:31.528 W/InputMethodManagerService( 2021): android.os.DeadObjectException
11-02 18:56:31.528 W/InputMethodManagerService( 2021): 	at android.os.BinderProxy.transactNative(Native Method)
11-02 18:56:31.528 W/InputMethodManagerService( 2021): 	at android.os.BinderProxy.transact(Binder.java:496)
11-02 18:56:31.528 W/InputMethodManagerService( 2021): 	at com.android.internal.view.IInputMethodSession$Stub$Proxy.finishSession(IInputMethodSession.java:305)
11-02 18:56:31.528 W/InputMethodManagerService( 2021): 	at com.android.server.InputMethodManagerService.finishSessionLocked(InputMethodManagerService.java:1420)
11-02 18:56:31.528 W/InputMethodManagerService( 2021): 	at com.android.server.InputMethodManagerService.clearClientSessionLocked(InputMethodManagerService.java:1411)
11-02 18:56:31.528 W/InputMethodManagerService( 2021): 	at com.android.server.InputMethodManagerService.clearCurMethodLocked(InputMethodManagerService.java:1437)
11-02 18:56:31.528 W/InputMethodManagerService( 2021): 	at com.android.server.InputMethodManagerService.onServiceDisconnected(InputMethodManagerService.java:1456)
11-02 18:56:31.528 W/InputMethodManagerService( 2021): 	at android.app.LoadedApk$ServiceDispatcher.doDeath(LoadedApk.java:1215)
11-02 18:56:31.528 W/InputMethodManagerService( 2021): 	at android.app.LoadedApk$ServiceDispatcher$RunConnection.run(LoadedApk.java:1229)
11-02 18:56:31.528 W/InputMethodManagerService( 2021): 	at android.os.Handler.handleCallback(Handler.java:739)
11-02 18:56:31.528 W/InputMethodManagerService( 2021): 	at android.os.Handler.dispatchMessage(Handler.java:95)
11-02 18:56:31.528 W/InputMethodManagerService( 2021): 	at android.os.Looper.loop(Looper.java:135)
11-02 18:56:31.528 W/InputMethodManagerService( 2021): 	at com.android.server.SystemServer.run(SystemServer.java:383)
11-02 18:56:31.528 W/InputMethodManagerService( 2021): 	at com.android.server.SystemServer.main(SystemServer.java:178)
11-02 18:56:31.528 W/InputMethodManagerService( 2021): 	at java.lang.reflect.Method.invoke(Native Method)
11-02 18:56:31.528 W/InputMethodManagerService( 2021): 	at java.lang.reflect.Method.invoke(Method.java:372)
11-02 18:56:31.528 W/InputMethodManagerService( 2021): 	at com.android.internal.os.ZygoteInit$MethodAndArgsCaller.run(ZygoteInit.java:903)
11-02 18:56:31.528 W/InputMethodManagerService( 2021): 	at com.android.internal.os.ZygoteInit.main(ZygoteInit.java:698)
11-02 18:56:31.529 W/ActivityManager( 2021): Spurious death for ProcessRecord{2dc54a79 5493:com.amlogic.inputmethod.remote/u0a19}, curProc for 5493: null
11-02 18:56:31.534 W/ActivityManager( 2021): Invalid packageName: android.process.media
11-02 18:56:31.534 I/ActivityManager( 2021): Force stopping com.android.phone appid=1001 user=0: from pid 2367
11-02 18:56:31.534 W/InputMethodManagerService( 2021): Session failed to close due to remote exception
11-02 18:56:31.534 W/InputMethodManagerService( 2021): android.os.DeadObjectException
11-02 18:56:31.534 W/InputMethodManagerService( 2021): 	at android.os.BinderProxy.transactNative(Native Method)
11-02 18:56:31.534 W/InputMethodManagerService( 2021): 	at android.os.BinderProxy.transact(Binder.java:496)
11-02 18:56:31.534 W/InputMethodManagerService( 2021): 	at com.android.internal.view.IInputMethodSession$Stub$Proxy.finishSession(IInputMethodSession.java:305)
11-02 18:56:31.534 W/InputMethodManagerService( 2021): 	at com.android.server.InputMethodManagerService.finishSessionLocked(InputMethodManagerService.java:1420)
11-02 18:56:31.534 W/InputMethodManagerService( 2021): 	at com.android.server.InputMethodManagerService.clearClientSessionLocked(InputMethodManagerService.java:1411)
11-02 18:56:31.534 W/InputMethodManagerService( 2021): 	at com.android.server.InputMethodManagerService.clearCurMethodLocked(InputMethodManagerService.java:1437)
11-02 18:56:31.534 W/InputMethodManagerService( 2021): 	at com.android.server.InputMethodManagerService.onServiceDisconnected(InputMethodManagerService.java:1456)
11-02 18:56:31.534 W/InputMethodManagerService( 2021): 	at android.app.LoadedApk$ServiceDispatcher.doDeath(LoadedApk.java:1215)
11-02 18:56:31.534 W/InputMethodManagerService( 2021): 	at android.app.LoadedApk$ServiceDispatcher$RunConnection.run(LoadedApk.java:1229)
11-02 18:56:31.534 W/InputMethodManagerService( 2021): 	at android.os.Handler.handleCallback(Handler.java:739)
11-02 18:56:31.534 W/InputMethodManagerService( 2021): 	at android.os.Handler.dispatchMessage(Handler.java:95)
11-02 18:56:31.534 W/InputMethodManagerService( 2021): 	at android.os.Looper.loop(Looper.java:135)
11-02 18:56:31.534 W/InputMethodManagerService( 2021): 	at com.android.server.SystemServer.run(SystemServer.java:383)
11-02 18:56:31.534 W/InputMethodManagerService( 2021): 	at com.android.server.SystemServer.main(SystemServer.java:178)
11-02 18:56:31.534 W/InputMethodManagerService( 2021): 	at java.lang.reflect.Method.invoke(Native Method)
11-02 18:56:31.534 W/InputMethodManagerService( 2021): 	at java.lang.reflect.Method.invoke(Method.java:372)
11-02 18:56:31.534 W/InputMethodManagerService( 2021): 	at com.android.internal.os.ZygoteInit$MethodAndArgsCaller.run(ZygoteInit.java:903)
11-02 18:56:31.534 W/InputMethodManagerService( 2021): 	at com.android.internal.os.ZygoteInit.main(ZygoteInit.java:698)
11-02 18:56:31.537 I/ActivityManager( 2021): Force stopping com.suma.midware.dms appid=1000 user=0: from pid 2367
11-02 18:56:31.540 I/ActivityManager( 2021): Force stopping com.hisilicon.android.hiRMService appid=1000 user=0: from pid 2367
11-02 18:56:31.547 W/ContextImpl( 2489): Calling a method in the system process without a qualified user: android.app.ContextImpl.sendBroadcast:1345 android.content.ContextWrapper.sendBroadcast:377 com.suma.midware.view.ext.BluetoothUpdate.b:-1 com.suma.midware.home.third.Main3DActivity.onResume:-1 android.app.Instrumentation.callActivityOnResume:1257 
11-02 18:56:31.550 I/ActivityManager( 2021): Config changes=20 {1.0 ?mcc?mnc zh_CN ?layoutDir sw720dp w1280dp h720dp 160dpi xlrg long land television -touch -keyb/h/h dpad/v s.21}
11-02 18:56:31.551 W/ContextImpl( 2489): Calling a method in the system process without a qualified user: android.app.ContextImpl.sendBroadcast:1345 android.content.ContextWrapper.sendBroadcast:377 android.app.ActivityThread.performResumeActivity:2982 android.app.ActivityThread.handleResumeActivity:3023 android.app.ActivityThread$H.handleMessage:1347 
11-02 18:56:31.561 I/ActivityManager( 2021): Config changes=20 {1.0 ?mcc?mnc zh_CN ?layoutDir sw720dp w1280dp h720dp 160dpi xlrg long land television -touch -keyb/v/h dpad/v s.22}
11-02 18:56:31.578 E/ActivityThread( 2163): Failed to find provider info for com.android.contacts
11-02 18:56:31.603 E/ActivityThread( 2163): Failed to find provider info for com.android.contacts
11-02 18:56:38.077 I/ActivityManager( 2021): Start proc 5839:com.amlogic.inputmethod.remote/u0a19 for service com.amlogic.inputmethod.remote/.RemoteIME
11-02 18:56:38.077 V/InputMethodManagerService( 2021): Adding window token: android.os.Binder@2f65e48a
11-02 18:56:40.897 I/ActivityManager( 2021): START u0 {act= cmp=com.ipanel.android_webview.shell/com.ipanel.webapp.BrowserActivity (has extras)} from uid 1000 on display 0
11-02 18:56:40.899 V/WindowManager( 2021): addAppToken: AppWindowToken{14af5e73 token=Token{c767ae2 ActivityRecord{135597ad u0 com.ipanel.android_webview.shell/com.ipanel.webapp.BrowserActivity t149}}} to stack=1 task=149 at 0
11-02 18:56:40.902 V/WindowManager( 2021): Adding window Window{557705c u0 Starting com.ipanel.android_webview.shell} at 8 of 13 (after Window{148933ec u0 com.suma.midware.setting/com.suma.midware.setting.net.NetInfoActivity})
11-02 18:56:40.904 W/ContextImpl( 2489): Calling a method in the system process without a qualified user: android.app.ContextImpl.sendBroadcast:1345 android.content.ContextWrapper.sendBroadcast:377 android.app.ActivityThread.performPauseActivity:3259 android.app.ActivityThread.performPauseActivity:3225 android.app.ActivityThread.handlePauseActivity:3200 
11-02 18:56:40.926 I/ActivityManager( 2021): Start proc 5859:com.ipanel.android_webview.shell/u0a24 for activity com.ipanel.android_webview.shell/com.ipanel.webapp.BrowserActivity
11-02 18:56:40.955 W/ViewRootImpl( 2489): Cancelling event due to no window focus: KeyEvent { action=ACTION_UP, keyCode=KEYCODE_DPAD_CENTER, scanCode=28, metaState=0, flags=0x28, repeatCount=0, eventTime=2941352, downTime=2941332, deviceId=3, source=0x701 }
11-02 18:56:40.955 W/ViewRootImpl( 2489): Cancelling event due to no window focus: KeyEvent { action=ACTION_UP, keyCode=KEYCODE_DPAD_CENTER, scanCode=28, metaState=0, flags=0x28, repeatCount=0, eventTime=2941352, downTime=2941332, deviceId=3, source=0x701 }
11-02 18:56:40.955 W/ViewRootImpl( 2489): Cancelling event due to no window focus: KeyEvent { action=ACTION_UP, keyCode=KEYCODE_DPAD_CENTER, scanCode=28, metaState=0, flags=0x28, repeatCount=0, eventTime=2941352, downTime=2941332, deviceId=3, source=0x701 }
11-02 18:56:40.955 W/ViewRootImpl( 2489): Cancelling event due to no window focus: KeyEvent { action=ACTION_UP, keyCode=KEYCODE_DPAD_CENTER, scanCode=28, metaState=0, flags=0x28, repeatCount=0, eventTime=2941352, downTime=2941332, deviceId=3, source=0x701 }
11-02 18:56:40.955 W/ViewRootImpl( 2489): Cancelling event due to no window focus: KeyEvent { action=ACTION_UP, keyCode=KEYCODE_DPAD_CENTER, scanCode=28, metaState=0, flags=0x28, repeatCount=0, eventTime=2941352, downTime=2941332, deviceId=3, source=0x701 }
11-02 18:56:40.955 W/ViewRootImpl( 2489): Cancelling event due to no window focus: KeyEvent { action=ACTION_UP, keyCode=KEYCODE_DPAD_CENTER, scanCode=28, metaState=0, flags=0x28, repeatCount=0, eventTime=2941352, downTime=2941332, deviceId=3, source=0x701 }
11-02 18:56:41.396 V/WindowManager( 2021): Adding window Window{38151242 u0 com.ipanel.android_webview.shell/com.ipanel.webapp.BrowserActivity} at 8 of 14 (before Window{557705c u0 Starting com.ipanel.android_webview.shell})
