11-02 20:06:38.590 I/System.out( 2450): [DEBUG EventManager] broadcastEvent  :len 1
11-02 20:06:38.591 D/KeyEventNgbDealer( 2450): [TN_pool-1-thread-1]handleKeyReleased keyEvent=NgbEvent-[type = 1, subtype = 402, code = 39],time=1854538
11-02 20:06:38.591 D/RemoteIME( 3610): RemoteIME--> onKeyUp keyCode = 22
11-02 20:06:38.591 D/Main3DActivity( 2488): [TN_main]dispatchKeyEvent event=KeyEvent { action=ACTION_UP, keyCode=KEYCODE_DPAD_RIGHT, scanCode=106, metaState=0, flags=0x8, repeatCount=0, eventTime=1854538, downTime=1854328, deviceId=3, source=0x701 },isEventAble=true
11-02 20:06:38.603 D/BasicFigure( 2488): [TN_GLThread 74]isDrawFocused relyElement=[BaseElement@574e220]focusScale[1.15]elementAlpha[-1.0]refectAlpha[-1.0]isFocusAble[true]shadowIndex[-1]autoJumpType[-1]uniqueID[54resSize0]rect[NULL]
11-02 20:06:38.603 D/BasicFigure( 2488): [TN_GLThread 74]isDrawFocused basicFigure=com.suma.midware.view.b.c.c@346a37d9
11-02 20:06:38.621 D/BasicFigure( 2488): [TN_GLThread 74]isDrawFocused relyElement=[BaseElement@574e220]focusScale[1.15]elementAlpha[-1.0]refectAlpha[-1.0]isFocusAble[true]shadowIndex[-1]autoJumpType[-1]uniqueID[54resSize0]rect[NULL]
11-02 20:06:38.622 D/BasicFigure( 2488): [TN_GLThread 74]isDrawFocused basicFigure=com.suma.midware.view.b.c.c@346a37d9
11-02 20:06:38.641 D/BasicFigure( 2488): [TN_GLThread 74]isDrawFocused relyElement=[BaseElement@574e220]focusScale[1.15]elementAlpha[-1.0]refectAlpha[-1.0]isFocusAble[true]shadowIndex[-1]autoJumpType[-1]uniqueID[54resSize0]rect[NULL]
11-02 20:06:38.642 D/BasicFigure( 2488): [TN_GLThread 74]isDrawFocused basicFigure=com.suma.midware.view.b.c.c@346a37d9
11-02 20:06:38.661 D/BasicFigure( 2488): [TN_GLThread 74]isDrawFocused relyElement=[BaseElement@574e220]focusScale[1.15]elementAlpha[-1.0]refectAlpha[-1.0]isFocusAble[true]shadowIndex[-1]autoJumpType[-1]uniqueID[54resSize0]rect[NULL]
11-02 20:06:38.662 D/BasicFigure( 2488): [TN_GLThread 74]isDrawFocused basicFigure=com.suma.midware.view.b.c.c@346a37d9
11-02 20:06:38.682 D/BasicFigure( 2488): [TN_GLThread 74]isDrawFocused relyElement=[BaseElement@574e220]focusScale[1.15]elementAlpha[-1.0]refectAlpha[-1.0]isFocusAble[true]shadowIndex[-1]autoJumpType[-1]uniqueID[54resSize0]rect[NULL]
11-02 20:06:38.682 D/BasicFigure( 2488): [TN_GLThread 74]isDrawFocused basicFigure=com.suma.midware.view.b.c.c@346a37d9
11-02 20:06:38.702 D/BasicFigure( 2488): [TN_GLThread 74]isDrawFocused relyElement=[BaseElement@574e220]focusScale[1.15]elementAlpha[-1.0]refectAlpha[-1.0]isFocusAble[true]shadowIndex[-1]autoJumpType[-1]uniqueID[54resSize0]rect[NULL]
11-02 20:06:38.702 D/BasicFigure( 2488): [TN_GLThread 74]isDrawFocused basicFigure=com.suma.midware.view.b.c.c@346a37d9
11-02 20:06:38.720 D/ConfigUpdateOttAdmin( 2488): [TN_ThreadUtil-0]dealUpdateCheck menuConfig=[MenuConfig@f5d]configID[3840]configAlias[homeConfig]configName[home_config.dat]version[1]isFilePath1[false]rootView[com.suma.midware.home.third.h{383f6ac5 VFE..... .F...... 0,0-1280,720}]rootLayout[null]
11-02 20:06:38.720 D/FileIOUtil( 2488): [TN_ThreadUtil-0]deleteFile filePath=/data/user/0/com.suma.midware.home/files/launcherRes/f00/1/,containRootDir=false
11-02 20:06:38.720 D/FileIOUtil( 2488): [TN_ThreadUtil-0]deleteFile file=/data/user/0/com.suma.midware.home/files/launcherRes/f00/1,containRootDir=false
11-02 20:06:38.721 E/ConfigUpdateNeimengOttAdmin( 2488): [TN_ThreadUtil-0]checkConfig url=http://tvos-launcher.96066.com:8082/LancherWeb/getLauncherUpdatePackage?areaCode=&serialNumber=15510217310112851&standardVersion=1.0&mac=&hardVersion=04.01.01.02&launcherVersion=0&locationCode=0&cardOutID=8150010653229443&softVersion=03.16.00.03&type=1&model=8
11-02 20:06:38.721 D/LoadHttpHandler( 2488): [TN_ThreadUtil-0]doNormal proxyConfig=null
11-02 20:06:38.726 D/BackBootDealerNeimeng( 2364): standbyState:
11-02 20:06:38.727 E/NetUtils( 2019): Interface eth0 LinkDown!
11-02 20:06:39.227 D/BackBootDealerNeimeng( 2364): standbyState:
11-02 20:06:39.228 E/NetUtils( 2019): Interface eth0 LinkDown!
11-02 20:06:39.411 D/LoadHttpHandler( 2488): [TN_ThreadUtil-0]doNormal responseCode=200
11-02 20:06:39.411 D/LoadHttpHandler( 2488): [TN_ThreadUtil-0]doNormal savePath=null,fileName=null,total=-1
11-02 20:06:39.411 E/ConfigUpdateNeimengOttAdmin( 2488): [TN_ThreadUtil-0]data: {"status":"0","errorMessage":"","data":""}
11-02 20:06:39.411 E/ConfigUpdateNeimengOttAdmin( 2488): [TN_ThreadUtil-0]checkConfig illegal version is null
11-02 20:06:39.720 D/BasicFigure( 2488): [TN_GLThread 74]isDrawFocused relyElement=[BaseElement@574e220]focusScale[1.15]elementAlpha[-1.0]refectAlpha[-1.0]isFocusAble[true]shadowIndex[-1]autoJumpType[-1]uniqueID[54resSize0]rect[NULL]
11-02 20:06:39.720 D/BasicFigure( 2488): [TN_GLThread 74]isDrawFocused basicFigure=com.suma.midware.view.b.c.c@346a37d9
11-02 20:06:39.728 D/BackBootDealerNeimeng( 2364): standbyState:
11-02 20:06:39.729 E/NetUtils( 2019): Interface eth0 LinkDown!
11-02 20:06:39.924 E/WifiStateMachine( 2019): WifiStateMachine CMD_START_SCAN source -2 txSuccessRate=1.84 rxSuccessRate=1.90 targetRoamBSSID=e4:f3:f5:aa:ad:88 RSSI=-38
11-02 20:06:39.925 E/WifiStateMachine( 2019): WifiStateMachine starting scan for "ipanel"WPA_PSK with 2467
11-02 20:06:40.230 D/BackBootDealerNeimeng( 2364): standbyState:
11-02 20:06:40.230 E/NetUtils( 2019): Interface eth0 LinkDown!
11-02 20:06:40.656 I/EthernetNetworkFactory( 2019): updateInterfaceState :the mIface is:eth0iface is wlan0 true
11-02 20:06:40.663 E/WifiAutoJoinController ( 2019): GDWL 86:79:73:27:8c:19 rssi=-36 cap [WPA-PSK-CCMP][WPA2-PSK-CCMP][ESS] is not scored
11-02 20:06:40.663 E/WifiAutoJoinController ( 2019): ipanel e4:f3:f5:aa:ad:88 rssi=-38 cap [WPA-PSK-CCMP][WPA2-PSK-CCMP][ESS] is not scored
11-02 20:06:40.664 E/WifiAutoJoinController ( 2019): Office_Net e4:f3:f5:a4:00:c0 rssi=-68 cap [WPA-PSK-CCMP][WPA2-PSK-CCMP][ESS] is not scored
11-02 20:06:40.664 E/WifiAutoJoinController ( 2019):  84:79:73:27:8c:19 rssi=-30 cap [WEP][ESS] is not scored
11-02 20:06:40.665 E/WifiAutoJoinController ( 2019): MERCURY_EDE4 e4:f3:f5:6a:ed:e4 rssi=-44 cap [ESS] is not scored
11-02 20:06:40.665 E/WifiAutoJoinController ( 2019): ageScanResultsOut delay 40000 size 5 now 1509624400665
11-02 20:06:40.665 E/WifiAutoJoinController ( 2019): newSupplicantResults size=5 known=1 true
11-02 20:06:40.666 E/WifiAutoJoinController ( 2019): attemptAutoJoin() status=bssid=e4:f3:f5:aa:ad:88
11-02 20:06:40.666 E/WifiAutoJoinController ( 2019): freq=2467
11-02 20:06:40.666 E/WifiAutoJoinController ( 2019): ssid=ipanel
11-02 20:06:40.666 E/WifiAutoJoinController ( 2019): id=1
11-02 20:06:40.666 E/WifiAutoJoinController ( 2019): mode=station
11-02 20:06:40.666 E/WifiAutoJoinController ( 2019): pairwise_cipher=CCMP
11-02 20:06:40.666 E/WifiAutoJoinController ( 2019): group_cipher=CCMP
11-02 20:06:40.666 E/WifiAutoJoinController ( 2019): key_mgmt=WPA2-PSK
11-02 20:06:40.666 E/WifiAutoJoinController ( 2019): wpa_state=COMPLETED
11-02 20:06:40.666 E/WifiAutoJoinController ( 2019): ip_address=192.168.0.101
11-02 20:06:40.666 E/WifiAutoJoinController ( 2019): p2p_device_address=0e:62:a6:0c:0f:b2
11-02 20:06:40.666 E/WifiAutoJoinController ( 2019): address=0c:62:a6:0c:0f:b2
11-02 20:06:40.666 E/WifiAutoJoinController ( 2019): uuid=de43a986-3647-5398-876d-b6752834d7e7 split=13
11-02 20:06:40.666 E/WifiAutoJoinController ( 2019): attemptAutoJoin() num recent config 1 current="ipanel"WPA_PSK ---> suppNetId=1
11-02 20:06:40.666 E/WifiAutoJoinController ( 2019): attemptAutoJoin good candidate seen, bumped hard -> status=0 "ipanel"WPA_PSK rssi=(-38,-127) num=(1,0)
11-02 20:06:40.667 E/WifiAutoJoinController ( 2019): attemptAutoJoin skip current candidate  1 key "ipanel"WPA_PSK
11-02 20:06:40.667 E/WifiAutoJoinController ( 2019): attemptRoam: "ipanel"WPA_PSK Found e4:f3:f5:aa:ad:88 rssi=-38 freq=2467 Current: e4:f3:f5:aa:ad:88
11-02 20:06:40.667 E/WifiAutoJoinController ( 2019): Done attemptAutoJoin status=0
11-02 20:06:40.731 D/BackBootDealerNeimeng( 2364): standbyState:
11-02 20:06:40.732 E/NetUtils( 2019): Interface eth0 LinkDown!
11-02 20:06:40.740 D/BasicFigure( 2488): [TN_GLThread 74]isDrawFocused relyElement=[BaseElement@574e220]focusScale[1.15]elementAlpha[-1.0]refectAlpha[-1.0]isFocusAble[true]shadowIndex[-1]autoJumpType[-1]uniqueID[54resSize0]rect[NULL]
11-02 20:06:40.740 D/BasicFigure( 2488): [TN_GLThread 74]isDrawFocused basicFigure=com.suma.midware.view.b.c.c@346a37d9
11-02 20:06:41.232 D/BackBootDealerNeimeng( 2364): standbyState:
11-02 20:06:41.233 E/NetUtils( 2019): Interface eth0 LinkDown!
11-02 20:06:41.733 D/BackBootDealerNeimeng( 2364): standbyState:
11-02 20:06:41.734 E/NetUtils( 2019): Interface eth0 LinkDown!
11-02 20:06:41.759 D/BasicFigure( 2488): [TN_GLThread 74]isDrawFocused relyElement=[BaseElement@574e220]focusScale[1.15]elementAlpha[-1.0]refectAlpha[-1.0]isFocusAble[true]shadowIndex[-1]autoJumpType[-1]uniqueID[54resSize0]rect[NULL]
11-02 20:06:41.759 D/BasicFigure( 2488): [TN_GLThread 74]isDrawFocused basicFigure=com.suma.midware.view.b.c.c@346a37d9
11-02 20:06:41.955 D/IPLoaderNeimeng( 2364): after wait time20:06:41:monitorInterval:5000
11-02 20:06:41.955 D/IPLoaderNeimeng( 2364): before dealUpdateCheck time:20:06:41:isMsgBroadcast:false:monitorInterval:5000:processState:1
11-02 20:06:41.956 D/IPLoaderNeimeng( 2364): dealUpdateCheck isFirstSuccessUpdate:false:monitorInterval:5000
11-02 20:06:41.956 D/LoadHttpHandler( 2364): [TN_ThreadUtil-6]doNormal proxyConfig=null
11-02 20:06:41.998 D/LoadHttpHandler( 2364): [TN_ThreadUtil-6]doNormal responseCode=404
11-02 20:06:41.999 D/LoadHttpTask( 2364): dealUpdateCheck responseCode:404:data:null:downloadResult:false
11-02 20:06:41.999 D/IPLoaderNeimeng( 2364): after dealUpdateCheck time:20:06:41:isMsgBroadcast:false:monitorInterval:5000:processState:1
11-02 20:06:41.999 D/IPLoaderNeimeng( 2364): before wait time20:06:41:monitorInterval:5000
11-02 20:06:42.235 D/BackBootDealerNeimeng( 2364): standbyState:
11-02 20:06:42.236 E/NetUtils( 2019): Interface eth0 LinkDown!
11-02 20:06:42.736 D/BackBootDealerNeimeng( 2364): standbyState:
11-02 20:06:42.737 E/NetUtils( 2019): Interface eth0 LinkDown!
11-02 20:06:42.779 D/BasicFigure( 2488): [TN_GLThread 74]isDrawFocused relyElement=[BaseElement@574e220]focusScale[1.15]elementAlpha[-1.0]refectAlpha[-1.0]isFocusAble[true]shadowIndex[-1]autoJumpType[-1]uniqueID[54resSize0]rect[NULL]
11-02 20:06:42.779 D/BasicFigure( 2488): [TN_GLThread 74]isDrawFocused basicFigure=com.suma.midware.view.b.c.c@346a37d9
11-02 20:06:42.824 D/AppUtil ( 2364): [TN_ThreadUtil-3]getActivityPkg index=0,comp=ComponentInfo{com.suma.midware.home/com.suma.midware.home.third.Main3DActivity}
11-02 20:06:42.824 D/AppKiller( 2364): [TN_ThreadUtil-3]backKill curPkgName=com.suma.midware.home
11-02 20:06:43.237 D/BackBootDealerNeimeng( 2364): standbyState:
11-02 20:06:43.238 E/NetUtils( 2019): Interface eth0 LinkDown!
11-02 20:06:43.739 D/BackBootDealerNeimeng( 2364): standbyState:
11-02 20:06:43.740 E/NetUtils( 2019): Interface eth0 LinkDown!
11-02 20:06:43.798 D/BasicFigure( 2488): [TN_GLThread 74]isDrawFocused relyElement=[BaseElement@574e220]focusScale[1.15]elementAlpha[-1.0]refectAlpha[-1.0]isFocusAble[true]shadowIndex[-1]autoJumpType[-1]uniqueID[54resSize0]rect[NULL]
11-02 20:06:43.798 D/BasicFigure( 2488): [TN_GLThread 74]isDrawFocused basicFigure=com.suma.midware.view.b.c.c@346a37d9
11-02 20:06:44.240 D/BackBootDealerNeimeng( 2364): standbyState:
11-02 20:06:44.241 E/NetUtils( 2019): Interface eth0 LinkDown!
11-02 20:06:44.741 D/BackBootDealerNeimeng( 2364): standbyState:
11-02 20:06:44.742 E/NetUtils( 2019): Interface eth0 LinkDown!
11-02 20:06:44.818 D/BasicFigure( 2488): [TN_GLThread 74]isDrawFocused relyElement=[BaseElement@574e220]focusScale[1.15]elementAlpha[-1.0]refectAlpha[-1.0]isFocusAble[true]shadowIndex[-1]autoJumpType[-1]uniqueID[54resSize0]rect[NULL]
11-02 20:06:44.818 D/BasicFigure( 2488): [TN_GLThread 74]isDrawFocused basicFigure=com.suma.midware.view.b.c.c@346a37d9
11-02 20:06:45.243 D/BackBootDealerNeimeng( 2364): standbyState:
11-02 20:06:45.243 E/NetUtils( 2019): Interface eth0 LinkDown!
11-02 20:06:45.744 D/BackBootDealerNeimeng( 2364): standbyState:
11-02 20:06:45.745 E/NetUtils( 2019): Interface eth0 LinkDown!
11-02 20:06:45.837 D/BasicFigure( 2488): [TN_GLThread 74]isDrawFocused relyElement=[BaseElement@574e220]focusScale[1.15]elementAlpha[-1.0]refectAlpha[-1.0]isFocusAble[true]shadowIndex[-1]autoJumpType[-1]uniqueID[54resSize0]rect[NULL]
11-02 20:06:45.837 D/BasicFigure( 2488): [TN_GLThread 74]isDrawFocused basicFigure=com.suma.midware.view.b.c.c@346a37d9
11-02 20:06:46.245 D/BackBootDealerNeimeng( 2364): standbyState:
11-02 20:06:46.246 E/NetUtils( 2019): Interface eth0 LinkDown!
11-02 20:06:46.747 D/BackBootDealerNeimeng( 2364): standbyState:
11-02 20:06:46.747 E/NetUtils( 2019): Interface eth0 LinkDown!
11-02 20:06:46.857 D/BasicFigure( 2488): [TN_GLThread 74]isDrawFocused relyElement=[BaseElement@574e220]focusScale[1.15]elementAlpha[-1.0]refectAlpha[-1.0]isFocusAble[true]shadowIndex[-1]autoJumpType[-1]uniqueID[54resSize0]rect[NULL]
11-02 20:06:46.857 D/BasicFigure( 2488): [TN_GLThread 74]isDrawFocused basicFigure=com.suma.midware.view.b.c.c@346a37d9
11-02 20:06:47.248 D/BackBootDealerNeimeng( 2364): standbyState:
11-02 20:06:47.248 E/NetUtils( 2019): Interface eth0 LinkDown!
11-02 20:06:47.749 D/BackBootDealerNeimeng( 2364): standbyState:
11-02 20:06:47.750 E/NetUtils( 2019): Interface eth0 LinkDown!
11-02 20:06:47.876 D/BasicFigure( 2488): [TN_GLThread 74]isDrawFocused relyElement=[BaseElement@574e220]focusScale[1.15]elementAlpha[-1.0]refectAlpha[-1.0]isFocusAble[true]shadowIndex[-1]autoJumpType[-1]uniqueID[54resSize0]rect[NULL]
11-02 20:06:47.876 D/BasicFigure( 2488): [TN_GLThread 74]isDrawFocused basicFigure=com.suma.midware.view.b.c.c@346a37d9
11-02 20:06:48.250 D/BackBootDealerNeimeng( 2364): standbyState:
11-02 20:06:48.251 E/NetUtils( 2019): Interface eth0 LinkDown!
11-02 20:06:48.752 D/BackBootDealerNeimeng( 2364): standbyState:
11-02 20:06:48.752 E/NetUtils( 2019): Interface eth0 LinkDown!
11-02 20:06:48.883 D/BasicFigure( 2488): [TN_GLThread 74]isDrawFocused relyElement=[BaseElement@574e220]focusScale[1.15]elementAlpha[-1.0]refectAlpha[-1.0]isFocusAble[true]shadowIndex[-1]autoJumpType[-1]uniqueID[54resSize0]rect[NULL]
11-02 20:06:48.883 D/BasicFigure( 2488): [TN_GLThread 74]isDrawFocused basicFigure=com.suma.midware.view.b.c.c@346a37d9
11-02 20:06:49.252 D/BackBootDealerNeimeng( 2364): standbyState:
11-02 20:06:49.253 E/NetUtils( 2019): Interface eth0 LinkDown!
11-02 20:06:49.753 D/BackBootDealerNeimeng( 2364): standbyState:
11-02 20:06:49.754 E/NetUtils( 2019): Interface eth0 LinkDown!
11-02 20:06:49.902 D/BasicFigure( 2488): [TN_GLThread 74]isDrawFocused relyElement=[BaseElement@574e220]focusScale[1.15]elementAlpha[-1.0]refectAlpha[-1.0]isFocusAble[true]shadowIndex[-1]autoJumpType[-1]uniqueID[54resSize0]rect[NULL]
11-02 20:06:49.902 D/BasicFigure( 2488): [TN_GLThread 74]isDrawFocused basicFigure=com.suma.midware.view.b.c.c@346a37d9
11-02 20:06:50.255 D/BackBootDealerNeimeng( 2364): standbyState:
11-02 20:06:50.256 E/NetUtils( 2019): Interface eth0 LinkDown!
11-02 20:06:50.756 D/BackBootDealerNeimeng( 2364): standbyState:
11-02 20:06:50.757 E/NetUtils( 2019): Interface eth0 LinkDown!
11-02 20:06:50.921 D/BasicFigure( 2488): [TN_GLThread 74]isDrawFocused relyElement=[BaseElement@574e220]focusScale[1.15]elementAlpha[-1.0]refectAlpha[-1.0]isFocusAble[true]shadowIndex[-1]autoJumpType[-1]uniqueID[54resSize0]rect[NULL]
11-02 20:06:50.922 D/BasicFigure( 2488): [TN_GLThread 74]isDrawFocused basicFigure=com.suma.midware.view.b.c.c@346a37d9
11-02 20:06:51.257 D/BackBootDealerNeimeng( 2364): standbyState:
11-02 20:06:51.258 E/NetUtils( 2019): Interface eth0 LinkDown!
11-02 20:06:51.758 D/BackBootDealerNeimeng( 2364): standbyState:
11-02 20:06:51.759 E/NetUtils( 2019): Interface eth0 LinkDown!
11-02 20:06:51.929 D/BasicFigure( 2488): [TN_GLThread 74]isDrawFocused relyElement=[BaseElement@574e220]focusScale[1.15]elementAlpha[-1.0]refectAlpha[-1.0]isFocusAble[true]shadowIndex[-1]autoJumpType[-1]uniqueID[54resSize0]rect[NULL]
11-02 20:06:51.929 D/BasicFigure( 2488): [TN_GLThread 74]isDrawFocused basicFigure=com.suma.midware.view.b.c.c@346a37d9
11-02 20:06:52.260 D/BackBootDealerNeimeng( 2364): standbyState:
11-02 20:06:52.261 E/NetUtils( 2019): Interface eth0 LinkDown!
11-02 20:06:52.761 D/BackBootDealerNeimeng( 2364): standbyState:
11-02 20:06:52.762 E/NetUtils( 2019): Interface eth0 LinkDown!
11-02 20:06:52.948 D/BasicFigure( 2488): [TN_GLThread 74]isDrawFocused relyElement=[BaseElement@574e220]focusScale[1.15]elementAlpha[-1.0]refectAlpha[-1.0]isFocusAble[true]shadowIndex[-1]autoJumpType[-1]uniqueID[54resSize0]rect[NULL]
11-02 20:06:52.948 D/BasicFigure( 2488): [TN_GLThread 74]isDrawFocused basicFigure=com.suma.midware.view.b.c.c@346a37d9
11-02 20:06:53.262 D/BackBootDealerNeimeng( 2364): standbyState:
11-02 20:06:53.263 E/NetUtils( 2019): Interface eth0 LinkDown!
11-02 20:06:53.380 D/IPLoaderNeimeng( 2364): after wait time20:06:53:monitorInterval:5000
11-02 20:06:53.380 D/IPLoaderNeimeng( 2364): before dealUpdateCheck time:20:06:53:isMsgBroadcast:false:monitorInterval:5000:processState:1
11-02 20:06:53.380 D/IPLoaderNeimeng( 2364): dealUpdateCheck isFirstSuccessUpdate:false:monitorInterval:5000
11-02 20:06:53.381 D/LoadHttpHandler( 2364): [TN_ThreadUtil-6]doNormal proxyConfig=null
11-02 20:06:53.644 D/LoadHttpHandler( 2364): [TN_ThreadUtil-6]doNormal responseCode=404
11-02 20:06:53.645 D/LoadHttpTask( 2364): dealUpdateCheck responseCode:404:data:null:downloadResult:false
11-02 20:06:53.645 D/IPLoaderNeimeng( 2364): after dealUpdateCheck time:20:06:53:isMsgBroadcast:false:monitorInterval:5000:processState:1
11-02 20:06:53.645 D/IPLoaderNeimeng( 2364): before wait time20:06:53:monitorInterval:5000
11-02 20:06:53.763 D/BackBootDealerNeimeng( 2364): standbyState:
11-02 20:06:53.764 E/NetUtils( 2019): Interface eth0 LinkDown!
11-02 20:06:53.968 D/BasicFigure( 2488): [TN_GLThread 74]isDrawFocused relyElement=[BaseElement@574e220]focusScale[1.15]elementAlpha[-1.0]refectAlpha[-1.0]isFocusAble[true]shadowIndex[-1]autoJumpType[-1]uniqueID[54resSize0]rect[NULL]
11-02 20:06:53.968 D/BasicFigure( 2488): [TN_GLThread 74]isDrawFocused basicFigure=com.suma.midware.view.b.c.c@346a37d9
11-02 20:06:54.265 D/BackBootDealerNeimeng( 2364): standbyState:
11-02 20:06:54.266 E/NetUtils( 2019): Interface eth0 LinkDown!
11-02 20:06:54.766 D/BackBootDealerNeimeng( 2364): standbyState:
11-02 20:06:54.767 E/NetUtils( 2019): Interface eth0 LinkDown!
11-02 20:06:54.975 D/BasicFigure( 2488): [TN_GLThread 74]isDrawFocused relyElement=[BaseElement@574e220]focusScale[1.15]elementAlpha[-1.0]refectAlpha[-1.0]isFocusAble[true]shadowIndex[-1]autoJumpType[-1]uniqueID[54resSize0]rect[NULL]
11-02 20:06:54.975 D/BasicFigure( 2488): [TN_GLThread 74]isDrawFocused basicFigure=com.suma.midware.view.b.c.c@346a37d9
11-02 20:06:55.268 D/BackBootDealerNeimeng( 2364): standbyState:
11-02 20:06:55.268 E/NetUtils( 2019): Interface eth0 LinkDown!
11-02 20:06:55.500 V/PT      ( 1581): >>INFO:irkey_task:[    1871.447834] /dev/input/event0: type=0001 code=0067 val=00000001
11-02 20:06:55.500 V/PT      ( 1581): >>INFO:irkey_send:0x3001 0x0026 down
11-02 20:06:55.500 V/SUMA    ( 1581): ++++++++++++++  _roc_evtmgr_key_cbk 517:input = 12289, event=38, act=0x100
11-02 20:06:55.500 V/SUMA    ( 1581): lxm:_roc_evtmgr_key_cbk 519 1871448
11-02 20:06:55.500 V/SUMA    ( 1581): lxm:_roc_evtmgr_add_evt_into_queue 347 1871448
11-02 20:06:55.500 D/ir_user ( 1585): PlayerTimeLineTrace:linux_keycode:0x67(DOWN),	protocol: .
11-02 20:06:55.500 V/SUMA    ( 1581): ===================>> type=0 src=0 evt=38 act=0x100
11-02 20:06:55.500 V/PT      ( 1581): >>INFO:irkey_task:[    1871.447834] /dev/input/event0: type=0000 code=0000 val=00000000
11-02 20:06:55.500 V/SUMA    ( 1581): [sysset-s][event_manager_cbk 78]lxm cbid=1, cbk_reg=1, cpid=2450
11-02 20:06:55.500 D/NGBEvent( 2450): ngbEventCallBack type:0 source :38
11-02 20:06:55.500 D/NGBEvent( 2450): [NGBEventManager-JNI]-returning:1
11-02 20:06:55.500 D/NGBEvent( 2450): Input key event: keyCode=38
11-02 20:06:55.501 D/NGBEvent( 2450): src:38 = dest:38
11-02 20:06:55.501 I/System.out( 2450): [DEBUG EventManager] LWJ--Add event to java with evt=NgbEvent-[type = 1, subtype = 401, code = 38]
11-02 20:06:55.501 D/NGBEvent( 2450): [NGBEvent_log]--[EventManager--JNI]:		start
11-02 20:06:55.501 I/System.out( 2450): [DEBUG EventManager] broadcastEvent  :len 1
11-02 20:06:55.501 D/CombineKeyUtil( 2450): [TN_pool-1-thread-1]dealKeyEvent,combineIndex:-1:keyCode:19
11-02 20:06:55.501 D/KeyEventNgbDealer( 2450): [TN_pool-1-thread-1]handleKeyPressed keyEvent=NgbEvent-[type = 1, subtype = 401, code = 38],time=1871449
11-02 20:06:55.502 D/RemoteIME( 3610): onKeyDown event = KeyEvent { action=ACTION_DOWN, keyCode=KEYCODE_DPAD_UP, scanCode=103, metaState=0, flags=0x8, repeatCount=0, eventTime=1871447, downTime=1871447, deviceId=3, source=0x701 },mSkbContainer=null
11-02 20:06:55.502 D/Main3DActivity( 2488): [TN_main]dispatchKeyEvent event=KeyEvent { action=ACTION_DOWN, keyCode=KEYCODE_DPAD_UP, scanCode=103, metaState=0, flags=0x8, repeatCount=0, eventTime=1871447, downTime=1871447, deviceId=3, source=0x701 },isEventAble=true
11-02 20:06:55.503 D/InputEventConsistencyVerifier( 2488): KeyEvent: ACTION_DOWN but key is already down and this event is not a key repeat.
11-02 20:06:55.503 D/InputEventConsistencyVerifier( 2488):   in com.android.internal.policy.impl.PhoneWindow$DecorView{2562e927 V.E..... R.....I. 0,0-1280,720}
11-02 20:06:55.503 D/InputEventConsistencyVerifier( 2488):   0: sent at 1871447000000, KeyEvent { action=ACTION_DOWN, keyCode=KEYCODE_DPAD_UP, scanCode=103, metaState=0, flags=0x8, repeatCount=0, eventTime=1871447, downTime=1871447, deviceId=3, source=0x701 }
11-02 20:06:55.503 D/InputEventConsistencyVerifier( 2488):   -- recent events --
11-02 20:06:55.503 D/InputEventConsistencyVerifier( 2488):   1: sent at 1854328000000, KeyEvent { action=ACTION_DOWN, keyCode=KEYCODE_DPAD_RIGHT, scanCode=106, metaState=0, flags=0x80000008, repeatCount=0, eventTime=1854328, downTime=1854328, deviceId=3, source=0x701 }
11-02 20:06:55.503 D/InputEventConsistencyVerifier( 2488):   2: sent at 441296000000, KeyEvent { action=ACTION_DOWN, keyCode=KEYCODE_DPAD_CENTER, scanCode=28, metaState=0, flags=0x80000008, repeatCount=0, eventTime=441296, downTime=441296, deviceId=3, source=0x701 }
11-02 20:06:55.503 D/InputEventConsistencyVerifier( 2488):   3: sent at 440885000000, KeyEvent { action=ACTION_DOWN, keyCode=KEYCODE_DPAD_RIGHT, scanCode=106, metaState=0, flags=0x80000008, repeatCount=0, eventTime=440885, downTime=440885, deviceId=3, source=0x701 }
11-02 20:06:55.503 D/InputEventConsistencyVerifier( 2488):   4: sent at 440418000000, KeyEvent { action=ACTION_DOWN, keyCode=KEYCODE_DPAD_DOWN, scanCode=108, metaState=0, flags=0x80000008, repeatCount=0, eventTime=440418, downTime=440418, deviceId=3, source=0x701 }
11-02 20:06:55.503 D/InputEventConsistencyVerifier( 2488):   5: sent at 440140000000, KeyEvent { action=ACTION_DOWN, keyCode=KEYCODE_DPAD_DOWN, scanCode=108, metaState=0, flags=0x80000008, repeatCount=0, eventTime=440140, downTime=440140, deviceId=3, source=0x701 }
11-02 20:06:55.503 D/BasicRootView( 2488): [TN_main]dispatchKeyEvent event=KeyEvent { action=ACTION_DOWN, keyCode=KEYCODE_DPAD_UP, scanCode=103, metaState=0, flags=0x80000008, repeatCount=0, eventTime=1871447, downTime=1871447, deviceId=3, source=0x701 },curRootPanel=com.suma.midware.home.third.a.a@12aed249
11-02 20:06:55.503 D/GLRootRenderer( 2488): dispatchKeyEvent event:KeyEvent { action=ACTION_DOWN, keyCode=KEYCODE_DPAD_UP, scanCode=103, metaState=0, flags=0x80000008, repeatCount=0, eventTime=1871447, downTime=1871447, deviceId=3, source=0x701 }:lastKeyCode:22:lastKeyAction:0:lastkeycount:0:size:0
11-02 20:06:55.503 D/Scene   ( 2488): dispatchKeyEvent event:KeyEvent { action=ACTION_DOWN, keyCode=KEYCODE_DPAD_UP, scanCode=103, metaState=0, flags=0x80000008, repeatCount=0, eventTime=1871447, downTime=1871447, deviceId=3, source=0x701 }
11-02 20:06:55.503 D/Scene   ( 2488): dispatchKeyEvent currentFocus = com.suma.midware.view.b.c.c@14809883
11-02 20:06:55.503 D/Scene   ( 2488): dispatchKeyEvent nextFocus:null
11-02 20:06:55.504 D/BasicFigure( 2488): [TN_GLThread 74]dealKeyEvent event=KeyEvent { action=ACTION_DOWN, keyCode=KEYCODE_DPAD_UP, scanCode=103, metaState=0, flags=0x80000008, repeatCount=0, eventTime=1871447, downTime=1871447, deviceId=3, source=0x701 }
11-02 20:06:55.505 D/MenuUtil( 2488): [TN_GLThread 74]searchVerticalFigure x=1394.00,y=692.000,width=188.000,height=221.000,excludeObj=com.suma.midware.view.b.c.c@14809883
11-02 20:06:55.506 D/MenuUtil( 2488): [TN_GLThread 74]isAbove y1=105.000,y2=692.000,cube1=890.0,110.0,1.0,cube2=188.0,221.0,1.0,obj3d1=com.suma.midware.view.b.d.b@20745128,obj3d2=com.suma.midware.view.b.c.c@14809883
11-02 20:06:55.506 D/MenuUtil( 2488): [TN_GLThread 74]isAbove y1=456.000,y2=105.000,cube1=188.0,221.0,1.0,cube2=890.0,110.0,1.0,obj3d1=com.suma.midware.view.b.c.c@13bcde87,obj3d2=com.suma.midware.view.b.d.b@20745128
11-02 20:06:55.506 D/BasicFigure( 2488): [TN_GLThread 74]onFocusLost figure=com.suma.midware.view.b.c.c@14809883
11-02 20:06:55.507 W/BasicRootPanel( 2488): [TN_GLThread 74]switchPanelLight lightFigure null
11-02 20:06:55.507 D/BasicFigure( 2488): [TN_GLThread 74]onFocusGain figure=com.suma.midware.view.b.c.c@13bcde87
11-02 20:06:55.507 D/BasicFigure( 2488): [TN_GLThread 74]onFocusGain panelIndex=5,curPanelIndex=5,basicFigure=com.suma.midware.view.b.c.c@13bcde87
11-02 20:06:55.507 D/BasicFigure( 2488): [TN_GLThread 74]onFocusLost time:1871455
11-02 20:06:55.514 D/BasicFigure( 2488): [TN_GLThread 74]isDrawFocused relyElement=[BaseElement@574e220]focusScale[1.15]elementAlpha[-1.0]refectAlpha[-1.0]isFocusAble[true]shadowIndex[-1]autoJumpType[-1]uniqueID[54resSize0]rect[NULL]
11-02 20:06:55.514 D/BasicFigure( 2488): [TN_GLThread 74]isDrawFocused basicFigure=com.suma.midware.view.b.c.c@346a37d9
11-02 20:06:55.515 D/BasicFigure( 2488): [TN_GLThread 74]onFocusMoveAnim moveSpace=0.00000,x=528.000,xOffset=0.00000
11-02 20:06:55.515 D/FixedRes( 2488): [TN_GLThread 74]getNineImgRes nineImgSize=2
11-02 20:06:55.515 W/BasicRootPanel( 2488): [TN_GLThread 74]switchPanelLight lightFigure null
11-02 20:06:55.520 D/BasicFigure( 2488): [TN_GLThread 74]isDrawFocused relyElement=[BaseElement@574e220]focusScale[1.15]elementAlpha[-1.0]refectAlpha[-1.0]isFocusAble[true]shadowIndex[-1]autoJumpType[-1]uniqueID[54resSize0]rect[NULL]
11-02 20:06:55.520 D/BasicFigure( 2488): [TN_GLThread 74]isDrawFocused basicFigure=com.suma.midware.view.b.c.c@346a37d9
11-02 20:06:55.533 D/BasicFigure( 2488): [TN_GLThread 74]isDrawFocused relyElement=[BaseElement@574e220]focusScale[1.15]elementAlpha[-1.0]refectAlpha[-1.0]isFocusAble[true]shadowIndex[-1]autoJumpType[-1]uniqueID[54resSize0]rect[NULL]
11-02 20:06:55.533 D/BasicFigure( 2488): [TN_GLThread 74]isDrawFocused basicFigure=com.suma.midware.view.b.c.c@346a37d9
11-02 20:06:55.544 D/BasicFigure( 2488): [TN_GLThread 74]isDrawFocused relyElement=[BaseElement@574e220]focusScale[1.15]elementAlpha[-1.0]refectAlpha[-1.0]isFocusAble[true]shadowIndex[-1]autoJumpType[-1]uniqueID[54resSize0]rect[NULL]
11-02 20:06:55.545 D/BasicFigure( 2488): [TN_GLThread 74]isDrawFocused basicFigure=com.suma.midware.view.b.c.c@346a37d9
11-02 20:06:55.563 D/BasicFigure( 2488): [TN_GLThread 74]isDrawFocused relyElement=[BaseElement@574e220]focusScale[1.15]elementAlpha[-1.0]refectAlpha[-1.0]isFocusAble[true]shadowIndex[-1]autoJumpType[-1]uniqueID[54resSize0]rect[NULL]
11-02 20:06:55.563 D/BasicFigure( 2488): [TN_GLThread 74]isDrawFocused basicFigure=com.suma.midware.view.b.c.c@346a37d9
11-02 20:06:55.582 D/BasicFigure( 2488): [TN_GLThread 74]isDrawFocused relyElement=[BaseElement@574e220]focusScale[1.15]elementAlpha[-1.0]refectAlpha[-1.0]isFocusAble[true]shadowIndex[-1]autoJumpType[-1]uniqueID[54resSize0]rect[NULL]
11-02 20:06:55.582 D/BasicFigure( 2488): [TN_GLThread 74]isDrawFocused basicFigure=com.suma.midware.view.b.c.c@346a37d9
11-02 20:06:55.604 D/BasicFigure( 2488): [TN_GLThread 74]isDrawFocused relyElement=[BaseElement@574e220]focusScale[1.15]elementAlpha[-1.0]refectAlpha[-1.0]isFocusAble[true]shadowIndex[-1]autoJumpType[-1]uniqueID[54resSize0]rect[NULL]
11-02 20:06:55.605 D/BasicFigure( 2488): [TN_GLThread 74]isDrawFocused basicFigure=com.suma.midware.view.b.c.c@346a37d9
11-02 20:06:55.624 D/BasicFigure( 2488): [TN_GLThread 74]isDrawFocused relyElement=[BaseElement@574e220]focusScale[1.15]elementAlpha[-1.0]refectAlpha[-1.0]isFocusAble[true]shadowIndex[-1]autoJumpType[-1]uniqueID[54resSize0]rect[NULL]
11-02 20:06:55.624 D/BasicFigure( 2488): [TN_GLThread 74]isDrawFocused basicFigure=com.suma.midware.view.b.c.c@346a37d9
11-02 20:06:55.637 D/BasicFigure( 2488): [TN_GLThread 74]isDrawFocused relyElement=[BaseElement@574e220]focusScale[1.15]elementAlpha[-1.0]refectAlpha[-1.0]isFocusAble[true]shadowIndex[-1]autoJumpType[-1]uniqueID[54resSize0]rect[NULL]
11-02 20:06:55.638 D/BasicFigure( 2488): [TN_GLThread 74]isDrawFocused basicFigure=com.suma.midware.view.b.c.c@346a37d9
11-02 20:06:55.648 D/BasicFigure( 2488): [TN_GLThread 74]isDrawFocused relyElement=[BaseElement@574e220]focusScale[1.15]elementAlpha[-1.0]refectAlpha[-1.0]isFocusAble[true]shadowIndex[-1]autoJumpType[-1]uniqueID[54resSize0]rect[NULL]
11-02 20:06:55.648 D/BasicFigure( 2488): [TN_GLThread 74]isDrawFocused basicFigure=com.suma.midware.view.b.c.c@346a37d9
11-02 20:06:55.657 D/BasicFigure( 2488): [TN_GLThread 74]isDrawFocused relyElement=[BaseElement@574e220]focusScale[1.15]elementAlpha[-1.0]refectAlpha[-1.0]isFocusAble[true]shadowIndex[-1]autoJumpType[-1]uniqueID[54resSize0]rect[NULL]
11-02 20:06:55.657 D/BasicFigure( 2488): [TN_GLThread 74]isDrawFocused basicFigure=com.suma.midware.view.b.c.c@346a37d9
11-02 20:06:55.667 D/BasicFigure( 2488): [TN_GLThread 74]isDrawFocused relyElement=[BaseElement@574e220]focusScale[1.15]elementAlpha[-1.0]refectAlpha[-1.0]isFocusAble[true]shadowIndex[-1]autoJumpType[-1]uniqueID[54resSize0]rect[NULL]
11-02 20:06:55.667 D/BasicFigure( 2488): [TN_GLThread 74]isDrawFocused basicFigure=com.suma.midware.view.b.c.c@346a37d9
11-02 20:06:55.683 D/BasicFigure( 2488): [TN_GLThread 74]isDrawFocused relyElement=[BaseElement@574e220]focusScale[1.15]elementAlpha[-1.0]refectAlpha[-1.0]isFocusAble[true]shadowIndex[-1]autoJumpType[-1]uniqueID[54resSize0]rect[NULL]
11-02 20:06:55.683 D/BasicFigure( 2488): [TN_GLThread 74]isDrawFocused basicFigure=com.suma.midware.view.b.c.c@346a37d9
11-02 20:06:55.703 D/BasicFigure( 2488): [TN_GLThread 74]isDrawFocused relyElement=[BaseElement@574e220]focusScale[1.15]elementAlpha[-1.0]refectAlpha[-1.0]isFocusAble[true]shadowIndex[-1]autoJumpType[-1]uniqueID[54resSize0]rect[NULL]
11-02 20:06:55.703 D/BasicFigure( 2488): [TN_GLThread 74]isDrawFocused basicFigure=com.suma.midware.view.b.c.c@346a37d9
11-02 20:06:55.709 D/ir_user ( 1585): PlayerTimeLineTrace:linux_keycode:0x67(UP),	protocol: .
11-02 20:06:55.709 V/PT      ( 1581): >>INFO:irkey_task:[    1871.656987] /dev/input/event0: type=0001 code=0067 val=00000000
11-02 20:06:55.709 V/PT      ( 1581): >>INFO:irkey_send:0x3001 0x0026 up  
11-02 20:06:55.709 V/SUMA    ( 1581): ++++++++++++++  _roc_evtmgr_key_cbk 517:input = 12289, event=38, act=0x400
11-02 20:06:55.709 V/SUMA    ( 1581): lxm:_roc_evtmgr_key_cbk 519 1871657
11-02 20:06:55.709 V/SUMA    ( 1581): lxm:_roc_evtmgr_add_key_into_queue 311 1871657
11-02 20:06:55.709 V/PT      ( 1581): >>INFO:irkey_task:[    1871.656987] /dev/input/event0: type=0000 code=0000 val=00000000
11-02 20:06:55.709 V/SUMA    ( 1581): ===================>> type=0 src=0 evt=38 act=0x400
11-02 20:06:55.709 V/SUMA    ( 1581): [sysset-s][event_manager_cbk 78]lxm cbid=1, cbk_reg=1, cpid=2450
11-02 20:06:55.709 D/NGBEvent( 2450): ngbEventCallBack type:0 source :38
11-02 20:06:55.709 D/NGBEvent( 2450): [NGBEventManager-JNI]-returning:1
11-02 20:06:55.709 D/NGBEvent( 2450): Input key event: keyCode=38
11-02 20:06:55.709 D/NGBEvent( 2450): src:38 = dest:38
11-02 20:06:55.709 I/System.out( 2450): [DEBUG EventManager] LWJ--Add event to java with evt=NgbEvent-[type = 1, subtype = 402, code = 38]
11-02 20:06:55.709 D/NGBEvent( 2450): [NGBEvent_log]--[EventManager--JNI]:		start
11-02 20:06:55.709 I/System.out( 2450): [DEBUG EventManager] broadcastEvent  :len 1
11-02 20:06:55.709 D/KeyEventNgbDealer( 2450): [TN_pool-1-thread-1]handleKeyReleased keyEvent=NgbEvent-[type = 1, subtype = 402, code = 38],time=1871657
11-02 20:06:55.709 D/RemoteIME( 3610): RemoteIME--> onKeyUp keyCode = 19
11-02 20:06:55.710 D/Main3DActivity( 2488): [TN_main]dispatchKeyEvent event=KeyEvent { action=ACTION_UP, keyCode=KEYCODE_DPAD_UP, scanCode=103, metaState=0, flags=0x8, repeatCount=0, eventTime=1871656, downTime=1871447, deviceId=3, source=0x701 },isEventAble=true
11-02 20:06:55.722 D/BasicFigure( 2488): [TN_GLThread 74]isDrawFocused relyElement=[BaseElement@574e220]focusScale[1.15]elementAlpha[-1.0]refectAlpha[-1.0]isFocusAble[true]shadowIndex[-1]autoJumpType[-1]uniqueID[54resSize0]rect[NULL]
11-02 20:06:55.723 D/BasicFigure( 2488): [TN_GLThread 74]isDrawFocused basicFigure=com.suma.midware.view.b.c.c@346a37d9
11-02 20:06:55.741 D/BasicFigure( 2488): [TN_GLThread 74]isDrawFocused relyElement=[BaseElement@574e220]focusScale[1.15]elementAlpha[-1.0]refectAlpha[-1.0]isFocusAble[true]shadowIndex[-1]autoJumpType[-1]uniqueID[54resSize0]rect[NULL]
11-02 20:06:55.741 D/BasicFigure( 2488): [TN_GLThread 74]isDrawFocused basicFigure=com.suma.midware.view.b.c.c@346a37d9
11-02 20:06:55.761 D/BasicFigure( 2488): [TN_GLThread 74]isDrawFocused relyElement=[BaseElement@574e220]focusScale[1.15]elementAlpha[-1.0]refectAlpha[-1.0]isFocusAble[true]shadowIndex[-1]autoJumpType[-1]uniqueID[54resSize0]rect[NULL]
11-02 20:06:55.761 D/BasicFigure( 2488): [TN_GLThread 74]isDrawFocused basicFigure=com.suma.midware.view.b.c.c@346a37d9
11-02 20:06:55.769 D/BackBootDealerNeimeng( 2364): standbyState:
11-02 20:06:55.769 E/NetUtils( 2019): Interface eth0 LinkDown!
11-02 20:06:55.781 D/BasicFigure( 2488): [TN_GLThread 74]isDrawFocused relyElement=[BaseElement@574e220]focusScale[1.15]elementAlpha[-1.0]refectAlpha[-1.0]isFocusAble[true]shadowIndex[-1]autoJumpType[-1]uniqueID[54resSize0]rect[NULL]
11-02 20:06:55.781 D/BasicFigure( 2488): [TN_GLThread 74]isDrawFocused basicFigure=com.suma.midware.view.b.c.c@346a37d9
11-02 20:06:55.801 D/BasicFigure( 2488): [TN_GLThread 74]isDrawFocused relyElement=[BaseElement@574e220]focusScale[1.15]elementAlpha[-1.0]refectAlpha[-1.0]isFocusAble[true]shadowIndex[-1]autoJumpType[-1]uniqueID[54resSize0]rect[NULL]
11-02 20:06:55.801 D/BasicFigure( 2488): [TN_GLThread 74]isDrawFocused basicFigure=com.suma.midware.view.b.c.c@346a37d9
11-02 20:06:55.828 D/BasicFigure( 2488): [TN_GLThread 74]isDrawFocused relyElement=[BaseElement@574e220]focusScale[1.15]elementAlpha[-1.0]refectAlpha[-1.0]isFocusAble[true]shadowIndex[-1]autoJumpType[-1]uniqueID[54resSize0]rect[NULL]
11-02 20:06:55.828 D/BasicFigure( 2488): [TN_GLThread 74]isDrawFocused basicFigure=com.suma.midware.view.b.c.c@346a37d9
11-02 20:06:56.270 D/BackBootDealerNeimeng( 2364): standbyState:
11-02 20:06:56.270 E/NetUtils( 2019): Interface eth0 LinkDown!
11-02 20:06:56.771 D/BackBootDealerNeimeng( 2364): standbyState:
11-02 20:06:56.772 E/NetUtils( 2019): Interface eth0 LinkDown!
11-02 20:06:56.815 D/ir_user ( 1585): PlayerTimeLineTrace:linux_keycode:0x67(DOWN),	protocol: .
11-02 20:06:56.815 V/PT      ( 1581): >>INFO:irkey_task:[    1872.762883] /dev/input/event0: type=0001 code=0067 val=00000001
11-02 20:06:56.815 V/PT      ( 1581): >>INFO:irkey_send:0x3001 0x0026 down
11-02 20:06:56.815 V/SUMA    ( 1581): ++++++++++++++  _roc_evtmgr_key_cbk 517:input = 12289, event=38, act=0x100
11-02 20:06:56.815 V/SUMA    ( 1581): lxm:_roc_evtmgr_key_cbk 519 1872763
11-02 20:06:56.815 V/SUMA    ( 1581): lxm:_roc_evtmgr_add_evt_into_queue 347 1872763
11-02 20:06:56.815 V/PT      ( 1581): >>INFO:irkey_task:[    1872.762883] /dev/input/event0: type=0000 code=0000 val=00000000
11-02 20:06:56.815 V/SUMA    ( 1581): ===================>> type=0 src=0 evt=38 act=0x100
11-02 20:06:56.815 V/SUMA    ( 1581): [sysset-s][event_manager_cbk 78]lxm cbid=1, cbk_reg=1, cpid=2450
11-02 20:06:56.816 D/NGBEvent( 2450): ngbEventCallBack type:0 source :38
11-02 20:06:56.816 D/NGBEvent( 2450): [NGBEventManager-JNI]-returning:1
11-02 20:06:56.816 D/NGBEvent( 2450): Input key event: keyCode=38
11-02 20:06:56.816 D/NGBEvent( 2450): src:38 = dest:38
11-02 20:06:56.816 I/System.out( 2450): [DEBUG EventManager] LWJ--Add event to java with evt=NgbEvent-[type = 1, subtype = 401, code = 38]
11-02 20:06:56.816 D/NGBEvent( 2450): [NGBEvent_log]--[EventManager--JNI]:		start
11-02 20:06:56.816 I/System.out( 2450): [DEBUG EventManager] broadcastEvent  :len 1
11-02 20:06:56.816 D/CombineKeyUtil( 2450): [TN_pool-1-thread-1]dealKeyEvent,combineIndex:-1:keyCode:19
11-02 20:06:56.816 D/KeyEventNgbDealer( 2450): [TN_pool-1-thread-1]handleKeyPressed keyEvent=NgbEvent-[type = 1, subtype = 401, code = 38],time=1872764
11-02 20:06:56.817 D/RemoteIME( 3610): onKeyDown event = KeyEvent { action=ACTION_DOWN, keyCode=KEYCODE_DPAD_UP, scanCode=103, metaState=0, flags=0x8, repeatCount=0, eventTime=1872762, downTime=1872762, deviceId=3, source=0x701 },mSkbContainer=null
11-02 20:06:56.818 D/Main3DActivity( 2488): [TN_main]dispatchKeyEvent event=KeyEvent { action=ACTION_DOWN, keyCode=KEYCODE_DPAD_UP, scanCode=103, metaState=0, flags=0x8, repeatCount=0, eventTime=1872762, downTime=1872762, deviceId=3, source=0x701 },isEventAble=true
11-02 20:06:56.818 D/InputEventConsistencyVerifier( 2488): KeyEvent: ACTION_DOWN but key is already down and this event is not a key repeat.
11-02 20:06:56.818 D/InputEventConsistencyVerifier( 2488):   in com.android.internal.policy.impl.PhoneWindow$DecorView{2562e927 V.E..... R.....I. 0,0-1280,720}
11-02 20:06:56.818 D/InputEventConsistencyVerifier( 2488):   0: sent at 1872762000000, KeyEvent { action=ACTION_DOWN, keyCode=KEYCODE_DPAD_UP, scanCode=103, metaState=0, flags=0x8, repeatCount=0, eventTime=1872762, downTime=1872762, deviceId=3, source=0x701 }
11-02 20:06:56.818 D/InputEventConsistencyVerifier( 2488):   -- recent events --
11-02 20:06:56.818 D/InputEventConsistencyVerifier( 2488):   1: sent at 1871447000000, KeyEvent { action=ACTION_DOWN, keyCode=KEYCODE_DPAD_UP, scanCode=103, metaState=0, flags=0x80000008, repeatCount=0, eventTime=1871447, downTime=1871447, deviceId=3, source=0x701 }
11-02 20:06:56.818 D/InputEventConsistencyVerifier( 2488):   2: sent at 1854328000000, KeyEvent { action=ACTION_DOWN, keyCode=KEYCODE_DPAD_RIGHT, scanCode=106, metaState=0, flags=0x80000008, repeatCount=0, eventTime=1854328, downTime=1854328, deviceId=3, source=0x701 }
11-02 20:06:56.818 D/InputEventConsistencyVerifier( 2488):   3: sent at 441296000000, KeyEvent { action=ACTION_DOWN, keyCode=KEYCODE_DPAD_CENTER, scanCode=28, metaState=0, flags=0x80000008, repeatCount=0, eventTime=441296, downTime=441296, deviceId=3, source=0x701 }
11-02 20:06:56.818 D/InputEventConsistencyVerifier( 2488):   4: sent at 440885000000, KeyEvent { action=ACTION_DOWN, keyCode=KEYCODE_DPAD_RIGHT, scanCode=106, metaState=0, flags=0x80000008, repeatCount=0, eventTime=440885, downTime=440885, deviceId=3, source=0x701 }
11-02 20:06:56.818 D/InputEventConsistencyVerifier( 2488):   5: sent at 440418000000, KeyEvent { action=ACTION_DOWN, keyCode=KEYCODE_DPAD_DOWN, scanCode=108, metaState=0, flags=0x80000008, repeatCount=0, eventTime=440418, downTime=440418, deviceId=3, source=0x701 }
11-02 20:06:56.818 D/BasicRootView( 2488): [TN_main]dispatchKeyEvent event=KeyEvent { action=ACTION_DOWN, keyCode=KEYCODE_DPAD_UP, scanCode=103, metaState=0, flags=0x80000008, repeatCount=0, eventTime=1872762, downTime=1872762, deviceId=3, source=0x701 },curRootPanel=com.suma.midware.home.third.a.a@12aed249
11-02 20:06:56.819 D/GLRootRenderer( 2488): dispatchKeyEvent event:KeyEvent { action=ACTION_DOWN, keyCode=KEYCODE_DPAD_UP, scanCode=103, metaState=0, flags=0x80000008, repeatCount=0, eventTime=1872762, downTime=1872762, deviceId=3, source=0x701 }:lastKeyCode:19:lastKeyAction:0:lastkeycount:0:size:0
11-02 20:06:56.819 D/Scene   ( 2488): dispatchKeyEvent event:KeyEvent { action=ACTION_DOWN, keyCode=KEYCODE_DPAD_UP, scanCode=103, metaState=0, flags=0x80000008, repeatCount=0, eventTime=1872762, downTime=1872762, deviceId=3, source=0x701 }
11-02 20:06:56.819 D/Scene   ( 2488): dispatchKeyEvent currentFocus = com.suma.midware.view.b.c.c@13bcde87
11-02 20:06:56.819 D/Scene   ( 2488): dispatchKeyEvent nextFocus:null
11-02 20:06:56.819 D/BasicFigure( 2488): [TN_GLThread 74]dealKeyEvent event=KeyEvent { action=ACTION_DOWN, keyCode=KEYCODE_DPAD_UP, scanCode=103, metaState=0, flags=0x80000008, repeatCount=0, eventTime=1872762, downTime=1872762, deviceId=3, source=0x701 }
11-02 20:06:56.820 D/MenuUtil( 2488): [TN_GLThread 74]searchVerticalFigure x=1394.00,y=456.000,width=188.000,height=221.000,excludeObj=com.suma.midware.view.b.c.c@13bcde87
11-02 20:06:56.821 D/MenuUtil( 2488): [TN_GLThread 74]isAbove y1=105.000,y2=456.000,cube1=890.0,110.0,1.0,cube2=188.0,221.0,1.0,obj3d1=com.suma.midware.view.b.d.b@20745128,obj3d2=com.suma.midware.view.b.c.c@13bcde87
11-02 20:06:56.822 D/MenuUtil( 2488): [TN_GLThread 74]isAbove y1=220.000,y2=105.000,cube1=188.0,221.0,1.0,cube2=890.0,110.0,1.0,obj3d1=com.suma.midware.view.b.c.c@16a211b4,obj3d2=com.suma.midware.view.b.d.b@20745128
11-02 20:06:56.822 D/BasicFigure( 2488): [TN_GLThread 74]onFocusLost figure=com.suma.midware.view.b.c.c@13bcde87
11-02 20:06:56.822 W/BasicRootPanel( 2488): [TN_GLThread 74]switchPanelLight lightFigure null
11-02 20:06:56.822 D/BasicFigure( 2488): [TN_GLThread 74]onFocusGain figure=com.suma.midware.view.b.c.c@16a211b4
11-02 20:06:56.822 D/BasicFigure( 2488): [TN_GLThread 74]onFocusGain panelIndex=5,curPanelIndex=5,basicFigure=com.suma.midware.view.b.c.c@16a211b4
11-02 20:06:56.822 D/BasicFigure( 2488): [TN_GLThread 74]onFocusLost time:1872770
11-02 20:06:56.829 D/BasicFigure( 2488): [TN_GLThread 74]isDrawFocused relyElement=[BaseElement@574e220]focusScale[1.15]elementAlpha[-1.0]refectAlpha[-1.0]isFocusAble[true]shadowIndex[-1]autoJumpType[-1]uniqueID[54resSize0]rect[NULL]
11-02 20:06:56.829 D/BasicFigure( 2488): [TN_GLThread 74]isDrawFocused basicFigure=com.suma.midware.view.b.c.c@346a37d9
11-02 20:06:56.830 D/BasicFigure( 2488): [TN_GLThread 74]onFocusMoveAnim moveSpace=0.00000,x=528.000,xOffset=0.00000
11-02 20:06:56.830 D/FixedRes( 2488): [TN_GLThread 74]getNineImgRes nineImgSize=2
11-02 20:06:56.830 W/BasicRootPanel( 2488): [TN_GLThread 74]switchPanelLight lightFigure null
11-02 20:06:56.835 D/BasicFigure( 2488): [TN_GLThread 74]isDrawFocused relyElement=[BaseElement@574e220]focusScale[1.15]elementAlpha[-1.0]refectAlpha[-1.0]isFocusAble[true]shadowIndex[-1]autoJumpType[-1]uniqueID[54resSize0]rect[NULL]
11-02 20:06:56.835 D/BasicFigure( 2488): [TN_GLThread 74]isDrawFocused basicFigure=com.suma.midware.view.b.c.c@346a37d9
11-02 20:06:56.848 D/BasicFigure( 2488): [TN_GLThread 74]isDrawFocused relyElement=[BaseElement@574e220]focusScale[1.15]elementAlpha[-1.0]refectAlpha[-1.0]isFocusAble[true]shadowIndex[-1]autoJumpType[-1]uniqueID[54resSize0]rect[NULL]
11-02 20:06:56.848 D/BasicFigure( 2488): [TN_GLThread 74]isDrawFocused basicFigure=com.suma.midware.view.b.c.c@346a37d9
11-02 20:06:56.859 D/BasicFigure( 2488): [TN_GLThread 74]isDrawFocused relyElement=[BaseElement@574e220]focusScale[1.15]elementAlpha[-1.0]refectAlpha[-1.0]isFocusAble[true]shadowIndex[-1]autoJumpType[-1]uniqueID[54resSize0]rect[NULL]
11-02 20:06:56.860 D/BasicFigure( 2488): [TN_GLThread 74]isDrawFocused basicFigure=com.suma.midware.view.b.c.c@346a37d9
11-02 20:06:56.878 D/BasicFigure( 2488): [TN_GLThread 74]isDrawFocused relyElement=[BaseElement@574e220]focusScale[1.15]elementAlpha[-1.0]refectAlpha[-1.0]isFocusAble[true]shadowIndex[-1]autoJumpType[-1]uniqueID[54resSize0]rect[NULL]
11-02 20:06:56.878 D/BasicFigure( 2488): [TN_GLThread 74]isDrawFocused basicFigure=com.suma.midware.view.b.c.c@346a37d9
11-02 20:06:56.890 D/BasicFigure( 2488): [TN_GLThread 74]isDrawFocused relyElement=[BaseElement@574e220]focusScale[1.15]elementAlpha[-1.0]refectAlpha[-1.0]isFocusAble[true]shadowIndex[-1]autoJumpType[-1]uniqueID[54resSize0]rect[NULL]
11-02 20:06:56.890 D/BasicFigure( 2488): [TN_GLThread 74]isDrawFocused basicFigure=com.suma.midware.view.b.c.c@346a37d9
11-02 20:06:56.909 D/BasicFigure( 2488): [TN_GLThread 74]isDrawFocused relyElement=[BaseElement@574e220]focusScale[1.15]elementAlpha[-1.0]refectAlpha[-1.0]isFocusAble[true]shadowIndex[-1]autoJumpType[-1]uniqueID[54resSize0]rect[NULL]
11-02 20:06:56.909 D/BasicFigure( 2488): [TN_GLThread 74]isDrawFocused basicFigure=com.suma.midware.view.b.c.c@346a37d9
11-02 20:06:56.934 D/BasicFigure( 2488): [TN_GLThread 74]isDrawFocused relyElement=[BaseElement@574e220]focusScale[1.15]elementAlpha[-1.0]refectAlpha[-1.0]isFocusAble[true]shadowIndex[-1]autoJumpType[-1]uniqueID[54resSize0]rect[NULL]
11-02 20:06:56.934 D/BasicFigure( 2488): [TN_GLThread 74]isDrawFocused basicFigure=com.suma.midware.view.b.c.c@346a37d9
11-02 20:06:56.948 D/BasicFigure( 2488): [TN_GLThread 74]isDrawFocused relyElement=[BaseElement@574e220]focusScale[1.15]elementAlpha[-1.0]refectAlpha[-1.0]isFocusAble[true]shadowIndex[-1]autoJumpType[-1]uniqueID[54resSize0]rect[NULL]
11-02 20:06:56.948 D/BasicFigure( 2488): [TN_GLThread 74]isDrawFocused basicFigure=com.suma.midware.view.b.c.c@346a37d9
11-02 20:06:56.966 D/BasicFigure( 2488): [TN_GLThread 74]isDrawFocused relyElement=[BaseElement@574e220]focusScale[1.15]elementAlpha[-1.0]refectAlpha[-1.0]isFocusAble[true]shadowIndex[-1]autoJumpType[-1]uniqueID[54resSize0]rect[NULL]
11-02 20:06:56.966 D/BasicFigure( 2488): [TN_GLThread 74]isDrawFocused basicFigure=com.suma.midware.view.b.c.c@346a37d9
11-02 20:06:56.986 D/BasicFigure( 2488): [TN_GLThread 74]isDrawFocused relyElement=[BaseElement@574e220]focusScale[1.15]elementAlpha[-1.0]refectAlpha[-1.0]isFocusAble[true]shadowIndex[-1]autoJumpType[-1]uniqueID[54resSize0]rect[NULL]
11-02 20:06:56.986 D/BasicFigure( 2488): [TN_GLThread 74]isDrawFocused basicFigure=com.suma.midware.view.b.c.c@346a37d9
11-02 20:06:57.006 D/BasicFigure( 2488): [TN_GLThread 74]isDrawFocused relyElement=[BaseElement@574e220]focusScale[1.15]elementAlpha[-1.0]refectAlpha[-1.0]isFocusAble[true]shadowIndex[-1]autoJumpType[-1]uniqueID[54resSize0]rect[NULL]
11-02 20:06:57.006 D/BasicFigure( 2488): [TN_GLThread 74]isDrawFocused basicFigure=com.suma.midware.view.b.c.c@346a37d9
11-02 20:06:57.024 D/ir_user ( 1585): PlayerTimeLineTrace:linux_keycode:0x67(UP),	protocol: .
11-02 20:06:57.024 V/PT      ( 1581): >>INFO:irkey_task:[    1872.972140] /dev/input/event0: type=0001 code=0067 val=00000000
11-02 20:06:57.024 V/PT      ( 1581): >>INFO:irkey_send:0x3001 0x0026 up  
11-02 20:06:57.024 V/SUMA    ( 1581): ++++++++++++++  _roc_evtmgr_key_cbk 517:input = 12289, event=38, act=0x400
11-02 20:06:57.024 V/SUMA    ( 1581): lxm:_roc_evtmgr_key_cbk 519 1872972
11-02 20:06:57.024 V/SUMA    ( 1581): lxm:_roc_evtmgr_add_key_into_queue 311 1872972
11-02 20:06:57.024 V/PT      ( 1581): >>INFO:irkey_task:[    1872.972140] /dev/input/event0: type=0000 code=0000 val=00000000
11-02 20:06:57.024 V/SUMA    ( 1581): ===================>> type=0 src=0 evt=38 act=0x400
11-02 20:06:57.024 V/SUMA    ( 1581): [sysset-s][event_manager_cbk 78]lxm cbid=1, cbk_reg=1, cpid=2450
11-02 20:06:57.024 D/NGBEvent( 2450): ngbEventCallBack type:0 source :38
11-02 20:06:57.024 D/NGBEvent( 2450): [NGBEventManager-JNI]-returning:1
11-02 20:06:57.025 D/NGBEvent( 2450): Input key event: keyCode=38
11-02 20:06:57.025 D/NGBEvent( 2450): src:38 = dest:38
11-02 20:06:57.025 I/System.out( 2450): [DEBUG EventManager] LWJ--Add event to java with evt=NgbEvent-[type = 1, subtype = 402, code = 38]
11-02 20:06:57.025 D/NGBEvent( 2450): [NGBEvent_log]--[EventManager--JNI]:		start
11-02 20:06:57.025 I/System.out( 2450): [DEBUG EventManager] broadcastEvent  :len 1
11-02 20:06:57.025 D/KeyEventNgbDealer( 2450): [TN_pool-1-thread-1]handleKeyReleased keyEvent=NgbEvent-[type = 1, subtype = 402, code = 38],time=1872973
11-02 20:06:57.025 D/RemoteIME( 3610): RemoteIME--> onKeyUp keyCode = 19
11-02 20:06:57.025 D/Main3DActivity( 2488): [TN_main]dispatchKeyEvent event=KeyEvent { action=ACTION_UP, keyCode=KEYCODE_DPAD_UP, scanCode=103, metaState=0, flags=0x8, repeatCount=0, eventTime=1872972, downTime=1872762, deviceId=3, source=0x701 },isEventAble=true
11-02 20:06:57.030 D/BasicFigure( 2488): [TN_GLThread 74]isDrawFocused relyElement=[BaseElement@574e220]focusScale[1.15]elementAlpha[-1.0]refectAlpha[-1.0]isFocusAble[true]shadowIndex[-1]autoJumpType[-1]uniqueID[54resSize0]rect[NULL]
11-02 20:06:57.030 D/BasicFigure( 2488): [TN_GLThread 74]isDrawFocused basicFigure=com.suma.midware.view.b.c.c@346a37d9
11-02 20:06:57.042 D/BasicFigure( 2488): [TN_GLThread 74]isDrawFocused relyElement=[BaseElement@574e220]focusScale[1.15]elementAlpha[-1.0]refectAlpha[-1.0]isFocusAble[true]shadowIndex[-1]autoJumpType[-1]uniqueID[54resSize0]rect[NULL]
11-02 20:06:57.042 D/BasicFigure( 2488): [TN_GLThread 74]isDrawFocused basicFigure=com.suma.midware.view.b.c.c@346a37d9
11-02 20:06:57.061 D/BasicFigure( 2488): [TN_GLThread 74]isDrawFocused relyElement=[BaseElement@574e220]focusScale[1.15]elementAlpha[-1.0]refectAlpha[-1.0]isFocusAble[true]shadowIndex[-1]autoJumpType[-1]uniqueID[54resSize0]rect[NULL]
11-02 20:06:57.061 D/BasicFigure( 2488): [TN_GLThread 74]isDrawFocused basicFigure=com.suma.midware.view.b.c.c@346a37d9
