11-02 16:49:14.241 D/BaseApplication( 2700): [TN_main]onActivityStopped activity=com.suma.midware.setting.info.StbInfoActivity@21af84bf
11-02 16:49:14.241 D/BaseApplication( 2700): [TN_main]onActivityDestroyed activity=com.suma.midware.setting.info.StbInfoActivity@21af84bf
11-02 16:49:14.598 D/BackBootDealerNeimeng( 2382): standbyState:
11-02 16:49:14.599 E/NetUtils( 1990): Interface eth0 LinkUp!
11-02 16:49:15.100 D/BackBootDealerNeimeng( 2382): standbyState:
11-02 16:49:15.100 E/NetUtils( 1990): Interface eth0 LinkUp!
11-02 16:49:15.530 D/ir_user ( 1585): PlayerTimeLineTrace:linux_keycode:0x9e(DOWN),	protocol: .
11-02 16:49:15.530 V/PT      ( 1581): >>INFO:irkey_task:[   29704.997025] /dev/input/event0: type=0001 code=009e val=00000001
11-02 16:49:15.530 V/PT      ( 1581): >>INFO:irkey_send:0x3001 0x1000 down
11-02 16:49:15.530 V/SUMA    ( 1581): ++++++++++++++  _roc_evtmgr_key_cbk 517:input = 12289, event=4096, act=0x100
11-02 16:49:15.530 V/SUMA    ( 1581): lxm:_roc_evtmgr_key_cbk 519 29704997
11-02 16:49:15.530 V/SUMA    ( 1581): lxm:_roc_evtmgr_add_evt_into_queue 347 29704997
11-02 16:49:15.530 V/PT      ( 1581): >>INFO:irkey_task:[   29704.997025] /dev/input/event0: type=0000 code=0000 val=00000000
11-02 16:49:15.530 V/SUMA    ( 1581): ===================>> type=0 src=0 evt=4096 act=0x100
11-02 16:49:15.531 V/SUMA    ( 1581): [sysset-s][event_manager_cbk 78]lxm cbid=1, cbk_reg=1, cpid=2463
11-02 16:49:15.531 D/NGBEvent( 2463): ngbEventCallBack type:0 source :4096
11-02 16:49:15.531 D/NGBEvent( 2463): [NGBEventManager-JNI]-returning:1
11-02 16:49:15.531 D/NGBEvent( 2463): Input key event: keyCode=4096
11-02 16:49:15.531 D/NGBEvent( 2463): src:4096 = dest:4096
11-02 16:49:15.531 I/System.out( 2463): [DEBUG EventManager] LWJ--Add event to java with evt=NgbEvent-[type = 1, subtype = 401, code = 4096]
11-02 16:49:15.531 D/NGBEvent( 2463): [NGBEvent_log]--[EventManager--JNI]:		start
11-02 16:49:15.531 I/System.out( 2463): [DEBUG EventManager] broadcastEvent  :len 1
11-02 16:49:15.532 D/CombineKeyUtil( 2463): [TN_pool-1-thread-1]dealKeyEvent,combineIndex:-1:keyCode:4
11-02 16:49:15.532 D/KeyEventNgbDealer( 2463): [TN_pool-1-thread-1]handleKeyPressed keyEvent=NgbEvent-[type = 1, subtype = 401, code = 4096],time=29704998
11-02 16:49:15.532 D/RemoteIME(24071): onKeyDown event = KeyEvent { action=ACTION_DOWN, keyCode=KEYCODE_BACK, scanCode=158, metaState=0, flags=0x8, repeatCount=0, eventTime=29704997, downTime=29704997, deviceId=3, source=0x701 },mSkbContainer=null
11-02 16:49:15.535 D/BaseActivity( 2700): dealKeyEvent,baseItem:com.suma.midware.setting.util.SystemListItem{e333106 VFE...C. .F...... 194,20-1086,85 #7f0b0045 app:id/setting_info_stb}:itemID:262144:event:KeyEvent { action=ACTION_DOWN, keyCode=KEYCODE_BACK, scanCode=158, metaState=0, flags=0x8, repeatCount=0, eventTime=29704997, downTime=29704997, deviceId=3, source=0x701 }
11-02 16:49:15.601 D/BackBootDealerNeimeng( 2382): standbyState:
11-02 16:49:15.601 E/NetUtils( 1990): Interface eth0 LinkUp!
11-02 16:49:15.739 D/ir_user ( 1585): PlayerTimeLineTrace:linux_keycode:0x9e(UP),	protocol: .
11-02 16:49:15.739 V/PT      ( 1581): >>INFO:irkey_task:[   29705.206383] /dev/input/event0: type=0001 code=009e val=00000000
11-02 16:49:15.739 V/PT      ( 1581): >>INFO:irkey_send:0x3001 0x1000 up  
11-02 16:49:15.739 V/SUMA    ( 1581): ++++++++++++++  _roc_evtmgr_key_cbk 517:input = 12289, event=4096, act=0x400
11-02 16:49:15.740 V/SUMA    ( 1581): lxm:_roc_evtmgr_key_cbk 519 29705206
11-02 16:49:15.740 V/SUMA    ( 1581): lxm:_roc_evtmgr_add_key_into_queue 311 29705206
11-02 16:49:15.740 V/PT      ( 1581): >>INFO:irkey_task:[   29705.206383] /dev/input/event0: type=0000 code=0000 val=00000000
11-02 16:49:15.740 V/SUMA    ( 1581): ===================>> type=0 src=0 evt=4096 act=0x400
11-02 16:49:15.740 V/SUMA    ( 1581): [sysset-s][event_manager_cbk 78]lxm cbid=1, cbk_reg=1, cpid=2463
11-02 16:49:15.740 D/NGBEvent( 2463): ngbEventCallBack type:0 source :4096
11-02 16:49:15.740 D/NGBEvent( 2463): [NGBEventManager-JNI]-returning:1
11-02 16:49:15.740 D/NGBEvent( 2463): Input key event: keyCode=4096
11-02 16:49:15.740 D/NGBEvent( 2463): src:4096 = dest:4096
11-02 16:49:15.741 I/System.out( 2463): [DEBUG EventManager] LWJ--Add event to java with evt=NgbEvent-[type = 1, subtype = 402, code = 4096]
11-02 16:49:15.741 D/NGBEvent( 2463): [NGBEvent_log]--[EventManager--JNI]:		start
11-02 16:49:15.741 I/System.out( 2463): [DEBUG EventManager] broadcastEvent  :len 1
11-02 16:49:15.741 D/RemoteIME(24071): RemoteIME--> onKeyUp keyCode = 4
11-02 16:49:15.741 D/KeyEventNgbDealer( 2463): [TN_pool-1-thread-1]handleKeyReleased keyEvent=NgbEvent-[type = 1, subtype = 402, code = 4096],time=29705208
11-02 16:49:15.742 D/BaseActivity( 2700): dealKeyEvent,baseItem:com.suma.midware.setting.util.SystemListItem{e333106 VFE...C. .F...... 194,20-1086,85 #7f0b0045 app:id/setting_info_stb}:itemID:262144:event:KeyEvent { action=ACTION_UP, keyCode=KEYCODE_BACK, scanCode=158, metaState=0, flags=0x8, repeatCount=0, eventTime=29705206, downTime=29704997, deviceId=3, source=0x701 }
11-02 16:49:15.745 D/BaseApplication( 2700): [TN_main]onActivityPaused activity=com.suma.midware.setting.info.SystemInfoMainActivity@33832adf
11-02 16:49:15.746 W/ContextImpl( 2700): Calling a method in the system process without a qualified user: android.app.ContextImpl.sendBroadcast:1345 android.content.ContextWrapper.sendBroadcast:377 android.app.ActivityThread.performPauseActivity:3259 android.app.ActivityThread.performPauseActivity:3225 android.app.ActivityThread.handlePauseActivity:3200 
11-02 16:49:15.753 D/BaseApplication( 2700): [TN_main]onActivityStarted activity=com.suma.midware.setting.main.SystemMainActivity@214a3984
11-02 16:49:15.753 D/BaseApplication( 2700): [TN_main]onActivityResumed activity=com.suma.midware.setting.main.SystemMainActivity@214a3984
11-02 16:49:15.755 W/ContextImpl( 2700): Calling a method in the system process without a qualified user: android.app.ContextImpl.sendBroadcast:1345 android.content.ContextWrapper.sendBroadcast:377 android.app.ActivityThread.performResumeActivity:2982 android.app.ActivityThread.handleResumeActivity:3023 android.app.ActivityThread$H.handleMessage:1347 
11-02 16:49:15.769 D/RemoteIME(24071): onFinishInput.
11-02 16:49:15.769 D/RemoteIME(24071): onStartInput  ccontentType: 0 Restarting:false
11-02 16:49:15.805 D/BaseApplication( 2700): [TN_main]onActivityStopped activity=com.suma.midware.setting.info.SystemInfoMainActivity@33832adf
11-02 16:49:15.806 D/BaseApplication( 2700): [TN_main]onActivityDestroyed activity=com.suma.midware.setting.info.SystemInfoMainActivity@33832adf
11-02 16:49:16.050 E/WifiStateMachine( 1990): WifiStateMachine CMD_START_SCAN source -2 txSuccessRate=7.01 rxSuccessRate=7.05 targetRoamBSSID=e4:f3:f5:aa:ad:88 RSSI=-30
11-02 16:49:16.051 E/WifiStateMachine( 1990): WifiStateMachine starting scan for "ipanel"WPA_PSK with 2467
11-02 16:49:16.102 D/BackBootDealerNeimeng( 2382): standbyState:
11-02 16:49:16.103 E/NetUtils( 1990): Interface eth0 LinkUp!
11-02 16:49:16.603 D/BackBootDealerNeimeng( 2382): standbyState:
11-02 16:49:16.604 E/NetUtils( 1990): Interface eth0 LinkUp!
11-02 16:49:16.787 I/EthernetNetworkFactory( 1990): updateInterfaceState :the mIface is:eth0iface is wlan0 true
11-02 16:49:16.805 E/WifiAutoJoinController ( 1990): GDWL 86:79:73:27:8c:19 rssi=-30 cap [WPA-PSK-CCMP][WPA2-PSK-CCMP][ESS] is not scored
11-02 16:49:16.805 E/WifiAutoJoinController ( 1990):  84:79:73:27:8c:19 rssi=-34 cap [WEP][ESS] is not scored
11-02 16:49:16.806 E/WifiAutoJoinController ( 1990): MERCURY_EDE4 e4:f3:f5:6a:ed:e4 rssi=-50 cap [ESS] is not scored
11-02 16:49:16.806 E/WifiAutoJoinController ( 1990): Office_Net e4:f3:f5:a4:00:c0 rssi=-68 cap [WPA-PSK-CCMP][WPA2-PSK-CCMP][ESS] is not scored
11-02 16:49:16.806 E/WifiAutoJoinController ( 1990): WLGS 1c:fa:68:05:a3:5a rssi=-74 cap [WPA-PSK-CCMP][WPA2-PSK-CCMP][WPS][ESS] is not scored
11-02 16:49:16.807 E/WifiAutoJoinController ( 1990): ipanel e4:f3:f5:aa:ad:88 rssi=-29 cap [WPA-PSK-CCMP][WPA2-PSK-CCMP][ESS] is not scored
11-02 16:49:16.807 E/WifiAutoJoinController ( 1990): iPanel-cf 78:11:dc:10:d5:2d rssi=-34 cap [WPA-PSK-CCMP+TKIP][WPA2-PSK-CCMP+TKIP][WPS][ESS] is not scored
11-02 16:49:16.807 E/WifiAutoJoinController ( 1990): GDWL 86:79:73:27:8c:0d rssi=-50 cap [WPA-PSK-CCMP][WPA2-PSK-CCMP][ESS] is not scored
11-02 16:49:16.808 E/WifiAutoJoinController ( 1990): GDWL 86:79:73:27:8c:11 rssi=-55 cap [WPA-PSK-CCMP][WPA2-PSK-CCMP][ESS] is not scored
11-02 16:49:16.808 E/WifiAutoJoinController ( 1990): TP-LINK_BAF2C2 0c:72:2c:ba:f2:c2 rssi=-59 cap [WPA-PSK-CCMP][WPA2-PSK-CCMP][WPS][ESS] is not scored
11-02 16:49:16.809 E/WifiAutoJoinController ( 1990): GDWL 86:79:73:27:8c:1d rssi=-63 cap [WPA-PSK-CCMP][WPA2-PSK-CCMP][ESS] is not scored
11-02 16:49:16.809 E/WifiAutoJoinController ( 1990): GDWL 86:79:73:27:8c:13 rssi=-74 cap [WPA-PSK-CCMP][WPA2-PSK-CCMP][ESS] is not scored
11-02 16:49:16.809 E/WifiAutoJoinController ( 1990): GDWL 86:79:73:27:8c:2f rssi=-76 cap [WPA-PSK-CCMP][WPA2-PSK-CCMP][ESS] is not scored
11-02 16:49:16.810 E/WifiAutoJoinController ( 1990): 360-A3 4c:bb:58:ea:2a:a3 rssi=-76 cap [WPA2-PSK-CCMP][ESS] is not scored
11-02 16:49:16.810 E/WifiAutoJoinController ( 1990):  24:69:68:79:91:8a rssi=-78 cap [WPA-PSK-CCMP][WPA2-PSK-CCMP][ESS] is not scored
11-02 16:49:16.811 E/WifiAutoJoinController ( 1990): CMCC 06:11:b5:17:bd:d5 rssi=-76 cap [WPA-EAP-CCMP+TKIP][WPA2-EAP-CCMP+TKIP][ESS] is not scored
11-02 16:49:16.811 E/WifiAutoJoinController ( 1990): ant b0:41:1d:31:f2:9b rssi=-82 cap [WPA-PSK-CCMP+TKIP][WPA2-PSK-CCMP+TKIP][ESS] is not scored
11-02 16:49:16.811 E/WifiAutoJoinController ( 1990):  84:79:73:27:8c:0d rssi=-46 cap [WEP][ESS] is not scored
11-02 16:49:16.812 E/WifiAutoJoinController ( 1990):  84:79:73:27:8c:11 rssi=-58 cap [WEP][ESS] is not scored
11-02 16:49:16.812 E/WifiAutoJoinController ( 1990):  84:79:73:27:8c:1d rssi=-66 cap [WEP][ESS] is not scored
11-02 16:49:16.813 E/WifiAutoJoinController ( 1990):  84:79:73:27:8c:13 rssi=-74 cap [WEP][ESS] is not scored
11-02 16:49:16.813 E/WifiAutoJoinController ( 1990): and-Business 0e:11:b5:17:bd:d5 rssi=-72 cap [ESS] is not scored
11-02 16:49:16.814 E/WifiAutoJoinController ( 1990): CMCC-family 0a:11:b5:17:bd:d5 rssi=-75 cap [ESS] is not scored
11-02 16:49:16.814 E/WifiAutoJoinController ( 1990): CMCC-WEB 00:11:b5:17:bd:d5 rssi=-76 cap [ESS] is not scored
11-02 16:49:16.814 E/WifiAutoJoinController ( 1990): HUAWEI-VYGUV5 00:5a:13:61:fa:ac rssi=-82 cap [ESS] is not scored
11-02 16:49:16.815 E/WifiAutoJoinController ( 1990): ageScanResultsOut delay 40000 size 26 now 1509612556815
11-02 16:49:16.815 E/WifiAutoJoinController ( 1990): newSupplicantResults size=25 known=1 true
11-02 16:49:16.816 E/WifiAutoJoinController ( 1990): attemptAutoJoin() status=bssid=e4:f3:f5:aa:ad:88
11-02 16:49:16.816 E/WifiAutoJoinController ( 1990): freq=2467
11-02 16:49:16.816 E/WifiAutoJoinController ( 1990): ssid=ipanel
11-02 16:49:16.816 E/WifiAutoJoinController ( 1990): id=1
11-02 16:49:16.816 E/WifiAutoJoinController ( 1990): mode=station
11-02 16:49:16.816 E/WifiAutoJoinController ( 1990): pairwise_cipher=CCMP
11-02 16:49:16.816 E/WifiAutoJoinController ( 1990): group_cipher=CCMP
11-02 16:49:16.816 E/WifiAutoJoinController ( 1990): key_mgmt=WPA2-PSK
11-02 16:49:16.816 E/WifiAutoJoinController ( 1990): wpa_state=COMPLETED
11-02 16:49:16.816 E/WifiAutoJoinController ( 1990): ip_address=192.168.0.101
11-02 16:49:16.816 E/WifiAutoJoinController ( 1990): p2p_device_address=0e:62:a6:0c:0f:b2
11-02 16:49:16.816 E/WifiAutoJoinController ( 1990): address=0c:62:a6:0c:0f:b2
11-02 16:49:16.816 E/WifiAutoJoinController ( 1990): uuid=de43a986-3647-5398-876d-b6752834d7e7 split=13
11-02 16:49:16.816 E/WifiAutoJoinController ( 1990): attemptAutoJoin() num recent config 1 current="ipanel"WPA_PSK ---> suppNetId=1
11-02 16:49:16.816 E/WifiAutoJoinController ( 1990): attemptAutoJoin good candidate seen, bumped hard -> status=0 "ipanel"WPA_PSK rssi=(-29,-127) num=(1,0)
11-02 16:49:16.817 E/WifiAutoJoinController ( 1990): attemptAutoJoin skip current candidate  1 key "ipanel"WPA_PSK
11-02 16:49:16.817 E/WifiAutoJoinController ( 1990): attemptRoam: "ipanel"WPA_PSK Found e4:f3:f5:aa:ad:88 rssi=-29 freq=2467 Current: e4:f3:f5:aa:ad:88
11-02 16:49:16.817 E/WifiAutoJoinController ( 1990): Done attemptAutoJoin status=0
11-02 16:49:17.104 D/BackBootDealerNeimeng( 2382): standbyState:
11-02 16:49:17.105 E/NetUtils( 1990): Interface eth0 LinkUp!
11-02 16:49:17.606 D/BackBootDealerNeimeng( 2382): standbyState:
11-02 16:49:17.606 E/NetUtils( 1990): Interface eth0 LinkUp!
11-02 16:49:18.035 D/ir_user ( 1585): PlayerTimeLineTrace:linux_keycode:0x69(DOWN),	protocol: .
11-02 16:49:18.035 V/PT      ( 1581): >>INFO:irkey_task:[   29707.501877] /dev/input/event0: type=0001 code=0069 val=00000001
11-02 16:49:18.035 V/PT      ( 1581): >>INFO:irkey_send:0x3001 0x0025 down
11-02 16:49:18.035 V/SUMA    ( 1581): ++++++++++++++  _roc_evtmgr_key_cbk 517:input = 12289, event=37, act=0x100
11-02 16:49:18.035 V/SUMA    ( 1581): lxm:_roc_evtmgr_key_cbk 519 29707502
11-02 16:49:18.035 V/SUMA    ( 1581): lxm:_roc_evtmgr_add_evt_into_queue 347 29707502
11-02 16:49:18.035 V/PT      ( 1581): >>INFO:irkey_task:[   29707.501877] /dev/input/event0: type=0000 code=0000 val=00000000
11-02 16:49:18.035 V/SUMA    ( 1581): ===================>> type=0 src=0 evt=37 act=0x100
11-02 16:49:18.035 V/SUMA    ( 1581): [sysset-s][event_manager_cbk 78]lxm cbid=1, cbk_reg=1, cpid=2463
11-02 16:49:18.036 D/NGBEvent( 2463): ngbEventCallBack type:0 source :37
11-02 16:49:18.036 D/NGBEvent( 2463): [NGBEventManager-JNI]-returning:1
11-02 16:49:18.036 D/NGBEvent( 2463): Input key event: keyCode=37
11-02 16:49:18.036 D/NGBEvent( 2463): src:37 = dest:37
11-02 16:49:18.037 I/System.out( 2463): [DEBUG EventManager] LWJ--Add event to java with evt=NgbEvent-[type = 1, subtype = 401, code = 37]
11-02 16:49:18.037 D/NGBEvent( 2463): [NGBEvent_log]--[EventManager--JNI]:		start
11-02 16:49:18.037 I/System.out( 2463): [DEBUG EventManager] broadcastEvent  :len 1
11-02 16:49:18.037 D/CombineKeyUtil( 2463): [TN_pool-1-thread-1]dealKeyEvent,combineIndex:-1:keyCode:21
11-02 16:49:18.037 D/KeyEventNgbDealer( 2463): [TN_pool-1-thread-1]handleKeyPressed keyEvent=NgbEvent-[type = 1, subtype = 401, code = 37],time=29707504
11-02 16:49:18.037 D/RemoteIME(24071): onKeyDown event = KeyEvent { action=ACTION_DOWN, keyCode=KEYCODE_DPAD_LEFT, scanCode=105, metaState=0, flags=0x8, repeatCount=0, eventTime=29707501, downTime=29707501, deviceId=3, source=0x701 },mSkbContainer=null
11-02 16:49:18.045 E/AudioPolicyManager( 1568): AudioPolicyManagerBase::checkAndSetVolume index=2 ro.suma.vol=0,10,18,26,34,42,49,56,63,70,76,82,88,93,97,100 valid vol[index]=18
11-02 16:49:18.045 E/AudioPolicyManager( 1568): AudioPolicyManagerBase::checkAndSetVolume1 2,0.180000
11-02 16:49:18.051 D/RemoteIME(24071): onFinishInput.
11-02 16:49:18.051 D/RemoteIME(24071): onStartInput  ccontentType: 0 Restarting:false
11-02 16:49:18.059 D/audio_hal( 1568): pcm_open card:device(hw:0:0) flags(0x8) out(0xb5077280)
11-02 16:49:18.107 D/BackBootDealerNeimeng( 2382): standbyState:
11-02 16:49:18.107 E/NetUtils( 1990): Interface eth0 LinkUp!
11-02 16:49:18.190 D/audio_hal( 1568): out_get_latency: out(0xb5077280) latency=20
11-02 16:49:18.210 D/audio_hal( 1568): out_get_latency: out(0xb5077280) latency=20
11-02 16:49:18.352 D/ir_user ( 1585): PlayerTimeLineTrace:linux_keycode:0x69(UP),	protocol: .
11-02 16:49:18.352 V/PT      ( 1581): >>INFO:irkey_task:[   29707.819318] /dev/input/event0: type=0001 code=0069 val=00000000
11-02 16:49:18.352 V/PT      ( 1581): >>INFO:irkey_send:0x3001 0x0025 up  
11-02 16:49:18.352 V/SUMA    ( 1581): ++++++++++++++  _roc_evtmgr_key_cbk 517:input = 12289, event=37, act=0x400
11-02 16:49:18.352 V/SUMA    ( 1581): lxm:_roc_evtmgr_key_cbk 519 29707819
11-02 16:49:18.353 V/SUMA    ( 1581): lxm:_roc_evtmgr_add_key_into_queue 311 29707819
11-02 16:49:18.353 V/PT      ( 1581): >>INFO:irkey_task:[   29707.819318] /dev/input/event0: type=0000 code=0000 val=00000000
11-02 16:49:18.353 V/SUMA    ( 1581): ===================>> type=0 src=0 evt=37 act=0x400
11-02 16:49:18.353 V/SUMA    ( 1581): [sysset-s][event_manager_cbk 78]lxm cbid=1, cbk_reg=1, cpid=2463
11-02 16:49:18.353 D/NGBEvent( 2463): ngbEventCallBack type:0 source :37
11-02 16:49:18.353 D/NGBEvent( 2463): [NGBEventManager-JNI]-returning:1
11-02 16:49:18.353 D/NGBEvent( 2463): Input key event: keyCode=37
11-02 16:49:18.353 D/NGBEvent( 2463): src:37 = dest:37
11-02 16:49:18.353 I/System.out( 2463): [DEBUG EventManager] LWJ--Add event to java with evt=NgbEvent-[type = 1, subtype = 402, code = 37]
11-02 16:49:18.353 D/NGBEvent( 2463): [NGBEvent_log]--[EventManager--JNI]:		start
11-02 16:49:18.354 I/System.out( 2463): [DEBUG EventManager] broadcastEvent  :len 1
11-02 16:49:18.354 D/KeyEventNgbDealer( 2463): [TN_pool-1-thread-1]handleKeyReleased keyEvent=NgbEvent-[type = 1, subtype = 402, code = 37],time=29707820
11-02 16:49:18.354 D/RemoteIME(24071): RemoteIME--> onKeyUp keyCode = 21
11-02 16:49:18.355 D/InputEventConsistencyVerifier( 2700): KeyEvent: ACTION_UP but key was not down.
11-02 16:49:18.355 D/InputEventConsistencyVerifier( 2700):   in android.widget.RelativeLayout{340965e7 VFE...C. .F...... 100,378-440,599 #7f0b004f app:id/setting_item_3}
11-02 16:49:18.355 D/InputEventConsistencyVerifier( 2700):   0: sent at 29707819000000, KeyEvent { action=ACTION_UP, keyCode=KEYCODE_DPAD_LEFT, scanCode=105, metaState=0, flags=0x8, repeatCount=0, eventTime=29707819, downTime=29707501, deviceId=3, source=0x701 }
11-02 16:49:18.355 D/InputEventConsistencyVerifier( 2700):   -- recent events --
11-02 16:49:18.355 D/InputEventConsistencyVerifier( 2700):   1: sent at 29684957000000, (unhandled) KeyEvent { action=ACTION_DOWN, keyCode=KEYCODE_DPAD_RIGHT, scanCode=106, metaState=0, flags=0x8, repeatCount=0, eventTime=29684957, downTime=29684957, deviceId=3, source=0x701 }
11-02 16:49:18.355 D/InputEventConsistencyVerifier( 2700):   2: sent at 29684164000000, (unhandled) KeyEvent { action=ACTION_UP, keyCode=KEYCODE_DPAD_DOWN, scanCode=108, metaState=0, flags=0x80000008, repeatCount=0, eventTime=29684164, downTime=29683955, deviceId=3, source=0x701 }
11-02 16:49:18.436 E/NetUtils( 1990): Interface eth0 LinkUp!
11-02 16:49:18.608 D/BackBootDealerNeimeng( 2382): standbyState:
11-02 16:49:18.608 E/NetUtils( 1990): Interface eth0 LinkUp!
11-02 16:49:18.925 D/ir_user ( 1585): PlayerTimeLineTrace:linux_keycode:0x67(DOWN),	protocol: .
11-02 16:49:18.925 V/PT      ( 1581): >>INFO:irkey_task:[   29708.392248] /dev/input/event0: type=0001 code=0067 val=00000001
11-02 16:49:18.925 V/PT      ( 1581): >>INFO:irkey_send:0x3001 0x0026 down
11-02 16:49:18.925 V/SUMA    ( 1581): ++++++++++++++  _roc_evtmgr_key_cbk 517:input = 12289, event=38, act=0x100
11-02 16:49:18.925 V/SUMA    ( 1581): lxm:_roc_evtmgr_key_cbk 519 29708392
11-02 16:49:18.925 V/SUMA    ( 1581): lxm:_roc_evtmgr_add_evt_into_queue 347 29708392
11-02 16:49:18.926 V/PT      ( 1581): >>INFO:irkey_task:[   29708.392248] /dev/input/event0: type=0000 code=0000 val=00000000
11-02 16:49:18.926 V/SUMA    ( 1581): ===================>> type=0 src=0 evt=38 act=0x100
11-02 16:49:18.926 V/SUMA    ( 1581): [sysset-s][event_manager_cbk 78]lxm cbid=1, cbk_reg=1, cpid=2463
11-02 16:49:18.926 D/NGBEvent( 2463): ngbEventCallBack type:0 source :38
11-02 16:49:18.926 D/NGBEvent( 2463): [NGBEventManager-JNI]-returning:1
11-02 16:49:18.926 D/NGBEvent( 2463): Input key event: keyCode=38
11-02 16:49:18.926 D/NGBEvent( 2463): src:38 = dest:38
11-02 16:49:18.926 I/System.out( 2463): [DEBUG EventManager] LWJ--Add event to java with evt=NgbEvent-[type = 1, subtype = 401, code = 38]
11-02 16:49:18.926 D/NGBEvent( 2463): [NGBEvent_log]--[EventManager--JNI]:		start
11-02 16:49:18.926 I/System.out( 2463): [DEBUG EventManager] broadcastEvent  :len 1
11-02 16:49:18.927 D/CombineKeyUtil( 2463): [TN_pool-1-thread-1]dealKeyEvent,combineIndex:-1:keyCode:19
11-02 16:49:18.927 D/KeyEventNgbDealer( 2463): [TN_pool-1-thread-1]handleKeyPressed keyEvent=NgbEvent-[type = 1, subtype = 401, code = 38],time=29708393
11-02 16:49:18.927 D/RemoteIME(24071): onKeyDown event = KeyEvent { action=ACTION_DOWN, keyCode=KEYCODE_DPAD_UP, scanCode=103, metaState=0, flags=0x8, repeatCount=0, eventTime=29708392, downTime=29708392, deviceId=3, source=0x701 },mSkbContainer=null
11-02 16:49:18.933 E/AudioPolicyManager( 1568): AudioPolicyManagerBase::checkAndSetVolume index=2 ro.suma.vol=0,10,18,26,34,42,49,56,63,70,76,82,88,93,97,100 valid vol[index]=18
11-02 16:49:18.933 E/AudioPolicyManager( 1568): AudioPolicyManagerBase::checkAndSetVolume1 2,0.180000
11-02 16:49:18.937 D/RemoteIME(24071): onFinishInput.
11-02 16:49:18.937 D/RemoteIME(24071): onStartInput  ccontentType: 0 Restarting:false
11-02 16:49:19.050 D/audio_hal( 1568): out_get_latency: out(0xb5077280) latency=20
11-02 16:49:19.070 D/audio_hal( 1568): out_get_latency: out(0xb5077280) latency=20
11-02 16:49:19.109 D/BackBootDealerNeimeng( 2382): standbyState:
11-02 16:49:19.110 E/NetUtils( 1990): Interface eth0 LinkUp!
11-02 16:49:19.134 D/ir_user ( 1585): PlayerTimeLineTrace:linux_keycode:0x67(UP),	protocol: .
11-02 16:49:19.134 V/PT      ( 1581): >>INFO:irkey_task:[   29708.601571] /dev/input/event0: type=0001 code=0067 val=00000000
11-02 16:49:19.135 V/PT      ( 1581): >>INFO:irkey_send:0x3001 0x0026 up  
11-02 16:49:19.135 V/SUMA    ( 1581): ++++++++++++++  _roc_evtmgr_key_cbk 517:input = 12289, event=38, act=0x400
11-02 16:49:19.135 V/SUMA    ( 1581): lxm:_roc_evtmgr_key_cbk 519 29708601
11-02 16:49:19.135 V/SUMA    ( 1581): lxm:_roc_evtmgr_add_key_into_queue 311 29708602
11-02 16:49:19.135 V/PT      ( 1581): >>INFO:irkey_task:[   29708.601571] /dev/input/event0: type=0000 code=0000 val=00000000
11-02 16:49:19.135 V/SUMA    ( 1581): ===================>> type=0 src=0 evt=38 act=0x400
11-02 16:49:19.135 V/SUMA    ( 1581): [sysset-s][event_manager_cbk 78]lxm cbid=1, cbk_reg=1, cpid=2463
11-02 16:49:19.135 D/NGBEvent( 2463): ngbEventCallBack type:0 source :38
11-02 16:49:19.135 D/NGBEvent( 2463): [NGBEventManager-JNI]-returning:1
11-02 16:49:19.135 D/NGBEvent( 2463): Input key event: keyCode=38
11-02 16:49:19.136 D/NGBEvent( 2463): src:38 = dest:38
11-02 16:49:19.136 I/System.out( 2463): [DEBUG EventManager] LWJ--Add event to java with evt=NgbEvent-[type = 1, subtype = 402, code = 38]
11-02 16:49:19.136 D/NGBEvent( 2463): [NGBEvent_log]--[EventManager--JNI]:		start
11-02 16:49:19.136 I/System.out( 2463): [DEBUG EventManager] broadcastEvent  :len 1
11-02 16:49:19.136 D/KeyEventNgbDealer( 2463): [TN_pool-1-thread-1]handleKeyReleased keyEvent=NgbEvent-[type = 1, subtype = 402, code = 38],time=29708603
11-02 16:49:19.136 D/RemoteIME(24071): RemoteIME--> onKeyUp keyCode = 19
11-02 16:49:19.137 D/InputEventConsistencyVerifier( 2700): KeyEvent: ACTION_UP but key was not down.
11-02 16:49:19.137 D/InputEventConsistencyVerifier( 2700):   in android.widget.RelativeLayout{92c06f2 VFE...C. .F....I. 100,133-440,354 #7f0b004c app:id/setting_item_0}
11-02 16:49:19.137 D/InputEventConsistencyVerifier( 2700):   0: sent at 29708601000000, KeyEvent { action=ACTION_UP, keyCode=KEYCODE_DPAD_UP, scanCode=103, metaState=0, flags=0x8, repeatCount=0, eventTime=29708601, downTime=29708392, deviceId=3, source=0x701 }
11-02 16:49:19.137 D/InputEventConsistencyVerifier( 2700):   -- recent events --
11-02 16:49:19.137 D/InputEventConsistencyVerifier( 2700):   1: sent at 29683955000000, (unhandled) KeyEvent { action=ACTION_DOWN, keyCode=KEYCODE_DPAD_DOWN, scanCode=108, metaState=0, flags=0x8, repeatCount=0, eventTime=29683955, downTime=29683955, deviceId=3, source=0x701 }
11-02 16:49:19.137 D/InputEventConsistencyVerifier( 2700):   2: sent at 29682787000000, (unhandled) KeyEvent { action=ACTION_UP, keyCode=KEYCODE_DPAD_CENTER, scanCode=28, metaState=0, flags=0x80000008, repeatCount=0, eventTime=29682787, downTime=29682469, deviceId=3, source=0x701 }
11-02 16:49:19.137 D/InputEventConsistencyVerifier( 2700):   3: sent at 28618287000000, KeyEvent { action=ACTION_UP, keyCode=KEYCODE_DPAD_CENTER, scanCode=28, metaState=0, flags=0x8, repeatCount=0, eventTime=28618287, downTime=28618077, deviceId=3, source=0x701 }
11-02 16:49:19.137 D/InputEventConsistencyVerifier( 2700):   4: sent at 28618077000000, KeyEvent { action=ACTION_DOWN, keyCode=KEYCODE_DPAD_CENTER, scanCode=28, metaState=0, flags=0x8, repeatCount=0, eventTime=28618077, downTime=28618077, deviceId=3, source=0x701 }
11-02 16:49:19.137 D/InputEventConsistencyVerifier( 2700):   5: sent at 28617146000000, (unhandled) KeyEvent { action=ACTION_UP, keyCode=KEYCODE_DPAD_CENTER, scanCode=28, metaState=0, flags=0x80000008, repeatCount=0, eventTime=28617146, downTime=28616937, deviceId=3, source=0x701 }
11-02 16:49:19.610 D/BackBootDealerNeimeng( 2382): standbyState:
11-02 16:49:19.611 E/NetUtils( 1990): Interface eth0 LinkUp!
11-02 16:49:19.993 D/ir_user ( 1585): PlayerTimeLineTrace:linux_keycode:0x6a(DOWN),	protocol: .
11-02 16:49:19.993 V/PT      ( 1581): >>INFO:irkey_task:[   29709.460013] /dev/input/event0: type=0001 code=006a val=00000001
11-02 16:49:19.993 V/PT      ( 1581): >>INFO:irkey_send:0x3001 0x0027 down
11-02 16:49:19.993 V/SUMA    ( 1581): ++++++++++++++  _roc_evtmgr_key_cbk 517:input = 12289, event=39, act=0x100
11-02 16:49:19.993 V/SUMA    ( 1581): lxm:_roc_evtmgr_key_cbk 519 29709460
11-02 16:49:19.993 V/SUMA    ( 1581): lxm:_roc_evtmgr_add_evt_into_queue 347 29709460
11-02 16:49:19.993 V/SUMA    ( 1581): ===================>> type=0 src=0 evt=39 act=0x100
11-02 16:49:19.993 V/PT      ( 1581): >>INFO:irkey_task:[   29709.460013] /dev/input/event0: type=0000 code=0000 val=00000000
11-02 16:49:19.993 V/SUMA    ( 1581): [sysset-s][event_manager_cbk 78]lxm cbid=1, cbk_reg=1, cpid=2463
11-02 16:49:19.993 D/NGBEvent( 2463): ngbEventCallBack type:0 source :39
11-02 16:49:19.993 D/NGBEvent( 2463): [NGBEventManager-JNI]-returning:1
11-02 16:49:19.993 D/NGBEvent( 2463): Input key event: keyCode=39
11-02 16:49:19.993 D/NGBEvent( 2463): src:39 = dest:39
11-02 16:49:19.993 I/System.out( 2463): [DEBUG EventManager] LWJ--Add event to java with evt=NgbEvent-[type = 1, subtype = 401, code = 39]
11-02 16:49:19.993 D/NGBEvent( 2463): [NGBEvent_log]--[EventManager--JNI]:		start
11-02 16:49:19.993 I/System.out( 2463): [DEBUG EventManager] broadcastEvent  :len 1
11-02 16:49:19.993 D/CombineKeyUtil( 2463): [TN_pool-1-thread-1]dealKeyEvent,combineIndex:-1:keyCode:22
11-02 16:49:19.993 D/KeyEventNgbDealer( 2463): [TN_pool-1-thread-1]handleKeyPressed keyEvent=NgbEvent-[type = 1, subtype = 401, code = 39],time=29709460
11-02 16:49:19.994 D/RemoteIME(24071): onKeyDown event = KeyEvent { action=ACTION_DOWN, keyCode=KEYCODE_DPAD_RIGHT, scanCode=106, metaState=0, flags=0x8, repeatCount=0, eventTime=29709460, downTime=29709460, deviceId=3, source=0x701 },mSkbContainer=null
11-02 16:49:19.997 E/AudioPolicyManager( 1568): AudioPolicyManagerBase::checkAndSetVolume index=2 ro.suma.vol=0,10,18,26,34,42,49,56,63,70,76,82,88,93,97,100 valid vol[index]=18
11-02 16:49:19.997 E/AudioPolicyManager( 1568): AudioPolicyManagerBase::checkAndSetVolume1 2,0.180000
11-02 16:49:20.001 D/RemoteIME(24071): onFinishInput.
11-02 16:49:20.001 D/RemoteIME(24071): onStartInput  ccontentType: 0 Restarting:false
11-02 16:49:20.110 D/audio_hal( 1568): out_get_latency: out(0xb5077280) latency=20
11-02 16:49:20.112 D/BackBootDealerNeimeng( 2382): standbyState:
11-02 16:49:20.113 E/NetUtils( 1990): Interface eth0 LinkUp!
11-02 16:49:20.130 D/audio_hal( 1568): out_get_latency: out(0xb5077280) latency=20
11-02 16:49:20.203 D/ir_user ( 1585): PlayerTimeLineTrace:linux_keycode:0x6a(UP),	protocol: .
11-02 16:49:20.203 V/PT      ( 1581): >>INFO:irkey_task:[   29709.670017] /dev/input/event0: type=0001 code=006a val=00000000
11-02 16:49:20.203 V/PT      ( 1581): >>INFO:irkey_send:0x3001 0x0027 up  
11-02 16:49:20.203 V/SUMA    ( 1581): ++++++++++++++  _roc_evtmgr_key_cbk 517:input = 12289, event=39, act=0x400
11-02 16:49:20.203 V/SUMA    ( 1581): lxm:_roc_evtmgr_key_cbk 519 29709670
11-02 16:49:20.203 V/SUMA    ( 1581): lxm:_roc_evtmgr_add_key_into_queue 311 29709670
11-02 16:49:20.203 V/PT      ( 1581): >>INFO:irkey_task:[   29709.670017] /dev/input/event0: type=0000 code=0000 val=00000000
11-02 16:49:20.203 V/SUMA    ( 1581): ===================>> type=0 src=0 evt=39 act=0x400
11-02 16:49:20.204 V/SUMA    ( 1581): [sysset-s][event_manager_cbk 78]lxm cbid=1, cbk_reg=1, cpid=2463
11-02 16:49:20.204 D/NGBEvent( 2463): ngbEventCallBack type:0 source :39
11-02 16:49:20.204 D/NGBEvent( 2463): [NGBEventManager-JNI]-returning:1
11-02 16:49:20.204 D/NGBEvent( 2463): Input key event: keyCode=39
11-02 16:49:20.204 D/NGBEvent( 2463): src:39 = dest:39
11-02 16:49:20.204 I/System.out( 2463): [DEBUG EventManager] LWJ--Add event to java with evt=NgbEvent-[type = 1, subtype = 402, code = 39]
11-02 16:49:20.204 D/NGBEvent( 2463): [NGBEvent_log]--[EventManager--JNI]:		start
11-02 16:49:20.204 I/System.out( 2463): [DEBUG EventManager] broadcastEvent  :len 1
11-02 16:49:20.205 D/KeyEventNgbDealer( 2463): [TN_pool-1-thread-1]handleKeyReleased keyEvent=NgbEvent-[type = 1, subtype = 402, code = 39],time=29709671
11-02 16:49:20.205 D/RemoteIME(24071): RemoteIME--> onKeyUp keyCode = 22
11-02 16:49:20.206 D/InputEventConsistencyVerifier( 2700): KeyEvent: ACTION_UP but key was not down.
11-02 16:49:20.206 D/InputEventConsistencyVerifier( 2700):   in android.widget.RelativeLayout{1c3c83c0 VFE...C. .F....I. 464,133-804,354 #7f0b004d app:id/setting_item_1}
11-02 16:49:20.206 D/InputEventConsistencyVerifier( 2700):   0: sent at 29709670000000, KeyEvent { action=ACTION_UP, keyCode=KEYCODE_DPAD_RIGHT, scanCode=106, metaState=0, flags=0x8, repeatCount=0, eventTime=29709670, downTime=29709460, deviceId=3, source=0x701 }
11-02 16:49:20.613 D/BackBootDealerNeimeng( 2382): standbyState:
11-02 16:49:20.614 E/NetUtils( 1990): Interface eth0 LinkUp!
11-02 16:49:20.761 D/ir_user ( 1585): PlayerTimeLineTrace:linux_keycode:0x69(DOWN),	protocol: .
11-02 16:49:20.762 V/PT      ( 1581): >>INFO:irkey_task:[   29710.228655] /dev/input/event0: type=0001 code=0069 val=00000001
11-02 16:49:20.762 V/PT      ( 1581): >>INFO:irkey_send:0x3001 0x0025 down
11-02 16:49:20.762 V/SUMA    ( 1581): ++++++++++++++  _roc_evtmgr_key_cbk 517:input = 12289, event=37, act=0x100
11-02 16:49:20.762 V/SUMA    ( 1581): lxm:_roc_evtmgr_key_cbk 519 29710229
11-02 16:49:20.762 V/SUMA    ( 1581): lxm:_roc_evtmgr_add_evt_into_queue 347 29710229
11-02 16:49:20.762 V/PT      ( 1581): >>INFO:irkey_task:[   29710.228655] /dev/input/event0: type=0000 code=0000 val=00000000
11-02 16:49:20.762 V/SUMA    ( 1581): ===================>> type=0 src=0 evt=37 act=0x100
11-02 16:49:20.762 V/SUMA    ( 1581): [sysset-s][event_manager_cbk 78]lxm cbid=1, cbk_reg=1, cpid=2463
11-02 16:49:20.762 D/NGBEvent( 2463): ngbEventCallBack type:0 source :37
11-02 16:49:20.762 D/NGBEvent( 2463): [NGBEventManager-JNI]-returning:1
11-02 16:49:20.763 D/NGBEvent( 2463): Input key event: keyCode=37
11-02 16:49:20.763 D/NGBEvent( 2463): src:37 = dest:37
11-02 16:49:20.763 I/System.out( 2463): [DEBUG EventManager] LWJ--Add event to java with evt=NgbEvent-[type = 1, subtype = 401, code = 37]
11-02 16:49:20.763 D/NGBEvent( 2463): [NGBEvent_log]--[EventManager--JNI]:		start
11-02 16:49:20.763 I/System.out( 2463): [DEBUG EventManager] broadcastEvent  :len 1
11-02 16:49:20.763 D/CombineKeyUtil( 2463): [TN_pool-1-thread-1]dealKeyEvent,combineIndex:-1:keyCode:21
11-02 16:49:20.763 D/KeyEventNgbDealer( 2463): [TN_pool-1-thread-1]handleKeyPressed keyEvent=NgbEvent-[type = 1, subtype = 401, code = 37],time=29710230
11-02 16:49:20.765 D/RemoteIME(24071): onKeyDown event = KeyEvent { action=ACTION_DOWN, keyCode=KEYCODE_DPAD_LEFT, scanCode=105, metaState=0, flags=0x8, repeatCount=0, eventTime=29710228, downTime=29710228, deviceId=3, source=0x701 },mSkbContainer=null
11-02 16:49:20.769 E/AudioPolicyManager( 1568): AudioPolicyManagerBase::checkAndSetVolume index=2 ro.suma.vol=0,10,18,26,34,42,49,56,63,70,76,82,88,93,97,100 valid vol[index]=18
11-02 16:49:20.770 E/AudioPolicyManager( 1568): AudioPolicyManagerBase::checkAndSetVolume1 2,0.180000
11-02 16:49:20.784 D/RemoteIME(24071): onFinishInput.
11-02 16:49:20.784 D/RemoteIME(24071): onStartInput  ccontentType: 0 Restarting:false
11-02 16:49:20.890 D/audio_hal( 1568): out_get_latency: out(0xb5077280) latency=20
11-02 16:49:20.910 D/audio_hal( 1568): out_get_latency: out(0xb5077280) latency=20
11-02 16:49:20.971 D/ir_user ( 1585): PlayerTimeLineTrace:linux_keycode:0x69(UP),	protocol: .
11-02 16:49:20.971 V/PT      ( 1581): >>INFO:irkey_task:[   29710.437957] /dev/input/event0: type=0001 code=0069 val=00000000
11-02 16:49:20.971 V/PT      ( 1581): >>INFO:irkey_send:0x3001 0x0025 up  
11-02 16:49:20.971 V/SUMA    ( 1581): ++++++++++++++  _roc_evtmgr_key_cbk 517:input = 12289, event=37, act=0x400
11-02 16:49:20.971 V/SUMA    ( 1581): lxm:_roc_evtmgr_key_cbk 519 29710438
11-02 16:49:20.971 V/SUMA    ( 1581): lxm:_roc_evtmgr_add_key_into_queue 311 29710438
11-02 16:49:20.971 V/PT      ( 1581): >>INFO:irkey_task:[   29710.437957] /dev/input/event0: type=0000 code=0000 val=00000000
11-02 16:49:20.971 V/SUMA    ( 1581): ===================>> type=0 src=0 evt=37 act=0x400
11-02 16:49:20.971 V/SUMA    ( 1581): [sysset-s][event_manager_cbk 78]lxm cbid=1, cbk_reg=1, cpid=2463
11-02 16:49:20.971 D/NGBEvent( 2463): ngbEventCallBack type:0 source :37
11-02 16:49:20.971 D/NGBEvent( 2463): [NGBEventManager-JNI]-returning:1
11-02 16:49:20.971 D/NGBEvent( 2463): Input key event: keyCode=37
11-02 16:49:20.971 D/NGBEvent( 2463): src:37 = dest:37
11-02 16:49:20.971 I/System.out( 2463): [DEBUG EventManager] LWJ--Add event to java with evt=NgbEvent-[type = 1, subtype = 402, code = 37]
11-02 16:49:20.971 D/NGBEvent( 2463): [NGBEvent_log]--[EventManager--JNI]:		start
11-02 16:49:20.971 I/System.out( 2463): [DEBUG EventManager] broadcastEvent  :len 1
11-02 16:49:20.972 D/KeyEventNgbDealer( 2463): [TN_pool-1-thread-1]handleKeyReleased keyEvent=NgbEvent-[type = 1, subtype = 402, code = 37],time=29710438
11-02 16:49:20.972 D/RemoteIME(24071): RemoteIME--> onKeyUp keyCode = 21
11-02 16:49:20.972 D/InputEventConsistencyVerifier( 2700): KeyEvent: ACTION_UP but key was not down.
11-02 16:49:20.972 D/InputEventConsistencyVerifier( 2700):   in android.widget.RelativeLayout{92c06f2 VFE...C. .F....I. 100,133-440,354 #7f0b004c app:id/setting_item_0}
11-02 16:49:20.972 D/InputEventConsistencyVerifier( 2700):   0: sent at 29710437000000, KeyEvent { action=ACTION_UP, keyCode=KEYCODE_DPAD_LEFT, scanCode=105, metaState=0, flags=0x8, repeatCount=0, eventTime=29710437, downTime=29710228, deviceId=3, source=0x701 }
11-02 16:49:20.972 D/InputEventConsistencyVerifier( 2700):   -- recent events --
11-02 16:49:20.972 D/InputEventConsistencyVerifier( 2700):   1: sent at 29709460000000, (unhandled) KeyEvent { action=ACTION_DOWN, keyCode=KEYCODE_DPAD_RIGHT, scanCode=106, metaState=0, flags=0x8, repeatCount=0, eventTime=29709460, downTime=29709460, deviceId=3, source=0x701 }
11-02 16:49:20.972 D/InputEventConsistencyVerifier( 2700):   2: sent at 29708601000000, (unhandled) KeyEvent { action=ACTION_UP, keyCode=KEYCODE_DPAD_UP, scanCode=103, metaState=0, flags=0x80000008, repeatCount=0, eventTime=29708601, downTime=29708392, deviceId=3, source=0x701 }
11-02 16:49:20.972 D/InputEventConsistencyVerifier( 2700):   3: sent at 29683955000000, (unhandled) KeyEvent { action=ACTION_DOWN, keyCode=KEYCODE_DPAD_DOWN, scanCode=108, metaState=0, flags=0x8, repeatCount=0, eventTime=29683955, downTime=29683955, deviceId=3, source=0x701 }
11-02 16:49:20.972 D/InputEventConsistencyVerifier( 2700):   4: sent at 29682787000000, (unhandled) KeyEvent { action=ACTION_UP, keyCode=KEYCODE_DPAD_CENTER, scanCode=28, metaState=0, flags=0x80000008, repeatCount=0, eventTime=29682787, downTime=29682469, deviceId=3, source=0x701 }
11-02 16:49:20.972 D/InputEventConsistencyVerifier( 2700):   5: sent at 28618287000000, KeyEvent { action=ACTION_UP, keyCode=KEYCODE_DPAD_CENTER, scanCode=28, metaState=0, flags=0x8, repeatCount=0, eventTime=28618287, downTime=28618077, deviceId=3, source=0x701 }
11-02 16:49:21.089 D/ir_user ( 1585): PlayerTimeLineTrace:linux_keycode:0x1c(DOWN),	protocol: .
11-02 16:49:21.089 V/PT      ( 1581): >>INFO:irkey_task:[   29710.555998] /dev/input/event0: type=0001 code=001c val=00000001
11-02 16:49:21.089 V/PT      ( 1581): >>INFO:irkey_send:0x3001 0x1001 down
11-02 16:49:21.089 V/SUMA    ( 1581): ++++++++++++++  _roc_evtmgr_key_cbk 517:input = 12289, event=4097, act=0x100
11-02 16:49:21.089 V/SUMA    ( 1581): lxm:_roc_evtmgr_key_cbk 519 29710556
11-02 16:49:21.089 V/SUMA    ( 1581): lxm:_roc_evtmgr_add_evt_into_queue 347 29710556
11-02 16:49:21.089 V/PT      ( 1581): >>INFO:irkey_task:[   29710.555998] /dev/input/event0: type=0000 code=0000 val=00000000
11-02 16:49:21.089 V/SUMA    ( 1581): ===================>> type=0 src=0 evt=4097 act=0x100
11-02 16:49:21.089 V/SUMA    ( 1581): [sysset-s][event_manager_cbk 78]lxm cbid=1, cbk_reg=1, cpid=2463
11-02 16:49:21.089 D/NGBEvent( 2463): ngbEventCallBack type:0 source :4097
11-02 16:49:21.089 D/NGBEvent( 2463): [NGBEventManager-JNI]-returning:1
11-02 16:49:21.089 D/NGBEvent( 2463): Input key event: keyCode=4097
11-02 16:49:21.089 D/NGBEvent( 2463): src:4097 = dest:4097
11-02 16:49:21.089 I/System.out( 2463): [DEBUG EventManager] LWJ--Add event to java with evt=NgbEvent-[type = 1, subtype = 401, code = 4097]
11-02 16:49:21.089 D/NGBEvent( 2463): [NGBEvent_log]--[EventManager--JNI]:		start
11-02 16:49:21.089 I/System.out( 2463): [DEBUG EventManager] broadcastEvent  :len 1
11-02 16:49:21.089 D/CombineKeyUtil( 2463): [TN_pool-1-thread-1]dealKeyEvent,combineIndex:-1:keyCode:23
11-02 16:49:21.089 D/KeyEventNgbDealer( 2463): [TN_pool-1-thread-1]handleKeyPressed keyEvent=NgbEvent-[type = 1, subtype = 401, code = 4097],time=29710556
11-02 16:49:21.090 D/RemoteIME(24071): onKeyDown event = KeyEvent { action=ACTION_DOWN, keyCode=KEYCODE_DPAD_CENTER, scanCode=28, metaState=0, flags=0x8, repeatCount=0, eventTime=29710555, downTime=29710555, deviceId=3, source=0x701 },mSkbContainer=null
11-02 16:49:21.114 D/BackBootDealerNeimeng( 2382): standbyState:
11-02 16:49:21.115 E/NetUtils( 1990): Interface eth0 LinkUp!
11-02 16:49:21.298 D/ir_user ( 1585): PlayerTimeLineTrace:linux_keycode:0x1c(UP),	protocol: .
11-02 16:49:21.298 V/PT      ( 1581): >>INFO:irkey_task:[   29710.765425] /dev/input/event0: type=0001 code=001c val=00000000
11-02 16:49:21.298 V/PT      ( 1581): >>INFO:irkey_send:0x3001 0x1001 up  
11-02 16:49:21.298 V/SUMA    ( 1581): ++++++++++++++  _roc_evtmgr_key_cbk 517:input = 12289, event=4097, act=0x400
11-02 16:49:21.299 V/SUMA    ( 1581): lxm:_roc_evtmgr_key_cbk 519 29710765
11-02 16:49:21.299 V/SUMA    ( 1581): lxm:_roc_evtmgr_add_key_into_queue 311 29710765
11-02 16:49:21.299 V/PT      ( 1581): >>INFO:irkey_task:[   29710.765425] /dev/input/event0: type=0000 code=0000 val=00000000
11-02 16:49:21.299 V/SUMA    ( 1581): ===================>> type=0 src=0 evt=4097 act=0x400
11-02 16:49:21.299 V/SUMA    ( 1581): [sysset-s][event_manager_cbk 78]lxm cbid=1, cbk_reg=1, cpid=2463
11-02 16:49:21.299 D/NGBEvent( 2463): ngbEventCallBack type:0 source :4097
11-02 16:49:21.299 D/NGBEvent( 2463): [NGBEventManager-JNI]-returning:1
11-02 16:49:21.299 D/NGBEvent( 2463): Input key event: keyCode=4097
11-02 16:49:21.300 D/NGBEvent( 2463): src:4097 = dest:4097
11-02 16:49:21.300 I/System.out( 2463): [DEBUG EventManager] LWJ--Add event to java with evt=NgbEvent-[type = 1, subtype = 402, code = 4097]
11-02 16:49:21.300 D/NGBEvent( 2463): [NGBEvent_log]--[EventManager--JNI]:		start
11-02 16:49:21.300 I/System.out( 2463): [DEBUG EventManager] broadcastEvent  :len 1
11-02 16:49:21.300 D/KeyEventNgbDealer( 2463): [TN_pool-1-thread-1]handleKeyReleased keyEvent=NgbEvent-[type = 1, subtype = 402, code = 4097],time=29710767
11-02 16:49:21.300 D/RemoteIME(24071): RemoteIME--> onKeyUp keyCode = 23
11-02 16:49:21.302 I/ActivityManager( 1990): START u0 {cmp=com.suma.midware.setting/.net.NetMainActivity} from uid 1000 on display 0
11-02 16:49:21.306 E/AudioPolicyManager( 1568): AudioPolicyManagerBase::checkAndSetVolume index=2 ro.suma.vol=0,10,18,26,34,42,49,56,63,70,76,82,88,93,97,100 valid vol[index]=18
11-02 16:49:21.306 E/AudioPolicyManager( 1568): AudioPolicyManagerBase::checkAndSetVolume1 2,0.180000
11-02 16:49:21.308 V/WindowManager( 1990): addAppToken: AppWindowToken{1b981972 token=Token{1e37567d ActivityRecord{2b0684d4 u0 com.suma.midware.setting/.net.NetMainActivity t108}}} to stack=1 task=108 at 1
11-02 16:49:21.310 D/BaseApplication( 2700): [TN_main]onActivityPaused activity=com.suma.midware.setting.main.SystemMainActivity@214a3984
11-02 16:49:21.310 W/ContextImpl( 2700): Calling a method in the system process without a qualified user: android.app.ContextImpl.sendBroadcast:1345 android.content.ContextWrapper.sendBroadcast:377 android.app.ActivityThread.performPauseActivity:3259 android.app.ActivityThread.performPauseActivity:3225 android.app.ActivityThread.handlePauseActivity:3200 
11-02 16:49:21.317 D/BaseApplication( 2700): [TN_main]onActivityCreated activity=com.suma.midware.setting.net.NetMainActivity@1c68c8f9,savedInstanceState=null
11-02 16:49:21.393 D/BaseApplication( 2700): [TN_main]onActivityStarted activity=com.suma.midware.setting.net.NetMainActivity@1c68c8f9
11-02 16:49:21.394 D/BaseApplication( 2700): [TN_main]onActivityResumed activity=com.suma.midware.setting.net.NetMainActivity@1c68c8f9
11-02 16:49:21.394 E/NetUtils( 1990): Interface eth0 LinkUp!
11-02 16:49:21.402 E/StringUtil( 2700): [TN_main]getIntValue illegal str="ipanel",defaultValue=-1
11-02 16:49:21.402 E/StringUtil( 2700): [TN_main]getIntValue illegal str="ipanel",defaultValue=-1
11-02 16:49:21.402 E/StringUtil( 2700): [TN_main]getIntValue illegal str="ipanel",defaultValue=-1
11-02 16:49:21.403 D/NetMainActivity( 2700): getEthState,mode:1
11-02 16:49:21.403 D/NetMainActivity( 2700): onResume focusView:null
11-02 16:49:21.404 W/ContextImpl( 2700): Calling a method in the system process without a qualified user: android.app.ContextImpl.sendBroadcast:1345 android.content.ContextWrapper.sendBroadcast:377 android.app.ActivityThread.performResumeActivity:2982 android.app.ActivityThread.handleResumeActivity:3023 android.app.ActivityThread.handleLaunchActivity:2392 
11-02 16:49:21.406 V/WindowManager( 1990): Adding window Window{ec2b71f u0 com.suma.midware.setting/com.suma.midware.setting.net.NetMainActivity} at 5 of 10 (after Window{a0682ad u0 com.suma.midware.setting/com.suma.midware.setting.main.SystemMainActivity})
11-02 16:49:21.409 D/audio_hal( 1568): out_get_latency: out(0xb5077280) latency=20
11-02 16:49:21.429 D/audio_hal( 1568): out_get_latency: out(0xb5077280) latency=20
11-02 16:49:21.437 D/SystemListItem( 2700): onFocusChangecom.suma.midware.setting.util.SystemListItem{3914159e VFE...C. .F....ID 194,100-1086,165 #7f0b006c app:id/setting_net_connect_in_wireless}:itemID:65536:arg1:true
11-02 16:49:21.447 I/ActivityManager( 1990): Displayed com.suma.midware.setting/.net.NetMainActivity: +136ms
11-02 16:49:21.447 D/RemoteIME(24071): onFinishInput.
11-02 16:49:21.447 D/RemoteIME(24071): onStartInput  ccontentType: 0 Restarting:false
11-02 16:49:21.615 D/BackBootDealerNeimeng( 2382): standbyState:
11-02 16:49:21.616 E/NetUtils( 1990): Interface eth0 LinkUp!
11-02 16:49:21.669 D/BaseApplication( 2700): [TN_main]onActivitySaveInstanceState activity=com.suma.midware.setting.main.SystemMainActivity@214a3984,outState=Bundle[{android:viewHierarchyState=Bundle[{android:views={16908290=android.view.AbsSavedState$1@1dfcbd3f, 2131427401=android.view.AbsSavedState$1@1dfcbd3f, 2131427402=android.view.AbsSavedState$1@1dfcbd3f, 2131427403=android.view.AbsSavedState$1@1dfcbd3f, 2131427404=android.view.AbsSavedState$1@1dfcbd3f, 2131427405=android.view.AbsSavedState$1@1dfcbd3f, 2131427406=android.view.AbsSavedState$1@1dfcbd3f, 2131427407=android.view.AbsSavedState$1@1dfcbd3f, 2131427408=android.view.AbsSavedState$1@1dfcbd3f, 2131427409=android.view.AbsSavedState$1@1dfcbd3f}, android:focusedViewId=2131427404}]}]
11-02 16:49:21.669 D/BaseApplication( 2700): [TN_main]onActivityStopped activity=com.suma.midware.setting.main.SystemMainActivity@214a3984
11-02 16:49:22.117 D/BackBootDealerNeimeng( 2382): standbyState:
11-02 16:49:22.118 E/NetUtils( 1990): Interface eth0 LinkUp!
11-02 16:49:22.618 D/BackBootDealerNeimeng( 2382): standbyState:
11-02 16:49:22.619 E/NetUtils( 1990): Interface eth0 LinkUp!
11-02 16:49:23.120 D/BackBootDealerNeimeng( 2382): standbyState:
11-02 16:49:23.121 E/NetUtils( 1990): Interface eth0 LinkUp!
11-02 16:49:23.243 D/IPLoaderNeimeng( 2382): after wait time16:49:23:monitorInterval:5000
11-02 16:49:23.244 D/IPLoaderNeimeng( 2382): before dealUpdateCheck time:16:49:23:isMsgBroadcast:false:monitorInterval:5000:processState:1
11-02 16:49:23.244 D/IPLoaderNeimeng( 2382): dealUpdateCheck isFirstSuccessUpdate:false:monitorInterval:5000
11-02 16:49:23.244 D/LoadHttpHandler( 2382): [TN_ThreadUtil-4]doNormal proxyConfig=null
11-02 16:49:23.359 D/LoadHttpHandler( 2382): [TN_ThreadUtil-4]doNormal responseCode=404
11-02 16:49:23.359 D/LoadHttpTask( 2382): dealUpdateCheck responseCode:404:data:null:downloadResult:false
11-02 16:49:23.360 D/IPLoaderNeimeng( 2382): after dealUpdateCheck time:16:49:23:isMsgBroadcast:false:monitorInterval:5000:processState:1
11-02 16:49:23.360 D/IPLoaderNeimeng( 2382): before wait time16:49:23:monitorInterval:5000
11-02 16:49:23.404 E/NetUtils( 1990): Interface eth0 LinkUp!
11-02 16:49:23.405 D/NetMainActivity( 2700): processNetCheck netState:1:newState:1
11-02 16:49:23.621 D/BackBootDealerNeimeng( 2382): standbyState:
11-02 16:49:23.622 E/NetUtils( 1990): Interface eth0 LinkUp!
11-02 16:49:24.123 D/BackBootDealerNeimeng( 2382): standbyState:
11-02 16:49:24.124 E/NetUtils( 1990): Interface eth0 LinkUp!
11-02 16:49:24.428 D/audio_hal( 1568): out(0xb5077280) do_out_standby
11-02 16:49:24.428 D/audio_hal( 1568): pcm_close card:device(hw:0:0)
11-02 16:49:24.624 D/BackBootDealerNeimeng( 2382): standbyState:
11-02 16:49:24.625 E/NetUtils( 1990): Interface eth0 LinkUp!
11-02 16:49:25.126 D/BackBootDealerNeimeng( 2382): standbyState:
11-02 16:49:25.127 E/NetUtils( 1990): Interface eth0 LinkUp!
11-02 16:49:25.409 E/NetUtils( 1990): Interface eth0 LinkUp!
11-02 16:49:25.409 D/NetMainActivity( 2700): processNetCheck netState:1:newState:1
11-02 16:49:25.627 D/BackBootDealerNeimeng( 2382): standbyState:
11-02 16:49:25.628 E/NetUtils( 1990): Interface eth0 LinkUp!
11-02 16:49:26.128 D/BackBootDealerNeimeng( 2382): standbyState:
11-02 16:49:26.129 E/NetUtils( 1990): Interface eth0 LinkUp!
11-02 16:49:26.629 D/BackBootDealerNeimeng( 2382): standbyState:
11-02 16:49:26.630 E/NetUtils( 1990): Interface eth0 LinkUp!
11-02 16:49:26.717 D/ir_user ( 1585): PlayerTimeLineTrace:linux_keycode:0x6c(DOWN),	protocol: .
11-02 16:49:26.718 V/PT      ( 1581): >>INFO:irkey_task:[   29716.184692] /dev/input/event0: type=0001 code=006c val=00000001
11-02 16:49:26.718 V/PT      ( 1581): >>INFO:irkey_send:0x3001 0x0028 down
11-02 16:49:26.718 V/SUMA    ( 1581): ++++++++++++++  _roc_evtmgr_key_cbk 517:input = 12289, event=40, act=0x100
11-02 16:49:26.718 V/SUMA    ( 1581): lxm:_roc_evtmgr_key_cbk 519 29716185
11-02 16:49:26.718 V/SUMA    ( 1581): lxm:_roc_evtmgr_add_evt_into_queue 347 29716185
11-02 16:49:26.718 V/PT      ( 1581): >>INFO:irkey_task:[   29716.184692] /dev/input/event0: type=0000 code=0000 val=00000000
11-02 16:49:26.718 V/SUMA    ( 1581): ===================>> type=0 src=0 evt=40 act=0x100
11-02 16:49:26.718 V/SUMA    ( 1581): [sysset-s][event_manager_cbk 78]lxm cbid=1, cbk_reg=1, cpid=2463
11-02 16:49:26.718 D/NGBEvent( 2463): ngbEventCallBack type:0 source :40
11-02 16:49:26.719 D/NGBEvent( 2463): [NGBEventManager-JNI]-returning:1
11-02 16:49:26.719 D/NGBEvent( 2463): Input key event: keyCode=40
11-02 16:49:26.719 D/NGBEvent( 2463): src:40 = dest:40
11-02 16:49:26.719 I/System.out( 2463): [DEBUG EventManager] LWJ--Add event to java with evt=NgbEvent-[type = 1, subtype = 401, code = 40]
11-02 16:49:26.719 D/NGBEvent( 2463): [NGBEvent_log]--[EventManager--JNI]:		start
11-02 16:49:26.719 I/System.out( 2463): [DEBUG EventManager] broadcastEvent  :len 1
11-02 16:49:26.719 D/CombineKeyUtil( 2463): [TN_pool-1-thread-1]dealKeyEvent,combineIndex:-1:keyCode:20
11-02 16:49:26.719 D/KeyEventNgbDealer( 2463): [TN_pool-1-thread-1]handleKeyPressed keyEvent=NgbEvent-[type = 1, subtype = 401, code = 40],time=29716186
11-02 16:49:26.721 D/RemoteIME(24071): onKeyDown event = KeyEvent { action=ACTION_DOWN, keyCode=KEYCODE_DPAD_DOWN, scanCode=108, metaState=0, flags=0x8, repeatCount=0, eventTime=29716184, downTime=29716184, deviceId=3, source=0x701 },mSkbContainer=null
11-02 16:49:26.721 D/BaseActivity( 2700): dealKeyEvent,baseItem:com.suma.midware.setting.util.SystemListItem{3914159e VFE...C. .F...... 194,100-1086,165 #7f0b006c app:id/setting_net_connect_in_wireless}:itemID:65536:event:KeyEvent { action=ACTION_DOWN, keyCode=KEYCODE_DPAD_DOWN, scanCode=108, metaState=0, flags=0x8, repeatCount=0, eventTime=29716184, downTime=29716184, deviceId=3, source=0x701 }
11-02 16:49:26.722 D/SystemListItem( 2700): onFocusChangecom.suma.midware.setting.util.SystemListItem{3914159e VFE...C. ......ID 194,100-1086,165 #7f0b006c app:id/setting_net_connect_in_wireless}:itemID:65536:arg1:false
