11-02 16:49:08.160 D/BaseApplication( 2700): [TN_main]onActivitySaveInstanceState activity=com.suma.midware.setting.info.SystemInfoMainActivity@33832adf,outState=Bundle[{android:viewHierarchyState=Bundle[{android:views={16908290=android.view.AbsSavedState$1@1dfcbd3f, 2131427352=android.view.AbsSavedState$1@1dfcbd3f, 2131427366=android.view.AbsSavedState$1@1dfcbd3f, 2131427397=android.view.AbsSavedState$1@1dfcbd3f, 2131427398=android.view.AbsSavedState$1@1dfcbd3f, 2131427399=android.view.AbsSavedState$1@1dfcbd3f, 2131427400=android.view.AbsSavedState$1@1dfcbd3f, 2131427425=android.view.AbsSavedState$1@1dfcbd3f, 2131427426=android.view.AbsSavedState$1@1dfcbd3f, 2131427427=android.view.AbsSavedState$1@1dfcbd3f, 2131427549=android.view.AbsSavedState$1@1dfcbd3f, 2131427550=android.view.AbsSavedState$1@1dfcbd3f, 2131427551=android.view.AbsSavedState$1@1dfcbd3f, 2131427552=android.view.AbsSavedState$1@1dfcbd3f, 2131427553=android.view.AbsSavedState$1@1dfcbd3f, 2131427554=android.view.AbsSavedState$1@1dfcbd3f, 2131427555=android.view.AbsSavedState$1@1dfcbd3f, 2131427556=android.view.AbsSavedState$1@1dfcbd3f, 2131427557=android.view.AbsSavedState$1@1dfcbd3f, 2131427558=android.view.AbsSavedState$1@1dfcbd3f, 2131427559=android.view.AbsSavedState$1@1dfcbd3f, 2131427560=android.view.AbsSavedState$1@1dfcbd3f, 2131427561=android.view.AbsSavedState$1@1dfcbd3f, 2131427562=android.view.AbsSavedState$1@1dfcbd3f, 2131427563=TextView.SavedState{3efe67a8 start=0 end=0 text=}, 2131427564=android.view.AbsSavedState$1@1dfcbd3f, 2131427565=android.view.AbsSavedState$1@1dfcbd3f, 2131427566=android.view.AbsSavedState$1@1dfcbd3f}, android:focusedViewId=2131427397}]}]
11-02 16:49:08.160 D/BaseApplication( 2700): [TN_main]onActivityStopped activity=com.suma.midware.setting.info.SystemInfoMainActivity@33832adf
11-02 16:49:08.436 E/NetUtils( 1990): Interface eth0 LinkUp!
11-02 16:49:08.436 W/ContextImpl( 2382): Calling a method in the system process without a qualified user: android.app.ContextImpl.sendBroadcast:1345 android.content.ContextWrapper.sendBroadcast:377 com.suma.midware.back.esg.e.f:-1 com.suma.midware.back.esg.f.run:-1 com.suma.midware.prop.util.c.run:-1 
11-02 16:49:08.584 D/BackBootDealerNeimeng( 2382): standbyState:
11-02 16:49:08.585 E/NetUtils( 1990): Interface eth0 LinkUp!
11-02 16:49:09.085 D/BackBootDealerNeimeng( 2382): standbyState:
11-02 16:49:09.086 E/NetUtils( 1990): Interface eth0 LinkUp!
11-02 16:49:09.439 W/ContextImpl( 2382): Calling a method in the system process without a qualified user: android.app.ContextImpl.sendBroadcast:1345 android.content.ContextWrapper.sendBroadcast:377 com.suma.midware.back.esg.e.f:-1 com.suma.midware.back.esg.f.run:-1 com.suma.midware.prop.util.c.run:-1 
11-02 16:49:09.551 D/audio_hal( 1568): out(0xb5077280) do_out_standby
11-02 16:49:09.552 D/audio_hal( 1568): pcm_close card:device(hw:0:0)
11-02 16:49:09.586 D/BackBootDealerNeimeng( 2382): standbyState:
11-02 16:49:09.587 E/NetUtils( 1990): Interface eth0 LinkUp!
11-02 16:49:10.088 D/BackBootDealerNeimeng( 2382): standbyState:
11-02 16:49:10.089 E/NetUtils( 1990): Interface eth0 LinkUp!
11-02 16:49:10.589 D/BackBootDealerNeimeng( 2382): standbyState:
11-02 16:49:10.590 E/NetUtils( 1990): Interface eth0 LinkUp!
11-02 16:49:11.090 D/BackBootDealerNeimeng( 2382): standbyState:
11-02 16:49:11.091 E/NetUtils( 1990): Interface eth0 LinkUp!
11-02 16:49:11.592 D/BackBootDealerNeimeng( 2382): standbyState:
11-02 16:49:11.592 E/NetUtils( 1990): Interface eth0 LinkUp!
11-02 16:49:12.078 D/Advertiser( 2435): End of sleep at time:1509612552078
11-02 16:49:12.079 D/Advertiser( 2435): Begin announce....with thread:org.cybergarage.d.b.a@3ddc238
11-02 16:49:12.079 D/TimerUtil( 2435): waitRandom time=300,waitTime=261
11-02 16:49:12.079 D/Device  ( 2435): announce deviceDataBindAddress null
11-02 16:49:12.084 D/Device  ( 2435): announce 0 bindAddress=192.168.0.101
11-02 16:49:12.085 D/HTTPMUSocket( 2435): open addr=239.255.255.250,port=1900,bindAddr=192.168.0.101
11-02 16:49:12.089 D/HTTPMUSocket( 2435): send msg:NOTIFY * HTTP/1.1
11-02 16:49:12.089 D/HTTPMUSocket( 2435): Server: Linux/3.18.24_hi3798mv2x UPnP/1.0 CyberLinkJava/1.8
11-02 16:49:12.089 D/HTTPMUSocket( 2435): Cache-Control: max-age=1800
11-02 16:49:12.089 D/HTTPMUSocket( 2435): Location: http://192.168.0.101:38520/description.xml
11-02 16:49:12.089 D/HTTPMUSocket( 2435): NTS: ssdp:alive
11-02 16:49:12.089 D/HTTPMUSocket( 2435): NT: upnp:rootdevice
11-02 16:49:12.089 D/HTTPMUSocket( 2435): USN: uuid:418c7b66-86de-45d5-90fd-13e1eb88db7e::upnp:rootdevice
11-02 16:49:12.089 D/HTTPMUSocket( 2435): HOST: 239.255.255.250:1900
11-02 16:49:12.089 D/HTTPMUSocket( 2435): 
11-02 16:49:12.089 D/HTTPMUSocket( 2435): bindAddr:null and port:-1
11-02 16:49:12.090 D/HTTPMUSocket( 2435): /192.168.0.101
11-02 16:49:12.091 D/HTTPMUSocket( 2435): send msg:NOTIFY * HTTP/1.1
11-02 16:49:12.091 D/HTTPMUSocket( 2435): Server: Linux/3.18.24_hi3798mv2x UPnP/1.0 CyberLinkJava/1.8
11-02 16:49:12.091 D/HTTPMUSocket( 2435): Cache-Control: max-age=1800
11-02 16:49:12.091 D/HTTPMUSocket( 2435): Location: http://192.168.0.101:38520/description.xml
11-02 16:49:12.091 D/HTTPMUSocket( 2435): NTS: ssdp:alive
11-02 16:49:12.091 D/HTTPMUSocket( 2435): NT: uuid:418c7b66-86de-45d5-90fd-13e1eb88db7e
11-02 16:49:12.091 D/HTTPMUSocket( 2435): USN: uuid:418c7b66-86de-45d5-90fd-13e1eb88db7e
11-02 16:49:12.091 D/HTTPMUSocket( 2435): HOST: 239.255.255.250:1900
11-02 16:49:12.091 D/HTTPMUSocket( 2435): 
11-02 16:49:12.091 D/HTTPMUSocket( 2435): bindAddr:null and port:-1
11-02 16:49:12.091 D/HTTPMUSocket( 2435): /192.168.0.101
11-02 16:49:12.092 D/HTTPMUSocket( 2435): send msg:NOTIFY * HTTP/1.1
11-02 16:49:12.092 D/HTTPMUSocket( 2435): Server: Linux/3.18.24_hi3798mv2x UPnP/1.0 CyberLinkJava/1.8
11-02 16:49:12.092 D/HTTPMUSocket( 2435): Cache-Control: max-age=1800
11-02 16:49:12.092 D/HTTPMUSocket( 2435): Location: http://192.168.0.101:38520/description.xml
11-02 16:49:12.092 D/HTTPMUSocket( 2435): NTS: ssdp:alive
11-02 16:49:12.092 D/HTTPMUSocket( 2435): NT: urn:schemas-upnp-org:device:MediaServer:1
11-02 16:49:12.092 D/HTTPMUSocket( 2435): USN: uuid:418c7b66-86de-45d5-90fd-13e1eb88db7e::urn:schemas-upnp-org:device:MediaServer:1
11-02 16:49:12.092 D/HTTPMUSocket( 2435): HOST: 239.255.255.250:1900
11-02 16:49:12.092 D/HTTPMUSocket( 2435): 
11-02 16:49:12.092 D/HTTPMUSocket( 2435): bindAddr:null and port:-1
11-02 16:49:12.093 D/BackBootDealerNeimeng( 2382): standbyState:
11-02 16:49:12.093 D/HTTPMUSocket( 2435): /192.168.0.101
11-02 16:49:12.094 D/Device  ( 2435): announce bindAddr=192.168.0.101,devLocation=http://192.168.0.101:38520/description.xml,location=http://192.168.0.101:38520/description.xml
11-02 16:49:12.094 D/Device  ( 2435): announce bindAddr=192.168.0.101,serviceDesUrl=
11-02 16:49:12.094 E/NetUtils( 1990): Interface eth0 LinkUp!
11-02 16:49:12.095 D/HTTPMUSocket( 2435): open addr=239.255.255.250,port=1900,bindAddr=192.168.0.101
11-02 16:49:12.099 D/TimerUtil( 2435): waitRandom time=300,waitTime=103
11-02 16:49:12.100 D/HTTPMUSocket( 2435): send msg:NOTIFY * HTTP/1.1
11-02 16:49:12.100 D/HTTPMUSocket( 2435): Server: Linux/3.18.24_hi3798mv2x UPnP/1.0 CyberLinkJava/1.8
11-02 16:49:12.100 D/HTTPMUSocket( 2435): Cache-Control: max-age=1800
11-02 16:49:12.100 D/HTTPMUSocket( 2435): Location: http://192.168.0.101:38520/description.xml
11-02 16:49:12.100 D/HTTPMUSocket( 2435): NTS: ssdp:alive
11-02 16:49:12.100 D/HTTPMUSocket( 2435): NT: urn:schemas-upnp-org:service:ContentDirectory:1
11-02 16:49:12.100 D/HTTPMUSocket( 2435): USN: uuid:418c7b66-86de-45d5-90fd-13e1eb88db7e::urn:schemas-upnp-org:service:ContentDirectory:1
11-02 16:49:12.100 D/HTTPMUSocket( 2435): HOST: 239.255.255.250:1900
11-02 16:49:12.100 D/HTTPMUSocket( 2435): 
11-02 16:49:12.100 D/HTTPMUSocket( 2435): bindAddr:null and port:-1
11-02 16:49:12.100 D/HTTPMUSocket( 2435): /192.168.0.101
11-02 16:49:12.101 D/Device  ( 2435): announce bindAddr=192.168.0.101,serviceDesUrl=
11-02 16:49:12.101 D/HTTPMUSocket( 2435): open addr=239.255.255.250,port=1900,bindAddr=192.168.0.101
11-02 16:49:12.105 D/TimerUtil( 2435): waitRandom time=300,waitTime=124
11-02 16:49:12.106 D/HTTPMUSocket( 2435): send msg:NOTIFY * HTTP/1.1
11-02 16:49:12.106 D/HTTPMUSocket( 2435): Server: Linux/3.18.24_hi3798mv2x UPnP/1.0 CyberLinkJava/1.8
11-02 16:49:12.106 D/HTTPMUSocket( 2435): Cache-Control: max-age=1800
11-02 16:49:12.106 D/HTTPMUSocket( 2435): Location: http://192.168.0.101:38520/description.xml
11-02 16:49:12.106 D/HTTPMUSocket( 2435): NTS: ssdp:alive
11-02 16:49:12.106 D/HTTPMUSocket( 2435): NT: urn:schemas-upnp-org:service:ConnectionManager:1
11-02 16:49:12.106 D/HTTPMUSocket( 2435): USN: uuid:418c7b66-86de-45d5-90fd-13e1eb88db7e::urn:schemas-upnp-org:service:ConnectionManager:1
11-02 16:49:12.106 D/HTTPMUSocket( 2435): HOST: 239.255.255.250:1900
11-02 16:49:12.106 D/HTTPMUSocket( 2435): 
11-02 16:49:12.106 D/HTTPMUSocket( 2435): bindAddr:null and port:-1
11-02 16:49:12.106 D/HTTPMUSocket( 2435): /192.168.0.101
11-02 16:49:12.107 D/Device  ( 2435): announce bindAddr=192.168.0.101,serviceDesUrl=
11-02 16:49:12.108 D/HTTPMUSocket( 2435): open addr=239.255.255.250,port=1900,bindAddr=192.168.0.101
11-02 16:49:12.111 D/TimerUtil( 2435): waitRandom time=300,waitTime=290
11-02 16:49:12.111 D/HTTPMUSocket( 2435): send msg:NOTIFY * HTTP/1.1
11-02 16:49:12.111 D/HTTPMUSocket( 2435): Server: Linux/3.18.24_hi3798mv2x UPnP/1.0 CyberLinkJava/1.8
11-02 16:49:12.111 D/HTTPMUSocket( 2435): Cache-Control: max-age=1800
11-02 16:49:12.111 D/HTTPMUSocket( 2435): Location: http://192.168.0.101:38520/description.xml
11-02 16:49:12.111 D/HTTPMUSocket( 2435): NTS: ssdp:alive
11-02 16:49:12.111 D/HTTPMUSocket( 2435): NT: urn:schemas-upnp-org:service:AVTransport:1
11-02 16:49:12.111 D/HTTPMUSocket( 2435): USN: uuid:418c7b66-86de-45d5-90fd-13e1eb88db7e::urn:schemas-upnp-org:service:AVTransport:1
11-02 16:49:12.111 D/HTTPMUSocket( 2435): HOST: 239.255.255.250:1900
11-02 16:49:12.111 D/HTTPMUSocket( 2435): 
11-02 16:49:12.111 D/HTTPMUSocket( 2435): bindAddr:null and port:-1
11-02 16:49:12.111 D/HTTPMUSocket( 2435): /192.168.0.101
11-02 16:49:12.112 D/Device  ( 2435): announce bindAddr=192.168.0.101,serviceDesUrl=
11-02 16:49:12.112 D/HTTPMUSocket( 2435): open addr=239.255.255.250,port=1900,bindAddr=192.168.0.101
11-02 16:49:12.115 D/TimerUtil( 2435): waitRandom time=300,waitTime=119
11-02 16:49:12.115 D/HTTPMUSocket( 2435): send msg:NOTIFY * HTTP/1.1
11-02 16:49:12.115 D/HTTPMUSocket( 2435): Server: Linux/3.18.24_hi3798mv2x UPnP/1.0 CyberLinkJava/1.8
11-02 16:49:12.115 D/HTTPMUSocket( 2435): Cache-Control: max-age=1800
11-02 16:49:12.115 D/HTTPMUSocket( 2435): Location: http://192.168.0.101:38520/description.xml
11-02 16:49:12.115 D/HTTPMUSocket( 2435): NTS: ssdp:alive
11-02 16:49:12.115 D/HTTPMUSocket( 2435): NT: urn:sumavision.com:service:X_SUMA_EVENT:1
11-02 16:49:12.115 D/HTTPMUSocket( 2435): USN: uuid:418c7b66-86de-45d5-90fd-13e1eb88db7e::urn:sumavision.com:service:X_SUMA_EVENT:1
11-02 16:49:12.115 D/HTTPMUSocket( 2435): HOST: 239.255.255.250:1900
11-02 16:49:12.115 D/HTTPMUSocket( 2435): 
11-02 16:49:12.115 D/HTTPMUSocket( 2435): bindAddr:null and port:-1
11-02 16:49:12.116 D/HTTPMUSocket( 2435): /192.168.0.101
11-02 16:49:12.116 D/Device  ( 2435): announce 1 bindAddress=192.168.0.103
11-02 16:49:12.116 D/HTTPMUSocket( 2435): open addr=239.255.255.250,port=1900,bindAddr=192.168.0.103
11-02 16:49:12.119 D/HTTPMUSocket( 2435): send msg:NOTIFY * HTTP/1.1
11-02 16:49:12.119 D/HTTPMUSocket( 2435): Server: Linux/3.18.24_hi3798mv2x UPnP/1.0 CyberLinkJava/1.8
11-02 16:49:12.119 D/HTTPMUSocket( 2435): Cache-Control: max-age=1800
11-02 16:49:12.119 D/HTTPMUSocket( 2435): Location: http://192.168.0.103:38520/description.xml
11-02 16:49:12.119 D/HTTPMUSocket( 2435): NTS: ssdp:alive
11-02 16:49:12.119 D/HTTPMUSocket( 2435): NT: upnp:rootdevice
11-02 16:49:12.119 D/HTTPMUSocket( 2435): USN: uuid:418c7b66-86de-45d5-90fd-13e1eb88db7e::upnp:rootdevice
11-02 16:49:12.119 D/HTTPMUSocket( 2435): HOST: 239.255.255.250:1900
11-02 16:49:12.119 D/HTTPMUSocket( 2435): 
11-02 16:49:12.120 D/HTTPMUSocket( 2435): bindAddr:null and port:-1
11-02 16:49:12.120 D/HTTPMUSocket( 2435): /192.168.0.103
11-02 16:49:12.120 D/HTTPMUSocket( 2435): send msg:NOTIFY * HTTP/1.1
11-02 16:49:12.120 D/HTTPMUSocket( 2435): Server: Linux/3.18.24_hi3798mv2x UPnP/1.0 CyberLinkJava/1.8
11-02 16:49:12.120 D/HTTPMUSocket( 2435): Cache-Control: max-age=1800
11-02 16:49:12.120 D/HTTPMUSocket( 2435): Location: http://192.168.0.103:38520/description.xml
11-02 16:49:12.120 D/HTTPMUSocket( 2435): NTS: ssdp:alive
11-02 16:49:12.120 D/HTTPMUSocket( 2435): NT: uuid:418c7b66-86de-45d5-90fd-13e1eb88db7e
11-02 16:49:12.120 D/HTTPMUSocket( 2435): USN: uuid:418c7b66-86de-45d5-90fd-13e1eb88db7e
11-02 16:49:12.120 D/HTTPMUSocket( 2435): HOST: 239.255.255.250:1900
11-02 16:49:12.120 D/HTTPMUSocket( 2435): 
11-02 16:49:12.120 D/HTTPMUSocket( 2435): bindAddr:null and port:-1
11-02 16:49:12.121 D/HTTPMUSocket( 2435): /192.168.0.103
11-02 16:49:12.121 D/HTTPMUSocket( 2435): send msg:NOTIFY * HTTP/1.1
11-02 16:49:12.121 D/HTTPMUSocket( 2435): Server: Linux/3.18.24_hi3798mv2x UPnP/1.0 CyberLinkJava/1.8
11-02 16:49:12.121 D/HTTPMUSocket( 2435): Cache-Control: max-age=1800
11-02 16:49:12.121 D/HTTPMUSocket( 2435): Location: http://192.168.0.103:38520/description.xml
11-02 16:49:12.121 D/HTTPMUSocket( 2435): NTS: ssdp:alive
11-02 16:49:12.121 D/HTTPMUSocket( 2435): NT: urn:schemas-upnp-org:device:MediaServer:1
11-02 16:49:12.121 D/HTTPMUSocket( 2435): USN: uuid:418c7b66-86de-45d5-90fd-13e1eb88db7e::urn:schemas-upnp-org:device:MediaServer:1
11-02 16:49:12.121 D/HTTPMUSocket( 2435): HOST: 239.255.255.250:1900
11-02 16:49:12.121 D/HTTPMUSocket( 2435): 
11-02 16:49:12.121 D/HTTPMUSocket( 2435): bindAddr:null and port:-1
11-02 16:49:12.122 D/HTTPMUSocket( 2435): /192.168.0.103
11-02 16:49:12.122 D/Device  ( 2435): announce bindAddr=192.168.0.103,devLocation=http://192.168.0.103:38520/description.xml,location=http://192.168.0.103:38520/description.xml
11-02 16:49:12.122 D/Device  ( 2435): announce bindAddr=192.168.0.103,serviceDesUrl=
11-02 16:49:12.123 D/HTTPMUSocket( 2435): open addr=239.255.255.250,port=1900,bindAddr=192.168.0.103
11-02 16:49:12.125 D/TimerUtil( 2435): waitRandom time=300,waitTime=214
11-02 16:49:12.126 D/HTTPMUSocket( 2435): send msg:NOTIFY * HTTP/1.1
11-02 16:49:12.126 D/HTTPMUSocket( 2435): Server: Linux/3.18.24_hi3798mv2x UPnP/1.0 CyberLinkJava/1.8
11-02 16:49:12.126 D/HTTPMUSocket( 2435): Cache-Control: max-age=1800
11-02 16:49:12.126 D/HTTPMUSocket( 2435): Location: http://192.168.0.103:38520/description.xml
11-02 16:49:12.126 D/HTTPMUSocket( 2435): NTS: ssdp:alive
11-02 16:49:12.126 D/HTTPMUSocket( 2435): NT: urn:schemas-upnp-org:service:ContentDirectory:1
11-02 16:49:12.126 D/HTTPMUSocket( 2435): USN: uuid:418c7b66-86de-45d5-90fd-13e1eb88db7e::urn:schemas-upnp-org:service:ContentDirectory:1
11-02 16:49:12.126 D/HTTPMUSocket( 2435): HOST: 239.255.255.250:1900
11-02 16:49:12.126 D/HTTPMUSocket( 2435): 
11-02 16:49:12.126 D/HTTPMUSocket( 2435): bindAddr:null and port:-1
11-02 16:49:12.126 D/HTTPMUSocket( 2435): /192.168.0.103
11-02 16:49:12.126 D/Device  ( 2435): announce bindAddr=192.168.0.103,serviceDesUrl=
11-02 16:49:12.127 D/HTTPMUSocket( 2435): open addr=239.255.255.250,port=1900,bindAddr=192.168.0.103
11-02 16:49:12.130 D/TimerUtil( 2435): waitRandom time=300,waitTime=90
11-02 16:49:12.130 D/HTTPMUSocket( 2435): send msg:NOTIFY * HTTP/1.1
11-02 16:49:12.130 D/HTTPMUSocket( 2435): Server: Linux/3.18.24_hi3798mv2x UPnP/1.0 CyberLinkJava/1.8
11-02 16:49:12.130 D/HTTPMUSocket( 2435): Cache-Control: max-age=1800
11-02 16:49:12.130 D/HTTPMUSocket( 2435): Location: http://192.168.0.103:38520/description.xml
11-02 16:49:12.130 D/HTTPMUSocket( 2435): NTS: ssdp:alive
11-02 16:49:12.130 D/HTTPMUSocket( 2435): NT: urn:schemas-upnp-org:service:ConnectionManager:1
11-02 16:49:12.130 D/HTTPMUSocket( 2435): USN: uuid:418c7b66-86de-45d5-90fd-13e1eb88db7e::urn:schemas-upnp-org:service:ConnectionManager:1
11-02 16:49:12.130 D/HTTPMUSocket( 2435): HOST: 239.255.255.250:1900
11-02 16:49:12.130 D/HTTPMUSocket( 2435): 
11-02 16:49:12.130 D/HTTPMUSocket( 2435): bindAddr:null and port:-1
11-02 16:49:12.130 D/HTTPMUSocket( 2435): /192.168.0.103
11-02 16:49:12.131 D/Device  ( 2435): announce bindAddr=192.168.0.103,serviceDesUrl=
11-02 16:49:12.131 D/HTTPMUSocket( 2435): open addr=239.255.255.250,port=1900,bindAddr=192.168.0.103
11-02 16:49:12.134 D/TimerUtil( 2435): waitRandom time=300,waitTime=131
11-02 16:49:12.134 D/HTTPMUSocket( 2435): send msg:NOTIFY * HTTP/1.1
11-02 16:49:12.134 D/HTTPMUSocket( 2435): Server: Linux/3.18.24_hi3798mv2x UPnP/1.0 CyberLinkJava/1.8
11-02 16:49:12.134 D/HTTPMUSocket( 2435): Cache-Control: max-age=1800
11-02 16:49:12.134 D/HTTPMUSocket( 2435): Location: http://192.168.0.103:38520/description.xml
11-02 16:49:12.134 D/HTTPMUSocket( 2435): NTS: ssdp:alive
11-02 16:49:12.134 D/HTTPMUSocket( 2435): NT: urn:schemas-upnp-org:service:AVTransport:1
11-02 16:49:12.134 D/HTTPMUSocket( 2435): USN: uuid:418c7b66-86de-45d5-90fd-13e1eb88db7e::urn:schemas-upnp-org:service:AVTransport:1
11-02 16:49:12.134 D/HTTPMUSocket( 2435): HOST: 239.255.255.250:1900
11-02 16:49:12.134 D/HTTPMUSocket( 2435): 
11-02 16:49:12.134 D/HTTPMUSocket( 2435): bindAddr:null and port:-1
11-02 16:49:12.134 D/HTTPMUSocket( 2435): /192.168.0.103
11-02 16:49:12.135 D/Device  ( 2435): announce bindAddr=192.168.0.103,serviceDesUrl=
11-02 16:49:12.135 D/HTTPMUSocket( 2435): open addr=239.255.255.250,port=1900,bindAddr=192.168.0.103
11-02 16:49:12.138 D/TimerUtil( 2435): waitRandom time=300,waitTime=277
11-02 16:49:12.138 D/HTTPMUSocket( 2435): send msg:NOTIFY * HTTP/1.1
11-02 16:49:12.138 D/HTTPMUSocket( 2435): Server: Linux/3.18.24_hi3798mv2x UPnP/1.0 CyberLinkJava/1.8
11-02 16:49:12.138 D/HTTPMUSocket( 2435): Cache-Control: max-age=1800
11-02 16:49:12.138 D/HTTPMUSocket( 2435): Location: http://192.168.0.103:38520/description.xml
11-02 16:49:12.138 D/HTTPMUSocket( 2435): NTS: ssdp:alive
11-02 16:49:12.138 D/HTTPMUSocket( 2435): NT: urn:sumavision.com:service:X_SUMA_EVENT:1
11-02 16:49:12.138 D/HTTPMUSocket( 2435): USN: uuid:418c7b66-86de-45d5-90fd-13e1eb88db7e::urn:sumavision.com:service:X_SUMA_EVENT:1
11-02 16:49:12.138 D/HTTPMUSocket( 2435): HOST: 239.255.255.250:1900
11-02 16:49:12.138 D/HTTPMUSocket( 2435): 
11-02 16:49:12.138 D/HTTPMUSocket( 2435): bindAddr:null and port:-1
11-02 16:49:12.139 D/HTTPMUSocket( 2435): /192.168.0.103
11-02 16:49:12.139 D/Advertiser( 2435): Advertise12:50000 at time:1509612552139 with thread:org.cybergarage.d.b.a@3ddc238
11-02 16:49:12.402 V/PT      ( 1581): >>INFO:irkey_task:[   29701.868953] /dev/input/event0: type=0001 code=006c val=00000001
11-02 16:49:12.402 V/PT      ( 1581): >>INFO:irkey_send:0x3001 0x0028 down
11-02 16:49:12.402 V/SUMA    ( 1581): ++++++++++++++  _roc_evtmgr_key_cbk 517:input = 12289, event=40, act=0x100
11-02 16:49:12.402 V/SUMA    ( 1581): lxm:_roc_evtmgr_key_cbk 519 29701869
11-02 16:49:12.402 V/SUMA    ( 1581): lxm:_roc_evtmgr_add_evt_into_queue 347 29701869
11-02 16:49:12.402 V/PT      ( 1581): >>INFO:irkey_task:[   29701.868953] /dev/input/event0: type=0000 code=0000 val=00000000
11-02 16:49:12.402 V/SUMA    ( 1581): ===================>> type=0 src=0 evt=40 act=0x100
11-02 16:49:12.403 V/SUMA    ( 1581): [sysset-s][event_manager_cbk 78]lxm cbid=1, cbk_reg=1, cpid=2463
11-02 16:49:12.403 D/ir_user ( 1585): PlayerTimeLineTrace:linux_keycode:0x6c(DOWN),	protocol: .
11-02 16:49:12.404 D/NGBEvent( 2463): ngbEventCallBack type:0 source :40
11-02 16:49:12.404 D/NGBEvent( 2463): [NGBEventManager-JNI]-returning:1
11-02 16:49:12.404 D/NGBEvent( 2463): Input key event: keyCode=40
11-02 16:49:12.404 D/NGBEvent( 2463): src:40 = dest:40
11-02 16:49:12.404 I/System.out( 2463): [DEBUG EventManager] LWJ--Add event to java with evt=NgbEvent-[type = 1, subtype = 401, code = 40]
11-02 16:49:12.404 D/NGBEvent( 2463): [NGBEvent_log]--[EventManager--JNI]:		start
11-02 16:49:12.405 D/RemoteIME(24071): onKeyDown event = KeyEvent { action=ACTION_DOWN, keyCode=KEYCODE_DPAD_DOWN, scanCode=108, metaState=0, flags=0x8, repeatCount=0, eventTime=29701868, downTime=29701868, deviceId=3, source=0x701 },mSkbContainer=null
11-02 16:49:12.405 I/System.out( 2463): [DEBUG EventManager] broadcastEvent  :len 1
11-02 16:49:12.405 D/CombineKeyUtil( 2463): [TN_pool-1-thread-1]dealKeyEvent,combineIndex:-1:keyCode:20
11-02 16:49:12.406 D/KeyEventNgbDealer( 2463): [TN_pool-1-thread-1]handleKeyPressed keyEvent=NgbEvent-[type = 1, subtype = 401, code = 40],time=29701872
11-02 16:49:12.429 D/StbInfoActivity( 2700): result:Sun Sep 17 10:07:56 CST 2017
11-02 16:49:12.440 D/StbInfoActivity( 2700): date:Mon Sep 18 00:07:56 GMT+08:00 2017
11-02 16:49:12.440 D/StbInfoActivity( 2700): result:2017-09-17 10:07:56
11-02 16:49:12.446 I/art     ( 2700): Background sticky concurrent mark sweep GC freed 8635(761KB) AllocSpace objects, 0(0B) LOS objects, 3% free, 18MB/18MB, paused 6.029ms total 25.174ms
11-02 16:49:12.450 D/StbInfoActivity( 2700): produceData,stbInfo:[StbInfo@29d782c1]oui[346]serialNum[15510217310112851]hardVersion[04.01.01.02]softVersion[03.16.00.03]loaderVersion[03.16.00.03]driverVersion[STAPI_SDK-REL_36.2]factoryName[15]factoryID[-1]machineType[51]caVersion[05.02.01]browserVersion[]hardwareID[Hi3798Mv200]osVersion[2.6.35.7]regionCode[00]batchNum[1731]originalSerialNum[0112851]loaderSerialNum[02]
11-02 16:49:12.454 D/StbInfoActivity( 2700): CPU Count: 4
11-02 16:49:12.455 D/PropManager( 2700): [TN_main]getBaseManager className=TunerManager,pkgName=com.suma.midware.setting
11-02 16:49:12.456 D/StbInfoActivity( 2700): updateView,curPageIndex1
11-02 16:49:12.595 D/BackBootDealerNeimeng( 2382): standbyState:
11-02 16:49:12.596 E/NetUtils( 1990): Interface eth0 LinkUp!
11-02 16:49:12.611 V/PT      ( 1581): >>INFO:irkey_task:[   29702.078292] /dev/input/event0: type=0001 code=006c val=00000000
11-02 16:49:12.611 V/PT      ( 1581): >>INFO:irkey_send:0x3001 0x0028 up  
11-02 16:49:12.611 V/SUMA    ( 1581): ++++++++++++++  _roc_evtmgr_key_cbk 517:input = 12289, event=40, act=0x400
11-02 16:49:12.611 V/SUMA    ( 1581): lxm:_roc_evtmgr_key_cbk 519 29702078
11-02 16:49:12.611 V/SUMA    ( 1581): lxm:_roc_evtmgr_add_key_into_queue 311 29702078
11-02 16:49:12.612 V/PT      ( 1581): >>INFO:irkey_task:[   29702.078292] /dev/input/event0: type=0000 code=0000 val=00000000
11-02 16:49:12.612 V/SUMA    ( 1581): ===================>> type=0 src=0 evt=40 act=0x400
11-02 16:49:12.612 V/SUMA    ( 1581): [sysset-s][event_manager_cbk 78]lxm cbid=1, cbk_reg=1, cpid=2463
11-02 16:49:12.612 D/ir_user ( 1585): PlayerTimeLineTrace:linux_keycode:0x6c(UP),	protocol: .
11-02 16:49:12.612 D/NGBEvent( 2463): ngbEventCallBack type:0 source :40
11-02 16:49:12.612 D/NGBEvent( 2463): [NGBEventManager-JNI]-returning:1
11-02 16:49:12.612 D/NGBEvent( 2463): Input key event: keyCode=40
11-02 16:49:12.612 D/NGBEvent( 2463): src:40 = dest:40
11-02 16:49:12.612 I/System.out( 2463): [DEBUG EventManager] LWJ--Add event to java with evt=NgbEvent-[type = 1, subtype = 402, code = 40]
11-02 16:49:12.612 D/NGBEvent( 2463): [NGBEvent_log]--[EventManager--JNI]:		start
11-02 16:49:12.612 I/System.out( 2463): [DEBUG EventManager] broadcastEvent  :len 1
11-02 16:49:12.613 D/KeyEventNgbDealer( 2463): [TN_pool-1-thread-1]handleKeyReleased keyEvent=NgbEvent-[type = 1, subtype = 402, code = 40],time=29702079
11-02 16:49:12.613 D/RemoteIME(24071): RemoteIME--> onKeyUp keyCode = 20
11-02 16:49:12.678 D/ir_user ( 1585): PlayerTimeLineTrace:linux_keycode:0x6c(DOWN),	protocol: .
11-02 16:49:12.678 V/PT      ( 1581): >>INFO:irkey_task:[   29702.145091] /dev/input/event0: type=0001 code=006c val=00000001
11-02 16:49:12.678 V/PT      ( 1581): >>INFO:irkey_send:0x3001 0x0028 down
11-02 16:49:12.678 V/SUMA    ( 1581): ++++++++++++++  _roc_evtmgr_key_cbk 517:input = 12289, event=40, act=0x100
11-02 16:49:12.678 V/SUMA    ( 1581): lxm:_roc_evtmgr_key_cbk 519 29702145
11-02 16:49:12.678 V/SUMA    ( 1581): lxm:_roc_evtmgr_add_evt_into_queue 347 29702145
11-02 16:49:12.678 V/PT      ( 1581): >>INFO:irkey_task:[   29702.145091] /dev/input/event0: type=0000 code=0000 val=00000000
11-02 16:49:12.678 V/SUMA    ( 1581): ===================>> type=0 src=0 evt=40 act=0x100
11-02 16:49:12.678 V/SUMA    ( 1581): [sysset-s][event_manager_cbk 78]lxm cbid=1, cbk_reg=1, cpid=2463
11-02 16:49:12.678 D/NGBEvent( 2463): ngbEventCallBack type:0 source :40
11-02 16:49:12.678 D/NGBEvent( 2463): [NGBEventManager-JNI]-returning:1
11-02 16:49:12.678 D/NGBEvent( 2463): Input key event: keyCode=40
11-02 16:49:12.678 D/NGBEvent( 2463): src:40 = dest:40
11-02 16:49:12.678 I/System.out( 2463): [DEBUG EventManager] LWJ--Add event to java with evt=NgbEvent-[type = 1, subtype = 401, code = 40]
11-02 16:49:12.678 D/NGBEvent( 2463): [NGBEvent_log]--[EventManager--JNI]:		start
11-02 16:49:12.678 I/System.out( 2463): [DEBUG EventManager] broadcastEvent  :len 1
11-02 16:49:12.678 D/CombineKeyUtil( 2463): [TN_pool-1-thread-1]dealKeyEvent,combineIndex:-1:keyCode:20
11-02 16:49:12.678 D/KeyEventNgbDealer( 2463): [TN_pool-1-thread-1]handleKeyPressed keyEvent=NgbEvent-[type = 1, subtype = 401, code = 40],time=29702145
11-02 16:49:12.679 D/RemoteIME(24071): onKeyDown event = KeyEvent { action=ACTION_DOWN, keyCode=KEYCODE_DPAD_DOWN, scanCode=108, metaState=0, flags=0x8, repeatCount=0, eventTime=29702145, downTime=29702145, deviceId=3, source=0x701 },mSkbContainer=null
11-02 16:49:12.779 D/ir_user ( 1585): PlayerTimeLineTrace:linux_keycode:0x6c(UP),	protocol: .
11-02 16:49:12.779 V/PT      ( 1581): >>INFO:irkey_task:[   29702.246214] /dev/input/event0: type=0001 code=006c val=00000000
11-02 16:49:12.779 V/PT      ( 1581): >>INFO:irkey_send:0x3001 0x0028 up  
11-02 16:49:12.779 V/SUMA    ( 1581): ++++++++++++++  _roc_evtmgr_key_cbk 517:input = 12289, event=40, act=0x400
11-02 16:49:12.779 V/SUMA    ( 1581): lxm:_roc_evtmgr_key_cbk 519 29702246
11-02 16:49:12.779 V/SUMA    ( 1581): lxm:_roc_evtmgr_add_key_into_queue 311 29702246
11-02 16:49:12.779 V/PT      ( 1581): >>INFO:irkey_task:[   29702.246214] /dev/input/event0: type=0000 code=0000 val=00000000
11-02 16:49:12.779 V/SUMA    ( 1581): ===================>> type=0 src=0 evt=40 act=0x400
11-02 16:49:12.779 V/SUMA    ( 1581): [sysset-s][event_manager_cbk 78]lxm cbid=1, cbk_reg=1, cpid=2463
11-02 16:49:12.779 D/NGBEvent( 2463): ngbEventCallBack type:0 source :40
11-02 16:49:12.779 D/NGBEvent( 2463): [NGBEventManager-JNI]-returning:1
11-02 16:49:12.779 D/NGBEvent( 2463): Input key event: keyCode=40
11-02 16:49:12.779 D/NGBEvent( 2463): src:40 = dest:40
11-02 16:49:12.779 I/System.out( 2463): [DEBUG EventManager] LWJ--Add event to java with evt=NgbEvent-[type = 1, subtype = 402, code = 40]
11-02 16:49:12.779 D/NGBEvent( 2463): [NGBEvent_log]--[EventManager--JNI]:		start
11-02 16:49:12.779 I/System.out( 2463): [DEBUG EventManager] broadcastEvent  :len 1
11-02 16:49:12.780 D/RemoteIME(24071): RemoteIME--> onKeyUp keyCode = 20
11-02 16:49:12.780 D/KeyEventNgbDealer( 2463): [TN_pool-1-thread-1]handleKeyReleased keyEvent=NgbEvent-[type = 1, subtype = 402, code = 40],time=29702246
11-02 16:49:12.904 D/ir_user ( 1585): PlayerTimeLineTrace:linux_keycode:0x6c(DOWN),	protocol: .
11-02 16:49:12.904 V/PT      ( 1581): >>INFO:irkey_task:[   29702.371294] /dev/input/event0: type=0001 code=006c val=00000001
11-02 16:49:12.904 V/PT      ( 1581): >>INFO:irkey_send:0x3001 0x0028 down
11-02 16:49:12.904 V/SUMA    ( 1581): ++++++++++++++  _roc_evtmgr_key_cbk 517:input = 12289, event=40, act=0x100
11-02 16:49:12.904 V/SUMA    ( 1581): lxm:_roc_evtmgr_key_cbk 519 29702371
11-02 16:49:12.905 V/SUMA    ( 1581): lxm:_roc_evtmgr_add_evt_into_queue 347 29702371
11-02 16:49:12.905 V/PT      ( 1581): >>INFO:irkey_task:[   29702.371294] /dev/input/event0: type=0000 code=0000 val=00000000
11-02 16:49:12.905 V/SUMA    ( 1581): ===================>> type=0 src=0 evt=40 act=0x100
11-02 16:49:12.905 V/SUMA    ( 1581): [sysset-s][event_manager_cbk 78]lxm cbid=1, cbk_reg=1, cpid=2463
11-02 16:49:12.905 D/NGBEvent( 2463): ngbEventCallBack type:0 source :40
11-02 16:49:12.905 D/NGBEvent( 2463): [NGBEventManager-JNI]-returning:1
11-02 16:49:12.905 D/NGBEvent( 2463): Input key event: keyCode=40
11-02 16:49:12.905 D/NGBEvent( 2463): src:40 = dest:40
11-02 16:49:12.905 I/System.out( 2463): [DEBUG EventManager] LWJ--Add event to java with evt=NgbEvent-[type = 1, subtype = 401, code = 40]
11-02 16:49:12.905 D/NGBEvent( 2463): [NGBEvent_log]--[EventManager--JNI]:		start
11-02 16:49:12.906 I/System.out( 2463): [DEBUG EventManager] broadcastEvent  :len 1
11-02 16:49:12.906 D/CombineKeyUtil( 2463): [TN_pool-1-thread-1]dealKeyEvent,combineIndex:-1:keyCode:20
11-02 16:49:12.906 D/KeyEventNgbDealer( 2463): [TN_pool-1-thread-1]handleKeyPressed keyEvent=NgbEvent-[type = 1, subtype = 401, code = 40],time=29702373
11-02 16:49:12.906 D/RemoteIME(24071): onKeyDown event = KeyEvent { action=ACTION_DOWN, keyCode=KEYCODE_DPAD_DOWN, scanCode=108, metaState=0, flags=0x8, repeatCount=0, eventTime=29702371, downTime=29702371, deviceId=3, source=0x701 },mSkbContainer=null
11-02 16:49:13.096 D/BackBootDealerNeimeng( 2382): standbyState:
11-02 16:49:13.097 E/NetUtils( 1990): Interface eth0 LinkUp!
11-02 16:49:13.113 D/ir_user ( 1585): PlayerTimeLineTrace:linux_keycode:0x6c(UP),	protocol: .
11-02 16:49:13.114 V/PT      ( 1581): >>INFO:irkey_task:[   29702.580631] /dev/input/event0: type=0001 code=006c val=00000000
11-02 16:49:13.114 V/PT      ( 1581): >>INFO:irkey_send:0x3001 0x0028 up  
11-02 16:49:13.114 V/SUMA    ( 1581): ++++++++++++++  _roc_evtmgr_key_cbk 517:input = 12289, event=40, act=0x400
11-02 16:49:13.114 V/SUMA    ( 1581): lxm:_roc_evtmgr_key_cbk 519 29702580
11-02 16:49:13.114 V/SUMA    ( 1581): lxm:_roc_evtmgr_add_key_into_queue 311 29702581
11-02 16:49:13.114 V/PT      ( 1581): >>INFO:irkey_task:[   29702.580631] /dev/input/event0: type=0000 code=0000 val=00000000
11-02 16:49:13.114 V/SUMA    ( 1581): ===================>> type=0 src=0 evt=40 act=0x400
11-02 16:49:13.114 V/SUMA    ( 1581): [sysset-s][event_manager_cbk 78]lxm cbid=1, cbk_reg=1, cpid=2463
11-02 16:49:13.114 D/NGBEvent( 2463): ngbEventCallBack type:0 source :40
11-02 16:49:13.114 D/NGBEvent( 2463): [NGBEventManager-JNI]-returning:1
11-02 16:49:13.114 D/NGBEvent( 2463): Input key event: keyCode=40
11-02 16:49:13.114 D/NGBEvent( 2463): src:40 = dest:40
11-02 16:49:13.115 I/System.out( 2463): [DEBUG EventManager] LWJ--Add event to java with evt=NgbEvent-[type = 1, subtype = 402, code = 40]
11-02 16:49:13.115 D/NGBEvent( 2463): [NGBEvent_log]--[EventManager--JNI]:		start
11-02 16:49:13.115 D/RemoteIME(24071): RemoteIME--> onKeyUp keyCode = 20
11-02 16:49:13.115 I/System.out( 2463): [DEBUG EventManager] broadcastEvent  :len 1
11-02 16:49:13.115 D/KeyEventNgbDealer( 2463): [TN_pool-1-thread-1]handleKeyReleased keyEvent=NgbEvent-[type = 1, subtype = 402, code = 40],time=29702582
11-02 16:49:13.336 D/ir_user ( 1585): PlayerTimeLineTrace:linux_keycode:0x6c(DOWN),	protocol: .
11-02 16:49:13.336 V/PT      ( 1581): >>INFO:irkey_task:[   29702.803478] /dev/input/event0: type=0001 code=006c val=00000001
11-02 16:49:13.336 V/PT      ( 1581): >>INFO:irkey_send:0x3001 0x0028 down
11-02 16:49:13.337 V/SUMA    ( 1581): ++++++++++++++  _roc_evtmgr_key_cbk 517:input = 12289, event=40, act=0x100
11-02 16:49:13.337 V/SUMA    ( 1581): lxm:_roc_evtmgr_key_cbk 519 29702803
11-02 16:49:13.337 V/SUMA    ( 1581): lxm:_roc_evtmgr_add_evt_into_queue 347 29702803
11-02 16:49:13.337 V/SUMA    ( 1581): ===================>> type=0 src=0 evt=40 act=0x100
11-02 16:49:13.337 V/PT      ( 1581): >>INFO:irkey_task:[   29702.803478] /dev/input/event0: type=0000 code=0000 val=00000000
11-02 16:49:13.337 V/SUMA    ( 1581): [sysset-s][event_manager_cbk 78]lxm cbid=1, cbk_reg=1, cpid=2463
11-02 16:49:13.337 D/NGBEvent( 2463): ngbEventCallBack type:0 source :40
11-02 16:49:13.337 D/NGBEvent( 2463): [NGBEventManager-JNI]-returning:1
11-02 16:49:13.337 D/NGBEvent( 2463): Input key event: keyCode=40
11-02 16:49:13.337 D/NGBEvent( 2463): src:40 = dest:40
11-02 16:49:13.338 I/System.out( 2463): [DEBUG EventManager] LWJ--Add event to java with evt=NgbEvent-[type = 1, subtype = 401, code = 40]
11-02 16:49:13.338 D/NGBEvent( 2463): [NGBEvent_log]--[EventManager--JNI]:		start
11-02 16:49:13.338 I/System.out( 2463): [DEBUG EventManager] broadcastEvent  :len 1
11-02 16:49:13.338 D/CombineKeyUtil( 2463): [TN_pool-1-thread-1]dealKeyEvent,combineIndex:-1:keyCode:20
11-02 16:49:13.338 D/KeyEventNgbDealer( 2463): [TN_pool-1-thread-1]handleKeyPressed keyEvent=NgbEvent-[type = 1, subtype = 401, code = 40],time=29702805
11-02 16:49:13.338 D/RemoteIME(24071): onKeyDown event = KeyEvent { action=ACTION_DOWN, keyCode=KEYCODE_DPAD_DOWN, scanCode=108, metaState=0, flags=0x8, repeatCount=0, eventTime=29702803, downTime=29702803, deviceId=3, source=0x701 },mSkbContainer=null
11-02 16:49:13.532 V/PT      ( 1581): >>INFO:irkey_task:[   29702.999370] /dev/input/event0: type=0001 code=006c val=00000000
11-02 16:49:13.532 V/PT      ( 1581): >>INFO:irkey_send:0x3001 0x0028 up  
11-02 16:49:13.532 V/SUMA    ( 1581): ++++++++++++++  _roc_evtmgr_key_cbk 517:input = 12289, event=40, act=0x400
11-02 16:49:13.533 V/SUMA    ( 1581): lxm:_roc_evtmgr_key_cbk 519 29702999
11-02 16:49:13.533 V/SUMA    ( 1581): lxm:_roc_evtmgr_add_key_into_queue 311 29702999
11-02 16:49:13.533 D/ir_user ( 1585): PlayerTimeLineTrace:linux_keycode:0x6c(UP),	protocol: .
11-02 16:49:13.533 V/PT      ( 1581): >>INFO:irkey_task:[   29702.999370] /dev/input/event0: type=0000 code=0000 val=00000000
11-02 16:49:13.533 V/SUMA    ( 1581): ===================>> type=0 src=0 evt=40 act=0x400
11-02 16:49:13.533 V/SUMA    ( 1581): [sysset-s][event_manager_cbk 78]lxm cbid=1, cbk_reg=1, cpid=2463
11-02 16:49:13.533 D/NGBEvent( 2463): ngbEventCallBack type:0 source :40
11-02 16:49:13.533 D/NGBEvent( 2463): [NGBEventManager-JNI]-returning:1
11-02 16:49:13.533 D/NGBEvent( 2463): Input key event: keyCode=40
11-02 16:49:13.533 D/NGBEvent( 2463): src:40 = dest:40
11-02 16:49:13.533 I/System.out( 2463): [DEBUG EventManager] LWJ--Add event to java with evt=NgbEvent-[type = 1, subtype = 402, code = 40]
11-02 16:49:13.534 D/NGBEvent( 2463): [NGBEvent_log]--[EventManager--JNI]:		start
11-02 16:49:13.534 I/System.out( 2463): [DEBUG EventManager] broadcastEvent  :len 1
11-02 16:49:13.534 D/KeyEventNgbDealer( 2463): [TN_pool-1-thread-1]handleKeyReleased keyEvent=NgbEvent-[type = 1, subtype = 402, code = 40],time=29703000
11-02 16:49:13.534 D/RemoteIME(24071): RemoteIME--> onKeyUp keyCode = 20
11-02 16:49:13.586 D/ir_user ( 1585): PlayerTimeLineTrace:linux_keycode:0x6c(DOWN),	protocol: .
11-02 16:49:13.586 V/PT      ( 1581): >>INFO:irkey_task:[   29703.053660] /dev/input/event0: type=0001 code=006c val=00000001
11-02 16:49:13.586 V/PT      ( 1581): >>INFO:irkey_send:0x3001 0x0028 down
11-02 16:49:13.586 V/SUMA    ( 1581): ++++++++++++++  _roc_evtmgr_key_cbk 517:input = 12289, event=40, act=0x100
11-02 16:49:13.587 V/SUMA    ( 1581): lxm:_roc_evtmgr_key_cbk 519 29703053
11-02 16:49:13.587 V/SUMA    ( 1581): lxm:_roc_evtmgr_add_evt_into_queue 347 29703053
11-02 16:49:13.587 V/PT      ( 1581): >>INFO:irkey_task:[   29703.053660] /dev/input/event0: type=0000 code=0000 val=00000000
11-02 16:49:13.587 V/SUMA    ( 1581): ===================>> type=0 src=0 evt=40 act=0x100
11-02 16:49:13.587 V/SUMA    ( 1581): [sysset-s][event_manager_cbk 78]lxm cbid=1, cbk_reg=1, cpid=2463
11-02 16:49:13.587 D/NGBEvent( 2463): ngbEventCallBack type:0 source :40
11-02 16:49:13.587 D/NGBEvent( 2463): [NGBEventManager-JNI]-returning:1
11-02 16:49:13.587 D/NGBEvent( 2463): Input key event: keyCode=40
11-02 16:49:13.587 D/NGBEvent( 2463): src:40 = dest:40
11-02 16:49:13.587 I/System.out( 2463): [DEBUG EventManager] LWJ--Add event to java with evt=NgbEvent-[type = 1, subtype = 401, code = 40]
11-02 16:49:13.587 D/NGBEvent( 2463): [NGBEvent_log]--[EventManager--JNI]:		start
11-02 16:49:13.587 I/System.out( 2463): [DEBUG EventManager] broadcastEvent  :len 1
11-02 16:49:13.587 D/CombineKeyUtil( 2463): [TN_pool-1-thread-1]dealKeyEvent,combineIndex:-1:keyCode:20
11-02 16:49:13.587 D/KeyEventNgbDealer( 2463): [TN_pool-1-thread-1]handleKeyPressed keyEvent=NgbEvent-[type = 1, subtype = 401, code = 40],time=29703054
11-02 16:49:13.587 D/RemoteIME(24071): onKeyDown event = KeyEvent { action=ACTION_DOWN, keyCode=KEYCODE_DPAD_DOWN, scanCode=108, metaState=0, flags=0x8, repeatCount=0, eventTime=29703053, downTime=29703053, deviceId=3, source=0x701 },mSkbContainer=null
11-02 16:49:13.597 D/BackBootDealerNeimeng( 2382): standbyState:
11-02 16:49:13.597 E/NetUtils( 1990): Interface eth0 LinkUp!
11-02 16:49:13.721 D/HTTPServerThread( 2435): HTTP SOCKET IS:Socket[address=/192.168.0.100,port=50421,localPort=38520]
11-02 16:49:13.721 D/MediaServer( 2435): httpReq = GET /description.xml HTTP/1.1
11-02 16:49:13.721 D/MediaServer( 2435): Cache-Control: no-cache
11-02 16:49:13.721 D/MediaServer( 2435): Connection: Keep-Alive
11-02 16:49:13.721 D/MediaServer( 2435): Pragma: no-cache
11-02 16:49:13.721 D/MediaServer( 2435): Accept: text/xml, application/xml
11-02 16:49:13.721 D/MediaServer( 2435): User-Agent: DAFUPnP
11-02 16:49:13.721 D/MediaServer( 2435): Host: 192.168.0.103:38520
11-02 16:49:13.721 D/MediaServer( 2435): 
11-02 16:49:13.721 D/Device  ( 2435): LWJ--httpGetRequestRecieved(httpReq)
11-02 16:49:13.721 D/Device  ( 2435): httpGetRequestRecieved = /description.xml
11-02 16:49:13.730 D/HTTPRequest( 2435): post httpResponse location=
11-02 16:49:13.741 D/HTTPServerThread( 2435): HTTP SOCKET IS:Socket[address=/192.168.0.100,port=50421,localPort=38520]
11-02 16:49:13.742 D/MediaServer( 2435): httpReq = GET /description.xml HTTP/1.1
11-02 16:49:13.742 D/MediaServer( 2435): Cache-Control: no-cache
11-02 16:49:13.742 D/MediaServer( 2435): Connection: Close
11-02 16:49:13.742 D/MediaServer( 2435): Pragma: no-cache
11-02 16:49:13.742 D/MediaServer( 2435): Accept: text/xml, application/xml
11-02 16:49:13.742 D/MediaServer( 2435): User-Agent: Microsoft-Windows/10.0 UPnP/1.0
11-02 16:49:13.742 D/MediaServer( 2435): Host: 192.168.0.103:38520
11-02 16:49:13.742 D/MediaServer( 2435): 
11-02 16:49:13.742 D/Device  ( 2435): LWJ--httpGetRequestRecieved(httpReq)
11-02 16:49:13.742 D/Device  ( 2435): httpGetRequestRecieved = /description.xml
11-02 16:49:13.751 D/HTTPRequest( 2435): post httpResponse location=
11-02 16:49:13.752 D/HTTPServerThread( 2435): close http socket:Socket[address=/192.168.0.100,port=50421,localPort=38520]
11-02 16:49:13.779 D/HTTPServerThread( 2435): HTTP SOCKET IS:Socket[address=/192.168.0.100,port=50422,localPort=38520]
11-02 16:49:13.779 D/MediaServer( 2435): httpReq = GET /service/ContentDirectory1.xml HTTP/1.1
11-02 16:49:13.779 D/MediaServer( 2435): Cache-Control: no-cache
11-02 16:49:13.779 D/MediaServer( 2435): Connection: Close
11-02 16:49:13.779 D/MediaServer( 2435): Pragma: no-cache
11-02 16:49:13.779 D/MediaServer( 2435): Accept: text/xml, application/xml
11-02 16:49:13.779 D/MediaServer( 2435): User-Agent: Microsoft-Windows/10.0 UPnP/1.0
11-02 16:49:13.779 D/MediaServer( 2435): Host: 192.168.0.103:38520
11-02 16:49:13.779 D/MediaServer( 2435): 
11-02 16:49:13.779 D/Device  ( 2435): LWJ--httpGetRequestRecieved(httpReq)
11-02 16:49:13.779 D/Device  ( 2435): httpGetRequestRecieved = /service/ContentDirectory1.xml
11-02 16:49:13.795 D/HTTPRequest( 2435): post httpResponse location=
11-02 16:49:13.796 D/HTTPServerThread( 2435): close http socket:Socket[address=/192.168.0.100,port=50422,localPort=38520]
11-02 16:49:13.796 D/ir_user ( 1585): PlayerTimeLineTrace:linux_keycode:0x6c(UP),	protocol: .
11-02 16:49:13.796 V/PT      ( 1581): >>INFO:irkey_task:[   29703.263085] /dev/input/event0: type=0001 code=006c val=00000000
11-02 16:49:13.796 V/PT      ( 1581): >>INFO:irkey_send:0x3001 0x0028 up  
11-02 16:49:13.796 V/SUMA    ( 1581): ++++++++++++++  _roc_evtmgr_key_cbk 517:input = 12289, event=40, act=0x400
11-02 16:49:13.796 V/SUMA    ( 1581): lxm:_roc_evtmgr_key_cbk 519 29703263
11-02 16:49:13.796 V/SUMA    ( 1581): lxm:_roc_evtmgr_add_key_into_queue 311 29703263
11-02 16:49:13.796 V/PT      ( 1581): >>INFO:irkey_task:[   29703.263085] /dev/input/event0: type=0000 code=0000 val=00000000
11-02 16:49:13.796 V/SUMA    ( 1581): ===================>> type=0 src=0 evt=40 act=0x400
11-02 16:49:13.796 V/SUMA    ( 1581): [sysset-s][event_manager_cbk 78]lxm cbid=1, cbk_reg=1, cpid=2463
11-02 16:49:13.796 D/NGBEvent( 2463): ngbEventCallBack type:0 source :40
11-02 16:49:13.796 D/NGBEvent( 2463): [NGBEventManager-JNI]-returning:1
11-02 16:49:13.796 D/NGBEvent( 2463): Input key event: keyCode=40
11-02 16:49:13.796 D/NGBEvent( 2463): src:40 = dest:40
11-02 16:49:13.796 I/System.out( 2463): [DEBUG EventManager] LWJ--Add event to java with evt=NgbEvent-[type = 1, subtype = 402, code = 40]
11-02 16:49:13.796 D/NGBEvent( 2463): [NGBEvent_log]--[EventManager--JNI]:		start
11-02 16:49:13.796 I/System.out( 2463): [DEBUG EventManager] broadcastEvent  :len 1
11-02 16:49:13.796 D/KeyEventNgbDealer( 2463): [TN_pool-1-thread-1]handleKeyReleased keyEvent=NgbEvent-[type = 1, subtype = 402, code = 40],time=29703263
11-02 16:49:13.797 D/RemoteIME(24071): RemoteIME--> onKeyUp keyCode = 20
11-02 16:49:14.084 D/ir_user ( 1585): PlayerTimeLineTrace:linux_keycode:0x9e(DOWN),	protocol: .
11-02 16:49:14.084 V/PT      ( 1581): >>INFO:irkey_task:[   29703.551237] /dev/input/event0: type=0001 code=009e val=00000001
11-02 16:49:14.084 V/PT      ( 1581): >>INFO:irkey_send:0x3001 0x1000 down
11-02 16:49:14.084 V/SUMA    ( 1581): ++++++++++++++  _roc_evtmgr_key_cbk 517:input = 12289, event=4096, act=0x100
11-02 16:49:14.084 V/SUMA    ( 1581): lxm:_roc_evtmgr_key_cbk 519 29703551
11-02 16:49:14.084 V/SUMA    ( 1581): lxm:_roc_evtmgr_add_evt_into_queue 347 29703551
11-02 16:49:14.084 V/PT      ( 1581): >>INFO:irkey_task:[   29703.551237] /dev/input/event0: type=0000 code=0000 val=00000000
11-02 16:49:14.084 V/SUMA    ( 1581): ===================>> type=0 src=0 evt=4096 act=0x100
11-02 16:49:14.084 V/SUMA    ( 1581): [sysset-s][event_manager_cbk 78]lxm cbid=1, cbk_reg=1, cpid=2463
11-02 16:49:14.084 D/NGBEvent( 2463): ngbEventCallBack type:0 source :4096
11-02 16:49:14.084 D/NGBEvent( 2463): [NGBEventManager-JNI]-returning:1
11-02 16:49:14.084 D/NGBEvent( 2463): Input key event: keyCode=4096
11-02 16:49:14.084 D/NGBEvent( 2463): src:4096 = dest:4096
11-02 16:49:14.084 I/System.out( 2463): [DEBUG EventManager] LWJ--Add event to java with evt=NgbEvent-[type = 1, subtype = 401, code = 4096]
11-02 16:49:14.085 D/NGBEvent( 2463): [NGBEvent_log]--[EventManager--JNI]:		start
11-02 16:49:14.085 I/System.out( 2463): [DEBUG EventManager] broadcastEvent  :len 1
11-02 16:49:14.085 D/CombineKeyUtil( 2463): [TN_pool-1-thread-1]dealKeyEvent,combineIndex:-1:keyCode:4
11-02 16:49:14.085 D/KeyEventNgbDealer( 2463): [TN_pool-1-thread-1]handleKeyPressed keyEvent=NgbEvent-[type = 1, subtype = 401, code = 4096],time=29703551
11-02 16:49:14.085 D/RemoteIME(24071): onKeyDown event = KeyEvent { action=ACTION_DOWN, keyCode=KEYCODE_BACK, scanCode=158, metaState=0, flags=0x8, repeatCount=0, eventTime=29703551, downTime=29703551, deviceId=3, source=0x701 },mSkbContainer=null
11-02 16:49:14.098 D/BackBootDealerNeimeng( 2382): standbyState:
11-02 16:49:14.098 E/NetUtils( 1990): Interface eth0 LinkUp!
11-02 16:49:14.130 D/HTTPServerThread( 2435): HTTP SOCKET IS:Socket[address=/192.168.0.100,port=50423,localPort=38520]
11-02 16:49:14.130 D/MediaServer( 2435): httpReq = GET /description.xml HTTP/1.1
11-02 16:49:14.130 D/MediaServer( 2435): Cache-Control: no-cache
11-02 16:49:14.130 D/MediaServer( 2435): Connection: Keep-Alive
11-02 16:49:14.130 D/MediaServer( 2435): Pragma: no-cache
11-02 16:49:14.130 D/MediaServer( 2435): Accept: text/xml, application/xml
11-02 16:49:14.130 D/MediaServer( 2435): User-Agent: DAFUPnP
11-02 16:49:14.130 D/MediaServer( 2435): Host: 192.168.0.103:38520
11-02 16:49:14.130 D/MediaServer( 2435): 
11-02 16:49:14.130 D/Device  ( 2435): LWJ--httpGetRequestRecieved(httpReq)
11-02 16:49:14.130 D/Device  ( 2435): httpGetRequestRecieved = /description.xml
11-02 16:49:14.132 D/HTTPRequest( 2435): post httpResponse location=
11-02 16:49:14.139 D/HTTPServerThread( 2435): HTTP SOCKET IS:Socket[address=/192.168.0.100,port=50423,localPort=38520]
11-02 16:49:14.139 D/MediaServer( 2435): httpReq = GET /description.xml HTTP/1.1
11-02 16:49:14.139 D/MediaServer( 2435): Cache-Control: no-cache
11-02 16:49:14.139 D/MediaServer( 2435): Connection: Close
11-02 16:49:14.139 D/MediaServer( 2435): Pragma: no-cache
11-02 16:49:14.139 D/MediaServer( 2435): Accept: text/xml, application/xml
11-02 16:49:14.139 D/MediaServer( 2435): User-Agent: Microsoft-Windows/10.0 UPnP/1.0
11-02 16:49:14.139 D/MediaServer( 2435): Host: 192.168.0.103:38520
11-02 16:49:14.139 D/MediaServer( 2435): 
11-02 16:49:14.139 D/Device  ( 2435): LWJ--httpGetRequestRecieved(httpReq)
11-02 16:49:14.139 D/Device  ( 2435): httpGetRequestRecieved = /description.xml
11-02 16:49:14.142 D/HTTPRequest( 2435): post httpResponse location=
11-02 16:49:14.142 D/HTTPServerThread( 2435): close http socket:Socket[address=/192.168.0.100,port=50423,localPort=38520]
11-02 16:49:14.162 D/HTTPServerThread( 2435): HTTP SOCKET IS:Socket[address=/192.168.0.100,port=50424,localPort=38520]
11-02 16:49:14.162 D/MediaServer( 2435): httpReq = GET /service/ContentDirectory1.xml HTTP/1.1
11-02 16:49:14.162 D/MediaServer( 2435): Cache-Control: no-cache
11-02 16:49:14.162 D/MediaServer( 2435): Connection: Close
11-02 16:49:14.162 D/MediaServer( 2435): Pragma: no-cache
11-02 16:49:14.162 D/MediaServer( 2435): Accept: text/xml, application/xml
11-02 16:49:14.162 D/MediaServer( 2435): User-Agent: Microsoft-Windows/10.0 UPnP/1.0
11-02 16:49:14.162 D/MediaServer( 2435): Host: 192.168.0.103:38520
11-02 16:49:14.162 D/MediaServer( 2435): 
11-02 16:49:14.162 D/Device  ( 2435): LWJ--httpGetRequestRecieved(httpReq)
11-02 16:49:14.162 D/Device  ( 2435): httpGetRequestRecieved = /service/ContentDirectory1.xml
11-02 16:49:14.177 D/HTTPRequest( 2435): post httpResponse location=
11-02 16:49:14.178 D/HTTPServerThread( 2435): close http socket:Socket[address=/192.168.0.100,port=50424,localPort=38520]
11-02 16:49:14.185 D/ir_user ( 1585): PlayerTimeLineTrace:linux_keycode:0x9e(UP),	protocol: .
11-02 16:49:14.185 V/PT      ( 1581): >>INFO:irkey_task:[   29703.652367] /dev/input/event0: type=0001 code=009e val=00000000
11-02 16:49:14.185 V/PT      ( 1581): >>INFO:irkey_send:0x3001 0x1000 up  
11-02 16:49:14.185 V/SUMA    ( 1581): ++++++++++++++  _roc_evtmgr_key_cbk 517:input = 12289, event=4096, act=0x400
11-02 16:49:14.185 V/SUMA    ( 1581): lxm:_roc_evtmgr_key_cbk 519 29703652
11-02 16:49:14.185 V/SUMA    ( 1581): lxm:_roc_evtmgr_add_key_into_queue 311 29703652
11-02 16:49:14.185 V/PT      ( 1581): >>INFO:irkey_task:[   29703.652367] /dev/input/event0: type=0000 code=0000 val=00000000
11-02 16:49:14.185 V/SUMA    ( 1581): ===================>> type=0 src=0 evt=4096 act=0x400
11-02 16:49:14.185 V/SUMA    ( 1581): [sysset-s][event_manager_cbk 78]lxm cbid=1, cbk_reg=1, cpid=2463
11-02 16:49:14.185 D/NGBEvent( 2463): ngbEventCallBack type:0 source :4096
11-02 16:49:14.185 D/NGBEvent( 2463): [NGBEventManager-JNI]-returning:1
11-02 16:49:14.185 D/NGBEvent( 2463): Input key event: keyCode=4096
11-02 16:49:14.185 D/NGBEvent( 2463): src:4096 = dest:4096
11-02 16:49:14.186 I/System.out( 2463): [DEBUG EventManager] LWJ--Add event to java with evt=NgbEvent-[type = 1, subtype = 402, code = 4096]
11-02 16:49:14.186 D/NGBEvent( 2463): [NGBEvent_log]--[EventManager--JNI]:		start
11-02 16:49:14.186 I/System.out( 2463): [DEBUG EventManager] broadcastEvent  :len 1
11-02 16:49:14.186 D/KeyEventNgbDealer( 2463): [TN_pool-1-thread-1]handleKeyReleased keyEvent=NgbEvent-[type = 1, subtype = 402, code = 4096],time=29703652
11-02 16:49:14.186 D/RemoteIME(24071): RemoteIME--> onKeyUp keyCode = 4
11-02 16:49:14.187 D/BaseApplication( 2700): [TN_main]onActivityPaused activity=com.suma.midware.setting.info.StbInfoActivity@21af84bf
11-02 16:49:14.188 W/ContextImpl( 2700): Calling a method in the system process without a qualified user: android.app.ContextImpl.sendBroadcast:1345 android.content.ContextWrapper.sendBroadcast:377 android.app.ActivityThread.performPauseActivity:3259 android.app.ActivityThread.performPauseActivity:3225 android.app.ActivityThread.handlePauseActivity:3200 
11-02 16:49:14.191 D/BaseApplication( 2700): [TN_main]onActivityStarted activity=com.suma.midware.setting.info.SystemInfoMainActivity@33832adf
11-02 16:49:14.191 D/BaseApplication( 2700): [TN_main]onActivityResumed activity=com.suma.midware.setting.info.SystemInfoMainActivity@33832adf
11-02 16:49:14.192 W/ContextImpl( 2700): Calling a method in the system process without a qualified user: android.app.ContextImpl.sendBroadcast:1345 android.content.ContextWrapper.sendBroadcast:377 android.app.ActivityThread.performResumeActivity:2982 android.app.ActivityThread.handleResumeActivity:3023 android.app.ActivityThread$H.handleMessage:1347 
11-02 16:49:14.203 D/RemoteIME(24071): onFinishInput.
11-02 16:49:14.203 D/RemoteIME(24071): onStartInput  ccontentType: 0 Restarting:false
