11-02 16:49:01.487 V/PT      ( 1581): >>INFO:irkey_task:[   29690.953800] /dev/input/event0: type=0001 code=001c val=00000000
11-02 16:49:01.487 V/PT      ( 1581): >>INFO:irkey_send:0x3001 0x1001 up  
11-02 16:49:01.487 V/SUMA    ( 1581): ++++++++++++++  _roc_evtmgr_key_cbk 517:input = 12289, event=4097, act=0x400
11-02 16:49:01.487 V/SUMA    ( 1581): lxm:_roc_evtmgr_key_cbk 519 29690953
11-02 16:49:01.487 V/SUMA    ( 1581): lxm:_roc_evtmgr_add_key_into_queue 311 29690953
11-02 16:49:01.487 V/PT      ( 1581): >>INFO:irkey_task:[   29690.953800] /dev/input/event0: type=0000 code=0000 val=00000000
11-02 16:49:01.487 V/SUMA    ( 1581): ===================>> type=0 src=0 evt=4097 act=0x400
11-02 16:49:01.487 V/SUMA    ( 1581): [sysset-s][event_manager_cbk 78]lxm cbid=1, cbk_reg=1, cpid=2463
11-02 16:49:01.487 D/NGBEvent( 2463): ngbEventCallBack type:0 source :4097
11-02 16:49:01.487 D/NGBEvent( 2463): [NGBEventManager-JNI]-returning:1
11-02 16:49:01.487 D/NGBEvent( 2463): Input key event: keyCode=4097
11-02 16:49:01.487 D/NGBEvent( 2463): src:4097 = dest:4097
11-02 16:49:01.487 I/System.out( 2463): [DEBUG EventManager] LWJ--Add event to java with evt=NgbEvent-[type = 1, subtype = 402, code = 4097]
11-02 16:49:01.487 D/NGBEvent( 2463): [NGBEvent_log]--[EventManager--JNI]:		start
11-02 16:49:01.487 I/System.out( 2463): [DEBUG EventManager] broadcastEvent  :len 1
11-02 16:49:01.487 D/ir_user ( 1585): PlayerTimeLineTrace:linux_keycode:0x1c(UP),	protocol: .
11-02 16:49:01.487 D/KeyEventNgbDealer( 2463): [TN_pool-1-thread-1]handleKeyReleased keyEvent=NgbEvent-[type = 1, subtype = 402, code = 4097],time=29690954
11-02 16:49:01.487 D/RemoteIME(24071): RemoteIME--> onKeyUp keyCode = 23
11-02 16:49:01.489 E/AudioPolicyManager( 1568): AudioPolicyManagerBase::checkAndSetVolume index=2 ro.suma.vol=0,10,18,26,34,42,49,56,63,70,76,82,88,93,97,100 valid vol[index]=18
11-02 16:49:01.489 E/AudioPolicyManager( 1568): AudioPolicyManagerBase::checkAndSetVolume1 2,0.180000
11-02 16:49:01.499 I/ActivityManager( 1990): START u0 {cmp=com.suma.midware.setting/.info.SystemInfoMainActivity} from uid 1000 on display 0
11-02 16:49:01.502 V/WindowManager( 1990): addAppToken: AppWindowToken{764e96a token=Token{3260b55 ActivityRecord{1d4e260c u0 com.suma.midware.setting/.info.SystemInfoMainActivity t108}}} to stack=1 task=108 at 1
11-02 16:49:01.503 D/BaseApplication( 2700): [TN_main]onActivityPaused activity=com.suma.midware.setting.main.SystemMainActivity@214a3984
11-02 16:49:01.504 W/ContextImpl( 2700): Calling a method in the system process without a qualified user: android.app.ContextImpl.sendBroadcast:1345 android.content.ContextWrapper.sendBroadcast:377 android.app.ActivityThread.performPauseActivity:3259 android.app.ActivityThread.performPauseActivity:3225 android.app.ActivityThread.handlePauseActivity:3200 
11-02 16:49:01.540 D/BaseApplication( 2700): [TN_main]onActivityCreated activity=com.suma.midware.setting.info.SystemInfoMainActivity@33832adf,savedInstanceState=null
11-02 16:49:01.570 D/BackBootDealerNeimeng( 2382): standbyState:
11-02 16:49:01.570 E/NetUtils( 1990): Interface eth0 LinkUp!
11-02 16:49:01.590 D/audio_hal( 1568): out_get_latency: out(0xb5077280) latency=20
11-02 16:49:01.592 D/SystemListItem( 2700): onFocusChangecom.suma.midware.setting.util.SystemListItem{e333106 VFE...C. .F....I. 0,0-0,0 #7f0b0045 app:id/setting_info_stb}:itemID:262144:arg1:true
11-02 16:49:01.592 D/BaseApplication( 2700): [TN_main]onActivityStarted activity=com.suma.midware.setting.info.SystemInfoMainActivity@33832adf
11-02 16:49:01.593 D/BaseApplication( 2700): [TN_main]onActivityResumed activity=com.suma.midware.setting.info.SystemInfoMainActivity@33832adf
11-02 16:49:01.593 W/ContextImpl( 2700): Calling a method in the system process without a qualified user: android.app.ContextImpl.sendBroadcast:1345 android.content.ContextWrapper.sendBroadcast:377 android.app.ActivityThread.performResumeActivity:2982 android.app.ActivityThread.handleResumeActivity:3023 android.app.ActivityThread.handleLaunchActivity:2392 
11-02 16:49:01.596 V/WindowManager( 1990): Adding window Window{c060537 u0 com.suma.midware.setting/com.suma.midware.setting.info.SystemInfoMainActivity} at 5 of 10 (after Window{a0682ad u0 com.suma.midware.setting/com.suma.midware.setting.main.SystemMainActivity})
11-02 16:49:01.610 D/audio_hal( 1568): out_get_latency: out(0xb5077280) latency=20
11-02 16:49:01.647 I/ActivityManager( 1990): Displayed com.suma.midware.setting/.info.SystemInfoMainActivity: +142ms
11-02 16:49:01.647 D/RemoteIME(24071): onFinishInput.
11-02 16:49:01.647 D/RemoteIME(24071): onStartInput  ccontentType: 0 Restarting:false
11-02 16:49:01.869 D/BaseApplication( 2700): [TN_main]onActivitySaveInstanceState activity=com.suma.midware.setting.main.SystemMainActivity@214a3984,outState=Bundle[{android:viewHierarchyState=Bundle[{android:views={16908290=android.view.AbsSavedState$1@1dfcbd3f, 2131427401=android.view.AbsSavedState$1@1dfcbd3f, 2131427402=android.view.AbsSavedState$1@1dfcbd3f, 2131427403=android.view.AbsSavedState$1@1dfcbd3f, 2131427404=android.view.AbsSavedState$1@1dfcbd3f, 2131427405=android.view.AbsSavedState$1@1dfcbd3f, 2131427406=android.view.AbsSavedState$1@1dfcbd3f, 2131427407=android.view.AbsSavedState$1@1dfcbd3f, 2131427408=android.view.AbsSavedState$1@1dfcbd3f, 2131427409=android.view.AbsSavedState$1@1dfcbd3f}, android:focusedViewId=2131427408}]}]
11-02 16:49:01.870 D/BaseApplication( 2700): [TN_main]onActivityStopped activity=com.suma.midware.setting.main.SystemMainActivity@214a3984
11-02 16:49:02.070 D/BackBootDealerNeimeng( 2382): standbyState:
11-02 16:49:02.071 E/NetUtils( 1990): Interface eth0 LinkUp!
11-02 16:49:02.412 D/EsgNeiMengDealer( 2382): [TN_ThreadUtil-12]checkBootAd bootAd=[Advertisment@34d5d2aa]category[1]version[0]profile[2]group[[GroupProperty@3eb6ae9b]associateType[3]groupIDs[len:10:10000:7101:7105:9999:7000:17:1001:20002:20001:1003]]service[null]period[[Advertisment@3ddc238]dates[]times[len0:102:len1:102:20170821 000000-20170821 235959:20170822 000000-20170822 235959:20170823 000000-20170823 235959:20170824 000000-20170824 235959:20170825 000000-20170825 235959:20170826 000000-20170826 235959:20170827 000000-20170827 235959:20170828 000000-20170828 235959:20170829 000000-20170829 235959:20170830 000000-20170830 235959:20170831 000000-20170831 235959:20170901 000000-20170901 235959:20170902 000000-20170902 235959:20170903 000000-20170903 235959:20170904 000000-20170904 235959:20170905 000000-20170905 235959:20170906 000000-20170906 235959:20170907 000000-20170907 235959:20170908 000000-20170908 235959:20170909 000000-20170909 235959:20170910 000000-20170910 235959:20170911 000000-20170911 235959:20170912 000000-20170912 235959:20170913 000000-20170913 235959:20170914 000000-20170914 235959:20170915 000000-20170915 235959:20170916 000000-20170916 235959:20170917 000000-20170917 235959:20170918 000000-20170918 235959:20170919 000000-20170919 235959:20170920 000000-20170920 235959:20170921 000000-20170921 235959:20170922 000000-20170922 235959:20170923 000000-20170923 235959:20170924 000000-20170924 235959:20170925 000000-20170925 235959:20170926 000000-20170926 235959:20170927 000000-20170927 235959:20170928 000000-20170928 235959:20170929 000000-20170929 235959:20170930 000000-20170930 235959:20171001 000000-20171001 235959:20171002 000000-20171002 235959:20171003 000000-20171003 235959:20171004 000000-20171004 235959:20171005 000000-20171005 235959:20171006 000000-20171006 235959:20171007 000000-20171007 235959:20171008 000000-20171008 235959:20171009 000000-20171009 235959:20171010 000000-20171010 235959:20171011 000000-20171011 235959:20171012 000000-20171012 235959:20171013 000000-20171013 235959:20171014 000000-20171014 235959:20171015 000000-20171015 235959:20171016 000000-20171016 235959:20171017 000000-20171017 235959:20171018 000000-20171018 235959:20171019 000000-20171019 235959:20171020 000000-20171020 235959:20171021 000000-20171021 235959:20171022 000000-20171022 235959:20171023 000000-20171023 235959:20171024 000000-20171024 235959:20171025 000000-20171025 235959:20171026 000000-20171026 235959:20171027 000000-20171027 235959:20171028 000000-20171028 235959:20171029 000000-20171029 235959:20171030 000000-20171030 235959:20171031 000000-20171031 235959:20171101 000000-20171101 235959:20171102 000000-20171102 235959:20171103 000000-20171103 235959:20171104 000000-20171104 235959:20171105 000000-20171105 235959:20171106 000000-20171106 235959:20171107 000000-20171107 235959:20171108 000000-20171108 235959:20171109 000000-20171109 235959:20171110 000000-20171110 235959:20171111 000000-20171111 235959:20171112 000000-20171112 235959:20171113 000000-20171113 235959:20171114 000000-20171114 235959:20171115 000000-20171115 235959:20171116 000000-20171116 235959:20171117 000000-20171117 235959:20171118 000000-20171118 235959:20171119 000000-20171119 235959:20171120 000000-20171120 235959:20171121 000000-20171121 235959:20171122 000000-20171122 235959:20171123 000000-20171123 235959:20171124 000000-20171124 235959:20171125 000000-20171125 235959:20171126 000000-20171126 235959:20171127 000000-20171127 235959:20171128 000000-20171128 235959:20171129 000000-20171129 235959:20171130 000000-20171130 235959]]
11-02 16:49:02.412 I/System.out( 2382): [DEBUG SectionFilterGroup] The filterGroupHandle is: -1874839928
11-02 16:49:02.412 D/LoadPipeHandler( 2382): [TN_ThreadUtil-12]dealTableLoad pipeTask=[LoadPipeTask@11d73be7]pID[16]tableID[64]tunerIndex[0]offset[3]timeout[5000]isNeedTune[false]fileName[null]
11-02 16:49:02.412 D/filter  ( 2382): [FilterManager-JNI] - start filter:pid=16, tableid=64, bufferNum=0
11-02 16:49:02.412 D/filter  ( 2382): [FilterManager-JNI] - 
11-02 16:49:02.413 D/filter  ( 2382): [FilterManager-JNI] - 
11-02 16:49:02.413 D/filter  ( 2382): [FilterManager-JNI] - The table id is proper.
11-02 16:49:02.413 D/filter  ( 2382): ####in java native method open filter:pid=16,							code=40,00,00,00,mask=ff,00,00,00
11-02 16:49:02.413 D/filter  ( 2382): [FilterManager-JNI] - Filter mode to ROCME_RES_FLT_MODE_UNROB_FILTER.
11-02 16:49:02.413 V/SUMA    ( 1581): [resman-s][onTransact 216]code[0x12000200] client pid = 2382
11-02 16:49:02.413 V/SUMA    ( 1581): [resman-s][onTransact 615]TRANS_CODE_RESMAN_FILETER_REQUEST enter
11-02 16:49:02.413 V/SUMA    ( 1581): [resman-s][onTransact 623]filter request m_client[0].cpid = 2382
11-02 16:49:02.413 V/SUMA    ( 1581): [resman-s][onTransact 627]filter handler request filter_handler[0]
11-02 16:49:02.413 V/SUMA    ( 1581): >> Roc_ResMan_Filter_Request handler = 0x1202c770 
11-02 16:49:02.413 I/System.out( 2382): [DEBUG SectionFilterGroup] The run() method, and the filterGroupHandle is: -1874839928
11-02 16:49:02.413 V/SUMA    ( 1581): [resman-s][onTransact 657]TRANS_CODE_RESMAN_FILETER_REQUEST leave
11-02 16:49:02.413 V/SUMA    ( 1581): [resman-s][onTransact 1574]leave transact client pid = 2382
11-02 16:49:02.413 V/SUMA    ( 2382): [resman-c][Roc_ResMan_Filter_Request 1311]leave !!!
11-02 16:49:02.413 V/SUMA    ( 2382): [resman-c][dvbc_resman_flt_request 162]dvbc(2382)## s_resman_client_flt_hcbk request cbk idx=0 !!!
11-02 16:49:02.413 V/SUMA    ( 1581): [resman-s][onTransact 216]code[0x12000204] client pid = 2382
11-02 16:49:02.414 V/SUMA    ( 1581): [resman-s][onTransact 1574]leave transact client pid = 2382
11-02 16:49:02.414 V/SUMA    ( 2382): [resman-c][Roc_ResMan_Filter_Modify 1514]leave !!!
11-02 16:49:02.414 V/SUMA    ( 1581): [resman-s][onTransact 216]code[0x12000202] client pid = 2382
11-02 16:49:02.414 V/SUMA    ( 1581): [resman-s][onTransact 1574]leave transact client pid = 2382
11-02 16:49:02.414 V/SUMA    ( 2382): [resman-c][Roc_ResMan_Filter_Run 1431]leave !!!
11-02 16:49:02.414 D/filter  ( 2382): open file=302172016,pid=16,index=0 with tuner index 0
11-02 16:49:02.433 I/System.out( 2382): [DEBUG SectionFilterGroup] be reaady to detach filtergroup:false
11-02 16:49:02.572 D/BackBootDealerNeimeng( 2382): standbyState:
11-02 16:49:02.573 E/NetUtils( 1990): Interface eth0 LinkUp!
11-02 16:49:02.824 V/PT      ( 1581): >>INFO:irkey_task:[   29692.290680] /dev/input/event0: type=0001 code=006c val=00000001
11-02 16:49:02.824 V/PT      ( 1581): >>INFO:irkey_send:0x3001 0x0028 down
11-02 16:49:02.824 V/SUMA    ( 1581): ++++++++++++++  _roc_evtmgr_key_cbk 517:input = 12289, event=40, act=0x100
11-02 16:49:02.824 V/SUMA    ( 1581): lxm:_roc_evtmgr_key_cbk 519 29692291
11-02 16:49:02.824 V/SUMA    ( 1581): lxm:_roc_evtmgr_add_evt_into_queue 347 29692291
11-02 16:49:02.824 V/SUMA    ( 1581): ===================>> type=0 src=0 evt=40 act=0x100
11-02 16:49:02.824 D/ir_user ( 1585): PlayerTimeLineTrace:linux_keycode:0x6c(DOWN),	protocol: .
11-02 16:49:02.824 V/PT      ( 1581): >>INFO:irkey_task:[   29692.290680] /dev/input/event0: type=0000 code=0000 val=00000000
11-02 16:49:02.824 V/SUMA    ( 1581): [sysset-s][event_manager_cbk 78]lxm cbid=1, cbk_reg=1, cpid=2463
11-02 16:49:02.824 D/NGBEvent( 2463): ngbEventCallBack type:0 source :40
11-02 16:49:02.824 D/NGBEvent( 2463): [NGBEventManager-JNI]-returning:1
11-02 16:49:02.825 D/NGBEvent( 2463): Input key event: keyCode=40
11-02 16:49:02.825 D/NGBEvent( 2463): src:40 = dest:40
11-02 16:49:02.825 I/System.out( 2463): [DEBUG EventManager] LWJ--Add event to java with evt=NgbEvent-[type = 1, subtype = 401, code = 40]
11-02 16:49:02.825 D/NGBEvent( 2463): [NGBEvent_log]--[EventManager--JNI]:		start
11-02 16:49:02.825 I/System.out( 2463): [DEBUG EventManager] broadcastEvent  :len 1
11-02 16:49:02.825 D/CombineKeyUtil( 2463): [TN_pool-1-thread-1]dealKeyEvent,combineIndex:-1:keyCode:20
11-02 16:49:02.825 D/KeyEventNgbDealer( 2463): [TN_pool-1-thread-1]handleKeyPressed keyEvent=NgbEvent-[type = 1, subtype = 401, code = 40],time=29692292
11-02 16:49:02.826 D/RemoteIME(24071): onKeyDown event = KeyEvent { action=ACTION_DOWN, keyCode=KEYCODE_DPAD_DOWN, scanCode=108, metaState=0, flags=0x8, repeatCount=0, eventTime=29692290, downTime=29692290, deviceId=3, source=0x701 },mSkbContainer=null
11-02 16:49:02.827 D/BaseActivity( 2700): dealKeyEvent,baseItem:com.suma.midware.setting.util.SystemListItem{e333106 VFE...C. .F...... 194,20-1086,85 #7f0b0045 app:id/setting_info_stb}:itemID:262144:event:KeyEvent { action=ACTION_DOWN, keyCode=KEYCODE_DPAD_DOWN, scanCode=108, metaState=0, flags=0x8, repeatCount=0, eventTime=29692290, downTime=29692290, deviceId=3, source=0x701 }
11-02 16:49:02.827 D/SystemListItem( 2700): onFocusChangecom.suma.midware.setting.util.SystemListItem{e333106 VFE...C. ......ID 194,20-1086,85 #7f0b0045 app:id/setting_info_stb}:itemID:262144:arg1:false
11-02 16:49:02.836 D/SystemListItem( 2700): onFocusChangecom.suma.midware.setting.util.SystemListItem{26d04a19 VFE...C. .F....ID 194,85-1086,150 #7f0b0046 app:id/setting_info_story}:itemID:262145:arg1:true
11-02 16:49:02.838 E/AudioPolicyManager( 1568): AudioPolicyManagerBase::checkAndSetVolume index=2 ro.suma.vol=0,10,18,26,34,42,49,56,63,70,76,82,88,93,97,100 valid vol[index]=18
11-02 16:49:02.838 E/AudioPolicyManager( 1568): AudioPolicyManagerBase::checkAndSetVolume1 2,0.180000
11-02 16:49:02.839 D/RemoteIME(24071): onFinishInput.
11-02 16:49:02.839 D/RemoteIME(24071): onStartInput  ccontentType: 0 Restarting:false
11-02 16:49:02.949 D/audio_hal( 1568): out_get_latency: out(0xb5077280) latency=20
11-02 16:49:02.969 D/audio_hal( 1568): out_get_latency: out(0xb5077280) latency=20
11-02 16:49:03.033 V/PT      ( 1581): >>INFO:irkey_task:[   29692.500085] /dev/input/event0: type=0001 code=006c val=00000000
11-02 16:49:03.033 V/PT      ( 1581): >>INFO:irkey_send:0x3001 0x0028 up  
11-02 16:49:03.033 V/SUMA    ( 1581): ++++++++++++++  _roc_evtmgr_key_cbk 517:input = 12289, event=40, act=0x400
11-02 16:49:03.033 V/SUMA    ( 1581): lxm:_roc_evtmgr_key_cbk 519 29692500
11-02 16:49:03.033 V/SUMA    ( 1581): lxm:_roc_evtmgr_add_key_into_queue 311 29692500
11-02 16:49:03.033 V/PT      ( 1581): >>INFO:irkey_task:[   29692.500085] /dev/input/event0: type=0000 code=0000 val=00000000
11-02 16:49:03.034 V/SUMA    ( 1581): ===================>> type=0 src=0 evt=40 act=0x400
11-02 16:49:03.034 V/SUMA    ( 1581): [sysset-s][event_manager_cbk 78]lxm cbid=1, cbk_reg=1, cpid=2463
11-02 16:49:03.034 D/NGBEvent( 2463): ngbEventCallBack type:0 source :40
11-02 16:49:03.034 D/NGBEvent( 2463): [NGBEventManager-JNI]-returning:1
11-02 16:49:03.034 D/NGBEvent( 2463): Input key event: keyCode=40
11-02 16:49:03.034 D/NGBEvent( 2463): src:40 = dest:40
11-02 16:49:03.034 I/System.out( 2463): [DEBUG EventManager] LWJ--Add event to java with evt=NgbEvent-[type = 1, subtype = 402, code = 40]
11-02 16:49:03.034 D/ir_user ( 1585): PlayerTimeLineTrace:linux_keycode:0x6c(UP),	protocol: .
11-02 16:49:03.034 D/NGBEvent( 2463): [NGBEvent_log]--[EventManager--JNI]:		start
11-02 16:49:03.034 I/System.out( 2463): [DEBUG EventManager] broadcastEvent  :len 1
11-02 16:49:03.035 D/KeyEventNgbDealer( 2463): [TN_pool-1-thread-1]handleKeyReleased keyEvent=NgbEvent-[type = 1, subtype = 402, code = 40],time=29692501
11-02 16:49:03.036 D/RemoteIME(24071): RemoteIME--> onKeyUp keyCode = 20
11-02 16:49:03.038 D/InputEventConsistencyVerifier( 2700): KeyEvent: ACTION_UP but key was not down.
11-02 16:49:03.038 D/InputEventConsistencyVerifier( 2700):   in com.suma.midware.setting.util.SystemListItem{26d04a19 VFE...C. .F....I. 194,85-1086,150 #7f0b0046 app:id/setting_info_story}:itemID:262145
11-02 16:49:03.038 D/InputEventConsistencyVerifier( 2700):   0: sent at 29692500000000, KeyEvent { action=ACTION_UP, keyCode=KEYCODE_DPAD_DOWN, scanCode=108, metaState=0, flags=0x8, repeatCount=0, eventTime=29692500, downTime=29692290, deviceId=3, source=0x701 }
11-02 16:49:03.038 D/BaseActivity( 2700): dealKeyEvent,baseItem:com.suma.midware.setting.util.SystemListItem{26d04a19 VFE...C. .F....I. 194,85-1086,150 #7f0b0046 app:id/setting_info_story}:itemID:262145:event:KeyEvent { action=ACTION_UP, keyCode=KEYCODE_DPAD_DOWN, scanCode=108, metaState=0, flags=0x80000008, repeatCount=0, eventTime=29692500, downTime=29692290, deviceId=3, source=0x701 }
11-02 16:49:03.073 D/BackBootDealerNeimeng( 2382): standbyState:
11-02 16:49:03.073 E/NetUtils( 1990): Interface eth0 LinkUp!
11-02 16:49:03.574 D/BackBootDealerNeimeng( 2382): standbyState:
11-02 16:49:03.574 E/NetUtils( 1990): Interface eth0 LinkUp!
11-02 16:49:03.962 D/IPLoaderNeimeng( 2382): after wait time16:49:03:monitorInterval:5000
11-02 16:49:03.962 D/IPLoaderNeimeng( 2382): before dealUpdateCheck time:16:49:03:isMsgBroadcast:false:monitorInterval:5000:processState:1
11-02 16:49:03.962 D/IPLoaderNeimeng( 2382): dealUpdateCheck isFirstSuccessUpdate:false:monitorInterval:5000
11-02 16:49:03.962 D/LoadHttpHandler( 2382): [TN_ThreadUtil-4]doNormal proxyConfig=null
11-02 16:49:04.046 V/PT      ( 1581): >>INFO:irkey_task:[   29693.512973] /dev/input/event0: type=0001 code=0067 val=00000001
11-02 16:49:04.046 V/PT      ( 1581): >>INFO:irkey_send:0x3001 0x0026 down
11-02 16:49:04.046 V/SUMA    ( 1581): ++++++++++++++  _roc_evtmgr_key_cbk 517:input = 12289, event=38, act=0x100
11-02 16:49:04.046 V/SUMA    ( 1581): lxm:_roc_evtmgr_key_cbk 519 29693513
11-02 16:49:04.046 V/SUMA    ( 1581): lxm:_roc_evtmgr_add_evt_into_queue 347 29693513
11-02 16:49:04.046 V/PT      ( 1581): >>INFO:irkey_task:[   29693.512973] /dev/input/event0: type=0000 code=0000 val=00000000
11-02 16:49:04.046 V/SUMA    ( 1581): ===================>> type=0 src=0 evt=38 act=0x100
11-02 16:49:04.047 V/SUMA    ( 1581): [sysset-s][event_manager_cbk 78]lxm cbid=1, cbk_reg=1, cpid=2463
11-02 16:49:04.047 D/NGBEvent( 2463): ngbEventCallBack type:0 source :38
11-02 16:49:04.047 D/NGBEvent( 2463): [NGBEventManager-JNI]-returning:1
11-02 16:49:04.047 D/NGBEvent( 2463): Input key event: keyCode=38
11-02 16:49:04.047 D/NGBEvent( 2463): src:38 = dest:38
11-02 16:49:04.047 D/ir_user ( 1585): PlayerTimeLineTrace:linux_keycode:0x67(DOWN),	protocol: .
11-02 16:49:04.047 I/System.out( 2463): [DEBUG EventManager] LWJ--Add event to java with evt=NgbEvent-[type = 1, subtype = 401, code = 38]
11-02 16:49:04.047 D/NGBEvent( 2463): [NGBEvent_log]--[EventManager--JNI]:		start
11-02 16:49:04.047 I/System.out( 2463): [DEBUG EventManager] broadcastEvent  :len 1
11-02 16:49:04.047 D/CombineKeyUtil( 2463): [TN_pool-1-thread-1]dealKeyEvent,combineIndex:-1:keyCode:19
11-02 16:49:04.048 D/KeyEventNgbDealer( 2463): [TN_pool-1-thread-1]handleKeyPressed keyEvent=NgbEvent-[type = 1, subtype = 401, code = 38],time=29693514
11-02 16:49:04.048 D/RemoteIME(24071): onKeyDown event = KeyEvent { action=ACTION_DOWN, keyCode=KEYCODE_DPAD_UP, scanCode=103, metaState=0, flags=0x8, repeatCount=0, eventTime=29693512, downTime=29693512, deviceId=3, source=0x701 },mSkbContainer=null
11-02 16:49:04.049 D/BaseActivity( 2700): dealKeyEvent,baseItem:com.suma.midware.setting.util.SystemListItem{26d04a19 VFE...C. .F...... 194,85-1086,150 #7f0b0046 app:id/setting_info_story}:itemID:262145:event:KeyEvent { action=ACTION_DOWN, keyCode=KEYCODE_DPAD_UP, scanCode=103, metaState=0, flags=0x8, repeatCount=0, eventTime=29693512, downTime=29693512, deviceId=3, source=0x701 }
11-02 16:49:04.049 D/SystemListItem( 2700): onFocusChangecom.suma.midware.setting.util.SystemListItem{26d04a19 VFE...C. ......ID 194,85-1086,150 #7f0b0046 app:id/setting_info_story}:itemID:262145:arg1:false
11-02 16:49:04.050 D/SystemListItem( 2700): onFocusChangecom.suma.midware.setting.util.SystemListItem{e333106 VFE...C. .F....ID 194,20-1086,85 #7f0b0045 app:id/setting_info_stb}:itemID:262144:arg1:true
11-02 16:49:04.053 E/AudioPolicyManager( 1568): AudioPolicyManagerBase::checkAndSetVolume index=2 ro.suma.vol=0,10,18,26,34,42,49,56,63,70,76,82,88,93,97,100 valid vol[index]=18
11-02 16:49:04.053 E/AudioPolicyManager( 1568): AudioPolicyManagerBase::checkAndSetVolume1 2,0.180000
11-02 16:49:04.067 D/RemoteIME(24071): onFinishInput.
11-02 16:49:04.067 D/RemoteIME(24071): onStartInput  ccontentType: 0 Restarting:false
11-02 16:49:04.075 D/BackBootDealerNeimeng( 2382): standbyState:
11-02 16:49:04.075 E/NetUtils( 1990): Interface eth0 LinkUp!
11-02 16:49:04.114 D/LoadHttpHandler( 2382): [TN_ThreadUtil-4]doNormal responseCode=404
11-02 16:49:04.114 D/LoadHttpTask( 2382): dealUpdateCheck responseCode:404:data:null:downloadResult:false
11-02 16:49:04.115 D/IPLoaderNeimeng( 2382): after dealUpdateCheck time:16:49:04:isMsgBroadcast:false:monitorInterval:5000:processState:1
11-02 16:49:04.115 D/IPLoaderNeimeng( 2382): before wait time16:49:04:monitorInterval:5000
11-02 16:49:04.169 D/audio_hal( 1568): out_get_latency: out(0xb5077280) latency=20
11-02 16:49:04.189 D/audio_hal( 1568): out_get_latency: out(0xb5077280) latency=20
11-02 16:49:04.255 V/PT      ( 1581): >>INFO:irkey_task:[   29693.722351] /dev/input/event0: type=0001 code=0067 val=00000000
11-02 16:49:04.255 V/PT      ( 1581): >>INFO:irkey_send:0x3001 0x0026 up  
11-02 16:49:04.255 V/SUMA    ( 1581): ++++++++++++++  _roc_evtmgr_key_cbk 517:input = 12289, event=38, act=0x400
11-02 16:49:04.256 V/SUMA    ( 1581): lxm:_roc_evtmgr_key_cbk 519 29693722
11-02 16:49:04.256 V/SUMA    ( 1581): lxm:_roc_evtmgr_add_key_into_queue 311 29693722
11-02 16:49:04.256 V/SUMA    ( 1581): ===================>> type=0 src=0 evt=38 act=0x400
11-02 16:49:04.256 V/PT      ( 1581): >>INFO:irkey_task:[   29693.722351] /dev/input/event0: type=0000 code=0000 val=00000000
11-02 16:49:04.256 V/SUMA    ( 1581): [sysset-s][event_manager_cbk 78]lxm cbid=1, cbk_reg=1, cpid=2463
11-02 16:49:04.256 D/ir_user ( 1585): PlayerTimeLineTrace:linux_keycode:0x67(UP),	protocol: .
11-02 16:49:04.256 D/NGBEvent( 2463): ngbEventCallBack type:0 source :38
11-02 16:49:04.256 D/NGBEvent( 2463): [NGBEventManager-JNI]-returning:1
11-02 16:49:04.256 D/NGBEvent( 2463): Input key event: keyCode=38
11-02 16:49:04.256 D/NGBEvent( 2463): src:38 = dest:38
11-02 16:49:04.257 I/System.out( 2463): [DEBUG EventManager] LWJ--Add event to java with evt=NgbEvent-[type = 1, subtype = 402, code = 38]
11-02 16:49:04.257 D/NGBEvent( 2463): [NGBEvent_log]--[EventManager--JNI]:		start
11-02 16:49:04.257 I/System.out( 2463): [DEBUG EventManager] broadcastEvent  :len 1
11-02 16:49:04.257 D/RemoteIME(24071): RemoteIME--> onKeyUp keyCode = 19
11-02 16:49:04.257 D/KeyEventNgbDealer( 2463): [TN_pool-1-thread-1]handleKeyReleased keyEvent=NgbEvent-[type = 1, subtype = 402, code = 38],time=29693724
11-02 16:49:04.258 D/InputEventConsistencyVerifier( 2700): KeyEvent: ACTION_UP but key was not down.
11-02 16:49:04.258 D/InputEventConsistencyVerifier( 2700):   in com.suma.midware.setting.util.SystemListItem{e333106 VFE...C. .F....I. 194,20-1086,85 #7f0b0045 app:id/setting_info_stb}:itemID:262144
11-02 16:49:04.258 D/InputEventConsistencyVerifier( 2700):   0: sent at 29693722000000, KeyEvent { action=ACTION_UP, keyCode=KEYCODE_DPAD_UP, scanCode=103, metaState=0, flags=0x8, repeatCount=0, eventTime=29693722, downTime=29693512, deviceId=3, source=0x701 }
11-02 16:49:04.258 D/InputEventConsistencyVerifier( 2700):   -- recent events --
11-02 16:49:04.258 D/InputEventConsistencyVerifier( 2700):   1: sent at 29692290000000, (unhandled) KeyEvent { action=ACTION_DOWN, keyCode=KEYCODE_DPAD_DOWN, scanCode=108, metaState=0, flags=0x8, repeatCount=0, eventTime=29692290, downTime=29692290, deviceId=3, source=0x701 }
11-02 16:49:04.258 D/BaseActivity( 2700): dealKeyEvent,baseItem:com.suma.midware.setting.util.SystemListItem{e333106 VFE...C. .F....I. 194,20-1086,85 #7f0b0045 app:id/setting_info_stb}:itemID:262144:event:KeyEvent { action=ACTION_UP, keyCode=KEYCODE_DPAD_UP, scanCode=103, metaState=0, flags=0x80000008, repeatCount=0, eventTime=29693722, downTime=29693512, deviceId=3, source=0x701 }
11-02 16:49:04.576 D/BackBootDealerNeimeng( 2382): standbyState:
11-02 16:49:04.576 E/NetUtils( 1990): Interface eth0 LinkUp!
11-02 16:49:05.076 D/BackBootDealerNeimeng( 2382): standbyState:
11-02 16:49:05.077 E/NetUtils( 1990): Interface eth0 LinkUp!
11-02 16:49:05.577 D/BackBootDealerNeimeng( 2382): standbyState:
11-02 16:49:05.578 E/NetUtils( 1990): Interface eth0 LinkUp!
11-02 16:49:06.079 D/BackBootDealerNeimeng( 2382): standbyState:
11-02 16:49:06.080 E/NetUtils( 1990): Interface eth0 LinkUp!
11-02 16:49:06.199 V/PT      ( 1581): >>INFO:irkey_task:[   29695.666581] /dev/input/event0: type=0001 code=001c val=00000001
11-02 16:49:06.200 V/PT      ( 1581): >>INFO:irkey_send:0x3001 0x1001 down
11-02 16:49:06.200 V/SUMA    ( 1581): ++++++++++++++  _roc_evtmgr_key_cbk 517:input = 12289, event=4097, act=0x100
11-02 16:49:06.200 V/SUMA    ( 1581): lxm:_roc_evtmgr_key_cbk 519 29695666
11-02 16:49:06.200 V/SUMA    ( 1581): lxm:_roc_evtmgr_add_evt_into_queue 347 29695667
11-02 16:49:06.200 V/PT      ( 1581): >>INFO:irkey_task:[   29695.666581] /dev/input/event0: type=0000 code=0000 val=00000000
11-02 16:49:06.200 V/SUMA    ( 1581): ===================>> type=0 src=0 evt=4097 act=0x100
11-02 16:49:06.200 V/SUMA    ( 1581): [sysset-s][event_manager_cbk 78]lxm cbid=1, cbk_reg=1, cpid=2463
11-02 16:49:06.200 D/NGBEvent( 2463): ngbEventCallBack type:0 source :4097
11-02 16:49:06.200 D/NGBEvent( 2463): [NGBEventManager-JNI]-returning:1
11-02 16:49:06.201 D/NGBEvent( 2463): Input key event: keyCode=4097
11-02 16:49:06.201 D/NGBEvent( 2463): src:4097 = dest:4097
11-02 16:49:06.201 I/System.out( 2463): [DEBUG EventManager] LWJ--Add event to java with evt=NgbEvent-[type = 1, subtype = 401, code = 4097]
11-02 16:49:06.201 D/ir_user ( 1585): PlayerTimeLineTrace:linux_keycode:0x1c(DOWN),	protocol: .
11-02 16:49:06.201 D/NGBEvent( 2463): [NGBEvent_log]--[EventManager--JNI]:		start
11-02 16:49:06.201 I/System.out( 2463): [DEBUG EventManager] broadcastEvent  :len 1
11-02 16:49:06.201 D/CombineKeyUtil( 2463): [TN_pool-1-thread-1]dealKeyEvent,combineIndex:-1:keyCode:23
11-02 16:49:06.201 D/KeyEventNgbDealer( 2463): [TN_pool-1-thread-1]handleKeyPressed keyEvent=NgbEvent-[type = 1, subtype = 401, code = 4097],time=29695668
11-02 16:49:06.202 D/RemoteIME(24071): onKeyDown event = KeyEvent { action=ACTION_DOWN, keyCode=KEYCODE_DPAD_CENTER, scanCode=28, metaState=0, flags=0x8, repeatCount=0, eventTime=29695666, downTime=29695666, deviceId=3, source=0x701 },mSkbContainer=null
11-02 16:49:06.202 D/BaseActivity( 2700): dealKeyEvent,baseItem:com.suma.midware.setting.util.SystemListItem{e333106 VFE...C. .F...... 194,20-1086,85 #7f0b0045 app:id/setting_info_stb}:itemID:262144:event:KeyEvent { action=ACTION_DOWN, keyCode=KEYCODE_DPAD_CENTER, scanCode=28, metaState=0, flags=0x8, repeatCount=0, eventTime=29695666, downTime=29695666, deviceId=3, source=0x701 }
11-02 16:49:06.409 D/ir_user ( 1585): PlayerTimeLineTrace:linux_keycode:0x1c(UP),	protocol: .
11-02 16:49:06.409 V/PT      ( 1581): >>INFO:irkey_task:[   29695.875946] /dev/input/event0: type=0001 code=001c val=00000000
11-02 16:49:06.409 V/PT      ( 1581): >>INFO:irkey_send:0x3001 0x1001 up  
11-02 16:49:06.409 V/SUMA    ( 1581): ++++++++++++++  _roc_evtmgr_key_cbk 517:input = 12289, event=4097, act=0x400
11-02 16:49:06.409 V/SUMA    ( 1581): lxm:_roc_evtmgr_key_cbk 519 29695876
11-02 16:49:06.409 V/SUMA    ( 1581): lxm:_roc_evtmgr_add_key_into_queue 311 29695876
11-02 16:49:06.409 V/PT      ( 1581): >>INFO:irkey_task:[   29695.875946] /dev/input/event0: type=0000 code=0000 val=00000000
11-02 16:49:06.409 V/SUMA    ( 1581): ===================>> type=0 src=0 evt=4097 act=0x400
11-02 16:49:06.409 V/SUMA    ( 1581): [sysset-s][event_manager_cbk 78]lxm cbid=1, cbk_reg=1, cpid=2463
11-02 16:49:06.410 D/NGBEvent( 2463): ngbEventCallBack type:0 source :4097
11-02 16:49:06.410 D/NGBEvent( 2463): [NGBEventManager-JNI]-returning:1
11-02 16:49:06.410 D/NGBEvent( 2463): Input key event: keyCode=4097
11-02 16:49:06.410 D/NGBEvent( 2463): src:4097 = dest:4097
11-02 16:49:06.410 I/System.out( 2463): [DEBUG EventManager] LWJ--Add event to java with evt=NgbEvent-[type = 1, subtype = 402, code = 4097]
11-02 16:49:06.410 D/NGBEvent( 2463): [NGBEvent_log]--[EventManager--JNI]:		start
11-02 16:49:06.410 I/System.out( 2463): [DEBUG EventManager] broadcastEvent  :len 1
11-02 16:49:06.410 D/KeyEventNgbDealer( 2463): [TN_pool-1-thread-1]handleKeyReleased keyEvent=NgbEvent-[type = 1, subtype = 402, code = 4097],time=29695877
11-02 16:49:06.411 D/RemoteIME(24071): RemoteIME--> onKeyUp keyCode = 23
11-02 16:49:06.411 D/BaseActivity( 2700): dealKeyEvent,baseItem:com.suma.midware.setting.util.SystemListItem{e333106 VFE...C. .F.P.... 194,20-1086,85 #7f0b0045 app:id/setting_info_stb}:itemID:262144:event:KeyEvent { action=ACTION_UP, keyCode=KEYCODE_DPAD_CENTER, scanCode=28, metaState=0, flags=0x8, repeatCount=0, eventTime=29695875, downTime=29695666, deviceId=3, source=0x701 }
11-02 16:49:06.412 D/BaseActivity( 2700): dealClick,baseItemcom.suma.midware.setting.util.SystemListItem{e333106 VFE...C. .F...... 194,20-1086,85 #7f0b0045 app:id/setting_info_stb}:itemID:262144
11-02 16:49:06.415 E/AudioPolicyManager( 1568): AudioPolicyManagerBase::checkAndSetVolume index=2 ro.suma.vol=0,10,18,26,34,42,49,56,63,70,76,82,88,93,97,100 valid vol[index]=18
11-02 16:49:06.415 E/AudioPolicyManager( 1568): AudioPolicyManagerBase::checkAndSetVolume1 2,0.180000
11-02 16:49:06.415 I/ActivityManager( 1990): START u0 {cmp=com.suma.midware.setting/.info.StbInfoActivity} from uid 1000 on display 0
11-02 16:49:06.419 V/WindowManager( 1990): addAppToken: AppWindowToken{1ef53bc2 token=Token{1c45500d ActivityRecord{33b12aa4 u0 com.suma.midware.setting/.info.StbInfoActivity t108}}} to stack=1 task=108 at 2
11-02 16:49:06.421 D/BaseApplication( 2700): [TN_main]onActivityPaused activity=com.suma.midware.setting.info.SystemInfoMainActivity@33832adf
11-02 16:49:06.422 W/ContextImpl( 2700): Calling a method in the system process without a qualified user: android.app.ContextImpl.sendBroadcast:1345 android.content.ContextWrapper.sendBroadcast:377 android.app.ActivityThread.performPauseActivity:3259 android.app.ActivityThread.performPauseActivity:3225 android.app.ActivityThread.handlePauseActivity:3200 
11-02 16:49:06.427 D/BaseApplication( 2700): [TN_main]onActivityCreated activity=com.suma.midware.setting.info.StbInfoActivity@21af84bf,savedInstanceState=null
11-02 16:49:06.483 D/BaseApplication( 2700): [TN_main]onActivityStarted activity=com.suma.midware.setting.info.StbInfoActivity@21af84bf
11-02 16:49:06.483 D/BaseApplication( 2700): [TN_main]onActivityResumed activity=com.suma.midware.setting.info.StbInfoActivity@21af84bf
11-02 16:49:06.486 D/PropManager( 2700): [TN_main]getBaseManager className=StbManager,pkgName=com.suma.midware.setting
11-02 16:49:06.491 D/StbInfoActivity( 2700): produceData,stbInfo:[StbInfo@274ac942]oui[346]serialNum[15510217310112851]hardVersion[04.01.01.02]softVersion[03.16.00.03]loaderVersion[03.16.00.03]driverVersion[STAPI_SDK-REL_36.2]factoryName[15]factoryID[-1]machineType[51]caVersion[05.02.01]browserVersion[]hardwareID[Hi3798Mv200]osVersion[2.6.35.7]regionCode[00]batchNum[1731]originalSerialNum[0112851]loaderSerialNum[02]
11-02 16:49:06.491 D/PropManager( 2700): [TN_main]getBaseManager className=CaManager,pkgName=com.suma.midware.setting
11-02 16:49:06.494 V/SUMA    ( 2382): [cas-c][CA_Manager_GetManufactureInfoSync 2590]enter !!!
11-02 16:49:06.529 D/audio_hal( 1568): out_get_latency: out(0xb5077280) latency=20
11-02 16:49:06.549 D/audio_hal( 1568): out_get_latency: out(0xb5077280) latency=20
11-02 16:49:06.580 D/BackBootDealerNeimeng( 2382): standbyState:
11-02 16:49:06.581 E/NetUtils( 1990): Interface eth0 LinkUp!
11-02 16:49:06.632 V/SUMA    ( 2382): [cas-c][CA_Manager_GetManufactureInfoSync 2604]leave !!!
11-02 16:49:06.632 D/CAManagerNative( 2382): getCardInfo.CA_Manager_GetManufactureInfoSync result=0
11-02 16:49:06.918 D/CAManagerNative( 2382): getCardInfo.CA_Manager_GetMotherCardID result=0,motherCardID=0
11-02 16:49:06.918 V/SUMA    ( 2382): [cas-c][CA_Manager_GetAreaInfoSync 2565]enter !!!
11-02 16:49:07.081 D/BackBootDealerNeimeng( 2382): standbyState:
11-02 16:49:07.082 E/NetUtils( 1990): Interface eth0 LinkUp!
11-02 16:49:07.212 V/SUMA    ( 1581): >> [CA]rocme_porting_ca_get_area_info_suma: DVTCASTB_GetAreaInfo area_info->card_area = 0  
11-02 16:49:07.212 V/SUMA    ( 1581): >> [CA]rocme_porting_ca_get_area_info_suma: DVTCASTB_GetAreaInfo area_info->set_card_area_time = 1468306227  
11-02 16:49:07.212 V/SUMA    ( 1581): >> [CA]rocme_porting_ca_get_area_info_suma: DVTCASTB_GetAreaInfo area_info->start_flag = 0  
11-02 16:49:07.212 V/SUMA    ( 1581): >> [CA]rocme_porting_ca_get_area_info_suma: DVTCASTB_GetAreaInfo area_info->set_flag_time = 0  
11-02 16:49:07.212 V/SUMA    ( 2382): [cas-c][CA_Manager_GetAreaInfoSync 2580]leave !!!
11-02 16:49:07.213 D/CAManagerNative( 2382): getCardInfo.CA_Manager_GetAreaInfoSync result=0
11-02 16:49:07.213 D/CAManagerNative( 2382): getCardInfo card_area=0,card_area_time=0
11-02 16:49:07.213 V/SUMA    ( 2382): [cas-c][CA_Manager_GetCAProvider 922]enter !!!
11-02 16:49:07.213 V/SUMA    ( 2382): [cas-c][CA_Manager_GetCAProvider 936]leave !!!
11-02 16:49:07.213 D/CAManagerNative( 2382): CA_Manager_GetCAProvider result : 0
11-02 16:49:07.213 D/CAManagerNative( 2382): CA_Manager_GetCAProvider provider : 0
11-02 16:49:07.213 I/System.out( 2382): [DEBUG CAManager] isCardPresent manufactureID=0,cardID=65322944,serialNum=8150010653229443
11-02 16:49:07.214 D/CaNgbDealer( 2382): [TN_Binder_4]isCardInsert isInsert=true
11-02 16:49:07.214 D/CaNgbDealer( 2382): [TN_Binder_5]getCaCardInfo res=[I@155a9e3d,isCache=false
11-02 16:49:07.214 V/SUMA    ( 2382): [cas-c][CA_Manager_GetManufactureInfoSync 2590]enter !!!
11-02 16:49:07.352 V/SUMA    ( 2382): [cas-c][CA_Manager_GetManufactureInfoSync 2604]leave !!!
11-02 16:49:07.352 D/CAManagerNative( 2382): getCardInfo.CA_Manager_GetManufactureInfoSync result=0
11-02 16:49:07.414 I/System.out( 2382): [DEBUG SectionFilterGroup] be reaady to detach filtergroup:true
11-02 16:49:07.415 V/SUMA    ( 1581): [resman-s][onTransact 216]code[0x12000201] client pid = 2382
11-02 16:49:07.415 V/SUMA    ( 1581): [resman-s][onTransact 665]TRANS_CODE_RESMAN_FILETER_RELEASE enter
11-02 16:49:07.415 V/SUMA    ( 1581): >> Roc_ResMan_Filter_Release handler = 0x1202c770 
11-02 16:49:07.415 V/SUMA    ( 1581): [resman-s][onTransact 674]filter release m_client[0].cpid = 2382
11-02 16:49:07.415 V/SUMA    ( 1581): [resman-s][onTransact 678]filter handler release filter_handler[0]
11-02 16:49:07.415 V/SUMA    ( 1581): [resman-s][onTransact 688]TRANS_CODE_RESMAN_FILETER_RELEASE leave
11-02 16:49:07.415 V/SUMA    ( 1581): [resman-s][onTransact 1574]leave transact client pid = 2382
11-02 16:49:07.415 V/SUMA    ( 2382): [resman-c][dvbc_resman_flt_release 183]dvbc(2382)## s_resman_client_flt_hcbk release cbk idx=0 !!!
11-02 16:49:07.415 V/SUMA    ( 2382): [resman-c][Roc_ResMan_Filter_Release 1403]leave !!!
11-02 16:49:07.416 W/EsgNeiMengDealer( 2382): [TN_ThreadUtil-12]handleNormTable table content null
11-02 16:49:07.416 D/EsgNeiMengDealer( 2382): [TN_ThreadUtil-12]dealUpdateInfo updateInfo=null
11-02 16:49:07.416 D/EsgRunner( 2382): [TN_ThreadUtil-12]notifyUpdateEnd ads=null
11-02 16:49:07.432 W/ContextImpl( 2382): Calling a method in the system process without a qualified user: android.app.ContextImpl.sendBroadcast:1345 android.content.ContextWrapper.sendBroadcast:377 com.suma.midware.back.esg.e.f:-1 com.suma.midware.back.esg.f.run:-1 com.suma.midware.prop.util.c.run:-1 
11-02 16:49:07.582 D/BackBootDealerNeimeng( 2382): standbyState:
11-02 16:49:07.583 E/NetUtils( 1990): Interface eth0 LinkUp!
11-02 16:49:07.637 D/CAManagerNative( 2382): getCardInfo.CA_Manager_GetMotherCardID result=0,motherCardID=0
11-02 16:49:07.637 V/SUMA    ( 2382): [cas-c][CA_Manager_GetAreaInfoSync 2565]enter !!!
11-02 16:49:07.692 V/PT      ( 1581): >>INFO:irkey_task:[   29697.159681] /dev/input/event0: type=0001 code=001c val=00000001
11-02 16:49:07.692 D/ir_user ( 1585): PlayerTimeLineTrace:linux_keycode:0x1c(DOWN),	protocol: .
11-02 16:49:07.693 V/PT      ( 1581): >>INFO:irkey_send:0x3001 0x1001 down
11-02 16:49:07.693 V/SUMA    ( 1581): ++++++++++++++  _roc_evtmgr_key_cbk 517:input = 12289, event=4097, act=0x100
11-02 16:49:07.693 V/SUMA    ( 1581): lxm:_roc_evtmgr_key_cbk 519 29697159
11-02 16:49:07.693 V/SUMA    ( 1581): lxm:_roc_evtmgr_add_evt_into_queue 347 29697159
11-02 16:49:07.693 V/PT      ( 1581): >>INFO:irkey_task:[   29697.159681] /dev/input/event0: type=0000 code=0000 val=00000000
11-02 16:49:07.693 V/SUMA    ( 1581): ===================>> type=0 src=0 evt=4097 act=0x100
11-02 16:49:07.693 V/SUMA    ( 1581): [sysset-s][event_manager_cbk 78]lxm cbid=1, cbk_reg=1, cpid=2463
11-02 16:49:07.693 D/NGBEvent( 2463): ngbEventCallBack type:0 source :4097
11-02 16:49:07.693 D/NGBEvent( 2463): [NGBEventManager-JNI]-returning:1
11-02 16:49:07.693 D/NGBEvent( 2463): Input key event: keyCode=4097
11-02 16:49:07.693 D/NGBEvent( 2463): src:4097 = dest:4097
11-02 16:49:07.693 I/System.out( 2463): [DEBUG EventManager] LWJ--Add event to java with evt=NgbEvent-[type = 1, subtype = 401, code = 4097]
11-02 16:49:07.693 D/NGBEvent( 2463): [NGBEvent_log]--[EventManager--JNI]:		start
11-02 16:49:07.693 I/System.out( 2463): [DEBUG EventManager] broadcastEvent  :len 1
11-02 16:49:07.693 D/CombineKeyUtil( 2463): [TN_pool-1-thread-1]dealKeyEvent,combineIndex:-1:keyCode:23
11-02 16:49:07.693 D/KeyEventNgbDealer( 2463): [TN_pool-1-thread-1]handleKeyPressed keyEvent=NgbEvent-[type = 1, subtype = 401, code = 4097],time=29697160
11-02 16:49:07.930 V/SUMA    ( 1581): >> [CA]rocme_porting_ca_get_area_info_suma: DVTCASTB_GetAreaInfo area_info->card_area = 0  
11-02 16:49:07.930 V/SUMA    ( 1581): >> [CA]rocme_porting_ca_get_area_info_suma: DVTCASTB_GetAreaInfo area_info->set_card_area_time = 1468306227  
11-02 16:49:07.930 V/SUMA    ( 1581): >> [CA]rocme_porting_ca_get_area_info_suma: DVTCASTB_GetAreaInfo area_info->start_flag = 0  
11-02 16:49:07.930 V/SUMA    ( 1581): >> [CA]rocme_porting_ca_get_area_info_suma: DVTCASTB_GetAreaInfo area_info->set_flag_time = 0  
11-02 16:49:07.931 V/SUMA    ( 2382): [cas-c][CA_Manager_GetAreaInfoSync 2580]leave !!!
11-02 16:49:07.931 D/CAManagerNative( 2382): getCardInfo.CA_Manager_GetAreaInfoSync result=0
11-02 16:49:07.931 D/CAManagerNative( 2382): getCardInfo card_area=0,card_area_time=0
11-02 16:49:07.931 V/SUMA    ( 2382): [cas-c][CA_Manager_GetCardLockStatus 989]enter !!!
11-02 16:49:07.949 V/SUMA    ( 2382): [cas-c][CA_Manager_GetCardLockStatus 1001]leave !!!
11-02 16:49:07.984 V/SUMA    ( 2382): [cas-c][CA_Manager_GetWatchRating 1547]leave !!!
11-02 16:49:07.984 D/CAManagerNative( 2382): CA watch TV ,The Min age is 18 
11-02 16:49:07.984 V/SUMA    ( 2382): [cas-c][CA_Manager_GetWorkTime 1481]leave !!!
11-02 16:49:07.984 I/System.out( 2382): [DEBUG CAWorkTime]  the param startHour is 0
11-02 16:49:07.984 I/System.out( 2382): [DEBUG CAWorkTime]  the param startMinute is 0
11-02 16:49:07.984 I/System.out( 2382): [DEBUG CAWorkTime]  the param endHour is 23
11-02 16:49:07.985 I/System.out( 2382): [DEBUG CAWorkTime]  the param endMinute is 59
11-02 16:49:07.993 V/PT      ( 1581): >> HI3798C_INFO:read_loaderdb- 
11-02 16:49:07.993 V/PT      ( 1581):  fread crc_read=0x14b45df5 crc=0x14b45df5
11-02 16:49:07.993 V/PT      ( 1581): >> HI3798C_INFO:rocme_porting_ota_upd_info- 
11-02 16:49:07.993 V/PT      ( 1581): =[346][000000112851<]=[401.102]=[316.1]= [15 51 02 0 1731]
11-02 16:49:07.998 V/PT      ( 1581): >> HI3798C_INFO:read_loaderdb- 
11-02 16:49:07.999 V/PT      ( 1581):  fread crc_read=0x1639d333 crc=0x1639d333
11-02 16:49:07.999 V/PT      ( 1581): >> HI3798C_INFO:rocme_porting_ota_upd_info- 
11-02 16:49:07.999 V/PT      ( 1581): =updata_info=[0.0]=[316.3]=
11-02 16:49:07.999 V/PT      ( 1581): >> HI3798C_INFO:read_loaderdb- 
11-02 16:49:07.999 V/PT      ( 1581):  fread crc_read=0x14b45df5 crc=0x14b45df5
11-02 16:49:07.999 V/PT      ( 1581): >> HI3798C_ERRO:rocme_porting_network_get_config-74- 
11-02 16:49:07.999 V/PT      ( 1581): YLJ_ADD rocme_porting_network_get_config mac_addr[0xa8 0xf4 0x70 0x8b 0xe0 0xcc] 
11-02 16:49:08.000 D/StbInfoActivity( 2700): updateView,curPageIndex0
11-02 16:49:08.003 W/ContextImpl( 2700): Calling a method in the system process without a qualified user: android.app.ContextImpl.sendBroadcast:1345 android.content.ContextWrapper.sendBroadcast:377 android.app.ActivityThread.performResumeActivity:2982 android.app.ActivityThread.handleResumeActivity:3023 android.app.ActivityThread.handleLaunchActivity:2392 
11-02 16:49:08.009 V/WindowManager( 1990): Adding window Window{11ea642f u0 com.suma.midware.setting/com.suma.midware.setting.info.StbInfoActivity} at 6 of 11 (after Window{c060537 u0 com.suma.midware.setting/com.suma.midware.setting.info.SystemInfoMainActivity})
11-02 16:49:08.010 V/PT      ( 1581): >>INFO:irkey_task:[   29697.477233] /dev/input/event0: type=0001 code=001c val=00000000
11-02 16:49:08.010 D/ir_user ( 1585): PlayerTimeLineTrace:linux_keycode:0x1c(UP),	protocol: .
11-02 16:49:08.010 V/PT      ( 1581): >>INFO:irkey_send:0x3001 0x1001 up  
11-02 16:49:08.010 V/SUMA    ( 1581): ++++++++++++++  _roc_evtmgr_key_cbk 517:input = 12289, event=4097, act=0x400
11-02 16:49:08.010 V/SUMA    ( 1581): lxm:_roc_evtmgr_key_cbk 519 29697477
11-02 16:49:08.010 V/SUMA    ( 1581): lxm:_roc_evtmgr_add_key_into_queue 311 29697477
11-02 16:49:08.011 V/PT      ( 1581): >>INFO:irkey_task:[   29697.477233] /dev/input/event0: type=0000 code=0000 val=00000000
11-02 16:49:08.011 V/SUMA    ( 1581): ===================>> type=0 src=0 evt=4097 act=0x400
11-02 16:49:08.011 V/SUMA    ( 1581): [sysset-s][event_manager_cbk 78]lxm cbid=1, cbk_reg=1, cpid=2463
11-02 16:49:08.011 D/NGBEvent( 2463): ngbEventCallBack type:0 source :4097
11-02 16:49:08.011 D/NGBEvent( 2463): [NGBEventManager-JNI]-returning:1
11-02 16:49:08.011 D/NGBEvent( 2463): Input key event: keyCode=4097
11-02 16:49:08.011 D/NGBEvent( 2463): src:4097 = dest:4097
11-02 16:49:08.011 I/System.out( 2463): [DEBUG EventManager] LWJ--Add event to java with evt=NgbEvent-[type = 1, subtype = 402, code = 4097]
11-02 16:49:08.011 D/NGBEvent( 2463): [NGBEvent_log]--[EventManager--JNI]:		start
11-02 16:49:08.012 I/System.out( 2463): [DEBUG EventManager] broadcastEvent  :len 1
11-02 16:49:08.012 D/KeyEventNgbDealer( 2463): [TN_pool-1-thread-1]handleKeyReleased keyEvent=NgbEvent-[type = 1, subtype = 402, code = 4097],time=29697478
11-02 16:49:08.079 V/WindowManager( 1990): Adding window Window{310173c5 u0 SurfaceView} at 6 of 12 (before Window{11ea642f u0 com.suma.midware.setting/com.suma.midware.setting.info.StbInfoActivity})
11-02 16:49:08.083 D/BackBootDealerNeimeng( 2382): standbyState:
11-02 16:49:08.084 E/NetUtils( 1990): Interface eth0 LinkUp!
11-02 16:49:08.086 W/ViewRootImpl( 2700): Dropping event due to no window focus: KeyEvent { action=ACTION_DOWN, keyCode=KEYCODE_DPAD_CENTER, scanCode=28, metaState=0, flags=0x8, repeatCount=0, eventTime=29697159, downTime=29697159, deviceId=3, source=0x701 }
11-02 16:49:08.089 D/SystemInfo( 2700): GL_RENDERER = Mali-450 MP
11-02 16:49:08.090 D/SystemInfo( 2700): GL_VENDOR = ARM
11-02 16:49:08.090 D/SystemInfo( 2700): GL_VERSION = OpenGL ES-CM 1.1
11-02 16:49:08.090 I/SystemInfo( 2700): GL_EXTENSIONS = GL_EXT_debug_marker GL_OES_byte_coordinates GL_OES_fixed_point GL_OES_single_precision GL_OES_matrix_get GL_OES_read_format GL_OES_compressed_paletted_texture GL_OES_point_size_array GL_OES_point_sprite GL_OES_texture_npot GL_OES_vertex_array_object GL_OES_query_matrix GL_OES_matrix_palette GL_OES_extended_matrix_palette GL_OES_compressed_ETC1_RGB8_texture GL_EXT_compressed_ETC1_RGB8_sub_texture GL_OES_EGL_image GL_OES_draw_texture GL_OES_depth_texture GL_OES_packed_depth_stencil GL_EXT_texture_format_BGRA8888 GL_OES_framebuffer_object GL_OES_stencil8 GL_OES_depth24 GL_ARM_rgba8 GL_OES_EGL_image_external GL_OES_EGL_sync GL_OES_rgb8_rgba8 GL_EXT_multisampled_render_to_texture GL_OES_texture_cube_map GL_EXT_discard_framebuffer GL_EXT_robustness GL_OES_depth_texture_cube_map GL_OES_vertex_half_float GL_KHR_debug GL_OES_mapbuffer GL_KHR_no_error
11-02 16:49:08.113 W/ViewRootImpl( 2700): Cancelling event due to no window focus: KeyEvent { action=ACTION_UP, keyCode=KEYCODE_DPAD_CENTER, scanCode=28, metaState=0, flags=0x28, repeatCount=0, eventTime=29697477, downTime=29697159, deviceId=3, source=0x701 }
11-02 16:49:08.113 W/ViewRootImpl( 2700): Cancelling event due to no window focus: KeyEvent { action=ACTION_UP, keyCode=KEYCODE_DPAD_CENTER, scanCode=28, metaState=0, flags=0x28, repeatCount=0, eventTime=29697477, downTime=29697159, deviceId=3, source=0x701 }
11-02 16:49:08.113 W/ViewRootImpl( 2700): Cancelling event due to no window focus: KeyEvent { action=ACTION_UP, keyCode=KEYCODE_DPAD_CENTER, scanCode=28, metaState=0, flags=0x28, repeatCount=0, eventTime=29697477, downTime=29697159, deviceId=3, source=0x701 }
11-02 16:49:08.113 W/ViewRootImpl( 2700): Cancelling event due to no window focus: KeyEvent { action=ACTION_UP, keyCode=KEYCODE_DPAD_CENTER, scanCode=28, metaState=0, flags=0x28, repeatCount=0, eventTime=29697477, downTime=29697159, deviceId=3, source=0x701 }
11-02 16:49:08.114 W/ViewRootImpl( 2700): Cancelling event due to no window focus: KeyEvent { action=ACTION_UP, keyCode=KEYCODE_DPAD_CENTER, scanCode=28, metaState=0, flags=0x28, repeatCount=0, eventTime=29697477, downTime=29697159, deviceId=3, source=0x701 }
11-02 16:49:08.114 W/ViewRootImpl( 2700): Cancelling event due to no window focus: KeyEvent { action=ACTION_UP, keyCode=KEYCODE_DPAD_CENTER, scanCode=28, metaState=0, flags=0x28, repeatCount=0, eventTime=29697477, downTime=29697159, deviceId=3, source=0x701 }
11-02 16:49:08.116 I/ActivityManager( 1990): Displayed com.suma.midware.setting/.info.StbInfoActivity: +1s694ms
11-02 16:49:08.116 D/RemoteIME(24071): onFinishInput.
11-02 16:49:08.117 D/RemoteIME(24071): onStartInput  ccontentType: 0 Restarting:false
11-02 16:49:08.117 D/StbInfoActivity( 2700): updateView,curPageIndex0
11-02 16:49:08.119 D/RemoteIME(24071): onFinishInput.
11-02 16:49:08.119 D/RemoteIME(24071): onStartInput  ccontentType: 1 Restarting:false
11-02 16:49:08.120 D/RemoteIME(24071): onStartInput  ccontentType: 1 Restarting:true
11-02 16:49:08.121 D/RemoteIME(24071): onFinishInput.
11-02 16:49:08.121 D/RemoteIME(24071): onStartInput  ccontentType: 0 Restarting:false
11-02 16:49:08.124 D/RemoteIME(24071): onFinishInput.
11-02 16:49:08.124 D/RemoteIME(24071): onStartInput  ccontentType: 1 Restarting:false
11-02 16:49:08.124 D/RemoteIME(24071): onStartInput  ccontentType: 1 Restarting:true
11-02 16:49:08.125 D/RemoteIME(24071): onFinishInput.
11-02 16:49:08.125 D/RemoteIME(24071): onStartInput  ccontentType: 0 Restarting:false
11-02 16:49:08.126 D/RemoteIME(24071): onFinishInput.
11-02 16:49:08.126 D/RemoteIME(24071): onStartInput  ccontentType: 1 Restarting:false
11-02 16:49:08.127 D/RemoteIME(24071): onStartInput  ccontentType: 1 Restarting:true
11-02 16:49:08.127 D/RemoteIME(24071): onFinishInput.
11-02 16:49:08.128 D/RemoteIME(24071): onStartInput  ccontentType: 0 Restarting:false
