11-02 16:20:49.323 D/ConnectivityService( 1990): registerNetworkAgent NetworkAgentInfo{ ni{[type: WIFI[], state: CONNECTING/CONNECTING, reason: (unspecified), extra: "ipanel", roaming: false, failover: false, isAvailable: true, isConnectedToProvisioningNetwork: false]}  network{null}  lp{{InterfaceName: wlan0 LinkAddresses: []  Routes: [] DnsAddresses: [] Domains: null MTU: 0 TcpBufferSizes: 524288,1048576,2097152,262144,524288,1048576}}  nc{[ Transports: WIFI Capabilities: INTERNET&NOT_RESTRICTED&TRUSTED&NOT_VPN LinkUpBandwidth>=1048576Kbps LinkDnBandwidth>=1048576Kbps]}  Score{20}  everValidated{false}  lastValidated{false}  created{false}  explicitlySelected{false} }
11-02 16:20:49.323 D/ConnectivityService( 1990): NetworkAgentInfo [WIFI () - 104] EVENT_NETWORK_INFO_CHANGED, going from null to CONNECTING
11-02 16:20:49.345 D/ConnectivityService( 1990): updateNetworkScore for NetworkAgentInfo [WIFI () - 104] to 60
11-02 16:20:55.770 W/ContextImpl( 2382): Calling a method in the system process without a qualified user: android.app.ContextImpl.sendBroadcast:1345 android.content.ContextWrapper.sendBroadcast:377 com.suma.midware.back.esg.e.f:-1 com.suma.midware.back.esg.f.run:-1 com.suma.midware.prop.util.c.run:-1 
11-02 16:20:55.777 D/ConnectivityService( 1990): NetworkAgentInfo [WIFI () - 104] EVENT_NETWORK_INFO_CHANGED, going from CONNECTING to CONNECTED
11-02 16:20:55.780 D/ConnectivityService( 1990): Adding iface wlan0 to network 104
11-02 16:20:55.813 E/ConnectivityService( 1990): Unexpected mtu value: 0, wlan0
11-02 16:20:55.813 D/ConnectivityService( 1990): Adding Route [fe80::/64 -> :: wlan0] to network 104
11-02 16:20:55.815 D/ConnectivityService( 1990): Adding Route [192.168.0.0/24 -> 0.0.0.0 wlan0] to network 104
11-02 16:20:55.817 D/ConnectivityService( 1990): Adding Route [0.0.0.0/0 -> 192.168.0.1 wlan0] to network 104
11-02 16:20:55.818 D/ConnectivityService( 1990): Setting Dns servers for network 104 to [/10.11.11.50, /202.99.224.68]
11-02 16:20:55.830 D/ConnectivityService( 1990): notifyType IP_CHANGED for NetworkAgentInfo [WIFI () - 104]
11-02 16:20:55.837 D/ConnectivityService( 1990): notifyType PRECHECK for NetworkAgentInfo [WIFI () - 104]
11-02 16:20:55.839 D/ConnectivityService( 1990): rematching NetworkAgentInfo [WIFI () - 104]
11-02 16:20:55.839 D/ConnectivityService( 1990):    accepting network in place of null
11-02 16:20:55.840 D/ConnectivityService( 1990): Switching to new default network: NetworkAgentInfo{ ni{[type: WIFI[], state: CONNECTED/CONNECTED, reason: (unspecified), extra: "ipanel", roaming: false, failover: false, isAvailable: true, isConnectedToProvisioningNetwork: false]}  network{104}  lp{{InterfaceName: wlan0 LinkAddresses: [fe80::e62:a6ff:fe0c:fb2/64,192.168.0.101/24,]  Routes: [fe80::/64 -> :: wlan0,192.168.0.0/24 -> 0.0.0.0 wlan0,0.0.0.0/0 -> 192.168.0.1 wlan0,] DnsAddresses: [10.11.11.50,202.99.224.68,] Domains:  MTU: 0 TcpBufferSizes: 524288,1048576,2097152,262144,524288,1048576}}  nc{[ Transports: WIFI Capabilities: INTERNET&NOT_RESTRICTED&TRUSTED&NOT_VPN LinkUpBandwidth>=1048576Kbps LinkDnBandwidth>=1048576Kbps]}  Score{20}  everValidated{false}  lastValidated{false}  created{true}  explicitlySelected{false} }
11-02 16:20:55.843 D/ConnectivityService( 1990): notifyType AVAILABLE for NetworkAgentInfo [WIFI () - 104]
11-02 16:20:55.844 D/CSLegacyTypeTracker( 1990): Sending connected broadcast for type 1 NetworkAgentInfo [WIFI () - 104] isDefaultNetwork=true
11-02 16:20:55.844 D/ConnectivityService( 1990): sendStickyBroadcast: action=android.net.conn.CONNECTIVITY_CHANGE_IMMEDIATE
11-02 16:20:55.844 D/ConnectivityService( 1990): sendStickyBroadcast: action=android.net.conn.CONNECTIVITY_CHANGE
11-02 16:20:55.846 D/ConnectivityService( 1990): setProvNotificationVisibleIntent: E visible=false networkType=0 extraInfo=null
11-02 16:20:55.846 D/ConnectivityService( 1990): Validated NetworkAgentInfo [WIFI () - 104]
11-02 16:20:55.846 D/ConnectivityService( 1990): rematching NetworkAgentInfo [WIFI () - 104]
11-02 16:20:55.846 D/ConnectivityService( 1990): Network NetworkAgentInfo [WIFI () - 104] was already satisfying request 1. No change.
11-02 16:20:55.846 D/ConnectivityService( 1990): notifyType AVAILABLE for NetworkAgentInfo [WIFI () - 104]
11-02 16:20:55.849 D/ConnectivityService( 1990): sendStickyBroadcast: action=android.net.conn.INET_CONDITION_ACTION
11-02 16:20:56.773 W/ContextImpl( 2382): Calling a method in the system process without a qualified user: android.app.ContextImpl.sendBroadcast:1345 android.content.ContextWrapper.sendBroadcast:377 com.suma.midware.back.esg.e.f:-1 com.suma.midware.back.esg.f.run:-1 com.suma.midware.prop.util.c.run:-1 
11-02 16:20:57.776 W/ContextImpl( 2382): Calling a method in the system process without a qualified user: android.app.ContextImpl.sendBroadcast:1345 android.content.ContextWrapper.sendBroadcast:377 com.suma.midware.back.esg.e.f:-1 com.suma.midware.back.esg.f.run:-1 com.suma.midware.prop.util.c.run:-1 
11-02 16:22:00.841 W/ContextImpl( 2382): Calling a method in the system process without a qualified user: android.app.ContextImpl.sendBroadcast:1345 android.content.ContextWrapper.sendBroadcast:377 com.suma.midware.back.esg.e.f:-1 com.suma.midware.back.esg.f.run:-1 com.suma.midware.prop.util.c.run:-1 
11-02 16:22:01.843 W/ContextImpl( 2382): Calling a method in the system process without a qualified user: android.app.ContextImpl.sendBroadcast:1345 android.content.ContextWrapper.sendBroadcast:377 com.suma.midware.back.esg.e.f:-1 com.suma.midware.back.esg.f.run:-1 com.suma.midware.prop.util.c.run:-1 
11-02 16:22:02.847 W/ContextImpl( 2382): Calling a method in the system process without a qualified user: android.app.ContextImpl.sendBroadcast:1345 android.content.ContextWrapper.sendBroadcast:377 com.suma.midware.back.esg.e.f:-1 com.suma.midware.back.esg.f.run:-1 com.suma.midware.prop.util.c.run:-1 
11-02 16:23:05.892 W/ContextImpl( 2382): Calling a method in the system process without a qualified user: android.app.ContextImpl.sendBroadcast:1345 android.content.ContextWrapper.sendBroadcast:377 com.suma.midware.back.esg.e.f:-1 com.suma.midware.back.esg.f.run:-1 com.suma.midware.prop.util.c.run:-1 
11-02 16:23:06.893 W/ContextImpl( 2382): Calling a method in the system process without a qualified user: android.app.ContextImpl.sendBroadcast:1345 android.content.ContextWrapper.sendBroadcast:377 com.suma.midware.back.esg.e.f:-1 com.suma.midware.back.esg.f.run:-1 com.suma.midware.prop.util.c.run:-1 
11-02 16:23:07.895 W/ContextImpl( 2382): Calling a method in the system process without a qualified user: android.app.ContextImpl.sendBroadcast:1345 android.content.ContextWrapper.sendBroadcast:377 com.suma.midware.back.esg.e.f:-1 com.suma.midware.back.esg.f.run:-1 com.suma.midware.prop.util.c.run:-1 
11-02 16:23:15.698 I/UsageStatsService( 1990): User[0] Flushing usage stats to disk
11-02 16:24:10.961 W/ContextImpl( 2382): Calling a method in the system process without a qualified user: android.app.ContextImpl.sendBroadcast:1345 android.content.ContextWrapper.sendBroadcast:377 com.suma.midware.back.esg.e.f:-1 com.suma.midware.back.esg.f.run:-1 com.suma.midware.prop.util.c.run:-1 
11-02 16:24:11.963 W/ContextImpl( 2382): Calling a method in the system process without a qualified user: android.app.ContextImpl.sendBroadcast:1345 android.content.ContextWrapper.sendBroadcast:377 com.suma.midware.back.esg.e.f:-1 com.suma.midware.back.esg.f.run:-1 com.suma.midware.prop.util.c.run:-1 
11-02 16:24:12.967 W/ContextImpl( 2382): Calling a method in the system process without a qualified user: android.app.ContextImpl.sendBroadcast:1345 android.content.ContextWrapper.sendBroadcast:377 com.suma.midware.back.esg.e.f:-1 com.suma.midware.back.esg.f.run:-1 com.suma.midware.prop.util.c.run:-1 
11-02 16:25:16.022 W/ContextImpl( 2382): Calling a method in the system process without a qualified user: android.app.ContextImpl.sendBroadcast:1345 android.content.ContextWrapper.sendBroadcast:377 com.suma.midware.back.esg.e.f:-1 com.suma.midware.back.esg.f.run:-1 com.suma.midware.prop.util.c.run:-1 
11-02 16:25:17.025 W/ContextImpl( 2382): Calling a method in the system process without a qualified user: android.app.ContextImpl.sendBroadcast:1345 android.content.ContextWrapper.sendBroadcast:377 com.suma.midware.back.esg.e.f:-1 com.suma.midware.back.esg.f.run:-1 com.suma.midware.prop.util.c.run:-1 
11-02 16:25:18.028 W/ContextImpl( 2382): Calling a method in the system process without a qualified user: android.app.ContextImpl.sendBroadcast:1345 android.content.ContextWrapper.sendBroadcast:377 com.suma.midware.back.esg.e.f:-1 com.suma.midware.back.esg.f.run:-1 com.suma.midware.prop.util.c.run:-1 
11-02 16:26:21.083 W/ContextImpl( 2382): Calling a method in the system process without a qualified user: android.app.ContextImpl.sendBroadcast:1345 android.content.ContextWrapper.sendBroadcast:377 com.suma.midware.back.esg.e.f:-1 com.suma.midware.back.esg.f.run:-1 com.suma.midware.prop.util.c.run:-1 
11-02 16:26:22.085 W/ContextImpl( 2382): Calling a method in the system process without a qualified user: android.app.ContextImpl.sendBroadcast:1345 android.content.ContextWrapper.sendBroadcast:377 com.suma.midware.back.esg.e.f:-1 com.suma.midware.back.esg.f.run:-1 com.suma.midware.prop.util.c.run:-1 
11-02 16:26:23.089 W/ContextImpl( 2382): Calling a method in the system process without a qualified user: android.app.ContextImpl.sendBroadcast:1345 android.content.ContextWrapper.sendBroadcast:377 com.suma.midware.back.esg.e.f:-1 com.suma.midware.back.esg.f.run:-1 com.suma.midware.prop.util.c.run:-1 
11-02 16:27:26.143 W/ContextImpl( 2382): Calling a method in the system process without a qualified user: android.app.ContextImpl.sendBroadcast:1345 android.content.ContextWrapper.sendBroadcast:377 com.suma.midware.back.esg.e.f:-1 com.suma.midware.back.esg.f.run:-1 com.suma.midware.prop.util.c.run:-1 
11-02 16:27:27.145 W/ContextImpl( 2382): Calling a method in the system process without a qualified user: android.app.ContextImpl.sendBroadcast:1345 android.content.ContextWrapper.sendBroadcast:377 com.suma.midware.back.esg.e.f:-1 com.suma.midware.back.esg.f.run:-1 com.suma.midware.prop.util.c.run:-1 
11-02 16:27:28.149 W/ContextImpl( 2382): Calling a method in the system process without a qualified user: android.app.ContextImpl.sendBroadcast:1345 android.content.ContextWrapper.sendBroadcast:377 com.suma.midware.back.esg.e.f:-1 com.suma.midware.back.esg.f.run:-1 com.suma.midware.prop.util.c.run:-1 
11-02 16:28:31.217 W/ContextImpl( 2382): Calling a method in the system process without a qualified user: android.app.ContextImpl.sendBroadcast:1345 android.content.ContextWrapper.sendBroadcast:377 com.suma.midware.back.esg.e.f:-1 com.suma.midware.back.esg.f.run:-1 com.suma.midware.prop.util.c.run:-1 
11-02 16:28:32.220 W/ContextImpl( 2382): Calling a method in the system process without a qualified user: android.app.ContextImpl.sendBroadcast:1345 android.content.ContextWrapper.sendBroadcast:377 com.suma.midware.back.esg.e.f:-1 com.suma.midware.back.esg.f.run:-1 com.suma.midware.prop.util.c.run:-1 
11-02 16:28:33.223 W/ContextImpl( 2382): Calling a method in the system process without a qualified user: android.app.ContextImpl.sendBroadcast:1345 android.content.ContextWrapper.sendBroadcast:377 com.suma.midware.back.esg.e.f:-1 com.suma.midware.back.esg.f.run:-1 com.suma.midware.prop.util.c.run:-1 
11-02 16:29:36.271 W/ContextImpl( 2382): Calling a method in the system process without a qualified user: android.app.ContextImpl.sendBroadcast:1345 android.content.ContextWrapper.sendBroadcast:377 com.suma.midware.back.esg.e.f:-1 com.suma.midware.back.esg.f.run:-1 com.suma.midware.prop.util.c.run:-1 
11-02 16:29:37.273 W/ContextImpl( 2382): Calling a method in the system process without a qualified user: android.app.ContextImpl.sendBroadcast:1345 android.content.ContextWrapper.sendBroadcast:377 com.suma.midware.back.esg.e.f:-1 com.suma.midware.back.esg.f.run:-1 com.suma.midware.prop.util.c.run:-1 
11-02 16:29:38.274 W/ContextImpl( 2382): Calling a method in the system process without a qualified user: android.app.ContextImpl.sendBroadcast:1345 android.content.ContextWrapper.sendBroadcast:377 com.suma.midware.back.esg.e.f:-1 com.suma.midware.back.esg.f.run:-1 com.suma.midware.prop.util.c.run:-1 
11-02 16:30:41.316 W/ContextImpl( 2382): Calling a method in the system process without a qualified user: android.app.ContextImpl.sendBroadcast:1345 android.content.ContextWrapper.sendBroadcast:377 com.suma.midware.back.esg.e.f:-1 com.suma.midware.back.esg.f.run:-1 com.suma.midware.prop.util.c.run:-1 
11-02 16:30:42.319 W/ContextImpl( 2382): Calling a method in the system process without a qualified user: android.app.ContextImpl.sendBroadcast:1345 android.content.ContextWrapper.sendBroadcast:377 com.suma.midware.back.esg.e.f:-1 com.suma.midware.back.esg.f.run:-1 com.suma.midware.prop.util.c.run:-1 
11-02 16:30:43.323 W/ContextImpl( 2382): Calling a method in the system process without a qualified user: android.app.ContextImpl.sendBroadcast:1345 android.content.ContextWrapper.sendBroadcast:377 com.suma.midware.back.esg.e.f:-1 com.suma.midware.back.esg.f.run:-1 com.suma.midware.prop.util.c.run:-1 
11-02 16:31:02.992 I/ActivityManager( 1990): START u0 {act= cmp=com.suma.midware.vod/.user.UserActivity} from uid 1000 on display 0
11-02 16:31:02.996 V/WindowManager( 1990): addAppToken: AppWindowToken{506495d token=Token{377ff734 ActivityRecord{1674ea07 u0 com.suma.midware.vod/.user.UserActivity t123}}} to stack=1 task=123 at 0
11-02 16:31:03.000 W/ContextImpl( 2501): Calling a method in the system process without a qualified user: android.app.ContextImpl.sendBroadcast:1345 android.content.ContextWrapper.sendBroadcast:377 android.app.ActivityThread.performPauseActivity:3259 android.app.ActivityThread.performPauseActivity:3225 android.app.ActivityThread.handlePauseActivity:3200 
11-02 16:31:03.025 I/ActivityManager( 1990): Start proc 22771:com.suma.midware.vod/1000 for activity com.suma.midware.vod/.user.UserActivity
11-02 16:31:03.112 V/WindowManager( 1990): Based on layer: Adding window Window{26cada2a u0 Starting com.suma.midware.vod} at 7 of 12
11-02 16:31:03.124 W/ContextImpl(22771): Calling a method in the system process without a qualified user: android.app.ContextImpl.bindService:1774 android.content.ContextWrapper.bindService:539 com.suma.midware.prop.i.b:-1 com.suma.midware.prop.i.a:-1 com.suma.midware.vod.VodApplication.onCreate:-1 
11-02 16:31:03.336 W/ContextImpl(22771): Calling a method in the system process without a qualified user: android.app.ContextImpl.sendBroadcast:1345 android.content.ContextWrapper.sendBroadcast:377 android.app.ActivityThread.performResumeActivity:2982 android.app.ActivityThread.handleResumeActivity:3023 android.app.ActivityThread.handleLaunchActivity:2392 
11-02 16:31:03.349 V/WindowManager( 1990): Adding window Window{d908482 u0 com.suma.midware.vod/com.suma.midware.vod.user.UserActivity} at 7 of 13 (before Window{26cada2a u0 Starting com.suma.midware.vod})
11-02 16:31:03.451 W/ViewRootImpl(22771): Cancelling event due to no window focus: KeyEvent { action=ACTION_UP, keyCode=KEYCODE_DPAD_CENTER, scanCode=28, metaState=0, flags=0x80000028, repeatCount=0, eventTime=28612661, downTime=28612452, deviceId=3, source=0x701 }
11-02 16:31:03.451 W/ViewRootImpl(22771): Cancelling event due to no window focus: KeyEvent { action=ACTION_UP, keyCode=KEYCODE_DPAD_CENTER, scanCode=28, metaState=0, flags=0x80000028, repeatCount=0, eventTime=28612661, downTime=28612452, deviceId=3, source=0x701 }
11-02 16:31:03.452 W/ViewRootImpl(22771): Cancelling event due to no window focus: KeyEvent { action=ACTION_UP, keyCode=KEYCODE_DPAD_CENTER, scanCode=28, metaState=0, flags=0x80000028, repeatCount=0, eventTime=28612661, downTime=28612452, deviceId=3, source=0x701 }
11-02 16:31:03.452 W/ViewRootImpl(22771): Cancelling event due to no window focus: KeyEvent { action=ACTION_UP, keyCode=KEYCODE_DPAD_CENTER, scanCode=28, metaState=0, flags=0x80000028, repeatCount=0, eventTime=28612661, downTime=28612452, deviceId=3, source=0x701 }
11-02 16:31:03.452 W/ViewRootImpl(22771): Cancelling event due to no window focus: KeyEvent { action=ACTION_UP, keyCode=KEYCODE_DPAD_CENTER, scanCode=28, metaState=0, flags=0x80000028, repeatCount=0, eventTime=28612661, downTime=28612452, deviceId=3, source=0x701 }
11-02 16:31:03.452 W/ViewRootImpl(22771): Cancelling event due to no window focus: KeyEvent { action=ACTION_UP, keyCode=KEYCODE_DPAD_CENTER, scanCode=28, metaState=0, flags=0x80000028, repeatCount=0, eventTime=28612661, downTime=28612452, deviceId=3, source=0x701 }
11-02 16:31:03.452 W/ViewRootImpl(22771): Cancelling event due to no window focus: KeyEvent { action=ACTION_UP, keyCode=KEYCODE_DPAD_CENTER, scanCode=28, metaState=0, flags=0x80000028, repeatCount=0, eventTime=28612661, downTime=28612452, deviceId=3, source=0x701 }
11-02 16:31:03.452 W/ViewRootImpl(22771): Cancelling event due to no window focus: KeyEvent { action=ACTION_UP, keyCode=KEYCODE_DPAD_CENTER, scanCode=28, metaState=0, flags=0x80000028, repeatCount=0, eventTime=28612661, downTime=28612452, deviceId=3, source=0x701 }
11-02 16:31:03.452 W/ViewRootImpl(22771): Cancelling event due to no window focus: KeyEvent { action=ACTION_UP, keyCode=KEYCODE_DPAD_CENTER, scanCode=28, metaState=0, flags=0x80000028, repeatCount=0, eventTime=28612661, downTime=28612452, deviceId=3, source=0x701 }
11-02 16:31:04.142 W/ContextImpl(22771): Calling a method in the system process without a qualified user: android.app.ContextImpl.sendBroadcast:1345 android.content.ContextWrapper.sendBroadcast:377 android.app.ActivityThread.performPauseActivity:3259 android.app.ActivityThread.performPauseActivity:3225 android.app.ActivityThread.handlePauseActivity:3200 
11-02 16:31:04.156 W/ContextImpl( 2501): Calling a method in the system process without a qualified user: android.app.ContextImpl.sendBroadcast:1345 android.content.ContextWrapper.sendBroadcast:377 com.suma.midware.view.ext.BluetoothUpdate.b:-1 com.suma.midware.home.third.Main3DActivity.onResume:-1 android.app.Instrumentation.callActivityOnResume:1257 
11-02 16:31:04.159 W/ContextImpl( 2501): Calling a method in the system process without a qualified user: android.app.ContextImpl.sendBroadcast:1345 android.content.ContextWrapper.sendBroadcast:377 android.app.ActivityThread.performResumeActivity:2982 android.app.ActivityThread.handleResumeActivity:3023 android.app.ActivityThread$H.handleMessage:1347 
11-02 16:31:07.477 I/ActivityManager( 1990): START u0 {act= cmp=com.suma.midware.setting/.main.SystemMainActivity} from uid 1000 on display 0
11-02 16:31:07.487 W/ContextImpl( 2501): Calling a method in the system process without a qualified user: android.app.ContextImpl.sendBroadcast:1345 android.content.ContextWrapper.sendBroadcast:377 android.app.ActivityThread.performPauseActivity:3259 android.app.ActivityThread.performPauseActivity:3225 android.app.ActivityThread.handlePauseActivity:3200 
11-02 16:31:07.506 W/ViewRootImpl( 2501): Cancelling event due to no window focus: KeyEvent { action=ACTION_UP, keyCode=KEYCODE_DPAD_CENTER, scanCode=28, metaState=0, flags=0x28, repeatCount=0, eventTime=28616971, downTime=28616937, deviceId=3, source=0x701 }
11-02 16:31:07.506 W/ViewRootImpl( 2501): Cancelling event due to no window focus: KeyEvent { action=ACTION_UP, keyCode=KEYCODE_DPAD_CENTER, scanCode=28, metaState=0, flags=0x28, repeatCount=0, eventTime=28616971, downTime=28616937, deviceId=3, source=0x701 }
11-02 16:31:07.506 W/ViewRootImpl( 2501): Cancelling event due to no window focus: KeyEvent { action=ACTION_UP, keyCode=KEYCODE_DPAD_CENTER, scanCode=28, metaState=0, flags=0x28, repeatCount=0, eventTime=28616971, downTime=28616937, deviceId=3, source=0x701 }
11-02 16:31:07.506 W/ViewRootImpl( 2501): Cancelling event due to no window focus: KeyEvent { action=ACTION_UP, keyCode=KEYCODE_DPAD_CENTER, scanCode=28, metaState=0, flags=0x28, repeatCount=0, eventTime=28616971, downTime=28616937, deviceId=3, source=0x701 }
11-02 16:31:07.506 W/ViewRootImpl( 2501): Cancelling event due to no window focus: KeyEvent { action=ACTION_UP, keyCode=KEYCODE_DPAD_CENTER, scanCode=28, metaState=0, flags=0x28, repeatCount=0, eventTime=28616971, downTime=28616937, deviceId=3, source=0x701 }
11-02 16:31:07.506 W/ViewRootImpl( 2501): Cancelling event due to no window focus: KeyEvent { action=ACTION_UP, keyCode=KEYCODE_DPAD_CENTER, scanCode=28, metaState=0, flags=0x28, repeatCount=0, eventTime=28616971, downTime=28616937, deviceId=3, source=0x701 }
11-02 16:31:07.510 W/ContextImpl( 2700): Calling a method in the system process without a qualified user: android.app.ContextImpl.sendBroadcast:1345 android.content.ContextWrapper.sendBroadcast:377 android.app.ActivityThread.performResumeActivity:2982 android.app.ActivityThread.handleResumeActivity:3023 android.app.ActivityThread$H.handleMessage:1347 
11-02 16:31:08.200 D/TaskPersister( 1990): removeObsoleteFile: deleting file=116_task.xml
11-02 16:31:08.200 D/TaskPersister( 1990): removeObsoleteFile: deleting file=116_task_thumbnail.png
11-02 16:31:08.824 I/ActivityManager( 1990): START u0 {cmp=com.suma.midware.setting/.net.NetMainActivity} from uid 1000 on display 0
11-02 16:31:08.829 V/WindowManager( 1990): addAppToken: AppWindowToken{17c7ba3d token=Token{24f1f94 ActivityRecord{319ff7e7 u0 com.suma.midware.setting/.net.NetMainActivity t108}}} to stack=1 task=108 at 1
11-02 16:31:08.832 W/ContextImpl( 2700): Calling a method in the system process without a qualified user: android.app.ContextImpl.sendBroadcast:1345 android.content.ContextWrapper.sendBroadcast:377 android.app.ActivityThread.performPauseActivity:3259 android.app.ActivityThread.performPauseActivity:3225 android.app.ActivityThread.handlePauseActivity:3200 
11-02 16:31:08.920 W/ContextImpl( 2700): Calling a method in the system process without a qualified user: android.app.ContextImpl.sendBroadcast:1345 android.content.ContextWrapper.sendBroadcast:377 android.app.ActivityThread.performResumeActivity:2982 android.app.ActivityThread.handleResumeActivity:3023 android.app.ActivityThread.handleLaunchActivity:2392 
11-02 16:31:08.923 V/WindowManager( 1990): Adding window Window{4001f7e u0 com.suma.midware.setting/com.suma.midware.setting.net.NetMainActivity} at 6 of 11 (after Window{a0682ad u0 com.suma.midware.setting/com.suma.midware.setting.main.SystemMainActivity})
11-02 16:31:10.458 I/ActivityManager( 1990): START u0 {cmp=com.suma.midware.setting/.net.WifiConnectActivity} from uid 1000 on display 0
11-02 16:31:10.462 V/WindowManager( 1990): addAppToken: AppWindowToken{32c0f3f5 token=Token{3496cd2c ActivityRecord{1719fcdf u0 com.suma.midware.setting/.net.WifiConnectActivity t108}}} to stack=1 task=108 at 2
11-02 16:31:10.464 W/ContextImpl( 2700): Calling a method in the system process without a qualified user: android.app.ContextImpl.sendBroadcast:1345 android.content.ContextWrapper.sendBroadcast:377 android.app.ActivityThread.performPauseActivity:3259 android.app.ActivityThread.performPauseActivity:3225 android.app.ActivityThread.handlePauseActivity:3200 
11-02 16:31:10.556 W/ContextImpl( 2700): Calling a method in the system process without a qualified user: android.app.ContextImpl.sendBroadcast:1345 android.content.ContextWrapper.sendBroadcast:377 android.app.ActivityThread.performResumeActivity:2982 android.app.ActivityThread.handleResumeActivity:3023 android.app.ActivityThread.handleLaunchActivity:2392 
11-02 16:31:10.559 V/WindowManager( 1990): Adding window Window{2200acad u0 com.suma.midware.setting/com.suma.midware.setting.net.WifiConnectActivity} at 7 of 12 (after Window{4001f7e u0 com.suma.midware.setting/com.suma.midware.setting.net.NetMainActivity})
11-02 16:31:14.346 W/ContextImpl( 2700): Calling a method in the system process without a qualified user: android.app.ContextImpl.sendBroadcast:1345 android.content.ContextWrapper.sendBroadcast:377 android.app.ActivityThread.performPauseActivity:3259 android.app.ActivityThread.performPauseActivity:3225 android.app.ActivityThread.handlePauseActivity:3200 
11-02 16:31:14.356 W/ContextImpl( 2700): Calling a method in the system process without a qualified user: android.app.ContextImpl.sendBroadcast:1345 android.content.ContextWrapper.sendBroadcast:377 android.app.ActivityThread.performResumeActivity:2982 android.app.ActivityThread.handleResumeActivity:3023 android.app.ActivityThread$H.handleMessage:1347 
11-02 16:31:15.515 W/ContextImpl( 2700): Calling a method in the system process without a qualified user: android.app.ContextImpl.sendBroadcast:1345 android.content.ContextWrapper.sendBroadcast:377 android.app.ActivityThread.performPauseActivity:3259 android.app.ActivityThread.performPauseActivity:3225 android.app.ActivityThread.handlePauseActivity:3200 
11-02 16:31:15.520 W/ContextImpl( 2700): Calling a method in the system process without a qualified user: android.app.ContextImpl.sendBroadcast:1345 android.content.ContextWrapper.sendBroadcast:377 android.app.ActivityThread.performResumeActivity:2982 android.app.ActivityThread.handleResumeActivity:3023 android.app.ActivityThread$H.handleMessage:1347 
11-02 16:31:15.838 I/ActivityManager( 1990): START u0 {act=android.intent.action.MAIN cat=[android.intent.category.HOME] flg=0x10200000 cmp=com.suma.midware.home/.third.Main3DActivity} from uid 1000 on display 0
11-02 16:31:15.854 I/ActivityManager( 1990): Force stopping com.android.browser appid=10010 user=0: from pid 2382
11-02 16:31:15.856 I/ActivityManager( 1990): Process com.suma.midware.vod (pid 22771) has died
11-02 16:31:15.858 W/ContextImpl( 2700): Calling a method in the system process without a qualified user: android.app.ContextImpl.sendBroadcast:1345 android.content.ContextWrapper.sendBroadcast:377 android.app.ActivityThread.performPauseActivity:3259 android.app.ActivityThread.performPauseActivity:3225 android.app.ActivityThread.handlePauseActivity:3200 
11-02 16:31:15.877 W/ContextImpl( 2501): Calling a method in the system process without a qualified user: android.app.ContextImpl.sendBroadcast:1345 android.content.ContextWrapper.sendBroadcast:377 com.suma.midware.view.ext.BluetoothUpdate.b:-1 com.suma.midware.home.third.Main3DActivity.onResume:-1 android.app.Instrumentation.callActivityOnResume:1257 
11-02 16:31:15.880 W/ContextImpl( 2501): Calling a method in the system process without a qualified user: android.app.ContextImpl.sendBroadcast:1345 android.content.ContextWrapper.sendBroadcast:377 android.app.ActivityThread.performResumeActivity:2982 android.app.ActivityThread.handleResumeActivity:3023 android.app.ActivityThread$H.handleMessage:1347 
11-02 16:31:17.966 I/ActivityManager( 1990): START u0 {act= cmp=com.ipanel.android_webview.shell/com.ipanel.webapp.BrowserActivity (has extras)} from uid 1000 on display 0
11-02 16:31:17.973 W/ContextImpl( 2501): Calling a method in the system process without a qualified user: android.app.ContextImpl.sendBroadcast:1345 android.content.ContextWrapper.sendBroadcast:377 android.app.ActivityThread.performPauseActivity:3259 android.app.ActivityThread.performPauseActivity:3225 android.app.ActivityThread.handlePauseActivity:3200 
11-02 16:31:17.976 V/WindowManager( 1990): Adding window Window{2a82a090 u0 Starting com.ipanel.android_webview.shell} at 6 of 12 (after Window{a0682ad u0 com.suma.midware.setting/com.suma.midware.setting.main.SystemMainActivity})
11-02 16:31:18.007 I/ActivityManager( 1990): Start proc 22833:com.ipanel.android_webview.shell/u0a24 for activity com.ipanel.android_webview.shell/com.ipanel.webapp.BrowserActivity
11-02 16:31:18.746 V/WindowManager( 1990): Adding window Window{34f9316 u0 com.ipanel.android_webview.shell/com.ipanel.webapp.BrowserActivity} at 6 of 13 (before Window{2a82a090 u0 Starting com.ipanel.android_webview.shell})
11-02 16:31:18.770 D/ConnectivityService( 1990): listenForNetwork for NetworkRequest [ id=16, legacyType=-1, [ Capabilities: INTERNET&NOT_RESTRICTED&TRUSTED] ]
11-02 16:31:18.770 D/ConnectivityService( 1990): handleRegisterNetworkRequest checking NetworkAgentInfo [WIFI () - 104]
11-02 16:31:18.770 D/ConnectivityService( 1990): apparently satisfied.  currentScore=60
11-02 16:31:18.856 V/WindowManager( 1990): Adding window Window{2bd4d333 u0 SurfaceView} at 6 of 14 (before Window{34f9316 u0 com.ipanel.android_webview.shell/com.ipanel.webapp.BrowserActivity})
11-02 16:31:18.867 V/WindowManager( 1990): Adding window Window{21796469 u0 SurfaceView} at 7 of 15 (before Window{34f9316 u0 com.ipanel.android_webview.shell/com.ipanel.webapp.BrowserActivity})
11-02 16:31:18.893 W/ViewRootImpl(22833): Cancelling event due to no window focus: KeyEvent { action=ACTION_UP, keyCode=KEYCODE_DPAD_CENTER, scanCode=28, metaState=0, flags=0x80000028, repeatCount=0, eventTime=28627633, downTime=28627424, deviceId=3, source=0x701 }
11-02 16:31:18.893 W/ViewRootImpl(22833): Cancelling event due to no window focus: KeyEvent { action=ACTION_UP, keyCode=KEYCODE_DPAD_CENTER, scanCode=28, metaState=0, flags=0x80000028, repeatCount=0, eventTime=28627633, downTime=28627424, deviceId=3, source=0x701 }
11-02 16:31:18.893 W/ViewRootImpl(22833): Cancelling event due to no window focus: KeyEvent { action=ACTION_UP, keyCode=KEYCODE_DPAD_CENTER, scanCode=28, metaState=0, flags=0x80000028, repeatCount=0, eventTime=28627633, downTime=28627424, deviceId=3, source=0x701 }
11-02 16:31:18.893 W/ViewRootImpl(22833): Cancelling event due to no window focus: KeyEvent { action=ACTION_UP, keyCode=KEYCODE_DPAD_CENTER, scanCode=28, metaState=0, flags=0x80000028, repeatCount=0, eventTime=28627633, downTime=28627424, deviceId=3, source=0x701 }
11-02 16:31:18.894 W/ViewRootImpl(22833): Cancelling event due to no window focus: KeyEvent { action=ACTION_UP, keyCode=KEYCODE_DPAD_CENTER, scanCode=28, metaState=0, flags=0x80000028, repeatCount=0, eventTime=28627633, downTime=28627424, deviceId=3, source=0x701 }
11-02 16:31:18.894 W/ViewRootImpl(22833): Cancelling event due to no window focus: KeyEvent { action=ACTION_UP, keyCode=KEYCODE_DPAD_CENTER, scanCode=28, metaState=0, flags=0x80000028, repeatCount=0, eventTime=28627633, downTime=28627424, deviceId=3, source=0x701 }
11-02 16:31:18.911 W/ViewRootImpl(22833): Cancelling event due to no window focus: KeyEvent { action=ACTION_UP, keyCode=KEYCODE_DPAD_CENTER, scanCode=28, metaState=0, flags=0x80000028, repeatCount=0, eventTime=28627633, downTime=28627424, deviceId=3, source=0x701 }
11-02 16:31:18.911 W/ViewRootImpl(22833): Cancelling event due to no window focus: KeyEvent { action=ACTION_UP, keyCode=KEYCODE_DPAD_CENTER, scanCode=28, metaState=0, flags=0x80000028, repeatCount=0, eventTime=28627633, downTime=28627424, deviceId=3, source=0x701 }
11-02 16:31:18.911 W/ViewRootImpl(22833): Cancelling event due to no window focus: KeyEvent { action=ACTION_UP, keyCode=KEYCODE_DPAD_CENTER, scanCode=28, metaState=0, flags=0x80000028, repeatCount=0, eventTime=28627633, downTime=28627424, deviceId=3, source=0x701 }
11-02 16:31:46.381 W/ContextImpl( 2382): Calling a method in the system process without a qualified user: android.app.ContextImpl.sendBroadcast:1345 android.content.ContextWrapper.sendBroadcast:377 com.suma.midware.back.esg.e.f:-1 com.suma.midware.back.esg.f.run:-1 com.suma.midware.prop.util.c.run:-1 
11-02 16:31:47.384 W/ContextImpl( 2382): Calling a method in the system process without a qualified user: android.app.ContextImpl.sendBroadcast:1345 android.content.ContextWrapper.sendBroadcast:377 com.suma.midware.back.esg.e.f:-1 com.suma.midware.back.esg.f.run:-1 com.suma.midware.prop.util.c.run:-1 
11-02 16:31:48.387 W/ContextImpl( 2382): Calling a method in the system process without a qualified user: android.app.ContextImpl.sendBroadcast:1345 android.content.ContextWrapper.sendBroadcast:377 com.suma.midware.back.esg.e.f:-1 com.suma.midware.back.esg.f.run:-1 com.suma.midware.prop.util.c.run:-1 
11-02 16:31:51.475 D/ConnectivityService( 1990): registerNetworkAgent NetworkAgentInfo{ ni{[type: Ethernet[], state: CONNECTED/CONNECTED, reason: (unspecified), extra: a8:f4:70:8b:e0:cc, roaming: false, failover: false, isAvailable: true, isConnectedToProvisioningNetwork: false]}  network{null}  lp{{InterfaceName: eth0 LinkAddresses: [192.168.0.103/24,]  Routes: [192.168.0.0/24 -> 0.0.0.0 eth0,0.0.0.0/0 -> 192.168.0.1 eth0,] DnsAddresses: [10.11.11.50,202.99.224.68,] Domains:  MTU: 0 TcpBufferSizes: 524288,1048576,3145728,524288,1048576,2097152}}  nc{[ Transports: ETHERNET Capabilities: INTERNET&NOT_RESTRICTED&TRUSTED&NOT_VPN LinkUpBandwidth>=100000Kbps LinkDnBandwidth>=100000Kbps]}  Score{200}  everValidated{false}  lastValidated{false}  created{false}  explicitlySelected{false} }
11-02 16:31:51.475 D/ConnectivityService( 1990): NetworkAgentInfo [Ethernet () - 105] EVENT_NETWORK_INFO_CHANGED, going from null to CONNECTED
11-02 16:31:51.476 D/ConnectivityService( 1990): Adding iface eth0 to network 105
11-02 16:31:51.514 E/ConnectivityService( 1990): Unexpected mtu value: 0, eth0
11-02 16:31:51.514 D/ConnectivityService( 1990): Adding Route [192.168.0.0/24 -> 0.0.0.0 eth0] to network 105
11-02 16:31:51.516 D/ConnectivityService( 1990): Adding Route [0.0.0.0/0 -> 192.168.0.1 eth0] to network 105
11-02 16:31:51.517 D/ConnectivityService( 1990): Setting Dns servers for network 105 to [/10.11.11.50, /202.99.224.68]
11-02 16:31:51.539 D/ConnectivityService( 1990): notifyType IP_CHANGED for NetworkAgentInfo [Ethernet () - 105]
11-02 16:31:51.545 D/ConnectivityService( 1990): notifyType PRECHECK for NetworkAgentInfo [Ethernet () - 105]
11-02 16:31:51.545 D/ConnectivityService( 1990): rematching NetworkAgentInfo [Ethernet () - 105]
11-02 16:31:51.546 D/ConnectivityService( 1990):    accepting network in place of NetworkAgentInfo [WIFI () - 104]
11-02 16:31:51.547 D/ConnectivityService( 1990): Switching to new default network: NetworkAgentInfo{ ni{[type: Ethernet[], state: CONNECTED/CONNECTED, reason: (unspecified), extra: a8:f4:70:8b:e0:cc, roaming: false, failover: false, isAvailable: true, isConnectedToProvisioningNetwork: false]}  network{105}  lp{{InterfaceName: eth0 LinkAddresses: [192.168.0.103/24,]  Routes: [192.168.0.0/24 -> 0.0.0.0 eth0,0.0.0.0/0 -> 192.168.0.1 eth0,] DnsAddresses: [10.11.11.50,202.99.224.68,] Domains:  MTU: 0 TcpBufferSizes: 524288,1048576,3145728,524288,1048576,2097152}}  nc{[ Transports: ETHERNET Capabilities: INTERNET&NOT_RESTRICTED&TRUSTED&NOT_VPN LinkUpBandwidth>=100000Kbps LinkDnBandwidth>=100000Kbps]}  Score{200}  everValidated{false}  lastValidated{false}  created{true}  explicitlySelected{false} }
11-02 16:31:51.548 D/ConnectivityService( 1990): Setting tx/rx TCP buffers to 524288,1048576,3145728,524288,1048576,2097152
11-02 16:31:51.558 D/ConnectivityService( 1990): notifyType AVAILABLE for NetworkAgentInfo [Ethernet () - 105]
11-02 16:31:51.559 D/CSLegacyTypeTracker( 1990): Sending connected broadcast for type 9 NetworkAgentInfo [Ethernet () - 105] isDefaultNetwork=true
11-02 16:31:51.559 D/ConnectivityService( 1990): sendStickyBroadcast: action=android.net.conn.CONNECTIVITY_CHANGE_IMMEDIATE
11-02 16:31:51.560 D/ConnectivityService( 1990): sendStickyBroadcast: action=android.net.conn.CONNECTIVITY_CHANGE
11-02 16:31:51.561 D/ConnectivityService( 1990): setProvNotificationVisibleIntent: E visible=false networkType=0 extraInfo=null
11-02 16:31:51.562 D/ConnectivityService( 1990): Validated NetworkAgentInfo [Ethernet () - 105]
11-02 16:31:51.562 D/ConnectivityService( 1990): rematching NetworkAgentInfo [Ethernet () - 105]
11-02 16:31:51.562 D/ConnectivityService( 1990): Network NetworkAgentInfo [Ethernet () - 105] was already satisfying request 1. No change.
11-02 16:31:51.562 D/ConnectivityService( 1990): notifyType AVAILABLE for NetworkAgentInfo [Ethernet () - 105]
11-02 16:31:51.563 D/ConnectivityService( 1990): sendStickyBroadcast: action=android.net.conn.INET_CONDITION_ACTION
11-02 16:31:55.536 W/InputMethodManagerService( 1990): Starting input on non-focused client com.android.internal.view.IInputMethodClient$Stub$Proxy@6d167aa (uid=10024 pid=22833)
11-02 16:31:56.076 I/ActivityManager( 1990): Force stopping com.ipanel.android_webview.shell appid=10024 user=0: from pid 2382
11-02 16:31:56.077 I/ActivityManager( 1990): Killing 22833:com.ipanel.android_webview.shell/u0a24 (adj 0): stop com.ipanel.android_webview.shell
11-02 16:31:56.098 I/WindowState( 1990): WIN DEATH: Window{34f9316 u0 com.ipanel.android_webview.shell/com.ipanel.webapp.BrowserActivity}
11-02 16:31:56.098 D/ConnectivityService( 1990): ConnectivityService NetworkRequestInfo binderDied(NetworkRequest [ id=16, legacyType=-1, [ Capabilities: INTERNET&NOT_RESTRICTED&TRUSTED] ], android.os.BinderProxy@c3b1f9b)
11-02 16:31:56.098 W/WindowManager( 1990): Force-removing child win Window{21796469 u0 SurfaceView} from container Window{34f9316 u0 com.ipanel.android_webview.shell/com.ipanel.webapp.BrowserActivity}
11-02 16:31:56.098 D/ConnectivityService( 1990): releasing NetworkRequest NetworkRequest [ id=16, legacyType=-1, [ Capabilities: INTERNET&NOT_RESTRICTED&TRUSTED] ]
11-02 16:31:56.105 E/ConnectivityService( 1990): RemoteException caught trying to send a callback msg for NetworkRequest [ id=16, legacyType=-1, [ Capabilities: INTERNET&NOT_RESTRICTED&TRUSTED] ]
11-02 16:31:56.106 W/ActivityManager( 1990): Force removing ActivityRecord{5af6cb u0 com.ipanel.android_webview.shell/com.ipanel.webapp.BrowserActivity t122}: app died, no saved state
11-02 16:31:56.108 W/WindowManager( 1990): Force-removing child win Window{2bd4d333 u0 SurfaceView} from container Window{34f9316 u0 com.ipanel.android_webview.shell/com.ipanel.webapp.BrowserActivity}
11-02 16:31:56.114 W/WindowManager( 1990): Failed looking up window
11-02 16:31:56.114 W/WindowManager( 1990): java.lang.IllegalArgumentException: Requested window android.os.BinderProxy@2f29caa2 does not exist
11-02 16:31:56.114 W/WindowManager( 1990): 	at com.android.server.wm.WindowManagerService.windowForClientLocked(WindowManagerService.java:8654)
11-02 16:31:56.114 W/WindowManager( 1990): 	at com.android.server.wm.WindowManagerService.windowForClientLocked(WindowManagerService.java:8645)
11-02 16:31:56.114 W/WindowManager( 1990): 	at com.android.server.wm.WindowState$DeathRecipient.binderDied(WindowState.java:1142)
11-02 16:31:56.114 W/WindowManager( 1990): 	at android.os.BinderProxy.sendDeathNotice(Binder.java:551)
11-02 16:31:56.114 I/WindowState( 1990): WIN DEATH: null
11-02 16:31:56.114 W/WindowManager( 1990): Failed looking up window
11-02 16:31:56.114 W/WindowManager( 1990): java.lang.IllegalArgumentException: Requested window android.os.BinderProxy@e69a6f0 does not exist
11-02 16:31:56.114 W/WindowManager( 1990): 	at com.android.server.wm.WindowManagerService.windowForClientLocked(WindowManagerService.java:8654)
11-02 16:31:56.114 W/WindowManager( 1990): 	at com.android.server.wm.WindowManagerService.windowForClientLocked(WindowManagerService.java:8645)
11-02 16:31:56.114 W/WindowManager( 1990): 	at com.android.server.wm.WindowState$DeathRecipient.binderDied(WindowState.java:1142)
11-02 16:31:56.114 W/WindowManager( 1990): 	at android.os.BinderProxy.sendDeathNotice(Binder.java:551)
11-02 16:31:56.114 I/WindowState( 1990): WIN DEATH: null
11-02 16:31:56.119 W/ActivityManager( 1990): Spurious death for ProcessRecord{5afdf38 22833:com.ipanel.android_webview.shell/u0a24}, curProc for 22833: null
11-02 16:31:56.120 I/ActivityManager( 1990): Force stopping com.amlogic.inputmethod.remote appid=10019 user=0: from pid 2382
11-02 16:31:56.120 I/ActivityManager( 1990): Killing 12902:com.amlogic.inputmethod.remote/u0a19 (adj 2): stop com.amlogic.inputmethod.remote
11-02 16:31:56.127 I/WindowState( 1990): WIN DEATH: Window{1f7dd95c u0 InputMethod}
11-02 16:31:56.135 W/ActivityManager( 1990): Scheduling restart of crashed service com.amlogic.inputmethod.remote/.RemoteIME in 1000ms
11-02 16:31:56.135 I/ActivityManager( 1990):   Force stopping service ServiceRecord{8afb65c u0 com.amlogic.inputmethod.remote/.RemoteIME}
11-02 16:31:56.136 W/ActivityManager( 1990): Spurious death for ProcessRecord{35d93a3a 12902:com.amlogic.inputmethod.remote/u0a19}, curProc for 12902: null
11-02 16:31:56.137 W/ActivityManager( 1990): Invalid packageName: android.process.media
11-02 16:31:56.138 I/ActivityManager( 1990): Force stopping com.android.phone appid=1001 user=0: from pid 2382
11-02 16:31:56.140 I/ActivityManager( 1990): Force stopping com.suma.midware.dms appid=1000 user=0: from pid 2382
11-02 16:31:56.142 I/ActivityManager( 1990): Force stopping com.hisilicon.android.hiRMService appid=1000 user=0: from pid 2382
11-02 16:31:56.143 W/InputMethodManagerService( 1990): Session failed to close due to remote exception
11-02 16:31:56.143 W/InputMethodManagerService( 1990): android.os.DeadObjectException
11-02 16:31:56.143 W/InputMethodManagerService( 1990): 	at android.os.BinderProxy.transactNative(Native Method)
11-02 16:31:56.143 W/InputMethodManagerService( 1990): 	at android.os.BinderProxy.transact(Binder.java:496)
11-02 16:31:56.143 W/InputMethodManagerService( 1990): 	at com.android.internal.view.IInputMethodSession$Stub$Proxy.finishSession(IInputMethodSession.java:305)
11-02 16:31:56.143 W/InputMethodManagerService( 1990): 	at com.android.server.InputMethodManagerService.finishSessionLocked(InputMethodManagerService.java:1420)
11-02 16:31:56.143 W/InputMethodManagerService( 1990): 	at com.android.server.InputMethodManagerService.clearClientSessionLocked(InputMethodManagerService.java:1411)
11-02 16:31:56.143 W/InputMethodManagerService( 1990): 	at com.android.server.InputMethodManagerService.clearCurMethodLocked(InputMethodManagerService.java:1437)
11-02 16:31:56.143 W/InputMethodManagerService( 1990): 	at com.android.server.InputMethodManagerService.onServiceDisconnected(InputMethodManagerService.java:1456)
11-02 16:31:56.143 W/InputMethodManagerService( 1990): 	at android.app.LoadedApk$ServiceDispatcher.doDeath(LoadedApk.java:1215)
11-02 16:31:56.143 W/InputMethodManagerService( 1990): 	at android.app.LoadedApk$ServiceDispatcher$RunConnection.run(LoadedApk.java:1229)
11-02 16:31:56.143 W/InputMethodManagerService( 1990): 	at android.os.Handler.handleCallback(Handler.java:739)
11-02 16:31:56.143 W/InputMethodManagerService( 1990): 	at android.os.Handler.dispatchMessage(Handler.java:95)
11-02 16:31:56.143 W/InputMethodManagerService( 1990): 	at android.os.Looper.loop(Looper.java:135)
11-02 16:31:56.143 W/InputMethodManagerService( 1990): 	at com.android.server.SystemServer.run(SystemServer.java:383)
11-02 16:31:56.143 W/InputMethodManagerService( 1990): 	at com.android.server.SystemServer.main(SystemServer.java:178)
11-02 16:31:56.143 W/InputMethodManagerService( 1990): 	at java.lang.reflect.Method.invoke(Native Method)
11-02 16:31:56.143 W/InputMethodManagerService( 1990): 	at java.lang.reflect.Method.invoke(Method.java:372)
11-02 16:31:56.143 W/InputMethodManagerService( 1990): 	at com.android.internal.os.ZygoteInit$MethodAndArgsCaller.run(ZygoteInit.java:903)
11-02 16:31:56.143 W/InputMethodManagerService( 1990): 	at com.android.internal.os.ZygoteInit.main(ZygoteInit.java:698)
11-02 16:31:56.149 W/InputMethodManagerService( 1990): Session failed to close due to remote exception
11-02 16:31:56.149 W/InputMethodManagerService( 1990): android.os.DeadObjectException
11-02 16:31:56.149 W/InputMethodManagerService( 1990): 	at android.os.BinderProxy.transactNative(Native Method)
11-02 16:31:56.149 W/InputMethodManagerService( 1990): 	at android.os.BinderProxy.transact(Binder.java:496)
11-02 16:31:56.149 W/InputMethodManagerService( 1990): 	at com.android.internal.view.IInputMethodSession$Stub$Proxy.finishSession(IInputMethodSession.java:305)
11-02 16:31:56.149 W/InputMethodManagerService( 1990): 	at com.android.server.InputMethodManagerService.finishSessionLocked(InputMethodManagerService.java:1420)
11-02 16:31:56.149 W/InputMethodManagerService( 1990): 	at com.android.server.InputMethodManagerService.clearClientSessionLocked(InputMethodManagerService.java:1411)
11-02 16:31:56.149 W/InputMethodManagerService( 1990): 	at com.android.server.InputMethodManagerService.clearCurMethodLocked(InputMethodManagerService.java:1437)
11-02 16:31:56.149 W/InputMethodManagerService( 1990): 	at com.android.server.InputMethodManagerService.onServiceDisconnected(InputMethodManagerService.java:1456)
11-02 16:31:56.149 W/InputMethodManagerService( 1990): 	at android.app.LoadedApk$ServiceDispatcher.doDeath(LoadedApk.java:1215)
11-02 16:31:56.149 W/InputMethodManagerService( 1990): 	at android.app.LoadedApk$ServiceDispatcher$RunConnection.run(LoadedApk.java:1229)
11-02 16:31:56.149 W/InputMethodManagerService( 1990): 	at android.os.Handler.handleCallback(Handler.java:739)
11-02 16:31:56.149 W/InputMethodManagerService( 1990): 	at android.os.Handler.dispatchMessage(Handler.java:95)
11-02 16:31:56.149 W/InputMethodManagerService( 1990): 	at android.os.Looper.loop(Looper.java:135)
11-02 16:31:56.149 W/InputMethodManagerService( 1990): 	at com.android.server.SystemServer.run(SystemServer.java:383)
11-02 16:31:56.149 W/InputMethodManagerService( 1990): 	at com.android.server.SystemServer.main(SystemServer.java:178)
11-02 16:31:56.149 W/InputMethodManagerService( 1990): 	at java.lang.reflect.Method.invoke(Native Method)
11-02 16:31:56.149 W/InputMethodManagerService( 1990): 	at java.lang.reflect.Method.invoke(Method.java:372)
11-02 16:31:56.149 W/InputMethodManagerService( 1990): 	at com.android.internal.os.ZygoteInit$MethodAndArgsCaller.run(ZygoteInit.java:903)
11-02 16:31:56.149 W/InputMethodManagerService( 1990): 	at com.android.internal.os.ZygoteInit.main(ZygoteInit.java:698)
11-02 16:31:56.155 W/InputMethodManagerService( 1990): Session failed to close due to remote exception
11-02 16:31:56.155 W/InputMethodManagerService( 1990): android.os.DeadObjectException
11-02 16:31:56.155 W/InputMethodManagerService( 1990): 	at android.os.BinderProxy.transactNative(Native Method)
11-02 16:31:56.155 W/InputMethodManagerService( 1990): 	at android.os.BinderProxy.transact(Binder.java:496)
11-02 16:31:56.155 W/InputMethodManagerService( 1990): 	at com.android.internal.view.IInputMethodSession$Stub$Proxy.finishSession(IInputMethodSession.java:305)
11-02 16:31:56.155 W/InputMethodManagerService( 1990): 	at com.android.server.InputMethodManagerService.finishSessionLocked(InputMethodManagerService.java:1420)
11-02 16:31:56.155 W/InputMethodManagerService( 1990): 	at com.android.server.InputMethodManagerService.clearClientSessionLocked(InputMethodManagerService.java:1411)
11-02 16:31:56.155 W/InputMethodManagerService( 1990): 	at com.android.server.InputMethodManagerService.clearCurMethodLocked(InputMethodManagerService.java:1437)
11-02 16:31:56.155 W/InputMethodManagerService( 1990): 	at com.android.server.InputMethodManagerService.onServiceDisconnected(InputMethodManagerService.java:1456)
11-02 16:31:56.155 W/InputMethodManagerService( 1990): 	at android.app.LoadedApk$ServiceDispatcher.doDeath(LoadedApk.java:1215)
11-02 16:31:56.155 W/InputMethodManagerService( 1990): 	at android.app.LoadedApk$ServiceDispatcher$RunConnection.run(LoadedApk.java:1229)
11-02 16:31:56.155 W/InputMethodManagerService( 1990): 	at android.os.Handler.handleCallback(Handler.java:739)
11-02 16:31:56.155 W/InputMethodManagerService( 1990): 	at android.os.Handler.dispatchMessage(Handler.java:95)
11-02 16:31:56.155 W/InputMethodManagerService( 1990): 	at android.os.Looper.loop(Looper.java:135)
11-02 16:31:56.155 W/InputMethodManagerService( 1990): 	at com.android.server.SystemServer.run(SystemServer.java:383)
11-02 16:31:56.155 W/InputMethodManagerService( 1990): 	at com.android.server.SystemServer.main(SystemServer.java:178)
11-02 16:31:56.155 W/InputMethodManagerService( 1990): 	at java.lang.reflect.Method.invoke(Native Method)
11-02 16:31:56.155 W/InputMethodManagerService( 1990): 	at java.lang.reflect.Method.invoke(Method.java:372)
11-02 16:31:56.155 W/InputMethodManagerService( 1990): 	at com.android.internal.os.ZygoteInit$MethodAndArgsCaller.run(ZygoteInit.java:903)
11-02 16:31:56.155 W/InputMethodManagerService( 1990): 	at com.android.internal.os.ZygoteInit.main(ZygoteInit.java:698)
11-02 16:31:56.161 W/InputMethodManagerService( 1990): Session failed to close due to remote exception
11-02 16:31:56.161 W/InputMethodManagerService( 1990): android.os.DeadObjectException
11-02 16:31:56.161 W/InputMethodManagerService( 1990): 	at android.os.BinderProxy.transactNative(Native Method)
11-02 16:31:56.161 W/InputMethodManagerService( 1990): 	at android.os.BinderProxy.transact(Binder.java:496)
11-02 16:31:56.161 W/InputMethodManagerService( 1990): 	at com.android.internal.view.IInputMethodSession$Stub$Proxy.finishSession(IInputMethodSession.java:305)
11-02 16:31:56.161 W/InputMethodManagerService( 1990): 	at com.android.server.InputMethodManagerService.finishSessionLocked(InputMethodManagerService.java:1420)
11-02 16:31:56.161 W/InputMethodManagerService( 1990): 	at com.android.server.InputMethodManagerService.clearClientSessionLocked(InputMethodManagerService.java:1411)
11-02 16:31:56.161 W/InputMethodManagerService( 1990): 	at com.android.server.InputMethodManagerService.clearCurMethodLocked(InputMethodManagerService.java:1437)
11-02 16:31:56.161 W/InputMethodManagerService( 1990): 	at com.android.server.InputMethodManagerService.onServiceDisconnected(InputMethodManagerService.java:1456)
11-02 16:31:56.161 W/InputMethodManagerService( 1990): 	at android.app.LoadedApk$ServiceDispatcher.doDeath(LoadedApk.java:1215)
11-02 16:31:56.161 W/InputMethodManagerService( 1990): 	at android.app.LoadedApk$ServiceDispatcher$RunConnection.run(LoadedApk.java:1229)
