11-02 16:51:36.870 W/ViewRootImpl( 2501): Cancelling event due to no window focus: KeyEvent { action=ACTION_UP, keyCode=KEYCODE_DPAD_CENTER, scanCode=28, metaState=0, flags=0x28, repeatCount=0, eventTime=29846335, downTime=29846325, deviceId=3, source=0x701 }
11-02 16:51:36.870 W/ViewRootImpl( 2501): Cancelling event due to no window focus: KeyEvent { action=ACTION_UP, keyCode=KEYCODE_DPAD_CENTER, scanCode=28, metaState=0, flags=0x28, repeatCount=0, eventTime=29846335, downTime=29846325, deviceId=3, source=0x701 }
11-02 16:51:36.870 W/ViewRootImpl( 2501): Cancelling event due to no window focus: KeyEvent { action=ACTION_UP, keyCode=KEYCODE_DPAD_CENTER, scanCode=28, metaState=0, flags=0x28, repeatCount=0, eventTime=29846335, downTime=29846325, deviceId=3, source=0x701 }
11-02 16:51:36.870 W/ViewRootImpl( 2501): Cancelling event due to no window focus: KeyEvent { action=ACTION_UP, keyCode=KEYCODE_DPAD_CENTER, scanCode=28, metaState=0, flags=0x28, repeatCount=0, eventTime=29846335, downTime=29846325, deviceId=3, source=0x701 }
11-02 16:51:36.870 W/ViewRootImpl( 2501): Cancelling event due to no window focus: KeyEvent { action=ACTION_UP, keyCode=KEYCODE_DPAD_CENTER, scanCode=28, metaState=0, flags=0x28, repeatCount=0, eventTime=29846335, downTime=29846325, deviceId=3, source=0x701 }
11-02 16:51:36.870 W/ViewRootImpl( 2501): Cancelling event due to no window focus: KeyEvent { action=ACTION_UP, keyCode=KEYCODE_DPAD_CENTER, scanCode=28, metaState=0, flags=0x28, repeatCount=0, eventTime=29846335, downTime=29846325, deviceId=3, source=0x701 }
11-02 16:51:36.874 W/ContextImpl( 2501): Calling a method in the system process without a qualified user: android.app.ContextImpl.sendBroadcast:1345 android.content.ContextWrapper.sendBroadcast:377 android.app.ActivityThread.performPauseActivity:3259 android.app.ActivityThread.performPauseActivity:3225 android.app.ActivityThread.handlePauseActivity:3200 
11-02 16:51:36.879 V/WindowManager( 1990): Adding window Window{375838a5 u0 Starting com.ipanel.android_webview.shell} at 7 of 12 (after Window{387e6b17 u0 com.suma.midware.setting/com.suma.midware.setting.net.NetInfoActivity})
11-02 16:51:36.917 I/ActivityManager( 1990): Start proc 24363:com.ipanel.android_webview.shell/u0a24 for activity com.ipanel.android_webview.shell/com.ipanel.webapp.BrowserActivity
11-02 16:51:37.604 V/WindowManager( 1990): Adding window Window{2cbcf593 u0 com.ipanel.android_webview.shell/com.ipanel.webapp.BrowserActivity} at 7 of 13 (before Window{375838a5 u0 Starting com.ipanel.android_webview.shell})
11-02 16:51:37.629 D/ConnectivityService( 1990): listenForNetwork for NetworkRequest [ id=21, legacyType=-1, [ Capabilities: INTERNET&NOT_RESTRICTED&TRUSTED] ]
11-02 16:51:37.630 D/ConnectivityService( 1990): handleRegisterNetworkRequest checking NetworkAgentInfo [Ethernet () - 105]
11-02 16:51:37.630 D/ConnectivityService( 1990): apparently satisfied.  currentScore=240
11-02 16:51:37.631 D/ConnectivityService( 1990): handleRegisterNetworkRequest checking NetworkAgentInfo [WIFI () - 104]
11-02 16:51:37.631 D/ConnectivityService( 1990): apparently satisfied.  currentScore=60
11-02 16:51:37.755 V/WindowManager( 1990): Adding window Window{3e3572fc u0 SurfaceView} at 7 of 14 (before Window{2cbcf593 u0 com.ipanel.android_webview.shell/com.ipanel.webapp.BrowserActivity})
11-02 16:51:37.768 V/WindowManager( 1990): Adding window Window{3a6bd7da u0 SurfaceView} at 8 of 15 (before Window{2cbcf593 u0 com.ipanel.android_webview.shell/com.ipanel.webapp.BrowserActivity})
11-02 16:51:37.793 W/ViewRootImpl(24363): Cancelling event due to no window focus: KeyEvent { action=ACTION_UP, keyCode=KEYCODE_DPAD_CENTER, scanCode=28, metaState=0, flags=0x80000028, repeatCount=0, eventTime=29846534, downTime=29846325, deviceId=3, source=0x701 }
11-02 16:51:37.793 W/ViewRootImpl(24363): Cancelling event due to no window focus: KeyEvent { action=ACTION_UP, keyCode=KEYCODE_DPAD_CENTER, scanCode=28, metaState=0, flags=0x80000028, repeatCount=0, eventTime=29846534, downTime=29846325, deviceId=3, source=0x701 }
11-02 16:51:37.793 W/ViewRootImpl(24363): Cancelling event due to no window focus: KeyEvent { action=ACTION_UP, keyCode=KEYCODE_DPAD_CENTER, scanCode=28, metaState=0, flags=0x80000028, repeatCount=0, eventTime=29846534, downTime=29846325, deviceId=3, source=0x701 }
11-02 16:51:37.793 W/ViewRootImpl(24363): Cancelling event due to no window focus: KeyEvent { action=ACTION_UP, keyCode=KEYCODE_DPAD_CENTER, scanCode=28, metaState=0, flags=0x80000028, repeatCount=0, eventTime=29846534, downTime=29846325, deviceId=3, source=0x701 }
11-02 16:51:37.793 W/ViewRootImpl(24363): Cancelling event due to no window focus: KeyEvent { action=ACTION_UP, keyCode=KEYCODE_DPAD_CENTER, scanCode=28, metaState=0, flags=0x80000028, repeatCount=0, eventTime=29846534, downTime=29846325, deviceId=3, source=0x701 }
11-02 16:51:37.793 W/ViewRootImpl(24363): Cancelling event due to no window focus: KeyEvent { action=ACTION_UP, keyCode=KEYCODE_DPAD_CENTER, scanCode=28, metaState=0, flags=0x80000028, repeatCount=0, eventTime=29846534, downTime=29846325, deviceId=3, source=0x701 }
11-02 16:51:37.798 W/ViewRootImpl(24363): Cancelling event due to no window focus: KeyEvent { action=ACTION_UP, keyCode=KEYCODE_DPAD_CENTER, scanCode=28, metaState=0, flags=0x80000028, repeatCount=0, eventTime=29846534, downTime=29846325, deviceId=3, source=0x701 }
11-02 16:51:37.798 W/ViewRootImpl(24363): Cancelling event due to no window focus: KeyEvent { action=ACTION_UP, keyCode=KEYCODE_DPAD_CENTER, scanCode=28, metaState=0, flags=0x80000028, repeatCount=0, eventTime=29846534, downTime=29846325, deviceId=3, source=0x701 }
11-02 16:51:37.798 W/ViewRootImpl(24363): Cancelling event due to no window focus: KeyEvent { action=ACTION_UP, keyCode=KEYCODE_DPAD_CENTER, scanCode=28, metaState=0, flags=0x80000028, repeatCount=0, eventTime=29846534, downTime=29846325, deviceId=3, source=0x701 }
11-02 16:51:46.417 I/ActivityManager( 1990): START u0 {act=android.intent.action.MAIN cat=[android.intent.category.HOME] flg=0x10200000 cmp=com.suma.midware.home/.third.Main3DActivity} from uid 1000 on display 0
11-02 16:51:46.435 I/ActivityManager( 1990): Force stopping com.android.browser appid=10010 user=0: from pid 2382
11-02 16:51:46.456 W/ContextImpl( 2501): Calling a method in the system process without a qualified user: android.app.ContextImpl.sendBroadcast:1345 android.content.ContextWrapper.sendBroadcast:377 com.suma.midware.view.ext.BluetoothUpdate.b:-1 com.suma.midware.home.third.Main3DActivity.onResume:-1 android.app.Instrumentation.callActivityOnResume:1257 
11-02 16:51:46.459 W/ContextImpl( 2501): Calling a method in the system process without a qualified user: android.app.ContextImpl.sendBroadcast:1345 android.content.ContextWrapper.sendBroadcast:377 android.app.ActivityThread.performResumeActivity:2982 android.app.ActivityThread.handleResumeActivity:3023 android.app.ActivityThread$H.handleMessage:1347 
11-02 16:51:57.316 I/ActivityManager( 1990): START u0 {act= cmp=com.ipanel.android_webview.shell/com.ipanel.webapp.BrowserActivity (has extras)} from uid 1000 on display 0
11-02 16:51:57.329 W/ContextImpl( 2501): Calling a method in the system process without a qualified user: android.app.ContextImpl.sendBroadcast:1345 android.content.ContextWrapper.sendBroadcast:377 android.app.ActivityThread.performPauseActivity:3259 android.app.ActivityThread.performPauseActivity:3225 android.app.ActivityThread.handlePauseActivity:3200 
11-02 16:51:57.543 W/ViewRootImpl(24363): Cancelling event due to no window focus: KeyEvent { action=ACTION_UP, keyCode=KEYCODE_DPAD_CENTER, scanCode=28, metaState=0, flags=0x80000028, repeatCount=0, eventTime=29866973, downTime=29866764, deviceId=3, source=0x701 }
11-02 16:51:57.543 W/ViewRootImpl(24363): Cancelling event due to no window focus: KeyEvent { action=ACTION_UP, keyCode=KEYCODE_DPAD_CENTER, scanCode=28, metaState=0, flags=0x80000028, repeatCount=0, eventTime=29866973, downTime=29866764, deviceId=3, source=0x701 }
11-02 16:51:57.545 W/ViewRootImpl(24363): Cancelling event due to no window focus: KeyEvent { action=ACTION_UP, keyCode=KEYCODE_DPAD_CENTER, scanCode=28, metaState=0, flags=0x80000028, repeatCount=0, eventTime=29866973, downTime=29866764, deviceId=3, source=0x701 }
11-02 16:51:57.545 W/ViewRootImpl(24363): Cancelling event due to no window focus: KeyEvent { action=ACTION_UP, keyCode=KEYCODE_DPAD_CENTER, scanCode=28, metaState=0, flags=0x80000028, repeatCount=0, eventTime=29866973, downTime=29866764, deviceId=3, source=0x701 }
11-02 16:51:57.545 W/ViewRootImpl(24363): Cancelling event due to no window focus: KeyEvent { action=ACTION_UP, keyCode=KEYCODE_DPAD_CENTER, scanCode=28, metaState=0, flags=0x80000028, repeatCount=0, eventTime=29866973, downTime=29866764, deviceId=3, source=0x701 }
11-02 16:51:57.545 W/ViewRootImpl(24363): Cancelling event due to no window focus: KeyEvent { action=ACTION_UP, keyCode=KEYCODE_DPAD_CENTER, scanCode=28, metaState=0, flags=0x80000028, repeatCount=0, eventTime=29866973, downTime=29866764, deviceId=3, source=0x701 }
11-02 16:52:22.653 W/ContextImpl( 2382): Calling a method in the system process without a qualified user: android.app.ContextImpl.sendBroadcast:1345 android.content.ContextWrapper.sendBroadcast:377 com.suma.midware.back.esg.e.f:-1 com.suma.midware.back.esg.f.run:-1 com.suma.midware.prop.util.c.run:-1 
11-02 16:52:23.654 W/ContextImpl( 2382): Calling a method in the system process without a qualified user: android.app.ContextImpl.sendBroadcast:1345 android.content.ContextWrapper.sendBroadcast:377 com.suma.midware.back.esg.e.f:-1 com.suma.midware.back.esg.f.run:-1 com.suma.midware.prop.util.c.run:-1 
11-02 16:52:24.657 W/ContextImpl( 2382): Calling a method in the system process without a qualified user: android.app.ContextImpl.sendBroadcast:1345 android.content.ContextWrapper.sendBroadcast:377 com.suma.midware.back.esg.e.f:-1 com.suma.midware.back.esg.f.run:-1 com.suma.midware.prop.util.c.run:-1 
11-02 16:53:03.771 W/InputMethodManagerService( 1990): Starting input on non-focused client com.android.internal.view.IInputMethodClient$Stub$Proxy@1b8461e2 (uid=10024 pid=24363)
11-02 16:53:04.319 I/ActivityManager( 1990): Force stopping com.ipanel.android_webview.shell appid=10024 user=0: from pid 2382
11-02 16:53:04.320 I/ActivityManager( 1990): Killing 24363:com.ipanel.android_webview.shell/u0a24 (adj 0): stop com.ipanel.android_webview.shell
11-02 16:53:04.340 I/WindowState( 1990): WIN DEATH: Window{3e3572fc u0 SurfaceView}
11-02 16:53:04.340 D/ConnectivityService( 1990): ConnectivityService NetworkRequestInfo binderDied(NetworkRequest [ id=21, legacyType=-1, [ Capabilities: INTERNET&NOT_RESTRICTED&TRUSTED] ], android.os.BinderProxy@23fcb973)
11-02 16:53:04.340 D/ConnectivityService( 1990): releasing NetworkRequest NetworkRequest [ id=21, legacyType=-1, [ Capabilities: INTERNET&NOT_RESTRICTED&TRUSTED] ]
11-02 16:53:04.351 E/ConnectivityService( 1990): RemoteException caught trying to send a callback msg for NetworkRequest [ id=21, legacyType=-1, [ Capabilities: INTERNET&NOT_RESTRICTED&TRUSTED] ]
11-02 16:53:04.354 I/WindowState( 1990): WIN DEATH: Window{3a6bd7da u0 SurfaceView}
11-02 16:53:04.355 I/WindowState( 1990): WIN DEATH: Window{2cbcf593 u0 com.ipanel.android_webview.shell/com.ipanel.webapp.BrowserActivity}
11-02 16:53:04.374 W/ActivityManager( 1990): Force removing ActivityRecord{2b78e23 u0 com.ipanel.android_webview.shell/com.ipanel.webapp.BrowserActivity t126}: app died, no saved state
11-02 16:53:04.378 W/ActivityManager( 1990): Spurious death for ProcessRecord{350e3030 24363:com.ipanel.android_webview.shell/u0a24}, curProc for 24363: null
11-02 16:53:04.379 I/ActivityManager( 1990): Force stopping com.amlogic.inputmethod.remote appid=10019 user=0: from pid 2382
11-02 16:53:04.380 I/ActivityManager( 1990): Killing 24071:com.amlogic.inputmethod.remote/u0a19 (adj 2): stop com.amlogic.inputmethod.remote
11-02 16:53:04.389 W/ActivityManager( 1990): Scheduling restart of crashed service com.amlogic.inputmethod.remote/.RemoteIME in 1000ms
11-02 16:53:04.389 I/ActivityManager( 1990):   Force stopping service ServiceRecord{3b63e462 u0 com.amlogic.inputmethod.remote/.RemoteIME}
11-02 16:53:04.391 W/ActivityManager( 1990): Spurious death for ProcessRecord{2455924f 24071:com.amlogic.inputmethod.remote/u0a19}, curProc for 24071: null
11-02 16:53:04.392 W/ActivityManager( 1990): Invalid packageName: android.process.media
11-02 16:53:04.392 I/ActivityManager( 1990): Force stopping com.android.phone appid=1001 user=0: from pid 2382
11-02 16:53:04.394 I/ActivityManager( 1990): Force stopping com.suma.midware.dms appid=1000 user=0: from pid 2382
11-02 16:53:04.396 I/ActivityManager( 1990): Force stopping com.hisilicon.android.hiRMService appid=1000 user=0: from pid 2382
11-02 16:53:04.405 W/ContextImpl( 2501): Calling a method in the system process without a qualified user: android.app.ContextImpl.sendBroadcast:1345 android.content.ContextWrapper.sendBroadcast:377 com.suma.midware.view.ext.BluetoothUpdate.b:-1 com.suma.midware.home.third.Main3DActivity.onResume:-1 android.app.Instrumentation.callActivityOnResume:1257 
11-02 16:53:04.407 W/ContextImpl( 2501): Calling a method in the system process without a qualified user: android.app.ContextImpl.sendBroadcast:1345 android.content.ContextWrapper.sendBroadcast:377 android.app.ActivityThread.performResumeActivity:2982 android.app.ActivityThread.handleResumeActivity:3023 android.app.ActivityThread$H.handleMessage:1347 
11-02 16:53:04.425 W/InputMethodManagerService( 1990): Session failed to close due to remote exception
11-02 16:53:04.425 W/InputMethodManagerService( 1990): android.os.DeadObjectException
11-02 16:53:04.425 W/InputMethodManagerService( 1990): 	at android.os.BinderProxy.transactNative(Native Method)
11-02 16:53:04.425 W/InputMethodManagerService( 1990): 	at android.os.BinderProxy.transact(Binder.java:496)
11-02 16:53:04.425 W/InputMethodManagerService( 1990): 	at com.android.internal.view.IInputMethodSession$Stub$Proxy.finishSession(IInputMethodSession.java:305)
11-02 16:53:04.425 W/InputMethodManagerService( 1990): 	at com.android.server.InputMethodManagerService.finishSessionLocked(InputMethodManagerService.java:1420)
11-02 16:53:04.425 W/InputMethodManagerService( 1990): 	at com.android.server.InputMethodManagerService.clearClientSessionLocked(InputMethodManagerService.java:1411)
11-02 16:53:04.425 W/InputMethodManagerService( 1990): 	at com.android.server.InputMethodManagerService.clearCurMethodLocked(InputMethodManagerService.java:1437)
11-02 16:53:04.425 W/InputMethodManagerService( 1990): 	at com.android.server.InputMethodManagerService.onServiceDisconnected(InputMethodManagerService.java:1456)
11-02 16:53:04.425 W/InputMethodManagerService( 1990): 	at android.app.LoadedApk$ServiceDispatcher.doDeath(LoadedApk.java:1215)
11-02 16:53:04.425 W/InputMethodManagerService( 1990): 	at android.app.LoadedApk$ServiceDispatcher$RunConnection.run(LoadedApk.java:1229)
11-02 16:53:04.425 W/InputMethodManagerService( 1990): 	at android.os.Handler.handleCallback(Handler.java:739)
11-02 16:53:04.425 W/InputMethodManagerService( 1990): 	at android.os.Handler.dispatchMessage(Handler.java:95)
11-02 16:53:04.425 W/InputMethodManagerService( 1990): 	at android.os.Looper.loop(Looper.java:135)
11-02 16:53:04.425 W/InputMethodManagerService( 1990): 	at com.android.server.SystemServer.run(SystemServer.java:383)
11-02 16:53:04.425 W/InputMethodManagerService( 1990): 	at com.android.server.SystemServer.main(SystemServer.java:178)
11-02 16:53:04.425 W/InputMethodManagerService( 1990): 	at java.lang.reflect.Method.invoke(Native Method)
11-02 16:53:04.425 W/InputMethodManagerService( 1990): 	at java.lang.reflect.Method.invoke(Method.java:372)
11-02 16:53:04.425 W/InputMethodManagerService( 1990): 	at com.android.internal.os.ZygoteInit$MethodAndArgsCaller.run(ZygoteInit.java:903)
11-02 16:53:04.425 W/InputMethodManagerService( 1990): 	at com.android.internal.os.ZygoteInit.main(ZygoteInit.java:698)
11-02 16:53:04.432 W/InputMethodManagerService( 1990): Session failed to close due to remote exception
11-02 16:53:04.432 W/InputMethodManagerService( 1990): android.os.DeadObjectException
11-02 16:53:04.432 W/InputMethodManagerService( 1990): 	at android.os.BinderProxy.transactNative(Native Method)
11-02 16:53:04.432 W/InputMethodManagerService( 1990): 	at android.os.BinderProxy.transact(Binder.java:496)
11-02 16:53:04.432 W/InputMethodManagerService( 1990): 	at com.android.internal.view.IInputMethodSession$Stub$Proxy.finishSession(IInputMethodSession.java:305)
11-02 16:53:04.432 W/InputMethodManagerService( 1990): 	at com.android.server.InputMethodManagerService.finishSessionLocked(InputMethodManagerService.java:1420)
11-02 16:53:04.432 W/InputMethodManagerService( 1990): 	at com.android.server.InputMethodManagerService.clearClientSessionLocked(InputMethodManagerService.java:1411)
11-02 16:53:04.432 W/InputMethodManagerService( 1990): 	at com.android.server.InputMethodManagerService.clearCurMethodLocked(InputMethodManagerService.java:1437)
11-02 16:53:04.432 W/InputMethodManagerService( 1990): 	at com.android.server.InputMethodManagerService.onServiceDisconnected(InputMethodManagerService.java:1456)
11-02 16:53:04.432 W/InputMethodManagerService( 1990): 	at android.app.LoadedApk$ServiceDispatcher.doDeath(LoadedApk.java:1215)
11-02 16:53:04.432 W/InputMethodManagerService( 1990): 	at android.app.LoadedApk$ServiceDispatcher$RunConnection.run(LoadedApk.java:1229)
11-02 16:53:04.432 W/InputMethodManagerService( 1990): 	at android.os.Handler.handleCallback(Handler.java:739)
11-02 16:53:04.432 W/InputMethodManagerService( 1990): 	at android.os.Handler.dispatchMessage(Handler.java:95)
11-02 16:53:04.432 W/InputMethodManagerService( 1990): 	at android.os.Looper.loop(Looper.java:135)
11-02 16:53:04.432 W/InputMethodManagerService( 1990): 	at com.android.server.SystemServer.run(SystemServer.java:383)
11-02 16:53:04.432 W/InputMethodManagerService( 1990): 	at com.android.server.SystemServer.main(SystemServer.java:178)
11-02 16:53:04.432 W/InputMethodManagerService( 1990): 	at java.lang.reflect.Method.invoke(Native Method)
11-02 16:53:04.432 W/InputMethodManagerService( 1990): 	at java.lang.reflect.Method.invoke(Method.java:372)
11-02 16:53:04.432 W/InputMethodManagerService( 1990): 	at com.android.internal.os.ZygoteInit$MethodAndArgsCaller.run(ZygoteInit.java:903)
11-02 16:53:04.432 W/InputMethodManagerService( 1990): 	at com.android.internal.os.ZygoteInit.main(ZygoteInit.java:698)
11-02 16:53:04.438 W/InputMethodManagerService( 1990): Session failed to close due to remote exception
11-02 16:53:04.438 W/InputMethodManagerService( 1990): android.os.DeadObjectException
11-02 16:53:04.438 W/InputMethodManagerService( 1990): 	at android.os.BinderProxy.transactNative(Native Method)
11-02 16:53:04.438 W/InputMethodManagerService( 1990): 	at android.os.BinderProxy.transact(Binder.java:496)
11-02 16:53:04.438 W/InputMethodManagerService( 1990): 	at com.android.internal.view.IInputMethodSession$Stub$Proxy.finishSession(IInputMethodSession.java:305)
11-02 16:53:04.438 W/InputMethodManagerService( 1990): 	at com.android.server.InputMethodManagerService.finishSessionLocked(InputMethodManagerService.java:1420)
11-02 16:53:04.438 W/InputMethodManagerService( 1990): 	at com.android.server.InputMethodManagerService.clearClientSessionLocked(InputMethodManagerService.java:1411)
11-02 16:53:04.438 W/InputMethodManagerService( 1990): 	at com.android.server.InputMethodManagerService.clearCurMethodLocked(InputMethodManagerService.java:1437)
11-02 16:53:04.438 W/InputMethodManagerService( 1990): 	at com.android.server.InputMethodManagerService.onServiceDisconnected(InputMethodManagerService.java:1456)
11-02 16:53:04.438 W/InputMethodManagerService( 1990): 	at android.app.LoadedApk$ServiceDispatcher.doDeath(LoadedApk.java:1215)
11-02 16:53:04.438 W/InputMethodManagerService( 1990): 	at android.app.LoadedApk$ServiceDispatcher$RunConnection.run(LoadedApk.java:1229)
11-02 16:53:04.438 W/InputMethodManagerService( 1990): 	at android.os.Handler.handleCallback(Handler.java:739)
11-02 16:53:04.438 W/InputMethodManagerService( 1990): 	at android.os.Handler.dispatchMessage(Handler.java:95)
11-02 16:53:04.438 W/InputMethodManagerService( 1990): 	at android.os.Looper.loop(Looper.java:135)
11-02 16:53:04.438 W/InputMethodManagerService( 1990): 	at com.android.server.SystemServer.run(SystemServer.java:383)
11-02 16:53:04.438 W/InputMethodManagerService( 1990): 	at com.android.server.SystemServer.main(SystemServer.java:178)
11-02 16:53:04.438 W/InputMethodManagerService( 1990): 	at java.lang.reflect.Method.invoke(Native Method)
11-02 16:53:04.438 W/InputMethodManagerService( 1990): 	at java.lang.reflect.Method.invoke(Method.java:372)
11-02 16:53:04.438 W/InputMethodManagerService( 1990): 	at com.android.internal.os.ZygoteInit$MethodAndArgsCaller.run(ZygoteInit.java:903)
11-02 16:53:04.438 W/InputMethodManagerService( 1990): 	at com.android.internal.os.ZygoteInit.main(ZygoteInit.java:698)
11-02 16:53:04.480 I/ActivityManager( 1990): Config changes=20 {1.0 ?mcc?mnc zh_CN ?layoutDir sw720dp w1280dp h720dp 160dpi xlrg long land television -touch -keyb/h/h dpad/v s.25}
11-02 16:53:04.534 I/ActivityManager( 1990): Config changes=20 {1.0 ?mcc?mnc zh_CN ?layoutDir sw720dp w1280dp h720dp 160dpi xlrg long land television -touch -keyb/v/h dpad/v s.26}
11-02 16:53:04.587 E/ActivityThread( 2165): Failed to find provider info for com.android.contacts
11-02 16:53:04.610 E/ActivityThread( 2165): Failed to find provider info for com.android.contacts
11-02 16:53:13.820 I/ActivityManager( 1990): Start proc 24529:com.amlogic.inputmethod.remote/u0a19 for service com.amlogic.inputmethod.remote/.RemoteIME
11-02 16:53:13.820 V/InputMethodManagerService( 1990): Adding window token: android.os.Binder@36d0a91d
11-02 16:53:27.713 W/ContextImpl( 2382): Calling a method in the system process without a qualified user: android.app.ContextImpl.sendBroadcast:1345 android.content.ContextWrapper.sendBroadcast:377 com.suma.midware.back.esg.e.f:-1 com.suma.midware.back.esg.f.run:-1 com.suma.midware.prop.util.c.run:-1 
11-02 16:53:28.716 W/ContextImpl( 2382): Calling a method in the system process without a qualified user: android.app.ContextImpl.sendBroadcast:1345 android.content.ContextWrapper.sendBroadcast:377 com.suma.midware.back.esg.e.f:-1 com.suma.midware.back.esg.f.run:-1 com.suma.midware.prop.util.c.run:-1 
11-02 16:53:29.719 W/ContextImpl( 2382): Calling a method in the system process without a qualified user: android.app.ContextImpl.sendBroadcast:1345 android.content.ContextWrapper.sendBroadcast:377 com.suma.midware.back.esg.e.f:-1 com.suma.midware.back.esg.f.run:-1 com.suma.midware.prop.util.c.run:-1 
11-02 16:53:53.665 I/ActivityManager( 1990): START u0 {act= cmp=com.ipanel.android_webview.shell/com.ipanel.webapp.BrowserActivity (has extras)} from uid 1000 on display 0
11-02 16:53:53.668 V/WindowManager( 1990): addAppToken: AppWindowToken{b2df6ea token=Token{125cded5 ActivityRecord{996178c u0 com.ipanel.android_webview.shell/com.ipanel.webapp.BrowserActivity t127}}} to stack=1 task=127 at 0
11-02 16:53:53.671 V/WindowManager( 1990): Adding window Window{3c3a3cb7 u0 Starting com.ipanel.android_webview.shell} at 7 of 12 (after Window{387e6b17 u0 com.suma.midware.setting/com.suma.midware.setting.net.NetInfoActivity})
11-02 16:53:53.673 W/ContextImpl( 2501): Calling a method in the system process without a qualified user: android.app.ContextImpl.sendBroadcast:1345 android.content.ContextWrapper.sendBroadcast:377 android.app.ActivityThread.performPauseActivity:3259 android.app.ActivityThread.performPauseActivity:3225 android.app.ActivityThread.handlePauseActivity:3200 
11-02 16:53:53.697 I/ActivityManager( 1990): Start proc 24574:com.ipanel.android_webview.shell/u0a24 for activity com.ipanel.android_webview.shell/com.ipanel.webapp.BrowserActivity
11-02 16:53:54.067 V/WindowManager( 1990): Adding window Window{17a66bb5 u0 com.ipanel.android_webview.shell/com.ipanel.webapp.BrowserActivity} at 7 of 13 (before Window{3c3a3cb7 u0 Starting com.ipanel.android_webview.shell})
11-02 16:53:54.088 D/ConnectivityService( 1990): listenForNetwork for NetworkRequest [ id=22, legacyType=-1, [ Capabilities: INTERNET&NOT_RESTRICTED&TRUSTED] ]
11-02 16:53:54.088 D/ConnectivityService( 1990): handleRegisterNetworkRequest checking NetworkAgentInfo [Ethernet () - 105]
11-02 16:53:54.088 D/ConnectivityService( 1990): apparently satisfied.  currentScore=240
11-02 16:53:54.088 D/ConnectivityService( 1990): handleRegisterNetworkRequest checking NetworkAgentInfo [WIFI () - 104]
11-02 16:53:54.089 D/ConnectivityService( 1990): apparently satisfied.  currentScore=60
11-02 16:53:54.169 V/WindowManager( 1990): Adding window Window{22722916 u0 SurfaceView} at 7 of 14 (before Window{17a66bb5 u0 com.ipanel.android_webview.shell/com.ipanel.webapp.BrowserActivity})
11-02 16:53:54.232 V/WindowManager( 1990): Adding window Window{d522c84 u0 SurfaceView} at 8 of 15 (before Window{17a66bb5 u0 com.ipanel.android_webview.shell/com.ipanel.webapp.BrowserActivity})
11-02 16:53:54.333 W/ViewRootImpl(24574): Cancelling event due to no window focus: KeyEvent { action=ACTION_UP, keyCode=KEYCODE_DPAD_CENTER, scanCode=28, metaState=0, flags=0x80000028, repeatCount=0, eventTime=29983224, downTime=29983122, deviceId=3, source=0x701 }
11-02 16:53:54.333 W/ViewRootImpl(24574): Cancelling event due to no window focus: KeyEvent { action=ACTION_UP, keyCode=KEYCODE_DPAD_CENTER, scanCode=28, metaState=0, flags=0x80000028, repeatCount=0, eventTime=29983224, downTime=29983122, deviceId=3, source=0x701 }
11-02 16:53:54.333 W/ViewRootImpl(24574): Cancelling event due to no window focus: KeyEvent { action=ACTION_UP, keyCode=KEYCODE_DPAD_CENTER, scanCode=28, metaState=0, flags=0x80000028, repeatCount=0, eventTime=29983224, downTime=29983122, deviceId=3, source=0x701 }
11-02 16:53:54.333 W/ViewRootImpl(24574): Cancelling event due to no window focus: KeyEvent { action=ACTION_UP, keyCode=KEYCODE_DPAD_CENTER, scanCode=28, metaState=0, flags=0x80000028, repeatCount=0, eventTime=29983224, downTime=29983122, deviceId=3, source=0x701 }
11-02 16:53:54.333 W/ViewRootImpl(24574): Cancelling event due to no window focus: KeyEvent { action=ACTION_UP, keyCode=KEYCODE_DPAD_CENTER, scanCode=28, metaState=0, flags=0x80000028, repeatCount=0, eventTime=29983224, downTime=29983122, deviceId=3, source=0x701 }
11-02 16:53:54.333 W/ViewRootImpl(24574): Cancelling event due to no window focus: KeyEvent { action=ACTION_UP, keyCode=KEYCODE_DPAD_CENTER, scanCode=28, metaState=0, flags=0x80000028, repeatCount=0, eventTime=29983224, downTime=29983122, deviceId=3, source=0x701 }
11-02 16:53:54.336 W/ViewRootImpl(24574): Cancelling event due to no window focus: KeyEvent { action=ACTION_UP, keyCode=KEYCODE_DPAD_CENTER, scanCode=28, metaState=0, flags=0x80000028, repeatCount=0, eventTime=29983224, downTime=29983122, deviceId=3, source=0x701 }
11-02 16:53:54.336 W/ViewRootImpl(24574): Cancelling event due to no window focus: KeyEvent { action=ACTION_UP, keyCode=KEYCODE_DPAD_CENTER, scanCode=28, metaState=0, flags=0x80000028, repeatCount=0, eventTime=29983224, downTime=29983122, deviceId=3, source=0x701 }
11-02 16:53:54.336 W/ViewRootImpl(24574): Cancelling event due to no window focus: KeyEvent { action=ACTION_UP, keyCode=KEYCODE_DPAD_CENTER, scanCode=28, metaState=0, flags=0x80000028, repeatCount=0, eventTime=29983224, downTime=29983122, deviceId=3, source=0x701 }
11-02 16:53:57.174 D/TaskPersister( 1990): removeObsoleteFile: deleting file=126_task.xml
11-02 16:53:57.174 D/TaskPersister( 1990): removeObsoleteFile: deleting file=126_task_thumbnail.png
11-02 16:54:17.588 I/ActivityManager( 1990): START u0 {act=android.intent.action.MAIN cat=[android.intent.category.HOME] flg=0x10200000 cmp=com.suma.midware.home/.third.Main3DActivity} from uid 1000 on display 0
11-02 16:54:17.621 I/ActivityManager( 1990): Force stopping com.android.browser appid=10010 user=0: from pid 2382
11-02 16:54:17.646 W/ContextImpl( 2501): Calling a method in the system process without a qualified user: android.app.ContextImpl.sendBroadcast:1345 android.content.ContextWrapper.sendBroadcast:377 com.suma.midware.view.ext.BluetoothUpdate.b:-1 com.suma.midware.home.third.Main3DActivity.onResume:-1 android.app.Instrumentation.callActivityOnResume:1257 
11-02 16:54:17.648 W/ContextImpl( 2501): Calling a method in the system process without a qualified user: android.app.ContextImpl.sendBroadcast:1345 android.content.ContextWrapper.sendBroadcast:377 android.app.ActivityThread.performResumeActivity:2982 android.app.ActivityThread.handleResumeActivity:3023 android.app.ActivityThread$H.handleMessage:1347 
11-02 16:54:17.956 I/ActivityManager( 1990): Force stopping com.android.browser appid=10010 user=0: from pid 2382
11-02 16:54:17.957 I/ActivityManager( 1990): START u0 {act=android.intent.action.MAIN cat=[android.intent.category.HOME] flg=0x10200000 cmp=com.suma.midware.home/.third.Main3DActivity} from uid 1000 on display 0
11-02 16:54:17.971 W/ContextImpl( 2501): Calling a method in the system process without a qualified user: android.app.ContextImpl.sendBroadcast:1345 android.content.ContextWrapper.sendBroadcast:377 com.suma.midware.view.ext.BluetoothUpdate.b:-1 com.suma.midware.home.third.Main3DActivity.onResume:-1 android.app.Instrumentation.callActivityOnResume:1257 
11-02 16:54:26.017 I/ActivityManager( 1990): START u0 {act= cmp=com.ipanel.android_webview.shell/com.ipanel.webapp.BrowserActivity (has extras)} from uid 1000 on display 0
11-02 16:54:26.024 W/ContextImpl( 2501): Calling a method in the system process without a qualified user: android.app.ContextImpl.sendBroadcast:1345 android.content.ContextWrapper.sendBroadcast:377 android.app.ActivityThread.performPauseActivity:3259 android.app.ActivityThread.performPauseActivity:3225 android.app.ActivityThread.handlePauseActivity:3200 
11-02 16:54:32.772 W/ContextImpl( 2382): Calling a method in the system process without a qualified user: android.app.ContextImpl.sendBroadcast:1345 android.content.ContextWrapper.sendBroadcast:377 com.suma.midware.back.esg.e.f:-1 com.suma.midware.back.esg.f.run:-1 com.suma.midware.prop.util.c.run:-1 
11-02 16:54:33.774 W/ContextImpl( 2382): Calling a method in the system process without a qualified user: android.app.ContextImpl.sendBroadcast:1345 android.content.ContextWrapper.sendBroadcast:377 com.suma.midware.back.esg.e.f:-1 com.suma.midware.back.esg.f.run:-1 com.suma.midware.prop.util.c.run:-1 
11-02 16:54:34.777 W/ContextImpl( 2382): Calling a method in the system process without a qualified user: android.app.ContextImpl.sendBroadcast:1345 android.content.ContextWrapper.sendBroadcast:377 com.suma.midware.back.esg.e.f:-1 com.suma.midware.back.esg.f.run:-1 com.suma.midware.prop.util.c.run:-1 
11-02 16:55:37.807 W/ContextImpl( 2382): Calling a method in the system process without a qualified user: android.app.ContextImpl.sendBroadcast:1345 android.content.ContextWrapper.sendBroadcast:377 com.suma.midware.back.esg.e.f:-1 com.suma.midware.back.esg.f.run:-1 com.suma.midware.prop.util.c.run:-1 
11-02 16:55:38.809 W/ContextImpl( 2382): Calling a method in the system process without a qualified user: android.app.ContextImpl.sendBroadcast:1345 android.content.ContextWrapper.sendBroadcast:377 com.suma.midware.back.esg.e.f:-1 com.suma.midware.back.esg.f.run:-1 com.suma.midware.prop.util.c.run:-1 
11-02 16:55:39.812 W/ContextImpl( 2382): Calling a method in the system process without a qualified user: android.app.ContextImpl.sendBroadcast:1345 android.content.ContextWrapper.sendBroadcast:377 com.suma.midware.back.esg.e.f:-1 com.suma.midware.back.esg.f.run:-1 com.suma.midware.prop.util.c.run:-1 
11-02 16:56:06.444 W/InputMethodManagerService( 1990): Starting input on non-focused client com.android.internal.view.IInputMethodClient$Stub$Proxy@1256f877 (uid=10024 pid=24574)
11-02 16:56:07.047 I/ActivityManager( 1990): Force stopping com.ipanel.android_webview.shell appid=10024 user=0: from pid 2382
11-02 16:56:07.047 I/ActivityManager( 1990): Killing 24574:com.ipanel.android_webview.shell/u0a24 (adj 0): stop com.ipanel.android_webview.shell
11-02 16:56:07.069 I/WindowState( 1990): WIN DEATH: Window{17a66bb5 u0 com.ipanel.android_webview.shell/com.ipanel.webapp.BrowserActivity}
11-02 16:56:07.069 D/ConnectivityService( 1990): ConnectivityService NetworkRequestInfo binderDied(NetworkRequest [ id=22, legacyType=-1, [ Capabilities: INTERNET&NOT_RESTRICTED&TRUSTED] ], android.os.BinderProxy@31c63ce4)
11-02 16:56:07.069 W/WindowManager( 1990): Force-removing child win Window{d522c84 u0 SurfaceView} from container Window{17a66bb5 u0 com.ipanel.android_webview.shell/com.ipanel.webapp.BrowserActivity}
11-02 16:56:07.069 D/ConnectivityService( 1990): releasing NetworkRequest NetworkRequest [ id=22, legacyType=-1, [ Capabilities: INTERNET&NOT_RESTRICTED&TRUSTED] ]
11-02 16:56:07.078 W/WindowManager( 1990): Force-removing child win Window{22722916 u0 SurfaceView} from container Window{17a66bb5 u0 com.ipanel.android_webview.shell/com.ipanel.webapp.BrowserActivity}
11-02 16:56:07.079 E/ConnectivityService( 1990): RemoteException caught trying to send a callback msg for NetworkRequest [ id=22, legacyType=-1, [ Capabilities: INTERNET&NOT_RESTRICTED&TRUSTED] ]
11-02 16:56:07.095 W/WindowManager( 1990): Failed looking up window
11-02 16:56:07.095 W/WindowManager( 1990): java.lang.IllegalArgumentException: Requested window android.os.BinderProxy@41f0e31 does not exist
11-02 16:56:07.095 W/WindowManager( 1990): 	at com.android.server.wm.WindowManagerService.windowForClientLocked(WindowManagerService.java:8654)
11-02 16:56:07.095 W/WindowManager( 1990): 	at com.android.server.wm.WindowManagerService.windowForClientLocked(WindowManagerService.java:8645)
11-02 16:56:07.095 W/WindowManager( 1990): 	at com.android.server.wm.WindowState$DeathRecipient.binderDied(WindowState.java:1142)
11-02 16:56:07.095 W/WindowManager( 1990): 	at android.os.BinderProxy.sendDeathNotice(Binder.java:551)
11-02 16:56:07.095 I/WindowState( 1990): WIN DEATH: null
11-02 16:56:07.095 W/WindowManager( 1990): Failed looking up window
11-02 16:56:07.095 W/WindowManager( 1990): java.lang.IllegalArgumentException: Requested window android.os.BinderProxy@10246297 does not exist
11-02 16:56:07.095 W/WindowManager( 1990): 	at com.android.server.wm.WindowManagerService.windowForClientLocked(WindowManagerService.java:8654)
11-02 16:56:07.095 W/WindowManager( 1990): 	at com.android.server.wm.WindowManagerService.windowForClientLocked(WindowManagerService.java:8645)
11-02 16:56:07.095 W/WindowManager( 1990): 	at com.android.server.wm.WindowState$DeathRecipient.binderDied(WindowState.java:1142)
11-02 16:56:07.095 W/WindowManager( 1990): 	at android.os.BinderProxy.sendDeathNotice(Binder.java:551)
11-02 16:56:07.095 I/WindowState( 1990): WIN DEATH: null
11-02 16:56:07.101 W/ActivityManager( 1990): Force removing ActivityRecord{996178c u0 com.ipanel.android_webview.shell/com.ipanel.webapp.BrowserActivity t127}: app died, no saved state
11-02 16:56:07.108 W/ActivityManager( 1990): Spurious death for ProcessRecord{144d954d 24574:com.ipanel.android_webview.shell/u0a24}, curProc for 24574: null
11-02 16:56:07.108 I/ActivityManager( 1990): Force stopping com.amlogic.inputmethod.remote appid=10019 user=0: from pid 2382
11-02 16:56:07.109 I/ActivityManager( 1990): Killing 24529:com.amlogic.inputmethod.remote/u0a19 (adj 2): stop com.amlogic.inputmethod.remote
11-02 16:56:07.120 W/ActivityManager( 1990): Scheduling restart of crashed service com.amlogic.inputmethod.remote/.RemoteIME in 1000ms
11-02 16:56:07.120 I/ActivityManager( 1990):   Force stopping service ServiceRecord{13cd0792 u0 com.amlogic.inputmethod.remote/.RemoteIME}
11-02 16:56:07.120 W/InputMethodManagerService( 1990): Session failed to close due to remote exception
11-02 16:56:07.120 W/InputMethodManagerService( 1990): android.os.DeadObjectException
11-02 16:56:07.120 W/InputMethodManagerService( 1990): 	at android.os.BinderProxy.transactNative(Native Method)
11-02 16:56:07.120 W/InputMethodManagerService( 1990): 	at android.os.BinderProxy.transact(Binder.java:496)
11-02 16:56:07.120 W/InputMethodManagerService( 1990): 	at com.android.internal.view.IInputMethodSession$Stub$Proxy.finishSession(IInputMethodSession.java:305)
11-02 16:56:07.120 W/InputMethodManagerService( 1990): 	at com.android.server.InputMethodManagerService.finishSessionLocked(InputMethodManagerService.java:1420)
11-02 16:56:07.120 W/InputMethodManagerService( 1990): 	at com.android.server.InputMethodManagerService.clearClientSessionLocked(InputMethodManagerService.java:1411)
11-02 16:56:07.120 W/InputMethodManagerService( 1990): 	at com.android.server.InputMethodManagerService.clearCurMethodLocked(InputMethodManagerService.java:1437)
11-02 16:56:07.120 W/InputMethodManagerService( 1990): 	at com.android.server.InputMethodManagerService.onServiceDisconnected(InputMethodManagerService.java:1456)
11-02 16:56:07.120 W/InputMethodManagerService( 1990): 	at android.app.LoadedApk$ServiceDispatcher.doDeath(LoadedApk.java:1215)
11-02 16:56:07.120 W/InputMethodManagerService( 1990): 	at android.app.LoadedApk$ServiceDispatcher$RunConnection.run(LoadedApk.java:1229)
11-02 16:56:07.120 W/InputMethodManagerService( 1990): 	at android.os.Handler.handleCallback(Handler.java:739)
11-02 16:56:07.120 W/InputMethodManagerService( 1990): 	at android.os.Handler.dispatchMessage(Handler.java:95)
11-02 16:56:07.120 W/InputMethodManagerService( 1990): 	at android.os.Looper.loop(Looper.java:135)
11-02 16:56:07.120 W/InputMethodManagerService( 1990): 	at com.android.server.SystemServer.run(SystemServer.java:383)
11-02 16:56:07.120 W/InputMethodManagerService( 1990): 	at com.android.server.SystemServer.main(SystemServer.java:178)
11-02 16:56:07.120 W/InputMethodManagerService( 1990): 	at java.lang.reflect.Method.invoke(Native Method)
11-02 16:56:07.120 W/InputMethodManagerService( 1990): 	at java.lang.reflect.Method.invoke(Method.java:372)
11-02 16:56:07.120 W/InputMethodManagerService( 1990): 	at com.android.internal.os.ZygoteInit$MethodAndArgsCaller.run(ZygoteInit.java:903)
11-02 16:56:07.120 W/InputMethodManagerService( 1990): 	at com.android.internal.os.ZygoteInit.main(ZygoteInit.java:698)
11-02 16:56:07.126 W/InputMethodManagerService( 1990): Session failed to close due to remote exception
11-02 16:56:07.126 W/InputMethodManagerService( 1990): android.os.DeadObjectException
11-02 16:56:07.126 W/InputMethodManagerService( 1990): 	at android.os.BinderProxy.transactNative(Native Method)
11-02 16:56:07.126 W/InputMethodManagerService( 1990): 	at android.os.BinderProxy.transact(Binder.java:496)
11-02 16:56:07.126 W/InputMethodManagerService( 1990): 	at com.android.internal.view.IInputMethodSession$Stub$Proxy.finishSession(IInputMethodSession.java:305)
11-02 16:56:07.126 W/InputMethodManagerService( 1990): 	at com.android.server.InputMethodManagerService.finishSessionLocked(InputMethodManagerService.java:1420)
11-02 16:56:07.126 W/InputMethodManagerService( 1990): 	at com.android.server.InputMethodManagerService.clearClientSessionLocked(InputMethodManagerService.java:1411)
11-02 16:56:07.126 W/InputMethodManagerService( 1990): 	at com.android.server.InputMethodManagerService.clearCurMethodLocked(InputMethodManagerService.java:1437)
11-02 16:56:07.126 W/InputMethodManagerService( 1990): 	at com.android.server.InputMethodManagerService.onServiceDisconnected(InputMethodManagerService.java:1456)
11-02 16:56:07.126 W/InputMethodManagerService( 1990): 	at android.app.LoadedApk$ServiceDispatcher.doDeath(LoadedApk.java:1215)
11-02 16:56:07.126 W/InputMethodManagerService( 1990): 	at android.app.LoadedApk$ServiceDispatcher$RunConnection.run(LoadedApk.java:1229)
11-02 16:56:07.126 W/InputMethodManagerService( 1990): 	at android.os.Handler.handleCallback(Handler.java:739)
11-02 16:56:07.126 W/InputMethodManagerService( 1990): 	at android.os.Handler.dispatchMessage(Handler.java:95)
11-02 16:56:07.126 W/InputMethodManagerService( 1990): 	at android.os.Looper.loop(Looper.java:135)
11-02 16:56:07.126 W/InputMethodManagerService( 1990): 	at com.android.server.SystemServer.run(SystemServer.java:383)
11-02 16:56:07.126 W/InputMethodManagerService( 1990): 	at com.android.server.SystemServer.main(SystemServer.java:178)
11-02 16:56:07.126 W/InputMethodManagerService( 1990): 	at java.lang.reflect.Method.invoke(Native Method)
11-02 16:56:07.126 W/InputMethodManagerService( 1990): 	at java.lang.reflect.Method.invoke(Method.java:372)
11-02 16:56:07.126 W/InputMethodManagerService( 1990): 	at com.android.internal.os.ZygoteInit$MethodAndArgsCaller.run(ZygoteInit.java:903)
11-02 16:56:07.126 W/InputMethodManagerService( 1990): 	at com.android.internal.os.ZygoteInit.main(ZygoteInit.java:698)
11-02 16:56:07.127 W/ActivityManager( 1990): Spurious death for ProcessRecord{37e60560 24529:com.amlogic.inputmethod.remote/u0a19}, curProc for 24529: null
11-02 16:56:07.128 W/ActivityManager( 1990): Invalid packageName: android.process.media
11-02 16:56:07.128 I/ActivityManager( 1990): Force stopping com.android.phone appid=1001 user=0: from pid 2382
11-02 16:56:07.130 I/ActivityManager( 1990): Force stopping com.suma.midware.dms appid=1000 user=0: from pid 2382
11-02 16:56:07.133 I/ActivityManager( 1990): Force stopping com.hisilicon.android.hiRMService appid=1000 user=0: from pid 2382
11-02 16:56:07.142 I/ActivityManager( 1990): Config changes=20 {1.0 ?mcc?mnc zh_CN ?layoutDir sw720dp w1280dp h720dp 160dpi xlrg long land television -touch -keyb/h/h dpad/v s.27}
11-02 16:56:07.149 W/ContextImpl( 2501): Calling a method in the system process without a qualified user: android.app.ContextImpl.sendBroadcast:1345 android.content.ContextWrapper.sendBroadcast:377 com.suma.midware.view.ext.BluetoothUpdate.b:-1 com.suma.midware.home.third.Main3DActivity.onResume:-1 android.app.Instrumentation.callActivityOnResume:1257 
11-02 16:56:07.152 W/ContextImpl( 2501): Calling a method in the system process without a qualified user: android.app.ContextImpl.sendBroadcast:1345 android.content.ContextWrapper.sendBroadcast:377 android.app.ActivityThread.performResumeActivity:2982 android.app.ActivityThread.handleResumeActivity:3023 android.app.ActivityThread$H.handleMessage:1347 
11-02 16:56:07.163 I/ActivityManager( 1990): Config changes=20 {1.0 ?mcc?mnc zh_CN ?layoutDir sw720dp w1280dp h720dp 160dpi xlrg long land television -touch -keyb/v/h dpad/v s.28}
11-02 16:56:07.173 E/ActivityThread( 2165): Failed to find provider info for com.android.contacts
11-02 16:56:07.204 E/ActivityThread( 2165): Failed to find provider info for com.android.contacts
11-02 16:56:14.900 I/ActivityManager( 1990): START u0 {act= cmp=com.ipanel.android_webview.shell/com.ipanel.webapp.BrowserActivity (has extras)} from uid 1000 on display 0
11-02 16:56:14.903 V/WindowManager( 1990): addAppToken: AppWindowToken{f71dd26 token=Token{3edbc881 ActivityRecord{1d752c68 u0 com.ipanel.android_webview.shell/com.ipanel.webapp.BrowserActivity t128}}} to stack=1 task=128 at 0
11-02 16:56:14.906 V/WindowManager( 1990): Adding window Window{38e4f903 u0 Starting com.ipanel.android_webview.shell} at 7 of 12 (after Window{387e6b17 u0 com.suma.midware.setting/com.suma.midware.setting.net.NetInfoActivity})
11-02 16:56:14.908 W/ContextImpl( 2501): Calling a method in the system process without a qualified user: android.app.ContextImpl.sendBroadcast:1345 android.content.ContextWrapper.sendBroadcast:377 android.app.ActivityThread.performPauseActivity:3259 android.app.ActivityThread.performPauseActivity:3225 android.app.ActivityThread.handlePauseActivity:3200 
11-02 16:56:14.942 I/ActivityManager( 1990): Start proc 24781:com.ipanel.android_webview.shell/u0a24 for activity com.ipanel.android_webview.shell/com.ipanel.webapp.BrowserActivity
11-02 16:56:15.348 V/WindowManager( 1990): Adding window Window{ec39b61 u0 com.ipanel.android_webview.shell/com.ipanel.webapp.BrowserActivity} at 7 of 13 (before Window{38e4f903 u0 Starting com.ipanel.android_webview.shell})
11-02 16:56:15.373 D/ConnectivityService( 1990): listenForNetwork for NetworkRequest [ id=23, legacyType=-1, [ Capabilities: INTERNET&NOT_RESTRICTED&TRUSTED] ]
11-02 16:56:15.373 D/ConnectivityService( 1990): handleRegisterNetworkRequest checking NetworkAgentInfo [Ethernet () - 105]
11-02 16:56:15.373 D/ConnectivityService( 1990): apparently satisfied.  currentScore=240
11-02 16:56:15.373 D/ConnectivityService( 1990): handleRegisterNetworkRequest checking NetworkAgentInfo [WIFI () - 104]
11-02 16:56:15.373 D/ConnectivityService( 1990): apparently satisfied.  currentScore=60
11-02 16:56:15.471 V/WindowManager( 1990): Adding window Window{18fae512 u0 SurfaceView} at 7 of 14 (before Window{ec39b61 u0 com.ipanel.android_webview.shell/com.ipanel.webapp.BrowserActivity})
11-02 16:56:15.584 V/WindowManager( 1990): Adding window Window{19f4dee0 u0 SurfaceView} at 8 of 15 (before Window{ec39b61 u0 com.ipanel.android_webview.shell/com.ipanel.webapp.BrowserActivity})
11-02 16:56:15.634 W/ViewRootImpl(24781): Cancelling event due to no window focus: KeyEvent { action=ACTION_UP, keyCode=KEYCODE_DPAD_CENTER, scanCode=28, metaState=0, flags=0x80000028, repeatCount=0, eventTime=30124569, downTime=30124359, deviceId=3, source=0x701 }
11-02 16:56:15.634 W/ViewRootImpl(24781): Cancelling event due to no window focus: KeyEvent { action=ACTION_UP, keyCode=KEYCODE_DPAD_CENTER, scanCode=28, metaState=0, flags=0x80000028, repeatCount=0, eventTime=30124569, downTime=30124359, deviceId=3, source=0x701 }
11-02 16:56:15.634 W/ViewRootImpl(24781): Cancelling event due to no window focus: KeyEvent { action=ACTION_UP, keyCode=KEYCODE_DPAD_CENTER, scanCode=28, metaState=0, flags=0x80000028, repeatCount=0, eventTime=30124569, downTime=30124359, deviceId=3, source=0x701 }
11-02 16:56:15.634 W/ViewRootImpl(24781): Cancelling event due to no window focus: KeyEvent { action=ACTION_UP, keyCode=KEYCODE_DPAD_CENTER, scanCode=28, metaState=0, flags=0x80000028, repeatCount=0, eventTime=30124569, downTime=30124359, deviceId=3, source=0x701 }
11-02 16:56:15.635 W/ViewRootImpl(24781): Cancelling event due to no window focus: KeyEvent { action=ACTION_UP, keyCode=KEYCODE_DPAD_CENTER, scanCode=28, metaState=0, flags=0x80000028, repeatCount=0, eventTime=30124569, downTime=30124359, deviceId=3, source=0x701 }
11-02 16:56:15.635 W/ViewRootImpl(24781): Cancelling event due to no window focus: KeyEvent { action=ACTION_UP, keyCode=KEYCODE_DPAD_CENTER, scanCode=28, metaState=0, flags=0x80000028, repeatCount=0, eventTime=30124569, downTime=30124359, deviceId=3, source=0x701 }
11-02 16:56:15.638 W/ViewRootImpl(24781): Cancelling event due to no window focus: KeyEvent { action=ACTION_UP, keyCode=KEYCODE_DPAD_CENTER, scanCode=28, metaState=0, flags=0x80000028, repeatCount=0, eventTime=30124569, downTime=30124359, deviceId=3, source=0x701 }
11-02 16:56:15.638 W/ViewRootImpl(24781): Cancelling event due to no window focus: KeyEvent { action=ACTION_UP, keyCode=KEYCODE_DPAD_CENTER, scanCode=28, metaState=0, flags=0x80000028, repeatCount=0, eventTime=30124569, downTime=30124359, deviceId=3, source=0x701 }
11-02 16:56:15.638 W/ViewRootImpl(24781): Cancelling event due to no window focus: KeyEvent { action=ACTION_UP, keyCode=KEYCODE_DPAD_CENTER, scanCode=28, metaState=0, flags=0x80000028, repeatCount=0, eventTime=30124569, downTime=30124359, deviceId=3, source=0x701 }
11-02 16:56:15.772 I/ActivityManager( 1990): Start proc 24849:com.amlogic.inputmethod.remote/u0a19 for service com.amlogic.inputmethod.remote/.RemoteIME
11-02 16:56:15.772 V/InputMethodManagerService( 1990): Adding window token: android.os.Binder@218a046a
11-02 16:56:18.409 D/TaskPersister( 1990): removeObsoleteFile: deleting file=127_task.xml
11-02 16:56:18.409 D/TaskPersister( 1990): removeObsoleteFile: deleting file=127_task_thumbnail.png
11-02 16:56:42.866 W/ContextImpl( 2382): Calling a method in the system process without a qualified user: android.app.ContextImpl.sendBroadcast:1345 android.content.ContextWrapper.sendBroadcast:377 com.suma.midware.back.esg.e.f:-1 com.suma.midware.back.esg.f.run:-1 com.suma.midware.prop.util.c.run:-1 
11-02 16:56:43.869 W/ContextImpl( 2382): Calling a method in the system process without a qualified user: android.app.ContextImpl.sendBroadcast:1345 android.content.ContextWrapper.sendBroadcast:377 com.suma.midware.back.esg.e.f:-1 com.suma.midware.back.esg.f.run:-1 com.suma.midware.prop.util.c.run:-1 
11-02 16:56:44.872 W/ContextImpl( 2382): Calling a method in the system process without a qualified user: android.app.ContextImpl.sendBroadcast:1345 android.content.ContextWrapper.sendBroadcast:377 com.suma.midware.back.esg.e.f:-1 com.suma.midware.back.esg.f.run:-1 com.suma.midware.prop.util.c.run:-1 
11-02 16:57:47.917 W/ContextImpl( 2382): Calling a method in the system process without a qualified user: android.app.ContextImpl.sendBroadcast:1345 android.content.ContextWrapper.sendBroadcast:377 com.suma.midware.back.esg.e.f:-1 com.suma.midware.back.esg.f.run:-1 com.suma.midware.prop.util.c.run:-1 
11-02 16:57:48.920 W/ContextImpl( 2382): Calling a method in the system process without a qualified user: android.app.ContextImpl.sendBroadcast:1345 android.content.ContextWrapper.sendBroadcast:377 com.suma.midware.back.esg.e.f:-1 com.suma.midware.back.esg.f.run:-1 com.suma.midware.prop.util.c.run:-1 
