11-02 17:03:08.233 V/SUMA    ( 2382): [resman-c][Roc_ResMan_Filter_Request 1311]leave !!!
11-02 17:03:08.233 V/SUMA    ( 2382): [resman-c][dvbc_resman_flt_request 162]dvbc(2382)## s_resman_client_flt_hcbk request cbk idx=0 !!!
11-02 17:03:08.233 V/SUMA    ( 1581): [resman-s][onTransact 216]code[0x12000204] client pid = 2382
11-02 17:03:08.233 V/SUMA    ( 1581): [resman-s][onTransact 1574]leave transact client pid = 2382
11-02 17:03:08.233 V/SUMA    ( 2382): [resman-c][Roc_ResMan_Filter_Modify 1514]leave !!!
11-02 17:03:08.233 V/SUMA    ( 1581): [resman-s][onTransact 216]code[0x12000202] client pid = 2382
11-02 17:03:08.234 V/SUMA    ( 1581): [resman-s][onTransact 1574]leave transact client pid = 2382
11-02 17:03:08.234 V/SUMA    ( 2382): [resman-c][Roc_ResMan_Filter_Run 1431]leave !!!
11-02 17:03:08.234 D/filter  ( 2382): open file=302163088,pid=16,index=0 with tuner index 0
11-02 17:03:08.242 I/System.out( 2382): [DEBUG SectionFilterGroup] be reaady to detach filtergroup:false
11-02 17:03:08.242 I/System.out( 2382): [DEBUG SectionFilterGroup] be reaady to detach filtergroup:false
11-02 17:03:08.242 I/System.out( 2382): [DEBUG SectionFilterGroup] be reaady to detach filtergroup:false
11-02 17:03:08.242 I/System.out( 2382): [DEBUG SectionFilterGroup] be reaady to detach filtergroup:false
11-02 17:03:08.527 E/NetUtils( 1990): Interface eth0 LinkUp!
11-02 17:03:08.618 D/BackBootDealerNeimeng( 2382): standbyState:
11-02 17:03:08.618 E/NetUtils( 1990): Interface eth0 LinkUp!
11-02 17:03:08.662 D/BasicFigure( 2501): [TN_GLThread 74]isDrawFocused relyElement=[BaseElement@574e220]focusScale[1.15]elementAlpha[-1.0]refectAlpha[-1.0]isFocusAble[true]shadowIndex[-1]autoJumpType[-1]uniqueID[54resSize0]rect[NULL]
11-02 17:03:08.662 D/BasicFigure( 2501): [TN_GLThread 74]isDrawFocused basicFigure=com.suma.midware.view.b.c.c@346a37d9
11-02 17:03:09.119 D/BackBootDealerNeimeng( 2382): standbyState:
11-02 17:03:09.119 E/NetUtils( 1990): Interface eth0 LinkUp!
11-02 17:03:09.620 D/BackBootDealerNeimeng( 2382): standbyState:
11-02 17:03:09.620 E/NetUtils( 1990): Interface eth0 LinkUp!
11-02 17:03:09.670 D/BasicFigure( 2501): [TN_GLThread 74]isDrawFocused relyElement=[BaseElement@574e220]focusScale[1.15]elementAlpha[-1.0]refectAlpha[-1.0]isFocusAble[true]shadowIndex[-1]autoJumpType[-1]uniqueID[54resSize0]rect[NULL]
11-02 17:03:09.670 D/BasicFigure( 2501): [TN_GLThread 74]isDrawFocused basicFigure=com.suma.midware.view.b.c.c@346a37d9
11-02 17:03:10.120 D/BackBootDealerNeimeng( 2382): standbyState:
11-02 17:03:10.122 E/NetUtils( 1990): Interface eth0 LinkUp!
11-02 17:03:10.622 D/BackBootDealerNeimeng( 2382): standbyState:
11-02 17:03:10.623 E/NetUtils( 1990): Interface eth0 LinkUp!
11-02 17:03:10.688 D/BasicFigure( 2501): [TN_GLThread 74]isDrawFocused relyElement=[BaseElement@574e220]focusScale[1.15]elementAlpha[-1.0]refectAlpha[-1.0]isFocusAble[true]shadowIndex[-1]autoJumpType[-1]uniqueID[54resSize0]rect[NULL]
11-02 17:03:10.688 D/BasicFigure( 2501): [TN_GLThread 74]isDrawFocused basicFigure=com.suma.midware.view.b.c.c@346a37d9
11-02 17:03:11.123 D/BackBootDealerNeimeng( 2382): standbyState:
11-02 17:03:11.124 E/NetUtils( 1990): Interface eth0 LinkUp!
11-02 17:03:11.624 D/BackBootDealerNeimeng( 2382): standbyState:
11-02 17:03:11.625 E/NetUtils( 1990): Interface eth0 LinkUp!
11-02 17:03:11.707 D/BasicFigure( 2501): [TN_GLThread 74]isDrawFocused relyElement=[BaseElement@574e220]focusScale[1.15]elementAlpha[-1.0]refectAlpha[-1.0]isFocusAble[true]shadowIndex[-1]autoJumpType[-1]uniqueID[54resSize0]rect[NULL]
11-02 17:03:11.707 D/BasicFigure( 2501): [TN_GLThread 74]isDrawFocused basicFigure=com.suma.midware.view.b.c.c@346a37d9
11-02 17:03:12.125 D/BackBootDealerNeimeng( 2382): standbyState:
11-02 17:03:12.126 E/NetUtils( 1990): Interface eth0 LinkUp!
11-02 17:03:12.627 D/BackBootDealerNeimeng( 2382): standbyState:
11-02 17:03:12.628 E/NetUtils( 1990): Interface eth0 LinkUp!
11-02 17:03:12.727 D/BasicFigure( 2501): [TN_GLThread 74]isDrawFocused relyElement=[BaseElement@574e220]focusScale[1.15]elementAlpha[-1.0]refectAlpha[-1.0]isFocusAble[true]shadowIndex[-1]autoJumpType[-1]uniqueID[54resSize0]rect[NULL]
11-02 17:03:12.727 D/BasicFigure( 2501): [TN_GLThread 74]isDrawFocused basicFigure=com.suma.midware.view.b.c.c@346a37d9
11-02 17:03:13.128 D/BackBootDealerNeimeng( 2382): standbyState:
11-02 17:03:13.129 E/NetUtils( 1990): Interface eth0 LinkUp!
11-02 17:03:13.235 I/System.out( 2382): [DEBUG SectionFilterGroup] be reaady to detach filtergroup:true
11-02 17:03:13.236 V/SUMA    ( 1581): [resman-s][onTransact 216]code[0x12000201] client pid = 2382
11-02 17:03:13.236 V/SUMA    ( 1581): [resman-s][onTransact 665]TRANS_CODE_RESMAN_FILETER_RELEASE enter
11-02 17:03:13.236 V/SUMA    ( 1581): >> Roc_ResMan_Filter_Release handler = 0x1202a490 
11-02 17:03:13.236 V/SUMA    ( 1581): [resman-s][onTransact 674]filter release m_client[0].cpid = 2382
11-02 17:03:13.236 V/SUMA    ( 1581): [resman-s][onTransact 678]filter handler release filter_handler[0]
11-02 17:03:13.236 V/SUMA    ( 1581): [resman-s][onTransact 688]TRANS_CODE_RESMAN_FILETER_RELEASE leave
11-02 17:03:13.236 V/SUMA    ( 1581): [resman-s][onTransact 1574]leave transact client pid = 2382
11-02 17:03:13.237 V/SUMA    ( 2382): [resman-c][dvbc_resman_flt_release 183]dvbc(2382)## s_resman_client_flt_hcbk release cbk idx=0 !!!
11-02 17:03:13.237 V/SUMA    ( 2382): [resman-c][Roc_ResMan_Filter_Release 1403]leave !!!
11-02 17:03:13.237 W/EsgNeiMengDealer( 2382): [TN_ThreadUtil-12]handleNormTable table content null
11-02 17:03:13.237 D/EsgNeiMengDealer( 2382): [TN_ThreadUtil-12]dealUpdateInfo updateInfo=null
11-02 17:03:13.237 D/EsgRunner( 2382): [TN_ThreadUtil-12]notifyUpdateEnd ads=null
11-02 17:03:13.252 W/ContextImpl( 2382): Calling a method in the system process without a qualified user: android.app.ContextImpl.sendBroadcast:1345 android.content.ContextWrapper.sendBroadcast:377 com.suma.midware.back.esg.e.f:-1 com.suma.midware.back.esg.f.run:-1 com.suma.midware.prop.util.c.run:-1 
11-02 17:03:13.629 D/BackBootDealerNeimeng( 2382): standbyState:
11-02 17:03:13.630 E/NetUtils( 1990): Interface eth0 LinkUp!
11-02 17:03:13.749 D/BasicFigure( 2501): [TN_GLThread 74]isDrawFocused relyElement=[BaseElement@574e220]focusScale[1.15]elementAlpha[-1.0]refectAlpha[-1.0]isFocusAble[true]shadowIndex[-1]autoJumpType[-1]uniqueID[54resSize0]rect[NULL]
11-02 17:03:13.749 D/BasicFigure( 2501): [TN_GLThread 74]isDrawFocused basicFigure=com.suma.midware.view.b.c.c@346a37d9
11-02 17:03:14.131 D/BackBootDealerNeimeng( 2382): standbyState:
11-02 17:03:14.132 E/NetUtils( 1990): Interface eth0 LinkUp!
11-02 17:03:14.255 W/ContextImpl( 2382): Calling a method in the system process without a qualified user: android.app.ContextImpl.sendBroadcast:1345 android.content.ContextWrapper.sendBroadcast:377 com.suma.midware.back.esg.e.f:-1 com.suma.midware.back.esg.f.run:-1 com.suma.midware.prop.util.c.run:-1 
11-02 17:03:14.632 D/BackBootDealerNeimeng( 2382): standbyState:
11-02 17:03:14.633 E/NetUtils( 1990): Interface eth0 LinkUp!
11-02 17:03:14.769 D/BasicFigure( 2501): [TN_GLThread 74]isDrawFocused relyElement=[BaseElement@574e220]focusScale[1.15]elementAlpha[-1.0]refectAlpha[-1.0]isFocusAble[true]shadowIndex[-1]autoJumpType[-1]uniqueID[54resSize0]rect[NULL]
11-02 17:03:14.770 D/BasicFigure( 2501): [TN_GLThread 74]isDrawFocused basicFigure=com.suma.midware.view.b.c.c@346a37d9
11-02 17:03:15.133 D/BackBootDealerNeimeng( 2382): standbyState:
11-02 17:03:15.134 E/NetUtils( 1990): Interface eth0 LinkUp!
11-02 17:03:15.258 W/ContextImpl( 2382): Calling a method in the system process without a qualified user: android.app.ContextImpl.sendBroadcast:1345 android.content.ContextWrapper.sendBroadcast:377 com.suma.midware.back.esg.e.f:-1 com.suma.midware.back.esg.f.run:-1 com.suma.midware.prop.util.c.run:-1 
11-02 17:03:15.634 D/BackBootDealerNeimeng( 2382): standbyState:
11-02 17:03:15.635 E/NetUtils( 1990): Interface eth0 LinkUp!
11-02 17:03:15.789 D/BasicFigure( 2501): [TN_GLThread 74]isDrawFocused relyElement=[BaseElement@574e220]focusScale[1.15]elementAlpha[-1.0]refectAlpha[-1.0]isFocusAble[true]shadowIndex[-1]autoJumpType[-1]uniqueID[54resSize0]rect[NULL]
11-02 17:03:15.789 D/BasicFigure( 2501): [TN_GLThread 74]isDrawFocused basicFigure=com.suma.midware.view.b.c.c@346a37d9
11-02 17:03:16.135 D/BackBootDealerNeimeng( 2382): standbyState:
11-02 17:03:16.137 E/NetUtils( 1990): Interface eth0 LinkUp!
11-02 17:03:16.177 E/WifiStateMachine( 1990): WifiStateMachine CMD_START_SCAN source -2 txSuccessRate=0.00 rxSuccessRate=0.88 targetRoamBSSID=e4:f3:f5:aa:ad:88 RSSI=-32
11-02 17:03:16.177 E/WifiStateMachine( 1990): WifiStateMachine starting scan for "ipanel"WPA_PSK with 2467
11-02 17:03:16.637 D/BackBootDealerNeimeng( 2382): standbyState:
11-02 17:03:16.638 E/NetUtils( 1990): Interface eth0 LinkUp!
11-02 17:03:16.808 D/BasicFigure( 2501): [TN_GLThread 74]isDrawFocused relyElement=[BaseElement@574e220]focusScale[1.15]elementAlpha[-1.0]refectAlpha[-1.0]isFocusAble[true]shadowIndex[-1]autoJumpType[-1]uniqueID[54resSize0]rect[NULL]
11-02 17:03:16.808 D/BasicFigure( 2501): [TN_GLThread 74]isDrawFocused basicFigure=com.suma.midware.view.b.c.c@346a37d9
11-02 17:03:16.909 I/EthernetNetworkFactory( 1990): updateInterfaceState :the mIface is:eth0iface is wlan0 true
11-02 17:03:16.918 E/WifiAutoJoinController ( 1990): GDWL 86:79:73:27:8c:19 rssi=-37 cap [WPA-PSK-CCMP][WPA2-PSK-CCMP][ESS] is not scored
11-02 17:03:16.918 E/WifiAutoJoinController ( 1990):  84:79:73:27:8c:19 rssi=-30 cap [WEP][ESS] is not scored
11-02 17:03:16.919 E/WifiAutoJoinController ( 1990): MERCURY_EDE4 e4:f3:f5:6a:ed:e4 rssi=-52 cap [ESS] is not scored
11-02 17:03:16.919 E/WifiAutoJoinController ( 1990): Office_Net e4:f3:f5:a4:00:c0 rssi=-66 cap [WPA-PSK-CCMP][WPA2-PSK-CCMP][ESS] is not scored
11-02 17:03:16.920 E/WifiAutoJoinController ( 1990): WLGS 1c:fa:68:05:a3:5a rssi=-74 cap [WPA-PSK-CCMP][WPA2-PSK-CCMP][WPS][ESS] is not scored
11-02 17:03:16.920 E/WifiAutoJoinController ( 1990): ipanel e4:f3:f5:aa:ad:88 rssi=-32 cap [WPA-PSK-CCMP][WPA2-PSK-CCMP][ESS] is not scored
11-02 17:03:16.920 E/WifiAutoJoinController ( 1990): ageScanResultsOut delay 40000 size 6 now 1509613396920
11-02 17:03:16.920 E/WifiAutoJoinController ( 1990): newSupplicantResults size=6 known=1 true
11-02 17:03:16.922 E/WifiAutoJoinController ( 1990): attemptAutoJoin() status=bssid=e4:f3:f5:aa:ad:88
11-02 17:03:16.922 E/WifiAutoJoinController ( 1990): freq=2467
11-02 17:03:16.922 E/WifiAutoJoinController ( 1990): ssid=ipanel
11-02 17:03:16.922 E/WifiAutoJoinController ( 1990): id=1
11-02 17:03:16.922 E/WifiAutoJoinController ( 1990): mode=station
11-02 17:03:16.922 E/WifiAutoJoinController ( 1990): pairwise_cipher=CCMP
11-02 17:03:16.922 E/WifiAutoJoinController ( 1990): group_cipher=CCMP
11-02 17:03:16.922 E/WifiAutoJoinController ( 1990): key_mgmt=WPA2-PSK
11-02 17:03:16.922 E/WifiAutoJoinController ( 1990): wpa_state=COMPLETED
11-02 17:03:16.922 E/WifiAutoJoinController ( 1990): ip_address=192.168.0.101
11-02 17:03:16.922 E/WifiAutoJoinController ( 1990): p2p_device_address=0e:62:a6:0c:0f:b2
11-02 17:03:16.922 E/WifiAutoJoinController ( 1990): address=0c:62:a6:0c:0f:b2
11-02 17:03:16.922 E/WifiAutoJoinController ( 1990): uuid=de43a986-3647-5398-876d-b6752834d7e7 split=13
11-02 17:03:16.922 E/WifiAutoJoinController ( 1990): attemptAutoJoin() num recent config 1 current="ipanel"WPA_PSK ---> suppNetId=1
11-02 17:03:16.922 E/WifiAutoJoinController ( 1990): attemptAutoJoin good candidate seen, bumped hard -> status=0 "ipanel"WPA_PSK rssi=(-32,-127) num=(1,0)
11-02 17:03:16.922 E/WifiAutoJoinController ( 1990): attemptAutoJoin skip current candidate  1 key "ipanel"WPA_PSK
11-02 17:03:16.922 E/WifiAutoJoinController ( 1990): attemptRoam: "ipanel"WPA_PSK Found e4:f3:f5:aa:ad:88 rssi=-32 freq=2467 Current: e4:f3:f5:aa:ad:88
11-02 17:03:16.922 E/WifiAutoJoinController ( 1990): Done attemptAutoJoin status=0
11-02 17:03:17.138 D/BackBootDealerNeimeng( 2382): standbyState:
11-02 17:03:17.139 E/NetUtils( 1990): Interface eth0 LinkUp!
11-02 17:03:17.640 D/BackBootDealerNeimeng( 2382): standbyState:
11-02 17:03:17.640 E/NetUtils( 1990): Interface eth0 LinkUp!
11-02 17:03:17.815 D/BasicFigure( 2501): [TN_GLThread 74]isDrawFocused relyElement=[BaseElement@574e220]focusScale[1.15]elementAlpha[-1.0]refectAlpha[-1.0]isFocusAble[true]shadowIndex[-1]autoJumpType[-1]uniqueID[54resSize0]rect[NULL]
11-02 17:03:17.816 D/BasicFigure( 2501): [TN_GLThread 74]isDrawFocused basicFigure=com.suma.midware.view.b.c.c@346a37d9
11-02 17:03:18.141 D/BackBootDealerNeimeng( 2382): standbyState:
11-02 17:03:18.142 E/NetUtils( 1990): Interface eth0 LinkUp!
11-02 17:03:18.528 E/NetUtils( 1990): Interface eth0 LinkUp!
11-02 17:03:18.642 D/BackBootDealerNeimeng( 2382): standbyState:
11-02 17:03:18.643 E/NetUtils( 1990): Interface eth0 LinkUp!
11-02 17:03:18.834 D/BasicFigure( 2501): [TN_GLThread 74]isDrawFocused relyElement=[BaseElement@574e220]focusScale[1.15]elementAlpha[-1.0]refectAlpha[-1.0]isFocusAble[true]shadowIndex[-1]autoJumpType[-1]uniqueID[54resSize0]rect[NULL]
11-02 17:03:18.834 D/BasicFigure( 2501): [TN_GLThread 74]isDrawFocused basicFigure=com.suma.midware.view.b.c.c@346a37d9
11-02 17:03:19.144 D/BackBootDealerNeimeng( 2382): standbyState:
11-02 17:03:19.145 E/NetUtils( 1990): Interface eth0 LinkUp!
11-02 17:03:19.645 D/BackBootDealerNeimeng( 2382): standbyState:
11-02 17:03:19.646 E/NetUtils( 1990): Interface eth0 LinkUp!
11-02 17:03:19.854 D/BasicFigure( 2501): [TN_GLThread 74]isDrawFocused relyElement=[BaseElement@574e220]focusScale[1.15]elementAlpha[-1.0]refectAlpha[-1.0]isFocusAble[true]shadowIndex[-1]autoJumpType[-1]uniqueID[54resSize0]rect[NULL]
11-02 17:03:19.854 D/BasicFigure( 2501): [TN_GLThread 74]isDrawFocused basicFigure=com.suma.midware.view.b.c.c@346a37d9
11-02 17:03:20.146 D/BackBootDealerNeimeng( 2382): standbyState:
11-02 17:03:20.148 E/NetUtils( 1990): Interface eth0 LinkUp!
11-02 17:03:20.157 D/Advertiser( 2435): End of sleep at time:1509613400157
11-02 17:03:20.157 D/Advertiser( 2435): Begin announce....with thread:org.cybergarage.d.b.a@3ddc238
11-02 17:03:20.157 D/TimerUtil( 2435): waitRandom time=300,waitTime=221
11-02 17:03:20.157 D/Device  ( 2435): announce deviceDataBindAddress null
11-02 17:03:20.163 D/Device  ( 2435): announce 0 bindAddress=192.168.0.101
11-02 17:03:20.163 D/HTTPMUSocket( 2435): open addr=239.255.255.250,port=1900,bindAddr=192.168.0.101
11-02 17:03:20.167 D/HTTPMUSocket( 2435): send msg:NOTIFY * HTTP/1.1
11-02 17:03:20.167 D/HTTPMUSocket( 2435): Server: Linux/3.18.24_hi3798mv2x UPnP/1.0 CyberLinkJava/1.8
11-02 17:03:20.167 D/HTTPMUSocket( 2435): Cache-Control: max-age=1800
11-02 17:03:20.167 D/HTTPMUSocket( 2435): Location: http://192.168.0.101:38520/description.xml
11-02 17:03:20.167 D/HTTPMUSocket( 2435): NTS: ssdp:alive
11-02 17:03:20.167 D/HTTPMUSocket( 2435): NT: upnp:rootdevice
11-02 17:03:20.167 D/HTTPMUSocket( 2435): USN: uuid:418c7b66-86de-45d5-90fd-13e1eb88db7e::upnp:rootdevice
11-02 17:03:20.167 D/HTTPMUSocket( 2435): HOST: 239.255.255.250:1900
11-02 17:03:20.167 D/HTTPMUSocket( 2435): 
11-02 17:03:20.167 D/HTTPMUSocket( 2435): bindAddr:null and port:-1
11-02 17:03:20.168 D/HTTPMUSocket( 2435): /192.168.0.101
11-02 17:03:20.169 D/HTTPMUSocket( 2435): send msg:NOTIFY * HTTP/1.1
11-02 17:03:20.169 D/HTTPMUSocket( 2435): Server: Linux/3.18.24_hi3798mv2x UPnP/1.0 CyberLinkJava/1.8
11-02 17:03:20.169 D/HTTPMUSocket( 2435): Cache-Control: max-age=1800
11-02 17:03:20.169 D/HTTPMUSocket( 2435): Location: http://192.168.0.101:38520/description.xml
11-02 17:03:20.169 D/HTTPMUSocket( 2435): NTS: ssdp:alive
11-02 17:03:20.169 D/HTTPMUSocket( 2435): NT: uuid:418c7b66-86de-45d5-90fd-13e1eb88db7e
11-02 17:03:20.169 D/HTTPMUSocket( 2435): USN: uuid:418c7b66-86de-45d5-90fd-13e1eb88db7e
11-02 17:03:20.169 D/HTTPMUSocket( 2435): HOST: 239.255.255.250:1900
11-02 17:03:20.169 D/HTTPMUSocket( 2435): 
11-02 17:03:20.169 D/HTTPMUSocket( 2435): bindAddr:null and port:-1
11-02 17:03:20.170 D/HTTPMUSocket( 2435): /192.168.0.101
11-02 17:03:20.171 D/HTTPMUSocket( 2435): send msg:NOTIFY * HTTP/1.1
11-02 17:03:20.171 D/HTTPMUSocket( 2435): Server: Linux/3.18.24_hi3798mv2x UPnP/1.0 CyberLinkJava/1.8
11-02 17:03:20.171 D/HTTPMUSocket( 2435): Cache-Control: max-age=1800
11-02 17:03:20.171 D/HTTPMUSocket( 2435): Location: http://192.168.0.101:38520/description.xml
11-02 17:03:20.171 D/HTTPMUSocket( 2435): NTS: ssdp:alive
11-02 17:03:20.171 D/HTTPMUSocket( 2435): NT: urn:schemas-upnp-org:device:MediaServer:1
11-02 17:03:20.171 D/HTTPMUSocket( 2435): USN: uuid:418c7b66-86de-45d5-90fd-13e1eb88db7e::urn:schemas-upnp-org:device:MediaServer:1
11-02 17:03:20.171 D/HTTPMUSocket( 2435): HOST: 239.255.255.250:1900
11-02 17:03:20.171 D/HTTPMUSocket( 2435): 
11-02 17:03:20.171 D/HTTPMUSocket( 2435): bindAddr:null and port:-1
11-02 17:03:20.171 D/HTTPMUSocket( 2435): /192.168.0.101
11-02 17:03:20.172 D/Device  ( 2435): announce bindAddr=192.168.0.101,devLocation=http://192.168.0.101:38520/description.xml,location=http://192.168.0.101:38520/description.xml
11-02 17:03:20.172 D/Device  ( 2435): announce bindAddr=192.168.0.101,serviceDesUrl=
11-02 17:03:20.173 D/HTTPMUSocket( 2435): open addr=239.255.255.250,port=1900,bindAddr=192.168.0.101
11-02 17:03:20.177 D/TimerUtil( 2435): waitRandom time=300,waitTime=84
11-02 17:03:20.177 D/HTTPMUSocket( 2435): send msg:NOTIFY * HTTP/1.1
11-02 17:03:20.177 D/HTTPMUSocket( 2435): Server: Linux/3.18.24_hi3798mv2x UPnP/1.0 CyberLinkJava/1.8
11-02 17:03:20.177 D/HTTPMUSocket( 2435): Cache-Control: max-age=1800
11-02 17:03:20.177 D/HTTPMUSocket( 2435): Location: http://192.168.0.101:38520/description.xml
11-02 17:03:20.177 D/HTTPMUSocket( 2435): NTS: ssdp:alive
11-02 17:03:20.177 D/HTTPMUSocket( 2435): NT: urn:schemas-upnp-org:service:ContentDirectory:1
11-02 17:03:20.177 D/HTTPMUSocket( 2435): USN: uuid:418c7b66-86de-45d5-90fd-13e1eb88db7e::urn:schemas-upnp-org:service:ContentDirectory:1
11-02 17:03:20.177 D/HTTPMUSocket( 2435): HOST: 239.255.255.250:1900
11-02 17:03:20.177 D/HTTPMUSocket( 2435): 
11-02 17:03:20.177 D/HTTPMUSocket( 2435): bindAddr:null and port:-1
11-02 17:03:20.178 D/HTTPMUSocket( 2435): /192.168.0.101
11-02 17:03:20.178 D/Device  ( 2435): announce bindAddr=192.168.0.101,serviceDesUrl=
11-02 17:03:20.179 D/HTTPMUSocket( 2435): open addr=239.255.255.250,port=1900,bindAddr=192.168.0.101
11-02 17:03:20.183 D/TimerUtil( 2435): waitRandom time=300,waitTime=194
11-02 17:03:20.184 D/HTTPMUSocket( 2435): send msg:NOTIFY * HTTP/1.1
11-02 17:03:20.184 D/HTTPMUSocket( 2435): Server: Linux/3.18.24_hi3798mv2x UPnP/1.0 CyberLinkJava/1.8
11-02 17:03:20.184 D/HTTPMUSocket( 2435): Cache-Control: max-age=1800
11-02 17:03:20.184 D/HTTPMUSocket( 2435): Location: http://192.168.0.101:38520/description.xml
11-02 17:03:20.184 D/HTTPMUSocket( 2435): NTS: ssdp:alive
11-02 17:03:20.184 D/HTTPMUSocket( 2435): NT: urn:schemas-upnp-org:service:ConnectionManager:1
11-02 17:03:20.184 D/HTTPMUSocket( 2435): USN: uuid:418c7b66-86de-45d5-90fd-13e1eb88db7e::urn:schemas-upnp-org:service:ConnectionManager:1
11-02 17:03:20.184 D/HTTPMUSocket( 2435): HOST: 239.255.255.250:1900
11-02 17:03:20.184 D/HTTPMUSocket( 2435): 
11-02 17:03:20.184 D/HTTPMUSocket( 2435): bindAddr:null and port:-1
11-02 17:03:20.184 D/HTTPMUSocket( 2435): /192.168.0.101
11-02 17:03:20.185 D/Device  ( 2435): announce bindAddr=192.168.0.101,serviceDesUrl=
11-02 17:03:20.186 D/HTTPMUSocket( 2435): open addr=239.255.255.250,port=1900,bindAddr=192.168.0.101
11-02 17:03:20.189 D/TimerUtil( 2435): waitRandom time=300,waitTime=31
11-02 17:03:20.189 D/HTTPMUSocket( 2435): send msg:NOTIFY * HTTP/1.1
11-02 17:03:20.189 D/HTTPMUSocket( 2435): Server: Linux/3.18.24_hi3798mv2x UPnP/1.0 CyberLinkJava/1.8
11-02 17:03:20.189 D/HTTPMUSocket( 2435): Cache-Control: max-age=1800
11-02 17:03:20.189 D/HTTPMUSocket( 2435): Location: http://192.168.0.101:38520/description.xml
11-02 17:03:20.189 D/HTTPMUSocket( 2435): NTS: ssdp:alive
11-02 17:03:20.189 D/HTTPMUSocket( 2435): NT: urn:schemas-upnp-org:service:AVTransport:1
11-02 17:03:20.189 D/HTTPMUSocket( 2435): USN: uuid:418c7b66-86de-45d5-90fd-13e1eb88db7e::urn:schemas-upnp-org:service:AVTransport:1
11-02 17:03:20.189 D/HTTPMUSocket( 2435): HOST: 239.255.255.250:1900
11-02 17:03:20.189 D/HTTPMUSocket( 2435): 
11-02 17:03:20.189 D/HTTPMUSocket( 2435): bindAddr:null and port:-1
11-02 17:03:20.189 D/HTTPMUSocket( 2435): /192.168.0.101
11-02 17:03:20.190 D/Device  ( 2435): announce bindAddr=192.168.0.101,serviceDesUrl=
11-02 17:03:20.190 D/HTTPMUSocket( 2435): open addr=239.255.255.250,port=1900,bindAddr=192.168.0.101
11-02 17:03:20.191 D/TimerUtil( 2435): waitRandom time=300,waitTime=75
11-02 17:03:20.192 D/HTTPMUSocket( 2435): send msg:NOTIFY * HTTP/1.1
11-02 17:03:20.192 D/HTTPMUSocket( 2435): Server: Linux/3.18.24_hi3798mv2x UPnP/1.0 CyberLinkJava/1.8
11-02 17:03:20.192 D/HTTPMUSocket( 2435): Cache-Control: max-age=1800
11-02 17:03:20.192 D/HTTPMUSocket( 2435): Location: http://192.168.0.101:38520/description.xml
11-02 17:03:20.192 D/HTTPMUSocket( 2435): NTS: ssdp:alive
11-02 17:03:20.192 D/HTTPMUSocket( 2435): NT: urn:sumavision.com:service:X_SUMA_EVENT:1
11-02 17:03:20.192 D/HTTPMUSocket( 2435): USN: uuid:418c7b66-86de-45d5-90fd-13e1eb88db7e::urn:sumavision.com:service:X_SUMA_EVENT:1
11-02 17:03:20.192 D/HTTPMUSocket( 2435): HOST: 239.255.255.250:1900
11-02 17:03:20.192 D/HTTPMUSocket( 2435): 
11-02 17:03:20.192 D/HTTPMUSocket( 2435): bindAddr:null and port:-1
11-02 17:03:20.192 D/HTTPMUSocket( 2435): /192.168.0.101
11-02 17:03:20.192 D/Device  ( 2435): announce 1 bindAddress=192.168.0.103
11-02 17:03:20.192 D/HTTPMUSocket( 2435): open addr=239.255.255.250,port=1900,bindAddr=192.168.0.103
11-02 17:03:20.194 D/HTTPMUSocket( 2435): send msg:NOTIFY * HTTP/1.1
11-02 17:03:20.194 D/HTTPMUSocket( 2435): Server: Linux/3.18.24_hi3798mv2x UPnP/1.0 CyberLinkJava/1.8
11-02 17:03:20.194 D/HTTPMUSocket( 2435): Cache-Control: max-age=1800
11-02 17:03:20.194 D/HTTPMUSocket( 2435): Location: http://192.168.0.103:38520/description.xml
11-02 17:03:20.194 D/HTTPMUSocket( 2435): NTS: ssdp:alive
11-02 17:03:20.194 D/HTTPMUSocket( 2435): NT: upnp:rootdevice
11-02 17:03:20.194 D/HTTPMUSocket( 2435): USN: uuid:418c7b66-86de-45d5-90fd-13e1eb88db7e::upnp:rootdevice
11-02 17:03:20.194 D/HTTPMUSocket( 2435): HOST: 239.255.255.250:1900
11-02 17:03:20.194 D/HTTPMUSocket( 2435): 
11-02 17:03:20.194 D/HTTPMUSocket( 2435): bindAddr:null and port:-1
11-02 17:03:20.194 D/HTTPMUSocket( 2435): /192.168.0.103
11-02 17:03:20.194 D/HTTPMUSocket( 2435): send msg:NOTIFY * HTTP/1.1
11-02 17:03:20.194 D/HTTPMUSocket( 2435): Server: Linux/3.18.24_hi3798mv2x UPnP/1.0 CyberLinkJava/1.8
11-02 17:03:20.194 D/HTTPMUSocket( 2435): Cache-Control: max-age=1800
11-02 17:03:20.194 D/HTTPMUSocket( 2435): Location: http://192.168.0.103:38520/description.xml
11-02 17:03:20.194 D/HTTPMUSocket( 2435): NTS: ssdp:alive
11-02 17:03:20.194 D/HTTPMUSocket( 2435): NT: uuid:418c7b66-86de-45d5-90fd-13e1eb88db7e
11-02 17:03:20.194 D/HTTPMUSocket( 2435): USN: uuid:418c7b66-86de-45d5-90fd-13e1eb88db7e
11-02 17:03:20.194 D/HTTPMUSocket( 2435): HOST: 239.255.255.250:1900
11-02 17:03:20.194 D/HTTPMUSocket( 2435): 
11-02 17:03:20.194 D/HTTPMUSocket( 2435): bindAddr:null and port:-1
11-02 17:03:20.194 D/HTTPMUSocket( 2435): /192.168.0.103
11-02 17:03:20.195 D/HTTPMUSocket( 2435): send msg:NOTIFY * HTTP/1.1
11-02 17:03:20.195 D/HTTPMUSocket( 2435): Server: Linux/3.18.24_hi3798mv2x UPnP/1.0 CyberLinkJava/1.8
11-02 17:03:20.195 D/HTTPMUSocket( 2435): Cache-Control: max-age=1800
11-02 17:03:20.195 D/HTTPMUSocket( 2435): Location: http://192.168.0.103:38520/description.xml
11-02 17:03:20.195 D/HTTPMUSocket( 2435): NTS: ssdp:alive
11-02 17:03:20.195 D/HTTPMUSocket( 2435): NT: urn:schemas-upnp-org:device:MediaServer:1
11-02 17:03:20.195 D/HTTPMUSocket( 2435): USN: uuid:418c7b66-86de-45d5-90fd-13e1eb88db7e::urn:schemas-upnp-org:device:MediaServer:1
11-02 17:03:20.195 D/HTTPMUSocket( 2435): HOST: 239.255.255.250:1900
11-02 17:03:20.195 D/HTTPMUSocket( 2435): 
11-02 17:03:20.195 D/HTTPMUSocket( 2435): bindAddr:null and port:-1
11-02 17:03:20.195 D/HTTPMUSocket( 2435): /192.168.0.103
11-02 17:03:20.195 D/Device  ( 2435): announce bindAddr=192.168.0.103,devLocation=http://192.168.0.103:38520/description.xml,location=http://192.168.0.103:38520/description.xml
11-02 17:03:20.195 D/Device  ( 2435): announce bindAddr=192.168.0.103,serviceDesUrl=
11-02 17:03:20.195 D/HTTPMUSocket( 2435): open addr=239.255.255.250,port=1900,bindAddr=192.168.0.103
11-02 17:03:20.196 D/TimerUtil( 2435): waitRandom time=300,waitTime=155
11-02 17:03:20.197 D/HTTPMUSocket( 2435): send msg:NOTIFY * HTTP/1.1
11-02 17:03:20.197 D/HTTPMUSocket( 2435): Server: Linux/3.18.24_hi3798mv2x UPnP/1.0 CyberLinkJava/1.8
11-02 17:03:20.197 D/HTTPMUSocket( 2435): Cache-Control: max-age=1800
11-02 17:03:20.197 D/HTTPMUSocket( 2435): Location: http://192.168.0.103:38520/description.xml
11-02 17:03:20.197 D/HTTPMUSocket( 2435): NTS: ssdp:alive
11-02 17:03:20.197 D/HTTPMUSocket( 2435): NT: urn:schemas-upnp-org:service:ContentDirectory:1
11-02 17:03:20.197 D/HTTPMUSocket( 2435): USN: uuid:418c7b66-86de-45d5-90fd-13e1eb88db7e::urn:schemas-upnp-org:service:ContentDirectory:1
11-02 17:03:20.197 D/HTTPMUSocket( 2435): HOST: 239.255.255.250:1900
11-02 17:03:20.197 D/HTTPMUSocket( 2435): 
11-02 17:03:20.197 D/HTTPMUSocket( 2435): bindAddr:null and port:-1
11-02 17:03:20.197 D/HTTPMUSocket( 2435): /192.168.0.103
11-02 17:03:20.197 D/Device  ( 2435): announce bindAddr=192.168.0.103,serviceDesUrl=
11-02 17:03:20.197 D/HTTPMUSocket( 2435): open addr=239.255.255.250,port=1900,bindAddr=192.168.0.103
11-02 17:03:20.199 D/TimerUtil( 2435): waitRandom time=300,waitTime=5
11-02 17:03:20.199 D/HTTPMUSocket( 2435): send msg:NOTIFY * HTTP/1.1
11-02 17:03:20.199 D/HTTPMUSocket( 2435): Server: Linux/3.18.24_hi3798mv2x UPnP/1.0 CyberLinkJava/1.8
11-02 17:03:20.199 D/HTTPMUSocket( 2435): Cache-Control: max-age=1800
11-02 17:03:20.199 D/HTTPMUSocket( 2435): Location: http://192.168.0.103:38520/description.xml
11-02 17:03:20.199 D/HTTPMUSocket( 2435): NTS: ssdp:alive
11-02 17:03:20.199 D/HTTPMUSocket( 2435): NT: urn:schemas-upnp-org:service:ConnectionManager:1
11-02 17:03:20.199 D/HTTPMUSocket( 2435): USN: uuid:418c7b66-86de-45d5-90fd-13e1eb88db7e::urn:schemas-upnp-org:service:ConnectionManager:1
11-02 17:03:20.199 D/HTTPMUSocket( 2435): HOST: 239.255.255.250:1900
11-02 17:03:20.199 D/HTTPMUSocket( 2435): 
11-02 17:03:20.199 D/HTTPMUSocket( 2435): bindAddr:null and port:-1
11-02 17:03:20.199 D/HTTPMUSocket( 2435): /192.168.0.103
11-02 17:03:20.199 D/Device  ( 2435): announce bindAddr=192.168.0.103,serviceDesUrl=
11-02 17:03:20.199 D/HTTPMUSocket( 2435): open addr=239.255.255.250,port=1900,bindAddr=192.168.0.103
11-02 17:03:20.201 D/TimerUtil( 2435): waitRandom time=300,waitTime=194
11-02 17:03:20.201 D/HTTPMUSocket( 2435): send msg:NOTIFY * HTTP/1.1
11-02 17:03:20.201 D/HTTPMUSocket( 2435): Server: Linux/3.18.24_hi3798mv2x UPnP/1.0 CyberLinkJava/1.8
11-02 17:03:20.201 D/HTTPMUSocket( 2435): Cache-Control: max-age=1800
11-02 17:03:20.201 D/HTTPMUSocket( 2435): Location: http://192.168.0.103:38520/description.xml
11-02 17:03:20.201 D/HTTPMUSocket( 2435): NTS: ssdp:alive
11-02 17:03:20.201 D/HTTPMUSocket( 2435): NT: urn:schemas-upnp-org:service:AVTransport:1
11-02 17:03:20.201 D/HTTPMUSocket( 2435): USN: uuid:418c7b66-86de-45d5-90fd-13e1eb88db7e::urn:schemas-upnp-org:service:AVTransport:1
11-02 17:03:20.201 D/HTTPMUSocket( 2435): HOST: 239.255.255.250:1900
11-02 17:03:20.201 D/HTTPMUSocket( 2435): 
11-02 17:03:20.201 D/HTTPMUSocket( 2435): bindAddr:null and port:-1
11-02 17:03:20.201 D/HTTPMUSocket( 2435): /192.168.0.103
11-02 17:03:20.201 D/Device  ( 2435): announce bindAddr=192.168.0.103,serviceDesUrl=
11-02 17:03:20.201 D/HTTPMUSocket( 2435): open addr=239.255.255.250,port=1900,bindAddr=192.168.0.103
11-02 17:03:20.203 D/TimerUtil( 2435): waitRandom time=300,waitTime=157
11-02 17:03:20.203 D/HTTPMUSocket( 2435): send msg:NOTIFY * HTTP/1.1
11-02 17:03:20.203 D/HTTPMUSocket( 2435): Server: Linux/3.18.24_hi3798mv2x UPnP/1.0 CyberLinkJava/1.8
11-02 17:03:20.203 D/HTTPMUSocket( 2435): Cache-Control: max-age=1800
11-02 17:03:20.203 D/HTTPMUSocket( 2435): Location: http://192.168.0.103:38520/description.xml
11-02 17:03:20.203 D/HTTPMUSocket( 2435): NTS: ssdp:alive
11-02 17:03:20.203 D/HTTPMUSocket( 2435): NT: urn:sumavision.com:service:X_SUMA_EVENT:1
11-02 17:03:20.203 D/HTTPMUSocket( 2435): USN: uuid:418c7b66-86de-45d5-90fd-13e1eb88db7e::urn:sumavision.com:service:X_SUMA_EVENT:1
11-02 17:03:20.203 D/HTTPMUSocket( 2435): HOST: 239.255.255.250:1900
11-02 17:03:20.203 D/HTTPMUSocket( 2435): 
11-02 17:03:20.203 D/HTTPMUSocket( 2435): bindAddr:null and port:-1
11-02 17:03:20.203 D/HTTPMUSocket( 2435): /192.168.0.103
11-02 17:03:20.203 D/Advertiser( 2435): Advertise12:49000 at time:1509613400203 with thread:org.cybergarage.d.b.a@3ddc238
11-02 17:03:20.648 D/BackBootDealerNeimeng( 2382): standbyState:
11-02 17:03:20.649 E/NetUtils( 1990): Interface eth0 LinkUp!
11-02 17:03:20.777 D/HTTPServerThread( 2435): HTTP SOCKET IS:Socket[address=/192.168.0.100,port=50900,localPort=38520]
11-02 17:03:20.777 D/MediaServer( 2435): httpReq = GET /description.xml HTTP/1.1
11-02 17:03:20.777 D/MediaServer( 2435): Cache-Control: no-cache
11-02 17:03:20.777 D/MediaServer( 2435): Connection: Keep-Alive
11-02 17:03:20.777 D/MediaServer( 2435): Pragma: no-cache
11-02 17:03:20.777 D/MediaServer( 2435): Accept: text/xml, application/xml
11-02 17:03:20.777 D/MediaServer( 2435): User-Agent: DAFUPnP
11-02 17:03:20.777 D/MediaServer( 2435): Host: 192.168.0.103:38520
11-02 17:03:20.777 D/MediaServer( 2435): 
11-02 17:03:20.777 D/Device  ( 2435): LWJ--httpGetRequestRecieved(httpReq)
11-02 17:03:20.777 D/Device  ( 2435): httpGetRequestRecieved = /description.xml
11-02 17:03:20.780 D/HTTPRequest( 2435): post httpResponse location=
11-02 17:03:20.801 D/HTTPServerThread( 2435): HTTP SOCKET IS:Socket[address=/192.168.0.100,port=50900,localPort=38520]
11-02 17:03:20.801 D/MediaServer( 2435): httpReq = GET /description.xml HTTP/1.1
11-02 17:03:20.801 D/MediaServer( 2435): Cache-Control: no-cache
11-02 17:03:20.801 D/MediaServer( 2435): Connection: Close
11-02 17:03:20.801 D/MediaServer( 2435): Pragma: no-cache
11-02 17:03:20.801 D/MediaServer( 2435): Accept: text/xml, application/xml
11-02 17:03:20.801 D/MediaServer( 2435): User-Agent: Microsoft-Windows/10.0 UPnP/1.0
11-02 17:03:20.801 D/MediaServer( 2435): Host: 192.168.0.103:38520
11-02 17:03:20.801 D/MediaServer( 2435): 
11-02 17:03:20.801 D/Device  ( 2435): LWJ--httpGetRequestRecieved(httpReq)
11-02 17:03:20.801 D/Device  ( 2435): httpGetRequestRecieved = /description.xml
11-02 17:03:20.803 D/HTTPRequest( 2435): post httpResponse location=
11-02 17:03:20.804 D/HTTPServerThread( 2435): close http socket:Socket[address=/192.168.0.100,port=50900,localPort=38520]
11-02 17:03:20.829 D/HTTPServerThread( 2435): HTTP SOCKET IS:Socket[address=/192.168.0.100,port=50901,localPort=38520]
11-02 17:03:20.829 D/MediaServer( 2435): httpReq = GET /service/ContentDirectory1.xml HTTP/1.1
11-02 17:03:20.829 D/MediaServer( 2435): Cache-Control: no-cache
11-02 17:03:20.829 D/MediaServer( 2435): Connection: Close
11-02 17:03:20.829 D/MediaServer( 2435): Pragma: no-cache
11-02 17:03:20.829 D/MediaServer( 2435): Accept: text/xml, application/xml
11-02 17:03:20.829 D/MediaServer( 2435): User-Agent: Microsoft-Windows/10.0 UPnP/1.0
11-02 17:03:20.829 D/MediaServer( 2435): Host: 192.168.0.103:38520
11-02 17:03:20.829 D/MediaServer( 2435): 
11-02 17:03:20.829 D/Device  ( 2435): LWJ--httpGetRequestRecieved(httpReq)
11-02 17:03:20.829 D/Device  ( 2435): httpGetRequestRecieved = /service/ContentDirectory1.xml
11-02 17:03:20.844 D/HTTPRequest( 2435): post httpResponse location=
11-02 17:03:20.844 D/HTTPServerThread( 2435): close http socket:Socket[address=/192.168.0.100,port=50901,localPort=38520]
11-02 17:03:20.862 D/BasicFigure( 2501): [TN_GLThread 74]isDrawFocused relyElement=[BaseElement@574e220]focusScale[1.15]elementAlpha[-1.0]refectAlpha[-1.0]isFocusAble[true]shadowIndex[-1]autoJumpType[-1]uniqueID[54resSize0]rect[NULL]
11-02 17:03:20.862 D/BasicFigure( 2501): [TN_GLThread 74]isDrawFocused basicFigure=com.suma.midware.view.b.c.c@346a37d9
11-02 17:03:21.149 D/BackBootDealerNeimeng( 2382): standbyState:
11-02 17:03:21.150 E/NetUtils( 1990): Interface eth0 LinkUp!
11-02 17:03:21.198 D/HTTPServerThread( 2435): HTTP SOCKET IS:Socket[address=/192.168.0.100,port=50902,localPort=38520]
11-02 17:03:21.198 D/MediaServer( 2435): httpReq = GET /description.xml HTTP/1.1
11-02 17:03:21.198 D/MediaServer( 2435): Cache-Control: no-cache
11-02 17:03:21.198 D/MediaServer( 2435): Connection: Keep-Alive
11-02 17:03:21.198 D/MediaServer( 2435): Pragma: no-cache
11-02 17:03:21.198 D/MediaServer( 2435): Accept: text/xml, application/xml
11-02 17:03:21.198 D/MediaServer( 2435): User-Agent: DAFUPnP
11-02 17:03:21.198 D/MediaServer( 2435): Host: 192.168.0.103:38520
11-02 17:03:21.198 D/MediaServer( 2435): 
11-02 17:03:21.198 D/Device  ( 2435): LWJ--httpGetRequestRecieved(httpReq)
11-02 17:03:21.198 D/Device  ( 2435): httpGetRequestRecieved = /description.xml
11-02 17:03:21.209 D/HTTPRequest( 2435): post httpResponse location=
11-02 17:03:21.222 D/HTTPServerThread( 2435): HTTP SOCKET IS:Socket[address=/192.168.0.100,port=50902,localPort=38520]
11-02 17:03:21.225 D/MediaServer( 2435): httpReq = GET /description.xml HTTP/1.1
11-02 17:03:21.225 D/MediaServer( 2435): Cache-Control: no-cache
11-02 17:03:21.225 D/MediaServer( 2435): Connection: Close
11-02 17:03:21.225 D/MediaServer( 2435): Pragma: no-cache
11-02 17:03:21.225 D/MediaServer( 2435): Accept: text/xml, application/xml
11-02 17:03:21.225 D/MediaServer( 2435): User-Agent: Microsoft-Windows/10.0 UPnP/1.0
11-02 17:03:21.225 D/MediaServer( 2435): Host: 192.168.0.103:38520
11-02 17:03:21.225 D/MediaServer( 2435): 
11-02 17:03:21.225 D/Device  ( 2435): LWJ--httpGetRequestRecieved(httpReq)
11-02 17:03:21.225 D/Device  ( 2435): httpGetRequestRecieved = /description.xml
11-02 17:03:21.234 D/HTTPRequest( 2435): post httpResponse location=
11-02 17:03:21.235 D/HTTPServerThread( 2435): close http socket:Socket[address=/192.168.0.100,port=50902,localPort=38520]
11-02 17:03:21.386 D/HTTPServerThread( 2435): HTTP SOCKET IS:Socket[address=/192.168.0.100,port=50903,localPort=38520]
11-02 17:03:21.387 D/MediaServer( 2435): httpReq = GET /service/ContentDirectory1.xml HTTP/1.1
11-02 17:03:21.387 D/MediaServer( 2435): Cache-Control: no-cache
11-02 17:03:21.387 D/MediaServer( 2435): Connection: Close
11-02 17:03:21.387 D/MediaServer( 2435): Pragma: no-cache
11-02 17:03:21.387 D/MediaServer( 2435): Accept: text/xml, application/xml
11-02 17:03:21.387 D/MediaServer( 2435): User-Agent: Microsoft-Windows/10.0 UPnP/1.0
11-02 17:03:21.387 D/MediaServer( 2435): Host: 192.168.0.103:38520
11-02 17:03:21.387 D/MediaServer( 2435): 
11-02 17:03:21.387 D/Device  ( 2435): LWJ--httpGetRequestRecieved(httpReq)
11-02 17:03:21.387 D/Device  ( 2435): httpGetRequestRecieved = /service/ContentDirectory1.xml
11-02 17:03:21.425 D/HTTPRequest( 2435): post httpResponse location=
11-02 17:03:21.426 D/HTTPServerThread( 2435): close http socket:Socket[address=/192.168.0.100,port=50903,localPort=38520]
11-02 17:03:21.651 D/BackBootDealerNeimeng( 2382): standbyState:
11-02 17:03:21.651 E/NetUtils( 1990): Interface eth0 LinkUp!
11-02 17:03:21.880 D/BasicFigure( 2501): [TN_GLThread 74]isDrawFocused relyElement=[BaseElement@574e220]focusScale[1.15]elementAlpha[-1.0]refectAlpha[-1.0]isFocusAble[true]shadowIndex[-1]autoJumpType[-1]uniqueID[54resSize0]rect[NULL]
11-02 17:03:21.880 D/BasicFigure( 2501): [TN_GLThread 74]isDrawFocused basicFigure=com.suma.midware.view.b.c.c@346a37d9
11-02 17:03:22.152 D/BackBootDealerNeimeng( 2382): standbyState:
11-02 17:03:22.153 E/NetUtils( 1990): Interface eth0 LinkUp!
11-02 17:03:22.457 D/IPLoaderNeimeng( 2382): after wait time17:03:22:monitorInterval:5000
11-02 17:03:22.458 D/IPLoaderNeimeng( 2382): before dealUpdateCheck time:17:03:22:isMsgBroadcast:false:monitorInterval:5000:processState:1
11-02 17:03:22.458 D/IPLoaderNeimeng( 2382): dealUpdateCheck isFirstSuccessUpdate:false:monitorInterval:5000
11-02 17:03:22.458 D/LoadHttpHandler( 2382): [TN_ThreadUtil-4]doNormal proxyConfig=null
11-02 17:03:22.517 D/LoadHttpHandler( 2382): [TN_ThreadUtil-4]doNormal responseCode=404
11-02 17:03:22.518 D/LoadHttpTask( 2382): dealUpdateCheck responseCode:404:data:null:downloadResult:false
11-02 17:03:22.518 D/IPLoaderNeimeng( 2382): after dealUpdateCheck time:17:03:22:isMsgBroadcast:false:monitorInterval:5000:processState:1
11-02 17:03:22.519 D/IPLoaderNeimeng( 2382): before wait time17:03:22:monitorInterval:5000
11-02 17:03:22.653 D/BackBootDealerNeimeng( 2382): standbyState:
11-02 17:03:22.654 E/NetUtils( 1990): Interface eth0 LinkUp!
11-02 17:03:22.900 D/BasicFigure( 2501): [TN_GLThread 74]isDrawFocused relyElement=[BaseElement@574e220]focusScale[1.15]elementAlpha[-1.0]refectAlpha[-1.0]isFocusAble[true]shadowIndex[-1]autoJumpType[-1]uniqueID[54resSize0]rect[NULL]
11-02 17:03:22.900 D/BasicFigure( 2501): [TN_GLThread 74]isDrawFocused basicFigure=com.suma.midware.view.b.c.c@346a37d9
11-02 17:03:23.155 D/BackBootDealerNeimeng( 2382): standbyState:
11-02 17:03:23.155 E/NetUtils( 1990): Interface eth0 LinkUp!
11-02 17:03:23.656 D/BackBootDealerNeimeng( 2382): standbyState:
11-02 17:03:23.656 E/NetUtils( 1990): Interface eth0 LinkUp!
11-02 17:03:23.907 D/BasicFigure( 2501): [TN_GLThread 74]isDrawFocused relyElement=[BaseElement@574e220]focusScale[1.15]elementAlpha[-1.0]refectAlpha[-1.0]isFocusAble[true]shadowIndex[-1]autoJumpType[-1]uniqueID[54resSize0]rect[NULL]
11-02 17:03:23.907 D/BasicFigure( 2501): [TN_GLThread 74]isDrawFocused basicFigure=com.suma.midware.view.b.c.c@346a37d9
11-02 17:03:24.157 D/BackBootDealerNeimeng( 2382): standbyState:
11-02 17:03:24.158 E/NetUtils( 1990): Interface eth0 LinkUp!
11-02 17:03:24.658 D/BackBootDealerNeimeng( 2382): standbyState:
11-02 17:03:24.659 E/NetUtils( 1990): Interface eth0 LinkUp!
11-02 17:03:24.926 D/BasicFigure( 2501): [TN_GLThread 74]isDrawFocused relyElement=[BaseElement@574e220]focusScale[1.15]elementAlpha[-1.0]refectAlpha[-1.0]isFocusAble[true]shadowIndex[-1]autoJumpType[-1]uniqueID[54resSize0]rect[NULL]
11-02 17:03:24.926 D/BasicFigure( 2501): [TN_GLThread 74]isDrawFocused basicFigure=com.suma.midware.view.b.c.c@346a37d9
11-02 17:03:25.160 D/BackBootDealerNeimeng( 2382): standbyState:
11-02 17:03:25.160 E/NetUtils( 1990): Interface eth0 LinkUp!
11-02 17:03:25.661 D/BackBootDealerNeimeng( 2382): standbyState:
11-02 17:03:25.662 E/NetUtils( 1990): Interface eth0 LinkUp!
11-02 17:03:25.945 D/BasicFigure( 2501): [TN_GLThread 74]isDrawFocused relyElement=[BaseElement@574e220]focusScale[1.15]elementAlpha[-1.0]refectAlpha[-1.0]isFocusAble[true]shadowIndex[-1]autoJumpType[-1]uniqueID[54resSize0]rect[NULL]
11-02 17:03:25.946 D/BasicFigure( 2501): [TN_GLThread 74]isDrawFocused basicFigure=com.suma.midware.view.b.c.c@346a37d9
11-02 17:03:26.162 D/BackBootDealerNeimeng( 2382): standbyState:
11-02 17:03:26.163 E/NetUtils( 1990): Interface eth0 LinkUp!
11-02 17:03:26.599 D/ConfigUpdateOttAdmin( 2501): [TN_ThreadUtil-0]dealUpdateCheck menuConfig=[MenuConfig@f5d]configID[3840]configAlias[homeConfig]configName[home_config.dat]version[1]isFilePath1[false]rootView[com.suma.midware.home.third.h{20745128 VFE..... .F...... 0,0-1280,720}]rootLayout[null]
11-02 17:03:26.599 D/FileIOUtil( 2501): [TN_ThreadUtil-0]deleteFile filePath=/data/user/0/com.suma.midware.home/files/launcherRes/f00/1/,containRootDir=false
11-02 17:03:26.599 D/FileIOUtil( 2501): [TN_ThreadUtil-0]deleteFile file=/data/user/0/com.suma.midware.home/files/launcherRes/f00/1,containRootDir=false
11-02 17:03:26.599 E/ConfigUpdateNeimengOttAdmin( 2501): [TN_ThreadUtil-0]checkConfig url=http://tvos-launcher.96066.com:8082/LancherWeb/getLauncherUpdatePackage?areaCode=&serialNumber=15510217310112851&standardVersion=1.0&mac=&hardVersion=04.01.01.02&launcherVersion=0&locationCode=0&cardOutID=8150010653229443&softVersion=03.16.00.03&type=1&model=8
11-02 17:03:26.600 D/LoadHttpHandler( 2501): [TN_ThreadUtil-0]doNormal proxyConfig=null
11-02 17:03:26.664 D/BackBootDealerNeimeng( 2382): standbyState:
11-02 17:03:26.665 E/NetUtils( 1990): Interface eth0 LinkUp!
11-02 17:03:26.708 D/LoadHttpHandler( 2501): [TN_ThreadUtil-0]doNormal responseCode=200
11-02 17:03:26.708 D/LoadHttpHandler( 2501): [TN_ThreadUtil-0]doNormal savePath=null,fileName=null,total=-1
11-02 17:03:26.708 E/ConfigUpdateNeimengOttAdmin( 2501): [TN_ThreadUtil-0]data: {"status":"0","errorMessage":"","data":""}
11-02 17:03:26.708 E/ConfigUpdateNeimengOttAdmin( 2501): [TN_ThreadUtil-0]checkConfig illegal version is null
11-02 17:03:26.953 D/BasicFigure( 2501): [TN_GLThread 74]isDrawFocused relyElement=[BaseElement@574e220]focusScale[1.15]elementAlpha[-1.0]refectAlpha[-1.0]isFocusAble[true]shadowIndex[-1]autoJumpType[-1]uniqueID[54resSize0]rect[NULL]
11-02 17:03:26.953 D/BasicFigure( 2501): [TN_GLThread 74]isDrawFocused basicFigure=com.suma.midware.view.b.c.c@346a37d9
11-02 17:03:27.165 D/BackBootDealerNeimeng( 2382): standbyState:
11-02 17:03:27.166 E/NetUtils( 1990): Interface eth0 LinkUp!
11-02 17:03:27.666 D/BackBootDealerNeimeng( 2382): standbyState:
11-02 17:03:27.667 E/NetUtils( 1990): Interface eth0 LinkUp!
11-02 17:03:27.972 D/BasicFigure( 2501): [TN_GLThread 74]isDrawFocused relyElement=[BaseElement@574e220]focusScale[1.15]elementAlpha[-1.0]refectAlpha[-1.0]isFocusAble[true]shadowIndex[-1]autoJumpType[-1]uniqueID[54resSize0]rect[NULL]
11-02 17:03:27.972 D/BasicFigure( 2501): [TN_GLThread 74]isDrawFocused basicFigure=com.suma.midware.view.b.c.c@346a37d9
11-02 17:03:28.167 D/BackBootDealerNeimeng( 2382): standbyState:
11-02 17:03:28.168 E/NetUtils( 1990): Interface eth0 LinkUp!
11-02 17:03:28.239 D/AppUtil ( 2382): [TN_ThreadUtil-1]getActivityPkg index=0,comp=ComponentInfo{com.suma.midware.home/com.suma.midware.home.third.Main3DActivity}
11-02 17:03:28.239 D/AppKiller( 2382): [TN_ThreadUtil-1]backKill curPkgName=com.suma.midware.home
11-02 17:03:28.529 E/NetUtils( 1990): Interface eth0 LinkUp!
11-02 17:03:28.669 D/BackBootDealerNeimeng( 2382): standbyState:
11-02 17:03:28.670 E/NetUtils( 1990): Interface eth0 LinkUp!
11-02 17:03:28.992 D/BasicFigure( 2501): [TN_GLThread 74]isDrawFocused relyElement=[BaseElement@574e220]focusScale[1.15]elementAlpha[-1.0]refectAlpha[-1.0]isFocusAble[true]shadowIndex[-1]autoJumpType[-1]uniqueID[54resSize0]rect[NULL]
11-02 17:03:28.992 D/BasicFigure( 2501): [TN_GLThread 74]isDrawFocused basicFigure=com.suma.midware.view.b.c.c@346a37d9
11-02 17:03:29.170 D/BackBootDealerNeimeng( 2382): standbyState:
11-02 17:03:29.171 E/NetUtils( 1990): Interface eth0 LinkUp!
11-02 17:03:29.672 D/BackBootDealerNeimeng( 2382): standbyState:
11-02 17:03:29.672 E/NetUtils( 1990): Interface eth0 LinkUp!
11-02 17:03:29.999 D/BasicFigure( 2501): [TN_GLThread 74]isDrawFocused relyElement=[BaseElement@574e220]focusScale[1.15]elementAlpha[-1.0]refectAlpha[-1.0]isFocusAble[true]shadowIndex[-1]autoJumpType[-1]uniqueID[54resSize0]rect[NULL]
11-02 17:03:29.999 D/BasicFigure( 2501): [TN_GLThread 74]isDrawFocused basicFigure=com.suma.midware.view.b.c.c@346a37d9
11-02 17:03:30.173 D/BackBootDealerNeimeng( 2382): standbyState:
11-02 17:03:30.173 E/NetUtils( 1990): Interface eth0 LinkUp!
11-02 17:03:30.674 D/BackBootDealerNeimeng( 2382): standbyState:
11-02 17:03:30.674 E/NetUtils( 1990): Interface eth0 LinkUp!
11-02 17:03:31.018 D/BasicFigure( 2501): [TN_GLThread 74]isDrawFocused relyElement=[BaseElement@574e220]focusScale[1.15]elementAlpha[-1.0]refectAlpha[-1.0]isFocusAble[true]shadowIndex[-1]autoJumpType[-1]uniqueID[54resSize0]rect[NULL]
11-02 17:03:31.018 D/BasicFigure( 2501): [TN_GLThread 74]isDrawFocused basicFigure=com.suma.midware.view.b.c.c@346a37d9
11-02 17:03:31.175 D/BackBootDealerNeimeng( 2382): standbyState:
11-02 17:03:31.176 E/NetUtils( 1990): Interface eth0 LinkUp!
11-02 17:03:31.676 D/BackBootDealerNeimeng( 2382): standbyState:
11-02 17:03:31.677 E/NetUtils( 1990): Interface eth0 LinkUp!
11-02 17:03:32.037 D/BasicFigure( 2501): [TN_GLThread 74]isDrawFocused relyElement=[BaseElement@574e220]focusScale[1.15]elementAlpha[-1.0]refectAlpha[-1.0]isFocusAble[true]shadowIndex[-1]autoJumpType[-1]uniqueID[54resSize0]rect[NULL]
11-02 17:03:32.037 D/BasicFigure( 2501): [TN_GLThread 74]isDrawFocused basicFigure=com.suma.midware.view.b.c.c@346a37d9
11-02 17:03:32.177 D/BackBootDealerNeimeng( 2382): standbyState:
11-02 17:03:32.178 E/NetUtils( 1990): Interface eth0 LinkUp!
11-02 17:03:32.679 D/BackBootDealerNeimeng( 2382): standbyState:
11-02 17:03:32.680 E/NetUtils( 1990): Interface eth0 LinkUp!
11-02 17:03:33.057 D/BasicFigure( 2501): [TN_GLThread 74]isDrawFocused relyElement=[BaseElement@574e220]focusScale[1.15]elementAlpha[-1.0]refectAlpha[-1.0]isFocusAble[true]shadowIndex[-1]autoJumpType[-1]uniqueID[54resSize0]rect[NULL]
11-02 17:03:33.057 D/BasicFigure( 2501): [TN_GLThread 74]isDrawFocused basicFigure=com.suma.midware.view.b.c.c@346a37d9
11-02 17:03:33.180 D/BackBootDealerNeimeng( 2382): standbyState:
11-02 17:03:33.181 E/NetUtils( 1990): Interface eth0 LinkUp!
11-02 17:03:33.681 D/BackBootDealerNeimeng( 2382): standbyState:
11-02 17:03:33.682 E/NetUtils( 1990): Interface eth0 LinkUp!
11-02 17:03:34.076 D/BasicFigure( 2501): [TN_GLThread 74]isDrawFocused relyElement=[BaseElement@574e220]focusScale[1.15]elementAlpha[-1.0]refectAlpha[-1.0]isFocusAble[true]shadowIndex[-1]autoJumpType[-1]uniqueID[54resSize0]rect[NULL]
11-02 17:03:34.076 D/BasicFigure( 2501): [TN_GLThread 74]isDrawFocused basicFigure=com.suma.midware.view.b.c.c@346a37d9
11-02 17:03:34.183 D/BackBootDealerNeimeng( 2382): standbyState:
11-02 17:03:34.184 E/NetUtils( 1990): Interface eth0 LinkUp!
11-02 17:03:34.684 D/BackBootDealerNeimeng( 2382): standbyState:
11-02 17:03:34.685 E/NetUtils( 1990): Interface eth0 LinkUp!
11-02 17:03:35.096 D/BasicFigure( 2501): [TN_GLThread 74]isDrawFocused relyElement=[BaseElement@574e220]focusScale[1.15]elementAlpha[-1.0]refectAlpha[-1.0]isFocusAble[true]shadowIndex[-1]autoJumpType[-1]uniqueID[54resSize0]rect[NULL]
11-02 17:03:35.096 D/BasicFigure( 2501): [TN_GLThread 74]isDrawFocused basicFigure=com.suma.midware.view.b.c.c@346a37d9
11-02 17:03:35.186 D/BackBootDealerNeimeng( 2382): standbyState:
11-02 17:03:35.186 E/NetUtils( 1990): Interface eth0 LinkUp!
11-02 17:03:35.687 D/BackBootDealerNeimeng( 2382): standbyState:
11-02 17:03:35.687 E/NetUtils( 1990): Interface eth0 LinkUp!
11-02 17:03:36.116 D/BasicFigure( 2501): [TN_GLThread 74]isDrawFocused relyElement=[BaseElement@574e220]focusScale[1.15]elementAlpha[-1.0]refectAlpha[-1.0]isFocusAble[true]shadowIndex[-1]autoJumpType[-1]uniqueID[54resSize0]rect[NULL]
11-02 17:03:36.116 D/BasicFigure( 2501): [TN_GLThread 74]isDrawFocused basicFigure=com.suma.midware.view.b.c.c@346a37d9
11-02 17:03:36.177 E/WifiStateMachine( 1990): WifiStateMachine CMD_START_SCAN source -2 txSuccessRate=1.70 rxSuccessRate=2.49 targetRoamBSSID=e4:f3:f5:aa:ad:88 RSSI=-33
11-02 17:03:36.178 E/WifiStateMachine( 1990): WifiStateMachine starting scan for "ipanel"WPA_PSK with 2467
11-02 17:03:36.188 D/BackBootDealerNeimeng( 2382): standbyState:
11-02 17:03:36.188 E/NetUtils( 1990): Interface eth0 LinkUp!
11-02 17:03:36.689 D/BackBootDealerNeimeng( 2382): standbyState:
11-02 17:03:36.689 E/NetUtils( 1990): Interface eth0 LinkUp!
11-02 17:03:36.907 I/EthernetNetworkFactory( 1990): updateInterfaceState :the mIface is:eth0iface is wlan0 true
11-02 17:03:36.910 E/WifiAutoJoinController ( 1990): GDWL 86:79:73:27:8c:19 rssi=-37 cap [WPA-PSK-CCMP][WPA2-PSK-CCMP][ESS] is not scored
11-02 17:03:36.910 E/WifiAutoJoinController ( 1990):  84:79:73:27:8c:19 rssi=-30 cap [WEP][ESS] is not scored
11-02 17:03:36.910 E/WifiAutoJoinController ( 1990): MERCURY_EDE4 e4:f3:f5:6a:ed:e4 rssi=-52 cap [ESS] is not scored
11-02 17:03:36.910 E/WifiAutoJoinController ( 1990): Office_Net e4:f3:f5:a4:00:c0 rssi=-66 cap [WPA-PSK-CCMP][WPA2-PSK-CCMP][ESS] is not scored
11-02 17:03:36.910 E/WifiAutoJoinController ( 1990): WLGS 1c:fa:68:05:a3:5a rssi=-74 cap [WPA-PSK-CCMP][WPA2-PSK-CCMP][WPS][ESS] is not scored
11-02 17:03:36.910 E/WifiAutoJoinController ( 1990): ipanel e4:f3:f5:aa:ad:88 rssi=-33 cap [WPA-PSK-CCMP][WPA2-PSK-CCMP][ESS] is not scored
11-02 17:03:36.910 E/WifiAutoJoinController ( 1990): ageScanResultsOut delay 40000 size 6 now 1509613416910
11-02 17:03:36.910 E/WifiAutoJoinController ( 1990): newSupplicantResults size=6 known=1 true
11-02 17:03:36.911 E/WifiAutoJoinController ( 1990): attemptAutoJoin() status=bssid=e4:f3:f5:aa:ad:88
11-02 17:03:36.911 E/WifiAutoJoinController ( 1990): freq=2467
11-02 17:03:36.911 E/WifiAutoJoinController ( 1990): ssid=ipanel
11-02 17:03:36.911 E/WifiAutoJoinController ( 1990): id=1
11-02 17:03:36.911 E/WifiAutoJoinController ( 1990): mode=station
11-02 17:03:36.911 E/WifiAutoJoinController ( 1990): pairwise_cipher=CCMP
11-02 17:03:36.911 E/WifiAutoJoinController ( 1990): group_cipher=CCMP
11-02 17:03:36.911 E/WifiAutoJoinController ( 1990): key_mgmt=WPA2-PSK
11-02 17:03:36.911 E/WifiAutoJoinController ( 1990): wpa_state=COMPLETED
11-02 17:03:36.911 E/WifiAutoJoinController ( 1990): ip_address=192.168.0.101
