11-02 16:57:49.923 W/ContextImpl( 2382): Calling a method in the system process without a qualified user: android.app.ContextImpl.sendBroadcast:1345 android.content.ContextWrapper.sendBroadcast:377 com.suma.midware.back.esg.e.f:-1 com.suma.midware.back.esg.f.run:-1 com.suma.midware.prop.util.c.run:-1 
11-02 16:58:52.984 W/ContextImpl( 2382): Calling a method in the system process without a qualified user: android.app.ContextImpl.sendBroadcast:1345 android.content.ContextWrapper.sendBroadcast:377 com.suma.midware.back.esg.e.f:-1 com.suma.midware.back.esg.f.run:-1 com.suma.midware.prop.util.c.run:-1 
11-02 16:58:53.987 W/ContextImpl( 2382): Calling a method in the system process without a qualified user: android.app.ContextImpl.sendBroadcast:1345 android.content.ContextWrapper.sendBroadcast:377 com.suma.midware.back.esg.e.f:-1 com.suma.midware.back.esg.f.run:-1 com.suma.midware.prop.util.c.run:-1 
11-02 16:58:54.990 W/ContextImpl( 2382): Calling a method in the system process without a qualified user: android.app.ContextImpl.sendBroadcast:1345 android.content.ContextWrapper.sendBroadcast:377 com.suma.midware.back.esg.e.f:-1 com.suma.midware.back.esg.f.run:-1 com.suma.midware.prop.util.c.run:-1 
11-02 16:59:09.235 W/InputMethodManagerService( 1990): Starting input on non-focused client com.android.internal.view.IInputMethodClient$Stub$Proxy@9f8b32f (uid=10024 pid=24781)
11-02 16:59:09.784 I/ActivityManager( 1990): Force stopping com.ipanel.android_webview.shell appid=10024 user=0: from pid 2382
11-02 16:59:09.784 I/ActivityManager( 1990): Killing 24781:com.ipanel.android_webview.shell/u0a24 (adj 0): stop com.ipanel.android_webview.shell
11-02 16:59:09.806 D/ConnectivityService( 1990): ConnectivityService NetworkRequestInfo binderDied(NetworkRequest [ id=23, legacyType=-1, [ Capabilities: INTERNET&NOT_RESTRICTED&TRUSTED] ], android.os.BinderProxy@ad6cd3c)
11-02 16:59:09.806 I/WindowState( 1990): WIN DEATH: Window{18fae512 u0 SurfaceView}
11-02 16:59:09.807 D/ConnectivityService( 1990): releasing NetworkRequest NetworkRequest [ id=23, legacyType=-1, [ Capabilities: INTERNET&NOT_RESTRICTED&TRUSTED] ]
11-02 16:59:09.812 E/ConnectivityService( 1990): RemoteException caught trying to send a callback msg for NetworkRequest [ id=23, legacyType=-1, [ Capabilities: INTERNET&NOT_RESTRICTED&TRUSTED] ]
11-02 16:59:09.815 I/WindowState( 1990): WIN DEATH: Window{19f4dee0 u0 SurfaceView}
11-02 16:59:09.822 I/WindowState( 1990): WIN DEATH: Window{ec39b61 u0 com.ipanel.android_webview.shell/com.ipanel.webapp.BrowserActivity}
11-02 16:59:09.837 W/ActivityManager( 1990): Force removing ActivityRecord{1d752c68 u0 com.ipanel.android_webview.shell/com.ipanel.webapp.BrowserActivity t128}: app died, no saved state
11-02 16:59:09.842 W/ActivityManager( 1990): Spurious death for ProcessRecord{865dac5 24781:com.ipanel.android_webview.shell/u0a24}, curProc for 24781: null
11-02 16:59:09.843 I/ActivityManager( 1990): Force stopping com.amlogic.inputmethod.remote appid=10019 user=0: from pid 2382
11-02 16:59:09.844 I/ActivityManager( 1990): Killing 24849:com.amlogic.inputmethod.remote/u0a19 (adj 2): stop com.amlogic.inputmethod.remote
11-02 16:59:09.858 W/ActivityManager( 1990): Scheduling restart of crashed service com.amlogic.inputmethod.remote/.RemoteIME in 1000ms
11-02 16:59:09.858 I/ActivityManager( 1990):   Force stopping service ServiceRecord{2f3bfd36 u0 com.amlogic.inputmethod.remote/.RemoteIME}
11-02 16:59:09.860 W/InputMethodManagerService( 1990): Session failed to close due to remote exception
11-02 16:59:09.860 W/InputMethodManagerService( 1990): android.os.DeadObjectException
11-02 16:59:09.860 W/InputMethodManagerService( 1990): 	at android.os.BinderProxy.transactNative(Native Method)
11-02 16:59:09.860 W/InputMethodManagerService( 1990): 	at android.os.BinderProxy.transact(Binder.java:496)
11-02 16:59:09.860 W/InputMethodManagerService( 1990): 	at com.android.internal.view.IInputMethodSession$Stub$Proxy.finishSession(IInputMethodSession.java:305)
11-02 16:59:09.860 W/InputMethodManagerService( 1990): 	at com.android.server.InputMethodManagerService.finishSessionLocked(InputMethodManagerService.java:1420)
11-02 16:59:09.860 W/InputMethodManagerService( 1990): 	at com.android.server.InputMethodManagerService.clearClientSessionLocked(InputMethodManagerService.java:1411)
11-02 16:59:09.860 W/InputMethodManagerService( 1990): 	at com.android.server.InputMethodManagerService.clearCurMethodLocked(InputMethodManagerService.java:1437)
11-02 16:59:09.860 W/InputMethodManagerService( 1990): 	at com.android.server.InputMethodManagerService.onServiceDisconnected(InputMethodManagerService.java:1456)
11-02 16:59:09.860 W/InputMethodManagerService( 1990): 	at android.app.LoadedApk$ServiceDispatcher.doDeath(LoadedApk.java:1215)
11-02 16:59:09.860 W/InputMethodManagerService( 1990): 	at android.app.LoadedApk$ServiceDispatcher$RunConnection.run(LoadedApk.java:1229)
11-02 16:59:09.860 W/InputMethodManagerService( 1990): 	at android.os.Handler.handleCallback(Handler.java:739)
11-02 16:59:09.860 W/InputMethodManagerService( 1990): 	at android.os.Handler.dispatchMessage(Handler.java:95)
11-02 16:59:09.860 W/InputMethodManagerService( 1990): 	at android.os.Looper.loop(Looper.java:135)
11-02 16:59:09.860 W/InputMethodManagerService( 1990): 	at com.android.server.SystemServer.run(SystemServer.java:383)
11-02 16:59:09.860 W/InputMethodManagerService( 1990): 	at com.android.server.SystemServer.main(SystemServer.java:178)
11-02 16:59:09.860 W/InputMethodManagerService( 1990): 	at java.lang.reflect.Method.invoke(Native Method)
11-02 16:59:09.860 W/InputMethodManagerService( 1990): 	at java.lang.reflect.Method.invoke(Method.java:372)
11-02 16:59:09.860 W/InputMethodManagerService( 1990): 	at com.android.internal.os.ZygoteInit$MethodAndArgsCaller.run(ZygoteInit.java:903)
11-02 16:59:09.860 W/InputMethodManagerService( 1990): 	at com.android.internal.os.ZygoteInit.main(ZygoteInit.java:698)
11-02 16:59:09.860 W/ActivityManager( 1990): Spurious death for ProcessRecord{31f56da4 24849:com.amlogic.inputmethod.remote/u0a19}, curProc for 24849: null
11-02 16:59:09.860 W/ActivityManager( 1990): Invalid packageName: android.process.media
11-02 16:59:09.860 I/ActivityManager( 1990): Force stopping com.android.phone appid=1001 user=0: from pid 2382
11-02 16:59:09.863 I/ActivityManager( 1990): Force stopping com.suma.midware.dms appid=1000 user=0: from pid 2382
11-02 16:59:09.865 I/ActivityManager( 1990): Force stopping com.hisilicon.android.hiRMService appid=1000 user=0: from pid 2382
11-02 16:59:09.879 I/ActivityManager( 1990): Config changes=20 {1.0 ?mcc?mnc zh_CN ?layoutDir sw720dp w1280dp h720dp 160dpi xlrg long land television -touch -keyb/h/h dpad/v s.29}
11-02 16:59:09.893 I/ActivityManager( 1990): Config changes=20 {1.0 ?mcc?mnc zh_CN ?layoutDir sw720dp w1280dp h720dp 160dpi xlrg long land television -touch -keyb/v/h dpad/v s.30}
11-02 16:59:09.906 W/ContextImpl( 2501): Calling a method in the system process without a qualified user: android.app.ContextImpl.sendBroadcast:1345 android.content.ContextWrapper.sendBroadcast:377 com.suma.midware.view.ext.BluetoothUpdate.b:-1 com.suma.midware.home.third.Main3DActivity.onResume:-1 android.app.Instrumentation.callActivityOnResume:1257 
11-02 16:59:09.908 W/ContextImpl( 2501): Calling a method in the system process without a qualified user: android.app.ContextImpl.sendBroadcast:1345 android.content.ContextWrapper.sendBroadcast:377 android.app.ActivityThread.performResumeActivity:2982 android.app.ActivityThread.handleResumeActivity:3023 android.app.ActivityThread$H.handleMessage:1347 
11-02 16:59:09.913 E/ActivityThread( 2165): Failed to find provider info for com.android.contacts
11-02 16:59:09.941 E/ActivityThread( 2165): Failed to find provider info for com.android.contacts
11-02 16:59:19.240 I/ActivityManager( 1990): Start proc 25017:com.amlogic.inputmethod.remote/u0a19 for service com.amlogic.inputmethod.remote/.RemoteIME
11-02 16:59:19.240 V/InputMethodManagerService( 1990): Adding window token: android.os.Binder@3c5545be
11-02 16:59:58.055 W/ContextImpl( 2382): Calling a method in the system process without a qualified user: android.app.ContextImpl.sendBroadcast:1345 android.content.ContextWrapper.sendBroadcast:377 com.suma.midware.back.esg.e.f:-1 com.suma.midware.back.esg.f.run:-1 com.suma.midware.prop.util.c.run:-1 
11-02 16:59:59.058 W/ContextImpl( 2382): Calling a method in the system process without a qualified user: android.app.ContextImpl.sendBroadcast:1345 android.content.ContextWrapper.sendBroadcast:377 com.suma.midware.back.esg.e.f:-1 com.suma.midware.back.esg.f.run:-1 com.suma.midware.prop.util.c.run:-1 
11-02 17:00:00.061 W/ContextImpl( 2382): Calling a method in the system process without a qualified user: android.app.ContextImpl.sendBroadcast:1345 android.content.ContextWrapper.sendBroadcast:377 com.suma.midware.back.esg.e.f:-1 com.suma.midware.back.esg.f.run:-1 com.suma.midware.prop.util.c.run:-1 
11-02 17:01:03.122 W/ContextImpl( 2382): Calling a method in the system process without a qualified user: android.app.ContextImpl.sendBroadcast:1345 android.content.ContextWrapper.sendBroadcast:377 com.suma.midware.back.esg.e.f:-1 com.suma.midware.back.esg.f.run:-1 com.suma.midware.prop.util.c.run:-1 
11-02 17:01:04.125 W/ContextImpl( 2382): Calling a method in the system process without a qualified user: android.app.ContextImpl.sendBroadcast:1345 android.content.ContextWrapper.sendBroadcast:377 com.suma.midware.back.esg.e.f:-1 com.suma.midware.back.esg.f.run:-1 com.suma.midware.prop.util.c.run:-1 
11-02 17:01:05.128 W/ContextImpl( 2382): Calling a method in the system process without a qualified user: android.app.ContextImpl.sendBroadcast:1345 android.content.ContextWrapper.sendBroadcast:377 com.suma.midware.back.esg.e.f:-1 com.suma.midware.back.esg.f.run:-1 com.suma.midware.prop.util.c.run:-1 
11-02 17:02:08.188 W/ContextImpl( 2382): Calling a method in the system process without a qualified user: android.app.ContextImpl.sendBroadcast:1345 android.content.ContextWrapper.sendBroadcast:377 com.suma.midware.back.esg.e.f:-1 com.suma.midware.back.esg.f.run:-1 com.suma.midware.prop.util.c.run:-1 
11-02 17:02:09.190 W/ContextImpl( 2382): Calling a method in the system process without a qualified user: android.app.ContextImpl.sendBroadcast:1345 android.content.ContextWrapper.sendBroadcast:377 com.suma.midware.back.esg.e.f:-1 com.suma.midware.back.esg.f.run:-1 com.suma.midware.prop.util.c.run:-1 
11-02 17:02:10.193 W/ContextImpl( 2382): Calling a method in the system process without a qualified user: android.app.ContextImpl.sendBroadcast:1345 android.content.ContextWrapper.sendBroadcast:377 com.suma.midware.back.esg.e.f:-1 com.suma.midware.back.esg.f.run:-1 com.suma.midware.prop.util.c.run:-1 
--------- beginning of main
11-02 17:02:38.156 D/HTTPMUSocket( 2435): send msg:NOTIFY * HTTP/1.1
11-02 17:02:38.156 D/HTTPMUSocket( 2435): Server: Linux/3.18.24_hi3798mv2x UPnP/1.0 CyberLinkJava/1.8
11-02 17:02:38.156 D/HTTPMUSocket( 2435): Cache-Control: max-age=1800
11-02 17:02:38.156 D/HTTPMUSocket( 2435): Location: http://192.168.0.103:38520/description.xml
11-02 17:02:38.156 D/HTTPMUSocket( 2435): NTS: ssdp:alive
11-02 17:02:38.156 D/HTTPMUSocket( 2435): NT: urn:sumavision.com:service:X_SUMA_EVENT:1
11-02 17:02:38.156 D/HTTPMUSocket( 2435): USN: uuid:418c7b66-86de-45d5-90fd-13e1eb88db7e::urn:sumavision.com:service:X_SUMA_EVENT:1
11-02 17:02:38.156 D/HTTPMUSocket( 2435): HOST: 239.255.255.250:1900
11-02 17:02:38.156 D/HTTPMUSocket( 2435): 
11-02 17:02:38.156 D/HTTPMUSocket( 2435): bindAddr:null and port:-1
11-02 17:02:38.157 D/HTTPMUSocket( 2435): /192.168.0.103
11-02 17:02:38.157 D/Advertiser( 2435): Advertise12:42000 at time:1509613358157 with thread:org.cybergarage.d.b.a@3ddc238
11-02 17:02:38.167 D/BasicFigure( 2501): [TN_GLThread 74]isDrawFocused relyElement=[BaseElement@574e220]focusScale[1.15]elementAlpha[-1.0]refectAlpha[-1.0]isFocusAble[true]shadowIndex[-1]autoJumpType[-1]uniqueID[54resSize0]rect[NULL]
11-02 17:02:38.167 D/BasicFigure( 2501): [TN_GLThread 74]isDrawFocused basicFigure=com.suma.midware.view.b.c.c@346a37d9
11-02 17:02:38.523 E/NetUtils( 1990): Interface eth0 LinkUp!
11-02 17:02:38.539 D/BackBootDealerNeimeng( 2382): standbyState:
11-02 17:02:38.540 E/NetUtils( 1990): Interface eth0 LinkUp!
11-02 17:02:39.041 D/BackBootDealerNeimeng( 2382): standbyState:
11-02 17:02:39.041 E/NetUtils( 1990): Interface eth0 LinkUp!
11-02 17:02:39.180 D/BasicFigure( 2501): [TN_GLThread 74]isDrawFocused relyElement=[BaseElement@574e220]focusScale[1.15]elementAlpha[-1.0]refectAlpha[-1.0]isFocusAble[true]shadowIndex[-1]autoJumpType[-1]uniqueID[54resSize0]rect[NULL]
11-02 17:02:39.180 D/BasicFigure( 2501): [TN_GLThread 74]isDrawFocused basicFigure=com.suma.midware.view.b.c.c@346a37d9
11-02 17:02:39.209 D/HTTPServerThread( 2435): HTTP SOCKET IS:Socket[address=/192.168.0.100,port=50891,localPort=38520]
11-02 17:02:39.209 D/MediaServer( 2435): httpReq = GET /description.xml HTTP/1.1
11-02 17:02:39.209 D/MediaServer( 2435): Cache-Control: no-cache
11-02 17:02:39.209 D/MediaServer( 2435): Connection: Keep-Alive
11-02 17:02:39.209 D/MediaServer( 2435): Pragma: no-cache
11-02 17:02:39.209 D/MediaServer( 2435): Accept: text/xml, application/xml
11-02 17:02:39.209 D/MediaServer( 2435): User-Agent: DAFUPnP
11-02 17:02:39.209 D/MediaServer( 2435): Host: 192.168.0.103:38520
11-02 17:02:39.209 D/MediaServer( 2435): 
11-02 17:02:39.209 D/Device  ( 2435): LWJ--httpGetRequestRecieved(httpReq)
11-02 17:02:39.209 D/Device  ( 2435): httpGetRequestRecieved = /description.xml
11-02 17:02:39.213 D/HTTPRequest( 2435): post httpResponse location=
11-02 17:02:39.213 D/HTTPServerThread( 2435): HTTP SOCKET IS:Socket[address=/192.168.0.100,port=50892,localPort=38520]
11-02 17:02:39.213 D/MediaServer( 2435): httpReq = GET /description.xml HTTP/1.1
11-02 17:02:39.213 D/MediaServer( 2435): Cache-Control: no-cache
11-02 17:02:39.213 D/MediaServer( 2435): Connection: Keep-Alive
11-02 17:02:39.213 D/MediaServer( 2435): Pragma: no-cache
11-02 17:02:39.213 D/MediaServer( 2435): Accept: text/xml, application/xml
11-02 17:02:39.213 D/MediaServer( 2435): User-Agent: DAFUPnP
11-02 17:02:39.213 D/MediaServer( 2435): Host: 192.168.0.103:38520
11-02 17:02:39.213 D/MediaServer( 2435): 
11-02 17:02:39.213 D/Device  ( 2435): LWJ--httpGetRequestRecieved(httpReq)
11-02 17:02:39.213 D/Device  ( 2435): httpGetRequestRecieved = /description.xml
11-02 17:02:39.218 D/HTTPRequest( 2435): post httpResponse location=
11-02 17:02:39.294 D/HTTPServerThread( 2435): HTTP SOCKET IS:Socket[address=/192.168.0.100,port=50891,localPort=38520]
11-02 17:02:39.294 D/HTTPServerThread( 2435): HTTP SOCKET IS:Socket[address=/192.168.0.100,port=50892,localPort=38520]
11-02 17:02:39.294 D/MediaServer( 2435): httpReq = GET /description.xml HTTP/1.1
11-02 17:02:39.294 D/MediaServer( 2435): Cache-Control: no-cache
11-02 17:02:39.294 D/MediaServer( 2435): Connection: Close
11-02 17:02:39.294 D/MediaServer( 2435): Pragma: no-cache
11-02 17:02:39.294 D/MediaServer( 2435): Accept: text/xml, application/xml
11-02 17:02:39.294 D/MediaServer( 2435): User-Agent: Microsoft-Windows/10.0 UPnP/1.0
11-02 17:02:39.294 D/MediaServer( 2435): Host: 192.168.0.103:38520
11-02 17:02:39.294 D/MediaServer( 2435): 
11-02 17:02:39.294 D/Device  ( 2435): LWJ--httpGetRequestRecieved(httpReq)
11-02 17:02:39.294 D/Device  ( 2435): httpGetRequestRecieved = /description.xml
11-02 17:02:39.294 D/MediaServer( 2435): httpReq = GET /description.xml HTTP/1.1
11-02 17:02:39.294 D/MediaServer( 2435): Cache-Control: no-cache
11-02 17:02:39.294 D/MediaServer( 2435): Connection: Close
11-02 17:02:39.294 D/MediaServer( 2435): Pragma: no-cache
11-02 17:02:39.294 D/MediaServer( 2435): Accept: text/xml, application/xml
11-02 17:02:39.294 D/MediaServer( 2435): User-Agent: Microsoft-Windows/10.0 UPnP/1.0
11-02 17:02:39.294 D/MediaServer( 2435): Host: 192.168.0.103:38520
11-02 17:02:39.294 D/MediaServer( 2435): 
11-02 17:02:39.294 D/Device  ( 2435): LWJ--httpGetRequestRecieved(httpReq)
11-02 17:02:39.294 D/Device  ( 2435): httpGetRequestRecieved = /description.xml
11-02 17:02:39.297 D/HTTPRequest( 2435): post httpResponse location=
11-02 17:02:39.297 D/HTTPServerThread( 2435): close http socket:Socket[address=/192.168.0.100,port=50892,localPort=38520]
11-02 17:02:39.299 D/HTTPRequest( 2435): post httpResponse location=
11-02 17:02:39.299 D/HTTPServerThread( 2435): close http socket:Socket[address=/192.168.0.100,port=50891,localPort=38520]
11-02 17:02:39.410 D/HTTPServerThread( 2435): HTTP SOCKET IS:Socket[address=/192.168.0.100,port=50894,localPort=38520]
11-02 17:02:39.410 D/MediaServer( 2435): httpReq = GET /service/ContentDirectory1.xml HTTP/1.1
11-02 17:02:39.410 D/MediaServer( 2435): Cache-Control: no-cache
11-02 17:02:39.410 D/MediaServer( 2435): Connection: Close
11-02 17:02:39.410 D/MediaServer( 2435): Pragma: no-cache
11-02 17:02:39.410 D/MediaServer( 2435): Accept: text/xml, application/xml
11-02 17:02:39.410 D/MediaServer( 2435): User-Agent: Microsoft-Windows/10.0 UPnP/1.0
11-02 17:02:39.410 D/MediaServer( 2435): Host: 192.168.0.103:38520
11-02 17:02:39.410 D/MediaServer( 2435): 
11-02 17:02:39.410 D/Device  ( 2435): LWJ--httpGetRequestRecieved(httpReq)
11-02 17:02:39.410 D/Device  ( 2435): httpGetRequestRecieved = /service/ContentDirectory1.xml
11-02 17:02:39.414 D/HTTPServerThread( 2435): HTTP SOCKET IS:Socket[address=/192.168.0.100,port=50893,localPort=38520]
11-02 17:02:39.414 D/MediaServer( 2435): httpReq = GET /service/ContentDirectory1.xml HTTP/1.1
11-02 17:02:39.414 D/MediaServer( 2435): Cache-Control: no-cache
11-02 17:02:39.414 D/MediaServer( 2435): Connection: Close
11-02 17:02:39.414 D/MediaServer( 2435): Pragma: no-cache
11-02 17:02:39.414 D/MediaServer( 2435): Accept: text/xml, application/xml
11-02 17:02:39.414 D/MediaServer( 2435): User-Agent: Microsoft-Windows/10.0 UPnP/1.0
11-02 17:02:39.414 D/MediaServer( 2435): Host: 192.168.0.103:38520
11-02 17:02:39.414 D/MediaServer( 2435): 
11-02 17:02:39.414 D/Device  ( 2435): LWJ--httpGetRequestRecieved(httpReq)
11-02 17:02:39.414 D/Device  ( 2435): httpGetRequestRecieved = /service/ContentDirectory1.xml
11-02 17:02:39.449 D/HTTPRequest( 2435): post httpResponse location=
11-02 17:02:39.450 D/HTTPRequest( 2435): post httpResponse location=
11-02 17:02:39.450 D/HTTPServerThread( 2435): close http socket:Socket[address=/192.168.0.100,port=50894,localPort=38520]
11-02 17:02:39.450 D/HTTPServerThread( 2435): close http socket:Socket[address=/192.168.0.100,port=50893,localPort=38520]
11-02 17:02:39.542 D/BackBootDealerNeimeng( 2382): standbyState:
11-02 17:02:39.542 E/NetUtils( 1990): Interface eth0 LinkUp!
11-02 17:02:40.043 D/BackBootDealerNeimeng( 2382): standbyState:
11-02 17:02:40.044 E/NetUtils( 1990): Interface eth0 LinkUp!
11-02 17:02:40.200 D/BasicFigure( 2501): [TN_GLThread 74]isDrawFocused relyElement=[BaseElement@574e220]focusScale[1.15]elementAlpha[-1.0]refectAlpha[-1.0]isFocusAble[true]shadowIndex[-1]autoJumpType[-1]uniqueID[54resSize0]rect[NULL]
11-02 17:02:40.200 D/BasicFigure( 2501): [TN_GLThread 74]isDrawFocused basicFigure=com.suma.midware.view.b.c.c@346a37d9
11-02 17:02:40.545 D/BackBootDealerNeimeng( 2382): standbyState:
11-02 17:02:40.546 E/NetUtils( 1990): Interface eth0 LinkUp!
11-02 17:02:40.850 D/IPLoaderNeimeng( 2382): after wait time17:02:40:monitorInterval:5000
11-02 17:02:40.850 D/IPLoaderNeimeng( 2382): before dealUpdateCheck time:17:02:40:isMsgBroadcast:false:monitorInterval:5000:processState:1
11-02 17:02:40.850 D/IPLoaderNeimeng( 2382): dealUpdateCheck isFirstSuccessUpdate:false:monitorInterval:5000
11-02 17:02:40.850 D/LoadHttpHandler( 2382): [TN_ThreadUtil-4]doNormal proxyConfig=null
11-02 17:02:40.924 D/LoadHttpHandler( 2382): [TN_ThreadUtil-4]doNormal responseCode=404
11-02 17:02:40.924 D/LoadHttpTask( 2382): dealUpdateCheck responseCode:404:data:null:downloadResult:false
11-02 17:02:40.925 D/IPLoaderNeimeng( 2382): after dealUpdateCheck time:17:02:40:isMsgBroadcast:false:monitorInterval:5000:processState:1
11-02 17:02:40.925 D/IPLoaderNeimeng( 2382): before wait time17:02:40:monitorInterval:5000
11-02 17:02:41.046 D/BackBootDealerNeimeng( 2382): standbyState:
11-02 17:02:41.047 E/NetUtils( 1990): Interface eth0 LinkUp!
11-02 17:02:41.219 D/BasicFigure( 2501): [TN_GLThread 74]isDrawFocused relyElement=[BaseElement@574e220]focusScale[1.15]elementAlpha[-1.0]refectAlpha[-1.0]isFocusAble[true]shadowIndex[-1]autoJumpType[-1]uniqueID[54resSize0]rect[NULL]
11-02 17:02:41.220 D/BasicFigure( 2501): [TN_GLThread 74]isDrawFocused basicFigure=com.suma.midware.view.b.c.c@346a37d9
11-02 17:02:41.547 D/BackBootDealerNeimeng( 2382): standbyState:
11-02 17:02:41.548 E/NetUtils( 1990): Interface eth0 LinkUp!
11-02 17:02:42.049 D/BackBootDealerNeimeng( 2382): standbyState:
11-02 17:02:42.050 E/NetUtils( 1990): Interface eth0 LinkUp!
11-02 17:02:42.239 D/BasicFigure( 2501): [TN_GLThread 74]isDrawFocused relyElement=[BaseElement@574e220]focusScale[1.15]elementAlpha[-1.0]refectAlpha[-1.0]isFocusAble[true]shadowIndex[-1]autoJumpType[-1]uniqueID[54resSize0]rect[NULL]
11-02 17:02:42.239 D/BasicFigure( 2501): [TN_GLThread 74]isDrawFocused basicFigure=com.suma.midware.view.b.c.c@346a37d9
11-02 17:02:42.550 D/BackBootDealerNeimeng( 2382): standbyState:
11-02 17:02:42.551 E/NetUtils( 1990): Interface eth0 LinkUp!
11-02 17:02:43.052 D/BackBootDealerNeimeng( 2382): standbyState:
11-02 17:02:43.053 E/NetUtils( 1990): Interface eth0 LinkUp!
11-02 17:02:43.259 D/BasicFigure( 2501): [TN_GLThread 74]isDrawFocused relyElement=[BaseElement@574e220]focusScale[1.15]elementAlpha[-1.0]refectAlpha[-1.0]isFocusAble[true]shadowIndex[-1]autoJumpType[-1]uniqueID[54resSize0]rect[NULL]
11-02 17:02:43.259 D/BasicFigure( 2501): [TN_GLThread 74]isDrawFocused basicFigure=com.suma.midware.view.b.c.c@346a37d9
11-02 17:02:43.553 D/BackBootDealerNeimeng( 2382): standbyState:
11-02 17:02:43.554 E/NetUtils( 1990): Interface eth0 LinkUp!
11-02 17:02:44.054 D/BackBootDealerNeimeng( 2382): standbyState:
11-02 17:02:44.055 E/NetUtils( 1990): Interface eth0 LinkUp!
11-02 17:02:44.266 D/BasicFigure( 2501): [TN_GLThread 74]isDrawFocused relyElement=[BaseElement@574e220]focusScale[1.15]elementAlpha[-1.0]refectAlpha[-1.0]isFocusAble[true]shadowIndex[-1]autoJumpType[-1]uniqueID[54resSize0]rect[NULL]
11-02 17:02:44.266 D/BasicFigure( 2501): [TN_GLThread 74]isDrawFocused basicFigure=com.suma.midware.view.b.c.c@346a37d9
11-02 17:02:44.556 D/BackBootDealerNeimeng( 2382): standbyState:
11-02 17:02:44.557 E/NetUtils( 1990): Interface eth0 LinkUp!
11-02 17:02:45.057 D/BackBootDealerNeimeng( 2382): standbyState:
11-02 17:02:45.058 E/NetUtils( 1990): Interface eth0 LinkUp!
11-02 17:02:45.285 D/BasicFigure( 2501): [TN_GLThread 74]isDrawFocused relyElement=[BaseElement@574e220]focusScale[1.15]elementAlpha[-1.0]refectAlpha[-1.0]isFocusAble[true]shadowIndex[-1]autoJumpType[-1]uniqueID[54resSize0]rect[NULL]
11-02 17:02:45.285 D/BasicFigure( 2501): [TN_GLThread 74]isDrawFocused basicFigure=com.suma.midware.view.b.c.c@346a37d9
11-02 17:02:45.559 D/BackBootDealerNeimeng( 2382): standbyState:
11-02 17:02:45.559 E/NetUtils( 1990): Interface eth0 LinkUp!
11-02 17:02:46.060 D/BackBootDealerNeimeng( 2382): standbyState:
11-02 17:02:46.061 E/NetUtils( 1990): Interface eth0 LinkUp!
11-02 17:02:46.304 D/BasicFigure( 2501): [TN_GLThread 74]isDrawFocused relyElement=[BaseElement@574e220]focusScale[1.15]elementAlpha[-1.0]refectAlpha[-1.0]isFocusAble[true]shadowIndex[-1]autoJumpType[-1]uniqueID[54resSize0]rect[NULL]
11-02 17:02:46.304 D/BasicFigure( 2501): [TN_GLThread 74]isDrawFocused basicFigure=com.suma.midware.view.b.c.c@346a37d9
11-02 17:02:46.561 D/BackBootDealerNeimeng( 2382): standbyState:
11-02 17:02:46.562 E/NetUtils( 1990): Interface eth0 LinkUp!
11-02 17:02:47.063 D/BackBootDealerNeimeng( 2382): standbyState:
11-02 17:02:47.063 E/NetUtils( 1990): Interface eth0 LinkUp!
11-02 17:02:47.311 D/BasicFigure( 2501): [TN_GLThread 74]isDrawFocused relyElement=[BaseElement@574e220]focusScale[1.15]elementAlpha[-1.0]refectAlpha[-1.0]isFocusAble[true]shadowIndex[-1]autoJumpType[-1]uniqueID[54resSize0]rect[NULL]
11-02 17:02:47.312 D/BasicFigure( 2501): [TN_GLThread 74]isDrawFocused basicFigure=com.suma.midware.view.b.c.c@346a37d9
11-02 17:02:47.564 D/BackBootDealerNeimeng( 2382): standbyState:
11-02 17:02:47.565 E/NetUtils( 1990): Interface eth0 LinkUp!
11-02 17:02:48.065 D/BackBootDealerNeimeng( 2382): standbyState:
11-02 17:02:48.066 E/NetUtils( 1990): Interface eth0 LinkUp!
11-02 17:02:48.331 D/BasicFigure( 2501): [TN_GLThread 74]isDrawFocused relyElement=[BaseElement@574e220]focusScale[1.15]elementAlpha[-1.0]refectAlpha[-1.0]isFocusAble[true]shadowIndex[-1]autoJumpType[-1]uniqueID[54resSize0]rect[NULL]
11-02 17:02:48.332 D/BasicFigure( 2501): [TN_GLThread 74]isDrawFocused basicFigure=com.suma.midware.view.b.c.c@346a37d9
11-02 17:02:48.524 E/NetUtils( 1990): Interface eth0 LinkUp!
11-02 17:02:48.567 D/BackBootDealerNeimeng( 2382): standbyState:
11-02 17:02:48.567 E/NetUtils( 1990): Interface eth0 LinkUp!
11-02 17:02:49.068 D/BackBootDealerNeimeng( 2382): standbyState:
11-02 17:02:49.068 E/NetUtils( 1990): Interface eth0 LinkUp!
11-02 17:02:49.351 D/BasicFigure( 2501): [TN_GLThread 74]isDrawFocused relyElement=[BaseElement@574e220]focusScale[1.15]elementAlpha[-1.0]refectAlpha[-1.0]isFocusAble[true]shadowIndex[-1]autoJumpType[-1]uniqueID[54resSize0]rect[NULL]
11-02 17:02:49.351 D/BasicFigure( 2501): [TN_GLThread 74]isDrawFocused basicFigure=com.suma.midware.view.b.c.c@346a37d9
11-02 17:02:49.569 D/BackBootDealerNeimeng( 2382): standbyState:
11-02 17:02:49.570 E/NetUtils( 1990): Interface eth0 LinkUp!
11-02 17:02:50.070 D/BackBootDealerNeimeng( 2382): standbyState:
11-02 17:02:50.071 E/NetUtils( 1990): Interface eth0 LinkUp!
11-02 17:02:50.370 D/BasicFigure( 2501): [TN_GLThread 74]isDrawFocused relyElement=[BaseElement@574e220]focusScale[1.15]elementAlpha[-1.0]refectAlpha[-1.0]isFocusAble[true]shadowIndex[-1]autoJumpType[-1]uniqueID[54resSize0]rect[NULL]
11-02 17:02:50.370 D/BasicFigure( 2501): [TN_GLThread 74]isDrawFocused basicFigure=com.suma.midware.view.b.c.c@346a37d9
11-02 17:02:50.572 D/BackBootDealerNeimeng( 2382): standbyState:
11-02 17:02:50.572 E/NetUtils( 1990): Interface eth0 LinkUp!
11-02 17:02:51.073 D/BackBootDealerNeimeng( 2382): standbyState:
11-02 17:02:51.074 E/NetUtils( 1990): Interface eth0 LinkUp!
11-02 17:02:51.390 D/BasicFigure( 2501): [TN_GLThread 74]isDrawFocused relyElement=[BaseElement@574e220]focusScale[1.15]elementAlpha[-1.0]refectAlpha[-1.0]isFocusAble[true]shadowIndex[-1]autoJumpType[-1]uniqueID[54resSize0]rect[NULL]
11-02 17:02:51.390 D/BasicFigure( 2501): [TN_GLThread 74]isDrawFocused basicFigure=com.suma.midware.view.b.c.c@346a37d9
11-02 17:02:51.574 D/BackBootDealerNeimeng( 2382): standbyState:
11-02 17:02:51.575 E/NetUtils( 1990): Interface eth0 LinkUp!
11-02 17:02:52.075 D/BackBootDealerNeimeng( 2382): standbyState:
11-02 17:02:52.076 E/NetUtils( 1990): Interface eth0 LinkUp!
11-02 17:02:52.410 D/BasicFigure( 2501): [TN_GLThread 74]isDrawFocused relyElement=[BaseElement@574e220]focusScale[1.15]elementAlpha[-1.0]refectAlpha[-1.0]isFocusAble[true]shadowIndex[-1]autoJumpType[-1]uniqueID[54resSize0]rect[NULL]
11-02 17:02:52.410 D/BasicFigure( 2501): [TN_GLThread 74]isDrawFocused basicFigure=com.suma.midware.view.b.c.c@346a37d9
11-02 17:02:52.577 D/BackBootDealerNeimeng( 2382): standbyState:
11-02 17:02:52.578 E/NetUtils( 1990): Interface eth0 LinkUp!
11-02 17:02:53.078 D/BackBootDealerNeimeng( 2382): standbyState:
11-02 17:02:53.079 E/NetUtils( 1990): Interface eth0 LinkUp!
11-02 17:02:53.430 D/BasicFigure( 2501): [TN_GLThread 74]isDrawFocused relyElement=[BaseElement@574e220]focusScale[1.15]elementAlpha[-1.0]refectAlpha[-1.0]isFocusAble[true]shadowIndex[-1]autoJumpType[-1]uniqueID[54resSize0]rect[NULL]
11-02 17:02:53.430 D/BasicFigure( 2501): [TN_GLThread 74]isDrawFocused basicFigure=com.suma.midware.view.b.c.c@346a37d9
11-02 17:02:53.579 D/BackBootDealerNeimeng( 2382): standbyState:
11-02 17:02:53.580 E/NetUtils( 1990): Interface eth0 LinkUp!
11-02 17:02:54.080 D/BackBootDealerNeimeng( 2382): standbyState:
11-02 17:02:54.081 E/NetUtils( 1990): Interface eth0 LinkUp!
11-02 17:02:54.449 D/BasicFigure( 2501): [TN_GLThread 74]isDrawFocused relyElement=[BaseElement@574e220]focusScale[1.15]elementAlpha[-1.0]refectAlpha[-1.0]isFocusAble[true]shadowIndex[-1]autoJumpType[-1]uniqueID[54resSize0]rect[NULL]
11-02 17:02:54.449 D/BasicFigure( 2501): [TN_GLThread 74]isDrawFocused basicFigure=com.suma.midware.view.b.c.c@346a37d9
11-02 17:02:54.582 D/BackBootDealerNeimeng( 2382): standbyState:
11-02 17:02:54.583 E/NetUtils( 1990): Interface eth0 LinkUp!
11-02 17:02:55.083 D/BackBootDealerNeimeng( 2382): standbyState:
11-02 17:02:55.084 E/NetUtils( 1990): Interface eth0 LinkUp!
11-02 17:02:55.469 D/BasicFigure( 2501): [TN_GLThread 74]isDrawFocused relyElement=[BaseElement@574e220]focusScale[1.15]elementAlpha[-1.0]refectAlpha[-1.0]isFocusAble[true]shadowIndex[-1]autoJumpType[-1]uniqueID[54resSize0]rect[NULL]
11-02 17:02:55.469 D/BasicFigure( 2501): [TN_GLThread 74]isDrawFocused basicFigure=com.suma.midware.view.b.c.c@346a37d9
11-02 17:02:55.584 D/BackBootDealerNeimeng( 2382): standbyState:
11-02 17:02:55.585 E/NetUtils( 1990): Interface eth0 LinkUp!
11-02 17:02:56.086 D/BackBootDealerNeimeng( 2382): standbyState:
11-02 17:02:56.087 E/NetUtils( 1990): Interface eth0 LinkUp!
11-02 17:02:56.173 E/WifiStateMachine( 1990): WifiStateMachine CMD_START_SCAN source -2 txSuccessRate=1.72 rxSuccessRate=1.21 targetRoamBSSID=e4:f3:f5:aa:ad:88 RSSI=-31
11-02 17:02:56.173 E/WifiStateMachine( 1990): WifiStateMachine starting scan for "ipanel"WPA_PSK with 2467
11-02 17:02:56.489 D/BasicFigure( 2501): [TN_GLThread 74]isDrawFocused relyElement=[BaseElement@574e220]focusScale[1.15]elementAlpha[-1.0]refectAlpha[-1.0]isFocusAble[true]shadowIndex[-1]autoJumpType[-1]uniqueID[54resSize0]rect[NULL]
11-02 17:02:56.489 D/BasicFigure( 2501): [TN_GLThread 74]isDrawFocused basicFigure=com.suma.midware.view.b.c.c@346a37d9
11-02 17:02:56.587 D/BackBootDealerNeimeng( 2382): standbyState:
11-02 17:02:56.588 E/NetUtils( 1990): Interface eth0 LinkUp!
11-02 17:02:56.914 I/EthernetNetworkFactory( 1990): updateInterfaceState :the mIface is:eth0iface is wlan0 true
11-02 17:02:56.920 E/WifiAutoJoinController ( 1990): GDWL 86:79:73:27:8c:19 rssi=-37 cap [WPA-PSK-CCMP][WPA2-PSK-CCMP][ESS] is not scored
11-02 17:02:56.921 E/WifiAutoJoinController ( 1990):  84:79:73:27:8c:19 rssi=-30 cap [WEP][ESS] is not scored
11-02 17:02:56.921 E/WifiAutoJoinController ( 1990): MERCURY_EDE4 e4:f3:f5:6a:ed:e4 rssi=-50 cap [ESS] is not scored
11-02 17:02:56.921 E/WifiAutoJoinController ( 1990): Office_Net e4:f3:f5:a4:00:c0 rssi=-66 cap [WPA-PSK-CCMP][WPA2-PSK-CCMP][ESS] is not scored
11-02 17:02:56.922 E/WifiAutoJoinController ( 1990): WLGS 1c:fa:68:05:a3:5a rssi=-74 cap [WPA-PSK-CCMP][WPA2-PSK-CCMP][WPS][ESS] is not scored
11-02 17:02:56.922 E/WifiAutoJoinController ( 1990): ipanel e4:f3:f5:aa:ad:88 rssi=-30 cap [WPA-PSK-CCMP][WPA2-PSK-CCMP][ESS] is not scored
11-02 17:02:56.923 E/WifiAutoJoinController ( 1990): ageScanResultsOut delay 40000 size 9 now 1509613376923
11-02 17:02:56.923 E/WifiAutoJoinController ( 1990): newSupplicantResults size=6 known=1 true
11-02 17:02:56.924 E/WifiAutoJoinController ( 1990): attemptAutoJoin() status=bssid=e4:f3:f5:aa:ad:88
11-02 17:02:56.924 E/WifiAutoJoinController ( 1990): freq=2467
11-02 17:02:56.924 E/WifiAutoJoinController ( 1990): ssid=ipanel
11-02 17:02:56.924 E/WifiAutoJoinController ( 1990): id=1
11-02 17:02:56.924 E/WifiAutoJoinController ( 1990): mode=station
11-02 17:02:56.924 E/WifiAutoJoinController ( 1990): pairwise_cipher=CCMP
11-02 17:02:56.924 E/WifiAutoJoinController ( 1990): group_cipher=CCMP
11-02 17:02:56.924 E/WifiAutoJoinController ( 1990): key_mgmt=WPA2-PSK
11-02 17:02:56.924 E/WifiAutoJoinController ( 1990): wpa_state=COMPLETED
11-02 17:02:56.924 E/WifiAutoJoinController ( 1990): ip_address=192.168.0.101
11-02 17:02:56.924 E/WifiAutoJoinController ( 1990): p2p_device_address=0e:62:a6:0c:0f:b2
11-02 17:02:56.924 E/WifiAutoJoinController ( 1990): address=0c:62:a6:0c:0f:b2
11-02 17:02:56.924 E/WifiAutoJoinController ( 1990): uuid=de43a986-3647-5398-876d-b6752834d7e7 split=13
11-02 17:02:56.924 E/WifiAutoJoinController ( 1990): attemptAutoJoin() num recent config 1 current="ipanel"WPA_PSK ---> suppNetId=1
11-02 17:02:56.924 E/WifiAutoJoinController ( 1990): attemptAutoJoin good candidate seen, bumped hard -> status=0 "ipanel"WPA_PSK rssi=(-30,-127) num=(1,0)
11-02 17:02:56.924 E/WifiAutoJoinController ( 1990): attemptAutoJoin skip current candidate  1 key "ipanel"WPA_PSK
11-02 17:02:56.924 E/WifiAutoJoinController ( 1990): attemptRoam: "ipanel"WPA_PSK Found e4:f3:f5:aa:ad:88 rssi=-30 freq=2467 Current: e4:f3:f5:aa:ad:88
11-02 17:02:56.925 E/WifiAutoJoinController ( 1990): Done attemptAutoJoin status=0
11-02 17:02:57.088 D/BackBootDealerNeimeng( 2382): standbyState:
11-02 17:02:57.089 E/NetUtils( 1990): Interface eth0 LinkUp!
11-02 17:02:57.508 D/BasicFigure( 2501): [TN_GLThread 74]isDrawFocused relyElement=[BaseElement@574e220]focusScale[1.15]elementAlpha[-1.0]refectAlpha[-1.0]isFocusAble[true]shadowIndex[-1]autoJumpType[-1]uniqueID[54resSize0]rect[NULL]
11-02 17:02:57.509 D/BasicFigure( 2501): [TN_GLThread 74]isDrawFocused basicFigure=com.suma.midware.view.b.c.c@346a37d9
11-02 17:02:57.590 D/BackBootDealerNeimeng( 2382): standbyState:
11-02 17:02:57.590 E/NetUtils( 1990): Interface eth0 LinkUp!
11-02 17:02:58.091 D/BackBootDealerNeimeng( 2382): standbyState:
11-02 17:02:58.092 E/NetUtils( 1990): Interface eth0 LinkUp!
11-02 17:02:58.216 D/AppUtil ( 2382): [TN_ThreadUtil-1]getActivityPkg index=0,comp=ComponentInfo{com.suma.midware.home/com.suma.midware.home.third.Main3DActivity}
11-02 17:02:58.216 D/AppKiller( 2382): [TN_ThreadUtil-1]backKill curPkgName=com.suma.midware.home
11-02 17:02:58.525 E/NetUtils( 1990): Interface eth0 LinkUp!
11-02 17:02:58.529 D/BasicFigure( 2501): [TN_GLThread 74]isDrawFocused relyElement=[BaseElement@574e220]focusScale[1.15]elementAlpha[-1.0]refectAlpha[-1.0]isFocusAble[true]shadowIndex[-1]autoJumpType[-1]uniqueID[54resSize0]rect[NULL]
11-02 17:02:58.529 D/BasicFigure( 2501): [TN_GLThread 74]isDrawFocused basicFigure=com.suma.midware.view.b.c.c@346a37d9
11-02 17:02:58.592 D/BackBootDealerNeimeng( 2382): standbyState:
11-02 17:02:58.593 E/NetUtils( 1990): Interface eth0 LinkUp!
11-02 17:02:59.094 D/BackBootDealerNeimeng( 2382): standbyState:
11-02 17:02:59.094 E/NetUtils( 1990): Interface eth0 LinkUp!
11-02 17:02:59.548 D/BasicFigure( 2501): [TN_GLThread 74]isDrawFocused relyElement=[BaseElement@574e220]focusScale[1.15]elementAlpha[-1.0]refectAlpha[-1.0]isFocusAble[true]shadowIndex[-1]autoJumpType[-1]uniqueID[54resSize0]rect[NULL]
11-02 17:02:59.548 D/BasicFigure( 2501): [TN_GLThread 74]isDrawFocused basicFigure=com.suma.midware.view.b.c.c@346a37d9
11-02 17:02:59.595 D/BackBootDealerNeimeng( 2382): standbyState:
11-02 17:02:59.596 E/NetUtils( 1990): Interface eth0 LinkUp!
11-02 17:03:00.096 D/BackBootDealerNeimeng( 2382): standbyState:
11-02 17:03:00.097 E/NetUtils( 1990): Interface eth0 LinkUp!
11-02 17:03:00.472 D/TimeUpdate( 2501): [TN_main]dealTimeUpdate curTime=java.util.GregorianCalendar[time=1509613380472,areFieldsSet=true,lenient=true,zone=Asia/Shanghai,firstDayOfWeek=1,minimalDaysInFirstWeek=1,ERA=1,YEAR=2017,MONTH=10,WEEK_OF_YEAR=44,WEEK_OF_MONTH=1,DAY_OF_MONTH=2,DAY_OF_YEAR=306,DAY_OF_WEEK=5,DAY_OF_WEEK_IN_MONTH=1,AM_PM=1,HOUR=5,HOUR_OF_DAY=17,MINUTE=3,SECOND=0,MILLISECOND=472,ZONE_OFFSET=28800000,DST_OFFSET=0]
11-02 17:03:00.474 D/TextureManager( 2501): deleteTexture key:17:02_24_-1711276033_0_5.0_3.0_3.0_-7829368:textureID:23
11-02 17:03:00.478 D/TextureManager( 2501): loadTexture name:17:03_24_-1711276033_0_5.0_3.0_3.0_-7829368:textureID:23:recordSize:null
11-02 17:03:00.496 D/BasicFigure( 2501): [TN_GLThread 74]isDrawFocused relyElement=[BaseElement@574e220]focusScale[1.15]elementAlpha[-1.0]refectAlpha[-1.0]isFocusAble[true]shadowIndex[-1]autoJumpType[-1]uniqueID[54resSize0]rect[NULL]
11-02 17:03:00.496 D/BasicFigure( 2501): [TN_GLThread 74]isDrawFocused basicFigure=com.suma.midware.view.b.c.c@346a37d9
11-02 17:03:00.517 D/BasicFigure( 2501): [TN_GLThread 74]isDrawFocused relyElement=[BaseElement@574e220]focusScale[1.15]elementAlpha[-1.0]refectAlpha[-1.0]isFocusAble[true]shadowIndex[-1]autoJumpType[-1]uniqueID[54resSize0]rect[NULL]
11-02 17:03:00.517 D/BasicFigure( 2501): [TN_GLThread 74]isDrawFocused basicFigure=com.suma.midware.view.b.c.c@346a37d9
11-02 17:03:00.598 D/BackBootDealerNeimeng( 2382): standbyState:
11-02 17:03:00.598 E/NetUtils( 1990): Interface eth0 LinkUp!
11-02 17:03:01.099 D/BackBootDealerNeimeng( 2382): standbyState:
11-02 17:03:01.099 E/NetUtils( 1990): Interface eth0 LinkUp!
11-02 17:03:01.537 D/BasicFigure( 2501): [TN_GLThread 74]isDrawFocused relyElement=[BaseElement@574e220]focusScale[1.15]elementAlpha[-1.0]refectAlpha[-1.0]isFocusAble[true]shadowIndex[-1]autoJumpType[-1]uniqueID[54resSize0]rect[NULL]
11-02 17:03:01.537 D/BasicFigure( 2501): [TN_GLThread 74]isDrawFocused basicFigure=com.suma.midware.view.b.c.c@346a37d9
11-02 17:03:01.600 D/BackBootDealerNeimeng( 2382): standbyState:
11-02 17:03:01.601 E/NetUtils( 1990): Interface eth0 LinkUp!
11-02 17:03:02.101 D/BackBootDealerNeimeng( 2382): standbyState:
11-02 17:03:02.102 E/NetUtils( 1990): Interface eth0 LinkUp!
11-02 17:03:02.557 D/BasicFigure( 2501): [TN_GLThread 74]isDrawFocused relyElement=[BaseElement@574e220]focusScale[1.15]elementAlpha[-1.0]refectAlpha[-1.0]isFocusAble[true]shadowIndex[-1]autoJumpType[-1]uniqueID[54resSize0]rect[NULL]
11-02 17:03:02.557 D/BasicFigure( 2501): [TN_GLThread 74]isDrawFocused basicFigure=com.suma.midware.view.b.c.c@346a37d9
11-02 17:03:02.603 D/BackBootDealerNeimeng( 2382): standbyState:
11-02 17:03:02.603 E/NetUtils( 1990): Interface eth0 LinkUp!
11-02 17:03:02.980 V/SUMA    ( 1581): [VOD EXT]_ERRO:onewave_auth_req1st(1180) 
11-02 17:03:02.980 V/SUMA    ( 1581): connect() failed, errno=10026 !
11-02 17:03:02.980 V/SUMA    ( 1581): [VOD EXT]_DBUG:onewave_auth_req1st(1290) 
11-02 17:03:02.980 V/SUMA    ( 1581): err,leave onewave_auth_req1st 
11-02 17:03:03.104 D/BackBootDealerNeimeng( 2382): standbyState:
11-02 17:03:03.105 E/NetUtils( 1990): Interface eth0 LinkUp!
11-02 17:03:03.201 D/IPLoaderNeimeng( 2382): after wait time17:03:03:monitorInterval:5000
11-02 17:03:03.201 D/IPLoaderNeimeng( 2382): before dealUpdateCheck time:17:03:03:isMsgBroadcast:false:monitorInterval:5000:processState:1
11-02 17:03:03.201 D/IPLoaderNeimeng( 2382): dealUpdateCheck isFirstSuccessUpdate:false:monitorInterval:5000
11-02 17:03:03.202 D/LoadHttpHandler( 2382): [TN_ThreadUtil-4]doNormal proxyConfig=null
11-02 17:03:03.276 D/LoadHttpHandler( 2382): [TN_ThreadUtil-4]doNormal responseCode=404
11-02 17:03:03.277 D/LoadHttpTask( 2382): dealUpdateCheck responseCode:404:data:null:downloadResult:false
11-02 17:03:03.277 D/IPLoaderNeimeng( 2382): after dealUpdateCheck time:17:03:03:isMsgBroadcast:false:monitorInterval:5000:processState:1
11-02 17:03:03.278 D/IPLoaderNeimeng( 2382): before wait time17:03:03:monitorInterval:5000
11-02 17:03:03.576 D/BasicFigure( 2501): [TN_GLThread 74]isDrawFocused relyElement=[BaseElement@574e220]focusScale[1.15]elementAlpha[-1.0]refectAlpha[-1.0]isFocusAble[true]shadowIndex[-1]autoJumpType[-1]uniqueID[54resSize0]rect[NULL]
11-02 17:03:03.576 D/BasicFigure( 2501): [TN_GLThread 74]isDrawFocused basicFigure=com.suma.midware.view.b.c.c@346a37d9
11-02 17:03:03.605 D/BackBootDealerNeimeng( 2382): standbyState:
11-02 17:03:03.606 E/NetUtils( 1990): Interface eth0 LinkUp!
11-02 17:03:04.090 D/Device  ( 2435): deviceSearchResponse(SSDPPacket ssdpPacket):M-SEARCH * HTTP/1.1
11-02 17:03:04.090 D/Device  ( 2435): HOST: 239.255.255.250:1900
11-02 17:03:04.090 D/Device  ( 2435): MAN: "ssdp:discover"
11-02 17:03:04.090 D/Device  ( 2435): MX: 1
11-02 17:03:04.090 D/Device  ( 2435): ST: urn:dial-multiscreen-org:service:dial:1
11-02 17:03:04.090 D/Device  ( 2435): USER-AGENT: Google Chrome/62.0.3202.75 Windows
11-02 17:03:04.090 D/Device  ( 2435): 
11-02 17:03:04.106 D/BackBootDealerNeimeng( 2382): standbyState:
11-02 17:03:04.107 E/NetUtils( 1990): Interface eth0 LinkUp!
11-02 17:03:04.596 D/BasicFigure( 2501): [TN_GLThread 74]isDrawFocused relyElement=[BaseElement@574e220]focusScale[1.15]elementAlpha[-1.0]refectAlpha[-1.0]isFocusAble[true]shadowIndex[-1]autoJumpType[-1]uniqueID[54resSize0]rect[NULL]
11-02 17:03:04.596 D/BasicFigure( 2501): [TN_GLThread 74]isDrawFocused basicFigure=com.suma.midware.view.b.c.c@346a37d9
11-02 17:03:04.608 D/BackBootDealerNeimeng( 2382): standbyState:
11-02 17:03:04.609 E/NetUtils( 1990): Interface eth0 LinkUp!
11-02 17:03:05.091 D/Device  ( 2435): deviceSearchResponse(SSDPPacket ssdpPacket):M-SEARCH * HTTP/1.1
11-02 17:03:05.091 D/Device  ( 2435): HOST: 239.255.255.250:1900
11-02 17:03:05.091 D/Device  ( 2435): MAN: "ssdp:discover"
11-02 17:03:05.091 D/Device  ( 2435): MX: 1
11-02 17:03:05.091 D/Device  ( 2435): ST: urn:dial-multiscreen-org:service:dial:1
11-02 17:03:05.091 D/Device  ( 2435): USER-AGENT: Google Chrome/62.0.3202.75 Windows
11-02 17:03:05.091 D/Device  ( 2435): 
11-02 17:03:05.109 D/BackBootDealerNeimeng( 2382): standbyState:
11-02 17:03:05.109 E/NetUtils( 1990): Interface eth0 LinkUp!
11-02 17:03:05.610 D/BackBootDealerNeimeng( 2382): standbyState:
11-02 17:03:05.610 E/NetUtils( 1990): Interface eth0 LinkUp!
11-02 17:03:05.616 D/BasicFigure( 2501): [TN_GLThread 74]isDrawFocused relyElement=[BaseElement@574e220]focusScale[1.15]elementAlpha[-1.0]refectAlpha[-1.0]isFocusAble[true]shadowIndex[-1]autoJumpType[-1]uniqueID[54resSize0]rect[NULL]
11-02 17:03:05.616 D/BasicFigure( 2501): [TN_GLThread 74]isDrawFocused basicFigure=com.suma.midware.view.b.c.c@346a37d9
11-02 17:03:06.093 D/Device  ( 2435): deviceSearchResponse(SSDPPacket ssdpPacket):M-SEARCH * HTTP/1.1
11-02 17:03:06.093 D/Device  ( 2435): HOST: 239.255.255.250:1900
11-02 17:03:06.093 D/Device  ( 2435): MAN: "ssdp:discover"
11-02 17:03:06.093 D/Device  ( 2435): MX: 1
11-02 17:03:06.093 D/Device  ( 2435): ST: urn:dial-multiscreen-org:service:dial:1
11-02 17:03:06.093 D/Device  ( 2435): USER-AGENT: Google Chrome/62.0.3202.75 Windows
11-02 17:03:06.093 D/Device  ( 2435): 
11-02 17:03:06.111 D/BackBootDealerNeimeng( 2382): standbyState:
11-02 17:03:06.112 E/NetUtils( 1990): Interface eth0 LinkUp!
11-02 17:03:06.612 D/BackBootDealerNeimeng( 2382): standbyState:
11-02 17:03:06.613 E/NetUtils( 1990): Interface eth0 LinkUp!
11-02 17:03:06.623 D/BasicFigure( 2501): [TN_GLThread 74]isDrawFocused relyElement=[BaseElement@574e220]focusScale[1.15]elementAlpha[-1.0]refectAlpha[-1.0]isFocusAble[true]shadowIndex[-1]autoJumpType[-1]uniqueID[54resSize0]rect[NULL]
11-02 17:03:06.623 D/BasicFigure( 2501): [TN_GLThread 74]isDrawFocused basicFigure=com.suma.midware.view.b.c.c@346a37d9
11-02 17:03:07.097 D/Device  ( 2435): deviceSearchResponse(SSDPPacket ssdpPacket):M-SEARCH * HTTP/1.1
11-02 17:03:07.097 D/Device  ( 2435): HOST: 239.255.255.250:1900
11-02 17:03:07.097 D/Device  ( 2435): MAN: "ssdp:discover"
11-02 17:03:07.097 D/Device  ( 2435): MX: 1
11-02 17:03:07.097 D/Device  ( 2435): ST: urn:dial-multiscreen-org:service:dial:1
11-02 17:03:07.097 D/Device  ( 2435): USER-AGENT: Google Chrome/62.0.3202.75 Windows
11-02 17:03:07.097 D/Device  ( 2435): 
11-02 17:03:07.113 D/BackBootDealerNeimeng( 2382): standbyState:
11-02 17:03:07.114 E/NetUtils( 1990): Interface eth0 LinkUp!
11-02 17:03:07.614 D/BackBootDealerNeimeng( 2382): standbyState:
11-02 17:03:07.615 E/NetUtils( 1990): Interface eth0 LinkUp!
11-02 17:03:07.642 D/BasicFigure( 2501): [TN_GLThread 74]isDrawFocused relyElement=[BaseElement@574e220]focusScale[1.15]elementAlpha[-1.0]refectAlpha[-1.0]isFocusAble[true]shadowIndex[-1]autoJumpType[-1]uniqueID[54resSize0]rect[NULL]
11-02 17:03:07.642 D/BasicFigure( 2501): [TN_GLThread 74]isDrawFocused basicFigure=com.suma.midware.view.b.c.c@346a37d9
11-02 17:03:08.116 D/BackBootDealerNeimeng( 2382): standbyState:
11-02 17:03:08.117 E/NetUtils( 1990): Interface eth0 LinkUp!
11-02 17:03:08.232 D/EsgNeiMengDealer( 2382): [TN_ThreadUtil-12]checkBootAd bootAd=[Advertisment@34d5d2aa]category[1]version[0]profile[2]group[[GroupProperty@3eb6ae9b]associateType[3]groupIDs[len:10:10000:7101:7105:9999:7000:17:1001:20002:20001:1003]]service[null]period[[Advertisment@3ddc238]dates[]times[len0:102:len1:102:20170821 000000-20170821 235959:20170822 000000-20170822 235959:20170823 000000-20170823 235959:20170824 000000-20170824 235959:20170825 000000-20170825 235959:20170826 000000-20170826 235959:20170827 000000-20170827 235959:20170828 000000-20170828 235959:20170829 000000-20170829 235959:20170830 000000-20170830 235959:20170831 000000-20170831 235959:20170901 000000-20170901 235959:20170902 000000-20170902 235959:20170903 000000-20170903 235959:20170904 000000-20170904 235959:20170905 000000-20170905 235959:20170906 000000-20170906 235959:20170907 000000-20170907 235959:20170908 000000-20170908 235959:20170909 000000-20170909 235959:20170910 000000-20170910 235959:20170911 000000-20170911 235959:20170912 000000-20170912 235959:20170913 000000-20170913 235959:20170914 000000-20170914 235959:20170915 000000-20170915 235959:20170916 000000-20170916 235959:20170917 000000-20170917 235959:20170918 000000-20170918 235959:20170919 000000-20170919 235959:20170920 000000-20170920 235959:20170921 000000-20170921 235959:20170922 000000-20170922 235959:20170923 000000-20170923 235959:20170924 000000-20170924 235959:20170925 000000-20170925 235959:20170926 000000-20170926 235959:20170927 000000-20170927 235959:20170928 000000-20170928 235959:20170929 000000-20170929 235959:20170930 000000-20170930 235959:20171001 000000-20171001 235959:20171002 000000-20171002 235959:20171003 000000-20171003 235959:20171004 000000-20171004 235959:20171005 000000-20171005 235959:20171006 000000-20171006 235959:20171007 000000-20171007 235959:20171008 000000-20171008 235959:20171009 000000-20171009 235959:20171010 000000-20171010 235959:20171011 000000-20171011 235959:20171012 000000-20171012 235959:20171013 000000-20171013 235959:20171014 000000-20171014 235959:20171015 000000-20171015 235959:20171016 000000-20171016 235959:20171017 000000-20171017 235959:20171018 000000-20171018 235959:20171019 000000-20171019 235959:20171020 000000-20171020 235959:20171021 000000-20171021 235959:20171022 000000-20171022 235959:20171023 000000-20171023 235959:20171024 000000-20171024 235959:20171025 000000-20171025 235959:20171026 000000-20171026 235959:20171027 000000-20171027 235959:20171028 000000-20171028 235959:20171029 000000-20171029 235959:20171030 000000-20171030 235959:20171031 000000-20171031 235959:20171101 000000-20171101 235959:20171102 000000-20171102 235959:20171103 000000-20171103 235959:20171104 000000-20171104 235959:20171105 000000-20171105 235959:20171106 000000-20171106 235959:20171107 000000-20171107 235959:20171108 000000-20171108 235959:20171109 000000-20171109 235959:20171110 000000-20171110 235959:20171111 000000-20171111 235959:20171112 000000-20171112 235959:20171113 000000-20171113 235959:20171114 000000-20171114 235959:20171115 000000-20171115 235959:20171116 000000-20171116 235959:20171117 000000-20171117 235959:20171118 000000-20171118 235959:20171119 000000-20171119 235959:20171120 000000-20171120 235959:20171121 000000-20171121 235959:20171122 000000-20171122 235959:20171123 000000-20171123 235959:20171124 000000-20171124 235959:20171125 000000-20171125 235959:20171126 000000-20171126 235959:20171127 000000-20171127 235959:20171128 000000-20171128 235959:20171129 000000-20171129 235959:20171130 000000-20171130 235959]]
11-02 17:03:08.232 I/System.out( 2382): [DEBUG SectionFilterGroup] The filterGroupHandle is: -1263818360
11-02 17:03:08.232 D/LoadPipeHandler( 2382): [TN_ThreadUtil-12]dealTableLoad pipeTask=[LoadPipeTask@4407b0e]pID[16]tableID[64]tunerIndex[0]offset[3]timeout[5000]isNeedTune[false]fileName[null]
11-02 17:03:08.232 D/filter  ( 2382): [FilterManager-JNI] - start filter:pid=16, tableid=64, bufferNum=0
11-02 17:03:08.232 D/filter  ( 2382): [FilterManager-JNI] - 
11-02 17:03:08.232 D/filter  ( 2382): [FilterManager-JNI] - 
11-02 17:03:08.232 D/filter  ( 2382): [FilterManager-JNI] - The table id is proper.
11-02 17:03:08.233 D/filter  ( 2382): ####in java native method open filter:pid=16,							code=40,00,00,00,mask=ff,00,00,00
11-02 17:03:08.233 D/filter  ( 2382): [FilterManager-JNI] - Filter mode to ROCME_RES_FLT_MODE_UNROB_FILTER.
11-02 17:03:08.233 V/SUMA    ( 1581): [resman-s][onTransact 216]code[0x12000200] client pid = 2382
11-02 17:03:08.233 V/SUMA    ( 1581): [resman-s][onTransact 615]TRANS_CODE_RESMAN_FILETER_REQUEST enter
11-02 17:03:08.233 V/SUMA    ( 1581): [resman-s][onTransact 623]filter request m_client[0].cpid = 2382
11-02 17:03:08.233 V/SUMA    ( 1581): [resman-s][onTransact 627]filter handler request filter_handler[0]
11-02 17:03:08.233 I/System.out( 2382): [DEBUG SectionFilterGroup] The run() method, and the filterGroupHandle is: -1263818360
11-02 17:03:08.233 V/SUMA    ( 1581): >> Roc_ResMan_Filter_Request handler = 0x1202a490 
11-02 17:03:08.233 V/SUMA    ( 1581): [resman-s][onTransact 657]TRANS_CODE_RESMAN_FILETER_REQUEST leave
11-02 17:03:08.233 V/SUMA    ( 1581): [resman-s][onTransact 1574]leave transact client pid = 2382
