11-02 16:44:54.171 V/WindowManager( 1990): addAppToken: AppWindowToken{162a9693 token=Token{db8ff82 ActivityRecord{39f2cacd u0 com.ipanel.android_webview.shell/com.ipanel.webapp.BrowserActivity t125}}} to stack=1 task=125 at 0
11-02 16:44:54.175 V/WindowManager( 1990): Adding window Window{339ccffc u0 Starting com.ipanel.android_webview.shell} at 5 of 10 (after Window{a0682ad u0 com.suma.midware.setting/com.suma.midware.setting.main.SystemMainActivity})
11-02 16:44:54.176 W/ContextImpl( 2501): Calling a method in the system process without a qualified user: android.app.ContextImpl.sendBroadcast:1345 android.content.ContextWrapper.sendBroadcast:377 android.app.ActivityThread.performPauseActivity:3259 android.app.ActivityThread.performPauseActivity:3225 android.app.ActivityThread.handlePauseActivity:3200 
11-02 16:44:54.200 I/ActivityManager( 1990): Start proc 23722:com.ipanel.android_webview.shell/u0a24 for activity com.ipanel.android_webview.shell/com.ipanel.webapp.BrowserActivity
11-02 16:44:54.224 W/ViewRootImpl( 2501): Cancelling event due to no window focus: KeyEvent { action=ACTION_UP, keyCode=KEYCODE_DPAD_CENTER, scanCode=28, metaState=0, flags=0x28, repeatCount=0, eventTime=29443639, downTime=29443634, deviceId=3, source=0x701 }
11-02 16:44:54.224 W/ViewRootImpl( 2501): Cancelling event due to no window focus: KeyEvent { action=ACTION_UP, keyCode=KEYCODE_DPAD_CENTER, scanCode=28, metaState=0, flags=0x28, repeatCount=0, eventTime=29443639, downTime=29443634, deviceId=3, source=0x701 }
11-02 16:44:54.224 W/ViewRootImpl( 2501): Cancelling event due to no window focus: KeyEvent { action=ACTION_UP, keyCode=KEYCODE_DPAD_CENTER, scanCode=28, metaState=0, flags=0x28, repeatCount=0, eventTime=29443639, downTime=29443634, deviceId=3, source=0x701 }
11-02 16:44:54.224 W/ViewRootImpl( 2501): Cancelling event due to no window focus: KeyEvent { action=ACTION_UP, keyCode=KEYCODE_DPAD_CENTER, scanCode=28, metaState=0, flags=0x28, repeatCount=0, eventTime=29443639, downTime=29443634, deviceId=3, source=0x701 }
11-02 16:44:54.224 W/ViewRootImpl( 2501): Cancelling event due to no window focus: KeyEvent { action=ACTION_UP, keyCode=KEYCODE_DPAD_CENTER, scanCode=28, metaState=0, flags=0x28, repeatCount=0, eventTime=29443639, downTime=29443634, deviceId=3, source=0x701 }
11-02 16:44:54.224 W/ViewRootImpl( 2501): Cancelling event due to no window focus: KeyEvent { action=ACTION_UP, keyCode=KEYCODE_DPAD_CENTER, scanCode=28, metaState=0, flags=0x28, repeatCount=0, eventTime=29443639, downTime=29443634, deviceId=3, source=0x701 }
11-02 16:44:54.568 V/WindowManager( 1990): Adding window Window{1b666e2 u0 com.ipanel.android_webview.shell/com.ipanel.webapp.BrowserActivity} at 5 of 11 (before Window{339ccffc u0 Starting com.ipanel.android_webview.shell})
11-02 16:44:54.587 D/ConnectivityService( 1990): listenForNetwork for NetworkRequest [ id=18, legacyType=-1, [ Capabilities: INTERNET&NOT_RESTRICTED&TRUSTED] ]
11-02 16:44:54.587 D/ConnectivityService( 1990): handleRegisterNetworkRequest checking NetworkAgentInfo [Ethernet () - 105]
11-02 16:44:54.587 D/ConnectivityService( 1990): apparently satisfied.  currentScore=240
11-02 16:44:54.587 D/ConnectivityService( 1990): handleRegisterNetworkRequest checking NetworkAgentInfo [WIFI () - 104]
11-02 16:44:54.587 D/ConnectivityService( 1990): apparently satisfied.  currentScore=60
11-02 16:44:54.732 V/WindowManager( 1990): Adding window Window{2d32aacf u0 SurfaceView} at 5 of 12 (before Window{1b666e2 u0 com.ipanel.android_webview.shell/com.ipanel.webapp.BrowserActivity})
11-02 16:44:54.805 V/WindowManager( 1990): Adding window Window{d62ab65 u0 SurfaceView} at 6 of 13 (before Window{1b666e2 u0 com.ipanel.android_webview.shell/com.ipanel.webapp.BrowserActivity})
11-02 16:44:54.850 W/ViewRootImpl(23722): Cancelling event due to no window focus: KeyEvent { action=ACTION_UP, keyCode=KEYCODE_DPAD_CENTER, scanCode=28, metaState=0, flags=0x80000028, repeatCount=0, eventTime=29443843, downTime=29443634, deviceId=3, source=0x701 }
11-02 16:44:54.850 W/ViewRootImpl(23722): Cancelling event due to no window focus: KeyEvent { action=ACTION_UP, keyCode=KEYCODE_DPAD_CENTER, scanCode=28, metaState=0, flags=0x80000028, repeatCount=0, eventTime=29443843, downTime=29443634, deviceId=3, source=0x701 }
11-02 16:44:54.850 W/ViewRootImpl(23722): Cancelling event due to no window focus: KeyEvent { action=ACTION_UP, keyCode=KEYCODE_DPAD_CENTER, scanCode=28, metaState=0, flags=0x80000028, repeatCount=0, eventTime=29443843, downTime=29443634, deviceId=3, source=0x701 }
11-02 16:44:54.850 W/ViewRootImpl(23722): Cancelling event due to no window focus: KeyEvent { action=ACTION_UP, keyCode=KEYCODE_DPAD_CENTER, scanCode=28, metaState=0, flags=0x80000028, repeatCount=0, eventTime=29443843, downTime=29443634, deviceId=3, source=0x701 }
11-02 16:44:54.850 W/ViewRootImpl(23722): Cancelling event due to no window focus: KeyEvent { action=ACTION_UP, keyCode=KEYCODE_DPAD_CENTER, scanCode=28, metaState=0, flags=0x80000028, repeatCount=0, eventTime=29443843, downTime=29443634, deviceId=3, source=0x701 }
11-02 16:44:54.851 W/ViewRootImpl(23722): Cancelling event due to no window focus: KeyEvent { action=ACTION_UP, keyCode=KEYCODE_DPAD_CENTER, scanCode=28, metaState=0, flags=0x80000028, repeatCount=0, eventTime=29443843, downTime=29443634, deviceId=3, source=0x701 }
11-02 16:44:54.855 W/ViewRootImpl(23722): Cancelling event due to no window focus: KeyEvent { action=ACTION_UP, keyCode=KEYCODE_DPAD_CENTER, scanCode=28, metaState=0, flags=0x80000028, repeatCount=0, eventTime=29443843, downTime=29443634, deviceId=3, source=0x701 }
11-02 16:44:54.855 W/ViewRootImpl(23722): Cancelling event due to no window focus: KeyEvent { action=ACTION_UP, keyCode=KEYCODE_DPAD_CENTER, scanCode=28, metaState=0, flags=0x80000028, repeatCount=0, eventTime=29443843, downTime=29443634, deviceId=3, source=0x701 }
11-02 16:44:54.855 W/ViewRootImpl(23722): Cancelling event due to no window focus: KeyEvent { action=ACTION_UP, keyCode=KEYCODE_DPAD_CENTER, scanCode=28, metaState=0, flags=0x80000028, repeatCount=0, eventTime=29443843, downTime=29443634, deviceId=3, source=0x701 }
11-02 16:44:57.680 D/TaskPersister( 1990): removeObsoleteFile: deleting file=124_task.xml
11-02 16:45:52.197 W/ContextImpl( 2382): Calling a method in the system process without a qualified user: android.app.ContextImpl.sendBroadcast:1345 android.content.ContextWrapper.sendBroadcast:377 com.suma.midware.back.esg.e.f:-1 com.suma.midware.back.esg.f.run:-1 com.suma.midware.prop.util.c.run:-1 
11-02 16:45:53.200 W/ContextImpl( 2382): Calling a method in the system process without a qualified user: android.app.ContextImpl.sendBroadcast:1345 android.content.ContextWrapper.sendBroadcast:377 com.suma.midware.back.esg.e.f:-1 com.suma.midware.back.esg.f.run:-1 com.suma.midware.prop.util.c.run:-1 
11-02 16:45:54.203 W/ContextImpl( 2382): Calling a method in the system process without a qualified user: android.app.ContextImpl.sendBroadcast:1345 android.content.ContextWrapper.sendBroadcast:377 com.suma.midware.back.esg.e.f:-1 com.suma.midware.back.esg.f.run:-1 com.suma.midware.prop.util.c.run:-1 
11-02 16:46:15.340 I/ActivityManager( 1990): START u0 {act=android.intent.action.MAIN cat=[android.intent.category.HOME] flg=0x10200000 cmp=com.suma.midware.home/.third.Main3DActivity} from uid 1000 on display 0
11-02 16:46:15.357 I/ActivityManager( 1990): Force stopping com.android.browser appid=10010 user=0: from pid 2382
11-02 16:46:15.380 W/ContextImpl( 2501): Calling a method in the system process without a qualified user: android.app.ContextImpl.sendBroadcast:1345 android.content.ContextWrapper.sendBroadcast:377 com.suma.midware.view.ext.BluetoothUpdate.b:-1 com.suma.midware.home.third.Main3DActivity.onResume:-1 android.app.Instrumentation.callActivityOnResume:1257 
11-02 16:46:15.382 W/ContextImpl( 2501): Calling a method in the system process without a qualified user: android.app.ContextImpl.sendBroadcast:1345 android.content.ContextWrapper.sendBroadcast:377 android.app.ActivityThread.performResumeActivity:2982 android.app.ActivityThread.handleResumeActivity:3023 android.app.ActivityThread$H.handleMessage:1347 
11-02 16:46:27.646 I/WindowState( 1990): WIN DEATH: Window{d62ab65 u0 SurfaceView}
11-02 16:46:27.646 D/ConnectivityService( 1990): ConnectivityService NetworkRequestInfo binderDied(NetworkRequest [ id=18, legacyType=-1, [ Capabilities: INTERNET&NOT_RESTRICTED&TRUSTED] ], android.os.BinderProxy@18a1348c)
11-02 16:46:27.646 D/ConnectivityService( 1990): releasing NetworkRequest NetworkRequest [ id=18, legacyType=-1, [ Capabilities: INTERNET&NOT_RESTRICTED&TRUSTED] ]
11-02 16:46:27.648 I/ActivityManager( 1990): Process com.ipanel.android_webview.shell (pid 23722) has died
11-02 16:46:27.652 E/ConnectivityService( 1990): RemoteException caught trying to send a callback msg for NetworkRequest [ id=18, legacyType=-1, [ Capabilities: INTERNET&NOT_RESTRICTED&TRUSTED] ]
11-02 16:46:27.652 I/WindowState( 1990): WIN DEATH: Window{1b666e2 u0 com.ipanel.android_webview.shell/com.ipanel.webapp.BrowserActivity}
11-02 16:46:27.652 W/WindowManager( 1990): Force-removing child win Window{2d32aacf u0 SurfaceView} from container Window{1b666e2 u0 com.ipanel.android_webview.shell/com.ipanel.webapp.BrowserActivity}
11-02 16:46:27.654 W/WindowManager( 1990): Failed looking up window
11-02 16:46:27.654 W/WindowManager( 1990): java.lang.IllegalArgumentException: Requested window android.os.BinderProxy@35d80f2e does not exist
11-02 16:46:27.654 W/WindowManager( 1990): 	at com.android.server.wm.WindowManagerService.windowForClientLocked(WindowManagerService.java:8654)
11-02 16:46:27.654 W/WindowManager( 1990): 	at com.android.server.wm.WindowManagerService.windowForClientLocked(WindowManagerService.java:8645)
11-02 16:46:27.654 W/WindowManager( 1990): 	at com.android.server.wm.WindowState$DeathRecipient.binderDied(WindowState.java:1142)
11-02 16:46:27.654 W/WindowManager( 1990): 	at android.os.BinderProxy.sendDeathNotice(Binder.java:551)
11-02 16:46:27.654 I/WindowState( 1990): WIN DEATH: null
11-02 16:46:34.788 I/ActivityManager( 1990): START u0 {act= cmp=com.ipanel.android_webview.shell/com.ipanel.webapp.BrowserActivity (has extras)} from uid 1000 on display 0
11-02 16:46:34.796 W/ContextImpl( 2501): Calling a method in the system process without a qualified user: android.app.ContextImpl.sendBroadcast:1345 android.content.ContextWrapper.sendBroadcast:377 android.app.ActivityThread.performPauseActivity:3259 android.app.ActivityThread.performPauseActivity:3225 android.app.ActivityThread.handlePauseActivity:3200 
11-02 16:46:34.800 V/WindowManager( 1990): Adding window Window{1bf11edb u0 Starting com.ipanel.android_webview.shell} at 5 of 10 (after Window{a0682ad u0 com.suma.midware.setting/com.suma.midware.setting.main.SystemMainActivity})
11-02 16:46:34.829 I/ActivityManager( 1990): Start proc 23881:com.ipanel.android_webview.shell/u0a24 for activity com.ipanel.android_webview.shell/com.ipanel.webapp.BrowserActivity
11-02 16:46:35.247 V/WindowManager( 1990): Adding window Window{137a81f9 u0 com.ipanel.android_webview.shell/com.ipanel.webapp.BrowserActivity} at 5 of 11 (before Window{1bf11edb u0 Starting com.ipanel.android_webview.shell})
11-02 16:46:35.263 D/ConnectivityService( 1990): listenForNetwork for NetworkRequest [ id=19, legacyType=-1, [ Capabilities: INTERNET&NOT_RESTRICTED&TRUSTED] ]
11-02 16:46:35.263 D/ConnectivityService( 1990): handleRegisterNetworkRequest checking NetworkAgentInfo [Ethernet () - 105]
11-02 16:46:35.263 D/ConnectivityService( 1990): apparently satisfied.  currentScore=240
11-02 16:46:35.263 D/ConnectivityService( 1990): handleRegisterNetworkRequest checking NetworkAgentInfo [WIFI () - 104]
11-02 16:46:35.263 D/ConnectivityService( 1990): apparently satisfied.  currentScore=60
11-02 16:46:35.369 V/WindowManager( 1990): Adding window Window{3702974a u0 SurfaceView} at 5 of 12 (before Window{137a81f9 u0 com.ipanel.android_webview.shell/com.ipanel.webapp.BrowserActivity})
11-02 16:46:35.433 V/WindowManager( 1990): Adding window Window{3c2a7d8 u0 SurfaceView} at 6 of 13 (before Window{137a81f9 u0 com.ipanel.android_webview.shell/com.ipanel.webapp.BrowserActivity})
11-02 16:46:35.508 W/ViewRootImpl(23881): Cancelling event due to no window focus: KeyEvent { action=ACTION_UP, keyCode=KEYCODE_DPAD_CENTER, scanCode=28, metaState=0, flags=0x80000028, repeatCount=0, eventTime=29544457, downTime=29544248, deviceId=3, source=0x701 }
11-02 16:46:35.508 W/ViewRootImpl(23881): Cancelling event due to no window focus: KeyEvent { action=ACTION_UP, keyCode=KEYCODE_DPAD_CENTER, scanCode=28, metaState=0, flags=0x80000028, repeatCount=0, eventTime=29544457, downTime=29544248, deviceId=3, source=0x701 }
11-02 16:46:35.509 W/ViewRootImpl(23881): Cancelling event due to no window focus: KeyEvent { action=ACTION_UP, keyCode=KEYCODE_DPAD_CENTER, scanCode=28, metaState=0, flags=0x80000028, repeatCount=0, eventTime=29544457, downTime=29544248, deviceId=3, source=0x701 }
11-02 16:46:35.509 W/ViewRootImpl(23881): Cancelling event due to no window focus: KeyEvent { action=ACTION_UP, keyCode=KEYCODE_DPAD_CENTER, scanCode=28, metaState=0, flags=0x80000028, repeatCount=0, eventTime=29544457, downTime=29544248, deviceId=3, source=0x701 }
11-02 16:46:35.509 W/ViewRootImpl(23881): Cancelling event due to no window focus: KeyEvent { action=ACTION_UP, keyCode=KEYCODE_DPAD_CENTER, scanCode=28, metaState=0, flags=0x80000028, repeatCount=0, eventTime=29544457, downTime=29544248, deviceId=3, source=0x701 }
11-02 16:46:35.509 W/ViewRootImpl(23881): Cancelling event due to no window focus: KeyEvent { action=ACTION_UP, keyCode=KEYCODE_DPAD_CENTER, scanCode=28, metaState=0, flags=0x80000028, repeatCount=0, eventTime=29544457, downTime=29544248, deviceId=3, source=0x701 }
11-02 16:46:35.513 W/ViewRootImpl(23881): Cancelling event due to no window focus: KeyEvent { action=ACTION_UP, keyCode=KEYCODE_DPAD_CENTER, scanCode=28, metaState=0, flags=0x80000028, repeatCount=0, eventTime=29544457, downTime=29544248, deviceId=3, source=0x701 }
11-02 16:46:35.513 W/ViewRootImpl(23881): Cancelling event due to no window focus: KeyEvent { action=ACTION_UP, keyCode=KEYCODE_DPAD_CENTER, scanCode=28, metaState=0, flags=0x80000028, repeatCount=0, eventTime=29544457, downTime=29544248, deviceId=3, source=0x701 }
11-02 16:46:35.513 W/ViewRootImpl(23881): Cancelling event due to no window focus: KeyEvent { action=ACTION_UP, keyCode=KEYCODE_DPAD_CENTER, scanCode=28, metaState=0, flags=0x80000028, repeatCount=0, eventTime=29544457, downTime=29544248, deviceId=3, source=0x701 }
11-02 16:46:57.251 W/ContextImpl( 2382): Calling a method in the system process without a qualified user: android.app.ContextImpl.sendBroadcast:1345 android.content.ContextWrapper.sendBroadcast:377 com.suma.midware.back.esg.e.f:-1 com.suma.midware.back.esg.f.run:-1 com.suma.midware.prop.util.c.run:-1 
11-02 16:46:58.253 W/ContextImpl( 2382): Calling a method in the system process without a qualified user: android.app.ContextImpl.sendBroadcast:1345 android.content.ContextWrapper.sendBroadcast:377 com.suma.midware.back.esg.e.f:-1 com.suma.midware.back.esg.f.run:-1 com.suma.midware.prop.util.c.run:-1 
11-02 16:46:59.254 W/ContextImpl( 2382): Calling a method in the system process without a qualified user: android.app.ContextImpl.sendBroadcast:1345 android.content.ContextWrapper.sendBroadcast:377 com.suma.midware.back.esg.e.f:-1 com.suma.midware.back.esg.f.run:-1 com.suma.midware.prop.util.c.run:-1 
11-02 16:47:01.009 W/InputMethodManagerService( 1990): Starting input on non-focused client com.android.internal.view.IInputMethodClient$Stub$Proxy@214799ee (uid=10024 pid=23881)
11-02 16:47:01.562 I/ActivityManager( 1990): Force stopping com.ipanel.android_webview.shell appid=10024 user=0: from pid 2382
11-02 16:47:01.562 I/ActivityManager( 1990): Killing 23881:com.ipanel.android_webview.shell/u0a24 (adj 0): stop com.ipanel.android_webview.shell
11-02 16:47:01.585 I/WindowState( 1990): WIN DEATH: Window{137a81f9 u0 com.ipanel.android_webview.shell/com.ipanel.webapp.BrowserActivity}
11-02 16:47:01.585 D/ConnectivityService( 1990): ConnectivityService NetworkRequestInfo binderDied(NetworkRequest [ id=19, legacyType=-1, [ Capabilities: INTERNET&NOT_RESTRICTED&TRUSTED] ], android.os.BinderProxy@38773e8f)
11-02 16:47:01.586 W/WindowManager( 1990): Force-removing child win Window{3c2a7d8 u0 SurfaceView} from container Window{137a81f9 u0 com.ipanel.android_webview.shell/com.ipanel.webapp.BrowserActivity}
11-02 16:47:01.586 D/ConnectivityService( 1990): releasing NetworkRequest NetworkRequest [ id=19, legacyType=-1, [ Capabilities: INTERNET&NOT_RESTRICTED&TRUSTED] ]
11-02 16:47:01.592 E/ConnectivityService( 1990): RemoteException caught trying to send a callback msg for NetworkRequest [ id=19, legacyType=-1, [ Capabilities: INTERNET&NOT_RESTRICTED&TRUSTED] ]
11-02 16:47:01.598 W/WindowManager( 1990): Force-removing child win Window{3702974a u0 SurfaceView} from container Window{137a81f9 u0 com.ipanel.android_webview.shell/com.ipanel.webapp.BrowserActivity}
11-02 16:47:01.602 W/WindowManager( 1990): Failed looking up window
11-02 16:47:01.602 W/WindowManager( 1990): java.lang.IllegalArgumentException: Requested window android.os.BinderProxy@31d844b5 does not exist
11-02 16:47:01.602 W/WindowManager( 1990): 	at com.android.server.wm.WindowManagerService.windowForClientLocked(WindowManagerService.java:8654)
11-02 16:47:01.602 W/WindowManager( 1990): 	at com.android.server.wm.WindowManagerService.windowForClientLocked(WindowManagerService.java:8645)
11-02 16:47:01.602 W/WindowManager( 1990): 	at com.android.server.wm.WindowState$DeathRecipient.binderDied(WindowState.java:1142)
11-02 16:47:01.602 W/WindowManager( 1990): 	at android.os.BinderProxy.sendDeathNotice(Binder.java:551)
11-02 16:47:01.602 I/WindowState( 1990): WIN DEATH: null
11-02 16:47:01.602 W/WindowManager( 1990): Failed looking up window
11-02 16:47:01.602 W/WindowManager( 1990): java.lang.IllegalArgumentException: Requested window android.os.BinderProxy@36f26bb does not exist
11-02 16:47:01.602 W/WindowManager( 1990): 	at com.android.server.wm.WindowManagerService.windowForClientLocked(WindowManagerService.java:8654)
11-02 16:47:01.602 W/WindowManager( 1990): 	at com.android.server.wm.WindowManagerService.windowForClientLocked(WindowManagerService.java:8645)
11-02 16:47:01.602 W/WindowManager( 1990): 	at com.android.server.wm.WindowState$DeathRecipient.binderDied(WindowState.java:1142)
11-02 16:47:01.602 W/WindowManager( 1990): 	at android.os.BinderProxy.sendDeathNotice(Binder.java:551)
11-02 16:47:01.602 I/WindowState( 1990): WIN DEATH: null
11-02 16:47:01.618 W/ActivityManager( 1990): Force removing ActivityRecord{39f2cacd u0 com.ipanel.android_webview.shell/com.ipanel.webapp.BrowserActivity t125}: app died, no saved state
11-02 16:47:01.624 W/ActivityManager( 1990): Spurious death for ProcessRecord{116f651c 23881:com.ipanel.android_webview.shell/u0a24}, curProc for 23881: null
11-02 16:47:01.624 I/ActivityManager( 1990): Force stopping com.amlogic.inputmethod.remote appid=10019 user=0: from pid 2382
11-02 16:47:01.624 I/ActivityManager( 1990): Killing 23297:com.amlogic.inputmethod.remote/u0a19 (adj 2): stop com.amlogic.inputmethod.remote
11-02 16:47:01.639 W/ActivityManager( 1990): Scheduling restart of crashed service com.amlogic.inputmethod.remote/.RemoteIME in 1000ms
11-02 16:47:01.639 I/ActivityManager( 1990):   Force stopping service ServiceRecord{8b95f1b u0 com.amlogic.inputmethod.remote/.RemoteIME}
11-02 16:47:01.641 W/ActivityManager( 1990): Spurious death for ProcessRecord{10305691 23297:com.amlogic.inputmethod.remote/u0a19}, curProc for 23297: null
11-02 16:47:01.641 W/ActivityManager( 1990): Invalid packageName: android.process.media
11-02 16:47:01.642 I/ActivityManager( 1990): Force stopping com.android.phone appid=1001 user=0: from pid 2382
11-02 16:47:01.644 I/ActivityManager( 1990): Force stopping com.suma.midware.dms appid=1000 user=0: from pid 2382
11-02 16:47:01.646 I/ActivityManager( 1990): Force stopping com.hisilicon.android.hiRMService appid=1000 user=0: from pid 2382
11-02 16:47:01.656 W/InputMethodManagerService( 1990): Session failed to close due to remote exception
11-02 16:47:01.656 W/InputMethodManagerService( 1990): android.os.DeadObjectException
11-02 16:47:01.656 W/InputMethodManagerService( 1990): 	at android.os.BinderProxy.transactNative(Native Method)
11-02 16:47:01.656 W/InputMethodManagerService( 1990): 	at android.os.BinderProxy.transact(Binder.java:496)
11-02 16:47:01.656 W/InputMethodManagerService( 1990): 	at com.android.internal.view.IInputMethodSession$Stub$Proxy.finishSession(IInputMethodSession.java:305)
11-02 16:47:01.656 W/InputMethodManagerService( 1990): 	at com.android.server.InputMethodManagerService.finishSessionLocked(InputMethodManagerService.java:1420)
11-02 16:47:01.656 W/InputMethodManagerService( 1990): 	at com.android.server.InputMethodManagerService.clearClientSessionLocked(InputMethodManagerService.java:1411)
11-02 16:47:01.656 W/InputMethodManagerService( 1990): 	at com.android.server.InputMethodManagerService.clearCurMethodLocked(InputMethodManagerService.java:1437)
11-02 16:47:01.656 W/InputMethodManagerService( 1990): 	at com.android.server.InputMethodManagerService.onServiceDisconnected(InputMethodManagerService.java:1456)
11-02 16:47:01.656 W/InputMethodManagerService( 1990): 	at android.app.LoadedApk$ServiceDispatcher.doDeath(LoadedApk.java:1215)
11-02 16:47:01.656 W/InputMethodManagerService( 1990): 	at android.app.LoadedApk$ServiceDispatcher$RunConnection.run(LoadedApk.java:1229)
11-02 16:47:01.656 W/InputMethodManagerService( 1990): 	at android.os.Handler.handleCallback(Handler.java:739)
11-02 16:47:01.656 W/InputMethodManagerService( 1990): 	at android.os.Handler.dispatchMessage(Handler.java:95)
11-02 16:47:01.656 W/InputMethodManagerService( 1990): 	at android.os.Looper.loop(Looper.java:135)
11-02 16:47:01.656 W/InputMethodManagerService( 1990): 	at com.android.server.SystemServer.run(SystemServer.java:383)
11-02 16:47:01.656 W/InputMethodManagerService( 1990): 	at com.android.server.SystemServer.main(SystemServer.java:178)
11-02 16:47:01.656 W/InputMethodManagerService( 1990): 	at java.lang.reflect.Method.invoke(Native Method)
11-02 16:47:01.656 W/InputMethodManagerService( 1990): 	at java.lang.reflect.Method.invoke(Method.java:372)
11-02 16:47:01.656 W/InputMethodManagerService( 1990): 	at com.android.internal.os.ZygoteInit$MethodAndArgsCaller.run(ZygoteInit.java:903)
11-02 16:47:01.656 W/InputMethodManagerService( 1990): 	at com.android.internal.os.ZygoteInit.main(ZygoteInit.java:698)
11-02 16:47:01.661 W/InputMethodManagerService( 1990): Session failed to close due to remote exception
11-02 16:47:01.661 W/InputMethodManagerService( 1990): android.os.DeadObjectException
11-02 16:47:01.661 W/InputMethodManagerService( 1990): 	at android.os.BinderProxy.transactNative(Native Method)
11-02 16:47:01.661 W/InputMethodManagerService( 1990): 	at android.os.BinderProxy.transact(Binder.java:496)
11-02 16:47:01.661 W/InputMethodManagerService( 1990): 	at com.android.internal.view.IInputMethodSession$Stub$Proxy.finishSession(IInputMethodSession.java:305)
11-02 16:47:01.661 W/InputMethodManagerService( 1990): 	at com.android.server.InputMethodManagerService.finishSessionLocked(InputMethodManagerService.java:1420)
11-02 16:47:01.661 W/InputMethodManagerService( 1990): 	at com.android.server.InputMethodManagerService.clearClientSessionLocked(InputMethodManagerService.java:1411)
11-02 16:47:01.661 W/InputMethodManagerService( 1990): 	at com.android.server.InputMethodManagerService.clearCurMethodLocked(InputMethodManagerService.java:1437)
11-02 16:47:01.661 W/InputMethodManagerService( 1990): 	at com.android.server.InputMethodManagerService.onServiceDisconnected(InputMethodManagerService.java:1456)
11-02 16:47:01.661 W/InputMethodManagerService( 1990): 	at android.app.LoadedApk$ServiceDispatcher.doDeath(LoadedApk.java:1215)
11-02 16:47:01.661 W/InputMethodManagerService( 1990): 	at android.app.LoadedApk$ServiceDispatcher$RunConnection.run(LoadedApk.java:1229)
11-02 16:47:01.661 W/InputMethodManagerService( 1990): 	at android.os.Handler.handleCallback(Handler.java:739)
11-02 16:47:01.661 W/InputMethodManagerService( 1990): 	at android.os.Handler.dispatchMessage(Handler.java:95)
11-02 16:47:01.661 W/InputMethodManagerService( 1990): 	at android.os.Looper.loop(Looper.java:135)
11-02 16:47:01.661 W/InputMethodManagerService( 1990): 	at com.android.server.SystemServer.run(SystemServer.java:383)
11-02 16:47:01.661 W/InputMethodManagerService( 1990): 	at com.android.server.SystemServer.main(SystemServer.java:178)
11-02 16:47:01.661 W/InputMethodManagerService( 1990): 	at java.lang.reflect.Method.invoke(Native Method)
11-02 16:47:01.661 W/InputMethodManagerService( 1990): 	at java.lang.reflect.Method.invoke(Method.java:372)
11-02 16:47:01.661 W/InputMethodManagerService( 1990): 	at com.android.internal.os.ZygoteInit$MethodAndArgsCaller.run(ZygoteInit.java:903)
11-02 16:47:01.661 W/InputMethodManagerService( 1990): 	at com.android.internal.os.ZygoteInit.main(ZygoteInit.java:698)
11-02 16:47:01.670 W/ContextImpl( 2501): Calling a method in the system process without a qualified user: android.app.ContextImpl.sendBroadcast:1345 android.content.ContextWrapper.sendBroadcast:377 com.suma.midware.view.ext.BluetoothUpdate.b:-1 com.suma.midware.home.third.Main3DActivity.onResume:-1 android.app.Instrumentation.callActivityOnResume:1257 
11-02 16:47:01.674 W/ContextImpl( 2501): Calling a method in the system process without a qualified user: android.app.ContextImpl.sendBroadcast:1345 android.content.ContextWrapper.sendBroadcast:377 android.app.ActivityThread.performResumeActivity:2982 android.app.ActivityThread.handleResumeActivity:3023 android.app.ActivityThread$H.handleMessage:1347 
11-02 16:47:01.689 I/ActivityManager( 1990): Config changes=20 {1.0 ?mcc?mnc zh_CN ?layoutDir sw720dp w1280dp h720dp 160dpi xlrg long land television -touch -keyb/h/h dpad/v s.23}
11-02 16:47:01.731 I/ActivityManager( 1990): Config changes=20 {1.0 ?mcc?mnc zh_CN ?layoutDir sw720dp w1280dp h720dp 160dpi xlrg long land television -touch -keyb/v/h dpad/v s.24}
11-02 16:47:01.740 E/ActivityThread( 2165): Failed to find provider info for com.android.contacts
11-02 16:47:01.779 E/ActivityThread( 2165): Failed to find provider info for com.android.contacts
11-02 16:47:04.312 I/ActivityManager( 1990): START u0 {act= cmp=com.ipanel.android_webview.shell/com.ipanel.webapp.BrowserActivity (has extras)} from uid 1000 on display 0
11-02 16:47:04.315 V/WindowManager( 1990): addAppToken: AppWindowToken{14cc70d9 token=Token{27885f20 ActivityRecord{2b78e23 u0 com.ipanel.android_webview.shell/com.ipanel.webapp.BrowserActivity t126}}} to stack=1 task=126 at 0
11-02 16:47:04.320 W/ContextImpl( 2501): Calling a method in the system process without a qualified user: android.app.ContextImpl.sendBroadcast:1345 android.content.ContextWrapper.sendBroadcast:377 android.app.ActivityThread.performPauseActivity:3259 android.app.ActivityThread.performPauseActivity:3225 android.app.ActivityThread.handlePauseActivity:3200 
11-02 16:47:04.324 V/WindowManager( 1990): Adding window Window{2d9782aa u0 Starting com.ipanel.android_webview.shell} at 5 of 10 (after Window{a0682ad u0 com.suma.midware.setting/com.suma.midware.setting.main.SystemMainActivity})
11-02 16:47:04.355 I/ActivityManager( 1990): Start proc 24003:com.ipanel.android_webview.shell/u0a24 for activity com.ipanel.android_webview.shell/com.ipanel.webapp.BrowserActivity
11-02 16:47:04.745 V/WindowManager( 1990): Adding window Window{2f11ed80 u0 com.ipanel.android_webview.shell/com.ipanel.webapp.BrowserActivity} at 5 of 11 (before Window{2d9782aa u0 Starting com.ipanel.android_webview.shell})
11-02 16:47:04.764 D/ConnectivityService( 1990): listenForNetwork for NetworkRequest [ id=20, legacyType=-1, [ Capabilities: INTERNET&NOT_RESTRICTED&TRUSTED] ]
11-02 16:47:04.764 D/ConnectivityService( 1990): handleRegisterNetworkRequest checking NetworkAgentInfo [Ethernet () - 105]
11-02 16:47:04.764 D/ConnectivityService( 1990): apparently satisfied.  currentScore=240
11-02 16:47:04.765 D/ConnectivityService( 1990): handleRegisterNetworkRequest checking NetworkAgentInfo [WIFI () - 104]
11-02 16:47:04.765 D/ConnectivityService( 1990): apparently satisfied.  currentScore=60
11-02 16:47:04.884 V/WindowManager( 1990): Adding window Window{2d3c2e75 u0 SurfaceView} at 5 of 12 (before Window{2f11ed80 u0 com.ipanel.android_webview.shell/com.ipanel.webapp.BrowserActivity})
11-02 16:47:04.950 V/WindowManager( 1990): Adding window Window{2587867b u0 SurfaceView} at 6 of 13 (before Window{2f11ed80 u0 com.ipanel.android_webview.shell/com.ipanel.webapp.BrowserActivity})
11-02 16:47:05.000 W/ViewRootImpl(24003): Cancelling event due to no window focus: KeyEvent { action=ACTION_UP, keyCode=KEYCODE_DPAD_CENTER, scanCode=28, metaState=0, flags=0x80000028, repeatCount=0, eventTime=29573980, downTime=29573771, deviceId=3, source=0x701 }
11-02 16:47:05.000 W/ViewRootImpl(24003): Cancelling event due to no window focus: KeyEvent { action=ACTION_UP, keyCode=KEYCODE_DPAD_CENTER, scanCode=28, metaState=0, flags=0x80000028, repeatCount=0, eventTime=29573980, downTime=29573771, deviceId=3, source=0x701 }
11-02 16:47:05.001 W/ViewRootImpl(24003): Cancelling event due to no window focus: KeyEvent { action=ACTION_UP, keyCode=KEYCODE_DPAD_CENTER, scanCode=28, metaState=0, flags=0x80000028, repeatCount=0, eventTime=29573980, downTime=29573771, deviceId=3, source=0x701 }
11-02 16:47:05.001 W/ViewRootImpl(24003): Cancelling event due to no window focus: KeyEvent { action=ACTION_UP, keyCode=KEYCODE_DPAD_CENTER, scanCode=28, metaState=0, flags=0x80000028, repeatCount=0, eventTime=29573980, downTime=29573771, deviceId=3, source=0x701 }
11-02 16:47:05.001 W/ViewRootImpl(24003): Cancelling event due to no window focus: KeyEvent { action=ACTION_UP, keyCode=KEYCODE_DPAD_CENTER, scanCode=28, metaState=0, flags=0x80000028, repeatCount=0, eventTime=29573980, downTime=29573771, deviceId=3, source=0x701 }
11-02 16:47:05.001 W/ViewRootImpl(24003): Cancelling event due to no window focus: KeyEvent { action=ACTION_UP, keyCode=KEYCODE_DPAD_CENTER, scanCode=28, metaState=0, flags=0x80000028, repeatCount=0, eventTime=29573980, downTime=29573771, deviceId=3, source=0x701 }
11-02 16:47:05.002 W/ViewRootImpl(24003): Cancelling event due to no window focus: KeyEvent { action=ACTION_UP, keyCode=KEYCODE_DPAD_CENTER, scanCode=28, metaState=0, flags=0x80000028, repeatCount=0, eventTime=29573980, downTime=29573771, deviceId=3, source=0x701 }
11-02 16:47:05.002 W/ViewRootImpl(24003): Cancelling event due to no window focus: KeyEvent { action=ACTION_UP, keyCode=KEYCODE_DPAD_CENTER, scanCode=28, metaState=0, flags=0x80000028, repeatCount=0, eventTime=29573980, downTime=29573771, deviceId=3, source=0x701 }
11-02 16:47:05.002 W/ViewRootImpl(24003): Cancelling event due to no window focus: KeyEvent { action=ACTION_UP, keyCode=KEYCODE_DPAD_CENTER, scanCode=28, metaState=0, flags=0x80000028, repeatCount=0, eventTime=29573980, downTime=29573771, deviceId=3, source=0x701 }
11-02 16:47:05.174 I/ActivityManager( 1990): Start proc 24071:com.amlogic.inputmethod.remote/u0a19 for service com.amlogic.inputmethod.remote/.RemoteIME
11-02 16:47:05.174 V/InputMethodManagerService( 1990): Adding window token: android.os.Binder@458b72d
11-02 16:47:05.625 D/TaskPersister( 1990): removeObsoleteFile: deleting file=125_task.xml
11-02 16:47:05.626 D/TaskPersister( 1990): removeObsoleteFile: deleting file=125_task_thumbnail.png
11-02 16:48:02.360 W/ContextImpl( 2382): Calling a method in the system process without a qualified user: android.app.ContextImpl.sendBroadcast:1345 android.content.ContextWrapper.sendBroadcast:377 com.suma.midware.back.esg.e.f:-1 com.suma.midware.back.esg.f.run:-1 com.suma.midware.prop.util.c.run:-1 
11-02 16:48:03.365 W/ContextImpl( 2382): Calling a method in the system process without a qualified user: android.app.ContextImpl.sendBroadcast:1345 android.content.ContextWrapper.sendBroadcast:377 com.suma.midware.back.esg.e.f:-1 com.suma.midware.back.esg.f.run:-1 com.suma.midware.prop.util.c.run:-1 
11-02 16:48:04.368 W/ContextImpl( 2382): Calling a method in the system process without a qualified user: android.app.ContextImpl.sendBroadcast:1345 android.content.ContextWrapper.sendBroadcast:377 com.suma.midware.back.esg.e.f:-1 com.suma.midware.back.esg.f.run:-1 com.suma.midware.prop.util.c.run:-1 
11-02 16:48:47.950 I/ActivityManager( 1990): Force stopping com.android.browser appid=10010 user=0: from pid 2382
11-02 16:48:47.955 I/ActivityManager( 1990): START u0 {act=android.intent.action.MAIN cat=[android.intent.category.HOME] flg=0x10200000 cmp=com.suma.midware.home/.third.Main3DActivity} from uid 1000 on display 0
11-02 16:48:48.033 W/ContextImpl( 2501): Calling a method in the system process without a qualified user: android.app.ContextImpl.sendBroadcast:1345 android.content.ContextWrapper.sendBroadcast:377 com.suma.midware.view.ext.BluetoothUpdate.b:-1 com.suma.midware.home.third.Main3DActivity.onResume:-1 android.app.Instrumentation.callActivityOnResume:1257 
11-02 16:48:48.035 W/ContextImpl( 2501): Calling a method in the system process without a qualified user: android.app.ContextImpl.sendBroadcast:1345 android.content.ContextWrapper.sendBroadcast:377 android.app.ActivityThread.performResumeActivity:2982 android.app.ActivityThread.handleResumeActivity:3023 android.app.ActivityThread$H.handleMessage:1347 
11-02 16:48:53.015 I/ActivityManager( 1990): START u0 {act= cmp=com.suma.midware.setting/.main.SystemMainActivity} from uid 1000 on display 0
11-02 16:48:53.024 W/ContextImpl( 2501): Calling a method in the system process without a qualified user: android.app.ContextImpl.sendBroadcast:1345 android.content.ContextWrapper.sendBroadcast:377 android.app.ActivityThread.performPauseActivity:3259 android.app.ActivityThread.performPauseActivity:3225 android.app.ActivityThread.handlePauseActivity:3200 
11-02 16:48:53.045 W/ContextImpl( 2700): Calling a method in the system process without a qualified user: android.app.ContextImpl.sendBroadcast:1345 android.content.ContextWrapper.sendBroadcast:377 android.app.ActivityThread.performResumeActivity:2982 android.app.ActivityThread.handleResumeActivity:3023 android.app.ActivityThread$H.handleMessage:1347 
11-02 16:48:57.773 I/WindowState( 1990): WIN DEATH: Window{2f11ed80 u0 com.ipanel.android_webview.shell/com.ipanel.webapp.BrowserActivity}
11-02 16:48:57.773 W/WindowManager( 1990): Force-removing child win Window{2587867b u0 SurfaceView} from container Window{2f11ed80 u0 com.ipanel.android_webview.shell/com.ipanel.webapp.BrowserActivity}
11-02 16:48:57.775 W/WindowManager( 1990): Force-removing child win Window{2d3c2e75 u0 SurfaceView} from container Window{2f11ed80 u0 com.ipanel.android_webview.shell/com.ipanel.webapp.BrowserActivity}
11-02 16:48:57.775 I/ActivityManager( 1990): Process com.ipanel.android_webview.shell (pid 24003) has died
11-02 16:48:57.778 D/ConnectivityService( 1990): ConnectivityService NetworkRequestInfo binderDied(NetworkRequest [ id=20, legacyType=-1, [ Capabilities: INTERNET&NOT_RESTRICTED&TRUSTED] ], android.os.BinderProxy@2fe5ad3f)
11-02 16:48:57.780 D/ConnectivityService( 1990): releasing NetworkRequest NetworkRequest [ id=20, legacyType=-1, [ Capabilities: INTERNET&NOT_RESTRICTED&TRUSTED] ]
11-02 16:48:57.797 E/ConnectivityService( 1990): RemoteException caught trying to send a callback msg for NetworkRequest [ id=20, legacyType=-1, [ Capabilities: INTERNET&NOT_RESTRICTED&TRUSTED] ]
11-02 16:48:57.801 W/WindowManager( 1990): Failed looking up window
11-02 16:48:57.801 W/WindowManager( 1990): java.lang.IllegalArgumentException: Requested window android.os.BinderProxy@2c6861ac does not exist
11-02 16:48:57.801 W/WindowManager( 1990): 	at com.android.server.wm.WindowManagerService.windowForClientLocked(WindowManagerService.java:8654)
11-02 16:48:57.801 W/WindowManager( 1990): 	at com.android.server.wm.WindowManagerService.windowForClientLocked(WindowManagerService.java:8645)
11-02 16:48:57.801 W/WindowManager( 1990): 	at com.android.server.wm.WindowState$DeathRecipient.binderDied(WindowState.java:1142)
11-02 16:48:57.801 W/WindowManager( 1990): 	at android.os.BinderProxy.sendDeathNotice(Binder.java:551)
11-02 16:48:57.801 I/WindowState( 1990): WIN DEATH: null
11-02 16:49:01.499 I/ActivityManager( 1990): START u0 {cmp=com.suma.midware.setting/.info.SystemInfoMainActivity} from uid 1000 on display 0
11-02 16:49:01.502 V/WindowManager( 1990): addAppToken: AppWindowToken{764e96a token=Token{3260b55 ActivityRecord{1d4e260c u0 com.suma.midware.setting/.info.SystemInfoMainActivity t108}}} to stack=1 task=108 at 1
11-02 16:49:01.504 W/ContextImpl( 2700): Calling a method in the system process without a qualified user: android.app.ContextImpl.sendBroadcast:1345 android.content.ContextWrapper.sendBroadcast:377 android.app.ActivityThread.performPauseActivity:3259 android.app.ActivityThread.performPauseActivity:3225 android.app.ActivityThread.handlePauseActivity:3200 
11-02 16:49:01.593 W/ContextImpl( 2700): Calling a method in the system process without a qualified user: android.app.ContextImpl.sendBroadcast:1345 android.content.ContextWrapper.sendBroadcast:377 android.app.ActivityThread.performResumeActivity:2982 android.app.ActivityThread.handleResumeActivity:3023 android.app.ActivityThread.handleLaunchActivity:2392 
11-02 16:49:01.596 V/WindowManager( 1990): Adding window Window{c060537 u0 com.suma.midware.setting/com.suma.midware.setting.info.SystemInfoMainActivity} at 5 of 10 (after Window{a0682ad u0 com.suma.midware.setting/com.suma.midware.setting.main.SystemMainActivity})
11-02 16:49:06.415 I/ActivityManager( 1990): START u0 {cmp=com.suma.midware.setting/.info.StbInfoActivity} from uid 1000 on display 0
11-02 16:49:06.419 V/WindowManager( 1990): addAppToken: AppWindowToken{1ef53bc2 token=Token{1c45500d ActivityRecord{33b12aa4 u0 com.suma.midware.setting/.info.StbInfoActivity t108}}} to stack=1 task=108 at 2
11-02 16:49:06.422 W/ContextImpl( 2700): Calling a method in the system process without a qualified user: android.app.ContextImpl.sendBroadcast:1345 android.content.ContextWrapper.sendBroadcast:377 android.app.ActivityThread.performPauseActivity:3259 android.app.ActivityThread.performPauseActivity:3225 android.app.ActivityThread.handlePauseActivity:3200 
11-02 16:49:07.432 W/ContextImpl( 2382): Calling a method in the system process without a qualified user: android.app.ContextImpl.sendBroadcast:1345 android.content.ContextWrapper.sendBroadcast:377 com.suma.midware.back.esg.e.f:-1 com.suma.midware.back.esg.f.run:-1 com.suma.midware.prop.util.c.run:-1 
11-02 16:49:08.003 W/ContextImpl( 2700): Calling a method in the system process without a qualified user: android.app.ContextImpl.sendBroadcast:1345 android.content.ContextWrapper.sendBroadcast:377 android.app.ActivityThread.performResumeActivity:2982 android.app.ActivityThread.handleResumeActivity:3023 android.app.ActivityThread.handleLaunchActivity:2392 
11-02 16:49:08.009 V/WindowManager( 1990): Adding window Window{11ea642f u0 com.suma.midware.setting/com.suma.midware.setting.info.StbInfoActivity} at 6 of 11 (after Window{c060537 u0 com.suma.midware.setting/com.suma.midware.setting.info.SystemInfoMainActivity})
11-02 16:49:08.079 V/WindowManager( 1990): Adding window Window{310173c5 u0 SurfaceView} at 6 of 12 (before Window{11ea642f u0 com.suma.midware.setting/com.suma.midware.setting.info.StbInfoActivity})
11-02 16:49:08.086 W/ViewRootImpl( 2700): Dropping event due to no window focus: KeyEvent { action=ACTION_DOWN, keyCode=KEYCODE_DPAD_CENTER, scanCode=28, metaState=0, flags=0x8, repeatCount=0, eventTime=29697159, downTime=29697159, deviceId=3, source=0x701 }
11-02 16:49:08.113 W/ViewRootImpl( 2700): Cancelling event due to no window focus: KeyEvent { action=ACTION_UP, keyCode=KEYCODE_DPAD_CENTER, scanCode=28, metaState=0, flags=0x28, repeatCount=0, eventTime=29697477, downTime=29697159, deviceId=3, source=0x701 }
11-02 16:49:08.113 W/ViewRootImpl( 2700): Cancelling event due to no window focus: KeyEvent { action=ACTION_UP, keyCode=KEYCODE_DPAD_CENTER, scanCode=28, metaState=0, flags=0x28, repeatCount=0, eventTime=29697477, downTime=29697159, deviceId=3, source=0x701 }
11-02 16:49:08.113 W/ViewRootImpl( 2700): Cancelling event due to no window focus: KeyEvent { action=ACTION_UP, keyCode=KEYCODE_DPAD_CENTER, scanCode=28, metaState=0, flags=0x28, repeatCount=0, eventTime=29697477, downTime=29697159, deviceId=3, source=0x701 }
11-02 16:49:08.113 W/ViewRootImpl( 2700): Cancelling event due to no window focus: KeyEvent { action=ACTION_UP, keyCode=KEYCODE_DPAD_CENTER, scanCode=28, metaState=0, flags=0x28, repeatCount=0, eventTime=29697477, downTime=29697159, deviceId=3, source=0x701 }
11-02 16:49:08.114 W/ViewRootImpl( 2700): Cancelling event due to no window focus: KeyEvent { action=ACTION_UP, keyCode=KEYCODE_DPAD_CENTER, scanCode=28, metaState=0, flags=0x28, repeatCount=0, eventTime=29697477, downTime=29697159, deviceId=3, source=0x701 }
11-02 16:49:08.114 W/ViewRootImpl( 2700): Cancelling event due to no window focus: KeyEvent { action=ACTION_UP, keyCode=KEYCODE_DPAD_CENTER, scanCode=28, metaState=0, flags=0x28, repeatCount=0, eventTime=29697477, downTime=29697159, deviceId=3, source=0x701 }
11-02 16:49:08.436 W/ContextImpl( 2382): Calling a method in the system process without a qualified user: android.app.ContextImpl.sendBroadcast:1345 android.content.ContextWrapper.sendBroadcast:377 com.suma.midware.back.esg.e.f:-1 com.suma.midware.back.esg.f.run:-1 com.suma.midware.prop.util.c.run:-1 
11-02 16:49:09.439 W/ContextImpl( 2382): Calling a method in the system process without a qualified user: android.app.ContextImpl.sendBroadcast:1345 android.content.ContextWrapper.sendBroadcast:377 com.suma.midware.back.esg.e.f:-1 com.suma.midware.back.esg.f.run:-1 com.suma.midware.prop.util.c.run:-1 
11-02 16:49:14.188 W/ContextImpl( 2700): Calling a method in the system process without a qualified user: android.app.ContextImpl.sendBroadcast:1345 android.content.ContextWrapper.sendBroadcast:377 android.app.ActivityThread.performPauseActivity:3259 android.app.ActivityThread.performPauseActivity:3225 android.app.ActivityThread.handlePauseActivity:3200 
11-02 16:49:14.192 W/ContextImpl( 2700): Calling a method in the system process without a qualified user: android.app.ContextImpl.sendBroadcast:1345 android.content.ContextWrapper.sendBroadcast:377 android.app.ActivityThread.performResumeActivity:2982 android.app.ActivityThread.handleResumeActivity:3023 android.app.ActivityThread$H.handleMessage:1347 
11-02 16:49:15.746 W/ContextImpl( 2700): Calling a method in the system process without a qualified user: android.app.ContextImpl.sendBroadcast:1345 android.content.ContextWrapper.sendBroadcast:377 android.app.ActivityThread.performPauseActivity:3259 android.app.ActivityThread.performPauseActivity:3225 android.app.ActivityThread.handlePauseActivity:3200 
11-02 16:49:15.755 W/ContextImpl( 2700): Calling a method in the system process without a qualified user: android.app.ContextImpl.sendBroadcast:1345 android.content.ContextWrapper.sendBroadcast:377 android.app.ActivityThread.performResumeActivity:2982 android.app.ActivityThread.handleResumeActivity:3023 android.app.ActivityThread$H.handleMessage:1347 
11-02 16:49:21.302 I/ActivityManager( 1990): START u0 {cmp=com.suma.midware.setting/.net.NetMainActivity} from uid 1000 on display 0
11-02 16:49:21.308 V/WindowManager( 1990): addAppToken: AppWindowToken{1b981972 token=Token{1e37567d ActivityRecord{2b0684d4 u0 com.suma.midware.setting/.net.NetMainActivity t108}}} to stack=1 task=108 at 1
11-02 16:49:21.310 W/ContextImpl( 2700): Calling a method in the system process without a qualified user: android.app.ContextImpl.sendBroadcast:1345 android.content.ContextWrapper.sendBroadcast:377 android.app.ActivityThread.performPauseActivity:3259 android.app.ActivityThread.performPauseActivity:3225 android.app.ActivityThread.handlePauseActivity:3200 
11-02 16:49:21.404 W/ContextImpl( 2700): Calling a method in the system process without a qualified user: android.app.ContextImpl.sendBroadcast:1345 android.content.ContextWrapper.sendBroadcast:377 android.app.ActivityThread.performResumeActivity:2982 android.app.ActivityThread.handleResumeActivity:3023 android.app.ActivityThread.handleLaunchActivity:2392 
11-02 16:49:21.406 V/WindowManager( 1990): Adding window Window{ec2b71f u0 com.suma.midware.setting/com.suma.midware.setting.net.NetMainActivity} at 5 of 10 (after Window{a0682ad u0 com.suma.midware.setting/com.suma.midware.setting.main.SystemMainActivity})
11-02 16:49:32.117 I/ActivityManager( 1990): START u0 {cmp=com.suma.midware.setting/.net.NetInfoActivity} from uid 1000 on display 0
11-02 16:49:32.123 V/WindowManager( 1990): addAppToken: AppWindowToken{3f4d64ca token=Token{237fd835 ActivityRecord{1dad9a6c u0 com.suma.midware.setting/.net.NetInfoActivity t108}}} to stack=1 task=108 at 2
11-02 16:49:32.125 W/ContextImpl( 2700): Calling a method in the system process without a qualified user: android.app.ContextImpl.sendBroadcast:1345 android.content.ContextWrapper.sendBroadcast:377 android.app.ActivityThread.performPauseActivity:3259 android.app.ActivityThread.performPauseActivity:3225 android.app.ActivityThread.handlePauseActivity:3200 
11-02 16:49:32.177 W/ContextImpl( 2700): Calling a method in the system process without a qualified user: android.app.ContextImpl.sendBroadcast:1345 android.content.ContextWrapper.sendBroadcast:377 android.app.ActivityThread.performResumeActivity:2982 android.app.ActivityThread.handleResumeActivity:3023 android.app.ActivityThread.handleLaunchActivity:2392 
11-02 16:49:32.179 V/WindowManager( 1990): Adding window Window{387e6b17 u0 com.suma.midware.setting/com.suma.midware.setting.net.NetInfoActivity} at 6 of 11 (after Window{ec2b71f u0 com.suma.midware.setting/com.suma.midware.setting.net.NetMainActivity})
11-02 16:50:12.515 W/ContextImpl( 2382): Calling a method in the system process without a qualified user: android.app.ContextImpl.sendBroadcast:1345 android.content.ContextWrapper.sendBroadcast:377 com.suma.midware.back.esg.e.f:-1 com.suma.midware.back.esg.f.run:-1 com.suma.midware.prop.util.c.run:-1 
11-02 16:50:13.518 W/ContextImpl( 2382): Calling a method in the system process without a qualified user: android.app.ContextImpl.sendBroadcast:1345 android.content.ContextWrapper.sendBroadcast:377 com.suma.midware.back.esg.e.f:-1 com.suma.midware.back.esg.f.run:-1 com.suma.midware.prop.util.c.run:-1 
11-02 16:50:14.521 W/ContextImpl( 2382): Calling a method in the system process without a qualified user: android.app.ContextImpl.sendBroadcast:1345 android.content.ContextWrapper.sendBroadcast:377 com.suma.midware.back.esg.e.f:-1 com.suma.midware.back.esg.f.run:-1 com.suma.midware.prop.util.c.run:-1 
11-02 16:51:03.090 I/UsageStatsService( 1990): User[0] Flushing usage stats to disk
11-02 16:51:17.586 W/ContextImpl( 2382): Calling a method in the system process without a qualified user: android.app.ContextImpl.sendBroadcast:1345 android.content.ContextWrapper.sendBroadcast:377 com.suma.midware.back.esg.e.f:-1 com.suma.midware.back.esg.f.run:-1 com.suma.midware.prop.util.c.run:-1 
11-02 16:51:18.589 W/ContextImpl( 2382): Calling a method in the system process without a qualified user: android.app.ContextImpl.sendBroadcast:1345 android.content.ContextWrapper.sendBroadcast:377 com.suma.midware.back.esg.e.f:-1 com.suma.midware.back.esg.f.run:-1 com.suma.midware.prop.util.c.run:-1 
11-02 16:51:19.592 W/ContextImpl( 2382): Calling a method in the system process without a qualified user: android.app.ContextImpl.sendBroadcast:1345 android.content.ContextWrapper.sendBroadcast:377 com.suma.midware.back.esg.e.f:-1 com.suma.midware.back.esg.f.run:-1 com.suma.midware.prop.util.c.run:-1 
11-02 16:51:21.176 I/ActivityManager( 1990): START u0 {act=android.intent.action.MAIN cat=[android.intent.category.HOME] flg=0x10200000 cmp=com.suma.midware.home/.third.Main3DActivity} from uid 1000 on display 0
11-02 16:51:21.192 I/ActivityManager( 1990): Force stopping com.android.browser appid=10010 user=0: from pid 2382
11-02 16:51:21.194 W/ContextImpl( 2700): Calling a method in the system process without a qualified user: android.app.ContextImpl.sendBroadcast:1345 android.content.ContextWrapper.sendBroadcast:377 android.app.ActivityThread.performPauseActivity:3259 android.app.ActivityThread.performPauseActivity:3225 android.app.ActivityThread.handlePauseActivity:3200 
11-02 16:51:21.212 W/ContextImpl( 2501): Calling a method in the system process without a qualified user: android.app.ContextImpl.sendBroadcast:1345 android.content.ContextWrapper.sendBroadcast:377 com.suma.midware.view.ext.BluetoothUpdate.b:-1 com.suma.midware.home.third.Main3DActivity.onResume:-1 android.app.Instrumentation.callActivityOnResume:1257 
11-02 16:51:21.215 W/ContextImpl( 2501): Calling a method in the system process without a qualified user: android.app.ContextImpl.sendBroadcast:1345 android.content.ContextWrapper.sendBroadcast:377 android.app.ActivityThread.performResumeActivity:2982 android.app.ActivityThread.handleResumeActivity:3023 android.app.ActivityThread$H.handleMessage:1347 
11-02 16:51:36.866 I/ActivityManager( 1990): START u0 {act= cmp=com.ipanel.android_webview.shell/com.ipanel.webapp.BrowserActivity (has extras)} from uid 1000 on display 0
