11-02 18:38:54.841 E/NetUtils( 2021): Interface eth0 LinkDown!
11-02 18:38:55.040 D/BasicFigure( 2489): [TN_GLThread 73]isDrawFocused relyElement=[BaseElement@1961e652]focusScale[1.15]elementAlpha[-1.0]refectAlpha[-1.0]isFocusAble[true]shadowIndex[-1]autoJumpType[-1]uniqueID[54resSize0]rect[NULL]
11-02 18:38:55.041 D/BasicFigure( 2489): [TN_GLThread 73]isDrawFocused basicFigure=com.suma.midware.view.b.c.c@18483d23
11-02 18:38:55.342 D/BackBootDealerNeimeng( 2367): standbyState:
11-02 18:38:55.342 E/NetUtils( 2021): Interface eth0 LinkDown!
11-02 18:38:55.694 E/WifiStateMachine( 2021): WifiStateMachine CMD_START_SCAN source -2 txSuccessRate=2.38 rxSuccessRate=1.08 targetRoamBSSID=any RSSI=-36
11-02 18:38:55.694 E/WifiStateMachine( 2021): WifiStateMachine starting scan for "ipanel"WPA_PSK with 2467
11-02 18:38:55.843 D/BackBootDealerNeimeng( 2367): standbyState:
11-02 18:38:55.843 E/NetUtils( 2021): Interface eth0 LinkDown!
11-02 18:38:56.060 D/BasicFigure( 2489): [TN_GLThread 73]isDrawFocused relyElement=[BaseElement@1961e652]focusScale[1.15]elementAlpha[-1.0]refectAlpha[-1.0]isFocusAble[true]shadowIndex[-1]autoJumpType[-1]uniqueID[54resSize0]rect[NULL]
11-02 18:38:56.060 D/BasicFigure( 2489): [TN_GLThread 73]isDrawFocused basicFigure=com.suma.midware.view.b.c.c@18483d23
11-02 18:38:56.344 D/BackBootDealerNeimeng( 2367): standbyState:
11-02 18:38:56.345 E/NetUtils( 2021): Interface eth0 LinkDown!
11-02 18:38:56.426 I/EthernetNetworkFactory( 2021): updateInterfaceState :the mIface is:eth0iface is wlan0 true
11-02 18:38:56.435 E/WifiAutoJoinController ( 2021): GDWL 86:79:73:27:8c:19 rssi=-32 cap [WPA-PSK-CCMP][WPA2-PSK-CCMP][ESS] is not scored
11-02 18:38:56.435 E/WifiAutoJoinController ( 2021): ipanel e4:f3:f5:aa:ad:88 rssi=-36 cap [WPA-PSK-CCMP][WPA2-PSK-CCMP][ESS] is not scored
11-02 18:38:56.436 E/WifiAutoJoinController ( 2021):  84:79:73:27:8c:19 rssi=-30 cap [WEP][ESS] is not scored
11-02 18:38:56.436 E/WifiAutoJoinController ( 2021): MERCURY_EDE4 e4:f3:f5:6a:ed:e4 rssi=-44 cap [ESS] is not scored
11-02 18:38:56.437 E/WifiAutoJoinController ( 2021): Office_Net e4:f3:f5:a4:00:c0 rssi=-66 cap [WPA-PSK-CCMP][WPA2-PSK-CCMP][ESS] is not scored
11-02 18:38:56.437 E/WifiAutoJoinController ( 2021): IMBTVN2.4_1c478d 4c:0f:c7:c3:27:4b rssi=-68 cap [ESS] is not scored
11-02 18:38:56.437 E/WifiAutoJoinController ( 2021): WLGS 1c:fa:68:05:a3:5a rssi=-76 cap [WPA-PSK-CCMP][WPA2-PSK-CCMP][WPS][ESS] is not scored
11-02 18:38:56.438 E/WifiAutoJoinController ( 2021): ageScanResultsOut delay 40000 size 26 now 1509619136438
11-02 18:38:56.438 E/WifiAutoJoinController ( 2021): newSupplicantResults size=26 known=1 true
11-02 18:38:56.439 E/WifiAutoJoinController ( 2021): attemptAutoJoin() status=bssid=e4:f3:f5:aa:ad:88
11-02 18:38:56.439 E/WifiAutoJoinController ( 2021): freq=2467
11-02 18:38:56.439 E/WifiAutoJoinController ( 2021): ssid=ipanel
11-02 18:38:56.439 E/WifiAutoJoinController ( 2021): id=1
11-02 18:38:56.439 E/WifiAutoJoinController ( 2021): mode=station
11-02 18:38:56.439 E/WifiAutoJoinController ( 2021): pairwise_cipher=CCMP
11-02 18:38:56.439 E/WifiAutoJoinController ( 2021): group_cipher=CCMP
11-02 18:38:56.439 E/WifiAutoJoinController ( 2021): key_mgmt=WPA2-PSK
11-02 18:38:56.439 E/WifiAutoJoinController ( 2021): wpa_state=COMPLETED
11-02 18:38:56.439 E/WifiAutoJoinController ( 2021): ip_address=192.168.0.101
11-02 18:38:56.439 E/WifiAutoJoinController ( 2021): p2p_device_address=0e:62:a6:0c:0f:b2
11-02 18:38:56.439 E/WifiAutoJoinController ( 2021): address=0c:62:a6:0c:0f:b2
11-02 18:38:56.439 E/WifiAutoJoinController ( 2021): uuid=de43a986-3647-5398-876d-b6752834d7e7 split=13
11-02 18:38:56.439 E/WifiAutoJoinController ( 2021): attemptAutoJoin() num recent config 1 current="ipanel"WPA_PSK last="ipanel"WPA_PSK ---> suppNetId=1
11-02 18:38:56.439 E/WifiAutoJoinController ( 2021): attemptAutoJoin good candidate seen, bumped hard -> status=0 "ipanel"WPA_PSK rssi=(-36,-127) num=(1,0)
11-02 18:38:56.439 E/WifiAutoJoinController ( 2021): attemptAutoJoin skip current candidate  1 key "ipanel"WPA_PSK
11-02 18:38:56.440 E/WifiAutoJoinController ( 2021): attemptRoam: "ipanel"WPA_PSK Found e4:f3:f5:aa:ad:88 rssi=-36 freq=2467 Current: e4:f3:f5:aa:ad:88
11-02 18:38:56.440 E/WifiAutoJoinController ( 2021): Done attemptAutoJoin status=0
11-02 18:38:56.846 D/BackBootDealerNeimeng( 2367): standbyState:
11-02 18:38:56.846 E/NetUtils( 2021): Interface eth0 LinkDown!
11-02 18:38:57.068 D/BasicFigure( 2489): [TN_GLThread 73]isDrawFocused relyElement=[BaseElement@1961e652]focusScale[1.15]elementAlpha[-1.0]refectAlpha[-1.0]isFocusAble[true]shadowIndex[-1]autoJumpType[-1]uniqueID[54resSize0]rect[NULL]
11-02 18:38:57.068 D/BasicFigure( 2489): [TN_GLThread 73]isDrawFocused basicFigure=com.suma.midware.view.b.c.c@18483d23
11-02 18:38:57.347 D/BackBootDealerNeimeng( 2367): standbyState:
11-02 18:38:57.348 E/NetUtils( 2021): Interface eth0 LinkDown!
11-02 18:38:57.848 D/BackBootDealerNeimeng( 2367): standbyState:
11-02 18:38:57.849 E/NetUtils( 2021): Interface eth0 LinkDown!
11-02 18:38:58.087 D/BasicFigure( 2489): [TN_GLThread 73]isDrawFocused relyElement=[BaseElement@1961e652]focusScale[1.15]elementAlpha[-1.0]refectAlpha[-1.0]isFocusAble[true]shadowIndex[-1]autoJumpType[-1]uniqueID[54resSize0]rect[NULL]
11-02 18:38:58.087 D/BasicFigure( 2489): [TN_GLThread 73]isDrawFocused basicFigure=com.suma.midware.view.b.c.c@18483d23
11-02 18:38:58.350 D/BackBootDealerNeimeng( 2367): standbyState:
11-02 18:38:58.351 E/NetUtils( 2021): Interface eth0 LinkDown!
11-02 18:38:58.682 V/SUMA    ( 1580): [VOD EXT]_ERRO:onewave_auth_req1st(1180) 
11-02 18:38:58.682 V/SUMA    ( 1580): connect() failed, errno=10026 !
11-02 18:38:58.682 V/SUMA    ( 1580): [VOD EXT]_DBUG:onewave_auth_req1st(1290) 
11-02 18:38:58.682 V/SUMA    ( 1580): err,leave onewave_auth_req1st 
11-02 18:38:58.851 D/BackBootDealerNeimeng( 2367): standbyState:
11-02 18:38:58.852 E/NetUtils( 2021): Interface eth0 LinkDown!
11-02 18:38:59.106 D/BasicFigure( 2489): [TN_GLThread 73]isDrawFocused relyElement=[BaseElement@1961e652]focusScale[1.15]elementAlpha[-1.0]refectAlpha[-1.0]isFocusAble[true]shadowIndex[-1]autoJumpType[-1]uniqueID[54resSize0]rect[NULL]
11-02 18:38:59.106 D/BasicFigure( 2489): [TN_GLThread 73]isDrawFocused basicFigure=com.suma.midware.view.b.c.c@18483d23
11-02 18:38:59.352 D/BackBootDealerNeimeng( 2367): standbyState:
11-02 18:38:59.353 E/NetUtils( 2021): Interface eth0 LinkDown!
11-02 18:38:59.854 D/BackBootDealerNeimeng( 2367): standbyState:
11-02 18:38:59.854 E/NetUtils( 2021): Interface eth0 LinkDown!
11-02 18:39:00.113 D/BasicFigure( 2489): [TN_GLThread 73]isDrawFocused relyElement=[BaseElement@1961e652]focusScale[1.15]elementAlpha[-1.0]refectAlpha[-1.0]isFocusAble[true]shadowIndex[-1]autoJumpType[-1]uniqueID[54resSize0]rect[NULL]
11-02 18:39:00.113 D/BasicFigure( 2489): [TN_GLThread 73]isDrawFocused basicFigure=com.suma.midware.view.b.c.c@18483d23
11-02 18:39:00.142 D/TimeUpdate( 2489): [TN_main]dealTimeUpdate curTime=java.util.GregorianCalendar[time=1509619140142,areFieldsSet=true,lenient=true,zone=Asia/Shanghai,firstDayOfWeek=1,minimalDaysInFirstWeek=1,ERA=1,YEAR=2017,MONTH=10,WEEK_OF_YEAR=44,WEEK_OF_MONTH=1,DAY_OF_MONTH=2,DAY_OF_YEAR=306,DAY_OF_WEEK=5,DAY_OF_WEEK_IN_MONTH=1,AM_PM=1,HOUR=6,HOUR_OF_DAY=18,MINUTE=39,SECOND=0,MILLISECOND=142,ZONE_OFFSET=28800000,DST_OFFSET=0]
11-02 18:39:00.143 D/TextureManager( 2489): deleteTexture key:18:38_24_-1711276033_0_5.0_3.0_3.0_-7829368:textureID:23
11-02 18:39:00.145 D/TextureManager( 2489): loadTexture name:18:39_24_-1711276033_0_5.0_3.0_3.0_-7829368:textureID:23:recordSize:null
11-02 18:39:00.150 D/BasicFigure( 2489): [TN_GLThread 73]isDrawFocused relyElement=[BaseElement@1961e652]focusScale[1.15]elementAlpha[-1.0]refectAlpha[-1.0]isFocusAble[true]shadowIndex[-1]autoJumpType[-1]uniqueID[54resSize0]rect[NULL]
11-02 18:39:00.150 D/BasicFigure( 2489): [TN_GLThread 73]isDrawFocused basicFigure=com.suma.midware.view.b.c.c@18483d23
11-02 18:39:00.156 D/BasicFigure( 2489): [TN_GLThread 73]isDrawFocused relyElement=[BaseElement@1961e652]focusScale[1.15]elementAlpha[-1.0]refectAlpha[-1.0]isFocusAble[true]shadowIndex[-1]autoJumpType[-1]uniqueID[54resSize0]rect[NULL]
11-02 18:39:00.156 D/BasicFigure( 2489): [TN_GLThread 73]isDrawFocused basicFigure=com.suma.midware.view.b.c.c@18483d23
11-02 18:39:00.355 D/BackBootDealerNeimeng( 2367): standbyState:
11-02 18:39:00.356 E/NetUtils( 2021): Interface eth0 LinkDown!
11-02 18:39:00.856 D/BackBootDealerNeimeng( 2367): standbyState:
11-02 18:39:00.857 E/NetUtils( 2021): Interface eth0 LinkDown!
11-02 18:39:01.181 D/BasicFigure( 2489): [TN_GLThread 73]isDrawFocused relyElement=[BaseElement@1961e652]focusScale[1.15]elementAlpha[-1.0]refectAlpha[-1.0]isFocusAble[true]shadowIndex[-1]autoJumpType[-1]uniqueID[54resSize0]rect[NULL]
11-02 18:39:01.181 D/BasicFigure( 2489): [TN_GLThread 73]isDrawFocused basicFigure=com.suma.midware.view.b.c.c@18483d23
11-02 18:39:01.315 D/IPLoaderNeimeng( 2367): after wait time18:39:01:monitorInterval:5000
11-02 18:39:01.315 D/IPLoaderNeimeng( 2367): before dealUpdateCheck time:18:39:01:isMsgBroadcast:false:monitorInterval:5000:processState:1
11-02 18:39:01.315 D/IPLoaderNeimeng( 2367): dealUpdateCheck isFirstSuccessUpdate:false:monitorInterval:5000
11-02 18:39:01.316 D/LoadHttpHandler( 2367): [TN_ThreadUtil-6]doNormal proxyConfig=null
11-02 18:39:01.358 D/BackBootDealerNeimeng( 2367): standbyState:
11-02 18:39:01.358 E/NetUtils( 2021): Interface eth0 LinkDown!
11-02 18:39:01.478 D/LoadHttpHandler( 2367): [TN_ThreadUtil-6]doNormal responseCode=404
11-02 18:39:01.479 D/LoadHttpTask( 2367): dealUpdateCheck responseCode:404:data:null:downloadResult:false
11-02 18:39:01.479 D/IPLoaderNeimeng( 2367): after dealUpdateCheck time:18:39:01:isMsgBroadcast:false:monitorInterval:5000:processState:1
11-02 18:39:01.480 D/IPLoaderNeimeng( 2367): before wait time18:39:01:monitorInterval:5000
11-02 18:39:01.859 D/BackBootDealerNeimeng( 2367): standbyState:
11-02 18:39:01.859 E/NetUtils( 2021): Interface eth0 LinkDown!
11-02 18:39:02.201 D/BasicFigure( 2489): [TN_GLThread 73]isDrawFocused relyElement=[BaseElement@1961e652]focusScale[1.15]elementAlpha[-1.0]refectAlpha[-1.0]isFocusAble[true]shadowIndex[-1]autoJumpType[-1]uniqueID[54resSize0]rect[NULL]
11-02 18:39:02.201 D/BasicFigure( 2489): [TN_GLThread 73]isDrawFocused basicFigure=com.suma.midware.view.b.c.c@18483d23
11-02 18:39:02.360 D/BackBootDealerNeimeng( 2367): standbyState:
11-02 18:39:02.361 E/NetUtils( 2021): Interface eth0 LinkDown!
11-02 18:39:02.861 D/BackBootDealerNeimeng( 2367): standbyState:
11-02 18:39:02.862 E/NetUtils( 2021): Interface eth0 LinkDown!
11-02 18:39:03.208 D/BasicFigure( 2489): [TN_GLThread 73]isDrawFocused relyElement=[BaseElement@1961e652]focusScale[1.15]elementAlpha[-1.0]refectAlpha[-1.0]isFocusAble[true]shadowIndex[-1]autoJumpType[-1]uniqueID[54resSize0]rect[NULL]
11-02 18:39:03.208 D/BasicFigure( 2489): [TN_GLThread 73]isDrawFocused basicFigure=com.suma.midware.view.b.c.c@18483d23
11-02 18:39:03.363 D/BackBootDealerNeimeng( 2367): standbyState:
11-02 18:39:03.363 E/NetUtils( 2021): Interface eth0 LinkDown!
11-02 18:39:03.864 D/BackBootDealerNeimeng( 2367): standbyState:
11-02 18:39:03.865 E/NetUtils( 2021): Interface eth0 LinkDown!
11-02 18:39:04.226 D/BasicFigure( 2489): [TN_GLThread 73]isDrawFocused relyElement=[BaseElement@1961e652]focusScale[1.15]elementAlpha[-1.0]refectAlpha[-1.0]isFocusAble[true]shadowIndex[-1]autoJumpType[-1]uniqueID[54resSize0]rect[NULL]
11-02 18:39:04.227 D/BasicFigure( 2489): [TN_GLThread 73]isDrawFocused basicFigure=com.suma.midware.view.b.c.c@18483d23
11-02 18:39:04.365 D/BackBootDealerNeimeng( 2367): standbyState:
11-02 18:39:04.366 E/NetUtils( 2021): Interface eth0 LinkDown!
11-02 18:39:04.867 D/BackBootDealerNeimeng( 2367): standbyState:
11-02 18:39:04.868 E/NetUtils( 2021): Interface eth0 LinkDown!
11-02 18:39:05.246 D/BasicFigure( 2489): [TN_GLThread 73]isDrawFocused relyElement=[BaseElement@1961e652]focusScale[1.15]elementAlpha[-1.0]refectAlpha[-1.0]isFocusAble[true]shadowIndex[-1]autoJumpType[-1]uniqueID[54resSize0]rect[NULL]
11-02 18:39:05.246 D/BasicFigure( 2489): [TN_GLThread 73]isDrawFocused basicFigure=com.suma.midware.view.b.c.c@18483d23
11-02 18:39:05.368 D/BackBootDealerNeimeng( 2367): standbyState:
11-02 18:39:05.369 E/NetUtils( 2021): Interface eth0 LinkDown!
11-02 18:39:05.869 D/BackBootDealerNeimeng( 2367): standbyState:
11-02 18:39:05.870 E/NetUtils( 2021): Interface eth0 LinkDown!
11-02 18:39:06.254 D/BasicFigure( 2489): [TN_GLThread 73]isDrawFocused relyElement=[BaseElement@1961e652]focusScale[1.15]elementAlpha[-1.0]refectAlpha[-1.0]isFocusAble[true]shadowIndex[-1]autoJumpType[-1]uniqueID[54resSize0]rect[NULL]
11-02 18:39:06.254 D/BasicFigure( 2489): [TN_GLThread 73]isDrawFocused basicFigure=com.suma.midware.view.b.c.c@18483d23
11-02 18:39:06.371 D/BackBootDealerNeimeng( 2367): standbyState:
11-02 18:39:06.372 E/NetUtils( 2021): Interface eth0 LinkDown!
11-02 18:39:06.872 D/BackBootDealerNeimeng( 2367): standbyState:
11-02 18:39:06.873 E/NetUtils( 2021): Interface eth0 LinkDown!
11-02 18:39:07.272 D/BasicFigure( 2489): [TN_GLThread 73]isDrawFocused relyElement=[BaseElement@1961e652]focusScale[1.15]elementAlpha[-1.0]refectAlpha[-1.0]isFocusAble[true]shadowIndex[-1]autoJumpType[-1]uniqueID[54resSize0]rect[NULL]
11-02 18:39:07.272 D/BasicFigure( 2489): [TN_GLThread 73]isDrawFocused basicFigure=com.suma.midware.view.b.c.c@18483d23
11-02 18:39:07.373 D/BackBootDealerNeimeng( 2367): standbyState:
11-02 18:39:07.374 E/NetUtils( 2021): Interface eth0 LinkDown!
11-02 18:39:07.874 D/BackBootDealerNeimeng( 2367): standbyState:
11-02 18:39:07.875 E/NetUtils( 2021): Interface eth0 LinkDown!
11-02 18:39:08.292 D/BasicFigure( 2489): [TN_GLThread 73]isDrawFocused relyElement=[BaseElement@1961e652]focusScale[1.15]elementAlpha[-1.0]refectAlpha[-1.0]isFocusAble[true]shadowIndex[-1]autoJumpType[-1]uniqueID[54resSize0]rect[NULL]
11-02 18:39:08.292 D/BasicFigure( 2489): [TN_GLThread 73]isDrawFocused basicFigure=com.suma.midware.view.b.c.c@18483d23
11-02 18:39:08.376 D/BackBootDealerNeimeng( 2367): standbyState:
11-02 18:39:08.376 E/NetUtils( 2021): Interface eth0 LinkDown!
11-02 18:39:08.877 D/BackBootDealerNeimeng( 2367): standbyState:
11-02 18:39:08.877 E/NetUtils( 2021): Interface eth0 LinkDown!
11-02 18:39:09.161 D/Advertiser( 2428): End of sleep at time:1509619149161
11-02 18:39:09.161 D/Advertiser( 2428): Begin announce....with thread:org.cybergarage.d.b.a@15f10bb4
11-02 18:39:09.161 D/TimerUtil( 2428): waitRandom time=300,waitTime=100
11-02 18:39:09.161 D/Device  ( 2428): announce deviceDataBindAddress null
11-02 18:39:09.166 D/Device  ( 2428): announce 0 bindAddress=192.168.0.101
11-02 18:39:09.166 D/HTTPMUSocket( 2428): open addr=239.255.255.250,port=1900,bindAddr=192.168.0.101
11-02 18:39:09.171 D/HTTPMUSocket( 2428): send msg:NOTIFY * HTTP/1.1
11-02 18:39:09.171 D/HTTPMUSocket( 2428): Server: Linux/3.18.24_hi3798mv2x UPnP/1.0 CyberLinkJava/1.8
11-02 18:39:09.171 D/HTTPMUSocket( 2428): Cache-Control: max-age=1800
11-02 18:39:09.171 D/HTTPMUSocket( 2428): Location: http://192.168.0.101:38520/description.xml
11-02 18:39:09.171 D/HTTPMUSocket( 2428): NTS: ssdp:alive
11-02 18:39:09.171 D/HTTPMUSocket( 2428): NT: upnp:rootdevice
11-02 18:39:09.171 D/HTTPMUSocket( 2428): USN: uuid:418c7b66-86de-45d5-90fd-13e1eb88db7e::upnp:rootdevice
11-02 18:39:09.171 D/HTTPMUSocket( 2428): HOST: 239.255.255.250:1900
11-02 18:39:09.171 D/HTTPMUSocket( 2428): 
11-02 18:39:09.171 D/HTTPMUSocket( 2428): bindAddr:null and port:-1
11-02 18:39:09.171 D/HTTPMUSocket( 2428): /192.168.0.101
11-02 18:39:09.172 D/HTTPMUSocket( 2428): send msg:NOTIFY * HTTP/1.1
11-02 18:39:09.172 D/HTTPMUSocket( 2428): Server: Linux/3.18.24_hi3798mv2x UPnP/1.0 CyberLinkJava/1.8
11-02 18:39:09.172 D/HTTPMUSocket( 2428): Cache-Control: max-age=1800
11-02 18:39:09.172 D/HTTPMUSocket( 2428): Location: http://192.168.0.101:38520/description.xml
11-02 18:39:09.172 D/HTTPMUSocket( 2428): NTS: ssdp:alive
11-02 18:39:09.172 D/HTTPMUSocket( 2428): NT: uuid:418c7b66-86de-45d5-90fd-13e1eb88db7e
11-02 18:39:09.172 D/HTTPMUSocket( 2428): USN: uuid:418c7b66-86de-45d5-90fd-13e1eb88db7e
11-02 18:39:09.172 D/HTTPMUSocket( 2428): HOST: 239.255.255.250:1900
11-02 18:39:09.172 D/HTTPMUSocket( 2428): 
11-02 18:39:09.172 D/HTTPMUSocket( 2428): bindAddr:null and port:-1
11-02 18:39:09.173 D/HTTPMUSocket( 2428): /192.168.0.101
11-02 18:39:09.174 D/HTTPMUSocket( 2428): send msg:NOTIFY * HTTP/1.1
11-02 18:39:09.174 D/HTTPMUSocket( 2428): Server: Linux/3.18.24_hi3798mv2x UPnP/1.0 CyberLinkJava/1.8
11-02 18:39:09.174 D/HTTPMUSocket( 2428): Cache-Control: max-age=1800
11-02 18:39:09.174 D/HTTPMUSocket( 2428): Location: http://192.168.0.101:38520/description.xml
11-02 18:39:09.174 D/HTTPMUSocket( 2428): NTS: ssdp:alive
11-02 18:39:09.174 D/HTTPMUSocket( 2428): NT: urn:schemas-upnp-org:device:MediaServer:1
11-02 18:39:09.174 D/HTTPMUSocket( 2428): USN: uuid:418c7b66-86de-45d5-90fd-13e1eb88db7e::urn:schemas-upnp-org:device:MediaServer:1
11-02 18:39:09.174 D/HTTPMUSocket( 2428): HOST: 239.255.255.250:1900
11-02 18:39:09.174 D/HTTPMUSocket( 2428): 
11-02 18:39:09.174 D/HTTPMUSocket( 2428): bindAddr:null and port:-1
11-02 18:39:09.174 D/HTTPMUSocket( 2428): /192.168.0.101
11-02 18:39:09.175 D/Device  ( 2428): announce bindAddr=192.168.0.101,devLocation=http://192.168.0.101:38520/description.xml,location=http://192.168.0.101:38520/description.xml
11-02 18:39:09.175 D/Device  ( 2428): announce bindAddr=192.168.0.101,serviceDesUrl=
11-02 18:39:09.176 D/HTTPMUSocket( 2428): open addr=239.255.255.250,port=1900,bindAddr=192.168.0.101
11-02 18:39:09.180 D/TimerUtil( 2428): waitRandom time=300,waitTime=118
11-02 18:39:09.180 D/HTTPMUSocket( 2428): send msg:NOTIFY * HTTP/1.1
11-02 18:39:09.180 D/HTTPMUSocket( 2428): Server: Linux/3.18.24_hi3798mv2x UPnP/1.0 CyberLinkJava/1.8
11-02 18:39:09.180 D/HTTPMUSocket( 2428): Cache-Control: max-age=1800
11-02 18:39:09.180 D/HTTPMUSocket( 2428): Location: http://192.168.0.101:38520/description.xml
11-02 18:39:09.180 D/HTTPMUSocket( 2428): NTS: ssdp:alive
11-02 18:39:09.180 D/HTTPMUSocket( 2428): NT: urn:schemas-upnp-org:service:ContentDirectory:1
11-02 18:39:09.180 D/HTTPMUSocket( 2428): USN: uuid:418c7b66-86de-45d5-90fd-13e1eb88db7e::urn:schemas-upnp-org:service:ContentDirectory:1
11-02 18:39:09.180 D/HTTPMUSocket( 2428): HOST: 239.255.255.250:1900
11-02 18:39:09.180 D/HTTPMUSocket( 2428): 
11-02 18:39:09.180 D/HTTPMUSocket( 2428): bindAddr:null and port:-1
11-02 18:39:09.181 D/HTTPMUSocket( 2428): /192.168.0.101
11-02 18:39:09.181 D/Device  ( 2428): announce bindAddr=192.168.0.101,serviceDesUrl=
11-02 18:39:09.182 D/HTTPMUSocket( 2428): open addr=239.255.255.250,port=1900,bindAddr=192.168.0.101
11-02 18:39:09.186 D/TimerUtil( 2428): waitRandom time=300,waitTime=43
11-02 18:39:09.186 D/HTTPMUSocket( 2428): send msg:NOTIFY * HTTP/1.1
11-02 18:39:09.186 D/HTTPMUSocket( 2428): Server: Linux/3.18.24_hi3798mv2x UPnP/1.0 CyberLinkJava/1.8
11-02 18:39:09.186 D/HTTPMUSocket( 2428): Cache-Control: max-age=1800
11-02 18:39:09.186 D/HTTPMUSocket( 2428): Location: http://192.168.0.101:38520/description.xml
11-02 18:39:09.186 D/HTTPMUSocket( 2428): NTS: ssdp:alive
11-02 18:39:09.186 D/HTTPMUSocket( 2428): NT: urn:schemas-upnp-org:service:ConnectionManager:1
11-02 18:39:09.186 D/HTTPMUSocket( 2428): USN: uuid:418c7b66-86de-45d5-90fd-13e1eb88db7e::urn:schemas-upnp-org:service:ConnectionManager:1
11-02 18:39:09.186 D/HTTPMUSocket( 2428): HOST: 239.255.255.250:1900
11-02 18:39:09.186 D/HTTPMUSocket( 2428): 
11-02 18:39:09.187 D/HTTPMUSocket( 2428): bindAddr:null and port:-1
11-02 18:39:09.187 D/HTTPMUSocket( 2428): /192.168.0.101
11-02 18:39:09.188 D/Device  ( 2428): announce bindAddr=192.168.0.101,serviceDesUrl=
11-02 18:39:09.188 D/HTTPMUSocket( 2428): open addr=239.255.255.250,port=1900,bindAddr=192.168.0.101
11-02 18:39:09.192 D/TimerUtil( 2428): waitRandom time=300,waitTime=289
11-02 18:39:09.193 D/HTTPMUSocket( 2428): send msg:NOTIFY * HTTP/1.1
11-02 18:39:09.193 D/HTTPMUSocket( 2428): Server: Linux/3.18.24_hi3798mv2x UPnP/1.0 CyberLinkJava/1.8
11-02 18:39:09.193 D/HTTPMUSocket( 2428): Cache-Control: max-age=1800
11-02 18:39:09.193 D/HTTPMUSocket( 2428): Location: http://192.168.0.101:38520/description.xml
11-02 18:39:09.193 D/HTTPMUSocket( 2428): NTS: ssdp:alive
11-02 18:39:09.193 D/HTTPMUSocket( 2428): NT: urn:schemas-upnp-org:service:AVTransport:1
11-02 18:39:09.193 D/HTTPMUSocket( 2428): USN: uuid:418c7b66-86de-45d5-90fd-13e1eb88db7e::urn:schemas-upnp-org:service:AVTransport:1
11-02 18:39:09.193 D/HTTPMUSocket( 2428): HOST: 239.255.255.250:1900
11-02 18:39:09.193 D/HTTPMUSocket( 2428): 
11-02 18:39:09.193 D/HTTPMUSocket( 2428): bindAddr:null and port:-1
11-02 18:39:09.193 D/HTTPMUSocket( 2428): /192.168.0.101
11-02 18:39:09.194 D/Device  ( 2428): announce bindAddr=192.168.0.101,serviceDesUrl=
11-02 18:39:09.195 D/HTTPMUSocket( 2428): open addr=239.255.255.250,port=1900,bindAddr=192.168.0.101
11-02 18:39:09.199 D/TimerUtil( 2428): waitRandom time=300,waitTime=90
11-02 18:39:09.199 D/HTTPMUSocket( 2428): send msg:NOTIFY * HTTP/1.1
11-02 18:39:09.199 D/HTTPMUSocket( 2428): Server: Linux/3.18.24_hi3798mv2x UPnP/1.0 CyberLinkJava/1.8
11-02 18:39:09.199 D/HTTPMUSocket( 2428): Cache-Control: max-age=1800
11-02 18:39:09.199 D/HTTPMUSocket( 2428): Location: http://192.168.0.101:38520/description.xml
11-02 18:39:09.199 D/HTTPMUSocket( 2428): NTS: ssdp:alive
11-02 18:39:09.199 D/HTTPMUSocket( 2428): NT: urn:sumavision.com:service:X_SUMA_EVENT:1
11-02 18:39:09.199 D/HTTPMUSocket( 2428): USN: uuid:418c7b66-86de-45d5-90fd-13e1eb88db7e::urn:sumavision.com:service:X_SUMA_EVENT:1
11-02 18:39:09.199 D/HTTPMUSocket( 2428): HOST: 239.255.255.250:1900
11-02 18:39:09.199 D/HTTPMUSocket( 2428): 
11-02 18:39:09.199 D/HTTPMUSocket( 2428): bindAddr:null and port:-1
11-02 18:39:09.200 D/HTTPMUSocket( 2428): /192.168.0.101
11-02 18:39:09.200 D/Advertiser( 2428): Advertise12:47000 at time:1509619149200 with thread:org.cybergarage.d.b.a@15f10bb4
11-02 18:39:09.299 D/BasicFigure( 2489): [TN_GLThread 73]isDrawFocused relyElement=[BaseElement@1961e652]focusScale[1.15]elementAlpha[-1.0]refectAlpha[-1.0]isFocusAble[true]shadowIndex[-1]autoJumpType[-1]uniqueID[54resSize0]rect[NULL]
11-02 18:39:09.299 D/BasicFigure( 2489): [TN_GLThread 73]isDrawFocused basicFigure=com.suma.midware.view.b.c.c@18483d23
11-02 18:39:09.378 D/BackBootDealerNeimeng( 2367): standbyState:
11-02 18:39:09.378 E/NetUtils( 2021): Interface eth0 LinkDown!
11-02 18:39:09.878 D/BackBootDealerNeimeng( 2367): standbyState:
11-02 18:39:09.879 E/NetUtils( 2021): Interface eth0 LinkDown!
11-02 18:39:10.317 D/BasicFigure( 2489): [TN_GLThread 73]isDrawFocused relyElement=[BaseElement@1961e652]focusScale[1.15]elementAlpha[-1.0]refectAlpha[-1.0]isFocusAble[true]shadowIndex[-1]autoJumpType[-1]uniqueID[54resSize0]rect[NULL]
11-02 18:39:10.318 D/BasicFigure( 2489): [TN_GLThread 73]isDrawFocused basicFigure=com.suma.midware.view.b.c.c@18483d23
11-02 18:39:10.380 D/BackBootDealerNeimeng( 2367): standbyState:
11-02 18:39:10.381 E/NetUtils( 2021): Interface eth0 LinkDown!
11-02 18:39:10.389 V/PT      ( 1580): >>INFO:irkey_task:[    1890.841681] /dev/input/event0: type=0001 code=001c val=00000001
11-02 18:39:10.389 V/PT      ( 1580): >>INFO:irkey_send:0x3001 0x1001 down
11-02 18:39:10.389 V/SUMA    ( 1580): ++++++++++++++  _roc_evtmgr_key_cbk 517:input = 12289, event=4097, act=0x100
11-02 18:39:10.389 V/SUMA    ( 1580): lxm:_roc_evtmgr_key_cbk 519 1890842
11-02 18:39:10.389 V/SUMA    ( 1580): lxm:_roc_evtmgr_add_evt_into_queue 347 1890842
11-02 18:39:10.389 V/PT      ( 1580): >>INFO:irkey_task:[    1890.841681] /dev/input/event0: type=0000 code=0000 val=00000000
11-02 18:39:10.389 V/SUMA    ( 1580): ===================>> type=0 src=0 evt=4097 act=0x100
11-02 18:39:10.389 V/SUMA    ( 1580): [sysset-s][event_manager_cbk 78]lxm cbid=1, cbk_reg=1, cpid=2451
11-02 18:39:10.390 D/NGBEvent( 2451): ngbEventCallBack type:0 source :4097
11-02 18:39:10.390 D/NGBEvent( 2451): [NGBEventManager-JNI]-returning:1
11-02 18:39:10.390 D/NGBEvent( 2451): Input key event: keyCode=4097
11-02 18:39:10.390 D/NGBEvent( 2451): src:4097 = dest:4097
11-02 18:39:10.390 D/ir_user ( 1584): PlayerTimeLineTrace:linux_keycode:0x1c(DOWN),	protocol: .
11-02 18:39:10.390 I/System.out( 2451): [DEBUG EventManager] LWJ--Add event to java with evt=NgbEvent-[type = 1, subtype = 401, code = 4097]
11-02 18:39:10.390 D/NGBEvent( 2451): [NGBEvent_log]--[EventManager--JNI]:		start
11-02 18:39:10.390 I/System.out( 2451): [DEBUG EventManager] broadcastEvent  :len 1
11-02 18:39:10.390 D/CombineKeyUtil( 2451): [TN_pool-1-thread-1]dealKeyEvent,combineIndex:-1:keyCode:23
11-02 18:39:10.390 D/KeyEventNgbDealer( 2451): [TN_pool-1-thread-1]handleKeyPressed keyEvent=NgbEvent-[type = 1, subtype = 401, code = 4097],time=1890843
11-02 18:39:10.391 D/Main3DActivity( 2489): [TN_main]dispatchKeyEvent event=KeyEvent { action=ACTION_DOWN, keyCode=KEYCODE_DPAD_CENTER, scanCode=28, metaState=0, flags=0x8, repeatCount=0, eventTime=1890841, downTime=1890841, deviceId=3, source=0x701 },isEventAble=true
11-02 18:39:10.392 D/InputEventConsistencyVerifier( 2489): KeyEvent: ACTION_DOWN but key is already down and this event is not a key repeat.
11-02 18:39:10.392 D/InputEventConsistencyVerifier( 2489):   in com.android.internal.policy.impl.PhoneWindow$DecorView{3c426a17 V.E..... R.....I. 0,0-1280,720}
11-02 18:39:10.392 D/InputEventConsistencyVerifier( 2489):   0: sent at 1890841000000, KeyEvent { action=ACTION_DOWN, keyCode=KEYCODE_DPAD_CENTER, scanCode=28, metaState=0, flags=0x8, repeatCount=0, eventTime=1890841, downTime=1890841, deviceId=3, source=0x701 }
11-02 18:39:10.392 D/InputEventConsistencyVerifier( 2489):   -- recent events --
11-02 18:39:10.392 D/InputEventConsistencyVerifier( 2489):   1: sent at 1693305000000, KeyEvent { action=ACTION_DOWN, keyCode=KEYCODE_DPAD_CENTER, scanCode=28, metaState=0, flags=0x80000008, repeatCount=0, eventTime=1693305, downTime=1693305, deviceId=3, source=0x701 }
11-02 18:39:10.392 D/InputEventConsistencyVerifier( 2489):   2: sent at 1692583000000, KeyEvent { action=ACTION_DOWN, keyCode=KEYCODE_DPAD_LEFT, scanCode=105, metaState=0, flags=0x8, repeatCount=0, eventTime=1692583, downTime=1692583, deviceId=3, source=0x701 }
11-02 18:39:10.392 D/InputEventConsistencyVerifier( 2489):   3: sent at 1595237000000, KeyEvent { action=ACTION_DOWN, keyCode=KEYCODE_DPAD_CENTER, scanCode=28, metaState=0, flags=0x80000008, repeatCount=0, eventTime=1595237, downTime=1595237, deviceId=3, source=0x701 }
11-02 18:39:10.392 D/InputEventConsistencyVerifier( 2489):   4: sent at 854117000000, KeyEvent { action=ACTION_DOWN, keyCode=KEYCODE_DPAD_CENTER, scanCode=28, metaState=0, flags=0x80000008, repeatCount=0, eventTime=854117, downTime=854117, deviceId=3, source=0x701 }
11-02 18:39:10.392 D/InputEventConsistencyVerifier( 2489):   5: sent at 853578000000, KeyEvent { action=ACTION_DOWN, keyCode=KEYCODE_DPAD_RIGHT, scanCode=106, metaState=0, flags=0x80000008, repeatCount=0, eventTime=853578, downTime=853578, deviceId=3, source=0x701 }
11-02 18:39:10.392 D/BasicRootView( 2489): [TN_main]dispatchKeyEvent event=KeyEvent { action=ACTION_DOWN, keyCode=KEYCODE_DPAD_CENTER, scanCode=28, metaState=0, flags=0x80000008, repeatCount=0, eventTime=1890841, downTime=1890841, deviceId=3, source=0x701 },curRootPanel=com.suma.midware.home.third.a.a@31f20d02
11-02 18:39:10.392 D/GLRootRenderer( 2489): dispatchKeyEvent event:KeyEvent { action=ACTION_DOWN, keyCode=KEYCODE_DPAD_CENTER, scanCode=28, metaState=0, flags=0x80000008, repeatCount=0, eventTime=1890841, downTime=1890841, deviceId=3, source=0x701 }:lastKeyCode:23:lastKeyAction:0:lastkeycount:0:size:0
11-02 18:39:10.393 D/Scene   ( 2489): dispatchKeyEvent event:KeyEvent { action=ACTION_DOWN, keyCode=KEYCODE_DPAD_CENTER, scanCode=28, metaState=0, flags=0x80000008, repeatCount=0, eventTime=1890841, downTime=1890841, deviceId=3, source=0x701 }
11-02 18:39:10.393 D/Scene   ( 2489): dispatchKeyEvent currentFocus = com.suma.midware.view.b.c.c@308fe5fc
11-02 18:39:10.393 D/Scene   ( 2489): dispatchKeyEvent nextFocus:null
11-02 18:39:10.393 D/BasicFigure( 2489): [TN_GLThread 73]dealKeyEvent event=KeyEvent { action=ACTION_DOWN, keyCode=KEYCODE_DPAD_CENTER, scanCode=28, metaState=0, flags=0x80000008, repeatCount=0, eventTime=1890841, downTime=1890841, deviceId=3, source=0x701 }
11-02 18:39:10.393 D/BasicFigure( 2489): [TN_GLThread 73]onClick autoJumpType=-1,size=1,element=[BaseElement@223fe485]focusScale[1.11]elementAlpha[-1.0]refectAlpha[0.1]isFocusAble[true]shadowIndex[-1]autoJumpType[-1]uniqueID[252resSize1]rect[1191.0,692.0,188.0,221.0],figure=com.suma.midware.view.b.c.c@308fe5fc
11-02 18:39:10.393 D/AppUtil ( 2489): [TN_GLThread 73]convertLink link null
11-02 18:39:10.394 D/HomeConfig( 2489): [TN_GLThread 73]getUnableNote element=[BaseElement@223fe485]focusScale[1.11]elementAlpha[-1.0]refectAlpha[0.1]isFocusAble[true]shadowIndex[-1]autoJumpType[-1]uniqueID[252resSize1]rect[1191.0,692.0,188.0,221.0]
11-02 18:39:10.395 D/Main3DActivity( 2489): [TN_GLThread 73]startApp intent=Intent { act= cmp=com.ipanel.android_webview.shell/com.ipanel.webapp.BrowserActivity (has extras) },noteText=精彩无限，敬请期待,comp=ComponentInfo{com.ipanel.android_webview.shell/com.ipanel.webapp.BrowserActivity}
11-02 18:39:10.396 I/ActivityManager( 2021): START u0 {act= cmp=com.ipanel.android_webview.shell/com.ipanel.webapp.BrowserActivity (has extras)} from uid 1000 on display 0
11-02 18:39:10.399 V/WindowManager( 2021): addAppToken: AppWindowToken{3f99c812 token=Token{fce1b9d ActivityRecord{1696aa74 u0 com.ipanel.android_webview.shell/com.ipanel.webapp.BrowserActivity t144}}} to stack=1 task=144 at 0
11-02 18:39:10.400 D/BaseApplication( 2489): [TN_main]onActivityPaused activity=com.suma.midware.home.third.Main3DActivity@46ab53e
11-02 18:39:10.400 D/Main3DActivity( 2489): [TN_main]onPause time=1890852,appStartMode=1
11-02 18:39:10.400 D/GLRootView( 2489): doAction isPause:true:isCreated:true:isPaused:false
11-02 18:39:10.401 D/Main3DActivity( 2489): [TN_main]onPause time=1890853,appStartMode=1,clsName=com.suma.midware.home.third.Main3DActivity
11-02 18:39:10.401 D/BasicRootPanel( 2489): [TN_GLThread 73]getTVFigure curBasicPanel=com.suma.midware.view.b.d.d@311bb4bd
11-02 18:39:10.401 D/FixedRes( 2489): [TN_GLThread 73]getTVNoteTexture tvNoteType=-1,tvNoteSubType=0
11-02 18:39:10.401 D/PlayExcuter( 2489): [TN_main]notifyPlay type=9,curType=-2,cancelType=2,cancelVideoType=1,isResetData=true,task=null,this.task=[PlayDirectTask@a166197]playTaskType[6]playType[0]playerType[-1]isEcmSet[true]playerIndex[0]tunerIndex[0]channel[[DirectChannel@32501b]channelID[0]oNetID[1]tsID[31]serviceID[3102]freq[371000]name[CCTV-1高清]serviceType[8]attr[16384]serialNum[1]serialNum4[1]pcrPID[49]refServiceID[-1]],indexs=null
11-02 18:39:10.401 W/MenuUtil( 2489): [TN_GLThread 73]loadResTexture illegal value=null
11-02 18:39:10.401 D/PlayExcuter( 2489): [TN_main]releasePlayer curType=-2,cancelType=2,task=[PlayDirectTask@a166197]playTaskType[6]playType[0]playerType[-1]isEcmSet[true]playerIndex[0]tunerIndex[0]channel[[DirectChannel@32501b]channelID[0]oNetID[1]tsID[31]serviceID[3102]freq[371000]name[CCTV-1高清]serviceType[8]attr[16384]serialNum[1]serialNum4[1]pcrPID[49]refServiceID[-1]]
11-02 18:39:10.402 D/PlayNgbDealer( 2367): [TN_Binder_2]findPlayer index=0,findType=0,channelIndex=0
11-02 18:39:10.402 D/PlayNgbDealer( 2367): [TN_Binder_2]releasePlayer index=0,playerNum=1,videoType=1,isResetData=true,isCheckPID=false
11-02 18:39:10.402 E/TerminalHandler( 2367): [TN_Binder_2]removeTerminalListener illegal dealer=null,listener=com.suma.midware.back.play.i@14ed88d2:
11-02 18:39:10.402 D/Media   ( 2367): ^^^^player unregistPlayerListener.
11-02 18:39:10.402 V/SUMA    ( 1580): [NGBM] ngb_media_player_unreg enter !!! hplayer=0xff0000
11-02 18:39:10.402 V/SUMA    ( 1580): [NGBM] context_vplayer_ioctl leave. ret=0
11-02 18:39:10.402 V/SUMA    ( 1580): [NGBM] ngb_media_player_unreg leave hplayer=0xff0000 ret=0
11-02 18:39:10.402 D/Media   ( 2367): ^^^^unregister mediaplayer code=0
11-02 18:39:10.402 D/Media   ( 2367): ^^^^player deallocate.
11-02 18:39:10.402 V/SUMA    ( 2367): [ngbplayer-c][ngb_media_player_close 301]ngb_media_player_close
11-02 18:39:10.402 V/WindowManager( 2021): Adding window Window{ee6533f u0 Starting com.ipanel.android_webview.shell} at 8 of 13 (after Window{148933ec u0 com.suma.midware.setting/com.suma.midware.setting.net.NetInfoActivity})
11-02 18:39:10.402 V/SUMA    ( 1580): [NGBM] ngb_media_player_close enter !!! hplayer=0xff0000
11-02 18:39:10.402 V/SUMA    ( 1580): [VPLAYER 0xabcd0000] vplayer_close() enter! hvplayer=0xb3085100
11-02 18:39:10.403 V/SUMA    ( 1580): [VPLAYER 0xabcd0000] vplayer_close() leave! hvplayer=0xb3085100
11-02 18:39:10.403 V/SUMA    ( 1580): [NGBM] ngb_media_player_close leave hplayer=0x00ff0000 ret=0
11-02 18:39:10.403 V/SUMA    ( 2367): [ngbplayer-c][ngb_media_player_close 310]client player release
11-02 18:39:10.403 D/PlayerManager( 2489): [TN_main]cancelPlayTask cancleType=2,cancelVideoType=1,isResetData=true,isCheckPID=false,state=0,indexs=null
11-02 18:39:10.403 D/SysEventHandler( 2367): [TN_Binder_3]removeEventListener binder=android.os.BinderProxy@6863f7a
11-02 18:39:10.403 D/DataBaseHandler( 2367): [TN_Binder_4]removeDataListener binder=android.os.BinderProxy@dc632b
11-02 18:39:10.404 D/PlayerHandler( 2367): [TN_Binder_1]removePlayListener binder=android.os.BinderProxy@224f8388
11-02 18:39:10.404 D/Main3DActivity( 2489): [TN_main]onPause endTime=1890857,appStartMode=-1
11-02 18:39:10.404 W/ContextImpl( 2489): Calling a method in the system process without a qualified user: android.app.ContextImpl.sendBroadcast:1345 android.content.ContextWrapper.sendBroadcast:377 android.app.ActivityThread.performPauseActivity:3259 android.app.ActivityThread.performPauseActivity:3225 android.app.ActivityThread.handlePauseActivity:3200 
11-02 18:39:10.407 D/BasicFigure( 2489): [TN_GLThread 73]isDrawFocused relyElement=[BaseElement@1961e652]focusScale[1.15]elementAlpha[-1.0]refectAlpha[-1.0]isFocusAble[true]shadowIndex[-1]autoJumpType[-1]uniqueID[54resSize0]rect[NULL]
11-02 18:39:10.408 D/BasicFigure( 2489): [TN_GLThread 73]isDrawFocused basicFigure=com.suma.midware.view.b.c.c@18483d23
11-02 18:39:10.415 D/BasicFigure( 2489): [TN_GLThread 73]isDrawFocused relyElement=[BaseElement@1961e652]focusScale[1.15]elementAlpha[-1.0]refectAlpha[-1.0]isFocusAble[true]shadowIndex[-1]autoJumpType[-1]uniqueID[54resSize0]rect[NULL]
11-02 18:39:10.416 D/BasicFigure( 2489): [TN_GLThread 73]isDrawFocused basicFigure=com.suma.midware.view.b.c.c@18483d23
11-02 18:39:10.427 I/ActivityManager( 2021): Start proc 4633:com.ipanel.android_webview.shell/u0a24 for activity com.ipanel.android_webview.shell/com.ipanel.webapp.BrowserActivity
11-02 18:39:10.434 D/Main3DActivity( 2489): [TN_main]dispatchKeyEvent event=KeyEvent { action=ACTION_UP, keyCode=KEYCODE_DPAD_CENTER, scanCode=28, metaState=0, flags=0x28, repeatCount=0, eventTime=1890853, downTime=1890841, deviceId=3, source=0x701 },isEventAble=false
11-02 18:39:10.435 D/BaseApplication( 2489): [TN_main]onActivitySaveInstanceState activity=com.suma.midware.home.third.Main3DActivity@46ab53e,outState=Bundle[{android:viewHierarchyState=Bundle[{android:views={16908290=android.view.AbsSavedState$1@1136a472, 2131427428=android.view.AbsSavedState$1@1136a472, 2131427429=android.view.AbsSavedState$1@1136a472, 2131427430=android.widget.ProgressBar$SavedState@3d694ff0, 2131427431=android.view.AbsSavedState$1@1136a472, 2131427432=android.view.AbsSavedState$1@1136a472, 2131427433=android.view.AbsSavedState$1@1136a472, 2131427447=android.view.AbsSavedState$1@1136a472, 2131427448=android.view.AbsSavedState$1@1136a472, 2131427449=android.widget.ProgressBar$SavedState@3fd25969, 2131427450=android.view.AbsSavedState$1@1136a472, 2131427451=android.view.AbsSavedState$1@1136a472, 2131427452=android.view.AbsSavedState$1@1136a472, 2131427453=android.view.AbsSavedState$1@1136a472, 2131427454=android.view.AbsSavedState$1@1136a472, 2131427455=android.view.AbsSavedState$1@1136a472, 2131427456=android.view.AbsSavedState$1@1136a472, 2131427457=android.view.AbsSavedState$1@1136a472}}]}]
11-02 18:39:10.435 E/Environment( 4633): canonicalPath = /storage/sdcard
11-02 18:39:10.438 D/BaseApplication( 2489): [TN_main]onActivityStopped activity=com.suma.midware.home.third.Main3DActivity@46ab53e
11-02 18:39:10.438 D/HomeFlyWord( 2489): [TN_main]stopScrollView isReset=false
11-02 18:39:10.438 W/HomeFlyWord( 2489): [TN_main]stopScrollView scrollView null
11-02 18:39:10.438 D/Main3DActivity( 2489): [TN_main]onStop time=1890891
11-02 18:39:10.463 D/BrowserActivity( 4633): onCreate start 0
11-02 18:39:10.469 D/BrowserActivity( 4633): onStart
11-02 18:39:10.470 D/BrowserActivity( 4633): onStart browserContext
11-02 18:39:10.470 D/BrowserActivity( 4633): onResume come PortalURL = http://10.14.30.222/mlcf/url.htm?y8. mStartMode = null first = true
11-02 18:39:10.470 D/BrowserActivity( 4633): onStart mStartMode = null
11-02 18:39:10.470 D/BrowserActivity( 4633): Browser activity -- onCreate PortalURL = http://10.14.30.222/mlcf/url.htm?y8
11-02 18:39:10.470 D/BrowserActivity( 4633): check waitForDebugger
11-02 18:39:10.471 D/Browser ( 4633): Browser new start.
11-02 18:39:10.471 D/Browser ( 4633): build time: unknown
11-02 18:39:10.471 D/Browser ( 4633): project: unknown platform: unknown ui: unknown
11-02 18:39:10.471 D/Ini     ( 4633): init start. /data/data/com.ipanel.android_webview.shell/files/config.ini
11-02 18:39:10.473 D/Ini     ( 4633): load key='use-mediaplayer-ngb-message' value='yes'.
11-02 18:39:10.473 D/Ini     ( 4633): load key='paint-after-all-resources-loaded' value='1'.
11-02 18:39:10.473 D/Ini     ( 4633): load key='android-http-player' value='mediaplayer'.
11-02 18:39:10.473 D/Ini     ( 4633): load key='disable-j2me-plugin' value='yes'.
11-02 18:39:10.473 D/Ini     ( 4633): load key='hard-paint-after-all-resources-loaded' value='yes'.
11-02 18:39:10.473 D/Ini     ( 4633): load key='hisotry-back-on-unhandled-back-key' value='yes'.
11-02 18:39:10.473 D/Ini     ( 4633): load key='no-scroll' value='1'.
11-02 18:39:10.473 D/Ini     ( 4633): load key='ajax-charset-detect' value='1 '.
11-02 18:39:10.473 D/Ini     ( 4633): load key='vod-server' value='ngod'.
11-02 18:39:10.473 D/Ini     ( 4633): load key='default-background-color' value='0xFFFFFFFF'.
11-02 18:39:10.473 D/Ini     ( 4633): load key='user-agent' value='Mozilla|5.0|(Chrome)|1.2.0;Chrome/14.0.802.30;Resolution(PAL,720p), UDevice;(compatible; ztebw V1.0; homed)'.
11-02 18:39:10.473 D/Ini     ( 4633): load key='vod-ts-support-no-use-pts' value='1'.
11-02 18:39:10.473 D/Ini     ( 4633): load key='avplay-use-system-volume' value='yes'.
11-02 18:39:10.473 D/Ini     ( 4633): load key='app-name' value='iPanel'.
11-02 18:39:10.473 D/Ini     ( 4633): load key='is-ignore-not-found-page' value='yes'.
11-02 18:39:10.473 D/Ini     ( 4633): load key='no-jsexception-throw' value='yes'.
11-02 18:39:10.473 D/Ini     ( 4633): load key='authorized-provider' value='xxx'.
11-02 18:39:10.473 D/Ini     ( 4633): load key='no-use-source-path-prefix' value='yes'.
11-02 18:39:10.473 D/Ini     ( 4633): load key='zero-size-iframe-no-focus' value='yes'.
11-02 18:39:10.473 D/Ini     ( 4633): load key='load-intent-url' value='yes'.
11-02 18:39:10.473 D/Ini     ( 4633): load key='use-notify-progress' value='yes'.
11-02 18:39:10.473 D/Ini     ( 4633): load key='use-hardware-webview' value='yes'.
11-02 18:39:10.473 D/Ini     ( 4633): load key='use-android-mediaplayer-type' value='exo'.
11-02 18:39:10.473 D/Ini     ( 4633): load key='screen-width' value='1280'.
11-02 18:39:10.473 D/Ini     ( 4633): load key='not-paint-during-location-change' value='yes'.
11-02 18:39:10.473 D/Ini     ( 4633): load key='network-timer-test' value='1'.
11-02 18:39:10.473 D/Ini     ( 4633): load key='font-size-reduce' value='2'.
11-02 18:39:10.473 D/Ini     ( 4633): load key='load-except-null' value='1'.
11-02 18:39:10.473 D/Ini     ( 4633): load key='start-button' value='yes'.
11-02 18:39:10.473 D/Ini     ( 4633): load key='screen-height' value='720'.
11-02 18:39:10.473 D/Ini     ( 4633): load key='set-system-info' value='yes'.
11-02 18:39:10.473 D/Ini     ( 4633): load key='vod-max-no-stream-time' value='3'.
11-02 18:39:10.473 D/Ini     ( 4633): load key='ignore-href-anchor' value='1'.
11-02 18:39:10.473 D/Ini     ( 4633): load key='network-test' value='1'.
11-02 18:39:10.474 D/MediaplayerManager( 4633): init start load library
11-02 18:39:10.475 W/linker  ( 4633): libporting_android_cr.so: unused DT entry: type 0x6ffffffe arg 0x57f4
11-02 18:39:10.475 W/linker  ( 4633): libporting_android_cr.so: unused DT entry: type 0x6fffffff arg 0x1
11-02 18:39:10.475 W/linker  ( 4633): libCTC_MediaControl_cr.so: unused DT entry: type 0x6ffffffe arg 0x25d8
11-02 18:39:10.475 W/linker  ( 4633): libCTC_MediaControl_cr.so: unused DT entry: type 0x6fffffff arg 0x1
11-02 18:39:10.477 D/PortingBridge( 4633): JNI_OnLoad start
11-02 18:39:10.477 I/JavaPlayer( 4633): attach_jnienv vm=-1266036224, tid=4633
11-02 18:39:10.477 I/JavaPlayer( 4633): attach_jnienv env=-1266185248, type=0
11-02 18:39:10.477 D/JavaPlayer( 4633): join_player_java_init 0xb4878be0 start
11-02 18:39:10.477 D/JavaPlayer( 4633): join_player_java_init 2
11-02 18:39:10.477 I/JavaPlayer( 4633): attach_jnienv vm=-1266036224, tid=4633
11-02 18:39:10.477 I/JavaPlayer( 4633): attach_jnienv env=-1266185248, type=0
11-02 18:39:10.477 I/JavaPlayer( 4633): detach_jnienv type=0, tid=4633
11-02 18:39:10.477 D/JavaPlayer( 4633): join_player_java_init use openAsync
11-02 18:39:10.477 I/JavaPlayer( 4633): attach_jnienv vm=-1266036224, tid=4633
11-02 18:39:10.477 I/JavaPlayer( 4633): attach_jnienv env=-1266185248, type=0
11-02 18:39:10.477 I/JavaPlayer( 4633): detach_jnienv type=0, tid=4633
11-02 18:39:10.477 D/JavaPlayer( 4633): stop_iptv   is come-111--
11-02 18:39:10.477 D/JavaPlayer( 4633): stop_iptv_java   is come--222-
11-02 18:39:10.477 D/JavaPlayer( 4633): Goto_HomeAPK   is come-111--
11-02 18:39:10.477 D/JavaPlayer( 4633): StartIPTV   is come--222-
11-02 18:39:10.477 D/JavaPlayer( 4633): StartIPTV   is come--222-
11-02 18:39:10.477 D/JavaPlayer( 4633): Goto_HomeAPK   is come--222-
11-02 18:39:10.477 D/JavaPlayer( 4633): GetMacineID   is come-111--
11-02 18:39:10.477 D/JavaPlayer( 4633): GetMacineID   is come--222-
11-02 18:39:10.477 D/SystemInfo( 4633): initDisplaySize width = 1280 height = 720
11-02 18:39:10.478 D/SystemInfo( 4633): initDisplaySize display metrics = DisplayMetrics{density=1.0, width=1280, height=720, scaledDensity=1.0, xdpi=160.0, ydpi=160.0}
11-02 18:39:10.478 I/JavaPlayer( 4633): join_player_java_init end 0
11-02 18:39:10.478 I/JavaPlayer( 4633): detach_jnienv type=0, tid=4633
11-02 18:39:10.478 D/PortingBridge( 4633): JNI_OnLoad finish result=65540
11-02 18:39:10.478 D/MediaplayerManager( 4633): init load library success.
11-02 18:39:10.478 D/Rdfs    ( 4633): init ui path = /data/data/com.ipanel.android_webview.shell/files/xbrowser.dat
11-02 18:39:10.478 D/RdfsRaw ( 4633): create raw stream type : mapped
11-02 18:39:10.479 D/RdfsRaw ( 4633): initUI: total 25 files.
11-02 18:39:10.480 D/KeyConverter( 4633): mapping 25 ==> 1096 # VOL DOWN
11-02 18:39:10.480 D/KeyConverter( 4633): mapping 165 ==> 1111 # INFO
11-02 18:39:10.480 D/KeyConverter( 4633): mapping 125 ==> 417
11-02 18:39:10.480 D/KeyConverter( 4633): mapping 271 ==> 1112 # TV_INDEX
11-02 18:39:10.480 D/KeyConverter( 4633): mapping 93 ==> 373  #PAGE DOWN
11-02 18:39:10.480 D/KeyConverter( 4633): mapping 127 ==> 19   # MEDIA_PAUSE
11-02 18:39:10.480 D/KeyConverter( 4633): mapping 90 ==> 417  # FAST FORWARD
11-02 18:39:10.480 D/KeyConverter( 4633): mapping 183 ==> 403  # RED
11-02 18:39:10.480 D/KeyConverter( 4633): mapping 111 ==> 339  # EXIT
11-02 18:39:10.480 D/KeyConverter( 4633): mapping 89 ==> 412  # FAST REWIND
11-02 18:39:10.480 D/KeyConverter( 4633): mapping 262 ==> 1112 # KEYCODE_TV_LIST
11-02 18:39:10.480 D/KeyConverter( 4633): mapping 4 ==> 8
11-02 18:39:10.480 D/KeyConverter( 4633): mapping 185 ==> 405  # YELLOW
11-02 18:39:10.480 D/KeyConverter( 4633): mapping 164 ==> 1097 # MUTE
11-02 18:39:10.480 D/KeyConverter( 4633): mapping 523 ==> 1112 # EPG
11-02 18:39:10.480 D/KeyConverter( 4633): mapping 186 ==> 406  # BLUE
11-02 18:39:10.480 D/KeyConverter( 4633): mapping 176 ==> 519  # SET
11-02 18:39:10.480 D/KeyConverter( 4633): mapping 166 ==> 1063 # CHANNEL UP
11-02 18:39:10.480 D/KeyConverter( 4633): mapping 270 ==> 4101 # MOVIE
11-02 18:39:10.480 D/KeyConverter( 4633): mapping 538 ==> 4104 # HUIKAN
11-02 18:39:10.480 D/KeyConverter( 4633): mapping 184 ==> 404  # GREEN
11-02 18:39:10.480 D/KeyConverter( 4633): mapping 126 ==> 1045 # MEDIA_PLAY
11-02 18:39:10.480 D/KeyConverter( 4633): mapping 130 ==> 1046 # MEDIA_RECORD
11-02 18:39:10.480 D/KeyConverter( 4633): mapping 24 ==> 1095 # VOL UP
11-02 18:39:10.480 D/KeyConverter( 4633): mapping 85 ==> 263  # PLAY_PAUSE
11-02 18:39:10.480 D/KeyConverter( 4633): mapping 82 ==> 1122 # MENU
11-02 18:39:10.480 D/KeyConverter( 4633): mapping 86 ==> 1043 # MEDIA_STOP
11-02 18:39:10.480 D/KeyConverter( 4633): mapping 167 ==> 1064 # CHANNEL DOWN
11-02 18:39:10.480 D/KeyConverter( 4633): mapping 18 ==> 572  # IME
11-02 18:39:10.480 D/KeyConverter( 4633): mapping 92 ==> 372  # PAGE_UP
11-02 18:39:10.480 D/KeyConverter( 4633): mapping 88 ==> 1124 # MEDIA_PREVIOUS
11-02 18:39:10.480 D/Browser ( 4633): Browser new end.
11-02 18:39:10.481 D/Browser ( 4633): Browser init 22
11-02 18:39:10.484 I/cr_AwBrowserProcess( 4633): AwBrowserProcess::loadLibrary
11-02 18:39:10.485 I/cr_LibraryLoader( 4633): LibraryLoader::loadAlreadyLocked use chromium linker = false
11-02 18:39:10.485 I/cr_LibraryLoader( 4633): system loading advanced
11-02 18:39:10.486 W/linker  ( 4633): libadvanced.so: unused DT entry: type 0x6ffffffe arg 0x61d18
11-02 18:39:10.486 W/linker  ( 4633): libadvanced.so: unused DT entry: type 0x6fffffff arg 0x3
11-02 18:39:10.489 D/PortingBridge( 4633): JNI_OnLoad start
11-02 18:39:10.489 I/JavaPlayer( 4633): attach_jnienv vm=-1266036224, tid=4633
11-02 18:39:10.489 I/JavaPlayer( 4633): attach_jnienv env=-1266185248, type=0
11-02 18:39:10.489 D/JavaPlayer( 4633): join_player_java_init 0xb4878be0 start
11-02 18:39:10.489 D/JavaPlayer( 4633): join_player_java_init 2
11-02 18:39:10.489 I/JavaPlayer( 4633): attach_jnienv vm=-1266036224, tid=4633
11-02 18:39:10.489 I/JavaPlayer( 4633): attach_jnienv env=-1266185248, type=0
11-02 18:39:10.489 I/JavaPlayer( 4633): detach_jnienv type=0, tid=4633
11-02 18:39:10.489 D/JavaPlayer( 4633): join_player_java_init use openAsync
11-02 18:39:10.490 I/JavaPlayer( 4633): attach_jnienv vm=-1266036224, tid=4633
11-02 18:39:10.490 I/JavaPlayer( 4633): attach_jnienv env=-1266185248, type=0
11-02 18:39:10.490 I/JavaPlayer( 4633): detach_jnienv type=0, tid=4633
11-02 18:39:10.490 D/JavaPlayer( 4633): stop_iptv   is come-111--
11-02 18:39:10.490 D/JavaPlayer( 4633): stop_iptv_java   is come--222-
11-02 18:39:10.490 D/JavaPlayer( 4633): Goto_HomeAPK   is come-111--
11-02 18:39:10.490 D/JavaPlayer( 4633): StartIPTV   is come--222-
11-02 18:39:10.490 D/JavaPlayer( 4633): StartIPTV   is come--222-
11-02 18:39:10.490 D/JavaPlayer( 4633): Goto_HomeAPK   is come--222-
11-02 18:39:10.490 D/JavaPlayer( 4633): GetMacineID   is come-111--
11-02 18:39:10.490 D/JavaPlayer( 4633): GetMacineID   is come--222-
11-02 18:39:10.490 I/JavaPlayer( 4633): join_player_java_init end 0
11-02 18:39:10.490 I/JavaPlayer( 4633): detach_jnienv type=0, tid=4633
11-02 18:39:10.490 D/PortingBridge( 4633): JNI_OnLoad finish result=65540
11-02 18:39:10.490 I/cr_LibraryLoader( 4633): system loading ipaneldrawgl
11-02 18:39:10.490 W/linker  ( 4633): libipaneldrawgl.so: unused DT entry: type 0x6ffffffe arg 0x974
11-02 18:39:10.490 W/linker  ( 4633): libipaneldrawgl.so: unused DT entry: type 0x6fffffff arg 0x2
11-02 18:39:10.490 I/cr_LibraryLoader( 4633): system loading ipanelstandalonelibwebviewchromium
11-02 18:39:10.491 W/linker  ( 4633): libipanelstandalonelibwebviewchromium.so: unused DT entry: type 0x6ffffffe arg 0x316bc
11-02 18:39:10.491 W/linker  ( 4633): libipanelstandalonelibwebviewchromium.so: unused DT entry: type 0x6fffffff arg 0x3
11-02 18:39:10.512 D/WebViewEntryPoint( 4633): [JNI_OnLoad] start
11-02 18:39:10.513 D/browser.cc( 4633): [awShellBrowserJNIOnLoadInit] onload start
11-02 18:39:10.513 I/cr_LibraryLoader( 4633): Time to load native libraries: 27 ms (timestamps 938-965)
11-02 18:39:10.515 I/cr_LibraryLoader( 4633): Expected native library version number "55.0.2858.0", actual native library version number "55.0.2858.0"
11-02 18:39:10.520 I/cr_BrowserStartup( 4633): Initializing chromium process, singleProcess=true
11-02 18:39:10.520 I/cr_LibraryLoader( 4633): LibraryLoader::loadAlreadyLocked use chromium linker = false
11-02 18:39:10.520 I/cr_LibraryLoader( 4633): Expected native library version number "55.0.2858.0", actual native library version number "55.0.2858.0"
11-02 18:39:10.521 D/[base]trace_event( 4633): [initLogcatTrace] initLogcatTrace start.
11-02 18:39:10.521 D/base::Ini( 4633): [getOption] getOption name='enable-logcat-trace' value=''.
11-02 18:39:10.521 D/[base]trace_event( 4633): [initLogcatTrace] initLogcatTrace enable-logcat-trace not set.
11-02 18:39:10.521 I/chromium( 4633): [INFO:library_loader_hooks.cc(151)] Chromium logging enabled: level = 0, default verbosity = 0
