11-02 18:38:20.394 I/System.out( 2367): [DEBUG CAWorkTime]  the param startHour is 0
11-02 18:38:20.394 I/System.out( 2367): [DEBUG CAWorkTime]  the param startMinute is 0
11-02 18:38:20.394 I/System.out( 2367): [DEBUG CAWorkTime]  the param endHour is 23
11-02 18:38:20.395 I/System.out( 2367): [DEBUG CAWorkTime]  the param endMinute is 59
11-02 18:38:20.396 D/CaNgbDealer( 2367): [TN_Binder_1]getCaUserDataArray key=246
11-02 18:38:20.414 D/BasicFigure( 2489): [TN_GLThread 73]isDrawFocused relyElement=[BaseElement@1961e652]focusScale[1.15]elementAlpha[-1.0]refectAlpha[-1.0]isFocusAble[true]shadowIndex[-1]autoJumpType[-1]uniqueID[54resSize0]rect[NULL]
11-02 18:38:20.414 D/BasicFigure( 2489): [TN_GLThread 73]isDrawFocused basicFigure=com.suma.midware.view.b.c.c@18483d23
11-02 18:38:20.655 V/SUMA    ( 1580): >> [CA] rocme_porting_ca_get_user_def_data_suma just for output:  *user_def_data=0(0x0)  
11-02 18:38:20.656 V/SUMA    ( 2367): [cas-c][CA_Manager_GetUserDefData 1941]leave !!!
11-02 18:38:20.656 D/CAManagerNative( 2367): getPrivateData key=246(0xf6),failed with result=-1
11-02 18:38:20.656 E/ByteUtil( 2489): [TN_AndroidTimer-0]getInt index=0,isBigEndia=true,bytes=null
11-02 18:38:20.657 D/CaNgbDealer( 2367): [TN_Binder_2]getCaCardInfo res=[I@313b1f3d,isCache=true
11-02 18:38:20.658 D/ConfigUpdateOttAdmin( 2489): [TN_ThreadUtil-0]dealUpdateCheck menuConfig=[MenuConfig@f5d]configID[3840]configAlias[homeConfig]configName[home_config.dat]version[1]isFilePath1[false]rootView[com.suma.midware.home.third.h{3a33c32f VFE..... .F...... 0,0-1280,720}]rootLayout[null]
11-02 18:38:20.658 D/FileIOUtil( 2489): [TN_ThreadUtil-0]deleteFile filePath=/data/user/0/com.suma.midware.home/files/launcherRes/f00/1/,containRootDir=false
11-02 18:38:20.658 D/FileIOUtil( 2489): [TN_ThreadUtil-0]deleteFile file=/data/user/0/com.suma.midware.home/files/launcherRes/f00/1,containRootDir=false
11-02 18:38:20.658 E/ConfigUpdateNeimengOttAdmin( 2489): [TN_ThreadUtil-0]checkConfig url=http://tvos-launcher.96066.com:8082/LancherWeb/getLauncherUpdatePackage?areaCode=&serialNumber=15510217310112851&standardVersion=1.0&mac=&hardVersion=04.01.01.02&launcherVersion=0&locationCode=0&cardOutID=8150010653229443&softVersion=03.16.00.03&type=1&model=8
11-02 18:38:20.660 D/LoadHttpHandler( 2489): [TN_ThreadUtil-0]doNormal proxyConfig=null
11-02 18:38:20.660 E/FlyAndWeatherUpdate( 2489): [TN_ThreadUtil-1]url: http://tvos-launcher.96066.com:8082/LancherWeb/getLauncherWeather?hardVersion=04.01.01.02&locationCode=0&softVersion=03.16.00.03&serialNumber=15510217310112851&type=1&mac=&model=8
11-02 18:38:20.661 D/LoadHttpHandler( 2489): [TN_ThreadUtil-1]doNormal proxyConfig=null
11-02 18:38:20.752 D/BackBootDealerNeimeng( 2367): standbyState:
11-02 18:38:20.753 E/NetUtils( 2021): Interface eth0 LinkDown!
11-02 18:38:20.883 V/PT      ( 1580): >>INFO:irkey_task:[    1841.335854] /dev/input/event0: type=0001 code=001c val=00000001
11-02 18:38:20.883 V/PT      ( 1580): >>INFO:irkey_send:0x3001 0x1001 down
11-02 18:38:20.883 V/SUMA    ( 1580): ++++++++++++++  _roc_evtmgr_key_cbk 517:input = 12289, event=4097, act=0x100
11-02 18:38:20.883 V/SUMA    ( 1580): lxm:_roc_evtmgr_key_cbk 519 1841336
11-02 18:38:20.883 V/SUMA    ( 1580): lxm:_roc_evtmgr_add_evt_into_queue 347 1841336
11-02 18:38:20.884 V/PT      ( 1580): >>INFO:irkey_task:[    1841.335854] /dev/input/event0: type=0000 code=0000 val=00000000
11-02 18:38:20.884 V/SUMA    ( 1580): ===================>> type=0 src=0 evt=4097 act=0x100
11-02 18:38:20.884 V/SUMA    ( 1580): [sysset-s][event_manager_cbk 78]lxm cbid=1, cbk_reg=1, cpid=2451
11-02 18:38:20.884 D/NGBEvent( 2451): ngbEventCallBack type:0 source :4097
11-02 18:38:20.884 D/NGBEvent( 2451): [NGBEventManager-JNI]-returning:1
11-02 18:38:20.884 D/NGBEvent( 2451): Input key event: keyCode=4097
11-02 18:38:20.884 D/NGBEvent( 2451): src:4097 = dest:4097
11-02 18:38:20.884 D/ir_user ( 1584): PlayerTimeLineTrace:linux_keycode:0x1c(DOWN),	protocol: .
11-02 18:38:20.884 I/System.out( 2451): [DEBUG EventManager] LWJ--Add event to java with evt=NgbEvent-[type = 1, subtype = 401, code = 4097]
11-02 18:38:20.884 D/NGBEvent( 2451): [NGBEvent_log]--[EventManager--JNI]:		start
11-02 18:38:20.885 I/System.out( 2451): [DEBUG EventManager] broadcastEvent  :len 1
11-02 18:38:20.885 D/CombineKeyUtil( 2451): [TN_pool-1-thread-1]dealKeyEvent,combineIndex:-1:keyCode:23
11-02 18:38:20.885 D/KeyEventNgbDealer( 2451): [TN_pool-1-thread-1]handleKeyPressed keyEvent=NgbEvent-[type = 1, subtype = 401, code = 4097],time=1841337
11-02 18:38:20.887 D/DialogConfigSingleButton( 2367): [TN_main]onKey di=com.suma.midware.view.util.a.p@1fdf1332,keyCode=23,event=KeyEvent { action=ACTION_DOWN, keyCode=KEYCODE_DPAD_CENTER, scanCode=28, metaState=0, flags=0x8, repeatCount=0, eventTime=1841335, downTime=1841335, deviceId=3, source=0x701 },isKeyResponse=true
11-02 18:38:20.894 W/InputEventReceiver( 2367): Attempted to finish an input event but the input event receiver has already been disposed.
11-02 18:38:21.092 D/ir_user ( 1584): PlayerTimeLineTrace:linux_keycode:0x1c(UP),	protocol: .
11-02 18:38:21.092 V/PT      ( 1580): >>INFO:irkey_task:[    1841.545224] /dev/input/event0: type=0001 code=001c val=00000000
11-02 18:38:21.092 V/PT      ( 1580): >>INFO:irkey_send:0x3001 0x1001 up  
11-02 18:38:21.093 V/SUMA    ( 1580): ++++++++++++++  _roc_evtmgr_key_cbk 517:input = 12289, event=4097, act=0x400
11-02 18:38:21.093 V/SUMA    ( 1580): lxm:_roc_evtmgr_key_cbk 519 1841545
11-02 18:38:21.093 V/SUMA    ( 1580): lxm:_roc_evtmgr_add_key_into_queue 311 1841545
11-02 18:38:21.093 V/PT      ( 1580): >>INFO:irkey_task:[    1841.545224] /dev/input/event0: type=0000 code=0000 val=00000000
11-02 18:38:21.093 V/SUMA    ( 1580): ===================>> type=0 src=0 evt=4097 act=0x400
11-02 18:38:21.093 V/SUMA    ( 1580): [sysset-s][event_manager_cbk 78]lxm cbid=1, cbk_reg=1, cpid=2451
11-02 18:38:21.093 D/NGBEvent( 2451): ngbEventCallBack type:0 source :4097
11-02 18:38:21.093 D/NGBEvent( 2451): [NGBEventManager-JNI]-returning:1
11-02 18:38:21.093 D/NGBEvent( 2451): Input key event: keyCode=4097
11-02 18:38:21.093 D/NGBEvent( 2451): src:4097 = dest:4097
11-02 18:38:21.094 I/System.out( 2451): [DEBUG EventManager] LWJ--Add event to java with evt=NgbEvent-[type = 1, subtype = 402, code = 4097]
11-02 18:38:21.094 D/NGBEvent( 2451): [NGBEvent_log]--[EventManager--JNI]:		start
11-02 18:38:21.094 I/System.out( 2451): [DEBUG EventManager] broadcastEvent  :len 1
11-02 18:38:21.094 D/KeyEventNgbDealer( 2451): [TN_pool-1-thread-1]handleKeyReleased keyEvent=NgbEvent-[type = 1, subtype = 402, code = 4097],time=1841546
11-02 18:38:21.094 D/InputEventConsistencyVerifier( 2489): KeyEvent: ACTION_UP but key was not down.
11-02 18:38:21.094 D/InputEventConsistencyVerifier( 2489):   in android.view.ViewRootImpl@7d58033
11-02 18:38:21.094 D/InputEventConsistencyVerifier( 2489):   0: sent at 1841545000000, KeyEvent { action=ACTION_UP, keyCode=KEYCODE_DPAD_CENTER, scanCode=28, metaState=0, flags=0x8, repeatCount=0, eventTime=1841545, downTime=1841335, deviceId=3, source=0x701 }
11-02 18:38:21.094 D/InputEventConsistencyVerifier( 2489):   -- recent events --
11-02 18:38:21.094 D/InputEventConsistencyVerifier( 2489):   1: sent at 1693317000000, KeyEvent { action=ACTION_UP, keyCode=KEYCODE_DPAD_CENTER, scanCode=28, metaState=0, flags=0x28, repeatCount=0, eventTime=1693317, downTime=1693305, deviceId=3, source=0x701 }
11-02 18:38:21.094 D/InputEventConsistencyVerifier( 2489):   2: sent at 1693305000000, KeyEvent { action=ACTION_DOWN, keyCode=KEYCODE_DPAD_CENTER, scanCode=28, metaState=0, flags=0x8, repeatCount=0, eventTime=1693305, downTime=1693305, deviceId=3, source=0x701 }
11-02 18:38:21.094 D/InputEventConsistencyVerifier( 2489):   3: sent at 1692792000000, KeyEvent { action=ACTION_UP, keyCode=KEYCODE_DPAD_LEFT, scanCode=105, metaState=0, flags=0x8, repeatCount=0, eventTime=1692792, downTime=1692583, deviceId=3, source=0x701 }
11-02 18:38:21.094 D/InputEventConsistencyVerifier( 2489):   4: sent at 1692583000000, KeyEvent { action=ACTION_DOWN, keyCode=KEYCODE_DPAD_LEFT, scanCode=105, metaState=0, flags=0x8, repeatCount=0, eventTime=1692583, downTime=1692583, deviceId=3, source=0x701 }
11-02 18:38:21.094 D/InputEventConsistencyVerifier( 2489):   5: sent at 1595251000000, KeyEvent { action=ACTION_UP, keyCode=KEYCODE_DPAD_CENTER, scanCode=28, metaState=0, flags=0x28, repeatCount=0, eventTime=1595251, downTime=1595237, deviceId=3, source=0x701 }
11-02 18:38:21.094 D/Main3DActivity( 2489): [TN_main]dispatchKeyEvent event=KeyEvent { action=ACTION_UP, keyCode=KEYCODE_DPAD_CENTER, scanCode=28, metaState=0, flags=0x80000008, repeatCount=0, eventTime=1841545, downTime=1841335, deviceId=3, source=0x701 },isEventAble=true
11-02 18:38:21.135 D/LoadHttpHandler( 2489): [TN_ThreadUtil-1]doNormal responseCode=200
11-02 18:38:21.135 D/LoadHttpHandler( 2489): [TN_ThreadUtil-1]doNormal savePath=null,fileName=null,total=-1
11-02 18:38:21.137 E/FlyAndWeatherUpdate( 2489): [TN_ThreadUtil-1]isWeatherUpdate is not need update
11-02 18:38:21.235 D/LoadHttpHandler( 2489): [TN_ThreadUtil-0]doNormal responseCode=200
11-02 18:38:21.235 D/LoadHttpHandler( 2489): [TN_ThreadUtil-0]doNormal savePath=null,fileName=null,total=-1
11-02 18:38:21.235 E/ConfigUpdateNeimengOttAdmin( 2489): [TN_ThreadUtil-0]data: {"status":"0","errorMessage":"","data":""}
11-02 18:38:21.235 E/ConfigUpdateNeimengOttAdmin( 2489): [TN_ThreadUtil-0]checkConfig illegal version is null
11-02 18:38:21.253 D/BackBootDealerNeimeng( 2367): standbyState:
11-02 18:38:21.253 E/NetUtils( 2021): Interface eth0 LinkDown!
11-02 18:38:21.433 D/BasicFigure( 2489): [TN_GLThread 73]isDrawFocused relyElement=[BaseElement@1961e652]focusScale[1.15]elementAlpha[-1.0]refectAlpha[-1.0]isFocusAble[true]shadowIndex[-1]autoJumpType[-1]uniqueID[54resSize0]rect[NULL]
11-02 18:38:21.433 D/BasicFigure( 2489): [TN_GLThread 73]isDrawFocused basicFigure=com.suma.midware.view.b.c.c@18483d23
11-02 18:38:21.754 D/BackBootDealerNeimeng( 2367): standbyState:
11-02 18:38:21.754 E/NetUtils( 2021): Interface eth0 LinkDown!
11-02 18:38:22.255 D/BackBootDealerNeimeng( 2367): standbyState:
11-02 18:38:22.256 E/NetUtils( 2021): Interface eth0 LinkDown!
11-02 18:38:22.413 D/GlobalBackService( 2451): [TN_ThreadUtil-0]begin to monitor，injectEpgVersion=0,curEpgVersion=0 
11-02 18:38:22.413 D/DataBaseManager( 2451): [TN_ThreadUtil-0]getAttrList comparatorMode=-1,comparatorType=-1,termType=65535
11-02 18:38:22.414 D/GlobalBackService( 2451): dealConfigCheck configUrl:http://tvos-iploader.96066.com:8080/epgswitch/epg/suma-data/epg_update_ip.cfg
11-02 18:38:22.414 D/LoadHttpHandler( 2451): [TN_ThreadUtil-0]doNormal proxyConfig=null
11-02 18:38:22.439 E/LoadHttpHandler( 2451): [TN_ThreadUtil-0]doNormal illegal url=http://tvos-iploader.96066.com:8080/epgswitch/epg/suma-data/epg_update_ip.cfg,exceptionName=java.net.ConnectException
11-02 18:38:22.439 W/System.err( 2451): java.net.ConnectException: failed to connect to tvos-iploader.96066.com/10.254.233.8 (port 8080) after 8000ms: isConnected failed: ECONNREFUSED (Connection refused)
11-02 18:38:22.439 W/System.err( 2451): 	at libcore.io.IoBridge.isConnected(IoBridge.java:238)
11-02 18:38:22.439 W/System.err( 2451): 	at libcore.io.IoBridge.connectErrno(IoBridge.java:171)
11-02 18:38:22.439 W/System.err( 2451): 	at libcore.io.IoBridge.connect(IoBridge.java:122)
11-02 18:38:22.439 W/System.err( 2451): 	at java.net.PlainSocketImpl.connect(PlainSocketImpl.java:183)
11-02 18:38:22.439 W/System.err( 2451): 	at java.net.PlainSocketImpl.connect(PlainSocketImpl.java:456)
11-02 18:38:22.440 W/System.err( 2451): 	at java.net.Socket.connect(Socket.java:882)
11-02 18:38:22.440 W/System.err( 2451): 	at com.android.okhttp.internal.Platform.connectSocket(Platform.java:174)
11-02 18:38:22.440 W/System.err( 2451): 	at com.android.okhttp.Connection.connect(Connection.java:152)
11-02 18:38:22.440 W/System.err( 2451): 	at com.android.okhttp.internal.http.HttpEngine.connect(HttpEngine.java:276)
11-02 18:38:22.440 W/System.err( 2451): 	at com.android.okhttp.internal.http.HttpEngine.sendRequest(HttpEngine.java:211)
11-02 18:38:22.440 W/System.err( 2451): 	at com.android.okhttp.internal.http.HttpURLConnectionImpl.execute(HttpURLConnectionImpl.java:382)
11-02 18:38:22.440 W/System.err( 2451): 	at com.android.okhttp.internal.http.HttpURLConnectionImpl.connect(HttpURLConnectionImpl.java:106)
11-02 18:38:22.440 W/System.err( 2451): 	at com.suma.midware.prop.download.LoadHttpHandler.c(Unknown Source)
11-02 18:38:22.440 W/System.err( 2451): 	at com.suma.midware.prop.download.LoadHttpHandler.a(Unknown Source)
11-02 18:38:22.440 W/System.err( 2451): 	at com.suma.midware.prop.download.b.a(Unknown Source)
11-02 18:38:22.440 W/System.err( 2451): 	at com.suma.midware.global.a.c.a(Unknown Source)
11-02 18:38:22.440 W/System.err( 2451): 	at com.suma.midware.global.a.c.a(Unknown Source)
11-02 18:38:22.440 W/System.err( 2451): 	at com.suma.midware.global.a.d.run(Unknown Source)
11-02 18:38:22.440 W/System.err( 2451): 	at com.suma.midware.prop.util.b.run(Unknown Source)
11-02 18:38:22.440 W/System.err( 2451): 	at java.lang.Thread.run(Thread.java:818)
11-02 18:38:22.440 W/System.err( 2451): Caused by: android.system.ErrnoException: isConnected failed: ECONNREFUSED (Connection refused)
11-02 18:38:22.441 W/System.err( 2451): 	at libcore.io.IoBridge.isConnected(IoBridge.java:223)
11-02 18:38:22.441 W/System.err( 2451): 	... 19 more
11-02 18:38:22.441 D/LoadHttpTask( 2451): dealConfigCheck responseCode:-1:data:null:downloadResult:false
11-02 18:38:22.441 D/GlobalBackService( 2451): [TN_ThreadUtil-0]begin to monitor,result=2
11-02 18:38:22.441 D/GlobalBackService( 2451): [TN_ThreadUtil-0]isChannelDateVaild= true curEpgVersion=0
11-02 18:38:22.442 E/GlobalBackService( 2451): [TN_ThreadUtil-0]saveVersionInfo curEpgVersion=0
11-02 18:38:22.453 D/BasicFigure( 2489): [TN_GLThread 73]isDrawFocused relyElement=[BaseElement@1961e652]focusScale[1.15]elementAlpha[-1.0]refectAlpha[-1.0]isFocusAble[true]shadowIndex[-1]autoJumpType[-1]uniqueID[54resSize0]rect[NULL]
11-02 18:38:22.453 D/BasicFigure( 2489): [TN_GLThread 73]isDrawFocused basicFigure=com.suma.midware.view.b.c.c@18483d23
11-02 18:38:22.757 D/BackBootDealerNeimeng( 2367): standbyState:
11-02 18:38:22.757 E/NetUtils( 2021): Interface eth0 LinkDown!
11-02 18:38:23.258 D/BackBootDealerNeimeng( 2367): standbyState:
11-02 18:38:23.259 E/NetUtils( 2021): Interface eth0 LinkDown!
11-02 18:38:23.472 D/BasicFigure( 2489): [TN_GLThread 73]isDrawFocused relyElement=[BaseElement@1961e652]focusScale[1.15]elementAlpha[-1.0]refectAlpha[-1.0]isFocusAble[true]shadowIndex[-1]autoJumpType[-1]uniqueID[54resSize0]rect[NULL]
11-02 18:38:23.472 D/BasicFigure( 2489): [TN_GLThread 73]isDrawFocused basicFigure=com.suma.midware.view.b.c.c@18483d23
11-02 18:38:23.759 D/BackBootDealerNeimeng( 2367): standbyState:
11-02 18:38:23.760 E/NetUtils( 2021): Interface eth0 LinkDown!
11-02 18:38:24.261 D/BackBootDealerNeimeng( 2367): standbyState:
11-02 18:38:24.261 E/NetUtils( 2021): Interface eth0 LinkDown!
11-02 18:38:24.492 D/BasicFigure( 2489): [TN_GLThread 73]isDrawFocused relyElement=[BaseElement@1961e652]focusScale[1.15]elementAlpha[-1.0]refectAlpha[-1.0]isFocusAble[true]shadowIndex[-1]autoJumpType[-1]uniqueID[54resSize0]rect[NULL]
11-02 18:38:24.492 D/BasicFigure( 2489): [TN_GLThread 73]isDrawFocused basicFigure=com.suma.midware.view.b.c.c@18483d23
11-02 18:38:24.761 D/BackBootDealerNeimeng( 2367): standbyState:
11-02 18:38:24.762 E/NetUtils( 2021): Interface eth0 LinkDown!
11-02 18:38:25.263 D/BackBootDealerNeimeng( 2367): standbyState:
11-02 18:38:25.264 E/NetUtils( 2021): Interface eth0 LinkDown!
11-02 18:38:25.511 D/BasicFigure( 2489): [TN_GLThread 73]isDrawFocused relyElement=[BaseElement@1961e652]focusScale[1.15]elementAlpha[-1.0]refectAlpha[-1.0]isFocusAble[true]shadowIndex[-1]autoJumpType[-1]uniqueID[54resSize0]rect[NULL]
11-02 18:38:25.511 D/BasicFigure( 2489): [TN_GLThread 73]isDrawFocused basicFigure=com.suma.midware.view.b.c.c@18483d23
11-02 18:38:25.764 D/BackBootDealerNeimeng( 2367): standbyState:
11-02 18:38:25.765 E/NetUtils( 2021): Interface eth0 LinkDown!
11-02 18:38:26.265 D/BackBootDealerNeimeng( 2367): standbyState:
11-02 18:38:26.267 E/NetUtils( 2021): Interface eth0 LinkDown!
11-02 18:38:26.531 D/BasicFigure( 2489): [TN_GLThread 73]isDrawFocused relyElement=[BaseElement@1961e652]focusScale[1.15]elementAlpha[-1.0]refectAlpha[-1.0]isFocusAble[true]shadowIndex[-1]autoJumpType[-1]uniqueID[54resSize0]rect[NULL]
11-02 18:38:26.531 D/BasicFigure( 2489): [TN_GLThread 73]isDrawFocused basicFigure=com.suma.midware.view.b.c.c@18483d23
11-02 18:38:26.767 D/BackBootDealerNeimeng( 2367): standbyState:
11-02 18:38:26.768 E/NetUtils( 2021): Interface eth0 LinkDown!
11-02 18:38:27.268 D/BackBootDealerNeimeng( 2367): standbyState:
11-02 18:38:27.269 E/NetUtils( 2021): Interface eth0 LinkDown!
11-02 18:38:27.550 D/BasicFigure( 2489): [TN_GLThread 73]isDrawFocused relyElement=[BaseElement@1961e652]focusScale[1.15]elementAlpha[-1.0]refectAlpha[-1.0]isFocusAble[true]shadowIndex[-1]autoJumpType[-1]uniqueID[54resSize0]rect[NULL]
11-02 18:38:27.550 D/BasicFigure( 2489): [TN_GLThread 73]isDrawFocused basicFigure=com.suma.midware.view.b.c.c@18483d23
11-02 18:38:27.770 D/BackBootDealerNeimeng( 2367): standbyState:
11-02 18:38:27.770 E/NetUtils( 2021): Interface eth0 LinkDown!
11-02 18:38:27.850 D/EsgNeiMengDealer( 2367): [TN_ThreadUtil-12]checkBootAd bootAd=[Advertisment@3eb6ae9b]category[1]version[0]profile[2]group[[GroupProperty@3ddc238]associateType[3]groupIDs[len:10:10000:7101:7105:9999:7000:17:1001:20002:20001:1003]]service[null]period[[Advertisment@25e8f211]dates[]times[len0:102:len1:102:20170821 000000-20170821 235959:20170822 000000-20170822 235959:20170823 000000-20170823 235959:20170824 000000-20170824 235959:20170825 000000-20170825 235959:20170826 000000-20170826 235959:20170827 000000-20170827 235959:20170828 000000-20170828 235959:20170829 000000-20170829 235959:20170830 000000-20170830 235959:20170831 000000-20170831 235959:20170901 000000-20170901 235959:20170902 000000-20170902 235959:20170903 000000-20170903 235959:20170904 000000-20170904 235959:20170905 000000-20170905 235959:20170906 000000-20170906 235959:20170907 000000-20170907 235959:20170908 000000-20170908 235959:20170909 000000-20170909 235959:20170910 000000-20170910 235959:20170911 000000-20170911 235959:20170912 000000-20170912 235959:20170913 000000-20170913 235959:20170914 000000-20170914 235959:20170915 000000-20170915 235959:20170916 000000-20170916 235959:20170917 000000-20170917 235959:20170918 000000-20170918 235959:20170919 000000-20170919 235959:20170920 000000-20170920 235959:20170921 000000-20170921 235959:20170922 000000-20170922 235959:20170923 000000-20170923 235959:20170924 000000-20170924 235959:20170925 000000-20170925 235959:20170926 000000-20170926 235959:20170927 000000-20170927 235959:20170928 000000-20170928 235959:20170929 000000-20170929 235959:20170930 000000-20170930 235959:20171001 000000-20171001 235959:20171002 000000-20171002 235959:20171003 000000-20171003 235959:20171004 000000-20171004 235959:20171005 000000-20171005 235959:20171006 000000-20171006 235959:20171007 000000-20171007 235959:20171008 000000-20171008 235959:20171009 000000-20171009 235959:20171010 000000-20171010 235959:20171011 000000-20171011 235959:20171012 000000-20171012 235959:20171013 000000-20171013 235959:20171014 000000-20171014 235959:20171015 000000-20171015 235959:20171016 000000-20171016 235959:20171017 000000-20171017 235959:20171018 000000-20171018 235959:20171019 000000-20171019 235959:20171020 000000-20171020 235959:20171021 000000-20171021 235959:20171022 000000-20171022 235959:20171023 000000-20171023 235959:20171024 000000-20171024 235959:20171025 000000-20171025 235959:20171026 000000-20171026 235959:20171027 000000-20171027 235959:20171028 000000-20171028 235959:20171029 000000-20171029 235959:20171030 000000-20171030 235959:20171031 000000-20171031 235959:20171101 000000-20171101 235959:20171102 000000-20171102 235959:20171103 000000-20171103 235959:20171104 000000-20171104 235959:20171105 000000-20171105 235959:20171106 000000-20171106 235959:20171107 000000-20171107 235959:20171108 000000-20171108 235959:20171109 000000-20171109 235959:20171110 000000-20171110 235959:20171111 000000-20171111 235959:20171112 000000-20171112 235959:20171113 000000-20171113 235959:20171114 000000-20171114 235959:20171115 000000-20171115 235959:20171116 000000-20171116 235959:20171117 000000-20171117 235959:20171118 000000-20171118 235959:20171119 000000-20171119 235959:20171120 000000-20171120 235959:20171121 000000-20171121 235959:20171122 000000-20171122 235959:20171123 000000-20171123 235959:20171124 000000-20171124 235959:20171125 000000-20171125 235959:20171126 000000-20171126 235959:20171127 000000-20171127 235959:20171128 000000-20171128 235959:20171129 000000-20171129 235959:20171130 000000-20171130 235959]]
11-02 18:38:27.850 I/System.out( 2367): [DEBUG SectionFilterGroup] The filterGroupHandle is: -1263277448
11-02 18:38:27.850 D/LoadPipeHandler( 2367): [TN_ThreadUtil-12]dealTableLoad pipeTask=[LoadPipeTask@218b0a00]pID[16]tableID[64]tunerIndex[0]offset[3]timeout[5000]isNeedTune[false]fileName[null]
11-02 18:38:27.850 D/filter  ( 2367): [FilterManager-JNI] - start filter:pid=16, tableid=64, bufferNum=0
11-02 18:38:27.850 D/filter  ( 2367): [FilterManager-JNI] - 
11-02 18:38:27.850 D/filter  ( 2367): [FilterManager-JNI] - 
11-02 18:38:27.850 D/filter  ( 2367): [FilterManager-JNI] - The table id is proper.
11-02 18:38:27.850 D/filter  ( 2367): ####in java native method open filter:pid=16,							code=40,00,00,00,mask=ff,00,00,00
11-02 18:38:27.850 D/filter  ( 2367): [FilterManager-JNI] - Filter mode to ROCME_RES_FLT_MODE_UNROB_FILTER.
11-02 18:38:27.850 I/System.out( 2367): [DEBUG SectionFilterGroup] The run() method, and the filterGroupHandle is: -1263277448
11-02 18:38:27.850 V/SUMA    ( 1580): [resman-s][onTransact 216]code[0x12000200] client pid = 2367
11-02 18:38:27.850 V/SUMA    ( 1580): [resman-s][onTransact 615]TRANS_CODE_RESMAN_FILETER_REQUEST enter
11-02 18:38:27.850 V/SUMA    ( 1580): [resman-s][onTransact 623]filter request m_client[0].cpid = 2367
11-02 18:38:27.851 V/SUMA    ( 1580): [resman-s][onTransact 627]filter handler request filter_handler[0]
11-02 18:38:27.851 V/SUMA    ( 1580): >> Roc_ResMan_Filter_Request handler = 0x1202a700 
11-02 18:38:27.851 V/SUMA    ( 1580): [resman-s][onTransact 657]TRANS_CODE_RESMAN_FILETER_REQUEST leave
11-02 18:38:27.851 V/SUMA    ( 1580): [resman-s][onTransact 1574]leave transact client pid = 2367
11-02 18:38:27.851 V/SUMA    ( 2367): [resman-c][Roc_ResMan_Filter_Request 1311]leave !!!
11-02 18:38:27.851 V/SUMA    ( 2367): [resman-c][dvbc_resman_flt_request 162]dvbc(2367)## s_resman_client_flt_hcbk request cbk idx=0 !!!
11-02 18:38:27.851 V/SUMA    ( 1580): [resman-s][onTransact 216]code[0x12000204] client pid = 2367
11-02 18:38:27.851 V/SUMA    ( 1580): [resman-s][onTransact 1574]leave transact client pid = 2367
11-02 18:38:27.851 V/SUMA    ( 2367): [resman-c][Roc_ResMan_Filter_Modify 1514]leave !!!
11-02 18:38:27.851 V/SUMA    ( 1580): [resman-s][onTransact 216]code[0x12000202] client pid = 2367
11-02 18:38:27.851 V/SUMA    ( 1580): [resman-s][onTransact 1574]leave transact client pid = 2367
11-02 18:38:27.851 V/SUMA    ( 2367): [resman-c][Roc_ResMan_Filter_Run 1431]leave !!!
11-02 18:38:27.851 D/filter  ( 2367): open file=302163712,pid=16,index=0 with tuner index 0
11-02 18:38:27.904 D/IPLoaderNeimeng( 2367): after wait time18:38:27:monitorInterval:5000
11-02 18:38:27.904 D/IPLoaderNeimeng( 2367): before dealUpdateCheck time:18:38:27:isMsgBroadcast:false:monitorInterval:5000:processState:1
11-02 18:38:27.904 D/IPLoaderNeimeng( 2367): dealUpdateCheck isFirstSuccessUpdate:false:monitorInterval:5000
11-02 18:38:27.904 D/LoadHttpHandler( 2367): [TN_ThreadUtil-6]doNormal proxyConfig=null
11-02 18:38:28.099 D/LoadHttpHandler( 2367): [TN_ThreadUtil-6]doNormal responseCode=404
11-02 18:38:28.099 D/LoadHttpTask( 2367): dealUpdateCheck responseCode:404:data:null:downloadResult:false
11-02 18:38:28.100 D/IPLoaderNeimeng( 2367): after dealUpdateCheck time:18:38:28:isMsgBroadcast:false:monitorInterval:5000:processState:1
11-02 18:38:28.100 D/IPLoaderNeimeng( 2367): before wait time18:38:28:monitorInterval:5000
11-02 18:38:28.271 D/BackBootDealerNeimeng( 2367): standbyState:
11-02 18:38:28.272 E/NetUtils( 2021): Interface eth0 LinkDown!
11-02 18:38:28.569 D/BasicFigure( 2489): [TN_GLThread 73]isDrawFocused relyElement=[BaseElement@1961e652]focusScale[1.15]elementAlpha[-1.0]refectAlpha[-1.0]isFocusAble[true]shadowIndex[-1]autoJumpType[-1]uniqueID[54resSize0]rect[NULL]
11-02 18:38:28.569 D/BasicFigure( 2489): [TN_GLThread 73]isDrawFocused basicFigure=com.suma.midware.view.b.c.c@18483d23
11-02 18:38:28.773 D/BackBootDealerNeimeng( 2367): standbyState:
11-02 18:38:28.773 E/NetUtils( 2021): Interface eth0 LinkDown!
11-02 18:38:29.274 D/BackBootDealerNeimeng( 2367): standbyState:
11-02 18:38:29.275 E/NetUtils( 2021): Interface eth0 LinkDown!
11-02 18:38:29.588 D/BasicFigure( 2489): [TN_GLThread 73]isDrawFocused relyElement=[BaseElement@1961e652]focusScale[1.15]elementAlpha[-1.0]refectAlpha[-1.0]isFocusAble[true]shadowIndex[-1]autoJumpType[-1]uniqueID[54resSize0]rect[NULL]
11-02 18:38:29.589 D/BasicFigure( 2489): [TN_GLThread 73]isDrawFocused basicFigure=com.suma.midware.view.b.c.c@18483d23
11-02 18:38:29.775 D/BackBootDealerNeimeng( 2367): standbyState:
11-02 18:38:29.776 E/NetUtils( 2021): Interface eth0 LinkDown!
11-02 18:38:30.276 D/BackBootDealerNeimeng( 2367): standbyState:
11-02 18:38:30.277 E/NetUtils( 2021): Interface eth0 LinkDown!
11-02 18:38:30.596 D/BasicFigure( 2489): [TN_GLThread 73]isDrawFocused relyElement=[BaseElement@1961e652]focusScale[1.15]elementAlpha[-1.0]refectAlpha[-1.0]isFocusAble[true]shadowIndex[-1]autoJumpType[-1]uniqueID[54resSize0]rect[NULL]
11-02 18:38:30.596 D/BasicFigure( 2489): [TN_GLThread 73]isDrawFocused basicFigure=com.suma.midware.view.b.c.c@18483d23
11-02 18:38:30.778 D/BackBootDealerNeimeng( 2367): standbyState:
11-02 18:38:30.779 E/NetUtils( 2021): Interface eth0 LinkDown!
11-02 18:38:31.279 D/BackBootDealerNeimeng( 2367): standbyState:
11-02 18:38:31.280 E/NetUtils( 2021): Interface eth0 LinkDown!
11-02 18:38:31.614 D/BasicFigure( 2489): [TN_GLThread 73]isDrawFocused relyElement=[BaseElement@1961e652]focusScale[1.15]elementAlpha[-1.0]refectAlpha[-1.0]isFocusAble[true]shadowIndex[-1]autoJumpType[-1]uniqueID[54resSize0]rect[NULL]
11-02 18:38:31.614 D/BasicFigure( 2489): [TN_GLThread 73]isDrawFocused basicFigure=com.suma.midware.view.b.c.c@18483d23
11-02 18:38:31.780 D/BackBootDealerNeimeng( 2367): standbyState:
11-02 18:38:31.781 E/NetUtils( 2021): Interface eth0 LinkDown!
11-02 18:38:32.281 D/BackBootDealerNeimeng( 2367): standbyState:
11-02 18:38:32.283 E/NetUtils( 2021): Interface eth0 LinkDown!
11-02 18:38:32.633 D/BasicFigure( 2489): [TN_GLThread 73]isDrawFocused relyElement=[BaseElement@1961e652]focusScale[1.15]elementAlpha[-1.0]refectAlpha[-1.0]isFocusAble[true]shadowIndex[-1]autoJumpType[-1]uniqueID[54resSize0]rect[NULL]
11-02 18:38:32.633 D/BasicFigure( 2489): [TN_GLThread 73]isDrawFocused basicFigure=com.suma.midware.view.b.c.c@18483d23
11-02 18:38:32.783 D/BackBootDealerNeimeng( 2367): standbyState:
11-02 18:38:32.784 E/NetUtils( 2021): Interface eth0 LinkDown!
11-02 18:38:32.851 I/System.out( 2367): [DEBUG SectionFilterGroup] be reaady to detach filtergroup:true
11-02 18:38:32.852 V/SUMA    ( 1580): [resman-s][onTransact 216]code[0x12000201] client pid = 2367
11-02 18:38:32.852 V/SUMA    ( 1580): [resman-s][onTransact 665]TRANS_CODE_RESMAN_FILETER_RELEASE enter
11-02 18:38:32.852 V/SUMA    ( 1580): >> Roc_ResMan_Filter_Release handler = 0x1202a700 
11-02 18:38:32.852 V/SUMA    ( 1580): [resman-s][onTransact 674]filter release m_client[0].cpid = 2367
11-02 18:38:32.852 V/SUMA    ( 1580): [resman-s][onTransact 678]filter handler release filter_handler[0]
11-02 18:38:32.852 V/SUMA    ( 1580): [resman-s][onTransact 688]TRANS_CODE_RESMAN_FILETER_RELEASE leave
11-02 18:38:32.853 V/SUMA    ( 1580): [resman-s][onTransact 1574]leave transact client pid = 2367
11-02 18:38:32.853 V/SUMA    ( 2367): [resman-c][dvbc_resman_flt_release 183]dvbc(2367)## s_resman_client_flt_hcbk release cbk idx=0 !!!
11-02 18:38:32.853 V/SUMA    ( 2367): [resman-c][Roc_ResMan_Filter_Release 1403]leave !!!
11-02 18:38:32.853 W/EsgNeiMengDealer( 2367): [TN_ThreadUtil-12]handleNormTable table content null
11-02 18:38:32.853 D/EsgNeiMengDealer( 2367): [TN_ThreadUtil-12]dealUpdateInfo updateInfo=null
11-02 18:38:32.853 D/EsgRunner( 2367): [TN_ThreadUtil-12]notifyUpdateEnd ads=null
11-02 18:38:32.869 W/ContextImpl( 2367): Calling a method in the system process without a qualified user: android.app.ContextImpl.sendBroadcast:1345 android.content.ContextWrapper.sendBroadcast:377 com.suma.midware.back.esg.e.f:-1 com.suma.midware.back.esg.f.run:-1 com.suma.midware.prop.util.c.run:-1 
11-02 18:38:33.284 D/BackBootDealerNeimeng( 2367): standbyState:
11-02 18:38:33.285 E/NetUtils( 2021): Interface eth0 LinkDown!
11-02 18:38:33.652 D/BasicFigure( 2489): [TN_GLThread 73]isDrawFocused relyElement=[BaseElement@1961e652]focusScale[1.15]elementAlpha[-1.0]refectAlpha[-1.0]isFocusAble[true]shadowIndex[-1]autoJumpType[-1]uniqueID[54resSize0]rect[NULL]
11-02 18:38:33.653 D/BasicFigure( 2489): [TN_GLThread 73]isDrawFocused basicFigure=com.suma.midware.view.b.c.c@18483d23
11-02 18:38:33.785 D/BackBootDealerNeimeng( 2367): standbyState:
11-02 18:38:33.786 E/NetUtils( 2021): Interface eth0 LinkDown!
11-02 18:38:33.872 W/ContextImpl( 2367): Calling a method in the system process without a qualified user: android.app.ContextImpl.sendBroadcast:1345 android.content.ContextWrapper.sendBroadcast:377 com.suma.midware.back.esg.e.f:-1 com.suma.midware.back.esg.f.run:-1 com.suma.midware.prop.util.c.run:-1 
11-02 18:38:34.287 D/BackBootDealerNeimeng( 2367): standbyState:
11-02 18:38:34.288 E/NetUtils( 2021): Interface eth0 LinkDown!
11-02 18:38:34.672 D/BasicFigure( 2489): [TN_GLThread 73]isDrawFocused relyElement=[BaseElement@1961e652]focusScale[1.15]elementAlpha[-1.0]refectAlpha[-1.0]isFocusAble[true]shadowIndex[-1]autoJumpType[-1]uniqueID[54resSize0]rect[NULL]
11-02 18:38:34.672 D/BasicFigure( 2489): [TN_GLThread 73]isDrawFocused basicFigure=com.suma.midware.view.b.c.c@18483d23
11-02 18:38:34.788 D/BackBootDealerNeimeng( 2367): standbyState:
11-02 18:38:34.789 E/NetUtils( 2021): Interface eth0 LinkDown!
11-02 18:38:34.875 W/ContextImpl( 2367): Calling a method in the system process without a qualified user: android.app.ContextImpl.sendBroadcast:1345 android.content.ContextWrapper.sendBroadcast:377 com.suma.midware.back.esg.e.f:-1 com.suma.midware.back.esg.f.run:-1 com.suma.midware.prop.util.c.run:-1 
11-02 18:38:35.290 D/BackBootDealerNeimeng( 2367): standbyState:
11-02 18:38:35.291 E/NetUtils( 2021): Interface eth0 LinkDown!
11-02 18:38:35.691 E/WifiStateMachine( 2021): WifiStateMachine CMD_START_SCAN source -2 txSuccessRate=2.74 rxSuccessRate=11.42 targetRoamBSSID=any RSSI=-35
11-02 18:38:35.691 E/WifiStateMachine( 2021): WifiStateMachine starting scan for "ipanel"WPA_PSK with 2467
11-02 18:38:35.692 D/BasicFigure( 2489): [TN_GLThread 73]isDrawFocused relyElement=[BaseElement@1961e652]focusScale[1.15]elementAlpha[-1.0]refectAlpha[-1.0]isFocusAble[true]shadowIndex[-1]autoJumpType[-1]uniqueID[54resSize0]rect[NULL]
11-02 18:38:35.692 D/BasicFigure( 2489): [TN_GLThread 73]isDrawFocused basicFigure=com.suma.midware.view.b.c.c@18483d23
11-02 18:38:35.791 D/BackBootDealerNeimeng( 2367): standbyState:
11-02 18:38:35.792 E/NetUtils( 2021): Interface eth0 LinkDown!
11-02 18:38:36.292 D/BackBootDealerNeimeng( 2367): standbyState:
11-02 18:38:36.293 E/NetUtils( 2021): Interface eth0 LinkDown!
11-02 18:38:36.423 I/EthernetNetworkFactory( 2021): updateInterfaceState :the mIface is:eth0iface is wlan0 true
11-02 18:38:36.441 E/WifiAutoJoinController ( 2021): GDWL 86:79:73:27:8c:19 rssi=-32 cap [WPA-PSK-CCMP][WPA2-PSK-CCMP][ESS] is not scored
11-02 18:38:36.441 E/WifiAutoJoinController ( 2021): ipanel e4:f3:f5:aa:ad:88 rssi=-36 cap [WPA-PSK-CCMP][WPA2-PSK-CCMP][ESS] is not scored
11-02 18:38:36.442 E/WifiAutoJoinController ( 2021):  84:79:73:27:8c:19 rssi=-34 cap [WEP][ESS] is not scored
11-02 18:38:36.442 E/WifiAutoJoinController ( 2021): MERCURY_EDE4 e4:f3:f5:6a:ed:e4 rssi=-44 cap [ESS] is not scored
11-02 18:38:36.442 E/WifiAutoJoinController ( 2021): Office_Net e4:f3:f5:a4:00:c0 rssi=-66 cap [WPA-PSK-CCMP][WPA2-PSK-CCMP][ESS] is not scored
11-02 18:38:36.443 E/WifiAutoJoinController ( 2021): iPanel-cf 78:11:dc:10:d5:2d rssi=-34 cap [WPA-PSK-CCMP+TKIP][WPA2-PSK-CCMP+TKIP][WPS][ESS] is not scored
11-02 18:38:36.443 E/WifiAutoJoinController ( 2021): GDWL 86:79:73:27:8c:0d rssi=-52 cap [WPA-PSK-CCMP][WPA2-PSK-CCMP][ESS] is not scored
11-02 18:38:36.443 E/WifiAutoJoinController ( 2021): TP-LINK_BAF2C2 0c:72:2c:ba:f2:c2 rssi=-60 cap [WPA-PSK-CCMP][WPA2-PSK-CCMP][WPS][ESS] is not scored
11-02 18:38:36.444 E/WifiAutoJoinController ( 2021): GDWL 86:79:73:27:8c:11 rssi=-62 cap [WPA-PSK-CCMP][WPA2-PSK-CCMP][ESS] is not scored
11-02 18:38:36.444 E/WifiAutoJoinController ( 2021): GDWL 86:79:73:27:8c:13 rssi=-66 cap [WPA-PSK-CCMP][WPA2-PSK-CCMP][ESS] is not scored
11-02 18:38:36.445 E/WifiAutoJoinController ( 2021): CMCC 06:11:b5:17:bd:d5 rssi=-70 cap [WPA-EAP-CCMP+TKIP][WPA2-EAP-CCMP+TKIP][ESS] is not scored
11-02 18:38:36.445 E/WifiAutoJoinController ( 2021): GDWL 86:79:73:27:8c:1d rssi=-76 cap [WPA-PSK-CCMP][WPA2-PSK-CCMP][ESS] is not scored
11-02 18:38:36.446 E/WifiAutoJoinController ( 2021): TP-LINK_gsbgs 9c:21:6a:1e:b5:48 rssi=-82 cap [WPA-PSK-CCMP][WPA2-PSK-CCMP][WPS][ESS] is not scored
11-02 18:38:36.446 E/WifiAutoJoinController ( 2021):  1c:60:de:81:25:2c rssi=-82 cap [WPA-PSK-CCMP][WPA2-PSK-CCMP][ESS] is not scored
11-02 18:38:36.446 E/WifiAutoJoinController ( 2021): GDWL 86:79:73:27:8c:23 rssi=-82 cap [WPA-PSK-CCMP][WPA2-PSK-CCMP][ESS] is not scored
11-02 18:38:36.447 E/WifiAutoJoinController ( 2021):  84:79:73:27:8c:0d rssi=-48 cap [WEP][ESS] is not scored
11-02 18:38:36.447 E/WifiAutoJoinController ( 2021):  84:79:73:27:8c:11 rssi=-62 cap [WEP][ESS] is not scored
11-02 18:38:36.448 E/WifiAutoJoinController ( 2021):  84:79:73:27:8c:13 rssi=-68 cap [WEP][ESS] is not scored
11-02 18:38:36.448 E/WifiAutoJoinController ( 2021):  84:79:73:27:8c:1d rssi=-68 cap [WEP][ESS] is not scored
11-02 18:38:36.448 E/WifiAutoJoinController ( 2021):  84:79:73:27:8c:2f rssi=-72 cap [WEP][ESS] is not scored
11-02 18:38:36.449 E/WifiAutoJoinController ( 2021): IMBTVN2.4_1c478d 4c:0f:c7:c3:27:4b rssi=-68 cap [ESS] is not scored
11-02 18:38:36.449 E/WifiAutoJoinController ( 2021): and-Business 0e:11:b5:17:bd:d5 rssi=-70 cap [ESS] is not scored
11-02 18:38:36.450 E/WifiAutoJoinController ( 2021): CMCC-WEB 00:11:b5:17:bd:d5 rssi=-71 cap [ESS] is not scored
11-02 18:38:36.450 E/WifiAutoJoinController ( 2021): CMCC-family 0a:11:b5:17:bd:d5 rssi=-72 cap [ESS] is not scored
11-02 18:38:36.451 E/WifiAutoJoinController ( 2021): HUAWEI-VYGUV5 00:5a:13:61:fa:ac rssi=-82 cap [ESS] is not scored
11-02 18:38:36.451 E/WifiAutoJoinController ( 2021): WLGS 1c:fa:68:05:a3:5a rssi=-76 cap [WPA-PSK-CCMP][WPA2-PSK-CCMP][WPS][ESS] is not scored
11-02 18:38:36.452 E/WifiAutoJoinController ( 2021): ageScanResultsOut delay 40000 size 26 now 1509619116451
11-02 18:38:36.452 E/WifiAutoJoinController ( 2021): newSupplicantResults size=26 known=1 true
11-02 18:38:36.453 E/WifiAutoJoinController ( 2021): attemptAutoJoin() status=bssid=e4:f3:f5:aa:ad:88
11-02 18:38:36.453 E/WifiAutoJoinController ( 2021): freq=2467
11-02 18:38:36.453 E/WifiAutoJoinController ( 2021): ssid=ipanel
11-02 18:38:36.453 E/WifiAutoJoinController ( 2021): id=1
11-02 18:38:36.453 E/WifiAutoJoinController ( 2021): mode=station
11-02 18:38:36.453 E/WifiAutoJoinController ( 2021): pairwise_cipher=CCMP
11-02 18:38:36.453 E/WifiAutoJoinController ( 2021): group_cipher=CCMP
11-02 18:38:36.453 E/WifiAutoJoinController ( 2021): key_mgmt=WPA2-PSK
11-02 18:38:36.453 E/WifiAutoJoinController ( 2021): wpa_state=COMPLETED
11-02 18:38:36.453 E/WifiAutoJoinController ( 2021): ip_address=192.168.0.101
11-02 18:38:36.453 E/WifiAutoJoinController ( 2021): p2p_device_address=0e:62:a6:0c:0f:b2
11-02 18:38:36.453 E/WifiAutoJoinController ( 2021): address=0c:62:a6:0c:0f:b2
11-02 18:38:36.453 E/WifiAutoJoinController ( 2021): uuid=de43a986-3647-5398-876d-b6752834d7e7 split=13
11-02 18:38:36.453 E/WifiAutoJoinController ( 2021): attemptAutoJoin() num recent config 1 current="ipanel"WPA_PSK last="ipanel"WPA_PSK ---> suppNetId=1
11-02 18:38:36.453 E/WifiAutoJoinController ( 2021): attemptAutoJoin good candidate seen, bumped hard -> status=0 "ipanel"WPA_PSK rssi=(-36,-127) num=(1,0)
11-02 18:38:36.453 E/WifiAutoJoinController ( 2021): attemptAutoJoin skip current candidate  1 key "ipanel"WPA_PSK
11-02 18:38:36.453 E/WifiAutoJoinController ( 2021): attemptRoam: "ipanel"WPA_PSK Found e4:f3:f5:aa:ad:88 rssi=-36 freq=2467 Current: e4:f3:f5:aa:ad:88
11-02 18:38:36.453 E/WifiAutoJoinController ( 2021): Done attemptAutoJoin status=0
11-02 18:38:36.712 D/BasicFigure( 2489): [TN_GLThread 73]isDrawFocused relyElement=[BaseElement@1961e652]focusScale[1.15]elementAlpha[-1.0]refectAlpha[-1.0]isFocusAble[true]shadowIndex[-1]autoJumpType[-1]uniqueID[54resSize0]rect[NULL]
11-02 18:38:36.713 D/BasicFigure( 2489): [TN_GLThread 73]isDrawFocused basicFigure=com.suma.midware.view.b.c.c@18483d23
11-02 18:38:36.794 D/BackBootDealerNeimeng( 2367): standbyState:
11-02 18:38:36.794 E/NetUtils( 2021): Interface eth0 LinkDown!
11-02 18:38:37.295 D/BackBootDealerNeimeng( 2367): standbyState:
11-02 18:38:37.296 E/NetUtils( 2021): Interface eth0 LinkDown!
11-02 18:38:37.732 D/BasicFigure( 2489): [TN_GLThread 73]isDrawFocused relyElement=[BaseElement@1961e652]focusScale[1.15]elementAlpha[-1.0]refectAlpha[-1.0]isFocusAble[true]shadowIndex[-1]autoJumpType[-1]uniqueID[54resSize0]rect[NULL]
11-02 18:38:37.733 D/BasicFigure( 2489): [TN_GLThread 73]isDrawFocused basicFigure=com.suma.midware.view.b.c.c@18483d23
11-02 18:38:37.796 D/BackBootDealerNeimeng( 2367): standbyState:
11-02 18:38:37.797 E/NetUtils( 2021): Interface eth0 LinkDown!
11-02 18:38:38.297 D/BackBootDealerNeimeng( 2367): standbyState:
11-02 18:38:38.298 E/NetUtils( 2021): Interface eth0 LinkDown!
11-02 18:38:38.753 D/BasicFigure( 2489): [TN_GLThread 73]isDrawFocused relyElement=[BaseElement@1961e652]focusScale[1.15]elementAlpha[-1.0]refectAlpha[-1.0]isFocusAble[true]shadowIndex[-1]autoJumpType[-1]uniqueID[54resSize0]rect[NULL]
11-02 18:38:38.753 D/BasicFigure( 2489): [TN_GLThread 73]isDrawFocused basicFigure=com.suma.midware.view.b.c.c@18483d23
11-02 18:38:38.799 D/BackBootDealerNeimeng( 2367): standbyState:
11-02 18:38:38.799 E/NetUtils( 2021): Interface eth0 LinkDown!
11-02 18:38:39.300 D/BackBootDealerNeimeng( 2367): standbyState:
11-02 18:38:39.301 E/NetUtils( 2021): Interface eth0 LinkDown!
11-02 18:38:39.772 D/BasicFigure( 2489): [TN_GLThread 73]isDrawFocused relyElement=[BaseElement@1961e652]focusScale[1.15]elementAlpha[-1.0]refectAlpha[-1.0]isFocusAble[true]shadowIndex[-1]autoJumpType[-1]uniqueID[54resSize0]rect[NULL]
11-02 18:38:39.773 D/BasicFigure( 2489): [TN_GLThread 73]isDrawFocused basicFigure=com.suma.midware.view.b.c.c@18483d23
11-02 18:38:39.801 D/BackBootDealerNeimeng( 2367): standbyState:
11-02 18:38:39.802 E/NetUtils( 2021): Interface eth0 LinkDown!
11-02 18:38:40.302 D/BackBootDealerNeimeng( 2367): standbyState:
11-02 18:38:40.304 E/NetUtils( 2021): Interface eth0 LinkDown!
11-02 18:38:40.792 D/BasicFigure( 2489): [TN_GLThread 73]isDrawFocused relyElement=[BaseElement@1961e652]focusScale[1.15]elementAlpha[-1.0]refectAlpha[-1.0]isFocusAble[true]shadowIndex[-1]autoJumpType[-1]uniqueID[54resSize0]rect[NULL]
11-02 18:38:40.792 D/BasicFigure( 2489): [TN_GLThread 73]isDrawFocused basicFigure=com.suma.midware.view.b.c.c@18483d23
11-02 18:38:40.804 D/BackBootDealerNeimeng( 2367): standbyState:
11-02 18:38:40.805 E/NetUtils( 2021): Interface eth0 LinkDown!
11-02 18:38:41.306 D/BackBootDealerNeimeng( 2367): standbyState:
11-02 18:38:41.307 E/NetUtils( 2021): Interface eth0 LinkDown!
11-02 18:38:41.800 D/BasicFigure( 2489): [TN_GLThread 73]isDrawFocused relyElement=[BaseElement@1961e652]focusScale[1.15]elementAlpha[-1.0]refectAlpha[-1.0]isFocusAble[true]shadowIndex[-1]autoJumpType[-1]uniqueID[54resSize0]rect[NULL]
11-02 18:38:41.800 D/BasicFigure( 2489): [TN_GLThread 73]isDrawFocused basicFigure=com.suma.midware.view.b.c.c@18483d23
11-02 18:38:41.807 D/BackBootDealerNeimeng( 2367): standbyState:
11-02 18:38:41.807 E/NetUtils( 2021): Interface eth0 LinkDown!
11-02 18:38:42.308 D/BackBootDealerNeimeng( 2367): standbyState:
11-02 18:38:42.309 E/NetUtils( 2021): Interface eth0 LinkDown!
11-02 18:38:42.531 E/NetUtils( 2021): Interface eth0 LinkDown!
11-02 18:38:42.534 D/SetService( 2735): ispppoeOpen:false:reConnectCount:0
11-02 18:38:42.809 D/BackBootDealerNeimeng( 2367): standbyState:
11-02 18:38:42.810 E/NetUtils( 2021): Interface eth0 LinkDown!
11-02 18:38:42.819 D/BasicFigure( 2489): [TN_GLThread 73]isDrawFocused relyElement=[BaseElement@1961e652]focusScale[1.15]elementAlpha[-1.0]refectAlpha[-1.0]isFocusAble[true]shadowIndex[-1]autoJumpType[-1]uniqueID[54resSize0]rect[NULL]
11-02 18:38:42.819 D/BasicFigure( 2489): [TN_GLThread 73]isDrawFocused basicFigure=com.suma.midware.view.b.c.c@18483d23
11-02 18:38:43.311 D/BackBootDealerNeimeng( 2367): standbyState:
11-02 18:38:43.311 E/NetUtils( 2021): Interface eth0 LinkDown!
11-02 18:38:43.325 D/AppUtil ( 2367): [TN_ThreadUtil-3]getActivityPkg index=0,comp=ComponentInfo{com.suma.midware.home/com.suma.midware.home.third.Main3DActivity}
11-02 18:38:43.325 D/AppKiller( 2367): [TN_ThreadUtil-3]backKill curPkgName=com.suma.midware.home
11-02 18:38:43.812 D/BackBootDealerNeimeng( 2367): standbyState:
11-02 18:38:43.813 E/NetUtils( 2021): Interface eth0 LinkDown!
11-02 18:38:43.839 D/BasicFigure( 2489): [TN_GLThread 73]isDrawFocused relyElement=[BaseElement@1961e652]focusScale[1.15]elementAlpha[-1.0]refectAlpha[-1.0]isFocusAble[true]shadowIndex[-1]autoJumpType[-1]uniqueID[54resSize0]rect[NULL]
11-02 18:38:43.839 D/BasicFigure( 2489): [TN_GLThread 73]isDrawFocused basicFigure=com.suma.midware.view.b.c.c@18483d23
11-02 18:38:44.313 D/BackBootDealerNeimeng( 2367): standbyState:
11-02 18:38:44.315 E/NetUtils( 2021): Interface eth0 LinkDown!
11-02 18:38:44.815 D/BackBootDealerNeimeng( 2367): standbyState:
11-02 18:38:44.816 E/NetUtils( 2021): Interface eth0 LinkDown!
11-02 18:38:44.858 D/BasicFigure( 2489): [TN_GLThread 73]isDrawFocused relyElement=[BaseElement@1961e652]focusScale[1.15]elementAlpha[-1.0]refectAlpha[-1.0]isFocusAble[true]shadowIndex[-1]autoJumpType[-1]uniqueID[54resSize0]rect[NULL]
11-02 18:38:44.858 D/BasicFigure( 2489): [TN_GLThread 73]isDrawFocused basicFigure=com.suma.midware.view.b.c.c@18483d23
11-02 18:38:45.316 D/BackBootDealerNeimeng( 2367): standbyState:
11-02 18:38:45.317 E/NetUtils( 2021): Interface eth0 LinkDown!
11-02 18:38:45.622 D/IPLoaderNeimeng( 2367): after wait time18:38:45:monitorInterval:5000
11-02 18:38:45.622 D/IPLoaderNeimeng( 2367): before dealUpdateCheck time:18:38:45:isMsgBroadcast:false:monitorInterval:5000:processState:1
11-02 18:38:45.622 D/IPLoaderNeimeng( 2367): dealUpdateCheck isFirstSuccessUpdate:false:monitorInterval:5000
11-02 18:38:45.623 D/LoadHttpHandler( 2367): [TN_ThreadUtil-6]doNormal proxyConfig=null
11-02 18:38:45.815 D/LoadHttpHandler( 2367): [TN_ThreadUtil-6]doNormal responseCode=404
11-02 18:38:45.815 D/LoadHttpTask( 2367): dealUpdateCheck responseCode:404:data:null:downloadResult:false
11-02 18:38:45.816 D/IPLoaderNeimeng( 2367): after dealUpdateCheck time:18:38:45:isMsgBroadcast:false:monitorInterval:5000:processState:1
11-02 18:38:45.816 D/IPLoaderNeimeng( 2367): before wait time18:38:45:monitorInterval:5000
11-02 18:38:45.817 D/BackBootDealerNeimeng( 2367): standbyState:
11-02 18:38:45.818 E/NetUtils( 2021): Interface eth0 LinkDown!
11-02 18:38:45.877 D/BasicFigure( 2489): [TN_GLThread 73]isDrawFocused relyElement=[BaseElement@1961e652]focusScale[1.15]elementAlpha[-1.0]refectAlpha[-1.0]isFocusAble[true]shadowIndex[-1]autoJumpType[-1]uniqueID[54resSize0]rect[NULL]
11-02 18:38:45.878 D/BasicFigure( 2489): [TN_GLThread 73]isDrawFocused basicFigure=com.suma.midware.view.b.c.c@18483d23
11-02 18:38:46.318 D/BackBootDealerNeimeng( 2367): standbyState:
11-02 18:38:46.319 E/NetUtils( 2021): Interface eth0 LinkDown!
11-02 18:38:46.819 D/BackBootDealerNeimeng( 2367): standbyState:
11-02 18:38:46.820 E/NetUtils( 2021): Interface eth0 LinkDown!
11-02 18:38:46.897 D/BasicFigure( 2489): [TN_GLThread 73]isDrawFocused relyElement=[BaseElement@1961e652]focusScale[1.15]elementAlpha[-1.0]refectAlpha[-1.0]isFocusAble[true]shadowIndex[-1]autoJumpType[-1]uniqueID[54resSize0]rect[NULL]
11-02 18:38:46.897 D/BasicFigure( 2489): [TN_GLThread 73]isDrawFocused basicFigure=com.suma.midware.view.b.c.c@18483d23
11-02 18:38:47.320 D/BackBootDealerNeimeng( 2367): standbyState:
11-02 18:38:47.321 E/NetUtils( 2021): Interface eth0 LinkDown!
11-02 18:38:47.822 D/BackBootDealerNeimeng( 2367): standbyState:
11-02 18:38:47.822 E/NetUtils( 2021): Interface eth0 LinkDown!
11-02 18:38:47.916 D/BasicFigure( 2489): [TN_GLThread 73]isDrawFocused relyElement=[BaseElement@1961e652]focusScale[1.15]elementAlpha[-1.0]refectAlpha[-1.0]isFocusAble[true]shadowIndex[-1]autoJumpType[-1]uniqueID[54resSize0]rect[NULL]
11-02 18:38:47.916 D/BasicFigure( 2489): [TN_GLThread 73]isDrawFocused basicFigure=com.suma.midware.view.b.c.c@18483d23
11-02 18:38:48.322 D/BackBootDealerNeimeng( 2367): standbyState:
11-02 18:38:48.324 E/NetUtils( 2021): Interface eth0 LinkDown!
11-02 18:38:48.824 D/BackBootDealerNeimeng( 2367): standbyState:
11-02 18:38:48.825 E/NetUtils( 2021): Interface eth0 LinkDown!
11-02 18:38:48.936 D/BasicFigure( 2489): [TN_GLThread 73]isDrawFocused relyElement=[BaseElement@1961e652]focusScale[1.15]elementAlpha[-1.0]refectAlpha[-1.0]isFocusAble[true]shadowIndex[-1]autoJumpType[-1]uniqueID[54resSize0]rect[NULL]
11-02 18:38:48.936 D/BasicFigure( 2489): [TN_GLThread 73]isDrawFocused basicFigure=com.suma.midware.view.b.c.c@18483d23
11-02 18:38:49.325 D/BackBootDealerNeimeng( 2367): standbyState:
11-02 18:38:49.326 E/NetUtils( 2021): Interface eth0 LinkDown!
11-02 18:38:49.827 D/BackBootDealerNeimeng( 2367): standbyState:
11-02 18:38:49.827 E/NetUtils( 2021): Interface eth0 LinkDown!
11-02 18:38:49.955 D/BasicFigure( 2489): [TN_GLThread 73]isDrawFocused relyElement=[BaseElement@1961e652]focusScale[1.15]elementAlpha[-1.0]refectAlpha[-1.0]isFocusAble[true]shadowIndex[-1]autoJumpType[-1]uniqueID[54resSize0]rect[NULL]
11-02 18:38:49.956 D/BasicFigure( 2489): [TN_GLThread 73]isDrawFocused basicFigure=com.suma.midware.view.b.c.c@18483d23
11-02 18:38:50.328 D/BackBootDealerNeimeng( 2367): standbyState:
11-02 18:38:50.329 E/NetUtils( 2021): Interface eth0 LinkDown!
11-02 18:38:50.829 D/BackBootDealerNeimeng( 2367): standbyState:
11-02 18:38:50.830 E/NetUtils( 2021): Interface eth0 LinkDown!
11-02 18:38:50.976 D/BasicFigure( 2489): [TN_GLThread 73]isDrawFocused relyElement=[BaseElement@1961e652]focusScale[1.15]elementAlpha[-1.0]refectAlpha[-1.0]isFocusAble[true]shadowIndex[-1]autoJumpType[-1]uniqueID[54resSize0]rect[NULL]
11-02 18:38:50.976 D/BasicFigure( 2489): [TN_GLThread 73]isDrawFocused basicFigure=com.suma.midware.view.b.c.c@18483d23
11-02 18:38:51.331 D/BackBootDealerNeimeng( 2367): standbyState:
11-02 18:38:51.331 E/NetUtils( 2021): Interface eth0 LinkDown!
11-02 18:38:51.832 D/BackBootDealerNeimeng( 2367): standbyState:
11-02 18:38:51.833 E/NetUtils( 2021): Interface eth0 LinkDown!
11-02 18:38:51.995 D/BasicFigure( 2489): [TN_GLThread 73]isDrawFocused relyElement=[BaseElement@1961e652]focusScale[1.15]elementAlpha[-1.0]refectAlpha[-1.0]isFocusAble[true]shadowIndex[-1]autoJumpType[-1]uniqueID[54resSize0]rect[NULL]
11-02 18:38:51.995 D/BasicFigure( 2489): [TN_GLThread 73]isDrawFocused basicFigure=com.suma.midware.view.b.c.c@18483d23
11-02 18:38:52.333 D/BackBootDealerNeimeng( 2367): standbyState:
11-02 18:38:52.334 E/NetUtils( 2021): Interface eth0 LinkDown!
11-02 18:38:52.835 D/BackBootDealerNeimeng( 2367): standbyState:
11-02 18:38:52.836 E/NetUtils( 2021): Interface eth0 LinkDown!
11-02 18:38:53.015 D/BasicFigure( 2489): [TN_GLThread 73]isDrawFocused relyElement=[BaseElement@1961e652]focusScale[1.15]elementAlpha[-1.0]refectAlpha[-1.0]isFocusAble[true]shadowIndex[-1]autoJumpType[-1]uniqueID[54resSize0]rect[NULL]
11-02 18:38:53.015 D/BasicFigure( 2489): [TN_GLThread 73]isDrawFocused basicFigure=com.suma.midware.view.b.c.c@18483d23
11-02 18:38:53.336 D/BackBootDealerNeimeng( 2367): standbyState:
11-02 18:38:53.337 E/NetUtils( 2021): Interface eth0 LinkDown!
11-02 18:38:53.837 D/BackBootDealerNeimeng( 2367): standbyState:
11-02 18:38:53.838 E/NetUtils( 2021): Interface eth0 LinkDown!
11-02 18:38:54.022 D/BasicFigure( 2489): [TN_GLThread 73]isDrawFocused relyElement=[BaseElement@1961e652]focusScale[1.15]elementAlpha[-1.0]refectAlpha[-1.0]isFocusAble[true]shadowIndex[-1]autoJumpType[-1]uniqueID[54resSize0]rect[NULL]
11-02 18:38:54.022 D/BasicFigure( 2489): [TN_GLThread 73]isDrawFocused basicFigure=com.suma.midware.view.b.c.c@18483d23
11-02 18:38:54.338 D/BackBootDealerNeimeng( 2367): standbyState:
11-02 18:38:54.340 E/NetUtils( 2021): Interface eth0 LinkDown!
11-02 18:38:54.840 D/BackBootDealerNeimeng( 2367): standbyState:
