11-02 18:11:26.301 W/ContextImpl( 2367): Calling a method in the system process without a qualified user: android.app.ContextImpl.sendBroadcast:1345 android.content.ContextWrapper.sendBroadcast:377 com.suma.midware.back.esg.e.f:-1 com.suma.midware.back.esg.f.run:-1 com.suma.midware.prop.util.c.run:-1 
11-02 18:11:27.304 W/ContextImpl( 2367): Calling a method in the system process without a qualified user: android.app.ContextImpl.sendBroadcast:1345 android.content.ContextWrapper.sendBroadcast:377 com.suma.midware.back.esg.e.f:-1 com.suma.midware.back.esg.f.run:-1 com.suma.midware.prop.util.c.run:-1 
11-02 18:11:28.308 W/ContextImpl( 2367): Calling a method in the system process without a qualified user: android.app.ContextImpl.sendBroadcast:1345 android.content.ContextWrapper.sendBroadcast:377 com.suma.midware.back.esg.e.f:-1 com.suma.midware.back.esg.f.run:-1 com.suma.midware.prop.util.c.run:-1 
11-02 18:12:31.363 W/ContextImpl( 2367): Calling a method in the system process without a qualified user: android.app.ContextImpl.sendBroadcast:1345 android.content.ContextWrapper.sendBroadcast:377 com.suma.midware.back.esg.e.f:-1 com.suma.midware.back.esg.f.run:-1 com.suma.midware.prop.util.c.run:-1 
11-02 18:12:32.366 W/ContextImpl( 2367): Calling a method in the system process without a qualified user: android.app.ContextImpl.sendBroadcast:1345 android.content.ContextWrapper.sendBroadcast:377 com.suma.midware.back.esg.e.f:-1 com.suma.midware.back.esg.f.run:-1 com.suma.midware.prop.util.c.run:-1 
11-02 18:12:33.369 W/ContextImpl( 2367): Calling a method in the system process without a qualified user: android.app.ContextImpl.sendBroadcast:1345 android.content.ContextWrapper.sendBroadcast:377 com.suma.midware.back.esg.e.f:-1 com.suma.midware.back.esg.f.run:-1 com.suma.midware.prop.util.c.run:-1 
11-02 18:13:36.423 W/ContextImpl( 2367): Calling a method in the system process without a qualified user: android.app.ContextImpl.sendBroadcast:1345 android.content.ContextWrapper.sendBroadcast:377 com.suma.midware.back.esg.e.f:-1 com.suma.midware.back.esg.f.run:-1 com.suma.midware.prop.util.c.run:-1 
11-02 18:13:37.426 W/ContextImpl( 2367): Calling a method in the system process without a qualified user: android.app.ContextImpl.sendBroadcast:1345 android.content.ContextWrapper.sendBroadcast:377 com.suma.midware.back.esg.e.f:-1 com.suma.midware.back.esg.f.run:-1 com.suma.midware.prop.util.c.run:-1 
11-02 18:13:38.429 W/ContextImpl( 2367): Calling a method in the system process without a qualified user: android.app.ContextImpl.sendBroadcast:1345 android.content.ContextWrapper.sendBroadcast:377 com.suma.midware.back.esg.e.f:-1 com.suma.midware.back.esg.f.run:-1 com.suma.midware.prop.util.c.run:-1 
11-02 18:14:09.051 W/InputMethodManagerService( 2021): Starting input on non-focused client com.android.internal.view.IInputMethodClient$Stub$Proxy@34424eb9 (uid=10024 pid=3069)
11-02 18:14:09.602 I/ActivityManager( 2021): Force stopping com.ipanel.android_webview.shell appid=10024 user=0: from pid 2367
11-02 18:14:09.602 I/ActivityManager( 2021): Killing 3069:com.ipanel.android_webview.shell/u0a24 (adj 0): stop com.ipanel.android_webview.shell
11-02 18:14:09.622 I/WindowState( 2021): WIN DEATH: Window{15a87a4e u0 SurfaceView}
11-02 18:14:09.622 D/ConnectivityService( 2021): ConnectivityService NetworkRequestInfo binderDied(NetworkRequest [ id=3, legacyType=-1, [ Capabilities: INTERNET&NOT_RESTRICTED&TRUSTED] ], android.os.BinderProxy@104e12fe)
11-02 18:14:09.623 D/ConnectivityService( 2021): releasing NetworkRequest NetworkRequest [ id=3, legacyType=-1, [ Capabilities: INTERNET&NOT_RESTRICTED&TRUSTED] ]
11-02 18:14:09.630 E/ConnectivityService( 2021): RemoteException caught trying to send a callback msg for NetworkRequest [ id=3, legacyType=-1, [ Capabilities: INTERNET&NOT_RESTRICTED&TRUSTED] ]
11-02 18:14:09.630 I/WindowState( 2021): WIN DEATH: Window{3d015d4d u0 com.ipanel.android_webview.shell/com.ipanel.webapp.BrowserActivity}
11-02 18:14:09.630 W/WindowManager( 2021): Force-removing child win Window{10e52c7c u0 SurfaceView} from container Window{3d015d4d u0 com.ipanel.android_webview.shell/com.ipanel.webapp.BrowserActivity}
11-02 18:14:09.631 W/ActivityManager( 2021): Force removing ActivityRecord{1dc41484 u0 com.ipanel.android_webview.shell/com.ipanel.webapp.BrowserActivity t140}: app died, no saved state
11-02 18:14:09.635 W/WindowManager( 2021): Failed looking up window
11-02 18:14:09.635 W/WindowManager( 2021): java.lang.IllegalArgumentException: Requested window android.os.BinderProxy@3454076f does not exist
11-02 18:14:09.635 W/WindowManager( 2021): 	at com.android.server.wm.WindowManagerService.windowForClientLocked(WindowManagerService.java:8654)
11-02 18:14:09.635 W/WindowManager( 2021): 	at com.android.server.wm.WindowManagerService.windowForClientLocked(WindowManagerService.java:8645)
11-02 18:14:09.635 W/WindowManager( 2021): 	at com.android.server.wm.WindowState$DeathRecipient.binderDied(WindowState.java:1142)
11-02 18:14:09.635 W/WindowManager( 2021): 	at android.os.BinderProxy.sendDeathNotice(Binder.java:551)
11-02 18:14:09.635 I/WindowState( 2021): WIN DEATH: null
11-02 18:14:09.639 W/ActivityManager( 2021): Spurious death for ProcessRecord{297baa5f 3069:com.ipanel.android_webview.shell/u0a24}, curProc for 3069: null
11-02 18:14:09.640 W/ActivityManager( 2021): Invalid packageName: android.process.media
11-02 18:14:09.640 I/ActivityManager( 2021): Force stopping com.sumavision.admindm appid=1000 user=0: from pid 2367
11-02 18:14:09.640 I/ActivityManager( 2021): Killing 2711:com.sumavision.admindm/1000 (adj 5): stop com.sumavision.admindm
11-02 18:14:09.648 D/WifiService( 2021): Client connection lost with reason: 4
11-02 18:14:09.654 W/ActivityManager( 2021): Scheduling restart of crashed service com.sumavision.admindm/.Session in 1000ms
11-02 18:14:09.654 I/ActivityManager( 2021):   Force stopping service ServiceRecord{36740c62 u0 com.sumavision.admindm/.Session}
11-02 18:14:09.656 W/ActivityManager( 2021): Spurious death for ProcessRecord{1bcde65b 2711:com.sumavision.admindm/1000}, curProc for 2711: null
11-02 18:14:09.657 I/ActivityManager( 2021): Force stopping com.android.keychain appid=1000 user=0: from pid 2367
11-02 18:14:09.657 I/ActivityManager( 2021): Killing 2687:com.android.keychain/1000 (adj 11): stop com.android.keychain
11-02 18:14:09.668 W/ActivityManager( 2021): Spurious death for ProcessRecord{3c0aacac 2687:com.android.keychain/1000}, curProc for 2687: null
11-02 18:14:09.668 I/ActivityManager( 2021): Force stopping com.amlogic.inputmethod.remote appid=10019 user=0: from pid 2367
11-02 18:14:09.668 I/ActivityManager( 2021): Killing 2324:com.amlogic.inputmethod.remote/u0a19 (adj 2): stop com.amlogic.inputmethod.remote
11-02 18:14:09.680 W/ActivityManager( 2021): Scheduling restart of crashed service com.amlogic.inputmethod.remote/.RemoteIME in 1000ms
11-02 18:14:09.680 I/ActivityManager( 2021):   Force stopping service ServiceRecord{1eb5b03b u0 com.amlogic.inputmethod.remote/.RemoteIME}
11-02 18:14:09.681 W/InputMethodManagerService( 2021): Session failed to close due to remote exception
11-02 18:14:09.681 W/InputMethodManagerService( 2021): android.os.DeadObjectException
11-02 18:14:09.681 W/InputMethodManagerService( 2021): 	at android.os.BinderProxy.transactNative(Native Method)
11-02 18:14:09.681 W/InputMethodManagerService( 2021): 	at android.os.BinderProxy.transact(Binder.java:496)
11-02 18:14:09.681 W/InputMethodManagerService( 2021): 	at com.android.internal.view.IInputMethodSession$Stub$Proxy.finishSession(IInputMethodSession.java:305)
11-02 18:14:09.681 W/InputMethodManagerService( 2021): 	at com.android.server.InputMethodManagerService.finishSessionLocked(InputMethodManagerService.java:1420)
11-02 18:14:09.681 W/InputMethodManagerService( 2021): 	at com.android.server.InputMethodManagerService.clearClientSessionLocked(InputMethodManagerService.java:1411)
11-02 18:14:09.681 W/InputMethodManagerService( 2021): 	at com.android.server.InputMethodManagerService.clearCurMethodLocked(InputMethodManagerService.java:1437)
11-02 18:14:09.681 W/InputMethodManagerService( 2021): 	at com.android.server.InputMethodManagerService.onServiceDisconnected(InputMethodManagerService.java:1456)
11-02 18:14:09.681 W/InputMethodManagerService( 2021): 	at android.app.LoadedApk$ServiceDispatcher.doDeath(LoadedApk.java:1215)
11-02 18:14:09.681 W/InputMethodManagerService( 2021): 	at android.app.LoadedApk$ServiceDispatcher$RunConnection.run(LoadedApk.java:1229)
11-02 18:14:09.681 W/InputMethodManagerService( 2021): 	at android.os.Handler.handleCallback(Handler.java:739)
11-02 18:14:09.681 W/InputMethodManagerService( 2021): 	at android.os.Handler.dispatchMessage(Handler.java:95)
11-02 18:14:09.681 W/InputMethodManagerService( 2021): 	at android.os.Looper.loop(Looper.java:135)
11-02 18:14:09.681 W/InputMethodManagerService( 2021): 	at com.android.server.SystemServer.run(SystemServer.java:383)
11-02 18:14:09.681 W/InputMethodManagerService( 2021): 	at com.android.server.SystemServer.main(SystemServer.java:178)
11-02 18:14:09.681 W/InputMethodManagerService( 2021): 	at java.lang.reflect.Method.invoke(Native Method)
11-02 18:14:09.681 W/InputMethodManagerService( 2021): 	at java.lang.reflect.Method.invoke(Method.java:372)
11-02 18:14:09.681 W/InputMethodManagerService( 2021): 	at com.android.internal.os.ZygoteInit$MethodAndArgsCaller.run(ZygoteInit.java:903)
11-02 18:14:09.681 W/InputMethodManagerService( 2021): 	at com.android.internal.os.ZygoteInit.main(ZygoteInit.java:698)
11-02 18:14:09.686 W/InputMethodManagerService( 2021): Session failed to close due to remote exception
11-02 18:14:09.686 W/InputMethodManagerService( 2021): android.os.DeadObjectException
11-02 18:14:09.686 W/InputMethodManagerService( 2021): 	at android.os.BinderProxy.transactNative(Native Method)
11-02 18:14:09.686 W/InputMethodManagerService( 2021): 	at android.os.BinderProxy.transact(Binder.java:496)
11-02 18:14:09.686 W/InputMethodManagerService( 2021): 	at com.android.internal.view.IInputMethodSession$Stub$Proxy.finishSession(IInputMethodSession.java:305)
11-02 18:14:09.686 W/InputMethodManagerService( 2021): 	at com.android.server.InputMethodManagerService.finishSessionLocked(InputMethodManagerService.java:1420)
11-02 18:14:09.686 W/InputMethodManagerService( 2021): 	at com.android.server.InputMethodManagerService.clearClientSessionLocked(InputMethodManagerService.java:1411)
11-02 18:14:09.686 W/InputMethodManagerService( 2021): 	at com.android.server.InputMethodManagerService.clearCurMethodLocked(InputMethodManagerService.java:1437)
11-02 18:14:09.686 W/InputMethodManagerService( 2021): 	at com.android.server.InputMethodManagerService.onServiceDisconnected(InputMethodManagerService.java:1456)
11-02 18:14:09.686 W/InputMethodManagerService( 2021): 	at android.app.LoadedApk$ServiceDispatcher.doDeath(LoadedApk.java:1215)
11-02 18:14:09.686 W/InputMethodManagerService( 2021): 	at android.app.LoadedApk$ServiceDispatcher$RunConnection.run(LoadedApk.java:1229)
11-02 18:14:09.686 W/InputMethodManagerService( 2021): 	at android.os.Handler.handleCallback(Handler.java:739)
11-02 18:14:09.686 W/InputMethodManagerService( 2021): 	at android.os.Handler.dispatchMessage(Handler.java:95)
11-02 18:14:09.686 W/InputMethodManagerService( 2021): 	at android.os.Looper.loop(Looper.java:135)
11-02 18:14:09.686 W/InputMethodManagerService( 2021): 	at com.android.server.SystemServer.run(SystemServer.java:383)
11-02 18:14:09.686 W/InputMethodManagerService( 2021): 	at com.android.server.SystemServer.main(SystemServer.java:178)
11-02 18:14:09.686 W/InputMethodManagerService( 2021): 	at java.lang.reflect.Method.invoke(Native Method)
11-02 18:14:09.686 W/InputMethodManagerService( 2021): 	at java.lang.reflect.Method.invoke(Method.java:372)
11-02 18:14:09.686 W/InputMethodManagerService( 2021): 	at com.android.internal.os.ZygoteInit$MethodAndArgsCaller.run(ZygoteInit.java:903)
11-02 18:14:09.686 W/InputMethodManagerService( 2021): 	at com.android.internal.os.ZygoteInit.main(ZygoteInit.java:698)
11-02 18:14:09.687 I/ActivityManager( 2021): Force stopping com.android.phone appid=1001 user=0: from pid 2367
11-02 18:14:09.687 W/ContextImpl( 2489): Calling a method in the system process without a qualified user: android.app.ContextImpl.sendBroadcast:1345 android.content.ContextWrapper.sendBroadcast:377 com.suma.midware.view.ext.BluetoothUpdate.b:-1 com.suma.midware.home.third.Main3DActivity.onResume:-1 android.app.Instrumentation.callActivityOnResume:1257 
11-02 18:14:09.693 W/InputMethodManagerService( 2021): Session failed to close due to remote exception
11-02 18:14:09.693 W/InputMethodManagerService( 2021): android.os.DeadObjectException
11-02 18:14:09.693 W/InputMethodManagerService( 2021): 	at android.os.BinderProxy.transactNative(Native Method)
11-02 18:14:09.693 W/InputMethodManagerService( 2021): 	at android.os.BinderProxy.transact(Binder.java:496)
11-02 18:14:09.693 W/InputMethodManagerService( 2021): 	at com.android.internal.view.IInputMethodSession$Stub$Proxy.finishSession(IInputMethodSession.java:305)
11-02 18:14:09.693 W/InputMethodManagerService( 2021): 	at com.android.server.InputMethodManagerService.finishSessionLocked(InputMethodManagerService.java:1420)
11-02 18:14:09.693 W/InputMethodManagerService( 2021): 	at com.android.server.InputMethodManagerService.clearClientSessionLocked(InputMethodManagerService.java:1411)
11-02 18:14:09.693 W/InputMethodManagerService( 2021): 	at com.android.server.InputMethodManagerService.clearCurMethodLocked(InputMethodManagerService.java:1437)
11-02 18:14:09.693 W/InputMethodManagerService( 2021): 	at com.android.server.InputMethodManagerService.onServiceDisconnected(InputMethodManagerService.java:1456)
11-02 18:14:09.693 W/InputMethodManagerService( 2021): 	at android.app.LoadedApk$ServiceDispatcher.doDeath(LoadedApk.java:1215)
11-02 18:14:09.693 W/InputMethodManagerService( 2021): 	at android.app.LoadedApk$ServiceDispatcher$RunConnection.run(LoadedApk.java:1229)
11-02 18:14:09.693 W/InputMethodManagerService( 2021): 	at android.os.Handler.handleCallback(Handler.java:739)
11-02 18:14:09.693 W/InputMethodManagerService( 2021): 	at android.os.Handler.dispatchMessage(Handler.java:95)
11-02 18:14:09.693 W/InputMethodManagerService( 2021): 	at android.os.Looper.loop(Looper.java:135)
11-02 18:14:09.693 W/InputMethodManagerService( 2021): 	at com.android.server.SystemServer.run(SystemServer.java:383)
11-02 18:14:09.693 W/InputMethodManagerService( 2021): 	at com.android.server.SystemServer.main(SystemServer.java:178)
11-02 18:14:09.693 W/InputMethodManagerService( 2021): 	at java.lang.reflect.Method.invoke(Native Method)
11-02 18:14:09.693 W/InputMethodManagerService( 2021): 	at java.lang.reflect.Method.invoke(Method.java:372)
11-02 18:14:09.693 W/InputMethodManagerService( 2021): 	at com.android.internal.os.ZygoteInit$MethodAndArgsCaller.run(ZygoteInit.java:903)
11-02 18:14:09.693 W/InputMethodManagerService( 2021): 	at com.android.internal.os.ZygoteInit.main(ZygoteInit.java:698)
11-02 18:14:09.694 W/ActivityManager( 2021): Spurious death for ProcessRecord{de874ad 2324:com.amlogic.inputmethod.remote/u0a19}, curProc for 2324: null
11-02 18:14:09.694 I/ActivityManager( 2021): Force stopping com.suma.midware.dms appid=1000 user=0: from pid 2367
11-02 18:14:09.699 W/InputMethodManagerService( 2021): Session failed to close due to remote exception
11-02 18:14:09.699 W/InputMethodManagerService( 2021): android.os.DeadObjectException
11-02 18:14:09.699 W/InputMethodManagerService( 2021): 	at android.os.BinderProxy.transactNative(Native Method)
11-02 18:14:09.699 W/InputMethodManagerService( 2021): 	at android.os.BinderProxy.transact(Binder.java:496)
11-02 18:14:09.699 W/InputMethodManagerService( 2021): 	at com.android.internal.view.IInputMethodSession$Stub$Proxy.finishSession(IInputMethodSession.java:305)
11-02 18:14:09.699 W/InputMethodManagerService( 2021): 	at com.android.server.InputMethodManagerService.finishSessionLocked(InputMethodManagerService.java:1420)
11-02 18:14:09.699 W/InputMethodManagerService( 2021): 	at com.android.server.InputMethodManagerService.clearClientSessionLocked(InputMethodManagerService.java:1411)
11-02 18:14:09.699 W/InputMethodManagerService( 2021): 	at com.android.server.InputMethodManagerService.clearCurMethodLocked(InputMethodManagerService.java:1437)
11-02 18:14:09.699 W/InputMethodManagerService( 2021): 	at com.android.server.InputMethodManagerService.onServiceDisconnected(InputMethodManagerService.java:1456)
11-02 18:14:09.699 W/InputMethodManagerService( 2021): 	at android.app.LoadedApk$ServiceDispatcher.doDeath(LoadedApk.java:1215)
11-02 18:14:09.699 W/InputMethodManagerService( 2021): 	at android.app.LoadedApk$ServiceDispatcher$RunConnection.run(LoadedApk.java:1229)
11-02 18:14:09.699 W/InputMethodManagerService( 2021): 	at android.os.Handler.handleCallback(Handler.java:739)
11-02 18:14:09.699 W/InputMethodManagerService( 2021): 	at android.os.Handler.dispatchMessage(Handler.java:95)
11-02 18:14:09.699 W/InputMethodManagerService( 2021): 	at android.os.Looper.loop(Looper.java:135)
11-02 18:14:09.699 W/InputMethodManagerService( 2021): 	at com.android.server.SystemServer.run(SystemServer.java:383)
11-02 18:14:09.699 W/InputMethodManagerService( 2021): 	at com.android.server.SystemServer.main(SystemServer.java:178)
11-02 18:14:09.699 W/InputMethodManagerService( 2021): 	at java.lang.reflect.Method.invoke(Native Method)
11-02 18:14:09.699 W/InputMethodManagerService( 2021): 	at java.lang.reflect.Method.invoke(Method.java:372)
11-02 18:14:09.699 W/InputMethodManagerService( 2021): 	at com.android.internal.os.ZygoteInit$MethodAndArgsCaller.run(ZygoteInit.java:903)
11-02 18:14:09.699 W/InputMethodManagerService( 2021): 	at com.android.internal.os.ZygoteInit.main(ZygoteInit.java:698)
11-02 18:14:09.705 W/InputMethodManagerService( 2021): Session failed to close due to remote exception
11-02 18:14:09.705 W/InputMethodManagerService( 2021): android.os.DeadObjectException
11-02 18:14:09.705 W/InputMethodManagerService( 2021): 	at android.os.BinderProxy.transactNative(Native Method)
11-02 18:14:09.705 W/InputMethodManagerService( 2021): 	at android.os.BinderProxy.transact(Binder.java:496)
11-02 18:14:09.705 W/InputMethodManagerService( 2021): 	at com.android.internal.view.IInputMethodSession$Stub$Proxy.finishSession(IInputMethodSession.java:305)
11-02 18:14:09.705 W/InputMethodManagerService( 2021): 	at com.android.server.InputMethodManagerService.finishSessionLocked(InputMethodManagerService.java:1420)
11-02 18:14:09.705 W/InputMethodManagerService( 2021): 	at com.android.server.InputMethodManagerService.clearClientSessionLocked(InputMethodManagerService.java:1411)
11-02 18:14:09.705 W/InputMethodManagerService( 2021): 	at com.android.server.InputMethodManagerService.clearCurMethodLocked(InputMethodManagerService.java:1437)
11-02 18:14:09.705 W/InputMethodManagerService( 2021): 	at com.android.server.InputMethodManagerService.onServiceDisconnected(InputMethodManagerService.java:1456)
11-02 18:14:09.705 W/InputMethodManagerService( 2021): 	at android.app.LoadedApk$ServiceDispatcher.doDeath(LoadedApk.java:1215)
11-02 18:14:09.705 W/InputMethodManagerService( 2021): 	at android.app.LoadedApk$ServiceDispatcher$RunConnection.run(LoadedApk.java:1229)
11-02 18:14:09.705 W/InputMethodManagerService( 2021): 	at android.os.Handler.handleCallback(Handler.java:739)
11-02 18:14:09.705 W/InputMethodManagerService( 2021): 	at android.os.Handler.dispatchMessage(Handler.java:95)
11-02 18:14:09.705 W/InputMethodManagerService( 2021): 	at android.os.Looper.loop(Looper.java:135)
11-02 18:14:09.705 W/InputMethodManagerService( 2021): 	at com.android.server.SystemServer.run(SystemServer.java:383)
11-02 18:14:09.705 W/InputMethodManagerService( 2021): 	at com.android.server.SystemServer.main(SystemServer.java:178)
11-02 18:14:09.705 W/InputMethodManagerService( 2021): 	at java.lang.reflect.Method.invoke(Native Method)
11-02 18:14:09.705 W/InputMethodManagerService( 2021): 	at java.lang.reflect.Method.invoke(Method.java:372)
11-02 18:14:09.705 W/InputMethodManagerService( 2021): 	at com.android.internal.os.ZygoteInit$MethodAndArgsCaller.run(ZygoteInit.java:903)
11-02 18:14:09.705 W/InputMethodManagerService( 2021): 	at com.android.internal.os.ZygoteInit.main(ZygoteInit.java:698)
11-02 18:14:09.705 I/ActivityManager( 2021): Force stopping com.hisilicon.android.hiRMService appid=1000 user=0: from pid 2367
11-02 18:14:09.708 I/ActivityManager( 2021): Force stopping com.android.externalstorage appid=10003 user=0: from pid 2367
11-02 18:14:09.708 I/ActivityManager( 2021): Killing 2221:com.android.externalstorage/u0a3 (adj 11): stop com.android.externalstorage
11-02 18:14:09.709 W/ContextImpl( 2489): Calling a method in the system process without a qualified user: android.app.ContextImpl.sendBroadcast:1345 android.content.ContextWrapper.sendBroadcast:377 android.app.ActivityThread.performResumeActivity:2982 android.app.ActivityThread.handleResumeActivity:3023 android.app.ActivityThread$H.handleMessage:1347 
11-02 18:14:09.718 W/ActivityManager( 2021): Spurious death for ProcessRecord{47a8657 2221:com.android.externalstorage/u0a3}, curProc for 2221: null
11-02 18:14:09.728 I/ActivityManager( 2021): Config changes=20 {1.0 ?mcc?mnc zh_CN ?layoutDir sw720dp w1280dp h720dp 160dpi xlrg long land television -touch -keyb/h/h dpad/v s.5}
11-02 18:14:09.739 I/ActivityManager( 2021): Config changes=20 {1.0 ?mcc?mnc zh_CN ?layoutDir sw720dp w1280dp h720dp 160dpi xlrg long land television -touch -keyb/v/h dpad/v s.6}
11-02 18:14:09.756 E/ActivityThread( 2163): Failed to find provider info for com.android.contacts
11-02 18:14:09.775 E/ActivityThread( 2163): Failed to find provider info for com.android.contacts
11-02 18:14:19.101 I/ActivityManager( 2021): Start proc 3282:com.amlogic.inputmethod.remote/u0a19 for service com.amlogic.inputmethod.remote/.RemoteIME
11-02 18:14:19.101 V/InputMethodManagerService( 2021): Adding window token: android.os.Binder@ba337ae
11-02 18:14:36.950 I/ActivityManager( 2021): START u0 {act= cmp=com.ipanel.android_webview.shell/com.ipanel.webapp.BrowserActivity (has extras)} from uid 1000 on display 0
11-02 18:14:36.952 V/WindowManager( 2021): addAppToken: AppWindowToken{28d3b347 token=Token{3dde8e86 ActivityRecord{4f0e361 u0 com.ipanel.android_webview.shell/com.ipanel.webapp.BrowserActivity t141}}} to stack=1 task=141 at 0
11-02 18:14:36.957 V/WindowManager( 2021): Adding window Window{3f2f46e0 u0 Starting com.ipanel.android_webview.shell} at 8 of 13 (after Window{148933ec u0 com.suma.midware.setting/com.suma.midware.setting.net.NetInfoActivity})
11-02 18:14:36.960 W/ContextImpl( 2489): Calling a method in the system process without a qualified user: android.app.ContextImpl.sendBroadcast:1345 android.content.ContextWrapper.sendBroadcast:377 android.app.ActivityThread.performPauseActivity:3259 android.app.ActivityThread.performPauseActivity:3225 android.app.ActivityThread.handlePauseActivity:3200 
11-02 18:14:36.994 I/ActivityManager( 2021): Start proc 3316:com.ipanel.android_webview.shell/u0a24 for activity com.ipanel.android_webview.shell/com.ipanel.webapp.BrowserActivity
11-02 18:14:36.996 W/ViewRootImpl( 2489): Cancelling event due to no window focus: KeyEvent { action=ACTION_UP, keyCode=KEYCODE_DPAD_CENTER, scanCode=28, metaState=0, flags=0x28, repeatCount=0, eventTime=417407, downTime=417393, deviceId=3, source=0x701 }
11-02 18:14:36.996 W/ViewRootImpl( 2489): Cancelling event due to no window focus: KeyEvent { action=ACTION_UP, keyCode=KEYCODE_DPAD_CENTER, scanCode=28, metaState=0, flags=0x28, repeatCount=0, eventTime=417407, downTime=417393, deviceId=3, source=0x701 }
11-02 18:14:36.996 W/ViewRootImpl( 2489): Cancelling event due to no window focus: KeyEvent { action=ACTION_UP, keyCode=KEYCODE_DPAD_CENTER, scanCode=28, metaState=0, flags=0x28, repeatCount=0, eventTime=417407, downTime=417393, deviceId=3, source=0x701 }
11-02 18:14:36.996 W/ViewRootImpl( 2489): Cancelling event due to no window focus: KeyEvent { action=ACTION_UP, keyCode=KEYCODE_DPAD_CENTER, scanCode=28, metaState=0, flags=0x28, repeatCount=0, eventTime=417407, downTime=417393, deviceId=3, source=0x701 }
11-02 18:14:36.996 W/ViewRootImpl( 2489): Cancelling event due to no window focus: KeyEvent { action=ACTION_UP, keyCode=KEYCODE_DPAD_CENTER, scanCode=28, metaState=0, flags=0x28, repeatCount=0, eventTime=417407, downTime=417393, deviceId=3, source=0x701 }
11-02 18:14:36.996 W/ViewRootImpl( 2489): Cancelling event due to no window focus: KeyEvent { action=ACTION_UP, keyCode=KEYCODE_DPAD_CENTER, scanCode=28, metaState=0, flags=0x28, repeatCount=0, eventTime=417407, downTime=417393, deviceId=3, source=0x701 }
11-02 18:14:37.418 V/WindowManager( 2021): Adding window Window{1287c7e6 u0 com.ipanel.android_webview.shell/com.ipanel.webapp.BrowserActivity} at 8 of 14 (before Window{3f2f46e0 u0 Starting com.ipanel.android_webview.shell})
11-02 18:14:37.437 D/ConnectivityService( 2021): listenForNetwork for NetworkRequest [ id=4, legacyType=-1, [ Capabilities: INTERNET&NOT_RESTRICTED&TRUSTED] ]
11-02 18:14:37.437 D/ConnectivityService( 2021): handleRegisterNetworkRequest checking NetworkAgentInfo [WIFI () - 101]
11-02 18:14:37.437 D/ConnectivityService( 2021): apparently satisfied.  currentScore=60
11-02 18:14:37.564 V/WindowManager( 2021): Adding window Window{1e3e8c3 u0 SurfaceView} at 8 of 15 (before Window{1287c7e6 u0 com.ipanel.android_webview.shell/com.ipanel.webapp.BrowserActivity})
11-02 18:14:37.665 V/WindowManager( 2021): Adding window Window{5c1dc79 u0 SurfaceView} at 9 of 16 (before Window{1287c7e6 u0 com.ipanel.android_webview.shell/com.ipanel.webapp.BrowserActivity})
11-02 18:14:37.714 W/ViewRootImpl( 3316): Cancelling event due to no window focus: KeyEvent { action=ACTION_UP, keyCode=KEYCODE_DPAD_CENTER, scanCode=28, metaState=0, flags=0x80000028, repeatCount=0, eventTime=417711, downTime=417393, deviceId=3, source=0x701 }
11-02 18:14:37.714 W/ViewRootImpl( 3316): Cancelling event due to no window focus: KeyEvent { action=ACTION_UP, keyCode=KEYCODE_DPAD_CENTER, scanCode=28, metaState=0, flags=0x80000028, repeatCount=0, eventTime=417711, downTime=417393, deviceId=3, source=0x701 }
11-02 18:14:37.715 W/ViewRootImpl( 3316): Cancelling event due to no window focus: KeyEvent { action=ACTION_UP, keyCode=KEYCODE_DPAD_CENTER, scanCode=28, metaState=0, flags=0x80000028, repeatCount=0, eventTime=417711, downTime=417393, deviceId=3, source=0x701 }
11-02 18:14:37.715 W/ViewRootImpl( 3316): Cancelling event due to no window focus: KeyEvent { action=ACTION_UP, keyCode=KEYCODE_DPAD_CENTER, scanCode=28, metaState=0, flags=0x80000028, repeatCount=0, eventTime=417711, downTime=417393, deviceId=3, source=0x701 }
11-02 18:14:37.715 W/ViewRootImpl( 3316): Cancelling event due to no window focus: KeyEvent { action=ACTION_UP, keyCode=KEYCODE_DPAD_CENTER, scanCode=28, metaState=0, flags=0x80000028, repeatCount=0, eventTime=417711, downTime=417393, deviceId=3, source=0x701 }
11-02 18:14:37.715 W/ViewRootImpl( 3316): Cancelling event due to no window focus: KeyEvent { action=ACTION_UP, keyCode=KEYCODE_DPAD_CENTER, scanCode=28, metaState=0, flags=0x80000028, repeatCount=0, eventTime=417711, downTime=417393, deviceId=3, source=0x701 }
11-02 18:14:37.716 W/ViewRootImpl( 3316): Cancelling event due to no window focus: KeyEvent { action=ACTION_UP, keyCode=KEYCODE_DPAD_CENTER, scanCode=28, metaState=0, flags=0x80000028, repeatCount=0, eventTime=417711, downTime=417393, deviceId=3, source=0x701 }
11-02 18:14:37.716 W/ViewRootImpl( 3316): Cancelling event due to no window focus: KeyEvent { action=ACTION_UP, keyCode=KEYCODE_DPAD_CENTER, scanCode=28, metaState=0, flags=0x80000028, repeatCount=0, eventTime=417711, downTime=417393, deviceId=3, source=0x701 }
11-02 18:14:37.716 W/ViewRootImpl( 3316): Cancelling event due to no window focus: KeyEvent { action=ACTION_UP, keyCode=KEYCODE_DPAD_CENTER, scanCode=28, metaState=0, flags=0x80000028, repeatCount=0, eventTime=417711, downTime=417393, deviceId=3, source=0x701 }
11-02 18:14:40.461 D/TaskPersister( 2021): removeObsoleteFile: deleting file=140_task.xml
11-02 18:14:41.489 W/ContextImpl( 2367): Calling a method in the system process without a qualified user: android.app.ContextImpl.sendBroadcast:1345 android.content.ContextWrapper.sendBroadcast:377 com.suma.midware.back.esg.e.f:-1 com.suma.midware.back.esg.f.run:-1 com.suma.midware.prop.util.c.run:-1 
11-02 18:14:42.492 W/ContextImpl( 2367): Calling a method in the system process without a qualified user: android.app.ContextImpl.sendBroadcast:1345 android.content.ContextWrapper.sendBroadcast:377 com.suma.midware.back.esg.e.f:-1 com.suma.midware.back.esg.f.run:-1 com.suma.midware.prop.util.c.run:-1 
11-02 18:14:43.495 W/ContextImpl( 2367): Calling a method in the system process without a qualified user: android.app.ContextImpl.sendBroadcast:1345 android.content.ContextWrapper.sendBroadcast:377 com.suma.midware.back.esg.e.f:-1 com.suma.midware.back.esg.f.run:-1 com.suma.midware.prop.util.c.run:-1 
11-02 18:15:46.564 W/ContextImpl( 2367): Calling a method in the system process without a qualified user: android.app.ContextImpl.sendBroadcast:1345 android.content.ContextWrapper.sendBroadcast:377 com.suma.midware.back.esg.e.f:-1 com.suma.midware.back.esg.f.run:-1 com.suma.midware.prop.util.c.run:-1 
11-02 18:15:47.567 W/ContextImpl( 2367): Calling a method in the system process without a qualified user: android.app.ContextImpl.sendBroadcast:1345 android.content.ContextWrapper.sendBroadcast:377 com.suma.midware.back.esg.e.f:-1 com.suma.midware.back.esg.f.run:-1 com.suma.midware.prop.util.c.run:-1 
11-02 18:15:48.570 W/ContextImpl( 2367): Calling a method in the system process without a qualified user: android.app.ContextImpl.sendBroadcast:1345 android.content.ContextWrapper.sendBroadcast:377 com.suma.midware.back.esg.e.f:-1 com.suma.midware.back.esg.f.run:-1 com.suma.midware.prop.util.c.run:-1 
11-02 18:16:34.817 I/ActivityManager( 2021): moveTaskToBack: TaskRecord{159da1b1 #141 A=com.ipanel.android_webview.shell U=0 sz=1}
11-02 18:16:34.890 W/ContextImpl( 2489): Calling a method in the system process without a qualified user: android.app.ContextImpl.sendBroadcast:1345 android.content.ContextWrapper.sendBroadcast:377 com.suma.midware.view.ext.BluetoothUpdate.b:-1 com.suma.midware.home.third.Main3DActivity.onResume:-1 android.app.Instrumentation.callActivityOnResume:1257 
11-02 18:16:34.895 W/ContextImpl( 2489): Calling a method in the system process without a qualified user: android.app.ContextImpl.sendBroadcast:1345 android.content.ContextWrapper.sendBroadcast:377 android.app.ActivityThread.performResumeActivity:2982 android.app.ActivityThread.handleResumeActivity:3023 android.app.ActivityThread$H.handleMessage:1347 
11-02 18:16:42.403 I/WindowState( 2021): WIN DEATH: Window{1287c7e6 u0 com.ipanel.android_webview.shell/com.ipanel.webapp.BrowserActivity}
11-02 18:16:42.404 D/ConnectivityService( 2021): ConnectivityService NetworkRequestInfo binderDied(NetworkRequest [ id=4, legacyType=-1, [ Capabilities: INTERNET&NOT_RESTRICTED&TRUSTED] ], android.os.BinderProxy@2ad2ee70)
11-02 18:16:42.404 W/WindowManager( 2021): Force-removing child win Window{5c1dc79 u0 SurfaceView} from container Window{1287c7e6 u0 com.ipanel.android_webview.shell/com.ipanel.webapp.BrowserActivity}
11-02 18:16:42.404 I/ActivityManager( 2021): Process com.ipanel.android_webview.shell (pid 3316) has died
11-02 18:16:42.404 D/ConnectivityService( 2021): releasing NetworkRequest NetworkRequest [ id=4, legacyType=-1, [ Capabilities: INTERNET&NOT_RESTRICTED&TRUSTED] ]
11-02 18:16:42.410 E/ConnectivityService( 2021): RemoteException caught trying to send a callback msg for NetworkRequest [ id=4, legacyType=-1, [ Capabilities: INTERNET&NOT_RESTRICTED&TRUSTED] ]
11-02 18:16:42.411 W/WindowManager( 2021): Force-removing child win Window{1e3e8c3 u0 SurfaceView} from container Window{1287c7e6 u0 com.ipanel.android_webview.shell/com.ipanel.webapp.BrowserActivity}
11-02 18:16:42.415 W/WindowManager( 2021): Failed looking up window
11-02 18:16:42.415 W/WindowManager( 2021): java.lang.IllegalArgumentException: Requested window android.os.BinderProxy@30f87c72 does not exist
11-02 18:16:42.415 W/WindowManager( 2021): 	at com.android.server.wm.WindowManagerService.windowForClientLocked(WindowManagerService.java:8654)
11-02 18:16:42.415 W/WindowManager( 2021): 	at com.android.server.wm.WindowManagerService.windowForClientLocked(WindowManagerService.java:8645)
11-02 18:16:42.415 W/WindowManager( 2021): 	at com.android.server.wm.WindowState$DeathRecipient.binderDied(WindowState.java:1142)
11-02 18:16:42.415 W/WindowManager( 2021): 	at android.os.BinderProxy.sendDeathNotice(Binder.java:551)
11-02 18:16:42.415 I/WindowState( 2021): WIN DEATH: null
11-02 18:16:51.633 W/ContextImpl( 2367): Calling a method in the system process without a qualified user: android.app.ContextImpl.sendBroadcast:1345 android.content.ContextWrapper.sendBroadcast:377 com.suma.midware.back.esg.e.f:-1 com.suma.midware.back.esg.f.run:-1 com.suma.midware.prop.util.c.run:-1 
11-02 18:16:52.635 W/ContextImpl( 2367): Calling a method in the system process without a qualified user: android.app.ContextImpl.sendBroadcast:1345 android.content.ContextWrapper.sendBroadcast:377 com.suma.midware.back.esg.e.f:-1 com.suma.midware.back.esg.f.run:-1 com.suma.midware.prop.util.c.run:-1 
11-02 18:16:53.638 W/ContextImpl( 2367): Calling a method in the system process without a qualified user: android.app.ContextImpl.sendBroadcast:1345 android.content.ContextWrapper.sendBroadcast:377 com.suma.midware.back.esg.e.f:-1 com.suma.midware.back.esg.f.run:-1 com.suma.midware.prop.util.c.run:-1 
11-02 18:17:56.701 W/ContextImpl( 2367): Calling a method in the system process without a qualified user: android.app.ContextImpl.sendBroadcast:1345 android.content.ContextWrapper.sendBroadcast:377 com.suma.midware.back.esg.e.f:-1 com.suma.midware.back.esg.f.run:-1 com.suma.midware.prop.util.c.run:-1 
11-02 18:17:57.703 W/ContextImpl( 2367): Calling a method in the system process without a qualified user: android.app.ContextImpl.sendBroadcast:1345 android.content.ContextWrapper.sendBroadcast:377 com.suma.midware.back.esg.e.f:-1 com.suma.midware.back.esg.f.run:-1 com.suma.midware.prop.util.c.run:-1 
11-02 18:17:58.706 W/ContextImpl( 2367): Calling a method in the system process without a qualified user: android.app.ContextImpl.sendBroadcast:1345 android.content.ContextWrapper.sendBroadcast:377 com.suma.midware.back.esg.e.f:-1 com.suma.midware.back.esg.f.run:-1 com.suma.midware.prop.util.c.run:-1 
11-02 18:19:01.763 W/ContextImpl( 2367): Calling a method in the system process without a qualified user: android.app.ContextImpl.sendBroadcast:1345 android.content.ContextWrapper.sendBroadcast:377 com.suma.midware.back.esg.e.f:-1 com.suma.midware.back.esg.f.run:-1 com.suma.midware.prop.util.c.run:-1 
11-02 18:19:02.765 W/ContextImpl( 2367): Calling a method in the system process without a qualified user: android.app.ContextImpl.sendBroadcast:1345 android.content.ContextWrapper.sendBroadcast:377 com.suma.midware.back.esg.e.f:-1 com.suma.midware.back.esg.f.run:-1 com.suma.midware.prop.util.c.run:-1 
11-02 18:19:03.768 W/ContextImpl( 2367): Calling a method in the system process without a qualified user: android.app.ContextImpl.sendBroadcast:1345 android.content.ContextWrapper.sendBroadcast:377 com.suma.midware.back.esg.e.f:-1 com.suma.midware.back.esg.f.run:-1 com.suma.midware.prop.util.c.run:-1 
11-02 18:20:06.832 W/ContextImpl( 2367): Calling a method in the system process without a qualified user: android.app.ContextImpl.sendBroadcast:1345 android.content.ContextWrapper.sendBroadcast:377 com.suma.midware.back.esg.e.f:-1 com.suma.midware.back.esg.f.run:-1 com.suma.midware.prop.util.c.run:-1 
11-02 18:20:07.835 W/ContextImpl( 2367): Calling a method in the system process without a qualified user: android.app.ContextImpl.sendBroadcast:1345 android.content.ContextWrapper.sendBroadcast:377 com.suma.midware.back.esg.e.f:-1 com.suma.midware.back.esg.f.run:-1 com.suma.midware.prop.util.c.run:-1 
11-02 18:20:08.838 W/ContextImpl( 2367): Calling a method in the system process without a qualified user: android.app.ContextImpl.sendBroadcast:1345 android.content.ContextWrapper.sendBroadcast:377 com.suma.midware.back.esg.e.f:-1 com.suma.midware.back.esg.f.run:-1 com.suma.midware.prop.util.c.run:-1 
11-02 18:21:11.894 W/ContextImpl( 2367): Calling a method in the system process without a qualified user: android.app.ContextImpl.sendBroadcast:1345 android.content.ContextWrapper.sendBroadcast:377 com.suma.midware.back.esg.e.f:-1 com.suma.midware.back.esg.f.run:-1 com.suma.midware.prop.util.c.run:-1 
11-02 18:21:12.897 W/ContextImpl( 2367): Calling a method in the system process without a qualified user: android.app.ContextImpl.sendBroadcast:1345 android.content.ContextWrapper.sendBroadcast:377 com.suma.midware.back.esg.e.f:-1 com.suma.midware.back.esg.f.run:-1 com.suma.midware.prop.util.c.run:-1 
11-02 18:21:13.900 W/ContextImpl( 2367): Calling a method in the system process without a qualified user: android.app.ContextImpl.sendBroadcast:1345 android.content.ContextWrapper.sendBroadcast:377 com.suma.midware.back.esg.e.f:-1 com.suma.midware.back.esg.f.run:-1 com.suma.midware.prop.util.c.run:-1 
11-02 18:21:53.673 I/ActivityManager( 2021): START u0 {act= cmp=com.ipanel.android_webview.shell/com.ipanel.webapp.BrowserActivity (has extras)} from uid 1000 on display 0
11-02 18:21:53.682 W/ContextImpl( 2489): Calling a method in the system process without a qualified user: android.app.ContextImpl.sendBroadcast:1345 android.content.ContextWrapper.sendBroadcast:377 android.app.ActivityThread.performPauseActivity:3259 android.app.ActivityThread.performPauseActivity:3225 android.app.ActivityThread.handlePauseActivity:3200 
11-02 18:21:53.687 V/WindowManager( 2021): Adding window Window{1f0fd0f u0 Starting com.ipanel.android_webview.shell} at 8 of 13 (after Window{148933ec u0 com.suma.midware.setting/com.suma.midware.setting.net.NetInfoActivity})
11-02 18:21:53.715 I/ActivityManager( 2021): Start proc 3681:com.ipanel.android_webview.shell/u0a24 for activity com.ipanel.android_webview.shell/com.ipanel.webapp.BrowserActivity
11-02 18:21:54.074 V/WindowManager( 2021): Adding window Window{2eeda0cd u0 com.ipanel.android_webview.shell/com.ipanel.webapp.BrowserActivity} at 8 of 14 (before Window{1f0fd0f u0 Starting com.ipanel.android_webview.shell})
11-02 18:21:54.096 D/ConnectivityService( 2021): listenForNetwork for NetworkRequest [ id=5, legacyType=-1, [ Capabilities: INTERNET&NOT_RESTRICTED&TRUSTED] ]
11-02 18:21:54.096 D/ConnectivityService( 2021): handleRegisterNetworkRequest checking NetworkAgentInfo [WIFI () - 101]
11-02 18:21:54.096 D/ConnectivityService( 2021): apparently satisfied.  currentScore=60
11-02 18:21:54.181 V/WindowManager( 2021): Adding window Window{21708fce u0 SurfaceView} at 8 of 15 (before Window{2eeda0cd u0 com.ipanel.android_webview.shell/com.ipanel.webapp.BrowserActivity})
11-02 18:21:54.265 V/WindowManager( 2021): Adding window Window{1de4fdfc u0 SurfaceView} at 9 of 16 (before Window{2eeda0cd u0 com.ipanel.android_webview.shell/com.ipanel.webapp.BrowserActivity})
11-02 18:21:54.356 W/ViewRootImpl( 3681): Cancelling event due to no window focus: KeyEvent { action=ACTION_UP, keyCode=KEYCODE_DPAD_CENTER, scanCode=28, metaState=0, flags=0x80000028, repeatCount=0, eventTime=854326, downTime=854117, deviceId=3, source=0x701 }
11-02 18:21:54.356 W/ViewRootImpl( 3681): Cancelling event due to no window focus: KeyEvent { action=ACTION_UP, keyCode=KEYCODE_DPAD_CENTER, scanCode=28, metaState=0, flags=0x80000028, repeatCount=0, eventTime=854326, downTime=854117, deviceId=3, source=0x701 }
--------- beginning of main
11-02 18:38:11.137 I/cr_AwContents( 4419): org.chromium.android_webview.AwContents@3b71f97f insertVisualStateCallbackIfNotDestroyed
11-02 18:38:11.476 D/V8      ( 4419): [NewError] [V8] Factory::NewError: str.replace is not a function
11-02 18:38:11.476 D/V8      ( 4419): [Throw] [V8] Isolate::Throw!
11-02 18:38:11.476 D/ChromeClientImpl( 4419): [addMessageToConsole] [ERROR:CONSOLE(84)] "Uncaught TypeError: str.replace is not a function", source:http://10.14.41.246/application/shfw/js/common.js (84)
11-02 18:38:11.477 D/V8ScriptRunner( 4419): [callFunction] end. frame = 0x49149d58 function: xmlhttp.onreadystatechange url: http://10.14.41.246/application/shfw/js/common.js line: 59
11-02 18:38:11.480 D/[blink]ResourceFetcher( 4419): [requestResource] url=http://slave.tvos_cf96066.cn:13160/poster/movie/100000537/375x210_1.jpg.
11-02 18:38:11.481 D/url     ( 4419): [DoResolveRelative] [WEB] DoResolveRelative Error resolving.
11-02 18:38:11.481 D/[blink]memoryCache( 4419): [evict] remove:http://slave.tvos_cf96066.cn:13160/poster/movie/100000537/375x210_1.jpg
11-02 18:38:11.482 D/V8ScriptRunner( 4419): [callFunction] end. frame = 0x49149d58 function: xmlhttp.onreadystatechange url: http://10.14.41.246/application/shfw/js/common.js line: 59
11-02 18:38:11.482 D/iPanel  ( 4419): getFrameByName 'eventFrame' frame=0x49141a48 window=0x491426f8
11-02 18:38:11.482 D/iPanel  ( 4419): getFrameByName 'mainFrame' frame=0x49149d58 window=0x4927e628
11-02 18:38:11.482 D/V8ScriptRunner( 4419): [callFunction] end. frame = 0x49149d58 function: xmlhttp.onreadystatechange url: http://10.14.41.246/application/shfw/js/common.js line: 59
11-02 18:38:11.482 D/ResourceLoader( 4419): [StartRequest] start request 0x8b087180 url='http://slave.tvos_cf96066.cn:13160/poster/movie/100000537/375x210_1.jpg'
11-02 18:38:11.482 D/V8ScriptRunner( 4419): [callFunction] end. frame = 0x49149d58 function: xmlhttp.onreadystatechange url: http://10.14.41.246/application/shfw/js/common.js line: 59
11-02 18:38:11.482 D/AwRequestInterceptor( 4419): [MaybeInterceptRequest] request=0x8b087180
11-02 18:38:11.482 D/V8ScriptRunner( 4419): [callFunction] end. frame = 0x49149d58 function: onload url: http://10.14.41.246/application/shfw/index.htm line: 473
11-02 18:38:11.482 D/FrameLoaderClientImpl( 4419): [dispatchDidHandleOnloadEvents] dispatch onload event url:http://10.14.41.246/application/shfw/index.htm
11-02 18:38:11.483 D/cr_AwContents( 4419): [AwContents.java:520] BackgroundThreadClientImpl shouldInterceptRequest url = http://slave.tvos_cf96066.cn:13160/poster/movie/100000537/375x210_1.jpg
11-02 18:38:11.483 D/cr_AwNullContentsClient( 4419): [AwNullContentsClient.java:62] shouldInterceptRequest url=http://slave.tvos_cf96066.cn:13160/poster/movie/100000537/375x210_1.jpg
11-02 18:38:11.483 D/BrowserWebViewClient( 4419): intercept request :http://slave.tvos_cf96066.cn:13160/poster/movie/100000537/375x210_1.jpg
11-02 18:38:11.484 D/AwRequestInterceptor( 4419): [MaybeInterceptRequest] request=0x8b087180
11-02 18:38:11.488 D/[blink]FrameView( 4419): [layout] start... this:0x4834fe70, frame=0x49149d58 content size(0, 0). 
11-02 18:38:11.488 D/[blink]FrameView( 4419): [layout] performPreLayoutTasks start... this:0x4834fe70
11-02 18:38:11.488 D/[blink]FrameView( 4419): [layout] performPreLayoutTasks end... this:0x4834fe70
11-02 18:38:11.488 D/[blink]FrameView( 4419): [layout] performLayout start... this:0x4834fe70
11-02 18:38:11.498 D/[blink]FrameView( 4419): [layout] performLayout end... this:0x4834fe70
11-02 18:38:11.498 D/ChromeClientImpl( 4419): [contentsSizeChanged] -->size(1280, 720)
11-02 18:38:11.498 D/[blink]FrameView( 4419): [layout] cannot paint!! do not call compositor()->didLayout()! this:0x0x4834fe70
11-02 18:38:11.498 D/[blink]FrameView( 4419): [layout] updateDocumentAnnotatedRegions start... this:0x4834fe70
11-02 18:38:11.498 D/[blink]FrameView( 4419): [layout] scheduleOrPerformPostLayoutTasks start... this:0x4834fe70
11-02 18:38:11.498 D/[blink]FrameView( 4419): [layout] end... this:0x4834fe70
11-02 18:38:11.498 D/[blink]FrameView( 4419): [layout] out... this:0x4834fe70
11-02 18:38:11.498 D/[blink]FrameLoader( 4419): [checkCompleted] frame=0x49149d58 did finish load.
11-02 18:38:11.498 D/FrameLoaderClientImpl( 4419): [dispatchDidFinishLoad] url:http://10.14.41.246/application/shfw/index.htm
11-02 18:38:11.499 D/FrameLoaderClientImpl( 4419): [didStopLoading] finished url:http://10.14.41.246/application/shfw/index.htm. frame tree child count = 0
11-02 18:38:11.500 D/Browser ( 4419): postProgressNotification type=1
11-02 18:38:11.500 D/[blink]FrameView( 4419): [setCanPaint] this:0x4834fe70, setCanPaint old canpaint=0, new canpaint=1 .
11-02 18:38:11.500 D/[blink]FrameView( 4419): [paintAfterLoad] paintAfterLoad this:0x4834fe70.
11-02 18:38:11.500 D/[blink]FrameView( 4419): [updateStyleAndLayoutIfNeededRecursiveInternal] in... this:0x4834fe70.
11-02 18:38:11.500 D/[blink]FrameView( 4419): [updateStyleAndLayoutIfNeededRecursiveInternal] end... this:0x4834fe70.
11-02 18:38:11.501 D/[cc]ProxyMain( 4419): [BeginMainFrame] cc.BeginMainFrame this:0x9f6e4b78
11-02 18:38:11.501 D/[cc]LayerTreeHost( 4419): [AnimateLayers] AnimateLayers monotonic_time=1831633260
11-02 18:38:11.501 D/[blink]FrameView( 4419): [updateStyleAndLayoutIfNeededRecursiveInternal] in... this:0x4834fe70.
11-02 18:38:11.501 D/[blink]FrameView( 4419): [updateStyleAndLayoutIfNeededRecursiveInternal] end... this:0x4834fe70.
11-02 18:38:11.501 D/[blink]FrameView( 4419): [updateLifecyclePhasesInternal] in... this:0x4834fe70, targetState=18
11-02 18:38:11.501 D/[blink]FrameView( 4419): [updateLifecyclePhasesInternal] call compositor()->updateIfNeededRecursive()!
11-02 18:38:11.502 D/[cc]LayerTree( 4419): [SetRootLayer] [LayerTree::SetRootLayer]. set needs_full_tree_sync_ = true, but not Commit!!!
11-02 18:38:11.502 D/[cc]LayerTreeHost( 4419): [SetNeedsCommit] SetNeedsCommit!this:0x9f469a40
11-02 18:38:11.502 D/[cc]LayerTreeHost( 4419): [SetNeedsCommit] SetNeedsCommit!this:0x9f469a40
11-02 18:38:11.502 D/BrowserWebViewClient( 4419): onPageFinished webview = com.ipanel.android_webview.shell.AwWebViewImpl[mainFrame: focused=true url=http://10.14.41.246/application/shfw/index.htm] url = http://10.14.41.246/application/shfw/index.htm
11-02 18:38:11.502 D/Browser ( 4419): hideIconLoading
11-02 18:38:11.503 D/[cc]LayerTreeHost( 4419): [SetNeedsCommit] SetNeedsCommit!this:0x9f469a40
11-02 18:38:11.503 D/[cc]LayerTreeHost( 4419): [SetNeedsCommit] SetNeedsCommit!this:0x9f469a40
11-02 18:38:11.503 D/[cc]LayerTreeHost( 4419): [SetNeedsCommit] SetNeedsCommit!this:0x9f469a40
11-02 18:38:11.503 D/[cc]LayerTreeHost( 4419): [SetNeedsCommit] SetNeedsCommit!this:0x9f469a40
11-02 18:38:11.503 D/[cc]LayerTreeHost( 4419): [SetNeedsCommit] SetNeedsCommit!this:0x9f469a40
11-02 18:38:11.503 D/[cc]LayerTreeHost( 4419): [SetNeedsCommit] SetNeedsCommit!this:0x9f469a40
11-02 18:38:11.503 D/[cc]LayerTreeHost( 4419): [SetNeedsCommit] SetNeedsCommit!this:0x9f469a40
11-02 18:38:11.503 D/[cc]LayerTreeHost( 4419): [SetNeedsCommit] SetNeedsCommit!this:0x9f469a40
11-02 18:38:11.503 D/[cc]LayerTreeHost( 4419): [SetNeedsCommit] SetNeedsCommit!this:0x9f469a40
11-02 18:38:11.503 D/[cc]LayerTreeHost( 4419): [SetNeedsCommit] SetNeedsCommit!this:0x9f469a40
11-02 18:38:11.505 D/[blink]FrameView( 4419): [updateLifecyclePhasesInternal] end... this:0x4834fe70
11-02 18:38:11.506 D/RenderWidgetInputHandler( 4419): [HandleInputEvent] input_event type=9 name=KeyUp
11-02 18:38:11.506 D/RenderWidgetInputHandler( 4419): [HandleInputEvent] input_event type=9 prevent_default:0
11-02 18:38:11.506 D/WebViewImpl( 4419): [handleKeyEvent] keycode:166, eventType:9 native keycode:4 frame=0x49149d58. url='http://10.14.41.246/application/shfw/index.htm'.
11-02 18:38:11.506 D/[blink]KeyboardEventManager( 4419): [keyEvent] initialKeyEvent KeyUp nativeKeyCode=4 windowsKeyCode=166 text[0]=0
11-02 18:38:11.506 D/[blink]KeyboardEventManager( 4419): [keyEvent] initialKeyEvent focusedNode=0x0
11-02 18:38:11.506 D/webcoreBridge( 4419): #4455 execJS frameName='eventFrame' jscore='iPanel.dispatchMessage(32774,5974,1);'
11-02 18:38:11.506 D/webcoreBridge( 4419): execJS-->frame:0x49141a48 focusFrame=0x49149d58 focusFrame.script=0x544c6328
11-02 18:38:11.506 D/webcoreBridge( 4419): execJS-->executeScript frame=0x49141a48 script=0x544c1988
11-02 18:38:11.506 D/ScriptController( 4419): [executeScriptAndReturnValue] [V8] evaluate Script start. frame=0x49141a48 url= line=1. source length=37
11-02 18:38:11.507 D/iPanel  ( 4419): iPanel.debug("dispatchMessage:msg: 32774,5974,1")
11-02 18:38:11.507 D/iPanel  ( 4419): get getFocusedOrMainFrame
11-02 18:38:11.507 D/iPanel  ( 4419): getFrameByName 'eventFrame' frame=0x49141a48 window=0x491426f8
11-02 18:38:11.507 D/iPanel  ( 4419): getFrameByName 'mainFrame' frame=0x49149d58 window=0x4927e628
11-02 18:38:11.507 D/iPanel  ( 4419): iPanel.debug("dispatchMessage:iPanel.getFocusedOrMainFrame = http://10.14.41.246/application/shfw/index.htm")
11-02 18:38:11.507 D/iPanel  ( 4419): iPanel.debug("dispatchMessage:frame num: 2, keyEvent:system")
11-02 18:38:11.507 D/iPanel  ( 4419): iPanel.debug("dispatchMessage:#2. proc event 5974. url: http://10.14.41.246/application/shfw/index.htm")
11-02 18:38:11.507 D/iPanel  ( 4419): iPanel.debug("w=[object Window], document=[object HTMLDocument], keyCode=5974, modifiers=1, keyEvent=system")
11-02 18:38:11.508 D/ChromeClientImpl( 4419): [addMessageToConsole] [LOG:CONSOLE(31)] "index keycode=EIS_MISC_HTML_OPEN_FINISHED", source:http://10.14.41.246/application/shfw/js/common.js (31)
11-02 18:38:11.508 D/iPanel  ( 4419): iPanel.debug("ret: true")
11-02 18:38:11.508 D/iPanel  ( 4419): iPanel.debug("dispatchMessage:#1. proc event 5974. url: ui:///eventpage.htm?ipanelcmd-name=eventFrame&script=ui:///ipanel.js")
