11-02 18:38:11.508 D/iPanel  ( 4419): iPanel.debug("w=[object Window], document=[object HTMLDocument], keyCode=5974, modifiers=1, keyEvent=system")
11-02 18:38:11.508 D/iPanel  ( 4419): iPanel.debug("eventpage grabEvent")
11-02 18:38:11.508 D/iPanel  ( 4419): getFrameByName 'mainFrame' frame=0x49149d58 window=0x4927e628
11-02 18:38:11.508 D/iPanel  ( 4419): iPanel.debug("--zjh-- url = http://10.14.41.246/application/shfw/index.htm  keycode = 5974")
11-02 18:38:11.508 D/iPanel  ( 4419): iPanel.debug("eventpage.htm args.type==true")
11-02 18:38:11.508 D/iPanel  ( 4419): iPanel.debug("eventpage grabEvent eventObj==[object Object]")
11-02 18:38:11.508 D/iPanel  ( 4419): iPanel.debug("eventpage eventObj.code = EIS_MISC_HTML_OPEN_FINISHED")
11-02 18:38:11.508 D/iPanel  ( 4419): iPanel.debug("eventpage keyValue = 5974--p2:1")
11-02 18:38:11.508 D/ChromeClientImpl( 4419): [addMessageToConsole] [LOG:CONSOLE(643)] "eventHandler---keycode==5974,p2=1", source:ui:///mediaPlayer.js (643)
11-02 18:38:11.508 D/iPanel  ( 4419): iPanel.debug("ret: 0")
11-02 18:38:11.508 D/iPanel  ( 4419): iPanel.debug("dispatchMessage:end")
11-02 18:38:11.508 D/ScriptController( 4419): [executeScriptAndReturnValue] [V8] evaluate Script end. frame=0x49141a48 
11-02 18:38:11.508 D/webcoreBridge( 4419): execJS-->executeScript frame=0x49141a48 end.
11-02 18:38:11.508 D/[blink]DOMTimer( 4419): [fired] 0x483502c0 timeout fired.
11-02 18:38:11.508 D/ScriptController( 4419): [executeScriptAndReturnValue] [V8] evaluate Script start. frame=0x49141a48 url= line=1. source length=22
11-02 18:38:11.509 D/iPanel  ( 4419): iPanel.debug("checkOverlayCreated")
11-02 18:38:11.509 D/[blink]DOMTimer( 4419): [DOMTimer] 0x48352c18 setTimeout 300ms, repeat:0.
11-02 18:38:11.509 D/ScriptController( 4419): [executeScriptAndReturnValue] [V8] evaluate Script end. frame=0x49141a48 
11-02 18:38:11.509 D/[blink]ImageResource( 4419): [updateImage] allDataReceived!! data size=4380
11-02 18:38:11.509 D/[blink]ImageResource( 4419): [updateImage] allDataReceived!! data size=11680
11-02 18:38:11.509 D/[blink]ImageResource( 4419): [updateImage] allDataReceived!! data size=13140
11-02 18:38:11.509 D/[blink]ImageResource( 4419): [updateImage] allDataReceived!! data size=14600
11-02 18:38:11.511 D/[cc]ProxyMain( 4419): [BeginMainFrame] cc.BeginMainFrame this:0x9f6e4b78
11-02 18:38:11.512 D/[cc]LayerTreeHost( 4419): [AnimateLayers] AnimateLayers monotonic_time=1831949926
11-02 18:38:11.512 D/[blink]FrameView( 4419): [updateStyleAndLayoutIfNeededRecursiveInternal] in... this:0x4834fe70.
11-02 18:38:11.512 D/[blink]FrameView( 4419): [updateStyleAndLayoutIfNeededRecursiveInternal] end... this:0x4834fe70.
11-02 18:38:11.512 D/[blink]FrameView( 4419): [updateLifecyclePhasesInternal] in... this:0x4834fe70, targetState=18
11-02 18:38:11.512 D/[blink]FrameView( 4419): [updateLifecyclePhasesInternal] call compositor()->updateIfNeededRecursive()!
11-02 18:38:11.515 D/[blink]FrameView( 4419): [updateLifecyclePhasesInternal] end... this:0x4834fe70
11-02 18:38:11.529 D/[skia]SkBitmap( 4419): [tryAllocPixels] allocator:0
11-02 18:38:11.529 D/[blink]ImageResource( 4419): [updateImage] allDataReceived!! data size=16060
11-02 18:38:11.529 D/[blink]ImageResource( 4419): [updateImage] allDataReceived!! data size=17520
11-02 18:38:11.530 D/[blink]ImageResource( 4419): [updateImage] allDataReceived!! data size=18980
11-02 18:38:11.530 D/[blink]ImageResource( 4419): [updateImage] allDataReceived!! data size=20440
11-02 18:38:11.530 D/[blink]ImageResource( 4419): [updateImage] allDataReceived!! data size=24820
11-02 18:38:11.530 D/[cc]ProxyMain( 4419): [BeginMainFrame] cc.BeginMainFrame this:0x9f6e4b78
11-02 18:38:11.530 D/[cc]LayerTreeHost( 4419): [AnimateLayers] AnimateLayers monotonic_time=1831966593
11-02 18:38:11.530 D/[blink]FrameView( 4419): [updateStyleAndLayoutIfNeededRecursiveInternal] in... this:0x4834fe70.
11-02 18:38:11.530 D/[blink]FrameView( 4419): [updateStyleAndLayoutIfNeededRecursiveInternal] end... this:0x4834fe70.
11-02 18:38:11.530 D/[blink]FrameView( 4419): [updateLifecyclePhasesInternal] in... this:0x4834fe70, targetState=18
11-02 18:38:11.530 D/[blink]FrameView( 4419): [updateLifecyclePhasesInternal] call compositor()->updateIfNeededRecursive()!
11-02 18:38:11.531 D/[blink]FrameView( 4419): [updateLifecyclePhasesInternal] end... this:0x4834fe70
11-02 18:38:11.538 D/[blink]ImageResource( 4419): [updateImage] allDataReceived!! data size=26280
11-02 18:38:11.538 D/[blink]ImageResource( 4419): [updateImage] allDataReceived!! data size=27740
11-02 18:38:11.538 D/[blink]ImageResource( 4419): [updateImage] allDataReceived!! data size=29200
11-02 18:38:11.538 D/[cc]ProxyMain( 4419): [BeginMainFrame] cc.BeginMainFrame this:0x9f6e4b78
11-02 18:38:11.539 D/[cc]LayerTreeHost( 4419): [AnimateLayers] AnimateLayers monotonic_time=1831983260
11-02 18:38:11.539 D/[blink]FrameView( 4419): [updateStyleAndLayoutIfNeededRecursiveInternal] in... this:0x4834fe70.
11-02 18:38:11.539 D/[blink]FrameView( 4419): [updateStyleAndLayoutIfNeededRecursiveInternal] end... this:0x4834fe70.
11-02 18:38:11.539 D/[blink]FrameView( 4419): [updateLifecyclePhasesInternal] in... this:0x4834fe70, targetState=18
11-02 18:38:11.539 D/[blink]FrameView( 4419): [updateLifecyclePhasesInternal] call compositor()->updateIfNeededRecursive()!
11-02 18:38:11.540 D/[blink]FrameView( 4419): [updateLifecyclePhasesInternal] end... this:0x4834fe70
11-02 18:38:11.540 I/Advanced( 4419): [QUEUE] share_queue_sendEx size:1 4097 681 0x8efc5f30,postLoopId:0,dstid:1.
11-02 18:38:11.548 D/ResourceLoader( 4419): [ResponseCompleted] finish request 0x8b087180 url='http://slave.tvos_cf96066.cn:13160/poster/movie/100000537/375x210_1.jpg'
11-02 18:38:11.549 D/[blink]ImageResource( 4419): [updateImage] allDataReceived!! data size=30660
11-02 18:38:11.549 D/[blink]ImageResource( 4419): [updateImage] allDataReceived!! data size=32120
11-02 18:38:11.549 D/[blink]ImageResource( 4419): [updateImage] allDataReceived!! data size=33580
11-02 18:38:11.549 D/[blink]ImageResource( 4419): [updateImage] allDataReceived!! data size=33847
11-02 18:38:11.549 D/[blink]ResourceFetcher( 4419): [didFinishLoading] encoded length=33957 url=http://slave.tvos_cf96066.cn:13160/poster/movie/100000537/375x210_1.jpg.
11-02 18:38:11.549 D/[blink]ImageResource( 4419): [updateImage] allDataReceived!! data size=33847
11-02 18:38:11.549 D/[cc]ProxyMain( 4419): [BeginMainFrame] cc.BeginMainFrame this:0x9f6e4b78
11-02 18:38:11.550 D/[cc]LayerTreeHost( 4419): [AnimateLayers] AnimateLayers monotonic_time=1831999926
11-02 18:38:11.550 D/[blink]FrameView( 4419): [updateStyleAndLayoutIfNeededRecursiveInternal] in... this:0x4834fe70.
11-02 18:38:11.550 D/[blink]FrameView( 4419): [updateStyleAndLayoutIfNeededRecursiveInternal] end... this:0x4834fe70.
11-02 18:38:11.550 D/[blink]FrameView( 4419): [updateLifecyclePhasesInternal] in... this:0x4834fe70, targetState=18
11-02 18:38:11.550 D/[blink]FrameView( 4419): [updateLifecyclePhasesInternal] call compositor()->updateIfNeededRecursive()!
11-02 18:38:11.551 D/[blink]FrameView( 4419): [updateLifecyclePhasesInternal] end... this:0x4834fe70
11-02 18:38:11.561 D/[blink]memoryCache( 4419): [evict] remove:http://10.14.41.244:12690/account/user/get_list?deviceno=8150010653229443&devicetype=2&pageidx=1&pagenum=10
11-02 18:38:11.561 D/[blink]memoryCache( 4419): [evict] remove:http://10.14.41.245:13160/recommend/get_recommend_by_label?sdsize=375x210|246x138|160x200|240x300|500x280&hdsize=375x210|246x138|160x200|240x300|500x280&vodsize=375x210|246x138|160x200|240x300|500x280&appsize=375x210|246x138|160x200|240x300|500x280&chnlsize=375x210|246x138|160x200|240x300&musicsize=375x210|246x138|160x200|240x300&accesstoken=R59FAD858U20800029K53724E14I5A2A0E0AP8M2FAF082WDBAD6A2ED81&label=137&pageidx=1&pagenum=24
11-02 18:38:11.561 D/[blink]memoryCache( 4419): [evict] remove:http://10.14.41.244:12690/account/login?deviceno=8150010653229443&devicetype=2&accounttype=1&account=50000002&accesstoken=
11-02 18:38:11.561 D/[blink]memoryCache( 4419): [evict] remove:http://10.14.41.245:13160/homed/programtype/get_list?accesstoken=R59FAD858U20800029K53724E14I5A2A0E0AP8M2FAF082WDBAD6A2ED81&label=137&depth=2
11-02 18:38:11.561 D/[blink]memoryCache( 4419): [evict] remove:http://10.14.41.245:13160/homed/program/get_list?accesstoken=R59FAD858U20800029K53724E14I5A2A0E0AP8M2FAF082WDBAD6A2ED81&label=158&pageidx=1&pagenum=20&depth=2
11-02 18:38:11.561 D/[blink]memoryCache( 4419): [evict] remove:http://10.14.41.245:13160/homed/programtype/get_list?accesstoken=R59FAD858U20800029K53724E14I5A2A0E0AP8M2FAF082WDBAD6A2ED81&label=137&depth=1
11-02 18:38:11.562 D/[blink]FrameView( 4419): [~FrameView] destroy FrameView frame=0x49149d58 frame view=0x48347490
11-02 18:38:11.562 D/[blink]FrameView( 4419): [~FrameView] destroy FrameView frame=0x49149d58 frame view=0x4834a4d8
11-02 18:38:11.562 D/[blink]FrameView( 4419): [~FrameView] destroy FrameView frame=0x4926a7d8 frame view=0x4834a928
11-02 18:38:11.562 D/[blink]FrameView( 4419): [~FrameView] destroy FrameView frame=0x4926a7d8 frame view=0x4834ad50
11-02 18:38:11.562 D/[blink]FrameView( 4419): [~FrameView] destroy FrameView frame=0x49149d58 frame view=0x4835a000
11-02 18:38:11.562 D/[blink]FrameView( 4419): [~FrameView] destroy FrameView frame=0x491574b0 frame view=0x4835a878
11-02 18:38:11.624 D/WebLocalFrameImpl( 4419): [~WebLocalFrameImpl] destroy WebFrameImpl this = 0x534a9c00
11-02 18:38:11.624 D/WebLocalFrameImpl( 4419): [~WebLocalFrameImpl] destroy WebFrameImpl this = 0x534b5c18
11-02 18:38:11.625 D/[blink]LocalFrame( 4419): [~LocalFrame] destroy frame = 0x4926a7d8
11-02 18:38:11.625 D/[blink]FrameManager( 4419): [getFrameName] can not find frame=0x4926a7d8
11-02 18:38:11.625 D/[blink]FrameManager( 4419): [iPanelRemoveFrame] can not find frame=0x4926a7d8
11-02 18:38:11.625 D/[blink]LocalFrame( 4419): [~LocalFrame] destroy frame = 0x491574b0
11-02 18:38:11.625 D/[blink]FrameManager( 4419): [getFrameName] can not find frame=0x491574b0
11-02 18:38:11.625 D/[blink]FrameManager( 4419): [iPanelRemoveFrame] can not find frame=0x491574b0
11-02 18:38:11.731 D/BackBootDealerNeimeng( 2367): standbyState:
11-02 18:38:11.731 E/NetUtils( 2021): Interface eth0 LinkDown!
11-02 18:38:11.740 I/Advanced( 4419): [QUEUE] share_queue_sendEx size:1 4097 682 0x8efc5f30,postLoopId:0,dstid:1.
11-02 18:38:11.809 D/[blink]DOMTimer( 4419): [fired] 0x48352c18 timeout fired.
11-02 18:38:11.809 D/ScriptController( 4419): [executeScriptAndReturnValue] [V8] evaluate Script start. frame=0x49141a48 url= line=1. source length=22
11-02 18:38:11.809 D/iPanel  ( 4419): iPanel.debug("checkOverlayCreated")
11-02 18:38:11.809 D/[blink]DOMTimer( 4419): [DOMTimer] 0x48352c88 setTimeout 300ms, repeat:0.
11-02 18:38:11.809 D/ScriptController( 4419): [executeScriptAndReturnValue] [V8] evaluate Script end. frame=0x49141a48 
11-02 18:38:11.940 I/Advanced( 4419): [QUEUE] share_queue_sendEx size:1 4097 683 0x8efc5f30,postLoopId:0,dstid:1.
11-02 18:38:12.109 D/[blink]DOMTimer( 4419): [fired] 0x48352c88 timeout fired.
11-02 18:38:12.109 D/ScriptController( 4419): [executeScriptAndReturnValue] [V8] evaluate Script start. frame=0x49141a48 url= line=1. source length=22
11-02 18:38:12.109 D/iPanel  ( 4419): iPanel.debug("checkOverlayCreated")
11-02 18:38:12.109 D/[blink]DOMTimer( 4419): [DOMTimer] 0x48352cf8 setTimeout 300ms, repeat:0.
11-02 18:38:12.109 D/ScriptController( 4419): [executeScriptAndReturnValue] [V8] evaluate Script end. frame=0x49141a48 
11-02 18:38:12.141 I/Advanced( 4419): [QUEUE] share_queue_sendEx size:1 4097 684 0x8efc5f30,postLoopId:0,dstid:1.
11-02 18:38:12.232 D/BackBootDealerNeimeng( 2367): standbyState:
11-02 18:38:12.233 E/NetUtils( 2021): Interface eth0 LinkDown!
11-02 18:38:12.280 I/AdvancedPorting-PORT_MODULE_NET( 4419): network_task while... 
11-02 18:38:12.280 I/AdvancedPorting-PORT_MODULE_NET( 4419): 0 interface name: lo
11-02 18:38:12.280 I/AdvancedPorting-PORT_MODULE_NET( 4419): 1 interface name: wlan0
11-02 18:38:12.280 I/AdvancedPorting-PORT_MODULE_NET( 4419): First interface name: lo
11-02 18:38:12.280 I/AdvancedPorting-PORT_MODULE_NET( 4419): network_task while...  net_i:1
11-02 18:38:12.280 I/AdvancedPorting-PORT_MODULE_NET( 4419): network_task while---name_interface[0]=lo
11-02 18:38:12.280 I/AdvancedPorting-PORT_MODULE_NET( 4419): network_task while---name_interface[1]=wlan0
11-02 18:38:12.280 I/AdvancedPorting-PORT_MODULE_NET( 4419): network_task while---interface_name=wlan0
11-02 18:38:12.280 I/AdvancedPorting-PORT_MODULE_NET( 4419): network_get_netlink_status(in)--if_name=wlan0
11-02 18:38:12.280 I/AdvancedPorting-PORT_MODULE_NET( 4419): net.network.isconnected = no
11-02 18:38:12.280 I/AdvancedPorting-PORT_MODULE_NET( 4419): wlan0 --network_get_netlink_status return retval=1
11-02 18:38:12.280 I/AdvancedPorting-PORT_MODULE_NET( 4419): stat = 1 last_status = 1
11-02 18:38:12.341 I/Advanced( 4419): [QUEUE] share_queue_sendEx size:1 4097 685 0x8efc5f30,postLoopId:0,dstid:1.
11-02 18:38:12.410 D/[blink]DOMTimer( 4419): [fired] 0x48352cf8 timeout fired.
11-02 18:38:12.410 D/ScriptController( 4419): [executeScriptAndReturnValue] [V8] evaluate Script start. frame=0x49141a48 url= line=1. source length=22
11-02 18:38:12.410 D/iPanel  ( 4419): iPanel.debug("checkOverlayCreated")
11-02 18:38:12.410 D/[blink]DOMTimer( 4419): [DOMTimer] 0x48352d68 setTimeout 300ms, repeat:0.
11-02 18:38:12.411 D/ScriptController( 4419): [executeScriptAndReturnValue] [V8] evaluate Script end. frame=0x49141a48 
11-02 18:38:12.541 I/Advanced( 4419): [QUEUE] share_queue_sendEx size:1 4097 686 0x8efc5f30,postLoopId:0,dstid:1.
11-02 18:38:12.710 D/[blink]DOMTimer( 4419): [fired] 0x48352d68 timeout fired.
11-02 18:38:12.710 D/ScriptController( 4419): [executeScriptAndReturnValue] [V8] evaluate Script start. frame=0x49141a48 url= line=1. source length=22
11-02 18:38:12.710 D/iPanel  ( 4419): iPanel.debug("checkOverlayCreated")
11-02 18:38:12.711 D/[blink]DOMTimer( 4419): [DOMTimer] 0x48352dd8 setTimeout 300ms, repeat:0.
11-02 18:38:12.711 D/ScriptController( 4419): [executeScriptAndReturnValue] [V8] evaluate Script end. frame=0x49141a48 
11-02 18:38:12.733 D/BackBootDealerNeimeng( 2367): standbyState:
11-02 18:38:12.734 E/NetUtils( 2021): Interface eth0 LinkDown!
11-02 18:38:12.742 I/Advanced( 4419): [QUEUE] share_queue_sendEx size:1 4097 687 0x8efc5f30,postLoopId:0,dstid:1.
11-02 18:38:12.942 I/Advanced( 4419): [QUEUE] share_queue_sendEx size:1 4097 688 0x8efc5f30,postLoopId:0,dstid:1.
11-02 18:38:13.011 D/[blink]DOMTimer( 4419): [fired] 0x48352dd8 timeout fired.
11-02 18:38:13.011 D/ScriptController( 4419): [executeScriptAndReturnValue] [V8] evaluate Script start. frame=0x49141a48 url= line=1. source length=22
11-02 18:38:13.011 D/iPanel  ( 4419): iPanel.debug("checkOverlayCreated")
11-02 18:38:13.011 D/[blink]DOMTimer( 4419): [DOMTimer] 0x48352e48 setTimeout 300ms, repeat:0.
11-02 18:38:13.011 D/ScriptController( 4419): [executeScriptAndReturnValue] [V8] evaluate Script end. frame=0x49141a48 
11-02 18:38:13.143 I/Advanced( 4419): [QUEUE] share_queue_sendEx size:1 4097 689 0x8efc5f30,postLoopId:0,dstid:1.
11-02 18:38:13.234 D/BackBootDealerNeimeng( 2367): standbyState:
11-02 18:38:13.235 E/NetUtils( 2021): Interface eth0 LinkDown!
11-02 18:38:13.280 I/AdvancedPorting-PORT_MODULE_NET( 4419): network_task while... 
11-02 18:38:13.281 I/AdvancedPorting-PORT_MODULE_NET( 4419): 0 interface name: lo
11-02 18:38:13.281 I/AdvancedPorting-PORT_MODULE_NET( 4419): 1 interface name: wlan0
11-02 18:38:13.281 I/AdvancedPorting-PORT_MODULE_NET( 4419): First interface name: lo
11-02 18:38:13.281 I/AdvancedPorting-PORT_MODULE_NET( 4419): network_task while...  net_i:1
11-02 18:38:13.281 I/AdvancedPorting-PORT_MODULE_NET( 4419): network_task while---name_interface[0]=lo
11-02 18:38:13.281 I/AdvancedPorting-PORT_MODULE_NET( 4419): network_task while---name_interface[1]=wlan0
11-02 18:38:13.281 I/AdvancedPorting-PORT_MODULE_NET( 4419): network_task while---interface_name=wlan0
11-02 18:38:13.281 I/AdvancedPorting-PORT_MODULE_NET( 4419): network_get_netlink_status(in)--if_name=wlan0
11-02 18:38:13.281 I/AdvancedPorting-PORT_MODULE_NET( 4419): net.network.isconnected = no
11-02 18:38:13.281 I/AdvancedPorting-PORT_MODULE_NET( 4419): wlan0 --network_get_netlink_status return retval=1
11-02 18:38:13.281 I/AdvancedPorting-PORT_MODULE_NET( 4419): stat = 1 last_status = 1
11-02 18:38:13.301 D/AppUtil ( 2367): [TN_ThreadUtil-3]getActivityPkg index=0,comp=ComponentInfo{com.ipanel.android_webview.shell/com.ipanel.webapp.BrowserActivity}
11-02 18:38:13.301 D/AppKiller( 2367): [TN_ThreadUtil-3]backKill curPkgName=com.ipanel.android_webview.shell
11-02 18:38:13.312 D/[blink]DOMTimer( 4419): [fired] 0x48352e48 timeout fired.
11-02 18:38:13.312 D/ScriptController( 4419): [executeScriptAndReturnValue] [V8] evaluate Script start. frame=0x49141a48 url= line=1. source length=22
11-02 18:38:13.312 D/iPanel  ( 4419): iPanel.debug("checkOverlayCreated")
11-02 18:38:13.312 D/[blink]DOMTimer( 4419): [DOMTimer] 0x48352eb8 setTimeout 300ms, repeat:0.
11-02 18:38:13.312 D/ScriptController( 4419): [executeScriptAndReturnValue] [V8] evaluate Script end. frame=0x49141a48 
11-02 18:38:13.343 I/Advanced( 4419): [QUEUE] share_queue_sendEx size:1 4097 690 0x8efc5f30,postLoopId:0,dstid:1.
11-02 18:38:13.543 I/Advanced( 4419): [QUEUE] share_queue_sendEx size:1 4097 691 0x8efc5f30,postLoopId:0,dstid:1.
11-02 18:38:13.612 D/[blink]DOMTimer( 4419): [fired] 0x48352eb8 timeout fired.
11-02 18:38:13.612 D/ScriptController( 4419): [executeScriptAndReturnValue] [V8] evaluate Script start. frame=0x49141a48 url= line=1. source length=22
11-02 18:38:13.612 D/iPanel  ( 4419): iPanel.debug("checkOverlayCreated")
11-02 18:38:13.613 D/[blink]DOMTimer( 4419): [DOMTimer] 0x48352f28 setTimeout 300ms, repeat:0.
11-02 18:38:13.613 D/ScriptController( 4419): [executeScriptAndReturnValue] [V8] evaluate Script end. frame=0x49141a48 
11-02 18:38:13.735 D/BackBootDealerNeimeng( 2367): standbyState:
11-02 18:38:13.736 E/NetUtils( 2021): Interface eth0 LinkDown!
11-02 18:38:13.744 I/Advanced( 4419): [QUEUE] share_queue_sendEx size:1 4097 692 0x8efc5f30,postLoopId:0,dstid:1.
11-02 18:38:13.913 D/[blink]DOMTimer( 4419): [fired] 0x48352f28 timeout fired.
11-02 18:38:13.913 D/ScriptController( 4419): [executeScriptAndReturnValue] [V8] evaluate Script start. frame=0x49141a48 url= line=1. source length=22
11-02 18:38:13.913 D/iPanel  ( 4419): iPanel.debug("checkOverlayCreated")
11-02 18:38:13.913 D/[blink]DOMTimer( 4419): [DOMTimer] 0x48352f98 setTimeout 300ms, repeat:0.
11-02 18:38:13.913 D/ScriptController( 4419): [executeScriptAndReturnValue] [V8] evaluate Script end. frame=0x49141a48 
11-02 18:38:14.154 I/Advanced( 4419): [QUEUE] share_queue_sendEx size:1 4097 694 0x8efc5f30,postLoopId:0,dstid:1.
11-02 18:38:14.214 D/[blink]DOMTimer( 4419): [fired] 0x48352f98 timeout fired.
11-02 18:38:14.214 D/ScriptController( 4419): [executeScriptAndReturnValue] [V8] evaluate Script start. frame=0x49141a48 url= line=1. source length=22
11-02 18:38:14.214 D/iPanel  ( 4419): iPanel.debug("checkOverlayCreated")
11-02 18:38:14.214 D/[blink]DOMTimer( 4419): [DOMTimer] 0x48353008 setTimeout 300ms, repeat:0.
11-02 18:38:14.214 D/ScriptController( 4419): [executeScriptAndReturnValue] [V8] evaluate Script end. frame=0x49141a48 
11-02 18:38:14.237 D/BackBootDealerNeimeng( 2367): standbyState:
11-02 18:38:14.238 E/NetUtils( 2021): Interface eth0 LinkDown!
11-02 18:38:14.273 D/IPLoaderNeimeng( 2367): after wait time18:38:14:monitorInterval:5000
11-02 18:38:14.273 D/IPLoaderNeimeng( 2367): before dealUpdateCheck time:18:38:14:isMsgBroadcast:false:monitorInterval:5000:processState:1
11-02 18:38:14.273 D/IPLoaderNeimeng( 2367): dealUpdateCheck isFirstSuccessUpdate:false:monitorInterval:5000
11-02 18:38:14.274 D/LoadHttpHandler( 2367): [TN_ThreadUtil-6]doNormal proxyConfig=null
11-02 18:38:14.281 I/AdvancedPorting-PORT_MODULE_NET( 4419): network_task while... 
11-02 18:38:14.281 I/AdvancedPorting-PORT_MODULE_NET( 4419): 0 interface name: lo
11-02 18:38:14.281 I/AdvancedPorting-PORT_MODULE_NET( 4419): 1 interface name: wlan0
11-02 18:38:14.281 I/AdvancedPorting-PORT_MODULE_NET( 4419): First interface name: lo
11-02 18:38:14.281 I/AdvancedPorting-PORT_MODULE_NET( 4419): network_task while...  net_i:1
11-02 18:38:14.281 I/AdvancedPorting-PORT_MODULE_NET( 4419): network_task while---name_interface[0]=lo
11-02 18:38:14.281 I/AdvancedPorting-PORT_MODULE_NET( 4419): network_task while---name_interface[1]=wlan0
11-02 18:38:14.281 I/AdvancedPorting-PORT_MODULE_NET( 4419): network_task while---interface_name=wlan0
11-02 18:38:14.281 I/AdvancedPorting-PORT_MODULE_NET( 4419): network_get_netlink_status(in)--if_name=wlan0
11-02 18:38:14.281 I/AdvancedPorting-PORT_MODULE_NET( 4419): net.network.isconnected = no
11-02 18:38:14.281 I/AdvancedPorting-PORT_MODULE_NET( 4419): wlan0 --network_get_netlink_status return retval=1
11-02 18:38:14.281 I/AdvancedPorting-PORT_MODULE_NET( 4419): stat = 1 last_status = 1
11-02 18:38:14.394 D/LoadHttpHandler( 2367): [TN_ThreadUtil-6]doNormal responseCode=404
11-02 18:38:14.395 D/LoadHttpTask( 2367): dealUpdateCheck responseCode:404:data:null:downloadResult:false
11-02 18:38:14.395 D/IPLoaderNeimeng( 2367): after dealUpdateCheck time:18:38:14:isMsgBroadcast:false:monitorInterval:5000:processState:1
11-02 18:38:14.395 D/IPLoaderNeimeng( 2367): before wait time18:38:14:monitorInterval:5000
11-02 18:38:14.439 D/AppUtil ( 2367): [TN_ThreadUtil-14]getActivityPkg index=0,comp=ComponentInfo{com.ipanel.android_webview.shell/com.ipanel.webapp.BrowserActivity}
11-02 18:38:14.439 D/AppRuleBaseDealer( 2367): backExcute curActivityPkgName:com.ipanel.android_webview.shell
11-02 18:38:14.439 V/SUMA    ( 2367): [cas-c][CA_Manager_GetManufactureInfoSync 2590]enter !!!
11-02 18:38:14.514 D/[blink]DOMTimer( 4419): [fired] 0x48353008 timeout fired.
11-02 18:38:14.514 D/ScriptController( 4419): [executeScriptAndReturnValue] [V8] evaluate Script start. frame=0x49141a48 url= line=1. source length=22
11-02 18:38:14.515 D/iPanel  ( 4419): iPanel.debug("checkOverlayCreated")
11-02 18:38:14.515 D/[blink]DOMTimer( 4419): [DOMTimer] 0x48353078 setTimeout 300ms, repeat:0.
11-02 18:38:14.515 D/ScriptController( 4419): [executeScriptAndReturnValue] [V8] evaluate Script end. frame=0x49141a48 
11-02 18:38:14.564 I/Advanced( 4419): [QUEUE] share_queue_sendEx size:1 4097 696 0x8efc5f30,postLoopId:0,dstid:1.
11-02 18:38:14.577 V/SUMA    ( 2367): [cas-c][CA_Manager_GetManufactureInfoSync 2604]leave !!!
11-02 18:38:14.577 D/CAManagerNative( 2367): getCardInfo.CA_Manager_GetManufactureInfoSync result=0
11-02 18:38:14.738 D/BackBootDealerNeimeng( 2367): standbyState:
11-02 18:38:14.739 E/NetUtils( 2021): Interface eth0 LinkDown!
11-02 18:38:14.764 I/Advanced( 4419): [QUEUE] share_queue_sendEx size:1 4097 697 0x8efc5f30,postLoopId:0,dstid:1.
11-02 18:38:14.815 D/[blink]DOMTimer( 4419): [fired] 0x48353078 timeout fired.
11-02 18:38:14.815 D/ScriptController( 4419): [executeScriptAndReturnValue] [V8] evaluate Script start. frame=0x49141a48 url= line=1. source length=22
11-02 18:38:14.815 D/iPanel  ( 4419): iPanel.debug("checkOverlayCreated")
11-02 18:38:14.815 D/[blink]DOMTimer( 4419): [DOMTimer] 0x483530e8 setTimeout 300ms, repeat:0.
11-02 18:38:14.815 D/ScriptController( 4419): [executeScriptAndReturnValue] [V8] evaluate Script end. frame=0x49141a48 
11-02 18:38:14.863 D/CAManagerNative( 2367): getCardInfo.CA_Manager_GetMotherCardID result=0,motherCardID=0
11-02 18:38:14.863 V/SUMA    ( 2367): [cas-c][CA_Manager_GetAreaInfoSync 2565]enter !!!
11-02 18:38:14.965 I/Advanced( 4419): [QUEUE] share_queue_sendEx size:1 4097 698 0x8efc5f30,postLoopId:0,dstid:1.
11-02 18:38:15.116 D/[blink]DOMTimer( 4419): [fired] 0x483530e8 timeout fired.
11-02 18:38:15.116 D/ScriptController( 4419): [executeScriptAndReturnValue] [V8] evaluate Script start. frame=0x49141a48 url= line=1. source length=22
11-02 18:38:15.116 D/iPanel  ( 4419): iPanel.debug("checkOverlayCreated")
11-02 18:38:15.116 D/[blink]DOMTimer( 4419): [DOMTimer] 0x48353158 setTimeout 300ms, repeat:0.
11-02 18:38:15.116 D/ScriptController( 4419): [executeScriptAndReturnValue] [V8] evaluate Script end. frame=0x49141a48 
11-02 18:38:15.156 V/SUMA    ( 1580): >> [CA]rocme_porting_ca_get_area_info_suma: DVTCASTB_GetAreaInfo area_info->card_area = 0  
11-02 18:38:15.156 V/SUMA    ( 1580): >> [CA]rocme_porting_ca_get_area_info_suma: DVTCASTB_GetAreaInfo area_info->set_card_area_time = 1468306227  
11-02 18:38:15.156 V/SUMA    ( 1580): >> [CA]rocme_porting_ca_get_area_info_suma: DVTCASTB_GetAreaInfo area_info->start_flag = 0  
11-02 18:38:15.156 V/SUMA    ( 1580): >> [CA]rocme_porting_ca_get_area_info_suma: DVTCASTB_GetAreaInfo area_info->set_flag_time = 0  
11-02 18:38:15.156 V/SUMA    ( 2367): [cas-c][CA_Manager_GetAreaInfoSync 2580]leave !!!
11-02 18:38:15.156 D/CAManagerNative( 2367): getCardInfo.CA_Manager_GetAreaInfoSync result=0
11-02 18:38:15.156 D/CAManagerNative( 2367): getCardInfo card_area=0,card_area_time=0
11-02 18:38:15.156 V/SUMA    ( 2367): [cas-c][CA_Manager_GetCAProvider 922]enter !!!
11-02 18:38:15.156 V/SUMA    ( 2367): [cas-c][CA_Manager_GetCAProvider 936]leave !!!
11-02 18:38:15.156 D/CAManagerNative( 2367): CA_Manager_GetCAProvider result : 0
11-02 18:38:15.156 D/CAManagerNative( 2367): CA_Manager_GetCAProvider provider : 0
11-02 18:38:15.156 I/System.out( 2367): [DEBUG CAManager] isCardPresent manufactureID=0,cardID=65322944,serialNum=8150010653229443
11-02 18:38:15.156 D/CaNgbDealer( 2367): [TN_ThreadUtil-14]isCardInsert isInsert=true
11-02 18:38:15.157 D/CaNgbDealer( 2367): [TN_ThreadUtil-14]getCaAuthorizationInfo providerID=-1,res=[I@7cf2e64,isCache=false
11-02 18:38:15.157 D/CaNgbDealer( 2367): [TN_ThreadUtil-14]getCaProviderInfo res=[I@7cf2e64,isCache=false
11-02 18:38:15.165 I/Advanced( 4419): [QUEUE] share_queue_sendEx size:1 4097 699 0x8efc5f30,postLoopId:0,dstid:1.
11-02 18:38:15.239 D/BackBootDealerNeimeng( 2367): standbyState:
11-02 18:38:15.240 E/NetUtils( 2021): Interface eth0 LinkDown!
11-02 18:38:15.282 I/AdvancedPorting-PORT_MODULE_NET( 4419): network_task while... 
11-02 18:38:15.282 I/AdvancedPorting-PORT_MODULE_NET( 4419): 0 interface name: lo
11-02 18:38:15.282 I/AdvancedPorting-PORT_MODULE_NET( 4419): 1 interface name: wlan0
11-02 18:38:15.282 I/AdvancedPorting-PORT_MODULE_NET( 4419): First interface name: lo
11-02 18:38:15.282 I/AdvancedPorting-PORT_MODULE_NET( 4419): network_task while...  net_i:1
11-02 18:38:15.282 I/AdvancedPorting-PORT_MODULE_NET( 4419): network_task while---name_interface[0]=lo
11-02 18:38:15.282 I/AdvancedPorting-PORT_MODULE_NET( 4419): network_task while---name_interface[1]=wlan0
11-02 18:38:15.282 I/AdvancedPorting-PORT_MODULE_NET( 4419): network_task while---interface_name=wlan0
11-02 18:38:15.282 I/AdvancedPorting-PORT_MODULE_NET( 4419): network_get_netlink_status(in)--if_name=wlan0
11-02 18:38:15.282 I/AdvancedPorting-PORT_MODULE_NET( 4419): net.network.isconnected = no
11-02 18:38:15.282 I/AdvancedPorting-PORT_MODULE_NET( 4419): wlan0 --network_get_netlink_status return retval=1
11-02 18:38:15.282 I/AdvancedPorting-PORT_MODULE_NET( 4419): stat = 1 last_status = 1
11-02 18:38:15.365 I/Advanced( 4419): [QUEUE] share_queue_sendEx size:1 4097 700 0x8efc5f30,postLoopId:0,dstid:1.
11-02 18:38:15.387 D/CAManagerNative( 2367): get All CAProvider ,the num is 1
11-02 18:38:15.387 I/System.out( 2367): [DEBUG CAManager] 运行商标1111111111识：400
11-02 18:38:15.388 V/SUMA    ( 2367): [cas-c][CA_Manager_GetServiceEntitleInfo 1126]enter !!!
11-02 18:38:15.416 D/[blink]DOMTimer( 4419): [fired] 0x48353158 timeout fired.
11-02 18:38:15.416 D/ScriptController( 4419): [executeScriptAndReturnValue] [V8] evaluate Script start. frame=0x49141a48 url= line=1. source length=22
11-02 18:38:15.416 D/iPanel  ( 4419): iPanel.debug("checkOverlayCreated")
11-02 18:38:15.416 D/[blink]DOMTimer( 4419): [DOMTimer] 0x483531c8 setTimeout 300ms, repeat:0.
11-02 18:38:15.416 D/ScriptController( 4419): [executeScriptAndReturnValue] [V8] evaluate Script end. frame=0x49141a48 
11-02 18:38:15.566 I/Advanced( 4419): [QUEUE] share_queue_sendEx size:1 4097 701 0x8efc5f30,postLoopId:0,dstid:1.
11-02 18:38:15.686 E/WifiStateMachine( 2021): WifiStateMachine CMD_START_SCAN source -2 txSuccessRate=38.09 rxSuccessRate=45.03 targetRoamBSSID=any RSSI=-36
11-02 18:38:15.686 E/WifiStateMachine( 2021): WifiStateMachine starting scan for "ipanel"WPA_PSK with 2467
11-02 18:38:15.717 D/[blink]DOMTimer( 4419): [fired] 0x483531c8 timeout fired.
11-02 18:38:15.717 D/ScriptController( 4419): [executeScriptAndReturnValue] [V8] evaluate Script start. frame=0x49141a48 url= line=1. source length=22
11-02 18:38:15.717 D/iPanel  ( 4419): iPanel.debug("checkOverlayCreated")
11-02 18:38:15.717 D/[blink]DOMTimer( 4419): [DOMTimer] 0x48353238 setTimeout 300ms, repeat:0.
11-02 18:38:15.717 D/ScriptController( 4419): [executeScriptAndReturnValue] [V8] evaluate Script end. frame=0x49141a48 
11-02 18:38:15.740 D/BackBootDealerNeimeng( 2367): standbyState:
11-02 18:38:15.741 E/NetUtils( 2021): Interface eth0 LinkDown!
11-02 18:38:15.766 I/Advanced( 4419): [QUEUE] share_queue_sendEx size:1 4097 702 0x8efc5f30,postLoopId:0,dstid:1.
11-02 18:38:15.967 I/Advanced( 4419): [QUEUE] share_queue_sendEx size:1 4097 703 0x8efc5f30,postLoopId:0,dstid:1.
11-02 18:38:16.017 D/[blink]DOMTimer( 4419): [fired] 0x48353238 timeout fired.
11-02 18:38:16.017 D/ScriptController( 4419): [executeScriptAndReturnValue] [V8] evaluate Script start. frame=0x49141a48 url= line=1. source length=22
11-02 18:38:16.018 D/iPanel  ( 4419): iPanel.debug("checkOverlayCreated")
11-02 18:38:16.018 D/[blink]DOMTimer( 4419): [DOMTimer] 0x483532a8 setTimeout 300ms, repeat:0.
11-02 18:38:16.018 D/ScriptController( 4419): [executeScriptAndReturnValue] [V8] evaluate Script end. frame=0x49141a48 
11-02 18:38:16.167 I/Advanced( 4419): [QUEUE] share_queue_sendEx size:1 4097 704 0x8efc5f30,postLoopId:0,dstid:1.
11-02 18:38:16.241 D/BackBootDealerNeimeng( 2367): standbyState:
11-02 18:38:16.242 E/NetUtils( 2021): Interface eth0 LinkDown!
11-02 18:38:16.282 I/AdvancedPorting-PORT_MODULE_NET( 4419): network_task while... 
11-02 18:38:16.282 I/AdvancedPorting-PORT_MODULE_NET( 4419): 0 interface name: lo
11-02 18:38:16.282 I/AdvancedPorting-PORT_MODULE_NET( 4419): 1 interface name: wlan0
11-02 18:38:16.282 I/AdvancedPorting-PORT_MODULE_NET( 4419): First interface name: lo
11-02 18:38:16.282 I/AdvancedPorting-PORT_MODULE_NET( 4419): network_task while...  net_i:1
11-02 18:38:16.282 I/AdvancedPorting-PORT_MODULE_NET( 4419): network_task while---name_interface[0]=lo
11-02 18:38:16.282 I/AdvancedPorting-PORT_MODULE_NET( 4419): network_task while---name_interface[1]=wlan0
11-02 18:38:16.282 I/AdvancedPorting-PORT_MODULE_NET( 4419): network_task while---interface_name=wlan0
11-02 18:38:16.282 I/AdvancedPorting-PORT_MODULE_NET( 4419): network_get_netlink_status(in)--if_name=wlan0
11-02 18:38:16.282 I/AdvancedPorting-PORT_MODULE_NET( 4419): net.network.isconnected = no
11-02 18:38:16.283 I/AdvancedPorting-PORT_MODULE_NET( 4419): wlan0 --network_get_netlink_status return retval=1
11-02 18:38:16.283 I/AdvancedPorting-PORT_MODULE_NET( 4419): stat = 1 last_status = 1
11-02 18:38:16.318 D/[blink]DOMTimer( 4419): [fired] 0x483532a8 timeout fired.
11-02 18:38:16.318 D/ScriptController( 4419): [executeScriptAndReturnValue] [V8] evaluate Script start. frame=0x49141a48 url= line=1. source length=22
11-02 18:38:16.318 D/iPanel  ( 4419): iPanel.debug("checkOverlayCreated")
11-02 18:38:16.318 D/[blink]DOMTimer( 4419): [DOMTimer] 0x48353318 setTimeout 300ms, repeat:0.
11-02 18:38:16.319 D/ScriptController( 4419): [executeScriptAndReturnValue] [V8] evaluate Script end. frame=0x49141a48 
11-02 18:38:16.368 I/Advanced( 4419): [QUEUE] share_queue_sendEx size:1 4097 705 0x8efc5f30,postLoopId:0,dstid:1.
11-02 18:38:16.421 I/EthernetNetworkFactory( 2021): updateInterfaceState :the mIface is:eth0iface is wlan0 true
11-02 18:38:16.439 E/WifiAutoJoinController ( 2021): GDWL 86:79:73:27:8c:19 rssi=-32 cap [WPA-PSK-CCMP][WPA2-PSK-CCMP][ESS] is not scored
11-02 18:38:16.439 E/WifiAutoJoinController ( 2021): ipanel e4:f3:f5:aa:ad:88 rssi=-36 cap [WPA-PSK-CCMP][WPA2-PSK-CCMP][ESS] is not scored
11-02 18:38:16.440 E/WifiAutoJoinController ( 2021):  84:79:73:27:8c:19 rssi=-34 cap [WEP][ESS] is not scored
11-02 18:38:16.440 E/WifiAutoJoinController ( 2021): MERCURY_EDE4 e4:f3:f5:6a:ed:e4 rssi=-44 cap [ESS] is not scored
11-02 18:38:16.440 E/WifiAutoJoinController ( 2021): Office_Net e4:f3:f5:a4:00:c0 rssi=-66 cap [WPA-PSK-CCMP][WPA2-PSK-CCMP][ESS] is not scored
11-02 18:38:16.441 E/WifiAutoJoinController ( 2021): iPanel-cf 78:11:dc:10:d5:2d rssi=-34 cap [WPA-PSK-CCMP+TKIP][WPA2-PSK-CCMP+TKIP][WPS][ESS] is not scored
11-02 18:38:16.441 E/WifiAutoJoinController ( 2021): GDWL 86:79:73:27:8c:0d rssi=-52 cap [WPA-PSK-CCMP][WPA2-PSK-CCMP][ESS] is not scored
11-02 18:38:16.442 E/WifiAutoJoinController ( 2021): TP-LINK_BAF2C2 0c:72:2c:ba:f2:c2 rssi=-60 cap [WPA-PSK-CCMP][WPA2-PSK-CCMP][WPS][ESS] is not scored
11-02 18:38:16.442 E/WifiAutoJoinController ( 2021): GDWL 86:79:73:27:8c:11 rssi=-62 cap [WPA-PSK-CCMP][WPA2-PSK-CCMP][ESS] is not scored
11-02 18:38:16.443 E/WifiAutoJoinController ( 2021): GDWL 86:79:73:27:8c:13 rssi=-66 cap [WPA-PSK-CCMP][WPA2-PSK-CCMP][ESS] is not scored
11-02 18:38:16.443 E/WifiAutoJoinController ( 2021): CMCC 06:11:b5:17:bd:d5 rssi=-70 cap [WPA-EAP-CCMP+TKIP][WPA2-EAP-CCMP+TKIP][ESS] is not scored
11-02 18:38:16.443 E/WifiAutoJoinController ( 2021): GDWL 86:79:73:27:8c:1d rssi=-76 cap [WPA-PSK-CCMP][WPA2-PSK-CCMP][ESS] is not scored
11-02 18:38:16.444 E/WifiAutoJoinController ( 2021): TP-LINK_gsbgs 9c:21:6a:1e:b5:48 rssi=-82 cap [WPA-PSK-CCMP][WPA2-PSK-CCMP][WPS][ESS] is not scored
11-02 18:38:16.444 E/WifiAutoJoinController ( 2021):  1c:60:de:81:25:2c rssi=-82 cap [WPA-PSK-CCMP][WPA2-PSK-CCMP][ESS] is not scored
11-02 18:38:16.445 E/WifiAutoJoinController ( 2021): GDWL 86:79:73:27:8c:23 rssi=-82 cap [WPA-PSK-CCMP][WPA2-PSK-CCMP][ESS] is not scored
11-02 18:38:16.445 E/WifiAutoJoinController ( 2021):  84:79:73:27:8c:0d rssi=-48 cap [WEP][ESS] is not scored
11-02 18:38:16.445 E/WifiAutoJoinController ( 2021):  84:79:73:27:8c:11 rssi=-62 cap [WEP][ESS] is not scored
11-02 18:38:16.446 E/WifiAutoJoinController ( 2021):  84:79:73:27:8c:13 rssi=-68 cap [WEP][ESS] is not scored
11-02 18:38:16.446 E/WifiAutoJoinController ( 2021):  84:79:73:27:8c:1d rssi=-68 cap [WEP][ESS] is not scored
11-02 18:38:16.446 E/WifiAutoJoinController ( 2021):  84:79:73:27:8c:2f rssi=-72 cap [WEP][ESS] is not scored
11-02 18:38:16.447 E/WifiAutoJoinController ( 2021): IMBTVN2.4_1c478d 4c:0f:c7:c3:27:4b rssi=-68 cap [ESS] is not scored
11-02 18:38:16.447 E/WifiAutoJoinController ( 2021): and-Business 0e:11:b5:17:bd:d5 rssi=-70 cap [ESS] is not scored
11-02 18:38:16.448 E/WifiAutoJoinController ( 2021): CMCC-WEB 00:11:b5:17:bd:d5 rssi=-71 cap [ESS] is not scored
11-02 18:38:16.448 E/WifiAutoJoinController ( 2021): CMCC-family 0a:11:b5:17:bd:d5 rssi=-72 cap [ESS] is not scored
11-02 18:38:16.448 E/WifiAutoJoinController ( 2021): HUAWEI-VYGUV5 00:5a:13:61:fa:ac rssi=-82 cap [ESS] is not scored
11-02 18:38:16.449 E/WifiAutoJoinController ( 2021): WLGS 1c:fa:68:05:a3:5a rssi=-76 cap [WPA-PSK-CCMP][WPA2-PSK-CCMP][WPS][ESS] is not scored
11-02 18:38:16.449 E/WifiAutoJoinController ( 2021): ageScanResultsOut delay 40000 size 26 now 1509619096449
11-02 18:38:16.449 E/WifiAutoJoinController ( 2021): newSupplicantResults size=26 known=1 true
11-02 18:38:16.451 E/WifiAutoJoinController ( 2021): attemptAutoJoin() status=bssid=e4:f3:f5:aa:ad:88
11-02 18:38:16.451 E/WifiAutoJoinController ( 2021): freq=2467
11-02 18:38:16.451 E/WifiAutoJoinController ( 2021): ssid=ipanel
11-02 18:38:16.451 E/WifiAutoJoinController ( 2021): id=1
11-02 18:38:16.451 E/WifiAutoJoinController ( 2021): mode=station
11-02 18:38:16.451 E/WifiAutoJoinController ( 2021): pairwise_cipher=CCMP
11-02 18:38:16.451 E/WifiAutoJoinController ( 2021): group_cipher=CCMP
11-02 18:38:16.451 E/WifiAutoJoinController ( 2021): key_mgmt=WPA2-PSK
11-02 18:38:16.451 E/WifiAutoJoinController ( 2021): wpa_state=COMPLETED
11-02 18:38:16.451 E/WifiAutoJoinController ( 2021): ip_address=192.168.0.101
11-02 18:38:16.451 E/WifiAutoJoinController ( 2021): p2p_device_address=0e:62:a6:0c:0f:b2
11-02 18:38:16.451 E/WifiAutoJoinController ( 2021): address=0c:62:a6:0c:0f:b2
11-02 18:38:16.451 E/WifiAutoJoinController ( 2021): uuid=de43a986-3647-5398-876d-b6752834d7e7 split=13
11-02 18:38:16.451 E/WifiAutoJoinController ( 2021): attemptAutoJoin() num recent config 1 current="ipanel"WPA_PSK last="ipanel"WPA_PSK ---> suppNetId=1
11-02 18:38:16.451 E/WifiAutoJoinController ( 2021): attemptAutoJoin good candidate seen, bumped hard -> status=0 "ipanel"WPA_PSK rssi=(-36,-127) num=(1,0)
11-02 18:38:16.451 E/WifiAutoJoinController ( 2021): attemptAutoJoin skip current candidate  1 key "ipanel"WPA_PSK
11-02 18:38:16.451 E/WifiAutoJoinController ( 2021): attemptRoam: "ipanel"WPA_PSK Found e4:f3:f5:aa:ad:88 rssi=-36 freq=2467 Current: e4:f3:f5:aa:ad:88
11-02 18:38:16.451 E/WifiAutoJoinController ( 2021): Done attemptAutoJoin status=0
11-02 18:38:16.568 I/Advanced( 4419): [QUEUE] share_queue_sendEx size:1 4097 706 0x8efc5f30,postLoopId:0,dstid:1.
11-02 18:38:16.619 D/[blink]DOMTimer( 4419): [fired] 0x48353318 timeout fired.
11-02 18:38:16.619 D/ScriptController( 4419): [executeScriptAndReturnValue] [V8] evaluate Script start. frame=0x49141a48 url= line=1. source length=22
11-02 18:38:16.619 D/iPanel  ( 4419): iPanel.debug("checkOverlayCreated")
11-02 18:38:16.619 D/[blink]DOMTimer( 4419): [DOMTimer] 0x48353388 setTimeout 300ms, repeat:0.
11-02 18:38:16.619 D/ScriptController( 4419): [executeScriptAndReturnValue] [V8] evaluate Script end. frame=0x49141a48 
11-02 18:38:16.743 D/BackBootDealerNeimeng( 2367): standbyState:
11-02 18:38:16.744 E/NetUtils( 2021): Interface eth0 LinkDown!
11-02 18:38:16.768 I/Advanced( 4419): [QUEUE] share_queue_sendEx size:1 4097 707 0x8efc5f30,postLoopId:0,dstid:1.
11-02 18:38:16.919 D/[blink]DOMTimer( 4419): [fired] 0x48353388 timeout fired.
11-02 18:38:16.919 D/ScriptController( 4419): [executeScriptAndReturnValue] [V8] evaluate Script start. frame=0x49141a48 url= line=1. source length=22
11-02 18:38:16.920 D/iPanel  ( 4419): iPanel.debug("checkOverlayCreated")
11-02 18:38:16.920 D/[blink]DOMTimer( 4419): [DOMTimer] 0x483533f8 setTimeout 300ms, repeat:0.
11-02 18:38:16.920 D/ScriptController( 4419): [executeScriptAndReturnValue] [V8] evaluate Script end. frame=0x49141a48 
11-02 18:38:16.969 I/Advanced( 4419): [QUEUE] share_queue_sendEx size:1 4097 708 0x8efc5f30,postLoopId:0,dstid:1.
11-02 18:38:17.172 V/SUMA    ( 1580): >> [CA]rocme_porting_ca_get_service_entitles_suma: DVTCASTB_GetServiceEntitles tvs_id = 400 entitle_count = 0  
11-02 18:38:17.172 V/SUMA    ( 1580): >> [CA]rocme_porting_ca_get_service_entitles_suma: testcatime end time = 1837625  
11-02 18:38:17.173 V/SUMA    ( 2367): [cas-c][CA_Manager_GetServiceEntitleInfo 1145]leave !!!
11-02 18:38:17.173 D/CAManagerNative( 2367): get the serivce entitlement is finish
11-02 18:38:17.220 D/[blink]DOMTimer( 4419): [fired] 0x483533f8 timeout fired.
11-02 18:38:17.220 D/ScriptController( 4419): [executeScriptAndReturnValue] [V8] evaluate Script start. frame=0x49141a48 url= line=1. source length=22
11-02 18:38:17.220 D/iPanel  ( 4419): iPanel.debug("checkOverlayCreated")
11-02 18:38:17.221 D/[blink]DOMTimer( 4419): [DOMTimer] 0x48353468 setTimeout 300ms, repeat:0.
11-02 18:38:17.221 D/ScriptController( 4419): [executeScriptAndReturnValue] [V8] evaluate Script end. frame=0x49141a48 
11-02 18:38:17.223 W/InputMethodManagerService( 2021): Starting input on non-focused client com.android.internal.view.IInputMethodClient$Stub$Proxy@394f0ff3 (uid=10024 pid=4419)
11-02 18:38:17.225 D/RemoteIME( 4384): onFinishInput.
11-02 18:38:17.225 D/RemoteIME( 4384): onStartInput  ccontentType: 0 Restarting:false
11-02 18:38:17.244 D/BackBootDealerNeimeng( 2367): standbyState:
11-02 18:38:17.245 E/NetUtils( 2021): Interface eth0 LinkDown!
11-02 18:38:17.283 I/AdvancedPorting-PORT_MODULE_NET( 4419): network_task while... 
11-02 18:38:17.283 I/AdvancedPorting-PORT_MODULE_NET( 4419): 0 interface name: lo
11-02 18:38:17.283 I/AdvancedPorting-PORT_MODULE_NET( 4419): 1 interface name: wlan0
11-02 18:38:17.283 I/AdvancedPorting-PORT_MODULE_NET( 4419): First interface name: lo
11-02 18:38:17.283 I/AdvancedPorting-PORT_MODULE_NET( 4419): network_task while...  net_i:1
11-02 18:38:17.283 I/AdvancedPorting-PORT_MODULE_NET( 4419): network_task while---name_interface[0]=lo
11-02 18:38:17.283 I/AdvancedPorting-PORT_MODULE_NET( 4419): network_task while---name_interface[1]=wlan0
11-02 18:38:17.283 I/AdvancedPorting-PORT_MODULE_NET( 4419): network_task while---interface_name=wlan0
11-02 18:38:17.283 I/AdvancedPorting-PORT_MODULE_NET( 4419): network_get_netlink_status(in)--if_name=wlan0
11-02 18:38:17.283 I/AdvancedPorting-PORT_MODULE_NET( 4419): net.network.isconnected = no
11-02 18:38:17.283 I/AdvancedPorting-PORT_MODULE_NET( 4419): wlan0 --network_get_netlink_status return retval=1
11-02 18:38:17.283 I/AdvancedPorting-PORT_MODULE_NET( 4419): stat = 1 last_status = 1
11-02 18:38:17.379 I/Advanced( 4419): [QUEUE] share_queue_sendEx size:1 4097 710 0x8efc5f30,postLoopId:0,dstid:1.
11-02 18:38:17.521 D/[blink]DOMTimer( 4419): [fired] 0x48353468 timeout fired.
11-02 18:38:17.521 D/ScriptController( 4419): [executeScriptAndReturnValue] [V8] evaluate Script start. frame=0x49141a48 url= line=1. source length=22
11-02 18:38:17.521 D/iPanel  ( 4419): iPanel.debug("checkOverlayCreated")
11-02 18:38:17.521 D/[blink]DOMTimer( 4419): [DOMTimer] 0x483534d8 setTimeout 300ms, repeat:0.
11-02 18:38:17.521 D/ScriptController( 4419): [executeScriptAndReturnValue] [V8] evaluate Script end. frame=0x49141a48 
11-02 18:38:17.579 I/Advanced( 4419): [QUEUE] share_queue_sendEx size:1 4097 711 0x8efc5f30,postLoopId:0,dstid:1.
11-02 18:38:17.745 D/BackBootDealerNeimeng( 2367): standbyState:
11-02 18:38:17.745 E/NetUtils( 2021): Interface eth0 LinkDown!
11-02 18:38:17.779 I/Advanced( 4419): [QUEUE] share_queue_sendEx size:1 4097 712 0x8efc5f30,postLoopId:0,dstid:1.
11-02 18:38:17.821 D/AppRuleBaseDealer( 2367): stopNoAuthoApps processName:com.ipanel.android_webview.shell
11-02 18:38:17.821 D/[blink]DOMTimer( 4419): [fired] 0x483534d8 timeout fired.
11-02 18:38:17.821 D/ScriptController( 4419): [executeScriptAndReturnValue] [V8] evaluate Script start. frame=0x49141a48 url= line=1. source length=22
11-02 18:38:17.821 I/ActivityManager( 2021): Force stopping com.ipanel.android_webview.shell appid=10024 user=0: from pid 2367
11-02 18:38:17.821 D/iPanel  ( 4419): iPanel.debug("checkOverlayCreated")
11-02 18:38:17.821 I/ActivityManager( 2021): Killing 4419:com.ipanel.android_webview.shell/u0a24 (adj 0): stop com.ipanel.android_webview.shell
11-02 18:38:17.821 D/[blink]DOMTimer( 4419): [DOMTimer] 0x48353548 setTimeout 300ms, repeat:0.
11-02 18:38:17.841 I/WindowState( 2021): WIN DEATH: Window{28d87abd u0 com.ipanel.android_webview.shell/com.ipanel.webapp.BrowserActivity}
11-02 18:38:17.841 D/ConnectivityService( 2021): ConnectivityService NetworkRequestInfo binderDied(NetworkRequest [ id=7, legacyType=-1, [ Capabilities: INTERNET&NOT_RESTRICTED&TRUSTED] ], android.os.BinderProxy@67804b0)
11-02 18:38:17.841 W/WindowManager( 2021): Force-removing child win Window{12d40fac u0 SurfaceView} from container Window{28d87abd u0 com.ipanel.android_webview.shell/com.ipanel.webapp.BrowserActivity}
11-02 18:38:17.842 D/ConnectivityService( 2021): releasing NetworkRequest NetworkRequest [ id=7, legacyType=-1, [ Capabilities: INTERNET&NOT_RESTRICTED&TRUSTED] ]
11-02 18:38:17.847 E/ConnectivityService( 2021): RemoteException caught trying to send a callback msg for NetworkRequest [ id=7, legacyType=-1, [ Capabilities: INTERNET&NOT_RESTRICTED&TRUSTED] ]
11-02 18:38:17.850 W/WindowManager( 2021): Force-removing child win Window{1ba1fdfe u0 SurfaceView} from container Window{28d87abd u0 com.ipanel.android_webview.shell/com.ipanel.webapp.BrowserActivity}
11-02 18:38:17.856 W/WindowManager( 2021): Failed looking up window
11-02 18:38:17.856 W/WindowManager( 2021): java.lang.IllegalArgumentException: Requested window android.os.BinderProxy@81705b9 does not exist
11-02 18:38:17.856 W/WindowManager( 2021): 	at com.android.server.wm.WindowManagerService.windowForClientLocked(WindowManagerService.java:8654)
11-02 18:38:17.856 W/WindowManager( 2021): 	at com.android.server.wm.WindowManagerService.windowForClientLocked(WindowManagerService.java:8645)
11-02 18:38:17.856 W/WindowManager( 2021): 	at com.android.server.wm.WindowState$DeathRecipient.binderDied(WindowState.java:1142)
11-02 18:38:17.856 W/WindowManager( 2021): 	at android.os.BinderProxy.sendDeathNotice(Binder.java:551)
11-02 18:38:17.856 I/WindowState( 2021): WIN DEATH: null
11-02 18:38:17.856 W/WindowManager( 2021): Failed looking up window
11-02 18:38:17.856 W/WindowManager( 2021): java.lang.IllegalArgumentException: Requested window android.os.BinderProxy@fd0b95f does not exist
11-02 18:38:17.856 W/WindowManager( 2021): 	at com.android.server.wm.WindowManagerService.windowForClientLocked(WindowManagerService.java:8654)
11-02 18:38:17.856 W/WindowManager( 2021): 	at com.android.server.wm.WindowManagerService.windowForClientLocked(WindowManagerService.java:8645)
11-02 18:38:17.856 W/WindowManager( 2021): 	at com.android.server.wm.WindowState$DeathRecipient.binderDied(WindowState.java:1142)
11-02 18:38:17.856 W/WindowManager( 2021): 	at android.os.BinderProxy.sendDeathNotice(Binder.java:551)
11-02 18:38:17.856 I/WindowState( 2021): WIN DEATH: null
11-02 18:38:17.875 W/ActivityManager( 2021): Force removing ActivityRecord{3e4629b4 u0 com.ipanel.android_webview.shell/com.ipanel.webapp.BrowserActivity t143}: app died, no saved state
11-02 18:38:17.878 W/ActivityManager( 2021): Spurious death for ProcessRecord{22a7cf29 4419:com.ipanel.android_webview.shell/u0a24}, curProc for 4419: null
11-02 18:38:17.878 D/AppRuleBaseDealer( 2367): stopNoAuthoApps processName:com.suma.midware.home
11-02 18:38:17.878 D/AppRuleBaseDealer( 2367): stopNoAuthoApps processName:com.suma.midware.setting
11-02 18:38:17.878 D/AppRuleBaseDealer( 2367): stopNoAuthoApps processName:com.amlogic.inputmethod.remote
11-02 18:38:17.879 I/ActivityManager( 2021): Force stopping com.amlogic.inputmethod.remote appid=10019 user=0: from pid 2367
11-02 18:38:17.879 I/ActivityManager( 2021): Killing 4384:com.amlogic.inputmethod.remote/u0a19 (adj 2): stop com.amlogic.inputmethod.remote
11-02 18:38:17.885 W/ActivityManager( 2021): Scheduling restart of crashed service com.amlogic.inputmethod.remote/.RemoteIME in 1000ms
11-02 18:38:17.885 I/ActivityManager( 2021):   Force stopping service ServiceRecord{113344fa u0 com.amlogic.inputmethod.remote/.RemoteIME}
11-02 18:38:17.890 W/InputMethodManagerService( 2021): Session failed to close due to remote exception
11-02 18:38:17.890 W/InputMethodManagerService( 2021): android.os.DeadObjectException
11-02 18:38:17.890 W/InputMethodManagerService( 2021): 	at android.os.BinderProxy.transactNative(Native Method)
11-02 18:38:17.890 W/InputMethodManagerService( 2021): 	at android.os.BinderProxy.transact(Binder.java:496)
11-02 18:38:17.890 W/InputMethodManagerService( 2021): 	at com.android.internal.view.IInputMethodSession$Stub$Proxy.finishSession(IInputMethodSession.java:305)
11-02 18:38:17.890 W/InputMethodManagerService( 2021): 	at com.android.server.InputMethodManagerService.finishSessionLocked(InputMethodManagerService.java:1420)
11-02 18:38:17.890 W/InputMethodManagerService( 2021): 	at com.android.server.InputMethodManagerService.clearClientSessionLocked(InputMethodManagerService.java:1411)
11-02 18:38:17.890 W/InputMethodManagerService( 2021): 	at com.android.server.InputMethodManagerService.clearCurMethodLocked(InputMethodManagerService.java:1437)
11-02 18:38:17.890 W/InputMethodManagerService( 2021): 	at com.android.server.InputMethodManagerService.onServiceDisconnected(InputMethodManagerService.java:1456)
11-02 18:38:17.890 W/InputMethodManagerService( 2021): 	at android.app.LoadedApk$ServiceDispatcher.doDeath(LoadedApk.java:1215)
11-02 18:38:17.890 W/InputMethodManagerService( 2021): 	at android.app.LoadedApk$ServiceDispatcher$RunConnection.run(LoadedApk.java:1229)
11-02 18:38:17.890 W/InputMethodManagerService( 2021): 	at android.os.Handler.handleCallback(Handler.java:739)
11-02 18:38:17.890 W/InputMethodManagerService( 2021): 	at android.os.Handler.dispatchMessage(Handler.java:95)
11-02 18:38:17.890 W/InputMethodManagerService( 2021): 	at android.os.Looper.loop(Looper.java:135)
11-02 18:38:17.890 W/InputMethodManagerService( 2021): 	at com.android.server.SystemServer.run(SystemServer.java:383)
11-02 18:38:17.890 W/InputMethodManagerService( 2021): 	at com.android.server.SystemServer.main(SystemServer.java:178)
11-02 18:38:17.890 W/InputMethodManagerService( 2021): 	at java.lang.reflect.Method.invoke(Native Method)
11-02 18:38:17.890 W/InputMethodManagerService( 2021): 	at java.lang.reflect.Method.invoke(Method.java:372)
11-02 18:38:17.890 W/InputMethodManagerService( 2021): 	at com.android.internal.os.ZygoteInit$MethodAndArgsCaller.run(ZygoteInit.java:903)
11-02 18:38:17.890 W/InputMethodManagerService( 2021): 	at com.android.internal.os.ZygoteInit.main(ZygoteInit.java:698)
