11-28 17:38:31.947 E/NetUtils( 2031): Interface eth0 LinkUp!
11-28 17:38:32.043 I/Advanced( 3082): [QUEUE] share_queue_sendEx size:1 4097 507 0x8fde4a48,postLoopId:0,dstid:1.
11-28 17:38:32.244 I/Advanced( 3082): [QUEUE] share_queue_sendEx size:1 4097 508 0x8fde4a48,postLoopId:0,dstid:1.
11-28 17:38:32.444 I/Advanced( 3082): [QUEUE] share_queue_sendEx size:1 4097 509 0x8fde4a48,postLoopId:0,dstid:1.
11-28 17:38:32.448 D/BackBootDealerNeimeng( 2383): standbyState:
11-28 17:38:32.449 E/NetUtils( 2031): Interface eth0 LinkUp!
11-28 17:38:32.450 W/ContextImpl( 2383): Calling a method in the system process without a qualified user: android.app.ContextImpl.sendBroadcast:1345 android.content.ContextWrapper.sendBroadcast:377 com.suma.midware.back.esg.e.f:-1 com.suma.midware.back.esg.f.run:-1 com.suma.midware.prop.util.c.run:-1 
11-28 17:38:32.603 I/AdvancedPorting-PORT_MODULE_NET( 3082): network_task while... 
11-28 17:38:32.603 I/AdvancedPorting-PORT_MODULE_NET( 3082): 0 interface name: lo
11-28 17:38:32.603 I/AdvancedPorting-PORT_MODULE_NET( 3082): 1 interface name: eth0
11-28 17:38:32.603 I/AdvancedPorting-PORT_MODULE_NET( 3082): 2 interface name: wlan0
11-28 17:38:32.603 I/AdvancedPorting-PORT_MODULE_NET( 3082): First interface name: lo
11-28 17:38:32.603 I/AdvancedPorting-PORT_MODULE_NET( 3082): network_task while...  net_i:1
11-28 17:38:32.603 I/AdvancedPorting-PORT_MODULE_NET( 3082): network_task while---name_interface[0]=lo
11-28 17:38:32.603 I/AdvancedPorting-PORT_MODULE_NET( 3082): network_task while---name_interface[1]=eth0
11-28 17:38:32.603 I/AdvancedPorting-PORT_MODULE_NET( 3082): network_task while---interface_name=eth0
11-28 17:38:32.603 I/AdvancedPorting-PORT_MODULE_NET( 3082): network_get_netlink_status(in)--if_name=eth0
11-28 17:38:32.603 I/AdvancedPorting-PORT_MODULE_NET( 3082): net.network.isconnected = no
11-28 17:38:32.603 I/AdvancedPorting-PORT_MODULE_NET( 3082): eth0 --network_get_netlink_status return retval=1
11-28 17:38:32.603 I/AdvancedPorting-PORT_MODULE_NET( 3082): stat = 1 last_status = 1
11-28 17:38:32.644 I/Advanced( 3082): [QUEUE] share_queue_sendEx size:1 4097 510 0x8fde4a48,postLoopId:0,dstid:1.
11-28 17:38:32.845 I/Advanced( 3082): [QUEUE] share_queue_sendEx size:1 4097 511 0x8fde4a48,postLoopId:0,dstid:1.
11-28 17:38:32.949 D/BackBootDealerNeimeng( 2383): standbyState:
11-28 17:38:32.950 E/NetUtils( 2031): Interface eth0 LinkUp!
11-28 17:38:33.045 I/Advanced( 3082): [QUEUE] share_queue_sendEx size:1 4097 512 0x8fde4a48,postLoopId:0,dstid:1.
11-28 17:38:33.245 I/Advanced( 3082): [QUEUE] share_queue_sendEx size:1 4097 513 0x8fde4a48,postLoopId:0,dstid:1.
11-28 17:38:33.446 I/Advanced( 3082): [QUEUE] share_queue_sendEx size:1 4097 514 0x8fde4a48,postLoopId:0,dstid:1.
11-28 17:38:33.450 D/BackBootDealerNeimeng( 2383): standbyState:
11-28 17:38:33.451 E/NetUtils( 2031): Interface eth0 LinkUp!
11-28 17:38:33.452 W/ContextImpl( 2383): Calling a method in the system process without a qualified user: android.app.ContextImpl.sendBroadcast:1345 android.content.ContextWrapper.sendBroadcast:377 com.suma.midware.back.esg.e.f:-1 com.suma.midware.back.esg.f.run:-1 com.suma.midware.prop.util.c.run:-1 
11-28 17:38:33.603 I/AdvancedPorting-PORT_MODULE_NET( 3082): network_task while... 
11-28 17:38:33.603 I/AdvancedPorting-PORT_MODULE_NET( 3082): 0 interface name: lo
11-28 17:38:33.603 I/AdvancedPorting-PORT_MODULE_NET( 3082): 1 interface name: eth0
11-28 17:38:33.603 I/AdvancedPorting-PORT_MODULE_NET( 3082): 2 interface name: wlan0
11-28 17:38:33.603 I/AdvancedPorting-PORT_MODULE_NET( 3082): First interface name: lo
11-28 17:38:33.603 I/AdvancedPorting-PORT_MODULE_NET( 3082): network_task while...  net_i:1
11-28 17:38:33.603 I/AdvancedPorting-PORT_MODULE_NET( 3082): network_task while---name_interface[0]=lo
11-28 17:38:33.603 I/AdvancedPorting-PORT_MODULE_NET( 3082): network_task while---name_interface[1]=eth0
11-28 17:38:33.603 I/AdvancedPorting-PORT_MODULE_NET( 3082): network_task while---interface_name=eth0
11-28 17:38:33.603 I/AdvancedPorting-PORT_MODULE_NET( 3082): network_get_netlink_status(in)--if_name=eth0
11-28 17:38:33.603 I/AdvancedPorting-PORT_MODULE_NET( 3082): net.network.isconnected = no
11-28 17:38:33.603 I/AdvancedPorting-PORT_MODULE_NET( 3082): eth0 --network_get_netlink_status return retval=1
11-28 17:38:33.603 I/AdvancedPorting-PORT_MODULE_NET( 3082): stat = 1 last_status = 1
11-28 17:38:33.647 I/Advanced( 3082): [QUEUE] share_queue_sendEx size:1 4097 515 0x8fde4a48,postLoopId:0,dstid:1.
11-28 17:38:33.847 I/Advanced( 3082): [QUEUE] share_queue_sendEx size:1 4097 516 0x8fde4a48,postLoopId:0,dstid:1.
11-28 17:38:33.951 D/BackBootDealerNeimeng( 2383): standbyState:
11-28 17:38:33.952 E/NetUtils( 2031): Interface eth0 LinkUp!
11-28 17:38:34.047 I/Advanced( 3082): [QUEUE] share_queue_sendEx size:1 4097 517 0x8fde4a48,postLoopId:0,dstid:1.
11-28 17:38:34.248 I/Advanced( 3082): [QUEUE] share_queue_sendEx size:1 4097 518 0x8fde4a48,postLoopId:0,dstid:1.
11-28 17:38:34.448 I/Advanced( 3082): [QUEUE] share_queue_sendEx size:1 4097 519 0x8fde4a48,postLoopId:0,dstid:1.
11-28 17:38:34.453 D/BackBootDealerNeimeng( 2383): standbyState:
11-28 17:38:34.454 E/NetUtils( 2031): Interface eth0 LinkUp!
11-28 17:38:34.603 I/AdvancedPorting-PORT_MODULE_NET( 3082): network_task while... 
11-28 17:38:34.603 I/AdvancedPorting-PORT_MODULE_NET( 3082): 0 interface name: lo
11-28 17:38:34.603 I/AdvancedPorting-PORT_MODULE_NET( 3082): 1 interface name: eth0
11-28 17:38:34.603 I/AdvancedPorting-PORT_MODULE_NET( 3082): 2 interface name: wlan0
11-28 17:38:34.604 I/AdvancedPorting-PORT_MODULE_NET( 3082): First interface name: lo
11-28 17:38:34.604 I/AdvancedPorting-PORT_MODULE_NET( 3082): network_task while...  net_i:1
11-28 17:38:34.604 I/AdvancedPorting-PORT_MODULE_NET( 3082): network_task while---name_interface[0]=lo
11-28 17:38:34.604 I/AdvancedPorting-PORT_MODULE_NET( 3082): network_task while---name_interface[1]=eth0
11-28 17:38:34.604 I/AdvancedPorting-PORT_MODULE_NET( 3082): network_task while---interface_name=eth0
11-28 17:38:34.604 I/AdvancedPorting-PORT_MODULE_NET( 3082): network_get_netlink_status(in)--if_name=eth0
11-28 17:38:34.604 I/AdvancedPorting-PORT_MODULE_NET( 3082): net.network.isconnected = no
11-28 17:38:34.604 I/AdvancedPorting-PORT_MODULE_NET( 3082): eth0 --network_get_netlink_status return retval=1
11-28 17:38:34.604 I/AdvancedPorting-PORT_MODULE_NET( 3082): stat = 1 last_status = 1
11-28 17:38:34.858 I/Advanced( 3082): [QUEUE] share_queue_sendEx size:1 4097 521 0x8fde4a48,postLoopId:0,dstid:1.
11-28 17:38:34.939 D/Advertiser( 2443): End of sleep at time:1511861914939
11-28 17:38:34.939 D/Advertiser( 2443): Begin announce....with thread:org.cybergarage.d.b.a@15f10bb4
11-28 17:38:34.939 D/TimerUtil( 2443): waitRandom time=300,waitTime=236
11-28 17:38:34.939 D/Device  ( 2443): announce deviceDataBindAddress null
11-28 17:38:34.944 D/Device  ( 2443): announce 0 bindAddress=10.0.0.86
11-28 17:38:34.945 D/HTTPMUSocket( 2443): open addr=239.255.255.250,port=1900,bindAddr=10.0.0.86
11-28 17:38:34.949 D/HTTPMUSocket( 2443): send msg:NOTIFY * HTTP/1.1
11-28 17:38:34.949 D/HTTPMUSocket( 2443): Server: Linux/3.18.24_hi3798mv2x UPnP/1.0 CyberLinkJava/1.8
11-28 17:38:34.949 D/HTTPMUSocket( 2443): Cache-Control: max-age=1800
11-28 17:38:34.949 D/HTTPMUSocket( 2443): Location: http://10.0.0.86:38520/description.xml
11-28 17:38:34.949 D/HTTPMUSocket( 2443): NTS: ssdp:alive
11-28 17:38:34.949 D/HTTPMUSocket( 2443): NT: upnp:rootdevice
11-28 17:38:34.949 D/HTTPMUSocket( 2443): USN: uuid:bedb84c3-dcc5-4b75-8e79-308771ab5a9f::upnp:rootdevice
11-28 17:38:34.949 D/HTTPMUSocket( 2443): HOST: 239.255.255.250:1900
11-28 17:38:34.949 D/HTTPMUSocket( 2443): 
11-28 17:38:34.949 D/HTTPMUSocket( 2443): bindAddr:null and port:-1
11-28 17:38:34.950 D/HTTPMUSocket( 2443): /10.0.0.86
11-28 17:38:34.951 D/HTTPMUSocket( 2443): send msg:NOTIFY * HTTP/1.1
11-28 17:38:34.951 D/HTTPMUSocket( 2443): Server: Linux/3.18.24_hi3798mv2x UPnP/1.0 CyberLinkJava/1.8
11-28 17:38:34.951 D/HTTPMUSocket( 2443): Cache-Control: max-age=1800
11-28 17:38:34.951 D/HTTPMUSocket( 2443): Location: http://10.0.0.86:38520/description.xml
11-28 17:38:34.951 D/HTTPMUSocket( 2443): NTS: ssdp:alive
11-28 17:38:34.951 D/HTTPMUSocket( 2443): NT: uuid:bedb84c3-dcc5-4b75-8e79-308771ab5a9f
11-28 17:38:34.951 D/HTTPMUSocket( 2443): USN: uuid:bedb84c3-dcc5-4b75-8e79-308771ab5a9f
11-28 17:38:34.951 D/HTTPMUSocket( 2443): HOST: 239.255.255.250:1900
11-28 17:38:34.951 D/HTTPMUSocket( 2443): 
11-28 17:38:34.951 D/HTTPMUSocket( 2443): bindAddr:null and port:-1
11-28 17:38:34.951 D/HTTPMUSocket( 2443): /10.0.0.86
11-28 17:38:34.952 D/HTTPMUSocket( 2443): send msg:NOTIFY * HTTP/1.1
11-28 17:38:34.952 D/HTTPMUSocket( 2443): Server: Linux/3.18.24_hi3798mv2x UPnP/1.0 CyberLinkJava/1.8
11-28 17:38:34.952 D/HTTPMUSocket( 2443): Cache-Control: max-age=1800
11-28 17:38:34.952 D/HTTPMUSocket( 2443): Location: http://10.0.0.86:38520/description.xml
11-28 17:38:34.952 D/HTTPMUSocket( 2443): NTS: ssdp:alive
11-28 17:38:34.952 D/HTTPMUSocket( 2443): NT: urn:schemas-upnp-org:device:MediaServer:1
11-28 17:38:34.952 D/HTTPMUSocket( 2443): USN: uuid:bedb84c3-dcc5-4b75-8e79-308771ab5a9f::urn:schemas-upnp-org:device:MediaServer:1
11-28 17:38:34.952 D/HTTPMUSocket( 2443): HOST: 239.255.255.250:1900
11-28 17:38:34.952 D/HTTPMUSocket( 2443): 
11-28 17:38:34.952 D/HTTPMUSocket( 2443): bindAddr:null and port:-1
11-28 17:38:34.953 D/HTTPMUSocket( 2443): /10.0.0.86
11-28 17:38:34.953 D/Device  ( 2443): announce bindAddr=10.0.0.86,devLocation=http://10.0.0.86:38520/description.xml,location=http://10.0.0.86:38520/description.xml
11-28 17:38:34.953 D/Device  ( 2443): announce bindAddr=10.0.0.86,serviceDesUrl=
11-28 17:38:34.954 D/HTTPMUSocket( 2443): open addr=239.255.255.250,port=1900,bindAddr=10.0.0.86
11-28 17:38:34.954 D/BackBootDealerNeimeng( 2383): standbyState:
11-28 17:38:34.955 E/NetUtils( 2031): Interface eth0 LinkUp!
11-28 17:38:34.958 D/TimerUtil( 2443): waitRandom time=300,waitTime=14
11-28 17:38:34.959 D/HTTPMUSocket( 2443): send msg:NOTIFY * HTTP/1.1
11-28 17:38:34.959 D/HTTPMUSocket( 2443): Server: Linux/3.18.24_hi3798mv2x UPnP/1.0 CyberLinkJava/1.8
11-28 17:38:34.959 D/HTTPMUSocket( 2443): Cache-Control: max-age=1800
11-28 17:38:34.959 D/HTTPMUSocket( 2443): Location: http://10.0.0.86:38520/description.xml
11-28 17:38:34.959 D/HTTPMUSocket( 2443): NTS: ssdp:alive
11-28 17:38:34.959 D/HTTPMUSocket( 2443): NT: urn:schemas-upnp-org:service:ContentDirectory:1
11-28 17:38:34.959 D/HTTPMUSocket( 2443): USN: uuid:bedb84c3-dcc5-4b75-8e79-308771ab5a9f::urn:schemas-upnp-org:service:ContentDirectory:1
11-28 17:38:34.959 D/HTTPMUSocket( 2443): HOST: 239.255.255.250:1900
11-28 17:38:34.959 D/HTTPMUSocket( 2443): 
11-28 17:38:34.959 D/HTTPMUSocket( 2443): bindAddr:null and port:-1
11-28 17:38:34.959 D/HTTPMUSocket( 2443): /10.0.0.86
11-28 17:38:34.960 D/Device  ( 2443): announce bindAddr=10.0.0.86,serviceDesUrl=
11-28 17:38:34.961 D/HTTPMUSocket( 2443): open addr=239.255.255.250,port=1900,bindAddr=10.0.0.86
11-28 17:38:34.965 D/TimerUtil( 2443): waitRandom time=300,waitTime=263
11-28 17:38:34.965 D/HTTPMUSocket( 2443): send msg:NOTIFY * HTTP/1.1
11-28 17:38:34.965 D/HTTPMUSocket( 2443): Server: Linux/3.18.24_hi3798mv2x UPnP/1.0 CyberLinkJava/1.8
11-28 17:38:34.965 D/HTTPMUSocket( 2443): Cache-Control: max-age=1800
11-28 17:38:34.965 D/HTTPMUSocket( 2443): Location: http://10.0.0.86:38520/description.xml
11-28 17:38:34.965 D/HTTPMUSocket( 2443): NTS: ssdp:alive
11-28 17:38:34.965 D/HTTPMUSocket( 2443): NT: urn:schemas-upnp-org:service:ConnectionManager:1
11-28 17:38:34.965 D/HTTPMUSocket( 2443): USN: uuid:bedb84c3-dcc5-4b75-8e79-308771ab5a9f::urn:schemas-upnp-org:service:ConnectionManager:1
11-28 17:38:34.965 D/HTTPMUSocket( 2443): HOST: 239.255.255.250:1900
11-28 17:38:34.965 D/HTTPMUSocket( 2443): 
11-28 17:38:34.965 D/HTTPMUSocket( 2443): bindAddr:null and port:-1
11-28 17:38:34.966 D/HTTPMUSocket( 2443): /10.0.0.86
11-28 17:38:34.966 D/Device  ( 2443): announce bindAddr=10.0.0.86,serviceDesUrl=
11-28 17:38:34.967 D/HTTPMUSocket( 2443): open addr=239.255.255.250,port=1900,bindAddr=10.0.0.86
11-28 17:38:34.970 D/TimerUtil( 2443): waitRandom time=300,waitTime=245
11-28 17:38:34.971 D/HTTPMUSocket( 2443): send msg:NOTIFY * HTTP/1.1
11-28 17:38:34.971 D/HTTPMUSocket( 2443): Server: Linux/3.18.24_hi3798mv2x UPnP/1.0 CyberLinkJava/1.8
11-28 17:38:34.971 D/HTTPMUSocket( 2443): Cache-Control: max-age=1800
11-28 17:38:34.971 D/HTTPMUSocket( 2443): Location: http://10.0.0.86:38520/description.xml
11-28 17:38:34.971 D/HTTPMUSocket( 2443): NTS: ssdp:alive
11-28 17:38:34.971 D/HTTPMUSocket( 2443): NT: urn:schemas-upnp-org:service:AVTransport:1
11-28 17:38:34.971 D/HTTPMUSocket( 2443): USN: uuid:bedb84c3-dcc5-4b75-8e79-308771ab5a9f::urn:schemas-upnp-org:service:AVTransport:1
11-28 17:38:34.971 D/HTTPMUSocket( 2443): HOST: 239.255.255.250:1900
11-28 17:38:34.971 D/HTTPMUSocket( 2443): 
11-28 17:38:34.971 D/HTTPMUSocket( 2443): bindAddr:null and port:-1
11-28 17:38:34.971 D/HTTPMUSocket( 2443): /10.0.0.86
11-28 17:38:34.972 D/Device  ( 2443): announce bindAddr=10.0.0.86,serviceDesUrl=
11-28 17:38:34.972 D/HTTPMUSocket( 2443): open addr=239.255.255.250,port=1900,bindAddr=10.0.0.86
11-28 17:38:34.975 D/TimerUtil( 2443): waitRandom time=300,waitTime=276
11-28 17:38:34.975 D/HTTPMUSocket( 2443): send msg:NOTIFY * HTTP/1.1
11-28 17:38:34.975 D/HTTPMUSocket( 2443): Server: Linux/3.18.24_hi3798mv2x UPnP/1.0 CyberLinkJava/1.8
11-28 17:38:34.975 D/HTTPMUSocket( 2443): Cache-Control: max-age=1800
11-28 17:38:34.975 D/HTTPMUSocket( 2443): Location: http://10.0.0.86:38520/description.xml
11-28 17:38:34.975 D/HTTPMUSocket( 2443): NTS: ssdp:alive
11-28 17:38:34.975 D/HTTPMUSocket( 2443): NT: urn:sumavision.com:service:X_SUMA_EVENT:1
11-28 17:38:34.975 D/HTTPMUSocket( 2443): USN: uuid:bedb84c3-dcc5-4b75-8e79-308771ab5a9f::urn:sumavision.com:service:X_SUMA_EVENT:1
11-28 17:38:34.975 D/HTTPMUSocket( 2443): HOST: 239.255.255.250:1900
11-28 17:38:34.975 D/HTTPMUSocket( 2443): 
11-28 17:38:34.975 D/HTTPMUSocket( 2443): bindAddr:null and port:-1
11-28 17:38:34.976 D/HTTPMUSocket( 2443): /10.0.0.86
11-28 17:38:34.976 D/Device  ( 2443): announce 1 bindAddress=192.168.31.244
11-28 17:38:34.976 D/HTTPMUSocket( 2443): open addr=239.255.255.250,port=1900,bindAddr=192.168.31.244
11-28 17:38:34.980 D/HTTPMUSocket( 2443): send msg:NOTIFY * HTTP/1.1
11-28 17:38:34.980 D/HTTPMUSocket( 2443): Server: Linux/3.18.24_hi3798mv2x UPnP/1.0 CyberLinkJava/1.8
11-28 17:38:34.980 D/HTTPMUSocket( 2443): Cache-Control: max-age=1800
11-28 17:38:34.980 D/HTTPMUSocket( 2443): Location: http://192.168.31.244:38520/description.xml
11-28 17:38:34.980 D/HTTPMUSocket( 2443): NTS: ssdp:alive
11-28 17:38:34.980 D/HTTPMUSocket( 2443): NT: upnp:rootdevice
11-28 17:38:34.980 D/HTTPMUSocket( 2443): USN: uuid:bedb84c3-dcc5-4b75-8e79-308771ab5a9f::upnp:rootdevice
11-28 17:38:34.980 D/HTTPMUSocket( 2443): HOST: 239.255.255.250:1900
11-28 17:38:34.980 D/HTTPMUSocket( 2443): 
11-28 17:38:34.980 D/HTTPMUSocket( 2443): bindAddr:null and port:-1
11-28 17:38:34.980 D/HTTPMUSocket( 2443): /192.168.31.244
11-28 17:38:34.981 D/HTTPMUSocket( 2443): send msg:NOTIFY * HTTP/1.1
11-28 17:38:34.981 D/HTTPMUSocket( 2443): Server: Linux/3.18.24_hi3798mv2x UPnP/1.0 CyberLinkJava/1.8
11-28 17:38:34.981 D/HTTPMUSocket( 2443): Cache-Control: max-age=1800
11-28 17:38:34.981 D/HTTPMUSocket( 2443): Location: http://192.168.31.244:38520/description.xml
11-28 17:38:34.981 D/HTTPMUSocket( 2443): NTS: ssdp:alive
11-28 17:38:34.981 D/HTTPMUSocket( 2443): NT: uuid:bedb84c3-dcc5-4b75-8e79-308771ab5a9f
11-28 17:38:34.981 D/HTTPMUSocket( 2443): USN: uuid:bedb84c3-dcc5-4b75-8e79-308771ab5a9f
11-28 17:38:34.981 D/HTTPMUSocket( 2443): HOST: 239.255.255.250:1900
11-28 17:38:34.981 D/HTTPMUSocket( 2443): 
11-28 17:38:34.981 D/HTTPMUSocket( 2443): bindAddr:null and port:-1
11-28 17:38:34.981 D/HTTPMUSocket( 2443): /192.168.31.244
11-28 17:38:34.982 D/HTTPMUSocket( 2443): send msg:NOTIFY * HTTP/1.1
11-28 17:38:34.982 D/HTTPMUSocket( 2443): Server: Linux/3.18.24_hi3798mv2x UPnP/1.0 CyberLinkJava/1.8
11-28 17:38:34.982 D/HTTPMUSocket( 2443): Cache-Control: max-age=1800
11-28 17:38:34.982 D/HTTPMUSocket( 2443): Location: http://192.168.31.244:38520/description.xml
11-28 17:38:34.982 D/HTTPMUSocket( 2443): NTS: ssdp:alive
11-28 17:38:34.982 D/HTTPMUSocket( 2443): NT: urn:schemas-upnp-org:device:MediaServer:1
11-28 17:38:34.982 D/HTTPMUSocket( 2443): USN: uuid:bedb84c3-dcc5-4b75-8e79-308771ab5a9f::urn:schemas-upnp-org:device:MediaServer:1
11-28 17:38:34.982 D/HTTPMUSocket( 2443): HOST: 239.255.255.250:1900
11-28 17:38:34.982 D/HTTPMUSocket( 2443): 
11-28 17:38:34.982 D/HTTPMUSocket( 2443): bindAddr:null and port:-1
11-28 17:38:34.982 D/HTTPMUSocket( 2443): /192.168.31.244
11-28 17:38:34.983 D/Device  ( 2443): announce bindAddr=192.168.31.244,devLocation=http://192.168.31.244:38520/description.xml,location=http://192.168.31.244:38520/description.xml
11-28 17:38:34.983 D/Device  ( 2443): announce bindAddr=192.168.31.244,serviceDesUrl=
11-28 17:38:34.983 D/HTTPMUSocket( 2443): open addr=239.255.255.250,port=1900,bindAddr=192.168.31.244
11-28 17:38:34.986 D/TimerUtil( 2443): waitRandom time=300,waitTime=298
11-28 17:38:34.987 D/HTTPMUSocket( 2443): send msg:NOTIFY * HTTP/1.1
11-28 17:38:34.987 D/HTTPMUSocket( 2443): Server: Linux/3.18.24_hi3798mv2x UPnP/1.0 CyberLinkJava/1.8
11-28 17:38:34.987 D/HTTPMUSocket( 2443): Cache-Control: max-age=1800
11-28 17:38:34.987 D/HTTPMUSocket( 2443): Location: http://192.168.31.244:38520/description.xml
11-28 17:38:34.987 D/HTTPMUSocket( 2443): NTS: ssdp:alive
11-28 17:38:34.987 D/HTTPMUSocket( 2443): NT: urn:schemas-upnp-org:service:ContentDirectory:1
11-28 17:38:34.987 D/HTTPMUSocket( 2443): USN: uuid:bedb84c3-dcc5-4b75-8e79-308771ab5a9f::urn:schemas-upnp-org:service:ContentDirectory:1
11-28 17:38:34.987 D/HTTPMUSocket( 2443): HOST: 239.255.255.250:1900
11-28 17:38:34.987 D/HTTPMUSocket( 2443): 
11-28 17:38:34.987 D/HTTPMUSocket( 2443): bindAddr:null and port:-1
11-28 17:38:34.987 D/HTTPMUSocket( 2443): /192.168.31.244
11-28 17:38:34.987 D/Device  ( 2443): announce bindAddr=192.168.31.244,serviceDesUrl=
11-28 17:38:34.990 D/HTTPMUSocket( 2443): open addr=239.255.255.250,port=1900,bindAddr=192.168.31.244
11-28 17:38:34.995 D/TimerUtil( 2443): waitRandom time=300,waitTime=34
11-28 17:38:34.995 D/HTTPMUSocket( 2443): send msg:NOTIFY * HTTP/1.1
11-28 17:38:34.995 D/HTTPMUSocket( 2443): Server: Linux/3.18.24_hi3798mv2x UPnP/1.0 CyberLinkJava/1.8
11-28 17:38:34.995 D/HTTPMUSocket( 2443): Cache-Control: max-age=1800
11-28 17:38:34.995 D/HTTPMUSocket( 2443): Location: http://192.168.31.244:38520/description.xml
11-28 17:38:34.995 D/HTTPMUSocket( 2443): NTS: ssdp:alive
11-28 17:38:34.995 D/HTTPMUSocket( 2443): NT: urn:schemas-upnp-org:service:ConnectionManager:1
11-28 17:38:34.995 D/HTTPMUSocket( 2443): USN: uuid:bedb84c3-dcc5-4b75-8e79-308771ab5a9f::urn:schemas-upnp-org:service:ConnectionManager:1
11-28 17:38:34.995 D/HTTPMUSocket( 2443): HOST: 239.255.255.250:1900
11-28 17:38:34.995 D/HTTPMUSocket( 2443): 
11-28 17:38:34.996 D/HTTPMUSocket( 2443): bindAddr:null and port:-1
11-28 17:38:34.996 D/HTTPMUSocket( 2443): /192.168.31.244
11-28 17:38:34.996 D/Device  ( 2443): announce bindAddr=192.168.31.244,serviceDesUrl=
11-28 17:38:34.997 D/HTTPMUSocket( 2443): open addr=239.255.255.250,port=1900,bindAddr=192.168.31.244
11-28 17:38:35.000 D/TimerUtil( 2443): waitRandom time=300,waitTime=168
11-28 17:38:35.001 D/HTTPMUSocket( 2443): send msg:NOTIFY * HTTP/1.1
11-28 17:38:35.001 D/HTTPMUSocket( 2443): Server: Linux/3.18.24_hi3798mv2x UPnP/1.0 CyberLinkJava/1.8
11-28 17:38:35.001 D/HTTPMUSocket( 2443): Cache-Control: max-age=1800
11-28 17:38:35.001 D/HTTPMUSocket( 2443): Location: http://192.168.31.244:38520/description.xml
11-28 17:38:35.001 D/HTTPMUSocket( 2443): NTS: ssdp:alive
11-28 17:38:35.001 D/HTTPMUSocket( 2443): NT: urn:schemas-upnp-org:service:AVTransport:1
11-28 17:38:35.001 D/HTTPMUSocket( 2443): USN: uuid:bedb84c3-dcc5-4b75-8e79-308771ab5a9f::urn:schemas-upnp-org:service:AVTransport:1
11-28 17:38:35.001 D/HTTPMUSocket( 2443): HOST: 239.255.255.250:1900
11-28 17:38:35.001 D/HTTPMUSocket( 2443): 
11-28 17:38:35.001 D/HTTPMUSocket( 2443): bindAddr:null and port:-1
11-28 17:38:35.001 D/HTTPMUSocket( 2443): /192.168.31.244
11-28 17:38:35.002 D/Device  ( 2443): announce bindAddr=192.168.31.244,serviceDesUrl=
11-28 17:38:35.002 D/HTTPMUSocket( 2443): open addr=239.255.255.250,port=1900,bindAddr=192.168.31.244
11-28 17:38:35.005 D/TimerUtil( 2443): waitRandom time=300,waitTime=185
11-28 17:38:35.005 D/HTTPMUSocket( 2443): send msg:NOTIFY * HTTP/1.1
11-28 17:38:35.005 D/HTTPMUSocket( 2443): Server: Linux/3.18.24_hi3798mv2x UPnP/1.0 CyberLinkJava/1.8
11-28 17:38:35.005 D/HTTPMUSocket( 2443): Cache-Control: max-age=1800
11-28 17:38:35.005 D/HTTPMUSocket( 2443): Location: http://192.168.31.244:38520/description.xml
11-28 17:38:35.005 D/HTTPMUSocket( 2443): NTS: ssdp:alive
11-28 17:38:35.005 D/HTTPMUSocket( 2443): NT: urn:sumavision.com:service:X_SUMA_EVENT:1
11-28 17:38:35.005 D/HTTPMUSocket( 2443): USN: uuid:bedb84c3-dcc5-4b75-8e79-308771ab5a9f::urn:sumavision.com:service:X_SUMA_EVENT:1
11-28 17:38:35.005 D/HTTPMUSocket( 2443): HOST: 239.255.255.250:1900
11-28 17:38:35.005 D/HTTPMUSocket( 2443): 
11-28 17:38:35.005 D/HTTPMUSocket( 2443): bindAddr:null and port:-1
11-28 17:38:35.006 D/HTTPMUSocket( 2443): /192.168.31.244
11-28 17:38:35.006 D/Advertiser( 2443): Advertise12:46000 at time:1511861915006 with thread:org.cybergarage.d.b.a@15f10bb4
11-28 17:38:35.058 I/Advanced( 3082): [QUEUE] share_queue_sendEx size:1 4097 522 0x8fde4a48,postLoopId:0,dstid:1.
11-28 17:38:35.259 I/Advanced( 3082): [QUEUE] share_queue_sendEx size:1 4097 523 0x8fde4a48,postLoopId:0,dstid:1.
11-28 17:38:35.455 D/BackBootDealerNeimeng( 2383): standbyState:
11-28 17:38:35.456 E/NetUtils( 2031): Interface eth0 LinkUp!
11-28 17:38:35.459 I/Advanced( 3082): [QUEUE] share_queue_sendEx size:1 4097 524 0x8fde4a48,postLoopId:0,dstid:1.
11-28 17:38:35.604 I/AdvancedPorting-PORT_MODULE_NET( 3082): network_task while... 
11-28 17:38:35.604 I/AdvancedPorting-PORT_MODULE_NET( 3082): 0 interface name: lo
11-28 17:38:35.604 I/AdvancedPorting-PORT_MODULE_NET( 3082): 1 interface name: eth0
11-28 17:38:35.604 I/AdvancedPorting-PORT_MODULE_NET( 3082): 2 interface name: wlan0
11-28 17:38:35.604 I/AdvancedPorting-PORT_MODULE_NET( 3082): First interface name: lo
11-28 17:38:35.604 I/AdvancedPorting-PORT_MODULE_NET( 3082): network_task while...  net_i:1
11-28 17:38:35.604 I/AdvancedPorting-PORT_MODULE_NET( 3082): network_task while---name_interface[0]=lo
11-28 17:38:35.604 I/AdvancedPorting-PORT_MODULE_NET( 3082): network_task while---name_interface[1]=eth0
11-28 17:38:35.604 I/AdvancedPorting-PORT_MODULE_NET( 3082): network_task while---interface_name=eth0
11-28 17:38:35.604 I/AdvancedPorting-PORT_MODULE_NET( 3082): network_get_netlink_status(in)--if_name=eth0
11-28 17:38:35.604 I/AdvancedPorting-PORT_MODULE_NET( 3082): net.network.isconnected = no
11-28 17:38:35.604 I/AdvancedPorting-PORT_MODULE_NET( 3082): eth0 --network_get_netlink_status return retval=1
11-28 17:38:35.604 I/AdvancedPorting-PORT_MODULE_NET( 3082): stat = 1 last_status = 1
11-28 17:38:35.659 I/Advanced( 3082): [QUEUE] share_queue_sendEx size:1 4097 525 0x8fde4a48,postLoopId:0,dstid:1.
11-28 17:38:35.860 I/Advanced( 3082): [QUEUE] share_queue_sendEx size:1 4097 526 0x8fde4a48,postLoopId:0,dstid:1.
11-28 17:38:35.957 D/BackBootDealerNeimeng( 2383): standbyState:
11-28 17:38:35.957 E/NetUtils( 2031): Interface eth0 LinkUp!
11-28 17:38:36.015 D/HTTPServerThread( 2443): HTTP SOCKET IS:Socket[address=/192.168.31.31,port=64531,localPort=38520]
11-28 17:38:36.015 D/MediaServer( 2443): httpReq = GET /description.xml HTTP/1.1
11-28 17:38:36.015 D/MediaServer( 2443): Cache-Control: no-cache
11-28 17:38:36.015 D/MediaServer( 2443): Connection: Keep-Alive
11-28 17:38:36.015 D/MediaServer( 2443): Pragma: no-cache
11-28 17:38:36.015 D/MediaServer( 2443): Accept: text/xml, application/xml
11-28 17:38:36.015 D/MediaServer( 2443): User-Agent: DAFUPnP
11-28 17:38:36.015 D/MediaServer( 2443): Host: 192.168.31.244:38520
11-28 17:38:36.015 D/MediaServer( 2443): 
11-28 17:38:36.016 D/Device  ( 2443): LWJ--httpGetRequestRecieved(httpReq)
11-28 17:38:36.016 D/Device  ( 2443): httpGetRequestRecieved = /description.xml
11-28 17:38:36.029 D/HTTPRequest( 2443): post httpResponse location=
11-28 17:38:36.042 D/HTTPServerThread( 2443): HTTP SOCKET IS:Socket[address=/192.168.31.31,port=64531,localPort=38520]
11-28 17:38:36.042 D/HTTPServerThread( 2443): HTTP SOCKET IS:Socket[address=/192.168.31.31,port=64532,localPort=38520]
11-28 17:38:36.042 D/MediaServer( 2443): httpReq = GET /description.xml HTTP/1.1
11-28 17:38:36.042 D/MediaServer( 2443): Cache-Control: no-cache
11-28 17:38:36.042 D/MediaServer( 2443): Connection: Close
11-28 17:38:36.042 D/MediaServer( 2443): Pragma: no-cache
11-28 17:38:36.042 D/MediaServer( 2443): Accept: text/xml, application/xml
11-28 17:38:36.042 D/MediaServer( 2443): User-Agent: Microsoft-Windows/10.0 UPnP/1.0
11-28 17:38:36.042 D/MediaServer( 2443): Host: 192.168.31.244:38520
11-28 17:38:36.042 D/MediaServer( 2443): 
11-28 17:38:36.042 D/Device  ( 2443): LWJ--httpGetRequestRecieved(httpReq)
11-28 17:38:36.042 D/Device  ( 2443): httpGetRequestRecieved = /description.xml
11-28 17:38:36.042 D/MediaServer( 2443): httpReq = GET /description.xml HTTP/1.1
11-28 17:38:36.042 D/MediaServer( 2443): Cache-Control: no-cache
11-28 17:38:36.042 D/MediaServer( 2443): Connection: Keep-Alive
11-28 17:38:36.042 D/MediaServer( 2443): Pragma: no-cache
11-28 17:38:36.042 D/MediaServer( 2443): Accept: text/xml, application/xml
11-28 17:38:36.042 D/MediaServer( 2443): User-Agent: DAFUPnP
11-28 17:38:36.042 D/MediaServer( 2443): Host: 192.168.31.244:38520
11-28 17:38:36.042 D/MediaServer( 2443): 
11-28 17:38:36.042 D/Device  ( 2443): LWJ--httpGetRequestRecieved(httpReq)
11-28 17:38:36.042 D/Device  ( 2443): httpGetRequestRecieved = /description.xml
11-28 17:38:36.050 D/HTTPRequest( 2443): post httpResponse location=
11-28 17:38:36.051 D/HTTPServerThread( 2443): close http socket:Socket[address=/192.168.31.31,port=64531,localPort=38520]
11-28 17:38:36.058 D/HTTPRequest( 2443): post httpResponse location=
11-28 17:38:36.060 I/Advanced( 3082): [QUEUE] share_queue_sendEx size:1 4097 527 0x8fde4a48,postLoopId:0,dstid:1.
11-28 17:38:36.064 D/HTTPServerThread( 2443): HTTP SOCKET IS:Socket[address=/192.168.31.31,port=64532,localPort=38520]
11-28 17:38:36.065 D/MediaServer( 2443): httpReq = GET /description.xml HTTP/1.1
11-28 17:38:36.065 D/MediaServer( 2443): Cache-Control: no-cache
11-28 17:38:36.065 D/MediaServer( 2443): Connection: Close
11-28 17:38:36.065 D/MediaServer( 2443): Pragma: no-cache
11-28 17:38:36.065 D/MediaServer( 2443): Accept: text/xml, application/xml
11-28 17:38:36.065 D/MediaServer( 2443): User-Agent: Microsoft-Windows/10.0 UPnP/1.0
11-28 17:38:36.065 D/MediaServer( 2443): Host: 192.168.31.244:38520
11-28 17:38:36.065 D/MediaServer( 2443): 
11-28 17:38:36.065 D/Device  ( 2443): LWJ--httpGetRequestRecieved(httpReq)
11-28 17:38:36.065 D/Device  ( 2443): httpGetRequestRecieved = /description.xml
11-28 17:38:36.066 D/HTTPServerThread( 2443): HTTP SOCKET IS:Socket[address=/192.168.31.31,port=64533,localPort=38520]
11-28 17:38:36.066 D/MediaServer( 2443): httpReq = GET /service/ContentDirectory1.xml HTTP/1.1
11-28 17:38:36.066 D/MediaServer( 2443): Cache-Control: no-cache
11-28 17:38:36.066 D/MediaServer( 2443): Connection: Close
11-28 17:38:36.066 D/MediaServer( 2443): Pragma: no-cache
11-28 17:38:36.066 D/MediaServer( 2443): Accept: text/xml, application/xml
11-28 17:38:36.066 D/MediaServer( 2443): User-Agent: Microsoft-Windows/10.0 UPnP/1.0
11-28 17:38:36.066 D/MediaServer( 2443): Host: 192.168.31.244:38520
11-28 17:38:36.066 D/MediaServer( 2443): 
11-28 17:38:36.066 D/Device  ( 2443): LWJ--httpGetRequestRecieved(httpReq)
11-28 17:38:36.066 D/Device  ( 2443): httpGetRequestRecieved = /service/ContentDirectory1.xml
11-28 17:38:36.073 D/HTTPRequest( 2443): post httpResponse location=
11-28 17:38:36.073 D/HTTPServerThread( 2443): close http socket:Socket[address=/192.168.31.31,port=64532,localPort=38520]
11-28 17:38:36.086 D/HTTPServerThread( 2443): HTTP SOCKET IS:Socket[address=/192.168.31.31,port=64534,localPort=38520]
11-28 17:38:36.087 D/MediaServer( 2443): httpReq = GET /service/ContentDirectory1.xml HTTP/1.1
11-28 17:38:36.087 D/MediaServer( 2443): Cache-Control: no-cache
11-28 17:38:36.087 D/MediaServer( 2443): Connection: Close
11-28 17:38:36.087 D/MediaServer( 2443): Pragma: no-cache
11-28 17:38:36.087 D/MediaServer( 2443): Accept: text/xml, application/xml
11-28 17:38:36.087 D/MediaServer( 2443): User-Agent: Microsoft-Windows/10.0 UPnP/1.0
11-28 17:38:36.087 D/MediaServer( 2443): Host: 192.168.31.244:38520
11-28 17:38:36.087 D/MediaServer( 2443): 
11-28 17:38:36.087 D/Device  ( 2443): LWJ--httpGetRequestRecieved(httpReq)
11-28 17:38:36.087 D/Device  ( 2443): httpGetRequestRecieved = /service/ContentDirectory1.xml
11-28 17:38:36.117 D/HTTPRequest( 2443): post httpResponse location=
11-28 17:38:36.118 D/HTTPServerThread( 2443): close http socket:Socket[address=/192.168.31.31,port=64533,localPort=38520]
11-28 17:38:36.123 D/HTTPRequest( 2443): post httpResponse location=
11-28 17:38:36.124 D/HTTPServerThread( 2443): close http socket:Socket[address=/192.168.31.31,port=64534,localPort=38520]
11-28 17:38:36.260 I/Advanced( 3082): [QUEUE] share_queue_sendEx size:1 4097 528 0x8fde4a48,postLoopId:0,dstid:1.
11-28 17:38:36.458 D/BackBootDealerNeimeng( 2383): standbyState:
11-28 17:38:36.459 E/NetUtils( 2031): Interface eth0 LinkUp!
11-28 17:38:36.461 I/Advanced( 3082): [QUEUE] share_queue_sendEx size:1 4097 529 0x8fde4a48,postLoopId:0,dstid:1.
11-28 17:38:36.604 I/AdvancedPorting-PORT_MODULE_NET( 3082): network_task while... 
11-28 17:38:36.604 I/AdvancedPorting-PORT_MODULE_NET( 3082): 0 interface name: lo
11-28 17:38:36.604 I/AdvancedPorting-PORT_MODULE_NET( 3082): 1 interface name: eth0
11-28 17:38:36.604 I/AdvancedPorting-PORT_MODULE_NET( 3082): 2 interface name: wlan0
11-28 17:38:36.604 I/AdvancedPorting-PORT_MODULE_NET( 3082): First interface name: lo
11-28 17:38:36.604 I/AdvancedPorting-PORT_MODULE_NET( 3082): network_task while...  net_i:1
11-28 17:38:36.604 I/AdvancedPorting-PORT_MODULE_NET( 3082): network_task while---name_interface[0]=lo
11-28 17:38:36.604 I/AdvancedPorting-PORT_MODULE_NET( 3082): network_task while---name_interface[1]=eth0
11-28 17:38:36.604 I/AdvancedPorting-PORT_MODULE_NET( 3082): network_task while---interface_name=eth0
11-28 17:38:36.604 I/AdvancedPorting-PORT_MODULE_NET( 3082): network_get_netlink_status(in)--if_name=eth0
11-28 17:38:36.605 I/AdvancedPorting-PORT_MODULE_NET( 3082): net.network.isconnected = no
11-28 17:38:36.605 I/AdvancedPorting-PORT_MODULE_NET( 3082): eth0 --network_get_netlink_status return retval=1
11-28 17:38:36.605 I/AdvancedPorting-PORT_MODULE_NET( 3082): stat = 1 last_status = 1
11-28 17:38:36.661 I/Advanced( 3082): [QUEUE] share_queue_sendEx size:1 4097 530 0x8fde4a48,postLoopId:0,dstid:1.
11-28 17:38:36.862 I/Advanced( 3082): [QUEUE] share_queue_sendEx size:1 4097 531 0x8fde4a48,postLoopId:0,dstid:1.
11-28 17:38:36.959 D/BackBootDealerNeimeng( 2383): standbyState:
11-28 17:38:36.960 E/NetUtils( 2031): Interface eth0 LinkUp!
11-28 17:38:37.062 I/Advanced( 3082): [QUEUE] share_queue_sendEx size:1 4097 532 0x8fde4a48,postLoopId:0,dstid:1.
11-28 17:38:37.139 D/IPLoaderNeimeng( 2383): after wait time17:38:37:monitorInterval:5000
11-28 17:38:37.139 D/IPLoaderNeimeng( 2383): before dealUpdateCheck time:17:38:37:isMsgBroadcast:false:monitorInterval:5000:processState:1
11-28 17:38:37.139 D/IPLoaderNeimeng( 2383): dealUpdateCheck isFirstSuccessUpdate:false:monitorInterval:5000
11-28 17:38:37.140 D/LoadHttpHandler( 2383): [TN_ThreadUtil-9]doNormal proxyConfig=null
11-28 17:38:37.180 D/LoadHttpHandler( 2383): [TN_ThreadUtil-9]doNormal responseCode=404
11-28 17:38:37.180 D/LoadHttpTask( 2383): dealUpdateCheck responseCode:404:data:null:downloadResult:false
11-28 17:38:37.181 D/IPLoaderNeimeng( 2383): after dealUpdateCheck time:17:38:37:isMsgBroadcast:false:monitorInterval:5000:processState:1
11-28 17:38:37.181 D/IPLoaderNeimeng( 2383): before wait time17:38:37:monitorInterval:5000
11-28 17:38:37.461 D/BackBootDealerNeimeng( 2383): standbyState:
11-28 17:38:37.461 E/NetUtils( 2031): Interface eth0 LinkUp!
11-28 17:38:37.472 I/Advanced( 3082): [QUEUE] share_queue_sendEx size:1 4097 534 0x8fde4a48,postLoopId:0,dstid:1.
11-28 17:38:37.605 I/AdvancedPorting-PORT_MODULE_NET( 3082): network_task while... 
11-28 17:38:37.605 I/AdvancedPorting-PORT_MODULE_NET( 3082): 0 interface name: lo
11-28 17:38:37.605 I/AdvancedPorting-PORT_MODULE_NET( 3082): 1 interface name: eth0
11-28 17:38:37.605 I/AdvancedPorting-PORT_MODULE_NET( 3082): 2 interface name: wlan0
11-28 17:38:37.605 I/AdvancedPorting-PORT_MODULE_NET( 3082): First interface name: lo
11-28 17:38:37.605 I/AdvancedPorting-PORT_MODULE_NET( 3082): network_task while...  net_i:1
11-28 17:38:37.605 I/AdvancedPorting-PORT_MODULE_NET( 3082): network_task while---name_interface[0]=lo
11-28 17:38:37.605 I/AdvancedPorting-PORT_MODULE_NET( 3082): network_task while---name_interface[1]=eth0
11-28 17:38:37.605 I/AdvancedPorting-PORT_MODULE_NET( 3082): network_task while---interface_name=eth0
11-28 17:38:37.605 I/AdvancedPorting-PORT_MODULE_NET( 3082): network_get_netlink_status(in)--if_name=eth0
11-28 17:38:37.605 I/AdvancedPorting-PORT_MODULE_NET( 3082): net.network.isconnected = no
11-28 17:38:37.605 I/AdvancedPorting-PORT_MODULE_NET( 3082): eth0 --network_get_netlink_status return retval=1
11-28 17:38:37.605 I/AdvancedPorting-PORT_MODULE_NET( 3082): stat = 1 last_status = 1
11-28 17:38:37.672 I/Advanced( 3082): [QUEUE] share_queue_sendEx size:1 4097 535 0x8fde4a48,postLoopId:0,dstid:1.
11-28 17:38:37.873 I/Advanced( 3082): [QUEUE] share_queue_sendEx size:1 4097 536 0x8fde4a48,postLoopId:0,dstid:1.
11-28 17:38:37.962 D/BackBootDealerNeimeng( 2383): standbyState:
11-28 17:38:37.963 E/NetUtils( 2031): Interface eth0 LinkUp!
11-28 17:38:38.073 I/Advanced( 3082): [QUEUE] share_queue_sendEx size:1 4097 537 0x8fde4a48,postLoopId:0,dstid:1.
11-28 17:38:38.463 D/BackBootDealerNeimeng( 2383): standbyState:
11-28 17:38:38.464 E/NetUtils( 2031): Interface eth0 LinkUp!
11-28 17:38:38.483 I/Advanced( 3082): [QUEUE] share_queue_sendEx size:1 4097 539 0x8fde4a48,postLoopId:0,dstid:1.
11-28 17:38:38.605 I/AdvancedPorting-PORT_MODULE_NET( 3082): network_task while... 
11-28 17:38:38.605 I/AdvancedPorting-PORT_MODULE_NET( 3082): 0 interface name: lo
11-28 17:38:38.605 I/AdvancedPorting-PORT_MODULE_NET( 3082): 1 interface name: eth0
11-28 17:38:38.605 I/AdvancedPorting-PORT_MODULE_NET( 3082): 2 interface name: wlan0
11-28 17:38:38.606 I/AdvancedPorting-PORT_MODULE_NET( 3082): First interface name: lo
11-28 17:38:38.606 I/AdvancedPorting-PORT_MODULE_NET( 3082): network_task while...  net_i:1
11-28 17:38:38.606 I/AdvancedPorting-PORT_MODULE_NET( 3082): network_task while---name_interface[0]=lo
11-28 17:38:38.606 I/AdvancedPorting-PORT_MODULE_NET( 3082): network_task while---name_interface[1]=eth0
11-28 17:38:38.606 I/AdvancedPorting-PORT_MODULE_NET( 3082): network_task while---interface_name=eth0
11-28 17:38:38.606 I/AdvancedPorting-PORT_MODULE_NET( 3082): network_get_netlink_status(in)--if_name=eth0
11-28 17:38:38.606 I/AdvancedPorting-PORT_MODULE_NET( 3082): net.network.isconnected = no
11-28 17:38:38.606 I/AdvancedPorting-PORT_MODULE_NET( 3082): eth0 --network_get_netlink_status return retval=1
11-28 17:38:38.606 I/AdvancedPorting-PORT_MODULE_NET( 3082): stat = 1 last_status = 1
11-28 17:38:38.683 I/Advanced( 3082): [QUEUE] share_queue_sendEx size:1 4097 540 0x8fde4a48,postLoopId:0,dstid:1.
11-28 17:38:38.884 I/Advanced( 3082): [QUEUE] share_queue_sendEx size:1 4097 541 0x8fde4a48,postLoopId:0,dstid:1.
11-28 17:38:38.965 D/BackBootDealerNeimeng( 2383): standbyState:
11-28 17:38:38.965 E/NetUtils( 2031): Interface eth0 LinkUp!
11-28 17:38:39.084 I/Advanced( 3082): [QUEUE] share_queue_sendEx size:1 4097 542 0x8fde4a48,postLoopId:0,dstid:1.
11-28 17:38:39.284 I/Advanced( 3082): [QUEUE] share_queue_sendEx size:1 4097 543 0x8fde4a48,postLoopId:0,dstid:1.
11-28 17:38:39.445 W/System.err( 2852): java.net.ConnectException: failed to connect to tvos-tms.96066.com/10.254.233.5 (port 80): connect failed: ETIMEDOUT (Connection timed out)
11-28 17:38:39.446 W/System.err( 2852): 	at libcore.io.IoBridge.connect(IoBridge.java:124)
11-28 17:38:39.446 W/System.err( 2852): 	at java.net.PlainSocketImpl.connect(PlainSocketImpl.java:183)
11-28 17:38:39.446 W/System.err( 2852): 	at java.net.PlainSocketImpl.connect(PlainSocketImpl.java:456)
11-28 17:38:39.446 W/System.err( 2852): 	at java.net.Socket.connect(Socket.java:882)
11-28 17:38:39.446 W/System.err( 2852): 	at com.android.okhttp.internal.Platform.connectSocket(Platform.java:174)
11-28 17:38:39.447 W/System.err( 2852): 	at com.android.okhttp.Connection.connect(Connection.java:152)
11-28 17:38:39.447 W/System.err( 2852): 	at com.android.okhttp.internal.http.HttpEngine.connect(HttpEngine.java:276)
11-28 17:38:39.447 W/System.err( 2852): 	at com.android.okhttp.internal.http.HttpEngine.sendRequest(HttpEngine.java:211)
11-28 17:38:39.447 W/System.err( 2852): 	at com.android.okhttp.internal.http.HttpURLConnectionImpl.execute(HttpURLConnectionImpl.java:382)
11-28 17:38:39.447 W/System.err( 2852): 	at com.android.okhttp.internal.http.HttpURLConnectionImpl.connect(HttpURLConnectionImpl.java:106)
11-28 17:38:39.447 W/System.err( 2852): 	at com.android.okhttp.internal.http.HttpURLConnectionImpl.getOutputStream(HttpURLConnectionImpl.java:217)
11-28 17:38:39.447 W/System.err( 2852): 	at com.sumavision.admindm.c.f.b(Unknown Source)
11-28 17:38:39.447 W/System.err( 2852): 	at com.sumavision.admindm.c.f.a(Unknown Source)
11-28 17:38:39.447 W/System.err( 2852): 	at com.sumavision.admindm.k.a.a(Unknown Source)
11-28 17:38:39.447 W/System.err( 2852): 	at com.sumavision.admindm.c.f.e(Unknown Source)
11-28 17:38:39.447 W/System.err( 2852): 	at com.sumavision.admindm.c.a.run(Unknown Source)
11-28 17:38:39.447 W/System.err( 2852): 	at java.lang.Thread.run(Thread.java:818)
11-28 17:38:39.447 W/System.err( 2852): Caused by: android.system.ErrnoException: connect failed: ETIMEDOUT (Connection timed out)
11-28 17:38:39.448 W/System.err( 2852): 	at libcore.io.Posix.connect(Native Method)
11-28 17:38:39.448 W/System.err( 2852): 	at libcore.io.BlockGuardOs.connect(BlockGuardOs.java:111)
11-28 17:38:39.448 W/System.err( 2852): 	at libcore.io.IoBridge.connectErrno(IoBridge.java:137)
11-28 17:38:39.448 W/System.err( 2852): 	at libcore.io.IoBridge.connect(IoBridge.java:122)
11-28 17:38:39.448 W/System.err( 2852): 	... 16 more
11-28 17:38:39.449 I/Com     ( 2852): run  session.run() with fault :com.sumavision.admindm.q.a
11-28 17:38:39.449 W/System.err( 2852): com.sumavision.admindm.q.a
11-28 17:38:39.449 W/System.err( 2852): 	at com.sumavision.admindm.c.f.b(Unknown Source)
11-28 17:38:39.449 W/System.err( 2852): 	at com.sumavision.admindm.c.f.a(Unknown Source)
11-28 17:38:39.449 W/System.err( 2852): 	at com.sumavision.admindm.k.a.a(Unknown Source)
11-28 17:38:39.449 W/System.err( 2852): 	at com.sumavision.admindm.c.f.e(Unknown Source)
11-28 17:38:39.449 W/System.err( 2852): 	at com.sumavision.admindm.c.a.run(Unknown Source)
11-28 17:38:39.449 W/System.err( 2852): 	at java.lang.Thread.run(Thread.java:818)
11-28 17:38:39.449 I/Com     ( 2852): run need retry :1 and sleep :8829
11-28 17:38:39.466 D/BackBootDealerNeimeng( 2383): standbyState:
11-28 17:38:39.467 E/NetUtils( 2031): Interface eth0 LinkUp!
11-28 17:38:39.485 I/Advanced( 3082): [QUEUE] share_queue_sendEx size:1 4097 544 0x8fde4a48,postLoopId:0,dstid:1.
11-28 17:38:39.606 I/AdvancedPorting-PORT_MODULE_NET( 3082): network_task while... 
11-28 17:38:39.606 I/AdvancedPorting-PORT_MODULE_NET( 3082): 0 interface name: lo
11-28 17:38:39.606 I/AdvancedPorting-PORT_MODULE_NET( 3082): 1 interface name: eth0
11-28 17:38:39.606 I/AdvancedPorting-PORT_MODULE_NET( 3082): 2 interface name: wlan0
11-28 17:38:39.606 I/AdvancedPorting-PORT_MODULE_NET( 3082): First interface name: lo
11-28 17:38:39.606 I/AdvancedPorting-PORT_MODULE_NET( 3082): network_task while...  net_i:1
11-28 17:38:39.606 I/AdvancedPorting-PORT_MODULE_NET( 3082): network_task while---name_interface[0]=lo
11-28 17:38:39.606 I/AdvancedPorting-PORT_MODULE_NET( 3082): network_task while---name_interface[1]=eth0
11-28 17:38:39.606 I/AdvancedPorting-PORT_MODULE_NET( 3082): network_task while---interface_name=eth0
11-28 17:38:39.606 I/AdvancedPorting-PORT_MODULE_NET( 3082): network_get_netlink_status(in)--if_name=eth0
11-28 17:38:39.606 I/AdvancedPorting-PORT_MODULE_NET( 3082): net.network.isconnected = no
11-28 17:38:39.606 I/AdvancedPorting-PORT_MODULE_NET( 3082): eth0 --network_get_netlink_status return retval=1
11-28 17:38:39.606 I/AdvancedPorting-PORT_MODULE_NET( 3082): stat = 1 last_status = 1
11-28 17:38:39.685 I/Advanced( 3082): [QUEUE] share_queue_sendEx size:1 4097 545 0x8fde4a48,postLoopId:0,dstid:1.
11-28 17:38:39.967 D/BackBootDealerNeimeng( 2383): standbyState:
11-28 17:38:39.968 E/NetUtils( 2031): Interface eth0 LinkUp!
11-28 17:38:40.019 E/NetUtils( 2031): Interface eth0 LinkUp!
11-28 17:38:40.095 I/Advanced( 3082): [QUEUE] share_queue_sendEx size:1 4097 547 0x8fde4a48,postLoopId:0,dstid:1.
11-28 17:38:40.295 I/Advanced( 3082): [QUEUE] share_queue_sendEx size:1 4097 548 0x8fde4a48,postLoopId:0,dstid:1.
11-28 17:38:40.468 D/BackBootDealerNeimeng( 2383): standbyState:
11-28 17:38:40.469 E/NetUtils( 2031): Interface eth0 LinkUp!
11-28 17:38:40.496 I/Advanced( 3082): [QUEUE] share_queue_sendEx size:1 4097 549 0x8fde4a48,postLoopId:0,dstid:1.
11-28 17:38:40.606 I/AdvancedPorting-PORT_MODULE_NET( 3082): network_task while... 
11-28 17:38:40.607 I/AdvancedPorting-PORT_MODULE_NET( 3082): 0 interface name: lo
11-28 17:38:40.607 I/AdvancedPorting-PORT_MODULE_NET( 3082): 1 interface name: eth0
11-28 17:38:40.607 I/AdvancedPorting-PORT_MODULE_NET( 3082): 2 interface name: wlan0
11-28 17:38:40.607 I/AdvancedPorting-PORT_MODULE_NET( 3082): First interface name: lo
11-28 17:38:40.607 I/AdvancedPorting-PORT_MODULE_NET( 3082): network_task while...  net_i:1
11-28 17:38:40.607 I/AdvancedPorting-PORT_MODULE_NET( 3082): network_task while---name_interface[0]=lo
11-28 17:38:40.607 I/AdvancedPorting-PORT_MODULE_NET( 3082): network_task while---name_interface[1]=eth0
11-28 17:38:40.607 I/AdvancedPorting-PORT_MODULE_NET( 3082): network_task while---interface_name=eth0
11-28 17:38:40.607 I/AdvancedPorting-PORT_MODULE_NET( 3082): network_get_netlink_status(in)--if_name=eth0
11-28 17:38:40.607 I/AdvancedPorting-PORT_MODULE_NET( 3082): net.network.isconnected = no
11-28 17:38:40.607 I/AdvancedPorting-PORT_MODULE_NET( 3082): eth0 --network_get_netlink_status return retval=1
11-28 17:38:40.607 I/AdvancedPorting-PORT_MODULE_NET( 3082): stat = 1 last_status = 1
11-28 17:38:40.696 I/Advanced( 3082): [QUEUE] share_queue_sendEx size:1 4097 550 0x8fde4a48,postLoopId:0,dstid:1.
11-28 17:38:40.970 D/BackBootDealerNeimeng( 2383): standbyState:
11-28 17:38:40.970 E/NetUtils( 2031): Interface eth0 LinkUp!
11-28 17:38:41.106 I/Advanced( 3082): [QUEUE] share_queue_sendEx size:1 4097 552 0x8fde4a48,postLoopId:0,dstid:1.
11-28 17:38:41.306 I/Advanced( 3082): [QUEUE] share_queue_sendEx size:1 4097 553 0x8fde4a48,postLoopId:0,dstid:1.
11-28 17:38:41.471 D/BackBootDealerNeimeng( 2383): standbyState:
11-28 17:38:41.472 E/NetUtils( 2031): Interface eth0 LinkUp!
11-28 17:38:41.507 I/Advanced( 3082): [QUEUE] share_queue_sendEx size:1 4097 554 0x8fde4a48,postLoopId:0,dstid:1.
11-28 17:38:41.607 I/AdvancedPorting-PORT_MODULE_NET( 3082): network_task while... 
11-28 17:38:41.607 I/AdvancedPorting-PORT_MODULE_NET( 3082): 0 interface name: lo
11-28 17:38:41.607 I/AdvancedPorting-PORT_MODULE_NET( 3082): 1 interface name: eth0
11-28 17:38:41.607 I/AdvancedPorting-PORT_MODULE_NET( 3082): 2 interface name: wlan0
11-28 17:38:41.607 I/AdvancedPorting-PORT_MODULE_NET( 3082): First interface name: lo
11-28 17:38:41.607 I/AdvancedPorting-PORT_MODULE_NET( 3082): network_task while...  net_i:1
11-28 17:38:41.607 I/AdvancedPorting-PORT_MODULE_NET( 3082): network_task while---name_interface[0]=lo
11-28 17:38:41.607 I/AdvancedPorting-PORT_MODULE_NET( 3082): network_task while---name_interface[1]=eth0
11-28 17:38:41.607 I/AdvancedPorting-PORT_MODULE_NET( 3082): network_task while---interface_name=eth0
11-28 17:38:41.607 I/AdvancedPorting-PORT_MODULE_NET( 3082): network_get_netlink_status(in)--if_name=eth0
11-28 17:38:41.607 I/AdvancedPorting-PORT_MODULE_NET( 3082): net.network.isconnected = no
11-28 17:38:41.607 I/AdvancedPorting-PORT_MODULE_NET( 3082): eth0 --network_get_netlink_status return retval=1
11-28 17:38:41.607 I/AdvancedPorting-PORT_MODULE_NET( 3082): stat = 1 last_status = 1
11-28 17:38:41.707 I/Advanced( 3082): [QUEUE] share_queue_sendEx size:1 4097 555 0x8fde4a48,postLoopId:0,dstid:1.
11-28 17:38:41.972 D/BackBootDealerNeimeng( 2383): standbyState:
11-28 17:38:41.973 E/NetUtils( 2031): Interface eth0 LinkUp!
11-28 17:38:42.117 I/Advanced( 3082): [QUEUE] share_queue_sendEx size:1 4097 557 0x8fde4a48,postLoopId:0,dstid:1.
11-28 17:38:42.317 I/Advanced( 3082): [QUEUE] share_queue_sendEx size:1 4097 558 0x8fde4a48,postLoopId:0,dstid:1.
11-28 17:38:42.473 D/BackBootDealerNeimeng( 2383): standbyState:
11-28 17:38:42.474 E/NetUtils( 2031): Interface eth0 LinkUp!
11-28 17:38:42.518 I/Advanced( 3082): [QUEUE] share_queue_sendEx size:1 4097 559 0x8fde4a48,postLoopId:0,dstid:1.
11-28 17:38:42.608 I/AdvancedPorting-PORT_MODULE_NET( 3082): network_task while... 
11-28 17:38:42.608 I/AdvancedPorting-PORT_MODULE_NET( 3082): 0 interface name: lo
11-28 17:38:42.608 I/AdvancedPorting-PORT_MODULE_NET( 3082): 1 interface name: eth0
11-28 17:38:42.608 I/AdvancedPorting-PORT_MODULE_NET( 3082): 2 interface name: wlan0
11-28 17:38:42.608 I/AdvancedPorting-PORT_MODULE_NET( 3082): First interface name: lo
11-28 17:38:42.608 I/AdvancedPorting-PORT_MODULE_NET( 3082): network_task while...  net_i:1
11-28 17:38:42.608 I/AdvancedPorting-PORT_MODULE_NET( 3082): network_task while---name_interface[0]=lo
11-28 17:38:42.608 I/AdvancedPorting-PORT_MODULE_NET( 3082): network_task while---name_interface[1]=eth0
11-28 17:38:42.608 I/AdvancedPorting-PORT_MODULE_NET( 3082): network_task while---interface_name=eth0
11-28 17:38:42.608 I/AdvancedPorting-PORT_MODULE_NET( 3082): network_get_netlink_status(in)--if_name=eth0
11-28 17:38:42.608 I/AdvancedPorting-PORT_MODULE_NET( 3082): net.network.isconnected = no
11-28 17:38:42.608 I/AdvancedPorting-PORT_MODULE_NET( 3082): eth0 --network_get_netlink_status return retval=1
11-28 17:38:42.608 I/AdvancedPorting-PORT_MODULE_NET( 3082): stat = 1 last_status = 1
11-28 17:38:42.718 I/Advanced( 3082): [QUEUE] share_queue_sendEx size:1 4097 560 0x8fde4a48,postLoopId:0,dstid:1.
11-28 17:38:42.975 D/BackBootDealerNeimeng( 2383): standbyState:
11-28 17:38:42.975 E/NetUtils( 2031): Interface eth0 LinkUp!
11-28 17:38:43.128 I/Advanced( 3082): [QUEUE] share_queue_sendEx size:1 4097 562 0x8fde4a48,postLoopId:0,dstid:1.
11-28 17:38:43.328 I/Advanced( 3082): [QUEUE] share_queue_sendEx size:1 4097 563 0x8fde4a48,postLoopId:0,dstid:1.
11-28 17:38:43.476 D/BackBootDealerNeimeng( 2383): standbyState:
11-28 17:38:43.477 E/NetUtils( 2031): Interface eth0 LinkUp!
11-28 17:38:43.529 I/Advanced( 3082): [QUEUE] share_queue_sendEx size:1 4097 564 0x8fde4a48,postLoopId:0,dstid:1.
11-28 17:38:43.608 I/AdvancedPorting-PORT_MODULE_NET( 3082): network_task while... 
11-28 17:38:43.608 I/AdvancedPorting-PORT_MODULE_NET( 3082): 0 interface name: lo
11-28 17:38:43.608 I/AdvancedPorting-PORT_MODULE_NET( 3082): 1 interface name: eth0
11-28 17:38:43.608 I/AdvancedPorting-PORT_MODULE_NET( 3082): 2 interface name: wlan0
11-28 17:38:43.608 I/AdvancedPorting-PORT_MODULE_NET( 3082): First interface name: lo
11-28 17:38:43.608 I/AdvancedPorting-PORT_MODULE_NET( 3082): network_task while...  net_i:1
11-28 17:38:43.608 I/AdvancedPorting-PORT_MODULE_NET( 3082): network_task while---name_interface[0]=lo
11-28 17:38:43.608 I/AdvancedPorting-PORT_MODULE_NET( 3082): network_task while---name_interface[1]=eth0
11-28 17:38:43.608 I/AdvancedPorting-PORT_MODULE_NET( 3082): network_task while---interface_name=eth0
11-28 17:38:43.609 I/AdvancedPorting-PORT_MODULE_NET( 3082): network_get_netlink_status(in)--if_name=eth0
11-28 17:38:43.609 I/AdvancedPorting-PORT_MODULE_NET( 3082): net.network.isconnected = no
11-28 17:38:43.609 I/AdvancedPorting-PORT_MODULE_NET( 3082): eth0 --network_get_netlink_status return retval=1
11-28 17:38:43.609 I/AdvancedPorting-PORT_MODULE_NET( 3082): stat = 1 last_status = 1
11-28 17:38:43.977 D/BackBootDealerNeimeng( 2383): standbyState:
11-28 17:38:43.978 E/NetUtils( 2031): Interface eth0 LinkUp!
11-28 17:38:44.478 D/BackBootDealerNeimeng( 2383): standbyState:
11-28 17:38:44.479 E/NetUtils( 2031): Interface eth0 LinkUp!
11-28 17:38:44.531 I/Advanced( 3082): [QUEUE] share_queue_sendEx size:1 4097 569 0x8fde4a48,postLoopId:0,dstid:1.
