11-28 17:55:54.580 W/ContextImpl( 2383): Calling a method in the system process without a qualified user: android.app.ContextImpl.sendBroadcast:1345 android.content.ContextWrapper.sendBroadcast:377 com.suma.midware.back.esg.e.f:-1 com.suma.midware.back.esg.f.run:-1 com.suma.midware.prop.util.c.run:-1 
11-28 17:56:10.235 I/UsageStatsService( 2031): User[0] Flushing usage stats to disk
11-28 17:56:54.659 W/ContextImpl( 2383): Calling a method in the system process without a qualified user: android.app.ContextImpl.sendBroadcast:1345 android.content.ContextWrapper.sendBroadcast:377 com.suma.midware.back.esg.e.f:-1 com.suma.midware.back.esg.f.run:-1 com.suma.midware.prop.util.c.run:-1 
11-28 17:56:55.662 W/ContextImpl( 2383): Calling a method in the system process without a qualified user: android.app.ContextImpl.sendBroadcast:1345 android.content.ContextWrapper.sendBroadcast:377 com.suma.midware.back.esg.e.f:-1 com.suma.midware.back.esg.f.run:-1 com.suma.midware.prop.util.c.run:-1 
11-28 17:56:56.665 W/ContextImpl( 2383): Calling a method in the system process without a qualified user: android.app.ContextImpl.sendBroadcast:1345 android.content.ContextWrapper.sendBroadcast:377 com.suma.midware.back.esg.e.f:-1 com.suma.midware.back.esg.f.run:-1 com.suma.midware.prop.util.c.run:-1 
11-28 17:56:57.669 W/ContextImpl( 2383): Calling a method in the system process without a qualified user: android.app.ContextImpl.sendBroadcast:1345 android.content.ContextWrapper.sendBroadcast:377 com.suma.midware.back.esg.e.f:-1 com.suma.midware.back.esg.f.run:-1 com.suma.midware.prop.util.c.run:-1 
11-28 17:56:58.673 W/ContextImpl( 2383): Calling a method in the system process without a qualified user: android.app.ContextImpl.sendBroadcast:1345 android.content.ContextWrapper.sendBroadcast:377 com.suma.midware.back.esg.e.f:-1 com.suma.midware.back.esg.f.run:-1 com.suma.midware.prop.util.c.run:-1 
11-28 17:56:59.676 W/ContextImpl( 2383): Calling a method in the system process without a qualified user: android.app.ContextImpl.sendBroadcast:1345 android.content.ContextWrapper.sendBroadcast:377 com.suma.midware.back.esg.e.f:-1 com.suma.midware.back.esg.f.run:-1 com.suma.midware.prop.util.c.run:-1 
11-28 17:57:05.028 W/ProcessCpuTracker( 2031): Skipping unknown process pid 4174
11-28 17:57:43.994 I/ActivityManager( 2031): START u0 {flg=0x10000000 cmp=com.yzx.im_demo/com.ipanel.videotalk.InComingCallActivity (has extras)} from uid 10037 on display 0
11-28 17:57:44.004 W/ResourcesManager( 2031): Asset path '/system/framework/android.test.runner.jar' does not exist or contains no resources.
11-28 17:57:44.010 V/WindowManager( 2031): addAppToken: AppWindowToken{196ce7a5 token=Token{950819c ActivityRecord{1f0fd0f u0 com.yzx.im_demo/com.ipanel.videotalk.InComingCallActivity t1699}}} to stack=1 task=1699 at 0
11-28 17:57:44.160 V/WindowManager( 2031): Adding window Window{1661665d u0 com.yzx.im_demo/com.ipanel.videotalk.InComingCallActivity} at 7 of 12 (after Window{ffb862d u0 com.ipanel.android_webview.shell/com.ipanel.webapp.BrowserActivity})
11-28 17:57:44.164 V/WindowManager( 2031): Adding window Window{1a3d04a3 u0 com.yzx.im_demo/com.ipanel.videotalk.InComingCallActivity} at 7 of 13 (before Window{1661665d u0 com.yzx.im_demo/com.ipanel.videotalk.InComingCallActivity})
11-28 17:57:48.786 D/TaskPersister( 2031): removeObsoleteFile: deleting file=1696_task.xml
11-28 17:57:48.788 D/TaskPersister( 2031): removeObsoleteFile: deleting file=1696_task_thumbnail.png
11-28 17:57:50.071 I/WindowState( 2031): WIN DEATH: Window{ffb862d u0 com.ipanel.android_webview.shell/com.ipanel.webapp.BrowserActivity}
11-28 17:57:50.071 D/ConnectivityService( 2031): ConnectivityService NetworkRequestInfo binderDied(NetworkRequest [ id=4, legacyType=-1, [ Capabilities: INTERNET&NOT_RESTRICTED&TRUSTED] ], android.os.BinderProxy@d30b59)
11-28 17:57:50.071 W/WindowManager( 2031): Force-removing child win Window{216898dc u0 SurfaceView} from container Window{ffb862d u0 com.ipanel.android_webview.shell/com.ipanel.webapp.BrowserActivity}
11-28 17:57:50.071 D/ConnectivityService( 2031): releasing NetworkRequest NetworkRequest [ id=4, legacyType=-1, [ Capabilities: INTERNET&NOT_RESTRICTED&TRUSTED] ]
11-28 17:57:50.077 E/ConnectivityService( 2031): RemoteException caught trying to send a callback msg for NetworkRequest [ id=4, legacyType=-1, [ Capabilities: INTERNET&NOT_RESTRICTED&TRUSTED] ]
11-28 17:57:50.080 W/WindowManager( 2031): Force-removing child win Window{ba337ae u0 SurfaceView} from container Window{ffb862d u0 com.ipanel.android_webview.shell/com.ipanel.webapp.BrowserActivity}
11-28 17:57:50.084 W/WindowManager( 2031): Failed looking up window
11-28 17:57:50.084 W/WindowManager( 2031): java.lang.IllegalArgumentException: Requested window android.os.BinderProxy@28b75829 does not exist
11-28 17:57:50.084 W/WindowManager( 2031): 	at com.android.server.wm.WindowManagerService.windowForClientLocked(WindowManagerService.java:8654)
11-28 17:57:50.084 W/WindowManager( 2031): 	at com.android.server.wm.WindowManagerService.windowForClientLocked(WindowManagerService.java:8645)
11-28 17:57:50.084 W/WindowManager( 2031): 	at com.android.server.wm.WindowState$DeathRecipient.binderDied(WindowState.java:1142)
11-28 17:57:50.084 W/WindowManager( 2031): 	at android.os.BinderProxy.sendDeathNotice(Binder.java:551)
11-28 17:57:50.084 I/WindowState( 2031): WIN DEATH: null
11-28 17:57:50.084 W/WindowManager( 2031): Failed looking up window
11-28 17:57:50.084 W/WindowManager( 2031): java.lang.IllegalArgumentException: Requested window android.os.BinderProxy@2e09e94f does not exist
11-28 17:57:50.084 W/WindowManager( 2031): 	at com.android.server.wm.WindowManagerService.windowForClientLocked(WindowManagerService.java:8654)
11-28 17:57:50.084 W/WindowManager( 2031): 	at com.android.server.wm.WindowManagerService.windowForClientLocked(WindowManagerService.java:8645)
11-28 17:57:50.084 W/WindowManager( 2031): 	at com.android.server.wm.WindowState$DeathRecipient.binderDied(WindowState.java:1142)
11-28 17:57:50.084 W/WindowManager( 2031): 	at android.os.BinderProxy.sendDeathNotice(Binder.java:551)
11-28 17:57:50.084 I/WindowState( 2031): WIN DEATH: null
11-28 17:57:50.087 I/ActivityManager( 2031): Process com.ipanel.android_webview.shell (pid 3082) has died
11-28 17:57:50.112 I/ActivityManager( 2031): Start proc 4225:com.ipanel.android_webview.shell/u0a42 for activity com.ipanel.android_webview.shell/com.ipanel.webapp.BrowserActivity
11-28 17:57:50.437 V/WindowManager( 2031): Adding window Window{2ccb1c85 u0 com.ipanel.android_webview.shell/com.ipanel.webapp.BrowserActivity} at 4 of 11 (before Window{1a3d04a3 u0 com.yzx.im_demo/com.ipanel.videotalk.InComingCallActivity})
11-28 17:57:50.458 D/ConnectivityService( 2031): listenForNetwork for NetworkRequest [ id=5, legacyType=-1, [ Capabilities: INTERNET&NOT_RESTRICTED&TRUSTED] ]
11-28 17:57:50.458 D/ConnectivityService( 2031): handleRegisterNetworkRequest checking NetworkAgentInfo [Ethernet () - 100]
11-28 17:57:50.458 D/ConnectivityService( 2031): apparently satisfied.  currentScore=240
11-28 17:57:50.459 D/ConnectivityService( 2031): handleRegisterNetworkRequest checking NetworkAgentInfo [WIFI () - 101]
11-28 17:57:50.459 D/ConnectivityService( 2031): apparently satisfied.  currentScore=60
11-28 17:57:50.499 V/WindowManager( 2031): Adding window Window{20bacaa6 u0 SurfaceView} at 4 of 12 (before Window{2ccb1c85 u0 com.ipanel.android_webview.shell/com.ipanel.webapp.BrowserActivity})
11-28 17:57:50.504 V/WindowManager( 2031): Adding window Window{276d1094 u0 SurfaceView} at 5 of 13 (before Window{2ccb1c85 u0 com.ipanel.android_webview.shell/com.ipanel.webapp.BrowserActivity})
11-28 17:57:59.731 W/ContextImpl( 2383): Calling a method in the system process without a qualified user: android.app.ContextImpl.sendBroadcast:1345 android.content.ContextWrapper.sendBroadcast:377 com.suma.midware.back.esg.e.f:-1 com.suma.midware.back.esg.f.run:-1 com.suma.midware.prop.util.c.run:-1 
11-28 17:58:00.734 W/ContextImpl( 2383): Calling a method in the system process without a qualified user: android.app.ContextImpl.sendBroadcast:1345 android.content.ContextWrapper.sendBroadcast:377 com.suma.midware.back.esg.e.f:-1 com.suma.midware.back.esg.f.run:-1 com.suma.midware.prop.util.c.run:-1 
11-28 17:58:01.737 W/ContextImpl( 2383): Calling a method in the system process without a qualified user: android.app.ContextImpl.sendBroadcast:1345 android.content.ContextWrapper.sendBroadcast:377 com.suma.midware.back.esg.e.f:-1 com.suma.midware.back.esg.f.run:-1 com.suma.midware.prop.util.c.run:-1 
11-28 17:58:02.740 W/ContextImpl( 2383): Calling a method in the system process without a qualified user: android.app.ContextImpl.sendBroadcast:1345 android.content.ContextWrapper.sendBroadcast:377 com.suma.midware.back.esg.e.f:-1 com.suma.midware.back.esg.f.run:-1 com.suma.midware.prop.util.c.run:-1 
11-28 17:58:03.743 W/ContextImpl( 2383): Calling a method in the system process without a qualified user: android.app.ContextImpl.sendBroadcast:1345 android.content.ContextWrapper.sendBroadcast:377 com.suma.midware.back.esg.e.f:-1 com.suma.midware.back.esg.f.run:-1 com.suma.midware.prop.util.c.run:-1 
11-28 17:58:04.746 W/ContextImpl( 2383): Calling a method in the system process without a qualified user: android.app.ContextImpl.sendBroadcast:1345 android.content.ContextWrapper.sendBroadcast:377 com.suma.midware.back.esg.e.f:-1 com.suma.midware.back.esg.f.run:-1 com.suma.midware.prop.util.c.run:-1 
11-28 17:59:04.802 W/ContextImpl( 2383): Calling a method in the system process without a qualified user: android.app.ContextImpl.sendBroadcast:1345 android.content.ContextWrapper.sendBroadcast:377 com.suma.midware.back.esg.e.f:-1 com.suma.midware.back.esg.f.run:-1 com.suma.midware.prop.util.c.run:-1 
11-28 17:59:05.804 W/ContextImpl( 2383): Calling a method in the system process without a qualified user: android.app.ContextImpl.sendBroadcast:1345 android.content.ContextWrapper.sendBroadcast:377 com.suma.midware.back.esg.e.f:-1 com.suma.midware.back.esg.f.run:-1 com.suma.midware.prop.util.c.run:-1 
11-28 17:59:06.806 W/ContextImpl( 2383): Calling a method in the system process without a qualified user: android.app.ContextImpl.sendBroadcast:1345 android.content.ContextWrapper.sendBroadcast:377 com.suma.midware.back.esg.e.f:-1 com.suma.midware.back.esg.f.run:-1 com.suma.midware.prop.util.c.run:-1 
11-28 17:59:07.808 W/ContextImpl( 2383): Calling a method in the system process without a qualified user: android.app.ContextImpl.sendBroadcast:1345 android.content.ContextWrapper.sendBroadcast:377 com.suma.midware.back.esg.e.f:-1 com.suma.midware.back.esg.f.run:-1 com.suma.midware.prop.util.c.run:-1 
11-28 17:59:08.811 W/ContextImpl( 2383): Calling a method in the system process without a qualified user: android.app.ContextImpl.sendBroadcast:1345 android.content.ContextWrapper.sendBroadcast:377 com.suma.midware.back.esg.e.f:-1 com.suma.midware.back.esg.f.run:-1 com.suma.midware.prop.util.c.run:-1 
11-28 17:59:09.812 W/ContextImpl( 2383): Calling a method in the system process without a qualified user: android.app.ContextImpl.sendBroadcast:1345 android.content.ContextWrapper.sendBroadcast:377 com.suma.midware.back.esg.e.f:-1 com.suma.midware.back.esg.f.run:-1 com.suma.midware.prop.util.c.run:-1 
11-28 18:00:01.637 I/ActivityManager( 2031): moveTaskToBack: TaskRecord{3042c111 #1698 A=com.ipanel.android_webview.shell U=0 sz=1}
11-28 18:00:01.710 W/ContextImpl( 2510): Calling a method in the system process without a qualified user: android.app.ContextImpl.sendBroadcast:1345 android.content.ContextWrapper.sendBroadcast:377 com.suma.midware.view.ext.BluetoothUpdate.b:-1 com.suma.midware.home.third.Main3DActivity.onResume:-1 android.app.Instrumentation.callActivityOnResume:1257 
11-28 18:00:01.715 I/ActivityManager( 2031): Force stopping com.suma.midware.vod appid=1000 user=0: from pid 2510
11-28 18:00:01.715 W/ContextImpl( 2510): Calling a method in the system process without a qualified user: android.app.ContextImpl.sendBroadcast:1345 android.content.ContextWrapper.sendBroadcast:377 android.app.ActivityThread.performResumeActivity:2982 android.app.ActivityThread.handleResumeActivity:3023 android.app.ActivityThread$H.handleMessage:1347 
11-28 18:00:07.552 I/ActivityManager( 2031): START u0 {act= cmp=com.ipanel.android_webview.shell/com.ipanel.webapp.BrowserActivity (has extras)} from uid 1000 on display 0
11-28 18:00:07.557 W/ContextImpl( 2510): Calling a method in the system process without a qualified user: android.app.ContextImpl.sendBroadcast:1345 android.content.ContextWrapper.sendBroadcast:377 android.app.ActivityThread.performPauseActivity:3259 android.app.ActivityThread.performPauseActivity:3225 android.app.ActivityThread.handlePauseActivity:3200 
11-28 18:00:07.579 W/ViewRootImpl( 2510): Cancelling event due to no window focus: KeyEvent { action=ACTION_UP, keyCode=KEYCODE_DPAD_CENTER, scanCode=28, metaState=0, flags=0x28, repeatCount=0, eventTime=1456418, downTime=1456392, deviceId=4, source=0x701 }
11-28 18:00:07.579 W/ViewRootImpl( 2510): Cancelling event due to no window focus: KeyEvent { action=ACTION_UP, keyCode=KEYCODE_DPAD_CENTER, scanCode=28, metaState=0, flags=0x28, repeatCount=0, eventTime=1456418, downTime=1456392, deviceId=4, source=0x701 }
11-28 18:00:07.579 W/ViewRootImpl( 2510): Cancelling event due to no window focus: KeyEvent { action=ACTION_UP, keyCode=KEYCODE_DPAD_CENTER, scanCode=28, metaState=0, flags=0x28, repeatCount=0, eventTime=1456418, downTime=1456392, deviceId=4, source=0x701 }
11-28 18:00:07.579 W/ViewRootImpl( 2510): Cancelling event due to no window focus: KeyEvent { action=ACTION_UP, keyCode=KEYCODE_DPAD_CENTER, scanCode=28, metaState=0, flags=0x28, repeatCount=0, eventTime=1456418, downTime=1456392, deviceId=4, source=0x701 }
11-28 18:00:07.579 W/ViewRootImpl( 2510): Cancelling event due to no window focus: KeyEvent { action=ACTION_UP, keyCode=KEYCODE_DPAD_CENTER, scanCode=28, metaState=0, flags=0x28, repeatCount=0, eventTime=1456418, downTime=1456392, deviceId=4, source=0x701 }
11-28 18:00:07.579 W/ViewRootImpl( 2510): Cancelling event due to no window focus: KeyEvent { action=ACTION_UP, keyCode=KEYCODE_DPAD_CENTER, scanCode=28, metaState=0, flags=0x28, repeatCount=0, eventTime=1456418, downTime=1456392, deviceId=4, source=0x701 }
11-28 18:00:09.845 W/ContextImpl( 2383): Calling a method in the system process without a qualified user: android.app.ContextImpl.sendBroadcast:1345 android.content.ContextWrapper.sendBroadcast:377 com.suma.midware.back.esg.e.f:-1 com.suma.midware.back.esg.f.run:-1 com.suma.midware.prop.util.c.run:-1 
11-28 18:00:10.847 W/ContextImpl( 2383): Calling a method in the system process without a qualified user: android.app.ContextImpl.sendBroadcast:1345 android.content.ContextWrapper.sendBroadcast:377 com.suma.midware.back.esg.e.f:-1 com.suma.midware.back.esg.f.run:-1 com.suma.midware.prop.util.c.run:-1 
11-28 18:00:11.849 W/ContextImpl( 2383): Calling a method in the system process without a qualified user: android.app.ContextImpl.sendBroadcast:1345 android.content.ContextWrapper.sendBroadcast:377 com.suma.midware.back.esg.e.f:-1 com.suma.midware.back.esg.f.run:-1 com.suma.midware.prop.util.c.run:-1 
11-28 18:00:12.853 W/ContextImpl( 2383): Calling a method in the system process without a qualified user: android.app.ContextImpl.sendBroadcast:1345 android.content.ContextWrapper.sendBroadcast:377 com.suma.midware.back.esg.e.f:-1 com.suma.midware.back.esg.f.run:-1 com.suma.midware.prop.util.c.run:-1 
11-28 18:00:13.855 W/ContextImpl( 2383): Calling a method in the system process without a qualified user: android.app.ContextImpl.sendBroadcast:1345 android.content.ContextWrapper.sendBroadcast:377 com.suma.midware.back.esg.e.f:-1 com.suma.midware.back.esg.f.run:-1 com.suma.midware.prop.util.c.run:-1 
11-28 18:00:14.858 W/ContextImpl( 2383): Calling a method in the system process without a qualified user: android.app.ContextImpl.sendBroadcast:1345 android.content.ContextWrapper.sendBroadcast:377 com.suma.midware.back.esg.e.f:-1 com.suma.midware.back.esg.f.run:-1 com.suma.midware.prop.util.c.run:-1 
11-28 18:00:14.939 I/ActivityManager( 2031): moveTaskToBack: TaskRecord{3042c111 #1698 A=com.ipanel.android_webview.shell U=0 sz=1}
11-28 18:00:14.958 W/ViewRootImpl( 4225): Cancelling event due to no window focus: KeyEvent { action=ACTION_UP, keyCode=KEYCODE_BACK, scanCode=158, metaState=0, flags=0x28, repeatCount=0, eventTime=1463785, downTime=1463716, deviceId=4, source=0x701 }
11-28 18:00:14.958 W/ViewRootImpl( 4225): Cancelling event due to no window focus: KeyEvent { action=ACTION_UP, keyCode=KEYCODE_BACK, scanCode=158, metaState=0, flags=0x28, repeatCount=0, eventTime=1463785, downTime=1463716, deviceId=4, source=0x701 }
11-28 18:00:14.958 W/ViewRootImpl( 4225): Cancelling event due to no window focus: KeyEvent { action=ACTION_UP, keyCode=KEYCODE_BACK, scanCode=158, metaState=0, flags=0x28, repeatCount=0, eventTime=1463785, downTime=1463716, deviceId=4, source=0x701 }
11-28 18:00:14.991 W/ContextImpl( 2510): Calling a method in the system process without a qualified user: android.app.ContextImpl.sendBroadcast:1345 android.content.ContextWrapper.sendBroadcast:377 com.suma.midware.view.ext.BluetoothUpdate.b:-1 com.suma.midware.home.third.Main3DActivity.onResume:-1 android.app.Instrumentation.callActivityOnResume:1257 
11-28 18:00:14.994 I/ActivityManager( 2031): Force stopping com.suma.midware.vod appid=1000 user=0: from pid 2510
11-28 18:00:14.994 W/ContextImpl( 2510): Calling a method in the system process without a qualified user: android.app.ContextImpl.sendBroadcast:1345 android.content.ContextWrapper.sendBroadcast:377 android.app.ActivityThread.performResumeActivity:2982 android.app.ActivityThread.handleResumeActivity:3023 android.app.ActivityThread$H.handleMessage:1347 
11-28 18:00:20.122 I/WindowState( 2031): WIN DEATH: Window{276d1094 u0 SurfaceView}
11-28 18:00:20.122 D/ConnectivityService( 2031): ConnectivityService NetworkRequestInfo binderDied(NetworkRequest [ id=5, legacyType=-1, [ Capabilities: INTERNET&NOT_RESTRICTED&TRUSTED] ], android.os.BinderProxy@93381d)
11-28 18:00:20.122 D/ConnectivityService( 2031): releasing NetworkRequest NetworkRequest [ id=5, legacyType=-1, [ Capabilities: INTERNET&NOT_RESTRICTED&TRUSTED] ]
11-28 18:00:20.123 I/ActivityManager( 2031): Process com.ipanel.android_webview.shell (pid 4225) has died
11-28 18:00:20.128 E/ConnectivityService( 2031): RemoteException caught trying to send a callback msg for NetworkRequest [ id=5, legacyType=-1, [ Capabilities: INTERNET&NOT_RESTRICTED&TRUSTED] ]
11-28 18:00:20.130 I/WindowState( 2031): WIN DEATH: Window{20bacaa6 u0 SurfaceView}
11-28 18:00:20.131 I/WindowState( 2031): WIN DEATH: Window{2ccb1c85 u0 com.ipanel.android_webview.shell/com.ipanel.webapp.BrowserActivity}
11-28 18:00:24.122 I/ActivityManager( 2031): START u0 {act= cmp=com.ipanel.android_webview.shell/com.ipanel.webapp.BrowserActivity (has extras)} from uid 1000 on display 0
11-28 18:00:24.128 W/ContextImpl( 2510): Calling a method in the system process without a qualified user: android.app.ContextImpl.sendBroadcast:1345 android.content.ContextWrapper.sendBroadcast:377 android.app.ActivityThread.performPauseActivity:3259 android.app.ActivityThread.performPauseActivity:3225 android.app.ActivityThread.handlePauseActivity:3200 
11-28 18:00:24.131 V/WindowManager( 2031): Adding window Window{12792060 u0 Starting com.ipanel.android_webview.shell} at 4 of 9 (after Window{17635958 u0 com.suma.midware.home/com.suma.midware.home.third.Main3DActivity})
11-28 18:00:24.161 I/ActivityManager( 2031): Start proc 4432:com.ipanel.android_webview.shell/u0a42 for activity com.ipanel.android_webview.shell/com.ipanel.webapp.BrowserActivity
11-28 18:00:24.185 W/ViewRootImpl( 2510): Cancelling event due to no window focus: KeyEvent { action=ACTION_UP, keyCode=KEYCODE_DPAD_CENTER, scanCode=28, metaState=0, flags=0x28, repeatCount=0, eventTime=1473030, downTime=1472964, deviceId=4, source=0x701 }
11-28 18:00:24.185 W/ViewRootImpl( 2510): Cancelling event due to no window focus: KeyEvent { action=ACTION_UP, keyCode=KEYCODE_DPAD_CENTER, scanCode=28, metaState=0, flags=0x28, repeatCount=0, eventTime=1473030, downTime=1472964, deviceId=4, source=0x701 }
11-28 18:00:24.185 W/ViewRootImpl( 2510): Cancelling event due to no window focus: KeyEvent { action=ACTION_UP, keyCode=KEYCODE_DPAD_CENTER, scanCode=28, metaState=0, flags=0x28, repeatCount=0, eventTime=1473030, downTime=1472964, deviceId=4, source=0x701 }
11-28 18:00:24.185 W/ViewRootImpl( 2510): Cancelling event due to no window focus: KeyEvent { action=ACTION_UP, keyCode=KEYCODE_DPAD_CENTER, scanCode=28, metaState=0, flags=0x28, repeatCount=0, eventTime=1473030, downTime=1472964, deviceId=4, source=0x701 }
11-28 18:00:24.185 W/ViewRootImpl( 2510): Cancelling event due to no window focus: KeyEvent { action=ACTION_UP, keyCode=KEYCODE_DPAD_CENTER, scanCode=28, metaState=0, flags=0x28, repeatCount=0, eventTime=1473030, downTime=1472964, deviceId=4, source=0x701 }
11-28 18:00:24.186 W/ViewRootImpl( 2510): Cancelling event due to no window focus: KeyEvent { action=ACTION_UP, keyCode=KEYCODE_DPAD_CENTER, scanCode=28, metaState=0, flags=0x28, repeatCount=0, eventTime=1473030, downTime=1472964, deviceId=4, source=0x701 }
11-28 18:00:24.186 W/ViewRootImpl( 2510): Cancelling event due to no window focus: KeyEvent { action=ACTION_UP, keyCode=KEYCODE_DPAD_CENTER, scanCode=28, metaState=0, flags=0x28, repeatCount=0, eventTime=1473030, downTime=1472964, deviceId=4, source=0x701 }
11-28 18:00:24.186 W/ViewRootImpl( 2510): Cancelling event due to no window focus: KeyEvent { action=ACTION_UP, keyCode=KEYCODE_DPAD_CENTER, scanCode=28, metaState=0, flags=0x28, repeatCount=0, eventTime=1473030, downTime=1472964, deviceId=4, source=0x701 }
11-28 18:00:24.186 W/ViewRootImpl( 2510): Cancelling event due to no window focus: KeyEvent { action=ACTION_UP, keyCode=KEYCODE_DPAD_CENTER, scanCode=28, metaState=0, flags=0x28, repeatCount=0, eventTime=1473030, downTime=1472964, deviceId=4, source=0x701 }
11-28 18:00:24.612 V/WindowManager( 2031): Adding window Window{1b0e8d66 u0 com.ipanel.android_webview.shell/com.ipanel.webapp.BrowserActivity} at 4 of 10 (before Window{12792060 u0 Starting com.ipanel.android_webview.shell})
11-28 18:00:24.627 D/ConnectivityService( 2031): listenForNetwork for NetworkRequest [ id=6, legacyType=-1, [ Capabilities: INTERNET&NOT_RESTRICTED&TRUSTED] ]
11-28 18:00:24.627 D/ConnectivityService( 2031): handleRegisterNetworkRequest checking NetworkAgentInfo [Ethernet () - 100]
11-28 18:00:24.627 D/ConnectivityService( 2031): apparently satisfied.  currentScore=240
11-28 18:00:24.628 D/ConnectivityService( 2031): handleRegisterNetworkRequest checking NetworkAgentInfo [WIFI () - 101]
11-28 18:00:24.628 D/ConnectivityService( 2031): apparently satisfied.  currentScore=60
11-28 18:00:24.722 V/WindowManager( 2031): Adding window Window{270cf843 u0 SurfaceView} at 4 of 11 (before Window{1b0e8d66 u0 com.ipanel.android_webview.shell/com.ipanel.webapp.BrowserActivity})
11-28 18:00:24.789 V/WindowManager( 2031): Adding window Window{5ec37f9 u0 SurfaceView} at 5 of 12 (before Window{1b0e8d66 u0 com.ipanel.android_webview.shell/com.ipanel.webapp.BrowserActivity})
11-28 18:00:24.873 W/ViewRootImpl( 4432): Cancelling event due to no window focus: KeyEvent { action=ACTION_UP, keyCode=KEYCODE_DPAD_CENTER, scanCode=28, metaState=0, flags=0x80000028, repeatCount=0, eventTime=1473175, downTime=1472964, deviceId=4, source=0x701 }
11-28 18:00:24.873 W/ViewRootImpl( 4432): Cancelling event due to no window focus: KeyEvent { action=ACTION_UP, keyCode=KEYCODE_DPAD_CENTER, scanCode=28, metaState=0, flags=0x80000028, repeatCount=0, eventTime=1473175, downTime=1472964, deviceId=4, source=0x701 }
11-28 18:00:24.873 W/ViewRootImpl( 4432): Cancelling event due to no window focus: KeyEvent { action=ACTION_UP, keyCode=KEYCODE_DPAD_CENTER, scanCode=28, metaState=0, flags=0x80000028, repeatCount=0, eventTime=1473175, downTime=1472964, deviceId=4, source=0x701 }
11-28 18:00:24.873 W/ViewRootImpl( 4432): Cancelling event due to no window focus: KeyEvent { action=ACTION_UP, keyCode=KEYCODE_DPAD_CENTER, scanCode=28, metaState=0, flags=0x80000028, repeatCount=0, eventTime=1473175, downTime=1472964, deviceId=4, source=0x701 }
11-28 18:00:24.873 W/ViewRootImpl( 4432): Cancelling event due to no window focus: KeyEvent { action=ACTION_UP, keyCode=KEYCODE_DPAD_CENTER, scanCode=28, metaState=0, flags=0x80000028, repeatCount=0, eventTime=1473175, downTime=1472964, deviceId=4, source=0x701 }
11-28 18:00:24.873 W/ViewRootImpl( 4432): Cancelling event due to no window focus: KeyEvent { action=ACTION_UP, keyCode=KEYCODE_DPAD_CENTER, scanCode=28, metaState=0, flags=0x80000028, repeatCount=0, eventTime=1473175, downTime=1472964, deviceId=4, source=0x701 }
11-28 18:00:24.878 W/ViewRootImpl( 4432): Cancelling event due to no window focus: KeyEvent { action=ACTION_UP, keyCode=KEYCODE_DPAD_CENTER, scanCode=28, metaState=0, flags=0x80000028, repeatCount=0, eventTime=1473175, downTime=1472964, deviceId=4, source=0x701 }
11-28 18:00:24.878 W/ViewRootImpl( 4432): Cancelling event due to no window focus: KeyEvent { action=ACTION_UP, keyCode=KEYCODE_DPAD_CENTER, scanCode=28, metaState=0, flags=0x80000028, repeatCount=0, eventTime=1473175, downTime=1472964, deviceId=4, source=0x701 }
11-28 18:00:24.878 W/ViewRootImpl( 4432): Cancelling event due to no window focus: KeyEvent { action=ACTION_UP, keyCode=KEYCODE_DPAD_CENTER, scanCode=28, metaState=0, flags=0x80000028, repeatCount=0, eventTime=1473175, downTime=1472964, deviceId=4, source=0x701 }
11-28 18:01:14.897 W/ContextImpl( 2383): Calling a method in the system process without a qualified user: android.app.ContextImpl.sendBroadcast:1345 android.content.ContextWrapper.sendBroadcast:377 com.suma.midware.back.esg.e.f:-1 com.suma.midware.back.esg.f.run:-1 com.suma.midware.prop.util.c.run:-1 
11-28 18:01:15.899 W/ContextImpl( 2383): Calling a method in the system process without a qualified user: android.app.ContextImpl.sendBroadcast:1345 android.content.ContextWrapper.sendBroadcast:377 com.suma.midware.back.esg.e.f:-1 com.suma.midware.back.esg.f.run:-1 com.suma.midware.prop.util.c.run:-1 
11-28 18:01:16.901 W/ContextImpl( 2383): Calling a method in the system process without a qualified user: android.app.ContextImpl.sendBroadcast:1345 android.content.ContextWrapper.sendBroadcast:377 com.suma.midware.back.esg.e.f:-1 com.suma.midware.back.esg.f.run:-1 com.suma.midware.prop.util.c.run:-1 
11-28 18:01:17.903 W/ContextImpl( 2383): Calling a method in the system process without a qualified user: android.app.ContextImpl.sendBroadcast:1345 android.content.ContextWrapper.sendBroadcast:377 com.suma.midware.back.esg.e.f:-1 com.suma.midware.back.esg.f.run:-1 com.suma.midware.prop.util.c.run:-1 
11-28 18:01:18.906 W/ContextImpl( 2383): Calling a method in the system process without a qualified user: android.app.ContextImpl.sendBroadcast:1345 android.content.ContextWrapper.sendBroadcast:377 com.suma.midware.back.esg.e.f:-1 com.suma.midware.back.esg.f.run:-1 com.suma.midware.prop.util.c.run:-1 
11-28 18:01:19.910 W/ContextImpl( 2383): Calling a method in the system process without a qualified user: android.app.ContextImpl.sendBroadcast:1345 android.content.ContextWrapper.sendBroadcast:377 com.suma.midware.back.esg.e.f:-1 com.suma.midware.back.esg.f.run:-1 com.suma.midware.prop.util.c.run:-1 
11-28 18:02:20.022 W/ContextImpl( 2383): Calling a method in the system process without a qualified user: android.app.ContextImpl.sendBroadcast:1345 android.content.ContextWrapper.sendBroadcast:377 com.suma.midware.back.esg.e.f:-1 com.suma.midware.back.esg.f.run:-1 com.suma.midware.prop.util.c.run:-1 
11-28 18:02:21.025 W/ContextImpl( 2383): Calling a method in the system process without a qualified user: android.app.ContextImpl.sendBroadcast:1345 android.content.ContextWrapper.sendBroadcast:377 com.suma.midware.back.esg.e.f:-1 com.suma.midware.back.esg.f.run:-1 com.suma.midware.prop.util.c.run:-1 
11-28 18:02:22.029 W/ContextImpl( 2383): Calling a method in the system process without a qualified user: android.app.ContextImpl.sendBroadcast:1345 android.content.ContextWrapper.sendBroadcast:377 com.suma.midware.back.esg.e.f:-1 com.suma.midware.back.esg.f.run:-1 com.suma.midware.prop.util.c.run:-1 
11-28 18:02:23.033 W/ContextImpl( 2383): Calling a method in the system process without a qualified user: android.app.ContextImpl.sendBroadcast:1345 android.content.ContextWrapper.sendBroadcast:377 com.suma.midware.back.esg.e.f:-1 com.suma.midware.back.esg.f.run:-1 com.suma.midware.prop.util.c.run:-1 
11-28 18:02:24.035 W/ContextImpl( 2383): Calling a method in the system process without a qualified user: android.app.ContextImpl.sendBroadcast:1345 android.content.ContextWrapper.sendBroadcast:377 com.suma.midware.back.esg.e.f:-1 com.suma.midware.back.esg.f.run:-1 com.suma.midware.prop.util.c.run:-1 
11-28 18:02:25.038 W/ContextImpl( 2383): Calling a method in the system process without a qualified user: android.app.ContextImpl.sendBroadcast:1345 android.content.ContextWrapper.sendBroadcast:377 com.suma.midware.back.esg.e.f:-1 com.suma.midware.back.esg.f.run:-1 com.suma.midware.prop.util.c.run:-1 
11-28 18:03:25.091 W/ContextImpl( 2383): Calling a method in the system process without a qualified user: android.app.ContextImpl.sendBroadcast:1345 android.content.ContextWrapper.sendBroadcast:377 com.suma.midware.back.esg.e.f:-1 com.suma.midware.back.esg.f.run:-1 com.suma.midware.prop.util.c.run:-1 
11-28 18:03:26.093 W/ContextImpl( 2383): Calling a method in the system process without a qualified user: android.app.ContextImpl.sendBroadcast:1345 android.content.ContextWrapper.sendBroadcast:377 com.suma.midware.back.esg.e.f:-1 com.suma.midware.back.esg.f.run:-1 com.suma.midware.prop.util.c.run:-1 
11-28 18:03:27.096 W/ContextImpl( 2383): Calling a method in the system process without a qualified user: android.app.ContextImpl.sendBroadcast:1345 android.content.ContextWrapper.sendBroadcast:377 com.suma.midware.back.esg.e.f:-1 com.suma.midware.back.esg.f.run:-1 com.suma.midware.prop.util.c.run:-1 
11-28 18:03:28.099 W/ContextImpl( 2383): Calling a method in the system process without a qualified user: android.app.ContextImpl.sendBroadcast:1345 android.content.ContextWrapper.sendBroadcast:377 com.suma.midware.back.esg.e.f:-1 com.suma.midware.back.esg.f.run:-1 com.suma.midware.prop.util.c.run:-1 
11-28 18:03:29.102 W/ContextImpl( 2383): Calling a method in the system process without a qualified user: android.app.ContextImpl.sendBroadcast:1345 android.content.ContextWrapper.sendBroadcast:377 com.suma.midware.back.esg.e.f:-1 com.suma.midware.back.esg.f.run:-1 com.suma.midware.prop.util.c.run:-1 
11-28 18:03:30.103 W/ContextImpl( 2383): Calling a method in the system process without a qualified user: android.app.ContextImpl.sendBroadcast:1345 android.content.ContextWrapper.sendBroadcast:377 com.suma.midware.back.esg.e.f:-1 com.suma.midware.back.esg.f.run:-1 com.suma.midware.prop.util.c.run:-1 
11-28 18:04:30.167 W/ContextImpl( 2383): Calling a method in the system process without a qualified user: android.app.ContextImpl.sendBroadcast:1345 android.content.ContextWrapper.sendBroadcast:377 com.suma.midware.back.esg.e.f:-1 com.suma.midware.back.esg.f.run:-1 com.suma.midware.prop.util.c.run:-1 
11-28 18:04:31.171 W/ContextImpl( 2383): Calling a method in the system process without a qualified user: android.app.ContextImpl.sendBroadcast:1345 android.content.ContextWrapper.sendBroadcast:377 com.suma.midware.back.esg.e.f:-1 com.suma.midware.back.esg.f.run:-1 com.suma.midware.prop.util.c.run:-1 
11-28 18:04:32.174 W/ContextImpl( 2383): Calling a method in the system process without a qualified user: android.app.ContextImpl.sendBroadcast:1345 android.content.ContextWrapper.sendBroadcast:377 com.suma.midware.back.esg.e.f:-1 com.suma.midware.back.esg.f.run:-1 com.suma.midware.prop.util.c.run:-1 
11-28 18:04:33.177 W/ContextImpl( 2383): Calling a method in the system process without a qualified user: android.app.ContextImpl.sendBroadcast:1345 android.content.ContextWrapper.sendBroadcast:377 com.suma.midware.back.esg.e.f:-1 com.suma.midware.back.esg.f.run:-1 com.suma.midware.prop.util.c.run:-1 
11-28 18:04:34.179 W/ContextImpl( 2383): Calling a method in the system process without a qualified user: android.app.ContextImpl.sendBroadcast:1345 android.content.ContextWrapper.sendBroadcast:377 com.suma.midware.back.esg.e.f:-1 com.suma.midware.back.esg.f.run:-1 com.suma.midware.prop.util.c.run:-1 
11-28 18:04:35.182 W/ContextImpl( 2383): Calling a method in the system process without a qualified user: android.app.ContextImpl.sendBroadcast:1345 android.content.ContextWrapper.sendBroadcast:377 com.suma.midware.back.esg.e.f:-1 com.suma.midware.back.esg.f.run:-1 com.suma.midware.prop.util.c.run:-1 
11-28 18:05:35.272 W/ContextImpl( 2383): Calling a method in the system process without a qualified user: android.app.ContextImpl.sendBroadcast:1345 android.content.ContextWrapper.sendBroadcast:377 com.suma.midware.back.esg.e.f:-1 com.suma.midware.back.esg.f.run:-1 com.suma.midware.prop.util.c.run:-1 
11-28 18:05:36.275 W/ContextImpl( 2383): Calling a method in the system process without a qualified user: android.app.ContextImpl.sendBroadcast:1345 android.content.ContextWrapper.sendBroadcast:377 com.suma.midware.back.esg.e.f:-1 com.suma.midware.back.esg.f.run:-1 com.suma.midware.prop.util.c.run:-1 
11-28 18:05:37.278 W/ContextImpl( 2383): Calling a method in the system process without a qualified user: android.app.ContextImpl.sendBroadcast:1345 android.content.ContextWrapper.sendBroadcast:377 com.suma.midware.back.esg.e.f:-1 com.suma.midware.back.esg.f.run:-1 com.suma.midware.prop.util.c.run:-1 
11-28 18:05:38.281 W/ContextImpl( 2383): Calling a method in the system process without a qualified user: android.app.ContextImpl.sendBroadcast:1345 android.content.ContextWrapper.sendBroadcast:377 com.suma.midware.back.esg.e.f:-1 com.suma.midware.back.esg.f.run:-1 com.suma.midware.prop.util.c.run:-1 
11-28 18:05:39.284 W/ContextImpl( 2383): Calling a method in the system process without a qualified user: android.app.ContextImpl.sendBroadcast:1345 android.content.ContextWrapper.sendBroadcast:377 com.suma.midware.back.esg.e.f:-1 com.suma.midware.back.esg.f.run:-1 com.suma.midware.prop.util.c.run:-1 
11-28 18:05:40.287 W/ContextImpl( 2383): Calling a method in the system process without a qualified user: android.app.ContextImpl.sendBroadcast:1345 android.content.ContextWrapper.sendBroadcast:377 com.suma.midware.back.esg.e.f:-1 com.suma.midware.back.esg.f.run:-1 com.suma.midware.prop.util.c.run:-1 
11-28 18:05:51.162 W/BatteryStatsImpl( 2031): Couldn't get kernel wake lock stats
11-28 18:06:00.008 I/ProcessStatsService( 2031): Prepared write state in 5ms
11-28 18:06:40.318 W/ContextImpl( 2383): Calling a method in the system process without a qualified user: android.app.ContextImpl.sendBroadcast:1345 android.content.ContextWrapper.sendBroadcast:377 com.suma.midware.back.esg.e.f:-1 com.suma.midware.back.esg.f.run:-1 com.suma.midware.prop.util.c.run:-1 
11-28 18:06:41.321 W/ContextImpl( 2383): Calling a method in the system process without a qualified user: android.app.ContextImpl.sendBroadcast:1345 android.content.ContextWrapper.sendBroadcast:377 com.suma.midware.back.esg.e.f:-1 com.suma.midware.back.esg.f.run:-1 com.suma.midware.prop.util.c.run:-1 
11-28 18:06:42.324 W/ContextImpl( 2383): Calling a method in the system process without a qualified user: android.app.ContextImpl.sendBroadcast:1345 android.content.ContextWrapper.sendBroadcast:377 com.suma.midware.back.esg.e.f:-1 com.suma.midware.back.esg.f.run:-1 com.suma.midware.prop.util.c.run:-1 
11-28 18:06:43.329 W/ContextImpl( 2383): Calling a method in the system process without a qualified user: android.app.ContextImpl.sendBroadcast:1345 android.content.ContextWrapper.sendBroadcast:377 com.suma.midware.back.esg.e.f:-1 com.suma.midware.back.esg.f.run:-1 com.suma.midware.prop.util.c.run:-1 
11-28 18:06:44.332 W/ContextImpl( 2383): Calling a method in the system process without a qualified user: android.app.ContextImpl.sendBroadcast:1345 android.content.ContextWrapper.sendBroadcast:377 com.suma.midware.back.esg.e.f:-1 com.suma.midware.back.esg.f.run:-1 com.suma.midware.prop.util.c.run:-1 
11-28 18:06:45.335 W/ContextImpl( 2383): Calling a method in the system process without a qualified user: android.app.ContextImpl.sendBroadcast:1345 android.content.ContextWrapper.sendBroadcast:377 com.suma.midware.back.esg.e.f:-1 com.suma.midware.back.esg.f.run:-1 com.suma.midware.prop.util.c.run:-1 
11-28 18:07:45.388 W/ContextImpl( 2383): Calling a method in the system process without a qualified user: android.app.ContextImpl.sendBroadcast:1345 android.content.ContextWrapper.sendBroadcast:377 com.suma.midware.back.esg.e.f:-1 com.suma.midware.back.esg.f.run:-1 com.suma.midware.prop.util.c.run:-1 
11-28 18:07:46.390 W/ContextImpl( 2383): Calling a method in the system process without a qualified user: android.app.ContextImpl.sendBroadcast:1345 android.content.ContextWrapper.sendBroadcast:377 com.suma.midware.back.esg.e.f:-1 com.suma.midware.back.esg.f.run:-1 com.suma.midware.prop.util.c.run:-1 
11-28 18:07:47.393 W/ContextImpl( 2383): Calling a method in the system process without a qualified user: android.app.ContextImpl.sendBroadcast:1345 android.content.ContextWrapper.sendBroadcast:377 com.suma.midware.back.esg.e.f:-1 com.suma.midware.back.esg.f.run:-1 com.suma.midware.prop.util.c.run:-1 
11-28 18:07:48.397 W/ContextImpl( 2383): Calling a method in the system process without a qualified user: android.app.ContextImpl.sendBroadcast:1345 android.content.ContextWrapper.sendBroadcast:377 com.suma.midware.back.esg.e.f:-1 com.suma.midware.back.esg.f.run:-1 com.suma.midware.prop.util.c.run:-1 
11-28 18:07:49.400 W/ContextImpl( 2383): Calling a method in the system process without a qualified user: android.app.ContextImpl.sendBroadcast:1345 android.content.ContextWrapper.sendBroadcast:377 com.suma.midware.back.esg.e.f:-1 com.suma.midware.back.esg.f.run:-1 com.suma.midware.prop.util.c.run:-1 
11-28 18:07:50.402 W/ContextImpl( 2383): Calling a method in the system process without a qualified user: android.app.ContextImpl.sendBroadcast:1345 android.content.ContextWrapper.sendBroadcast:377 com.suma.midware.back.esg.e.f:-1 com.suma.midware.back.esg.f.run:-1 com.suma.midware.prop.util.c.run:-1 
--------- beginning of main
11-28 18:07:54.642 D/iPanel  ( 4432): iPanel.debug("---141----popFlag=false")
11-28 18:07:54.643 D/iPanel  ( 4432): iPanel.debug("---142----ifrSrc=http://10.14.41.246/application/bxfc/sec/index.htm")
11-28 18:07:54.643 D/iPanel  ( 4432): iPanel.debug("-------主窗口按键响应=KEY_DOWN")
11-28 18:07:54.643 D/[cc]beginFrameSource( 4432): [AddObserver] ExternalBeginFrameSource::AddObserver
11-28 18:07:54.645 D/iPanel  ( 4432): iPanel.debug("----chanel[menuPos]--:289")
11-28 18:07:54.645 D/iPanel  ( 4432): iPanel.debug("----menuPos-:2")
11-28 18:07:54.645 D/iPanel  ( 4432): iPanel.debug("----menuPos--:number")
11-28 18:07:54.645 D/iPanel  ( 4432): iPanel.debug("----listDataPath--:http://10.14.41.245:13160/search/search_by_keyword?accesstoken=R5A1D2EE5U20887029K53724E0DIA6230E0AP8M2FAF083WDC013F7D151&keyword=201704&label=289&pageidx=1&pagenum=20&depth=2&sortby=4")
11-28 18:07:54.646 D/ChromeClientImpl( 4432): [addMessageToConsole] [LOG:CONSOLE(291)] "http://10.14.41.245:13160/search/search_by_keyword?accesstoken=R5A1D2EE5U20887029K53724E0DIA6230E0AP8M2FAF083WDC013F7D151&keyword=201704&label=289&pageidx=1&pagenum=20&depth=2&sortby=4", source:http://10.14.41.246/application/bxfc/sec/js/common.js (291)
11-28 18:07:54.646 D/V8ScriptRunner( 4432): [callFunction] start. frame = 0x58de9820 function: xmlHttp.onreadystatechange url: http://10.14.41.246/application/bxfc/sec/js/common.js line: 276
11-28 18:07:54.646 D/V8ScriptRunner( 4432): [callFunction] end. frame = 0x58de9820 function: xmlHttp.onreadystatechange url: http://10.14.41.246/application/bxfc/sec/js/common.js line: 276
11-28 18:07:54.647 D/[blink]ResourceFetcher( 4432): [requestResource] url=http://10.14.41.245:13160/search/search_by_keyword?accesstoken=R5A1D2EE5U20887029K53724E0DIA6230E0AP8M2FAF083WDC013F7D151&keyword=201704&label=289&pageidx=1&pagenum=20&depth=2&sortby=4.
11-28 18:07:54.647 D/url     ( 4432): [DoResolveRelative] [WEB] DoResolveRelative Error resolving.
11-28 18:07:54.648 D/ResourceLoader( 4432): [StartRequest] start request 0x9f4ece00 url='http://10.14.41.245:13160/search/search_by_keyword?accesstoken=R5A1D2EE5U20887029K53724E0DIA6230E0AP8M2FAF083WDC013F7D151&keyword=201704&label=289&pageidx=1&pagenum=20&depth=2&sortby=4'
11-28 18:07:54.648 D/AwRequestInterceptor( 4432): [MaybeInterceptRequest] request=0x9f4ece00
11-28 18:07:54.649 D/cr_AwContents( 4432): [AwContents.java:520] BackgroundThreadClientImpl shouldInterceptRequest url = http://10.14.41.245:13160/search/search_by_keyword?accesstoken=R5A1D2EE5U20887029K53724E0DIA6230E0AP8M2FAF083WDC013F7D151&keyword=201704&label=289&pageidx=1&pagenum=20&depth=2&sortby=4
11-28 18:07:54.649 D/cr_AwNullContentsClient( 4432): [AwNullContentsClient.java:59] shouldInterceptRequest url=http://10.14.41.245:13160/search/search_by_keyword?accesstoken=R5A1D2EE5U20887029K53724E0DIA6230E0AP8M2FAF083WDC013F7D151&keyword=201704&label=289&pageidx=1&pagenum=20&depth=2&sortby=4
11-28 18:07:54.649 D/[blink]DOMTimer( 4432): [DOMTimer] 0x3f4e4358 setTimeout 500ms, repeat:0.
11-28 18:07:54.649 D/BrowserWebViewClient( 4432): intercept request :http://10.14.41.245:13160/search/search_by_keyword?accesstoken=R5A1D2EE5U20887029K53724E0DIA6230E0AP8M2FAF083WDC013F7D151&keyword=201704&label=289&pageidx=1&pagenum=20&depth=2&sortby=4
11-28 18:07:54.649 D/[blink]DOMTimer( 4432): [DOMTimer] 0x3f4e43c8 setTimeout 30000ms, repeat:0.
11-28 18:07:54.649 D/AwRequestInterceptor( 4432): [MaybeInterceptRequest] request=0x9f4ece00
11-28 18:07:54.649 D/iPanel  ( 4432): iPanel.debug("-------keyDown=KEY_DOWN")
11-28 18:07:54.649 D/V8ScriptRunner( 4432): [callFunction] end. frame = 0x58de9820 function: eventHandler url: http://10.14.41.246/application/bxfc/sec/index.htm line: 179
11-28 18:07:54.649 D/[blink]KeyboardEventManager( 4432): [keyEvent] dispatchResult = CanceledByEventHandler
11-28 18:07:54.655 D/[cc]ProxyMain( 4432): [BeginMainFrame] cc.BeginMainFrame this:0x9f5e6880
11-28 18:07:54.655 D/[cc]LayerTreeHost( 4432): [AnimateLayers] AnimateLayers monotonic_time=1923499923
11-28 18:07:54.655 D/[blink]FrameView( 4432): [updateStyleAndLayoutIfNeededRecursiveInternal] in... this:0x3f3c58d0.
11-28 18:07:54.655 D/[blink]FrameView( 4432): [updateStyleAndLayoutIfNeededRecursiveInternal] in... this:0x3f3c6148.
11-28 18:07:54.655 D/[blink]FrameView( 4432): [updateStyleAndLayoutIfNeededRecursiveInternal] end... this:0x3f3c6148.
11-28 18:07:54.655 D/[blink]FrameView( 4432): [updateStyleAndLayoutIfNeededRecursiveInternal] end... this:0x3f3c58d0.
11-28 18:07:54.655 D/[blink]FrameView( 4432): [updateLifecyclePhasesInternal] in... this:0x3f3c58d0, targetState=18
11-28 18:07:54.655 D/[blink]FrameView( 4432): [updateLifecyclePhasesInternal] call compositor()->updateIfNeededRecursive()!
11-28 18:07:54.656 D/[blink]FrameView( 4432): [updateLifecyclePhasesInternal] end... this:0x3f3c58d0
11-28 18:07:54.671 D/[cc]ProxyMain( 4432): [BeginMainFrame] cc.BeginMainFrame this:0x9f5e6880
11-28 18:07:54.672 D/[cc]LayerTreeHost( 4432): [AnimateLayers] AnimateLayers monotonic_time=1923516589
11-28 18:07:54.672 D/[blink]FrameView( 4432): [updateStyleAndLayoutIfNeededRecursiveInternal] in... this:0x3f3c58d0.
11-28 18:07:54.672 D/[blink]FrameView( 4432): [layout] start... this:0x3f3c58d0, frame=0x58de9820 content size(1280, 720). 
11-28 18:07:54.672 D/[blink]FrameView( 4432): [layout] performPreLayoutTasks start... this:0x3f3c58d0
11-28 18:07:54.672 D/[blink]FrameView( 4432): [layout] performPreLayoutTasks end... this:0x3f3c58d0
11-28 18:07:54.672 D/[blink]FrameView( 4432): [layout] performLayout start... this:0x3f3c58d0
11-28 18:07:54.672 D/[blink]FrameView( 4432): [layout] performLayout end... this:0x3f3c58d0
11-28 18:07:54.672 D/[blink]FrameView( 4432): [layout] call compositor()->didLayout()!
11-28 18:07:54.672 D/[blink]FrameView( 4432): [layout] updateDocumentAnnotatedRegions start... this:0x3f3c58d0
11-28 18:07:54.672 D/[blink]FrameView( 4432): [layout] scheduleOrPerformPostLayoutTasks start... this:0x3f3c58d0
11-28 18:07:54.673 D/[blink]FrameView( 4432): [layout] end... this:0x3f3c58d0
11-28 18:07:54.673 D/[blink]FrameView( 4432): [layout] out... this:0x3f3c58d0
11-28 18:07:54.673 D/[blink]FrameView( 4432): [updateStyleAndLayoutIfNeededRecursiveInternal] in... this:0x3f3c6148.
11-28 18:07:54.673 D/[blink]FrameView( 4432): [updateStyleAndLayoutIfNeededRecursiveInternal] end... this:0x3f3c6148.
11-28 18:07:54.673 D/[blink]FrameView( 4432): [updateStyleAndLayoutIfNeededRecursiveInternal] end... this:0x3f3c58d0.
11-28 18:07:54.673 D/[blink]FrameView( 4432): [updateLifecyclePhasesInternal] in... this:0x3f3c58d0, targetState=18
11-28 18:07:54.673 D/[blink]FrameView( 4432): [updateLifecyclePhasesInternal] call compositor()->updateIfNeededRecursive()!
11-28 18:07:54.674 D/[blink] ImagePainter( 4432): [paintReplaced] ImagePainter::paintReplaced in w=21056, h=3712.
11-28 18:07:54.674 D/[blink] ImagePainter( 4432): [paintReplaced] ImagePainter::paintReplaced in w=14272, h=1792.
11-28 18:07:54.674 D/[blink] ImagePainter( 4432): [paintReplaced] ImagePainter::paintReplaced in w=1408, h=768.
11-28 18:07:54.675 D/[blink] BoxPainter( 4432): [paintBoxDecorationBackgroundWithRect] BoxPainter::paintBoxDecorationBackgroundWithRect isImage=0, isLayoutImage=0
11-28 18:07:54.675 D/[blink]FrameView( 4432): [updateLifecyclePhasesInternal] end... this:0x3f3c58d0
11-28 18:07:54.688 D/[cc]ProxyMain( 4432): [BeginMainFrame] cc.BeginMainFrame this:0x9f5e6880
11-28 18:07:54.688 D/[cc]LayerTreeHost( 4432): [AnimateLayers] AnimateLayers monotonic_time=1923533256
11-28 18:07:54.688 D/[blink]FrameView( 4432): [updateStyleAndLayoutIfNeededRecursiveInternal] in... this:0x3f3c58d0.
11-28 18:07:54.688 D/[blink]FrameView( 4432): [layout] start... this:0x3f3c58d0, frame=0x58de9820 content size(1280, 720). 
11-28 18:07:54.689 D/[blink]FrameView( 4432): [layout] performPreLayoutTasks start... this:0x3f3c58d0
11-28 18:07:54.689 D/[blink]FrameView( 4432): [layout] performPreLayoutTasks end... this:0x3f3c58d0
11-28 18:07:54.689 D/[blink]FrameView( 4432): [layout] performLayout start... this:0x3f3c58d0
11-28 18:07:54.689 D/[blink]FrameView( 4432): [layout] performLayout end... this:0x3f3c58d0
11-28 18:07:54.689 D/[blink]FrameView( 4432): [layout] call compositor()->didLayout()!
11-28 18:07:54.689 D/[blink]FrameView( 4432): [layout] updateDocumentAnnotatedRegions start... this:0x3f3c58d0
11-28 18:07:54.689 D/[blink]FrameView( 4432): [layout] scheduleOrPerformPostLayoutTasks start... this:0x3f3c58d0
11-28 18:07:54.689 D/[blink]FrameView( 4432): [layout] end... this:0x3f3c58d0
11-28 18:07:54.689 D/[blink]FrameView( 4432): [layout] out... this:0x3f3c58d0
11-28 18:07:54.689 D/[blink]FrameView( 4432): [updateStyleAndLayoutIfNeededRecursiveInternal] in... this:0x3f3c6148.
11-28 18:07:54.689 D/[blink]FrameView( 4432): [updateStyleAndLayoutIfNeededRecursiveInternal] end... this:0x3f3c6148.
11-28 18:07:54.689 D/[blink]FrameView( 4432): [updateStyleAndLayoutIfNeededRecursiveInternal] end... this:0x3f3c58d0.
11-28 18:07:54.689 D/[blink]FrameView( 4432): [updateLifecyclePhasesInternal] in... this:0x3f3c58d0, targetState=18
11-28 18:07:54.689 D/[blink]FrameView( 4432): [updateLifecyclePhasesInternal] call compositor()->updateIfNeededRecursive()!
11-28 18:07:54.691 D/[blink] ImagePainter( 4432): [paintReplaced] ImagePainter::paintReplaced in w=21056, h=3712.
11-28 18:07:54.691 D/[blink] ImagePainter( 4432): [paintReplaced] ImagePainter::paintReplaced in w=14272, h=1792.
11-28 18:07:54.691 D/[blink] ImagePainter( 4432): [paintReplaced] ImagePainter::paintReplaced in w=1408, h=768.
11-28 18:07:54.692 D/[blink] BoxPainter( 4432): [paintBoxDecorationBackgroundWithRect] BoxPainter::paintBoxDecorationBackgroundWithRect isImage=0, isLayoutImage=0
11-28 18:07:54.692 D/[blink]FrameView( 4432): [updateLifecyclePhasesInternal] end... this:0x3f3c58d0
11-28 18:07:54.697 D/ResourceLoader( 4432): [ResponseCompleted] finish request 0x9f4ece00 url='http://10.14.41.245:13160/search/search_by_keyword?accesstoken=R5A1D2EE5U20887029K53724E0DIA6230E0AP8M2FAF083WDC013F7D151&keyword=201704&label=289&pageidx=1&pagenum=20&depth=2&sortby=4'
11-28 18:07:54.698 D/V8ScriptRunner( 4432): [callFunction] start. frame = 0x58de9820 function: xmlHttp.onreadystatechange url: http://10.14.41.246/application/bxfc/sec/js/common.js line: 276
11-28 18:07:54.698 D/V8ScriptRunner( 4432): [callFunction] end. frame = 0x58de9820 function: xmlHttp.onreadystatechange url: http://10.14.41.246/application/bxfc/sec/js/common.js line: 276
11-28 18:07:54.698 D/V8ScriptRunner( 4432): [callFunction] start. frame = 0x58de9820 function: xmlHttp.onreadystatechange url: http://10.14.41.246/application/bxfc/sec/js/common.js line: 276
11-28 18:07:54.698 D/V8ScriptRunner( 4432): [callFunction] end. frame = 0x58de9820 function: xmlHttp.onreadystatechange url: http://10.14.41.246/application/bxfc/sec/js/common.js line: 276
11-28 18:07:54.699 D/[blink]ResourceFetcher( 4432): [didFinishLoading] encoded length=299 url=http://10.14.41.245:13160/search/search_by_keyword?accesstoken=R5A1D2EE5U20887029K53724E0DIA6230E0AP8M2FAF083WDC013F7D151&keyword=201704&label=289&pageidx=1&pagenum=20&depth=2&sortby=4.
