11-28 17:23:41.058 D/[blink]FrameView( 4548): [updateLifecyclePhasesInternal] call compositor()->updateIfNeededRecursive()!
11-28 17:23:41.059 D/[blink] ImagePainter( 4548): [paintReplaced] ImagePainter::paintReplaced in w=21056, h=3712.
11-28 17:23:41.059 D/[blink] ImagePainter( 4548): [paintReplaced] ImagePainter::paintReplaced in w=14272, h=1792.
11-28 17:23:41.060 D/[blink] ImagePainter( 4548): [paintReplaced] ImagePainter::paintReplaced in w=17472, h=9792.
11-28 17:23:41.060 D/[blink] ImagePainter( 4548): [paintReplaced] ImagePainter::paintReplaced in w=3648, h=3904.
11-28 17:23:41.060 D/[blink] ImagePainter( 4548): [paintReplaced] ImagePainter::paintReplaced in w=17472, h=9792.
11-28 17:23:41.060 D/[blink] ImagePainter( 4548): [paintReplaced] ImagePainter::paintReplaced in w=3648, h=3904.
11-28 17:23:41.060 D/[blink] ImagePainter( 4548): [paintReplaced] ImagePainter::paintReplaced in w=17472, h=9792.
11-28 17:23:41.060 D/[blink] ImagePainter( 4548): [paintReplaced] ImagePainter::paintReplaced in w=17472, h=9792.
11-28 17:23:41.060 D/[blink] ImagePainter( 4548): [paintReplaced] ImagePainter::paintReplaced in w=4800, h=5184.
11-28 17:23:41.060 D/[blink] ImagePainter( 4548): [paintReplaced] ImagePainter::paintReplaced in w=4800, h=5184.
11-28 17:23:41.060 D/[blink] ImagePainter( 4548): [paintReplaced] ImagePainter::paintReplaced in w=4800, h=5184.
11-28 17:23:41.060 D/[blink] ImagePainter( 4548): [paintReplaced] ImagePainter::paintReplaced in w=4800, h=5184.
11-28 17:23:41.060 D/[blink] ImagePainter( 4548): [paintReplaced] ImagePainter::paintReplaced in w=14144, h=7936.
11-28 17:23:41.060 D/[blink] ImagePainter( 4548): [paintReplaced] ImagePainter::paintReplaced out.
11-28 17:23:41.060 D/[blink] ImagePainter( 4548): [paintReplaced] ImagePainter::paintReplaced in w=14144, h=7936.
11-28 17:23:41.060 D/[blink] ImagePainter( 4548): [paintReplaced] ImagePainter::paintReplaced out.
11-28 17:23:41.060 D/[blink] ImagePainter( 4548): [paintReplaced] ImagePainter::paintReplaced in w=1408, h=768.
11-28 17:23:41.061 D/[blink]FrameView( 4548): [updateLifecyclePhasesInternal] end... this:0x598e66f0
11-28 17:23:41.072 D/[skia]SkBitmap( 4548): [tryAllocPixels] allocator:0x51a7db38
11-28 17:23:41.072 D/[skia]SkBitmap( 4548): [tryAllocPixels] allocator:0x51a72fd0
11-28 17:23:41.160 D/BackBootDealerNeimeng( 2401): standbyState:
11-28 17:23:41.161 E/NetUtils( 2029): Interface eth0 LinkUp!
11-28 17:23:41.163 I/Advanced( 4548): [QUEUE] share_queue_sendEx size:1 4097 6612 0x8ec69fd0,postLoopId:0,dstid:1.
11-28 17:23:41.323 I/AdvancedPorting-PORT_MODULE_NET( 4548): network_task while... 
11-28 17:23:41.323 I/AdvancedPorting-PORT_MODULE_NET( 4548): 0 interface name: lo
11-28 17:23:41.323 I/AdvancedPorting-PORT_MODULE_NET( 4548): 1 interface name: eth0
11-28 17:23:41.323 I/AdvancedPorting-PORT_MODULE_NET( 4548): 2 interface name: wlan0
11-28 17:23:41.323 I/AdvancedPorting-PORT_MODULE_NET( 4548): First interface name: lo
11-28 17:23:41.323 I/AdvancedPorting-PORT_MODULE_NET( 4548): network_task while...  net_i:1
11-28 17:23:41.323 I/AdvancedPorting-PORT_MODULE_NET( 4548): network_task while---name_interface[0]=lo
11-28 17:23:41.323 I/AdvancedPorting-PORT_MODULE_NET( 4548): network_task while---name_interface[1]=eth0
11-28 17:23:41.323 I/AdvancedPorting-PORT_MODULE_NET( 4548): network_task while---interface_name=eth0
11-28 17:23:41.323 I/AdvancedPorting-PORT_MODULE_NET( 4548): network_get_netlink_status(in)--if_name=eth0
11-28 17:23:41.323 I/AdvancedPorting-PORT_MODULE_NET( 4548): net.network.isconnected = no
11-28 17:23:41.323 I/AdvancedPorting-PORT_MODULE_NET( 4548): eth0 --network_get_netlink_status return retval=1
11-28 17:23:41.323 I/AdvancedPorting-PORT_MODULE_NET( 4548): stat = 1 last_status = 1
11-28 17:23:41.564 I/Advanced( 4548): [QUEUE] share_queue_sendEx size:1 4097 6614 0x8ec69fd0,postLoopId:0,dstid:1.
11-28 17:23:41.565 E/USBLoaderNeimeng( 2401): startCheck illegal isMsgBroadcast:false
11-28 17:23:41.661 D/BackBootDealerNeimeng( 2401): standbyState:
11-28 17:23:41.662 E/NetUtils( 2029): Interface eth0 LinkUp!
11-28 17:23:41.765 I/Advanced( 4548): [QUEUE] share_queue_sendEx size:1 4097 6615 0x8ec69fd0,postLoopId:0,dstid:1.
11-28 17:23:41.965 I/Advanced( 4548): [QUEUE] share_queue_sendEx size:1 4097 6616 0x8ec69fd0,postLoopId:0,dstid:1.
11-28 17:23:42.162 D/BackBootDealerNeimeng( 2401): standbyState:
11-28 17:23:42.163 E/NetUtils( 2029): Interface eth0 LinkUp!
11-28 17:23:42.323 I/AdvancedPorting-PORT_MODULE_NET( 4548): network_task while... 
11-28 17:23:42.323 I/AdvancedPorting-PORT_MODULE_NET( 4548): 0 interface name: lo
11-28 17:23:42.323 I/AdvancedPorting-PORT_MODULE_NET( 4548): 1 interface name: eth0
11-28 17:23:42.323 I/AdvancedPorting-PORT_MODULE_NET( 4548): 2 interface name: wlan0
11-28 17:23:42.323 I/AdvancedPorting-PORT_MODULE_NET( 4548): First interface name: lo
11-28 17:23:42.323 I/AdvancedPorting-PORT_MODULE_NET( 4548): network_task while...  net_i:1
11-28 17:23:42.323 I/AdvancedPorting-PORT_MODULE_NET( 4548): network_task while---name_interface[0]=lo
11-28 17:23:42.323 I/AdvancedPorting-PORT_MODULE_NET( 4548): network_task while---name_interface[1]=eth0
11-28 17:23:42.323 I/AdvancedPorting-PORT_MODULE_NET( 4548): network_task while---interface_name=eth0
11-28 17:23:42.323 I/AdvancedPorting-PORT_MODULE_NET( 4548): network_get_netlink_status(in)--if_name=eth0
11-28 17:23:42.323 I/AdvancedPorting-PORT_MODULE_NET( 4548): net.network.isconnected = no
11-28 17:23:42.323 I/AdvancedPorting-PORT_MODULE_NET( 4548): eth0 --network_get_netlink_status return retval=1
11-28 17:23:42.323 I/AdvancedPorting-PORT_MODULE_NET( 4548): stat = 1 last_status = 1
11-28 17:23:42.375 I/Advanced( 4548): [QUEUE] share_queue_sendEx size:1 4097 6618 0x8ec69fd0,postLoopId:0,dstid:1.
11-28 17:23:42.664 D/BackBootDealerNeimeng( 2401): standbyState:
11-28 17:23:42.664 E/NetUtils( 2029): Interface eth0 LinkUp!
11-28 17:23:42.785 I/Advanced( 4548): [QUEUE] share_queue_sendEx size:1 4097 6620 0x8ec69fd0,postLoopId:0,dstid:1.
11-28 17:23:42.985 I/Advanced( 4548): [QUEUE] share_queue_sendEx size:1 4097 6621 0x8ec69fd0,postLoopId:0,dstid:1.
11-28 17:23:43.165 D/BackBootDealerNeimeng( 2401): standbyState:
11-28 17:23:43.166 E/NetUtils( 2029): Interface eth0 LinkUp!
11-28 17:23:43.185 I/Advanced( 4548): [QUEUE] share_queue_sendEx size:1 4097 6622 0x8ec69fd0,postLoopId:0,dstid:1.
11-28 17:23:43.250 D/TCPLog  ( 2750): SEND PING...
11-28 17:23:43.255 V/TCPLog  ( 2750): currentNetWorkType:8
11-28 17:23:43.255 E/libpack ( 2750): enter IMCoreApi_pack 600100
11-28 17:23:43.255 E/libpack ( 2750): find class
11-28 17:23:43.255 E/libpack ( 2750): find class
11-28 17:23:43.255 E/libpack ( 2750): size  16
11-28 17:23:43.255 D/TCPLog  ( 2750): PacketWriter sendPacket 线程 main 调用了object.notifyAll()
11-28 17:23:43.256 D/TCPLog  ( 2750): PacketWriter sendPacket 线程 main 释放了锁
11-28 17:23:43.256 D/TCPLog  ( 2750): 线程 writerThread 获取到了锁
11-28 17:23:43.256 D/TCPLog  ( 2750): 线程 writerThread wait ...
11-28 17:23:43.292 D/TCPLog  ( 2750): headerLength:16 bodyLength:0 commandCode:10600100 read length:16
11-28 17:23:43.292 D/TCPLog  ( 2750): commandCode = 10600100
11-28 17:23:43.292 E/TCPLog  ( 2750): 返回心跳成功
11-28 17:23:43.323 I/AdvancedPorting-PORT_MODULE_NET( 4548): network_task while... 
11-28 17:23:43.323 I/AdvancedPorting-PORT_MODULE_NET( 4548): 0 interface name: lo
11-28 17:23:43.323 I/AdvancedPorting-PORT_MODULE_NET( 4548): 1 interface name: eth0
11-28 17:23:43.323 I/AdvancedPorting-PORT_MODULE_NET( 4548): 2 interface name: wlan0
11-28 17:23:43.323 I/AdvancedPorting-PORT_MODULE_NET( 4548): First interface name: lo
11-28 17:23:43.324 I/AdvancedPorting-PORT_MODULE_NET( 4548): network_task while...  net_i:1
11-28 17:23:43.324 I/AdvancedPorting-PORT_MODULE_NET( 4548): network_task while---name_interface[0]=lo
11-28 17:23:43.324 I/AdvancedPorting-PORT_MODULE_NET( 4548): network_task while---name_interface[1]=eth0
11-28 17:23:43.324 I/AdvancedPorting-PORT_MODULE_NET( 4548): network_task while---interface_name=eth0
11-28 17:23:43.324 I/AdvancedPorting-PORT_MODULE_NET( 4548): network_get_netlink_status(in)--if_name=eth0
11-28 17:23:43.324 I/AdvancedPorting-PORT_MODULE_NET( 4548): net.network.isconnected = no
11-28 17:23:43.324 I/AdvancedPorting-PORT_MODULE_NET( 4548): eth0 --network_get_netlink_status return retval=1
11-28 17:23:43.324 I/AdvancedPorting-PORT_MODULE_NET( 4548): stat = 1 last_status = 1
11-28 17:23:43.342 V/PT      ( 1581): >>INFO:irkey_task:[    3027.617976] /dev/input/event0: type=0001 code=006a val=00000001
11-28 17:23:43.342 V/PT      ( 1581): >>INFO:irkey_send:0x3001 0x0027 down
11-28 17:23:43.342 V/SUMA    ( 1581): ++++++++++++++  _roc_evtmgr_key_cbk 517:input = 12289, event=39, act=0x100
11-28 17:23:43.342 V/SUMA    ( 1581): lxm:_roc_evtmgr_key_cbk 519 3027618
11-28 17:23:43.342 V/SUMA    ( 1581): lxm:_roc_evtmgr_add_evt_into_queue 347 3027618
11-28 17:23:43.342 V/SUMA    ( 1581): ===================>> type=0 src=0 evt=39 act=0x100
11-28 17:23:43.342 V/PT      ( 1581): >>INFO:irkey_task:[    3027.617976] /dev/input/event0: type=0000 code=0000 val=00000000
11-28 17:23:43.342 V/SUMA    ( 1581): [sysset-s][event_manager_cbk 78]lxm cbid=1, cbk_reg=1, cpid=2464
11-28 17:23:43.342 D/NGBEvent( 2464): ngbEventCallBack type:0 source :39
11-28 17:23:43.342 D/NGBEvent( 2464): [NGBEventManager-JNI]-returning:1
11-28 17:23:43.342 D/NGBEvent( 2464): Input key event: keyCode=39
11-28 17:23:43.342 D/NGBEvent( 2464): src:39 = dest:39
11-28 17:23:43.342 D/ir_user ( 1585): PlayerTimeLineTrace:linux_keycode:0x6a(DOWN),	protocol: .
11-28 17:23:43.342 I/System.out( 2464): [DEBUG EventManager] LWJ--Add event to java with evt=NgbEvent-[type = 1, subtype = 401, code = 39]
11-28 17:23:43.343 D/NGBEvent( 2464): [NGBEvent_log]--[EventManager--JNI]:		start
11-28 17:23:43.343 I/System.out( 2464): [DEBUG EventManager] broadcastEvent  :len 1
11-28 17:23:43.343 D/CombineKeyUtil( 2464): [TN_pool-1-thread-1]dealKeyEvent,combineIndex:-1:keyCode:22
11-28 17:23:43.343 D/KeyEventNgbDealer( 2464): [TN_pool-1-thread-1]handleKeyPressed keyEvent=NgbEvent-[type = 1, subtype = 401, code = 39],time=3027618
11-28 17:23:43.343 D/RemoteIME( 2350): onKeyDown event = KeyEvent { action=ACTION_DOWN, keyCode=KEYCODE_DPAD_RIGHT, scanCode=106, metaState=0, flags=0x8, repeatCount=0, eventTime=3027617, downTime=3027617, deviceId=4, source=0x701 },mSkbContainer=null
11-28 17:23:43.343 D/cr_AwTestContainerView( 4548): [AwTestContainerView.java:63] [mainFrame]: [2017-11-21 17:52:03] dispatchKeyEvent keyCode = 22 event = KeyEvent { action=ACTION_DOWN, keyCode=KEYCODE_DPAD_RIGHT, scanCode=106, metaState=0, flags=0x8, repeatCount=0, eventTime=3027617, downTime=3027617, deviceId=4, source=0x701 }
11-28 17:23:43.344 D/ImeAdapterAndroid( 4548): [SendKeyEvent] [BUILD TIME: ] dispatchKeyEvent key_code=22 modifiers=0 unicode_char=0 scan_code=106 is_system=0 tm=3027617
11-28 17:23:43.344 D/RenderWidgetInputHandler( 4548): [HandleInputEvent] input_event type=8 name=KeyDown
11-28 17:23:43.344 D/RenderWidgetInputHandler( 4548): [HandleInputEvent] key_event.nativeKeyCode:22,widget_->GetTextInputType():0
11-28 17:23:43.344 D/RenderWidgetInputHandler( 4548): [HandleInputEvent] input_event type=8 prevent_default:0
11-28 17:23:43.344 D/WebViewImpl( 4548): [handleKeyEvent] keycode:39, eventType:8 native keycode:22 frame=0x25e6bdb8. url='http://10.14.41.246/application/bxfc/sec/index.htm'.
11-28 17:23:43.344 D/[blink]KeyboardEventManager( 4548): [keyEvent] initialKeyEvent KeyDown nativeKeyCode=22 windowsKeyCode=39 text[0]=0
11-28 17:23:43.344 D/[blink]KeyboardEventManager( 4548): [keyEvent] initialKeyEvent focusedNode=0x0
11-28 17:23:43.345 D/V8ScriptRunner( 4548): [callFunction] start. frame = 0x25e6bdb8 function: eventHandler url: http://10.14.41.246/application/bxfc/sec/index.htm line: 179
11-28 17:23:43.346 D/base::KeyConverter( 4548): [get] convert 22 => -1.
11-28 17:23:43.346 D/iPanel  ( 4548): iPanel.debug("---141----popFlag=false")
11-28 17:23:43.346 D/iPanel  ( 4548): iPanel.debug("---142----ifrSrc=http://10.14.41.246/application/bxfc/sec/index.htm")
11-28 17:23:43.346 D/iPanel  ( 4548): iPanel.debug("-------主窗口按键响应=KEY_RIGHT")
11-28 17:23:43.347 D/ChromeClientImpl( 4548): [addMessageToConsole] [LOG:CONSOLE(787)] "0", source:http://10.14.41.246/application/bxfc/sec/index.htm (787)
11-28 17:23:43.347 D/[blink]FrameLoader( 4548): [allowPlugins] allowPlugins return 1
11-28 17:23:43.356 D/V8      ( 4548): [HandleMiss] [V8] CallIC::HandleMiss End, isFunction=0!
11-28 17:23:43.356 D/V8      ( 4548): [HandleMiss] [V8] CallIC::HandleMiss End, isFunction=0!
11-28 17:23:43.356 D/V8      ( 4548): [HandleMiss] [V8] CallIC::HandleMiss End, isFunction=0!
11-28 17:23:43.356 D/V8      ( 4548): [HandleMiss] [V8] CallIC::HandleMiss End, isFunction=0!
11-28 17:23:43.356 D/V8      ( 4548): [HandleMiss] [V8] CallIC::HandleMiss End, isFunction=0!
11-28 17:23:43.356 D/V8      ( 4548): [HandleMiss] [V8] CallIC::HandleMiss End, isFunction=0!
11-28 17:23:43.356 D/V8      ( 4548): [HandleMiss] [V8] CallIC::HandleMiss End, isFunction=0!
11-28 17:23:43.356 D/V8      ( 4548): [HandleMiss] [V8] CallIC::HandleMiss End, isFunction=0!
11-28 17:23:43.356 D/V8      ( 4548): [HandleMiss] [V8] CallIC::HandleMiss End, isFunction=0!
11-28 17:23:43.356 D/V8      ( 4548): [HandleMiss] [V8] CallIC::HandleMiss End, isFunction=0!
11-28 17:23:43.356 D/V8      ( 4548): [HandleMiss] [V8] CallIC::HandleMiss End, isFunction=0!
11-28 17:23:43.356 D/V8      ( 4548): [HandleMiss] [V8] CallIC::HandleMiss End, isFunction=0!
11-28 17:23:43.356 D/V8      ( 4548): [HandleMiss] [V8] CallIC::HandleMiss End, isFunction=0!
11-28 17:23:43.356 D/V8      ( 4548): [HandleMiss] [V8] CallIC::HandleMiss End, isFunction=0!
11-28 17:23:43.356 D/V8      ( 4548): [HandleMiss] [V8] CallIC::HandleMiss End, isFunction=0!
11-28 17:23:43.356 D/V8      ( 4548): [HandleMiss] [V8] CallIC::HandleMiss End, isFunction=0!
11-28 17:23:43.356 D/V8      ( 4548): [HandleMiss] [V8] CallIC::HandleMiss End, isFunction=0!
11-28 17:23:43.356 D/V8      ( 4548): [HandleMiss] [V8] CallIC::HandleMiss End, isFunction=0!
11-28 17:23:43.356 D/V8      ( 4548): [HandleMiss] [V8] CallIC::HandleMiss End, isFunction=0!
11-28 17:23:43.357 D/V8      ( 4548): [HandleMiss] [V8] CallIC::HandleMiss End, isFunction=0!
11-28 17:23:43.357 D/V8      ( 4548): [HandleMiss] [V8] CallIC::HandleMiss End, isFunction=0!
11-28 17:23:43.357 D/V8      ( 4548): [HandleMiss] [V8] CallIC::HandleMiss End, isFunction=0!
11-28 17:23:43.357 D/V8      ( 4548): [HandleMiss] [V8] CallIC::HandleMiss End, isFunction=0!
11-28 17:23:43.357 D/V8      ( 4548): [HandleMiss] [V8] CallIC::HandleMiss End, isFunction=0!
11-28 17:23:43.357 D/V8      ( 4548): [HandleMiss] [V8] CallIC::HandleMiss End, isFunction=0!
11-28 17:23:43.357 D/V8      ( 4548): [HandleMiss] [V8] CallIC::HandleMiss End, isFunction=0!
11-28 17:23:43.357 D/V8      ( 4548): [HandleMiss] [V8] CallIC::HandleMiss End, isFunction=0!
11-28 17:23:43.357 D/V8      ( 4548): [HandleMiss] [V8] CallIC::HandleMiss End, isFunction=0!
11-28 17:23:43.357 D/V8      ( 4548): [HandleMiss] [V8] CallIC::HandleMiss End, isFunction=0!
11-28 17:23:43.357 D/V8      ( 4548): [HandleMiss] [V8] CallIC::HandleMiss End, isFunction=0!
11-28 17:23:43.357 D/V8      ( 4548): [HandleMiss] [V8] CallIC::HandleMiss End, isFunction=0!
11-28 17:23:43.357 D/V8      ( 4548): [HandleMiss] [V8] CallIC::HandleMiss End, isFunction=0!
11-28 17:23:43.357 D/V8      ( 4548): [HandleMiss] [V8] CallIC::HandleMiss End, isFunction=0!
11-28 17:23:43.357 D/V8      ( 4548): [HandleMiss] [V8] CallIC::HandleMiss End, isFunction=0!
11-28 17:23:43.357 D/V8      ( 4548): [HandleMiss] [V8] CallIC::HandleMiss End, isFunction=0!
11-28 17:23:43.357 D/V8      ( 4548): [HandleMiss] [V8] CallIC::HandleMiss End, isFunction=0!
11-28 17:23:43.357 D/V8      ( 4548): [HandleMiss] [V8] CallIC::HandleMiss End, isFunction=0!
11-28 17:23:43.357 D/V8      ( 4548): [HandleMiss] [V8] CallIC::HandleMiss End, isFunction=0!
11-28 17:23:43.357 D/V8      ( 4548): [HandleMiss] [V8] CallIC::HandleMiss End, isFunction=0!
11-28 17:23:43.357 D/V8      ( 4548): [HandleMiss] [V8] CallIC::HandleMiss End, isFunction=0!
11-28 17:23:43.367 D/[cc]beginFrameSource( 4548): [AddObserver] ExternalBeginFrameSource::AddObserver
11-28 17:23:43.369 D/iPanel  ( 4548): iPanel.debug("-------keyRight=KEY_RIGHT")
11-28 17:23:43.369 D/V8ScriptRunner( 4548): [callFunction] end. frame = 0x25e6bdb8 function: eventHandler url: http://10.14.41.246/application/bxfc/sec/index.htm line: 179
11-28 17:23:43.369 D/[blink]KeyboardEventManager( 4548): [keyEvent] dispatchResult = CanceledByEventHandler
11-28 17:23:43.374 D/[cc]ProxyMain( 4548): [BeginMainFrame] cc.BeginMainFrame this:0x9f620a10
11-28 17:23:43.378 D/[blink]FrameView( 4548): [layout] start... this:0x598e66f0, frame=0x25e6bdb8 content size(1280, 720). 
11-28 17:23:43.378 D/[blink]FrameView( 4548): [layout] performPreLayoutTasks start... this:0x598e66f0
11-28 17:23:43.378 D/[blink]FrameView( 4548): [layout] performPreLayoutTasks end... this:0x598e66f0
11-28 17:23:43.378 D/[blink]FrameView( 4548): [layout] performLayout start... this:0x598e66f0
11-28 17:23:43.378 D/[blink]FrameView( 4548): [layout] performLayout end... this:0x598e66f0
11-28 17:23:43.378 D/[blink]FrameView( 4548): [layout] call compositor()->didLayout()!
11-28 17:23:43.378 D/[blink]FrameView( 4548): [layout] updateDocumentAnnotatedRegions start... this:0x598e66f0
11-28 17:23:43.378 D/[blink]FrameView( 4548): [layout] scheduleOrPerformPostLayoutTasks start... this:0x598e66f0
11-28 17:23:43.378 D/[blink]FrameView( 4548): [layout] end... this:0x598e66f0
11-28 17:23:43.379 D/[blink]FrameView( 4548): [layout] out... this:0x598e66f0
11-28 17:23:43.380 D/[cc]LayerTreeHost( 4548): [AnimateLayers] AnimateLayers monotonic_time=3027649878
11-28 17:23:43.380 D/[blink]FrameView( 4548): [updateStyleAndLayoutIfNeededRecursiveInternal] in... this:0x598e66f0.
11-28 17:23:43.381 D/[blink]FrameView( 4548): [layout] start... this:0x598e66f0, frame=0x25e6bdb8 content size(1280, 720). 
11-28 17:23:43.381 D/[blink]FrameView( 4548): [layout] performPreLayoutTasks start... this:0x598e66f0
11-28 17:23:43.381 D/[blink]FrameView( 4548): [layout] performPreLayoutTasks end... this:0x598e66f0
11-28 17:23:43.381 D/[blink]FrameView( 4548): [layout] performLayout start... this:0x598e66f0
11-28 17:23:43.381 D/[blink]FrameView( 4548): [layout] performLayout end... this:0x598e66f0
11-28 17:23:43.381 D/[blink]FrameView( 4548): [layout] call compositor()->didLayout()!
11-28 17:23:43.381 D/[blink]FrameView( 4548): [layout] updateDocumentAnnotatedRegions start... this:0x598e66f0
11-28 17:23:43.381 D/[blink]FrameView( 4548): [layout] scheduleOrPerformPostLayoutTasks start... this:0x598e66f0
11-28 17:23:43.381 D/[blink]FrameView( 4548): [layout] end... this:0x598e66f0
11-28 17:23:43.381 D/[blink]FrameView( 4548): [layout] out... this:0x598e66f0
11-28 17:23:43.381 D/[blink]FrameView( 4548): [updateStyleAndLayoutIfNeededRecursiveInternal] in... this:0x598e6f68.
11-28 17:23:43.381 D/[blink]FrameView( 4548): [updateStyleAndLayoutIfNeededRecursiveInternal] end... this:0x598e6f68.
11-28 17:23:43.381 D/[blink]FrameView( 4548): [updateStyleAndLayoutIfNeededRecursiveInternal] end... this:0x598e66f0.
11-28 17:23:43.381 D/[blink]FrameView( 4548): [updateLifecyclePhasesInternal] in... this:0x598e66f0, targetState=18
11-28 17:23:43.381 D/[blink]FrameView( 4548): [updateLifecyclePhasesInternal] call compositor()->updateIfNeededRecursive()!
11-28 17:23:43.383 D/[cc]LayerTreeHost( 4548): [SetNeedsCommit] SetNeedsCommit!this:0x9f45a2c0
11-28 17:23:43.383 D/[cc]LayerTreeHost( 4548): [SetNeedsCommit] SetNeedsCommit!this:0x9f45a2c0
11-28 17:23:43.383 D/[cc]LayerTreeHost( 4548): [SetNeedsCommit] SetNeedsCommit!this:0x9f45a2c0
11-28 17:23:43.383 D/[cc]LayerTreeHost( 4548): [SetNeedsCommit] SetNeedsCommit!this:0x9f45a2c0
11-28 17:23:43.383 D/[cc]LayerTreeHost( 4548): [SetNeedsCommit] SetNeedsCommit!this:0x9f45a2c0
11-28 17:23:43.383 D/[cc]LayerTreeHost( 4548): [SetNeedsCommit] SetNeedsCommit!this:0x9f45a2c0
11-28 17:23:43.383 D/[cc]LayerTreeHost( 4548): [SetNeedsCommit] SetNeedsCommit!this:0x9f45a2c0
11-28 17:23:43.383 D/[cc]LayerTreeHost( 4548): [SetNeedsCommit] SetNeedsCommit!this:0x9f45a2c0
11-28 17:23:43.383 D/[cc]LayerTreeHost( 4548): [SetNeedsCommit] SetNeedsCommit!this:0x9f45a2c0
11-28 17:23:43.383 D/[cc]LayerTreeHost( 4548): [SetNeedsCommit] SetNeedsCommit!this:0x9f45a2c0
11-28 17:23:43.383 D/[cc]LayerTreeHost( 4548): [SetNeedsCommit] SetNeedsCommit!this:0x9f45a2c0
11-28 17:23:43.383 D/[cc]AnimationHost( 4548): [RegisterPlayerForElement] add player:0x8b558310, this:0x9f5975b0
11-28 17:23:43.383 D/[cc]LayerTreeHost( 4548): [SetNeedsCommit] SetNeedsCommit!this:0x9f45a2c0
11-28 17:23:43.383 D/[cc]AnimationPlayer( 4548): [AddAnimation] AddAnimation animation:0, this:0x8b558310
11-28 17:23:43.385 D/[blink] ImagePainter( 4548): [paintReplaced] ImagePainter::paintReplaced in w=21056, h=3712.
11-28 17:23:43.385 D/[blink] ImagePainter( 4548): [paintReplaced] ImagePainter::paintReplaced out.
11-28 17:23:43.385 D/[blink] ImagePainter( 4548): [paintReplaced] ImagePainter::paintReplaced in w=14272, h=1792.
11-28 17:23:43.385 D/[blink] ImagePainter( 4548): [paintReplaced] ImagePainter::paintReplaced out.
11-28 17:23:43.385 D/[blink] BoxPainter( 4548): [paintBoxDecorationBackgroundWithRect] BoxPainter::paintBoxDecorationBackgroundWithRect isImage=0, isLayoutImage=0
11-28 17:23:43.385 D/[blink] ImagePainter( 4548): [paintReplaced] ImagePainter::paintReplaced in w=17472, h=9792.
11-28 17:23:43.385 D/[blink] ImagePainter( 4548): [paintReplaced] ImagePainter::paintReplaced out.
11-28 17:23:43.385 D/[blink] ImagePainter( 4548): [paintReplaced] ImagePainter::paintReplaced in w=3648, h=3904.
11-28 17:23:43.385 D/[blink] ImagePainter( 4548): [paintReplaced] ImagePainter::paintReplaced out.
11-28 17:23:43.385 D/[blink] BoxPainter( 4548): [paintBoxDecorationBackgroundWithRect] BoxPainter::paintBoxDecorationBackgroundWithRect isImage=0, isLayoutImage=0
11-28 17:23:43.385 D/[blink] BoxPainter( 4548): [paintBoxDecorationBackgroundWithRect] BoxPainter::paintBoxDecorationBackgroundWithRect isImage=0, isLayoutImage=0
11-28 17:23:43.385 D/[blink] ImagePainter( 4548): [paintReplaced] ImagePainter::paintReplaced in w=17472, h=9792.
11-28 17:23:43.385 D/[blink] ImagePainter( 4548): [paintReplaced] ImagePainter::paintReplaced out.
11-28 17:23:43.385 D/[blink] ImagePainter( 4548): [paintReplaced] ImagePainter::paintReplaced in w=3648, h=3904.
11-28 17:23:43.385 D/[blink] ImagePainter( 4548): [paintReplaced] ImagePainter::paintReplaced out.
11-28 17:23:43.386 D/[blink] BoxPainter( 4548): [paintBoxDecorationBackgroundWithRect] BoxPainter::paintBoxDecorationBackgroundWithRect isImage=0, isLayoutImage=0
11-28 17:23:43.386 I/Advanced( 4548): [QUEUE] share_queue_sendEx size:1 4097 6623 0x8ec69fd0,postLoopId:0,dstid:1.
11-28 17:23:43.386 D/[blink] BoxPainter( 4548): [paintBoxDecorationBackgroundWithRect] BoxPainter::paintBoxDecorationBackgroundWithRect isImage=0, isLayoutImage=0
11-28 17:23:43.386 D/[blink] ImagePainter( 4548): [paintReplaced] ImagePainter::paintReplaced in w=17472, h=9792.
11-28 17:23:43.386 D/[blink] ImagePainter( 4548): [paintReplaced] ImagePainter::paintReplaced out.
11-28 17:23:43.386 D/[blink] BoxPainter( 4548): [paintBoxDecorationBackgroundWithRect] BoxPainter::paintBoxDecorationBackgroundWithRect isImage=0, isLayoutImage=0
11-28 17:23:43.386 D/[blink] BoxPainter( 4548): [paintBoxDecorationBackgroundWithRect] BoxPainter::paintBoxDecorationBackgroundWithRect isImage=0, isLayoutImage=0
11-28 17:23:43.386 D/[blink] ImagePainter( 4548): [paintReplaced] ImagePainter::paintReplaced in w=17472, h=9792.
11-28 17:23:43.386 D/[blink] ImagePainter( 4548): [paintReplaced] ImagePainter::paintReplaced out.
11-28 17:23:43.386 D/[blink] BoxPainter( 4548): [paintBoxDecorationBackgroundWithRect] BoxPainter::paintBoxDecorationBackgroundWithRect isImage=0, isLayoutImage=0
11-28 17:23:43.386 D/[blink] ImagePainter( 4548): [paintReplaced] ImagePainter::paintReplaced in w=4800, h=5184.
11-28 17:23:43.386 D/[blink] ImagePainter( 4548): [paintReplaced] ImagePainter::paintReplaced out.
11-28 17:23:43.386 D/[blink] ImagePainter( 4548): [paintReplaced] ImagePainter::paintReplaced in w=4800, h=5184.
11-28 17:23:43.386 D/[blink] ImagePainter( 4548): [paintReplaced] ImagePainter::paintReplaced out.
11-28 17:23:43.386 D/[blink] ImagePainter( 4548): [paintReplaced] ImagePainter::paintReplaced in w=4800, h=5184.
11-28 17:23:43.386 D/[blink] ImagePainter( 4548): [paintReplaced] ImagePainter::paintReplaced out.
11-28 17:23:43.386 D/[blink] ImagePainter( 4548): [paintReplaced] ImagePainter::paintReplaced in w=4800, h=5184.
11-28 17:23:43.386 D/[blink] ImagePainter( 4548): [paintReplaced] ImagePainter::paintReplaced out.
11-28 17:23:43.386 D/[blink] BoxPainter( 4548): [paintBoxDecorationBackgroundWithRect] BoxPainter::paintBoxDecorationBackgroundWithRect isImage=0, isLayoutImage=0
11-28 17:23:43.386 D/[blink] ImagePainter( 4548): [paintReplaced] ImagePainter::paintReplaced in w=14144, h=7936.
11-28 17:23:43.386 D/[blink] ImagePainter( 4548): [paintReplaced] ImagePainter::paintReplaced out.
11-28 17:23:43.386 D/[blink] BoxPainter( 4548): [paintBoxDecorationBackgroundWithRect] BoxPainter::paintBoxDecorationBackgroundWithRect isImage=0, isLayoutImage=0
11-28 17:23:43.386 D/[blink] BoxPainter( 4548): [paintBoxDecorationBackgroundWithRect] BoxPainter::paintBoxDecorationBackgroundWithRect isImage=0, isLayoutImage=0
11-28 17:23:43.386 D/[blink] ImagePainter( 4548): [paintReplaced] ImagePainter::paintReplaced in w=14144, h=7936.
11-28 17:23:43.387 D/[blink] ImagePainter( 4548): [paintReplaced] ImagePainter::paintReplaced out.
11-28 17:23:43.387 D/[blink] BoxPainter( 4548): [paintBoxDecorationBackgroundWithRect] BoxPainter::paintBoxDecorationBackgroundWithRect isImage=0, isLayoutImage=0
11-28 17:23:43.387 D/[blink] ImagePainter( 4548): [paintReplaced] ImagePainter::paintReplaced in w=1408, h=768.
11-28 17:23:43.387 D/[blink] ImagePainter( 4548): [paintReplaced] ImagePainter::paintReplaced out.
11-28 17:23:43.387 D/[blink]FrameView( 4548): [updateLifecyclePhasesInternal] end... this:0x598e66f0
11-28 17:23:43.388 D/[cc]AnimationHost( 4548): [RegisterPlayerForElement] add player:0x862b0250, this:0x8e0f4510
11-28 17:23:43.392 D/[cc]ProxyMain( 4548): [BeginMainFrame] cc.BeginMainFrame this:0x9f620a10
11-28 17:23:43.392 D/[cc]LayerTreeHost( 4548): [AnimateLayers] AnimateLayers monotonic_time=3027666545
11-28 17:23:43.392 D/[blink]FrameView( 4548): [updateStyleAndLayoutIfNeededRecursiveInternal] in... this:0x598e66f0.
11-28 17:23:43.392 D/[blink]FrameView( 4548): [updateStyleAndLayoutIfNeededRecursiveInternal] in... this:0x598e6f68.
11-28 17:23:43.392 D/[blink]FrameView( 4548): [updateStyleAndLayoutIfNeededRecursiveInternal] end... this:0x598e6f68.
11-28 17:23:43.392 D/[blink]FrameView( 4548): [updateStyleAndLayoutIfNeededRecursiveInternal] end... this:0x598e66f0.
11-28 17:23:43.392 D/[blink]FrameView( 4548): [updateLifecyclePhasesInternal] in... this:0x598e66f0, targetState=18
11-28 17:23:43.392 D/[blink]FrameView( 4548): [updateLifecyclePhasesInternal] call compositor()->updateIfNeededRecursive()!
11-28 17:23:43.392 D/[blink]FrameView( 4548): [updateLifecyclePhasesInternal] end... this:0x598e66f0
11-28 17:23:43.410 D/[cc]ProxyMain( 4548): [BeginMainFrame] cc.BeginMainFrame this:0x9f620a10
11-28 17:23:43.411 D/[cc]LayerTreeHost( 4548): [AnimateLayers] AnimateLayers monotonic_time=3027683212
11-28 17:23:43.411 D/[blink]FrameView( 4548): [updateStyleAndLayoutIfNeededRecursiveInternal] in... this:0x598e66f0.
11-28 17:23:43.411 D/[blink]FrameView( 4548): [updateStyleAndLayoutIfNeededRecursiveInternal] in... this:0x598e6f68.
11-28 17:23:43.411 D/[blink]FrameView( 4548): [updateStyleAndLayoutIfNeededRecursiveInternal] end... this:0x598e6f68.
11-28 17:23:43.411 D/[blink]FrameView( 4548): [updateStyleAndLayoutIfNeededRecursiveInternal] end... this:0x598e66f0.
11-28 17:23:43.411 D/[blink]FrameView( 4548): [updateLifecyclePhasesInternal] in... this:0x598e66f0, targetState=18
11-28 17:23:43.411 D/[blink]FrameView( 4548): [updateLifecyclePhasesInternal] call compositor()->updateIfNeededRecursive()!
11-28 17:23:43.413 D/[blink]FrameView( 4548): [updateLifecyclePhasesInternal] end... this:0x598e66f0
11-28 17:23:43.425 D/[cc]ProxyMain( 4548): [BeginMainFrame] cc.BeginMainFrame this:0x9f620a10
11-28 17:23:43.426 D/[cc]LayerTreeHost( 4548): [AnimateLayers] AnimateLayers monotonic_time=3027699878
11-28 17:23:43.426 D/[blink]FrameView( 4548): [updateStyleAndLayoutIfNeededRecursiveInternal] in... this:0x598e66f0.
11-28 17:23:43.426 D/[blink]FrameView( 4548): [updateStyleAndLayoutIfNeededRecursiveInternal] in... this:0x598e6f68.
11-28 17:23:43.426 D/[blink]FrameView( 4548): [updateStyleAndLayoutIfNeededRecursiveInternal] end... this:0x598e6f68.
11-28 17:23:43.426 D/[blink]FrameView( 4548): [updateStyleAndLayoutIfNeededRecursiveInternal] end... this:0x598e66f0.
11-28 17:23:43.426 D/[blink]FrameView( 4548): [updateLifecyclePhasesInternal] in... this:0x598e66f0, targetState=18
11-28 17:23:43.426 D/[blink]FrameView( 4548): [updateLifecyclePhasesInternal] call compositor()->updateIfNeededRecursive()!
11-28 17:23:43.426 D/[blink]FrameView( 4548): [updateLifecyclePhasesInternal] end... this:0x598e66f0
11-28 17:23:43.442 D/[cc]ProxyMain( 4548): [BeginMainFrame] cc.BeginMainFrame this:0x9f620a10
11-28 17:23:43.442 D/[cc]LayerTreeHost( 4548): [AnimateLayers] AnimateLayers monotonic_time=3027716545
11-28 17:23:43.442 D/[blink]FrameView( 4548): [updateStyleAndLayoutIfNeededRecursiveInternal] in... this:0x598e66f0.
11-28 17:23:43.442 D/[blink]FrameView( 4548): [updateStyleAndLayoutIfNeededRecursiveInternal] in... this:0x598e6f68.
11-28 17:23:43.442 D/[blink]FrameView( 4548): [updateStyleAndLayoutIfNeededRecursiveInternal] end... this:0x598e6f68.
11-28 17:23:43.442 D/[blink]FrameView( 4548): [updateStyleAndLayoutIfNeededRecursiveInternal] end... this:0x598e66f0.
11-28 17:23:43.442 D/[blink]FrameView( 4548): [updateLifecyclePhasesInternal] in... this:0x598e66f0, targetState=18
11-28 17:23:43.442 D/[blink]FrameView( 4548): [updateLifecyclePhasesInternal] call compositor()->updateIfNeededRecursive()!
11-28 17:23:43.443 D/[blink]FrameView( 4548): [updateLifecyclePhasesInternal] end... this:0x598e66f0
11-28 17:23:43.443 V/PT      ( 1581): >>INFO:irkey_task:[    3027.719208] /dev/input/event0: type=0001 code=006a val=00000000
11-28 17:23:43.443 V/PT      ( 1581): >>INFO:irkey_send:0x3001 0x0027 up  
11-28 17:23:43.443 V/SUMA    ( 1581): ++++++++++++++  _roc_evtmgr_key_cbk 517:input = 12289, event=39, act=0x400
11-28 17:23:43.443 V/SUMA    ( 1581): lxm:_roc_evtmgr_key_cbk 519 3027719
11-28 17:23:43.443 V/SUMA    ( 1581): lxm:_roc_evtmgr_add_key_into_queue 311 3027719
11-28 17:23:43.443 V/PT      ( 1581): >>INFO:irkey_task:[    3027.719208] /dev/input/event0: type=0000 code=0000 val=00000000
11-28 17:23:43.443 V/SUMA    ( 1581): ===================>> type=0 src=0 evt=39 act=0x400
11-28 17:23:43.443 V/SUMA    ( 1581): [sysset-s][event_manager_cbk 78]lxm cbid=1, cbk_reg=1, cpid=2464
11-28 17:23:43.443 D/ir_user ( 1585): PlayerTimeLineTrace:linux_keycode:0x6a(UP),	protocol: .
11-28 17:23:43.444 D/NGBEvent( 2464): ngbEventCallBack type:0 source :39
11-28 17:23:43.444 D/NGBEvent( 2464): [NGBEventManager-JNI]-returning:1
11-28 17:23:43.444 D/NGBEvent( 2464): Input key event: keyCode=39
11-28 17:23:43.444 D/NGBEvent( 2464): src:39 = dest:39
11-28 17:23:43.444 I/System.out( 2464): [DEBUG EventManager] LWJ--Add event to java with evt=NgbEvent-[type = 1, subtype = 402, code = 39]
11-28 17:23:43.444 D/NGBEvent( 2464): [NGBEvent_log]--[EventManager--JNI]:		start
11-28 17:23:43.444 I/System.out( 2464): [DEBUG EventManager] broadcastEvent  :len 1
11-28 17:23:43.444 D/KeyEventNgbDealer( 2464): [TN_pool-1-thread-1]handleKeyReleased keyEvent=NgbEvent-[type = 1, subtype = 402, code = 39],time=3027719
11-28 17:23:43.448 D/RemoteIME( 2350): RemoteIME--> onKeyUp keyCode = 22
11-28 17:23:43.448 D/cr_AwTestContainerView( 4548): [AwTestContainerView.java:63] [mainFrame]: [2017-11-21 17:52:03] dispatchKeyEvent keyCode = 22 event = KeyEvent { action=ACTION_UP, keyCode=KEYCODE_DPAD_RIGHT, scanCode=106, metaState=0, flags=0x8, repeatCount=0, eventTime=3027719, downTime=3027617, deviceId=4, source=0x701 }
11-28 17:23:43.449 D/ImeAdapterAndroid( 4548): [SendKeyEvent] [BUILD TIME: ] dispatchKeyEvent key_code=22 modifiers=0 unicode_char=0 scan_code=106 is_system=0 tm=3027719
11-28 17:23:43.449 D/RenderWidgetInputHandler( 4548): [HandleInputEvent] input_event type=9 name=KeyUp
11-28 17:23:43.449 D/RenderWidgetInputHandler( 4548): [HandleInputEvent] key_event.nativeKeyCode:22,widget_->GetTextInputType():0
11-28 17:23:43.449 D/RenderWidgetInputHandler( 4548): [HandleInputEvent] input_event type=9 prevent_default:0
11-28 17:23:43.449 D/WebViewImpl( 4548): [handleKeyEvent] keycode:39, eventType:9 native keycode:22 frame=0x25e6bdb8. url='http://10.14.41.246/application/bxfc/sec/index.htm'.
11-28 17:23:43.449 D/[blink]KeyboardEventManager( 4548): [keyEvent] initialKeyEvent KeyUp nativeKeyCode=22 windowsKeyCode=39 text[0]=0
11-28 17:23:43.449 D/[blink]KeyboardEventManager( 4548): [keyEvent] initialKeyEvent focusedNode=0x0
11-28 17:23:43.459 D/[cc]ProxyMain( 4548): [BeginMainFrame] cc.BeginMainFrame this:0x9f620a10
11-28 17:23:43.459 D/[cc]LayerTreeHost( 4548): [AnimateLayers] AnimateLayers monotonic_time=3027733212
11-28 17:23:43.459 D/[blink]FrameView( 4548): [updateStyleAndLayoutIfNeededRecursiveInternal] in... this:0x598e66f0.
11-28 17:23:43.460 D/[blink]FrameView( 4548): [updateStyleAndLayoutIfNeededRecursiveInternal] in... this:0x598e6f68.
11-28 17:23:43.460 D/[blink]FrameView( 4548): [updateStyleAndLayoutIfNeededRecursiveInternal] end... this:0x598e6f68.
11-28 17:23:43.460 D/[blink]FrameView( 4548): [updateStyleAndLayoutIfNeededRecursiveInternal] end... this:0x598e66f0.
11-28 17:23:43.460 D/[blink]FrameView( 4548): [updateLifecyclePhasesInternal] in... this:0x598e66f0, targetState=18
11-28 17:23:43.460 D/[blink]FrameView( 4548): [updateLifecyclePhasesInternal] call compositor()->updateIfNeededRecursive()!
11-28 17:23:43.461 D/[blink]AnimationTimeline( 4548): [wakeAfter] duration= 4.624166
11-28 17:23:43.461 D/[blink]FrameView( 4548): [updateLifecyclePhasesInternal] end... this:0x598e66f0
11-28 17:23:43.586 I/Advanced( 4548): [QUEUE] share_queue_sendEx size:1 4097 6624 0x8ec69fd0,postLoopId:0,dstid:1.
11-28 17:23:43.666 D/BackBootDealerNeimeng( 2401): standbyState:
11-28 17:23:43.667 E/NetUtils( 2029): Interface eth0 LinkUp!
11-28 17:23:43.786 I/Advanced( 4548): [QUEUE] share_queue_sendEx size:1 4097 6625 0x8ec69fd0,postLoopId:0,dstid:1.
11-28 17:23:43.987 I/Advanced( 4548): [QUEUE] share_queue_sendEx size:1 4097 6626 0x8ec69fd0,postLoopId:0,dstid:1.
11-28 17:23:44.167 D/BackBootDealerNeimeng( 2401): standbyState:
11-28 17:23:44.168 E/NetUtils( 2029): Interface eth0 LinkUp!
11-28 17:23:44.187 I/Advanced( 4548): [QUEUE] share_queue_sendEx size:1 4097 6627 0x8ec69fd0,postLoopId:0,dstid:1.
11-28 17:23:44.286 E/NetUtils( 2029): Interface eth0 LinkUp!
11-28 17:23:44.324 I/AdvancedPorting-PORT_MODULE_NET( 4548): network_task while... 
11-28 17:23:44.324 I/AdvancedPorting-PORT_MODULE_NET( 4548): 0 interface name: lo
11-28 17:23:44.324 I/AdvancedPorting-PORT_MODULE_NET( 4548): 1 interface name: eth0
11-28 17:23:44.324 I/AdvancedPorting-PORT_MODULE_NET( 4548): 2 interface name: wlan0
11-28 17:23:44.324 I/AdvancedPorting-PORT_MODULE_NET( 4548): First interface name: lo
11-28 17:23:44.324 I/AdvancedPorting-PORT_MODULE_NET( 4548): network_task while...  net_i:1
11-28 17:23:44.324 I/AdvancedPorting-PORT_MODULE_NET( 4548): network_task while---name_interface[0]=lo
11-28 17:23:44.324 I/AdvancedPorting-PORT_MODULE_NET( 4548): network_task while---name_interface[1]=eth0
11-28 17:23:44.324 I/AdvancedPorting-PORT_MODULE_NET( 4548): network_task while---interface_name=eth0
11-28 17:23:44.324 I/AdvancedPorting-PORT_MODULE_NET( 4548): network_get_netlink_status(in)--if_name=eth0
11-28 17:23:44.324 I/AdvancedPorting-PORT_MODULE_NET( 4548): net.network.isconnected = no
11-28 17:23:44.324 I/AdvancedPorting-PORT_MODULE_NET( 4548): eth0 --network_get_netlink_status return retval=1
11-28 17:23:44.324 I/AdvancedPorting-PORT_MODULE_NET( 4548): stat = 1 last_status = 1
11-28 17:23:44.388 I/Advanced( 4548): [QUEUE] share_queue_sendEx size:1 4097 6628 0x8ec69fd0,postLoopId:0,dstid:1.
11-28 17:23:44.588 I/Advanced( 4548): [QUEUE] share_queue_sendEx size:1 4097 6629 0x8ec69fd0,postLoopId:0,dstid:1.
11-28 17:23:44.669 D/BackBootDealerNeimeng( 2401): standbyState:
11-28 17:23:44.669 E/NetUtils( 2029): Interface eth0 LinkUp!
11-28 17:23:44.788 I/Advanced( 4548): [QUEUE] share_queue_sendEx size:1 4097 6630 0x8ec69fd0,postLoopId:0,dstid:1.
11-28 17:23:44.989 I/Advanced( 4548): [QUEUE] share_queue_sendEx size:1 4097 6631 0x8ec69fd0,postLoopId:0,dstid:1.
11-28 17:23:45.170 D/BackBootDealerNeimeng( 2401): standbyState:
11-28 17:23:45.171 E/NetUtils( 2029): Interface eth0 LinkUp!
11-28 17:23:45.189 I/Advanced( 4548): [QUEUE] share_queue_sendEx size:1 4097 6632 0x8ec69fd0,postLoopId:0,dstid:1.
11-28 17:23:45.285 D/AppUtil ( 2401): [TN_ThreadUtil-3]getActivityPkg index=0,comp=ComponentInfo{com.ipanel.android_webview.shell/com.ipanel.webapp.BrowserActivity}
11-28 17:23:45.285 D/AppKiller( 2401): [TN_ThreadUtil-3]backKill curPkgName=com.ipanel.android_webview.shell
11-28 17:23:45.285 D/AppKiller( 2401): [TN_ThreadUtil-3]backKill processName=com.starcor.mango,processInfo=android.app.ActivityManager$RunningAppProcessInfo@322104
11-28 17:23:45.285 D/AppNgbKiller( 2401): [TN_ThreadUtil-3]forceKillApp processInfoFlag=0,hasActivityFlag=4
11-28 17:23:45.285 D/AppKiller( 2401): [TN_ThreadUtil-3]backKill processName=com.yzx.im_demo,processInfo=android.app.ActivityManager$RunningAppProcessInfo@287f76ed
11-28 17:23:45.285 D/AppNgbKiller( 2401): [TN_ThreadUtil-3]forceKillApp processInfoFlag=0,hasActivityFlag=4
11-28 17:23:45.324 I/AdvancedPorting-PORT_MODULE_NET( 4548): network_task while... 
11-28 17:23:45.324 I/AdvancedPorting-PORT_MODULE_NET( 4548): 0 interface name: lo
11-28 17:23:45.324 I/AdvancedPorting-PORT_MODULE_NET( 4548): 1 interface name: eth0
11-28 17:23:45.324 I/AdvancedPorting-PORT_MODULE_NET( 4548): 2 interface name: wlan0
11-28 17:23:45.324 I/AdvancedPorting-PORT_MODULE_NET( 4548): First interface name: lo
11-28 17:23:45.325 I/AdvancedPorting-PORT_MODULE_NET( 4548): network_task while...  net_i:1
11-28 17:23:45.325 I/AdvancedPorting-PORT_MODULE_NET( 4548): network_task while---name_interface[0]=lo
11-28 17:23:45.325 I/AdvancedPorting-PORT_MODULE_NET( 4548): network_task while---name_interface[1]=eth0
11-28 17:23:45.325 I/AdvancedPorting-PORT_MODULE_NET( 4548): network_task while---interface_name=eth0
11-28 17:23:45.325 I/AdvancedPorting-PORT_MODULE_NET( 4548): network_get_netlink_status(in)--if_name=eth0
11-28 17:23:45.325 I/AdvancedPorting-PORT_MODULE_NET( 4548): net.network.isconnected = no
11-28 17:23:45.325 I/AdvancedPorting-PORT_MODULE_NET( 4548): eth0 --network_get_netlink_status return retval=1
11-28 17:23:45.325 I/AdvancedPorting-PORT_MODULE_NET( 4548): stat = 1 last_status = 1
11-28 17:23:45.390 I/Advanced( 4548): [QUEUE] share_queue_sendEx size:1 4097 6633 0x8ec69fd0,postLoopId:0,dstid:1.
11-28 17:23:45.485 I/SystemTimeManager( 2647): doSynchronizedTime reset synProtection=0
11-28 17:23:45.498 I/Api     ( 2647): srcApiName:N2_A_3, 转换后的url=
11-28 17:23:45.498 I/Api     ( 2647): /SyncTime?OutputType=json&Mac=A8-F4-70-1C-47-8D&MacId=A8-F4-70-1C-47-8D&Version=5.5.118.200.2.DBEI.0.0_Release&UserId=mgtvmacA8F4701C478D&UserAgent=nn_player%2Fstd%2F1.0.0&_support=10000000
11-28 17:23:45.498 I/SCHttpApiEngine( 2647): runTask taskId:51, Name:N2_A_3,forceUpdate:false , url:/SyncTime?OutputType=json&Mac=A8-F4-70-1C-47-8D&MacId=A8-F4-70-1C-47-8D&Version=5.5.118.200.2.DBEI.0.0_Release&UserId=mgtvmacA8F4701C478D&UserAgent=nn_player%2Fstd%2F1.0.0&_support=10000000
11-28 17:23:45.498 I/SCHttpApiEngine( 2647): runTask engine cache not use taskId:51 taskName:N2_A_3 CacheLife:0s
11-28 17:23:45.500 I/Starcor ( 2647): Req url    (N2_A_3):/SyncTime?OutputType=json&Mac=A8-F4-70-1C-47-8D&MacId=A8-F4-70-1C-47-8D&Version=5.5.118.200.2.DBEI.0.0_Release&UserId=mgtvmacA8F4701C478D&UserAgent=nn_player%2Fstd%2F1.0.0&_support=10000000
11-28 17:23:45.500 I/Starcor ( 2647): httpDns url(N2_A_3):/SyncTime?OutputType=json&Mac=A8-F4-70-1C-47-8D&MacId=A8-F4-70-1C-47-8D&Version=5.5.118.200.2.DBEI.0.0_Release&UserId=mgtvmacA8F4701C478D&UserAgent=nn_player%2Fstd%2F1.0.0&_support=10000000
11-28 17:23:45.500 W/System.err( 2647): java.net.MalformedURLException: Protocol not found: /SyncTime?OutputType=json&Mac=A8-F4-70-1C-47-8D&MacId=A8-F4-70-1C-47-8D&Version=5.5.118.200.2.DBEI.0.0_Release&UserId=mgtvmacA8F4701C478D&UserAgent=nn_player%2Fstd%2F1.0.0&_support=10000000
11-28 17:23:45.500 W/System.err( 2647): 	at java.net.URL.<init>(URL.java:176)
11-28 17:23:45.500 W/System.err( 2647): 	at java.net.URL.<init>(URL.java:125)
11-28 17:23:45.500 W/System.err( 2647): 	at com.starcor.core.utils.HttpUtil.tryGetIp(HttpUtil.java:79)
11-28 17:23:45.500 W/System.err( 2647): 	at com.starcor.httpapi.core.SCHttpTools.doRequest(SCHttpTools.java:124)
11-28 17:23:45.501 W/System.err( 2647): 	at com.starcor.httpapi.core.SCHttpApiEngine$ApiRunnable.runTask(SCHttpApiEngine.java:507)
11-28 17:23:45.501 W/System.err( 2647): 	at com.starcor.httpapi.core.SCHttpApiEngine$ApiRunnable.run(SCHttpApiEngine.java:442)
11-28 17:23:45.501 W/System.err( 2647): 	at java.lang.Thread.run(Thread.java:818)
11-28 17:23:45.504 W/System.err( 2647): java.lang.IllegalStateException: Target host must not be null, or set in parameters. scheme=null, host=null, path=/SyncTime
11-28 17:23:45.504 W/System.err( 2647): 	at org.apache.http.impl.client.DefaultRequestDirector.determineRoute(DefaultRequestDirector.java:596)
11-28 17:23:45.504 W/System.err( 2647): 	at org.apache.http.impl.client.DefaultRequestDirector.execute(DefaultRequestDirector.java:298)
11-28 17:23:45.504 W/System.err( 2647): 	at org.apache.http.impl.client.AbstractHttpClient.execute(AbstractHttpClient.java:560)
11-28 17:23:45.505 W/System.err( 2647): 	at org.apache.http.impl.client.AbstractHttpClient.execute(AbstractHttpClient.java:492)
11-28 17:23:45.505 W/System.err( 2647): 	at org.apache.http.impl.client.AbstractHttpClient.execute(AbstractHttpClient.java:470)
11-28 17:23:45.505 W/System.err( 2647): 	at com.starcor.httpapi.core.SCHttpTools.doRequest(SCHttpTools.java:197)
11-28 17:23:45.505 W/System.err( 2647): 	at com.starcor.httpapi.core.SCHttpApiEngine$ApiRunnable.runTask(SCHttpApiEngine.java:507)
11-28 17:23:45.505 W/System.err( 2647): 	at com.starcor.httpapi.core.SCHttpApiEngine$ApiRunnable.run(SCHttpApiEngine.java:442)
11-28 17:23:45.505 W/System.err( 2647): 	at java.lang.Thread.run(Thread.java:818)
11-28 17:23:45.508 I/Starcor ( 2647): Req url    (N2_A_3):/SyncTime?OutputType=json&Mac=A8-F4-70-1C-47-8D&MacId=A8-F4-70-1C-47-8D&Version=5.5.118.200.2.DBEI.0.0_Release&UserId=mgtvmacA8F4701C478D&UserAgent=nn_player%2Fstd%2F1.0.0&_support=10000000
11-28 17:23:45.508 I/Starcor ( 2647): httpDns url(N2_A_3):/SyncTime?OutputType=json&Mac=A8-F4-70-1C-47-8D&MacId=A8-F4-70-1C-47-8D&Version=5.5.118.200.2.DBEI.0.0_Release&UserId=mgtvmacA8F4701C478D&UserAgent=nn_player%2Fstd%2F1.0.0&_support=10000000
11-28 17:23:45.508 W/System.err( 2647): java.net.MalformedURLException: Protocol not found: /SyncTime?OutputType=json&Mac=A8-F4-70-1C-47-8D&MacId=A8-F4-70-1C-47-8D&Version=5.5.118.200.2.DBEI.0.0_Release&UserId=mgtvmacA8F4701C478D&UserAgent=nn_player%2Fstd%2F1.0.0&_support=10000000
11-28 17:23:45.508 W/System.err( 2647): 	at java.net.URL.<init>(URL.java:176)
11-28 17:23:45.508 W/System.err( 2647): 	at java.net.URL.<init>(URL.java:125)
11-28 17:23:45.508 W/System.err( 2647): 	at com.starcor.core.utils.HttpUtil.tryGetIp(HttpUtil.java:79)
11-28 17:23:45.509 W/System.err( 2647): 	at com.starcor.httpapi.core.SCHttpTools.doRequest(SCHttpTools.java:124)
11-28 17:23:45.509 W/System.err( 2647): 	at com.starcor.httpapi.core.SCHttpApiEngine$ApiRunnable.runTask(SCHttpApiEngine.java:507)
11-28 17:23:45.509 W/System.err( 2647): 	at com.starcor.httpapi.core.SCHttpApiEngine$ApiRunnable.run(SCHttpApiEngine.java:442)
11-28 17:23:45.509 W/System.err( 2647): 	at java.lang.Thread.run(Thread.java:818)
11-28 17:23:45.512 W/System.err( 2647): java.lang.IllegalStateException: Target host must not be null, or set in parameters. scheme=null, host=null, path=/SyncTime
11-28 17:23:45.513 W/System.err( 2647): 	at org.apache.http.impl.client.DefaultRequestDirector.determineRoute(DefaultRequestDirector.java:596)
11-28 17:23:45.513 W/System.err( 2647): 	at org.apache.http.impl.client.DefaultRequestDirector.execute(DefaultRequestDirector.java:298)
11-28 17:23:45.513 W/System.err( 2647): 	at org.apache.http.impl.client.AbstractHttpClient.execute(AbstractHttpClient.java:560)
11-28 17:23:45.513 W/System.err( 2647): 	at org.apache.http.impl.client.AbstractHttpClient.execute(AbstractHttpClient.java:492)
11-28 17:23:45.513 W/System.err( 2647): 	at org.apache.http.impl.client.AbstractHttpClient.execute(AbstractHttpClient.java:470)
11-28 17:23:45.513 W/System.err( 2647): 	at com.starcor.httpapi.core.SCHttpTools.doRequest(SCHttpTools.java:197)
11-28 17:23:45.513 W/System.err( 2647): 	at com.starcor.httpapi.core.SCHttpApiEngine$ApiRunnable.runTask(SCHttpApiEngine.java:507)
11-28 17:23:45.514 W/System.err( 2647): 	at com.starcor.httpapi.core.SCHttpApiEngine$ApiRunnable.run(SCHttpApiEngine.java:442)
11-28 17:23:45.514 W/System.err( 2647): 	at java.lang.Thread.run(Thread.java:818)
11-28 17:23:45.519 I/Starcor ( 2647): Req url    (N2_A_3):/SyncTime?OutputType=json&Mac=A8-F4-70-1C-47-8D&MacId=A8-F4-70-1C-47-8D&Version=5.5.118.200.2.DBEI.0.0_Release&UserId=mgtvmacA8F4701C478D&UserAgent=nn_player%2Fstd%2F1.0.0&_support=10000000
11-28 17:23:45.519 I/Starcor ( 2647): httpDns url(N2_A_3):/SyncTime?OutputType=json&Mac=A8-F4-70-1C-47-8D&MacId=A8-F4-70-1C-47-8D&Version=5.5.118.200.2.DBEI.0.0_Release&UserId=mgtvmacA8F4701C478D&UserAgent=nn_player%2Fstd%2F1.0.0&_support=10000000
11-28 17:23:45.519 W/System.err( 2647): java.net.MalformedURLException: Protocol not found: /SyncTime?OutputType=json&Mac=A8-F4-70-1C-47-8D&MacId=A8-F4-70-1C-47-8D&Version=5.5.118.200.2.DBEI.0.0_Release&UserId=mgtvmacA8F4701C478D&UserAgent=nn_player%2Fstd%2F1.0.0&_support=10000000
11-28 17:23:45.519 W/System.err( 2647): 	at java.net.URL.<init>(URL.java:176)
11-28 17:23:45.519 W/System.err( 2647): 	at java.net.URL.<init>(URL.java:125)
11-28 17:23:45.519 W/System.err( 2647): 	at com.starcor.core.utils.HttpUtil.tryGetIp(HttpUtil.java:79)
11-28 17:23:45.520 W/System.err( 2647): 	at com.starcor.httpapi.core.SCHttpTools.doRequest(SCHttpTools.java:124)
11-28 17:23:45.520 W/System.err( 2647): 	at com.starcor.httpapi.core.SCHttpApiEngine$ApiRunnable.runTask(SCHttpApiEngine.java:507)
11-28 17:23:45.520 W/System.err( 2647): 	at com.starcor.httpapi.core.SCHttpApiEngine$ApiRunnable.run(SCHttpApiEngine.java:442)
11-28 17:23:45.520 W/System.err( 2647): 	at java.lang.Thread.run(Thread.java:818)
11-28 17:23:45.523 W/System.err( 2647): java.lang.IllegalStateException: Target host must not be null, or set in parameters. scheme=null, host=null, path=/SyncTime
11-28 17:23:45.523 W/System.err( 2647): 	at org.apache.http.impl.client.DefaultRequestDirector.determineRoute(DefaultRequestDirector.java:596)
11-28 17:23:45.524 W/System.err( 2647): 	at org.apache.http.impl.client.DefaultRequestDirector.execute(DefaultRequestDirector.java:298)
11-28 17:23:45.524 W/System.err( 2647): 	at org.apache.http.impl.client.AbstractHttpClient.execute(AbstractHttpClient.java:560)
11-28 17:23:45.524 W/System.err( 2647): 	at org.apache.http.impl.client.AbstractHttpClient.execute(AbstractHttpClient.java:492)
11-28 17:23:45.524 W/System.err( 2647): 	at org.apache.http.impl.client.AbstractHttpClient.execute(AbstractHttpClient.java:470)
11-28 17:23:45.524 W/System.err( 2647): 	at com.starcor.httpapi.core.SCHttpTools.doRequest(SCHttpTools.java:197)
11-28 17:23:45.524 W/System.err( 2647): 	at com.starcor.httpapi.core.SCHttpApiEngine$ApiRunnable.runTask(SCHttpApiEngine.java:507)
11-28 17:23:45.524 W/System.err( 2647): 	at com.starcor.httpapi.core.SCHttpApiEngine$ApiRunnable.run(SCHttpApiEngine.java:442)
11-28 17:23:45.524 W/System.err( 2647): 	at java.lang.Thread.run(Thread.java:818)
11-28 17:23:45.526 I/Starcor ( 2647): Req url    (N2_A_3):/SyncTime?OutputType=json&Mac=A8-F4-70-1C-47-8D&MacId=A8-F4-70-1C-47-8D&Version=5.5.118.200.2.DBEI.0.0_Release&UserId=mgtvmacA8F4701C478D&UserAgent=nn_player%2Fstd%2F1.0.0&_support=10000000
11-28 17:23:45.526 I/Starcor ( 2647): httpDns url(N2_A_3):/SyncTime?OutputType=json&Mac=A8-F4-70-1C-47-8D&MacId=A8-F4-70-1C-47-8D&Version=5.5.118.200.2.DBEI.0.0_Release&UserId=mgtvmacA8F4701C478D&UserAgent=nn_player%2Fstd%2F1.0.0&_support=10000000
11-28 17:23:45.526 W/System.err( 2647): java.net.MalformedURLException: Protocol not found: /SyncTime?OutputType=json&Mac=A8-F4-70-1C-47-8D&MacId=A8-F4-70-1C-47-8D&Version=5.5.118.200.2.DBEI.0.0_Release&UserId=mgtvmacA8F4701C478D&UserAgent=nn_player%2Fstd%2F1.0.0&_support=10000000
11-28 17:23:45.526 W/System.err( 2647): 	at java.net.URL.<init>(URL.java:176)
11-28 17:23:45.526 W/System.err( 2647): 	at java.net.URL.<init>(URL.java:125)
11-28 17:23:45.526 W/System.err( 2647): 	at com.starcor.core.utils.HttpUtil.tryGetIp(HttpUtil.java:79)
