11-28 16:36:51.763 I/AdvancedPorting-PORT_MODULE_NET( 3039): network_task while---interface_name=eth0
11-28 16:36:51.763 I/AdvancedPorting-PORT_MODULE_NET( 3039): network_get_netlink_status(in)--if_name=eth0
11-28 16:36:51.763 I/AdvancedPorting-PORT_MODULE_NET( 3039): net.network.isconnected = no
11-28 16:36:51.763 I/AdvancedPorting-PORT_MODULE_NET( 3039): eth0 --network_get_netlink_status return retval=1
11-28 16:36:51.763 I/AdvancedPorting-PORT_MODULE_NET( 3039): stat = 1 last_status = 1
11-28 16:36:51.829 I/Advanced( 3039): [QUEUE] share_queue_sendEx size:1 4097 852 0x8f027a48,postLoopId:0,dstid:1.
11-28 16:36:52.030 I/Advanced( 3039): [QUEUE] share_queue_sendEx size:1 4097 853 0x8f027a48,postLoopId:0,dstid:1.
11-28 16:36:52.033 D/BackBootDealerNeimeng( 2401): standbyState:
11-28 16:36:52.033 E/NetUtils( 2029): Interface eth0 LinkUp!
11-28 16:36:52.230 I/Advanced( 3039): [QUEUE] share_queue_sendEx size:1 4097 854 0x8f027a48,postLoopId:0,dstid:1.
11-28 16:36:52.513 E/WifiStateMachine( 2029): WifiStateMachine CMD_START_SCAN source -2 txSuccessRate=0.00 rxSuccessRate=4.24 targetRoamBSSID=86:79:73:a5:71:44 RSSI=-38
11-28 16:36:52.534 D/BackBootDealerNeimeng( 2401): standbyState:
11-28 16:36:52.535 E/NetUtils( 2029): Interface eth0 LinkUp!
11-28 16:36:52.640 I/Advanced( 3039): [QUEUE] share_queue_sendEx size:1 4097 856 0x8f027a48,postLoopId:0,dstid:1.
11-28 16:36:52.763 I/AdvancedPorting-PORT_MODULE_NET( 3039): network_task while... 
11-28 16:36:52.763 I/AdvancedPorting-PORT_MODULE_NET( 3039): 0 interface name: lo
11-28 16:36:52.763 I/AdvancedPorting-PORT_MODULE_NET( 3039): 1 interface name: eth0
11-28 16:36:52.763 I/AdvancedPorting-PORT_MODULE_NET( 3039): 2 interface name: wlan0
11-28 16:36:52.763 I/AdvancedPorting-PORT_MODULE_NET( 3039): First interface name: lo
11-28 16:36:52.763 I/AdvancedPorting-PORT_MODULE_NET( 3039): network_task while...  net_i:1
11-28 16:36:52.764 I/AdvancedPorting-PORT_MODULE_NET( 3039): network_task while---name_interface[0]=lo
11-28 16:36:52.764 I/AdvancedPorting-PORT_MODULE_NET( 3039): network_task while---name_interface[1]=eth0
11-28 16:36:52.764 I/AdvancedPorting-PORT_MODULE_NET( 3039): network_task while---interface_name=eth0
11-28 16:36:52.764 I/AdvancedPorting-PORT_MODULE_NET( 3039): network_get_netlink_status(in)--if_name=eth0
11-28 16:36:52.764 I/AdvancedPorting-PORT_MODULE_NET( 3039): net.network.isconnected = no
11-28 16:36:52.764 I/AdvancedPorting-PORT_MODULE_NET( 3039): eth0 --network_get_netlink_status return retval=1
11-28 16:36:52.764 I/AdvancedPorting-PORT_MODULE_NET( 3039): stat = 1 last_status = 1
11-28 16:36:52.775 D/EsgNeiMengDealer( 2401): [TN_ThreadUtil-2]checkBootAd bootAd=[Advertisment@15925613]category[1]version[0]profile[2]group[[GroupProperty@2b3aa050]associateType[3]groupIDs[len:10:10000:7101:7105:9999:7000:17:1001:20002:20001:1003]]service[null]period[[Advertisment@12aed249]dates[]times[len0:133:len1:133:20170821 000000-20170821 235959:20170822 000000-20170822 235959:20170823 000000-20170823 235959:20170824 000000-20170824 235959:20170825 000000-20170825 235959:20170826 000000-20170826 235959:20170827 000000-20170827 235959:20170828 000000-20170828 235959:20170829 000000-20170829 235959:20170830 000000-20170830 235959:20170831 000000-20170831 235959:20170901 000000-20170901 235959:20170902 000000-20170902 235959:20170903 000000-20170903 235959:20170904 000000-20170904 235959:20170905 000000-20170905 235959:20170906 000000-20170906 235959:20170907 000000-20170907 235959:20170908 000000-20170908 235959:20170909 000000-20170909 235959:20170910 000000-20170910 235959:20170911 000000-20170911 235959:20170912 000000-20170912 235959:20170913 000000-20170913 235959:20170914 000000-20170914 235959:20170915 000000-20170915 235959:20170916 000000-20170916 235959:20170917 000000-20170917 235959:20170918 000000-20170918 235959:20170919 000000-20170919 235959:20170920 000000-20170920 235959:20170921 000000-20170921 235959:20170922 000000-20170922 235959:20170923 000000-20170923 235959:20170924 000000-20170924 235959:20170925 000000-20170925 235959:20170926 000000-20170926 235959:20170927 000000-20170927 235959:20170928 000000-20170928 235959:20170929 000000-20170929 235959:20170930 000000-20170930 235959:20171001 000000-20171001 235959:20171002 000000-20171002 235959:20171003 000000-20171003 235959:20171004 000000-20171004 235959:20171005 000000-20171005 235959:20171006 000000-20171006 235959:20171007 000000-20171007 235959:20171008 000000-20171008 235959:20171009 000000-20171009 235959:20171010 000000-20171010 235959:20171011 000000-20171011 235959:20171012 000000-20171012 235959:20171013 000000-20171013 235959:20171014 000000-20171014 235959:20171015 000000-20171015 235959:20171016 000000-20171016 235959:20171017 000000-20171017 235959:20171018 000000-20171018 235959:20171019 000000-20171019 235959:20171020 000000-20171020 235959:20171021 000000-20171021 235959:20171022 000000-20171022 235959:20171023 000000-20171023 235959:20171024 000000-20171024 235959:20171025 000000-20171025 235959:20171026 000000-20171026 235959:20171027 000000-20171027 235959:20171028 000000-20171028 235959:20171029 000000-20171029 235959:20171030 000000-20171030 235959:20171031 000000-20171031 235959:20171101 000000-20171101 235959:20171102 000000-20171102 235959:20171103 000000-20171103 235959:20171104 000000-20171104 235959:20171105 000000-20171105 235959:20171106 000000-20171106 235959:20171107 000000-20171107 235959:20171108 000000-20171108 235959:20171109 000000-20171109 235959:20171110 000000-20171110 235959:20171111 000000-20171111 235959:20171112 000000-20171112 235959:20171113 000000-20171113 235959:20171114 000000-20171114 235959:20171115 000000-20171115 235959:20171116 000000-20171116 235959:20171117 000000-20171117 235959:20171118 000000-20171118 235959:20171119 000000-20171119 235959:20171120 000000-20171120 235959:20171121 000000-20171121 235959:20171122 000000-20171122 235959:20171123 000000-20171123 235959:20171124 000000-20171124 235959:20171125 000000-20171125 235959:20171126 000000-20171126 235959:20171127 000000-20171127 235959:20171128 000000-20171128 235959:20171129 000000-20171129 235959:20171130 000000-20171130 235959:20171201 000000-20171201 235959:20171202 000000-20171202 235959:20171203 000000-20171203 235959:20171204 000000-20171204 235959:20171205 000000-20171205 235959:20171206 000000-20171206 235959:20171207 000000-20171207 235959:20171208 000000-20171208 235959:20171209 000000-20171209 235959:20171210 000000-20171210 235959:20171211 000000-20171211 235959:20171212 000000-20171212 235959:20171213 000000-20171213 235959:20171214 000000-20171214 235959:20171215 000000-20171215 235959:20171216 000000-20171216 235959:201
11-28 16:36:52.775 I/System.out( 2401): [DEBUG SectionFilterGroup] The filterGroupHandle is: -1622050448
11-28 16:36:52.776 D/LoadPipeHandler( 2401): [TN_ThreadUtil-2]dealTableLoad pipeTask=[LoadPipeTask@3d2e4aad]pID[16]tableID[64]tunerIndex[0]offset[3]timeout[5000]isNeedTune[false]fileName[null]
11-28 16:36:52.776 D/filter  ( 2401): [FilterManager-JNI] - start filter:pid=16, tableid=64, bufferNum=0
11-28 16:36:52.776 D/filter  ( 2401): [FilterManager-JNI] - 
11-28 16:36:52.776 D/filter  ( 2401): [FilterManager-JNI] - 
11-28 16:36:52.776 D/filter  ( 2401): [FilterManager-JNI] - The table id is proper.
11-28 16:36:52.776 D/filter  ( 2401): ####in java native method open filter:pid=16,							code=40,00,00,00,mask=ff,00,00,00
11-28 16:36:52.776 D/filter  ( 2401): [FilterManager-JNI] - Filter mode to ROCME_RES_FLT_MODE_UNROB_FILTER.
11-28 16:36:52.776 V/SUMA    ( 1581): [resman-s][onTransact 216]code[0x12000200] client pid = 2401
11-28 16:36:52.776 V/SUMA    ( 1581): [resman-s][onTransact 615]TRANS_CODE_RESMAN_FILETER_REQUEST enter
11-28 16:36:52.776 I/System.out( 2401): [DEBUG SectionFilterGroup] The run() method, and the filterGroupHandle is: -1622050448
11-28 16:36:52.776 V/SUMA    ( 1581): [resman-s][onTransact 623]filter request m_client[0].cpid = 2401
11-28 16:36:52.776 V/SUMA    ( 1581): [resman-s][onTransact 627]filter handler request filter_handler[0]
11-28 16:36:52.776 V/SUMA    ( 1581): >> Roc_ResMan_Filter_Request handler = 0x120295a0 
11-28 16:36:52.776 V/SUMA    ( 1581): [resman-s][onTransact 657]TRANS_CODE_RESMAN_FILETER_REQUEST leave
11-28 16:36:52.776 V/SUMA    ( 1581): [resman-s][onTransact 1574]leave transact client pid = 2401
11-28 16:36:52.776 V/SUMA    ( 2401): [resman-c][Roc_ResMan_Filter_Request 1311]leave !!!
11-28 16:36:52.776 V/SUMA    ( 2401): [resman-c][dvbc_resman_flt_request 162]dvbc(2401)## s_resman_client_flt_hcbk request cbk idx=0 !!!
11-28 16:36:52.776 V/SUMA    ( 1581): [resman-s][onTransact 216]code[0x12000204] client pid = 2401
11-28 16:36:52.776 V/SUMA    ( 1581): [resman-s][onTransact 1574]leave transact client pid = 2401
11-28 16:36:52.776 V/SUMA    ( 2401): [resman-c][Roc_ResMan_Filter_Modify 1514]leave !!!
11-28 16:36:52.777 V/SUMA    ( 1581): [resman-s][onTransact 216]code[0x12000202] client pid = 2401
11-28 16:36:52.777 V/SUMA    ( 1581): [resman-s][onTransact 1574]leave transact client pid = 2401
11-28 16:36:52.777 V/SUMA    ( 2401): [resman-c][Roc_ResMan_Filter_Run 1431]leave !!!
11-28 16:36:52.777 D/filter  ( 2401): open file=302159264,pid=16,index=0 with tuner index 0
11-28 16:36:52.840 I/Advanced( 3039): [QUEUE] share_queue_sendEx size:1 4097 857 0x8f027a48,postLoopId:0,dstid:1.
11-28 16:36:53.035 D/BackBootDealerNeimeng( 2401): standbyState:
11-28 16:36:53.036 E/NetUtils( 2029): Interface eth0 LinkUp!
11-28 16:36:53.040 I/Advanced( 3039): [QUEUE] share_queue_sendEx size:1 4097 858 0x8f027a48,postLoopId:0,dstid:1.
11-28 16:36:53.241 I/Advanced( 3039): [QUEUE] share_queue_sendEx size:1 4097 859 0x8f027a48,postLoopId:0,dstid:1.
11-28 16:36:53.441 I/Advanced( 3039): [QUEUE] share_queue_sendEx size:1 4097 860 0x8f027a48,postLoopId:0,dstid:1.
11-28 16:36:53.537 D/BackBootDealerNeimeng( 2401): standbyState:
11-28 16:36:53.537 E/NetUtils( 2029): Interface eth0 LinkUp!
11-28 16:36:53.641 I/Advanced( 3039): [QUEUE] share_queue_sendEx size:1 4097 861 0x8f027a48,postLoopId:0,dstid:1.
11-28 16:36:53.764 I/AdvancedPorting-PORT_MODULE_NET( 3039): network_task while... 
11-28 16:36:53.764 I/AdvancedPorting-PORT_MODULE_NET( 3039): 0 interface name: lo
11-28 16:36:53.764 I/AdvancedPorting-PORT_MODULE_NET( 3039): 1 interface name: eth0
11-28 16:36:53.764 I/AdvancedPorting-PORT_MODULE_NET( 3039): 2 interface name: wlan0
11-28 16:36:53.764 I/AdvancedPorting-PORT_MODULE_NET( 3039): First interface name: lo
11-28 16:36:53.764 I/AdvancedPorting-PORT_MODULE_NET( 3039): network_task while...  net_i:1
11-28 16:36:53.764 I/AdvancedPorting-PORT_MODULE_NET( 3039): network_task while---name_interface[0]=lo
11-28 16:36:53.764 I/AdvancedPorting-PORT_MODULE_NET( 3039): network_task while---name_interface[1]=eth0
11-28 16:36:53.764 I/AdvancedPorting-PORT_MODULE_NET( 3039): network_task while---interface_name=eth0
11-28 16:36:53.764 I/AdvancedPorting-PORT_MODULE_NET( 3039): network_get_netlink_status(in)--if_name=eth0
11-28 16:36:53.764 I/AdvancedPorting-PORT_MODULE_NET( 3039): net.network.isconnected = no
11-28 16:36:53.764 I/AdvancedPorting-PORT_MODULE_NET( 3039): eth0 --network_get_netlink_status return retval=1
11-28 16:36:53.764 I/AdvancedPorting-PORT_MODULE_NET( 3039): stat = 1 last_status = 1
11-28 16:36:53.842 I/Advanced( 3039): [QUEUE] share_queue_sendEx size:1 4097 862 0x8f027a48,postLoopId:0,dstid:1.
11-28 16:36:53.982 E/NetUtils( 2029): Interface eth0 LinkUp!
11-28 16:36:54.038 D/BackBootDealerNeimeng( 2401): standbyState:
11-28 16:36:54.038 E/NetUtils( 2029): Interface eth0 LinkUp!
11-28 16:36:54.042 I/Advanced( 3039): [QUEUE] share_queue_sendEx size:1 4097 863 0x8f027a48,postLoopId:0,dstid:1.
11-28 16:36:54.243 I/Advanced( 3039): [QUEUE] share_queue_sendEx size:1 4097 864 0x8f027a48,postLoopId:0,dstid:1.
11-28 16:36:54.443 I/Advanced( 3039): [QUEUE] share_queue_sendEx size:1 4097 865 0x8f027a48,postLoopId:0,dstid:1.
11-28 16:36:54.539 D/BackBootDealerNeimeng( 2401): standbyState:
11-28 16:36:54.540 E/NetUtils( 2029): Interface eth0 LinkUp!
11-28 16:36:54.643 I/Advanced( 3039): [QUEUE] share_queue_sendEx size:1 4097 866 0x8f027a48,postLoopId:0,dstid:1.
11-28 16:36:54.764 I/AdvancedPorting-PORT_MODULE_NET( 3039): network_task while... 
11-28 16:36:54.764 I/AdvancedPorting-PORT_MODULE_NET( 3039): 0 interface name: lo
11-28 16:36:54.764 I/AdvancedPorting-PORT_MODULE_NET( 3039): 1 interface name: eth0
11-28 16:36:54.764 I/AdvancedPorting-PORT_MODULE_NET( 3039): 2 interface name: wlan0
11-28 16:36:54.765 I/AdvancedPorting-PORT_MODULE_NET( 3039): First interface name: lo
11-28 16:36:54.765 I/AdvancedPorting-PORT_MODULE_NET( 3039): network_task while...  net_i:1
11-28 16:36:54.765 I/AdvancedPorting-PORT_MODULE_NET( 3039): network_task while---name_interface[0]=lo
11-28 16:36:54.765 I/AdvancedPorting-PORT_MODULE_NET( 3039): network_task while---name_interface[1]=eth0
11-28 16:36:54.765 I/AdvancedPorting-PORT_MODULE_NET( 3039): network_task while---interface_name=eth0
11-28 16:36:54.765 I/AdvancedPorting-PORT_MODULE_NET( 3039): network_get_netlink_status(in)--if_name=eth0
11-28 16:36:54.765 I/AdvancedPorting-PORT_MODULE_NET( 3039): net.network.isconnected = no
11-28 16:36:54.765 I/AdvancedPorting-PORT_MODULE_NET( 3039): eth0 --network_get_netlink_status return retval=1
11-28 16:36:54.765 I/AdvancedPorting-PORT_MODULE_NET( 3039): stat = 1 last_status = 1
11-28 16:36:54.844 I/Advanced( 3039): [QUEUE] share_queue_sendEx size:1 4097 867 0x8f027a48,postLoopId:0,dstid:1.
11-28 16:36:55.040 D/BackBootDealerNeimeng( 2401): standbyState:
11-28 16:36:55.041 E/NetUtils( 2029): Interface eth0 LinkUp!
11-28 16:36:55.044 I/Advanced( 3039): [QUEUE] share_queue_sendEx size:1 4097 868 0x8f027a48,postLoopId:0,dstid:1.
11-28 16:36:55.245 I/Advanced( 3039): [QUEUE] share_queue_sendEx size:1 4097 869 0x8f027a48,postLoopId:0,dstid:1.
11-28 16:36:55.445 I/Advanced( 3039): [QUEUE] share_queue_sendEx size:1 4097 870 0x8f027a48,postLoopId:0,dstid:1.
11-28 16:36:55.542 D/BackBootDealerNeimeng( 2401): standbyState:
11-28 16:36:55.542 E/NetUtils( 2029): Interface eth0 LinkUp!
11-28 16:36:55.645 I/Advanced( 3039): [QUEUE] share_queue_sendEx size:1 4097 871 0x8f027a48,postLoopId:0,dstid:1.
11-28 16:36:55.765 I/AdvancedPorting-PORT_MODULE_NET( 3039): network_task while... 
11-28 16:36:55.765 I/AdvancedPorting-PORT_MODULE_NET( 3039): 0 interface name: lo
11-28 16:36:55.765 I/AdvancedPorting-PORT_MODULE_NET( 3039): 1 interface name: eth0
11-28 16:36:55.765 I/AdvancedPorting-PORT_MODULE_NET( 3039): 2 interface name: wlan0
11-28 16:36:55.765 I/AdvancedPorting-PORT_MODULE_NET( 3039): First interface name: lo
11-28 16:36:55.765 I/AdvancedPorting-PORT_MODULE_NET( 3039): network_task while...  net_i:1
11-28 16:36:55.765 I/AdvancedPorting-PORT_MODULE_NET( 3039): network_task while---name_interface[0]=lo
11-28 16:36:55.765 I/AdvancedPorting-PORT_MODULE_NET( 3039): network_task while---name_interface[1]=eth0
11-28 16:36:55.765 I/AdvancedPorting-PORT_MODULE_NET( 3039): network_task while---interface_name=eth0
11-28 16:36:55.765 I/AdvancedPorting-PORT_MODULE_NET( 3039): network_get_netlink_status(in)--if_name=eth0
11-28 16:36:55.765 I/AdvancedPorting-PORT_MODULE_NET( 3039): net.network.isconnected = no
11-28 16:36:55.765 I/AdvancedPorting-PORT_MODULE_NET( 3039): eth0 --network_get_netlink_status return retval=1
11-28 16:36:55.765 I/AdvancedPorting-PORT_MODULE_NET( 3039): stat = 1 last_status = 1
11-28 16:36:55.846 I/Advanced( 3039): [QUEUE] share_queue_sendEx size:1 4097 872 0x8f027a48,postLoopId:0,dstid:1.
11-28 16:36:56.043 D/BackBootDealerNeimeng( 2401): standbyState:
11-28 16:36:56.044 E/NetUtils( 2029): Interface eth0 LinkUp!
11-28 16:36:56.046 I/Advanced( 3039): [QUEUE] share_queue_sendEx size:1 4097 873 0x8f027a48,postLoopId:0,dstid:1.
11-28 16:36:56.246 I/Advanced( 3039): [QUEUE] share_queue_sendEx size:1 4097 874 0x8f027a48,postLoopId:0,dstid:1.
11-28 16:36:56.447 I/Advanced( 3039): [QUEUE] share_queue_sendEx size:1 4097 875 0x8f027a48,postLoopId:0,dstid:1.
11-28 16:36:56.544 D/BackBootDealerNeimeng( 2401): standbyState:
11-28 16:36:56.545 E/NetUtils( 2029): Interface eth0 LinkUp!
11-28 16:36:56.647 I/Advanced( 3039): [QUEUE] share_queue_sendEx size:1 4097 876 0x8f027a48,postLoopId:0,dstid:1.
11-28 16:36:56.765 I/AdvancedPorting-PORT_MODULE_NET( 3039): network_task while... 
11-28 16:36:56.766 I/AdvancedPorting-PORT_MODULE_NET( 3039): 0 interface name: lo
11-28 16:36:56.766 I/AdvancedPorting-PORT_MODULE_NET( 3039): 1 interface name: eth0
11-28 16:36:56.766 I/AdvancedPorting-PORT_MODULE_NET( 3039): 2 interface name: wlan0
11-28 16:36:56.766 I/AdvancedPorting-PORT_MODULE_NET( 3039): First interface name: lo
11-28 16:36:56.766 I/AdvancedPorting-PORT_MODULE_NET( 3039): network_task while...  net_i:1
11-28 16:36:56.766 I/AdvancedPorting-PORT_MODULE_NET( 3039): network_task while---name_interface[0]=lo
11-28 16:36:56.766 I/AdvancedPorting-PORT_MODULE_NET( 3039): network_task while---name_interface[1]=eth0
11-28 16:36:56.766 I/AdvancedPorting-PORT_MODULE_NET( 3039): network_task while---interface_name=eth0
11-28 16:36:56.766 I/AdvancedPorting-PORT_MODULE_NET( 3039): network_get_netlink_status(in)--if_name=eth0
11-28 16:36:56.766 I/AdvancedPorting-PORT_MODULE_NET( 3039): net.network.isconnected = no
11-28 16:36:56.766 I/AdvancedPorting-PORT_MODULE_NET( 3039): eth0 --network_get_netlink_status return retval=1
11-28 16:36:56.766 I/AdvancedPorting-PORT_MODULE_NET( 3039): stat = 1 last_status = 1
11-28 16:36:56.847 I/Advanced( 3039): [QUEUE] share_queue_sendEx size:1 4097 877 0x8f027a48,postLoopId:0,dstid:1.
11-28 16:36:57.045 D/BackBootDealerNeimeng( 2401): standbyState:
11-28 16:36:57.046 E/NetUtils( 2029): Interface eth0 LinkUp!
11-28 16:36:57.048 I/Advanced( 3039): [QUEUE] share_queue_sendEx size:1 4097 878 0x8f027a48,postLoopId:0,dstid:1.
11-28 16:36:57.248 I/Advanced( 3039): [QUEUE] share_queue_sendEx size:1 4097 879 0x8f027a48,postLoopId:0,dstid:1.
11-28 16:36:57.449 I/Advanced( 3039): [QUEUE] share_queue_sendEx size:1 4097 880 0x8f027a48,postLoopId:0,dstid:1.
11-28 16:36:57.547 D/BackBootDealerNeimeng( 2401): standbyState:
11-28 16:36:57.547 E/NetUtils( 2029): Interface eth0 LinkUp!
11-28 16:36:57.649 I/Advanced( 3039): [QUEUE] share_queue_sendEx size:1 4097 881 0x8f027a48,postLoopId:0,dstid:1.
11-28 16:36:57.766 I/AdvancedPorting-PORT_MODULE_NET( 3039): network_task while... 
11-28 16:36:57.766 I/AdvancedPorting-PORT_MODULE_NET( 3039): 0 interface name: lo
11-28 16:36:57.766 I/AdvancedPorting-PORT_MODULE_NET( 3039): 1 interface name: eth0
11-28 16:36:57.766 I/AdvancedPorting-PORT_MODULE_NET( 3039): 2 interface name: wlan0
11-28 16:36:57.766 I/AdvancedPorting-PORT_MODULE_NET( 3039): First interface name: lo
11-28 16:36:57.766 I/AdvancedPorting-PORT_MODULE_NET( 3039): network_task while...  net_i:1
11-28 16:36:57.766 I/AdvancedPorting-PORT_MODULE_NET( 3039): network_task while---name_interface[0]=lo
11-28 16:36:57.766 I/AdvancedPorting-PORT_MODULE_NET( 3039): network_task while---name_interface[1]=eth0
11-28 16:36:57.766 I/AdvancedPorting-PORT_MODULE_NET( 3039): network_task while---interface_name=eth0
11-28 16:36:57.766 I/AdvancedPorting-PORT_MODULE_NET( 3039): network_get_netlink_status(in)--if_name=eth0
11-28 16:36:57.766 I/AdvancedPorting-PORT_MODULE_NET( 3039): net.network.isconnected = no
11-28 16:36:57.766 I/AdvancedPorting-PORT_MODULE_NET( 3039): eth0 --network_get_netlink_status return retval=1
11-28 16:36:57.766 I/AdvancedPorting-PORT_MODULE_NET( 3039): stat = 1 last_status = 1
11-28 16:36:57.777 I/System.out( 2401): [DEBUG SectionFilterGroup] be reaady to detach filtergroup:true
11-28 16:36:57.777 V/SUMA    ( 1581): [resman-s][onTransact 216]code[0x12000201] client pid = 2401
11-28 16:36:57.777 V/SUMA    ( 1581): [resman-s][onTransact 665]TRANS_CODE_RESMAN_FILETER_RELEASE enter
11-28 16:36:57.778 V/SUMA    ( 1581): >> Roc_ResMan_Filter_Release handler = 0x120295a0 
11-28 16:36:57.778 V/SUMA    ( 1581): [resman-s][onTransact 674]filter release m_client[0].cpid = 2401
11-28 16:36:57.778 V/SUMA    ( 1581): [resman-s][onTransact 678]filter handler release filter_handler[0]
11-28 16:36:57.778 V/SUMA    ( 1581): [resman-s][onTransact 688]TRANS_CODE_RESMAN_FILETER_RELEASE leave
11-28 16:36:57.778 V/SUMA    ( 1581): [resman-s][onTransact 1574]leave transact client pid = 2401
11-28 16:36:57.778 V/SUMA    ( 2401): [resman-c][dvbc_resman_flt_release 183]dvbc(2401)## s_resman_client_flt_hcbk release cbk idx=0 !!!
11-28 16:36:57.778 V/SUMA    ( 2401): [resman-c][Roc_ResMan_Filter_Release 1403]leave !!!
11-28 16:36:57.778 W/EsgNeiMengDealer( 2401): [TN_ThreadUtil-2]handleNormTable table content null
11-28 16:36:57.779 D/EsgNeiMengDealer( 2401): [TN_ThreadUtil-2]dealUpdateInfo updateInfo=null
11-28 16:36:57.779 D/EsgRunner( 2401): [TN_ThreadUtil-2]notifyUpdateEnd ads=null
11-28 16:36:57.794 W/ContextImpl( 2401): Calling a method in the system process without a qualified user: android.app.ContextImpl.sendBroadcast:1345 android.content.ContextWrapper.sendBroadcast:377 com.suma.midware.back.esg.e.f:-1 com.suma.midware.back.esg.f.run:-1 com.suma.midware.prop.util.c.run:-1 
11-28 16:36:57.849 I/Advanced( 3039): [QUEUE] share_queue_sendEx size:1 4097 882 0x8f027a48,postLoopId:0,dstid:1.
11-28 16:36:58.048 D/BackBootDealerNeimeng( 2401): standbyState:
11-28 16:36:58.049 E/NetUtils( 2029): Interface eth0 LinkUp!
11-28 16:36:58.050 I/Advanced( 3039): [QUEUE] share_queue_sendEx size:1 4097 883 0x8f027a48,postLoopId:0,dstid:1.
11-28 16:36:58.233 D/IPLoaderNeimeng( 2401): after wait time16:36:58:monitorInterval:5000
11-28 16:36:58.233 D/IPLoaderNeimeng( 2401): before dealUpdateCheck time:16:36:58:isMsgBroadcast:false:monitorInterval:5000:processState:1
11-28 16:36:58.234 D/IPLoaderNeimeng( 2401): dealUpdateCheck isFirstSuccessUpdate:false:monitorInterval:5000
11-28 16:36:58.234 D/LoadHttpHandler( 2401): [TN_ThreadUtil-6]doNormal proxyConfig=null
11-28 16:36:58.250 I/Advanced( 3039): [QUEUE] share_queue_sendEx size:1 4097 884 0x8f027a48,postLoopId:0,dstid:1.
11-28 16:36:58.289 D/LoadHttpHandler( 2401): [TN_ThreadUtil-6]doNormal responseCode=404
11-28 16:36:58.289 D/LoadHttpTask( 2401): dealUpdateCheck responseCode:404:data:null:downloadResult:false
11-28 16:36:58.289 D/IPLoaderNeimeng( 2401): after dealUpdateCheck time:16:36:58:isMsgBroadcast:false:monitorInterval:5000:processState:1
11-28 16:36:58.290 D/IPLoaderNeimeng( 2401): before wait time16:36:58:monitorInterval:5000
11-28 16:36:58.451 I/Advanced( 3039): [QUEUE] share_queue_sendEx size:1 4097 885 0x8f027a48,postLoopId:0,dstid:1.
11-28 16:36:58.549 D/BackBootDealerNeimeng( 2401): standbyState:
11-28 16:36:58.550 E/NetUtils( 2029): Interface eth0 LinkUp!
11-28 16:36:58.651 I/Advanced( 3039): [QUEUE] share_queue_sendEx size:1 4097 886 0x8f027a48,postLoopId:0,dstid:1.
11-28 16:36:58.767 I/AdvancedPorting-PORT_MODULE_NET( 3039): network_task while... 
11-28 16:36:58.767 I/AdvancedPorting-PORT_MODULE_NET( 3039): 0 interface name: lo
11-28 16:36:58.767 I/AdvancedPorting-PORT_MODULE_NET( 3039): 1 interface name: eth0
11-28 16:36:58.767 I/AdvancedPorting-PORT_MODULE_NET( 3039): 2 interface name: wlan0
11-28 16:36:58.767 I/AdvancedPorting-PORT_MODULE_NET( 3039): First interface name: lo
11-28 16:36:58.767 I/AdvancedPorting-PORT_MODULE_NET( 3039): network_task while...  net_i:1
11-28 16:36:58.767 I/AdvancedPorting-PORT_MODULE_NET( 3039): network_task while---name_interface[0]=lo
11-28 16:36:58.767 I/AdvancedPorting-PORT_MODULE_NET( 3039): network_task while---name_interface[1]=eth0
11-28 16:36:58.767 I/AdvancedPorting-PORT_MODULE_NET( 3039): network_task while---interface_name=eth0
11-28 16:36:58.767 I/AdvancedPorting-PORT_MODULE_NET( 3039): network_get_netlink_status(in)--if_name=eth0
11-28 16:36:58.767 I/AdvancedPorting-PORT_MODULE_NET( 3039): net.network.isconnected = no
11-28 16:36:58.767 I/AdvancedPorting-PORT_MODULE_NET( 3039): eth0 --network_get_netlink_status return retval=1
11-28 16:36:58.767 I/AdvancedPorting-PORT_MODULE_NET( 3039): stat = 1 last_status = 1
11-28 16:36:58.797 W/ContextImpl( 2401): Calling a method in the system process without a qualified user: android.app.ContextImpl.sendBroadcast:1345 android.content.ContextWrapper.sendBroadcast:377 com.suma.midware.back.esg.e.f:-1 com.suma.midware.back.esg.f.run:-1 com.suma.midware.prop.util.c.run:-1 
11-28 16:36:58.851 I/Advanced( 3039): [QUEUE] share_queue_sendEx size:1 4097 887 0x8f027a48,postLoopId:0,dstid:1.
11-28 16:36:59.050 D/BackBootDealerNeimeng( 2401): standbyState:
11-28 16:36:59.051 E/NetUtils( 2029): Interface eth0 LinkUp!
11-28 16:36:59.052 I/Advanced( 3039): [QUEUE] share_queue_sendEx size:1 4097 888 0x8f027a48,postLoopId:0,dstid:1.
11-28 16:36:59.462 I/Advanced( 3039): [QUEUE] share_queue_sendEx size:1 4097 890 0x8f027a48,postLoopId:0,dstid:1.
11-28 16:36:59.552 D/BackBootDealerNeimeng( 2401): standbyState:
11-28 16:36:59.552 E/NetUtils( 2029): Interface eth0 LinkUp!
11-28 16:36:59.662 I/Advanced( 3039): [QUEUE] share_queue_sendEx size:1 4097 891 0x8f027a48,postLoopId:0,dstid:1.
11-28 16:36:59.767 I/AdvancedPorting-PORT_MODULE_NET( 3039): network_task while... 
11-28 16:36:59.767 I/AdvancedPorting-PORT_MODULE_NET( 3039): 0 interface name: lo
11-28 16:36:59.767 I/AdvancedPorting-PORT_MODULE_NET( 3039): 1 interface name: eth0
11-28 16:36:59.767 I/AdvancedPorting-PORT_MODULE_NET( 3039): 2 interface name: wlan0
11-28 16:36:59.767 I/AdvancedPorting-PORT_MODULE_NET( 3039): First interface name: lo
11-28 16:36:59.767 I/AdvancedPorting-PORT_MODULE_NET( 3039): network_task while...  net_i:1
11-28 16:36:59.767 I/AdvancedPorting-PORT_MODULE_NET( 3039): network_task while---name_interface[0]=lo
11-28 16:36:59.767 I/AdvancedPorting-PORT_MODULE_NET( 3039): network_task while---name_interface[1]=eth0
11-28 16:36:59.767 I/AdvancedPorting-PORT_MODULE_NET( 3039): network_task while---interface_name=eth0
11-28 16:36:59.768 I/AdvancedPorting-PORT_MODULE_NET( 3039): network_get_netlink_status(in)--if_name=eth0
11-28 16:36:59.768 I/AdvancedPorting-PORT_MODULE_NET( 3039): net.network.isconnected = no
11-28 16:36:59.768 I/AdvancedPorting-PORT_MODULE_NET( 3039): eth0 --network_get_netlink_status return retval=1
11-28 16:36:59.768 I/AdvancedPorting-PORT_MODULE_NET( 3039): stat = 1 last_status = 1
11-28 16:36:59.800 W/ContextImpl( 2401): Calling a method in the system process without a qualified user: android.app.ContextImpl.sendBroadcast:1345 android.content.ContextWrapper.sendBroadcast:377 com.suma.midware.back.esg.e.f:-1 com.suma.midware.back.esg.f.run:-1 com.suma.midware.prop.util.c.run:-1 
11-28 16:36:59.863 I/Advanced( 3039): [QUEUE] share_queue_sendEx size:1 4097 892 0x8f027a48,postLoopId:0,dstid:1.
11-28 16:37:00.052 D/BackBootDealerNeimeng( 2401): standbyState:
11-28 16:37:00.053 E/NetUtils( 2029): Interface eth0 LinkUp!
11-28 16:37:00.063 I/Advanced( 3039): [QUEUE] share_queue_sendEx size:1 4097 893 0x8f027a48,postLoopId:0,dstid:1.
11-28 16:37:00.263 I/Advanced( 3039): [QUEUE] share_queue_sendEx size:1 4097 894 0x8f027a48,postLoopId:0,dstid:1.
11-28 16:37:00.464 I/Advanced( 3039): [QUEUE] share_queue_sendEx size:1 4097 895 0x8f027a48,postLoopId:0,dstid:1.
11-28 16:37:00.488 D/TimeUpdate( 2511): [TN_main]dealTimeUpdate curTime=java.util.GregorianCalendar[time=1511858220487,areFieldsSet=true,lenient=true,zone=Asia/Shanghai,firstDayOfWeek=1,minimalDaysInFirstWeek=1,ERA=1,YEAR=2017,MONTH=10,WEEK_OF_YEAR=48,WEEK_OF_MONTH=5,DAY_OF_MONTH=28,DAY_OF_YEAR=332,DAY_OF_WEEK=3,DAY_OF_WEEK_IN_MONTH=4,AM_PM=1,HOUR=4,HOUR_OF_DAY=16,MINUTE=37,SECOND=0,MILLISECOND=487,ZONE_OFFSET=28800000,DST_OFFSET=0]
11-28 16:37:00.553 D/BackBootDealerNeimeng( 2401): standbyState:
11-28 16:37:00.554 E/NetUtils( 2029): Interface eth0 LinkUp!
11-28 16:37:00.665 I/Advanced( 3039): [QUEUE] share_queue_sendEx size:1 4097 896 0x8f027a48,postLoopId:0,dstid:1.
11-28 16:37:00.768 I/AdvancedPorting-PORT_MODULE_NET( 3039): network_task while... 
11-28 16:37:00.768 I/AdvancedPorting-PORT_MODULE_NET( 3039): 0 interface name: lo
11-28 16:37:00.768 I/AdvancedPorting-PORT_MODULE_NET( 3039): 1 interface name: eth0
11-28 16:37:00.768 I/AdvancedPorting-PORT_MODULE_NET( 3039): 2 interface name: wlan0
11-28 16:37:00.768 I/AdvancedPorting-PORT_MODULE_NET( 3039): First interface name: lo
11-28 16:37:00.768 I/AdvancedPorting-PORT_MODULE_NET( 3039): network_task while...  net_i:1
11-28 16:37:00.768 I/AdvancedPorting-PORT_MODULE_NET( 3039): network_task while---name_interface[0]=lo
11-28 16:37:00.768 I/AdvancedPorting-PORT_MODULE_NET( 3039): network_task while---name_interface[1]=eth0
11-28 16:37:00.768 I/AdvancedPorting-PORT_MODULE_NET( 3039): network_task while---interface_name=eth0
11-28 16:37:00.768 I/AdvancedPorting-PORT_MODULE_NET( 3039): network_get_netlink_status(in)--if_name=eth0
11-28 16:37:00.768 I/AdvancedPorting-PORT_MODULE_NET( 3039): net.network.isconnected = no
11-28 16:37:00.768 I/AdvancedPorting-PORT_MODULE_NET( 3039): eth0 --network_get_netlink_status return retval=1
11-28 16:37:00.768 I/AdvancedPorting-PORT_MODULE_NET( 3039): stat = 1 last_status = 1
11-28 16:37:00.803 W/ContextImpl( 2401): Calling a method in the system process without a qualified user: android.app.ContextImpl.sendBroadcast:1345 android.content.ContextWrapper.sendBroadcast:377 com.suma.midware.back.esg.e.f:-1 com.suma.midware.back.esg.f.run:-1 com.suma.midware.prop.util.c.run:-1 
11-28 16:37:00.865 I/Advanced( 3039): [QUEUE] share_queue_sendEx size:1 4097 897 0x8f027a48,postLoopId:0,dstid:1.
11-28 16:37:01.055 D/BackBootDealerNeimeng( 2401): standbyState:
11-28 16:37:01.056 E/NetUtils( 2029): Interface eth0 LinkUp!
11-28 16:37:01.066 I/Advanced( 3039): [QUEUE] share_queue_sendEx size:1 4097 898 0x8f027a48,postLoopId:0,dstid:1.
11-28 16:37:01.204 D/Advertiser( 2443): End of sleep at time:1511858221204
11-28 16:37:01.205 D/Advertiser( 2443): Begin announce....with thread:org.cybergarage.d.b.a@a6b03dd
11-28 16:37:01.205 D/TimerUtil( 2443): waitRandom time=300,waitTime=34
11-28 16:37:01.205 D/Device  ( 2443): announce deviceDataBindAddress null
11-28 16:37:01.210 D/Device  ( 2443): announce 0 bindAddress=10.0.0.86
11-28 16:37:01.211 D/HTTPMUSocket( 2443): open addr=239.255.255.250,port=1900,bindAddr=10.0.0.86
11-28 16:37:01.215 D/HTTPMUSocket( 2443): send msg:NOTIFY * HTTP/1.1
11-28 16:37:01.215 D/HTTPMUSocket( 2443): Server: Linux/3.18.24_hi3798mv2x UPnP/1.0 CyberLinkJava/1.8
11-28 16:37:01.215 D/HTTPMUSocket( 2443): Cache-Control: max-age=1800
11-28 16:37:01.215 D/HTTPMUSocket( 2443): Location: http://10.0.0.86:38520/description.xml
11-28 16:37:01.215 D/HTTPMUSocket( 2443): NTS: ssdp:alive
11-28 16:37:01.215 D/HTTPMUSocket( 2443): NT: upnp:rootdevice
11-28 16:37:01.215 D/HTTPMUSocket( 2443): USN: uuid:bedb84c3-dcc5-4b75-8e79-308771ab5a9f::upnp:rootdevice
11-28 16:37:01.215 D/HTTPMUSocket( 2443): HOST: 239.255.255.250:1900
11-28 16:37:01.215 D/HTTPMUSocket( 2443): 
11-28 16:37:01.215 D/HTTPMUSocket( 2443): bindAddr:null and port:-1
11-28 16:37:01.216 D/HTTPMUSocket( 2443): /10.0.0.86
11-28 16:37:01.217 D/HTTPMUSocket( 2443): send msg:NOTIFY * HTTP/1.1
11-28 16:37:01.217 D/HTTPMUSocket( 2443): Server: Linux/3.18.24_hi3798mv2x UPnP/1.0 CyberLinkJava/1.8
11-28 16:37:01.217 D/HTTPMUSocket( 2443): Cache-Control: max-age=1800
11-28 16:37:01.217 D/HTTPMUSocket( 2443): Location: http://10.0.0.86:38520/description.xml
11-28 16:37:01.217 D/HTTPMUSocket( 2443): NTS: ssdp:alive
11-28 16:37:01.217 D/HTTPMUSocket( 2443): NT: uuid:bedb84c3-dcc5-4b75-8e79-308771ab5a9f
11-28 16:37:01.217 D/HTTPMUSocket( 2443): USN: uuid:bedb84c3-dcc5-4b75-8e79-308771ab5a9f
11-28 16:37:01.217 D/HTTPMUSocket( 2443): HOST: 239.255.255.250:1900
11-28 16:37:01.217 D/HTTPMUSocket( 2443): 
11-28 16:37:01.217 D/HTTPMUSocket( 2443): bindAddr:null and port:-1
11-28 16:37:01.217 D/HTTPMUSocket( 2443): /10.0.0.86
11-28 16:37:01.218 D/HTTPMUSocket( 2443): send msg:NOTIFY * HTTP/1.1
11-28 16:37:01.218 D/HTTPMUSocket( 2443): Server: Linux/3.18.24_hi3798mv2x UPnP/1.0 CyberLinkJava/1.8
11-28 16:37:01.218 D/HTTPMUSocket( 2443): Cache-Control: max-age=1800
11-28 16:37:01.218 D/HTTPMUSocket( 2443): Location: http://10.0.0.86:38520/description.xml
11-28 16:37:01.218 D/HTTPMUSocket( 2443): NTS: ssdp:alive
11-28 16:37:01.218 D/HTTPMUSocket( 2443): NT: urn:schemas-upnp-org:device:MediaServer:1
11-28 16:37:01.218 D/HTTPMUSocket( 2443): USN: uuid:bedb84c3-dcc5-4b75-8e79-308771ab5a9f::urn:schemas-upnp-org:device:MediaServer:1
11-28 16:37:01.218 D/HTTPMUSocket( 2443): HOST: 239.255.255.250:1900
11-28 16:37:01.218 D/HTTPMUSocket( 2443): 
11-28 16:37:01.219 D/HTTPMUSocket( 2443): bindAddr:null and port:-1
11-28 16:37:01.219 D/HTTPMUSocket( 2443): /10.0.0.86
11-28 16:37:01.220 D/Device  ( 2443): announce bindAddr=10.0.0.86,devLocation=http://10.0.0.86:38520/description.xml,location=http://10.0.0.86:38520/description.xml
11-28 16:37:01.220 D/Device  ( 2443): announce bindAddr=10.0.0.86,serviceDesUrl=
11-28 16:37:01.221 D/HTTPMUSocket( 2443): open addr=239.255.255.250,port=1900,bindAddr=10.0.0.86
11-28 16:37:01.228 D/TimerUtil( 2443): waitRandom time=300,waitTime=224
11-28 16:37:01.229 D/HTTPMUSocket( 2443): send msg:NOTIFY * HTTP/1.1
11-28 16:37:01.229 D/HTTPMUSocket( 2443): Server: Linux/3.18.24_hi3798mv2x UPnP/1.0 CyberLinkJava/1.8
11-28 16:37:01.229 D/HTTPMUSocket( 2443): Cache-Control: max-age=1800
11-28 16:37:01.229 D/HTTPMUSocket( 2443): Location: http://10.0.0.86:38520/description.xml
11-28 16:37:01.229 D/HTTPMUSocket( 2443): NTS: ssdp:alive
11-28 16:37:01.229 D/HTTPMUSocket( 2443): NT: urn:schemas-upnp-org:service:ContentDirectory:1
11-28 16:37:01.229 D/HTTPMUSocket( 2443): USN: uuid:bedb84c3-dcc5-4b75-8e79-308771ab5a9f::urn:schemas-upnp-org:service:ContentDirectory:1
11-28 16:37:01.229 D/HTTPMUSocket( 2443): HOST: 239.255.255.250:1900
11-28 16:37:01.229 D/HTTPMUSocket( 2443): 
11-28 16:37:01.229 D/HTTPMUSocket( 2443): bindAddr:null and port:-1
11-28 16:37:01.229 D/HTTPMUSocket( 2443): /10.0.0.86
11-28 16:37:01.230 D/Device  ( 2443): announce bindAddr=10.0.0.86,serviceDesUrl=
11-28 16:37:01.231 D/HTTPMUSocket( 2443): open addr=239.255.255.250,port=1900,bindAddr=10.0.0.86
11-28 16:37:01.235 D/TimerUtil( 2443): waitRandom time=300,waitTime=35
11-28 16:37:01.236 D/HTTPMUSocket( 2443): send msg:NOTIFY * HTTP/1.1
11-28 16:37:01.236 D/HTTPMUSocket( 2443): Server: Linux/3.18.24_hi3798mv2x UPnP/1.0 CyberLinkJava/1.8
11-28 16:37:01.236 D/HTTPMUSocket( 2443): Cache-Control: max-age=1800
11-28 16:37:01.236 D/HTTPMUSocket( 2443): Location: http://10.0.0.86:38520/description.xml
11-28 16:37:01.236 D/HTTPMUSocket( 2443): NTS: ssdp:alive
11-28 16:37:01.236 D/HTTPMUSocket( 2443): NT: urn:schemas-upnp-org:service:ConnectionManager:1
11-28 16:37:01.236 D/HTTPMUSocket( 2443): USN: uuid:bedb84c3-dcc5-4b75-8e79-308771ab5a9f::urn:schemas-upnp-org:service:ConnectionManager:1
11-28 16:37:01.236 D/HTTPMUSocket( 2443): HOST: 239.255.255.250:1900
11-28 16:37:01.236 D/HTTPMUSocket( 2443): 
11-28 16:37:01.236 D/HTTPMUSocket( 2443): bindAddr:null and port:-1
11-28 16:37:01.236 D/HTTPMUSocket( 2443): /10.0.0.86
11-28 16:37:01.237 D/Device  ( 2443): announce bindAddr=10.0.0.86,serviceDesUrl=
11-28 16:37:01.238 D/HTTPMUSocket( 2443): open addr=239.255.255.250,port=1900,bindAddr=10.0.0.86
11-28 16:37:01.242 D/TimerUtil( 2443): waitRandom time=300,waitTime=99
11-28 16:37:01.242 D/HTTPMUSocket( 2443): send msg:NOTIFY * HTTP/1.1
11-28 16:37:01.242 D/HTTPMUSocket( 2443): Server: Linux/3.18.24_hi3798mv2x UPnP/1.0 CyberLinkJava/1.8
11-28 16:37:01.242 D/HTTPMUSocket( 2443): Cache-Control: max-age=1800
11-28 16:37:01.242 D/HTTPMUSocket( 2443): Location: http://10.0.0.86:38520/description.xml
11-28 16:37:01.242 D/HTTPMUSocket( 2443): NTS: ssdp:alive
11-28 16:37:01.242 D/HTTPMUSocket( 2443): NT: urn:schemas-upnp-org:service:AVTransport:1
11-28 16:37:01.242 D/HTTPMUSocket( 2443): USN: uuid:bedb84c3-dcc5-4b75-8e79-308771ab5a9f::urn:schemas-upnp-org:service:AVTransport:1
11-28 16:37:01.242 D/HTTPMUSocket( 2443): HOST: 239.255.255.250:1900
11-28 16:37:01.242 D/HTTPMUSocket( 2443): 
11-28 16:37:01.242 D/HTTPMUSocket( 2443): bindAddr:null and port:-1
11-28 16:37:01.243 D/HTTPMUSocket( 2443): /10.0.0.86
11-28 16:37:01.243 D/Device  ( 2443): announce bindAddr=10.0.0.86,serviceDesUrl=
11-28 16:37:01.244 D/HTTPMUSocket( 2443): open addr=239.255.255.250,port=1900,bindAddr=10.0.0.86
11-28 16:37:01.248 D/TimerUtil( 2443): waitRandom time=300,waitTime=35
11-28 16:37:01.248 D/HTTPMUSocket( 2443): send msg:NOTIFY * HTTP/1.1
11-28 16:37:01.248 D/HTTPMUSocket( 2443): Server: Linux/3.18.24_hi3798mv2x UPnP/1.0 CyberLinkJava/1.8
11-28 16:37:01.248 D/HTTPMUSocket( 2443): Cache-Control: max-age=1800
11-28 16:37:01.248 D/HTTPMUSocket( 2443): Location: http://10.0.0.86:38520/description.xml
11-28 16:37:01.248 D/HTTPMUSocket( 2443): NTS: ssdp:alive
11-28 16:37:01.248 D/HTTPMUSocket( 2443): NT: urn:sumavision.com:service:X_SUMA_EVENT:1
11-28 16:37:01.248 D/HTTPMUSocket( 2443): USN: uuid:bedb84c3-dcc5-4b75-8e79-308771ab5a9f::urn:sumavision.com:service:X_SUMA_EVENT:1
11-28 16:37:01.248 D/HTTPMUSocket( 2443): HOST: 239.255.255.250:1900
11-28 16:37:01.248 D/HTTPMUSocket( 2443): 
11-28 16:37:01.248 D/HTTPMUSocket( 2443): bindAddr:null and port:-1
11-28 16:37:01.249 D/HTTPMUSocket( 2443): /10.0.0.86
11-28 16:37:01.249 D/Device  ( 2443): announce 1 bindAddress=192.168.31.244
11-28 16:37:01.250 D/HTTPMUSocket( 2443): open addr=239.255.255.250,port=1900,bindAddr=192.168.31.244
11-28 16:37:01.254 D/HTTPMUSocket( 2443): send msg:NOTIFY * HTTP/1.1
11-28 16:37:01.254 D/HTTPMUSocket( 2443): Server: Linux/3.18.24_hi3798mv2x UPnP/1.0 CyberLinkJava/1.8
11-28 16:37:01.254 D/HTTPMUSocket( 2443): Cache-Control: max-age=1800
11-28 16:37:01.254 D/HTTPMUSocket( 2443): Location: http://192.168.31.244:38520/description.xml
11-28 16:37:01.254 D/HTTPMUSocket( 2443): NTS: ssdp:alive
11-28 16:37:01.254 D/HTTPMUSocket( 2443): NT: upnp:rootdevice
11-28 16:37:01.254 D/HTTPMUSocket( 2443): USN: uuid:bedb84c3-dcc5-4b75-8e79-308771ab5a9f::upnp:rootdevice
11-28 16:37:01.254 D/HTTPMUSocket( 2443): HOST: 239.255.255.250:1900
11-28 16:37:01.254 D/HTTPMUSocket( 2443): 
11-28 16:37:01.254 D/HTTPMUSocket( 2443): bindAddr:null and port:-1
11-28 16:37:01.254 D/HTTPMUSocket( 2443): /192.168.31.244
11-28 16:37:01.255 D/HTTPMUSocket( 2443): send msg:NOTIFY * HTTP/1.1
11-28 16:37:01.255 D/HTTPMUSocket( 2443): Server: Linux/3.18.24_hi3798mv2x UPnP/1.0 CyberLinkJava/1.8
11-28 16:37:01.255 D/HTTPMUSocket( 2443): Cache-Control: max-age=1800
11-28 16:37:01.255 D/HTTPMUSocket( 2443): Location: http://192.168.31.244:38520/description.xml
11-28 16:37:01.255 D/HTTPMUSocket( 2443): NTS: ssdp:alive
11-28 16:37:01.255 D/HTTPMUSocket( 2443): NT: uuid:bedb84c3-dcc5-4b75-8e79-308771ab5a9f
11-28 16:37:01.255 D/HTTPMUSocket( 2443): USN: uuid:bedb84c3-dcc5-4b75-8e79-308771ab5a9f
11-28 16:37:01.255 D/HTTPMUSocket( 2443): HOST: 239.255.255.250:1900
11-28 16:37:01.255 D/HTTPMUSocket( 2443): 
11-28 16:37:01.255 D/HTTPMUSocket( 2443): bindAddr:null and port:-1
11-28 16:37:01.256 D/HTTPMUSocket( 2443): /192.168.31.244
11-28 16:37:01.257 D/HTTPMUSocket( 2443): send msg:NOTIFY * HTTP/1.1
11-28 16:37:01.257 D/HTTPMUSocket( 2443): Server: Linux/3.18.24_hi3798mv2x UPnP/1.0 CyberLinkJava/1.8
11-28 16:37:01.257 D/HTTPMUSocket( 2443): Cache-Control: max-age=1800
11-28 16:37:01.257 D/HTTPMUSocket( 2443): Location: http://192.168.31.244:38520/description.xml
11-28 16:37:01.257 D/HTTPMUSocket( 2443): NTS: ssdp:alive
11-28 16:37:01.257 D/HTTPMUSocket( 2443): NT: urn:schemas-upnp-org:device:MediaServer:1
11-28 16:37:01.257 D/HTTPMUSocket( 2443): USN: uuid:bedb84c3-dcc5-4b75-8e79-308771ab5a9f::urn:schemas-upnp-org:device:MediaServer:1
11-28 16:37:01.257 D/HTTPMUSocket( 2443): HOST: 239.255.255.250:1900
11-28 16:37:01.257 D/HTTPMUSocket( 2443): 
11-28 16:37:01.257 D/HTTPMUSocket( 2443): bindAddr:null and port:-1
11-28 16:37:01.257 D/HTTPMUSocket( 2443): /192.168.31.244
11-28 16:37:01.258 D/Device  ( 2443): announce bindAddr=192.168.31.244,devLocation=http://192.168.31.244:38520/description.xml,location=http://192.168.31.244:38520/description.xml
11-28 16:37:01.258 D/Device  ( 2443): announce bindAddr=192.168.31.244,serviceDesUrl=
11-28 16:37:01.259 D/HTTPMUSocket( 2443): open addr=239.255.255.250,port=1900,bindAddr=192.168.31.244
11-28 16:37:01.262 D/TimerUtil( 2443): waitRandom time=300,waitTime=90
11-28 16:37:01.263 D/HTTPMUSocket( 2443): send msg:NOTIFY * HTTP/1.1
11-28 16:37:01.263 D/HTTPMUSocket( 2443): Server: Linux/3.18.24_hi3798mv2x UPnP/1.0 CyberLinkJava/1.8
11-28 16:37:01.263 D/HTTPMUSocket( 2443): Cache-Control: max-age=1800
11-28 16:37:01.263 D/HTTPMUSocket( 2443): Location: http://192.168.31.244:38520/description.xml
11-28 16:37:01.263 D/HTTPMUSocket( 2443): NTS: ssdp:alive
11-28 16:37:01.263 D/HTTPMUSocket( 2443): NT: urn:schemas-upnp-org:service:ContentDirectory:1
11-28 16:37:01.263 D/HTTPMUSocket( 2443): USN: uuid:bedb84c3-dcc5-4b75-8e79-308771ab5a9f::urn:schemas-upnp-org:service:ContentDirectory:1
11-28 16:37:01.263 D/HTTPMUSocket( 2443): HOST: 239.255.255.250:1900
11-28 16:37:01.263 D/HTTPMUSocket( 2443): 
11-28 16:37:01.263 D/HTTPMUSocket( 2443): bindAddr:null and port:-1
11-28 16:37:01.263 D/HTTPMUSocket( 2443): /192.168.31.244
11-28 16:37:01.264 D/Device  ( 2443): announce bindAddr=192.168.31.244,serviceDesUrl=
11-28 16:37:01.265 D/HTTPMUSocket( 2443): open addr=239.255.255.250,port=1900,bindAddr=192.168.31.244
11-28 16:37:01.266 I/Advanced( 3039): [QUEUE] share_queue_sendEx size:1 4097 899 0x8f027a48,postLoopId:0,dstid:1.
11-28 16:37:01.268 D/TimerUtil( 2443): waitRandom time=300,waitTime=242
11-28 16:37:01.269 D/HTTPMUSocket( 2443): send msg:NOTIFY * HTTP/1.1
11-28 16:37:01.269 D/HTTPMUSocket( 2443): Server: Linux/3.18.24_hi3798mv2x UPnP/1.0 CyberLinkJava/1.8
11-28 16:37:01.269 D/HTTPMUSocket( 2443): Cache-Control: max-age=1800
11-28 16:37:01.269 D/HTTPMUSocket( 2443): Location: http://192.168.31.244:38520/description.xml
11-28 16:37:01.269 D/HTTPMUSocket( 2443): NTS: ssdp:alive
11-28 16:37:01.269 D/HTTPMUSocket( 2443): NT: urn:schemas-upnp-org:service:ConnectionManager:1
11-28 16:37:01.269 D/HTTPMUSocket( 2443): USN: uuid:bedb84c3-dcc5-4b75-8e79-308771ab5a9f::urn:schemas-upnp-org:service:ConnectionManager:1
11-28 16:37:01.269 D/HTTPMUSocket( 2443): HOST: 239.255.255.250:1900
11-28 16:37:01.269 D/HTTPMUSocket( 2443): 
11-28 16:37:01.269 D/HTTPMUSocket( 2443): bindAddr:null and port:-1
11-28 16:37:01.269 D/HTTPMUSocket( 2443): /192.168.31.244
11-28 16:37:01.269 D/Device  ( 2443): announce bindAddr=192.168.31.244,serviceDesUrl=
11-28 16:37:01.270 D/HTTPMUSocket( 2443): open addr=239.255.255.250,port=1900,bindAddr=192.168.31.244
11-28 16:37:01.271 D/TimerUtil( 2443): waitRandom time=300,waitTime=13
11-28 16:37:01.271 D/HTTPMUSocket( 2443): send msg:NOTIFY * HTTP/1.1
11-28 16:37:01.271 D/HTTPMUSocket( 2443): Server: Linux/3.18.24_hi3798mv2x UPnP/1.0 CyberLinkJava/1.8
11-28 16:37:01.271 D/HTTPMUSocket( 2443): Cache-Control: max-age=1800
11-28 16:37:01.271 D/HTTPMUSocket( 2443): Location: http://192.168.31.244:38520/description.xml
11-28 16:37:01.271 D/HTTPMUSocket( 2443): NTS: ssdp:alive
11-28 16:37:01.271 D/HTTPMUSocket( 2443): NT: urn:schemas-upnp-org:service:AVTransport:1
11-28 16:37:01.271 D/HTTPMUSocket( 2443): USN: uuid:bedb84c3-dcc5-4b75-8e79-308771ab5a9f::urn:schemas-upnp-org:service:AVTransport:1
11-28 16:37:01.271 D/HTTPMUSocket( 2443): HOST: 239.255.255.250:1900
11-28 16:37:01.271 D/HTTPMUSocket( 2443): 
11-28 16:37:01.271 D/HTTPMUSocket( 2443): bindAddr:null and port:-1
11-28 16:37:01.271 D/HTTPMUSocket( 2443): /192.168.31.244
11-28 16:37:01.271 D/Device  ( 2443): announce bindAddr=192.168.31.244,serviceDesUrl=
11-28 16:37:01.272 D/HTTPMUSocket( 2443): open addr=239.255.255.250,port=1900,bindAddr=192.168.31.244
11-28 16:37:01.273 D/TimerUtil( 2443): waitRandom time=300,waitTime=47
11-28 16:37:01.273 D/HTTPMUSocket( 2443): send msg:NOTIFY * HTTP/1.1
11-28 16:37:01.273 D/HTTPMUSocket( 2443): Server: Linux/3.18.24_hi3798mv2x UPnP/1.0 CyberLinkJava/1.8
11-28 16:37:01.273 D/HTTPMUSocket( 2443): Cache-Control: max-age=1800
11-28 16:37:01.273 D/HTTPMUSocket( 2443): Location: http://192.168.31.244:38520/description.xml
11-28 16:37:01.273 D/HTTPMUSocket( 2443): NTS: ssdp:alive
11-28 16:37:01.273 D/HTTPMUSocket( 2443): NT: urn:sumavision.com:service:X_SUMA_EVENT:1
11-28 16:37:01.273 D/HTTPMUSocket( 2443): USN: uuid:bedb84c3-dcc5-4b75-8e79-308771ab5a9f::urn:sumavision.com:service:X_SUMA_EVENT:1
11-28 16:37:01.273 D/HTTPMUSocket( 2443): HOST: 239.255.255.250:1900
11-28 16:37:01.273 D/HTTPMUSocket( 2443): 
11-28 16:37:01.273 D/HTTPMUSocket( 2443): bindAddr:null and port:-1
11-28 16:37:01.273 D/HTTPMUSocket( 2443): /192.168.31.244
11-28 16:37:01.273 D/Advertiser( 2443): Advertise12:57000 at time:1511858221273 with thread:org.cybergarage.d.b.a@a6b03dd
11-28 16:37:01.466 I/Advanced( 3039): [QUEUE] share_queue_sendEx size:1 4097 900 0x8f027a48,postLoopId:0,dstid:1.
11-28 16:37:01.556 D/BackBootDealerNeimeng( 2401): standbyState:
11-28 16:37:01.557 E/NetUtils( 2029): Interface eth0 LinkUp!
11-28 16:37:01.667 I/Advanced( 3039): [QUEUE] share_queue_sendEx size:1 4097 901 0x8f027a48,postLoopId:0,dstid:1.
11-28 16:37:01.768 I/AdvancedPorting-PORT_MODULE_NET( 3039): network_task while... 
11-28 16:37:01.768 I/AdvancedPorting-PORT_MODULE_NET( 3039): 0 interface name: lo
11-28 16:37:01.768 I/AdvancedPorting-PORT_MODULE_NET( 3039): 1 interface name: eth0
11-28 16:37:01.768 I/AdvancedPorting-PORT_MODULE_NET( 3039): 2 interface name: wlan0
11-28 16:37:01.768 I/AdvancedPorting-PORT_MODULE_NET( 3039): First interface name: lo
11-28 16:37:01.768 I/AdvancedPorting-PORT_MODULE_NET( 3039): network_task while...  net_i:1
11-28 16:37:01.769 I/AdvancedPorting-PORT_MODULE_NET( 3039): network_task while---name_interface[0]=lo
11-28 16:37:01.769 I/AdvancedPorting-PORT_MODULE_NET( 3039): network_task while---name_interface[1]=eth0
11-28 16:37:01.769 I/AdvancedPorting-PORT_MODULE_NET( 3039): network_task while---interface_name=eth0
11-28 16:37:01.769 I/AdvancedPorting-PORT_MODULE_NET( 3039): network_get_netlink_status(in)--if_name=eth0
11-28 16:37:01.769 I/AdvancedPorting-PORT_MODULE_NET( 3039): net.network.isconnected = no
11-28 16:37:01.769 I/AdvancedPorting-PORT_MODULE_NET( 3039): eth0 --network_get_netlink_status return retval=1
11-28 16:37:01.769 I/AdvancedPorting-PORT_MODULE_NET( 3039): stat = 1 last_status = 1
11-28 16:37:01.806 W/ContextImpl( 2401): Calling a method in the system process without a qualified user: android.app.ContextImpl.sendBroadcast:1345 android.content.ContextWrapper.sendBroadcast:377 com.suma.midware.back.esg.e.f:-1 com.suma.midware.back.esg.f.run:-1 com.suma.midware.prop.util.c.run:-1 
11-28 16:37:01.867 I/Advanced( 3039): [QUEUE] share_queue_sendEx size:1 4097 902 0x8f027a48,postLoopId:0,dstid:1.
11-28 16:37:02.057 D/BackBootDealerNeimeng( 2401): standbyState:
11-28 16:37:02.058 E/NetUtils( 2029): Interface eth0 LinkUp!
11-28 16:37:02.068 I/Advanced( 3039): [QUEUE] share_queue_sendEx size:1 4097 903 0x8f027a48,postLoopId:0,dstid:1.
11-28 16:37:02.268 I/Advanced( 3039): [QUEUE] share_queue_sendEx size:1 4097 904 0x8f027a48,postLoopId:0,dstid:1.
11-28 16:37:02.468 I/Advanced( 3039): [QUEUE] share_queue_sendEx size:1 4097 905 0x8f027a48,postLoopId:0,dstid:1.
11-28 16:37:02.559 D/BackBootDealerNeimeng( 2401): standbyState:
11-28 16:37:02.559 E/NetUtils( 2029): Interface eth0 LinkUp!
11-28 16:37:02.669 I/Advanced( 3039): [QUEUE] share_queue_sendEx size:1 4097 906 0x8f027a48,postLoopId:0,dstid:1.
11-28 16:37:02.769 I/AdvancedPorting-PORT_MODULE_NET( 3039): network_task while... 
11-28 16:37:02.769 I/AdvancedPorting-PORT_MODULE_NET( 3039): 0 interface name: lo
11-28 16:37:02.769 I/AdvancedPorting-PORT_MODULE_NET( 3039): 1 interface name: eth0
11-28 16:37:02.769 I/AdvancedPorting-PORT_MODULE_NET( 3039): 2 interface name: wlan0
11-28 16:37:02.769 I/AdvancedPorting-PORT_MODULE_NET( 3039): First interface name: lo
11-28 16:37:02.769 I/AdvancedPorting-PORT_MODULE_NET( 3039): network_task while...  net_i:1
11-28 16:37:02.769 I/AdvancedPorting-PORT_MODULE_NET( 3039): network_task while---name_interface[0]=lo
11-28 16:37:02.769 I/AdvancedPorting-PORT_MODULE_NET( 3039): network_task while---name_interface[1]=eth0
11-28 16:37:02.769 I/AdvancedPorting-PORT_MODULE_NET( 3039): network_task while---interface_name=eth0
11-28 16:37:02.769 I/AdvancedPorting-PORT_MODULE_NET( 3039): network_get_netlink_status(in)--if_name=eth0
11-28 16:37:02.769 I/AdvancedPorting-PORT_MODULE_NET( 3039): net.network.isconnected = no
11-28 16:37:02.769 I/AdvancedPorting-PORT_MODULE_NET( 3039): eth0 --network_get_netlink_status return retval=1
11-28 16:37:02.769 I/AdvancedPorting-PORT_MODULE_NET( 3039): stat = 1 last_status = 1
11-28 16:37:02.808 W/ContextImpl( 2401): Calling a method in the system process without a qualified user: android.app.ContextImpl.sendBroadcast:1345 android.content.ContextWrapper.sendBroadcast:377 com.suma.midware.back.esg.e.f:-1 com.suma.midware.back.esg.f.run:-1 com.suma.midware.prop.util.c.run:-1 
11-28 16:37:02.869 I/Advanced( 3039): [QUEUE] share_queue_sendEx size:1 4097 907 0x8f027a48,postLoopId:0,dstid:1.
11-28 16:37:03.060 D/BackBootDealerNeimeng( 2401): standbyState:
11-28 16:37:03.061 E/NetUtils( 2029): Interface eth0 LinkUp!
11-28 16:37:03.070 I/Advanced( 3039): [QUEUE] share_queue_sendEx size:1 4097 908 0x8f027a48,postLoopId:0,dstid:1.
11-28 16:37:03.270 I/Advanced( 3039): [QUEUE] share_queue_sendEx size:1 4097 909 0x8f027a48,postLoopId:0,dstid:1.
