11-28 17:23:52.916 D/[blink]FrameView( 4548): [updateStyleAndLayoutIfNeededRecursiveInternal] end... this:0x598e6f68.
11-28 17:23:52.916 D/[blink]FrameView( 4548): [updateStyleAndLayoutIfNeededRecursiveInternal] end... this:0x598e66f0.
11-28 17:23:52.916 D/[blink]FrameView( 4548): [updateLifecyclePhasesInternal] in... this:0x598e66f0, targetState=18
11-28 17:23:52.916 D/[blink]FrameView( 4548): [updateLifecyclePhasesInternal] call compositor()->updateIfNeededRecursive()!
11-28 17:23:52.919 D/[blink]FrameView( 4548): [updateLifecyclePhasesInternal] end... this:0x598e66f0
11-28 17:23:52.934 D/[cc]ProxyMain( 4548): [BeginMainFrame] cc.BeginMainFrame this:0x9f620a10
11-28 17:23:52.937 D/[blink]FrameView( 4548): [layout] start... this:0x598e66f0, frame=0x25e6bdb8 content size(1280, 720). 
11-28 17:23:52.937 D/[blink]FrameView( 4548): [layout] performPreLayoutTasks start... this:0x598e66f0
11-28 17:23:52.937 D/[blink]FrameView( 4548): [layout] performPreLayoutTasks end... this:0x598e66f0
11-28 17:23:52.937 D/[blink]FrameView( 4548): [layout] performLayout start... this:0x598e66f0
11-28 17:23:52.939 D/[blink]FrameView( 4548): [layout] performLayout end... this:0x598e66f0
11-28 17:23:52.939 D/[blink]FrameView( 4548): [layout] call compositor()->didLayout()!
11-28 17:23:52.939 D/[blink]FrameView( 4548): [layout] updateDocumentAnnotatedRegions start... this:0x598e66f0
11-28 17:23:52.939 D/[blink]FrameView( 4548): [layout] scheduleOrPerformPostLayoutTasks start... this:0x598e66f0
11-28 17:23:52.939 D/[blink]FrameView( 4548): [layout] end... this:0x598e66f0
11-28 17:23:52.939 D/[blink]FrameView( 4548): [layout] out... this:0x598e66f0
11-28 17:23:52.941 D/[cc]LayerTreeHost( 4548): [AnimateLayers] AnimateLayers monotonic_time=3037199878
11-28 17:23:52.941 D/[blink]FrameView( 4548): [updateStyleAndLayoutIfNeededRecursiveInternal] in... this:0x598e66f0.
11-28 17:23:52.942 D/[blink]FrameView( 4548): [layout] start... this:0x598e66f0, frame=0x25e6bdb8 content size(1280, 720). 
11-28 17:23:52.942 D/[blink]FrameView( 4548): [layout] performPreLayoutTasks start... this:0x598e66f0
11-28 17:23:52.942 D/[blink]FrameView( 4548): [layout] performPreLayoutTasks end... this:0x598e66f0
11-28 17:23:52.942 D/[blink]FrameView( 4548): [layout] performLayout start... this:0x598e66f0
11-28 17:23:52.944 E/WifiStateMachine( 2029): WifiStateMachine CMD_START_SCAN source -2 txSuccessRate=3.50 rxSuccessRate=5.08 targetRoamBSSID=86:79:73:a5:71:44 RSSI=-42
11-28 17:23:52.944 D/[blink]FrameView( 4548): [layout] performLayout end... this:0x598e66f0
11-28 17:23:52.944 D/[blink]FrameView( 4548): [layout] call compositor()->didLayout()!
11-28 17:23:52.944 D/[blink]FrameView( 4548): [layout] updateDocumentAnnotatedRegions start... this:0x598e66f0
11-28 17:23:52.944 D/[blink]FrameView( 4548): [layout] scheduleOrPerformPostLayoutTasks start... this:0x598e66f0
11-28 17:23:52.945 D/[blink]FrameView( 4548): [layout] end... this:0x598e66f0
11-28 17:23:52.945 D/[blink]FrameView( 4548): [layout] out... this:0x598e66f0
11-28 17:23:52.945 D/[blink]FrameView( 4548): [updateStyleAndLayoutIfNeededRecursiveInternal] in... this:0x598e6f68.
11-28 17:23:52.945 D/[blink]FrameView( 4548): [updateStyleAndLayoutIfNeededRecursiveInternal] end... this:0x598e6f68.
11-28 17:23:52.945 D/[blink]FrameView( 4548): [updateStyleAndLayoutIfNeededRecursiveInternal] end... this:0x598e66f0.
11-28 17:23:52.945 D/[blink]FrameView( 4548): [updateLifecyclePhasesInternal] in... this:0x598e66f0, targetState=18
11-28 17:23:52.945 D/[blink]FrameView( 4548): [updateLifecyclePhasesInternal] call compositor()->updateIfNeededRecursive()!
11-28 17:23:52.948 D/[cc]LayerTreeHost( 4548): [SetNeedsCommit] SetNeedsCommit!this:0x9f45a2c0
11-28 17:23:52.949 D/[cc]AnimationHost( 4548): [RegisterPlayerForElement] add player:0x8b671790, this:0x9f5975b0
11-28 17:23:52.949 D/[cc]LayerTreeHost( 4548): [SetNeedsCommit] SetNeedsCommit!this:0x9f45a2c0
11-28 17:23:52.949 D/[cc]AnimationPlayer( 4548): [AddAnimation] AddAnimation animation:0, this:0x8b671790
11-28 17:23:52.952 D/[blink] ImagePainter( 4548): [paintReplaced] ImagePainter::paintReplaced in w=21056, h=3712.
11-28 17:23:52.952 D/[blink] ImagePainter( 4548): [paintReplaced] ImagePainter::paintReplaced in w=14272, h=1792.
11-28 17:23:52.952 D/[blink] ImagePainter( 4548): [paintReplaced] ImagePainter::paintReplaced in w=17472, h=9792.
11-28 17:23:52.952 D/[blink] ImagePainter( 4548): [paintReplaced] ImagePainter::paintReplaced in w=3648, h=3904.
11-28 17:23:52.953 D/[blink] ImagePainter( 4548): [paintReplaced] ImagePainter::paintReplaced in w=17472, h=9792.
11-28 17:23:52.953 D/[blink] ImagePainter( 4548): [paintReplaced] ImagePainter::paintReplaced in w=3648, h=3904.
11-28 17:23:52.954 D/[blink]FrameView( 4548): [updateLifecyclePhasesInternal] end... this:0x598e66f0
11-28 17:23:52.956 D/[cc]AnimationHost( 4548): [RegisterPlayerForElement] add player:0x862b0d60, this:0x8e0f4510
11-28 17:23:52.958 D/[cc]ProxyMain( 4548): [BeginMainFrame] cc.BeginMainFrame this:0x9f620a10
11-28 17:23:52.958 D/[cc]LayerTreeHost( 4548): [AnimateLayers] AnimateLayers monotonic_time=3037216545
11-28 17:23:52.958 D/[blink]FrameView( 4548): [updateStyleAndLayoutIfNeededRecursiveInternal] in... this:0x598e66f0.
11-28 17:23:52.958 D/[blink]FrameView( 4548): [updateStyleAndLayoutIfNeededRecursiveInternal] in... this:0x598e6f68.
11-28 17:23:52.958 D/[blink]FrameView( 4548): [updateStyleAndLayoutIfNeededRecursiveInternal] end... this:0x598e6f68.
11-28 17:23:52.958 D/[blink]FrameView( 4548): [updateStyleAndLayoutIfNeededRecursiveInternal] end... this:0x598e66f0.
11-28 17:23:52.958 D/[blink]FrameView( 4548): [updateLifecyclePhasesInternal] in... this:0x598e66f0, targetState=18
11-28 17:23:52.958 D/[blink]FrameView( 4548): [updateLifecyclePhasesInternal] call compositor()->updateIfNeededRecursive()!
11-28 17:23:52.959 D/[blink]FrameView( 4548): [updateLifecyclePhasesInternal] end... this:0x598e66f0
11-28 17:23:52.961 D/[cc]ProxyMain( 4548): [BeginMainFrame] cc.BeginMainFrame this:0x9f620a10
11-28 17:23:52.961 D/[cc]LayerTreeHost( 4548): [AnimateLayers] AnimateLayers monotonic_time=3037233211
11-28 17:23:52.961 D/[blink]FrameView( 4548): [updateStyleAndLayoutIfNeededRecursiveInternal] in... this:0x598e66f0.
11-28 17:23:52.961 D/[blink]FrameView( 4548): [updateStyleAndLayoutIfNeededRecursiveInternal] in... this:0x598e6f68.
11-28 17:23:52.961 D/[blink]FrameView( 4548): [updateStyleAndLayoutIfNeededRecursiveInternal] end... this:0x598e6f68.
11-28 17:23:52.961 D/[blink]FrameView( 4548): [updateStyleAndLayoutIfNeededRecursiveInternal] end... this:0x598e66f0.
11-28 17:23:52.961 D/[blink]FrameView( 4548): [updateLifecyclePhasesInternal] in... this:0x598e66f0, targetState=18
11-28 17:23:52.961 D/[blink]FrameView( 4548): [updateLifecyclePhasesInternal] call compositor()->updateIfNeededRecursive()!
11-28 17:23:52.962 D/[blink]FrameView( 4548): [updateLifecyclePhasesInternal] end... this:0x598e66f0
11-28 17:23:52.979 D/[cc]ProxyMain( 4548): [BeginMainFrame] cc.BeginMainFrame this:0x9f620a10
11-28 17:23:52.979 D/[cc]LayerTreeHost( 4548): [AnimateLayers] AnimateLayers monotonic_time=3037249878
11-28 17:23:52.979 D/[blink]FrameView( 4548): [updateStyleAndLayoutIfNeededRecursiveInternal] in... this:0x598e66f0.
11-28 17:23:52.979 D/[blink]FrameView( 4548): [updateStyleAndLayoutIfNeededRecursiveInternal] in... this:0x598e6f68.
11-28 17:23:52.979 D/[blink]FrameView( 4548): [updateStyleAndLayoutIfNeededRecursiveInternal] end... this:0x598e6f68.
11-28 17:23:52.979 D/[blink]FrameView( 4548): [updateStyleAndLayoutIfNeededRecursiveInternal] end... this:0x598e66f0.
11-28 17:23:52.980 D/[blink]FrameView( 4548): [updateLifecyclePhasesInternal] in... this:0x598e66f0, targetState=18
11-28 17:23:52.980 D/[blink]FrameView( 4548): [updateLifecyclePhasesInternal] call compositor()->updateIfNeededRecursive()!
11-28 17:23:52.981 D/[blink]FrameView( 4548): [updateLifecyclePhasesInternal] end... this:0x598e66f0
11-28 17:23:52.996 D/[cc]ProxyMain( 4548): [BeginMainFrame] cc.BeginMainFrame this:0x9f620a10
11-28 17:23:52.996 D/[cc]LayerTreeHost( 4548): [AnimateLayers] AnimateLayers monotonic_time=3037266545
11-28 17:23:52.996 D/[blink]FrameView( 4548): [updateStyleAndLayoutIfNeededRecursiveInternal] in... this:0x598e66f0.
11-28 17:23:52.999 D/[blink]FrameView( 4548): [updateStyleAndLayoutIfNeededRecursiveInternal] in... this:0x598e6f68.
11-28 17:23:52.999 D/[blink]FrameView( 4548): [updateStyleAndLayoutIfNeededRecursiveInternal] end... this:0x598e6f68.
11-28 17:23:52.999 D/[blink]FrameView( 4548): [updateStyleAndLayoutIfNeededRecursiveInternal] end... this:0x598e66f0.
11-28 17:23:52.999 D/[blink]FrameView( 4548): [updateLifecyclePhasesInternal] in... this:0x598e66f0, targetState=18
11-28 17:23:52.999 D/[blink]FrameView( 4548): [updateLifecyclePhasesInternal] call compositor()->updateIfNeededRecursive()!
11-28 17:23:53.001 D/[blink]AnimationTimeline( 4548): [wakeAfter] duration= 4.624166
11-28 17:23:53.001 D/[blink]FrameView( 4548): [updateLifecyclePhasesInternal] end... this:0x598e66f0
11-28 17:23:53.071 I/Advanced( 4548): [QUEUE] share_queue_sendEx size:1 4097 6671 0x8ec69fd0,postLoopId:0,dstid:1.
11-28 17:23:53.192 D/BackBootDealerNeimeng( 2401): standbyState:
11-28 17:23:53.193 E/NetUtils( 2029): Interface eth0 LinkUp!
11-28 17:23:53.329 I/AdvancedPorting-PORT_MODULE_NET( 4548): network_task while... 
11-28 17:23:53.329 I/AdvancedPorting-PORT_MODULE_NET( 4548): 0 interface name: lo
11-28 17:23:53.329 I/AdvancedPorting-PORT_MODULE_NET( 4548): 1 interface name: eth0
11-28 17:23:53.329 I/AdvancedPorting-PORT_MODULE_NET( 4548): 2 interface name: wlan0
11-28 17:23:53.329 I/AdvancedPorting-PORT_MODULE_NET( 4548): First interface name: lo
11-28 17:23:53.329 I/AdvancedPorting-PORT_MODULE_NET( 4548): network_task while...  net_i:1
11-28 17:23:53.329 I/AdvancedPorting-PORT_MODULE_NET( 4548): network_task while---name_interface[0]=lo
11-28 17:23:53.329 I/AdvancedPorting-PORT_MODULE_NET( 4548): network_task while---name_interface[1]=eth0
11-28 17:23:53.329 I/AdvancedPorting-PORT_MODULE_NET( 4548): network_task while---interface_name=eth0
11-28 17:23:53.329 I/AdvancedPorting-PORT_MODULE_NET( 4548): network_get_netlink_status(in)--if_name=eth0
11-28 17:23:53.329 I/AdvancedPorting-PORT_MODULE_NET( 4548): net.network.isconnected = no
11-28 17:23:53.329 I/AdvancedPorting-PORT_MODULE_NET( 4548): eth0 --network_get_netlink_status return retval=1
11-28 17:23:53.329 I/AdvancedPorting-PORT_MODULE_NET( 4548): stat = 1 last_status = 1
11-28 17:23:53.481 I/Advanced( 4548): [QUEUE] share_queue_sendEx size:1 4097 6673 0x8ec69fd0,postLoopId:0,dstid:1.
11-28 17:23:53.694 D/BackBootDealerNeimeng( 2401): standbyState:
11-28 17:23:53.695 E/NetUtils( 2029): Interface eth0 LinkUp!
11-28 17:23:53.891 I/Advanced( 4548): [QUEUE] share_queue_sendEx size:1 4097 6675 0x8ec69fd0,postLoopId:0,dstid:1.
11-28 17:23:54.195 D/BackBootDealerNeimeng( 2401): standbyState:
11-28 17:23:54.197 E/NetUtils( 2029): Interface eth0 LinkUp!
11-28 17:23:54.288 E/NetUtils( 2029): Interface eth0 LinkUp!
11-28 17:23:54.301 I/Advanced( 4548): [QUEUE] share_queue_sendEx size:1 4097 6677 0x8ec69fd0,postLoopId:0,dstid:1.
11-28 17:23:54.330 I/AdvancedPorting-PORT_MODULE_NET( 4548): network_task while... 
11-28 17:23:54.330 I/AdvancedPorting-PORT_MODULE_NET( 4548): 0 interface name: lo
11-28 17:23:54.330 I/AdvancedPorting-PORT_MODULE_NET( 4548): 1 interface name: eth0
11-28 17:23:54.330 I/AdvancedPorting-PORT_MODULE_NET( 4548): 2 interface name: wlan0
11-28 17:23:54.330 I/AdvancedPorting-PORT_MODULE_NET( 4548): First interface name: lo
11-28 17:23:54.330 I/AdvancedPorting-PORT_MODULE_NET( 4548): network_task while...  net_i:1
11-28 17:23:54.330 I/AdvancedPorting-PORT_MODULE_NET( 4548): network_task while---name_interface[0]=lo
11-28 17:23:54.330 I/AdvancedPorting-PORT_MODULE_NET( 4548): network_task while---name_interface[1]=eth0
11-28 17:23:54.330 I/AdvancedPorting-PORT_MODULE_NET( 4548): network_task while---interface_name=eth0
11-28 17:23:54.330 I/AdvancedPorting-PORT_MODULE_NET( 4548): network_get_netlink_status(in)--if_name=eth0
11-28 17:23:54.330 I/AdvancedPorting-PORT_MODULE_NET( 4548): net.network.isconnected = no
11-28 17:23:54.330 I/AdvancedPorting-PORT_MODULE_NET( 4548): eth0 --network_get_netlink_status return retval=1
11-28 17:23:54.330 I/AdvancedPorting-PORT_MODULE_NET( 4548): stat = 1 last_status = 1
11-28 17:23:54.501 I/Advanced( 4548): [QUEUE] share_queue_sendEx size:1 4097 6678 0x8ec69fd0,postLoopId:0,dstid:1.
11-28 17:23:54.697 D/BackBootDealerNeimeng( 2401): standbyState:
11-28 17:23:54.698 E/NetUtils( 2029): Interface eth0 LinkUp!
11-28 17:23:54.702 I/Advanced( 4548): [QUEUE] share_queue_sendEx size:1 4097 6679 0x8ec69fd0,postLoopId:0,dstid:1.
11-28 17:23:55.112 I/Advanced( 4548): [QUEUE] share_queue_sendEx size:1 4097 6681 0x8ec69fd0,postLoopId:0,dstid:1.
11-28 17:23:55.199 D/BackBootDealerNeimeng( 2401): standbyState:
11-28 17:23:55.199 E/NetUtils( 2029): Interface eth0 LinkUp!
11-28 17:23:55.330 I/AdvancedPorting-PORT_MODULE_NET( 4548): network_task while... 
11-28 17:23:55.330 I/AdvancedPorting-PORT_MODULE_NET( 4548): 0 interface name: lo
11-28 17:23:55.330 I/AdvancedPorting-PORT_MODULE_NET( 4548): 1 interface name: eth0
11-28 17:23:55.330 I/AdvancedPorting-PORT_MODULE_NET( 4548): 2 interface name: wlan0
11-28 17:23:55.330 I/AdvancedPorting-PORT_MODULE_NET( 4548): First interface name: lo
11-28 17:23:55.330 I/AdvancedPorting-PORT_MODULE_NET( 4548): network_task while...  net_i:1
11-28 17:23:55.330 I/AdvancedPorting-PORT_MODULE_NET( 4548): network_task while---name_interface[0]=lo
11-28 17:23:55.330 I/AdvancedPorting-PORT_MODULE_NET( 4548): network_task while---name_interface[1]=eth0
11-28 17:23:55.331 I/AdvancedPorting-PORT_MODULE_NET( 4548): network_task while---interface_name=eth0
11-28 17:23:55.331 I/AdvancedPorting-PORT_MODULE_NET( 4548): network_get_netlink_status(in)--if_name=eth0
11-28 17:23:55.331 I/AdvancedPorting-PORT_MODULE_NET( 4548): net.network.isconnected = no
11-28 17:23:55.331 I/AdvancedPorting-PORT_MODULE_NET( 4548): eth0 --network_get_netlink_status return retval=1
11-28 17:23:55.331 I/AdvancedPorting-PORT_MODULE_NET( 4548): stat = 1 last_status = 1
11-28 17:23:55.522 I/Advanced( 4548): [QUEUE] share_queue_sendEx size:1 4097 6683 0x8ec69fd0,postLoopId:0,dstid:1.
11-28 17:23:55.700 D/BackBootDealerNeimeng( 2401): standbyState:
11-28 17:23:55.701 E/NetUtils( 2029): Interface eth0 LinkUp!
11-28 17:23:55.722 I/Advanced( 4548): [QUEUE] share_queue_sendEx size:1 4097 6684 0x8ec69fd0,postLoopId:0,dstid:1.
11-28 17:23:55.923 I/Advanced( 4548): [QUEUE] share_queue_sendEx size:1 4097 6685 0x8ec69fd0,postLoopId:0,dstid:1.
11-28 17:23:56.124 I/Advanced( 4548): [QUEUE] share_queue_sendEx size:1 4097 6686 0x8ec69fd0,postLoopId:0,dstid:1.
11-28 17:23:56.202 D/BackBootDealerNeimeng( 2401): standbyState:
11-28 17:23:56.203 E/NetUtils( 2029): Interface eth0 LinkUp!
11-28 17:23:56.207 D/IPLoaderNeimeng( 2401): after wait time17:23:56:monitorInterval:5000
11-28 17:23:56.207 D/IPLoaderNeimeng( 2401): before dealUpdateCheck time:17:23:56:isMsgBroadcast:false:monitorInterval:5000:processState:1
11-28 17:23:56.207 D/IPLoaderNeimeng( 2401): dealUpdateCheck isFirstSuccessUpdate:false:monitorInterval:5000
11-28 17:23:56.208 D/LoadHttpHandler( 2401): [TN_ThreadUtil-6]doNormal proxyConfig=null
11-28 17:23:56.253 D/LoadHttpHandler( 2401): [TN_ThreadUtil-6]doNormal responseCode=404
11-28 17:23:56.255 D/LoadHttpTask( 2401): dealUpdateCheck responseCode:404:data:null:downloadResult:false
11-28 17:23:56.256 D/IPLoaderNeimeng( 2401): after dealUpdateCheck time:17:23:56:isMsgBroadcast:false:monitorInterval:5000:processState:1
11-28 17:23:56.256 D/IPLoaderNeimeng( 2401): before wait time17:23:56:monitorInterval:5000
11-28 17:23:56.324 I/Advanced( 4548): [QUEUE] share_queue_sendEx size:1 4097 6687 0x8ec69fd0,postLoopId:0,dstid:1.
11-28 17:23:56.331 I/AdvancedPorting-PORT_MODULE_NET( 4548): network_task while... 
11-28 17:23:56.331 I/AdvancedPorting-PORT_MODULE_NET( 4548): 0 interface name: lo
11-28 17:23:56.331 I/AdvancedPorting-PORT_MODULE_NET( 4548): 1 interface name: eth0
11-28 17:23:56.331 I/AdvancedPorting-PORT_MODULE_NET( 4548): 2 interface name: wlan0
11-28 17:23:56.331 I/AdvancedPorting-PORT_MODULE_NET( 4548): First interface name: lo
11-28 17:23:56.331 I/AdvancedPorting-PORT_MODULE_NET( 4548): network_task while...  net_i:1
11-28 17:23:56.331 I/AdvancedPorting-PORT_MODULE_NET( 4548): network_task while---name_interface[0]=lo
11-28 17:23:56.331 I/AdvancedPorting-PORT_MODULE_NET( 4548): network_task while---name_interface[1]=eth0
11-28 17:23:56.331 I/AdvancedPorting-PORT_MODULE_NET( 4548): network_task while---interface_name=eth0
11-28 17:23:56.331 I/AdvancedPorting-PORT_MODULE_NET( 4548): network_get_netlink_status(in)--if_name=eth0
11-28 17:23:56.331 I/AdvancedPorting-PORT_MODULE_NET( 4548): net.network.isconnected = no
11-28 17:23:56.331 I/AdvancedPorting-PORT_MODULE_NET( 4548): eth0 --network_get_netlink_status return retval=1
11-28 17:23:56.331 I/AdvancedPorting-PORT_MODULE_NET( 4548): stat = 1 last_status = 1
11-28 17:23:56.381 D/ScheduleInform( 2855): run isPeriodic:true isObsolete :false
11-28 17:23:56.381 D/Semaphore( 2855): release with value:10
11-28 17:23:56.381 D/ScheduleInform( 2855): ====================TRY CREATE TASK=============================
11-28 17:23:56.381 D/ScheduleInform( 2855): computeNextOccurenceDelay initialTime = 0
11-28 17:23:56.382 D/ScheduleInform( 2855): computeNextOccurenceDelay next = 300000
11-28 17:23:56.382 D/ScheduleInform( 2855): computeNextOccurenceDelay currentTime = 1511861036381
11-28 17:23:56.382 D/ScheduleInform( 2855): computeNextOccurenceDelay initialTime < currentTime
11-28 17:23:56.382 D/ScheduleInform( 2855): createTask CREATE TASK delay is 300000
11-28 17:23:56.524 I/Advanced( 4548): [QUEUE] share_queue_sendEx size:1 4097 6688 0x8ec69fd0,postLoopId:0,dstid:1.
11-28 17:23:56.703 D/BackBootDealerNeimeng( 2401): standbyState:
11-28 17:23:56.704 E/NetUtils( 2029): Interface eth0 LinkUp!
11-28 17:23:56.725 I/Advanced( 4548): [QUEUE] share_queue_sendEx size:1 4097 6689 0x8ec69fd0,postLoopId:0,dstid:1.
11-28 17:23:56.925 I/Advanced( 4548): [QUEUE] share_queue_sendEx size:1 4097 6690 0x8ec69fd0,postLoopId:0,dstid:1.
11-28 17:23:57.126 I/Advanced( 4548): [QUEUE] share_queue_sendEx size:1 4097 6691 0x8ec69fd0,postLoopId:0,dstid:1.
11-28 17:23:57.204 D/BackBootDealerNeimeng( 2401): standbyState:
11-28 17:23:57.205 E/NetUtils( 2029): Interface eth0 LinkUp!
11-28 17:23:57.326 I/Advanced( 4548): [QUEUE] share_queue_sendEx size:1 4097 6692 0x8ec69fd0,postLoopId:0,dstid:1.
11-28 17:23:57.331 I/AdvancedPorting-PORT_MODULE_NET( 4548): network_task while... 
11-28 17:23:57.331 I/AdvancedPorting-PORT_MODULE_NET( 4548): 0 interface name: lo
11-28 17:23:57.332 I/AdvancedPorting-PORT_MODULE_NET( 4548): 1 interface name: eth0
11-28 17:23:57.332 I/AdvancedPorting-PORT_MODULE_NET( 4548): 2 interface name: wlan0
11-28 17:23:57.332 I/AdvancedPorting-PORT_MODULE_NET( 4548): First interface name: lo
11-28 17:23:57.332 I/AdvancedPorting-PORT_MODULE_NET( 4548): network_task while...  net_i:1
11-28 17:23:57.332 I/AdvancedPorting-PORT_MODULE_NET( 4548): network_task while---name_interface[0]=lo
11-28 17:23:57.332 I/AdvancedPorting-PORT_MODULE_NET( 4548): network_task while---name_interface[1]=eth0
11-28 17:23:57.332 I/AdvancedPorting-PORT_MODULE_NET( 4548): network_task while---interface_name=eth0
11-28 17:23:57.332 I/AdvancedPorting-PORT_MODULE_NET( 4548): network_get_netlink_status(in)--if_name=eth0
11-28 17:23:57.332 I/AdvancedPorting-PORT_MODULE_NET( 4548): net.network.isconnected = no
11-28 17:23:57.332 I/AdvancedPorting-PORT_MODULE_NET( 4548): eth0 --network_get_netlink_status return retval=1
11-28 17:23:57.332 I/AdvancedPorting-PORT_MODULE_NET( 4548): stat = 1 last_status = 1
11-28 17:23:57.626 D/[cc]ProxyMain( 4548): [BeginMainFrame] cc.BeginMainFrame this:0x9f620a10
11-28 17:23:57.626 D/[cc]LayerTreeHost( 4548): [AnimateLayers] AnimateLayers monotonic_time=3041883211
11-28 17:23:57.626 D/[blink]FrameView( 4548): [updateStyleAndLayoutIfNeededRecursiveInternal] in... this:0x598e66f0.
11-28 17:23:57.627 D/[blink]FrameView( 4548): [updateStyleAndLayoutIfNeededRecursiveInternal] in... this:0x598e6f68.
11-28 17:23:57.627 D/[blink]FrameView( 4548): [updateStyleAndLayoutIfNeededRecursiveInternal] end... this:0x598e6f68.
11-28 17:23:57.627 D/[blink]FrameView( 4548): [updateStyleAndLayoutIfNeededRecursiveInternal] end... this:0x598e66f0.
11-28 17:23:57.627 D/[blink]FrameView( 4548): [updateLifecyclePhasesInternal] in... this:0x598e66f0, targetState=18
11-28 17:23:57.627 D/[blink]FrameView( 4548): [updateLifecyclePhasesInternal] call compositor()->updateIfNeededRecursive()!
11-28 17:23:57.628 D/[blink]AnimationTimeline( 4548): [wakeAfter] duration= 0.007500
11-28 17:23:57.629 D/[blink]FrameView( 4548): [updateLifecyclePhasesInternal] end... this:0x598e66f0
11-28 17:23:57.639 D/[cc]ProxyMain( 4548): [BeginMainFrame] cc.BeginMainFrame this:0x9f620a10
11-28 17:23:57.639 D/[cc]LayerTreeHost( 4548): [AnimateLayers] AnimateLayers monotonic_time=3041899878
11-28 17:23:57.639 D/[blink]FrameView( 4548): [updateStyleAndLayoutIfNeededRecursiveInternal] in... this:0x598e66f0.
11-28 17:23:57.640 D/[blink]FrameView( 4548): [updateStyleAndLayoutIfNeededRecursiveInternal] in... this:0x598e6f68.
11-28 17:23:57.640 D/[blink]FrameView( 4548): [updateStyleAndLayoutIfNeededRecursiveInternal] end... this:0x598e6f68.
11-28 17:23:57.640 D/[blink]FrameView( 4548): [updateStyleAndLayoutIfNeededRecursiveInternal] end... this:0x598e66f0.
11-28 17:23:57.640 D/[blink]FrameView( 4548): [updateLifecyclePhasesInternal] in... this:0x598e66f0, targetState=18
11-28 17:23:57.640 D/[blink]FrameView( 4548): [updateLifecyclePhasesInternal] call compositor()->updateIfNeededRecursive()!
11-28 17:23:57.642 D/[blink]FrameView( 4548): [updateLifecyclePhasesInternal] end... this:0x598e66f0
11-28 17:23:57.655 D/[cc]ProxyMain( 4548): [BeginMainFrame] cc.BeginMainFrame this:0x9f620a10
11-28 17:23:57.655 D/[cc]LayerTreeHost( 4548): [AnimateLayers] AnimateLayers monotonic_time=3041916544
11-28 17:23:57.655 D/[blink]FrameView( 4548): [updateStyleAndLayoutIfNeededRecursiveInternal] in... this:0x598e66f0.
11-28 17:23:57.656 D/[blink]FrameView( 4548): [updateStyleAndLayoutIfNeededRecursiveInternal] in... this:0x598e6f68.
11-28 17:23:57.656 D/[blink]FrameView( 4548): [updateStyleAndLayoutIfNeededRecursiveInternal] end... this:0x598e6f68.
11-28 17:23:57.656 D/[blink]FrameView( 4548): [updateStyleAndLayoutIfNeededRecursiveInternal] end... this:0x598e66f0.
11-28 17:23:57.656 D/[blink]FrameView( 4548): [updateLifecyclePhasesInternal] in... this:0x598e66f0, targetState=18
11-28 17:23:57.656 D/[blink]FrameView( 4548): [updateLifecyclePhasesInternal] call compositor()->updateIfNeededRecursive()!
11-28 17:23:57.659 D/[blink]FrameView( 4548): [updateLifecyclePhasesInternal] end... this:0x598e66f0
11-28 17:23:57.674 D/[cc]ProxyMain( 4548): [BeginMainFrame] cc.BeginMainFrame this:0x9f620a10
11-28 17:23:57.674 D/[cc]LayerTreeHost( 4548): [AnimateLayers] AnimateLayers monotonic_time=3041933211
11-28 17:23:57.675 D/[blink]FrameView( 4548): [updateStyleAndLayoutIfNeededRecursiveInternal] in... this:0x598e66f0.
11-28 17:23:57.675 D/[blink]FrameView( 4548): [updateStyleAndLayoutIfNeededRecursiveInternal] in... this:0x598e6f68.
11-28 17:23:57.675 D/[blink]FrameView( 4548): [updateStyleAndLayoutIfNeededRecursiveInternal] end... this:0x598e6f68.
11-28 17:23:57.675 D/[blink]FrameView( 4548): [updateStyleAndLayoutIfNeededRecursiveInternal] end... this:0x598e66f0.
11-28 17:23:57.676 D/[blink]FrameView( 4548): [updateLifecyclePhasesInternal] in... this:0x598e66f0, targetState=18
11-28 17:23:57.676 D/[blink]FrameView( 4548): [updateLifecyclePhasesInternal] call compositor()->updateIfNeededRecursive()!
11-28 17:23:57.678 D/[blink]FrameView( 4548): [updateLifecyclePhasesInternal] end... this:0x598e66f0
11-28 17:23:57.695 D/[cc]ProxyMain( 4548): [BeginMainFrame] cc.BeginMainFrame this:0x9f620a10
11-28 17:23:57.699 D/[blink]FrameView( 4548): [layout] start... this:0x598e66f0, frame=0x25e6bdb8 content size(1280, 720). 
11-28 17:23:57.699 D/[blink]FrameView( 4548): [layout] performPreLayoutTasks start... this:0x598e66f0
11-28 17:23:57.699 D/[blink]FrameView( 4548): [layout] performPreLayoutTasks end... this:0x598e66f0
11-28 17:23:57.699 D/[blink]FrameView( 4548): [layout] performLayout start... this:0x598e66f0
11-28 17:23:57.701 D/[blink]FrameView( 4548): [layout] performLayout end... this:0x598e66f0
11-28 17:23:57.701 D/[blink]FrameView( 4548): [layout] call compositor()->didLayout()!
11-28 17:23:57.701 D/[blink]FrameView( 4548): [layout] updateDocumentAnnotatedRegions start... this:0x598e66f0
11-28 17:23:57.701 D/[blink]FrameView( 4548): [layout] scheduleOrPerformPostLayoutTasks start... this:0x598e66f0
11-28 17:23:57.702 D/[blink]FrameView( 4548): [layout] end... this:0x598e66f0
11-28 17:23:57.702 D/[blink]FrameView( 4548): [layout] out... this:0x598e66f0
11-28 17:23:57.703 D/[cc]LayerTreeHost( 4548): [AnimateLayers] AnimateLayers monotonic_time=3041966544
11-28 17:23:57.703 D/[blink]FrameView( 4548): [updateStyleAndLayoutIfNeededRecursiveInternal] in... this:0x598e66f0.
11-28 17:23:57.704 D/[blink]FrameView( 4548): [layout] start... this:0x598e66f0, frame=0x25e6bdb8 content size(1280, 720). 
11-28 17:23:57.704 D/[blink]FrameView( 4548): [layout] performPreLayoutTasks start... this:0x598e66f0
11-28 17:23:57.704 D/[blink]FrameView( 4548): [layout] performPreLayoutTasks end... this:0x598e66f0
11-28 17:23:57.704 D/[blink]FrameView( 4548): [layout] performLayout start... this:0x598e66f0
11-28 17:23:57.705 D/[blink]FrameView( 4548): [layout] performLayout end... this:0x598e66f0
11-28 17:23:57.705 D/[blink]FrameView( 4548): [layout] call compositor()->didLayout()!
11-28 17:23:57.705 D/[blink]FrameView( 4548): [layout] updateDocumentAnnotatedRegions start... this:0x598e66f0
11-28 17:23:57.705 D/[blink]FrameView( 4548): [layout] scheduleOrPerformPostLayoutTasks start... this:0x598e66f0
11-28 17:23:57.705 D/[blink]FrameView( 4548): [layout] end... this:0x598e66f0
11-28 17:23:57.705 D/[blink]FrameView( 4548): [layout] out... this:0x598e66f0
11-28 17:23:57.705 D/[blink]FrameView( 4548): [updateStyleAndLayoutIfNeededRecursiveInternal] in... this:0x598e6f68.
11-28 17:23:57.706 D/[blink]FrameView( 4548): [updateStyleAndLayoutIfNeededRecursiveInternal] end... this:0x598e6f68.
11-28 17:23:57.706 D/BackBootDealerNeimeng( 2401): standbyState:
11-28 17:23:57.706 D/[blink]FrameView( 4548): [updateStyleAndLayoutIfNeededRecursiveInternal] end... this:0x598e66f0.
11-28 17:23:57.706 D/[blink]FrameView( 4548): [updateLifecyclePhasesInternal] in... this:0x598e66f0, targetState=18
11-28 17:23:57.706 D/[blink]FrameView( 4548): [updateLifecyclePhasesInternal] call compositor()->updateIfNeededRecursive()!
11-28 17:23:57.706 E/NetUtils( 2029): Interface eth0 LinkUp!
11-28 17:23:57.710 D/[cc]LayerTreeHost( 4548): [SetNeedsCommit] SetNeedsCommit!this:0x9f45a2c0
11-28 17:23:57.712 D/[cc]AnimationHost( 4548): [RegisterPlayerForElement] add player:0x8b558400, this:0x9f5975b0
11-28 17:23:57.712 D/[cc]LayerTreeHost( 4548): [SetNeedsCommit] SetNeedsCommit!this:0x9f45a2c0
11-28 17:23:57.712 D/[cc]AnimationPlayer( 4548): [AddAnimation] AddAnimation animation:0, this:0x8b558400
11-28 17:23:57.714 D/[blink] ImagePainter( 4548): [paintReplaced] ImagePainter::paintReplaced in w=21056, h=3712.
11-28 17:23:57.714 D/[blink] ImagePainter( 4548): [paintReplaced] ImagePainter::paintReplaced in w=14272, h=1792.
11-28 17:23:57.714 D/[blink] ImagePainter( 4548): [paintReplaced] ImagePainter::paintReplaced in w=17472, h=9792.
11-28 17:23:57.714 D/[blink] ImagePainter( 4548): [paintReplaced] ImagePainter::paintReplaced in w=3648, h=3904.
11-28 17:23:57.714 D/[blink] ImagePainter( 4548): [paintReplaced] ImagePainter::paintReplaced in w=17472, h=9792.
11-28 17:23:57.714 D/[blink] ImagePainter( 4548): [paintReplaced] ImagePainter::paintReplaced in w=3648, h=3904.
11-28 17:23:57.717 D/[blink]FrameView( 4548): [updateLifecyclePhasesInternal] end... this:0x598e66f0
11-28 17:23:57.718 D/[cc]AnimationHost( 4548): [RegisterPlayerForElement] add player:0x8b558670, this:0x8e0f4510
11-28 17:23:57.720 D/[cc]ProxyMain( 4548): [BeginMainFrame] cc.BeginMainFrame this:0x9f620a10
11-28 17:23:57.721 D/[cc]LayerTreeHost( 4548): [AnimateLayers] AnimateLayers monotonic_time=3041983211
11-28 17:23:57.721 D/[blink]FrameView( 4548): [updateStyleAndLayoutIfNeededRecursiveInternal] in... this:0x598e66f0.
11-28 17:23:57.721 D/[blink]FrameView( 4548): [updateStyleAndLayoutIfNeededRecursiveInternal] in... this:0x598e6f68.
11-28 17:23:57.721 D/[blink]FrameView( 4548): [updateStyleAndLayoutIfNeededRecursiveInternal] end... this:0x598e6f68.
11-28 17:23:57.721 D/[blink]FrameView( 4548): [updateStyleAndLayoutIfNeededRecursiveInternal] end... this:0x598e66f0.
11-28 17:23:57.721 D/[blink]FrameView( 4548): [updateLifecyclePhasesInternal] in... this:0x598e66f0, targetState=18
11-28 17:23:57.721 D/[blink]FrameView( 4548): [updateLifecyclePhasesInternal] call compositor()->updateIfNeededRecursive()!
11-28 17:23:57.722 D/[blink]FrameView( 4548): [updateLifecyclePhasesInternal] end... this:0x598e66f0
11-28 17:23:57.730 D/[cc]ProxyMain( 4548): [BeginMainFrame] cc.BeginMainFrame this:0x9f620a10
11-28 17:23:57.731 D/[cc]LayerTreeHost( 4548): [AnimateLayers] AnimateLayers monotonic_time=3041999878
11-28 17:23:57.731 D/[blink]FrameView( 4548): [updateStyleAndLayoutIfNeededRecursiveInternal] in... this:0x598e66f0.
11-28 17:23:57.731 D/[blink]FrameView( 4548): [updateStyleAndLayoutIfNeededRecursiveInternal] in... this:0x598e6f68.
11-28 17:23:57.731 D/[blink]FrameView( 4548): [updateStyleAndLayoutIfNeededRecursiveInternal] end... this:0x598e6f68.
11-28 17:23:57.731 D/[blink]FrameView( 4548): [updateStyleAndLayoutIfNeededRecursiveInternal] end... this:0x598e66f0.
11-28 17:23:57.731 D/[blink]FrameView( 4548): [updateLifecyclePhasesInternal] in... this:0x598e66f0, targetState=18
11-28 17:23:57.731 D/[blink]FrameView( 4548): [updateLifecyclePhasesInternal] call compositor()->updateIfNeededRecursive()!
11-28 17:23:57.732 D/[blink]FrameView( 4548): [updateLifecyclePhasesInternal] end... this:0x598e66f0
11-28 17:23:57.736 I/Advanced( 4548): [QUEUE] share_queue_sendEx size:1 4097 6694 0x8ec69fd0,postLoopId:0,dstid:1.
11-28 17:23:57.743 D/[cc]ProxyMain( 4548): [BeginMainFrame] cc.BeginMainFrame this:0x9f620a10
11-28 17:23:57.744 D/[cc]LayerTreeHost( 4548): [AnimateLayers] AnimateLayers monotonic_time=3042016544
11-28 17:23:57.744 D/[blink]FrameView( 4548): [updateStyleAndLayoutIfNeededRecursiveInternal] in... this:0x598e66f0.
11-28 17:23:57.745 D/[blink]FrameView( 4548): [updateStyleAndLayoutIfNeededRecursiveInternal] in... this:0x598e6f68.
11-28 17:23:57.745 D/[blink]FrameView( 4548): [updateStyleAndLayoutIfNeededRecursiveInternal] end... this:0x598e6f68.
11-28 17:23:57.745 D/[blink]FrameView( 4548): [updateStyleAndLayoutIfNeededRecursiveInternal] end... this:0x598e66f0.
11-28 17:23:57.745 D/[blink]FrameView( 4548): [updateLifecyclePhasesInternal] in... this:0x598e66f0, targetState=18
11-28 17:23:57.745 D/[blink]FrameView( 4548): [updateLifecyclePhasesInternal] call compositor()->updateIfNeededRecursive()!
11-28 17:23:57.748 D/[blink]AnimationTimeline( 4548): [wakeAfter] duration= 4.607500
11-28 17:23:57.748 D/[blink]FrameView( 4548): [updateLifecyclePhasesInternal] end... this:0x598e66f0
11-28 17:23:57.936 I/Advanced( 4548): [QUEUE] share_queue_sendEx size:1 4097 6695 0x8ec69fd0,postLoopId:0,dstid:1.
11-28 17:23:58.136 I/Advanced( 4548): [QUEUE] share_queue_sendEx size:1 4097 6696 0x8ec69fd0,postLoopId:0,dstid:1.
11-28 17:23:58.207 D/BackBootDealerNeimeng( 2401): standbyState:
11-28 17:23:58.208 E/NetUtils( 2029): Interface eth0 LinkUp!
11-28 17:23:58.332 I/AdvancedPorting-PORT_MODULE_NET( 4548): network_task while... 
11-28 17:23:58.332 I/AdvancedPorting-PORT_MODULE_NET( 4548): 0 interface name: lo
11-28 17:23:58.332 I/AdvancedPorting-PORT_MODULE_NET( 4548): 1 interface name: eth0
11-28 17:23:58.332 I/AdvancedPorting-PORT_MODULE_NET( 4548): 2 interface name: wlan0
11-28 17:23:58.332 I/AdvancedPorting-PORT_MODULE_NET( 4548): First interface name: lo
11-28 17:23:58.332 I/AdvancedPorting-PORT_MODULE_NET( 4548): network_task while...  net_i:1
11-28 17:23:58.332 I/AdvancedPorting-PORT_MODULE_NET( 4548): network_task while---name_interface[0]=lo
11-28 17:23:58.332 I/AdvancedPorting-PORT_MODULE_NET( 4548): network_task while---name_interface[1]=eth0
11-28 17:23:58.332 I/AdvancedPorting-PORT_MODULE_NET( 4548): network_task while---interface_name=eth0
11-28 17:23:58.332 I/AdvancedPorting-PORT_MODULE_NET( 4548): network_get_netlink_status(in)--if_name=eth0
11-28 17:23:58.332 I/AdvancedPorting-PORT_MODULE_NET( 4548): net.network.isconnected = no
11-28 17:23:58.332 I/AdvancedPorting-PORT_MODULE_NET( 4548): eth0 --network_get_netlink_status return retval=1
11-28 17:23:58.332 I/AdvancedPorting-PORT_MODULE_NET( 4548): stat = 1 last_status = 1
11-28 17:23:58.337 I/Advanced( 4548): [QUEUE] share_queue_sendEx size:1 4097 6697 0x8ec69fd0,postLoopId:0,dstid:1.
11-28 17:23:58.537 I/Advanced( 4548): [QUEUE] share_queue_sendEx size:1 4097 6698 0x8ec69fd0,postLoopId:0,dstid:1.
11-28 17:23:58.708 D/BackBootDealerNeimeng( 2401): standbyState:
11-28 17:23:58.709 E/NetUtils( 2029): Interface eth0 LinkUp!
11-28 17:23:58.738 I/Advanced( 4548): [QUEUE] share_queue_sendEx size:1 4097 6699 0x8ec69fd0,postLoopId:0,dstid:1.
11-28 17:23:58.938 I/Advanced( 4548): [QUEUE] share_queue_sendEx size:1 4097 6700 0x8ec69fd0,postLoopId:0,dstid:1.
11-28 17:23:59.139 I/Advanced( 4548): [QUEUE] share_queue_sendEx size:1 4097 6701 0x8ec69fd0,postLoopId:0,dstid:1.
11-28 17:23:59.210 D/BackBootDealerNeimeng( 2401): standbyState:
11-28 17:23:59.211 E/NetUtils( 2029): Interface eth0 LinkUp!
11-28 17:23:59.333 I/AdvancedPorting-PORT_MODULE_NET( 4548): network_task while... 
11-28 17:23:59.333 I/AdvancedPorting-PORT_MODULE_NET( 4548): 0 interface name: lo
11-28 17:23:59.333 I/AdvancedPorting-PORT_MODULE_NET( 4548): 1 interface name: eth0
11-28 17:23:59.333 I/AdvancedPorting-PORT_MODULE_NET( 4548): 2 interface name: wlan0
11-28 17:23:59.333 I/AdvancedPorting-PORT_MODULE_NET( 4548): First interface name: lo
11-28 17:23:59.333 I/AdvancedPorting-PORT_MODULE_NET( 4548): network_task while...  net_i:1
11-28 17:23:59.333 I/AdvancedPorting-PORT_MODULE_NET( 4548): network_task while---name_interface[0]=lo
11-28 17:23:59.333 I/AdvancedPorting-PORT_MODULE_NET( 4548): network_task while---name_interface[1]=eth0
11-28 17:23:59.333 I/AdvancedPorting-PORT_MODULE_NET( 4548): network_task while---interface_name=eth0
11-28 17:23:59.333 I/AdvancedPorting-PORT_MODULE_NET( 4548): network_get_netlink_status(in)--if_name=eth0
11-28 17:23:59.333 I/AdvancedPorting-PORT_MODULE_NET( 4548): net.network.isconnected = no
11-28 17:23:59.333 I/AdvancedPorting-PORT_MODULE_NET( 4548): eth0 --network_get_netlink_status return retval=1
11-28 17:23:59.333 I/AdvancedPorting-PORT_MODULE_NET( 4548): stat = 1 last_status = 1
11-28 17:23:59.339 I/Advanced( 4548): [QUEUE] share_queue_sendEx size:1 4097 6702 0x8ec69fd0,postLoopId:0,dstid:1.
11-28 17:23:59.539 I/Advanced( 4548): [QUEUE] share_queue_sendEx size:1 4097 6703 0x8ec69fd0,postLoopId:0,dstid:1.
11-28 17:23:59.712 D/BackBootDealerNeimeng( 2401): standbyState:
11-28 17:23:59.714 E/NetUtils( 2029): Interface eth0 LinkUp!
11-28 17:23:59.740 I/Advanced( 4548): [QUEUE] share_queue_sendEx size:1 4097 6704 0x8ec69fd0,postLoopId:0,dstid:1.
11-28 17:23:59.940 I/Advanced( 4548): [QUEUE] share_queue_sendEx size:1 4097 6705 0x8ec69fd0,postLoopId:0,dstid:1.
11-28 17:24:00.141 I/Advanced( 4548): [QUEUE] share_queue_sendEx size:1 4097 6706 0x8ec69fd0,postLoopId:0,dstid:1.
11-28 17:24:00.214 D/BackBootDealerNeimeng( 2401): standbyState:
11-28 17:24:00.215 E/NetUtils( 2029): Interface eth0 LinkUp!
11-28 17:24:00.253 D/TimeUpdate( 2511): [TN_main]dealTimeUpdate curTime=java.util.GregorianCalendar[time=1511861040252,areFieldsSet=true,lenient=true,zone=Asia/Shanghai,firstDayOfWeek=1,minimalDaysInFirstWeek=1,ERA=1,YEAR=2017,MONTH=10,WEEK_OF_YEAR=48,WEEK_OF_MONTH=5,DAY_OF_MONTH=28,DAY_OF_YEAR=332,DAY_OF_WEEK=3,DAY_OF_WEEK_IN_MONTH=4,AM_PM=1,HOUR=5,HOUR_OF_DAY=17,MINUTE=24,SECOND=0,MILLISECOND=252,ZONE_OFFSET=28800000,DST_OFFSET=0]
11-28 17:24:00.333 I/AdvancedPorting-PORT_MODULE_NET( 4548): network_task while... 
11-28 17:24:00.333 I/AdvancedPorting-PORT_MODULE_NET( 4548): 0 interface name: lo
11-28 17:24:00.334 I/AdvancedPorting-PORT_MODULE_NET( 4548): 1 interface name: eth0
11-28 17:24:00.334 I/AdvancedPorting-PORT_MODULE_NET( 4548): 2 interface name: wlan0
11-28 17:24:00.334 I/AdvancedPorting-PORT_MODULE_NET( 4548): First interface name: lo
11-28 17:24:00.334 I/AdvancedPorting-PORT_MODULE_NET( 4548): network_task while...  net_i:1
11-28 17:24:00.334 I/AdvancedPorting-PORT_MODULE_NET( 4548): network_task while---name_interface[0]=lo
11-28 17:24:00.334 I/AdvancedPorting-PORT_MODULE_NET( 4548): network_task while---name_interface[1]=eth0
11-28 17:24:00.334 I/AdvancedPorting-PORT_MODULE_NET( 4548): network_task while---interface_name=eth0
11-28 17:24:00.334 I/AdvancedPorting-PORT_MODULE_NET( 4548): network_get_netlink_status(in)--if_name=eth0
11-28 17:24:00.334 I/AdvancedPorting-PORT_MODULE_NET( 4548): net.network.isconnected = no
11-28 17:24:00.334 I/AdvancedPorting-PORT_MODULE_NET( 4548): eth0 --network_get_netlink_status return retval=1
11-28 17:24:00.334 I/AdvancedPorting-PORT_MODULE_NET( 4548): stat = 1 last_status = 1
11-28 17:24:00.551 I/Advanced( 4548): [QUEUE] share_queue_sendEx size:1 4097 6708 0x8ec69fd0,postLoopId:0,dstid:1.
11-28 17:24:00.716 D/BackBootDealerNeimeng( 2401): standbyState:
11-28 17:24:00.717 E/NetUtils( 2029): Interface eth0 LinkUp!
11-28 17:24:00.961 I/Advanced( 4548): [QUEUE] share_queue_sendEx size:1 4097 6710 0x8ec69fd0,postLoopId:0,dstid:1.
11-28 17:24:01.161 I/Advanced( 4548): [QUEUE] share_queue_sendEx size:1 4097 6711 0x8ec69fd0,postLoopId:0,dstid:1.
11-28 17:24:01.218 D/BackBootDealerNeimeng( 2401): standbyState:
11-28 17:24:01.219 E/NetUtils( 2029): Interface eth0 LinkUp!
11-28 17:24:01.334 I/AdvancedPorting-PORT_MODULE_NET( 4548): network_task while... 
11-28 17:24:01.334 I/AdvancedPorting-PORT_MODULE_NET( 4548): 0 interface name: lo
11-28 17:24:01.334 I/AdvancedPorting-PORT_MODULE_NET( 4548): 1 interface name: eth0
11-28 17:24:01.334 I/AdvancedPorting-PORT_MODULE_NET( 4548): 2 interface name: wlan0
11-28 17:24:01.334 I/AdvancedPorting-PORT_MODULE_NET( 4548): First interface name: lo
11-28 17:24:01.334 I/AdvancedPorting-PORT_MODULE_NET( 4548): network_task while...  net_i:1
11-28 17:24:01.334 I/AdvancedPorting-PORT_MODULE_NET( 4548): network_task while---name_interface[0]=lo
11-28 17:24:01.334 I/AdvancedPorting-PORT_MODULE_NET( 4548): network_task while---name_interface[1]=eth0
11-28 17:24:01.334 I/AdvancedPorting-PORT_MODULE_NET( 4548): network_task while---interface_name=eth0
11-28 17:24:01.334 I/AdvancedPorting-PORT_MODULE_NET( 4548): network_get_netlink_status(in)--if_name=eth0
11-28 17:24:01.334 I/AdvancedPorting-PORT_MODULE_NET( 4548): net.network.isconnected = no
11-28 17:24:01.334 I/AdvancedPorting-PORT_MODULE_NET( 4548): eth0 --network_get_netlink_status return retval=1
11-28 17:24:01.334 I/AdvancedPorting-PORT_MODULE_NET( 4548): stat = 1 last_status = 1
11-28 17:24:01.362 I/Advanced( 4548): [QUEUE] share_queue_sendEx size:1 4097 6712 0x8ec69fd0,postLoopId:0,dstid:1.
11-28 17:24:01.562 I/Advanced( 4548): [QUEUE] share_queue_sendEx size:1 4097 6713 0x8ec69fd0,postLoopId:0,dstid:1.
11-28 17:24:01.720 D/BackBootDealerNeimeng( 2401): standbyState:
11-28 17:24:01.721 E/NetUtils( 2029): Interface eth0 LinkUp!
11-28 17:24:01.763 I/Advanced( 4548): [QUEUE] share_queue_sendEx size:1 4097 6714 0x8ec69fd0,postLoopId:0,dstid:1.
11-28 17:24:01.963 I/Advanced( 4548): [QUEUE] share_queue_sendEx size:1 4097 6715 0x8ec69fd0,postLoopId:0,dstid:1.
11-28 17:24:02.222 D/BackBootDealerNeimeng( 2401): standbyState:
11-28 17:24:02.223 E/NetUtils( 2029): Interface eth0 LinkUp!
11-28 17:24:02.335 I/AdvancedPorting-PORT_MODULE_NET( 4548): network_task while... 
11-28 17:24:02.335 I/AdvancedPorting-PORT_MODULE_NET( 4548): 0 interface name: lo
11-28 17:24:02.335 I/AdvancedPorting-PORT_MODULE_NET( 4548): 1 interface name: eth0
11-28 17:24:02.335 I/AdvancedPorting-PORT_MODULE_NET( 4548): 2 interface name: wlan0
11-28 17:24:02.335 I/AdvancedPorting-PORT_MODULE_NET( 4548): First interface name: lo
11-28 17:24:02.335 I/AdvancedPorting-PORT_MODULE_NET( 4548): network_task while...  net_i:1
11-28 17:24:02.335 I/AdvancedPorting-PORT_MODULE_NET( 4548): network_task while---name_interface[0]=lo
11-28 17:24:02.335 I/AdvancedPorting-PORT_MODULE_NET( 4548): network_task while---name_interface[1]=eth0
11-28 17:24:02.335 I/AdvancedPorting-PORT_MODULE_NET( 4548): network_task while---interface_name=eth0
11-28 17:24:02.335 I/AdvancedPorting-PORT_MODULE_NET( 4548): network_get_netlink_status(in)--if_name=eth0
11-28 17:24:02.335 I/AdvancedPorting-PORT_MODULE_NET( 4548): net.network.isconnected = no
11-28 17:24:02.335 I/AdvancedPorting-PORT_MODULE_NET( 4548): eth0 --network_get_netlink_status return retval=1
11-28 17:24:02.335 I/AdvancedPorting-PORT_MODULE_NET( 4548): stat = 1 last_status = 1
11-28 17:24:02.358 D/[cc]ProxyMain( 4548): [BeginMainFrame] cc.BeginMainFrame this:0x9f620a10
11-28 17:24:02.359 D/[cc]LayerTreeHost( 4548): [AnimateLayers] AnimateLayers monotonic_time=3046616544
11-28 17:24:02.359 D/[blink]FrameView( 4548): [updateStyleAndLayoutIfNeededRecursiveInternal] in... this:0x598e66f0.
11-28 17:24:02.359 D/[blink]FrameView( 4548): [updateStyleAndLayoutIfNeededRecursiveInternal] in... this:0x598e6f68.
11-28 17:24:02.360 D/[blink]FrameView( 4548): [updateStyleAndLayoutIfNeededRecursiveInternal] end... this:0x598e6f68.
11-28 17:24:02.360 D/[blink]FrameView( 4548): [updateStyleAndLayoutIfNeededRecursiveInternal] end... this:0x598e66f0.
11-28 17:24:02.360 D/[blink]FrameView( 4548): [updateLifecyclePhasesInternal] in... this:0x598e66f0, targetState=18
11-28 17:24:02.360 D/[blink]FrameView( 4548): [updateLifecyclePhasesInternal] call compositor()->updateIfNeededRecursive()!
11-28 17:24:02.361 D/[blink]AnimationTimeline( 4548): [wakeAfter] duration= 0.024167
11-28 17:24:02.362 D/[blink]FrameView( 4548): [updateLifecyclePhasesInternal] end... this:0x598e66f0
11-28 17:24:02.373 I/Advanced( 4548): [QUEUE] share_queue_sendEx size:1 4097 6717 0x8ec69fd0,postLoopId:0,dstid:1.
11-28 17:24:02.386 D/[cc]ProxyMain( 4548): [BeginMainFrame] cc.BeginMainFrame this:0x9f620a10
11-28 17:24:02.386 D/[cc]LayerTreeHost( 4548): [AnimateLayers] AnimateLayers monotonic_time=3046633211
11-28 17:24:02.386 D/[blink]FrameView( 4548): [updateStyleAndLayoutIfNeededRecursiveInternal] in... this:0x598e66f0.
11-28 17:24:02.387 D/[blink]FrameView( 4548): [updateStyleAndLayoutIfNeededRecursiveInternal] in... this:0x598e6f68.
11-28 17:24:02.387 D/[blink]FrameView( 4548): [updateStyleAndLayoutIfNeededRecursiveInternal] end... this:0x598e6f68.
11-28 17:24:02.387 D/[blink]FrameView( 4548): [updateStyleAndLayoutIfNeededRecursiveInternal] end... this:0x598e66f0.
11-28 17:24:02.387 D/[blink]FrameView( 4548): [updateLifecyclePhasesInternal] in... this:0x598e66f0, targetState=18
11-28 17:24:02.387 D/[blink]FrameView( 4548): [updateLifecyclePhasesInternal] call compositor()->updateIfNeededRecursive()!
11-28 17:24:02.389 D/[blink]AnimationTimeline( 4548): [wakeAfter] duration= 0.007500
11-28 17:24:02.389 D/[blink]FrameView( 4548): [updateLifecyclePhasesInternal] end... this:0x598e66f0
11-28 17:24:02.398 D/[cc]ProxyMain( 4548): [BeginMainFrame] cc.BeginMainFrame this:0x9f620a10
11-28 17:24:02.398 D/[cc]LayerTreeHost( 4548): [AnimateLayers] AnimateLayers monotonic_time=3046666544
11-28 17:24:02.398 D/[blink]FrameView( 4548): [updateStyleAndLayoutIfNeededRecursiveInternal] in... this:0x598e66f0.
11-28 17:24:02.399 D/[blink]FrameView( 4548): [updateStyleAndLayoutIfNeededRecursiveInternal] in... this:0x598e6f68.
11-28 17:24:02.399 D/[blink]FrameView( 4548): [updateStyleAndLayoutIfNeededRecursiveInternal] end... this:0x598e6f68.
11-28 17:24:02.399 D/[blink]FrameView( 4548): [updateStyleAndLayoutIfNeededRecursiveInternal] end... this:0x598e66f0.
11-28 17:24:02.399 D/[blink]FrameView( 4548): [updateLifecyclePhasesInternal] in... this:0x598e66f0, targetState=18
11-28 17:24:02.399 D/[blink]FrameView( 4548): [updateLifecyclePhasesInternal] call compositor()->updateIfNeededRecursive()!
11-28 17:24:02.402 D/[blink]FrameView( 4548): [updateLifecyclePhasesInternal] end... this:0x598e66f0
11-28 17:24:02.415 D/[cc]ProxyMain( 4548): [BeginMainFrame] cc.BeginMainFrame this:0x9f620a10
11-28 17:24:02.415 D/[cc]LayerTreeHost( 4548): [AnimateLayers] AnimateLayers monotonic_time=3046683211
11-28 17:24:02.416 D/[blink]FrameView( 4548): [updateStyleAndLayoutIfNeededRecursiveInternal] in... this:0x598e66f0.
11-28 17:24:02.416 D/[blink]FrameView( 4548): [updateStyleAndLayoutIfNeededRecursiveInternal] in... this:0x598e6f68.
11-28 17:24:02.416 D/[blink]FrameView( 4548): [updateStyleAndLayoutIfNeededRecursiveInternal] end... this:0x598e6f68.
11-28 17:24:02.417 D/[blink]FrameView( 4548): [updateStyleAndLayoutIfNeededRecursiveInternal] end... this:0x598e66f0.
11-28 17:24:02.417 D/[blink]FrameView( 4548): [updateLifecyclePhasesInternal] in... this:0x598e66f0, targetState=18
11-28 17:24:02.417 D/[blink]FrameView( 4548): [updateLifecyclePhasesInternal] call compositor()->updateIfNeededRecursive()!
11-28 17:24:02.419 D/[blink]FrameView( 4548): [updateLifecyclePhasesInternal] end... this:0x598e66f0
11-28 17:24:02.434 D/[cc]ProxyMain( 4548): [BeginMainFrame] cc.BeginMainFrame this:0x9f620a10
11-28 17:24:02.435 D/[cc]LayerTreeHost( 4548): [AnimateLayers] AnimateLayers monotonic_time=3046699878
11-28 17:24:02.435 D/[blink]FrameView( 4548): [updateStyleAndLayoutIfNeededRecursiveInternal] in... this:0x598e66f0.
11-28 17:24:02.436 D/[blink]FrameView( 4548): [updateStyleAndLayoutIfNeededRecursiveInternal] in... this:0x598e6f68.
11-28 17:24:02.436 D/[blink]FrameView( 4548): [updateStyleAndLayoutIfNeededRecursiveInternal] end... this:0x598e6f68.
11-28 17:24:02.436 D/[blink]FrameView( 4548): [updateStyleAndLayoutIfNeededRecursiveInternal] end... this:0x598e66f0.
11-28 17:24:02.436 D/[blink]FrameView( 4548): [updateLifecyclePhasesInternal] in... this:0x598e66f0, targetState=18
11-28 17:24:02.437 D/[blink]FrameView( 4548): [updateLifecyclePhasesInternal] call compositor()->updateIfNeededRecursive()!
11-28 17:24:02.440 D/[blink]FrameView( 4548): [updateLifecyclePhasesInternal] end... this:0x598e66f0
11-28 17:24:02.455 D/[cc]ProxyMain( 4548): 