11-28 17:45:21.955 D/ImeAdapterAndroid( 3082): [SendKeyEvent] [BUILD TIME: ] dispatchKeyEvent key_code=20 modifiers=0 unicode_char=0 scan_code=108 is_system=0 tm=570751
11-28 17:45:21.955 E/NetUtils( 2031): Interface eth0 LinkUp!
11-28 17:45:21.956 D/RenderWidgetInputHandler( 3082): [HandleInputEvent] input_event type=9 name=KeyUp
11-28 17:45:21.958 D/RenderWidgetInputHandler( 3082): [HandleInputEvent] key_event.nativeKeyCode:20,widget_->GetTextInputType():0
11-28 17:45:21.958 D/RenderWidgetInputHandler( 3082): [HandleInputEvent] input_event type=9 prevent_default:0
11-28 17:45:21.958 D/WebViewImpl( 3082): [handleKeyEvent] keycode:40, eventType:9 native keycode:20 frame=0x45e4bdb8. url='http://10.14.41.246/application/bxfc/sec/index.htm'.
11-28 17:45:21.958 D/[blink]KeyboardEventManager( 3082): [keyEvent] initialKeyEvent KeyUp nativeKeyCode=20 windowsKeyCode=40 text[0]=0
11-28 17:45:21.958 D/[blink]KeyboardEventManager( 3082): [keyEvent] initialKeyEvent focusedNode=0x0
11-28 17:45:21.958 D/[cc]ProxyMain( 3082): [BeginMainFrame] cc.BeginMainFrame this:0x9f73a768
11-28 17:45:21.958 D/[cc]LayerTreeHost( 3082): [AnimateLayers] AnimateLayers monotonic_time=570799977
11-28 17:45:21.958 D/[blink]FrameView( 3082): [updateStyleAndLayoutIfNeededRecursiveInternal] in... this:0x25cad918.
11-28 17:45:21.958 D/[blink]FrameView( 3082): [updateStyleAndLayoutIfNeededRecursiveInternal] in... this:0x25cae190.
11-28 17:45:21.958 D/[blink]FrameView( 3082): [updateStyleAndLayoutIfNeededRecursiveInternal] end... this:0x25cae190.
11-28 17:45:21.958 D/[blink]FrameView( 3082): [updateStyleAndLayoutIfNeededRecursiveInternal] end... this:0x25cad918.
11-28 17:45:21.958 D/[blink]FrameView( 3082): [updateLifecyclePhasesInternal] in... this:0x25cad918, targetState=18
11-28 17:45:21.958 D/[blink]FrameView( 3082): [updateLifecyclePhasesInternal] call compositor()->updateIfNeededRecursive()!
11-28 17:45:21.959 D/[blink]FrameView( 3082): [updateLifecyclePhasesInternal] end... this:0x25cad918
11-28 17:45:21.972 I/Advanced( 3082): [QUEUE] share_queue_sendEx size:1 4097 2541 0x8fde4a48,postLoopId:0,dstid:1.
11-28 17:45:22.102 D/ir_user ( 1585): PlayerTimeLineTrace:linux_keycode:0x6c(DOWN),	protocol: .
11-28 17:45:22.102 V/PT      ( 1581): >>INFO:irkey_task:[     570.947269] /dev/input/event0: type=0001 code=006c val=00000001
11-28 17:45:22.102 V/PT      ( 1581): >>INFO:irkey_send:0x3001 0x0028 down
11-28 17:45:22.102 V/SUMA    ( 1581): ++++++++++++++  _roc_evtmgr_key_cbk 517:input = 12289, event=40, act=0x100
11-28 17:45:22.102 V/SUMA    ( 1581): lxm:_roc_evtmgr_key_cbk 519 570947
11-28 17:45:22.102 V/SUMA    ( 1581): lxm:_roc_evtmgr_add_evt_into_queue 347 570947
11-28 17:45:22.102 V/PT      ( 1581): >>INFO:irkey_task:[     570.947269] /dev/input/event0: type=0000 code=0000 val=00000000
11-28 17:45:22.102 V/SUMA    ( 1581): ===================>> type=0 src=0 evt=40 act=0x100
11-28 17:45:22.102 V/SUMA    ( 1581): [sysset-s][event_manager_cbk 78]lxm cbid=1, cbk_reg=1, cpid=2463
11-28 17:45:22.103 D/NGBEvent( 2463): ngbEventCallBack type:0 source :40
11-28 17:45:22.103 D/NGBEvent( 2463): [NGBEventManager-JNI]-returning:1
11-28 17:45:22.103 D/NGBEvent( 2463): Input key event: keyCode=40
11-28 17:45:22.103 D/NGBEvent( 2463): src:40 = dest:40
11-28 17:45:22.103 I/System.out( 2463): [DEBUG EventManager] LWJ--Add event to java with evt=NgbEvent-[type = 1, subtype = 401, code = 40]
11-28 17:45:22.103 D/NGBEvent( 2463): [NGBEvent_log]--[EventManager--JNI]:		start
11-28 17:45:22.103 I/System.out( 2463): [DEBUG EventManager] broadcastEvent  :len 1
11-28 17:45:22.104 D/RemoteIME( 2359): onKeyDown event = KeyEvent { action=ACTION_DOWN, keyCode=KEYCODE_DPAD_DOWN, scanCode=108, metaState=0, flags=0x8, repeatCount=0, eventTime=570947, downTime=570947, deviceId=4, source=0x701 },mSkbContainer=null
11-28 17:45:22.104 D/CombineKeyUtil( 2463): [TN_pool-1-thread-1]dealKeyEvent,combineIndex:-1:keyCode:20
11-28 17:45:22.104 D/KeyEventNgbDealer( 2463): [TN_pool-1-thread-1]handleKeyPressed keyEvent=NgbEvent-[type = 1, subtype = 401, code = 40],time=570949
11-28 17:45:22.105 D/cr_AwTestContainerView( 3082): [AwTestContainerView.java:63] [mainFrame]: [2017-11-21 17:52:03] dispatchKeyEvent keyCode = 20 event = KeyEvent { action=ACTION_DOWN, keyCode=KEYCODE_DPAD_DOWN, scanCode=108, metaState=0, flags=0x8, repeatCount=0, eventTime=570947, downTime=570947, deviceId=4, source=0x701 }
11-28 17:45:22.105 D/ImeAdapterAndroid( 3082): [SendKeyEvent] [BUILD TIME: ] dispatchKeyEvent key_code=20 modifiers=0 unicode_char=0 scan_code=108 is_system=0 tm=570947
11-28 17:45:22.106 D/RenderWidgetInputHandler( 3082): [HandleInputEvent] input_event type=8 name=KeyDown
11-28 17:45:22.107 D/RenderWidgetInputHandler( 3082): [HandleInputEvent] key_event.nativeKeyCode:20,widget_->GetTextInputType():0
11-28 17:45:22.107 D/RenderWidgetInputHandler( 3082): [HandleInputEvent] input_event type=8 prevent_default:0
11-28 17:45:22.107 D/WebViewImpl( 3082): [handleKeyEvent] keycode:40, eventType:8 native keycode:20 frame=0x45e4bdb8. url='http://10.14.41.246/application/bxfc/sec/index.htm'.
11-28 17:45:22.107 D/[blink]KeyboardEventManager( 3082): [keyEvent] initialKeyEvent KeyDown nativeKeyCode=20 windowsKeyCode=40 text[0]=0
11-28 17:45:22.107 D/[blink]KeyboardEventManager( 3082): [keyEvent] initialKeyEvent focusedNode=0x0
11-28 17:45:22.107 D/V8ScriptRunner( 3082): [callFunction] start. frame = 0x45e4bdb8 function: eventHandler url: http://10.14.41.246/application/bxfc/sec/index.htm line: 179
11-28 17:45:22.107 D/base::KeyConverter( 3082): [get] convert 20 => -1.
11-28 17:45:22.107 D/iPanel  ( 3082): iPanel.debug("---141----popFlag=false")
11-28 17:45:22.107 D/iPanel  ( 3082): iPanel.debug("---142----ifrSrc=http://10.14.41.246/application/bxfc/sec/index.htm")
11-28 17:45:22.107 D/iPanel  ( 3082): iPanel.debug("-------主窗口按键响应=KEY_DOWN")
11-28 17:45:22.108 D/[cc]beginFrameSource( 3082): [AddObserver] ExternalBeginFrameSource::AddObserver
11-28 17:45:22.109 D/iPanel  ( 3082): iPanel.debug("----chanel[menuPos]--:289")
11-28 17:45:22.109 D/iPanel  ( 3082): iPanel.debug("----menuPos-:2")
11-28 17:45:22.109 D/iPanel  ( 3082): iPanel.debug("----menuPos--:number")
11-28 17:45:22.110 D/iPanel  ( 3082): iPanel.debug("----listDataPath--:http://10.14.41.245:13160/search/search_by_keyword?accesstoken=R5A1D2EE5U20887029K53724E0DIA6230E0AP8M2FAF083WDC013F7D151&keyword=201709&label=289&pageidx=1&pagenum=20&depth=2&sortby=4")
11-28 17:45:22.110 D/ChromeClientImpl( 3082): [addMessageToConsole] [LOG:CONSOLE(291)] "http://10.14.41.245:13160/search/search_by_keyword?accesstoken=R5A1D2EE5U20887029K53724E0DIA6230E0AP8M2FAF083WDC013F7D151&keyword=201709&label=289&pageidx=1&pagenum=20&depth=2&sortby=4", source:http://10.14.41.246/application/bxfc/sec/js/common.js (291)
11-28 17:45:22.111 D/V8ScriptRunner( 3082): [callFunction] start. frame = 0x45e4bdb8 function: xmlHttp.onreadystatechange url: http://10.14.41.246/application/bxfc/sec/js/common.js line: 276
11-28 17:45:22.111 D/V8ScriptRunner( 3082): [callFunction] end. frame = 0x45e4bdb8 function: xmlHttp.onreadystatechange url: http://10.14.41.246/application/bxfc/sec/js/common.js line: 276
11-28 17:45:22.111 D/[blink]ResourceFetcher( 3082): [requestResource] url=http://10.14.41.245:13160/search/search_by_keyword?accesstoken=R5A1D2EE5U20887029K53724E0DIA6230E0AP8M2FAF083WDC013F7D151&keyword=201709&label=289&pageidx=1&pagenum=20&depth=2&sortby=4.
11-28 17:45:22.112 D/url     ( 3082): [DoResolveRelative] [WEB] DoResolveRelative Error resolving.
11-28 17:45:22.112 D/[blink]DOMTimer( 3082): [DOMTimer] 0x25dc3c78 setTimeout 500ms, repeat:0.
11-28 17:45:22.112 D/[blink]DOMTimer( 3082): [DOMTimer] 0x25dc3ce8 setTimeout 30000ms, repeat:0.
11-28 17:45:22.112 D/iPanel  ( 3082): iPanel.debug("-------keyDown=KEY_DOWN")
11-28 17:45:22.112 D/V8ScriptRunner( 3082): [callFunction] end. frame = 0x45e4bdb8 function: eventHandler url: http://10.14.41.246/application/bxfc/sec/index.htm line: 179
11-28 17:45:22.113 D/[blink]KeyboardEventManager( 3082): [keyEvent] dispatchResult = CanceledByEventHandler
11-28 17:45:22.113 D/ResourceLoader( 3082): [StartRequest] start request 0x8b1c1b00 url='http://10.14.41.245:13160/search/search_by_keyword?accesstoken=R5A1D2EE5U20887029K53724E0DIA6230E0AP8M2FAF083WDC013F7D151&keyword=201709&label=289&pageidx=1&pagenum=20&depth=2&sortby=4'
11-28 17:45:22.113 D/AwRequestInterceptor( 3082): [MaybeInterceptRequest] request=0x8b1c1b00
11-28 17:45:22.113 D/cr_AwContents( 3082): [AwContents.java:520] BackgroundThreadClientImpl shouldInterceptRequest url = http://10.14.41.245:13160/search/search_by_keyword?accesstoken=R5A1D2EE5U20887029K53724E0DIA6230E0AP8M2FAF083WDC013F7D151&keyword=201709&label=289&pageidx=1&pagenum=20&depth=2&sortby=4
11-28 17:45:22.113 D/cr_AwNullContentsClient( 3082): [AwNullContentsClient.java:59] shouldInterceptRequest url=http://10.14.41.245:13160/search/search_by_keyword?accesstoken=R5A1D2EE5U20887029K53724E0DIA6230E0AP8M2FAF083WDC013F7D151&keyword=201709&label=289&pageidx=1&pagenum=20&depth=2&sortby=4
11-28 17:45:22.113 D/BrowserWebViewClient( 3082): intercept request :http://10.14.41.245:13160/search/search_by_keyword?accesstoken=R5A1D2EE5U20887029K53724E0DIA6230E0AP8M2FAF083WDC013F7D151&keyword=201709&label=289&pageidx=1&pagenum=20&depth=2&sortby=4
11-28 17:45:22.113 D/AwRequestInterceptor( 3082): [MaybeInterceptRequest] request=0x8b1c1b00
11-28 17:45:22.122 D/[cc]ProxyMain( 3082): [BeginMainFrame] cc.BeginMainFrame this:0x9f73a768
11-28 17:45:22.122 D/[cc]LayerTreeHost( 3082): [AnimateLayers] AnimateLayers monotonic_time=570966643
11-28 17:45:22.122 D/[blink]FrameView( 3082): [updateStyleAndLayoutIfNeededRecursiveInternal] in... this:0x25cad918.
11-28 17:45:22.122 D/[blink]FrameView( 3082): [updateStyleAndLayoutIfNeededRecursiveInternal] in... this:0x25cae190.
11-28 17:45:22.122 D/[blink]FrameView( 3082): [updateStyleAndLayoutIfNeededRecursiveInternal] end... this:0x25cae190.
11-28 17:45:22.122 D/[blink]FrameView( 3082): [updateStyleAndLayoutIfNeededRecursiveInternal] end... this:0x25cad918.
11-28 17:45:22.122 D/[blink]FrameView( 3082): [updateLifecyclePhasesInternal] in... this:0x25cad918, targetState=18
11-28 17:45:22.122 D/[blink]FrameView( 3082): [updateLifecyclePhasesInternal] call compositor()->updateIfNeededRecursive()!
11-28 17:45:22.122 D/[blink]FrameView( 3082): [updateLifecyclePhasesInternal] end... this:0x25cad918
11-28 17:45:22.138 D/[cc]ProxyMain( 3082): [BeginMainFrame] cc.BeginMainFrame this:0x9f73a768
11-28 17:45:22.138 D/[cc]LayerTreeHost( 3082): [AnimateLayers] AnimateLayers monotonic_time=570983310
11-28 17:45:22.138 D/[blink]FrameView( 3082): [updateStyleAndLayoutIfNeededRecursiveInternal] in... this:0x25cad918.
11-28 17:45:22.139 D/[blink]FrameView( 3082): [layout] start... this:0x25cad918, frame=0x45e4bdb8 content size(1280, 720). 
11-28 17:45:22.139 D/[blink]FrameView( 3082): [layout] performPreLayoutTasks start... this:0x25cad918
11-28 17:45:22.139 D/[blink]FrameView( 3082): [layout] performPreLayoutTasks end... this:0x25cad918
11-28 17:45:22.139 D/[blink]FrameView( 3082): [layout] performLayout start... this:0x25cad918
11-28 17:45:22.139 D/[blink]FrameView( 3082): [layout] performLayout end... this:0x25cad918
11-28 17:45:22.139 D/[blink]FrameView( 3082): [layout] call compositor()->didLayout()!
11-28 17:45:22.139 D/[blink]FrameView( 3082): [layout] updateDocumentAnnotatedRegions start... this:0x25cad918
11-28 17:45:22.139 D/[blink]FrameView( 3082): [layout] scheduleOrPerformPostLayoutTasks start... this:0x25cad918
11-28 17:45:22.139 D/[blink]FrameView( 3082): [layout] end... this:0x25cad918
11-28 17:45:22.139 D/[blink]FrameView( 3082): [layout] out... this:0x25cad918
11-28 17:45:22.139 D/[blink]FrameView( 3082): [updateStyleAndLayoutIfNeededRecursiveInternal] in... this:0x25cae190.
11-28 17:45:22.139 D/[blink]FrameView( 3082): [updateStyleAndLayoutIfNeededRecursiveInternal] end... this:0x25cae190.
11-28 17:45:22.139 D/[blink]FrameView( 3082): [updateStyleAndLayoutIfNeededRecursiveInternal] end... this:0x25cad918.
11-28 17:45:22.139 D/[blink]FrameView( 3082): [updateLifecyclePhasesInternal] in... this:0x25cad918, targetState=18
11-28 17:45:22.139 D/[blink]FrameView( 3082): [updateLifecyclePhasesInternal] call compositor()->updateIfNeededRecursive()!
11-28 17:45:22.140 D/[blink] ImagePainter( 3082): [paintReplaced] ImagePainter::paintReplaced in w=21056, h=3712.
11-28 17:45:22.140 D/[blink] ImagePainter( 3082): [paintReplaced] ImagePainter::paintReplaced in w=14272, h=1792.
11-28 17:45:22.141 D/[blink] ImagePainter( 3082): [paintReplaced] ImagePainter::paintReplaced in w=1408, h=768.
11-28 17:45:22.141 D/[blink] BoxPainter( 3082): [paintBoxDecorationBackgroundWithRect] BoxPainter::paintBoxDecorationBackgroundWithRect isImage=0, isLayoutImage=0
11-28 17:45:22.141 D/[blink]FrameView( 3082): [updateLifecyclePhasesInternal] end... this:0x25cad918
11-28 17:45:22.155 D/[cc]ProxyMain( 3082): [BeginMainFrame] cc.BeginMainFrame this:0x9f73a768
11-28 17:45:22.155 D/[cc]LayerTreeHost( 3082): [AnimateLayers] AnimateLayers monotonic_time=570999977
11-28 17:45:22.156 D/[blink]FrameView( 3082): [updateStyleAndLayoutIfNeededRecursiveInternal] in... this:0x25cad918.
11-28 17:45:22.157 D/[blink]FrameView( 3082): [layout] start... this:0x25cad918, frame=0x45e4bdb8 content size(1280, 720). 
11-28 17:45:22.157 D/[blink]FrameView( 3082): [layout] performPreLayoutTasks start... this:0x25cad918
11-28 17:45:22.157 D/[blink]FrameView( 3082): [layout] performPreLayoutTasks end... this:0x25cad918
11-28 17:45:22.157 D/[blink]FrameView( 3082): [layout] performLayout start... this:0x25cad918
11-28 17:45:22.157 D/[blink]FrameView( 3082): [layout] performLayout end... this:0x25cad918
11-28 17:45:22.157 D/[blink]FrameView( 3082): [layout] call compositor()->didLayout()!
11-28 17:45:22.157 D/[blink]FrameView( 3082): [layout] updateDocumentAnnotatedRegions start... this:0x25cad918
11-28 17:45:22.157 D/[blink]FrameView( 3082): [layout] scheduleOrPerformPostLayoutTasks start... this:0x25cad918
11-28 17:45:22.157 D/[blink]FrameView( 3082): [layout] end... this:0x25cad918
11-28 17:45:22.157 D/[blink]FrameView( 3082): [layout] out... this:0x25cad918
11-28 17:45:22.157 D/[blink]FrameView( 3082): [updateStyleAndLayoutIfNeededRecursiveInternal] in... this:0x25cae190.
11-28 17:45:22.157 D/[blink]FrameView( 3082): [updateStyleAndLayoutIfNeededRecursiveInternal] end... this:0x25cae190.
11-28 17:45:22.157 D/[blink]FrameView( 3082): [updateStyleAndLayoutIfNeededRecursiveInternal] end... this:0x25cad918.
11-28 17:45:22.157 D/[blink]FrameView( 3082): [updateLifecyclePhasesInternal] in... this:0x25cad918, targetState=18
11-28 17:45:22.157 D/[blink]FrameView( 3082): [updateLifecyclePhasesInternal] call compositor()->updateIfNeededRecursive()!
11-28 17:45:22.159 D/[blink] ImagePainter( 3082): [paintReplaced] ImagePainter::paintReplaced in w=21056, h=3712.
11-28 17:45:22.159 D/[blink] ImagePainter( 3082): [paintReplaced] ImagePainter::paintReplaced in w=14272, h=1792.
11-28 17:45:22.159 D/[blink] ImagePainter( 3082): [paintReplaced] ImagePainter::paintReplaced in w=1408, h=768.
11-28 17:45:22.159 D/[blink] BoxPainter( 3082): [paintBoxDecorationBackgroundWithRect] BoxPainter::paintBoxDecorationBackgroundWithRect isImage=0, isLayoutImage=0
11-28 17:45:22.160 D/[blink]FrameView( 3082): [updateLifecyclePhasesInternal] end... this:0x25cad918
11-28 17:45:22.164 D/ResourceLoader( 3082): [ResponseCompleted] finish request 0x8b1c1b00 url='http://10.14.41.245:13160/search/search_by_keyword?accesstoken=R5A1D2EE5U20887029K53724E0DIA6230E0AP8M2FAF083WDC013F7D151&keyword=201709&label=289&pageidx=1&pagenum=20&depth=2&sortby=4'
11-28 17:45:22.165 D/V8ScriptRunner( 3082): [callFunction] start. frame = 0x45e4bdb8 function: xmlHttp.onreadystatechange url: http://10.14.41.246/application/bxfc/sec/js/common.js line: 276
11-28 17:45:22.165 D/V8ScriptRunner( 3082): [callFunction] end. frame = 0x45e4bdb8 function: xmlHttp.onreadystatechange url: http://10.14.41.246/application/bxfc/sec/js/common.js line: 276
11-28 17:45:22.165 D/V8ScriptRunner( 3082): [callFunction] start. frame = 0x45e4bdb8 function: xmlHttp.onreadystatechange url: http://10.14.41.246/application/bxfc/sec/js/common.js line: 276
11-28 17:45:22.165 D/V8ScriptRunner( 3082): [callFunction] end. frame = 0x45e4bdb8 function: xmlHttp.onreadystatechange url: http://10.14.41.246/application/bxfc/sec/js/common.js line: 276
11-28 17:45:22.166 D/[blink]ResourceFetcher( 3082): [didFinishLoading] encoded length=299 url=http://10.14.41.245:13160/search/search_by_keyword?accesstoken=R5A1D2EE5U20887029K53724E0DIA6230E0AP8M2FAF083WDC013F7D151&keyword=201709&label=289&pageidx=1&pagenum=20&depth=2&sortby=4.
11-28 17:45:22.166 D/V8ScriptRunner( 3082): [callFunction] start. frame = 0x45e4bdb8 function: xmlHttp.onreadystatechange url: http://10.14.41.246/application/bxfc/sec/js/common.js line: 276
11-28 17:45:22.167 D/V8ScriptRunner( 3082): [callFunction] end. frame = 0x45e4bdb8 function: xmlHttp.onreadystatechange url: http://10.14.41.246/application/bxfc/sec/js/common.js line: 276
11-28 17:45:22.172 D/[cc]ProxyMain( 3082): [BeginMainFrame] cc.BeginMainFrame this:0x9f73a768
11-28 17:45:22.172 I/Advanced( 3082): [QUEUE] share_queue_sendEx size:1 4097 2542 0x8fde4a48,postLoopId:0,dstid:1.
11-28 17:45:22.173 D/[cc]LayerTreeHost( 3082): [AnimateLayers] AnimateLayers monotonic_time=571016643
11-28 17:45:22.173 D/[blink]FrameView( 3082): [updateStyleAndLayoutIfNeededRecursiveInternal] in... this:0x25cad918.
11-28 17:45:22.173 D/[blink]FrameView( 3082): [layout] start... this:0x25cad918, frame=0x45e4bdb8 content size(1280, 720). 
11-28 17:45:22.173 D/[blink]FrameView( 3082): [layout] performPreLayoutTasks start... this:0x25cad918
11-28 17:45:22.173 D/[blink]FrameView( 3082): [layout] performPreLayoutTasks end... this:0x25cad918
11-28 17:45:22.173 D/[blink]FrameView( 3082): [layout] performLayout start... this:0x25cad918
11-28 17:45:22.173 D/[blink]FrameView( 3082): [layout] performLayout end... this:0x25cad918
11-28 17:45:22.173 D/[blink]FrameView( 3082): [layout] call compositor()->didLayout()!
11-28 17:45:22.173 D/[blink]FrameView( 3082): [layout] updateDocumentAnnotatedRegions start... this:0x25cad918
11-28 17:45:22.173 D/[blink]FrameView( 3082): [layout] scheduleOrPerformPostLayoutTasks start... this:0x25cad918
11-28 17:45:22.174 D/[blink]FrameView( 3082): [layout] end... this:0x25cad918
11-28 17:45:22.174 D/[blink]FrameView( 3082): [layout] out... this:0x25cad918
11-28 17:45:22.174 D/[blink]FrameView( 3082): [updateStyleAndLayoutIfNeededRecursiveInternal] in... this:0x25cae190.
11-28 17:45:22.174 D/[blink]FrameView( 3082): [updateStyleAndLayoutIfNeededRecursiveInternal] end... this:0x25cae190.
11-28 17:45:22.174 D/[blink]FrameView( 3082): [updateStyleAndLayoutIfNeededRecursiveInternal] end... this:0x25cad918.
11-28 17:45:22.174 D/[blink]FrameView( 3082): [updateLifecyclePhasesInternal] in... this:0x25cad918, targetState=18
11-28 17:45:22.174 D/[blink]FrameView( 3082): [updateLifecyclePhasesInternal] call compositor()->updateIfNeededRecursive()!
11-28 17:45:22.175 D/[blink] ImagePainter( 3082): [paintReplaced] ImagePainter::paintReplaced in w=21056, h=3712.
11-28 17:45:22.175 D/[blink] ImagePainter( 3082): [paintReplaced] ImagePainter::paintReplaced in w=14272, h=1792.
11-28 17:45:22.176 D/[blink] ImagePainter( 3082): [paintReplaced] ImagePainter::paintReplaced in w=1408, h=768.
11-28 17:45:22.176 D/[blink] BoxPainter( 3082): [paintBoxDecorationBackgroundWithRect] BoxPainter::paintBoxDecorationBackgroundWithRect isImage=0, isLayoutImage=0
11-28 17:45:22.178 D/[blink]FrameView( 3082): [updateLifecyclePhasesInternal] end... this:0x25cad918
11-28 17:45:22.188 D/[cc]ProxyMain( 3082): [BeginMainFrame] cc.BeginMainFrame this:0x9f73a768
11-28 17:45:22.189 D/[cc]LayerTreeHost( 3082): [AnimateLayers] AnimateLayers monotonic_time=571033310
11-28 17:45:22.189 D/[blink]FrameView( 3082): [updateStyleAndLayoutIfNeededRecursiveInternal] in... this:0x25cad918.
11-28 17:45:22.189 D/[blink]FrameView( 3082): [layout] start... this:0x25cad918, frame=0x45e4bdb8 content size(1280, 720). 
11-28 17:45:22.189 D/[blink]FrameView( 3082): [layout] performPreLayoutTasks start... this:0x25cad918
11-28 17:45:22.189 D/[blink]FrameView( 3082): [layout] performPreLayoutTasks end... this:0x25cad918
11-28 17:45:22.189 D/[blink]FrameView( 3082): [layout] performLayout start... this:0x25cad918
11-28 17:45:22.189 D/[blink]FrameView( 3082): [layout] performLayout end... this:0x25cad918
11-28 17:45:22.190 D/[blink]FrameView( 3082): [layout] call compositor()->didLayout()!
11-28 17:45:22.190 D/[blink]FrameView( 3082): [layout] updateDocumentAnnotatedRegions start... this:0x25cad918
11-28 17:45:22.190 D/[blink]FrameView( 3082): [layout] scheduleOrPerformPostLayoutTasks start... this:0x25cad918
11-28 17:45:22.190 D/[blink]FrameView( 3082): [layout] end... this:0x25cad918
11-28 17:45:22.190 D/[blink]FrameView( 3082): [layout] out... this:0x25cad918
11-28 17:45:22.190 D/[blink]FrameView( 3082): [updateStyleAndLayoutIfNeededRecursiveInternal] in... this:0x25cae190.
11-28 17:45:22.190 D/[blink]FrameView( 3082): [updateStyleAndLayoutIfNeededRecursiveInternal] end... this:0x25cae190.
11-28 17:45:22.190 D/[blink]FrameView( 3082): [updateStyleAndLayoutIfNeededRecursiveInternal] end... this:0x25cad918.
11-28 17:45:22.190 D/[blink]FrameView( 3082): [updateLifecyclePhasesInternal] in... this:0x25cad918, targetState=18
11-28 17:45:22.190 D/[blink]FrameView( 3082): [updateLifecyclePhasesInternal] call compositor()->updateIfNeededRecursive()!
11-28 17:45:22.192 D/[blink] ImagePainter( 3082): [paintReplaced] ImagePainter::paintReplaced in w=21056, h=3712.
11-28 17:45:22.192 D/[blink] ImagePainter( 3082): [paintReplaced] ImagePainter::paintReplaced in w=14272, h=1792.
11-28 17:45:22.192 D/[blink] ImagePainter( 3082): [paintReplaced] ImagePainter::paintReplaced in w=1408, h=768.
11-28 17:45:22.192 D/[blink] BoxPainter( 3082): [paintBoxDecorationBackgroundWithRect] BoxPainter::paintBoxDecorationBackgroundWithRect isImage=0, isLayoutImage=0
11-28 17:45:22.193 D/[blink]FrameView( 3082): [updateLifecyclePhasesInternal] end... this:0x25cad918
11-28 17:45:22.205 D/[cc]ProxyMain( 3082): [BeginMainFrame] cc.BeginMainFrame this:0x9f73a768
11-28 17:45:22.205 D/[cc]LayerTreeHost( 3082): [AnimateLayers] AnimateLayers monotonic_time=571049977
11-28 17:45:22.205 D/[blink]FrameView( 3082): [updateStyleAndLayoutIfNeededRecursiveInternal] in... this:0x25cad918.
11-28 17:45:22.206 D/[blink]FrameView( 3082): [layout] start... this:0x25cad918, frame=0x45e4bdb8 content size(1280, 720). 
11-28 17:45:22.206 D/[blink]FrameView( 3082): [layout] performPreLayoutTasks start... this:0x25cad918
11-28 17:45:22.206 D/[blink]FrameView( 3082): [layout] performPreLayoutTasks end... this:0x25cad918
11-28 17:45:22.206 D/[blink]FrameView( 3082): [layout] performLayout start... this:0x25cad918
11-28 17:45:22.206 D/[blink]FrameView( 3082): [layout] performLayout end... this:0x25cad918
11-28 17:45:22.206 D/[blink]FrameView( 3082): [layout] call compositor()->didLayout()!
11-28 17:45:22.206 D/[blink]FrameView( 3082): [layout] updateDocumentAnnotatedRegions start... this:0x25cad918
11-28 17:45:22.206 D/[blink]FrameView( 3082): [layout] scheduleOrPerformPostLayoutTasks start... this:0x25cad918
11-28 17:45:22.207 D/[blink]FrameView( 3082): [layout] end... this:0x25cad918
11-28 17:45:22.207 D/[blink]FrameView( 3082): [layout] out... this:0x25cad918
11-28 17:45:22.207 D/[blink]FrameView( 3082): [updateStyleAndLayoutIfNeededRecursiveInternal] in... this:0x25cae190.
11-28 17:45:22.207 D/[blink]FrameView( 3082): [updateStyleAndLayoutIfNeededRecursiveInternal] end... this:0x25cae190.
11-28 17:45:22.207 D/[blink]FrameView( 3082): [updateStyleAndLayoutIfNeededRecursiveInternal] end... this:0x25cad918.
11-28 17:45:22.207 D/[blink]FrameView( 3082): [updateLifecyclePhasesInternal] in... this:0x25cad918, targetState=18
11-28 17:45:22.207 D/[blink]FrameView( 3082): [updateLifecyclePhasesInternal] call compositor()->updateIfNeededRecursive()!
11-28 17:45:22.209 D/[blink] ImagePainter( 3082): [paintReplaced] ImagePainter::paintReplaced in w=21056, h=3712.
11-28 17:45:22.209 D/[blink] ImagePainter( 3082): [paintReplaced] ImagePainter::paintReplaced in w=14272, h=1792.
11-28 17:45:22.209 D/[blink] ImagePainter( 3082): [paintReplaced] ImagePainter::paintReplaced in w=1408, h=768.
11-28 17:45:22.210 D/[blink] BoxPainter( 3082): [paintBoxDecorationBackgroundWithRect] BoxPainter::paintBoxDecorationBackgroundWithRect isImage=0, isLayoutImage=0
11-28 17:45:22.210 D/[blink]FrameView( 3082): [updateLifecyclePhasesInternal] end... this:0x25cad918
11-28 17:45:22.222 D/[cc]ProxyMain( 3082): [BeginMainFrame] cc.BeginMainFrame this:0x9f73a768
11-28 17:45:22.222 D/[cc]LayerTreeHost( 3082): [AnimateLayers] AnimateLayers monotonic_time=571066643
11-28 17:45:22.222 D/[blink]FrameView( 3082): [updateStyleAndLayoutIfNeededRecursiveInternal] in... this:0x25cad918.
11-28 17:45:22.222 D/[blink]FrameView( 3082): [layout] start... this:0x25cad918, frame=0x45e4bdb8 content size(1280, 720). 
11-28 17:45:22.222 D/[blink]FrameView( 3082): [layout] performPreLayoutTasks start... this:0x25cad918
11-28 17:45:22.222 D/[blink]FrameView( 3082): [layout] performPreLayoutTasks end... this:0x25cad918
11-28 17:45:22.222 D/[blink]FrameView( 3082): [layout] performLayout start... this:0x25cad918
11-28 17:45:22.223 D/[blink]FrameView( 3082): [layout] performLayout end... this:0x25cad918
11-28 17:45:22.223 D/[blink]FrameView( 3082): [layout] call compositor()->didLayout()!
11-28 17:45:22.223 D/[blink]FrameView( 3082): [layout] updateDocumentAnnotatedRegions start... this:0x25cad918
11-28 17:45:22.223 D/[blink]FrameView( 3082): [layout] scheduleOrPerformPostLayoutTasks start... this:0x25cad918
11-28 17:45:22.223 D/[blink]FrameView( 3082): [layout] end... this:0x25cad918
11-28 17:45:22.223 D/[blink]FrameView( 3082): [layout] out... this:0x25cad918
11-28 17:45:22.223 D/[blink]FrameView( 3082): [updateStyleAndLayoutIfNeededRecursiveInternal] in... this:0x25cae190.
11-28 17:45:22.223 D/[blink]FrameView( 3082): [updateStyleAndLayoutIfNeededRecursiveInternal] end... this:0x25cae190.
11-28 17:45:22.223 D/[blink]FrameView( 3082): [updateStyleAndLayoutIfNeededRecursiveInternal] end... this:0x25cad918.
11-28 17:45:22.223 D/[blink]FrameView( 3082): [updateLifecyclePhasesInternal] in... this:0x25cad918, targetState=18
11-28 17:45:22.223 D/[blink]FrameView( 3082): [updateLifecyclePhasesInternal] call compositor()->updateIfNeededRecursive()!
11-28 17:45:22.225 D/[blink] ImagePainter( 3082): [paintReplaced] ImagePainter::paintReplaced in w=21056, h=3712.
11-28 17:45:22.225 D/[blink] ImagePainter( 3082): [paintReplaced] ImagePainter::paintReplaced in w=14272, h=1792.
11-28 17:45:22.226 D/[blink] ImagePainter( 3082): [paintReplaced] ImagePainter::paintReplaced in w=1408, h=768.
11-28 17:45:22.226 D/[blink] BoxPainter( 3082): [paintBoxDecorationBackgroundWithRect] BoxPainter::paintBoxDecorationBackgroundWithRect isImage=0, isLayoutImage=0
11-28 17:45:22.226 D/[blink]FrameView( 3082): [updateLifecyclePhasesInternal] end... this:0x25cad918
11-28 17:45:22.238 D/[cc]ProxyMain( 3082): [BeginMainFrame] cc.BeginMainFrame this:0x9f73a768
11-28 17:45:22.239 D/[cc]LayerTreeHost( 3082): [AnimateLayers] AnimateLayers monotonic_time=571083310
11-28 17:45:22.239 D/[blink]FrameView( 3082): [updateStyleAndLayoutIfNeededRecursiveInternal] in... this:0x25cad918.
11-28 17:45:22.240 D/[blink]FrameView( 3082): [updateStyleAndLayoutIfNeededRecursiveInternal] in... this:0x25cae190.
11-28 17:45:22.240 D/[blink]FrameView( 3082): [updateStyleAndLayoutIfNeededRecursiveInternal] end... this:0x25cae190.
11-28 17:45:22.240 D/[blink]FrameView( 3082): [updateStyleAndLayoutIfNeededRecursiveInternal] end... this:0x25cad918.
11-28 17:45:22.241 D/[blink]FrameView( 3082): [updateLifecyclePhasesInternal] in... this:0x25cad918, targetState=18
11-28 17:45:22.241 D/[blink]FrameView( 3082): [updateLifecyclePhasesInternal] call compositor()->updateIfNeededRecursive()!
11-28 17:45:22.241 D/[blink]FrameView( 3082): [updateLifecyclePhasesInternal] end... this:0x25cad918
11-28 17:45:22.311 D/ir_user ( 1585): PlayerTimeLineTrace:linux_keycode:0x6c(UP),	protocol: .
11-28 17:45:22.311 V/PT      ( 1581): >>INFO:irkey_task:[     571.156467] /dev/input/event0: type=0001 code=006c val=00000000
11-28 17:45:22.311 V/PT      ( 1581): >>INFO:irkey_send:0x3001 0x0028 up  
11-28 17:45:22.311 V/SUMA    ( 1581): ++++++++++++++  _roc_evtmgr_key_cbk 517:input = 12289, event=40, act=0x400
11-28 17:45:22.311 V/SUMA    ( 1581): lxm:_roc_evtmgr_key_cbk 519 571156
11-28 17:45:22.311 V/SUMA    ( 1581): lxm:_roc_evtmgr_add_key_into_queue 311 571156
11-28 17:45:22.311 V/PT      ( 1581): >>INFO:irkey_task:[     571.156467] /dev/input/event0: type=0000 code=0000 val=00000000
11-28 17:45:22.311 V/SUMA    ( 1581): ===================>> type=0 src=0 evt=40 act=0x400
11-28 17:45:22.311 V/SUMA    ( 1581): [sysset-s][event_manager_cbk 78]lxm cbid=1, cbk_reg=1, cpid=2463
11-28 17:45:22.311 D/NGBEvent( 2463): ngbEventCallBack type:0 source :40
11-28 17:45:22.311 D/NGBEvent( 2463): [NGBEventManager-JNI]-returning:1
11-28 17:45:22.311 D/NGBEvent( 2463): Input key event: keyCode=40
11-28 17:45:22.311 D/NGBEvent( 2463): src:40 = dest:40
11-28 17:45:22.311 I/System.out( 2463): [DEBUG EventManager] LWJ--Add event to java with evt=NgbEvent-[type = 1, subtype = 402, code = 40]
11-28 17:45:22.311 D/NGBEvent( 2463): [NGBEvent_log]--[EventManager--JNI]:		start
11-28 17:45:22.311 I/System.out( 2463): [DEBUG EventManager] broadcastEvent  :len 1
11-28 17:45:22.311 D/KeyEventNgbDealer( 2463): [TN_pool-1-thread-1]handleKeyReleased keyEvent=NgbEvent-[type = 1, subtype = 402, code = 40],time=571157
11-28 17:45:22.312 D/RemoteIME( 2359): RemoteIME--> onKeyUp keyCode = 20
11-28 17:45:22.312 D/cr_AwTestContainerView( 3082): [AwTestContainerView.java:63] [mainFrame]: [2017-11-21 17:52:03] dispatchKeyEvent keyCode = 20 event = KeyEvent { action=ACTION_UP, keyCode=KEYCODE_DPAD_DOWN, scanCode=108, metaState=0, flags=0x8, repeatCount=0, eventTime=571156, downTime=570947, deviceId=4, source=0x701 }
11-28 17:45:22.312 D/ImeAdapterAndroid( 3082): [SendKeyEvent] [BUILD TIME: ] dispatchKeyEvent key_code=20 modifiers=0 unicode_char=0 scan_code=108 is_system=0 tm=571156
11-28 17:45:22.313 D/RenderWidgetInputHandler( 3082): [HandleInputEvent] input_event type=9 name=KeyUp
11-28 17:45:22.313 D/RenderWidgetInputHandler( 3082): [HandleInputEvent] key_event.nativeKeyCode:20,widget_->GetTextInputType():0
11-28 17:45:22.313 D/RenderWidgetInputHandler( 3082): [HandleInputEvent] input_event type=9 prevent_default:0
11-28 17:45:22.313 D/WebViewImpl( 3082): [handleKeyEvent] keycode:40, eventType:9 native keycode:20 frame=0x45e4bdb8. url='http://10.14.41.246/application/bxfc/sec/index.htm'.
11-28 17:45:22.313 D/[blink]KeyboardEventManager( 3082): [keyEvent] initialKeyEvent KeyUp nativeKeyCode=20 windowsKeyCode=40 text[0]=0
11-28 17:45:22.313 D/[blink]KeyboardEventManager( 3082): [keyEvent] initialKeyEvent focusedNode=0x0
11-28 17:45:22.372 I/Advanced( 3082): [QUEUE] share_queue_sendEx size:1 4097 2543 0x8fde4a48,postLoopId:0,dstid:1.
11-28 17:45:22.456 D/BackBootDealerNeimeng( 2383): standbyState:
11-28 17:45:22.456 E/NetUtils( 2031): Interface eth0 LinkUp!
11-28 17:45:22.573 I/Advanced( 3082): [QUEUE] share_queue_sendEx size:1 4097 2544 0x8fde4a48,postLoopId:0,dstid:1.
11-28 17:45:22.598 D/ir_user ( 1585): PlayerTimeLineTrace:linux_keycode:0x6c(DOWN),	protocol: .
11-28 17:45:22.598 V/PT      ( 1581): >>INFO:irkey_task:[     571.443635] /dev/input/event0: type=0001 code=006c val=00000001
11-28 17:45:22.598 V/PT      ( 1581): >>INFO:irkey_send:0x3001 0x0028 down
11-28 17:45:22.598 V/SUMA    ( 1581): ++++++++++++++  _roc_evtmgr_key_cbk 517:input = 12289, event=40, act=0x100
11-28 17:45:22.598 V/SUMA    ( 1581): lxm:_roc_evtmgr_key_cbk 519 571443
11-28 17:45:22.598 V/SUMA    ( 1581): lxm:_roc_evtmgr_add_evt_into_queue 347 571444
11-28 17:45:22.599 V/PT      ( 1581): >>INFO:irkey_task:[     571.443635] /dev/input/event0: type=0000 code=0000 val=00000000
11-28 17:45:22.599 V/SUMA    ( 1581): ===================>> type=0 src=0 evt=40 act=0x100
11-28 17:45:22.599 V/SUMA    ( 1581): [sysset-s][event_manager_cbk 78]lxm cbid=1, cbk_reg=1, cpid=2463
11-28 17:45:22.599 D/NGBEvent( 2463): ngbEventCallBack type:0 source :40
11-28 17:45:22.599 D/NGBEvent( 2463): [NGBEventManager-JNI]-returning:1
11-28 17:45:22.599 D/NGBEvent( 2463): Input key event: keyCode=40
11-28 17:45:22.599 D/NGBEvent( 2463): src:40 = dest:40
11-28 17:45:22.599 I/System.out( 2463): [DEBUG EventManager] LWJ--Add event to java with evt=NgbEvent-[type = 1, subtype = 401, code = 40]
11-28 17:45:22.599 D/NGBEvent( 2463): [NGBEvent_log]--[EventManager--JNI]:		start
11-28 17:45:22.600 I/System.out( 2463): [DEBUG EventManager] broadcastEvent  :len 1
11-28 17:45:22.600 D/CombineKeyUtil( 2463): [TN_pool-1-thread-1]dealKeyEvent,combineIndex:-1:keyCode:20
11-28 17:45:22.600 D/KeyEventNgbDealer( 2463): [TN_pool-1-thread-1]handleKeyPressed keyEvent=NgbEvent-[type = 1, subtype = 401, code = 40],time=571445
11-28 17:45:22.600 D/RemoteIME( 2359): onKeyDown event = KeyEvent { action=ACTION_DOWN, keyCode=KEYCODE_DPAD_DOWN, scanCode=108, metaState=0, flags=0x8, repeatCount=0, eventTime=571443, downTime=571443, deviceId=4, source=0x701 },mSkbContainer=null
11-28 17:45:22.602 D/cr_AwTestContainerView( 3082): [AwTestContainerView.java:63] [mainFrame]: [2017-11-21 17:52:03] dispatchKeyEvent keyCode = 20 event = KeyEvent { action=ACTION_DOWN, keyCode=KEYCODE_DPAD_DOWN, scanCode=108, metaState=0, flags=0x8, repeatCount=0, eventTime=571443, downTime=571443, deviceId=4, source=0x701 }
11-28 17:45:22.602 D/ImeAdapterAndroid( 3082): [SendKeyEvent] [BUILD TIME: ] dispatchKeyEvent key_code=20 modifiers=0 unicode_char=0 scan_code=108 is_system=0 tm=571443
11-28 17:45:22.604 D/RenderWidgetInputHandler( 3082): [HandleInputEvent] input_event type=8 name=KeyDown
11-28 17:45:22.604 D/RenderWidgetInputHandler( 3082): [HandleInputEvent] key_event.nativeKeyCode:20,widget_->GetTextInputType():0
11-28 17:45:22.604 D/RenderWidgetInputHandler( 3082): [HandleInputEvent] input_event type=8 prevent_default:0
11-28 17:45:22.604 D/WebViewImpl( 3082): [handleKeyEvent] keycode:40, eventType:8 native keycode:20 frame=0x45e4bdb8. url='http://10.14.41.246/application/bxfc/sec/index.htm'.
11-28 17:45:22.604 D/[blink]KeyboardEventManager( 3082): [keyEvent] initialKeyEvent KeyDown nativeKeyCode=20 windowsKeyCode=40 text[0]=0
11-28 17:45:22.604 D/[blink]KeyboardEventManager( 3082): [keyEvent] initialKeyEvent focusedNode=0x0
11-28 17:45:22.604 D/V8ScriptRunner( 3082): [callFunction] start. frame = 0x45e4bdb8 function: eventHandler url: http://10.14.41.246/application/bxfc/sec/index.htm line: 179
11-28 17:45:22.604 D/base::KeyConverter( 3082): [get] convert 20 => -1.
11-28 17:45:22.604 D/iPanel  ( 3082): iPanel.debug("---141----popFlag=false")
11-28 17:45:22.605 D/iPanel  ( 3082): iPanel.debug("---142----ifrSrc=http://10.14.41.246/application/bxfc/sec/index.htm")
11-28 17:45:22.605 D/iPanel  ( 3082): iPanel.debug("-------主窗口按键响应=KEY_DOWN")
11-28 17:45:22.607 D/[cc]beginFrameSource( 3082): [AddObserver] ExternalBeginFrameSource::AddObserver
11-28 17:45:22.609 D/iPanel  ( 3082): iPanel.debug("----chanel[menuPos]--:289")
11-28 17:45:22.609 D/iPanel  ( 3082): iPanel.debug("----menuPos-:2")
11-28 17:45:22.609 D/iPanel  ( 3082): iPanel.debug("----menuPos--:number")
11-28 17:45:22.609 D/iPanel  ( 3082): iPanel.debug("----listDataPath--:http://10.14.41.245:13160/search/search_by_keyword?accesstoken=R5A1D2EE5U20887029K53724E0DIA6230E0AP8M2FAF083WDC013F7D151&keyword=2027&label=289&pageidx=1&pagenum=20&depth=2&sortby=4")
11-28 17:45:22.609 D/ChromeClientImpl( 3082): [addMessageToConsole] [LOG:CONSOLE(291)] "http://10.14.41.245:13160/search/search_by_keyword?accesstoken=R5A1D2EE5U20887029K53724E0DIA6230E0AP8M2FAF083WDC013F7D151&keyword=2027&label=289&pageidx=1&pagenum=20&depth=2&sortby=4", source:http://10.14.41.246/application/bxfc/sec/js/common.js (291)
11-28 17:45:22.610 D/V8ScriptRunner( 3082): [callFunction] start. frame = 0x45e4bdb8 function: xmlHttp.onreadystatechange url: http://10.14.41.246/application/bxfc/sec/js/common.js line: 276
11-28 17:45:22.610 D/V8ScriptRunner( 3082): [callFunction] end. frame = 0x45e4bdb8 function: xmlHttp.onreadystatechange url: http://10.14.41.246/application/bxfc/sec/js/common.js line: 276
11-28 17:45:22.610 D/[blink]ResourceFetcher( 3082): [requestResource] url=http://10.14.41.245:13160/search/search_by_keyword?accesstoken=R5A1D2EE5U20887029K53724E0DIA6230E0AP8M2FAF083WDC013F7D151&keyword=2027&label=289&pageidx=1&pagenum=20&depth=2&sortby=4.
11-28 17:45:22.610 D/url     ( 3082): [DoResolveRelative] [WEB] DoResolveRelative Error resolving.
11-28 17:45:22.610 D/[blink]DOMTimer( 3082): [DOMTimer] 0x25dc4120 setTimeout 500ms, repeat:0.
11-28 17:45:22.610 D/[blink]DOMTimer( 3082): [DOMTimer] 0x25dc4190 setTimeout 30000ms, repeat:0.
11-28 17:45:22.610 D/iPanel  ( 3082): iPanel.debug("-------keyDown=KEY_DOWN")
11-28 17:45:22.610 D/V8ScriptRunner( 3082): [callFunction] end. frame = 0x45e4bdb8 function: eventHandler url: http://10.14.41.246/application/bxfc/sec/index.htm line: 179
11-28 17:45:22.610 D/[blink]KeyboardEventManager( 3082): [keyEvent] dispatchResult = CanceledByEventHandler
11-28 17:45:22.611 D/ResourceLoader( 3082): [StartRequest] start request 0x8b1c1b00 url='http://10.14.41.245:13160/search/search_by_keyword?accesstoken=R5A1D2EE5U20887029K53724E0DIA6230E0AP8M2FAF083WDC013F7D151&keyword=2027&label=289&pageidx=1&pagenum=20&depth=2&sortby=4'
11-28 17:45:22.611 D/AwRequestInterceptor( 3082): [MaybeInterceptRequest] request=0x8b1c1b00
11-28 17:45:22.611 D/cr_AwContents( 3082): [AwContents.java:520] BackgroundThreadClientImpl shouldInterceptRequest url = http://10.14.41.245:13160/search/search_by_keyword?accesstoken=R5A1D2EE5U20887029K53724E0DIA6230E0AP8M2FAF083WDC013F7D151&keyword=2027&label=289&pageidx=1&pagenum=20&depth=2&sortby=4
11-28 17:45:22.611 D/cr_AwNullContentsClient( 3082): [AwNullContentsClient.java:59] shouldInterceptRequest url=http://10.14.41.245:13160/search/search_by_keyword?accesstoken=R5A1D2EE5U20887029K53724E0DIA6230E0AP8M2FAF083WDC013F7D151&keyword=2027&label=289&pageidx=1&pagenum=20&depth=2&sortby=4
11-28 17:45:22.611 D/BrowserWebViewClient( 3082): intercept request :http://10.14.41.245:13160/search/search_by_keyword?accesstoken=R5A1D2EE5U20887029K53724E0DIA6230E0AP8M2FAF083WDC013F7D151&keyword=2027&label=289&pageidx=1&pagenum=20&depth=2&sortby=4
11-28 17:45:22.611 D/AwRequestInterceptor( 3082): [MaybeInterceptRequest] request=0x8b1c1b00
11-28 17:45:22.622 D/[cc]ProxyMain( 3082): [BeginMainFrame] cc.BeginMainFrame this:0x9f73a768
11-28 17:45:22.622 D/[cc]LayerTreeHost( 3082): [AnimateLayers] AnimateLayers monotonic_time=571466643
11-28 17:45:22.622 D/[blink]FrameView( 3082): [updateStyleAndLayoutIfNeededRecursiveInternal] in... this:0x25cad918.
11-28 17:45:22.622 D/[blink]FrameView( 3082): [layout] start... this:0x25cad918, frame=0x45e4bdb8 content size(1280, 720). 
11-28 17:45:22.622 D/[blink]FrameView( 3082): [layout] performPreLayoutTasks start... this:0x25cad918
11-28 17:45:22.622 D/[blink]FrameView( 3082): [layout] performPreLayoutTasks end... this:0x25cad918
11-28 17:45:22.622 D/[blink]FrameView( 3082): [layout] performLayout start... this:0x25cad918
11-28 17:45:22.623 D/[blink]FrameView( 3082): [layout] performLayout end... this:0x25cad918
11-28 17:45:22.623 D/[blink]FrameView( 3082): [layout] call compositor()->didLayout()!
11-28 17:45:22.623 D/[blink]FrameView( 3082): [layout] updateDocumentAnnotatedRegions start... this:0x25cad918
11-28 17:45:22.623 D/[blink]FrameView( 3082): [layout] scheduleOrPerformPostLayoutTasks start... this:0x25cad918
11-28 17:45:22.623 D/[blink]FrameView( 3082): [layout] end... this:0x25cad918
11-28 17:45:22.623 D/[blink]FrameView( 3082): [layout] out... this:0x25cad918
11-28 17:45:22.623 D/[blink]FrameView( 3082): [updateStyleAndLayoutIfNeededRecursiveInternal] in... this:0x25cae190.
11-28 17:45:22.623 D/[blink]FrameView( 3082): [updateStyleAndLayoutIfNeededRecursiveInternal] end... this:0x25cae190.
11-28 17:45:22.623 D/[blink]FrameView( 3082): [updateStyleAndLayoutIfNeededRecursiveInternal] end... this:0x25cad918.
11-28 17:45:22.623 D/[blink]FrameView( 3082): [updateLifecyclePhasesInternal] in... this:0x25cad918, targetState=18
11-28 17:45:22.623 D/[blink]FrameView( 3082): [updateLifecyclePhasesInternal] call compositor()->updateIfNeededRecursive()!
11-28 17:45:22.625 D/[blink] ImagePainter( 3082): [paintReplaced] ImagePainter::paintReplaced in w=21056, h=3712.
11-28 17:45:22.625 D/[blink] ImagePainter( 3082): [paintReplaced] ImagePainter::paintReplaced in w=14272, h=1792.
11-28 17:45:22.625 D/[blink] ImagePainter( 3082): [paintReplaced] ImagePainter::paintReplaced in w=1408, h=768.
11-28 17:45:22.625 D/[blink]FrameView( 3082): [updateLifecyclePhasesInternal] end... this:0x25cad918
11-28 17:45:22.658 D/ResourceLoader( 3082): [ResponseCompleted] finish request 0x8b1c1b00 url='http://10.14.41.245:13160/search/search_by_keyword?accesstoken=R5A1D2EE5U20887029K53724E0DIA6230E0AP8M2FAF083WDC013F7D151&keyword=2027&label=289&pageidx=1&pagenum=20&depth=2&sortby=4'
11-28 17:45:22.659 D/V8ScriptRunner( 3082): [callFunction] start. frame = 0x45e4bdb8 function: xmlHttp.onreadystatechange url: http://10.14.41.246/application/bxfc/sec/js/common.js line: 276
11-28 17:45:22.659 D/V8ScriptRunner( 3082): [callFunction] end. frame = 0x45e4bdb8 function: xmlHttp.onreadystatechange url: http://10.14.41.246/application/bxfc/sec/js/common.js line: 276
11-28 17:45:22.659 D/V8ScriptRunner( 3082): [callFunction] start. frame = 0x45e4bdb8 function: xmlHttp.onreadystatechange url: http://10.14.41.246/application/bxfc/sec/js/common.js line: 276
11-28 17:45:22.659 D/V8ScriptRunner( 3082): [callFunction] end. frame = 0x45e4bdb8 function: xmlHttp.onreadystatechange url: http://10.14.41.246/application/bxfc/sec/js/common.js line: 276
11-28 17:45:22.659 D/[blink]ResourceFetcher( 3082): [didFinishLoading] encoded length=299 url=http://10.14.41.245:13160/search/search_by_keyword?accesstoken=R5A1D2EE5U20887029K53724E0DIA6230E0AP8M2FAF083WDC013F7D151&keyword=2027&label=289&pageidx=1&pagenum=20&depth=2&sortby=4.
11-28 17:45:22.659 D/V8ScriptRunner( 3082): [callFunction] start. frame = 0x45e4bdb8 function: xmlHttp.onreadystatechange url: http://10.14.41.246/application/bxfc/sec/js/common.js line: 276
11-28 17:45:22.660 D/V8ScriptRunner( 3082): [callFunction] end. frame = 0x45e4bdb8 function: xmlHttp.onreadystatechange url: http://10.14.41.246/application/bxfc/sec/js/common.js line: 276
11-28 17:45:22.773 I/Advanced( 3082): [QUEUE] share_queue_sendEx size:1 4097 2545 0x8fde4a48,postLoopId:0,dstid:1.
11-28 17:45:22.807 D/ir_user ( 1585): PlayerTimeLineTrace:linux_keycode:0x6c(UP),	protocol: .
11-28 17:45:22.807 V/PT      ( 1581): >>INFO:irkey_task:[     571.652852] /dev/input/event0: type=0001 code=006c val=00000000
11-28 17:45:22.807 V/PT      ( 1581): >>INFO:irkey_send:0x3001 0x0028 up  
11-28 17:45:22.807 V/SUMA    ( 1581): ++++++++++++++  _roc_evtmgr_key_cbk 517:input = 12289, event=40, act=0x400
11-28 17:45:22.807 V/SUMA    ( 1581): lxm:_roc_evtmgr_key_cbk 519 571652
11-28 17:45:22.807 V/SUMA    ( 1581): lxm:_roc_evtmgr_add_key_into_queue 311 571653
11-28 17:45:22.807 V/PT      ( 1581): >>INFO:irkey_task:[     571.652852] /dev/input/event0: type=0000 code=0000 val=00000000
11-28 17:45:22.807 V/SUMA    ( 1581): ===================>> type=0 src=0 evt=40 act=0x400
11-28 17:45:22.807 V/SUMA    ( 1581): [sysset-s][event_manager_cbk 78]lxm cbid=1, cbk_reg=1, cpid=2463
11-28 17:45:22.808 D/NGBEvent( 2463): ngbEventCallBack type:0 source :40
11-28 17:45:22.808 D/NGBEvent( 2463): [NGBEventManager-JNI]-returning:1
11-28 17:45:22.808 D/NGBEvent( 2463): Input key event: keyCode=40
11-28 17:45:22.808 D/NGBEvent( 2463): src:40 = dest:40
11-28 17:45:22.808 I/System.out( 2463): [DEBUG EventManager] LWJ--Add event to java with evt=NgbEvent-[type = 1, subtype = 402, code = 40]
11-28 17:45:22.808 D/NGBEvent( 2463): [NGBEvent_log]--[EventManager--JNI]:		start
11-28 17:45:22.808 I/System.out( 2463): [DEBUG EventManager] broadcastEvent  :len 1
11-28 17:45:22.808 D/KeyEventNgbDealer( 2463): [TN_pool-1-thread-1]handleKeyReleased keyEvent=NgbEvent-[type = 1, subtype = 402, code = 40],time=571653
11-28 17:45:22.808 D/RemoteIME( 2359): RemoteIME--> onKeyUp keyCode = 20
11-28 17:45:22.809 D/cr_AwTestContainerView( 3082): [AwTestContainerView.java:63] [mainFrame]: [2017-11-21 17:52:03] dispatchKeyEvent keyCode = 20 event = KeyEvent { action=ACTION_UP, keyCode=KEYCODE_DPAD_DOWN, scanCode=108, metaState=0, flags=0x8, repeatCount=0, eventTime=571652, downTime=571443, deviceId=4, source=0x701 }
11-28 17:45:22.809 D/ImeAdapterAndroid( 3082): [SendKeyEvent] [BUILD TIME: ] dispatchKeyEvent key_code=20 modifiers=0 unicode_char=0 scan_code=108 is_system=0 tm=571652
11-28 17:45:22.809 D/RenderWidgetInputHandler( 3082): [HandleInputEvent] input_event type=9 name=KeyUp
11-28 17:45:22.809 D/RenderWidgetInputHandler( 3082): [HandleInputEvent] key_event.nativeKeyCode:20,widget_->GetTextInputType():0
11-28 17:45:22.809 D/RenderWidgetInputHandler( 3082): [HandleInputEvent] input_event type=9 prevent_default:0
11-28 17:45:22.809 D/WebViewImpl( 3082): [handleKeyEvent] keycode:40, eventType:9 native keycode:20 frame=0x45e4bdb8. url='http://10.14.41.246/application/bxfc/sec/index.htm'.
11-28 17:45:22.809 D/[blink]KeyboardEventManager( 3082): [keyEvent] initialKeyEvent KeyUp nativeKeyCode=20 windowsKeyCode=40 text[0]=0
11-28 17:45:22.809 D/[blink]KeyboardEventManager( 3082): [keyEvent] initialKeyEvent focusedNode=0x0
11-28 17:45:22.824 I/AdvancedPorting-PORT_MODULE_NET( 3082): network_task while... 
11-28 17:45:22.824 I/AdvancedPorting-PORT_MODULE_NET( 3082): 0 interface name: lo
11-28 17:45:22.824 I/AdvancedPorting-PORT_MODULE_NET( 3082): 1 interface name: eth0
11-28 17:45:22.824 I/AdvancedPorting-PORT_MODULE_NET( 3082): 2 interface name: wlan0
11-28 17:45:22.824 I/AdvancedPorting-PORT_MODULE_NET( 3082): First interface name: lo
11-28 17:45:22.824 I/AdvancedPorting-PORT_MODULE_NET( 3082): network_task while...  net_i:1
11-28 17:45:22.824 I/AdvancedPorting-PORT_MODULE_NET( 3082): network_task while---name_interface[0]=lo
11-28 17:45:22.824 I/AdvancedPorting-PORT_MODULE_NET( 3082): network_task while---name_interface[1]=eth0
11-28 17:45:22.824 I/AdvancedPorting-PORT_MODULE_NET( 3082): network_task while---interface_name=eth0
11-28 17:45:22.824 I/AdvancedPorting-PORT_MODULE_NET( 3082): network_get_netlink_status(in)--if_name=eth0
11-28 17:45:22.824 I/AdvancedPorting-PORT_MODULE_NET( 3082): net.network.isconnected = no
11-28 17:45:22.824 I/AdvancedPorting-PORT_MODULE_NET( 3082): eth0 --network_get_netlink_status return retval=1
11-28 17:45:22.824 I/AdvancedPorting-PORT_MODULE_NET( 3082): stat = 1 last_status = 1
11-28 17:45:22.956 D/BackBootDealerNeimeng( 2383): standbyState:
11-28 17:45:22.957 E/NetUtils( 2031): Interface eth0 LinkUp!
11-28 17:45:22.973 I/Advanced( 3082): [QUEUE] share_queue_sendEx size:1 4097 2546 0x8fde4a48,postLoopId:0,dstid:1.
11-28 17:45:23.173 I/Advanced( 3082): [QUEUE] share_queue_sendEx size:1 4097 2547 0x8fde4a48,postLoopId:0,dstid:1.
11-28 17:45:23.374 I/Advanced( 3082): [QUEUE] share_queue_sendEx size:1 4097 2548 0x8fde4a48,postLoopId:0,dstid:1.
11-28 17:45:23.441 V/SUMA    ( 1581): >> [CA]rocme_porting_ca_get_service_entitles_suma: DVTCASTB_GetServiceEntitles tvs_id = 400 entitle_count = 15  
11-28 17:45:23.441 V/SUMA    ( 1581): >> [CA]rocme_porting_ca_get_service_entitles_suma: testcatime end time = 572286  
11-28 17:45:23.441 V/SUMA    ( 2383): [cas-c][CA_Manager_GetServiceEntitleInfo 1145]leave !!!
11-28 17:45:23.441 D/CAManagerNative( 2383): the serviceEntitleInfo the name is 93
11-28 17:45:23.442 D/CAManagerNative( 2383): the serviceEntitleInfo the name is 600
11-28 17:45:23.442 D/CAManagerNative( 2383): the serviceEntitleInfo the name is 200
11-28 17:45:23.442 D/CAManagerNative( 2383): the serviceEntitleInfo the name is 200
11-28 17:45:23.443 D/CAManagerNative( 2383): the serviceEntitleInfo the name is 202
11-28 17:45:23.443 D/CAManagerNative( 2383): the serviceEntitleInfo the name is 301
11-28 17:45:23.443 D/CAManagerNative( 2383): the serviceEntitleInfo the name is 115
11-28 17:45:23.444 D/CAManagerNative( 2383): the serviceEntitleInfo the name is 86
11-28 17:45:23.444 D/CAManagerNative( 2383): the serviceEntitleInfo the name is 83
11-28 17:45:23.444 D/CAManagerNative( 2383): the serviceEntitleInfo the name is 82
11-28 17:45:23.444 D/CAManagerNative( 2383): the serviceEntitleInfo the name is 81
11-28 17:45:23.444 D/CAManagerNative( 2383): the serviceEntitleInfo the name is 80
11-28 17:45:23.445 D/CAManagerNative( 2383): the serviceEntitleInfo the name is 200
11-28 17:45:23.445 D/CAManagerNative( 2383): the serviceEntitleInfo the name is 202
11-28 17:45:23.445 D/CAManagerNative( 2383): the serviceEntitleInfo the name is 200
11-28 17:45:23.445 D/CAManagerNative( 2383): get the serivce entitlement is finish
11-28 17:45:23.448 D/AppRuleBaseDealer( 2383): isAuthoValid valid info:[CAAuthorizationInfo@8be92898]programID[600]programName[600]coderFlag[false]
11-28 17:45:23.457 D/BackBootDealerNeimeng( 2383): standbyState:
11-28 17:45:23.458 E/NetUtils( 2031): Interface eth0 LinkUp!
11-28 17:45:23.574 I/Advanced( 3082): [QUEUE] share_queue_sendEx size:1 4097 2549 0x8fde4a48,postLoopId:0,dstid:1.
