11-28 16:35:51.825 D/[blink]FrameView( 3039): [updateStyleAndLayoutIfNeededRecursiveInternal] in... this:0x50cf2708.
11-28 16:35:51.825 D/[blink]FrameView( 3039): [updateStyleAndLayoutIfNeededRecursiveInternal] end... this:0x50cf2708.
11-28 16:35:51.825 D/[blink]FrameView( 3039): [updateStyleAndLayoutIfNeededRecursiveInternal] end... this:0x50cf1e90.
11-28 16:35:51.825 D/[blink]FrameView( 3039): [updateLifecyclePhasesInternal] in... this:0x50cf1e90, targetState=18
11-28 16:35:51.825 D/[blink]FrameView( 3039): [updateLifecyclePhasesInternal] call compositor()->updateIfNeededRecursive()!
11-28 16:35:51.826 D/[blink] ImagePainter( 3039): [paintReplaced] ImagePainter::paintReplaced in w=21056, h=3712.
11-28 16:35:51.826 D/[blink] ImagePainter( 3039): [paintReplaced] ImagePainter::paintReplaced in w=14272, h=1792.
11-28 16:35:51.826 D/[blink] ImagePainter( 3039): [paintReplaced] ImagePainter::paintReplaced in w=17472, h=9792.
11-28 16:35:51.826 D/[blink] ImagePainter( 3039): [paintReplaced] ImagePainter::paintReplaced in w=3648, h=3904.
11-28 16:35:51.826 D/[blink] ImagePainter( 3039): [paintReplaced] ImagePainter::paintReplaced in w=17472, h=9792.
11-28 16:35:51.826 D/[blink] ImagePainter( 3039): [paintReplaced] ImagePainter::paintReplaced in w=3648, h=3904.
11-28 16:35:51.826 D/[blink] ImagePainter( 3039): [paintReplaced] ImagePainter::paintReplaced in w=17472, h=9792.
11-28 16:35:51.826 D/[blink] ImagePainter( 3039): [paintReplaced] ImagePainter::paintReplaced in w=17472, h=9792.
11-28 16:35:51.826 D/[blink] ImagePainter( 3039): [paintReplaced] ImagePainter::paintReplaced in w=14144, h=7936.
11-28 16:35:51.826 D/[blink] ImagePainter( 3039): [paintReplaced] ImagePainter::paintReplaced in w=14144, h=7936.
11-28 16:35:51.826 D/[blink] ImagePainter( 3039): [paintReplaced] ImagePainter::paintReplaced in w=1408, h=768.
11-28 16:35:51.826 D/[blink] BoxPainter( 3039): [paintBoxDecorationBackgroundWithRect] BoxPainter::paintBoxDecorationBackgroundWithRect isImage=0, isLayoutImage=0
11-28 16:35:51.826 D/[blink] BoxPainter( 3039): [paintBoxDecorationBackgroundWithRect] BoxPainter::paintBoxDecorationBackgroundWithRect isImage=0, isLayoutImage=0
11-28 16:35:51.827 D/[blink]FrameView( 3039): [updateLifecyclePhasesInternal] end... this:0x50cf1e90
11-28 16:35:51.882 D/BackBootDealerNeimeng( 2401): standbyState:
11-28 16:35:51.882 E/NetUtils( 2029): Interface eth0 LinkUp!
11-28 16:35:51.908 D/IPLoaderNeimeng( 2401): after wait time16:35:51:monitorInterval:5000
11-28 16:35:51.908 D/IPLoaderNeimeng( 2401): before dealUpdateCheck time:16:35:51:isMsgBroadcast:false:monitorInterval:5000:processState:1
11-28 16:35:51.908 D/IPLoaderNeimeng( 2401): dealUpdateCheck isFirstSuccessUpdate:false:monitorInterval:5000
11-28 16:35:51.909 D/LoadHttpHandler( 2401): [TN_ThreadUtil-6]doNormal proxyConfig=null
11-28 16:35:51.921 I/Advanced( 3039): [QUEUE] share_queue_sendEx size:1 4097 555 0x8f027a48,postLoopId:0,dstid:1.
11-28 16:35:51.959 D/LoadHttpHandler( 2401): [TN_ThreadUtil-6]doNormal responseCode=404
11-28 16:35:51.959 D/LoadHttpTask( 2401): dealUpdateCheck responseCode:404:data:null:downloadResult:false
11-28 16:35:51.959 D/IPLoaderNeimeng( 2401): after dealUpdateCheck time:16:35:51:isMsgBroadcast:false:monitorInterval:5000:processState:1
11-28 16:35:51.960 D/IPLoaderNeimeng( 2401): before wait time16:35:51:monitorInterval:5000
11-28 16:35:52.013 D/ir_user ( 1585): PlayerTimeLineTrace:linux_keycode:0x6a(UP),	protocol: .
11-28 16:35:52.013 V/PT      ( 1581): >>INFO:irkey_task:[     156.289213] /dev/input/event0: type=0001 code=006a val=00000000
11-28 16:35:52.013 V/PT      ( 1581): >>INFO:irkey_send:0x3001 0x0027 up  
11-28 16:35:52.013 V/SUMA    ( 1581): ++++++++++++++  _roc_evtmgr_key_cbk 517:input = 12289, event=39, act=0x400
11-28 16:35:52.013 V/SUMA    ( 1581): lxm:_roc_evtmgr_key_cbk 519 156289
11-28 16:35:52.013 V/SUMA    ( 1581): lxm:_roc_evtmgr_add_key_into_queue 311 156289
11-28 16:35:52.013 V/PT      ( 1581): >>INFO:irkey_task:[     156.289213] /dev/input/event0: type=0000 code=0000 val=00000000
11-28 16:35:52.013 V/SUMA    ( 1581): ===================>> type=0 src=0 evt=39 act=0x400
11-28 16:35:52.013 V/SUMA    ( 1581): [sysset-s][event_manager_cbk 78]lxm cbid=1, cbk_reg=1, cpid=2464
11-28 16:35:52.014 D/NGBEvent( 2464): ngbEventCallBack type:0 source :39
11-28 16:35:52.014 D/NGBEvent( 2464): [NGBEventManager-JNI]-returning:1
11-28 16:35:52.014 D/NGBEvent( 2464): Input key event: keyCode=39
11-28 16:35:52.014 D/NGBEvent( 2464): src:39 = dest:39
11-28 16:35:52.014 I/System.out( 2464): [DEBUG EventManager] LWJ--Add event to java with evt=NgbEvent-[type = 1, subtype = 402, code = 39]
11-28 16:35:52.014 D/NGBEvent( 2464): [NGBEvent_log]--[EventManager--JNI]:		start
11-28 16:35:52.014 I/System.out( 2464): [DEBUG EventManager] broadcastEvent  :len 1
11-28 16:35:52.014 D/KeyEventNgbDealer( 2464): [TN_pool-1-thread-1]handleKeyReleased keyEvent=NgbEvent-[type = 1, subtype = 402, code = 39],time=156289
11-28 16:35:52.014 D/RemoteIME( 2350): RemoteIME--> onKeyUp keyCode = 22
11-28 16:35:52.015 D/cr_AwTestContainerView( 3039): [AwTestContainerView.java:63] [mainFrame]: [2017-11-21 17:52:03] dispatchKeyEvent keyCode = 22 event = KeyEvent { action=ACTION_UP, keyCode=KEYCODE_DPAD_RIGHT, scanCode=106, metaState=0, flags=0x8, repeatCount=0, eventTime=156289, downTime=156079, deviceId=4, source=0x701 }
11-28 16:35:52.015 D/ImeAdapterAndroid( 3039): [SendKeyEvent] [BUILD TIME: ] dispatchKeyEvent key_code=22 modifiers=0 unicode_char=0 scan_code=106 is_system=0 tm=156289
11-28 16:35:52.015 D/RenderWidgetInputHandler( 3039): [HandleInputEvent] input_event type=9 name=KeyUp
11-28 16:35:52.015 D/RenderWidgetInputHandler( 3039): [HandleInputEvent] key_event.nativeKeyCode:22,widget_->GetTextInputType():0
11-28 16:35:52.015 D/RenderWidgetInputHandler( 3039): [HandleInputEvent] input_event type=9 prevent_default:0
11-28 16:35:52.015 D/WebViewImpl( 3039): [handleKeyEvent] keycode:39, eventType:9 native keycode:22 frame=0x440abdb8. url='http://10.14.41.246/application/bxfc/sec/index.htm'.
11-28 16:35:52.015 D/[blink]KeyboardEventManager( 3039): [keyEvent] initialKeyEvent KeyUp nativeKeyCode=22 windowsKeyCode=39 text[0]=0
11-28 16:35:52.015 D/[blink]KeyboardEventManager( 3039): [keyEvent] initialKeyEvent focusedNode=0x0
11-28 16:35:52.122 I/Advanced( 3039): [QUEUE] share_queue_sendEx size:1 4097 556 0x8f027a48,postLoopId:0,dstid:1.
11-28 16:35:52.322 I/Advanced( 3039): [QUEUE] share_queue_sendEx size:1 4097 557 0x8f027a48,postLoopId:0,dstid:1.
11-28 16:35:52.382 D/BackBootDealerNeimeng( 2401): standbyState:
11-28 16:35:52.383 E/NetUtils( 2029): Interface eth0 LinkUp!
11-28 16:35:52.505 E/WifiStateMachine( 2029): WifiStateMachine CMD_START_SCAN source -2 txSuccessRate=0.02 rxSuccessRate=3.32 targetRoamBSSID=86:79:73:a5:71:44 RSSI=-41
11-28 16:35:52.690 I/System.out( 2401): [DEBUG SectionFilterGroup] be reaady to detach filtergroup:true
11-28 16:35:52.690 V/SUMA    ( 1581): [resman-s][onTransact 216]code[0x12000201] client pid = 2401
11-28 16:35:52.691 V/SUMA    ( 1581): [resman-s][onTransact 665]TRANS_CODE_RESMAN_FILETER_RELEASE enter
11-28 16:35:52.691 V/SUMA    ( 1581): >> Roc_ResMan_Filter_Release handler = 0x12028a30 
11-28 16:35:52.691 V/SUMA    ( 1581): [resman-s][onTransact 674]filter release m_client[0].cpid = 2401
11-28 16:35:52.691 V/SUMA    ( 1581): [resman-s][onTransact 678]filter handler release filter_handler[0]
11-28 16:35:52.691 V/SUMA    ( 1581): [resman-s][onTransact 688]TRANS_CODE_RESMAN_FILETER_RELEASE leave
11-28 16:35:52.691 V/SUMA    ( 1581): [resman-s][onTransact 1574]leave transact client pid = 2401
11-28 16:35:52.691 V/SUMA    ( 2401): [resman-c][dvbc_resman_flt_release 183]dvbc(2401)## s_resman_client_flt_hcbk release cbk idx=0 !!!
11-28 16:35:52.691 V/SUMA    ( 2401): [resman-c][Roc_ResMan_Filter_Release 1403]leave !!!
11-28 16:35:52.692 W/EsgNeiMengDealer( 2401): [TN_ThreadUtil-2]handleNormTable table content null
11-28 16:35:52.692 D/EsgNeiMengDealer( 2401): [TN_ThreadUtil-2]dealUpdateInfo updateInfo=null
11-28 16:35:52.692 D/EsgRunner( 2401): [TN_ThreadUtil-2]notifyUpdateEnd ads=null
11-28 16:35:52.706 W/ContextImpl( 2401): Calling a method in the system process without a qualified user: android.app.ContextImpl.sendBroadcast:1345 android.content.ContextWrapper.sendBroadcast:377 com.suma.midware.back.esg.e.f:-1 com.suma.midware.back.esg.f.run:-1 com.suma.midware.prop.util.c.run:-1 
11-28 16:35:52.729 I/AdvancedPorting-PORT_MODULE_NET( 3039): network_task while... 
11-28 16:35:52.729 I/AdvancedPorting-PORT_MODULE_NET( 3039): 0 interface name: lo
11-28 16:35:52.729 I/AdvancedPorting-PORT_MODULE_NET( 3039): 1 interface name: eth0
11-28 16:35:52.729 I/AdvancedPorting-PORT_MODULE_NET( 3039): 2 interface name: wlan0
11-28 16:35:52.729 I/AdvancedPorting-PORT_MODULE_NET( 3039): First interface name: lo
11-28 16:35:52.729 I/AdvancedPorting-PORT_MODULE_NET( 3039): network_task while...  net_i:1
11-28 16:35:52.729 I/AdvancedPorting-PORT_MODULE_NET( 3039): network_task while---name_interface[0]=lo
11-28 16:35:52.729 I/AdvancedPorting-PORT_MODULE_NET( 3039): network_task while---name_interface[1]=eth0
11-28 16:35:52.729 I/AdvancedPorting-PORT_MODULE_NET( 3039): network_task while---interface_name=eth0
11-28 16:35:52.729 I/AdvancedPorting-PORT_MODULE_NET( 3039): network_get_netlink_status(in)--if_name=eth0
11-28 16:35:52.730 I/AdvancedPorting-PORT_MODULE_NET( 3039): net.network.isconnected = no
11-28 16:35:52.730 I/AdvancedPorting-PORT_MODULE_NET( 3039): eth0 --network_get_netlink_status return retval=1
11-28 16:35:52.730 I/AdvancedPorting-PORT_MODULE_NET( 3039): stat = 1 last_status = 1
11-28 16:35:52.732 I/Advanced( 3039): [QUEUE] share_queue_sendEx size:1 4097 559 0x8f027a48,postLoopId:0,dstid:1.
11-28 16:35:52.884 D/BackBootDealerNeimeng( 2401): standbyState:
11-28 16:35:52.885 E/NetUtils( 2029): Interface eth0 LinkUp!
11-28 16:35:52.932 I/Advanced( 3039): [QUEUE] share_queue_sendEx size:1 4097 560 0x8f027a48,postLoopId:0,dstid:1.
11-28 16:35:53.342 I/Advanced( 3039): [QUEUE] share_queue_sendEx size:1 4097 562 0x8f027a48,postLoopId:0,dstid:1.
11-28 16:35:53.385 D/BackBootDealerNeimeng( 2401): standbyState:
11-28 16:35:53.386 E/NetUtils( 2029): Interface eth0 LinkUp!
11-28 16:35:53.542 I/Advanced( 3039): [QUEUE] share_queue_sendEx size:1 4097 563 0x8f027a48,postLoopId:0,dstid:1.
11-28 16:35:53.709 W/ContextImpl( 2401): Calling a method in the system process without a qualified user: android.app.ContextImpl.sendBroadcast:1345 android.content.ContextWrapper.sendBroadcast:377 com.suma.midware.back.esg.e.f:-1 com.suma.midware.back.esg.f.run:-1 com.suma.midware.prop.util.c.run:-1 
11-28 16:35:53.730 I/AdvancedPorting-PORT_MODULE_NET( 3039): network_task while... 
11-28 16:35:53.730 I/AdvancedPorting-PORT_MODULE_NET( 3039): 0 interface name: lo
11-28 16:35:53.730 I/AdvancedPorting-PORT_MODULE_NET( 3039): 1 interface name: eth0
11-28 16:35:53.730 I/AdvancedPorting-PORT_MODULE_NET( 3039): 2 interface name: wlan0
11-28 16:35:53.730 I/AdvancedPorting-PORT_MODULE_NET( 3039): First interface name: lo
11-28 16:35:53.730 I/AdvancedPorting-PORT_MODULE_NET( 3039): network_task while...  net_i:1
11-28 16:35:53.730 I/AdvancedPorting-PORT_MODULE_NET( 3039): network_task while---name_interface[0]=lo
11-28 16:35:53.730 I/AdvancedPorting-PORT_MODULE_NET( 3039): network_task while---name_interface[1]=eth0
11-28 16:35:53.730 I/AdvancedPorting-PORT_MODULE_NET( 3039): network_task while---interface_name=eth0
11-28 16:35:53.730 I/AdvancedPorting-PORT_MODULE_NET( 3039): network_get_netlink_status(in)--if_name=eth0
11-28 16:35:53.730 I/AdvancedPorting-PORT_MODULE_NET( 3039): net.network.isconnected = no
11-28 16:35:53.730 I/AdvancedPorting-PORT_MODULE_NET( 3039): eth0 --network_get_netlink_status return retval=1
11-28 16:35:53.730 I/AdvancedPorting-PORT_MODULE_NET( 3039): stat = 1 last_status = 1
11-28 16:35:53.743 I/Advanced( 3039): [QUEUE] share_queue_sendEx size:1 4097 564 0x8f027a48,postLoopId:0,dstid:1.
11-28 16:35:53.886 D/BackBootDealerNeimeng( 2401): standbyState:
11-28 16:35:53.887 E/NetUtils( 2029): Interface eth0 LinkUp!
11-28 16:35:53.943 I/Advanced( 3039): [QUEUE] share_queue_sendEx size:1 4097 565 0x8f027a48,postLoopId:0,dstid:1.
11-28 16:35:53.975 E/NetUtils( 2029): Interface eth0 LinkUp!
11-28 16:35:54.243 I/EthernetNetworkFactory( 2029): updateInterfaceState :the mIface is:eth0iface is wlan0 true
11-28 16:35:54.275 E/WifiAutoJoinController ( 2029): GDWL 86:79:73:a5:71:44 rssi=-41 cap [WPA-PSK-CCMP+TKIP][WPA2-PSK-CCMP+TKIP][ESS] is not scored
11-28 16:35:54.275 E/WifiAutoJoinController ( 2029): GDWL 86:79:73:a5:79:a2 rssi=-46 cap [WPA-PSK-CCMP+TKIP][WPA2-PSK-CCMP+TKIP][ESS] is not scored
11-28 16:35:54.276 E/WifiAutoJoinController ( 2029): Xiaomi_D52C 78:11:dc:10:d5:2d rssi=-50 cap [WPA-PSK-CCMP+TKIP][WPA2-PSK-CCMP+TKIP][WPS][ESS] is not scored
11-28 16:35:54.276 E/WifiAutoJoinController ( 2029): GDWL 86:79:73:a5:80:8a rssi=-60 cap [WPA-PSK-CCMP+TKIP][WPA2-PSK-CCMP+TKIP][ESS] is not scored
11-28 16:35:54.277 E/WifiAutoJoinController ( 2029): TP-LINK_11AF56 9c:21:6a:11:af:56 rssi=-58 cap [WPA-PSK-CCMP][WPA2-PSK-CCMP][WPS][ESS] is not scored
11-28 16:35:54.277 E/WifiAutoJoinController ( 2029): GDWL 86:79:73:a5:7d:04 rssi=-52 cap [WPA-PSK-CCMP+TKIP][WPA2-PSK-CCMP+TKIP][ESS] is not scored
11-28 16:35:54.278 E/WifiAutoJoinController ( 2029): GDWL 86:79:73:a5:7c:20 rssi=-66 cap [WPA-PSK-CCMP+TKIP][WPA2-PSK-CCMP+TKIP][ESS] is not scored
11-28 16:35:54.278 E/WifiAutoJoinController ( 2029): TP-LINK_BAF2C2 0c:72:2c:ba:f2:c2 rssi=-62 cap [WPA-PSK-CCMP][WPA2-PSK-CCMP][WPS][ESS] is not scored
11-28 16:35:54.278 E/WifiAutoJoinController ( 2029): GDWL 86:79:73:a5:7d:9a rssi=-58 cap [WPA-PSK-CCMP+TKIP][WPA2-PSK-CCMP+TKIP][ESS] is not scored
11-28 16:35:54.279 E/WifiAutoJoinController ( 2029): GDWL 86:79:73:a5:81:9c rssi=-72 cap [WPA-PSK-CCMP+TKIP][WPA2-PSK-CCMP+TKIP][ESS] is not scored
11-28 16:35:54.279 E/WifiAutoJoinController ( 2029): WLGS 1c:fa:68:05:a3:5a rssi=-66 cap [WPA-PSK-CCMP][WPA2-PSK-CCMP][WPS][ESS] is not scored
11-28 16:35:54.280 E/WifiAutoJoinController ( 2029): Office_Net e4:f3:f5:a4:00:c0 rssi=-67 cap [WPA-PSK-CCMP][WPA2-PSK-CCMP][ESS] is not scored
11-28 16:35:54.280 E/WifiAutoJoinController ( 2029): GDWL 86:79:73:a5:7f:10 rssi=-70 cap [WPA-PSK-CCMP+TKIP][WPA2-PSK-CCMP+TKIP][ESS] is not scored
11-28 16:35:54.281 E/WifiAutoJoinController ( 2029): 17WiFi_LAFA_2G 78:a3:51:32:07:f0 rssi=-72 cap [WPA-PSK-CCMP][WPA2-PSK-CCMP][ESS] is not scored
11-28 16:35:54.281 E/WifiAutoJoinController ( 2029): CMCC 06:11:b5:17:bd:d5 rssi=-68 cap [WPA-EAP-CCMP+TKIP][WPA2-EAP-CCMP+TKIP][ESS] is not scored
11-28 16:35:54.282 E/WifiAutoJoinController ( 2029): GDWL 86:79:73:a5:7c:b4 rssi=-68 cap [WPA-PSK-CCMP+TKIP][WPA2-PSK-CCMP+TKIP][ESS] is not scored
11-28 16:35:54.282 E/WifiAutoJoinController ( 2029): HUAWEI-VYGUV5 00:5a:13:61:fa:ac rssi=-72 cap [WPA-PSK-CCMP][WPA2-PSK-CCMP][WPS][ESS] is not scored
11-28 16:35:54.283 E/WifiAutoJoinController ( 2029):  84:79:73:a5:71:44 rssi=-42 cap [ESS] is not scored
11-28 16:35:54.283 E/WifiAutoJoinController ( 2029):  84:79:73:a5:7d:04 rssi=-52 cap [ESS] is not scored
11-28 16:35:54.284 E/WifiAutoJoinController ( 2029):  84:79:73:a5:7d:9a rssi=-66 cap [ESS] is not scored
11-28 16:35:54.284 E/WifiAutoJoinController ( 2029):  84:79:73:a5:7c:20 rssi=-64 cap [ESS] is not scored
11-28 16:35:54.285 E/WifiAutoJoinController ( 2029):  84:79:73:a5:7c:38 rssi=-74 cap [ESS] is not scored
11-28 16:35:54.285 E/WifiAutoJoinController ( 2029):  84:79:73:a5:7c:b4 rssi=-68 cap [ESS] is not scored
11-28 16:35:54.286 E/WifiAutoJoinController ( 2029): CMCC-WEB 00:11:b5:17:bd:d5 rssi=-70 cap [ESS] is not scored
11-28 16:35:54.286 E/WifiAutoJoinController ( 2029):  84:79:73:a5:7e:dc rssi=-76 cap [ESS] is not scored
11-28 16:35:54.287 E/WifiAutoJoinController ( 2029):  84:79:73:a5:81:9c rssi=-68 cap [ESS] is not scored
11-28 16:35:54.287 E/WifiAutoJoinController ( 2029): and-Business 0e:11:b5:17:bd:d5 rssi=-78 cap [ESS] is not scored
11-28 16:35:54.288 E/WifiAutoJoinController ( 2029):  84:79:73:a5:80:8a rssi=-64 cap [ESS] is not scored
11-28 16:35:54.288 E/WifiAutoJoinController ( 2029): CMCC-family 0a:11:b5:17:bd:d5 rssi=-70 cap [ESS] is not scored
11-28 16:35:54.289 E/WifiAutoJoinController ( 2029): GDWL 86:79:73:a5:7c:38 rssi=-74 cap [WPA-PSK-CCMP+TKIP][WPA2-PSK-CCMP+TKIP][ESS] is not scored
11-28 16:35:54.289 E/WifiAutoJoinController ( 2029): 影视娱乐频道 24:69:68:79:91:8a rssi=-72 cap [WPA-PSK-CCMP][WPA2-PSK-CCMP][ESS] is not scored
11-28 16:35:54.290 E/WifiAutoJoinController ( 2029): TP-LINK_554706 14:e6:e4:55:47:06 rssi=-78 cap [WPA-PSK-CCMP][WPA2-PSK-CCMP][WPS][ESS] is not scored
11-28 16:35:54.290 E/WifiAutoJoinController ( 2029): 金百合262 c8:3a:35:54:14:60 rssi=-77 cap [WPA-PSK-CCMP][WPA2-PSK-CCMP][ESS] is not scored
11-28 16:35:54.291 E/WifiAutoJoinController ( 2029): TOTOLINK_2feec4 f4:28:53:2f:ee:c4 rssi=-72 cap [WPA-PSK-CCMP+TKIP][WPA2-PSK-CCMP+TKIP][WPS][ESS] is not scored
11-28 16:35:54.292 E/WifiAutoJoinController ( 2029): 4lou ec:26:ca:2e:87:1a rssi=-74 cap [WPA-PSK-CCMP][WPA2-PSK-CCMP][ESS] is not scored
11-28 16:35:54.292 E/WifiAutoJoinController ( 2029): 360WiFi-0DB85D a4:56:02:0d:b8:5d rssi=-78 cap [WPA-PSK-CCMP][WPA2-PSK-CCMP][ESS] is not scored
11-28 16:35:54.293 E/WifiAutoJoinController ( 2029): ant b0:41:1d:31:f2:9b rssi=-78 cap [WPA-PSK-CCMP+TKIP][WPA2-PSK-CCMP+TKIP][ESS] is not scored
11-28 16:35:54.293 E/WifiAutoJoinController ( 2029): GST_88835d195a11 88:83:5d:19:5a:11 rssi=-74 cap [WPA2-PSK-CCMP][WPS][ESS] is not scored
11-28 16:35:54.294 E/WifiAutoJoinController ( 2029): HUAWEI-4MHCPZ 88:44:77:a2:af:60 rssi=-76 cap [WPA2-PSK-CCMP][WPS][ESS] is not scored
11-28 16:35:54.294 E/WifiAutoJoinController ( 2029): L2 bc:46:99:42:99:92 rssi=-80 cap [WPA-PSK-CCMP][WPA2-PSK-CCMP][ESS] is not scored
11-28 16:35:54.295 E/WifiAutoJoinController ( 2029): 我是你爷爷 8c:f2:28:a0:87:98 rssi=-80 cap [WPA-PSK-CCMP][WPA2-PSK-CCMP][ESS] is not scored
11-28 16:35:54.295 E/WifiAutoJoinController ( 2029):  84:79:73:a5:7f:10 rssi=-68 cap [ESS] is not scored
11-28 16:35:54.295 E/WifiAutoJoinController ( 2029): ageScanResultsOut delay 40000 size 49 now 1511858154295
11-28 16:35:54.295 E/WifiAutoJoinController ( 2029): newSupplicantResults size=42 known=11 true
11-28 16:35:54.296 E/WifiAutoJoinController ( 2029): attemptAutoJoin() status=bssid=86:79:73:a5:71:44
11-28 16:35:54.296 E/WifiAutoJoinController ( 2029): freq=2437
11-28 16:35:54.296 E/WifiAutoJoinController ( 2029): ssid=GDWL
11-28 16:35:54.296 E/WifiAutoJoinController ( 2029): id=3
11-28 16:35:54.296 E/WifiAutoJoinController ( 2029): mode=station
11-28 16:35:54.296 E/WifiAutoJoinController ( 2029): pairwise_cipher=CCMP
11-28 16:35:54.296 E/WifiAutoJoinController ( 2029): group_cipher=TKIP
11-28 16:35:54.296 E/WifiAutoJoinController ( 2029): key_mgmt=WPA2-PSK
11-28 16:35:54.296 E/WifiAutoJoinController ( 2029): wpa_state=COMPLETED
11-28 16:35:54.296 E/WifiAutoJoinController ( 2029): ip_address=10.0.0.86
11-28 16:35:54.296 E/WifiAutoJoinController ( 2029): p2p_device_address=4e:0f:c7:c3:27:4b
11-28 16:35:54.296 E/WifiAutoJoinController ( 2029): address=4c:0f:c7:c3:27:4b
11-28 16:35:54.296 E/WifiAutoJoinController ( 2029): uuid=4ed22322-d375-585e-aa05-5d2aae1a3dae split=13
11-28 16:35:54.296 E/WifiAutoJoinController ( 2029): attemptAutoJoin() num recent config 2 current="GDWL"WPA_PSK ---> suppNetId=3
11-28 16:35:54.296 E/WifiAutoJoinController ( 2029): attemptAutoJoin good candidate seen, bumped hard -> status=0 "Xiaomi_D52C"WPA_PSK rssi=(-50,-127) num=(1,0)
11-28 16:35:54.296 E/WifiAutoJoinController ( 2029): attemptAutoJoin trying id=9 "Xiaomi_D52C"WPA_PSK status=0
11-28 16:35:54.296 E/WifiAutoJoinController ( 2029): attemptAutoJoin good candidate seen, bumped hard -> status=0 "GDWL"WPA_PSK rssi=(-41,-127) num=(11,0)
11-28 16:35:54.296 E/WifiAutoJoinController ( 2029): attemptAutoJoin skip current candidate  3 key "GDWL"WPA_PSK
11-28 16:35:54.296 E/WifiAutoJoinController ( 2029): compareNetwork will compare "Xiaomi_D52C"WPA_PSK with current "GDWL"WPA_PSK
11-28 16:35:54.296 E/WifiAutoJoinController ( 2029):     compareWifiConfigurationsRSSI: "GDWL"WPA_PSK rssi=-41,-127 boost=25 "Xiaomi_D52C"WPA_PSK rssi=-50,-127 boost=0
11-28 16:35:54.296 E/WifiAutoJoinController ( 2029):         "GDWL"WPA_PSK is5=false score=-16 "Xiaomi_D52C"WPA_PSK is5=false score=-50
11-28 16:35:54.296 E/WifiAutoJoinController ( 2029):     compareWifiConfigurationsRSSI "GDWL"WPA_PSK rssi=(-41,-127) num=(11,0) > "Xiaomi_D52C"WPA_PSK rssi=(-50,-127) num=(1,0) -> -34
11-28 16:35:54.296 E/WifiAutoJoinController ( 2029): compareWifiConfigurations: "GDWL"WPA_PSK > "Xiaomi_D52C"WPA_PSK order -34
11-28 16:35:54.296 E/WifiAutoJoinController ( 2029): attemptAutoJoin networkSwitching candidate "Xiaomi_D52C"WPA_PSK with current "GDWL"WPA_PSK linked=false : delta=-34  -> not switching
11-28 16:35:54.296 E/WifiAutoJoinController ( 2029): attemptRoam scan cache size 11 --> bail
11-28 16:35:54.296 E/WifiAutoJoinController ( 2029): Done attemptAutoJoin status=0
11-28 16:35:54.297 D/WifiAdmin( 2875): [TN_main]dealWifiMsg action=android.net.wifi.SCAN_RESULTS,intent=Intent { act=android.net.wifi.SCAN_RESULTS flg=0x4000010 }
11-28 16:35:54.353 I/Advanced( 3039): [QUEUE] share_queue_sendEx size:1 4097 567 0x8f027a48,postLoopId:0,dstid:1.
11-28 16:35:54.387 D/BackBootDealerNeimeng( 2401): standbyState:
11-28 16:35:54.388 E/NetUtils( 2029): Interface eth0 LinkUp!
11-28 16:35:54.553 I/Advanced( 3039): [QUEUE] share_queue_sendEx size:1 4097 568 0x8f027a48,postLoopId:0,dstid:1.
11-28 16:35:54.712 W/ContextImpl( 2401): Calling a method in the system process without a qualified user: android.app.ContextImpl.sendBroadcast:1345 android.content.ContextWrapper.sendBroadcast:377 com.suma.midware.back.esg.e.f:-1 com.suma.midware.back.esg.f.run:-1 com.suma.midware.prop.util.c.run:-1 
11-28 16:35:54.730 I/AdvancedPorting-PORT_MODULE_NET( 3039): network_task while... 
11-28 16:35:54.730 I/AdvancedPorting-PORT_MODULE_NET( 3039): 0 interface name: lo
11-28 16:35:54.730 I/AdvancedPorting-PORT_MODULE_NET( 3039): 1 interface name: eth0
11-28 16:35:54.730 I/AdvancedPorting-PORT_MODULE_NET( 3039): 2 interface name: wlan0
11-28 16:35:54.730 I/AdvancedPorting-PORT_MODULE_NET( 3039): First interface name: lo
11-28 16:35:54.730 I/AdvancedPorting-PORT_MODULE_NET( 3039): network_task while...  net_i:1
11-28 16:35:54.730 I/AdvancedPorting-PORT_MODULE_NET( 3039): network_task while---name_interface[0]=lo
11-28 16:35:54.730 I/AdvancedPorting-PORT_MODULE_NET( 3039): network_task while---name_interface[1]=eth0
11-28 16:35:54.731 I/AdvancedPorting-PORT_MODULE_NET( 3039): network_task while---interface_name=eth0
11-28 16:35:54.731 I/AdvancedPorting-PORT_MODULE_NET( 3039): network_get_netlink_status(in)--if_name=eth0
11-28 16:35:54.731 I/AdvancedPorting-PORT_MODULE_NET( 3039): net.network.isconnected = no
11-28 16:35:54.731 I/AdvancedPorting-PORT_MODULE_NET( 3039): eth0 --network_get_netlink_status return retval=1
11-28 16:35:54.731 I/AdvancedPorting-PORT_MODULE_NET( 3039): stat = 1 last_status = 1
11-28 16:35:54.753 I/Advanced( 3039): [QUEUE] share_queue_sendEx size:1 4097 569 0x8f027a48,postLoopId:0,dstid:1.
11-28 16:35:54.888 D/BackBootDealerNeimeng( 2401): standbyState:
11-28 16:35:54.889 E/NetUtils( 2029): Interface eth0 LinkUp!
11-28 16:35:54.954 I/Advanced( 3039): [QUEUE] share_queue_sendEx size:1 4097 570 0x8f027a48,postLoopId:0,dstid:1.
11-28 16:35:55.154 I/Advanced( 3039): [QUEUE] share_queue_sendEx size:1 4097 571 0x8f027a48,postLoopId:0,dstid:1.
11-28 16:35:55.355 I/Advanced( 3039): [QUEUE] share_queue_sendEx size:1 4097 572 0x8f027a48,postLoopId:0,dstid:1.
11-28 16:35:55.389 D/BackBootDealerNeimeng( 2401): standbyState:
11-28 16:35:55.390 E/NetUtils( 2029): Interface eth0 LinkUp!
11-28 16:35:55.555 I/Advanced( 3039): [QUEUE] share_queue_sendEx size:1 4097 573 0x8f027a48,postLoopId:0,dstid:1.
11-28 16:35:55.715 W/ContextImpl( 2401): Calling a method in the system process without a qualified user: android.app.ContextImpl.sendBroadcast:1345 android.content.ContextWrapper.sendBroadcast:377 com.suma.midware.back.esg.e.f:-1 com.suma.midware.back.esg.f.run:-1 com.suma.midware.prop.util.c.run:-1 
11-28 16:35:55.731 I/AdvancedPorting-PORT_MODULE_NET( 3039): network_task while... 
11-28 16:35:55.731 I/AdvancedPorting-PORT_MODULE_NET( 3039): 0 interface name: lo
11-28 16:35:55.731 I/AdvancedPorting-PORT_MODULE_NET( 3039): 1 interface name: eth0
11-28 16:35:55.731 I/AdvancedPorting-PORT_MODULE_NET( 3039): 2 interface name: wlan0
11-28 16:35:55.731 I/AdvancedPorting-PORT_MODULE_NET( 3039): First interface name: lo
11-28 16:35:55.731 I/AdvancedPorting-PORT_MODULE_NET( 3039): network_task while...  net_i:1
11-28 16:35:55.731 I/AdvancedPorting-PORT_MODULE_NET( 3039): network_task while---name_interface[0]=lo
11-28 16:35:55.731 I/AdvancedPorting-PORT_MODULE_NET( 3039): network_task while---name_interface[1]=eth0
11-28 16:35:55.731 I/AdvancedPorting-PORT_MODULE_NET( 3039): network_task while---interface_name=eth0
11-28 16:35:55.731 I/AdvancedPorting-PORT_MODULE_NET( 3039): network_get_netlink_status(in)--if_name=eth0
11-28 16:35:55.731 I/AdvancedPorting-PORT_MODULE_NET( 3039): net.network.isconnected = no
11-28 16:35:55.731 I/AdvancedPorting-PORT_MODULE_NET( 3039): eth0 --network_get_netlink_status return retval=1
11-28 16:35:55.731 I/AdvancedPorting-PORT_MODULE_NET( 3039): stat = 1 last_status = 1
11-28 16:35:55.755 I/Advanced( 3039): [QUEUE] share_queue_sendEx size:1 4097 574 0x8f027a48,postLoopId:0,dstid:1.
11-28 16:35:55.890 D/BackBootDealerNeimeng( 2401): standbyState:
11-28 16:35:55.891 E/NetUtils( 2029): Interface eth0 LinkUp!
11-28 16:35:55.956 I/Advanced( 3039): [QUEUE] share_queue_sendEx size:1 4097 575 0x8f027a48,postLoopId:0,dstid:1.
11-28 16:35:56.156 I/Advanced( 3039): [QUEUE] share_queue_sendEx size:1 4097 576 0x8f027a48,postLoopId:0,dstid:1.
11-28 16:35:56.392 D/BackBootDealerNeimeng( 2401): standbyState:
11-28 16:35:56.392 E/NetUtils( 2029): Interface eth0 LinkUp!
11-28 16:35:56.718 W/ContextImpl( 2401): Calling a method in the system process without a qualified user: android.app.ContextImpl.sendBroadcast:1345 android.content.ContextWrapper.sendBroadcast:377 com.suma.midware.back.esg.e.f:-1 com.suma.midware.back.esg.f.run:-1 com.suma.midware.prop.util.c.run:-1 
11-28 16:35:56.731 I/AdvancedPorting-PORT_MODULE_NET( 3039): network_task while... 
11-28 16:35:56.732 I/AdvancedPorting-PORT_MODULE_NET( 3039): 0 interface name: lo
11-28 16:35:56.732 I/AdvancedPorting-PORT_MODULE_NET( 3039): 1 interface name: eth0
11-28 16:35:56.732 I/AdvancedPorting-PORT_MODULE_NET( 3039): 2 interface name: wlan0
11-28 16:35:56.732 I/AdvancedPorting-PORT_MODULE_NET( 3039): First interface name: lo
11-28 16:35:56.732 I/AdvancedPorting-PORT_MODULE_NET( 3039): network_task while...  net_i:1
11-28 16:35:56.732 I/AdvancedPorting-PORT_MODULE_NET( 3039): network_task while---name_interface[0]=lo
11-28 16:35:56.732 I/AdvancedPorting-PORT_MODULE_NET( 3039): network_task while---name_interface[1]=eth0
11-28 16:35:56.732 I/AdvancedPorting-PORT_MODULE_NET( 3039): network_task while---interface_name=eth0
11-28 16:35:56.732 I/AdvancedPorting-PORT_MODULE_NET( 3039): network_get_netlink_status(in)--if_name=eth0
11-28 16:35:56.732 I/AdvancedPorting-PORT_MODULE_NET( 3039): net.network.isconnected = no
11-28 16:35:56.732 I/AdvancedPorting-PORT_MODULE_NET( 3039): eth0 --network_get_netlink_status return retval=1
11-28 16:35:56.732 I/AdvancedPorting-PORT_MODULE_NET( 3039): stat = 1 last_status = 1
11-28 16:35:56.767 I/Advanced( 3039): [QUEUE] share_queue_sendEx size:1 4097 579 0x8f027a48,postLoopId:0,dstid:1.
11-28 16:35:56.893 D/BackBootDealerNeimeng( 2401): standbyState:
11-28 16:35:56.894 E/NetUtils( 2029): Interface eth0 LinkUp!
11-28 16:35:56.968 I/Advanced( 3039): [QUEUE] share_queue_sendEx size:1 4097 580 0x8f027a48,postLoopId:0,dstid:1.
11-28 16:35:57.378 I/Advanced( 3039): [QUEUE] share_queue_sendEx size:1 4097 582 0x8f027a48,postLoopId:0,dstid:1.
11-28 16:35:57.394 D/BackBootDealerNeimeng( 2401): standbyState:
11-28 16:35:57.395 E/NetUtils( 2029): Interface eth0 LinkUp!
11-28 16:35:57.578 I/Advanced( 3039): [QUEUE] share_queue_sendEx size:1 4097 583 0x8f027a48,postLoopId:0,dstid:1.
11-28 16:35:57.721 W/ContextImpl( 2401): Calling a method in the system process without a qualified user: android.app.ContextImpl.sendBroadcast:1345 android.content.ContextWrapper.sendBroadcast:377 com.suma.midware.back.esg.e.f:-1 com.suma.midware.back.esg.f.run:-1 com.suma.midware.prop.util.c.run:-1 
11-28 16:35:57.732 I/AdvancedPorting-PORT_MODULE_NET( 3039): network_task while... 
11-28 16:35:57.732 I/AdvancedPorting-PORT_MODULE_NET( 3039): 0 interface name: lo
11-28 16:35:57.732 I/AdvancedPorting-PORT_MODULE_NET( 3039): 1 interface name: eth0
11-28 16:35:57.732 I/AdvancedPorting-PORT_MODULE_NET( 3039): 2 interface name: wlan0
11-28 16:35:57.732 I/AdvancedPorting-PORT_MODULE_NET( 3039): First interface name: lo
11-28 16:35:57.732 I/AdvancedPorting-PORT_MODULE_NET( 3039): network_task while...  net_i:1
11-28 16:35:57.732 I/AdvancedPorting-PORT_MODULE_NET( 3039): network_task while---name_interface[0]=lo
11-28 16:35:57.732 I/AdvancedPorting-PORT_MODULE_NET( 3039): network_task while---name_interface[1]=eth0
11-28 16:35:57.732 I/AdvancedPorting-PORT_MODULE_NET( 3039): network_task while---interface_name=eth0
11-28 16:35:57.732 I/AdvancedPorting-PORT_MODULE_NET( 3039): network_get_netlink_status(in)--if_name=eth0
11-28 16:35:57.732 I/AdvancedPorting-PORT_MODULE_NET( 3039): net.network.isconnected = no
11-28 16:35:57.732 I/AdvancedPorting-PORT_MODULE_NET( 3039): eth0 --network_get_netlink_status return retval=1
11-28 16:35:57.732 I/AdvancedPorting-PORT_MODULE_NET( 3039): stat = 1 last_status = 1
11-28 16:35:57.778 I/Advanced( 3039): [QUEUE] share_queue_sendEx size:1 4097 584 0x8f027a48,postLoopId:0,dstid:1.
11-28 16:35:57.895 D/BackBootDealerNeimeng( 2401): standbyState:
11-28 16:35:57.896 E/NetUtils( 2029): Interface eth0 LinkUp!
11-28 16:35:57.979 I/Advanced( 3039): [QUEUE] share_queue_sendEx size:1 4097 585 0x8f027a48,postLoopId:0,dstid:1.
11-28 16:35:58.389 I/Advanced( 3039): [QUEUE] share_queue_sendEx size:1 4097 587 0x8f027a48,postLoopId:0,dstid:1.
11-28 16:35:58.396 D/BackBootDealerNeimeng( 2401): standbyState:
11-28 16:35:58.397 E/NetUtils( 2029): Interface eth0 LinkUp!
11-28 16:35:58.589 I/Advanced( 3039): [QUEUE] share_queue_sendEx size:1 4097 588 0x8f027a48,postLoopId:0,dstid:1.
11-28 16:35:58.733 I/AdvancedPorting-PORT_MODULE_NET( 3039): network_task while... 
11-28 16:35:58.733 I/AdvancedPorting-PORT_MODULE_NET( 3039): 0 interface name: lo
11-28 16:35:58.733 I/AdvancedPorting-PORT_MODULE_NET( 3039): 1 interface name: eth0
11-28 16:35:58.733 I/AdvancedPorting-PORT_MODULE_NET( 3039): 2 interface name: wlan0
11-28 16:35:58.733 I/AdvancedPorting-PORT_MODULE_NET( 3039): First interface name: lo
11-28 16:35:58.733 I/AdvancedPorting-PORT_MODULE_NET( 3039): network_task while...  net_i:1
11-28 16:35:58.733 I/AdvancedPorting-PORT_MODULE_NET( 3039): network_task while---name_interface[0]=lo
11-28 16:35:58.733 I/AdvancedPorting-PORT_MODULE_NET( 3039): network_task while---name_interface[1]=eth0
11-28 16:35:58.733 I/AdvancedPorting-PORT_MODULE_NET( 3039): network_task while---interface_name=eth0
11-28 16:35:58.733 I/AdvancedPorting-PORT_MODULE_NET( 3039): network_get_netlink_status(in)--if_name=eth0
11-28 16:35:58.733 I/AdvancedPorting-PORT_MODULE_NET( 3039): net.network.isconnected = no
11-28 16:35:58.733 I/AdvancedPorting-PORT_MODULE_NET( 3039): eth0 --network_get_netlink_status return retval=1
11-28 16:35:58.733 I/AdvancedPorting-PORT_MODULE_NET( 3039): stat = 1 last_status = 1
11-28 16:35:58.789 I/Advanced( 3039): [QUEUE] share_queue_sendEx size:1 4097 589 0x8f027a48,postLoopId:0,dstid:1.
11-28 16:35:58.897 D/BackBootDealerNeimeng( 2401): standbyState:
11-28 16:35:58.898 E/NetUtils( 2029): Interface eth0 LinkUp!
11-28 16:35:58.990 I/Advanced( 3039): [QUEUE] share_queue_sendEx size:1 4097 590 0x8f027a48,postLoopId:0,dstid:1.
11-28 16:35:59.190 I/Advanced( 3039): [QUEUE] share_queue_sendEx size:1 4097 591 0x8f027a48,postLoopId:0,dstid:1.
11-28 16:35:59.390 I/Advanced( 3039): [QUEUE] share_queue_sendEx size:1 4097 592 0x8f027a48,postLoopId:0,dstid:1.
11-28 16:35:59.399 D/BackBootDealerNeimeng( 2401): standbyState:
11-28 16:35:59.400 E/NetUtils( 2029): Interface eth0 LinkUp!
11-28 16:35:59.591 I/Advanced( 3039): [QUEUE] share_queue_sendEx size:1 4097 593 0x8f027a48,postLoopId:0,dstid:1.
11-28 16:35:59.733 I/AdvancedPorting-PORT_MODULE_NET( 3039): network_task while... 
11-28 16:35:59.733 I/AdvancedPorting-PORT_MODULE_NET( 3039): 0 interface name: lo
11-28 16:35:59.733 I/AdvancedPorting-PORT_MODULE_NET( 3039): 1 interface name: eth0
11-28 16:35:59.733 I/AdvancedPorting-PORT_MODULE_NET( 3039): 2 interface name: wlan0
11-28 16:35:59.733 I/AdvancedPorting-PORT_MODULE_NET( 3039): First interface name: lo
11-28 16:35:59.733 I/AdvancedPorting-PORT_MODULE_NET( 3039): network_task while...  net_i:1
11-28 16:35:59.733 I/AdvancedPorting-PORT_MODULE_NET( 3039): network_task while---name_interface[0]=lo
11-28 16:35:59.733 I/AdvancedPorting-PORT_MODULE_NET( 3039): network_task while---name_interface[1]=eth0
11-28 16:35:59.734 I/AdvancedPorting-PORT_MODULE_NET( 3039): network_task while---interface_name=eth0
11-28 16:35:59.734 I/AdvancedPorting-PORT_MODULE_NET( 3039): network_get_netlink_status(in)--if_name=eth0
11-28 16:35:59.734 I/AdvancedPorting-PORT_MODULE_NET( 3039): net.network.isconnected = no
11-28 16:35:59.734 I/AdvancedPorting-PORT_MODULE_NET( 3039): eth0 --network_get_netlink_status return retval=1
11-28 16:35:59.734 I/AdvancedPorting-PORT_MODULE_NET( 3039): stat = 1 last_status = 1
11-28 16:35:59.900 D/BackBootDealerNeimeng( 2401): standbyState:
11-28 16:35:59.901 E/NetUtils( 2029): Interface eth0 LinkUp!
11-28 16:36:00.001 I/Advanced( 3039): [QUEUE] share_queue_sendEx size:1 4097 595 0x8f027a48,postLoopId:0,dstid:1.
11-28 16:36:00.201 I/Advanced( 3039): [QUEUE] share_queue_sendEx size:1 4097 596 0x8f027a48,postLoopId:0,dstid:1.
11-28 16:36:00.401 D/BackBootDealerNeimeng( 2401): standbyState:
11-28 16:36:00.402 I/Advanced( 3039): [QUEUE] share_queue_sendEx size:1 4097 597 0x8f027a48,postLoopId:0,dstid:1.
11-28 16:36:00.402 E/NetUtils( 2029): Interface eth0 LinkUp!
11-28 16:36:00.426 D/TimeUpdate( 2511): [TN_main]dealTimeUpdate curTime=java.util.GregorianCalendar[time=1511858160425,areFieldsSet=true,lenient=true,zone=Asia/Shanghai,firstDayOfWeek=1,minimalDaysInFirstWeek=1,ERA=1,YEAR=2017,MONTH=10,WEEK_OF_YEAR=48,WEEK_OF_MONTH=5,DAY_OF_MONTH=28,DAY_OF_YEAR=332,DAY_OF_WEEK=3,DAY_OF_WEEK_IN_MONTH=4,AM_PM=1,HOUR=4,HOUR_OF_DAY=16,MINUTE=36,SECOND=0,MILLISECOND=425,ZONE_OFFSET=28800000,DST_OFFSET=0]
11-28 16:36:00.734 I/AdvancedPorting-PORT_MODULE_NET( 3039): network_task while... 
11-28 16:36:00.734 I/AdvancedPorting-PORT_MODULE_NET( 3039): 0 interface name: lo
11-28 16:36:00.734 I/AdvancedPorting-PORT_MODULE_NET( 3039): 1 interface name: eth0
11-28 16:36:00.734 I/AdvancedPorting-PORT_MODULE_NET( 3039): 2 interface name: wlan0
11-28 16:36:00.734 I/AdvancedPorting-PORT_MODULE_NET( 3039): First interface name: lo
11-28 16:36:00.734 I/AdvancedPorting-PORT_MODULE_NET( 3039): network_task while...  net_i:1
11-28 16:36:00.734 I/AdvancedPorting-PORT_MODULE_NET( 3039): network_task while---name_interface[0]=lo
11-28 16:36:00.734 I/AdvancedPorting-PORT_MODULE_NET( 3039): network_task while---name_interface[1]=eth0
11-28 16:36:00.734 I/AdvancedPorting-PORT_MODULE_NET( 3039): network_task while---interface_name=eth0
11-28 16:36:00.734 I/AdvancedPorting-PORT_MODULE_NET( 3039): network_get_netlink_status(in)--if_name=eth0
11-28 16:36:00.734 I/AdvancedPorting-PORT_MODULE_NET( 3039): net.network.isconnected = no
11-28 16:36:00.734 I/AdvancedPorting-PORT_MODULE_NET( 3039): eth0 --network_get_netlink_status return retval=1
11-28 16:36:00.734 I/AdvancedPorting-PORT_MODULE_NET( 3039): stat = 1 last_status = 1
11-28 16:36:00.812 I/Advanced( 3039): [QUEUE] share_queue_sendEx size:1 4097 599 0x8f027a48,postLoopId:0,dstid:1.
11-28 16:36:00.903 D/BackBootDealerNeimeng( 2401): standbyState:
11-28 16:36:00.904 E/NetUtils( 2029): Interface eth0 LinkUp!
11-28 16:36:01.012 I/Advanced( 3039): [QUEUE] share_queue_sendEx size:1 4097 600 0x8f027a48,postLoopId:0,dstid:1.
11-28 16:36:01.213 I/Advanced( 3039): [QUEUE] share_queue_sendEx size:1 4097 601 0x8f027a48,postLoopId:0,dstid:1.
11-28 16:36:01.404 D/BackBootDealerNeimeng( 2401): standbyState:
11-28 16:36:01.405 E/NetUtils( 2029): Interface eth0 LinkUp!
11-28 16:36:01.413 I/Advanced( 3039): [QUEUE] share_queue_sendEx size:1 4097 602 0x8f027a48,postLoopId:0,dstid:1.
11-28 16:36:01.614 I/Advanced( 3039): [QUEUE] share_queue_sendEx size:1 4097 603 0x8f027a48,postLoopId:0,dstid:1.
11-28 16:36:01.734 I/AdvancedPorting-PORT_MODULE_NET( 3039): network_task while... 
11-28 16:36:01.734 I/AdvancedPorting-PORT_MODULE_NET( 3039): 0 interface name: lo
11-28 16:36:01.735 I/AdvancedPorting-PORT_MODULE_NET( 3039): 1 interface name: eth0
11-28 16:36:01.735 I/AdvancedPorting-PORT_MODULE_NET( 3039): 2 interface name: wlan0
11-28 16:36:01.735 I/AdvancedPorting-PORT_MODULE_NET( 3039): First interface name: lo
11-28 16:36:01.735 I/AdvancedPorting-PORT_MODULE_NET( 3039): network_task while...  net_i:1
11-28 16:36:01.735 I/AdvancedPorting-PORT_MODULE_NET( 3039): network_task while---name_interface[0]=lo
11-28 16:36:01.735 I/AdvancedPorting-PORT_MODULE_NET( 3039): network_task while---name_interface[1]=eth0
11-28 16:36:01.735 I/AdvancedPorting-PORT_MODULE_NET( 3039): network_task while---interface_name=eth0
11-28 16:36:01.735 I/AdvancedPorting-PORT_MODULE_NET( 3039): network_get_netlink_status(in)--if_name=eth0
11-28 16:36:01.735 I/AdvancedPorting-PORT_MODULE_NET( 3039): net.network.isconnected = no
11-28 16:36:01.735 I/AdvancedPorting-PORT_MODULE_NET( 3039): eth0 --network_get_netlink_status return retval=1
11-28 16:36:01.735 I/AdvancedPorting-PORT_MODULE_NET( 3039): stat = 1 last_status = 1
11-28 16:36:01.814 I/Advanced( 3039): [QUEUE] share_queue_sendEx size:1 4097 604 0x8f027a48,postLoopId:0,dstid:1.
11-28 16:36:01.905 D/BackBootDealerNeimeng( 2401): standbyState:
11-28 16:36:01.906 E/NetUtils( 2029): Interface eth0 LinkUp!
11-28 16:36:02.224 I/Advanced( 3039): [QUEUE] share_queue_sendEx size:1 4097 606 0x8f027a48,postLoopId:0,dstid:1.
11-28 16:36:02.407 D/BackBootDealerNeimeng( 2401): standbyState:
11-28 16:36:02.408 E/NetUtils( 2029): Interface eth0 LinkUp!
11-28 16:36:02.424 I/Advanced( 3039): [QUEUE] share_queue_sendEx size:1 4097 607 0x8f027a48,postLoopId:0,dstid:1.
11-28 16:36:02.625 I/Advanced( 3039): [QUEUE] share_queue_sendEx size:1 4097 608 0x8f027a48,postLoopId:0,dstid:1.
11-28 16:36:02.735 I/AdvancedPorting-PORT_MODULE_NET( 3039): network_task while... 
11-28 16:36:02.735 I/AdvancedPorting-PORT_MODULE_NET( 3039): 0 interface name: lo
11-28 16:36:02.735 I/AdvancedPorting-PORT_MODULE_NET( 3039): 1 interface name: eth0
11-28 16:36:02.735 I/AdvancedPorting-PORT_MODULE_NET( 3039): 2 interface name: wlan0
11-28 16:36:02.735 I/AdvancedPorting-PORT_MODULE_NET( 3039): First interface name: lo
11-28 16:36:02.735 I/AdvancedPorting-PORT_MODULE_NET( 3039): network_task while...  net_i:1
11-28 16:36:02.735 I/AdvancedPorting-PORT_MODULE_NET( 3039): network_task while---name_interface[0]=lo
11-28 16:36:02.735 I/AdvancedPorting-PORT_MODULE_NET( 3039): network_task while---name_interface[1]=eth0
11-28 16:36:02.735 I/AdvancedPorting-PORT_MODULE_NET( 3039): network_task while---interface_name=eth0
11-28 16:36:02.735 I/AdvancedPorting-PORT_MODULE_NET( 3039): network_get_netlink_status(in)--if_name=eth0
11-28 16:36:02.735 I/AdvancedPorting-PORT_MODULE_NET( 3039): net.network.isconnected = no
11-28 16:36:02.735 I/AdvancedPorting-PORT_MODULE_NET( 3039): eth0 --network_get_netlink_status return retval=1
11-28 16:36:02.736 I/AdvancedPorting-PORT_MODULE_NET( 3039): stat = 1 last_status = 1
11-28 16:36:02.825 I/Advanced( 3039): [QUEUE] share_queue_sendEx size:1 4097 609 0x8f027a48,postLoopId:0,dstid:1.
11-28 16:36:02.908 D/BackBootDealerNeimeng( 2401): standbyState:
11-28 16:36:02.909 E/NetUtils( 2029): Interface eth0 LinkUp!
11-28 16:36:03.025 I/Advanced( 3039): [QUEUE] share_queue_sendEx size:1 4097 610 0x8f027a48,postLoopId:0,dstid:1.
11-28 16:36:03.226 I/Advanced( 3039): [QUEUE] share_queue_sendEx size:1 4097 611 0x8f027a48,postLoopId:0,dstid:1.
11-28 16:36:03.409 D/BackBootDealerNeimeng( 2401): standbyState:
11-28 16:36:03.410 E/NetUtils( 2029): Interface eth0 LinkUp!
11-28 16:36:03.426 I/Advanced( 3039): [QUEUE] share_queue_sendEx size:1 4097 612 0x8f027a48,postLoopId:0,dstid:1.
11-28 16:36:03.552 D/IPLoaderNeimeng( 2401): after wait time16:36:03:monitorInterval:5000
11-28 16:36:03.553 D/IPLoaderNeimeng( 2401): before dealUpdateCheck time:16:36:03:isMsgBroadcast:false:monitorInterval:5000:processState:1
11-28 16:36:03.553 D/IPLoaderNeimeng( 2401): dealUpdateCheck isFirstSuccessUpdate:false:monitorInterval:5000
11-28 16:36:03.553 D/LoadHttpHandler( 2401): [TN_ThreadUtil-6]doNormal proxyConfig=null
11-28 16:36:03.602 D/LoadHttpHandler( 2401): [TN_ThreadUtil-6]doNormal responseCode=404
11-28 16:36:03.602 D/LoadHttpTask( 2401): dealUpdateCheck responseCode:404:data:null:downloadResult:false
11-28 16:36:03.603 D/IPLoaderNeimeng( 2401): after dealUpdateCheck time:16:36:03:isMsgBroadcast:false:monitorInterval:5000:processState:1
11-28 16:36:03.603 D/IPLoaderNeimeng( 2401): before wait time16:36:03:monitorInterval:5000
11-28 16:36:03.627 I/Advanced( 3039): [QUEUE] share_queue_sendEx size:1 4097 613 0x8f027a48,postLoopId:0,dstid:1.
11-28 16:36:03.629 W/System.err( 2855): java.net.ConnectException: failed to connect to tvos-tms.96066.com/10.254.233.5 (port 80): connect failed: ETIMEDOUT (Connection timed out)
11-28 16:36:03.629 W/System.err( 2855): 	at libcore.io.IoBridge.connect(IoBridge.java:124)
11-28 16:36:03.629 W/System.err( 2855): 	at java.net.PlainSocketImpl.connect(PlainSocketImpl.java:183)
11-28 16:36:03.629 W/System.err( 2855): 	at java.net.PlainSocketImpl.connect(PlainSocketImpl.java:456)
11-28 16:36:03.629 W/System.err( 2855): 	at java.net.Socket.connect(Socket.java:882)
11-28 16:36:03.629 W/System.err( 2855): 	at com.android.okhttp.internal.Platform.connectSocket(Platform.java:174)
11-28 16:36:03.629 W/System.err( 2855): 	at com.android.okhttp.Connection.connect(Connection.java:152)
11-28 16:36:03.630 W/System.err( 2855): 	at com.android.okhttp.internal.http.HttpEngine.connect(HttpEngine.java:276)
11-28 16:36:03.630 W/System.err( 2855): 	at com.android.okhttp.internal.http.HttpEngine.sendRequest(HttpEngine.java:211)
11-28 16:36:03.630 W/System.err( 2855): 	at com.android.okhttp.internal.http.HttpURLConnectionImpl.execute(HttpURLConnectionImpl.java:382)
11-28 16:36:03.630 W/System.err( 2855): 	at com.android.okhttp.internal.http.HttpURLConnectionImpl.connect(HttpURLConnectionImpl.java:106)
11-28 16:36:03.630 W/System.err( 2855): 	at com.android.okhttp.internal.http.HttpURLConnectionImpl.getOutputStream(HttpURLConnectionImpl.java:217)
11-28 16:36:03.630 W/System.err( 2855): 	at com.sumavision.admindm.c.f.b(Unknown Source)
11-28 16:36:03.630 W/System.err( 2855): 	at com.sumavision.admindm.c.f.a(Unknown Source)
11-28 16:36:03.630 W/System.err( 2855): 	at com.sumavision.admindm.k.a.a(Unknown Source)
11-28 16:36:03.630 W/System.err( 2855): 	at com.sumavision.admindm.c.f.e(Unknown Source)
11-28 16:36:03.630 W/System.err( 2855): 	at com.sumavision.admindm.c.a.run(Unknown Source)
11-28 16:36:03.630 W/System.err( 2855): 	at java.lang.Thread.run(Thread.java:818)
11-28 16:36:03.630 W/System.err( 2855): Caused by: android.system.ErrnoException: connect failed: ETIMEDOUT (Connection timed out)
11-28 16:36:03.631 W/System.err( 2855): 	at libcore.io.Posix.connect(Native Method)
11-28 16:36:03.631 W/System.err( 2855): 	at libcore.io.BlockGuardOs.connect(BlockGuardOs.java:111)
11-28 16:36:03.631 W/System.err( 2855): 	at libcore.io.IoBridge.connectErrno(IoBridge.java:137)
11-28 16:36:03.631 W/System.err( 2855): 	at libcore.io.IoBridge.connect(IoBridge.java:122)
11-28 16:36:03.631 W/System.err( 2855): 	... 16 more
11-28 16:36:03.631 I/Com     ( 2855): run  session.run() with fault :com.sumavision.admindm.q.a
11-28 16:36:03.632 W/System.err( 2855): com.sumavision.admindm.q.a
11-28 16:36:03.632 W/System.err( 2855): 	at com.sumavision.admindm.c.f.b(Unknown Source)
11-28 16:36:03.632 W/System.err( 2855): 	at com.sumavision.admindm.c.f.a(Unknown Source)
11-28 16:36:03.632 W/System.err( 2855): 	at com.sumavision.admindm.k.a.a(Unknown Source)
11-28 16:36:03.632 W/System.err( 2855): 	at com.sumavision.admindm.c.f.e(Unknown Source)
11-28 16:36:03.632 W/System.err( 2855): 	at com.sumavision.admindm.c.a.run(Unknown Source)
11-28 16:36:03.632 W/System.err( 2855): 	at java.lang.Thread.run(Thread.java:818)
11-28 16:36:03.632 I/Com     ( 2855): run need retry :1 and sleep :9938
11-28 16:36:03.736 I/AdvancedPorting-PORT_MODULE_NET( 3039): network_task while... 
11-28 16:36:03.736 I/AdvancedPorting-PORT_MODULE_NET( 3039): 0 interface name: lo
11-28 16:36:03.736 I/AdvancedPorting-PORT_MODULE_NET( 3039): 1 interface name: eth0
11-28 16:36:03.736 I/AdvancedPorting-PORT_MODULE_NET( 3039): 2 interface name: wlan0
11-28 16:36:03.736 I/AdvancedPorting-PORT_MODULE_NET( 3039): First interface name: lo
11-28 16:36:03.736 I/AdvancedPorting-PORT_MODULE_NET( 3039): network_task while...  net_i:1
11-28 16:36:03.736 I/AdvancedPorting-PORT_MODULE_NET( 3039): network_task while---name_interface[0]=lo
11-28 16:36:03.736 I/AdvancedPorting-PORT_MODULE_NET( 3039): network_task while---name_interface[1]=eth0
11-28 16:36:03.736 I/AdvancedPorting-PORT_MODULE_NET( 3039): network_task while---interface_name=eth0
11-28 16:36:03.736 I/AdvancedPorting-PORT_MODULE_NET( 3039): network_get_netlink_status(in)--if_name=eth0
11-28 16:36:03.736 I/AdvancedPorting-PORT_MODULE_NET( 3039): net.network.isconnected = no
11-28 16:36:03.736 I/AdvancedPorting-PORT_MODULE_NET( 3039): eth0 --network_get_netlink_status return retval=1
11-28 16:36:03.736 I/AdvancedPorting-PORT_MODULE_NET( 3039): stat = 1 last_status = 1
11-28 16:36:03.827 I/Advanced( 3039): [QUEUE] share_queue_sendEx size:1 4097 614 0x8f027a48,postLoopId:0,dstid:1.
11-28 16:36:03.911 D/BackBootDealerNeimeng( 2401): standbyState:
11-28 16:36:03.911 E/NetUtils( 2029): Interface eth0 LinkUp!
11-28 16:36:03.977 E/NetUtils( 2029): Interface eth0 LinkUp!
11-28 16:36:04.027 I/Advanced( 3039): [QUEUE] share_queue_sendEx size:1 4097 615 0x8f027a48,postLoopId:0,dstid:1.
11-28 16:36:04.228 I/Advanced( 3039): [QUEUE] share_queue_sendEx size:1 4097 616 0x8f027a48,postLoopId:0,dstid:1.
11-28 16:36:04.412 D/BackBootDealerNeimeng( 2401): standbyState:
11-28 16:36:04.413 E/NetUtils( 2029): Interface eth0 LinkUp!
11-28 16:36:04.428 I/Advanced( 3039): [QUEUE] share_queue_sendEx size:1 4097 617 0x8f027a48,postLoopId:0,dstid:1.
11-28 16:36:04.629 I/Advanced( 3039): [QUEUE] share_queue_sendEx size:1 4097 618 0x8f027a48,postLoopId:0,dstid:1.
11-28 16:36:04.736 I/AdvancedPorting-PORT_MODULE_NET( 3039): network_task while... 
11-28 16:36:04.736 I/AdvancedPorting-PORT_MODULE_NET( 3039): 0 interface name: lo
11-28 16:36:04.736 I/AdvancedPorting-PORT_MODULE_NET( 3039): 1 interface name: eth0
11-28 16:36:04.736 I/AdvancedPorting-PORT_MODULE_NET( 3039): 2 interface name: wlan0
11-28 16:36:04.736 I/AdvancedPorting-PORT_MODULE_NET( 3039): First interface name: lo
11-28 16:36:04.736 I/AdvancedPorting-PORT_MODULE_NET( 3039): network_task while...  net_i:1
11-28 16:36:04.737 I/AdvancedPorting-PORT_MODULE_NET( 3039): network_task while---name_interface[0]=lo
11-28 16:36:04.737 I/AdvancedPorting-PORT_MODULE_NET( 3039): network_task while---name_interface[1]=eth0
11-28 16:36:04.737 I/AdvancedPorting-PORT_MODULE_NET( 3039): network_task while---interface_name=eth0
11-28 16:36:04.737 I/AdvancedPorting-PORT_MODULE_NET( 3039): network_get_netlink_status(in)--if_name=eth0
11-28 16:36:04.737 I/AdvancedPorting-PORT_MODULE_NET( 3039): net.network.isconnected = no
11-28 16:36:04.737 I/AdvancedPorting-PORT_MODULE_NET( 3039): eth0 --network_get_netlink_status return retval=1
11-28 16:36:04.737 I/AdvancedPorting-PORT_MODULE_NET( 3039): stat = 1 last_status = 1
11-28 16:36:04.829 I/Advanced( 3039): [QUEUE] share_queue_sendEx size:1 4097 619 0x8f027a48,postLoopId:0,dstid:1.
11-28 16:36:04.913 D/BackBootDealerNeimeng( 2401): standbyState:
11-28 16:36:04.914 E/NetUtils( 2029): Interface eth0 LinkUp!
11-28 16:36:05.029 I/Advanced( 3039): [QUEUE] share_queue_sendEx size:1 4097 620 0x8f027a48,postLoopId:0,dstid:1.
11-28 16:36:05.230 I/Advanced( 3039): [QUEUE] share_queue_sendEx size:1 4097 621 0x8f027a48,postLoopId:0,dstid:1.
11-28 16:36:05.415 D/BackBootDealerNeimeng( 2401): standbyState:
11-28 16:36:05.415 E/NetUtils( 2029): Interface eth0 LinkUp!
11-28 16:36:05.430 I/Advanced( 3039): [QUEUE] share_queue_sendEx size:1 4097 622 0x8f027a48,postLoopId:0,dstid:1.
11-28 16:36:05.631 I/Advanced( 3039): [QUEUE] share_queue_sendEx size:1 4097 623 0x8f027a48,postLoopId:0,dstid:1.
11-28 16:36:05.737 I/AdvancedPorting-PORT_MODULE_NET( 3039): network_task while... 
11-28 16:36:05.737 I/AdvancedPorting-PORT_MODULE_NET( 3039): 0 interface name: lo
11-28 16:36:05.737 I/AdvancedPorting-PORT_MODULE_NET( 3039): 1 interface name: eth0
11-28 16:36:05.737 I/AdvancedPorting-PORT_MODULE_NET( 3039): 2 interface name: wlan0
11-28 16:36:05.737 I/AdvancedPorting-PORT_MODULE_NET( 3039): First interface name: lo
11-28 16:36:05.737 I/AdvancedPorting-PORT_MODULE_NET( 3039): network_task while...  net_i:1
