11-28 17:13:33.015 D/[cc]LayerTreeHost( 4548): [SetNeedsCommit] SetNeedsCommit!this:0x9f45a2c0
11-28 17:13:33.015 D/[cc]LayerTreeHost( 4548): [SetNeedsCommit] SetNeedsCommit!this:0x9f45a2c0
11-28 17:13:33.015 D/[cc]LayerTreeHost( 4548): [SetNeedsCommit] SetNeedsCommit!this:0x9f45a2c0
11-28 17:13:33.015 D/[cc]LayerTreeHost( 4548): [SetNeedsCommit] SetNeedsCommit!this:0x9f45a2c0
11-28 17:13:33.015 D/[cc]LayerTreeHost( 4548): [SetNeedsCommit] SetNeedsCommit!this:0x9f45a2c0
11-28 17:13:33.015 D/[cc]LayerTreeHost( 4548): [SetNeedsCommit] SetNeedsCommit!this:0x9f45a2c0
11-28 17:13:33.015 D/[cc]LayerTreeHost( 4548): [SetNeedsCommit] SetNeedsCommit!this:0x9f45a2c0
11-28 17:13:33.015 D/[cc]LayerTreeHost( 4548): [SetNeedsCommit] SetNeedsCommit!this:0x9f45a2c0
11-28 17:13:33.015 D/[cc]LayerTreeHost( 4548): [SetNeedsCommit] SetNeedsCommit!this:0x9f45a2c0
11-28 17:13:33.015 D/[cc]LayerTreeHost( 4548): [SetNeedsCommit] SetNeedsCommit!this:0x9f45a2c0
11-28 17:13:33.015 D/[cc]LayerTreeHost( 4548): [SetNeedsCommit] SetNeedsCommit!this:0x9f45a2c0
11-28 17:13:33.015 D/[cc]AnimationHost( 4548): [RegisterPlayerForElement] add player:0x8b558760, this:0x9f5975b0
11-28 17:13:33.015 D/[cc]LayerTreeHost( 4548): [SetNeedsCommit] SetNeedsCommit!this:0x9f45a2c0
11-28 17:13:33.015 D/[cc]AnimationPlayer( 4548): [AddAnimation] AddAnimation animation:0, this:0x8b558760
11-28 17:13:33.017 D/[blink] ImagePainter( 4548): [paintReplaced] ImagePainter::paintReplaced in w=21056, h=3712.
11-28 17:13:33.017 D/[blink] ImagePainter( 4548): [paintReplaced] ImagePainter::paintReplaced out.
11-28 17:13:33.017 D/[blink] ImagePainter( 4548): [paintReplaced] ImagePainter::paintReplaced in w=14272, h=1792.
11-28 17:13:33.017 D/[blink] ImagePainter( 4548): [paintReplaced] ImagePainter::paintReplaced out.
11-28 17:13:33.017 D/[blink] BoxPainter( 4548): [paintBoxDecorationBackgroundWithRect] BoxPainter::paintBoxDecorationBackgroundWithRect isImage=0, isLayoutImage=0
11-28 17:13:33.017 D/[blink] ImagePainter( 4548): [paintReplaced] ImagePainter::paintReplaced in w=17472, h=9792.
11-28 17:13:33.017 D/[blink] ImagePainter( 4548): [paintReplaced] ImagePainter::paintReplaced out.
11-28 17:13:33.017 D/[blink] ImagePainter( 4548): [paintReplaced] ImagePainter::paintReplaced in w=3648, h=3904.
11-28 17:13:33.017 D/[blink] ImagePainter( 4548): [paintReplaced] ImagePainter::paintReplaced out.
11-28 17:13:33.018 D/[blink] BoxPainter( 4548): [paintBoxDecorationBackgroundWithRect] BoxPainter::paintBoxDecorationBackgroundWithRect isImage=0, isLayoutImage=0
11-28 17:13:33.018 D/[blink] BoxPainter( 4548): [paintBoxDecorationBackgroundWithRect] BoxPainter::paintBoxDecorationBackgroundWithRect isImage=0, isLayoutImage=0
11-28 17:13:33.018 D/[blink] ImagePainter( 4548): [paintReplaced] ImagePainter::paintReplaced in w=17472, h=9792.
11-28 17:13:33.018 D/[blink] ImagePainter( 4548): [paintReplaced] ImagePainter::paintReplaced out.
11-28 17:13:33.018 D/[blink] ImagePainter( 4548): [paintReplaced] ImagePainter::paintReplaced in w=3648, h=3904.
11-28 17:13:33.018 D/[blink] ImagePainter( 4548): [paintReplaced] ImagePainter::paintReplaced out.
11-28 17:13:33.018 D/[blink] BoxPainter( 4548): [paintBoxDecorationBackgroundWithRect] BoxPainter::paintBoxDecorationBackgroundWithRect isImage=0, isLayoutImage=0
11-28 17:13:33.018 D/[blink] BoxPainter( 4548): [paintBoxDecorationBackgroundWithRect] BoxPainter::paintBoxDecorationBackgroundWithRect isImage=0, isLayoutImage=0
11-28 17:13:33.018 D/[blink] ImagePainter( 4548): [paintReplaced] ImagePainter::paintReplaced in w=14144, h=7936.
11-28 17:13:33.018 D/[blink] ImagePainter( 4548): [paintReplaced] ImagePainter::paintReplaced out.
11-28 17:13:33.018 D/[blink] BoxPainter( 4548): [paintBoxDecorationBackgroundWithRect] BoxPainter::paintBoxDecorationBackgroundWithRect isImage=0, isLayoutImage=0
11-28 17:13:33.018 D/[blink] BoxPainter( 4548): [paintBoxDecorationBackgroundWithRect] BoxPainter::paintBoxDecorationBackgroundWithRect isImage=0, isLayoutImage=0
11-28 17:13:33.018 D/[blink] ImagePainter( 4548): [paintReplaced] ImagePainter::paintReplaced in w=14144, h=7936.
11-28 17:13:33.018 D/[blink] ImagePainter( 4548): [paintReplaced] ImagePainter::paintReplaced out.
11-28 17:13:33.018 D/[blink] BoxPainter( 4548): [paintBoxDecorationBackgroundWithRect] BoxPainter::paintBoxDecorationBackgroundWithRect isImage=0, isLayoutImage=0
11-28 17:13:33.018 D/[blink] ImagePainter( 4548): [paintReplaced] ImagePainter::paintReplaced in w=1408, h=768.
11-28 17:13:33.018 D/[blink] ImagePainter( 4548): [paintReplaced] ImagePainter::paintReplaced out.
11-28 17:13:33.018 D/[blink] BoxPainter( 4548): [paintBoxDecorationBackgroundWithRect] BoxPainter::paintBoxDecorationBackgroundWithRect isImage=0, isLayoutImage=0
11-28 17:13:33.018 D/[blink] BoxPainter( 4548): [paintBoxDecorationBackgroundWithRect] BoxPainter::paintBoxDecorationBackgroundWithRect isImage=0, isLayoutImage=0
11-28 17:13:33.019 D/[blink] BoxPainter( 4548): [paintBoxDecorationBackgroundWithRect] BoxPainter::paintBoxDecorationBackgroundWithRect isImage=0, isLayoutImage=0
11-28 17:13:33.019 D/[blink] BoxPainter( 4548): [paintBoxDecorationBackgroundWithRect] BoxPainter::paintBoxDecorationBackgroundWithRect isImage=0, isLayoutImage=0
11-28 17:13:33.019 D/[blink] BoxPainter( 4548): [paintBoxDecorationBackgroundWithRect] BoxPainter::paintBoxDecorationBackgroundWithRect isImage=0, isLayoutImage=0
11-28 17:13:33.019 D/[blink] BoxPainter( 4548): [paintBoxDecorationBackgroundWithRect] BoxPainter::paintBoxDecorationBackgroundWithRect isImage=0, isLayoutImage=0
11-28 17:13:33.019 D/[blink]FrameView( 4548): [updateLifecyclePhasesInternal] end... this:0x597c7038
11-28 17:13:33.020 D/[cc]AnimationHost( 4548): [RegisterPlayerForElement] add player:0x862b0400, this:0x8e0f4510
11-28 17:13:33.021 D/[blink] ImageResource( 4548): [updateImage] allDataReceived!! data size=8712
11-28 17:13:33.021 D/[blink] ImageResource( 4548): [updateImage] allDataReceived!! data size=14520
11-28 17:13:33.021 D/[blink] ImageResource( 4548): [updateImage] allDataReceived!! data size=24684
11-28 17:13:33.021 D/[blink] ImageResource( 4548): [updateImage] allDataReceived!! data size=30492
11-28 17:13:33.022 D/[blink] ImageResource( 4548): [updateImage] allDataReceived!! data size=37752
11-28 17:13:33.022 D/[blink] ImageResource( 4548): [updateImage] allDataReceived!! data size=40656
11-28 17:13:33.022 D/[blink] ImageResource( 4548): [updateImage] allDataReceived!! data size=47916
11-28 17:13:33.023 D/ResourceLoader( 4548): [ResponseCompleted] finish request 0x8b42dc00 url='http://slave.tvos_cf96066.cn:13160/poster/movie/100000557/375x210_1.jpg'
11-28 17:13:33.027 D/ir_user ( 1585): PlayerTimeLineTrace:linux_keycode:0x6c(UP),	protocol: .
11-28 17:13:33.028 V/PT      ( 1581): >>INFO:irkey_task:[    2417.303420] /dev/input/event0: type=0001 code=006c val=00000000
11-28 17:13:33.028 V/PT      ( 1581): >>INFO:irkey_send:0x3001 0x0028 up  
11-28 17:13:33.028 V/SUMA    ( 1581): ++++++++++++++  _roc_evtmgr_key_cbk 517:input = 12289, event=40, act=0x400
11-28 17:13:33.028 V/SUMA    ( 1581): lxm:_roc_evtmgr_key_cbk 519 2417303
11-28 17:13:33.028 V/SUMA    ( 1581): lxm:_roc_evtmgr_add_key_into_queue 311 2417303
11-28 17:13:33.028 V/PT      ( 1581): >>INFO:irkey_task:[    2417.303420] /dev/input/event0: type=0000 code=0000 val=00000000
11-28 17:13:33.028 V/SUMA    ( 1581): ===================>> type=0 src=0 evt=40 act=0x400
11-28 17:13:33.028 V/SUMA    ( 1581): [sysset-s][event_manager_cbk 78]lxm cbid=1, cbk_reg=1, cpid=2464
11-28 17:13:33.028 D/NGBEvent( 2464): ngbEventCallBack type:0 source :40
11-28 17:13:33.028 D/NGBEvent( 2464): [NGBEventManager-JNI]-returning:1
11-28 17:13:33.028 D/NGBEvent( 2464): Input key event: keyCode=40
11-28 17:13:33.028 D/NGBEvent( 2464): src:40 = dest:40
11-28 17:13:33.028 I/System.out( 2464): [DEBUG EventManager] LWJ--Add event to java with evt=NgbEvent-[type = 1, subtype = 402, code = 40]
11-28 17:13:33.028 D/NGBEvent( 2464): [NGBEvent_log]--[EventManager--JNI]:		start
11-28 17:13:33.028 I/System.out( 2464): [DEBUG EventManager] broadcastEvent  :len 1
11-28 17:13:33.028 D/KeyEventNgbDealer( 2464): [TN_pool-1-thread-1]handleKeyReleased keyEvent=NgbEvent-[type = 1, subtype = 402, code = 40],time=2417304
11-28 17:13:33.030 D/[blink] ImageResource( 4548): [updateImage] allDataReceived!! data size=50820
11-28 17:13:33.030 D/[blink] ImageResource( 4548): [updateImage] allDataReceived!! data size=58080
11-28 17:13:33.031 D/[blink] ImageResource( 4548): [updateImage] allDataReceived!! data size=60984
11-28 17:13:33.031 D/[blink] ImageResource( 4548): [updateImage] allDataReceived!! data size=64433
11-28 17:13:33.031 D/[blink]ResourceFetcher( 4548): [didFinishLoading] encoded length=64543 url=http://slave.tvos_cf96066.cn:13160/poster/movie/100000557/375x210_1.jpg.
11-28 17:13:33.031 D/[blink] ImageResource( 4548): [updateImage] allDataReceived!! data size=64433
11-28 17:13:33.033 D/[cc]ProxyMain( 4548): [BeginMainFrame] cc.BeginMainFrame this:0x9f620a10
11-28 17:13:33.033 D/[cc]LayerTreeHost( 4548): [AnimateLayers] AnimateLayers monotonic_time=2417299903
11-28 17:13:33.033 D/[blink]FrameView( 4548): [updateStyleAndLayoutIfNeededRecursiveInternal] in... this:0x597c7038.
11-28 17:13:33.033 D/[blink]FrameView( 4548): [updateStyleAndLayoutIfNeededRecursiveInternal] in... this:0x597c78b0.
11-28 17:13:33.033 D/[blink]FrameView( 4548): [updateStyleAndLayoutIfNeededRecursiveInternal] end... this:0x597c78b0.
11-28 17:13:33.033 D/[blink]FrameView( 4548): [updateStyleAndLayoutIfNeededRecursiveInternal] end... this:0x597c7038.
11-28 17:13:33.033 D/[blink]FrameView( 4548): [updateLifecyclePhasesInternal] in... this:0x597c7038, targetState=18
11-28 17:13:33.033 D/[blink]FrameView( 4548): [updateLifecyclePhasesInternal] call compositor()->updateIfNeededRecursive()!
11-28 17:13:33.034 D/[blink] ImagePainter( 4548): [paintReplaced] ImagePainter::paintReplaced in w=17472, h=9792.
11-28 17:13:33.034 D/RemoteIME( 2350): RemoteIME--> onKeyUp keyCode = 20
11-28 17:13:33.035 D/[blink] ImagePainter( 4548): [paintReplaced] ImagePainter::paintReplaced out.
11-28 17:13:33.035 D/[blink] ImagePainter( 4548): [paintReplaced] ImagePainter::paintReplaced in w=3648, h=3904.
11-28 17:13:33.035 D/[blink] ImagePainter( 4548): [paintReplaced] ImagePainter::paintReplaced in w=14144, h=7936.
11-28 17:13:33.035 D/[blink] ImagePainter( 4548): [paintReplaced] ImagePainter::paintReplaced in w=14144, h=7936.
11-28 17:13:33.036 D/[blink] ImagePainter( 4548): [paintReplaced] ImagePainter::paintReplaced in w=1408, h=768.
11-28 17:13:33.036 D/cr_AwTestContainerView( 4548): [AwTestContainerView.java:63] [mainFrame]: [2017-11-21 17:52:03] dispatchKeyEvent keyCode = 20 event = KeyEvent { action=ACTION_UP, keyCode=KEYCODE_DPAD_DOWN, scanCode=108, metaState=0, flags=0x8, repeatCount=0, eventTime=2417303, downTime=2417202, deviceId=4, source=0x701 }
11-28 17:13:33.036 D/ImeAdapterAndroid( 4548): [SendKeyEvent] [BUILD TIME: ] dispatchKeyEvent key_code=20 modifiers=0 unicode_char=0 scan_code=108 is_system=0 tm=2417303
11-28 17:13:33.037 D/[blink]FrameView( 4548): [updateLifecyclePhasesInternal] end... this:0x597c7038
11-28 17:13:33.051 I/Advanced( 4548): [QUEUE] share_queue_sendEx size:1 4097 3602 0x8ec69fd0,postLoopId:0,dstid:1.
11-28 17:13:33.063 D/[skia]SkBitmap( 4548): [tryAllocPixels] allocator:0x51a7d480
11-28 17:13:33.063 D/RenderWidgetInputHandler( 4548): [HandleInputEvent] input_event type=9 name=KeyUp
11-28 17:13:33.064 D/RenderWidgetInputHandler( 4548): [HandleInputEvent] key_event.nativeKeyCode:20,widget_->GetTextInputType():0
11-28 17:13:33.064 D/RenderWidgetInputHandler( 4548): [HandleInputEvent] input_event type=9 prevent_default:0
11-28 17:13:33.064 D/WebViewImpl( 4548): [handleKeyEvent] keycode:40, eventType:9 native keycode:20 frame=0x25e6bdb8. url='http://10.14.41.246/application/bxfc/sec/index.htm'.
11-28 17:13:33.064 D/[blink]KeyboardEventManager( 4548): [keyEvent] initialKeyEvent KeyUp nativeKeyCode=20 windowsKeyCode=40 text[0]=0
11-28 17:13:33.064 D/[blink]KeyboardEventManager( 4548): [keyEvent] initialKeyEvent focusedNode=0x0
11-28 17:13:33.064 D/[cc]ProxyMain( 4548): [BeginMainFrame] cc.BeginMainFrame this:0x9f620a10
11-28 17:13:33.064 D/[cc]LayerTreeHost( 4548): [AnimateLayers] AnimateLayers monotonic_time=2417333236
11-28 17:13:33.064 D/[blink]FrameView( 4548): [updateStyleAndLayoutIfNeededRecursiveInternal] in... this:0x597c7038.
11-28 17:13:33.064 D/[blink]FrameView( 4548): [updateStyleAndLayoutIfNeededRecursiveInternal] in... this:0x597c78b0.
11-28 17:13:33.064 D/[blink]FrameView( 4548): [updateStyleAndLayoutIfNeededRecursiveInternal] end... this:0x597c78b0.
11-28 17:13:33.064 D/[blink]FrameView( 4548): [updateStyleAndLayoutIfNeededRecursiveInternal] end... this:0x597c7038.
11-28 17:13:33.064 D/[blink]FrameView( 4548): [updateLifecyclePhasesInternal] in... this:0x597c7038, targetState=18
11-28 17:13:33.064 D/[blink]FrameView( 4548): [updateLifecyclePhasesInternal] call compositor()->updateIfNeededRecursive()!
11-28 17:13:33.066 D/[blink]FrameView( 4548): [updateLifecyclePhasesInternal] end... this:0x597c7038
11-28 17:13:33.075 D/[cc]ProxyMain( 4548): [BeginMainFrame] cc.BeginMainFrame this:0x9f620a10
11-28 17:13:33.075 D/[cc]LayerTreeHost( 4548): [AnimateLayers] AnimateLayers monotonic_time=2417349903
11-28 17:13:33.075 D/[blink]FrameView( 4548): [updateStyleAndLayoutIfNeededRecursiveInternal] in... this:0x597c7038.
11-28 17:13:33.076 D/[blink]FrameView( 4548): [updateStyleAndLayoutIfNeededRecursiveInternal] in... this:0x597c78b0.
11-28 17:13:33.077 D/[blink]FrameView( 4548): [updateStyleAndLayoutIfNeededRecursiveInternal] end... this:0x597c78b0.
11-28 17:13:33.077 D/[blink]FrameView( 4548): [updateStyleAndLayoutIfNeededRecursiveInternal] end... this:0x597c7038.
11-28 17:13:33.077 D/[blink]FrameView( 4548): [updateLifecyclePhasesInternal] in... this:0x597c7038, targetState=18
11-28 17:13:33.077 D/[blink]FrameView( 4548): [updateLifecyclePhasesInternal] call compositor()->updateIfNeededRecursive()!
11-28 17:13:33.080 D/[blink]AnimationTimeline( 4548): [wakeAfter] duration= 5.205000
11-28 17:13:33.080 D/[blink]FrameView( 4548): [updateLifecyclePhasesInternal] end... this:0x597c7038
11-28 17:13:33.251 I/Advanced( 4548): [QUEUE] share_queue_sendEx size:1 4097 3603 0x8ec69fd0,postLoopId:0,dstid:1.
11-28 17:13:33.422 D/IPLoaderNeimeng( 2401): after wait time17:13:33:monitorInterval:5000
11-28 17:13:33.422 D/IPLoaderNeimeng( 2401): before dealUpdateCheck time:17:13:33:isMsgBroadcast:false:monitorInterval:5000:processState:1
11-28 17:13:33.422 D/IPLoaderNeimeng( 2401): dealUpdateCheck isFirstSuccessUpdate:false:monitorInterval:5000
11-28 17:13:33.422 D/LoadHttpHandler( 2401): [TN_ThreadUtil-6]doNormal proxyConfig=null
11-28 17:13:33.452 I/Advanced( 4548): [QUEUE] share_queue_sendEx size:1 4097 3604 0x8ec69fd0,postLoopId:0,dstid:1.
11-28 17:13:33.462 D/LoadHttpHandler( 2401): [TN_ThreadUtil-6]doNormal responseCode=404
11-28 17:13:33.463 D/LoadHttpTask( 2401): dealUpdateCheck responseCode:404:data:null:downloadResult:false
11-28 17:13:33.463 D/IPLoaderNeimeng( 2401): after dealUpdateCheck time:17:13:33:isMsgBroadcast:false:monitorInterval:5000:processState:1
11-28 17:13:33.464 D/IPLoaderNeimeng( 2401): before wait time17:13:33:monitorInterval:5000
11-28 17:13:33.483 D/BackBootDealerNeimeng( 2401): standbyState:
11-28 17:13:33.483 E/NetUtils( 2029): Interface eth0 LinkUp!
11-28 17:13:33.652 I/Advanced( 4548): [QUEUE] share_queue_sendEx size:1 4097 3605 0x8ec69fd0,postLoopId:0,dstid:1.
11-28 17:13:33.853 I/Advanced( 4548): [QUEUE] share_queue_sendEx size:1 4097 3606 0x8ec69fd0,postLoopId:0,dstid:1.
11-28 17:13:33.973 I/AdvancedPorting-PORT_MODULE_NET( 4548): network_task while... 
11-28 17:13:33.973 I/AdvancedPorting-PORT_MODULE_NET( 4548): 0 interface name: lo
11-28 17:13:33.973 I/AdvancedPorting-PORT_MODULE_NET( 4548): 1 interface name: eth0
11-28 17:13:33.973 I/AdvancedPorting-PORT_MODULE_NET( 4548): 2 interface name: wlan0
11-28 17:13:33.973 I/AdvancedPorting-PORT_MODULE_NET( 4548): First interface name: lo
11-28 17:13:33.973 I/AdvancedPorting-PORT_MODULE_NET( 4548): network_task while...  net_i:1
11-28 17:13:33.973 I/AdvancedPorting-PORT_MODULE_NET( 4548): network_task while---name_interface[0]=lo
11-28 17:13:33.973 I/AdvancedPorting-PORT_MODULE_NET( 4548): network_task while---name_interface[1]=eth0
11-28 17:13:33.973 I/AdvancedPorting-PORT_MODULE_NET( 4548): network_task while---interface_name=eth0
11-28 17:13:33.973 I/AdvancedPorting-PORT_MODULE_NET( 4548): network_get_netlink_status(in)--if_name=eth0
11-28 17:13:33.973 I/AdvancedPorting-PORT_MODULE_NET( 4548): net.network.isconnected = no
11-28 17:13:33.973 I/AdvancedPorting-PORT_MODULE_NET( 4548): eth0 --network_get_netlink_status return retval=1
11-28 17:13:33.973 I/AdvancedPorting-PORT_MODULE_NET( 4548): stat = 1 last_status = 1
11-28 17:13:33.984 D/BackBootDealerNeimeng( 2401): standbyState:
11-28 17:13:33.985 E/NetUtils( 2029): Interface eth0 LinkUp!
11-28 17:13:34.054 I/Advanced( 4548): [QUEUE] share_queue_sendEx size:1 4097 3607 0x8ec69fd0,postLoopId:0,dstid:1.
11-28 17:13:34.214 E/NetUtils( 2029): Interface eth0 LinkUp!
11-28 17:13:34.254 I/Advanced( 4548): [QUEUE] share_queue_sendEx size:1 4097 3608 0x8ec69fd0,postLoopId:0,dstid:1.
11-28 17:13:34.455 I/Advanced( 4548): [QUEUE] share_queue_sendEx size:1 4097 3609 0x8ec69fd0,postLoopId:0,dstid:1.
11-28 17:13:34.485 D/BackBootDealerNeimeng( 2401): standbyState:
11-28 17:13:34.486 E/NetUtils( 2029): Interface eth0 LinkUp!
11-28 17:13:34.655 I/Advanced( 4548): [QUEUE] share_queue_sendEx size:1 4097 3610 0x8ec69fd0,postLoopId:0,dstid:1.
11-28 17:13:34.856 I/Advanced( 4548): [QUEUE] share_queue_sendEx size:1 4097 3611 0x8ec69fd0,postLoopId:0,dstid:1.
11-28 17:13:34.974 I/AdvancedPorting-PORT_MODULE_NET( 4548): network_task while... 
11-28 17:13:34.974 I/AdvancedPorting-PORT_MODULE_NET( 4548): 0 interface name: lo
11-28 17:13:34.974 I/AdvancedPorting-PORT_MODULE_NET( 4548): 1 interface name: eth0
11-28 17:13:34.974 I/AdvancedPorting-PORT_MODULE_NET( 4548): 2 interface name: wlan0
11-28 17:13:34.974 I/AdvancedPorting-PORT_MODULE_NET( 4548): First interface name: lo
11-28 17:13:34.974 I/AdvancedPorting-PORT_MODULE_NET( 4548): network_task while...  net_i:1
11-28 17:13:34.974 I/AdvancedPorting-PORT_MODULE_NET( 4548): network_task while---name_interface[0]=lo
11-28 17:13:34.974 I/AdvancedPorting-PORT_MODULE_NET( 4548): network_task while---name_interface[1]=eth0
11-28 17:13:34.974 I/AdvancedPorting-PORT_MODULE_NET( 4548): network_task while---interface_name=eth0
11-28 17:13:34.974 I/AdvancedPorting-PORT_MODULE_NET( 4548): network_get_netlink_status(in)--if_name=eth0
11-28 17:13:34.974 I/AdvancedPorting-PORT_MODULE_NET( 4548): net.network.isconnected = no
11-28 17:13:34.974 I/AdvancedPorting-PORT_MODULE_NET( 4548): eth0 --network_get_netlink_status return retval=1
11-28 17:13:34.974 I/AdvancedPorting-PORT_MODULE_NET( 4548): stat = 1 last_status = 1
11-28 17:13:34.987 D/BackBootDealerNeimeng( 2401): standbyState:
11-28 17:13:34.987 E/NetUtils( 2029): Interface eth0 LinkUp!
11-28 17:13:35.056 I/Advanced( 4548): [QUEUE] share_queue_sendEx size:1 4097 3612 0x8ec69fd0,postLoopId:0,dstid:1.
11-28 17:13:35.256 I/Advanced( 4548): [QUEUE] share_queue_sendEx size:1 4097 3613 0x8ec69fd0,postLoopId:0,dstid:1.
11-28 17:13:35.457 I/Advanced( 4548): [QUEUE] share_queue_sendEx size:1 4097 3614 0x8ec69fd0,postLoopId:0,dstid:1.
11-28 17:13:35.487 D/BackBootDealerNeimeng( 2401): standbyState:
11-28 17:13:35.488 E/NetUtils( 2029): Interface eth0 LinkUp!
11-28 17:13:35.639 V/PT      ( 1581): >>INFO:irkey_task:[    2419.914540] /dev/input/event0: type=0001 code=0067 val=00000001
11-28 17:13:35.639 V/PT      ( 1581): >>INFO:irkey_send:0x3001 0x0026 down
11-28 17:13:35.639 V/SUMA    ( 1581): ++++++++++++++  _roc_evtmgr_key_cbk 517:input = 12289, event=38, act=0x100
11-28 17:13:35.639 V/SUMA    ( 1581): lxm:_roc_evtmgr_key_cbk 519 2419914
11-28 17:13:35.639 V/SUMA    ( 1581): lxm:_roc_evtmgr_add_evt_into_queue 347 2419915
11-28 17:13:35.639 V/SUMA    ( 1581): ===================>> type=0 src=0 evt=38 act=0x100
11-28 17:13:35.639 V/PT      ( 1581): >>INFO:irkey_task:[    2419.914540] /dev/input/event0: type=0000 code=0000 val=00000000
11-28 17:13:35.639 V/SUMA    ( 1581): [sysset-s][event_manager_cbk 78]lxm cbid=1, cbk_reg=1, cpid=2464
11-28 17:13:35.640 D/NGBEvent( 2464): ngbEventCallBack type:0 source :38
11-28 17:13:35.640 D/NGBEvent( 2464): [NGBEventManager-JNI]-returning:1
11-28 17:13:35.640 D/NGBEvent( 2464): Input key event: keyCode=38
11-28 17:13:35.640 D/NGBEvent( 2464): src:38 = dest:38
11-28 17:13:35.640 I/System.out( 2464): [DEBUG EventManager] LWJ--Add event to java with evt=NgbEvent-[type = 1, subtype = 401, code = 38]
11-28 17:13:35.640 D/ir_user ( 1585): PlayerTimeLineTrace:linux_keycode:0x67(DOWN),	protocol: .
11-28 17:13:35.640 D/NGBEvent( 2464): [NGBEvent_log]--[EventManager--JNI]:		start
11-28 17:13:35.640 I/System.out( 2464): [DEBUG EventManager] broadcastEvent  :len 1
11-28 17:13:35.640 D/CombineKeyUtil( 2464): [TN_pool-1-thread-1]dealKeyEvent,combineIndex:-1:keyCode:19
11-28 17:13:35.641 D/KeyEventNgbDealer( 2464): [TN_pool-1-thread-1]handleKeyPressed keyEvent=NgbEvent-[type = 1, subtype = 401, code = 38],time=2419916
11-28 17:13:35.652 D/RemoteIME( 2350): onKeyDown event = KeyEvent { action=ACTION_DOWN, keyCode=KEYCODE_DPAD_UP, scanCode=103, metaState=0, flags=0x8, repeatCount=0, eventTime=2419914, downTime=2419914, deviceId=4, source=0x701 },mSkbContainer=null
11-28 17:13:35.653 D/cr_AwTestContainerView( 4548): [AwTestContainerView.java:63] [mainFrame]: [2017-11-21 17:52:03] dispatchKeyEvent keyCode = 19 event = KeyEvent { action=ACTION_DOWN, keyCode=KEYCODE_DPAD_UP, scanCode=103, metaState=0, flags=0x8, repeatCount=0, eventTime=2419914, downTime=2419914, deviceId=4, source=0x701 }
11-28 17:13:35.653 D/ImeAdapterAndroid( 4548): [SendKeyEvent] [BUILD TIME: ] dispatchKeyEvent key_code=19 modifiers=0 unicode_char=0 scan_code=103 is_system=0 tm=2419914
11-28 17:13:35.654 D/RenderWidgetInputHandler( 4548): [HandleInputEvent] input_event type=8 name=KeyDown
11-28 17:13:35.654 D/RenderWidgetInputHandler( 4548): [HandleInputEvent] key_event.nativeKeyCode:19,widget_->GetTextInputType():0
11-28 17:13:35.654 D/RenderWidgetInputHandler( 4548): [HandleInputEvent] input_event type=8 prevent_default:0
11-28 17:13:35.654 D/WebViewImpl( 4548): [handleKeyEvent] keycode:38, eventType:8 native keycode:19 frame=0x25e6bdb8. url='http://10.14.41.246/application/bxfc/sec/index.htm'.
11-28 17:13:35.654 D/[blink]KeyboardEventManager( 4548): [keyEvent] initialKeyEvent KeyDown nativeKeyCode=19 windowsKeyCode=38 text[0]=0
11-28 17:13:35.654 D/[blink]KeyboardEventManager( 4548): [keyEvent] initialKeyEvent focusedNode=0x0
11-28 17:13:35.654 D/V8ScriptRunner( 4548): [callFunction] start. frame = 0x25e6bdb8 function: eventHandler url: http://10.14.41.246/application/bxfc/sec/index.htm line: 179
11-28 17:13:35.654 D/base::KeyConverter( 4548): [get] convert 19 => -1.
11-28 17:13:35.654 D/iPanel  ( 4548): iPanel.debug("---141----popFlag=false")
11-28 17:13:35.654 D/iPanel  ( 4548): iPanel.debug("---142----ifrSrc=http://10.14.41.246/application/bxfc/sec/index.htm")
11-28 17:13:35.654 D/iPanel  ( 4548): iPanel.debug("-------主窗口按键响应=KEY_UP")
11-28 17:13:35.655 D/iPanel  ( 4548): iPanel.debug("----chanel[menuPos]--:289")
11-28 17:13:35.655 D/iPanel  ( 4548): iPanel.debug("----menuPos-:2")
11-28 17:13:35.655 D/iPanel  ( 4548): iPanel.debug("----menuPos--:number")
11-28 17:13:35.655 D/iPanel  ( 4548): iPanel.debug("----listDataPath--:http://10.14.41.245:13160/search/search_by_keyword?accesstoken=R5A1D202BU20850029K53724E0DIA6230E0AP8M2FAF083WDC011B88FB1&keyword=201709&label=289&pageidx=1&pagenum=20&depth=2&sortby=4")
11-28 17:13:35.656 D/ChromeClientImpl( 4548): [addMessageToConsole] [LOG:CONSOLE(291)] "http://10.14.41.245:13160/search/search_by_keyword?accesstoken=R5A1D202BU20850029K53724E0DIA6230E0AP8M2FAF083WDC011B88FB1&keyword=201709&label=289&pageidx=1&pagenum=20&depth=2&sortby=4", source:http://10.14.41.246/application/bxfc/sec/js/common.js (291)
11-28 17:13:35.656 D/V8ScriptRunner( 4548): [callFunction] start. frame = 0x25e6bdb8 function: xmlHttp.onreadystatechange url: http://10.14.41.246/application/bxfc/sec/js/common.js line: 276
11-28 17:13:35.656 D/V8ScriptRunner( 4548): [callFunction] end. frame = 0x25e6bdb8 function: xmlHttp.onreadystatechange url: http://10.14.41.246/application/bxfc/sec/js/common.js line: 276
11-28 17:13:35.656 D/[blink]ResourceFetcher( 4548): [requestResource] url=http://10.14.41.245:13160/search/search_by_keyword?accesstoken=R5A1D202BU20850029K53724E0DIA6230E0AP8M2FAF083WDC011B88FB1&keyword=201709&label=289&pageidx=1&pagenum=20&depth=2&sortby=4.
11-28 17:13:35.656 D/url     ( 4548): [DoResolveRelative] [WEB] DoResolveRelative Error resolving.
11-28 17:13:35.656 D/[blink]memoryCache( 4548): [evict] remove:http://10.14.41.245:13160/search/search_by_keyword?accesstoken=R5A1D202BU20850029K53724E0DIA6230E0AP8M2FAF083WDC011B88FB1&keyword=201709&label=289&pageidx=1&pagenum=20&depth=2&sortby=4
11-28 17:13:35.657 D/[blink]DOMTimer( 4548): [DOMTimer] 0x597d2fa0 setTimeout 500ms, repeat:0.
11-28 17:13:35.657 D/[blink]DOMTimer( 4548): [DOMTimer] 0x597d3010 setTimeout 30000ms, repeat:0.
11-28 17:13:35.657 D/iPanel  ( 4548): iPanel.debug("-------keyUp=KEY_UP")
11-28 17:13:35.657 D/V8ScriptRunner( 4548): [callFunction] end. frame = 0x25e6bdb8 function: eventHandler url: http://10.14.41.246/application/bxfc/sec/index.htm line: 179
11-28 17:13:35.657 D/[blink]KeyboardEventManager( 4548): [keyEvent] dispatchResult = CanceledByEventHandler
11-28 17:13:35.657 D/ResourceLoader( 4548): [StartRequest] start request 0xb4befb80 url='http://10.14.41.245:13160/search/search_by_keyword?accesstoken=R5A1D202BU20850029K53724E0DIA6230E0AP8M2FAF083WDC011B88FB1&keyword=201709&label=289&pageidx=1&pagenum=20&depth=2&sortby=4'
11-28 17:13:35.657 D/[cc]ProxyMain( 4548): [BeginMainFrame] cc.BeginMainFrame this:0x9f620a10
11-28 17:13:35.657 D/AwRequestInterceptor( 4548): [MaybeInterceptRequest] request=0xb4befb80
11-28 17:13:35.657 D/[cc]LayerTreeHost( 4548): [AnimateLayers] AnimateLayers monotonic_time=2419899903
11-28 17:13:35.657 D/[blink]FrameView( 4548): [updateStyleAndLayoutIfNeededRecursiveInternal] in... this:0x597c7038.
11-28 17:13:35.658 D/cr_AwContents( 4548): [AwContents.java:520] BackgroundThreadClientImpl shouldInterceptRequest url = http://10.14.41.245:13160/search/search_by_keyword?accesstoken=R5A1D202BU20850029K53724E0DIA6230E0AP8M2FAF083WDC011B88FB1&keyword=201709&label=289&pageidx=1&pagenum=20&depth=2&sortby=4
11-28 17:13:35.658 D/cr_AwNullContentsClient( 4548): [AwNullContentsClient.java:59] shouldInterceptRequest url=http://10.14.41.245:13160/search/search_by_keyword?accesstoken=R5A1D202BU20850029K53724E0DIA6230E0AP8M2FAF083WDC011B88FB1&keyword=201709&label=289&pageidx=1&pagenum=20&depth=2&sortby=4
11-28 17:13:35.658 D/BrowserWebViewClient( 4548): intercept request :http://10.14.41.245:13160/search/search_by_keyword?accesstoken=R5A1D202BU20850029K53724E0DIA6230E0AP8M2FAF083WDC011B88FB1&keyword=201709&label=289&pageidx=1&pagenum=20&depth=2&sortby=4
11-28 17:13:35.658 D/AwRequestInterceptor( 4548): [MaybeInterceptRequest] request=0xb4befb80
11-28 17:13:35.658 D/[blink]FrameView( 4548): [updateStyleAndLayoutIfNeededRecursiveInternal] in... this:0x597c78b0.
11-28 17:13:35.658 D/[blink]FrameView( 4548): [updateStyleAndLayoutIfNeededRecursiveInternal] end... this:0x597c78b0.
11-28 17:13:35.658 D/[blink]FrameView( 4548): [updateStyleAndLayoutIfNeededRecursiveInternal] end... this:0x597c7038.
11-28 17:13:35.658 D/[blink]FrameView( 4548): [updateLifecyclePhasesInternal] in... this:0x597c7038, targetState=18
11-28 17:13:35.658 D/[blink]FrameView( 4548): [updateLifecyclePhasesInternal] call compositor()->updateIfNeededRecursive()!
11-28 17:13:35.659 D/[blink]FrameView( 4548): [updateLifecyclePhasesInternal] end... this:0x597c7038
11-28 17:13:35.659 D/[cc]ProxyMain( 4548): [BeginMainFrame] cc.BeginMainFrame this:0x9f620a10
11-28 17:13:35.660 D/[cc]LayerTreeHost( 4548): [AnimateLayers] AnimateLayers monotonic_time=2419916569
11-28 17:13:35.660 D/[blink]FrameView( 4548): [updateStyleAndLayoutIfNeededRecursiveInternal] in... this:0x597c7038.
11-28 17:13:35.660 D/[blink]FrameView( 4548): [updateStyleAndLayoutIfNeededRecursiveInternal] in... this:0x597c78b0.
11-28 17:13:35.660 D/[blink]FrameView( 4548): [updateStyleAndLayoutIfNeededRecursiveInternal] end... this:0x597c78b0.
11-28 17:13:35.660 D/[blink]FrameView( 4548): [updateStyleAndLayoutIfNeededRecursiveInternal] end... this:0x597c7038.
11-28 17:13:35.660 D/[blink]FrameView( 4548): [updateLifecyclePhasesInternal] in... this:0x597c7038, targetState=18
11-28 17:13:35.660 D/[blink]FrameView( 4548): [updateLifecyclePhasesInternal] call compositor()->updateIfNeededRecursive()!
11-28 17:13:35.660 D/[blink]FrameView( 4548): [updateLifecyclePhasesInternal] end... this:0x597c7038
11-28 17:13:35.673 D/[cc]ProxyMain( 4548): [BeginMainFrame] cc.BeginMainFrame this:0x9f620a10
11-28 17:13:35.674 D/[cc]LayerTreeHost( 4548): [AnimateLayers] AnimateLayers monotonic_time=2419933236
11-28 17:13:35.674 D/[blink]FrameView( 4548): [updateStyleAndLayoutIfNeededRecursiveInternal] in... this:0x597c7038.
11-28 17:13:35.674 D/[blink]FrameView( 4548): [updateStyleAndLayoutIfNeededRecursiveInternal] in... this:0x597c78b0.
11-28 17:13:35.674 D/[blink]FrameView( 4548): [updateStyleAndLayoutIfNeededRecursiveInternal] end... this:0x597c78b0.
11-28 17:13:35.674 D/[blink]FrameView( 4548): [updateStyleAndLayoutIfNeededRecursiveInternal] end... this:0x597c7038.
11-28 17:13:35.674 D/[blink]FrameView( 4548): [updateLifecyclePhasesInternal] in... this:0x597c7038, targetState=18
11-28 17:13:35.674 D/[blink]FrameView( 4548): [updateLifecyclePhasesInternal] call compositor()->updateIfNeededRecursive()!
11-28 17:13:35.674 D/[blink]FrameView( 4548): [updateLifecyclePhasesInternal] end... this:0x597c7038
11-28 17:13:35.692 D/[cc]ProxyMain( 4548): [BeginMainFrame] cc.BeginMainFrame this:0x9f620a10
11-28 17:13:35.693 D/[cc]LayerTreeHost( 4548): [AnimateLayers] AnimateLayers monotonic_time=2419966569
11-28 17:13:35.693 D/[blink]FrameView( 4548): [updateStyleAndLayoutIfNeededRecursiveInternal] in... this:0x597c7038.
11-28 17:13:35.693 D/[blink]FrameView( 4548): [layout] start... this:0x597c7038, frame=0x25e6bdb8 content size(1280, 720). 
11-28 17:13:35.693 D/[blink]FrameView( 4548): [layout] performPreLayoutTasks start... this:0x597c7038
11-28 17:13:35.693 D/[blink]FrameView( 4548): [layout] performPreLayoutTasks end... this:0x597c7038
11-28 17:13:35.693 D/[blink]FrameView( 4548): [layout] performLayout start... this:0x597c7038
11-28 17:13:35.694 D/[blink]FrameView( 4548): [layout] performLayout end... this:0x597c7038
11-28 17:13:35.694 D/[blink]FrameView( 4548): [layout] call compositor()->didLayout()!
11-28 17:13:35.694 D/[blink]FrameView( 4548): [layout] updateDocumentAnnotatedRegions start... this:0x597c7038
11-28 17:13:35.694 D/[blink]FrameView( 4548): [layout] scheduleOrPerformPostLayoutTasks start... this:0x597c7038
11-28 17:13:35.694 D/[blink]FrameView( 4548): [layout] end... this:0x597c7038
11-28 17:13:35.694 D/[blink]FrameView( 4548): [layout] out... this:0x597c7038
11-28 17:13:35.694 D/[blink]FrameView( 4548): [updateStyleAndLayoutIfNeededRecursiveInternal] in... this:0x597c78b0.
11-28 17:13:35.694 D/[blink]FrameView( 4548): [updateStyleAndLayoutIfNeededRecursiveInternal] end... this:0x597c78b0.
11-28 17:13:35.694 D/[blink]FrameView( 4548): [updateStyleAndLayoutIfNeededRecursiveInternal] end... this:0x597c7038.
11-28 17:13:35.694 D/[blink]FrameView( 4548): [updateLifecyclePhasesInternal] in... this:0x597c7038, targetState=18
11-28 17:13:35.694 D/[blink]FrameView( 4548): [updateLifecyclePhasesInternal] call compositor()->updateIfNeededRecursive()!
11-28 17:13:35.697 D/[blink] ImagePainter( 4548): [paintReplaced] ImagePainter::paintReplaced in w=17472, h=9792.
11-28 17:13:35.697 D/[blink] ImagePainter( 4548): [paintReplaced] ImagePainter::paintReplaced in w=3648, h=3904.
11-28 17:13:35.697 D/[blink] ImagePainter( 4548): [paintReplaced] ImagePainter::paintReplaced in w=14144, h=7936.
11-28 17:13:35.697 D/[blink] ImagePainter( 4548): [paintReplaced] ImagePainter::paintReplaced in w=14144, h=7936.
11-28 17:13:35.697 D/[blink] ImagePainter( 4548): [paintReplaced] ImagePainter::paintReplaced in w=1408, h=768.
11-28 17:13:35.697 D/[blink] BoxPainter( 4548): [paintBoxDecorationBackgroundWithRect] BoxPainter::paintBoxDecorationBackgroundWithRect isImage=0, isLayoutImage=0
11-28 17:13:35.697 D/[blink]FrameView( 4548): [updateLifecyclePhasesInternal] end... this:0x597c7038
11-28 17:13:35.713 D/[cc]ProxyMain( 4548): [BeginMainFrame] cc.BeginMainFrame this:0x9f620a10
11-28 17:13:35.713 D/[cc]LayerTreeHost( 4548): [AnimateLayers] AnimateLayers monotonic_time=2419983236
11-28 17:13:35.713 D/[blink]FrameView( 4548): [updateStyleAndLayoutIfNeededRecursiveInternal] in... this:0x597c7038.
11-28 17:13:35.714 D/[blink]FrameView( 4548): [layout] start... this:0x597c7038, frame=0x25e6bdb8 content size(1280, 720). 
11-28 17:13:35.714 D/[blink]FrameView( 4548): [layout] performPreLayoutTasks start... this:0x597c7038
11-28 17:13:35.714 D/[blink]FrameView( 4548): [layout] performPreLayoutTasks end... this:0x597c7038
11-28 17:13:35.714 D/[blink]FrameView( 4548): [layout] performLayout start... this:0x597c7038
11-28 17:13:35.714 D/[blink]FrameView( 4548): [layout] performLayout end... this:0x597c7038
11-28 17:13:35.714 D/[blink]FrameView( 4548): [layout] call compositor()->didLayout()!
11-28 17:13:35.714 D/[blink]FrameView( 4548): [layout] updateDocumentAnnotatedRegions start... this:0x597c7038
11-28 17:13:35.714 D/[blink]FrameView( 4548): [layout] scheduleOrPerformPostLayoutTasks start... this:0x597c7038
11-28 17:13:35.714 D/[blink]FrameView( 4548): [layout] end... this:0x597c7038
11-28 17:13:35.714 D/[blink]FrameView( 4548): [layout] out... this:0x597c7038
11-28 17:13:35.715 D/ResourceLoader( 4548): [ResponseCompleted] finish request 0xb4befb80 url='http://10.14.41.245:13160/search/search_by_keyword?accesstoken=R5A1D202BU20850029K53724E0DIA6230E0AP8M2FAF083WDC011B88FB1&keyword=201709&label=289&pageidx=1&pagenum=20&depth=2&sortby=4'
11-28 17:13:35.715 D/[blink]FrameView( 4548): [updateStyleAndLayoutIfNeededRecursiveInternal] in... this:0x597c78b0.
11-28 17:13:35.715 D/[blink]FrameView( 4548): [updateStyleAndLayoutIfNeededRecursiveInternal] end... this:0x597c78b0.
11-28 17:13:35.715 D/[blink]FrameView( 4548): [updateStyleAndLayoutIfNeededRecursiveInternal] end... this:0x597c7038.
11-28 17:13:35.716 D/[blink]FrameView( 4548): [updateLifecyclePhasesInternal] in... this:0x597c7038, targetState=18
11-28 17:13:35.716 D/[blink]FrameView( 4548): [updateLifecyclePhasesInternal] call compositor()->updateIfNeededRecursive()!
11-28 17:13:35.718 D/[blink] ImagePainter( 4548): [paintReplaced] ImagePainter::paintReplaced in w=17472, h=9792.
11-28 17:13:35.718 D/[blink] ImagePainter( 4548): [paintReplaced] ImagePainter::paintReplaced in w=3648, h=3904.
11-28 17:13:35.718 D/[blink] ImagePainter( 4548): [paintReplaced] ImagePainter::paintReplaced in w=14144, h=7936.
11-28 17:13:35.719 D/[blink] ImagePainter( 4548): [paintReplaced] ImagePainter::paintReplaced in w=14144, h=7936.
11-28 17:13:35.719 D/[blink] ImagePainter( 4548): [paintReplaced] ImagePainter::paintReplaced in w=1408, h=768.
11-28 17:13:35.719 D/[blink] BoxPainter( 4548): [paintBoxDecorationBackgroundWithRect] BoxPainter::paintBoxDecorationBackgroundWithRect isImage=0, isLayoutImage=0
11-28 17:13:35.719 D/[blink]FrameView( 4548): [updateLifecyclePhasesInternal] end... this:0x597c7038
11-28 17:13:35.721 D/V8ScriptRunner( 4548): [callFunction] start. frame = 0x25e6bdb8 function: xmlHttp.onreadystatechange url: http://10.14.41.246/application/bxfc/sec/js/common.js line: 276
11-28 17:13:35.721 D/V8ScriptRunner( 4548): [callFunction] end. frame = 0x25e6bdb8 function: xmlHttp.onreadystatechange url: http://10.14.41.246/application/bxfc/sec/js/common.js line: 276
11-28 17:13:35.721 D/V8ScriptRunner( 4548): [callFunction] start. frame = 0x25e6bdb8 function: xmlHttp.onreadystatechange url: http://10.14.41.246/application/bxfc/sec/js/common.js line: 276
11-28 17:13:35.721 D/V8ScriptRunner( 4548): [callFunction] end. frame = 0x25e6bdb8 function: xmlHttp.onreadystatechange url: http://10.14.41.246/application/bxfc/sec/js/common.js line: 276
11-28 17:13:35.721 D/[blink]ResourceFetcher( 4548): [didFinishLoading] encoded length=299 url=http://10.14.41.245:13160/search/search_by_keyword?accesstoken=R5A1D202BU20850029K53724E0DIA6230E0AP8M2FAF083WDC011B88FB1&keyword=201709&label=289&pageidx=1&pagenum=20&depth=2&sortby=4.
11-28 17:13:35.721 D/V8ScriptRunner( 4548): [callFunction] start. frame = 0x25e6bdb8 function: xmlHttp.onreadystatechange url: http://10.14.41.246/application/bxfc/sec/js/common.js line: 276
11-28 17:13:35.722 D/V8ScriptRunner( 4548): [callFunction] end. frame = 0x25e6bdb8 function: xmlHttp.onreadystatechange url: http://10.14.41.246/application/bxfc/sec/js/common.js line: 276
11-28 17:13:35.733 D/[cc]ProxyMain( 4548): [BeginMainFrame] cc.BeginMainFrame this:0x9f620a10
11-28 17:13:35.733 D/[cc]LayerTreeHost( 4548): [AnimateLayers] AnimateLayers monotonic_time=2419999903
11-28 17:13:35.733 D/[blink]FrameView( 4548): [updateStyleAndLayoutIfNeededRecursiveInternal] in... this:0x597c7038.
11-28 17:13:35.735 D/[blink]FrameView( 4548): [layout] start... this:0x597c7038, frame=0x25e6bdb8 content size(1280, 720). 
11-28 17:13:35.735 D/[blink]FrameView( 4548): [layout] performPreLayoutTasks start... this:0x597c7038
11-28 17:13:35.735 D/[blink]FrameView( 4548): [layout] performPreLayoutTasks end... this:0x597c7038
11-28 17:13:35.735 D/[blink]FrameView( 4548): [layout] performLayout start... this:0x597c7038
11-28 17:13:35.736 D/[blink]FrameView( 4548): [layout] performLayout end... this:0x597c7038
11-28 17:13:35.736 D/[blink]FrameView( 4548): [layout] call compositor()->didLayout()!
11-28 17:13:35.736 D/[blink]FrameView( 4548): [layout] updateDocumentAnnotatedRegions start... this:0x597c7038
11-28 17:13:35.736 D/[blink]FrameView( 4548): [layout] scheduleOrPerformPostLayoutTasks start... this:0x597c7038
11-28 17:13:35.736 D/[blink]FrameView( 4548): [layout] end... this:0x597c7038
11-28 17:13:35.736 D/[blink]FrameView( 4548): [layout] out... this:0x597c7038
11-28 17:13:35.736 D/[blink]FrameView( 4548): [updateStyleAndLayoutIfNeededRecursiveInternal] in... this:0x597c78b0.
11-28 17:13:35.736 D/[blink]FrameView( 4548): [updateStyleAndLayoutIfNeededRecursiveInternal] end... this:0x597c78b0.
11-28 17:13:35.736 D/[blink]FrameView( 4548): [updateStyleAndLayoutIfNeededRecursiveInternal] end... this:0x597c7038.
11-28 17:13:35.736 D/[blink]FrameView( 4548): [updateLifecyclePhasesInternal] in... this:0x597c7038, targetState=18
11-28 17:13:35.736 D/[blink]FrameView( 4548): [updateLifecyclePhasesInternal] call compositor()->updateIfNeededRecursive()!
11-28 17:13:35.739 D/[blink] ImagePainter( 4548): [paintReplaced] ImagePainter::paintReplaced in w=21056, h=3712.
11-28 17:13:35.739 D/[blink] ImagePainter( 4548): [paintReplaced] ImagePainter::paintReplaced in w=14272, h=1792.
11-28 17:13:35.740 D/[blink] ImagePainter( 4548): [paintReplaced] ImagePainter::paintReplaced in w=1408, h=768.
11-28 17:13:35.740 D/[blink] BoxPainter( 4548): [paintBoxDecorationBackgroundWithRect] BoxPainter::paintBoxDecorationBackgroundWithRect isImage=0, isLayoutImage=0
11-28 17:13:35.740 D/[blink]FrameView( 4548): [updateLifecyclePhasesInternal] end... this:0x597c7038
11-28 17:13:35.756 D/[cc]ProxyMain( 4548): [BeginMainFrame] cc.BeginMainFrame this:0x9f620a10
11-28 17:13:35.756 D/[cc]LayerTreeHost( 4548): [AnimateLayers] AnimateLayers monotonic_time=2420016569
11-28 17:13:35.756 D/[blink]FrameView( 4548): [updateStyleAndLayoutIfNeededRecursiveInternal] in... this:0x597c7038.
11-28 17:13:35.757 D/[blink]FrameView( 4548): [layout] start... this:0x597c7038, frame=0x25e6bdb8 content size(1280, 720). 
11-28 17:13:35.757 D/[blink]FrameView( 4548): [layout] performPreLayoutTasks start... this:0x597c7038
11-28 17:13:35.757 D/[blink]FrameView( 4548): [layout] performPreLayoutTasks end... this:0x597c7038
11-28 17:13:35.757 D/[blink]FrameView( 4548): [layout] performLayout start... this:0x597c7038
11-28 17:13:35.758 D/[blink]FrameView( 4548): [layout] performLayout end... this:0x597c7038
11-28 17:13:35.758 D/[blink]FrameView( 4548): [layout] call compositor()->didLayout()!
11-28 17:13:35.758 D/[blink]FrameView( 4548): [layout] updateDocumentAnnotatedRegions start... this:0x597c7038
11-28 17:13:35.758 D/[blink]FrameView( 4548): [layout] scheduleOrPerformPostLayoutTasks start... this:0x597c7038
11-28 17:13:35.758 D/[blink]FrameView( 4548): [layout] end... this:0x597c7038
11-28 17:13:35.758 D/[blink]FrameView( 4548): [layout] out... this:0x597c7038
11-28 17:13:35.758 D/[blink]FrameView( 4548): [updateStyleAndLayoutIfNeededRecursiveInternal] in... this:0x597c78b0.
11-28 17:13:35.758 D/[blink]FrameView( 4548): [updateStyleAndLayoutIfNeededRecursiveInternal] end... this:0x597c78b0.
11-28 17:13:35.758 D/[blink]FrameView( 4548): [updateStyleAndLayoutIfNeededRecursiveInternal] end... this:0x597c7038.
11-28 17:13:35.758 D/[blink]FrameView( 4548): [updateLifecyclePhasesInternal] in... this:0x597c7038, targetState=18
11-28 17:13:35.758 D/[blink]FrameView( 4548): [updateLifecyclePhasesInternal] call compositor()->updateIfNeededRecursive()!
11-28 17:13:35.762 D/[blink] ImagePainter( 4548): [paintReplaced] ImagePainter::paintReplaced in w=1408, h=768.
11-28 17:13:35.762 D/[blink] BoxPainter( 4548): [paintBoxDecorationBackgroundWithRect] BoxPainter::paintBoxDecorationBackgroundWithRect isImage=0, isLayoutImage=0
11-28 17:13:35.763 D/[blink]FrameView( 4548): [updateLifecyclePhasesInternal] end... this:0x597c7038
11-28 17:13:35.775 D/[cc]ProxyMain( 4548): [BeginMainFrame] cc.BeginMainFrame this:0x9f620a10
11-28 17:13:35.775 D/[cc]LayerTreeHost( 4548): [AnimateLayers] AnimateLayers monotonic_time=2420033236
11-28 17:13:35.775 D/[blink]FrameView( 4548): [updateStyleAndLayoutIfNeededRecursiveInternal] in... this:0x597c7038.
11-28 17:13:35.776 D/[blink]FrameView( 4548): [layout] start... this:0x597c7038, frame=0x25e6bdb8 content size(1280, 720). 
11-28 17:13:35.776 D/[blink]FrameView( 4548): [layout] performPreLayoutTasks start... this:0x597c7038
11-28 17:13:35.776 D/[blink]FrameView( 4548): [layout] performPreLayoutTasks end... this:0x597c7038
11-28 17:13:35.776 D/[blink]FrameView( 4548): [layout] performLayout start... this:0x597c7038
11-28 17:13:35.776 D/[blink]FrameView( 4548): [layout] performLayout end... this:0x597c7038
11-28 17:13:35.776 D/[blink]FrameView( 4548): [layout] call compositor()->didLayout()!
11-28 17:13:35.776 D/[blink]FrameView( 4548): [layout] updateDocumentAnnotatedRegions start... this:0x597c7038
11-28 17:13:35.776 D/[blink]FrameView( 4548): [layout] scheduleOrPerformPostLayoutTasks start... this:0x597c7038
11-28 17:13:35.776 D/[blink]FrameView( 4548): [layout] end... this:0x597c7038
11-28 17:13:35.776 D/[blink]FrameView( 4548): [layout] out... this:0x597c7038
11-28 17:13:35.776 D/[blink]FrameView( 4548): [updateStyleAndLayoutIfNeededRecursiveInternal] in... this:0x597c78b0.
11-28 17:13:35.776 D/[blink]FrameView( 4548): [updateStyleAndLayoutIfNeededRecursiveInternal] end... this:0x597c78b0.
11-28 17:13:35.776 D/[blink]FrameView( 4548): [updateStyleAndLayoutIfNeededRecursiveInternal] end... this:0x597c7038.
11-28 17:13:35.776 D/[blink]FrameView( 4548): [updateLifecyclePhasesInternal] in... this:0x597c7038, targetState=18
11-28 17:13:35.776 D/[blink]FrameView( 4548): [updateLifecyclePhasesInternal] call compositor()->updateIfNeededRecursive()!
11-28 17:13:35.779 D/[blink] ImagePainter( 4548): [paintReplaced] ImagePainter::paintReplaced in w=1408, h=768.
11-28 17:13:35.779 D/[blink] BoxPainter( 4548): [paintBoxDecorationBackgroundWithRect] BoxPainter::paintBoxDecorationBackgroundWithRect isImage=0, isLayoutImage=0
11-28 17:13:35.780 D/[blink]FrameView( 4548): [updateLifecyclePhasesInternal] end... this:0x597c7038
11-28 17:13:35.798 D/[cc]ProxyMain( 4548): [BeginMainFrame] cc.BeginMainFrame this:0x9f620a10
11-28 17:13:35.798 D/[cc]LayerTreeHost( 4548): [AnimateLayers] AnimateLayers monotonic_time=2420066569
11-28 17:13:35.798 D/[blink]FrameView( 4548): [updateStyleAndLayoutIfNeededRecursiveInternal] in... this:0x597c7038.
11-28 17:13:35.798 D/[blink]FrameView( 4548): [updateStyleAndLayoutIfNeededRecursiveInternal] in... this:0x597c78b0.
11-28 17:13:35.799 D/[blink]FrameView( 4548): [updateStyleAndLayoutIfNeededRecursiveInternal] end... this:0x597c78b0.
11-28 17:13:35.799 D/[blink]FrameView( 4548): [updateStyleAndLayoutIfNeededRecursiveInternal] end... this:0x597c7038.
11-28 17:13:35.799 D/[blink]FrameView( 4548): [updateLifecyclePhasesInternal] in... this:0x597c7038, targetState=18
11-28 17:13:35.799 D/[blink]FrameView( 4548): [updateLifecyclePhasesInternal] call compositor()->updateIfNeededRecursive()!
11-28 17:13:35.800 D/[blink]FrameView( 4548): [updateLifecyclePhasesInternal] end... this:0x597c7038
11-28 17:13:35.848 V/PT      ( 1581): >>INFO:irkey_task:[    2420.123728] /dev/input/event0: type=0001 code=0067 val=00000000
11-28 17:13:35.848 V/PT      ( 1581): >>INFO:irkey_send:0x3001 0x0026 up  
11-28 17:13:35.848 V/SUMA    ( 1581): ++++++++++++++  _roc_evtmgr_key_cbk 517:input = 12289, event=38, act=0x400
11-28 17:13:35.848 V/SUMA    ( 1581): lxm:_roc_evtmgr_key_cbk 519 2420123
11-28 17:13:35.848 V/SUMA    ( 1581): lxm:_roc_evtmgr_add_key_into_queue 311 2420123
11-28 17:13:35.848 V/PT      ( 1581): >>INFO:irkey_task:[    2420.123728] /dev/input/event0: type=0000 code=0000 val=00000000
11-28 17:13:35.848 V/SUMA    ( 1581): ===================>> type=0 src=0 evt=38 act=0x400
11-28 17:13:35.848 V/SUMA    ( 1581): [sysset-s][event_manager_cbk 78]lxm cbid=1, cbk_reg=1, cpid=2464
11-28 17:13:35.848 D/NGBEvent( 2464): ngbEventCallBack type:0 source :38
11-28 17:13:35.848 D/NGBEvent( 2464): [NGBEventManager-JNI]-returning:1
11-28 17:13:35.848 D/NGBEvent( 2464): Input key event: keyCode=38
11-28 17:13:35.848 D/NGBEvent( 2464): src:38 = dest:38
11-28 17:13:35.848 D/ir_user ( 1585): PlayerTimeLineTrace:linux_keycode:0x67(UP),	protocol: .
11-28 17:13:35.848 I/System.out( 2464): [DEBUG EventManager] LWJ--Add event to java with evt=NgbEvent-[type = 1, subtype = 402, code = 38]
11-28 17:13:35.848 D/NGBEvent( 2464): [NGBEvent_log]--[Event