11-28 17:45:17.330 W/System.err( 2644): java.net.MalformedURLException: Protocol not found: /SyncTime?OutputType=json&Mac=A8-F4-70-1C-47-8D&MacId=A8-F4-70-1C-47-8D&Version=5.5.118.200.2.DBEI.0.0_Release&UserId=mgtvmacA8F4701C478D&UserAgent=nn_player%2Fstd%2F1.0.0&_support=10000000
11-28 17:45:17.331 W/System.err( 2644): 	at java.net.URL.<init>(URL.java:176)
11-28 17:45:17.331 W/System.err( 2644): 	at java.net.URL.<init>(URL.java:125)
11-28 17:45:17.331 W/System.err( 2644): 	at com.starcor.core.utils.HttpUtil.tryGetIp(HttpUtil.java:79)
11-28 17:45:17.331 W/System.err( 2644): 	at com.starcor.httpapi.core.SCHttpTools.doRequest(SCHttpTools.java:124)
11-28 17:45:17.331 W/System.err( 2644): 	at com.starcor.httpapi.core.SCHttpApiEngine$ApiRunnable.runTask(SCHttpApiEngine.java:507)
11-28 17:45:17.331 W/System.err( 2644): 	at com.starcor.httpapi.core.SCHttpApiEngine$ApiRunnable.run(SCHttpApiEngine.java:442)
11-28 17:45:17.331 W/System.err( 2644): 	at java.lang.Thread.run(Thread.java:818)
11-28 17:45:17.333 W/System.err( 2644): java.lang.IllegalStateException: Target host must not be null, or set in parameters. scheme=null, host=null, path=/SyncTime
11-28 17:45:17.334 W/System.err( 2644): 	at org.apache.http.impl.client.DefaultRequestDirector.determineRoute(DefaultRequestDirector.java:596)
11-28 17:45:17.334 W/System.err( 2644): 	at org.apache.http.impl.client.DefaultRequestDirector.execute(DefaultRequestDirector.java:298)
11-28 17:45:17.334 W/System.err( 2644): 	at org.apache.http.impl.client.AbstractHttpClient.execute(AbstractHttpClient.java:560)
11-28 17:45:17.334 W/System.err( 2644): 	at org.apache.http.impl.client.AbstractHttpClient.execute(AbstractHttpClient.java:492)
11-28 17:45:17.334 W/System.err( 2644): 	at org.apache.http.impl.client.AbstractHttpClient.execute(AbstractHttpClient.java:470)
11-28 17:45:17.334 W/System.err( 2644): 	at com.starcor.httpapi.core.SCHttpTools.doRequest(SCHttpTools.java:197)
11-28 17:45:17.334 W/System.err( 2644): 	at com.starcor.httpapi.core.SCHttpApiEngine$ApiRunnable.runTask(SCHttpApiEngine.java:507)
11-28 17:45:17.334 W/System.err( 2644): 	at com.starcor.httpapi.core.SCHttpApiEngine$ApiRunnable.run(SCHttpApiEngine.java:442)
11-28 17:45:17.334 W/System.err( 2644): 	at java.lang.Thread.run(Thread.java:818)
11-28 17:45:17.344 I/Api     ( 2644): srcApiName:N2_A_3, 转换后的url=
11-28 17:45:17.344 I/Api     ( 2644): /SyncTime?OutputType=json&Mac=A8-F4-70-1C-47-8D&MacId=A8-F4-70-1C-47-8D&Version=5.5.118.200.2.DBEI.0.0_Release&UserId=mgtvmacA8F4701C478D&UserAgent=nn_player%2Fstd%2F1.0.0&_support=10000000
11-28 17:45:17.344 I/SCHttpApiEngine( 2644): runTask complete taskId:10, taskName:N2_A_3, CacheLife:0s, coast time:47ms
11-28 17:45:17.344 W/SystemTimeManager( 2644): Time synchronization fails,reslut code:0
11-28 17:45:17.344 I/SystemTimeManager( 2644): handleMessage reset synProtection=0
11-28 17:45:17.356 I/Advanced( 3082): [QUEUE] share_queue_sendEx size:1 4097 2518 0x8fde4a48,postLoopId:0,dstid:1.
11-28 17:45:17.445 D/BackBootDealerNeimeng( 2383): standbyState:
11-28 17:45:17.446 E/NetUtils( 2031): Interface eth0 LinkUp!
11-28 17:45:17.556 I/Advanced( 3082): [QUEUE] share_queue_sendEx size:1 4097 2519 0x8fde4a48,postLoopId:0,dstid:1.
11-28 17:45:17.757 I/Advanced( 3082): [QUEUE] share_queue_sendEx size:1 4097 2520 0x8fde4a48,postLoopId:0,dstid:1.
11-28 17:45:17.822 I/AdvancedPorting-PORT_MODULE_NET( 3082): network_task while... 
11-28 17:45:17.822 I/AdvancedPorting-PORT_MODULE_NET( 3082): 0 interface name: lo
11-28 17:45:17.822 I/AdvancedPorting-PORT_MODULE_NET( 3082): 1 interface name: eth0
11-28 17:45:17.822 I/AdvancedPorting-PORT_MODULE_NET( 3082): 2 interface name: wlan0
11-28 17:45:17.822 I/AdvancedPorting-PORT_MODULE_NET( 3082): First interface name: lo
11-28 17:45:17.822 I/AdvancedPorting-PORT_MODULE_NET( 3082): network_task while...  net_i:1
11-28 17:45:17.822 I/AdvancedPorting-PORT_MODULE_NET( 3082): network_task while---name_interface[0]=lo
11-28 17:45:17.822 I/AdvancedPorting-PORT_MODULE_NET( 3082): network_task while---name_interface[1]=eth0
11-28 17:45:17.823 I/AdvancedPorting-PORT_MODULE_NET( 3082): network_task while---interface_name=eth0
11-28 17:45:17.823 I/AdvancedPorting-PORT_MODULE_NET( 3082): network_get_netlink_status(in)--if_name=eth0
11-28 17:45:17.823 I/AdvancedPorting-PORT_MODULE_NET( 3082): net.network.isconnected = no
11-28 17:45:17.823 I/AdvancedPorting-PORT_MODULE_NET( 3082): eth0 --network_get_netlink_status return retval=1
11-28 17:45:17.823 I/AdvancedPorting-PORT_MODULE_NET( 3082): stat = 1 last_status = 1
11-28 17:45:17.947 D/BackBootDealerNeimeng( 2383): standbyState:
11-28 17:45:17.948 E/NetUtils( 2031): Interface eth0 LinkUp!
11-28 17:45:17.957 I/Advanced( 3082): [QUEUE] share_queue_sendEx size:1 4097 2521 0x8fde4a48,postLoopId:0,dstid:1.
11-28 17:45:18.157 I/Advanced( 3082): [QUEUE] share_queue_sendEx size:1 4097 2522 0x8fde4a48,postLoopId:0,dstid:1.
11-28 17:45:18.358 I/Advanced( 3082): [QUEUE] share_queue_sendEx size:1 4097 2523 0x8fde4a48,postLoopId:0,dstid:1.
11-28 17:45:18.417 V/SUMA    ( 1581): [VOD EXT]_ERRO:onewave_auth_req1st(1180) 
11-28 17:45:18.418 V/SUMA    ( 1581): connect() failed, errno=10026 !
11-28 17:45:18.418 V/SUMA    ( 1581): [VOD EXT]_DBUG:onewave_auth_req1st(1290) 
11-28 17:45:18.418 V/SUMA    ( 1581): err,leave onewave_auth_req1st 
11-28 17:45:18.448 D/BackBootDealerNeimeng( 2383): standbyState:
11-28 17:45:18.449 E/NetUtils( 2031): Interface eth0 LinkUp!
11-28 17:45:18.558 I/Advanced( 3082): [QUEUE] share_queue_sendEx size:1 4097 2524 0x8fde4a48,postLoopId:0,dstid:1.
11-28 17:45:18.743 D/ir_user ( 1585): PlayerTimeLineTrace:linux_keycode:0x8b(DOWN),	protocol: .
11-28 17:45:18.744 V/PT      ( 1581): >>INFO:irkey_task:[     567.589097] /dev/input/event0: type=0001 code=008b val=00000001
11-28 17:45:18.744 V/PT      ( 1581): >>INFO:irkey_send:0x3001 0x1002 down
11-28 17:45:18.744 V/SUMA    ( 1581): ++++++++++++++  _roc_evtmgr_key_cbk 517:input = 12289, event=4098, act=0x100
11-28 17:45:18.744 V/SUMA    ( 1581): lxm:_roc_evtmgr_key_cbk 519 567589
11-28 17:45:18.744 V/SUMA    ( 1581): lxm:_roc_evtmgr_add_evt_into_queue 347 567589
11-28 17:45:18.744 V/PT      ( 1581): >>INFO:irkey_task:[     567.589097] /dev/input/event0: type=0000 code=0000 val=00000000
11-28 17:45:18.744 V/SUMA    ( 1581): ===================>> type=0 src=0 evt=4098 act=0x100
11-28 17:45:18.744 V/SUMA    ( 1581): [sysset-s][event_manager_cbk 78]lxm cbid=1, cbk_reg=1, cpid=2463
11-28 17:45:18.744 D/NGBEvent( 2463): ngbEventCallBack type:0 source :4098
11-28 17:45:18.744 D/NGBEvent( 2463): [NGBEventManager-JNI]-returning:1
11-28 17:45:18.745 D/NGBEvent( 2463): Input key event: keyCode=4098
11-28 17:45:18.745 D/NGBEvent( 2463): src:4098 = dest:4098
11-28 17:45:18.745 I/System.out( 2463): [DEBUG EventManager] LWJ--Add event to java with evt=NgbEvent-[type = 1, subtype = 401, code = 4098]
11-28 17:45:18.745 D/NGBEvent( 2463): [NGBEvent_log]--[EventManager--JNI]:		start
11-28 17:45:18.745 I/System.out( 2463): [DEBUG EventManager] broadcastEvent  :len 1
11-28 17:45:18.745 D/CombineKeyUtil( 2463): [TN_pool-1-thread-1]dealKeyEvent,combineIndex:-1:keyCode:82
11-28 17:45:18.745 D/KeyEventNgbDealer( 2463): [TN_pool-1-thread-1]handleKeyPressed keyEvent=NgbEvent-[type = 1, subtype = 401, code = 4098],time=567590
11-28 17:45:18.746 D/RemoteIME( 2359): onKeyDown event = KeyEvent { action=ACTION_DOWN, keyCode=KEYCODE_MENU, scanCode=139, metaState=0, flags=0x8, repeatCount=0, eventTime=567589, downTime=567589, deviceId=4, source=0x701 },mSkbContainer=null
11-28 17:45:18.747 D/cr_AwTestContainerView( 3082): [AwTestContainerView.java:63] [mainFrame]: [2017-11-21 17:52:03] dispatchKeyEvent keyCode = 82 event = KeyEvent { action=ACTION_DOWN, keyCode=KEYCODE_MENU, scanCode=139, metaState=0, flags=0x8, repeatCount=0, eventTime=567589, downTime=567589, deviceId=4, source=0x701 }
11-28 17:45:18.748 D/ImeAdapterAndroid( 3082): [SendKeyEvent] [BUILD TIME: ] dispatchKeyEvent key_code=82 modifiers=0 unicode_char=0 scan_code=139 is_system=0 tm=567589
11-28 17:45:18.749 D/RenderWidgetInputHandler( 3082): [HandleInputEvent] input_event type=8 name=KeyDown
11-28 17:45:18.749 D/RenderWidgetInputHandler( 3082): [HandleInputEvent] key_event.nativeKeyCode:82,widget_->GetTextInputType():0
11-28 17:45:18.749 D/RenderWidgetInputHandler( 3082): [HandleInputEvent] input_event type=8 prevent_default:0
11-28 17:45:18.749 D/WebViewImpl( 3082): [handleKeyEvent] keycode:0, eventType:8 native keycode:82 frame=0x45e4bdb8. url='http://10.14.41.246/application/bxfc/sec/index.htm'.
11-28 17:45:18.749 D/[blink]KeyboardEventManager( 3082): [keyEvent] initialKeyEvent KeyDown nativeKeyCode=82 windowsKeyCode=0 text[0]=0
11-28 17:45:18.749 D/[blink]KeyboardEventManager( 3082): [keyEvent] initialKeyEvent focusedNode=0x0
11-28 17:45:18.750 D/V8ScriptRunner( 3082): [callFunction] start. frame = 0x45e4bdb8 function: eventHandler url: http://10.14.41.246/application/bxfc/sec/index.htm line: 179
11-28 17:45:18.753 D/base::KeyConverter( 3082): [get] convert 82 => 513.
11-28 17:45:18.753 D/[blink]KeyboardEvent( 3082): [keyCode] convert keycode: 82 -> 513.
11-28 17:45:18.755 D/iPanel  ( 3082): iPanel.debug("---141----popFlag=false")
11-28 17:45:18.755 D/iPanel  ( 3082): iPanel.debug("---142----ifrSrc=http://10.14.41.246/application/bxfc/sec/index.htm")
11-28 17:45:18.755 D/iPanel  ( 3082): iPanel.debug("-------主窗口按键响应=KEY_MENU")
11-28 17:45:18.755 D/[cc]beginFrameSource( 3082): [AddObserver] ExternalBeginFrameSource::AddObserver
11-28 17:45:18.757 D/iPanel  ( 3082): iPanel.debug("-------KEY_MENU=KEY_MENU")
11-28 17:45:18.757 D/V8ScriptRunner( 3082): [callFunction] end. frame = 0x45e4bdb8 function: eventHandler url: http://10.14.41.246/application/bxfc/sec/index.htm line: 179
11-28 17:45:18.757 D/[blink]KeyboardEventManager( 3082): [keyEvent] dispatchResult = CanceledByEventHandler
11-28 17:45:18.758 I/Advanced( 3082): [QUEUE] share_queue_sendEx size:1 4097 2525 0x8fde4a48,postLoopId:0,dstid:1.
11-28 17:45:18.772 D/[cc]ProxyMain( 3082): [BeginMainFrame] cc.BeginMainFrame this:0x9f73a768
11-28 17:45:18.772 D/[cc]LayerTreeHost( 3082): [AnimateLayers] AnimateLayers monotonic_time=567616643
11-28 17:45:18.772 D/[blink]FrameView( 3082): [updateStyleAndLayoutIfNeededRecursiveInternal] in... this:0x25cad918.
11-28 17:45:18.773 D/[blink]FrameView( 3082): [updateStyleAndLayoutIfNeededRecursiveInternal] in... this:0x25cae190.
11-28 17:45:18.773 D/[blink]FrameView( 3082): [updateStyleAndLayoutIfNeededRecursiveInternal] end... this:0x25cae190.
11-28 17:45:18.773 D/[blink]FrameView( 3082): [updateStyleAndLayoutIfNeededRecursiveInternal] end... this:0x25cad918.
11-28 17:45:18.773 D/[blink]FrameView( 3082): [updateLifecyclePhasesInternal] in... this:0x25cad918, targetState=18
11-28 17:45:18.773 D/[blink]FrameView( 3082): [updateLifecyclePhasesInternal] call compositor()->updateIfNeededRecursive()!
11-28 17:45:18.775 D/[blink] ImagePainter( 3082): [paintReplaced] ImagePainter::paintReplaced in w=21056, h=3712.
11-28 17:45:18.775 D/[blink] ImagePainter( 3082): [paintReplaced] ImagePainter::paintReplaced in w=14272, h=1792.
11-28 17:45:18.775 D/[blink] ImagePainter( 3082): [paintReplaced] ImagePainter::paintReplaced in w=17472, h=9792.
11-28 17:45:18.775 D/[blink] ImagePainter( 3082): [paintReplaced] ImagePainter::paintReplaced in w=3648, h=3904.
11-28 17:45:18.775 D/[blink] ImagePainter( 3082): [paintReplaced] ImagePainter::paintReplaced in w=17472, h=9792.
11-28 17:45:18.775 D/[blink] ImagePainter( 3082): [paintReplaced] ImagePainter::paintReplaced in w=3648, h=3904.
11-28 17:45:18.775 D/[blink] ImagePainter( 3082): [paintReplaced] ImagePainter::paintReplaced in w=17472, h=9792.
11-28 17:45:18.775 D/[blink] ImagePainter( 3082): [paintReplaced] ImagePainter::paintReplaced in w=17472, h=9792.
11-28 17:45:18.775 D/[blink] ImagePainter( 3082): [paintReplaced] ImagePainter::paintReplaced in w=14144, h=7936.
11-28 17:45:18.775 D/[blink] ImagePainter( 3082): [paintReplaced] ImagePainter::paintReplaced in w=14144, h=7936.
11-28 17:45:18.775 D/[blink] ImagePainter( 3082): [paintReplaced] ImagePainter::paintReplaced in w=1408, h=768.
11-28 17:45:18.775 D/[blink] BoxPainter( 3082): [paintBoxDecorationBackgroundWithRect] BoxPainter::paintBoxDecorationBackgroundWithRect isImage=0, isLayoutImage=0
11-28 17:45:18.775 D/[blink] BoxPainter( 3082): [paintBoxDecorationBackgroundWithRect] BoxPainter::paintBoxDecorationBackgroundWithRect isImage=0, isLayoutImage=0
11-28 17:45:18.775 D/[blink] BoxPainter( 3082): [paintBoxDecorationBackgroundWithRect] BoxPainter::paintBoxDecorationBackgroundWithRect isImage=0, isLayoutImage=0
11-28 17:45:18.775 D/[blink] BoxPainter( 3082): [paintBoxDecorationBackgroundWithRect] BoxPainter::paintBoxDecorationBackgroundWithRect isImage=0, isLayoutImage=0
11-28 17:45:18.776 D/[blink] BoxPainter( 3082): [paintBoxDecorationBackgroundWithRect] BoxPainter::paintBoxDecorationBackgroundWithRect isImage=0, isLayoutImage=0
11-28 17:45:18.776 D/[blink] BoxPainter( 3082): [paintBoxDecorationBackgroundWithRect] BoxPainter::paintBoxDecorationBackgroundWithRect isImage=0, isLayoutImage=0
11-28 17:45:18.776 D/[blink]FrameView( 3082): [updateLifecyclePhasesInternal] end... this:0x25cad918
11-28 17:45:18.777 D/[skia]SkBitmap( 3082): [tryAllocPixels] allocator:0x5e272af8
11-28 17:45:18.823 I/AdvancedPorting-PORT_MODULE_NET( 3082): network_task while... 
11-28 17:45:18.823 I/AdvancedPorting-PORT_MODULE_NET( 3082): 0 interface name: lo
11-28 17:45:18.823 I/AdvancedPorting-PORT_MODULE_NET( 3082): 1 interface name: eth0
11-28 17:45:18.823 I/AdvancedPorting-PORT_MODULE_NET( 3082): 2 interface name: wlan0
11-28 17:45:18.823 I/AdvancedPorting-PORT_MODULE_NET( 3082): First interface name: lo
11-28 17:45:18.823 I/AdvancedPorting-PORT_MODULE_NET( 3082): network_task while...  net_i:1
11-28 17:45:18.823 I/AdvancedPorting-PORT_MODULE_NET( 3082): network_task while---name_interface[0]=lo
11-28 17:45:18.823 I/AdvancedPorting-PORT_MODULE_NET( 3082): network_task while---name_interface[1]=eth0
11-28 17:45:18.823 I/AdvancedPorting-PORT_MODULE_NET( 3082): network_task while---interface_name=eth0
11-28 17:45:18.823 I/AdvancedPorting-PORT_MODULE_NET( 3082): network_get_netlink_status(in)--if_name=eth0
11-28 17:45:18.823 I/AdvancedPorting-PORT_MODULE_NET( 3082): net.network.isconnected = no
11-28 17:45:18.823 I/AdvancedPorting-PORT_MODULE_NET( 3082): eth0 --network_get_netlink_status return retval=1
11-28 17:45:18.823 I/AdvancedPorting-PORT_MODULE_NET( 3082): stat = 1 last_status = 1
11-28 17:45:18.949 D/BackBootDealerNeimeng( 2383): standbyState:
11-28 17:45:18.950 E/NetUtils( 2031): Interface eth0 LinkUp!
11-28 17:45:18.953 D/ir_user ( 1585): PlayerTimeLineTrace:linux_keycode:0x8b(UP),	protocol: .
11-28 17:45:18.953 V/PT      ( 1581): >>INFO:irkey_task:[     567.798350] /dev/input/event0: type=0001 code=008b val=00000000
11-28 17:45:18.953 V/PT      ( 1581): >>INFO:irkey_send:0x3001 0x1002 up  
11-28 17:45:18.953 V/SUMA    ( 1581): ++++++++++++++  _roc_evtmgr_key_cbk 517:input = 12289, event=4098, act=0x400
11-28 17:45:18.953 V/SUMA    ( 1581): lxm:_roc_evtmgr_key_cbk 519 567798
11-28 17:45:18.953 V/SUMA    ( 1581): lxm:_roc_evtmgr_add_key_into_queue 311 567798
11-28 17:45:18.953 V/PT      ( 1581): >>INFO:irkey_task:[     567.798350] /dev/input/event0: type=0000 code=0000 val=00000000
11-28 17:45:18.953 V/SUMA    ( 1581): ===================>> type=0 src=0 evt=4098 act=0x400
11-28 17:45:18.953 V/SUMA    ( 1581): [sysset-s][event_manager_cbk 78]lxm cbid=1, cbk_reg=1, cpid=2463
11-28 17:45:18.954 D/NGBEvent( 2463): ngbEventCallBack type:0 source :4098
11-28 17:45:18.954 D/NGBEvent( 2463): [NGBEventManager-JNI]-returning:1
11-28 17:45:18.954 D/NGBEvent( 2463): Input key event: keyCode=4098
11-28 17:45:18.954 D/NGBEvent( 2463): src:4098 = dest:4098
11-28 17:45:18.954 I/System.out( 2463): [DEBUG EventManager] LWJ--Add event to java with evt=NgbEvent-[type = 1, subtype = 402, code = 4098]
11-28 17:45:18.954 D/RemoteIME( 2359): RemoteIME--> onKeyUp keyCode = 82
11-28 17:45:18.954 D/NGBEvent( 2463): [NGBEvent_log]--[EventManager--JNI]:		start
11-28 17:45:18.954 I/System.out( 2463): [DEBUG EventManager] broadcastEvent  :len 1
11-28 17:45:18.955 D/KeyEventNgbDealer( 2463): [TN_pool-1-thread-1]handleKeyReleased keyEvent=NgbEvent-[type = 1, subtype = 402, code = 4098],time=567800
11-28 17:45:18.956 D/cr_AwTestContainerView( 3082): [AwTestContainerView.java:63] [mainFrame]: [2017-11-21 17:52:03] dispatchKeyEvent keyCode = 82 event = KeyEvent { action=ACTION_UP, keyCode=KEYCODE_MENU, scanCode=139, metaState=0, flags=0x8, repeatCount=0, eventTime=567798, downTime=567589, deviceId=4, source=0x701 }
11-28 17:45:18.956 D/ImeAdapterAndroid( 3082): [SendKeyEvent] [BUILD TIME: ] dispatchKeyEvent key_code=82 modifiers=0 unicode_char=0 scan_code=139 is_system=0 tm=567798
11-28 17:45:18.957 D/RenderWidgetInputHandler( 3082): [HandleInputEvent] input_event type=9 name=KeyUp
11-28 17:45:18.957 D/RenderWidgetInputHandler( 3082): [HandleInputEvent] key_event.nativeKeyCode:82,widget_->GetTextInputType():0
11-28 17:45:18.957 D/RenderWidgetInputHandler( 3082): [HandleInputEvent] input_event type=9 prevent_default:0
11-28 17:45:18.957 D/WebViewImpl( 3082): [handleKeyEvent] keycode:0, eventType:9 native keycode:82 frame=0x45e4bdb8. url='http://10.14.41.246/application/bxfc/sec/index.htm'.
11-28 17:45:18.957 D/[blink]KeyboardEventManager( 3082): [keyEvent] initialKeyEvent KeyUp nativeKeyCode=82 windowsKeyCode=0 text[0]=0
11-28 17:45:18.957 D/[blink]KeyboardEventManager( 3082): [keyEvent] initialKeyEvent focusedNode=0x0
11-28 17:45:18.959 I/Advanced( 3082): [QUEUE] share_queue_sendEx size:1 4097 2526 0x8fde4a48,postLoopId:0,dstid:1.
11-28 17:45:19.045 D/TCPLog  ( 2746): SEND PING...
11-28 17:45:19.047 V/TCPLog  ( 2746): currentNetWorkType:8
11-28 17:45:19.047 E/libpack ( 2746): enter IMCoreApi_pack 600100
11-28 17:45:19.047 E/libpack ( 2746): find class
11-28 17:45:19.047 E/libpack ( 2746): find class
11-28 17:45:19.047 E/libpack ( 2746): size  16
11-28 17:45:19.047 D/TCPLog  ( 2746): PacketWriter sendPacket 线程 main 调用了object.notifyAll()
11-28 17:45:19.047 D/TCPLog  ( 2746): PacketWriter sendPacket 线程 main 释放了锁
11-28 17:45:19.047 D/TCPLog  ( 2746): 线程 writerThread 获取到了锁
11-28 17:45:19.047 D/TCPLog  ( 2746): 线程 writerThread wait ...
11-28 17:45:19.083 D/TCPLog  ( 2746): headerLength:16 bodyLength:0 commandCode:10600100 read length:16
11-28 17:45:19.083 D/TCPLog  ( 2746): commandCode = 10600100
11-28 17:45:19.083 E/TCPLog  ( 2746): 返回心跳成功
11-28 17:45:19.159 I/Advanced( 3082): [QUEUE] share_queue_sendEx size:1 4097 2527 0x8fde4a48,postLoopId:0,dstid:1.
11-28 17:45:19.321 D/AppUtil ( 2383): [TN_ThreadUtil-3]getActivityPkg index=0,comp=ComponentInfo{com.ipanel.android_webview.shell/com.ipanel.webapp.BrowserActivity}
11-28 17:45:19.321 D/AppKiller( 2383): [TN_ThreadUtil-3]backKill curPkgName=com.ipanel.android_webview.shell
11-28 17:45:19.321 D/AppKiller( 2383): [TN_ThreadUtil-3]backKill processName=com.starcor.mango,processInfo=android.app.ActivityManager$RunningAppProcessInfo@1b991baf
11-28 17:45:19.321 D/AppNgbKiller( 2383): [TN_ThreadUtil-3]forceKillApp processInfoFlag=0,hasActivityFlag=4
11-28 17:45:19.321 D/AppKiller( 2383): [TN_ThreadUtil-3]backKill processName=com.yzx.im_demo,processInfo=android.app.ActivityManager$RunningAppProcessInfo@3efa4bbc
11-28 17:45:19.321 D/AppNgbKiller( 2383): [TN_ThreadUtil-3]forceKillApp processInfoFlag=0,hasActivityFlag=4
11-28 17:45:19.359 I/Advanced( 3082): [QUEUE] share_queue_sendEx size:1 4097 2528 0x8fde4a48,postLoopId:0,dstid:1.
11-28 17:45:19.416 D/ir_user ( 1585): PlayerTimeLineTrace:linux_keycode:0x6a(DOWN),	protocol: .
11-28 17:45:19.416 V/PT      ( 1581): >>INFO:irkey_task:[     568.261515] /dev/input/event0: type=0001 code=006a val=00000001
11-28 17:45:19.416 V/PT      ( 1581): >>INFO:irkey_send:0x3001 0x0027 down
11-28 17:45:19.416 V/SUMA    ( 1581): ++++++++++++++  _roc_evtmgr_key_cbk 517:input = 12289, event=39, act=0x100
11-28 17:45:19.416 V/SUMA    ( 1581): lxm:_roc_evtmgr_key_cbk 519 568261
11-28 17:45:19.416 V/SUMA    ( 1581): lxm:_roc_evtmgr_add_evt_into_queue 347 568261
11-28 17:45:19.416 V/SUMA    ( 1581): ===================>> type=0 src=0 evt=39 act=0x100
11-28 17:45:19.416 V/PT      ( 1581): >>INFO:irkey_task:[     568.261515] /dev/input/event0: type=0000 code=0000 val=00000000
11-28 17:45:19.417 V/SUMA    ( 1581): [sysset-s][event_manager_cbk 78]lxm cbid=1, cbk_reg=1, cpid=2463
11-28 17:45:19.417 D/NGBEvent( 2463): ngbEventCallBack type:0 source :39
11-28 17:45:19.417 D/NGBEvent( 2463): [NGBEventManager-JNI]-returning:1
11-28 17:45:19.417 D/NGBEvent( 2463): Input key event: keyCode=39
11-28 17:45:19.417 D/NGBEvent( 2463): src:39 = dest:39
11-28 17:45:19.417 I/System.out( 2463): [DEBUG EventManager] LWJ--Add event to java with evt=NgbEvent-[type = 1, subtype = 401, code = 39]
11-28 17:45:19.417 D/NGBEvent( 2463): [NGBEvent_log]--[EventManager--JNI]:		start
11-28 17:45:19.417 I/System.out( 2463): [DEBUG EventManager] broadcastEvent  :len 1
11-28 17:45:19.418 D/CombineKeyUtil( 2463): [TN_pool-1-thread-1]dealKeyEvent,combineIndex:-1:keyCode:22
11-28 17:45:19.418 D/KeyEventNgbDealer( 2463): [TN_pool-1-thread-1]handleKeyPressed keyEvent=NgbEvent-[type = 1, subtype = 401, code = 39],time=568263
11-28 17:45:19.418 D/RemoteIME( 2359): onKeyDown event = KeyEvent { action=ACTION_DOWN, keyCode=KEYCODE_DPAD_RIGHT, scanCode=106, metaState=0, flags=0x8, repeatCount=0, eventTime=568261, downTime=568261, deviceId=4, source=0x701 },mSkbContainer=null
11-28 17:45:19.419 D/cr_AwTestContainerView( 3082): [AwTestContainerView.java:63] [mainFrame]: [2017-11-21 17:52:03] dispatchKeyEvent keyCode = 22 event = KeyEvent { action=ACTION_DOWN, keyCode=KEYCODE_DPAD_RIGHT, scanCode=106, metaState=0, flags=0x8, repeatCount=0, eventTime=568261, downTime=568261, deviceId=4, source=0x701 }
11-28 17:45:19.420 D/ImeAdapterAndroid( 3082): [SendKeyEvent] [BUILD TIME: ] dispatchKeyEvent key_code=22 modifiers=0 unicode_char=0 scan_code=106 is_system=0 tm=568261
11-28 17:45:19.421 D/RenderWidgetInputHandler( 3082): [HandleInputEvent] input_event type=8 name=KeyDown
11-28 17:45:19.421 D/RenderWidgetInputHandler( 3082): [HandleInputEvent] key_event.nativeKeyCode:22,widget_->GetTextInputType():0
11-28 17:45:19.421 D/RenderWidgetInputHandler( 3082): [HandleInputEvent] input_event type=8 prevent_default:0
11-28 17:45:19.421 D/WebViewImpl( 3082): [handleKeyEvent] keycode:39, eventType:8 native keycode:22 frame=0x45e4bdb8. url='http://10.14.41.246/application/bxfc/sec/index.htm'.
11-28 17:45:19.421 D/[blink]KeyboardEventManager( 3082): [keyEvent] initialKeyEvent KeyDown nativeKeyCode=22 windowsKeyCode=39 text[0]=0
11-28 17:45:19.421 D/[blink]KeyboardEventManager( 3082): [keyEvent] initialKeyEvent focusedNode=0x0
11-28 17:45:19.421 D/V8ScriptRunner( 3082): [callFunction] start. frame = 0x45e4bdb8 function: eventHandler url: http://10.14.41.246/application/bxfc/sec/index.htm line: 179
11-28 17:45:19.422 D/base::KeyConverter( 3082): [get] convert 22 => -1.
11-28 17:45:19.422 D/iPanel  ( 3082): iPanel.debug("---141----popFlag=false")
11-28 17:45:19.422 D/iPanel  ( 3082): iPanel.debug("---142----ifrSrc=http://10.14.41.246/application/bxfc/sec/index.htm")
11-28 17:45:19.422 D/iPanel  ( 3082): iPanel.debug("-------主窗口按键响应=KEY_RIGHT")
11-28 17:45:19.425 D/[cc]beginFrameSource( 3082): [AddObserver] ExternalBeginFrameSource::AddObserver
11-28 17:45:19.426 D/iPanel  ( 3082): iPanel.debug("-------keyRight=KEY_RIGHT")
11-28 17:45:19.427 D/V8ScriptRunner( 3082): [callFunction] end. frame = 0x45e4bdb8 function: eventHandler url: http://10.14.41.246/application/bxfc/sec/index.htm line: 179
11-28 17:45:19.427 D/[blink]KeyboardEventManager( 3082): [keyEvent] dispatchResult = CanceledByEventHandler
11-28 17:45:19.438 D/[cc]ProxyMain( 3082): [BeginMainFrame] cc.BeginMainFrame this:0x9f73a768
11-28 17:45:19.438 D/[cc]LayerTreeHost( 3082): [AnimateLayers] AnimateLayers monotonic_time=568283310
11-28 17:45:19.438 D/[blink]FrameView( 3082): [updateStyleAndLayoutIfNeededRecursiveInternal] in... this:0x25cad918.
11-28 17:45:19.439 D/[blink]FrameView( 3082): [updateStyleAndLayoutIfNeededRecursiveInternal] in... this:0x25cae190.
11-28 17:45:19.439 D/[blink]FrameView( 3082): [updateStyleAndLayoutIfNeededRecursiveInternal] end... this:0x25cae190.
11-28 17:45:19.439 D/[blink]FrameView( 3082): [updateStyleAndLayoutIfNeededRecursiveInternal] end... this:0x25cad918.
11-28 17:45:19.439 D/[blink]FrameView( 3082): [updateLifecyclePhasesInternal] in... this:0x25cad918, targetState=18
11-28 17:45:19.439 D/[blink]FrameView( 3082): [updateLifecyclePhasesInternal] call compositor()->updateIfNeededRecursive()!
11-28 17:45:19.440 D/[blink] ImagePainter( 3082): [paintReplaced] ImagePainter::paintReplaced in w=21056, h=3712.
11-28 17:45:19.440 D/[blink] ImagePainter( 3082): [paintReplaced] ImagePainter::paintReplaced in w=14272, h=1792.
11-28 17:45:19.440 D/[blink] ImagePainter( 3082): [paintReplaced] ImagePainter::paintReplaced in w=17472, h=9792.
11-28 17:45:19.440 D/[blink] ImagePainter( 3082): [paintReplaced] ImagePainter::paintReplaced in w=3648, h=3904.
11-28 17:45:19.440 D/[blink] ImagePainter( 3082): [paintReplaced] ImagePainter::paintReplaced in w=17472, h=9792.
11-28 17:45:19.440 D/[blink] ImagePainter( 3082): [paintReplaced] ImagePainter::paintReplaced in w=3648, h=3904.
11-28 17:45:19.440 D/[blink] ImagePainter( 3082): [paintReplaced] ImagePainter::paintReplaced in w=17472, h=9792.
11-28 17:45:19.440 D/[blink] ImagePainter( 3082): [paintReplaced] ImagePainter::paintReplaced in w=17472, h=9792.
11-28 17:45:19.440 D/[blink] ImagePainter( 3082): [paintReplaced] ImagePainter::paintReplaced in w=14144, h=7936.
11-28 17:45:19.440 D/[blink] ImagePainter( 3082): [paintReplaced] ImagePainter::paintReplaced in w=14144, h=7936.
11-28 17:45:19.440 D/[blink] ImagePainter( 3082): [paintReplaced] ImagePainter::paintReplaced in w=1408, h=768.
11-28 17:45:19.440 D/[blink] BoxPainter( 3082): [paintBoxDecorationBackgroundWithRect] BoxPainter::paintBoxDecorationBackgroundWithRect isImage=0, isLayoutImage=0
11-28 17:45:19.440 D/[blink] BoxPainter( 3082): [paintBoxDecorationBackgroundWithRect] BoxPainter::paintBoxDecorationBackgroundWithRect isImage=0, isLayoutImage=0
11-28 17:45:19.440 D/[blink]FrameView( 3082): [updateLifecyclePhasesInternal] end... this:0x25cad918
11-28 17:45:19.450 D/BackBootDealerNeimeng( 2383): standbyState:
11-28 17:45:19.451 E/NetUtils( 2031): Interface eth0 LinkUp!
11-28 17:45:19.625 D/ir_user ( 1585): PlayerTimeLineTrace:linux_keycode:0x6a(UP),	protocol: .
11-28 17:45:19.625 V/PT      ( 1581): >>INFO:irkey_task:[     568.470796] /dev/input/event0: type=0001 code=006a val=00000000
11-28 17:45:19.625 V/PT      ( 1581): >>INFO:irkey_send:0x3001 0x0027 up  
11-28 17:45:19.625 V/SUMA    ( 1581): ++++++++++++++  _roc_evtmgr_key_cbk 517:input = 12289, event=39, act=0x400
11-28 17:45:19.625 V/SUMA    ( 1581): lxm:_roc_evtmgr_key_cbk 519 568471
11-28 17:45:19.626 V/SUMA    ( 1581): lxm:_roc_evtmgr_add_key_into_queue 311 568471
11-28 17:45:19.626 V/PT      ( 1581): >>INFO:irkey_task:[     568.470796] /dev/input/event0: type=0000 code=0000 val=00000000
11-28 17:45:19.626 V/SUMA    ( 1581): ===================>> type=0 src=0 evt=39 act=0x400
11-28 17:45:19.626 V/SUMA    ( 1581): [sysset-s][event_manager_cbk 78]lxm cbid=1, cbk_reg=1, cpid=2463
11-28 17:45:19.626 D/NGBEvent( 2463): ngbEventCallBack type:0 source :39
11-28 17:45:19.626 D/NGBEvent( 2463): [NGBEventManager-JNI]-returning:1
11-28 17:45:19.626 D/NGBEvent( 2463): Input key event: keyCode=39
11-28 17:45:19.626 D/NGBEvent( 2463): src:39 = dest:39
11-28 17:45:19.626 I/System.out( 2463): [DEBUG EventManager] LWJ--Add event to java with evt=NgbEvent-[type = 1, subtype = 402, code = 39]
11-28 17:45:19.626 D/NGBEvent( 2463): [NGBEvent_log]--[EventManager--JNI]:		start
11-28 17:45:19.627 D/RemoteIME( 2359): RemoteIME--> onKeyUp keyCode = 22
11-28 17:45:19.627 I/System.out( 2463): [DEBUG EventManager] broadcastEvent  :len 1
11-28 17:45:19.627 D/KeyEventNgbDealer( 2463): [TN_pool-1-thread-1]handleKeyReleased keyEvent=NgbEvent-[type = 1, subtype = 402, code = 39],time=568472
11-28 17:45:19.628 D/cr_AwTestContainerView( 3082): [AwTestContainerView.java:63] [mainFrame]: [2017-11-21 17:52:03] dispatchKeyEvent keyCode = 22 event = KeyEvent { action=ACTION_UP, keyCode=KEYCODE_DPAD_RIGHT, scanCode=106, metaState=0, flags=0x8, repeatCount=0, eventTime=568470, downTime=568261, deviceId=4, source=0x701 }
11-28 17:45:19.628 D/ImeAdapterAndroid( 3082): [SendKeyEvent] [BUILD TIME: ] dispatchKeyEvent key_code=22 modifiers=0 unicode_char=0 scan_code=106 is_system=0 tm=568470
11-28 17:45:19.629 D/RenderWidgetInputHandler( 3082): [HandleInputEvent] input_event type=9 name=KeyUp
11-28 17:45:19.629 D/RenderWidgetInputHandler( 3082): [HandleInputEvent] key_event.nativeKeyCode:22,widget_->GetTextInputType():0
11-28 17:45:19.629 D/RenderWidgetInputHandler( 3082): [HandleInputEvent] input_event type=9 prevent_default:0
11-28 17:45:19.630 D/WebViewImpl( 3082): [handleKeyEvent] keycode:39, eventType:9 native keycode:22 frame=0x45e4bdb8. url='http://10.14.41.246/application/bxfc/sec/index.htm'.
11-28 17:45:19.630 D/[blink]KeyboardEventManager( 3082): [keyEvent] initialKeyEvent KeyUp nativeKeyCode=22 windowsKeyCode=39 text[0]=0
11-28 17:45:19.630 D/[blink]KeyboardEventManager( 3082): [keyEvent] initialKeyEvent focusedNode=0x0
11-28 17:45:19.769 I/Advanced( 3082): [QUEUE] share_queue_sendEx size:1 4097 2530 0x8fde4a48,postLoopId:0,dstid:1.
11-28 17:45:19.823 I/AdvancedPorting-PORT_MODULE_NET( 3082): network_task while... 
11-28 17:45:19.823 I/AdvancedPorting-PORT_MODULE_NET( 3082): 0 interface name: lo
11-28 17:45:19.823 I/AdvancedPorting-PORT_MODULE_NET( 3082): 1 interface name: eth0
11-28 17:45:19.823 I/AdvancedPorting-PORT_MODULE_NET( 3082): 2 interface name: wlan0
11-28 17:45:19.823 I/AdvancedPorting-PORT_MODULE_NET( 3082): First interface name: lo
11-28 17:45:19.823 I/AdvancedPorting-PORT_MODULE_NET( 3082): network_task while...  net_i:1
11-28 17:45:19.823 I/AdvancedPorting-PORT_MODULE_NET( 3082): network_task while---name_interface[0]=lo
11-28 17:45:19.823 I/AdvancedPorting-PORT_MODULE_NET( 3082): network_task while---name_interface[1]=eth0
11-28 17:45:19.823 I/AdvancedPorting-PORT_MODULE_NET( 3082): network_task while---interface_name=eth0
11-28 17:45:19.823 I/AdvancedPorting-PORT_MODULE_NET( 3082): network_get_netlink_status(in)--if_name=eth0
11-28 17:45:19.823 I/AdvancedPorting-PORT_MODULE_NET( 3082): net.network.isconnected = no
11-28 17:45:19.823 I/AdvancedPorting-PORT_MODULE_NET( 3082): eth0 --network_get_netlink_status return retval=1
11-28 17:45:19.823 I/AdvancedPorting-PORT_MODULE_NET( 3082): stat = 1 last_status = 1
11-28 17:45:19.831 D/ir_user ( 1585): PlayerTimeLineTrace:linux_keycode:0x6a(DOWN),	protocol: .
11-28 17:45:19.831 V/PT      ( 1581): >>INFO:irkey_task:[     568.676166] /dev/input/event0: type=0001 code=006a val=00000001
11-28 17:45:19.831 V/PT      ( 1581): >>INFO:irkey_send:0x3001 0x0027 down
11-28 17:45:19.831 V/SUMA    ( 1581): ++++++++++++++  _roc_evtmgr_key_cbk 517:input = 12289, event=39, act=0x100
11-28 17:45:19.831 V/SUMA    ( 1581): lxm:_roc_evtmgr_key_cbk 519 568676
11-28 17:45:19.831 V/SUMA    ( 1581): lxm:_roc_evtmgr_add_evt_into_queue 347 568676
11-28 17:45:19.831 V/PT      ( 1581): >>INFO:irkey_task:[     568.676166] /dev/input/event0: type=0000 code=0000 val=00000000
11-28 17:45:19.831 V/SUMA    ( 1581): ===================>> type=0 src=0 evt=39 act=0x100
11-28 17:45:19.831 V/SUMA    ( 1581): [sysset-s][event_manager_cbk 78]lxm cbid=1, cbk_reg=1, cpid=2463
11-28 17:45:19.831 D/NGBEvent( 2463): ngbEventCallBack type:0 source :39
11-28 17:45:19.831 D/NGBEvent( 2463): [NGBEventManager-JNI]-returning:1
11-28 17:45:19.832 D/NGBEvent( 2463): Input key event: keyCode=39
11-28 17:45:19.832 D/NGBEvent( 2463): src:39 = dest:39
11-28 17:45:19.832 I/System.out( 2463): [DEBUG EventManager] LWJ--Add event to java with evt=NgbEvent-[type = 1, subtype = 401, code = 39]
11-28 17:45:19.832 D/NGBEvent( 2463): [NGBEvent_log]--[EventManager--JNI]:		start
11-28 17:45:19.832 I/System.out( 2463): [DEBUG EventManager] broadcastEvent  :len 1
11-28 17:45:19.832 D/RemoteIME( 2359): onKeyDown event = KeyEvent { action=ACTION_DOWN, keyCode=KEYCODE_DPAD_RIGHT, scanCode=106, metaState=0, flags=0x8, repeatCount=0, eventTime=568676, downTime=568676, deviceId=4, source=0x701 },mSkbContainer=null
11-28 17:45:19.832 D/CombineKeyUtil( 2463): [TN_pool-1-thread-1]dealKeyEvent,combineIndex:-1:keyCode:22
11-28 17:45:19.832 D/KeyEventNgbDealer( 2463): [TN_pool-1-thread-1]handleKeyPressed keyEvent=NgbEvent-[type = 1, subtype = 401, code = 39],time=568678
11-28 17:45:19.834 D/cr_AwTestContainerView( 3082): [AwTestContainerView.java:63] [mainFrame]: [2017-11-21 17:52:03] dispatchKeyEvent keyCode = 22 event = KeyEvent { action=ACTION_DOWN, keyCode=KEYCODE_DPAD_RIGHT, scanCode=106, metaState=0, flags=0x8, repeatCount=0, eventTime=568676, downTime=568676, deviceId=4, source=0x701 }
11-28 17:45:19.834 D/ImeAdapterAndroid( 3082): [SendKeyEvent] [BUILD TIME: ] dispatchKeyEvent key_code=22 modifiers=0 unicode_char=0 scan_code=106 is_system=0 tm=568676
11-28 17:45:19.835 D/RenderWidgetInputHandler( 3082): [HandleInputEvent] input_event type=8 name=KeyDown
11-28 17:45:19.835 D/RenderWidgetInputHandler( 3082): [HandleInputEvent] key_event.nativeKeyCode:22,widget_->GetTextInputType():0
11-28 17:45:19.835 D/RenderWidgetInputHandler( 3082): [HandleInputEvent] input_event type=8 prevent_default:0
11-28 17:45:19.835 D/WebViewImpl( 3082): [handleKeyEvent] keycode:39, eventType:8 native keycode:22 frame=0x45e4bdb8. url='http://10.14.41.246/application/bxfc/sec/index.htm'.
11-28 17:45:19.835 D/[blink]KeyboardEventManager( 3082): [keyEvent] initialKeyEvent KeyDown nativeKeyCode=22 windowsKeyCode=39 text[0]=0
11-28 17:45:19.835 D/[blink]KeyboardEventManager( 3082): [keyEvent] initialKeyEvent focusedNode=0x0
11-28 17:45:19.836 D/V8ScriptRunner( 3082): [callFunction] start. frame = 0x45e4bdb8 function: eventHandler url: http://10.14.41.246/application/bxfc/sec/index.htm line: 179
11-28 17:45:19.836 D/base::KeyConverter( 3082): [get] convert 22 => -1.
11-28 17:45:19.836 D/iPanel  ( 3082): iPanel.debug("---141----popFlag=false")
11-28 17:45:19.836 D/iPanel  ( 3082): iPanel.debug("---142----ifrSrc=http://10.14.41.246/application/bxfc/sec/index.htm")
11-28 17:45:19.836 D/iPanel  ( 3082): iPanel.debug("-------主窗口按键响应=KEY_RIGHT")
11-28 17:45:19.837 D/[cc]beginFrameSource( 3082): [AddObserver] ExternalBeginFrameSource::AddObserver
11-28 17:45:19.837 D/iPanel  ( 3082): iPanel.debug("-------keyRight=KEY_RIGHT")
11-28 17:45:19.837 D/V8ScriptRunner( 3082): [callFunction] end. frame = 0x45e4bdb8 function: eventHandler url: http://10.14.41.246/application/bxfc/sec/index.htm line: 179
11-28 17:45:19.837 D/[blink]KeyboardEventManager( 3082): [keyEvent] dispatchResult = CanceledByEventHandler
11-28 17:45:19.855 D/[cc]ProxyMain( 3082): [BeginMainFrame] cc.BeginMainFrame this:0x9f73a768
11-28 17:45:19.855 D/[cc]LayerTreeHost( 3082): [AnimateLayers] AnimateLayers monotonic_time=568699977
11-28 17:45:19.855 D/[blink]FrameView( 3082): [updateStyleAndLayoutIfNeededRecursiveInternal] in... this:0x25cad918.
11-28 17:45:19.855 D/[blink]FrameView( 3082): [updateStyleAndLayoutIfNeededRecursiveInternal] in... this:0x25cae190.
11-28 17:45:19.855 D/[blink]FrameView( 3082): [updateStyleAndLayoutIfNeededRecursiveInternal] end... this:0x25cae190.
11-28 17:45:19.855 D/[blink]FrameView( 3082): [updateStyleAndLayoutIfNeededRecursiveInternal] end... this:0x25cad918.
11-28 17:45:19.855 D/[blink]FrameView( 3082): [updateLifecyclePhasesInternal] in... this:0x25cad918, targetState=18
11-28 17:45:19.855 D/[blink]FrameView( 3082): [updateLifecyclePhasesInternal] call compositor()->updateIfNeededRecursive()!
11-28 17:45:19.856 D/[blink] ImagePainter( 3082): [paintReplaced] ImagePainter::paintReplaced in w=21056, h=3712.
11-28 17:45:19.856 D/[blink] ImagePainter( 3082): [paintReplaced] ImagePainter::paintReplaced in w=14272, h=1792.
11-28 17:45:19.856 D/[blink] ImagePainter( 3082): [paintReplaced] ImagePainter::paintReplaced in w=17472, h=9792.
11-28 17:45:19.856 D/[blink] ImagePainter( 3082): [paintReplaced] ImagePainter::paintReplaced in w=3648, h=3904.
11-28 17:45:19.856 D/[blink] ImagePainter( 3082): [paintReplaced] ImagePainter::paintReplaced in w=17472, h=9792.
11-28 17:45:19.856 D/[blink] ImagePainter( 3082): [paintReplaced] ImagePainter::paintReplaced in w=3648, h=3904.
11-28 17:45:19.856 D/[blink] ImagePainter( 3082): [paintReplaced] ImagePainter::paintReplaced in w=17472, h=9792.
11-28 17:45:19.856 D/[blink] ImagePainter( 3082): [paintReplaced] ImagePainter::paintReplaced in w=17472, h=9792.
11-28 17:45:19.856 D/[blink] ImagePainter( 3082): [paintReplaced] ImagePainter::paintReplaced in w=14144, h=7936.
11-28 17:45:19.856 D/[blink] ImagePainter( 3082): [paintReplaced] ImagePainter::paintReplaced in w=14144, h=7936.
11-28 17:45:19.856 D/[blink] ImagePainter( 3082): [paintReplaced] ImagePainter::paintReplaced in w=1408, h=768.
11-28 17:45:19.857 D/[blink] BoxPainter( 3082): [paintBoxDecorationBackgroundWithRect] BoxPainter::paintBoxDecorationBackgroundWithRect isImage=0, isLayoutImage=0
11-28 17:45:19.857 D/[blink] BoxPainter( 3082): [paintBoxDecorationBackgroundWithRect] BoxPainter::paintBoxDecorationBackgroundWithRect isImage=0, isLayoutImage=0
11-28 17:45:19.857 D/[blink]FrameView( 3082): [updateLifecyclePhasesInternal] end... this:0x25cad918
11-28 17:45:19.886 D/AppUtil ( 2383): [TN_ThreadUtil-12]getActivityPkg index=0,comp=ComponentInfo{com.ipanel.android_webview.shell/com.ipanel.webapp.BrowserActivity}
11-28 17:45:19.886 D/AppRuleBaseDealer( 2383): backExcute curActivityPkgName:com.ipanel.android_webview.shell
11-28 17:45:19.886 V/SUMA    ( 2383): [cas-c][CA_Manager_GetManufactureInfoSync 2590]enter !!!
11-28 17:45:19.951 D/BackBootDealerNeimeng( 2383): standbyState:
11-28 17:45:19.952 E/NetUtils( 2031): Interface eth0 LinkUp!
11-28 17:45:19.969 I/Advanced( 3082): [QUEUE] share_queue_sendEx size:1 4097 2531 0x8fde4a48,postLoopId:0,dstid:1.
11-28 17:45:20.040 D/ir_user ( 1585): PlayerTimeLineTrace:linux_keycode:0x6a(UP),	protocol: .
11-28 17:45:20.040 V/PT      ( 1581): >>INFO:irkey_task:[     568.885456] /dev/input/event0: type=0001 code=006a val=00000000
11-28 17:45:20.040 V/PT      ( 1581): >>INFO:irkey_send:0x3001 0x0027 up  
11-28 17:45:20.040 V/SUMA    ( 1581): ++++++++++++++  _roc_evtmgr_key_cbk 517:input = 12289, event=39, act=0x400
11-28 17:45:20.040 V/SUMA    ( 1581): lxm:_roc_evtmgr_key_cbk 519 568885
11-28 17:45:20.040 V/SUMA    ( 1581): lxm:_roc_evtmgr_add_key_into_queue 311 568885
11-28 17:45:20.040 V/PT      ( 1581): >>INFO:irkey_task:[     568.885456] /dev/input/event0: type=0000 code=0000 val=00000000
11-28 17:45:20.040 V/SUMA    ( 1581): ===================>> type=0 src=0 evt=39 act=0x400
11-28 17:45:20.041 V/SUMA    ( 1581): [sysset-s][event_manager_cbk 78]lxm cbid=1, cbk_reg=1, cpid=2463
11-28 17:45:20.041 D/NGBEvent( 2463): ngbEventCallBack type:0 source :39
11-28 17:45:20.041 D/NGBEvent( 2463): [NGBEventManager-JNI]-returning:1
11-28 17:45:20.041 D/NGBEvent( 2463): Input key event: keyCode=39
11-28 17:45:20.041 D/NGBEvent( 2463): src:39 = dest:39
11-28 17:45:20.041 D/RemoteIME( 2359): RemoteIME--> onKeyUp keyCode = 22
11-28 17:45:20.041 I/System.out( 2463): [DEBUG EventManager] LWJ--Add event to java with evt=NgbEvent-[type = 1, subtype = 402, code = 39]
11-28 17:45:20.042 D/NGBEvent( 2463): [NGBEvent_log]--[EventManager--JNI]:		start
11-28 17:45:20.042 I/System.out( 2463): [DEBUG EventManager] broadcastEvent  :len 1
11-28 17:45:20.042 D/KeyEventNgbDealer( 2463): [TN_pool-1-thread-1]handleKeyReleased keyEvent=NgbEvent-[type = 1, subtype = 402, code = 39],time=568887
11-28 17:45:20.043 D/cr_AwTestContainerView( 3082): [AwTestContainerView.java:63] [mainFrame]: [2017-11-21 17:52:03] dispatchKeyEvent keyCode = 22 event = KeyEvent { action=ACTION_UP, keyCode=KEYCODE_DPAD_RIGHT, scanCode=106, metaState=0, flags=0x8, repeatCount=0, eventTime=568885, downTime=568676, deviceId=4, source=0x701 }
11-28 17:45:20.043 D/ImeAdapterAndroid( 3082): [SendKeyEvent] [BUILD TIME: ] dispatchKeyEvent key_code=22 modifiers=0 unicode_char=0 scan_code=106 is_system=0 tm=568885
11-28 17:45:20.044 D/RenderWidgetInputHandler( 3082): [HandleInputEvent] input_event type=9 name=KeyUp
11-28 17:45:20.044 D/RenderWidgetInputHandler( 3082): [HandleInputEvent] key_event.nativeKeyCode:22,widget_->GetTextInputType():0
11-28 17:45:20.044 D/RenderWidgetInputHandler( 3082): [HandleInputEvent] input_event type=9 prevent_default:0
11-28 17:45:20.044 D/WebViewImpl( 3082): [handleKeyEvent] keycode:39, eventType:9 native keycode:22 frame=0x45e4bdb8. url='http://10.14.41.246/application/bxfc/sec/index.htm'.
11-28 17:45:20.044 D/[blink]KeyboardEventManager( 3082): [keyEvent] initialKeyEvent KeyUp nativeKeyCode=22 windowsKeyCode=39 text[0]=0
11-28 17:45:20.044 D/[blink]KeyboardEventManager( 3082): [keyEvent] initialKeyEvent focusedNode=0x0
11-28 17:45:20.047 V/SUMA    ( 2383): [cas-c][CA_Manager_GetManufactureInfoSync 2604]leave !!!
11-28 17:45:20.047 D/CAManagerNative( 2383): getCardInfo.CA_Manager_GetManufactureInfoSync result=0
11-28 17:45:20.059 E/NetUtils( 2031): Interface eth0 LinkUp!
11-28 17:45:20.170 I/Advanced( 3082): [QUEUE] share_queue_sendEx size:1 4097 2532 0x8fde4a48,postLoopId:0,dstid:1.
11-28 17:45:20.260 D/CAManagerNative( 2383): getCardInfo.CA_Manager_GetMotherCardID result=0,motherCardID=0
11-28 17:45:20.261 V/SUMA    ( 2383): [cas-c][CA_Manager_GetAreaInfoSync 2565]enter !!!
11-28 17:45:20.278 D/ir_user ( 1585): PlayerTimeLineTrace:linux_keycode:0x6c(DOWN),	protocol: .
11-28 17:45:20.278 V/PT      ( 1581): >>INFO:irkey_task:[     569.123321] /dev/input/event0: type=0001 code=006c val=00000001
11-28 17:45:20.278 V/PT      ( 1581): >>INFO:irkey_send:0x3001 0x0028 down
11-28 17:45:20.278 V/SUMA    ( 1581): ++++++++++++++  _roc_evtmgr_key_cbk 517:input = 12289, event=40, act=0x100
11-28 17:45:20.278 V/SUMA    ( 1581): lxm:_roc_evtmgr_key_cbk 519 569123
11-28 17:45:20.278 V/SUMA    ( 1581): lxm:_roc_evtmgr_add_evt_into_queue 347 569123
11-28 17:45:20.278 V/SUMA    ( 1581): ===================>> type=0 src=0 evt=40 act=0x100
11-28 17:45:20.278 V/PT      ( 1581): >>INFO:irkey_task:[     569.123321] /dev/input/event0: type=0000 code=0000 val=00000000
11-28 17:45:20.278 V/SUMA    ( 1581): [sysset-s][event_manager_cbk 78]lxm cbid=1, cbk_reg=1, cpid=2463
11-28 17:45:20.279 D/NGBEvent( 2463): ngbEventCallBack type:0 source :40
11-28 17:45:20.279 D/NGBEvent( 2463): [NGBEventManager-JNI]-returning:1
11-28 17:45:20.279 D/NGBEvent( 2463): Input key event: keyCode=40
11-28 17:45:20.279 D/NGBEvent( 2463): src:40 = dest:40
11-28 17:45:20.279 I/System.out( 2463): [DEBUG EventManager] LWJ--Add event to java with evt=NgbEvent-[type = 1, subtype = 401, code = 40]
11-28 17:45:20.279 D/NGBEvent( 2463): [NGBEvent_log]--[EventManager--JNI]:		start
11-28 17:45:20.279 I/System.out( 2463): [DEBUG EventManager] broadcastEvent  :len 1
11-28 17:45:20.279 D/RemoteIME( 2359): onKeyDown event = KeyEvent { action=ACTION_DOWN, keyCode=KEYCODE_DPAD_DOWN, scanCode=108, metaState=0, flags=0x8, repeatCount=0, eventTime=569123, downTime=569123, deviceId=4, source=0x701 },mSkbContainer=null
11-28 17:45:20.279 D/CombineKeyUtil( 2463): [TN_pool-1-thread-1]dealKeyEvent,combineIndex:-1:keyCode:20
11-28 17:45:20.280 D/KeyEventNgbDealer( 2463): [TN_pool-1-thread-1]handleKeyPressed keyEvent=NgbEvent-[type = 1, subtype = 401, code = 40],time=569125
11-28 17:45:20.281 D/cr_AwTestContainerView( 3082): [AwTestContainerView.java:63] [mainFrame]: [2017-11-21 17:52:03] dispatchKeyEvent keyCode = 20 event = KeyEvent { action=ACTION_DOWN, keyCode=KEYCODE_DPAD_DOWN, scanCode=108, metaState=0, flags=0x8, repeatCount=0, eventTime=569123, downTime=569123, deviceId=4, source=0x701 }
11-28 17:45:20.281 D/ImeAdapterAndroid( 3082): [SendKeyEvent] [BUILD TIME: ] dispatchKeyEvent key_code=20 modifiers=0 unicode_char=0 scan_code=108 is_system=0 tm=569123
11-28 17:45:20.282 D/RenderWidgetInputHandler( 3082): [HandleInputEvent] input_event type=8 name=KeyDown
11-28 17:45:20.282 D/RenderWidgetInputHandler( 3082): [HandleInputEvent] key_event.nativeKeyCode:20,widget_->GetTextInputType():0
11-28 17:45:20.282 D/RenderWidgetInputHandler( 3082): [HandleInputEvent] input_event type=8 prevent_default:0
11-28 17:45:20.282 D/WebViewImpl( 3082): [handleKeyEvent] keycode:40, eventType:8 native keycode:20 frame=0x45e4bdb8. url='http://10.14.41.246/application/bxfc/sec/index.htm'.
11-28 17:45:20.282 D/[blink]KeyboardEventManager( 3082): [keyEvent] initialKeyEvent KeyDown nativeKeyCode=20 windowsKeyCode=40 text[0]=0
11-28 17:45:20.282 D/[blink]KeyboardEventManager( 3082): [keyEvent] initialKeyEvent focusedNode=0x0
11-28 17:45:20.283 D/V8ScriptRunner( 3082): [callFunction] start. frame = 0x45e4bdb8 function: eventHandler url: http://10.14.41.246/application/bxfc/sec/index.htm line: 179
11-28 17:45:20.283 D/base::KeyConverter( 3082): [get] convert 20 => -1.
11-28 17:45:20.283 D/iPanel  ( 3082): iPanel.debug("---141----popFlag=false")
11-28 17:45:20.283 D/iPanel  ( 3082): iPanel.debug("---142----ifrSrc=http://10.14.41.246/application/bxfc/sec/index.htm")
11-28 17:45:20.283 D/iPanel  ( 3082): iPanel.debug("-------主窗口按键响应=KEY_DOWN")
11-28 17:45:20.289 D/[cc]beginFrameSource( 3082): [AddObserver] ExternalBeginFrameSource::AddObserver
11-28 17:45:20.291 D/iPanel  ( 3082): iPanel.debug("----chanel[menuPos]--:289")
11-28 17:45:20.291 D/iPanel  ( 3082): iPanel.debug("----menuPos-:2")
11-28 17:45:20.291 D/iPanel  ( 3082): iPanel.debug("----menuPos--:number")
11-28 17:45:20.291 D/iPanel  ( 3082): iPanel.debug("----listDataPath--:http://10.14.41.245:13160/search/search_by_keyword?accesstoken=R5A1D2EE5U20887029K53724E0DIA6230E0AP8M2FAF083WDC013F7D151&keyword=201702&label=289&pageidx=1&pagenum=20&depth=2&sortby=4")
11-28 17:45:20.291 D/ChromeClientImpl( 3082): [addMessageToConsole] [LOG:CONSOLE(291)] "http://10.14.41.245:13160/search/search_by_keyword?accesstoken=R5A1D2EE5U20887029K53724E0DIA6230E0AP8M2FAF083WDC013F7D151&keyword=201702&label=289&pageidx=1&pagenum=20&depth=2&sortby=4", source:http://10.14.41.246/application/bxfc/sec/js/common.js (291)
11-28 17:45:20.292 D/V8ScriptRunner( 3082): [callFunction] start. frame = 0x45e4bdb8 function: xmlHttp.onreadystatechange url: http://10.14.41.246/application/bxfc/sec/js/common.js line: 276
11-28 17:45:20.292 D/V8ScriptRunner( 3082): [callFunction] end. frame = 0x45e4bdb8 function: xmlHttp.onreadystatechange url: http://10.14.41.246/application/bxfc/sec/js/common.js line: 276
11-28 17:45:20.292 D/[blink]ResourceFetcher( 3082): [requestResource] url=http://10.14.41.245:13160/search/search_by_keyword?accesstoken=R5A1D2EE5U20887029K53724E0DIA6230E0AP8M2FAF083WDC013F7D151&keyword=201702&label=289&pageidx=1&pagenum=20&depth=2&sortby=4.
11-28 17:45:20.292 D/url     ( 3082): [DoResolveRelative] [WEB] DoResolveRelative Error resolving.
11-28 17:45:20.292 D/[blink]DOMTimer( 3082): [DOMTimer] 0x25dc1be0 setTimeout 500ms, repeat:0.
11-28 17:45:20.292 D/[blink]DOMTimer( 3082): [DOMTimer] 0x25dc1c50 setTimeout 30000ms, repeat:0.
11-28 17:45:20.292 D/iPanel  ( 3082): iPanel.debug("-------keyDown=KEY_DOWN")
11-28 17:45:20.292 D/V8ScriptRunner( 3082): [callFunction] end. frame = 0x45e4bdb8 function: eventHandler url: http://10.14.41.246/application/bxfc/sec/index.htm line: 179
11-28 17:45:20.292 D/[blink]KeyboardEventManager( 3082): [keyEvent] dispatchResult = CanceledByEventHandler
11-28 17:45:20.293 D/ResourceLoader( 3082): [StartRequest] start request 0x8b1c1b00 url='http://10.14.41.245:13160/search/search_by_keyword?accesstoken=R5A1D2EE5U20887029K53724E0DIA6230E0AP8M2FAF083WDC013F7D151&keyword=201702&label=289&pageidx=1&pagenum=20&depth=2&sortby=4'
11-28 17:45:20.293 D/AwRequestInterceptor( 3082): [MaybeInterceptRequest] request=0x8b1c1b00
11-28 17:45:20.293 D/cr_AwContents( 3082): [AwContents.java:520] BackgroundThreadClientImpl shouldInterceptRequest url = http://10.14.41.245:13160/search/search_by_keyword?accesstoken=R5A1D2EE5U20887029K53724E0DIA6230E0AP8M2FAF083WDC013F7D151&keyword=201702&label=289&pageidx=1&pagenum=20&depth=2&sortby=4
11-28 17:45:20.293 D/cr_AwNullContentsClient( 3082): [AwNullContentsClient.java:59] shouldInterceptRequest url=http://10.14.41.245:13160/search/search_by_keyword?accesstoken=R5A1D2EE5U20887029K53724E0DIA6230E0AP8M2FAF083WDC013F7D151&keyword=201702&label=289&pageidx=1&pagenum=20&depth=2&sortby=4
11-28 17:45:20.293 D/BrowserWebViewClient( 3082): intercept request :http://10.14.41.245:13160/search/search_by_keyword?accesstoken=R5A1D2EE5U20887029K53724E0DIA6230E0AP8M2FAF083WDC013F7D151&keyword=201702&label=289&pageidx=1&pagenum=20&depth=2&sortby=4
11-28 17:45:20.293 D/AwRequestInterceptor( 3082): [MaybeInterceptRequest] request=0x8b1c1b00
11-28 17:45:20.305 D/[cc]ProxyMain( 3082): [BeginMainFrame] cc.BeginMainFrame this:0x9f73a768
11-28 17:45:20.305 D/[cc]LayerTreeHost( 3082): [AnimateLayers] AnimateLayers monotonic_time=569149977
11-28 17:45:20.305 D/[blink]FrameView( 3082): [updateStyleAndLayoutIfNeededRecursiveInternal] in... this:0x25cad918.
11-28 17:45:20.305 D/[blink]FrameView( 3082): [updateStyleAndLayoutIfNeededRecursiveInternal] in... this:0x25cae190.
11-28 17:45:20.305 D/[blink]FrameView( 3082): [updateStyleAndLayoutIfNeededRecursiveInternal] end... this:0x25cae190.
11-28 17:45:20.305 D/[blink]FrameView( 3082): [updateStyleAndLayoutIfNeededRecursiveInternal] end... this:0x25cad918.
