11-28 18:07:54.699 D/V8ScriptRunner( 4432): [callFunction] start. frame = 0x58de9820 function: xmlHttp.onreadystatechange url: http://10.14.41.246/application/bxfc/sec/js/common.js line: 276
11-28 18:07:54.700 D/V8ScriptRunner( 4432): [callFunction] end. frame = 0x58de9820 function: xmlHttp.onreadystatechange url: http://10.14.41.246/application/bxfc/sec/js/common.js line: 276
11-28 18:07:54.705 D/[cc]ProxyMain( 4432): [BeginMainFrame] cc.BeginMainFrame this:0x9f5e6880
11-28 18:07:54.706 D/[cc]LayerTreeHost( 4432): [AnimateLayers] AnimateLayers monotonic_time=1923549923
11-28 18:07:54.706 D/[blink]FrameView( 4432): [updateStyleAndLayoutIfNeededRecursiveInternal] in... this:0x3f3c58d0.
11-28 18:07:54.706 D/[blink]FrameView( 4432): [layout] start... this:0x3f3c58d0, frame=0x58de9820 content size(1280, 720). 
11-28 18:07:54.706 D/[blink]FrameView( 4432): [layout] performPreLayoutTasks start... this:0x3f3c58d0
11-28 18:07:54.706 D/[blink]FrameView( 4432): [layout] performPreLayoutTasks end... this:0x3f3c58d0
11-28 18:07:54.706 D/[blink]FrameView( 4432): [layout] performLayout start... this:0x3f3c58d0
11-28 18:07:54.708 D/[blink]FrameView( 4432): [layout] performLayout end... this:0x3f3c58d0
11-28 18:07:54.708 D/[blink]FrameView( 4432): [layout] call compositor()->didLayout()!
11-28 18:07:54.708 D/[blink]FrameView( 4432): [layout] updateDocumentAnnotatedRegions start... this:0x3f3c58d0
11-28 18:07:54.708 D/[blink]FrameView( 4432): [layout] scheduleOrPerformPostLayoutTasks start... this:0x3f3c58d0
11-28 18:07:54.709 D/[blink]FrameView( 4432): [layout] end... this:0x3f3c58d0
11-28 18:07:54.709 D/[blink]FrameView( 4432): [layout] out... this:0x3f3c58d0
11-28 18:07:54.709 D/[blink]FrameView( 4432): [updateStyleAndLayoutIfNeededRecursiveInternal] in... this:0x3f3c6148.
11-28 18:07:54.709 D/[blink]FrameView( 4432): [updateStyleAndLayoutIfNeededRecursiveInternal] end... this:0x3f3c6148.
11-28 18:07:54.709 D/[blink]FrameView( 4432): [updateStyleAndLayoutIfNeededRecursiveInternal] end... this:0x3f3c58d0.
11-28 18:07:54.709 D/[blink]FrameView( 4432): [updateLifecyclePhasesInternal] in... this:0x3f3c58d0, targetState=18
11-28 18:07:54.709 D/[blink]FrameView( 4432): [updateLifecyclePhasesInternal] call compositor()->updateIfNeededRecursive()!
11-28 18:07:54.710 D/[blink] ImagePainter( 4432): [paintReplaced] ImagePainter::paintReplaced in w=21056, h=3712.
11-28 18:07:54.710 D/[blink] ImagePainter( 4432): [paintReplaced] ImagePainter::paintReplaced in w=14272, h=1792.
11-28 18:07:54.711 D/[blink] ImagePainter( 4432): [paintReplaced] ImagePainter::paintReplaced in w=1408, h=768.
11-28 18:07:54.711 D/[blink] BoxPainter( 4432): [paintBoxDecorationBackgroundWithRect] BoxPainter::paintBoxDecorationBackgroundWithRect isImage=0, isLayoutImage=0
11-28 18:07:54.711 D/[blink]FrameView( 4432): [updateLifecyclePhasesInternal] end... this:0x3f3c58d0
11-28 18:07:54.722 D/[cc]ProxyMain( 4432): [BeginMainFrame] cc.BeginMainFrame this:0x9f5e6880
11-28 18:07:54.722 D/[cc]LayerTreeHost( 4432): [AnimateLayers] AnimateLayers monotonic_time=1923566589
11-28 18:07:54.722 D/[blink]FrameView( 4432): [updateStyleAndLayoutIfNeededRecursiveInternal] in... this:0x3f3c58d0.
11-28 18:07:54.722 D/[blink]FrameView( 4432): [layout] start... this:0x3f3c58d0, frame=0x58de9820 content size(1280, 720). 
11-28 18:07:54.722 D/[blink]FrameView( 4432): [layout] performPreLayoutTasks start... this:0x3f3c58d0
11-28 18:07:54.722 D/[blink]FrameView( 4432): [layout] performPreLayoutTasks end... this:0x3f3c58d0
11-28 18:07:54.722 D/[blink]FrameView( 4432): [layout] performLayout start... this:0x3f3c58d0
11-28 18:07:54.722 D/[blink]FrameView( 4432): [layout] performLayout end... this:0x3f3c58d0
11-28 18:07:54.723 D/[blink]FrameView( 4432): [layout] call compositor()->didLayout()!
11-28 18:07:54.723 D/[blink]FrameView( 4432): [layout] updateDocumentAnnotatedRegions start... this:0x3f3c58d0
11-28 18:07:54.723 D/[blink]FrameView( 4432): [layout] scheduleOrPerformPostLayoutTasks start... this:0x3f3c58d0
11-28 18:07:54.723 D/[blink]FrameView( 4432): [layout] end... this:0x3f3c58d0
11-28 18:07:54.723 D/[blink]FrameView( 4432): [layout] out... this:0x3f3c58d0
11-28 18:07:54.723 D/[blink]FrameView( 4432): [updateStyleAndLayoutIfNeededRecursiveInternal] in... this:0x3f3c6148.
11-28 18:07:54.723 D/[blink]FrameView( 4432): [updateStyleAndLayoutIfNeededRecursiveInternal] end... this:0x3f3c6148.
11-28 18:07:54.723 D/[blink]FrameView( 4432): [updateStyleAndLayoutIfNeededRecursiveInternal] end... this:0x3f3c58d0.
11-28 18:07:54.723 D/[blink]FrameView( 4432): [updateLifecyclePhasesInternal] in... this:0x3f3c58d0, targetState=18
11-28 18:07:54.723 D/[blink]FrameView( 4432): [updateLifecyclePhasesInternal] call compositor()->updateIfNeededRecursive()!
11-28 18:07:54.724 D/[blink] ImagePainter( 4432): [paintReplaced] ImagePainter::paintReplaced in w=21056, h=3712.
11-28 18:07:54.724 D/[blink] ImagePainter( 4432): [paintReplaced] ImagePainter::paintReplaced in w=14272, h=1792.
11-28 18:07:54.725 D/[blink] ImagePainter( 4432): [paintReplaced] ImagePainter::paintReplaced in w=1408, h=768.
11-28 18:07:54.726 D/[blink] BoxPainter( 4432): [paintBoxDecorationBackgroundWithRect] BoxPainter::paintBoxDecorationBackgroundWithRect isImage=0, isLayoutImage=0
11-28 18:07:54.726 D/[blink]FrameView( 4432): [updateLifecyclePhasesInternal] end... this:0x3f3c58d0
11-28 18:07:54.738 D/ir_user ( 1585): PlayerTimeLineTrace:linux_keycode:0x6c(UP),	protocol: .
11-28 18:07:54.738 V/PT      ( 1581): >>INFO:irkey_task:[    1923.583448] /dev/input/event0: type=0001 code=006c val=00000000
11-28 18:07:54.738 V/PT      ( 1581): >>INFO:irkey_send:0x3001 0x0028 up  
11-28 18:07:54.738 V/SUMA    ( 1581): ++++++++++++++  _roc_evtmgr_key_cbk 517:input = 12289, event=40, act=0x400
11-28 18:07:54.738 V/SUMA    ( 1581): lxm:_roc_evtmgr_key_cbk 519 1923583
11-28 18:07:54.738 V/SUMA    ( 1581): lxm:_roc_evtmgr_add_key_into_queue 311 1923583
11-28 18:07:54.738 V/PT      ( 1581): >>INFO:irkey_task:[    1923.583448] /dev/input/event0: type=0000 code=0000 val=00000000
11-28 18:07:54.738 V/SUMA    ( 1581): ===================>> type=0 src=0 evt=40 act=0x400
11-28 18:07:54.738 V/SUMA    ( 1581): [sysset-s][event_manager_cbk 78]lxm cbid=1, cbk_reg=1, cpid=2463
11-28 18:07:54.738 D/NGBEvent( 2463): ngbEventCallBack type:0 source :40
11-28 18:07:54.738 D/NGBEvent( 2463): [NGBEventManager-JNI]-returning:1
11-28 18:07:54.738 D/NGBEvent( 2463): Input key event: keyCode=40
11-28 18:07:54.738 D/NGBEvent( 2463): src:40 = dest:40
11-28 18:07:54.738 I/System.out( 2463): [DEBUG EventManager] LWJ--Add event to java with evt=NgbEvent-[type = 1, subtype = 402, code = 40]
11-28 18:07:54.738 D/NGBEvent( 2463): [NGBEvent_log]--[EventManager--JNI]:		start
11-28 18:07:54.739 I/System.out( 2463): [DEBUG EventManager] broadcastEvent  :len 1
11-28 18:07:54.739 D/KeyEventNgbDealer( 2463): [TN_pool-1-thread-1]handleKeyReleased keyEvent=NgbEvent-[type = 1, subtype = 402, code = 40],time=1923584
11-28 18:07:54.739 D/[cc]ProxyMain( 4432): [BeginMainFrame] cc.BeginMainFrame this:0x9f5e6880
11-28 18:07:54.740 D/[cc]LayerTreeHost( 4432): [AnimateLayers] AnimateLayers monotonic_time=1923583256
11-28 18:07:54.740 D/[blink]FrameView( 4432): [updateStyleAndLayoutIfNeededRecursiveInternal] in... this:0x3f3c58d0.
11-28 18:07:54.740 D/[blink]FrameView( 4432): [layout] start... this:0x3f3c58d0, frame=0x58de9820 content size(1280, 720). 
11-28 18:07:54.740 D/[blink]FrameView( 4432): [layout] performPreLayoutTasks start... this:0x3f3c58d0
11-28 18:07:54.740 D/[blink]FrameView( 4432): [layout] performPreLayoutTasks end... this:0x3f3c58d0
11-28 18:07:54.740 D/[blink]FrameView( 4432): [layout] performLayout start... this:0x3f3c58d0
11-28 18:07:54.741 D/[blink]FrameView( 4432): [layout] performLayout end... this:0x3f3c58d0
11-28 18:07:54.741 D/[blink]FrameView( 4432): [layout] call compositor()->didLayout()!
11-28 18:07:54.741 D/[blink]FrameView( 4432): [layout] updateDocumentAnnotatedRegions start... this:0x3f3c58d0
11-28 18:07:54.741 D/[blink]FrameView( 4432): [layout] scheduleOrPerformPostLayoutTasks start... this:0x3f3c58d0
11-28 18:07:54.742 D/[blink]FrameView( 4432): [layout] end... this:0x3f3c58d0
11-28 18:07:54.742 D/[blink]FrameView( 4432): [layout] out... this:0x3f3c58d0
11-28 18:07:54.742 D/[blink]FrameView( 4432): [updateStyleAndLayoutIfNeededRecursiveInternal] in... this:0x3f3c6148.
11-28 18:07:54.742 D/[blink]FrameView( 4432): [updateStyleAndLayoutIfNeededRecursiveInternal] end... this:0x3f3c6148.
11-28 18:07:54.742 D/[blink]FrameView( 4432): [updateStyleAndLayoutIfNeededRecursiveInternal] end... this:0x3f3c58d0.
11-28 18:07:54.742 D/[blink]FrameView( 4432): [updateLifecyclePhasesInternal] in... this:0x3f3c58d0, targetState=18
11-28 18:07:54.742 D/[blink]FrameView( 4432): [updateLifecyclePhasesInternal] call compositor()->updateIfNeededRecursive()!
11-28 18:07:54.743 D/RemoteIME( 2359): RemoteIME--> onKeyUp keyCode = 20
11-28 18:07:54.744 D/cr_AwTestContainerView( 4432): [AwTestContainerView.java:63] [mainFrame]: [2017-11-21 17:52:03] dispatchKeyEvent keyCode = 20 event = KeyEvent { action=ACTION_UP, keyCode=KEYCODE_DPAD_DOWN, scanCode=108, metaState=0, flags=0x8, repeatCount=0, eventTime=1923583, downTime=1923482, deviceId=4, source=0x701 }
11-28 18:07:54.745 D/ImeAdapterAndroid( 4432): [SendKeyEvent] [BUILD TIME: ] dispatchKeyEvent key_code=20 modifiers=0 unicode_char=0 scan_code=108 is_system=0 tm=1923583
11-28 18:07:54.745 D/[blink] ImagePainter( 4432): [paintReplaced] ImagePainter::paintReplaced in w=21056, h=3712.
11-28 18:07:54.745 D/[blink] ImagePainter( 4432): [paintReplaced] ImagePainter::paintReplaced in w=14272, h=1792.
11-28 18:07:54.745 D/[blink] ImagePainter( 4432): [paintReplaced] ImagePainter::paintReplaced in w=1408, h=768.
11-28 18:07:54.746 D/[blink] BoxPainter( 4432): [paintBoxDecorationBackgroundWithRect] BoxPainter::paintBoxDecorationBackgroundWithRect isImage=0, isLayoutImage=0
11-28 18:07:54.746 D/[blink]FrameView( 4432): [updateLifecyclePhasesInternal] end... this:0x3f3c58d0
11-28 18:07:54.746 I/AdvancedPorting-PORT_MODULE_NET( 4432): network_task while... 
11-28 18:07:54.746 I/AdvancedPorting-PORT_MODULE_NET( 4432): 0 interface name: lo
11-28 18:07:54.746 I/AdvancedPorting-PORT_MODULE_NET( 4432): 1 interface name: eth0
11-28 18:07:54.747 I/AdvancedPorting-PORT_MODULE_NET( 4432): 2 interface name: wlan0
11-28 18:07:54.747 I/AdvancedPorting-PORT_MODULE_NET( 4432): First interface name: lo
11-28 18:07:54.747 I/AdvancedPorting-PORT_MODULE_NET( 4432): network_task while...  net_i:1
11-28 18:07:54.747 I/AdvancedPorting-PORT_MODULE_NET( 4432): network_task while---name_interface[0]=lo
11-28 18:07:54.747 I/AdvancedPorting-PORT_MODULE_NET( 4432): network_task while---name_interface[1]=eth0
11-28 18:07:54.747 I/AdvancedPorting-PORT_MODULE_NET( 4432): network_task while---interface_name=eth0
11-28 18:07:54.747 I/AdvancedPorting-PORT_MODULE_NET( 4432): network_get_netlink_status(in)--if_name=eth0
11-28 18:07:54.747 I/AdvancedPorting-PORT_MODULE_NET( 4432): net.network.isconnected = no
11-28 18:07:54.747 I/AdvancedPorting-PORT_MODULE_NET( 4432): eth0 --network_get_netlink_status return retval=1
11-28 18:07:54.747 I/AdvancedPorting-PORT_MODULE_NET( 4432): stat = 1 last_status = 1
11-28 18:07:54.747 D/RenderWidgetInputHandler( 4432): [HandleInputEvent] input_event type=9 name=KeyUp
11-28 18:07:54.747 D/RenderWidgetInputHandler( 4432): [HandleInputEvent] key_event.nativeKeyCode:20,widget_->GetTextInputType():0
11-28 18:07:54.747 D/RenderWidgetInputHandler( 4432): [HandleInputEvent] input_event type=9 prevent_default:0
11-28 18:07:54.749 D/WebViewImpl( 4432): [handleKeyEvent] keycode:40, eventType:9 native keycode:20 frame=0x58de9820. url='http://10.14.41.246/application/bxfc/sec/index.htm'.
11-28 18:07:54.749 D/[blink]KeyboardEventManager( 4432): [keyEvent] initialKeyEvent KeyUp nativeKeyCode=20 windowsKeyCode=40 text[0]=0
11-28 18:07:54.749 D/[blink]KeyboardEventManager( 4432): [keyEvent] initialKeyEvent focusedNode=0x0
11-28 18:07:54.756 D/[cc]ProxyMain( 4432): [BeginMainFrame] cc.BeginMainFrame this:0x9f5e6880
11-28 18:07:54.756 D/[cc]LayerTreeHost( 4432): [AnimateLayers] AnimateLayers monotonic_time=1923599923
11-28 18:07:54.756 D/[blink]FrameView( 4432): [updateStyleAndLayoutIfNeededRecursiveInternal] in... this:0x3f3c58d0.
11-28 18:07:54.758 D/[blink]FrameView( 4432): [layout] start... this:0x3f3c58d0, frame=0x58de9820 content size(1280, 720). 
11-28 18:07:54.758 D/[blink]FrameView( 4432): [layout] performPreLayoutTasks start... this:0x3f3c58d0
11-28 18:07:54.758 D/[blink]FrameView( 4432): [layout] performPreLayoutTasks end... this:0x3f3c58d0
11-28 18:07:54.758 D/[blink]FrameView( 4432): [layout] performLayout start... this:0x3f3c58d0
11-28 18:07:54.758 D/[blink]FrameView( 4432): [layout] performLayout end... this:0x3f3c58d0
11-28 18:07:54.758 D/[blink]FrameView( 4432): [layout] call compositor()->didLayout()!
11-28 18:07:54.758 D/[blink]FrameView( 4432): [layout] updateDocumentAnnotatedRegions start... this:0x3f3c58d0
11-28 18:07:54.758 D/[blink]FrameView( 4432): [layout] scheduleOrPerformPostLayoutTasks start... this:0x3f3c58d0
11-28 18:07:54.758 D/[blink]FrameView( 4432): [layout] end... this:0x3f3c58d0
11-28 18:07:54.758 D/[blink]FrameView( 4432): [layout] out... this:0x3f3c58d0
11-28 18:07:54.758 D/[blink]FrameView( 4432): [updateStyleAndLayoutIfNeededRecursiveInternal] in... this:0x3f3c6148.
11-28 18:07:54.758 D/[blink]FrameView( 4432): [updateStyleAndLayoutIfNeededRecursiveInternal] end... this:0x3f3c6148.
11-28 18:07:54.758 D/[blink]FrameView( 4432): [updateStyleAndLayoutIfNeededRecursiveInternal] end... this:0x3f3c58d0.
11-28 18:07:54.758 D/[blink]FrameView( 4432): [updateLifecyclePhasesInternal] in... this:0x3f3c58d0, targetState=18
11-28 18:07:54.758 D/[blink]FrameView( 4432): [updateLifecyclePhasesInternal] call compositor()->updateIfNeededRecursive()!
11-28 18:07:54.761 D/[blink] ImagePainter( 4432): [paintReplaced] ImagePainter::paintReplaced in w=21056, h=3712.
11-28 18:07:54.762 D/[blink] ImagePainter( 4432): [paintReplaced] ImagePainter::paintReplaced in w=14272, h=1792.
11-28 18:07:54.762 D/[blink] ImagePainter( 4432): [paintReplaced] ImagePainter::paintReplaced in w=1408, h=768.
11-28 18:07:54.762 D/[blink] BoxPainter( 4432): [paintBoxDecorationBackgroundWithRect] BoxPainter::paintBoxDecorationBackgroundWithRect isImage=0, isLayoutImage=0
11-28 18:07:54.762 D/[blink]FrameView( 4432): [updateLifecyclePhasesInternal] end... this:0x3f3c58d0
11-28 18:07:54.772 D/[cc]ProxyMain( 4432): [BeginMainFrame] cc.BeginMainFrame this:0x9f5e6880
11-28 18:07:54.772 D/[cc]LayerTreeHost( 4432): [AnimateLayers] AnimateLayers monotonic_time=1923616589
11-28 18:07:54.772 D/[blink]FrameView( 4432): [updateStyleAndLayoutIfNeededRecursiveInternal] in... this:0x3f3c58d0.
11-28 18:07:54.772 D/[blink]FrameView( 4432): [updateStyleAndLayoutIfNeededRecursiveInternal] in... this:0x3f3c6148.
11-28 18:07:54.772 D/[blink]FrameView( 4432): [updateStyleAndLayoutIfNeededRecursiveInternal] end... this:0x3f3c6148.
11-28 18:07:54.772 D/[blink]FrameView( 4432): [updateStyleAndLayoutIfNeededRecursiveInternal] end... this:0x3f3c58d0.
11-28 18:07:54.772 D/[blink]FrameView( 4432): [updateLifecyclePhasesInternal] in... this:0x3f3c58d0, targetState=18
11-28 18:07:54.772 D/[blink]FrameView( 4432): [updateLifecyclePhasesInternal] call compositor()->updateIfNeededRecursive()!
11-28 18:07:54.773 D/[blink]FrameView( 4432): [updateLifecyclePhasesInternal] end... this:0x3f3c58d0
11-28 18:07:54.833 I/Advanced( 4432): [QUEUE] share_queue_sendEx size:1 4097 2233 0x8e9beed8,postLoopId:0,dstid:1.
11-28 18:07:54.901 V/PT      ( 1581): >>INFO:irkey_task:[    1923.746269] /dev/input/event0: type=0001 code=006c val=00000001
11-28 18:07:54.901 D/ir_user ( 1585): PlayerTimeLineTrace:linux_keycode:0x6c(DOWN),	protocol: .
11-28 18:07:54.901 V/PT      ( 1581): >>INFO:irkey_send:0x3001 0x0028 down
11-28 18:07:54.901 V/SUMA    ( 1581): ++++++++++++++  _roc_evtmgr_key_cbk 517:input = 12289, event=40, act=0x100
11-28 18:07:54.901 V/SUMA    ( 1581): lxm:_roc_evtmgr_key_cbk 519 1923746
11-28 18:07:54.901 V/SUMA    ( 1581): lxm:_roc_evtmgr_add_evt_into_queue 347 1923746
11-28 18:07:54.901 V/PT      ( 1581): >>INFO:irkey_task:[    1923.746269] /dev/input/event0: type=0000 code=0000 val=00000000
11-28 18:07:54.901 V/SUMA    ( 1581): ===================>> type=0 src=0 evt=40 act=0x100
11-28 18:07:54.901 V/SUMA    ( 1581): [sysset-s][event_manager_cbk 78]lxm cbid=1, cbk_reg=1, cpid=2463
11-28 18:07:54.901 D/NGBEvent( 2463): ngbEventCallBack type:0 source :40
11-28 18:07:54.901 D/NGBEvent( 2463): [NGBEventManager-JNI]-returning:1
11-28 18:07:54.901 D/NGBEvent( 2463): Input key event: keyCode=40
11-28 18:07:54.901 D/NGBEvent( 2463): src:40 = dest:40
11-28 18:07:54.901 I/System.out( 2463): [DEBUG EventManager] LWJ--Add event to java with evt=NgbEvent-[type = 1, subtype = 401, code = 40]
11-28 18:07:54.901 D/NGBEvent( 2463): [NGBEvent_log]--[EventManager--JNI]:		start
11-28 18:07:54.901 I/System.out( 2463): [DEBUG EventManager] broadcastEvent  :len 1
11-28 18:07:54.901 D/CombineKeyUtil( 2463): [TN_pool-1-thread-1]dealKeyEvent,combineIndex:-1:keyCode:20
11-28 18:07:54.901 D/KeyEventNgbDealer( 2463): [TN_pool-1-thread-1]handleKeyPressed keyEvent=NgbEvent-[type = 1, subtype = 401, code = 40],time=1923746
11-28 18:07:54.901 D/RemoteIME( 2359): onKeyDown event = KeyEvent { action=ACTION_DOWN, keyCode=KEYCODE_DPAD_DOWN, scanCode=108, metaState=0, flags=0x8, repeatCount=0, eventTime=1923746, downTime=1923746, deviceId=4, source=0x701 },mSkbContainer=null
11-28 18:07:54.902 D/cr_AwTestContainerView( 4432): [AwTestContainerView.java:63] [mainFrame]: [2017-11-21 17:52:03] dispatchKeyEvent keyCode = 20 event = KeyEvent { action=ACTION_DOWN, keyCode=KEYCODE_DPAD_DOWN, scanCode=108, metaState=0, flags=0x8, repeatCount=0, eventTime=1923746, downTime=1923746, deviceId=4, source=0x701 }
11-28 18:07:54.902 D/ImeAdapterAndroid( 4432): [SendKeyEvent] [BUILD TIME: ] dispatchKeyEvent key_code=20 modifiers=0 unicode_char=0 scan_code=108 is_system=0 tm=1923746
11-28 18:07:54.903 D/RenderWidgetInputHandler( 4432): [HandleInputEvent] input_event type=8 name=KeyDown
11-28 18:07:54.903 D/RenderWidgetInputHandler( 4432): [HandleInputEvent] key_event.nativeKeyCode:20,widget_->GetTextInputType():0
11-28 18:07:54.903 D/RenderWidgetInputHandler( 4432): [HandleInputEvent] input_event type=8 prevent_default:0
11-28 18:07:54.903 D/WebViewImpl( 4432): [handleKeyEvent] keycode:40, eventType:8 native keycode:20 frame=0x58de9820. url='http://10.14.41.246/application/bxfc/sec/index.htm'.
11-28 18:07:54.903 D/[blink]KeyboardEventManager( 4432): [keyEvent] initialKeyEvent KeyDown nativeKeyCode=20 windowsKeyCode=40 text[0]=0
11-28 18:07:54.903 D/[blink]KeyboardEventManager( 4432): [keyEvent] initialKeyEvent focusedNode=0x0
11-28 18:07:54.903 D/V8ScriptRunner( 4432): [callFunction] start. frame = 0x58de9820 function: eventHandler url: http://10.14.41.246/application/bxfc/sec/index.htm line: 179
11-28 18:07:54.903 D/base::KeyConverter( 4432): [get] convert 20 => -1.
11-28 18:07:54.903 D/iPanel  ( 4432): iPanel.debug("---141----popFlag=false")
11-28 18:07:54.903 D/iPanel  ( 4432): iPanel.debug("---142----ifrSrc=http://10.14.41.246/application/bxfc/sec/index.htm")
11-28 18:07:54.903 D/iPanel  ( 4432): iPanel.debug("-------主窗口按键响应=KEY_DOWN")
11-28 18:07:54.903 D/[cc]beginFrameSource( 4432): [AddObserver] ExternalBeginFrameSource::AddObserver
11-28 18:07:54.904 D/iPanel  ( 4432): iPanel.debug("----chanel[menuPos]--:289")
11-28 18:07:54.904 D/iPanel  ( 4432): iPanel.debug("----menuPos-:2")
11-28 18:07:54.904 D/iPanel  ( 4432): iPanel.debug("----menuPos--:number")
11-28 18:07:54.904 D/iPanel  ( 4432): iPanel.debug("----listDataPath--:http://10.14.41.245:13160/search/search_by_keyword?accesstoken=R5A1D2EE5U20887029K53724E0DIA6230E0AP8M2FAF083WDC013F7D151&keyword=201705&label=289&pageidx=1&pagenum=20&depth=2&sortby=4")
11-28 18:07:54.904 D/ChromeClientImpl( 4432): [addMessageToConsole] [LOG:CONSOLE(291)] "http://10.14.41.245:13160/search/search_by_keyword?accesstoken=R5A1D2EE5U20887029K53724E0DIA6230E0AP8M2FAF083WDC013F7D151&keyword=201705&label=289&pageidx=1&pagenum=20&depth=2&sortby=4", source:http://10.14.41.246/application/bxfc/sec/js/common.js (291)
11-28 18:07:54.904 D/V8ScriptRunner( 4432): [callFunction] start. frame = 0x58de9820 function: xmlHttp.onreadystatechange url: http://10.14.41.246/application/bxfc/sec/js/common.js line: 276
11-28 18:07:54.904 D/V8ScriptRunner( 4432): [callFunction] end. frame = 0x58de9820 function: xmlHttp.onreadystatechange url: http://10.14.41.246/application/bxfc/sec/js/common.js line: 276
11-28 18:07:54.905 D/[blink]ResourceFetcher( 4432): [requestResource] url=http://10.14.41.245:13160/search/search_by_keyword?accesstoken=R5A1D2EE5U20887029K53724E0DIA6230E0AP8M2FAF083WDC013F7D151&keyword=201705&label=289&pageidx=1&pagenum=20&depth=2&sortby=4.
11-28 18:07:54.905 D/url     ( 4432): [DoResolveRelative] [WEB] DoResolveRelative Error resolving.
11-28 18:07:54.906 D/[blink]DOMTimer( 4432): [DOMTimer] 0x3f4e4800 setTimeout 500ms, repeat:0.
11-28 18:07:54.906 D/[blink]DOMTimer( 4432): [DOMTimer] 0x3f4e4870 setTimeout 30000ms, repeat:0.
11-28 18:07:54.906 D/iPanel  ( 4432): iPanel.debug("-------keyDown=KEY_DOWN")
11-28 18:07:54.906 D/V8ScriptRunner( 4432): [callFunction] end. frame = 0x58de9820 function: eventHandler url: http://10.14.41.246/application/bxfc/sec/index.htm line: 179
11-28 18:07:54.906 D/[blink]KeyboardEventManager( 4432): [keyEvent] dispatchResult = CanceledByEventHandler
11-28 18:07:54.906 D/ResourceLoader( 4432): [StartRequest] start request 0x9f4ece00 url='http://10.14.41.245:13160/search/search_by_keyword?accesstoken=R5A1D2EE5U20887029K53724E0DIA6230E0AP8M2FAF083WDC013F7D151&keyword=201705&label=289&pageidx=1&pagenum=20&depth=2&sortby=4'
11-28 18:07:54.906 D/AwRequestInterceptor( 4432): [MaybeInterceptRequest] request=0x9f4ece00
11-28 18:07:54.906 D/[cc]ProxyMain( 4432): [BeginMainFrame] cc.BeginMainFrame this:0x9f5e6880
11-28 18:07:54.906 D/[cc]LayerTreeHost( 4432): [AnimateLayers] AnimateLayers monotonic_time=1923749923
11-28 18:07:54.906 D/[blink]FrameView( 4432): [updateStyleAndLayoutIfNeededRecursiveInternal] in... this:0x3f3c58d0.
11-28 18:07:54.906 D/cr_AwContents( 4432): [AwContents.java:520] BackgroundThreadClientImpl shouldInterceptRequest url = http://10.14.41.245:13160/search/search_by_keyword?accesstoken=R5A1D2EE5U20887029K53724E0DIA6230E0AP8M2FAF083WDC013F7D151&keyword=201705&label=289&pageidx=1&pagenum=20&depth=2&sortby=4
11-28 18:07:54.906 D/cr_AwNullContentsClient( 4432): [AwNullContentsClient.java:59] shouldInterceptRequest url=http://10.14.41.245:13160/search/search_by_keyword?accesstoken=R5A1D2EE5U20887029K53724E0DIA6230E0AP8M2FAF083WDC013F7D151&keyword=201705&label=289&pageidx=1&pagenum=20&depth=2&sortby=4
11-28 18:07:54.907 D/BrowserWebViewClient( 4432): intercept request :http://10.14.41.245:13160/search/search_by_keyword?accesstoken=R5A1D2EE5U20887029K53724E0DIA6230E0AP8M2FAF083WDC013F7D151&keyword=201705&label=289&pageidx=1&pagenum=20&depth=2&sortby=4
11-28 18:07:54.907 D/[blink]FrameView( 4432): [updateStyleAndLayoutIfNeededRecursiveInternal] in... this:0x3f3c6148.
11-28 18:07:54.907 D/AwRequestInterceptor( 4432): [MaybeInterceptRequest] request=0x9f4ece00
11-28 18:07:54.907 D/[blink]FrameView( 4432): [updateStyleAndLayoutIfNeededRecursiveInternal] end... this:0x3f3c6148.
11-28 18:07:54.907 D/[blink]FrameView( 4432): [updateStyleAndLayoutIfNeededRecursiveInternal] end... this:0x3f3c58d0.
11-28 18:07:54.907 D/[blink]FrameView( 4432): [updateLifecyclePhasesInternal] in... this:0x3f3c58d0, targetState=18
11-28 18:07:54.907 D/[blink]FrameView( 4432): [updateLifecyclePhasesInternal] call compositor()->updateIfNeededRecursive()!
11-28 18:07:54.907 D/[blink]FrameView( 4432): [updateLifecyclePhasesInternal] end... this:0x3f3c58d0
11-28 18:07:54.922 D/[cc]ProxyMain( 4432): [BeginMainFrame] cc.BeginMainFrame this:0x9f5e6880
11-28 18:07:54.922 D/[cc]LayerTreeHost( 4432): [AnimateLayers] AnimateLayers monotonic_time=1923766589
11-28 18:07:54.922 D/[blink]FrameView( 4432): [updateStyleAndLayoutIfNeededRecursiveInternal] in... this:0x3f3c58d0.
11-28 18:07:54.922 D/[blink]FrameView( 4432): [layout] start... this:0x3f3c58d0, frame=0x58de9820 content size(1280, 720). 
11-28 18:07:54.922 D/[blink]FrameView( 4432): [layout] performPreLayoutTasks start... this:0x3f3c58d0
11-28 18:07:54.922 D/[blink]FrameView( 4432): [layout] performPreLayoutTasks end... this:0x3f3c58d0
11-28 18:07:54.922 D/[blink]FrameView( 4432): [layout] performLayout start... this:0x3f3c58d0
11-28 18:07:54.922 D/[blink]FrameView( 4432): [layout] performLayout end... this:0x3f3c58d0
11-28 18:07:54.922 D/[blink]FrameView( 4432): [layout] call compositor()->didLayout()!
11-28 18:07:54.922 D/[blink]FrameView( 4432): [layout] updateDocumentAnnotatedRegions start... this:0x3f3c58d0
11-28 18:07:54.922 D/[blink]FrameView( 4432): [layout] scheduleOrPerformPostLayoutTasks start... this:0x3f3c58d0
11-28 18:07:54.923 D/[blink]FrameView( 4432): [layout] end... this:0x3f3c58d0
11-28 18:07:54.923 D/[blink]FrameView( 4432): [layout] out... this:0x3f3c58d0
11-28 18:07:54.923 D/[blink]FrameView( 4432): [updateStyleAndLayoutIfNeededRecursiveInternal] in... this:0x3f3c6148.
11-28 18:07:54.923 D/[blink]FrameView( 4432): [updateStyleAndLayoutIfNeededRecursiveInternal] end... this:0x3f3c6148.
11-28 18:07:54.923 D/[blink]FrameView( 4432): [updateStyleAndLayoutIfNeededRecursiveInternal] end... this:0x3f3c58d0.
11-28 18:07:54.923 D/[blink]FrameView( 4432): [updateLifecyclePhasesInternal] in... this:0x3f3c58d0, targetState=18
11-28 18:07:54.923 D/[blink]FrameView( 4432): [updateLifecyclePhasesInternal] call compositor()->updateIfNeededRecursive()!
11-28 18:07:54.924 D/[blink] ImagePainter( 4432): [paintReplaced] ImagePainter::paintReplaced in w=21056, h=3712.
11-28 18:07:54.924 D/[blink] ImagePainter( 4432): [paintReplaced] ImagePainter::paintReplaced in w=14272, h=1792.
11-28 18:07:54.924 D/[blink] ImagePainter( 4432): [paintReplaced] ImagePainter::paintReplaced in w=1408, h=768.
11-28 18:07:54.924 D/[blink] BoxPainter( 4432): [paintBoxDecorationBackgroundWithRect] BoxPainter::paintBoxDecorationBackgroundWithRect isImage=0, isLayoutImage=0
11-28 18:07:54.925 D/[blink]FrameView( 4432): [updateLifecyclePhasesInternal] end... this:0x3f3c58d0
11-28 18:07:54.938 D/[cc]ProxyMain( 4432): [BeginMainFrame] cc.BeginMainFrame this:0x9f5e6880
11-28 18:07:54.938 D/[cc]LayerTreeHost( 4432): [AnimateLayers] AnimateLayers monotonic_time=1923783256
11-28 18:07:54.938 D/[blink]FrameView( 4432): [updateStyleAndLayoutIfNeededRecursiveInternal] in... this:0x3f3c58d0.
11-28 18:07:54.939 D/[blink]FrameView( 4432): [layout] start... this:0x3f3c58d0, frame=0x58de9820 content size(1280, 720). 
11-28 18:07:54.939 D/[blink]FrameView( 4432): [layout] performPreLayoutTasks start... this:0x3f3c58d0
11-28 18:07:54.939 D/[blink]FrameView( 4432): [layout] performPreLayoutTasks end... this:0x3f3c58d0
11-28 18:07:54.939 D/[blink]FrameView( 4432): [layout] performLayout start... this:0x3f3c58d0
11-28 18:07:54.939 D/[blink]FrameView( 4432): [layout] performLayout end... this:0x3f3c58d0
11-28 18:07:54.940 D/[blink]FrameView( 4432): [layout] call compositor()->didLayout()!
11-28 18:07:54.940 D/[blink]FrameView( 4432): [layout] updateDocumentAnnotatedRegions start... this:0x3f3c58d0
11-28 18:07:54.940 D/[blink]FrameView( 4432): [layout] scheduleOrPerformPostLayoutTasks start... this:0x3f3c58d0
11-28 18:07:54.940 D/[blink]FrameView( 4432): [layout] end... this:0x3f3c58d0
11-28 18:07:54.940 D/[blink]FrameView( 4432): [layout] out... this:0x3f3c58d0
11-28 18:07:54.940 D/[blink]FrameView( 4432): [updateStyleAndLayoutIfNeededRecursiveInternal] in... this:0x3f3c6148.
11-28 18:07:54.940 D/[blink]FrameView( 4432): [updateStyleAndLayoutIfNeededRecursiveInternal] end... this:0x3f3c6148.
11-28 18:07:54.940 D/[blink]FrameView( 4432): [updateStyleAndLayoutIfNeededRecursiveInternal] end... this:0x3f3c58d0.
11-28 18:07:54.940 D/[blink]FrameView( 4432): [updateLifecyclePhasesInternal] in... this:0x3f3c58d0, targetState=18
11-28 18:07:54.940 D/[blink]FrameView( 4432): [updateLifecyclePhasesInternal] call compositor()->updateIfNeededRecursive()!
11-28 18:07:54.941 D/[blink] ImagePainter( 4432): [paintReplaced] ImagePainter::paintReplaced in w=21056, h=3712.
11-28 18:07:54.941 D/[blink] ImagePainter( 4432): [paintReplaced] ImagePainter::paintReplaced in w=14272, h=1792.
11-28 18:07:54.942 D/[blink] ImagePainter( 4432): [paintReplaced] ImagePainter::paintReplaced in w=1408, h=768.
11-28 18:07:54.942 D/[blink] BoxPainter( 4432): [paintBoxDecorationBackgroundWithRect] BoxPainter::paintBoxDecorationBackgroundWithRect isImage=0, isLayoutImage=0
11-28 18:07:54.942 D/[blink]FrameView( 4432): [updateLifecyclePhasesInternal] end... this:0x3f3c58d0
11-28 18:07:54.955 D/[cc]ProxyMain( 4432): [BeginMainFrame] cc.BeginMainFrame this:0x9f5e6880
11-28 18:07:54.955 D/[cc]LayerTreeHost( 4432): [AnimateLayers] AnimateLayers monotonic_time=1923799923
11-28 18:07:54.955 D/[blink]FrameView( 4432): [updateStyleAndLayoutIfNeededRecursiveInternal] in... this:0x3f3c58d0.
11-28 18:07:54.957 D/[blink]FrameView( 4432): [layout] start... this:0x3f3c58d0, frame=0x58de9820 content size(1280, 720). 
11-28 18:07:54.957 D/[blink]FrameView( 4432): [layout] performPreLayoutTasks start... this:0x3f3c58d0
11-28 18:07:54.957 D/[blink]FrameView( 4432): [layout] performPreLayoutTasks end... this:0x3f3c58d0
11-28 18:07:54.957 D/[blink]FrameView( 4432): [layout] performLayout start... this:0x3f3c58d0
11-28 18:07:54.958 D/[blink]FrameView( 4432): [layout] performLayout end... this:0x3f3c58d0
11-28 18:07:54.958 D/[blink]FrameView( 4432): [layout] call compositor()->didLayout()!
11-28 18:07:54.958 D/[blink]FrameView( 4432): [layout] updateDocumentAnnotatedRegions start... this:0x3f3c58d0
11-28 18:07:54.958 D/[blink]FrameView( 4432): [layout] scheduleOrPerformPostLayoutTasks start... this:0x3f3c58d0
11-28 18:07:54.959 D/[blink]FrameView( 4432): [layout] end... this:0x3f3c58d0
11-28 18:07:54.960 D/[blink]FrameView( 4432): [layout] out... this:0x3f3c58d0
11-28 18:07:54.960 D/[blink]FrameView( 4432): [updateStyleAndLayoutIfNeededRecursiveInternal] in... this:0x3f3c6148.
11-28 18:07:54.960 D/[blink]FrameView( 4432): [updateStyleAndLayoutIfNeededRecursiveInternal] end... this:0x3f3c6148.
11-28 18:07:54.960 D/[blink]FrameView( 4432): [updateStyleAndLayoutIfNeededRecursiveInternal] end... this:0x3f3c58d0.
11-28 18:07:54.960 D/[blink]FrameView( 4432): [updateLifecyclePhasesInternal] in... this:0x3f3c58d0, targetState=18
11-28 18:07:54.960 D/[blink]FrameView( 4432): [updateLifecyclePhasesInternal] call compositor()->updateIfNeededRecursive()!
11-28 18:07:54.960 D/ResourceLoader( 4432): [ResponseCompleted] finish request 0x9f4ece00 url='http://10.14.41.245:13160/search/search_by_keyword?accesstoken=R5A1D2EE5U20887029K53724E0DIA6230E0AP8M2FAF083WDC013F7D151&keyword=201705&label=289&pageidx=1&pagenum=20&depth=2&sortby=4'
11-28 18:07:54.962 D/[blink] ImagePainter( 4432): [paintReplaced] ImagePainter::paintReplaced in w=21056, h=3712.
11-28 18:07:54.962 D/[blink] ImagePainter( 4432): [paintReplaced] ImagePainter::paintReplaced in w=14272, h=1792.
11-28 18:07:54.962 D/[blink] ImagePainter( 4432): [paintReplaced] ImagePainter::paintReplaced in w=1408, h=768.
11-28 18:07:54.962 D/[blink] BoxPainter( 4432): [paintBoxDecorationBackgroundWithRect] BoxPainter::paintBoxDecorationBackgroundWithRect isImage=0, isLayoutImage=0
11-28 18:07:54.963 D/[blink]FrameView( 4432): [updateLifecyclePhasesInternal] end... this:0x3f3c58d0
11-28 18:07:54.964 D/V8ScriptRunner( 4432): [callFunction] start. frame = 0x58de9820 function: xmlHttp.onreadystatechange url: http://10.14.41.246/application/bxfc/sec/js/common.js line: 276
11-28 18:07:54.965 D/V8ScriptRunner( 4432): [callFunction] end. frame = 0x58de9820 function: xmlHttp.onreadystatechange url: http://10.14.41.246/application/bxfc/sec/js/common.js line: 276
11-28 18:07:54.965 D/V8ScriptRunner( 4432): [callFunction] start. frame = 0x58de9820 function: xmlHttp.onreadystatechange url: http://10.14.41.246/application/bxfc/sec/js/common.js line: 276
11-28 18:07:54.965 D/V8ScriptRunner( 4432): [callFunction] end. frame = 0x58de9820 function: xmlHttp.onreadystatechange url: http://10.14.41.246/application/bxfc/sec/js/common.js line: 276
11-28 18:07:54.965 D/[blink]ResourceFetcher( 4432): [didFinishLoading] encoded length=299 url=http://10.14.41.245:13160/search/search_by_keyword?accesstoken=R5A1D2EE5U20887029K53724E0DIA6230E0AP8M2FAF083WDC013F7D151&keyword=201705&label=289&pageidx=1&pagenum=20&depth=2&sortby=4.
11-28 18:07:54.965 D/V8ScriptRunner( 4432): [callFunction] start. frame = 0x58de9820 function: xmlHttp.onreadystatechange url: http://10.14.41.246/application/bxfc/sec/js/common.js line: 276
11-28 18:07:54.966 D/V8ScriptRunner( 4432): [callFunction] end. frame = 0x58de9820 function: xmlHttp.onreadystatechange url: http://10.14.41.246/application/bxfc/sec/js/common.js line: 276
11-28 18:07:54.972 D/[cc]ProxyMain( 4432): [BeginMainFrame] cc.BeginMainFrame this:0x9f5e6880
11-28 18:07:54.973 D/[cc]LayerTreeHost( 4432): [AnimateLayers] AnimateLayers monotonic_time=1923816589
11-28 18:07:54.973 D/[blink]FrameView( 4432): [updateStyleAndLayoutIfNeededRecursiveInternal] in... this:0x3f3c58d0.
11-28 18:07:54.973 D/[blink]FrameView( 4432): [layout] start... this:0x3f3c58d0, frame=0x58de9820 content size(1280, 720). 
11-28 18:07:54.973 D/[blink]FrameView( 4432): [layout] performPreLayoutTasks start... this:0x3f3c58d0
11-28 18:07:54.973 D/[blink]FrameView( 4432): [layout] performPreLayoutTasks end... this:0x3f3c58d0
11-28 18:07:54.973 D/[blink]FrameView( 4432): [layout] performLayout start... this:0x3f3c58d0
11-28 18:07:54.973 D/[blink]FrameView( 4432): [layout] performLayout end... this:0x3f3c58d0
11-28 18:07:54.973 D/[blink]FrameView( 4432): [layout] call compositor()->didLayout()!
11-28 18:07:54.973 D/[blink]FrameView( 4432): [layout] updateDocumentAnnotatedRegions start... this:0x3f3c58d0
11-28 18:07:54.973 D/[blink]FrameView( 4432): [layout] scheduleOrPerformPostLayoutTasks start... this:0x3f3c58d0
11-28 18:07:54.973 D/[blink]FrameView( 4432): [layout] end... this:0x3f3c58d0
11-28 18:07:54.973 D/[blink]FrameView( 4432): [layout] out... this:0x3f3c58d0
11-28 18:07:54.973 D/[blink]FrameView( 4432): [updateStyleAndLayoutIfNeededRecursiveInternal] in... this:0x3f3c6148.
11-28 18:07:54.973 D/[blink]FrameView( 4432): [updateStyleAndLayoutIfNeededRecursiveInternal] end... this:0x3f3c6148.
11-28 18:07:54.973 D/[blink]FrameView( 4432): [updateStyleAndLayoutIfNeededRecursiveInternal] end... this:0x3f3c58d0.
11-28 18:07:54.973 D/[blink]FrameView( 4432): [updateLifecyclePhasesInternal] in... this:0x3f3c58d0, targetState=18
11-28 18:07:54.973 D/[blink]FrameView( 4432): [updateLifecyclePhasesInternal] call compositor()->updateIfNeededRecursive()!
11-28 18:07:54.977 D/[blink] ImagePainter( 4432): [paintReplaced] ImagePainter::paintReplaced in w=21056, h=3712.
11-28 18:07:54.977 D/[blink] ImagePainter( 4432): [paintReplaced] ImagePainter::paintReplaced in w=14272, h=1792.
11-28 18:07:54.977 D/[blink] ImagePainter( 4432): [paintReplaced] ImagePainter::paintReplaced in w=1408, h=768.
11-28 18:07:54.978 D/[blink] BoxPainter( 4432): [paintBoxDecorationBackgroundWithRect] BoxPainter::paintBoxDecorationBackgroundWithRect isImage=0, isLayoutImage=0
11-28 18:07:54.978 D/[blink]FrameView( 4432): [updateLifecyclePhasesInternal] end... this:0x3f3c58d0
11-28 18:07:54.988 D/[cc]ProxyMain( 4432): [BeginMainFrame] cc.BeginMainFrame this:0x9f5e6880
11-28 18:07:54.988 D/[cc]LayerTreeHost( 4432): [AnimateLayers] AnimateLayers monotonic_time=1923833256
11-28 18:07:54.989 D/[blink]FrameView( 4432): [updateStyleAndLayoutIfNeededRecursiveInternal] in... this:0x3f3c58d0.
11-28 18:07:54.989 D/[blink]FrameView( 4432): [layout] start... this:0x3f3c58d0, frame=0x58de9820 content size(1280, 720). 
11-28 18:07:54.989 D/[blink]FrameView( 4432): [layout] performPreLayoutTasks start... this:0x3f3c58d0
11-28 18:07:54.989 D/[blink]FrameView( 4432): [layout] performPreLayoutTasks end... this:0x3f3c58d0
11-28 18:07:54.990 D/[blink]FrameView( 4432): [layout] performLayout start... this:0x3f3c58d0
11-28 18:07:54.990 D/[blink]FrameView( 4432): [layout] performLayout end... this:0x3f3c58d0
11-28 18:07:54.990 D/[blink]FrameView( 4432): [layout] call compositor()->didLayout()!
11-28 18:07:54.990 D/[blink]FrameView( 4432): [layout] updateDocumentAnnotatedRegions start... this:0x3f3c58d0
11-28 18:07:54.990 D/[blink]FrameView( 4432): [layout] scheduleOrPerformPostLayoutTasks start... this:0x3f3c58d0
11-28 18:07:54.990 D/[blink]FrameView( 4432): [layout] end... this:0x3f3c58d0
11-28 18:07:54.990 D/[blink]FrameView( 4432): [layout] out... this:0x3f3c58d0
11-28 18:07:54.990 D/[blink]FrameView( 4432): [updateStyleAndLayoutIfNeededRecursiveInternal] in... this:0x3f3c6148.
11-28 18:07:54.990 D/[blink]FrameView( 4432): [updateStyleAndLayoutIfNeededRecursiveInternal] end... this:0x3f3c6148.
11-28 18:07:54.990 D/[blink]FrameView( 4432): [updateStyleAndLayoutIfNeededRecursiveInternal] end... this:0x3f3c58d0.
11-28 18:07:54.990 D/[blink]FrameView( 4432): [updateLifecyclePhasesInternal] in... this:0x3f3c58d0, targetState=18
11-28 18:07:54.990 D/[blink]FrameView( 4432): [updateLifecyclePhasesInternal] call compositor()->updateIfNeededRecursive()!
11-28 18:07:54.993 D/[blink] ImagePainter( 4432): [paintReplaced] ImagePainter::paintReplaced in w=21056, h=3712.
11-28 18:07:54.993 D/[blink] ImagePainter( 4432): [paintReplaced] ImagePainter::paintReplaced in w=14272, h=1792.
11-28 18:07:54.994 D/[blink] ImagePainter( 4432): [paintReplaced] ImagePainter::paintReplaced in w=1408, h=768.
11-28 18:07:54.994 D/[blink] BoxPainter( 4432): [paintBoxDecorationBackgroundWithRect] BoxPainter::paintBoxDecorationBackgroundWithRect isImage=0, isLayoutImage=0
11-28 18:07:54.995 D/[blink]FrameView( 4432): [updateLifecyclePhasesInternal] end... this:0x3f3c58d0
11-28 18:07:55.002 D/ir_user ( 1585): PlayerTimeLineTrace:linux_keycode:0x6c(UP),	protocol: .
11-28 18:07:55.002 V/PT      ( 1581): >>INFO:irkey_task:[    1923.847499] /dev/input/event0: type=0001 code=006c val=00000000
11-28 18:07:55.002 V/PT      ( 1581): >>INFO:irkey_send:0x3001 0x0028 up  
11-28 18:07:55.002 V/SUMA    ( 1581): ++++++++++++++  _roc_evtmgr_key_cbk 517:input = 12289, event=40, act=0x400
11-28 18:07:55.002 V/SUMA    ( 1581): lxm:_roc_evtmgr_key_cbk 519 1923847
11-28 18:07:55.002 V/SUMA    ( 1581): lxm:_roc_evtmgr_add_key_into_queue 311 1923847
11-28 18:07:55.002 V/PT      ( 1581): >>INFO:irkey_task:[    1923.847499] /dev/input/event0: type=0000 code=0000 val=00000000
11-28 18:07:55.002 V/SUMA    ( 1581): ===================>> type=0 src=0 evt=40 act=0x400
11-28 18:07:55.002 V/SUMA    ( 1581): [sysset-s][event_manager_cbk 78]lxm cbid=1, cbk_reg=1, cpid=2463
11-28 18:07:55.002 D/NGBEvent( 2463): ngbEventCallBack type:0 source :40
11-28 18:07:55.002 D/NGBEvent( 2463): [NGBEventManager-JNI]-returning:1
11-28 18:07:55.002 D/NGBEvent( 2463): Input key event: keyCode=40
11-28 18:07:55.002 D/NGBEvent( 2463): src:40 = dest:40
11-28 18:07:55.002 I/System.out( 2463): [DEBUG EventManager] LWJ--Add event to java with evt=NgbEvent-[type = 1, subtype = 402, code = 40]
11-28 18:07:55.002 D/NGBEvent( 2463): [NGBEvent_log]--[EventManager--JNI]:		start
11-28 18:07:55.002 I/System.out( 2463): [DEBUG EventManager] broadcastEvent  :len 1
11-28 18:07:55.003 D/KeyEventNgbDealer( 2463): [TN_pool-1-thread-1]handleKeyReleased keyEvent=NgbEvent-[type = 1, subtype = 402, code = 40],time=1923848
11-28 18:07:55.003 D/RemoteIME( 2359): RemoteIME--> onKeyUp keyCode = 20
11-28 18:07:55.004 D/cr_AwTestContainerView( 4432): [AwTestContainerView.java:63] [mainFrame]: [2017-11-21 17:52:03] dispatchKeyEvent keyCode = 20 event = KeyEvent { action=ACTION_UP, keyCode=KEYCODE_DPAD_DOWN, scanCode=108, metaState=0, flags=0x8, repeatCount=0, eventTime=1923847, downTime=1923746, deviceId=4, source=0x701 }
11-28 18:07:55.004 D/ImeAdapterAndroid( 4432): [SendKeyEvent] [BUILD TIME: ] dispatchKeyEvent key_code=20 modifiers=0 unicode_char=0 scan_code=108 is_system=0 tm=1923847
11-28 18:07:55.004 D/RenderWidgetInputHandler( 4432): [HandleInputEvent] input_event type=9 name=KeyUp
11-28 18:07:55.005 D/RenderWidgetInputHandler( 4432): [HandleInputEvent] key_event.nativeKeyCode:20,widget_->GetTextInputType():0
11-28 18:07:55.005 D/RenderWidgetInputHandler( 4432): [HandleInputEvent] input_event type=9 prevent_default:0
11-28 18:07:55.005 D/WebViewImpl( 4432): [handleKeyEvent] keycode:40, eventType:9 native keycode:20 frame=0x58de9820. url='http://10.14.41.246/application/bxfc/sec/index.htm'.
11-28 18:07:55.005 D/[blink]KeyboardEventManager( 4432): [keyEvent] initialKeyEvent KeyUp nativeKeyCode=20 windowsKeyCode=40 text[0]=0
11-28 18:07:55.005 D/[blink]KeyboardEventManager( 4432): [keyEvent] initialKeyEvent focusedNode=0x0
11-28 18:07:55.006 D/[cc]ProxyMain( 4432): [BeginMainFrame] cc.BeginMainFrame this:0x9f5e6880
11-28 18:07:55.006 D/[cc]LayerTreeHost( 4432): [AnimateLayers] AnimateLayers monotonic_time=1923849923
11-28 18:07:55.007 D/[blink]FrameView( 4432): [updateStyleAndLayoutIfNeededRecursiveInternal] in... this:0x3f3c58d0.
11-28 18:07:55.007 D/[blink]FrameView( 4432): [layout] start... this:0x3f3c58d0, frame=0x58de9820 content size(1280, 720). 
11-28 18:07:55.007 D/[blink]FrameView( 4432): [layout] performPreLayoutTasks start... this:0x3f3c58d0
11-28 18:07:55.007 D/[blink]FrameView( 4432): [layout] performPreLayoutTasks end... this:0x3f3c58d0
11-28 18:07:55.007 D/[blink]FrameView( 4432): [layout] performLayout start... this:0x3f3c58d0
11-28 18:07:55.007 D/[blink]FrameView( 4432): [layout] performLayout end... this:0x3f3c58d0
11-28 18:07:55.008 D/[blink]FrameView( 4432): [layout] call compositor()->didLayout()!
11-28 18:07:55.008 D/[blink]FrameView( 4432): [layout] updateDocumentAnnotatedRegions start... this:0x3f3c58d0
11-28 18:07:55.008 D/[blink]FrameView( 4432): [layout] scheduleOrPerformPostLayoutTasks start... this:0x3f3c58d0
11-28 18:07:55.008 D/[blink]FrameView( 4432): [layout] end... this:0x3f3c58d0
11-28 18:07:55.008 D/[blink]FrameView( 4432): [layout] out... this:0x3f3c58d0
11-28 18:07:55.008 D/[blink]FrameView( 4432): [updateStyleAndLayoutIfNeededRecursiveInternal] in... this:0x3f3c6148.
11-28 18:07:55.008 D/[blink]FrameView( 4432): [updateStyleAndLayoutIfNeededRecursiveInternal] end... this:0x3f3c6148.
11-28 18:07:55.008 D/[blink]FrameView( 4432): [updateStyleAndLayoutIfNeededRecursiveInternal] end... this:0x3f3c58d0.
11-28 18:07:55.008 D/[blink]FrameView( 4432): [updateLifecyclePhasesInternal] in... this:0x3f3c58d0, targetState=18
11-28 18:07:55.008 D/[blink]FrameView( 4432): [updateLifecyclePhasesInternal] call compositor()->updateIfNeededRecursive()!
11-28 18:07:55.014 D/[blink] ImagePainter( 4432): [paintReplaced] ImagePainter::paintReplaced in w=21056, h=3712.
11-28 18:07:55.014 D/[blink] ImagePainter( 4432): [paintReplaced] ImagePainter::paintReplaced in w=14272, h=1792.
11-28 18:07:55.014 D/[blink] ImagePainter( 4432): [paintReplaced] ImagePainter::paintReplaced in w=1408, h=768.
11-28 18:07:55.015 D/[blink] BoxPainter( 4432): [paintBoxDecorationBackgroundWithRect] BoxPainter::paintBoxDecorationBackgroundWithRect isImage=0, isLayoutImage=0
11-28 18:07:55.015 D/[blink]FrameView( 4432): [updateLifecyclePhasesInternal] end... this:0x3f3c58d0
11-28 18:07:55.023 D/[cc]ProxyMain( 4432): [BeginMainFrame] cc.BeginMainFrame this:0x9f5e6880
11-28 18:07:55.023 D/[cc]LayerTreeHost( 4432): [AnimateLayers] AnimateLayers monotonic_time=1923866589
11-28 18:07:55.023 D/[blink]FrameView( 4432): [updateStyleAndLayoutIfNeededRecursiveInternal] in... this:0x3f3c58d0.
11-28 18:07:55.023 D/[blink]FrameView( 4432): [updateStyleAndLayoutIfNeededRecursiveInternal] in... this:0x3f3c6148.
11-28 18:07:55.023 D/[blink]FrameView( 4432): [updateStyleAndLayoutIfNeededRecursiveInternal] end... this:0x3f3c6148.
11-28 18:07:55.023 D/[blink]FrameView( 4432): [updateStyleAndLayoutIfNeededRecursiveInternal] end... this:0x3f3c58d0.
11-28 18:07:55.023 D/[blink]FrameView( 4432): [updateLifecyclePhasesInternal] in... this:0x3f3c58d0, targetState=18
11-28 18:07:55.023 D/[blink]FrameView( 4432): [updateLifecyclePhasesInternal] call compositor()->updateIfNeededRecursive()!
11-28 18:07:55.023 D/[blink]FrameView( 4432): [updateLifecyclePhasesInternal] end... this:0x3f3c58d0
11-28 18:07:55.033 I/Advanced( 4432): [QUEUE] share_queue_sendEx size:1 4097 2234 0x8e9beed8,postLoopId:0,dstid:1.
11-28 18:07:55.059 D/BackBootDealerNeimeng( 2383): standbyState:
11-28 18:07:55.060 E/NetUtils( 2031): Interface eth0 LinkUp!
11-28 18:07:55.149 D/ir_user ( 1585): PlayerTimeLineTrace:linux_keycode:0x6c(DOWN),	protocol: .
11-28 18:07:55.149 V/PT      ( 1581): >>INFO:irkey_task:[    1923.994263] /dev/input/event0: type=0001 code=006c val=00000001
11-28 18:07:55.149 V/PT      ( 1581): >>INFO:irkey_send:0x3001 0x0028 down
11-28 18:07:55.149 V/SUMA    ( 1581): ++++++++++++++  _roc_evtmgr_key_cbk 517:input = 12289, event=40, act=0x100
11-28 18:07:55.149 V/SUMA    ( 1581): lxm:_roc_evtmgr_key_cbk 519 1923994
11-28 18:07:55.149 V/SUMA    ( 1581): lxm:_roc_evtmgr_add_evt_into_queue 347 1923994
11-28 18:07:55.149 V/SUMA    ( 1581): ===================>> type=0 src=0 evt=40 act=0x100
11-28 18:07:55.149 V/PT      ( 1581): >>INFO:irkey_task:[    1923.994263] /dev/input/event0: type=0000 code=0000 val=00000000
11-28 18:07:55.149 V/SUMA    ( 1581): [sysset-s][event_manager_cbk 78]lxm cbid=1, cbk_reg=1, cpid=2463
11-28 18:07:55.149 D/NGBEvent( 2463): ngbEventCallBack type:0 source :40
11-28 18:07:55.149 D/NGBEvent( 2463): [NGBEventManager-JNI]-returning:1
11-28 18:07:55.149 D/NGBEvent( 2463): Input key event: keyCode=40
11-28 18:07:55.149 D/NGBEvent( 2463): src:40 = dest:40
11-28 18:07:55.149 I/System.out( 2463): [DEBUG EventManager] LWJ--Add event to java with evt=NgbEvent-[type = 1, subtype = 401, code = 40]
11-28 18:07:55.149 D/NGBEvent( 2463): [NGBEvent_log]--[EventManager--JNI]:		start
11-28 18:07:55.149 I/System.out( 2463): [DEBUG EventManager] broadcastEvent  :len 1
11-28 18:07:55.149 D/CombineKeyUtil( 2463): [TN_pool-1-thread-1]dealKeyEvent,combineIndex:-1:keyCode:20
11-28 18:07:55.149 D/KeyEventNgbDealer( 2463): [TN_pool-1-thread-1]handleKeyPressed keyEvent=NgbEvent-[type = 1, subtype = 401, code = 40],time=1923994
11-28 18:07:55.150 D/RemoteIME( 2359): onKeyDown event = KeyEvent { action=ACTION_DOWN, keyCode=KEYCODE_DPAD_DOWN, scanCode=108, metaState=0, flags=0x8, repeatCount=0, eventTime=1923994, downTime=1923994, deviceId=4, source=0x701 },mSkbContainer=null
11-28 18:07:55.150 D/cr_AwTestContainerView( 4432): [AwTestContainerView.java:63] [mainFrame]: [2017-11-21 17:52:03] dispatchKeyEvent keyCode = 20 event = KeyEvent { action=ACTION_DOWN, keyCode=KEYCODE_DPAD_DOWN, scanCode=108, metaState=0, flags=0x8, repeatCount=0, eventTime=1923994, downTime=1923994, deviceId=4, source=0x701 }
11-28 18:07:55.150 D/ImeAdapterAndroid( 4432): [SendKeyEvent] [BUILD TIME: ] dispatchKeyEvent key_code=20 modifiers=0 unicode_char=0 scan_code=108 is_system=0 tm=1923994
11-28 18:07:55.151 D/RenderWidgetInputHandler( 4432): [HandleInputEvent] input_event type=8 name=KeyDown
11-28 18:07:55.151 D/RenderWidgetInputHandler( 4432): [HandleInputEvent] key_event.nativeKeyCode:20,widget_->GetTextInputType():0
11-28 18:07:55.151 D/RenderWidgetInputHandler( 4432): [HandleInputEvent] input_event type=8 prevent_default:0
11-28 18:07:55.151 D/WebViewImpl( 4432): [handleKeyEvent] keycode:40, eventType:8 native keycode:20 frame=0x58de9820. url='http://10.14.41.246/application/bxfc/sec/index.htm'.
11-28 18:07:55.151 D/[blink]KeyboardEventManager( 4432): [keyEvent] initialKeyEvent KeyDown nativeKeyCode=20 windowsKeyCode=40 text[0]=0
11-28 18:07:55.151 D/[blink]KeyboardEventManager( 4432): [keyEvent] initialKeyEvent focusedNode=0x0
11-28 18:07:55.151 D/V8ScriptRunner( 4432): [callFunction] start. frame = 0x58de9820 function: eventHandler url: http://10.14.41.246/application/bxfc/sec/index.htm line: 179
11-28 18:07:55.151 D/base::KeyConverter( 4432): [get] convert 20 => -1.
11-28 18:07:55.151 D/iPanel  ( 4432): iPanel.debug("---141----popFlag=false")
11-28 18:07:55.151 D/iPanel  ( 4432): iPanel.debug("---142----ifrSrc=http://10.14.41.246/application/bxfc/sec/index.htm")
11-28 18:07:55.151 D/iPanel  ( 4432): iPanel.debug("-------主窗口按键响应=KEY_DOWN")
11-28 18:07:55.151 D/[cc]beginFrameSource( 4432): [AddObserver] ExternalBeginFrameSource::AddObserver
11-28 18:07:55.152 D/iPanel  ( 4432): iPanel.debug("----chanel[menuPos]--:289")
11-28 18:07:55.152 D/iPanel  ( 4432): iPanel.debug("----menuPos-:2")
11-28 18:07:55.152 D/iPanel  ( 4432): iPanel.debug("----menuPos--:number")
11-28 18:07:55.152 D/iPanel  ( 4432): iPanel.debug("----listDataPath--:http://10.14.41.245:13160/search/search_by_keyword?accesstoken=R5A1D2EE5U20887029K53724E0DIA6230E0AP8M2FAF083WDC013F7D151&keyword=201706&label=289&pageidx=1&pagenum=20&depth=2&sortby=4")
11-28 18:07:55.153 D/ChromeClientImpl( 4432): [addMessageToConsole] [LOG:CONSOLE(291)] "http://10.14.41.245:13160/search/search_by_keyword?accesstoken=R5A1D2EE5U20887029K53724E0DIA6230E0AP8M2FAF083WDC013F7D151&keyword=201706&label=289&pageidx=1&pagenum=20&depth=2&sortby=4", source:http://10.14.41.246/application/bxfc/sec/js/common.js (291)
