11-28 17:13:30.884 V/SUMA    ( 1581): ===================>> type=0 src=0 evt=40 act=0x400
11-28 17:13:30.884 V/SUMA    ( 1581): [sysset-s][event_manager_cbk 78]lxm cbid=1, cbk_reg=1, cpid=2464
11-28 17:13:30.884 D/NGBEvent( 2464): ngbEventCallBack type:0 source :40
11-28 17:13:30.884 D/NGBEvent( 2464): [NGBEventManager-JNI]-returning:1
11-28 17:13:30.885 D/NGBEvent( 2464): Input key event: keyCode=40
11-28 17:13:30.885 D/NGBEvent( 2464): src:40 = dest:40
11-28 17:13:30.885 I/System.out( 2464): [DEBUG EventManager] LWJ--Add event to java with evt=NgbEvent-[type = 1, subtype = 402, code = 40]
11-28 17:13:30.885 D/NGBEvent( 2464): [NGBEvent_log]--[EventManager--JNI]:		start
11-28 17:13:30.885 I/System.out( 2464): [DEBUG EventManager] broadcastEvent  :len 1
11-28 17:13:30.885 D/RemoteIME( 2350): RemoteIME--> onKeyUp keyCode = 20
11-28 17:13:30.885 D/KeyEventNgbDealer( 2464): [TN_pool-1-thread-1]handleKeyReleased keyEvent=NgbEvent-[type = 1, subtype = 402, code = 40],time=2415160
11-28 17:13:30.886 D/cr_AwTestContainerView( 4548): [AwTestContainerView.java:63] [mainFrame]: [2017-11-21 17:52:03] dispatchKeyEvent keyCode = 20 event = KeyEvent { action=ACTION_UP, keyCode=KEYCODE_DPAD_DOWN, scanCode=108, metaState=0, flags=0x8, repeatCount=0, eventTime=2415159, downTime=2414950, deviceId=4, source=0x701 }
11-28 17:13:30.886 D/ImeAdapterAndroid( 4548): [SendKeyEvent] [BUILD TIME: ] dispatchKeyEvent key_code=20 modifiers=0 unicode_char=0 scan_code=108 is_system=0 tm=2415159
11-28 17:13:30.887 D/RenderWidgetInputHandler( 4548): [HandleInputEvent] input_event type=9 name=KeyUp
11-28 17:13:30.887 D/RenderWidgetInputHandler( 4548): [HandleInputEvent] key_event.nativeKeyCode:20,widget_->GetTextInputType():0
11-28 17:13:30.887 D/RenderWidgetInputHandler( 4548): [HandleInputEvent] input_event type=9 prevent_default:0
11-28 17:13:30.887 D/WebViewImpl( 4548): [handleKeyEvent] keycode:40, eventType:9 native keycode:20 frame=0x25e6bdb8. url='http://10.14.41.246/application/bxfc/sec/index.htm'.
11-28 17:13:30.887 D/[blink]KeyboardEventManager( 4548): [keyEvent] initialKeyEvent KeyUp nativeKeyCode=20 windowsKeyCode=40 text[0]=0
11-28 17:13:30.887 D/[blink]KeyboardEventManager( 4548): [keyEvent] initialKeyEvent focusedNode=0x0
11-28 17:13:30.972 I/AdvancedPorting-PORT_MODULE_NET( 4548): network_task while... 
11-28 17:13:30.972 I/AdvancedPorting-PORT_MODULE_NET( 4548): 0 interface name: lo
11-28 17:13:30.972 I/AdvancedPorting-PORT_MODULE_NET( 4548): 1 interface name: eth0
11-28 17:13:30.972 I/AdvancedPorting-PORT_MODULE_NET( 4548): 2 interface name: wlan0
11-28 17:13:30.972 I/AdvancedPorting-PORT_MODULE_NET( 4548): First interface name: lo
11-28 17:13:30.972 I/AdvancedPorting-PORT_MODULE_NET( 4548): network_task while...  net_i:1
11-28 17:13:30.972 I/AdvancedPorting-PORT_MODULE_NET( 4548): network_task while---name_interface[0]=lo
11-28 17:13:30.972 I/AdvancedPorting-PORT_MODULE_NET( 4548): network_task while---name_interface[1]=eth0
11-28 17:13:30.972 I/AdvancedPorting-PORT_MODULE_NET( 4548): network_task while---interface_name=eth0
11-28 17:13:30.972 I/AdvancedPorting-PORT_MODULE_NET( 4548): network_get_netlink_status(in)--if_name=eth0
11-28 17:13:30.972 I/AdvancedPorting-PORT_MODULE_NET( 4548): net.network.isconnected = no
11-28 17:13:30.972 I/AdvancedPorting-PORT_MODULE_NET( 4548): eth0 --network_get_netlink_status return retval=1
11-28 17:13:30.972 I/AdvancedPorting-PORT_MODULE_NET( 4548): stat = 1 last_status = 1
11-28 17:13:30.980 D/BackBootDealerNeimeng( 2401): standbyState:
11-28 17:13:30.980 E/NetUtils( 2029): Interface eth0 LinkUp!
11-28 17:13:31.008 D/ir_user ( 1585): PlayerTimeLineTrace:linux_keycode:0x6c(DOWN),	protocol: .
11-28 17:13:31.008 V/PT      ( 1581): >>INFO:irkey_task:[    2415.284135] /dev/input/event0: type=0001 code=006c val=00000001
11-28 17:13:31.008 V/PT      ( 1581): >>INFO:irkey_send:0x3001 0x0028 down
11-28 17:13:31.008 V/SUMA    ( 1581): ++++++++++++++  _roc_evtmgr_key_cbk 517:input = 12289, event=40, act=0x100
11-28 17:13:31.008 V/SUMA    ( 1581): lxm:_roc_evtmgr_key_cbk 519 2415284
11-28 17:13:31.008 V/SUMA    ( 1581): lxm:_roc_evtmgr_add_evt_into_queue 347 2415284
11-28 17:13:31.008 V/SUMA    ( 1581): ===================>> type=0 src=0 evt=40 act=0x100
11-28 17:13:31.008 V/PT      ( 1581): >>INFO:irkey_task:[    2415.284135] /dev/input/event0: type=0000 code=0000 val=00000000
11-28 17:13:31.008 V/SUMA    ( 1581): [sysset-s][event_manager_cbk 78]lxm cbid=1, cbk_reg=1, cpid=2464
11-28 17:13:31.008 D/NGBEvent( 2464): ngbEventCallBack type:0 source :40
11-28 17:13:31.008 D/NGBEvent( 2464): [NGBEventManager-JNI]-returning:1
11-28 17:13:31.009 D/NGBEvent( 2464): Input key event: keyCode=40
11-28 17:13:31.009 D/NGBEvent( 2464): src:40 = dest:40
11-28 17:13:31.009 I/System.out( 2464): [DEBUG EventManager] LWJ--Add event to java with evt=NgbEvent-[type = 1, subtype = 401, code = 40]
11-28 17:13:31.009 D/NGBEvent( 2464): [NGBEvent_log]--[EventManager--JNI]:		start
11-28 17:13:31.009 I/System.out( 2464): [DEBUG EventManager] broadcastEvent  :len 1
11-28 17:13:31.009 D/CombineKeyUtil( 2464): [TN_pool-1-thread-1]dealKeyEvent,combineIndex:-1:keyCode:20
11-28 17:13:31.009 D/KeyEventNgbDealer( 2464): [TN_pool-1-thread-1]handleKeyPressed keyEvent=NgbEvent-[type = 1, subtype = 401, code = 40],time=2415284
11-28 17:13:31.009 D/RemoteIME( 2350): onKeyDown event = KeyEvent { action=ACTION_DOWN, keyCode=KEYCODE_DPAD_DOWN, scanCode=108, metaState=0, flags=0x8, repeatCount=0, eventTime=2415284, downTime=2415284, deviceId=4, source=0x701 },mSkbContainer=null
11-28 17:13:31.010 D/cr_AwTestContainerView( 4548): [AwTestContainerView.java:63] [mainFrame]: [2017-11-21 17:52:03] dispatchKeyEvent keyCode = 20 event = KeyEvent { action=ACTION_DOWN, keyCode=KEYCODE_DPAD_DOWN, scanCode=108, metaState=0, flags=0x8, repeatCount=0, eventTime=2415284, downTime=2415284, deviceId=4, source=0x701 }
11-28 17:13:31.010 D/ImeAdapterAndroid( 4548): [SendKeyEvent] [BUILD TIME: ] dispatchKeyEvent key_code=20 modifiers=0 unicode_char=0 scan_code=108 is_system=0 tm=2415284
11-28 17:13:31.010 D/RenderWidgetInputHandler( 4548): [HandleInputEvent] input_event type=8 name=KeyDown
11-28 17:13:31.010 D/RenderWidgetInputHandler( 4548): [HandleInputEvent] key_event.nativeKeyCode:20,widget_->GetTextInputType():0
11-28 17:13:31.010 D/RenderWidgetInputHandler( 4548): [HandleInputEvent] input_event type=8 prevent_default:0
11-28 17:13:31.010 D/WebViewImpl( 4548): [handleKeyEvent] keycode:40, eventType:8 native keycode:20 frame=0x25e6bdb8. url='http://10.14.41.246/application/bxfc/sec/index.htm'.
11-28 17:13:31.010 D/[blink]KeyboardEventManager( 4548): [keyEvent] initialKeyEvent KeyDown nativeKeyCode=20 windowsKeyCode=40 text[0]=0
11-28 17:13:31.010 D/[blink]KeyboardEventManager( 4548): [keyEvent] initialKeyEvent focusedNode=0x0
11-28 17:13:31.010 D/V8ScriptRunner( 4548): [callFunction] start. frame = 0x25e6bdb8 function: eventHandler url: http://10.14.41.246/application/bxfc/sec/index.htm line: 179
11-28 17:13:31.010 D/base::KeyConverter( 4548): [get] convert 20 => -1.
11-28 17:13:31.010 D/iPanel  ( 4548): iPanel.debug("---141----popFlag=false")
11-28 17:13:31.010 D/iPanel  ( 4548): iPanel.debug("---142----ifrSrc=http://10.14.41.246/application/bxfc/sec/index.htm")
11-28 17:13:31.010 D/iPanel  ( 4548): iPanel.debug("-------主窗口按键响应=KEY_DOWN")
11-28 17:13:31.011 D/[cc]beginFrameSource( 4548): [AddObserver] ExternalBeginFrameSource::AddObserver
11-28 17:13:31.011 D/iPanel  ( 4548): iPanel.debug("----chanel[menuPos]--:289")
11-28 17:13:31.011 D/iPanel  ( 4548): iPanel.debug("----menuPos-:2")
11-28 17:13:31.011 D/iPanel  ( 4548): iPanel.debug("----menuPos--:number")
11-28 17:13:31.011 D/iPanel  ( 4548): iPanel.debug("----listDataPath--:http://10.14.41.245:13160/search/search_by_keyword?accesstoken=R5A1D202BU20850029K53724E0DIA6230E0AP8M2FAF083WDC011B88FB1&keyword=201704&label=289&pageidx=1&pagenum=20&depth=2&sortby=4")
11-28 17:13:31.012 D/ChromeClientImpl( 4548): [addMessageToConsole] [LOG:CONSOLE(291)] "http://10.14.41.245:13160/search/search_by_keyword?accesstoken=R5A1D202BU20850029K53724E0DIA6230E0AP8M2FAF083WDC011B88FB1&keyword=201704&label=289&pageidx=1&pagenum=20&depth=2&sortby=4", source:http://10.14.41.246/application/bxfc/sec/js/common.js (291)
11-28 17:13:31.012 D/V8ScriptRunner( 4548): [callFunction] start. frame = 0x25e6bdb8 function: xmlHttp.onreadystatechange url: http://10.14.41.246/application/bxfc/sec/js/common.js line: 276
11-28 17:13:31.012 D/V8ScriptRunner( 4548): [callFunction] end. frame = 0x25e6bdb8 function: xmlHttp.onreadystatechange url: http://10.14.41.246/application/bxfc/sec/js/common.js line: 276
11-28 17:13:31.012 D/[blink]ResourceFetcher( 4548): [requestResource] url=http://10.14.41.245:13160/search/search_by_keyword?accesstoken=R5A1D202BU20850029K53724E0DIA6230E0AP8M2FAF083WDC011B88FB1&keyword=201704&label=289&pageidx=1&pagenum=20&depth=2&sortby=4.
11-28 17:13:31.012 D/url     ( 4548): [DoResolveRelative] [WEB] DoResolveRelative Error resolving.
11-28 17:13:31.013 D/ResourceLoader( 4548): [StartRequest] start request 0x8b42dc00 url='http://10.14.41.245:13160/search/search_by_keyword?accesstoken=R5A1D202BU20850029K53724E0DIA6230E0AP8M2FAF083WDC011B88FB1&keyword=201704&label=289&pageidx=1&pagenum=20&depth=2&sortby=4'
11-28 17:13:31.013 D/AwRequestInterceptor( 4548): [MaybeInterceptRequest] request=0x8b42dc00
11-28 17:13:31.013 D/[blink]DOMTimer( 4548): [DOMTimer] 0x597d0d78 setTimeout 500ms, repeat:0.
11-28 17:13:31.013 D/[blink]DOMTimer( 4548): [DOMTimer] 0x597d0de8 setTimeout 30000ms, repeat:0.
11-28 17:13:31.013 D/iPanel  ( 4548): iPanel.debug("-------keyDown=KEY_DOWN")
11-28 17:13:31.013 D/V8ScriptRunner( 4548): [callFunction] end. frame = 0x25e6bdb8 function: eventHandler url: http://10.14.41.246/application/bxfc/sec/index.htm line: 179
11-28 17:13:31.013 D/cr_AwContents( 4548): [AwContents.java:520] BackgroundThreadClientImpl shouldInterceptRequest url = http://10.14.41.245:13160/search/search_by_keyword?accesstoken=R5A1D202BU20850029K53724E0DIA6230E0AP8M2FAF083WDC011B88FB1&keyword=201704&label=289&pageidx=1&pagenum=20&depth=2&sortby=4
11-28 17:13:31.013 D/[blink]KeyboardEventManager( 4548): [keyEvent] dispatchResult = CanceledByEventHandler
11-28 17:13:31.013 D/cr_AwNullContentsClient( 4548): [AwNullContentsClient.java:59] shouldInterceptRequest url=http://10.14.41.245:13160/search/search_by_keyword?accesstoken=R5A1D202BU20850029K53724E0DIA6230E0AP8M2FAF083WDC011B88FB1&keyword=201704&label=289&pageidx=1&pagenum=20&depth=2&sortby=4
11-28 17:13:31.013 D/BrowserWebViewClient( 4548): intercept request :http://10.14.41.245:13160/search/search_by_keyword?accesstoken=R5A1D202BU20850029K53724E0DIA6230E0AP8M2FAF083WDC011B88FB1&keyword=201704&label=289&pageidx=1&pagenum=20&depth=2&sortby=4
11-28 17:13:31.013 D/AwRequestInterceptor( 4548): [MaybeInterceptRequest] request=0x8b42dc00
11-28 17:13:31.025 D/[cc]ProxyMain( 4548): [BeginMainFrame] cc.BeginMainFrame this:0x9f620a10
11-28 17:13:31.025 D/[cc]LayerTreeHost( 4548): [AnimateLayers] AnimateLayers monotonic_time=2415299903
11-28 17:13:31.025 D/[blink]FrameView( 4548): [updateStyleAndLayoutIfNeededRecursiveInternal] in... this:0x597c7038.
11-28 17:13:31.025 D/[blink]FrameView( 4548): [updateStyleAndLayoutIfNeededRecursiveInternal] in... this:0x597c78b0.
11-28 17:13:31.025 D/[blink]FrameView( 4548): [updateStyleAndLayoutIfNeededRecursiveInternal] end... this:0x597c78b0.
11-28 17:13:31.025 D/[blink]FrameView( 4548): [updateStyleAndLayoutIfNeededRecursiveInternal] end... this:0x597c7038.
11-28 17:13:31.025 D/[blink]FrameView( 4548): [updateLifecyclePhasesInternal] in... this:0x597c7038, targetState=18
11-28 17:13:31.025 D/[blink]FrameView( 4548): [updateLifecyclePhasesInternal] call compositor()->updateIfNeededRecursive()!
11-28 17:13:31.025 D/[blink]FrameView( 4548): [updateLifecyclePhasesInternal] end... this:0x597c7038
11-28 17:13:31.041 D/[cc]ProxyMain( 4548): [BeginMainFrame] cc.BeginMainFrame this:0x9f620a10
11-28 17:13:31.041 D/[cc]LayerTreeHost( 4548): [AnimateLayers] AnimateLayers monotonic_time=2415316570
11-28 17:13:31.041 D/[blink]FrameView( 4548): [updateStyleAndLayoutIfNeededRecursiveInternal] in... this:0x597c7038.
11-28 17:13:31.042 D/[blink]FrameView( 4548): [layout] start... this:0x597c7038, frame=0x25e6bdb8 content size(1280, 720). 
11-28 17:13:31.042 D/[blink]FrameView( 4548): [layout] performPreLayoutTasks start... this:0x597c7038
11-28 17:13:31.042 D/[blink]FrameView( 4548): [layout] performPreLayoutTasks end... this:0x597c7038
11-28 17:13:31.042 D/[blink]FrameView( 4548): [layout] performLayout start... this:0x597c7038
11-28 17:13:31.042 D/[blink]FrameView( 4548): [layout] performLayout end... this:0x597c7038
11-28 17:13:31.042 D/[blink]FrameView( 4548): [layout] call compositor()->didLayout()!
11-28 17:13:31.042 D/[blink]FrameView( 4548): [layout] updateDocumentAnnotatedRegions start... this:0x597c7038
11-28 17:13:31.042 D/[blink]FrameView( 4548): [layout] scheduleOrPerformPostLayoutTasks start... this:0x597c7038
11-28 17:13:31.042 D/[blink]FrameView( 4548): [layout] end... this:0x597c7038
11-28 17:13:31.042 D/[blink]FrameView( 4548): [layout] out... this:0x597c7038
11-28 17:13:31.042 D/[blink]FrameView( 4548): [updateStyleAndLayoutIfNeededRecursiveInternal] in... this:0x597c78b0.
11-28 17:13:31.042 D/[blink]FrameView( 4548): [updateStyleAndLayoutIfNeededRecursiveInternal] end... this:0x597c78b0.
11-28 17:13:31.042 D/[blink]FrameView( 4548): [updateStyleAndLayoutIfNeededRecursiveInternal] end... this:0x597c7038.
11-28 17:13:31.042 D/[blink]FrameView( 4548): [updateLifecyclePhasesInternal] in... this:0x597c7038, targetState=18
11-28 17:13:31.042 D/[blink]FrameView( 4548): [updateLifecyclePhasesInternal] call compositor()->updateIfNeededRecursive()!
11-28 17:13:31.043 D/[blink] ImagePainter( 4548): [paintReplaced] ImagePainter::paintReplaced in w=21056, h=3712.
11-28 17:13:31.043 D/[blink] ImagePainter( 4548): [paintReplaced] ImagePainter::paintReplaced in w=14272, h=1792.
11-28 17:13:31.044 D/[blink] ImagePainter( 4548): [paintReplaced] ImagePainter::paintReplaced in w=1408, h=768.
11-28 17:13:31.044 D/[blink] BoxPainter( 4548): [paintBoxDecorationBackgroundWithRect] BoxPainter::paintBoxDecorationBackgroundWithRect isImage=0, isLayoutImage=0
11-28 17:13:31.044 D/[blink]FrameView( 4548): [updateLifecyclePhasesInternal] end... this:0x597c7038
11-28 17:13:31.058 D/[cc]ProxyMain( 4548): [BeginMainFrame] cc.BeginMainFrame this:0x9f620a10
11-28 17:13:31.058 D/[cc]LayerTreeHost( 4548): [AnimateLayers] AnimateLayers monotonic_time=2415333236
11-28 17:13:31.058 D/[blink]FrameView( 4548): [updateStyleAndLayoutIfNeededRecursiveInternal] in... this:0x597c7038.
11-28 17:13:31.058 D/[blink]FrameView( 4548): [layout] start... this:0x597c7038, frame=0x25e6bdb8 content size(1280, 720). 
11-28 17:13:31.058 D/[blink]FrameView( 4548): [layout] performPreLayoutTasks start... this:0x597c7038
11-28 17:13:31.058 D/[blink]FrameView( 4548): [layout] performPreLayoutTasks end... this:0x597c7038
11-28 17:13:31.058 D/[blink]FrameView( 4548): [layout] performLayout start... this:0x597c7038
11-28 17:13:31.058 D/[blink]FrameView( 4548): [layout] performLayout end... this:0x597c7038
11-28 17:13:31.059 D/[blink]FrameView( 4548): [layout] call compositor()->didLayout()!
11-28 17:13:31.059 D/[blink]FrameView( 4548): [layout] updateDocumentAnnotatedRegions start... this:0x597c7038
11-28 17:13:31.059 D/[blink]FrameView( 4548): [layout] scheduleOrPerformPostLayoutTasks start... this:0x597c7038
11-28 17:13:31.059 D/[blink]FrameView( 4548): [layout] end... this:0x597c7038
11-28 17:13:31.059 D/[blink]FrameView( 4548): [layout] out... this:0x597c7038
11-28 17:13:31.059 D/[blink]FrameView( 4548): [updateStyleAndLayoutIfNeededRecursiveInternal] in... this:0x597c78b0.
11-28 17:13:31.059 D/[blink]FrameView( 4548): [updateStyleAndLayoutIfNeededRecursiveInternal] end... this:0x597c78b0.
11-28 17:13:31.059 D/[blink]FrameView( 4548): [updateStyleAndLayoutIfNeededRecursiveInternal] end... this:0x597c7038.
11-28 17:13:31.059 D/[blink]FrameView( 4548): [updateLifecyclePhasesInternal] in... this:0x597c7038, targetState=18
11-28 17:13:31.059 D/[blink]FrameView( 4548): [updateLifecyclePhasesInternal] call compositor()->updateIfNeededRecursive()!
11-28 17:13:31.060 D/[blink] ImagePainter( 4548): [paintReplaced] ImagePainter::paintReplaced in w=21056, h=3712.
11-28 17:13:31.060 D/[blink] ImagePainter( 4548): [paintReplaced] ImagePainter::paintReplaced in w=14272, h=1792.
11-28 17:13:31.061 D/[blink] ImagePainter( 4548): [paintReplaced] ImagePainter::paintReplaced in w=1408, h=768.
11-28 17:13:31.061 D/[blink] BoxPainter( 4548): [paintBoxDecorationBackgroundWithRect] BoxPainter::paintBoxDecorationBackgroundWithRect isImage=0, isLayoutImage=0
11-28 17:13:31.062 D/[blink]FrameView( 4548): [updateLifecyclePhasesInternal] end... this:0x597c7038
11-28 17:13:31.065 D/ResourceLoader( 4548): [ResponseCompleted] finish request 0x8b42dc00 url='http://10.14.41.245:13160/search/search_by_keyword?accesstoken=R5A1D202BU20850029K53724E0DIA6230E0AP8M2FAF083WDC011B88FB1&keyword=201704&label=289&pageidx=1&pagenum=20&depth=2&sortby=4'
11-28 17:13:31.067 D/V8ScriptRunner( 4548): [callFunction] start. frame = 0x25e6bdb8 function: xmlHttp.onreadystatechange url: http://10.14.41.246/application/bxfc/sec/js/common.js line: 276
11-28 17:13:31.067 D/V8ScriptRunner( 4548): [callFunction] end. frame = 0x25e6bdb8 function: xmlHttp.onreadystatechange url: http://10.14.41.246/application/bxfc/sec/js/common.js line: 276
11-28 17:13:31.067 D/V8ScriptRunner( 4548): [callFunction] start. frame = 0x25e6bdb8 function: xmlHttp.onreadystatechange url: http://10.14.41.246/application/bxfc/sec/js/common.js line: 276
11-28 17:13:31.067 D/V8ScriptRunner( 4548): [callFunction] end. frame = 0x25e6bdb8 function: xmlHttp.onreadystatechange url: http://10.14.41.246/application/bxfc/sec/js/common.js line: 276
11-28 17:13:31.068 D/[blink]ResourceFetcher( 4548): [didFinishLoading] encoded length=299 url=http://10.14.41.245:13160/search/search_by_keyword?accesstoken=R5A1D202BU20850029K53724E0DIA6230E0AP8M2FAF083WDC011B88FB1&keyword=201704&label=289&pageidx=1&pagenum=20&depth=2&sortby=4.
11-28 17:13:31.068 D/V8ScriptRunner( 4548): [callFunction] start. frame = 0x25e6bdb8 function: xmlHttp.onreadystatechange url: http://10.14.41.246/application/bxfc/sec/js/common.js line: 276
11-28 17:13:31.069 D/V8ScriptRunner( 4548): [callFunction] end. frame = 0x25e6bdb8 function: xmlHttp.onreadystatechange url: http://10.14.41.246/application/bxfc/sec/js/common.js line: 276
11-28 17:13:31.075 D/[cc]ProxyMain( 4548): [BeginMainFrame] cc.BeginMainFrame this:0x9f620a10
11-28 17:13:31.075 D/[cc]LayerTreeHost( 4548): [AnimateLayers] AnimateLayers monotonic_time=2415349903
11-28 17:13:31.075 D/[blink]FrameView( 4548): [updateStyleAndLayoutIfNeededRecursiveInternal] in... this:0x597c7038.
11-28 17:13:31.075 D/[blink]FrameView( 4548): [layout] start... this:0x597c7038, frame=0x25e6bdb8 content size(1280, 720). 
11-28 17:13:31.075 D/[blink]FrameView( 4548): [layout] performPreLayoutTasks start... this:0x597c7038
11-28 17:13:31.075 D/[blink]FrameView( 4548): [layout] performPreLayoutTasks end... this:0x597c7038
11-28 17:13:31.075 D/[blink]FrameView( 4548): [layout] performLayout start... this:0x597c7038
11-28 17:13:31.076 D/[blink]FrameView( 4548): [layout] performLayout end... this:0x597c7038
11-28 17:13:31.076 D/[blink]FrameView( 4548): [layout] call compositor()->didLayout()!
11-28 17:13:31.076 D/[blink]FrameView( 4548): [layout] updateDocumentAnnotatedRegions start... this:0x597c7038
11-28 17:13:31.076 D/[blink]FrameView( 4548): [layout] scheduleOrPerformPostLayoutTasks start... this:0x597c7038
11-28 17:13:31.076 D/[blink]FrameView( 4548): [layout] end... this:0x597c7038
11-28 17:13:31.076 D/[blink]FrameView( 4548): [layout] out... this:0x597c7038
11-28 17:13:31.076 D/[blink]FrameView( 4548): [updateStyleAndLayoutIfNeededRecursiveInternal] in... this:0x597c78b0.
11-28 17:13:31.076 D/[blink]FrameView( 4548): [updateStyleAndLayoutIfNeededRecursiveInternal] end... this:0x597c78b0.
11-28 17:13:31.076 D/[blink]FrameView( 4548): [updateStyleAndLayoutIfNeededRecursiveInternal] end... this:0x597c7038.
11-28 17:13:31.076 D/[blink]FrameView( 4548): [updateLifecyclePhasesInternal] in... this:0x597c7038, targetState=18
11-28 17:13:31.076 D/[blink]FrameView( 4548): [updateLifecyclePhasesInternal] call compositor()->updateIfNeededRecursive()!
11-28 17:13:31.078 D/[blink] ImagePainter( 4548): [paintReplaced] ImagePainter::paintReplaced in w=21056, h=3712.
11-28 17:13:31.078 D/[blink] ImagePainter( 4548): [paintReplaced] ImagePainter::paintReplaced in w=14272, h=1792.
11-28 17:13:31.078 D/[blink] ImagePainter( 4548): [paintReplaced] ImagePainter::paintReplaced in w=1408, h=768.
11-28 17:13:31.079 D/[blink] BoxPainter( 4548): [paintBoxDecorationBackgroundWithRect] BoxPainter::paintBoxDecorationBackgroundWithRect isImage=0, isLayoutImage=0
11-28 17:13:31.079 D/[blink]FrameView( 4548): [updateLifecyclePhasesInternal] end... this:0x597c7038
11-28 17:13:31.091 D/[cc]ProxyMain( 4548): [BeginMainFrame] cc.BeginMainFrame this:0x9f620a10
11-28 17:13:31.092 D/[cc]LayerTreeHost( 4548): [AnimateLayers] AnimateLayers monotonic_time=2415366570
11-28 17:13:31.092 D/[blink]FrameView( 4548): [updateStyleAndLayoutIfNeededRecursiveInternal] in... this:0x597c7038.
11-28 17:13:31.092 D/[blink]FrameView( 4548): [layout] start... this:0x597c7038, frame=0x25e6bdb8 content size(1280, 720). 
11-28 17:13:31.092 D/[blink]FrameView( 4548): [layout] performPreLayoutTasks start... this:0x597c7038
11-28 17:13:31.092 D/[blink]FrameView( 4548): [layout] performPreLayoutTasks end... this:0x597c7038
11-28 17:13:31.092 D/[blink]FrameView( 4548): [layout] performLayout start... this:0x597c7038
11-28 17:13:31.092 D/[blink]FrameView( 4548): [layout] performLayout end... this:0x597c7038
11-28 17:13:31.092 D/[blink]FrameView( 4548): [layout] call compositor()->didLayout()!
11-28 17:13:31.092 D/[blink]FrameView( 4548): [layout] updateDocumentAnnotatedRegions start... this:0x597c7038
11-28 17:13:31.092 D/[blink]FrameView( 4548): [layout] scheduleOrPerformPostLayoutTasks start... this:0x597c7038
11-28 17:13:31.092 D/[blink]FrameView( 4548): [layout] end... this:0x597c7038
11-28 17:13:31.093 D/[blink]FrameView( 4548): [layout] out... this:0x597c7038
11-28 17:13:31.093 D/[blink]FrameView( 4548): [updateStyleAndLayoutIfNeededRecursiveInternal] in... this:0x597c78b0.
11-28 17:13:31.093 D/[blink]FrameView( 4548): [updateStyleAndLayoutIfNeededRecursiveInternal] end... this:0x597c78b0.
11-28 17:13:31.093 D/[blink]FrameView( 4548): [updateStyleAndLayoutIfNeededRecursiveInternal] end... this:0x597c7038.
11-28 17:13:31.093 D/[blink]FrameView( 4548): [updateLifecyclePhasesInternal] in... this:0x597c7038, targetState=18
11-28 17:13:31.093 D/[blink]FrameView( 4548): [updateLifecyclePhasesInternal] call compositor()->updateIfNeededRecursive()!
11-28 17:13:31.096 D/[blink] ImagePainter( 4548): [paintReplaced] ImagePainter::paintReplaced in w=21056, h=3712.
11-28 17:13:31.096 D/[blink] ImagePainter( 4548): [paintReplaced] ImagePainter::paintReplaced in w=14272, h=1792.
11-28 17:13:31.097 D/[blink] ImagePainter( 4548): [paintReplaced] ImagePainter::paintReplaced in w=1408, h=768.
11-28 17:13:31.097 D/[blink] BoxPainter( 4548): [paintBoxDecorationBackgroundWithRect] BoxPainter::paintBoxDecorationBackgroundWithRect isImage=0, isLayoutImage=0
11-28 17:13:31.097 D/[blink]FrameView( 4548): [updateLifecyclePhasesInternal] end... this:0x597c7038
11-28 17:13:31.108 D/[cc]ProxyMain( 4548): [BeginMainFrame] cc.BeginMainFrame this:0x9f620a10
11-28 17:13:31.108 D/[cc]LayerTreeHost( 4548): [AnimateLayers] AnimateLayers monotonic_time=2415383236
11-28 17:13:31.108 D/[blink]FrameView( 4548): [updateStyleAndLayoutIfNeededRecursiveInternal] in... this:0x597c7038.
11-28 17:13:31.108 D/[blink]FrameView( 4548): [layout] start... this:0x597c7038, frame=0x25e6bdb8 content size(1280, 720). 
11-28 17:13:31.108 D/[blink]FrameView( 4548): [layout] performPreLayoutTasks start... this:0x597c7038
11-28 17:13:31.109 D/[blink]FrameView( 4548): [layout] performPreLayoutTasks end... this:0x597c7038
11-28 17:13:31.109 D/[blink]FrameView( 4548): [layout] performLayout start... this:0x597c7038
11-28 17:13:31.109 D/[blink]FrameView( 4548): [layout] performLayout end... this:0x597c7038
11-28 17:13:31.109 D/[blink]FrameView( 4548): [layout] call compositor()->didLayout()!
11-28 17:13:31.109 D/[blink]FrameView( 4548): [layout] updateDocumentAnnotatedRegions start... this:0x597c7038
11-28 17:13:31.109 D/[blink]FrameView( 4548): [layout] scheduleOrPerformPostLayoutTasks start... this:0x597c7038
11-28 17:13:31.109 D/[blink]FrameView( 4548): [layout] end... this:0x597c7038
11-28 17:13:31.109 D/[blink]FrameView( 4548): [layout] out... this:0x597c7038
11-28 17:13:31.109 D/[blink]FrameView( 4548): [updateStyleAndLayoutIfNeededRecursiveInternal] in... this:0x597c78b0.
11-28 17:13:31.109 D/[blink]FrameView( 4548): [updateStyleAndLayoutIfNeededRecursiveInternal] end... this:0x597c78b0.
11-28 17:13:31.109 D/[blink]FrameView( 4548): [updateStyleAndLayoutIfNeededRecursiveInternal] end... this:0x597c7038.
11-28 17:13:31.109 D/[blink]FrameView( 4548): [updateLifecyclePhasesInternal] in... this:0x597c7038, targetState=18
11-28 17:13:31.109 D/[blink]FrameView( 4548): [updateLifecyclePhasesInternal] call compositor()->updateIfNeededRecursive()!
11-28 17:13:31.111 D/[blink] ImagePainter( 4548): [paintReplaced] ImagePainter::paintReplaced in w=21056, h=3712.
11-28 17:13:31.111 D/[blink] ImagePainter( 4548): [paintReplaced] ImagePainter::paintReplaced in w=14272, h=1792.
11-28 17:13:31.111 D/[blink] ImagePainter( 4548): [paintReplaced] ImagePainter::paintReplaced in w=1408, h=768.
11-28 17:13:31.111 D/[blink] BoxPainter( 4548): [paintBoxDecorationBackgroundWithRect] BoxPainter::paintBoxDecorationBackgroundWithRect isImage=0, isLayoutImage=0
11-28 17:13:31.111 D/[blink]FrameView( 4548): [updateLifecyclePhasesInternal] end... this:0x597c7038
11-28 17:13:31.135 D/[cc]ProxyMain( 4548): [BeginMainFrame] cc.BeginMainFrame this:0x9f620a10
11-28 17:13:31.135 D/[cc]LayerTreeHost( 4548): [AnimateLayers] AnimateLayers monotonic_time=2415399903
11-28 17:13:31.135 D/[blink]FrameView( 4548): [updateStyleAndLayoutIfNeededRecursiveInternal] in... this:0x597c7038.
11-28 17:13:31.136 D/[blink]FrameView( 4548): [layout] start... this:0x597c7038, frame=0x25e6bdb8 content size(1280, 720). 
11-28 17:13:31.136 D/[blink]FrameView( 4548): [layout] performPreLayoutTasks start... this:0x597c7038
11-28 17:13:31.136 D/[blink]FrameView( 4548): [layout] performPreLayoutTasks end... this:0x597c7038
11-28 17:13:31.136 D/[blink]FrameView( 4548): [layout] performLayout start... this:0x597c7038
11-28 17:13:31.136 D/[blink]FrameView( 4548): [layout] performLayout end... this:0x597c7038
11-28 17:13:31.136 D/[blink]FrameView( 4548): [layout] call compositor()->didLayout()!
11-28 17:13:31.136 D/[blink]FrameView( 4548): [layout] updateDocumentAnnotatedRegions start... this:0x597c7038
11-28 17:13:31.136 D/[blink]FrameView( 4548): [layout] scheduleOrPerformPostLayoutTasks start... this:0x597c7038
11-28 17:13:31.136 D/[blink]FrameView( 4548): [layout] end... this:0x597c7038
11-28 17:13:31.136 D/[blink]FrameView( 4548): [layout] out... this:0x597c7038
11-28 17:13:31.136 D/[blink]FrameView( 4548): [updateStyleAndLayoutIfNeededRecursiveInternal] in... this:0x597c78b0.
11-28 17:13:31.136 D/[blink]FrameView( 4548): [updateStyleAndLayoutIfNeededRecursiveInternal] end... this:0x597c78b0.
11-28 17:13:31.136 D/[blink]FrameView( 4548): [updateStyleAndLayoutIfNeededRecursiveInternal] end... this:0x597c7038.
11-28 17:13:31.136 D/[blink]FrameView( 4548): [updateLifecyclePhasesInternal] in... this:0x597c7038, targetState=18
11-28 17:13:31.136 D/[blink]FrameView( 4548): [updateLifecyclePhasesInternal] call compositor()->updateIfNeededRecursive()!
11-28 17:13:31.139 D/[blink] ImagePainter( 4548): [paintReplaced] ImagePainter::paintReplaced in w=21056, h=3712.
11-28 17:13:31.139 D/[blink] ImagePainter( 4548): [paintReplaced] ImagePainter::paintReplaced in w=14272, h=1792.
11-28 17:13:31.139 D/[blink] ImagePainter( 4548): [paintReplaced] ImagePainter::paintReplaced in w=1408, h=768.
11-28 17:13:31.139 D/[blink] BoxPainter( 4548): [paintBoxDecorationBackgroundWithRect] BoxPainter::paintBoxDecorationBackgroundWithRect isImage=0, isLayoutImage=0
11-28 17:13:31.139 D/[blink]FrameView( 4548): [updateLifecyclePhasesInternal] end... this:0x597c7038
11-28 17:13:31.144 D/[cc]ProxyMain( 4548): [BeginMainFrame] cc.BeginMainFrame this:0x9f620a10
11-28 17:13:31.144 D/[cc]LayerTreeHost( 4548): [AnimateLayers] AnimateLayers monotonic_time=2415416570
11-28 17:13:31.144 D/[blink]FrameView( 4548): [updateStyleAndLayoutIfNeededRecursiveInternal] in... this:0x597c7038.
11-28 17:13:31.144 D/[blink]FrameView( 4548): [updateStyleAndLayoutIfNeededRecursiveInternal] in... this:0x597c78b0.
11-28 17:13:31.144 D/[blink]FrameView( 4548): [updateStyleAndLayoutIfNeededRecursiveInternal] end... this:0x597c78b0.
11-28 17:13:31.144 D/[blink]FrameView( 4548): [updateStyleAndLayoutIfNeededRecursiveInternal] end... this:0x597c7038.
11-28 17:13:31.144 D/[blink]FrameView( 4548): [updateLifecyclePhasesInternal] in... this:0x597c7038, targetState=18
11-28 17:13:31.144 D/[blink]FrameView( 4548): [updateLifecyclePhasesInternal] call compositor()->updateIfNeededRecursive()!
11-28 17:13:31.144 D/[blink]FrameView( 4548): [updateLifecyclePhasesInternal] end... this:0x597c7038
11-28 17:13:31.218 D/ir_user ( 1585): PlayerTimeLineTrace:linux_keycode:0x6c(UP),	protocol: .
11-28 17:13:31.218 V/PT      ( 1581): >>INFO:irkey_task:[    2415.493463] /dev/input/event0: type=0001 code=006c val=00000000
11-28 17:13:31.218 V/PT      ( 1581): >>INFO:irkey_send:0x3001 0x0028 up  
11-28 17:13:31.218 V/SUMA    ( 1581): ++++++++++++++  _roc_evtmgr_key_cbk 517:input = 12289, event=40, act=0x400
11-28 17:13:31.218 V/SUMA    ( 1581): lxm:_roc_evtmgr_key_cbk 519 2415493
11-28 17:13:31.218 V/SUMA    ( 1581): lxm:_roc_evtmgr_add_key_into_queue 311 2415493
11-28 17:13:31.218 V/PT      ( 1581): >>INFO:irkey_task:[    2415.493463] /dev/input/event0: type=0000 code=0000 val=00000000
11-28 17:13:31.218 V/SUMA    ( 1581): ===================>> type=0 src=0 evt=40 act=0x400
11-28 17:13:31.218 V/SUMA    ( 1581): [sysset-s][event_manager_cbk 78]lxm cbid=1, cbk_reg=1, cpid=2464
11-28 17:13:31.218 D/NGBEvent( 2464): ngbEventCallBack type:0 source :40
11-28 17:13:31.219 D/NGBEvent( 2464): [NGBEventManager-JNI]-returning:1
11-28 17:13:31.219 D/NGBEvent( 2464): Input key event: keyCode=40
11-28 17:13:31.219 D/NGBEvent( 2464): src:40 = dest:40
11-28 17:13:31.219 I/System.out( 2464): [DEBUG EventManager] LWJ--Add event to java with evt=NgbEvent-[type = 1, subtype = 402, code = 40]
11-28 17:13:31.219 D/NGBEvent( 2464): [NGBEvent_log]--[EventManager--JNI]:		start
11-28 17:13:31.219 I/System.out( 2464): [DEBUG EventManager] broadcastEvent  :len 1
11-28 17:13:31.219 D/KeyEventNgbDealer( 2464): [TN_pool-1-thread-1]handleKeyReleased keyEvent=NgbEvent-[type = 1, subtype = 402, code = 40],time=2415495
11-28 17:13:31.220 D/RemoteIME( 2350): RemoteIME--> onKeyUp keyCode = 20
11-28 17:13:31.222 D/cr_AwTestContainerView( 4548): [AwTestContainerView.java:63] [mainFrame]: [2017-11-21 17:52:03] dispatchKeyEvent keyCode = 20 event = KeyEvent { action=ACTION_UP, keyCode=KEYCODE_DPAD_DOWN, scanCode=108, metaState=0, flags=0x8, repeatCount=0, eventTime=2415493, downTime=2415284, deviceId=4, source=0x701 }
11-28 17:13:31.222 D/ImeAdapterAndroid( 4548): [SendKeyEvent] [BUILD TIME: ] dispatchKeyEvent key_code=20 modifiers=0 unicode_char=0 scan_code=108 is_system=0 tm=2415493
11-28 17:13:31.223 D/RenderWidgetInputHandler( 4548): [HandleInputEvent] input_event type=9 name=KeyUp
11-28 17:13:31.223 D/RenderWidgetInputHandler( 4548): [HandleInputEvent] key_event.nativeKeyCode:20,widget_->GetTextInputType():0
11-28 17:13:31.223 D/RenderWidgetInputHandler( 4548): [HandleInputEvent] input_event type=9 prevent_default:0
11-28 17:13:31.223 D/WebViewImpl( 4548): [handleKeyEvent] keycode:40, eventType:9 native keycode:20 frame=0x25e6bdb8. url='http://10.14.41.246/application/bxfc/sec/index.htm'.
11-28 17:13:31.223 D/[blink]KeyboardEventManager( 4548): [keyEvent] initialKeyEvent KeyUp nativeKeyCode=20 windowsKeyCode=40 text[0]=0
11-28 17:13:31.223 D/[blink]KeyboardEventManager( 4548): [keyEvent] initialKeyEvent focusedNode=0x0
11-28 17:13:31.239 I/Advanced( 4548): [QUEUE] share_queue_sendEx size:1 4097 3593 0x8ec69fd0,postLoopId:0,dstid:1.
11-28 17:13:31.277 D/ir_user ( 1585): PlayerTimeLineTrace:linux_keycode:0x6c(DOWN),	protocol: .
11-28 17:13:31.277 V/PT      ( 1581): >>INFO:irkey_task:[    2415.553247] /dev/input/event0: type=0001 code=006c val=00000001
11-28 17:13:31.277 V/PT      ( 1581): >>INFO:irkey_send:0x3001 0x0028 down
11-28 17:13:31.277 V/SUMA    ( 1581): ++++++++++++++  _roc_evtmgr_key_cbk 517:input = 12289, event=40, act=0x100
11-28 17:13:31.277 V/SUMA    ( 1581): lxm:_roc_evtmgr_key_cbk 519 2415553
11-28 17:13:31.277 V/SUMA    ( 1581): lxm:_roc_evtmgr_add_evt_into_queue 347 2415553
11-28 17:13:31.277 V/SUMA    ( 1581): ===================>> type=0 src=0 evt=40 act=0x100
11-28 17:13:31.277 V/PT      ( 1581): >>INFO:irkey_task:[    2415.553247] /dev/input/event0: type=0000 code=0000 val=00000000
11-28 17:13:31.277 V/SUMA    ( 1581): [sysset-s][event_manager_cbk 78]lxm cbid=1, cbk_reg=1, cpid=2464
11-28 17:13:31.278 D/NGBEvent( 2464): ngbEventCallBack type:0 source :40
11-28 17:13:31.278 D/NGBEvent( 2464): [NGBEventManager-JNI]-returning:1
11-28 17:13:31.278 D/NGBEvent( 2464): Input key event: keyCode=40
11-28 17:13:31.278 D/NGBEvent( 2464): src:40 = dest:40
11-28 17:13:31.278 I/System.out( 2464): [DEBUG EventManager] LWJ--Add event to java with evt=NgbEvent-[type = 1, subtype = 401, code = 40]
11-28 17:13:31.278 D/NGBEvent( 2464): [NGBEvent_log]--[EventManager--JNI]:		start
11-28 17:13:31.278 I/System.out( 2464): [DEBUG EventManager] broadcastEvent  :len 1
11-28 17:13:31.278 D/CombineKeyUtil( 2464): [TN_pool-1-thread-1]dealKeyEvent,combineIndex:-1:keyCode:20
11-28 17:13:31.278 D/KeyEventNgbDealer( 2464): [TN_pool-1-thread-1]handleKeyPressed keyEvent=NgbEvent-[type = 1, subtype = 401, code = 40],time=2415553
11-28 17:13:31.278 D/RemoteIME( 2350): onKeyDown event = KeyEvent { action=ACTION_DOWN, keyCode=KEYCODE_DPAD_DOWN, scanCode=108, metaState=0, flags=0x8, repeatCount=0, eventTime=2415553, downTime=2415553, deviceId=4, source=0x701 },mSkbContainer=null
11-28 17:13:31.279 D/cr_AwTestContainerView( 4548): [AwTestContainerView.java:63] [mainFrame]: [2017-11-21 17:52:03] dispatchKeyEvent keyCode = 20 event = KeyEvent { action=ACTION_DOWN, keyCode=KEYCODE_DPAD_DOWN, scanCode=108, metaState=0, flags=0x8, repeatCount=0, eventTime=2415553, downTime=2415553, deviceId=4, source=0x701 }
11-28 17:13:31.279 D/ImeAdapterAndroid( 4548): [SendKeyEvent] [BUILD TIME: ] dispatchKeyEvent key_code=20 modifiers=0 unicode_char=0 scan_code=108 is_system=0 tm=2415553
11-28 17:13:31.279 D/RenderWidgetInputHandler( 4548): [HandleInputEvent] input_event type=8 name=KeyDown
11-28 17:13:31.279 D/RenderWidgetInputHandler( 4548): [HandleInputEvent] key_event.nativeKeyCode:20,widget_->GetTextInputType():0
11-28 17:13:31.279 D/RenderWidgetInputHandler( 4548): [HandleInputEvent] input_event type=8 prevent_default:0
11-28 17:13:31.279 D/WebViewImpl( 4548): [handleKeyEvent] keycode:40, eventType:8 native keycode:20 frame=0x25e6bdb8. url='http://10.14.41.246/application/bxfc/sec/index.htm'.
11-28 17:13:31.279 D/[blink]KeyboardEventManager( 4548): [keyEvent] initialKeyEvent KeyDown nativeKeyCode=20 windowsKeyCode=40 text[0]=0
11-28 17:13:31.279 D/[blink]KeyboardEventManager( 4548): [keyEvent] initialKeyEvent focusedNode=0x0
11-28 17:13:31.279 D/V8ScriptRunner( 4548): [callFunction] start. frame = 0x25e6bdb8 function: eventHandler url: http://10.14.41.246/application/bxfc/sec/index.htm line: 179
11-28 17:13:31.279 D/base::KeyConverter( 4548): [get] convert 20 => -1.
11-28 17:13:31.279 D/iPanel  ( 4548): iPanel.debug("---141----popFlag=false")
11-28 17:13:31.280 D/iPanel  ( 4548): iPanel.debug("---142----ifrSrc=http://10.14.41.246/application/bxfc/sec/index.htm")
11-28 17:13:31.280 D/iPanel  ( 4548): iPanel.debug("-------主窗口按键响应=KEY_DOWN")
11-28 17:13:31.280 D/[cc]beginFrameSource( 4548): [AddObserver] ExternalBeginFrameSource::AddObserver
11-28 17:13:31.280 D/iPanel  ( 4548): iPanel.debug("----chanel[menuPos]--:289")
11-28 17:13:31.280 D/iPanel  ( 4548): iPanel.debug("----menuPos-:2")
11-28 17:13:31.280 D/iPanel  ( 4548): iPanel.debug("----menuPos--:number")
11-28 17:13:31.280 D/iPanel  ( 4548): iPanel.debug("----listDataPath--:http://10.14.41.245:13160/search/search_by_keyword?accesstoken=R5A1D202BU20850029K53724E0DIA6230E0AP8M2FAF083WDC011B88FB1&keyword=201705&label=289&pageidx=1&pagenum=20&depth=2&sortby=4")
11-28 17:13:31.281 D/ChromeClientImpl( 4548): [addMessageToConsole] [LOG:CONSOLE(291)] "http://10.14.41.245:13160/search/search_by_keyword?accesstoken=R5A1D202BU20850029K53724E0DIA6230E0AP8M2FAF083WDC011B88FB1&keyword=201705&label=289&pageidx=1&pagenum=20&depth=2&sortby=4", source:http://10.14.41.246/application/bxfc/sec/js/common.js (291)
11-28 17:13:31.281 D/V8ScriptRunner( 4548): [callFunction] start. frame = 0x25e6bdb8 function: xmlHttp.onreadystatechange url: http://10.14.41.246/application/bxfc/sec/js/common.js line: 276
11-28 17:13:31.281 D/V8ScriptRunner( 4548): [callFunction] end. frame = 0x25e6bdb8 function: xmlHttp.onreadystatechange url: http://10.14.41.246/application/bxfc/sec/js/common.js line: 276
11-28 17:13:31.281 D/[blink]ResourceFetcher( 4548): [requestResource] url=http://10.14.41.245:13160/search/search_by_keyword?accesstoken=R5A1D202BU20850029K53724E0DIA6230E0AP8M2FAF083WDC011B88FB1&keyword=201705&label=289&pageidx=1&pagenum=20&depth=2&sortby=4.
11-28 17:13:31.281 D/url     ( 4548): [DoResolveRelative] [WEB] DoResolveRelative Error resolving.
11-28 17:13:31.281 D/[blink]DOMTimer( 4548): [DOMTimer] 0x597d1220 setTimeout 500ms, repeat:0.
11-28 17:13:31.282 D/ResourceLoader( 4548): [StartRequest] start request 0x8b42dc00 url='http://10.14.41.245:13160/search/search_by_keyword?accesstoken=R5A1D202BU20850029K53724E0DIA6230E0AP8M2FAF083WDC011B88FB1&keyword=201705&label=289&pageidx=1&pagenum=20&depth=2&sortby=4'
11-28 17:13:31.282 D/AwRequestInterceptor( 4548): [MaybeInterceptRequest] request=0x8b42dc00
11-28 17:13:31.282 D/[blink]DOMTimer( 4548): [DOMTimer] 0x597d1290 setTimeout 30000ms, repeat:0.
11-28 17:13:31.282 D/iPanel  ( 4548): iPanel.debug("-------keyDown=KEY_DOWN")
11-28 17:13:31.282 D/V8ScriptRunner( 4548): [callFunction] end. frame = 0x25e6bdb8 function: eventHandler url: http://10.14.41.246/application/bxfc/sec/index.htm line: 179
11-28 17:13:31.282 D/[blink]KeyboardEventManager( 4548): [keyEvent] dispatchResult = CanceledByEventHandler
11-28 17:13:31.282 D/cr_AwContents( 4548): [AwContents.java:520] BackgroundThreadClientImpl shouldInterceptRequest url = http://10.14.41.245:13160/search/search_by_keyword?accesstoken=R5A1D202BU20850029K53724E0DIA6230E0AP8M2FAF083WDC011B88FB1&keyword=201705&label=289&pageidx=1&pagenum=20&depth=2&sortby=4
11-28 17:13:31.282 D/cr_AwNullContentsClient( 4548): [AwNullContentsClient.java:59] shouldInterceptRequest url=http://10.14.41.245:13160/search/search_by_keyword?accesstoken=R5A1D202BU20850029K53724E0DIA6230E0AP8M2FAF083WDC011B88FB1&keyword=201705&label=289&pageidx=1&pagenum=20&depth=2&sortby=4
11-28 17:13:31.282 D/BrowserWebViewClient( 4548): intercept request :http://10.14.41.245:13160/search/search_by_keyword?accesstoken=R5A1D202BU20850029K53724E0DIA6230E0AP8M2FAF083WDC011B88FB1&keyword=201705&label=289&pageidx=1&pagenum=20&depth=2&sortby=4
11-28 17:13:31.282 D/AwRequestInterceptor( 4548): [MaybeInterceptRequest] request=0x8b42dc00
11-28 17:13:31.291 D/[cc]ProxyMain( 4548): [BeginMainFrame] cc.BeginMainFrame this:0x9f620a10
11-28 17:13:31.291 D/[cc]LayerTreeHost( 4548): [AnimateLayers] AnimateLayers monotonic_time=2415566570
11-28 17:13:31.291 D/[blink]FrameView( 4548): [updateStyleAndLayoutIfNeededRecursiveInternal] in... this:0x597c7038.
11-28 17:13:31.292 D/[blink]FrameView( 4548): [updateStyleAndLayoutIfNeededRecursiveInternal] in... this:0x597c78b0.
11-28 17:13:31.292 D/[blink]FrameView( 4548): [updateStyleAndLayoutIfNeededRecursiveInternal] end... this:0x597c78b0.
11-28 17:13:31.292 D/[blink]FrameView( 4548): [updateStyleAndLayoutIfNeededRecursiveInternal] end... this:0x597c7038.
11-28 17:13:31.292 D/[blink]FrameView( 4548): [updateLifecyclePhasesInternal] in... this:0x597c7038, targetState=18
11-28 17:13:31.292 D/[blink]FrameView( 4548): [updateLifecyclePhasesInternal] call compositor()->updateIfNeededRecursive()!
11-28 17:13:31.292 D/[blink]FrameView( 4548): [updateLifecyclePhasesInternal] end... this:0x597c7038
11-28 17:13:31.308 D/[cc]ProxyMain( 4548): [BeginMainFrame] cc.BeginMainFrame this:0x9f620a10
11-28 17:13:31.308 D/[cc]LayerTreeHost( 4548): [AnimateLayers] AnimateLayers monotonic_time=2415583236
11-28 17:13:31.308 D/[blink]FrameView( 4548): [updateStyleAndLayoutIfNeededRecursiveInternal] in... this:0x597c7038.
11-28 17:13:31.308 D/[blink]FrameView( 4548): [layout] start... this:0x597c7038, frame=0x25e6bdb8 content size(1280, 720). 
11-28 17:13:31.308 D/[blink]FrameView( 4548): [layout] performPreLayoutTasks start... this:0x597c7038
11-28 17:13:31.308 D/[blink]FrameView( 4548): [layout] performPreLayoutTasks end... this:0x597c7038
11-28 17:13:31.308 D/[blink]FrameView( 4548): [layout] performLayout start... this:0x597c7038
11-28 17:13:31.309 D/[blink]FrameView( 4548): [layout] performLayout end... this:0x597c7038
11-28 17:13:31.309 D/[blink]FrameView( 4548): [layout] call compositor()->didLayout()!
11-28 17:13:31.309 D/[blink]FrameView( 4548): [layout] updateDocumentAnnotatedRegions start... this:0x597c7038
11-28 17:13:31.309 D/[blink]FrameView( 4548): [layout] scheduleOrPerformPostLayoutTasks start... this:0x597c7038
11-28 17:13:31.309 D/[blink]FrameView( 4548): [layout] end... this:0x597c7038
11-28 17:13:31.309 D/[blink]FrameView( 4548): [layout] out... this:0x597c7038
11-28 17:13:31.309 D/[blink]FrameView( 4548): [updateStyleAndLayoutIfNeededRecursiveInternal] in... this:0x597c78b0.
11-28 17:13:31.309 D/[blink]FrameView( 4548): [updateStyleAndLayoutIfNeededRecursiveInternal] end... this:0x597c78b0.
11-28 17:13:31.309 D/[blink]FrameView( 4548): [updateStyleAndLayoutIfNeededRecursiveInternal] end... this:0x597c7038.
11-28 17:13:31.309 D/[blink]FrameView( 4548): [updateLifecyclePhasesInternal] in... this:0x597c7038, targetState=18
11-28 17:13:31.309 D/[blink]FrameView( 4548): [updateLifecyclePhasesInternal] call compositor()->updateIfNeededRecursive()!
11-28 17:13:31.310 D/[blink] ImagePainter( 4548): [paintReplaced] ImagePainter::paintReplaced in w=21056, h=3712.
11-28 17:13:31.310 D/[blink] ImagePainter( 4548): [paintReplaced] ImagePainter::paintReplaced in w=14272, h=1792.
11-28 17:13:31.310 D/[blink] ImagePainter( 4548): [paintReplaced] ImagePainter::paintReplaced in w=1408, h=768.
11-28 17:13:31.311 D/[blink] BoxPainter( 4548): [paintBoxDecorationBackgroundWithRect] BoxPainter::paintBoxDecorationBackgroundWithRect isImage=0, isLayoutImage=0
11-28 17:13:31.311 D/[blink]FrameView( 4548): [updateLifecyclePhasesInternal] end... this:0x597c7038
11-28 17:13:31.325 D/[cc]ProxyMain( 4548): [BeginMainFrame] cc.BeginMainFrame this:0x9f620a10
11-28 17:13:31.325 D/[cc]LayerTreeHost( 4548): [AnimateLayers] AnimateLayers monotonic_time=2415599903
11-28 17:13:31.325 D/[blink]FrameView( 4548): [updateStyleAndLayoutIfNeededRecursiveInternal] in... this:0x597c7038.
11-28 17:13:31.325 D/[blink]FrameView( 4548): [layout] start... this:0x597c7038, frame=0x25e6bdb8 content size(1280, 720). 
11-28 17:13:31.325 D/[blink]FrameView( 4548): [layout] performPreLayoutTasks start... this:0x597c7038
11-28 17:13:31.325 D/[blink]FrameView( 4548): [layout] performPreLayoutTasks end... this:0x597c7038
11-28 17:13:31.325 D/[blink]FrameView( 4548): [layout] performLayout start... this:0x597c7038
11-28 17:13:31.325 D/[blink]FrameView( 4548): [layout] performLayout end... this:0x597c7038
11-28 17:13:31.326 D/[blink]FrameView( 4548): [layout] call compositor()->didLayout()!
11-28 17:13:31.326 D/[blink]FrameView( 4548): [layout] updateDocumentAnnotatedRegions start... this:0x597c7038
11-28 17:13:31.326 D/[blink]FrameView( 4548): [layout] scheduleOrPerformPostLayoutTasks start... this:0x597c7038
11-28 17:13:31.326 D/[blink]FrameView( 4548): [layout] end... this:0x597c7038
11-28 17:13:31.326 D/[blink]FrameView( 4548): [layout] out... this:0x597c7038
11-28 17:13:31.326 D/[blink]FrameView( 4548): [updateStyleAndLayoutIfNeededRecursiveInternal] in... this:0x597c78b0.
11-28 17:13:31.326 D/[blink]FrameView( 4548): [updateStyleAndLayoutIfNeededRecursiveInternal] end... this:0x597c78b0.
11-28 17:13:31.326 D/[blink]FrameView( 4548): [updateStyleAndLayoutIfNeededRecursiveInternal] end... this:0x597c7038.
11-28 17:13:31.326 D/[blink]FrameView( 4548): [updateLifecyclePhasesInternal] in... this:0x597c7038, targetState=18
11-28 17:13:31.326 D/[blink]FrameView( 4548): [updateLifecyclePhasesInternal] call compositor()->updateIfNeededRecursive()!
11-28 17:13:31.328 D/[blink] ImagePainter( 4548): [paintReplaced] ImagePainter::paintReplaced in w=21056, h=3712.
11-28 17:13:31.328 D/[blink] ImagePainter( 4548): [paintReplaced] ImagePainter::paintReplaced in w=14272, h=1792.
11-28 17:13:31.328 D/[blink] ImagePainter( 4548): [paintReplaced] ImagePainter::paintReplaced in w=1408, h=768.
11-28 17:13:31.329 D/[blink] BoxPainter( 4548): [paintBoxDecorationBackgroundWithRect] BoxPainter::paintBoxDecorationBackgroundWithRect isImage=0, isLayoutImage=0
11-28 17:13:31.329 D/[blink]FrameView( 4548): [updateLifecyclePhasesInternal] end... this:0x597c7038
11-28 17:13:31.337 D/ResourceLoader( 4548): [ResponseCompleted] finish request 0x8b42dc00 url='http://10.14.41.245:13160/search/search_by_keyword?accesstoken=R5A1D202BU20850029K53724E0DIA6230E0AP8M2FAF083WDC011B88FB1&keyword=201705&label=289&pageidx=1&pagenum=20&depth=2&sortby=4'
11-28 17:13:31.338 D/V8ScriptRunner( 4548): [callFunction] start. frame = 0x25e6bdb8 function: xmlHttp.onreadystatechange url: http://10.14.41.246/application/bxfc/sec/js/common.js line: 276
11-28 17:13:31.338 D/V8ScriptRunner( 4548): [callFunction] end. frame = 0x25e6bdb8 function: xmlHttp.onreadystatechange url: http://10.14.41.246/application/bxfc/sec/js/common.js line: 276
11-28 17:13:31.338 D/V8ScriptRunner( 4548): [callFunction] start. frame = 0x25e6bdb8 function: xmlHttp.onreadystatechange url: http://10.14.41.246/application/bxfc/sec/js/common.js line: 276
11-28 17:13:31.338 D/V8ScriptRunner( 4548): [callFunction] end. frame = 0x25e6bdb8 function: xmlHttp.onreadystatechange url: http://10.14.41.246/application/bxfc/sec/js/common.js line: 276
11-28 17:13:31.340 D/[blink]ResourceFetcher( 4548): [didFinishLoading] encoded length=299 url=http://10.14.41.245:13160/search/search_by_keyword?accesstoken=R5A1D202BU20850029K53724E0DIA6230E0AP8M2FAF083WDC011B88FB1&keyword=201705&label=289&pageidx=1&pagenum=20&depth=2&sortby=4.
11-28 17:13:31.340 D/V8ScriptRunner( 4548): [callFunction] start. frame = 0x25e6bdb8 function: xmlHttp.onreadystatechange url: http://10.14.41.246/application/bxfc/sec/js/common.js line: 276
11-28 17:13:31.341 D/V8ScriptRunner( 4548): [callFunction] end. frame = 0x25e6bdb8 function: xmlHttp.onreadystatechange url: http://10.14.41.246/application/bxfc/sec/js/common.js line: 276
11-28 17:13:31.341 D/[cc]ProxyMain( 4548): [BeginMainFrame] cc.BeginMainFrame this:0x9f620a10
11-28 17:13:31.342 D/[cc]LayerTreeHost( 4548): [AnimateLayers] AnimateLayers monotonic_time=2415616570
11-28 17:13:31.342 D/[blink]FrameView( 4548): [updateStyleAndLayoutIfNeededRecursiveInternal] in... this:0x597c7038.
11-28 17:13:31.342 D/[blink]FrameView( 4548): [layout] start... this:0x597c7038, frame=0x25e6bdb8 content size(1280, 720). 
11-28 17:13:31.342 D/[blink]FrameView( 4548): [layout] performPreLayoutTasks start... this:0x597c7038
11-28 17:13:31.342 D/[blink]FrameView( 4548): [layout] performPreLayoutTasks end... this:0x597c7038
11-28 17:13:31.342 D/[blink]FrameView( 4548): [layout] performLayout start... this:0x597c7038
11-28 17:13:31.343 D/[blink]FrameView( 4548): [layout] performLayout end... this:0x597c7038
11-28 17:13:31.343 D/[blink]FrameView( 4548): [layout] call compositor()->didLayout()!
11-28 17:13:31.343 D/[blink]FrameView( 4548): [layout] updateDocumentAnnotatedRegions start... this:0x597c7038
11-28 17:13:31.343 D/[blink]FrameView( 4548): [layout] scheduleOrPerformPostLayoutTasks start... this:0x597c7038
11-28 17:13:31.344 D/[blink]FrameView( 4548): [layout] end... this:0x597c7038
11-28 17:13:31.345 D/[blink]FrameView( 4548): [layout] out... this:0x597c7038
11-28 17:13:31.345 D/[blink]FrameView( 4548): [updateStyleAndLayoutIfNeededRecursiveInternal] in... this:0x597c78b0.
11-28 17:13:31.345 D/[blink]FrameView( 4548): [updateStyleAndLayoutIfNeededRecursiveInternal] end... this:0x597c78b0.
11-28 17:13:31.345 D/[blink]FrameView( 4548): [updateStyleAndLayoutIfNeededRecursiveInternal] end... this:0x597c7038.
11-28 17:13:31.345 D/[blink]FrameView( 4548): [updateLifecyclePhasesInternal] in... this:0x597c7038, targetState=18
11-28 17:13:31.345 D/[blink]FrameView( 4548): [updateLifecyclePhasesInternal] call compositor()->updateIfNeededRecursive()!
11-28 17:13:31.347 D/[blink] ImagePainter( 4548): [paintReplaced] ImagePainter::paintReplaced in w=21056, h=3712.
