11-28 16:36:36.755 I/AdvancedPorting-PORT_MODULE_NET( 3039): network_task while---name_interface[0]=lo
11-28 16:36:36.755 I/AdvancedPorting-PORT_MODULE_NET( 3039): network_task while---name_interface[1]=eth0
11-28 16:36:36.755 I/AdvancedPorting-PORT_MODULE_NET( 3039): network_task while---interface_name=eth0
11-28 16:36:36.755 I/AdvancedPorting-PORT_MODULE_NET( 3039): network_get_netlink_status(in)--if_name=eth0
11-28 16:36:36.755 I/AdvancedPorting-PORT_MODULE_NET( 3039): net.network.isconnected = no
11-28 16:36:36.755 I/AdvancedPorting-PORT_MODULE_NET( 3039): eth0 --network_get_netlink_status return retval=1
11-28 16:36:36.755 I/AdvancedPorting-PORT_MODULE_NET( 3039): stat = 1 last_status = 1
11-28 16:36:36.900 I/Advanced( 3039): [QUEUE] share_queue_sendEx size:1 4097 778 0x8f027a48,postLoopId:0,dstid:1.
11-28 16:36:36.995 D/BackBootDealerNeimeng( 2401): standbyState:
11-28 16:36:36.997 E/NetUtils( 2029): Interface eth0 LinkUp!
11-28 16:36:37.100 I/Advanced( 3039): [QUEUE] share_queue_sendEx size:1 4097 779 0x8f027a48,postLoopId:0,dstid:1.
11-28 16:36:37.173 D/AppUtil ( 2401): [TN_ThreadUtil-12]getActivityPkg index=0,comp=ComponentInfo{com.ipanel.android_webview.shell/com.ipanel.webapp.BrowserActivity}
11-28 16:36:37.173 D/AppRuleBaseDealer( 2401): backExcute curActivityPkgName:com.ipanel.android_webview.shell
11-28 16:36:37.173 V/SUMA    ( 2401): [cas-c][CA_Manager_GetManufactureInfoSync 2590]enter !!!
11-28 16:36:37.301 I/Advanced( 3039): [QUEUE] share_queue_sendEx size:1 4097 780 0x8f027a48,postLoopId:0,dstid:1.
11-28 16:36:37.334 V/SUMA    ( 2401): [cas-c][CA_Manager_GetManufactureInfoSync 2604]leave !!!
11-28 16:36:37.334 D/CAManagerNative( 2401): getCardInfo.CA_Manager_GetManufactureInfoSync result=0
11-28 16:36:37.497 D/BackBootDealerNeimeng( 2401): standbyState:
11-28 16:36:37.498 E/NetUtils( 2029): Interface eth0 LinkUp!
11-28 16:36:37.501 I/Advanced( 3039): [QUEUE] share_queue_sendEx size:1 4097 781 0x8f027a48,postLoopId:0,dstid:1.
11-28 16:36:37.548 D/CAManagerNative( 2401): getCardInfo.CA_Manager_GetMotherCardID result=0,motherCardID=0
11-28 16:36:37.548 V/SUMA    ( 2401): [cas-c][CA_Manager_GetAreaInfoSync 2565]enter !!!
11-28 16:36:37.701 I/Advanced( 3039): [QUEUE] share_queue_sendEx size:1 4097 782 0x8f027a48,postLoopId:0,dstid:1.
11-28 16:36:37.755 I/AdvancedPorting-PORT_MODULE_NET( 3039): network_task while... 
11-28 16:36:37.755 I/AdvancedPorting-PORT_MODULE_NET( 3039): 0 interface name: lo
11-28 16:36:37.755 I/AdvancedPorting-PORT_MODULE_NET( 3039): 1 interface name: eth0
11-28 16:36:37.755 I/AdvancedPorting-PORT_MODULE_NET( 3039): 2 interface name: wlan0
11-28 16:36:37.755 I/AdvancedPorting-PORT_MODULE_NET( 3039): First interface name: lo
11-28 16:36:37.755 I/AdvancedPorting-PORT_MODULE_NET( 3039): network_task while...  net_i:1
11-28 16:36:37.755 I/AdvancedPorting-PORT_MODULE_NET( 3039): network_task while---name_interface[0]=lo
11-28 16:36:37.755 I/AdvancedPorting-PORT_MODULE_NET( 3039): network_task while---name_interface[1]=eth0
11-28 16:36:37.755 I/AdvancedPorting-PORT_MODULE_NET( 3039): network_task while---interface_name=eth0
11-28 16:36:37.755 I/AdvancedPorting-PORT_MODULE_NET( 3039): network_get_netlink_status(in)--if_name=eth0
11-28 16:36:37.755 I/AdvancedPorting-PORT_MODULE_NET( 3039): net.network.isconnected = no
11-28 16:36:37.755 I/AdvancedPorting-PORT_MODULE_NET( 3039): eth0 --network_get_netlink_status return retval=1
11-28 16:36:37.755 I/AdvancedPorting-PORT_MODULE_NET( 3039): stat = 1 last_status = 1
11-28 16:36:37.772 V/SUMA    ( 1581): >> [CA]rocme_porting_ca_get_area_info_suma: DVTCASTB_GetAreaInfo area_info->card_area = 7000  
11-28 16:36:37.772 V/SUMA    ( 1581): >> [CA]rocme_porting_ca_get_area_info_suma: DVTCASTB_GetAreaInfo area_info->set_card_area_time = 1506507111  
11-28 16:36:37.772 V/SUMA    ( 1581): >> [CA]rocme_porting_ca_get_area_info_suma: DVTCASTB_GetAreaInfo area_info->start_flag = 0  
11-28 16:36:37.772 V/SUMA    ( 1581): >> [CA]rocme_porting_ca_get_area_info_suma: DVTCASTB_GetAreaInfo area_info->set_flag_time = 0  
11-28 16:36:37.772 V/SUMA    ( 2401): [cas-c][CA_Manager_GetAreaInfoSync 2580]leave !!!
11-28 16:36:37.772 D/CAManagerNative( 2401): getCardInfo.CA_Manager_GetAreaInfoSync result=0
11-28 16:36:37.772 D/CAManagerNative( 2401): getCardInfo card_area=7000,card_area_time=0
11-28 16:36:37.772 V/SUMA    ( 2401): [cas-c][CA_Manager_GetCAProvider 922]enter !!!
11-28 16:36:37.772 V/SUMA    ( 2401): [cas-c][CA_Manager_GetCAProvider 936]leave !!!
11-28 16:36:37.772 D/CAManagerNative( 2401): CA_Manager_GetCAProvider result : 0
11-28 16:36:37.772 D/CAManagerNative( 2401): CA_Manager_GetCAProvider provider : 0
11-28 16:36:37.772 I/System.out( 2401): [DEBUG CAManager] isCardPresent manufactureID=0,cardID=31666269,serialNum=8150010316662691
11-28 16:36:37.772 D/CaNgbDealer( 2401): [TN_ThreadUtil-12]isCardInsert isInsert=true
11-28 16:36:37.772 D/CaNgbDealer( 2401): [TN_ThreadUtil-12]getCaAuthorizationInfo providerID=-1,res=[I@14e99871,isCache=false
11-28 16:36:37.773 D/CaNgbDealer( 2401): [TN_ThreadUtil-12]getCaProviderInfo res=[I@14e99871,isCache=false
11-28 16:36:37.902 I/Advanced( 3039): [QUEUE] share_queue_sendEx size:1 4097 783 0x8f027a48,postLoopId:0,dstid:1.
11-28 16:36:37.926 D/CAManagerNative( 2401): get All CAProvider ,the num is 1
11-28 16:36:37.927 I/System.out( 2401): [DEBUG CAManager] 运行商标1111111111识：400
11-28 16:36:37.929 V/SUMA    ( 2401): [cas-c][CA_Manager_GetServiceEntitleInfo 1126]enter !!!
11-28 16:36:37.998 D/BackBootDealerNeimeng( 2401): standbyState:
11-28 16:36:37.998 E/NetUtils( 2029): Interface eth0 LinkUp!
11-28 16:36:38.102 I/Advanced( 3039): [QUEUE] share_queue_sendEx size:1 4097 784 0x8f027a48,postLoopId:0,dstid:1.
11-28 16:36:38.136 I/XulMessageCenter( 2647): Auto cleanup finished
11-28 16:36:38.143 I/XulMessageCenter( 2647): Auto cleanup finished
11-28 16:36:38.223 I/XulMessageCenter( 2647): Auto cleanup finished
11-28 16:36:38.302 I/Advanced( 3039): [QUEUE] share_queue_sendEx size:1 4097 785 0x8f027a48,postLoopId:0,dstid:1.
11-28 16:36:38.499 D/BackBootDealerNeimeng( 2401): standbyState:
11-28 16:36:38.499 E/NetUtils( 2029): Interface eth0 LinkUp!
11-28 16:36:38.503 I/Advanced( 3039): [QUEUE] share_queue_sendEx size:1 4097 786 0x8f027a48,postLoopId:0,dstid:1.
11-28 16:36:38.703 I/Advanced( 3039): [QUEUE] share_queue_sendEx size:1 4097 787 0x8f027a48,postLoopId:0,dstid:1.
11-28 16:36:38.755 I/AdvancedPorting-PORT_MODULE_NET( 3039): network_task while... 
11-28 16:36:38.755 I/AdvancedPorting-PORT_MODULE_NET( 3039): 0 interface name: lo
11-28 16:36:38.755 I/AdvancedPorting-PORT_MODULE_NET( 3039): 1 interface name: eth0
11-28 16:36:38.755 I/AdvancedPorting-PORT_MODULE_NET( 3039): 2 interface name: wlan0
11-28 16:36:38.755 I/AdvancedPorting-PORT_MODULE_NET( 3039): First interface name: lo
11-28 16:36:38.755 I/AdvancedPorting-PORT_MODULE_NET( 3039): network_task while...  net_i:1
11-28 16:36:38.756 I/AdvancedPorting-PORT_MODULE_NET( 3039): network_task while---name_interface[0]=lo
11-28 16:36:38.756 I/AdvancedPorting-PORT_MODULE_NET( 3039): network_task while---name_interface[1]=eth0
11-28 16:36:38.756 I/AdvancedPorting-PORT_MODULE_NET( 3039): network_task while---interface_name=eth0
11-28 16:36:38.756 I/AdvancedPorting-PORT_MODULE_NET( 3039): network_get_netlink_status(in)--if_name=eth0
11-28 16:36:38.756 I/AdvancedPorting-PORT_MODULE_NET( 3039): net.network.isconnected = no
11-28 16:36:38.756 I/AdvancedPorting-PORT_MODULE_NET( 3039): eth0 --network_get_netlink_status return retval=1
11-28 16:36:38.756 I/AdvancedPorting-PORT_MODULE_NET( 3039): stat = 1 last_status = 1
11-28 16:36:39.000 D/BackBootDealerNeimeng( 2401): standbyState:
11-28 16:36:39.001 E/NetUtils( 2029): Interface eth0 LinkUp!
11-28 16:36:39.113 I/Advanced( 3039): [QUEUE] share_queue_sendEx size:1 4097 789 0x8f027a48,postLoopId:0,dstid:1.
11-28 16:36:39.313 I/Advanced( 3039): [QUEUE] share_queue_sendEx size:1 4097 790 0x8f027a48,postLoopId:0,dstid:1.
11-28 16:36:39.502 D/BackBootDealerNeimeng( 2401): standbyState:
11-28 16:36:39.502 E/NetUtils( 2029): Interface eth0 LinkUp!
11-28 16:36:39.514 I/Advanced( 3039): [QUEUE] share_queue_sendEx size:1 4097 791 0x8f027a48,postLoopId:0,dstid:1.
11-28 16:36:39.714 I/Advanced( 3039): [QUEUE] share_queue_sendEx size:1 4097 792 0x8f027a48,postLoopId:0,dstid:1.
11-28 16:36:39.756 I/AdvancedPorting-PORT_MODULE_NET( 3039): network_task while... 
11-28 16:36:39.756 I/AdvancedPorting-PORT_MODULE_NET( 3039): 0 interface name: lo
11-28 16:36:39.756 I/AdvancedPorting-PORT_MODULE_NET( 3039): 1 interface name: eth0
11-28 16:36:39.756 I/AdvancedPorting-PORT_MODULE_NET( 3039): 2 interface name: wlan0
11-28 16:36:39.756 I/AdvancedPorting-PORT_MODULE_NET( 3039): First interface name: lo
11-28 16:36:39.756 I/AdvancedPorting-PORT_MODULE_NET( 3039): network_task while...  net_i:1
11-28 16:36:39.756 I/AdvancedPorting-PORT_MODULE_NET( 3039): network_task while---name_interface[0]=lo
11-28 16:36:39.756 I/AdvancedPorting-PORT_MODULE_NET( 3039): network_task while---name_interface[1]=eth0
11-28 16:36:39.756 I/AdvancedPorting-PORT_MODULE_NET( 3039): network_task while---interface_name=eth0
11-28 16:36:39.756 I/AdvancedPorting-PORT_MODULE_NET( 3039): network_get_netlink_status(in)--if_name=eth0
11-28 16:36:39.756 I/AdvancedPorting-PORT_MODULE_NET( 3039): net.network.isconnected = no
11-28 16:36:39.756 I/AdvancedPorting-PORT_MODULE_NET( 3039): eth0 --network_get_netlink_status return retval=1
11-28 16:36:39.756 I/AdvancedPorting-PORT_MODULE_NET( 3039): stat = 1 last_status = 1
11-28 16:36:40.003 D/BackBootDealerNeimeng( 2401): standbyState:
11-28 16:36:40.003 E/NetUtils( 2029): Interface eth0 LinkUp!
11-28 16:36:40.124 I/Advanced( 3039): [QUEUE] share_queue_sendEx size:1 4097 794 0x8f027a48,postLoopId:0,dstid:1.
11-28 16:36:40.324 I/Advanced( 3039): [QUEUE] share_queue_sendEx size:1 4097 795 0x8f027a48,postLoopId:0,dstid:1.
11-28 16:36:40.504 D/BackBootDealerNeimeng( 2401): standbyState:
11-28 16:36:40.505 E/NetUtils( 2029): Interface eth0 LinkUp!
11-28 16:36:40.525 I/Advanced( 3039): [QUEUE] share_queue_sendEx size:1 4097 796 0x8f027a48,postLoopId:0,dstid:1.
11-28 16:36:40.725 I/Advanced( 3039): [QUEUE] share_queue_sendEx size:1 4097 797 0x8f027a48,postLoopId:0,dstid:1.
11-28 16:36:40.736 V/SUMA    ( 1581): >> [CA]rocme_porting_ca_get_service_entitles_suma: DVTCASTB_GetServiceEntitles tvs_id = 400 entitle_count = 15  
11-28 16:36:40.736 V/SUMA    ( 1581): >> [CA]rocme_porting_ca_get_service_entitles_suma: testcatime end time = 205011  
11-28 16:36:40.736 V/SUMA    ( 2401): [cas-c][CA_Manager_GetServiceEntitleInfo 1145]leave !!!
11-28 16:36:40.736 D/CAManagerNative( 2401): the serviceEntitleInfo the name is 93
11-28 16:36:40.737 D/CAManagerNative( 2401): the serviceEntitleInfo the name is 600
11-28 16:36:40.737 D/CAManagerNative( 2401): the serviceEntitleInfo the name is 200
11-28 16:36:40.737 D/CAManagerNative( 2401): the serviceEntitleInfo the name is 200
11-28 16:36:40.737 D/CAManagerNative( 2401): the serviceEntitleInfo the name is 202
11-28 16:36:40.738 D/CAManagerNative( 2401): the serviceEntitleInfo the name is 301
11-28 16:36:40.738 D/CAManagerNative( 2401): the serviceEntitleInfo the name is 115
11-28 16:36:40.738 D/CAManagerNative( 2401): the serviceEntitleInfo the name is 86
11-28 16:36:40.738 D/CAManagerNative( 2401): the serviceEntitleInfo the name is 83
11-28 16:36:40.739 D/CAManagerNative( 2401): the serviceEntitleInfo the name is 82
11-28 16:36:40.739 D/CAManagerNative( 2401): the serviceEntitleInfo the name is 81
11-28 16:36:40.739 D/CAManagerNative( 2401): the serviceEntitleInfo the name is 80
11-28 16:36:40.739 D/CAManagerNative( 2401): the serviceEntitleInfo the name is 200
11-28 16:36:40.740 D/CAManagerNative( 2401): the serviceEntitleInfo the name is 202
11-28 16:36:40.740 D/CAManagerNative( 2401): the serviceEntitleInfo the name is 200
11-28 16:36:40.740 D/CAManagerNative( 2401): get the serivce entitlement is finish
11-28 16:36:40.743 D/AppRuleBaseDealer( 2401): isAuthoValid valid info:[CAAuthorizationInfo@8be92898]programID[600]programName[600]coderFlag[false]
11-28 16:36:40.756 I/AdvancedPorting-PORT_MODULE_NET( 3039): network_task while... 
11-28 16:36:40.756 I/AdvancedPorting-PORT_MODULE_NET( 3039): 0 interface name: lo
11-28 16:36:40.757 I/AdvancedPorting-PORT_MODULE_NET( 3039): 1 interface name: eth0
11-28 16:36:40.757 I/AdvancedPorting-PORT_MODULE_NET( 3039): 2 interface name: wlan0
11-28 16:36:40.757 I/AdvancedPorting-PORT_MODULE_NET( 3039): First interface name: lo
11-28 16:36:40.757 I/AdvancedPorting-PORT_MODULE_NET( 3039): network_task while...  net_i:1
11-28 16:36:40.757 I/AdvancedPorting-PORT_MODULE_NET( 3039): network_task while---name_interface[0]=lo
11-28 16:36:40.757 I/AdvancedPorting-PORT_MODULE_NET( 3039): network_task while---name_interface[1]=eth0
11-28 16:36:40.757 I/AdvancedPorting-PORT_MODULE_NET( 3039): network_task while---interface_name=eth0
11-28 16:36:40.757 I/AdvancedPorting-PORT_MODULE_NET( 3039): network_get_netlink_status(in)--if_name=eth0
11-28 16:36:40.757 I/AdvancedPorting-PORT_MODULE_NET( 3039): net.network.isconnected = no
11-28 16:36:40.757 I/AdvancedPorting-PORT_MODULE_NET( 3039): eth0 --network_get_netlink_status return retval=1
11-28 16:36:40.757 I/AdvancedPorting-PORT_MODULE_NET( 3039): stat = 1 last_status = 1
11-28 16:36:40.823 E/LoadHttpHandler( 2511): [TN_ThreadUtil-0]doNormal illegal url=http://tvos-launcher.96066.com:8082/LancherWeb/getLauncherUpdatePackage?areaCode=&serialNumber=15510217220000014&standardVersion=1.0&mac=&hardVersion=04.01.01.02&launcherVersion=0&locationCode=7000&cardOutID=8150010316662691&softVersion=03.16.00.03&type=1&model=8,exceptionName=java.net.SocketTimeoutException
11-28 16:36:40.824 E/ConfigUpdateNeimengOttAdmin( 2511): [TN_ThreadUtil-0]checkConfig down failed
11-28 16:36:40.832 I/SystemTimeManager( 2647): doSynchronizedTime reset synProtection=0
11-28 16:36:40.845 I/Api     ( 2647): srcApiName:N2_A_3, 转换后的url=
11-28 16:36:40.845 I/Api     ( 2647): /SyncTime?OutputType=json&Mac=A8-F4-70-1C-47-8D&MacId=A8-F4-70-1C-47-8D&Version=5.5.118.200.2.DBEI.0.0_Release&UserId=mgtvmacA8F4701C478D&UserAgent=nn_player%2Fstd%2F1.0.0&_support=10000000
11-28 16:36:40.846 I/SCHttpApiEngine( 2647): runTask taskId:4, Name:N2_A_3,forceUpdate:false , url:/SyncTime?OutputType=json&Mac=A8-F4-70-1C-47-8D&MacId=A8-F4-70-1C-47-8D&Version=5.5.118.200.2.DBEI.0.0_Release&UserId=mgtvmacA8F4701C478D&UserAgent=nn_player%2Fstd%2F1.0.0&_support=10000000
11-28 16:36:40.846 I/SCHttpApiEngine( 2647): runTask engine cache not use taskId:4 taskName:N2_A_3 CacheLife:0s
11-28 16:36:40.847 I/Starcor ( 2647): Req url    (N2_A_3):/SyncTime?OutputType=json&Mac=A8-F4-70-1C-47-8D&MacId=A8-F4-70-1C-47-8D&Version=5.5.118.200.2.DBEI.0.0_Release&UserId=mgtvmacA8F4701C478D&UserAgent=nn_player%2Fstd%2F1.0.0&_support=10000000
11-28 16:36:40.848 I/Starcor ( 2647): httpDns url(N2_A_3):/SyncTime?OutputType=json&Mac=A8-F4-70-1C-47-8D&MacId=A8-F4-70-1C-47-8D&Version=5.5.118.200.2.DBEI.0.0_Release&UserId=mgtvmacA8F4701C478D&UserAgent=nn_player%2Fstd%2F1.0.0&_support=10000000
11-28 16:36:40.848 W/System.err( 2647): java.net.MalformedURLException: Protocol not found: /SyncTime?OutputType=json&Mac=A8-F4-70-1C-47-8D&MacId=A8-F4-70-1C-47-8D&Version=5.5.118.200.2.DBEI.0.0_Release&UserId=mgtvmacA8F4701C478D&UserAgent=nn_player%2Fstd%2F1.0.0&_support=10000000
11-28 16:36:40.848 W/System.err( 2647): 	at java.net.URL.<init>(URL.java:176)
11-28 16:36:40.848 W/System.err( 2647): 	at java.net.URL.<init>(URL.java:125)
11-28 16:36:40.848 W/System.err( 2647): 	at com.starcor.core.utils.HttpUtil.tryGetIp(HttpUtil.java:79)
11-28 16:36:40.848 W/System.err( 2647): 	at com.starcor.httpapi.core.SCHttpTools.doRequest(SCHttpTools.java:124)
11-28 16:36:40.848 W/System.err( 2647): 	at com.starcor.httpapi.core.SCHttpApiEngine$ApiRunnable.runTask(SCHttpApiEngine.java:507)
11-28 16:36:40.848 W/System.err( 2647): 	at com.starcor.httpapi.core.SCHttpApiEngine$ApiRunnable.run(SCHttpApiEngine.java:442)
11-28 16:36:40.848 W/System.err( 2647): 	at java.lang.Thread.run(Thread.java:818)
11-28 16:36:40.851 W/System.err( 2647): java.lang.IllegalStateException: Target host must not be null, or set in parameters. scheme=null, host=null, path=/SyncTime
11-28 16:36:40.851 W/System.err( 2647): 	at org.apache.http.impl.client.DefaultRequestDirector.determineRoute(DefaultRequestDirector.java:596)
11-28 16:36:40.851 W/System.err( 2647): 	at org.apache.http.impl.client.DefaultRequestDirector.execute(DefaultRequestDirector.java:298)
11-28 16:36:40.851 W/System.err( 2647): 	at org.apache.http.impl.client.AbstractHttpClient.execute(AbstractHttpClient.java:560)
11-28 16:36:40.852 W/System.err( 2647): 	at org.apache.http.impl.client.AbstractHttpClient.execute(AbstractHttpClient.java:492)
11-28 16:36:40.852 W/System.err( 2647): 	at org.apache.http.impl.client.AbstractHttpClient.execute(AbstractHttpClient.java:470)
11-28 16:36:40.852 W/System.err( 2647): 	at com.starcor.httpapi.core.SCHttpTools.doRequest(SCHttpTools.java:197)
11-28 16:36:40.852 W/System.err( 2647): 	at com.starcor.httpapi.core.SCHttpApiEngine$ApiRunnable.runTask(SCHttpApiEngine.java:507)
11-28 16:36:40.852 W/System.err( 2647): 	at com.starcor.httpapi.core.SCHttpApiEngine$ApiRunnable.run(SCHttpApiEngine.java:442)
11-28 16:36:40.852 W/System.err( 2647): 	at java.lang.Thread.run(Thread.java:818)
11-28 16:36:40.855 I/Starcor ( 2647): Req url    (N2_A_3):/SyncTime?OutputType=json&Mac=A8-F4-70-1C-47-8D&MacId=A8-F4-70-1C-47-8D&Version=5.5.118.200.2.DBEI.0.0_Release&UserId=mgtvmacA8F4701C478D&UserAgent=nn_player%2Fstd%2F1.0.0&_support=10000000
11-28 16:36:40.855 I/Starcor ( 2647): httpDns url(N2_A_3):/SyncTime?OutputType=json&Mac=A8-F4-70-1C-47-8D&MacId=A8-F4-70-1C-47-8D&Version=5.5.118.200.2.DBEI.0.0_Release&UserId=mgtvmacA8F4701C478D&UserAgent=nn_player%2Fstd%2F1.0.0&_support=10000000
11-28 16:36:40.855 W/System.err( 2647): java.net.MalformedURLException: Protocol not found: /SyncTime?OutputType=json&Mac=A8-F4-70-1C-47-8D&MacId=A8-F4-70-1C-47-8D&Version=5.5.118.200.2.DBEI.0.0_Release&UserId=mgtvmacA8F4701C478D&UserAgent=nn_player%2Fstd%2F1.0.0&_support=10000000
11-28 16:36:40.855 W/System.err( 2647): 	at java.net.URL.<init>(URL.java:176)
11-28 16:36:40.855 W/System.err( 2647): 	at java.net.URL.<init>(URL.java:125)
11-28 16:36:40.855 W/System.err( 2647): 	at com.starcor.core.utils.HttpUtil.tryGetIp(HttpUtil.java:79)
11-28 16:36:40.855 W/System.err( 2647): 	at com.starcor.httpapi.core.SCHttpTools.doRequest(SCHttpTools.java:124)
11-28 16:36:40.855 W/System.err( 2647): 	at com.starcor.httpapi.core.SCHttpApiEngine$ApiRunnable.runTask(SCHttpApiEngine.java:507)
11-28 16:36:40.856 W/System.err( 2647): 	at com.starcor.httpapi.core.SCHttpApiEngine$ApiRunnable.run(SCHttpApiEngine.java:442)
11-28 16:36:40.856 W/System.err( 2647): 	at java.lang.Thread.run(Thread.java:818)
11-28 16:36:40.859 W/System.err( 2647): java.lang.IllegalStateException: Target host must not be null, or set in parameters. scheme=null, host=null, path=/SyncTime
11-28 16:36:40.859 W/System.err( 2647): 	at org.apache.http.impl.client.DefaultRequestDirector.determineRoute(DefaultRequestDirector.java:596)
11-28 16:36:40.859 W/System.err( 2647): 	at org.apache.http.impl.client.DefaultRequestDirector.execute(DefaultRequestDirector.java:298)
11-28 16:36:40.859 W/System.err( 2647): 	at org.apache.http.impl.client.AbstractHttpClient.execute(AbstractHttpClient.java:560)
11-28 16:36:40.860 W/System.err( 2647): 	at org.apache.http.impl.client.AbstractHttpClient.execute(AbstractHttpClient.java:492)
11-28 16:36:40.860 W/System.err( 2647): 	at org.apache.http.impl.client.AbstractHttpClient.execute(AbstractHttpClient.java:470)
11-28 16:36:40.860 W/System.err( 2647): 	at com.starcor.httpapi.core.SCHttpTools.doRequest(SCHttpTools.java:197)
11-28 16:36:40.860 W/System.err( 2647): 	at com.starcor.httpapi.core.SCHttpApiEngine$ApiRunnable.runTask(SCHttpApiEngine.java:507)
11-28 16:36:40.860 W/System.err( 2647): 	at com.starcor.httpapi.core.SCHttpApiEngine$ApiRunnable.run(SCHttpApiEngine.java:442)
11-28 16:36:40.860 W/System.err( 2647): 	at java.lang.Thread.run(Thread.java:818)
11-28 16:36:40.866 I/Starcor ( 2647): Req url    (N2_A_3):/SyncTime?OutputType=json&Mac=A8-F4-70-1C-47-8D&MacId=A8-F4-70-1C-47-8D&Version=5.5.118.200.2.DBEI.0.0_Release&UserId=mgtvmacA8F4701C478D&UserAgent=nn_player%2Fstd%2F1.0.0&_support=10000000
11-28 16:36:40.866 I/Starcor ( 2647): httpDns url(N2_A_3):/SyncTime?OutputType=json&Mac=A8-F4-70-1C-47-8D&MacId=A8-F4-70-1C-47-8D&Version=5.5.118.200.2.DBEI.0.0_Release&UserId=mgtvmacA8F4701C478D&UserAgent=nn_player%2Fstd%2F1.0.0&_support=10000000
11-28 16:36:40.866 W/System.err( 2647): java.net.MalformedURLException: Protocol not found: /SyncTime?OutputType=json&Mac=A8-F4-70-1C-47-8D&MacId=A8-F4-70-1C-47-8D&Version=5.5.118.200.2.DBEI.0.0_Release&UserId=mgtvmacA8F4701C478D&UserAgent=nn_player%2Fstd%2F1.0.0&_support=10000000
11-28 16:36:40.867 W/System.err( 2647): 	at java.net.URL.<init>(URL.java:176)
11-28 16:36:40.867 W/System.err( 2647): 	at java.net.URL.<init>(URL.java:125)
11-28 16:36:40.867 W/System.err( 2647): 	at com.starcor.core.utils.HttpUtil.tryGetIp(HttpUtil.java:79)
11-28 16:36:40.867 W/System.err( 2647): 	at com.starcor.httpapi.core.SCHttpTools.doRequest(SCHttpTools.java:124)
11-28 16:36:40.867 W/System.err( 2647): 	at com.starcor.httpapi.core.SCHttpApiEngine$ApiRunnable.runTask(SCHttpApiEngine.java:507)
11-28 16:36:40.867 W/System.err( 2647): 	at com.starcor.httpapi.core.SCHttpApiEngine$ApiRunnable.run(SCHttpApiEngine.java:442)
11-28 16:36:40.867 W/System.err( 2647): 	at java.lang.Thread.run(Thread.java:818)
11-28 16:36:40.870 W/System.err( 2647): java.lang.IllegalStateException: Target host must not be null, or set in parameters. scheme=null, host=null, path=/SyncTime
11-28 16:36:40.870 W/System.err( 2647): 	at org.apache.http.impl.client.DefaultRequestDirector.determineRoute(DefaultRequestDirector.java:596)
11-28 16:36:40.870 W/System.err( 2647): 	at org.apache.http.impl.client.DefaultRequestDirector.execute(DefaultRequestDirector.java:298)
11-28 16:36:40.870 W/System.err( 2647): 	at org.apache.http.impl.client.AbstractHttpClient.execute(AbstractHttpClient.java:560)
11-28 16:36:40.870 W/System.err( 2647): 	at org.apache.http.impl.client.AbstractHttpClient.execute(AbstractHttpClient.java:492)
11-28 16:36:40.870 W/System.err( 2647): 	at org.apache.http.impl.client.AbstractHttpClient.execute(AbstractHttpClient.java:470)
11-28 16:36:40.870 W/System.err( 2647): 	at com.starcor.httpapi.core.SCHttpTools.doRequest(SCHttpTools.java:197)
11-28 16:36:40.871 W/System.err( 2647): 	at com.starcor.httpapi.core.SCHttpApiEngine$ApiRunnable.runTask(SCHttpApiEngine.java:507)
11-28 16:36:40.871 W/System.err( 2647): 	at com.starcor.httpapi.core.SCHttpApiEngine$ApiRunnable.run(SCHttpApiEngine.java:442)
11-28 16:36:40.871 W/System.err( 2647): 	at java.lang.Thread.run(Thread.java:818)
11-28 16:36:40.872 I/Starcor ( 2647): Req url    (N2_A_3):/SyncTime?OutputType=json&Mac=A8-F4-70-1C-47-8D&MacId=A8-F4-70-1C-47-8D&Version=5.5.118.200.2.DBEI.0.0_Release&UserId=mgtvmacA8F4701C478D&UserAgent=nn_player%2Fstd%2F1.0.0&_support=10000000
11-28 16:36:40.873 I/Starcor ( 2647): httpDns url(N2_A_3):/SyncTime?OutputType=json&Mac=A8-F4-70-1C-47-8D&MacId=A8-F4-70-1C-47-8D&Version=5.5.118.200.2.DBEI.0.0_Release&UserId=mgtvmacA8F4701C478D&UserAgent=nn_player%2Fstd%2F1.0.0&_support=10000000
11-28 16:36:40.873 W/System.err( 2647): java.net.MalformedURLException: Protocol not found: /SyncTime?OutputType=json&Mac=A8-F4-70-1C-47-8D&MacId=A8-F4-70-1C-47-8D&Version=5.5.118.200.2.DBEI.0.0_Release&UserId=mgtvmacA8F4701C478D&UserAgent=nn_player%2Fstd%2F1.0.0&_support=10000000
11-28 16:36:40.873 W/System.err( 2647): 	at java.net.URL.<init>(URL.java:176)
11-28 16:36:40.873 W/System.err( 2647): 	at java.net.URL.<init>(URL.java:125)
11-28 16:36:40.873 W/System.err( 2647): 	at com.starcor.core.utils.HttpUtil.tryGetIp(HttpUtil.java:79)
11-28 16:36:40.873 W/System.err( 2647): 	at com.starcor.httpapi.core.SCHttpTools.doRequest(SCHttpTools.java:124)
11-28 16:36:40.873 W/System.err( 2647): 	at com.starcor.httpapi.core.SCHttpApiEngine$ApiRunnable.runTask(SCHttpApiEngine.java:507)
11-28 16:36:40.873 W/System.err( 2647): 	at com.starcor.httpapi.core.SCHttpApiEngine$ApiRunnable.run(SCHttpApiEngine.java:442)
11-28 16:36:40.874 W/System.err( 2647): 	at java.lang.Thread.run(Thread.java:818)
11-28 16:36:40.876 W/System.err( 2647): java.lang.IllegalStateException: Target host must not be null, or set in parameters. scheme=null, host=null, path=/SyncTime
11-28 16:36:40.877 W/System.err( 2647): 	at org.apache.http.impl.client.DefaultRequestDirector.determineRoute(DefaultRequestDirector.java:596)
11-28 16:36:40.877 W/System.err( 2647): 	at org.apache.http.impl.client.DefaultRequestDirector.execute(DefaultRequestDirector.java:298)
11-28 16:36:40.877 W/System.err( 2647): 	at org.apache.http.impl.client.AbstractHttpClient.execute(AbstractHttpClient.java:560)
11-28 16:36:40.877 W/System.err( 2647): 	at org.apache.http.impl.client.AbstractHttpClient.execute(AbstractHttpClient.java:492)
11-28 16:36:40.877 W/System.err( 2647): 	at org.apache.http.impl.client.AbstractHttpClient.execute(AbstractHttpClient.java:470)
11-28 16:36:40.881 W/System.err( 2647): 	at com.starcor.httpapi.core.SCHttpTools.doRequest(SCHttpTools.java:197)
11-28 16:36:40.881 W/System.err( 2647): 	at com.starcor.httpapi.core.SCHttpApiEngine$ApiRunnable.runTask(SCHttpApiEngine.java:507)
11-28 16:36:40.881 W/System.err( 2647): 	at com.starcor.httpapi.core.SCHttpApiEngine$ApiRunnable.run(SCHttpApiEngine.java:442)
11-28 16:36:40.881 W/System.err( 2647): 	at java.lang.Thread.run(Thread.java:818)
11-28 16:36:40.893 I/Api     ( 2647): srcApiName:N2_A_3, 转换后的url=
11-28 16:36:40.893 I/Api     ( 2647): /SyncTime?OutputType=json&Mac=A8-F4-70-1C-47-8D&MacId=A8-F4-70-1C-47-8D&Version=5.5.118.200.2.DBEI.0.0_Release&UserId=mgtvmacA8F4701C478D&UserAgent=nn_player%2Fstd%2F1.0.0&_support=10000000
11-28 16:36:40.893 I/SCHttpApiEngine( 2647): runTask complete taskId:4, taskName:N2_A_3, CacheLife:0s, coast time:54ms
11-28 16:36:40.894 W/SystemTimeManager( 2647): Time synchronization fails,reslut code:0
11-28 16:36:40.894 I/SystemTimeManager( 2647): handleMessage reset synProtection=0
11-28 16:36:41.005 D/BackBootDealerNeimeng( 2401): standbyState:
11-28 16:36:41.006 E/NetUtils( 2029): Interface eth0 LinkUp!
11-28 16:36:41.135 I/Advanced( 3039): [QUEUE] share_queue_sendEx size:1 4097 799 0x8f027a48,postLoopId:0,dstid:1.
11-28 16:36:41.335 I/Advanced( 3039): [QUEUE] share_queue_sendEx size:1 4097 800 0x8f027a48,postLoopId:0,dstid:1.
11-28 16:36:41.506 D/BackBootDealerNeimeng( 2401): standbyState:
11-28 16:36:41.507 E/NetUtils( 2029): Interface eth0 LinkUp!
11-28 16:36:41.535 I/Advanced( 3039): [QUEUE] share_queue_sendEx size:1 4097 801 0x8f027a48,postLoopId:0,dstid:1.
11-28 16:36:41.736 I/Advanced( 3039): [QUEUE] share_queue_sendEx size:1 4097 802 0x8f027a48,postLoopId:0,dstid:1.
11-28 16:36:41.757 I/AdvancedPorting-PORT_MODULE_NET( 3039): network_task while... 
11-28 16:36:41.757 I/AdvancedPorting-PORT_MODULE_NET( 3039): 0 interface name: lo
11-28 16:36:41.757 I/AdvancedPorting-PORT_MODULE_NET( 3039): 1 interface name: eth0
11-28 16:36:41.757 I/AdvancedPorting-PORT_MODULE_NET( 3039): 2 interface name: wlan0
11-28 16:36:41.757 I/AdvancedPorting-PORT_MODULE_NET( 3039): First interface name: lo
11-28 16:36:41.757 I/AdvancedPorting-PORT_MODULE_NET( 3039): network_task while...  net_i:1
11-28 16:36:41.757 I/AdvancedPorting-PORT_MODULE_NET( 3039): network_task while---name_interface[0]=lo
11-28 16:36:41.757 I/AdvancedPorting-PORT_MODULE_NET( 3039): network_task while---name_interface[1]=eth0
11-28 16:36:41.757 I/AdvancedPorting-PORT_MODULE_NET( 3039): network_task while---interface_name=eth0
11-28 16:36:41.757 I/AdvancedPorting-PORT_MODULE_NET( 3039): network_get_netlink_status(in)--if_name=eth0
11-28 16:36:41.757 I/AdvancedPorting-PORT_MODULE_NET( 3039): net.network.isconnected = no
11-28 16:36:41.757 I/AdvancedPorting-PORT_MODULE_NET( 3039): eth0 --network_get_netlink_status return retval=1
11-28 16:36:41.757 I/AdvancedPorting-PORT_MODULE_NET( 3039): stat = 1 last_status = 1
11-28 16:36:41.831 D/IPLoaderNeimeng( 2401): after wait time16:36:41:monitorInterval:5000
11-28 16:36:41.832 D/IPLoaderNeimeng( 2401): before dealUpdateCheck time:16:36:41:isMsgBroadcast:false:monitorInterval:5000:processState:1
11-28 16:36:41.832 D/IPLoaderNeimeng( 2401): dealUpdateCheck isFirstSuccessUpdate:false:monitorInterval:5000
11-28 16:36:41.832 D/LoadHttpHandler( 2401): [TN_ThreadUtil-6]doNormal proxyConfig=null
11-28 16:36:41.881 D/LoadHttpHandler( 2401): [TN_ThreadUtil-6]doNormal responseCode=404
11-28 16:36:41.882 D/LoadHttpTask( 2401): dealUpdateCheck responseCode:404:data:null:downloadResult:false
11-28 16:36:41.882 D/IPLoaderNeimeng( 2401): after dealUpdateCheck time:16:36:41:isMsgBroadcast:false:monitorInterval:5000:processState:1
11-28 16:36:41.882 D/IPLoaderNeimeng( 2401): before wait time16:36:41:monitorInterval:5000
11-28 16:36:41.936 I/Advanced( 3039): [QUEUE] share_queue_sendEx size:1 4097 803 0x8f027a48,postLoopId:0,dstid:1.
11-28 16:36:42.007 D/BackBootDealerNeimeng( 2401): standbyState:
11-28 16:36:42.008 E/NetUtils( 2029): Interface eth0 LinkUp!
11-28 16:36:42.137 I/Advanced( 3039): [QUEUE] share_queue_sendEx size:1 4097 804 0x8f027a48,postLoopId:0,dstid:1.
11-28 16:36:42.337 I/Advanced( 3039): [QUEUE] share_queue_sendEx size:1 4097 805 0x8f027a48,postLoopId:0,dstid:1.
11-28 16:36:42.508 D/BackBootDealerNeimeng( 2401): standbyState:
11-28 16:36:42.509 E/NetUtils( 2029): Interface eth0 LinkUp!
11-28 16:36:42.747 I/Advanced( 3039): [QUEUE] share_queue_sendEx size:1 4097 807 0x8f027a48,postLoopId:0,dstid:1.
11-28 16:36:42.757 I/AdvancedPorting-PORT_MODULE_NET( 3039): network_task while... 
11-28 16:36:42.758 I/AdvancedPorting-PORT_MODULE_NET( 3039): 0 interface name: lo
11-28 16:36:42.758 I/AdvancedPorting-PORT_MODULE_NET( 3039): 1 interface name: eth0
11-28 16:36:42.758 I/AdvancedPorting-PORT_MODULE_NET( 3039): 2 interface name: wlan0
11-28 16:36:42.758 I/AdvancedPorting-PORT_MODULE_NET( 3039): First interface name: lo
11-28 16:36:42.758 I/AdvancedPorting-PORT_MODULE_NET( 3039): network_task while...  net_i:1
11-28 16:36:42.758 I/AdvancedPorting-PORT_MODULE_NET( 3039): network_task while---name_interface[0]=lo
11-28 16:36:42.758 I/AdvancedPorting-PORT_MODULE_NET( 3039): network_task while---name_interface[1]=eth0
11-28 16:36:42.758 I/AdvancedPorting-PORT_MODULE_NET( 3039): network_task while---interface_name=eth0
11-28 16:36:42.758 I/AdvancedPorting-PORT_MODULE_NET( 3039): network_get_netlink_status(in)--if_name=eth0
11-28 16:36:42.758 I/AdvancedPorting-PORT_MODULE_NET( 3039): net.network.isconnected = no
11-28 16:36:42.758 I/AdvancedPorting-PORT_MODULE_NET( 3039): eth0 --network_get_netlink_status return retval=1
11-28 16:36:42.758 I/AdvancedPorting-PORT_MODULE_NET( 3039): stat = 1 last_status = 1
11-28 16:36:42.947 I/Advanced( 3039): [QUEUE] share_queue_sendEx size:1 4097 808 0x8f027a48,postLoopId:0,dstid:1.
11-28 16:36:43.010 D/BackBootDealerNeimeng( 2401): standbyState:
11-28 16:36:43.011 E/NetUtils( 2029): Interface eth0 LinkUp!
11-28 16:36:43.019 D/TCPLog  ( 2750): SEND PING...
11-28 16:36:43.023 V/TCPLog  ( 2750): currentNetWorkType:8
11-28 16:36:43.023 E/libpack ( 2750): enter IMCoreApi_pack 600100
11-28 16:36:43.023 E/libpack ( 2750): find class
11-28 16:36:43.023 E/libpack ( 2750): find class
11-28 16:36:43.023 E/libpack ( 2750): size  16
11-28 16:36:43.023 D/TCPLog  ( 2750): PacketWriter sendPacket 线程 main 调用了object.notifyAll()
11-28 16:36:43.024 D/TCPLog  ( 2750): PacketWriter sendPacket 线程 main 释放了锁
11-28 16:36:43.024 D/TCPLog  ( 2750): 线程 writerThread 获取到了锁
11-28 16:36:43.024 D/TCPLog  ( 2750): 线程 writerThread wait ...
11-28 16:36:43.060 D/TCPLog  ( 2750): headerLength:16 bodyLength:0 commandCode:10600100 read length:16
11-28 16:36:43.060 D/TCPLog  ( 2750): commandCode = 10600100
11-28 16:36:43.060 E/TCPLog  ( 2750): 返回心跳成功
11-28 16:36:43.069 D/AppUtil ( 2401): [TN_ThreadUtil-3]getActivityPkg index=0,comp=ComponentInfo{com.ipanel.android_webview.shell/com.ipanel.webapp.BrowserActivity}
11-28 16:36:43.069 D/AppKiller( 2401): [TN_ThreadUtil-3]backKill curPkgName=com.ipanel.android_webview.shell
11-28 16:36:43.069 D/AppKiller( 2401): [TN_ThreadUtil-3]backKill processName=com.starcor.mango,processInfo=android.app.ActivityManager$RunningAppProcessInfo@6e196d7
11-28 16:36:43.069 D/AppNgbKiller( 2401): [TN_ThreadUtil-3]forceKillApp processInfoFlag=0,hasActivityFlag=4
11-28 16:36:43.069 D/AppKiller( 2401): [TN_ThreadUtil-3]backKill processName=com.yzx.im_demo,processInfo=android.app.ActivityManager$RunningAppProcessInfo@2b4cebc4
11-28 16:36:43.069 D/AppNgbKiller( 2401): [TN_ThreadUtil-3]forceKillApp processInfoFlag=0,hasActivityFlag=4
11-28 16:36:43.148 I/Advanced( 3039): [QUEUE] share_queue_sendEx size:1 4097 809 0x8f027a48,postLoopId:0,dstid:1.
11-28 16:36:43.348 I/Advanced( 3039): [QUEUE] share_queue_sendEx size:1 4097 810 0x8f027a48,postLoopId:0,dstid:1.
11-28 16:36:43.511 D/BackBootDealerNeimeng( 2401): standbyState:
11-28 16:36:43.512 E/NetUtils( 2029): Interface eth0 LinkUp!
11-28 16:36:43.549 I/Advanced( 3039): [QUEUE] share_queue_sendEx size:1 4097 811 0x8f027a48,postLoopId:0,dstid:1.
11-28 16:36:43.749 I/Advanced( 3039): [QUEUE] share_queue_sendEx size:1 4097 812 0x8f027a48,postLoopId:0,dstid:1.
11-28 16:36:43.758 I/AdvancedPorting-PORT_MODULE_NET( 3039): network_task while... 
11-28 16:36:43.758 I/AdvancedPorting-PORT_MODULE_NET( 3039): 0 interface name: lo
11-28 16:36:43.758 I/AdvancedPorting-PORT_MODULE_NET( 3039): 1 interface name: eth0
11-28 16:36:43.758 I/AdvancedPorting-PORT_MODULE_NET( 3039): 2 interface name: wlan0
11-28 16:36:43.758 I/AdvancedPorting-PORT_MODULE_NET( 3039): First interface name: lo
11-28 16:36:43.758 I/AdvancedPorting-PORT_MODULE_NET( 3039): network_task while...  net_i:1
11-28 16:36:43.758 I/AdvancedPorting-PORT_MODULE_NET( 3039): network_task while---name_interface[0]=lo
11-28 16:36:43.758 I/AdvancedPorting-PORT_MODULE_NET( 3039): network_task while---name_interface[1]=eth0
11-28 16:36:43.758 I/AdvancedPorting-PORT_MODULE_NET( 3039): network_task while---interface_name=eth0
11-28 16:36:43.758 I/AdvancedPorting-PORT_MODULE_NET( 3039): network_get_netlink_status(in)--if_name=eth0
11-28 16:36:43.758 I/AdvancedPorting-PORT_MODULE_NET( 3039): net.network.isconnected = no
11-28 16:36:43.758 I/AdvancedPorting-PORT_MODULE_NET( 3039): eth0 --network_get_netlink_status return retval=1
11-28 16:36:43.758 I/AdvancedPorting-PORT_MODULE_NET( 3039): stat = 1 last_status = 1
11-28 16:36:43.949 I/Advanced( 3039): [QUEUE] share_queue_sendEx size:1 4097 813 0x8f027a48,postLoopId:0,dstid:1.
11-28 16:36:43.981 E/NetUtils( 2029): Interface eth0 LinkUp!
11-28 16:36:44.012 D/BackBootDealerNeimeng( 2401): standbyState:
11-28 16:36:44.013 E/NetUtils( 2029): Interface eth0 LinkUp!
11-28 16:36:44.150 I/Advanced( 3039): [QUEUE] share_queue_sendEx size:1 4097 814 0x8f027a48,postLoopId:0,dstid:1.
11-28 16:36:44.350 I/Advanced( 3039): [QUEUE] share_queue_sendEx size:1 4097 815 0x8f027a48,postLoopId:0,dstid:1.
11-28 16:36:44.513 D/BackBootDealerNeimeng( 2401): standbyState:
11-28 16:36:44.514 E/NetUtils( 2029): Interface eth0 LinkUp!
11-28 16:36:44.550 I/Advanced( 3039): [QUEUE] share_queue_sendEx size:1 4097 816 0x8f027a48,postLoopId:0,dstid:1.
11-28 16:36:44.751 I/Advanced( 3039): [QUEUE] share_queue_sendEx size:1 4097 817 0x8f027a48,postLoopId:0,dstid:1.
11-28 16:36:44.759 I/AdvancedPorting-PORT_MODULE_NET( 3039): network_task while... 
11-28 16:36:44.759 I/AdvancedPorting-PORT_MODULE_NET( 3039): 0 interface name: lo
11-28 16:36:44.759 I/AdvancedPorting-PORT_MODULE_NET( 3039): 1 interface name: eth0
11-28 16:36:44.759 I/AdvancedPorting-PORT_MODULE_NET( 3039): 2 interface name: wlan0
11-28 16:36:44.759 I/AdvancedPorting-PORT_MODULE_NET( 3039): First interface name: lo
11-28 16:36:44.759 I/AdvancedPorting-PORT_MODULE_NET( 3039): network_task while...  net_i:1
11-28 16:36:44.759 I/AdvancedPorting-PORT_MODULE_NET( 3039): network_task while---name_interface[0]=lo
11-28 16:36:44.759 I/AdvancedPorting-PORT_MODULE_NET( 3039): network_task while---name_interface[1]=eth0
11-28 16:36:44.759 I/AdvancedPorting-PORT_MODULE_NET( 3039): network_task while---interface_name=eth0
11-28 16:36:44.759 I/AdvancedPorting-PORT_MODULE_NET( 3039): network_get_netlink_status(in)--if_name=eth0
11-28 16:36:44.759 I/AdvancedPorting-PORT_MODULE_NET( 3039): net.network.isconnected = no
11-28 16:36:44.759 I/AdvancedPorting-PORT_MODULE_NET( 3039): eth0 --network_get_netlink_status return retval=1
11-28 16:36:44.759 I/AdvancedPorting-PORT_MODULE_NET( 3039): stat = 1 last_status = 1
11-28 16:36:44.951 I/Advanced( 3039): [QUEUE] share_queue_sendEx size:1 4097 818 0x8f027a48,postLoopId:0,dstid:1.
11-28 16:36:45.015 D/BackBootDealerNeimeng( 2401): standbyState:
11-28 16:36:45.016 E/NetUtils( 2029): Interface eth0 LinkUp!
11-28 16:36:45.152 I/Advanced( 3039): [QUEUE] share_queue_sendEx size:1 4097 819 0x8f027a48,postLoopId:0,dstid:1.
11-28 16:36:45.352 I/Advanced( 3039): [QUEUE] share_queue_sendEx size:1 4097 820 0x8f027a48,postLoopId:0,dstid:1.
11-28 16:36:45.516 D/BackBootDealerNeimeng( 2401): standbyState:
11-28 16:36:45.517 E/NetUtils( 2029): Interface eth0 LinkUp!
11-28 16:36:45.759 I/AdvancedPorting-PORT_MODULE_NET( 3039): network_task while... 
11-28 16:36:45.759 I/AdvancedPorting-PORT_MODULE_NET( 3039): 0 interface name: lo
11-28 16:36:45.759 I/AdvancedPorting-PORT_MODULE_NET( 3039): 1 interface name: eth0
11-28 16:36:45.759 I/AdvancedPorting-PORT_MODULE_NET( 3039): 2 interface name: wlan0
11-28 16:36:45.759 I/AdvancedPorting-PORT_MODULE_NET( 3039): First interface name: lo
11-28 16:36:45.759 I/AdvancedPorting-PORT_MODULE_NET( 3039): network_task while...  net_i:1
11-28 16:36:45.759 I/AdvancedPorting-PORT_MODULE_NET( 3039): network_task while---name_interface[0]=lo
11-28 16:36:45.759 I/AdvancedPorting-PORT_MODULE_NET( 3039): network_task while---name_interface[1]=eth0
11-28 16:36:45.759 I/AdvancedPorting-PORT_MODULE_NET( 3039): network_task while---interface_name=eth0
11-28 16:36:45.760 I/AdvancedPorting-PORT_MODULE_NET( 3039): network_get_netlink_status(in)--if_name=eth0
11-28 16:36:45.760 I/AdvancedPorting-PORT_MODULE_NET( 3039): net.network.isconnected = no
11-28 16:36:45.760 I/AdvancedPorting-PORT_MODULE_NET( 3039): eth0 --network_get_netlink_status return retval=1
11-28 16:36:45.760 I/AdvancedPorting-PORT_MODULE_NET( 3039): stat = 1 last_status = 1
11-28 16:36:45.762 I/Advanced( 3039): [QUEUE] share_queue_sendEx size:1 4097 822 0x8f027a48,postLoopId:0,dstid:1.
11-28 16:36:45.962 I/Advanced( 3039): [QUEUE] share_queue_sendEx size:1 4097 823 0x8f027a48,postLoopId:0,dstid:1.
11-28 16:36:46.017 D/BackBootDealerNeimeng( 2401): standbyState:
11-28 16:36:46.018 E/NetUtils( 2029): Interface eth0 LinkUp!
11-28 16:36:46.162 I/Advanced( 3039): [QUEUE] share_queue_sendEx size:1 4097 824 0x8f027a48,postLoopId:0,dstid:1.
11-28 16:36:46.363 I/Advanced( 3039): [QUEUE] share_queue_sendEx size:1 4097 825 0x8f027a48,postLoopId:0,dstid:1.
11-28 16:36:46.518 D/BackBootDealerNeimeng( 2401): standbyState:
11-28 16:36:46.519 E/NetUtils( 2029): Interface eth0 LinkUp!
11-28 16:36:46.563 I/Advanced( 3039): [QUEUE] share_queue_sendEx size:1 4097 826 0x8f027a48,postLoopId:0,dstid:1.
11-28 16:36:46.760 I/AdvancedPorting-PORT_MODULE_NET( 3039): network_task while... 
11-28 16:36:46.760 I/AdvancedPorting-PORT_MODULE_NET( 3039): 0 interface name: lo
11-28 16:36:46.760 I/AdvancedPorting-PORT_MODULE_NET( 3039): 1 interface name: eth0
11-28 16:36:46.760 I/AdvancedPorting-PORT_MODULE_NET( 3039): 2 interface name: wlan0
11-28 16:36:46.760 I/AdvancedPorting-PORT_MODULE_NET( 3039): First interface name: lo
11-28 16:36:46.760 I/AdvancedPorting-PORT_MODULE_NET( 3039): network_task while...  net_i:1
11-28 16:36:46.760 I/AdvancedPorting-PORT_MODULE_NET( 3039): network_task while---name_interface[0]=lo
11-28 16:36:46.760 I/AdvancedPorting-PORT_MODULE_NET( 3039): network_task while---name_interface[1]=eth0
11-28 16:36:46.760 I/AdvancedPorting-PORT_MODULE_NET( 3039): network_task while---interface_name=eth0
11-28 16:36:46.760 I/AdvancedPorting-PORT_MODULE_NET( 3039): network_get_netlink_status(in)--if_name=eth0
11-28 16:36:46.760 I/AdvancedPorting-PORT_MODULE_NET( 3039): net.network.isconnected = no
11-28 16:36:46.760 I/AdvancedPorting-PORT_MODULE_NET( 3039): eth0 --network_get_netlink_status return retval=1
11-28 16:36:46.760 I/AdvancedPorting-PORT_MODULE_NET( 3039): stat = 1 last_status = 1
11-28 16:36:46.763 I/Advanced( 3039): [QUEUE] share_queue_sendEx size:1 4097 827 0x8f027a48,postLoopId:0,dstid:1.
11-28 16:36:46.964 I/Advanced( 3039): [QUEUE] share_queue_sendEx size:1 4097 828 0x8f027a48,postLoopId:0,dstid:1.
11-28 16:36:47.019 D/BackBootDealerNeimeng( 2401): standbyState:
11-28 16:36:47.020 E/NetUtils( 2029): Interface eth0 LinkUp!
11-28 16:36:47.374 I/Advanced( 3039): [QUEUE] share_queue_sendEx size:1 4097 830 0x8f027a48,postLoopId:0,dstid:1.
11-28 16:36:47.521 D/BackBootDealerNeimeng( 2401): standbyState:
11-28 16:36:47.522 E/NetUtils( 2029): Interface eth0 LinkUp!
11-28 16:36:47.574 I/Advanced( 3039): [QUEUE] share_queue_sendEx size:1 4097 831 0x8f027a48,postLoopId:0,dstid:1.
11-28 16:36:47.760 I/AdvancedPorting-PORT_MODULE_NET( 3039): network_task while... 
11-28 16:36:47.760 I/AdvancedPorting-PORT_MODULE_NET( 3039): 0 interface name: lo
11-28 16:36:47.760 I/AdvancedPorting-PORT_MODULE_NET( 3039): 1 interface name: eth0
11-28 16:36:47.761 I/AdvancedPorting-PORT_MODULE_NET( 3039): 2 interface name: wlan0
11-28 16:36:47.761 I/AdvancedPorting-PORT_MODULE_NET( 3039): First interface name: lo
11-28 16:36:47.761 I/AdvancedPorting-PORT_MODULE_NET( 3039): network_task while...  net_i:1
11-28 16:36:47.761 I/AdvancedPorting-PORT_MODULE_NET( 3039): network_task while---name_interface[0]=lo
11-28 16:36:47.761 I/AdvancedPorting-PORT_MODULE_NET( 3039): network_task while---name_interface[1]=eth0
11-28 16:36:47.761 I/AdvancedPorting-PORT_MODULE_NET( 3039): network_task while---interface_name=eth0
11-28 16:36:47.761 I/AdvancedPorting-PORT_MODULE_NET( 3039): network_get_netlink_status(in)--if_name=eth0
11-28 16:36:47.761 I/AdvancedPorting-PORT_MODULE_NET( 3039): net.network.isconnected = no
11-28 16:36:47.761 I/AdvancedPorting-PORT_MODULE_NET( 3039): eth0 --network_get_netlink_status return retval=1
11-28 16:36:47.761 I/AdvancedPorting-PORT_MODULE_NET( 3039): stat = 1 last_status = 1
11-28 16:36:47.984 I/Advanced( 3039): [QUEUE] share_queue_sendEx size:1 4097 833 0x8f027a48,postLoopId:0,dstid:1.
11-28 16:36:48.022 D/BackBootDealerNeimeng( 2401): standbyState:
11-28 16:36:48.023 E/NetUtils( 2029): Interface eth0 LinkUp!
11-28 16:36:48.394 I/Advanced( 3039): [QUEUE] share_queue_sendEx size:1 4097 835 0x8f027a48,postLoopId:0,dstid:1.
11-28 16:36:48.523 D/BackBootDealerNeimeng( 2401): standbyState:
11-28 16:36:48.524 E/NetUtils( 2029): Interface eth0 LinkUp!
11-28 16:36:48.761 I/AdvancedPorting-PORT_MODULE_NET( 3039): network_task while... 
11-28 16:36:48.761 I/AdvancedPorting-PORT_MODULE_NET( 3039): 0 interface name: lo
11-28 16:36:48.761 I/AdvancedPorting-PORT_MODULE_NET( 3039): 1 interface name: eth0
11-28 16:36:48.761 I/AdvancedPorting-PORT_MODULE_NET( 3039): 2 interface name: wlan0
11-28 16:36:48.761 I/AdvancedPorting-PORT_MODULE_NET( 3039): First interface name: lo
11-28 16:36:48.761 I/AdvancedPorting-PORT_MODULE_NET( 3039): network_task while...  net_i:1
11-28 16:36:48.761 I/AdvancedPorting-PORT_MODULE_NET( 3039): network_task while---name_interface[0]=lo
11-28 16:36:48.761 I/AdvancedPorting-PORT_MODULE_NET( 3039): network_task while---name_interface[1]=eth0
11-28 16:36:48.761 I/AdvancedPorting-PORT_MODULE_NET( 3039): network_task while---interface_name=eth0
11-28 16:36:48.761 I/AdvancedPorting-PORT_MODULE_NET( 3039): network_get_netlink_status(in)--if_name=eth0
11-28 16:36:48.761 I/AdvancedPorting-PORT_MODULE_NET( 3039): net.network.isconnected = no
11-28 16:36:48.761 I/AdvancedPorting-PORT_MODULE_NET( 3039): eth0 --network_get_netlink_status return retval=1
11-28 16:36:48.761 I/AdvancedPorting-PORT_MODULE_NET( 3039): stat = 1 last_status = 1
11-28 16:36:48.804 I/Advanced( 3039): [QUEUE] share_queue_sendEx size:1 4097 837 0x8f027a48,postLoopId:0,dstid:1.
11-28 16:36:49.004 I/Advanced( 3039): [QUEUE] share_queue_sendEx size:1 4097 838 0x8f027a48,postLoopId:0,dstid:1.
11-28 16:36:49.025 D/BackBootDealerNeimeng( 2401): standbyState:
11-28 16:36:49.026 E/NetUtils( 2029): Interface eth0 LinkUp!
11-28 16:36:49.205 I/Advanced( 3039): [QUEUE] share_queue_sendEx size:1 4097 839 0x8f027a48,postLoopId:0,dstid:1.
11-28 16:36:49.405 I/Advanced( 3039): [QUEUE] share_queue_sendEx size:1 4097 840 0x8f027a48,postLoopId:0,dstid:1.
11-28 16:36:49.526 D/BackBootDealerNeimeng( 2401): standbyState:
11-28 16:36:49.527 E/NetUtils( 2029): Interface eth0 LinkUp!
11-28 16:36:49.606 I/Advanced( 3039): [QUEUE] share_queue_sendEx size:1 4097 841 0x8f027a48,postLoopId:0,dstid:1.
11-28 16:36:49.762 I/AdvancedPorting-PORT_MODULE_NET( 3039): network_task while... 
11-28 16:36:49.762 I/AdvancedPorting-PORT_MODULE_NET( 3039): 0 interface name: lo
11-28 16:36:49.762 I/AdvancedPorting-PORT_MODULE_NET( 3039): 1 interface name: eth0
11-28 16:36:49.762 I/AdvancedPorting-PORT_MODULE_NET( 3039): 2 interface name: wlan0
11-28 16:36:49.762 I/AdvancedPorting-PORT_MODULE_NET( 3039): First interface name: lo
11-28 16:36:49.762 I/AdvancedPorting-PORT_MODULE_NET( 3039): network_task while...  net_i:1
11-28 16:36:49.762 I/AdvancedPorting-PORT_MODULE_NET( 3039): network_task while---name_interface[0]=lo
11-28 16:36:49.762 I/AdvancedPorting-PORT_MODULE_NET( 3039): network_task while---name_interface[1]=eth0
11-28 16:36:49.762 I/AdvancedPorting-PORT_MODULE_NET( 3039): network_task while---interface_name=eth0
11-28 16:36:49.762 I/AdvancedPorting-PORT_MODULE_NET( 3039): network_get_netlink_status(in)--if_name=eth0
11-28 16:36:49.762 I/AdvancedPorting-PORT_MODULE_NET( 3039): net.network.isconnected = no
11-28 16:36:49.762 I/AdvancedPorting-PORT_MODULE_NET( 3039): eth0 --network_get_netlink_status return retval=1
11-28 16:36:49.762 I/AdvancedPorting-PORT_MODULE_NET( 3039): stat = 1 last_status = 1
11-28 16:36:49.806 I/Advanced( 3039): [QUEUE] share_queue_sendEx size:1 4097 842 0x8f027a48,postLoopId:0,dstid:1.
11-28 16:36:50.007 I/Advanced( 3039): [QUEUE] share_queue_sendEx size:1 4097 843 0x8f027a48,postLoopId:0,dstid:1.
11-28 16:36:50.027 D/BackBootDealerNeimeng( 2401): standbyState:
11-28 16:36:50.028 E/NetUtils( 2029): Interface eth0 LinkUp!
11-28 16:36:50.207 I/Advanced( 3039): [QUEUE] share_queue_sendEx size:1 4097 844 0x8f027a48,postLoopId:0,dstid:1.
11-28 16:36:50.529 D/BackBootDealerNeimeng( 2401): standbyState:
11-28 16:36:50.529 E/NetUtils( 2029): Interface eth0 LinkUp!
11-28 16:36:50.617 I/Advanced( 3039): [QUEUE] share_queue_sendEx size:1 4097 846 0x8f027a48,postLoopId:0,dstid:1.
11-28 16:36:50.762 I/AdvancedPorting-PORT_MODULE_NET( 3039): network_task while... 
11-28 16:36:50.762 I/AdvancedPorting-PORT_MODULE_NET( 3039): 0 interface name: lo
11-28 16:36:50.762 I/AdvancedPorting-PORT_MODULE_NET( 3039): 1 interface name: eth0
11-28 16:36:50.762 I/AdvancedPorting-PORT_MODULE_NET( 3039): 2 interface name: wlan0
11-28 16:36:50.762 I/AdvancedPorting-PORT_MODULE_NET( 3039): First interface name: lo
11-28 16:36:50.762 I/AdvancedPorting-PORT_MODULE_NET( 3039): network_task while...  net_i:1
11-28 16:36:50.762 I/AdvancedPorting-PORT_MODULE_NET( 3039): network_task while---name_interface[0]=lo
11-28 16:36:50.762 I/AdvancedPorting-PORT_MODULE_NET( 3039): network_task while---name_interface[1]=eth0
11-28 16:36:50.763 I/AdvancedPorting-PORT_MODULE_NET( 3039): network_task while---interface_name=eth0
11-28 16:36:50.763 I/AdvancedPorting-PORT_MODULE_NET( 3039): network_get_netlink_status(in)--if_name=eth0
11-28 16:36:50.763 I/AdvancedPorting-PORT_MODULE_NET( 3039): net.network.isconnected = no
11-28 16:36:50.763 I/AdvancedPorting-PORT_MODULE_NET( 3039): eth0 --network_get_netlink_status return retval=1
11-28 16:36:50.763 I/AdvancedPorting-PORT_MODULE_NET( 3039): stat = 1 last_status = 1
11-28 16:36:50.817 I/Advanced( 3039): [QUEUE] share_queue_sendEx size:1 4097 847 0x8f027a48,postLoopId:0,dstid:1.
11-28 16:36:51.018 I/Advanced( 3039): [QUEUE] share_queue_sendEx size:1 4097 848 0x8f027a48,postLoopId:0,dstid:1.
11-28 16:36:51.030 D/BackBootDealerNeimeng( 2401): standbyState:
11-28 16:36:51.031 E/NetUtils( 2029): Interface eth0 LinkUp!
11-28 16:36:51.218 I/Advanced( 3039): [QUEUE] share_queue_sendEx size:1 4097 849 0x8f027a48,postLoopId:0,dstid:1.
11-28 16:36:51.531 D/BackBootDealerNeimeng( 2401): standbyState:
11-28 16:36:51.532 E/NetUtils( 2029): Interface eth0 LinkUp!
11-28 16:36:51.763 I/AdvancedPorting-PORT_MODULE_NET( 3039): network_task while... 
11-28 16:36:51.763 I/AdvancedPorting-PORT_MODULE_NET( 3039): 0 interface name: lo
11-28 16:36:51.763 I/AdvancedPorting-PORT_MODULE_NET( 3039): 1 interface name: eth0
11-28 16:36:51.763 I/AdvancedPorting-PORT_MODULE_NET( 3039): 2 interface name: wlan0
11-28 16:36:51.763 I/AdvancedPorting-PORT_MODULE_NET( 3039): First interface name: lo
11-28 16:36:51.763 I/AdvancedPorting-PORT_MODULE_NET( 3039): network_task while...  net_i:1
11-28 16:36:51.763 I/AdvancedPorting-PORT_MODULE_NET( 3039): network_task while---name_interface[0]=lo
11-28 16:36:51.763 I/AdvancedPorting-PORT_MODULE_NET( 3039): network_task while---name_interface[1]=eth0
