11-28 17:13:32.216 D/cr_AwTestContainerView( 4548): [AwTestContainerView.java:63] [mainFrame]: [2017-11-21 17:52:03] dispatchKeyEvent keyCode = 20 event = KeyEvent { action=ACTION_UP, keyCode=KEYCODE_DPAD_DOWN, scanCode=108, metaState=0, flags=0x8, repeatCount=0, eventTime=2416490, downTime=2416281, deviceId=4, source=0x701 }
11-28 17:13:32.216 D/ImeAdapterAndroid( 4548): [SendKeyEvent] [BUILD TIME: ] dispatchKeyEvent key_code=20 modifiers=0 unicode_char=0 scan_code=108 is_system=0 tm=2416490
11-28 17:13:32.216 D/RenderWidgetInputHandler( 4548): [HandleInputEvent] input_event type=9 name=KeyUp
11-28 17:13:32.216 D/RenderWidgetInputHandler( 4548): [HandleInputEvent] key_event.nativeKeyCode:20,widget_->GetTextInputType():0
11-28 17:13:32.217 D/RenderWidgetInputHandler( 4548): [HandleInputEvent] input_event type=9 prevent_default:0
11-28 17:13:32.217 D/WebViewImpl( 4548): [handleKeyEvent] keycode:40, eventType:9 native keycode:20 frame=0x25e6bdb8. url='http://10.14.41.246/application/bxfc/sec/index.htm'.
11-28 17:13:32.217 D/[blink]KeyboardEventManager( 4548): [keyEvent] initialKeyEvent KeyUp nativeKeyCode=20 windowsKeyCode=40 text[0]=0
11-28 17:13:32.217 D/[blink]KeyboardEventManager( 4548): [keyEvent] initialKeyEvent focusedNode=0x0
11-28 17:13:32.250 I/Advanced( 4548): [QUEUE] share_queue_sendEx size:1 4097 3598 0x8ec69fd0,postLoopId:0,dstid:1.
11-28 17:13:32.307 D/ir_user ( 1585): PlayerTimeLineTrace:linux_keycode:0x6c(DOWN),	protocol: .
11-28 17:13:32.307 V/PT      ( 1581): >>INFO:irkey_task:[    2416.582597] /dev/input/event0: type=0001 code=006c val=00000001
11-28 17:13:32.307 V/PT      ( 1581): >>INFO:irkey_send:0x3001 0x0028 down
11-28 17:13:32.307 V/SUMA    ( 1581): ++++++++++++++  _roc_evtmgr_key_cbk 517:input = 12289, event=40, act=0x100
11-28 17:13:32.307 V/SUMA    ( 1581): lxm:_roc_evtmgr_key_cbk 519 2416582
11-28 17:13:32.307 V/SUMA    ( 1581): lxm:_roc_evtmgr_add_evt_into_queue 347 2416582
11-28 17:13:32.307 V/SUMA    ( 1581): ===================>> type=0 src=0 evt=40 act=0x100
11-28 17:13:32.307 V/PT      ( 1581): >>INFO:irkey_task:[    2416.582597] /dev/input/event0: type=0000 code=0000 val=00000000
11-28 17:13:32.307 V/SUMA    ( 1581): [sysset-s][event_manager_cbk 78]lxm cbid=1, cbk_reg=1, cpid=2464
11-28 17:13:32.307 D/NGBEvent( 2464): ngbEventCallBack type:0 source :40
11-28 17:13:32.307 D/NGBEvent( 2464): [NGBEventManager-JNI]-returning:1
11-28 17:13:32.307 D/NGBEvent( 2464): Input key event: keyCode=40
11-28 17:13:32.307 D/NGBEvent( 2464): src:40 = dest:40
11-28 17:13:32.307 I/System.out( 2464): [DEBUG EventManager] LWJ--Add event to java with evt=NgbEvent-[type = 1, subtype = 401, code = 40]
11-28 17:13:32.307 D/NGBEvent( 2464): [NGBEvent_log]--[EventManager--JNI]:		start
11-28 17:13:32.307 I/System.out( 2464): [DEBUG EventManager] broadcastEvent  :len 1
11-28 17:13:32.307 D/CombineKeyUtil( 2464): [TN_pool-1-thread-1]dealKeyEvent,combineIndex:-1:keyCode:20
11-28 17:13:32.307 D/KeyEventNgbDealer( 2464): [TN_pool-1-thread-1]handleKeyPressed keyEvent=NgbEvent-[type = 1, subtype = 401, code = 40],time=2416583
11-28 17:13:32.308 D/RemoteIME( 2350): onKeyDown event = KeyEvent { action=ACTION_DOWN, keyCode=KEYCODE_DPAD_DOWN, scanCode=108, metaState=0, flags=0x8, repeatCount=0, eventTime=2416582, downTime=2416582, deviceId=4, source=0x701 },mSkbContainer=null
11-28 17:13:32.308 D/cr_AwTestContainerView( 4548): [AwTestContainerView.java:63] [mainFrame]: [2017-11-21 17:52:03] dispatchKeyEvent keyCode = 20 event = KeyEvent { action=ACTION_DOWN, keyCode=KEYCODE_DPAD_DOWN, scanCode=108, metaState=0, flags=0x8, repeatCount=0, eventTime=2416582, downTime=2416582, deviceId=4, source=0x701 }
11-28 17:13:32.308 D/ImeAdapterAndroid( 4548): [SendKeyEvent] [BUILD TIME: ] dispatchKeyEvent key_code=20 modifiers=0 unicode_char=0 scan_code=108 is_system=0 tm=2416582
11-28 17:13:32.309 D/RenderWidgetInputHandler( 4548): [HandleInputEvent] input_event type=8 name=KeyDown
11-28 17:13:32.309 D/RenderWidgetInputHandler( 4548): [HandleInputEvent] key_event.nativeKeyCode:20,widget_->GetTextInputType():0
11-28 17:13:32.309 D/RenderWidgetInputHandler( 4548): [HandleInputEvent] input_event type=8 prevent_default:0
11-28 17:13:32.309 D/WebViewImpl( 4548): [handleKeyEvent] keycode:40, eventType:8 native keycode:20 frame=0x25e6bdb8. url='http://10.14.41.246/application/bxfc/sec/index.htm'.
11-28 17:13:32.309 D/[blink]KeyboardEventManager( 4548): [keyEvent] initialKeyEvent KeyDown nativeKeyCode=20 windowsKeyCode=40 text[0]=0
11-28 17:13:32.309 D/[blink]KeyboardEventManager( 4548): [keyEvent] initialKeyEvent focusedNode=0x0
11-28 17:13:32.309 D/V8ScriptRunner( 4548): [callFunction] start. frame = 0x25e6bdb8 function: eventHandler url: http://10.14.41.246/application/bxfc/sec/index.htm line: 179
11-28 17:13:32.309 D/base::KeyConverter( 4548): [get] convert 20 => -1.
11-28 17:13:32.309 D/iPanel  ( 4548): iPanel.debug("---141----popFlag=false")
11-28 17:13:32.309 D/iPanel  ( 4548): iPanel.debug("---142----ifrSrc=http://10.14.41.246/application/bxfc/sec/index.htm")
11-28 17:13:32.309 D/iPanel  ( 4548): iPanel.debug("-------主窗口按键响应=KEY_DOWN")
11-28 17:13:32.309 D/[cc]beginFrameSource( 4548): [AddObserver] ExternalBeginFrameSource::AddObserver
11-28 17:13:32.310 D/iPanel  ( 4548): iPanel.debug("----chanel[menuPos]--:289")
11-28 17:13:32.310 D/iPanel  ( 4548): iPanel.debug("----menuPos-:2")
11-28 17:13:32.310 D/iPanel  ( 4548): iPanel.debug("----menuPos--:number")
11-28 17:13:32.310 D/iPanel  ( 4548): iPanel.debug("----listDataPath--:http://10.14.41.245:13160/search/search_by_keyword?accesstoken=R5A1D202BU20850029K53724E0DIA6230E0AP8M2FAF083WDC011B88FB1&keyword=201709&label=289&pageidx=1&pagenum=20&depth=2&sortby=4")
11-28 17:13:32.310 D/ChromeClientImpl( 4548): [addMessageToConsole] [LOG:CONSOLE(291)] "http://10.14.41.245:13160/search/search_by_keyword?accesstoken=R5A1D202BU20850029K53724E0DIA6230E0AP8M2FAF083WDC011B88FB1&keyword=201709&label=289&pageidx=1&pagenum=20&depth=2&sortby=4", source:http://10.14.41.246/application/bxfc/sec/js/common.js (291)
11-28 17:13:32.310 D/V8ScriptRunner( 4548): [callFunction] start. frame = 0x25e6bdb8 function: xmlHttp.onreadystatechange url: http://10.14.41.246/application/bxfc/sec/js/common.js line: 276
11-28 17:13:32.310 D/V8ScriptRunner( 4548): [callFunction] end. frame = 0x25e6bdb8 function: xmlHttp.onreadystatechange url: http://10.14.41.246/application/bxfc/sec/js/common.js line: 276
11-28 17:13:32.310 D/[blink]ResourceFetcher( 4548): [requestResource] url=http://10.14.41.245:13160/search/search_by_keyword?accesstoken=R5A1D202BU20850029K53724E0DIA6230E0AP8M2FAF083WDC011B88FB1&keyword=201709&label=289&pageidx=1&pagenum=20&depth=2&sortby=4.
11-28 17:13:32.311 D/url     ( 4548): [DoResolveRelative] [WEB] DoResolveRelative Error resolving.
11-28 17:13:32.311 D/[blink]DOMTimer( 4548): [DOMTimer] 0x597d24c0 setTimeout 500ms, repeat:0.
11-28 17:13:32.311 D/[blink]DOMTimer( 4548): [DOMTimer] 0x597d2530 setTimeout 30000ms, repeat:0.
11-28 17:13:32.311 D/iPanel  ( 4548): iPanel.debug("-------keyDown=KEY_DOWN")
11-28 17:13:32.311 D/V8ScriptRunner( 4548): [callFunction] end. frame = 0x25e6bdb8 function: eventHandler url: http://10.14.41.246/application/bxfc/sec/index.htm line: 179
11-28 17:13:32.311 D/[blink]KeyboardEventManager( 4548): [keyEvent] dispatchResult = CanceledByEventHandler
11-28 17:13:32.311 D/ResourceLoader( 4548): [StartRequest] start request 0x8b42dc00 url='http://10.14.41.245:13160/search/search_by_keyword?accesstoken=R5A1D202BU20850029K53724E0DIA6230E0AP8M2FAF083WDC011B88FB1&keyword=201709&label=289&pageidx=1&pagenum=20&depth=2&sortby=4'
11-28 17:13:32.311 D/AwRequestInterceptor( 4548): [MaybeInterceptRequest] request=0x8b42dc00
11-28 17:13:32.312 D/cr_AwContents( 4548): [AwContents.java:520] BackgroundThreadClientImpl shouldInterceptRequest url = http://10.14.41.245:13160/search/search_by_keyword?accesstoken=R5A1D202BU20850029K53724E0DIA6230E0AP8M2FAF083WDC011B88FB1&keyword=201709&label=289&pageidx=1&pagenum=20&depth=2&sortby=4
11-28 17:13:32.312 D/cr_AwNullContentsClient( 4548): [AwNullContentsClient.java:59] shouldInterceptRequest url=http://10.14.41.245:13160/search/search_by_keyword?accesstoken=R5A1D202BU20850029K53724E0DIA6230E0AP8M2FAF083WDC011B88FB1&keyword=201709&label=289&pageidx=1&pagenum=20&depth=2&sortby=4
11-28 17:13:32.312 D/BrowserWebViewClient( 4548): intercept request :http://10.14.41.245:13160/search/search_by_keyword?accesstoken=R5A1D202BU20850029K53724E0DIA6230E0AP8M2FAF083WDC011B88FB1&keyword=201709&label=289&pageidx=1&pagenum=20&depth=2&sortby=4
11-28 17:13:32.312 D/AwRequestInterceptor( 4548): [MaybeInterceptRequest] request=0x8b42dc00
11-28 17:13:32.325 D/[cc]ProxyMain( 4548): [BeginMainFrame] cc.BeginMainFrame this:0x9f620a10
11-28 17:13:32.325 D/[cc]LayerTreeHost( 4548): [AnimateLayers] AnimateLayers monotonic_time=2416599903
11-28 17:13:32.325 D/[blink]FrameView( 4548): [updateStyleAndLayoutIfNeededRecursiveInternal] in... this:0x597c7038.
11-28 17:13:32.325 D/[blink]FrameView( 4548): [updateStyleAndLayoutIfNeededRecursiveInternal] in... this:0x597c78b0.
11-28 17:13:32.325 D/[blink]FrameView( 4548): [updateStyleAndLayoutIfNeededRecursiveInternal] end... this:0x597c78b0.
11-28 17:13:32.325 D/[blink]FrameView( 4548): [updateStyleAndLayoutIfNeededRecursiveInternal] end... this:0x597c7038.
11-28 17:13:32.325 D/[blink]FrameView( 4548): [updateLifecyclePhasesInternal] in... this:0x597c7038, targetState=18
11-28 17:13:32.325 D/[blink]FrameView( 4548): [updateLifecyclePhasesInternal] call compositor()->updateIfNeededRecursive()!
11-28 17:13:32.325 D/[blink]FrameView( 4548): [updateLifecyclePhasesInternal] end... this:0x597c7038
11-28 17:13:32.341 D/[cc]ProxyMain( 4548): [BeginMainFrame] cc.BeginMainFrame this:0x9f620a10
11-28 17:13:32.341 D/[cc]LayerTreeHost( 4548): [AnimateLayers] AnimateLayers monotonic_time=2416616570
11-28 17:13:32.341 D/[blink]FrameView( 4548): [updateStyleAndLayoutIfNeededRecursiveInternal] in... this:0x597c7038.
11-28 17:13:32.342 D/[blink]FrameView( 4548): [layout] start... this:0x597c7038, frame=0x25e6bdb8 content size(1280, 720). 
11-28 17:13:32.342 D/[blink]FrameView( 4548): [layout] performPreLayoutTasks start... this:0x597c7038
11-28 17:13:32.342 D/[blink]FrameView( 4548): [layout] performPreLayoutTasks end... this:0x597c7038
11-28 17:13:32.342 D/[blink]FrameView( 4548): [layout] performLayout start... this:0x597c7038
11-28 17:13:32.342 D/[blink]FrameView( 4548): [layout] performLayout end... this:0x597c7038
11-28 17:13:32.342 D/[blink]FrameView( 4548): [layout] call compositor()->didLayout()!
11-28 17:13:32.342 D/[blink]FrameView( 4548): [layout] updateDocumentAnnotatedRegions start... this:0x597c7038
11-28 17:13:32.342 D/[blink]FrameView( 4548): [layout] scheduleOrPerformPostLayoutTasks start... this:0x597c7038
11-28 17:13:32.342 D/[blink]FrameView( 4548): [layout] end... this:0x597c7038
11-28 17:13:32.342 D/[blink]FrameView( 4548): [layout] out... this:0x597c7038
11-28 17:13:32.342 D/[blink]FrameView( 4548): [updateStyleAndLayoutIfNeededRecursiveInternal] in... this:0x597c78b0.
11-28 17:13:32.342 D/[blink]FrameView( 4548): [updateStyleAndLayoutIfNeededRecursiveInternal] end... this:0x597c78b0.
11-28 17:13:32.342 D/[blink]FrameView( 4548): [updateStyleAndLayoutIfNeededRecursiveInternal] end... this:0x597c7038.
11-28 17:13:32.342 D/[blink]FrameView( 4548): [updateLifecyclePhasesInternal] in... this:0x597c7038, targetState=18
11-28 17:13:32.342 D/[blink]FrameView( 4548): [updateLifecyclePhasesInternal] call compositor()->updateIfNeededRecursive()!
11-28 17:13:32.343 D/[blink] ImagePainter( 4548): [paintReplaced] ImagePainter::paintReplaced in w=21056, h=3712.
11-28 17:13:32.343 D/[blink] ImagePainter( 4548): [paintReplaced] ImagePainter::paintReplaced in w=14272, h=1792.
11-28 17:13:32.344 D/[blink] ImagePainter( 4548): [paintReplaced] ImagePainter::paintReplaced in w=1408, h=768.
11-28 17:13:32.344 D/[blink] BoxPainter( 4548): [paintBoxDecorationBackgroundWithRect] BoxPainter::paintBoxDecorationBackgroundWithRect isImage=0, isLayoutImage=0
11-28 17:13:32.344 D/[blink]FrameView( 4548): [updateLifecyclePhasesInternal] end... this:0x597c7038
11-28 17:13:32.358 D/[cc]ProxyMain( 4548): [BeginMainFrame] cc.BeginMainFrame this:0x9f620a10
11-28 17:13:32.358 D/[cc]LayerTreeHost( 4548): [AnimateLayers] AnimateLayers monotonic_time=2416633236
11-28 17:13:32.358 D/[blink]FrameView( 4548): [updateStyleAndLayoutIfNeededRecursiveInternal] in... this:0x597c7038.
11-28 17:13:32.358 D/[blink]FrameView( 4548): [layout] start... this:0x597c7038, frame=0x25e6bdb8 content size(1280, 720). 
11-28 17:13:32.358 D/[blink]FrameView( 4548): [layout] performPreLayoutTasks start... this:0x597c7038
11-28 17:13:32.359 D/[blink]FrameView( 4548): [layout] performPreLayoutTasks end... this:0x597c7038
11-28 17:13:32.359 D/[blink]FrameView( 4548): [layout] performLayout start... this:0x597c7038
11-28 17:13:32.359 D/ResourceLoader( 4548): [ResponseCompleted] finish request 0x8b42dc00 url='http://10.14.41.245:13160/search/search_by_keyword?accesstoken=R5A1D202BU20850029K53724E0DIA6230E0AP8M2FAF083WDC011B88FB1&keyword=201709&label=289&pageidx=1&pagenum=20&depth=2&sortby=4'
11-28 17:13:32.359 D/[blink]FrameView( 4548): [layout] performLayout end... this:0x597c7038
11-28 17:13:32.359 D/[blink]FrameView( 4548): [layout] call compositor()->didLayout()!
11-28 17:13:32.359 D/[blink]FrameView( 4548): [layout] updateDocumentAnnotatedRegions start... this:0x597c7038
11-28 17:13:32.359 D/[blink]FrameView( 4548): [layout] scheduleOrPerformPostLayoutTasks start... this:0x597c7038
11-28 17:13:32.359 D/[blink]FrameView( 4548): [layout] end... this:0x597c7038
11-28 17:13:32.359 D/[blink]FrameView( 4548): [layout] out... this:0x597c7038
11-28 17:13:32.359 D/[blink]FrameView( 4548): [updateStyleAndLayoutIfNeededRecursiveInternal] in... this:0x597c78b0.
11-28 17:13:32.359 D/[blink]FrameView( 4548): [updateStyleAndLayoutIfNeededRecursiveInternal] end... this:0x597c78b0.
11-28 17:13:32.359 D/[blink]FrameView( 4548): [updateStyleAndLayoutIfNeededRecursiveInternal] end... this:0x597c7038.
11-28 17:13:32.359 D/[blink]FrameView( 4548): [updateLifecyclePhasesInternal] in... this:0x597c7038, targetState=18
11-28 17:13:32.359 D/[blink]FrameView( 4548): [updateLifecyclePhasesInternal] call compositor()->updateIfNeededRecursive()!
11-28 17:13:32.362 D/[blink] ImagePainter( 4548): [paintReplaced] ImagePainter::paintReplaced in w=21056, h=3712.
11-28 17:13:32.362 D/[blink] ImagePainter( 4548): [paintReplaced] ImagePainter::paintReplaced in w=14272, h=1792.
11-28 17:13:32.362 D/[blink] ImagePainter( 4548): [paintReplaced] ImagePainter::paintReplaced in w=1408, h=768.
11-28 17:13:32.362 D/[blink] BoxPainter( 4548): [paintBoxDecorationBackgroundWithRect] BoxPainter::paintBoxDecorationBackgroundWithRect isImage=0, isLayoutImage=0
11-28 17:13:32.362 D/[blink]FrameView( 4548): [updateLifecyclePhasesInternal] end... this:0x597c7038
11-28 17:13:32.365 D/V8ScriptRunner( 4548): [callFunction] start. frame = 0x25e6bdb8 function: xmlHttp.onreadystatechange url: http://10.14.41.246/application/bxfc/sec/js/common.js line: 276
11-28 17:13:32.365 D/V8ScriptRunner( 4548): [callFunction] end. frame = 0x25e6bdb8 function: xmlHttp.onreadystatechange url: http://10.14.41.246/application/bxfc/sec/js/common.js line: 276
11-28 17:13:32.365 D/V8ScriptRunner( 4548): [callFunction] start. frame = 0x25e6bdb8 function: xmlHttp.onreadystatechange url: http://10.14.41.246/application/bxfc/sec/js/common.js line: 276
11-28 17:13:32.365 D/V8ScriptRunner( 4548): [callFunction] end. frame = 0x25e6bdb8 function: xmlHttp.onreadystatechange url: http://10.14.41.246/application/bxfc/sec/js/common.js line: 276
11-28 17:13:32.366 D/[blink]ResourceFetcher( 4548): [didFinishLoading] encoded length=299 url=http://10.14.41.245:13160/search/search_by_keyword?accesstoken=R5A1D202BU20850029K53724E0DIA6230E0AP8M2FAF083WDC011B88FB1&keyword=201709&label=289&pageidx=1&pagenum=20&depth=2&sortby=4.
11-28 17:13:32.367 D/V8ScriptRunner( 4548): [callFunction] start. frame = 0x25e6bdb8 function: xmlHttp.onreadystatechange url: http://10.14.41.246/application/bxfc/sec/js/common.js line: 276
11-28 17:13:32.368 D/V8ScriptRunner( 4548): [callFunction] end. frame = 0x25e6bdb8 function: xmlHttp.onreadystatechange url: http://10.14.41.246/application/bxfc/sec/js/common.js line: 276
11-28 17:13:32.375 D/[cc]ProxyMain( 4548): [BeginMainFrame] cc.BeginMainFrame this:0x9f620a10
11-28 17:13:32.375 D/[cc]LayerTreeHost( 4548): [AnimateLayers] AnimateLayers monotonic_time=2416649903
11-28 17:13:32.375 D/[blink]FrameView( 4548): [updateStyleAndLayoutIfNeededRecursiveInternal] in... this:0x597c7038.
11-28 17:13:32.375 D/[blink]FrameView( 4548): [layout] start... this:0x597c7038, frame=0x25e6bdb8 content size(1280, 720). 
11-28 17:13:32.375 D/[blink]FrameView( 4548): [layout] performPreLayoutTasks start... this:0x597c7038
11-28 17:13:32.375 D/[blink]FrameView( 4548): [layout] performPreLayoutTasks end... this:0x597c7038
11-28 17:13:32.375 D/[blink]FrameView( 4548): [layout] performLayout start... this:0x597c7038
11-28 17:13:32.376 D/[blink]FrameView( 4548): [layout] performLayout end... this:0x597c7038
11-28 17:13:32.377 D/[blink]FrameView( 4548): [layout] call compositor()->didLayout()!
11-28 17:13:32.377 D/[blink]FrameView( 4548): [layout] updateDocumentAnnotatedRegions start... this:0x597c7038
11-28 17:13:32.377 D/[blink]FrameView( 4548): [layout] scheduleOrPerformPostLayoutTasks start... this:0x597c7038
11-28 17:13:32.377 D/[blink]FrameView( 4548): [layout] end... this:0x597c7038
11-28 17:13:32.377 D/[blink]FrameView( 4548): [layout] out... this:0x597c7038
11-28 17:13:32.377 D/[blink]FrameView( 4548): [updateStyleAndLayoutIfNeededRecursiveInternal] in... this:0x597c78b0.
11-28 17:13:32.377 D/[blink]FrameView( 4548): [updateStyleAndLayoutIfNeededRecursiveInternal] end... this:0x597c78b0.
11-28 17:13:32.377 D/[blink]FrameView( 4548): [updateStyleAndLayoutIfNeededRecursiveInternal] end... this:0x597c7038.
11-28 17:13:32.377 D/[blink]FrameView( 4548): [updateLifecyclePhasesInternal] in... this:0x597c7038, targetState=18
11-28 17:13:32.377 D/[blink]FrameView( 4548): [updateLifecyclePhasesInternal] call compositor()->updateIfNeededRecursive()!
11-28 17:13:32.379 D/[blink] ImagePainter( 4548): [paintReplaced] ImagePainter::paintReplaced in w=21056, h=3712.
11-28 17:13:32.380 D/[blink] ImagePainter( 4548): [paintReplaced] ImagePainter::paintReplaced in w=14272, h=1792.
11-28 17:13:32.380 D/[blink] ImagePainter( 4548): [paintReplaced] ImagePainter::paintReplaced in w=1408, h=768.
11-28 17:13:32.380 D/[blink] BoxPainter( 4548): [paintBoxDecorationBackgroundWithRect] BoxPainter::paintBoxDecorationBackgroundWithRect isImage=0, isLayoutImage=0
11-28 17:13:32.380 D/[blink]FrameView( 4548): [updateLifecyclePhasesInternal] end... this:0x597c7038
11-28 17:13:32.391 D/[cc]ProxyMain( 4548): [BeginMainFrame] cc.BeginMainFrame this:0x9f620a10
11-28 17:13:32.392 D/[cc]LayerTreeHost( 4548): [AnimateLayers] AnimateLayers monotonic_time=2416666570
11-28 17:13:32.392 D/[blink]FrameView( 4548): [updateStyleAndLayoutIfNeededRecursiveInternal] in... this:0x597c7038.
11-28 17:13:32.392 D/[blink]FrameView( 4548): [layout] start... this:0x597c7038, frame=0x25e6bdb8 content size(1280, 720). 
11-28 17:13:32.392 D/[blink]FrameView( 4548): [layout] performPreLayoutTasks start... this:0x597c7038
11-28 17:13:32.392 D/[blink]FrameView( 4548): [layout] performPreLayoutTasks end... this:0x597c7038
11-28 17:13:32.392 D/[blink]FrameView( 4548): [layout] performLayout start... this:0x597c7038
11-28 17:13:32.393 D/[blink]FrameView( 4548): [layout] performLayout end... this:0x597c7038
11-28 17:13:32.393 D/[blink]FrameView( 4548): [layout] call compositor()->didLayout()!
11-28 17:13:32.393 D/[blink]FrameView( 4548): [layout] updateDocumentAnnotatedRegions start... this:0x597c7038
11-28 17:13:32.393 D/[blink]FrameView( 4548): [layout] scheduleOrPerformPostLayoutTasks start... this:0x597c7038
11-28 17:13:32.393 D/[blink]FrameView( 4548): [layout] end... this:0x597c7038
11-28 17:13:32.394 D/[blink]FrameView( 4548): [layout] out... this:0x597c7038
11-28 17:13:32.394 D/[blink]FrameView( 4548): [updateStyleAndLayoutIfNeededRecursiveInternal] in... this:0x597c78b0.
11-28 17:13:32.394 D/[blink]FrameView( 4548): [updateStyleAndLayoutIfNeededRecursiveInternal] end... this:0x597c78b0.
11-28 17:13:32.394 D/[blink]FrameView( 4548): [updateStyleAndLayoutIfNeededRecursiveInternal] end... this:0x597c7038.
11-28 17:13:32.394 D/[blink]FrameView( 4548): [updateLifecyclePhasesInternal] in... this:0x597c7038, targetState=18
11-28 17:13:32.394 D/[blink]FrameView( 4548): [updateLifecyclePhasesInternal] call compositor()->updateIfNeededRecursive()!
11-28 17:13:32.396 D/[blink] ImagePainter( 4548): [paintReplaced] ImagePainter::paintReplaced in w=21056, h=3712.
11-28 17:13:32.396 D/[blink] ImagePainter( 4548): [paintReplaced] ImagePainter::paintReplaced in w=14272, h=1792.
11-28 17:13:32.396 D/[blink] ImagePainter( 4548): [paintReplaced] ImagePainter::paintReplaced in w=1408, h=768.
11-28 17:13:32.396 D/[blink] BoxPainter( 4548): [paintBoxDecorationBackgroundWithRect] BoxPainter::paintBoxDecorationBackgroundWithRect isImage=0, isLayoutImage=0
11-28 17:13:32.396 D/[blink]FrameView( 4548): [updateLifecyclePhasesInternal] end... this:0x597c7038
11-28 17:13:32.408 V/PT      ( 1581): >>INFO:irkey_task:[    2416.683858] /dev/input/event0: type=0001 code=006c val=00000000
11-28 17:13:32.408 D/ir_user ( 1585): PlayerTimeLineTrace:linux_keycode:0x6c(UP),	protocol: .
11-28 17:13:32.408 D/[cc]ProxyMain( 4548): [BeginMainFrame] cc.BeginMainFrame this:0x9f620a10
11-28 17:13:32.408 V/PT      ( 1581): >>INFO:irkey_send:0x3001 0x0028 up  
11-28 17:13:32.408 V/SUMA    ( 1581): ++++++++++++++  _roc_evtmgr_key_cbk 517:input = 12289, event=40, act=0x400
11-28 17:13:32.408 V/SUMA    ( 1581): lxm:_roc_evtmgr_key_cbk 519 2416684
11-28 17:13:32.408 V/SUMA    ( 1581): lxm:_roc_evtmgr_add_key_into_queue 311 2416684
11-28 17:13:32.408 V/PT      ( 1581): >>INFO:irkey_task:[    2416.683858] /dev/input/event0: type=0000 code=0000 val=00000000
11-28 17:13:32.408 V/SUMA    ( 1581): ===================>> type=0 src=0 evt=40 act=0x400
11-28 17:13:32.408 V/SUMA    ( 1581): [sysset-s][event_manager_cbk 78]lxm cbid=1, cbk_reg=1, cpid=2464
11-28 17:13:32.408 D/NGBEvent( 2464): ngbEventCallBack type:0 source :40
11-28 17:13:32.408 D/NGBEvent( 2464): [NGBEventManager-JNI]-returning:1
11-28 17:13:32.408 D/NGBEvent( 2464): Input key event: keyCode=40
11-28 17:13:32.408 D/NGBEvent( 2464): src:40 = dest:40
11-28 17:13:32.408 I/System.out( 2464): [DEBUG EventManager] LWJ--Add event to java with evt=NgbEvent-[type = 1, subtype = 402, code = 40]
11-28 17:13:32.408 D/NGBEvent( 2464): [NGBEvent_log]--[EventManager--JNI]:		start
11-28 17:13:32.409 I/System.out( 2464): [DEBUG EventManager] broadcastEvent  :len 1
11-28 17:13:32.409 D/KeyEventNgbDealer( 2464): [TN_pool-1-thread-1]handleKeyReleased keyEvent=NgbEvent-[type = 1, subtype = 402, code = 40],time=2416684
11-28 17:13:32.409 D/[cc]LayerTreeHost( 4548): [AnimateLayers] AnimateLayers monotonic_time=2416683236
11-28 17:13:32.409 D/[blink]FrameView( 4548): [updateStyleAndLayoutIfNeededRecursiveInternal] in... this:0x597c7038.
11-28 17:13:32.411 D/[blink]FrameView( 4548): [layout] start... this:0x597c7038, frame=0x25e6bdb8 content size(1280, 720). 
11-28 17:13:32.411 D/[blink]FrameView( 4548): [layout] performPreLayoutTasks start... this:0x597c7038
11-28 17:13:32.411 D/[blink]FrameView( 4548): [layout] performPreLayoutTasks end... this:0x597c7038
11-28 17:13:32.411 D/[blink]FrameView( 4548): [layout] performLayout start... this:0x597c7038
11-28 17:13:32.413 D/RemoteIME( 2350): RemoteIME--> onKeyUp keyCode = 20
11-28 17:13:32.413 D/[blink]FrameView( 4548): [layout] performLayout end... this:0x597c7038
11-28 17:13:32.413 D/[blink]FrameView( 4548): [layout] call compositor()->didLayout()!
11-28 17:13:32.413 D/[blink]FrameView( 4548): [layout] updateDocumentAnnotatedRegions start... this:0x597c7038
11-28 17:13:32.414 D/[blink]FrameView( 4548): [layout] scheduleOrPerformPostLayoutTasks start... this:0x597c7038
11-28 17:13:32.414 D/[blink]FrameView( 4548): [layout] end... this:0x597c7038
11-28 17:13:32.414 D/[blink]FrameView( 4548): [layout] out... this:0x597c7038
11-28 17:13:32.414 D/[blink]FrameView( 4548): [updateStyleAndLayoutIfNeededRecursiveInternal] in... this:0x597c78b0.
11-28 17:13:32.414 D/[blink]FrameView( 4548): [updateStyleAndLayoutIfNeededRecursiveInternal] end... this:0x597c78b0.
11-28 17:13:32.414 D/[blink]FrameView( 4548): [updateStyleAndLayoutIfNeededRecursiveInternal] end... this:0x597c7038.
11-28 17:13:32.414 D/[blink]FrameView( 4548): [updateLifecyclePhasesInternal] in... this:0x597c7038, targetState=18
11-28 17:13:32.414 D/[blink]FrameView( 4548): [updateLifecyclePhasesInternal] call compositor()->updateIfNeededRecursive()!
11-28 17:13:32.415 D/cr_AwTestContainerView( 4548): [AwTestContainerView.java:63] [mainFrame]: [2017-11-21 17:52:03] dispatchKeyEvent keyCode = 20 event = KeyEvent { action=ACTION_UP, keyCode=KEYCODE_DPAD_DOWN, scanCode=108, metaState=0, flags=0x8, repeatCount=0, eventTime=2416683, downTime=2416582, deviceId=4, source=0x701 }
11-28 17:13:32.415 D/ImeAdapterAndroid( 4548): [SendKeyEvent] [BUILD TIME: ] dispatchKeyEvent key_code=20 modifiers=0 unicode_char=0 scan_code=108 is_system=0 tm=2416683
11-28 17:13:32.416 D/[blink] ImagePainter( 4548): [paintReplaced] ImagePainter::paintReplaced in w=21056, h=3712.
11-28 17:13:32.416 D/[blink] ImagePainter( 4548): [paintReplaced] ImagePainter::paintReplaced in w=14272, h=1792.
11-28 17:13:32.417 D/[blink] ImagePainter( 4548): [paintReplaced] ImagePainter::paintReplaced in w=1408, h=768.
11-28 17:13:32.417 D/[blink] BoxPainter( 4548): [paintBoxDecorationBackgroundWithRect] BoxPainter::paintBoxDecorationBackgroundWithRect isImage=0, isLayoutImage=0
11-28 17:13:32.417 D/[blink]FrameView( 4548): [updateLifecyclePhasesInternal] end... this:0x597c7038
11-28 17:13:32.418 D/RenderWidgetInputHandler( 4548): [HandleInputEvent] input_event type=9 name=KeyUp
11-28 17:13:32.418 D/RenderWidgetInputHandler( 4548): [HandleInputEvent] key_event.nativeKeyCode:20,widget_->GetTextInputType():0
11-28 17:13:32.418 D/RenderWidgetInputHandler( 4548): [HandleInputEvent] input_event type=9 prevent_default:0
11-28 17:13:32.418 D/WebViewImpl( 4548): [handleKeyEvent] keycode:40, eventType:9 native keycode:20 frame=0x25e6bdb8. url='http://10.14.41.246/application/bxfc/sec/index.htm'.
11-28 17:13:32.418 D/[blink]KeyboardEventManager( 4548): [keyEvent] initialKeyEvent KeyUp nativeKeyCode=20 windowsKeyCode=40 text[0]=0
11-28 17:13:32.419 D/[blink]KeyboardEventManager( 4548): [keyEvent] initialKeyEvent focusedNode=0x0
11-28 17:13:32.425 D/[cc]ProxyMain( 4548): [BeginMainFrame] cc.BeginMainFrame this:0x9f620a10
11-28 17:13:32.425 D/[cc]LayerTreeHost( 4548): [AnimateLayers] AnimateLayers monotonic_time=2416699903
11-28 17:13:32.425 D/[blink]FrameView( 4548): [updateStyleAndLayoutIfNeededRecursiveInternal] in... this:0x597c7038.
11-28 17:13:32.425 D/[blink]FrameView( 4548): [layout] start... this:0x597c7038, frame=0x25e6bdb8 content size(1280, 720). 
11-28 17:13:32.425 D/[blink]FrameView( 4548): [layout] performPreLayoutTasks start... this:0x597c7038
11-28 17:13:32.425 D/[blink]FrameView( 4548): [layout] performPreLayoutTasks end... this:0x597c7038
11-28 17:13:32.426 D/[blink]FrameView( 4548): [layout] performLayout start... this:0x597c7038
11-28 17:13:32.426 D/[blink]FrameView( 4548): [layout] performLayout end... this:0x597c7038
11-28 17:13:32.426 D/[blink]FrameView( 4548): [layout] call compositor()->didLayout()!
11-28 17:13:32.426 D/[blink]FrameView( 4548): [layout] updateDocumentAnnotatedRegions start... this:0x597c7038
11-28 17:13:32.426 D/[blink]FrameView( 4548): [layout] scheduleOrPerformPostLayoutTasks start... this:0x597c7038
11-28 17:13:32.426 D/[blink]FrameView( 4548): [layout] end... this:0x597c7038
11-28 17:13:32.426 D/[blink]FrameView( 4548): [layout] out... this:0x597c7038
11-28 17:13:32.426 D/[blink]FrameView( 4548): [updateStyleAndLayoutIfNeededRecursiveInternal] in... this:0x597c78b0.
11-28 17:13:32.426 D/[blink]FrameView( 4548): [updateStyleAndLayoutIfNeededRecursiveInternal] end... this:0x597c78b0.
11-28 17:13:32.426 D/[blink]FrameView( 4548): [updateStyleAndLayoutIfNeededRecursiveInternal] end... this:0x597c7038.
11-28 17:13:32.426 D/[blink]FrameView( 4548): [updateLifecyclePhasesInternal] in... this:0x597c7038, targetState=18
11-28 17:13:32.426 D/[blink]FrameView( 4548): [updateLifecyclePhasesInternal] call compositor()->updateIfNeededRecursive()!
11-28 17:13:32.430 D/[blink] ImagePainter( 4548): [paintReplaced] ImagePainter::paintReplaced in w=21056, h=3712.
11-28 17:13:32.430 D/[blink] ImagePainter( 4548): [paintReplaced] ImagePainter::paintReplaced in w=14272, h=1792.
11-28 17:13:32.430 D/[blink] ImagePainter( 4548): [paintReplaced] ImagePainter::paintReplaced in w=1408, h=768.
11-28 17:13:32.430 D/[blink] BoxPainter( 4548): [paintBoxDecorationBackgroundWithRect] BoxPainter::paintBoxDecorationBackgroundWithRect isImage=0, isLayoutImage=0
11-28 17:13:32.431 D/[blink]FrameView( 4548): [updateLifecyclePhasesInternal] end... this:0x597c7038
11-28 17:13:32.441 D/[cc]ProxyMain( 4548): [BeginMainFrame] cc.BeginMainFrame this:0x9f620a10
11-28 17:13:32.441 D/[cc]LayerTreeHost( 4548): [AnimateLayers] AnimateLayers monotonic_time=2416716569
11-28 17:13:32.442 D/[blink]FrameView( 4548): [updateStyleAndLayoutIfNeededRecursiveInternal] in... this:0x597c7038.
11-28 17:13:32.442 D/[blink]FrameView( 4548): [updateStyleAndLayoutIfNeededRecursiveInternal] in... this:0x597c78b0.
11-28 17:13:32.442 D/[blink]FrameView( 4548): [updateStyleAndLayoutIfNeededRecursiveInternal] end... this:0x597c78b0.
11-28 17:13:32.442 D/[blink]FrameView( 4548): [updateStyleAndLayoutIfNeededRecursiveInternal] end... this:0x597c7038.
11-28 17:13:32.442 D/[blink]FrameView( 4548): [updateLifecyclePhasesInternal] in... this:0x597c7038, targetState=18
11-28 17:13:32.442 D/[blink]FrameView( 4548): [updateLifecyclePhasesInternal] call compositor()->updateIfNeededRecursive()!
11-28 17:13:32.442 D/[blink]FrameView( 4548): [updateLifecyclePhasesInternal] end... this:0x597c7038
11-28 17:13:32.450 I/Advanced( 4548): [QUEUE] share_queue_sendEx size:1 4097 3599 0x8ec69fd0,postLoopId:0,dstid:1.
11-28 17:13:32.481 D/BackBootDealerNeimeng( 2401): standbyState:
11-28 17:13:32.482 E/NetUtils( 2029): Interface eth0 LinkUp!
11-28 17:13:32.650 I/Advanced( 4548): [QUEUE] share_queue_sendEx size:1 4097 3600 0x8ec69fd0,postLoopId:0,dstid:1.
11-28 17:13:32.840 E/WifiStateMachine( 2029): WifiStateMachine CMD_START_SCAN source -2 txSuccessRate=0.00 rxSuccessRate=2.94 targetRoamBSSID=86:79:73:a5:71:44 RSSI=-38
11-28 17:13:32.851 I/Advanced( 4548): [QUEUE] share_queue_sendEx size:1 4097 3601 0x8ec69fd0,postLoopId:0,dstid:1.
11-28 17:13:32.926 V/PT      ( 1581): >>INFO:irkey_task:[    2417.202249] /dev/input/event0: type=0001 code=006c val=00000001
11-28 17:13:32.926 V/PT      ( 1581): >>INFO:irkey_send:0x3001 0x0028 down
11-28 17:13:32.927 V/SUMA    ( 1581): ++++++++++++++  _roc_evtmgr_key_cbk 517:input = 12289, event=40, act=0x100
11-28 17:13:32.927 V/SUMA    ( 1581): lxm:_roc_evtmgr_key_cbk 519 2417202
11-28 17:13:32.927 V/SUMA    ( 1581): lxm:_roc_evtmgr_add_evt_into_queue 347 2417202
11-28 17:13:32.927 V/PT      ( 1581): >>INFO:irkey_task:[    2417.202249] /dev/input/event0: type=0000 code=0000 val=00000000
11-28 17:13:32.927 V/SUMA    ( 1581): ===================>> type=0 src=0 evt=40 act=0x100
11-28 17:13:32.927 D/ir_user ( 1585): PlayerTimeLineTrace:linux_keycode:0x6c(DOWN),	protocol: .
11-28 17:13:32.927 V/SUMA    ( 1581): [sysset-s][event_manager_cbk 78]lxm cbid=1, cbk_reg=1, cpid=2464
11-28 17:13:32.927 D/NGBEvent( 2464): ngbEventCallBack type:0 source :40
11-28 17:13:32.927 D/NGBEvent( 2464): [NGBEventManager-JNI]-returning:1
11-28 17:13:32.927 D/NGBEvent( 2464): Input key event: keyCode=40
11-28 17:13:32.927 D/NGBEvent( 2464): src:40 = dest:40
11-28 17:13:32.928 I/System.out( 2464): [DEBUG EventManager] LWJ--Add event to java with evt=NgbEvent-[type = 1, subtype = 401, code = 40]
11-28 17:13:32.928 D/NGBEvent( 2464): [NGBEvent_log]--[EventManager--JNI]:		start
11-28 17:13:32.928 I/System.out( 2464): [DEBUG EventManager] broadcastEvent  :len 1
11-28 17:13:32.928 D/CombineKeyUtil( 2464): [TN_pool-1-thread-1]dealKeyEvent,combineIndex:-1:keyCode:20
11-28 17:13:32.928 D/RemoteIME( 2350): onKeyDown event = KeyEvent { action=ACTION_DOWN, keyCode=KEYCODE_DPAD_DOWN, scanCode=108, metaState=0, flags=0x8, repeatCount=0, eventTime=2417202, downTime=2417202, deviceId=4, source=0x701 },mSkbContainer=null
11-28 17:13:32.928 D/KeyEventNgbDealer( 2464): [TN_pool-1-thread-1]handleKeyPressed keyEvent=NgbEvent-[type = 1, subtype = 401, code = 40],time=2417203
11-28 17:13:32.930 D/cr_AwTestContainerView( 4548): [AwTestContainerView.java:63] [mainFrame]: [2017-11-21 17:52:03] dispatchKeyEvent keyCode = 20 event = KeyEvent { action=ACTION_DOWN, keyCode=KEYCODE_DPAD_DOWN, scanCode=108, metaState=0, flags=0x8, repeatCount=0, eventTime=2417202, downTime=2417202, deviceId=4, source=0x701 }
11-28 17:13:32.930 D/ImeAdapterAndroid( 4548): [SendKeyEvent] [BUILD TIME: ] dispatchKeyEvent key_code=20 modifiers=0 unicode_char=0 scan_code=108 is_system=0 tm=2417202
11-28 17:13:32.931 D/RenderWidgetInputHandler( 4548): [HandleInputEvent] input_event type=8 name=KeyDown
11-28 17:13:32.931 D/RenderWidgetInputHandler( 4548): [HandleInputEvent] key_event.nativeKeyCode:20,widget_->GetTextInputType():0
11-28 17:13:32.931 D/RenderWidgetInputHandler( 4548): [HandleInputEvent] input_event type=8 prevent_default:0
11-28 17:13:32.931 D/WebViewImpl( 4548): [handleKeyEvent] keycode:40, eventType:8 native keycode:20 frame=0x25e6bdb8. url='http://10.14.41.246/application/bxfc/sec/index.htm'.
11-28 17:13:32.931 D/[blink]KeyboardEventManager( 4548): [keyEvent] initialKeyEvent KeyDown nativeKeyCode=20 windowsKeyCode=40 text[0]=0
11-28 17:13:32.931 D/[blink]KeyboardEventManager( 4548): [keyEvent] initialKeyEvent focusedNode=0x0
11-28 17:13:32.932 D/V8ScriptRunner( 4548): [callFunction] start. frame = 0x25e6bdb8 function: eventHandler url: http://10.14.41.246/application/bxfc/sec/index.htm line: 179
11-28 17:13:32.932 D/base::KeyConverter( 4548): [get] convert 20 => -1.
11-28 17:13:32.932 D/iPanel  ( 4548): iPanel.debug("---141----popFlag=false")
11-28 17:13:32.932 D/iPanel  ( 4548): iPanel.debug("---142----ifrSrc=http://10.14.41.246/application/bxfc/sec/index.htm")
11-28 17:13:32.932 D/iPanel  ( 4548): iPanel.debug("-------主窗口按键响应=KEY_DOWN")
11-28 17:13:32.934 D/[cc]beginFrameSource( 4548): [AddObserver] ExternalBeginFrameSource::AddObserver
11-28 17:13:32.935 D/iPanel  ( 4548): iPanel.debug("----chanel[menuPos]--:289")
11-28 17:13:32.935 D/iPanel  ( 4548): iPanel.debug("----menuPos-:2")
11-28 17:13:32.935 D/iPanel  ( 4548): iPanel.debug("----menuPos--:number")
11-28 17:13:32.935 D/iPanel  ( 4548): iPanel.debug("----listDataPath--:http://10.14.41.245:13160/search/search_by_keyword?accesstoken=R5A1D202BU20850029K53724E0DIA6230E0AP8M2FAF083WDC011B88FB1&keyword=2017&label=289&pageidx=1&pagenum=20&depth=2&sortby=4")
11-28 17:13:32.936 D/ChromeClientImpl( 4548): [addMessageToConsole] [LOG:CONSOLE(291)] "http://10.14.41.245:13160/search/search_by_keyword?accesstoken=R5A1D202BU20850029K53724E0DIA6230E0AP8M2FAF083WDC011B88FB1&keyword=2017&label=289&pageidx=1&pagenum=20&depth=2&sortby=4", source:http://10.14.41.246/application/bxfc/sec/js/common.js (291)
11-28 17:13:32.936 D/V8ScriptRunner( 4548): [callFunction] start. frame = 0x25e6bdb8 function: xmlHttp.onreadystatechange url: http://10.14.41.246/application/bxfc/sec/js/common.js line: 276
11-28 17:13:32.936 D/V8ScriptRunner( 4548): [callFunction] end. frame = 0x25e6bdb8 function: xmlHttp.onreadystatechange url: http://10.14.41.246/application/bxfc/sec/js/common.js line: 276
11-28 17:13:32.937 D/[blink]ResourceFetcher( 4548): [requestResource] url=http://10.14.41.245:13160/search/search_by_keyword?accesstoken=R5A1D202BU20850029K53724E0DIA6230E0AP8M2FAF083WDC011B88FB1&keyword=2017&label=289&pageidx=1&pagenum=20&depth=2&sortby=4.
11-28 17:13:32.937 D/url     ( 4548): [DoResolveRelative] [WEB] DoResolveRelative Error resolving.
11-28 17:13:32.937 D/[blink]DOMTimer( 4548): [DOMTimer] 0x597d2968 setTimeout 500ms, repeat:0.
11-28 17:13:32.937 D/[blink]DOMTimer( 4548): [DOMTimer] 0x597d29d8 setTimeout 30000ms, repeat:0.
11-28 17:13:32.937 D/iPanel  ( 4548): iPanel.debug("-------keyDown=KEY_DOWN")
11-28 17:13:32.937 D/V8ScriptRunner( 4548): [callFunction] end. frame = 0x25e6bdb8 function: eventHandler url: http://10.14.41.246/application/bxfc/sec/index.htm line: 179
11-28 17:13:32.938 D/[blink]KeyboardEventManager( 4548): [keyEvent] dispatchResult = CanceledByEventHandler
11-28 17:13:32.938 D/ResourceLoader( 4548): [StartRequest] start request 0x8b42dc00 url='http://10.14.41.245:13160/search/search_by_keyword?accesstoken=R5A1D202BU20850029K53724E0DIA6230E0AP8M2FAF083WDC011B88FB1&keyword=2017&label=289&pageidx=1&pagenum=20&depth=2&sortby=4'
11-28 17:13:32.938 D/AwRequestInterceptor( 4548): [MaybeInterceptRequest] request=0x8b42dc00
11-28 17:13:32.938 D/cr_AwContents( 4548): [AwContents.java:520] BackgroundThreadClientImpl shouldInterceptRequest url = http://10.14.41.245:13160/search/search_by_keyword?accesstoken=R5A1D202BU20850029K53724E0DIA6230E0AP8M2FAF083WDC011B88FB1&keyword=2017&label=289&pageidx=1&pagenum=20&depth=2&sortby=4
11-28 17:13:32.938 D/cr_AwNullContentsClient( 4548): [AwNullContentsClient.java:59] shouldInterceptRequest url=http://10.14.41.245:13160/search/search_by_keyword?accesstoken=R5A1D202BU20850029K53724E0DIA6230E0AP8M2FAF083WDC011B88FB1&keyword=2017&label=289&pageidx=1&pagenum=20&depth=2&sortby=4
11-28 17:13:32.938 D/BrowserWebViewClient( 4548): intercept request :http://10.14.41.245:13160/search/search_by_keyword?accesstoken=R5A1D202BU20850029K53724E0DIA6230E0AP8M2FAF083WDC011B88FB1&keyword=2017&label=289&pageidx=1&pagenum=20&depth=2&sortby=4
11-28 17:13:32.938 D/AwRequestInterceptor( 4548): [MaybeInterceptRequest] request=0x8b42dc00
11-28 17:13:32.941 D/[cc]ProxyMain( 4548): [BeginMainFrame] cc.BeginMainFrame this:0x9f620a10
11-28 17:13:32.941 D/[cc]LayerTreeHost( 4548): [AnimateLayers] AnimateLayers monotonic_time=2417216569
11-28 17:13:32.941 D/[blink]FrameView( 4548): [updateStyleAndLayoutIfNeededRecursiveInternal] in... this:0x597c7038.
11-28 17:13:32.942 D/[blink]FrameView( 4548): [layout] start... this:0x597c7038, frame=0x25e6bdb8 content size(1280, 720). 
11-28 17:13:32.942 D/[blink]FrameView( 4548): [layout] performPreLayoutTasks start... this:0x597c7038
11-28 17:13:32.942 D/[blink]FrameView( 4548): [layout] performPreLayoutTasks end... this:0x597c7038
11-28 17:13:32.942 D/[blink]FrameView( 4548): [layout] performLayout start... this:0x597c7038
11-28 17:13:32.942 D/[blink]FrameView( 4548): [layout] performLayout end... this:0x597c7038
11-28 17:13:32.942 D/[blink]FrameView( 4548): [layout] call compositor()->didLayout()!
11-28 17:13:32.942 D/[blink]FrameView( 4548): [layout] updateDocumentAnnotatedRegions start... this:0x597c7038
11-28 17:13:32.942 D/[blink]FrameView( 4548): [layout] scheduleOrPerformPostLayoutTasks start... this:0x597c7038
11-28 17:13:32.942 D/[blink]FrameView( 4548): [layout] end... this:0x597c7038
11-28 17:13:32.942 D/[blink]FrameView( 4548): [layout] out... this:0x597c7038
11-28 17:13:32.942 D/[blink]FrameView( 4548): [updateStyleAndLayoutIfNeededRecursiveInternal] in... this:0x597c78b0.
11-28 17:13:32.942 D/[blink]FrameView( 4548): [updateStyleAndLayoutIfNeededRecursiveInternal] end... this:0x597c78b0.
11-28 17:13:32.942 D/[blink]FrameView( 4548): [updateStyleAndLayoutIfNeededRecursiveInternal] end... this:0x597c7038.
11-28 17:13:32.942 D/[blink]FrameView( 4548): [updateLifecyclePhasesInternal] in... this:0x597c7038, targetState=18
11-28 17:13:32.943 D/[blink]FrameView( 4548): [updateLifecyclePhasesInternal] call compositor()->updateIfNeededRecursive()!
11-28 17:13:32.944 D/[blink] ImagePainter( 4548): [paintReplaced] ImagePainter::paintReplaced in w=21056, h=3712.
11-28 17:13:32.944 D/[blink] ImagePainter( 4548): [paintReplaced] ImagePainter::paintReplaced in w=14272, h=1792.
11-28 17:13:32.944 D/[blink] ImagePainter( 4548): [paintReplaced] ImagePainter::paintReplaced in w=1408, h=768.
11-28 17:13:32.945 D/[blink]FrameView( 4548): [updateLifecyclePhasesInternal] end... this:0x597c7038
11-28 17:13:32.972 I/AdvancedPorting-PORT_MODULE_NET( 4548): network_task while... 
11-28 17:13:32.973 I/AdvancedPorting-PORT_MODULE_NET( 4548): 0 interface name: lo
11-28 17:13:32.973 I/AdvancedPorting-PORT_MODULE_NET( 4548): 1 interface name: eth0
11-28 17:13:32.973 I/AdvancedPorting-PORT_MODULE_NET( 4548): 2 interface name: wlan0
11-28 17:13:32.973 I/AdvancedPorting-PORT_MODULE_NET( 4548): First interface name: lo
11-28 17:13:32.973 I/AdvancedPorting-PORT_MODULE_NET( 4548): network_task while...  net_i:1
11-28 17:13:32.973 I/AdvancedPorting-PORT_MODULE_NET( 4548): network_task while---name_interface[0]=lo
11-28 17:13:32.973 I/AdvancedPorting-PORT_MODULE_NET( 4548): network_task while---name_interface[1]=eth0
11-28 17:13:32.973 I/AdvancedPorting-PORT_MODULE_NET( 4548): network_task while---interface_name=eth0
11-28 17:13:32.973 I/AdvancedPorting-PORT_MODULE_NET( 4548): network_get_netlink_status(in)--if_name=eth0
11-28 17:13:32.973 I/AdvancedPorting-PORT_MODULE_NET( 4548): net.network.isconnected = no
11-28 17:13:32.973 I/AdvancedPorting-PORT_MODULE_NET( 4548): eth0 --network_get_netlink_status return retval=1
11-28 17:13:32.973 I/AdvancedPorting-PORT_MODULE_NET( 4548): stat = 1 last_status = 1
11-28 17:13:32.982 D/BackBootDealerNeimeng( 2401): standbyState:
11-28 17:13:32.982 E/NetUtils( 2029): Interface eth0 LinkUp!
11-28 17:13:32.997 D/ResourceLoader( 4548): [ResponseCompleted] finish request 0x8b42dc00 url='http://10.14.41.245:13160/search/search_by_keyword?accesstoken=R5A1D202BU20850029K53724E0DIA6230E0AP8M2FAF083WDC011B88FB1&keyword=2017&label=289&pageidx=1&pagenum=20&depth=2&sortby=4'
11-28 17:13:32.998 D/V8ScriptRunner( 4548): [callFunction] start. frame = 0x25e6bdb8 function: xmlHttp.onreadystatechange url: http://10.14.41.246/application/bxfc/sec/js/common.js line: 276
11-28 17:13:32.998 D/V8ScriptRunner( 4548): [callFunction] end. frame = 0x25e6bdb8 function: xmlHttp.onreadystatechange url: http://10.14.41.246/application/bxfc/sec/js/common.js line: 276
11-28 17:13:32.998 D/V8ScriptRunner( 4548): [callFunction] start. frame = 0x25e6bdb8 function: xmlHttp.onreadystatechange url: http://10.14.41.246/application/bxfc/sec/js/common.js line: 276
11-28 17:13:32.998 D/V8ScriptRunner( 4548): [callFunction] end. frame = 0x25e6bdb8 function: xmlHttp.onreadystatechange url: http://10.14.41.246/application/bxfc/sec/js/common.js line: 276
11-28 17:13:32.998 D/[blink]ResourceFetcher( 4548): [didFinishLoading] encoded length=3566 url=http://10.14.41.245:13160/search/search_by_keyword?accesstoken=R5A1D202BU20850029K53724E0DIA6230E0AP8M2FAF083WDC011B88FB1&keyword=2017&label=289&pageidx=1&pagenum=20&depth=2&sortby=4.
11-28 17:13:32.999 D/V8ScriptRunner( 4548): [callFunction] start. frame = 0x25e6bdb8 function: xmlHttp.onreadystatechange url: http://10.14.41.246/application/bxfc/sec/js/common.js line: 276
11-28 17:13:33.000 D/iPanel  ( 4548): iPanel.debug("----result_data.list.length--:2")
11-28 17:13:33.000 D/[cc]beginFrameSource( 4548): [AddObserver] ExternalBeginFrameSource::AddObserver
11-28 17:13:33.001 D/[blink]ResourceFetcher( 4548): [requestResource] url=http://slave.tvos_cf96066.cn:13160/poster/movie/100000559/375x210_1.jpg.
11-28 17:13:33.001 D/url     ( 4548): [DoResolveRelative] [WEB] DoResolveRelative Error resolving.
11-28 17:13:33.001 D/iPanel  ( 4548): iPanel.debug("----$(recImg0).src--:http://slave.tvos_cf96066.cn:13160/poster/movie/100000559/375x210_1.jpg")
11-28 17:13:33.001 D/ChromeClientImpl( 4548): [addMessageToConsole] [LOG:CONSOLE(487)] "", source:http://10.14.41.246/application/bxfc/sec/index.htm (487)
11-28 17:13:33.002 D/[blink]ResourceFetcher( 4548): [requestResource] url=http://slave.tvos_cf96066.cn:13160/poster/movie/100000557/375x210_1.jpg.
11-28 17:13:33.002 D/url     ( 4548): [DoResolveRelative] [WEB] DoResolveRelative Error resolving.
11-28 17:13:33.002 D/[blink]memoryCache( 4548): [evict] remove:http://slave.tvos_cf96066.cn:13160/poster/movie/100000557/375x210_1.jpg
11-28 17:13:33.002 D/iPanel  ( 4548): iPanel.debug("----$(recImg1).src--:http://slave.tvos_cf96066.cn:13160/poster/movie/100000557/375x210_1.jpg")
11-28 17:13:33.002 D/ResourceLoader( 4548): [StartRequest] start request 0x8b42dc00 url='http://slave.tvos_cf96066.cn:13160/poster/movie/100000557/375x210_1.jpg'
11-28 17:13:33.002 D/ChromeClientImpl( 4548): [addMessageToConsole] [LOG:CONSOLE(487)] "", source:http://10.14.41.246/application/bxfc/sec/index.htm (487)
11-28 17:13:33.002 D/AwRequestInterceptor( 4548): [MaybeInterceptRequest] request=0x8b42dc00
11-28 17:13:33.003 D/cr_AwContents( 4548): [AwContents.java:520] BackgroundThreadClientImpl shouldInterceptRequest url = http://slave.tvos_cf96066.cn:13160/poster/movie/100000557/375x210_1.jpg
11-28 17:13:33.003 D/cr_AwNullContentsClient( 4548): [AwNullContentsClient.java:59] shouldInterceptRequest url=http://slave.tvos_cf96066.cn:13160/poster/movie/100000557/375x210_1.jpg
11-28 17:13:33.003 D/BrowserWebViewClient( 4548): intercept request :http://slave.tvos_cf96066.cn:13160/poster/movie/100000557/375x210_1.jpg
11-28 17:13:33.003 D/AwRequestInterceptor( 4548): [MaybeInterceptRequest] request=0x8b42dc00
11-28 17:13:33.003 D/[blink]ResourceFetcher( 4548): [requestResource] url=http://slave.tvos_cf96066.cn:13160/poster/movie/100000557/246x138_1.jpg.
11-28 17:13:33.003 D/url     ( 4548): [DoResolveRelative] [WEB] DoResolveRelative Error resolving.
11-28 17:13:33.004 D/iPanel  ( 4548): iPanel.debug("----$(img0).src--:http://slave.tvos_cf96066.cn:13160/poster/movie/100000557/246x138_1.jpg")
11-28 17:13:33.004 D/[blink]ResourceFetcher( 4548): [requestResource] url=http://slave.tvos_cf96066.cn:13160/poster/movie/100000475/246x138_1.jpg.
11-28 17:13:33.004 D/url     ( 4548): [DoResolveRelative] [WEB] DoResolveRelative Error resolving.
11-28 17:13:33.004 D/iPanel  ( 4548): iPanel.debug("----$(img1).src--:http://slave.tvos_cf96066.cn:13160/poster/movie/100000475/246x138_1.jpg")
11-28 17:13:33.004 D/[blink]FrameLoader( 4548): [allowPlugins] allowPlugins return 1
11-28 17:13:33.006 D/V8ScriptRunner( 4548): [callFunction] end. frame = 0x25e6bdb8 function: xmlHttp.onreadystatechange url: http://10.14.41.246/application/bxfc/sec/js/common.js line: 276
11-28 17:13:33.008 D/[cc]ProxyMain( 4548): [BeginMainFrame] cc.BeginMainFrame this:0x9f620a10
11-28 17:13:33.009 D/[blink]FrameView( 4548): [layout] start... this:0x597c7038, frame=0x25e6bdb8 content size(1280, 720). 
11-28 17:13:33.010 D/[blink]FrameView( 4548): [layout] performPreLayoutTasks start... this:0x597c7038
11-28 17:13:33.010 D/[blink]FrameView( 4548): [layout] performPreLayoutTasks end... this:0x597c7038
11-28 17:13:33.010 D/[blink]FrameView( 4548): [layout] performLayout start... this:0x597c7038
11-28 17:13:33.010 D/[blink]FrameView( 4548): [layout] performLayout end... this:0x597c7038
11-28 17:13:33.010 D/[blink]FrameView( 4548): [layout] call compositor()->didLayout()!
11-28 17:13:33.010 D/[blink]FrameView( 4548): [layout] updateDocumentAnnotatedRegions start... this:0x597c7038
11-28 17:13:33.010 D/[blink]FrameView( 4548): [layout] scheduleOrPerformPostLayoutTasks start... this:0x597c7038
11-28 17:13:33.010 D/[blink]FrameView( 4548): [layout] end... this:0x597c7038
11-28 17:13:33.010 D/[blink]FrameView( 4548): [layout] out... this:0x597c7038
11-28 17:13:33.012 D/[cc]LayerTreeHost( 4548): [AnimateLayers] AnimateLayers monotonic_time=2417283236
11-28 17:13:33.012 D/[blink]FrameView( 4548): [updateStyleAndLayoutIfNeededRecursiveInternal] in... this:0x597c7038.
11-28 17:13:33.012 D/[blink]FrameView( 4548): [layout] start... this:0x597c7038, frame=0x25e6bdb8 content size(1280, 720). 
11-28 17:13:33.012 D/[blink]FrameView( 4548): [layout] performPreLayoutTasks start... this:0x597c7038
11-28 17:13:33.012 D/[blink]FrameView( 4548): [layout] performPreLayoutTasks end... this:0x597c7038
11-28 17:13:33.012 D/[blink]FrameView( 4548): [layout] performLayout start... this:0x597c7038
11-28 17:13:33.012 D/[blink]FrameView( 4548): [layout] performLayout end... this:0x597c7038
11-28 17:13:33.013 D/[blink]FrameView( 4548): [layout] call compositor()->didLayout()!
11-28 17:13:33.013 D/[blink]FrameView( 4548): [layout] updateDocumentAnnotatedRegions start... this:0x597c7038
11-28 17:13:33.013 D/[blink]FrameView( 4548): [layout] scheduleOrPerformPostLayoutTasks start... this:0x597c7038
11-28 17:13:33.013 D/[blink]FrameView( 4548): [layout] end... this:0x597c7038
11-28 17:13:33.013 D/[blink]FrameView( 4548): [layout] out... this:0x597c7038
11-28 17:13:33.013 D/[blink]FrameView( 4548): [updateStyleAndLayoutIfNeededRecursiveInternal] in... this:0x597c78b0.
11-28 17:13:33.013 D/[blink]FrameView( 4548): [updateStyleAndLayoutIfNeededRecursiveInternal] end... this:0x597c78b0.
11-28 17:13:33.013 D/[blink]FrameView( 4548): [updateStyleAndLayoutIfNeededRecursiveInternal] end... this:0x597c7038.
11-28 17:13:33.013 D/[blink]FrameView( 4548): [updateLifecyclePhasesInternal] in... this:0x597c7038, targetState=18
11-28 17:13:33.013 D/[blink]FrameView( 4548): [updateLifecyclePhasesInternal] call compositor()->updateIfNeededRecursive()!
