11-28 17:36:50.672 V/WindowManager( 2031): Adding window Window{ba337ae u0 SurfaceView} at 4 of 11 (before Window{ffb862d u0 com.ipanel.android_webview.shell/com.ipanel.webapp.BrowserActivity})
11-28 17:36:50.739 V/WindowManager( 2031): Adding window Window{216898dc u0 SurfaceView} at 5 of 12 (before Window{ffb862d u0 com.ipanel.android_webview.shell/com.ipanel.webapp.BrowserActivity})
11-28 17:36:50.789 W/ViewRootImpl( 3082): Cancelling event due to no window focus: KeyEvent { action=ACTION_UP, keyCode=KEYCODE_DPAD_CENTER, scanCode=28, metaState=0, flags=0x80000028, repeatCount=0, eventTime=59248, downTime=59039, deviceId=4, source=0x701 }
11-28 17:36:50.790 W/ViewRootImpl( 3082): Cancelling event due to no window focus: KeyEvent { action=ACTION_UP, keyCode=KEYCODE_DPAD_CENTER, scanCode=28, metaState=0, flags=0x80000028, repeatCount=0, eventTime=59248, downTime=59039, deviceId=4, source=0x701 }
11-28 17:36:50.790 W/ViewRootImpl( 3082): Cancelling event due to no window focus: KeyEvent { action=ACTION_UP, keyCode=KEYCODE_DPAD_CENTER, scanCode=28, metaState=0, flags=0x80000028, repeatCount=0, eventTime=59248, downTime=59039, deviceId=4, source=0x701 }
11-28 17:36:50.790 W/ViewRootImpl( 3082): Cancelling event due to no window focus: KeyEvent { action=ACTION_UP, keyCode=KEYCODE_DPAD_CENTER, scanCode=28, metaState=0, flags=0x80000028, repeatCount=0, eventTime=59248, downTime=59039, deviceId=4, source=0x701 }
11-28 17:36:50.790 W/ViewRootImpl( 3082): Cancelling event due to no window focus: KeyEvent { action=ACTION_UP, keyCode=KEYCODE_DPAD_CENTER, scanCode=28, metaState=0, flags=0x80000028, repeatCount=0, eventTime=59248, downTime=59039, deviceId=4, source=0x701 }
11-28 17:36:50.790 W/ViewRootImpl( 3082): Cancelling event due to no window focus: KeyEvent { action=ACTION_UP, keyCode=KEYCODE_DPAD_CENTER, scanCode=28, metaState=0, flags=0x80000028, repeatCount=0, eventTime=59248, downTime=59039, deviceId=4, source=0x701 }
11-28 17:36:50.791 W/ViewRootImpl( 3082): Cancelling event due to no window focus: KeyEvent { action=ACTION_UP, keyCode=KEYCODE_DPAD_CENTER, scanCode=28, metaState=0, flags=0x80000028, repeatCount=0, eventTime=59248, downTime=59039, deviceId=4, source=0x701 }
11-28 17:36:50.791 W/ViewRootImpl( 3082): Cancelling event due to no window focus: KeyEvent { action=ACTION_UP, keyCode=KEYCODE_DPAD_CENTER, scanCode=28, metaState=0, flags=0x80000028, repeatCount=0, eventTime=59248, downTime=59039, deviceId=4, source=0x701 }
11-28 17:36:50.791 W/ViewRootImpl( 3082): Cancelling event due to no window focus: KeyEvent { action=ACTION_UP, keyCode=KEYCODE_DPAD_CENTER, scanCode=28, metaState=0, flags=0x80000028, repeatCount=0, eventTime=59248, downTime=59039, deviceId=4, source=0x701 }
11-28 17:36:51.268 W/ViewRootImpl( 2510): Cancelling event due to no window focus: KeyEvent { action=ACTION_UP, keyCode=KEYCODE_DPAD_CENTER, scanCode=28, metaState=0, flags=0x28, repeatCount=0, eventTime=59101, downTime=59039, deviceId=4, source=0x701 }
11-28 17:36:51.268 W/ViewRootImpl( 2510): Cancelling event due to no window focus: KeyEvent { action=ACTION_UP, keyCode=KEYCODE_DPAD_CENTER, scanCode=28, metaState=0, flags=0x28, repeatCount=0, eventTime=59101, downTime=59039, deviceId=4, source=0x701 }
11-28 17:36:51.268 W/ViewRootImpl( 2510): Cancelling event due to no window focus: KeyEvent { action=ACTION_UP, keyCode=KEYCODE_DPAD_CENTER, scanCode=28, metaState=0, flags=0x28, repeatCount=0, eventTime=59101, downTime=59039, deviceId=4, source=0x701 }
11-28 17:36:51.269 W/ViewRootImpl( 2510): Cancelling event due to no window focus: KeyEvent { action=ACTION_UP, keyCode=KEYCODE_DPAD_CENTER, scanCode=28, metaState=0, flags=0x28, repeatCount=0, eventTime=59101, downTime=59039, deviceId=4, source=0x701 }
11-28 17:36:51.269 W/ViewRootImpl( 2510): Cancelling event due to no window focus: KeyEvent { action=ACTION_UP, keyCode=KEYCODE_DPAD_CENTER, scanCode=28, metaState=0, flags=0x28, repeatCount=0, eventTime=59101, downTime=59039, deviceId=4, source=0x701 }
11-28 17:36:51.269 W/ViewRootImpl( 2510): Cancelling event due to no window focus: KeyEvent { action=ACTION_UP, keyCode=KEYCODE_DPAD_CENTER, scanCode=28, metaState=0, flags=0x28, repeatCount=0, eventTime=59101, downTime=59039, deviceId=4, source=0x701 }
11-28 17:36:51.269 W/ViewRootImpl( 2510): Cancelling event due to no window focus: KeyEvent { action=ACTION_UP, keyCode=KEYCODE_DPAD_CENTER, scanCode=28, metaState=0, flags=0x28, repeatCount=0, eventTime=59101, downTime=59039, deviceId=4, source=0x701 }
11-28 17:36:51.269 W/ViewRootImpl( 2510): Cancelling event due to no window focus: KeyEvent { action=ACTION_UP, keyCode=KEYCODE_DPAD_CENTER, scanCode=28, metaState=0, flags=0x28, repeatCount=0, eventTime=59101, downTime=59039, deviceId=4, source=0x701 }
11-28 17:36:51.269 W/ViewRootImpl( 2510): Cancelling event due to no window focus: KeyEvent { action=ACTION_UP, keyCode=KEYCODE_DPAD_CENTER, scanCode=28, metaState=0, flags=0x28, repeatCount=0, eventTime=59101, downTime=59039, deviceId=4, source=0x701 }
11-28 17:37:23.401 W/ContextImpl( 2383): Calling a method in the system process without a qualified user: android.app.ContextImpl.sendBroadcast:1345 android.content.ContextWrapper.sendBroadcast:377 com.suma.midware.back.esg.e.f:-1 com.suma.midware.back.esg.f.run:-1 com.suma.midware.prop.util.c.run:-1 
11-28 17:37:24.403 W/ContextImpl( 2383): Calling a method in the system process without a qualified user: android.app.ContextImpl.sendBroadcast:1345 android.content.ContextWrapper.sendBroadcast:377 com.suma.midware.back.esg.e.f:-1 com.suma.midware.back.esg.f.run:-1 com.suma.midware.prop.util.c.run:-1 
11-28 17:37:25.406 W/ContextImpl( 2383): Calling a method in the system process without a qualified user: android.app.ContextImpl.sendBroadcast:1345 android.content.ContextWrapper.sendBroadcast:377 com.suma.midware.back.esg.e.f:-1 com.suma.midware.back.esg.f.run:-1 com.suma.midware.prop.util.c.run:-1 
11-28 17:37:26.408 W/ContextImpl( 2383): Calling a method in the system process without a qualified user: android.app.ContextImpl.sendBroadcast:1345 android.content.ContextWrapper.sendBroadcast:377 com.suma.midware.back.esg.e.f:-1 com.suma.midware.back.esg.f.run:-1 com.suma.midware.prop.util.c.run:-1 
11-28 17:37:27.410 W/ContextImpl( 2383): Calling a method in the system process without a qualified user: android.app.ContextImpl.sendBroadcast:1345 android.content.ContextWrapper.sendBroadcast:377 com.suma.midware.back.esg.e.f:-1 com.suma.midware.back.esg.f.run:-1 com.suma.midware.prop.util.c.run:-1 
11-28 17:37:28.411 W/ContextImpl( 2383): Calling a method in the system process without a qualified user: android.app.ContextImpl.sendBroadcast:1345 android.content.ContextWrapper.sendBroadcast:377 com.suma.midware.back.esg.e.f:-1 com.suma.midware.back.esg.f.run:-1 com.suma.midware.prop.util.c.run:-1 
11-28 17:38:11.747 E/RemotePrintSpooler( 2031): Error removing obsolete print jobs .
11-28 17:38:11.747 E/RemotePrintSpooler( 2031): java.util.concurrent.TimeoutException: Cannot get spooler!
11-28 17:38:11.747 E/RemotePrintSpooler( 2031): 	at com.android.server.print.RemotePrintSpooler.bindLocked(RemotePrintSpooler.java:378)
11-28 17:38:11.747 E/RemotePrintSpooler( 2031): 	at com.android.server.print.RemotePrintSpooler.getRemoteInstanceLazy(RemotePrintSpooler.java:354)
11-28 17:38:11.747 E/RemotePrintSpooler( 2031): 	at com.android.server.print.RemotePrintSpooler.removeObsoletePrintJobs(RemotePrintSpooler.java:289)
11-28 17:38:11.747 E/RemotePrintSpooler( 2031): 	at com.android.server.print.UserState.removeObsoletePrintJobs(UserState.java:165)
11-28 17:38:11.747 E/RemotePrintSpooler( 2031): 	at com.android.server.print.PrintManagerService$PrintManagerImpl$3.run(PrintManagerService.java:644)
11-28 17:38:11.747 E/RemotePrintSpooler( 2031): 	at android.os.Handler.handleCallback(Handler.java:739)
11-28 17:38:11.747 E/RemotePrintSpooler( 2031): 	at android.os.Handler.dispatchMessage(Handler.java:95)
11-28 17:38:11.747 E/RemotePrintSpooler( 2031): 	at android.os.Looper.loop(Looper.java:135)
11-28 17:38:11.747 E/RemotePrintSpooler( 2031): 	at android.os.HandlerThread.run(HandlerThread.java:61)
11-28 17:38:11.752 I/UsageStatsService( 2031): User[0] Flushing usage stats to disk
11-28 17:38:11.792 I/UsageStatsDatabase( 2031): Moving file /data/system/usagestats/0/daily/1420070400000 to /data/system/usagestats/0/daily/1511861754457
11-28 17:38:11.792 I/UsageStatsDatabase( 2031): Moving file /data/system/usagestats/0/weekly/1420070400000 to /data/system/usagestats/0/weekly/1511861754457
11-28 17:38:11.792 I/UsageStatsDatabase( 2031): Moving file /data/system/usagestats/0/monthly/1417824000000 to /data/system/usagestats/0/monthly/1509615354457
11-28 17:38:11.792 I/UsageStatsDatabase( 2031): Moving file /data/system/usagestats/0/yearly/1419120000000 to /data/system/usagestats/0/yearly/1510911354457
11-28 17:38:11.796 I/UsageStatsService( 2031): User[0] Rollover scheduled @ 2017-11-29 08:00:00(1511913600000)
11-28 17:38:28.443 W/ContextImpl( 2383): Calling a method in the system process without a qualified user: android.app.ContextImpl.sendBroadcast:1345 android.content.ContextWrapper.sendBroadcast:377 com.suma.midware.back.esg.e.f:-1 com.suma.midware.back.esg.f.run:-1 com.suma.midware.prop.util.c.run:-1 
11-28 17:38:29.445 W/ContextImpl( 2383): Calling a method in the system process without a qualified user: android.app.ContextImpl.sendBroadcast:1345 android.content.ContextWrapper.sendBroadcast:377 com.suma.midware.back.esg.e.f:-1 com.suma.midware.back.esg.f.run:-1 com.suma.midware.prop.util.c.run:-1 
11-28 17:38:30.446 W/ContextImpl( 2383): Calling a method in the system process without a qualified user: android.app.ContextImpl.sendBroadcast:1345 android.content.ContextWrapper.sendBroadcast:377 com.suma.midware.back.esg.e.f:-1 com.suma.midware.back.esg.f.run:-1 com.suma.midware.prop.util.c.run:-1 
11-28 17:38:31.448 W/ContextImpl( 2383): Calling a method in the system process without a qualified user: android.app.ContextImpl.sendBroadcast:1345 android.content.ContextWrapper.sendBroadcast:377 com.suma.midware.back.esg.e.f:-1 com.suma.midware.back.esg.f.run:-1 com.suma.midware.prop.util.c.run:-1 
11-28 17:38:32.450 W/ContextImpl( 2383): Calling a method in the system process without a qualified user: android.app.ContextImpl.sendBroadcast:1345 android.content.ContextWrapper.sendBroadcast:377 com.suma.midware.back.esg.e.f:-1 com.suma.midware.back.esg.f.run:-1 com.suma.midware.prop.util.c.run:-1 
11-28 17:38:33.452 W/ContextImpl( 2383): Calling a method in the system process without a qualified user: android.app.ContextImpl.sendBroadcast:1345 android.content.ContextWrapper.sendBroadcast:377 com.suma.midware.back.esg.e.f:-1 com.suma.midware.back.esg.f.run:-1 com.suma.midware.prop.util.c.run:-1 
11-28 17:39:33.519 W/ContextImpl( 2383): Calling a method in the system process without a qualified user: android.app.ContextImpl.sendBroadcast:1345 android.content.ContextWrapper.sendBroadcast:377 com.suma.midware.back.esg.e.f:-1 com.suma.midware.back.esg.f.run:-1 com.suma.midware.prop.util.c.run:-1 
11-28 17:39:34.521 W/ContextImpl( 2383): Calling a method in the system process without a qualified user: android.app.ContextImpl.sendBroadcast:1345 android.content.ContextWrapper.sendBroadcast:377 com.suma.midware.back.esg.e.f:-1 com.suma.midware.back.esg.f.run:-1 com.suma.midware.prop.util.c.run:-1 
11-28 17:39:35.524 W/ContextImpl( 2383): Calling a method in the system process without a qualified user: android.app.ContextImpl.sendBroadcast:1345 android.content.ContextWrapper.sendBroadcast:377 com.suma.midware.back.esg.e.f:-1 com.suma.midware.back.esg.f.run:-1 com.suma.midware.prop.util.c.run:-1 
11-28 17:39:36.527 W/ContextImpl( 2383): Calling a method in the system process without a qualified user: android.app.ContextImpl.sendBroadcast:1345 android.content.ContextWrapper.sendBroadcast:377 com.suma.midware.back.esg.e.f:-1 com.suma.midware.back.esg.f.run:-1 com.suma.midware.prop.util.c.run:-1 
11-28 17:39:37.530 W/ContextImpl( 2383): Calling a method in the system process without a qualified user: android.app.ContextImpl.sendBroadcast:1345 android.content.ContextWrapper.sendBroadcast:377 com.suma.midware.back.esg.e.f:-1 com.suma.midware.back.esg.f.run:-1 com.suma.midware.prop.util.c.run:-1 
11-28 17:39:38.533 W/ContextImpl( 2383): Calling a method in the system process without a qualified user: android.app.ContextImpl.sendBroadcast:1345 android.content.ContextWrapper.sendBroadcast:377 com.suma.midware.back.esg.e.f:-1 com.suma.midware.back.esg.f.run:-1 com.suma.midware.prop.util.c.run:-1 
11-28 17:40:38.591 W/ContextImpl( 2383): Calling a method in the system process without a qualified user: android.app.ContextImpl.sendBroadcast:1345 android.content.ContextWrapper.sendBroadcast:377 com.suma.midware.back.esg.e.f:-1 com.suma.midware.back.esg.f.run:-1 com.suma.midware.prop.util.c.run:-1 
11-28 17:40:39.594 W/ContextImpl( 2383): Calling a method in the system process without a qualified user: android.app.ContextImpl.sendBroadcast:1345 android.content.ContextWrapper.sendBroadcast:377 com.suma.midware.back.esg.e.f:-1 com.suma.midware.back.esg.f.run:-1 com.suma.midware.prop.util.c.run:-1 
11-28 17:40:40.597 W/ContextImpl( 2383): Calling a method in the system process without a qualified user: android.app.ContextImpl.sendBroadcast:1345 android.content.ContextWrapper.sendBroadcast:377 com.suma.midware.back.esg.e.f:-1 com.suma.midware.back.esg.f.run:-1 com.suma.midware.prop.util.c.run:-1 
11-28 17:40:41.600 W/ContextImpl( 2383): Calling a method in the system process without a qualified user: android.app.ContextImpl.sendBroadcast:1345 android.content.ContextWrapper.sendBroadcast:377 com.suma.midware.back.esg.e.f:-1 com.suma.midware.back.esg.f.run:-1 com.suma.midware.prop.util.c.run:-1 
11-28 17:40:42.603 W/ContextImpl( 2383): Calling a method in the system process without a qualified user: android.app.ContextImpl.sendBroadcast:1345 android.content.ContextWrapper.sendBroadcast:377 com.suma.midware.back.esg.e.f:-1 com.suma.midware.back.esg.f.run:-1 com.suma.midware.prop.util.c.run:-1 
11-28 17:40:43.606 W/ContextImpl( 2383): Calling a method in the system process without a qualified user: android.app.ContextImpl.sendBroadcast:1345 android.content.ContextWrapper.sendBroadcast:377 com.suma.midware.back.esg.e.f:-1 com.suma.midware.back.esg.f.run:-1 com.suma.midware.prop.util.c.run:-1 
11-28 17:41:43.645 W/ContextImpl( 2383): Calling a method in the system process without a qualified user: android.app.ContextImpl.sendBroadcast:1345 android.content.ContextWrapper.sendBroadcast:377 com.suma.midware.back.esg.e.f:-1 com.suma.midware.back.esg.f.run:-1 com.suma.midware.prop.util.c.run:-1 
11-28 17:41:44.647 W/ContextImpl( 2383): Calling a method in the system process without a qualified user: android.app.ContextImpl.sendBroadcast:1345 android.content.ContextWrapper.sendBroadcast:377 com.suma.midware.back.esg.e.f:-1 com.suma.midware.back.esg.f.run:-1 com.suma.midware.prop.util.c.run:-1 
11-28 17:41:45.650 W/ContextImpl( 2383): Calling a method in the system process without a qualified user: android.app.ContextImpl.sendBroadcast:1345 android.content.ContextWrapper.sendBroadcast:377 com.suma.midware.back.esg.e.f:-1 com.suma.midware.back.esg.f.run:-1 com.suma.midware.prop.util.c.run:-1 
11-28 17:41:46.653 W/ContextImpl( 2383): Calling a method in the system process without a qualified user: android.app.ContextImpl.sendBroadcast:1345 android.content.ContextWrapper.sendBroadcast:377 com.suma.midware.back.esg.e.f:-1 com.suma.midware.back.esg.f.run:-1 com.suma.midware.prop.util.c.run:-1 
11-28 17:41:47.656 W/ContextImpl( 2383): Calling a method in the system process without a qualified user: android.app.ContextImpl.sendBroadcast:1345 android.content.ContextWrapper.sendBroadcast:377 com.suma.midware.back.esg.e.f:-1 com.suma.midware.back.esg.f.run:-1 com.suma.midware.prop.util.c.run:-1 
11-28 17:41:48.658 W/ContextImpl( 2383): Calling a method in the system process without a qualified user: android.app.ContextImpl.sendBroadcast:1345 android.content.ContextWrapper.sendBroadcast:377 com.suma.midware.back.esg.e.f:-1 com.suma.midware.back.esg.f.run:-1 com.suma.midware.prop.util.c.run:-1 
11-28 17:42:48.712 W/ContextImpl( 2383): Calling a method in the system process without a qualified user: android.app.ContextImpl.sendBroadcast:1345 android.content.ContextWrapper.sendBroadcast:377 com.suma.midware.back.esg.e.f:-1 com.suma.midware.back.esg.f.run:-1 com.suma.midware.prop.util.c.run:-1 
11-28 17:42:49.714 W/ContextImpl( 2383): Calling a method in the system process without a qualified user: android.app.ContextImpl.sendBroadcast:1345 android.content.ContextWrapper.sendBroadcast:377 com.suma.midware.back.esg.e.f:-1 com.suma.midware.back.esg.f.run:-1 com.suma.midware.prop.util.c.run:-1 
11-28 17:42:50.717 W/ContextImpl( 2383): Calling a method in the system process without a qualified user: android.app.ContextImpl.sendBroadcast:1345 android.content.ContextWrapper.sendBroadcast:377 com.suma.midware.back.esg.e.f:-1 com.suma.midware.back.esg.f.run:-1 com.suma.midware.prop.util.c.run:-1 
11-28 17:42:51.721 W/ContextImpl( 2383): Calling a method in the system process without a qualified user: android.app.ContextImpl.sendBroadcast:1345 android.content.ContextWrapper.sendBroadcast:377 com.suma.midware.back.esg.e.f:-1 com.suma.midware.back.esg.f.run:-1 com.suma.midware.prop.util.c.run:-1 
11-28 17:42:52.723 W/ContextImpl( 2383): Calling a method in the system process without a qualified user: android.app.ContextImpl.sendBroadcast:1345 android.content.ContextWrapper.sendBroadcast:377 com.suma.midware.back.esg.e.f:-1 com.suma.midware.back.esg.f.run:-1 com.suma.midware.prop.util.c.run:-1 
11-28 17:42:53.726 W/ContextImpl( 2383): Calling a method in the system process without a qualified user: android.app.ContextImpl.sendBroadcast:1345 android.content.ContextWrapper.sendBroadcast:377 com.suma.midware.back.esg.e.f:-1 com.suma.midware.back.esg.f.run:-1 com.suma.midware.prop.util.c.run:-1 
11-28 17:43:53.783 W/ContextImpl( 2383): Calling a method in the system process without a qualified user: android.app.ContextImpl.sendBroadcast:1345 android.content.ContextWrapper.sendBroadcast:377 com.suma.midware.back.esg.e.f:-1 com.suma.midware.back.esg.f.run:-1 com.suma.midware.prop.util.c.run:-1 
11-28 17:43:54.786 W/ContextImpl( 2383): Calling a method in the system process without a qualified user: android.app.ContextImpl.sendBroadcast:1345 android.content.ContextWrapper.sendBroadcast:377 com.suma.midware.back.esg.e.f:-1 com.suma.midware.back.esg.f.run:-1 com.suma.midware.prop.util.c.run:-1 
11-28 17:43:55.789 W/ContextImpl( 2383): Calling a method in the system process without a qualified user: android.app.ContextImpl.sendBroadcast:1345 android.content.ContextWrapper.sendBroadcast:377 com.suma.midware.back.esg.e.f:-1 com.suma.midware.back.esg.f.run:-1 com.suma.midware.prop.util.c.run:-1 
11-28 17:43:56.792 W/ContextImpl( 2383): Calling a method in the system process without a qualified user: android.app.ContextImpl.sendBroadcast:1345 android.content.ContextWrapper.sendBroadcast:377 com.suma.midware.back.esg.e.f:-1 com.suma.midware.back.esg.f.run:-1 com.suma.midware.prop.util.c.run:-1 
11-28 17:43:57.795 W/ContextImpl( 2383): Calling a method in the system process without a qualified user: android.app.ContextImpl.sendBroadcast:1345 android.content.ContextWrapper.sendBroadcast:377 com.suma.midware.back.esg.e.f:-1 com.suma.midware.back.esg.f.run:-1 com.suma.midware.prop.util.c.run:-1 
11-28 17:43:58.798 W/ContextImpl( 2383): Calling a method in the system process without a qualified user: android.app.ContextImpl.sendBroadcast:1345 android.content.ContextWrapper.sendBroadcast:377 com.suma.midware.back.esg.e.f:-1 com.suma.midware.back.esg.f.run:-1 com.suma.midware.prop.util.c.run:-1 
11-28 17:44:58.827 W/ContextImpl( 2383): Calling a method in the system process without a qualified user: android.app.ContextImpl.sendBroadcast:1345 android.content.ContextWrapper.sendBroadcast:377 com.suma.midware.back.esg.e.f:-1 com.suma.midware.back.esg.f.run:-1 com.suma.midware.prop.util.c.run:-1 
11-28 17:44:59.830 W/ContextImpl( 2383): Calling a method in the system process without a qualified user: android.app.ContextImpl.sendBroadcast:1345 android.content.ContextWrapper.sendBroadcast:377 com.suma.midware.back.esg.e.f:-1 com.suma.midware.back.esg.f.run:-1 com.suma.midware.prop.util.c.run:-1 
11-28 17:45:00.831 W/ContextImpl( 2383): Calling a method in the system process without a qualified user: android.app.ContextImpl.sendBroadcast:1345 android.content.ContextWrapper.sendBroadcast:377 com.suma.midware.back.esg.e.f:-1 com.suma.midware.back.esg.f.run:-1 com.suma.midware.prop.util.c.run:-1 
11-28 17:45:01.835 W/ContextImpl( 2383): Calling a method in the system process without a qualified user: android.app.ContextImpl.sendBroadcast:1345 android.content.ContextWrapper.sendBroadcast:377 com.suma.midware.back.esg.e.f:-1 com.suma.midware.back.esg.f.run:-1 com.suma.midware.prop.util.c.run:-1 
11-28 17:45:02.837 W/ContextImpl( 2383): Calling a method in the system process without a qualified user: android.app.ContextImpl.sendBroadcast:1345 android.content.ContextWrapper.sendBroadcast:377 com.suma.midware.back.esg.e.f:-1 com.suma.midware.back.esg.f.run:-1 com.suma.midware.prop.util.c.run:-1 
11-28 17:45:03.840 W/ContextImpl( 2383): Calling a method in the system process without a qualified user: android.app.ContextImpl.sendBroadcast:1345 android.content.ContextWrapper.sendBroadcast:377 com.suma.midware.back.esg.e.f:-1 com.suma.midware.back.esg.f.run:-1 com.suma.midware.prop.util.c.run:-1 
11-28 17:46:03.897 W/ContextImpl( 2383): Calling a method in the system process without a qualified user: android.app.ContextImpl.sendBroadcast:1345 android.content.ContextWrapper.sendBroadcast:377 com.suma.midware.back.esg.e.f:-1 com.suma.midware.back.esg.f.run:-1 com.suma.midware.prop.util.c.run:-1 
11-28 17:46:04.899 W/ContextImpl( 2383): Calling a method in the system process without a qualified user: android.app.ContextImpl.sendBroadcast:1345 android.content.ContextWrapper.sendBroadcast:377 com.suma.midware.back.esg.e.f:-1 com.suma.midware.back.esg.f.run:-1 com.suma.midware.prop.util.c.run:-1 
11-28 17:46:05.902 W/ContextImpl( 2383): Calling a method in the system process without a qualified user: android.app.ContextImpl.sendBroadcast:1345 android.content.ContextWrapper.sendBroadcast:377 com.suma.midware.back.esg.e.f:-1 com.suma.midware.back.esg.f.run:-1 com.suma.midware.prop.util.c.run:-1 
11-28 17:46:06.905 W/ContextImpl( 2383): Calling a method in the system process without a qualified user: android.app.ContextImpl.sendBroadcast:1345 android.content.ContextWrapper.sendBroadcast:377 com.suma.midware.back.esg.e.f:-1 com.suma.midware.back.esg.f.run:-1 com.suma.midware.prop.util.c.run:-1 
11-28 17:46:07.907 W/ContextImpl( 2383): Calling a method in the system process without a qualified user: android.app.ContextImpl.sendBroadcast:1345 android.content.ContextWrapper.sendBroadcast:377 com.suma.midware.back.esg.e.f:-1 com.suma.midware.back.esg.f.run:-1 com.suma.midware.prop.util.c.run:-1 
11-28 17:46:08.910 W/ContextImpl( 2383): Calling a method in the system process without a qualified user: android.app.ContextImpl.sendBroadcast:1345 android.content.ContextWrapper.sendBroadcast:377 com.suma.midware.back.esg.e.f:-1 com.suma.midware.back.esg.f.run:-1 com.suma.midware.prop.util.c.run:-1 
11-28 17:46:26.337 I/ActivityManager( 2031): Force stopping com.android.browser appid=10010 user=0: from pid 2383
11-28 17:46:26.346 I/ActivityManager( 2031): START u0 {act=android.intent.action.MAIN cat=[android.intent.category.HOME] flg=0x10200000 cmp=com.suma.midware.home/.third.Main3DActivity} from uid 1000 on display 0
11-28 17:46:26.419 I/ActivityManager( 2031): Process com.sumavision.android.media.v (pid 2721) has died
11-28 17:46:26.428 W/ContextImpl( 2510): Calling a method in the system process without a qualified user: android.app.ContextImpl.sendBroadcast:1345 android.content.ContextWrapper.sendBroadcast:377 com.suma.midware.view.ext.BluetoothUpdate.b:-1 com.suma.midware.home.third.Main3DActivity.onResume:-1 android.app.Instrumentation.callActivityOnResume:1257 
11-28 17:46:26.431 W/ContextImpl( 2510): Calling a method in the system process without a qualified user: android.app.ContextImpl.sendBroadcast:1345 android.content.ContextWrapper.sendBroadcast:377 android.app.ActivityThread.performResumeActivity:2982 android.app.ActivityThread.handleResumeActivity:3023 android.app.ActivityThread$H.handleMessage:1347 
11-28 17:46:26.431 I/ActivityManager( 2031): Force stopping com.suma.midware.vod appid=1000 user=0: from pid 2510
11-28 17:46:31.238 I/ActivityManager( 2031): START u0 {act= cmp=com.ipanel.android_webview.shell/com.ipanel.webapp.BrowserActivity (has extras)} from uid 1000 on display 0
11-28 17:46:31.248 W/ContextImpl( 2510): Calling a method in the system process without a qualified user: android.app.ContextImpl.sendBroadcast:1345 android.content.ContextWrapper.sendBroadcast:377 android.app.ActivityThread.performPauseActivity:3259 android.app.ActivityThread.performPauseActivity:3225 android.app.ActivityThread.handlePauseActivity:3200 
11-28 17:46:33.230 I/ActivityManager( 2031): moveTaskToBack: TaskRecord{3042c111 #1698 A=com.ipanel.android_webview.shell U=0 sz=1}
11-28 17:46:33.296 W/ContextImpl( 2510): Calling a method in the system process without a qualified user: android.app.ContextImpl.sendBroadcast:1345 android.content.ContextWrapper.sendBroadcast:377 com.suma.midware.view.ext.BluetoothUpdate.b:-1 com.suma.midware.home.third.Main3DActivity.onResume:-1 android.app.Instrumentation.callActivityOnResume:1257 
11-28 17:46:33.299 I/ActivityManager( 2031): Force stopping com.suma.midware.vod appid=1000 user=0: from pid 2510
11-28 17:46:33.300 W/ContextImpl( 2510): Calling a method in the system process without a qualified user: android.app.ContextImpl.sendBroadcast:1345 android.content.ContextWrapper.sendBroadcast:377 android.app.ActivityThread.performResumeActivity:2982 android.app.ActivityThread.handleResumeActivity:3023 android.app.ActivityThread$H.handleMessage:1347 
11-28 17:46:34.231 I/ActivityManager( 2031): START u0 {act= cmp=com.ipanel.android_webview.shell/com.ipanel.webapp.BrowserActivity (has extras)} from uid 1000 on display 0
11-28 17:46:34.236 W/ContextImpl( 2510): Calling a method in the system process without a qualified user: android.app.ContextImpl.sendBroadcast:1345 android.content.ContextWrapper.sendBroadcast:377 android.app.ActivityThread.performPauseActivity:3259 android.app.ActivityThread.performPauseActivity:3225 android.app.ActivityThread.handlePauseActivity:3200 
11-28 17:46:34.246 W/ViewRootImpl( 2510): Cancelling event due to no window focus: KeyEvent { action=ACTION_UP, keyCode=KEYCODE_DPAD_CENTER, scanCode=28, metaState=0, flags=0x28, repeatCount=0, eventTime=643085, downTime=643073, deviceId=4, source=0x701 }
11-28 17:46:34.246 W/ViewRootImpl( 2510): Cancelling event due to no window focus: KeyEvent { action=ACTION_UP, keyCode=KEYCODE_DPAD_CENTER, scanCode=28, metaState=0, flags=0x28, repeatCount=0, eventTime=643085, downTime=643073, deviceId=4, source=0x701 }
11-28 17:46:34.246 W/ViewRootImpl( 2510): Cancelling event due to no window focus: KeyEvent { action=ACTION_UP, keyCode=KEYCODE_DPAD_CENTER, scanCode=28, metaState=0, flags=0x28, repeatCount=0, eventTime=643085, downTime=643073, deviceId=4, source=0x701 }
11-28 17:46:34.246 W/ViewRootImpl( 2510): Cancelling event due to no window focus: KeyEvent { action=ACTION_UP, keyCode=KEYCODE_DPAD_CENTER, scanCode=28, metaState=0, flags=0x28, repeatCount=0, eventTime=643085, downTime=643073, deviceId=4, source=0x701 }
11-28 17:46:34.246 W/ViewRootImpl( 2510): Cancelling event due to no window focus: KeyEvent { action=ACTION_UP, keyCode=KEYCODE_DPAD_CENTER, scanCode=28, metaState=0, flags=0x28, repeatCount=0, eventTime=643085, downTime=643073, deviceId=4, source=0x701 }
11-28 17:46:34.246 W/ViewRootImpl( 2510): Cancelling event due to no window focus: KeyEvent { action=ACTION_UP, keyCode=KEYCODE_DPAD_CENTER, scanCode=28, metaState=0, flags=0x28, repeatCount=0, eventTime=643085, downTime=643073, deviceId=4, source=0x701 }
11-28 17:46:43.626 I/ActivityManager( 2031): moveTaskToBack: TaskRecord{3042c111 #1698 A=com.ipanel.android_webview.shell U=0 sz=1}
11-28 17:46:43.656 W/ContextImpl( 2510): Calling a method in the system process without a qualified user: android.app.ContextImpl.sendBroadcast:1345 android.content.ContextWrapper.sendBroadcast:377 com.suma.midware.view.ext.BluetoothUpdate.b:-1 com.suma.midware.home.third.Main3DActivity.onResume:-1 android.app.Instrumentation.callActivityOnResume:1257 
11-28 17:46:43.659 I/ActivityManager( 2031): Force stopping com.suma.midware.vod appid=1000 user=0: from pid 2510
11-28 17:46:43.659 W/ContextImpl( 2510): Calling a method in the system process without a qualified user: android.app.ContextImpl.sendBroadcast:1345 android.content.ContextWrapper.sendBroadcast:377 android.app.ActivityThread.performResumeActivity:2982 android.app.ActivityThread.handleResumeActivity:3023 android.app.ActivityThread$H.handleMessage:1347 
11-28 17:46:45.824 I/ActivityManager( 2031): START u0 {act= cmp=com.ipanel.android_webview.shell/com.ipanel.webapp.BrowserActivity (has extras)} from uid 1000 on display 0
11-28 17:46:45.831 W/ContextImpl( 2510): Calling a method in the system process without a qualified user: android.app.ContextImpl.sendBroadcast:1345 android.content.ContextWrapper.sendBroadcast:377 android.app.ActivityThread.performPauseActivity:3259 android.app.ActivityThread.performPauseActivity:3225 android.app.ActivityThread.handlePauseActivity:3200 
11-28 17:46:46.086 W/ViewRootImpl( 3082): Cancelling event due to no window focus: KeyEvent { action=ACTION_UP, keyCode=KEYCODE_DPAD_CENTER, scanCode=28, metaState=0, flags=0x80000028, repeatCount=0, eventTime=654873, downTime=654663, deviceId=4, source=0x701 }
11-28 17:46:46.086 W/ViewRootImpl( 3082): Cancelling event due to no window focus: KeyEvent { action=ACTION_UP, keyCode=KEYCODE_DPAD_CENTER, scanCode=28, metaState=0, flags=0x80000028, repeatCount=0, eventTime=654873, downTime=654663, deviceId=4, source=0x701 }
11-28 17:46:46.086 W/ViewRootImpl( 3082): Cancelling event due to no window focus: KeyEvent { action=ACTION_UP, keyCode=KEYCODE_DPAD_CENTER, scanCode=28, metaState=0, flags=0x80000028, repeatCount=0, eventTime=654873, downTime=654663, deviceId=4, source=0x701 }
11-28 17:46:46.086 W/ViewRootImpl( 3082): Cancelling event due to no window focus: KeyEvent { action=ACTION_UP, keyCode=KEYCODE_DPAD_CENTER, scanCode=28, metaState=0, flags=0x80000028, repeatCount=0, eventTime=654873, downTime=654663, deviceId=4, source=0x701 }
11-28 17:46:46.086 W/ViewRootImpl( 3082): Cancelling event due to no window focus: KeyEvent { action=ACTION_UP, keyCode=KEYCODE_DPAD_CENTER, scanCode=28, metaState=0, flags=0x80000028, repeatCount=0, eventTime=654873, downTime=654663, deviceId=4, source=0x701 }
11-28 17:46:46.086 W/ViewRootImpl( 3082): Cancelling event due to no window focus: KeyEvent { action=ACTION_UP, keyCode=KEYCODE_DPAD_CENTER, scanCode=28, metaState=0, flags=0x80000028, repeatCount=0, eventTime=654873, downTime=654663, deviceId=4, source=0x701 }
11-28 17:46:57.473 D/ConnectivityService( 2031): updateNetworkScore for NetworkAgentInfo [WIFI () - 101] to 55
11-28 17:46:57.473 D/ConnectivityService( 2031): rematching NetworkAgentInfo [Ethernet () - 100]
11-28 17:46:57.473 D/ConnectivityService( 2031): Network NetworkAgentInfo [Ethernet () - 100] was already satisfying request 1. No change.
11-28 17:46:57.473 D/ConnectivityService( 2031): notifyType AVAILABLE for NetworkAgentInfo [Ethernet () - 100]
11-28 17:46:57.477 D/ConnectivityService( 2031): rematching NetworkAgentInfo [WIFI () - 101]
11-28 17:47:00.481 D/ConnectivityService( 2031): updateNetworkScore for NetworkAgentInfo [WIFI () - 101] to 60
11-28 17:47:00.481 D/ConnectivityService( 2031): rematching NetworkAgentInfo [WIFI () - 101]
11-28 17:47:08.937 W/ContextImpl( 2383): Calling a method in the system process without a qualified user: android.app.ContextImpl.sendBroadcast:1345 android.content.ContextWrapper.sendBroadcast:377 com.suma.midware.back.esg.e.f:-1 com.suma.midware.back.esg.f.run:-1 com.suma.midware.prop.util.c.run:-1 
11-28 17:47:09.939 W/ContextImpl( 2383): Calling a method in the system process without a qualified user: android.app.ContextImpl.sendBroadcast:1345 android.content.ContextWrapper.sendBroadcast:377 com.suma.midware.back.esg.e.f:-1 com.suma.midware.back.esg.f.run:-1 com.suma.midware.prop.util.c.run:-1 
11-28 17:47:10.941 W/ContextImpl( 2383): Calling a method in the system process without a qualified user: android.app.ContextImpl.sendBroadcast:1345 android.content.ContextWrapper.sendBroadcast:377 com.suma.midware.back.esg.e.f:-1 com.suma.midware.back.esg.f.run:-1 com.suma.midware.prop.util.c.run:-1 
11-28 17:47:11.945 W/ContextImpl( 2383): Calling a method in the system process without a qualified user: android.app.ContextImpl.sendBroadcast:1345 android.content.ContextWrapper.sendBroadcast:377 com.suma.midware.back.esg.e.f:-1 com.suma.midware.back.esg.f.run:-1 com.suma.midware.prop.util.c.run:-1 
11-28 17:47:12.947 W/ContextImpl( 2383): Calling a method in the system process without a qualified user: android.app.ContextImpl.sendBroadcast:1345 android.content.ContextWrapper.sendBroadcast:377 com.suma.midware.back.esg.e.f:-1 com.suma.midware.back.esg.f.run:-1 com.suma.midware.prop.util.c.run:-1 
11-28 17:47:13.953 W/ContextImpl( 2383): Calling a method in the system process without a qualified user: android.app.ContextImpl.sendBroadcast:1345 android.content.ContextWrapper.sendBroadcast:377 com.suma.midware.back.esg.e.f:-1 com.suma.midware.back.esg.f.run:-1 com.suma.midware.prop.util.c.run:-1 
11-28 17:48:14.007 W/ContextImpl( 2383): Calling a method in the system process without a qualified user: android.app.ContextImpl.sendBroadcast:1345 android.content.ContextWrapper.sendBroadcast:377 com.suma.midware.back.esg.e.f:-1 com.suma.midware.back.esg.f.run:-1 com.suma.midware.prop.util.c.run:-1 
11-28 17:48:15.010 W/ContextImpl( 2383): Calling a method in the system process without a qualified user: android.app.ContextImpl.sendBroadcast:1345 android.content.ContextWrapper.sendBroadcast:377 com.suma.midware.back.esg.e.f:-1 com.suma.midware.back.esg.f.run:-1 com.suma.midware.prop.util.c.run:-1 
11-28 17:48:16.012 W/ContextImpl( 2383): Calling a method in the system process without a qualified user: android.app.ContextImpl.sendBroadcast:1345 android.content.ContextWrapper.sendBroadcast:377 com.suma.midware.back.esg.e.f:-1 com.suma.midware.back.esg.f.run:-1 com.suma.midware.prop.util.c.run:-1 
11-28 17:48:17.016 W/ContextImpl( 2383): Calling a method in the system process without a qualified user: android.app.ContextImpl.sendBroadcast:1345 android.content.ContextWrapper.sendBroadcast:377 com.suma.midware.back.esg.e.f:-1 com.suma.midware.back.esg.f.run:-1 com.suma.midware.prop.util.c.run:-1 
11-28 17:48:18.018 W/ContextImpl( 2383): Calling a method in the system process without a qualified user: android.app.ContextImpl.sendBroadcast:1345 android.content.ContextWrapper.sendBroadcast:377 com.suma.midware.back.esg.e.f:-1 com.suma.midware.back.esg.f.run:-1 com.suma.midware.prop.util.c.run:-1 
11-28 17:48:19.021 W/ContextImpl( 2383): Calling a method in the system process without a qualified user: android.app.ContextImpl.sendBroadcast:1345 android.content.ContextWrapper.sendBroadcast:377 com.suma.midware.back.esg.e.f:-1 com.suma.midware.back.esg.f.run:-1 com.suma.midware.prop.util.c.run:-1 
11-28 17:49:19.075 W/ContextImpl( 2383): Calling a method in the system process without a qualified user: android.app.ContextImpl.sendBroadcast:1345 android.content.ContextWrapper.sendBroadcast:377 com.suma.midware.back.esg.e.f:-1 com.suma.midware.back.esg.f.run:-1 com.suma.midware.prop.util.c.run:-1 
11-28 17:49:20.078 W/ContextImpl( 2383): Calling a method in the system process without a qualified user: android.app.ContextImpl.sendBroadcast:1345 android.content.ContextWrapper.sendBroadcast:377 com.suma.midware.back.esg.e.f:-1 com.suma.midware.back.esg.f.run:-1 com.suma.midware.prop.util.c.run:-1 
11-28 17:49:21.081 W/ContextImpl( 2383): Calling a method in the system process without a qualified user: android.app.ContextImpl.sendBroadcast:1345 android.content.ContextWrapper.sendBroadcast:377 com.suma.midware.back.esg.e.f:-1 com.suma.midware.back.esg.f.run:-1 com.suma.midware.prop.util.c.run:-1 
11-28 17:49:22.084 W/ContextImpl( 2383): Calling a method in the system process without a qualified user: android.app.ContextImpl.sendBroadcast:1345 android.content.ContextWrapper.sendBroadcast:377 com.suma.midware.back.esg.e.f:-1 com.suma.midware.back.esg.f.run:-1 com.suma.midware.prop.util.c.run:-1 
11-28 17:49:23.087 W/ContextImpl( 2383): Calling a method in the system process without a qualified user: android.app.ContextImpl.sendBroadcast:1345 android.content.ContextWrapper.sendBroadcast:377 com.suma.midware.back.esg.e.f:-1 com.suma.midware.back.esg.f.run:-1 com.suma.midware.prop.util.c.run:-1 
11-28 17:49:24.089 W/ContextImpl( 2383): Calling a method in the system process without a qualified user: android.app.ContextImpl.sendBroadcast:1345 android.content.ContextWrapper.sendBroadcast:377 com.suma.midware.back.esg.e.f:-1 com.suma.midware.back.esg.f.run:-1 com.suma.midware.prop.util.c.run:-1 
11-28 17:50:24.143 W/ContextImpl( 2383): Calling a method in the system process without a qualified user: android.app.ContextImpl.sendBroadcast:1345 android.content.ContextWrapper.sendBroadcast:377 com.suma.midware.back.esg.e.f:-1 com.suma.midware.back.esg.f.run:-1 com.suma.midware.prop.util.c.run:-1 
11-28 17:50:25.145 W/ContextImpl( 2383): Calling a method in the system process without a qualified user: android.app.ContextImpl.sendBroadcast:1345 android.content.ContextWrapper.sendBroadcast:377 com.suma.midware.back.esg.e.f:-1 com.suma.midware.back.esg.f.run:-1 com.suma.midware.prop.util.c.run:-1 
11-28 17:50:26.148 W/ContextImpl( 2383): Calling a method in the system process without a qualified user: android.app.ContextImpl.sendBroadcast:1345 android.content.ContextWrapper.sendBroadcast:377 com.suma.midware.back.esg.e.f:-1 com.suma.midware.back.esg.f.run:-1 com.suma.midware.prop.util.c.run:-1 
11-28 17:50:27.151 W/ContextImpl( 2383): Calling a method in the system process without a qualified user: android.app.ContextImpl.sendBroadcast:1345 android.content.ContextWrapper.sendBroadcast:377 com.suma.midware.back.esg.e.f:-1 com.suma.midware.back.esg.f.run:-1 com.suma.midware.prop.util.c.run:-1 
11-28 17:50:28.154 W/ContextImpl( 2383): Calling a method in the system process without a qualified user: android.app.ContextImpl.sendBroadcast:1345 android.content.ContextWrapper.sendBroadcast:377 com.suma.midware.back.esg.e.f:-1 com.suma.midware.back.esg.f.run:-1 com.suma.midware.prop.util.c.run:-1 
11-28 17:50:29.157 W/ContextImpl( 2383): Calling a method in the system process without a qualified user: android.app.ContextImpl.sendBroadcast:1345 android.content.ContextWrapper.sendBroadcast:377 com.suma.midware.back.esg.e.f:-1 com.suma.midware.back.esg.f.run:-1 com.suma.midware.prop.util.c.run:-1 
11-28 17:50:35.475 I/ActivityManager( 2031): moveTaskToBack: TaskRecord{3042c111 #1698 A=com.ipanel.android_webview.shell U=0 sz=1}
11-28 17:50:35.517 W/ContextImpl( 2510): Calling a method in the system process without a qualified user: android.app.ContextImpl.sendBroadcast:1345 android.content.ContextWrapper.sendBroadcast:377 com.suma.midware.view.ext.BluetoothUpdate.b:-1 com.suma.midware.home.third.Main3DActivity.onResume:-1 android.app.Instrumentation.callActivityOnResume:1257 
11-28 17:50:35.519 I/ActivityManager( 2031): Force stopping com.suma.midware.vod appid=1000 user=0: from pid 2510
11-28 17:50:35.521 W/ContextImpl( 2510): Calling a method in the system process without a qualified user: android.app.ContextImpl.sendBroadcast:1345 android.content.ContextWrapper.sendBroadcast:377 android.app.ActivityThread.performResumeActivity:2982 android.app.ActivityThread.handleResumeActivity:3023 android.app.ActivityThread$H.handleMessage:1347 
11-28 17:50:38.459 I/ActivityManager( 2031): START u0 {act= cmp=com.ipanel.android_webview.shell/com.ipanel.webapp.BrowserActivity (has extras)} from uid 1000 on display 0
11-28 17:50:38.464 W/ContextImpl( 2510): Calling a method in the system process without a qualified user: android.app.ContextImpl.sendBroadcast:1345 android.content.ContextWrapper.sendBroadcast:377 android.app.ActivityThread.performPauseActivity:3259 android.app.ActivityThread.performPauseActivity:3225 android.app.ActivityThread.handlePauseActivity:3200 
11-28 17:51:19.615 W/ProcessCpuTracker( 2031): Skipping unknown process pid 3929
11-28 17:51:29.216 W/ContextImpl( 2383): Calling a method in the system process without a qualified user: android.app.ContextImpl.sendBroadcast:1345 android.content.ContextWrapper.sendBroadcast:377 com.suma.midware.back.esg.e.f:-1 com.suma.midware.back.esg.f.run:-1 com.suma.midware.prop.util.c.run:-1 
11-28 17:51:30.218 W/ContextImpl( 2383): Calling a method in the system process without a qualified user: android.app.ContextImpl.sendBroadcast:1345 android.content.ContextWrapper.sendBroadcast:377 com.suma.midware.back.esg.e.f:-1 com.suma.midware.back.esg.f.run:-1 com.suma.midware.prop.util.c.run:-1 
11-28 17:51:31.221 W/ContextImpl( 2383): Calling a method in the system process without a qualified user: android.app.ContextImpl.sendBroadcast:1345 android.content.ContextWrapper.sendBroadcast:377 com.suma.midware.back.esg.e.f:-1 com.suma.midware.back.esg.f.run:-1 com.suma.midware.prop.util.c.run:-1 
11-28 17:51:32.225 W/ContextImpl( 2383): Calling a method in the system process without a qualified user: android.app.ContextImpl.sendBroadcast:1345 android.content.ContextWrapper.sendBroadcast:377 com.suma.midware.back.esg.e.f:-1 com.suma.midware.back.esg.f.run:-1 com.suma.midware.prop.util.c.run:-1 
11-28 17:51:33.227 W/ContextImpl( 2383): Calling a method in the system process without a qualified user: android.app.ContextImpl.sendBroadcast:1345 android.content.ContextWrapper.sendBroadcast:377 com.suma.midware.back.esg.e.f:-1 com.suma.midware.back.esg.f.run:-1 com.suma.midware.prop.util.c.run:-1 
11-28 17:51:34.230 W/ContextImpl( 2383): Calling a method in the system process without a qualified user: android.app.ContextImpl.sendBroadcast:1345 android.content.ContextWrapper.sendBroadcast:377 com.suma.midware.back.esg.e.f:-1 com.suma.midware.back.esg.f.run:-1 com.suma.midware.prop.util.c.run:-1 
11-28 17:52:34.295 W/ContextImpl( 2383): Calling a method in the system process without a qualified user: android.app.ContextImpl.sendBroadcast:1345 android.content.ContextWrapper.sendBroadcast:377 com.suma.midware.back.esg.e.f:-1 com.suma.midware.back.esg.f.run:-1 com.suma.midware.prop.util.c.run:-1 
11-28 17:52:35.297 W/ContextImpl( 2383): Calling a method in the system process without a qualified user: android.app.ContextImpl.sendBroadcast:1345 android.content.ContextWrapper.sendBroadcast:377 com.suma.midware.back.esg.e.f:-1 com.suma.midware.back.esg.f.run:-1 com.suma.midware.prop.util.c.run:-1 
11-28 17:52:36.299 W/ContextImpl( 2383): Calling a method in the system process without a qualified user: android.app.ContextImpl.sendBroadcast:1345 android.content.ContextWrapper.sendBroadcast:377 com.suma.midware.back.esg.e.f:-1 com.suma.midware.back.esg.f.run:-1 com.suma.midware.prop.util.c.run:-1 
11-28 17:52:37.302 W/ContextImpl( 2383): Calling a method in the system process without a qualified user: android.app.ContextImpl.sendBroadcast:1345 android.content.ContextWrapper.sendBroadcast:377 com.suma.midware.back.esg.e.f:-1 com.suma.midware.back.esg.f.run:-1 com.suma.midware.prop.util.c.run:-1 
11-28 17:52:38.306 W/ContextImpl( 2383): Calling a method in the system process without a qualified user: android.app.ContextImpl.sendBroadcast:1345 android.content.ContextWrapper.sendBroadcast:377 com.suma.midware.back.esg.e.f:-1 com.suma.midware.back.esg.f.run:-1 com.suma.midware.prop.util.c.run:-1 
11-28 17:52:39.309 W/ContextImpl( 2383): Calling a method in the system process without a qualified user: android.app.ContextImpl.sendBroadcast:1345 android.content.ContextWrapper.sendBroadcast:377 com.suma.midware.back.esg.e.f:-1 com.suma.midware.back.esg.f.run:-1 com.suma.midware.prop.util.c.run:-1 
11-28 17:53:39.395 W/ContextImpl( 2383): Calling a method in the system process without a qualified user: android.app.ContextImpl.sendBroadcast:1345 android.content.ContextWrapper.sendBroadcast:377 com.suma.midware.back.esg.e.f:-1 com.suma.midware.back.esg.f.run:-1 com.suma.midware.prop.util.c.run:-1 
11-28 17:53:40.397 W/ContextImpl( 2383): Calling a method in the system process without a qualified user: android.app.ContextImpl.sendBroadcast:1345 android.content.ContextWrapper.sendBroadcast:377 com.suma.midware.back.esg.e.f:-1 com.suma.midware.back.esg.f.run:-1 com.suma.midware.prop.util.c.run:-1 
11-28 17:53:41.400 W/ContextImpl( 2383): Calling a method in the system process without a qualified user: android.app.ContextImpl.sendBroadcast:1345 android.content.ContextWrapper.sendBroadcast:377 com.suma.midware.back.esg.e.f:-1 com.suma.midware.back.esg.f.run:-1 com.suma.midware.prop.util.c.run:-1 
11-28 17:53:42.403 W/ContextImpl( 2383): Calling a method in the system process without a qualified user: android.app.ContextImpl.sendBroadcast:1345 android.content.ContextWrapper.sendBroadcast:377 com.suma.midware.back.esg.e.f:-1 com.suma.midware.back.esg.f.run:-1 com.suma.midware.prop.util.c.run:-1 
11-28 17:53:43.407 W/ContextImpl( 2383): Calling a method in the system process without a qualified user: android.app.ContextImpl.sendBroadcast:1345 android.content.ContextWrapper.sendBroadcast:377 com.suma.midware.back.esg.e.f:-1 com.suma.midware.back.esg.f.run:-1 com.suma.midware.prop.util.c.run:-1 
11-28 17:53:44.411 W/ContextImpl( 2383): Calling a method in the system process without a qualified user: android.app.ContextImpl.sendBroadcast:1345 android.content.ContextWrapper.sendBroadcast:377 com.suma.midware.back.esg.e.f:-1 com.suma.midware.back.esg.f.run:-1 com.suma.midware.prop.util.c.run:-1 
11-28 17:54:44.489 W/ContextImpl( 2383): Calling a method in the system process without a qualified user: android.app.ContextImpl.sendBroadcast:1345 android.content.ContextWrapper.sendBroadcast:377 com.suma.midware.back.esg.e.f:-1 com.suma.midware.back.esg.f.run:-1 com.suma.midware.prop.util.c.run:-1 
11-28 17:54:45.492 W/ContextImpl( 2383): Calling a method in the system process without a qualified user: android.app.ContextImpl.sendBroadcast:1345 android.content.ContextWrapper.sendBroadcast:377 com.suma.midware.back.esg.e.f:-1 com.suma.midware.back.esg.f.run:-1 com.suma.midware.prop.util.c.run:-1 
11-28 17:54:46.495 W/ContextImpl( 2383): Calling a method in the system process without a qualified user: android.app.ContextImpl.sendBroadcast:1345 android.content.ContextWrapper.sendBroadcast:377 com.suma.midware.back.esg.e.f:-1 com.suma.midware.back.esg.f.run:-1 com.suma.midware.prop.util.c.run:-1 
11-28 17:54:47.497 W/ContextImpl( 2383): Calling a method in the system process without a qualified user: android.app.ContextImpl.sendBroadcast:1345 android.content.ContextWrapper.sendBroadcast:377 com.suma.midware.back.esg.e.f:-1 com.suma.midware.back.esg.f.run:-1 com.suma.midware.prop.util.c.run:-1 
11-28 17:54:48.500 W/ContextImpl( 2383): Calling a method in the system process without a qualified user: android.app.ContextImpl.sendBroadcast:1345 android.content.ContextWrapper.sendBroadcast:377 com.suma.midware.back.esg.e.f:-1 com.suma.midware.back.esg.f.run:-1 com.suma.midware.prop.util.c.run:-1 
11-28 17:54:49.503 W/ContextImpl( 2383): Calling a method in the system process without a qualified user: android.app.ContextImpl.sendBroadcast:1345 android.content.ContextWrapper.sendBroadcast:377 com.suma.midware.back.esg.e.f:-1 com.suma.midware.back.esg.f.run:-1 com.suma.midware.prop.util.c.run:-1 
11-28 17:55:49.563 W/ContextImpl( 2383): Calling a method in the system process without a qualified user: android.app.ContextImpl.sendBroadcast:1345 android.content.ContextWrapper.sendBroadcast:377 com.suma.midware.back.esg.e.f:-1 com.suma.midware.back.esg.f.run:-1 com.suma.midware.prop.util.c.run:-1 
11-28 17:55:50.566 W/ContextImpl( 2383): Calling a method in the system process without a qualified user: android.app.ContextImpl.sendBroadcast:1345 android.content.ContextWrapper.sendBroadcast:377 com.suma.midware.back.esg.e.f:-1 com.suma.midware.back.esg.f.run:-1 com.suma.midware.prop.util.c.run:-1 
11-28 17:55:51.571 W/ContextImpl( 2383): Calling a method in the system process without a qualified user: android.app.ContextImpl.sendBroadcast:1345 android.content.ContextWrapper.sendBroadcast:377 com.suma.midware.back.esg.e.f:-1 com.suma.midware.back.esg.f.run:-1 com.suma.midware.prop.util.c.run:-1 
11-28 17:55:52.574 W/ContextImpl( 2383): Calling a method in the system process without a qualified user: android.app.ContextImpl.sendBroadcast:1345 android.content.ContextWrapper.sendBroadcast:377 com.suma.midware.back.esg.e.f:-1 com.suma.midware.back.esg.f.run:-1 com.suma.midware.prop.util.c.run:-1 
11-28 17:55:53.577 W/ContextImpl( 2383): Calling a method in the system process without a qualified user: android.app.ContextImpl.sendBroadcast:1345 android.content.ContextWrapper.sendBroadcast:377 com.suma.midware.back.esg.e.f:-1 com.suma.midware.back.esg.f.run:-1 com.suma.midware.prop.util.c.run:-1 
