11-28 17:38:24.782 D/V8ScriptRunner( 3082): [callFunction] end. frame = 0x45e4bdb8 function: xmlHttp.onreadystatechange url: http://10.14.41.246/application/bxfc/sec/js/common.js line: 276
11-28 17:38:24.782 D/cr_AwContents( 3082): [AwContents.java:520] BackgroundThreadClientImpl shouldInterceptRequest url = http://10.14.41.245:13160/homed/program/get_list?accesstoken=R5A1D2EE5U20887029K53724E0DIA6230E0AP8M2FAF083WDC013F7D151&label=289&pageidx=1&pagenum=20&depth=2
11-28 17:38:24.782 D/cr_AwNullContentsClient( 3082): [AwNullContentsClient.java:59] shouldInterceptRequest url=http://10.14.41.245:13160/homed/program/get_list?accesstoken=R5A1D2EE5U20887029K53724E0DIA6230E0AP8M2FAF083WDC013F7D151&label=289&pageidx=1&pagenum=20&depth=2
11-28 17:38:24.782 D/webcoreBridge( 3082): #3117 execJS frameName='eventFrame' jscore='iPanel.dispatchMessage(32774,5974,1);'
11-28 17:38:24.782 D/webcoreBridge( 3082): execJS-->frame:0x45e41a48 focusFrame=0x45e4bdb8 focusFrame.script=0x41ce6770
11-28 17:38:24.782 D/BrowserWebViewClient( 3082): intercept request :http://10.14.41.245:13160/homed/program/get_list?accesstoken=R5A1D2EE5U20887029K53724E0DIA6230E0AP8M2FAF083WDC013F7D151&label=289&pageidx=1&pagenum=20&depth=2
11-28 17:38:24.782 D/webcoreBridge( 3082): execJS-->executeScript frame=0x45e41a48 script=0x41ce1988
11-28 17:38:24.782 D/ScriptController( 3082): [executeScriptAndReturnValue] [V8] evaluate Script start. frame=0x45e41a48 url= line=1. source length=37
11-28 17:38:24.782 D/AwRequestInterceptor( 3082): [MaybeInterceptRequest] request=0x8b1c0980
11-28 17:38:24.783 D/iPanel  ( 3082): iPanel.debug("dispatchMessage:msg: 32774,5974,1")
11-28 17:38:24.783 D/iPanel  ( 3082): get getFocusedOrMainFrame
11-28 17:38:24.783 D/iPanel  ( 3082): getFrameByName 'eventFrame' frame=0x45e41a48 window=0x45e426f8
11-28 17:38:24.783 D/iPanel  ( 3082): getFrameByName 'mainFrame' frame=0x45e4bdb8 window=0x45f68f40
11-28 17:38:24.784 D/iPanel  ( 3082): iPanel.debug("dispatchMessage:iPanel.getFocusedOrMainFrame = http://10.14.41.246/application/bxfc/sec/index.htm")
11-28 17:38:24.784 D/iPanel  ( 3082): iPanel.debug("dispatchMessage:frame num: 2, keyEvent:system")
11-28 17:38:24.784 D/iPanel  ( 3082): iPanel.debug("dispatchMessage:#2. proc event 5974. url: http://10.14.41.246/application/bxfc/sec/index.htm")
11-28 17:38:24.784 D/iPanel  ( 3082): iPanel.debug("w=[object Window], document=[object HTMLDocument], keyCode=5974, modifiers=1, keyEvent=system")
11-28 17:38:24.784 D/iPanel  ( 3082): iPanel.debug("onsystemevent is not listening")
11-28 17:38:24.784 D/iPanel  ( 3082): iPanel.debug("ret: true")
11-28 17:38:24.784 D/iPanel  ( 3082): iPanel.debug("dispatchMessage:#1. proc event 5974. url: ui:///eventpage.htm?ipanelcmd-name=eventFrame&script=ui:///ipanel.js")
11-28 17:38:24.784 D/iPanel  ( 3082): iPanel.debug("w=[object Window], document=[object HTMLDocument], keyCode=5974, modifiers=1, keyEvent=system")
11-28 17:38:24.784 D/iPanel  ( 3082): iPanel.debug("iPanelDealMsg event handler: (function(){	window.event = {		'which': 5974,		'keyCode': 5974,		'modifiers': 1,		'prevented': false,		'preventDefault': function() {			this.prevented = true;		}	};	var ret = document.onsystemevent(window.event);	if (window.event.prevented) return false;	return ret;})();")
11-28 17:38:24.784 D/iPanel  ( 3082): dom=0x45e426f8 code=(function(){	window.event = {		'which': 5974,		'keyCode': 5974,		'modifiers': 1,		'prevented': false,		'preventDefault': function() {			this.prevented = true;		}	};	var ret = document.onsystemevent(window.event);	if (window.event.prevented) return false;	return ret;})();
11-28 17:38:24.784 D/webcore ( 3082): [execEventJS] code=(function(){	window.event = {		'which': 5974,		'keyCode': 5974,		'modifiers': 1,		'prevented': false,		'preventDefault': function() {			this.prevented = true;		}	};	var ret = document.onsystemevent(window.event);	if (window.event.prevented) return false;	return ret;})();
11-28 17:38:24.784 D/webcore ( 3082): [execEventJS] focusedOrMainFrame=ui:///eventpage.htm?ipanelcmd-name=eventFrame&script=ui:///ipanel.js
11-28 17:38:24.785 D/ScriptController( 3082): [executeScriptAndReturnValue] [V8] evaluate Script start. frame=0x45e41a48 url= line=1. source length=271
11-28 17:38:24.785 D/ScriptController( 3082): [executeScriptAndReturnValue] [V8] compile Script end. frame=0x45e41a48 
11-28 17:38:24.785 D/iPanel  ( 3082): iPanel.debug("eventpage grabEvent")
11-28 17:38:24.785 D/iPanel  ( 3082): getFrameByName 'mainFrame' frame=0x45e4bdb8 window=0x45f68f40
11-28 17:38:24.785 D/iPanel  ( 3082): iPanel.debug("--zjh-- url = http://10.14.41.246/application/bxfc/sec/index.htm  keycode = 5974")
11-28 17:38:24.785 D/iPanel  ( 3082): iPanel.debug("eventpage.htm args.type==true")
11-28 17:38:24.785 D/iPanel  ( 3082): iPanel.debug("eventpage grabEvent eventObj==[object Object]")
11-28 17:38:24.785 D/iPanel  ( 3082): iPanel.debug("eventpage eventObj.code = EIS_MISC_HTML_OPEN_FINISHED")
11-28 17:38:24.785 D/iPanel  ( 3082): iPanel.debug("eventpage keyValue = 5974--p2:1")
11-28 17:38:24.785 D/iPanel  ( 3082): iPanel.debug("eventHandler---keycode==5974,p2=1")
11-28 17:38:24.785 D/ScriptController( 3082): [executeScriptAndReturnValue] [V8] evaluate Script end. frame=0x45e41a48 
11-28 17:38:24.785 D/webcore ( 3082): [execEventJS] ret=0
11-28 17:38:24.785 D/iPanel  ( 3082): ret=0
11-28 17:38:24.785 D/iPanel  ( 3082): iPanel.debug("ret: false")
11-28 17:38:24.785 D/iPanel  ( 3082): iPanel.debug("dispatchMessage:end")
11-28 17:38:24.785 D/ScriptController( 3082): [executeScriptAndReturnValue] [V8] evaluate Script end. frame=0x45e41a48 
11-28 17:38:24.785 D/webcoreBridge( 3082): execJS-->executeScript frame=0x45e41a48 end.
11-28 17:38:24.785 D/[cc]ProxyMain( 3082): [BeginMainFrame] cc.BeginMainFrame this:0x9f73a768
11-28 17:38:24.785 D/[cc]LayerTreeHost( 3082): [AnimateLayers] AnimateLayers monotonic_time=153599993
11-28 17:38:24.785 D/[blink]FrameView( 3082): [updateStyleAndLayoutIfNeededRecursiveInternal] in... this:0x25ca6670.
11-28 17:38:24.786 D/[blink]FrameView( 3082): [layout] start... this:0x25ca6670, frame=0x45e4bdb8 content size(1280, 720). 
11-28 17:38:24.786 D/[blink]FrameView( 3082): [layout] performPreLayoutTasks start... this:0x25ca6670
11-28 17:38:24.786 D/[blink]FrameView( 3082): [layout] performPreLayoutTasks end... this:0x25ca6670
11-28 17:38:24.786 D/[blink]FrameView( 3082): [layout] performLayout start... this:0x25ca6670
11-28 17:38:24.787 D/[blink]FrameView( 3082): [layout] performLayout end... this:0x25ca6670
11-28 17:38:24.788 D/[blink]FrameView( 3082): [layout] call compositor()->didLayout()!
11-28 17:38:24.788 D/[blink]FrameView( 3082): [layout] updateDocumentAnnotatedRegions start... this:0x25ca6670
11-28 17:38:24.788 D/[blink]FrameView( 3082): [layout] scheduleOrPerformPostLayoutTasks start... this:0x25ca6670
11-28 17:38:24.788 D/[blink]FrameView( 3082): [layout] end... this:0x25ca6670
11-28 17:38:24.788 D/[blink]FrameView( 3082): [layout] out... this:0x25ca6670
11-28 17:38:24.788 D/[blink]FrameView( 3082): [updateStyleAndLayoutIfNeededRecursiveInternal] in... this:0x25ca6ee8.
11-28 17:38:24.788 D/[blink]FrameView( 3082): [updateStyleAndLayoutIfNeededRecursiveInternal] end... this:0x25ca6ee8.
11-28 17:38:24.788 D/[blink]FrameView( 3082): [updateStyleAndLayoutIfNeededRecursiveInternal] end... this:0x25ca6670.
11-28 17:38:24.788 D/[blink]FrameView( 3082): [updateLifecyclePhasesInternal] in... this:0x25ca6670, targetState=18
11-28 17:38:24.788 D/[blink]FrameView( 3082): [updateLifecyclePhasesInternal] call compositor()->updateIfNeededRecursive()!
11-28 17:38:24.792 D/[blink] ImagePainter( 3082): [paintReplaced] ImagePainter::paintReplaced in w=21056, h=3712.
11-28 17:38:24.792 D/[blink] ImagePainter( 3082): [paintReplaced] ImagePainter::paintReplaced in w=14272, h=1792.
11-28 17:38:24.792 D/[blink] ImagePainter( 3082): [paintReplaced] ImagePainter::paintReplaced in w=17472, h=9792.
11-28 17:38:24.792 D/[blink] ImagePainter( 3082): [paintReplaced] ImagePainter::paintReplaced in w=3648, h=3904.
11-28 17:38:24.792 D/[blink] ImagePainter( 3082): [paintReplaced] ImagePainter::paintReplaced in w=17472, h=9792.
11-28 17:38:24.792 D/[blink] ImagePainter( 3082): [paintReplaced] ImagePainter::paintReplaced in w=3648, h=3904.
11-28 17:38:24.792 D/[blink] ImagePainter( 3082): [paintReplaced] ImagePainter::paintReplaced in w=17472, h=9792.
11-28 17:38:24.792 D/[blink] ImagePainter( 3082): [paintReplaced] ImagePainter::paintReplaced in w=17472, h=9792.
11-28 17:38:24.792 D/[blink] ImagePainter( 3082): [paintReplaced] ImagePainter::paintReplaced in w=4800, h=5184.
11-28 17:38:24.792 D/[blink] ImagePainter( 3082): [paintReplaced] ImagePainter::paintReplaced in w=4800, h=5184.
11-28 17:38:24.792 D/[blink] ImagePainter( 3082): [paintReplaced] ImagePainter::paintReplaced in w=4800, h=5184.
11-28 17:38:24.792 D/[blink] ImagePainter( 3082): [paintReplaced] ImagePainter::paintReplaced in w=4800, h=5184.
11-28 17:38:24.792 D/[blink] ImagePainter( 3082): [paintReplaced] ImagePainter::paintReplaced in w=1408, h=768.
11-28 17:38:24.793 D/[blink]FrameView( 3082): [updateLifecyclePhasesInternal] end... this:0x25ca6670
11-28 17:38:24.799 D/ResourceLoader( 3082): [ResponseCompleted] finish request 0x8b1c0980 url='http://10.14.41.245:13160/homed/program/get_list?accesstoken=R5A1D2EE5U20887029K53724E0DIA6230E0AP8M2FAF083WDC013F7D151&label=289&pageidx=1&pagenum=20&depth=2'
11-28 17:38:24.799 D/V8ScriptRunner( 3082): [callFunction] start. frame = 0x45e4bdb8 function: xmlHttp.onreadystatechange url: http://10.14.41.246/application/bxfc/sec/js/common.js line: 276
11-28 17:38:24.799 D/V8ScriptRunner( 3082): [callFunction] end. frame = 0x45e4bdb8 function: xmlHttp.onreadystatechange url: http://10.14.41.246/application/bxfc/sec/js/common.js line: 276
11-28 17:38:24.799 D/V8ScriptRunner( 3082): [callFunction] start. frame = 0x45e4bdb8 function: xmlHttp.onreadystatechange url: http://10.14.41.246/application/bxfc/sec/js/common.js line: 276
11-28 17:38:24.799 D/V8ScriptRunner( 3082): [callFunction] end. frame = 0x45e4bdb8 function: xmlHttp.onreadystatechange url: http://10.14.41.246/application/bxfc/sec/js/common.js line: 276
11-28 17:38:24.800 D/[blink]ResourceFetcher( 3082): [didFinishLoading] encoded length=9722 url=http://10.14.41.245:13160/homed/program/get_list?accesstoken=R5A1D2EE5U20887029K53724E0DIA6230E0AP8M2FAF083WDC013F7D151&label=289&pageidx=1&pagenum=20&depth=2.
11-28 17:38:24.800 D/V8ScriptRunner( 3082): [callFunction] start. frame = 0x45e4bdb8 function: xmlHttp.onreadystatechange url: http://10.14.41.246/application/bxfc/sec/js/common.js line: 276
11-28 17:38:24.805 D/iPanel  ( 3082): iPanel.debug("----result_data.list.length--:6")
11-28 17:38:24.809 D/[blink]ResourceFetcher( 3082): [requestResource] url=http://slave.tvos_cf96066.cn:13160/poster/movie/100000558/375x210_1.jpg.
11-28 17:38:24.809 D/url     ( 3082): [DoResolveRelative] [WEB] DoResolveRelative Error resolving.
11-28 17:38:24.809 D/[blink]memoryCache( 3082): [evict] remove:http://slave.tvos_cf96066.cn:13160/poster/movie/100000558/375x210_1.jpg
11-28 17:38:24.809 D/iPanel  ( 3082): iPanel.debug("----$(recImg0).src--:http://slave.tvos_cf96066.cn:13160/poster/movie/100000558/375x210_1.jpg")
11-28 17:38:24.809 D/ResourceLoader( 3082): [StartRequest] start request 0x8b1c6480 url='http://slave.tvos_cf96066.cn:13160/poster/movie/100000558/375x210_1.jpg'
11-28 17:38:24.810 D/AwRequestInterceptor( 3082): [MaybeInterceptRequest] request=0x8b1c6480
11-28 17:38:24.810 D/cr_AwContents( 3082): [AwContents.java:520] BackgroundThreadClientImpl shouldInterceptRequest url = http://slave.tvos_cf96066.cn:13160/poster/movie/100000558/375x210_1.jpg
11-28 17:38:24.810 D/cr_AwNullContentsClient( 3082): [AwNullContentsClient.java:59] shouldInterceptRequest url=http://slave.tvos_cf96066.cn:13160/poster/movie/100000558/375x210_1.jpg
11-28 17:38:24.810 D/BrowserWebViewClient( 3082): intercept request :http://slave.tvos_cf96066.cn:13160/poster/movie/100000558/375x210_1.jpg
11-28 17:38:24.810 D/ChromeClientImpl( 3082): [addMessageToConsole] [LOG:CONSOLE(487)] "", source:http://10.14.41.246/application/bxfc/sec/index.htm (487)
11-28 17:38:24.810 D/AwRequestInterceptor( 3082): [MaybeInterceptRequest] request=0x8b1c6480
11-28 17:38:24.811 D/[blink]ResourceFetcher( 3082): [requestResource] url=http://slave.tvos_cf96066.cn:13160/poster/movie/100000572/375x210_1.jpg.
11-28 17:38:24.811 D/url     ( 3082): [DoResolveRelative] [WEB] DoResolveRelative Error resolving.
11-28 17:38:24.811 D/[blink]memoryCache( 3082): [evict] remove:http://slave.tvos_cf96066.cn:13160/poster/movie/100000572/375x210_1.jpg
11-28 17:38:24.811 D/iPanel  ( 3082): iPanel.debug("----$(recImg1).src--:http://slave.tvos_cf96066.cn:13160/poster/movie/100000572/375x210_1.jpg")
11-28 17:38:24.812 D/ChromeClientImpl( 3082): [addMessageToConsole] [LOG:CONSOLE(487)] "20171023", source:http://10.14.41.246/application/bxfc/sec/index.htm (487)
11-28 17:38:24.812 D/ResourceLoader( 3082): [StartRequest] start request 0x8b1c5680 url='http://slave.tvos_cf96066.cn:13160/poster/movie/100000572/375x210_1.jpg'
11-28 17:38:24.812 D/AwRequestInterceptor( 3082): [MaybeInterceptRequest] request=0x8b1c5680
11-28 17:38:24.812 D/[blink]ResourceFetcher( 3082): [requestResource] url=http://slave.tvos_cf96066.cn:13160/poster/movie/100000573/375x210_1.jpg.
11-28 17:38:24.812 D/url     ( 3082): [DoResolveRelative] [WEB] DoResolveRelative Error resolving.
11-28 17:38:24.812 D/[blink]memoryCache( 3082): [evict] remove:http://slave.tvos_cf96066.cn:13160/poster/movie/100000573/375x210_1.jpg
11-28 17:38:24.813 D/cr_AwContents( 3082): [AwContents.java:520] BackgroundThreadClientImpl shouldInterceptRequest url = http://slave.tvos_cf96066.cn:13160/poster/movie/100000572/375x210_1.jpg
11-28 17:38:24.813 D/cr_AwNullContentsClient( 3082): [AwNullContentsClient.java:59] shouldInterceptRequest url=http://slave.tvos_cf96066.cn:13160/poster/movie/100000572/375x210_1.jpg
11-28 17:38:24.813 D/iPanel  ( 3082): iPanel.debug("----$(recImg2).src--:http://slave.tvos_cf96066.cn:13160/poster/movie/100000573/375x210_1.jpg")
11-28 17:38:24.813 D/BrowserWebViewClient( 3082): intercept request :http://slave.tvos_cf96066.cn:13160/poster/movie/100000572/375x210_1.jpg
11-28 17:38:24.813 D/AwRequestInterceptor( 3082): [MaybeInterceptRequest] request=0x8b1c5680
11-28 17:38:24.813 D/ChromeClientImpl( 3082): [addMessageToConsole] [LOG:CONSOLE(487)] "20171009", source:http://10.14.41.246/application/bxfc/sec/index.htm (487)
11-28 17:38:24.813 D/[blink]ResourceFetcher( 3082): [requestResource] url=http://slave.tvos_cf96066.cn:13160/poster/movie/100000559/375x210_1.jpg.
11-28 17:38:24.813 D/ResourceLoader( 3082): [StartRequest] start request 0x8b1c5300 url='http://slave.tvos_cf96066.cn:13160/poster/movie/100000573/375x210_1.jpg'
11-28 17:38:24.813 D/url     ( 3082): [DoResolveRelative] [WEB] DoResolveRelative Error resolving.
11-28 17:38:24.813 D/AwRequestInterceptor( 3082): [MaybeInterceptRequest] request=0x8b1c5300
11-28 17:38:24.814 D/[blink]memoryCache( 3082): [evict] remove:http://slave.tvos_cf96066.cn:13160/poster/movie/100000559/375x210_1.jpg
11-28 17:38:24.814 D/cr_AwContents( 3082): [AwContents.java:520] BackgroundThreadClientImpl shouldInterceptRequest url = http://slave.tvos_cf96066.cn:13160/poster/movie/100000573/375x210_1.jpg
11-28 17:38:24.815 D/cr_AwNullContentsClient( 3082): [AwNullContentsClient.java:59] shouldInterceptRequest url=http://slave.tvos_cf96066.cn:13160/poster/movie/100000573/375x210_1.jpg
11-28 17:38:24.815 D/BrowserWebViewClient( 3082): intercept request :http://slave.tvos_cf96066.cn:13160/poster/movie/100000573/375x210_1.jpg
11-28 17:38:24.815 D/iPanel  ( 3082): iPanel.debug("----$(recImg3).src--:http://slave.tvos_cf96066.cn:13160/poster/movie/100000559/375x210_1.jpg")
11-28 17:38:24.815 D/AwRequestInterceptor( 3082): [MaybeInterceptRequest] request=0x8b1c5300
11-28 17:38:24.815 D/ChromeClientImpl( 3082): [addMessageToConsole] [LOG:CONSOLE(487)] "", source:http://10.14.41.246/application/bxfc/sec/index.htm (487)
11-28 17:38:24.815 D/ResourceLoader( 3082): [StartRequest] start request 0x8b1c4f80 url='http://slave.tvos_cf96066.cn:13160/poster/movie/100000559/375x210_1.jpg'
11-28 17:38:24.816 D/AwRequestInterceptor( 3082): [MaybeInterceptRequest] request=0x8b1c4f80
11-28 17:38:24.816 D/cr_AwContents( 3082): [AwContents.java:520] BackgroundThreadClientImpl shouldInterceptRequest url = http://slave.tvos_cf96066.cn:13160/poster/movie/100000559/375x210_1.jpg
11-28 17:38:24.816 D/cr_AwNullContentsClient( 3082): [AwNullContentsClient.java:59] shouldInterceptRequest url=http://slave.tvos_cf96066.cn:13160/poster/movie/100000559/375x210_1.jpg
11-28 17:38:24.816 D/BrowserWebViewClient( 3082): intercept request :http://slave.tvos_cf96066.cn:13160/poster/movie/100000559/375x210_1.jpg
11-28 17:38:24.816 D/AwRequestInterceptor( 3082): [MaybeInterceptRequest] request=0x8b1c4f80
11-28 17:38:24.817 D/[blink]ResourceFetcher( 3082): [requestResource] url=http://slave.tvos_cf96066.cn:13160/poster/movie/100000557/246x138_1.jpg.
11-28 17:38:24.818 D/url     ( 3082): [DoResolveRelative] [WEB] DoResolveRelative Error resolving.
11-28 17:38:24.818 D/[blink]memoryCache( 3082): [evict] remove:http://slave.tvos_cf96066.cn:13160/poster/movie/100000557/246x138_1.jpg
11-28 17:38:24.819 D/iPanel  ( 3082): iPanel.debug("----$(img0).src--:http://slave.tvos_cf96066.cn:13160/poster/movie/100000557/246x138_1.jpg")
11-28 17:38:24.819 D/[blink]ResourceFetcher( 3082): [requestResource] url=http://slave.tvos_cf96066.cn:13160/poster/movie/100000475/246x138_1.jpg.
11-28 17:38:24.820 D/url     ( 3082): [DoResolveRelative] [WEB] DoResolveRelative Error resolving.
11-28 17:38:24.820 D/[blink]memoryCache( 3082): [evict] remove:http://slave.tvos_cf96066.cn:13160/poster/movie/100000475/246x138_1.jpg
11-28 17:38:24.820 D/iPanel  ( 3082): iPanel.debug("----$(img1).src--:http://slave.tvos_cf96066.cn:13160/poster/movie/100000475/246x138_1.jpg")
11-28 17:38:24.821 D/V8ScriptRunner( 3082): [callFunction] end. frame = 0x45e4bdb8 function: xmlHttp.onreadystatechange url: http://10.14.41.246/application/bxfc/sec/js/common.js line: 276
11-28 17:38:24.821 D/[cc]ProxyMain( 3082): [BeginMainFrame] cc.BeginMainFrame this:0x9f73a768
11-28 17:38:24.821 D/[cc]LayerTreeHost( 3082): [AnimateLayers] AnimateLayers monotonic_time=153633327
11-28 17:38:24.821 D/[blink]FrameView( 3082): [updateStyleAndLayoutIfNeededRecursiveInternal] in... this:0x25ca6670.
11-28 17:38:24.822 D/[blink]FrameView( 3082): [layout] start... this:0x25ca6670, frame=0x45e4bdb8 content size(1280, 720). 
11-28 17:38:24.822 D/[blink]FrameView( 3082): [layout] performPreLayoutTasks start... this:0x25ca6670
11-28 17:38:24.822 D/[blink]FrameView( 3082): [layout] performPreLayoutTasks end... this:0x25ca6670
11-28 17:38:24.822 D/[blink]FrameView( 3082): [layout] performLayout start... this:0x25ca6670
11-28 17:38:24.824 D/[blink]FrameView( 3082): [layout] performLayout end... this:0x25ca6670
11-28 17:38:24.824 D/[blink]FrameView( 3082): [layout] call compositor()->didLayout()!
11-28 17:38:24.824 D/[blink]FrameView( 3082): [layout] updateDocumentAnnotatedRegions start... this:0x25ca6670
11-28 17:38:24.824 D/[blink]FrameView( 3082): [layout] scheduleOrPerformPostLayoutTasks start... this:0x25ca6670
11-28 17:38:24.824 D/[blink]FrameView( 3082): [layout] end... this:0x25ca6670
11-28 17:38:24.824 D/[blink]FrameView( 3082): [layout] out... this:0x25ca6670
11-28 17:38:24.824 D/[blink]FrameView( 3082): [updateStyleAndLayoutIfNeededRecursiveInternal] in... this:0x25ca6ee8.
11-28 17:38:24.824 D/[blink]FrameView( 3082): [updateStyleAndLayoutIfNeededRecursiveInternal] end... this:0x25ca6ee8.
11-28 17:38:24.824 D/[blink]FrameView( 3082): [updateStyleAndLayoutIfNeededRecursiveInternal] end... this:0x25ca6670.
11-28 17:38:24.824 D/[blink]FrameView( 3082): [updateLifecyclePhasesInternal] in... this:0x25ca6670, targetState=18
11-28 17:38:24.824 D/[blink]FrameView( 3082): [updateLifecyclePhasesInternal] call compositor()->updateIfNeededRecursive()!
11-28 17:38:24.827 D/ResourceLoader( 3082): [StartRequest] start request 0x8b1c1b00 url='http://slave.tvos_cf96066.cn:13160/poster/movie/100000557/246x138_1.jpg'
11-28 17:38:24.827 D/AwRequestInterceptor( 3082): [MaybeInterceptRequest] request=0x8b1c1b00
11-28 17:38:24.827 D/[blink] ImagePainter( 3082): [paintReplaced] ImagePainter::paintReplaced in w=21056, h=3712.
11-28 17:38:24.827 D/[blink] ImagePainter( 3082): [paintReplaced] ImagePainter::paintReplaced in w=14272, h=1792.
11-28 17:38:24.827 D/[blink] ImagePainter( 3082): [paintReplaced] ImagePainter::paintReplaced in w=17472, h=9792.
11-28 17:38:24.827 D/[blink] ImagePainter( 3082): [paintReplaced] ImagePainter::paintReplaced out.
11-28 17:38:24.827 D/[blink] ImagePainter( 3082): [paintReplaced] ImagePainter::paintReplaced in w=3648, h=3904.
11-28 17:38:24.827 D/[blink] BoxPainter( 3082): [paintBoxDecorationBackgroundWithRect] BoxPainter::paintBoxDecorationBackgroundWithRect isImage=0, isLayoutImage=0
11-28 17:38:24.827 D/[blink] ImagePainter( 3082): [paintReplaced] ImagePainter::paintReplaced in w=17472, h=9792.
11-28 17:38:24.827 D/[blink] ImagePainter( 3082): [paintReplaced] ImagePainter::paintReplaced out.
11-28 17:38:24.827 D/[blink] ImagePainter( 3082): [paintReplaced] ImagePainter::paintReplaced in w=3648, h=3904.
11-28 17:38:24.827 D/cr_AwContents( 3082): [AwContents.java:520] BackgroundThreadClientImpl shouldInterceptRequest url = http://slave.tvos_cf96066.cn:13160/poster/movie/100000557/246x138_1.jpg
11-28 17:38:24.828 D/[blink] BoxPainter( 3082): [paintBoxDecorationBackgroundWithRect] BoxPainter::paintBoxDecorationBackgroundWithRect isImage=0, isLayoutImage=0
11-28 17:38:24.828 D/cr_AwNullContentsClient( 3082): [AwNullContentsClient.java:59] shouldInterceptRequest url=http://slave.tvos_cf96066.cn:13160/poster/movie/100000557/246x138_1.jpg
11-28 17:38:24.828 D/[blink] ImagePainter( 3082): [paintReplaced] ImagePainter::paintReplaced in w=17472, h=9792.
11-28 17:38:24.828 D/BrowserWebViewClient( 3082): intercept request :http://slave.tvos_cf96066.cn:13160/poster/movie/100000557/246x138_1.jpg
11-28 17:38:24.828 D/[blink] ImagePainter( 3082): [paintReplaced] ImagePainter::paintReplaced out.
11-28 17:38:24.828 D/[blink] BoxPainter( 3082): [paintBoxDecorationBackgroundWithRect] BoxPainter::paintBoxDecorationBackgroundWithRect isImage=0, isLayoutImage=0
11-28 17:38:24.828 D/[blink] ImagePainter( 3082): [paintReplaced] ImagePainter::paintReplaced in w=17472, h=9792.
11-28 17:38:24.828 D/[blink] ImagePainter( 3082): [paintReplaced] ImagePainter::paintReplaced out.
11-28 17:38:24.828 D/[blink] BoxPainter( 3082): [paintBoxDecorationBackgroundWithRect] BoxPainter::paintBoxDecorationBackgroundWithRect isImage=0, isLayoutImage=0
11-28 17:38:24.828 D/[blink] ImagePainter( 3082): [paintReplaced] ImagePainter::paintReplaced in w=4800, h=5184.
11-28 17:38:24.828 D/[blink] ImagePainter( 3082): [paintReplaced] ImagePainter::paintReplaced in w=4800, h=5184.
11-28 17:38:24.828 D/[blink] ImagePainter( 3082): [paintReplaced] ImagePainter::paintReplaced in w=4800, h=5184.
11-28 17:38:24.828 D/[blink] ImagePainter( 3082): [paintReplaced] ImagePainter::paintReplaced in w=4800, h=5184.
11-28 17:38:24.828 D/ResourceLoader( 3082): [StartRequest] start request 0x8b1c4180 url='http://slave.tvos_cf96066.cn:13160/poster/movie/100000475/246x138_1.jpg'
11-28 17:38:24.828 D/[blink] BoxPainter( 3082): [paintBoxDecorationBackgroundWithRect] BoxPainter::paintBoxDecorationBackgroundWithRect isImage=0, isLayoutImage=0
11-28 17:38:24.828 D/[blink] ImagePainter( 3082): [paintReplaced] ImagePainter::paintReplaced in w=14144, h=7936.
11-28 17:38:24.828 D/AwRequestInterceptor( 3082): [MaybeInterceptRequest] request=0x8b1c4180
11-28 17:38:24.828 D/[blink] ImagePainter( 3082): [paintReplaced] ImagePainter::paintReplaced out.
11-28 17:38:24.828 D/[blink] BoxPainter( 3082): [paintBoxDecorationBackgroundWithRect] BoxPainter::paintBoxDecorationBackgroundWithRect isImage=0, isLayoutImage=0
11-28 17:38:24.828 D/[blink] BoxPainter( 3082): [paintBoxDecorationBackgroundWithRect] BoxPainter::paintBoxDecorationBackgroundWithRect isImage=0, isLayoutImage=0
11-28 17:38:24.828 D/[blink] ImagePainter( 3082): [paintReplaced] ImagePainter::paintReplaced in w=14144, h=7936.
11-28 17:38:24.828 D/[blink] ImagePainter( 3082): [paintReplaced] ImagePainter::paintReplaced out.
11-28 17:38:24.828 D/[blink] BoxPainter( 3082): [paintBoxDecorationBackgroundWithRect] BoxPainter::paintBoxDecorationBackgroundWithRect isImage=0, isLayoutImage=0
11-28 17:38:24.829 D/cr_AwContents( 3082): [AwContents.java:520] BackgroundThreadClientImpl shouldInterceptRequest url = http://slave.tvos_cf96066.cn:13160/poster/movie/100000475/246x138_1.jpg
11-28 17:38:24.829 D/[blink] ImagePainter( 3082): [paintReplaced] ImagePainter::paintReplaced in w=1408, h=768.
11-28 17:38:24.829 D/cr_AwNullContentsClient( 3082): [AwNullContentsClient.java:59] shouldInterceptRequest url=http://slave.tvos_cf96066.cn:13160/poster/movie/100000475/246x138_1.jpg
11-28 17:38:24.829 D/BrowserWebViewClient( 3082): intercept request :http://slave.tvos_cf96066.cn:13160/poster/movie/100000475/246x138_1.jpg
11-28 17:38:24.829 D/[blink]FrameView( 3082): [updateLifecyclePhasesInternal] end... this:0x25ca6670
11-28 17:38:24.832 D/AwRequestInterceptor( 3082): [MaybeInterceptRequest] request=0x8b1c1b00
11-28 17:38:24.832 D/AwRequestInterceptor( 3082): [MaybeInterceptRequest] request=0x8b1c4180
11-28 17:38:24.834 D/ResourceLoader( 3082): [ResponseCompleted] finish request 0x8b1c6480 url='http://slave.tvos_cf96066.cn:13160/poster/movie/100000558/375x210_1.jpg'
11-28 17:38:24.835 D/[blink] ImageResource( 3082): [updateImage] allDataReceived!! data size=10164
11-28 17:38:24.836 D/ResourceLoader( 3082): [ResponseCompleted] finish request 0x8b1c5680 url='http://slave.tvos_cf96066.cn:13160/poster/movie/100000572/375x210_1.jpg'
11-28 17:38:24.837 D/[blink] ImageResource( 3082): [updateImage] allDataReceived!! data size=3986
11-28 17:38:24.841 D/ResourceLoader( 3082): [ResponseCompleted] finish request 0x8b1c5300 url='http://slave.tvos_cf96066.cn:13160/poster/movie/100000573/375x210_1.jpg'
11-28 17:38:24.841 D/[blink] ImageResource( 3082): [updateImage] allDataReceived!! data size=5808
11-28 17:38:24.842 D/[blink] ImageResource( 3082): [updateImage] allDataReceived!! data size=32009
11-28 17:38:24.844 D/ResourceLoader( 3082): [ResponseCompleted] finish request 0x8b1c4f80 url='http://slave.tvos_cf96066.cn:13160/poster/movie/100000559/375x210_1.jpg'
11-28 17:38:24.846 D/[blink]ResourceFetcher( 3082): [didFinishLoading] encoded length=32119 url=http://slave.tvos_cf96066.cn:13160/poster/movie/100000558/375x210_1.jpg.
11-28 17:38:24.846 D/[blink] ImageResource( 3082): [updateImage] allDataReceived!! data size=32009
11-28 17:38:24.846 D/[blink] ImageResource( 3082): [updateImage] allDataReceived!! data size=11616
11-28 17:38:24.846 D/[blink] ImageResource( 3082): [updateImage] allDataReceived!! data size=44130
11-28 17:38:24.847 D/[blink]ResourceFetcher( 3082): [didFinishLoading] encoded length=44240 url=http://slave.tvos_cf96066.cn:13160/poster/movie/100000572/375x210_1.jpg.
11-28 17:38:24.847 D/[blink] ImageResource( 3082): [updateImage] allDataReceived!! data size=44130
11-28 17:38:24.847 D/[blink] ImageResource( 3082): [updateImage] allDataReceived!! data size=11616
11-28 17:38:24.848 D/[blink] ImageResource( 3082): [updateImage] allDataReceived!! data size=3986
11-28 17:38:24.848 D/[blink] ImageResource( 3082): [updateImage] allDataReceived!! data size=35693
11-28 17:38:24.848 D/[blink]ResourceFetcher( 3082): [didFinishLoading] encoded length=35803 url=http://slave.tvos_cf96066.cn:13160/poster/movie/100000573/375x210_1.jpg.
11-28 17:38:24.848 D/[blink] ImageResource( 3082): [updateImage] allDataReceived!! data size=35693
11-28 17:38:24.848 D/[blink] ImageResource( 3082): [updateImage] allDataReceived!! data size=15972
11-28 17:38:24.849 D/[blink] ImageResource( 3082): [updateImage] allDataReceived!! data size=59532
11-28 17:38:24.849 D/[blink] ImageResource( 3082): [updateImage] allDataReceived!! data size=64430
11-28 17:38:24.849 D/[blink]ResourceFetcher( 3082): [didFinishLoading] encoded length=64540 url=http://slave.tvos_cf96066.cn:13160/poster/movie/100000559/375x210_1.jpg.
11-28 17:38:24.849 D/[blink] ImageResource( 3082): [updateImage] allDataReceived!! data size=64430
11-28 17:38:24.849 D/[cc]ProxyMain( 3082): [BeginMainFrame] cc.BeginMainFrame this:0x9f73a768
11-28 17:38:24.850 D/[cc]LayerTreeHost( 3082): [AnimateLayers] AnimateLayers monotonic_time=153683327
11-28 17:38:24.850 D/[blink]FrameView( 3082): [updateStyleAndLayoutIfNeededRecursiveInternal] in... this:0x25ca6670.
11-28 17:38:24.850 D/[blink]FrameView( 3082): [updateStyleAndLayoutIfNeededRecursiveInternal] in... this:0x25ca6ee8.
11-28 17:38:24.850 D/[blink]FrameView( 3082): [updateStyleAndLayoutIfNeededRecursiveInternal] end... this:0x25ca6ee8.
11-28 17:38:24.850 D/[blink]FrameView( 3082): [updateStyleAndLayoutIfNeededRecursiveInternal] end... this:0x25ca6670.
11-28 17:38:24.850 D/[blink]FrameView( 3082): [updateLifecyclePhasesInternal] in... this:0x25ca6670, targetState=18
11-28 17:38:24.850 D/[blink]FrameView( 3082): [updateLifecyclePhasesInternal] call compositor()->updateIfNeededRecursive()!
11-28 17:38:24.850 D/[blink] ImagePainter( 3082): [paintReplaced] ImagePainter::paintReplaced in w=21056, h=3712.
11-28 17:38:24.850 D/[blink] ImagePainter( 3082): [paintReplaced] ImagePainter::paintReplaced in w=14272, h=1792.
11-28 17:38:24.850 D/[blink] ImagePainter( 3082): [paintReplaced] ImagePainter::paintReplaced in w=17472, h=9792.
11-28 17:38:24.850 D/[blink] ImagePainter( 3082): [paintReplaced] ImagePainter::paintReplaced out.
11-28 17:38:24.850 D/[blink] ImagePainter( 3082): [paintReplaced] ImagePainter::paintReplaced in w=3648, h=3904.
11-28 17:38:24.850 D/[blink] ImagePainter( 3082): [paintReplaced] ImagePainter::paintReplaced in w=17472, h=9792.
11-28 17:38:24.850 D/[blink] ImagePainter( 3082): [paintReplaced] ImagePainter::paintReplaced out.
11-28 17:38:24.850 D/[blink] ImagePainter( 3082): [paintReplaced] ImagePainter::paintReplaced in w=3648, h=3904.
11-28 17:38:24.850 D/[blink] ImagePainter( 3082): [paintReplaced] ImagePainter::paintReplaced in w=17472, h=9792.
11-28 17:38:24.850 D/[blink] ImagePainter( 3082): [paintReplaced] ImagePainter::paintReplaced out.
11-28 17:38:24.850 D/[blink] ImagePainter( 3082): [paintReplaced] ImagePainter::paintReplaced in w=17472, h=9792.
11-28 17:38:24.851 D/[blink] ImagePainter( 3082): [paintReplaced] ImagePainter::paintReplaced out.
11-28 17:38:24.851 D/[blink] ImagePainter( 3082): [paintReplaced] ImagePainter::paintReplaced in w=4800, h=5184.
11-28 17:38:24.851 D/[blink] ImagePainter( 3082): [paintReplaced] ImagePainter::paintReplaced in w=4800, h=5184.
11-28 17:38:24.851 D/[blink] ImagePainter( 3082): [paintReplaced] ImagePainter::paintReplaced in w=4800, h=5184.
11-28 17:38:24.851 D/[blink] ImagePainter( 3082): [paintReplaced] ImagePainter::paintReplaced in w=4800, h=5184.
11-28 17:38:24.851 D/[blink] ImagePainter( 3082): [paintReplaced] ImagePainter::paintReplaced in w=14144, h=7936.
11-28 17:38:24.851 D/[blink] ImagePainter( 3082): [paintReplaced] ImagePainter::paintReplaced in w=14144, h=7936.
11-28 17:38:24.851 D/[blink] ImagePainter( 3082): [paintReplaced] ImagePainter::paintReplaced in w=1408, h=768.
11-28 17:38:24.852 D/[blink]FrameView( 3082): [updateLifecyclePhasesInternal] end... this:0x25ca6670
11-28 17:38:24.853 D/[skia]SkBitmap( 3082): [tryAllocPixels] allocator:0x5e274678
11-28 17:38:24.853 D/ResourceLoader( 3082): [ResponseCompleted] finish request 0x8b1c1b00 url='http://slave.tvos_cf96066.cn:13160/poster/movie/100000557/246x138_1.jpg'
11-28 17:38:24.853 D/[skia]SkBitmap( 3082): [tryAllocPixels] allocator:0x5e2734a8
11-28 17:38:24.854 D/[skia]SkBitmap( 3082): [tryAllocPixels] allocator:0x5e274218
11-28 17:38:24.854 D/ResourceLoader( 3082): [ResponseCompleted] finish request 0x8b1c4180 url='http://slave.tvos_cf96066.cn:13160/poster/movie/100000475/246x138_1.jpg'
11-28 17:38:24.856 D/[skia]SkBitmap( 3082): [tryAllocPixels] allocator:0x5e2746a0
11-28 17:38:24.858 D/[blink] ImageResource( 3082): [updateImage] allDataReceived!! data size=8712
11-28 17:38:24.858 D/[blink] ImageResource( 3082): [updateImage] allDataReceived!! data size=15972
11-28 17:38:24.865 D/[blink] ImageResource( 3082): [updateImage] allDataReceived!! data size=5808
11-28 17:38:24.865 D/[blink] ImageResource( 3082): [updateImage] allDataReceived!! data size=23232
11-28 17:38:24.865 D/[blink] ImageResource( 3082): [updateImage] allDataReceived!! data size=26136
11-28 17:38:24.865 D/[blink] ImageResource( 3082): [updateImage] allDataReceived!! data size=13068
11-28 17:38:24.865 D/[blink] ImageResource( 3082): [updateImage] allDataReceived!! data size=29688
11-28 17:38:24.866 D/[blink]ResourceFetcher( 3082): [didFinishLoading] encoded length=29798 url=http://slave.tvos_cf96066.cn:13160/poster/movie/100000557/246x138_1.jpg.
11-28 17:38:24.866 D/[blink] ImageResource( 3082): [updateImage] allDataReceived!! data size=29688
11-28 17:38:24.866 D/[blink] ImageResource( 3082): [updateImage] allDataReceived!! data size=18922
11-28 17:38:24.867 D/[blink]ResourceFetcher( 3082): [didFinishLoading] encoded length=19032 url=http://slave.tvos_cf96066.cn:13160/poster/movie/100000475/246x138_1.jpg.
11-28 17:38:24.867 D/[blink] ImageResource( 3082): [updateImage] allDataReceived!! data size=18922
11-28 17:38:24.867 D/[cc]ProxyMain( 3082): [BeginMainFrame] cc.BeginMainFrame this:0x9f73a768
11-28 17:38:24.867 D/[cc]LayerTreeHost( 3082): [AnimateLayers] AnimateLayers monotonic_time=153699993
11-28 17:38:24.867 D/[blink]FrameView( 3082): [updateStyleAndLayoutIfNeededRecursiveInternal] in... this:0x25ca6670.
11-28 17:38:24.867 D/[blink]FrameView( 3082): [updateStyleAndLayoutIfNeededRecursiveInternal] in... this:0x25ca6ee8.
11-28 17:38:24.867 D/[blink]FrameView( 3082): [updateStyleAndLayoutIfNeededRecursiveInternal] end... this:0x25ca6ee8.
11-28 17:38:24.867 D/[blink]FrameView( 3082): [updateStyleAndLayoutIfNeededRecursiveInternal] end... this:0x25ca6670.
11-28 17:38:24.868 D/[blink]FrameView( 3082): [updateLifecyclePhasesInternal] in... this:0x25ca6670, targetState=18
11-28 17:38:24.868 D/[blink]FrameView( 3082): [updateLifecyclePhasesInternal] call compositor()->updateIfNeededRecursive()!
11-28 17:38:24.868 D/[blink] ImagePainter( 3082): [paintReplaced] ImagePainter::paintReplaced in w=21056, h=3712.
11-28 17:38:24.868 D/[blink] ImagePainter( 3082): [paintReplaced] ImagePainter::paintReplaced in w=14272, h=1792.
11-28 17:38:24.868 D/[blink] ImagePainter( 3082): [paintReplaced] ImagePainter::paintReplaced in w=17472, h=9792.
11-28 17:38:24.868 D/[blink] ImagePainter( 3082): [paintReplaced] ImagePainter::paintReplaced in w=3648, h=3904.
11-28 17:38:24.868 D/[blink] ImagePainter( 3082): [paintReplaced] ImagePainter::paintReplaced in w=17472, h=9792.
11-28 17:38:24.868 D/[blink] ImagePainter( 3082): [paintReplaced] ImagePainter::paintReplaced in w=3648, h=3904.
11-28 17:38:24.868 D/[blink] ImagePainter( 3082): [paintReplaced] ImagePainter::paintReplaced in w=17472, h=9792.
11-28 17:38:24.869 D/[blink] ImagePainter( 3082): [paintReplaced] ImagePainter::paintReplaced in w=17472, h=9792.
11-28 17:38:24.869 D/[blink] ImagePainter( 3082): [paintReplaced] ImagePainter::paintReplaced in w=4800, h=5184.
11-28 17:38:24.869 D/[blink] ImagePainter( 3082): [paintReplaced] ImagePainter::paintReplaced in w=4800, h=5184.
11-28 17:38:24.869 D/[blink] ImagePainter( 3082): [paintReplaced] ImagePainter::paintReplaced in w=4800, h=5184.
11-28 17:38:24.869 D/[blink] ImagePainter( 3082): [paintReplaced] ImagePainter::paintReplaced in w=4800, h=5184.
11-28 17:38:24.869 D/[blink] ImagePainter( 3082): [paintReplaced] ImagePainter::paintReplaced in w=14144, h=7936.
11-28 17:38:24.869 D/[blink] ImagePainter( 3082): [paintReplaced] ImagePainter::paintReplaced out.
11-28 17:38:24.869 D/[blink] ImagePainter( 3082): [paintReplaced] ImagePainter::paintReplaced in w=14144, h=7936.
11-28 17:38:24.869 D/[blink] ImagePainter( 3082): [paintReplaced] ImagePainter::paintReplaced out.
11-28 17:38:24.869 D/[blink] ImagePainter( 3082): [paintReplaced] ImagePainter::paintReplaced in w=1408, h=768.
11-28 17:38:24.869 D/[blink]FrameView( 3082): [updateLifecyclePhasesInternal] end... this:0x25ca6670
11-28 17:38:24.873 D/[skia]SkBitmap( 3082): [tryAllocPixels] allocator:0x5e273160
11-28 17:38:24.873 D/[skia]SkBitmap( 3082): [tryAllocPixels] allocator:0x5e273ef8
11-28 17:38:24.904 D/ir_user ( 1585): PlayerTimeLineTrace:linux_keycode:0x1c(UP),	protocol: .
11-28 17:38:24.904 V/PT      ( 1581): >>INFO:irkey_task:[     153.750114] /dev/input/event0: type=0001 code=001c val=00000000
11-28 17:38:24.904 V/PT      ( 1581): >>INFO:irkey_send:0x3001 0x1001 up  
11-28 17:38:24.905 V/SUMA    ( 1581): ++++++++++++++  _roc_evtmgr_key_cbk 517:input = 12289, event=4097, act=0x400
11-28 17:38:24.905 V/SUMA    ( 1581): lxm:_roc_evtmgr_key_cbk 519 153750
11-28 17:38:24.905 V/SUMA    ( 1581): lxm:_roc_evtmgr_add_key_into_queue 311 153750
11-28 17:38:24.905 V/PT      ( 1581): >>INFO:irkey_task:[     153.750114] /dev/input/event0: type=0000 code=0000 val=00000000
11-28 17:38:24.905 V/SUMA    ( 1581): ===================>> type=0 src=0 evt=4097 act=0x400
11-28 17:38:24.905 V/SUMA    ( 1581): [sysset-s][event_manager_cbk 78]lxm cbid=1, cbk_reg=1, cpid=2463
11-28 17:38:24.905 D/NGBEvent( 2463): ngbEventCallBack type:0 source :4097
11-28 17:38:24.905 D/NGBEvent( 2463): [NGBEventManager-JNI]-returning:1
11-28 17:38:24.905 D/NGBEvent( 2463): Input key event: keyCode=4097
11-28 17:38:24.905 D/NGBEvent( 2463): src:4097 = dest:4097
11-28 17:38:24.905 I/System.out( 2463): [DEBUG EventManager] LWJ--Add event to java with evt=NgbEvent-[type = 1, subtype = 402, code = 4097]
11-28 17:38:24.905 D/NGBEvent( 2463): [NGBEvent_log]--[EventManager--JNI]:		start
11-28 17:38:24.905 I/System.out( 2463): [DEBUG EventManager] broadcastEvent  :len 1
11-28 17:38:24.905 D/KeyEventNgbDealer( 2463): [TN_pool-1-thread-1]handleKeyReleased keyEvent=NgbEvent-[type = 1, subtype = 402, code = 4097],time=153750
11-28 17:38:24.924 D/RemoteIME( 2359): RemoteIME--> onKeyUp keyCode = 23
11-28 17:38:24.932 D/BackBootDealerNeimeng( 2383): standbyState:
11-28 17:38:24.932 E/NetUtils( 2031): Interface eth0 LinkUp!
11-28 17:38:24.953 D/cr_AwTestContainerView( 3082): [AwTestContainerView.java:63] [mainFrame]: [2017-11-21 17:52:03] dispatchKeyEvent keyCode = 23 event = KeyEvent { action=ACTION_UP, keyCode=KEYCODE_DPAD_CENTER, scanCode=28, metaState=0, flags=0x8, repeatCount=0, eventTime=153750, downTime=153432, deviceId=4, source=0x701 }
11-28 17:38:24.953 D/ImeAdapterAndroid( 3082): [SendKeyEvent] [BUILD TIME: ] dispatchKeyEvent key_code=23 modifiers=0 unicode_char=0 scan_code=28 is_system=0 tm=153750
11-28 17:38:24.954 D/RenderWidgetInputHandler( 3082): [HandleInputEvent] input_event type=9 name=KeyUp
11-28 17:38:24.954 D/RenderWidgetInputHandler( 3082): [HandleInputEvent] key_event.nativeKeyCode:23,widget_->GetTextInputType():0
11-28 17:38:24.954 D/RenderWidgetInputHandler( 3082): [HandleInputEvent] input_event type=9 prevent_default:0
11-28 17:38:24.954 D/WebViewImpl( 3082): [handleKeyEvent] keycode:13, eventType:9 native keycode:23 frame=0x45e4bdb8. url='http://10.14.41.246/application/bxfc/sec/index.htm'.
11-28 17:38:24.954 D/[blink]KeyboardEventManager( 3082): [keyEvent] initialKeyEvent KeyUp nativeKeyCode=23 windowsKeyCode=13 text[0]=13
11-28 17:38:24.954 D/[blink]KeyboardEventManager( 3082): [keyEvent] initialKeyEvent focusedNode=0x0
11-28 17:38:24.976 I/Advanced( 3082): [QUEUE] share_queue_sendEx size:1 4097 472 0x8fde4a48,postLoopId:0,dstid:1.
11-28 17:38:25.176 I/Advanced( 3082): [QUEUE] share_queue_sendEx size:1 4097 473 0x8fde4a48,postLoopId:0,dstid:1.
11-28 17:38:25.376 I/Advanced( 3082): [QUEUE] share_queue_sendEx size:1 4097 474 0x8fde4a48,postLoopId:0,dstid:1.
11-28 17:38:25.432 D/BackBootDealerNeimeng( 2383): standbyState:
11-28 17:38:25.433 E/NetUtils( 2031): Interface eth0 LinkUp!
11-28 17:38:25.577 I/Advanced( 3082): [QUEUE] share_queue_sendEx size:1 4097 475 0x8fde4a48,postLoopId:0,dstid:1.
11-28 17:38:25.599 I/AdvancedPorting-PORT_MODULE_NET( 3082): network_task while... 
11-28 17:38:25.599 I/AdvancedPorting-PORT_MODULE_NET( 3082): 0 interface name: lo
11-28 17:38:25.599 I/AdvancedPorting-PORT_MODULE_NET( 3082): 1 interface name: eth0
11-28 17:38:25.599 I/AdvancedPorting-PORT_MODULE_NET( 3082): 2 interface name: wlan0
11-28 17:38:25.599 I/AdvancedPorting-PORT_MODULE_NET( 3082): First interface name: lo
11-28 17:38:25.599 I/AdvancedPorting-PORT_MODULE_NET( 3082): network_task while...  net_i:1
11-28 17:38:25.599 I/AdvancedPorting-PORT_MODULE_NET( 3082): network_task while---name_interface[0]=lo
11-28 17:38:25.599 I/AdvancedPorting-PORT_MODULE_NET( 3082): network_task while---name_interface[1]=eth0
11-28 17:38:25.599 I/AdvancedPorting-PORT_MODULE_NET( 3082): network_task while---interface_name=eth0
11-28 17:38:25.599 I/AdvancedPorting-PORT_MODULE_NET( 3082): network_get_netlink_status(in)--if_name=eth0
11-28 17:38:25.599 I/AdvancedPorting-PORT_MODULE_NET( 3082): net.network.isconnected = no
11-28 17:38:25.599 I/AdvancedPorting-PORT_MODULE_NET( 3082): eth0 --network_get_netlink_status return retval=1
11-28 17:38:25.599 I/AdvancedPorting-PORT_MODULE_NET( 3082): stat = 1 last_status = 1
11-28 17:38:25.777 I/Advanced( 3082): [QUEUE] share_queue_sendEx size:1 4097 476 0x8fde4a48,postLoopId:0,dstid:1.
11-28 17:38:25.934 D/BackBootDealerNeimeng( 2383): standbyState:
11-28 17:38:25.934 E/NetUtils( 2031): Interface eth0 LinkUp!
11-28 17:38:25.978 I/Advanced( 3082): [QUEUE] share_queue_sendEx size:1 4097 477 0x8fde4a48,postLoopId:0,dstid:1.
11-28 17:38:26.178 I/Advanced( 3082): [QUEUE] share_queue_sendEx size:1 4097 478 0x8fde4a48,postLoopId:0,dstid:1.
11-28 17:38:26.435 D/BackBootDealerNeimeng( 2383): standbyState:
11-28 17:38:26.435 E/NetUtils( 2031): Interface eth0 LinkUp!
11-28 17:38:26.588 I/Advanced( 3082): [QUEUE] share_queue_sendEx size:1 4097 480 0x8fde4a48,postLoopId:0,dstid:1.
11-28 17:38:26.599 I/AdvancedPorting-PORT_MODULE_NET( 3082): network_task while... 
11-28 17:38:26.599 I/AdvancedPorting-PORT_MODULE_NET( 3082): 0 interface name: lo
11-28 17:38:26.599 I/AdvancedPorting-PORT_MODULE_NET( 3082): 1 interface name: eth0
11-28 17:38:26.599 I/AdvancedPorting-PORT_MODULE_NET( 3082): 2 interface name: wlan0
11-28 17:38:26.599 I/AdvancedPorting-PORT_MODULE_NET( 3082): First interface name: lo
11-28 17:38:26.600 I/AdvancedPorting-PORT_MODULE_NET( 3082): network_task while...  net_i:1
11-28 17:38:26.600 I/AdvancedPorting-PORT_MODULE_NET( 3082): network_task while---name_interface[0]=lo
11-28 17:38:26.600 I/AdvancedPorting-PORT_MODULE_NET( 3082): network_task while---name_interface[1]=eth0
11-28 17:38:26.600 I/AdvancedPorting-PORT_MODULE_NET( 3082): network_task while---interface_name=eth0
11-28 17:38:26.600 I/AdvancedPorting-PORT_MODULE_NET( 3082): network_get_netlink_status(in)--if_name=eth0
11-28 17:38:26.600 I/AdvancedPorting-PORT_MODULE_NET( 3082): net.network.isconnected = no
11-28 17:38:26.600 I/AdvancedPorting-PORT_MODULE_NET( 3082): eth0 --network_get_netlink_status return retval=1
11-28 17:38:26.600 I/AdvancedPorting-PORT_MODULE_NET( 3082): stat = 1 last_status = 1
11-28 17:38:26.788 I/Advanced( 3082): [QUEUE] share_queue_sendEx size:1 4097 481 0x8fde4a48,postLoopId:0,dstid:1.
11-28 17:38:26.936 D/BackBootDealerNeimeng( 2383): standbyState:
11-28 17:38:26.936 E/NetUtils( 2031): Interface eth0 LinkUp!
11-28 17:38:27.000 E/WifiStateMachine( 2031): WifiStateMachine CMD_START_SCAN source -2 txSuccessRate=0.07 rxSuccessRate=2.01 targetRoamBSSID=86:79:73:a5:79:a2 RSSI=-37
11-28 17:38:27.198 I/Advanced( 3082): [QUEUE] share_queue_sendEx size:1 4097 483 0x8fde4a48,postLoopId:0,dstid:1.
11-28 17:38:27.398 I/Advanced( 3082): [QUEUE] share_queue_sendEx size:1 4097 484 0x8fde4a48,postLoopId:0,dstid:1.
11-28 17:38:27.437 D/BackBootDealerNeimeng( 2383): standbyState:
11-28 17:38:27.438 E/NetUtils( 2031): Interface eth0 LinkUp!
11-28 17:38:27.599 I/Advanced( 3082): [QUEUE] share_queue_sendEx size:1 4097 485 0x8fde4a48,postLoopId:0,dstid:1.
11-28 17:38:27.600 I/AdvancedPorting-PORT_MODULE_NET( 3082): network_task while... 
11-28 17:38:27.600 I/AdvancedPorting-PORT_MODULE_NET( 3082): 0 interface name: lo
11-28 17:38:27.600 I/AdvancedPorting-PORT_MODULE_NET( 3082): 1 interface name: eth0
11-28 17:38:27.600 I/AdvancedPorting-PORT_MODULE_NET( 3082): 2 interface name: wlan0
11-28 17:38:27.600 I/AdvancedPorting-PORT_MODULE_NET( 3082): First interface name: lo
11-28 17:38:27.600 I/AdvancedPorting-PORT_MODULE_NET( 3082): network_task while...  net_i:1
11-28 17:38:27.600 I/AdvancedPorting-PORT_MODULE_NET( 3082): network_task while---name_interface[0]=lo
11-28 17:38:27.600 I/AdvancedPorting-PORT_MODULE_NET( 3082): network_task while---name_interface[1]=eth0
11-28 17:38:27.600 I/AdvancedPorting-PORT_MODULE_NET( 3082): network_task while---interface_name=eth0
11-28 17:38:27.600 I/AdvancedPorting-PORT_MODULE_NET( 3082): network_get_netlink_status(in)--if_name=eth0
11-28 17:38:27.600 I/AdvancedPorting-PORT_MODULE_NET( 3082): net.network.isconnected = no
11-28 17:38:27.600 I/AdvancedPorting-PORT_MODULE_NET( 3082): eth0 --network_get_netlink_status return retval=1
11-28 17:38:27.600 I/AdvancedPorting-PORT_MODULE_NET( 3082): stat = 1 last_status = 1
11-28 17:38:27.736 D/IPLoaderNeimeng( 2383): after wait time17:38:27:monitorInterval:5000
11-28 17:38:27.736 D/IPLoaderNeimeng( 2383): before dealUpdateCheck time:17:38:27:isMsgBroadcast:false:monitorInterval:5000:processState:1
11-28 17:38:27.736 D/IPLoaderNeimeng( 2383): dealUpdateCheck isFirstSuccessUpdate:false:monitorInterval:5000
11-28 17:38:27.736 D/LoadHttpHandler( 2383): [TN_ThreadUtil-9]doNormal proxyConfig=null
11-28 17:38:27.796 D/LoadHttpHandler( 2383): [TN_ThreadUtil-9]doNormal responseCode=404
11-28 17:38:27.796 D/LoadHttpTask( 2383): dealUpdateCheck responseCode:404:data:null:downloadResult:false
11-28 17:38:27.797 D/IPLoaderNeimeng( 2383): after dealUpdateCheck time:17:38:27:isMsgBroadcast:false:monitorInterval:5000:processState:1
11-28 17:38:27.797 D/IPLoaderNeimeng( 2383): before wait time17:38:27:monitorInterval:5000
11-28 17:38:27.799 I/Advanced( 3082): [QUEUE] share_queue_sendEx size:1 4097 486 0x8fde4a48,postLoopId:0,dstid:1.
11-28 17:38:27.938 D/BackBootDealerNeimeng( 2383): standbyState:
11-28 17:38:27.939 E/NetUtils( 2031): Interface eth0 LinkUp!
11-28 17:38:28.000 I/Advanced( 3082): [QUEUE] share_queue_sendEx size:1 4097 487 0x8fde4a48,postLoopId:0,dstid:1.
11-28 17:38:28.200 I/Advanced( 3082): [QUEUE] share_queue_sendEx size:1 4097 488 0x8fde4a48,postLoopId:0,dstid:1.
11-28 17:38:28.400 I/Advanced( 3082): [QUEUE] share_queue_sendEx size:1 4097 489 0x8fde4a48,postLoopId:0,dstid:1.
11-28 17:38:28.437 I/System.out( 2383): [DEBUG SectionFilterGroup] be reaady to detach filtergroup:true
11-28 17:38:28.437 V/SUMA    ( 1581): [resman-s][onTransact 216]code[0x12000201] client pid = 2383
11-28 17:38:28.437 V/SUMA    ( 1581): [resman-s][onTransact 665]TRANS_CODE_RESMAN_FILETER_RELEASE enter
11-28 17:38:28.437 V/SUMA    ( 1581): >> Roc_ResMan_Filter_Release handler = 0x12028a30 
11-28 17:38:28.437 V/SUMA    ( 1581): [resman-s][onTransact 674]filter release m_client[0].cpid = 2383
11-28 17:38:28.437 V/SUMA    ( 1581): [resman-s][onTransact 678]filter handler release filter_handler[0]
11-28 17:38:28.438 V/SUMA    ( 1581): [resman-s][onTransact 688]TRANS_CODE_RESMAN_FILETER_RELEASE leave
11-28 17:38:28.438 V/SUMA    ( 1581): [resman-s][onTransact 1574]leave transact client pid = 2383
11-28 17:38:28.438 V/SUMA    ( 2383): [resman-c][dvbc_resman_flt_release 183]dvbc(2383)## s_resman_client_flt_hcbk release cbk idx=0 !!!
11-28 17:38:28.438 V/SUMA    ( 2383): [resman-c][Roc_ResMan_Filter_Release 1403]leave !!!
11-28 17:38:28.438 W/EsgNeiMengDealer( 2383): [TN_ThreadUtil-2]handleNormTable table content null
11-28 17:38:28.438 D/EsgNeiMengDealer( 2383): [TN_ThreadUtil-2]dealUpdateInfo updateInfo=null
11-28 17:38:28.438 D/EsgRunner( 2383): [TN_ThreadUtil-2]notifyUpdateEnd ads=null
11-28 17:38:28.440 D/BackBootDealerNeimeng( 2383): standbyState:
11-28 17:38:28.441 E/NetUtils( 2031): Interface eth0 LinkUp!
11-28 17:38:28.443 W/ContextImpl( 2383): Calling a method in the system process without a qualified user: android.app.ContextImpl.sendBroadcast:1345 android.content.ContextWrapper.sendBroadcast:377 com.suma.midware.back.esg.e.f:-1 com.suma.midware.back.esg.f.run:-1 com.suma.midware.prop.util.c.run:-1 
11-28 17:38:28.600 E/LoadHttpHandler( 2510): [TN_ThreadUtil-0]doNormal illegal url=http://tvos-launcher.96066.com:8082/LancherWeb/getLauncherUpdatePackage?areaCode=&serialNumber=15510217220000014&standardVersion=1.0&mac=&hardVersion=04.01.01.02&launcherVersion=0&locationCode=7000&cardOutID=8150010316662691&softVersion=03.16.00.03&type=1&model=8,exceptionName=java.net.SocketTimeoutException
11-28 17:38:28.600 I/AdvancedPorting-PORT_MODULE_NET( 3082): network_task while... 
11-28 17:38:28.601 I/AdvancedPorting-PORT_MODULE_NET( 3082): 0 interface name: lo
11-28 17:38:28.601 I/AdvancedPorting-PORT_MODULE_NET( 3082): 1 interface name: eth0
11-28 17:38:28.601 E/ConfigUpdateNeimengOttAdmin( 2510): [TN_ThreadUtil-0]checkConfig down failed
11-28 17:38:28.601 I/AdvancedPorting-PORT_MODULE_NET( 3082): 2 interface name: wlan0
11-28 17:38:28.601 I/AdvancedPorting-PORT_MODULE_NET( 3082): First interface name: lo
