11-28 17:23:45.527 W/System.err( 2647): 	at com.starcor.httpapi.core.SCHttpTools.doRequest(SCHttpTools.java:124)
11-28 17:23:45.527 W/System.err( 2647): 	at com.starcor.httpapi.core.SCHttpApiEngine$ApiRunnable.runTask(SCHttpApiEngine.java:507)
11-28 17:23:45.527 W/System.err( 2647): 	at com.starcor.httpapi.core.SCHttpApiEngine$ApiRunnable.run(SCHttpApiEngine.java:442)
11-28 17:23:45.527 W/System.err( 2647): 	at java.lang.Thread.run(Thread.java:818)
11-28 17:23:45.529 W/System.err( 2647): java.lang.IllegalStateException: Target host must not be null, or set in parameters. scheme=null, host=null, path=/SyncTime
11-28 17:23:45.530 W/System.err( 2647): 	at org.apache.http.impl.client.DefaultRequestDirector.determineRoute(DefaultRequestDirector.java:596)
11-28 17:23:45.530 W/System.err( 2647): 	at org.apache.http.impl.client.DefaultRequestDirector.execute(DefaultRequestDirector.java:298)
11-28 17:23:45.530 W/System.err( 2647): 	at org.apache.http.impl.client.AbstractHttpClient.execute(AbstractHttpClient.java:560)
11-28 17:23:45.530 W/System.err( 2647): 	at org.apache.http.impl.client.AbstractHttpClient.execute(AbstractHttpClient.java:492)
11-28 17:23:45.530 W/System.err( 2647): 	at org.apache.http.impl.client.AbstractHttpClient.execute(AbstractHttpClient.java:470)
11-28 17:23:45.530 W/System.err( 2647): 	at com.starcor.httpapi.core.SCHttpTools.doRequest(SCHttpTools.java:197)
11-28 17:23:45.531 W/System.err( 2647): 	at com.starcor.httpapi.core.SCHttpApiEngine$ApiRunnable.runTask(SCHttpApiEngine.java:507)
11-28 17:23:45.531 W/System.err( 2647): 	at com.starcor.httpapi.core.SCHttpApiEngine$ApiRunnable.run(SCHttpApiEngine.java:442)
11-28 17:23:45.531 W/System.err( 2647): 	at java.lang.Thread.run(Thread.java:818)
11-28 17:23:45.536 I/Api     ( 2647): srcApiName:N2_A_3, 转换后的url=
11-28 17:23:45.536 I/Api     ( 2647): /SyncTime?OutputType=json&Mac=A8-F4-70-1C-47-8D&MacId=A8-F4-70-1C-47-8D&Version=5.5.118.200.2.DBEI.0.0_Release&UserId=mgtvmacA8F4701C478D&UserAgent=nn_player%2Fstd%2F1.0.0&_support=10000000
11-28 17:23:45.536 I/SCHttpApiEngine( 2647): runTask complete taskId:51, taskName:N2_A_3, CacheLife:0s, coast time:49ms
11-28 17:23:45.536 W/SystemTimeManager( 2647): Time synchronization fails,reslut code:0
11-28 17:23:45.536 I/SystemTimeManager( 2647): handleMessage reset synProtection=0
11-28 17:23:45.672 D/BackBootDealerNeimeng( 2401): standbyState:
11-28 17:23:45.673 E/NetUtils( 2029): Interface eth0 LinkUp!
11-28 17:23:45.800 I/Advanced( 4548): [QUEUE] share_queue_sendEx size:1 4097 6635 0x8ec69fd0,postLoopId:0,dstid:1.
11-28 17:23:45.915 D/Advertiser( 2443): End of sleep at time:1511861025915
11-28 17:23:45.915 D/Advertiser( 2443): Begin announce....with thread:org.cybergarage.d.b.a@a6b03dd
11-28 17:23:45.915 D/TimerUtil( 2443): waitRandom time=300,waitTime=223
11-28 17:23:45.915 D/Device  ( 2443): announce deviceDataBindAddress null
11-28 17:23:45.921 D/Device  ( 2443): announce 0 bindAddress=10.0.0.86
11-28 17:23:45.922 D/HTTPMUSocket( 2443): open addr=239.255.255.250,port=1900,bindAddr=10.0.0.86
11-28 17:23:45.926 D/HTTPMUSocket( 2443): send msg:NOTIFY * HTTP/1.1
11-28 17:23:45.926 D/HTTPMUSocket( 2443): Server: Linux/3.18.24_hi3798mv2x UPnP/1.0 CyberLinkJava/1.8
11-28 17:23:45.926 D/HTTPMUSocket( 2443): Cache-Control: max-age=1800
11-28 17:23:45.926 D/HTTPMUSocket( 2443): Location: http://10.0.0.86:38520/description.xml
11-28 17:23:45.926 D/HTTPMUSocket( 2443): NTS: ssdp:alive
11-28 17:23:45.926 D/HTTPMUSocket( 2443): NT: upnp:rootdevice
11-28 17:23:45.926 D/HTTPMUSocket( 2443): USN: uuid:bedb84c3-dcc5-4b75-8e79-308771ab5a9f::upnp:rootdevice
11-28 17:23:45.926 D/HTTPMUSocket( 2443): HOST: 239.255.255.250:1900
11-28 17:23:45.926 D/HTTPMUSocket( 2443): 
11-28 17:23:45.926 D/HTTPMUSocket( 2443): bindAddr:null and port:-1
11-28 17:23:45.927 D/HTTPMUSocket( 2443): /10.0.0.86
11-28 17:23:45.928 D/HTTPMUSocket( 2443): send msg:NOTIFY * HTTP/1.1
11-28 17:23:45.928 D/HTTPMUSocket( 2443): Server: Linux/3.18.24_hi3798mv2x UPnP/1.0 CyberLinkJava/1.8
11-28 17:23:45.928 D/HTTPMUSocket( 2443): Cache-Control: max-age=1800
11-28 17:23:45.928 D/HTTPMUSocket( 2443): Location: http://10.0.0.86:38520/description.xml
11-28 17:23:45.928 D/HTTPMUSocket( 2443): NTS: ssdp:alive
11-28 17:23:45.928 D/HTTPMUSocket( 2443): NT: uuid:bedb84c3-dcc5-4b75-8e79-308771ab5a9f
11-28 17:23:45.928 D/HTTPMUSocket( 2443): USN: uuid:bedb84c3-dcc5-4b75-8e79-308771ab5a9f
11-28 17:23:45.928 D/HTTPMUSocket( 2443): HOST: 239.255.255.250:1900
11-28 17:23:45.928 D/HTTPMUSocket( 2443): 
11-28 17:23:45.928 D/HTTPMUSocket( 2443): bindAddr:null and port:-1
11-28 17:23:45.928 D/HTTPMUSocket( 2443): /10.0.0.86
11-28 17:23:45.929 D/HTTPMUSocket( 2443): send msg:NOTIFY * HTTP/1.1
11-28 17:23:45.929 D/HTTPMUSocket( 2443): Server: Linux/3.18.24_hi3798mv2x UPnP/1.0 CyberLinkJava/1.8
11-28 17:23:45.929 D/HTTPMUSocket( 2443): Cache-Control: max-age=1800
11-28 17:23:45.929 D/HTTPMUSocket( 2443): Location: http://10.0.0.86:38520/description.xml
11-28 17:23:45.929 D/HTTPMUSocket( 2443): NTS: ssdp:alive
11-28 17:23:45.929 D/HTTPMUSocket( 2443): NT: urn:schemas-upnp-org:device:MediaServer:1
11-28 17:23:45.929 D/HTTPMUSocket( 2443): USN: uuid:bedb84c3-dcc5-4b75-8e79-308771ab5a9f::urn:schemas-upnp-org:device:MediaServer:1
11-28 17:23:45.929 D/HTTPMUSocket( 2443): HOST: 239.255.255.250:1900
11-28 17:23:45.929 D/HTTPMUSocket( 2443): 
11-28 17:23:45.929 D/HTTPMUSocket( 2443): bindAddr:null and port:-1
11-28 17:23:45.930 D/HTTPMUSocket( 2443): /10.0.0.86
11-28 17:23:45.931 D/Device  ( 2443): announce bindAddr=10.0.0.86,devLocation=http://10.0.0.86:38520/description.xml,location=http://10.0.0.86:38520/description.xml
11-28 17:23:45.931 D/Device  ( 2443): announce bindAddr=10.0.0.86,serviceDesUrl=
11-28 17:23:45.932 D/HTTPMUSocket( 2443): open addr=239.255.255.250,port=1900,bindAddr=10.0.0.86
11-28 17:23:45.938 D/TimerUtil( 2443): waitRandom time=300,waitTime=279
11-28 17:23:45.939 D/HTTPMUSocket( 2443): send msg:NOTIFY * HTTP/1.1
11-28 17:23:45.939 D/HTTPMUSocket( 2443): Server: Linux/3.18.24_hi3798mv2x UPnP/1.0 CyberLinkJava/1.8
11-28 17:23:45.939 D/HTTPMUSocket( 2443): Cache-Control: max-age=1800
11-28 17:23:45.939 D/HTTPMUSocket( 2443): Location: http://10.0.0.86:38520/description.xml
11-28 17:23:45.939 D/HTTPMUSocket( 2443): NTS: ssdp:alive
11-28 17:23:45.939 D/HTTPMUSocket( 2443): NT: urn:schemas-upnp-org:service:ContentDirectory:1
11-28 17:23:45.939 D/HTTPMUSocket( 2443): USN: uuid:bedb84c3-dcc5-4b75-8e79-308771ab5a9f::urn:schemas-upnp-org:service:ContentDirectory:1
11-28 17:23:45.939 D/HTTPMUSocket( 2443): HOST: 239.255.255.250:1900
11-28 17:23:45.939 D/HTTPMUSocket( 2443): 
11-28 17:23:45.939 D/HTTPMUSocket( 2443): bindAddr:null and port:-1
11-28 17:23:45.939 D/HTTPMUSocket( 2443): /10.0.0.86
11-28 17:23:45.940 D/Device  ( 2443): announce bindAddr=10.0.0.86,serviceDesUrl=
11-28 17:23:45.941 D/HTTPMUSocket( 2443): open addr=239.255.255.250,port=1900,bindAddr=10.0.0.86
11-28 17:23:45.945 D/TimerUtil( 2443): waitRandom time=300,waitTime=93
11-28 17:23:45.946 D/HTTPMUSocket( 2443): send msg:NOTIFY * HTTP/1.1
11-28 17:23:45.946 D/HTTPMUSocket( 2443): Server: Linux/3.18.24_hi3798mv2x UPnP/1.0 CyberLinkJava/1.8
11-28 17:23:45.946 D/HTTPMUSocket( 2443): Cache-Control: max-age=1800
11-28 17:23:45.946 D/HTTPMUSocket( 2443): Location: http://10.0.0.86:38520/description.xml
11-28 17:23:45.946 D/HTTPMUSocket( 2443): NTS: ssdp:alive
11-28 17:23:45.946 D/HTTPMUSocket( 2443): NT: urn:schemas-upnp-org:service:ConnectionManager:1
11-28 17:23:45.946 D/HTTPMUSocket( 2443): USN: uuid:bedb84c3-dcc5-4b75-8e79-308771ab5a9f::urn:schemas-upnp-org:service:ConnectionManager:1
11-28 17:23:45.946 D/HTTPMUSocket( 2443): HOST: 239.255.255.250:1900
11-28 17:23:45.946 D/HTTPMUSocket( 2443): 
11-28 17:23:45.946 D/HTTPMUSocket( 2443): bindAddr:null and port:-1
11-28 17:23:45.946 D/HTTPMUSocket( 2443): /10.0.0.86
11-28 17:23:45.947 D/Device  ( 2443): announce bindAddr=10.0.0.86,serviceDesUrl=
11-28 17:23:45.948 D/HTTPMUSocket( 2443): open addr=239.255.255.250,port=1900,bindAddr=10.0.0.86
11-28 17:23:45.953 D/TimerUtil( 2443): waitRandom time=300,waitTime=23
11-28 17:23:45.954 D/HTTPMUSocket( 2443): send msg:NOTIFY * HTTP/1.1
11-28 17:23:45.954 D/HTTPMUSocket( 2443): Server: Linux/3.18.24_hi3798mv2x UPnP/1.0 CyberLinkJava/1.8
11-28 17:23:45.954 D/HTTPMUSocket( 2443): Cache-Control: max-age=1800
11-28 17:23:45.954 D/HTTPMUSocket( 2443): Location: http://10.0.0.86:38520/description.xml
11-28 17:23:45.954 D/HTTPMUSocket( 2443): NTS: ssdp:alive
11-28 17:23:45.954 D/HTTPMUSocket( 2443): NT: urn:schemas-upnp-org:service:AVTransport:1
11-28 17:23:45.954 D/HTTPMUSocket( 2443): USN: uuid:bedb84c3-dcc5-4b75-8e79-308771ab5a9f::urn:schemas-upnp-org:service:AVTransport:1
11-28 17:23:45.954 D/HTTPMUSocket( 2443): HOST: 239.255.255.250:1900
11-28 17:23:45.954 D/HTTPMUSocket( 2443): 
11-28 17:23:45.954 D/HTTPMUSocket( 2443): bindAddr:null and port:-1
11-28 17:23:45.954 D/HTTPMUSocket( 2443): /10.0.0.86
11-28 17:23:45.955 D/Device  ( 2443): announce bindAddr=10.0.0.86,serviceDesUrl=
11-28 17:23:45.956 D/HTTPMUSocket( 2443): open addr=239.255.255.250,port=1900,bindAddr=10.0.0.86
11-28 17:23:45.961 D/TimerUtil( 2443): waitRandom time=300,waitTime=160
11-28 17:23:45.961 D/HTTPMUSocket( 2443): send msg:NOTIFY * HTTP/1.1
11-28 17:23:45.961 D/HTTPMUSocket( 2443): Server: Linux/3.18.24_hi3798mv2x UPnP/1.0 CyberLinkJava/1.8
11-28 17:23:45.961 D/HTTPMUSocket( 2443): Cache-Control: max-age=1800
11-28 17:23:45.961 D/HTTPMUSocket( 2443): Location: http://10.0.0.86:38520/description.xml
11-28 17:23:45.961 D/HTTPMUSocket( 2443): NTS: ssdp:alive
11-28 17:23:45.961 D/HTTPMUSocket( 2443): NT: urn:sumavision.com:service:X_SUMA_EVENT:1
11-28 17:23:45.961 D/HTTPMUSocket( 2443): USN: uuid:bedb84c3-dcc5-4b75-8e79-308771ab5a9f::urn:sumavision.com:service:X_SUMA_EVENT:1
11-28 17:23:45.961 D/HTTPMUSocket( 2443): HOST: 239.255.255.250:1900
11-28 17:23:45.961 D/HTTPMUSocket( 2443): 
11-28 17:23:45.961 D/HTTPMUSocket( 2443): bindAddr:null and port:-1
11-28 17:23:45.961 D/HTTPMUSocket( 2443): /10.0.0.86
11-28 17:23:45.962 D/Device  ( 2443): announce 1 bindAddress=192.168.31.244
11-28 17:23:45.962 D/HTTPMUSocket( 2443): open addr=239.255.255.250,port=1900,bindAddr=192.168.31.244
11-28 17:23:45.963 D/HTTPMUSocket( 2443): send msg:NOTIFY * HTTP/1.1
11-28 17:23:45.963 D/HTTPMUSocket( 2443): Server: Linux/3.18.24_hi3798mv2x UPnP/1.0 CyberLinkJava/1.8
11-28 17:23:45.963 D/HTTPMUSocket( 2443): Cache-Control: max-age=1800
11-28 17:23:45.963 D/HTTPMUSocket( 2443): Location: http://192.168.31.244:38520/description.xml
11-28 17:23:45.963 D/HTTPMUSocket( 2443): NTS: ssdp:alive
11-28 17:23:45.963 D/HTTPMUSocket( 2443): NT: upnp:rootdevice
11-28 17:23:45.963 D/HTTPMUSocket( 2443): USN: uuid:bedb84c3-dcc5-4b75-8e79-308771ab5a9f::upnp:rootdevice
11-28 17:23:45.963 D/HTTPMUSocket( 2443): HOST: 239.255.255.250:1900
11-28 17:23:45.963 D/HTTPMUSocket( 2443): 
11-28 17:23:45.963 D/HTTPMUSocket( 2443): bindAddr:null and port:-1
11-28 17:23:45.963 D/HTTPMUSocket( 2443): /192.168.31.244
11-28 17:23:45.964 D/HTTPMUSocket( 2443): send msg:NOTIFY * HTTP/1.1
11-28 17:23:45.964 D/HTTPMUSocket( 2443): Server: Linux/3.18.24_hi3798mv2x UPnP/1.0 CyberLinkJava/1.8
11-28 17:23:45.964 D/HTTPMUSocket( 2443): Cache-Control: max-age=1800
11-28 17:23:45.964 D/HTTPMUSocket( 2443): Location: http://192.168.31.244:38520/description.xml
11-28 17:23:45.964 D/HTTPMUSocket( 2443): NTS: ssdp:alive
11-28 17:23:45.964 D/HTTPMUSocket( 2443): NT: uuid:bedb84c3-dcc5-4b75-8e79-308771ab5a9f
11-28 17:23:45.964 D/HTTPMUSocket( 2443): USN: uuid:bedb84c3-dcc5-4b75-8e79-308771ab5a9f
11-28 17:23:45.964 D/HTTPMUSocket( 2443): HOST: 239.255.255.250:1900
11-28 17:23:45.964 D/HTTPMUSocket( 2443): 
11-28 17:23:45.964 D/HTTPMUSocket( 2443): bindAddr:null and port:-1
11-28 17:23:45.964 D/HTTPMUSocket( 2443): /192.168.31.244
11-28 17:23:45.965 D/HTTPMUSocket( 2443): send msg:NOTIFY * HTTP/1.1
11-28 17:23:45.965 D/HTTPMUSocket( 2443): Server: Linux/3.18.24_hi3798mv2x UPnP/1.0 CyberLinkJava/1.8
11-28 17:23:45.965 D/HTTPMUSocket( 2443): Cache-Control: max-age=1800
11-28 17:23:45.965 D/HTTPMUSocket( 2443): Location: http://192.168.31.244:38520/description.xml
11-28 17:23:45.965 D/HTTPMUSocket( 2443): NTS: ssdp:alive
11-28 17:23:45.965 D/HTTPMUSocket( 2443): NT: urn:schemas-upnp-org:device:MediaServer:1
11-28 17:23:45.965 D/HTTPMUSocket( 2443): USN: uuid:bedb84c3-dcc5-4b75-8e79-308771ab5a9f::urn:schemas-upnp-org:device:MediaServer:1
11-28 17:23:45.965 D/HTTPMUSocket( 2443): HOST: 239.255.255.250:1900
11-28 17:23:45.965 D/HTTPMUSocket( 2443): 
11-28 17:23:45.965 D/HTTPMUSocket( 2443): bindAddr:null and port:-1
11-28 17:23:45.965 D/HTTPMUSocket( 2443): /192.168.31.244
11-28 17:23:45.965 D/Device  ( 2443): announce bindAddr=192.168.31.244,devLocation=http://192.168.31.244:38520/description.xml,location=http://192.168.31.244:38520/description.xml
11-28 17:23:45.965 D/Device  ( 2443): announce bindAddr=192.168.31.244,serviceDesUrl=
11-28 17:23:45.966 D/HTTPMUSocket( 2443): open addr=239.255.255.250,port=1900,bindAddr=192.168.31.244
11-28 17:23:45.967 D/TimerUtil( 2443): waitRandom time=300,waitTime=215
11-28 17:23:45.967 D/HTTPMUSocket( 2443): send msg:NOTIFY * HTTP/1.1
11-28 17:23:45.967 D/HTTPMUSocket( 2443): Server: Linux/3.18.24_hi3798mv2x UPnP/1.0 CyberLinkJava/1.8
11-28 17:23:45.967 D/HTTPMUSocket( 2443): Cache-Control: max-age=1800
11-28 17:23:45.967 D/HTTPMUSocket( 2443): Location: http://192.168.31.244:38520/description.xml
11-28 17:23:45.967 D/HTTPMUSocket( 2443): NTS: ssdp:alive
11-28 17:23:45.967 D/HTTPMUSocket( 2443): NT: urn:schemas-upnp-org:service:ContentDirectory:1
11-28 17:23:45.967 D/HTTPMUSocket( 2443): USN: uuid:bedb84c3-dcc5-4b75-8e79-308771ab5a9f::urn:schemas-upnp-org:service:ContentDirectory:1
11-28 17:23:45.967 D/HTTPMUSocket( 2443): HOST: 239.255.255.250:1900
11-28 17:23:45.967 D/HTTPMUSocket( 2443): 
11-28 17:23:45.967 D/HTTPMUSocket( 2443): bindAddr:null and port:-1
11-28 17:23:45.967 D/HTTPMUSocket( 2443): /192.168.31.244
11-28 17:23:45.968 D/Device  ( 2443): announce bindAddr=192.168.31.244,serviceDesUrl=
11-28 17:23:45.968 D/HTTPMUSocket( 2443): open addr=239.255.255.250,port=1900,bindAddr=192.168.31.244
11-28 17:23:45.970 D/TimerUtil( 2443): waitRandom time=300,waitTime=248
11-28 17:23:45.970 D/HTTPMUSocket( 2443): send msg:NOTIFY * HTTP/1.1
11-28 17:23:45.970 D/HTTPMUSocket( 2443): Server: Linux/3.18.24_hi3798mv2x UPnP/1.0 CyberLinkJava/1.8
11-28 17:23:45.970 D/HTTPMUSocket( 2443): Cache-Control: max-age=1800
11-28 17:23:45.970 D/HTTPMUSocket( 2443): Location: http://192.168.31.244:38520/description.xml
11-28 17:23:45.970 D/HTTPMUSocket( 2443): NTS: ssdp:alive
11-28 17:23:45.970 D/HTTPMUSocket( 2443): NT: urn:schemas-upnp-org:service:ConnectionManager:1
11-28 17:23:45.970 D/HTTPMUSocket( 2443): USN: uuid:bedb84c3-dcc5-4b75-8e79-308771ab5a9f::urn:schemas-upnp-org:service:ConnectionManager:1
11-28 17:23:45.970 D/HTTPMUSocket( 2443): HOST: 239.255.255.250:1900
11-28 17:23:45.970 D/HTTPMUSocket( 2443): 
11-28 17:23:45.970 D/HTTPMUSocket( 2443): bindAddr:null and port:-1
11-28 17:23:45.970 D/HTTPMUSocket( 2443): /192.168.31.244
11-28 17:23:45.971 D/Device  ( 2443): announce bindAddr=192.168.31.244,serviceDesUrl=
11-28 17:23:45.972 D/HTTPMUSocket( 2443): open addr=239.255.255.250,port=1900,bindAddr=192.168.31.244
11-28 17:23:45.975 D/TimerUtil( 2443): waitRandom time=300,waitTime=139
11-28 17:23:45.975 D/HTTPMUSocket( 2443): send msg:NOTIFY * HTTP/1.1
11-28 17:23:45.975 D/HTTPMUSocket( 2443): Server: Linux/3.18.24_hi3798mv2x UPnP/1.0 CyberLinkJava/1.8
11-28 17:23:45.975 D/HTTPMUSocket( 2443): Cache-Control: max-age=1800
11-28 17:23:45.975 D/HTTPMUSocket( 2443): Location: http://192.168.31.244:38520/description.xml
11-28 17:23:45.975 D/HTTPMUSocket( 2443): NTS: ssdp:alive
11-28 17:23:45.975 D/HTTPMUSocket( 2443): NT: urn:schemas-upnp-org:service:AVTransport:1
11-28 17:23:45.975 D/HTTPMUSocket( 2443): USN: uuid:bedb84c3-dcc5-4b75-8e79-308771ab5a9f::urn:schemas-upnp-org:service:AVTransport:1
11-28 17:23:45.975 D/HTTPMUSocket( 2443): HOST: 239.255.255.250:1900
11-28 17:23:45.975 D/HTTPMUSocket( 2443): 
11-28 17:23:45.975 D/HTTPMUSocket( 2443): bindAddr:null and port:-1
11-28 17:23:45.975 D/HTTPMUSocket( 2443): /192.168.31.244
11-28 17:23:45.976 D/Device  ( 2443): announce bindAddr=192.168.31.244,serviceDesUrl=
11-28 17:23:45.976 D/HTTPMUSocket( 2443): open addr=239.255.255.250,port=1900,bindAddr=192.168.31.244
11-28 17:23:45.979 D/TimerUtil( 2443): waitRandom time=300,waitTime=160
11-28 17:23:45.979 D/HTTPMUSocket( 2443): send msg:NOTIFY * HTTP/1.1
11-28 17:23:45.979 D/HTTPMUSocket( 2443): Server: Linux/3.18.24_hi3798mv2x UPnP/1.0 CyberLinkJava/1.8
11-28 17:23:45.979 D/HTTPMUSocket( 2443): Cache-Control: max-age=1800
11-28 17:23:45.979 D/HTTPMUSocket( 2443): Location: http://192.168.31.244:38520/description.xml
11-28 17:23:45.979 D/HTTPMUSocket( 2443): NTS: ssdp:alive
11-28 17:23:45.979 D/HTTPMUSocket( 2443): NT: urn:sumavision.com:service:X_SUMA_EVENT:1
11-28 17:23:45.979 D/HTTPMUSocket( 2443): USN: uuid:bedb84c3-dcc5-4b75-8e79-308771ab5a9f::urn:sumavision.com:service:X_SUMA_EVENT:1
11-28 17:23:45.979 D/HTTPMUSocket( 2443): HOST: 239.255.255.250:1900
11-28 17:23:45.979 D/HTTPMUSocket( 2443): 
11-28 17:23:45.979 D/HTTPMUSocket( 2443): bindAddr:null and port:-1
11-28 17:23:45.979 D/HTTPMUSocket( 2443): /192.168.31.244
11-28 17:23:45.980 D/Advertiser( 2443): Advertise12:35000 at time:1511861025980 with thread:org.cybergarage.d.b.a@a6b03dd
11-28 17:23:46.000 I/Advanced( 4548): [QUEUE] share_queue_sendEx size:1 4097 6636 0x8ec69fd0,postLoopId:0,dstid:1.
11-28 17:23:46.173 D/BackBootDealerNeimeng( 2401): standbyState:
11-28 17:23:46.175 E/NetUtils( 2029): Interface eth0 LinkUp!
11-28 17:23:46.200 I/Advanced( 4548): [QUEUE] share_queue_sendEx size:1 4097 6637 0x8ec69fd0,postLoopId:0,dstid:1.
11-28 17:23:46.325 I/AdvancedPorting-PORT_MODULE_NET( 4548): network_task while... 
11-28 17:23:46.325 I/AdvancedPorting-PORT_MODULE_NET( 4548): 0 interface name: lo
11-28 17:23:46.325 I/AdvancedPorting-PORT_MODULE_NET( 4548): 1 interface name: eth0
11-28 17:23:46.325 I/AdvancedPorting-PORT_MODULE_NET( 4548): 2 interface name: wlan0
11-28 17:23:46.325 I/AdvancedPorting-PORT_MODULE_NET( 4548): First interface name: lo
11-28 17:23:46.325 I/AdvancedPorting-PORT_MODULE_NET( 4548): network_task while...  net_i:1
11-28 17:23:46.325 I/AdvancedPorting-PORT_MODULE_NET( 4548): network_task while---name_interface[0]=lo
11-28 17:23:46.325 I/AdvancedPorting-PORT_MODULE_NET( 4548): network_task while---name_interface[1]=eth0
11-28 17:23:46.325 I/AdvancedPorting-PORT_MODULE_NET( 4548): network_task while---interface_name=eth0
11-28 17:23:46.325 I/AdvancedPorting-PORT_MODULE_NET( 4548): network_get_netlink_status(in)--if_name=eth0
11-28 17:23:46.325 I/AdvancedPorting-PORT_MODULE_NET( 4548): net.network.isconnected = no
11-28 17:23:46.325 I/AdvancedPorting-PORT_MODULE_NET( 4548): eth0 --network_get_netlink_status return retval=1
11-28 17:23:46.325 I/AdvancedPorting-PORT_MODULE_NET( 4548): stat = 1 last_status = 1
11-28 17:23:46.401 I/Advanced( 4548): [QUEUE] share_queue_sendEx size:1 4097 6638 0x8ec69fd0,postLoopId:0,dstid:1.
11-28 17:23:46.676 D/BackBootDealerNeimeng( 2401): standbyState:
11-28 17:23:46.676 E/NetUtils( 2029): Interface eth0 LinkUp!
11-28 17:23:46.811 I/Advanced( 4548): [QUEUE] share_queue_sendEx size:1 4097 6640 0x8ec69fd0,postLoopId:0,dstid:1.
11-28 17:23:47.011 I/Advanced( 4548): [QUEUE] share_queue_sendEx size:1 4097 6641 0x8ec69fd0,postLoopId:0,dstid:1.
11-28 17:23:47.177 D/BackBootDealerNeimeng( 2401): standbyState:
11-28 17:23:47.177 E/NetUtils( 2029): Interface eth0 LinkUp!
11-28 17:23:47.212 I/Advanced( 4548): [QUEUE] share_queue_sendEx size:1 4097 6642 0x8ec69fd0,postLoopId:0,dstid:1.
11-28 17:23:47.325 I/AdvancedPorting-PORT_MODULE_NET( 4548): network_task while... 
11-28 17:23:47.325 I/AdvancedPorting-PORT_MODULE_NET( 4548): 0 interface name: lo
11-28 17:23:47.326 I/AdvancedPorting-PORT_MODULE_NET( 4548): 1 interface name: eth0
11-28 17:23:47.326 I/AdvancedPorting-PORT_MODULE_NET( 4548): 2 interface name: wlan0
11-28 17:23:47.326 I/AdvancedPorting-PORT_MODULE_NET( 4548): First interface name: lo
11-28 17:23:47.326 I/AdvancedPorting-PORT_MODULE_NET( 4548): network_task while...  net_i:1
11-28 17:23:47.326 I/AdvancedPorting-PORT_MODULE_NET( 4548): network_task while---name_interface[0]=lo
11-28 17:23:47.326 I/AdvancedPorting-PORT_MODULE_NET( 4548): network_task while---name_interface[1]=eth0
11-28 17:23:47.326 I/AdvancedPorting-PORT_MODULE_NET( 4548): network_task while---interface_name=eth0
11-28 17:23:47.326 I/AdvancedPorting-PORT_MODULE_NET( 4548): network_get_netlink_status(in)--if_name=eth0
11-28 17:23:47.326 I/AdvancedPorting-PORT_MODULE_NET( 4548): net.network.isconnected = no
11-28 17:23:47.326 I/AdvancedPorting-PORT_MODULE_NET( 4548): eth0 --network_get_netlink_status return retval=1
11-28 17:23:47.326 I/AdvancedPorting-PORT_MODULE_NET( 4548): stat = 1 last_status = 1
11-28 17:23:47.412 I/Advanced( 4548): [QUEUE] share_queue_sendEx size:1 4097 6643 0x8ec69fd0,postLoopId:0,dstid:1.
11-28 17:23:47.613 I/Advanced( 4548): [QUEUE] share_queue_sendEx size:1 4097 6644 0x8ec69fd0,postLoopId:0,dstid:1.
11-28 17:23:47.678 D/BackBootDealerNeimeng( 2401): standbyState:
11-28 17:23:47.679 E/NetUtils( 2029): Interface eth0 LinkUp!
11-28 17:23:47.814 I/Advanced( 4548): [QUEUE] share_queue_sendEx size:1 4097 6645 0x8ec69fd0,postLoopId:0,dstid:1.
11-28 17:23:48.015 I/Advanced( 4548): [QUEUE] share_queue_sendEx size:1 4097 6646 0x8ec69fd0,postLoopId:0,dstid:1.
11-28 17:23:48.085 D/[cc]ProxyMain( 4548): [BeginMainFrame] cc.BeginMainFrame this:0x9f620a10
11-28 17:23:48.086 D/[cc]LayerTreeHost( 4548): [AnimateLayers] AnimateLayers monotonic_time=3032333212
11-28 17:23:48.086 D/[blink]FrameView( 4548): [updateStyleAndLayoutIfNeededRecursiveInternal] in... this:0x598e66f0.
11-28 17:23:48.086 D/[blink]FrameView( 4548): [updateStyleAndLayoutIfNeededRecursiveInternal] in... this:0x598e6f68.
11-28 17:23:48.087 D/[blink]FrameView( 4548): [updateStyleAndLayoutIfNeededRecursiveInternal] end... this:0x598e6f68.
11-28 17:23:48.087 D/[blink]FrameView( 4548): [updateStyleAndLayoutIfNeededRecursiveInternal] end... this:0x598e66f0.
11-28 17:23:48.087 D/[blink]FrameView( 4548): [updateLifecyclePhasesInternal] in... this:0x598e66f0, targetState=18
11-28 17:23:48.087 D/[blink]FrameView( 4548): [updateLifecyclePhasesInternal] call compositor()->updateIfNeededRecursive()!
11-28 17:23:48.088 D/[blink]AnimationTimeline( 4548): [wakeAfter] duration= 0.024166
11-28 17:23:48.089 D/[blink]FrameView( 4548): [updateLifecyclePhasesInternal] end... this:0x598e66f0
11-28 17:23:48.114 D/[cc]ProxyMain( 4548): [BeginMainFrame] cc.BeginMainFrame this:0x9f620a10
11-28 17:23:48.114 D/[cc]LayerTreeHost( 4548): [AnimateLayers] AnimateLayers monotonic_time=3032383212
11-28 17:23:48.114 D/[blink]FrameView( 4548): [updateStyleAndLayoutIfNeededRecursiveInternal] in... this:0x598e66f0.
11-28 17:23:48.115 D/[blink]FrameView( 4548): [updateStyleAndLayoutIfNeededRecursiveInternal] in... this:0x598e6f68.
11-28 17:23:48.115 D/[blink]FrameView( 4548): [updateStyleAndLayoutIfNeededRecursiveInternal] end... this:0x598e6f68.
11-28 17:23:48.115 D/[blink]FrameView( 4548): [updateStyleAndLayoutIfNeededRecursiveInternal] end... this:0x598e66f0.
11-28 17:23:48.116 D/[blink]FrameView( 4548): [updateLifecyclePhasesInternal] in... this:0x598e66f0, targetState=18
11-28 17:23:48.116 D/[blink]FrameView( 4548): [updateLifecyclePhasesInternal] call compositor()->updateIfNeededRecursive()!
11-28 17:23:48.117 D/[blink]FrameView( 4548): [updateLifecyclePhasesInternal] end... this:0x598e66f0
11-28 17:23:48.134 D/[cc]ProxyMain( 4548): [BeginMainFrame] cc.BeginMainFrame this:0x9f620a10
11-28 17:23:48.135 D/[cc]LayerTreeHost( 4548): [AnimateLayers] AnimateLayers monotonic_time=3032399878
11-28 17:23:48.135 D/[blink]FrameView( 4548): [updateStyleAndLayoutIfNeededRecursiveInternal] in... this:0x598e66f0.
11-28 17:23:48.136 D/[blink]FrameView( 4548): [updateStyleAndLayoutIfNeededRecursiveInternal] in... this:0x598e6f68.
11-28 17:23:48.136 D/[blink]FrameView( 4548): [updateStyleAndLayoutIfNeededRecursiveInternal] end... this:0x598e6f68.
11-28 17:23:48.136 D/[blink]FrameView( 4548): [updateStyleAndLayoutIfNeededRecursiveInternal] end... this:0x598e66f0.
11-28 17:23:48.136 D/[blink]FrameView( 4548): [updateLifecyclePhasesInternal] in... this:0x598e66f0, targetState=18
11-28 17:23:48.136 D/[blink]FrameView( 4548): [updateLifecyclePhasesInternal] call compositor()->updateIfNeededRecursive()!
11-28 17:23:48.138 D/[blink]FrameView( 4548): [updateLifecyclePhasesInternal] end... this:0x598e66f0
11-28 17:23:48.154 D/[cc]ProxyMain( 4548): [BeginMainFrame] cc.BeginMainFrame this:0x9f620a10
11-28 17:23:48.155 D/[cc]LayerTreeHost( 4548): [AnimateLayers] AnimateLayers monotonic_time=3032416545
11-28 17:23:48.155 D/[blink]FrameView( 4548): [updateStyleAndLayoutIfNeededRecursiveInternal] in... this:0x598e66f0.
11-28 17:23:48.156 D/[blink]FrameView( 4548): [updateStyleAndLayoutIfNeededRecursiveInternal] in... this:0x598e6f68.
11-28 17:23:48.157 D/[blink]FrameView( 4548): [updateStyleAndLayoutIfNeededRecursiveInternal] end... this:0x598e6f68.
11-28 17:23:48.157 D/[blink]FrameView( 4548): [updateStyleAndLayoutIfNeededRecursiveInternal] end... this:0x598e66f0.
11-28 17:23:48.157 D/[blink]FrameView( 4548): [updateLifecyclePhasesInternal] in... this:0x598e66f0, targetState=18
11-28 17:23:48.157 D/[blink]FrameView( 4548): [updateLifecyclePhasesInternal] call compositor()->updateIfNeededRecursive()!
11-28 17:23:48.160 D/[blink]FrameView( 4548): [updateLifecyclePhasesInternal] end... this:0x598e66f0
11-28 17:23:48.174 D/[cc]ProxyMain( 4548): [BeginMainFrame] cc.BeginMainFrame this:0x9f620a10
11-28 17:23:48.179 D/BackBootDealerNeimeng( 2401): standbyState:
11-28 17:23:48.181 E/NetUtils( 2029): Interface eth0 LinkUp!
11-28 17:23:48.182 D/[blink]FrameView( 4548): [layout] start... this:0x598e66f0, frame=0x25e6bdb8 content size(1280, 720). 
11-28 17:23:48.182 D/[blink]FrameView( 4548): [layout] performPreLayoutTasks start... this:0x598e66f0
11-28 17:23:48.183 D/[blink]FrameView( 4548): [layout] performPreLayoutTasks end... this:0x598e66f0
11-28 17:23:48.183 D/[blink]FrameView( 4548): [layout] performLayout start... this:0x598e66f0
11-28 17:23:48.184 D/[blink]FrameView( 4548): [layout] performLayout end... this:0x598e66f0
11-28 17:23:48.184 D/[blink]FrameView( 4548): [layout] call compositor()->didLayout()!
11-28 17:23:48.184 D/[blink]FrameView( 4548): [layout] updateDocumentAnnotatedRegions start... this:0x598e66f0
11-28 17:23:48.184 D/[blink]FrameView( 4548): [layout] scheduleOrPerformPostLayoutTasks start... this:0x598e66f0
11-28 17:23:48.184 D/[blink]FrameView( 4548): [layout] end... this:0x598e66f0
11-28 17:23:48.184 D/[blink]FrameView( 4548): [layout] out... this:0x598e66f0
11-28 17:23:48.187 D/[cc]LayerTreeHost( 4548): [AnimateLayers] AnimateLayers monotonic_time=3032433212
11-28 17:23:48.187 D/[blink]FrameView( 4548): [updateStyleAndLayoutIfNeededRecursiveInternal] in... this:0x598e66f0.
11-28 17:23:48.188 D/[blink]FrameView( 4548): [layout] start... this:0x598e66f0, frame=0x25e6bdb8 content size(1280, 720). 
11-28 17:23:48.188 D/[blink]FrameView( 4548): [layout] performPreLayoutTasks start... this:0x598e66f0
11-28 17:23:48.188 D/[blink]FrameView( 4548): [layout] performPreLayoutTasks end... this:0x598e66f0
11-28 17:23:48.188 D/[blink]FrameView( 4548): [layout] performLayout start... this:0x598e66f0
11-28 17:23:48.189 D/[blink]FrameView( 4548): [layout] performLayout end... this:0x598e66f0
11-28 17:23:48.190 D/[blink]FrameView( 4548): [layout] call compositor()->didLayout()!
11-28 17:23:48.190 D/[blink]FrameView( 4548): [layout] updateDocumentAnnotatedRegions start... this:0x598e66f0
11-28 17:23:48.190 D/[blink]FrameView( 4548): [layout] scheduleOrPerformPostLayoutTasks start... this:0x598e66f0
11-28 17:23:48.190 D/[blink]FrameView( 4548): [layout] end... this:0x598e66f0
11-28 17:23:48.190 D/[blink]FrameView( 4548): [layout] out... this:0x598e66f0
11-28 17:23:48.190 D/[blink]FrameView( 4548): [updateStyleAndLayoutIfNeededRecursiveInternal] in... this:0x598e6f68.
11-28 17:23:48.190 D/[blink]FrameView( 4548): [updateStyleAndLayoutIfNeededRecursiveInternal] end... this:0x598e6f68.
11-28 17:23:48.190 D/[blink]FrameView( 4548): [updateStyleAndLayoutIfNeededRecursiveInternal] end... this:0x598e66f0.
11-28 17:23:48.190 D/[blink]FrameView( 4548): [updateLifecyclePhasesInternal] in... this:0x598e66f0, targetState=18
11-28 17:23:48.190 D/[blink]FrameView( 4548): [updateLifecyclePhasesInternal] call compositor()->updateIfNeededRecursive()!
11-28 17:23:48.197 D/[cc]LayerTreeHost( 4548): [SetNeedsCommit] SetNeedsCommit!this:0x9f45a2c0
11-28 17:23:48.198 D/[cc]AnimationHost( 4548): [RegisterPlayerForElement] add player:0x8b558040, this:0x9f5975b0
11-28 17:23:48.198 D/[cc]LayerTreeHost( 4548): [SetNeedsCommit] SetNeedsCommit!this:0x9f45a2c0
11-28 17:23:48.198 D/[cc]AnimationPlayer( 4548): [AddAnimation] AddAnimation animation:0, this:0x8b558040
11-28 17:23:48.199 D/[blink] ImagePainter( 4548): [paintReplaced] ImagePainter::paintReplaced in w=21056, h=3712.
11-28 17:23:48.199 D/[blink] ImagePainter( 4548): [paintReplaced] ImagePainter::paintReplaced in w=14272, h=1792.
11-28 17:23:48.199 D/[blink] ImagePainter( 4548): [paintReplaced] ImagePainter::paintReplaced in w=17472, h=9792.
11-28 17:23:48.200 D/[blink] ImagePainter( 4548): [paintReplaced] ImagePainter::paintReplaced in w=3648, h=3904.
11-28 17:23:48.200 D/[blink] ImagePainter( 4548): [paintReplaced] ImagePainter::paintReplaced in w=17472, h=9792.
11-28 17:23:48.200 D/[blink] ImagePainter( 4548): [paintReplaced] ImagePainter::paintReplaced in w=3648, h=3904.
11-28 17:23:48.201 D/[blink]FrameView( 4548): [updateLifecyclePhasesInternal] end... this:0x598e66f0
11-28 17:23:48.202 D/[cc]AnimationHost( 4548): [RegisterPlayerForElement] add player:0x861f85e0, this:0x8e0f4510
11-28 17:23:48.204 D/[cc]ProxyMain( 4548): [BeginMainFrame] cc.BeginMainFrame this:0x9f620a10
11-28 17:23:48.204 D/[cc]LayerTreeHost( 4548): [AnimateLayers] AnimateLayers monotonic_time=3032466545
11-28 17:23:48.205 D/[blink]FrameView( 4548): [updateStyleAndLayoutIfNeededRecursiveInternal] in... this:0x598e66f0.
11-28 17:23:48.205 D/[blink]FrameView( 4548): [updateStyleAndLayoutIfNeededRecursiveInternal] in... this:0x598e6f68.
11-28 17:23:48.205 D/[blink]FrameView( 4548): [updateStyleAndLayoutIfNeededRecursiveInternal] end... this:0x598e6f68.
11-28 17:23:48.205 D/[blink]FrameView( 4548): [updateStyleAndLayoutIfNeededRecursiveInternal] end... this:0x598e66f0.
11-28 17:23:48.205 D/[blink]FrameView( 4548): [updateLifecyclePhasesInternal] in... this:0x598e66f0, targetState=18
11-28 17:23:48.205 D/[blink]FrameView( 4548): [updateLifecyclePhasesInternal] call compositor()->updateIfNeededRecursive()!
11-28 17:23:48.205 D/[blink]FrameView( 4548): [updateLifecyclePhasesInternal] end... this:0x598e66f0
11-28 17:23:48.212 D/[cc]ProxyMain( 4548): [BeginMainFrame] cc.BeginMainFrame this:0x9f620a10
11-28 17:23:48.213 D/[cc]LayerTreeHost( 4548): [AnimateLayers] AnimateLayers monotonic_time=3032483212
11-28 17:23:48.213 D/[blink]FrameView( 4548): [updateStyleAndLayoutIfNeededRecursiveInternal] in... this:0x598e66f0.
11-28 17:23:48.213 D/[blink]FrameView( 4548): [updateStyleAndLayoutIfNeededRecursiveInternal] in... this:0x598e6f68.
11-28 17:23:48.213 D/[blink]FrameView( 4548): [updateStyleAndLayoutIfNeededRecursiveInternal] end... this:0x598e6f68.
11-28 17:23:48.214 D/[blink]FrameView( 4548): [updateStyleAndLayoutIfNeededRecursiveInternal] end... this:0x598e66f0.
11-28 17:23:48.214 D/[blink]FrameView( 4548): [updateLifecyclePhasesInternal] in... this:0x598e66f0, targetState=18
11-28 17:23:48.214 D/[blink]FrameView( 4548): [updateLifecyclePhasesInternal] call compositor()->updateIfNeededRecursive()!
11-28 17:23:48.214 D/[blink]FrameView( 4548): [updateLifecyclePhasesInternal] end... this:0x598e66f0
11-28 17:23:48.225 D/[cc]ProxyMain( 4548): [BeginMainFrame] cc.BeginMainFrame this:0x9f620a10
11-28 17:23:48.225 D/[cc]LayerTreeHost( 4548): [AnimateLayers] AnimateLayers monotonic_time=3032499878
11-28 17:23:48.225 D/[blink]FrameView( 4548): [updateStyleAndLayoutIfNeededRecursiveInternal] in... this:0x598e66f0.
11-28 17:23:48.226 D/[blink]FrameView( 4548): [updateStyleAndLayoutIfNeededRecursiveInternal] in... this:0x598e6f68.
11-28 17:23:48.226 D/[blink]FrameView( 4548): [updateStyleAndLayoutIfNeededRecursiveInternal] end... this:0x598e6f68.
11-28 17:23:48.226 D/[blink]FrameView( 4548): [updateStyleAndLayoutIfNeededRecursiveInternal] end... this:0x598e66f0.
11-28 17:23:48.226 D/[blink]FrameView( 4548): [updateLifecyclePhasesInternal] in... this:0x598e66f0, targetState=18
11-28 17:23:48.226 D/[blink]FrameView( 4548): [updateLifecyclePhasesInternal] call compositor()->updateIfNeededRecursive()!
11-28 17:23:48.227 D/[blink]AnimationTimeline( 4548): [wakeAfter] duration= 4.624167
11-28 17:23:48.227 D/[blink]FrameView( 4548): [updateLifecyclePhasesInternal] end... this:0x598e66f0
11-28 17:23:48.326 I/AdvancedPorting-PORT_MODULE_NET( 4548): network_task while... 
11-28 17:23:48.326 I/AdvancedPorting-PORT_MODULE_NET( 4548): 0 interface name: lo
11-28 17:23:48.326 I/AdvancedPorting-PORT_MODULE_NET( 4548): 1 interface name: eth0
11-28 17:23:48.326 I/AdvancedPorting-PORT_MODULE_NET( 4548): 2 interface name: wlan0
11-28 17:23:48.326 I/AdvancedPorting-PORT_MODULE_NET( 4548): First interface name: lo
11-28 17:23:48.326 I/AdvancedPorting-PORT_MODULE_NET( 4548): network_task while...  net_i:1
11-28 17:23:48.326 I/AdvancedPorting-PORT_MODULE_NET( 4548): network_task while---name_interface[0]=lo
11-28 17:23:48.326 I/AdvancedPorting-PORT_MODULE_NET( 4548): network_task while---name_interface[1]=eth0
11-28 17:23:48.326 I/AdvancedPorting-PORT_MODULE_NET( 4548): network_task while---interface_name=eth0
11-28 17:23:48.326 I/AdvancedPorting-PORT_MODULE_NET( 4548): network_get_netlink_status(in)--if_name=eth0
11-28 17:23:48.326 I/AdvancedPorting-PORT_MODULE_NET( 4548): net.network.isconnected = no
11-28 17:23:48.326 I/AdvancedPorting-PORT_MODULE_NET( 4548): eth0 --network_get_netlink_status return retval=1
11-28 17:23:48.326 I/AdvancedPorting-PORT_MODULE_NET( 4548): stat = 1 last_status = 1
11-28 17:23:48.425 I/Advanced( 4548): [QUEUE] share_queue_sendEx size:1 4097 6648 0x8ec69fd0,postLoopId:0,dstid:1.
11-28 17:23:48.625 I/Advanced( 4548): [QUEUE] share_queue_sendEx size:1 4097 6649 0x8ec69fd0,postLoopId:0,dstid:1.
11-28 17:23:48.681 D/BackBootDealerNeimeng( 2401): standbyState:
11-28 17:23:48.682 E/NetUtils( 2029): Interface eth0 LinkUp!
11-28 17:23:48.825 I/Advanced( 4548): [QUEUE] share_queue_sendEx size:1 4097 6650 0x8ec69fd0,postLoopId:0,dstid:1.
11-28 17:23:49.026 I/Advanced( 4548): [QUEUE] share_queue_sendEx size:1 4097 6651 0x8ec69fd0,postLoopId:0,dstid:1.
11-28 17:23:49.183 D/BackBootDealerNeimeng( 2401): standbyState:
11-28 17:23:49.183 E/NetUtils( 2029): Interface eth0 LinkUp!
11-28 17:23:49.226 I/Advanced( 4548): [QUEUE] share_queue_sendEx size:1 4097 6652 0x8ec69fd0,postLoopId:0,dstid:1.
11-28 17:23:49.326 I/AdvancedPorting-PORT_MODULE_NET( 4548): network_task while... 
11-28 17:23:49.326 I/AdvancedPorting-PORT_MODULE_NET( 4548): 0 interface name: lo
11-28 17:23:49.327 I/AdvancedPorting-PORT_MODULE_NET( 4548): 1 interface name: eth0
11-28 17:23:49.327 I/AdvancedPorting-PORT_MODULE_NET( 4548): 2 interface name: wlan0
11-28 17:23:49.327 I/AdvancedPorting-PORT_MODULE_NET( 4548): First interface name: lo
11-28 17:23:49.327 I/AdvancedPorting-PORT_MODULE_NET( 4548): network_task while...  net_i:1
11-28 17:23:49.327 I/AdvancedPorting-PORT_MODULE_NET( 4548): network_task while---name_interface[0]=lo
11-28 17:23:49.327 I/AdvancedPorting-PORT_MODULE_NET( 4548): network_task while---name_interface[1]=eth0
11-28 17:23:49.327 I/AdvancedPorting-PORT_MODULE_NET( 4548): network_task while---interface_name=eth0
11-28 17:23:49.327 I/AdvancedPorting-PORT_MODULE_NET( 4548): network_get_netlink_status(in)--if_name=eth0
11-28 17:23:49.327 I/AdvancedPorting-PORT_MODULE_NET( 4548): net.network.isconnected = no
11-28 17:23:49.327 I/AdvancedPorting-PORT_MODULE_NET( 4548): eth0 --network_get_netlink_status return retval=1
11-28 17:23:49.327 I/AdvancedPorting-PORT_MODULE_NET( 4548): stat = 1 last_status = 1
11-28 17:23:49.427 I/Advanced( 4548): [QUEUE] share_queue_sendEx size:1 4097 6653 0x8ec69fd0,postLoopId:0,dstid:1.
11-28 17:23:49.627 I/Advanced( 4548): [QUEUE] share_queue_sendEx size:1 4097 6654 0x8ec69fd0,postLoopId:0,dstid:1.
11-28 17:23:49.684 D/BackBootDealerNeimeng( 2401): standbyState:
11-28 17:23:49.684 E/NetUtils( 2029): Interface eth0 LinkUp!
11-28 17:23:49.827 I/Advanced( 4548): [QUEUE] share_queue_sendEx size:1 4097 6655 0x8ec69fd0,postLoopId:0,dstid:1.
11-28 17:23:50.028 I/Advanced( 4548): [QUEUE] share_queue_sendEx size:1 4097 6656 0x8ec69fd0,postLoopId:0,dstid:1.
11-28 17:23:50.184 D/BackBootDealerNeimeng( 2401): standbyState:
11-28 17:23:50.186 E/NetUtils( 2029): Interface eth0 LinkUp!
11-28 17:23:50.327 I/AdvancedPorting-PORT_MODULE_NET( 4548): network_task while... 
11-28 17:23:50.327 I/AdvancedPorting-PORT_MODULE_NET( 4548): 0 interface name: lo
11-28 17:23:50.327 I/AdvancedPorting-PORT_MODULE_NET( 4548): 1 interface name: eth0
11-28 17:23:50.327 I/AdvancedPorting-PORT_MODULE_NET( 4548): 2 interface name: wlan0
11-28 17:23:50.327 I/AdvancedPorting-PORT_MODULE_NET( 4548): First interface name: lo
11-28 17:23:50.327 I/AdvancedPorting-PORT_MODULE_NET( 4548): network_task while...  net_i:1
11-28 17:23:50.327 I/AdvancedPorting-PORT_MODULE_NET( 4548): network_task while---name_interface[0]=lo
11-28 17:23:50.327 I/AdvancedPorting-PORT_MODULE_NET( 4548): network_task while---name_interface[1]=eth0
11-28 17:23:50.327 I/AdvancedPorting-PORT_MODULE_NET( 4548): network_task while---interface_name=eth0
11-28 17:23:50.328 I/AdvancedPorting-PORT_MODULE_NET( 4548): network_get_netlink_status(in)--if_name=eth0
11-28 17:23:50.328 I/AdvancedPorting-PORT_MODULE_NET( 4548): net.network.isconnected = no
11-28 17:23:50.328 I/AdvancedPorting-PORT_MODULE_NET( 4548): eth0 --network_get_netlink_status return retval=1
11-28 17:23:50.328 I/AdvancedPorting-PORT_MODULE_NET( 4548): stat = 1 last_status = 1
11-28 17:23:50.438 I/Advanced( 4548): [QUEUE] share_queue_sendEx size:1 4097 6658 0x8ec69fd0,postLoopId:0,dstid:1.
11-28 17:23:50.638 I/Advanced( 4548): [QUEUE] share_queue_sendEx size:1 4097 6659 0x8ec69fd0,postLoopId:0,dstid:1.
11-28 17:23:50.686 D/BackBootDealerNeimeng( 2401): standbyState:
11-28 17:23:50.686 E/NetUtils( 2029): Interface eth0 LinkUp!
11-28 17:23:51.048 I/Advanced( 4548): [QUEUE] share_queue_sendEx size:1 4097 6661 0x8ec69fd0,postLoopId:0,dstid:1.
11-28 17:23:51.187 D/BackBootDealerNeimeng( 2401): standbyState:
11-28 17:23:51.187 E/NetUtils( 2029): Interface eth0 LinkUp!
11-28 17:23:51.248 I/Advanced( 4548): [QUEUE] share_queue_sendEx size:1 4097 6662 0x8ec69fd0,postLoopId:0,dstid:1.
11-28 17:23:51.328 I/AdvancedPorting-PORT_MODULE_NET( 4548): network_task while... 
11-28 17:23:51.328 I/AdvancedPorting-PORT_MODULE_NET( 4548): 0 interface name: lo
11-28 17:23:51.328 I/AdvancedPorting-PORT_MODULE_NET( 4548): 1 interface name: eth0
11-28 17:23:51.328 I/AdvancedPorting-PORT_MODULE_NET( 4548): 2 interface name: wlan0
11-28 17:23:51.328 I/AdvancedPorting-PORT_MODULE_NET( 4548): First interface name: lo
11-28 17:23:51.328 I/AdvancedPorting-PORT_MODULE_NET( 4548): network_task while...  net_i:1
11-28 17:23:51.328 I/AdvancedPorting-PORT_MODULE_NET( 4548): network_task while---name_interface[0]=lo
11-28 17:23:51.328 I/AdvancedPorting-PORT_MODULE_NET( 4548): network_task while---name_interface[1]=eth0
11-28 17:23:51.328 I/AdvancedPorting-PORT_MODULE_NET( 4548): network_task while---interface_name=eth0
11-28 17:23:51.328 I/AdvancedPorting-PORT_MODULE_NET( 4548): network_get_netlink_status(in)--if_name=eth0
11-28 17:23:51.328 I/AdvancedPorting-PORT_MODULE_NET( 4548): net.network.isconnected = no
11-28 17:23:51.328 I/AdvancedPorting-PORT_MODULE_NET( 4548): eth0 --network_get_netlink_status return retval=1
11-28 17:23:51.328 I/AdvancedPorting-PORT_MODULE_NET( 4548): stat = 1 last_status = 1
11-28 17:23:51.659 I/Advanced( 4548): [QUEUE] share_queue_sendEx size:1 4097 6664 0x8ec69fd0,postLoopId:0,dstid:1.
11-28 17:23:51.688 D/BackBootDealerNeimeng( 2401): standbyState:
11-28 17:23:51.688 E/NetUtils( 2029): Interface eth0 LinkUp!
11-28 17:23:51.723 W/System.err( 2855): java.net.ConnectException: failed to connect to tvos-tms.96066.com/10.254.233.5 (port 80): connect failed: ETIMEDOUT (Connection timed out)
11-28 17:23:51.724 W/System.err( 2855): 	at libcore.io.IoBridge.connect(IoBridge.java:124)
11-28 17:23:51.724 W/System.err( 2855): 	at java.net.PlainSocketImpl.connect(PlainSocketImpl.java:183)
11-28 17:23:51.724 W/System.err( 2855): 	at java.net.PlainSocketImpl.connect(PlainSocketImpl.java:456)
11-28 17:23:51.724 W/System.err( 2855): 	at java.net.Socket.connect(Socket.java:882)
11-28 17:23:51.724 W/System.err( 2855): 	at com.android.okhttp.internal.Platform.connectSocket(Platform.java:174)
11-28 17:23:51.724 W/System.err( 2855): 	at com.android.okhttp.Connection.connect(Connection.java:152)
11-28 17:23:51.724 W/System.err( 2855): 	at com.android.okhttp.internal.http.HttpEngine.connect(HttpEngine.java:276)
11-28 17:23:51.724 W/System.err( 2855): 	at com.android.okhttp.internal.http.HttpEngine.sendRequest(HttpEngine.java:211)
11-28 17:23:51.724 W/System.err( 2855): 	at com.android.okhttp.internal.http.HttpURLConnectionImpl.execute(HttpURLConnectionImpl.java:382)
11-28 17:23:51.724 W/System.err( 2855): 	at com.android.okhttp.internal.http.HttpURLConnectionImpl.connect(HttpURLConnectionImpl.java:106)
11-28 17:23:51.724 W/System.err( 2855): 	at com.android.okhttp.internal.http.HttpURLConnectionImpl.getOutputStream(HttpURLConnectionImpl.java:217)
11-28 17:23:51.724 W/System.err( 2855): 	at com.sumavision.admindm.c.f.b(Unknown Source)
11-28 17:23:51.724 W/System.err( 2855): 	at com.sumavision.admindm.c.f.a(Unknown Source)
11-28 17:23:51.724 W/System.err( 2855): 	at com.sumavision.admindm.k.a.a(Unknown Source)
11-28 17:23:51.724 W/System.err( 2855): 	at com.sumavision.admindm.c.f.e(Unknown Source)
11-28 17:23:51.724 W/System.err( 2855): 	at com.sumavision.admindm.c.a.run(Unknown Source)
11-28 17:23:51.724 W/System.err( 2855): 	at java.lang.Thread.run(Thread.java:818)
11-28 17:23:51.724 W/System.err( 2855): Caused by: android.system.ErrnoException: connect failed: ETIMEDOUT (Connection timed out)
11-28 17:23:51.724 W/System.err( 2855): 	at libcore.io.Posix.connect(Native Method)
11-28 17:23:51.724 W/System.err( 2855): 	at libcore.io.BlockGuardOs.connect(BlockGuardOs.java:111)
11-28 17:23:51.724 W/System.err( 2855): 	at libcore.io.IoBridge.connectErrno(IoBridge.java:137)
11-28 17:23:51.724 W/System.err( 2855): 	at libcore.io.IoBridge.connect(IoBridge.java:122)
11-28 17:23:51.724 W/System.err( 2855): 	... 16 more
11-28 17:23:51.724 I/Com     ( 2855): run  session.run() with fault :com.sumavision.admindm.q.a
11-28 17:23:51.724 W/System.err( 2855): com.sumavision.admindm.q.a
11-28 17:23:51.724 W/System.err( 2855): 	at com.sumavision.admindm.c.f.b(Unknown Source)
11-28 17:23:51.724 W/System.err( 2855): 	at com.sumavision.admindm.c.f.a(Unknown Source)
11-28 17:23:51.724 W/System.err( 2855): 	at com.sumavision.admindm.k.a.a(Unknown Source)
11-28 17:23:51.724 W/System.err( 2855): 	at com.sumavision.admindm.c.f.e(Unknown Source)
11-28 17:23:51.724 W/System.err( 2855): 	at com.sumavision.admindm.c.a.run(Unknown Source)
11-28 17:23:51.724 W/System.err( 2855): 	at java.lang.Thread.run(Thread.java:818)
11-28 17:23:51.724 I/Com     ( 2855): run need retry :9 and sleep :1404657
11-28 17:23:51.859 I/Advanced( 4548): [QUEUE] share_queue_sendEx size:1 4097 6665 0x8ec69fd0,postLoopId:0,dstid:1.
11-28 17:23:52.059 I/Advanced( 4548): [QUEUE] share_queue_sendEx size:1 4097 6666 0x8ec69fd0,postLoopId:0,dstid:1.
11-28 17:23:52.189 D/BackBootDealerNeimeng( 2401): standbyState:
11-28 17:23:52.190 E/NetUtils( 2029): Interface eth0 LinkUp!
11-28 17:23:52.260 I/Advanced( 4548): [QUEUE] share_queue_sendEx size:1 4097 6667 0x8ec69fd0,postLoopId:0,dstid:1.
11-28 17:23:52.328 I/AdvancedPorting-PORT_MODULE_NET( 4548): network_task while... 
11-28 17:23:52.328 I/AdvancedPorting-PORT_MODULE_NET( 4548): 0 interface name: lo
11-28 17:23:52.328 I/AdvancedPorting-PORT_MODULE_NET( 4548): 1 interface name: eth0
11-28 17:23:52.328 I/AdvancedPorting-PORT_MODULE_NET( 4548): 2 interface name: wlan0
11-28 17:23:52.329 I/AdvancedPorting-PORT_MODULE_NET( 4548): First interface name: lo
11-28 17:23:52.329 I/AdvancedPorting-PORT_MODULE_NET( 4548): network_task while...  net_i:1
11-28 17:23:52.329 I/AdvancedPorting-PORT_MODULE_NET( 4548): network_task while---name_interface[0]=lo
11-28 17:23:52.329 I/AdvancedPorting-PORT_MODULE_NET( 4548): network_task while---name_interface[1]=eth0
11-28 17:23:52.329 I/AdvancedPorting-PORT_MODULE_NET( 4548): network_task while---interface_name=eth0
11-28 17:23:52.329 I/AdvancedPorting-PORT_MODULE_NET( 4548): network_get_netlink_status(in)--if_name=eth0
11-28 17:23:52.329 I/AdvancedPorting-PORT_MODULE_NET( 4548): net.network.isconnected = no
11-28 17:23:52.329 I/AdvancedPorting-PORT_MODULE_NET( 4548): eth0 --network_get_netlink_status return retval=1
11-28 17:23:52.329 I/AdvancedPorting-PORT_MODULE_NET( 4548): stat = 1 last_status = 1
11-28 17:23:52.670 I/Advanced( 4548): [QUEUE] share_queue_sendEx size:1 4097 6669 0x8ec69fd0,postLoopId:0,dstid:1.
11-28 17:23:52.691 D/BackBootDealerNeimeng( 2401): standbyState:
11-28 17:23:52.691 E/NetUtils( 2029): Interface eth0 LinkUp!
11-28 17:23:52.852 D/[cc]ProxyMain( 4548): [BeginMainFrame] cc.BeginMainFrame this:0x9f620a10
11-28 17:23:52.852 D/[cc]LayerTreeHost( 4548): [AnimateLayers] AnimateLayers monotonic_time=3037099878
11-28 17:23:52.852 D/[blink]FrameView( 4548): [updateStyleAndLayoutIfNeededRecursiveInternal] in... this:0x598e66f0.
11-28 17:23:52.853 D/[blink]FrameView( 4548): [updateStyleAndLayoutIfNeededRecursiveInternal] in... this:0x598e6f68.
11-28 17:23:52.853 D/[blink]FrameView( 4548): [updateStyleAndLayoutIfNeededRecursiveInternal] end... this:0x598e6f68.
11-28 17:23:52.853 D/[blink]FrameView( 4548): [updateStyleAndLayoutIfNeededRecursiveInternal] end... this:0x598e66f0.
11-28 17:23:52.853 D/[blink]FrameView( 4548): [updateLifecyclePhasesInternal] in... this:0x598e66f0, targetState=18
11-28 17:23:52.853 D/[blink]FrameView( 4548): [updateLifecyclePhasesInternal] call compositor()->updateIfNeededRecursive()!
11-28 17:23:52.857 D/[blink]AnimationTimeline( 4548): [wakeAfter] duration= 0.024167
11-28 17:23:52.857 D/[blink]FrameView( 4548): [updateLifecyclePhasesInternal] end... this:0x598e66f0
11-28 17:23:52.870 I/Advanced( 4548): [QUEUE] share_queue_sendEx size:1 4097 6670 0x8ec69fd0,postLoopId:0,dstid:1.
11-28 17:23:52.881 D/[cc]ProxyMain( 4548): [BeginMainFrame] cc.BeginMainFrame this:0x9f620a10
11-28 17:23:52.882 D/[cc]LayerTreeHost( 4548): [AnimateLayers] AnimateLayers monotonic_time=3037133211
11-28 17:23:52.882 D/[blink]FrameView( 4548): [updateStyleAndLayoutIfNeededRecursiveInternal] in... this:0x598e66f0.
11-28 17:23:52.882 D/[blink]FrameView( 4548): [updateStyleAndLayoutIfNeededRecursiveInternal] in... this:0x598e6f68.
11-28 17:23:52.882 D/[blink]FrameView( 4548): [updateStyleAndLayoutIfNeededRecursiveInternal] end... this:0x598e6f68.
11-28 17:23:52.882 D/[blink]FrameView( 4548): [updateStyleAndLayoutIfNeededRecursiveInternal] end... this:0x598e66f0.
11-28 17:23:52.882 D/[blink]FrameView( 4548): [updateLifecyclePhasesInternal] in... this:0x598e66f0, targetState=18
11-28 17:23:52.882 D/[blink]FrameView( 4548): [updateLifecyclePhasesInternal] call compositor()->updateIfNeededRecursive()!
11-28 17:23:52.884 D/[blink]FrameView( 4548): [updateLifecyclePhasesInternal] end... this:0x598e66f0
11-28 17:23:52.894 D/[cc]ProxyMain( 4548): [BeginMainFrame] cc.BeginMainFrame this:0x9f620a10
11-28 17:23:52.895 D/[cc]LayerTreeHost( 4548): [AnimateLayers] AnimateLayers monotonic_time=3037166545
11-28 17:23:52.895 D/[blink]FrameView( 4548): [updateStyleAndLayoutIfNeededRecursiveInternal] in... this:0x598e66f0.
11-28 17:23:52.896 D/[blink]FrameView( 4548): [updateStyleAndLayoutIfNeededRecursiveInternal] in... this:0x598e6f68.
11-28 17:23:52.896 D/[blink]FrameView( 4548): [updateStyleAndLayoutIfNeededRecursiveInternal] end... this:0x598e6f68.
11-28 17:23:52.896 D/[blink]FrameView( 4548): [updateStyleAndLayoutIfNeededRecursiveInternal] end... this:0x598e66f0.
11-28 17:23:52.896 D/[blink]FrameView( 4548): [updateLifecyclePhasesInternal] in... this:0x598e66f0, targetState=18
11-28 17:23:52.896 D/[blink]FrameView( 4548): [updateLifecyclePhasesInternal] call compositor()->updateIfNeededRecursive()!
11-28 17:23:52.899 D/[blink]FrameView( 4548): [updateLifecyclePhasesInternal] end... this:0x598e66f0
11-28 17:23:52.915 D/[cc]ProxyMain( 4548): [BeginMainFrame] cc.BeginMainFrame this:0x9f620a10
11-28 17:23:52.915 D/[cc]LayerTreeHost( 4548): [AnimateLayers] AnimateLayers monotonic_time=3037183211
11-28 17:23:52.915 D/[blink]FrameView( 4548): [updateStyleAndLayoutIfNeededRecursiveInternal] in... this:0x598e66f0.
11-28 17:23:52.916 D/[blink]FrameView( 4548): [updateStyleAndLayoutIfNeededRecursiveInternal] in... this:0x598e6f68.
