11-28 18:07:57.005 D/[blink]FrameView( 4432): [layout] performLayout end... this:0x3f3c58d0
11-28 18:07:57.006 D/[blink]FrameView( 4432): [layout] call compositor()->didLayout()!
11-28 18:07:57.006 D/[blink]FrameView( 4432): [layout] updateDocumentAnnotatedRegions start... this:0x3f3c58d0
11-28 18:07:57.006 D/[blink]FrameView( 4432): [layout] scheduleOrPerformPostLayoutTasks start... this:0x3f3c58d0
11-28 18:07:57.006 D/[blink]FrameView( 4432): [layout] end... this:0x3f3c58d0
11-28 18:07:57.006 D/[blink]FrameView( 4432): [layout] out... this:0x3f3c58d0
11-28 18:07:57.007 D/[cc]LayerTreeHost( 4432): [AnimateLayers] AnimateLayers monotonic_time=1925833256
11-28 18:07:57.007 D/[blink]FrameView( 4432): [updateStyleAndLayoutIfNeededRecursiveInternal] in... this:0x3f3c58d0.
11-28 18:07:57.008 D/[blink]FrameView( 4432): [layout] start... this:0x3f3c58d0, frame=0x58de9820 content size(1280, 720). 
11-28 18:07:57.008 D/[blink]FrameView( 4432): [layout] performPreLayoutTasks start... this:0x3f3c58d0
11-28 18:07:57.008 D/[blink]FrameView( 4432): [layout] performPreLayoutTasks end... this:0x3f3c58d0
11-28 18:07:57.008 D/[blink]FrameView( 4432): [layout] performLayout start... this:0x3f3c58d0
11-28 18:07:57.008 D/[blink]FrameView( 4432): [layout] performLayout end... this:0x3f3c58d0
11-28 18:07:57.008 D/[blink]FrameView( 4432): [layout] call compositor()->didLayout()!
11-28 18:07:57.009 D/[blink]FrameView( 4432): [layout] updateDocumentAnnotatedRegions start... this:0x3f3c58d0
11-28 18:07:57.009 D/[blink]FrameView( 4432): [layout] scheduleOrPerformPostLayoutTasks start... this:0x3f3c58d0
11-28 18:07:57.009 D/[blink]FrameView( 4432): [layout] end... this:0x3f3c58d0
11-28 18:07:57.009 D/[blink]FrameView( 4432): [layout] out... this:0x3f3c58d0
11-28 18:07:57.009 D/[blink]FrameView( 4432): [updateStyleAndLayoutIfNeededRecursiveInternal] in... this:0x3f3c6148.
11-28 18:07:57.009 D/[blink]FrameView( 4432): [updateStyleAndLayoutIfNeededRecursiveInternal] end... this:0x3f3c6148.
11-28 18:07:57.009 D/[blink]FrameView( 4432): [updateStyleAndLayoutIfNeededRecursiveInternal] end... this:0x3f3c58d0.
11-28 18:07:57.009 D/[blink]FrameView( 4432): [updateLifecyclePhasesInternal] in... this:0x3f3c58d0, targetState=18
11-28 18:07:57.009 D/[blink]FrameView( 4432): [updateLifecyclePhasesInternal] call compositor()->updateIfNeededRecursive()!
11-28 18:07:57.012 D/[cc]LayerTreeHost( 4432): [SetNeedsCommit] SetNeedsCommit!this:0x9f466140
11-28 18:07:57.012 D/[cc]LayerTreeHost( 4432): [SetNeedsCommit] SetNeedsCommit!this:0x9f466140
11-28 18:07:57.012 D/[cc]LayerTreeHost( 4432): [SetNeedsCommit] SetNeedsCommit!this:0x9f466140
11-28 18:07:57.012 D/[cc]LayerTreeHost( 4432): [SetNeedsCommit] SetNeedsCommit!this:0x9f466140
11-28 18:07:57.012 D/[cc]LayerTreeHost( 4432): [SetNeedsCommit] SetNeedsCommit!this:0x9f466140
11-28 18:07:57.012 D/[cc]LayerTreeHost( 4432): [SetNeedsCommit] SetNeedsCommit!this:0x9f466140
11-28 18:07:57.012 D/[cc]LayerTreeHost( 4432): [SetNeedsCommit] SetNeedsCommit!this:0x9f466140
11-28 18:07:57.012 D/[cc]LayerTreeHost( 4432): [SetNeedsCommit] SetNeedsCommit!this:0x9f466140
11-28 18:07:57.012 D/[cc]LayerTreeHost( 4432): [SetNeedsCommit] SetNeedsCommit!this:0x9f466140
11-28 18:07:57.012 D/[cc]LayerTreeHost( 4432): [SetNeedsCommit] SetNeedsCommit!this:0x9f466140
11-28 18:07:57.012 D/[cc]LayerTreeHost( 4432): [SetNeedsCommit] SetNeedsCommit!this:0x9f466140
11-28 18:07:57.013 D/[cc]AnimationHost( 4432): [RegisterPlayerForElement] add player:0x8b2fddf0, this:0x8e57a740
11-28 18:07:57.013 D/[cc]LayerTreeHost( 4432): [SetNeedsCommit] SetNeedsCommit!this:0x9f466140
11-28 18:07:57.013 D/[cc]AnimationPlayer( 4432): [AddAnimation] AddAnimation animation:0, this:0x8b2fddf0
11-28 18:07:57.015 D/[blink] ImagePainter( 4432): [paintReplaced] ImagePainter::paintReplaced in w=21056, h=3712.
11-28 18:07:57.016 D/[blink] ImagePainter( 4432): [paintReplaced] ImagePainter::paintReplaced out.
11-28 18:07:57.016 D/[blink] ImagePainter( 4432): [paintReplaced] ImagePainter::paintReplaced in w=14272, h=1792.
11-28 18:07:57.016 D/[blink] ImagePainter( 4432): [paintReplaced] ImagePainter::paintReplaced out.
11-28 18:07:57.016 D/[blink] BoxPainter( 4432): [paintBoxDecorationBackgroundWithRect] BoxPainter::paintBoxDecorationBackgroundWithRect isImage=0, isLayoutImage=0
11-28 18:07:57.016 D/[blink] ImagePainter( 4432): [paintReplaced] ImagePainter::paintReplaced in w=17472, h=9792.
11-28 18:07:57.016 D/[blink] ImagePainter( 4432): [paintReplaced] ImagePainter::paintReplaced out.
11-28 18:07:57.016 D/[blink] ImagePainter( 4432): [paintReplaced] ImagePainter::paintReplaced in w=3648, h=3904.
11-28 18:07:57.016 D/[blink] ImagePainter( 4432): [paintReplaced] ImagePainter::paintReplaced out.
11-28 18:07:57.016 D/[blink] BoxPainter( 4432): [paintBoxDecorationBackgroundWithRect] BoxPainter::paintBoxDecorationBackgroundWithRect isImage=0, isLayoutImage=0
11-28 18:07:57.016 D/[blink] BoxPainter( 4432): [paintBoxDecorationBackgroundWithRect] BoxPainter::paintBoxDecorationBackgroundWithRect isImage=0, isLayoutImage=0
11-28 18:07:57.016 D/[blink] ImagePainter( 4432): [paintReplaced] ImagePainter::paintReplaced in w=17472, h=9792.
11-28 18:07:57.016 D/[blink] ImagePainter( 4432): [paintReplaced] ImagePainter::paintReplaced out.
11-28 18:07:57.016 D/[blink] ImagePainter( 4432): [paintReplaced] ImagePainter::paintReplaced in w=3648, h=3904.
11-28 18:07:57.017 D/[blink] ImagePainter( 4432): [paintReplaced] ImagePainter::paintReplaced out.
11-28 18:07:57.017 D/[blink] BoxPainter( 4432): [paintBoxDecorationBackgroundWithRect] BoxPainter::paintBoxDecorationBackgroundWithRect isImage=0, isLayoutImage=0
11-28 18:07:57.017 D/[blink] BoxPainter( 4432): [paintBoxDecorationBackgroundWithRect] BoxPainter::paintBoxDecorationBackgroundWithRect isImage=0, isLayoutImage=0
11-28 18:07:57.017 D/[blink] ImagePainter( 4432): [paintReplaced] ImagePainter::paintReplaced in w=14144, h=7936.
11-28 18:07:57.017 D/[blink] ImagePainter( 4432): [paintReplaced] ImagePainter::paintReplaced out.
11-28 18:07:57.017 D/[blink] BoxPainter( 4432): [paintBoxDecorationBackgroundWithRect] BoxPainter::paintBoxDecorationBackgroundWithRect isImage=0, isLayoutImage=0
11-28 18:07:57.017 D/[blink] BoxPainter( 4432): [paintBoxDecorationBackgroundWithRect] BoxPainter::paintBoxDecorationBackgroundWithRect isImage=0, isLayoutImage=0
11-28 18:07:57.017 D/[blink] ImagePainter( 4432): [paintReplaced] ImagePainter::paintReplaced in w=14144, h=7936.
11-28 18:07:57.017 D/[blink] ImagePainter( 4432): [paintReplaced] ImagePainter::paintReplaced out.
11-28 18:07:57.017 D/[blink] BoxPainter( 4432): [paintBoxDecorationBackgroundWithRect] BoxPainter::paintBoxDecorationBackgroundWithRect isImage=0, isLayoutImage=0
11-28 18:07:57.017 D/[blink] ImagePainter( 4432): [paintReplaced] ImagePainter::paintReplaced in w=1408, h=768.
11-28 18:07:57.017 D/[blink] ImagePainter( 4432): [paintReplaced] ImagePainter::paintReplaced out.
11-28 18:07:57.017 D/[blink] BoxPainter( 4432): [paintBoxDecorationBackgroundWithRect] BoxPainter::paintBoxDecorationBackgroundWithRect isImage=0, isLayoutImage=0
11-28 18:07:57.017 D/[blink] BoxPainter( 4432): [paintBoxDecorationBackgroundWithRect] BoxPainter::paintBoxDecorationBackgroundWithRect isImage=0, isLayoutImage=0
11-28 18:07:57.018 D/[blink] BoxPainter( 4432): [paintBoxDecorationBackgroundWithRect] BoxPainter::paintBoxDecorationBackgroundWithRect isImage=0, isLayoutImage=0
11-28 18:07:57.018 D/[blink] BoxPainter( 4432): [paintBoxDecorationBackgroundWithRect] BoxPainter::paintBoxDecorationBackgroundWithRect isImage=0, isLayoutImage=0
11-28 18:07:57.018 D/[blink] BoxPainter( 4432): [paintBoxDecorationBackgroundWithRect] BoxPainter::paintBoxDecorationBackgroundWithRect isImage=0, isLayoutImage=0
11-28 18:07:57.018 D/[blink] BoxPainter( 4432): [paintBoxDecorationBackgroundWithRect] BoxPainter::paintBoxDecorationBackgroundWithRect isImage=0, isLayoutImage=0
11-28 18:07:57.018 D/[blink]FrameView( 4432): [updateLifecyclePhasesInternal] end... this:0x3f3c58d0
11-28 18:07:57.020 D/[cc]AnimationHost( 4432): [RegisterPlayerForElement] add player:0x8b236640, this:0x8e5341f0
11-28 18:07:57.020 D/[blink] ImageResource( 4432): [updateImage] allDataReceived!! data size=39204
11-28 18:07:57.020 D/[blink] ImageResource( 4432): [updateImage] allDataReceived!! data size=43560
11-28 18:07:57.021 D/[blink] ImageResource( 4432): [updateImage] allDataReceived!! data size=49368
11-28 18:07:57.021 D/[blink] ImageResource( 4432): [updateImage] allDataReceived!! data size=55176
11-28 18:07:57.021 D/[blink] ImageResource( 4432): [updateImage] allDataReceived!! data size=60984
11-28 18:07:57.021 D/[blink] ImageResource( 4432): [updateImage] allDataReceived!! data size=62436
11-28 18:07:57.021 D/[blink] ImageResource( 4432): [updateImage] allDataReceived!! data size=64433
11-28 18:07:57.022 D/[blink]ResourceFetcher( 4432): [didFinishLoading] encoded length=64543 url=http://slave.tvos_cf96066.cn:13160/poster/movie/100000557/375x210_1.jpg.
11-28 18:07:57.022 D/[blink] ImageResource( 4432): [updateImage] allDataReceived!! data size=64433
11-28 18:07:57.033 D/[cc]ProxyMain( 4432): [BeginMainFrame] cc.BeginMainFrame this:0x9f5e6880
11-28 18:07:57.034 D/[cc]LayerTreeHost( 4432): [AnimateLayers] AnimateLayers monotonic_time=1925849922
11-28 18:07:57.034 D/[blink]FrameView( 4432): [updateStyleAndLayoutIfNeededRecursiveInternal] in... this:0x3f3c58d0.
11-28 18:07:57.034 D/[blink]FrameView( 4432): [updateStyleAndLayoutIfNeededRecursiveInternal] in... this:0x3f3c6148.
11-28 18:07:57.034 D/[blink]FrameView( 4432): [updateStyleAndLayoutIfNeededRecursiveInternal] end... this:0x3f3c6148.
11-28 18:07:57.034 D/[blink]FrameView( 4432): [updateStyleAndLayoutIfNeededRecursiveInternal] end... this:0x3f3c58d0.
11-28 18:07:57.034 D/[blink]FrameView( 4432): [updateLifecyclePhasesInternal] in... this:0x3f3c58d0, targetState=18
11-28 18:07:57.034 D/[blink]FrameView( 4432): [updateLifecyclePhasesInternal] call compositor()->updateIfNeededRecursive()!
11-28 18:07:57.036 D/[blink] ImagePainter( 4432): [paintReplaced] ImagePainter::paintReplaced in w=21056, h=3712.
11-28 18:07:57.036 D/[blink] ImagePainter( 4432): [paintReplaced] ImagePainter::paintReplaced in w=14272, h=1792.
11-28 18:07:57.036 D/[blink] ImagePainter( 4432): [paintReplaced] ImagePainter::paintReplaced in w=17472, h=9792.
11-28 18:07:57.036 D/[blink] ImagePainter( 4432): [paintReplaced] ImagePainter::paintReplaced out.
11-28 18:07:57.036 D/[blink] ImagePainter( 4432): [paintReplaced] ImagePainter::paintReplaced in w=3648, h=3904.
11-28 18:07:57.040 D/[blink]FrameView( 4432): [updateLifecyclePhasesInternal] end... this:0x3f3c58d0
11-28 18:07:57.045 I/Advanced( 4432): [QUEUE] share_queue_sendEx size:1 4097 2244 0x8e9beed8,postLoopId:0,dstid:1.
11-28 18:07:57.063 D/BackBootDealerNeimeng( 2383): standbyState:
11-28 18:07:57.065 E/NetUtils( 2031): Interface eth0 LinkUp!
11-28 18:07:57.068 D/[cc]ProxyMain( 4432): [BeginMainFrame] cc.BeginMainFrame this:0x9f5e6880
11-28 18:07:57.068 D/[cc]LayerTreeHost( 4432): [AnimateLayers] AnimateLayers monotonic_time=1925899922
11-28 18:07:57.068 D/[blink]FrameView( 4432): [updateStyleAndLayoutIfNeededRecursiveInternal] in... this:0x3f3c58d0.
11-28 18:07:57.068 D/[blink]FrameView( 4432): [updateStyleAndLayoutIfNeededRecursiveInternal] in... this:0x3f3c6148.
11-28 18:07:57.068 D/[blink]FrameView( 4432): [updateStyleAndLayoutIfNeededRecursiveInternal] end... this:0x3f3c6148.
11-28 18:07:57.068 D/[blink]FrameView( 4432): [updateStyleAndLayoutIfNeededRecursiveInternal] end... this:0x3f3c58d0.
11-28 18:07:57.068 D/[blink]FrameView( 4432): [updateLifecyclePhasesInternal] in... this:0x3f3c58d0, targetState=18
11-28 18:07:57.068 D/[blink]FrameView( 4432): [updateLifecyclePhasesInternal] call compositor()->updateIfNeededRecursive()!
11-28 18:07:57.068 D/[blink]FrameView( 4432): [updateLifecyclePhasesInternal] end... this:0x3f3c58d0
11-28 18:07:57.068 D/[skia]SkBitmap( 4432): [tryAllocPixels] allocator:0x4c6792e0
11-28 18:07:57.072 D/[cc]ProxyMain( 4432): [BeginMainFrame] cc.BeginMainFrame this:0x9f5e6880
11-28 18:07:57.073 D/[cc]LayerTreeHost( 4432): [AnimateLayers] AnimateLayers monotonic_time=1925916589
11-28 18:07:57.073 D/[blink]FrameView( 4432): [updateStyleAndLayoutIfNeededRecursiveInternal] in... this:0x3f3c58d0.
11-28 18:07:57.073 D/[blink]FrameView( 4432): [updateStyleAndLayoutIfNeededRecursiveInternal] in... this:0x3f3c6148.
11-28 18:07:57.073 D/[blink]FrameView( 4432): [updateStyleAndLayoutIfNeededRecursiveInternal] end... this:0x3f3c6148.
11-28 18:07:57.073 D/[blink]FrameView( 4432): [updateStyleAndLayoutIfNeededRecursiveInternal] end... this:0x3f3c58d0.
11-28 18:07:57.073 D/[blink]FrameView( 4432): [updateLifecyclePhasesInternal] in... this:0x3f3c58d0, targetState=18
11-28 18:07:57.073 D/[blink]FrameView( 4432): [updateLifecyclePhasesInternal] call compositor()->updateIfNeededRecursive()!
11-28 18:07:57.073 D/[blink]FrameView( 4432): [updateLifecyclePhasesInternal] end... this:0x3f3c58d0
11-28 18:07:57.088 D/[cc]ProxyMain( 4432): [BeginMainFrame] cc.BeginMainFrame this:0x9f5e6880
11-28 18:07:57.089 D/[cc]LayerTreeHost( 4432): [AnimateLayers] AnimateLayers monotonic_time=1925933256
11-28 18:07:57.089 D/[blink]FrameView( 4432): [updateStyleAndLayoutIfNeededRecursiveInternal] in... this:0x3f3c58d0.
11-28 18:07:57.090 D/[blink]FrameView( 4432): [updateStyleAndLayoutIfNeededRecursiveInternal] in... this:0x3f3c6148.
11-28 18:07:57.090 D/[blink]FrameView( 4432): [updateStyleAndLayoutIfNeededRecursiveInternal] end... this:0x3f3c6148.
11-28 18:07:57.090 D/[blink]FrameView( 4432): [updateStyleAndLayoutIfNeededRecursiveInternal] end... this:0x3f3c58d0.
11-28 18:07:57.090 D/[blink]FrameView( 4432): [updateLifecyclePhasesInternal] in... this:0x3f3c58d0, targetState=18
11-28 18:07:57.090 D/[blink]FrameView( 4432): [updateLifecyclePhasesInternal] call compositor()->updateIfNeededRecursive()!
11-28 18:07:57.092 D/[blink]AnimationTimeline( 4432): [wakeAfter] duration= 3.774166
11-28 18:07:57.092 D/[blink]FrameView( 4432): [updateLifecyclePhasesInternal] end... this:0x3f3c58d0
11-28 18:07:57.113 D/ir_user ( 1585): PlayerTimeLineTrace:linux_keycode:0x6c(UP),	protocol: .
11-28 18:07:57.113 V/PT      ( 1581): >>INFO:irkey_task:[    1925.958813] /dev/input/event0: type=0001 code=006c val=00000000
11-28 18:07:57.113 V/PT      ( 1581): >>INFO:irkey_send:0x3001 0x0028 up  
11-28 18:07:57.113 V/SUMA    ( 1581): ++++++++++++++  _roc_evtmgr_key_cbk 517:input = 12289, event=40, act=0x400
11-28 18:07:57.113 V/SUMA    ( 1581): lxm:_roc_evtmgr_key_cbk 519 1925958
11-28 18:07:57.113 V/SUMA    ( 1581): lxm:_roc_evtmgr_add_key_into_queue 311 1925958
11-28 18:07:57.113 V/PT      ( 1581): >>INFO:irkey_task:[    1925.958813] /dev/input/event0: type=0000 code=0000 val=00000000
11-28 18:07:57.113 V/SUMA    ( 1581): ===================>> type=0 src=0 evt=40 act=0x400
11-28 18:07:57.113 V/SUMA    ( 1581): [sysset-s][event_manager_cbk 78]lxm cbid=1, cbk_reg=1, cpid=2463
11-28 18:07:57.113 D/NGBEvent( 2463): ngbEventCallBack type:0 source :40
11-28 18:07:57.113 D/NGBEvent( 2463): [NGBEventManager-JNI]-returning:1
11-28 18:07:57.114 D/NGBEvent( 2463): Input key event: keyCode=40
11-28 18:07:57.114 D/NGBEvent( 2463): src:40 = dest:40
11-28 18:07:57.114 I/System.out( 2463): [DEBUG EventManager] LWJ--Add event to java with evt=NgbEvent-[type = 1, subtype = 402, code = 40]
11-28 18:07:57.114 D/NGBEvent( 2463): [NGBEvent_log]--[EventManager--JNI]:		start
11-28 18:07:57.114 I/System.out( 2463): [DEBUG EventManager] broadcastEvent  :len 1
11-28 18:07:57.114 D/KeyEventNgbDealer( 2463): [TN_pool-1-thread-1]handleKeyReleased keyEvent=NgbEvent-[type = 1, subtype = 402, code = 40],time=1925959
11-28 18:07:57.128 D/RemoteIME( 2359): RemoteIME--> onKeyUp keyCode = 20
11-28 18:07:57.131 D/IPLoaderNeimeng( 2383): after wait time18:07:57:monitorInterval:5000
11-28 18:07:57.131 D/IPLoaderNeimeng( 2383): before dealUpdateCheck time:18:07:57:isMsgBroadcast:false:monitorInterval:5000:processState:1
11-28 18:07:57.131 D/IPLoaderNeimeng( 2383): dealUpdateCheck isFirstSuccessUpdate:false:monitorInterval:5000
11-28 18:07:57.131 D/LoadHttpHandler( 2383): [TN_ThreadUtil-9]doNormal proxyConfig=null
11-28 18:07:57.139 D/cr_AwTestContainerView( 4432): [AwTestContainerView.java:63] [mainFrame]: [2017-11-21 17:52:03] dispatchKeyEvent keyCode = 20 event = KeyEvent { action=ACTION_UP, keyCode=KEYCODE_DPAD_DOWN, scanCode=108, metaState=0, flags=0x8, repeatCount=0, eventTime=1925958, downTime=1925749, deviceId=4, source=0x701 }
11-28 18:07:57.139 D/ImeAdapterAndroid( 4432): [SendKeyEvent] [BUILD TIME: ] dispatchKeyEvent key_code=20 modifiers=0 unicode_char=0 scan_code=108 is_system=0 tm=1925958
11-28 18:07:57.141 D/RenderWidgetInputHandler( 4432): [HandleInputEvent] input_event type=9 name=KeyUp
11-28 18:07:57.141 D/RenderWidgetInputHandler( 4432): [HandleInputEvent] key_event.nativeKeyCode:20,widget_->GetTextInputType():0
11-28 18:07:57.142 D/RenderWidgetInputHandler( 4432): [HandleInputEvent] input_event type=9 prevent_default:0
11-28 18:07:57.143 D/WebViewImpl( 4432): [handleKeyEvent] keycode:40, eventType:9 native keycode:20 frame=0x58de9820. url='http://10.14.41.246/application/bxfc/sec/index.htm'.
11-28 18:07:57.143 D/[blink]KeyboardEventManager( 4432): [keyEvent] initialKeyEvent KeyUp nativeKeyCode=20 windowsKeyCode=40 text[0]=0
11-28 18:07:57.143 D/[blink]KeyboardEventManager( 4432): [keyEvent] initialKeyEvent focusedNode=0x0
11-28 18:07:57.178 D/LoadHttpHandler( 2383): [TN_ThreadUtil-9]doNormal responseCode=404
11-28 18:07:57.179 D/LoadHttpTask( 2383): dealUpdateCheck responseCode:404:data:null:downloadResult:false
11-28 18:07:57.179 D/IPLoaderNeimeng( 2383): after dealUpdateCheck time:18:07:57:isMsgBroadcast:false:monitorInterval:5000:processState:1
11-28 18:07:57.180 D/IPLoaderNeimeng( 2383): before wait time18:07:57:monitorInterval:5000
11-28 18:07:57.246 I/Advanced( 4432): [QUEUE] share_queue_sendEx size:1 4097 2245 0x8e9beed8,postLoopId:0,dstid:1.
11-28 18:07:57.446 I/Advanced( 4432): [QUEUE] share_queue_sendEx size:1 4097 2246 0x8e9beed8,postLoopId:0,dstid:1.
11-28 18:07:57.565 D/BackBootDealerNeimeng( 2383): standbyState:
11-28 18:07:57.566 E/NetUtils( 2031): Interface eth0 LinkUp!
11-28 18:07:57.646 I/Advanced( 4432): [QUEUE] share_queue_sendEx size:1 4097 2247 0x8e9beed8,postLoopId:0,dstid:1.
11-28 18:07:57.737 D/ir_user ( 1585): PlayerTimeLineTrace:linux_keycode:0x67(DOWN),	protocol: .
11-28 18:07:57.737 V/PT      ( 1581): >>INFO:irkey_task:[    1926.582602] /dev/input/event0: type=0001 code=0067 val=00000001
11-28 18:07:57.737 V/PT      ( 1581): >>INFO:irkey_send:0x3001 0x0026 down
11-28 18:07:57.737 V/SUMA    ( 1581): ++++++++++++++  _roc_evtmgr_key_cbk 517:input = 12289, event=38, act=0x100
11-28 18:07:57.737 V/SUMA    ( 1581): lxm:_roc_evtmgr_key_cbk 519 1926582
11-28 18:07:57.737 V/SUMA    ( 1581): lxm:_roc_evtmgr_add_evt_into_queue 347 1926583
11-28 18:07:57.738 V/PT      ( 1581): >>INFO:irkey_task:[    1926.582602] /dev/input/event0: type=0000 code=0000 val=00000000
11-28 18:07:57.738 V/SUMA    ( 1581): ===================>> type=0 src=0 evt=38 act=0x100
11-28 18:07:57.738 V/SUMA    ( 1581): [sysset-s][event_manager_cbk 78]lxm cbid=1, cbk_reg=1, cpid=2463
11-28 18:07:57.738 D/NGBEvent( 2463): ngbEventCallBack type:0 source :38
11-28 18:07:57.738 D/NGBEvent( 2463): [NGBEventManager-JNI]-returning:1
11-28 18:07:57.738 D/NGBEvent( 2463): Input key event: keyCode=38
11-28 18:07:57.738 D/NGBEvent( 2463): src:38 = dest:38
11-28 18:07:57.738 I/System.out( 2463): [DEBUG EventManager] LWJ--Add event to java with evt=NgbEvent-[type = 1, subtype = 401, code = 38]
11-28 18:07:57.738 D/NGBEvent( 2463): [NGBEvent_log]--[EventManager--JNI]:		start
11-28 18:07:57.738 I/System.out( 2463): [DEBUG EventManager] broadcastEvent  :len 1
11-28 18:07:57.739 D/CombineKeyUtil( 2463): [TN_pool-1-thread-1]dealKeyEvent,combineIndex:-1:keyCode:19
11-28 18:07:57.739 D/KeyEventNgbDealer( 2463): [TN_pool-1-thread-1]handleKeyPressed keyEvent=NgbEvent-[type = 1, subtype = 401, code = 38],time=1926584
11-28 18:07:57.748 I/AdvancedPorting-PORT_MODULE_NET( 4432): network_task while... 
11-28 18:07:57.748 I/AdvancedPorting-PORT_MODULE_NET( 4432): 0 interface name: lo
11-28 18:07:57.748 I/AdvancedPorting-PORT_MODULE_NET( 4432): 1 interface name: eth0
11-28 18:07:57.748 I/AdvancedPorting-PORT_MODULE_NET( 4432): 2 interface name: wlan0
11-28 18:07:57.748 I/AdvancedPorting-PORT_MODULE_NET( 4432): First interface name: lo
11-28 18:07:57.748 I/AdvancedPorting-PORT_MODULE_NET( 4432): network_task while...  net_i:1
11-28 18:07:57.748 I/AdvancedPorting-PORT_MODULE_NET( 4432): network_task while---name_interface[0]=lo
11-28 18:07:57.748 I/AdvancedPorting-PORT_MODULE_NET( 4432): network_task while---name_interface[1]=eth0
11-28 18:07:57.748 I/AdvancedPorting-PORT_MODULE_NET( 4432): network_task while---interface_name=eth0
11-28 18:07:57.748 I/AdvancedPorting-PORT_MODULE_NET( 4432): network_get_netlink_status(in)--if_name=eth0
11-28 18:07:57.748 I/AdvancedPorting-PORT_MODULE_NET( 4432): net.network.isconnected = no
11-28 18:07:57.748 I/AdvancedPorting-PORT_MODULE_NET( 4432): eth0 --network_get_netlink_status return retval=1
11-28 18:07:57.748 I/AdvancedPorting-PORT_MODULE_NET( 4432): stat = 1 last_status = 1
11-28 18:07:57.748 D/RemoteIME( 2359): onKeyDown event = KeyEvent { action=ACTION_DOWN, keyCode=KEYCODE_DPAD_UP, scanCode=103, metaState=0, flags=0x8, repeatCount=0, eventTime=1926582, downTime=1926582, deviceId=4, source=0x701 },mSkbContainer=null
11-28 18:07:57.767 D/cr_AwTestContainerView( 4432): [AwTestContainerView.java:63] [mainFrame]: [2017-11-21 17:52:03] dispatchKeyEvent keyCode = 19 event = KeyEvent { action=ACTION_DOWN, keyCode=KEYCODE_DPAD_UP, scanCode=103, metaState=0, flags=0x8, repeatCount=0, eventTime=1926582, downTime=1926582, deviceId=4, source=0x701 }
11-28 18:07:57.767 D/ImeAdapterAndroid( 4432): [SendKeyEvent] [BUILD TIME: ] dispatchKeyEvent key_code=19 modifiers=0 unicode_char=0 scan_code=103 is_system=0 tm=1926582
11-28 18:07:57.768 D/RenderWidgetInputHandler( 4432): [HandleInputEvent] input_event type=8 name=KeyDown
11-28 18:07:57.768 D/RenderWidgetInputHandler( 4432): [HandleInputEvent] key_event.nativeKeyCode:19,widget_->GetTextInputType():0
11-28 18:07:57.768 D/RenderWidgetInputHandler( 4432): [HandleInputEvent] input_event type=8 prevent_default:0
11-28 18:07:57.768 D/WebViewImpl( 4432): [handleKeyEvent] keycode:38, eventType:8 native keycode:19 frame=0x58de9820. url='http://10.14.41.246/application/bxfc/sec/index.htm'.
11-28 18:07:57.768 D/[blink]KeyboardEventManager( 4432): [keyEvent] initialKeyEvent KeyDown nativeKeyCode=19 windowsKeyCode=38 text[0]=0
11-28 18:07:57.768 D/[blink]KeyboardEventManager( 4432): [keyEvent] initialKeyEvent focusedNode=0x0
11-28 18:07:57.768 D/V8ScriptRunner( 4432): [callFunction] start. frame = 0x58de9820 function: eventHandler url: http://10.14.41.246/application/bxfc/sec/index.htm line: 179
11-28 18:07:57.768 D/base::KeyConverter( 4432): [get] convert 19 => -1.
11-28 18:07:57.769 D/iPanel  ( 4432): iPanel.debug("---141----popFlag=false")
11-28 18:07:57.769 D/iPanel  ( 4432): iPanel.debug("---142----ifrSrc=http://10.14.41.246/application/bxfc/sec/index.htm")
11-28 18:07:57.769 D/iPanel  ( 4432): iPanel.debug("-------主窗口按键响应=KEY_UP")
11-28 18:07:57.769 D/iPanel  ( 4432): iPanel.debug("----chanel[menuPos]--:289")
11-28 18:07:57.769 D/iPanel  ( 4432): iPanel.debug("----menuPos-:2")
11-28 18:07:57.769 D/iPanel  ( 4432): iPanel.debug("----menuPos--:number")
11-28 18:07:57.770 D/iPanel  ( 4432): iPanel.debug("----listDataPath--:http://10.14.41.245:13160/search/search_by_keyword?accesstoken=R5A1D2EE5U20887029K53724E0DIA6230E0AP8M2FAF083WDC013F7D151&keyword=201710&label=289&pageidx=1&pagenum=20&depth=2&sortby=4")
11-28 18:07:57.771 D/ChromeClientImpl( 4432): [addMessageToConsole] [LOG:CONSOLE(291)] "http://10.14.41.245:13160/search/search_by_keyword?accesstoken=R5A1D2EE5U20887029K53724E0DIA6230E0AP8M2FAF083WDC013F7D151&keyword=201710&label=289&pageidx=1&pagenum=20&depth=2&sortby=4", source:http://10.14.41.246/application/bxfc/sec/js/common.js (291)
11-28 18:07:57.771 D/V8ScriptRunner( 4432): [callFunction] start. frame = 0x58de9820 function: xmlHttp.onreadystatechange url: http://10.14.41.246/application/bxfc/sec/js/common.js line: 276
11-28 18:07:57.771 D/V8ScriptRunner( 4432): [callFunction] end. frame = 0x58de9820 function: xmlHttp.onreadystatechange url: http://10.14.41.246/application/bxfc/sec/js/common.js line: 276
11-28 18:07:57.772 D/[blink]ResourceFetcher( 4432): [requestResource] url=http://10.14.41.245:13160/search/search_by_keyword?accesstoken=R5A1D2EE5U20887029K53724E0DIA6230E0AP8M2FAF083WDC013F7D151&keyword=201710&label=289&pageidx=1&pagenum=20&depth=2&sortby=4.
11-28 18:07:57.772 D/url     ( 4432): [DoResolveRelative] [WEB] DoResolveRelative Error resolving.
11-28 18:07:57.772 D/[blink]memoryCache( 4432): [evict] remove:http://10.14.41.245:13160/search/search_by_keyword?accesstoken=R5A1D2EE5U20887029K53724E0DIA6230E0AP8M2FAF083WDC013F7D151&keyword=201710&label=289&pageidx=1&pagenum=20&depth=2&sortby=4
11-28 18:07:57.773 D/ResourceLoader( 4432): [StartRequest] start request 0x8e432c00 url='http://10.14.41.245:13160/search/search_by_keyword?accesstoken=R5A1D2EE5U20887029K53724E0DIA6230E0AP8M2FAF083WDC013F7D151&keyword=201710&label=289&pageidx=1&pagenum=20&depth=2&sortby=4'
11-28 18:07:57.773 D/AwRequestInterceptor( 4432): [MaybeInterceptRequest] request=0x8e432c00
11-28 18:07:57.773 D/[blink]DOMTimer( 4432): [DOMTimer] 0x3f4e6a28 setTimeout 500ms, repeat:0.
11-28 18:07:57.773 D/[blink]DOMTimer( 4432): [DOMTimer] 0x3f4e6a98 setTimeout 30000ms, repeat:0.
11-28 18:07:57.773 D/iPanel  ( 4432): iPanel.debug("-------keyUp=KEY_UP")
11-28 18:07:57.773 D/V8ScriptRunner( 4432): [callFunction] end. frame = 0x58de9820 function: eventHandler url: http://10.14.41.246/application/bxfc/sec/index.htm line: 179
11-28 18:07:57.773 D/[blink]KeyboardEventManager( 4432): [keyEvent] dispatchResult = CanceledByEventHandler
11-28 18:07:57.773 D/cr_AwContents( 4432): [AwContents.java:520] BackgroundThreadClientImpl shouldInterceptRequest url = http://10.14.41.245:13160/search/search_by_keyword?accesstoken=R5A1D2EE5U20887029K53724E0DIA6230E0AP8M2FAF083WDC013F7D151&keyword=201710&label=289&pageidx=1&pagenum=20&depth=2&sortby=4
11-28 18:07:57.773 D/cr_AwNullContentsClient( 4432): [AwNullContentsClient.java:59] shouldInterceptRequest url=http://10.14.41.245:13160/search/search_by_keyword?accesstoken=R5A1D2EE5U20887029K53724E0DIA6230E0AP8M2FAF083WDC013F7D151&keyword=201710&label=289&pageidx=1&pagenum=20&depth=2&sortby=4
11-28 18:07:57.774 D/[cc]ProxyMain( 4432): [BeginMainFrame] cc.BeginMainFrame this:0x9f5e6880
11-28 18:07:57.774 D/BrowserWebViewClient( 4432): intercept request :http://10.14.41.245:13160/search/search_by_keyword?accesstoken=R5A1D2EE5U20887029K53724E0DIA6230E0AP8M2FAF083WDC013F7D151&keyword=201710&label=289&pageidx=1&pagenum=20&depth=2&sortby=4
11-28 18:07:57.774 D/[cc]LayerTreeHost( 4432): [AnimateLayers] AnimateLayers monotonic_time=1926599922
11-28 18:07:57.774 D/AwRequestInterceptor( 4432): [MaybeInterceptRequest] request=0x8e432c00
11-28 18:07:57.774 D/[blink]FrameView( 4432): [updateStyleAndLayoutIfNeededRecursiveInternal] in... this:0x3f3c58d0.
11-28 18:07:57.774 D/[blink]FrameView( 4432): [updateStyleAndLayoutIfNeededRecursiveInternal] in... this:0x3f3c6148.
11-28 18:07:57.774 D/[blink]FrameView( 4432): [updateStyleAndLayoutIfNeededRecursiveInternal] end... this:0x3f3c6148.
11-28 18:07:57.774 D/[blink]FrameView( 4432): [updateStyleAndLayoutIfNeededRecursiveInternal] end... this:0x3f3c58d0.
11-28 18:07:57.774 D/[blink]FrameView( 4432): [updateLifecyclePhasesInternal] in... this:0x3f3c58d0, targetState=18
11-28 18:07:57.774 D/[blink]FrameView( 4432): [updateLifecyclePhasesInternal] call compositor()->updateIfNeededRecursive()!
11-28 18:07:57.775 D/[blink]FrameView( 4432): [updateLifecyclePhasesInternal] end... this:0x3f3c58d0
11-28 18:07:57.787 D/[cc]ProxyMain( 4432): [BeginMainFrame] cc.BeginMainFrame this:0x9f5e6880
11-28 18:07:57.787 D/[cc]LayerTreeHost( 4432): [AnimateLayers] AnimateLayers monotonic_time=1926616589
11-28 18:07:57.787 D/[blink]FrameView( 4432): [updateStyleAndLayoutIfNeededRecursiveInternal] in... this:0x3f3c58d0.
11-28 18:07:57.787 D/[blink]FrameView( 4432): [updateStyleAndLayoutIfNeededRecursiveInternal] in... this:0x3f3c6148.
11-28 18:07:57.787 D/[blink]FrameView( 4432): [updateStyleAndLayoutIfNeededRecursiveInternal] end... this:0x3f3c6148.
11-28 18:07:57.787 D/[blink]FrameView( 4432): [updateStyleAndLayoutIfNeededRecursiveInternal] end... this:0x3f3c58d0.
11-28 18:07:57.787 D/[blink]FrameView( 4432): [updateLifecyclePhasesInternal] in... this:0x3f3c58d0, targetState=18
11-28 18:07:57.787 D/[blink]FrameView( 4432): [updateLifecyclePhasesInternal] call compositor()->updateIfNeededRecursive()!
11-28 18:07:57.788 D/[blink]FrameView( 4432): [updateLifecyclePhasesInternal] end... this:0x3f3c58d0
11-28 18:07:57.806 D/[cc]ProxyMain( 4432): [BeginMainFrame] cc.BeginMainFrame this:0x9f5e6880
11-28 18:07:57.807 D/[cc]LayerTreeHost( 4432): [AnimateLayers] AnimateLayers monotonic_time=1926649922
11-28 18:07:57.807 D/[blink]FrameView( 4432): [updateStyleAndLayoutIfNeededRecursiveInternal] in... this:0x3f3c58d0.
11-28 18:07:57.808 D/[blink]FrameView( 4432): [layout] start... this:0x3f3c58d0, frame=0x58de9820 content size(1280, 720). 
11-28 18:07:57.808 D/[blink]FrameView( 4432): [layout] performPreLayoutTasks start... this:0x3f3c58d0
11-28 18:07:57.808 D/[blink]FrameView( 4432): [layout] performPreLayoutTasks end... this:0x3f3c58d0
11-28 18:07:57.808 D/[blink]FrameView( 4432): [layout] performLayout start... this:0x3f3c58d0
11-28 18:07:57.809 D/[blink]FrameView( 4432): [layout] performLayout end... this:0x3f3c58d0
11-28 18:07:57.809 D/[blink]FrameView( 4432): [layout] call compositor()->didLayout()!
11-28 18:07:57.809 D/[blink]FrameView( 4432): [layout] updateDocumentAnnotatedRegions start... this:0x3f3c58d0
11-28 18:07:57.809 D/[blink]FrameView( 4432): [layout] scheduleOrPerformPostLayoutTasks start... this:0x3f3c58d0
11-28 18:07:57.809 D/[blink]FrameView( 4432): [layout] end... this:0x3f3c58d0
11-28 18:07:57.809 D/[blink]FrameView( 4432): [layout] out... this:0x3f3c58d0
11-28 18:07:57.809 D/[blink]FrameView( 4432): [updateStyleAndLayoutIfNeededRecursiveInternal] in... this:0x3f3c6148.
11-28 18:07:57.809 D/[blink]FrameView( 4432): [updateStyleAndLayoutIfNeededRecursiveInternal] end... this:0x3f3c6148.
11-28 18:07:57.809 D/[blink]FrameView( 4432): [updateStyleAndLayoutIfNeededRecursiveInternal] end... this:0x3f3c58d0.
11-28 18:07:57.809 D/[blink]FrameView( 4432): [updateLifecyclePhasesInternal] in... this:0x3f3c58d0, targetState=18
11-28 18:07:57.809 D/[blink]FrameView( 4432): [updateLifecyclePhasesInternal] call compositor()->updateIfNeededRecursive()!
11-28 18:07:57.812 D/[blink] ImagePainter( 4432): [paintReplaced] ImagePainter::paintReplaced in w=17472, h=9792.
11-28 18:07:57.812 D/[blink] ImagePainter( 4432): [paintReplaced] ImagePainter::paintReplaced in w=3648, h=3904.
11-28 18:07:57.813 D/[blink] ImagePainter( 4432): [paintReplaced] ImagePainter::paintReplaced in w=14144, h=7936.
11-28 18:07:57.813 D/[blink] ImagePainter( 4432): [paintReplaced] ImagePainter::paintReplaced in w=14144, h=7936.
11-28 18:07:57.813 D/[blink] ImagePainter( 4432): [paintReplaced] ImagePainter::paintReplaced in w=1408, h=768.
11-28 18:07:57.813 D/[blink] BoxPainter( 4432): [paintBoxDecorationBackgroundWithRect] BoxPainter::paintBoxDecorationBackgroundWithRect isImage=0, isLayoutImage=0
11-28 18:07:57.814 D/[blink]FrameView( 4432): [updateLifecyclePhasesInternal] end... this:0x3f3c58d0
11-28 18:07:57.826 D/[cc]ProxyMain( 4432): [BeginMainFrame] cc.BeginMainFrame this:0x9f5e6880
11-28 18:07:57.827 D/[cc]LayerTreeHost( 4432): [AnimateLayers] AnimateLayers monotonic_time=1926666589
11-28 18:07:57.827 D/[blink]FrameView( 4432): [updateStyleAndLayoutIfNeededRecursiveInternal] in... this:0x3f3c58d0.
11-28 18:07:57.828 D/[blink]FrameView( 4432): [layout] start... this:0x3f3c58d0, frame=0x58de9820 content size(1280, 720). 
11-28 18:07:57.828 D/[blink]FrameView( 4432): [layout] performPreLayoutTasks start... this:0x3f3c58d0
11-28 18:07:57.828 D/[blink]FrameView( 4432): [layout] performPreLayoutTasks end... this:0x3f3c58d0
11-28 18:07:57.828 D/[blink]FrameView( 4432): [layout] performLayout start... this:0x3f3c58d0
11-28 18:07:57.828 D/[blink]FrameView( 4432): [layout] performLayout end... this:0x3f3c58d0
11-28 18:07:57.828 D/[blink]FrameView( 4432): [layout] call compositor()->didLayout()!
11-28 18:07:57.828 D/[blink]FrameView( 4432): [layout] updateDocumentAnnotatedRegions start... this:0x3f3c58d0
11-28 18:07:57.828 D/[blink]FrameView( 4432): [layout] scheduleOrPerformPostLayoutTasks start... this:0x3f3c58d0
11-28 18:07:57.828 D/[blink]FrameView( 4432): [layout] end... this:0x3f3c58d0
11-28 18:07:57.828 D/[blink]FrameView( 4432): [layout] out... this:0x3f3c58d0
11-28 18:07:57.828 D/[blink]FrameView( 4432): [updateStyleAndLayoutIfNeededRecursiveInternal] in... this:0x3f3c6148.
11-28 18:07:57.828 D/[blink]FrameView( 4432): [updateStyleAndLayoutIfNeededRecursiveInternal] end... this:0x3f3c6148.
11-28 18:07:57.828 D/[blink]FrameView( 4432): [updateStyleAndLayoutIfNeededRecursiveInternal] end... this:0x3f3c58d0.
11-28 18:07:57.828 D/[blink]FrameView( 4432): [updateLifecyclePhasesInternal] in... this:0x3f3c58d0, targetState=18
11-28 18:07:57.828 D/[blink]FrameView( 4432): [updateLifecyclePhasesInternal] call compositor()->updateIfNeededRecursive()!
11-28 18:07:57.830 D/ResourceLoader( 4432): [ResponseCompleted] finish request 0x8e432c00 url='http://10.14.41.245:13160/search/search_by_keyword?accesstoken=R5A1D2EE5U20887029K53724E0DIA6230E0AP8M2FAF083WDC013F7D151&keyword=201710&label=289&pageidx=1&pagenum=20&depth=2&sortby=4'
11-28 18:07:57.834 D/[blink] ImagePainter( 4432): [paintReplaced] ImagePainter::paintReplaced in w=17472, h=9792.
11-28 18:07:57.834 D/[blink] ImagePainter( 4432): [paintReplaced] ImagePainter::paintReplaced in w=3648, h=3904.
11-28 18:07:57.835 D/[blink] ImagePainter( 4432): [paintReplaced] ImagePainter::paintReplaced in w=14144, h=7936.
11-28 18:07:57.835 D/[blink] ImagePainter( 4432): [paintReplaced] ImagePainter::paintReplaced in w=14144, h=7936.
11-28 18:07:57.835 D/[blink] ImagePainter( 4432): [paintReplaced] ImagePainter::paintReplaced in w=1408, h=768.
11-28 18:07:57.835 D/[blink] BoxPainter( 4432): [paintBoxDecorationBackgroundWithRect] BoxPainter::paintBoxDecorationBackgroundWithRect isImage=0, isLayoutImage=0
11-28 18:07:57.836 D/[blink]FrameView( 4432): [updateLifecyclePhasesInternal] end... this:0x3f3c58d0
11-28 18:07:57.838 D/ir_user ( 1585): PlayerTimeLineTrace:linux_keycode:0x67(UP),	protocol: .
11-28 18:07:57.838 V/PT      ( 1581): >>INFO:irkey_task:[    1926.683776] /dev/input/event0: type=0001 code=0067 val=00000000
11-28 18:07:57.838 V/PT      ( 1581): >>INFO:irkey_send:0x3001 0x0026 up  
11-28 18:07:57.838 V/SUMA    ( 1581): ++++++++++++++  _roc_evtmgr_key_cbk 517:input = 12289, event=38, act=0x400
11-28 18:07:57.838 V/SUMA    ( 1581): lxm:_roc_evtmgr_key_cbk 519 1926683
11-28 18:07:57.838 V/SUMA    ( 1581): lxm:_roc_evtmgr_add_key_into_queue 311 1926683
11-28 18:07:57.838 V/SUMA    ( 1581): ===================>> type=0 src=0 evt=38 act=0x400
11-28 18:07:57.838 V/PT      ( 1581): >>INFO:irkey_task:[    1926.683776] /dev/input/event0: type=0000 code=0000 val=00000000
11-28 18:07:57.838 V/SUMA    ( 1581): [sysset-s][event_manager_cbk 78]lxm cbid=1, cbk_reg=1, cpid=2463
11-28 18:07:57.838 D/NGBEvent( 2463): ngbEventCallBack type:0 source :38
11-28 18:07:57.839 D/NGBEvent( 2463): [NGBEventManager-JNI]-returning:1
11-28 18:07:57.839 D/NGBEvent( 2463): Input key event: keyCode=38
11-28 18:07:57.839 D/NGBEvent( 2463): src:38 = dest:38
11-28 18:07:57.839 I/System.out( 2463): [DEBUG EventManager] LWJ--Add event to java with evt=NgbEvent-[type = 1, subtype = 402, code = 38]
11-28 18:07:57.839 D/NGBEvent( 2463): [NGBEvent_log]--[EventManager--JNI]:		start
11-28 18:07:57.839 I/System.out( 2463): [DEBUG EventManager] broadcastEvent  :len 1
11-28 18:07:57.839 D/KeyEventNgbDealer( 2463): [TN_pool-1-thread-1]handleKeyReleased keyEvent=NgbEvent-[type = 1, subtype = 402, code = 38],time=1926684
11-28 18:07:57.840 D/V8ScriptRunner( 4432): [callFunction] start. frame = 0x58de9820 function: xmlHttp.onreadystatechange url: http://10.14.41.246/application/bxfc/sec/js/common.js line: 276
11-28 18:07:57.840 D/V8ScriptRunner( 4432): [callFunction] end. frame = 0x58de9820 function: xmlHttp.onreadystatechange url: http://10.14.41.246/application/bxfc/sec/js/common.js line: 276
11-28 18:07:57.840 D/V8ScriptRunner( 4432): [callFunction] start. frame = 0x58de9820 function: xmlHttp.onreadystatechange url: http://10.14.41.246/application/bxfc/sec/js/common.js line: 276
11-28 18:07:57.840 D/V8ScriptRunner( 4432): [callFunction] end. frame = 0x58de9820 function: xmlHttp.onreadystatechange url: http://10.14.41.246/application/bxfc/sec/js/common.js line: 276
11-28 18:07:57.841 D/[blink]ResourceFetcher( 4432): [didFinishLoading] encoded length=299 url=http://10.14.41.245:13160/search/search_by_keyword?accesstoken=R5A1D2EE5U20887029K53724E0DIA6230E0AP8M2FAF083WDC013F7D151&keyword=201710&label=289&pageidx=1&pagenum=20&depth=2&sortby=4.
11-28 18:07:57.841 D/V8ScriptRunner( 4432): [callFunction] start. frame = 0x58de9820 function: xmlHttp.onreadystatechange url: http://10.14.41.246/application/bxfc/sec/js/common.js line: 276
11-28 18:07:57.843 D/V8ScriptRunner( 4432): [callFunction] end. frame = 0x58de9820 function: xmlHttp.onreadystatechange url: http://10.14.41.246/application/bxfc/sec/js/common.js line: 276
11-28 18:07:57.847 I/Advanced( 4432): [QUEUE] share_queue_sendEx size:1 4097 2248 0x8e9beed8,postLoopId:0,dstid:1.
11-28 18:07:57.848 D/RemoteIME( 2359): RemoteIME--> onKeyUp keyCode = 19
11-28 18:07:57.849 D/[cc]ProxyMain( 4432): [BeginMainFrame] cc.BeginMainFrame this:0x9f5e6880
11-28 18:07:57.850 D/[cc]LayerTreeHost( 4432): [AnimateLayers] AnimateLayers monotonic_time=1926683256
11-28 18:07:57.850 D/[blink]FrameView( 4432): [updateStyleAndLayoutIfNeededRecursiveInternal] in... this:0x3f3c58d0.
11-28 18:07:57.853 D/[blink]FrameView( 4432): [layout] start... this:0x3f3c58d0, frame=0x58de9820 content size(1280, 720). 
11-28 18:07:57.853 D/[blink]FrameView( 4432): [layout] performPreLayoutTasks start... this:0x3f3c58d0
11-28 18:07:57.853 D/[blink]FrameView( 4432): [layout] performPreLayoutTasks end... this:0x3f3c58d0
11-28 18:07:57.853 D/[blink]FrameView( 4432): [layout] performLayout start... this:0x3f3c58d0
11-28 18:07:57.853 D/[blink]FrameView( 4432): [layout] performLayout end... this:0x3f3c58d0
11-28 18:07:57.853 D/[blink]FrameView( 4432): [layout] call compositor()->didLayout()!
11-28 18:07:57.853 D/[blink]FrameView( 4432): [layout] updateDocumentAnnotatedRegions start... this:0x3f3c58d0
11-28 18:07:57.853 D/[blink]FrameView( 4432): [layout] scheduleOrPerformPostLayoutTasks start... this:0x3f3c58d0
11-28 18:07:57.854 D/[blink]FrameView( 4432): [layout] end... this:0x3f3c58d0
11-28 18:07:57.854 D/[blink]FrameView( 4432): [layout] out... this:0x3f3c58d0
11-28 18:07:57.854 D/[blink]FrameView( 4432): [updateStyleAndLayoutIfNeededRecursiveInternal] in... this:0x3f3c6148.
11-28 18:07:57.854 D/[blink]FrameView( 4432): [updateStyleAndLayoutIfNeededRecursiveInternal] end... this:0x3f3c6148.
11-28 18:07:57.854 D/[blink]FrameView( 4432): [updateStyleAndLayoutIfNeededRecursiveInternal] end... this:0x3f3c58d0.
11-28 18:07:57.854 D/[blink]FrameView( 4432): [updateLifecyclePhasesInternal] in... this:0x3f3c58d0, targetState=18
11-28 18:07:57.854 D/[blink]FrameView( 4432): [updateLifecyclePhasesInternal] call compositor()->updateIfNeededRecursive()!
11-28 18:07:57.857 D/[blink] ImagePainter( 4432): [paintReplaced] ImagePainter::paintReplaced in w=21056, h=3712.
11-28 18:07:57.857 D/[blink] ImagePainter( 4432): [paintReplaced] ImagePainter::paintReplaced in w=14272, h=1792.
11-28 18:07:57.858 D/[blink] ImagePainter( 4432): [paintReplaced] ImagePainter::paintReplaced in w=1408, h=768.
11-28 18:07:57.858 D/[blink] BoxPainter( 4432): [paintBoxDecorationBackgroundWithRect] BoxPainter::paintBoxDecorationBackgroundWithRect isImage=0, isLayoutImage=0
11-28 18:07:57.859 D/[blink]FrameView( 4432): [updateLifecyclePhasesInternal] end... this:0x3f3c58d0
11-28 18:07:57.870 D/cr_AwTestContainerView( 4432): [AwTestContainerView.java:63] [mainFrame]: [2017-11-21 17:52:03] dispatchKeyEvent keyCode = 19 event = KeyEvent { action=ACTION_UP, keyCode=KEYCODE_DPAD_UP, scanCode=103, metaState=0, flags=0x8, repeatCount=0, eventTime=1926683, downTime=1926582, deviceId=4, source=0x701 }
11-28 18:07:57.870 D/ImeAdapterAndroid( 4432): [SendKeyEvent] [BUILD TIME: ] dispatchKeyEvent key_code=19 modifiers=0 unicode_char=0 scan_code=103 is_system=0 tm=1926683
11-28 18:07:57.872 D/RenderWidgetInputHandler( 4432): [HandleInputEvent] input_event type=9 name=KeyUp
11-28 18:07:57.872 D/RenderWidgetInputHandler( 4432): [HandleInputEvent] key_event.nativeKeyCode:19,widget_->GetTextInputType():0
11-28 18:07:57.872 D/RenderWidgetInputHandler( 4432): [HandleInputEvent] input_event type=9 prevent_default:0
11-28 18:07:57.872 D/WebViewImpl( 4432): [handleKeyEvent] keycode:38, eventType:9 native keycode:19 frame=0x58de9820. url='http://10.14.41.246/application/bxfc/sec/index.htm'.
11-28 18:07:57.872 D/[blink]KeyboardEventManager( 4432): [keyEvent] initialKeyEvent KeyUp nativeKeyCode=19 windowsKeyCode=38 text[0]=0
11-28 18:07:57.872 D/[blink]KeyboardEventManager( 4432): [keyEvent] initialKeyEvent focusedNode=0x0
11-28 18:07:57.873 D/[cc]ProxyMain( 4432): [BeginMainFrame] cc.BeginMainFrame this:0x9f5e6880
11-28 18:07:57.873 D/[cc]LayerTreeHost( 4432): [AnimateLayers] AnimateLayers monotonic_time=1926699922
11-28 18:07:57.873 D/[blink]FrameView( 4432): [updateStyleAndLayoutIfNeededRecursiveInternal] in... this:0x3f3c58d0.
11-28 18:07:57.873 D/[blink]FrameView( 4432): [updateStyleAndLayoutIfNeededRecursiveInternal] in... this:0x3f3c6148.
11-28 18:07:57.873 D/[blink]FrameView( 4432): [updateStyleAndLayoutIfNeededRecursiveInternal] end... this:0x3f3c6148.
11-28 18:07:57.873 D/[blink]FrameView( 4432): [updateStyleAndLayoutIfNeededRecursiveInternal] end... this:0x3f3c58d0.
11-28 18:07:57.873 D/[blink]FrameView( 4432): [updateLifecyclePhasesInternal] in... this:0x3f3c58d0, targetState=18
11-28 18:07:57.873 D/[blink]FrameView( 4432): [updateLifecyclePhasesInternal] call compositor()->updateIfNeededRecursive()!
11-28 18:07:57.874 D/[blink]FrameView( 4432): [updateLifecyclePhasesInternal] end... this:0x3f3c58d0
11-28 18:07:57.888 D/[cc]ProxyMain( 4432): [BeginMainFrame] cc.BeginMainFrame this:0x9f5e6880
11-28 18:07:57.889 D/[cc]LayerTreeHost( 4432): [AnimateLayers] AnimateLayers monotonic_time=1926716589
11-28 18:07:57.889 D/[blink]FrameView( 4432): [updateStyleAndLayoutIfNeededRecursiveInternal] in... this:0x3f3c58d0.
11-28 18:07:57.890 D/[blink]FrameView( 4432): [layout] start... this:0x3f3c58d0, frame=0x58de9820 content size(1280, 720). 
11-28 18:07:57.890 D/[blink]FrameView( 4432): [layout] performPreLayoutTasks start... this:0x3f3c58d0
11-28 18:07:57.890 D/[blink]FrameView( 4432): [layout] performPreLayoutTasks end... this:0x3f3c58d0
11-28 18:07:57.890 D/[blink]FrameView( 4432): [layout] performLayout start... this:0x3f3c58d0
11-28 18:07:57.891 D/[blink]FrameView( 4432): [layout] performLayout end... this:0x3f3c58d0
11-28 18:07:57.891 D/[blink]FrameView( 4432): [layout] call compositor()->didLayout()!
11-28 18:07:57.891 D/[blink]FrameView( 4432): [layout] updateDocumentAnnotatedRegions start... this:0x3f3c58d0
11-28 18:07:57.891 D/[blink]FrameView( 4432): [layout] scheduleOrPerformPostLayoutTasks start... this:0x3f3c58d0
11-28 18:07:57.891 D/[blink]FrameView( 4432): [layout] end... this:0x3f3c58d0
11-28 18:07:57.891 D/[blink]FrameView( 4432): [layout] out... this:0x3f3c58d0
11-28 18:07:57.892 D/[blink]FrameView( 4432): [updateStyleAndLayoutIfNeededRecursiveInternal] in... this:0x3f3c6148.
11-28 18:07:57.892 D/[blink]FrameView( 4432): [updateStyleAndLayoutIfNeededRecursiveInternal] end... this:0x3f3c6148.
11-28 18:07:57.892 D/[blink]FrameView( 4432): [updateStyleAndLayoutIfNeededRecursiveInternal] end... this:0x3f3c58d0.
11-28 18:07:57.892 D/[blink]FrameView( 4432): [updateLifecyclePhasesInternal] in... this:0x3f3c58d0, targetState=18
11-28 18:07:57.892 D/[blink]FrameView( 4432): [updateLifecyclePhasesInternal] call compositor()->updateIfNeededRecursive()!
11-28 18:07:57.895 D/[blink] ImagePainter( 4432): [paintReplaced] ImagePainter::paintReplaced in w=1408, h=768.
11-28 18:07:57.895 D/[blink] BoxPainter( 4432): [paintBoxDecorationBackgroundWithRect] BoxPainter::paintBoxDecorationBackgroundWithRect isImage=0, isLayoutImage=0
11-28 18:07:57.895 D/[blink]FrameView( 4432): [updateLifecyclePhasesInternal] end... this:0x3f3c58d0
11-28 18:07:57.907 D/[cc]ProxyMain( 4432): [BeginMainFrame] cc.BeginMainFrame this:0x9f5e6880
11-28 18:07:57.908 D/[cc]LayerTreeHost( 4432): [AnimateLayers] AnimateLayers monotonic_time=1926749922
11-28 18:07:57.908 D/[blink]FrameView( 4432): [updateStyleAndLayoutIfNeededRecursiveInternal] in... this:0x3f3c58d0.
11-28 18:07:57.908 D/[blink]FrameView( 4432): [updateStyleAndLayoutIfNeededRecursiveInternal] in... this:0x3f3c6148.
11-28 18:07:57.908 D/[blink]FrameView( 4432): [updateStyleAndLayoutIfNeededRecursiveInternal] end... this:0x3f3c6148.
11-28 18:07:57.908 D/[blink]FrameView( 4432): [updateStyleAndLayoutIfNeededRecursiveInternal] end... this:0x3f3c58d0.
11-28 18:07:57.909 D/[blink]FrameView( 4432): [updateLifecyclePhasesInternal] in... this:0x3f3c58d0, targetState=18
11-28 18:07:57.909 D/[blink]FrameView( 4432): [updateLifecyclePhasesInternal] call compositor()->updateIfNeededRecursive()!
11-28 18:07:57.910 D/[blink]FrameView( 4432): [updateLifecyclePhasesInternal] end... this:0x3f3c58d0
11-28 18:07:58.047 I/Advanced( 4432): [QUEUE] share_queue_sendEx size:1 4097 2249 0x8e9beed8,postLoopId:0,dstid:1.
11-28 18:07:58.067 D/BackBootDealerNeimeng( 2383): standbyState:
11-28 18:07:58.068 E/NetUtils( 2031): Interface eth0 LinkUp!
11-28 18:07:58.457 I/Advanced( 4432): [QUEUE] share_queue_sendEx size:1 4097 2251 0x8e9beed8,postLoopId:0,dstid:1.
11-28 18:07:58.568 D/BackBootDealerNeimeng( 2383): standbyState:
11-28 18:07:58.569 E/NetUtils( 2031): Interface eth0 LinkUp!
11-28 18:07:58.748 I/AdvancedPorting-PORT_MODULE_NET( 4432): network_task while... 
11-28 18:07:58.748 I/AdvancedPorting-PORT_MODULE_NET( 4432): 0 interface name: lo
11-28 18:07:58.748 I/AdvancedPorting-PORT_MODULE_NET( 4432): 1 interface name: eth0
11-28 18:07:58.748 I/AdvancedPorting-PORT_MODULE_NET( 4432): 2 interface name: wlan0
11-28 18:07:58.748 I/AdvancedPorting-PORT_MODULE_NET( 4432): First interface name: lo
11-28 18:07:58.748 I/AdvancedPorting-PORT_MODULE_NET( 4432): network_task while...  net_i:1
11-28 18:07:58.748 I/AdvancedPorting-PORT_MODULE_NET( 4432): network_task while---name_interface[0]=lo
11-28 18:07:58.748 I/AdvancedPorting-PORT_MODULE_NET( 4432): network_task while---name_interface[1]=eth0
11-28 18:07:58.748 I/AdvancedPorting-PORT_MODULE_NET( 4432): network_task while---interface_name=eth0
11-28 18:07:58.748 I/AdvancedPorting-PORT_MODULE_NET( 4432): network_get_netlink_status(in)--if_name=eth0
11-28 18:07:58.748 I/AdvancedPorting-PORT_MODULE_NET( 4432): net.network.isconnected = no
11-28 18:07:58.748 I/AdvancedPorting-PORT_MODULE_NET( 4432): eth0 --network_get_netlink_status return retval=1
11-28 18:07:58.748 I/AdvancedPorting-PORT_MODULE_NET( 4432): stat = 1 last_status = 1
11-28 18:07:58.868 I/Advanced( 4432): [QUEUE] share_queue_sendEx size:1 4097 2253 0x8e9beed8,postLoopId:0,dstid:1.
11-28 18:07:59.070 D/BackBootDealerNeimeng( 2383): standbyState:
11-28 18:07:59.071 E/NetUtils( 2031): Interface eth0 LinkUp!
11-28 18:07:59.278 I/Advanced( 4432): [QUEUE] share_queue_sendEx size:1 4097 2255 0x8e9beed8,postLoopId:0,dstid:1.
11-28 18:07:59.572 D/BackBootDealerNeimeng( 2383): standbyState:
11-28 18:07:59.573 E/NetUtils( 2031): Interface eth0 LinkUp!
11-28 18:07:59.748 I/AdvancedPorting-PORT_MODULE_NET( 4432): network_task while... 
11-28 18:07:59.749 I/AdvancedPorting-PORT_MODULE_NET( 4432): 0 interface name: lo
11-28 18:07:59.749 I/AdvancedPorting-PORT_MODULE_NET( 4432): 1 interface name: eth0
11-28 18:07:59.749 I/AdvancedPorting-PORT_MODULE_NET( 4432): 2 interface name: wlan0
11-28 18:07:59.749 I/AdvancedPorting-PORT_MODULE_NET( 4432): First interface name: lo
11-28 18:07:59.749 I/AdvancedPorting-PORT_MODULE_NET( 4432): network_task while...  net_i:1
11-28 18:07:59.749 I/AdvancedPorting-PORT_MODULE_NET( 4432): network_task while---name_interface[0]=lo
11-28 18:07:59.749 I/AdvancedPorting-PORT_MODULE_NET( 4432): network_task while---name_interface[1]=eth0
11-28 18:07:59.749 I/AdvancedPorting-PORT_MODULE_NET( 4432): network_task while---interface_name=eth0
11-28 18:07:59.749 I/AdvancedPorting-PORT_MODULE_NET( 4432): network_get_netlink_status(in)--if_name=eth0
11-28 18:07:59.749 I/AdvancedPorting-PORT_MODULE_NET( 4432): net.network.isconnected = no
11-28 18:07:59.749 I/AdvancedPorting-PORT_MODULE_NET( 4432): eth0 --network_get_netlink_status return retval=1
11-28 18:07:59.749 I/AdvancedPorting-PORT_MODULE_NET( 4432): stat = 1 last_status = 1
11-28 18:07:59.898 I/Advanced( 4432): [QUEUE] share_queue_sendEx size:1 4097 2258 0x8e9beed8,postLoopId:0,dstid:1.
11-28 18:08:00.074 D/BackBootDealerNeimeng( 2383): standbyState:
