11-28 17:22:35.603 W/ContextImpl( 2401): Calling a method in the system process without a qualified user: android.app.ContextImpl.sendBroadcast:1345 android.content.ContextWrapper.sendBroadcast:377 com.suma.midware.back.esg.e.f:-1 com.suma.midware.back.esg.f.run:-1 com.suma.midware.prop.util.c.run:-1 
11-28 17:22:40.776 I/ActivityManager( 2029): moveTaskToBack: TaskRecord{2e09e94f #1695 A=com.ipanel.android_webview.shell U=0 sz=1}
11-28 17:22:40.871 W/ContextImpl( 2511): Calling a method in the system process without a qualified user: android.app.ContextImpl.sendBroadcast:1345 android.content.ContextWrapper.sendBroadcast:377 com.suma.midware.view.ext.BluetoothUpdate.b:-1 com.suma.midware.home.third.Main3DActivity.onResume:-1 android.app.Instrumentation.callActivityOnResume:1257 
11-28 17:22:40.876 I/ActivityManager( 2029): Force stopping com.suma.midware.vod appid=1000 user=0: from pid 2511
11-28 17:22:40.876 W/ContextImpl( 2511): Calling a method in the system process without a qualified user: android.app.ContextImpl.sendBroadcast:1345 android.content.ContextWrapper.sendBroadcast:377 android.app.ActivityThread.performResumeActivity:2982 android.app.ActivityThread.handleResumeActivity:3023 android.app.ActivityThread$H.handleMessage:1347 
11-28 17:22:44.061 I/ActivityManager( 2029): START u0 {act= cmp=com.ipanel.android_webview.shell/com.ipanel.webapp.BrowserActivity (has extras)} from uid 1000 on display 0
11-28 17:22:44.067 W/ContextImpl( 2511): Calling a method in the system process without a qualified user: android.app.ContextImpl.sendBroadcast:1345 android.content.ContextWrapper.sendBroadcast:377 android.app.ActivityThread.performPauseActivity:3259 android.app.ActivityThread.performPauseActivity:3225 android.app.ActivityThread.handlePauseActivity:3200 
11-28 17:22:44.291 W/ViewRootImpl( 4548): Cancelling event due to no window focus: KeyEvent { action=ACTION_UP, keyCode=KEYCODE_DPAD_CENTER, scanCode=28, metaState=0, flags=0x80000028, repeatCount=0, eventTime=2968538, downTime=2968329, deviceId=4, source=0x701 }
11-28 17:22:44.291 W/ViewRootImpl( 4548): Cancelling event due to no window focus: KeyEvent { action=ACTION_UP, keyCode=KEYCODE_DPAD_CENTER, scanCode=28, metaState=0, flags=0x80000028, repeatCount=0, eventTime=2968538, downTime=2968329, deviceId=4, source=0x701 }
11-28 17:22:44.291 W/ViewRootImpl( 4548): Cancelling event due to no window focus: KeyEvent { action=ACTION_UP, keyCode=KEYCODE_DPAD_CENTER, scanCode=28, metaState=0, flags=0x80000028, repeatCount=0, eventTime=2968538, downTime=2968329, deviceId=4, source=0x701 }
11-28 17:22:44.291 W/ViewRootImpl( 4548): Cancelling event due to no window focus: KeyEvent { action=ACTION_UP, keyCode=KEYCODE_DPAD_CENTER, scanCode=28, metaState=0, flags=0x80000028, repeatCount=0, eventTime=2968538, downTime=2968329, deviceId=4, source=0x701 }
11-28 17:22:44.291 W/ViewRootImpl( 4548): Cancelling event due to no window focus: KeyEvent { action=ACTION_UP, keyCode=KEYCODE_DPAD_CENTER, scanCode=28, metaState=0, flags=0x80000028, repeatCount=0, eventTime=2968538, downTime=2968329, deviceId=4, source=0x701 }
11-28 17:22:44.291 W/ViewRootImpl( 4548): Cancelling event due to no window focus: KeyEvent { action=ACTION_UP, keyCode=KEYCODE_DPAD_CENTER, scanCode=28, metaState=0, flags=0x80000028, repeatCount=0, eventTime=2968538, downTime=2968329, deviceId=4, source=0x701 }
11-28 17:23:35.662 W/ContextImpl( 2401): Calling a method in the system process without a qualified user: android.app.ContextImpl.sendBroadcast:1345 android.content.ContextWrapper.sendBroadcast:377 com.suma.midware.back.esg.e.f:-1 com.suma.midware.back.esg.f.run:-1 com.suma.midware.prop.util.c.run:-1 
11-28 17:23:36.665 W/ContextImpl( 2401): Calling a method in the system process without a qualified user: android.app.ContextImpl.sendBroadcast:1345 android.content.ContextWrapper.sendBroadcast:377 com.suma.midware.back.esg.e.f:-1 com.suma.midware.back.esg.f.run:-1 com.suma.midware.prop.util.c.run:-1 
11-28 17:23:37.668 W/ContextImpl( 2401): Calling a method in the system process without a qualified user: android.app.ContextImpl.sendBroadcast:1345 android.content.ContextWrapper.sendBroadcast:377 com.suma.midware.back.esg.e.f:-1 com.suma.midware.back.esg.f.run:-1 com.suma.midware.prop.util.c.run:-1 
11-28 17:23:38.671 W/ContextImpl( 2401): Calling a method in the system process without a qualified user: android.app.ContextImpl.sendBroadcast:1345 android.content.ContextWrapper.sendBroadcast:377 com.suma.midware.back.esg.e.f:-1 com.suma.midware.back.esg.f.run:-1 com.suma.midware.prop.util.c.run:-1 
11-28 17:23:39.674 W/ContextImpl( 2401): Calling a method in the system process without a qualified user: android.app.ContextImpl.sendBroadcast:1345 android.content.ContextWrapper.sendBroadcast:377 com.suma.midware.back.esg.e.f:-1 com.suma.midware.back.esg.f.run:-1 com.suma.midware.prop.util.c.run:-1 
--------- beginning of main
11-28 17:23:39.819 D/iPanel  ( 4548): getFrameByName 'mainFrame' frame=0x25e6bdb8 window=0x25f48070
11-28 17:23:39.820 D/ScriptController( 4548): [executeScriptAndReturnValue] [V8] evaluate Script end. frame=0x25e6bdb8 
11-28 17:23:39.820 D/[blink]ResourceFetcher( 4548): [requestResource] url=http://10.14.41.246/application/bxfc/js/config.js.
11-28 17:23:39.820 D/url     ( 4548): [DoResolveRelative] [WEB] DoResolveRelative Error resolving.
11-28 17:23:39.820 D/ScriptController( 4548): [executeScriptAndReturnValue] [V8] evaluate Script start. frame=0x25e6bdb8 url=http://10.14.41.246/application/bxfc/js/config.js line=1. source length=512
11-28 17:23:39.821 D/ScriptController( 4548): [executeScriptAndReturnValue] [V8] compile Script end. frame=0x25e6bdb8 
11-28 17:23:39.821 D/SystemInfo( 4548): getProperty name = persist.sys.mmcp.smartcard value = 8150010316662691
11-28 17:23:39.821 D/JSObjectInspector( 4548): iPanelJavaInspector.debug(getSysProp persist.sys.mmcp.smartcard:8150010316662691.);
11-28 17:23:39.822 D/iPanel  ( 4548): iPanel.debug("get CAManager.cardSerialNumber: 8150010316662691")
11-28 17:23:39.822 D/ScriptController( 4548): [executeScriptAndReturnValue] [V8] evaluate Script end. frame=0x25e6bdb8 
11-28 17:23:39.822 D/ScriptController( 4548): [executeScriptAndReturnValue] [V8] evaluate Script start. frame=0x25e6bdb8 url=http://10.14.41.246/application/bxfc/index.htm line=148. source length=13692
11-28 17:23:39.825 D/ScriptController( 4548): [executeScriptAndReturnValue] [V8] compile Script end. frame=0x25e6bdb8 
11-28 17:23:39.826 D/iPanel  ( 4548): iPanel.debug("iPanel.getGlobalVar : name = nmcfMenuPos value = 2")
11-28 17:23:39.827 D/iPanel  ( 4548): iPanel.debug("iPanel.getGlobalVar : name = nmcfMenuPos value = 2")
11-28 17:23:39.827 D/iPanel  ( 4548): iPanel.debug("iPanel.getGlobalVar : name = nmcfMenuPos value = 2")
11-28 17:23:39.827 D/iPanel  ( 4548): iPanel.debug("----nmcfMenuPos--:2")
11-28 17:23:39.830 D/[blink]ResourceFetcher( 4548): [requestResource] url=http://10.14.41.246/application/bxfc/images/bg1.jpg.
11-28 17:23:39.830 D/url     ( 4548): [DoResolveRelative] [WEB] DoResolveRelative Error resolving.
11-28 17:23:39.831 D/[cc]beginFrameSource( 4548): [AddObserver] ExternalBeginFrameSource::AddObserver
11-28 17:23:39.832 D/[blink]ResourceFetcher( 4548): [requestResource] url=http://10.14.41.246/application/bxfc/images/icon1_03.png.
11-28 17:23:39.832 D/url     ( 4548): [DoResolveRelative] [WEB] DoResolveRelative Error resolving.
11-28 17:23:39.832 D/[blink]ResourceFetcher( 4548): [requestResource] url=http://10.14.41.246/application/bxfc/images/icon_bg3.png.
11-28 17:23:39.833 D/url     ( 4548): [DoResolveRelative] [WEB] DoResolveRelative Error resolving.
11-28 17:23:39.833 D/[blink]ResourceFetcher( 4548): [requestResource] url=http://10.14.41.246/application/bxfc/images/icon_bg3.png.
11-28 17:23:39.833 D/url     ( 4548): [DoResolveRelative] [WEB] DoResolveRelative Error resolving.
11-28 17:23:39.834 D/[blink]ResourceFetcher( 4548): [requestResource] url=http://10.14.41.246/application/bxfc/images/icon_bg3.png.
11-28 17:23:39.834 D/url     ( 4548): [DoResolveRelative] [WEB] DoResolveRelative Error resolving.
11-28 17:23:39.834 D/[blink]FrameView( 4548): [layout] start... this:0x598e4200, frame=0x25e6bdb8 content size(0, 0). 
11-28 17:23:39.835 D/[blink]FrameView( 4548): [layout] performPreLayoutTasks start... this:0x598e4200
11-28 17:23:39.835 D/[blink]FrameView( 4548): [layout] performPreLayoutTasks end... this:0x598e4200
11-28 17:23:39.835 D/[blink]FrameView( 4548): [layout] performLayout start... this:0x598e4200
11-28 17:23:39.837 D/[blink]FrameView( 4548): [layout] performLayout end... this:0x598e4200
11-28 17:23:39.837 D/ChromeClientImpl( 4548): [contentsSizeChanged] -->size(1280, 720)
11-28 17:23:39.837 D/[blink]FrameView( 4548): [layout] cannot paint!! do not call compositor()->didLayout()! this:0x0x598e4200
11-28 17:23:39.837 D/[blink]FrameView( 4548): [layout] updateDocumentAnnotatedRegions start... this:0x598e4200
11-28 17:23:39.837 D/[blink]FrameView( 4548): [layout] scheduleOrPerformPostLayoutTasks start... this:0x598e4200
11-28 17:23:39.837 D/[blink]FrameView( 4548): [layout] end... this:0x598e4200
11-28 17:23:39.837 D/[blink]FrameView( 4548): [layout] out... this:0x598e4200
11-28 17:23:39.837 D/[blink]DOMTimer( 4548): [DOMTimer] 0x598e59d8 setTimeout 5000ms, repeat:1.
11-28 17:23:39.837 D/iPanel  ( 4548): getFrameByName 'eventFrame' frame=0x25e61a48 window=0x25e626f8
11-28 17:23:39.837 D/iPanel  ( 4548): getFrameByName 'mainFrame' frame=0x25e6bdb8 window=0x25f48070
11-28 17:23:39.838 D/iPanel  ( 4548): iPanel.debug("iPanel.delGlobalVar : name = n value = undefined")
11-28 17:23:39.838 D/iPanel  ( 4548): iPanel.debug("iPanel.delGlobalVar : name = m value = undefined")
11-28 17:23:39.838 D/iPanel  ( 4548): iPanel.debug("iPanel.delGlobalVar : name = c value = undefined")
11-28 17:23:39.838 D/iPanel  ( 4548): iPanel.debug("iPanel.delGlobalVar : name = f value = undefined")
11-28 17:23:39.838 D/iPanel  ( 4548): iPanel.debug("iPanel.delGlobalVar : name = B value = undefined")
11-28 17:23:39.838 D/iPanel  ( 4548): iPanel.debug("iPanel.delGlobalVar : name = a value = undefined")
11-28 17:23:39.838 D/iPanel  ( 4548): iPanel.debug("iPanel.delGlobalVar : name = c value = undefined")
11-28 17:23:39.838 D/iPanel  ( 4548): iPanel.debug("iPanel.delGlobalVar : name = k value = undefined")
11-28 17:23:39.838 D/iPanel  ( 4548): iPanel.debug("iPanel.delGlobalVar : name = U value = undefined")
11-28 17:23:39.838 D/iPanel  ( 4548): iPanel.debug("iPanel.delGlobalVar : name = r value = undefined")
11-28 17:23:39.838 D/iPanel  ( 4548): iPanel.debug("iPanel.delGlobalVar : name = l value = undefined")
11-28 17:23:39.838 D/iPanel  ( 4548): iPanel.debug("iPanel.misc.save undefined")
11-28 17:23:39.839 D/iPanel  ( 4548): iPanel.debug("iPanel.misc.save end")
11-28 17:23:39.840 D/iPanel  ( 4548): getFrameByName 'eventFrame' frame=0x25e61a48 window=0x25e626f8
11-28 17:23:39.840 D/iPanel  ( 4548): getFrameByName 'mainFrame' frame=0x25e6bdb8 window=0x25f48070
11-28 17:23:39.840 D/iPanel  ( 4548): getFrameByName 'eventFrame' frame=0x25e61a48 window=0x25e626f8
11-28 17:23:39.840 D/iPanel  ( 4548): getFrameByName 'mainFrame' frame=0x25e6bdb8 window=0x25f48070
11-28 17:23:39.840 D/iPanel  ( 4548): getFrameByName 'eventFrame' frame=0x25e61a48 window=0x25e626f8
11-28 17:23:39.840 D/iPanel  ( 4548): getFrameByName 'mainFrame' frame=0x25e6bdb8 window=0x25f48070
11-28 17:23:39.845 D/ChromeClientImpl( 4548): [addMessageToConsole] [LOG:CONSOLE(465)] "http://172.16.242.166:13160/recommend/get_recommend_by_label?accesstoken=R5A1D202BU20850029K53724E0DIA6230E0AP8M2FAF083WDC011B88FB1&label=286&pageidx=0&pagenum=3&depth=1", source:http://10.14.41.246/application/bxfc/js/common.js (465)
11-28 17:23:39.845 D/V8ScriptRunner( 4548): [callFunction] start. frame = 0x25e6bdb8 function: xmlHttp.onreadystatechange url: http://10.14.41.246/application/bxfc/js/common.js line: 450
11-28 17:23:39.846 D/V8ScriptRunner( 4548): [callFunction] end. frame = 0x25e6bdb8 function: xmlHttp.onreadystatechange url: http://10.14.41.246/application/bxfc/js/common.js line: 450
11-28 17:23:39.846 D/[blink]ResourceFetcher( 4548): [requestResource] url=http://172.16.242.166:13160/recommend/get_recommend_by_label?accesstoken=R5A1D202BU20850029K53724E0DIA6230E0AP8M2FAF083WDC011B88FB1&label=286&pageidx=0&pagenum=3&depth=1.
11-28 17:23:39.846 D/url     ( 4548): [DoResolveRelative] [WEB] DoResolveRelative Error resolving.
11-28 17:23:39.847 D/ResourceLoader( 4548): [StartRequest] start request 0x8b42a400 url='http://172.16.242.166:13160/recommend/get_recommend_by_label?accesstoken=R5A1D202BU20850029K53724E0DIA6230E0AP8M2FAF083WDC011B88FB1&label=286&pageidx=0&pagenum=3&depth=1'
11-28 17:23:39.847 D/AwRequestInterceptor( 4548): [MaybeInterceptRequest] request=0x8b42a400
11-28 17:23:39.847 D/[blink]DOMTimer( 4548): [DOMTimer] 0x598e61d8 setTimeout 500ms, repeat:0.
11-28 17:23:39.847 D/[blink]DOMTimer( 4548): [DOMTimer] 0x598e6248 setTimeout 30000ms, repeat:0.
11-28 17:23:39.847 D/iPanel  ( 4548): iPanel.debug("----getUserInfo---url:http://172.16.242.166:12690/account/user/get_list?deviceno=8150010316662691&devicetype=2&pageidx=1&pagenum=10")
11-28 17:23:39.847 D/cr_AwContents( 4548): [AwContents.java:520] BackgroundThreadClientImpl shouldInterceptRequest url = http://172.16.242.166:13160/recommend/get_recommend_by_label?accesstoken=R5A1D202BU20850029K53724E0DIA6230E0AP8M2FAF083WDC011B88FB1&label=286&pageidx=0&pagenum=3&depth=1
11-28 17:23:39.847 D/cr_AwNullContentsClient( 4548): [AwNullContentsClient.java:59] shouldInterceptRequest url=http://172.16.242.166:13160/recommend/get_recommend_by_label?accesstoken=R5A1D202BU20850029K53724E0DIA6230E0AP8M2FAF083WDC011B88FB1&label=286&pageidx=0&pagenum=3&depth=1
11-28 17:23:39.847 D/BrowserWebViewClient( 4548): intercept request :http://172.16.242.166:13160/recommend/get_recommend_by_label?accesstoken=R5A1D202BU20850029K53724E0DIA6230E0AP8M2FAF083WDC011B88FB1&label=286&pageidx=0&pagenum=3&depth=1
11-28 17:23:39.847 D/AwRequestInterceptor( 4548): [MaybeInterceptRequest] request=0x8b42a400
11-28 17:23:39.851 D/V8ScriptRunner( 4548): [callFunction] start. frame = 0x25e6bdb8 function: xmlHttp.onreadystatechange url: http://10.14.41.246/application/bxfc/js/common.js line: 145
11-28 17:23:39.851 D/V8ScriptRunner( 4548): [callFunction] end. frame = 0x25e6bdb8 function: xmlHttp.onreadystatechange url: http://10.14.41.246/application/bxfc/js/common.js line: 145
11-28 17:23:39.851 D/[blink]ResourceFetcher( 4548): [requestResource] url=http://172.16.242.166:12690/account/user/get_list?deviceno=8150010316662691&devicetype=2&pageidx=1&pagenum=10.
11-28 17:23:39.852 D/url     ( 4548): [DoResolveRelative] [WEB] DoResolveRelative Error resolving.
11-28 17:23:39.852 D/[blink]DOMTimer( 4548): [DOMTimer] 0x598e6680 setTimeout 5000ms, repeat:0.
11-28 17:23:39.852 D/ResourceLoader( 4548): [StartRequest] start request 0xb4bed880 url='http://172.16.242.166:12690/account/user/get_list?deviceno=8150010316662691&devicetype=2&pageidx=1&pagenum=10'
11-28 17:23:39.852 D/AwRequestInterceptor( 4548): [MaybeInterceptRequest] request=0xb4bed880
11-28 17:23:39.853 D/cr_AwContents( 4548): [AwContents.java:520] BackgroundThreadClientImpl shouldInterceptRequest url = http://172.16.242.166:12690/account/user/get_list?deviceno=8150010316662691&devicetype=2&pageidx=1&pagenum=10
11-28 17:23:39.853 D/cr_AwNullContentsClient( 4548): [AwNullContentsClient.java:59] shouldInterceptRequest url=http://172.16.242.166:12690/account/user/get_list?deviceno=8150010316662691&devicetype=2&pageidx=1&pagenum=10
11-28 17:23:39.853 D/BrowserWebViewClient( 4548): intercept request :http://172.16.242.166:12690/account/user/get_list?deviceno=8150010316662691&devicetype=2&pageidx=1&pagenum=10
11-28 17:23:39.853 D/AwRequestInterceptor( 4548): [MaybeInterceptRequest] request=0xb4bed880
11-28 17:23:39.853 D/iPanel  ( 4548): iPanel.debug("----版本----:11.13/10：55")
11-28 17:23:39.853 D/ScriptController( 4548): [executeScriptAndReturnValue] [V8] evaluate Script end. frame=0x25e6bdb8 
11-28 17:23:39.854 D/base::AndroidFile( 4548): [AndroidFile] open file 'ui://ipanel_private.js'. 
11-28 17:23:39.854 D/Rdfs    ( 4548): get ui file 'ipanel_private.js' from assets.
11-28 17:23:39.854 D/iPanel-inject( 4548): injectiIPanelPrivateScript frame=0x25e6bdb8 url=http://10.14.41.246/application/bxfc/index.htm script file = ui://ipanel_private.js len = 4453
11-28 17:23:39.855 D/ScriptController( 4548): [executeScriptAndReturnValue] [V8] evaluate Script start. frame=0x25e6bdb8 url=ui:///ipanel_private.js line=1. source length=4453
11-28 17:23:39.856 D/ScriptController( 4548): [executeScriptAndReturnValue] [V8] compile Script end. frame=0x25e6bdb8 
11-28 17:23:39.857 D/iPanel  ( 4548): iPanel.debug("[ipanelTop] typeof(top)=undefined")
11-28 17:23:39.857 D/iPanel  ( 4548): iPanel.debug("[ipanelTop] in, window.top is undefined, push ipanelTop!")
11-28 17:23:39.857 D/iPanel  ( 4548): iPanel.debug("[ipanelTop] end, typeof(top)=object")
11-28 17:23:39.857 D/iPanel  ( 4548): getFrameByName 'eventFrame' frame=0x25e61a48 window=0x25e626f8
11-28 17:23:39.857 D/iPanel  ( 4548): getFrameByName 'mainFrame' frame=0x25e6bdb8 window=0x25f48070
11-28 17:23:39.857 D/iPanel  ( 4548): iPanel.debug("set page view size, content:null")
11-28 17:23:39.857 D/iPanel  ( 4548): iPanel.debug("set page view size, getAttribute(width)=null")
11-28 17:23:39.858 D/iPanel  ( 4548): iPanel.debug("set page view size, bw=NaN, bh=NaN")
11-28 17:23:39.858 D/[blink]ResourceFetcher( 4548): [requestResource] url=http://10.14.41.246/application/bxfc/images/bg1.jpg.
11-28 17:23:39.858 D/url     ( 4548): [DoResolveRelative] [WEB] DoResolveRelative Error resolving.
11-28 17:23:39.858 D/iPanel  ( 4548): iPanel.debug("set page view size, img.src:http://10.14.41.246/application/bxfc/images/bg1.jpg")
11-28 17:23:39.861 D/iPanel  ( 4548): iPanel.debug("set page view size, original content:1280*720")
11-28 17:23:39.861 D/iPanel  ( 4548): iPanel.debug("set page view size: (1280*720)")
11-28 17:23:39.862 D/[blink]FrameLoader( 4548): [allowPlugins] allowPlugins return 1
11-28 17:23:39.863 D/iPanel  ( 4548): iPanel.debug("set page view size: html{height:720px;width:1280px;-webkit-transform-origin: left top;-webkit-transform:scale(1,1);}")
11-28 17:23:39.864 D/Browser ( 4548): setPageViewSize:1280*720
11-28 17:23:39.864 D/iPanel  ( 4548): iPanel.debug("[ipanel_private.js] object.length: 0")
11-28 17:23:39.864 D/iPanel  ( 4548): iPanel.debug("[ipanel_private.js] iframe.length: 0")
11-28 17:23:39.865 D/ScriptController( 4548): [executeScriptAndReturnValue] [V8] evaluate Script end. frame=0x25e6bdb8 
11-28 17:23:39.865 D/iPanel-inject( 4548): iPanelInjectUserScripts begin. url='http://10.14.41.246/application/bxfc/index.htm'
11-28 17:23:39.865 D/iPanel-inject( 4548): iPanelInjectUserScripts.count: 1
11-28 17:23:39.865 D/iPanel-inject( 4548): iPanelInjectUserScripts end
11-28 17:23:39.865 D/FrameLoaderClientImpl( 4548): [dispatchDidFinishDocumentLoad] url:http://10.14.41.246/application/bxfc/index.htm
11-28 17:23:39.865 D/V8ScriptRunner( 4548): [callFunction] start. frame = 0x25e6bdb8 function: img.onload url: ui:///ipanel_private.js line: 83
11-28 17:23:39.866 D/iPanel  ( 4548): iPanel.debug("set page view size,--- width:1280,height:720")
11-28 17:23:39.866 D/iPanel  ( 4548): iPanel.debug("set page view size: exit ipanelpageviewsize")
11-28 17:23:39.866 D/[blink]FrameLoader( 4548): [allowPlugins] allowPlugins return 1
11-28 17:23:39.867 D/Browser ( 4548): setPageViewSize:1280*720
11-28 17:23:39.867 D/V8ScriptRunner( 4548): [callFunction] end. frame = 0x25e6bdb8 function: img.onload url: ui:///ipanel_private.js line: 83
11-28 17:23:39.867 D/FrameLoaderClientImpl( 4548): [dispatchDidHandleOnloadEvents] dispatch onload event url:http://10.14.41.246/application/bxfc/index.htm
11-28 17:23:39.869 D/[blink]FrameView( 4548): [layout] start... this:0x598e4200, frame=0x25e6bdb8 content size(1280, 720). 
11-28 17:23:39.869 D/[blink]FrameView( 4548): [layout] performPreLayoutTasks start... this:0x598e4200
11-28 17:23:39.869 D/[blink]FrameView( 4548): [layout] performPreLayoutTasks end... this:0x598e4200
11-28 17:23:39.869 D/[blink]FrameView( 4548): [layout] performLayout start... this:0x598e4200
11-28 17:23:39.870 D/ResourceLoader( 4548): [ResponseCompleted] finish request 0x8b42a400 url='http://172.16.242.166:13160/recommend/get_recommend_by_label?accesstoken=R5A1D202BU20850029K53724E0DIA6230E0AP8M2FAF083WDC011B88FB1&label=286&pageidx=0&pagenum=3&depth=1'
11-28 17:23:39.870 D/[blink]FrameView( 4548): [layout] performLayout end... this:0x598e4200
11-28 17:23:39.870 D/[blink]FrameView( 4548): [layout] cannot paint!! do not call compositor()->didLayout()! this:0x0x598e4200
11-28 17:23:39.870 D/[blink]FrameView( 4548): [layout] updateDocumentAnnotatedRegions start... this:0x598e4200
11-28 17:23:39.870 D/[blink]FrameView( 4548): [layout] scheduleOrPerformPostLayoutTasks start... this:0x598e4200
11-28 17:23:39.870 D/[blink]FrameView( 4548): [layout] end... this:0x598e4200
11-28 17:23:39.871 D/[blink]FrameView( 4548): [layout] out... this:0x598e4200
11-28 17:23:39.871 D/[blink]FrameLoader( 4548): [checkCompleted] frame=0x25e6bdb8 did finish load.
11-28 17:23:39.871 D/FrameLoaderClientImpl( 4548): [dispatchDidFinishLoad] url:http://10.14.41.246/application/bxfc/index.htm
11-28 17:23:39.871 D/FrameLoaderClientImpl( 4548): [didStopLoading] finished url:http://10.14.41.246/application/bxfc/index.htm. frame tree child count = 0
11-28 17:23:39.871 D/Browser ( 4548): postProgressNotification type=1
11-28 17:23:39.871 D/[blink]FrameView( 4548): [setCanPaint] this:0x598e4200, setCanPaint old canpaint=0, new canpaint=1 .
11-28 17:23:39.871 D/[blink]FrameView( 4548): [paintAfterLoad] paintAfterLoad this:0x598e4200.
11-28 17:23:39.871 D/[blink]FrameView( 4548): [updateStyleAndLayoutIfNeededRecursiveInternal] in... this:0x598e4200.
11-28 17:23:39.871 D/[blink]FrameView( 4548): [updateStyleAndLayoutIfNeededRecursiveInternal] end... this:0x598e4200.
11-28 17:23:39.872 D/BrowserWebViewClient( 4548): onPageFinished webview = com.ipanel.android_webview.shell.AwWebViewImpl[mainFrame: focused=true url=http://10.14.41.246/application/bxfc/index.htm] url = http://10.14.41.246/application/bxfc/index.htm
11-28 17:23:39.872 D/Browser ( 4548): hideIconLoading
11-28 17:23:39.872 D/[cc]ProxyMain( 4548): [BeginMainFrame] cc.BeginMainFrame this:0x9f620a10
11-28 17:23:39.872 D/[cc]LayerTreeHost( 4548): [AnimateLayers] AnimateLayers monotonic_time=3024116545
11-28 17:23:39.872 D/[blink]FrameView( 4548): [updateStyleAndLayoutIfNeededRecursiveInternal] in... this:0x598e4200.
11-28 17:23:39.872 D/[blink]FrameView( 4548): [updateStyleAndLayoutIfNeededRecursiveInternal] end... this:0x598e4200.
11-28 17:23:39.872 D/[blink]FrameView( 4548): [updateLifecyclePhasesInternal] in... this:0x598e4200, targetState=18
11-28 17:23:39.872 D/[blink]FrameView( 4548): [updateLifecyclePhasesInternal] call compositor()->updateIfNeededRecursive()!
11-28 17:23:39.872 D/[cc]LayerTree( 4548): [SetRootLayer] [LayerTree::SetRootLayer]. set needs_full_tree_sync_ = true, but not Commit!!!
11-28 17:23:39.872 D/[cc]LayerTreeHost( 4548): [SetNeedsCommit] SetNeedsCommit!this:0x9f45a2c0
11-28 17:23:39.872 D/[cc]LayerTreeHost( 4548): [SetNeedsCommit] SetNeedsCommit!this:0x9f45a2c0
11-28 17:23:39.873 D/[cc]LayerTreeHost( 4548): [SetNeedsCommit] SetNeedsCommit!this:0x9f45a2c0
11-28 17:23:39.873 D/[cc]LayerTreeHost( 4548): [SetNeedsCommit] SetNeedsCommit!this:0x9f45a2c0
11-28 17:23:39.873 D/[cc]LayerTreeHost( 4548): [SetNeedsCommit] SetNeedsCommit!this:0x9f45a2c0
11-28 17:23:39.873 D/[cc]LayerTreeHost( 4548): [SetNeedsCommit] SetNeedsCommit!this:0x9f45a2c0
11-28 17:23:39.873 D/[cc]LayerTreeHost( 4548): [SetNeedsCommit] SetNeedsCommit!this:0x9f45a2c0
11-28 17:23:39.873 D/[cc]LayerTreeHost( 4548): [SetNeedsCommit] SetNeedsCommit!this:0x9f45a2c0
11-28 17:23:39.873 D/[cc]LayerTreeHost( 4548): [SetNeedsCommit] SetNeedsCommit!this:0x9f45a2c0
11-28 17:23:39.873 D/[cc]LayerTreeHost( 4548): [SetNeedsCommit] SetNeedsCommit!this:0x9f45a2c0
11-28 17:23:39.873 D/[cc]LayerTreeHost( 4548): [SetNeedsCommit] SetNeedsCommit!this:0x9f45a2c0
11-28 17:23:39.873 D/[cc]LayerTreeHost( 4548): [SetNeedsCommit] SetNeedsCommit!this:0x9f45a2c0
11-28 17:23:39.874 D/[blink] ImagePainter( 4548): [paintReplaced] ImagePainter::paintReplaced in w=4032, h=4032.
11-28 17:23:39.874 D/[blink] ImagePainter( 4548): [paintReplaced] ImagePainter::paintReplaced out.
11-28 17:23:39.874 D/[blink] BoxPainter( 4548): [paintBoxDecorationBackgroundWithRect] BoxPainter::paintBoxDecorationBackgroundWithRect isImage=0, isLayoutImage=0
11-28 17:23:39.874 D/[blink] ImagePainter( 4548): [paintReplaced] ImagePainter::paintReplaced in w=10560, h=19648.
11-28 17:23:39.874 D/[blink] ImagePainter( 4548): [paintReplaced] ImagePainter::paintReplaced out.
11-28 17:23:39.874 D/[blink] BoxPainter( 4548): [paintBoxDecorationBackgroundWithRect] BoxPainter::paintBoxDecorationBackgroundWithRect isImage=0, isLayoutImage=0
11-28 17:23:39.874 D/[blink] ImagePainter( 4548): [paintReplaced] ImagePainter::paintReplaced in w=10560, h=19648.
11-28 17:23:39.874 D/[blink] ImagePainter( 4548): [paintReplaced] ImagePainter::paintReplaced out.
11-28 17:23:39.874 D/[blink] BoxPainter( 4548): [paintBoxDecorationBackgroundWithRect] BoxPainter::paintBoxDecorationBackgroundWithRect isImage=0, isLayoutImage=0
11-28 17:23:39.874 D/[blink] BoxPainter( 4548): [paintBoxDecorationBackgroundWithRect] BoxPainter::paintBoxDecorationBackgroundWithRect isImage=0, isLayoutImage=0
11-28 17:23:39.874 D/[blink] ImagePainter( 4548): [paintReplaced] ImagePainter::paintReplaced in w=10560, h=19648.
11-28 17:23:39.874 D/[blink] ImagePainter( 4548): [paintReplaced] ImagePainter::paintReplaced out.
11-28 17:23:39.874 D/[blink] ImagePainter( 4548): [paintReplaced] ImagePainter::paintReplaced in w=11200, h=10240.
11-28 17:23:39.874 D/[blink] ImagePainter( 4548): [paintReplaced] ImagePainter::paintReplaced out.
11-28 17:23:39.874 D/[blink] ImagePainter( 4548): [paintReplaced] ImagePainter::paintReplaced in w=11008, h=10240.
11-28 17:23:39.874 D/[blink] ImagePainter( 4548): [paintReplaced] ImagePainter::paintReplaced out.
11-28 17:23:39.874 D/[blink] ImagePainter( 4548): [paintReplaced] ImagePainter::paintReplaced in w=11200, h=10240.
11-28 17:23:39.874 D/[blink] ImagePainter( 4548): [paintReplaced] ImagePainter::paintReplaced out.
11-28 17:23:39.874 D/[blink] ImagePainter( 4548): [paintReplaced] ImagePainter::paintReplaced in w=11200, h=10240.
11-28 17:23:39.874 D/[blink] ImagePainter( 4548): [paintReplaced] ImagePainter::paintReplaced out.
11-28 17:23:39.874 D/[blink] ImagePainter( 4548): [paintReplaced] ImagePainter::paintReplaced in w=11008, h=10240.
11-28 17:23:39.874 D/[blink] ImagePainter( 4548): [paintReplaced] ImagePainter::paintReplaced out.
11-28 17:23:39.874 D/[blink] ImagePainter( 4548): [paintReplaced] ImagePainter::paintReplaced in w=11200, h=10240.
11-28 17:23:39.874 D/[blink] ImagePainter( 4548): [paintReplaced] ImagePainter::paintReplaced out.
11-28 17:23:39.874 D/[blink] ImagePainter( 4548): [paintReplaced] ImagePainter::paintReplaced in w=22528, h=2176.
11-28 17:23:39.874 D/[blink] ImagePainter( 4548): [paintReplaced] ImagePainter::paintReplaced out.
11-28 17:23:39.874 D/[blink] ImagePainter( 4548): [paintReplaced] ImagePainter::paintReplaced in w=34624, h=19648.
11-28 17:23:39.874 D/[blink] ImagePainter( 4548): [paintReplaced] ImagePainter::paintReplaced out.
11-28 17:23:39.874 D/[blink] BoxPainter( 4548): [paintBoxDecorationBackgroundWithRect] BoxPainter::paintBoxDecorationBackgroundWithRect isImage=0, isLayoutImage=0
11-28 17:23:39.875 D/[blink] BoxPainter( 4548): [paintBoxDecorationBackgroundWithRect] BoxPainter::paintBoxDecorationBackgroundWithRect isImage=0, isLayoutImage=0
11-28 17:23:39.875 D/[blink] BoxPainter( 4548): [paintBoxDecorationBackgroundWithRect] BoxPainter::paintBoxDecorationBackgroundWithRect isImage=0, isLayoutImage=0
11-28 17:23:39.875 D/[blink] BoxPainter( 4548): [paintBoxDecorationBackgroundWithRect] BoxPainter::paintBoxDecorationBackgroundWithRect isImage=0, isLayoutImage=0
11-28 17:23:39.875 D/[blink] ImagePainter( 4548): [paintReplaced] ImagePainter::paintReplaced in w=4032, h=4032.
11-28 17:23:39.875 D/[blink] ImagePainter( 4548): [paintReplaced] ImagePainter::paintReplaced out.
11-28 17:23:39.875 D/ResourceLoader( 4548): [ResponseCompleted] finish request 0xb4bed880 url='http://172.16.242.166:12690/account/user/get_list?deviceno=8150010316662691&devicetype=2&pageidx=1&pagenum=10'
11-28 17:23:39.875 D/[blink]FrameView( 4548): [updateLifecyclePhasesInternal] end... this:0x598e4200
11-28 17:23:39.876 D/[blink]ResourceFetcher( 4548): [didFailLoading] error=-7 url=http://172.16.242.166:13160/recommend/get_recommend_by_label?accesstoken=R5A1D202BU20850029K53724E0DIA6230E0AP8M2FAF083WDC011B88FB1&label=286&pageidx=0&pagenum=3&depth=1.
11-28 17:23:39.876 D/[blink]memoryCache( 4548): [evict] remove:http://172.16.242.166:13160/recommend/get_recommend_by_label?accesstoken=R5A1D202BU20850029K53724E0DIA6230E0AP8M2FAF083WDC011B88FB1&label=286&pageidx=0&pagenum=3&depth=1
11-28 17:23:39.877 D/V8ScriptRunner( 4548): [callFunction] start. frame = 0x25e6bdb8 function: xmlHttp.onreadystatechange url: http://10.14.41.246/application/bxfc/js/common.js line: 450
11-28 17:23:39.879 D/V8      ( 4548): [NewError] [V8] Factory::NewError: Unexpected token )
11-28 17:23:39.879 D/V8      ( 4548): [ThrowPendingError] [V8] JS Throw: ThrowPendingError, ../../v8/src/pending-compilation-error-handler.cc(66)
11-28 17:23:39.879 D/V8      ( 4548): [Throw] [V8] Isolate::Throw!
11-28 17:23:39.879 D/V8      ( 4548): [CompileGlobalEval] [V8] exception ASSIGN_RETURN_ON_EXCEPTION_VALUE: CompileGlobalEval, ../../v8/src/runtime/runtime-compiler.cc(442)
11-28 17:23:39.879 D/ChromeClientImpl( 4548): [addMessageToConsole] [ERROR:CONSOLE(1)] "Uncaught SyntaxError: Unexpected token )", source:http://10.14.41.246/application/bxfc/index.htm (1)
11-28 17:23:39.879 D/V8ScriptRunner( 4548): [callFunction] end. frame = 0x25e6bdb8 function: xmlHttp.onreadystatechange url: http://10.14.41.246/application/bxfc/js/common.js line: 450
11-28 17:23:39.879 D/webcoreBridge( 4548): #4584 execJS frameName='eventFrame' jscore='iPanel.dispatchMessage(32774,5974,1);'
11-28 17:23:39.879 D/webcoreBridge( 4548): execJS-->frame:0x25e61a48 focusFrame=0x25e6bdb8 focusFrame.script=0x41ca6770
11-28 17:23:39.879 D/webcoreBridge( 4548): execJS-->executeScript frame=0x25e61a48 script=0x41ca1988
11-28 17:23:39.879 D/ScriptController( 4548): [executeScriptAndReturnValue] [V8] evaluate Script start. frame=0x25e61a48 url= line=1. source length=37
11-28 17:23:39.880 D/iPanel  ( 4548): iPanel.debug("dispatchMessage:msg: 32774,5974,1")
11-28 17:23:39.880 D/iPanel  ( 4548): get getFocusedOrMainFrame
11-28 17:23:39.880 D/iPanel  ( 4548): getFrameByName 'eventFrame' frame=0x25e61a48 window=0x25e626f8
11-28 17:23:39.880 D/iPanel  ( 4548): getFrameByName 'mainFrame' frame=0x25e6bdb8 window=0x25f48070
11-28 17:23:39.880 D/iPanel  ( 4548): iPanel.debug("dispatchMessage:iPanel.getFocusedOrMainFrame = http://10.14.41.246/application/bxfc/index.htm")
11-28 17:23:39.880 D/iPanel  ( 4548): iPanel.debug("dispatchMessage:frame num: 2, keyEvent:system")
11-28 17:23:39.880 D/iPanel  ( 4548): iPanel.debug("dispatchMessage:#2. proc event 5974. url: http://10.14.41.246/application/bxfc/index.htm")
11-28 17:23:39.880 D/iPanel  ( 4548): iPanel.debug("w=[object Window], document=[object HTMLDocument], keyCode=5974, modifiers=1, keyEvent=system")
11-28 17:23:39.880 D/iPanel  ( 4548): iPanel.debug("onsystemevent is not listening")
11-28 17:23:39.880 D/iPanel  ( 4548): iPanel.debug("ret: true")
11-28 17:23:39.880 D/iPanel  ( 4548): iPanel.debug("dispatchMessage:#1. proc event 5974. url: ui:///eventpage.htm?ipanelcmd-name=eventFrame&script=ui:///ipanel.js")
11-28 17:23:39.880 D/iPanel  ( 4548): iPanel.debug("w=[object Window], document=[object HTMLDocument], keyCode=5974, modifiers=1, keyEvent=system")
11-28 17:23:39.881 D/iPanel  ( 4548): iPanel.debug("iPanelDealMsg event handler: (function(){	window.event = {		'which': 5974,		'keyCode': 5974,		'modifiers': 1,		'prevented': false,		'preventDefault': function() {			this.prevented = true;		}	};	var ret = document.onsystemevent(window.event);	if (window.event.prevented) return false;	return ret;})();")
11-28 17:23:39.881 D/iPanel  ( 4548): dom=0x25e626f8 code=(function(){	window.event = {		'which': 5974,		'keyCode': 5974,		'modifiers': 1,		'prevented': false,		'preventDefault': function() {			this.prevented = true;		}	};	var ret = document.onsystemevent(window.event);	if (window.event.prevented) return false;	return ret;})();
11-28 17:23:39.881 D/webcore ( 4548): [execEventJS] code=(function(){	window.event = {		'which': 5974,		'keyCode': 5974,		'modifiers': 1,		'prevented': false,		'preventDefault': function() {			this.prevented = true;		}	};	var ret = document.onsystemevent(window.event);	if (window.event.prevented) return false;	return ret;})();
11-28 17:23:39.881 D/webcore ( 4548): [execEventJS] focusedOrMainFrame=ui:///eventpage.htm?ipanelcmd-name=eventFrame&script=ui:///ipanel.js
11-28 17:23:39.881 D/ScriptController( 4548): [executeScriptAndReturnValue] [V8] evaluate Script start. frame=0x25e61a48 url= line=1. source length=271
11-28 17:23:39.881 D/ScriptController( 4548): [executeScriptAndReturnValue] [V8] compile Script end. frame=0x25e61a48 
11-28 17:23:39.882 D/iPanel  ( 4548): iPanel.debug("eventpage grabEvent")
11-28 17:23:39.882 D/iPanel  ( 4548): getFrameByName 'mainFrame' frame=0x25e6bdb8 window=0x25f48070
11-28 17:23:39.882 D/iPanel  ( 4548): iPanel.debug("--zjh-- url = http://10.14.41.246/application/bxfc/index.htm  keycode = 5974")
11-28 17:23:39.882 D/iPanel  ( 4548): iPanel.debug("eventpage.htm args.type==true")
11-28 17:23:39.882 D/iPanel  ( 4548): iPanel.debug("eventpage grabEvent eventObj==[object Object]")
11-28 17:23:39.882 D/iPanel  ( 4548): iPanel.debug("eventpage eventObj.code = EIS_MISC_HTML_OPEN_FINISHED")
11-28 17:23:39.882 D/iPanel  ( 4548): iPanel.debug("eventpage keyValue = 5974--p2:1")
11-28 17:23:39.882 D/iPanel  ( 4548): iPanel.debug("eventHandler---keycode==5974,p2=1")
11-28 17:23:39.882 D/ScriptController( 4548): [executeScriptAndReturnValue] [V8] evaluate Script end. frame=0x25e61a48 
11-28 17:23:39.882 D/webcore ( 4548): [execEventJS] ret=0
11-28 17:23:39.882 D/iPanel  ( 4548): ret=0
11-28 17:23:39.882 D/iPanel  ( 4548): iPanel.debug("ret: false")
11-28 17:23:39.882 D/iPanel  ( 4548): iPanel.debug("dispatchMessage:end")
11-28 17:23:39.882 D/ScriptController( 4548): [executeScriptAndReturnValue] [V8] evaluate Script end. frame=0x25e61a48 
11-28 17:23:39.882 D/webcoreBridge( 4548): execJS-->executeScript frame=0x25e61a48 end.
11-28 17:23:39.882 D/[blink]ResourceFetcher( 4548): [didFailLoading] error=-7 url=http://172.16.242.166:12690/account/user/get_list?deviceno=8150010316662691&devicetype=2&pageidx=1&pagenum=10.
11-28 17:23:39.882 D/[blink]memoryCache( 4548): [evict] remove:http://172.16.242.166:12690/account/user/get_list?deviceno=8150010316662691&devicetype=2&pageidx=1&pagenum=10
11-28 17:23:39.883 D/V8ScriptRunner( 4548): [callFunction] start. frame = 0x25e6bdb8 function: xmlHttp.onreadystatechange url: http://10.14.41.246/application/bxfc/js/common.js line: 145
11-28 17:23:39.884 D/V8ScriptRunner( 4548): [callFunction] end. frame = 0x25e6bdb8 function: xmlHttp.onreadystatechange url: http://10.14.41.246/application/bxfc/js/common.js line: 145
11-28 17:23:39.961 I/Advanced( 4548): [QUEUE] share_queue_sendEx size:1 4097 6606 0x8ec69fd0,postLoopId:0,dstid:1.
11-28 17:23:39.965 V/PT      ( 1581): >>INFO:irkey_task:[    3024.240534] /dev/input/event0: type=0001 code=009e val=00000000
11-28 17:23:39.965 V/PT      ( 1581): >>INFO:irkey_send:0x3001 0x1000 up  
11-28 17:23:39.965 V/SUMA    ( 1581): ++++++++++++++  _roc_evtmgr_key_cbk 517:input = 12289, event=4096, act=0x400
11-28 17:23:39.965 V/SUMA    ( 1581): lxm:_roc_evtmgr_key_cbk 519 3024240
11-28 17:23:39.965 V/SUMA    ( 1581): lxm:_roc_evtmgr_add_key_into_queue 311 3024240
11-28 17:23:39.965 V/PT      ( 1581): >>INFO:irkey_task:[    3024.240534] /dev/input/event0: type=0000 code=0000 val=00000000
11-28 17:23:39.965 V/SUMA    ( 1581): ===================>> type=0 src=0 evt=4096 act=0x400
11-28 17:23:39.965 V/SUMA    ( 1581): [sysset-s][event_manager_cbk 78]lxm cbid=1, cbk_reg=1, cpid=2464
11-28 17:23:39.965 D/ir_user ( 1585): PlayerTimeLineTrace:linux_keycode:0x9e(UP),	protocol: .
11-28 17:23:39.965 D/NGBEvent( 2464): ngbEventCallBack type:0 source :4096
11-28 17:23:39.965 D/NGBEvent( 2464): [NGBEventManager-JNI]-returning:1
11-28 17:23:39.965 D/NGBEvent( 2464): Input key event: keyCode=4096
11-28 17:23:39.965 D/NGBEvent( 2464): src:4096 = dest:4096
11-28 17:23:39.965 I/System.out( 2464): [DEBUG EventManager] LWJ--Add event to java with evt=NgbEvent-[type = 1, subtype = 402, code = 4096]
11-28 17:23:39.965 D/NGBEvent( 2464): [NGBEvent_log]--[EventManager--JNI]:		start
11-28 17:23:39.965 I/System.out( 2464): [DEBUG EventManager] broadcastEvent  :len 1
11-28 17:23:39.965 D/RemoteIME( 2350): RemoteIME--> onKeyUp keyCode = 4
11-28 17:23:39.965 D/KeyEventNgbDealer( 2464): [TN_pool-1-thread-1]handleKeyReleased keyEvent=NgbEvent-[type = 1, subtype = 402, code = 4096],time=3024241
11-28 17:23:39.966 D/cr_AwTestContainerView( 4548): [AwTestContainerView.java:63] [mainFrame]: [2017-11-21 17:52:03] dispatchKeyEvent keyCode = 4 event = KeyEvent { action=ACTION_UP, keyCode=KEYCODE_BACK, scanCode=158, metaState=0, flags=0x8, repeatCount=0, eventTime=3024240, downTime=3024031, deviceId=4, source=0x701 }
11-28 17:23:39.966 D/ImeAdapterAndroid( 4548): [SendKeyEvent] [BUILD TIME: ] dispatchKeyEvent key_code=4 modifiers=0 unicode_char=0 scan_code=158 is_system=0 tm=3024240
11-28 17:23:39.966 D/RenderWidgetInputHandler( 4548): [HandleInputEvent] input_event type=9 name=KeyUp
11-28 17:23:39.966 D/RenderWidgetInputHandler( 4548): [HandleInputEvent] key_event.nativeKeyCode:4,widget_->GetTextInputType():0
11-28 17:23:39.966 D/RenderWidgetInputHandler( 4548): [HandleInputEvent] input_event type=9 prevent_default:0
11-28 17:23:39.966 D/WebViewImpl( 4548): [handleKeyEvent] keycode:166, eventType:9 native keycode:4 frame=0x25e6bdb8. url='http://10.14.41.246/application/bxfc/index.htm'.
11-28 17:23:39.966 D/[blink]KeyboardEventManager( 4548): [keyEvent] initialKeyEvent KeyUp nativeKeyCode=4 windowsKeyCode=166 text[0]=0
11-28 17:23:39.966 D/[blink]KeyboardEventManager( 4548): [keyEvent] initialKeyEvent focusedNode=0x0
11-28 17:23:40.158 D/BackBootDealerNeimeng( 2401): standbyState:
11-28 17:23:40.159 E/NetUtils( 2029): Interface eth0 LinkUp!
11-28 17:23:40.162 I/Advanced( 4548): [QUEUE] share_queue_sendEx size:1 4097 6607 0x8ec69fd0,postLoopId:0,dstid:1.
11-28 17:23:40.322 I/AdvancedPorting-PORT_MODULE_NET( 4548): network_task while... 
11-28 17:23:40.322 I/AdvancedPorting-PORT_MODULE_NET( 4548): 0 interface name: lo
11-28 17:23:40.322 I/AdvancedPorting-PORT_MODULE_NET( 4548): 1 interface name: eth0
11-28 17:23:40.322 I/AdvancedPorting-PORT_MODULE_NET( 4548): 2 interface name: wlan0
11-28 17:23:40.322 I/AdvancedPorting-PORT_MODULE_NET( 4548): First interface name: lo
11-28 17:23:40.322 I/AdvancedPorting-PORT_MODULE_NET( 4548): network_task while...  net_i:1
11-28 17:23:40.322 I/AdvancedPorting-PORT_MODULE_NET( 4548): network_task while---name_interface[0]=lo
11-28 17:23:40.322 I/AdvancedPorting-PORT_MODULE_NET( 4548): network_task while---name_interface[1]=eth0
11-28 17:23:40.322 I/AdvancedPorting-PORT_MODULE_NET( 4548): network_task while---interface_name=eth0
11-28 17:23:40.322 I/AdvancedPorting-PORT_MODULE_NET( 4548): network_get_netlink_status(in)--if_name=eth0
11-28 17:23:40.322 I/AdvancedPorting-PORT_MODULE_NET( 4548): net.network.isconnected = no
11-28 17:23:40.322 I/AdvancedPorting-PORT_MODULE_NET( 4548): eth0 --network_get_netlink_status return retval=1
11-28 17:23:40.323 I/AdvancedPorting-PORT_MODULE_NET( 4548): stat = 1 last_status = 1
11-28 17:23:40.362 I/Advanced( 4548): [QUEUE] share_queue_sendEx size:1 4097 6608 0x8ec69fd0,postLoopId:0,dstid:1.
11-28 17:23:40.562 I/Advanced( 4548): [QUEUE] share_queue_sendEx size:1 4097 6609 0x8ec69fd0,postLoopId:0,dstid:1.
11-28 17:23:40.659 D/BackBootDealerNeimeng( 2401): standbyState:
11-28 17:23:40.660 E/NetUtils( 2029): Interface eth0 LinkUp!
11-28 17:23:40.677 W/ContextImpl( 2401): Calling a method in the system process without a qualified user: android.app.ContextImpl.sendBroadcast:1345 android.content.ContextWrapper.sendBroadcast:377 com.suma.midware.back.esg.e.f:-1 com.suma.midware.back.esg.f.run:-1 com.suma.midware.prop.util.c.run:-1 
11-28 17:23:40.763 I/Advanced( 4548): [QUEUE] share_queue_sendEx size:1 4097 6610 0x8ec69fd0,postLoopId:0,dstid:1.
11-28 17:23:40.782 V/PT      ( 1581): >>INFO:irkey_task:[    3025.058308] /dev/input/event0: type=0001 code=001c val=00000001
11-28 17:23:40.783 V/PT      ( 1581): >>INFO:irkey_send:0x3001 0x1001 down
11-28 17:23:40.783 V/SUMA    ( 1581): ++++++++++++++  _roc_evtmgr_key_cbk 517:input = 12289, event=4097, act=0x100
11-28 17:23:40.783 V/SUMA    ( 1581): lxm:_roc_evtmgr_key_cbk 519 3025058
11-28 17:23:40.783 V/SUMA    ( 1581): lxm:_roc_evtmgr_add_evt_into_queue 347 3025058
11-28 17:23:40.783 D/ir_user ( 1585): PlayerTimeLineTrace:linux_keycode:0x1c(DOWN),	protocol: .
11-28 17:23:40.783 V/SUMA    ( 1581): ===================>> type=0 src=0 evt=4097 act=0x100
11-28 17:23:40.783 V/PT      ( 1581): >>INFO:irkey_task:[    3025.058308] /dev/input/event0: type=0000 code=0000 val=00000000
11-28 17:23:40.783 V/SUMA    ( 1581): [sysset-s][event_manager_cbk 78]lxm cbid=1, cbk_reg=1, cpid=2464
11-28 17:23:40.784 D/NGBEvent( 2464): ngbEventCallBack type:0 source :4097
11-28 17:23:40.784 D/NGBEvent( 2464): [NGBEventManager-JNI]-returning:1
11-28 17:23:40.784 D/NGBEvent( 2464): Input key event: keyCode=4097
11-28 17:23:40.784 D/NGBEvent( 2464): src:4097 = dest:4097
11-28 17:23:40.784 I/System.out( 2464): [DEBUG EventManager] LWJ--Add event to java with evt=NgbEvent-[type = 1, subtype = 401, code = 4097]
11-28 17:23:40.784 D/NGBEvent( 2464): [NGBEvent_log]--[EventManager--JNI]:		start
11-28 17:23:40.784 I/System.out( 2464): [DEBUG EventManager] broadcastEvent  :len 1
11-28 17:23:40.784 D/CombineKeyUtil( 2464): [TN_pool-1-thread-1]dealKeyEvent,combineIndex:-1:keyCode:23
11-28 17:23:40.785 D/KeyEventNgbDealer( 2464): [TN_pool-1-thread-1]handleKeyPressed keyEvent=NgbEvent-[type = 1, subtype = 401, code = 4097],time=3025060
11-28 17:23:40.785 D/RemoteIME( 2350): onKeyDown event = KeyEvent { action=ACTION_DOWN, keyCode=KEYCODE_DPAD_CENTER, scanCode=28, metaState=0, flags=0x8, repeatCount=0, eventTime=3025058, downTime=3025058, deviceId=4, source=0x701 },mSkbContainer=null
11-28 17:23:40.786 D/cr_AwTestContainerView( 4548): [AwTestContainerView.java:63] [mainFrame]: [2017-11-21 17:52:03] dispatchKeyEvent keyCode = 23 event = KeyEvent { action=ACTION_DOWN, keyCode=KEYCODE_DPAD_CENTER, scanCode=28, metaState=0, flags=0x8, repeatCount=0, eventTime=3025058, downTime=3025058, deviceId=4, source=0x701 }
11-28 17:23:40.786 D/ImeAdapterAndroid( 4548): [SendKeyEvent] [BUILD TIME: ] dispatchKeyEvent key_code=23 modifiers=0 unicode_char=0 scan_code=28 is_system=0 tm=3025058
11-28 17:23:40.787 D/RenderWidgetInputHandler( 4548): [HandleInputEvent] input_event type=8 name=KeyDown
11-28 17:23:40.787 D/RenderWidgetInputHandler( 4548): [HandleInputEvent] key_event.nativeKeyCode:23,widget_->GetTextInputType():0
11-28 17:23:40.787 D/RenderWidgetInputHandler( 4548): [HandleInputEvent] input_event type=8 prevent_default:0
11-28 17:23:40.787 D/WebViewImpl( 4548): [handleKeyEvent] keycode:13, eventType:8 native keycode:23 frame=0x25e6bdb8. url='http://10.14.41.246/application/bxfc/index.htm'.
11-28 17:23:40.788 D/[blink]KeyboardEventManager( 4548): [keyEvent] initialKeyEvent KeyDown nativeKeyCode=23 windowsKeyCode=13 text[0]=13
11-28 17:23:40.788 D/[blink]KeyboardEventManager( 4548): [keyEvent] initialKeyEvent focusedNode=0x0
11-28 17:23:40.790 D/V8ScriptRunner( 4548): [callFunction] start. frame = 0x25e6bdb8 function: eventHandler url: http://10.14.41.246/application/bxfc/index.htm line: 151
11-28 17:23:40.791 D/base::KeyConverter( 4548): [get] convert 23 => -1.
11-28 17:23:40.794 D/iPanel  ( 4548): iPanel.debug("iPanel.setGlobalVar : name = nmcfMenuPos value = 2")
11-28 17:23:40.794 D/iPanel  ( 4548): iPanel.debug("iPanel.misc.save undefined")
11-28 17:23:40.795 D/iPanel  ( 4548): iPanel.debug("iPanel.misc.save end")
11-28 17:23:40.795 D/iPanel  ( 4548): iPanel.debug("iPanel.setGlobalVar : name = nmcfToken value = R5A1D202BU20850029K53724E0DIA6230E0AP8M2FAF083WDC011B88FB1")
11-28 17:23:40.795 D/iPanel  ( 4548): iPanel.debug("iPanel.misc.save undefined")
11-28 17:23:40.795 D/iPanel  ( 4548): iPanel.debug("iPanel.misc.save end")
11-28 17:23:40.796 D/iPanel  ( 4548): iPanel.debug("iPanel.setGlobalVar : name = nmcfAssetId value = 286")
11-28 17:23:40.796 D/iPanel  ( 4548): iPanel.debug("iPanel.misc.save undefined")
11-28 17:23:40.796 D/iPanel  ( 4548): iPanel.debug("iPanel.misc.save end")
11-28 17:23:40.796 D/[blink]Location( 4548): [setLocation] m_frame=0x25e6bdb8 location.href completedURL=http://10.14.41.246/application/bxfc/sec/index.htm
11-28 17:23:40.796 D/[blink]NavigationScheduler( 4548): [scheduleLocationChange] frame=0x25e6bdb8 url=http://10.14.41.246/application/bxfc/sec/index.htm
11-28 17:23:40.796 D/V8ScriptRunner( 4548): [callFunction] end. frame = 0x25e6bdb8 function: eventHandler url: http://10.14.41.246/application/bxfc/index.htm line: 151
11-28 17:23:40.796 D/[blink]KeyboardEventManager( 4548): [keyEvent] dispatchResult = CanceledByEventHandler
11-28 17:23:40.797 D/[blink]FrameLoader( 4548): [load] load request isLoadingMainFrame=1, url:http://10.14.41.246/application/bxfc/sec/index.htm
11-28 17:23:40.797 D/FrameLoaderClientImpl( 4548): [didStartLoading] start load url:http://10.14.41.246/application/bxfc/sec/index.htm, isMainframe=1, frame=0x25e6bdb8. parent=null
11-28 17:23:40.797 D/Browser ( 4548): postProgressNotification type=0
11-28 17:23:40.797 D/[blink]FrameView( 4548): [setCanPaint] this:0x598e4200, setCanPaint old canpaint=1, new canpaint=0 .
11-28 17:23:40.798 D/[blink]ResourceFetcher( 4548): [requestResource] url=http://10.14.41.246/application/bxfc/sec/index.htm.
11-28 17:23:40.798 D/url     ( 4548): [DoResolveRelative] [WEB] DoResolveRelative Error resolving.
11-28 17:23:40.798 D/[blink]DocumentLoader( 4548): [startLoadingMainResource]  load main resource:http://10.14.41.246/application/bxfc/sec/index.htm
11-28 17:23:40.798 D/webcoreBridge( 4548): #4584 execJS frameName='eventFrame' jscore='iPanel.dispatchMessage(32774,5975,1);'
11-28 17:23:40.798 D/webcoreBridge( 4548): execJS-->frame:0x25e61a48 focusFrame=0x25e6bdb8 focusFrame.script=0x41ca6770
11-28 17:23:40.798 D/webcoreBridge( 4548): execJS-->executeScript frame=0x25e61a48 script=0x41ca1988
11-28 17:23:40.798 D/ScriptController( 4548): [executeScriptAndReturnValue] [V8] evaluate Script start. frame=0x25e61a48 url= line=1. source length=37
11-28 17:23:40.798 D/ResourceLoader( 4548): [StartRequest] start request 0xb4bed880 url='http://10.14.41.246/application/bxfc/sec/index.htm'
11-28 17:23:40.798 D/iPanel  ( 4548): iPanel.debug("dispatchMessage:msg: 32774,5975,1")
11-28 17:23:40.799 D/BrowserWebViewClient( 4548): onPageStarted webview = com.ipanel.android_webview.shell.AwWebViewImpl[mainFrame: focused=true url=http://10.14.41.246/application/bxfc/index.htm] url = http://10.14.41.246/application/bxfc/sec/index.htm
11-28 17:23:40.799 D/Browser ( 4548): showIconLoading
11-28 17:23:40.799 D/AwRequestInterceptor( 4548): [MaybeInterceptRequest] request=0xb4bed880
11-28 17:23:40.799 D/iPanel  ( 4548): get getFocusedOrMainFrame
11-28 17:23:40.799 D/iPanel  ( 4548): getFrameByName 'eventFrame' frame=0x25e61a48 window=0x25e626f8
11-28 17:23:40.799 D/iPanel  ( 4548): getFrameByName 'mainFrame' frame=0x25e6bdb8 window=0x25f48070
11-28 17:23:40.799 D/iPanel  ( 4548): iPanel.debug("dispatchMessage:iPanel.getFocusedOrMainFrame = http://10.14.41.246/application/bxfc/index.htm")
11-28 17:23:40.799 D/iPanel  ( 4548): iPanel.debug("dispatchMessage:frame num: 2, keyEvent:system")
11-28 17:23:40.799 D/cr_AwContents( 4548): [AwContents.java:520] BackgroundThreadClientImpl shouldInterceptRequest url = http://10.14.41.246/application/bxfc/sec/index.htm
11-28 17:23:40.799 D/iPanel  ( 4548): iPanel.debug("dispatchMessage:#2. proc event 5975. url: http://10.14.41.246/application/bxfc/index.htm")
11-28 17:23:40.799 D/cr_AwNullContentsClient( 4548): [AwNullContentsClient.java:59] shouldInterceptRequest url=http://10.14.41.246/application/bxfc/sec/index.htm
11-28 17:23:40.799 D/BrowserWebViewClient( 4548): intercept request :http://10.14.41.246/application/bxfc/sec/index.htm
11-28 17:23:40.799 D/iPanel  ( 4548): iPanel.debug("w=[object Window], document=[object HTMLDocument], keyCode=5975, modifiers=1, keyEvent=system")
11-28 17:23:40.799 D/iPanel  ( 4548): iPanel.debug("onsystemevent is not listening")
11-28 17:23:40.799 D/iPanel  ( 4548): iPanel.debug("ret: true")
11-28 17:23:40.799 D/iPanel  ( 4548): iPanel.debug("dispatchMessage:#1. proc event 5975. url: ui:///eventpage.htm?ipanelcmd-name=eventFrame&script=ui:///ipanel.js")
11-28 17:23:40.799 D/iPanel  ( 4548): iPanel.debug("w=[object Window], document=[object HTMLDocument], keyCode=5975, modifiers=1, keyEvent=system")
