11-28 17:38:44.609 I/AdvancedPorting-PORT_MODULE_NET( 3082): network_task while... 
11-28 17:38:44.609 I/AdvancedPorting-PORT_MODULE_NET( 3082): 0 interface name: lo
11-28 17:38:44.609 I/AdvancedPorting-PORT_MODULE_NET( 3082): 1 interface name: eth0
11-28 17:38:44.609 I/AdvancedPorting-PORT_MODULE_NET( 3082): 2 interface name: wlan0
11-28 17:38:44.609 I/AdvancedPorting-PORT_MODULE_NET( 3082): First interface name: lo
11-28 17:38:44.609 I/AdvancedPorting-PORT_MODULE_NET( 3082): network_task while...  net_i:1
11-28 17:38:44.609 I/AdvancedPorting-PORT_MODULE_NET( 3082): network_task while---name_interface[0]=lo
11-28 17:38:44.609 I/AdvancedPorting-PORT_MODULE_NET( 3082): network_task while---name_interface[1]=eth0
11-28 17:38:44.609 I/AdvancedPorting-PORT_MODULE_NET( 3082): network_task while---interface_name=eth0
11-28 17:38:44.609 I/AdvancedPorting-PORT_MODULE_NET( 3082): network_get_netlink_status(in)--if_name=eth0
11-28 17:38:44.609 I/AdvancedPorting-PORT_MODULE_NET( 3082): net.network.isconnected = no
11-28 17:38:44.609 I/AdvancedPorting-PORT_MODULE_NET( 3082): eth0 --network_get_netlink_status return retval=1
11-28 17:38:44.609 I/AdvancedPorting-PORT_MODULE_NET( 3082): stat = 1 last_status = 1
11-28 17:38:44.980 D/BackBootDealerNeimeng( 2383): standbyState:
11-28 17:38:44.981 E/NetUtils( 2031): Interface eth0 LinkUp!
11-28 17:38:45.481 D/BackBootDealerNeimeng( 2383): standbyState:
11-28 17:38:45.482 E/NetUtils( 2031): Interface eth0 LinkUp!
11-28 17:38:45.542 I/Advanced( 3082): [QUEUE] share_queue_sendEx size:1 4097 574 0x8fde4a48,postLoopId:0,dstid:1.
11-28 17:38:45.609 I/AdvancedPorting-PORT_MODULE_NET( 3082): network_task while... 
11-28 17:38:45.609 I/AdvancedPorting-PORT_MODULE_NET( 3082): 0 interface name: lo
11-28 17:38:45.609 I/AdvancedPorting-PORT_MODULE_NET( 3082): 1 interface name: eth0
11-28 17:38:45.609 I/AdvancedPorting-PORT_MODULE_NET( 3082): 2 interface name: wlan0
11-28 17:38:45.609 I/AdvancedPorting-PORT_MODULE_NET( 3082): First interface name: lo
11-28 17:38:45.610 I/AdvancedPorting-PORT_MODULE_NET( 3082): network_task while...  net_i:1
11-28 17:38:45.610 I/AdvancedPorting-PORT_MODULE_NET( 3082): network_task while---name_interface[0]=lo
11-28 17:38:45.610 I/AdvancedPorting-PORT_MODULE_NET( 3082): network_task while---name_interface[1]=eth0
11-28 17:38:45.610 I/AdvancedPorting-PORT_MODULE_NET( 3082): network_task while---interface_name=eth0
11-28 17:38:45.610 I/AdvancedPorting-PORT_MODULE_NET( 3082): network_get_netlink_status(in)--if_name=eth0
11-28 17:38:45.610 I/AdvancedPorting-PORT_MODULE_NET( 3082): net.network.isconnected = no
11-28 17:38:45.610 I/AdvancedPorting-PORT_MODULE_NET( 3082): eth0 --network_get_netlink_status return retval=1
11-28 17:38:45.610 I/AdvancedPorting-PORT_MODULE_NET( 3082): stat = 1 last_status = 1
11-28 17:38:45.742 I/Advanced( 3082): [QUEUE] share_queue_sendEx size:1 4097 575 0x8fde4a48,postLoopId:0,dstid:1.
11-28 17:38:45.943 I/Advanced( 3082): [QUEUE] share_queue_sendEx size:1 4097 576 0x8fde4a48,postLoopId:0,dstid:1.
11-28 17:38:45.982 D/BackBootDealerNeimeng( 2383): standbyState:
11-28 17:38:45.983 E/NetUtils( 2031): Interface eth0 LinkUp!
11-28 17:38:46.143 I/Advanced( 3082): [QUEUE] share_queue_sendEx size:1 4097 577 0x8fde4a48,postLoopId:0,dstid:1.
11-28 17:38:46.344 I/Advanced( 3082): [QUEUE] share_queue_sendEx size:1 4097 578 0x8fde4a48,postLoopId:0,dstid:1.
11-28 17:38:46.484 D/BackBootDealerNeimeng( 2383): standbyState:
11-28 17:38:46.485 E/NetUtils( 2031): Interface eth0 LinkUp!
11-28 17:38:46.544 I/Advanced( 3082): [QUEUE] share_queue_sendEx size:1 4097 579 0x8fde4a48,postLoopId:0,dstid:1.
11-28 17:38:46.610 I/AdvancedPorting-PORT_MODULE_NET( 3082): network_task while... 
11-28 17:38:46.610 I/AdvancedPorting-PORT_MODULE_NET( 3082): 0 interface name: lo
11-28 17:38:46.610 I/AdvancedPorting-PORT_MODULE_NET( 3082): 1 interface name: eth0
11-28 17:38:46.610 I/AdvancedPorting-PORT_MODULE_NET( 3082): 2 interface name: wlan0
11-28 17:38:46.610 I/AdvancedPorting-PORT_MODULE_NET( 3082): First interface name: lo
11-28 17:38:46.610 I/AdvancedPorting-PORT_MODULE_NET( 3082): network_task while...  net_i:1
11-28 17:38:46.610 I/AdvancedPorting-PORT_MODULE_NET( 3082): network_task while---name_interface[0]=lo
11-28 17:38:46.610 I/AdvancedPorting-PORT_MODULE_NET( 3082): network_task while---name_interface[1]=eth0
11-28 17:38:46.610 I/AdvancedPorting-PORT_MODULE_NET( 3082): network_task while---interface_name=eth0
11-28 17:38:46.610 I/AdvancedPorting-PORT_MODULE_NET( 3082): network_get_netlink_status(in)--if_name=eth0
11-28 17:38:46.610 I/AdvancedPorting-PORT_MODULE_NET( 3082): net.network.isconnected = no
11-28 17:38:46.610 I/AdvancedPorting-PORT_MODULE_NET( 3082): eth0 --network_get_netlink_status return retval=1
11-28 17:38:46.610 I/AdvancedPorting-PORT_MODULE_NET( 3082): stat = 1 last_status = 1
11-28 17:38:46.744 I/Advanced( 3082): [QUEUE] share_queue_sendEx size:1 4097 580 0x8fde4a48,postLoopId:0,dstid:1.
11-28 17:38:46.945 I/Advanced( 3082): [QUEUE] share_queue_sendEx size:1 4097 581 0x8fde4a48,postLoopId:0,dstid:1.
11-28 17:38:46.985 D/BackBootDealerNeimeng( 2383): standbyState:
11-28 17:38:46.986 E/NetUtils( 2031): Interface eth0 LinkUp!
11-28 17:38:47.004 E/WifiStateMachine( 2031): WifiStateMachine CMD_START_SCAN source -2 txSuccessRate=1.19 rxSuccessRate=3.07 targetRoamBSSID=86:79:73:a5:79:a2 RSSI=-37
11-28 17:38:47.145 I/Advanced( 3082): [QUEUE] share_queue_sendEx size:1 4097 582 0x8fde4a48,postLoopId:0,dstid:1.
11-28 17:38:47.346 I/Advanced( 3082): [QUEUE] share_queue_sendEx size:1 4097 583 0x8fde4a48,postLoopId:0,dstid:1.
11-28 17:38:47.486 D/BackBootDealerNeimeng( 2383): standbyState:
11-28 17:38:47.487 E/NetUtils( 2031): Interface eth0 LinkUp!
11-28 17:38:47.546 I/Advanced( 3082): [QUEUE] share_queue_sendEx size:1 4097 584 0x8fde4a48,postLoopId:0,dstid:1.
11-28 17:38:47.610 I/AdvancedPorting-PORT_MODULE_NET( 3082): network_task while... 
11-28 17:38:47.611 I/AdvancedPorting-PORT_MODULE_NET( 3082): 0 interface name: lo
11-28 17:38:47.611 I/AdvancedPorting-PORT_MODULE_NET( 3082): 1 interface name: eth0
11-28 17:38:47.611 I/AdvancedPorting-PORT_MODULE_NET( 3082): 2 interface name: wlan0
11-28 17:38:47.611 I/AdvancedPorting-PORT_MODULE_NET( 3082): First interface name: lo
11-28 17:38:47.611 I/AdvancedPorting-PORT_MODULE_NET( 3082): network_task while...  net_i:1
11-28 17:38:47.611 I/AdvancedPorting-PORT_MODULE_NET( 3082): network_task while---name_interface[0]=lo
11-28 17:38:47.611 I/AdvancedPorting-PORT_MODULE_NET( 3082): network_task while---name_interface[1]=eth0
11-28 17:38:47.611 I/AdvancedPorting-PORT_MODULE_NET( 3082): network_task while---interface_name=eth0
11-28 17:38:47.611 I/AdvancedPorting-PORT_MODULE_NET( 3082): network_get_netlink_status(in)--if_name=eth0
11-28 17:38:47.611 I/AdvancedPorting-PORT_MODULE_NET( 3082): net.network.isconnected = no
11-28 17:38:47.611 I/AdvancedPorting-PORT_MODULE_NET( 3082): eth0 --network_get_netlink_status return retval=1
11-28 17:38:47.611 I/AdvancedPorting-PORT_MODULE_NET( 3082): stat = 1 last_status = 1
11-28 17:38:47.746 I/Advanced( 3082): [QUEUE] share_queue_sendEx size:1 4097 585 0x8fde4a48,postLoopId:0,dstid:1.
11-28 17:38:47.947 I/Advanced( 3082): [QUEUE] share_queue_sendEx size:1 4097 586 0x8fde4a48,postLoopId:0,dstid:1.
11-28 17:38:47.987 D/BackBootDealerNeimeng( 2383): standbyState:
11-28 17:38:47.988 E/NetUtils( 2031): Interface eth0 LinkUp!
11-28 17:38:48.147 I/Advanced( 3082): [QUEUE] share_queue_sendEx size:1 4097 587 0x8fde4a48,postLoopId:0,dstid:1.
11-28 17:38:48.279 I/Com     ( 2852): run new connect
11-28 17:38:48.279 D/TR69Session GetParameterValues( 2852): getTextValue start [Device.ManagementServer.ConnectionRequestURL] and getter: com.sumavision.e.a.dg@2b462e16
11-28 17:38:48.279 D/ManagementServer( 2852): key:ConnectionRequestURL
11-28 17:38:48.279 D/GwClientType( 2852): getClientType CM_GW
11-28 17:38:48.279 D/GwUtils ( 2852): getWanIp start1111
11-28 17:38:48.279 D/GwUtils ( 2852): getWanIp ethName:eth0
11-28 17:38:48.279 D/GwUtils ( 2852): getWanIp wlanName:wlan0
11-28 17:38:48.279 D/GwUtils ( 2852): getWanIp pppoeName:ppp0
11-28 17:38:48.284 D/GwUtils ( 2852): getWanIpFromEthName addr.getHostAddress()2:fe80::4e0f:c7ff:fec3:274b%wlan0
11-28 17:38:48.284 D/GwUtils ( 2852): getWanIpFromEthName addr.getHostAddress()2:10.0.0.86
11-28 17:38:48.284 D/GwUtils ( 2852): getWanIpFromEthName addr.getHostAddress()2:::1%1
11-28 17:38:48.284 D/GwUtils ( 2852): getWanIpFromEthName addr.getHostAddress()2:127.0.0.1
11-28 17:38:48.284 D/GwUtils ( 2852): getWanIpFromEthName addr.getHostAddress()2:fe80::aaf4:70ff:fe1c:478d%eth0
11-28 17:38:48.284 D/GwUtils ( 2852): getWanIpFromEthName addr.getHostAddress()2:192.168.31.244
11-28 17:38:48.284 D/GwUtils ( 2852): getWanIp ipRes1:
11-28 17:38:48.288 D/GwUtils ( 2852): getWanIpFromEthName addr.getHostAddress()2:fe80::4e0f:c7ff:fec3:274b%wlan0
11-28 17:38:48.288 D/GwUtils ( 2852): getWanIpFromEthName addr.getHostAddress()2:10.0.0.86
11-28 17:38:48.288 D/GwUtils ( 2852): getWanIpFromEthName addr.getHostAddress()2:::1%1
11-28 17:38:48.288 D/GwUtils ( 2852): getWanIpFromEthName addr.getHostAddress()2:127.0.0.1
11-28 17:38:48.288 D/GwUtils ( 2852): getWanIpFromEthName list ---------------------eth0
11-28 17:38:48.288 D/GwUtils ( 2852): getWanIpFromEthName request ip = fe80::aaf4:70ff:fe1c:478d%eth0
11-28 17:38:48.288 D/GwUtils ( 2852): addr.getHostAddress():fe80::aaf4:70ff:fe1c:478d%eth0
11-28 17:38:48.289 D/GwUtils ( 2852): getWanIpFromEthName request ip = 192.168.31.244
11-28 17:38:48.289 D/GwUtils ( 2852): getWanIpFromEthName request ip:192.168.31.244
11-28 17:38:48.289 D/GwUtils ( 2852): getWanIp ipRes2:192.168.31.244
11-28 17:38:48.289 D/GwUtils ( 2852): getWanIp ipRes3:192.168.31.244
11-28 17:38:48.289 D/TR69Session GetParameterValues( 2852): getTextValue end
11-28 17:38:48.289 I/Com     ( 2852): run comcomcom===============http://192.168.31.244:16001/cpe
11-28 17:38:48.289 I/TR69Session( 2852): TR69Session create TR69Session with retry1
11-28 17:38:48.289 I/TR69Session( 2852): run create session
11-28 17:38:48.289 I/TR69Session( 2852): run Open session on ACS: http://tvos-tms.96066.com
11-28 17:38:48.289 I/TR69Session( 2852): run  and serverURL:http://tvos-tms.96066.com
11-28 17:38:48.289 I/TR69Session( 2852): run event number = 1
11-28 17:38:48.289 D/TR69Session( 2852): run TR069 SESSION CPE ------ 1 parameterData.getEventsArray().length = 1
11-28 17:38:48.289 D/TR69Session( 2852): run TR069 SESSION CPE ------ 2
11-28 17:38:48.289 D/Inform  ( 2852): perform start perform ------ 1
11-28 17:38:48.293 I/TR69Session( 2852): doSoapRequest start
11-28 17:38:48.293 I/TR69Session( 2852): doRequest TR069Session doRequest ------ 1
11-28 17:38:48.293 I/TR69Session( 2852): doRequest serverURL==============http://tvos-tms.96066.com
11-28 17:38:48.295 I/TR69Session( 2852): setHeaders No sessionID is present when sending msg
11-28 17:38:48.488 D/BackBootDealerNeimeng( 2383): standbyState:
11-28 17:38:48.489 E/NetUtils( 2031): Interface eth0 LinkUp!
11-28 17:38:48.557 I/Advanced( 3082): [QUEUE] share_queue_sendEx size:1 4097 589 0x8fde4a48,postLoopId:0,dstid:1.
11-28 17:38:48.611 I/AdvancedPorting-PORT_MODULE_NET( 3082): network_task while... 
11-28 17:38:48.611 I/AdvancedPorting-PORT_MODULE_NET( 3082): 0 interface name: lo
11-28 17:38:48.611 I/AdvancedPorting-PORT_MODULE_NET( 3082): 1 interface name: eth0
11-28 17:38:48.611 I/AdvancedPorting-PORT_MODULE_NET( 3082): 2 interface name: wlan0
11-28 17:38:48.611 I/AdvancedPorting-PORT_MODULE_NET( 3082): First interface name: lo
11-28 17:38:48.611 I/AdvancedPorting-PORT_MODULE_NET( 3082): network_task while...  net_i:1
11-28 17:38:48.611 I/AdvancedPorting-PORT_MODULE_NET( 3082): network_task while---name_interface[0]=lo
11-28 17:38:48.611 I/AdvancedPorting-PORT_MODULE_NET( 3082): network_task while---name_interface[1]=eth0
11-28 17:38:48.611 I/AdvancedPorting-PORT_MODULE_NET( 3082): network_task while---interface_name=eth0
11-28 17:38:48.611 I/AdvancedPorting-PORT_MODULE_NET( 3082): network_get_netlink_status(in)--if_name=eth0
11-28 17:38:48.611 I/AdvancedPorting-PORT_MODULE_NET( 3082): net.network.isconnected = no
11-28 17:38:48.611 I/AdvancedPorting-PORT_MODULE_NET( 3082): eth0 --network_get_netlink_status return retval=1
11-28 17:38:48.611 I/AdvancedPorting-PORT_MODULE_NET( 3082): stat = 1 last_status = 1
11-28 17:38:48.757 I/Advanced( 3082): [QUEUE] share_queue_sendEx size:1 4097 590 0x8fde4a48,postLoopId:0,dstid:1.
11-28 17:38:48.958 I/Advanced( 3082): [QUEUE] share_queue_sendEx size:1 4097 591 0x8fde4a48,postLoopId:0,dstid:1.
11-28 17:38:48.989 D/BackBootDealerNeimeng( 2383): standbyState:
11-28 17:38:48.990 E/NetUtils( 2031): Interface eth0 LinkUp!
11-28 17:38:49.036 D/AppUtil ( 2383): [TN_ThreadUtil-3]getActivityPkg index=0,comp=ComponentInfo{com.ipanel.android_webview.shell/com.ipanel.webapp.BrowserActivity}
11-28 17:38:49.036 D/AppKiller( 2383): [TN_ThreadUtil-3]backKill curPkgName=com.ipanel.android_webview.shell
11-28 17:38:49.036 D/AppKiller( 2383): [TN_ThreadUtil-3]backKill processName=com.starcor.mango,processInfo=android.app.ActivityManager$RunningAppProcessInfo@1a8792e8
11-28 17:38:49.036 D/AppNgbKiller( 2383): [TN_ThreadUtil-3]forceKillApp processInfoFlag=0,hasActivityFlag=4
11-28 17:38:49.037 D/AppKiller( 2383): [TN_ThreadUtil-3]backKill processName=com.yzx.im_demo,processInfo=android.app.ActivityManager$RunningAppProcessInfo@21ec6d01
11-28 17:38:49.037 D/AppNgbKiller( 2383): [TN_ThreadUtil-3]forceKillApp processInfoFlag=0,hasActivityFlag=4
11-28 17:38:49.061 I/System.out( 2383): [DEBUG SectionFilterGroup] be reaady to detach filtergroup:false
11-28 17:38:49.062 I/System.out( 2383): [DEBUG SectionFilterGroup] be reaady to detach filtergroup:false
11-28 17:38:49.158 I/Advanced( 3082): [QUEUE] share_queue_sendEx size:1 4097 592 0x8fde4a48,postLoopId:0,dstid:1.
11-28 17:38:49.491 D/BackBootDealerNeimeng( 2383): standbyState:
11-28 17:38:49.491 E/NetUtils( 2031): Interface eth0 LinkUp!
11-28 17:38:49.568 I/Advanced( 3082): [QUEUE] share_queue_sendEx size:1 4097 594 0x8fde4a48,postLoopId:0,dstid:1.
11-28 17:38:49.612 I/AdvancedPorting-PORT_MODULE_NET( 3082): network_task while... 
11-28 17:38:49.612 I/AdvancedPorting-PORT_MODULE_NET( 3082): 0 interface name: lo
11-28 17:38:49.612 I/AdvancedPorting-PORT_MODULE_NET( 3082): 1 interface name: eth0
11-28 17:38:49.612 I/AdvancedPorting-PORT_MODULE_NET( 3082): 2 interface name: wlan0
11-28 17:38:49.612 I/AdvancedPorting-PORT_MODULE_NET( 3082): First interface name: lo
11-28 17:38:49.612 I/AdvancedPorting-PORT_MODULE_NET( 3082): network_task while...  net_i:1
11-28 17:38:49.612 I/AdvancedPorting-PORT_MODULE_NET( 3082): network_task while---name_interface[0]=lo
11-28 17:38:49.612 I/AdvancedPorting-PORT_MODULE_NET( 3082): network_task while---name_interface[1]=eth0
11-28 17:38:49.612 I/AdvancedPorting-PORT_MODULE_NET( 3082): network_task while---interface_name=eth0
11-28 17:38:49.612 I/AdvancedPorting-PORT_MODULE_NET( 3082): network_get_netlink_status(in)--if_name=eth0
11-28 17:38:49.612 I/AdvancedPorting-PORT_MODULE_NET( 3082): net.network.isconnected = no
11-28 17:38:49.612 I/AdvancedPorting-PORT_MODULE_NET( 3082): eth0 --network_get_netlink_status return retval=1
11-28 17:38:49.612 I/AdvancedPorting-PORT_MODULE_NET( 3082): stat = 1 last_status = 1
11-28 17:38:49.768 I/Advanced( 3082): [QUEUE] share_queue_sendEx size:1 4097 595 0x8fde4a48,postLoopId:0,dstid:1.
11-28 17:38:49.969 I/Advanced( 3082): [QUEUE] share_queue_sendEx size:1 4097 596 0x8fde4a48,postLoopId:0,dstid:1.
11-28 17:38:49.992 D/BackBootDealerNeimeng( 2383): standbyState:
11-28 17:38:49.993 E/NetUtils( 2031): Interface eth0 LinkUp!
11-28 17:38:50.020 E/NetUtils( 2031): Interface eth0 LinkUp!
11-28 17:38:50.169 I/Advanced( 3082): [QUEUE] share_queue_sendEx size:1 4097 597 0x8fde4a48,postLoopId:0,dstid:1.
11-28 17:38:50.493 D/BackBootDealerNeimeng( 2383): standbyState:
11-28 17:38:50.494 E/NetUtils( 2031): Interface eth0 LinkUp!
11-28 17:38:50.579 I/Advanced( 3082): [QUEUE] share_queue_sendEx size:1 4097 599 0x8fde4a48,postLoopId:0,dstid:1.
11-28 17:38:50.612 I/AdvancedPorting-PORT_MODULE_NET( 3082): network_task while... 
11-28 17:38:50.612 I/AdvancedPorting-PORT_MODULE_NET( 3082): 0 interface name: lo
11-28 17:38:50.612 I/AdvancedPorting-PORT_MODULE_NET( 3082): 1 interface name: eth0
11-28 17:38:50.612 I/AdvancedPorting-PORT_MODULE_NET( 3082): 2 interface name: wlan0
11-28 17:38:50.612 I/AdvancedPorting-PORT_MODULE_NET( 3082): First interface name: lo
11-28 17:38:50.612 I/AdvancedPorting-PORT_MODULE_NET( 3082): network_task while...  net_i:1
11-28 17:38:50.612 I/AdvancedPorting-PORT_MODULE_NET( 3082): network_task while---name_interface[0]=lo
11-28 17:38:50.612 I/AdvancedPorting-PORT_MODULE_NET( 3082): network_task while---name_interface[1]=eth0
11-28 17:38:50.612 I/AdvancedPorting-PORT_MODULE_NET( 3082): network_task while---interface_name=eth0
11-28 17:38:50.612 I/AdvancedPorting-PORT_MODULE_NET( 3082): network_get_netlink_status(in)--if_name=eth0
11-28 17:38:50.612 I/AdvancedPorting-PORT_MODULE_NET( 3082): net.network.isconnected = no
11-28 17:38:50.612 I/AdvancedPorting-PORT_MODULE_NET( 3082): eth0 --network_get_netlink_status return retval=1
11-28 17:38:50.612 I/AdvancedPorting-PORT_MODULE_NET( 3082): stat = 1 last_status = 1
11-28 17:38:50.779 I/Advanced( 3082): [QUEUE] share_queue_sendEx size:1 4097 600 0x8fde4a48,postLoopId:0,dstid:1.
11-28 17:38:50.980 I/Advanced( 3082): [QUEUE] share_queue_sendEx size:1 4097 601 0x8fde4a48,postLoopId:0,dstid:1.
11-28 17:38:50.994 D/BackBootDealerNeimeng( 2383): standbyState:
11-28 17:38:50.995 E/NetUtils( 2031): Interface eth0 LinkUp!
11-28 17:38:51.180 I/Advanced( 3082): [QUEUE] share_queue_sendEx size:1 4097 602 0x8fde4a48,postLoopId:0,dstid:1.
11-28 17:38:51.380 I/Advanced( 3082): [QUEUE] share_queue_sendEx size:1 4097 603 0x8fde4a48,postLoopId:0,dstid:1.
11-28 17:38:51.495 D/BackBootDealerNeimeng( 2383): standbyState:
11-28 17:38:51.496 E/NetUtils( 2031): Interface eth0 LinkUp!
11-28 17:38:51.581 I/Advanced( 3082): [QUEUE] share_queue_sendEx size:1 4097 604 0x8fde4a48,postLoopId:0,dstid:1.
11-28 17:38:51.612 I/AdvancedPorting-PORT_MODULE_NET( 3082): network_task while... 
11-28 17:38:51.612 I/AdvancedPorting-PORT_MODULE_NET( 3082): 0 interface name: lo
11-28 17:38:51.612 I/AdvancedPorting-PORT_MODULE_NET( 3082): 1 interface name: eth0
11-28 17:38:51.612 I/AdvancedPorting-PORT_MODULE_NET( 3082): 2 interface name: wlan0
11-28 17:38:51.612 I/AdvancedPorting-PORT_MODULE_NET( 3082): First interface name: lo
11-28 17:38:51.613 I/AdvancedPorting-PORT_MODULE_NET( 3082): network_task while...  net_i:1
11-28 17:38:51.613 I/AdvancedPorting-PORT_MODULE_NET( 3082): network_task while---name_interface[0]=lo
11-28 17:38:51.613 I/AdvancedPorting-PORT_MODULE_NET( 3082): network_task while---name_interface[1]=eth0
11-28 17:38:51.613 I/AdvancedPorting-PORT_MODULE_NET( 3082): network_task while---interface_name=eth0
11-28 17:38:51.613 I/AdvancedPorting-PORT_MODULE_NET( 3082): network_get_netlink_status(in)--if_name=eth0
11-28 17:38:51.613 I/AdvancedPorting-PORT_MODULE_NET( 3082): net.network.isconnected = no
11-28 17:38:51.613 I/AdvancedPorting-PORT_MODULE_NET( 3082): eth0 --network_get_netlink_status return retval=1
11-28 17:38:51.613 I/AdvancedPorting-PORT_MODULE_NET( 3082): stat = 1 last_status = 1
11-28 17:38:51.781 I/Advanced( 3082): [QUEUE] share_queue_sendEx size:1 4097 605 0x8fde4a48,postLoopId:0,dstid:1.
11-28 17:38:51.996 D/BackBootDealerNeimeng( 2383): standbyState:
11-28 17:38:51.997 E/NetUtils( 2031): Interface eth0 LinkUp!
11-28 17:38:52.191 I/Advanced( 3082): [QUEUE] share_queue_sendEx size:1 4097 607 0x8fde4a48,postLoopId:0,dstid:1.
11-28 17:38:52.391 I/Advanced( 3082): [QUEUE] share_queue_sendEx size:1 4097 608 0x8fde4a48,postLoopId:0,dstid:1.
11-28 17:38:52.497 D/BackBootDealerNeimeng( 2383): standbyState:
11-28 17:38:52.499 E/NetUtils( 2031): Interface eth0 LinkUp!
11-28 17:38:52.592 I/Advanced( 3082): [QUEUE] share_queue_sendEx size:1 4097 609 0x8fde4a48,postLoopId:0,dstid:1.
11-28 17:38:52.613 I/AdvancedPorting-PORT_MODULE_NET( 3082): network_task while... 
11-28 17:38:52.613 I/AdvancedPorting-PORT_MODULE_NET( 3082): 0 interface name: lo
11-28 17:38:52.613 I/AdvancedPorting-PORT_MODULE_NET( 3082): 1 interface name: eth0
11-28 17:38:52.613 I/AdvancedPorting-PORT_MODULE_NET( 3082): 2 interface name: wlan0
11-28 17:38:52.613 I/AdvancedPorting-PORT_MODULE_NET( 3082): First interface name: lo
11-28 17:38:52.613 I/AdvancedPorting-PORT_MODULE_NET( 3082): network_task while...  net_i:1
11-28 17:38:52.613 I/AdvancedPorting-PORT_MODULE_NET( 3082): network_task while---name_interface[0]=lo
11-28 17:38:52.613 I/AdvancedPorting-PORT_MODULE_NET( 3082): network_task while---name_interface[1]=eth0
11-28 17:38:52.613 I/AdvancedPorting-PORT_MODULE_NET( 3082): network_task while---interface_name=eth0
11-28 17:38:52.613 I/AdvancedPorting-PORT_MODULE_NET( 3082): network_get_netlink_status(in)--if_name=eth0
11-28 17:38:52.613 I/AdvancedPorting-PORT_MODULE_NET( 3082): net.network.isconnected = no
11-28 17:38:52.613 I/AdvancedPorting-PORT_MODULE_NET( 3082): eth0 --network_get_netlink_status return retval=1
11-28 17:38:52.613 I/AdvancedPorting-PORT_MODULE_NET( 3082): stat = 1 last_status = 1
11-28 17:38:52.792 I/Advanced( 3082): [QUEUE] share_queue_sendEx size:1 4097 610 0x8fde4a48,postLoopId:0,dstid:1.
11-28 17:38:52.999 D/BackBootDealerNeimeng( 2383): standbyState:
11-28 17:38:53.000 E/NetUtils( 2031): Interface eth0 LinkUp!
11-28 17:38:53.202 I/Advanced( 3082): [QUEUE] share_queue_sendEx size:1 4097 612 0x8fde4a48,postLoopId:0,dstid:1.
11-28 17:38:53.402 I/Advanced( 3082): [QUEUE] share_queue_sendEx size:1 4097 613 0x8fde4a48,postLoopId:0,dstid:1.
11-28 17:38:53.500 D/BackBootDealerNeimeng( 2383): standbyState:
11-28 17:38:53.501 E/NetUtils( 2031): Interface eth0 LinkUp!
11-28 17:38:53.613 I/AdvancedPorting-PORT_MODULE_NET( 3082): network_task while... 
11-28 17:38:53.614 I/AdvancedPorting-PORT_MODULE_NET( 3082): 0 interface name: lo
11-28 17:38:53.614 I/AdvancedPorting-PORT_MODULE_NET( 3082): 1 interface name: eth0
11-28 17:38:53.614 I/AdvancedPorting-PORT_MODULE_NET( 3082): 2 interface name: wlan0
11-28 17:38:53.614 I/AdvancedPorting-PORT_MODULE_NET( 3082): First interface name: lo
11-28 17:38:53.614 I/AdvancedPorting-PORT_MODULE_NET( 3082): network_task while...  net_i:1
11-28 17:38:53.614 I/AdvancedPorting-PORT_MODULE_NET( 3082): network_task while---name_interface[0]=lo
11-28 17:38:53.614 I/AdvancedPorting-PORT_MODULE_NET( 3082): network_task while---name_interface[1]=eth0
11-28 17:38:53.614 I/AdvancedPorting-PORT_MODULE_NET( 3082): network_task while---interface_name=eth0
11-28 17:38:53.614 I/AdvancedPorting-PORT_MODULE_NET( 3082): network_get_netlink_status(in)--if_name=eth0
11-28 17:38:53.614 I/AdvancedPorting-PORT_MODULE_NET( 3082): net.network.isconnected = no
11-28 17:38:53.614 I/AdvancedPorting-PORT_MODULE_NET( 3082): eth0 --network_get_netlink_status return retval=1
11-28 17:38:53.614 I/AdvancedPorting-PORT_MODULE_NET( 3082): stat = 1 last_status = 1
11-28 17:38:54.001 D/BackBootDealerNeimeng( 2383): standbyState:
11-28 17:38:54.002 E/NetUtils( 2031): Interface eth0 LinkUp!
11-28 17:38:54.215 I/Advanced( 3082): [QUEUE] share_queue_sendEx size:1 4097 617 0x8fde4a48,postLoopId:0,dstid:1.
11-28 17:38:54.416 I/Advanced( 3082): [QUEUE] share_queue_sendEx size:1 4097 618 0x8fde4a48,postLoopId:0,dstid:1.
11-28 17:38:54.503 D/BackBootDealerNeimeng( 2383): standbyState:
11-28 17:38:54.504 E/NetUtils( 2031): Interface eth0 LinkUp!
11-28 17:38:54.614 I/AdvancedPorting-PORT_MODULE_NET( 3082): network_task while... 
11-28 17:38:54.614 I/AdvancedPorting-PORT_MODULE_NET( 3082): 0 interface name: lo
11-28 17:38:54.614 I/AdvancedPorting-PORT_MODULE_NET( 3082): 1 interface name: eth0
11-28 17:38:54.614 I/AdvancedPorting-PORT_MODULE_NET( 3082): 2 interface name: wlan0
11-28 17:38:54.614 I/AdvancedPorting-PORT_MODULE_NET( 3082): First interface name: lo
11-28 17:38:54.614 I/AdvancedPorting-PORT_MODULE_NET( 3082): network_task while...  net_i:1
11-28 17:38:54.614 I/AdvancedPorting-PORT_MODULE_NET( 3082): network_task while---name_interface[0]=lo
11-28 17:38:54.614 I/AdvancedPorting-PORT_MODULE_NET( 3082): network_task while---name_interface[1]=eth0
11-28 17:38:54.614 I/AdvancedPorting-PORT_MODULE_NET( 3082): network_task while---interface_name=eth0
11-28 17:38:54.614 I/AdvancedPorting-PORT_MODULE_NET( 3082): network_get_netlink_status(in)--if_name=eth0
11-28 17:38:54.614 I/AdvancedPorting-PORT_MODULE_NET( 3082): net.network.isconnected = no
11-28 17:38:54.614 I/AdvancedPorting-PORT_MODULE_NET( 3082): eth0 --network_get_netlink_status return retval=1
11-28 17:38:54.614 I/AdvancedPorting-PORT_MODULE_NET( 3082): stat = 1 last_status = 1
11-28 17:38:54.616 I/Advanced( 3082): [QUEUE] share_queue_sendEx size:1 4097 619 0x8fde4a48,postLoopId:0,dstid:1.
11-28 17:38:54.817 I/Advanced( 3082): [QUEUE] share_queue_sendEx size:1 4097 620 0x8fde4a48,postLoopId:0,dstid:1.
11-28 17:38:55.004 D/BackBootDealerNeimeng( 2383): standbyState:
11-28 17:38:55.005 E/NetUtils( 2031): Interface eth0 LinkUp!
11-28 17:38:55.017 I/Advanced( 3082): [QUEUE] share_queue_sendEx size:1 4097 621 0x8fde4a48,postLoopId:0,dstid:1.
11-28 17:38:55.218 I/Advanced( 3082): [QUEUE] share_queue_sendEx size:1 4097 622 0x8fde4a48,postLoopId:0,dstid:1.
11-28 17:38:55.418 I/Advanced( 3082): [QUEUE] share_queue_sendEx size:1 4097 623 0x8fde4a48,postLoopId:0,dstid:1.
11-28 17:38:55.505 D/BackBootDealerNeimeng( 2383): standbyState:
11-28 17:38:55.506 E/NetUtils( 2031): Interface eth0 LinkUp!
11-28 17:38:55.615 I/AdvancedPorting-PORT_MODULE_NET( 3082): network_task while... 
11-28 17:38:55.615 I/AdvancedPorting-PORT_MODULE_NET( 3082): 0 interface name: lo
11-28 17:38:55.615 I/AdvancedPorting-PORT_MODULE_NET( 3082): 1 interface name: eth0
11-28 17:38:55.615 I/AdvancedPorting-PORT_MODULE_NET( 3082): 2 interface name: wlan0
11-28 17:38:55.615 I/AdvancedPorting-PORT_MODULE_NET( 3082): First interface name: lo
11-28 17:38:55.615 I/AdvancedPorting-PORT_MODULE_NET( 3082): network_task while...  net_i:1
11-28 17:38:55.615 I/AdvancedPorting-PORT_MODULE_NET( 3082): network_task while---name_interface[0]=lo
11-28 17:38:55.615 I/AdvancedPorting-PORT_MODULE_NET( 3082): network_task while---name_interface[1]=eth0
11-28 17:38:55.615 I/AdvancedPorting-PORT_MODULE_NET( 3082): network_task while---interface_name=eth0
11-28 17:38:55.615 I/AdvancedPorting-PORT_MODULE_NET( 3082): network_get_netlink_status(in)--if_name=eth0
11-28 17:38:55.615 I/AdvancedPorting-PORT_MODULE_NET( 3082): net.network.isconnected = no
11-28 17:38:55.615 I/AdvancedPorting-PORT_MODULE_NET( 3082): eth0 --network_get_netlink_status return retval=1
11-28 17:38:55.615 I/AdvancedPorting-PORT_MODULE_NET( 3082): stat = 1 last_status = 1
11-28 17:38:55.618 I/Advanced( 3082): [QUEUE] share_queue_sendEx size:1 4097 624 0x8fde4a48,postLoopId:0,dstid:1.
11-28 17:38:55.819 I/Advanced( 3082): [QUEUE] share_queue_sendEx size:1 4097 625 0x8fde4a48,postLoopId:0,dstid:1.
11-28 17:38:56.007 D/BackBootDealerNeimeng( 2383): standbyState:
11-28 17:38:56.007 E/NetUtils( 2031): Interface eth0 LinkUp!
11-28 17:38:56.019 I/Advanced( 3082): [QUEUE] share_queue_sendEx size:1 4097 626 0x8fde4a48,postLoopId:0,dstid:1.
11-28 17:38:56.429 I/Advanced( 3082): [QUEUE] share_queue_sendEx size:1 4097 628 0x8fde4a48,postLoopId:0,dstid:1.
11-28 17:38:56.508 D/BackBootDealerNeimeng( 2383): standbyState:
11-28 17:38:56.509 E/NetUtils( 2031): Interface eth0 LinkUp!
11-28 17:38:56.615 I/AdvancedPorting-PORT_MODULE_NET( 3082): network_task while... 
11-28 17:38:56.615 I/AdvancedPorting-PORT_MODULE_NET( 3082): 0 interface name: lo
11-28 17:38:56.615 I/AdvancedPorting-PORT_MODULE_NET( 3082): 1 interface name: eth0
11-28 17:38:56.615 I/AdvancedPorting-PORT_MODULE_NET( 3082): 2 interface name: wlan0
11-28 17:38:56.615 I/AdvancedPorting-PORT_MODULE_NET( 3082): First interface name: lo
11-28 17:38:56.615 I/AdvancedPorting-PORT_MODULE_NET( 3082): network_task while...  net_i:1
11-28 17:38:56.615 I/AdvancedPorting-PORT_MODULE_NET( 3082): network_task while---name_interface[0]=lo
11-28 17:38:56.615 I/AdvancedPorting-PORT_MODULE_NET( 3082): network_task while---name_interface[1]=eth0
11-28 17:38:56.615 I/AdvancedPorting-PORT_MODULE_NET( 3082): network_task while---interface_name=eth0
11-28 17:38:56.615 I/AdvancedPorting-PORT_MODULE_NET( 3082): network_get_netlink_status(in)--if_name=eth0
11-28 17:38:56.616 I/AdvancedPorting-PORT_MODULE_NET( 3082): net.network.isconnected = no
11-28 17:38:56.616 I/AdvancedPorting-PORT_MODULE_NET( 3082): eth0 --network_get_netlink_status return retval=1
11-28 17:38:56.616 I/AdvancedPorting-PORT_MODULE_NET( 3082): stat = 1 last_status = 1
11-28 17:38:56.629 I/Advanced( 3082): [QUEUE] share_queue_sendEx size:1 4097 629 0x8fde4a48,postLoopId:0,dstid:1.
11-28 17:38:56.830 I/Advanced( 3082): [QUEUE] share_queue_sendEx size:1 4097 630 0x8fde4a48,postLoopId:0,dstid:1.
11-28 17:38:57.009 D/BackBootDealerNeimeng( 2383): standbyState:
11-28 17:38:57.010 E/NetUtils( 2031): Interface eth0 LinkUp!
11-28 17:38:57.030 I/Advanced( 3082): [QUEUE] share_queue_sendEx size:1 4097 631 0x8fde4a48,postLoopId:0,dstid:1.
11-28 17:38:57.230 I/Advanced( 3082): [QUEUE] share_queue_sendEx size:1 4097 632 0x8fde4a48,postLoopId:0,dstid:1.
11-28 17:38:57.431 I/Advanced( 3082): [QUEUE] share_queue_sendEx size:1 4097 633 0x8fde4a48,postLoopId:0,dstid:1.
11-28 17:38:57.510 D/BackBootDealerNeimeng( 2383): standbyState:
11-28 17:38:57.511 E/NetUtils( 2031): Interface eth0 LinkUp!
11-28 17:38:57.616 I/AdvancedPorting-PORT_MODULE_NET( 3082): network_task while... 
11-28 17:38:57.616 I/AdvancedPorting-PORT_MODULE_NET( 3082): 0 interface name: lo
11-28 17:38:57.616 I/AdvancedPorting-PORT_MODULE_NET( 3082): 1 interface name: eth0
11-28 17:38:57.616 I/AdvancedPorting-PORT_MODULE_NET( 3082): 2 interface name: wlan0
11-28 17:38:57.616 I/AdvancedPorting-PORT_MODULE_NET( 3082): First interface name: lo
11-28 17:38:57.616 I/AdvancedPorting-PORT_MODULE_NET( 3082): network_task while...  net_i:1
11-28 17:38:57.616 I/AdvancedPorting-PORT_MODULE_NET( 3082): network_task while---name_interface[0]=lo
11-28 17:38:57.616 I/AdvancedPorting-PORT_MODULE_NET( 3082): network_task while---name_interface[1]=eth0
11-28 17:38:57.616 I/AdvancedPorting-PORT_MODULE_NET( 3082): network_task while---interface_name=eth0
11-28 17:38:57.616 I/AdvancedPorting-PORT_MODULE_NET( 3082): network_get_netlink_status(in)--if_name=eth0
11-28 17:38:57.616 I/AdvancedPorting-PORT_MODULE_NET( 3082): net.network.isconnected = no
11-28 17:38:57.616 I/AdvancedPorting-PORT_MODULE_NET( 3082): eth0 --network_get_netlink_status return retval=1
11-28 17:38:57.616 I/AdvancedPorting-PORT_MODULE_NET( 3082): stat = 1 last_status = 1
11-28 17:38:57.631 I/Advanced( 3082): [QUEUE] share_queue_sendEx size:1 4097 634 0x8fde4a48,postLoopId:0,dstid:1.
11-28 17:38:57.832 I/Advanced( 3082): [QUEUE] share_queue_sendEx size:1 4097 635 0x8fde4a48,postLoopId:0,dstid:1.
11-28 17:38:58.012 D/BackBootDealerNeimeng( 2383): standbyState:
11-28 17:38:58.012 E/NetUtils( 2031): Interface eth0 LinkUp!
11-28 17:38:58.032 I/Advanced( 3082): [QUEUE] share_queue_sendEx size:1 4097 636 0x8fde4a48,postLoopId:0,dstid:1.
11-28 17:38:58.232 I/Advanced( 3082): [QUEUE] share_queue_sendEx size:1 4097 637 0x8fde4a48,postLoopId:0,dstid:1.
11-28 17:38:58.433 I/Advanced( 3082): [QUEUE] share_queue_sendEx size:1 4097 638 0x8fde4a48,postLoopId:0,dstid:1.
11-28 17:38:58.513 D/BackBootDealerNeimeng( 2383): standbyState:
11-28 17:38:58.514 E/NetUtils( 2031): Interface eth0 LinkUp!
11-28 17:38:58.616 I/AdvancedPorting-PORT_MODULE_NET( 3082): network_task while... 
11-28 17:38:58.616 I/AdvancedPorting-PORT_MODULE_NET( 3082): 0 interface name: lo
11-28 17:38:58.616 I/AdvancedPorting-PORT_MODULE_NET( 3082): 1 interface name: eth0
11-28 17:38:58.616 I/AdvancedPorting-PORT_MODULE_NET( 3082): 2 interface name: wlan0
11-28 17:38:58.616 I/AdvancedPorting-PORT_MODULE_NET( 3082): First interface name: lo
11-28 17:38:58.616 I/AdvancedPorting-PORT_MODULE_NET( 3082): network_task while...  net_i:1
11-28 17:38:58.617 I/AdvancedPorting-PORT_MODULE_NET( 3082): network_task while---name_interface[0]=lo
11-28 17:38:58.617 I/AdvancedPorting-PORT_MODULE_NET( 3082): network_task while---name_interface[1]=eth0
11-28 17:38:58.617 I/AdvancedPorting-PORT_MODULE_NET( 3082): network_task while---interface_name=eth0
11-28 17:38:58.617 I/AdvancedPorting-PORT_MODULE_NET( 3082): network_get_netlink_status(in)--if_name=eth0
11-28 17:38:58.617 I/AdvancedPorting-PORT_MODULE_NET( 3082): net.network.isconnected = no
11-28 17:38:58.617 I/AdvancedPorting-PORT_MODULE_NET( 3082): eth0 --network_get_netlink_status return retval=1
11-28 17:38:58.617 I/AdvancedPorting-PORT_MODULE_NET( 3082): stat = 1 last_status = 1
11-28 17:38:58.633 I/Advanced( 3082): [QUEUE] share_queue_sendEx size:1 4097 639 0x8fde4a48,postLoopId:0,dstid:1.
11-28 17:38:59.014 D/BackBootDealerNeimeng( 2383): standbyState:
11-28 17:38:59.015 E/NetUtils( 2031): Interface eth0 LinkUp!
11-28 17:38:59.043 I/Advanced( 3082): [QUEUE] share_queue_sendEx size:1 4097 641 0x8fde4a48,postLoopId:0,dstid:1.
11-28 17:38:59.243 I/Advanced( 3082): [QUEUE] share_queue_sendEx size:1 4097 642 0x8fde4a48,postLoopId:0,dstid:1.
11-28 17:38:59.444 I/Advanced( 3082): [QUEUE] share_queue_sendEx size:1 4097 643 0x8fde4a48,postLoopId:0,dstid:1.
11-28 17:38:59.516 D/BackBootDealerNeimeng( 2383): standbyState:
11-28 17:38:59.516 E/NetUtils( 2031): Interface eth0 LinkUp!
11-28 17:38:59.617 I/AdvancedPorting-PORT_MODULE_NET( 3082): network_task while... 
11-28 17:38:59.617 I/AdvancedPorting-PORT_MODULE_NET( 3082): 0 interface name: lo
11-28 17:38:59.617 I/AdvancedPorting-PORT_MODULE_NET( 3082): 1 interface name: eth0
11-28 17:38:59.617 I/AdvancedPorting-PORT_MODULE_NET( 3082): 2 interface name: wlan0
11-28 17:38:59.617 I/AdvancedPorting-PORT_MODULE_NET( 3082): First interface name: lo
11-28 17:38:59.617 I/AdvancedPorting-PORT_MODULE_NET( 3082): network_task while...  net_i:1
11-28 17:38:59.617 I/AdvancedPorting-PORT_MODULE_NET( 3082): network_task while---name_interface[0]=lo
11-28 17:38:59.617 I/AdvancedPorting-PORT_MODULE_NET( 3082): network_task while---name_interface[1]=eth0
11-28 17:38:59.617 I/AdvancedPorting-PORT_MODULE_NET( 3082): network_task while---interface_name=eth0
11-28 17:38:59.617 I/AdvancedPorting-PORT_MODULE_NET( 3082): network_get_netlink_status(in)--if_name=eth0
11-28 17:38:59.617 I/AdvancedPorting-PORT_MODULE_NET( 3082): net.network.isconnected = no
11-28 17:38:59.617 I/AdvancedPorting-PORT_MODULE_NET( 3082): eth0 --network_get_netlink_status return retval=1
11-28 17:38:59.617 I/AdvancedPorting-PORT_MODULE_NET( 3082): stat = 1 last_status = 1
11-28 17:38:59.644 I/Advanced( 3082): [QUEUE] share_queue_sendEx size:1 4097 644 0x8fde4a48,postLoopId:0,dstid:1.
11-28 17:38:59.990 D/IPLoaderNeimeng( 2383): after wait time17:38:59:monitorInterval:5000
11-28 17:38:59.990 D/IPLoaderNeimeng( 2383): before dealUpdateCheck time:17:38:59:isMsgBroadcast:false:monitorInterval:5000:processState:1
11-28 17:38:59.990 D/IPLoaderNeimeng( 2383): dealUpdateCheck isFirstSuccessUpdate:false:monitorInterval:5000
11-28 17:38:59.991 D/LoadHttpHandler( 2383): [TN_ThreadUtil-9]doNormal proxyConfig=null
11-28 17:39:00.017 D/BackBootDealerNeimeng( 2383): standbyState:
11-28 17:39:00.018 E/NetUtils( 2031): Interface eth0 LinkUp!
11-28 17:39:00.021 E/NetUtils( 2031): Interface eth0 LinkUp!
11-28 17:39:00.054 I/Advanced( 3082): [QUEUE] share_queue_sendEx size:1 4097 646 0x8fde4a48,postLoopId:0,dstid:1.
11-28 17:39:00.054 D/LoadHttpHandler( 2383): [TN_ThreadUtil-9]doNormal responseCode=404
11-28 17:39:00.055 D/LoadHttpTask( 2383): dealUpdateCheck responseCode:404:data:null:downloadResult:false
11-28 17:39:00.055 D/IPLoaderNeimeng( 2383): after dealUpdateCheck time:17:39:00:isMsgBroadcast:false:monitorInterval:5000:processState:1
11-28 17:39:00.055 D/IPLoaderNeimeng( 2383): before wait time17:39:00:monitorInterval:5000
11-28 17:39:00.254 I/Advanced( 3082): [QUEUE] share_queue_sendEx size:1 4097 647 0x8fde4a48,postLoopId:0,dstid:1.
11-28 17:39:00.422 D/TimeUpdate( 2510): [TN_main]dealTimeUpdate curTime=java.util.GregorianCalendar[time=1511861940421,areFieldsSet=true,lenient=true,zone=Asia/Shanghai,firstDayOfWeek=1,minimalDaysInFirstWeek=1,ERA=1,YEAR=2017,MONTH=10,WEEK_OF_YEAR=48,WEEK_OF_MONTH=5,DAY_OF_MONTH=28,DAY_OF_YEAR=332,DAY_OF_WEEK=3,DAY_OF_WEEK_IN_MONTH=4,AM_PM=1,HOUR=5,HOUR_OF_DAY=17,MINUTE=39,SECOND=0,MILLISECOND=421,ZONE_OFFSET=28800000,DST_OFFSET=0]
11-28 17:39:00.518 D/BackBootDealerNeimeng( 2383): standbyState:
11-28 17:39:00.519 E/NetUtils( 2031): Interface eth0 LinkUp!
11-28 17:39:00.617 I/AdvancedPorting-PORT_MODULE_NET( 3082): network_task while... 
11-28 17:39:00.618 I/AdvancedPorting-PORT_MODULE_NET( 3082): 0 interface name: lo
11-28 17:39:00.618 I/AdvancedPorting-PORT_MODULE_NET( 3082): 1 interface name: eth0
11-28 17:39:00.618 I/AdvancedPorting-PORT_MODULE_NET( 3082): 2 interface name: wlan0
11-28 17:39:00.618 I/AdvancedPorting-PORT_MODULE_NET( 3082): First interface name: lo
11-28 17:39:00.618 I/AdvancedPorting-PORT_MODULE_NET( 3082): network_task while...  net_i:1
11-28 17:39:00.618 I/AdvancedPorting-PORT_MODULE_NET( 3082): network_task while---name_interface[0]=lo
11-28 17:39:00.618 I/AdvancedPorting-PORT_MODULE_NET( 3082): network_task while---name_interface[1]=eth0
11-28 17:39:00.618 I/AdvancedPorting-PORT_MODULE_NET( 3082): network_task while---interface_name=eth0
11-28 17:39:00.618 I/AdvancedPorting-PORT_MODULE_NET( 3082): network_get_netlink_status(in)--if_name=eth0
11-28 17:39:00.618 I/AdvancedPorting-PORT_MODULE_NET( 3082): net.network.isconnected = no
11-28 17:39:00.618 I/AdvancedPorting-PORT_MODULE_NET( 3082): eth0 --network_get_netlink_status return retval=1
11-28 17:39:00.618 I/AdvancedPorting-PORT_MODULE_NET( 3082): stat = 1 last_status = 1
11-28 17:39:00.664 I/Advanced( 3082): [QUEUE] share_queue_sendEx size:1 4097 649 0x8fde4a48,postLoopId:0,dstid:1.
11-28 17:39:00.864 I/Advanced( 3082): [QUEUE] share_queue_sendEx size:1 4097 650 0x8fde4a48,postLoopId:0,dstid:1.
11-28 17:39:01.020 D/BackBootDealerNeimeng( 2383): standbyState:
11-28 17:39:01.021 E/NetUtils( 2031): Interface eth0 LinkUp!
11-28 17:39:01.274 I/Advanced( 3082): [QUEUE] share_queue_sendEx size:1 4097 652 0x8fde4a48,postLoopId:0,dstid:1.
11-28 17:39:01.474 I/Advanced( 3082): [QUEUE] share_queue_sendEx size:1 4097 653 0x8fde4a48,postLoopId:0,dstid:1.
11-28 17:39:01.522 D/BackBootDealerNeimeng( 2383): standbyState:
11-28 17:39:01.522 E/NetUtils( 2031): Interface eth0 LinkUp!
11-28 17:39:01.618 I/AdvancedPorting-PORT_MODULE_NET( 3082): network_task while... 
11-28 17:39:01.618 I/AdvancedPorting-PORT_MODULE_NET( 3082): 0 interface name: lo
11-28 17:39:01.618 I/AdvancedPorting-PORT_MODULE_NET( 3082): 1 interface name: eth0
11-28 17:39:01.618 I/AdvancedPorting-PORT_MODULE_NET( 3082): 2 interface name: wlan0
11-28 17:39:01.618 I/AdvancedPorting-PORT_MODULE_NET( 3082): First interface name: lo
11-28 17:39:01.618 I/AdvancedPorting-PORT_MODULE_NET( 3082): network_task while...  net_i:1
11-28 17:39:01.618 I/AdvancedPorting-PORT_MODULE_NET( 3082): network_task while---name_interface[0]=lo
11-28 17:39:01.618 I/AdvancedPorting-PORT_MODULE_NET( 3082): network_task while---name_interface[1]=eth0
11-28 17:39:01.618 I/AdvancedPorting-PORT_MODULE_NET( 3082): network_task while---interface_name=eth0
11-28 17:39:01.618 I/AdvancedPorting-PORT_MODULE_NET( 3082): network_get_netlink_status(in)--if_name=eth0
11-28 17:39:01.618 I/AdvancedPorting-PORT_MODULE_NET( 3082): net.network.isconnected = no
11-28 17:39:01.618 I/AdvancedPorting-PORT_MODULE_NET( 3082): eth0 --network_get_netlink_status return retval=1
11-28 17:39:01.618 I/AdvancedPorting-PORT_MODULE_NET( 3082): stat = 1 last_status = 1
11-28 17:39:01.884 I/Advanced( 3082): [QUEUE] share_queue_sendEx size:1 4097 655 0x8fde4a48,postLoopId:0,dstid:1.
11-28 17:39:02.023 D/BackBootDealerNeimeng( 2383): standbyState:
11-28 17:39:02.024 E/NetUtils( 2031): Interface eth0 LinkUp!
11-28 17:39:02.084 I/Advanced( 3082): [QUEUE] share_queue_sendEx size:1 4097 656 0x8fde4a48,postLoopId:0,dstid:1.
11-28 17:39:02.285 I/Advanced( 3082): [QUEUE] share_queue_sendEx size:1 4097 657 0x8fde4a48,postLoopId:0,dstid:1.
11-28 17:39:02.480 V/PT      ( 1581): >>INFO:irkey_task:[     191.325471] /dev/input/event0: type=0001 code=006c val=00000001
11-28 17:39:02.480 V/PT      ( 1581): >>INFO:irkey_send:0x3001 0x0028 down
11-28 17:39:02.480 V/SUMA    ( 1581): ++++++++++++++  _roc_evtmgr_key_cbk 517:input = 12289, event=40, act=0x100
11-28 17:39:02.480 V/SUMA    ( 1581): lxm:_roc_evtmgr_key_cbk 519 191325
11-28 17:39:02.480 V/SUMA    ( 1581): lxm:_roc_evtmgr_add_evt_into_queue 347 191325
11-28 17:39:02.480 V/SUMA    ( 1581): ===================>> type=0 src=0 evt=40 act=0x100
11-28 17:39:02.480 D/ir_user ( 1585): PlayerTimeLineTrace:linux_keycode:0x6c(DOWN),	protocol: .
11-28 17:39:02.480 V/PT      ( 1581): >>INFO:irkey_task:[     191.325471] /dev/input/event0: type=0000 code=0000 val=00000000
11-28 17:39:02.481 V/SUMA    ( 1581): [sysset-s][event_manager_cbk 78]lxm cbid=1, cbk_reg=1, cpid=2463
11-28 17:39:02.481 D/NGBEvent( 2463): ngbEventCallBack type:0 source :40
11-28 17:39:02.481 D/NGBEvent( 2463): [NGBEventManager-JNI]-returning:1
11-28 17:39:02.481 D/NGBEvent( 2463): Input key event: keyCode=40
11-28 17:39:02.481 D/NGBEvent( 2463): src:40 = dest:40
11-28 17:39:02.481 I/System.out( 2463): [DEBUG EventManager] LWJ--Add event to java with evt=NgbEvent-[type = 1, subtype = 401, code = 40]
11-28 17:39:02.481 D/NGBEvent( 2463): [NGBEvent_log]--[EventManager--JNI]:		start
11-28 17:39:02.481 I/System.out( 2463): [DEBUG EventManager] broadcastEvent  :len 1
11-28 17:39:02.481 D/CombineKeyUtil( 2463): [TN_pool-1-thread-1]dealKeyEvent,combineIndex:-1:keyCode:20
11-28 17:39:02.482 D/KeyEventNgbDealer( 2463): [TN_pool-1-thread-1]handleKeyPressed keyEvent=NgbEvent-[type = 1, subtype = 401, code = 40],time=191327
11-28 17:39:02.483 D/RemoteIME( 2359): onKeyDown event = KeyEvent { action=ACTION_DOWN, keyCode=KEYCODE_DPAD_DOWN, scanCode=108, metaState=0, flags=0x8, repeatCount=0, eventTime=191325, downTime=191325, deviceId=4, source=0x701 },mSkbContainer=null
11-28 17:39:02.484 D/cr_AwTestContainerView( 3082): [AwTestContainerView.java:63] [mainFrame]: [2017-11-21 17:52:03] dispatchKeyEvent keyCode = 20 event = KeyEvent { action=ACTION_DOWN, keyCode=KEYCODE_DPAD_DOWN, scanCode=108, metaState=0, flags=0x8, repeatCount=0, eventTime=191325, downTime=191325, deviceId=4, source=0x701 }
11-28 17:39:02.484 D/ImeAdapterAndroid( 3082): [SendKeyEvent] [BUILD TIME: ] dispatchKeyEvent key_code=20 modifiers=0 unicode_char=0 scan_code=108 is_system=0 tm=191325
11-28 17:39:02.485 I/Advanced( 3082): [QUEUE] share_queue_sendEx size:1 4097 658 0x8fde4a48,postLoopId:0,dstid:1.
11-28 17:39:02.486 D/RenderWidgetInputHandler( 3082): [HandleInputEvent] input_event type=8 name=KeyDown
11-28 17:39:02.486 D/RenderWidgetInputHandler( 3082): [HandleInputEvent] key_event.nativeKeyCode:20,widget_->GetTextInputType():0
11-28 17:39:02.486 D/RenderWidgetInputHandler( 3082): [HandleInputEvent] input_event type=8 prevent_default:0
11-28 17:39:02.486 D/WebViewImpl( 3082): [handleKeyEvent] keycode:40, eventType:8 native keycode:20 frame=0x45e4bdb8. url='http://10.14.41.246/application/bxfc/sec/index.htm'.
11-28 17:39:02.486 D/[blink]KeyboardEventManager( 3082): [keyEvent] initialKeyEvent KeyDown nativeKeyCode=20 windowsKeyCode=40 text[0]=0
11-28 17:39:02.486 D/[blink]KeyboardEventManager( 3082): [keyEvent] initialKeyEvent focusedNode=0x0
11-28 17:39:02.486 D/V8ScriptRunner( 3082): [callFunction] start. frame = 0x45e4bdb8 function: eventHandler url: http://10.14.41.246/application/bxfc/sec/index.htm line: 179
11-28 17:39:02.486 D/base::KeyConverter( 3082): [get] convert 20 => -1.
11-28 17:39:02.487 D/iPanel  ( 3082): iPanel.debug("---141----popFlag=false")
11-28 17:39:02.487 D/iPanel  ( 3082): iPanel.debug("---142----ifrSrc=http://10.14.41.246/application/bxfc/sec/index.htm")
11-28 17:39:02.487 D/iPanel  ( 3082): iPanel.debug("-------主窗口按键响应=KEY_DOWN")
11-28 17:39:02.492 D/[cc]beginFrameSource( 3082): [AddObserver] ExternalBeginFrameSource::AddObserver
11-28 17:39:02.494 D/iPanel  ( 3082): iPanel.debug("----chanel[menuPos]--:289")
11-28 17:39:02.494 D/iPanel  ( 3082): iPanel.debug("----menuPos-:2")
11-28 17:39:02.494 D/iPanel  ( 3082): iPanel.debug("----menuPos--:number")
11-28 17:39:02.495 D/iPanel  ( 3082): iPanel.debug("----listDataPath--:http://10.14.41.245:13160/search/search_by_keyword?accesstoken=R5A1D2EE5U20887029K53724E0DIA6230E0AP8M2FAF083WDC013F7D151&keyword=201702&label=289&pageidx=1&pagenum=20&depth=2&sortby=4")
11-28 17:39:02.495 D/ChromeClientImpl( 3082): [addMessageToConsole] [LOG:CONSOLE(291)] "http://10.14.41.245:13160/search/search_by_keyword?accesstoken=R5A1D2EE5U20887029K53724E0DIA6230E0AP8M2FAF083WDC013F7D151&keyword=201702&label=289&pageidx=1&pagenum=20&depth=2&sortby=4", source:http://10.14.41.246/application/bxfc/sec/js/common.js (291)
11-28 17:39:02.495 D/V8ScriptRunner( 3082): [callFunction] start. frame = 0x45e4bdb8 function: xmlHttp.onreadystatechange url: http://10.14.41.246/application/bxfc/sec/js/common.js line: 276
11-28 17:39:02.495 D/V8ScriptRunner( 3082): [callFunction] end. frame = 0x45e4bdb8 function: xmlHttp.onreadystatechange url: http://10.14.41.246/application/bxfc/sec/js/common.js line: 276
11-28 17:39:02.495 D/[blink]ResourceFetcher( 3082): [requestResource] url=http://10.14.41.245:13160/search/search_by_keyword?accesstoken=R5A1D2EE5U20887029K53724E0DIA6230E0AP8M2FAF083WDC013F7D151&keyword=201702&label=289&pageidx=1&pagenum=20&depth=2&sortby=4.
11-28 17:39:02.496 D/url     ( 3082): [DoResolveRelative] [WEB] DoResolveRelative Error resolving.
11-28 17:39:02.496 D/ResourceLoader( 3082): [StartRequest] start request 0x8b1c4180 url='http://10.14.41.245:13160/search/search_by_keyword?accesstoken=R5A1D2EE5U20887029K53724E0DIA6230E0AP8M2FAF083WDC013F7D151&keyword=201702&label=289&pageidx=1&pagenum=20&depth=2&sortby=4'
11-28 17:39:02.496 D/AwRequestInterceptor( 3082): [MaybeInterceptRequest] request=0x8b1c4180
11-28 17:39:02.497 D/[blink]DOMTimer( 3082): [DOMTimer] 0x25dc1be0 setTimeout 500ms, repeat:0.
11-28 17:39:02.497 D/[blink]DOMTimer( 3082): [DOMTimer] 0x25dc1c50 setTimeout 30000ms, repeat:0.
11-28 17:39:02.497 D/cr_AwContents( 3082): [AwContents.java:520] BackgroundThreadClientImpl shouldInterceptRequest url = http://10.14.41.245:13160/search/search_by_keyword?accesstoken=R5A1D2EE5U20887029K53724E0DIA6230E0AP8M2FAF083WDC013F7D151&keyword=201702&label=289&pageidx=1&pagenum=20&depth=2&sortby=4
11-28 17:39:02.497 D/iPanel  ( 3082): iPanel.debug("-------keyDown=KEY_DOWN")
11-28 17:39:02.497 D/V8ScriptRunner( 3082): [callFunction] end. frame = 0x45e4bdb8 function: eventHandler url: http://10.14.41.246/application/bxfc/sec/index.htm line: 179
11-28 17:39:02.497 D/cr_AwNullContentsClient( 3082): [AwNullContentsClient.java:59] shouldInterceptRequest url=http://10.14.41.245:13160/search/search_by_keyword?accesstoken=R5A1D2EE5U20887029K53724E0DIA6230E0AP8M2FAF083WDC013F7D151&keyword=201702&label=289&pageidx=1&pagenum=20&depth=2&sortby=4
11-28 17:39:02.497 D/[blink]KeyboardEventManager( 3082): [keyEvent] dispatchResult = CanceledByEventHandler
11-28 17:39:02.497 D/BrowserWebViewClient( 3082): intercept request :http://10.14.41.245:13160/search/search_by_keyword?accesstoken=R5A1D2EE5U20887029K53724E0DIA6230E0AP8M2FAF083WDC013F7D151&keyword=201702&label=289&pageidx=1&pagenum=20&depth=2&sortby=4
11-28 17:39:02.497 D/AwRequestInterceptor( 3082): [MaybeInterceptRequest] request=0x8b1c4180
11-28 17:39:02.505 D/[cc]ProxyMain( 3082): [BeginMainFrame] cc.BeginMainFrame this:0x9f73a768
11-28 17:39:02.505 D/[cc]LayerTreeHost( 3082): [AnimateLayers] AnimateLayers monotonic_time=191349992
11-28 17:39:02.505 D/[blink]FrameView( 3082): [updateStyleAndLayoutIfNeededRecursiveInternal] in... this:0x25ca6670.
11-28 17:39:02.505 D/[blink]FrameView( 3082): [updateStyleAndLayoutIfNeededRecursiveInternal] in... this:0x25ca6ee8.
11-28 17:39:02.505 D/[blink]FrameView( 3082): [updateStyleAndLayoutIfNeededRecursiveInternal] end... this:0x25ca6ee8.
11-28 17:39:02.505 D/[blink]FrameView( 3082): [updateStyleAndLayoutIfNeededRecursiveInternal] end... this:0x25ca6670.
11-28 17:39:02.506 D/[blink]FrameView( 3082): [updateLifecyclePhasesInternal] in... this:0x25ca6670, targetState=18
11-28 17:39:02.506 D/[blink]FrameView( 3082): [updateLifecyclePhasesInternal] call compositor()->updateIfNeededRecursive()!
11-28 17:39:02.506 D/[blink]FrameView( 3082): [updateLifecyclePhasesInternal] end... this:0x25ca6670
11-28 17:39:02.522 D/[cc]ProxyMain( 3082): [BeginMainFrame] cc.BeginMainFrame this:0x9f73a768
11-28 17:39:02.522 D/[cc]LayerTreeHost( 3082): [AnimateLayers] AnimateLayers monotonic_time=191366659
11-28 17:39:02.522 D/[blink]FrameView( 3082): [updateStyleAndLayoutIfNeededRecursiveInternal] in... this:0x25ca6670.
11-28 17:39:02.522 D/[blink]FrameView( 3082): [layout] start... this:0x25ca6670, frame=0x45e4bdb8 content size(1280, 720). 
11-28 17:39:02.522 D/[blink]FrameView( 3082): [layout] performPreLayoutTasks start... this:0x25ca6670
11-28 17:39:02.522 D/[blink]FrameView( 3082): [layout] performPreLayoutTasks end... this:0x25ca6670
11-28 17:39:02.522 D/[blink]FrameView( 3082): [layout] performLayout start... this:0x25ca6670
11-28 17:39:02.522 D/[blink]FrameView( 3082): [layout] performLayout end... this:0x25ca6670
