11-28 17:38:23.524 D/[cc]LayerTreeHost( 3082): [AnimateLayers] AnimateLayers monotonic_time=152333327
11-28 17:38:23.524 D/[blink]FrameView( 3082): [updateLifecyclePhasesInternal] cannot paint!!return!!this:0x0x25ca40a0
11-28 17:38:23.524 D/[blink] ImageResource( 3082): [updateImage] allDataReceived!! data size=1192
11-28 17:38:23.525 D/[blink]ResourceFetcher( 3082): [didFinishLoading] encoded length=1428 url=http://10.14.41.246/application/bxfc/images/icon1_03.png.
11-28 17:38:23.525 D/[blink] ImageResource( 3082): [updateImage] allDataReceived!! data size=1192
11-28 17:38:23.525 D/[blink] ImageResource( 3082): [updateImage] allDataReceived!! data size=1640
11-28 17:38:23.525 D/[blink]ResourceFetcher( 3082): [didFinishLoading] encoded length=1876 url=http://10.14.41.246/application/bxfc/images/icon_bg3.png.
11-28 17:38:23.525 D/[blink] ImageResource( 3082): [updateImage] allDataReceived!! data size=1640
11-28 17:38:23.526 D/[blink] ImageResource( 3082): [updateImage] allDataReceived!! data size=20089
11-28 17:38:23.526 D/[blink] ImageResource( 3082): [updateImage] allDataReceived!! data size=46225
11-28 17:38:23.526 D/[blink] ImageResource( 3082): [updateImage] allDataReceived!! data size=62197
11-28 17:38:23.526 D/[blink] ImageResource( 3082): [updateImage] allDataReceived!! data size=65082
11-28 17:38:23.526 D/[blink]ResourceFetcher( 3082): [didFinishLoading] encoded length=65321 url=http://10.14.41.246/application/bxfc/images/bg1.jpg.
11-28 17:38:23.526 D/[blink] ImageResource( 3082): [updateImage] allDataReceived!! data size=65082
11-28 17:38:23.526 D/V8ScriptRunner( 3082): [callFunction] start. frame = 0x45e4bdb8 function: img.onload url: ui:///ipanel_private.js line: 83
11-28 17:38:23.527 D/iPanel  ( 3082): iPanel.debug("set page view size,--- width:1280,height:720")
11-28 17:38:23.527 D/iPanel  ( 3082): iPanel.debug("set page view size: exit ipanelpageviewsize")
11-28 17:38:23.527 D/[blink]FrameLoader( 3082): [allowPlugins] allowPlugins return 1
11-28 17:38:23.528 D/Browser ( 3082): setPageViewSize:1280*720
11-28 17:38:23.528 D/V8ScriptRunner( 3082): [callFunction] end. frame = 0x45e4bdb8 function: img.onload url: ui:///ipanel_private.js line: 83
11-28 17:38:23.528 D/FrameLoaderClientImpl( 3082): [dispatchDidHandleOnloadEvents] dispatch onload event url:http://10.14.41.246/application/bxfc/index.htm
11-28 17:38:23.530 D/[blink]FrameView( 3082): [layout] start... this:0x25ca40a0, frame=0x45e4bdb8 content size(1280, 720). 
11-28 17:38:23.530 D/[blink]FrameView( 3082): [layout] performPreLayoutTasks start... this:0x25ca40a0
11-28 17:38:23.530 D/[blink]FrameView( 3082): [layout] performPreLayoutTasks end... this:0x25ca40a0
11-28 17:38:23.530 D/[blink]FrameView( 3082): [layout] performLayout start... this:0x25ca40a0
11-28 17:38:23.531 D/[blink]FrameView( 3082): [layout] performLayout end... this:0x25ca40a0
11-28 17:38:23.531 D/[blink]FrameView( 3082): [layout] cannot paint!! do not call compositor()->didLayout()! this:0x0x25ca40a0
11-28 17:38:23.531 D/[blink]FrameView( 3082): [layout] updateDocumentAnnotatedRegions start... this:0x25ca40a0
11-28 17:38:23.531 D/[blink]FrameView( 3082): [layout] scheduleOrPerformPostLayoutTasks start... this:0x25ca40a0
11-28 17:38:23.531 D/[blink]FrameView( 3082): [layout] end... this:0x25ca40a0
11-28 17:38:23.531 D/[blink]FrameView( 3082): [layout] out... this:0x25ca40a0
11-28 17:38:23.531 D/[blink]FrameLoader( 3082): [checkCompleted] frame=0x45e4bdb8 did finish load.
11-28 17:38:23.531 D/FrameLoaderClientImpl( 3082): [dispatchDidFinishLoad] url:http://10.14.41.246/application/bxfc/index.htm
11-28 17:38:23.531 D/FrameLoaderClientImpl( 3082): [didStopLoading] finished url:http://10.14.41.246/application/bxfc/index.htm. frame tree child count = 0
11-28 17:38:23.532 D/Browser ( 3082): postProgressNotification type=1
11-28 17:38:23.532 D/[blink]FrameView( 3082): [setCanPaint] this:0x25ca40a0, setCanPaint old canpaint=0, new canpaint=1 .
11-28 17:38:23.532 D/[blink]FrameView( 3082): [paintAfterLoad] paintAfterLoad this:0x25ca40a0.
11-28 17:38:23.532 D/[blink]FrameView( 3082): [updateStyleAndLayoutIfNeededRecursiveInternal] in... this:0x25ca40a0.
11-28 17:38:23.532 D/[blink]FrameView( 3082): [updateStyleAndLayoutIfNeededRecursiveInternal] end... this:0x25ca40a0.
11-28 17:38:23.532 D/[cc]ProxyMain( 3082): [BeginMainFrame] cc.BeginMainFrame this:0x9f73a768
11-28 17:38:23.532 D/[cc]LayerTreeHost( 3082): [AnimateLayers] AnimateLayers monotonic_time=152366660
11-28 17:38:23.532 D/[blink]FrameView( 3082): [updateStyleAndLayoutIfNeededRecursiveInternal] in... this:0x25ca40a0.
11-28 17:38:23.532 D/[blink]FrameView( 3082): [updateStyleAndLayoutIfNeededRecursiveInternal] end... this:0x25ca40a0.
11-28 17:38:23.532 D/[blink]FrameView( 3082): [updateLifecyclePhasesInternal] in... this:0x25ca40a0, targetState=18
11-28 17:38:23.532 D/[blink]FrameView( 3082): [updateLifecyclePhasesInternal] call compositor()->updateIfNeededRecursive()!
11-28 17:38:23.532 D/BrowserWebViewClient( 3082): onPageFinished webview = com.ipanel.android_webview.shell.AwWebViewImpl[mainFrame: focused=true url=http://10.14.41.246/application/bxfc/index.htm] url = http://10.14.41.246/application/bxfc/index.htm
11-28 17:38:23.532 D/Browser ( 3082): hideIconLoading
11-28 17:38:23.532 D/[cc]LayerTree( 3082): [SetRootLayer] [LayerTree::SetRootLayer]. set needs_full_tree_sync_ = true, but not Commit!!!
11-28 17:38:23.532 D/[cc]LayerTreeHost( 3082): [SetNeedsCommit] SetNeedsCommit!this:0x9f468d40
11-28 17:38:23.532 D/[cc]LayerTreeHost( 3082): [SetNeedsCommit] SetNeedsCommit!this:0x9f468d40
11-28 17:38:23.533 D/[cc]LayerTreeHost( 3082): [SetNeedsCommit] SetNeedsCommit!this:0x9f468d40
11-28 17:38:23.533 D/[cc]LayerTreeHost( 3082): [SetNeedsCommit] SetNeedsCommit!this:0x9f468d40
11-28 17:38:23.533 D/[cc]LayerTreeHost( 3082): [SetNeedsCommit] SetNeedsCommit!this:0x9f468d40
11-28 17:38:23.533 D/[cc]LayerTreeHost( 3082): [SetNeedsCommit] SetNeedsCommit!this:0x9f468d40
11-28 17:38:23.533 D/[cc]LayerTreeHost( 3082): [SetNeedsCommit] SetNeedsCommit!this:0x9f468d40
11-28 17:38:23.533 D/[cc]LayerTreeHost( 3082): [SetNeedsCommit] SetNeedsCommit!this:0x9f468d40
11-28 17:38:23.533 D/[cc]LayerTreeHost( 3082): [SetNeedsCommit] SetNeedsCommit!this:0x9f468d40
11-28 17:38:23.533 D/[cc]LayerTreeHost( 3082): [SetNeedsCommit] SetNeedsCommit!this:0x9f468d40
11-28 17:38:23.533 D/[cc]LayerTreeHost( 3082): [SetNeedsCommit] SetNeedsCommit!this:0x9f468d40
11-28 17:38:23.533 D/[cc]LayerTreeHost( 3082): [SetNeedsCommit] SetNeedsCommit!this:0x9f468d40
11-28 17:38:23.534 D/[blink] ImagePainter( 3082): [paintReplaced] ImagePainter::paintReplaced in w=4032, h=4032.
11-28 17:38:23.534 D/[blink] ImagePainter( 3082): [paintReplaced] ImagePainter::paintReplaced out.
11-28 17:38:23.534 D/[blink] BoxPainter( 3082): [paintBoxDecorationBackgroundWithRect] BoxPainter::paintBoxDecorationBackgroundWithRect isImage=0, isLayoutImage=0
11-28 17:38:23.534 D/[blink] ImagePainter( 3082): [paintReplaced] ImagePainter::paintReplaced in w=10560, h=19648.
11-28 17:38:23.534 D/[blink] ImagePainter( 3082): [paintReplaced] ImagePainter::paintReplaced out.
11-28 17:38:23.534 D/[blink] BoxPainter( 3082): [paintBoxDecorationBackgroundWithRect] BoxPainter::paintBoxDecorationBackgroundWithRect isImage=0, isLayoutImage=0
11-28 17:38:23.534 D/[blink] ImagePainter( 3082): [paintReplaced] ImagePainter::paintReplaced in w=10560, h=19648.
11-28 17:38:23.534 D/[blink] ImagePainter( 3082): [paintReplaced] ImagePainter::paintReplaced out.
11-28 17:38:23.534 D/[blink] BoxPainter( 3082): [paintBoxDecorationBackgroundWithRect] BoxPainter::paintBoxDecorationBackgroundWithRect isImage=0, isLayoutImage=0
11-28 17:38:23.534 D/[blink] BoxPainter( 3082): [paintBoxDecorationBackgroundWithRect] BoxPainter::paintBoxDecorationBackgroundWithRect isImage=0, isLayoutImage=0
11-28 17:38:23.534 D/[blink] ImagePainter( 3082): [paintReplaced] ImagePainter::paintReplaced in w=10560, h=19648.
11-28 17:38:23.534 D/[blink] ImagePainter( 3082): [paintReplaced] ImagePainter::paintReplaced out.
11-28 17:38:23.534 D/[blink] ImagePainter( 3082): [paintReplaced] ImagePainter::paintReplaced in w=11200, h=10240.
11-28 17:38:23.534 D/[blink] ImagePainter( 3082): [paintReplaced] ImagePainter::paintReplaced out.
11-28 17:38:23.535 D/[blink] ImagePainter( 3082): [paintReplaced] ImagePainter::paintReplaced in w=11008, h=10240.
11-28 17:38:23.535 D/[blink] ImagePainter( 3082): [paintReplaced] ImagePainter::paintReplaced out.
11-28 17:38:23.535 D/[blink] ImagePainter( 3082): [paintReplaced] ImagePainter::paintReplaced in w=11200, h=10240.
11-28 17:38:23.535 D/[blink] ImagePainter( 3082): [paintReplaced] ImagePainter::paintReplaced out.
11-28 17:38:23.535 D/[blink] ImagePainter( 3082): [paintReplaced] ImagePainter::paintReplaced in w=11200, h=10240.
11-28 17:38:23.535 D/[blink] ImagePainter( 3082): [paintReplaced] ImagePainter::paintReplaced out.
11-28 17:38:23.535 D/[blink] ImagePainter( 3082): [paintReplaced] ImagePainter::paintReplaced in w=11008, h=10240.
11-28 17:38:23.535 D/[blink] ImagePainter( 3082): [paintReplaced] ImagePainter::paintReplaced out.
11-28 17:38:23.535 D/[blink] ImagePainter( 3082): [paintReplaced] ImagePainter::paintReplaced in w=11200, h=10240.
11-28 17:38:23.535 D/[blink] ImagePainter( 3082): [paintReplaced] ImagePainter::paintReplaced out.
11-28 17:38:23.535 D/[blink] ImagePainter( 3082): [paintReplaced] ImagePainter::paintReplaced in w=22528, h=2176.
11-28 17:38:23.535 D/[blink] ImagePainter( 3082): [paintReplaced] ImagePainter::paintReplaced out.
11-28 17:38:23.535 D/[blink] ImagePainter( 3082): [paintReplaced] ImagePainter::paintReplaced in w=34624, h=19648.
11-28 17:38:23.535 D/[blink] ImagePainter( 3082): [paintReplaced] ImagePainter::paintReplaced out.
11-28 17:38:23.535 D/[blink] BoxPainter( 3082): [paintBoxDecorationBackgroundWithRect] BoxPainter::paintBoxDecorationBackgroundWithRect isImage=0, isLayoutImage=0
11-28 17:38:23.535 D/[blink] BoxPainter( 3082): [paintBoxDecorationBackgroundWithRect] BoxPainter::paintBoxDecorationBackgroundWithRect isImage=0, isLayoutImage=0
11-28 17:38:23.535 D/[blink] BoxPainter( 3082): [paintBoxDecorationBackgroundWithRect] BoxPainter::paintBoxDecorationBackgroundWithRect isImage=0, isLayoutImage=0
11-28 17:38:23.535 D/[blink] BoxPainter( 3082): [paintBoxDecorationBackgroundWithRect] BoxPainter::paintBoxDecorationBackgroundWithRect isImage=0, isLayoutImage=0
11-28 17:38:23.535 D/[blink] ImagePainter( 3082): [paintReplaced] ImagePainter::paintReplaced in w=4032, h=4032.
11-28 17:38:23.535 D/[blink] ImagePainter( 3082): [paintReplaced] ImagePainter::paintReplaced out.
11-28 17:38:23.536 D/[blink]FrameView( 3082): [updateLifecyclePhasesInternal] end... this:0x25ca40a0
11-28 17:38:23.537 D/webcoreBridge( 3082): #3117 execJS frameName='eventFrame' jscore='iPanel.dispatchMessage(32774,5974,1);'
11-28 17:38:23.537 D/webcoreBridge( 3082): execJS-->frame:0x45e41a48 focusFrame=0x45e4bdb8 focusFrame.script=0x41ce6770
11-28 17:38:23.537 D/webcoreBridge( 3082): execJS-->executeScript frame=0x45e41a48 script=0x41ce1988
11-28 17:38:23.537 D/ScriptController( 3082): [executeScriptAndReturnValue] [V8] evaluate Script start. frame=0x45e41a48 url= line=1. source length=37
11-28 17:38:23.538 D/[skia]SkBitmap( 3082): [tryAllocPixels] allocator:0x5e2742b8
11-28 17:38:23.538 D/[skia]SkBitmap( 3082): [tryAllocPixels] allocator:0x5e274038
11-28 17:38:23.538 D/iPanel  ( 3082): iPanel.debug("dispatchMessage:msg: 32774,5974,1")
11-28 17:38:23.538 D/iPanel  ( 3082): get getFocusedOrMainFrame
11-28 17:38:23.538 D/iPanel  ( 3082): getFrameByName 'eventFrame' frame=0x45e41a48 window=0x45e426f8
11-28 17:38:23.538 D/iPanel  ( 3082): getFrameByName 'mainFrame' frame=0x45e4bdb8 window=0x45e58ce0
11-28 17:38:23.538 D/iPanel  ( 3082): iPanel.debug("dispatchMessage:iPanel.getFocusedOrMainFrame = http://10.14.41.246/application/bxfc/index.htm")
11-28 17:38:23.538 D/iPanel  ( 3082): iPanel.debug("dispatchMessage:frame num: 2, keyEvent:system")
11-28 17:38:23.538 D/iPanel  ( 3082): iPanel.debug("dispatchMessage:#2. proc event 5974. url: http://10.14.41.246/application/bxfc/index.htm")
11-28 17:38:23.538 D/iPanel  ( 3082): iPanel.debug("w=[object Window], document=[object HTMLDocument], keyCode=5974, modifiers=1, keyEvent=system")
11-28 17:38:23.539 D/iPanel  ( 3082): iPanel.debug("onsystemevent is not listening")
11-28 17:38:23.539 D/iPanel  ( 3082): iPanel.debug("ret: true")
11-28 17:38:23.539 D/iPanel  ( 3082): iPanel.debug("dispatchMessage:#1. proc event 5974. url: ui:///eventpage.htm?ipanelcmd-name=eventFrame&script=ui:///ipanel.js")
11-28 17:38:23.539 D/iPanel  ( 3082): iPanel.debug("w=[object Window], document=[object HTMLDocument], keyCode=5974, modifiers=1, keyEvent=system")
11-28 17:38:23.539 D/iPanel  ( 3082): iPanel.debug("iPanelDealMsg event handler: (function(){	window.event = {		'which': 5974,		'keyCode': 5974,		'modifiers': 1,		'prevented': false,		'preventDefault': function() {			this.prevented = true;		}	};	var ret = document.onsystemevent(window.event);	if (window.event.prevented) return false;	return ret;})();")
11-28 17:38:23.539 D/iPanel  ( 3082): dom=0x45e426f8 code=(function(){	window.event = {		'which': 5974,		'keyCode': 5974,		'modifiers': 1,		'prevented': false,		'preventDefault': function() {			this.prevented = true;		}	};	var ret = document.onsystemevent(window.event);	if (window.event.prevented) return false;	return ret;})();
11-28 17:38:23.539 D/webcore ( 3082): [execEventJS] code=(function(){	window.event = {		'which': 5974,		'keyCode': 5974,		'modifiers': 1,		'prevented': false,		'preventDefault': function() {			this.prevented = true;		}	};	var ret = document.onsystemevent(window.event);	if (window.event.prevented) return false;	return ret;})();
11-28 17:38:23.539 D/webcore ( 3082): [execEventJS] focusedOrMainFrame=ui:///eventpage.htm?ipanelcmd-name=eventFrame&script=ui:///ipanel.js
11-28 17:38:23.539 D/ScriptController( 3082): [executeScriptAndReturnValue] [V8] evaluate Script start. frame=0x45e41a48 url= line=1. source length=271
11-28 17:38:23.540 D/ScriptController( 3082): [executeScriptAndReturnValue] [V8] compile Script end. frame=0x45e41a48 
11-28 17:38:23.540 D/iPanel  ( 3082): iPanel.debug("eventpage grabEvent")
11-28 17:38:23.540 D/iPanel  ( 3082): getFrameByName 'mainFrame' frame=0x45e4bdb8 window=0x45e58ce0
11-28 17:38:23.540 D/iPanel  ( 3082): iPanel.debug("--zjh-- url = http://10.14.41.246/application/bxfc/index.htm  keycode = 5974")
11-28 17:38:23.540 D/iPanel  ( 3082): iPanel.debug("eventpage.htm args.type==true")
11-28 17:38:23.540 D/iPanel  ( 3082): iPanel.debug("eventpage grabEvent eventObj==[object Object]")
11-28 17:38:23.540 D/iPanel  ( 3082): iPanel.debug("eventpage eventObj.code = EIS_MISC_HTML_OPEN_FINISHED")
11-28 17:38:23.540 D/iPanel  ( 3082): iPanel.debug("eventpage keyValue = 5974--p2:1")
11-28 17:38:23.540 D/iPanel  ( 3082): iPanel.debug("eventHandler---keycode==5974,p2=1")
11-28 17:38:23.540 D/ScriptController( 3082): [executeScriptAndReturnValue] [V8] evaluate Script end. frame=0x45e41a48 
11-28 17:38:23.540 D/webcore ( 3082): [execEventJS] ret=0
11-28 17:38:23.540 D/iPanel  ( 3082): ret=0
11-28 17:38:23.540 D/iPanel  ( 3082): iPanel.debug("ret: false")
11-28 17:38:23.540 D/iPanel  ( 3082): iPanel.debug("dispatchMessage:end")
11-28 17:38:23.540 D/ScriptController( 3082): [executeScriptAndReturnValue] [V8] evaluate Script end. frame=0x45e41a48 
11-28 17:38:23.540 D/webcoreBridge( 3082): execJS-->executeScript frame=0x45e41a48 end.
11-28 17:38:23.540 D/[skia]SkBitmap( 3082): [tryAllocPixels] allocator:0x5e274128
11-28 17:38:23.543 D/[skia]SkBitmap( 3082): [tryAllocPixels] allocator:0x5e2726e8
11-28 17:38:23.545 D/[skia]SkBitmap( 3082): [tryAllocPixels] allocator:0x5e2726e8
11-28 17:38:23.546 D/[skia]SkBitmap( 3082): [tryAllocPixels] allocator:0x5e274128
11-28 17:38:23.549 D/[skia]SkBitmap( 3082): [tryAllocPixels] allocator:0x5e274128
11-28 17:38:23.549 D/[skia]SkBitmap( 3082): [tryAllocPixels] allocator:0x5e2726e8
11-28 17:38:23.551 D/[skia]SkBitmap( 3082): [tryAllocPixels] allocator:0x5e274128
11-28 17:38:23.551 D/[skia]SkBitmap( 3082): [tryAllocPixels] allocator:0x5e2742b8
11-28 17:38:23.551 D/[skia]SkBitmap( 3082): [tryAllocPixels] allocator:0x5e2726e8
11-28 17:38:23.551 D/[skia]SkBitmap( 3082): [tryAllocPixels] allocator:0x5e2726e8
11-28 17:38:23.553 D/[skia]SkBitmap( 3082): [tryAllocPixels] allocator:0x5e2726e8
11-28 17:38:23.553 D/[skia]SkBitmap( 3082): [tryAllocPixels] allocator:0x5e274128
11-28 17:38:23.553 D/[skia]SkBitmap( 3082): [tryAllocPixels] allocator:0x5e2742b8
11-28 17:38:23.568 D/ir_user ( 1585): PlayerTimeLineTrace:linux_keycode:0x9e(UP),	protocol: .
11-28 17:38:23.568 V/PT      ( 1581): >>INFO:irkey_task:[     152.413911] /dev/input/event0: type=0001 code=009e val=00000000
11-28 17:38:23.568 V/PT      ( 1581): >>INFO:irkey_send:0x3001 0x1000 up  
11-28 17:38:23.568 V/SUMA    ( 1581): ++++++++++++++  _roc_evtmgr_key_cbk 517:input = 12289, event=4096, act=0x400
11-28 17:38:23.568 V/SUMA    ( 1581): lxm:_roc_evtmgr_key_cbk 519 152414
11-28 17:38:23.568 V/SUMA    ( 1581): lxm:_roc_evtmgr_add_key_into_queue 311 152414
11-28 17:38:23.568 V/PT      ( 1581): >>INFO:irkey_task:[     152.413911] /dev/input/event0: type=0000 code=0000 val=00000000
11-28 17:38:23.568 V/SUMA    ( 1581): ===================>> type=0 src=0 evt=4096 act=0x400
11-28 17:38:23.569 V/SUMA    ( 1581): [sysset-s][event_manager_cbk 78]lxm cbid=1, cbk_reg=1, cpid=2463
11-28 17:38:23.569 D/NGBEvent( 2463): ngbEventCallBack type:0 source :4096
11-28 17:38:23.569 D/NGBEvent( 2463): [NGBEventManager-JNI]-returning:1
11-28 17:38:23.569 D/NGBEvent( 2463): Input key event: keyCode=4096
11-28 17:38:23.569 D/NGBEvent( 2463): src:4096 = dest:4096
11-28 17:38:23.569 I/System.out( 2463): [DEBUG EventManager] LWJ--Add event to java with evt=NgbEvent-[type = 1, subtype = 402, code = 4096]
11-28 17:38:23.569 D/NGBEvent( 2463): [NGBEvent_log]--[EventManager--JNI]:		start
11-28 17:38:23.569 I/System.out( 2463): [DEBUG EventManager] broadcastEvent  :len 1
11-28 17:38:23.569 D/KeyEventNgbDealer( 2463): [TN_pool-1-thread-1]handleKeyReleased keyEvent=NgbEvent-[type = 1, subtype = 402, code = 4096],time=152414
11-28 17:38:23.569 D/RemoteIME( 2359): RemoteIME--> onKeyUp keyCode = 4
11-28 17:38:23.570 D/cr_AwTestContainerView( 3082): [AwTestContainerView.java:63] [mainFrame]: [2017-11-21 17:52:03] dispatchKeyEvent keyCode = 4 event = KeyEvent { action=ACTION_UP, keyCode=KEYCODE_BACK, scanCode=158, metaState=0, flags=0x8, repeatCount=0, eventTime=152413, downTime=152204, deviceId=4, source=0x701 }
11-28 17:38:23.570 D/ImeAdapterAndroid( 3082): [SendKeyEvent] [BUILD TIME: ] dispatchKeyEvent key_code=4 modifiers=0 unicode_char=0 scan_code=158 is_system=0 tm=152413
11-28 17:38:23.570 D/[skia]SkResourceCache( 3082): [find] bitmap:0x8f9fbf60 exists but pixel data is null!!
11-28 17:38:23.571 D/RenderWidgetInputHandler( 3082): [HandleInputEvent] input_event type=9 name=KeyUp
11-28 17:38:23.571 D/RenderWidgetInputHandler( 3082): [HandleInputEvent] key_event.nativeKeyCode:4,widget_->GetTextInputType():0
11-28 17:38:23.571 D/RenderWidgetInputHandler( 3082): [HandleInputEvent] input_event type=9 prevent_default:0
11-28 17:38:23.571 D/WebViewImpl( 3082): [handleKeyEvent] keycode:166, eventType:9 native keycode:4 frame=0x45e4bdb8. url='http://10.14.41.246/application/bxfc/index.htm'.
11-28 17:38:23.571 D/[blink]KeyboardEventManager( 3082): [keyEvent] initialKeyEvent KeyUp nativeKeyCode=4 windowsKeyCode=166 text[0]=0
11-28 17:38:23.571 D/[blink]KeyboardEventManager( 3082): [keyEvent] initialKeyEvent focusedNode=0x0
11-28 17:38:23.574 I/Advanced( 3082): [QUEUE] share_queue_sendEx size:1 4097 465 0x8fde4a48,postLoopId:0,dstid:1.
11-28 17:38:23.598 I/AdvancedPorting-PORT_MODULE_NET( 3082): network_task while... 
11-28 17:38:23.598 I/AdvancedPorting-PORT_MODULE_NET( 3082): 0 interface name: lo
11-28 17:38:23.598 I/AdvancedPorting-PORT_MODULE_NET( 3082): 1 interface name: eth0
11-28 17:38:23.598 I/AdvancedPorting-PORT_MODULE_NET( 3082): 2 interface name: wlan0
11-28 17:38:23.598 I/AdvancedPorting-PORT_MODULE_NET( 3082): First interface name: lo
11-28 17:38:23.598 I/AdvancedPorting-PORT_MODULE_NET( 3082): network_task while...  net_i:1
11-28 17:38:23.598 I/AdvancedPorting-PORT_MODULE_NET( 3082): network_task while---name_interface[0]=lo
11-28 17:38:23.598 I/AdvancedPorting-PORT_MODULE_NET( 3082): network_task while---name_interface[1]=eth0
11-28 17:38:23.598 I/AdvancedPorting-PORT_MODULE_NET( 3082): network_task while---interface_name=eth0
11-28 17:38:23.598 I/AdvancedPorting-PORT_MODULE_NET( 3082): network_get_netlink_status(in)--if_name=eth0
11-28 17:38:23.598 I/AdvancedPorting-PORT_MODULE_NET( 3082): net.network.isconnected = no
11-28 17:38:23.598 I/AdvancedPorting-PORT_MODULE_NET( 3082): eth0 --network_get_netlink_status return retval=1
11-28 17:38:23.598 I/AdvancedPorting-PORT_MODULE_NET( 3082): stat = 1 last_status = 1
11-28 17:38:23.774 I/Advanced( 3082): [QUEUE] share_queue_sendEx size:1 4097 466 0x8fde4a48,postLoopId:0,dstid:1.
11-28 17:38:23.929 D/BackBootDealerNeimeng( 2383): standbyState:
11-28 17:38:23.930 E/NetUtils( 2031): Interface eth0 LinkUp!
11-28 17:38:23.974 I/Advanced( 3082): [QUEUE] share_queue_sendEx size:1 4097 467 0x8fde4a48,postLoopId:0,dstid:1.
11-28 17:38:24.001 D/[blink]DOMTimer( 3082): [fired] 0x25ca6078 timeout fired.
11-28 17:38:24.001 D/V8ScriptRunner( 3082): [callFunction] start. frame = 0x45e4bdb8 function:  url: http://10.14.41.246/application/bxfc/js/common.js line: 493
11-28 17:38:24.002 D/[blink]DOMTimer( 3082): [DOMTimer] 0x25ca6590 setTimeout 500ms, repeat:0.
11-28 17:38:24.003 D/V8ScriptRunner( 3082): [callFunction] end. frame = 0x45e4bdb8 function:  url: http://10.14.41.246/application/bxfc/js/common.js line: 493
11-28 17:38:24.174 I/Advanced( 3082): [QUEUE] share_queue_sendEx size:1 4097 468 0x8fde4a48,postLoopId:0,dstid:1.
11-28 17:38:24.375 I/Advanced( 3082): [QUEUE] share_queue_sendEx size:1 4097 469 0x8fde4a48,postLoopId:0,dstid:1.
11-28 17:38:24.430 D/BackBootDealerNeimeng( 2383): standbyState:
11-28 17:38:24.431 E/NetUtils( 2031): Interface eth0 LinkUp!
11-28 17:38:24.503 D/[blink]DOMTimer( 3082): [fired] 0x25ca6590 timeout fired.
11-28 17:38:24.503 D/V8ScriptRunner( 3082): [callFunction] start. frame = 0x45e4bdb8 function:  url: http://10.14.41.246/application/bxfc/js/common.js line: 493
11-28 17:38:24.503 D/[blink]DOMTimer( 3082): [DOMTimer] 0x25ca6600 setTimeout 500ms, repeat:0.
11-28 17:38:24.504 D/V8ScriptRunner( 3082): [callFunction] end. frame = 0x45e4bdb8 function:  url: http://10.14.41.246/application/bxfc/js/common.js line: 493
11-28 17:38:24.575 I/Advanced( 3082): [QUEUE] share_queue_sendEx size:1 4097 470 0x8fde4a48,postLoopId:0,dstid:1.
11-28 17:38:24.587 D/ir_user ( 1585): PlayerTimeLineTrace:linux_keycode:0x1c(DOWN),	protocol: .
11-28 17:38:24.587 V/PT      ( 1581): >>INFO:irkey_task:[     153.432991] /dev/input/event0: type=0001 code=001c val=00000001
11-28 17:38:24.588 V/PT      ( 1581): >>INFO:irkey_send:0x3001 0x1001 down
11-28 17:38:24.588 V/SUMA    ( 1581): ++++++++++++++  _roc_evtmgr_key_cbk 517:input = 12289, event=4097, act=0x100
11-28 17:38:24.588 V/SUMA    ( 1581): lxm:_roc_evtmgr_key_cbk 519 153433
11-28 17:38:24.588 V/SUMA    ( 1581): lxm:_roc_evtmgr_add_evt_into_queue 347 153433
11-28 17:38:24.588 V/SUMA    ( 1581): ===================>> type=0 src=0 evt=4097 act=0x100
11-28 17:38:24.588 V/PT      ( 1581): >>INFO:irkey_task:[     153.432991] /dev/input/event0: type=0000 code=0000 val=00000000
11-28 17:38:24.588 V/SUMA    ( 1581): [sysset-s][event_manager_cbk 78]lxm cbid=1, cbk_reg=1, cpid=2463
11-28 17:38:24.588 D/NGBEvent( 2463): ngbEventCallBack type:0 source :4097
11-28 17:38:24.588 D/NGBEvent( 2463): [NGBEventManager-JNI]-returning:1
11-28 17:38:24.588 D/NGBEvent( 2463): Input key event: keyCode=4097
11-28 17:38:24.588 D/NGBEvent( 2463): src:4097 = dest:4097
11-28 17:38:24.589 I/System.out( 2463): [DEBUG EventManager] LWJ--Add event to java with evt=NgbEvent-[type = 1, subtype = 401, code = 4097]
11-28 17:38:24.589 D/NGBEvent( 2463): [NGBEvent_log]--[EventManager--JNI]:		start
11-28 17:38:24.589 I/System.out( 2463): [DEBUG EventManager] broadcastEvent  :len 1
11-28 17:38:24.589 D/CombineKeyUtil( 2463): [TN_pool-1-thread-1]dealKeyEvent,combineIndex:-1:keyCode:23
11-28 17:38:24.589 D/KeyEventNgbDealer( 2463): [TN_pool-1-thread-1]handleKeyPressed keyEvent=NgbEvent-[type = 1, subtype = 401, code = 4097],time=153434
11-28 17:38:24.589 D/RemoteIME( 2359): onKeyDown event = KeyEvent { action=ACTION_DOWN, keyCode=KEYCODE_DPAD_CENTER, scanCode=28, metaState=0, flags=0x8, repeatCount=0, eventTime=153432, downTime=153432, deviceId=4, source=0x701 },mSkbContainer=null
11-28 17:38:24.591 D/cr_AwTestContainerView( 3082): [AwTestContainerView.java:63] [mainFrame]: [2017-11-21 17:52:03] dispatchKeyEvent keyCode = 23 event = KeyEvent { action=ACTION_DOWN, keyCode=KEYCODE_DPAD_CENTER, scanCode=28, metaState=0, flags=0x8, repeatCount=0, eventTime=153432, downTime=153432, deviceId=4, source=0x701 }
11-28 17:38:24.591 D/ImeAdapterAndroid( 3082): [SendKeyEvent] [BUILD TIME: ] dispatchKeyEvent key_code=23 modifiers=0 unicode_char=0 scan_code=28 is_system=0 tm=153432
11-28 17:38:24.592 D/RenderWidgetInputHandler( 3082): [HandleInputEvent] input_event type=8 name=KeyDown
11-28 17:38:24.592 D/RenderWidgetInputHandler( 3082): [HandleInputEvent] key_event.nativeKeyCode:23,widget_->GetTextInputType():0
11-28 17:38:24.592 D/RenderWidgetInputHandler( 3082): [HandleInputEvent] input_event type=8 prevent_default:0
11-28 17:38:24.592 D/WebViewImpl( 3082): [handleKeyEvent] keycode:13, eventType:8 native keycode:23 frame=0x45e4bdb8. url='http://10.14.41.246/application/bxfc/index.htm'.
11-28 17:38:24.592 D/[blink]KeyboardEventManager( 3082): [keyEvent] initialKeyEvent KeyDown nativeKeyCode=23 windowsKeyCode=13 text[0]=13
11-28 17:38:24.592 D/[blink]KeyboardEventManager( 3082): [keyEvent] initialKeyEvent focusedNode=0x0
11-28 17:38:24.594 D/V8ScriptRunner( 3082): [callFunction] start. frame = 0x45e4bdb8 function: eventHandler url: http://10.14.41.246/application/bxfc/index.htm line: 151
11-28 17:38:24.596 D/base::KeyConverter( 3082): [get] convert 23 => -1.
11-28 17:38:24.599 I/AdvancedPorting-PORT_MODULE_NET( 3082): network_task while... 
11-28 17:38:24.599 I/AdvancedPorting-PORT_MODULE_NET( 3082): 0 interface name: lo
11-28 17:38:24.599 I/AdvancedPorting-PORT_MODULE_NET( 3082): 1 interface name: eth0
11-28 17:38:24.599 I/AdvancedPorting-PORT_MODULE_NET( 3082): 2 interface name: wlan0
11-28 17:38:24.599 I/AdvancedPorting-PORT_MODULE_NET( 3082): First interface name: lo
11-28 17:38:24.599 I/AdvancedPorting-PORT_MODULE_NET( 3082): network_task while...  net_i:1
11-28 17:38:24.599 I/AdvancedPorting-PORT_MODULE_NET( 3082): network_task while---name_interface[0]=lo
11-28 17:38:24.599 I/AdvancedPorting-PORT_MODULE_NET( 3082): network_task while---name_interface[1]=eth0
11-28 17:38:24.599 I/AdvancedPorting-PORT_MODULE_NET( 3082): network_task while---interface_name=eth0
11-28 17:38:24.599 I/AdvancedPorting-PORT_MODULE_NET( 3082): network_get_netlink_status(in)--if_name=eth0
11-28 17:38:24.599 I/AdvancedPorting-PORT_MODULE_NET( 3082): net.network.isconnected = no
11-28 17:38:24.599 I/AdvancedPorting-PORT_MODULE_NET( 3082): eth0 --network_get_netlink_status return retval=1
11-28 17:38:24.599 I/AdvancedPorting-PORT_MODULE_NET( 3082): stat = 1 last_status = 1
11-28 17:38:24.599 D/iPanel  ( 3082): iPanel.debug("iPanel.setGlobalVar : name = nmcfMenuPos value = 2")
11-28 17:38:24.599 D/iPanel  ( 3082): iPanel.debug("iPanel.misc.save undefined")
11-28 17:38:24.600 D/iPanel  ( 3082): iPanel.debug("iPanel.misc.save end")
11-28 17:38:24.600 D/iPanel  ( 3082): iPanel.debug("iPanel.setGlobalVar : name = nmcfToken value = R5A1D2EE5U20887029K53724E0DIA6230E0AP8M2FAF083WDC013F7D151")
11-28 17:38:24.600 D/iPanel  ( 3082): iPanel.debug("iPanel.misc.save undefined")
11-28 17:38:24.601 D/iPanel  ( 3082): iPanel.debug("iPanel.misc.save end")
11-28 17:38:24.601 D/iPanel  ( 3082): iPanel.debug("iPanel.setGlobalVar : name = nmcfAssetId value = 286")
11-28 17:38:24.601 D/iPanel  ( 3082): iPanel.debug("iPanel.misc.save undefined")
11-28 17:38:24.601 D/iPanel  ( 3082): iPanel.debug("iPanel.misc.save end")
11-28 17:38:24.601 D/[blink]Location( 3082): [setLocation] m_frame=0x45e4bdb8 location.href completedURL=http://10.14.41.246/application/bxfc/sec/index.htm
11-28 17:38:24.601 D/[blink]NavigationScheduler( 3082): [scheduleLocationChange] frame=0x45e4bdb8 url=http://10.14.41.246/application/bxfc/sec/index.htm
11-28 17:38:24.601 D/V8ScriptRunner( 3082): [callFunction] end. frame = 0x45e4bdb8 function: eventHandler url: http://10.14.41.246/application/bxfc/index.htm line: 151
11-28 17:38:24.601 D/[blink]KeyboardEventManager( 3082): [keyEvent] dispatchResult = CanceledByEventHandler
11-28 17:38:24.602 D/[blink]FrameLoader( 3082): [load] load request isLoadingMainFrame=1, url:http://10.14.41.246/application/bxfc/sec/index.htm
11-28 17:38:24.602 D/FrameLoaderClientImpl( 3082): [didStartLoading] start load url:http://10.14.41.246/application/bxfc/sec/index.htm, isMainframe=1, frame=0x45e4bdb8. parent=null
11-28 17:38:24.602 D/Browser ( 3082): postProgressNotification type=0
11-28 17:38:24.603 D/[blink]FrameView( 3082): [setCanPaint] this:0x25ca40a0, setCanPaint old canpaint=1, new canpaint=0 .
11-28 17:38:24.603 D/[blink]ResourceFetcher( 3082): [requestResource] url=http://10.14.41.246/application/bxfc/sec/index.htm.
11-28 17:38:24.603 D/url     ( 3082): [DoResolveRelative] [WEB] DoResolveRelative Error resolving.
11-28 17:38:24.603 D/[blink]DocumentLoader( 3082): [startLoadingMainResource]  load main resource:http://10.14.41.246/application/bxfc/sec/index.htm
11-28 17:38:24.603 D/webcoreBridge( 3082): #3117 execJS frameName='eventFrame' jscore='iPanel.dispatchMessage(32774,5975,1);'
11-28 17:38:24.603 D/webcoreBridge( 3082): execJS-->frame:0x45e41a48 focusFrame=0x45e4bdb8 focusFrame.script=0x41ce6770
11-28 17:38:24.603 D/webcoreBridge( 3082): execJS-->executeScript frame=0x45e41a48 script=0x41ce1988
11-28 17:38:24.603 D/ScriptController( 3082): [executeScriptAndReturnValue] [V8] evaluate Script start. frame=0x45e41a48 url= line=1. source length=37
11-28 17:38:24.603 D/ResourceLoader( 3082): [StartRequest] start request 0x8b1c0980 url='http://10.14.41.246/application/bxfc/sec/index.htm'
11-28 17:38:24.604 D/iPanel  ( 3082): iPanel.debug("dispatchMessage:msg: 32774,5975,1")
11-28 17:38:24.604 D/BrowserWebViewClient( 3082): onPageStarted webview = com.ipanel.android_webview.shell.AwWebViewImpl[mainFrame: focused=true url=http://10.14.41.246/application/bxfc/index.htm] url = http://10.14.41.246/application/bxfc/sec/index.htm
11-28 17:38:24.604 D/Browser ( 3082): showIconLoading
11-28 17:38:24.604 D/AwRequestInterceptor( 3082): [MaybeInterceptRequest] request=0x8b1c0980
11-28 17:38:24.604 D/iPanel  ( 3082): get getFocusedOrMainFrame
11-28 17:38:24.604 D/iPanel  ( 3082): getFrameByName 'eventFrame' frame=0x45e41a48 window=0x45e426f8
11-28 17:38:24.604 D/iPanel  ( 3082): getFrameByName 'mainFrame' frame=0x45e4bdb8 window=0x45e58ce0
11-28 17:38:24.604 D/cr_AwContents( 3082): [AwContents.java:520] BackgroundThreadClientImpl shouldInterceptRequest url = http://10.14.41.246/application/bxfc/sec/index.htm
11-28 17:38:24.604 D/iPanel  ( 3082): iPanel.debug("dispatchMessage:iPanel.getFocusedOrMainFrame = http://10.14.41.246/application/bxfc/index.htm")
11-28 17:38:24.604 D/iPanel  ( 3082): iPanel.debug("dispatchMessage:frame num: 2, keyEvent:system")
11-28 17:38:24.604 D/iPanel  ( 3082): iPanel.debug("dispatchMessage:#2. proc event 5975. url: http://10.14.41.246/application/bxfc/index.htm")
11-28 17:38:24.604 D/cr_AwNullContentsClient( 3082): [AwNullContentsClient.java:59] shouldInterceptRequest url=http://10.14.41.246/application/bxfc/sec/index.htm
11-28 17:38:24.604 D/BrowserWebViewClient( 3082): intercept request :http://10.14.41.246/application/bxfc/sec/index.htm
11-28 17:38:24.605 D/AwRequestInterceptor( 3082): [MaybeInterceptRequest] request=0x8b1c0980
11-28 17:38:24.605 D/iPanel  ( 3082): iPanel.debug("w=[object Window], document=[object HTMLDocument], keyCode=5975, modifiers=1, keyEvent=system")
11-28 17:38:24.605 D/iPanel  ( 3082): iPanel.debug("onsystemevent is not listening")
11-28 17:38:24.605 D/iPanel  ( 3082): iPanel.debug("ret: true")
11-28 17:38:24.605 D/iPanel  ( 3082): iPanel.debug("dispatchMessage:#1. proc event 5975. url: ui:///eventpage.htm?ipanelcmd-name=eventFrame&script=ui:///ipanel.js")
11-28 17:38:24.605 D/iPanel  ( 3082): iPanel.debug("w=[object Window], document=[object HTMLDocument], keyCode=5975, modifiers=1, keyEvent=system")
11-28 17:38:24.605 D/iPanel  ( 3082): iPanel.debug("iPanelDealMsg event handler: (function(){	window.event = {		'which': 5975,		'keyCode': 5975,		'modifiers': 1,		'prevented': false,		'preventDefault': function() {			this.prevented = true;		}	};	var ret = document.onsystemevent(window.event);	if (window.event.prevented) return false;	return ret;})();")
11-28 17:38:24.605 D/iPanel  ( 3082): dom=0x45e426f8 code=(function(){	window.event = {		'which': 5975,		'keyCode': 5975,		'modifiers': 1,		'prevented': false,		'preventDefault': function() {			this.prevented = true;		}	};	var ret = document.onsystemevent(window.event);	if (window.event.prevented) return false;	return ret;})();
11-28 17:38:24.605 D/webcore ( 3082): [execEventJS] code=(function(){	window.event = {		'which': 5975,		'keyCode': 5975,		'modifiers': 1,		'prevented': false,		'preventDefault': function() {			this.prevented = true;		}	};	var ret = document.onsystemevent(window.event);	if (window.event.prevented) return false;	return ret;})();
11-28 17:38:24.605 D/webcore ( 3082): [execEventJS] focusedOrMainFrame=ui:///eventpage.htm?ipanelcmd-name=eventFrame&script=ui:///ipanel.js
11-28 17:38:24.605 D/ScriptController( 3082): [executeScriptAndReturnValue] [V8] evaluate Script start. frame=0x45e41a48 url= line=1. source length=271
11-28 17:38:24.605 D/ScriptController( 3082): [executeScriptAndReturnValue] [V8] compile Script end. frame=0x45e41a48 
11-28 17:38:24.605 D/iPanel  ( 3082): iPanel.debug("eventpage grabEvent")
11-28 17:38:24.605 D/iPanel  ( 3082): getFrameByName 'mainFrame' frame=0x45e4bdb8 window=0x45e58ce0
11-28 17:38:24.605 D/iPanel  ( 3082): iPanel.debug("--zjh-- url = http://10.14.41.246/application/bxfc/index.htm  keycode = 5975")
11-28 17:38:24.605 D/iPanel  ( 3082): iPanel.debug("eventpage.htm args.type==true")
11-28 17:38:24.605 D/iPanel  ( 3082): iPanel.debug("eventpage grabEvent eventObj==[object Object]")
11-28 17:38:24.606 D/iPanel  ( 3082): iPanel.debug("eventpage eventObj.code = EIS_MISC_HTML_OPEN_START")
11-28 17:38:24.606 D/iPanel  ( 3082): iPanel.debug("eventpage keyValue = 5975--p2:1")
11-28 17:38:24.606 D/iPanel  ( 3082): iPanel.debug("eventHandler---keycode==5975,p2=1")
11-28 17:38:24.606 D/ScriptController( 3082): [executeScriptAndReturnValue] [V8] evaluate Script end. frame=0x45e41a48 
11-28 17:38:24.606 D/webcore ( 3082): [execEventJS] ret=0
11-28 17:38:24.606 D/iPanel  ( 3082): ret=0
11-28 17:38:24.606 D/iPanel  ( 3082): iPanel.debug("ret: false")
11-28 17:38:24.606 D/iPanel  ( 3082): iPanel.debug("dispatchMessage:end")
11-28 17:38:24.606 D/ScriptController( 3082): [executeScriptAndReturnValue] [V8] evaluate Script end. frame=0x45e41a48 
11-28 17:38:24.606 D/webcoreBridge( 3082): execJS-->executeScript frame=0x45e41a48 end.
11-28 17:38:24.610 D/FrameLoaderClientImpl( 3082): [dispatchDidHandleUnloadEvents] dispatch onunload event url:http://10.14.41.246/application/bxfc/index.htm
11-28 17:38:24.610 D/[blink]FocusSetting( 3082): [updateDefaultFocusColor] color=0xFFFFFF00.
11-28 17:38:24.610 D/[blink]Page( 3082): [setEnableDefaultNavigation] isEnableDefaultNavigation:1
11-28 17:38:24.610 D/FrameLoaderClientImpl( 3082): [dispatchDidHandleUnloadEvents] dispatch onunload event url:http://10.14.41.246/application/bxfc/index.htm
11-28 17:38:24.610 D/[blink]FocusSetting( 3082): [updateDefaultFocusColor] color=0xFFFFFF00.
11-28 17:38:24.610 D/[blink]ResourceFetcher( 3082): [didFailLoading] error=-3 url=http://172.16.242.166:12690/account/user/get_list?deviceno=8150010316662691&devicetype=2&pageidx=1&pagenum=10.
11-28 17:38:24.610 D/[blink]memoryCache( 3082): [evict] remove:http://172.16.242.166:12690/account/user/get_list?deviceno=8150010316662691&devicetype=2&pageidx=1&pagenum=10
11-28 17:38:24.610 D/ResourceLoader( 3082): [CancelRequest] from_renderer=1 url='http://172.16.242.166:12690/account/user/get_list?deviceno=8150010316662691&devicetype=2&pageidx=1&pagenum=10'
11-28 17:38:24.610 D/V8ScriptRunner( 3082): [callFunction] start. frame = 0x45e4bdb8 function: xmlHttp.onreadystatechange url: http://10.14.41.246/application/bxfc/js/common.js line: 145
11-28 17:38:24.610 D/ResourceLoader( 3082): [ResponseCompleted] finish request 0x8b1c5300 url='http://172.16.242.166:12690/account/user/get_list?deviceno=8150010316662691&devicetype=2&pageidx=1&pagenum=10'
11-28 17:38:24.612 D/V8ScriptRunner( 3082): [callFunction] end. frame = 0x45e4bdb8 function: xmlHttp.onreadystatechange url: http://10.14.41.246/application/bxfc/js/common.js line: 145
11-28 17:38:24.612 D/[blink]ResourceFetcher( 3082): [didFailLoading] error=-3 url=http://172.16.242.166:13160/recommend/get_recommend_by_label?accesstoken=R5A1D2EE5U20887029K53724E0DIA6230E0AP8M2FAF083WDC013F7D151&label=286&pageidx=0&pagenum=3&depth=1.
11-28 17:38:24.612 D/[blink]memoryCache( 3082): [evict] remove:http://172.16.242.166:13160/recommend/get_recommend_by_label?accesstoken=R5A1D2EE5U20887029K53724E0DIA6230E0AP8M2FAF083WDC013F7D151&label=286&pageidx=0&pagenum=3&depth=1
11-28 17:38:24.613 D/V8ScriptRunner( 3082): [callFunction] start. frame = 0x45e4bdb8 function: xmlHttp.onreadystatechange url: http://10.14.41.246/application/bxfc/js/common.js line: 450
11-28 17:38:24.613 D/ResourceLoader( 3082): [CancelRequest] from_renderer=1 url='http://172.16.242.166:13160/recommend/get_recommend_by_label?accesstoken=R5A1D2EE5U20887029K53724E0DIA6230E0AP8M2FAF083WDC013F7D151&label=286&pageidx=0&pagenum=3&depth=1'
11-28 17:38:24.613 D/ResourceLoader( 3082): [ResponseCompleted] finish request 0x8b1c5a00 url='http://172.16.242.166:13160/recommend/get_recommend_by_label?accesstoken=R5A1D2EE5U20887029K53724E0DIA6230E0AP8M2FAF083WDC013F7D151&label=286&pageidx=0&pagenum=3&depth=1'
11-28 17:38:24.614 D/ResourceLoader( 3082): [ResponseCompleted] finish request 0x8b1c0980 url='http://10.14.41.246/application/bxfc/sec/index.htm'
11-28 17:38:24.614 D/V8      ( 3082): [NewError] [V8] Factory::NewError: Unexpected token )
11-28 17:38:24.614 D/V8      ( 3082): [ThrowPendingError] [V8] JS Throw: ThrowPendingError, ../../v8/src/pending-compilation-error-handler.cc(66)
11-28 17:38:24.614 D/V8      ( 3082): [Throw] [V8] Isolate::Throw!
11-28 17:38:24.614 D/V8      ( 3082): [CompileGlobalEval] [V8] exception ASSIGN_RETURN_ON_EXCEPTION_VALUE: CompileGlobalEval, ../../v8/src/runtime/runtime-compiler.cc(442)
11-28 17:38:24.615 D/ChromeClientImpl( 3082): [addMessageToConsole] [ERROR:CONSOLE(1)] "Uncaught SyntaxError: Unexpected token )", source:http://10.14.41.246/application/bxfc/index.htm (1)
11-28 17:38:24.615 D/V8ScriptRunner( 3082): [callFunction] end. frame = 0x45e4bdb8 function: xmlHttp.onreadystatechange url: http://10.14.41.246/application/bxfc/js/common.js line: 450
11-28 17:38:24.615 D/[cc]LayerTreeHost( 3082): [SetNeedsCommit] SetNeedsCommit!this:0x9f468d40
11-28 17:38:24.615 D/[cc]beginFrameSource( 3082): [AddObserver] ExternalBeginFrameSource::AddObserver
11-28 17:38:24.615 D/[cc]LayerTreeHost( 3082): [SetNeedsCommit] SetNeedsCommit!this:0x9f468d40
11-28 17:38:24.615 D/[cc]LayerTreeHost( 3082): [SetNeedsCommit] SetNeedsCommit!this:0x9f468d40
11-28 17:38:24.615 D/[cc]LayerTreeHost( 3082): [SetNeedsCommit] SetNeedsCommit!this:0x9f468d40
11-28 17:38:24.615 D/[cc]LayerTreeHost( 3082): [SetNeedsCommit] SetNeedsCommit!this:0x9f468d40
11-28 17:38:24.615 D/[cc]LayerTreeHost( 3082): [SetNeedsCommit] SetNeedsCommit!this:0x9f468d40
11-28 17:38:24.615 D/[cc]LayerTree( 3082): [SetRootLayer] [LayerTree::SetRootLayer]. set needs_full_tree_sync_ = true, but not Commit!!!
11-28 17:38:24.616 D/[blink]FrameView( 3082): [FrameView] create FrameView frame=0x45e4bdb8 frame view=0x25ca6670
11-28 17:38:24.626 D/FrameLoaderClientImpl( 3082): [dispatchDidClearWindowObjectInMainWorld] frame=0x45e4bdb8
11-28 17:38:24.626 D/RegisterGlobalObject( 3082): start. frame=0x45e4bdb8 path='/application/bxfc/sec/index.htm'
11-28 17:38:24.626 D/RegisterGlobalObject( 3082): end. object num=32
11-28 17:38:24.627 W/cr_BindingManager( 3082): Cannot call determinedVisibility() - never saw a connection for the pid: 3082
11-28 17:38:24.628 I/cr_AwContents( 3082): org.chromium.android_webview.AwContents@c61d4c insertVisualStateCallbackIfNotDestroyed
11-28 17:38:24.628 D/FrameLoaderClientImpl( 3082): [dispatchDidClearWindowObjectInMainWorld] frame=0x45e4bdb8
11-28 17:38:24.628 D/RegisterGlobalObject( 3082): start. frame=0x45e4bdb8 path='/application/bxfc/sec/index.htm'
11-28 17:38:24.628 D/RegisterGlobalObject( 3082): end. object num=32
11-28 17:38:24.628 D/[blink]FrameLoader( 3082): [allowPlugins] allowPlugins return 1
11-28 17:38:24.628 D/[blink]HTMLDocumentParser( 3082): [appendBytes] function:appendBytes: shouldUseThreading:1
11-28 17:38:24.629 D/[blink]HTMLDocumentParser( 3082): [appendBytes] function:appendBytes: shouldUseThreading:1
11-28 17:38:24.629 D/[blink]TextResourceDecoder( 3082): [setEncoding] TextResourceDecoder::setEncoding UTF-8
11-28 17:38:24.629 D/[blink]HTMLDocumentParser( 3082): [appendBytes] function:appendBytes: shouldUseThreading:1
11-28 17:38:24.629 D/[blink]HTMLDocumentParser( 3082): [appendBytes] function:appendBytes: shouldUseThreading:1
11-28 17:38:24.629 D/[blink]HTMLDocumentParser( 3082): [appendBytes] function:appendBytes: shouldUseThreading:1
11-28 17:38:24.629 D/[blink]HTMLDocumentParser( 3082): [appendBytes] function:appendBytes: shouldUseThreading:1
11-28 17:38:24.629 D/[blink]HTMLDocumentParser( 3082): [appendBytes] function:appendBytes: shouldUseThreading:1
11-28 17:38:24.629 D/[blink]HTMLDocumentParser( 3082): [appendBytes] function:appendBytes: shouldUseThreading:1
11-28 17:38:24.629 D/[blink]HTMLDocumentParser( 3082): [appendBytes] function:appendBytes: shouldUseThreading:1
11-28 17:38:24.630 D/[blink]HTMLDocumentParser( 3082): [appendBytes] function:appendBytes: shouldUseThreading:1
11-28 17:38:24.630 D/[blink]HTMLDocumentParser( 3082): [appendBytes] function:appendBytes: shouldUseThreading:1
11-28 17:38:24.630 D/[blink]ResourceFetcher( 3082): [didFinishLoading] encoded length=55041 url=http://10.14.41.246/application/bxfc/sec/index.htm.
11-28 17:38:24.630 D/[blink]ResourceFetcher( 3082): [requestResource] url=http://10.14.41.246/application/bxfc/sec/images/logo.png.
11-28 17:38:24.630 D/url     ( 3082): [DoResolveRelative] [WEB] DoResolveRelative Error resolving.
11-28 17:38:24.631 D/[blink]ResourceFetcher( 3082): [requestResource] url=http://10.14.41.246/application/bxfc/sec/images/icon0_05.png.
11-28 17:38:24.631 D/url     ( 3082): [DoResolveRelative] [WEB] DoResolveRelative Error resolving.
11-28 17:38:24.631 D/[blink]ResourceFetcher( 3082): [requestResource] url=http://10.14.41.246/application/bxfc/sec/images/pic1_01.jpg.
11-28 17:38:24.631 D/url     ( 3082): [DoResolveRelative] [WEB] DoResolveRelative Error resolving.
11-28 17:38:24.631 D/iPanel-inject( 3082): iPanelInjectUserScripts begin. url='http://10.14.41.246/application/bxfc/sec/index.htm'
11-28 17:38:24.631 D/iPanel-inject( 3082): iPanelInjectUserScripts.count: 1
11-28 17:38:24.631 D/iPanel-inject( 3082): iPanelInjectUserScripts end
11-28 17:38:24.631 D/[cc]beginFrameSource( 3082): [AddObserver] ExternalBeginFrameSource::AddObserver
11-28 17:38:24.632 D/[blink]ResourceFetcher( 3082): [requestResource] url=http://10.14.41.246/application/bxfc/sec/images/logo.png.
11-28 17:38:24.632 D/ResourceLoader( 3082): [StartRequest] start request 0x8b1c0980 url='http://10.14.41.246/application/bxfc/sec/images/pic1_01.jpg'
11-28 17:38:24.632 D/AwRequestInterceptor( 3082): [MaybeInterceptRequest] request=0x8b1c0980
11-28 17:38:24.632 D/url     ( 3082): [DoResolveRelative] [WEB] DoResolveRelative Error resolving.
11-28 17:38:24.633 D/cr_AwContents( 3082): [AwContents.java:520] BackgroundThreadClientImpl shouldInterceptRequest url = http://10.14.41.246/application/bxfc/sec/images/pic1_01.jpg
11-28 17:38:24.633 D/cr_AwNullContentsClient( 3082): [AwNullContentsClient.java:59] shouldInterceptRequest url=http://10.14.41.246/application/bxfc/sec/images/pic1_01.jpg
11-28 17:38:24.633 D/BrowserWebViewClient( 3082): intercept request :http://10.14.41.246/application/bxfc/sec/images/pic1_01.jpg
11-28 17:38:24.633 D/AwRequestInterceptor( 3082): [MaybeInterceptRequest] request=0x8b1c0980
11-28 17:38:24.633 D/[blink]ResourceFetcher( 3082): [requestResource] url=http://10.14.41.246/application/bxfc/sec/images/icon0_05.png.
11-28 17:38:24.634 D/url     ( 3082): [DoResolveRelative] [WEB] DoResolveRelative Error resolving.
11-28 17:38:24.634 D/[blink]ResourceFetcher( 3082): [requestResource] url=http://10.14.41.246/application/bxfc/sec/images/pic1_01.jpg.
11-28 17:38:24.634 D/url     ( 3082): [DoResolveRelative] [WEB] DoResolveRelative Error resolving.
11-28 17:38:24.635 D/[blink]ResourceFetcher( 3082): [requestResource] url=http://10.14.41.246/application/bxfc/sec/images/icon0_06.png.
11-28 17:38:24.635 D/url     ( 3082): [DoResolveRelative] [WEB] DoResolveRelative Error resolving.
11-28 17:38:24.635 D/[blink]ResourceFetcher( 3082): [requestResource] url=http://10.14.41.246/application/bxfc/sec/images/pic1_01.jpg.
11-28 17:38:24.635 D/url     ( 3082): [DoResolveRelative] [WEB] DoResolveRelative Error resolving.
11-28 17:38:24.636 D/[blink]ResourceFetcher( 3082): [requestResource] url=http://10.14.41.246/application/bxfc/sec/images/icon0_07.png.
11-28 17:38:24.636 D/url     ( 3082): [DoResolveRelative] [WEB] DoResolveRelative Error resolving.
11-28 17:38:24.636 D/[blink]ResourceFetcher( 3082): [requestResource] url=http://10.14.41.246/application/bxfc/sec/images/pic1_01.jpg.
11-28 17:38:24.636 D/url     ( 3082): [DoResolveRelative] [WEB] DoResolveRelative Error resolving.
11-28 17:38:24.636 D/[blink]ResourceFetcher( 3082): [requestResource] url=http://10.14.41.246/application/bxfc/sec/images/pic1_01.jpg.
11-28 17:38:24.636 D/url     ( 3082): [DoResolveRelative] [WEB] DoResolveRelative Error resolving.
11-28 17:38:24.636 D/[blink]ResourceFetcher( 3082): [requestResource] url=http://10.14.41.246/application/bxfc/sec/images/jd1_01.png.
11-28 17:38:24.637 D/url     ( 3082): [DoResolveRelative] [WEB] DoResolveRelative Error resolving.
11-28 17:38:24.637 D/[blink]ResourceFetcher( 3082): [requestResource] url=http://10.14.41.246/application/bxfc/sec/images/jd1_03.png.
11-28 17:38:24.637 D/url     ( 3082): [DoResolveRelative] [WEB] DoResolveRelative Error resolving.
11-28 17:38:24.637 D/[blink]ResourceFetcher( 3082): [requestResource] url=http://10.14.41.246/application/bxfc/sec/images/jd1_06.png.
11-28 17:38:24.637 D/url     ( 3082): [DoResolveRelative] [WEB] DoResolveRelative Error resolving.
11-28 17:38:24.638 D/[blink]ResourceFetcher( 3082): [requestResource] url=http://10.14.41.246/application/bxfc/sec/images/jd1_08.png.
11-28 17:38:24.638 D/url     ( 3082): [DoResolveRelative] [WEB] DoResolveRelative Error resolving.
11-28 17:38:24.638 D/ResourceLoader( 3082): [ResponseCompleted] finish request 0x8b1c0980 url='http://10.14.41.246/application/bxfc/sec/images/pic1_01.jpg'
11-28 17:38:24.638 D/[blink]ResourceFetcher( 3082): [requestResource] url=http://10.14.41.246/application/bxfc/sec/images/pic1_02.jpg.
11-28 17:38:24.639 D/url     ( 3082): [DoResolveRelative] [WEB] DoResolveRelative Error resolving.
11-28 17:38:24.639 D/[blink]ResourceFetcher( 3082): [requestResource] url=http://10.14.41.246/application/bxfc/sec/images/pic1_02.jpg.
11-28 17:38:24.639 D/url     ( 3082): [DoResolveRelative] [WEB] DoResolveRelative Error resolving.
11-28 17:38:24.639 D/[blink]ResourceFetcher( 3082): [requestResource] url=http://10.14.41.246/application/bxfc/sec/images/pic1_02.jpg.
11-28 17:38:24.639 D/url     ( 3082): [DoResolveRelative] [WEB] DoResolveRelative Error resolving.
11-28 17:38:24.640 D/[blink]ResourceFetcher( 3082): [requestResource] url=http://10.14.41.246/application/bxfc/sec/images/pic1_02.jpg.
11-28 17:38:24.640 D/url     ( 3082): [DoResolveRelative] [WEB] DoResolveRelative Error resolving.
11-28 17:38:24.640 D/[blink]ResourceFetcher( 3082): [requestResource] url=http://10.14.41.246/application/bxfc/sec/images/pic1_02.jpg.
11-28 17:38:24.640 D/url     ( 3082): [DoResolveRelative] [WEB] DoResolveRelative Error resolving.
11-28 17:38:24.640 D/[blink]ResourceFetcher( 3082): [requestResource] url=http://10.14.41.246/application/bxfc/sec/images/pic1_02.jpg.
11-28 17:38:24.640 D/url     ( 3082): [DoResolveRelative] [WEB] DoResolveRelative Error resolving.
11-28 17:38:24.640 D/[blink]ResourceFetcher( 3082): [requestResource] url=http://10.14.41.246/application/bxfc/sec/images/pic1_02.jpg.
11-28 17:38:24.640 D/url     ( 3082): [DoResolveRelative] [WEB] DoResolveRelative Error resolving.
11-28 17:38:24.640 D/[blink]ResourceFetcher( 3082): [requestResource] url=http://10.14.41.246/application/bxfc/sec/images/pic1_02.jpg.
11-28 17:38:24.640 D/url     ( 3082): [DoResolveRelative] [WEB] DoResolveRelative Error resolving.
11-28 17:38:24.640 D/[blink]ResourceFetcher( 3082): [requestResource] url=http://10.14.41.246/application/bxfc/sec/images/pic1_02.jpg.
