11-28 17:45:21.472 D/[blink]FrameView( 3082): [updateStyleAndLayoutIfNeededRecursiveInternal] end... this:0x25cad918.
11-28 17:45:21.472 D/[blink]FrameView( 3082): [updateLifecyclePhasesInternal] in... this:0x25cad918, targetState=18
11-28 17:45:21.472 D/[blink]FrameView( 3082): [updateLifecyclePhasesInternal] call compositor()->updateIfNeededRecursive()!
11-28 17:45:21.472 D/[blink]FrameView( 3082): [updateLifecyclePhasesInternal] end... this:0x25cad918
11-28 17:45:21.488 D/[cc]ProxyMain( 3082): [BeginMainFrame] cc.BeginMainFrame this:0x9f73a768
11-28 17:45:21.489 D/[cc]LayerTreeHost( 3082): [AnimateLayers] AnimateLayers monotonic_time=570333310
11-28 17:45:21.489 D/[blink]FrameView( 3082): [updateStyleAndLayoutIfNeededRecursiveInternal] in... this:0x25cad918.
11-28 17:45:21.489 D/[blink]FrameView( 3082): [layout] start... this:0x25cad918, frame=0x45e4bdb8 content size(1280, 720). 
11-28 17:45:21.489 D/[blink]FrameView( 3082): [layout] performPreLayoutTasks start... this:0x25cad918
11-28 17:45:21.489 D/[blink]FrameView( 3082): [layout] performPreLayoutTasks end... this:0x25cad918
11-28 17:45:21.489 D/[blink]FrameView( 3082): [layout] performLayout start... this:0x25cad918
11-28 17:45:21.489 D/[blink]FrameView( 3082): [layout] performLayout end... this:0x25cad918
11-28 17:45:21.489 D/[blink]FrameView( 3082): [layout] call compositor()->didLayout()!
11-28 17:45:21.489 D/[blink]FrameView( 3082): [layout] updateDocumentAnnotatedRegions start... this:0x25cad918
11-28 17:45:21.489 D/[blink]FrameView( 3082): [layout] scheduleOrPerformPostLayoutTasks start... this:0x25cad918
11-28 17:45:21.489 D/[blink]FrameView( 3082): [layout] end... this:0x25cad918
11-28 17:45:21.489 D/[blink]FrameView( 3082): [layout] out... this:0x25cad918
11-28 17:45:21.489 D/[blink]FrameView( 3082): [updateStyleAndLayoutIfNeededRecursiveInternal] in... this:0x25cae190.
11-28 17:45:21.489 D/[blink]FrameView( 3082): [updateStyleAndLayoutIfNeededRecursiveInternal] end... this:0x25cae190.
11-28 17:45:21.489 D/[blink]FrameView( 3082): [updateStyleAndLayoutIfNeededRecursiveInternal] end... this:0x25cad918.
11-28 17:45:21.489 D/[blink]FrameView( 3082): [updateLifecyclePhasesInternal] in... this:0x25cad918, targetState=18
11-28 17:45:21.489 D/[blink]FrameView( 3082): [updateLifecyclePhasesInternal] call compositor()->updateIfNeededRecursive()!
11-28 17:45:21.490 D/[blink] ImagePainter( 3082): [paintReplaced] ImagePainter::paintReplaced in w=21056, h=3712.
11-28 17:45:21.491 D/[blink] ImagePainter( 3082): [paintReplaced] ImagePainter::paintReplaced in w=14272, h=1792.
11-28 17:45:21.491 D/[blink] ImagePainter( 3082): [paintReplaced] ImagePainter::paintReplaced in w=1408, h=768.
11-28 17:45:21.491 D/[blink] BoxPainter( 3082): [paintBoxDecorationBackgroundWithRect] BoxPainter::paintBoxDecorationBackgroundWithRect isImage=0, isLayoutImage=0
11-28 17:45:21.491 D/[blink]FrameView( 3082): [updateLifecyclePhasesInternal] end... this:0x25cad918
11-28 17:45:21.506 D/[cc]ProxyMain( 3082): [BeginMainFrame] cc.BeginMainFrame this:0x9f73a768
11-28 17:45:21.506 D/[cc]LayerTreeHost( 3082): [AnimateLayers] AnimateLayers monotonic_time=570349977
11-28 17:45:21.506 D/[blink]FrameView( 3082): [updateStyleAndLayoutIfNeededRecursiveInternal] in... this:0x25cad918.
11-28 17:45:21.507 D/[blink]FrameView( 3082): [layout] start... this:0x25cad918, frame=0x45e4bdb8 content size(1280, 720). 
11-28 17:45:21.507 D/[blink]FrameView( 3082): [layout] performPreLayoutTasks start... this:0x25cad918
11-28 17:45:21.507 D/[blink]FrameView( 3082): [layout] performPreLayoutTasks end... this:0x25cad918
11-28 17:45:21.507 D/[blink]FrameView( 3082): [layout] performLayout start... this:0x25cad918
11-28 17:45:21.507 D/[blink]FrameView( 3082): [layout] performLayout end... this:0x25cad918
11-28 17:45:21.507 D/[blink]FrameView( 3082): [layout] call compositor()->didLayout()!
11-28 17:45:21.507 D/[blink]FrameView( 3082): [layout] updateDocumentAnnotatedRegions start... this:0x25cad918
11-28 17:45:21.507 D/[blink]FrameView( 3082): [layout] scheduleOrPerformPostLayoutTasks start... this:0x25cad918
11-28 17:45:21.507 D/[blink]FrameView( 3082): [layout] end... this:0x25cad918
11-28 17:45:21.507 D/[blink]FrameView( 3082): [layout] out... this:0x25cad918
11-28 17:45:21.507 D/[blink]FrameView( 3082): [updateStyleAndLayoutIfNeededRecursiveInternal] in... this:0x25cae190.
11-28 17:45:21.507 D/[blink]FrameView( 3082): [updateStyleAndLayoutIfNeededRecursiveInternal] end... this:0x25cae190.
11-28 17:45:21.507 D/[blink]FrameView( 3082): [updateStyleAndLayoutIfNeededRecursiveInternal] end... this:0x25cad918.
11-28 17:45:21.507 D/[blink]FrameView( 3082): [updateLifecyclePhasesInternal] in... this:0x25cad918, targetState=18
11-28 17:45:21.507 D/[blink]FrameView( 3082): [updateLifecyclePhasesInternal] call compositor()->updateIfNeededRecursive()!
11-28 17:45:21.509 D/[blink] ImagePainter( 3082): [paintReplaced] ImagePainter::paintReplaced in w=21056, h=3712.
11-28 17:45:21.509 D/[blink] ImagePainter( 3082): [paintReplaced] ImagePainter::paintReplaced in w=14272, h=1792.
11-28 17:45:21.510 D/[blink] ImagePainter( 3082): [paintReplaced] ImagePainter::paintReplaced in w=1408, h=768.
11-28 17:45:21.510 D/[blink] BoxPainter( 3082): [paintBoxDecorationBackgroundWithRect] BoxPainter::paintBoxDecorationBackgroundWithRect isImage=0, isLayoutImage=0
11-28 17:45:21.510 D/[blink]FrameView( 3082): [updateLifecyclePhasesInternal] end... this:0x25cad918
11-28 17:45:21.518 D/ResourceLoader( 3082): [ResponseCompleted] finish request 0x8b1c1b00 url='http://10.14.41.245:13160/search/search_by_keyword?accesstoken=R5A1D2EE5U20887029K53724E0DIA6230E0AP8M2FAF083WDC013F7D151&keyword=201707&label=289&pageidx=1&pagenum=20&depth=2&sortby=4'
11-28 17:45:21.519 D/V8ScriptRunner( 3082): [callFunction] start. frame = 0x45e4bdb8 function: xmlHttp.onreadystatechange url: http://10.14.41.246/application/bxfc/sec/js/common.js line: 276
11-28 17:45:21.519 D/V8ScriptRunner( 3082): [callFunction] end. frame = 0x45e4bdb8 function: xmlHttp.onreadystatechange url: http://10.14.41.246/application/bxfc/sec/js/common.js line: 276
11-28 17:45:21.519 D/V8ScriptRunner( 3082): [callFunction] start. frame = 0x45e4bdb8 function: xmlHttp.onreadystatechange url: http://10.14.41.246/application/bxfc/sec/js/common.js line: 276
11-28 17:45:21.519 D/V8ScriptRunner( 3082): [callFunction] end. frame = 0x45e4bdb8 function: xmlHttp.onreadystatechange url: http://10.14.41.246/application/bxfc/sec/js/common.js line: 276
11-28 17:45:21.519 D/[blink]ResourceFetcher( 3082): [didFinishLoading] encoded length=299 url=http://10.14.41.245:13160/search/search_by_keyword?accesstoken=R5A1D2EE5U20887029K53724E0DIA6230E0AP8M2FAF083WDC013F7D151&keyword=201707&label=289&pageidx=1&pagenum=20&depth=2&sortby=4.
11-28 17:45:21.520 D/V8ScriptRunner( 3082): [callFunction] start. frame = 0x45e4bdb8 function: xmlHttp.onreadystatechange url: http://10.14.41.246/application/bxfc/sec/js/common.js line: 276
11-28 17:45:21.520 D/V8ScriptRunner( 3082): [callFunction] end. frame = 0x45e4bdb8 function: xmlHttp.onreadystatechange url: http://10.14.41.246/application/bxfc/sec/js/common.js line: 276
11-28 17:45:21.522 D/[cc]ProxyMain( 3082): [BeginMainFrame] cc.BeginMainFrame this:0x9f73a768
11-28 17:45:21.523 D/[cc]LayerTreeHost( 3082): [AnimateLayers] AnimateLayers monotonic_time=570366643
11-28 17:45:21.523 D/[blink]FrameView( 3082): [updateStyleAndLayoutIfNeededRecursiveInternal] in... this:0x25cad918.
11-28 17:45:21.524 D/[blink]FrameView( 3082): [layout] start... this:0x25cad918, frame=0x45e4bdb8 content size(1280, 720). 
11-28 17:45:21.524 D/[blink]FrameView( 3082): [layout] performPreLayoutTasks start... this:0x25cad918
11-28 17:45:21.524 D/[blink]FrameView( 3082): [layout] performPreLayoutTasks end... this:0x25cad918
11-28 17:45:21.524 D/[blink]FrameView( 3082): [layout] performLayout start... this:0x25cad918
11-28 17:45:21.524 D/[blink]FrameView( 3082): [layout] performLayout end... this:0x25cad918
11-28 17:45:21.524 D/[blink]FrameView( 3082): [layout] call compositor()->didLayout()!
11-28 17:45:21.525 D/[blink]FrameView( 3082): [layout] updateDocumentAnnotatedRegions start... this:0x25cad918
11-28 17:45:21.525 D/[blink]FrameView( 3082): [layout] scheduleOrPerformPostLayoutTasks start... this:0x25cad918
11-28 17:45:21.525 D/[blink]FrameView( 3082): [layout] end... this:0x25cad918
11-28 17:45:21.525 D/[blink]FrameView( 3082): [layout] out... this:0x25cad918
11-28 17:45:21.525 D/[blink]FrameView( 3082): [updateStyleAndLayoutIfNeededRecursiveInternal] in... this:0x25cae190.
11-28 17:45:21.525 D/[blink]FrameView( 3082): [updateStyleAndLayoutIfNeededRecursiveInternal] end... this:0x25cae190.
11-28 17:45:21.525 D/[blink]FrameView( 3082): [updateStyleAndLayoutIfNeededRecursiveInternal] end... this:0x25cad918.
11-28 17:45:21.525 D/[blink]FrameView( 3082): [updateLifecyclePhasesInternal] in... this:0x25cad918, targetState=18
11-28 17:45:21.525 D/[blink]FrameView( 3082): [updateLifecyclePhasesInternal] call compositor()->updateIfNeededRecursive()!
11-28 17:45:21.527 D/[blink] ImagePainter( 3082): [paintReplaced] ImagePainter::paintReplaced in w=21056, h=3712.
11-28 17:45:21.527 D/[blink] ImagePainter( 3082): [paintReplaced] ImagePainter::paintReplaced in w=14272, h=1792.
11-28 17:45:21.527 D/[blink] ImagePainter( 3082): [paintReplaced] ImagePainter::paintReplaced in w=1408, h=768.
11-28 17:45:21.528 D/[blink] BoxPainter( 3082): [paintBoxDecorationBackgroundWithRect] BoxPainter::paintBoxDecorationBackgroundWithRect isImage=0, isLayoutImage=0
11-28 17:45:21.528 D/[blink]FrameView( 3082): [updateLifecyclePhasesInternal] end... this:0x25cad918
11-28 17:45:21.538 D/[cc]ProxyMain( 3082): [BeginMainFrame] cc.BeginMainFrame this:0x9f73a768
11-28 17:45:21.540 D/[cc]LayerTreeHost( 3082): [AnimateLayers] AnimateLayers monotonic_time=570383310
11-28 17:45:21.540 D/[blink]FrameView( 3082): [updateStyleAndLayoutIfNeededRecursiveInternal] in... this:0x25cad918.
11-28 17:45:21.541 D/[blink]FrameView( 3082): [layout] start... this:0x25cad918, frame=0x45e4bdb8 content size(1280, 720). 
11-28 17:45:21.541 D/[blink]FrameView( 3082): [layout] performPreLayoutTasks start... this:0x25cad918
11-28 17:45:21.541 D/[blink]FrameView( 3082): [layout] performPreLayoutTasks end... this:0x25cad918
11-28 17:45:21.541 D/[blink]FrameView( 3082): [layout] performLayout start... this:0x25cad918
11-28 17:45:21.541 D/[blink]FrameView( 3082): [layout] performLayout end... this:0x25cad918
11-28 17:45:21.541 D/[blink]FrameView( 3082): [layout] call compositor()->didLayout()!
11-28 17:45:21.541 D/[blink]FrameView( 3082): [layout] updateDocumentAnnotatedRegions start... this:0x25cad918
11-28 17:45:21.541 D/[blink]FrameView( 3082): [layout] scheduleOrPerformPostLayoutTasks start... this:0x25cad918
11-28 17:45:21.541 D/[blink]FrameView( 3082): [layout] end... this:0x25cad918
11-28 17:45:21.541 D/[blink]FrameView( 3082): [layout] out... this:0x25cad918
11-28 17:45:21.541 D/[blink]FrameView( 3082): [updateStyleAndLayoutIfNeededRecursiveInternal] in... this:0x25cae190.
11-28 17:45:21.542 D/[blink]FrameView( 3082): [updateStyleAndLayoutIfNeededRecursiveInternal] end... this:0x25cae190.
11-28 17:45:21.542 D/[blink]FrameView( 3082): [updateStyleAndLayoutIfNeededRecursiveInternal] end... this:0x25cad918.
11-28 17:45:21.542 D/[blink]FrameView( 3082): [updateLifecyclePhasesInternal] in... this:0x25cad918, targetState=18
11-28 17:45:21.542 D/[blink]FrameView( 3082): [updateLifecyclePhasesInternal] call compositor()->updateIfNeededRecursive()!
11-28 17:45:21.543 D/[blink] ImagePainter( 3082): [paintReplaced] ImagePainter::paintReplaced in w=21056, h=3712.
11-28 17:45:21.543 D/[blink] ImagePainter( 3082): [paintReplaced] ImagePainter::paintReplaced in w=14272, h=1792.
11-28 17:45:21.543 D/[blink] ImagePainter( 3082): [paintReplaced] ImagePainter::paintReplaced in w=1408, h=768.
11-28 17:45:21.544 D/[blink] BoxPainter( 3082): [paintBoxDecorationBackgroundWithRect] BoxPainter::paintBoxDecorationBackgroundWithRect isImage=0, isLayoutImage=0
11-28 17:45:21.544 D/[blink]FrameView( 3082): [updateLifecyclePhasesInternal] end... this:0x25cad918
11-28 17:45:21.555 D/[cc]ProxyMain( 3082): [BeginMainFrame] cc.BeginMainFrame this:0x9f73a768
11-28 17:45:21.555 D/[cc]LayerTreeHost( 3082): [AnimateLayers] AnimateLayers monotonic_time=570399977
11-28 17:45:21.555 D/[blink]FrameView( 3082): [updateStyleAndLayoutIfNeededRecursiveInternal] in... this:0x25cad918.
11-28 17:45:21.556 D/[blink]FrameView( 3082): [layout] start... this:0x25cad918, frame=0x45e4bdb8 content size(1280, 720). 
11-28 17:45:21.556 D/[blink]FrameView( 3082): [layout] performPreLayoutTasks start... this:0x25cad918
11-28 17:45:21.556 D/[blink]FrameView( 3082): [layout] performPreLayoutTasks end... this:0x25cad918
11-28 17:45:21.556 D/[blink]FrameView( 3082): [layout] performLayout start... this:0x25cad918
11-28 17:45:21.556 D/[blink]FrameView( 3082): [layout] performLayout end... this:0x25cad918
11-28 17:45:21.556 D/[blink]FrameView( 3082): [layout] call compositor()->didLayout()!
11-28 17:45:21.556 D/[blink]FrameView( 3082): [layout] updateDocumentAnnotatedRegions start... this:0x25cad918
11-28 17:45:21.556 D/[blink]FrameView( 3082): [layout] scheduleOrPerformPostLayoutTasks start... this:0x25cad918
11-28 17:45:21.556 D/[blink]FrameView( 3082): [layout] end... this:0x25cad918
11-28 17:45:21.556 D/[blink]FrameView( 3082): [layout] out... this:0x25cad918
11-28 17:45:21.556 D/[blink]FrameView( 3082): [updateStyleAndLayoutIfNeededRecursiveInternal] in... this:0x25cae190.
11-28 17:45:21.556 D/[blink]FrameView( 3082): [updateStyleAndLayoutIfNeededRecursiveInternal] end... this:0x25cae190.
11-28 17:45:21.557 D/[blink]FrameView( 3082): [updateStyleAndLayoutIfNeededRecursiveInternal] end... this:0x25cad918.
11-28 17:45:21.557 D/[blink]FrameView( 3082): [updateLifecyclePhasesInternal] in... this:0x25cad918, targetState=18
11-28 17:45:21.557 D/[blink]FrameView( 3082): [updateLifecyclePhasesInternal] call compositor()->updateIfNeededRecursive()!
11-28 17:45:21.559 D/[blink] ImagePainter( 3082): [paintReplaced] ImagePainter::paintReplaced in w=21056, h=3712.
11-28 17:45:21.559 D/[blink] ImagePainter( 3082): [paintReplaced] ImagePainter::paintReplaced in w=14272, h=1792.
11-28 17:45:21.560 D/ir_user ( 1585): PlayerTimeLineTrace:linux_keycode:0x6c(UP),	protocol: .
11-28 17:45:21.560 V/PT      ( 1581): >>INFO:irkey_task:[     570.405569] /dev/input/event0: type=0001 code=006c val=00000000
11-28 17:45:21.560 V/PT      ( 1581): >>INFO:irkey_send:0x3001 0x0028 up  
11-28 17:45:21.560 V/SUMA    ( 1581): ++++++++++++++  _roc_evtmgr_key_cbk 517:input = 12289, event=40, act=0x400
11-28 17:45:21.560 V/SUMA    ( 1581): lxm:_roc_evtmgr_key_cbk 519 570405
11-28 17:45:21.560 V/SUMA    ( 1581): lxm:_roc_evtmgr_add_key_into_queue 311 570405
11-28 17:45:21.560 V/PT      ( 1581): >>INFO:irkey_task:[     570.405569] /dev/input/event0: type=0000 code=0000 val=00000000
11-28 17:45:21.560 V/SUMA    ( 1581): ===================>> type=0 src=0 evt=40 act=0x400
11-28 17:45:21.560 V/SUMA    ( 1581): [sysset-s][event_manager_cbk 78]lxm cbid=1, cbk_reg=1, cpid=2463
11-28 17:45:21.560 D/NGBEvent( 2463): ngbEventCallBack type:0 source :40
11-28 17:45:21.560 D/NGBEvent( 2463): [NGBEventManager-JNI]-returning:1
11-28 17:45:21.560 D/[blink] ImagePainter( 3082): [paintReplaced] ImagePainter::paintReplaced in w=1408, h=768.
11-28 17:45:21.560 D/NGBEvent( 2463): Input key event: keyCode=40
11-28 17:45:21.561 D/NGBEvent( 2463): src:40 = dest:40
11-28 17:45:21.561 I/System.out( 2463): [DEBUG EventManager] LWJ--Add event to java with evt=NgbEvent-[type = 1, subtype = 402, code = 40]
11-28 17:45:21.561 D/NGBEvent( 2463): [NGBEvent_log]--[EventManager--JNI]:		start
11-28 17:45:21.561 I/System.out( 2463): [DEBUG EventManager] broadcastEvent  :len 1
11-28 17:45:21.561 D/KeyEventNgbDealer( 2463): [TN_pool-1-thread-1]handleKeyReleased keyEvent=NgbEvent-[type = 1, subtype = 402, code = 40],time=570406
11-28 17:45:21.562 D/RemoteIME( 2359): RemoteIME--> onKeyUp keyCode = 20
11-28 17:45:21.562 D/[blink] BoxPainter( 3082): [paintBoxDecorationBackgroundWithRect] BoxPainter::paintBoxDecorationBackgroundWithRect isImage=0, isLayoutImage=0
11-28 17:45:21.562 D/[blink]FrameView( 3082): [updateLifecyclePhasesInternal] end... this:0x25cad918
11-28 17:45:21.562 D/cr_AwTestContainerView( 3082): [AwTestContainerView.java:63] [mainFrame]: [2017-11-21 17:52:03] dispatchKeyEvent keyCode = 20 event = KeyEvent { action=ACTION_UP, keyCode=KEYCODE_DPAD_DOWN, scanCode=108, metaState=0, flags=0x8, repeatCount=0, eventTime=570405, downTime=570304, deviceId=4, source=0x701 }
11-28 17:45:21.563 D/ImeAdapterAndroid( 3082): [SendKeyEvent] [BUILD TIME: ] dispatchKeyEvent key_code=20 modifiers=0 unicode_char=0 scan_code=108 is_system=0 tm=570405
11-28 17:45:21.566 D/RenderWidgetInputHandler( 3082): [HandleInputEvent] input_event type=9 name=KeyUp
11-28 17:45:21.566 D/RenderWidgetInputHandler( 3082): [HandleInputEvent] key_event.nativeKeyCode:20,widget_->GetTextInputType():0
11-28 17:45:21.566 D/RenderWidgetInputHandler( 3082): [HandleInputEvent] input_event type=9 prevent_default:0
11-28 17:45:21.566 D/WebViewImpl( 3082): [handleKeyEvent] keycode:40, eventType:9 native keycode:20 frame=0x45e4bdb8. url='http://10.14.41.246/application/bxfc/sec/index.htm'.
11-28 17:45:21.566 D/[blink]KeyboardEventManager( 3082): [keyEvent] initialKeyEvent KeyUp nativeKeyCode=20 windowsKeyCode=40 text[0]=0
11-28 17:45:21.566 D/[blink]KeyboardEventManager( 3082): [keyEvent] initialKeyEvent focusedNode=0x0
11-28 17:45:21.571 I/Advanced( 3082): [QUEUE] share_queue_sendEx size:1 4097 2539 0x8fde4a48,postLoopId:0,dstid:1.
11-28 17:45:21.572 D/[cc]ProxyMain( 3082): [BeginMainFrame] cc.BeginMainFrame this:0x9f73a768
11-28 17:45:21.572 D/[cc]LayerTreeHost( 3082): [AnimateLayers] AnimateLayers monotonic_time=570416643
11-28 17:45:21.572 D/[blink]FrameView( 3082): [updateStyleAndLayoutIfNeededRecursiveInternal] in... this:0x25cad918.
11-28 17:45:21.573 D/[blink]FrameView( 3082): [layout] start... this:0x25cad918, frame=0x45e4bdb8 content size(1280, 720). 
11-28 17:45:21.573 D/[blink]FrameView( 3082): [layout] performPreLayoutTasks start... this:0x25cad918
11-28 17:45:21.573 D/[blink]FrameView( 3082): [layout] performPreLayoutTasks end... this:0x25cad918
11-28 17:45:21.573 D/[blink]FrameView( 3082): [layout] performLayout start... this:0x25cad918
11-28 17:45:21.573 D/[blink]FrameView( 3082): [layout] performLayout end... this:0x25cad918
11-28 17:45:21.574 D/[blink]FrameView( 3082): [layout] call compositor()->didLayout()!
11-28 17:45:21.574 D/[blink]FrameView( 3082): [layout] updateDocumentAnnotatedRegions start... this:0x25cad918
11-28 17:45:21.574 D/[blink]FrameView( 3082): [layout] scheduleOrPerformPostLayoutTasks start... this:0x25cad918
11-28 17:45:21.574 D/[blink]FrameView( 3082): [layout] end... this:0x25cad918
11-28 17:45:21.574 D/[blink]FrameView( 3082): [layout] out... this:0x25cad918
11-28 17:45:21.574 D/[blink]FrameView( 3082): [updateStyleAndLayoutIfNeededRecursiveInternal] in... this:0x25cae190.
11-28 17:45:21.574 D/[blink]FrameView( 3082): [updateStyleAndLayoutIfNeededRecursiveInternal] end... this:0x25cae190.
11-28 17:45:21.574 D/[blink]FrameView( 3082): [updateStyleAndLayoutIfNeededRecursiveInternal] end... this:0x25cad918.
11-28 17:45:21.574 D/[blink]FrameView( 3082): [updateLifecyclePhasesInternal] in... this:0x25cad918, targetState=18
11-28 17:45:21.574 D/[blink]FrameView( 3082): [updateLifecyclePhasesInternal] call compositor()->updateIfNeededRecursive()!
11-28 17:45:21.576 D/[blink] ImagePainter( 3082): [paintReplaced] ImagePainter::paintReplaced in w=21056, h=3712.
11-28 17:45:21.576 D/[blink] ImagePainter( 3082): [paintReplaced] ImagePainter::paintReplaced in w=14272, h=1792.
11-28 17:45:21.576 D/[blink] ImagePainter( 3082): [paintReplaced] ImagePainter::paintReplaced in w=1408, h=768.
11-28 17:45:21.576 D/[blink] BoxPainter( 3082): [paintBoxDecorationBackgroundWithRect] BoxPainter::paintBoxDecorationBackgroundWithRect isImage=0, isLayoutImage=0
11-28 17:45:21.576 D/[blink]FrameView( 3082): [updateLifecyclePhasesInternal] end... this:0x25cad918
11-28 17:45:21.591 D/[cc]ProxyMain( 3082): [BeginMainFrame] cc.BeginMainFrame this:0x9f73a768
11-28 17:45:21.591 D/[cc]LayerTreeHost( 3082): [AnimateLayers] AnimateLayers monotonic_time=570433310
11-28 17:45:21.591 D/[blink]FrameView( 3082): [updateStyleAndLayoutIfNeededRecursiveInternal] in... this:0x25cad918.
11-28 17:45:21.592 D/[blink]FrameView( 3082): [updateStyleAndLayoutIfNeededRecursiveInternal] in... this:0x25cae190.
11-28 17:45:21.592 D/[blink]FrameView( 3082): [updateStyleAndLayoutIfNeededRecursiveInternal] end... this:0x25cae190.
11-28 17:45:21.592 D/[blink]FrameView( 3082): [updateStyleAndLayoutIfNeededRecursiveInternal] end... this:0x25cad918.
11-28 17:45:21.592 D/[blink]FrameView( 3082): [updateLifecyclePhasesInternal] in... this:0x25cad918, targetState=18
11-28 17:45:21.592 D/[blink]FrameView( 3082): [updateLifecyclePhasesInternal] call compositor()->updateIfNeededRecursive()!
11-28 17:45:21.592 D/[blink]FrameView( 3082): [updateLifecyclePhasesInternal] end... this:0x25cad918
11-28 17:45:21.772 I/Advanced( 3082): [QUEUE] share_queue_sendEx size:1 4097 2540 0x8fde4a48,postLoopId:0,dstid:1.
11-28 17:45:21.804 D/ir_user ( 1585): PlayerTimeLineTrace:linux_keycode:0x6c(DOWN),	protocol: .
11-28 17:45:21.804 V/PT      ( 1581): >>INFO:irkey_task:[     570.650113] /dev/input/event0: type=0001 code=006c val=00000001
11-28 17:45:21.804 V/PT      ( 1581): >>INFO:irkey_send:0x3001 0x0028 down
11-28 17:45:21.805 V/SUMA    ( 1581): ++++++++++++++  _roc_evtmgr_key_cbk 517:input = 12289, event=40, act=0x100
11-28 17:45:21.805 V/SUMA    ( 1581): lxm:_roc_evtmgr_key_cbk 519 570650
11-28 17:45:21.805 V/SUMA    ( 1581): lxm:_roc_evtmgr_add_evt_into_queue 347 570650
11-28 17:45:21.805 V/SUMA    ( 1581): ===================>> type=0 src=0 evt=40 act=0x100
11-28 17:45:21.805 V/PT      ( 1581): >>INFO:irkey_task:[     570.650113] /dev/input/event0: type=0000 code=0000 val=00000000
11-28 17:45:21.805 V/SUMA    ( 1581): [sysset-s][event_manager_cbk 78]lxm cbid=1, cbk_reg=1, cpid=2463
11-28 17:45:21.805 D/NGBEvent( 2463): ngbEventCallBack type:0 source :40
11-28 17:45:21.805 D/NGBEvent( 2463): [NGBEventManager-JNI]-returning:1
11-28 17:45:21.805 D/NGBEvent( 2463): Input key event: keyCode=40
11-28 17:45:21.805 D/NGBEvent( 2463): src:40 = dest:40
11-28 17:45:21.805 I/System.out( 2463): [DEBUG EventManager] LWJ--Add event to java with evt=NgbEvent-[type = 1, subtype = 401, code = 40]
11-28 17:45:21.805 D/NGBEvent( 2463): [NGBEvent_log]--[EventManager--JNI]:		start
11-28 17:45:21.805 I/System.out( 2463): [DEBUG EventManager] broadcastEvent  :len 1
11-28 17:45:21.805 D/CombineKeyUtil( 2463): [TN_pool-1-thread-1]dealKeyEvent,combineIndex:-1:keyCode:20
11-28 17:45:21.805 D/KeyEventNgbDealer( 2463): [TN_pool-1-thread-1]handleKeyPressed keyEvent=NgbEvent-[type = 1, subtype = 401, code = 40],time=570650
11-28 17:45:21.806 D/RemoteIME( 2359): onKeyDown event = KeyEvent { action=ACTION_DOWN, keyCode=KEYCODE_DPAD_DOWN, scanCode=108, metaState=0, flags=0x8, repeatCount=0, eventTime=570650, downTime=570650, deviceId=4, source=0x701 },mSkbContainer=null
11-28 17:45:21.806 D/cr_AwTestContainerView( 3082): [AwTestContainerView.java:63] [mainFrame]: [2017-11-21 17:52:03] dispatchKeyEvent keyCode = 20 event = KeyEvent { action=ACTION_DOWN, keyCode=KEYCODE_DPAD_DOWN, scanCode=108, metaState=0, flags=0x8, repeatCount=0, eventTime=570650, downTime=570650, deviceId=4, source=0x701 }
11-28 17:45:21.806 D/ImeAdapterAndroid( 3082): [SendKeyEvent] [BUILD TIME: ] dispatchKeyEvent key_code=20 modifiers=0 unicode_char=0 scan_code=108 is_system=0 tm=570650
11-28 17:45:21.807 D/RenderWidgetInputHandler( 3082): [HandleInputEvent] input_event type=8 name=KeyDown
11-28 17:45:21.807 D/RenderWidgetInputHandler( 3082): [HandleInputEvent] key_event.nativeKeyCode:20,widget_->GetTextInputType():0
11-28 17:45:21.807 D/RenderWidgetInputHandler( 3082): [HandleInputEvent] input_event type=8 prevent_default:0
11-28 17:45:21.807 D/WebViewImpl( 3082): [handleKeyEvent] keycode:40, eventType:8 native keycode:20 frame=0x45e4bdb8. url='http://10.14.41.246/application/bxfc/sec/index.htm'.
11-28 17:45:21.807 D/[blink]KeyboardEventManager( 3082): [keyEvent] initialKeyEvent KeyDown nativeKeyCode=20 windowsKeyCode=40 text[0]=0
11-28 17:45:21.807 D/[blink]KeyboardEventManager( 3082): [keyEvent] initialKeyEvent focusedNode=0x0
11-28 17:45:21.807 D/V8ScriptRunner( 3082): [callFunction] start. frame = 0x45e4bdb8 function: eventHandler url: http://10.14.41.246/application/bxfc/sec/index.htm line: 179
11-28 17:45:21.807 D/base::KeyConverter( 3082): [get] convert 20 => -1.
11-28 17:45:21.807 D/iPanel  ( 3082): iPanel.debug("---141----popFlag=false")
11-28 17:45:21.807 D/iPanel  ( 3082): iPanel.debug("---142----ifrSrc=http://10.14.41.246/application/bxfc/sec/index.htm")
11-28 17:45:21.807 D/iPanel  ( 3082): iPanel.debug("-------主窗口按键响应=KEY_DOWN")
11-28 17:45:21.807 D/[cc]beginFrameSource( 3082): [AddObserver] ExternalBeginFrameSource::AddObserver
11-28 17:45:21.808 D/iPanel  ( 3082): iPanel.debug("----chanel[menuPos]--:289")
11-28 17:45:21.808 D/iPanel  ( 3082): iPanel.debug("----menuPos-:2")
11-28 17:45:21.808 D/iPanel  ( 3082): iPanel.debug("----menuPos--:number")
11-28 17:45:21.808 D/iPanel  ( 3082): iPanel.debug("----listDataPath--:http://10.14.41.245:13160/search/search_by_keyword?accesstoken=R5A1D2EE5U20887029K53724E0DIA6230E0AP8M2FAF083WDC013F7D151&keyword=201708&label=289&pageidx=1&pagenum=20&depth=2&sortby=4")
11-28 17:45:21.808 D/ChromeClientImpl( 3082): [addMessageToConsole] [LOG:CONSOLE(291)] "http://10.14.41.245:13160/search/search_by_keyword?accesstoken=R5A1D2EE5U20887029K53724E0DIA6230E0AP8M2FAF083WDC013F7D151&keyword=201708&label=289&pageidx=1&pagenum=20&depth=2&sortby=4", source:http://10.14.41.246/application/bxfc/sec/js/common.js (291)
11-28 17:45:21.808 D/V8ScriptRunner( 3082): [callFunction] start. frame = 0x45e4bdb8 function: xmlHttp.onreadystatechange url: http://10.14.41.246/application/bxfc/sec/js/common.js line: 276
11-28 17:45:21.808 D/V8ScriptRunner( 3082): [callFunction] end. frame = 0x45e4bdb8 function: xmlHttp.onreadystatechange url: http://10.14.41.246/application/bxfc/sec/js/common.js line: 276
11-28 17:45:21.809 D/[blink]ResourceFetcher( 3082): [requestResource] url=http://10.14.41.245:13160/search/search_by_keyword?accesstoken=R5A1D2EE5U20887029K53724E0DIA6230E0AP8M2FAF083WDC013F7D151&keyword=201708&label=289&pageidx=1&pagenum=20&depth=2&sortby=4.
11-28 17:45:21.809 D/url     ( 3082): [DoResolveRelative] [WEB] DoResolveRelative Error resolving.
11-28 17:45:21.809 D/[blink]DOMTimer( 3082): [DOMTimer] 0x25dc37d0 setTimeout 500ms, repeat:0.
11-28 17:45:21.809 D/[blink]DOMTimer( 3082): [DOMTimer] 0x25dc3840 setTimeout 30000ms, repeat:0.
11-28 17:45:21.809 D/iPanel  ( 3082): iPanel.debug("-------keyDown=KEY_DOWN")
11-28 17:45:21.809 D/V8ScriptRunner( 3082): [callFunction] end. frame = 0x45e4bdb8 function: eventHandler url: http://10.14.41.246/application/bxfc/sec/index.htm line: 179
11-28 17:45:21.809 D/[blink]KeyboardEventManager( 3082): [keyEvent] dispatchResult = CanceledByEventHandler
11-28 17:45:21.809 D/ResourceLoader( 3082): [StartRequest] start request 0x8b1c1b00 url='http://10.14.41.245:13160/search/search_by_keyword?accesstoken=R5A1D2EE5U20887029K53724E0DIA6230E0AP8M2FAF083WDC013F7D151&keyword=201708&label=289&pageidx=1&pagenum=20&depth=2&sortby=4'
11-28 17:45:21.809 D/AwRequestInterceptor( 3082): [MaybeInterceptRequest] request=0x8b1c1b00
11-28 17:45:21.810 D/cr_AwContents( 3082): [AwContents.java:520] BackgroundThreadClientImpl shouldInterceptRequest url = http://10.14.41.245:13160/search/search_by_keyword?accesstoken=R5A1D2EE5U20887029K53724E0DIA6230E0AP8M2FAF083WDC013F7D151&keyword=201708&label=289&pageidx=1&pagenum=20&depth=2&sortby=4
11-28 17:45:21.810 D/cr_AwNullContentsClient( 3082): [AwNullContentsClient.java:59] shouldInterceptRequest url=http://10.14.41.245:13160/search/search_by_keyword?accesstoken=R5A1D2EE5U20887029K53724E0DIA6230E0AP8M2FAF083WDC013F7D151&keyword=201708&label=289&pageidx=1&pagenum=20&depth=2&sortby=4
11-28 17:45:21.810 D/BrowserWebViewClient( 3082): intercept request :http://10.14.41.245:13160/search/search_by_keyword?accesstoken=R5A1D2EE5U20887029K53724E0DIA6230E0AP8M2FAF083WDC013F7D151&keyword=201708&label=289&pageidx=1&pagenum=20&depth=2&sortby=4
11-28 17:45:21.810 D/AwRequestInterceptor( 3082): [MaybeInterceptRequest] request=0x8b1c1b00
11-28 17:45:21.822 D/[cc]ProxyMain( 3082): [BeginMainFrame] cc.BeginMainFrame this:0x9f73a768
11-28 17:45:21.822 D/[cc]LayerTreeHost( 3082): [AnimateLayers] AnimateLayers monotonic_time=570666643
11-28 17:45:21.822 D/[blink]FrameView( 3082): [updateStyleAndLayoutIfNeededRecursiveInternal] in... this:0x25cad918.
11-28 17:45:21.822 D/[blink]FrameView( 3082): [updateStyleAndLayoutIfNeededRecursiveInternal] in... this:0x25cae190.
11-28 17:45:21.822 D/[blink]FrameView( 3082): [updateStyleAndLayoutIfNeededRecursiveInternal] end... this:0x25cae190.
11-28 17:45:21.822 D/[blink]FrameView( 3082): [updateStyleAndLayoutIfNeededRecursiveInternal] end... this:0x25cad918.
11-28 17:45:21.822 D/[blink]FrameView( 3082): [updateLifecyclePhasesInternal] in... this:0x25cad918, targetState=18
11-28 17:45:21.822 D/[blink]FrameView( 3082): [updateLifecyclePhasesInternal] call compositor()->updateIfNeededRecursive()!
11-28 17:45:21.822 D/[blink]FrameView( 3082): [updateLifecyclePhasesInternal] end... this:0x25cad918
11-28 17:45:21.824 I/AdvancedPorting-PORT_MODULE_NET( 3082): network_task while... 
11-28 17:45:21.824 I/AdvancedPorting-PORT_MODULE_NET( 3082): 0 interface name: lo
11-28 17:45:21.824 I/AdvancedPorting-PORT_MODULE_NET( 3082): 1 interface name: eth0
11-28 17:45:21.824 I/AdvancedPorting-PORT_MODULE_NET( 3082): 2 interface name: wlan0
11-28 17:45:21.824 I/AdvancedPorting-PORT_MODULE_NET( 3082): First interface name: lo
11-28 17:45:21.824 I/AdvancedPorting-PORT_MODULE_NET( 3082): network_task while...  net_i:1
11-28 17:45:21.824 I/AdvancedPorting-PORT_MODULE_NET( 3082): network_task while---name_interface[0]=lo
11-28 17:45:21.824 I/AdvancedPorting-PORT_MODULE_NET( 3082): network_task while---name_interface[1]=eth0
11-28 17:45:21.824 I/AdvancedPorting-PORT_MODULE_NET( 3082): network_task while---interface_name=eth0
11-28 17:45:21.824 I/AdvancedPorting-PORT_MODULE_NET( 3082): network_get_netlink_status(in)--if_name=eth0
11-28 17:45:21.824 I/AdvancedPorting-PORT_MODULE_NET( 3082): net.network.isconnected = no
11-28 17:45:21.824 I/AdvancedPorting-PORT_MODULE_NET( 3082): eth0 --network_get_netlink_status return retval=1
11-28 17:45:21.824 I/AdvancedPorting-PORT_MODULE_NET( 3082): stat = 1 last_status = 1
11-28 17:45:21.838 D/[cc]ProxyMain( 3082): [BeginMainFrame] cc.BeginMainFrame this:0x9f73a768
11-28 17:45:21.838 D/[cc]LayerTreeHost( 3082): [AnimateLayers] AnimateLayers monotonic_time=570683310
11-28 17:45:21.838 D/[blink]FrameView( 3082): [updateStyleAndLayoutIfNeededRecursiveInternal] in... this:0x25cad918.
11-28 17:45:21.839 D/[blink]FrameView( 3082): [layout] start... this:0x25cad918, frame=0x45e4bdb8 content size(1280, 720). 
11-28 17:45:21.839 D/[blink]FrameView( 3082): [layout] performPreLayoutTasks start... this:0x25cad918
11-28 17:45:21.839 D/[blink]FrameView( 3082): [layout] performPreLayoutTasks end... this:0x25cad918
11-28 17:45:21.839 D/[blink]FrameView( 3082): [layout] performLayout start... this:0x25cad918
11-28 17:45:21.839 D/[blink]FrameView( 3082): [layout] performLayout end... this:0x25cad918
11-28 17:45:21.839 D/[blink]FrameView( 3082): [layout] call compositor()->didLayout()!
11-28 17:45:21.839 D/[blink]FrameView( 3082): [layout] updateDocumentAnnotatedRegions start... this:0x25cad918
11-28 17:45:21.839 D/[blink]FrameView( 3082): [layout] scheduleOrPerformPostLayoutTasks start... this:0x25cad918
11-28 17:45:21.839 D/[blink]FrameView( 3082): [layout] end... this:0x25cad918
11-28 17:45:21.839 D/[blink]FrameView( 3082): [layout] out... this:0x25cad918
11-28 17:45:21.839 D/[blink]FrameView( 3082): [updateStyleAndLayoutIfNeededRecursiveInternal] in... this:0x25cae190.
11-28 17:45:21.839 D/[blink]FrameView( 3082): [updateStyleAndLayoutIfNeededRecursiveInternal] end... this:0x25cae190.
11-28 17:45:21.839 D/[blink]FrameView( 3082): [updateStyleAndLayoutIfNeededRecursiveInternal] end... this:0x25cad918.
11-28 17:45:21.839 D/[blink]FrameView( 3082): [updateLifecyclePhasesInternal] in... this:0x25cad918, targetState=18
11-28 17:45:21.839 D/[blink]FrameView( 3082): [updateLifecyclePhasesInternal] call compositor()->updateIfNeededRecursive()!
11-28 17:45:21.840 D/[blink] ImagePainter( 3082): [paintReplaced] ImagePainter::paintReplaced in w=21056, h=3712.
11-28 17:45:21.841 D/[blink] ImagePainter( 3082): [paintReplaced] ImagePainter::paintReplaced in w=14272, h=1792.
11-28 17:45:21.841 D/[blink] ImagePainter( 3082): [paintReplaced] ImagePainter::paintReplaced in w=1408, h=768.
11-28 17:45:21.841 D/[blink] BoxPainter( 3082): [paintBoxDecorationBackgroundWithRect] BoxPainter::paintBoxDecorationBackgroundWithRect isImage=0, isLayoutImage=0
11-28 17:45:21.841 D/[blink]FrameView( 3082): [updateLifecyclePhasesInternal] end... this:0x25cad918
11-28 17:45:21.855 D/[cc]ProxyMain( 3082): [BeginMainFrame] cc.BeginMainFrame this:0x9f73a768
11-28 17:45:21.855 D/[cc]LayerTreeHost( 3082): [AnimateLayers] AnimateLayers monotonic_time=570699977
11-28 17:45:21.855 D/[blink]FrameView( 3082): [updateStyleAndLayoutIfNeededRecursiveInternal] in... this:0x25cad918.
11-28 17:45:21.855 D/[blink]FrameView( 3082): [layout] start... this:0x25cad918, frame=0x45e4bdb8 content size(1280, 720). 
11-28 17:45:21.855 D/[blink]FrameView( 3082): [layout] performPreLayoutTasks start... this:0x25cad918
11-28 17:45:21.855 D/[blink]FrameView( 3082): [layout] performPreLayoutTasks end... this:0x25cad918
11-28 17:45:21.855 D/[blink]FrameView( 3082): [layout] performLayout start... this:0x25cad918
11-28 17:45:21.856 D/[blink]FrameView( 3082): [layout] performLayout end... this:0x25cad918
11-28 17:45:21.856 D/[blink]FrameView( 3082): [layout] call compositor()->didLayout()!
11-28 17:45:21.856 D/[blink]FrameView( 3082): [layout] updateDocumentAnnotatedRegions start... this:0x25cad918
11-28 17:45:21.856 D/[blink]FrameView( 3082): [layout] scheduleOrPerformPostLayoutTasks start... this:0x25cad918
11-28 17:45:21.856 D/[blink]FrameView( 3082): [layout] end... this:0x25cad918
11-28 17:45:21.856 D/[blink]FrameView( 3082): [layout] out... this:0x25cad918
11-28 17:45:21.856 D/[blink]FrameView( 3082): [updateStyleAndLayoutIfNeededRecursiveInternal] in... this:0x25cae190.
11-28 17:45:21.856 D/[blink]FrameView( 3082): [updateStyleAndLayoutIfNeededRecursiveInternal] end... this:0x25cae190.
11-28 17:45:21.856 D/[blink]FrameView( 3082): [updateStyleAndLayoutIfNeededRecursiveInternal] end... this:0x25cad918.
11-28 17:45:21.856 D/[blink]FrameView( 3082): [updateLifecyclePhasesInternal] in... this:0x25cad918, targetState=18
11-28 17:45:21.856 D/[blink]FrameView( 3082): [updateLifecyclePhasesInternal] call compositor()->updateIfNeededRecursive()!
11-28 17:45:21.857 D/[blink] ImagePainter( 3082): [paintReplaced] ImagePainter::paintReplaced in w=21056, h=3712.
11-28 17:45:21.858 D/[blink] ImagePainter( 3082): [paintReplaced] ImagePainter::paintReplaced in w=14272, h=1792.
11-28 17:45:21.859 D/[blink] ImagePainter( 3082): [paintReplaced] ImagePainter::paintReplaced in w=1408, h=768.
11-28 17:45:21.859 D/[blink] BoxPainter( 3082): [paintBoxDecorationBackgroundWithRect] BoxPainter::paintBoxDecorationBackgroundWithRect isImage=0, isLayoutImage=0
11-28 17:45:21.859 D/[blink]FrameView( 3082): [updateLifecyclePhasesInternal] end... this:0x25cad918
11-28 17:45:21.862 D/ResourceLoader( 3082): [ResponseCompleted] finish request 0x8b1c1b00 url='http://10.14.41.245:13160/search/search_by_keyword?accesstoken=R5A1D2EE5U20887029K53724E0DIA6230E0AP8M2FAF083WDC013F7D151&keyword=201708&label=289&pageidx=1&pagenum=20&depth=2&sortby=4'
11-28 17:45:21.863 D/V8ScriptRunner( 3082): [callFunction] start. frame = 0x45e4bdb8 function: xmlHttp.onreadystatechange url: http://10.14.41.246/application/bxfc/sec/js/common.js line: 276
11-28 17:45:21.863 D/V8ScriptRunner( 3082): [callFunction] end. frame = 0x45e4bdb8 function: xmlHttp.onreadystatechange url: http://10.14.41.246/application/bxfc/sec/js/common.js line: 276
11-28 17:45:21.863 D/V8ScriptRunner( 3082): [callFunction] start. frame = 0x45e4bdb8 function: xmlHttp.onreadystatechange url: http://10.14.41.246/application/bxfc/sec/js/common.js line: 276
11-28 17:45:21.863 D/V8ScriptRunner( 3082): [callFunction] end. frame = 0x45e4bdb8 function: xmlHttp.onreadystatechange url: http://10.14.41.246/application/bxfc/sec/js/common.js line: 276
11-28 17:45:21.863 D/[blink]ResourceFetcher( 3082): [didFinishLoading] encoded length=299 url=http://10.14.41.245:13160/search/search_by_keyword?accesstoken=R5A1D2EE5U20887029K53724E0DIA6230E0AP8M2FAF083WDC013F7D151&keyword=201708&label=289&pageidx=1&pagenum=20&depth=2&sortby=4.
11-28 17:45:21.864 D/V8ScriptRunner( 3082): [callFunction] start. frame = 0x45e4bdb8 function: xmlHttp.onreadystatechange url: http://10.14.41.246/application/bxfc/sec/js/common.js line: 276
11-28 17:45:21.864 D/V8ScriptRunner( 3082): [callFunction] end. frame = 0x45e4bdb8 function: xmlHttp.onreadystatechange url: http://10.14.41.246/application/bxfc/sec/js/common.js line: 276
11-28 17:45:21.873 D/[cc]ProxyMain( 3082): [BeginMainFrame] cc.BeginMainFrame this:0x9f73a768
11-28 17:45:21.875 D/[cc]LayerTreeHost( 3082): [AnimateLayers] AnimateLayers monotonic_time=570716643
11-28 17:45:21.875 D/[blink]FrameView( 3082): [updateStyleAndLayoutIfNeededRecursiveInternal] in... this:0x25cad918.
11-28 17:45:21.875 D/[blink]FrameView( 3082): [layout] start... this:0x25cad918, frame=0x45e4bdb8 content size(1280, 720). 
11-28 17:45:21.875 D/[blink]FrameView( 3082): [layout] performPreLayoutTasks start... this:0x25cad918
11-28 17:45:21.875 D/[blink]FrameView( 3082): [layout] performPreLayoutTasks end... this:0x25cad918
11-28 17:45:21.875 D/[blink]FrameView( 3082): [layout] performLayout start... this:0x25cad918
11-28 17:45:21.875 D/[blink]FrameView( 3082): [layout] performLayout end... this:0x25cad918
11-28 17:45:21.876 D/[blink]FrameView( 3082): [layout] call compositor()->didLayout()!
11-28 17:45:21.876 D/[blink]FrameView( 3082): [layout] updateDocumentAnnotatedRegions start... this:0x25cad918
11-28 17:45:21.876 D/[blink]FrameView( 3082): [layout] scheduleOrPerformPostLayoutTasks start... this:0x25cad918
11-28 17:45:21.876 D/[blink]FrameView( 3082): [layout] end... this:0x25cad918
11-28 17:45:21.876 D/[blink]FrameView( 3082): [layout] out... this:0x25cad918
11-28 17:45:21.876 D/[blink]FrameView( 3082): [updateStyleAndLayoutIfNeededRecursiveInternal] in... this:0x25cae190.
11-28 17:45:21.876 D/[blink]FrameView( 3082): [updateStyleAndLayoutIfNeededRecursiveInternal] end... this:0x25cae190.
11-28 17:45:21.876 D/[blink]FrameView( 3082): [updateStyleAndLayoutIfNeededRecursiveInternal] end... this:0x25cad918.
11-28 17:45:21.876 D/[blink]FrameView( 3082): [updateLifecyclePhasesInternal] in... this:0x25cad918, targetState=18
11-28 17:45:21.876 D/[blink]FrameView( 3082): [updateLifecyclePhasesInternal] call compositor()->updateIfNeededRecursive()!
11-28 17:45:21.877 D/[blink] ImagePainter( 3082): [paintReplaced] ImagePainter::paintReplaced in w=21056, h=3712.
11-28 17:45:21.877 D/[blink] ImagePainter( 3082): [paintReplaced] ImagePainter::paintReplaced in w=14272, h=1792.
11-28 17:45:21.877 D/[blink] ImagePainter( 3082): [paintReplaced] ImagePainter::paintReplaced in w=1408, h=768.
11-28 17:45:21.877 D/[blink] BoxPainter( 3082): [paintBoxDecorationBackgroundWithRect] BoxPainter::paintBoxDecorationBackgroundWithRect isImage=0, isLayoutImage=0
11-28 17:45:21.878 D/[blink]FrameView( 3082): [updateLifecyclePhasesInternal] end... this:0x25cad918
11-28 17:45:21.888 D/[cc]ProxyMain( 3082): [BeginMainFrame] cc.BeginMainFrame this:0x9f73a768
11-28 17:45:21.889 D/[cc]LayerTreeHost( 3082): [AnimateLayers] AnimateLayers monotonic_time=570733310
11-28 17:45:21.889 D/[blink]FrameView( 3082): [updateStyleAndLayoutIfNeededRecursiveInternal] in... this:0x25cad918.
11-28 17:45:21.890 D/[blink]FrameView( 3082): [layout] start... this:0x25cad918, frame=0x45e4bdb8 content size(1280, 720). 
11-28 17:45:21.890 D/[blink]FrameView( 3082): [layout] performPreLayoutTasks start... this:0x25cad918
11-28 17:45:21.890 D/[blink]FrameView( 3082): [layout] performPreLayoutTasks end... this:0x25cad918
11-28 17:45:21.890 D/[blink]FrameView( 3082): [layout] performLayout start... this:0x25cad918
11-28 17:45:21.890 D/[blink]FrameView( 3082): [layout] performLayout end... this:0x25cad918
11-28 17:45:21.891 D/[blink]FrameView( 3082): [layout] call compositor()->didLayout()!
11-28 17:45:21.891 D/[blink]FrameView( 3082): [layout] updateDocumentAnnotatedRegions start... this:0x25cad918
11-28 17:45:21.891 D/[blink]FrameView( 3082): [layout] scheduleOrPerformPostLayoutTasks start... this:0x25cad918
11-28 17:45:21.891 D/[blink]FrameView( 3082): [layout] end... this:0x25cad918
11-28 17:45:21.891 D/[blink]FrameView( 3082): [layout] out... this:0x25cad918
11-28 17:45:21.891 D/[blink]FrameView( 3082): [updateStyleAndLayoutIfNeededRecursiveInternal] in... this:0x25cae190.
11-28 17:45:21.891 D/[blink]FrameView( 3082): [updateStyleAndLayoutIfNeededRecursiveInternal] end... this:0x25cae190.
11-28 17:45:21.891 D/[blink]FrameView( 3082): [updateStyleAndLayoutIfNeededRecursiveInternal] end... this:0x25cad918.
11-28 17:45:21.891 D/[blink]FrameView( 3082): [updateLifecyclePhasesInternal] in... this:0x25cad918, targetState=18
11-28 17:45:21.891 D/[blink]FrameView( 3082): [updateLifecyclePhasesInternal] call compositor()->updateIfNeededRecursive()!
11-28 17:45:21.894 D/[blink] ImagePainter( 3082): [paintReplaced] ImagePainter::paintReplaced in w=21056, h=3712.
11-28 17:45:21.894 D/[blink] ImagePainter( 3082): [paintReplaced] ImagePainter::paintReplaced in w=14272, h=1792.
11-28 17:45:21.895 D/[blink] ImagePainter( 3082): [paintReplaced] ImagePainter::paintReplaced in w=1408, h=768.
11-28 17:45:21.895 D/[blink] BoxPainter( 3082): [paintBoxDecorationBackgroundWithRect] BoxPainter::paintBoxDecorationBackgroundWithRect isImage=0, isLayoutImage=0
11-28 17:45:21.895 D/[blink]FrameView( 3082): [updateLifecyclePhasesInternal] end... this:0x25cad918
11-28 17:45:21.905 D/[cc]ProxyMain( 3082): [BeginMainFrame] cc.BeginMainFrame this:0x9f73a768
11-28 17:45:21.906 D/ir_user ( 1585): PlayerTimeLineTrace:linux_keycode:0x6c(UP),	protocol: .
11-28 17:45:21.906 V/PT      ( 1581): >>INFO:irkey_task:[     570.751423] /dev/input/event0: type=0001 code=006c val=00000000
11-28 17:45:21.906 V/PT      ( 1581): >>INFO:irkey_send:0x3001 0x0028 up  
11-28 17:45:21.906 V/SUMA    ( 1581): ++++++++++++++  _roc_evtmgr_key_cbk 517:input = 12289, event=40, act=0x400
11-28 17:45:21.906 V/SUMA    ( 1581): lxm:_roc_evtmgr_key_cbk 519 570751
11-28 17:45:21.906 V/SUMA    ( 1581): lxm:_roc_evtmgr_add_key_into_queue 311 570751
11-28 17:45:21.906 V/PT      ( 1581): >>INFO:irkey_task:[     570.751423] /dev/input/event0: type=0000 code=0000 val=00000000
11-28 17:45:21.906 V/SUMA    ( 1581): ===================>> type=0 src=0 evt=40 act=0x400
11-28 17:45:21.906 V/SUMA    ( 1581): [sysset-s][event_manager_cbk 78]lxm cbid=1, cbk_reg=1, cpid=2463
11-28 17:45:21.906 D/NGBEvent( 2463): ngbEventCallBack type:0 source :40
11-28 17:45:21.906 D/NGBEvent( 2463): [NGBEventManager-JNI]-returning:1
11-28 17:45:21.906 D/NGBEvent( 2463): Input key event: keyCode=40
11-28 17:45:21.906 D/NGBEvent( 2463): src:40 = dest:40
11-28 17:45:21.906 I/System.out( 2463): [DEBUG EventManager] LWJ--Add event to java with evt=NgbEvent-[type = 1, subtype = 402, code = 40]
11-28 17:45:21.906 D/NGBEvent( 2463): [NGBEvent_log]--[EventManager--JNI]:		start
11-28 17:45:21.906 I/System.out( 2463): [DEBUG EventManager] broadcastEvent  :len 1
11-28 17:45:21.906 D/KeyEventNgbDealer( 2463): [TN_pool-1-thread-1]handleKeyReleased keyEvent=NgbEvent-[type = 1, subtype = 402, code = 40],time=570752
11-28 17:45:21.906 D/[cc]LayerTreeHost( 3082): [AnimateLayers] AnimateLayers monotonic_time=570749977
11-28 17:45:21.907 D/[blink]FrameView( 3082): [updateStyleAndLayoutIfNeededRecursiveInternal] in... this:0x25cad918.
11-28 17:45:21.907 D/[blink]FrameView( 3082): [layout] start... this:0x25cad918, frame=0x45e4bdb8 content size(1280, 720). 
11-28 17:45:21.907 D/[blink]FrameView( 3082): [layout] performPreLayoutTasks start... this:0x25cad918
11-28 17:45:21.907 D/[blink]FrameView( 3082): [layout] performPreLayoutTasks end... this:0x25cad918
11-28 17:45:21.907 D/[blink]FrameView( 3082): [layout] performLayout start... this:0x25cad918
11-28 17:45:21.908 D/[blink]FrameView( 3082): [layout] performLayout end... this:0x25cad918
11-28 17:45:21.908 D/[blink]FrameView( 3082): [layout] call compositor()->didLayout()!
11-28 17:45:21.908 D/[blink]FrameView( 3082): [layout] updateDocumentAnnotatedRegions start... this:0x25cad918
11-28 17:45:21.908 D/[blink]FrameView( 3082): [layout] scheduleOrPerformPostLayoutTasks start... this:0x25cad918
11-28 17:45:21.908 D/[blink]FrameView( 3082): [layout] end... this:0x25cad918
11-28 17:45:21.908 D/[blink]FrameView( 3082): [layout] out... this:0x25cad918
11-28 17:45:21.908 D/[blink]FrameView( 3082): [updateStyleAndLayoutIfNeededRecursiveInternal] in... this:0x25cae190.
11-28 17:45:21.908 D/[blink]FrameView( 3082): [updateStyleAndLayoutIfNeededRecursiveInternal] end... this:0x25cae190.
11-28 17:45:21.908 D/[blink]FrameView( 3082): [updateStyleAndLayoutIfNeededRecursiveInternal] end... this:0x25cad918.
11-28 17:45:21.908 D/[blink]FrameView( 3082): [updateLifecyclePhasesInternal] in... this:0x25cad918, targetState=18
11-28 17:45:21.908 D/[blink]FrameView( 3082): [updateLifecyclePhasesInternal] call compositor()->updateIfNeededRecursive()!
11-28 17:45:21.911 D/[blink] ImagePainter( 3082): [paintReplaced] ImagePainter::paintReplaced in w=21056, h=3712.
11-28 17:45:21.911 D/[blink] ImagePainter( 3082): [paintReplaced] ImagePainter::paintReplaced in w=14272, h=1792.
11-28 17:45:21.911 D/[blink] ImagePainter( 3082): [paintReplaced] ImagePainter::paintReplaced in w=1408, h=768.
11-28 17:45:21.911 D/[blink] BoxPainter( 3082): [paintBoxDecorationBackgroundWithRect] BoxPainter::paintBoxDecorationBackgroundWithRect isImage=0, isLayoutImage=0
11-28 17:45:21.911 D/[blink]FrameView( 3082): [updateLifecyclePhasesInternal] end... this:0x25cad918
11-28 17:45:21.927 D/RemoteIME( 2359): RemoteIME--> onKeyUp keyCode = 20
11-28 17:45:21.928 D/[cc]ProxyMain( 3082): [BeginMainFrame] cc.BeginMainFrame this:0x9f73a768
11-28 17:45:21.928 D/[cc]LayerTreeHost( 3082): [AnimateLayers] AnimateLayers monotonic_time=570766643
11-28 17:45:21.928 D/[blink]FrameView( 3082): [updateStyleAndLayoutIfNeededRecursiveInternal] in... this:0x25cad918.
11-28 17:45:21.928 D/[blink]FrameView( 3082): [layout] start... this:0x25cad918, frame=0x45e4bdb8 content size(1280, 720). 
11-28 17:45:21.928 D/[blink]FrameView( 3082): [layout] performPreLayoutTasks start... this:0x25cad918
11-28 17:45:21.928 D/[blink]FrameView( 3082): [layout] performPreLayoutTasks end... this:0x25cad918
11-28 17:45:21.928 D/[blink]FrameView( 3082): [layout] performLayout start... this:0x25cad918
11-28 17:45:21.928 D/[blink]FrameView( 3082): [layout] performLayout end... this:0x25cad918
11-28 17:45:21.929 D/[blink]FrameView( 3082): [layout] call compositor()->didLayout()!
11-28 17:45:21.929 D/[blink]FrameView( 3082): [layout] updateDocumentAnnotatedRegions start... this:0x25cad918
11-28 17:45:21.929 D/[blink]FrameView( 3082): [layout] scheduleOrPerformPostLayoutTasks start... this:0x25cad918
11-28 17:45:21.929 D/[blink]FrameView( 3082): [layout] end... this:0x25cad918
11-28 17:45:21.929 D/[blink]FrameView( 3082): [layout] out... this:0x25cad918
11-28 17:45:21.929 D/[blink]FrameView( 3082): [updateStyleAndLayoutIfNeededRecursiveInternal] in... this:0x25cae190.
11-28 17:45:21.929 D/[blink]FrameView( 3082): [updateStyleAndLayoutIfNeededRecursiveInternal] end... this:0x25cae190.
11-28 17:45:21.929 D/[blink]FrameView( 3082): [updateStyleAndLayoutIfNeededRecursiveInternal] end... this:0x25cad918.
11-28 17:45:21.929 D/[blink]FrameView( 3082): [updateLifecyclePhasesInternal] in... this:0x25cad918, targetState=18
11-28 17:45:21.929 D/[blink]FrameView( 3082): [updateLifecyclePhasesInternal] call compositor()->updateIfNeededRecursive()!
11-28 17:45:21.930 D/[blink] ImagePainter( 3082): [paintReplaced] ImagePainter::paintReplaced in w=21056, h=3712.
11-28 17:45:21.930 D/[blink] ImagePainter( 3082): [paintReplaced] ImagePainter::paintReplaced in w=14272, h=1792.
11-28 17:45:21.930 D/[blink] ImagePainter( 3082): [paintReplaced] ImagePainter::paintReplaced in w=1408, h=768.
11-28 17:45:21.931 D/[blink] BoxPainter( 3082): [paintBoxDecorationBackgroundWithRect] BoxPainter::paintBoxDecorationBackgroundWithRect isImage=0, isLayoutImage=0
11-28 17:45:21.931 D/[blink]FrameView( 3082): [updateLifecyclePhasesInternal] end... this:0x25cad918
11-28 17:45:21.954 D/BackBootDealerNeimeng( 2383): standbyState:
11-28 17:45:21.955 D/cr_AwTestContainerView( 3082): [AwTestContainerView.java:63] [mainFrame]: [2017-11-21 17:52:03] dispatchKeyEvent keyCode = 20 event = KeyEvent { action=ACTION_UP, keyCode=KEYCODE_DPAD_DOWN, scanCode=108, metaState=0, flags=0x8, repeatCount=0, eventTime=570751, downTime=570650, deviceId=4, source=0x701 }
