11-28 16:36:05.737 I/AdvancedPorting-PORT_MODULE_NET( 3039): network_task while---name_interface[0]=lo
11-28 16:36:05.737 I/AdvancedPorting-PORT_MODULE_NET( 3039): network_task while---name_interface[1]=eth0
11-28 16:36:05.737 I/AdvancedPorting-PORT_MODULE_NET( 3039): network_task while---interface_name=eth0
11-28 16:36:05.737 I/AdvancedPorting-PORT_MODULE_NET( 3039): network_get_netlink_status(in)--if_name=eth0
11-28 16:36:05.737 I/AdvancedPorting-PORT_MODULE_NET( 3039): net.network.isconnected = no
11-28 16:36:05.737 I/AdvancedPorting-PORT_MODULE_NET( 3039): eth0 --network_get_netlink_status return retval=1
11-28 16:36:05.737 I/AdvancedPorting-PORT_MODULE_NET( 3039): stat = 1 last_status = 1
11-28 16:36:05.831 I/Advanced( 3039): [QUEUE] share_queue_sendEx size:1 4097 624 0x8f027a48,postLoopId:0,dstid:1.
11-28 16:36:05.916 D/BackBootDealerNeimeng( 2401): standbyState:
11-28 16:36:05.917 E/NetUtils( 2029): Interface eth0 LinkUp!
11-28 16:36:06.031 I/Advanced( 3039): [QUEUE] share_queue_sendEx size:1 4097 625 0x8f027a48,postLoopId:0,dstid:1.
11-28 16:36:06.232 I/Advanced( 3039): [QUEUE] share_queue_sendEx size:1 4097 626 0x8f027a48,postLoopId:0,dstid:1.
11-28 16:36:06.417 D/BackBootDealerNeimeng( 2401): standbyState:
11-28 16:36:06.418 E/NetUtils( 2029): Interface eth0 LinkUp!
11-28 16:36:06.642 I/Advanced( 3039): [QUEUE] share_queue_sendEx size:1 4097 628 0x8f027a48,postLoopId:0,dstid:1.
11-28 16:36:06.737 I/AdvancedPorting-PORT_MODULE_NET( 3039): network_task while... 
11-28 16:36:06.738 I/AdvancedPorting-PORT_MODULE_NET( 3039): 0 interface name: lo
11-28 16:36:06.738 I/AdvancedPorting-PORT_MODULE_NET( 3039): 1 interface name: eth0
11-28 16:36:06.738 I/AdvancedPorting-PORT_MODULE_NET( 3039): 2 interface name: wlan0
11-28 16:36:06.738 I/AdvancedPorting-PORT_MODULE_NET( 3039): First interface name: lo
11-28 16:36:06.738 I/AdvancedPorting-PORT_MODULE_NET( 3039): network_task while...  net_i:1
11-28 16:36:06.738 I/AdvancedPorting-PORT_MODULE_NET( 3039): network_task while---name_interface[0]=lo
11-28 16:36:06.738 I/AdvancedPorting-PORT_MODULE_NET( 3039): network_task while---name_interface[1]=eth0
11-28 16:36:06.738 I/AdvancedPorting-PORT_MODULE_NET( 3039): network_task while---interface_name=eth0
11-28 16:36:06.738 I/AdvancedPorting-PORT_MODULE_NET( 3039): network_get_netlink_status(in)--if_name=eth0
11-28 16:36:06.738 I/AdvancedPorting-PORT_MODULE_NET( 3039): net.network.isconnected = no
11-28 16:36:06.738 I/AdvancedPorting-PORT_MODULE_NET( 3039): eth0 --network_get_netlink_status return retval=1
11-28 16:36:06.738 I/AdvancedPorting-PORT_MODULE_NET( 3039): stat = 1 last_status = 1
11-28 16:36:06.918 D/BackBootDealerNeimeng( 2401): standbyState:
11-28 16:36:06.919 E/NetUtils( 2029): Interface eth0 LinkUp!
11-28 16:36:07.052 I/Advanced( 3039): [QUEUE] share_queue_sendEx size:1 4097 630 0x8f027a48,postLoopId:0,dstid:1.
11-28 16:36:07.420 D/BackBootDealerNeimeng( 2401): standbyState:
11-28 16:36:07.420 E/NetUtils( 2029): Interface eth0 LinkUp!
11-28 16:36:07.462 I/Advanced( 3039): [QUEUE] share_queue_sendEx size:1 4097 632 0x8f027a48,postLoopId:0,dstid:1.
11-28 16:36:07.662 I/Advanced( 3039): [QUEUE] share_queue_sendEx size:1 4097 633 0x8f027a48,postLoopId:0,dstid:1.
11-28 16:36:07.738 I/AdvancedPorting-PORT_MODULE_NET( 3039): network_task while... 
11-28 16:36:07.738 I/AdvancedPorting-PORT_MODULE_NET( 3039): 0 interface name: lo
11-28 16:36:07.738 I/AdvancedPorting-PORT_MODULE_NET( 3039): 1 interface name: eth0
11-28 16:36:07.738 I/AdvancedPorting-PORT_MODULE_NET( 3039): 2 interface name: wlan0
11-28 16:36:07.738 I/AdvancedPorting-PORT_MODULE_NET( 3039): First interface name: lo
11-28 16:36:07.738 I/AdvancedPorting-PORT_MODULE_NET( 3039): network_task while...  net_i:1
11-28 16:36:07.738 I/AdvancedPorting-PORT_MODULE_NET( 3039): network_task while---name_interface[0]=lo
11-28 16:36:07.738 I/AdvancedPorting-PORT_MODULE_NET( 3039): network_task while---name_interface[1]=eth0
11-28 16:36:07.738 I/AdvancedPorting-PORT_MODULE_NET( 3039): network_task while---interface_name=eth0
11-28 16:36:07.738 I/AdvancedPorting-PORT_MODULE_NET( 3039): network_get_netlink_status(in)--if_name=eth0
11-28 16:36:07.738 I/AdvancedPorting-PORT_MODULE_NET( 3039): net.network.isconnected = no
11-28 16:36:07.738 I/AdvancedPorting-PORT_MODULE_NET( 3039): eth0 --network_get_netlink_status return retval=1
11-28 16:36:07.738 I/AdvancedPorting-PORT_MODULE_NET( 3039): stat = 1 last_status = 1
11-28 16:36:07.863 I/Advanced( 3039): [QUEUE] share_queue_sendEx size:1 4097 634 0x8f027a48,postLoopId:0,dstid:1.
11-28 16:36:07.921 D/BackBootDealerNeimeng( 2401): standbyState:
11-28 16:36:07.922 E/NetUtils( 2029): Interface eth0 LinkUp!
11-28 16:36:08.063 I/Advanced( 3039): [QUEUE] share_queue_sendEx size:1 4097 635 0x8f027a48,postLoopId:0,dstid:1.
11-28 16:36:08.422 D/BackBootDealerNeimeng( 2401): standbyState:
11-28 16:36:08.423 E/NetUtils( 2029): Interface eth0 LinkUp!
11-28 16:36:08.473 I/Advanced( 3039): [QUEUE] share_queue_sendEx size:1 4097 637 0x8f027a48,postLoopId:0,dstid:1.
11-28 16:36:08.739 I/AdvancedPorting-PORT_MODULE_NET( 3039): network_task while... 
11-28 16:36:08.739 I/AdvancedPorting-PORT_MODULE_NET( 3039): 0 interface name: lo
11-28 16:36:08.739 I/AdvancedPorting-PORT_MODULE_NET( 3039): 1 interface name: eth0
11-28 16:36:08.739 I/AdvancedPorting-PORT_MODULE_NET( 3039): 2 interface name: wlan0
11-28 16:36:08.739 I/AdvancedPorting-PORT_MODULE_NET( 3039): First interface name: lo
11-28 16:36:08.739 I/AdvancedPorting-PORT_MODULE_NET( 3039): network_task while...  net_i:1
11-28 16:36:08.739 I/AdvancedPorting-PORT_MODULE_NET( 3039): network_task while---name_interface[0]=lo
11-28 16:36:08.739 I/AdvancedPorting-PORT_MODULE_NET( 3039): network_task while---name_interface[1]=eth0
11-28 16:36:08.739 I/AdvancedPorting-PORT_MODULE_NET( 3039): network_task while---interface_name=eth0
11-28 16:36:08.739 I/AdvancedPorting-PORT_MODULE_NET( 3039): network_get_netlink_status(in)--if_name=eth0
11-28 16:36:08.739 I/AdvancedPorting-PORT_MODULE_NET( 3039): net.network.isconnected = no
11-28 16:36:08.739 I/AdvancedPorting-PORT_MODULE_NET( 3039): eth0 --network_get_netlink_status return retval=1
11-28 16:36:08.739 I/AdvancedPorting-PORT_MODULE_NET( 3039): stat = 1 last_status = 1
11-28 16:36:08.883 I/Advanced( 3039): [QUEUE] share_queue_sendEx size:1 4097 639 0x8f027a48,postLoopId:0,dstid:1.
11-28 16:36:08.923 D/BackBootDealerNeimeng( 2401): standbyState:
11-28 16:36:08.924 E/NetUtils( 2029): Interface eth0 LinkUp!
11-28 16:36:09.083 I/Advanced( 3039): [QUEUE] share_queue_sendEx size:1 4097 640 0x8f027a48,postLoopId:0,dstid:1.
11-28 16:36:09.135 D/Advertiser( 2443): End of sleep at time:1511858169135
11-28 16:36:09.135 D/Advertiser( 2443): Begin announce....with thread:org.cybergarage.d.b.a@a6b03dd
11-28 16:36:09.135 D/TimerUtil( 2443): waitRandom time=300,waitTime=65
11-28 16:36:09.135 D/Device  ( 2443): announce deviceDataBindAddress null
11-28 16:36:09.140 D/Device  ( 2443): announce 0 bindAddress=10.0.0.86
11-28 16:36:09.140 D/HTTPMUSocket( 2443): open addr=239.255.255.250,port=1900,bindAddr=10.0.0.86
11-28 16:36:09.146 D/HTTPMUSocket( 2443): send msg:NOTIFY * HTTP/1.1
11-28 16:36:09.146 D/HTTPMUSocket( 2443): Server: Linux/3.18.24_hi3798mv2x UPnP/1.0 CyberLinkJava/1.8
11-28 16:36:09.146 D/HTTPMUSocket( 2443): Cache-Control: max-age=1800
11-28 16:36:09.146 D/HTTPMUSocket( 2443): Location: http://10.0.0.86:38520/description.xml
11-28 16:36:09.146 D/HTTPMUSocket( 2443): NTS: ssdp:alive
11-28 16:36:09.146 D/HTTPMUSocket( 2443): NT: upnp:rootdevice
11-28 16:36:09.146 D/HTTPMUSocket( 2443): USN: uuid:bedb84c3-dcc5-4b75-8e79-308771ab5a9f::upnp:rootdevice
11-28 16:36:09.146 D/HTTPMUSocket( 2443): HOST: 239.255.255.250:1900
11-28 16:36:09.146 D/HTTPMUSocket( 2443): 
11-28 16:36:09.146 D/HTTPMUSocket( 2443): bindAddr:null and port:-1
11-28 16:36:09.147 D/HTTPMUSocket( 2443): /10.0.0.86
11-28 16:36:09.148 D/HTTPMUSocket( 2443): send msg:NOTIFY * HTTP/1.1
11-28 16:36:09.148 D/HTTPMUSocket( 2443): Server: Linux/3.18.24_hi3798mv2x UPnP/1.0 CyberLinkJava/1.8
11-28 16:36:09.148 D/HTTPMUSocket( 2443): Cache-Control: max-age=1800
11-28 16:36:09.148 D/HTTPMUSocket( 2443): Location: http://10.0.0.86:38520/description.xml
11-28 16:36:09.148 D/HTTPMUSocket( 2443): NTS: ssdp:alive
11-28 16:36:09.148 D/HTTPMUSocket( 2443): NT: uuid:bedb84c3-dcc5-4b75-8e79-308771ab5a9f
11-28 16:36:09.148 D/HTTPMUSocket( 2443): USN: uuid:bedb84c3-dcc5-4b75-8e79-308771ab5a9f
11-28 16:36:09.148 D/HTTPMUSocket( 2443): HOST: 239.255.255.250:1900
11-28 16:36:09.148 D/HTTPMUSocket( 2443): 
11-28 16:36:09.148 D/HTTPMUSocket( 2443): bindAddr:null and port:-1
11-28 16:36:09.148 D/HTTPMUSocket( 2443): /10.0.0.86
11-28 16:36:09.149 D/HTTPMUSocket( 2443): send msg:NOTIFY * HTTP/1.1
11-28 16:36:09.149 D/HTTPMUSocket( 2443): Server: Linux/3.18.24_hi3798mv2x UPnP/1.0 CyberLinkJava/1.8
11-28 16:36:09.149 D/HTTPMUSocket( 2443): Cache-Control: max-age=1800
11-28 16:36:09.149 D/HTTPMUSocket( 2443): Location: http://10.0.0.86:38520/description.xml
11-28 16:36:09.149 D/HTTPMUSocket( 2443): NTS: ssdp:alive
11-28 16:36:09.149 D/HTTPMUSocket( 2443): NT: urn:schemas-upnp-org:device:MediaServer:1
11-28 16:36:09.149 D/HTTPMUSocket( 2443): USN: uuid:bedb84c3-dcc5-4b75-8e79-308771ab5a9f::urn:schemas-upnp-org:device:MediaServer:1
11-28 16:36:09.149 D/HTTPMUSocket( 2443): HOST: 239.255.255.250:1900
11-28 16:36:09.149 D/HTTPMUSocket( 2443): 
11-28 16:36:09.149 D/HTTPMUSocket( 2443): bindAddr:null and port:-1
11-28 16:36:09.150 D/HTTPMUSocket( 2443): /10.0.0.86
11-28 16:36:09.150 D/Device  ( 2443): announce bindAddr=10.0.0.86,devLocation=http://10.0.0.86:38520/description.xml,location=http://10.0.0.86:38520/description.xml
11-28 16:36:09.150 D/Device  ( 2443): announce bindAddr=10.0.0.86,serviceDesUrl=
11-28 16:36:09.151 D/HTTPMUSocket( 2443): open addr=239.255.255.250,port=1900,bindAddr=10.0.0.86
11-28 16:36:09.155 D/TimerUtil( 2443): waitRandom time=300,waitTime=178
11-28 16:36:09.156 D/HTTPMUSocket( 2443): send msg:NOTIFY * HTTP/1.1
11-28 16:36:09.156 D/HTTPMUSocket( 2443): Server: Linux/3.18.24_hi3798mv2x UPnP/1.0 CyberLinkJava/1.8
11-28 16:36:09.156 D/HTTPMUSocket( 2443): Cache-Control: max-age=1800
11-28 16:36:09.156 D/HTTPMUSocket( 2443): Location: http://10.0.0.86:38520/description.xml
11-28 16:36:09.156 D/HTTPMUSocket( 2443): NTS: ssdp:alive
11-28 16:36:09.156 D/HTTPMUSocket( 2443): NT: urn:schemas-upnp-org:service:ContentDirectory:1
11-28 16:36:09.156 D/HTTPMUSocket( 2443): USN: uuid:bedb84c3-dcc5-4b75-8e79-308771ab5a9f::urn:schemas-upnp-org:service:ContentDirectory:1
11-28 16:36:09.156 D/HTTPMUSocket( 2443): HOST: 239.255.255.250:1900
11-28 16:36:09.156 D/HTTPMUSocket( 2443): 
11-28 16:36:09.156 D/HTTPMUSocket( 2443): bindAddr:null and port:-1
11-28 16:36:09.157 D/HTTPMUSocket( 2443): /10.0.0.86
11-28 16:36:09.157 D/Device  ( 2443): announce bindAddr=10.0.0.86,serviceDesUrl=
11-28 16:36:09.160 D/HTTPMUSocket( 2443): open addr=239.255.255.250,port=1900,bindAddr=10.0.0.86
11-28 16:36:09.165 D/TimerUtil( 2443): waitRandom time=300,waitTime=36
11-28 16:36:09.165 D/HTTPMUSocket( 2443): send msg:NOTIFY * HTTP/1.1
11-28 16:36:09.165 D/HTTPMUSocket( 2443): Server: Linux/3.18.24_hi3798mv2x UPnP/1.0 CyberLinkJava/1.8
11-28 16:36:09.165 D/HTTPMUSocket( 2443): Cache-Control: max-age=1800
11-28 16:36:09.165 D/HTTPMUSocket( 2443): Location: http://10.0.0.86:38520/description.xml
11-28 16:36:09.165 D/HTTPMUSocket( 2443): NTS: ssdp:alive
11-28 16:36:09.165 D/HTTPMUSocket( 2443): NT: urn:schemas-upnp-org:service:ConnectionManager:1
11-28 16:36:09.165 D/HTTPMUSocket( 2443): USN: uuid:bedb84c3-dcc5-4b75-8e79-308771ab5a9f::urn:schemas-upnp-org:service:ConnectionManager:1
11-28 16:36:09.165 D/HTTPMUSocket( 2443): HOST: 239.255.255.250:1900
11-28 16:36:09.165 D/HTTPMUSocket( 2443): 
11-28 16:36:09.165 D/HTTPMUSocket( 2443): bindAddr:null and port:-1
11-28 16:36:09.166 D/HTTPMUSocket( 2443): /10.0.0.86
11-28 16:36:09.167 D/Device  ( 2443): announce bindAddr=10.0.0.86,serviceDesUrl=
11-28 16:36:09.168 D/HTTPMUSocket( 2443): open addr=239.255.255.250,port=1900,bindAddr=10.0.0.86
11-28 16:36:09.172 D/TimerUtil( 2443): waitRandom time=300,waitTime=81
11-28 16:36:09.172 D/HTTPMUSocket( 2443): send msg:NOTIFY * HTTP/1.1
11-28 16:36:09.172 D/HTTPMUSocket( 2443): Server: Linux/3.18.24_hi3798mv2x UPnP/1.0 CyberLinkJava/1.8
11-28 16:36:09.172 D/HTTPMUSocket( 2443): Cache-Control: max-age=1800
11-28 16:36:09.172 D/HTTPMUSocket( 2443): Location: http://10.0.0.86:38520/description.xml
11-28 16:36:09.172 D/HTTPMUSocket( 2443): NTS: ssdp:alive
11-28 16:36:09.172 D/HTTPMUSocket( 2443): NT: urn:schemas-upnp-org:service:AVTransport:1
11-28 16:36:09.172 D/HTTPMUSocket( 2443): USN: uuid:bedb84c3-dcc5-4b75-8e79-308771ab5a9f::urn:schemas-upnp-org:service:AVTransport:1
11-28 16:36:09.172 D/HTTPMUSocket( 2443): HOST: 239.255.255.250:1900
11-28 16:36:09.172 D/HTTPMUSocket( 2443): 
11-28 16:36:09.172 D/HTTPMUSocket( 2443): bindAddr:null and port:-1
11-28 16:36:09.172 D/HTTPMUSocket( 2443): /10.0.0.86
11-28 16:36:09.173 D/Device  ( 2443): announce bindAddr=10.0.0.86,serviceDesUrl=
11-28 16:36:09.174 D/HTTPMUSocket( 2443): open addr=239.255.255.250,port=1900,bindAddr=10.0.0.86
11-28 16:36:09.176 D/TimerUtil( 2443): waitRandom time=300,waitTime=154
11-28 16:36:09.177 D/HTTPMUSocket( 2443): send msg:NOTIFY * HTTP/1.1
11-28 16:36:09.177 D/HTTPMUSocket( 2443): Server: Linux/3.18.24_hi3798mv2x UPnP/1.0 CyberLinkJava/1.8
11-28 16:36:09.177 D/HTTPMUSocket( 2443): Cache-Control: max-age=1800
11-28 16:36:09.177 D/HTTPMUSocket( 2443): Location: http://10.0.0.86:38520/description.xml
11-28 16:36:09.177 D/HTTPMUSocket( 2443): NTS: ssdp:alive
11-28 16:36:09.177 D/HTTPMUSocket( 2443): NT: urn:sumavision.com:service:X_SUMA_EVENT:1
11-28 16:36:09.177 D/HTTPMUSocket( 2443): USN: uuid:bedb84c3-dcc5-4b75-8e79-308771ab5a9f::urn:sumavision.com:service:X_SUMA_EVENT:1
11-28 16:36:09.177 D/HTTPMUSocket( 2443): HOST: 239.255.255.250:1900
11-28 16:36:09.177 D/HTTPMUSocket( 2443): 
11-28 16:36:09.177 D/HTTPMUSocket( 2443): bindAddr:null and port:-1
11-28 16:36:09.177 D/HTTPMUSocket( 2443): /10.0.0.86
11-28 16:36:09.177 D/Device  ( 2443): announce 1 bindAddress=192.168.31.244
11-28 16:36:09.178 D/HTTPMUSocket( 2443): open addr=239.255.255.250,port=1900,bindAddr=192.168.31.244
11-28 16:36:09.181 D/HTTPMUSocket( 2443): send msg:NOTIFY * HTTP/1.1
11-28 16:36:09.181 D/HTTPMUSocket( 2443): Server: Linux/3.18.24_hi3798mv2x UPnP/1.0 CyberLinkJava/1.8
11-28 16:36:09.181 D/HTTPMUSocket( 2443): Cache-Control: max-age=1800
11-28 16:36:09.181 D/HTTPMUSocket( 2443): Location: http://192.168.31.244:38520/description.xml
11-28 16:36:09.181 D/HTTPMUSocket( 2443): NTS: ssdp:alive
11-28 16:36:09.181 D/HTTPMUSocket( 2443): NT: upnp:rootdevice
11-28 16:36:09.181 D/HTTPMUSocket( 2443): USN: uuid:bedb84c3-dcc5-4b75-8e79-308771ab5a9f::upnp:rootdevice
11-28 16:36:09.181 D/HTTPMUSocket( 2443): HOST: 239.255.255.250:1900
11-28 16:36:09.181 D/HTTPMUSocket( 2443): 
11-28 16:36:09.181 D/HTTPMUSocket( 2443): bindAddr:null and port:-1
11-28 16:36:09.181 D/HTTPMUSocket( 2443): /192.168.31.244
11-28 16:36:09.182 D/HTTPMUSocket( 2443): send msg:NOTIFY * HTTP/1.1
11-28 16:36:09.182 D/HTTPMUSocket( 2443): Server: Linux/3.18.24_hi3798mv2x UPnP/1.0 CyberLinkJava/1.8
11-28 16:36:09.182 D/HTTPMUSocket( 2443): Cache-Control: max-age=1800
11-28 16:36:09.182 D/HTTPMUSocket( 2443): Location: http://192.168.31.244:38520/description.xml
11-28 16:36:09.182 D/HTTPMUSocket( 2443): NTS: ssdp:alive
11-28 16:36:09.182 D/HTTPMUSocket( 2443): NT: uuid:bedb84c3-dcc5-4b75-8e79-308771ab5a9f
11-28 16:36:09.182 D/HTTPMUSocket( 2443): USN: uuid:bedb84c3-dcc5-4b75-8e79-308771ab5a9f
11-28 16:36:09.182 D/HTTPMUSocket( 2443): HOST: 239.255.255.250:1900
11-28 16:36:09.182 D/HTTPMUSocket( 2443): 
11-28 16:36:09.182 D/HTTPMUSocket( 2443): bindAddr:null and port:-1
11-28 16:36:09.182 D/HTTPMUSocket( 2443): /192.168.31.244
11-28 16:36:09.184 D/HTTPMUSocket( 2443): send msg:NOTIFY * HTTP/1.1
11-28 16:36:09.184 D/HTTPMUSocket( 2443): Server: Linux/3.18.24_hi3798mv2x UPnP/1.0 CyberLinkJava/1.8
11-28 16:36:09.184 D/HTTPMUSocket( 2443): Cache-Control: max-age=1800
11-28 16:36:09.184 D/HTTPMUSocket( 2443): Location: http://192.168.31.244:38520/description.xml
11-28 16:36:09.184 D/HTTPMUSocket( 2443): NTS: ssdp:alive
11-28 16:36:09.184 D/HTTPMUSocket( 2443): NT: urn:schemas-upnp-org:device:MediaServer:1
11-28 16:36:09.184 D/HTTPMUSocket( 2443): USN: uuid:bedb84c3-dcc5-4b75-8e79-308771ab5a9f::urn:schemas-upnp-org:device:MediaServer:1
11-28 16:36:09.184 D/HTTPMUSocket( 2443): HOST: 239.255.255.250:1900
11-28 16:36:09.184 D/HTTPMUSocket( 2443): 
11-28 16:36:09.184 D/HTTPMUSocket( 2443): bindAddr:null and port:-1
11-28 16:36:09.184 D/HTTPMUSocket( 2443): /192.168.31.244
11-28 16:36:09.185 D/Device  ( 2443): announce bindAddr=192.168.31.244,devLocation=http://192.168.31.244:38520/description.xml,location=http://192.168.31.244:38520/description.xml
11-28 16:36:09.185 D/Device  ( 2443): announce bindAddr=192.168.31.244,serviceDesUrl=
11-28 16:36:09.186 D/HTTPMUSocket( 2443): open addr=239.255.255.250,port=1900,bindAddr=192.168.31.244
11-28 16:36:09.188 D/TimerUtil( 2443): waitRandom time=300,waitTime=99
11-28 16:36:09.189 D/HTTPMUSocket( 2443): send msg:NOTIFY * HTTP/1.1
11-28 16:36:09.189 D/HTTPMUSocket( 2443): Server: Linux/3.18.24_hi3798mv2x UPnP/1.0 CyberLinkJava/1.8
11-28 16:36:09.189 D/HTTPMUSocket( 2443): Cache-Control: max-age=1800
11-28 16:36:09.189 D/HTTPMUSocket( 2443): Location: http://192.168.31.244:38520/description.xml
11-28 16:36:09.189 D/HTTPMUSocket( 2443): NTS: ssdp:alive
11-28 16:36:09.189 D/HTTPMUSocket( 2443): NT: urn:schemas-upnp-org:service:ContentDirectory:1
11-28 16:36:09.189 D/HTTPMUSocket( 2443): USN: uuid:bedb84c3-dcc5-4b75-8e79-308771ab5a9f::urn:schemas-upnp-org:service:ContentDirectory:1
11-28 16:36:09.189 D/HTTPMUSocket( 2443): HOST: 239.255.255.250:1900
11-28 16:36:09.189 D/HTTPMUSocket( 2443): 
11-28 16:36:09.189 D/HTTPMUSocket( 2443): bindAddr:null and port:-1
11-28 16:36:09.189 D/HTTPMUSocket( 2443): /192.168.31.244
11-28 16:36:09.190 D/Device  ( 2443): announce bindAddr=192.168.31.244,serviceDesUrl=
11-28 16:36:09.190 D/HTTPMUSocket( 2443): open addr=239.255.255.250,port=1900,bindAddr=192.168.31.244
11-28 16:36:09.193 D/TimerUtil( 2443): waitRandom time=300,waitTime=173
11-28 16:36:09.193 D/HTTPMUSocket( 2443): send msg:NOTIFY * HTTP/1.1
11-28 16:36:09.193 D/HTTPMUSocket( 2443): Server: Linux/3.18.24_hi3798mv2x UPnP/1.0 CyberLinkJava/1.8
11-28 16:36:09.193 D/HTTPMUSocket( 2443): Cache-Control: max-age=1800
11-28 16:36:09.193 D/HTTPMUSocket( 2443): Location: http://192.168.31.244:38520/description.xml
11-28 16:36:09.193 D/HTTPMUSocket( 2443): NTS: ssdp:alive
11-28 16:36:09.193 D/HTTPMUSocket( 2443): NT: urn:schemas-upnp-org:service:ConnectionManager:1
11-28 16:36:09.193 D/HTTPMUSocket( 2443): USN: uuid:bedb84c3-dcc5-4b75-8e79-308771ab5a9f::urn:schemas-upnp-org:service:ConnectionManager:1
11-28 16:36:09.193 D/HTTPMUSocket( 2443): HOST: 239.255.255.250:1900
11-28 16:36:09.193 D/HTTPMUSocket( 2443): 
11-28 16:36:09.193 D/HTTPMUSocket( 2443): bindAddr:null and port:-1
11-28 16:36:09.194 D/HTTPMUSocket( 2443): /192.168.31.244
11-28 16:36:09.195 D/Device  ( 2443): announce bindAddr=192.168.31.244,serviceDesUrl=
11-28 16:36:09.195 D/HTTPMUSocket( 2443): open addr=239.255.255.250,port=1900,bindAddr=192.168.31.244
11-28 16:36:09.198 D/TimerUtil( 2443): waitRandom time=300,waitTime=272
11-28 16:36:09.198 D/HTTPMUSocket( 2443): send msg:NOTIFY * HTTP/1.1
11-28 16:36:09.198 D/HTTPMUSocket( 2443): Server: Linux/3.18.24_hi3798mv2x UPnP/1.0 CyberLinkJava/1.8
11-28 16:36:09.198 D/HTTPMUSocket( 2443): Cache-Control: max-age=1800
11-28 16:36:09.198 D/HTTPMUSocket( 2443): Location: http://192.168.31.244:38520/description.xml
11-28 16:36:09.198 D/HTTPMUSocket( 2443): NTS: ssdp:alive
11-28 16:36:09.198 D/HTTPMUSocket( 2443): NT: urn:schemas-upnp-org:service:AVTransport:1
11-28 16:36:09.198 D/HTTPMUSocket( 2443): USN: uuid:bedb84c3-dcc5-4b75-8e79-308771ab5a9f::urn:schemas-upnp-org:service:AVTransport:1
11-28 16:36:09.198 D/HTTPMUSocket( 2443): HOST: 239.255.255.250:1900
11-28 16:36:09.198 D/HTTPMUSocket( 2443): 
11-28 16:36:09.198 D/HTTPMUSocket( 2443): bindAddr:null and port:-1
11-28 16:36:09.199 D/HTTPMUSocket( 2443): /192.168.31.244
11-28 16:36:09.199 D/Device  ( 2443): announce bindAddr=192.168.31.244,serviceDesUrl=
11-28 16:36:09.200 D/HTTPMUSocket( 2443): open addr=239.255.255.250,port=1900,bindAddr=192.168.31.244
11-28 16:36:09.203 D/TimerUtil( 2443): waitRandom time=300,waitTime=83
11-28 16:36:09.203 D/HTTPMUSocket( 2443): send msg:NOTIFY * HTTP/1.1
11-28 16:36:09.203 D/HTTPMUSocket( 2443): Server: Linux/3.18.24_hi3798mv2x UPnP/1.0 CyberLinkJava/1.8
11-28 16:36:09.203 D/HTTPMUSocket( 2443): Cache-Control: max-age=1800
11-28 16:36:09.203 D/HTTPMUSocket( 2443): Location: http://192.168.31.244:38520/description.xml
11-28 16:36:09.203 D/HTTPMUSocket( 2443): NTS: ssdp:alive
11-28 16:36:09.203 D/HTTPMUSocket( 2443): NT: urn:sumavision.com:service:X_SUMA_EVENT:1
11-28 16:36:09.203 D/HTTPMUSocket( 2443): USN: uuid:bedb84c3-dcc5-4b75-8e79-308771ab5a9f::urn:sumavision.com:service:X_SUMA_EVENT:1
11-28 16:36:09.203 D/HTTPMUSocket( 2443): HOST: 239.255.255.250:1900
11-28 16:36:09.203 D/HTTPMUSocket( 2443): 
11-28 16:36:09.203 D/HTTPMUSocket( 2443): bindAddr:null and port:-1
11-28 16:36:09.203 D/HTTPMUSocket( 2443): /192.168.31.244
11-28 16:36:09.204 D/Advertiser( 2443): Advertise12:52000 at time:1511858169204 with thread:org.cybergarage.d.b.a@a6b03dd
11-28 16:36:09.284 I/Advanced( 3039): [QUEUE] share_queue_sendEx size:1 4097 641 0x8f027a48,postLoopId:0,dstid:1.
11-28 16:36:09.425 D/BackBootDealerNeimeng( 2401): standbyState:
11-28 16:36:09.426 E/NetUtils( 2029): Interface eth0 LinkUp!
11-28 16:36:09.484 I/Advanced( 3039): [QUEUE] share_queue_sendEx size:1 4097 642 0x8f027a48,postLoopId:0,dstid:1.
11-28 16:36:09.739 I/AdvancedPorting-PORT_MODULE_NET( 3039): network_task while... 
11-28 16:36:09.739 I/AdvancedPorting-PORT_MODULE_NET( 3039): 0 interface name: lo
11-28 16:36:09.739 I/AdvancedPorting-PORT_MODULE_NET( 3039): 1 interface name: eth0
11-28 16:36:09.739 I/AdvancedPorting-PORT_MODULE_NET( 3039): 2 interface name: wlan0
11-28 16:36:09.739 I/AdvancedPorting-PORT_MODULE_NET( 3039): First interface name: lo
11-28 16:36:09.739 I/AdvancedPorting-PORT_MODULE_NET( 3039): network_task while...  net_i:1
11-28 16:36:09.739 I/AdvancedPorting-PORT_MODULE_NET( 3039): network_task while---name_interface[0]=lo
11-28 16:36:09.739 I/AdvancedPorting-PORT_MODULE_NET( 3039): network_task while---name_interface[1]=eth0
11-28 16:36:09.739 I/AdvancedPorting-PORT_MODULE_NET( 3039): network_task while---interface_name=eth0
11-28 16:36:09.739 I/AdvancedPorting-PORT_MODULE_NET( 3039): network_get_netlink_status(in)--if_name=eth0
11-28 16:36:09.739 I/AdvancedPorting-PORT_MODULE_NET( 3039): net.network.isconnected = no
11-28 16:36:09.740 I/AdvancedPorting-PORT_MODULE_NET( 3039): eth0 --network_get_netlink_status return retval=1
11-28 16:36:09.740 I/AdvancedPorting-PORT_MODULE_NET( 3039): stat = 1 last_status = 1
11-28 16:36:09.894 I/Advanced( 3039): [QUEUE] share_queue_sendEx size:1 4097 644 0x8f027a48,postLoopId:0,dstid:1.
11-28 16:36:09.926 D/BackBootDealerNeimeng( 2401): standbyState:
11-28 16:36:09.927 E/NetUtils( 2029): Interface eth0 LinkUp!
11-28 16:36:10.094 I/Advanced( 3039): [QUEUE] share_queue_sendEx size:1 4097 645 0x8f027a48,postLoopId:0,dstid:1.
11-28 16:36:10.294 I/Advanced( 3039): [QUEUE] share_queue_sendEx size:1 4097 646 0x8f027a48,postLoopId:0,dstid:1.
11-28 16:36:10.427 D/BackBootDealerNeimeng( 2401): standbyState:
11-28 16:36:10.428 E/NetUtils( 2029): Interface eth0 LinkUp!
11-28 16:36:10.495 I/Advanced( 3039): [QUEUE] share_queue_sendEx size:1 4097 647 0x8f027a48,postLoopId:0,dstid:1.
11-28 16:36:10.695 I/Advanced( 3039): [QUEUE] share_queue_sendEx size:1 4097 648 0x8f027a48,postLoopId:0,dstid:1.
11-28 16:36:10.740 I/AdvancedPorting-PORT_MODULE_NET( 3039): network_task while... 
11-28 16:36:10.740 I/AdvancedPorting-PORT_MODULE_NET( 3039): 0 interface name: lo
11-28 16:36:10.740 I/AdvancedPorting-PORT_MODULE_NET( 3039): 1 interface name: eth0
11-28 16:36:10.740 I/AdvancedPorting-PORT_MODULE_NET( 3039): 2 interface name: wlan0
11-28 16:36:10.740 I/AdvancedPorting-PORT_MODULE_NET( 3039): First interface name: lo
11-28 16:36:10.740 I/AdvancedPorting-PORT_MODULE_NET( 3039): network_task while...  net_i:1
11-28 16:36:10.740 I/AdvancedPorting-PORT_MODULE_NET( 3039): network_task while---name_interface[0]=lo
11-28 16:36:10.740 I/AdvancedPorting-PORT_MODULE_NET( 3039): network_task while---name_interface[1]=eth0
11-28 16:36:10.740 I/AdvancedPorting-PORT_MODULE_NET( 3039): network_task while---interface_name=eth0
11-28 16:36:10.740 I/AdvancedPorting-PORT_MODULE_NET( 3039): network_get_netlink_status(in)--if_name=eth0
11-28 16:36:10.740 I/AdvancedPorting-PORT_MODULE_NET( 3039): net.network.isconnected = no
11-28 16:36:10.740 I/AdvancedPorting-PORT_MODULE_NET( 3039): eth0 --network_get_netlink_status return retval=1
11-28 16:36:10.740 I/AdvancedPorting-PORT_MODULE_NET( 3039): stat = 1 last_status = 1
11-28 16:36:10.896 I/Advanced( 3039): [QUEUE] share_queue_sendEx size:1 4097 649 0x8f027a48,postLoopId:0,dstid:1.
11-28 16:36:10.929 D/BackBootDealerNeimeng( 2401): standbyState:
11-28 16:36:10.930 E/NetUtils( 2029): Interface eth0 LinkUp!
11-28 16:36:11.096 I/Advanced( 3039): [QUEUE] share_queue_sendEx size:1 4097 650 0x8f027a48,postLoopId:0,dstid:1.
11-28 16:36:11.296 I/Advanced( 3039): [QUEUE] share_queue_sendEx size:1 4097 651 0x8f027a48,postLoopId:0,dstid:1.
11-28 16:36:11.431 D/BackBootDealerNeimeng( 2401): standbyState:
11-28 16:36:11.432 E/NetUtils( 2029): Interface eth0 LinkUp!
11-28 16:36:11.497 I/Advanced( 3039): [QUEUE] share_queue_sendEx size:1 4097 652 0x8f027a48,postLoopId:0,dstid:1.
11-28 16:36:11.697 I/Advanced( 3039): [QUEUE] share_queue_sendEx size:1 4097 653 0x8f027a48,postLoopId:0,dstid:1.
11-28 16:36:11.740 I/AdvancedPorting-PORT_MODULE_NET( 3039): network_task while... 
11-28 16:36:11.740 I/AdvancedPorting-PORT_MODULE_NET( 3039): 0 interface name: lo
11-28 16:36:11.740 I/AdvancedPorting-PORT_MODULE_NET( 3039): 1 interface name: eth0
11-28 16:36:11.740 I/AdvancedPorting-PORT_MODULE_NET( 3039): 2 interface name: wlan0
11-28 16:36:11.740 I/AdvancedPorting-PORT_MODULE_NET( 3039): First interface name: lo
11-28 16:36:11.740 I/AdvancedPorting-PORT_MODULE_NET( 3039): network_task while...  net_i:1
11-28 16:36:11.740 I/AdvancedPorting-PORT_MODULE_NET( 3039): network_task while---name_interface[0]=lo
11-28 16:36:11.741 I/AdvancedPorting-PORT_MODULE_NET( 3039): network_task while---name_interface[1]=eth0
11-28 16:36:11.741 I/AdvancedPorting-PORT_MODULE_NET( 3039): network_task while---interface_name=eth0
11-28 16:36:11.741 I/AdvancedPorting-PORT_MODULE_NET( 3039): network_get_netlink_status(in)--if_name=eth0
11-28 16:36:11.741 I/AdvancedPorting-PORT_MODULE_NET( 3039): net.network.isconnected = no
11-28 16:36:11.741 I/AdvancedPorting-PORT_MODULE_NET( 3039): eth0 --network_get_netlink_status return retval=1
11-28 16:36:11.741 I/AdvancedPorting-PORT_MODULE_NET( 3039): stat = 1 last_status = 1
11-28 16:36:11.898 I/Advanced( 3039): [QUEUE] share_queue_sendEx size:1 4097 654 0x8f027a48,postLoopId:0,dstid:1.
11-28 16:36:11.932 D/BackBootDealerNeimeng( 2401): standbyState:
11-28 16:36:11.933 E/NetUtils( 2029): Interface eth0 LinkUp!
11-28 16:36:12.098 I/Advanced( 3039): [QUEUE] share_queue_sendEx size:1 4097 655 0x8f027a48,postLoopId:0,dstid:1.
11-28 16:36:12.298 I/Advanced( 3039): [QUEUE] share_queue_sendEx size:1 4097 656 0x8f027a48,postLoopId:0,dstid:1.
11-28 16:36:12.434 D/BackBootDealerNeimeng( 2401): standbyState:
11-28 16:36:12.435 E/NetUtils( 2029): Interface eth0 LinkUp!
11-28 16:36:12.499 I/Advanced( 3039): [QUEUE] share_queue_sendEx size:1 4097 657 0x8f027a48,postLoopId:0,dstid:1.
11-28 16:36:12.506 E/WifiStateMachine( 2029): WifiStateMachine CMD_START_SCAN source -2 txSuccessRate=7.00 rxSuccessRate=5.59 targetRoamBSSID=86:79:73:a5:71:44 RSSI=-38
11-28 16:36:12.699 I/Advanced( 3039): [QUEUE] share_queue_sendEx size:1 4097 658 0x8f027a48,postLoopId:0,dstid:1.
11-28 16:36:12.741 I/AdvancedPorting-PORT_MODULE_NET( 3039): network_task while... 
11-28 16:36:12.741 I/AdvancedPorting-PORT_MODULE_NET( 3039): 0 interface name: lo
11-28 16:36:12.741 I/AdvancedPorting-PORT_MODULE_NET( 3039): 1 interface name: eth0
11-28 16:36:12.741 I/AdvancedPorting-PORT_MODULE_NET( 3039): 2 interface name: wlan0
11-28 16:36:12.741 I/AdvancedPorting-PORT_MODULE_NET( 3039): First interface name: lo
11-28 16:36:12.741 I/AdvancedPorting-PORT_MODULE_NET( 3039): network_task while...  net_i:1
11-28 16:36:12.741 I/AdvancedPorting-PORT_MODULE_NET( 3039): network_task while---name_interface[0]=lo
11-28 16:36:12.741 I/AdvancedPorting-PORT_MODULE_NET( 3039): network_task while---name_interface[1]=eth0
11-28 16:36:12.741 I/AdvancedPorting-PORT_MODULE_NET( 3039): network_task while---interface_name=eth0
11-28 16:36:12.741 I/AdvancedPorting-PORT_MODULE_NET( 3039): network_get_netlink_status(in)--if_name=eth0
11-28 16:36:12.741 I/AdvancedPorting-PORT_MODULE_NET( 3039): net.network.isconnected = no
11-28 16:36:12.741 I/AdvancedPorting-PORT_MODULE_NET( 3039): eth0 --network_get_netlink_status return retval=1
11-28 16:36:12.741 I/AdvancedPorting-PORT_MODULE_NET( 3039): stat = 1 last_status = 1
11-28 16:36:12.900 I/Advanced( 3039): [QUEUE] share_queue_sendEx size:1 4097 659 0x8f027a48,postLoopId:0,dstid:1.
11-28 16:36:12.935 D/BackBootDealerNeimeng( 2401): standbyState:
11-28 16:36:12.936 E/NetUtils( 2029): Interface eth0 LinkUp!
11-28 16:36:13.057 D/AppUtil ( 2401): [TN_ThreadUtil-3]getActivityPkg index=0,comp=ComponentInfo{com.ipanel.android_webview.shell/com.ipanel.webapp.BrowserActivity}
11-28 16:36:13.058 D/AppKiller( 2401): [TN_ThreadUtil-3]backKill curPkgName=com.ipanel.android_webview.shell
11-28 16:36:13.058 D/AppKiller( 2401): [TN_ThreadUtil-3]backKill processName=com.starcor.mango,processInfo=android.app.ActivityManager$RunningAppProcessInfo@15203b8a
11-28 16:36:13.058 D/AppNgbKiller( 2401): [TN_ThreadUtil-3]forceKillApp processInfoFlag=0,hasActivityFlag=4
11-28 16:36:13.058 D/AppKiller( 2401): [TN_ThreadUtil-3]backKill processName=com.yzx.im_demo,processInfo=android.app.ActivityManager$RunningAppProcessInfo@279995fb
11-28 16:36:13.058 D/AppNgbKiller( 2401): [TN_ThreadUtil-3]forceKillApp processInfoFlag=0,hasActivityFlag=4
11-28 16:36:13.100 I/Advanced( 3039): [QUEUE] share_queue_sendEx size:1 4097 660 0x8f027a48,postLoopId:0,dstid:1.
11-28 16:36:13.300 I/Advanced( 3039): [QUEUE] share_queue_sendEx size:1 4097 661 0x8f027a48,postLoopId:0,dstid:1.
11-28 16:36:13.437 D/BackBootDealerNeimeng( 2401): standbyState:
11-28 16:36:13.437 E/NetUtils( 2029): Interface eth0 LinkUp!
11-28 16:36:13.500 I/Advanced( 3039): [QUEUE] share_queue_sendEx size:1 4097 662 0x8f027a48,postLoopId:0,dstid:1.
11-28 16:36:13.570 I/Com     ( 2855): run new connect
11-28 16:36:13.571 D/TR69Session GetParameterValues( 2855): getTextValue start [Device.ManagementServer.ConnectionRequestURL] and getter: com.sumavision.e.a.dg@9f08397
11-28 16:36:13.571 D/ManagementServer( 2855): key:ConnectionRequestURL
11-28 16:36:13.571 D/GwClientType( 2855): getClientType CM_GW
11-28 16:36:13.571 D/GwUtils ( 2855): getWanIp start1111
11-28 16:36:13.571 D/GwUtils ( 2855): getWanIp ethName:eth0
11-28 16:36:13.571 D/GwUtils ( 2855): getWanIp wlanName:wlan0
11-28 16:36:13.571 D/GwUtils ( 2855): getWanIp pppoeName:ppp0
11-28 16:36:13.575 D/GwUtils ( 2855): getWanIpFromEthName addr.getHostAddress()2:fe80::4e0f:c7ff:fec3:274b%wlan0
11-28 16:36:13.575 D/GwUtils ( 2855): getWanIpFromEthName addr.getHostAddress()2:10.0.0.86
11-28 16:36:13.575 D/GwUtils ( 2855): getWanIpFromEthName addr.getHostAddress()2:::1%1
11-28 16:36:13.575 D/GwUtils ( 2855): getWanIpFromEthName addr.getHostAddress()2:127.0.0.1
11-28 16:36:13.576 D/GwUtils ( 2855): getWanIpFromEthName addr.getHostAddress()2:fe80::aaf4:70ff:fe1c:478d%eth0
11-28 16:36:13.576 D/GwUtils ( 2855): getWanIpFromEthName addr.getHostAddress()2:192.168.31.244
11-28 16:36:13.576 D/GwUtils ( 2855): getWanIp ipRes1:
11-28 16:36:13.579 D/GwUtils ( 2855): getWanIpFromEthName addr.getHostAddress()2:fe80::4e0f:c7ff:fec3:274b%wlan0
11-28 16:36:13.580 D/GwUtils ( 2855): getWanIpFromEthName addr.getHostAddress()2:10.0.0.86
11-28 16:36:13.580 D/GwUtils ( 2855): getWanIpFromEthName addr.getHostAddress()2:::1%1
11-28 16:36:13.580 D/GwUtils ( 2855): getWanIpFromEthName addr.getHostAddress()2:127.0.0.1
11-28 16:36:13.580 D/GwUtils ( 2855): getWanIpFromEthName list ---------------------eth0
11-28 16:36:13.580 D/GwUtils ( 2855): getWanIpFromEthName request ip = fe80::aaf4:70ff:fe1c:478d%eth0
11-28 16:36:13.580 D/GwUtils ( 2855): addr.getHostAddress():fe80::aaf4:70ff:fe1c:478d%eth0
11-28 16:36:13.580 D/GwUtils ( 2855): getWanIpFromEthName request ip = 192.168.31.244
11-28 16:36:13.580 D/GwUtils ( 2855): getWanIpFromEthName request ip:192.168.31.244
11-28 16:36:13.580 D/GwUtils ( 2855): getWanIp ipRes2:192.168.31.244
11-28 16:36:13.580 D/GwUtils ( 2855): getWanIp ipRes3:192.168.31.244
11-28 16:36:13.580 D/TR69Session GetParameterValues( 2855): getTextValue end
11-28 16:36:13.581 I/Com     ( 2855): run comcomcom===============http://192.168.31.244:16001/cpe
11-28 16:36:13.581 I/TR69Session( 2855): TR69Session create TR69Session with retry1
11-28 16:36:13.581 I/TR69Session( 2855): run create session
11-28 16:36:13.581 I/TR69Session( 2855): run Open session on ACS: http://tvos-tms.96066.com
11-28 16:36:13.581 I/TR69Session( 2855): run  and serverURL:http://tvos-tms.96066.com
11-28 16:36:13.581 I/TR69Session( 2855): run event number = 1
11-28 16:36:13.581 D/TR69Session( 2855): run TR069 SESSION CPE ------ 1 parameterData.getEventsArray().length = 1
11-28 16:36:13.581 D/TR69Session( 2855): run TR069 SESSION CPE ------ 2
11-28 16:36:13.581 D/Inform  ( 2855): perform start perform ------ 1
11-28 16:36:13.584 I/TR69Session( 2855): doSoapRequest start
11-28 16:36:13.584 I/TR69Session( 2855): doRequest TR069Session doRequest ------ 1
11-28 16:36:13.584 I/TR69Session( 2855): doRequest serverURL==============http://tvos-tms.96066.com
11-28 16:36:13.587 I/TR69Session( 2855): setHeaders No sessionID is present when sending msg
11-28 16:36:13.701 I/Advanced( 3039): [QUEUE] share_queue_sendEx size:1 4097 663 0x8f027a48,postLoopId:0,dstid:1.
11-28 16:36:13.741 I/AdvancedPorting-PORT_MODULE_NET( 3039): network_task while... 
11-28 16:36:13.741 I/AdvancedPorting-PORT_MODULE_NET( 3039): 0 interface name: lo
11-28 16:36:13.742 I/AdvancedPorting-PORT_MODULE_NET( 3039): 1 interface name: eth0
11-28 16:36:13.742 I/AdvancedPorting-PORT_MODULE_NET( 3039): 2 interface name: wlan0
11-28 16:36:13.742 I/AdvancedPorting-PORT_MODULE_NET( 3039): First interface name: lo
11-28 16:36:13.742 I/AdvancedPorting-PORT_MODULE_NET( 3039): network_task while...  net_i:1
11-28 16:36:13.742 I/AdvancedPorting-PORT_MODULE_NET( 3039): network_task while---name_interface[0]=lo
11-28 16:36:13.742 I/AdvancedPorting-PORT_MODULE_NET( 3039): network_task while---name_interface[1]=eth0
11-28 16:36:13.742 I/AdvancedPorting-PORT_MODULE_NET( 3039): network_task while---interface_name=eth0
11-28 16:36:13.742 I/AdvancedPorting-PORT_MODULE_NET( 3039): network_get_netlink_status(in)--if_name=eth0
11-28 16:36:13.742 I/AdvancedPorting-PORT_MODULE_NET( 3039): net.network.isconnected = no
11-28 16:36:13.742 I/AdvancedPorting-PORT_MODULE_NET( 3039): eth0 --network_get_netlink_status return retval=1
11-28 16:36:13.742 I/AdvancedPorting-PORT_MODULE_NET( 3039): stat = 1 last_status = 1
11-28 16:36:13.938 D/BackBootDealerNeimeng( 2401): standbyState:
11-28 16:36:13.939 E/NetUtils( 2029): Interface eth0 LinkUp!
11-28 16:36:13.978 E/NetUtils( 2029): Interface eth0 LinkUp!
11-28 16:36:14.111 I/Advanced( 3039): [QUEUE] share_queue_sendEx size:1 4097 665 0x8f027a48,postLoopId:0,dstid:1.
11-28 16:36:14.311 I/Advanced( 3039): [QUEUE] share_queue_sendEx size:1 4097 666 0x8f027a48,postLoopId:0,dstid:1.
11-28 16:36:14.439 D/BackBootDealerNeimeng( 2401): standbyState:
11-28 16:36:14.440 E/NetUtils( 2029): Interface eth0 LinkUp!
11-28 16:36:14.512 I/Advanced( 3039): [QUEUE] share_queue_sendEx size:1 4097 667 0x8f027a48,postLoopId:0,dstid:1.
11-28 16:36:14.712 I/Advanced( 3039): [QUEUE] share_queue_sendEx size:1 4097 668 0x8f027a48,postLoopId:0,dstid:1.
11-28 16:36:14.742 I/AdvancedPorting-PORT_MODULE_NET( 3039): network_task while... 
11-28 16:36:14.742 I/AdvancedPorting-PORT_MODULE_NET( 3039): 0 interface name: lo
11-28 16:36:14.742 I/AdvancedPorting-PORT_MODULE_NET( 3039): 1 interface name: eth0
11-28 16:36:14.742 I/AdvancedPorting-PORT_MODULE_NET( 3039): 2 interface name: wlan0
11-28 16:36:14.742 I/AdvancedPorting-PORT_MODULE_NET( 3039): First interface name: lo
11-28 16:36:14.742 I/AdvancedPorting-PORT_MODULE_NET( 3039): network_task while...  net_i:1
11-28 16:36:14.742 I/AdvancedPorting-PORT_MODULE_NET( 3039): network_task while---name_interface[0]=lo
11-28 16:36:14.742 I/AdvancedPorting-PORT_MODULE_NET( 3039): network_task while---name_interface[1]=eth0
11-28 16:36:14.742 I/AdvancedPorting-PORT_MODULE_NET( 3039): network_task while---interface_name=eth0
11-28 16:36:14.742 I/AdvancedPorting-PORT_MODULE_NET( 3039): network_get_netlink_status(in)--if_name=eth0
11-28 16:36:14.742 I/AdvancedPorting-PORT_MODULE_NET( 3039): net.network.isconnected = no
11-28 16:36:14.742 I/AdvancedPorting-PORT_MODULE_NET( 3039): eth0 --network_get_netlink_status return retval=1
11-28 16:36:14.742 I/AdvancedPorting-PORT_MODULE_NET( 3039): stat = 1 last_status = 1
11-28 16:36:14.912 I/Advanced( 3039): [QUEUE] share_queue_sendEx size:1 4097 669 0x8f027a48,postLoopId:0,dstid:1.
11-28 16:36:14.940 D/BackBootDealerNeimeng( 2401): standbyState:
11-28 16:36:14.941 E/NetUtils( 2029): Interface eth0 LinkUp!
11-28 16:36:15.113 I/Advanced( 3039): [QUEUE] share_queue_sendEx size:1 4097 670 0x8f027a48,postLoopId:0,dstid:1.
11-28 16:36:15.313 I/Advanced( 3039): [QUEUE] share_queue_sendEx size:1 4097 671 0x8f027a48,postLoopId:0,dstid:1.
11-28 16:36:15.442 D/BackBootDealerNeimeng( 2401): standbyState:
11-28 16:36:15.443 E/NetUtils( 2029): Interface eth0 LinkUp!
11-28 16:36:15.514 I/Advanced( 3039): [QUEUE] share_queue_sendEx size:1 4097 672 0x8f027a48,postLoopId:0,dstid:1.
11-28 16:36:15.714 I/Advanced( 3039): [QUEUE] share_queue_sendEx size:1 4097 673 0x8f027a48,postLoopId:0,dstid:1.
11-28 16:36:15.743 I/AdvancedPorting-PORT_MODULE_NET( 3039): network_task while... 
11-28 16:36:15.743 I/AdvancedPorting-PORT_MODULE_NET( 3039): 0 interface name: lo
11-28 16:36:15.743 I/AdvancedPorting-PORT_MODULE_NET( 3039): 1 interface name: eth0
11-28 16:36:15.743 I/AdvancedPorting-PORT_MODULE_NET( 3039): 2 interface name: wlan0
11-28 16:36:15.743 I/AdvancedPorting-PORT_MODULE_NET( 3039): First interface name: lo
11-28 16:36:15.743 I/AdvancedPorting-PORT_MODULE_NET( 3039): network_task while...  net_i:1
11-28 16:36:15.743 I/AdvancedPorting-PORT_MODULE_NET( 3039): network_task while---name_interface[0]=lo
11-28 16:36:15.743 I/AdvancedPorting-PORT_MODULE_NET( 3039): network_task while---name_interface[1]=eth0
11-28 16:36:15.743 I/AdvancedPorting-PORT_MODULE_NET( 3039): network_task while---interface_name=eth0
11-28 16:36:15.743 I/AdvancedPorting-PORT_MODULE_NET( 3039): network_get_netlink_status(in)--if_name=eth0
11-28 16:36:15.743 I/AdvancedPorting-PORT_MODULE_NET( 3039): net.network.isconnected = no
11-28 16:36:15.743 I/AdvancedPorting-PORT_MODULE_NET( 3039): eth0 --network_get_netlink_status return retval=1
11-28 16:36:15.743 I/AdvancedPorting-PORT_MODULE_NET( 3039): stat = 1 last_status = 1
11-28 16:36:15.943 D/BackBootDealerNeimeng( 2401): standbyState:
11-28 16:36:15.944 E/NetUtils( 2029): Interface eth0 LinkUp!
11-28 16:36:16.124 I/Advanced( 3039): [QUEUE] share_queue_sendEx size:1 4097 675 0x8f027a48,postLoopId:0,dstid:1.
11-28 16:36:16.324 I/Advanced( 3039): [QUEUE] share_queue_sendEx size:1 4097 676 0x8f027a48,postLoopId:0,dstid:1.
11-28 16:36:16.444 D/BackBootDealerNeimeng( 2401): standbyState:
11-28 16:36:16.445 E/NetUtils( 2029): Interface eth0 LinkUp!
11-28 16:36:16.525 I/Advanced( 3039): [QUEUE] share_queue_sendEx size:1 4097 677 0x8f027a48,postLoopId:0,dstid:1.
11-28 16:36:16.725 I/Advanced( 3039): [QUEUE] share_queue_sendEx size:1 4097 678 0x8f027a48,postLoopId:0,dstid:1.
11-28 16:36:16.743 I/AdvancedPorting-PORT_MODULE_NET( 3039): network_task while... 
11-28 16:36:16.743 I/AdvancedPorting-PORT_MODULE_NET( 3039): 0 interface name: lo
11-28 16:36:16.743 I/AdvancedPorting-PORT_MODULE_NET( 3039): 1 interface name: eth0
11-28 16:36:16.743 I/AdvancedPorting-PORT_MODULE_NET( 3039): 2 interface name: wlan0
11-28 16:36:16.743 I/AdvancedPorting-PORT_MODULE_NET( 3039): First interface name: lo
11-28 16:36:16.743 I/AdvancedPorting-PORT_MODULE_NET( 3039): network_task while...  net_i:1
11-28 16:36:16.743 I/AdvancedPorting-PORT_MODULE_NET( 3039): network_task while---name_interface[0]=lo
11-28 16:36:16.743 I/AdvancedPorting-PORT_MODULE_NET( 3039): network_task while---name_interface[1]=eth0
11-28 16:36:16.743 I/AdvancedPorting-PORT_MODULE_NET( 3039): network_task while---interface_name=eth0
11-28 16:36:16.743 I/AdvancedPorting-PORT_MODULE_NET( 3039): network_get_netlink_status(in)--if_name=eth0
11-28 16:36:16.743 I/AdvancedPorting-PORT_MODULE_NET( 3039): net.network.isconnected = no
11-28 16:36:16.744 I/AdvancedPorting-PORT_MODULE_NET( 3039): eth0 --network_get_netlink_status return retval=1
11-28 16:36:16.744 I/AdvancedPorting-PORT_MODULE_NET( 3039): stat = 1 last_status = 1
11-28 16:36:16.926 I/Advanced( 3039): [QUEUE] share_queue_sendEx size:1 4097 679 0x8f027a48,postLoopId:0,dstid:1.
11-28 16:36:16.946 D/BackBootDealerNeimeng( 2401): standbyState:
11-28 16:36:16.947 E/NetUtils( 2029): Interface eth0 LinkUp!
11-28 16:36:17.126 I/Advanced( 3039): [QUEUE] share_queue_sendEx size:1 4097 680 0x8f027a48,postLoopId:0,dstid:1.
11-28 16:36:17.326 I/Advanced( 3039): [QUEUE] share_queue_sendEx size:1 4097 681 0x8f027a48,postLoopId:0,dstid:1.
11-28 16:36:17.447 D/BackBootDealerNeimeng( 2401): standbyState:
11-28 16:36:17.448 E/NetUtils( 2029): Interface eth0 LinkUp!
11-28 16:36:17.527 I/Advanced( 3039): [QUEUE] share_queue_sendEx size:1 4097 682 0x8f027a48,postLoopId:0,dstid:1.
11-28 16:36:17.744 I/AdvancedPorting-PORT_MODULE_NET( 3039): network_task while... 
11-28 16:36:17.744 I/AdvancedPorting-PORT_MODULE_NET( 3039): 0 interface name: lo
11-28 16:36:17.744 I/AdvancedPorting-PORT_MODULE_NET( 3039): 1 interface name: eth0
11-28 16:36:17.744 I/AdvancedPorting-PORT_MODULE_NET( 3039): 2 interface name: wlan0
11-28 16:36:17.744 I/AdvancedPorting-PORT_MODULE_NET( 3039): First interface name: lo
11-28 16:36:17.744 I/AdvancedPorting-PORT_MODULE_NET( 3039): network_task while...  net_i:1
11-28 16:36:17.744 I/AdvancedPorting-PORT_MODULE_NET( 3039): network_task while---name_interface[0]=lo
11-28 16:36:17.744 I/AdvancedPorting-PORT_MODULE_NET( 3039): network_task while---name_interface[1]=eth0
11-28 16:36:17.744 I/AdvancedPorting-PORT_MODULE_NET( 3039): network_task while---interface_name=eth0
11-28 16:36:17.744 I/AdvancedPorting-PORT_MODULE_NET( 3039): network_get_netlink_status(in)--if_name=eth0
11-28 16:36:17.744 I/AdvancedPorting-PORT_MODULE_NET( 3039): net.network.isconnected = no
11-28 16:36:17.744 I/AdvancedPorting-PORT_MODULE_NET( 3039): eth0 --network_get_netlink_status return retval=1
11-28 16:36:17.744 I/AdvancedPorting-PORT_MODULE_NET( 3039): stat = 1 last_status = 1
11-28 16:36:17.937 I/Advanced( 3039): [QUEUE] share_queue_sendEx size:1 4097 684 0x8f027a48,postLoopId:0,dstid:1.
11-28 16:36:17.948 D/BackBootDealerNeimeng( 2401): standbyState:
11-28 16:36:17.949 E/NetUtils( 2029): Interface eth0 LinkUp!
11-28 16:36:18.137 I/Advanced( 3039): [QUEUE] share_queue_sendEx size:1 4097 685 0x8f027a48,postLoopId:0,dstid:1.
11-28 16:36:18.338 I/Advanced( 3039): [QUEUE] share_queue_sendEx size:1 4097 686 0x8f027a48,postLoopId:0,dstid:1.
11-28 16:36:18.449 D/BackBootDealerNeimeng( 2401): standbyState:
11-28 16:36:18.450 E/NetUtils( 2029): Interface eth0 LinkUp!
11-28 16:36:18.538 I/Advanced( 3039): [QUEUE] share_queue_sendEx size:1 4097 687 0x8f027a48,postLoopId:0,dstid:1.
11-28 16:36:18.744 I/AdvancedPorting-PORT_MODULE_NET( 3039): network_task while... 
11-28 16:36:18.744 I/AdvancedPorting-PORT_MODULE_NET( 3039): 0 interface name: lo
11-28 16:36:18.744 I/AdvancedPorting-PORT_MODULE_NET( 3039): 1 interface name: eth0
11-28 16:36:18.744 I/AdvancedPorting-PORT_MODULE_NET( 3039): 2 interface name: wlan0
11-28 16:36:18.744 I/AdvancedPorting-PORT_MODULE_NET( 3039): First interface name: lo
11-28 16:36:18.744 I/AdvancedPorting-PORT_MODULE_NET( 3039): network_task while...  net_i:1
11-28 16:36:18.745 I/AdvancedPorting-PORT_MODULE_NET( 3039): network_task while---name_interface[0]=lo
11-28 16:36:18.745 I/AdvancedPorting-PORT_MODULE_NET( 3039): network_task while---name_interface[1]=eth0
11-28 16:36:18.745 I/AdvancedPorting-PORT_MODULE_NET( 3039): network_task while---interface_name=eth0
11-28 16:36:18.745 I/AdvancedPorting-PORT_MODULE_NET( 3039): network_get_netlink_status(in)--if_name=eth0
11-28 16:36:18.745 I/AdvancedPorting-PORT_MODULE_NET( 3039): net.network.isconnected = no
11-28 16:36:18.745 I/AdvancedPorting-PORT_MODULE_NET( 3039): eth0 --network_get_netlink_status return retval=1
11-28 16:36:18.745 I/AdvancedPorting-PORT_MODULE_NET( 3039): stat = 1 last_status = 1
11-28 16:36:18.948 I/Advanced( 3039): [QUEUE] share_queue_sendEx size:1 4097 689 0x8f027a48,postLoopId:0,dstid:1.
11-28 16:36:18.951 D/BackBootDealerNeimeng( 2401): standbyState:
11-28 16:36:18.952 E/NetUtils( 2029): Interface eth0 LinkUp!
11-28 16:36:19.358 I/Advanced( 3039): [QUEUE] share_queue_sendEx size:1 4097 691 0x8f027a48,postLoopId:0,dstid:1.
11-28 16:36:19.452 D/BackBootDealerNeimeng( 2401): standbyState:
11-28 16:36:19.452 E/NetUtils( 2029): Interface eth0 LinkUp!
11-28 16:36:19.558 I/Advanced( 3039): [QUEUE] share_queue_sendEx size:1 4097 692 0x8f027a48,postLoopId:0,dstid:1.
11-28 16:36:19.745 I/AdvancedPorting-PORT_MODULE_NET( 3039): network_task while... 
11-28 16:36:19.745 I/AdvancedPorting-PORT_MODULE_NET( 3039): 0 interface name: lo
11-28 16:36:19.745 I/AdvancedPorting-PORT_MODULE_NET( 3039): 1 interface name: eth0
11-28 16:36:19.745 I/AdvancedPorting-PORT_MODULE_NET( 3039): 2 interface name: wlan0
11-28 16:36:19.745 I/AdvancedPorting-PORT_MODULE_NET( 3039): First interface name: lo
11-28 16:36:19.745 I/AdvancedPorting-PORT_MODULE_NET( 3039): network_task while...  net_i:1
11-28 16:36:19.745 I/AdvancedPorting-PORT_MODULE_NET( 3039): network_task while---name_interface[0]=lo
11-28 16:36:19.745 I/AdvancedPorting-PORT_MODULE_NET( 3039): network_task while---name_interface[1]=eth0
11-28 16:36:19.745 I/AdvancedPorting-PORT_MODULE_NET( 3039): network_task while---interface_name=eth0
11-28 16:36:19.745 I/AdvancedPorting-PORT_MODULE_NET( 3039): network_get_netlink_status(in)--if_name=eth0
11-28 16:36:19.745 I/AdvancedPorting-PORT_MODULE_NET( 3039): net.network.isconnected = no
11-28 16:36:19.745 I/AdvancedPorting-PORT_MODULE_NET( 3039): eth0 --network_get_netlink_status return retval=1
11-28 16:36:19.745 I/AdvancedPorting-PORT_MODULE_NET( 3039): stat = 1 last_status = 1
11-28 16:36:19.759 I/Advanced( 3039): [QUEUE] share_queue_sendEx size:1 4097 693 0x8f027a48,postLoopId:0,dstid:1.
11-28 16:36:19.953 D/BackBootDealerNeimeng( 2401): standbyState:
11-28 16:36:19.953 E/NetUtils( 2029): Interface eth0 LinkUp!
11-28 16:36:19.959 I/Advanced( 3039): [QUEUE] share_queue_sendEx size:1 4097 694 0x8f027a48,postLoopId:0,dstid:1.
11-28 16:36:20.369 I/Advanced( 3039): [QUEUE] share_queue_sendEx size:1 4097 696 0x8f027a48,postLoopId:0,dstid:1.
11-28 16:36:20.453 D/BackBootDealerNeimeng( 2401): standbyState:
11-28 16:36:20.454 E/NetUtils( 2029): Interface eth0 LinkUp!
11-28 16:36:20.569 I/Advanced( 3039): [QUEUE] share_queue_sendEx size:1 4097 697 0x8f027a48,postLoopId:0,dstid:1.
11-28 16:36:20.745 I/AdvancedPorting-PORT_MODULE_NET( 3039): network_task while... 
11-28 16:36:20.746 I/AdvancedPorting-PORT_MODULE_NET( 3039): 0 interface name: lo
11-28 16:36:20.746 I/AdvancedPorting-PORT_MODULE_NET( 3039): 1 interface name: eth0
11-28 16:36:20.746 I/AdvancedPorting-PORT_MODULE_NET( 3039): 2 interface name: wlan0
11-28 16:36:20.746 I/AdvancedPorting-PORT_MODULE_NET( 3039): First interface name: lo
11-28 16:36:20.746 I/AdvancedPorting-PORT_MODULE_NET( 3039): network_task while...  net_i:1
11-28 16:36:20.746 I/AdvancedPorting-PORT_MODULE_NET( 3039): network_task while---name_interface[0]=lo
11-28 16:36:20.746 I/AdvancedPorting-PORT_MODULE_NET( 3039): network_task while---name_interface[1]=eth0
11-28 16:36:20.746 I/AdvancedPorting-PORT_MODULE_NET( 3039): network_task while---interface_name=eth0
11-28 16:36:20.746 I/AdvancedPorting-PORT_MODULE_NET( 3039): network_get_netlink_status(in)--if_name=eth0
11-28 16:36:20.746 I/AdvancedPorting-PORT_MODULE_NET( 3039): net.network.isconnected = no
11-28 16:36:20.746 I/AdvancedPorting-PORT_MODULE_NET( 3039): eth0 --network_get_netlink_status return retval=1
11-28 16:36:20.746 I/AdvancedPorting-PORT_MODULE_NET( 3039): stat = 1 last_status = 1
11-28 16:36:20.769 I/Advanced( 3039): [QUEUE] share_queue_sendEx size:1 4097 698 0x8f027a48,postLoopId:0,dstid:1.
11-28 16:36:20.955 D/BackBootDealerNeimeng( 2401): standbyState:
