11-28 17:45:20.305 D/[blink]FrameView( 3082): [updateLifecyclePhasesInternal] in... this:0x25cad918, targetState=18
11-28 17:45:20.305 D/[blink]FrameView( 3082): [updateLifecyclePhasesInternal] call compositor()->updateIfNeededRecursive()!
11-28 17:45:20.306 D/[blink]FrameView( 3082): [updateLifecyclePhasesInternal] end... this:0x25cad918
11-28 17:45:20.321 D/[cc]ProxyMain( 3082): [BeginMainFrame] cc.BeginMainFrame this:0x9f73a768
11-28 17:45:20.322 D/[cc]LayerTreeHost( 3082): [AnimateLayers] AnimateLayers monotonic_time=569166643
11-28 17:45:20.322 D/[blink]FrameView( 3082): [updateStyleAndLayoutIfNeededRecursiveInternal] in... this:0x25cad918.
11-28 17:45:20.322 D/[blink]FrameView( 3082): [layout] start... this:0x25cad918, frame=0x45e4bdb8 content size(1280, 720). 
11-28 17:45:20.322 D/[blink]FrameView( 3082): [layout] performPreLayoutTasks start... this:0x25cad918
11-28 17:45:20.322 D/[blink]FrameView( 3082): [layout] performPreLayoutTasks end... this:0x25cad918
11-28 17:45:20.322 D/[blink]FrameView( 3082): [layout] performLayout start... this:0x25cad918
11-28 17:45:20.322 D/[blink]FrameView( 3082): [layout] performLayout end... this:0x25cad918
11-28 17:45:20.322 D/[blink]FrameView( 3082): [layout] call compositor()->didLayout()!
11-28 17:45:20.322 D/[blink]FrameView( 3082): [layout] updateDocumentAnnotatedRegions start... this:0x25cad918
11-28 17:45:20.322 D/[blink]FrameView( 3082): [layout] scheduleOrPerformPostLayoutTasks start... this:0x25cad918
11-28 17:45:20.322 D/[blink]FrameView( 3082): [layout] end... this:0x25cad918
11-28 17:45:20.322 D/[blink]FrameView( 3082): [layout] out... this:0x25cad918
11-28 17:45:20.322 D/[blink]FrameView( 3082): [updateStyleAndLayoutIfNeededRecursiveInternal] in... this:0x25cae190.
11-28 17:45:20.322 D/[blink]FrameView( 3082): [updateStyleAndLayoutIfNeededRecursiveInternal] end... this:0x25cae190.
11-28 17:45:20.322 D/[blink]FrameView( 3082): [updateStyleAndLayoutIfNeededRecursiveInternal] end... this:0x25cad918.
11-28 17:45:20.322 D/[blink]FrameView( 3082): [updateLifecyclePhasesInternal] in... this:0x25cad918, targetState=18
11-28 17:45:20.322 D/[blink]FrameView( 3082): [updateLifecyclePhasesInternal] call compositor()->updateIfNeededRecursive()!
11-28 17:45:20.324 D/[blink] ImagePainter( 3082): [paintReplaced] ImagePainter::paintReplaced in w=21056, h=3712.
11-28 17:45:20.324 D/[blink] ImagePainter( 3082): [paintReplaced] ImagePainter::paintReplaced in w=14272, h=1792.
11-28 17:45:20.324 D/[blink] ImagePainter( 3082): [paintReplaced] ImagePainter::paintReplaced in w=17472, h=9792.
11-28 17:45:20.324 D/[blink] ImagePainter( 3082): [paintReplaced] ImagePainter::paintReplaced in w=3648, h=3904.
11-28 17:45:20.324 D/[blink] ImagePainter( 3082): [paintReplaced] ImagePainter::paintReplaced in w=17472, h=9792.
11-28 17:45:20.324 D/[blink] ImagePainter( 3082): [paintReplaced] ImagePainter::paintReplaced in w=3648, h=3904.
11-28 17:45:20.324 D/[blink] ImagePainter( 3082): [paintReplaced] ImagePainter::paintReplaced in w=17472, h=9792.
11-28 17:45:20.324 D/[blink] ImagePainter( 3082): [paintReplaced] ImagePainter::paintReplaced in w=17472, h=9792.
11-28 17:45:20.324 D/[blink] ImagePainter( 3082): [paintReplaced] ImagePainter::paintReplaced in w=14144, h=7936.
11-28 17:45:20.324 D/[blink] ImagePainter( 3082): [paintReplaced] ImagePainter::paintReplaced in w=14144, h=7936.
11-28 17:45:20.324 D/[blink] ImagePainter( 3082): [paintReplaced] ImagePainter::paintReplaced in w=1408, h=768.
11-28 17:45:20.324 D/[blink] BoxPainter( 3082): [paintBoxDecorationBackgroundWithRect] BoxPainter::paintBoxDecorationBackgroundWithRect isImage=0, isLayoutImage=0
11-28 17:45:20.324 D/[blink]FrameView( 3082): [updateLifecyclePhasesInternal] end... this:0x25cad918
11-28 17:45:20.338 D/[cc]ProxyMain( 3082): [BeginMainFrame] cc.BeginMainFrame this:0x9f73a768
11-28 17:45:20.338 D/[cc]LayerTreeHost( 3082): [AnimateLayers] AnimateLayers monotonic_time=569183310
11-28 17:45:20.338 D/[blink]FrameView( 3082): [updateStyleAndLayoutIfNeededRecursiveInternal] in... this:0x25cad918.
11-28 17:45:20.339 D/[blink]FrameView( 3082): [layout] start... this:0x25cad918, frame=0x45e4bdb8 content size(1280, 720). 
11-28 17:45:20.339 D/[blink]FrameView( 3082): [layout] performPreLayoutTasks start... this:0x25cad918
11-28 17:45:20.339 D/[blink]FrameView( 3082): [layout] performPreLayoutTasks end... this:0x25cad918
11-28 17:45:20.339 D/[blink]FrameView( 3082): [layout] performLayout start... this:0x25cad918
11-28 17:45:20.339 D/[blink]FrameView( 3082): [layout] performLayout end... this:0x25cad918
11-28 17:45:20.339 D/[blink]FrameView( 3082): [layout] call compositor()->didLayout()!
11-28 17:45:20.339 D/[blink]FrameView( 3082): [layout] updateDocumentAnnotatedRegions start... this:0x25cad918
11-28 17:45:20.339 D/[blink]FrameView( 3082): [layout] scheduleOrPerformPostLayoutTasks start... this:0x25cad918
11-28 17:45:20.339 D/[blink]FrameView( 3082): [layout] end... this:0x25cad918
11-28 17:45:20.340 D/[blink]FrameView( 3082): [layout] out... this:0x25cad918
11-28 17:45:20.340 D/[blink]FrameView( 3082): [updateStyleAndLayoutIfNeededRecursiveInternal] in... this:0x25cae190.
11-28 17:45:20.340 D/[blink]FrameView( 3082): [updateStyleAndLayoutIfNeededRecursiveInternal] end... this:0x25cae190.
11-28 17:45:20.340 D/[blink]FrameView( 3082): [updateStyleAndLayoutIfNeededRecursiveInternal] end... this:0x25cad918.
11-28 17:45:20.340 D/[blink]FrameView( 3082): [updateLifecyclePhasesInternal] in... this:0x25cad918, targetState=18
11-28 17:45:20.340 D/[blink]FrameView( 3082): [updateLifecyclePhasesInternal] call compositor()->updateIfNeededRecursive()!
11-28 17:45:20.341 D/[blink] ImagePainter( 3082): [paintReplaced] ImagePainter::paintReplaced in w=21056, h=3712.
11-28 17:45:20.341 D/[blink] ImagePainter( 3082): [paintReplaced] ImagePainter::paintReplaced in w=14272, h=1792.
11-28 17:45:20.341 D/[blink] ImagePainter( 3082): [paintReplaced] ImagePainter::paintReplaced in w=17472, h=9792.
11-28 17:45:20.341 D/[blink] ImagePainter( 3082): [paintReplaced] ImagePainter::paintReplaced in w=3648, h=3904.
11-28 17:45:20.341 D/[blink] ImagePainter( 3082): [paintReplaced] ImagePainter::paintReplaced in w=17472, h=9792.
11-28 17:45:20.341 D/[blink] ImagePainter( 3082): [paintReplaced] ImagePainter::paintReplaced in w=3648, h=3904.
11-28 17:45:20.341 D/[blink] ImagePainter( 3082): [paintReplaced] ImagePainter::paintReplaced in w=17472, h=9792.
11-28 17:45:20.341 D/[blink] ImagePainter( 3082): [paintReplaced] ImagePainter::paintReplaced in w=17472, h=9792.
11-28 17:45:20.341 D/[blink] ImagePainter( 3082): [paintReplaced] ImagePainter::paintReplaced in w=14144, h=7936.
11-28 17:45:20.342 D/[blink] ImagePainter( 3082): [paintReplaced] ImagePainter::paintReplaced in w=14144, h=7936.
11-28 17:45:20.342 D/[blink] ImagePainter( 3082): [paintReplaced] ImagePainter::paintReplaced in w=1408, h=768.
11-28 17:45:20.342 D/[blink] BoxPainter( 3082): [paintBoxDecorationBackgroundWithRect] BoxPainter::paintBoxDecorationBackgroundWithRect isImage=0, isLayoutImage=0
11-28 17:45:20.342 D/[blink]FrameView( 3082): [updateLifecyclePhasesInternal] end... this:0x25cad918
11-28 17:45:20.354 D/ResourceLoader( 3082): [ResponseCompleted] finish request 0x8b1c1b00 url='http://10.14.41.245:13160/search/search_by_keyword?accesstoken=R5A1D2EE5U20887029K53724E0DIA6230E0AP8M2FAF083WDC013F7D151&keyword=201702&label=289&pageidx=1&pagenum=20&depth=2&sortby=4'
11-28 17:45:20.354 D/V8ScriptRunner( 3082): [callFunction] start. frame = 0x45e4bdb8 function: xmlHttp.onreadystatechange url: http://10.14.41.246/application/bxfc/sec/js/common.js line: 276
11-28 17:45:20.354 D/V8ScriptRunner( 3082): [callFunction] end. frame = 0x45e4bdb8 function: xmlHttp.onreadystatechange url: http://10.14.41.246/application/bxfc/sec/js/common.js line: 276
11-28 17:45:20.354 D/V8ScriptRunner( 3082): [callFunction] start. frame = 0x45e4bdb8 function: xmlHttp.onreadystatechange url: http://10.14.41.246/application/bxfc/sec/js/common.js line: 276
11-28 17:45:20.354 D/V8ScriptRunner( 3082): [callFunction] end. frame = 0x45e4bdb8 function: xmlHttp.onreadystatechange url: http://10.14.41.246/application/bxfc/sec/js/common.js line: 276
11-28 17:45:20.354 D/[blink]ResourceFetcher( 3082): [didFinishLoading] encoded length=299 url=http://10.14.41.245:13160/search/search_by_keyword?accesstoken=R5A1D2EE5U20887029K53724E0DIA6230E0AP8M2FAF083WDC013F7D151&keyword=201702&label=289&pageidx=1&pagenum=20&depth=2&sortby=4.
11-28 17:45:20.355 D/V8ScriptRunner( 3082): [callFunction] start. frame = 0x45e4bdb8 function: xmlHttp.onreadystatechange url: http://10.14.41.246/application/bxfc/sec/js/common.js line: 276
11-28 17:45:20.356 D/V8ScriptRunner( 3082): [callFunction] end. frame = 0x45e4bdb8 function: xmlHttp.onreadystatechange url: http://10.14.41.246/application/bxfc/sec/js/common.js line: 276
11-28 17:45:20.356 D/[cc]ProxyMain( 3082): [BeginMainFrame] cc.BeginMainFrame this:0x9f73a768
11-28 17:45:20.357 D/[cc]LayerTreeHost( 3082): [AnimateLayers] AnimateLayers monotonic_time=569199977
11-28 17:45:20.357 D/[blink]FrameView( 3082): [updateStyleAndLayoutIfNeededRecursiveInternal] in... this:0x25cad918.
11-28 17:45:20.358 D/[blink]FrameView( 3082): [layout] start... this:0x25cad918, frame=0x45e4bdb8 content size(1280, 720). 
11-28 17:45:20.358 D/[blink]FrameView( 3082): [layout] performPreLayoutTasks start... this:0x25cad918
11-28 17:45:20.358 D/[blink]FrameView( 3082): [layout] performPreLayoutTasks end... this:0x25cad918
11-28 17:45:20.358 D/[blink]FrameView( 3082): [layout] performLayout start... this:0x25cad918
11-28 17:45:20.358 D/[blink]FrameView( 3082): [layout] performLayout end... this:0x25cad918
11-28 17:45:20.358 D/[blink]FrameView( 3082): [layout] call compositor()->didLayout()!
11-28 17:45:20.358 D/[blink]FrameView( 3082): [layout] updateDocumentAnnotatedRegions start... this:0x25cad918
11-28 17:45:20.358 D/[blink]FrameView( 3082): [layout] scheduleOrPerformPostLayoutTasks start... this:0x25cad918
11-28 17:45:20.358 D/[blink]FrameView( 3082): [layout] end... this:0x25cad918
11-28 17:45:20.358 D/[blink]FrameView( 3082): [layout] out... this:0x25cad918
11-28 17:45:20.358 D/[blink]FrameView( 3082): [updateStyleAndLayoutIfNeededRecursiveInternal] in... this:0x25cae190.
11-28 17:45:20.358 D/[blink]FrameView( 3082): [updateStyleAndLayoutIfNeededRecursiveInternal] end... this:0x25cae190.
11-28 17:45:20.358 D/[blink]FrameView( 3082): [updateStyleAndLayoutIfNeededRecursiveInternal] end... this:0x25cad918.
11-28 17:45:20.358 D/[blink]FrameView( 3082): [updateLifecyclePhasesInternal] in... this:0x25cad918, targetState=18
11-28 17:45:20.358 D/[blink]FrameView( 3082): [updateLifecyclePhasesInternal] call compositor()->updateIfNeededRecursive()!
11-28 17:45:20.361 D/[blink] ImagePainter( 3082): [paintReplaced] ImagePainter::paintReplaced in w=21056, h=3712.
11-28 17:45:20.361 D/[blink] ImagePainter( 3082): [paintReplaced] ImagePainter::paintReplaced in w=14272, h=1792.
11-28 17:45:20.362 D/[blink] ImagePainter( 3082): [paintReplaced] ImagePainter::paintReplaced in w=1408, h=768.
11-28 17:45:20.362 D/[blink] BoxPainter( 3082): [paintBoxDecorationBackgroundWithRect] BoxPainter::paintBoxDecorationBackgroundWithRect isImage=0, isLayoutImage=0
11-28 17:45:20.362 D/[blink]FrameView( 3082): [updateLifecyclePhasesInternal] end... this:0x25cad918
11-28 17:45:20.370 I/Advanced( 3082): [QUEUE] share_queue_sendEx size:1 4097 2533 0x8fde4a48,postLoopId:0,dstid:1.
11-28 17:45:20.372 D/[cc]ProxyMain( 3082): [BeginMainFrame] cc.BeginMainFrame this:0x9f73a768
11-28 17:45:20.373 D/[cc]LayerTreeHost( 3082): [AnimateLayers] AnimateLayers monotonic_time=569216643
11-28 17:45:20.373 D/[blink]FrameView( 3082): [updateStyleAndLayoutIfNeededRecursiveInternal] in... this:0x25cad918.
11-28 17:45:20.373 D/[blink]FrameView( 3082): [updateStyleAndLayoutIfNeededRecursiveInternal] in... this:0x25cae190.
11-28 17:45:20.373 D/[blink]FrameView( 3082): [updateStyleAndLayoutIfNeededRecursiveInternal] end... this:0x25cae190.
11-28 17:45:20.373 D/[blink]FrameView( 3082): [updateStyleAndLayoutIfNeededRecursiveInternal] end... this:0x25cad918.
11-28 17:45:20.373 D/[blink]FrameView( 3082): [updateLifecyclePhasesInternal] in... this:0x25cad918, targetState=18
11-28 17:45:20.373 D/[blink]FrameView( 3082): [updateLifecyclePhasesInternal] call compositor()->updateIfNeededRecursive()!
11-28 17:45:20.373 D/[blink]FrameView( 3082): [updateLifecyclePhasesInternal] end... this:0x25cad918
11-28 17:45:20.379 V/PT      ( 1581): >>INFO:irkey_task:[     569.224564] /dev/input/event0: type=0001 code=006c val=00000000
11-28 17:45:20.379 V/PT      ( 1581): >>INFO:irkey_send:0x3001 0x0028 up  
11-28 17:45:20.379 V/SUMA    ( 1581): ++++++++++++++  _roc_evtmgr_key_cbk 517:input = 12289, event=40, act=0x400
11-28 17:45:20.379 V/SUMA    ( 1581): lxm:_roc_evtmgr_key_cbk 519 569224
11-28 17:45:20.379 V/SUMA    ( 1581): lxm:_roc_evtmgr_add_key_into_queue 311 569224
11-28 17:45:20.379 V/PT      ( 1581): >>INFO:irkey_task:[     569.224564] /dev/input/event0: type=0000 code=0000 val=00000000
11-28 17:45:20.379 V/SUMA    ( 1581): ===================>> type=0 src=0 evt=40 act=0x400
11-28 17:45:20.379 V/SUMA    ( 1581): [sysset-s][event_manager_cbk 78]lxm cbid=1, cbk_reg=1, cpid=2463
11-28 17:45:20.379 D/ir_user ( 1585): PlayerTimeLineTrace:linux_keycode:0x6c(UP),	protocol: .
11-28 17:45:20.379 D/NGBEvent( 2463): ngbEventCallBack type:0 source :40
11-28 17:45:20.379 D/NGBEvent( 2463): [NGBEventManager-JNI]-returning:1
11-28 17:45:20.379 D/NGBEvent( 2463): Input key event: keyCode=40
11-28 17:45:20.379 D/NGBEvent( 2463): src:40 = dest:40
11-28 17:45:20.379 I/System.out( 2463): [DEBUG EventManager] LWJ--Add event to java with evt=NgbEvent-[type = 1, subtype = 402, code = 40]
11-28 17:45:20.379 D/NGBEvent( 2463): [NGBEvent_log]--[EventManager--JNI]:		start
11-28 17:45:20.380 I/System.out( 2463): [DEBUG EventManager] broadcastEvent  :len 1
11-28 17:45:20.380 D/RemoteIME( 2359): RemoteIME--> onKeyUp keyCode = 20
11-28 17:45:20.380 D/KeyEventNgbDealer( 2463): [TN_pool-1-thread-1]handleKeyReleased keyEvent=NgbEvent-[type = 1, subtype = 402, code = 40],time=569225
11-28 17:45:20.380 D/cr_AwTestContainerView( 3082): [AwTestContainerView.java:63] [mainFrame]: [2017-11-21 17:52:03] dispatchKeyEvent keyCode = 20 event = KeyEvent { action=ACTION_UP, keyCode=KEYCODE_DPAD_DOWN, scanCode=108, metaState=0, flags=0x8, repeatCount=0, eventTime=569224, downTime=569123, deviceId=4, source=0x701 }
11-28 17:45:20.380 D/ImeAdapterAndroid( 3082): [SendKeyEvent] [BUILD TIME: ] dispatchKeyEvent key_code=20 modifiers=0 unicode_char=0 scan_code=108 is_system=0 tm=569224
11-28 17:45:20.381 D/RenderWidgetInputHandler( 3082): [HandleInputEvent] input_event type=9 name=KeyUp
11-28 17:45:20.381 D/RenderWidgetInputHandler( 3082): [HandleInputEvent] key_event.nativeKeyCode:20,widget_->GetTextInputType():0
11-28 17:45:20.381 D/RenderWidgetInputHandler( 3082): [HandleInputEvent] input_event type=9 prevent_default:0
11-28 17:45:20.381 D/WebViewImpl( 3082): [handleKeyEvent] keycode:40, eventType:9 native keycode:20 frame=0x45e4bdb8. url='http://10.14.41.246/application/bxfc/sec/index.htm'.
11-28 17:45:20.381 D/[blink]KeyboardEventManager( 3082): [keyEvent] initialKeyEvent KeyUp nativeKeyCode=20 windowsKeyCode=40 text[0]=0
11-28 17:45:20.381 D/[blink]KeyboardEventManager( 3082): [keyEvent] initialKeyEvent focusedNode=0x0
11-28 17:45:20.389 D/[cc]ProxyMain( 3082): [BeginMainFrame] cc.BeginMainFrame this:0x9f73a768
11-28 17:45:20.389 D/[cc]LayerTreeHost( 3082): [AnimateLayers] AnimateLayers monotonic_time=569233310
11-28 17:45:20.389 D/[blink]FrameView( 3082): [updateStyleAndLayoutIfNeededRecursiveInternal] in... this:0x25cad918.
11-28 17:45:20.389 D/[blink]FrameView( 3082): [layout] start... this:0x25cad918, frame=0x45e4bdb8 content size(1280, 720). 
11-28 17:45:20.389 D/[blink]FrameView( 3082): [layout] performPreLayoutTasks start... this:0x25cad918
11-28 17:45:20.389 D/[blink]FrameView( 3082): [layout] performPreLayoutTasks end... this:0x25cad918
11-28 17:45:20.389 D/[blink]FrameView( 3082): [layout] performLayout start... this:0x25cad918
11-28 17:45:20.390 D/[blink]FrameView( 3082): [layout] performLayout end... this:0x25cad918
11-28 17:45:20.390 D/[blink]FrameView( 3082): [layout] call compositor()->didLayout()!
11-28 17:45:20.390 D/[blink]FrameView( 3082): [layout] updateDocumentAnnotatedRegions start... this:0x25cad918
11-28 17:45:20.390 D/[blink]FrameView( 3082): [layout] scheduleOrPerformPostLayoutTasks start... this:0x25cad918
11-28 17:45:20.390 D/[blink]FrameView( 3082): [layout] end... this:0x25cad918
11-28 17:45:20.390 D/[blink]FrameView( 3082): [layout] out... this:0x25cad918
11-28 17:45:20.390 D/[blink]FrameView( 3082): [updateStyleAndLayoutIfNeededRecursiveInternal] in... this:0x25cae190.
11-28 17:45:20.390 D/[blink]FrameView( 3082): [updateStyleAndLayoutIfNeededRecursiveInternal] end... this:0x25cae190.
11-28 17:45:20.390 D/[blink]FrameView( 3082): [updateStyleAndLayoutIfNeededRecursiveInternal] end... this:0x25cad918.
11-28 17:45:20.390 D/[blink]FrameView( 3082): [updateLifecyclePhasesInternal] in... this:0x25cad918, targetState=18
11-28 17:45:20.390 D/[blink]FrameView( 3082): [updateLifecyclePhasesInternal] call compositor()->updateIfNeededRecursive()!
11-28 17:45:20.393 D/[blink] ImagePainter( 3082): [paintReplaced] ImagePainter::paintReplaced in w=21056, h=3712.
11-28 17:45:20.393 D/[blink] ImagePainter( 3082): [paintReplaced] ImagePainter::paintReplaced in w=14272, h=1792.
11-28 17:45:20.393 D/[blink] ImagePainter( 3082): [paintReplaced] ImagePainter::paintReplaced in w=1408, h=768.
11-28 17:45:20.393 D/[blink] BoxPainter( 3082): [paintBoxDecorationBackgroundWithRect] BoxPainter::paintBoxDecorationBackgroundWithRect isImage=0, isLayoutImage=0
11-28 17:45:20.394 D/[blink]FrameView( 3082): [updateLifecyclePhasesInternal] end... this:0x25cad918
11-28 17:45:20.405 D/[cc]ProxyMain( 3082): [BeginMainFrame] cc.BeginMainFrame this:0x9f73a768
11-28 17:45:20.405 D/[cc]LayerTreeHost( 3082): [AnimateLayers] AnimateLayers monotonic_time=569249977
11-28 17:45:20.405 D/[blink]FrameView( 3082): [updateStyleAndLayoutIfNeededRecursiveInternal] in... this:0x25cad918.
11-28 17:45:20.406 D/[blink]FrameView( 3082): [layout] start... this:0x25cad918, frame=0x45e4bdb8 content size(1280, 720). 
11-28 17:45:20.406 D/[blink]FrameView( 3082): [layout] performPreLayoutTasks start... this:0x25cad918
11-28 17:45:20.406 D/[blink]FrameView( 3082): [layout] performPreLayoutTasks end... this:0x25cad918
11-28 17:45:20.406 D/[blink]FrameView( 3082): [layout] performLayout start... this:0x25cad918
11-28 17:45:20.406 D/[blink]FrameView( 3082): [layout] performLayout end... this:0x25cad918
11-28 17:45:20.406 D/[blink]FrameView( 3082): [layout] call compositor()->didLayout()!
11-28 17:45:20.406 D/[blink]FrameView( 3082): [layout] updateDocumentAnnotatedRegions start... this:0x25cad918
11-28 17:45:20.406 D/[blink]FrameView( 3082): [layout] scheduleOrPerformPostLayoutTasks start... this:0x25cad918
11-28 17:45:20.406 D/[blink]FrameView( 3082): [layout] end... this:0x25cad918
11-28 17:45:20.406 D/[blink]FrameView( 3082): [layout] out... this:0x25cad918
11-28 17:45:20.406 D/[blink]FrameView( 3082): [updateStyleAndLayoutIfNeededRecursiveInternal] in... this:0x25cae190.
11-28 17:45:20.406 D/[blink]FrameView( 3082): [updateStyleAndLayoutIfNeededRecursiveInternal] end... this:0x25cae190.
11-28 17:45:20.406 D/[blink]FrameView( 3082): [updateStyleAndLayoutIfNeededRecursiveInternal] end... this:0x25cad918.
11-28 17:45:20.406 D/[blink]FrameView( 3082): [updateLifecyclePhasesInternal] in... this:0x25cad918, targetState=18
11-28 17:45:20.406 D/[blink]FrameView( 3082): [updateLifecyclePhasesInternal] call compositor()->updateIfNeededRecursive()!
11-28 17:45:20.408 D/[blink] ImagePainter( 3082): [paintReplaced] ImagePainter::paintReplaced in w=21056, h=3712.
11-28 17:45:20.408 D/[blink] ImagePainter( 3082): [paintReplaced] ImagePainter::paintReplaced in w=14272, h=1792.
11-28 17:45:20.408 D/[blink] ImagePainter( 3082): [paintReplaced] ImagePainter::paintReplaced in w=1408, h=768.
11-28 17:45:20.408 D/[blink] BoxPainter( 3082): [paintBoxDecorationBackgroundWithRect] BoxPainter::paintBoxDecorationBackgroundWithRect isImage=0, isLayoutImage=0
11-28 17:45:20.408 D/[blink]FrameView( 3082): [updateLifecyclePhasesInternal] end... this:0x25cad918
11-28 17:45:20.452 D/BackBootDealerNeimeng( 2383): standbyState:
11-28 17:45:20.453 E/NetUtils( 2031): Interface eth0 LinkUp!
11-28 17:45:20.459 D/[cc]ProxyMain( 3082): [BeginMainFrame] cc.BeginMainFrame this:0x9f73a768
11-28 17:45:20.460 D/[cc]LayerTreeHost( 3082): [AnimateLayers] AnimateLayers monotonic_time=569299977
11-28 17:45:20.460 D/[blink]FrameView( 3082): [updateStyleAndLayoutIfNeededRecursiveInternal] in... this:0x25cad918.
11-28 17:45:20.461 D/[blink]FrameView( 3082): [updateStyleAndLayoutIfNeededRecursiveInternal] in... this:0x25cae190.
11-28 17:45:20.461 D/[blink]FrameView( 3082): [updateStyleAndLayoutIfNeededRecursiveInternal] end... this:0x25cae190.
11-28 17:45:20.461 D/[blink]FrameView( 3082): [updateStyleAndLayoutIfNeededRecursiveInternal] end... this:0x25cad918.
11-28 17:45:20.461 D/[blink]FrameView( 3082): [updateLifecyclePhasesInternal] in... this:0x25cad918, targetState=18
11-28 17:45:20.461 D/[blink]FrameView( 3082): [updateLifecyclePhasesInternal] call compositor()->updateIfNeededRecursive()!
11-28 17:45:20.461 D/[blink]FrameView( 3082): [updateLifecyclePhasesInternal] end... this:0x25cad918
11-28 17:45:20.484 V/SUMA    ( 1581): >> [CA]rocme_porting_ca_get_area_info_suma: DVTCASTB_GetAreaInfo area_info->card_area = 7000  
11-28 17:45:20.484 V/SUMA    ( 1581): >> [CA]rocme_porting_ca_get_area_info_suma: DVTCASTB_GetAreaInfo area_info->set_card_area_time = 1506507111  
11-28 17:45:20.484 V/SUMA    ( 1581): >> [CA]rocme_porting_ca_get_area_info_suma: DVTCASTB_GetAreaInfo area_info->start_flag = 0  
11-28 17:45:20.484 V/SUMA    ( 1581): >> [CA]rocme_porting_ca_get_area_info_suma: DVTCASTB_GetAreaInfo area_info->set_flag_time = 0  
11-28 17:45:20.484 V/SUMA    ( 2383): [cas-c][CA_Manager_GetAreaInfoSync 2580]leave !!!
11-28 17:45:20.484 D/CAManagerNative( 2383): getCardInfo.CA_Manager_GetAreaInfoSync result=0
11-28 17:45:20.484 D/CAManagerNative( 2383): getCardInfo card_area=7000,card_area_time=0
11-28 17:45:20.484 V/SUMA    ( 2383): [cas-c][CA_Manager_GetCAProvider 922]enter !!!
11-28 17:45:20.484 V/SUMA    ( 2383): [cas-c][CA_Manager_GetCAProvider 936]leave !!!
11-28 17:45:20.484 D/CAManagerNative( 2383): CA_Manager_GetCAProvider result : 0
11-28 17:45:20.484 D/CAManagerNative( 2383): CA_Manager_GetCAProvider provider : 0
11-28 17:45:20.484 I/System.out( 2383): [DEBUG CAManager] isCardPresent manufactureID=0,cardID=31666269,serialNum=8150010316662691
11-28 17:45:20.485 D/CaNgbDealer( 2383): [TN_ThreadUtil-12]isCardInsert isInsert=true
11-28 17:45:20.485 D/CaNgbDealer( 2383): [TN_ThreadUtil-12]getCaAuthorizationInfo providerID=-1,res=[I@230db745,isCache=false
11-28 17:45:20.485 D/CaNgbDealer( 2383): [TN_ThreadUtil-12]getCaProviderInfo res=[I@230db745,isCache=false
11-28 17:45:20.526 V/PT      ( 1581): >>INFO:irkey_task:[     569.371422] /dev/input/event0: type=0001 code=006c val=00000001
11-28 17:45:20.526 V/PT      ( 1581): >>INFO:irkey_send:0x3001 0x0028 down
11-28 17:45:20.526 V/SUMA    ( 1581): ++++++++++++++  _roc_evtmgr_key_cbk 517:input = 12289, event=40, act=0x100
11-28 17:45:20.526 V/SUMA    ( 1581): lxm:_roc_evtmgr_key_cbk 519 569371
11-28 17:45:20.526 V/SUMA    ( 1581): lxm:_roc_evtmgr_add_evt_into_queue 347 569371
11-28 17:45:20.526 V/PT      ( 1581): >>INFO:irkey_task:[     569.371422] /dev/input/event0: type=0000 code=0000 val=00000000
11-28 17:45:20.526 V/SUMA    ( 1581): ===================>> type=0 src=0 evt=40 act=0x100
11-28 17:45:20.526 V/SUMA    ( 1581): [sysset-s][event_manager_cbk 78]lxm cbid=1, cbk_reg=1, cpid=2463
11-28 17:45:20.526 D/ir_user ( 1585): PlayerTimeLineTrace:linux_keycode:0x6c(DOWN),	protocol: .
11-28 17:45:20.526 D/NGBEvent( 2463): ngbEventCallBack type:0 source :40
11-28 17:45:20.526 D/NGBEvent( 2463): [NGBEventManager-JNI]-returning:1
11-28 17:45:20.526 D/NGBEvent( 2463): Input key event: keyCode=40
11-28 17:45:20.526 D/NGBEvent( 2463): src:40 = dest:40
11-28 17:45:20.526 I/System.out( 2463): [DEBUG EventManager] LWJ--Add event to java with evt=NgbEvent-[type = 1, subtype = 401, code = 40]
11-28 17:45:20.526 D/NGBEvent( 2463): [NGBEvent_log]--[EventManager--JNI]:		start
11-28 17:45:20.526 I/System.out( 2463): [DEBUG EventManager] broadcastEvent  :len 1
11-28 17:45:20.526 D/CombineKeyUtil( 2463): [TN_pool-1-thread-1]dealKeyEvent,combineIndex:-1:keyCode:20
11-28 17:45:20.527 D/KeyEventNgbDealer( 2463): [TN_pool-1-thread-1]handleKeyPressed keyEvent=NgbEvent-[type = 1, subtype = 401, code = 40],time=569372
11-28 17:45:20.527 D/RemoteIME( 2359): onKeyDown event = KeyEvent { action=ACTION_DOWN, keyCode=KEYCODE_DPAD_DOWN, scanCode=108, metaState=0, flags=0x8, repeatCount=0, eventTime=569371, downTime=569371, deviceId=4, source=0x701 },mSkbContainer=null
11-28 17:45:20.527 D/cr_AwTestContainerView( 3082): [AwTestContainerView.java:63] [mainFrame]: [2017-11-21 17:52:03] dispatchKeyEvent keyCode = 20 event = KeyEvent { action=ACTION_DOWN, keyCode=KEYCODE_DPAD_DOWN, scanCode=108, metaState=0, flags=0x8, repeatCount=0, eventTime=569371, downTime=569371, deviceId=4, source=0x701 }
11-28 17:45:20.527 D/ImeAdapterAndroid( 3082): [SendKeyEvent] [BUILD TIME: ] dispatchKeyEvent key_code=20 modifiers=0 unicode_char=0 scan_code=108 is_system=0 tm=569371
11-28 17:45:20.528 D/RenderWidgetInputHandler( 3082): [HandleInputEvent] input_event type=8 name=KeyDown
11-28 17:45:20.528 D/RenderWidgetInputHandler( 3082): [HandleInputEvent] key_event.nativeKeyCode:20,widget_->GetTextInputType():0
11-28 17:45:20.528 D/RenderWidgetInputHandler( 3082): [HandleInputEvent] input_event type=8 prevent_default:0
11-28 17:45:20.528 D/WebViewImpl( 3082): [handleKeyEvent] keycode:40, eventType:8 native keycode:20 frame=0x45e4bdb8. url='http://10.14.41.246/application/bxfc/sec/index.htm'.
11-28 17:45:20.528 D/[blink]KeyboardEventManager( 3082): [keyEvent] initialKeyEvent KeyDown nativeKeyCode=20 windowsKeyCode=40 text[0]=0
11-28 17:45:20.528 D/[blink]KeyboardEventManager( 3082): [keyEvent] initialKeyEvent focusedNode=0x0
11-28 17:45:20.528 D/V8ScriptRunner( 3082): [callFunction] start. frame = 0x45e4bdb8 function: eventHandler url: http://10.14.41.246/application/bxfc/sec/index.htm line: 179
11-28 17:45:20.528 D/base::KeyConverter( 3082): [get] convert 20 => -1.
11-28 17:45:20.528 D/iPanel  ( 3082): iPanel.debug("---141----popFlag=false")
11-28 17:45:20.528 D/iPanel  ( 3082): iPanel.debug("---142----ifrSrc=http://10.14.41.246/application/bxfc/sec/index.htm")
11-28 17:45:20.528 D/iPanel  ( 3082): iPanel.debug("-------主窗口按键响应=KEY_DOWN")
11-28 17:45:20.529 D/[cc]beginFrameSource( 3082): [AddObserver] ExternalBeginFrameSource::AddObserver
11-28 17:45:20.529 D/iPanel  ( 3082): iPanel.debug("----chanel[menuPos]--:289")
11-28 17:45:20.529 D/iPanel  ( 3082): iPanel.debug("----menuPos-:2")
11-28 17:45:20.529 D/iPanel  ( 3082): iPanel.debug("----menuPos--:number")
11-28 17:45:20.529 D/iPanel  ( 3082): iPanel.debug("----listDataPath--:http://10.14.41.245:13160/search/search_by_keyword?accesstoken=R5A1D2EE5U20887029K53724E0DIA6230E0AP8M2FAF083WDC013F7D151&keyword=201703&label=289&pageidx=1&pagenum=20&depth=2&sortby=4")
11-28 17:45:20.529 D/ChromeClientImpl( 3082): [addMessageToConsole] [LOG:CONSOLE(291)] "http://10.14.41.245:13160/search/search_by_keyword?accesstoken=R5A1D2EE5U20887029K53724E0DIA6230E0AP8M2FAF083WDC013F7D151&keyword=201703&label=289&pageidx=1&pagenum=20&depth=2&sortby=4", source:http://10.14.41.246/application/bxfc/sec/js/common.js (291)
11-28 17:45:20.529 D/V8ScriptRunner( 3082): [callFunction] start. frame = 0x45e4bdb8 function: xmlHttp.onreadystatechange url: http://10.14.41.246/application/bxfc/sec/js/common.js line: 276
11-28 17:45:20.530 D/V8ScriptRunner( 3082): [callFunction] end. frame = 0x45e4bdb8 function: xmlHttp.onreadystatechange url: http://10.14.41.246/application/bxfc/sec/js/common.js line: 276
11-28 17:45:20.530 D/[blink]ResourceFetcher( 3082): [requestResource] url=http://10.14.41.245:13160/search/search_by_keyword?accesstoken=R5A1D2EE5U20887029K53724E0DIA6230E0AP8M2FAF083WDC013F7D151&keyword=201703&label=289&pageidx=1&pagenum=20&depth=2&sortby=4.
11-28 17:45:20.530 D/url     ( 3082): [DoResolveRelative] [WEB] DoResolveRelative Error resolving.
11-28 17:45:20.530 D/[blink]DOMTimer( 3082): [DOMTimer] 0x25dc2088 setTimeout 500ms, repeat:0.
11-28 17:45:20.530 D/[blink]DOMTimer( 3082): [DOMTimer] 0x25dc20f8 setTimeout 30000ms, repeat:0.
11-28 17:45:20.530 D/iPanel  ( 3082): iPanel.debug("-------keyDown=KEY_DOWN")
11-28 17:45:20.530 D/V8ScriptRunner( 3082): [callFunction] end. frame = 0x45e4bdb8 function: eventHandler url: http://10.14.41.246/application/bxfc/sec/index.htm line: 179
11-28 17:45:20.530 D/[blink]KeyboardEventManager( 3082): [keyEvent] dispatchResult = CanceledByEventHandler
11-28 17:45:20.530 D/ResourceLoader( 3082): [StartRequest] start request 0x8b1c1b00 url='http://10.14.41.245:13160/search/search_by_keyword?accesstoken=R5A1D2EE5U20887029K53724E0DIA6230E0AP8M2FAF083WDC013F7D151&keyword=201703&label=289&pageidx=1&pagenum=20&depth=2&sortby=4'
11-28 17:45:20.530 D/AwRequestInterceptor( 3082): [MaybeInterceptRequest] request=0x8b1c1b00
11-28 17:45:20.531 D/cr_AwContents( 3082): [AwContents.java:520] BackgroundThreadClientImpl shouldInterceptRequest url = http://10.14.41.245:13160/search/search_by_keyword?accesstoken=R5A1D2EE5U20887029K53724E0DIA6230E0AP8M2FAF083WDC013F7D151&keyword=201703&label=289&pageidx=1&pagenum=20&depth=2&sortby=4
11-28 17:45:20.531 D/cr_AwNullContentsClient( 3082): [AwNullContentsClient.java:59] shouldInterceptRequest url=http://10.14.41.245:13160/search/search_by_keyword?accesstoken=R5A1D2EE5U20887029K53724E0DIA6230E0AP8M2FAF083WDC013F7D151&keyword=201703&label=289&pageidx=1&pagenum=20&depth=2&sortby=4
11-28 17:45:20.531 D/BrowserWebViewClient( 3082): intercept request :http://10.14.41.245:13160/search/search_by_keyword?accesstoken=R5A1D2EE5U20887029K53724E0DIA6230E0AP8M2FAF083WDC013F7D151&keyword=201703&label=289&pageidx=1&pagenum=20&depth=2&sortby=4
11-28 17:45:20.531 D/AwRequestInterceptor( 3082): [MaybeInterceptRequest] request=0x8b1c1b00
11-28 17:45:20.538 D/[cc]ProxyMain( 3082): [BeginMainFrame] cc.BeginMainFrame this:0x9f73a768
11-28 17:45:20.538 D/[cc]LayerTreeHost( 3082): [AnimateLayers] AnimateLayers monotonic_time=569383310
11-28 17:45:20.538 D/[blink]FrameView( 3082): [updateStyleAndLayoutIfNeededRecursiveInternal] in... this:0x25cad918.
11-28 17:45:20.539 D/[blink]FrameView( 3082): [updateStyleAndLayoutIfNeededRecursiveInternal] in... this:0x25cae190.
11-28 17:45:20.539 D/[blink]FrameView( 3082): [updateStyleAndLayoutIfNeededRecursiveInternal] end... this:0x25cae190.
11-28 17:45:20.539 D/[blink]FrameView( 3082): [updateStyleAndLayoutIfNeededRecursiveInternal] end... this:0x25cad918.
11-28 17:45:20.539 D/[blink]FrameView( 3082): [updateLifecyclePhasesInternal] in... this:0x25cad918, targetState=18
11-28 17:45:20.539 D/[blink]FrameView( 3082): [updateLifecyclePhasesInternal] call compositor()->updateIfNeededRecursive()!
11-28 17:45:20.539 D/[blink]FrameView( 3082): [updateLifecyclePhasesInternal] end... this:0x25cad918
11-28 17:45:20.555 D/[cc]ProxyMain( 3082): [BeginMainFrame] cc.BeginMainFrame this:0x9f73a768
11-28 17:45:20.555 D/[cc]LayerTreeHost( 3082): [AnimateLayers] AnimateLayers monotonic_time=569399977
11-28 17:45:20.555 D/[blink]FrameView( 3082): [updateStyleAndLayoutIfNeededRecursiveInternal] in... this:0x25cad918.
11-28 17:45:20.555 D/[blink]FrameView( 3082): [layout] start... this:0x25cad918, frame=0x45e4bdb8 content size(1280, 720). 
11-28 17:45:20.555 D/[blink]FrameView( 3082): [layout] performPreLayoutTasks start... this:0x25cad918
11-28 17:45:20.555 D/[blink]FrameView( 3082): [layout] performPreLayoutTasks end... this:0x25cad918
11-28 17:45:20.555 D/[blink]FrameView( 3082): [layout] performLayout start... this:0x25cad918
11-28 17:45:20.555 D/[blink]FrameView( 3082): [layout] performLayout end... this:0x25cad918
11-28 17:45:20.556 D/[blink]FrameView( 3082): [layout] call compositor()->didLayout()!
11-28 17:45:20.556 D/[blink]FrameView( 3082): [layout] updateDocumentAnnotatedRegions start... this:0x25cad918
11-28 17:45:20.556 D/[blink]FrameView( 3082): [layout] scheduleOrPerformPostLayoutTasks start... this:0x25cad918
11-28 17:45:20.556 D/[blink]FrameView( 3082): [layout] end... this:0x25cad918
11-28 17:45:20.556 D/[blink]FrameView( 3082): [layout] out... this:0x25cad918
11-28 17:45:20.556 D/[blink]FrameView( 3082): [updateStyleAndLayoutIfNeededRecursiveInternal] in... this:0x25cae190.
11-28 17:45:20.556 D/[blink]FrameView( 3082): [updateStyleAndLayoutIfNeededRecursiveInternal] end... this:0x25cae190.
11-28 17:45:20.556 D/[blink]FrameView( 3082): [updateStyleAndLayoutIfNeededRecursiveInternal] end... this:0x25cad918.
11-28 17:45:20.556 D/[blink]FrameView( 3082): [updateLifecyclePhasesInternal] in... this:0x25cad918, targetState=18
11-28 17:45:20.556 D/[blink]FrameView( 3082): [updateLifecyclePhasesInternal] call compositor()->updateIfNeededRecursive()!
11-28 17:45:20.557 D/[blink] ImagePainter( 3082): [paintReplaced] ImagePainter::paintReplaced in w=21056, h=3712.
11-28 17:45:20.557 D/[blink] ImagePainter( 3082): [paintReplaced] ImagePainter::paintReplaced in w=14272, h=1792.
11-28 17:45:20.557 D/[blink] ImagePainter( 3082): [paintReplaced] ImagePainter::paintReplaced in w=1408, h=768.
11-28 17:45:20.557 D/[blink] BoxPainter( 3082): [paintBoxDecorationBackgroundWithRect] BoxPainter::paintBoxDecorationBackgroundWithRect isImage=0, isLayoutImage=0
11-28 17:45:20.557 D/[blink]FrameView( 3082): [updateLifecyclePhasesInternal] end... this:0x25cad918
11-28 17:45:20.570 I/Advanced( 3082): [QUEUE] share_queue_sendEx size:1 4097 2534 0x8fde4a48,postLoopId:0,dstid:1.
11-28 17:45:20.572 D/[cc]ProxyMain( 3082): [BeginMainFrame] cc.BeginMainFrame this:0x9f73a768
11-28 17:45:20.572 D/[cc]LayerTreeHost( 3082): [AnimateLayers] AnimateLayers monotonic_time=569416643
11-28 17:45:20.572 D/[blink]FrameView( 3082): [updateStyleAndLayoutIfNeededRecursiveInternal] in... this:0x25cad918.
11-28 17:45:20.572 D/[blink]FrameView( 3082): [layout] start... this:0x25cad918, frame=0x45e4bdb8 content size(1280, 720). 
11-28 17:45:20.572 D/[blink]FrameView( 3082): [layout] performPreLayoutTasks start... this:0x25cad918
11-28 17:45:20.572 D/[blink]FrameView( 3082): [layout] performPreLayoutTasks end... this:0x25cad918
11-28 17:45:20.572 D/[blink]FrameView( 3082): [layout] performLayout start... this:0x25cad918
11-28 17:45:20.573 D/[blink]FrameView( 3082): [layout] performLayout end... this:0x25cad918
11-28 17:45:20.573 D/[blink]FrameView( 3082): [layout] call compositor()->didLayout()!
11-28 17:45:20.573 D/[blink]FrameView( 3082): [layout] updateDocumentAnnotatedRegions start... this:0x25cad918
11-28 17:45:20.573 D/[blink]FrameView( 3082): [layout] scheduleOrPerformPostLayoutTasks start... this:0x25cad918
11-28 17:45:20.573 D/[blink]FrameView( 3082): [layout] end... this:0x25cad918
11-28 17:45:20.573 D/[blink]FrameView( 3082): [layout] out... this:0x25cad918
11-28 17:45:20.573 D/[blink]FrameView( 3082): [updateStyleAndLayoutIfNeededRecursiveInternal] in... this:0x25cae190.
11-28 17:45:20.573 D/[blink]FrameView( 3082): [updateStyleAndLayoutIfNeededRecursiveInternal] end... this:0x25cae190.
11-28 17:45:20.573 D/[blink]FrameView( 3082): [updateStyleAndLayoutIfNeededRecursiveInternal] end... this:0x25cad918.
11-28 17:45:20.573 D/[blink]FrameView( 3082): [updateLifecyclePhasesInternal] in... this:0x25cad918, targetState=18
11-28 17:45:20.573 D/[blink]FrameView( 3082): [updateLifecyclePhasesInternal] call compositor()->updateIfNeededRecursive()!
11-28 17:45:20.575 D/[blink] ImagePainter( 3082): [paintReplaced] ImagePainter::paintReplaced in w=21056, h=3712.
11-28 17:45:20.575 D/[blink] ImagePainter( 3082): [paintReplaced] ImagePainter::paintReplaced in w=14272, h=1792.
11-28 17:45:20.575 D/[blink] ImagePainter( 3082): [paintReplaced] ImagePainter::paintReplaced in w=1408, h=768.
11-28 17:45:20.575 D/[blink] BoxPainter( 3082): [paintBoxDecorationBackgroundWithRect] BoxPainter::paintBoxDecorationBackgroundWithRect isImage=0, isLayoutImage=0
11-28 17:45:20.575 D/[blink]FrameView( 3082): [updateLifecyclePhasesInternal] end... this:0x25cad918
11-28 17:45:20.586 D/ResourceLoader( 3082): [ResponseCompleted] finish request 0x8b1c1b00 url='http://10.14.41.245:13160/search/search_by_keyword?accesstoken=R5A1D2EE5U20887029K53724E0DIA6230E0AP8M2FAF083WDC013F7D151&keyword=201703&label=289&pageidx=1&pagenum=20&depth=2&sortby=4'
11-28 17:45:20.586 D/V8ScriptRunner( 3082): [callFunction] start. frame = 0x45e4bdb8 function: xmlHttp.onreadystatechange url: http://10.14.41.246/application/bxfc/sec/js/common.js line: 276
11-28 17:45:20.586 D/V8ScriptRunner( 3082): [callFunction] end. frame = 0x45e4bdb8 function: xmlHttp.onreadystatechange url: http://10.14.41.246/application/bxfc/sec/js/common.js line: 276
11-28 17:45:20.587 D/V8ScriptRunner( 3082): [callFunction] start. frame = 0x45e4bdb8 function: xmlHttp.onreadystatechange url: http://10.14.41.246/application/bxfc/sec/js/common.js line: 276
11-28 17:45:20.587 D/V8ScriptRunner( 3082): [callFunction] end. frame = 0x45e4bdb8 function: xmlHttp.onreadystatechange url: http://10.14.41.246/application/bxfc/sec/js/common.js line: 276
11-28 17:45:20.587 D/[blink]ResourceFetcher( 3082): [didFinishLoading] encoded length=299 url=http://10.14.41.245:13160/search/search_by_keyword?accesstoken=R5A1D2EE5U20887029K53724E0DIA6230E0AP8M2FAF083WDC013F7D151&keyword=201703&label=289&pageidx=1&pagenum=20&depth=2&sortby=4.
11-28 17:45:20.587 D/V8ScriptRunner( 3082): [callFunction] start. frame = 0x45e4bdb8 function: xmlHttp.onreadystatechange url: http://10.14.41.246/application/bxfc/sec/js/common.js line: 276
11-28 17:45:20.589 D/V8ScriptRunner( 3082): [callFunction] end. frame = 0x45e4bdb8 function: xmlHttp.onreadystatechange url: http://10.14.41.246/application/bxfc/sec/js/common.js line: 276
11-28 17:45:20.589 D/[cc]ProxyMain( 3082): [BeginMainFrame] cc.BeginMainFrame this:0x9f73a768
11-28 17:45:20.589 D/[cc]LayerTreeHost( 3082): [AnimateLayers] AnimateLayers monotonic_time=569433310
11-28 17:45:20.589 D/[blink]FrameView( 3082): [updateStyleAndLayoutIfNeededRecursiveInternal] in... this:0x25cad918.
11-28 17:45:20.590 D/[blink]FrameView( 3082): [layout] start... this:0x25cad918, frame=0x45e4bdb8 content size(1280, 720). 
11-28 17:45:20.590 D/[blink]FrameView( 3082): [layout] performPreLayoutTasks start... this:0x25cad918
11-28 17:45:20.590 D/[blink]FrameView( 3082): [layout] performPreLayoutTasks end... this:0x25cad918
11-28 17:45:20.590 D/[blink]FrameView( 3082): [layout] performLayout start... this:0x25cad918
11-28 17:45:20.591 D/[blink]FrameView( 3082): [layout] performLayout end... this:0x25cad918
11-28 17:45:20.591 D/[blink]FrameView( 3082): [layout] call compositor()->didLayout()!
11-28 17:45:20.591 D/[blink]FrameView( 3082): [layout] updateDocumentAnnotatedRegions start... this:0x25cad918
11-28 17:45:20.591 D/[blink]FrameView( 3082): [layout] scheduleOrPerformPostLayoutTasks start... this:0x25cad918
11-28 17:45:20.591 D/[blink]FrameView( 3082): [layout] end... this:0x25cad918
11-28 17:45:20.591 D/[blink]FrameView( 3082): [layout] out... this:0x25cad918
11-28 17:45:20.591 D/[blink]FrameView( 3082): [updateStyleAndLayoutIfNeededRecursiveInternal] in... this:0x25cae190.
11-28 17:45:20.591 D/[blink]FrameView( 3082): [updateStyleAndLayoutIfNeededRecursiveInternal] end... this:0x25cae190.
11-28 17:45:20.591 D/[blink]FrameView( 3082): [updateStyleAndLayoutIfNeededRecursiveInternal] end... this:0x25cad918.
11-28 17:45:20.591 D/[blink]FrameView( 3082): [updateLifecyclePhasesInternal] in... this:0x25cad918, targetState=18
11-28 17:45:20.591 D/[blink]FrameView( 3082): [updateLifecyclePhasesInternal] call compositor()->updateIfNeededRecursive()!
11-28 17:45:20.593 D/[blink] ImagePainter( 3082): [paintReplaced] ImagePainter::paintReplaced in w=21056, h=3712.
11-28 17:45:20.593 D/[blink] ImagePainter( 3082): [paintReplaced] ImagePainter::paintReplaced in w=14272, h=1792.
11-28 17:45:20.593 D/[blink] ImagePainter( 3082): [paintReplaced] ImagePainter::paintReplaced in w=1408, h=768.
11-28 17:45:20.593 D/[blink] BoxPainter( 3082): [paintBoxDecorationBackgroundWithRect] BoxPainter::paintBoxDecorationBackgroundWithRect isImage=0, isLayoutImage=0
11-28 17:45:20.594 D/[blink]FrameView( 3082): [updateLifecyclePhasesInternal] end... this:0x25cad918
11-28 17:45:20.605 D/[cc]ProxyMain( 3082): [BeginMainFrame] cc.BeginMainFrame this:0x9f73a768
11-28 17:45:20.605 D/[cc]LayerTreeHost( 3082): [AnimateLayers] AnimateLayers monotonic_time=569449977
11-28 17:45:20.606 D/[blink]FrameView( 3082): [updateStyleAndLayoutIfNeededRecursiveInternal] in... this:0x25cad918.
11-28 17:45:20.606 D/[blink]FrameView( 3082): [layout] start... this:0x25cad918, frame=0x45e4bdb8 content size(1280, 720). 
11-28 17:45:20.606 D/[blink]FrameView( 3082): [layout] performPreLayoutTasks start... this:0x25cad918
11-28 17:45:20.606 D/[blink]FrameView( 3082): [layout] performPreLayoutTasks end... this:0x25cad918
11-28 17:45:20.606 D/[blink]FrameView( 3082): [layout] performLayout start... this:0x25cad918
11-28 17:45:20.606 D/[blink]FrameView( 3082): [layout] performLayout end... this:0x25cad918
11-28 17:45:20.606 D/[blink]FrameView( 3082): [layout] call compositor()->didLayout()!
11-28 17:45:20.606 D/[blink]FrameView( 3082): [layout] updateDocumentAnnotatedRegions start... this:0x25cad918
11-28 17:45:20.606 D/[blink]FrameView( 3082): [layout] scheduleOrPerformPostLayoutTasks start... this:0x25cad918
11-28 17:45:20.607 D/[blink]FrameView( 3082): [layout] end... this:0x25cad918
11-28 17:45:20.607 D/[blink]FrameView( 3082): [layout] out... this:0x25cad918
11-28 17:45:20.607 D/[blink]FrameView( 3082): [updateStyleAndLayoutIfNeededRecursiveInternal] in... this:0x25cae190.
11-28 17:45:20.607 D/[blink]FrameView( 3082): [updateStyleAndLayoutIfNeededRecursiveInternal] end... this:0x25cae190.
11-28 17:45:20.607 D/[blink]FrameView( 3082): [updateStyleAndLayoutIfNeededRecursiveInternal] end... this:0x25cad918.
11-28 17:45:20.607 D/[blink]FrameView( 3082): [updateLifecyclePhasesInternal] in... this:0x25cad918, targetState=18
11-28 17:45:20.607 D/[blink]FrameView( 3082): [updateLifecyclePhasesInternal] call compositor()->updateIfNeededRecursive()!
11-28 17:45:20.609 D/[blink] ImagePainter( 3082): [paintReplaced] ImagePainter::paintReplaced in w=21056, h=3712.
11-28 17:45:20.609 D/[blink] ImagePainter( 3082): [paintReplaced] ImagePainter::paintReplaced in w=14272, h=1792.
11-28 17:45:20.609 D/[blink] ImagePainter( 3082): [paintReplaced] ImagePainter::paintReplaced in w=1408, h=768.
11-28 17:45:20.609 D/[blink] BoxPainter( 3082): [paintBoxDecorationBackgroundWithRect] BoxPainter::paintBoxDecorationBackgroundWithRect isImage=0, isLayoutImage=0
11-28 17:45:20.610 D/[blink]FrameView( 3082): [updateLifecyclePhasesInternal] end... this:0x25cad918
11-28 17:45:20.622 D/[cc]ProxyMain( 3082): [BeginMainFrame] cc.BeginMainFrame this:0x9f73a768
11-28 17:45:20.622 D/[cc]LayerTreeHost( 3082): [AnimateLayers] AnimateLayers monotonic_time=569466643
11-28 17:45:20.622 D/[blink]FrameView( 3082): [updateStyleAndLayoutIfNeededRecursiveInternal] in... this:0x25cad918.
11-28 17:45:20.623 D/[blink]FrameView( 3082): [layout] start... this:0x25cad918, frame=0x45e4bdb8 content size(1280, 720). 
11-28 17:45:20.623 D/[blink]FrameView( 3082): [layout] performPreLayoutTasks start... this:0x25cad918
11-28 17:45:20.623 D/[blink]FrameView( 3082): [layout] performPreLayoutTasks end... this:0x25cad918
11-28 17:45:20.623 D/[blink]FrameView( 3082): [layout] performLayout start... this:0x25cad918
11-28 17:45:20.623 D/[blink]FrameView( 3082): [layout] performLayout end... this:0x25cad918
11-28 17:45:20.623 D/[blink]FrameView( 3082): [layout] call compositor()->didLayout()!
11-28 17:45:20.623 D/[blink]FrameView( 3082): [layout] updateDocumentAnnotatedRegions start... this:0x25cad918
11-28 17:45:20.623 D/[blink]FrameView( 3082): [layout] scheduleOrPerformPostLayoutTasks start... this:0x25cad918
11-28 17:45:20.624 D/[blink]FrameView( 3082): [layout] end... this:0x25cad918
11-28 17:45:20.624 D/[blink]FrameView( 3082): [layout] out... this:0x25cad918
11-28 17:45:20.624 D/[blink]FrameView( 3082): [updateStyleAndLayoutIfNeededRecursiveInternal] in... this:0x25cae190.
11-28 17:45:20.624 D/[blink]FrameView( 3082): [updateStyleAndLayoutIfNeededRecursiveInternal] end... this:0x25cae190.
11-28 17:45:20.624 D/[blink]FrameView( 3082): [updateStyleAndLayoutIfNeededRecursiveInternal] end... this:0x25cad918.
11-28 17:45:20.624 D/[blink]FrameView( 3082): [updateLifecyclePhasesInternal] in... this:0x25cad918, targetState=18
11-28 17:45:20.624 D/[blink]FrameView( 3082): [updateLifecyclePhasesInternal] call compositor()->updateIfNeededRecursive()!
11-28 17:45:20.626 D/[blink] ImagePainter( 3082): [paintReplaced] ImagePainter::paintReplaced in w=21056, h=3712.
11-28 17:45:20.626 D/[blink] ImagePainter( 3082): [paintReplaced] ImagePainter::paintReplaced in w=14272, h=1792.
11-28 17:45:20.626 D/[blink] ImagePainter( 3082): [paintReplaced] ImagePainter::paintReplaced in w=1408, h=768.
11-28 17:45:20.627 D/[blink] BoxPainter( 3082): [paintBoxDecorationBackgroundWithRect] BoxPainter::paintBoxDecorationBackgroundWithRect isImage=0, isLayoutImage=0
11-28 17:45:20.627 D/[blink]FrameView( 3082): [updateLifecyclePhasesInternal] end... this:0x25cad918
11-28 17:45:20.627 V/PT      ( 1581): >>INFO:irkey_task:[     569.472951] /dev/input/event0: type=0001 code=006c val=00000000
11-28 17:45:20.628 V/PT      ( 1581): >>INFO:irkey_send:0x3001 0x0028 up  
11-28 17:45:20.628 V/SUMA    ( 1581): ++++++++++++++  _roc_evtmgr_key_cbk 517:input = 12289, event=40, act=0x400
11-28 17:45:20.628 V/SUMA    ( 1581): lxm:_roc_evtmgr_key_cbk 519 569473
11-28 17:45:20.628 V/SUMA    ( 1581): lxm:_roc_evtmgr_add_key_into_queue 311 569473
11-28 17:45:20.628 V/PT      ( 1581): >>INFO:irkey_task:[     569.472951] /dev/input/event0: type=0000 code=0000 val=00000000
11-28 17:45:20.628 V/SUMA    ( 1581): ===================>> type=0 src=0 evt=40 act=0x400
11-28 17:45:20.628 V/SUMA    ( 1581): [sysset-s][event_manager_cbk 78]lxm cbid=1, cbk_reg=1, cpid=2463
11-28 17:45:20.628 D/ir_user ( 1585): PlayerTimeLineTrace:linux_keycode:0x6c(UP),	protocol: .
11-28 17:45:20.628 D/NGBEvent( 2463): ngbEventCallBack type:0 source :40
11-28 17:45:20.628 D/NGBEvent( 2463): [NGBEventManager-JNI]-returning:1
11-28 17:45:20.628 D/NGBEvent( 2463): Input key event: keyCode=40
11-28 17:45:20.628 D/NGBEvent( 2463): src:40 = dest:40
11-28 17:45:20.628 I/System.out( 2463): [DEBUG EventManager] LWJ--Add event to java with evt=NgbEvent-[type = 1, subtype = 402, code = 40]
11-28 17:45:20.628 D/NGBEvent( 2463): [NGBEvent_log]--[EventManager--JNI]:		start
11-28 17:45:20.628 I/System.out( 2463): [DEBUG EventManager] broadcastEvent  :len 1
11-28 17:45:20.628 D/KeyEventNgbDealer( 2463): [TN_pool-1-thread-1]handleKeyReleased keyEvent=NgbEvent-[type = 1, subtype = 402, code = 40],time=569473
11-28 17:45:20.629 D/RemoteIME( 2359): RemoteIME--> onKeyUp keyCode = 20
11-28 17:45:20.631 D/cr_AwTestContainerView( 3082): [AwTestContainerView.java:63] [mainFrame]: [2017-11-21 17:52:03] dispatchKeyEvent keyCode = 20 event = KeyEvent { action=ACTION_UP, keyCode=KEYCODE_DPAD_DOWN, scanCode=108, metaState=0, flags=0x8, repeatCount=0, eventTime=569472, downTime=569371, deviceId=4, source=0x701 }
11-28 17:45:20.631 D/ImeAdapterAndroid( 3082): [SendKeyEvent] [BUILD TIME: ] dispatchKeyEvent key_code=20 modifiers=0 unicode_char=0 scan_code=108 is_system=0 tm=569472
11-28 17:45:20.633 D/RenderWidgetInputHandler( 3082): [HandleInputEvent] input_event type=9 name=KeyUp
11-28 17:45:20.634 D/RenderWidgetInputHandler( 3082): [HandleInputEvent] key_event.nativeKeyCode:20,widget_->GetTextInputType():0
11-28 17:45:20.634 D/RenderWidgetInputHandler( 3082): [HandleInputEvent] input_event type=9 prevent_default:0
11-28 17:45:20.634 D/WebViewImpl( 3082): [handleKeyEvent] keycode:40, eventType:9 native keycode:20 frame=0x45e4bdb8. url='http://10.14.41.246/application/bxfc/sec/index.htm'.
11-28 17:45:20.634 D/[blink]KeyboardEventManager( 3082): [keyEvent] initialKeyEvent KeyUp nativeKeyCode=20 windowsKeyCode=40 text[0]=0
11-28 17:45:20.634 D/[blink]KeyboardEventManager( 3082): [keyEvent] initialKeyEvent focusedNode=0x0
11-28 17:45:20.636 D/CAManagerNative( 2383): get All CAProvider ,the num is 1
11-28 17:45:20.636 I/System.out( 2383): [DEBUG CAManager] 运行商标1111111111识：400
11-28 17:45:20.637 V/SUMA    ( 2383): [cas-c][CA_Manager_GetServiceEntitleInfo 1126]enter !!!
11-28 17:45:20.639 D/[cc]ProxyMain( 3082): [BeginMainFrame] cc.BeginMainFrame this:0x9f73a768
11-28 17:45:20.639 D/[cc]LayerTreeHost( 3082): [AnimateLayers] AnimateLayers monotonic_time=569483310
11-28 17:45:20.639 D/[blink]FrameView( 3082): [updateStyleAndLayoutIfNeededRecursiveInternal] in... this:0x25cad918.
11-28 17:45:20.639 D/[blink]FrameView( 3082): [layout] start... this:0x25cad918, frame=0x45e4bdb8 content size(1280, 720). 
11-28 17:45:20.639 D/[blink]FrameView( 3082): [layout] performPreLayoutTasks start... this:0x25cad918
11-28 17:45:20.639 D/[blink]FrameView( 3082): [layout] performPreLayoutTasks end... this:0x25cad918
11-28 17:45:20.639 D/[blink]FrameView( 3082): [layout] performLayout start... this:0x25cad918
