12-01 14:13:22.699 W/System.err( 2650): java.net.MalformedURLException: Protocol not found: /SyncTime?OutputType=json&Mac=A8-F4-70-1C-47-8D&MacId=A8-F4-70-1C-47-8D&Version=5.5.118.200.2.DBEI.0.0_Release&UserId=mgtvmacA8F4701C478D&UserAgent=nn_player%2Fstd%2F1.0.0&_support=10000000
12-01 14:13:22.700 W/System.err( 2650): 	at java.net.URL.<init>(URL.java:176)
12-01 14:13:22.700 W/System.err( 2650): 	at java.net.URL.<init>(URL.java:125)
12-01 14:13:22.700 W/System.err( 2650): 	at com.starcor.core.utils.HttpUtil.tryGetIp(HttpUtil.java:79)
12-01 14:13:22.700 W/System.err( 2650): 	at com.starcor.httpapi.core.SCHttpTools.doRequest(SCHttpTools.java:124)
12-01 14:13:22.700 W/System.err( 2650): 	at com.starcor.httpapi.core.SCHttpApiEngine$ApiRunnable.runTask(SCHttpApiEngine.java:507)
12-01 14:13:22.700 W/System.err( 2650): 	at com.starcor.httpapi.core.SCHttpApiEngine$ApiRunnable.run(SCHttpApiEngine.java:442)
12-01 14:13:22.700 W/System.err( 2650): 	at java.lang.Thread.run(Thread.java:818)
12-01 14:13:22.702 W/System.err( 2650): java.lang.IllegalStateException: Target host must not be null, or set in parameters. scheme=null, host=null, path=/SyncTime
12-01 14:13:22.703 W/System.err( 2650): 	at org.apache.http.impl.client.DefaultRequestDirector.determineRoute(DefaultRequestDirector.java:596)
12-01 14:13:22.703 W/System.err( 2650): 	at org.apache.http.impl.client.DefaultRequestDirector.execute(DefaultRequestDirector.java:298)
12-01 14:13:22.703 W/System.err( 2650): 	at org.apache.http.impl.client.AbstractHttpClient.execute(AbstractHttpClient.java:560)
12-01 14:13:22.703 W/System.err( 2650): 	at org.apache.http.impl.client.AbstractHttpClient.execute(AbstractHttpClient.java:492)
12-01 14:13:22.703 W/System.err( 2650): 	at org.apache.http.impl.client.AbstractHttpClient.execute(AbstractHttpClient.java:470)
12-01 14:13:22.703 W/System.err( 2650): 	at com.starcor.httpapi.core.SCHttpTools.doRequest(SCHttpTools.java:197)
12-01 14:13:22.703 W/System.err( 2650): 	at com.starcor.httpapi.core.SCHttpApiEngine$ApiRunnable.runTask(SCHttpApiEngine.java:507)
12-01 14:13:22.703 W/System.err( 2650): 	at com.starcor.httpapi.core.SCHttpApiEngine$ApiRunnable.run(SCHttpApiEngine.java:442)
12-01 14:13:22.703 W/System.err( 2650): 	at java.lang.Thread.run(Thread.java:818)
12-01 14:13:22.706 I/Starcor ( 2650): Req url    (N2_A_3):/SyncTime?OutputType=json&Mac=A8-F4-70-1C-47-8D&MacId=A8-F4-70-1C-47-8D&Version=5.5.118.200.2.DBEI.0.0_Release&UserId=mgtvmacA8F4701C478D&UserAgent=nn_player%2Fstd%2F1.0.0&_support=10000000
12-01 14:13:22.706 I/Starcor ( 2650): httpDns url(N2_A_3):/SyncTime?OutputType=json&Mac=A8-F4-70-1C-47-8D&MacId=A8-F4-70-1C-47-8D&Version=5.5.118.200.2.DBEI.0.0_Release&UserId=mgtvmacA8F4701C478D&UserAgent=nn_player%2Fstd%2F1.0.0&_support=10000000
12-01 14:13:22.707 W/System.err( 2650): java.net.MalformedURLException: Protocol not found: /SyncTime?OutputType=json&Mac=A8-F4-70-1C-47-8D&MacId=A8-F4-70-1C-47-8D&Version=5.5.118.200.2.DBEI.0.0_Release&UserId=mgtvmacA8F4701C478D&UserAgent=nn_player%2Fstd%2F1.0.0&_support=10000000
12-01 14:13:22.707 W/System.err( 2650): 	at java.net.URL.<init>(URL.java:176)
12-01 14:13:22.707 W/System.err( 2650): 	at java.net.URL.<init>(URL.java:125)
12-01 14:13:22.707 W/System.err( 2650): 	at com.starcor.core.utils.HttpUtil.tryGetIp(HttpUtil.java:79)
12-01 14:13:22.707 W/System.err( 2650): 	at com.starcor.httpapi.core.SCHttpTools.doRequest(SCHttpTools.java:124)
12-01 14:13:22.707 W/System.err( 2650): 	at com.starcor.httpapi.core.SCHttpApiEngine$ApiRunnable.runTask(SCHttpApiEngine.java:507)
12-01 14:13:22.707 W/System.err( 2650): 	at com.starcor.httpapi.core.SCHttpApiEngine$ApiRunnable.run(SCHttpApiEngine.java:442)
12-01 14:13:22.707 W/System.err( 2650): 	at java.lang.Thread.run(Thread.java:818)
12-01 14:13:22.710 W/System.err( 2650): java.lang.IllegalStateException: Target host must not be null, or set in parameters. scheme=null, host=null, path=/SyncTime
12-01 14:13:22.710 W/System.err( 2650): 	at org.apache.http.impl.client.DefaultRequestDirector.determineRoute(DefaultRequestDirector.java:596)
12-01 14:13:22.710 W/System.err( 2650): 	at org.apache.http.impl.client.DefaultRequestDirector.execute(DefaultRequestDirector.java:298)
12-01 14:13:22.710 W/System.err( 2650): 	at org.apache.http.impl.client.AbstractHttpClient.execute(AbstractHttpClient.java:560)
12-01 14:13:22.710 W/System.err( 2650): 	at org.apache.http.impl.client.AbstractHttpClient.execute(AbstractHttpClient.java:492)
12-01 14:13:22.710 W/System.err( 2650): 	at org.apache.http.impl.client.AbstractHttpClient.execute(AbstractHttpClient.java:470)
12-01 14:13:22.710 W/System.err( 2650): 	at com.starcor.httpapi.core.SCHttpTools.doRequest(SCHttpTools.java:197)
12-01 14:13:22.710 W/System.err( 2650): 	at com.starcor.httpapi.core.SCHttpApiEngine$ApiRunnable.runTask(SCHttpApiEngine.java:507)
12-01 14:13:22.710 W/System.err( 2650): 	at com.starcor.httpapi.core.SCHttpApiEngine$ApiRunnable.run(SCHttpApiEngine.java:442)
12-01 14:13:22.710 W/System.err( 2650): 	at java.lang.Thread.run(Thread.java:818)
12-01 14:13:22.713 I/Starcor ( 2650): Req url    (N2_A_3):/SyncTime?OutputType=json&Mac=A8-F4-70-1C-47-8D&MacId=A8-F4-70-1C-47-8D&Version=5.5.118.200.2.DBEI.0.0_Release&UserId=mgtvmacA8F4701C478D&UserAgent=nn_player%2Fstd%2F1.0.0&_support=10000000
12-01 14:13:22.713 I/Starcor ( 2650): httpDns url(N2_A_3):/SyncTime?OutputType=json&Mac=A8-F4-70-1C-47-8D&MacId=A8-F4-70-1C-47-8D&Version=5.5.118.200.2.DBEI.0.0_Release&UserId=mgtvmacA8F4701C478D&UserAgent=nn_player%2Fstd%2F1.0.0&_support=10000000
12-01 14:13:22.714 W/System.err( 2650): java.net.MalformedURLException: Protocol not found: /SyncTime?OutputType=json&Mac=A8-F4-70-1C-47-8D&MacId=A8-F4-70-1C-47-8D&Version=5.5.118.200.2.DBEI.0.0_Release&UserId=mgtvmacA8F4701C478D&UserAgent=nn_player%2Fstd%2F1.0.0&_support=10000000
12-01 14:13:22.714 W/System.err( 2650): 	at java.net.URL.<init>(URL.java:176)
12-01 14:13:22.714 W/System.err( 2650): 	at java.net.URL.<init>(URL.java:125)
12-01 14:13:22.714 W/System.err( 2650): 	at com.starcor.core.utils.HttpUtil.tryGetIp(HttpUtil.java:79)
12-01 14:13:22.714 W/System.err( 2650): 	at com.starcor.httpapi.core.SCHttpTools.doRequest(SCHttpTools.java:124)
12-01 14:13:22.714 W/System.err( 2650): 	at com.starcor.httpapi.core.SCHttpApiEngine$ApiRunnable.runTask(SCHttpApiEngine.java:507)
12-01 14:13:22.714 W/System.err( 2650): 	at com.starcor.httpapi.core.SCHttpApiEngine$ApiRunnable.run(SCHttpApiEngine.java:442)
12-01 14:13:22.714 W/System.err( 2650): 	at java.lang.Thread.run(Thread.java:818)
12-01 14:13:22.717 W/System.err( 2650): java.lang.IllegalStateException: Target host must not be null, or set in parameters. scheme=null, host=null, path=/SyncTime
12-01 14:13:22.717 W/System.err( 2650): 	at org.apache.http.impl.client.DefaultRequestDirector.determineRoute(DefaultRequestDirector.java:596)
12-01 14:13:22.717 W/System.err( 2650): 	at org.apache.http.impl.client.DefaultRequestDirector.execute(DefaultRequestDirector.java:298)
12-01 14:13:22.717 W/System.err( 2650): 	at org.apache.http.impl.client.AbstractHttpClient.execute(AbstractHttpClient.java:560)
12-01 14:13:22.718 W/System.err( 2650): 	at org.apache.http.impl.client.AbstractHttpClient.execute(AbstractHttpClient.java:492)
12-01 14:13:22.718 W/System.err( 2650): 	at org.apache.http.impl.client.AbstractHttpClient.execute(AbstractHttpClient.java:470)
12-01 14:13:22.718 W/System.err( 2650): 	at com.starcor.httpapi.core.SCHttpTools.doRequest(SCHttpTools.java:197)
12-01 14:13:22.718 W/System.err( 2650): 	at com.starcor.httpapi.core.SCHttpApiEngine$ApiRunnable.runTask(SCHttpApiEngine.java:507)
12-01 14:13:22.718 W/System.err( 2650): 	at com.starcor.httpapi.core.SCHttpApiEngine$ApiRunnable.run(SCHttpApiEngine.java:442)
12-01 14:13:22.718 W/System.err( 2650): 	at java.lang.Thread.run(Thread.java:818)
12-01 14:13:22.719 I/Starcor ( 2650): Req url    (N2_A_3):/SyncTime?OutputType=json&Mac=A8-F4-70-1C-47-8D&MacId=A8-F4-70-1C-47-8D&Version=5.5.118.200.2.DBEI.0.0_Release&UserId=mgtvmacA8F4701C478D&UserAgent=nn_player%2Fstd%2F1.0.0&_support=10000000
12-01 14:13:22.720 I/Starcor ( 2650): httpDns url(N2_A_3):/SyncTime?OutputType=json&Mac=A8-F4-70-1C-47-8D&MacId=A8-F4-70-1C-47-8D&Version=5.5.118.200.2.DBEI.0.0_Release&UserId=mgtvmacA8F4701C478D&UserAgent=nn_player%2Fstd%2F1.0.0&_support=10000000
12-01 14:13:22.720 W/System.err( 2650): java.net.MalformedURLException: Protocol not found: /SyncTime?OutputType=json&Mac=A8-F4-70-1C-47-8D&MacId=A8-F4-70-1C-47-8D&Version=5.5.118.200.2.DBEI.0.0_Release&UserId=mgtvmacA8F4701C478D&UserAgent=nn_player%2Fstd%2F1.0.0&_support=10000000
12-01 14:13:22.720 W/System.err( 2650): 	at java.net.URL.<init>(URL.java:176)
12-01 14:13:22.720 W/System.err( 2650): 	at java.net.URL.<init>(URL.java:125)
12-01 14:13:22.720 W/System.err( 2650): 	at com.starcor.core.utils.HttpUtil.tryGetIp(HttpUtil.java:79)
12-01 14:13:22.720 W/System.err( 2650): 	at com.starcor.httpapi.core.SCHttpTools.doRequest(SCHttpTools.java:124)
12-01 14:13:22.720 W/System.err( 2650): 	at com.starcor.httpapi.core.SCHttpApiEngine$ApiRunnable.runTask(SCHttpApiEngine.java:507)
12-01 14:13:22.720 W/System.err( 2650): 	at com.starcor.httpapi.core.SCHttpApiEngine$ApiRunnable.run(SCHttpApiEngine.java:442)
12-01 14:13:22.720 W/System.err( 2650): 	at java.lang.Thread.run(Thread.java:818)
12-01 14:13:22.723 W/System.err( 2650): java.lang.IllegalStateException: Target host must not be null, or set in parameters. scheme=null, host=null, path=/SyncTime
12-01 14:13:22.723 W/System.err( 2650): 	at org.apache.http.impl.client.DefaultRequestDirector.determineRoute(DefaultRequestDirector.java:596)
12-01 14:13:22.723 W/System.err( 2650): 	at org.apache.http.impl.client.DefaultRequestDirector.execute(DefaultRequestDirector.java:298)
12-01 14:13:22.723 W/System.err( 2650): 	at org.apache.http.impl.client.AbstractHttpClient.execute(AbstractHttpClient.java:560)
12-01 14:13:22.723 W/System.err( 2650): 	at org.apache.http.impl.client.AbstractHttpClient.execute(AbstractHttpClient.java:492)
12-01 14:13:22.724 W/System.err( 2650): 	at org.apache.http.impl.client.AbstractHttpClient.execute(AbstractHttpClient.java:470)
12-01 14:13:22.724 W/System.err( 2650): 	at com.starcor.httpapi.core.SCHttpTools.doRequest(SCHttpTools.java:197)
12-01 14:13:22.724 W/System.err( 2650): 	at com.starcor.httpapi.core.SCHttpApiEngine$ApiRunnable.runTask(SCHttpApiEngine.java:507)
12-01 14:13:22.724 W/System.err( 2650): 	at com.starcor.httpapi.core.SCHttpApiEngine$ApiRunnable.run(SCHttpApiEngine.java:442)
12-01 14:13:22.724 W/System.err( 2650): 	at java.lang.Thread.run(Thread.java:818)
12-01 14:13:22.726 I/Api     ( 2650): srcApiName:N2_A_3, 转换后的url=
12-01 14:13:22.726 I/Api     ( 2650): /SyncTime?OutputType=json&Mac=A8-F4-70-1C-47-8D&MacId=A8-F4-70-1C-47-8D&Version=5.5.118.200.2.DBEI.0.0_Release&UserId=mgtvmacA8F4701C478D&UserAgent=nn_player%2Fstd%2F1.0.0&_support=10000000
12-01 14:13:22.726 I/SCHttpApiEngine( 2650): runTask complete taskId:8, taskName:N2_A_3, CacheLife:0s, coast time:36ms
12-01 14:13:22.726 W/SystemTimeManager( 2650): Time synchronization fails,reslut code:0
12-01 14:13:22.727 I/SystemTimeManager( 2650): handleMessage reset synProtection=0
12-01 14:13:22.873 D/BackBootDealerNeimeng( 2381): standbyState:
12-01 14:13:22.874 E/NetUtils( 1999): Interface eth0 LinkUp!
12-01 14:13:23.374 D/BackBootDealerNeimeng( 2381): standbyState:
12-01 14:13:23.375 E/NetUtils( 1999): Interface eth0 LinkUp!
12-01 14:13:23.875 D/BackBootDealerNeimeng( 2381): standbyState:
12-01 14:13:23.876 E/NetUtils( 1999): Interface eth0 LinkUp!
12-01 14:13:24.377 D/BackBootDealerNeimeng( 2381): standbyState:
12-01 14:13:24.377 E/NetUtils( 1999): Interface eth0 LinkUp!
12-01 14:13:24.878 D/BackBootDealerNeimeng( 2381): standbyState:
12-01 14:13:24.879 E/NetUtils( 1999): Interface eth0 LinkUp!
12-01 14:13:25.028 D/TCPLog  ( 2749): SEND PING...
12-01 14:13:25.032 V/TCPLog  ( 2749): currentNetWorkType:8
12-01 14:13:25.033 E/libpack ( 2749): enter IMCoreApi_pack 600100
12-01 14:13:25.033 E/libpack ( 2749): find class
12-01 14:13:25.033 E/libpack ( 2749): find class
12-01 14:13:25.033 E/libpack ( 2749): size  16
12-01 14:13:25.033 D/TCPLog  ( 2749): PacketWriter sendPacket 线程 main 调用了object.notifyAll()
12-01 14:13:25.033 D/TCPLog  ( 2749): PacketWriter sendPacket 线程 main 释放了锁
12-01 14:13:25.034 D/TCPLog  ( 2749): 线程 writerThread 获取到了锁
12-01 14:13:25.034 D/TCPLog  ( 2749): 线程 writerThread wait ...
12-01 14:13:25.070 D/TCPLog  ( 2749): headerLength:16 bodyLength:0 commandCode:10600100 read length:16
12-01 14:13:25.071 D/TCPLog  ( 2749): commandCode = 10600100
12-01 14:13:25.071 E/TCPLog  ( 2749): 返回心跳成功
12-01 14:13:25.302 D/AppUtil ( 2381): [TN_ThreadUtil-3]getActivityPkg index=0,comp=ComponentInfo{com.suma.midware.home/com.suma.midware.home.third.Main3DActivity}
12-01 14:13:25.302 D/AppKiller( 2381): [TN_ThreadUtil-3]backKill curPkgName=com.suma.midware.home
12-01 14:13:25.302 D/AppKiller( 2381): [TN_ThreadUtil-3]backKill processName=com.starcor.mango,processInfo=android.app.ActivityManager$RunningAppProcessInfo@f57297
12-01 14:13:25.302 D/AppNgbKiller( 2381): [TN_ThreadUtil-3]forceKillApp processInfoFlag=0,hasActivityFlag=4
12-01 14:13:25.302 D/AppKiller( 2381): [TN_ThreadUtil-3]backKill processName=com.yzx.im_demo,processInfo=android.app.ActivityManager$RunningAppProcessInfo@2935fc84
12-01 14:13:25.303 D/AppNgbKiller( 2381): [TN_ThreadUtil-3]forceKillApp processInfoFlag=0,hasActivityFlag=4
12-01 14:13:25.379 D/BackBootDealerNeimeng( 2381): standbyState:
12-01 14:13:25.380 E/NetUtils( 1999): Interface eth0 LinkUp!
12-01 14:13:25.757 D/IPLoaderNeimeng( 2381): after wait time14:13:25:monitorInterval:5000
12-01 14:13:25.757 D/IPLoaderNeimeng( 2381): before dealUpdateCheck time:14:13:25:isMsgBroadcast:false:monitorInterval:5000:processState:1
12-01 14:13:25.757 D/IPLoaderNeimeng( 2381): dealUpdateCheck isFirstSuccessUpdate:false:monitorInterval:5000
12-01 14:13:25.757 D/LoadHttpHandler( 2381): [TN_ThreadUtil-8]doNormal proxyConfig=null
12-01 14:13:25.808 D/LoadHttpHandler( 2381): [TN_ThreadUtil-8]doNormal responseCode=404
12-01 14:13:25.808 D/LoadHttpTask( 2381): dealUpdateCheck responseCode:404:data:null:downloadResult:false
12-01 14:13:25.809 D/IPLoaderNeimeng( 2381): after dealUpdateCheck time:14:13:25:isMsgBroadcast:false:monitorInterval:5000:processState:1
12-01 14:13:25.809 D/IPLoaderNeimeng( 2381): before wait time14:13:25:monitorInterval:5000
12-01 14:13:25.881 D/BackBootDealerNeimeng( 2381): standbyState:
12-01 14:13:25.881 E/NetUtils( 1999): Interface eth0 LinkUp!
12-01 14:13:25.960 E/NetUtils( 1999): Interface eth0 LinkUp!
12-01 14:13:26.382 D/BackBootDealerNeimeng( 2381): standbyState:
12-01 14:13:26.383 E/NetUtils( 1999): Interface eth0 LinkUp!
12-01 14:13:26.883 D/BackBootDealerNeimeng( 2381): standbyState:
12-01 14:13:26.884 E/NetUtils( 1999): Interface eth0 LinkUp!
12-01 14:13:27.384 D/BackBootDealerNeimeng( 2381): standbyState:
12-01 14:13:27.385 E/NetUtils( 1999): Interface eth0 LinkUp!
12-01 14:13:27.885 D/BackBootDealerNeimeng( 2381): standbyState:
12-01 14:13:27.886 E/NetUtils( 1999): Interface eth0 LinkUp!
12-01 14:13:28.386 D/BackBootDealerNeimeng( 2381): standbyState:
12-01 14:13:28.387 E/NetUtils( 1999): Interface eth0 LinkUp!
12-01 14:13:28.888 D/BackBootDealerNeimeng( 2381): standbyState:
12-01 14:13:28.889 E/NetUtils( 1999): Interface eth0 LinkUp!
12-01 14:13:29.389 D/BackBootDealerNeimeng( 2381): standbyState:
12-01 14:13:29.390 E/NetUtils( 1999): Interface eth0 LinkUp!
12-01 14:13:29.891 D/BackBootDealerNeimeng( 2381): standbyState:
12-01 14:13:29.891 E/NetUtils( 1999): Interface eth0 LinkUp!
12-01 14:13:30.392 D/BackBootDealerNeimeng( 2381): standbyState:
12-01 14:13:30.392 E/NetUtils( 1999): Interface eth0 LinkUp!
12-01 14:13:30.893 D/BackBootDealerNeimeng( 2381): standbyState:
12-01 14:13:30.894 E/NetUtils( 1999): Interface eth0 LinkUp!
12-01 14:13:31.394 D/BackBootDealerNeimeng( 2381): standbyState:
12-01 14:13:31.395 E/NetUtils( 1999): Interface eth0 LinkUp!
12-01 14:13:31.896 D/BackBootDealerNeimeng( 2381): standbyState:
12-01 14:13:31.896 E/NetUtils( 1999): Interface eth0 LinkUp!
12-01 14:13:32.397 D/BackBootDealerNeimeng( 2381): standbyState:
12-01 14:13:32.398 E/NetUtils( 1999): Interface eth0 LinkUp!
12-01 14:13:32.834 E/WifiStateMachine( 1999): WifiStateMachine CMD_START_SCAN source -2 txSuccessRate=0.05 rxSuccessRate=0.31 targetRoamBSSID=86:79:73:a5:71:44 RSSI=-38
12-01 14:13:32.898 D/BackBootDealerNeimeng( 2381): standbyState:
12-01 14:13:32.899 E/NetUtils( 1999): Interface eth0 LinkUp!
12-01 14:13:33.400 D/BackBootDealerNeimeng( 2381): standbyState:
12-01 14:13:33.400 E/NetUtils( 1999): Interface eth0 LinkUp!
12-01 14:13:33.901 D/BackBootDealerNeimeng( 2381): standbyState:
12-01 14:13:33.902 E/NetUtils( 1999): Interface eth0 LinkUp!
12-01 14:13:34.402 D/BackBootDealerNeimeng( 2381): standbyState:
12-01 14:13:34.403 E/NetUtils( 1999): Interface eth0 LinkUp!
12-01 14:13:34.903 D/BackBootDealerNeimeng( 2381): standbyState:
12-01 14:13:34.904 E/NetUtils( 1999): Interface eth0 LinkUp!
12-01 14:13:35.405 D/BackBootDealerNeimeng( 2381): standbyState:
12-01 14:13:35.406 E/NetUtils( 1999): Interface eth0 LinkUp!
12-01 14:13:35.906 D/BackBootDealerNeimeng( 2381): standbyState:
12-01 14:13:35.907 E/NetUtils( 1999): Interface eth0 LinkUp!
12-01 14:13:35.962 E/NetUtils( 1999): Interface eth0 LinkUp!
12-01 14:13:36.408 D/BackBootDealerNeimeng( 2381): standbyState:
12-01 14:13:36.408 E/NetUtils( 1999): Interface eth0 LinkUp!
12-01 14:13:36.909 D/BackBootDealerNeimeng( 2381): standbyState:
12-01 14:13:36.910 E/NetUtils( 1999): Interface eth0 LinkUp!
12-01 14:13:37.410 D/BackBootDealerNeimeng( 2381): standbyState:
12-01 14:13:37.411 E/NetUtils( 1999): Interface eth0 LinkUp!
12-01 14:13:37.911 D/BackBootDealerNeimeng( 2381): standbyState:
12-01 14:13:37.912 E/NetUtils( 1999): Interface eth0 LinkUp!
12-01 14:13:38.412 D/BackBootDealerNeimeng( 2381): standbyState:
12-01 14:13:38.413 E/NetUtils( 1999): Interface eth0 LinkUp!
12-01 14:13:38.913 D/BackBootDealerNeimeng( 2381): standbyState:
12-01 14:13:38.914 E/NetUtils( 1999): Interface eth0 LinkUp!
12-01 14:13:39.414 D/BackBootDealerNeimeng( 2381): standbyState:
12-01 14:13:39.415 E/NetUtils( 1999): Interface eth0 LinkUp!
12-01 14:13:39.915 D/BackBootDealerNeimeng( 2381): standbyState:
12-01 14:13:39.916 E/NetUtils( 1999): Interface eth0 LinkUp!
12-01 14:13:40.417 D/BackBootDealerNeimeng( 2381): standbyState:
12-01 14:13:40.418 E/NetUtils( 1999): Interface eth0 LinkUp!
12-01 14:13:40.918 D/BackBootDealerNeimeng( 2381): standbyState:
12-01 14:13:40.919 E/NetUtils( 1999): Interface eth0 LinkUp!
12-01 14:13:41.420 D/BackBootDealerNeimeng( 2381): standbyState:
12-01 14:13:41.421 E/NetUtils( 1999): Interface eth0 LinkUp!
12-01 14:13:41.921 D/BackBootDealerNeimeng( 2381): standbyState:
12-01 14:13:41.922 E/NetUtils( 1999): Interface eth0 LinkUp!
12-01 14:13:42.422 D/BackBootDealerNeimeng( 2381): standbyState:
12-01 14:13:42.423 E/NetUtils( 1999): Interface eth0 LinkUp!
12-01 14:13:42.857 D/IPLoaderNeimeng( 2381): after wait time14:13:42:monitorInterval:5000
12-01 14:13:42.857 D/IPLoaderNeimeng( 2381): before dealUpdateCheck time:14:13:42:isMsgBroadcast:false:monitorInterval:5000:processState:1
12-01 14:13:42.857 D/IPLoaderNeimeng( 2381): dealUpdateCheck isFirstSuccessUpdate:false:monitorInterval:5000
12-01 14:13:42.858 D/LoadHttpHandler( 2381): [TN_ThreadUtil-8]doNormal proxyConfig=null
12-01 14:13:42.897 D/LoadHttpHandler( 2381): [TN_ThreadUtil-8]doNormal responseCode=404
12-01 14:13:42.898 D/LoadHttpTask( 2381): dealUpdateCheck responseCode:404:data:null:downloadResult:false
12-01 14:13:42.898 D/IPLoaderNeimeng( 2381): after dealUpdateCheck time:14:13:42:isMsgBroadcast:false:monitorInterval:5000:processState:1
12-01 14:13:42.899 D/IPLoaderNeimeng( 2381): before wait time14:13:42:monitorInterval:5000
12-01 14:13:42.924 D/BackBootDealerNeimeng( 2381): standbyState:
12-01 14:13:42.925 E/NetUtils( 1999): Interface eth0 LinkUp!
12-01 14:13:43.425 D/BackBootDealerNeimeng( 2381): standbyState:
12-01 14:13:43.426 E/NetUtils( 1999): Interface eth0 LinkUp!
12-01 14:13:43.927 D/BackBootDealerNeimeng( 2381): standbyState:
12-01 14:13:43.928 E/NetUtils( 1999): Interface eth0 LinkUp!
12-01 14:13:44.428 D/BackBootDealerNeimeng( 2381): standbyState:
12-01 14:13:44.429 E/NetUtils( 1999): Interface eth0 LinkUp!
12-01 14:13:44.929 D/BackBootDealerNeimeng( 2381): standbyState:
12-01 14:13:44.931 E/NetUtils( 1999): Interface eth0 LinkUp!
12-01 14:13:45.431 D/BackBootDealerNeimeng( 2381): standbyState:
12-01 14:13:45.432 E/NetUtils( 1999): Interface eth0 LinkUp!
12-01 14:13:45.933 D/BackBootDealerNeimeng( 2381): standbyState:
12-01 14:13:45.933 E/NetUtils( 1999): Interface eth0 LinkUp!
12-01 14:13:45.963 E/NetUtils( 1999): Interface eth0 LinkUp!
12-01 14:13:46.434 D/BackBootDealerNeimeng( 2381): standbyState:
12-01 14:13:46.435 E/NetUtils( 1999): Interface eth0 LinkUp!
12-01 14:13:46.935 D/BackBootDealerNeimeng( 2381): standbyState:
12-01 14:13:46.936 E/NetUtils( 1999): Interface eth0 LinkUp!
12-01 14:13:47.437 D/BackBootDealerNeimeng( 2381): standbyState:
12-01 14:13:47.438 E/NetUtils( 1999): Interface eth0 LinkUp!
12-01 14:13:47.938 D/BackBootDealerNeimeng( 2381): standbyState:
12-01 14:13:47.939 E/NetUtils( 1999): Interface eth0 LinkUp!
12-01 14:13:48.439 D/BackBootDealerNeimeng( 2381): standbyState:
12-01 14:13:48.439 E/NetUtils( 1999): Interface eth0 LinkUp!
12-01 14:13:48.936 D/IPLoaderNeimeng( 2381): after wait time14:13:48:monitorInterval:5000
12-01 14:13:48.936 D/IPLoaderNeimeng( 2381): before dealUpdateCheck time:14:13:48:isMsgBroadcast:false:monitorInterval:5000:processState:1
12-01 14:13:48.937 D/IPLoaderNeimeng( 2381): dealUpdateCheck isFirstSuccessUpdate:false:monitorInterval:5000
12-01 14:13:48.937 D/LoadHttpHandler( 2381): [TN_ThreadUtil-8]doNormal proxyConfig=null
12-01 14:13:48.940 D/BackBootDealerNeimeng( 2381): standbyState:
12-01 14:13:48.941 E/NetUtils( 1999): Interface eth0 LinkUp!
12-01 14:13:48.986 D/LoadHttpHandler( 2381): [TN_ThreadUtil-8]doNormal responseCode=404
12-01 14:13:48.986 D/LoadHttpTask( 2381): dealUpdateCheck responseCode:404:data:null:downloadResult:false
12-01 14:13:48.987 D/IPLoaderNeimeng( 2381): after dealUpdateCheck time:14:13:48:isMsgBroadcast:false:monitorInterval:5000:processState:1
12-01 14:13:48.987 D/IPLoaderNeimeng( 2381): before wait time14:13:48:monitorInterval:5000
12-01 14:13:49.198 D/Advertiser( 2440): End of sleep at time:1512108829197
12-01 14:13:49.198 D/Advertiser( 2440): Begin announce....with thread:org.cybergarage.d.b.a@15f10bb4
12-01 14:13:49.198 D/TimerUtil( 2440): waitRandom time=300,waitTime=256
12-01 14:13:49.198 D/Device  ( 2440): announce deviceDataBindAddress null
12-01 14:13:49.203 D/Device  ( 2440): announce 0 bindAddress=10.0.0.86
12-01 14:13:49.203 D/HTTPMUSocket( 2440): open addr=239.255.255.250,port=1900,bindAddr=10.0.0.86
12-01 14:13:49.208 D/HTTPMUSocket( 2440): send msg:NOTIFY * HTTP/1.1
12-01 14:13:49.208 D/HTTPMUSocket( 2440): Server: Linux/3.18.24_hi3798mv2x UPnP/1.0 CyberLinkJava/1.8
12-01 14:13:49.208 D/HTTPMUSocket( 2440): Cache-Control: max-age=1800
12-01 14:13:49.208 D/HTTPMUSocket( 2440): Location: http://10.0.0.86:38520/description.xml
12-01 14:13:49.208 D/HTTPMUSocket( 2440): NTS: ssdp:alive
12-01 14:13:49.208 D/HTTPMUSocket( 2440): NT: upnp:rootdevice
12-01 14:13:49.208 D/HTTPMUSocket( 2440): USN: uuid:bedb84c3-dcc5-4b75-8e79-308771ab5a9f::upnp:rootdevice
12-01 14:13:49.208 D/HTTPMUSocket( 2440): HOST: 239.255.255.250:1900
12-01 14:13:49.208 D/HTTPMUSocket( 2440): 
12-01 14:13:49.208 D/HTTPMUSocket( 2440): bindAddr:null and port:-1
12-01 14:13:49.208 D/HTTPMUSocket( 2440): /10.0.0.86
12-01 14:13:49.209 D/HTTPMUSocket( 2440): send msg:NOTIFY * HTTP/1.1
12-01 14:13:49.209 D/HTTPMUSocket( 2440): Server: Linux/3.18.24_hi3798mv2x UPnP/1.0 CyberLinkJava/1.8
12-01 14:13:49.209 D/HTTPMUSocket( 2440): Cache-Control: max-age=1800
12-01 14:13:49.209 D/HTTPMUSocket( 2440): Location: http://10.0.0.86:38520/description.xml
12-01 14:13:49.209 D/HTTPMUSocket( 2440): NTS: ssdp:alive
12-01 14:13:49.209 D/HTTPMUSocket( 2440): NT: uuid:bedb84c3-dcc5-4b75-8e79-308771ab5a9f
12-01 14:13:49.209 D/HTTPMUSocket( 2440): USN: uuid:bedb84c3-dcc5-4b75-8e79-308771ab5a9f
12-01 14:13:49.209 D/HTTPMUSocket( 2440): HOST: 239.255.255.250:1900
12-01 14:13:49.209 D/HTTPMUSocket( 2440): 
12-01 14:13:49.209 D/HTTPMUSocket( 2440): bindAddr:null and port:-1
12-01 14:13:49.210 D/HTTPMUSocket( 2440): /10.0.0.86
12-01 14:13:49.211 D/HTTPMUSocket( 2440): send msg:NOTIFY * HTTP/1.1
12-01 14:13:49.211 D/HTTPMUSocket( 2440): Server: Linux/3.18.24_hi3798mv2x UPnP/1.0 CyberLinkJava/1.8
12-01 14:13:49.211 D/HTTPMUSocket( 2440): Cache-Control: max-age=1800
12-01 14:13:49.211 D/HTTPMUSocket( 2440): Location: http://10.0.0.86:38520/description.xml
12-01 14:13:49.211 D/HTTPMUSocket( 2440): NTS: ssdp:alive
12-01 14:13:49.211 D/HTTPMUSocket( 2440): NT: urn:schemas-upnp-org:device:MediaServer:1
12-01 14:13:49.211 D/HTTPMUSocket( 2440): USN: uuid:bedb84c3-dcc5-4b75-8e79-308771ab5a9f::urn:schemas-upnp-org:device:MediaServer:1
12-01 14:13:49.211 D/HTTPMUSocket( 2440): HOST: 239.255.255.250:1900
12-01 14:13:49.211 D/HTTPMUSocket( 2440): 
12-01 14:13:49.211 D/HTTPMUSocket( 2440): bindAddr:null and port:-1
12-01 14:13:49.211 D/HTTPMUSocket( 2440): /10.0.0.86
12-01 14:13:49.212 D/Device  ( 2440): announce bindAddr=10.0.0.86,devLocation=http://10.0.0.86:38520/description.xml,location=http://10.0.0.86:38520/description.xml
12-01 14:13:49.212 D/Device  ( 2440): announce bindAddr=10.0.0.86,serviceDesUrl=
12-01 14:13:49.213 D/HTTPMUSocket( 2440): open addr=239.255.255.250,port=1900,bindAddr=10.0.0.86
12-01 14:13:49.217 D/TimerUtil( 2440): waitRandom time=300,waitTime=181
12-01 14:13:49.218 D/HTTPMUSocket( 2440): send msg:NOTIFY * HTTP/1.1
12-01 14:13:49.218 D/HTTPMUSocket( 2440): Server: Linux/3.18.24_hi3798mv2x UPnP/1.0 CyberLinkJava/1.8
12-01 14:13:49.218 D/HTTPMUSocket( 2440): Cache-Control: max-age=1800
12-01 14:13:49.218 D/HTTPMUSocket( 2440): Location: http://10.0.0.86:38520/description.xml
12-01 14:13:49.218 D/HTTPMUSocket( 2440): NTS: ssdp:alive
12-01 14:13:49.218 D/HTTPMUSocket( 2440): NT: urn:schemas-upnp-org:service:ContentDirectory:1
12-01 14:13:49.218 D/HTTPMUSocket( 2440): USN: uuid:bedb84c3-dcc5-4b75-8e79-308771ab5a9f::urn:schemas-upnp-org:service:ContentDirectory:1
12-01 14:13:49.218 D/HTTPMUSocket( 2440): HOST: 239.255.255.250:1900
12-01 14:13:49.218 D/HTTPMUSocket( 2440): 
12-01 14:13:49.218 D/HTTPMUSocket( 2440): bindAddr:null and port:-1
12-01 14:13:49.219 D/HTTPMUSocket( 2440): /10.0.0.86
12-01 14:13:49.220 D/Device  ( 2440): announce bindAddr=10.0.0.86,serviceDesUrl=
12-01 14:13:49.220 D/HTTPMUSocket( 2440): open addr=239.255.255.250,port=1900,bindAddr=10.0.0.86
12-01 14:13:49.225 D/TimerUtil( 2440): waitRandom time=300,waitTime=255
12-01 14:13:49.225 D/HTTPMUSocket( 2440): send msg:NOTIFY * HTTP/1.1
12-01 14:13:49.225 D/HTTPMUSocket( 2440): Server: Linux/3.18.24_hi3798mv2x UPnP/1.0 CyberLinkJava/1.8
12-01 14:13:49.225 D/HTTPMUSocket( 2440): Cache-Control: max-age=1800
12-01 14:13:49.225 D/HTTPMUSocket( 2440): Location: http://10.0.0.86:38520/description.xml
12-01 14:13:49.225 D/HTTPMUSocket( 2440): NTS: ssdp:alive
12-01 14:13:49.225 D/HTTPMUSocket( 2440): NT: urn:schemas-upnp-org:service:ConnectionManager:1
12-01 14:13:49.225 D/HTTPMUSocket( 2440): USN: uuid:bedb84c3-dcc5-4b75-8e79-308771ab5a9f::urn:schemas-upnp-org:service:ConnectionManager:1
12-01 14:13:49.225 D/HTTPMUSocket( 2440): HOST: 239.255.255.250:1900
12-01 14:13:49.225 D/HTTPMUSocket( 2440): 
12-01 14:13:49.225 D/HTTPMUSocket( 2440): bindAddr:null and port:-1
12-01 14:13:49.225 D/HTTPMUSocket( 2440): /10.0.0.86
12-01 14:13:49.226 D/Device  ( 2440): announce bindAddr=10.0.0.86,serviceDesUrl=
12-01 14:13:49.226 D/HTTPMUSocket( 2440): open addr=239.255.255.250,port=1900,bindAddr=10.0.0.86
12-01 14:13:49.227 D/TimerUtil( 2440): waitRandom time=300,waitTime=115
12-01 14:13:49.227 D/HTTPMUSocket( 2440): send msg:NOTIFY * HTTP/1.1
12-01 14:13:49.227 D/HTTPMUSocket( 2440): Server: Linux/3.18.24_hi3798mv2x UPnP/1.0 CyberLinkJava/1.8
12-01 14:13:49.227 D/HTTPMUSocket( 2440): Cache-Control: max-age=1800
12-01 14:13:49.227 D/HTTPMUSocket( 2440): Location: http://10.0.0.86:38520/description.xml
12-01 14:13:49.227 D/HTTPMUSocket( 2440): NTS: ssdp:alive
12-01 14:13:49.227 D/HTTPMUSocket( 2440): NT: urn:schemas-upnp-org:service:AVTransport:1
12-01 14:13:49.227 D/HTTPMUSocket( 2440): USN: uuid:bedb84c3-dcc5-4b75-8e79-308771ab5a9f::urn:schemas-upnp-org:service:AVTransport:1
12-01 14:13:49.227 D/HTTPMUSocket( 2440): HOST: 239.255.255.250:1900
12-01 14:13:49.227 D/HTTPMUSocket( 2440): 
12-01 14:13:49.227 D/HTTPMUSocket( 2440): bindAddr:null and port:-1
12-01 14:13:49.228 D/HTTPMUSocket( 2440): /10.0.0.86
12-01 14:13:49.228 D/Device  ( 2440): announce bindAddr=10.0.0.86,serviceDesUrl=
12-01 14:13:49.228 D/HTTPMUSocket( 2440): open addr=239.255.255.250,port=1900,bindAddr=10.0.0.86
12-01 14:13:49.232 D/TimerUtil( 2440): waitRandom time=300,waitTime=80
12-01 14:13:49.233 D/HTTPMUSocket( 2440): send msg:NOTIFY * HTTP/1.1
12-01 14:13:49.233 D/HTTPMUSocket( 2440): Server: Linux/3.18.24_hi3798mv2x UPnP/1.0 CyberLinkJava/1.8
12-01 14:13:49.233 D/HTTPMUSocket( 2440): Cache-Control: max-age=1800
12-01 14:13:49.233 D/HTTPMUSocket( 2440): Location: http://10.0.0.86:38520/description.xml
12-01 14:13:49.233 D/HTTPMUSocket( 2440): NTS: ssdp:alive
12-01 14:13:49.233 D/HTTPMUSocket( 2440): NT: urn:sumavision.com:service:X_SUMA_EVENT:1
12-01 14:13:49.233 D/HTTPMUSocket( 2440): USN: uuid:bedb84c3-dcc5-4b75-8e79-308771ab5a9f::urn:sumavision.com:service:X_SUMA_EVENT:1
12-01 14:13:49.233 D/HTTPMUSocket( 2440): HOST: 239.255.255.250:1900
12-01 14:13:49.233 D/HTTPMUSocket( 2440): 
12-01 14:13:49.233 D/HTTPMUSocket( 2440): bindAddr:null and port:-1
12-01 14:13:49.233 D/HTTPMUSocket( 2440): /10.0.0.86
12-01 14:13:49.233 D/Device  ( 2440): announce 1 bindAddress=192.168.31.244
12-01 14:13:49.234 D/HTTPMUSocket( 2440): open addr=239.255.255.250,port=1900,bindAddr=192.168.31.244
12-01 14:13:49.236 D/HTTPMUSocket( 2440): send msg:NOTIFY * HTTP/1.1
12-01 14:13:49.236 D/HTTPMUSocket( 2440): Server: Linux/3.18.24_hi3798mv2x UPnP/1.0 CyberLinkJava/1.8
12-01 14:13:49.236 D/HTTPMUSocket( 2440): Cache-Control: max-age=1800
12-01 14:13:49.236 D/HTTPMUSocket( 2440): Location: http://192.168.31.244:38520/description.xml
12-01 14:13:49.236 D/HTTPMUSocket( 2440): NTS: ssdp:alive
12-01 14:13:49.236 D/HTTPMUSocket( 2440): NT: upnp:rootdevice
12-01 14:13:49.236 D/HTTPMUSocket( 2440): USN: uuid:bedb84c3-dcc5-4b75-8e79-308771ab5a9f::upnp:rootdevice
12-01 14:13:49.236 D/HTTPMUSocket( 2440): HOST: 239.255.255.250:1900
12-01 14:13:49.236 D/HTTPMUSocket( 2440): 
12-01 14:13:49.236 D/HTTPMUSocket( 2440): bindAddr:null and port:-1
12-01 14:13:49.236 D/HTTPMUSocket( 2440): /192.168.31.244
12-01 14:13:49.237 D/HTTPMUSocket( 2440): send msg:NOTIFY * HTTP/1.1
12-01 14:13:49.237 D/HTTPMUSocket( 2440): Server: Linux/3.18.24_hi3798mv2x UPnP/1.0 CyberLinkJava/1.8
12-01 14:13:49.237 D/HTTPMUSocket( 2440): Cache-Control: max-age=1800
12-01 14:13:49.237 D/HTTPMUSocket( 2440): Location: http://192.168.31.244:38520/description.xml
12-01 14:13:49.237 D/HTTPMUSocket( 2440): NTS: ssdp:alive
12-01 14:13:49.237 D/HTTPMUSocket( 2440): NT: uuid:bedb84c3-dcc5-4b75-8e79-308771ab5a9f
12-01 14:13:49.237 D/HTTPMUSocket( 2440): USN: uuid:bedb84c3-dcc5-4b75-8e79-308771ab5a9f
12-01 14:13:49.237 D/HTTPMUSocket( 2440): HOST: 239.255.255.250:1900
12-01 14:13:49.237 D/HTTPMUSocket( 2440): 
12-01 14:13:49.237 D/HTTPMUSocket( 2440): bindAddr:null and port:-1
12-01 14:13:49.237 D/HTTPMUSocket( 2440): /192.168.31.244
12-01 14:13:49.237 D/HTTPMUSocket( 2440): send msg:NOTIFY * HTTP/1.1
12-01 14:13:49.237 D/HTTPMUSocket( 2440): Server: Linux/3.18.24_hi3798mv2x UPnP/1.0 CyberLinkJava/1.8
12-01 14:13:49.237 D/HTTPMUSocket( 2440): Cache-Control: max-age=1800
12-01 14:13:49.237 D/HTTPMUSocket( 2440): Location: http://192.168.31.244:38520/description.xml
12-01 14:13:49.237 D/HTTPMUSocket( 2440): NTS: ssdp:alive
12-01 14:13:49.237 D/HTTPMUSocket( 2440): NT: urn:schemas-upnp-org:device:MediaServer:1
12-01 14:13:49.237 D/HTTPMUSocket( 2440): USN: uuid:bedb84c3-dcc5-4b75-8e79-308771ab5a9f::urn:schemas-upnp-org:device:MediaServer:1
12-01 14:13:49.237 D/HTTPMUSocket( 2440): HOST: 239.255.255.250:1900
12-01 14:13:49.237 D/HTTPMUSocket( 2440): 
12-01 14:13:49.237 D/HTTPMUSocket( 2440): bindAddr:null and port:-1
12-01 14:13:49.238 D/HTTPMUSocket( 2440): /192.168.31.244
12-01 14:13:49.238 D/Device  ( 2440): announce bindAddr=192.168.31.244,devLocation=http://192.168.31.244:38520/description.xml,location=http://192.168.31.244:38520/description.xml
12-01 14:13:49.238 D/Device  ( 2440): announce bindAddr=192.168.31.244,serviceDesUrl=
12-01 14:13:49.238 D/HTTPMUSocket( 2440): open addr=239.255.255.250,port=1900,bindAddr=192.168.31.244
12-01 14:13:49.240 D/TimerUtil( 2440): waitRandom time=300,waitTime=81
12-01 14:13:49.240 D/HTTPMUSocket( 2440): send msg:NOTIFY * HTTP/1.1
12-01 14:13:49.240 D/HTTPMUSocket( 2440): Server: Linux/3.18.24_hi3798mv2x UPnP/1.0 CyberLinkJava/1.8
12-01 14:13:49.240 D/HTTPMUSocket( 2440): Cache-Control: max-age=1800
12-01 14:13:49.240 D/HTTPMUSocket( 2440): Location: http://192.168.31.244:38520/description.xml
12-01 14:13:49.240 D/HTTPMUSocket( 2440): NTS: ssdp:alive
12-01 14:13:49.240 D/HTTPMUSocket( 2440): NT: urn:schemas-upnp-org:service:ContentDirectory:1
12-01 14:13:49.240 D/HTTPMUSocket( 2440): USN: uuid:bedb84c3-dcc5-4b75-8e79-308771ab5a9f::urn:schemas-upnp-org:service:ContentDirectory:1
12-01 14:13:49.240 D/HTTPMUSocket( 2440): HOST: 239.255.255.250:1900
12-01 14:13:49.240 D/HTTPMUSocket( 2440): 
12-01 14:13:49.240 D/HTTPMUSocket( 2440): bindAddr:null and port:-1
12-01 14:13:49.240 D/HTTPMUSocket( 2440): /192.168.31.244
12-01 14:13:49.240 D/Device  ( 2440): announce bindAddr=192.168.31.244,serviceDesUrl=
12-01 14:13:49.241 D/HTTPMUSocket( 2440): open addr=239.255.255.250,port=1900,bindAddr=192.168.31.244
12-01 14:13:49.242 D/TimerUtil( 2440): waitRandom time=300,waitTime=237
12-01 14:13:49.242 D/HTTPMUSocket( 2440): send msg:NOTIFY * HTTP/1.1
12-01 14:13:49.242 D/HTTPMUSocket( 2440): Server: Linux/3.18.24_hi3798mv2x UPnP/1.0 CyberLinkJava/1.8
12-01 14:13:49.242 D/HTTPMUSocket( 2440): Cache-Control: max-age=1800
12-01 14:13:49.242 D/HTTPMUSocket( 2440): Location: http://192.168.31.244:38520/description.xml
12-01 14:13:49.242 D/HTTPMUSocket( 2440): NTS: ssdp:alive
12-01 14:13:49.242 D/HTTPMUSocket( 2440): NT: urn:schemas-upnp-org:service:ConnectionManager:1
12-01 14:13:49.242 D/HTTPMUSocket( 2440): USN: uuid:bedb84c3-dcc5-4b75-8e79-308771ab5a9f::urn:schemas-upnp-org:service:ConnectionManager:1
12-01 14:13:49.242 D/HTTPMUSocket( 2440): HOST: 239.255.255.250:1900
12-01 14:13:49.242 D/HTTPMUSocket( 2440): 
12-01 14:13:49.242 D/HTTPMUSocket( 2440): bindAddr:null and port:-1
12-01 14:13:49.242 D/HTTPMUSocket( 2440): /192.168.31.244
12-01 14:13:49.243 D/Device  ( 2440): announce bindAddr=192.168.31.244,serviceDesUrl=
12-01 14:13:49.243 D/HTTPMUSocket( 2440): open addr=239.255.255.250,port=1900,bindAddr=192.168.31.244
12-01 14:13:49.244 D/TimerUtil( 2440): waitRandom time=300,waitTime=282
12-01 14:13:49.244 D/HTTPMUSocket( 2440): send msg:NOTIFY * HTTP/1.1
12-01 14:13:49.244 D/HTTPMUSocket( 2440): Server: Linux/3.18.24_hi3798mv2x UPnP/1.0 CyberLinkJava/1.8
12-01 14:13:49.244 D/HTTPMUSocket( 2440): Cache-Control: max-age=1800
12-01 14:13:49.244 D/HTTPMUSocket( 2440): Location: http://192.168.31.244:38520/description.xml
12-01 14:13:49.244 D/HTTPMUSocket( 2440): NTS: ssdp:alive
12-01 14:13:49.244 D/HTTPMUSocket( 2440): NT: urn:schemas-upnp-org:service:AVTransport:1
12-01 14:13:49.244 D/HTTPMUSocket( 2440): USN: uuid:bedb84c3-dcc5-4b75-8e79-308771ab5a9f::urn:schemas-upnp-org:service:AVTransport:1
12-01 14:13:49.244 D/HTTPMUSocket( 2440): HOST: 239.255.255.250:1900
12-01 14:13:49.244 D/HTTPMUSocket( 2440): 
12-01 14:13:49.244 D/HTTPMUSocket( 2440): bindAddr:null and port:-1
12-01 14:13:49.244 D/HTTPMUSocket( 2440): /192.168.31.244
12-01 14:13:49.245 D/Device  ( 2440): announce bindAddr=192.168.31.244,serviceDesUrl=
12-01 14:13:49.245 D/HTTPMUSocket( 2440): open addr=239.255.255.250,port=1900,bindAddr=192.168.31.244
12-01 14:13:49.246 D/TimerUtil( 2440): waitRandom time=300,waitTime=216
12-01 14:13:49.246 D/HTTPMUSocket( 2440): send msg:NOTIFY * HTTP/1.1
12-01 14:13:49.246 D/HTTPMUSocket( 2440): Server: Linux/3.18.24_hi3798mv2x UPnP/1.0 CyberLinkJava/1.8
12-01 14:13:49.246 D/HTTPMUSocket( 2440): Cache-Control: max-age=1800
12-01 14:13:49.246 D/HTTPMUSocket( 2440): Location: http://192.168.31.244:38520/description.xml
12-01 14:13:49.246 D/HTTPMUSocket( 2440): NTS: ssdp:alive
12-01 14:13:49.246 D/HTTPMUSocket( 2440): NT: urn:sumavision.com:service:X_SUMA_EVENT:1
12-01 14:13:49.246 D/HTTPMUSocket( 2440): USN: uuid:bedb84c3-dcc5-4b75-8e79-308771ab5a9f::urn:sumavision.com:service:X_SUMA_EVENT:1
12-01 14:13:49.246 D/HTTPMUSocket( 2440): HOST: 239.255.255.250:1900
12-01 14:13:49.246 D/HTTPMUSocket( 2440): 
12-01 14:13:49.246 D/HTTPMUSocket( 2440): bindAddr:null and port:-1
12-01 14:13:49.246 D/HTTPMUSocket( 2440): /192.168.31.244
12-01 14:13:49.247 D/Advertiser( 2440): Advertise12:45000 at time:1512108829247 with thread:org.cybergarage.d.b.a@15f10bb4
12-01 14:13:49.441 D/BackBootDealerNeimeng( 2381): standbyState:
12-01 14:13:49.442 E/NetUtils( 1999): Interface eth0 LinkUp!
12-01 14:13:49.943 D/BackBootDealerNeimeng( 2381): standbyState:
12-01 14:13:49.943 E/NetUtils( 1999): Interface eth0 LinkUp!
12-01 14:13:50.444 D/BackBootDealerNeimeng( 2381): standbyState:
12-01 14:13:50.445 E/NetUtils( 1999): Interface eth0 LinkUp!
12-01 14:13:50.945 D/BackBootDealerNeimeng( 2381): standbyState:
12-01 14:13:50.946 E/NetUtils( 1999): Interface eth0 LinkUp!
12-01 14:13:51.447 D/BackBootDealerNeimeng( 2381): standbyState:
12-01 14:13:51.447 E/NetUtils( 1999): Interface eth0 LinkUp!
12-01 14:13:51.948 D/BackBootDealerNeimeng( 2381): standbyState:
12-01 14:13:51.949 E/NetUtils( 1999): Interface eth0 LinkUp!
12-01 14:13:52.449 D/BackBootDealerNeimeng( 2381): standbyState:
12-01 14:13:52.450 E/NetUtils( 1999): Interface eth0 LinkUp!
12-01 14:13:52.838 E/WifiStateMachine( 1999): WifiStateMachine CMD_START_SCAN source -2 txSuccessRate=7.00 rxSuccessRate=3.55 targetRoamBSSID=86:79:73:a5:71:44 RSSI=-38
12-01 14:13:52.950 D/BackBootDealerNeimeng( 2381): standbyState:
12-01 14:13:52.952 E/NetUtils( 1999): Interface eth0 LinkUp!
12-01 14:13:53.452 D/BackBootDealerNeimeng( 2381): standbyState:
12-01 14:13:53.453 E/NetUtils( 1999): Interface eth0 LinkUp!
12-01 14:13:53.953 D/BackBootDealerNeimeng( 2381): standbyState:
12-01 14:13:53.954 E/NetUtils( 1999): Interface eth0 LinkUp!
12-01 14:13:54.454 D/BackBootDealerNeimeng( 2381): standbyState:
12-01 14:13:54.455 E/NetUtils( 1999): Interface eth0 LinkUp!
12-01 14:13:54.522 D/EsgNeiMengDealer( 2381): [TN_ThreadUtil-2]checkBootAd bootAd=[Advertisment@31f20d02]category[1]version[0]profile[2]group[[GroupProperty@15925613]associateType[3]groupIDs[len:10:10000:7101:7105:9999:7000:17:1001:20002:20001:1003]]service[null]period[[Advertisment@2b3aa050]dates[]times[len0:133:len1:133:20170821 000000-20170821 235959:20170822 000000-20170822 235959:20170823 000000-20170823 235959:20170824 000000-20170824 235959:20170825 000000-20170825 235959:20170826 000000-20170826 235959:20170827 000000-20170827 235959:20170828 000000-20170828 235959:20170829 000000-20170829 235959:20170830 000000-20170830 235959:20170831 000000-20170831 235959:20170901 000000-20170901 235959:20170902 000000-20170902 235959:20170903 000000-20170903 235959:20170904 000000-20170904 235959:20170905 000000-20170905 235959:20170906 000000-20170906 235959:20170907 000000-20170907 235959:20170908 000000-20170908 235959:20170909 000000-20170909 235959:20170910 000000-20170910 235959:20170911 000000-20170911 235959:20170912 000000-20170912 235959:20170913 000000-20170913 235959:20170914 000000-20170914 235959:20170915 000000-20170915 235959:20170916 000000-20170916 235959:20170917 000000-20170917 235959:20170918 000000-20170918 235959:20170919 000000-20170919 235959:20170920 000000-20170920 235959:20170921 000000-20170921 235959:20170922 000000-20170922 235959:20170923 000000-20170923 235959:20170924 000000-20170924 235959:20170925 000000-20170925 235959:20170926 000000-20170926 235959:20170927 000000-20170927 235959:20170928 000000-20170928 235959:20170929 000000-20170929 235959:20170930 000000-20170930 235959:20171001 000000-20171001 235959:20171002 000000-20171002 235959:20171003 000000-20171003 235959:20171004 000000-20171004 235959:20171005 000000-20171005 235959:20171006 000000-20171006 235959:20171007 000000-20171007 235959:20171008 000000-20171008 235959:20171009 000000-20171009 235959:20171010 000000-20171010 235959:20171011 000000-20171011 235959:20171012 000000-20171012 235959:20171013 000000-20171013 235959:20171014 000000-20171014 235959:20171015 000000-20171015 235959:20171016 000000-20171016 235959:20171017 000000-20171017 235959:20171018 000000-20171018 235959:20171019 000000-20171019 235959:20171020 000000-20171020 235959:20171021 000000-20171021 235959:20171022 000000-20171022 235959:20171023 000000-20171023 235959:20171024 000000-20171024 235959:20171025 000000-20171025 235959:20171026 000000-20171026 235959:20171027 000000-20171027 235959:20171028 000000-20171028 235959:20171029 000000-20171029 235959:20171030 000000-20171030 235959:20171031 000000-20171031 235959:20171101 000000-20171101 235959:20171102 000000-20171102 235959:20171103 000000-20171103 235959:20171104 000000-20171104 235959:20171105 000000-20171105 235959:20171106 000000-20171106 235959:20171107 000000-20171107 235959:20171108 000000-20171108 235959:20171109 000000-20171109 235959:20171110 000000-20171110 235959:20171111 000000-20171111 235959:20171112 000000-20171112 235959:20171113 000000-20171113 235959:20171114 000000-20171114 235959:20171115 000000-20171115 235959:20171116 000000-20171116 235959:20171117 000000-20171117 235959:20171118 000000-20171118 235959:20171119 000000-20171119 235959:20171120 000000-20171120 235959:20171121 000000-20171121 235959:20171122 000000-20171122 235959:20171123 000000-20171123 235959:20171124 000000-20171124 235959:20171125 000000-20171125 235959:20171126 000000-20171126 235959:20171127 000000-20171127 235959:20171128 000000-20171128 235959:20171129 000000-20171129 235959:20171130 000000-20171130 235959:20171201 000000-20171201 235959:20171202 000000-20171202 235959:20171203 000000-20171203 235959:20171204 000000-20171204 235959:20171205 000000-20171205 235959:20171206 000000-20171206 235959:20171207 000000-20171207 235959:20171208 000000-20171208 235959:20171209 000000-20171209 235959:20171210 000000-20171210 235959:20171211 000000-20171211 235959:20171212 000000-20171212 235959:20171213 000000-20171213 235959:20171214 000000-20171214 235959:20171215 000000-20171215 235959:20171216 000000-20171216 235959:201
12-01 14:13:54.522 I/System.out( 2381): [DEBUG SectionFilterGroup] The filterGroupHandle is: -1263259536
12-01 14:13:54.523 D/LoadPipeHandler( 2381): [TN_ThreadUtil-2]dealTableLoad pipeTask=[LoadPipeTask@3e585cf0]pID[16]tableID[64]tunerIndex[0]offset[3]timeout[5000]isNeedTune[false]fileName[null]
12-01 14:13:54.523 D/filter  ( 2381): [FilterManager-JNI] - start filter:pid=16, tableid=64, bufferNum=0
12-01 14:13:54.523 D/filter  ( 2381): [FilterManager-JNI] - 
12-01 14:13:54.523 D/filter  ( 2381): [FilterManager-JNI] - 
12-01 14:13:54.523 D/filter  ( 2381): [FilterManager-JNI] - The table id is proper.
12-01 14:13:54.523 D/filter  ( 2381): ####in java native method open filter:pid=16,							code=40,00,00,00,mask=ff,00,00,00
12-01 14:13:54.523 D/filter  ( 2381): [FilterManager-JNI] - Filter mode to ROCME_RES_FLT_MODE_UNROB_FILTER.
12-01 14:13:54.523 V/SUMA    ( 1581): [resman-s][onTransact 216]code[0x12000200] client pid = 2381
12-01 14:13:54.523 I/System.out( 2381): [DEBUG SectionFilterGroup] The run() method, and the filterGroupHandle is: -1263259536
12-01 14:13:54.523 V/SUMA    ( 1581): [resman-s][onTransact 615]TRANS_CODE_RESMAN_FILETER_REQUEST enter
12-01 14:13:54.523 V/SUMA    ( 1581): [resman-s][onTransact 623]filter request m_client[0].cpid = 2381
12-01 14:13:54.523 V/SUMA    ( 1581): [resman-s][onTransact 627]filter handler request filter_handler[0]
12-01 14:13:54.523 V/SUMA    ( 1581): >> Roc_ResMan_Filter_Request handler = 0x1202b170 
12-01 14:13:54.523 V/SUMA    ( 1581): [resman-s][onTransact 657]TRANS_CODE_RESMAN_FILETER_REQUEST leave
12-01 14:13:54.523 V/SUMA    ( 1581): [resman-s][onTransact 1574]leave transact client pid = 2381
12-01 14:13:54.523 V/SUMA    ( 2381): [resman-c][Roc_ResMan_Filter_Request 1311]leave !!!
12-01 14:13:54.523 V/SUMA    ( 2381): [resman-c][dvbc_resman_flt_request 162]dvbc(2381)## s_resman_client_flt_hcbk request cbk idx=0 !!!
12-01 14:13:54.523 V/SUMA    ( 1581): [resman-s][onTransact 216]code[0x12000204] client pid = 2381
12-01 14:13:54.523 V/SUMA    ( 1581): [resman-s][onTransact 1574]leave transact client pid = 2381
12-01 14:13:54.523 V/SUMA    ( 2381): [resman-c][Roc_ResMan_Filter_Modify 1514]leave !!!
12-01 14:13:54.524 V/SUMA    ( 1581): [resman-s][onTransact 216]code[0x12000202] client pid = 2381
12-01 14:13:54.524 V/SUMA    ( 1581): [resman-s][onTransact 1574]leave transact client pid = 2381
12-01 14:13:54.524 V/SUMA    ( 2381): [resman-c][Roc_ResMan_Filter_Run 1431]leave !!!
12-01 14:13:54.524 D/filter  ( 2381): open file=302166384,pid=16,index=0 with tuner index 0
12-01 14:13:54.955 D/BackBootDealerNeimeng( 2381): standbyState:
12-01 14:13:54.956 E/NetUtils( 1999): Interface eth0 LinkUp!
12-01 14:13:55.329 D/AppUtil ( 2381): [TN_ThreadUtil-3]getActivityPkg index=0,comp=ComponentInfo{com.suma.midware.home/com.suma.midware.home.third.Main3DActivity}
12-01 14:13:55.329 D/AppKiller( 2381): [TN_ThreadUtil-3]backKill curPkgName=com.suma.midware.home
12-01 14:13:55.329 D/AppKiller( 2381): [TN_ThreadUtil-3]backKill processName=com.starcor.mango,processInfo=android.app.ActivityManager$RunningAppProcessInfo@990e269
12-01 14:13:55.329 D/AppNgbKiller( 2381): [TN_ThreadUtil-3]forceKillApp processInfoFlag=0,hasActivityFlag=4
12-01 14:13:55.330 D/AppKiller( 2381): [TN_ThreadUtil-3]backKill processName=com.yzx.im_demo,processInfo=android.app.ActivityManager$RunningAppProcessInfo@3de294ee
12-01 14:13:55.330 D/AppNgbKiller( 2381): [TN_ThreadUtil-3]forceKillApp processInfoFlag=0,hasActivityFlag=4
12-01 14:13:55.456 D/BackBootDealerNeimeng( 2381): standbyState:
12-01 14:13:55.457 E/NetUtils( 1999): Interface eth0 LinkUp!
12-01 14:13:55.957 D/BackBootDealerNeimeng( 2381): standbyState:
12-01 14:13:55.958 E/NetUtils( 1999): Interface eth0 LinkUp!
12-01 14:13:55.964 E/NetUtils( 1999): Interface eth0 LinkUp!
12-01 14:13:56.458 D/BackBootDealerNeimeng( 2381): standbyState:
12-01 14:13:56.459 E/NetUtils( 1999): Interface eth0 LinkUp!
12-01 14:13:56.960 D/BackBootDealerNeimeng( 2381): standbyState:
12-01 14:13:56.961 E/NetUtils( 1999): Interface eth0 LinkUp!
12-01 14:13:57.461 D/BackBootDealerNeimeng( 2381): standbyState:
12-01 14:13:57.462 E/NetUtils( 1999): Interface eth0 LinkUp!
12-01 14:13:57.963 D/BackBootDealerNeimeng( 2381): standbyState:
12-01 14:13:57.963 E/NetUtils( 1999): Interface eth0 LinkUp!
12-01 14:13:58.464 D/BackBootDealerNeimeng( 2381): standbyState:
12-01 14:13:58.465 E/NetUtils( 1999): Interface eth0 LinkUp!
12-01 14:13:58.965 D/BackBootDealerNeimeng( 2381): standbyState:
12-01 14:13:58.966 E/NetUtils( 1999): Interface eth0 LinkUp!
12-01 14:13:59.467 D/BackBootDealerNeimeng( 2381): standbyState:
12-01 14:13:59.467 E/NetUtils( 1999): Interface eth0 LinkUp!
12-01 14:13:59.524 I/System.out( 2381): [DEBUG SectionFilterGroup] be reaady to detach filtergroup:true
12-01 14:13:59.524 V/SUMA    ( 1581): [resman-s][onTransact 216]code[0x12000201] client pid = 2381
12-01 14:13:59.524 V/SUMA    ( 1581): [resman-s][onTransact 665]TRANS_CODE_RESMAN_FILETER_RELEASE enter
12-01 14:13:59.525 V/SUMA    ( 1581): >> Roc_ResMan_Filter_Release handler = 0x1202b170 
12-01 14:13:59.525 V/SUMA    ( 1581): [resman-s][onTransact 674]filter release m_client[0].cpid = 2381
12-01 14:13:59.525 V/SUMA    ( 1581): [resman-s][onTransact 678]filter handler release filter_handler[0]
12-01 14:13:59.525 V/SUMA    ( 1581): [resman-s][onTransact 688]TRANS_CODE_RESMAN_FILETER_RELEASE leave
12-01 14:13:59.525 V/SUMA    ( 1581): [resman-s][onTransact 1574]leave transact client pid = 2381
12-01 14:13:59.525 V/SUMA    ( 2381): [resman-c][dvbc_resman_flt_release 183]dvbc(2381)## s_resman_client_flt_hcbk release cbk idx=0 !!!
12-01 14:13:59.525 V/SUMA    ( 2381): [resman-c][Roc_ResMan_Filter_Release 1403]leave !!!
12-01 14:13:59.525 W/EsgNeiMengDealer( 2381): [TN_ThreadUtil-2]handleNormTable table content null
12-01 14:13:59.526 D/EsgNeiMengDealer( 2381): [TN_ThreadUtil-2]dealUpdateInfo updateInfo=null
12-01 14:13:59.526 D/EsgRunner( 2381): [TN_ThreadUtil-2]notifyUpdateEnd ads=null
12-01 14:13:59.530 W/ContextImpl( 2381): Calling a method in the system process without a qualified user: android.app.ContextImpl.sendBroadcast:1345 android.content.ContextWrapper.sendBroadcast:377 com.suma.midware.back.esg.e.f:-1 com.suma.midware.back.esg.f.run:-1 com.suma.midware.prop.util.c.run:-1 
12-01 14:13:59.967 D/BackBootDealerNeimeng( 2381): standbyState:
