12-01 14:18:07.770 D/[blink]FrameLoader( 3838): [allowPlugins] allowPlugins return 1
12-01 14:18:07.770 D/[blink]FrameLoader( 3838): [allowPlugins] allowPlugins return 1
12-01 14:18:07.771 D/[blink]FrameLoader( 3838): [allowPlugins] allowPlugins return 1
12-01 14:18:07.771 D/[blink]FrameLoader( 3838): [allowPlugins] allowPlugins return 1
12-01 14:18:07.771 D/[blink]FrameLoader( 3838): [allowPlugins] allowPlugins return 1
12-01 14:18:07.771 D/[blink]FrameLoader( 3838): [allowPlugins] allowPlugins return 1
12-01 14:18:07.771 D/[blink]FrameLoader( 3838): [allowPlugins] allowPlugins return 1
12-01 14:18:07.771 D/[blink]FrameLoader( 3838): [allowPlugins] allowPlugins return 1
12-01 14:18:07.771 D/[blink]FrameLoader( 3838): [allowPlugins] allowPlugins return 1
12-01 14:18:07.771 D/[blink]FrameLoader( 3838): [allowPlugins] allowPlugins return 1
12-01 14:18:07.771 D/[blink]FrameLoader( 3838): [allowPlugins] allowPlugins return 1
12-01 14:18:07.771 D/[blink]FrameLoader( 3838): [allowPlugins] allowPlugins return 1
12-01 14:18:07.771 D/[blink]FrameLoader( 3838): [allowPlugins] allowPlugins return 1
12-01 14:18:07.771 D/[blink]FrameLoader( 3838): [allowPlugins] allowPlugins return 1
12-01 14:18:07.772 D/iPanel  ( 3838): iPanel.debug("_popTd1")
12-01 14:18:07.773 D/iPanel  ( 3838): iPanel.debug("_popTd1==showFocus==tmpPos===1=this.dataArr.obj[tmpPos].isNewFlag==false")
12-01 14:18:07.773 D/[blink]FrameLoader( 3838): [allowPlugins] allowPlugins return 1
12-01 14:18:07.774 D/[blink]ResourceFetcher( 3838): [requestResource] url=http://slave.tvos_cf96066.cn:13160/poster/movie/100000707/320x400_1.jpg.
12-01 14:18:07.774 D/url     ( 3838): [DoResolveRelative] [WEB] DoResolveRelative Error resolving.
12-01 14:18:07.774 D/V8ScriptRunner( 3838): [callFunction] end. frame = 0x4570bdb8 function: $.onload url: http://10.14.41.246/application/bxfc/sec/index.htm line: 902
12-01 14:18:07.774 D/FrameLoaderClientImpl( 3838): [dispatchDidHandleOnloadEvents] dispatch onload event url:http://10.14.41.246/application/bxfc/sec/popTv_new.php
12-01 14:18:07.775 D/ResourceLoader( 3838): [StartRequest] start request 0x9f4ea300 url='http://slave.tvos_cf96066.cn:13160/poster/movie/100000707/320x400_1.jpg'
12-01 14:18:07.775 D/AwRequestInterceptor( 3838): [MaybeInterceptRequest] request=0x9f4ea300
12-01 14:18:07.775 D/[blink]ResourceFetcher( 3838): [requestResource] url=http://10.14.41.246/application/bxfc/sec/images/global_tm.gif.
12-01 14:18:07.775 D/cr_AwContents( 3838): [AwContents.java:520] BackgroundThreadClientImpl shouldInterceptRequest url = http://slave.tvos_cf96066.cn:13160/poster/movie/100000707/320x400_1.jpg
12-01 14:18:07.775 D/url     ( 3838): [DoResolveRelative] [WEB] DoResolveRelative Error resolving.
12-01 14:18:07.775 D/cr_AwNullContentsClient( 3838): [AwNullContentsClient.java:59] shouldInterceptRequest url=http://slave.tvos_cf96066.cn:13160/poster/movie/100000707/320x400_1.jpg
12-01 14:18:07.775 D/BrowserWebViewClient( 3838): intercept request :http://slave.tvos_cf96066.cn:13160/poster/movie/100000707/320x400_1.jpg
12-01 14:18:07.775 D/AwRequestInterceptor( 3838): [MaybeInterceptRequest] request=0x9f4ea300
12-01 14:18:07.776 D/ResourceLoader( 3838): [StartRequest] start request 0x9f7ab900 url='http://10.14.41.246/application/bxfc/sec/images/global_tm.gif'
12-01 14:18:07.776 D/AwRequestInterceptor( 3838): [MaybeInterceptRequest] request=0x9f7ab900
12-01 14:18:07.777 D/cr_AwContents( 3838): [AwContents.java:520] BackgroundThreadClientImpl shouldInterceptRequest url = http://10.14.41.246/application/bxfc/sec/images/global_tm.gif
12-01 14:18:07.777 D/cr_AwNullContentsClient( 3838): [AwNullContentsClient.java:59] shouldInterceptRequest url=http://10.14.41.246/application/bxfc/sec/images/global_tm.gif
12-01 14:18:07.777 D/BrowserWebViewClient( 3838): intercept request :http://10.14.41.246/application/bxfc/sec/images/global_tm.gif
12-01 14:18:07.777 D/AwRequestInterceptor( 3838): [MaybeInterceptRequest] request=0x9f7ab900
12-01 14:18:07.781 D/ResourceLoader( 3838): [ResponseCompleted] finish request 0x9f7ab900 url='http://10.14.41.246/application/bxfc/sec/images/global_tm.gif'
12-01 14:18:07.782 D/[blink]FrameView( 3838): [layout] start... this:0x27578378, frame=0x458373f0 content size(1280, 720). 
12-01 14:18:07.782 D/[blink]FrameView( 3838): [layout] performPreLayoutTasks start... this:0x27578378
12-01 14:18:07.782 D/[blink]FrameView( 3838): [layout] performPreLayoutTasks end... this:0x27578378
12-01 14:18:07.782 D/[blink]FrameView( 3838): [layout] performLayout start... this:0x27578378
12-01 14:18:07.786 D/[blink]FrameView( 3838): [layout] performLayout end... this:0x27578378
12-01 14:18:07.786 D/[blink]FrameView( 3838): [layout] cannot paint!! do not call compositor()->didLayout()! this:0x0x27578378
12-01 14:18:07.786 D/[blink]FrameView( 3838): [layout] updateDocumentAnnotatedRegions start... this:0x27578378
12-01 14:18:07.786 D/[blink]FrameView( 3838): [layout] scheduleOrPerformPostLayoutTasks start... this:0x27578378
12-01 14:18:07.786 D/[blink]FrameView( 3838): [layout] end... this:0x27578378
12-01 14:18:07.786 D/[blink]FrameView( 3838): [layout] out... this:0x27578378
12-01 14:18:07.786 D/[blink]FrameLoader( 3838): [checkCompleted] frame=0x458373f0 did finish load.
12-01 14:18:07.787 D/FrameLoaderClientImpl( 3838): [dispatchDidFinishLoad] url:http://10.14.41.246/application/bxfc/sec/popTv_new.php
12-01 14:18:07.788 D/FrameLoaderClientImpl( 3838): [didStopLoading] finished url:http://10.14.41.246/application/bxfc/sec/popTv_new.php. frame tree child count = 0
12-01 14:18:07.791 D/ResourceLoader( 3838): [ResponseCompleted] finish request 0x9f4ea300 url='http://slave.tvos_cf96066.cn:13160/poster/movie/100000707/320x400_1.jpg'
12-01 14:18:07.792 D/Browser ( 3838): postProgressNotification type=1
12-01 14:18:07.792 D/[blink]FrameView( 3838): [setCanPaint] this:0x27578378, setCanPaint old canpaint=0, new canpaint=1 .
12-01 14:18:07.793 D/[blink]FrameView( 3838): [paintAfterLoad] paintAfterLoad this:0x27578378.
12-01 14:18:07.793 D/[blink]FrameView( 3838): [updateStyleAndLayoutIfNeededRecursiveInternal] in... this:0x27578378.
12-01 14:18:07.793 D/[blink]FrameView( 3838): [updateStyleAndLayoutIfNeededRecursiveInternal] end... this:0x27578378.
12-01 14:18:07.793 D/[cc]ProxyMain( 3838): [BeginMainFrame] cc.BeginMainFrame this:0x9f6c81a0
12-01 14:18:07.793 D/[cc]LayerTreeHost( 3838): [AnimateLayers] AnimateLayers monotonic_time=731883304
12-01 14:18:07.793 D/[blink]FrameView( 3838): [updateStyleAndLayoutIfNeededRecursiveInternal] in... this:0x2756bc50.
12-01 14:18:07.793 D/[blink]FrameView( 3838): [updateStyleAndLayoutIfNeededRecursiveInternal] in... this:0x27578378.
12-01 14:18:07.793 D/[blink]FrameView( 3838): [updateStyleAndLayoutIfNeededRecursiveInternal] end... this:0x27578378.
12-01 14:18:07.793 D/[blink]FrameView( 3838): [updateStyleAndLayoutIfNeededRecursiveInternal] end... this:0x2756bc50.
12-01 14:18:07.793 D/[blink]FrameView( 3838): [updateLifecyclePhasesInternal] in... this:0x2756bc50, targetState=18
12-01 14:18:07.793 D/[blink]FrameView( 3838): [updateLifecyclePhasesInternal] call compositor()->updateIfNeededRecursive()!
12-01 14:18:07.797 D/[blink] ImagePainter( 3838): [paintReplaced] ImagePainter::paintReplaced in w=21056, h=3712.
12-01 14:18:07.797 D/[blink] ImagePainter( 3838): [paintReplaced] ImagePainter::paintReplaced in w=14272, h=1792.
12-01 14:18:07.797 D/[blink] ImagePainter( 3838): [paintReplaced] ImagePainter::paintReplaced in w=17472, h=9792.
12-01 14:18:07.797 D/[blink] ImagePainter( 3838): [paintReplaced] ImagePainter::paintReplaced in w=3648, h=3904.
12-01 14:18:07.797 D/[blink] ImagePainter( 3838): [paintReplaced] ImagePainter::paintReplaced in w=17472, h=9792.
12-01 14:18:07.797 D/[blink] ImagePainter( 3838): [paintReplaced] ImagePainter::paintReplaced in w=3648, h=3904.
12-01 14:18:07.797 D/[blink] ImagePainter( 3838): [paintReplaced] ImagePainter::paintReplaced in w=4800, h=5184.
12-01 14:18:07.797 D/[blink] ImagePainter( 3838): [paintReplaced] ImagePainter::paintReplaced in w=4800, h=5184.
12-01 14:18:07.797 D/[blink] ImagePainter( 3838): [paintReplaced] ImagePainter::paintReplaced in w=4800, h=5184.
12-01 14:18:07.797 D/[blink] ImagePainter( 3838): [paintReplaced] ImagePainter::paintReplaced in w=4800, h=5184.
12-01 14:18:07.797 D/[blink] ImagePainter( 3838): [paintReplaced] ImagePainter::paintReplaced in w=1408, h=768.
12-01 14:18:07.797 D/[blink] BoxPainter( 3838): [paintBoxDecorationBackgroundWithRect] BoxPainter::paintBoxDecorationBackgroundWithRect isImage=0, isLayoutImage=0
12-01 14:18:07.797 D/[blink] BoxPainter( 3838): [paintBoxDecorationBackgroundWithRect] BoxPainter::paintBoxDecorationBackgroundWithRect isImage=0, isLayoutImage=0
12-01 14:18:07.797 D/[blink] BoxPainter( 3838): [paintBoxDecorationBackgroundWithRect] BoxPainter::paintBoxDecorationBackgroundWithRect isImage=0, isLayoutImage=0
12-01 14:18:07.797 D/[blink] BoxPainter( 3838): [paintBoxDecorationBackgroundWithRect] BoxPainter::paintBoxDecorationBackgroundWithRect isImage=0, isLayoutImage=0
12-01 14:18:07.797 D/[blink] BoxPainter( 3838): [paintBoxDecorationBackgroundWithRect] BoxPainter::paintBoxDecorationBackgroundWithRect isImage=0, isLayoutImage=0
12-01 14:18:07.797 D/[blink] ImagePainter( 3838): [paintReplaced] ImagePainter::paintReplaced in w=20480, h=25600.
12-01 14:18:07.797 D/[blink] ImagePainter( 3838): [paintReplaced] ImagePainter::paintReplaced out.
12-01 14:18:07.798 D/[blink] BoxPainter( 3838): [paintBoxDecorationBackgroundWithRect] BoxPainter::paintBoxDecorationBackgroundWithRect isImage=0, isLayoutImage=0
12-01 14:18:07.798 D/[blink] BoxPainter( 3838): [paintBoxDecorationBackgroundWithRect] BoxPainter::paintBoxDecorationBackgroundWithRect isImage=0, isLayoutImage=0
12-01 14:18:07.798 D/[blink] BoxPainter( 3838): [paintBoxDecorationBackgroundWithRect] BoxPainter::paintBoxDecorationBackgroundWithRect isImage=0, isLayoutImage=0
12-01 14:18:07.798 D/[blink] BoxPainter( 3838): [paintBoxDecorationBackgroundWithRect] BoxPainter::paintBoxDecorationBackgroundWithRect isImage=0, isLayoutImage=0
12-01 14:18:07.799 D/[blink]FrameView( 3838): [updateLifecyclePhasesInternal] end... this:0x2756bc50
12-01 14:18:07.801 D/[blink]ResourceFetcher( 3838): [didFinishLoading] encoded length=564 url=http://10.14.41.246/application/bxfc/sec/images/global_tm.gif.
12-01 14:18:07.801 D/[blink]memoryCache( 3838): [evict] remove:http://10.14.41.246/application/bxfc/sec/images/global_tm.gif
12-01 14:18:07.801 D/[blink] ImageResource( 3838): [updateImage] allDataReceived!! data size=-1
12-01 14:18:07.801 D/[blink] ImageResource( 3838): [getImage] ImageResource::getImage error occurred return null image
12-01 14:18:07.801 D/[blink] ImageResource( 3838): .
12-01 14:18:07.801 D/[blink] ImageResource( 3838): [getImage] ImageResource::getImage error occurred return null image
12-01 14:18:07.801 D/[blink] ImageResource( 3838): .
12-01 14:18:07.801 D/[blink] ImageResource( 3838): [getImage] ImageResource::getImage error occurred return null image
12-01 14:18:07.801 D/[blink] ImageResource( 3838): .
12-01 14:18:07.801 D/[blink] ImageResource( 3838): [getImage] ImageResource::getImage error occurred return null image
12-01 14:18:07.801 D/[blink] ImageResource( 3838): .
12-01 14:18:07.801 D/[blink] ImageResource( 3838): [updateImage] allDataReceived!! data size=-1
12-01 14:18:07.801 D/[blink] ImageResource( 3838): [getImage] ImageResource::getImage error occurred return null image
12-01 14:18:07.801 D/[blink] ImageResource( 3838): .
12-01 14:18:07.801 D/[blink] ImageResource( 3838): [getImage] ImageResource::getImage error occurred return null image
12-01 14:18:07.801 D/[blink] ImageResource( 3838): .
12-01 14:18:07.802 D/[blink] ImageResource( 3838): [updateImage] allDataReceived!! data size=2904
12-01 14:18:07.802 D/[blink] ImageResource( 3838): [updateImage] allDataReceived!! data size=8712
12-01 14:18:07.802 D/[blink] ImageResource( 3838): [updateImage] allDataReceived!! data size=14520
12-01 14:18:07.802 D/[blink] ImageResource( 3838): [updateImage] allDataReceived!! data size=17424
12-01 14:18:07.802 D/[blink] ImageResource( 3838): [updateImage] allDataReceived!! data size=21780
12-01 14:18:07.802 D/[blink] ImageResource( 3838): [updateImage] allDataReceived!! data size=26136
12-01 14:18:07.802 D/[blink] ImageResource( 3838): [updateImage] allDataReceived!! data size=34848
12-01 14:18:07.802 D/[blink] ImageResource( 3838): [updateImage] allDataReceived!! data size=39204
12-01 14:18:07.803 D/[blink] ImageResource( 3838): [updateImage] allDataReceived!! data size=47916
12-01 14:18:07.803 D/[blink] ImageResource( 3838): [updateImage] allDataReceived!! data size=49368
12-01 14:18:07.803 D/[blink] ImageResource( 3838): [updateImage] allDataReceived!! data size=49840
12-01 14:18:07.803 D/[blink]ResourceFetcher( 3838): [didFinishLoading] encoded length=49950 url=http://slave.tvos_cf96066.cn:13160/poster/movie/100000707/320x400_1.jpg.
12-01 14:18:07.803 D/[blink] ImageResource( 3838): [updateImage] allDataReceived!! data size=49840
12-01 14:18:07.808 D/[cc]ProxyMain( 3838): [BeginMainFrame] cc.BeginMainFrame this:0x9f6c81a0
12-01 14:18:07.809 D/[cc]LayerTreeHost( 3838): [AnimateLayers] AnimateLayers monotonic_time=731933304
12-01 14:18:07.809 D/[blink]FrameView( 3838): [updateStyleAndLayoutIfNeededRecursiveInternal] in... this:0x2756bc50.
12-01 14:18:07.809 D/[blink]FrameView( 3838): [updateStyleAndLayoutIfNeededRecursiveInternal] in... this:0x27578378.
12-01 14:18:07.809 D/[blink]FrameView( 3838): [updateStyleAndLayoutIfNeededRecursiveInternal] end... this:0x27578378.
12-01 14:18:07.809 D/[blink]FrameView( 3838): [updateStyleAndLayoutIfNeededRecursiveInternal] end... this:0x2756bc50.
12-01 14:18:07.809 D/[blink]FrameView( 3838): [updateLifecyclePhasesInternal] in... this:0x2756bc50, targetState=18
12-01 14:18:07.809 D/[blink]FrameView( 3838): [updateLifecyclePhasesInternal] call compositor()->updateIfNeededRecursive()!
12-01 14:18:07.810 D/[blink] ImageResource( 3838): [getImage] ImageResource::getImage error occurred return null image
12-01 14:18:07.810 D/[blink] ImageResource( 3838): .
12-01 14:18:07.810 D/[blink] ImageResource( 3838): [getImage] ImageResource::getImage error occurred return null image
12-01 14:18:07.810 D/[blink] ImageResource( 3838): .
12-01 14:18:07.810 D/[blink] ImagePainter( 3838): [paintReplaced] ImagePainter::paintReplaced in w=21056, h=3712.
12-01 14:18:07.810 D/[blink] ImagePainter( 3838): [paintReplaced] ImagePainter::paintReplaced in w=14272, h=1792.
12-01 14:18:07.810 D/[blink] ImagePainter( 3838): [paintReplaced] ImagePainter::paintReplaced in w=17472, h=9792.
12-01 14:18:07.810 D/[blink] ImagePainter( 3838): [paintReplaced] ImagePainter::paintReplaced in w=3648, h=3904.
12-01 14:18:07.810 D/[blink] ImagePainter( 3838): [paintReplaced] ImagePainter::paintReplaced in w=17472, h=9792.
12-01 14:18:07.810 D/[blink] ImagePainter( 3838): [paintReplaced] ImagePainter::paintReplaced in w=3648, h=3904.
12-01 14:18:07.810 D/[blink] ImagePainter( 3838): [paintReplaced] ImagePainter::paintReplaced in w=4800, h=5184.
12-01 14:18:07.810 D/[blink] ImagePainter( 3838): [paintReplaced] ImagePainter::paintReplaced in w=4800, h=5184.
12-01 14:18:07.811 D/[blink] ImagePainter( 3838): [paintReplaced] ImagePainter::paintReplaced in w=4800, h=5184.
12-01 14:18:07.811 D/[blink] ImagePainter( 3838): [paintReplaced] ImagePainter::paintReplaced in w=4800, h=5184.
12-01 14:18:07.811 D/[blink] ImagePainter( 3838): [paintReplaced] ImagePainter::paintReplaced in w=1408, h=768.
12-01 14:18:07.811 D/[blink] BoxPainter( 3838): [paintBoxDecorationBackgroundWithRect] BoxPainter::paintBoxDecorationBackgroundWithRect isImage=0, isLayoutImage=0
12-01 14:18:07.811 D/[blink] BoxPainter( 3838): [paintBoxDecorationBackgroundWithRect] BoxPainter::paintBoxDecorationBackgroundWithRect isImage=0, isLayoutImage=0
12-01 14:18:07.811 D/[blink] ImagePainter( 3838): [paintReplaced] ImagePainter::paintReplaced in w=20480, h=25600.
12-01 14:18:07.811 D/[blink] ImagePainter( 3838): [paintReplaced] ImagePainter::paintReplaced out.
12-01 14:18:07.811 D/[blink]FrameView( 3838): [updateLifecyclePhasesInternal] end... this:0x2756bc50
12-01 14:18:07.824 D/[skia]SkBitmap( 3838): [tryAllocPixels] allocator:0x39a721c0
12-01 14:18:07.857 D/ir_user ( 1585): PlayerTimeLineTrace:linux_keycode:0x1c(UP),	protocol: .
12-01 14:18:07.857 V/PT      ( 1581): >>INFO:irkey_task:[     732.001858] /dev/input/event0: type=0001 code=001c val=00000000
12-01 14:18:07.857 V/PT      ( 1581): >>INFO:irkey_send:0x3001 0x1001 up  
12-01 14:18:07.857 V/SUMA    ( 1581): ++++++++++++++  _roc_evtmgr_key_cbk 517:input = 12289, event=4097, act=0x400
12-01 14:18:07.857 V/SUMA    ( 1581): lxm:_roc_evtmgr_key_cbk 519 732002
12-01 14:18:07.857 V/SUMA    ( 1581): lxm:_roc_evtmgr_add_key_into_queue 311 732002
12-01 14:18:07.857 V/PT      ( 1581): >>INFO:irkey_task:[     732.001858] /dev/input/event0: type=0000 code=0000 val=00000000
12-01 14:18:07.857 V/SUMA    ( 1581): ===================>> type=0 src=0 evt=4097 act=0x400
12-01 14:18:07.857 V/SUMA    ( 1581): [sysset-s][event_manager_cbk 78]lxm cbid=1, cbk_reg=1, cpid=2464
12-01 14:18:07.857 D/NGBEvent( 2464): ngbEventCallBack type:0 source :4097
12-01 14:18:07.857 D/NGBEvent( 2464): [NGBEventManager-JNI]-returning:1
12-01 14:18:07.857 D/NGBEvent( 2464): Input key event: keyCode=4097
12-01 14:18:07.857 D/NGBEvent( 2464): src:4097 = dest:4097
12-01 14:18:07.857 I/System.out( 2464): [DEBUG EventManager] LWJ--Add event to java with evt=NgbEvent-[type = 1, subtype = 402, code = 4097]
12-01 14:18:07.857 D/NGBEvent( 2464): [NGBEvent_log]--[EventManager--JNI]:		start
12-01 14:18:07.857 I/System.out( 2464): [DEBUG EventManager] broadcastEvent  :len 1
12-01 14:18:07.858 D/KeyEventNgbDealer( 2464): [TN_pool-1-thread-1]handleKeyReleased keyEvent=NgbEvent-[type = 1, subtype = 402, code = 4097],time=732002
12-01 14:18:07.860 D/RemoteIME( 2344): RemoteIME--> onKeyUp keyCode = 23
12-01 14:18:07.860 I/Advanced( 3838): [QUEUE] share_queue_sendEx size:1 4097 467 0x8ec2d770,postLoopId:0,dstid:1.
12-01 14:18:07.862 D/cr_AwTestContainerView( 3838): [AwTestContainerView.java:63] [mainFrame]: [2017-11-21 17:52:03] dispatchKeyEvent keyCode = 23 event = KeyEvent { action=ACTION_UP, keyCode=KEYCODE_DPAD_CENTER, scanCode=28, metaState=0, flags=0x8, repeatCount=0, eventTime=732001, downTime=731792, deviceId=4, source=0x701 }
12-01 14:18:07.862 D/ImeAdapterAndroid( 3838): [SendKeyEvent] [BUILD TIME: ] dispatchKeyEvent key_code=23 modifiers=0 unicode_char=0 scan_code=28 is_system=0 tm=732001
12-01 14:18:07.862 D/RenderWidgetInputHandler( 3838): [HandleInputEvent] input_event type=9 name=KeyUp
12-01 14:18:07.862 D/RenderWidgetInputHandler( 3838): [HandleInputEvent] key_event.nativeKeyCode:23,widget_->GetTextInputType():0
12-01 14:18:07.862 D/RenderWidgetInputHandler( 3838): [HandleInputEvent] input_event type=9 prevent_default:0
12-01 14:18:07.862 D/WebViewImpl( 3838): [handleKeyEvent] keycode:13, eventType:9 native keycode:23 frame=0x458373f0. url='http://10.14.41.246/application/bxfc/sec/popTv_new.php'.
12-01 14:18:07.862 D/[blink]KeyboardEventManager( 3838): [keyEvent] initialKeyEvent KeyUp nativeKeyCode=23 windowsKeyCode=13 text[0]=13
12-01 14:18:07.862 D/[blink]KeyboardEventManager( 3838): [keyEvent] initialKeyEvent focusedNode=0x0
12-01 14:18:08.080 D/BackBootDealerNeimeng( 2381): standbyState:
12-01 14:18:08.080 E/NetUtils( 1999): Interface eth0 LinkUp!
12-01 14:18:08.269 I/Advanced( 3838): [QUEUE] share_queue_sendEx size:1 4097 469 0x8ec2d770,postLoopId:0,dstid:1.
12-01 14:18:08.470 I/Advanced( 3838): [QUEUE] share_queue_sendEx size:1 4097 470 0x8ec2d770,postLoopId:0,dstid:1.
12-01 14:18:08.581 D/BackBootDealerNeimeng( 2381): standbyState:
12-01 14:18:08.582 E/NetUtils( 1999): Interface eth0 LinkUp!
12-01 14:18:08.659 I/AdvancedPorting-PORT_MODULE_NET( 3838): network_task while... 
12-01 14:18:08.659 I/AdvancedPorting-PORT_MODULE_NET( 3838): 0 interface name: lo
12-01 14:18:08.659 I/AdvancedPorting-PORT_MODULE_NET( 3838): 1 interface name: eth0
12-01 14:18:08.660 I/AdvancedPorting-PORT_MODULE_NET( 3838): 2 interface name: wlan0
12-01 14:18:08.660 I/AdvancedPorting-PORT_MODULE_NET( 3838): First interface name: lo
12-01 14:18:08.660 I/AdvancedPorting-PORT_MODULE_NET( 3838): network_task while...  net_i:1
12-01 14:18:08.660 I/AdvancedPorting-PORT_MODULE_NET( 3838): network_task while---name_interface[0]=lo
12-01 14:18:08.660 I/AdvancedPorting-PORT_MODULE_NET( 3838): network_task while---name_interface[1]=eth0
12-01 14:18:08.660 I/AdvancedPorting-PORT_MODULE_NET( 3838): network_task while---interface_name=eth0
12-01 14:18:08.660 I/AdvancedPorting-PORT_MODULE_NET( 3838): network_get_netlink_status(in)--if_name=eth0
12-01 14:18:08.660 I/AdvancedPorting-PORT_MODULE_NET( 3838): net.network.isconnected = no
12-01 14:18:08.660 I/AdvancedPorting-PORT_MODULE_NET( 3838): eth0 --network_get_netlink_status return retval=1
12-01 14:18:08.660 I/AdvancedPorting-PORT_MODULE_NET( 3838): stat = 1 last_status = 1
12-01 14:18:08.880 I/Advanced( 3838): [QUEUE] share_queue_sendEx size:1 4097 472 0x8ec2d770,postLoopId:0,dstid:1.
12-01 14:18:09.080 I/Advanced( 3838): [QUEUE] share_queue_sendEx size:1 4097 473 0x8ec2d770,postLoopId:0,dstid:1.
12-01 14:18:09.082 D/BackBootDealerNeimeng( 2381): standbyState:
12-01 14:18:09.083 E/NetUtils( 1999): Interface eth0 LinkUp!
12-01 14:18:09.281 I/Advanced( 3838): [QUEUE] share_queue_sendEx size:1 4097 474 0x8ec2d770,postLoopId:0,dstid:1.
12-01 14:18:09.346 D/[blink]memoryCache( 3838): [evict] remove:http://10.14.41.246/application/bxfc/js/config.js
12-01 14:18:09.347 D/[blink]memoryCache( 3838): [evict] remove:http://10.14.41.246/application/bxfc/images/icon1_02.png
12-01 14:18:09.347 D/[blink]memoryCache( 3838): [evict] remove:http://10.14.41.245:13160/media/series/get_info?accesstoken=R5A1D2EE5U20887029K53724E0DIA6230E0AP8M2FAF083WDC013F7D151&pageidx=1&pagenum=200&postersize=320x400%257C500x280&&seriesid=300000417
12-01 14:18:09.347 D/[blink]memoryCache( 3838): [evict] remove:http://10.14.41.246/application/bxfc/js/homedconfig.js
12-01 14:18:09.347 D/[blink]memoryCache( 3838): [evict] remove:http://10.14.41.246/application/bxfc/images/icon1_01.png
12-01 14:18:09.347 D/[blink]memoryCache( 3838): [evict] remove:http://10.14.41.246/application/bxfc/images/pic1_04.jpg
12-01 14:18:09.347 D/[blink]memoryCache( 3838): [evict] remove:http://10.14.41.246/application/bxfc/images/pic1_01.jpg
12-01 14:18:09.347 D/[blink]memoryCache( 3838): [evict] remove:http://10.14.41.246/application/bxfc/images/bg1.jpg
12-01 14:18:09.347 D/[blink]memoryCache( 3838): [evict] remove:http://10.14.41.246/application/bxfc/images/pic1_08.jpg
12-01 14:18:09.347 D/[blink]memoryCache( 3838): [evict] remove:http://10.14.41.246/application/bxfc/images/icon1_03.png
12-01 14:18:09.347 D/[blink]memoryCache( 3838): [evict] remove:http://10.14.41.246/application/bxfc/js/common.js
12-01 14:18:09.347 D/[blink]memoryCache( 3838): [evict] remove:http://10.14.41.246/application/bxfc/images/pic1_07.jpg
12-01 14:18:09.347 D/[blink]memoryCache( 3838): [evict] remove:http://10.14.41.246/application/bxfc/images/pic1_09.jpg
12-01 14:18:09.347 D/[blink]memoryCache( 3838): [evict] remove:http://10.14.41.246/application/bxfc/images/pic1_05.jpg
12-01 14:18:09.347 D/[blink]memoryCache( 3838): [evict] remove:http://slave.tvos_cf96066.cn:13160/poster/movie/100000493/320x400_1.jpg
12-01 14:18:09.347 D/[blink]memoryCache( 3838): [evict] remove:http://10.14.41.246/application/bxfc/images/icon_bg3.png
12-01 14:18:09.347 D/[blink]memoryCache( 3838): [evict] remove:http://10.14.41.246/application/bxfc/js/sportFrame.js
12-01 14:18:09.347 D/[blink]memoryCache( 3838): [evict] remove:http://10.14.41.246/application/bxfc/images/pic1_03_3.jpg
12-01 14:18:09.347 D/[blink]memoryCache( 3838): [evict] remove:http://10.14.41.246/application/bxfc/images/pic1_06.jpg
12-01 14:18:09.347 D/[blink]memoryCache( 3838): [evict] remove:http://10.14.41.246/application/bxfc/js/keyevent.js
12-01 14:18:09.347 D/[blink]memoryCache( 3838): [evict] remove:http://10.14.41.246/application/bxfc/images/pic1_03_1.jpg
12-01 14:18:09.347 D/[blink]memoryCache( 3838): [evict] remove:http://10.14.41.246/application/bxfc/images/pic1_03_2.jpg
12-01 14:18:09.348 D/[blink]FrameView( 3838): [~FrameView] destroy FrameView frame=0x458373f0 frame view=0x27573848
12-01 14:18:09.583 D/BackBootDealerNeimeng( 2381): standbyState:
12-01 14:18:09.584 E/NetUtils( 1999): Interface eth0 LinkUp!
12-01 14:18:09.660 I/AdvancedPorting-PORT_MODULE_NET( 3838): network_task while... 
12-01 14:18:09.660 I/AdvancedPorting-PORT_MODULE_NET( 3838): 0 interface name: lo
12-01 14:18:09.660 I/AdvancedPorting-PORT_MODULE_NET( 3838): 1 interface name: eth0
12-01 14:18:09.660 I/AdvancedPorting-PORT_MODULE_NET( 3838): 2 interface name: wlan0
12-01 14:18:09.660 I/AdvancedPorting-PORT_MODULE_NET( 3838): First interface name: lo
12-01 14:18:09.660 I/AdvancedPorting-PORT_MODULE_NET( 3838): network_task while...  net_i:1
12-01 14:18:09.660 I/AdvancedPorting-PORT_MODULE_NET( 3838): network_task while---name_interface[0]=lo
12-01 14:18:09.660 I/AdvancedPorting-PORT_MODULE_NET( 3838): network_task while---name_interface[1]=eth0
12-01 14:18:09.660 I/AdvancedPorting-PORT_MODULE_NET( 3838): network_task while---interface_name=eth0
12-01 14:18:09.660 I/AdvancedPorting-PORT_MODULE_NET( 3838): network_get_netlink_status(in)--if_name=eth0
12-01 14:18:09.660 I/AdvancedPorting-PORT_MODULE_NET( 3838): net.network.isconnected = no
12-01 14:18:09.660 I/AdvancedPorting-PORT_MODULE_NET( 3838): eth0 --network_get_netlink_status return retval=1
12-01 14:18:09.660 I/AdvancedPorting-PORT_MODULE_NET( 3838): stat = 1 last_status = 1
12-01 14:18:09.691 I/Advanced( 3838): [QUEUE] share_queue_sendEx size:1 4097 476 0x8ec2d770,postLoopId:0,dstid:1.
12-01 14:18:09.891 I/Advanced( 3838): [QUEUE] share_queue_sendEx size:1 4097 477 0x8ec2d770,postLoopId:0,dstid:1.
12-01 14:18:10.085 D/BackBootDealerNeimeng( 2381): standbyState:
12-01 14:18:10.085 E/NetUtils( 1999): Interface eth0 LinkUp!
12-01 14:18:10.091 I/Advanced( 3838): [QUEUE] share_queue_sendEx size:1 4097 478 0x8ec2d770,postLoopId:0,dstid:1.
12-01 14:18:10.292 I/Advanced( 3838): [QUEUE] share_queue_sendEx size:1 4097 479 0x8ec2d770,postLoopId:0,dstid:1.
12-01 14:18:10.492 I/Advanced( 3838): [QUEUE] share_queue_sendEx size:1 4097 480 0x8ec2d770,postLoopId:0,dstid:1.
12-01 14:18:10.586 D/BackBootDealerNeimeng( 2381): standbyState:
12-01 14:18:10.586 E/NetUtils( 1999): Interface eth0 LinkUp!
12-01 14:18:10.661 I/AdvancedPorting-PORT_MODULE_NET( 3838): network_task while... 
12-01 14:18:10.661 I/AdvancedPorting-PORT_MODULE_NET( 3838): 0 interface name: lo
12-01 14:18:10.661 I/AdvancedPorting-PORT_MODULE_NET( 3838): 1 interface name: eth0
12-01 14:18:10.661 I/AdvancedPorting-PORT_MODULE_NET( 3838): 2 interface name: wlan0
12-01 14:18:10.661 I/AdvancedPorting-PORT_MODULE_NET( 3838): First interface name: lo
12-01 14:18:10.661 I/AdvancedPorting-PORT_MODULE_NET( 3838): network_task while...  net_i:1
12-01 14:18:10.661 I/AdvancedPorting-PORT_MODULE_NET( 3838): network_task while---name_interface[0]=lo
12-01 14:18:10.661 I/AdvancedPorting-PORT_MODULE_NET( 3838): network_task while---name_interface[1]=eth0
12-01 14:18:10.661 I/AdvancedPorting-PORT_MODULE_NET( 3838): network_task while---interface_name=eth0
12-01 14:18:10.661 I/AdvancedPorting-PORT_MODULE_NET( 3838): network_get_netlink_status(in)--if_name=eth0
12-01 14:18:10.661 I/AdvancedPorting-PORT_MODULE_NET( 3838): net.network.isconnected = no
12-01 14:18:10.661 I/AdvancedPorting-PORT_MODULE_NET( 3838): eth0 --network_get_netlink_status return retval=1
12-01 14:18:10.661 I/AdvancedPorting-PORT_MODULE_NET( 3838): stat = 1 last_status = 1
12-01 14:18:10.693 I/Advanced( 3838): [QUEUE] share_queue_sendEx size:1 4097 481 0x8ec2d770,postLoopId:0,dstid:1.
12-01 14:18:11.087 D/BackBootDealerNeimeng( 2381): standbyState:
12-01 14:18:11.088 E/NetUtils( 1999): Interface eth0 LinkUp!
12-01 14:18:11.103 I/Advanced( 3838): [QUEUE] share_queue_sendEx size:1 4097 483 0x8ec2d770,postLoopId:0,dstid:1.
12-01 14:18:11.303 I/Advanced( 3838): [QUEUE] share_queue_sendEx size:1 4097 484 0x8ec2d770,postLoopId:0,dstid:1.
12-01 14:18:11.504 I/Advanced( 3838): [QUEUE] share_queue_sendEx size:1 4097 485 0x8ec2d770,postLoopId:0,dstid:1.
12-01 14:18:11.588 D/BackBootDealerNeimeng( 2381): standbyState:
12-01 14:18:11.589 E/NetUtils( 1999): Interface eth0 LinkUp!
12-01 14:18:11.661 I/AdvancedPorting-PORT_MODULE_NET( 3838): network_task while... 
12-01 14:18:11.661 I/AdvancedPorting-PORT_MODULE_NET( 3838): 0 interface name: lo
12-01 14:18:11.661 I/AdvancedPorting-PORT_MODULE_NET( 3838): 1 interface name: eth0
12-01 14:18:11.661 I/AdvancedPorting-PORT_MODULE_NET( 3838): 2 interface name: wlan0
12-01 14:18:11.661 I/AdvancedPorting-PORT_MODULE_NET( 3838): First interface name: lo
12-01 14:18:11.661 I/AdvancedPorting-PORT_MODULE_NET( 3838): network_task while...  net_i:1
12-01 14:18:11.661 I/AdvancedPorting-PORT_MODULE_NET( 3838): network_task while---name_interface[0]=lo
12-01 14:18:11.661 I/AdvancedPorting-PORT_MODULE_NET( 3838): network_task while---name_interface[1]=eth0
12-01 14:18:11.661 I/AdvancedPorting-PORT_MODULE_NET( 3838): network_task while---interface_name=eth0
12-01 14:18:11.661 I/AdvancedPorting-PORT_MODULE_NET( 3838): network_get_netlink_status(in)--if_name=eth0
12-01 14:18:11.661 I/AdvancedPorting-PORT_MODULE_NET( 3838): net.network.isconnected = no
12-01 14:18:11.662 I/AdvancedPorting-PORT_MODULE_NET( 3838): eth0 --network_get_netlink_status return retval=1
12-01 14:18:11.662 I/AdvancedPorting-PORT_MODULE_NET( 3838): stat = 1 last_status = 1
12-01 14:18:11.914 I/Advanced( 3838): [QUEUE] share_queue_sendEx size:1 4097 487 0x8ec2d770,postLoopId:0,dstid:1.
12-01 14:18:12.090 D/BackBootDealerNeimeng( 2381): standbyState:
12-01 14:18:12.091 E/NetUtils( 1999): Interface eth0 LinkUp!
12-01 14:18:12.114 I/Advanced( 3838): [QUEUE] share_queue_sendEx size:1 4097 488 0x8ec2d770,postLoopId:0,dstid:1.
12-01 14:18:12.314 I/Advanced( 3838): [QUEUE] share_queue_sendEx size:1 4097 489 0x8ec2d770,postLoopId:0,dstid:1.
12-01 14:18:12.515 I/Advanced( 3838): [QUEUE] share_queue_sendEx size:1 4097 490 0x8ec2d770,postLoopId:0,dstid:1.
12-01 14:18:12.591 D/BackBootDealerNeimeng( 2381): standbyState:
12-01 14:18:12.592 E/NetUtils( 1999): Interface eth0 LinkUp!
12-01 14:18:12.662 I/AdvancedPorting-PORT_MODULE_NET( 3838): network_task while... 
12-01 14:18:12.662 I/AdvancedPorting-PORT_MODULE_NET( 3838): 0 interface name: lo
12-01 14:18:12.662 I/AdvancedPorting-PORT_MODULE_NET( 3838): 1 interface name: eth0
12-01 14:18:12.662 I/AdvancedPorting-PORT_MODULE_NET( 3838): 2 interface name: wlan0
12-01 14:18:12.662 I/AdvancedPorting-PORT_MODULE_NET( 3838): First interface name: lo
12-01 14:18:12.662 I/AdvancedPorting-PORT_MODULE_NET( 3838): network_task while...  net_i:1
12-01 14:18:12.662 I/AdvancedPorting-PORT_MODULE_NET( 3838): network_task while---name_interface[0]=lo
12-01 14:18:12.662 I/AdvancedPorting-PORT_MODULE_NET( 3838): network_task while---name_interface[1]=eth0
12-01 14:18:12.662 I/AdvancedPorting-PORT_MODULE_NET( 3838): network_task while---interface_name=eth0
12-01 14:18:12.662 I/AdvancedPorting-PORT_MODULE_NET( 3838): network_get_netlink_status(in)--if_name=eth0
12-01 14:18:12.662 I/AdvancedPorting-PORT_MODULE_NET( 3838): net.network.isconnected = no
12-01 14:18:12.662 I/AdvancedPorting-PORT_MODULE_NET( 3838): eth0 --network_get_netlink_status return retval=1
12-01 14:18:12.662 I/AdvancedPorting-PORT_MODULE_NET( 3838): stat = 1 last_status = 1
12-01 14:18:12.876 E/WifiStateMachine( 1999): WifiStateMachine CMD_START_SCAN source -2 txSuccessRate=0.01 rxSuccessRate=0.00 targetRoamBSSID=86:79:73:a5:71:44 RSSI=-36
12-01 14:18:12.925 I/Advanced( 3838): [QUEUE] share_queue_sendEx size:1 4097 492 0x8ec2d770,postLoopId:0,dstid:1.
12-01 14:18:13.092 D/BackBootDealerNeimeng( 2381): standbyState:
12-01 14:18:13.093 E/NetUtils( 1999): Interface eth0 LinkUp!
12-01 14:18:13.125 I/Advanced( 3838): [QUEUE] share_queue_sendEx size:1 4097 493 0x8ec2d770,postLoopId:0,dstid:1.
12-01 14:18:13.325 I/Advanced( 3838): [QUEUE] share_queue_sendEx size:1 4097 494 0x8ec2d770,postLoopId:0,dstid:1.
12-01 14:18:13.526 I/Advanced( 3838): [QUEUE] share_queue_sendEx size:1 4097 495 0x8ec2d770,postLoopId:0,dstid:1.
12-01 14:18:13.594 D/BackBootDealerNeimeng( 2381): standbyState:
12-01 14:18:13.595 E/NetUtils( 1999): Interface eth0 LinkUp!
12-01 14:18:13.662 I/AdvancedPorting-PORT_MODULE_NET( 3838): network_task while... 
12-01 14:18:13.662 I/AdvancedPorting-PORT_MODULE_NET( 3838): 0 interface name: lo
12-01 14:18:13.662 I/AdvancedPorting-PORT_MODULE_NET( 3838): 1 interface name: eth0
12-01 14:18:13.662 I/AdvancedPorting-PORT_MODULE_NET( 3838): 2 interface name: wlan0
12-01 14:18:13.662 I/AdvancedPorting-PORT_MODULE_NET( 3838): First interface name: lo
12-01 14:18:13.662 I/AdvancedPorting-PORT_MODULE_NET( 3838): network_task while...  net_i:1
12-01 14:18:13.663 I/AdvancedPorting-PORT_MODULE_NET( 3838): network_task while---name_interface[0]=lo
12-01 14:18:13.663 I/AdvancedPorting-PORT_MODULE_NET( 3838): network_task while---name_interface[1]=eth0
12-01 14:18:13.663 I/AdvancedPorting-PORT_MODULE_NET( 3838): network_task while---interface_name=eth0
12-01 14:18:13.663 I/AdvancedPorting-PORT_MODULE_NET( 3838): network_get_netlink_status(in)--if_name=eth0
12-01 14:18:13.663 I/AdvancedPorting-PORT_MODULE_NET( 3838): net.network.isconnected = no
12-01 14:18:13.663 I/AdvancedPorting-PORT_MODULE_NET( 3838): eth0 --network_get_netlink_status return retval=1
12-01 14:18:13.663 I/AdvancedPorting-PORT_MODULE_NET( 3838): stat = 1 last_status = 1
12-01 14:18:13.726 I/Advanced( 3838): [QUEUE] share_queue_sendEx size:1 4097 496 0x8ec2d770,postLoopId:0,dstid:1.
12-01 14:18:13.926 I/Advanced( 3838): [QUEUE] share_queue_sendEx size:1 4097 497 0x8ec2d770,postLoopId:0,dstid:1.
12-01 14:18:14.095 D/BackBootDealerNeimeng( 2381): standbyState:
12-01 14:18:14.096 E/NetUtils( 1999): Interface eth0 LinkUp!
12-01 14:18:14.127 I/Advanced( 3838): [QUEUE] share_queue_sendEx size:1 4097 498 0x8ec2d770,postLoopId:0,dstid:1.
12-01 14:18:14.327 I/Advanced( 3838): [QUEUE] share_queue_sendEx size:1 4097 499 0x8ec2d770,postLoopId:0,dstid:1.
12-01 14:18:14.596 D/BackBootDealerNeimeng( 2381): standbyState:
12-01 14:18:14.597 E/NetUtils( 1999): Interface eth0 LinkUp!
12-01 14:18:14.663 I/AdvancedPorting-PORT_MODULE_NET( 3838): network_task while... 
12-01 14:18:14.663 I/AdvancedPorting-PORT_MODULE_NET( 3838): 0 interface name: lo
12-01 14:18:14.663 I/AdvancedPorting-PORT_MODULE_NET( 3838): 1 interface name: eth0
12-01 14:18:14.663 I/AdvancedPorting-PORT_MODULE_NET( 3838): 2 interface name: wlan0
12-01 14:18:14.663 I/AdvancedPorting-PORT_MODULE_NET( 3838): First interface name: lo
12-01 14:18:14.663 I/AdvancedPorting-PORT_MODULE_NET( 3838): network_task while...  net_i:1
12-01 14:18:14.663 I/AdvancedPorting-PORT_MODULE_NET( 3838): network_task while---name_interface[0]=lo
12-01 14:18:14.663 I/AdvancedPorting-PORT_MODULE_NET( 3838): network_task while---name_interface[1]=eth0
12-01 14:18:14.663 I/AdvancedPorting-PORT_MODULE_NET( 3838): network_task while---interface_name=eth0
12-01 14:18:14.663 I/AdvancedPorting-PORT_MODULE_NET( 3838): network_get_netlink_status(in)--if_name=eth0
12-01 14:18:14.663 I/AdvancedPorting-PORT_MODULE_NET( 3838): net.network.isconnected = no
12-01 14:18:14.663 I/AdvancedPorting-PORT_MODULE_NET( 3838): eth0 --network_get_netlink_status return retval=1
12-01 14:18:14.663 I/AdvancedPorting-PORT_MODULE_NET( 3838): stat = 1 last_status = 1
12-01 14:18:14.737 I/Advanced( 3838): [QUEUE] share_queue_sendEx size:1 4097 501 0x8ec2d770,postLoopId:0,dstid:1.
12-01 14:18:14.784 D/EsgNeiMengDealer( 2381): [TN_ThreadUtil-2]checkBootAd bootAd=[Advertisment@31f20d02]category[1]version[0]profile[2]group[[GroupProperty@15925613]associateType[3]groupIDs[len:10:10000:7101:7105:9999:7000:17:1001:20002:20001:1003]]service[null]period[[Advertisment@2b3aa050]dates[]times[len0:133:len1:133:20170821 000000-20170821 235959:20170822 000000-20170822 235959:20170823 000000-20170823 235959:20170824 000000-20170824 235959:20170825 000000-20170825 235959:20170826 000000-20170826 235959:20170827 000000-20170827 235959:20170828 000000-20170828 235959:20170829 000000-20170829 235959:20170830 000000-20170830 235959:20170831 000000-20170831 235959:20170901 000000-20170901 235959:20170902 000000-20170902 235959:20170903 000000-20170903 235959:20170904 000000-20170904 235959:20170905 000000-20170905 235959:20170906 000000-20170906 235959:20170907 000000-20170907 235959:20170908 000000-20170908 235959:20170909 000000-20170909 235959:20170910 000000-20170910 235959:20170911 000000-20170911 235959:20170912 000000-20170912 235959:20170913 000000-20170913 235959:20170914 000000-20170914 235959:20170915 000000-20170915 235959:20170916 000000-20170916 235959:20170917 000000-20170917 235959:20170918 000000-20170918 235959:20170919 000000-20170919 235959:20170920 000000-20170920 235959:20170921 000000-20170921 235959:20170922 000000-20170922 235959:20170923 000000-20170923 235959:20170924 000000-20170924 235959:20170925 000000-20170925 235959:20170926 000000-20170926 235959:20170927 000000-20170927 235959:20170928 000000-20170928 235959:20170929 000000-20170929 235959:20170930 000000-20170930 235959:20171001 000000-20171001 235959:20171002 000000-20171002 235959:20171003 000000-20171003 235959:20171004 000000-20171004 235959:20171005 000000-20171005 235959:20171006 000000-20171006 235959:20171007 000000-20171007 235959:20171008 000000-20171008 235959:20171009 000000-20171009 235959:20171010 000000-20171010 235959:20171011 000000-20171011 235959:20171012 000000-20171012 235959:20171013 000000-20171013 235959:20171014 000000-20171014 235959:20171015 000000-20171015 235959:20171016 000000-20171016 235959:20171017 000000-20171017 235959:20171018 000000-20171018 235959:20171019 000000-20171019 235959:20171020 000000-20171020 235959:20171021 000000-20171021 235959:20171022 000000-20171022 235959:20171023 000000-20171023 235959:20171024 000000-20171024 235959:20171025 000000-20171025 235959:20171026 000000-20171026 235959:20171027 000000-20171027 235959:20171028 000000-20171028 235959:20171029 000000-20171029 235959:20171030 000000-20171030 235959:20171031 000000-20171031 235959:20171101 000000-20171101 235959:20171102 000000-20171102 235959:20171103 000000-20171103 235959:20171104 000000-20171104 235959:20171105 000000-20171105 235959:20171106 000000-20171106 235959:20171107 000000-20171107 235959:20171108 000000-20171108 235959:20171109 000000-20171109 235959:20171110 000000-20171110 235959:20171111 000000-20171111 235959:20171112 000000-20171112 235959:20171113 000000-20171113 235959:20171114 000000-20171114 235959:20171115 000000-20171115 235959:20171116 000000-20171116 235959:20171117 000000-20171117 235959:20171118 000000-20171118 235959:20171119 000000-20171119 235959:20171120 000000-20171120 235959:20171121 000000-20171121 235959:20171122 000000-20171122 235959:20171123 000000-20171123 235959:20171124 000000-20171124 235959:20171125 000000-20171125 235959:20171126 000000-20171126 235959:20171127 000000-20171127 235959:20171128 000000-20171128 235959:20171129 000000-20171129 235959:20171130 000000-20171130 235959:20171201 000000-20171201 235959:20171202 000000-20171202 235959:20171203 000000-20171203 235959:20171204 000000-20171204 235959:20171205 000000-20171205 235959:20171206 000000-20171206 235959:20171207 000000-20171207 235959:20171208 000000-20171208 235959:20171209 000000-20171209 235959:20171210 000000-20171210 235959:20171211 000000-20171211 235959:20171212 000000-20171212 235959:20171213 000000-20171213 235959:20171214 000000-20171214 235959:20171215 000000-20171215 235959:20171216 000000-20171216 235959:201
12-01 14:18:14.784 I/System.out( 2381): [DEBUG SectionFilterGroup] The filterGroupHandle is: -1263432160
12-01 14:18:14.784 D/LoadPipeHandler( 2381): [TN_ThreadUtil-2]dealTableLoad pipeTask=[LoadPipeTask@360c96b9]pID[16]tableID[64]tunerIndex[0]offset[3]timeout[5000]isNeedTune[false]fileName[null]
12-01 14:18:14.784 D/filter  ( 2381): [FilterManager-JNI] - start filter:pid=16, tableid=64, bufferNum=0
12-01 14:18:14.784 D/filter  ( 2381): [FilterManager-JNI] - 
12-01 14:18:14.784 D/filter  ( 2381): [FilterManager-JNI] - 
12-01 14:18:14.784 D/filter  ( 2381): [FilterManager-JNI] - The table id is proper.
12-01 14:18:14.784 D/filter  ( 2381): ####in java native method open filter:pid=16,							code=40,00,00,00,mask=ff,00,00,00
12-01 14:18:14.784 D/filter  ( 2381): [FilterManager-JNI] - Filter mode to ROCME_RES_FLT_MODE_UNROB_FILTER.
12-01 14:18:14.785 V/SUMA    ( 1581): [resman-s][onTransact 216]code[0x12000200] client pid = 2381
12-01 14:18:14.785 I/System.out( 2381): [DEBUG SectionFilterGroup] The run() method, and the filterGroupHandle is: -1263432160
12-01 14:18:14.785 V/SUMA    ( 1581): [resman-s][onTransact 615]TRANS_CODE_RESMAN_FILETER_REQUEST enter
12-01 14:18:14.785 V/SUMA    ( 1581): [resman-s][onTransact 623]filter request m_client[0].cpid = 2381
12-01 14:18:14.785 V/SUMA    ( 1581): [resman-s][onTransact 627]filter handler request filter_handler[0]
12-01 14:18:14.785 V/SUMA    ( 1581): >> Roc_ResMan_Filter_Request handler = 0x12028d40 
12-01 14:18:14.785 V/SUMA    ( 1581): [resman-s][onTransact 657]TRANS_CODE_RESMAN_FILETER_REQUEST leave
12-01 14:18:14.785 V/SUMA    ( 1581): [resman-s][onTransact 1574]leave transact client pid = 2381
12-01 14:18:14.785 V/SUMA    ( 2381): [resman-c][Roc_ResMan_Filter_Request 1311]leave !!!
12-01 14:18:14.785 V/SUMA    ( 2381): [resman-c][dvbc_resman_flt_request 162]dvbc(2381)## s_resman_client_flt_hcbk request cbk idx=0 !!!
12-01 14:18:14.785 V/SUMA    ( 1581): [resman-s][onTransact 216]code[0x12000204] client pid = 2381
12-01 14:18:14.785 V/SUMA    ( 1581): [resman-s][onTransact 1574]leave transact client pid = 2381
12-01 14:18:14.785 V/SUMA    ( 2381): [resman-c][Roc_ResMan_Filter_Modify 1514]leave !!!
12-01 14:18:14.786 V/SUMA    ( 1581): [resman-s][onTransact 216]code[0x12000202] client pid = 2381
12-01 14:18:14.786 V/SUMA    ( 1581): [resman-s][onTransact 1574]leave transact client pid = 2381
12-01 14:18:14.786 V/SUMA    ( 2381): [resman-c][Roc_ResMan_Filter_Run 1431]leave !!!
12-01 14:18:14.786 D/filter  ( 2381): open file=302157120,pid=16,index=0 with tuner index 0
12-01 14:18:14.937 I/Advanced( 3838): [QUEUE] share_queue_sendEx size:1 4097 502 0x8ec2d770,postLoopId:0,dstid:1.
12-01 14:18:15.097 D/BackBootDealerNeimeng( 2381): standbyState:
12-01 14:18:15.098 E/NetUtils( 1999): Interface eth0 LinkUp!
12-01 14:18:15.138 I/Advanced( 3838): [QUEUE] share_queue_sendEx size:1 4097 503 0x8ec2d770,postLoopId:0,dstid:1.
12-01 14:18:15.338 I/Advanced( 3838): [QUEUE] share_queue_sendEx size:1 4097 504 0x8ec2d770,postLoopId:0,dstid:1.
12-01 14:18:15.538 I/Advanced( 3838): [QUEUE] share_queue_sendEx size:1 4097 505 0x8ec2d770,postLoopId:0,dstid:1.
12-01 14:18:15.599 D/BackBootDealerNeimeng( 2381): standbyState:
12-01 14:18:15.600 E/NetUtils( 1999): Interface eth0 LinkUp!
12-01 14:18:15.663 I/AdvancedPorting-PORT_MODULE_NET( 3838): network_task while... 
12-01 14:18:15.663 I/AdvancedPorting-PORT_MODULE_NET( 3838): 0 interface name: lo
12-01 14:18:15.663 I/AdvancedPorting-PORT_MODULE_NET( 3838): 1 interface name: eth0
12-01 14:18:15.663 I/AdvancedPorting-PORT_MODULE_NET( 3838): 2 interface name: wlan0
12-01 14:18:15.663 I/AdvancedPorting-PORT_MODULE_NET( 3838): First interface name: lo
12-01 14:18:15.664 I/AdvancedPorting-PORT_MODULE_NET( 3838): network_task while...  net_i:1
12-01 14:18:15.664 I/AdvancedPorting-PORT_MODULE_NET( 3838): network_task while---name_interface[0]=lo
12-01 14:18:15.664 I/AdvancedPorting-PORT_MODULE_NET( 3838): network_task while---name_interface[1]=eth0
12-01 14:18:15.664 I/AdvancedPorting-PORT_MODULE_NET( 3838): network_task while---interface_name=eth0
12-01 14:18:15.664 I/AdvancedPorting-PORT_MODULE_NET( 3838): network_get_netlink_status(in)--if_name=eth0
12-01 14:18:15.664 I/AdvancedPorting-PORT_MODULE_NET( 3838): net.network.isconnected = no
12-01 14:18:15.664 I/AdvancedPorting-PORT_MODULE_NET( 3838): eth0 --network_get_netlink_status return retval=1
12-01 14:18:15.664 I/AdvancedPorting-PORT_MODULE_NET( 3838): stat = 1 last_status = 1
12-01 14:18:15.739 I/Advanced( 3838): [QUEUE] share_queue_sendEx size:1 4097 506 0x8ec2d770,postLoopId:0,dstid:1.
12-01 14:18:15.939 I/Advanced( 3838): [QUEUE] share_queue_sendEx size:1 4097 507 0x8ec2d770,postLoopId:0,dstid:1.
12-01 14:18:15.990 E/NetUtils( 1999): Interface eth0 LinkUp!
12-01 14:18:16.100 D/BackBootDealerNeimeng( 2381): standbyState:
12-01 14:18:16.101 E/NetUtils( 1999): Interface eth0 LinkUp!
12-01 14:18:16.139 I/Advanced( 3838): [QUEUE] share_queue_sendEx size:1 4097 508 0x8ec2d770,postLoopId:0,dstid:1.
12-01 14:18:16.340 I/Advanced( 3838): [QUEUE] share_queue_sendEx size:1 4097 509 0x8ec2d770,postLoopId:0,dstid:1.
12-01 14:18:16.601 D/BackBootDealerNeimeng( 2381): standbyState:
12-01 14:18:16.602 E/NetUtils( 1999): Interface eth0 LinkUp!
12-01 14:18:16.664 I/AdvancedPorting-PORT_MODULE_NET( 3838): network_task while... 
12-01 14:18:16.664 I/AdvancedPorting-PORT_MODULE_NET( 3838): 0 interface name: lo
12-01 14:18:16.664 I/AdvancedPorting-PORT_MODULE_NET( 3838): 1 interface name: eth0
12-01 14:18:16.664 I/AdvancedPorting-PORT_MODULE_NET( 3838): 2 interface name: wlan0
12-01 14:18:16.664 I/AdvancedPorting-PORT_MODULE_NET( 3838): First interface name: lo
12-01 14:18:16.664 I/AdvancedPorting-PORT_MODULE_NET( 3838): network_task while...  net_i:1
12-01 14:18:16.664 I/AdvancedPorting-PORT_MODULE_NET( 3838): network_task while---name_interface[0]=lo
12-01 14:18:16.664 I/AdvancedPorting-PORT_MODULE_NET( 3838): network_task while---name_interface[1]=eth0
12-01 14:18:16.664 I/AdvancedPorting-PORT_MODULE_NET( 3838): network_task while---interface_name=eth0
12-01 14:18:16.664 I/AdvancedPorting-PORT_MODULE_NET( 3838): network_get_netlink_status(in)--if_name=eth0
12-01 14:18:16.664 I/AdvancedPorting-PORT_MODULE_NET( 3838): net.network.isconnected = no
12-01 14:18:16.664 I/AdvancedPorting-PORT_MODULE_NET( 3838): eth0 --network_get_netlink_status return retval=1
12-01 14:18:16.664 I/AdvancedPorting-PORT_MODULE_NET( 3838): stat = 1 last_status = 1
12-01 14:18:16.750 I/Advanced( 3838): [QUEUE] share_queue_sendEx size:1 4097 511 0x8ec2d770,postLoopId:0,dstid:1.
12-01 14:18:16.950 I/Advanced( 3838): [QUEUE] share_queue_send