12-01 14:18:04.276 D/[blink]FrameLoader( 3838): [allowPlugins] allowPlugins return 1
12-01 14:18:04.283 D/[blink]FrameLoader( 3838): [allowPlugins] allowPlugins return 1
12-01 14:18:04.283 D/[blink]FrameLoader( 3838): [allowPlugins] allowPlugins return 1
12-01 14:18:04.283 D/[blink]FrameLoader( 3838): [allowPlugins] allowPlugins return 1
12-01 14:18:04.283 D/[blink]FrameLoader( 3838): [allowPlugins] allowPlugins return 1
12-01 14:18:04.283 D/[blink]FrameLoader( 3838): [allowPlugins] allowPlugins return 1
12-01 14:18:04.284 D/iPanel  ( 3838): iPanel.debug("_popTd0")
12-01 14:18:04.284 D/iPanel  ( 3838): iPanel.debug("_popTd0==showFocus==tmpPos===0=this.dataArr.obj[tmpPos].isNewFlag==false")
12-01 14:18:04.285 D/[blink]FrameLoader( 3838): [allowPlugins] allowPlugins return 1
12-01 14:18:04.285 D/V8ScriptRunner( 3838): [callFunction] end. frame = 0x4570bdb8 function: $.onload url: http://10.14.41.246/application/bxfc/sec/index.htm line: 902
12-01 14:18:04.285 D/FrameLoaderClientImpl( 3838): [dispatchDidHandleOnloadEvents] dispatch onload event url:http://10.14.41.246/application/bxfc/sec/popTv_new.php
12-01 14:18:04.286 D/[blink]ResourceFetcher( 3838): [requestResource] url=http://10.14.41.246/application/bxfc/sec/images/global_tm.gif.
12-01 14:18:04.286 D/url     ( 3838): [DoResolveRelative] [WEB] DoResolveRelative Error resolving.
12-01 14:18:04.287 D/ResourceLoader( 3838): [StartRequest] start request 0x9f4ea300 url='http://10.14.41.246/application/bxfc/sec/images/global_tm.gif'
12-01 14:18:04.287 D/AwRequestInterceptor( 3838): [MaybeInterceptRequest] request=0x9f4ea300
12-01 14:18:04.287 D/cr_AwContents( 3838): [AwContents.java:520] BackgroundThreadClientImpl shouldInterceptRequest url = http://10.14.41.246/application/bxfc/sec/images/global_tm.gif
12-01 14:18:04.288 D/cr_AwNullContentsClient( 3838): [AwNullContentsClient.java:59] shouldInterceptRequest url=http://10.14.41.246/application/bxfc/sec/images/global_tm.gif
12-01 14:18:04.288 D/BrowserWebViewClient( 3838): intercept request :http://10.14.41.246/application/bxfc/sec/images/global_tm.gif
12-01 14:18:04.288 D/AwRequestInterceptor( 3838): [MaybeInterceptRequest] request=0x9f4ea300
12-01 14:18:04.291 D/ResourceLoader( 3838): [ResponseCompleted] finish request 0x9f4ea300 url='http://10.14.41.246/application/bxfc/sec/images/global_tm.gif'
12-01 14:18:04.292 D/[blink]FrameView( 3838): [layout] start... this:0x27573848, frame=0x458373f0 content size(1280, 720). 
12-01 14:18:04.292 D/[blink]FrameView( 3838): [layout] performPreLayoutTasks start... this:0x27573848
12-01 14:18:04.292 D/[blink]FrameView( 3838): [layout] performPreLayoutTasks end... this:0x27573848
12-01 14:18:04.292 D/[blink]FrameView( 3838): [layout] performLayout start... this:0x27573848
12-01 14:18:04.295 D/[blink]FrameView( 3838): [layout] performLayout end... this:0x27573848
12-01 14:18:04.295 D/[blink]FrameView( 3838): [layout] cannot paint!! do not call compositor()->didLayout()! this:0x0x27573848
12-01 14:18:04.295 D/[blink]FrameView( 3838): [layout] updateDocumentAnnotatedRegions start... this:0x27573848
12-01 14:18:04.295 D/[blink]FrameView( 3838): [layout] scheduleOrPerformPostLayoutTasks start... this:0x27573848
12-01 14:18:04.295 D/[blink]FrameView( 3838): [layout] end... this:0x27573848
12-01 14:18:04.295 D/[blink]FrameView( 3838): [layout] out... this:0x27573848
12-01 14:18:04.295 D/[blink]FrameLoader( 3838): [checkCompleted] frame=0x458373f0 did finish load.
12-01 14:18:04.295 D/FrameLoaderClientImpl( 3838): [dispatchDidFinishLoad] url:http://10.14.41.246/application/bxfc/sec/popTv_new.php
12-01 14:18:04.296 D/FrameLoaderClientImpl( 3838): [didStopLoading] finished url:http://10.14.41.246/application/bxfc/sec/popTv_new.php. frame tree child count = 0
12-01 14:18:04.297 D/[blink]FocusController( 3838): [setFocusedFrame] oldFocusedFrame 0x0x4570bdb8:http://10.14.41.246/application/bxfc/sec/index.htm
12-01 14:18:04.297 D/[blink]FocusController( 3838): [setFocusedFrame] newFocusedFrame 0x0x458373f0:http://10.14.41.246/application/bxfc/sec/popTv_new.php
12-01 14:18:04.297 D/Browser ( 3838): postProgressNotification type=1
12-01 14:18:04.297 D/[blink]FrameView( 3838): [setCanPaint] this:0x27573848, setCanPaint old canpaint=0, new canpaint=1 .
12-01 14:18:04.297 D/[blink]FrameView( 3838): [paintAfterLoad] paintAfterLoad this:0x27573848.
12-01 14:18:04.297 D/[blink]FrameView( 3838): [updateStyleAndLayoutIfNeededRecursiveInternal] in... this:0x27573848.
12-01 14:18:04.297 D/[blink]FrameView( 3838): [updateStyleAndLayoutIfNeededRecursiveInternal] end... this:0x27573848.
12-01 14:18:04.298 D/[cc]ProxyMain( 3838): [BeginMainFrame] cc.BeginMainFrame this:0x9f6c81a0
12-01 14:18:04.298 D/[cc]LayerTreeHost( 3838): [AnimateLayers] AnimateLayers monotonic_time=728383304
12-01 14:18:04.298 D/[blink]FrameView( 3838): [updateStyleAndLayoutIfNeededRecursiveInternal] in... this:0x2756bc50.
12-01 14:18:04.298 D/[blink]FrameView( 3838): [updateStyleAndLayoutIfNeededRecursiveInternal] in... this:0x27573848.
12-01 14:18:04.298 D/[blink]FrameView( 3838): [updateStyleAndLayoutIfNeededRecursiveInternal] end... this:0x27573848.
12-01 14:18:04.298 D/[blink]FrameView( 3838): [updateStyleAndLayoutIfNeededRecursiveInternal] end... this:0x2756bc50.
12-01 14:18:04.298 D/[blink]FrameView( 3838): [updateLifecyclePhasesInternal] in... this:0x2756bc50, targetState=18
12-01 14:18:04.298 D/[blink]FrameView( 3838): [updateLifecyclePhasesInternal] call compositor()->updateIfNeededRecursive()!
12-01 14:18:04.301 D/[blink] ImagePainter( 3838): [paintReplaced] ImagePainter::paintReplaced in w=21056, h=3712.
12-01 14:18:04.301 D/[blink] ImagePainter( 3838): [paintReplaced] ImagePainter::paintReplaced in w=14272, h=1792.
12-01 14:18:04.301 D/[blink] ImagePainter( 3838): [paintReplaced] ImagePainter::paintReplaced in w=17472, h=9792.
12-01 14:18:04.301 D/[blink] ImagePainter( 3838): [paintReplaced] ImagePainter::paintReplaced in w=3648, h=3904.
12-01 14:18:04.301 D/[blink] ImagePainter( 3838): [paintReplaced] ImagePainter::paintReplaced in w=17472, h=9792.
12-01 14:18:04.302 D/[blink] ImagePainter( 3838): [paintReplaced] ImagePainter::paintReplaced in w=3648, h=3904.
12-01 14:18:04.302 D/[blink] ImagePainter( 3838): [paintReplaced] ImagePainter::paintReplaced in w=4800, h=5184.
12-01 14:18:04.302 D/[blink] ImagePainter( 3838): [paintReplaced] ImagePainter::paintReplaced in w=4800, h=5184.
12-01 14:18:04.302 D/[blink] ImagePainter( 3838): [paintReplaced] ImagePainter::paintReplaced in w=4800, h=5184.
12-01 14:18:04.302 D/[blink] ImagePainter( 3838): [paintReplaced] ImagePainter::paintReplaced in w=4800, h=5184.
12-01 14:18:04.302 D/[blink] ImagePainter( 3838): [paintReplaced] ImagePainter::paintReplaced in w=1408, h=768.
12-01 14:18:04.302 D/[blink] BoxPainter( 3838): [paintBoxDecorationBackgroundWithRect] BoxPainter::paintBoxDecorationBackgroundWithRect isImage=0, isLayoutImage=0
12-01 14:18:04.302 D/[blink] BoxPainter( 3838): [paintBoxDecorationBackgroundWithRect] BoxPainter::paintBoxDecorationBackgroundWithRect isImage=0, isLayoutImage=0
12-01 14:18:04.302 D/[blink] BoxPainter( 3838): [paintBoxDecorationBackgroundWithRect] BoxPainter::paintBoxDecorationBackgroundWithRect isImage=0, isLayoutImage=0
12-01 14:18:04.302 D/[blink] BoxPainter( 3838): [paintBoxDecorationBackgroundWithRect] BoxPainter::paintBoxDecorationBackgroundWithRect isImage=0, isLayoutImage=0
12-01 14:18:04.302 D/[blink] BoxPainter( 3838): [paintBoxDecorationBackgroundWithRect] BoxPainter::paintBoxDecorationBackgroundWithRect isImage=0, isLayoutImage=0
12-01 14:18:04.302 D/[blink] ImagePainter( 3838): [paintReplaced] ImagePainter::paintReplaced in w=20480, h=25600.
12-01 14:18:04.302 D/[blink] ImagePainter( 3838): [paintReplaced] ImagePainter::paintReplaced out.
12-01 14:18:04.302 D/[blink] BoxPainter( 3838): [paintBoxDecorationBackgroundWithRect] BoxPainter::paintBoxDecorationBackgroundWithRect isImage=0, isLayoutImage=0
12-01 14:18:04.302 D/[blink] BoxPainter( 3838): [paintBoxDecorationBackgroundWithRect] BoxPainter::paintBoxDecorationBackgroundWithRect isImage=0, isLayoutImage=0
12-01 14:18:04.302 D/[blink] BoxPainter( 3838): [paintBoxDecorationBackgroundWithRect] BoxPainter::paintBoxDecorationBackgroundWithRect isImage=0, isLayoutImage=0
12-01 14:18:04.303 D/[blink] BoxPainter( 3838): [paintBoxDecorationBackgroundWithRect] BoxPainter::paintBoxDecorationBackgroundWithRect isImage=0, isLayoutImage=0
12-01 14:18:04.303 D/[blink]FrameView( 3838): [updateLifecyclePhasesInternal] end... this:0x2756bc50
12-01 14:18:04.304 D/[blink] ImageResource( 3838): [updateImage] allDataReceived!! data size=5808
12-01 14:18:04.304 D/[blink] ImageResource( 3838): [updateImage] allDataReceived!! data size=8712
12-01 14:18:04.304 D/[blink] ImageResource( 3838): [updateImage] allDataReceived!! data size=11616
12-01 14:18:04.304 D/[blink] ImageResource( 3838): [updateImage] allDataReceived!! data size=13068
12-01 14:18:04.305 D/[blink] ImageResource( 3838): [updateImage] allDataReceived!! data size=17424
12-01 14:18:04.305 D/[blink] ImageResource( 3838): [updateImage] allDataReceived!! data size=21780
12-01 14:18:04.305 D/[blink] ImageResource( 3838): [updateImage] allDataReceived!! data size=24684
12-01 14:18:04.305 D/[blink] ImageResource( 3838): [updateImage] allDataReceived!! data size=26136
12-01 14:18:04.305 D/[blink] ImageResource( 3838): [updateImage] allDataReceived!! data size=31944
12-01 14:18:04.306 D/[blink] ImageResource( 3838): [updateImage] allDataReceived!! data size=33396
12-01 14:18:04.306 D/[blink] ImageResource( 3838): [updateImage] allDataReceived!! data size=37752
12-01 14:18:04.306 D/[blink] ImageResource( 3838): [updateImage] allDataReceived!! data size=40656
12-01 14:18:04.306 D/[blink] ImageResource( 3838): [updateImage] allDataReceived!! data size=45012
12-01 14:18:04.306 D/[blink] ImageResource( 3838): [updateImage] allDataReceived!! data size=47916
12-01 14:18:04.306 D/[blink] ImageResource( 3838): [updateImage] allDataReceived!! data size=52272
12-01 14:18:04.306 D/[blink] ImageResource( 3838): [updateImage] allDataReceived!! data size=55176
12-01 14:18:04.306 D/[blink] ImageResource( 3838): [updateImage] allDataReceived!! data size=58080
12-01 14:18:04.306 D/[blink] ImageResource( 3838): [updateImage] allDataReceived!! data size=62436
12-01 14:18:04.307 D/[blink] ImageResource( 3838): [updateImage] allDataReceived!! data size=66792
12-01 14:18:04.307 D/[blink] ImageResource( 3838): [updateImage] allDataReceived!! data size=68244
12-01 14:18:04.307 D/[blink] ImageResource( 3838): [updateImage] allDataReceived!! data size=71148
12-01 14:18:04.307 D/[blink] ImageResource( 3838): [updateImage] allDataReceived!! data size=75504
12-01 14:18:04.307 D/[blink] ImageResource( 3838): [updateImage] allDataReceived!! data size=77073
12-01 14:18:04.307 D/[blink]ResourceFetcher( 3838): [didFinishLoading] encoded length=77183 url=http://slave.tvos_cf96066.cn:13160/poster/movie/100000493/320x400_1.jpg.
12-01 14:18:04.307 D/[blink] ImageResource( 3838): [updateImage] allDataReceived!! data size=77073
12-01 14:18:04.308 D/[blink]ResourceFetcher( 3838): [didFinishLoading] encoded length=564 url=http://10.14.41.246/application/bxfc/sec/images/global_tm.gif.
12-01 14:18:04.308 D/[blink]memoryCache( 3838): [evict] remove:http://10.14.41.246/application/bxfc/sec/images/global_tm.gif
12-01 14:18:04.308 D/[blink] ImageResource( 3838): [updateImage] allDataReceived!! data size=-1
12-01 14:18:04.308 D/[blink] ImageResource( 3838): [getImage] ImageResource::getImage error occurred return null image
12-01 14:18:04.308 D/[blink] ImageResource( 3838): .
12-01 14:18:04.308 D/[blink] ImageResource( 3838): [getImage] ImageResource::getImage error occurred return null image
12-01 14:18:04.308 D/[blink] ImageResource( 3838): .
12-01 14:18:04.308 D/[blink] ImageResource( 3838): [getImage] ImageResource::getImage error occurred return null image
12-01 14:18:04.308 D/[blink] ImageResource( 3838): .
12-01 14:18:04.308 D/[blink] ImageResource( 3838): [getImage] ImageResource::getImage error occurred return null image
12-01 14:18:04.308 D/[blink] ImageResource( 3838): .
12-01 14:18:04.308 D/[blink] ImageResource( 3838): [updateImage] allDataReceived!! data size=-1
12-01 14:18:04.308 D/[blink] ImageResource( 3838): [getImage] ImageResource::getImage error occurred return null image
12-01 14:18:04.308 D/[blink] ImageResource( 3838): .
12-01 14:18:04.308 D/[blink] ImageResource( 3838): [getImage] ImageResource::getImage error occurred return null image
12-01 14:18:04.308 D/[blink] ImageResource( 3838): .
12-01 14:18:04.308 D/[cc]ProxyMain( 3838): [BeginMainFrame] cc.BeginMainFrame this:0x9f6c81a0
12-01 14:18:04.308 D/[cc]LayerTreeHost( 3838): [AnimateLayers] AnimateLayers monotonic_time=728433304
12-01 14:18:04.308 D/[blink]FrameView( 3838): [updateStyleAndLayoutIfNeededRecursiveInternal] in... this:0x2756bc50.
12-01 14:18:04.308 D/[blink]FrameView( 3838): [updateStyleAndLayoutIfNeededRecursiveInternal] in... this:0x27573848.
12-01 14:18:04.308 D/[blink]FrameView( 3838): [updateStyleAndLayoutIfNeededRecursiveInternal] end... this:0x27573848.
12-01 14:18:04.308 D/[blink]FrameView( 3838): [updateStyleAndLayoutIfNeededRecursiveInternal] end... this:0x2756bc50.
12-01 14:18:04.308 D/[blink]FrameView( 3838): [updateLifecyclePhasesInternal] in... this:0x2756bc50, targetState=18
12-01 14:18:04.308 D/[blink]FrameView( 3838): [updateLifecyclePhasesInternal] call compositor()->updateIfNeededRecursive()!
12-01 14:18:04.309 D/[blink] ImageResource( 3838): [getImage] ImageResource::getImage error occurred return null image
12-01 14:18:04.309 D/[blink] ImageResource( 3838): .
12-01 14:18:04.309 D/[blink] ImageResource( 3838): [getImage] ImageResource::getImage error occurred return null image
12-01 14:18:04.309 D/[blink] ImageResource( 3838): .
12-01 14:18:04.309 D/[blink] ImagePainter( 3838): [paintReplaced] ImagePainter::paintReplaced in w=21056, h=3712.
12-01 14:18:04.309 D/[blink] ImagePainter( 3838): [paintReplaced] ImagePainter::paintReplaced in w=14272, h=1792.
12-01 14:18:04.309 D/[blink] ImagePainter( 3838): [paintReplaced] ImagePainter::paintReplaced in w=17472, h=9792.
12-01 14:18:04.309 D/[blink] ImagePainter( 3838): [paintReplaced] ImagePainter::paintReplaced in w=3648, h=3904.
12-01 14:18:04.309 D/[blink] ImagePainter( 3838): [paintReplaced] ImagePainter::paintReplaced in w=17472, h=9792.
12-01 14:18:04.309 D/[blink] ImagePainter( 3838): [paintReplaced] ImagePainter::paintReplaced in w=3648, h=3904.
12-01 14:18:04.309 D/[blink] ImagePainter( 3838): [paintReplaced] ImagePainter::paintReplaced in w=4800, h=5184.
12-01 14:18:04.309 D/[blink] ImagePainter( 3838): [paintReplaced] ImagePainter::paintReplaced in w=4800, h=5184.
12-01 14:18:04.309 D/[blink] ImagePainter( 3838): [paintReplaced] ImagePainter::paintReplaced in w=4800, h=5184.
12-01 14:18:04.309 D/[blink] ImagePainter( 3838): [paintReplaced] ImagePainter::paintReplaced in w=4800, h=5184.
12-01 14:18:04.310 D/[blink] ImagePainter( 3838): [paintReplaced] ImagePainter::paintReplaced in w=1408, h=768.
12-01 14:18:04.310 D/[blink] BoxPainter( 3838): [paintBoxDecorationBackgroundWithRect] BoxPainter::paintBoxDecorationBackgroundWithRect isImage=0, isLayoutImage=0
12-01 14:18:04.310 D/[blink] BoxPainter( 3838): [paintBoxDecorationBackgroundWithRect] BoxPainter::paintBoxDecorationBackgroundWithRect isImage=0, isLayoutImage=0
12-01 14:18:04.310 D/[blink] ImagePainter( 3838): [paintReplaced] ImagePainter::paintReplaced in w=20480, h=25600.
12-01 14:18:04.310 D/[blink] ImagePainter( 3838): [paintReplaced] ImagePainter::paintReplaced out.
12-01 14:18:04.310 D/[blink]FrameView( 3838): [updateLifecyclePhasesInternal] end... this:0x2756bc50
12-01 14:18:04.312 D/ir_user ( 1585): PlayerTimeLineTrace:linux_keycode:0x1c(UP),	protocol: .
12-01 14:18:04.312 V/PT      ( 1581): >>INFO:irkey_task:[     728.456526] /dev/input/event0: type=0001 code=001c val=00000000
12-01 14:18:04.312 V/PT      ( 1581): >>INFO:irkey_send:0x3001 0x1001 up  
12-01 14:18:04.312 V/SUMA    ( 1581): ++++++++++++++  _roc_evtmgr_key_cbk 517:input = 12289, event=4097, act=0x400
12-01 14:18:04.312 V/SUMA    ( 1581): lxm:_roc_evtmgr_key_cbk 519 728456
12-01 14:18:04.312 V/SUMA    ( 1581): lxm:_roc_evtmgr_add_key_into_queue 311 728456
12-01 14:18:04.312 V/PT      ( 1581): >>INFO:irkey_task:[     728.456526] /dev/input/event0: type=0000 code=0000 val=00000000
12-01 14:18:04.312 V/SUMA    ( 1581): ===================>> type=0 src=0 evt=4097 act=0x400
12-01 14:18:04.312 V/SUMA    ( 1581): [sysset-s][event_manager_cbk 78]lxm cbid=1, cbk_reg=1, cpid=2464
12-01 14:18:04.312 D/NGBEvent( 2464): ngbEventCallBack type:0 source :4097
12-01 14:18:04.312 D/NGBEvent( 2464): [NGBEventManager-JNI]-returning:1
12-01 14:18:04.312 D/NGBEvent( 2464): Input key event: keyCode=4097
12-01 14:18:04.312 D/NGBEvent( 2464): src:4097 = dest:4097
12-01 14:18:04.312 I/System.out( 2464): [DEBUG EventManager] LWJ--Add event to java with evt=NgbEvent-[type = 1, subtype = 402, code = 4097]
12-01 14:18:04.312 D/NGBEvent( 2464): [NGBEvent_log]--[EventManager--JNI]:		start
12-01 14:18:04.312 I/System.out( 2464): [DEBUG EventManager] broadcastEvent  :len 1
12-01 14:18:04.312 D/KeyEventNgbDealer( 2464): [TN_pool-1-thread-1]handleKeyReleased keyEvent=NgbEvent-[type = 1, subtype = 402, code = 4097],time=728457
12-01 14:18:04.317 D/RemoteIME( 2344): RemoteIME--> onKeyUp keyCode = 23
12-01 14:18:04.317 D/cr_AwTestContainerView( 3838): [AwTestContainerView.java:63] [mainFrame]: [2017-11-21 17:52:03] dispatchKeyEvent keyCode = 23 event = KeyEvent { action=ACTION_UP, keyCode=KEYCODE_DPAD_CENTER, scanCode=28, metaState=0, flags=0x8, repeatCount=0, eventTime=728456, downTime=728247, deviceId=4, source=0x701 }
12-01 14:18:04.317 D/ImeAdapterAndroid( 3838): [SendKeyEvent] [BUILD TIME: ] dispatchKeyEvent key_code=23 modifiers=0 unicode_char=0 scan_code=28 is_system=0 tm=728456
12-01 14:18:04.327 D/RenderWidgetInputHandler( 3838): [HandleInputEvent] input_event type=9 name=KeyUp
12-01 14:18:04.327 D/RenderWidgetInputHandler( 3838): [HandleInputEvent] key_event.nativeKeyCode:23,widget_->GetTextInputType():0
12-01 14:18:04.327 D/RenderWidgetInputHandler( 3838): [HandleInputEvent] input_event type=9 prevent_default:0
12-01 14:18:04.327 D/WebViewImpl( 3838): [handleKeyEvent] keycode:13, eventType:9 native keycode:23 frame=0x458373f0. url='http://10.14.41.246/application/bxfc/sec/popTv_new.php'.
12-01 14:18:04.327 D/[blink]KeyboardEventManager( 3838): [keyEvent] initialKeyEvent KeyUp nativeKeyCode=23 windowsKeyCode=13 text[0]=13
12-01 14:18:04.327 D/[blink]KeyboardEventManager( 3838): [keyEvent] initialKeyEvent focusedNode=0x0
12-01 14:18:04.328 D/[skia]SkBitmap( 3838): [tryAllocPixels] allocator:0x39a73110
12-01 14:18:04.376 D/WebLocalFrameImpl( 3838): [~WebLocalFrameImpl] destroy WebFrameImpl this = 0x438d3520
12-01 14:18:04.381 D/[blink]LocalFrame( 3838): [~LocalFrame] destroy frame = 0x4581c640
12-01 14:18:04.381 D/[blink]FrameManager( 3838): [getFrameName] can not find frame=0x4581c640
12-01 14:18:04.381 D/[blink]FrameManager( 3838): [iPanelRemoveFrame] can not find frame=0x4581c640
12-01 14:18:04.426 I/Advanced( 3838): [QUEUE] share_queue_sendEx size:1 4097 450 0x8ec2d770,postLoopId:0,dstid:1.
12-01 14:18:04.572 D/BackBootDealerNeimeng( 2381): standbyState:
12-01 14:18:04.573 E/NetUtils( 1999): Interface eth0 LinkUp!
12-01 14:18:04.627 I/Advanced( 3838): [QUEUE] share_queue_sendEx size:1 4097 451 0x8ec2d770,postLoopId:0,dstid:1.
12-01 14:18:04.657 I/AdvancedPorting-PORT_MODULE_NET( 3838): network_task while... 
12-01 14:18:04.658 I/AdvancedPorting-PORT_MODULE_NET( 3838): 0 interface name: lo
12-01 14:18:04.658 I/AdvancedPorting-PORT_MODULE_NET( 3838): 1 interface name: eth0
12-01 14:18:04.658 I/AdvancedPorting-PORT_MODULE_NET( 3838): 2 interface name: wlan0
12-01 14:18:04.658 I/AdvancedPorting-PORT_MODULE_NET( 3838): First interface name: lo
12-01 14:18:04.658 I/AdvancedPorting-PORT_MODULE_NET( 3838): network_task while...  net_i:1
12-01 14:18:04.658 I/AdvancedPorting-PORT_MODULE_NET( 3838): network_task while---name_interface[0]=lo
12-01 14:18:04.658 I/AdvancedPorting-PORT_MODULE_NET( 3838): network_task while---name_interface[1]=eth0
12-01 14:18:04.658 I/AdvancedPorting-PORT_MODULE_NET( 3838): network_task while---interface_name=eth0
12-01 14:18:04.658 I/AdvancedPorting-PORT_MODULE_NET( 3838): network_get_netlink_status(in)--if_name=eth0
12-01 14:18:04.658 I/AdvancedPorting-PORT_MODULE_NET( 3838): net.network.isconnected = no
12-01 14:18:04.658 I/AdvancedPorting-PORT_MODULE_NET( 3838): eth0 --network_get_netlink_status return retval=1
12-01 14:18:04.658 I/AdvancedPorting-PORT_MODULE_NET( 3838): stat = 1 last_status = 1
12-01 14:18:04.827 I/Advanced( 3838): [QUEUE] share_queue_sendEx size:1 4097 452 0x8ec2d770,postLoopId:0,dstid:1.
12-01 14:18:05.073 D/BackBootDealerNeimeng( 2381): standbyState:
12-01 14:18:05.074 E/NetUtils( 1999): Interface eth0 LinkUp!
12-01 14:18:05.237 I/Advanced( 3838): [QUEUE] share_queue_sendEx size:1 4097 454 0x8ec2d770,postLoopId:0,dstid:1.
12-01 14:18:05.437 I/Advanced( 3838): [QUEUE] share_queue_sendEx size:1 4097 455 0x8ec2d770,postLoopId:0,dstid:1.
12-01 14:18:05.574 D/BackBootDealerNeimeng( 2381): standbyState:
12-01 14:18:05.574 E/NetUtils( 1999): Interface eth0 LinkUp!
12-01 14:18:05.637 I/Advanced( 3838): [QUEUE] share_queue_sendEx size:1 4097 456 0x8ec2d770,postLoopId:0,dstid:1.
12-01 14:18:05.658 I/AdvancedPorting-PORT_MODULE_NET( 3838): network_task while... 
12-01 14:18:05.658 I/AdvancedPorting-PORT_MODULE_NET( 3838): 0 interface name: lo
12-01 14:18:05.658 I/AdvancedPorting-PORT_MODULE_NET( 3838): 1 interface name: eth0
12-01 14:18:05.658 I/AdvancedPorting-PORT_MODULE_NET( 3838): 2 interface name: wlan0
12-01 14:18:05.658 I/AdvancedPorting-PORT_MODULE_NET( 3838): First interface name: lo
12-01 14:18:05.658 I/AdvancedPorting-PORT_MODULE_NET( 3838): network_task while...  net_i:1
12-01 14:18:05.658 I/AdvancedPorting-PORT_MODULE_NET( 3838): network_task while---name_interface[0]=lo
12-01 14:18:05.658 I/AdvancedPorting-PORT_MODULE_NET( 3838): network_task while---name_interface[1]=eth0
12-01 14:18:05.658 I/AdvancedPorting-PORT_MODULE_NET( 3838): network_task while---interface_name=eth0
12-01 14:18:05.658 I/AdvancedPorting-PORT_MODULE_NET( 3838): network_get_netlink_status(in)--if_name=eth0
12-01 14:18:05.658 I/AdvancedPorting-PORT_MODULE_NET( 3838): net.network.isconnected = no
12-01 14:18:05.658 I/AdvancedPorting-PORT_MODULE_NET( 3838): eth0 --network_get_netlink_status return retval=1
12-01 14:18:05.658 I/AdvancedPorting-PORT_MODULE_NET( 3838): stat = 1 last_status = 1
12-01 14:18:05.838 I/Advanced( 3838): [QUEUE] share_queue_sendEx size:1 4097 457 0x8ec2d770,postLoopId:0,dstid:1.
12-01 14:18:05.989 E/NetUtils( 1999): Interface eth0 LinkUp!
12-01 14:18:06.038 I/Advanced( 3838): [QUEUE] share_queue_sendEx size:1 4097 458 0x8ec2d770,postLoopId:0,dstid:1.
12-01 14:18:06.075 D/BackBootDealerNeimeng( 2381): standbyState:
12-01 14:18:06.075 E/NetUtils( 1999): Interface eth0 LinkUp!
12-01 14:18:06.394 D/IPLoaderNeimeng( 2381): after wait time14:18:06:monitorInterval:5000
12-01 14:18:06.394 D/IPLoaderNeimeng( 2381): before dealUpdateCheck time:14:18:06:isMsgBroadcast:false:monitorInterval:5000:processState:1
12-01 14:18:06.394 D/IPLoaderNeimeng( 2381): dealUpdateCheck isFirstSuccessUpdate:false:monitorInterval:5000
12-01 14:18:06.395 D/LoadHttpHandler( 2381): [TN_ThreadUtil-8]doNormal proxyConfig=null
12-01 14:18:06.436 D/LoadHttpHandler( 2381): [TN_ThreadUtil-8]doNormal responseCode=404
12-01 14:18:06.436 D/LoadHttpTask( 2381): dealUpdateCheck responseCode:404:data:null:downloadResult:false
12-01 14:18:06.436 D/IPLoaderNeimeng( 2381): after dealUpdateCheck time:14:18:06:isMsgBroadcast:false:monitorInterval:5000:processState:1
12-01 14:18:06.437 D/IPLoaderNeimeng( 2381): before wait time14:18:06:monitorInterval:5000
12-01 14:18:06.448 I/Advanced( 3838): [QUEUE] share_queue_sendEx size:1 4097 460 0x8ec2d770,postLoopId:0,dstid:1.
12-01 14:18:06.576 D/BackBootDealerNeimeng( 2381): standbyState:
12-01 14:18:06.576 E/NetUtils( 1999): Interface eth0 LinkUp!
12-01 14:18:06.648 I/Advanced( 3838): [QUEUE] share_queue_sendEx size:1 4097 461 0x8ec2d770,postLoopId:0,dstid:1.
12-01 14:18:06.659 I/AdvancedPorting-PORT_MODULE_NET( 3838): network_task while... 
12-01 14:18:06.659 I/AdvancedPorting-PORT_MODULE_NET( 3838): 0 interface name: lo
12-01 14:18:06.659 I/AdvancedPorting-PORT_MODULE_NET( 3838): 1 interface name: eth0
12-01 14:18:06.659 I/AdvancedPorting-PORT_MODULE_NET( 3838): 2 interface name: wlan0
12-01 14:18:06.659 I/AdvancedPorting-PORT_MODULE_NET( 3838): First interface name: lo
12-01 14:18:06.659 I/AdvancedPorting-PORT_MODULE_NET( 3838): network_task while...  net_i:1
12-01 14:18:06.659 I/AdvancedPorting-PORT_MODULE_NET( 3838): network_task while---name_interface[0]=lo
12-01 14:18:06.659 I/AdvancedPorting-PORT_MODULE_NET( 3838): network_task while---name_interface[1]=eth0
12-01 14:18:06.659 I/AdvancedPorting-PORT_MODULE_NET( 3838): network_task while---interface_name=eth0
12-01 14:18:06.659 I/AdvancedPorting-PORT_MODULE_NET( 3838): network_get_netlink_status(in)--if_name=eth0
12-01 14:18:06.659 I/AdvancedPorting-PORT_MODULE_NET( 3838): net.network.isconnected = no
12-01 14:18:06.659 I/AdvancedPorting-PORT_MODULE_NET( 3838): eth0 --network_get_netlink_status return retval=1
12-01 14:18:06.659 I/AdvancedPorting-PORT_MODULE_NET( 3838): stat = 1 last_status = 1
12-01 14:18:06.727 V/PT      ( 1581): >>INFO:irkey_task:[     730.872198] /dev/input/event0: type=0001 code=009e val=00000001
12-01 14:18:06.727 V/PT      ( 1581): >>INFO:irkey_send:0x3001 0x1000 down
12-01 14:18:06.728 V/SUMA    ( 1581): ++++++++++++++  _roc_evtmgr_key_cbk 517:input = 12289, event=4096, act=0x100
12-01 14:18:06.728 V/SUMA    ( 1581): lxm:_roc_evtmgr_key_cbk 519 730872
12-01 14:18:06.728 V/SUMA    ( 1581): lxm:_roc_evtmgr_add_evt_into_queue 347 730872
12-01 14:18:06.728 V/PT      ( 1581): >>INFO:irkey_task:[     730.872198] /dev/input/event0: type=0000 code=0000 val=00000000
12-01 14:18:06.728 V/SUMA    ( 1581): ===================>> type=0 src=0 evt=4096 act=0x100
12-01 14:18:06.728 V/SUMA    ( 1581): [sysset-s][event_manager_cbk 78]lxm cbid=1, cbk_reg=1, cpid=2464
12-01 14:18:06.728 D/NGBEvent( 2464): ngbEventCallBack type:0 source :4096
12-01 14:18:06.728 D/NGBEvent( 2464): [NGBEventManager-JNI]-returning:1
12-01 14:18:06.728 D/NGBEvent( 2464): Input key event: keyCode=4096
12-01 14:18:06.728 D/NGBEvent( 2464): src:4096 = dest:4096
12-01 14:18:06.729 I/System.out( 2464): [DEBUG EventManager] LWJ--Add event to java with evt=NgbEvent-[type = 1, subtype = 401, code = 4096]
12-01 14:18:06.729 D/NGBEvent( 2464): [NGBEvent_log]--[EventManager--JNI]:		start
12-01 14:18:06.729 I/System.out( 2464): [DEBUG EventManager] broadcastEvent  :len 1
12-01 14:18:06.729 D/CombineKeyUtil( 2464): [TN_pool-1-thread-1]dealKeyEvent,combineIndex:-1:keyCode:4
12-01 14:18:06.729 D/ir_user ( 1585): PlayerTimeLineTrace:linux_keycode:0x9e(DOWN),	protocol: .
12-01 14:18:06.729 D/KeyEventNgbDealer( 2464): [TN_pool-1-thread-1]handleKeyPressed keyEvent=NgbEvent-[type = 1, subtype = 401, code = 4096],time=730873
12-01 14:18:06.729 D/RemoteIME( 2344): onKeyDown event = KeyEvent { action=ACTION_DOWN, keyCode=KEYCODE_BACK, scanCode=158, metaState=0, flags=0x8, repeatCount=0, eventTime=730872, downTime=730872, deviceId=4, source=0x701 },mSkbContainer=null
12-01 14:18:06.731 D/cr_AwTestContainerView( 3838): [AwTestContainerView.java:63] [mainFrame]: [2017-11-21 17:52:03] dispatchKeyEvent keyCode = 4 event = KeyEvent { action=ACTION_DOWN, keyCode=KEYCODE_BACK, scanCode=158, metaState=0, flags=0x8, repeatCount=0, eventTime=730872, downTime=730872, deviceId=4, source=0x701 }
12-01 14:18:06.731 D/ImeAdapterAndroid( 3838): [SendKeyEvent] [BUILD TIME: ] dispatchKeyEvent key_code=4 modifiers=0 unicode_char=0 scan_code=158 is_system=0 tm=730872
12-01 14:18:06.732 D/RenderWidgetInputHandler( 3838): [HandleInputEvent] input_event type=8 name=KeyDown
12-01 14:18:06.732 D/RenderWidgetInputHandler( 3838): [HandleInputEvent] key_event.nativeKeyCode:4,widget_->GetTextInputType():0
12-01 14:18:06.732 D/RenderWidgetInputHandler( 3838): [HandleInputEvent] input_event type=8 prevent_default:0
12-01 14:18:06.732 D/WebViewImpl( 3838): [handleKeyEvent] keycode:166, eventType:8 native keycode:4 frame=0x458373f0. url='http://10.14.41.246/application/bxfc/sec/popTv_new.php'.
12-01 14:18:06.732 D/[blink]KeyboardEventManager( 3838): [keyEvent] initialKeyEvent KeyDown nativeKeyCode=4 windowsKeyCode=166 text[0]=0
12-01 14:18:06.732 D/[blink]KeyboardEventManager( 3838): [keyEvent] initialKeyEvent focusedNode=0x0
12-01 14:18:06.734 D/V8ScriptRunner( 3838): [callFunction] start. frame = 0x458373f0 function: eventHandler url: http://10.14.41.246/application/bxfc/sec/index.htm line: 179
12-01 14:18:06.735 D/base::KeyConverter( 3838): [get] convert 4 => 8.
12-01 14:18:06.735 D/[blink]KeyboardEvent( 3838): [keyCode] convert keycode: 4 -> 8.
12-01 14:18:06.735 D/iPanel  ( 3838): iPanel.debug("---141----popFlag=true")
12-01 14:18:06.735 D/iPanel  ( 3838): iPanel.debug("---142----ifrSrc=http://10.14.41.246/application/bxfc/sec/popTv_new.php")
12-01 14:18:06.738 D/iPanel  ( 3838): iPanel.debug("-------iframe按键响应=KEY_BACK")
12-01 14:18:06.738 D/iPanel  ( 3838): iPanel.debug("--------1-------hidePop--window.frames:[object Window]")
12-01 14:18:06.738 D/iPanel  ( 3838): iPanel.debug("------2---------hidePop-----ifr_0---")
12-01 14:18:06.739 D/[cc]beginFrameSource( 3838): [AddObserver] ExternalBeginFrameSource::AddObserver
12-01 14:18:06.739 D/iPanel  ( 3838): iPanel.debug("------------hidePop--popFlag==false")
12-01 14:18:06.739 D/V8ScriptRunner( 3838): [callFunction] end. frame = 0x458373f0 function: eventHandler url: http://10.14.41.246/application/bxfc/sec/index.htm line: 179
12-01 14:18:06.739 D/ScriptController( 3838): [invokeEventHandler] return 0. set preventDefault
12-01 14:18:06.739 D/[blink]KeyboardEventManager( 3838): [keyEvent] dispatchResult = CanceledByEventHandler
12-01 14:18:06.756 D/[cc]ProxyMain( 3838): [BeginMainFrame] cc.BeginMainFrame this:0x9f6c81a0
12-01 14:18:06.756 D/[cc]LayerTreeHost( 3838): [AnimateLayers] AnimateLayers monotonic_time=730899970
12-01 14:18:06.756 D/[blink]FrameView( 3838): [updateStyleAndLayoutIfNeededRecursiveInternal] in... this:0x2756bc50.
12-01 14:18:06.756 D/[blink]FrameView( 3838): [updateStyleAndLayoutIfNeededRecursiveInternal] in... this:0x27573848.
12-01 14:18:06.756 D/[blink]FrameView( 3838): [updateStyleAndLayoutIfNeededRecursiveInternal] end... this:0x27573848.
12-01 14:18:06.756 D/[blink]FrameView( 3838): [updateStyleAndLayoutIfNeededRecursiveInternal] end... this:0x2756bc50.
12-01 14:18:06.756 D/[blink]FrameView( 3838): [updateLifecyclePhasesInternal] in... this:0x2756bc50, targetState=18
12-01 14:18:06.756 D/[blink]FrameView( 3838): [updateLifecyclePhasesInternal] call compositor()->updateIfNeededRecursive()!
12-01 14:18:06.757 D/[blink] ImagePainter( 3838): [paintReplaced] ImagePainter::paintReplaced in w=21056, h=3712.
12-01 14:18:06.757 D/[blink] ImagePainter( 3838): [paintReplaced] ImagePainter::paintReplaced in w=14272, h=1792.
12-01 14:18:06.757 D/[blink] ImagePainter( 3838): [paintReplaced] ImagePainter::paintReplaced in w=17472, h=9792.
12-01 14:18:06.757 D/[blink] ImagePainter( 3838): [paintReplaced] ImagePainter::paintReplaced in w=3648, h=3904.
12-01 14:18:06.757 D/[blink] ImagePainter( 3838): [paintReplaced] ImagePainter::paintReplaced in w=17472, h=9792.
12-01 14:18:06.757 D/[blink] ImagePainter( 3838): [paintReplaced] ImagePainter::paintReplaced in w=3648, h=3904.
12-01 14:18:06.757 D/[blink] ImagePainter( 3838): [paintReplaced] ImagePainter::paintReplaced in w=4800, h=5184.
12-01 14:18:06.757 D/[blink] ImagePainter( 3838): [paintReplaced] ImagePainter::paintReplaced in w=4800, h=5184.
12-01 14:18:06.757 D/[blink] ImagePainter( 3838): [paintReplaced] ImagePainter::paintReplaced in w=4800, h=5184.
12-01 14:18:06.757 D/[blink] ImagePainter( 3838): [paintReplaced] ImagePainter::paintReplaced in w=4800, h=5184.
12-01 14:18:06.757 D/[blink] ImagePainter( 3838): [paintReplaced] ImagePainter::paintReplaced in w=1408, h=768.
12-01 14:18:06.757 D/[blink]FrameView( 3838): [updateLifecyclePhasesInternal] end... this:0x2756bc50
12-01 14:18:06.849 I/Advanced( 3838): [QUEUE] share_queue_sendEx size:1 4097 462 0x8ec2d770,postLoopId:0,dstid:1.
12-01 14:18:06.937 V/PT      ( 1581): >>INFO:irkey_task:[     731.081447] /dev/input/event0: type=0001 code=009e val=00000000
12-01 14:18:06.937 V/PT      ( 1581): >>INFO:irkey_send:0x3001 0x1000 up  
12-01 14:18:06.937 V/SUMA    ( 1581): ++++++++++++++  _roc_evtmgr_key_cbk 517:input = 12289, event=4096, act=0x400
12-01 14:18:06.937 V/SUMA    ( 1581): lxm:_roc_evtmgr_key_cbk 519 731081
12-01 14:18:06.937 V/SUMA    ( 1581): lxm:_roc_evtmgr_add_key_into_queue 311 731081
12-01 14:18:06.937 V/SUMA    ( 1581): ===================>> type=0 src=0 evt=4096 act=0x400
12-01 14:18:06.937 V/PT      ( 1581): >>INFO:irkey_task:[     731.081447] /dev/input/event0: type=0000 code=0000 val=00000000
12-01 14:18:06.937 V/SUMA    ( 1581): [sysset-s][event_manager_cbk 78]lxm cbid=1, cbk_reg=1, cpid=2464
12-01 14:18:06.937 D/NGBEvent( 2464): ngbEventCallBack type:0 source :4096
12-01 14:18:06.937 D/NGBEvent( 2464): [NGBEventManager-JNI]-returning:1
12-01 14:18:06.937 D/NGBEvent( 2464): Input key event: keyCode=4096
12-01 14:18:06.937 D/NGBEvent( 2464): src:4096 = dest:4096
12-01 14:18:06.938 I/System.out( 2464): [DEBUG EventManager] LWJ--Add event to java with evt=NgbEvent-[type = 1, subtype = 402, code = 4096]
12-01 14:18:06.938 D/ir_user ( 1585): PlayerTimeLineTrace:linux_keycode:0x9e(UP),	protocol: .
12-01 14:18:06.938 D/NGBEvent( 2464): [NGBEvent_log]--[EventManager--JNI]:		start
12-01 14:18:06.938 I/System.out( 2464): [DEBUG EventManager] broadcastEvent  :len 1
12-01 14:18:06.938 D/KeyEventNgbDealer( 2464): [TN_pool-1-thread-1]handleKeyReleased keyEvent=NgbEvent-[type = 1, subtype = 402, code = 4096],time=731082
12-01 14:18:06.938 D/RemoteIME( 2344): RemoteIME--> onKeyUp keyCode = 4
12-01 14:18:06.940 D/cr_AwTestContainerView( 3838): [AwTestContainerView.java:63] [mainFrame]: [2017-11-21 17:52:03] dispatchKeyEvent keyCode = 4 event = KeyEvent { action=ACTION_UP, keyCode=KEYCODE_BACK, scanCode=158, metaState=0, flags=0x8, repeatCount=0, eventTime=731081, downTime=730872, deviceId=4, source=0x701 }
12-01 14:18:06.940 D/ImeAdapterAndroid( 3838): [SendKeyEvent] [BUILD TIME: ] dispatchKeyEvent key_code=4 modifiers=0 unicode_char=0 scan_code=158 is_system=0 tm=731081
12-01 14:18:06.941 D/RenderWidgetInputHandler( 3838): [HandleInputEvent] input_event type=9 name=KeyUp
12-01 14:18:06.941 D/RenderWidgetInputHandler( 3838): [HandleInputEvent] key_event.nativeKeyCode:4,widget_->GetTextInputType():0
12-01 14:18:06.941 D/RenderWidgetInputHandler( 3838): [HandleInputEvent] input_event type=9 prevent_default:0
12-01 14:18:06.941 D/WebViewImpl( 3838): [handleKeyEvent] keycode:166, eventType:9 native keycode:4 frame=0x458373f0. url='http://10.14.41.246/application/bxfc/sec/popTv_new.php'.
12-01 14:18:06.941 D/[blink]KeyboardEventManager( 3838): [keyEvent] initialKeyEvent KeyUp nativeKeyCode=4 windowsKeyCode=166 text[0]=0
12-01 14:18:06.941 D/[blink]KeyboardEventManager( 3838): [keyEvent] initialKeyEvent focusedNode=0x0
12-01 14:18:07.049 I/Advanced( 3838): [QUEUE] share_queue_sendEx size:1 4097 463 0x8ec2d770,postLoopId:0,dstid:1.
12-01 14:18:07.077 D/BackBootDealerNeimeng( 2381): standbyState:
12-01 14:18:07.078 E/NetUtils( 1999): Interface eth0 LinkUp!
12-01 14:18:07.247 V/PT      ( 1581): >>INFO:irkey_task:[     731.392119] /dev/input/event0: type=0001 code=0069 val=00000001
12-01 14:18:07.247 V/PT      ( 1581): >>INFO:irkey_send:0x3001 0x0025 down
12-01 14:18:07.247 V/SUMA    ( 1581): ++++++++++++++  _roc_evtmgr_key_cbk 517:input = 12289, event=37, act=0x100
12-01 14:18:07.247 V/SUMA    ( 1581): lxm:_roc_evtmgr_key_cbk 519 731392
12-01 14:18:07.248 V/SUMA    ( 1581): lxm:_roc_evtmgr_add_evt_into_queue 347 731392
12-01 14:18:07.248 V/SUMA    ( 1581): ===================>> type=0 src=0 evt=37 act=0x100
12-01 14:18:07.248 V/PT      ( 1581): >>INFO:irkey_task:[     731.392119] /dev/input/event0: type=0000 code=0000 val=00000000
12-01 14:18:07.248 V/SUMA    ( 1581): [sysset-s][event_manager_cbk 78]lxm cbid=1, cbk_reg=1, cpid=2464
12-01 14:18:07.248 D/ir_user ( 1585): PlayerTimeLineTrace:linux_keycode:0x69(DOWN),	protocol: .
12-01 14:18:07.248 D/NGBEvent( 2464): ngbEventCallBack type:0 source :37
12-01 14:18:07.248 D/NGBEvent( 2464): [NGBEventManager-JNI]-returning:1
12-01 14:18:07.248 D/NGBEvent( 2464): Input key event: keyCode=37
12-01 14:18:07.248 D/NGBEvent( 2464): src:37 = dest:37
12-01 14:18:07.248 I/System.out( 2464): [DEBUG EventManager] LWJ--Add event to java with evt=NgbEvent-[type = 1, subtype = 401, code = 37]
12-01 14:18:07.248 D/NGBEvent( 2464): [NGBEvent_log]--[EventManager--JNI]:		start
12-01 14:18:07.249 I/System.out( 2464): [DEBUG EventManager] broadcastEvent  :len 1
12-01 14:18:07.249 D/CombineKeyUtil( 2464): [TN_pool-1-thread-1]dealKeyEvent,combineIndex:-1:keyCode:21
12-01 14:18:07.249 D/KeyEventNgbDealer( 2464): [TN_pool-1-thread-1]handleKeyPressed keyEvent=NgbEvent-[type = 1, subtype = 401, code = 37],time=731393
12-01 14:18:07.249 D/RemoteIME( 2344): onKeyDown event = KeyEvent { action=ACTION_DOWN, keyCode=KEYCODE_DPAD_LEFT, scanCode=105, metaState=0, flags=0x8, repeatCount=0, eventTime=731392, downTime=731392, deviceId=4, source=0x701 },mSkbContainer=null
12-01 14:18:07.249 I/Advanced( 3838): [QUEUE] share_queue_sendEx size:1 4097 464 0x8ec2d770,postLoopId:0,dstid:1.
12-01 14:18:07.251 D/cr_AwTestContainerView( 3838): [AwTestContainerView.java:63] [mainFrame]: [2017-11-21 17:52:03] dispatchKeyEvent keyCode = 21 event = KeyEvent { action=ACTION_DOWN, keyCode=KEYCODE_DPAD_LEFT, scanCode=105, metaState=0, flags=0x8, repeatCount=0, eventTime=731392, downTime=731392, deviceId=4, source=0x701 }
12-01 14:18:07.251 D/ImeAdapterAndroid( 3838): [SendKeyEvent] [BUILD TIME: ] dispatchKeyEvent key_code=21 modifiers=0 unicode_char=0 scan_code=105 is_system=0 tm=731392
12-01 14:18:07.252 D/RenderWidgetInputHandler( 3838): [HandleInputEvent] input_event type=8 name=KeyDown
12-01 14:18:07.252 D/RenderWidgetInputHandler( 3838): [HandleInputEvent] key_event.nativeKeyCode:21,widget_->GetTextInputType():0
12-01 14:18:07.252 D/RenderWidgetInputHandler( 3838): [HandleInputEvent] input_event type=8 prevent_default:0
12-01 14:18:07.252 D/WebViewImpl( 3838): [handleKeyEvent] keycode:37, eventType:8 native keycode:21 frame=0x458373f0. url='http://10.14.41.246/application/bxfc/sec/popTv_new.php'.
12-01 14:18:07.252 D/[blink]KeyboardEventManager( 3838): [keyEvent] initialKeyEvent KeyDown nativeKeyCode=21 windowsKeyCode=37 text[0]=0
12-01 14:18:07.252 D/[blink]KeyboardEventManager( 3838): [keyEvent] initialKeyEvent focusedNode=0x0
12-01 14:18:07.252 D/V8ScriptRunner( 3838): [callFunction] start. frame = 0x458373f0 function: eventHandler url: http://10.14.41.246/application/bxfc/sec/index.htm line: 179
12-01 14:18:07.252 D/base::KeyConverter( 3838): [get] convert 21 => -1.
12-01 14:18:07.253 D/iPanel  ( 3838): iPanel.debug("---141----popFlag=false")
12-01 14:18:07.253 D/iPanel  ( 3838): iPanel.debug("---142----ifrSrc=http://10.14.41.246/application/bxfc/sec/popTv_new.php")
12-01 14:18:07.253 D/iPanel  ( 3838): iPanel.debug("-------主窗口按键响应=KEY_LEFT")
12-01 14:18:07.256 D/[cc]beginFrameSource( 3838): [AddObserver] ExternalBeginFrameSource::AddObserver
12-01 14:18:07.256 D/iPanel  ( 3838): iPanel.debug("-------keyLeft=KEY_LEFT")
12-01 14:18:07.256 D/V8ScriptRunner( 3838): [callFunction] end. frame = 0x458373f0 function: eventHandler url: http://10.14.41.246/application/bxfc/sec/index.htm line: 179
12-01 14:18:07.256 D/[blink]KeyboardEventManager( 3838): [keyEvent] dispatchResult = CanceledByEventHandler
12-01 14:18:07.272 D/[cc]ProxyMain( 3838): [BeginMainFrame] cc.BeginMainFrame this:0x9f6c81a0
12-01 14:18:07.272 D/[cc]LayerTreeHost( 3838): [AnimateLayers] AnimateLayers monotonic_time=731416637
12-01 14:18:07.272 D/[blink]FrameView( 3838): [updateStyleAndLayoutIfNeededRecursiveInternal] in... this:0x2756bc50.
12-01 14:18:07.273 D/[blink]FrameView( 3838): [layout] start... this:0x2756bc50, frame=0x4570bdb8 content size(1280, 720). 
12-01 14:18:07.273 D/[blink]FrameView( 3838): [layout] performPreLayoutTasks start... this:0x2756bc50
12-01 14:18:07.273 D/[blink]FrameView( 3838): [layout] performPreLayoutTasks end... this:0x2756bc50
12-01 14:18:07.273 D/[blink]FrameView( 3838): [layout] performLayout start... this:0x2756bc50
12-01 14:18:07.273 D/[blink]FrameView( 3838): [layout] performLayout end... this:0x2756bc50
12-01 14:18:07.273 D/[blink]FrameView( 3838): [layout] call compositor()->didLayout()!
12-01 14:18:07.273 D/[blink]FrameView( 3838): [layout] updateDocumentAnnotatedRegions start... this:0x2756bc50
12-01 14:18:07.273 D/[blink]FrameView( 3838): [layout] scheduleOrPerformPostLayoutTasks start... this:0x2756bc50
12-01 14:18:07.273 D/[blink]FrameView( 3838): [layout] end... this:0x2756bc50
12-01 14:18:07.273 D/[blink]FrameView( 3838): [layout] out... this:0x2756bc50
12-01 14:18:07.273 D/[blink]FrameView( 3838): [updateStyleAndLayoutIfNeededRecursiveInternal] in... this:0x27573848.
12-01 14:18:07.273 D/[blink]FrameView( 3838): [updateStyleAndLayoutIfNeededRecursiveInternal] end... this:0x27573848.
12-01 14:18:07.273 D/[blink]FrameView( 3838): [updateStyleAndLayoutIfNeededRecursiveInternal] end... this:0x2756bc50.
12-01 14:18:07.273 D/[blink]FrameView( 3838): [updateLifecyclePhasesInternal] in... this:0x2756bc50, targetState=18
12-01 14:18:07.273 D/[blink]FrameView( 3838): [updateLifecyclePhasesInternal] call compositor()->updateIfNeededRecursive()!
12-01 14:18:07.274 D/[blink] ImagePainter( 3838): [paintReplaced] ImagePainter::paintReplaced in w=21056, h=3712.
12-01 14:18:07.274 D/[blink] ImagePainter( 3838): [paintReplaced] ImagePainter::paintReplaced in w=14272, h=1792.
12-01 14:18:07.274 D/[blink] ImagePainter( 3838): [paintReplaced] ImagePainter::paintReplaced in w=17472, h=9792.
12-01 14:18:07.274 D/[blink] ImagePainter( 3838): [paintReplaced] ImagePainter::paintReplaced in w=3648, h=3904.
12-01 14:18:07.275 D/[blink] ImagePainter( 3838): [paintReplaced] ImagePainter::paintReplaced in w=17472, h=9792.
12-01 14:18:07.275 D/[blink] ImagePainter( 3838): [paintReplaced] ImagePainter::paintReplaced in w=3648, h=3904.
12-01 14:18:07.275 D/[blink] ImagePainter( 3838): [paintReplaced] ImagePainter::paintReplaced in w=4800, h=5184.
12-01 14:18:07.275 D/[blink] ImagePainter( 3838): [paintReplaced] ImagePainter::paintReplaced out.
12-01 14:18:07.275 D/[blink] ImagePainter( 3838): [paintReplaced] ImagePainter::paintReplaced in w=4800, h=5184.
12-01 14:18:07.275 D/[blink] ImagePainter( 3838): [paintReplaced] ImagePainter::paintReplaced out.
12-01 14:18:07.275 D/[blink] ImagePainter( 3838): [paintReplaced] ImagePainter::paintReplaced in w=4800, h=5184.
12-01 14:18:07.275 D/[blink] ImagePainter( 3838): [paintReplaced] ImagePainter::paintReplaced out.
12-01 14:18:07.275 D/[blink] ImagePainter( 3838): [paintReplaced] ImagePainter::paintReplaced in w=4800, h=5184.
12-01 14:18:07.275 D/[blink] ImagePainter( 3838): [paintReplaced] ImagePainter::paintReplaced out.
12-01 14:18:07.275 D/[blink] ImagePainter( 3838): [paintReplaced] ImagePainter::paintReplaced in w=1408, h=768.
12-01 14:18:07.275 D/[blink]FrameView( 3838): [updateLifecyclePhasesInternal] end... this:0x2756bc50
12-01 14:18:07.450 I/Advanced( 3838): [QUEUE] share_queue_sendEx size:1 4097 465 0x8ec2d770,postLoopId:0,dstid:1.
12-01 14:18:07.456 V/PT      ( 1581): >>INFO:irkey_task:[     731.601362] /dev/input/event0: type=0001 code=0069 val=00000000
12-01 14:18:07.457 V/PT      ( 1581): >>INFO:irkey_send:0x3001 0x0025 up  
12-01 14:18:07.457 V/SUMA    ( 1581): ++++++++++++++  _roc_evtmgr_key_cbk 517:input = 12289, event=37, act=0x400
12-01 14:18:07.457 V/SUMA    ( 1581): lxm:_roc_evtmgr_key_cbk 519 731601
12-01 14:18:07.457 V/SUMA    ( 1581): lxm:_roc_evtmgr_add_key_into_queue 311 731601
12-01 14:18:07.457 V/PT      ( 1581): >>INFO:irkey_task:[     731.601362] /dev/input/event0: type=0000 code=0000 val=00000000
12-01 14:18:07.457 V/SUMA    ( 1581): ===================>> type=0 src=0 evt=37 act=0x400
12-01 14:18:07.457 V/SUMA    ( 1581): [sysset-s][event_manager_cbk 78]lxm cbid=1, cbk_reg=1, cpid=2464
12-01 14:18:07.457 D/ir_user ( 1585): PlayerTimeLineTrace:linux_keycode:0x69(UP),	protocol: .
12-01 14:18:07.457 D/NGBEvent( 2464): ngbEventCallBack type:0 source :37
12-01 14:18:07.458 D/NGBEvent( 2464): [NGBEventManager-JNI]-returning:1
12-01 14:18:07.458 D/NGBEvent( 2464): Input key event: keyCode=37
12-01 14:18:07.458 D/NGBEvent( 2464): src:37 = dest:37
12-01 14:18:07.458 D/RemoteIME( 2344): RemoteIME--> onKeyUp keyCode = 21
12-01 14:18:07.458 I/System.out( 2464): [DEBUG EventManager] LWJ--Add event to java with evt=NgbEvent-[type = 1, subtype = 402, code = 37]
12-01 14:18:07.458 D/NGBEvent( 2464): [NGBEvent_log]--[EventManager--JNI]:		start
12-01 14:18:07.458 I/System.out( 2464): [DEBUG EventManager] broadcastEvent  :len 1
12-01 14:18:07.458 D/KeyEventNgbDealer( 2464): [TN_pool-1-thread-1]handleKeyReleased keyEvent=NgbEvent-[type = 1, subtype = 402, code = 37],time=731603
12-01 14:18:07.459 D/cr_AwTestContainerView( 3838): [AwTestContainerView.java:63] [mainFrame]: [2017-11-21 17:52:03] dispatchKeyEvent keyCode = 21 event = KeyEvent { action=ACTION_UP, keyCode=KEYCODE_DPAD_LEFT, scanCode=105, metaState=0, flags=0x8, repeatCount=0, eventTime=731601, downTime=731392, deviceId=4, source=0x701 }
12-01 14:18:07.460 D/ImeAdapterAndroid( 3838): [SendKeyEvent] [BUILD TIME: ] dispatchKeyEvent key_code=21 modifiers=0 unicode_char=0 scan_code=105 is_system=0 tm=731601
12-01 14:18:07.461 D/RenderWidgetInputHandler( 3838): [HandleInputEvent] input_event type=9 name=KeyUp
12-01 14:18:07.461 D/RenderWidgetInputHandler( 3838): [HandleInputEvent] key_event.nativeKeyCode:21,widget_->GetTextInputType():0
12-01 14:18:07.461 D/RenderWidgetInputHandler( 3838): [HandleInputEvent] input_event type=9 prevent_default:0
12-01 14:18:07.461 D/WebViewImpl( 3838): [handleKeyEvent] keycode:37, eventType:9 native keycode:21 frame=0x458373f0. url='http://10.14.41.246/application/bxfc/sec/popTv_new.php'.
12-01 14:18:07.461 D/[blink]KeyboardEventManager( 3838): [keyEvent] initialKeyEvent KeyUp nativeKeyCode=21 windowsKeyCode=37 text[0]=0
12-01 14:18:07.461 D/[blink]KeyboardEventManager( 3838): [keyEvent] initialKeyEvent focusedNode=0x0
12-01 14:18:07.578 D/BackBootDealerNeimeng( 2381): standbyState:
12-01 14:18:07.579 E/NetUtils( 1999): Interface eth0 LinkUp!
12-01 14:18:07.648 D/ir_user ( 1585): PlayerTimeLineTrace:linux_keycode:0x1c(DOWN),	protocol: .
12-01 14:18:07.648 V/PT      ( 1581): >>INFO:irkey_task:[     731.792544] /dev/input/event0: type=0001 code=001c val=00000001
12-01 14:18:07.648 V/PT      ( 1581): >>INFO:irkey_send:0x3001 0x1001 down
12-01 14:18:07.648 V/SUMA    ( 1581): ++++++++++++++  _roc_evtmgr_key_cbk 517:input = 12289, event=4097, act=0x100
12-01 14:18:07.648 V/SUMA    ( 1581): lxm:_roc_evtmgr_key_cbk 519 731792
12-01 14:18:07.648 V/SUMA    ( 1581): lxm:_roc_evtmgr_add_evt_into_queue 347 731792
12-01 14:18:07.648 V/SUMA    ( 1581): ===================>> type=0 src=0 evt=4097 act=0x100
12-01 14:18:07.648 V/PT      ( 1581): >>INFO:irkey_task:[     731.792544] /dev/input/event0: type=0000 code=0000 val=00000000
12-01 14:18:07.648 V/SUMA    ( 1581): [sysset-s][event_manager_cbk 78]lxm cbid=1, cbk_reg=1, cpid=2464
12-01 14:18:07.648 D/NGBEvent( 2464): ngbEventCallBack type:0 source :4097
12-01 14:18:07.649 D/NGBEvent( 2464): [NGBEventManager-JNI]-returning:1
12-01 14:18:07.649 D/NGBEvent( 2464): Input key event: keyCode=4097
12-01 14:18:07.649 D/NGBEvent( 2464): src:4097 = dest:4097
12-01 14:18:07.649 I/System.out( 2464): [DEBUG EventManager] LWJ--Add event to java with evt=NgbEvent-[type = 1, subtype = 401, code = 4097]
12-01 14:18:07.649 D/NGBEvent( 2464): [NGBEvent_log]--[EventManager--JNI]:		start
12-01 14:18:07.649 I/System.out( 2464): [DEBUG EventManager] broadcastEvent  :len 1
12-01 14:18:07.649 D/CombineKeyUtil( 2464): [TN_pool-1-thread-1]dealKeyEvent,combineIndex:-1:keyCode:23
12-01 14:18:07.649 D/KeyEventNgbDealer( 2464): [TN_pool-1-thread-1]handleKeyPressed keyEvent=NgbEvent-[type = 1, subtype = 401, code = 4097],time=731794
12-01 14:18:07.650 D/RemoteIME( 2344): onKeyDown event = KeyEvent { action=ACTION_DOWN, keyCode=KEYCODE_DPAD_CENTER, scanCode=28, metaState=0, flags=0x8, repeatCount=0, eventTime=731792, downTime=731792, deviceId=4, source=0x701 },mSkbContainer=null
12-01 14:18:07.651 D/cr_AwTestContainerView( 3838): [AwTestContainerView.java:63] [mainFrame]: [2017-11-21 17:52:03] dispatchKeyEvent keyCode = 23 event = KeyEvent { action=ACTION_DOWN, keyCode=KEYCODE_DPAD_CENTER, scanCode=28, metaState=0, flags=0x8, repeatCount=0, eventTime=731792, downTime=731792, deviceId=4, source=0x701 }
12-01 14:18:07.651 D/ImeAdapterAndroid( 3838): [SendKeyEvent] [BUILD TIME: ] dispatchKeyEvent key_code=23 modifiers=0 unicode_char=0 scan_code=28 is_system=0 tm=731792
12-01 14:18:07.652 D/RenderWidgetInputHandler( 3838): [HandleInputEvent] input_event type=8 name=KeyDown
12-01 14:18:07.652 D/RenderWidgetInputHandler( 3838): [HandleInputEvent] key_event.nativeKeyCode:23,widget_->GetTextInputType():0
12-01 14:18:07.653 D/RenderWidgetInputHandler( 3838): [HandleInputEvent] input_event type=8 prevent_default:0
