12-01 14:16:13.373 D/HTTPMUSocket( 2440): Cache-Control: max-age=1800
12-01 14:16:13.373 D/HTTPMUSocket( 2440): Location: http://10.0.0.86:38520/description.xml
12-01 14:16:13.373 D/HTTPMUSocket( 2440): NTS: ssdp:alive
12-01 14:16:13.373 D/HTTPMUSocket( 2440): NT: urn:sumavision.com:service:X_SUMA_EVENT:1
12-01 14:16:13.373 D/HTTPMUSocket( 2440): USN: uuid:bedb84c3-dcc5-4b75-8e79-308771ab5a9f::urn:sumavision.com:service:X_SUMA_EVENT:1
12-01 14:16:13.373 D/HTTPMUSocket( 2440): HOST: 239.255.255.250:1900
12-01 14:16:13.373 D/HTTPMUSocket( 2440): 
12-01 14:16:13.373 D/HTTPMUSocket( 2440): bindAddr:null and port:-1
12-01 14:16:13.373 D/HTTPMUSocket( 2440): /10.0.0.86
12-01 14:16:13.373 D/Device  ( 2440): announce 1 bindAddress=192.168.31.244
12-01 14:16:13.373 D/HTTPMUSocket( 2440): open addr=239.255.255.250,port=1900,bindAddr=192.168.31.244
12-01 14:16:13.375 D/HTTPMUSocket( 2440): send msg:NOTIFY * HTTP/1.1
12-01 14:16:13.375 D/HTTPMUSocket( 2440): Server: Linux/3.18.24_hi3798mv2x UPnP/1.0 CyberLinkJava/1.8
12-01 14:16:13.375 D/HTTPMUSocket( 2440): Cache-Control: max-age=1800
12-01 14:16:13.375 D/HTTPMUSocket( 2440): Location: http://192.168.31.244:38520/description.xml
12-01 14:16:13.375 D/HTTPMUSocket( 2440): NTS: ssdp:alive
12-01 14:16:13.375 D/HTTPMUSocket( 2440): NT: upnp:rootdevice
12-01 14:16:13.375 D/HTTPMUSocket( 2440): USN: uuid:bedb84c3-dcc5-4b75-8e79-308771ab5a9f::upnp:rootdevice
12-01 14:16:13.375 D/HTTPMUSocket( 2440): HOST: 239.255.255.250:1900
12-01 14:16:13.375 D/HTTPMUSocket( 2440): 
12-01 14:16:13.375 D/HTTPMUSocket( 2440): bindAddr:null and port:-1
12-01 14:16:13.375 D/HTTPMUSocket( 2440): /192.168.31.244
12-01 14:16:13.375 D/HTTPMUSocket( 2440): send msg:NOTIFY * HTTP/1.1
12-01 14:16:13.375 D/HTTPMUSocket( 2440): Server: Linux/3.18.24_hi3798mv2x UPnP/1.0 CyberLinkJava/1.8
12-01 14:16:13.375 D/HTTPMUSocket( 2440): Cache-Control: max-age=1800
12-01 14:16:13.375 D/HTTPMUSocket( 2440): Location: http://192.168.31.244:38520/description.xml
12-01 14:16:13.375 D/HTTPMUSocket( 2440): NTS: ssdp:alive
12-01 14:16:13.375 D/HTTPMUSocket( 2440): NT: uuid:bedb84c3-dcc5-4b75-8e79-308771ab5a9f
12-01 14:16:13.375 D/HTTPMUSocket( 2440): USN: uuid:bedb84c3-dcc5-4b75-8e79-308771ab5a9f
12-01 14:16:13.375 D/HTTPMUSocket( 2440): HOST: 239.255.255.250:1900
12-01 14:16:13.375 D/HTTPMUSocket( 2440): 
12-01 14:16:13.375 D/HTTPMUSocket( 2440): bindAddr:null and port:-1
12-01 14:16:13.376 D/HTTPMUSocket( 2440): /192.168.31.244
12-01 14:16:13.376 D/HTTPMUSocket( 2440): send msg:NOTIFY * HTTP/1.1
12-01 14:16:13.376 D/HTTPMUSocket( 2440): Server: Linux/3.18.24_hi3798mv2x UPnP/1.0 CyberLinkJava/1.8
12-01 14:16:13.376 D/HTTPMUSocket( 2440): Cache-Control: max-age=1800
12-01 14:16:13.376 D/HTTPMUSocket( 2440): Location: http://192.168.31.244:38520/description.xml
12-01 14:16:13.376 D/HTTPMUSocket( 2440): NTS: ssdp:alive
12-01 14:16:13.376 D/HTTPMUSocket( 2440): NT: urn:schemas-upnp-org:device:MediaServer:1
12-01 14:16:13.376 D/HTTPMUSocket( 2440): USN: uuid:bedb84c3-dcc5-4b75-8e79-308771ab5a9f::urn:schemas-upnp-org:device:MediaServer:1
12-01 14:16:13.376 D/HTTPMUSocket( 2440): HOST: 239.255.255.250:1900
12-01 14:16:13.376 D/HTTPMUSocket( 2440): 
12-01 14:16:13.376 D/HTTPMUSocket( 2440): bindAddr:null and port:-1
12-01 14:16:13.376 D/HTTPMUSocket( 2440): /192.168.31.244
12-01 14:16:13.377 D/Device  ( 2440): announce bindAddr=192.168.31.244,devLocation=http://192.168.31.244:38520/description.xml,location=http://192.168.31.244:38520/description.xml
12-01 14:16:13.377 D/Device  ( 2440): announce bindAddr=192.168.31.244,serviceDesUrl=
12-01 14:16:13.377 D/HTTPMUSocket( 2440): open addr=239.255.255.250,port=1900,bindAddr=192.168.31.244
12-01 14:16:13.378 D/TimerUtil( 2440): waitRandom time=300,waitTime=30
12-01 14:16:13.379 D/HTTPMUSocket( 2440): send msg:NOTIFY * HTTP/1.1
12-01 14:16:13.379 D/HTTPMUSocket( 2440): Server: Linux/3.18.24_hi3798mv2x UPnP/1.0 CyberLinkJava/1.8
12-01 14:16:13.379 D/HTTPMUSocket( 2440): Cache-Control: max-age=1800
12-01 14:16:13.379 D/HTTPMUSocket( 2440): Location: http://192.168.31.244:38520/description.xml
12-01 14:16:13.379 D/HTTPMUSocket( 2440): NTS: ssdp:alive
12-01 14:16:13.379 D/HTTPMUSocket( 2440): NT: urn:schemas-upnp-org:service:ContentDirectory:1
12-01 14:16:13.379 D/HTTPMUSocket( 2440): USN: uuid:bedb84c3-dcc5-4b75-8e79-308771ab5a9f::urn:schemas-upnp-org:service:ContentDirectory:1
12-01 14:16:13.379 D/HTTPMUSocket( 2440): HOST: 239.255.255.250:1900
12-01 14:16:13.379 D/HTTPMUSocket( 2440): 
12-01 14:16:13.379 D/HTTPMUSocket( 2440): bindAddr:null and port:-1
12-01 14:16:13.379 D/HTTPMUSocket( 2440): /192.168.31.244
12-01 14:16:13.379 D/Device  ( 2440): announce bindAddr=192.168.31.244,serviceDesUrl=
12-01 14:16:13.379 D/HTTPMUSocket( 2440): open addr=239.255.255.250,port=1900,bindAddr=192.168.31.244
12-01 14:16:13.381 D/TimerUtil( 2440): waitRandom time=300,waitTime=32
12-01 14:16:13.381 D/HTTPMUSocket( 2440): send msg:NOTIFY * HTTP/1.1
12-01 14:16:13.381 D/HTTPMUSocket( 2440): Server: Linux/3.18.24_hi3798mv2x UPnP/1.0 CyberLinkJava/1.8
12-01 14:16:13.381 D/HTTPMUSocket( 2440): Cache-Control: max-age=1800
12-01 14:16:13.381 D/HTTPMUSocket( 2440): Location: http://192.168.31.244:38520/description.xml
12-01 14:16:13.381 D/HTTPMUSocket( 2440): NTS: ssdp:alive
12-01 14:16:13.381 D/HTTPMUSocket( 2440): NT: urn:schemas-upnp-org:service:ConnectionManager:1
12-01 14:16:13.381 D/HTTPMUSocket( 2440): USN: uuid:bedb84c3-dcc5-4b75-8e79-308771ab5a9f::urn:schemas-upnp-org:service:ConnectionManager:1
12-01 14:16:13.381 D/HTTPMUSocket( 2440): HOST: 239.255.255.250:1900
12-01 14:16:13.381 D/HTTPMUSocket( 2440): 
12-01 14:16:13.381 D/HTTPMUSocket( 2440): bindAddr:null and port:-1
12-01 14:16:13.381 D/HTTPMUSocket( 2440): /192.168.31.244
12-01 14:16:13.382 D/Device  ( 2440): announce bindAddr=192.168.31.244,serviceDesUrl=
12-01 14:16:13.382 D/HTTPMUSocket( 2440): open addr=239.255.255.250,port=1900,bindAddr=192.168.31.244
12-01 14:16:13.383 D/TimerUtil( 2440): waitRandom time=300,waitTime=69
12-01 14:16:13.384 D/HTTPMUSocket( 2440): send msg:NOTIFY * HTTP/1.1
12-01 14:16:13.384 D/HTTPMUSocket( 2440): Server: Linux/3.18.24_hi3798mv2x UPnP/1.0 CyberLinkJava/1.8
12-01 14:16:13.384 D/HTTPMUSocket( 2440): Cache-Control: max-age=1800
12-01 14:16:13.384 D/HTTPMUSocket( 2440): Location: http://192.168.31.244:38520/description.xml
12-01 14:16:13.384 D/HTTPMUSocket( 2440): NTS: ssdp:alive
12-01 14:16:13.384 D/HTTPMUSocket( 2440): NT: urn:schemas-upnp-org:service:AVTransport:1
12-01 14:16:13.384 D/HTTPMUSocket( 2440): USN: uuid:bedb84c3-dcc5-4b75-8e79-308771ab5a9f::urn:schemas-upnp-org:service:AVTransport:1
12-01 14:16:13.384 D/HTTPMUSocket( 2440): HOST: 239.255.255.250:1900
12-01 14:16:13.384 D/HTTPMUSocket( 2440): 
12-01 14:16:13.384 D/HTTPMUSocket( 2440): bindAddr:null and port:-1
12-01 14:16:13.384 D/HTTPMUSocket( 2440): /192.168.31.244
12-01 14:16:13.384 D/Device  ( 2440): announce bindAddr=192.168.31.244,serviceDesUrl=
12-01 14:16:13.384 D/HTTPMUSocket( 2440): open addr=239.255.255.250,port=1900,bindAddr=192.168.31.244
12-01 14:16:13.386 D/TimerUtil( 2440): waitRandom time=300,waitTime=24
12-01 14:16:13.386 D/HTTPMUSocket( 2440): send msg:NOTIFY * HTTP/1.1
12-01 14:16:13.386 D/HTTPMUSocket( 2440): Server: Linux/3.18.24_hi3798mv2x UPnP/1.0 CyberLinkJava/1.8
12-01 14:16:13.386 D/HTTPMUSocket( 2440): Cache-Control: max-age=1800
12-01 14:16:13.386 D/HTTPMUSocket( 2440): Location: http://192.168.31.244:38520/description.xml
12-01 14:16:13.386 D/HTTPMUSocket( 2440): NTS: ssdp:alive
12-01 14:16:13.386 D/HTTPMUSocket( 2440): NT: urn:sumavision.com:service:X_SUMA_EVENT:1
12-01 14:16:13.386 D/HTTPMUSocket( 2440): USN: uuid:bedb84c3-dcc5-4b75-8e79-308771ab5a9f::urn:sumavision.com:service:X_SUMA_EVENT:1
12-01 14:16:13.386 D/HTTPMUSocket( 2440): HOST: 239.255.255.250:1900
12-01 14:16:13.386 D/HTTPMUSocket( 2440): 
12-01 14:16:13.386 D/HTTPMUSocket( 2440): bindAddr:null and port:-1
12-01 14:16:13.386 D/HTTPMUSocket( 2440): /192.168.31.244
12-01 14:16:13.387 D/Advertiser( 2440): Advertise12:50000 at time:1512108973387 with thread:org.cybergarage.d.b.a@15f10bb4
12-01 14:16:13.808 D/BackBootDealerNeimeng( 2381): standbyState:
12-01 14:16:13.809 E/NetUtils( 1999): Interface eth0 LinkUp!
12-01 14:16:14.309 D/BackBootDealerNeimeng( 2381): standbyState:
12-01 14:16:14.309 E/NetUtils( 1999): Interface eth0 LinkUp!
12-01 14:16:14.810 D/BackBootDealerNeimeng( 2381): standbyState:
12-01 14:16:14.811 E/NetUtils( 1999): Interface eth0 LinkUp!
12-01 14:16:15.311 D/BackBootDealerNeimeng( 2381): standbyState:
12-01 14:16:15.312 E/NetUtils( 1999): Interface eth0 LinkUp!
12-01 14:16:15.743 D/IPLoaderNeimeng( 2381): after wait time14:16:15:monitorInterval:5000
12-01 14:16:15.743 D/IPLoaderNeimeng( 2381): before dealUpdateCheck time:14:16:15:isMsgBroadcast:false:monitorInterval:5000:processState:1
12-01 14:16:15.743 D/IPLoaderNeimeng( 2381): dealUpdateCheck isFirstSuccessUpdate:false:monitorInterval:5000
12-01 14:16:15.744 D/LoadHttpHandler( 2381): [TN_ThreadUtil-8]doNormal proxyConfig=null
12-01 14:16:15.795 D/LoadHttpHandler( 2381): [TN_ThreadUtil-8]doNormal responseCode=404
12-01 14:16:15.796 D/LoadHttpTask( 2381): dealUpdateCheck responseCode:404:data:null:downloadResult:false
12-01 14:16:15.796 D/IPLoaderNeimeng( 2381): after dealUpdateCheck time:14:16:15:isMsgBroadcast:false:monitorInterval:5000:processState:1
12-01 14:16:15.796 D/IPLoaderNeimeng( 2381): before wait time14:16:15:monitorInterval:5000
12-01 14:16:15.812 D/BackBootDealerNeimeng( 2381): standbyState:
12-01 14:16:15.813 E/NetUtils( 1999): Interface eth0 LinkUp!
12-01 14:16:15.925 V/PT      ( 1581): >>INFO:irkey_task:[     620.070301] /dev/input/event0: type=0001 code=0067 val=00000001
12-01 14:16:15.925 V/PT      ( 1581): >>INFO:irkey_send:0x3001 0x0026 down
12-01 14:16:15.926 V/SUMA    ( 1581): ++++++++++++++  _roc_evtmgr_key_cbk 517:input = 12289, event=38, act=0x100
12-01 14:16:15.926 V/SUMA    ( 1581): lxm:_roc_evtmgr_key_cbk 519 620070
12-01 14:16:15.926 V/SUMA    ( 1581): lxm:_roc_evtmgr_add_evt_into_queue 347 620070
12-01 14:16:15.926 V/PT      ( 1581): >>INFO:irkey_task:[     620.070301] /dev/input/event0: type=0000 code=0000 val=00000000
12-01 14:16:15.926 V/SUMA    ( 1581): ===================>> type=0 src=0 evt=38 act=0x100
12-01 14:16:15.926 V/SUMA    ( 1581): [sysset-s][event_manager_cbk 78]lxm cbid=1, cbk_reg=1, cpid=2464
12-01 14:16:15.926 D/NGBEvent( 2464): ngbEventCallBack type:0 source :38
12-01 14:16:15.926 D/NGBEvent( 2464): [NGBEventManager-JNI]-returning:1
12-01 14:16:15.926 D/NGBEvent( 2464): Input key event: keyCode=38
12-01 14:16:15.926 D/NGBEvent( 2464): src:38 = dest:38
12-01 14:16:15.926 D/ir_user ( 1585): PlayerTimeLineTrace:linux_keycode:0x67(DOWN),	protocol: .
12-01 14:16:15.927 I/System.out( 2464): [DEBUG EventManager] LWJ--Add event to java with evt=NgbEvent-[type = 1, subtype = 401, code = 38]
12-01 14:16:15.927 D/NGBEvent( 2464): [NGBEvent_log]--[EventManager--JNI]:		start
12-01 14:16:15.927 I/System.out( 2464): [DEBUG EventManager] broadcastEvent  :len 1
12-01 14:16:15.927 D/CombineKeyUtil( 2464): [TN_pool-1-thread-1]dealKeyEvent,combineIndex:-1:keyCode:19
12-01 14:16:15.927 D/KeyEventNgbDealer( 2464): [TN_pool-1-thread-1]handleKeyPressed keyEvent=NgbEvent-[type = 1, subtype = 401, code = 38],time=620071
12-01 14:16:15.928 D/RemoteIME( 2344): onKeyDown event = KeyEvent { action=ACTION_DOWN, keyCode=KEYCODE_DPAD_UP, scanCode=103, metaState=0, flags=0x8, repeatCount=0, eventTime=620070, downTime=620070, deviceId=4, source=0x701 },mSkbContainer=null
12-01 14:16:15.928 D/Main3DActivity( 2511): [TN_main]dispatchKeyEvent event=KeyEvent { action=ACTION_DOWN, keyCode=KEYCODE_DPAD_UP, scanCode=103, metaState=0, flags=0x8, repeatCount=0, eventTime=620070, downTime=620070, deviceId=4, source=0x701 },isEventAble=true
12-01 14:16:15.929 D/InputEventConsistencyVerifier( 2511): KeyEvent: ACTION_DOWN but key is already down and this event is not a key repeat.
12-01 14:16:15.929 D/InputEventConsistencyVerifier( 2511):   in com.android.internal.policy.impl.PhoneWindow$DecorView{d064582 V.E..... R....... 0,0-1280,720}
12-01 14:16:15.929 D/InputEventConsistencyVerifier( 2511):   0: sent at 620070000000, KeyEvent { action=ACTION_DOWN, keyCode=KEYCODE_DPAD_UP, scanCode=103, metaState=0, flags=0x8, repeatCount=0, eventTime=620070, downTime=620070, deviceId=4, source=0x701 }
12-01 14:16:15.929 D/InputEventConsistencyVerifier( 2511):   -- recent events --
12-01 14:16:15.929 D/InputEventConsistencyVerifier( 2511):   1: sent at 379885000000, KeyEvent { action=ACTION_DOWN, keyCode=KEYCODE_DPAD_LEFT, scanCode=105, metaState=0, flags=0x80000008, repeatCount=0, eventTime=379885, downTime=379885, deviceId=4, source=0x701 }
12-01 14:16:15.929 D/InputEventConsistencyVerifier( 2511):   2: sent at 379366000000, KeyEvent { action=ACTION_DOWN, keyCode=KEYCODE_DPAD_LEFT, scanCode=105, metaState=0, flags=0x80000008, repeatCount=0, eventTime=379366, downTime=379366, deviceId=4, source=0x701 }
12-01 14:16:15.929 D/InputEventConsistencyVerifier( 2511):   3: sent at 378936000000, KeyEvent { action=ACTION_DOWN, keyCode=KEYCODE_DPAD_LEFT, scanCode=105, metaState=0, flags=0x80000008, repeatCount=0, eventTime=378936, downTime=378936, deviceId=4, source=0x701 }
12-01 14:16:15.929 D/InputEventConsistencyVerifier( 2511):   4: sent at 378596000000, KeyEvent { action=ACTION_DOWN, keyCode=KEYCODE_DPAD_LEFT, scanCode=105, metaState=0, flags=0x80000008, repeatCount=0, eventTime=378596, downTime=378596, deviceId=4, source=0x701 }
12-01 14:16:15.929 D/InputEventConsistencyVerifier( 2511):   5: sent at 378152000000, KeyEvent { action=ACTION_DOWN, keyCode=KEYCODE_DPAD_LEFT, scanCode=105, metaState=0, flags=0x80000008, repeatCount=0, eventTime=378152, downTime=378152, deviceId=4, source=0x701 }
12-01 14:16:15.929 D/BasicRootView( 2511): [TN_main]dispatchKeyEvent event=KeyEvent { action=ACTION_DOWN, keyCode=KEYCODE_DPAD_UP, scanCode=103, metaState=0, flags=0x80000008, repeatCount=0, eventTime=620070, downTime=620070, deviceId=4, source=0x701 },curRootPanel=com.suma.midware.home.third.a.a@a53dfb9
12-01 14:16:15.929 D/GLRootRenderer( 2511): [TN_main]dispatchKeyEvent lastKeyCode=21,lastKeyAction=0,lastKeyCount=4,size=0,event=KeyEvent { action=ACTION_DOWN, keyCode=KEYCODE_DPAD_UP, scanCode=103, metaState=0, flags=0x80000008, repeatCount=0, eventTime=620070, downTime=620070, deviceId=4, source=0x701 }
12-01 14:16:15.929 D/Scene   ( 2511): dispatchKeyEvent event:KeyEvent { action=ACTION_DOWN, keyCode=KEYCODE_DPAD_UP, scanCode=103, metaState=0, flags=0x80000008, repeatCount=0, eventTime=620070, downTime=620070, deviceId=4, source=0x701 }
12-01 14:16:15.929 D/Scene   ( 2511): dispatchKeyEvent currentFocus = com.suma.midware.view.c.c.b@17a671cc
12-01 14:16:15.929 D/Scene   ( 2511): dispatchKeyEvent nextFocus:null
12-01 14:16:15.930 D/BasicColumn( 2511): [TN_GLThread 73]dealKeyEvent event=KeyEvent { action=ACTION_DOWN, keyCode=KEYCODE_DPAD_UP, scanCode=103, metaState=0, flags=0x80000008, repeatCount=0, eventTime=620070, downTime=620070, deviceId=4, source=0x701 }
12-01 14:16:15.930 D/FigureSearch( 2511): [TN_GLThread 73]searchVerticalFigure isIntersect=false,rect=RectF(337.0, 120.0, 453.0, 180.0),excludeFigure=null
12-01 14:16:15.931 D/BasicColumn( 2511): [TN_GLThread 73]onFocus isFocus=false,index=0,nextIndex=-1
12-01 14:16:15.931 D/BasicColumn( 2511): [TN_GLThread 73]moveFocus nineImgRes=[NineImgRes@2dd38eb4]uniqueID[3]imgName[column_focus]width[221.0]height[197.0]xOffset[151.0]yOffset[139.0]
12-01 14:16:15.931 D/BasicFigure( 2511): [TN_GLThread 73]onRootFocusGain figure=com.suma.midware.view.c.b.c@109c5d9f
12-01 14:16:15.946 D/NinePatchTexture( 2511): [TN_GLThread 73]computeST name=config_global_buton_foc,padding=Rect(0, 0 - 0, 0)
12-01 14:16:15.946 D/TextureManager( 2511): [TN_GLThread 73]loadTexture name=config_global_buton_foc,isLate=false
12-01 14:16:15.949 D/Texture ( 2511): [TN_GLThread 73]loadTexture name=config_global_buton_foc,textureID=170
12-01 14:16:15.949 D/TextureManager( 2511): [TN_GLThread 73]loadTexture name=config_global_buton_foc,recordSize=null
12-01 14:16:15.978 E/NetUtils( 1999): Interface eth0 LinkUp!
12-01 14:16:16.135 D/ir_user ( 1585): PlayerTimeLineTrace:linux_keycode:0x67(UP),	protocol: .
12-01 14:16:16.135 V/PT      ( 1581): >>INFO:irkey_task:[     620.279581] /dev/input/event0: type=0001 code=0067 val=00000000
12-01 14:16:16.135 V/PT      ( 1581): >>INFO:irkey_send:0x3001 0x0026 up  
12-01 14:16:16.135 V/SUMA    ( 1581): ++++++++++++++  _roc_evtmgr_key_cbk 517:input = 12289, event=38, act=0x400
12-01 14:16:16.135 V/SUMA    ( 1581): lxm:_roc_evtmgr_key_cbk 519 620279
12-01 14:16:16.135 V/SUMA    ( 1581): lxm:_roc_evtmgr_add_key_into_queue 311 620280
12-01 14:16:16.135 V/SUMA    ( 1581): ===================>> type=0 src=0 evt=38 act=0x400
12-01 14:16:16.135 V/PT      ( 1581): >>INFO:irkey_task:[     620.279581] /dev/input/event0: type=0000 code=0000 val=00000000
12-01 14:16:16.135 V/SUMA    ( 1581): [sysset-s][event_manager_cbk 78]lxm cbid=1, cbk_reg=1, cpid=2464
12-01 14:16:16.136 D/NGBEvent( 2464): ngbEventCallBack type:0 source :38
12-01 14:16:16.136 D/NGBEvent( 2464): [NGBEventManager-JNI]-returning:1
12-01 14:16:16.136 D/NGBEvent( 2464): Input key event: keyCode=38
12-01 14:16:16.136 D/NGBEvent( 2464): src:38 = dest:38
12-01 14:16:16.136 I/System.out( 2464): [DEBUG EventManager] LWJ--Add event to java with evt=NgbEvent-[type = 1, subtype = 402, code = 38]
12-01 14:16:16.136 D/NGBEvent( 2464): [NGBEvent_log]--[EventManager--JNI]:		start
12-01 14:16:16.136 I/System.out( 2464): [DEBUG EventManager] broadcastEvent  :len 1
12-01 14:16:16.136 D/RemoteIME( 2344): RemoteIME--> onKeyUp keyCode = 19
12-01 14:16:16.136 D/KeyEventNgbDealer( 2464): [TN_pool-1-thread-1]handleKeyReleased keyEvent=NgbEvent-[type = 1, subtype = 402, code = 38],time=620281
12-01 14:16:16.137 D/Main3DActivity( 2511): [TN_main]dispatchKeyEvent event=KeyEvent { action=ACTION_UP, keyCode=KEYCODE_DPAD_UP, scanCode=103, metaState=0, flags=0x8, repeatCount=0, eventTime=620279, downTime=620070, deviceId=4, source=0x701 },isEventAble=true
12-01 14:16:16.313 D/BackBootDealerNeimeng( 2381): standbyState:
12-01 14:16:16.314 E/NetUtils( 1999): Interface eth0 LinkUp!
12-01 14:16:16.326 D/ir_user ( 1585): PlayerTimeLineTrace:linux_keycode:0x6a(DOWN),	protocol: .
12-01 14:16:16.326 V/PT      ( 1581): >>INFO:irkey_task:[     620.470768] /dev/input/event0: type=0001 code=006a val=00000001
12-01 14:16:16.326 V/PT      ( 1581): >>INFO:irkey_send:0x3001 0x0027 down
12-01 14:16:16.326 V/SUMA    ( 1581): ++++++++++++++  _roc_evtmgr_key_cbk 517:input = 12289, event=39, act=0x100
12-01 14:16:16.326 V/SUMA    ( 1581): lxm:_roc_evtmgr_key_cbk 519 620471
12-01 14:16:16.326 V/SUMA    ( 1581): lxm:_roc_evtmgr_add_evt_into_queue 347 620471
12-01 14:16:16.326 V/SUMA    ( 1581): ===================>> type=0 src=0 evt=39 act=0x100
12-01 14:16:16.326 V/PT      ( 1581): >>INFO:irkey_task:[     620.470768] /dev/input/event0: type=0000 code=0000 val=00000000
12-01 14:16:16.326 V/SUMA    ( 1581): [sysset-s][event_manager_cbk 78]lxm cbid=1, cbk_reg=1, cpid=2464
12-01 14:16:16.327 D/NGBEvent( 2464): ngbEventCallBack type:0 source :39
12-01 14:16:16.327 D/NGBEvent( 2464): [NGBEventManager-JNI]-returning:1
12-01 14:16:16.327 D/NGBEvent( 2464): Input key event: keyCode=39
12-01 14:16:16.327 D/NGBEvent( 2464): src:39 = dest:39
12-01 14:16:16.327 I/System.out( 2464): [DEBUG EventManager] LWJ--Add event to java with evt=NgbEvent-[type = 1, subtype = 401, code = 39]
12-01 14:16:16.327 D/NGBEvent( 2464): [NGBEvent_log]--[EventManager--JNI]:		start
12-01 14:16:16.327 I/System.out( 2464): [DEBUG EventManager] broadcastEvent  :len 1
12-01 14:16:16.327 D/CombineKeyUtil( 2464): [TN_pool-1-thread-1]dealKeyEvent,combineIndex:-1:keyCode:22
12-01 14:16:16.328 D/RemoteIME( 2344): onKeyDown event = KeyEvent { action=ACTION_DOWN, keyCode=KEYCODE_DPAD_RIGHT, scanCode=106, metaState=0, flags=0x8, repeatCount=0, eventTime=620470, downTime=620470, deviceId=4, source=0x701 },mSkbContainer=null
12-01 14:16:16.328 D/KeyEventNgbDealer( 2464): [TN_pool-1-thread-1]handleKeyPressed keyEvent=NgbEvent-[type = 1, subtype = 401, code = 39],time=620472
12-01 14:16:16.328 D/Main3DActivity( 2511): [TN_main]dispatchKeyEvent event=KeyEvent { action=ACTION_DOWN, keyCode=KEYCODE_DPAD_RIGHT, scanCode=106, metaState=0, flags=0x8, repeatCount=0, eventTime=620470, downTime=620470, deviceId=4, source=0x701 },isEventAble=true
12-01 14:16:16.329 D/InputEventConsistencyVerifier( 2511): KeyEvent: ACTION_DOWN but key is already down and this event is not a key repeat.
12-01 14:16:16.329 D/InputEventConsistencyVerifier( 2511):   in com.android.internal.policy.impl.PhoneWindow$DecorView{d064582 V.E..... R....... 0,0-1280,720}
12-01 14:16:16.329 D/InputEventConsistencyVerifier( 2511):   0: sent at 620470000000, KeyEvent { action=ACTION_DOWN, keyCode=KEYCODE_DPAD_RIGHT, scanCode=106, metaState=0, flags=0x8, repeatCount=0, eventTime=620470, downTime=620470, deviceId=4, source=0x701 }
12-01 14:16:16.329 D/InputEventConsistencyVerifier( 2511):   -- recent events --
12-01 14:16:16.329 D/InputEventConsistencyVerifier( 2511):   1: sent at 620070000000, KeyEvent { action=ACTION_DOWN, keyCode=KEYCODE_DPAD_UP, scanCode=103, metaState=0, flags=0x80000008, repeatCount=0, eventTime=620070, downTime=620070, deviceId=4, source=0x701 }
12-01 14:16:16.329 D/InputEventConsistencyVerifier( 2511):   2: sent at 379885000000, KeyEvent { action=ACTION_DOWN, keyCode=KEYCODE_DPAD_LEFT, scanCode=105, metaState=0, flags=0x80000008, repeatCount=0, eventTime=379885, downTime=379885, deviceId=4, source=0x701 }
12-01 14:16:16.329 D/InputEventConsistencyVerifier( 2511):   3: sent at 379366000000, KeyEvent { action=ACTION_DOWN, keyCode=KEYCODE_DPAD_LEFT, scanCode=105, metaState=0, flags=0x80000008, repeatCount=0, eventTime=379366, downTime=379366, deviceId=4, source=0x701 }
12-01 14:16:16.329 D/InputEventConsistencyVerifier( 2511):   4: sent at 378936000000, KeyEvent { action=ACTION_DOWN, keyCode=KEYCODE_DPAD_LEFT, scanCode=105, metaState=0, flags=0x80000008, repeatCount=0, eventTime=378936, downTime=378936, deviceId=4, source=0x701 }
12-01 14:16:16.329 D/InputEventConsistencyVerifier( 2511):   5: sent at 378596000000, KeyEvent { action=ACTION_DOWN, keyCode=KEYCODE_DPAD_LEFT, scanCode=105, metaState=0, flags=0x80000008, repeatCount=0, eventTime=378596, downTime=378596, deviceId=4, source=0x701 }
12-01 14:16:16.329 D/BasicRootView( 2511): [TN_main]dispatchKeyEvent event=KeyEvent { action=ACTION_DOWN, keyCode=KEYCODE_DPAD_RIGHT, scanCode=106, metaState=0, flags=0x80000008, repeatCount=0, eventTime=620470, downTime=620470, deviceId=4, source=0x701 },curRootPanel=com.suma.midware.home.third.a.a@a53dfb9
12-01 14:16:16.329 D/GLRootRenderer( 2511): [TN_main]dispatchKeyEvent lastKeyCode=19,lastKeyAction=0,lastKeyCount=0,size=0,event=KeyEvent { action=ACTION_DOWN, keyCode=KEYCODE_DPAD_RIGHT, scanCode=106, metaState=0, flags=0x80000008, repeatCount=0, eventTime=620470, downTime=620470, deviceId=4, source=0x701 }
12-01 14:16:16.329 D/Scene   ( 2511): dispatchKeyEvent event:KeyEvent { action=ACTION_DOWN, keyCode=KEYCODE_DPAD_RIGHT, scanCode=106, metaState=0, flags=0x80000008, repeatCount=0, eventTime=620470, downTime=620470, deviceId=4, source=0x701 }
12-01 14:16:16.330 D/Scene   ( 2511): dispatchKeyEvent currentFocus = com.suma.midware.view.c.b.c@109c5d9f
12-01 14:16:16.330 D/Scene   ( 2511): dispatchKeyEvent nextFocus:null
12-01 14:16:16.330 D/BasicFigure( 2511): [TN_GLThread 73]dealKeyEvent event=KeyEvent { action=ACTION_DOWN, keyCode=KEYCODE_DPAD_RIGHT, scanCode=106, metaState=0, flags=0x80000008, repeatCount=0, eventTime=620470, downTime=620470, deviceId=4, source=0x701 }
12-01 14:16:16.330 D/FigureSearch( 2511): [TN_GLThread 73]searchHorizontalFigure isIntersect=true,rect=RectF(1354.0, 3.0, 1534.0, 137.0),excludeFigure=com.suma.midware.view.c.b.c@109c5d9f
12-01 14:16:16.331 D/BasicFigure( 2511): [TN_GLThread 73]dealLeftRight obj3d=com.suma.midware.view.c.b.c@30f61d4a,obj3dSize=6,basicPanel=null
12-01 14:16:16.335 D/BasicFigure( 2511): [TN_GLThread 73]onRootFocusLost figure=com.suma.midware.view.c.b.c@109c5d9f
12-01 14:16:16.335 D/BasicFigure( 2511): [TN_GLThread 73]onRootFocusGain figure=com.suma.midware.view.c.b.c@30f61d4a
12-01 14:16:16.535 D/ir_user ( 1585): PlayerTimeLineTrace:linux_keycode:0x6a(UP),	protocol: .
12-01 14:16:16.535 V/PT      ( 1581): >>INFO:irkey_task:[     620.680155] /dev/input/event0: type=0001 code=006a val=00000000
12-01 14:16:16.535 V/PT      ( 1581): >>INFO:irkey_send:0x3001 0x0027 up  
12-01 14:16:16.535 V/SUMA    ( 1581): ++++++++++++++  _roc_evtmgr_key_cbk 517:input = 12289, event=39, act=0x400
12-01 14:16:16.536 V/SUMA    ( 1581): lxm:_roc_evtmgr_key_cbk 519 620680
12-01 14:16:16.536 V/SUMA    ( 1581): lxm:_roc_evtmgr_add_key_into_queue 311 620680
12-01 14:16:16.536 V/PT      ( 1581): >>INFO:irkey_task:[     620.680155] /dev/input/event0: type=0000 code=0000 val=00000000
12-01 14:16:16.536 V/SUMA    ( 1581): ===================>> type=0 src=0 evt=39 act=0x400
12-01 14:16:16.536 V/SUMA    ( 1581): [sysset-s][event_manager_cbk 78]lxm cbid=1, cbk_reg=1, cpid=2464
12-01 14:16:16.536 D/NGBEvent( 2464): ngbEventCallBack type:0 source :39
12-01 14:16:16.536 D/NGBEvent( 2464): [NGBEventManager-JNI]-returning:1
12-01 14:16:16.536 D/NGBEvent( 2464): Input key event: keyCode=39
12-01 14:16:16.536 D/NGBEvent( 2464): src:39 = dest:39
12-01 14:16:16.536 I/System.out( 2464): [DEBUG EventManager] LWJ--Add event to java with evt=NgbEvent-[type = 1, subtype = 402, code = 39]
12-01 14:16:16.536 D/NGBEvent( 2464): [NGBEvent_log]--[EventManager--JNI]:		start
12-01 14:16:16.537 I/System.out( 2464): [DEBUG EventManager] broadcastEvent  :len 1
12-01 14:16:16.537 D/KeyEventNgbDealer( 2464): [TN_pool-1-thread-1]handleKeyReleased keyEvent=NgbEvent-[type = 1, subtype = 402, code = 39],time=620681
12-01 14:16:16.537 D/RemoteIME( 2344): RemoteIME--> onKeyUp keyCode = 22
12-01 14:16:16.538 D/Main3DActivity( 2511): [TN_main]dispatchKeyEvent event=KeyEvent { action=ACTION_UP, keyCode=KEYCODE_DPAD_RIGHT, scanCode=106, metaState=0, flags=0x8, repeatCount=0, eventTime=620680, downTime=620470, deviceId=4, source=0x701 },isEventAble=true
12-01 14:16:16.815 D/BackBootDealerNeimeng( 2381): standbyState:
12-01 14:16:16.815 E/NetUtils( 1999): Interface eth0 LinkUp!
12-01 14:16:16.935 D/ir_user ( 1585): PlayerTimeLineTrace:linux_keycode:0x6c(DOWN),	protocol: .
12-01 14:16:16.935 V/PT      ( 1581): >>INFO:irkey_task:[     621.079501] /dev/input/event0: type=0001 code=006c val=00000001
12-01 14:16:16.935 V/PT      ( 1581): >>INFO:irkey_send:0x3001 0x0028 down
12-01 14:16:16.935 V/SUMA    ( 1581): ++++++++++++++  _roc_evtmgr_key_cbk 517:input = 12289, event=40, act=0x100
12-01 14:16:16.935 V/SUMA    ( 1581): lxm:_roc_evtmgr_key_cbk 519 621079
12-01 14:16:16.935 V/SUMA    ( 1581): lxm:_roc_evtmgr_add_evt_into_queue 347 621079
12-01 14:16:16.935 V/PT      ( 1581): >>INFO:irkey_task:[     621.079501] /dev/input/event0: type=0000 code=0000 val=00000000
12-01 14:16:16.935 V/SUMA    ( 1581): ===================>> type=0 src=0 evt=40 act=0x100
12-01 14:16:16.935 V/SUMA    ( 1581): [sysset-s][event_manager_cbk 78]lxm cbid=1, cbk_reg=1, cpid=2464
12-01 14:16:16.935 D/NGBEvent( 2464): ngbEventCallBack type:0 source :40
12-01 14:16:16.936 D/NGBEvent( 2464): [NGBEventManager-JNI]-returning:1
12-01 14:16:16.936 D/NGBEvent( 2464): Input key event: keyCode=40
12-01 14:16:16.936 D/NGBEvent( 2464): src:40 = dest:40
12-01 14:16:16.936 I/System.out( 2464): [DEBUG EventManager] LWJ--Add event to java with evt=NgbEvent-[type = 1, subtype = 401, code = 40]
12-01 14:16:16.936 D/NGBEvent( 2464): [NGBEvent_log]--[EventManager--JNI]:		start
12-01 14:16:16.936 I/System.out( 2464): [DEBUG EventManager] broadcastEvent  :len 1
12-01 14:16:16.937 D/CombineKeyUtil( 2464): [TN_pool-1-thread-1]dealKeyEvent,combineIndex:-1:keyCode:20
12-01 14:16:16.937 D/KeyEventNgbDealer( 2464): [TN_pool-1-thread-1]handleKeyPressed keyEvent=NgbEvent-[type = 1, subtype = 401, code = 40],time=621081
12-01 14:16:16.937 D/RemoteIME( 2344): onKeyDown event = KeyEvent { action=ACTION_DOWN, keyCode=KEYCODE_DPAD_DOWN, scanCode=108, metaState=0, flags=0x8, repeatCount=0, eventTime=621079, downTime=621079, deviceId=4, source=0x701 },mSkbContainer=null
12-01 14:16:16.938 D/Main3DActivity( 2511): [TN_main]dispatchKeyEvent event=KeyEvent { action=ACTION_DOWN, keyCode=KEYCODE_DPAD_DOWN, scanCode=108, metaState=0, flags=0x8, repeatCount=0, eventTime=621079, downTime=621079, deviceId=4, source=0x701 },isEventAble=true
12-01 14:16:16.938 D/InputEventConsistencyVerifier( 2511): KeyEvent: ACTION_DOWN but key is already down and this event is not a key repeat.
12-01 14:16:16.938 D/InputEventConsistencyVerifier( 2511):   in com.android.internal.policy.impl.PhoneWindow$DecorView{d064582 V.E..... R....... 0,0-1280,720}
12-01 14:16:16.938 D/InputEventConsistencyVerifier( 2511):   0: sent at 621079000000, KeyEvent { action=ACTION_DOWN, keyCode=KEYCODE_DPAD_DOWN, scanCode=108, metaState=0, flags=0x8, repeatCount=0, eventTime=621079, downTime=621079, deviceId=4, source=0x701 }
12-01 14:16:16.938 D/InputEventConsistencyVerifier( 2511):   -- recent events --
12-01 14:16:16.938 D/InputEventConsistencyVerifier( 2511):   1: sent at 620470000000, KeyEvent { action=ACTION_DOWN, keyCode=KEYCODE_DPAD_RIGHT, scanCode=106, metaState=0, flags=0x80000008, repeatCount=0, eventTime=620470, downTime=620470, deviceId=4, source=0x701 }
12-01 14:16:16.938 D/InputEventConsistencyVerifier( 2511):   2: sent at 620070000000, KeyEvent { action=ACTION_DOWN, keyCode=KEYCODE_DPAD_UP, scanCode=103, metaState=0, flags=0x80000008, repeatCount=0, eventTime=620070, downTime=620070, deviceId=4, source=0x701 }
12-01 14:16:16.938 D/InputEventConsistencyVerifier( 2511):   3: sent at 379885000000, KeyEvent { action=ACTION_DOWN, keyCode=KEYCODE_DPAD_LEFT, scanCode=105, metaState=0, flags=0x80000008, repeatCount=0, eventTime=379885, downTime=379885, deviceId=4, source=0x701 }
12-01 14:16:16.938 D/InputEventConsistencyVerifier( 2511):   4: sent at 379366000000, KeyEvent { action=ACTION_DOWN, keyCode=KEYCODE_DPAD_LEFT, scanCode=105, metaState=0, flags=0x80000008, repeatCount=0, eventTime=379366, downTime=379366, deviceId=4, source=0x701 }
12-01 14:16:16.938 D/InputEventConsistencyVerifier( 2511):   5: sent at 378936000000, KeyEvent { action=ACTION_DOWN, keyCode=KEYCODE_DPAD_LEFT, scanCode=105, metaState=0, flags=0x80000008, repeatCount=0, eventTime=378936, downTime=378936, deviceId=4, source=0x701 }
12-01 14:16:16.939 D/BasicRootView( 2511): [TN_main]dispatchKeyEvent event=KeyEvent { action=ACTION_DOWN, keyCode=KEYCODE_DPAD_DOWN, scanCode=108, metaState=0, flags=0x80000008, repeatCount=0, eventTime=621079, downTime=621079, deviceId=4, source=0x701 },curRootPanel=com.suma.midware.home.third.a.a@a53dfb9
12-01 14:16:16.939 D/GLRootRenderer( 2511): [TN_main]dispatchKeyEvent lastKeyCode=22,lastKeyAction=0,lastKeyCount=0,size=0,event=KeyEvent { action=ACTION_DOWN, keyCode=KEYCODE_DPAD_DOWN, scanCode=108, metaState=0, flags=0x80000008, repeatCount=0, eventTime=621079, downTime=621079, deviceId=4, source=0x701 }
12-01 14:16:16.939 D/Scene   ( 2511): dispatchKeyEvent event:KeyEvent { action=ACTION_DOWN, keyCode=KEYCODE_DPAD_DOWN, scanCode=108, metaState=0, flags=0x80000008, repeatCount=0, eventTime=621079, downTime=621079, deviceId=4, source=0x701 }
12-01 14:16:16.939 D/Scene   ( 2511): dispatchKeyEvent currentFocus = com.suma.midware.view.c.b.c@30f61d4a
12-01 14:16:16.939 D/Scene   ( 2511): dispatchKeyEvent nextFocus:null
12-01 14:16:16.939 D/BasicFigure( 2511): [TN_GLThread 73]dealKeyEvent event=KeyEvent { action=ACTION_DOWN, keyCode=KEYCODE_DPAD_DOWN, scanCode=108, metaState=0, flags=0x80000008, repeatCount=0, eventTime=621079, downTime=621079, deviceId=4, source=0x701 }
12-01 14:16:16.940 D/FigureSearch( 2511): [TN_GLThread 73]searchVerticalFigure isIntersect=true,rect=RectF(1468.0, 3.0, 1648.0, 137.0),excludeFigure=com.suma.midware.view.c.b.c@30f61d4a
12-01 14:16:16.940 D/FigureSearch( 2511): [TN_GLThread 73]isAbove rect1=RectF(1468.0, 3.0, 1648.0, 137.0),rect2=RectF(337.0, 105.0, 1227.0, 215.0)
12-01 14:16:16.940 D/FigureSearch( 2511): [TN_GLThread 73]isAbove rect1=RectF(337.0, 105.0, 1227.0, 215.0),rect2=RectF(1483.0, 220.0, 1834.0, 511.0)
12-01 14:16:16.941 D/BasicFigure( 2511): [TN_GLThread 73]onRootFocusLost figure=com.suma.midware.view.c.b.c@30f61d4a
12-01 14:16:16.941 D/BasicColumn( 2511): [TN_GLThread 73]onFocus isFocus=true,index=0,nextIndex=-1
12-01 14:16:16.941 D/BasicColumn( 2511): [TN_GLThread 73]moveFocus nineImgRes=[NineImgRes@2dd38eb4]uniqueID[3]imgName[column_focus]width[221.0]height[197.0]xOffset[151.0]yOffset[139.0]
12-01 14:16:16.941 D/BasicColumn( 2511): [TN_GLThread 73]moveFocus position=[Number3d@5080ca3]x[-387.0]y[10.0]z[0.0],firstCube=[Number3d@1593ba0]x[116.0]y[60.0]z[1.0],curCube=[Number3d@1593ba0]x[116.0]y[60.0]z[1.0],focusScale=[Number3d@e95359]x[1.0]y[1.0]z[1.0]
12-01 14:16:17.144 D/ir_user ( 1585): PlayerTimeLineTrace:linux_keycode:0x6c(UP),	protocol: .
12-01 14:16:17.144 V/PT      ( 1581): >>INFO:irkey_task:[     621.288782] /dev/input/event0: type=0001 code=006c val=00000000
12-01 14:16:17.144 V/PT      ( 1581): >>INFO:irkey_send:0x3001 0x0028 up  
12-01 14:16:17.144 V/SUMA    ( 1581): ++++++++++++++  _roc_evtmgr_key_cbk 517:input = 12289, event=40, act=0x400
12-01 14:16:17.144 V/SUMA    ( 1581): lxm:_roc_evtmgr_key_cbk 519 621289
12-01 14:16:17.144 V/SUMA    ( 1581): lxm:_roc_evtmgr_add_key_into_queue 311 621289
12-01 14:16:17.144 V/PT      ( 1581): >>INFO:irkey_task:[     621.288782] /dev/input/event0: type=0000 code=0000 val=00000000
12-01 14:16:17.144 V/SUMA    ( 1581): ===================>> type=0 src=0 evt=40 act=0x400
12-01 14:16:17.145 V/SUMA    ( 1581): [sysset-s][event_manager_cbk 78]lxm cbid=1, cbk_reg=1, cpid=2464
12-01 14:16:17.145 D/NGBEvent( 2464): ngbEventCallBack type:0 source :40
12-01 14:16:17.145 D/NGBEvent( 2464): [NGBEventManager-JNI]-returning:1
12-01 14:16:17.145 D/NGBEvent( 2464): Input key event: keyCode=40
12-01 14:16:17.145 D/NGBEvent( 2464): src:40 = dest:40
12-01 14:16:17.145 I/System.out( 2464): [DEBUG EventManager] LWJ--Add event to java with evt=NgbEvent-[type = 1, subtype = 402, code = 40]
12-01 14:16:17.145 D/NGBEvent( 2464): [NGBEvent_log]--[EventManager--JNI]:		start
12-01 14:16:17.145 I/System.out( 2464): [DEBUG EventManager] broadcastEvent  :len 1
12-01 14:16:17.145 D/KeyEventNgbDealer( 2464): [TN_pool-1-thread-1]handleKeyReleased keyEvent=NgbEvent-[type = 1, subtype = 402, code = 40],time=621290
12-01 14:16:17.146 D/RemoteIME( 2344): RemoteIME--> onKeyUp keyCode = 20
12-01 14:16:17.146 D/Main3DActivity( 2511): [TN_main]dispatchKeyEvent event=KeyEvent { action=ACTION_UP, keyCode=KEYCODE_DPAD_DOWN, scanCode=108, metaState=0, flags=0x8, repeatCount=0, eventTime=621288, downTime=621079, deviceId=4, source=0x701 },isEventAble=true
12-01 14:16:17.291 D/ir_user ( 1585): PlayerTimeLineTrace:linux_keycode:0x6a(DOWN),	protocol: .
12-01 14:16:17.291 V/PT      ( 1581): >>INFO:irkey_task:[     621.435696] /dev/input/event0: type=0001 code=006a val=00000001
12-01 14:16:17.291 V/PT      ( 1581): >>INFO:irkey_send:0x3001 0x0027 down
12-01 14:16:17.291 V/SUMA    ( 1581): ++++++++++++++  _roc_evtmgr_key_cbk 517:input = 12289, event=39, act=0x100
12-01 14:16:17.291 V/SUMA    ( 1581): lxm:_roc_evtmgr_key_cbk 519 621436
12-01 14:16:17.291 V/SUMA    ( 1581): lxm:_roc_evtmgr_add_evt_into_queue 347 621436
12-01 14:16:17.291 V/PT      ( 1581): >>INFO:irkey_task:[     621.435696] /dev/input/event0: type=0000 code=0000 val=00000000
12-01 14:16:17.291 V/SUMA    ( 1581): ===================>> type=0 src=0 evt=39 act=0x100
12-01 14:16:17.291 V/SUMA    ( 1581): [sysset-s][event_manager_cbk 78]lxm cbid=1, cbk_reg=1, cpid=2464
12-01 14:16:17.292 D/NGBEvent( 2464): ngbEventCallBack type:0 source :39
12-01 14:16:17.292 D/NGBEvent( 2464): [NGBEventManager-JNI]-returning:1
12-01 14:16:17.292 D/NGBEvent( 2464): Input key event: keyCode=39
12-01 14:16:17.292 D/NGBEvent( 2464): src:39 = dest:39
12-01 14:16:17.292 I/System.out( 2464): [DEBUG EventManager] LWJ--Add event to java with evt=NgbEvent-[type = 1, subtype = 401, code = 39]
12-01 14:16:17.292 D/NGBEvent( 2464): [NGBEvent_log]--[EventManager--JNI]:		start
12-01 14:16:17.292 I/System.out( 2464): [DEBUG EventManager] broadcastEvent  :len 1
12-01 14:16:17.292 D/CombineKeyUtil( 2464): [TN_pool-1-thread-1]dealKeyEvent,combineIndex:-1:keyCode:22
12-01 14:16:17.293 D/KeyEventNgbDealer( 2464): [TN_pool-1-thread-1]handleKeyPressed keyEvent=NgbEvent-[type = 1, subtype = 401, code = 39],time=621437
12-01 14:16:17.293 D/RemoteIME( 2344): onKeyDown event = KeyEvent { action=ACTION_DOWN, keyCode=KEYCODE_DPAD_RIGHT, scanCode=106, metaState=0, flags=0x8, repeatCount=0, eventTime=621435, downTime=621435, deviceId=4, source=0x701 },mSkbContainer=null
12-01 14:16:17.293 D/Main3DActivity( 2511): [TN_main]dispatchKeyEvent event=KeyEvent { action=ACTION_DOWN, keyCode=KEYCODE_DPAD_RIGHT, scanCode=106, metaState=0, flags=0x8, repeatCount=0, eventTime=621435, downTime=621435, deviceId=4, source=0x701 },isEventAble=true
12-01 14:16:17.294 D/InputEventConsistencyVerifier( 2511): KeyEvent: ACTION_DOWN but key is already down and this event is not a key repeat.
12-01 14:16:17.294 D/InputEventConsistencyVerifier( 2511):   in com.android.internal.policy.impl.PhoneWindow$DecorView{d064582 V.E..... R....... 0,0-1280,720}
12-01 14:16:17.294 D/InputEventConsistencyVerifier( 2511):   0: sent at 621435000000, KeyEvent { action=ACTION_DOWN, keyCode=KEYCODE_DPAD_RIGHT, scanCode=106, metaState=0, flags=0x8, repeatCount=0, eventTime=621435, downTime=621435, deviceId=4, source=0x701 }
12-01 14:16:17.294 D/InputEventConsistencyVerifier( 2511):   -- recent events --
12-01 14:16:17.294 D/InputEventConsistencyVerifier( 2511):   1: sent at 621079000000, KeyEvent { action=ACTION_DOWN, keyCode=KEYCODE_DPAD_DOWN, scanCode=108, metaState=0, flags=0x80000008, repeatCount=0, eventTime=621079, downTime=621079, deviceId=4, source=0x701 }
12-01 14:16:17.294 D/InputEventConsistencyVerifier( 2511):   2: sent at 620470000000, KeyEvent { action=ACTION_DOWN, keyCode=KEYCODE_DPAD_RIGHT, scanCode=106, metaState=0, flags=0x80000008, repeatCount=0, eventTime=620470, downTime=620470, deviceId=4, source=0x701 }
12-01 14:16:17.294 D/InputEventConsistencyVerifier( 2511):   3: sent at 620070000000, KeyEvent { action=ACTION_DOWN, keyCode=KEYCODE_DPAD_UP, scanCode=103, metaState=0, flags=0x80000008, repeatCount=0, eventTime=620070, downTime=620070, deviceId=4, source=0x701 }
12-01 14:16:17.294 D/InputEventConsistencyVerifier( 2511):   4: sent at 379885000000, KeyEvent { action=ACTION_DOWN, keyCode=KEYCODE_DPAD_LEFT, scanCode=105, metaState=0, flags=0x80000008, repeatCount=0, eventTime=379885, downTime=379885, deviceId=4, source=0x701 }
12-01 14:16:17.294 D/InputEventConsistencyVerifier( 2511):   5: sent at 379366000000, KeyEvent { action=ACTION_DOWN, keyCode=KEYCODE_DPAD_LEFT, scanCode=105, metaState=0, flags=0x80000008, repeatCount=0, eventTime=379366, downTime=379366, deviceId=4, source=0x701 }
12-01 14:16:17.294 D/BasicRootView( 2511): [TN_main]dispatchKeyEvent event=KeyEvent { action=ACTION_DOWN, keyCode=KEYCODE_DPAD_RIGHT, scanCode=106, metaState=0, flags=0x80000008, repeatCount=0, eventTime=621435, downTime=621435, deviceId=4, source=0x701 },curRootPanel=com.suma.midware.home.third.a.a@a53dfb9
12-01 14:16:17.294 D/GLRootRenderer( 2511): [TN_main]dispatchKeyEvent lastKeyCode=20,lastKeyAction=0,lastKeyCount=0,size=0,event=KeyEvent { action=ACTION_DOWN, keyCode=KEYCODE_DPAD_RIGHT, scanCode=106, metaState=0, flags=0x80000008, repeatCount=0, eventTime=621435, downTime=621435, deviceId=4, source=0x701 }
12-01 14:16:17.295 D/Scene   ( 2511): dispatchKeyEvent event:KeyEvent { action=ACTION_DOWN, keyCode=KEYCODE_DPAD_RIGHT, scanCode=106, metaState=0, flags=0x80000008, repeatCount=0, eventTime=621435, downTime=621435, deviceId=4, source=0x701 }
12-01 14:16:17.295 D/Scene   ( 2511): dispatchKeyEvent currentFocus = com.suma.midware.view.c.c.b@17a671cc
12-01 14:16:17.295 D/Scene   ( 2511): dispatchKeyEvent nextFocus:null
12-01 14:16:17.295 D/BasicColumn( 2511): [TN_GLThread 73]dealKeyEvent event=KeyEvent { action=ACTION_DOWN, keyCode=KEYCODE_DPAD_RIGHT, scanCode=106, metaState=0, flags=0x80000008, repeatCount=0, eventTime=621435, downTime=621435, deviceId=4, source=0x701 }
12-01 14:16:17.295 D/BasicColumn( 2511): [TN_GLThread 73]movePanelFocus index=0,nextIndex=1
12-01 14:16:17.295 E/BasicColumn( 2511): [TN_GLThread 73]dealPanelAnim illegal size=7,moveDistance=0
12-01 14:16:17.296 D/BasicColumn( 2511): [TN_GLThread 73]dealFocusAnim nineImgRes=[NineImgRes@2dd38eb4]uniqueID[3]imgName[column_focus]width[221.0]height[197.0]xOffset[151.0]yOffset[139.0]
12-01 14:16:17.296 D/BasicColumn( 2511): [TN_GLThread 73]focusCube position=[Number3d@1852cc15]x[-279.0]y[10.0]z[0.0],curCube=[Number3d@2ad7b2a]x[100.0]y[60.0]z[1.0],focusCube=[Number3d@2be06d1b]x[267.0]y[199.0]z[1.0],focusScale=[Number3d@daedeb8]x[0.9400749]y[1.0]z[1.0]
12-01 14:16:17.296 D/HomePanel( 2511): [TN_GLThread 73]switchBasicPanel index=0,nextIndex=1,isTitleFocus=true
12-01 14:16:17.296 D/PlayTask( 2511): [TN_GLThread 73]isLegal playerType=-1,view=com.suma.midware.view.widget2d.CustomSurfaceView{3d3af5b2 V.E..... ........ 49,141-498,393}
12-01 14:16:17.296 D/PlayerManager( 2511): [TN_GLThread 73]addPlayTask playTask=[PlayDirectTask@6f334bb]playTaskType[1]playType[0]playerType[-1]isEcmSet[false]playerIndex[0]tunerIndex[0]channel[[DirectChannel@2edf27]channelID[0]oNetID[1]tsID[5]serviceID[504]freq[251000]name[吉林卫视]serviceType[2]attr[0]serialNum[40]serialNum4[40]pcrPID[48]refServiceID[-1]],state=0
12-01 14:16:17.297 D/PlayNgbDealer( 2381): [TN_Binder_5]findPlayer index=0,findType=0,channelIndex=0
12-01 14:16:17.297 D/PlayNgbDealer( 2381): [TN_Binder_5]canelPlayAsyTask index=0,playerInfo=[PlayerInfo@2c106370]index[0]id[0]userPID[2511]playerState[2]isVideoPlay[false]isAudioPlay[false]isGetting[false]bChannel[[DirectChannel@2edf27]channelID[0]oNetID[1]tsID[5]serviceID[504]freq[251000]name[吉林卫视]serviceType[2]attr[0]serialNum[40]serialNum4[40]pcrPID[48]refServiceID[-1]]retrieverTime[-1]playTime[-1]dataInfo[[DataInfo@f463f6e]playUrl[null]rect[Rect(49, 141 - 498, 393)]channel[null]],siRequest=null
12-01 14:16:17.299 D/PlayExcuter( 2511): [TN_GLThread 73]notifyPlay type=1,curType=-2,cancelType=-1,cancelVideoType=-1,isResetData=false,task=[PlayDirectTask@6f334bb]playTaskType[1]playType[0]playerType[-1]isEcmSet[false]playerIndex[0]tunerIndex[0]channel[[DirectChannel@2edf27]channelID[0]oNetID[1]tsID[5]serviceID[504]freq[251000]name[吉林卫视]serviceType[2]attr[0]serialNum[40]serialNum4[40]pcrPID[48]refServiceID[-1]],this.task=null,indexs=null
12-01 14:16:17.299 D/PlayExcuter( 2511): [TN_GLThread 73]mergeTask sourceTask=null,destiTask=[PlayDirectTask@6f334bb]playTaskType[1]playType[0]playerType[-1]isEcmSet[false]playerIndex[0]tunerIndex[0]channel[[DirectChannel@2edf27]channelID[0]oNetID[1]tsID[5]serviceID[504]freq[251000]name[吉林卫视]serviceType[2]attr[0]serialNum[40]serialNum4[40]pcrPID[48]refServiceID[-1]]
12-01 14:16:17.300 D/PlayExcuter( 2511): [TN_ThreadUtil-2]excuteTask task=[PlayDirectTask@6f334bb]playTaskType[1]playType[0]playerType[-1]isEcmSet[false]playerIndex[0]tunerIndex[0]channel[[DirectChannel@2edf27]channelID[0]oNetID[1]tsID[5]serviceID[504]freq[251000]name[吉林卫视]serviceType[2]attr[0]serialNum[40]serialNum4[40]pcrPID[48]refServiceID[-1]]
12-01 14:16:17.300 D/PlayExcuter( 2511): [TN_ThreadUtil-2]excuteTask curExcuter=com.suma.midware.prop.play.PlayDirectExcuter@13409dd8
12-01 14:16:17.300 D/PlayDirectExcuter( 2511): [TN_ThreadUtil-2]stop task=[PlayDirectTask@6f334bb]playTaskType[1]playType[0]playerType[-1]isEcmSet[false]playerIndex[0]tunerIndex[0]channel[[DirectChannel@2edf27]channelID[0]oNetID[1]tsID[5]serviceID[504]freq[251000]name[吉林卫视]serviceType[2]attr[0]serialNum[40]serialNum4[40]pcrPID[48]refServiceID[-1]],curType=-1
12-01 14:16:17.301 D/PlayNgbDealer( 2381): [TN_Binder_2]setPlayerChannel index=0,channelIndex=0
12-01 14:16:17.301 D/PlayNgbDealer( 2381): [TN_Binder_2]findPlayer index=0,findType=0,channelIndex=0
12-01 14:16:17.301 D/PlayExcuter( 2511): [TN_ThreadUtil-2]dealStop task=[PlayDirectTask@6f334bb]playTaskType[1]playType[0]playerType[-1]isEcmSet[false]playerIndex[0]tunerIndex[0]channel[[DirectChannel@2edf27]channelID[0]oNetID[1]tsID[5]serviceID[504]freq[251000]name[吉林卫视]serviceType[2]attr[0]serialNum[40]serialNum4[40]pcrPID[48]refServiceID[-1]],curType=-1,playDealer=com.suma.midware.prop.play.b@24c3325f
12-01 14:16:17.301 D/PlayNgbDealer( 2381): [TN_Binder_3]playStop index=0,stopType=0,stopMode=1,isEcmSet=false,isCaRelease=false,isStreamReset=false
12-01 14:16:17.301 D/PlayNgbDealer( 2381): [TN_Binder_3]findPlayer index=0,findType=0,channelIndex=0
12-01 14:16:17.301 D/Media   ( 2381): ^^^^player setStopMode.
12-01 14:16:17.302 V/SUMA    ( 1581): [NGBM] ngb_media_player_set_video_stop_mode enter !!! hplayer=0xff0000
12-01 14:16:17.302 V/SUMA    ( 1581): [NGBM] context_vplayer_ioctl leave. ret=0
12-01 14:16:17.302 V/SUMA    ( 1581): [NGBM] ngb_media_player_set_video_stop_mode leave hplayer=0xff0000 ret=0 mode=1
12-01 14:16:17.302 I/System.out( 2381): [ERROR MediaSelectControlImpl] empty param stopping!
12-01 14:16:17.302 D/Media   ( 2381): ^^^^player stop.
12-01 14:16:17.302 V/SUMA    ( 1581): [NGBM] ngb_media_player_stop enter !!! hplayer=0xff0000
12-01 14:16:17.302 V/SUMA    ( 1581): [VPLAYER 0xabcd0000] vplayer_stop() reentry! hvplayer=0xb306a100 vplayer->dec_status(0)=VPLAYER_DEC_STATUS_INIT 
12-01 14:16:17.302 V/SUMA    ( 1581): [NGBM] ngb_media_player_stop leave hplayer=0x00ff0000 ret=0
12-01 14:16:17.302 D/BasicPanel( 2511): [TN_GLThread 73]onBasicPanelChange isShow=false,isTitleFocus=true,isRight=true,animCmd=com.suma.midware.view.c.c.c@fab3531,rightBoard=1834.00,rightGas=40.0000,leftBoard=88.0000,xOffset=0.00000
12-01 14:16:17.302 D/BasicPanel( 2511): [TN_GLThread 73]onBasicPanelChange isShow=true,isTitleFocus=true,isRight=true,animCmd=com.suma.midware.view.c.c.c@fab3531,rightBoard=1863.00,rightGas=40.0000,leftBoard=88.0000,xOffset=0.00000
12-01 14:16:17.302 D/BasicPanel( 2511): [TN_GLThread 73]onBasicPanelChangeStart isShow:false:isRight:true:basicPanel:com.suma.midware.view.c.c.d@3162e0d6
12-01 14:16:17.303 D/HomePanel( 2511): [TN_GLThread 73]onBasicPanelChange basicPanel=com.suma.midware.view.c.c.d@3162e0d6,isShow=false,isStart=true,isRight=true
12-01 14:16:17.303 D/HomePanel( 2511): [TN_GLThread 73]onBasicPanelChange basicPanelIndex=0,xOffset=0.00000
12-01 14:16:17.303 D/BasicPanel( 2511): [TN_GLThread 73]onBasicPanelChangeStart isShow:true:isRight:true:basicPanel:com.suma.midware.view.c.c.d@231f1f57
12-01 14:16:17.303 D/HomePanel( 2511): [TN_GLThread 73]onBasicPanelChange basicPanel=com.suma.midware.view.c.c.d@231f1f57,isShow=true,isStart=true,isRight=true
12-01 14:16:17.303 D/HomePanel( 2511): [TN_GLThread 73]onBasicPanelChange basicPanelIndex=1,xOffset=0.00000
12-01 14:16:17.303 W/BasicRootPanel( 2511): [TN_GLThread 73]changeBgAttr coverImgRes null
12-01 14:16:17.314 D/BasicRootPanel( 2511): [TN_GLThread 73]getTVFigure curBasicPanel=com.suma.midware.view.c.c.d@231f1f57
12-01 14:16:17.314 D/BasicPanel( 2511): [TN_GLThread 73]onBasicPanelChangeEnd isShow:false:isRight:true:basicPanel:com.suma.midware.view.c.c.d@3162e0d6
12-01 14:16:17.314 D/HomePanel( 2511): [TN_GLThread 73]onBasicPanelChange basicPanel=com.suma.midware.view.c.c.d@3162e0d6,isShow=false,isStart=false,isRight=true
12-01 14:16:17.315 D/HomePanel( 2511): [TN_GLThread 73]onBasicPanelChange basicPanelIndex=0,xOffset=0.00000
12-01 14:16:17.315 D/BasicPanel( 2511): [TN_GLThread 73]onBasicPanelChangeEnd isShow:true:isRight:true:basicPanel:com.suma.midware.view.c.c.d@231f1f57
12-01 14:16:17.315 D/HomePanel( 2511): [TN_GLThread 73]onBasicPanelChange basicPanel=com.suma.midware.view.c.c.d@231f1f57,isShow=true,isStart=false,isRight=true
12-01 14:16:17.315 D/HomePanel( 2511): [TN_GLThread 73]onBasicPanelChange basicPanelIndex=1,xOffset=0.00000
12-01 14:16:17.316 D/BackBootDealerNeimeng( 2381): standbyState:
12-01 14:16:17.316 E/NetUtils( 1999): Interface eth0 LinkUp!
12-01 14:16:17.559 D/ir_user ( 1585): PlayerTimeLineTrace:linux_keycode:0x6a(HOLD),	protocol: .
12-01 14:16:17.775 D/ir_user ( 1585): PlayerTimeLineTrace:linux_keycode:0x6a(HOLD),	protocol: .
12-01 14:16:17.793 D/RemoteIME( 2344): onKeyDown event = KeyEvent { action=ACTION_DOWN, keyCode=KEYCODE_DPAD_RIGHT, scanCode=106, metaState=0, flags=0x88, repeatCount=1, eventTime=621936, downTime=621435, deviceId=4, source=0x701 },mSkbContainer=null
12-01 14:16:17.793 D/Main3DActivity( 2511): [TN_main]dispatchKeyEvent event=KeyEvent { action=ACTION_DOWN, keyCode=KEYCODE_DPAD_RIGHT, scanCode=106, metaState=0, flags=0x88, repeatCount=1, eventTime=621936, downTime=621435, deviceId=4, source=0x701 },isEventAble=true
12-01 14:16:17.794 D/BasicRootView( 2511): [TN_main]dispatchKeyEvent event=KeyEvent { action=ACTION_DOWN, keyCode=KEYCODE_DPAD_RIGHT, scanCode=106, metaState=0, flags=0x88, repeatCount=1, eventTime=621936, downTime=621435, deviceId=4, source=0x701 },curRootPanel=com.suma.midware.home.third.a.a@a53dfb9
12-01 14:16:17.794 D/GLRootRenderer( 2511): [TN_main]dispatchKeyEvent lastKeyCode=22,lastKeyAction=0,lastKeyCount=0,size=0,event=KeyEvent { action=ACTION_DOWN, keyCode=KEYCODE_DPAD_RIGHT, scanCode=106, metaState=0, flags=0x88, repeatCount=1, eventTime=621936, downTime=621435, deviceId=4, source=0x701 }
