12-01 14:18:02.969 D/[blink] ImagePainter( 3838): [paintReplaced] ImagePainter::paintReplaced out.
12-01 14:18:02.969 D/[blink] ImagePainter( 3838): [paintReplaced] ImagePainter::paintReplaced in w=4800, h=5184.
12-01 14:18:02.969 D/[blink] ImagePainter( 3838): [paintReplaced] ImagePainter::paintReplaced out.
12-01 14:18:02.969 D/[blink] ImagePainter( 3838): [paintReplaced] ImagePainter::paintReplaced in w=4800, h=5184.
12-01 14:18:02.969 D/[blink] ImagePainter( 3838): [paintReplaced] ImagePainter::paintReplaced out.
12-01 14:18:02.969 D/[blink] ImagePainter( 3838): [paintReplaced] ImagePainter::paintReplaced in w=4800, h=5184.
12-01 14:18:02.969 D/[blink] ImagePainter( 3838): [paintReplaced] ImagePainter::paintReplaced out.
12-01 14:18:02.969 D/[blink] ImagePainter( 3838): [paintReplaced] ImagePainter::paintReplaced in w=1408, h=768.
12-01 14:18:02.969 D/[blink] ImagePainter( 3838): [paintReplaced] ImagePainter::paintReplaced out.
12-01 14:18:02.969 D/[blink]FrameView( 3838): [updateLifecyclePhasesInternal] end... this:0x2756bc50
12-01 14:18:02.970 D/[blink]ResourceFetcher( 3838): [didFinishLoading] encoded length=3450 url=http://10.14.41.245:13160/homed/programtype/get_list?accesstoken=R5A1D2EE5U20887029K53724E0DIA6230E0AP8M2FAF083WDC013F7D151&label=286&depth=2.
12-01 14:18:02.971 D/V8ScriptRunner( 3838): [callFunction] start. frame = 0x4570bdb8 function: xmlHttp.onreadystatechange url: http://10.14.41.246/application/bxfc/sec/js/common.js line: 276
12-01 14:18:02.974 D/iPanel  ( 3838): iPanel.debug("----menuData--:9")
12-01 14:18:02.999 D/iPanel  ( 3838): iPanel.debug("----chanel[menuPos]--:288")
12-01 14:18:02.999 D/iPanel  ( 3838): iPanel.debug("----menuPos-:1")
12-01 14:18:02.999 D/iPanel  ( 3838): iPanel.debug("----menuPos--:number")
12-01 14:18:03.000 D/iPanel  ( 3838): iPanel.debug("----listDataPath--:http://10.14.41.245:13160/homed/program/get_list?accesstoken=R5A1D2EE5U20887029K53724E0DIA6230E0AP8M2FAF083WDC013F7D151&label=288&pageidx=1&pagenum=20&depth=2")
12-01 14:18:03.000 D/ChromeClientImpl( 3838): [addMessageToConsole] [LOG:CONSOLE(291)] "http://10.14.41.245:13160/homed/program/get_list?accesstoken=R5A1D2EE5U20887029K53724E0DIA6230E0AP8M2FAF083WDC013F7D151&label=288&pageidx=1&pagenum=20&depth=2", source:http://10.14.41.246/application/bxfc/sec/js/common.js (291)
12-01 14:18:03.001 D/V8ScriptRunner( 3838): [callFunction] start. frame = 0x4570bdb8 function: xmlHttp.onreadystatechange url: http://10.14.41.246/application/bxfc/sec/js/common.js line: 276
12-01 14:18:03.001 D/V8ScriptRunner( 3838): [callFunction] end. frame = 0x4570bdb8 function: xmlHttp.onreadystatechange url: http://10.14.41.246/application/bxfc/sec/js/common.js line: 276
12-01 14:18:03.001 D/[blink]ResourceFetcher( 3838): [requestResource] url=http://10.14.41.245:13160/homed/program/get_list?accesstoken=R5A1D2EE5U20887029K53724E0DIA6230E0AP8M2FAF083WDC013F7D151&label=288&pageidx=1&pagenum=20&depth=2.
12-01 14:18:03.001 D/url     ( 3838): [DoResolveRelative] [WEB] DoResolveRelative Error resolving.
12-01 14:18:03.002 D/[blink]DOMTimer( 3838): [DOMTimer] 0x27572ef8 setTimeout 500ms, repeat:0.
12-01 14:18:03.002 D/[blink]DOMTimer( 3838): [DOMTimer] 0x27572f68 setTimeout 30000ms, repeat:0.
12-01 14:18:03.002 D/V8ScriptRunner( 3838): [callFunction] end. frame = 0x4570bdb8 function: xmlHttp.onreadystatechange url: http://10.14.41.246/application/bxfc/sec/js/common.js line: 276
12-01 14:18:03.002 D/ResourceLoader( 3838): [StartRequest] start request 0x9f4eb480 url='http://10.14.41.245:13160/homed/program/get_list?accesstoken=R5A1D2EE5U20887029K53724E0DIA6230E0AP8M2FAF083WDC013F7D151&label=288&pageidx=1&pagenum=20&depth=2'
12-01 14:18:03.002 D/webcoreBridge( 3838): #3873 execJS frameName='eventFrame' jscore='iPanel.dispatchMessage(32774,5974,1);'
12-01 14:18:03.002 D/AwRequestInterceptor( 3838): [MaybeInterceptRequest] request=0x9f4eb480
12-01 14:18:03.002 D/webcoreBridge( 3838): execJS-->frame:0x45701a48 focusFrame=0x4570bdb8 focusFrame.script=0x5eee6770
12-01 14:18:03.002 D/webcoreBridge( 3838): execJS-->executeScript frame=0x45701a48 script=0x5eee1988
12-01 14:18:03.002 D/ScriptController( 3838): [executeScriptAndReturnValue] [V8] evaluate Script start. frame=0x45701a48 url= line=1. source length=37
12-01 14:18:03.002 D/iPanel  ( 3838): iPanel.debug("dispatchMessage:msg: 32774,5974,1")
12-01 14:18:03.002 D/iPanel  ( 3838): get getFocusedOrMainFrame
12-01 14:18:03.002 D/iPanel  ( 3838): getFrameByName 'eventFrame' frame=0x45701a48 window=0x457026f8
12-01 14:18:03.002 D/iPanel  ( 3838): getFrameByName 'mainFrame' frame=0x4570bdb8 window=0x45835750
12-01 14:18:03.003 D/cr_AwContents( 3838): [AwContents.java:520] BackgroundThreadClientImpl shouldInterceptRequest url = http://10.14.41.245:13160/homed/program/get_list?accesstoken=R5A1D2EE5U20887029K53724E0DIA6230E0AP8M2FAF083WDC013F7D151&label=288&pageidx=1&pagenum=20&depth=2
12-01 14:18:03.003 D/iPanel  ( 3838): iPanel.debug("dispatchMessage:iPanel.getFocusedOrMainFrame = http://10.14.41.246/application/bxfc/sec/index.htm")
12-01 14:18:03.003 D/iPanel  ( 3838): iPanel.debug("dispatchMessage:frame num: 2, keyEvent:system")
12-01 14:18:03.003 D/cr_AwNullContentsClient( 3838): [AwNullContentsClient.java:59] shouldInterceptRequest url=http://10.14.41.245:13160/homed/program/get_list?accesstoken=R5A1D2EE5U20887029K53724E0DIA6230E0AP8M2FAF083WDC013F7D151&label=288&pageidx=1&pagenum=20&depth=2
12-01 14:18:03.003 D/BrowserWebViewClient( 3838): intercept request :http://10.14.41.245:13160/homed/program/get_list?accesstoken=R5A1D2EE5U20887029K53724E0DIA6230E0AP8M2FAF083WDC013F7D151&label=288&pageidx=1&pagenum=20&depth=2
12-01 14:18:03.003 D/iPanel  ( 3838): iPanel.debug("dispatchMessage:#2. proc event 5974. url: http://10.14.41.246/application/bxfc/sec/index.htm")
12-01 14:18:03.003 D/iPanel  ( 3838): iPanel.debug("w=[object Window], document=[object HTMLDocument], keyCode=5974, modifiers=1, keyEvent=system")
12-01 14:18:03.003 D/iPanel  ( 3838): iPanel.debug("onsystemevent is not listening")
12-01 14:18:03.003 D/AwRequestInterceptor( 3838): [MaybeInterceptRequest] request=0x9f4eb480
12-01 14:18:03.003 D/iPanel  ( 3838): iPanel.debug("ret: true")
12-01 14:18:03.003 D/iPanel  ( 3838): iPanel.debug("dispatchMessage:#1. proc event 5974. url: ui:///eventpage.htm?ipanelcmd-name=eventFrame&script=ui:///ipanel.js")
12-01 14:18:03.003 D/iPanel  ( 3838): iPanel.debug("w=[object Window], document=[object HTMLDocument], keyCode=5974, modifiers=1, keyEvent=system")
12-01 14:18:03.003 D/iPanel  ( 3838): iPanel.debug("iPanelDealMsg event handler: (function(){	window.event = {		'which': 5974,		'keyCode': 5974,		'modifiers': 1,		'prevented': false,		'preventDefault': function() {			this.prevented = true;		}	};	var ret = document.onsystemevent(window.event);	if (window.event.prevented) return false;	return ret;})();")
12-01 14:18:03.003 D/iPanel  ( 3838): dom=0x457026f8 code=(function(){	window.event = {		'which': 5974,		'keyCode': 5974,		'modifiers': 1,		'prevented': false,		'preventDefault': function() {			this.prevented = true;		}	};	var ret = document.onsystemevent(window.event);	if (window.event.prevented) return false;	return ret;})();
12-01 14:18:03.003 D/webcore ( 3838): [execEventJS] code=(function(){	window.event = {		'which': 5974,		'keyCode': 5974,		'modifiers': 1,		'prevented': false,		'preventDefault': function() {			this.prevented = true;		}	};	var ret = document.onsystemevent(window.event);	if (window.event.prevented) return false;	return ret;})();
12-01 14:18:03.003 D/webcore ( 3838): [execEventJS] focusedOrMainFrame=ui:///eventpage.htm?ipanelcmd-name=eventFrame&script=ui:///ipanel.js
12-01 14:18:03.003 D/ScriptController( 3838): [executeScriptAndReturnValue] [V8] evaluate Script start. frame=0x45701a48 url= line=1. source length=271
12-01 14:18:03.003 D/ScriptController( 3838): [executeScriptAndReturnValue] [V8] compile Script end. frame=0x45701a48 
12-01 14:18:03.003 D/iPanel  ( 3838): iPanel.debug("eventpage grabEvent")
12-01 14:18:03.003 D/iPanel  ( 3838): getFrameByName 'mainFrame' frame=0x4570bdb8 window=0x45835750
12-01 14:18:03.003 D/iPanel  ( 3838): iPanel.debug("--zjh-- url = http://10.14.41.246/application/bxfc/sec/index.htm  keycode = 5974")
12-01 14:18:03.003 D/iPanel  ( 3838): iPanel.debug("eventpage.htm args.type==true")
12-01 14:18:03.004 D/iPanel  ( 3838): iPanel.debug("eventpage grabEvent eventObj==[object Object]")
12-01 14:18:03.004 D/iPanel  ( 3838): iPanel.debug("eventpage eventObj.code = EIS_MISC_HTML_OPEN_FINISHED")
12-01 14:18:03.004 D/iPanel  ( 3838): iPanel.debug("eventpage keyValue = 5974--p2:1")
12-01 14:18:03.004 D/iPanel  ( 3838): iPanel.debug("eventHandler---keycode==5974,p2=1")
12-01 14:18:03.004 D/ScriptController( 3838): [executeScriptAndReturnValue] [V8] evaluate Script end. frame=0x45701a48 
12-01 14:18:03.004 D/webcore ( 3838): [execEventJS] ret=0
12-01 14:18:03.004 D/iPanel  ( 3838): ret=0
12-01 14:18:03.004 D/iPanel  ( 3838): iPanel.debug("ret: false")
12-01 14:18:03.004 D/iPanel  ( 3838): iPanel.debug("dispatchMessage:end")
12-01 14:18:03.004 D/ScriptController( 3838): [executeScriptAndReturnValue] [V8] evaluate Script end. frame=0x45701a48 
12-01 14:18:03.004 D/webcoreBridge( 3838): execJS-->executeScript frame=0x45701a48 end.
12-01 14:18:03.004 D/[cc]ProxyMain( 3838): [BeginMainFrame] cc.BeginMainFrame this:0x9f6c81a0
12-01 14:18:03.004 D/[cc]LayerTreeHost( 3838): [AnimateLayers] AnimateLayers monotonic_time=727116637
12-01 14:18:03.004 D/[blink]FrameView( 3838): [updateStyleAndLayoutIfNeededRecursiveInternal] in... this:0x2756bc50.
12-01 14:18:03.005 D/[blink]FrameView( 3838): [layout] start... this:0x2756bc50, frame=0x4570bdb8 content size(1280, 720). 
12-01 14:18:03.005 D/[blink]FrameView( 3838): [layout] performPreLayoutTasks start... this:0x2756bc50
12-01 14:18:03.005 D/[blink]FrameView( 3838): [layout] performPreLayoutTasks end... this:0x2756bc50
12-01 14:18:03.005 D/[blink]FrameView( 3838): [layout] performLayout start... this:0x2756bc50
12-01 14:18:03.006 D/[blink]FrameView( 3838): [layout] performLayout end... this:0x2756bc50
12-01 14:18:03.006 D/[blink]FrameView( 3838): [layout] call compositor()->didLayout()!
12-01 14:18:03.006 D/[blink]FrameView( 3838): [layout] updateDocumentAnnotatedRegions start... this:0x2756bc50
12-01 14:18:03.006 D/[blink]FrameView( 3838): [layout] scheduleOrPerformPostLayoutTasks start... this:0x2756bc50
12-01 14:18:03.006 D/[blink]FrameView( 3838): [layout] end... this:0x2756bc50
12-01 14:18:03.007 D/[blink]FrameView( 3838): [layout] out... this:0x2756bc50
12-01 14:18:03.007 D/[blink]FrameView( 3838): [updateStyleAndLayoutIfNeededRecursiveInternal] in... this:0x2756c4c8.
12-01 14:18:03.007 D/[blink]FrameView( 3838): [updateStyleAndLayoutIfNeededRecursiveInternal] end... this:0x2756c4c8.
12-01 14:18:03.007 D/[blink]FrameView( 3838): [updateStyleAndLayoutIfNeededRecursiveInternal] end... this:0x2756bc50.
12-01 14:18:03.007 D/[blink]FrameView( 3838): [updateLifecyclePhasesInternal] in... this:0x2756bc50, targetState=18
12-01 14:18:03.007 D/[blink]FrameView( 3838): [updateLifecyclePhasesInternal] call compositor()->updateIfNeededRecursive()!
12-01 14:18:03.009 D/[blink] ImagePainter( 3838): [paintReplaced] ImagePainter::paintReplaced in w=21056, h=3712.
12-01 14:18:03.009 D/[blink] ImagePainter( 3838): [paintReplaced] ImagePainter::paintReplaced in w=14272, h=1792.
12-01 14:18:03.009 D/[blink] ImagePainter( 3838): [paintReplaced] ImagePainter::paintReplaced in w=17472, h=9792.
12-01 14:18:03.009 D/[blink] ImagePainter( 3838): [paintReplaced] ImagePainter::paintReplaced in w=3648, h=3904.
12-01 14:18:03.009 D/[blink] ImagePainter( 3838): [paintReplaced] ImagePainter::paintReplaced in w=17472, h=9792.
12-01 14:18:03.009 D/[blink] ImagePainter( 3838): [paintReplaced] ImagePainter::paintReplaced in w=3648, h=3904.
12-01 14:18:03.009 D/[blink] ImagePainter( 3838): [paintReplaced] ImagePainter::paintReplaced in w=17472, h=9792.
12-01 14:18:03.009 D/[blink] ImagePainter( 3838): [paintReplaced] ImagePainter::paintReplaced in w=17472, h=9792.
12-01 14:18:03.009 D/[blink] ImagePainter( 3838): [paintReplaced] ImagePainter::paintReplaced in w=4800, h=5184.
12-01 14:18:03.009 D/[blink] ImagePainter( 3838): [paintReplaced] ImagePainter::paintReplaced in w=4800, h=5184.
12-01 14:18:03.009 D/[blink] ImagePainter( 3838): [paintReplaced] ImagePainter::paintReplaced in w=4800, h=5184.
12-01 14:18:03.009 D/[blink] ImagePainter( 3838): [paintReplaced] ImagePainter::paintReplaced in w=4800, h=5184.
12-01 14:18:03.009 D/[blink] ImagePainter( 3838): [paintReplaced] ImagePainter::paintReplaced in w=1408, h=768.
12-01 14:18:03.009 D/[blink]FrameView( 3838): [updateLifecyclePhasesInternal] end... this:0x2756bc50
12-01 14:18:03.015 I/Advanced( 3838): [QUEUE] share_queue_sendEx size:1 4097 443 0x8ec2d770,postLoopId:0,dstid:1.
12-01 14:18:03.017 V/PT      ( 1581): >>INFO:irkey_task:[     727.161998] /dev/input/event0: type=0001 code=001c val=00000000
12-01 14:18:03.017 D/ir_user ( 1585): PlayerTimeLineTrace:linux_keycode:0x1c(UP),	protocol: .
12-01 14:18:03.017 V/PT      ( 1581): >>INFO:irkey_send:0x3001 0x1001 up  
12-01 14:18:03.017 V/SUMA    ( 1581): ++++++++++++++  _roc_evtmgr_key_cbk 517:input = 12289, event=4097, act=0x400
12-01 14:18:03.017 V/SUMA    ( 1581): lxm:_roc_evtmgr_key_cbk 519 727162
12-01 14:18:03.017 V/SUMA    ( 1581): lxm:_roc_evtmgr_add_key_into_queue 311 727162
12-01 14:18:03.017 V/PT      ( 1581): >>INFO:irkey_task:[     727.161998] /dev/input/event0: type=0000 code=0000 val=00000000
12-01 14:18:03.017 V/SUMA    ( 1581): ===================>> type=0 src=0 evt=4097 act=0x400
12-01 14:18:03.017 V/SUMA    ( 1581): [sysset-s][event_manager_cbk 78]lxm cbid=1, cbk_reg=1, cpid=2464
12-01 14:18:03.017 D/NGBEvent( 2464): ngbEventCallBack type:0 source :4097
12-01 14:18:03.017 D/NGBEvent( 2464): [NGBEventManager-JNI]-returning:1
12-01 14:18:03.017 D/NGBEvent( 2464): Input key event: keyCode=4097
12-01 14:18:03.017 D/NGBEvent( 2464): src:4097 = dest:4097
12-01 14:18:03.018 I/System.out( 2464): [DEBUG EventManager] LWJ--Add event to java with evt=NgbEvent-[type = 1, subtype = 402, code = 4097]
12-01 14:18:03.018 D/NGBEvent( 2464): [NGBEvent_log]--[EventManager--JNI]:		start
12-01 14:18:03.018 I/System.out( 2464): [DEBUG EventManager] broadcastEvent  :len 1
12-01 14:18:03.018 D/KeyEventNgbDealer( 2464): [TN_pool-1-thread-1]handleKeyReleased keyEvent=NgbEvent-[type = 1, subtype = 402, code = 4097],time=727162
12-01 14:18:03.018 D/RemoteIME( 2344): RemoteIME--> onKeyUp keyCode = 23
12-01 14:18:03.018 D/ResourceLoader( 3838): [ResponseCompleted] finish request 0x9f4eb480 url='http://10.14.41.245:13160/homed/program/get_list?accesstoken=R5A1D2EE5U20887029K53724E0DIA6230E0AP8M2FAF083WDC013F7D151&label=288&pageidx=1&pagenum=20&depth=2'
12-01 14:18:03.019 D/cr_AwTestContainerView( 3838): [AwTestContainerView.java:63] [mainFrame]: [2017-11-21 17:52:03] dispatchKeyEvent keyCode = 23 event = KeyEvent { action=ACTION_UP, keyCode=KEYCODE_DPAD_CENTER, scanCode=28, metaState=0, flags=0x8, repeatCount=0, eventTime=727161, downTime=726952, deviceId=4, source=0x701 }
12-01 14:18:03.019 D/ImeAdapterAndroid( 3838): [SendKeyEvent] [BUILD TIME: ] dispatchKeyEvent key_code=23 modifiers=0 unicode_char=0 scan_code=28 is_system=0 tm=727161
12-01 14:18:03.020 D/V8ScriptRunner( 3838): [callFunction] start. frame = 0x4570bdb8 function: xmlHttp.onreadystatechange url: http://10.14.41.246/application/bxfc/sec/js/common.js line: 276
12-01 14:18:03.020 D/V8ScriptRunner( 3838): [callFunction] end. frame = 0x4570bdb8 function: xmlHttp.onreadystatechange url: http://10.14.41.246/application/bxfc/sec/js/common.js line: 276
12-01 14:18:03.020 D/V8ScriptRunner( 3838): [callFunction] start. frame = 0x4570bdb8 function: xmlHttp.onreadystatechange url: http://10.14.41.246/application/bxfc/sec/js/common.js line: 276
12-01 14:18:03.020 D/V8ScriptRunner( 3838): [callFunction] end. frame = 0x4570bdb8 function: xmlHttp.onreadystatechange url: http://10.14.41.246/application/bxfc/sec/js/common.js line: 276
12-01 14:18:03.020 D/[blink]ResourceFetcher( 3838): [didFinishLoading] encoded length=3211 url=http://10.14.41.245:13160/homed/program/get_list?accesstoken=R5A1D2EE5U20887029K53724E0DIA6230E0AP8M2FAF083WDC013F7D151&label=288&pageidx=1&pagenum=20&depth=2.
12-01 14:18:03.021 D/V8ScriptRunner( 3838): [callFunction] start. frame = 0x4570bdb8 function: xmlHttp.onreadystatechange url: http://10.14.41.246/application/bxfc/sec/js/common.js line: 276
12-01 14:18:03.025 D/iPanel  ( 3838): iPanel.debug("----result_data.list.length--:2")
12-01 14:18:03.026 D/[blink]ResourceFetcher( 3838): [requestResource] url=http://slave.tvos_cf96066.cn:13160/poster/movie/100000707/375x210_1.jpg.
12-01 14:18:03.026 D/url     ( 3838): [DoResolveRelative] [WEB] DoResolveRelative Error resolving.
12-01 14:18:03.027 D/[blink]memoryCache( 3838): [evict] remove:http://slave.tvos_cf96066.cn:13160/poster/movie/100000707/375x210_1.jpg
12-01 14:18:03.027 D/iPanel  ( 3838): iPanel.debug("----$(recImg0).src--:http://slave.tvos_cf96066.cn:13160/poster/movie/100000707/375x210_1.jpg")
12-01 14:18:03.027 D/ResourceLoader( 3838): [StartRequest] start request 0x9f7ac380 url='http://slave.tvos_cf96066.cn:13160/poster/movie/100000707/375x210_1.jpg'
12-01 14:18:03.027 D/AwRequestInterceptor( 3838): [MaybeInterceptRequest] request=0x9f7ac380
12-01 14:18:03.028 D/cr_AwContents( 3838): [AwContents.java:520] BackgroundThreadClientImpl shouldInterceptRequest url = http://slave.tvos_cf96066.cn:13160/poster/movie/100000707/375x210_1.jpg
12-01 14:18:03.028 D/cr_AwNullContentsClient( 3838): [AwNullContentsClient.java:59] shouldInterceptRequest url=http://slave.tvos_cf96066.cn:13160/poster/movie/100000707/375x210_1.jpg
12-01 14:18:03.028 D/BrowserWebViewClient( 3838): intercept request :http://slave.tvos_cf96066.cn:13160/poster/movie/100000707/375x210_1.jpg
12-01 14:18:03.028 D/ChromeClientImpl( 3838): [addMessageToConsole] [LOG:CONSOLE(491)] "20171113", source:http://10.14.41.246/application/bxfc/sec/index.htm (491)
12-01 14:18:03.028 D/AwRequestInterceptor( 3838): [MaybeInterceptRequest] request=0x9f7ac380
12-01 14:18:03.028 D/[blink]ResourceFetcher( 3838): [requestResource] url=http://slave.tvos_cf96066.cn:13160/poster/movie/100000493/375x210_1.jpg.
12-01 14:18:03.029 D/url     ( 3838): [DoResolveRelative] [WEB] DoResolveRelative Error resolving.
12-01 14:18:03.029 D/[blink]memoryCache( 3838): [evict] remove:http://slave.tvos_cf96066.cn:13160/poster/movie/100000493/375x210_1.jpg
12-01 14:18:03.029 D/iPanel  ( 3838): iPanel.debug("----$(recImg1).src--:http://slave.tvos_cf96066.cn:13160/poster/movie/100000493/375x210_1.jpg")
12-01 14:18:03.030 D/ChromeClientImpl( 3838): [addMessageToConsole] [LOG:CONSOLE(491)] "20171025", source:http://10.14.41.246/application/bxfc/sec/index.htm (491)
12-01 14:18:03.030 D/ResourceLoader( 3838): [StartRequest] start request 0x9f7ab900 url='http://slave.tvos_cf96066.cn:13160/poster/movie/100000493/375x210_1.jpg'
12-01 14:18:03.030 D/AwRequestInterceptor( 3838): [MaybeInterceptRequest] request=0x9f7ab900
12-01 14:18:03.030 D/cr_AwContents( 3838): [AwContents.java:520] BackgroundThreadClientImpl shouldInterceptRequest url = http://slave.tvos_cf96066.cn:13160/poster/movie/100000493/375x210_1.jpg
12-01 14:18:03.030 D/cr_AwNullContentsClient( 3838): [AwNullContentsClient.java:59] shouldInterceptRequest url=http://slave.tvos_cf96066.cn:13160/poster/movie/100000493/375x210_1.jpg
12-01 14:18:03.030 D/BrowserWebViewClient( 3838): intercept request :http://slave.tvos_cf96066.cn:13160/poster/movie/100000493/375x210_1.jpg
12-01 14:18:03.030 D/AwRequestInterceptor( 3838): [MaybeInterceptRequest] request=0x9f7ab900
12-01 14:18:03.032 D/V8ScriptRunner( 3838): [callFunction] end. frame = 0x4570bdb8 function: xmlHttp.onreadystatechange url: http://10.14.41.246/application/bxfc/sec/js/common.js line: 276
12-01 14:18:03.032 D/RenderWidgetInputHandler( 3838): [HandleInputEvent] input_event type=9 name=KeyUp
12-01 14:18:03.032 D/RenderWidgetInputHandler( 3838): [HandleInputEvent] key_event.nativeKeyCode:23,widget_->GetTextInputType():0
12-01 14:18:03.032 D/RenderWidgetInputHandler( 3838): [HandleInputEvent] input_event type=9 prevent_default:0
12-01 14:18:03.032 D/WebViewImpl( 3838): [handleKeyEvent] keycode:13, eventType:9 native keycode:23 frame=0x4570bdb8. url='http://10.14.41.246/application/bxfc/sec/index.htm'.
12-01 14:18:03.032 D/[blink]KeyboardEventManager( 3838): [keyEvent] initialKeyEvent KeyUp nativeKeyCode=23 windowsKeyCode=13 text[0]=13
12-01 14:18:03.033 D/[blink]KeyboardEventManager( 3838): [keyEvent] initialKeyEvent focusedNode=0x0
12-01 14:18:03.033 D/[cc]ProxyMain( 3838): [BeginMainFrame] cc.BeginMainFrame this:0x9f6c81a0
12-01 14:18:03.033 D/[cc]LayerTreeHost( 3838): [AnimateLayers] AnimateLayers monotonic_time=727166637
12-01 14:18:03.033 D/[blink]FrameView( 3838): [updateStyleAndLayoutIfNeededRecursiveInternal] in... this:0x2756bc50.
12-01 14:18:03.034 D/[blink]FrameView( 3838): [layout] start... this:0x2756bc50, frame=0x4570bdb8 content size(1280, 720). 
12-01 14:18:03.034 D/[blink]FrameView( 3838): [layout] performPreLayoutTasks start... this:0x2756bc50
12-01 14:18:03.034 D/[blink]FrameView( 3838): [layout] performPreLayoutTasks end... this:0x2756bc50
12-01 14:18:03.034 D/[blink]FrameView( 3838): [layout] performLayout start... this:0x2756bc50
12-01 14:18:03.036 D/[blink]FrameView( 3838): [layout] performLayout end... this:0x2756bc50
12-01 14:18:03.036 D/[blink]FrameView( 3838): [layout] call compositor()->didLayout()!
12-01 14:18:03.036 D/[blink]FrameView( 3838): [layout] updateDocumentAnnotatedRegions start... this:0x2756bc50
12-01 14:18:03.036 D/[blink]FrameView( 3838): [layout] scheduleOrPerformPostLayoutTasks start... this:0x2756bc50
12-01 14:18:03.037 D/[blink]FrameView( 3838): [layout] end... this:0x2756bc50
12-01 14:18:03.037 D/[blink]FrameView( 3838): [layout] out... this:0x2756bc50
12-01 14:18:03.037 D/[blink]FrameView( 3838): [updateStyleAndLayoutIfNeededRecursiveInternal] in... this:0x2756c4c8.
12-01 14:18:03.037 D/[blink]FrameView( 3838): [updateStyleAndLayoutIfNeededRecursiveInternal] end... this:0x2756c4c8.
12-01 14:18:03.037 D/[blink]FrameView( 3838): [updateStyleAndLayoutIfNeededRecursiveInternal] end... this:0x2756bc50.
12-01 14:18:03.037 D/[blink]FrameView( 3838): [updateLifecyclePhasesInternal] in... this:0x2756bc50, targetState=18
12-01 14:18:03.037 D/[blink]FrameView( 3838): [updateLifecyclePhasesInternal] call compositor()->updateIfNeededRecursive()!
12-01 14:18:03.037 D/ResourceLoader( 3838): [ResponseCompleted] finish request 0x9f7ac380 url='http://slave.tvos_cf96066.cn:13160/poster/movie/100000707/375x210_1.jpg'
12-01 14:18:03.038 D/[blink] ImagePainter( 3838): [paintReplaced] ImagePainter::paintReplaced in w=21056, h=3712.
12-01 14:18:03.039 D/[blink] ImagePainter( 3838): [paintReplaced] ImagePainter::paintReplaced in w=14272, h=1792.
12-01 14:18:03.039 D/[blink] ImagePainter( 3838): [paintReplaced] ImagePainter::paintReplaced in w=17472, h=9792.
12-01 14:18:03.039 D/[blink] ImagePainter( 3838): [paintReplaced] ImagePainter::paintReplaced out.
12-01 14:18:03.039 D/[blink] ImagePainter( 3838): [paintReplaced] ImagePainter::paintReplaced in w=3648, h=3904.
12-01 14:18:03.039 D/[blink] BoxPainter( 3838): [paintBoxDecorationBackgroundWithRect] BoxPainter::paintBoxDecorationBackgroundWithRect isImage=0, isLayoutImage=0
12-01 14:18:03.039 D/[blink] ImagePainter( 3838): [paintReplaced] ImagePainter::paintReplaced in w=17472, h=9792.
12-01 14:18:03.039 D/[blink] ImagePainter( 3838): [paintReplaced] ImagePainter::paintReplaced out.
12-01 14:18:03.039 D/[blink] ImagePainter( 3838): [paintReplaced] ImagePainter::paintReplaced in w=3648, h=3904.
12-01 14:18:03.039 D/[blink] BoxPainter( 3838): [paintBoxDecorationBackgroundWithRect] BoxPainter::paintBoxDecorationBackgroundWithRect isImage=0, isLayoutImage=0
12-01 14:18:03.039 D/[blink] ImagePainter( 3838): [paintReplaced] ImagePainter::paintReplaced in w=4800, h=5184.
12-01 14:18:03.039 D/[blink] ImagePainter( 3838): [paintReplaced] ImagePainter::paintReplaced in w=4800, h=5184.
12-01 14:18:03.039 D/[blink] ImagePainter( 3838): [paintReplaced] ImagePainter::paintReplaced in w=4800, h=5184.
12-01 14:18:03.039 D/[blink] ImagePainter( 3838): [paintReplaced] ImagePainter::paintReplaced in w=4800, h=5184.
12-01 14:18:03.039 D/[blink] ImagePainter( 3838): [paintReplaced] ImagePainter::paintReplaced in w=1408, h=768.
12-01 14:18:03.039 D/[blink]FrameView( 3838): [updateLifecyclePhasesInternal] end... this:0x2756bc50
12-01 14:18:03.049 D/[blink] ImageResource( 3838): [updateImage] allDataReceived!! data size=4356
12-01 14:18:03.049 D/[blink] ImageResource( 3838): [updateImage] allDataReceived!! data size=8712
12-01 14:18:03.049 D/[blink] ImageResource( 3838): [updateImage] allDataReceived!! data size=11616
12-01 14:18:03.049 D/[blink] ImageResource( 3838): [updateImage] allDataReceived!! data size=14520
12-01 14:18:03.049 D/[blink] ImageResource( 3838): [updateImage] allDataReceived!! data size=17424
12-01 14:18:03.049 D/[blink] ImageResource( 3838): [updateImage] allDataReceived!! data size=18876
12-01 14:18:03.050 D/[blink] ImageResource( 3838): [updateImage] allDataReceived!! data size=21780
12-01 14:18:03.050 D/ResourceLoader( 3838): [ResponseCompleted] finish request 0x9f7ab900 url='http://slave.tvos_cf96066.cn:13160/poster/movie/100000493/375x210_1.jpg'
12-01 14:18:03.051 D/[blink] ImageResource( 3838): [updateImage] allDataReceived!! data size=24684
12-01 14:18:03.051 D/[blink] ImageResource( 3838): [updateImage] allDataReceived!! data size=29040
12-01 14:18:03.051 D/[blink] ImageResource( 3838): [updateImage] allDataReceived!! data size=31944
12-01 14:18:03.051 D/[blink] ImageResource( 3838): [updateImage] allDataReceived!! data size=34848
12-01 14:18:03.051 D/[blink] ImageResource( 3838): [updateImage] allDataReceived!! data size=37752
12-01 14:18:03.051 D/[blink] ImageResource( 3838): [updateImage] allDataReceived!! data size=40656
12-01 14:18:03.051 D/[blink] ImageResource( 3838): [updateImage] allDataReceived!! data size=42629
12-01 14:18:03.052 D/[blink]ResourceFetcher( 3838): [didFinishLoading] encoded length=42739 url=http://slave.tvos_cf96066.cn:13160/poster/movie/100000707/375x210_1.jpg.
12-01 14:18:03.052 D/[blink] ImageResource( 3838): [updateImage] allDataReceived!! data size=42629
12-01 14:18:03.052 D/[blink] ImageResource( 3838): [updateImage] allDataReceived!! data size=3986
12-01 14:18:03.052 D/[blink] ImageResource( 3838): [updateImage] allDataReceived!! data size=46998
12-01 14:18:03.053 D/[blink]ResourceFetcher( 3838): [didFinishLoading] encoded length=47108 url=http://slave.tvos_cf96066.cn:13160/poster/movie/100000493/375x210_1.jpg.
12-01 14:18:03.053 D/[blink] ImageResource( 3838): [updateImage] allDataReceived!! data size=46998
12-01 14:18:03.053 D/[cc]ProxyMain( 3838): [BeginMainFrame] cc.BeginMainFrame this:0x9f6c81a0
12-01 14:18:03.053 D/[cc]LayerTreeHost( 3838): [AnimateLayers] AnimateLayers monotonic_time=727183304
12-01 14:18:03.053 D/[blink]FrameView( 3838): [updateStyleAndLayoutIfNeededRecursiveInternal] in... this:0x2756bc50.
12-01 14:18:03.053 D/[blink]FrameView( 3838): [updateStyleAndLayoutIfNeededRecursiveInternal] in... this:0x2756c4c8.
12-01 14:18:03.053 D/[blink]FrameView( 3838): [updateStyleAndLayoutIfNeededRecursiveInternal] end... this:0x2756c4c8.
12-01 14:18:03.053 D/[blink]FrameView( 3838): [updateStyleAndLayoutIfNeededRecursiveInternal] end... this:0x2756bc50.
12-01 14:18:03.053 D/[blink]FrameView( 3838): [updateLifecyclePhasesInternal] in... this:0x2756bc50, targetState=18
12-01 14:18:03.053 D/[blink]FrameView( 3838): [updateLifecyclePhasesInternal] call compositor()->updateIfNeededRecursive()!
12-01 14:18:03.053 D/[blink] ImagePainter( 3838): [paintReplaced] ImagePainter::paintReplaced in w=21056, h=3712.
12-01 14:18:03.054 D/[blink] ImagePainter( 3838): [paintReplaced] ImagePainter::paintReplaced in w=14272, h=1792.
12-01 14:18:03.054 D/[blink] ImagePainter( 3838): [paintReplaced] ImagePainter::paintReplaced in w=17472, h=9792.
12-01 14:18:03.054 D/[blink] ImagePainter( 3838): [paintReplaced] ImagePainter::paintReplaced out.
12-01 14:18:03.054 D/[blink] ImagePainter( 3838): [paintReplaced] ImagePainter::paintReplaced in w=3648, h=3904.
12-01 14:18:03.054 D/[blink] ImagePainter( 3838): [paintReplaced] ImagePainter::paintReplaced in w=17472, h=9792.
12-01 14:18:03.054 D/[blink] ImagePainter( 3838): [paintReplaced] ImagePainter::paintReplaced out.
12-01 14:18:03.054 D/[blink] ImagePainter( 3838): [paintReplaced] ImagePainter::paintReplaced in w=3648, h=3904.
12-01 14:18:03.054 D/[blink] ImagePainter( 3838): [paintReplaced] ImagePainter::paintReplaced in w=4800, h=5184.
12-01 14:18:03.054 D/[blink] ImagePainter( 3838): [paintReplaced] ImagePainter::paintReplaced in w=4800, h=5184.
12-01 14:18:03.054 D/[blink] ImagePainter( 3838): [paintReplaced] ImagePainter::paintReplaced in w=4800, h=5184.
12-01 14:18:03.054 D/[blink] ImagePainter( 3838): [paintReplaced] ImagePainter::paintReplaced in w=4800, h=5184.
12-01 14:18:03.054 D/[blink] ImagePainter( 3838): [paintReplaced] ImagePainter::paintReplaced in w=1408, h=768.
12-01 14:18:03.054 D/[blink]FrameView( 3838): [updateLifecyclePhasesInternal] end... this:0x2756bc50
12-01 14:18:03.055 D/[skia]SkBitmap( 3838): [tryAllocPixels] allocator:0x39a723c8
12-01 14:18:03.056 D/[skia]SkBitmap( 3838): [tryAllocPixels] allocator:0x39a72f08
12-01 14:18:03.069 D/BackBootDealerNeimeng( 2381): standbyState:
12-01 14:18:03.070 E/NetUtils( 1999): Interface eth0 LinkUp!
12-01 14:18:03.215 I/Advanced( 3838): [QUEUE] share_queue_sendEx size:1 4097 444 0x8ec2d770,postLoopId:0,dstid:1.
12-01 14:18:03.415 I/Advanced( 3838): [QUEUE] share_queue_sendEx size:1 4097 445 0x8ec2d770,postLoopId:0,dstid:1.
12-01 14:18:03.570 D/BackBootDealerNeimeng( 2381): standbyState:
12-01 14:18:03.571 E/NetUtils( 1999): Interface eth0 LinkUp!
12-01 14:18:03.616 I/Advanced( 3838): [QUEUE] share_queue_sendEx size:1 4097 446 0x8ec2d770,postLoopId:0,dstid:1.
12-01 14:18:03.657 I/AdvancedPorting-PORT_MODULE_NET( 3838): network_task while... 
12-01 14:18:03.657 I/AdvancedPorting-PORT_MODULE_NET( 3838): 0 interface name: lo
12-01 14:18:03.657 I/AdvancedPorting-PORT_MODULE_NET( 3838): 1 interface name: eth0
12-01 14:18:03.657 I/AdvancedPorting-PORT_MODULE_NET( 3838): 2 interface name: wlan0
12-01 14:18:03.657 I/AdvancedPorting-PORT_MODULE_NET( 3838): First interface name: lo
12-01 14:18:03.657 I/AdvancedPorting-PORT_MODULE_NET( 3838): network_task while...  net_i:1
12-01 14:18:03.657 I/AdvancedPorting-PORT_MODULE_NET( 3838): network_task while---name_interface[0]=lo
12-01 14:18:03.657 I/AdvancedPorting-PORT_MODULE_NET( 3838): network_task while---name_interface[1]=eth0
12-01 14:18:03.657 I/AdvancedPorting-PORT_MODULE_NET( 3838): network_task while---interface_name=eth0
12-01 14:18:03.657 I/AdvancedPorting-PORT_MODULE_NET( 3838): network_get_netlink_status(in)--if_name=eth0
12-01 14:18:03.657 I/AdvancedPorting-PORT_MODULE_NET( 3838): net.network.isconnected = no
12-01 14:18:03.657 I/AdvancedPorting-PORT_MODULE_NET( 3838): eth0 --network_get_netlink_status return retval=1
12-01 14:18:03.657 I/AdvancedPorting-PORT_MODULE_NET( 3838): stat = 1 last_status = 1
12-01 14:18:03.777 D/ir_user ( 1585): PlayerTimeLineTrace:linux_keycode:0x6a(DOWN),	protocol: .
12-01 14:18:03.777 V/PT      ( 1581): >>INFO:irkey_task:[     727.921655] /dev/input/event0: type=0001 code=006a val=00000001
12-01 14:18:03.777 V/PT      ( 1581): >>INFO:irkey_send:0x3001 0x0027 down
12-01 14:18:03.777 V/SUMA    ( 1581): ++++++++++++++  _roc_evtmgr_key_cbk 517:input = 12289, event=39, act=0x100
12-01 14:18:03.777 V/SUMA    ( 1581): lxm:_roc_evtmgr_key_cbk 519 727921
12-01 14:18:03.777 V/SUMA    ( 1581): lxm:_roc_evtmgr_add_evt_into_queue 347 727922
12-01 14:18:03.777 V/PT      ( 1581): >>INFO:irkey_task:[     727.921655] /dev/input/event0: type=0000 code=0000 val=00000000
12-01 14:18:03.777 V/SUMA    ( 1581): ===================>> type=0 src=0 evt=39 act=0x100
12-01 14:18:03.777 V/SUMA    ( 1581): [sysset-s][event_manager_cbk 78]lxm cbid=1, cbk_reg=1, cpid=2464
12-01 14:18:03.778 D/NGBEvent( 2464): ngbEventCallBack type:0 source :39
12-01 14:18:03.778 D/NGBEvent( 2464): [NGBEventManager-JNI]-returning:1
12-01 14:18:03.778 D/NGBEvent( 2464): Input key event: keyCode=39
12-01 14:18:03.778 D/NGBEvent( 2464): src:39 = dest:39
12-01 14:18:03.778 I/System.out( 2464): [DEBUG EventManager] LWJ--Add event to java with evt=NgbEvent-[type = 1, subtype = 401, code = 39]
12-01 14:18:03.778 D/NGBEvent( 2464): [NGBEvent_log]--[EventManager--JNI]:		start
12-01 14:18:03.778 I/System.out( 2464): [DEBUG EventManager] broadcastEvent  :len 1
12-01 14:18:03.778 D/CombineKeyUtil( 2464): [TN_pool-1-thread-1]dealKeyEvent,combineIndex:-1:keyCode:22
12-01 14:18:03.778 D/KeyEventNgbDealer( 2464): [TN_pool-1-thread-1]handleKeyPressed keyEvent=NgbEvent-[type = 1, subtype = 401, code = 39],time=727923
12-01 14:18:03.779 D/RemoteIME( 2344): onKeyDown event = KeyEvent { action=ACTION_DOWN, keyCode=KEYCODE_DPAD_RIGHT, scanCode=106, metaState=0, flags=0x8, repeatCount=0, eventTime=727921, downTime=727921, deviceId=4, source=0x701 },mSkbContainer=null
12-01 14:18:03.781 D/cr_AwTestContainerView( 3838): [AwTestContainerView.java:63] [mainFrame]: [2017-11-21 17:52:03] dispatchKeyEvent keyCode = 22 event = KeyEvent { action=ACTION_DOWN, keyCode=KEYCODE_DPAD_RIGHT, scanCode=106, metaState=0, flags=0x8, repeatCount=0, eventTime=727921, downTime=727921, deviceId=4, source=0x701 }
12-01 14:18:03.781 D/ImeAdapterAndroid( 3838): [SendKeyEvent] [BUILD TIME: ] dispatchKeyEvent key_code=22 modifiers=0 unicode_char=0 scan_code=106 is_system=0 tm=727921
12-01 14:18:03.782 D/RenderWidgetInputHandler( 3838): [HandleInputEvent] input_event type=8 name=KeyDown
12-01 14:18:03.782 D/RenderWidgetInputHandler( 3838): [HandleInputEvent] key_event.nativeKeyCode:22,widget_->GetTextInputType():0
12-01 14:18:03.782 D/RenderWidgetInputHandler( 3838): [HandleInputEvent] input_event type=8 prevent_default:0
12-01 14:18:03.782 D/WebViewImpl( 3838): [handleKeyEvent] keycode:39, eventType:8 native keycode:22 frame=0x4570bdb8. url='http://10.14.41.246/application/bxfc/sec/index.htm'.
12-01 14:18:03.782 D/[blink]KeyboardEventManager( 3838): [keyEvent] initialKeyEvent KeyDown nativeKeyCode=22 windowsKeyCode=39 text[0]=0
12-01 14:18:03.782 D/[blink]KeyboardEventManager( 3838): [keyEvent] initialKeyEvent focusedNode=0x0
12-01 14:18:03.783 D/V8ScriptRunner( 3838): [callFunction] start. frame = 0x4570bdb8 function: eventHandler url: http://10.14.41.246/application/bxfc/sec/index.htm line: 179
12-01 14:18:03.786 D/base::KeyConverter( 3838): [get] convert 22 => -1.
12-01 14:18:03.787 D/iPanel  ( 3838): iPanel.debug("---141----popFlag=false")
12-01 14:18:03.788 D/iPanel  ( 3838): iPanel.debug("---142----ifrSrc=http://10.14.41.246/application/bxfc/sec/index.htm")
12-01 14:18:03.788 D/iPanel  ( 3838): iPanel.debug("-------主窗口按键响应=KEY_RIGHT")
12-01 14:18:03.789 D/ChromeClientImpl( 3838): [addMessageToConsole] [LOG:CONSOLE(791)] "0", source:http://10.14.41.246/application/bxfc/sec/index.htm (791)
12-01 14:18:03.789 D/[cc]beginFrameSource( 3838): [AddObserver] ExternalBeginFrameSource::AddObserver
12-01 14:18:03.789 D/iPanel  ( 3838): iPanel.debug("-------keyRight=KEY_RIGHT")
12-01 14:18:03.789 D/V8ScriptRunner( 3838): [callFunction] end. frame = 0x4570bdb8 function: eventHandler url: http://10.14.41.246/application/bxfc/sec/index.htm line: 179
12-01 14:18:03.789 D/[blink]KeyboardEventManager( 3838): [keyEvent] dispatchResult = CanceledByEventHandler
12-01 14:18:03.806 D/[cc]ProxyMain( 3838): [BeginMainFrame] cc.BeginMainFrame this:0x9f6c81a0
12-01 14:18:03.806 D/[cc]LayerTreeHost( 3838): [AnimateLayers] AnimateLayers monotonic_time=727949970
12-01 14:18:03.806 D/[blink]FrameView( 3838): [updateStyleAndLayoutIfNeededRecursiveInternal] in... this:0x2756bc50.
12-01 14:18:03.806 D/[blink]FrameView( 3838): [layout] start... this:0x2756bc50, frame=0x4570bdb8 content size(1280, 720). 
12-01 14:18:03.806 D/[blink]FrameView( 3838): [layout] performPreLayoutTasks start... this:0x2756bc50
12-01 14:18:03.806 D/[blink]FrameView( 3838): [layout] performPreLayoutTasks end... this:0x2756bc50
12-01 14:18:03.806 D/[blink]FrameView( 3838): [layout] performLayout start... this:0x2756bc50
12-01 14:18:03.806 D/[blink]FrameView( 3838): [layout] performLayout end... this:0x2756bc50
12-01 14:18:03.806 D/[blink]FrameView( 3838): [layout] call compositor()->didLayout()!
12-01 14:18:03.806 D/[blink]FrameView( 3838): [layout] updateDocumentAnnotatedRegions start... this:0x2756bc50
12-01 14:18:03.806 D/[blink]FrameView( 3838): [layout] scheduleOrPerformPostLayoutTasks start... this:0x2756bc50
12-01 14:18:03.806 D/[blink]FrameView( 3838): [layout] end... this:0x2756bc50
12-01 14:18:03.806 D/[blink]FrameView( 3838): [layout] out... this:0x2756bc50
12-01 14:18:03.806 D/[blink]FrameView( 3838): [updateStyleAndLayoutIfNeededRecursiveInternal] in... this:0x2756c4c8.
12-01 14:18:03.806 D/[blink]FrameView( 3838): [updateStyleAndLayoutIfNeededRecursiveInternal] end... this:0x2756c4c8.
12-01 14:18:03.806 D/[blink]FrameView( 3838): [updateStyleAndLayoutIfNeededRecursiveInternal] end... this:0x2756bc50.
12-01 14:18:03.806 D/[blink]FrameView( 3838): [updateLifecyclePhasesInternal] in... this:0x2756bc50, targetState=18
12-01 14:18:03.806 D/[blink]FrameView( 3838): [updateLifecyclePhasesInternal] call compositor()->updateIfNeededRecursive()!
12-01 14:18:03.808 D/[blink] ImagePainter( 3838): [paintReplaced] ImagePainter::paintReplaced in w=21056, h=3712.
12-01 14:18:03.808 D/[blink] ImagePainter( 3838): [paintReplaced] ImagePainter::paintReplaced in w=14272, h=1792.
12-01 14:18:03.808 D/[blink] ImagePainter( 3838): [paintReplaced] ImagePainter::paintReplaced in w=17472, h=9792.
12-01 14:18:03.808 D/[blink] ImagePainter( 3838): [paintReplaced] ImagePainter::paintReplaced in w=3648, h=3904.
12-01 14:18:03.808 D/[blink] ImagePainter( 3838): [paintReplaced] ImagePainter::paintReplaced in w=17472, h=9792.
12-01 14:18:03.808 D/[blink] ImagePainter( 3838): [paintReplaced] ImagePainter::paintReplaced in w=3648, h=3904.
12-01 14:18:03.808 D/[blink] ImagePainter( 3838): [paintReplaced] ImagePainter::paintReplaced in w=4800, h=5184.
12-01 14:18:03.808 D/[blink] ImagePainter( 3838): [paintReplaced] ImagePainter::paintReplaced out.
12-01 14:18:03.808 D/[blink] ImagePainter( 3838): [paintReplaced] ImagePainter::paintReplaced in w=4800, h=5184.
12-01 14:18:03.808 D/[blink] ImagePainter( 3838): [paintReplaced] ImagePainter::paintReplaced out.
12-01 14:18:03.808 D/[blink] ImagePainter( 3838): [paintReplaced] ImagePainter::paintReplaced in w=4800, h=5184.
12-01 14:18:03.808 D/[blink] ImagePainter( 3838): [paintReplaced] ImagePainter::paintReplaced out.
12-01 14:18:03.808 D/[blink] ImagePainter( 3838): [paintReplaced] ImagePainter::paintReplaced in w=4800, h=5184.
12-01 14:18:03.808 D/[blink] ImagePainter( 3838): [paintReplaced] ImagePainter::paintReplaced out.
12-01 14:18:03.808 D/[blink] ImagePainter( 3838): [paintReplaced] ImagePainter::paintReplaced in w=1408, h=768.
12-01 14:18:03.809 D/[blink]FrameView( 3838): [updateLifecyclePhasesInternal] end... this:0x2756bc50
12-01 14:18:03.986 D/ir_user ( 1585): PlayerTimeLineTrace:linux_keycode:0x6a(UP),	protocol: .
12-01 14:18:03.986 V/PT      ( 1581): >>INFO:irkey_task:[     728.130909] /dev/input/event0: type=0001 code=006a val=00000000
12-01 14:18:03.986 V/PT      ( 1581): >>INFO:irkey_send:0x3001 0x0027 up  
12-01 14:18:03.986 V/SUMA    ( 1581): ++++++++++++++  _roc_evtmgr_key_cbk 517:input = 12289, event=39, act=0x400
12-01 14:18:03.986 V/SUMA    ( 1581): lxm:_roc_evtmgr_key_cbk 519 728131
12-01 14:18:03.986 V/SUMA    ( 1581): lxm:_roc_evtmgr_add_key_into_queue 311 728131
12-01 14:18:03.987 V/PT      ( 1581): >>INFO:irkey_task:[     728.130909] /dev/input/event0: type=0000 code=0000 val=00000000
12-01 14:18:03.987 V/SUMA    ( 1581): ===================>> type=0 src=0 evt=39 act=0x400
12-01 14:18:03.987 V/SUMA    ( 1581): [sysset-s][event_manager_cbk 78]lxm cbid=1, cbk_reg=1, cpid=2464
12-01 14:18:03.987 D/NGBEvent( 2464): ngbEventCallBack type:0 source :39
12-01 14:18:03.987 D/NGBEvent( 2464): [NGBEventManager-JNI]-returning:1
12-01 14:18:03.987 D/NGBEvent( 2464): Input key event: keyCode=39
12-01 14:18:03.987 D/NGBEvent( 2464): src:39 = dest:39
12-01 14:18:03.987 I/System.out( 2464): [DEBUG EventManager] LWJ--Add event to java with evt=NgbEvent-[type = 1, subtype = 402, code = 39]
12-01 14:18:03.987 D/NGBEvent( 2464): [NGBEvent_log]--[EventManager--JNI]:		start
12-01 14:18:03.988 D/RemoteIME( 2344): RemoteIME--> onKeyUp keyCode = 22
12-01 14:18:03.988 I/System.out( 2464): [DEBUG EventManager] broadcastEvent  :len 1
12-01 14:18:03.988 D/KeyEventNgbDealer( 2464): [TN_pool-1-thread-1]handleKeyReleased keyEvent=NgbEvent-[type = 1, subtype = 402, code = 39],time=728132
12-01 14:18:03.990 D/cr_AwTestContainerView( 3838): [AwTestContainerView.java:63] [mainFrame]: [2017-11-21 17:52:03] dispatchKeyEvent keyCode = 22 event = KeyEvent { action=ACTION_UP, keyCode=KEYCODE_DPAD_RIGHT, scanCode=106, metaState=0, flags=0x8, repeatCount=0, eventTime=728130, downTime=727921, deviceId=4, source=0x701 }
12-01 14:18:03.990 D/ImeAdapterAndroid( 3838): [SendKeyEvent] [BUILD TIME: ] dispatchKeyEvent key_code=22 modifiers=0 unicode_char=0 scan_code=106 is_system=0 tm=728130
12-01 14:18:03.991 D/RenderWidgetInputHandler( 3838): [HandleInputEvent] input_event type=9 name=KeyUp
12-01 14:18:03.991 D/RenderWidgetInputHandler( 3838): [HandleInputEvent] key_event.nativeKeyCode:22,widget_->GetTextInputType():0
12-01 14:18:03.991 D/RenderWidgetInputHandler( 3838): [HandleInputEvent] input_event type=9 prevent_default:0
12-01 14:18:03.991 D/WebViewImpl( 3838): [handleKeyEvent] keycode:39, eventType:9 native keycode:22 frame=0x4570bdb8. url='http://10.14.41.246/application/bxfc/sec/index.htm'.
12-01 14:18:03.991 D/[blink]KeyboardEventManager( 3838): [keyEvent] initialKeyEvent KeyUp nativeKeyCode=22 windowsKeyCode=39 text[0]=0
12-01 14:18:03.991 D/[blink]KeyboardEventManager( 3838): [keyEvent] initialKeyEvent focusedNode=0x0
12-01 14:18:04.026 I/Advanced( 3838): [QUEUE] share_queue_sendEx size:1 4097 448 0x8ec2d770,postLoopId:0,dstid:1.
12-01 14:18:04.071 D/BackBootDealerNeimeng( 2381): standbyState:
12-01 14:18:04.072 E/NetUtils( 1999): Interface eth0 LinkUp!
12-01 14:18:04.102 D/ir_user ( 1585): PlayerTimeLineTrace:linux_keycode:0x1c(DOWN),	protocol: .
12-01 14:18:04.102 V/PT      ( 1581): >>INFO:irkey_task:[     728.247275] /dev/input/event0: type=0001 code=001c val=00000001
12-01 14:18:04.102 V/PT      ( 1581): >>INFO:irkey_send:0x3001 0x1001 down
12-01 14:18:04.103 V/SUMA    ( 1581): ++++++++++++++  _roc_evtmgr_key_cbk 517:input = 12289, event=4097, act=0x100
12-01 14:18:04.103 V/SUMA    ( 1581): lxm:_roc_evtmgr_key_cbk 519 728247
12-01 14:18:04.103 V/SUMA    ( 1581): lxm:_roc_evtmgr_add_evt_into_queue 347 728247
12-01 14:18:04.103 V/SUMA    ( 1581): ===================>> type=0 src=0 evt=4097 act=0x100
12-01 14:18:04.103 V/PT      ( 1581): >>INFO:irkey_task:[     728.247275] /dev/input/event0: type=0000 code=0000 val=00000000
12-01 14:18:04.103 V/SUMA    ( 1581): [sysset-s][event_manager_cbk 78]lxm cbid=1, cbk_reg=1, cpid=2464
12-01 14:18:04.103 D/NGBEvent( 2464): ngbEventCallBack type:0 source :4097
12-01 14:18:04.103 D/NGBEvent( 2464): [NGBEventManager-JNI]-returning:1
12-01 14:18:04.103 D/NGBEvent( 2464): Input key event: keyCode=4097
12-01 14:18:04.103 D/NGBEvent( 2464): src:4097 = dest:4097
12-01 14:18:04.104 I/System.out( 2464): [DEBUG EventManager] LWJ--Add event to java with evt=NgbEvent-[type = 1, subtype = 401, code = 4097]
12-01 14:18:04.104 D/NGBEvent( 2464): [NGBEvent_log]--[EventManager--JNI]:		start
12-01 14:18:04.104 D/RemoteIME( 2344): onKeyDown event = KeyEvent { action=ACTION_DOWN, keyCode=KEYCODE_DPAD_CENTER, scanCode=28, metaState=0, flags=0x8, repeatCount=0, eventTime=728247, downTime=728247, deviceId=4, source=0x701 },mSkbContainer=null
12-01 14:18:04.104 I/System.out( 2464): [DEBUG EventManager] broadcastEvent  :len 1
12-01 14:18:04.104 D/CombineKeyUtil( 2464): [TN_pool-1-thread-1]dealKeyEvent,combineIndex:-1:keyCode:23
12-01 14:18:04.104 D/KeyEventNgbDealer( 2464): [TN_pool-1-thread-1]handleKeyPressed keyEvent=NgbEvent-[type = 1, subtype = 401, code = 4097],time=728249
12-01 14:18:04.106 D/cr_AwTestContainerView( 3838): [AwTestContainerView.java:63] [mainFrame]: [2017-11-21 17:52:03] dispatchKeyEvent keyCode = 23 event = KeyEvent { action=ACTION_DOWN, keyCode=KEYCODE_DPAD_CENTER, scanCode=28, metaState=0, flags=0x8, repeatCount=0, eventTime=728247, downTime=728247, deviceId=4, source=0x701 }
12-01 14:18:04.106 D/ImeAdapterAndroid( 3838): [SendKeyEvent] [BUILD TIME: ] dispatchKeyEvent key_code=23 modifiers=0 unicode_char=0 scan_code=28 is_system=0 tm=728247
12-01 14:18:04.107 D/RenderWidgetInputHandler( 3838): [HandleInputEvent] input_event type=8 name=KeyDown
12-01 14:18:04.107 D/RenderWidgetInputHandler( 3838): [HandleInputEvent] key_event.nativeKeyCode:23,widget_->GetTextInputType():0
12-01 14:18:04.107 D/RenderWidgetInputHandler( 3838): [HandleInputEvent] input_event type=8 prevent_default:0
12-01 14:18:04.107 D/WebViewImpl( 3838): [handleKeyEvent] keycode:13, eventType:8 native keycode:23 frame=0x4570bdb8. url='http://10.14.41.246/application/bxfc/sec/index.htm'.
12-01 14:18:04.107 D/[blink]KeyboardEventManager( 3838): [keyEvent] initialKeyEvent KeyDown nativeKeyCode=23 windowsKeyCode=13 text[0]=13
12-01 14:18:04.107 D/[blink]KeyboardEventManager( 3838): [keyEvent] initialKeyEvent focusedNode=0x0
12-01 14:18:04.107 D/V8ScriptRunner( 3838): [callFunction] start. frame = 0x4570bdb8 function: eventHandler url: http://10.14.41.246/application/bxfc/sec/index.htm line: 179
12-01 14:18:04.108 D/base::KeyConverter( 3838): [get] convert 23 => -1.
12-01 14:18:04.108 D/iPanel  ( 3838): iPanel.debug("---141----popFlag=false")
12-01 14:18:04.108 D/iPanel  ( 3838): iPanel.debug("---142----ifrSrc=http://10.14.41.246/application/bxfc/sec/index.htm")
12-01 14:18:04.108 D/iPanel  ( 3838): iPanel.debug("-------主窗口按键响应=KEY_SELECT")
12-01 14:18:04.112 D/iPanel  ( 3838): iPanel.debug("----recData--recPos--:300000288")
12-01 14:18:04.112 D/iPanel  ( 3838): iPanel.debug("----recPos--:1")
12-01 14:18:04.112 D/iPanel  ( 3838): iPanel.debug("----recPos--:number")
12-01 14:18:04.113 D/iPanel  ( 3838): iPanel.debug("iPanel.setGlobalVar : name = PlayBackUrl value = http%3A%2F%2F10.14.41.246%2Fapplication%2Fbxfc%2Fsec%2Findex.htm")
12-01 14:18:04.113 D/iPanel  ( 3838): iPanel.debug("iPanel.misc.save undefined")
12-01 14:18:04.114 D/iPanel  ( 3838): iPanel.debug("iPanel.misc.save end")
12-01 14:18:04.115 D/iPanel  ( 3838): iPanel.debug("iPanel.setGlobalVar : name = nmcfFocusArea value = 0")
12-01 14:18:04.115 D/iPanel  ( 3838): iPanel.debug("iPanel.misc.save undefined")
12-01 14:18:04.115 D/iPanel  ( 3838): iPanel.debug("iPanel.misc.save end")
12-01 14:18:04.115 D/iPanel  ( 3838): iPanel.debug("iPanel.setGlobalVar : name = nmcfRecPos value = 1")
12-01 14:18:04.115 D/iPanel  ( 3838): iPanel.debug("iPanel.misc.save undefined")
12-01 14:18:04.116 D/iPanel  ( 3838): iPanel.debug("iPanel.misc.save end")
12-01 14:18:04.116 D/iPanel  ( 3838): iPanel.debug("iPanel.setGlobalVar : name = nmcfSecPos value = 0")
12-01 14:18:04.116 D/iPanel  ( 3838): iPanel.debug("iPanel.misc.save undefined")
12-01 14:18:04.116 D/iPanel  ( 3838): iPanel.debug("iPanel.misc.save end")
12-01 14:18:04.116 D/iPanel  ( 3838): iPanel.debug("iPanel.setGlobalVar : name = nmcfCurrPage value = 0")
12-01 14:18:04.116 D/iPanel  ( 3838): iPanel.debug("iPanel.misc.save undefined")
12-01 14:18:04.117 D/iPanel  ( 3838): iPanel.debug("iPanel.misc.save end")
12-01 14:18:04.118 D/iPanel  ( 3838): iPanel.debug("common.js getSeriseInfo ajaxObjSeries.url =http://10.14.41.245:13160/media/series/get_info?accesstoken=R5A1D2EE5U20887029K53724E0DIA6230E0AP8M2FAF083WDC013F7D151&pageidx=1&pagenum=200&postersize=320x400|500x280&&seriesid=300000288")
12-01 14:18:04.119 D/ChromeClientImpl( 3838): [addMessageToConsole] [LOG:CONSOLE(291)] "http://10.14.41.245:13160/media/series/get_info?accesstoken=R5A1D2EE5U20887029K53724E0DIA6230E0AP8M2FAF083WDC013F7D151&pageidx=1&pagenum=200&postersize=320x400%257C500x280&&seriesid=300000288", source:http://10.14.41.246/application/bxfc/sec/js/common.js (291)
12-01 14:18:04.119 D/V8ScriptRunner( 3838): [callFunction] start. frame = 0x4570bdb8 function: xmlHttp.onreadystatechange url: http://10.14.41.246/application/bxfc/sec/js/common.js line: 276
12-01 14:18:04.119 D/V8ScriptRunner( 3838): [callFunction] end. frame = 0x4570bdb8 function: xmlHttp.onreadystatechange url: http://10.14.41.246/application/bxfc/sec/js/common.js line: 276
12-01 14:18:04.119 D/[blink]ResourceFetcher( 3838): [requestResource] url=http://10.14.41.245:13160/media/series/get_info?accesstoken=R5A1D2EE5U20887029K53724E0DIA6230E0AP8M2FAF083WDC013F7D151&pageidx=1&pagenum=200&postersize=320x400%257C500x280&&seriesid=300000288.
12-01 14:18:04.119 D/url     ( 3838): [DoResolveRelative] [WEB] DoResolveRelative Error resolving.
12-01 14:18:04.120 D/[blink]DOMTimer( 3838): [DOMTimer] 0x27573768 setTimeout 500ms, repeat:0.
12-01 14:18:04.120 D/[blink]DOMTimer( 3838): [DOMTimer] 0x275737d8 setTimeout 30000ms, repeat:0.
12-01 14:18:04.120 D/iPanel  ( 3838): iPanel.debug("-------doSelect=KEY_SELECT")
