01-01 08:00:16.648 W/ContextImpl( 1999): Calling a method in the system process without a qualified user: android.app.ContextImpl.sendBroadcast:1345 com.android.server.usb.UsbSettingsManager.deviceAttached:741 com.android.server.usb.UsbHostManager.endUsbDeviceAdded:224 com.android.server.usb.UsbHostManager.monitorUsbHostBus:-2 com.android.server.usb.UsbHostManager.access$000:42 
01-01 08:00:16.679 I/ActivityManager( 1999): Start proc 2178:com.android.systemui/u0a7 for service com.android.systemui/.SystemUIService
01-01 08:00:16.679 D/MountService( 1999): volume state changed for /storage/sdcard (unmounted -> mounted)
01-01 08:00:16.679 D/NetworkManagementService( 1999): enabling bandwidth control
01-01 08:00:16.680 D/MountService( 1999): sendStorageIntent Intent { act=android.intent.action.MEDIA_MOUNTED dat=file:///storage/sdcard flg=0x4000000 (has extras) } to UserHandle{-1}
01-01 08:00:16.682 W/PackageManager( 1999): Unknown permission android.permission.SYSTEM_OVERLAY_WINDOW in package com.suma.midware.back
01-01 08:00:16.683 W/PackageManager( 1999): Not granting permission android.permission.RECEIVE_BOOT_COMPLETED to package com.tv.wuyetong because it was previously installed without
01-01 08:00:16.683 W/PackageManager( 1999): Not granting permission android.permission.CAPTURE_AUDIO_OUTPUT to package com.tv.wuyetong (protectionLevel=18 flags=0x88be44)
01-01 08:00:16.683 W/PackageManager( 1999): Not granting permission android.permission.READ_LOGS to package com.tv.wuyetong (protectionLevel=50 flags=0x88be44)
01-01 08:00:16.683 W/PackageManager( 1999): Not granting permission android.permission.ACCESS_DOWNLOAD_MANAGER to package com.android.browser (protectionLevel=18 flags=0x9be45)
01-01 08:00:16.683 W/PackageManager( 1999): Not granting permission android.permission.SEND_DOWNLOAD_COMPLETED_INTENTS to package com.android.browser (protectionLevel=2 flags=0x9be45)
01-01 08:00:16.683 W/PackageManager( 1999): Unknown permission com.android.launcher.permission.WRITE_SETTINGS in package com.suma.midware.applist
01-01 08:00:16.683 W/PackageManager( 1999): Unknown permission com.android.launcher.permission.READ_SETTINGS in package com.suma.midware.applist
01-01 08:00:16.683 W/PackageManager( 1999): Unknown permission com.android.launcher.permission.WRITE_SETTINGS in package com.suma.midware.dvb
01-01 08:00:16.683 W/PackageManager( 1999): Unknown permission com.android.launcher.permission.READ_SETTINGS in package com.suma.midware.dvb
01-01 08:00:16.683 W/PackageManager( 1999): Not granting permission android.permission.READ_LOGS to package cn.kuwo.sing.tv (protectionLevel=50 flags=0xd8be44)
01-01 08:00:16.683 W/PackageManager( 1999): Unknown permission com.android.launcher.permission.READ_SETTINGS in package cn.kuwo.sing.tv
01-01 08:00:16.683 W/PackageManager( 1999): Unknown permission com.android.launcher.permission.WRITE_SETTINGS in package cn.kuwo.sing.tv
01-01 08:00:16.684 W/PackageManager( 1999): Not granting permission android.permission.MOUNT_UNMOUNT_FILESYSTEMS to package cn.kuwo.sing.tv (protectionLevel=18 flags=0xd8be44)
01-01 08:00:16.684 W/PackageManager( 1999): Unknown permission com.mstar.android.permissionn.ACCESS_TV_DATA in package cn.kuwo.sing.tv
01-01 08:00:16.684 W/PackageManager( 1999): Unknown permission android.permission.WRITE_INTERNAL_STORAGE in package com.sumavision.android.media.v
01-01 08:00:16.684 W/PackageManager( 1999): Not granting permission android.permission.READ_LOGS to package com.starcor.mango (protectionLevel=50 flags=0x98be44)
01-01 08:00:16.684 W/PackageManager( 1999): Not granting permission android.permission.RECEIVE_BOOT_COMPLETED to package com.starcor.mango because it was previously installed without
01-01 08:00:16.684 W/PackageManager( 1999): Unknown permission android.permission.RUN_INSTRUMENTATION in package com.starcor.mango
01-01 08:00:16.684 W/PackageManager( 1999): Unknown permission com.xiaomi.permission.MANAGE_ACCOUNTS in package com.starcor.mango
01-01 08:00:16.684 W/PackageManager( 1999): Not granting permission android.permission.MOUNT_UNMOUNT_FILESYSTEMS to package com.starcor.mango (protectionLevel=18 flags=0x98be44)
01-01 08:00:16.684 W/PackageManager( 1999): Unknown permission com.xiaomi.permission.AUTH_SERVICE in package com.starcor.mango
01-01 08:00:16.684 W/PackageManager( 1999): Not granting permission android.permission.MOUNT_UNMOUNT_FILESYSTEMS to package tv.huan.tutu.album (protectionLevel=18 flags=0x88be44)
01-01 08:00:16.684 W/PackageManager( 1999): Unknown permission android.permission.SYSTEM_OVERLAY_WINDOW in package tv.huan.tutu.album
01-01 08:00:16.684 W/PackageManager( 1999): Not granting permission android.permission.RECEIVE_BOOT_COMPLETED to package tv.huan.tutu.album because it was previously installed without
01-01 08:00:16.684 W/PackageManager( 1999): Not granting permission android.permission.BIND_DREAM_SERVICE to package tv.huan.tutu.album (protectionLevel=2 flags=0x88be44)
01-01 08:00:16.684 W/PackageManager( 1999): Unknown permission com.android.launcher.permission.WRITE_SETTINGS in package com.suma.midware.factorymenu
01-01 08:00:16.684 W/PackageManager( 1999): Unknown permission com.android.launcher.permission.READ_SETTINGS in package com.suma.midware.factorymenu
01-01 08:00:16.684 W/PackageManager( 1999): Unknown permission com.android.launcher.permission.READ_SETTINGS in package com.yzx.im_demo
01-01 08:00:16.684 W/PackageManager( 1999): Not granting permission android.permission.RECEIVE_BOOT_COMPLETED to package com.yzx.im_demo because it was previously installed without
01-01 08:00:16.685 W/PackageManager( 1999): Unknown permission android.permission.RAISED_THREAD_PRIORITY in package cn.com.wasu.main
01-01 08:00:16.685 W/PackageManager( 1999): Not granting permission android.permission.RECEIVE_BOOT_COMPLETED to package cn.com.wasu.main because it was previously installed without
01-01 08:00:16.685 W/PackageManager( 1999): Not granting permission android.permission.MOUNT_UNMOUNT_FILESYSTEMS to package cn.com.wasu.main (protectionLevel=18 flags=0xd8be44)
01-01 08:00:16.685 W/PackageManager( 1999): Unknown permission droidlogic.permission.SYSTEM_CONTROL in package cn.com.wasu.main
01-01 08:00:16.685 W/PackageManager( 1999): Unknown permission android.permission.READ_SETTINGS in package cn.com.wasu.main
01-01 08:00:16.685 W/PackageManager( 1999): Not granting permission android.permission.READ_LOGS to package cn.com.wasu.main (protectionLevel=50 flags=0xd8be44)
01-01 08:00:16.685 W/PackageManager( 1999): Not granting permission android.permission.CAPTURE_AUDIO_OUTPUT to package cn.com.wasu.main (protectionLevel=18 flags=0xd8be44)
01-01 08:00:16.685 W/PackageManager( 1999): Not granting permission android.permission.CAPTURE_VIDEO_OUTPUT to package cn.com.wasu.main (protectionLevel=18 flags=0xd8be44)
01-01 08:00:16.685 W/PackageManager( 1999): Not granting permission android.permission.CAPTURE_SECURE_VIDEO_OUTPUT to package cn.com.wasu.main (protectionLevel=18 flags=0xd8be44)
01-01 08:00:16.685 W/PackageManager( 1999): Unknown permission android.permission.ACCESS_SUPERUSER in package cn.com.wasu.main
01-01 08:00:16.685 W/PackageManager( 1999): Unknown permission com.android.smspush.WAPPUSH_MANAGER_BIND in package com.android.phone
01-01 08:00:16.686 W/PackageManager( 1999): Unknown permission com.android.launcher.permission.WRITE_SETTINGS in package com.suma.midware.setting
01-01 08:00:16.686 W/PackageManager( 1999): Unknown permission com.android.launcher.permission.READ_SETTINGS in package com.suma.midware.setting
01-01 08:00:16.686 W/PackageManager( 1999): Unknown permission android.permission.SYSTEM_OVERLAY_WINDOW in package com.hisilicon.android.pqsetting
01-01 08:00:16.784 V/FingerprintService( 1999): startListening(android.service.fingerprint.IFingerprintServiceReceiver$Stub$Proxy@364da40e)
01-01 08:00:16.835 I/ActivityManager( 1999): Start proc 2238:com.android.externalstorage/u0a3 for broadcast com.android.externalstorage/.MountReceiver
01-01 08:00:16.960 I/SystemServiceManager( 1999): Starting phase 600
01-01 08:00:16.964 I/BackupManagerService( 1999): Backup enabled => false
01-01 08:00:16.964 I/BackupManagerService( 1999): Opting out of backup
01-01 08:00:16.970 E/InputMethodManagerService( 1999): Ignoring setImeWindowStatus due to an invalid token. uid:1000 token:null
01-01 08:00:16.971 W/InputMethodManagerService( 1999): Skipping input method ComponentInfo{com.suma.midware.back/com.suma.midware.back.sanping.input.SoftInputService}: it does not require the permission android.permission.BIND_INPUT_METHOD
01-01 08:00:16.998 I/ActivityManager( 1999): Start proc 2344:com.amlogic.inputmethod.remote/u0a19 for service com.amlogic.inputmethod.remote/.RemoteIME
01-01 08:00:16.998 V/InputMethodManagerService( 1999): Adding window token: android.os.Binder@259d7306
01-01 08:00:17.027 W/LocationManagerService( 1999): no network location provider found
01-01 08:00:17.030 E/LocationManagerService( 1999): no geocoder provider found
01-01 08:00:17.031 E/LocationManagerService( 1999): FLP HAL not supported
01-01 08:00:17.033 E/LocationManagerService( 1999): Unable to bind FLP Geofence proxy.
01-01 08:00:17.034 E/LocationManagerService( 1999): Hardware Activity-Recognition not supported.
01-01 08:00:17.039 I/MmsServiceBroker( 1999): Delay connecting to MmsService until an API is called
01-01 08:00:17.079 I/ActivityManager( 1999): Start proc 2381:com.suma.midware.back/1000 for added application com.suma.midware.back
01-01 08:00:17.120 I/ActivityManager( 1999): Start proc 2421:com.hisilicon.android.hiRMService/1000 for added application com.hisilicon.android.hiRMService
01-01 08:00:17.150 I/ActivityManager( 1999): Start proc 2440:com.suma.midware.dms/1000 for added application com.suma.midware.dms
01-01 08:00:17.215 I/ActivityManager( 1999): Start proc 2464:com.suma.midware.global/1000 for added application com.suma.midware.global
01-01 08:00:17.255 I/ActivityManager( 1999): Start proc 2483:com.android.phone/1001 for added application com.android.phone
01-01 08:00:17.255 I/ActivityManager( 1999): START u0 {act=android.intent.action.MAIN cat=[android.intent.category.HOME] flg=0x10000000 cmp=com.suma.midware.home/.third.Main3DActivity} from uid 0 on display 0
01-01 08:00:17.262 V/WindowManager( 1999): addAppToken: AppWindowToken{2c96979e token=Token{63d81d9 ActivityRecord{3cbf1420 u0 com.suma.midware.home/.third.Main3DActivity t1755}}} to stack=0 task=1755 at 0
01-01 08:00:17.307 I/ActivityManager( 1999): Start proc 2511:com.suma.midware.home/1000 for activity com.suma.midware.home/.third.Main3DActivity
01-01 08:00:17.309 I/SystemServer( 1999): NGB ClassLoader dalvik.system.PathClassLoader[DexPathList[[],nativeLibraryDirectories=[/vendor/lib, /system/lib]]], parent dalvik.system.PathClassLoader[DexPathList[[zip file "/system/framework/services.jar", zip file "/system/framework/ethernet-service.jar", zip file "/system/framework/wifi-service.jar"],nativeLibraryDirectories=[/vendor/lib, /system/lib]]]
01-01 08:00:17.309 E/SystemServer( 1999): Some exception in loading class com.android.server.NgbEventManagerService
01-01 08:00:17.310 E/SystemServer( 1999): Can not get NGB Event Manager Service
01-01 08:00:17.311 W/SystemServer( 1999): ***********************************************
01-01 08:00:17.313 F/SystemServer( 1999): BOOT FAILURE making NGB Event Manager Service ready
01-01 08:00:17.313 F/SystemServer( 1999): java.lang.ClassNotFoundException: com.android.server.NgbEventManagerService
01-01 08:00:17.313 F/SystemServer( 1999): 	at java.lang.Class.classForName(Native Method)
01-01 08:00:17.313 F/SystemServer( 1999): 	at java.lang.Class.forName(Class.java:309)
01-01 08:00:17.313 F/SystemServer( 1999): 	at java.lang.Class.forName(Class.java:273)
01-01 08:00:17.313 F/SystemServer( 1999): 	at com.android.server.SystemServer.run(SystemServer.java:304)
01-01 08:00:17.313 F/SystemServer( 1999): 	at com.android.server.SystemServer.main(SystemServer.java:178)
01-01 08:00:17.313 F/SystemServer( 1999): 	at java.lang.reflect.Method.invoke(Native Method)
01-01 08:00:17.313 F/SystemServer( 1999): 	at java.lang.reflect.Method.invoke(Method.java:372)
01-01 08:00:17.313 F/SystemServer( 1999): 	at com.android.internal.os.ZygoteInit$MethodAndArgsCaller.run(ZygoteInit.java:903)
01-01 08:00:17.313 F/SystemServer( 1999): 	at com.android.internal.os.ZygoteInit.main(ZygoteInit.java:698)
01-01 08:00:17.313 F/SystemServer( 1999): Caused by: java.lang.ClassNotFoundException: Didn't find class "com.android.server.NgbEventManagerService" on path: DexPathList[[zip file "/system/framework/services.jar", zip file "/system/framework/ethernet-service.jar", zip file "/system/framework/wifi-service.jar"],nativeLibraryDirectories=[/vendor/lib, /system/lib]]
01-01 08:00:17.313 F/SystemServer( 1999): 	at dalvik.system.BaseDexClassLoader.findClass(BaseDexClassLoader.java:56)
01-01 08:00:17.313 F/SystemServer( 1999): 	at java.lang.ClassLoader.loadClass(ClassLoader.java:511)
01-01 08:00:17.313 F/SystemServer( 1999): 	at java.lang.ClassLoader.loadClass(ClassLoader.java:469)
01-01 08:00:17.313 F/SystemServer( 1999): 	... 9 more
01-01 08:00:17.313 F/SystemServer( 1999): 	Suppressed: java.lang.ClassNotFoundException: Didn't find class "com.android.server.NgbEventManagerService" on path: DexPathList[[directory "."],nativeLibraryDirectories=[/vendor/lib, /system/lib]]
01-01 08:00:17.313 F/SystemServer( 1999): 		at dalvik.system.BaseDexClassLoader.findClass(BaseDexClassLoader.java:56)
01-01 08:00:17.313 F/SystemServer( 1999): 		at java.lang.ClassLoader.loadClass(ClassLoader.java:511)
01-01 08:00:17.313 F/SystemServer( 1999): 		at java.lang.ClassLoader.loadClass(ClassLoader.java:504)
01-01 08:00:17.313 F/SystemServer( 1999): 		... 10 more
01-01 08:00:17.313 F/SystemServer( 1999): 		Suppressed: java.lang.ClassNotFoundException: com.android.server.NgbEventManagerService
01-01 08:00:17.313 F/SystemServer( 1999): 			at java.lang.Class.classForName(Native Method)
01-01 08:00:17.313 F/SystemServer( 1999): 			at java.lang.BootClassLoader.findClass(ClassLoader.java:781)
01-01 08:00:17.313 F/SystemServer( 1999): 			at java.lang.BootClassLoader.loadClass(ClassLoader.java:841)
01-01 08:00:17.313 F/SystemServer( 1999): 			at java.lang.ClassLoader.loadClass(ClassLoader.java:504)
01-01 08:00:17.313 F/SystemServer( 1999): 			... 11 more
01-01 08:00:17.313 F/SystemServer( 1999): 		Caused by: java.lang.NoClassDefFoundError: Class not found using the boot class loader; no stack available
01-01 08:00:17.314 E/SystemServer( 1999): Some exception in loading class com.android.server.NgbInputEventService
01-01 08:00:17.315 W/ActivityManager( 1999): Unable to start service Intent { cmp=com.android.printspooler/.model.PrintSpoolerService } U=0: not found
01-01 08:00:17.328 E/SystemServer( 1999): Can not get NGB Input Event Service
01-01 08:00:17.328 I/SystemServer( 1999): [DCAS] CASEventManagerService
01-01 08:00:17.328 I/SystemServer( 1999): catch throw
01-01 08:00:17.330 I/SystemServer( 1999): Enabled StrictMode for system server main thread.
01-01 08:00:17.337 V/ActivityManager( 1999): Display changed displayId=0
01-01 08:00:17.378 V/ActivityManager( 1999): Display changed displayId=0
01-01 08:00:17.423 I/Telecom ( 1999): TelecomGlobals: TelecomGlobals initializing
01-01 08:00:17.426 E/ActivityThread( 1999): Failed to find provider info for call_log
01-01 08:00:17.493 I/Telecom ( 1999): TelecomGlobals: CallsManager initialized
01-01 08:00:17.493 W/ContextImpl( 1999): Calling a method in the system process without a qualified user: android.app.ContextImpl.startService:1710 android.content.ContextWrapper.startService:516 com.android.server.telecom.BluetoothPhoneService.start:440 com.android.server.telecom.TelecomGlobals.initialize:93 com.android.server.telecom.TelecomService.onCreate:164 
01-01 08:00:17.495 V/CameraObserver( 1999): Intent.ACTION_CAMERA_PLUG: state: 1:name:video0
01-01 08:00:17.496 W/ContextImpl( 1999): Calling a method in the system process without a qualified user: android.app.ContextImpl.sendBroadcast:1345 com.android.server.CameraObserver.sendIntent:116 com.android.server.CameraObserver.access$000:37 com.android.server.CameraObserver$1.handleMessage:122 android.os.Handler.dispatchMessage:102 
01-01 08:00:17.500 D/ZenLog  ( 1999): downtime: Autotrigger skipped: not in downtime
01-01 08:00:17.506 W/ResourcesManager( 1999): Asset path '/system/framework/com.android.location.provider.jar' does not exist or contains no resources.
01-01 08:00:17.519 V/WiredAccessoryManager( 1999): init()
01-01 08:00:17.521 W/ContextImpl( 2440): Calling a method in the system process without a qualified user: android.app.ContextImpl.bindService:1774 android.content.ContextWrapper.bindService:539 com.suma.midware.prop.i.b:-1 com.suma.midware.prop.i.a:-1 com.suma.midware.prop.BaseClientApplication.onCreate:-1 
01-01 08:00:17.522 V/WiredAccessoryManager( 1999): newName=h2w newState=1 headsetState=1 prev headsetState=0
01-01 08:00:17.523 V/WiredAccessoryManager( 1999): newName=hdmi newState=17 headsetState=17 prev headsetState=1
01-01 08:00:17.531 W/AppWidgetServiceImpl( 1999): Failed to read state: java.io.FileNotFoundException: /data/system/users/0/appwidgets.xml: open failed: ENOENT (No such file or directory)
01-01 08:00:17.531 V/AppWidgetServiceImpl( 1999): Upgrading widget database from 0 to 1
01-01 08:00:17.558 V/BackupManagerService( 1999): Connected to transport ComponentInfo{android/com.android.internal.backup.LocalTransportService}
01-01 08:00:17.558 V/BackupManagerService( 1999): Registering transport android/com.android.internal.backup.LocalTransportService::android/com.android.internal.backup.LocalTransport = android.app.backup.BackupTransport$TransportImpl@1ec82b0c
01-01 08:00:17.563 W/ContextImpl( 2464): Calling a method in the system process without a qualified user: android.app.ContextImpl.bindService:1774 android.content.ContextWrapper.bindService:539 com.suma.midware.prop.i.b:-1 com.suma.midware.prop.i.a:-1 com.suma.midware.global.GlobalApplication.onCreate:-1 
01-01 08:00:17.588 V/WiredAccessoryManager( 1999): device h2w connected
01-01 08:00:17.589 V/WiredAccessoryManager( 1999): device hdmi connected
01-01 08:00:17.609 W/ContextImpl( 2511): Calling a method in the system process without a qualified user: android.app.ContextImpl.bindService:1774 android.content.ContextWrapper.bindService:539 com.suma.midware.prop.i.b:-1 com.suma.midware.prop.i.a:-1 com.suma.midware.home.HomeApplication.onCreate:-1 
01-01 08:00:17.748 W/ContextImpl( 2381): Calling a method in the system process without a qualified user: android.app.ContextImpl.startService:1710 android.content.ContextWrapper.startService:516 com.suma.midware.back.boot.ServiceBoot.b:-1 com.suma.midware.back.BackService.onCreate:-1 android.app.ActivityThread.handleCreateService:2761 
01-01 08:00:17.770 W/ContextImpl( 2381): Calling a method in the system process without a qualified user: android.app.ContextImpl.startService:1710 android.content.ContextWrapper.startService:516 com.suma.midware.back.boot.ServiceBoot.b:-1 com.suma.midware.back.BackService.onCreate:-1 android.app.ActivityThread.handleCreateService:2761 
01-01 08:00:17.777 E/ConnectivityService( 1999): Failed to find Messenger in unregisterNetworkFactory
01-01 08:00:17.777 W/ContextImpl( 2381): Calling a method in the system process without a qualified user: android.app.ContextImpl.startService:1710 android.content.ContextWrapper.startService:516 com.suma.midware.back.boot.neimeng.BackBootDealerNeimeng.a:-1 com.suma.midware.back.boot.ServiceBoot.b:-1 com.suma.midware.back.BackService.onCreate:-1 
01-01 08:00:17.778 D/ConnectivityService( 1999): Got NetworkFactory Messenger for Telephony
01-01 08:00:17.809 E/ActivityThread( 2483): Failed to find provider info for com.android.contacts
01-01 08:00:17.811 D/WifiService( 1999): New client listening to asynchronous messages
01-01 08:00:17.986 I/StatusBarManagerService( 1999): registerStatusBar bar=com.android.internal.statusbar.IStatusBar$Stub$Proxy@2f397bad
01-01 08:00:18.421 D/WifiService( 1999): New client listening to asynchronous messages
01-01 08:00:18.463 D/ConnectivityService( 1999): listenForNetwork for NetworkRequest [ id=2, legacyType=-1, [] ]
01-01 08:00:18.586 D/ConnectivityService( 1999): registerNetworkAgent NetworkAgentInfo{ ni{[type: Ethernet[], state: CONNECTED/CONNECTED, reason: (unspecified), extra: a8:f4:70:1c:47:8d, roaming: false, failover: false, isAvailable: true, isConnectedToProvisioningNetwork: false]}  network{null}  lp{{InterfaceName: eth0 LinkAddresses: [192.168.31.244/24,]  Routes: [192.168.31.0/24 -> 0.0.0.0 eth0,0.0.0.0/0 -> 192.168.31.1 eth0,] DnsAddresses: [192.168.31.1,] Domains:  MTU: 0 TcpBufferSizes: 524288,1048576,3145728,524288,1048576,2097152}}  nc{[ Transports: ETHERNET Capabilities: INTERNET&NOT_RESTRICTED&TRUSTED&NOT_VPN LinkUpBandwidth>=100000Kbps LinkDnBandwidth>=100000Kbps]}  Score{200}  everValidated{false}  lastValidated{false}  created{false}  explicitlySelected{false} }
01-01 08:00:18.586 D/ConnectivityService( 1999): NetworkAgentInfo [Ethernet () - 100] EVENT_NETWORK_INFO_CHANGED, going from null to CONNECTED
01-01 08:00:18.588 D/ConnectivityService( 1999): Adding iface eth0 to network 100
01-01 08:00:18.610 E/ActivityThread( 2178): Failed to find provider info for com.android.contacts
01-01 08:00:18.626 E/ConnectivityService( 1999): Unexpected mtu value: 0, eth0
01-01 08:00:18.626 D/ConnectivityService( 1999): Adding Route [192.168.31.0/24 -> 0.0.0.0 eth0] to network 100
01-01 08:00:18.629 D/ConnectivityService( 1999): Adding Route [0.0.0.0/0 -> 192.168.31.1 eth0] to network 100
01-01 08:00:18.630 D/ConnectivityService( 1999): Setting Dns servers for network 100 to [/192.168.31.1]
01-01 08:00:18.646 D/ConnectivityService( 1999): notifyType IP_CHANGED for NetworkAgentInfo [Ethernet () - 100]
01-01 08:00:18.658 D/ConnectivityService( 1999): notifyType PRECHECK for NetworkAgentInfo [Ethernet () - 100]
01-01 08:00:18.660 D/ConnectivityService( 1999): rematching NetworkAgentInfo [Ethernet () - 100]
01-01 08:00:18.660 D/ConnectivityService( 1999):    accepting network in place of null
01-01 08:00:18.665 D/ConnectivityService( 1999): Switching to new default network: NetworkAgentInfo{ ni{[type: Ethernet[], state: CONNECTED/CONNECTED, reason: (unspecified), extra: a8:f4:70:1c:47:8d, roaming: false, failover: false, isAvailable: true, isConnectedToProvisioningNetwork: false]}  network{100}  lp{{InterfaceName: eth0 LinkAddresses: [192.168.31.244/24,]  Routes: [192.168.31.0/24 -> 0.0.0.0 eth0,0.0.0.0/0 -> 192.168.31.1 eth0,] DnsAddresses: [192.168.31.1,] Domains:  MTU: 0 TcpBufferSizes: 524288,1048576,3145728,524288,1048576,2097152}}  nc{[ Transports: ETHERNET Capabilities: INTERNET&NOT_RESTRICTED&TRUSTED&NOT_VPN LinkUpBandwidth>=100000Kbps LinkDnBandwidth>=100000Kbps]}  Score{200}  everValidated{false}  lastValidated{false}  created{true}  explicitlySelected{false} }
01-01 08:00:18.670 D/ConnectivityService( 1999): Setting tx/rx TCP buffers to 524288,1048576,3145728,524288,1048576,2097152
01-01 08:00:18.676 D/ConnectivityService( 1999): notifyType AVAILABLE for NetworkAgentInfo [Ethernet () - 100]
01-01 08:00:18.676 D/CSLegacyTypeTracker( 1999): Sending connected broadcast for type 9 NetworkAgentInfo [Ethernet () - 100] isDefaultNetwork=true
01-01 08:00:18.676 D/ConnectivityService( 1999): sendStickyBroadcast: action=android.net.conn.CONNECTIVITY_CHANGE_IMMEDIATE
01-01 08:00:18.677 D/ConnectivityService( 1999): sendStickyBroadcast: action=android.net.conn.CONNECTIVITY_CHANGE
01-01 08:00:18.677 D/ConnectivityService( 1999): setProvNotificationVisibleIntent: E visible=false networkType=0 extraInfo=null
01-01 08:00:18.679 D/ConnectivityService( 1999): Validated NetworkAgentInfo [Ethernet () - 100]
01-01 08:00:18.679 D/ConnectivityService( 1999): rematching NetworkAgentInfo [Ethernet () - 100]
01-01 08:00:18.679 D/ConnectivityService( 1999): Network NetworkAgentInfo [Ethernet () - 100] was already satisfying request 1. No change.
01-01 08:00:18.679 D/ConnectivityService( 1999): notifyType AVAILABLE for NetworkAgentInfo [Ethernet () - 100]
01-01 08:00:18.682 D/ConnectivityService( 1999): sendStickyBroadcast: action=android.net.conn.INET_CONDITION_ACTION
01-01 08:00:18.744 I/ActivityManager( 1999): Start proc 2650:com.starcor.mango/u0a23 for broadcast com.starcor.mango/com.starcor.receiver.NetworkConnectionReceiver
01-01 08:00:18.786 W/ResourcesManager( 2650): Asset path '/system/framework/android.test.runner.jar' does not exist or contains no resources.
01-01 08:00:19.400 D/WifiService( 1999): New client listening to asynchronous messages
01-01 08:00:19.780 W/ActivityManager( 1999): getTasks: caller 10023 does not hold REAL_GET_TASKS; limiting output
01-01 08:00:19.785 W/ActivityManager( 1999): getRunningAppProcesses: caller 10023 does not hold REAL_GET_TASKS; limiting output
01-01 08:00:19.787 W/ActivityManager( 1999): getTasks: caller 10023 does not hold REAL_GET_TASKS; limiting output
01-01 08:00:19.787 W/ActivityManager( 1999): getTasks: caller 10023 does not hold REAL_GET_TASKS; limiting output
01-01 08:00:19.824 I/ActivityManager( 1999): Start proc 2721:com.sumavision.android.media.v/u0a22 for broadcast com.sumavision.android.media.v/com.sumavision.android.media.c.MediaAppProReceiver
01-01 08:00:19.827 W/ActivityManager( 1999): getTasks: caller 10023 does not hold REAL_GET_TASKS; limiting output
01-01 08:00:19.828 W/ActivityManager( 1999): getTasks: caller 10023 does not hold REAL_GET_TASKS; limiting output
01-01 08:00:20.306 D/ConnectivityService( 1999): Got NetworkFactory Messenger for WIFI
01-01 08:00:20.307 D/ConnectivityService( 1999): Got NetworkFactory Messenger for WIFI_UT
12-01 14:06:22.002 W/ContextImpl( 2381): Calling a method in the system process without a qualified user: android.app.ContextImpl.sendBroadcast:1345 android.content.ContextWrapper.sendBroadcast:377 com.suma.midware.back.ivideo.b.a:-1 com.suma.midware.back.ivideo.neimeng.IvideoDealerNeimeng.b:-1 com.suma.midware.back.ivideo.neimeng.IvideoDealerNeimeng.e:-1 
12-01 14:06:22.034 I/ActivityManager( 1999): Start proc 2749:com.yzx.im_demo/u0a37 for broadcast com.yzx.im_demo/com.ipanel.videotalk.overall.BootReceiver
12-01 14:06:22.055 W/ResourcesManager( 2749): Asset path '/system/framework/android.test.runner.jar' does not exist or contains no resources.
12-01 14:06:22.102 W/ContextImpl( 2381): Calling a method in the system process without a qualified user: android.app.ContextImpl.sendBroadcast:1345 android.content.ContextWrapper.sendBroadcast:377 com.suma.midware.back.ivideo.b.a:-1 com.suma.midware.back.ivideo.neimeng.IvideoDealerNeimeng.e:-1 com.suma.midware.back.ivideo.e.run:-1 
12-01 14:06:22.202 D/WifiService( 1999): New client listening to asynchronous messages
12-01 14:06:22.228 W/ResourcesManager( 1999): Asset path '/system/framework/android.test.runner.jar' does not exist or contains no resources.
12-01 14:06:22.241 W/ResourcesManager( 2178): Asset path '/system/framework/android.test.runner.jar' does not exist or contains no resources.
12-01 14:06:22.277 W/ContextImpl( 2381): Calling a method in the system process without a qualified user: android.app.ContextImpl.sendBroadcast:1345 android.content.ContextWrapper.sendBroadcast:377 com.suma.midware.back.ivideo.b.a:-1 com.suma.midware.back.ivideo.neimeng.IvideoDealerNeimeng.e:-1 com.suma.midware.back.ivideo.e.run:-1 
12-01 14:06:23.987 W/ContextImpl( 2381): Calling a method in the system process without a qualified user: android.app.ContextImpl.sendBroadcast:1345 android.content.ContextWrapper.sendBroadcast:377 com.suma.midware.back.esg.e.f:-1 com.suma.midware.back.esg.f.run:-1 com.suma.midware.prop.util.c.run:-1 
12-01 14:06:25.004 W/ContextImpl( 2381): Calling a method in the system process without a qualified user: android.app.ContextImpl.sendBroadcast:1345 android.content.ContextWrapper.sendBroadcast:377 com.suma.midware.back.ivideo.b.a:-1 com.suma.midware.back.ivideo.neimeng.IvideoDealerNeimeng.b:-1 com.suma.midware.back.ivideo.neimeng.IvideoDealerNeimeng.a:-1 
12-01 14:06:25.063 W/ContextImpl( 2381): Calling a method in the system process without a qualified user: android.app.ContextImpl.sendBroadcast:1345 android.content.ContextWrapper.sendBroadcast:377 com.suma.midware.back.esg.e.f:-1 com.suma.midware.back.esg.f.run:-1 com.suma.midware.prop.util.c.run:-1 
12-01 14:06:25.200 W/ContextImpl( 2511): Calling a method in the system process without a qualified user: android.app.ContextImpl.sendBroadcast:1345 android.content.ContextWrapper.sendBroadcast:377 com.suma.midware.view.ext.BluetoothUpdate.b:-1 com.suma.midware.home.third.Main3DActivity.onResume:-1 android.app.Instrumentation.callActivityOnResume:1257 
12-01 14:06:25.213 W/ContextImpl( 2511): Calling a method in the system process without a qualified user: android.app.ContextImpl.sendBroadcast:1345 android.content.ContextWrapper.sendBroadcast:377 android.app.ActivityThread.performResumeActivity:2982 android.app.ActivityThread.handleResumeActivity:3023 android.app.ActivityThread.handleLaunchActivity:2392 
12-01 14:06:25.213 I/ActivityManager( 1999): Force stopping com.suma.midware.vod appid=1000 user=0: from pid 2511
12-01 14:06:25.226 V/WindowManager( 1999): Based on layer: Adding window Window{243920a0 u0 com.suma.midware.home/com.suma.midware.home.third.Main3DActivity} at 1 of 6
12-01 14:06:25.270 V/WindowManager( 1999): Adding window Window{322ab81e u0 SurfaceView} at 1 of 7 (before Window{243920a0 u0 com.suma.midware.home/com.suma.midware.home.third.Main3DActivity})
12-01 14:06:25.275 V/WindowManager( 1999): Adding window Window{191fa6cc u0 SurfaceView} at 2 of 8 (before Window{243920a0 u0 com.suma.midware.home/com.suma.midware.home.third.Main3DActivity})
12-01 14:06:25.311 W/KeyguardServiceDelegate( 1999): onScreenTurnedOn(): no keyguard service!
12-01 14:06:25.543 I/SystemServiceManager( 1999): Starting phase 1000
12-01 14:06:25.548 V/ActivityManager( 1999): Display changed displayId=0
12-01 14:06:25.580 I/ActivityManager( 1999): Start proc 2824:com.android.keychain/1000 for service com.android.keychain/.KeyChainService
12-01 14:06:25.581 W/BroadcastQueue( 1999): Permission Denial: receiving Intent { act=android.intent.action.BOOT_COMPLETED flg=0x8000010 (has extras) } to ProcessRecord{367cdfef 2178:com.android.systemui/u0a7} (pid=2178, uid=10007) requires android.permission.RECEIVE_BOOT_COMPLETED due to sender null (uid 1000)
12-01 14:06:25.581 W/BroadcastQueue( 1999): Permission Denial: receiving Intent { act=android.intent.action.BOOT_COMPLETED flg=0x8000010 (has extras) } to ProcessRecord{367cdfef 2178:com.android.systemui/u0a7} (pid=2178, uid=10007) requires android.permission.RECEIVE_BOOT_COMPLETED due to sender null (uid 1000)
12-01 14:06:25.582 W/BroadcastQueue( 1999): Permission Denial: receiving Intent { act=android.intent.action.BOOT_COMPLETED flg=0x8000010 (has extras) } to com.android.systemui/.BootReceiver requires android.permission.RECEIVE_BOOT_COMPLETED due to sender null (uid 1000)
12-01 14:06:25.582 W/BroadcastQueue( 1999): Permission Denial: receiving Intent { act=android.intent.action.BOOT_COMPLETED flg=0x8000010 (has extras) } to com.android.phone/.OtaStartupReceiver requires android.permission.RECEIVE_BOOT_COMPLETED due to sender null (uid 1000)
12-01 14:06:25.583 W/BroadcastQueue( 1999): Permission Denial: receiving Intent { act=android.intent.action.BOOT_COMPLETED flg=0x8000010 (has extras) } to com.android.providers.downloads/.DownloadReceiver requires android.permission.RECEIVE_BOOT_COMPLETED due to sender null (uid 1000)
12-01 14:06:25.584 W/BroadcastQueue( 1999): Permission Denial: receiving Intent { act=android.intent.action.BOOT_COMPLETED flg=0x8000010 (has extras) } to com.android.managedprovisioning/.BootReminder requires android.permission.RECEIVE_BOOT_COMPLETED due to sender null (uid 1000)
12-01 14:06:25.584 W/BroadcastQueue( 1999): Permission Denial: receiving Intent { act=android.intent.action.BOOT_COMPLETED flg=0x8000010 (has extras) } to com.android.providers.media/.MediaScannerReceiver requires android.permission.RECEIVE_BOOT_COMPLETED due to sender null (uid 1000)
12-01 14:06:25.584 W/BroadcastQueue( 1999): Permission Denial: receiving Intent { act=android.intent.action.BOOT_COMPLETED flg=0x8000010 (has extras) } to com.android.providers.media/.MtpReceiver requires android.permission.RECEIVE_BOOT_COMPLETED due to sender null (uid 1000)
12-01 14:06:25.586 W/ContextImpl( 2421): Calling a method in the system process without a qualified user: android.app.ContextImpl.startService:1710 android.content.ContextWrapper.startService:516 android.content.ContextWrapper.startService:516 com.hisilicon.android.hiRMService.HiRMBroadcastReceiver.onReceive:21 android.app.ActivityThread.handleReceiver:2609 
12-01 14:06:25.592 I/BootReceiver( 1999): Copying audit failures to DropBox
12-01 14:06:25.593 I/BootReceiver( 1999): Checking for fsck errors
12-01 14:06:25.603 D/WifiService( 1999): New client listening to asynchronous messages
12-01 14:06:25.642 W/BroadcastQueue( 1999): Permission Denial: receiving Intent { act=android.intent.action.BOOT_COMPLETED flg=0x8000010 (has extras) } to com.huan.appstore/.receiver.DeviceBootReceiver requires android.permission.RECEIVE_BOOT_COMPLETED due to sender null (uid 1000)
12-01 14:06:25.675 I/ActivityManager( 1999): Start proc 2849:com.sumavision.admindm/1000 for broadcast com.sumavision.admindm/.StartSessionBroadcastReceiver
12-01 14:06:25.714 W/ContextImpl( 2849): Calling a method in the system process without a qualified user: android.app.ContextImpl.startService:1710 android.content.ContextWrapper.startService:516 android.content.ContextWrapper.startService:516 com.sumavision.admindm.StartSessionBroadcastReceiver.onReceive:-1 android.app.ActivityThread.handleReceiver:2609 
12-01 14:06:25.717 W/ContextImpl( 2440): Calling a method in the system process without a qualified user: android.app.ContextImpl.startService:1710 android.content.ContextWrapper.startService:516 android.content.ContextWrapper.startService:516 com.suma.midware.dms.util.DmsUtil.a:-1 com.suma.midware.dms.util.DmsUtil.a:-1 
12-01 14:06:25.719 W/AlarmManager( 1999): Suspiciously short interval 5000 millis; expanding to 60 seconds
12-01 14:06:25.722 W/ContextImpl( 2464): Calling a method in the system process without a qualified user: android.app.ContextImpl.startService:1710 android.content.ContextWrapper.startService:516 com.suma.midware.global.receiver.BootReceiver.onReceive:-1 android.app.ActivityThread.handleReceiver:2609 android.app.ActivityThread.access$1700:151 
12-01 14:06:25.723 W/AlarmManager( 1999): Suspiciously short interval 10000 millis; expanding to 60 seconds
12-01 14:06:25.727 W/ContextImpl( 2381): Calling a method in the system process without a qualified user: android.app.ContextImpl.startService:1710 android.content.ContextWrapper.startService:516 android.content.ContextWrapper.startService:516 com.suma.midware.back.BackReceiver.onReceive:-1 android.app.ActivityThread.handleReceiver:2609 
12-01 14:06:25.761 I/ActivityManager( 1999): Start proc 2869:com.suma.midware.setting/1000 for broadcast com.suma.midware.setting/.BootReceiver
12-01 14:06:25.764 W/AlarmManager( 1999): Suspiciously short interval 5000 millis; expanding to 60 seconds
12-01 14:06:25.815 W/ContextImpl( 2849): Calling a method in the system process without a qualified user: android.app.ContextImpl.bindService:1774 android.content.ContextWrapper.bindService:539 com.suma.midware.prop.i.c:-1 com.suma.midware.prop.i.a:-1 com.sumavision.b.a.<init>:-1 
12-01 14:06:25.851 W/ContextImpl( 2869): Calling a method in the system process without a qualified user: android.app.ContextImpl.bindService:1774 android.content.ContextWrapper.bindService:539 com.suma.midware.prop.i.b:-1 com.suma.midware.prop.i.a:-1 com.suma.midware.setting.SetApplication.onCreate:-1 
12-01 14:06:25.856 W/ContextImpl( 2869): Calling a method in the system process without a qualified user: android.app.ContextImpl.startService:1710 android.content.ContextWrapper.startService:516 android.content.ContextWrapper.startService:516 com.suma.midware.setting.BootReceiver.onReceive:-1 android.app.ActivityThread.handleReceiver:2609 
12-01 14:06:25.858 W/AlarmManager( 1999): Suspiciously short interval 10000 millis; expanding to 60 seconds
12-01 14:06:25.860 W/BroadcastQueue( 1999): Permission Denial: receiving Intent { act=android.intent.action.BOOT_COMPLETED flg=0x8000010 (has extras) } to com.tv.wuyetong/com.xiaomi.mitv.store.app.BootReceiver requires android.permission.RECEIVE_BOOT_COMPLETED due to sender null (uid 1000)
12-01 14:06:25.860 W/BroadcastQueue( 1999): Permission Denial: receiving Intent { act=android.intent.action.BOOT_COMPLETED flg=0x8000010 (has extras) } to com.yzx.im_demo/com.ipanel.videotalk.overall.BootReceiver requires android.permission.RECEIVE_BOOT_COMPLETED due to sender null (uid 1000)
12-01 14:06:25.860 W/BroadcastQueue( 1999): Permission Denial: receiving Intent { act=android.intent.action.BOOT_COMPLETED flg=0x8000010 (has extras) } to com.starcor.mango/com.starcor.receiver.BootStartReceiver requires android.permission.RECEIVE_BOOT_COMPLETED due to sender null (uid 1000)
12-01 14:06:25.869 W/ContextImpl( 2511): Calling a method in the system process without a qualified user: android.app.ContextImpl.sendBroadcast:1345 android.content.ContextWrapper.sendBroadcast:377 com.suma.midware.home.third.Main3DActivity.a:-1 com.suma.midware.home.third.i.a:-1 com.sumavision.engine.core.base.c.onDrawFrame:-1 
12-01 14:06:25.874 D/WifiService( 1999): New client listening to asynchronous messages
12-01 14:06:32.145 D/ConnectivityService( 1999): registerNetworkAgent NetworkAgentInfo{ ni{[type: WIFI[], state: CONNECTING/CONNECTING, reason: (unspecified), extra: "GDWL", roaming: false, failover: false, isAvailable: true, isConnectedToProvisioningNetwork: false]}  network{null}  lp{{LinkAddresses: []  Routes: [] DnsAddresses: [] Domains: null MTU: 0 TcpBufferSizes: 524288,1048576,2097152,262144,524288,1048576}}  nc{[ Transports: WIFI Capabilities: INTERNET&NOT_RESTRICTED&TRUSTED&NOT_VPN LinkUpBandwidth>=1048576Kbps LinkDnBandwidth>=1048576Kbps]}  Score{20}  everValidated{false}  lastValidated{false}  created{false}  explicitlySelected{false} }
12-01 14:06:32.146 D/ConnectivityService( 1999): NetworkAgentInfo [WIFI () - 101] EVENT_NETWORK_INFO_CHANGED, going from null to CONNECTING
12-01 14:06:32.158 D/ConnectivityService( 1999): updateNetworkScore for NetworkAgentInfo [WIFI () - 101] to 60
12-01 14:06:32.158 D/ConnectivityService( 1999): rematching NetworkAgentInfo [Ethernet () - 100]
12-01 14:06:32.158 D/ConnectivityService( 1999): Network NetworkAgentInfo [Ethernet () - 100] was already satisfying request 1. No change.
12-01 14:06:32.158 D/ConnectivityService( 1999): notifyType AVAILABLE for NetworkAgentInfo [Ethernet () - 100]
12-01 14:06:32.769 D/ConnectivityService( 1999): NetworkAgentInfo [WIFI () - 101] EVENT_NETWORK_INFO_CHANGED, going from CONNECTING to CONNECTED
12-01 14:06:32.770 D/ConnectivityService( 1999): Adding iface wlan0 to network 101
12-01 14:06:32.781 E/ConnectivityService( 1999): Unexpected mtu value: 0, wlan0
12-01 14:06:32.781 D/ConnectivityService( 1999): Adding Route [fe80::/64 -> :: wlan0] to network 101
12-01 14:06:32.782 D/ConnectivityService( 1999): Adding Route [10.0.0.0/22 -> 0.0.0.0 wlan0] to network 101
12-01 14:06:32.782 D/ConnectivityService( 1999): Adding Route [0.0.0.0/0 -> 10.0.0.1 wlan0] to network 101
12-01 14:06:32.783 D/ConnectivityService( 1999): Setting Dns servers for network 101 to [/10.11.11.50]
12-01 14:06:32.786 D/ConnectivityService( 1999): notifyType IP_CHANGED for NetworkAgentInfo [WIFI () - 101]
12-01 14:06:32.792 D/ConnectivityService( 1999): notifyType PRECHECK for NetworkAgentInfo [WIFI () - 101]
12-01 14:06:32.792 D/ConnectivityService( 1999): rematching NetworkAgentInfo [WIFI () - 101]
12-01 14:06:32.792 D/ConnectivityService( 1999): Reaping NetworkAgentInfo [WIFI () - 101]
12-01 14:06:32.792 D/ConnectivityService( 1999): coexist ,do not teardown network
12-01 14:06:32.792 D/ConnectivityService( 1999): setProvNotificationVisibleIntent: E visible=false networkType=0 extraInfo=null
12-01 14:06:32.792 D/ConnectivityService( 1999): Validated NetworkAgentInfo [WIFI () - 101]
12-01 14:06:32.792 D/ConnectivityService( 1999): rematching NetworkAgentInfo [WIFI () - 101]
12-01 14:06:32.792 D/ConnectivityService( 1999): Validated network turns out to be unwanted.  Tear it down.
12-01 14:06:34.064 D/ConnectivityService( 1999): notifyType IP_CHANGED for NetworkAgentInfo [WIFI () - 101]
12-01 14:06:34.694 I/ActivityManager( 1999): Waited long enough for: ServiceRecord{e707f2d u0 com.starcor.mango/com.starcor.report.ReportService}
12-01 14:06:34.694 I/ActivityManager( 1999): Waited long enough for: ServiceRecord{36740c62 u0 com.starcor.mango/com.starcor.report.newreport.DataReportService}
12-01 14:06:34.817 I/ActivityManager( 1999): Waited long enough for: ServiceRecord{1776c5ba u0 com.starcor.mango/com.mgtv.data.ott.sdk.core.service.DataReporterService}
12-01 14:06:35.214 I/ActivityManager( 1999): START u0 {act=com.suma.midware.action.channel.play cmp=com.suma.midware.dvb/.play.PlayActivity (has extras)} from uid 1000 on display 0
12-01 14:06:35.222 V/WindowManager( 1999): addAppToken: AppWindowToken{3f07d116 token=Token{14625631 ActivityRecord{23cba2d8 u0 com.suma.midware.dvb/.play.PlayActivity t1756}}} to stack=1 task=1756 at 0
12-01 14:06:35.232 W/ContextImpl( 2511): Calling a method in the system process without a qualified user: android.app.ContextImpl.sendBroadcast:1345 android.content.ContextWrapper.sendBroadcast:377 android.app.ActivityThread.performPauseActivity:3259 android.app.ActivityThread.performPauseActivity:3225 android.app.ActivityThread.handlePauseActivity:3200 
12-01 14:06:35.233 V/WindowManager( 1999): Adding window Window{362b9933 u0 Starting com.suma.midware.dvb} at 4 of 9 (after Window{243920a0 u0 com.suma.midware.home/com.suma.midware.home.third.Main3DActivity})
12-01 14:06:35.278 I/ActivityManager( 1999): Start proc 2968:com.suma.midware.dvb/1000 for activity com.suma.midware.dvb/.play.PlayActivity
12-01 14:06:35.426 W/ContextImpl( 2968): Calling a method in the system process without a qualified user: android.app.ContextImpl.bindService:1774 android.content.ContextWrapper.bindService:539 com.suma.midware.prop.i.b:-1 com.suma.midware.prop.i.a:-1 com.suma.midware.dvb.DvbApplication.onCreate:-1 
12-01 14:06:35.853 D/WifiService( 1999): New client listening to asynchronous messages
12-01 14:06:35.920 E/ActivityThread( 2968): Failed to find provider info for com.suma.midware.update
12-01 14:06:35.923 I/ActivityManager( 1999): Force stopping com.suma.midware.vod appid=1000 user=0: from pid 2968
12-01 14:06:35.926 D/ActivityThread( 2968): Loading provider com.suma.midware.provider.ubas: com.suma.midware.back.db.UbaProvider
12-01 14:06:36.034 W/ContextImpl( 2968): Calling a method in the system process without a qualified user: android.app.ContextImpl.sendBroadcast:1345 android.content.ContextWrapper.sendBroadcast:377 android.app.ActivityThread.performResumeActivity:2982 android.app.ActivityThread.handleResumeActivity:3023 android.app.ActivityThread.handleLaunchActivity:2392 
12-01 14:06:36.050 V/WindowManager( 1999): Adding window Window{2dc5184c u0 com.suma.midware.dvb/com.suma.midware.dvb.play.PlayActivity} at 4 of 10 (before Window{362b9933 u0 Starting com.suma.midware.dvb})
12-01 14:06:38.729 D/TaskPersister( 1999): removeObsoleteFile: deleting file=1750_task.xml
12-01 14:06:38.730 D/TaskPersister( 1999): removeObsoleteFile: deleting file=1750_task_thumbnail.png
12-01 14:06:40.717 I/ActivityManager( 1999): Waited long enough for: ServiceRecord{a0682ad u0 com.sumavision.admindm/.Session}
12-01 14:07:29.144 W/ContextImpl( 2381): Calling a method in the system process without a qualified user: android.app.ContextImpl.sendBroadcast:1345 android.content.ContextWrapper.sendBroadcast:377 com.suma.midware.back.esg.e.f:-1 com.suma.midware.back.esg.f.run:-1 com.suma.midware.prop.util.c.run:-1 
12-01 14:07:30.147 W/ContextImpl( 2381): Calling a method in the system process without a qualified user: android.app.ContextImpl.sendBroadcast:1345 android.content.ContextWrapper.sendBroadcast:377 com.suma.midware.back.esg.e.f:-1 com.suma.midware.back.esg.f.run:-1 com.suma.midware.prop.util.c.run:-1 
12-01 14:07:51.599 V/WiredAccessoryManager( 1999): Headset UEVENT: {SUBSYSTEM=switch, SEQNUM=1576, ACTION=change, SWITCH_STATE=0, SWITCH_NAME=hdmi, DEVPATH=/devices/virtual/switch/hdmi}
12-01 14:07:51.599 V/WiredAccessoryManager( 1999): newName=hdmi newState=1 headsetState=1 prev headsetState=17
12-01 14:07:51.600 V/WiredAccessoryManager( 1999): device hdmi disconnected
12-01 14:07:51.868 V/WiredAccessoryManager( 1999): Headset UEVENT: {SUBSYSTEM=switch, SEQNUM=1577, ACTION=change, SWITCH_STATE=1, SWITCH_NAME=hdmi, DEVPATH=/devices/virtual/switch/hdmi}
12-01 14:07:51.868 V/WiredAccessoryManager( 1999): newName=hdmi newState=17 headsetState=17 prev headsetState=1
12-01 14:07:51.869 V/WiredAccessoryManager( 1999): device hdmi connected
12-01 14:07:56.777 I/ActivityManager( 1999): START u0 {act=android.intent.action.MAIN cat=[android.intent.category.HOME] flg=0x10200000 cmp=com.suma.midware.home/.third.Main3DActivity} from uid 1000 on display 0
12-01 14:07:56.792 I/ActivityManager( 1999): Force stopping com.android.browser appid=10010 user=0: from pid 2381
12-01 14:07:56.795 I/ActivityManager( 1999): Process com.sumavision.android.media.v (pid 2721) has died
12-01 14:07:56.815 W/ContextImpl( 2968): Calling a method in the system process without a qualified user: android.app.ContextImpl.sendBroadcast:1345 android.content.ContextWrapper.sendBroadcast:377 android.app.ActivityThread.performPauseActivity:3259 android.app.ActivityThread.performPauseActivity:3225 android.app.ActivityThread.handlePauseActivity:3200 
12-01 14:07:56.834 W/ContextImpl( 2511): Calling a method in the system process without a qualified user: android.app.ContextImpl.sendBroadcast:1345 android.content.ContextWrapper.sendBroadcast:377 com.suma.midware.view.ext.BluetoothUpdate.b:-1 com.suma.midware.home.third.Main3DActivity.onResume:-1 android.app.Instrumentation.callActivityOnResume:1257 
12-01 14:07:56.836 W/ContextImpl( 2511): Calling a method in the system process without a qualified user: android.app.ContextImpl.sendBroadcast:1345 android.content.ContextWrapper.sendBroadcast:377 android.app.ActivityThread.performResumeActivity:2982 android.app.ActivityThread.handleResumeActivity:3023 android.app.ActivityThread$H.handleMessage:1347 
12-01 14:07:56.836 I/ActivityManager( 1999): Force stopping com.suma.midware.vod appid=1000 user=0: from pid 2511
12-01 14:08:06.353 I/ActivityManager( 1999): START u0 {act= cmp=com.ipanel.android_webview.shell/com.ipanel.webapp.BrowserActivity (has extras)} from uid 1000 on display 0
12-01 14:08:06.356 V/WindowManager( 1999): addAppToken: AppWindowToken{1b58526 token=Token{16c51081 ActivityRecord{39969468 u0 com.ipanel.android_webview.shell/com.ipanel.webapp.BrowserActivity t1757}}} to stack=1 task=1757 at 0
12-01 14:08:06.360 V/WindowManager( 1999): Adding window Window{22440103 u0 Starting com.ipanel.android_webview.shell} at 5 of 10 (after Window{2dc5184c u0 com.suma.midware.dvb/com.suma.midware.dvb.play.PlayActivity})
12-01 14:08:06.363 W/ContextImpl( 2511): Calling a method in the system process without a qualified user: android.app.ContextImpl.sendBroadcast:1345 android.content.ContextWrapper.sendBroadcast:377 android.app.ActivityThread.performPauseActivity:3259 android.app.ActivityThread.performPauseActivity:3225 android.app.ActivityThread.handlePauseActivity:3200 
12-01 14:08:06.387 I/ActivityManager( 1999): Start proc 3103:com.ipanel.android_webview.shell/u0a42 for activity com.ipanel.android_webview.shell/com.ipanel.webapp.BrowserActivity
12-01 14:08:06.812 V/WindowManager( 1999): Adding window Window{4f0e361 u0 com.ipanel.android_webview.shell/com.ipanel.webapp.BrowserActivity} at 5 of 11 (before Window{22440103 u0 Starting com.ipanel.android_webview.shell})
12-01 14:08:06.830 D/ConnectivityService( 1999): listenForNetwork for NetworkRequest [ id=3, legacyType=-1, [ Capabilities: INTERNET&NOT_RESTRICTED&TRUSTED] ]
12-01 14:08:06.830 D/ConnectivityService( 1999): handleRegisterNetworkRequest checking NetworkAgentInfo [Ethernet () - 100]
12-01 14:08:06.830 D/ConnectivityService( 1999): apparently satisfied.  currentScore=240
12-01 14:08:06.830 D/ConnectivityService( 1999): handleRegisterNetworkRequest checking NetworkAgentInfo [WIFI () - 101]
12-01 14:08:06.830 D/ConnectivityService( 1999): apparently satisfied.  currentScore=60
12-01 14:08:06.956 V/WindowManager( 1999): Adding window Window{6050d12 u0 SurfaceView} at 5 of 12 (before Window{4f0e361 u0 com.ipanel.android_webview.shell/com.ipanel.webapp.BrowserActivity})
12-01 14:08:07.029 V/WindowManager( 1999): Adding window Window{3f2f46e0 u0 SurfaceView} at 6 of 13 (before Window{4f0e361 u0 com.ipanel.android_webview.shell/com.ipanel.webapp.BrowserActivity})
12-01 14:08:07.090 W/ViewRootImpl( 3103): Cancelling event due to no window focus: KeyEvent { action=ACTION_UP, keyCode=KEYCODE_DPAD_CENTER, scanCode=28, metaState=0, flags=0x80000028, repeatCount=0, eventTime=130704, downTime=130495, deviceId=4, source=0x701 }
12-01 14:08:07.090 W/ViewRootImpl( 3103): Cancelling event due to no window focus: KeyEvent { action=ACTION_UP, keyCode=KEYCODE_DPAD_CENTER, scanCode=28, metaState=0, flags=0x80000028, repeatCount=0, eventTime=130704, downTime=130495, deviceId=4, source=0x701 }
