12-01 14:16:35.364 W/ViewRootImpl( 2511): Cancelling event due to no window focus: KeyEvent { action=ACTION_UP, keyCode=KEYCODE_DPAD_CENTER, scanCode=28, metaState=0, flags=0x28, repeatCount=0, eventTime=638451, downTime=638377, deviceId=4, source=0x701 }
12-01 14:17:14.727 W/ContextImpl( 2381): Calling a method in the system process without a qualified user: android.app.ContextImpl.sendBroadcast:1345 android.content.ContextWrapper.sendBroadcast:377 com.suma.midware.back.esg.e.f:-1 com.suma.midware.back.esg.f.run:-1 com.suma.midware.prop.util.c.run:-1 
12-01 14:17:15.730 W/ContextImpl( 2381): Calling a method in the system process without a qualified user: android.app.ContextImpl.sendBroadcast:1345 android.content.ContextWrapper.sendBroadcast:377 com.suma.midware.back.esg.e.f:-1 com.suma.midware.back.esg.f.run:-1 com.suma.midware.prop.util.c.run:-1 
12-01 14:17:33.813 I/ActivityManager( 1999): moveTaskToBack: TaskRecord{305311f8 #1757 A=com.ipanel.android_webview.shell U=0 sz=1}
12-01 14:17:33.896 W/ContextImpl( 2511): Calling a method in the system process without a qualified user: android.app.ContextImpl.sendBroadcast:1345 android.content.ContextWrapper.sendBroadcast:377 com.suma.midware.view.ext.BluetoothUpdate.b:-1 com.suma.midware.home.third.Main3DActivity.onResume:-1 android.app.Instrumentation.callActivityOnResume:1257 
12-01 14:17:33.902 I/ActivityManager( 1999): Force stopping com.suma.midware.vod appid=1000 user=0: from pid 2511
12-01 14:17:33.902 W/ContextImpl( 2511): Calling a method in the system process without a qualified user: android.app.ContextImpl.sendBroadcast:1345 android.content.ContextWrapper.sendBroadcast:377 android.app.ActivityThread.performResumeActivity:2982 android.app.ActivityThread.handleResumeActivity:3023 android.app.ActivityThread$H.handleMessage:1347 
12-01 14:17:39.191 I/ActivityManager( 1999): START u0 {act= cmp=com.ipanel.android_webview.shell/com.ipanel.webapp.BrowserActivity (has extras)} from uid 1000 on display 0
12-01 14:17:39.202 W/ContextImpl( 2511): Calling a method in the system process without a qualified user: android.app.ContextImpl.sendBroadcast:1345 android.content.ContextWrapper.sendBroadcast:377 android.app.ActivityThread.performPauseActivity:3259 android.app.ActivityThread.performPauseActivity:3225 android.app.ActivityThread.handlePauseActivity:3200 
12-01 14:17:39.216 W/ViewRootImpl( 2511): Cancelling event due to no window focus: KeyEvent { action=ACTION_UP, keyCode=KEYCODE_DPAD_CENTER, scanCode=28, metaState=0, flags=0x28, repeatCount=0, eventTime=703355, downTime=703331, deviceId=4, source=0x701 }
12-01 14:17:39.216 W/ViewRootImpl( 2511): Cancelling event due to no window focus: KeyEvent { action=ACTION_UP, keyCode=KEYCODE_DPAD_CENTER, scanCode=28, metaState=0, flags=0x28, repeatCount=0, eventTime=703355, downTime=703331, deviceId=4, source=0x701 }
12-01 14:17:39.216 W/ViewRootImpl( 2511): Cancelling event due to no window focus: KeyEvent { action=ACTION_UP, keyCode=KEYCODE_DPAD_CENTER, scanCode=28, metaState=0, flags=0x28, repeatCount=0, eventTime=703355, downTime=703331, deviceId=4, source=0x701 }
12-01 14:17:39.216 W/ViewRootImpl( 2511): Cancelling event due to no window focus: KeyEvent { action=ACTION_UP, keyCode=KEYCODE_DPAD_CENTER, scanCode=28, metaState=0, flags=0x28, repeatCount=0, eventTime=703355, downTime=703331, deviceId=4, source=0x701 }
12-01 14:17:39.216 W/ViewRootImpl( 2511): Cancelling event due to no window focus: KeyEvent { action=ACTION_UP, keyCode=KEYCODE_DPAD_CENTER, scanCode=28, metaState=0, flags=0x28, repeatCount=0, eventTime=703355, downTime=703331, deviceId=4, source=0x701 }
12-01 14:17:39.216 W/ViewRootImpl( 2511): Cancelling event due to no window focus: KeyEvent { action=ACTION_UP, keyCode=KEYCODE_DPAD_CENTER, scanCode=28, metaState=0, flags=0x28, repeatCount=0, eventTime=703355, downTime=703331, deviceId=4, source=0x701 }
12-01 14:17:39.406 W/ViewRootImpl( 3838): Cancelling event due to no window focus: KeyEvent { action=ACTION_UP, keyCode=KEYCODE_DPAD_CENTER, scanCode=28, metaState=0, flags=0x80000028, repeatCount=0, eventTime=703540, downTime=703331, deviceId=4, source=0x701 }
12-01 14:17:39.406 W/ViewRootImpl( 3838): Cancelling event due to no window focus: KeyEvent { action=ACTION_UP, keyCode=KEYCODE_DPAD_CENTER, scanCode=28, metaState=0, flags=0x80000028, repeatCount=0, eventTime=703540, downTime=703331, deviceId=4, source=0x701 }
12-01 14:17:39.406 W/ViewRootImpl( 3838): Cancelling event due to no window focus: KeyEvent { action=ACTION_UP, keyCode=KEYCODE_DPAD_CENTER, scanCode=28, metaState=0, flags=0x80000028, repeatCount=0, eventTime=703540, downTime=703331, deviceId=4, source=0x701 }
12-01 14:17:39.406 W/ViewRootImpl( 3838): Cancelling event due to no window focus: KeyEvent { action=ACTION_UP, keyCode=KEYCODE_DPAD_CENTER, scanCode=28, metaState=0, flags=0x80000028, repeatCount=0, eventTime=703540, downTime=703331, deviceId=4, source=0x701 }
12-01 14:17:39.406 W/ViewRootImpl( 3838): Cancelling event due to no window focus: KeyEvent { action=ACTION_UP, keyCode=KEYCODE_DPAD_CENTER, scanCode=28, metaState=0, flags=0x80000028, repeatCount=0, eventTime=703540, downTime=703331, deviceId=4, source=0x701 }
12-01 14:17:39.406 W/ViewRootImpl( 3838): Cancelling event due to no window focus: KeyEvent { action=ACTION_UP, keyCode=KEYCODE_DPAD_CENTER, scanCode=28, metaState=0, flags=0x80000028, repeatCount=0, eventTime=703540, downTime=703331, deviceId=4, source=0x701 }
12-01 14:17:41.335 I/ActivityManager( 1999): moveTaskToBack: TaskRecord{305311f8 #1757 A=com.ipanel.android_webview.shell U=0 sz=1}
12-01 14:17:41.383 W/ContextImpl( 2511): Calling a method in the system process without a qualified user: android.app.ContextImpl.sendBroadcast:1345 android.content.ContextWrapper.sendBroadcast:377 com.suma.midware.view.ext.BluetoothUpdate.b:-1 com.suma.midware.home.third.Main3DActivity.onResume:-1 android.app.Instrumentation.callActivityOnResume:1257 
12-01 14:17:41.385 W/ContextImpl( 2511): Calling a method in the system process without a qualified user: android.app.ContextImpl.sendBroadcast:1345 android.content.ContextWrapper.sendBroadcast:377 android.app.ActivityThread.performResumeActivity:2982 android.app.ActivityThread.handleResumeActivity:3023 android.app.ActivityThread$H.handleMessage:1347 
12-01 14:17:41.385 I/ActivityManager( 1999): Force stopping com.suma.midware.vod appid=1000 user=0: from pid 2511
12-01 14:17:46.418 I/ActivityManager( 1999): START u0 {act= cmp=com.ipanel.android_webview.shell/com.ipanel.webapp.BrowserActivity (has extras)} from uid 1000 on display 0
12-01 14:17:46.425 W/ContextImpl( 2511): Calling a method in the system process without a qualified user: android.app.ContextImpl.sendBroadcast:1345 android.content.ContextWrapper.sendBroadcast:377 android.app.ActivityThread.performPauseActivity:3259 android.app.ActivityThread.performPauseActivity:3225 android.app.ActivityThread.handlePauseActivity:3200 
--------- beginning of main
12-01 14:18:01.284 D/[blink]FrameView( 3838): [paintAfterLoad] paintAfterLoad this:0x27569610.
12-01 14:18:01.284 D/[blink]FrameView( 3838): [updateStyleAndLayoutIfNeededRecursiveInternal] in... this:0x27569610.
12-01 14:18:01.284 D/[blink]FrameView( 3838): [updateStyleAndLayoutIfNeededRecursiveInternal] end... this:0x27569610.
12-01 14:18:01.284 D/[cc]ProxyMain( 3838): [BeginMainFrame] cc.BeginMainFrame this:0x9f6c81a0
12-01 14:18:01.284 D/[cc]LayerTreeHost( 3838): [AnimateLayers] AnimateLayers monotonic_time=725399970
12-01 14:18:01.284 D/[blink]FrameView( 3838): [updateStyleAndLayoutIfNeededRecursiveInternal] in... this:0x27569610.
12-01 14:18:01.284 D/[blink]FrameView( 3838): [updateStyleAndLayoutIfNeededRecursiveInternal] end... this:0x27569610.
12-01 14:18:01.284 D/[blink]FrameView( 3838): [updateLifecyclePhasesInternal] in... this:0x27569610, targetState=18
12-01 14:18:01.284 D/[blink]FrameView( 3838): [updateLifecyclePhasesInternal] call compositor()->updateIfNeededRecursive()!
12-01 14:18:01.285 D/[cc]LayerTree( 3838): [SetRootLayer] [LayerTree::SetRootLayer]. set needs_full_tree_sync_ = true, but not Commit!!!
12-01 14:18:01.285 D/[cc]LayerTreeHost( 3838): [SetNeedsCommit] SetNeedsCommit!this:0x9f468980
12-01 14:18:01.285 D/[cc]LayerTreeHost( 3838): [SetNeedsCommit] SetNeedsCommit!this:0x9f468980
12-01 14:18:01.285 D/[cc]LayerTreeHost( 3838): [SetNeedsCommit] SetNeedsCommit!this:0x9f468980
12-01 14:18:01.285 D/[cc]LayerTreeHost( 3838): [SetNeedsCommit] SetNeedsCommit!this:0x9f468980
12-01 14:18:01.285 D/[cc]LayerTreeHost( 3838): [SetNeedsCommit] SetNeedsCommit!this:0x9f468980
12-01 14:18:01.285 D/[cc]LayerTreeHost( 3838): [SetNeedsCommit] SetNeedsCommit!this:0x9f468980
12-01 14:18:01.285 D/[cc]LayerTreeHost( 3838): [SetNeedsCommit] SetNeedsCommit!this:0x9f468980
12-01 14:18:01.285 D/[cc]LayerTreeHost( 3838): [SetNeedsCommit] SetNeedsCommit!this:0x9f468980
12-01 14:18:01.285 D/[cc]LayerTreeHost( 3838): [SetNeedsCommit] SetNeedsCommit!this:0x9f468980
12-01 14:18:01.285 D/[cc]LayerTreeHost( 3838): [SetNeedsCommit] SetNeedsCommit!this:0x9f468980
12-01 14:18:01.285 D/[cc]LayerTreeHost( 3838): [SetNeedsCommit] SetNeedsCommit!this:0x9f468980
12-01 14:18:01.285 D/[cc]LayerTreeHost( 3838): [SetNeedsCommit] SetNeedsCommit!this:0x9f468980
12-01 14:18:01.286 D/[blink] ImagePainter( 3838): [paintReplaced] ImagePainter::paintReplaced in w=4032, h=4032.
12-01 14:18:01.286 D/[blink] ImagePainter( 3838): [paintReplaced] ImagePainter::paintReplaced out.
12-01 14:18:01.286 D/[blink] BoxPainter( 3838): [paintBoxDecorationBackgroundWithRect] BoxPainter::paintBoxDecorationBackgroundWithRect isImage=0, isLayoutImage=0
12-01 14:18:01.286 D/[blink] ImagePainter( 3838): [paintReplaced] ImagePainter::paintReplaced in w=10560, h=19648.
12-01 14:18:01.286 D/[blink] ImagePainter( 3838): [paintReplaced] ImagePainter::paintReplaced out.
12-01 14:18:01.286 D/[blink] BoxPainter( 3838): [paintBoxDecorationBackgroundWithRect] BoxPainter::paintBoxDecorationBackgroundWithRect isImage=0, isLayoutImage=0
12-01 14:18:01.286 D/[blink] BoxPainter( 3838): [paintBoxDecorationBackgroundWithRect] BoxPainter::paintBoxDecorationBackgroundWithRect isImage=0, isLayoutImage=0
12-01 14:18:01.286 D/[blink] ImagePainter( 3838): [paintReplaced] ImagePainter::paintReplaced in w=10560, h=19648.
12-01 14:18:01.286 D/[blink] ImagePainter( 3838): [paintReplaced] ImagePainter::paintReplaced out.
12-01 14:18:01.286 D/[blink] BoxPainter( 3838): [paintBoxDecorationBackgroundWithRect] BoxPainter::paintBoxDecorationBackgroundWithRect isImage=0, isLayoutImage=0
12-01 14:18:01.287 D/[blink] ImagePainter( 3838): [paintReplaced] ImagePainter::paintReplaced in w=10560, h=19648.
12-01 14:18:01.287 D/[blink] ImagePainter( 3838): [paintReplaced] ImagePainter::paintReplaced out.
12-01 14:18:01.287 D/[blink] ImagePainter( 3838): [paintReplaced] ImagePainter::paintReplaced in w=11200, h=10240.
12-01 14:18:01.287 D/[blink] ImagePainter( 3838): [paintReplaced] ImagePainter::paintReplaced out.
12-01 14:18:01.287 D/[blink] ImagePainter( 3838): [paintReplaced] ImagePainter::paintReplaced in w=11008, h=10240.
12-01 14:18:01.287 D/[blink] ImagePainter( 3838): [paintReplaced] ImagePainter::paintReplaced out.
12-01 14:18:01.287 D/[blink] ImagePainter( 3838): [paintReplaced] ImagePainter::paintReplaced in w=11200, h=10240.
12-01 14:18:01.287 D/[blink] ImagePainter( 3838): [paintReplaced] ImagePainter::paintReplaced out.
12-01 14:18:01.287 D/[blink] ImagePainter( 3838): [paintReplaced] ImagePainter::paintReplaced in w=11200, h=10240.
12-01 14:18:01.287 D/[blink] ImagePainter( 3838): [paintReplaced] ImagePainter::paintReplaced out.
12-01 14:18:01.287 D/[blink] ImagePainter( 3838): [paintReplaced] ImagePainter::paintReplaced in w=11008, h=10240.
12-01 14:18:01.287 D/[blink] ImagePainter( 3838): [paintReplaced] ImagePainter::paintReplaced out.
12-01 14:18:01.287 D/[blink] ImagePainter( 3838): [paintReplaced] ImagePainter::paintReplaced in w=11200, h=10240.
12-01 14:18:01.287 D/[blink] ImagePainter( 3838): [paintReplaced] ImagePainter::paintReplaced out.
12-01 14:18:01.287 D/[blink] ImagePainter( 3838): [paintReplaced] ImagePainter::paintReplaced in w=22528, h=2176.
12-01 14:18:01.287 D/[blink] ImagePainter( 3838): [paintReplaced] ImagePainter::paintReplaced out.
12-01 14:18:01.287 D/[blink] ImagePainter( 3838): [paintReplaced] ImagePainter::paintReplaced in w=34624, h=19648.
12-01 14:18:01.287 D/[blink] ImagePainter( 3838): [paintReplaced] ImagePainter::paintReplaced out.
12-01 14:18:01.287 D/[blink] BoxPainter( 3838): [paintBoxDecorationBackgroundWithRect] BoxPainter::paintBoxDecorationBackgroundWithRect isImage=0, isLayoutImage=0
12-01 14:18:01.287 D/[blink] BoxPainter( 3838): [paintBoxDecorationBackgroundWithRect] BoxPainter::paintBoxDecorationBackgroundWithRect isImage=0, isLayoutImage=0
12-01 14:18:01.287 D/[blink] BoxPainter( 3838): [paintBoxDecorationBackgroundWithRect] BoxPainter::paintBoxDecorationBackgroundWithRect isImage=0, isLayoutImage=0
12-01 14:18:01.287 D/[blink] BoxPainter( 3838): [paintBoxDecorationBackgroundWithRect] BoxPainter::paintBoxDecorationBackgroundWithRect isImage=0, isLayoutImage=0
12-01 14:18:01.287 D/[blink] ImagePainter( 3838): [paintReplaced] ImagePainter::paintReplaced in w=4032, h=4032.
12-01 14:18:01.287 D/[blink] ImagePainter( 3838): [paintReplaced] ImagePainter::paintReplaced out.
12-01 14:18:01.288 D/[blink]FrameView( 3838): [updateLifecyclePhasesInternal] end... this:0x27569610
12-01 14:18:01.288 D/webcoreBridge( 3838): #3873 execJS frameName='eventFrame' jscore='iPanel.dispatchMessage(32774,5974,1);'
12-01 14:18:01.288 D/webcoreBridge( 3838): execJS-->frame:0x45701a48 focusFrame=0x4570bdb8 focusFrame.script=0x5eee6770
12-01 14:18:01.288 D/webcoreBridge( 3838): execJS-->executeScript frame=0x45701a48 script=0x5eee1988
12-01 14:18:01.288 D/ScriptController( 3838): [executeScriptAndReturnValue] [V8] evaluate Script start. frame=0x45701a48 url= line=1. source length=37
12-01 14:18:01.289 D/iPanel  ( 3838): iPanel.debug("dispatchMessage:msg: 32774,5974,1")
12-01 14:18:01.289 D/iPanel  ( 3838): get getFocusedOrMainFrame
12-01 14:18:01.289 D/iPanel  ( 3838): getFrameByName 'eventFrame' frame=0x45701a48 window=0x457026f8
12-01 14:18:01.289 D/iPanel  ( 3838): getFrameByName 'mainFrame' frame=0x4570bdb8 window=0x4582f968
12-01 14:18:01.289 D/iPanel  ( 3838): iPanel.debug("dispatchMessage:iPanel.getFocusedOrMainFrame = http://10.14.41.246/application/bxfc/index.htm")
12-01 14:18:01.289 D/iPanel  ( 3838): iPanel.debug("dispatchMessage:frame num: 2, keyEvent:system")
12-01 14:18:01.290 D/iPanel  ( 3838): iPanel.debug("dispatchMessage:#2. proc event 5974. url: http://10.14.41.246/application/bxfc/index.htm")
12-01 14:18:01.290 D/iPanel  ( 3838): iPanel.debug("w=[object Window], document=[object HTMLDocument], keyCode=5974, modifiers=1, keyEvent=system")
12-01 14:18:01.290 D/iPanel  ( 3838): iPanel.debug("onsystemevent is not listening")
12-01 14:18:01.290 D/iPanel  ( 3838): iPanel.debug("ret: true")
12-01 14:18:01.290 D/iPanel  ( 3838): iPanel.debug("dispatchMessage:#1. proc event 5974. url: ui:///eventpage.htm?ipanelcmd-name=eventFrame&script=ui:///ipanel.js")
12-01 14:18:01.290 D/iPanel  ( 3838): iPanel.debug("w=[object Window], document=[object HTMLDocument], keyCode=5974, modifiers=1, keyEvent=system")
12-01 14:18:01.290 D/iPanel  ( 3838): iPanel.debug("iPanelDealMsg event handler: (function(){	window.event = {		'which': 5974,		'keyCode': 5974,		'modifiers': 1,		'prevented': false,		'preventDefault': function() {			this.prevented = true;		}	};	var ret = document.onsystemevent(window.event);	if (window.event.prevented) return false;	return ret;})();")
12-01 14:18:01.290 D/iPanel  ( 3838): dom=0x457026f8 code=(function(){	window.event = {		'which': 5974,		'keyCode': 5974,		'modifiers': 1,		'prevented': false,		'preventDefault': function() {			this.prevented = true;		}	};	var ret = document.onsystemevent(window.event);	if (window.event.prevented) return false;	return ret;})();
12-01 14:18:01.290 D/webcore ( 3838): [execEventJS] code=(function(){	window.event = {		'which': 5974,		'keyCode': 5974,		'modifiers': 1,		'prevented': false,		'preventDefault': function() {			this.prevented = true;		}	};	var ret = document.onsystemevent(window.event);	if (window.event.prevented) return false;	return ret;})();
12-01 14:18:01.290 D/webcore ( 3838): [execEventJS] focusedOrMainFrame=ui:///eventpage.htm?ipanelcmd-name=eventFrame&script=ui:///ipanel.js
12-01 14:18:01.290 D/ScriptController( 3838): [executeScriptAndReturnValue] [V8] evaluate Script start. frame=0x45701a48 url= line=1. source length=271
12-01 14:18:01.291 D/ScriptController( 3838): [executeScriptAndReturnValue] [V8] compile Script end. frame=0x45701a48 
12-01 14:18:01.292 D/iPanel  ( 3838): iPanel.debug("eventpage grabEvent")
12-01 14:18:01.292 D/iPanel  ( 3838): getFrameByName 'mainFrame' frame=0x4570bdb8 window=0x4582f968
12-01 14:18:01.292 D/iPanel  ( 3838): iPanel.debug("--zjh-- url = http://10.14.41.246/application/bxfc/index.htm  keycode = 5974")
12-01 14:18:01.292 D/iPanel  ( 3838): iPanel.debug("eventpage.htm args.type==true")
12-01 14:18:01.292 D/iPanel  ( 3838): iPanel.debug("eventpage grabEvent eventObj==[object Object]")
12-01 14:18:01.292 D/iPanel  ( 3838): iPanel.debug("eventpage eventObj.code = EIS_MISC_HTML_OPEN_FINISHED")
12-01 14:18:01.292 D/iPanel  ( 3838): iPanel.debug("eventpage keyValue = 5974--p2:1")
12-01 14:18:01.292 D/iPanel  ( 3838): iPanel.debug("eventHandler---keycode==5974,p2=1")
12-01 14:18:01.292 D/ScriptController( 3838): [executeScriptAndReturnValue] [V8] evaluate Script end. frame=0x45701a48 
12-01 14:18:01.292 D/webcore ( 3838): [execEventJS] ret=0
12-01 14:18:01.292 D/iPanel  ( 3838): ret=0
12-01 14:18:01.292 D/iPanel  ( 3838): iPanel.debug("ret: false")
12-01 14:18:01.292 D/iPanel  ( 3838): iPanel.debug("dispatchMessage:end")
12-01 14:18:01.292 D/ScriptController( 3838): [executeScriptAndReturnValue] [V8] evaluate Script end. frame=0x45701a48 
12-01 14:18:01.292 D/webcoreBridge( 3838): execJS-->executeScript frame=0x45701a48 end.
12-01 14:18:01.294 D/BrowserWebViewClient( 3838): onPageFinished webview = com.ipanel.android_webview.shell.AwWebViewImpl[mainFrame: focused=true url=http://10.14.41.246/application/bxfc/index.htm] url = http://10.14.41.246/application/bxfc/index.htm
12-01 14:18:01.294 D/Browser ( 3838): hideIconLoading
12-01 14:18:01.363 D/ir_user ( 1585): PlayerTimeLineTrace:linux_keycode:0x9e(UP),	protocol: .
12-01 14:18:01.363 V/PT      ( 1581): >>INFO:irkey_task:[     725.507592] /dev/input/event0: type=0001 code=009e val=00000000
12-01 14:18:01.363 V/PT      ( 1581): >>INFO:irkey_send:0x3001 0x1000 up  
12-01 14:18:01.363 V/SUMA    ( 1581): ++++++++++++++  _roc_evtmgr_key_cbk 517:input = 12289, event=4096, act=0x400
12-01 14:18:01.363 V/SUMA    ( 1581): lxm:_roc_evtmgr_key_cbk 519 725507
12-01 14:18:01.363 V/SUMA    ( 1581): lxm:_roc_evtmgr_add_key_into_queue 311 725507
12-01 14:18:01.363 V/PT      ( 1581): >>INFO:irkey_task:[     725.507592] /dev/input/event0: type=0000 code=0000 val=00000000
12-01 14:18:01.363 V/SUMA    ( 1581): ===================>> type=0 src=0 evt=4096 act=0x400
12-01 14:18:01.363 V/SUMA    ( 1581): [sysset-s][event_manager_cbk 78]lxm cbid=1, cbk_reg=1, cpid=2464
12-01 14:18:01.363 D/NGBEvent( 2464): ngbEventCallBack type:0 source :4096
12-01 14:18:01.363 D/NGBEvent( 2464): [NGBEventManager-JNI]-returning:1
12-01 14:18:01.363 D/NGBEvent( 2464): Input key event: keyCode=4096
12-01 14:18:01.363 D/NGBEvent( 2464): src:4096 = dest:4096
12-01 14:18:01.363 I/System.out( 2464): [DEBUG EventManager] LWJ--Add event to java with evt=NgbEvent-[type = 1, subtype = 402, code = 4096]
12-01 14:18:01.363 D/NGBEvent( 2464): [NGBEvent_log]--[EventManager--JNI]:		start
12-01 14:18:01.363 I/System.out( 2464): [DEBUG EventManager] broadcastEvent  :len 1
12-01 14:18:01.363 D/KeyEventNgbDealer( 2464): [TN_pool-1-thread-1]handleKeyReleased keyEvent=NgbEvent-[type = 1, subtype = 402, code = 4096],time=725508
12-01 14:18:01.363 D/RemoteIME( 2344): RemoteIME--> onKeyUp keyCode = 4
12-01 14:18:01.364 D/cr_AwTestContainerView( 3838): [AwTestContainerView.java:63] [mainFrame]: [2017-11-21 17:52:03] dispatchKeyEvent keyCode = 4 event = KeyEvent { action=ACTION_UP, keyCode=KEYCODE_BACK, scanCode=158, metaState=0, flags=0x8, repeatCount=0, eventTime=725507, downTime=725298, deviceId=4, source=0x701 }
12-01 14:18:01.364 D/ImeAdapterAndroid( 3838): [SendKeyEvent] [BUILD TIME: ] dispatchKeyEvent key_code=4 modifiers=0 unicode_char=0 scan_code=158 is_system=0 tm=725507
12-01 14:18:01.365 D/RenderWidgetInputHandler( 3838): [HandleInputEvent] input_event type=9 name=KeyUp
12-01 14:18:01.365 D/RenderWidgetInputHandler( 3838): [HandleInputEvent] key_event.nativeKeyCode:4,widget_->GetTextInputType():0
12-01 14:18:01.365 D/RenderWidgetInputHandler( 3838): [HandleInputEvent] input_event type=9 prevent_default:0
12-01 14:18:01.365 D/WebViewImpl( 3838): [handleKeyEvent] keycode:166, eventType:9 native keycode:4 frame=0x4570bdb8. url='http://10.14.41.246/application/bxfc/index.htm'.
12-01 14:18:01.365 D/[blink]KeyboardEventManager( 3838): [keyEvent] initialKeyEvent KeyUp nativeKeyCode=4 windowsKeyCode=166 text[0]=0
12-01 14:18:01.365 D/[blink]KeyboardEventManager( 3838): [keyEvent] initialKeyEvent focusedNode=0x0
12-01 14:18:01.411 I/Advanced( 3838): [QUEUE] share_queue_sendEx size:1 4097 435 0x8ec2d770,postLoopId:0,dstid:1.
12-01 14:18:01.565 D/BackBootDealerNeimeng( 2381): standbyState:
12-01 14:18:01.566 E/NetUtils( 1999): Interface eth0 LinkUp!
12-01 14:18:01.612 I/Advanced( 3838): [QUEUE] share_queue_sendEx size:1 4097 436 0x8ec2d770,postLoopId:0,dstid:1.
12-01 14:18:01.656 I/AdvancedPorting-PORT_MODULE_NET( 3838): network_task while... 
12-01 14:18:01.656 I/AdvancedPorting-PORT_MODULE_NET( 3838): 0 interface name: lo
12-01 14:18:01.656 I/AdvancedPorting-PORT_MODULE_NET( 3838): 1 interface name: eth0
12-01 14:18:01.656 I/AdvancedPorting-PORT_MODULE_NET( 3838): 2 interface name: wlan0
12-01 14:18:01.656 I/AdvancedPorting-PORT_MODULE_NET( 3838): First interface name: lo
12-01 14:18:01.656 I/AdvancedPorting-PORT_MODULE_NET( 3838): network_task while...  net_i:1
12-01 14:18:01.656 I/AdvancedPorting-PORT_MODULE_NET( 3838): network_task while---name_interface[0]=lo
12-01 14:18:01.656 I/AdvancedPorting-PORT_MODULE_NET( 3838): network_task while---name_interface[1]=eth0
12-01 14:18:01.656 I/AdvancedPorting-PORT_MODULE_NET( 3838): network_task while---interface_name=eth0
12-01 14:18:01.656 I/AdvancedPorting-PORT_MODULE_NET( 3838): network_get_netlink_status(in)--if_name=eth0
12-01 14:18:01.656 I/AdvancedPorting-PORT_MODULE_NET( 3838): net.network.isconnected = no
12-01 14:18:01.656 I/AdvancedPorting-PORT_MODULE_NET( 3838): eth0 --network_get_netlink_status return retval=1
12-01 14:18:01.656 I/AdvancedPorting-PORT_MODULE_NET( 3838): stat = 1 last_status = 1
12-01 14:18:01.762 D/[blink]DOMTimer( 3838): [fired] 0x2756b5e8 timeout fired.
12-01 14:18:01.762 D/V8ScriptRunner( 3838): [callFunction] start. frame = 0x4570bdb8 function:  url: http://10.14.41.246/application/bxfc/js/common.js line: 493
12-01 14:18:01.764 D/[blink]DOMTimer( 3838): [DOMTimer] 0x2756bb00 setTimeout 500ms, repeat:0.
12-01 14:18:01.764 D/V8ScriptRunner( 3838): [callFunction] end. frame = 0x4570bdb8 function:  url: http://10.14.41.246/application/bxfc/js/common.js line: 493
12-01 14:18:01.812 I/Advanced( 3838): [QUEUE] share_queue_sendEx size:1 4097 437 0x8ec2d770,postLoopId:0,dstid:1.
12-01 14:18:02.013 I/Advanced( 3838): [QUEUE] share_queue_sendEx size:1 4097 438 0x8ec2d770,postLoopId:0,dstid:1.
12-01 14:18:02.067 D/BackBootDealerNeimeng( 2381): standbyState:
12-01 14:18:02.067 E/NetUtils( 1999): Interface eth0 LinkUp!
12-01 14:18:02.213 I/Advanced( 3838): [QUEUE] share_queue_sendEx size:1 4097 439 0x8ec2d770,postLoopId:0,dstid:1.
12-01 14:18:02.264 D/[blink]DOMTimer( 3838): [fired] 0x2756bb00 timeout fired.
12-01 14:18:02.264 D/V8ScriptRunner( 3838): [callFunction] start. frame = 0x4570bdb8 function:  url: http://10.14.41.246/application/bxfc/js/common.js line: 493
12-01 14:18:02.265 D/[blink]DOMTimer( 3838): [DOMTimer] 0x2756bb70 setTimeout 500ms, repeat:0.
12-01 14:18:02.265 D/V8ScriptRunner( 3838): [callFunction] end. frame = 0x4570bdb8 function:  url: http://10.14.41.246/application/bxfc/js/common.js line: 493
12-01 14:18:02.414 I/Advanced( 3838): [QUEUE] share_queue_sendEx size:1 4097 440 0x8ec2d770,postLoopId:0,dstid:1.
12-01 14:18:02.568 D/BackBootDealerNeimeng( 2381): standbyState:
12-01 14:18:02.569 E/NetUtils( 1999): Interface eth0 LinkUp!
12-01 14:18:02.614 I/Advanced( 3838): [QUEUE] share_queue_sendEx size:1 4097 441 0x8ec2d770,postLoopId:0,dstid:1.
12-01 14:18:02.656 I/AdvancedPorting-PORT_MODULE_NET( 3838): network_task while... 
12-01 14:18:02.656 I/AdvancedPorting-PORT_MODULE_NET( 3838): 0 interface name: lo
12-01 14:18:02.656 I/AdvancedPorting-PORT_MODULE_NET( 3838): 1 interface name: eth0
12-01 14:18:02.656 I/AdvancedPorting-PORT_MODULE_NET( 3838): 2 interface name: wlan0
12-01 14:18:02.656 I/AdvancedPorting-PORT_MODULE_NET( 3838): First interface name: lo
12-01 14:18:02.657 I/AdvancedPorting-PORT_MODULE_NET( 3838): network_task while...  net_i:1
12-01 14:18:02.657 I/AdvancedPorting-PORT_MODULE_NET( 3838): network_task while---name_interface[0]=lo
12-01 14:18:02.657 I/AdvancedPorting-PORT_MODULE_NET( 3838): network_task while---name_interface[1]=eth0
12-01 14:18:02.657 I/AdvancedPorting-PORT_MODULE_NET( 3838): network_task while---interface_name=eth0
12-01 14:18:02.657 I/AdvancedPorting-PORT_MODULE_NET( 3838): network_get_netlink_status(in)--if_name=eth0
12-01 14:18:02.657 I/AdvancedPorting-PORT_MODULE_NET( 3838): net.network.isconnected = no
12-01 14:18:02.657 I/AdvancedPorting-PORT_MODULE_NET( 3838): eth0 --network_get_netlink_status return retval=1
12-01 14:18:02.657 I/AdvancedPorting-PORT_MODULE_NET( 3838): stat = 1 last_status = 1
12-01 14:18:02.765 D/[blink]DOMTimer( 3838): [fired] 0x2756bb70 timeout fired.
12-01 14:18:02.765 D/V8ScriptRunner( 3838): [callFunction] start. frame = 0x4570bdb8 function:  url: http://10.14.41.246/application/bxfc/js/common.js line: 493
12-01 14:18:02.765 D/[blink]DOMTimer( 3838): [DOMTimer] 0x2756bbe0 setTimeout 500ms, repeat:0.
12-01 14:18:02.765 D/V8ScriptRunner( 3838): [callFunction] end. frame = 0x4570bdb8 function:  url: http://10.14.41.246/application/bxfc/js/common.js line: 493
12-01 14:18:02.808 D/ir_user ( 1585): PlayerTimeLineTrace:linux_keycode:0x1c(DOWN),	protocol: .
12-01 14:18:02.808 V/PT      ( 1581): >>INFO:irkey_task:[     726.952668] /dev/input/event0: type=0001 code=001c val=00000001
12-01 14:18:02.808 V/PT      ( 1581): >>INFO:irkey_send:0x3001 0x1001 down
12-01 14:18:02.808 V/SUMA    ( 1581): ++++++++++++++  _roc_evtmgr_key_cbk 517:input = 12289, event=4097, act=0x100
12-01 14:18:02.808 V/SUMA    ( 1581): lxm:_roc_evtmgr_key_cbk 519 726952
12-01 14:18:02.808 V/SUMA    ( 1581): lxm:_roc_evtmgr_add_evt_into_queue 347 726952
12-01 14:18:02.808 V/SUMA    ( 1581): ===================>> type=0 src=0 evt=4097 act=0x100
12-01 14:18:02.808 V/PT      ( 1581): >>INFO:irkey_task:[     726.952668] /dev/input/event0: type=0000 code=0000 val=00000000
12-01 14:18:02.808 V/SUMA    ( 1581): [sysset-s][event_manager_cbk 78]lxm cbid=1, cbk_reg=1, cpid=2464
12-01 14:18:02.808 D/NGBEvent( 2464): ngbEventCallBack type:0 source :4097
12-01 14:18:02.808 D/NGBEvent( 2464): [NGBEventManager-JNI]-returning:1
12-01 14:18:02.808 D/NGBEvent( 2464): Input key event: keyCode=4097
12-01 14:18:02.808 D/NGBEvent( 2464): src:4097 = dest:4097
12-01 14:18:02.808 I/System.out( 2464): [DEBUG EventManager] LWJ--Add event to java with evt=NgbEvent-[type = 1, subtype = 401, code = 4097]
12-01 14:18:02.808 D/NGBEvent( 2464): [NGBEvent_log]--[EventManager--JNI]:		start
12-01 14:18:02.808 I/System.out( 2464): [DEBUG EventManager] broadcastEvent  :len 1
12-01 14:18:02.808 D/CombineKeyUtil( 2464): [TN_pool-1-thread-1]dealKeyEvent,combineIndex:-1:keyCode:23
12-01 14:18:02.808 D/KeyEventNgbDealer( 2464): [TN_pool-1-thread-1]handleKeyPressed keyEvent=NgbEvent-[type = 1, subtype = 401, code = 4097],time=726953
12-01 14:18:02.809 D/RemoteIME( 2344): onKeyDown event = KeyEvent { action=ACTION_DOWN, keyCode=KEYCODE_DPAD_CENTER, scanCode=28, metaState=0, flags=0x8, repeatCount=0, eventTime=726952, downTime=726952, deviceId=4, source=0x701 },mSkbContainer=null
12-01 14:18:02.809 D/cr_AwTestContainerView( 3838): [AwTestContainerView.java:63] [mainFrame]: [2017-11-21 17:52:03] dispatchKeyEvent keyCode = 23 event = KeyEvent { action=ACTION_DOWN, keyCode=KEYCODE_DPAD_CENTER, scanCode=28, metaState=0, flags=0x8, repeatCount=0, eventTime=726952, downTime=726952, deviceId=4, source=0x701 }
12-01 14:18:02.809 D/ImeAdapterAndroid( 3838): [SendKeyEvent] [BUILD TIME: ] dispatchKeyEvent key_code=23 modifiers=0 unicode_char=0 scan_code=28 is_system=0 tm=726952
12-01 14:18:02.810 D/RenderWidgetInputHandler( 3838): [HandleInputEvent] input_event type=8 name=KeyDown
12-01 14:18:02.810 D/RenderWidgetInputHandler( 3838): [HandleInputEvent] key_event.nativeKeyCode:23,widget_->GetTextInputType():0
12-01 14:18:02.810 D/RenderWidgetInputHandler( 3838): [HandleInputEvent] input_event type=8 prevent_default:0
12-01 14:18:02.810 D/WebViewImpl( 3838): [handleKeyEvent] keycode:13, eventType:8 native keycode:23 frame=0x4570bdb8. url='http://10.14.41.246/application/bxfc/index.htm'.
12-01 14:18:02.810 D/[blink]KeyboardEventManager( 3838): [keyEvent] initialKeyEvent KeyDown nativeKeyCode=23 windowsKeyCode=13 text[0]=13
12-01 14:18:02.810 D/[blink]KeyboardEventManager( 3838): [keyEvent] initialKeyEvent focusedNode=0x0
12-01 14:18:02.811 D/V8ScriptRunner( 3838): [callFunction] start. frame = 0x4570bdb8 function: eventHandler url: http://10.14.41.246/application/bxfc/index.htm line: 151
12-01 14:18:02.811 D/base::KeyConverter( 3838): [get] convert 23 => -1.
12-01 14:18:02.813 D/iPanel  ( 3838): iPanel.debug("iPanel.setGlobalVar : name = nmcfMenuPos value = 1")
12-01 14:18:02.813 D/iPanel  ( 3838): iPanel.debug("iPanel.misc.save undefined")
12-01 14:18:02.813 D/iPanel  ( 3838): iPanel.debug("iPanel.misc.save end")
12-01 14:18:02.814 D/iPanel  ( 3838): iPanel.debug("iPanel.setGlobalVar : name = nmcfToken value = R5A1D2EE5U20887029K53724E0DIA6230E0AP8M2FAF083WDC013F7D151")
12-01 14:18:02.814 D/iPanel  ( 3838): iPanel.debug("iPanel.misc.save undefined")
12-01 14:18:02.814 D/iPanel  ( 3838): iPanel.debug("iPanel.misc.save end")
12-01 14:18:02.814 D/iPanel  ( 3838): iPanel.debug("iPanel.setGlobalVar : name = nmcfAssetId value = 286")
12-01 14:18:02.814 D/iPanel  ( 3838): iPanel.debug("iPanel.misc.save undefined")
12-01 14:18:02.814 I/Advanced( 3838): [QUEUE] share_queue_sendEx size:1 4097 442 0x8ec2d770,postLoopId:0,dstid:1.
12-01 14:18:02.815 D/iPanel  ( 3838): iPanel.debug("iPanel.misc.save end")
12-01 14:18:02.815 D/[blink]Location( 3838): [setLocation] m_frame=0x4570bdb8 location.href completedURL=http://10.14.41.246/application/bxfc/sec/index.htm
12-01 14:18:02.815 D/[blink]NavigationScheduler( 3838): [scheduleLocationChange] frame=0x4570bdb8 url=http://10.14.41.246/application/bxfc/sec/index.htm
12-01 14:18:02.815 D/V8ScriptRunner( 3838): [callFunction] end. frame = 0x4570bdb8 function: eventHandler url: http://10.14.41.246/application/bxfc/index.htm line: 151
12-01 14:18:02.815 D/[blink]KeyboardEventManager( 3838): [keyEvent] dispatchResult = CanceledByEventHandler
12-01 14:18:02.815 D/[blink]FrameLoader( 3838): [load] load request isLoadingMainFrame=1, url:http://10.14.41.246/application/bxfc/sec/index.htm
12-01 14:18:02.816 D/FrameLoaderClientImpl( 3838): [didStartLoading] start load url:http://10.14.41.246/application/bxfc/sec/index.htm, isMainframe=1, frame=0x4570bdb8. parent=null
12-01 14:18:02.816 D/Browser ( 3838): postProgressNotification type=0
12-01 14:18:02.816 D/[blink]FrameView( 3838): [setCanPaint] this:0x27569610, setCanPaint old canpaint=1, new canpaint=0 .
12-01 14:18:02.816 D/[blink]ResourceFetcher( 3838): [requestResource] url=http://10.14.41.246/application/bxfc/sec/index.htm.
12-01 14:18:02.816 D/url     ( 3838): [DoResolveRelative] [WEB] DoResolveRelative Error resolving.
12-01 14:18:02.816 D/[blink]DocumentLoader( 3838): [startLoadingMainResource]  load main resource:http://10.14.41.246/application/bxfc/sec/index.htm
12-01 14:18:02.817 D/webcoreBridge( 3838): #3873 execJS frameName='eventFrame' jscore='iPanel.dispatchMessage(32774,5975,1);'
12-01 14:18:02.817 D/webcoreBridge( 3838): execJS-->frame:0x45701a48 focusFrame=0x4570bdb8 focusFrame.script=0x5eee6770
12-01 14:18:02.817 D/webcoreBridge( 3838): execJS-->executeScript frame=0x45701a48 script=0x5eee1988
12-01 14:18:02.817 D/ScriptController( 3838): [executeScriptAndReturnValue] [V8] evaluate Script start. frame=0x45701a48 url= line=1. source length=37
12-01 14:18:02.817 D/iPanel  ( 3838): iPanel.debug("dispatchMessage:msg: 32774,5975,1")
12-01 14:18:02.817 D/iPanel  ( 3838): get getFocusedOrMainFrame
12-01 14:18:02.817 D/iPanel  ( 3838): getFrameByName 'eventFrame' frame=0x45701a48 window=0x457026f8
12-01 14:18:02.817 D/iPanel  ( 3838): getFrameByName 'mainFrame' frame=0x4570bdb8 window=0x4582f968
12-01 14:18:02.817 D/iPanel  ( 3838): iPanel.debug("dispatchMessage:iPanel.getFocusedOrMainFrame = http://10.14.41.246/application/bxfc/index.htm")
12-01 14:18:02.817 D/ResourceLoader( 3838): [StartRequest] start request 0x9f4e9500 url='http://10.14.41.246/application/bxfc/sec/index.htm'
12-01 14:18:02.817 D/iPanel  ( 3838): iPanel.debug("dispatchMessage:frame num: 2, keyEvent:system")
12-01 14:18:02.817 D/iPanel  ( 3838): iPanel.debug("dispatchMessage:#2. proc event 5975. url: http://10.14.41.246/application/bxfc/index.htm")
12-01 14:18:02.817 D/iPanel  ( 3838): iPanel.debug("w=[object Window], document=[object HTMLDocument], keyCode=5975, modifiers=1, keyEvent=system")
12-01 14:18:02.817 D/iPanel  ( 3838): iPanel.debug("onsystemevent is not listening")
12-01 14:18:02.817 D/iPanel  ( 3838): iPanel.debug("ret: true")
12-01 14:18:02.817 D/iPanel  ( 3838): iPanel.debug("dispatchMessage:#1. proc event 5975. url: ui:///eventpage.htm?ipanelcmd-name=eventFrame&script=ui:///ipanel.js")
12-01 14:18:02.817 D/iPanel  ( 3838): iPanel.debug("w=[object Window], document=[object HTMLDocument], keyCode=5975, modifiers=1, keyEvent=system")
12-01 14:18:02.817 D/BrowserWebViewClient( 3838): onPageStarted webview = com.ipanel.android_webview.shell.AwWebViewImpl[mainFrame: focused=true url=http://10.14.41.246/application/bxfc/index.htm] url = http://10.14.41.246/application/bxfc/sec/index.htm
12-01 14:18:02.817 D/iPanel  ( 3838): iPanel.debug("iPanelDealMsg event handler: (function(){	window.event = {		'which': 5975,		'keyCode': 5975,		'modifiers': 1,		'prevented': false,		'preventDefault': function() {			this.prevented = true;		}	};	var ret = document.onsystemevent(window.event);	if (window.event.prevented) return false;	return ret;})();")
12-01 14:18:02.817 D/Browser ( 3838): showIconLoading
12-01 14:18:02.817 D/iPanel  ( 3838): dom=0x457026f8 code=(function(){	window.event = {		'which': 5975,		'keyCode': 5975,		'modifiers': 1,		'prevented': false,		'preventDefault': function() {			this.prevented = true;		}	};	var ret = document.onsystemevent(window.event);	if (window.event.prevented) return false;	return ret;})();
12-01 14:18:02.817 D/webcore ( 3838): [execEventJS] code=(function(){	window.event = {		'which': 5975,		'keyCode': 5975,		'modifiers': 1,		'prevented': false,		'preventDefault': function() {			this.prevented = true;		}	};	var ret = document.onsystemevent(window.event);	if (window.event.prevented) return false;	return ret;})();
12-01 14:18:02.817 D/webcore ( 3838): [execEventJS] focusedOrMainFrame=ui:///eventpage.htm?ipanelcmd-name=eventFrame&script=ui:///ipanel.js
12-01 14:18:02.817 D/ScriptController( 3838): [executeScriptAndReturnValue] [V8] evaluate Script start. frame=0x45701a48 url= line=1. source length=271
12-01 14:18:02.817 D/ScriptController( 3838): [executeScriptAndReturnValue] [V8] compile Script end. frame=0x45701a48 
12-01 14:18:02.817 D/iPanel  ( 3838): iPanel.debug("eventpage grabEvent")
12-01 14:18:02.817 D/iPanel  ( 3838): getFrameByName 'mainFrame' frame=0x4570bdb8 window=0x4582f968
12-01 14:18:02.817 D/iPanel  ( 3838): iPanel.debug("--zjh-- url = http://10.14.41.246/application/bxfc/index.htm  keycode = 5975")
12-01 14:18:02.818 D/iPanel  ( 3838): iPanel.debug("eventpage.htm args.type==true")
12-01 14:18:02.818 D/iPanel  ( 3838): iPanel.debug("eventpage grabEvent eventObj==[object Object]")
12-01 14:18:02.818 D/iPanel  ( 3838): iPanel.debug("eventpage eventObj.code = EIS_MISC_HTML_OPEN_START")
12-01 14:18:02.818 D/iPanel  ( 3838): iPanel.debug("eventpage keyValue = 5975--p2:1")
12-01 14:18:02.818 D/AwRequestInterceptor( 3838): [MaybeInterceptRequest] request=0x9f4e9500
12-01 14:18:02.818 D/iPanel  ( 3838): iPanel.debug("eventHandler---keycode==5975,p2=1")
12-01 14:18:02.818 D/ScriptController( 3838): [executeScriptAndReturnValue] [V8] evaluate Script end. frame=0x45701a48 
12-01 14:18:02.818 D/webcore ( 3838): [execEventJS] ret=0
12-01 14:18:02.818 D/iPanel  ( 3838): ret=0
12-01 14:18:02.818 D/iPanel  ( 3838): iPanel.debug("ret: false")
12-01 14:18:02.818 D/iPanel  ( 3838): iPanel.debug("dispatchMessage:end")
12-01 14:18:02.818 D/ScriptController( 3838): [executeScriptAndReturnValue] [V8] evaluate Script end. frame=0x45701a48 
12-01 14:18:02.818 D/webcoreBridge( 3838): execJS-->executeScript frame=0x45701a48 end.
12-01 14:18:02.818 D/cr_AwContents( 3838): [AwContents.java:520] BackgroundThreadClientImpl shouldInterceptRequest url = http://10.14.41.246/application/bxfc/sec/index.htm
12-01 14:18:02.818 D/cr_AwNullContentsClient( 3838): [AwNullContentsClient.java:59] shouldInterceptRequest url=http://10.14.41.246/application/bxfc/sec/index.htm
12-01 14:18:02.818 D/BrowserWebViewClient( 3838): intercept request :http://10.14.41.246/application/bxfc/sec/index.htm
12-01 14:18:02.818 D/AwRequestInterceptor( 3838): [MaybeInterceptRequest] request=0x9f4e9500
12-01 14:18:02.825 D/FrameLoaderClientImpl( 3838): [dispatchDidHandleUnloadEvents] dispatch onunload event url:http://10.14.41.246/application/bxfc/index.htm
12-01 14:18:02.825 D/[blink]FocusSetting( 3838): [updateDefaultFocusColor] color=0xFFFFFF00.
12-01 14:18:02.825 D/[blink]Page( 3838): [setEnableDefaultNavigation] isEnableDefaultNavigation:1
12-01 14:18:02.825 D/FrameLoaderClientImpl( 3838): [dispatchDidHandleUnloadEvents] dispatch onunload event url:http://10.14.41.246/application/bxfc/index.htm
12-01 14:18:02.825 D/[blink]FocusSetting( 3838): [updateDefaultFocusColor] color=0xFFFFFF00.
12-01 14:18:02.825 D/[blink]ResourceFetcher( 3838): [didFailLoading] error=-3 url=http://172.16.242.166:12690/account/user/get_list?deviceno=8150010316662691&devicetype=2&pageidx=1&pagenum=10.
12-01 14:18:02.825 D/[blink]memoryCache( 3838): [evict] remove:http://172.16.242.166:12690/account/user/get_list?deviceno=8150010316662691&devicetype=2&pageidx=1&pagenum=10
12-01 14:18:02.825 D/ResourceLoader( 3838): [CancelRequest] from_renderer=1 url='http://172.16.242.166:12690/account/user/get_list?deviceno=8150010316662691&devicetype=2&pageidx=1&pagenum=10'
12-01 14:18:02.825 D/V8ScriptRunner( 3838): [callFunction] start. frame = 0x4570bdb8 function: xmlHttp.onreadystatechange url: http://10.14.41.246/application/bxfc/js/common.js line: 145
12-01 14:18:02.825 D/ResourceLoader( 3838): [ResponseCompleted] finish request 0x9f7ac380 url='http://172.16.242.166:12690/account/user/get_list?deviceno=8150010316662691&devicetype=2&pageidx=1&pagenum=10'
12-01 14:18:02.826 D/ResourceLoader( 3838): [ResponseCompleted] finish request 0x9f4e9500 url='http://10.14.41.246/application/bxfc/sec/index.htm'
12-01 14:18:02.826 D/V8ScriptRunner( 3838): [callFunction] end. frame = 0x4570bdb8 function: xmlHttp.onreadystatechange url: http://10.14.41.246/application/bxfc/js/common.js line: 145
12-01 14:18:02.827 D/[blink]ResourceFetcher( 3838): [didFailLoading] error=-3 url=http://172.16.242.166:13160/recommend/get_recommend_by_label?accesstoken=R5A1D2EE5U20887029K53724E0DIA6230E0AP8M2FAF083WDC013F7D151&label=286&pageidx=0&pagenum=3&depth=1.
12-01 14:18:02.827 D/[blink]memoryCache( 3838): [evict] remove:http://172.16.242.166:13160/recommend/get_recommend_by_label?accesstoken=R5A1D2EE5U20887029K53724E0DIA6230E0AP8M2FAF083WDC013F7D151&label=286&pageidx=0&pagenum=3&depth=1
12-01 14:18:02.827 D/ResourceLoader( 3838): [CancelRequest] from_renderer=1 url='http://172.16.242.166:13160/recommend/get_recommend_by_label?accesstoken=R5A1D2EE5U20887029K53724E0DIA6230E0AP8M2FAF083WDC013F7D151&label=286&pageidx=0&pagenum=3&depth=1'
12-01 14:18:02.827 D/V8ScriptRunner( 3838): [callFunction] start. frame = 0x4570bdb8 function: xmlHttp.onreadystatechange url: http://10.14.41.246/application/bxfc/js/common.js line: 450
12-01 14:18:02.827 D/ResourceLoader( 3838): [ResponseCompleted] finish request 0x9f4eb480 url='http://172.16.242.166:13160/recommend/get_recommend_by_label?accesstoken=R5A1D2EE5U20887029K53724E0DIA6230E0AP8M2FAF083WDC013F7D151&label=286&pageidx=0&pagenum=3&depth=1'
12-01 14:18:02.828 D/V8      ( 3838): [NewError] [V8] Factory::NewError: Unexpected token )
12-01 14:18:02.828 D/V8      ( 3838): [ThrowPendingError] [V8] JS Throw: ThrowPendingError, ../../v8/src/pending-compilation-error-handler.cc(66)
12-01 14:18:02.828 D/V8      ( 3838): [Throw] [V8] Isolate::Throw!
12-01 14:18:02.828 D/V8      ( 3838): [CompileGlobalEval] [V8] exception ASSIGN_RETURN_ON_EXCEPTION_VALUE: CompileGlobalEval, ../../v8/src/runtime/runtime-compiler.cc(442)
12-01 14:18:02.829 D/ChromeClientImpl( 3838): [addMessageToConsole] [ERROR:CONSOLE(1)] "Uncaught SyntaxError: Unexpected token )", source:http://10.14.41.246/application/bxfc/index.htm (1)
12-01 14:18:02.829 D/V8ScriptRunner( 3838): [callFunction] end. frame = 0x4570bdb8 function: xmlHttp.onreadystatechange url: http://10.14.41.246/application/bxfc/js/common.js line: 450
12-01 14:18:02.829 D/[cc]LayerTreeHost( 3838): [SetNeedsCommit] SetNeedsCommit!this:0x9f468980
12-01 14:18:02.829 D/[cc]LayerTreeHost( 3838): [SetNeedsCommit] SetNeedsCommit!this:0x9f468980
12-01 14:18:02.829 D/[cc]LayerTreeHost( 3838): [SetNeedsCommit] SetNeedsCommit!this:0x9f468980
12-01 14:18:02.829 D/[cc]beginFrameSource( 3838): [AddObserver] ExternalBeginFrameSource::AddObserver
12-01 14:18:02.829 D/[cc]LayerTreeHost( 3838): [SetNeedsCommit] SetNeedsCommit!this:0x9f468980
12-01 14:18:02.829 D/[cc]LayerTreeHost( 3838): [SetNeedsCommit] SetNeedsCommit!this:0x9f468980
12-01 14:18:02.829 D/[cc]LayerTreeHost( 3838): [SetNeedsCommit] SetNeedsCommit!this:0x9f468980
12-01 14:18:02.829 D/[cc]LayerTree( 3838): [SetRootLayer] [LayerTree::SetRootLayer]. set needs_full_tree_sync_ = true, but not Commit!!!
12-01 14:18:02.830 D/[blink]FrameView( 3838): [FrameView] create FrameView frame=0x4570bdb8 frame view=0x2756bc50
12-01 14:18:02.839 D/FrameLoaderClientImpl( 3838): [dispatchDidClearWindowObjectInMainWorld] frame=0x4570bdb8
12-01 14:18:02.839 D/RegisterGlobalObject( 3838): start. frame=0x4570bdb8 path='/application/bxfc/sec/index.htm'
12-01 14:18:02.839 D/RegisterGlobalObject( 3838): end. object num=32
12-01 14:18:02.841 D/FrameLoaderClientImpl( 3838): [dispatchDidClearWindowObjectInMainWorld] frame=0x4570bdb8
12-01 14:18:02.841 D/RegisterGlobalObject( 3838): start. frame=0x4570bdb8 path='/application/bxfc/sec/index.htm'
12-01 14:18:02.841 D/RegisterGlobalObject( 3838): end. object num=32
12-01 14:18:02.841 W/cr_BindingManager( 3838): Cannot call determinedVisibility() - never saw a connection for the pid: 3838
12-01 14:18:02.841 D/[blink]FrameLoader( 3838): [allowPlugins] allowPlugins return 1
12-01 14:18:02.841 D/[blink]HTMLDocumentParser( 3838): [appendBytes] function:appendBytes: shouldUseThreading:1
12-01 14:18:02.841 I/cr_AwContents( 3838): org.chromium.android_webview.AwContents@c61d4c insertVisualStateCallbackIfNotDestroyed
12-01 14:18:02.842 D/[blink]TextResourceDecoder( 3838): [setEncoding] TextResourceDecoder::setEncoding UTF-8
12-01 14:18:02.842 D/[blink]HTMLDocumentParser( 3838): [appendBytes] function:appendBytes: shouldUseThreading:1
12-01 14:18:02.843 D/[blink]HTMLDocumentParser( 3838): [appendBytes] function:appendBytes: shouldUseThreading:1
12-01 14:18:02.843 D/[blink]HTMLDocumentParser( 3838): [appendBytes] function:appendBytes: shouldUseThreading:1
12-01 14:18:02.843 D/[blink]HTMLDocumentParser( 3838): [appendBytes] function:appendBytes: shouldUseThreading:1
12-01 14:18:02.843 D/[blink]HTMLDocumentParser( 3838): [appendBytes] function:appendBytes: shouldUseThreading:1
12-01 14:18:02.843 D/[blink]HTMLDocumentParser( 3838): [appendBytes] function:appendBytes: shouldUseThreading:1
12-01 14:18:02.844 D/[blink]HTMLDocumentParser( 3838): [appendBytes] function:appendBytes: shouldUseThreading:1
12-01 14:18:02.844 D/[blink]ResourceFetcher( 3838): [didFinishLoading] encoded length=55171 url=http://10.14.41.246/application/bxfc/sec/index.htm.
12-01 14:18:02.844 D/[blink]ResourceFetcher( 3838): [requestResource] url=http://10.14.41.246/application/bxfc/sec/images/logo.png.
12-01 14:18:02.844 D/url     ( 3838): [DoResolveRelative] [WEB] DoResolveRelative Error resolving.
12-01 14:18:02.845 D/[blink]ResourceFetcher( 3838): [requestResource] url=http://10.14.41.246/application/bxfc/sec/images/icon0_05.png.
12-01 14:18:02.845 D/url     ( 3838): [DoResolveRelative] [WEB] DoResolveRelative Error resolving.
12-01 14:18:02.845 D/[blink]ResourceFetcher( 3838): [requestResource] url=http://10.14.41.246/application/bxfc/sec/images/pic1_01.jpg.
12-01 14:18:02.845 D/url     ( 3838): [DoResolveRelative] [WEB] DoResolveRelative Error resolving.
12-01 14:18:02.845 D/iPanel-inject( 3838): iPanelInjectUserScripts begin. url='http://10.14.41.246/application/bxfc/sec/index.htm'
12-01 14:18:02.845 D/iPanel-inject( 3838): iPanelInjectUserScripts.count: 1
12-01 14:18:02.845 D/iPanel-inject( 3838): iPanelInjectUserScripts end
12-01 14:18:02.846 D/[cc]beginFrameSource( 3838): [AddObserver] ExternalBeginFrameSource::AddObserver
12-01 14:18:02.846 D/[blink]ResourceFetcher( 3838): [requestResource] url=http://10.14.41.246/application/bxfc/sec/images/logo.png.
12-01 14:18:02.846 D/url     ( 3838): [DoResolveRelative] [WEB] DoResolveRelative Error resolving.
12-01 14:18:02.846 D/[blink]ResourceFetcher( 3838): [requestResource] url=http://10.14.41.246/application/bxfc/sec/images/icon0_05.png.
12-01 14:18:02.847 D/url     ( 3838): [DoResolveRelative] [WEB] DoResolveRelative Error resolving.
12-01 14:18:02.847 D/[blink]ResourceFetcher( 3838): [requestResource] url=http://10.14.41.246/application/bxfc/sec/images/pic1_01.jpg.
12-01 14:18:02.847 D/url     ( 3838): [DoResolveRelative] [WEB] DoResolveRelative Error resolving.
12-01 14:18:02.847 D/[blink]ResourceFetcher( 3838): [requestResource] url=http://10.14.41.246/application/bxfc/sec/images/icon0_06.png.
12-01 14:18:02.847 D/url     ( 3838): [DoResolveRelative] [WEB] DoResolveRelative Error resolving.
12-01 14:18:02.848 D/[blink]ResourceFetcher( 3838): [requestResource] url=http://10.14.41.246/application/bxfc/sec/images/pic1_01.jpg.
12-01 14:18:02.848 D/url     ( 3838): [DoResolveRelative] [WEB] DoResolveRelative Error resolving.
12-01 14:18:02.848 D/[blink]ResourceFetcher( 3838): [requestResource] url=http://10.14.41.246/application/bxfc/sec/images/icon0_07.png.
12-01 14:18:02.848 D/url     ( 3838): [DoResolveRelative] [WEB] DoResolveRelative Error resolving.
12-01 14:18:02.848 D/[blink]ResourceFetcher( 3838): [requestResource] url=http://10.14.41.246/application/bxfc/sec/images/pic1_01.jpg.
12-01 14:18:02.848 D/url     ( 3838): [DoResolveRelative] [WEB] DoResolveRelative Error resolving.
12-01 14:18:02.849 D/[blink]ResourceFetcher( 3838): [requestResource] url=http://10.14.41.246/application/bxfc/sec/images/pic1_01.jpg.
12-01 14:18:02.849 D/url     ( 3838): [DoResolveRelative] [WEB] DoResolveRelative Error resolving.
12-01 14:18:02.849 D/[blink]ResourceFetcher( 3838): [requestResource] url=http://10.14.41.246/application/bxfc/sec/images/jd1_01.png.
12-01 14:18:02.849 D/url     ( 3838): [DoResolveRelative] [WEB] DoResolveRelative Error resolving.
12-01 14:18:02.849 D/[blink]ResourceFetcher( 3838): [requestResource] url=http://10.14.41.246/application/bxfc/sec/images/jd1_03.png.
12-01 14:18:02.849 D/url     ( 3838): [DoResolveRelative] [WEB] DoResolveRelative Error resolving.
12-01 14:18:02.849 D/[blink]ResourceFetcher( 3838): [requestResource] url=http://10.14.41.246/application/bxfc/sec/images/jd1_06.png.
12-01 14:18:02.849 D/url     ( 3838): [DoResolveRelative] [WEB] DoResolveRelative Error resolving.
12-01 14:18:02.850 D/[blink]ResourceFetcher( 3838): [requestResource] url=http://10.14.41.246/application/bxfc/sec/images/jd1_08.png.
12-01 14:18:02.850 D/url     ( 3838): [DoResolveRelative] [WEB] DoResolveRelative Error resolving.
12-01 14:18:02.850 D/[blink]ResourceFetcher( 3838): [requestResource] url=http://10.14.41.246/application/bxfc/sec/images/pic1_02.jpg.
12-01 14:18:02.850 D/url     ( 3838): [DoResolveRelative] [WEB] DoResolveRelative Error resolving.
12-01 14:18:02.850 D/[blink]ResourceFetcher( 3838): [requestResource] url=http://10.14.41.246/application/bxfc/sec/images/pic1_02.jpg.
12-01 14:18:02.850 D/url     ( 3838): [DoResolveRelative] [WEB] DoResolveRelative Error resolving.
12-01 14:18:02.850 D/[blink]ResourceFetcher( 3838): [requestResource] url=http://10.14.41.246/application/bxfc/sec/images/pic1_02.jpg.
12-01 14:18:02.850 D/url     ( 3838): [DoResolveRelative] [WEB] DoResolveRelative Error resolving.
