12-01 14:15:28.300 D/HTTPMUSocket( 2440): open addr=239.255.255.250,port=1900,bindAddr=10.0.0.86
12-01 14:15:28.302 D/HTTPMUSocket( 2440): send msg:NOTIFY * HTTP/1.1
12-01 14:15:28.302 D/HTTPMUSocket( 2440): Server: Linux/3.18.24_hi3798mv2x UPnP/1.0 CyberLinkJava/1.8
12-01 14:15:28.302 D/HTTPMUSocket( 2440): Cache-Control: max-age=1800
12-01 14:15:28.302 D/HTTPMUSocket( 2440): Location: http://10.0.0.86:38520/description.xml
12-01 14:15:28.302 D/HTTPMUSocket( 2440): NTS: ssdp:alive
12-01 14:15:28.302 D/HTTPMUSocket( 2440): NT: upnp:rootdevice
12-01 14:15:28.302 D/HTTPMUSocket( 2440): USN: uuid:bedb84c3-dcc5-4b75-8e79-308771ab5a9f::upnp:rootdevice
12-01 14:15:28.302 D/HTTPMUSocket( 2440): HOST: 239.255.255.250:1900
12-01 14:15:28.302 D/HTTPMUSocket( 2440): 
12-01 14:15:28.302 D/HTTPMUSocket( 2440): bindAddr:null and port:-1
12-01 14:15:28.302 D/HTTPMUSocket( 2440): /10.0.0.86
12-01 14:15:28.302 D/HTTPMUSocket( 2440): send msg:NOTIFY * HTTP/1.1
12-01 14:15:28.302 D/HTTPMUSocket( 2440): Server: Linux/3.18.24_hi3798mv2x UPnP/1.0 CyberLinkJava/1.8
12-01 14:15:28.302 D/HTTPMUSocket( 2440): Cache-Control: max-age=1800
12-01 14:15:28.302 D/HTTPMUSocket( 2440): Location: http://10.0.0.86:38520/description.xml
12-01 14:15:28.302 D/HTTPMUSocket( 2440): NTS: ssdp:alive
12-01 14:15:28.302 D/HTTPMUSocket( 2440): NT: uuid:bedb84c3-dcc5-4b75-8e79-308771ab5a9f
12-01 14:15:28.302 D/HTTPMUSocket( 2440): USN: uuid:bedb84c3-dcc5-4b75-8e79-308771ab5a9f
12-01 14:15:28.302 D/HTTPMUSocket( 2440): HOST: 239.255.255.250:1900
12-01 14:15:28.302 D/HTTPMUSocket( 2440): 
12-01 14:15:28.302 D/HTTPMUSocket( 2440): bindAddr:null and port:-1
12-01 14:15:28.302 D/HTTPMUSocket( 2440): /10.0.0.86
12-01 14:15:28.303 D/HTTPMUSocket( 2440): send msg:NOTIFY * HTTP/1.1
12-01 14:15:28.303 D/HTTPMUSocket( 2440): Server: Linux/3.18.24_hi3798mv2x UPnP/1.0 CyberLinkJava/1.8
12-01 14:15:28.303 D/HTTPMUSocket( 2440): Cache-Control: max-age=1800
12-01 14:15:28.303 D/HTTPMUSocket( 2440): Location: http://10.0.0.86:38520/description.xml
12-01 14:15:28.303 D/HTTPMUSocket( 2440): NTS: ssdp:alive
12-01 14:15:28.303 D/HTTPMUSocket( 2440): NT: urn:schemas-upnp-org:device:MediaServer:1
12-01 14:15:28.303 D/HTTPMUSocket( 2440): USN: uuid:bedb84c3-dcc5-4b75-8e79-308771ab5a9f::urn:schemas-upnp-org:device:MediaServer:1
12-01 14:15:28.303 D/HTTPMUSocket( 2440): HOST: 239.255.255.250:1900
12-01 14:15:28.303 D/HTTPMUSocket( 2440): 
12-01 14:15:28.303 D/HTTPMUSocket( 2440): bindAddr:null and port:-1
12-01 14:15:28.303 D/HTTPMUSocket( 2440): /10.0.0.86
12-01 14:15:28.303 D/Device  ( 2440): announce bindAddr=10.0.0.86,devLocation=http://10.0.0.86:38520/description.xml,location=http://10.0.0.86:38520/description.xml
12-01 14:15:28.303 D/Device  ( 2440): announce bindAddr=10.0.0.86,serviceDesUrl=
12-01 14:15:28.303 D/HTTPMUSocket( 2440): open addr=239.255.255.250,port=1900,bindAddr=10.0.0.86
12-01 14:15:28.305 D/TimerUtil( 2440): waitRandom time=300,waitTime=157
12-01 14:15:28.305 D/HTTPMUSocket( 2440): send msg:NOTIFY * HTTP/1.1
12-01 14:15:28.305 D/HTTPMUSocket( 2440): Server: Linux/3.18.24_hi3798mv2x UPnP/1.0 CyberLinkJava/1.8
12-01 14:15:28.305 D/HTTPMUSocket( 2440): Cache-Control: max-age=1800
12-01 14:15:28.305 D/HTTPMUSocket( 2440): Location: http://10.0.0.86:38520/description.xml
12-01 14:15:28.305 D/HTTPMUSocket( 2440): NTS: ssdp:alive
12-01 14:15:28.305 D/HTTPMUSocket( 2440): NT: urn:schemas-upnp-org:service:ContentDirectory:1
12-01 14:15:28.305 D/HTTPMUSocket( 2440): USN: uuid:bedb84c3-dcc5-4b75-8e79-308771ab5a9f::urn:schemas-upnp-org:service:ContentDirectory:1
12-01 14:15:28.305 D/HTTPMUSocket( 2440): HOST: 239.255.255.250:1900
12-01 14:15:28.305 D/HTTPMUSocket( 2440): 
12-01 14:15:28.305 D/HTTPMUSocket( 2440): bindAddr:null and port:-1
12-01 14:15:28.305 D/HTTPMUSocket( 2440): /10.0.0.86
12-01 14:15:28.305 D/Device  ( 2440): announce bindAddr=10.0.0.86,serviceDesUrl=
12-01 14:15:28.305 D/HTTPMUSocket( 2440): open addr=239.255.255.250,port=1900,bindAddr=10.0.0.86
12-01 14:15:28.307 D/TimerUtil( 2440): waitRandom time=300,waitTime=5
12-01 14:15:28.307 D/HTTPMUSocket( 2440): send msg:NOTIFY * HTTP/1.1
12-01 14:15:28.307 D/HTTPMUSocket( 2440): Server: Linux/3.18.24_hi3798mv2x UPnP/1.0 CyberLinkJava/1.8
12-01 14:15:28.307 D/HTTPMUSocket( 2440): Cache-Control: max-age=1800
12-01 14:15:28.307 D/HTTPMUSocket( 2440): Location: http://10.0.0.86:38520/description.xml
12-01 14:15:28.307 D/HTTPMUSocket( 2440): NTS: ssdp:alive
12-01 14:15:28.307 D/HTTPMUSocket( 2440): NT: urn:schemas-upnp-org:service:ConnectionManager:1
12-01 14:15:28.307 D/HTTPMUSocket( 2440): USN: uuid:bedb84c3-dcc5-4b75-8e79-308771ab5a9f::urn:schemas-upnp-org:service:ConnectionManager:1
12-01 14:15:28.307 D/HTTPMUSocket( 2440): HOST: 239.255.255.250:1900
12-01 14:15:28.307 D/HTTPMUSocket( 2440): 
12-01 14:15:28.307 D/HTTPMUSocket( 2440): bindAddr:null and port:-1
12-01 14:15:28.307 D/HTTPMUSocket( 2440): /10.0.0.86
12-01 14:15:28.307 D/Device  ( 2440): announce bindAddr=10.0.0.86,serviceDesUrl=
12-01 14:15:28.308 D/HTTPMUSocket( 2440): open addr=239.255.255.250,port=1900,bindAddr=10.0.0.86
12-01 14:15:28.309 D/TimerUtil( 2440): waitRandom time=300,waitTime=263
12-01 14:15:28.309 D/HTTPMUSocket( 2440): send msg:NOTIFY * HTTP/1.1
12-01 14:15:28.309 D/HTTPMUSocket( 2440): Server: Linux/3.18.24_hi3798mv2x UPnP/1.0 CyberLinkJava/1.8
12-01 14:15:28.309 D/HTTPMUSocket( 2440): Cache-Control: max-age=1800
12-01 14:15:28.309 D/HTTPMUSocket( 2440): Location: http://10.0.0.86:38520/description.xml
12-01 14:15:28.309 D/HTTPMUSocket( 2440): NTS: ssdp:alive
12-01 14:15:28.309 D/HTTPMUSocket( 2440): NT: urn:schemas-upnp-org:service:AVTransport:1
12-01 14:15:28.309 D/HTTPMUSocket( 2440): USN: uuid:bedb84c3-dcc5-4b75-8e79-308771ab5a9f::urn:schemas-upnp-org:service:AVTransport:1
12-01 14:15:28.309 D/HTTPMUSocket( 2440): HOST: 239.255.255.250:1900
12-01 14:15:28.309 D/HTTPMUSocket( 2440): 
12-01 14:15:28.309 D/HTTPMUSocket( 2440): bindAddr:null and port:-1
12-01 14:15:28.309 D/HTTPMUSocket( 2440): /10.0.0.86
12-01 14:15:28.309 D/Device  ( 2440): announce bindAddr=10.0.0.86,serviceDesUrl=
12-01 14:15:28.310 D/HTTPMUSocket( 2440): open addr=239.255.255.250,port=1900,bindAddr=10.0.0.86
12-01 14:15:28.311 D/TimerUtil( 2440): waitRandom time=300,waitTime=97
12-01 14:15:28.311 D/HTTPMUSocket( 2440): send msg:NOTIFY * HTTP/1.1
12-01 14:15:28.311 D/HTTPMUSocket( 2440): Server: Linux/3.18.24_hi3798mv2x UPnP/1.0 CyberLinkJava/1.8
12-01 14:15:28.311 D/HTTPMUSocket( 2440): Cache-Control: max-age=1800
12-01 14:15:28.311 D/HTTPMUSocket( 2440): Location: http://10.0.0.86:38520/description.xml
12-01 14:15:28.311 D/HTTPMUSocket( 2440): NTS: ssdp:alive
12-01 14:15:28.311 D/HTTPMUSocket( 2440): NT: urn:sumavision.com:service:X_SUMA_EVENT:1
12-01 14:15:28.311 D/HTTPMUSocket( 2440): USN: uuid:bedb84c3-dcc5-4b75-8e79-308771ab5a9f::urn:sumavision.com:service:X_SUMA_EVENT:1
12-01 14:15:28.311 D/HTTPMUSocket( 2440): HOST: 239.255.255.250:1900
12-01 14:15:28.311 D/HTTPMUSocket( 2440): 
12-01 14:15:28.311 D/HTTPMUSocket( 2440): bindAddr:null and port:-1
12-01 14:15:28.311 D/HTTPMUSocket( 2440): /10.0.0.86
12-01 14:15:28.312 D/Device  ( 2440): announce 1 bindAddress=192.168.31.244
12-01 14:15:28.312 D/HTTPMUSocket( 2440): open addr=239.255.255.250,port=1900,bindAddr=192.168.31.244
12-01 14:15:28.313 D/HTTPMUSocket( 2440): send msg:NOTIFY * HTTP/1.1
12-01 14:15:28.313 D/HTTPMUSocket( 2440): Server: Linux/3.18.24_hi3798mv2x UPnP/1.0 CyberLinkJava/1.8
12-01 14:15:28.313 D/HTTPMUSocket( 2440): Cache-Control: max-age=1800
12-01 14:15:28.313 D/HTTPMUSocket( 2440): Location: http://192.168.31.244:38520/description.xml
12-01 14:15:28.313 D/HTTPMUSocket( 2440): NTS: ssdp:alive
12-01 14:15:28.313 D/HTTPMUSocket( 2440): NT: upnp:rootdevice
12-01 14:15:28.313 D/HTTPMUSocket( 2440): USN: uuid:bedb84c3-dcc5-4b75-8e79-308771ab5a9f::upnp:rootdevice
12-01 14:15:28.313 D/HTTPMUSocket( 2440): HOST: 239.255.255.250:1900
12-01 14:15:28.313 D/HTTPMUSocket( 2440): 
12-01 14:15:28.313 D/HTTPMUSocket( 2440): bindAddr:null and port:-1
12-01 14:15:28.313 D/HTTPMUSocket( 2440): /192.168.31.244
12-01 14:15:28.314 D/HTTPMUSocket( 2440): send msg:NOTIFY * HTTP/1.1
12-01 14:15:28.314 D/HTTPMUSocket( 2440): Server: Linux/3.18.24_hi3798mv2x UPnP/1.0 CyberLinkJava/1.8
12-01 14:15:28.314 D/HTTPMUSocket( 2440): Cache-Control: max-age=1800
12-01 14:15:28.314 D/HTTPMUSocket( 2440): Location: http://192.168.31.244:38520/description.xml
12-01 14:15:28.314 D/HTTPMUSocket( 2440): NTS: ssdp:alive
12-01 14:15:28.314 D/HTTPMUSocket( 2440): NT: uuid:bedb84c3-dcc5-4b75-8e79-308771ab5a9f
12-01 14:15:28.314 D/HTTPMUSocket( 2440): USN: uuid:bedb84c3-dcc5-4b75-8e79-308771ab5a9f
12-01 14:15:28.314 D/HTTPMUSocket( 2440): HOST: 239.255.255.250:1900
12-01 14:15:28.314 D/HTTPMUSocket( 2440): 
12-01 14:15:28.314 D/HTTPMUSocket( 2440): bindAddr:null and port:-1
12-01 14:15:28.314 D/HTTPMUSocket( 2440): /192.168.31.244
12-01 14:15:28.315 D/HTTPMUSocket( 2440): send msg:NOTIFY * HTTP/1.1
12-01 14:15:28.315 D/HTTPMUSocket( 2440): Server: Linux/3.18.24_hi3798mv2x UPnP/1.0 CyberLinkJava/1.8
12-01 14:15:28.315 D/HTTPMUSocket( 2440): Cache-Control: max-age=1800
12-01 14:15:28.315 D/HTTPMUSocket( 2440): Location: http://192.168.31.244:38520/description.xml
12-01 14:15:28.315 D/HTTPMUSocket( 2440): NTS: ssdp:alive
12-01 14:15:28.315 D/HTTPMUSocket( 2440): NT: urn:schemas-upnp-org:device:MediaServer:1
12-01 14:15:28.315 D/HTTPMUSocket( 2440): USN: uuid:bedb84c3-dcc5-4b75-8e79-308771ab5a9f::urn:schemas-upnp-org:device:MediaServer:1
12-01 14:15:28.315 D/HTTPMUSocket( 2440): HOST: 239.255.255.250:1900
12-01 14:15:28.315 D/HTTPMUSocket( 2440): 
12-01 14:15:28.315 D/HTTPMUSocket( 2440): bindAddr:null and port:-1
12-01 14:15:28.315 D/HTTPMUSocket( 2440): /192.168.31.244
12-01 14:15:28.315 D/Device  ( 2440): announce bindAddr=192.168.31.244,devLocation=http://192.168.31.244:38520/description.xml,location=http://192.168.31.244:38520/description.xml
12-01 14:15:28.315 D/Device  ( 2440): announce bindAddr=192.168.31.244,serviceDesUrl=
12-01 14:15:28.315 D/HTTPMUSocket( 2440): open addr=239.255.255.250,port=1900,bindAddr=192.168.31.244
12-01 14:15:28.317 D/TimerUtil( 2440): waitRandom time=300,waitTime=77
12-01 14:15:28.317 D/HTTPMUSocket( 2440): send msg:NOTIFY * HTTP/1.1
12-01 14:15:28.317 D/HTTPMUSocket( 2440): Server: Linux/3.18.24_hi3798mv2x UPnP/1.0 CyberLinkJava/1.8
12-01 14:15:28.317 D/HTTPMUSocket( 2440): Cache-Control: max-age=1800
12-01 14:15:28.317 D/HTTPMUSocket( 2440): Location: http://192.168.31.244:38520/description.xml
12-01 14:15:28.317 D/HTTPMUSocket( 2440): NTS: ssdp:alive
12-01 14:15:28.317 D/HTTPMUSocket( 2440): NT: urn:schemas-upnp-org:service:ContentDirectory:1
12-01 14:15:28.317 D/HTTPMUSocket( 2440): USN: uuid:bedb84c3-dcc5-4b75-8e79-308771ab5a9f::urn:schemas-upnp-org:service:ContentDirectory:1
12-01 14:15:28.317 D/HTTPMUSocket( 2440): HOST: 239.255.255.250:1900
12-01 14:15:28.317 D/HTTPMUSocket( 2440): 
12-01 14:15:28.317 D/HTTPMUSocket( 2440): bindAddr:null and port:-1
12-01 14:15:28.317 D/HTTPMUSocket( 2440): /192.168.31.244
12-01 14:15:28.318 D/Device  ( 2440): announce bindAddr=192.168.31.244,serviceDesUrl=
12-01 14:15:28.318 D/HTTPMUSocket( 2440): open addr=239.255.255.250,port=1900,bindAddr=192.168.31.244
12-01 14:15:28.320 D/TimerUtil( 2440): waitRandom time=300,waitTime=31
12-01 14:15:28.320 D/HTTPMUSocket( 2440): send msg:NOTIFY * HTTP/1.1
12-01 14:15:28.320 D/HTTPMUSocket( 2440): Server: Linux/3.18.24_hi3798mv2x UPnP/1.0 CyberLinkJava/1.8
12-01 14:15:28.320 D/HTTPMUSocket( 2440): Cache-Control: max-age=1800
12-01 14:15:28.320 D/HTTPMUSocket( 2440): Location: http://192.168.31.244:38520/description.xml
12-01 14:15:28.320 D/HTTPMUSocket( 2440): NTS: ssdp:alive
12-01 14:15:28.320 D/HTTPMUSocket( 2440): NT: urn:schemas-upnp-org:service:ConnectionManager:1
12-01 14:15:28.320 D/HTTPMUSocket( 2440): USN: uuid:bedb84c3-dcc5-4b75-8e79-308771ab5a9f::urn:schemas-upnp-org:service:ConnectionManager:1
12-01 14:15:28.320 D/HTTPMUSocket( 2440): HOST: 239.255.255.250:1900
12-01 14:15:28.320 D/HTTPMUSocket( 2440): 
12-01 14:15:28.320 D/HTTPMUSocket( 2440): bindAddr:null and port:-1
12-01 14:15:28.320 D/HTTPMUSocket( 2440): /192.168.31.244
12-01 14:15:28.321 D/Device  ( 2440): announce bindAddr=192.168.31.244,serviceDesUrl=
12-01 14:15:28.321 D/HTTPMUSocket( 2440): open addr=239.255.255.250,port=1900,bindAddr=192.168.31.244
12-01 14:15:28.324 D/TimerUtil( 2440): waitRandom time=300,waitTime=33
12-01 14:15:28.324 D/HTTPMUSocket( 2440): send msg:NOTIFY * HTTP/1.1
12-01 14:15:28.324 D/HTTPMUSocket( 2440): Server: Linux/3.18.24_hi3798mv2x UPnP/1.0 CyberLinkJava/1.8
12-01 14:15:28.324 D/HTTPMUSocket( 2440): Cache-Control: max-age=1800
12-01 14:15:28.324 D/HTTPMUSocket( 2440): Location: http://192.168.31.244:38520/description.xml
12-01 14:15:28.324 D/HTTPMUSocket( 2440): NTS: ssdp:alive
12-01 14:15:28.324 D/HTTPMUSocket( 2440): NT: urn:schemas-upnp-org:service:AVTransport:1
12-01 14:15:28.324 D/HTTPMUSocket( 2440): USN: uuid:bedb84c3-dcc5-4b75-8e79-308771ab5a9f::urn:schemas-upnp-org:service:AVTransport:1
12-01 14:15:28.324 D/HTTPMUSocket( 2440): HOST: 239.255.255.250:1900
12-01 14:15:28.324 D/HTTPMUSocket( 2440): 
12-01 14:15:28.324 D/HTTPMUSocket( 2440): bindAddr:null and port:-1
12-01 14:15:28.324 D/HTTPMUSocket( 2440): /192.168.31.244
12-01 14:15:28.325 D/Device  ( 2440): announce bindAddr=192.168.31.244,serviceDesUrl=
12-01 14:15:28.325 D/HTTPMUSocket( 2440): open addr=239.255.255.250,port=1900,bindAddr=192.168.31.244
12-01 14:15:28.327 D/TimerUtil( 2440): waitRandom time=300,waitTime=51
12-01 14:15:28.327 D/HTTPMUSocket( 2440): send msg:NOTIFY * HTTP/1.1
12-01 14:15:28.327 D/HTTPMUSocket( 2440): Server: Linux/3.18.24_hi3798mv2x UPnP/1.0 CyberLinkJava/1.8
12-01 14:15:28.327 D/HTTPMUSocket( 2440): Cache-Control: max-age=1800
12-01 14:15:28.327 D/HTTPMUSocket( 2440): Location: http://192.168.31.244:38520/description.xml
12-01 14:15:28.327 D/HTTPMUSocket( 2440): NTS: ssdp:alive
12-01 14:15:28.327 D/HTTPMUSocket( 2440): NT: urn:sumavision.com:service:X_SUMA_EVENT:1
12-01 14:15:28.327 D/HTTPMUSocket( 2440): USN: uuid:bedb84c3-dcc5-4b75-8e79-308771ab5a9f::urn:sumavision.com:service:X_SUMA_EVENT:1
12-01 14:15:28.327 D/HTTPMUSocket( 2440): HOST: 239.255.255.250:1900
12-01 14:15:28.327 D/HTTPMUSocket( 2440): 
12-01 14:15:28.327 D/HTTPMUSocket( 2440): bindAddr:null and port:-1
12-01 14:15:28.327 D/HTTPMUSocket( 2440): /192.168.31.244
12-01 14:15:28.328 D/Advertiser( 2440): Advertise12:45000 at time:1512108928328 with thread:org.cybergarage.d.b.a@15f10bb4
12-01 14:15:28.692 D/BackBootDealerNeimeng( 2381): standbyState:
12-01 14:15:28.693 E/NetUtils( 1999): Interface eth0 LinkUp!
12-01 14:15:29.193 D/BackBootDealerNeimeng( 2381): standbyState:
12-01 14:15:29.195 E/NetUtils( 1999): Interface eth0 LinkUp!
12-01 14:15:29.695 D/BackBootDealerNeimeng( 2381): standbyState:
12-01 14:15:29.696 E/NetUtils( 1999): Interface eth0 LinkUp!
12-01 14:15:30.196 D/BackBootDealerNeimeng( 2381): standbyState:
12-01 14:15:30.197 E/NetUtils( 1999): Interface eth0 LinkUp!
12-01 14:15:30.697 D/BackBootDealerNeimeng( 2381): standbyState:
12-01 14:15:30.698 E/NetUtils( 1999): Interface eth0 LinkUp!
12-01 14:15:31.198 D/BackBootDealerNeimeng( 2381): standbyState:
12-01 14:15:31.200 E/NetUtils( 1999): Interface eth0 LinkUp!
12-01 14:15:31.700 D/BackBootDealerNeimeng( 2381): standbyState:
12-01 14:15:31.701 E/NetUtils( 1999): Interface eth0 LinkUp!
12-01 14:15:32.201 D/BackBootDealerNeimeng( 2381): standbyState:
12-01 14:15:32.202 E/NetUtils( 1999): Interface eth0 LinkUp!
12-01 14:15:32.702 D/BackBootDealerNeimeng( 2381): standbyState:
12-01 14:15:32.703 E/NetUtils( 1999): Interface eth0 LinkUp!
12-01 14:15:32.851 E/WifiStateMachine( 1999): WifiStateMachine CMD_START_SCAN source -2 txSuccessRate=7.00 rxSuccessRate=4.14 targetRoamBSSID=86:79:73:a5:71:44 RSSI=-36
12-01 14:15:33.203 D/BackBootDealerNeimeng( 2381): standbyState:
12-01 14:15:33.204 E/NetUtils( 1999): Interface eth0 LinkUp!
12-01 14:15:33.705 D/BackBootDealerNeimeng( 2381): standbyState:
12-01 14:15:33.705 E/NetUtils( 1999): Interface eth0 LinkUp!
12-01 14:15:34.206 D/BackBootDealerNeimeng( 2381): standbyState:
12-01 14:15:34.207 E/NetUtils( 1999): Interface eth0 LinkUp!
12-01 14:15:34.549 I/wpa_supplicant( 2412): wlan0: WPA: Group rekeying completed with 86:79:73:a5:71:44 [GTK=TKIP]
12-01 14:15:34.556 D/WifiAdmin( 2869): [TN_main]dealWifiMsg action=android.net.wifi.supplicant.STATE_CHANGE,intent=Intent { act=android.net.wifi.supplicant.STATE_CHANGE flg=0x24000010 (has extras) }
12-01 14:15:34.707 D/BackBootDealerNeimeng( 2381): standbyState:
12-01 14:15:34.707 E/NetUtils( 1999): Interface eth0 LinkUp!
12-01 14:15:35.208 D/BackBootDealerNeimeng( 2381): standbyState:
12-01 14:15:35.209 E/NetUtils( 1999): Interface eth0 LinkUp!
12-01 14:15:35.709 D/BackBootDealerNeimeng( 2381): standbyState:
12-01 14:15:35.710 E/NetUtils( 1999): Interface eth0 LinkUp!
12-01 14:15:35.974 E/NetUtils( 1999): Interface eth0 LinkUp!
12-01 14:15:36.210 D/BackBootDealerNeimeng( 2381): standbyState:
12-01 14:15:36.211 E/NetUtils( 1999): Interface eth0 LinkUp!
12-01 14:15:36.712 D/BackBootDealerNeimeng( 2381): standbyState:
12-01 14:15:36.713 E/NetUtils( 1999): Interface eth0 LinkUp!
12-01 14:15:37.213 D/BackBootDealerNeimeng( 2381): standbyState:
12-01 14:15:37.214 E/NetUtils( 1999): Interface eth0 LinkUp!
12-01 14:15:37.715 D/BackBootDealerNeimeng( 2381): standbyState:
12-01 14:15:37.715 E/NetUtils( 1999): Interface eth0 LinkUp!
12-01 14:15:37.737 D/FpsManager( 2511): [TN_GLThread 73]printInfos frameCount=1000,totalMem=928456704,availMem=474607616,threshold=150994944,lowMemory=false
12-01 14:15:38.215 D/BackBootDealerNeimeng( 2381): standbyState:
12-01 14:15:38.216 E/NetUtils( 1999): Interface eth0 LinkUp!
12-01 14:15:38.717 D/BackBootDealerNeimeng( 2381): standbyState:
12-01 14:15:38.717 E/NetUtils( 1999): Interface eth0 LinkUp!
12-01 14:15:39.218 D/BackBootDealerNeimeng( 2381): standbyState:
12-01 14:15:39.219 E/NetUtils( 1999): Interface eth0 LinkUp!
12-01 14:15:39.719 D/BackBootDealerNeimeng( 2381): standbyState:
12-01 14:15:39.720 E/NetUtils( 1999): Interface eth0 LinkUp!
12-01 14:15:40.221 D/BackBootDealerNeimeng( 2381): standbyState:
12-01 14:15:40.221 E/NetUtils( 1999): Interface eth0 LinkUp!
12-01 14:15:40.722 D/BackBootDealerNeimeng( 2381): standbyState:
12-01 14:15:40.722 E/NetUtils( 1999): Interface eth0 LinkUp!
12-01 14:15:41.223 D/BackBootDealerNeimeng( 2381): standbyState:
12-01 14:15:41.224 E/NetUtils( 1999): Interface eth0 LinkUp!
12-01 14:15:41.724 D/BackBootDealerNeimeng( 2381): standbyState:
12-01 14:15:41.725 E/NetUtils( 1999): Interface eth0 LinkUp!
12-01 14:15:42.226 D/BackBootDealerNeimeng( 2381): standbyState:
12-01 14:15:42.226 E/NetUtils( 1999): Interface eth0 LinkUp!
12-01 14:15:42.727 D/BackBootDealerNeimeng( 2381): standbyState:
12-01 14:15:42.727 E/NetUtils( 1999): Interface eth0 LinkUp!
12-01 14:15:43.228 D/BackBootDealerNeimeng( 2381): standbyState:
12-01 14:15:43.229 E/NetUtils( 1999): Interface eth0 LinkUp!
12-01 14:15:43.730 D/BackBootDealerNeimeng( 2381): standbyState:
12-01 14:15:43.731 E/NetUtils( 1999): Interface eth0 LinkUp!
12-01 14:15:44.231 D/BackBootDealerNeimeng( 2381): standbyState:
12-01 14:15:44.232 E/NetUtils( 1999): Interface eth0 LinkUp!
12-01 14:15:44.732 D/BackBootDealerNeimeng( 2381): standbyState:
12-01 14:15:44.733 E/NetUtils( 1999): Interface eth0 LinkUp!
12-01 14:15:44.952 D/IPLoaderNeimeng( 2381): after wait time14:15:44:monitorInterval:5000
12-01 14:15:44.952 D/IPLoaderNeimeng( 2381): before dealUpdateCheck time:14:15:44:isMsgBroadcast:false:monitorInterval:5000:processState:1
12-01 14:15:44.952 D/IPLoaderNeimeng( 2381): dealUpdateCheck isFirstSuccessUpdate:false:monitorInterval:5000
12-01 14:15:44.952 D/LoadHttpHandler( 2381): [TN_ThreadUtil-8]doNormal proxyConfig=null
12-01 14:15:45.001 D/LoadHttpHandler( 2381): [TN_ThreadUtil-8]doNormal responseCode=404
12-01 14:15:45.001 D/LoadHttpTask( 2381): dealUpdateCheck responseCode:404:data:null:downloadResult:false
12-01 14:15:45.002 D/IPLoaderNeimeng( 2381): after dealUpdateCheck time:14:15:45:isMsgBroadcast:false:monitorInterval:5000:processState:1
12-01 14:15:45.002 D/IPLoaderNeimeng( 2381): before wait time14:15:45:monitorInterval:5000
12-01 14:15:45.234 D/BackBootDealerNeimeng( 2381): standbyState:
12-01 14:15:45.235 E/NetUtils( 1999): Interface eth0 LinkUp!
12-01 14:15:45.735 D/BackBootDealerNeimeng( 2381): standbyState:
12-01 14:15:45.736 E/NetUtils( 1999): Interface eth0 LinkUp!
12-01 14:15:45.975 E/NetUtils( 1999): Interface eth0 LinkUp!
12-01 14:15:46.236 D/BackBootDealerNeimeng( 2381): standbyState:
12-01 14:15:46.237 E/NetUtils( 1999): Interface eth0 LinkUp!
12-01 14:15:46.738 D/BackBootDealerNeimeng( 2381): standbyState:
12-01 14:15:46.738 E/NetUtils( 1999): Interface eth0 LinkUp!
12-01 14:15:47.239 D/BackBootDealerNeimeng( 2381): standbyState:
12-01 14:15:47.240 E/NetUtils( 1999): Interface eth0 LinkUp!
12-01 14:15:47.741 D/BackBootDealerNeimeng( 2381): standbyState:
12-01 14:15:47.741 E/NetUtils( 1999): Interface eth0 LinkUp!
12-01 14:15:48.242 D/BackBootDealerNeimeng( 2381): standbyState:
12-01 14:15:48.243 E/NetUtils( 1999): Interface eth0 LinkUp!
12-01 14:15:48.743 D/BackBootDealerNeimeng( 2381): standbyState:
12-01 14:15:48.744 E/NetUtils( 1999): Interface eth0 LinkUp!
12-01 14:15:49.244 D/BackBootDealerNeimeng( 2381): standbyState:
12-01 14:15:49.245 E/NetUtils( 1999): Interface eth0 LinkUp!
12-01 14:15:49.746 D/BackBootDealerNeimeng( 2381): standbyState:
12-01 14:15:49.747 E/NetUtils( 1999): Interface eth0 LinkUp!
12-01 14:15:50.247 D/BackBootDealerNeimeng( 2381): standbyState:
12-01 14:15:50.248 E/NetUtils( 1999): Interface eth0 LinkUp!
12-01 14:15:50.748 D/BackBootDealerNeimeng( 2381): standbyState:
12-01 14:15:50.749 E/NetUtils( 1999): Interface eth0 LinkUp!
12-01 14:15:51.249 D/BackBootDealerNeimeng( 2381): standbyState:
12-01 14:15:51.250 E/NetUtils( 1999): Interface eth0 LinkUp!
12-01 14:15:51.751 D/BackBootDealerNeimeng( 2381): standbyState:
12-01 14:15:51.752 E/NetUtils( 1999): Interface eth0 LinkUp!
12-01 14:15:52.252 D/BackBootDealerNeimeng( 2381): standbyState:
12-01 14:15:52.253 E/NetUtils( 1999): Interface eth0 LinkUp!
12-01 14:15:52.753 D/BackBootDealerNeimeng( 2381): standbyState:
12-01 14:15:52.754 E/NetUtils( 1999): Interface eth0 LinkUp!
12-01 14:15:52.853 E/WifiStateMachine( 1999): WifiStateMachine CMD_START_SCAN source -2 txSuccessRate=0.05 rxSuccessRate=0.04 targetRoamBSSID=86:79:73:a5:71:44 RSSI=-36
12-01 14:15:53.254 D/BackBootDealerNeimeng( 2381): standbyState:
12-01 14:15:53.255 E/NetUtils( 1999): Interface eth0 LinkUp!
12-01 14:15:53.756 D/BackBootDealerNeimeng( 2381): standbyState:
12-01 14:15:53.757 E/NetUtils( 1999): Interface eth0 LinkUp!
12-01 14:15:53.965 D/IPLoaderNeimeng( 2381): after wait time14:15:53:monitorInterval:5000
12-01 14:15:53.965 D/IPLoaderNeimeng( 2381): before dealUpdateCheck time:14:15:53:isMsgBroadcast:false:monitorInterval:5000:processState:1
12-01 14:15:53.965 D/IPLoaderNeimeng( 2381): dealUpdateCheck isFirstSuccessUpdate:false:monitorInterval:5000
12-01 14:15:53.965 D/LoadHttpHandler( 2381): [TN_ThreadUtil-8]doNormal proxyConfig=null
12-01 14:15:54.001 D/LoadHttpHandler( 2381): [TN_ThreadUtil-8]doNormal responseCode=404
12-01 14:15:54.001 D/LoadHttpTask( 2381): dealUpdateCheck responseCode:404:data:null:downloadResult:false
12-01 14:15:54.001 D/IPLoaderNeimeng( 2381): after dealUpdateCheck time:14:15:54:isMsgBroadcast:false:monitorInterval:5000:processState:1
12-01 14:15:54.001 D/IPLoaderNeimeng( 2381): before wait time14:15:54:monitorInterval:5000
12-01 14:15:54.257 D/BackBootDealerNeimeng( 2381): standbyState:
12-01 14:15:54.258 E/NetUtils( 1999): Interface eth0 LinkUp!
12-01 14:15:54.759 D/BackBootDealerNeimeng( 2381): standbyState:
12-01 14:15:54.759 E/NetUtils( 1999): Interface eth0 LinkUp!
12-01 14:15:55.260 D/BackBootDealerNeimeng( 2381): standbyState:
12-01 14:15:55.260 E/NetUtils( 1999): Interface eth0 LinkUp!
12-01 14:15:55.418 D/AppUtil ( 2381): [TN_ThreadUtil-3]getActivityPkg index=0,comp=ComponentInfo{com.suma.midware.home/com.suma.midware.home.third.Main3DActivity}
12-01 14:15:55.418 D/AppKiller( 2381): [TN_ThreadUtil-3]backKill curPkgName=com.suma.midware.home
12-01 14:15:55.419 D/AppKiller( 2381): [TN_ThreadUtil-3]backKill processName=com.starcor.mango,processInfo=android.app.ActivityManager$RunningAppProcessInfo@3914159e
12-01 14:15:55.419 D/AppNgbKiller( 2381): [TN_ThreadUtil-3]forceKillApp processInfoFlag=0,hasActivityFlag=4
12-01 14:15:55.419 D/AppKiller( 2381): [TN_ThreadUtil-3]backKill processName=com.yzx.im_demo,processInfo=android.app.ActivityManager$RunningAppProcessInfo@257887f
12-01 14:15:55.419 D/AppNgbKiller( 2381): [TN_ThreadUtil-3]forceKillApp processInfoFlag=0,hasActivityFlag=4
12-01 14:15:55.761 D/BackBootDealerNeimeng( 2381): standbyState:
12-01 14:15:55.761 E/NetUtils( 1999): Interface eth0 LinkUp!
12-01 14:15:55.976 E/NetUtils( 1999): Interface eth0 LinkUp!
12-01 14:15:56.262 D/BackBootDealerNeimeng( 2381): standbyState:
12-01 14:15:56.262 E/NetUtils( 1999): Interface eth0 LinkUp!
12-01 14:15:56.763 D/BackBootDealerNeimeng( 2381): standbyState:
12-01 14:15:56.764 E/NetUtils( 1999): Interface eth0 LinkUp!
12-01 14:15:57.264 D/BackBootDealerNeimeng( 2381): standbyState:
12-01 14:15:57.265 E/NetUtils( 1999): Interface eth0 LinkUp!
12-01 14:15:57.765 D/BackBootDealerNeimeng( 2381): standbyState:
12-01 14:15:57.766 E/NetUtils( 1999): Interface eth0 LinkUp!
12-01 14:15:58.267 D/BackBootDealerNeimeng( 2381): standbyState:
12-01 14:15:58.267 E/NetUtils( 1999): Interface eth0 LinkUp!
12-01 14:15:58.768 D/BackBootDealerNeimeng( 2381): standbyState:
12-01 14:15:58.769 E/NetUtils( 1999): Interface eth0 LinkUp!
12-01 14:15:59.269 D/BackBootDealerNeimeng( 2381): standbyState:
12-01 14:15:59.270 E/NetUtils( 1999): Interface eth0 LinkUp!
12-01 14:15:59.770 D/BackBootDealerNeimeng( 2381): standbyState:
12-01 14:15:59.771 E/NetUtils( 1999): Interface eth0 LinkUp!
12-01 14:16:00.272 D/BackBootDealerNeimeng( 2381): standbyState:
12-01 14:16:00.272 E/NetUtils( 1999): Interface eth0 LinkUp!
12-01 14:16:00.773 D/BackBootDealerNeimeng( 2381): standbyState:
12-01 14:16:00.774 E/NetUtils( 1999): Interface eth0 LinkUp!
12-01 14:16:00.821 D/TimeUpdate( 2511): [TN_main]dealTimeUpdate curTime=java.util.GregorianCalendar[time=1512108960821,areFieldsSet=true,lenient=true,zone=Asia/Shanghai,firstDayOfWeek=1,minimalDaysInFirstWeek=1,ERA=1,YEAR=2017,MONTH=11,WEEK_OF_YEAR=48,WEEK_OF_MONTH=1,DAY_OF_MONTH=1,DAY_OF_YEAR=335,DAY_OF_WEEK=6,DAY_OF_WEEK_IN_MONTH=1,AM_PM=1,HOUR=2,HOUR_OF_DAY=14,MINUTE=16,SECOND=0,MILLISECOND=821,ZONE_OFFSET=28800000,DST_OFFSET=0]
12-01 14:16:00.824 D/TextureManager( 2511): [TN_GLThread 73]loadTexture name=14:16_24_-1711276033_0_5.0_3.0_3.0_-7829368,isLate=true
12-01 14:16:00.824 D/TextureManager( 2511): [TN_GLThread 73]deleteTexture name=14:15_24_-1711276033_0_5.0_3.0_3.0_-7829368,textureID=23
12-01 14:16:00.828 D/Texture ( 2511): [TN_GLThread 73]loadTexture name=14:16_24_-1711276033_0_5.0_3.0_3.0_-7829368,textureID=23
12-01 14:16:00.828 D/TextureManager( 2511): [TN_GLThread 73]loadTextureDirect name=14:16_24_-1711276033_0_5.0_3.0_3.0_-7829368,recordSize=null
12-01 14:16:01.274 D/BackBootDealerNeimeng( 2381): standbyState:
12-01 14:16:01.275 E/NetUtils( 1999): Interface eth0 LinkUp!
12-01 14:16:01.776 D/BackBootDealerNeimeng( 2381): standbyState:
12-01 14:16:01.777 E/NetUtils( 1999): Interface eth0 LinkUp!
12-01 14:16:02.277 D/BackBootDealerNeimeng( 2381): standbyState:
12-01 14:16:02.278 E/NetUtils( 1999): Interface eth0 LinkUp!
12-01 14:16:02.778 D/BackBootDealerNeimeng( 2381): standbyState:
12-01 14:16:02.779 E/NetUtils( 1999): Interface eth0 LinkUp!
12-01 14:16:03.280 D/BackBootDealerNeimeng( 2381): standbyState:
12-01 14:16:03.281 E/NetUtils( 1999): Interface eth0 LinkUp!
12-01 14:16:03.781 D/BackBootDealerNeimeng( 2381): standbyState:
12-01 14:16:03.782 E/NetUtils( 1999): Interface eth0 LinkUp!
12-01 14:16:04.282 D/BackBootDealerNeimeng( 2381): standbyState:
12-01 14:16:04.283 E/NetUtils( 1999): Interface eth0 LinkUp!
12-01 14:16:04.655 D/EsgNeiMengDealer( 2381): [TN_ThreadUtil-2]checkBootAd bootAd=[Advertisment@31f20d02]category[1]version[0]profile[2]group[[GroupProperty@15925613]associateType[3]groupIDs[len:10:10000:7101:7105:9999:7000:17:1001:20002:20001:1003]]service[null]period[[Advertisment@2b3aa050]dates[]times[len0:133:len1:133:20170821 000000-20170821 235959:20170822 000000-20170822 235959:20170823 000000-20170823 235959:20170824 000000-20170824 235959:20170825 000000-20170825 235959:20170826 000000-20170826 235959:20170827 000000-20170827 235959:20170828 000000-20170828 235959:20170829 000000-20170829 235959:20170830 000000-20170830 235959:20170831 000000-20170831 235959:20170901 000000-20170901 235959:20170902 000000-20170902 235959:20170903 000000-20170903 235959:20170904 000000-20170904 235959:20170905 000000-20170905 235959:20170906 000000-20170906 235959:20170907 000000-20170907 235959:20170908 000000-20170908 235959:20170909 000000-20170909 235959:20170910 000000-20170910 235959:20170911 000000-20170911 235959:20170912 000000-20170912 235959:20170913 000000-20170913 235959:20170914 000000-20170914 235959:20170915 000000-20170915 235959:20170916 000000-20170916 235959:20170917 000000-20170917 235959:20170918 000000-20170918 235959:20170919 000000-20170919 235959:20170920 000000-20170920 235959:20170921 000000-20170921 235959:20170922 000000-20170922 235959:20170923 000000-20170923 235959:20170924 000000-20170924 235959:20170925 000000-20170925 235959:20170926 000000-20170926 235959:20170927 000000-20170927 235959:20170928 000000-20170928 235959:20170929 000000-20170929 235959:20170930 000000-20170930 235959:20171001 000000-20171001 235959:20171002 000000-20171002 235959:20171003 000000-20171003 235959:20171004 000000-20171004 235959:20171005 000000-20171005 235959:20171006 000000-20171006 235959:20171007 000000-20171007 235959:20171008 000000-20171008 235959:20171009 000000-20171009 235959:20171010 000000-20171010 235959:20171011 000000-20171011 235959:20171012 000000-20171012 235959:20171013 000000-20171013 235959:20171014 000000-20171014 235959:20171015 000000-20171015 235959:20171016 000000-20171016 235959:20171017 000000-20171017 235959:20171018 000000-20171018 235959:20171019 000000-20171019 235959:20171020 000000-20171020 235959:20171021 000000-20171021 235959:20171022 000000-20171022 235959:20171023 000000-20171023 235959:20171024 000000-20171024 235959:20171025 000000-20171025 235959:20171026 000000-20171026 235959:20171027 000000-20171027 235959:20171028 000000-20171028 235959:20171029 000000-20171029 235959:20171030 000000-20171030 235959:20171031 000000-20171031 235959:20171101 000000-20171101 235959:20171102 000000-20171102 235959:20171103 000000-20171103 235959:20171104 000000-20171104 235959:20171105 000000-20171105 235959:20171106 000000-20171106 235959:20171107 000000-20171107 235959:20171108 000000-20171108 235959:20171109 000000-20171109 235959:20171110 000000-20171110 235959:20171111 000000-20171111 235959:20171112 000000-20171112 235959:20171113 000000-20171113 235959:20171114 000000-20171114 235959:20171115 000000-20171115 235959:20171116 000000-20171116 235959:20171117 000000-20171117 235959:20171118 000000-20171118 235959:20171119 000000-20171119 235959:20171120 000000-20171120 235959:20171121 000000-20171121 235959:20171122 000000-20171122 235959:20171123 000000-20171123 235959:20171124 000000-20171124 235959:20171125 000000-20171125 235959:20171126 000000-20171126 235959:20171127 000000-20171127 235959:20171128 000000-20171128 235959:20171129 000000-20171129 235959:20171130 000000-20171130 235959:20171201 000000-20171201 235959:20171202 000000-20171202 235959:20171203 000000-20171203 235959:20171204 000000-20171204 235959:20171205 000000-20171205 235959:20171206 000000-20171206 235959:20171207 000000-20171207 235959:20171208 000000-20171208 235959:20171209 000000-20171209 235959:20171210 000000-20171210 235959:20171211 000000-20171211 235959:20171212 000000-20171212 235959:20171213 000000-20171213 235959:20171214 000000-20171214 235959:20171215 000000-20171215 235959:20171216 000000-20171216 235959:201
12-01 14:16:04.655 I/System.out( 2381): [DEBUG SectionFilterGroup] The filterGroupHandle is: -1263259200
12-01 14:16:04.655 D/LoadPipeHandler( 2381): [TN_ThreadUtil-2]dealTableLoad pipeTask=[LoadPipeTask@3c16004c]pID[16]tableID[64]tunerIndex[0]offset[3]timeout[5000]isNeedTune[false]fileName[null]
12-01 14:16:04.656 D/filter  ( 2381): [FilterManager-JNI] - start filter:pid=16, tableid=64, bufferNum=0
12-01 14:16:04.656 D/filter  ( 2381): [FilterManager-JNI] - 
12-01 14:16:04.656 D/filter  ( 2381): [FilterManager-JNI] - 
12-01 14:16:04.656 D/filter  ( 2381): [FilterManager-JNI] - The table id is proper.
12-01 14:16:04.656 D/filter  ( 2381): ####in java native method open filter:pid=16,							code=40,00,00,00,mask=ff,00,00,00
12-01 14:16:04.656 D/filter  ( 2381): [FilterManager-JNI] - Filter mode to ROCME_RES_FLT_MODE_UNROB_FILTER.
12-01 14:16:04.656 V/SUMA    ( 1581): [resman-s][onTransact 216]code[0x12000200] client pid = 2381
12-01 14:16:04.656 V/SUMA    ( 1581): [resman-s][onTransact 615]TRANS_CODE_RESMAN_FILETER_REQUEST enter
12-01 14:16:04.656 V/SUMA    ( 1581): [resman-s][onTransact 623]filter request m_client[0].cpid = 2381
12-01 14:16:04.656 V/SUMA    ( 1581): [resman-s][onTransact 627]filter handler request filter_handler[0]
12-01 14:16:04.656 I/System.out( 2381): [DEBUG SectionFilterGroup] The run() method, and the filterGroupHandle is: -1263259200
12-01 14:16:04.656 V/SUMA    ( 1581): >> Roc_ResMan_Filter_Request handler = 0x1202ae90 
12-01 14:16:04.656 V/SUMA    ( 1581): [resman-s][onTransact 657]TRANS_CODE_RESMAN_FILETER_REQUEST leave
12-01 14:16:04.656 V/SUMA    ( 1581): [resman-s][onTransact 1574]leave transact client pid = 2381
12-01 14:16:04.656 V/SUMA    ( 2381): [resman-c][Roc_ResMan_Filter_Request 1311]leave !!!
12-01 14:16:04.656 V/SUMA    ( 2381): [resman-c][dvbc_resman_flt_request 162]dvbc(2381)## s_resman_client_flt_hcbk request cbk idx=0 !!!
12-01 14:16:04.656 V/SUMA    ( 1581): [resman-s][onTransact 216]code[0x12000204] client pid = 2381
12-01 14:16:04.657 V/SUMA    ( 1581): [resman-s][onTransact 1574]leave transact client pid = 2381
12-01 14:16:04.657 V/SUMA    ( 2381): [resman-c][Roc_ResMan_Filter_Modify 1514]leave !!!
12-01 14:16:04.657 V/SUMA    ( 1581): [resman-s][onTransact 216]code[0x12000202] client pid = 2381
12-01 14:16:04.657 V/SUMA    ( 1581): [resman-s][onTransact 1574]leave transact client pid = 2381
12-01 14:16:04.657 V/SUMA    ( 2381): [resman-c][Roc_ResMan_Filter_Run 1431]leave !!!
12-01 14:16:04.657 D/filter  ( 2381): open file=302165648,pid=16,index=0 with tuner index 0
12-01 14:16:04.784 D/BackBootDealerNeimeng( 2381): standbyState:
12-01 14:16:04.785 E/NetUtils( 1999): Interface eth0 LinkUp!
12-01 14:16:05.285 D/BackBootDealerNeimeng( 2381): standbyState:
12-01 14:16:05.286 E/NetUtils( 1999): Interface eth0 LinkUp!
12-01 14:16:05.787 D/BackBootDealerNeimeng( 2381): standbyState:
12-01 14:16:05.787 E/NetUtils( 1999): Interface eth0 LinkUp!
12-01 14:16:05.977 E/NetUtils( 1999): Interface eth0 LinkUp!
12-01 14:16:06.288 D/BackBootDealerNeimeng( 2381): standbyState:
12-01 14:16:06.289 E/NetUtils( 1999): Interface eth0 LinkUp!
12-01 14:16:06.789 D/BackBootDealerNeimeng( 2381): standbyState:
12-01 14:16:06.790 E/NetUtils( 1999): Interface eth0 LinkUp!
12-01 14:16:07.290 D/BackBootDealerNeimeng( 2381): standbyState:
12-01 14:16:07.291 E/NetUtils( 1999): Interface eth0 LinkUp!
12-01 14:16:07.663 W/System.err( 2849): java.net.ConnectException: failed to connect to tvos-tms.96066.com/10.254.233.5 (port 80): connect failed: ETIMEDOUT (Connection timed out)
12-01 14:16:07.663 W/System.err( 2849): 	at libcore.io.IoBridge.connect(IoBridge.java:124)
12-01 14:16:07.663 W/System.err( 2849): 	at java.net.PlainSocketImpl.connect(PlainSocketImpl.java:183)
12-01 14:16:07.663 W/System.err( 2849): 	at java.net.PlainSocketImpl.connect(PlainSocketImpl.java:456)
12-01 14:16:07.663 W/System.err( 2849): 	at java.net.Socket.connect(Socket.java:882)
12-01 14:16:07.663 W/System.err( 2849): 	at com.android.okhttp.internal.Platform.connectSocket(Platform.java:174)
12-01 14:16:07.663 W/System.err( 2849): 	at com.android.okhttp.Connection.connect(Connection.java:152)
12-01 14:16:07.663 W/System.err( 2849): 	at com.android.okhttp.internal.http.HttpEngine.connect(HttpEngine.java:276)
12-01 14:16:07.663 W/System.err( 2849): 	at com.android.okhttp.internal.http.HttpEngine.sendRequest(HttpEngine.java:211)
12-01 14:16:07.663 W/System.err( 2849): 	at com.android.okhttp.internal.http.HttpURLConnectionImpl.execute(HttpURLConnectionImpl.java:382)
12-01 14:16:07.663 W/System.err( 2849): 	at com.android.okhttp.internal.http.HttpURLConnectionImpl.connect(HttpURLConnectionImpl.java:106)
12-01 14:16:07.663 W/System.err( 2849): 	at com.android.okhttp.internal.http.HttpURLConnectionImpl.getOutputStream(HttpURLConnectionImpl.java:217)
12-01 14:16:07.663 W/System.err( 2849): 	at com.sumavision.admindm.c.f.b(Unknown Source)
12-01 14:16:07.663 W/System.err( 2849): 	at com.sumavision.admindm.c.f.a(Unknown Source)
12-01 14:16:07.664 W/System.err( 2849): 	at com.sumavision.admindm.k.a.a(Unknown Source)
12-01 14:16:07.664 W/System.err( 2849): 	at com.sumavision.admindm.c.f.e(Unknown Source)
12-01 14:16:07.664 W/System.err( 2849): 	at com.sumavision.admindm.c.a.run(Unknown Source)
12-01 14:16:07.664 W/System.err( 2849): 	at java.lang.Thread.run(Thread.java:818)
12-01 14:16:07.664 W/System.err( 2849): Caused by: android.system.ErrnoException: connect failed: ETIMEDOUT (Connection timed out)
12-01 14:16:07.664 W/System.err( 2849): 	at libcore.io.Posix.connect(Native Method)
12-01 14:16:07.664 W/System.err( 2849): 	at libcore.io.BlockGuardOs.connect(BlockGuardOs.java:111)
12-01 14:16:07.664 W/System.err( 2849): 	at libcore.io.IoBridge.connectErrno(IoBridge.java:137)
12-01 14:16:07.664 W/System.err( 2849): 	at libcore.io.IoBridge.connect(IoBridge.java:122)
12-01 14:16:07.664 W/System.err( 2849): 	... 16 more
12-01 14:16:07.664 I/Com     ( 2849): run  session.run() with fault :com.sumavision.admindm.q.a
12-01 14:16:07.664 W/System.err( 2849): com.sumavision.admindm.q.a
12-01 14:16:07.664 W/System.err( 2849): 	at com.sumavision.admindm.c.f.b(Unknown Source)
12-01 14:16:07.665 W/System.err( 2849): 	at com.sumavision.admindm.c.f.a(Unknown Source)
12-01 14:16:07.665 W/System.err( 2849): 	at com.sumavision.admindm.k.a.a(Unknown Source)
12-01 14:16:07.665 W/System.err( 2849): 	at com.sumavision.admindm.c.f.e(Unknown Source)
12-01 14:16:07.665 W/System.err( 2849): 	at com.sumavision.admindm.c.a.run(Unknown Source)
12-01 14:16:07.665 W/System.err( 2849): 	at java.lang.Thread.run(Thread.java:818)
12-01 14:16:07.665 I/Com     ( 2849): run need retry :4 and sleep :56271
12-01 14:16:07.792 D/BackBootDealerNeimeng( 2381): standbyState:
12-01 14:16:07.793 E/NetUtils( 1999): Interface eth0 LinkUp!
12-01 14:16:08.293 D/BackBootDealerNeimeng( 2381): standbyState:
12-01 14:16:08.294 E/NetUtils( 1999): Interface eth0 LinkUp!
12-01 14:16:08.794 D/BackBootDealerNeimeng( 2381): standbyState:
12-01 14:16:08.795 E/NetUtils( 1999): Interface eth0 LinkUp!
12-01 14:16:09.295 D/BackBootDealerNeimeng( 2381): standbyState:
12-01 14:16:09.296 E/NetUtils( 1999): Interface eth0 LinkUp!
12-01 14:16:09.657 I/System.out( 2381): [DEBUG SectionFilterGroup] be reaady to detach filtergroup:true
12-01 14:16:09.658 V/SUMA    ( 1581): [resman-s][onTransact 216]code[0x12000201] client pid = 2381
12-01 14:16:09.658 V/SUMA    ( 1581): [resman-s][onTransact 665]TRANS_CODE_RESMAN_FILETER_RELEASE enter
12-01 14:16:09.658 V/SUMA    ( 1581): >> Roc_ResMan_Filter_Release handler = 0x1202ae90 
12-01 14:16:09.658 V/SUMA    ( 1581): [resman-s][onTransact 674]filter release m_client[0].cpid = 2381
12-01 14:16:09.658 V/SUMA    ( 1581): [resman-s][onTransact 678]filter handler release filter_handler[0]
12-01 14:16:09.658 V/SUMA    ( 1581): [resman-s][onTransact 688]TRANS_CODE_RESMAN_FILETER_RELEASE leave
12-01 14:16:09.658 V/SUMA    ( 1581): [resman-s][onTransact 1574]leave transact client pid = 2381
12-01 14:16:09.658 V/SUMA    ( 2381): [resman-c][dvbc_resman_flt_release 183]dvbc(2381)## s_resman_client_flt_hcbk release cbk idx=0 !!!
12-01 14:16:09.658 V/SUMA    ( 2381): [resman-c][Roc_ResMan_Filter_Release 1403]leave !!!
12-01 14:16:09.659 W/EsgNeiMengDealer( 2381): [TN_ThreadUtil-2]handleNormTable table content null
12-01 14:16:09.659 D/EsgNeiMengDealer( 2381): [TN_ThreadUtil-2]dealUpdateInfo updateInfo=null
12-01 14:16:09.659 D/EsgRunner( 2381): [TN_ThreadUtil-2]notifyUpdateEnd ads=null
12-01 14:16:09.668 W/ContextImpl( 2381): Calling a method in the system process without a qualified user: android.app.ContextImpl.sendBroadcast:1345 android.content.ContextWrapper.sendBroadcast:377 com.suma.midware.back.esg.e.f:-1 com.suma.midware.back.esg.f.run:-1 com.suma.midware.prop.util.c.run:-1 
12-01 14:16:09.796 D/BackBootDealerNeimeng( 2381): standbyState:
12-01 14:16:09.797 E/NetUtils( 1999): Interface eth0 LinkUp!
12-01 14:16:10.298 D/BackBootDealerNeimeng( 2381): standbyState:
12-01 14:16:10.299 E/NetUtils( 1999): Interface eth0 LinkUp!
12-01 14:16:10.671 W/ContextImpl( 2381): Calling a method in the system process without a qualified user: android.app.ContextImpl.sendBroadcast:1345 android.content.ContextWrapper.sendBroadcast:377 com.suma.midware.back.esg.e.f:-1 com.suma.midware.back.esg.f.run:-1 com.suma.midware.prop.util.c.run:-1 
12-01 14:16:10.799 D/BackBootDealerNeimeng( 2381): standbyState:
12-01 14:16:10.800 E/NetUtils( 1999): Interface eth0 LinkUp!
12-01 14:16:11.300 D/BackBootDealerNeimeng( 2381): standbyState:
12-01 14:16:11.301 E/NetUtils( 1999): Interface eth0 LinkUp!
12-01 14:16:11.801 D/BackBootDealerNeimeng( 2381): standbyState:
12-01 14:16:11.802 E/NetUtils( 1999): Interface eth0 LinkUp!
12-01 14:16:12.303 D/BackBootDealerNeimeng( 2381): standbyState:
12-01 14:16:12.303 E/NetUtils( 1999): Interface eth0 LinkUp!
12-01 14:16:12.804 D/BackBootDealerNeimeng( 2381): standbyState:
12-01 14:16:12.805 E/NetUtils( 1999): Interface eth0 LinkUp!
12-01 14:16:12.856 E/WifiStateMachine( 1999): WifiStateMachine CMD_START_SCAN source -2 txSuccessRate=0.00 rxSuccessRate=0.00 targetRoamBSSID=86:79:73:a5:71:44 RSSI=-36
12-01 14:16:13.306 D/BackBootDealerNeimeng( 2381): standbyState:
12-01 14:16:13.307 E/NetUtils( 1999): Interface eth0 LinkUp!
12-01 14:16:13.328 D/Advertiser( 2440): End of sleep at time:1512108973328
12-01 14:16:13.328 D/Advertiser( 2440): Begin announce....with thread:org.cybergarage.d.b.a@15f10bb4
12-01 14:16:13.328 D/TimerUtil( 2440): waitRandom time=300,waitTime=239
12-01 14:16:13.328 D/Device  ( 2440): announce deviceDataBindAddress null
12-01 14:16:13.334 D/Device  ( 2440): announce 0 bindAddress=10.0.0.86
12-01 14:16:13.335 D/HTTPMUSocket( 2440): open addr=239.255.255.250,port=1900,bindAddr=10.0.0.86
12-01 14:16:13.340 D/HTTPMUSocket( 2440): send msg:NOTIFY * HTTP/1.1
12-01 14:16:13.340 D/HTTPMUSocket( 2440): Server: Linux/3.18.24_hi3798mv2x UPnP/1.0 CyberLinkJava/1.8
12-01 14:16:13.340 D/HTTPMUSocket( 2440): Cache-Control: max-age=1800
12-01 14:16:13.340 D/HTTPMUSocket( 2440): Location: http://10.0.0.86:38520/description.xml
12-01 14:16:13.340 D/HTTPMUSocket( 2440): NTS: ssdp:alive
12-01 14:16:13.340 D/HTTPMUSocket( 2440): NT: upnp:rootdevice
12-01 14:16:13.340 D/HTTPMUSocket( 2440): USN: uuid:bedb84c3-dcc5-4b75-8e79-308771ab5a9f::upnp:rootdevice
12-01 14:16:13.340 D/HTTPMUSocket( 2440): HOST: 239.255.255.250:1900
12-01 14:16:13.340 D/HTTPMUSocket( 2440): 
12-01 14:16:13.340 D/HTTPMUSocket( 2440): bindAddr:null and port:-1
12-01 14:16:13.341 D/HTTPMUSocket( 2440): /10.0.0.86
12-01 14:16:13.342 D/HTTPMUSocket( 2440): send msg:NOTIFY * HTTP/1.1
12-01 14:16:13.342 D/HTTPMUSocket( 2440): Server: Linux/3.18.24_hi3798mv2x UPnP/1.0 CyberLinkJava/1.8
12-01 14:16:13.342 D/HTTPMUSocket( 2440): Cache-Control: max-age=1800
12-01 14:16:13.342 D/HTTPMUSocket( 2440): Location: http://10.0.0.86:38520/description.xml
12-01 14:16:13.342 D/HTTPMUSocket( 2440): NTS: ssdp:alive
12-01 14:16:13.342 D/HTTPMUSocket( 2440): NT: uuid:bedb84c3-dcc5-4b75-8e79-308771ab5a9f
12-01 14:16:13.342 D/HTTPMUSocket( 2440): USN: uuid:bedb84c3-dcc5-4b75-8e79-308771ab5a9f
12-01 14:16:13.342 D/HTTPMUSocket( 2440): HOST: 239.255.255.250:1900
12-01 14:16:13.342 D/HTTPMUSocket( 2440): 
12-01 14:16:13.342 D/HTTPMUSocket( 2440): bindAddr:null and port:-1
12-01 14:16:13.343 D/HTTPMUSocket( 2440): /10.0.0.86
12-01 14:16:13.345 D/HTTPMUSocket( 2440): send msg:NOTIFY * HTTP/1.1
12-01 14:16:13.345 D/HTTPMUSocket( 2440): Server: Linux/3.18.24_hi3798mv2x UPnP/1.0 CyberLinkJava/1.8
12-01 14:16:13.345 D/HTTPMUSocket( 2440): Cache-Control: max-age=1800
12-01 14:16:13.345 D/HTTPMUSocket( 2440): Location: http://10.0.0.86:38520/description.xml
12-01 14:16:13.345 D/HTTPMUSocket( 2440): NTS: ssdp:alive
12-01 14:16:13.345 D/HTTPMUSocket( 2440): NT: urn:schemas-upnp-org:device:MediaServer:1
12-01 14:16:13.345 D/HTTPMUSocket( 2440): USN: uuid:bedb84c3-dcc5-4b75-8e79-308771ab5a9f::urn:schemas-upnp-org:device:MediaServer:1
12-01 14:16:13.345 D/HTTPMUSocket( 2440): HOST: 239.255.255.250:1900
12-01 14:16:13.345 D/HTTPMUSocket( 2440): 
12-01 14:16:13.345 D/HTTPMUSocket( 2440): bindAddr:null and port:-1
12-01 14:16:13.345 D/HTTPMUSocket( 2440): /10.0.0.86
12-01 14:16:13.346 D/Device  ( 2440): announce bindAddr=10.0.0.86,devLocation=http://10.0.0.86:38520/description.xml,location=http://10.0.0.86:38520/description.xml
12-01 14:16:13.347 D/Device  ( 2440): announce bindAddr=10.0.0.86,serviceDesUrl=
12-01 14:16:13.348 D/HTTPMUSocket( 2440): open addr=239.255.255.250,port=1900,bindAddr=10.0.0.86
12-01 14:16:13.353 D/TimerUtil( 2440): waitRandom time=300,waitTime=138
12-01 14:16:13.353 D/HTTPMUSocket( 2440): send msg:NOTIFY * HTTP/1.1
12-01 14:16:13.353 D/HTTPMUSocket( 2440): Server: Linux/3.18.24_hi3798mv2x UPnP/1.0 CyberLinkJava/1.8
12-01 14:16:13.353 D/HTTPMUSocket( 2440): Cache-Control: max-age=1800
12-01 14:16:13.353 D/HTTPMUSocket( 2440): Location: http://10.0.0.86:38520/description.xml
12-01 14:16:13.353 D/HTTPMUSocket( 2440): NTS: ssdp:alive
12-01 14:16:13.353 D/HTTPMUSocket( 2440): NT: urn:schemas-upnp-org:service:ContentDirectory:1
12-01 14:16:13.353 D/HTTPMUSocket( 2440): USN: uuid:bedb84c3-dcc5-4b75-8e79-308771ab5a9f::urn:schemas-upnp-org:service:ContentDirectory:1
12-01 14:16:13.353 D/HTTPMUSocket( 2440): HOST: 239.255.255.250:1900
12-01 14:16:13.353 D/HTTPMUSocket( 2440): 
12-01 14:16:13.353 D/HTTPMUSocket( 2440): bindAddr:null and port:-1
12-01 14:16:13.354 D/HTTPMUSocket( 2440): /10.0.0.86
12-01 14:16:13.355 D/Device  ( 2440): announce bindAddr=10.0.0.86,serviceDesUrl=
12-01 14:16:13.356 D/HTTPMUSocket( 2440): open addr=239.255.255.250,port=1900,bindAddr=10.0.0.86
12-01 14:16:13.362 D/TimerUtil( 2440): waitRandom time=300,waitTime=55
12-01 14:16:13.362 D/HTTPMUSocket( 2440): send msg:NOTIFY * HTTP/1.1
12-01 14:16:13.362 D/HTTPMUSocket( 2440): Server: Linux/3.18.24_hi3798mv2x UPnP/1.0 CyberLinkJava/1.8
12-01 14:16:13.362 D/HTTPMUSocket( 2440): Cache-Control: max-age=1800
12-01 14:16:13.362 D/HTTPMUSocket( 2440): Location: http://10.0.0.86:38520/description.xml
12-01 14:16:13.362 D/HTTPMUSocket( 2440): NTS: ssdp:alive
12-01 14:16:13.362 D/HTTPMUSocket( 2440): NT: urn:schemas-upnp-org:service:ConnectionManager:1
12-01 14:16:13.362 D/HTTPMUSocket( 2440): USN: uuid:bedb84c3-dcc5-4b75-8e79-308771ab5a9f::urn:schemas-upnp-org:service:ConnectionManager:1
12-01 14:16:13.362 D/HTTPMUSocket( 2440): HOST: 239.255.255.250:1900
12-01 14:16:13.362 D/HTTPMUSocket( 2440): 
12-01 14:16:13.362 D/HTTPMUSocket( 2440): bindAddr:null and port:-1
12-01 14:16:13.363 D/HTTPMUSocket( 2440): /10.0.0.86
12-01 14:16:13.364 D/Device  ( 2440): announce bindAddr=10.0.0.86,serviceDesUrl=
12-01 14:16:13.365 D/HTTPMUSocket( 2440): open addr=239.255.255.250,port=1900,bindAddr=10.0.0.86
12-01 14:16:13.370 D/TimerUtil( 2440): waitRandom time=300,waitTime=61
12-01 14:16:13.370 D/HTTPMUSocket( 2440): send msg:NOTIFY * HTTP/1.1
12-01 14:16:13.370 D/HTTPMUSocket( 2440): Server: Linux/3.18.24_hi3798mv2x UPnP/1.0 CyberLinkJava/1.8
12-01 14:16:13.370 D/HTTPMUSocket( 2440): Cache-Control: max-age=1800
12-01 14:16:13.370 D/HTTPMUSocket( 2440): Location: http://10.0.0.86:38520/description.xml
12-01 14:16:13.370 D/HTTPMUSocket( 2440): NTS: ssdp:alive
12-01 14:16:13.370 D/HTTPMUSocket( 2440): NT: urn:schemas-upnp-org:service:AVTransport:1
12-01 14:16:13.370 D/HTTPMUSocket( 2440): USN: uuid:bedb84c3-dcc5-4b75-8e79-308771ab5a9f::urn:schemas-upnp-org:service:AVTransport:1
12-01 14:16:13.370 D/HTTPMUSocket( 2440): HOST: 239.255.255.250:1900
12-01 14:16:13.370 D/HTTPMUSocket( 2440): 
12-01 14:16:13.370 D/HTTPMUSocket( 2440): bindAddr:null and port:-1
12-01 14:16:13.370 D/HTTPMUSocket( 2440): /10.0.0.86
12-01 14:16:13.371 D/Device  ( 2440): announce bindAddr=10.0.0.86,serviceDesUrl=
12-01 14:16:13.371 D/HTTPMUSocket( 2440): open addr=239.255.255.250,port=1900,bindAddr=10.0.0.86
12-01 14:16:13.372 D/TimerUtil( 2440): waitRandom time=300,waitTime=2
12-01 14:16:13.373 D/HTTPMUSocket( 2440): send msg:NOTIFY * HTTP/1.1
12-01 14:16:13.373 D/HTTPMUSocket( 2440): Server: Linux/3.18.24_hi3798mv2x UPnP/1.0 CyberLinkJava/1.8
