01-01 08:00:32.384 D/SysEventBaseDealer( 2358): [TN_ThreadUtil-8]handleEvent event=[SignalEvent@f463f6e]signalState[-1]index[0]channel[null]
01-01 08:00:32.384 D/SysEventBaseDealer( 2358): [TN_ThreadUtil-8]handleSignalEvent signalEvent=[SignalEvent@f463f6e]signalState[-1]index[0]channel[null],channel=null
01-01 08:00:32.384 D/SysEventBaseDealer( 2358): [TN_ThreadUtil-8]handleSignalEvent 0 info=[PlayStateInfo@3ebb5ddc]index[0]signalState[1]caState[-1]caErrCode[0]channel[null]
01-01 08:00:32.384 E/BluetoothPbap( 2673): Could not bind to Bluetooth Pbap Service with Intent { act=android.bluetooth.IBluetoothPbap }
01-01 08:00:32.384 V/SUMA    ( 1581): [resman-s][onTransact 216]code[0x1200010b] client pid = 2358
01-01 08:00:32.388 D/Model   ( 2673): addHardwareStatus and end addHardwareStatus
01-01 08:00:32.388 D/Model   ( 2673): addLanStatus and start addLanStatus
01-01 08:00:32.403 D/Model   ( 2673): addLanStatus and end addLanStatus
01-01 08:00:32.403 D/Model   ( 2673): addInformSettingInfo and start addInformSetting
01-01 08:00:32.408 D/Model   ( 2673): addInformSettingInfo and end addInformSetting
01-01 08:00:32.408 D/Model   ( 2673): addPowerManagementInfo and start PowerManagement
01-01 08:00:32.412 D/Model   ( 2673): addPowerManagementInfo and end PowerManagement
01-01 08:00:32.412 D/Model   ( 2673): addAlertInfo and start addAlertInfo
01-01 08:00:32.414 D/Model   ( 2673): addAlertInfo and end addAlertInfo
01-01 08:00:32.414 D/Model   ( 2673): addClearDataInfo and start ClearData
01-01 08:00:32.416 D/Model   ( 2673): addClearDataInfo and end ClearData
01-01 08:00:32.416 D/Model   ( 2673): addWlLAN and start addWlLAN
01-01 08:00:32.417 D/Model   ( 2673): addWlLAN and end addWlLAN
01-01 08:00:32.417 D/Model   ( 2673): addLAN and start addLAN
01-01 08:00:32.418 D/Model   ( 2673): addLAN and end addLAN
01-01 08:00:32.418 D/Model   ( 2673): setData 22222
01-01 08:00:32.418 D/Model   ( 2673): addProfilStandardTr104 and start addProfilStandardTr104 and voiceRoot:Device.VoiceService.
01-01 08:00:32.420 D/Model   ( 2673): addProfilStandardTr104 count1:1
01-01 08:00:32.427 I/OpenGLRenderer( 2761): Initialized EGL, version 1.4
01-01 08:00:32.428 D/OpenGLRenderer( 2761): Enabling debug mode 0
01-01 08:00:32.434 D/Model   ( 2673): addProfilStandardTr104 count2 1:1
01-01 08:00:32.446 D/Model   ( 2673): addProfilStandardTr104 count3 1:1
01-01 08:00:32.453 D/Model   ( 2673): addProfilStandardTr104 count2 2:1
01-01 08:00:32.462 D/Model   ( 2673): addProfilStandardTr104 count3 2:1
01-01 08:00:32.473 D/Model   ( 2673): addProfilStandardTr104 count4 2:1
01-01 08:00:32.479 D/Model   ( 2673): addProfilStandardTr104 and start CallControl
01-01 08:00:32.485 D/Model   ( 2673): addProfilStandardTr104 count 2 3:1
01-01 08:00:32.486 D/PlayActivity( 2761): onWindowFocusChanged hasFocus:true:time:36479:currentFocus:null
01-01 08:00:32.487 I/ActivityManager( 2018): Displayed com.suma.midware.dvb/.play.PlayActivity: +1s343ms
01-01 08:00:32.493 D/RemoteIME( 2317): onFinishInput.
01-01 08:00:32.493 D/RemoteIME( 2317): onStartInput  ccontentType: 0 Restarting:false
01-01 08:00:32.501 D/Model   ( 2673): addProfilStandardTr104 count2 4 :1
01-01 08:00:32.512 D/Model   ( 2673): addProfilStandardTr104 count2 5 :1
01-01 08:00:32.516 D/Model   ( 2673): addProfilStandardTr104 count2 6 :1
01-01 08:00:32.519 I/dhcpcd  ( 2815): version 5.5.6 starting
01-01 08:00:32.520 E/dhcpcd  ( 2815): get_duid: Read-only file system
01-01 08:00:32.526 D/Model   ( 2673): addProfilStandardTr104 count2 7 :1
01-01 08:00:32.531 D/Model   ( 2673): addProfilStandardTr104 count2 8 :1
01-01 08:00:32.536 D/Model   ( 2673): addProfilStandardTr104 count2 9 :1
01-01 08:00:32.548 D/Model   ( 2673): setData 333333
01-01 08:00:32.571 D/PropManager( 2673): getBaseManager className=TunerManager,pkgName=com.sumavision.admindm
01-01 08:00:32.572 D/Model   ( 2673): addProfilStandardTr135 tunerNum = 1
01-01 08:00:32.573 I/Model   ( 2673): addProfilStandardTr135 start  getTunerState and index: 0
01-01 08:00:32.573 D/TunerNgbDealer( 2358): [TN_Binder_3]getTunerState 0 tunerDes=[TunerDes@164ce9ee]isLock[false]isReserve[true]nHandle[0]moduleName[null]ni[org.davic.net.tuning.NetworkInterface@a1a4e8f]nic[org.ngb.broadcast.dvb.tuning.DvbNetworkInterfaceController@22bd351c]ds[[CableDeliverySystem@1544d8dd]freq[371000]fecOuter[0]modulation[3]symbolRate[6875]fecInner[0]]
01-01 08:00:32.573 V/SUMA    ( 1581): [resman-s][onTransact 216]code[0x1200010b] client pid = 2358
01-01 08:00:32.578 I/dhcpcd  ( 2815): wlan0: rebinding lease of 192.168.31.115
01-01 08:00:32.595 I/dhcpcd  ( 2815): wlan0: acknowledged 192.168.31.115 from 192.168.31.1
01-01 08:00:32.604 I/dhcpcd  ( 2815): wlan0: leased 192.168.31.115 for 43200 seconds
01-01 08:00:32.712 D/BackBootDealerNeimeng( 2358): standbyState:
01-01 08:00:32.712 E/NetUtils( 2018): Interface eth0 LinkDown!
01-01 08:00:32.916 D/HiRMService( 2380): mNetReceiver onReceive --android.net.wifi.STATE_CHANGE
01-01 08:00:32.917 D/ConnectivityService( 2018): NetworkAgentInfo [WIFI () - 100] EVENT_NETWORK_INFO_CHANGED, going from CONNECTING to CONNECTED
01-01 08:00:32.917 D/WifiAdmin( 2693): [TN_main]dealWifiMsg action=android.net.wifi.STATE_CHANGE,intent=Intent { act=android.net.wifi.STATE_CHANGE flg=0x4000010 (has extras) }
01-01 08:00:32.917 D/WifiAdmin( 2485): [TN_main]dealWifiMsg action=android.net.wifi.STATE_CHANGE,intent=Intent { act=android.net.wifi.STATE_CHANGE flg=0x4000010 (has extras) }
01-01 08:00:32.918 E/WifiStateMachine( 2018): Did not find remoteAddress {192.168.31.1} in /proc/net/arp
01-01 08:00:32.918 D/ConnectivityService( 2018): Adding iface wlan0 to network 100
01-01 08:00:32.919 D/WifiAdmin( 2485): [TN_main]dealWifiMsg action=android.net.wifi.STATE_CHANGE,intent=Intent { act=android.net.wifi.STATE_CHANGE flg=0x4000010 (has extras) }
01-01 08:00:32.919 D/WifiAdmin( 2485): [TN_main]dealWifiMsg action=android.net.wifi.STATE_CHANGE,intent=Intent { act=android.net.wifi.STATE_CHANGE flg=0x4000010 (has extras) }
01-01 08:00:32.920 D/WifiAdmin( 2693): [TN_main]dealWifiMsg action=android.net.wifi.STATE_CHANGE,intent=Intent { act=android.net.wifi.STATE_CHANGE flg=0x4000010 (has extras) }
01-01 08:00:32.920 D/HiRMService( 2380): mNetReceiver onReceive --android.net.wifi.STATE_CHANGE
01-01 08:00:32.920 D/HiRMService( 2380): mNetReceiver onReceive --android.net.wifi.STATE_CHANGE
01-01 08:00:32.920 D/WifiAdmin( 2693): [TN_main]dealWifiMsg action=android.net.wifi.STATE_CHANGE,intent=Intent { act=android.net.wifi.STATE_CHANGE flg=0x4000010 (has extras) }
01-01 08:00:32.920 D/HiRMService( 2380): mNetReceiver onReceive --android.net.wifi.STATE_CHANGE
01-01 08:00:32.920 D/WifiAdmin( 2485): [TN_main]dealWifiMsg action=android.net.wifi.STATE_CHANGE,intent=Intent { act=android.net.wifi.STATE_CHANGE flg=0x4000010 (has extras) }
01-01 08:00:32.920 D/WifiAdmin( 2693): [TN_main]dealWifiMsg action=android.net.wifi.STATE_CHANGE,intent=Intent { act=android.net.wifi.STATE_CHANGE flg=0x4000010 (has extras) }
01-01 08:00:32.924 D/WifiAdmin( 2485): [TN_main]dealWifiMsg action=android.net.wifi.CONFIGURED_NETWORKS_CHANGE,intent=Intent { act=android.net.wifi.CONFIGURED_NETWORKS_CHANGE flg=0x4000010 (has extras) }
01-01 08:00:32.924 D/WifiAdmin( 2693): [TN_main]dealWifiMsg action=android.net.wifi.CONFIGURED_NETWORKS_CHANGE,intent=Intent { act=android.net.wifi.CONFIGURED_NETWORKS_CHANGE flg=0x4000010 (has extras) }
01-01 08:00:32.946 E/ConnectivityService( 2018): Unexpected mtu value: 0, wlan0
01-01 08:00:32.946 D/ConnectivityService( 2018): Adding Route [fe80::/64 -> :: wlan0] to network 100
01-01 08:00:32.947 D/ConnectivityService( 2018): Adding Route [192.168.31.0/24 -> 0.0.0.0 wlan0] to network 100
01-01 08:00:32.947 D/ConnectivityService( 2018): Adding Route [0.0.0.0/0 -> 192.168.31.1 wlan0] to network 100
01-01 08:00:32.948 D/ConnectivityService( 2018): Setting Dns servers for network 100 to [/192.168.31.1]
01-01 08:00:32.952 D/ConnectivityService( 2018): notifyType IP_CHANGED for NetworkAgentInfo [WIFI () - 100]
01-01 08:00:32.954 D/ConnectivityService( 2018): notifyType PRECHECK for NetworkAgentInfo [WIFI () - 100]
01-01 08:00:32.955 D/ConnectivityService( 2018): rematching NetworkAgentInfo [WIFI () - 100]
01-01 08:00:32.955 D/ConnectivityService( 2018):    accepting network in place of null
01-01 08:00:32.955 D/NetworkMonitor/NetworkAgentInfo [WIFI () - 100]( 2018): DefaultState{ when=0 what=532481 target=com.android.internal.util.StateMachine$SmHandler }
01-01 08:00:32.955 D/NetworkMonitor/NetworkAgentInfo [WIFI () - 100]( 2018): Connected
01-01 08:00:32.955 D/NetworkMonitor/NetworkAgentInfo [WIFI () - 100]( 2018): EvaluatingState{ when=0 what=532486 arg1=1 target=com.android.internal.util.StateMachine$SmHandler }
01-01 08:00:32.955 D/NetworkMonitor/NetworkAgentInfo [WIFI () - 100]( 2018): Validated
01-01 08:00:32.955 D/ConnectivityService( 2018): Switching to new default network: NetworkAgentInfo{ ni{[type: WIFI[], state: CONNECTED/CONNECTED, reason: (unspecified), extra: "Xiaomi_D52C", roaming: false, failover: false, isAvailable: true, isConnectedToProvisioningNetwork: false]}  network{100}  lp{{InterfaceName: wlan0 LinkAddresses: [192.168.31.115/24,]  Routes: [fe80::/64 -> :: wlan0,192.168.31.0/24 -> 0.0.0.0 wlan0,0.0.0.0/0 -> 192.168.31.1 wlan0,] DnsAddresses: [192.168.31.1,] Domains:  MTU: 0 TcpBufferSizes: 524288,1048576,2097152,262144,524288,1048576}}  nc{[ Transports: WIFI Capabilities: INTERNET&NOT_RESTRICTED&TRUSTED&NOT_VPN LinkUpBandwidth>=1048576Kbps LinkDnBandwidth>=1048576Kbps]}  Score{20}  everValidated{false}  lastValidated{false}  created{true}  explicitlySelected{false} }
01-01 08:00:32.956 D/ConnectivityService( 2018): Setting tx/rx TCP buffers to 524288,1048576,2097152,262144,524288,1048576
01-01 08:00:32.958 D/ConnectivityService( 2018): notifyType AVAILABLE for NetworkAgentInfo [WIFI () - 100]
01-01 08:00:32.959 D/ConnectivityManager.CallbackHandler( 2160): CM callback handler got msg 524290
01-01 08:00:32.959 D/CSLegacyTypeTracker( 2018): Sending connected broadcast for type 1 NetworkAgentInfo [WIFI () - 100] isDefaultNetwork=true
01-01 08:00:32.959 D/ConnectivityService( 2018): sendStickyBroadcast: action=android.net.conn.CONNECTIVITY_CHANGE_IMMEDIATE
01-01 08:00:32.959 D/ConnectivityService( 2018): sendStickyBroadcast: action=android.net.conn.CONNECTIVITY_CHANGE
01-01 08:00:32.960 D/ConnectivityService( 2018): setProvNotificationVisibleIntent: E visible=false networkType=0 extraInfo=null
01-01 08:00:32.960 D/ConnectivityService( 2018): Validated NetworkAgentInfo [WIFI () - 100]
01-01 08:00:32.960 D/ConnectivityService( 2018): rematching NetworkAgentInfo [WIFI () - 100]
01-01 08:00:32.960 D/ConnectivityService( 2018): Network NetworkAgentInfo [WIFI () - 100] was already satisfying request 1. No change.
01-01 08:00:32.960 D/ConnectivityService( 2018): notifyType AVAILABLE for NetworkAgentInfo [WIFI () - 100]
01-01 08:00:32.960 D/Tethering( 2018): MasterInitialState.processMessage what=3
01-01 08:00:32.961 D/NetUpdate( 2485): [TN_main]onReceive intent=Intent { act=android.net.conn.CONNECTIVITY_CHANGE flg=0x4000010 (has extras) }
01-01 08:00:32.961 D/DmsService( 2414): [TN_main]netReceiver onReceive context=com.suma.midware.dms.DmsService@109c3f9f,intent=Intent { act=android.net.conn.CONNECTIVITY_CHANGE flg=0x4000010 (has extras) }
01-01 08:00:32.961 D/WifiAdmin( 2693): [TN_main]dealWifiMsg action=android.net.conn.CONNECTIVITY_CHANGE,intent=Intent { act=android.net.conn.CONNECTIVITY_CHANGE flg=0x4000010 (has extras) }
01-01 08:00:32.961 D/ServiceBoot( 2358): [TN_main]ethChangeReceiver context=com.suma.midware.back.BackService@22d5d4b5,intent=Intent { act=android.net.conn.CONNECTIVITY_CHANGE flg=0x4000010 (has extras) }
01-01 08:00:32.962 D/BaseLoader( 2358): [TN_main]notifyNetStateChange intent=Intent { act=android.net.conn.CONNECTIVITY_CHANGE flg=0x4000010 (has extras) }
01-01 08:00:32.962 D/ConnectivityService( 2018): sendStickyBroadcast: action=android.net.conn.INET_CONDITION_ACTION
01-01 08:00:32.962 E/NetUtils( 2018): Interface eth0 LinkDown!
01-01 08:00:32.964 D/BaseLoader( 2358): [TN_main]startMonitor loaderState=2,taskID=4,this=com.suma.midware.back.loader.neimeng.IPLoaderNeimeng@572e67d
01-01 08:00:32.965 D/IPLoaderNeimeng( 2358): after wait time08:00:32:monitorInterval:5000
01-01 08:00:32.965 D/IPLoaderNeimeng( 2358): before dealUpdateCheck time:08:00:32:isMsgBroadcast:false:monitorInterval:5000:processState:1
01-01 08:00:32.965 D/IPLoaderNeimeng( 2358): dealUpdateCheck isFirstSuccessUpdate:false:monitorInterval:5000
01-01 08:00:32.965 D/LoadHttpHandler( 2358): [TN_ThreadUtil-4]doNormal proxyConfig=null
01-01 08:00:32.966 D/NetUpdate( 2485): [TN_main]checkNetState state=1
01-01 08:00:32.966 D/WifiAdmin( 2485): [TN_main]dealWifiMsg action=android.net.conn.CONNECTIVITY_CHANGE,intent=Intent { act=android.net.conn.CONNECTIVITY_CHANGE flg=0x4000010 (has extras) }
01-01 08:00:32.966 D/ConnectivityManager.CallbackHandler( 2160): CM callback handler got msg 524290
01-01 08:00:32.971 D/DmsService( 2414): [TN_ThreadUtil-restart_dms_service]restartDmsService time=36964
01-01 08:00:32.971 D/DmsService( 2414): [TN_ThreadUtil-restart_dms_service]stopDmsService time=36964
01-01 08:00:32.971 I/MediaServer( 2414): stop mediaServer:Suma_Server:caEvt:com.suma.midware.dms.c.e@8f68708
01-01 08:00:32.971 I/CAEventService( 2414): stopCAEventMonitor mediaServer:com.suma.midware.dms.c.g@114448c6:serverList:[org.cybergarage.a.h@15f10bb4]
01-01 08:00:32.971 I/HTTPServer( 2414): Close server socket:ServerSocket[addr=::/::,port=0,localport=9527]
01-01 08:00:32.972 W/System.err( 2414): java.net.SocketException: Socket closed
01-01 08:00:32.972 W/System.err( 2414): 	at libcore.io.Posix.accept(Native Method)
01-01 08:00:32.972 W/System.err( 2414): 	at libcore.io.BlockGuardOs.accept(BlockGuardOs.java:63)
01-01 08:00:32.972 W/System.err( 2414): 	at java.net.PlainSocketImpl.accept(PlainSocketImpl.java:89)
01-01 08:00:32.972 W/System.err( 2414): 	at java.net.ServerSocket.implAccept(ServerSocket.java:216)
01-01 08:00:32.972 W/System.err( 2414): 	at java.net.ServerSocket.accept(ServerSocket.java:140)
01-01 08:00:32.972 W/System.err( 2414): 	at org.cybergarage.a.h.f(Unknown Source)
01-01 08:00:32.972 W/System.err( 2414): 	at org.cybergarage.a.h.run(Unknown Source)
01-01 08:00:32.972 W/System.err( 2414): 	at java.lang.Thread.run(Thread.java:818)
01-01 08:00:32.977 D/Device  ( 2414): stop adv=org.cybergarage.d.b.a@37638087,doByeBye=true
01-01 08:00:32.977 D/Device  ( 2414): byebye deviceDataBindAddress null
01-01 08:00:32.977 W/System.err( 2414): java.lang.InterruptedException
01-01 08:00:32.978 W/System.err( 2414): 	at java.lang.Thread.sleep(Native Method)
01-01 08:00:32.978 W/System.err( 2414): 	at java.lang.Thread.sleep(Thread.java:1031)
01-01 08:00:32.978 W/System.err( 2414): 	at java.lang.Thread.sleep(Thread.java:985)
01-01 08:00:32.978 W/System.err( 2414): 	at org.cybergarage.d.b.a.run(Unknown Source)
01-01 08:00:32.978 W/System.err( 2414): 	at java.lang.Thread.run(Thread.java:818)
01-01 08:00:32.979 D/Device  ( 2414): byebye 0 bindAddress=192.168.31.115
01-01 08:00:32.979 D/Device  ( 2414): byebye bindAddr=192.168.31.115
01-01 08:00:32.980 D/HTTPMUSocket( 2414): open addr=239.255.255.250,port=1900,bindAddr=192.168.31.115
01-01 08:00:32.983 D/HTTPMUSocket( 2414): send msg:NOTIFY * HTTP/1.1
01-01 08:00:32.983 D/HTTPMUSocket( 2414): NTS: ssdp:byebye
01-01 08:00:32.983 D/HTTPMUSocket( 2414): NT: upnp:rootdevice
01-01 08:00:32.983 D/HTTPMUSocket( 2414): USN: uuid:418c7b66-86de-45d5-90fd-13e1eb88db7e::upnp:rootdevice
01-01 08:00:32.983 D/HTTPMUSocket( 2414): HOST: 239.255.255.250:1900
01-01 08:00:32.983 D/HTTPMUSocket( 2414): 
01-01 08:00:32.983 D/HTTPMUSocket( 2414): bindAddr:null and port:-1
01-01 08:00:32.983 D/HTTPMUSocket( 2414): /192.168.31.115
01-01 08:00:32.983 D/Device  ( 2414): root device bye bye
01-01 08:00:32.984 D/HTTPMUSocket( 2414): send msg:NOTIFY * HTTP/1.1
01-01 08:00:32.984 D/HTTPMUSocket( 2414): NTS: ssdp:byebye
01-01 08:00:32.984 D/HTTPMUSocket( 2414): NT: urn:schemas-upnp-org:device:MediaServer:1
01-01 08:00:32.984 D/HTTPMUSocket( 2414): USN: uuid:418c7b66-86de-45d5-90fd-13e1eb88db7e::urn:schemas-upnp-org:device:MediaServer:1
01-01 08:00:32.984 D/HTTPMUSocket( 2414): HOST: 239.255.255.250:1900
01-01 08:00:32.984 D/HTTPMUSocket( 2414): 
01-01 08:00:32.984 D/HTTPMUSocket( 2414): bindAddr:null and port:-1
01-01 08:00:32.984 D/HTTPMUSocket( 2414): /192.168.31.115
01-01 08:00:32.984 D/Device  ( 2414): not root device bye bye
01-01 08:00:32.984 D/HTTPMUSocket( 2414): open addr=239.255.255.250,port=1900,bindAddr=192.168.31.115
01-01 08:00:32.986 D/TimerUtil( 2414): waitRandom time=300,waitTime=240
01-01 08:00:32.986 D/HTTPMUSocket( 2414): send msg:NOTIFY * HTTP/1.1
01-01 08:00:32.986 D/HTTPMUSocket( 2414): NTS: ssdp:byebye
01-01 08:00:32.986 D/HTTPMUSocket( 2414): NT: urn:schemas-upnp-org:service:ContentDirectory:1
01-01 08:00:32.986 D/HTTPMUSocket( 2414): USN: uuid:418c7b66-86de-45d5-90fd-13e1eb88db7e::urn:schemas-upnp-org:service:ContentDirectory:1
01-01 08:00:32.986 D/HTTPMUSocket( 2414): HOST: 239.255.255.250:1900
01-01 08:00:32.986 D/HTTPMUSocket( 2414): 
01-01 08:00:32.986 D/HTTPMUSocket( 2414): bindAddr:null and port:-1
01-01 08:00:32.986 D/HTTPMUSocket( 2414): /192.168.31.115
01-01 08:00:32.987 D/Service ( 2414): service bye bye:urn:schemas-upnp-org:service:ContentDirectory:1
01-01 08:00:32.987 D/HTTPMUSocket( 2414): open addr=239.255.255.250,port=1900,bindAddr=192.168.31.115
01-01 08:00:32.988 D/TimerUtil( 2414): waitRandom time=300,waitTime=255
01-01 08:00:32.988 D/HTTPMUSocket( 2414): send msg:NOTIFY * HTTP/1.1
01-01 08:00:32.988 D/HTTPMUSocket( 2414): NTS: ssdp:byebye
01-01 08:00:32.988 D/HTTPMUSocket( 2414): NT: urn:schemas-upnp-org:service:ConnectionManager:1
01-01 08:00:32.988 D/HTTPMUSocket( 2414): USN: uuid:418c7b66-86de-45d5-90fd-13e1eb88db7e::urn:schemas-upnp-org:service:ConnectionManager:1
01-01 08:00:32.988 D/HTTPMUSocket( 2414): HOST: 239.255.255.250:1900
01-01 08:00:32.988 D/HTTPMUSocket( 2414): 
01-01 08:00:32.988 D/HTTPMUSocket( 2414): bindAddr:null and port:-1
01-01 08:00:32.988 D/HTTPMUSocket( 2414): /192.168.31.115
01-01 08:00:32.989 D/Service ( 2414): service bye bye:urn:schemas-upnp-org:service:ConnectionManager:1
01-01 08:00:32.990 D/HTTPMUSocket( 2414): open addr=239.255.255.250,port=1900,bindAddr=192.168.31.115
01-01 08:00:32.991 D/TimerUtil( 2414): waitRandom time=300,waitTime=153
01-01 08:00:32.991 D/HTTPMUSocket( 2414): send msg:NOTIFY * HTTP/1.1
01-01 08:00:32.991 D/HTTPMUSocket( 2414): NTS: ssdp:byebye
01-01 08:00:32.991 D/HTTPMUSocket( 2414): NT: urn:schemas-upnp-org:service:AVTransport:1
01-01 08:00:32.991 D/HTTPMUSocket( 2414): USN: uuid:418c7b66-86de-45d5-90fd-13e1eb88db7e::urn:schemas-upnp-org:service:AVTransport:1
01-01 08:00:32.991 D/HTTPMUSocket( 2414): HOST: 239.255.255.250:1900
01-01 08:00:32.991 D/HTTPMUSocket( 2414): 
01-01 08:00:32.991 D/HTTPMUSocket( 2414): bindAddr:null and port:-1
01-01 08:00:32.991 D/HTTPMUSocket( 2414): /192.168.31.115
01-01 08:00:32.992 D/Service ( 2414): service bye bye:urn:schemas-upnp-org:service:AVTransport:1
01-01 08:00:32.992 D/HTTPMUSocket( 2414): open addr=239.255.255.250,port=1900,bindAddr=192.168.31.115
01-01 08:00:32.993 D/TimerUtil( 2414): waitRandom time=300,waitTime=8
01-01 08:00:32.993 D/HTTPMUSocket( 2414): send msg:NOTIFY * HTTP/1.1
01-01 08:00:32.993 D/HTTPMUSocket( 2414): NTS: ssdp:byebye
01-01 08:00:32.993 D/HTTPMUSocket( 2414): NT: urn:sumavision.com:service:X_SUMA_EVENT:1
01-01 08:00:32.993 D/HTTPMUSocket( 2414): USN: uuid:418c7b66-86de-45d5-90fd-13e1eb88db7e::urn:sumavision.com:service:X_SUMA_EVENT:1
01-01 08:00:32.993 D/HTTPMUSocket( 2414): HOST: 239.255.255.250:1900
01-01 08:00:32.993 D/HTTPMUSocket( 2414): 
01-01 08:00:32.993 D/HTTPMUSocket( 2414): bindAddr:null and port:-1
01-01 08:00:32.993 D/HTTPMUSocket( 2414): /192.168.31.115
01-01 08:00:32.994 D/Service ( 2414): service bye bye:urn:sumavision.com:service:X_SUMA_EVENT:1
01-01 08:00:32.994 I/HTTPServer( 2414): Close server socket:ServerSocket[addr=::/::,port=0,localport=38520]
01-01 08:00:32.994 W/System.err( 2414): java.net.SocketException: Socket closed
01-01 08:00:32.995 W/System.err( 2414): 	at libcore.io.Posix.accept(Native Method)
01-01 08:00:32.995 W/System.err( 2414): 	at libcore.io.BlockGuardOs.accept(BlockGuardOs.java:63)
01-01 08:00:32.995 W/System.err( 2414): 	at java.net.PlainSocketImpl.accept(PlainSocketImpl.java:89)
01-01 08:00:32.995 W/System.err( 2414): 	at java.net.ServerSocket.implAccept(ServerSocket.java:216)
01-01 08:00:32.995 W/System.err( 2414): 	at java.net.ServerSocket.accept(ServerSocket.java:140)
01-01 08:00:32.995 W/System.err( 2414): 	at org.cybergarage.a.h.f(Unknown Source)
01-01 08:00:32.995 W/System.err( 2414): 	at org.cybergarage.a.h.run(Unknown Source)
01-01 08:00:32.995 W/System.err( 2414): 	at java.lang.Thread.run(Thread.java:818)
01-01 08:00:33.026 D/LoadHttpHandler( 2358): [TN_ThreadUtil-4]doNormal responseCode=404
01-01 08:00:33.027 D/LoadHttpTask( 2358): dealUpdateCheck responseCode:404:data:null:downloadResult:false
01-01 08:00:33.027 D/IPLoaderNeimeng( 2358): after dealUpdateCheck time:08:00:33:isMsgBroadcast:false:monitorInterval:5000:processState:1
01-01 08:00:33.027 D/IPLoaderNeimeng( 2358): before wait time08:00:33:monitorInterval:5000
01-01 08:00:33.052 V/SUMA    ( 1581): >> rocme_porting_[0]tuner[0]_scanning fre = 371000 sym = 6875 qam = 3 ,res_state = 0x1
01-01 08:00:33.052 V/SUMA    ( 1581): [resman-s][dvb_server_resman_event_cbk 1615]enter dvb_server_resman_event_cbk
01-01 08:00:33.052 V/SUMA    ( 1581): [resman-s][dvb_server_resman_event_cbk 1656]leave dvb_server_resman_event_cbk
01-01 08:00:33.052 V/SUMA    ( 1581): >> ROC TNR(0)-EVENT = 0x210002 ROC_RES_TUNER_TUNER_EVT_LOCK_FAILED
01-01 08:00:33.052 D/tuning  ( 2358): ^^^tunerEventCallback is called,  event=210002 
01-01 08:00:33.052 V/SUMA    ( 1581): >> Roc_Tuner_CableScanning end : time = 37045 ms ,total time = 1174 ms 
01-01 08:00:33.052 V/SUMA    ( 1581): [resman-s][onTransact 216]code[0x1200010b] client pid = 2358
01-01 08:00:33.053 E/HI_TUNER( 1581): [ERROR-HI_TUNER]:HI_UNF_TUNER_GetBER[4827]:SIGNAL DROP
01-01 08:00:33.054 E/HI_TUNER( 1581): [ERROR-HI_TUNER]:HI_UNF_TUNER_GetSNR[5131]:SIGNAL DROP
01-01 08:00:33.055 V/PT      ( 1581): >>INFO:rocme_porting_tuner_get_signal_info:u32SNR = 0x0,u32SignalStrength = 0x6
01-01 08:00:33.055 V/PT      ( 1581): >>INFO:rocme_porting_tuner_get_signal_info:base_integer = 0x0,base_decimal = 0x0,exponent = 0x7
01-01 08:00:33.056 V/SUMA    ( 1581): [resman-s][onTransact 1574]leave transact client pid = 2358
01-01 08:00:33.056 I/System.out( 2358): [DEBUG TunerInfo] integer :0
01-01 08:00:33.056 I/System.out( 2358): [DEBUG TunerInfo] berDecimal :0
01-01 08:00:33.056 I/System.out( 2358): [DEBUG TunerInfo] berExp :7
01-01 08:00:33.056 D/SysEventBaseDealer( 2358): [TN_ThreadUtil-8]handleSignalEvent signalType=1
01-01 08:00:33.057 E/HI_TUNER( 1581): [ERROR-HI_TUNER]:HI_UNF_TUNER_GetBER[4827]:SIGNAL DROP
01-01 08:00:33.058 E/HI_TUNER( 1581): [ERROR-HI_TUNER]:HI_UNF_TUNER_GetSNR[5131]:SIGNAL DROP
01-01 08:00:33.059 V/PT      ( 1581): >>INFO:rocme_porting_tuner_get_signal_info:u32SNR = 0x0,u32SignalStrength = 0x6
01-01 08:00:33.059 V/PT      ( 1581): >>INFO:rocme_porting_tuner_get_signal_info:base_integer = 0x0,base_decimal = 0x0,exponent = 0x7
01-01 08:00:33.060 V/SUMA    ( 1581): [resman-s][onTransact 1574]leave transact client pid = 2358
01-01 08:00:33.060 D/tuning  ( 2358): ^^^^in tuner callBack. Query result=1,freq=371000
01-01 08:00:33.060 I/System.out( 2358): [DEBUG networkInterface] You see: NI listener's size=1
01-01 08:00:33.060 D/TunerNgbDealer( 2358): [TN_Thread-56]receiveNIEvent event=org.davic.net.tuning.NetworkInterfaceTuningOverEvent[source=class org.davic.net.tuning.NetworkInterfaceTuningOverEvent]
01-01 08:00:33.060 D/TunerNgbDealer( 2358): [TN_Thread-56]receiveNIEvent 0 tunerDes=[TunerDes@164ce9ee]isLock[false]isReserve[true]nHandle[0]moduleName[null]ni[org.davic.net.tuning.NetworkInterface@a1a4e8f]nic[org.ngb.broadcast.dvb.tuning.DvbNetworkInterfaceController@22bd351c]ds[[CableDeliverySystem@1544d8dd]freq[371000]fecOuter[0]modulation[3]symbolRate[6875]fecInner[0]]
01-01 08:00:33.061 E/HI_TUNER( 1581): [ERROR-HI_TUNER]:HI_UNF_TUNER_GetBER[4827]:SIGNAL DROP
01-01 08:00:33.062 E/HI_TUNER( 1581): [ERROR-HI_TUNER]:HI_UNF_TUNER_GetSNR[5131]:SIGNAL DROP
01-01 08:00:33.063 V/PT      ( 1581): >>INFO:rocme_porting_tuner_get_signal_info:u32SNR = 0x0,u32SignalStrength = 0x6
01-01 08:00:33.063 V/PT      ( 1581): >>INFO:rocme_porting_tuner_get_signal_info:base_integer = 0x0,base_decimal = 0x0,exponent = 0x7
01-01 08:00:33.064 V/SUMA    ( 1581): [resman-s][onTransact 1574]leave transact client pid = 2358
01-01 08:00:33.064 I/System.out( 2358): [DEBUG TunerInfo] integer :0
01-01 08:00:33.064 I/System.out( 2358): [DEBUG TunerInfo] berDecimal :0
01-01 08:00:33.064 I/System.out( 2358): [DEBUG TunerInfo] berExp :7
01-01 08:00:33.065 I/System.out( 2358): [DEBUG TunerInfo] get integer :0
01-01 08:00:33.065 I/System.out( 2358): [DEBUG TunerInfo] get berDecimal :0
01-01 08:00:33.065 I/System.out( 2358): [DEBUG TunerInfo] get berExp :7
01-01 08:00:33.080 D/Model   ( 2673): addProfilStandardTr135 ServiceListDatabaseUpdateUtils.updateDatabaseParam ------ 1
01-01 08:00:33.082 D/Model   ( 2673): addProfilStandardTr135 ServiceListDatabaseUpdateUtils.updateDatabaseParam ------ 2
01-01 08:00:33.101 I/Model   ( 2673): addProfilGDExt start getTunerState and index: 0
01-01 08:00:33.101 D/TunerNgbDealer( 2358): [TN_Binder_1]getTunerState 0 tunerDes=[TunerDes@164ce9ee]isLock[false]isReserve[true]nHandle[0]moduleName[null]ni[org.davic.net.tuning.NetworkInterface@a1a4e8f]nic[org.ngb.broadcast.dvb.tuning.DvbNetworkInterfaceController@22bd351c]ds[[CableDeliverySystem@1544d8dd]freq[371000]fecOuter[0]modulation[3]symbolRate[6875]fecInner[0]]
01-01 08:00:33.101 V/SUMA    ( 1581): [resman-s][onTransact 216]code[0x1200010b] client pid = 2358
01-01 08:00:33.103 E/HI_TUNER( 1581): [ERROR-HI_TUNER]:HI_UNF_TUNER_GetBER[4827]:SIGNAL DROP
01-01 08:00:33.104 E/HI_TUNER( 1581): [ERROR-HI_TUNER]:HI_UNF_TUNER_GetSNR[5131]:SIGNAL DROP
01-01 08:00:33.104 V/PT      ( 1581): >>INFO:rocme_porting_tuner_get_signal_info:u32SNR = 0x0,u32SignalStrength = 0x6
01-01 08:00:33.104 V/PT      ( 1581): >>INFO:rocme_porting_tuner_get_signal_info:base_integer = 0x0,base_decimal = 0x0,exponent = 0x7
01-01 08:00:33.105 V/SUMA    ( 1581): [resman-s][onTransact 1574]leave transact client pid = 2358
01-01 08:00:33.106 I/System.out( 2358): [DEBUG TunerInfo] integer :0
01-01 08:00:33.106 I/System.out( 2358): [DEBUG TunerInfo] berDecimal :0
01-01 08:00:33.106 I/System.out( 2358): [DEBUG TunerInfo] berExp :7
01-01 08:00:33.106 I/System.out( 2358): [DEBUG TunerInfo] get integer :0
01-01 08:00:33.106 I/System.out( 2358): [DEBUG TunerInfo] get berDecimal :0
01-01 08:00:33.106 I/System.out( 2358): [DEBUG TunerInfo] get berExp :7
01-01 08:00:33.114 I/UpdateRtParamter( 2673): start startup
01-01 08:00:33.140 D/PlayActivity( 2761): dealViewAnimation and view is :com.autolayout.AutoRelativeLayout{30532b86 V.E..... ......ID 905,0-1280,550 #7f0b01e5 app:id/playcontrol_message_adv}, oldState is :4, destiState is :0, isNeedAct is :false, type is :0
01-01 08:00:33.160 I/art     ( 2673): Explicit concurrent mark sweep GC freed 43(68KB) AllocSpace objects, 0(0B) LOS objects, 24% free, 3MB/5MB, paused 403us total 22.009ms
01-01 08:00:33.213 D/BackBootDealerNeimeng( 2358): standbyState:
01-01 08:00:33.213 E/NetUtils( 2018): Interface eth0 LinkDown!
01-01 08:00:33.539 I/Scheduler( 2673): startTR69 putDefaultParameter
01-01 08:00:33.539 D/Model   ( 2673): realtime= 37532 and realtimePropertieString= 40115 and realtimePropertie= 40115
01-01 08:00:33.539 D/Model   ( 2673): realtimeaaaaaaaaaaa
01-01 08:00:33.543 E/PropertiesReader( 2673): read unable to read config
01-01 08:00:33.543 D/Scheduler( 2673): startTR69 =======================
01-01 08:00:33.543 D/Scheduler( 2673): startTR69 Model is 
01-01 08:00:33.543 D/Scheduler( 2673): startTR69 =======================
01-01 08:00:33.543 I/Scheduler( 2673): GDInit
01-01 08:00:33.543 D/Model   ( 2673): initDeviceInfoValuestart
01-01 08:00:33.547 V/PT      ( 1581): >>INFO:rocme_porting_software_info:sw_info->sw_version=03.16.00.03 
01-01 08:00:33.548 I/System.out( 2673): [DEBUG StringUtil] init CHARSET_NAME=UTF-8,ANDROID_CHASET=GB18030,VERSION=22
01-01 08:00:33.549 V/PT      ( 1581): >>INFO:rocme_porting_software_info:sw_info->sw_version=03.16.00.03 
01-01 08:00:33.550 V/PT      ( 1581): >>INFO:rocme_porting_software_info:sw_info->sw_version=03.16.00.03 
01-01 08:00:33.550 V/PT      ( 1581): >>INFO:rocme_porting_software_info:sw_info->sw_version=03.16.00.03 
01-01 08:00:33.551 V/PT      ( 1581): >>INFO:rocme_porting_software_info:sw_info->sw_version=03.16.00.03 
01-01 08:00:33.551 D/PropManager( 2673): getBaseManager className=StbManager,pkgName=com.sumavision.admindm
01-01 08:00:33.553 D/PropManager( 2673): getBaseManager className=CaManager,pkgName=com.sumavision.admindm
01-01 08:00:33.554 D/CaNgbDealer( 2358): [TN_Binder_1]getCaCardInfo res=[I@29893088,isCache=false
01-01 08:00:33.554 V/SUMA    ( 2358): [cas-c][CA_Manager_GetManufactureInfoSync 2590]enter !!!
01-01 08:00:33.691 V/SUMA    ( 2358): [cas-c][CA_Manager_GetManufactureInfoSync 2604]leave !!!
01-01 08:00:33.691 D/CAManagerNative( 2358): getCardInfo.CA_Manager_GetManufactureInfoSync result=0
01-01 08:00:33.713 D/BackBootDealerNeimeng( 2358): standbyState:
01-01 08:00:33.714 E/NetUtils( 2018): Interface eth0 LinkDown!
01-01 08:00:33.978 D/CAManagerNative( 2358): getCardInfo.CA_Manager_GetMotherCardID result=0,motherCardID=0
01-01 08:00:33.978 V/SUMA    ( 2358): [cas-c][CA_Manager_GetAreaInfoSync 2565]enter !!!
01-01 08:00:34.088 D/WifiAdmin( 2693): [TN_main]dealWifiMsg action=android.net.wifi.LINK_CONFIGURATION_CHANGED,intent=Intent { act=android.net.wifi.LINK_CONFIGURATION_CHANGED flg=0x4000010 (has extras) }
01-01 08:00:34.089 D/WifiAdmin( 2485): [TN_main]dealWifiMsg action=android.net.wifi.LINK_CONFIGURATION_CHANGED,intent=Intent { act=android.net.wifi.LINK_CONFIGURATION_CHANGED flg=0x4000010 (has extras) }
01-01 08:00:34.095 D/ConnectivityService( 2018): notifyType IP_CHANGED for NetworkAgentInfo [WIFI () - 100]
01-01 08:00:34.097 D/ConnectivityManager.CallbackHandler( 2160): CM callback handler got msg 524295
01-01 08:00:34.214 D/BackBootDealerNeimeng( 2358): standbyState:
01-01 08:00:34.215 E/NetUtils( 2018): Interface eth0 LinkDown!
01-01 08:00:34.272 V/SUMA    ( 1581): >> [CA]rocme_porting_ca_get_area_info_suma: DVTCASTB_GetAreaInfo area_info->card_area = 0  
01-01 08:00:34.272 V/SUMA    ( 1581): >> [CA]rocme_porting_ca_get_area_info_suma: DVTCASTB_GetAreaInfo area_info->set_card_area_time = 1468306227  
01-01 08:00:34.272 V/SUMA    ( 1581): >> [CA]rocme_porting_ca_get_area_info_suma: DVTCASTB_GetAreaInfo area_info->start_flag = 0  
01-01 08:00:34.272 V/SUMA    ( 1581): >> [CA]rocme_porting_ca_get_area_info_suma: DVTCASTB_GetAreaInfo area_info->set_flag_time = 0  
01-01 08:00:34.273 V/SUMA    ( 2358): [cas-c][CA_Manager_GetAreaInfoSync 2580]leave !!!
01-01 08:00:34.273 D/CAManagerNative( 2358): getCardInfo.CA_Manager_GetAreaInfoSync result=0
01-01 08:00:34.273 D/CAManagerNative( 2358): getCardInfo card_area=0,card_area_time=0
01-01 08:00:34.273 V/SUMA    ( 2358): [cas-c][CA_Manager_GetCardLockStatus 989]enter !!!
01-01 08:00:34.291 V/SUMA    ( 2358): [cas-c][CA_Manager_GetCardLockStatus 1001]leave !!!
01-01 08:00:34.326 V/SUMA    ( 2358): [cas-c][CA_Manager_GetWatchRating 1547]leave !!!
01-01 08:00:34.326 D/CAManagerNative( 2358): CA watch TV ,The Min age is 18 
01-01 08:00:34.326 V/SUMA    ( 2358): [cas-c][CA_Manager_GetWorkTime 1481]leave !!!
01-01 08:00:34.326 I/System.out( 2358): [DEBUG CAWorkTime]  the param startHour is 0
01-01 08:00:34.326 I/System.out( 2358): [DEBUG CAWorkTime]  the param startMinute is 0
01-01 08:00:34.326 I/System.out( 2358): [DEBUG CAWorkTime]  the param endHour is 23
01-01 08:00:34.326 I/System.out( 2358): [DEBUG CAWorkTime]  the param endMinute is 59
01-01 08:00:34.328 D/Model   ( 2673): initDeviceInfoValue cardId:8150010653229443
01-01 08:00:34.330 V/PT      ( 1581): >>INFO:rocme_porting_software_info:sw_info->sw_version=03.16.00.03 
01-01 08:00:34.332 V/PT      ( 1581): >>INFO:rocme_porting_software_info:sw_info->sw_version=03.16.00.03 
01-01 08:00:34.335 V/PT      ( 1581): >>INFO:rocme_porting_software_info:sw_info->sw_version=03.16.00.03 
01-01 08:00:34.337 V/PT      ( 1581): >>INFO:rocme_porting_software_info:sw_info->sw_version=03.16.00.03 
01-01 08:00:34.337 D/Model   ( 2673): initDeviceInfoValue end
01-01 08:00:34.337 D/Model   ( 2673): initManagementServer start
01-01 08:00:34.338 D/Model   ( 2673): initManagementServer end
01-01 08:00:34.338 D/Model   ( 2673): initTMSServiceInfo start
01-01 08:00:34.350 D/Model   ( 2673): initTMSServiceInfo end
01-01 08:00:34.350 D/Model   ( 2673): initServiceStatus start
01-01 08:00:34.351 D/DlnaDataBase( 2358): [TN_Binder_3]doBoot time=38344
01-01 08:00:34.352 D/FileIOUtil( 2358): [TN_Binder_3]readContentFromFile file=/dvbdata/mainapp/dlna/head.dat,forceCreate=false,offset=0,len=-1
01-01 08:00:34.352 D/FileIOUtil( 2358): [TN_Binder_3]readContentFromFile isExist=false,isFile=false
01-01 08:00:34.352 D/DlnaDataBase( 2358): [TN_Binder_3]readHeader data=null
01-01 08:00:34.352 D/DataBase( 2358): [TN_Binder_3]getCurChannel index=0,lastChannelNum=2,database=com.suma.midware.back.database.DlnaDataBase@d634a21
01-01 08:00:34.352 D/DataBase( 2358): [TN_Binder_3]getCurChannel index=0,curChannel=null
01-01 08:00:34.353 D/Model   ( 2673): initServiceStatus end
01-01 08:00:34.353 D/Scheduler( 2673): startTR69 ===========================
01-01 08:00:34.353 D/Scheduler( 2673): startTR69 Model is after restore data
01-01 08:00:34.353 D/Scheduler( 2673): startTR69 ===========================
01-01 08:00:34.353 D/Scheduler( 2673): Device.ManagementServer.PeriodicInformEnable :true
01-01 08:00:34.353 D/TR69Session GetParameterValues( 2673): getTextValue start [Device.ManagementServer.ConnectionRequestURL] and getter: com.sumavision.e.a.dg@2b462e16
01-01 08:00:34.354 D/ManagementServer( 2673): key:ConnectionRequestURL
01-01 08:00:34.354 D/GwClientType( 2673): getClientType CM_GW
01-01 08:00:34.356 D/GwUtils ( 2673): getWanIp start1111
01-01 08:00:34.356 D/GwUtils ( 2673): getWanIp ethName:eth0
01-01 08:00:34.356 D/GwUtils ( 2673): getWanIp wlanName:wlan0
01-01 08:00:34.356 D/GwUtils ( 2673): getWanIp pppoeName:ppp0
01-01 08:00:34.361 D/GwUtils ( 2673): getWanIpFromEthName addr.getHostAddress()2:fe80::e62:a6ff:fe0c:fb2%wlan0
01-01 08:00:34.361 D/GwUtils ( 2673): getWanIpFromEthName addr.getHostAddress()2:192.168.31.115
01-01 08:00:34.362 D/GwUtils ( 2673): getWanIpFromEthName addr.getHostAddress()2:::1%1
01-01 08:00:34.362 D/GwUtils ( 2673): getWanIpFromEthName addr.getHostAddress()2:127.0.0.1
01-01 08:00:34.362 D/GwUtils ( 2673): getWanIp ipRes1:
01-01 08:00:34.365 D/GwUtils ( 2673): getWanIpFromEthName addr.getHostAddress()2:fe80::e62:a6ff:fe0c:fb2%wlan0
01-01 08:00:34.365 D/GwUtils ( 2673): getWanIpFromEthName addr.getHostAddress()2:192.168.31.115
01-01 08:00:34.365 D/GwUtils ( 2673): getWanIpFromEthName addr.getHostAddress()2:::1%1
01-01 08:00:34.365 D/GwUtils ( 2673): getWanIpFromEthName addr.getHostAddress()2:127.0.0.1
01-01 08:00:34.366 D/GwUtils ( 2673): getWanIpFromEthName list ---------------------eth0
01-01 08:00:34.366 D/GwUtils ( 2673): getWanIp ipRes2:
01-01 08:00:34.369 D/GwUtils ( 2673): getWanIpFromEthName list ---------------------wlan0
01-01 08:00:34.369 D/GwUtils ( 2673): getWanIpFromEthName request ip = fe80::e62:a6ff:fe0c:fb2%wlan0
01-01 08:00:34.369 D/GwUtils ( 2673): addr.getHostAddress():fe80::e62:a6ff:fe0c:fb2%wlan0
01-01 08:00:34.370 D/GwUtils ( 2673): getWanIpFromEthName request ip = 192.168.31.115
01-01 08:00:34.370 D/GwUtils ( 2673): getWanIpFromEthName request ip:192.168.31.115
01-01 08:00:34.370 D/GwUtils ( 2673): getWanIp ipRes3:192.168.31.115
01-01 08:00:34.370 D/TR69Session GetParameterValues( 2673): getTextValue end
01-01 08:00:34.370 I/Scheduler( 2673): startTR69 ConnectionRequestURL===========http://192.168.31.115:16001/cpe
01-01 08:00:34.370 I/Scheduler( 2673): startTR69 ConnectionRequestURL===========http://tvos-tms.96066.com
01-01 08:00:34.371 I/Scheduler( 2673): startTR69 Begin periodic inform...
01-01 08:00:34.371 D/ScheduleInform( 2673): computeNextOccurenceDelay initialTime = 0
01-01 08:00:34.371 D/ScheduleInform( 2673): computeNextOccurenceDelay next = 300000
01-01 08:00:34.371 D/ScheduleInform( 2673): computeNextOccurenceDelay currentTime = 1420070434371
01-01 08:00:34.371 D/ScheduleInform( 2673): computeNextOccurenceDelay initialTime < currentTime
01-01 08:00:34.371 D/ScheduleInform( 2673): createTask CREATE TASK delay is 300000
01-01 08:00:34.374 I/Com     ( 2673): run server COM is running...
01-01 08:00:34.375 I/Com     ( 2673): run new connect
01-01 08:00:34.375 D/TR69Session GetParameterValues( 2673): getTextValue start [Device.ManagementServer.ConnectionRequestURL] and getter: com.sumavision.e.a.dg@2b462e16
01-01 08:00:34.375 D/ManagementServer( 2673): key:ConnectionRequestURL
01-01 08:00:34.375 I/HttpServer( 2673): getURL get wan.ip :
01-01 08:00:34.375 D/GwClientType( 2673): getClientType CM_GW
01-01 08:00:34.375 I/HttpServer( 2673): run HttpServer url is :http://:16001/cpe
01-01 08:00:34.375 D/GwUtils ( 2673): getWanIp start1111
01-01 08:00:34.375 D/GwUtils ( 2673): getWanIp ethName:eth0
01-01 08:00:34.375 D/GwUtils ( 2673): getWanIp wlanName:wlan0
01-01 08:00:34.375 D/GwUtils ( 2673): getWanIp pppoeName:ppp0
01-01 08:00:34.376 I/HttpServer( 2673): getURL get wan.ip :
01-01 08:00:34.376 I/HttpServer( 2673): run TCPServer Waiting for client on+http://:16001/cpe
01-01 08:00:34.378 D/GwUtils ( 2673): getWanIpFromEthName addr.getHostAddress()2:fe80::e62:a6ff:fe0c:fb2%wlan0
01-01 08:00:34.378 D/GwUtils ( 2673): getWanIpFromEthName addr.getHostAddress()2:192.168.31.115
01-01 08:00:34.378 D/GwUtils ( 2673): getWanIpFromEthName addr.getHostAddress()2:::1%1
01-01 08:00:34.378 D/GwUtils ( 2673): getWanIpFromEthName addr.getHostAddress()2:127.0.0.1
01-01 08:00:34.378 D/GwUtils ( 2673): getWanIp ipRes1:
01-01 08:00:34.380 D/GwUtils ( 2673): getWanIpFromEthName addr.getHostAddress()2:fe80::e62:a6ff:fe0c:fb2%wlan0
01-01 08:00:34.380 D/GwUtils ( 2673): getWanIpFromEthName addr.getHostAddress()2:192.168.31.115
01-01 08:00:34.380 D/GwUtils ( 2673): getWanIpFromEthName addr.getHostAddress()2:::1%1
01-01 08:00:34.380 D/GwUtils ( 2673): getWanIpFromEthName addr.getHostAddress()2:127.0.0.1
01-01 08:00:34.380 D/GwUtils ( 2673): getWanIpFromEthName list ---------------------eth0
01-01 08:00:34.380 D/GwUtils ( 2673): getWanIp ipRes2:
01-01 08:00:34.383 D/GwUtils ( 2673): getWanIpFromEthName list ---------------------wlan0
01-01 08:00:34.383 D/GwUtils ( 2673): getWanIpFromEthName request ip = fe80::e62:a6ff:fe0c:fb2%wlan0
01-01 08:00:34.383 D/GwUtils ( 2673): addr.getHostAddress():fe80::e62:a6ff:fe0c:fb2%wlan0
01-01 08:00:34.383 D/GwUtils ( 2673): getWanIpFromEthName request ip = 192.168.31.115
01-01 08:00:34.383 D/GwUtils ( 2673): getWanIpFromEthName request ip:192.168.31.115
01-01 08:00:34.383 D/GwUtils ( 2673): getWanIp ipRes3:192.168.31.115
01-01 08:00:34.383 D/TR69Session GetParameterValues( 2673): getTextValue end
01-01 08:00:34.383 I/Com     ( 2673): run comcomcom===============http://192.168.31.115:16001/cpe
01-01 08:00:34.384 I/TR69Session( 2673): TR69Session create TR69Session with retry0
01-01 08:00:34.384 I/TR69Session( 2673): run create session
01-01 08:00:34.384 I/TR69Session( 2673): run Open session on ACS: http://tvos-tms.96066.com
01-01 08:00:34.384 I/TR69Session( 2673): run  and serverURL:http://tvos-tms.96066.com
01-01 08:00:34.384 I/TR69Session( 2673): run event number = 1
01-01 08:00:34.384 D/TR69Session( 2673): run TR069 SESSION CPE ------ 1 parameterData.getEventsArray().length = 1
01-01 08:00:34.385 D/TR69Session( 2673): run TR069 SESSION CPE ------ 2
01-01 08:00:34.385 D/Inform  ( 2673): perform start perform ------ 1
01-01 08:00:34.387 I/TR69Session( 2673): doSoapRequest start
01-01 08:00:34.388 I/TR69Session( 2673): doRequest TR069Session doRequest ------ 1
01-01 08:00:34.388 I/TR69Session( 2673): doRequest serverURL==============http://tvos-tms.96066.com
01-01 08:00:34.391 I/TR69Session( 2673): setHeaders No sessionID is present when sending msg
01-01 08:00:34.638 D/TaskPersister( 2018): removeObsoleteFile: deleting file=500_task.xml
01-01 08:00:34.638 D/TaskPersister( 2018): removeObsoleteFile: deleting file=500_task_thumbnail.png
01-01 08:00:34.715 D/BackBootDealerNeimeng( 2358): standbyState:
01-01 08:00:34.716 E/NetUtils( 2018): Interface eth0 LinkDown!
01-01 08:00:34.842 D/PropManager( 2761): [TN_main]getBaseManager className=IvideoManager,pkgName=com.suma.midware.dvb
01-01 08:00:34.849 D/IVideoHandler( 2358): [TN_Binder_1]addIvideoListener binder=android.os.BinderProxy@2a62ce46
01-01 08:00:34.850 D/IvideoBaseDealer( 2358): [TN_Binder_3]startDirect state=1
01-01 08:00:34.852 E/IvideoConfig( 2358): getLocationMap locations null
01-01 08:00:34.853 D/IvideoReqCmd( 2358): [TN_ThreadUtil-15]getHttpgetTask url=http://ipvod-portal.96066.com:8030/PortalServer-App/new/ptl_ipvp_cmn_cmn006?ptype=8&plocation=&puser=&ptoken=00000000000000000000000000000000&pversion=040101&pserverAddress=http://ipvod-portal.96066.com:8030/PortalServer-App/&pserialNumber=15510217310112851&locationID=
01-01 08:00:34.854 D/LoadHttpHandler( 2358): [TN_ThreadUtil-15]doNormal proxyConfig=null
01-01 08:00:34.886 E/LoadHttpHandler( 2358): [TN_ThreadUtil-15]doNormal illegal url=http://ipvod-portal.96066.com:8030/PortalServer-App/new/ptl_ipvp_cmn_cmn006?ptype=8&plocation=&puser=&ptoken=00000000000000000000000000000000&pversion=040101&pserverAddress=http://ipvod-portal.96066.com:8030/PortalServer-App/&pserialNumber=15510217310112851&locationID=,exceptionName=java.net.UnknownHostException
01-01 08:00:34.886 W/System.err( 2358): java.net.UnknownHostException: Unable to resolve host "ipvod-portal.96066.com": No address associated with hostname
01-01 08:00:34.887 W/System.err( 2358): 	at java.net.InetAddress.lookupHostByName(InetAddress.java:457)
01-01 08:00:34.887 W/System.err( 2358): 	at java.net.InetAddress.getAllByNameImpl(InetAddress.java:252)
01-01 08:00:34.887 W/System.err( 2358): 	at java.net.InetAddress.getAllByName(InetAddress.java:215)
01-01 08:00:34.887 W/System.err( 2358): 	at com.android.okhttp.HostResolver$1.getAllByName(HostResolver.java:29)
01-01 08:00:34.887 W/System.err( 2358): 	at com.android.okhttp.internal.http.RouteSelector.resetNextInetSocketAddress(RouteSelector.java:232)
01-01 08:00:34.887 W/System.err( 2358): 	at com.android.okhttp.internal.http.RouteSelector.next(RouteSelector.java:124)
01-01 08:00:34.887 W/System.err( 2358): 	at com.android.okhttp.internal.http.HttpEngine.connect(HttpEngine.java:272)
01-01 08:00:34.887 W/System.err( 2358): 	at com.android.okhttp.internal.http.HttpEngine.sendRequest(HttpEngine.java:211)
01-01 08:00:34.887 W/System.err( 2358): 	at com.android.okhttp.internal.http.HttpURLConnectionImpl.execute(HttpURLConnectionImpl.java:382)
01-01 08:00:34.887 W/System.err( 2358): 	at com.android.okhttp.internal.http.HttpURLConnectionImpl.connect(HttpURLConnectionImpl.java:106)
01-01 08:00:34.887 W/System.err( 2358): 	at com.suma.midware.prop.download.LoadHttpHandler.c(Unknown Source)
01-01 08:00:34.887 W/System.err( 2358): 	at com.suma.midware.prop.download.LoadHttpHandler.a(Unknown Source)
01-01 08:00:34.887 W/System.err( 2358): 	at com.suma.midware.prop.download.b.a(Unknown Source)
01-01 08:00:34.887 W/System.err( 2358): 	at com.suma.midware.prop.ivideo.a.d.a(Unknown Source)
01-01 08:00:34.887 W/System.err( 2358): 	at com.suma.midware.prop.ivideo.a.b.b(Unknown Source)
01-01 08:00:34.887 W/System.err( 2358): 	at com.suma.midware.back.ivideo.neimeng.IvideoDealerNeimeng.a(Unknown Source)
01-01 08:00:34.888 W/System.err( 2358): 	at com.suma.midware.back.ivideo.neimeng.IvideoDealerNeimeng.e(Unknown Source)
01-01 08:00:34.888 W/System.err( 2358): 	at com.suma.midware.back.ivideo.e.run(Unknown Source)
01-01 08:00:34.888 W/System.err( 2358): 	at com.suma.midware.prop.util.c.run(Unknown Source)
01-01 08:00:34.888 W/System.err( 2358): 	at java.lang.Thread.run(Thread.java:818)
01-01 08:00:34.888 W/System.err( 2358): Caused by: android.system.GaiException: android_getaddrinfo failed: EAI_NODATA (No address associated with hostname)
01-01 08:00:34.888 W/System.err( 2358): 	at libcore.io.Posix.android_getaddrinfo(Native Method)
01-01 08:00:34.889 W/System.err( 2358): 	at libcore.io.ForwardingOs.android_getaddrinfo(ForwardingOs.java:55)
01-01 08:00:34.889 W/System.err( 2358): 	at java.net.InetAddress.lookupHostByName(InetAddress.java:438)
01-01 08:00:34.889 W/System.err( 2358): 	... 19 more
01-01 08:00:34.889 E/IvideoReqCmd( 2358): [TN_ThreadUtil-15]startIvideoReq httpTask download failed
01-01 08:00:34.891 E/IvideoConfig( 2358): getLocationMap locations null
01-01 08:00:34.892 D/IvideoReqCmd( 2358): [TN_ThreadUtil-15]getHttpgetTask url=http://ipvod-portal.96066.com:8030/PortalServer-App/new/ptl_ipvp_cmn_cmn007?ptype=8&plocation=&puser=&ptoken=00000000000000000000000000000000&pversion=040101&pserverAddress=http://ipvod-portal.96066.com:8030/PortalServer-App/&pserialNumber=15510217310112851&dateFormat=yyyyMMddHHmmss
01-01 08:00:34.893 D/LoadHttpHandler( 2358): [TN_ThreadUtil-15]doNormal proxyConfig=null
01-01 08:00:34.894 E/LoadHttpHandler( 2358): [TN_ThreadUtil-15]doNormal illegal url=http://ipvod-portal.96066.com:8030/PortalServer-App/new/ptl_ipvp_cmn_cmn007?ptype=8&plocation=&puser=&ptoken=00000000000000000000000000000000&pversion=040101&pserverAddress=http://ipvod-portal.96066.com:8030/PortalServer-App/&pserialNumber=15510217310112851&dateFormat=yyyyMMddHHmmss,exceptionName=java.net.UnknownHostException
01-01 08:00:34.894 W/System.err( 2358): java.net.UnknownHostException: Unable to resolve host "ipvod-portal.96066.com": No address associated with hostname
01-01 08:00:34.894 W/System.err( 2358): 	at java.net.InetAddress.lookupHostByName(InetAddress.java:427)
01-01 08:00:34.894 W/System.err( 2358): 	at java.net.InetAddress.getAllByNameImpl(InetAddress.java:252)
01-01 08:00:34.894 W/System.err( 2358): 	at java.net.InetAddress.getAllByName(InetAddress.java:215)
01-01 08:00:34.894 W/System.err( 2358): 	at com.android.okhttp.HostResolver$1.getAllByName(HostResolver.java:29)
01-01 08:00:34.894 W/System.err( 2358): 	at com.android.okhttp.internal.http.RouteSelector.resetNextInetSocketAddress(RouteSelector.java:232)
01-01 08:00:34.894 W/System.err( 2358): 	at com.android.okhttp.internal.http.RouteSelector.next(RouteSelector.java:124)
01-01 08:00:34.894 W/System.err( 2358): 	at com.android.okhttp.internal.http.HttpEngine.connect(HttpEngine.java:272)
01-01 08:00:34.894 W/System.err( 2358): 	at com.android.okhttp.internal.http.HttpEngine.sendRequest(HttpEngine.java:211)
01-01 08:00:34.894 W/System.err( 2358): 	at com.android.okhttp.internal.http.HttpURLConnectionImpl.execute(HttpURLConnectionImpl.java:382)
01-01 08:00:34.894 W/System.err( 2358): 	at com.android.okhttp.internal.http.HttpURLConnectionImpl.connect(HttpURLConnectionImpl.java:106)
01-01 08:00:34.894 W/System.err( 2358): 	at com.suma.midware.prop.download.LoadHttpHandler.c(Unknown Source)
01-01 08:00:34.894 W/System.err( 2358): 	at com.suma.midware.prop.download.LoadHttpHandler.a(Unknown Source)
01-01 08:00:34.894 W/System.err( 2358): 	at com.suma.midware.prop.download.b.a(Unknown Source)
01-01 08:00:34.894 W/System.err( 2358): 	at com.suma.midware.prop.ivideo.a.d.a(Unknown Source)
01-01 08:00:34.894 W/System.err( 2358): 	at com.suma.midware.prop.ivideo.a.b.d(Unknown Source)
01-01 08:00:34.894 W/System.err( 2358): 	at com.suma.midware.back.ivideo.neimeng.IvideoDealerNeimeng.b(Unknown Source)
01-01 08:00:34.894 W/System.err( 2358): 	at com.suma.midware.back.ivideo.neimeng.IvideoDealerNeimeng.e(Unknown Source)
01-01 08:00:34.894 W/System.err( 2358): 	at com.suma.midware.back.ivideo.e.run(Unknown Source)
01-01 08:00:34.894 W/System.err( 2358): 	at com.suma.midware.prop.util.c.run(Unknown Source)
01-01 08:00:34.894 W/System.err( 2358): 	at java.lang.Thread.run(Thread.java:818)
01-01 08:00:34.894 E/IvideoReqCmd( 2358): [TN_ThreadUtil-15]startIvideoReq httpTask download failed
01-01 08:00:34.894 E/IvideoConfig( 2358): getLocationMap locations null
01-01 08:00:34.895 D/IvideoReqCmd( 2358): [TN_ThreadUtil-15]getHttpgetTask url=http://ipvod-portal.96066.com:8030/PortalServer-App/new/ptl_ipvp_cmn_cmn004?ptype=8&plocation=&puser=&ptoken=00000000000000000000000000000000&pversion=040101&pserverAddress=http://ipvod-portal.96066.com:8030/PortalServer-App/&pserialNumber=15510217310112851&what=0
01-01 08:00:34.895 D/LoadHttpHandler( 2358): [TN_ThreadUtil-15]doNormal proxyConfig=null
01-01 08:00:34.896 E/LoadHttpHandler( 2358): [TN_ThreadUtil-15]doNormal illegal url=http://ipvod-portal.96066.com:8030/PortalServer-App/new/ptl_ipvp_cmn_cmn004?ptype=8&plocation=&puser=&ptoken=00000000000000000000000000000000&pversion=040101&pserverAddress=http://ipvod-portal.96066.com:8030/PortalServer-App/&pserialNumber=15510217310112851&what=0,exceptionName=java.net.UnknownHostException
01-01 08:00:34.896 W/System.err( 2358): java.net.UnknownHostException: Unable to resolve host "ipvod-portal.96066.com": No address associated with hostname
