11-07 09:45:25.395 E/WifiAutoJoinController ( 2018): attemptAutoJoin networkSwitching candidate "GDWL"WPA_PSK with current "Xiaomi_D52C"WPA_PSK linked=false : delta=-44  -> not switching
11-07 09:45:25.395 E/WifiAutoJoinController ( 2018): attemptRoam: "Xiaomi_D52C"WPA_PSK Found 78:11:dc:10:d5:2d rssi=-20 freq=2442 Current: 78:11:dc:10:d5:2d
11-07 09:45:25.395 E/WifiAutoJoinController ( 2018): Done attemptAutoJoin status=0
11-07 09:45:25.397 D/WifiAdmin( 2693): [TN_main]dealWifiMsg action=android.net.wifi.SCAN_RESULTS,intent=Intent { act=android.net.wifi.SCAN_RESULTS flg=0x4000010 }
11-07 09:45:25.397 D/WifiAdmin( 2485): [TN_main]dealWifiMsg action=android.net.wifi.SCAN_RESULTS,intent=Intent { act=android.net.wifi.SCAN_RESULTS flg=0x4000010 }
11-07 09:45:25.560 D/BasicFigure( 2485): [TN_GLThread 73]isDrawFocused relyElement=[BaseElement@346a37d9]focusScale[1.15]elementAlpha[-1.0]refectAlpha[-1.0]isFocusAble[true]shadowIndex[-1]autoJumpType[-1]uniqueID[54resSize0]rect[NULL]
11-07 09:45:25.560 D/BasicFigure( 2485): [TN_GLThread 73]isDrawFocused basicFigure=com.suma.midware.view.b.c.c@3914159e
11-07 09:45:25.572 D/BackBootDealerNeimeng( 2358): standbyState:
11-07 09:45:25.572 E/NetUtils( 2018): Interface eth0 LinkDown!
11-07 09:45:26.073 D/BackBootDealerNeimeng( 2358): standbyState:
11-07 09:45:26.074 E/NetUtils( 2018): Interface eth0 LinkDown!
11-07 09:45:26.574 D/BackBootDealerNeimeng( 2358): standbyState:
11-07 09:45:26.575 E/NetUtils( 2018): Interface eth0 LinkDown!
11-07 09:45:26.594 D/BasicFigure( 2485): [TN_GLThread 73]isDrawFocused relyElement=[BaseElement@346a37d9]focusScale[1.15]elementAlpha[-1.0]refectAlpha[-1.0]isFocusAble[true]shadowIndex[-1]autoJumpType[-1]uniqueID[54resSize0]rect[NULL]
11-07 09:45:26.594 D/BasicFigure( 2485): [TN_GLThread 73]isDrawFocused basicFigure=com.suma.midware.view.b.c.c@3914159e
11-07 09:45:27.076 D/BackBootDealerNeimeng( 2358): standbyState:
11-07 09:45:27.076 E/NetUtils( 2018): Interface eth0 LinkDown!
11-07 09:45:27.577 D/BackBootDealerNeimeng( 2358): standbyState:
11-07 09:45:27.577 E/NetUtils( 2018): Interface eth0 LinkDown!
11-07 09:45:27.628 D/BasicFigure( 2485): [TN_GLThread 73]isDrawFocused relyElement=[BaseElement@346a37d9]focusScale[1.15]elementAlpha[-1.0]refectAlpha[-1.0]isFocusAble[true]shadowIndex[-1]autoJumpType[-1]uniqueID[54resSize0]rect[NULL]
11-07 09:45:27.628 D/BasicFigure( 2485): [TN_GLThread 73]isDrawFocused basicFigure=com.suma.midware.view.b.c.c@3914159e
11-07 09:45:28.078 D/BackBootDealerNeimeng( 2358): standbyState:
11-07 09:45:28.079 E/NetUtils( 2018): Interface eth0 LinkDown!
11-07 09:45:28.579 D/BackBootDealerNeimeng( 2358): standbyState:
11-07 09:45:28.580 E/NetUtils( 2018): Interface eth0 LinkDown!
11-07 09:45:28.654 D/BasicFigure( 2485): [TN_GLThread 73]isDrawFocused relyElement=[BaseElement@346a37d9]focusScale[1.15]elementAlpha[-1.0]refectAlpha[-1.0]isFocusAble[true]shadowIndex[-1]autoJumpType[-1]uniqueID[54resSize0]rect[NULL]
11-07 09:45:28.654 D/BasicFigure( 2485): [TN_GLThread 73]isDrawFocused basicFigure=com.suma.midware.view.b.c.c@3914159e
11-07 09:45:29.080 D/BackBootDealerNeimeng( 2358): standbyState:
11-07 09:45:29.081 E/NetUtils( 2018): Interface eth0 LinkDown!
11-07 09:45:29.582 D/BackBootDealerNeimeng( 2358): standbyState:
11-07 09:45:29.583 E/NetUtils( 2018): Interface eth0 LinkDown!
11-07 09:45:29.678 D/BasicFigure( 2485): [TN_GLThread 73]isDrawFocused relyElement=[BaseElement@346a37d9]focusScale[1.15]elementAlpha[-1.0]refectAlpha[-1.0]isFocusAble[true]shadowIndex[-1]autoJumpType[-1]uniqueID[54resSize0]rect[NULL]
11-07 09:45:29.678 D/BasicFigure( 2485): [TN_GLThread 73]isDrawFocused basicFigure=com.suma.midware.view.b.c.c@3914159e
11-07 09:45:30.083 D/BackBootDealerNeimeng( 2358): standbyState:
11-07 09:45:30.084 E/NetUtils( 2018): Interface eth0 LinkDown!
11-07 09:45:30.354 V/PT      ( 1581): >>INFO:irkey_task:[     103.637719] /dev/input/event0: type=0001 code=0067 val=00000001
11-07 09:45:30.354 V/PT      ( 1581): >>INFO:irkey_send:0x3001 0x0026 down
11-07 09:45:30.354 V/SUMA    ( 1581): ++++++++++++++  _roc_evtmgr_key_cbk 517:input = 12289, event=38, act=0x100
11-07 09:45:30.354 V/SUMA    ( 1581): lxm:_roc_evtmgr_key_cbk 519 103638
11-07 09:45:30.354 V/SUMA    ( 1581): lxm:_roc_evtmgr_add_evt_into_queue 347 103638
11-07 09:45:30.354 V/SUMA    ( 1581): ===================>> type=0 src=0 evt=38 act=0x100
11-07 09:45:30.354 V/PT      ( 1581): >>INFO:irkey_task:[     103.637719] /dev/input/event0: type=0000 code=0000 val=00000000
11-07 09:45:30.354 V/SUMA    ( 1581): [sysset-s][event_manager_cbk 78]lxm cbid=1, cbk_reg=1, cpid=2445
11-07 09:45:30.354 D/ir_user ( 1589): PlayerTimeLineTrace:linux_keycode:0x67(DOWN),	protocol: .
11-07 09:45:30.354 D/NGBEvent( 2445): ngbEventCallBack type:0 source :38
11-07 09:45:30.355 D/NGBEvent( 2445): [NGBEventManager-JNI]-returning:1
11-07 09:45:30.355 D/NGBEvent( 2445): Input key event: keyCode=38
11-07 09:45:30.355 D/NGBEvent( 2445): src:38 = dest:38
11-07 09:45:30.355 I/System.out( 2445): [DEBUG EventManager] LWJ--Add event to java with evt=NgbEvent-[type = 1, subtype = 401, code = 38]
11-07 09:45:30.355 D/NGBEvent( 2445): [NGBEvent_log]--[EventManager--JNI]:		start
11-07 09:45:30.355 I/System.out( 2445): [DEBUG EventManager] broadcastEvent  :len 1
11-07 09:45:30.355 D/CombineKeyUtil( 2445): [TN_pool-1-thread-1]dealKeyEvent,combineIndex:-1:keyCode:19
11-07 09:45:30.355 D/KeyEventNgbDealer( 2445): [TN_pool-1-thread-1]handleKeyPressed keyEvent=NgbEvent-[type = 1, subtype = 401, code = 38],time=103639
11-07 09:45:30.357 D/RemoteIME( 2317): onKeyDown event = KeyEvent { action=ACTION_DOWN, keyCode=KEYCODE_DPAD_UP, scanCode=103, metaState=0, flags=0x8, repeatCount=0, eventTime=103637, downTime=103637, deviceId=3, source=0x701 },mSkbContainer=null
11-07 09:45:30.358 D/Main3DActivity( 2485): [TN_main]dispatchKeyEvent event=KeyEvent { action=ACTION_DOWN, keyCode=KEYCODE_DPAD_UP, scanCode=103, metaState=0, flags=0x8, repeatCount=0, eventTime=103637, downTime=103637, deviceId=3, source=0x701 },isEventAble=true
11-07 09:45:30.358 D/BasicRootView( 2485): [TN_main]dispatchKeyEvent event=KeyEvent { action=ACTION_DOWN, keyCode=KEYCODE_DPAD_UP, scanCode=103, metaState=0, flags=0x8, repeatCount=0, eventTime=103637, downTime=103637, deviceId=3, source=0x701 },curRootPanel=com.suma.midware.home.third.a.a@25f7f74e
11-07 09:45:30.358 D/GLRootRenderer( 2485): dispatchKeyEvent event:KeyEvent { action=ACTION_DOWN, keyCode=KEYCODE_DPAD_UP, scanCode=103, metaState=0, flags=0x8, repeatCount=0, eventTime=103637, downTime=103637, deviceId=3, source=0x701 }:lastKeyCode:-1:lastKeyAction:-1:lastkeycount:0:size:0
11-07 09:45:30.359 D/Scene   ( 2485): dispatchKeyEvent event:KeyEvent { action=ACTION_DOWN, keyCode=KEYCODE_DPAD_UP, scanCode=103, metaState=0, flags=0x8, repeatCount=0, eventTime=103637, downTime=103637, deviceId=3, source=0x701 }
11-07 09:45:30.359 D/Scene   ( 2485): dispatchKeyEvent currentFocus = com.suma.midware.view.b.c.p@2935fc84
11-07 09:45:30.359 D/Scene   ( 2485): dispatchKeyEvent nextFocus:null
11-07 09:45:30.359 D/BasicFigure( 2485): [TN_GLThread 73]dealKeyEvent event=KeyEvent { action=ACTION_DOWN, keyCode=KEYCODE_DPAD_UP, scanCode=103, metaState=0, flags=0x8, repeatCount=0, eventTime=103637, downTime=103637, deviceId=3, source=0x701 }
11-07 09:45:30.361 D/MenuUtil( 2485): [TN_GLThread 73]searchVerticalFigure x=88.0000,y=220.000,width=646.000,height=363.000,excludeObj=com.suma.midware.view.b.c.p@2935fc84
11-07 09:45:30.362 D/MenuUtil( 2485): [TN_GLThread 73]isAbove y1=105.000,y2=220.000,cube1=890.0,110.0,1.0,cube2=646.0,363.0,1.0,obj3d1=com.suma.midware.view.b.d.b@27f990b3,obj3d2=com.suma.midware.view.b.c.p@2935fc84
11-07 09:45:30.363 D/MenuUtil( 2485): [TN_GLThread 73]isAbove y1=105.000,y2=105.000,cube1=890.0,110.0,1.0,cube2=890.0,110.0,1.0,obj3d1=com.suma.midware.view.b.d.b@27f990b3,obj3d2=com.suma.midware.view.b.d.b@27f990b3
11-07 09:45:30.363 D/BasicFigure( 2485): [TN_GLThread 73]onFocusLost figure=com.suma.midware.view.b.c.p@2935fc84
11-07 09:45:30.363 W/BasicRootPanel( 2485): [TN_GLThread 73]switchPanelLight lightFigure null
11-07 09:45:30.363 D/BasicColumn( 2485): [TN_GLThread 73]onFocus isFocus=true,index=0,nextIndex=-1
11-07 09:45:30.363 D/FixedRes( 2485): [TN_GLThread 73]getNineImgRes nineImgSize=2
11-07 09:45:30.364 D/BasicColumn( 2485): [TN_GLThread 73]moveFocus xOffset=151.000,yOffset=139.000
11-07 09:45:30.364 D/BasicColumn( 2485): [TN_GLThread 73]moveFocus width=267.000,height=199.000,curCube=116.0,60.0,1.0,curPosition=-387.0,10.0,0.0,focusScale=1.0,1.0,1.0
11-07 09:45:30.369 D/BasicFigure( 2485): [TN_GLThread 73]isDrawFocused relyElement=[BaseElement@346a37d9]focusScale[1.15]elementAlpha[-1.0]refectAlpha[-1.0]isFocusAble[true]shadowIndex[-1]autoJumpType[-1]uniqueID[54resSize0]rect[NULL]
11-07 09:45:30.369 D/BasicFigure( 2485): [TN_GLThread 73]isDrawFocused basicFigure=com.suma.midware.view.b.c.c@3914159e
11-07 09:45:30.377 D/TextureManager( 2485): loadTexture name:column_focus:textureID:168:recordSize:null
11-07 09:45:30.386 D/BasicFigure( 2485): [TN_GLThread 73]isDrawFocused relyElement=[BaseElement@346a37d9]focusScale[1.15]elementAlpha[-1.0]refectAlpha[-1.0]isFocusAble[true]shadowIndex[-1]autoJumpType[-1]uniqueID[54resSize0]rect[NULL]
11-07 09:45:30.387 D/BasicFigure( 2485): [TN_GLThread 73]isDrawFocused basicFigure=com.suma.midware.view.b.c.c@3914159e
11-07 09:45:30.563 V/PT      ( 1581): >>INFO:irkey_task:[     103.847133] /dev/input/event0: type=0001 code=0067 val=00000000
11-07 09:45:30.563 D/ir_user ( 1589): PlayerTimeLineTrace:linux_keycode:0x67(UP),	protocol: .
11-07 09:45:30.563 V/PT      ( 1581): >>INFO:irkey_send:0x3001 0x0026 up  
11-07 09:45:30.563 V/SUMA    ( 1581): ++++++++++++++  _roc_evtmgr_key_cbk 517:input = 12289, event=38, act=0x400
11-07 09:45:30.563 V/SUMA    ( 1581): lxm:_roc_evtmgr_key_cbk 519 103847
11-07 09:45:30.563 V/SUMA    ( 1581): lxm:_roc_evtmgr_add_key_into_queue 311 103847
11-07 09:45:30.563 V/PT      ( 1581): >>INFO:irkey_task:[     103.847133] /dev/input/event0: type=0000 code=0000 val=00000000
11-07 09:45:30.564 V/SUMA    ( 1581): ===================>> type=0 src=0 evt=38 act=0x400
11-07 09:45:30.564 V/SUMA    ( 1581): [sysset-s][event_manager_cbk 78]lxm cbid=1, cbk_reg=1, cpid=2445
11-07 09:45:30.564 D/NGBEvent( 2445): ngbEventCallBack type:0 source :38
11-07 09:45:30.564 D/NGBEvent( 2445): [NGBEventManager-JNI]-returning:1
11-07 09:45:30.564 D/NGBEvent( 2445): Input key event: keyCode=38
11-07 09:45:30.564 D/NGBEvent( 2445): src:38 = dest:38
11-07 09:45:30.564 I/System.out( 2445): [DEBUG EventManager] LWJ--Add event to java with evt=NgbEvent-[type = 1, subtype = 402, code = 38]
11-07 09:45:30.564 D/NGBEvent( 2445): [NGBEvent_log]--[EventManager--JNI]:		start
11-07 09:45:30.565 I/System.out( 2445): [DEBUG EventManager] broadcastEvent  :len 1
11-07 09:45:30.565 D/RemoteIME( 2317): RemoteIME--> onKeyUp keyCode = 19
11-07 09:45:30.565 D/KeyEventNgbDealer( 2445): [TN_pool-1-thread-1]handleKeyReleased keyEvent=NgbEvent-[type = 1, subtype = 402, code = 38],time=103849
11-07 09:45:30.565 D/Main3DActivity( 2485): [TN_main]dispatchKeyEvent event=KeyEvent { action=ACTION_UP, keyCode=KEYCODE_DPAD_UP, scanCode=103, metaState=0, flags=0x8, repeatCount=0, eventTime=103847, downTime=103637, deviceId=3, source=0x701 },isEventAble=true
11-07 09:45:30.585 D/BackBootDealerNeimeng( 2358): standbyState:
11-07 09:45:30.585 E/NetUtils( 2018): Interface eth0 LinkDown!
11-07 09:45:30.968 V/PT      ( 1581): >>INFO:irkey_task:[     104.252028] /dev/input/event0: type=0001 code=006a val=00000001
11-07 09:45:30.968 D/ir_user ( 1589): PlayerTimeLineTrace:linux_keycode:0x6a(DOWN),	protocol: .
11-07 09:45:30.968 V/PT      ( 1581): >>INFO:irkey_send:0x3001 0x0027 down
11-07 09:45:30.968 V/SUMA    ( 1581): ++++++++++++++  _roc_evtmgr_key_cbk 517:input = 12289, event=39, act=0x100
11-07 09:45:30.968 V/SUMA    ( 1581): lxm:_roc_evtmgr_key_cbk 519 104252
11-07 09:45:30.968 V/SUMA    ( 1581): lxm:_roc_evtmgr_add_evt_into_queue 347 104252
11-07 09:45:30.968 V/SUMA    ( 1581): ===================>> type=0 src=0 evt=39 act=0x100
11-07 09:45:30.968 V/PT      ( 1581): >>INFO:irkey_task:[     104.252028] /dev/input/event0: type=0000 code=0000 val=00000000
11-07 09:45:30.969 V/SUMA    ( 1581): [sysset-s][event_manager_cbk 78]lxm cbid=1, cbk_reg=1, cpid=2445
11-07 09:45:30.969 D/NGBEvent( 2445): ngbEventCallBack type:0 source :39
11-07 09:45:30.969 D/NGBEvent( 2445): [NGBEventManager-JNI]-returning:1
11-07 09:45:30.969 D/NGBEvent( 2445): Input key event: keyCode=39
11-07 09:45:30.969 D/NGBEvent( 2445): src:39 = dest:39
11-07 09:45:30.969 I/System.out( 2445): [DEBUG EventManager] LWJ--Add event to java with evt=NgbEvent-[type = 1, subtype = 401, code = 39]
11-07 09:45:30.969 D/NGBEvent( 2445): [NGBEvent_log]--[EventManager--JNI]:		start
11-07 09:45:30.970 I/System.out( 2445): [DEBUG EventManager] broadcastEvent  :len 1
11-07 09:45:30.970 D/CombineKeyUtil( 2445): [TN_pool-1-thread-1]dealKeyEvent,combineIndex:-1:keyCode:22
11-07 09:45:30.970 D/KeyEventNgbDealer( 2445): [TN_pool-1-thread-1]handleKeyPressed keyEvent=NgbEvent-[type = 1, subtype = 401, code = 39],time=104254
11-07 09:45:30.971 D/RemoteIME( 2317): onKeyDown event = KeyEvent { action=ACTION_DOWN, keyCode=KEYCODE_DPAD_RIGHT, scanCode=106, metaState=0, flags=0x8, repeatCount=0, eventTime=104252, downTime=104252, deviceId=3, source=0x701 },mSkbContainer=null
11-07 09:45:30.972 D/Main3DActivity( 2485): [TN_main]dispatchKeyEvent event=KeyEvent { action=ACTION_DOWN, keyCode=KEYCODE_DPAD_RIGHT, scanCode=106, metaState=0, flags=0x8, repeatCount=0, eventTime=104252, downTime=104252, deviceId=3, source=0x701 },isEventAble=true
11-07 09:45:30.972 D/BasicRootView( 2485): [TN_main]dispatchKeyEvent event=KeyEvent { action=ACTION_DOWN, keyCode=KEYCODE_DPAD_RIGHT, scanCode=106, metaState=0, flags=0x8, repeatCount=0, eventTime=104252, downTime=104252, deviceId=3, source=0x701 },curRootPanel=com.suma.midware.home.third.a.a@25f7f74e
11-07 09:45:30.972 D/GLRootRenderer( 2485): dispatchKeyEvent event:KeyEvent { action=ACTION_DOWN, keyCode=KEYCODE_DPAD_RIGHT, scanCode=106, metaState=0, flags=0x8, repeatCount=0, eventTime=104252, downTime=104252, deviceId=3, source=0x701 }:lastKeyCode:19:lastKeyAction:0:lastkeycount:0:size:0
11-07 09:45:30.973 D/Scene   ( 2485): dispatchKeyEvent event:KeyEvent { action=ACTION_DOWN, keyCode=KEYCODE_DPAD_RIGHT, scanCode=106, metaState=0, flags=0x8, repeatCount=0, eventTime=104252, downTime=104252, deviceId=3, source=0x701 }
11-07 09:45:30.973 D/Scene   ( 2485): dispatchKeyEvent currentFocus = com.suma.midware.view.b.d.b@27f990b3
11-07 09:45:30.973 D/Scene   ( 2485): dispatchKeyEvent nextFocus:null
11-07 09:45:30.973 D/BasicColumn( 2485): [TN_GLThread 73]dealKeyEvent event=KeyEvent { action=ACTION_DOWN, keyCode=KEYCODE_DPAD_RIGHT, scanCode=106, metaState=0, flags=0x8, repeatCount=0, eventTime=104252, downTime=104252, deviceId=3, source=0x701 }
11-07 09:45:30.974 D/BasicColumn( 2485): [TN_GLThread 73]movePanelFocus index=0,nextIndex=1
11-07 09:45:30.974 E/BasicColumn( 2485): [TN_GLThread 73]dealPanelAnim illegal size=7,moveDistance=0
11-07 09:45:30.974 D/FixedRes( 2485): [TN_GLThread 73]getNineImgRes nineImgSize=2
11-07 09:45:30.977 D/BasicColumn( 2485): [TN_GLThread 73]dealFocusAnim x=-279.000,y=10.0000,scaleX=0.940075,scaleY=1.00000
11-07 09:45:30.977 D/HomePanel( 2485): [TN_GLThread 73]switchBasicPanel index=0,nextIndex=1,isTitleFocus=true
11-07 09:45:30.977 D/PlayTask( 2485): [TN_GLThread 73]isLegal playerType=-1,view=com.suma.midware.view.widget2d.CustomSurfaceView{39151350 V.E..... ........ 49,141-498,393}
11-07 09:45:30.977 D/PlayerManager( 2485): [TN_GLThread 73]addPlayTask playTask=[PlayDirectTask@1821ea6e]playTaskType[1]playType[0]playerType[-1]isEcmSet[false]playerIndex[0]tunerIndex[0]channel[[DirectChannel@32501b]channelID[0]oNetID[1]tsID[31]serviceID[3102]freq[371000]name[CCTV-1高清]serviceType[8]attr[16384]serialNum[1]serialNum4[1]pcrPID[49]refServiceID[-1]],state=0
11-07 09:45:30.978 D/PlayNgbDealer( 2358): [TN_Binder_3]findPlayer index=0,findType=0,channelIndex=0
11-07 09:45:30.979 D/PlayNgbDealer( 2358): [TN_Binder_3]canelPlayAsyTask index=0,playerInfo=[PlayerInfo@279ca20e]index[0]id[0]userPID[2485]playerState[2]isVideoPlay[false]isAudioPlay[false]isGetting[false]bChannel[[DirectChannel@32501b]channelID[0]oNetID[1]tsID[31]serviceID[3102]freq[371000]name[CCTV-1高清]serviceType[8]attr[16384]serialNum[1]serialNum4[1]pcrPID[49]refServiceID[-1]]retrieverTime[-1]playTime[25797]dataInfo[[DataInfo@3572fa3c]playUrl[dvb://1.1f.c1e?apid=33&atype=3&vpid=32&vtype=1b&pcrpid=31&freq=371000]rect[Rect(49, 141 - 498, 393)]channel[[DirectChannel@32501b]channelID[0]oNetID[1]tsID[31]serviceID[3102]freq[371000]name[CCTV-1高清]serviceType[8]attr[16384]serialNum[1]serialNum4[1]pcrPID[49]refServiceID[-1]]],siRequest=null
11-07 09:45:30.979 D/PlayExcuter( 2485): [TN_GLThread 73]notifyPlay type=1,curType=-2,cancelType=-1,cancelVideoType=-1,isResetData=false,task=[PlayDirectTask@1821ea6e]playTaskType[1]playType[0]playerType[-1]isEcmSet[false]playerIndex[0]tunerIndex[0]channel[[DirectChannel@32501b]channelID[0]oNetID[1]tsID[31]serviceID[3102]freq[371000]name[CCTV-1高清]serviceType[8]attr[16384]serialNum[1]serialNum4[1]pcrPID[49]refServiceID[-1]],this.task=null,indexs=null
11-07 09:45:30.979 D/PlayExcuter( 2485): [TN_GLThread 73]mergeTask sourceTask=null,destiTask=[PlayDirectTask@1821ea6e]playTaskType[1]playType[0]playerType[-1]isEcmSet[false]playerIndex[0]tunerIndex[0]channel[[DirectChannel@32501b]channelID[0]oNetID[1]tsID[31]serviceID[3102]freq[371000]name[CCTV-1高清]serviceType[8]attr[16384]serialNum[1]serialNum4[1]pcrPID[49]refServiceID[-1]]
11-07 09:45:30.979 D/PlayExcuter( 2485): [TN_ThreadUtil-2]excuteTask task=[PlayDirectTask@1821ea6e]playTaskType[1]playType[0]playerType[-1]isEcmSet[false]playerIndex[0]tunerIndex[0]channel[[DirectChannel@32501b]channelID[0]oNetID[1]tsID[31]serviceID[3102]freq[371000]name[CCTV-1高清]serviceType[8]attr[16384]serialNum[1]serialNum4[1]pcrPID[49]refServiceID[-1]]
11-07 09:45:30.979 D/PlayExcuter( 2485): [TN_ThreadUtil-2]excuteTask curExcuter=com.suma.midware.prop.play.PlayDirectExcuter@1667699c
11-07 09:45:30.979 D/PlayDirectExcuter( 2485): [TN_ThreadUtil-2]stop task=[PlayDirectTask@1821ea6e]playTaskType[1]playType[0]playerType[-1]isEcmSet[false]playerIndex[0]tunerIndex[0]channel[[DirectChannel@32501b]channelID[0]oNetID[1]tsID[31]serviceID[3102]freq[371000]name[CCTV-1高清]serviceType[8]attr[16384]serialNum[1]serialNum4[1]pcrPID[49]refServiceID[-1]],curType=-1
11-07 09:45:30.980 D/BasicPanel( 2485): [TN_GLThread 73]onBasicPanelChange isShow=false,isTitleFocus=true,isRight=true,animCmd=com.suma.midware.view.b.d.c@1af2850f,rightBoard=1834.00,rightGas=40.0000,leftBoard=88.0000,xOffset=0.00000
11-07 09:45:30.980 D/PlayNgbDealer( 2358): [TN_Binder_2]setPlayerChannel index=0,channelIndex=0
11-07 09:45:30.980 D/PlayNgbDealer( 2358): [TN_Binder_2]findPlayer index=0,findType=0,channelIndex=0
11-07 09:45:30.980 D/PlayExcuter( 2485): [TN_ThreadUtil-2]dealStop task=[PlayDirectTask@1821ea6e]playTaskType[1]playType[0]playerType[-1]isEcmSet[false]playerIndex[0]tunerIndex[0]channel[[DirectChannel@32501b]channelID[0]oNetID[1]tsID[31]serviceID[3102]freq[371000]name[CCTV-1高清]serviceType[8]attr[16384]serialNum[1]serialNum4[1]pcrPID[49]refServiceID[-1]],curType=-1,playDealer=com.suma.midware.prop.play.b@2940147c
11-07 09:45:30.980 D/PlayNgbDealer( 2358): [TN_Binder_1]playStop index=0,stopType=0,stopMode=1,isEcmSet=false,isCaRelease=false,isStreamReset=true
11-07 09:45:30.980 D/PlayNgbDealer( 2358): [TN_Binder_1]findPlayer index=0,findType=0,channelIndex=0
11-07 09:45:30.980 D/Media   ( 2358): ^^^^player setStopMode.
11-07 09:45:30.980 D/BasicPanel( 2485): [TN_GLThread 73]onBasicPanelChange isShow=true,isTitleFocus=true,isRight=true,animCmd=com.suma.midware.view.b.d.c@1af2850f,rightBoard=1863.00,rightGas=40.0000,leftBoard=88.0000,xOffset=0.00000
11-07 09:45:30.980 D/BasicPanel( 2485): [TN_GLThread 73]onBasicPanelChangeStart isShow:false:isRight:true:basicPanel:com.suma.midware.view.b.d.d@389bce67
11-07 09:45:30.980 D/HomePanel( 2485): [TN_GLThread 73]onBasicPanelChange basicPanel=com.suma.midware.view.b.d.d@389bce67,isShow=false,isStart=true,isRight=true
11-07 09:45:30.981 D/HomePanel( 2485): [TN_GLThread 73]onBasicPanelChange basicPanelIndex=0,xOffset=0.00000
11-07 09:45:30.981 V/SUMA    ( 1581): [NGBM] ngb_media_player_set_video_stop_mode enter !!! hplayer=0xff0000
11-07 09:45:30.981 V/SUMA    ( 1581): [NGBM] ngb_media_player_set_video_stop_mode leave hplayer=0xff0000 ret=0 mode=1
11-07 09:45:30.981 D/BasicPanel( 2485): [TN_GLThread 73]onBasicPanelChangeStart isShow:true:isRight:true:basicPanel:com.suma.midware.view.b.d.d@1de47414
11-07 09:45:30.981 I/System.out( 2358): [ERROR MediaSelectControlImpl] empty param stopping!
11-07 09:45:30.981 D/Media   ( 2358): ^^^^player stop.
11-07 09:45:30.981 D/HomePanel( 2485): [TN_GLThread 73]onBasicPanelChange basicPanel=com.suma.midware.view.b.d.d@1de47414,isShow=true,isStart=true,isRight=true
11-07 09:45:30.981 D/HomePanel( 2485): [TN_GLThread 73]onBasicPanelChange basicPanelIndex=1,xOffset=0.00000
11-07 09:45:30.981 V/SUMA    ( 1581): [NGBM] ngb_media_player_stop enter !!! hplayer=0xff0000
11-07 09:45:30.981 V/SUMA    ( 1581): [NGBM] context_resman_stop Roc_Timer_Stop !!!
11-07 09:45:30.981 V/SUMA    ( 1581): [NGBM] context_resman_stop context_resman_stop mode=1 !!!
11-07 09:45:30.981 V/PT      ( 1581): >> HI3798C_INFO:rocme_porting_video_stop- 
11-07 09:45:30.981 V/PT      ( 1581): _dvb_video_stop ok keep_last_pic=0
11-07 09:45:30.981 V/PT      ( 1581): >>INFO:rocme_porting_av_modify_pid:SET aud_pid = 0x1fff 
11-07 09:45:30.981 V/PT      ( 1581): >>INFO:rocme_porting_av_modify_pid:SET vid_pid = 0x1fff 
11-07 09:45:30.981 V/PT      ( 1581): >>INFO:rocme_porting_av_modify_pid:SET pcr_pid = 0x1fff 
11-07 09:45:30.981 V/SUMA    ( 1581): [NGBM] media_event_cbk ngbplayer[0xff0000] event=NGB_MEDIA_EVENT_STOP_SUCCESS
11-07 09:45:30.981 V/SUMA    ( 1581): [NGBM] ngb_media_player_stop leave hplayer=0x00ff0000 ret=0
11-07 09:45:30.981 D/Media   ( 2358): ))))))))))))))((((ngb-media-player-event:19600010, 0
11-07 09:45:30.981 D/Media   ( 2358): [[[[[[[[[]]]]]]]]]]ngb-media-player-event:12b128a
11-07 09:45:30.981 W/BasicRootPanel( 2485): [TN_GLThread 73]changeBgAttr coverImgRes null
11-07 09:45:30.981 D/PlayNgbDealer( 2358): [TN_MediaManager]onPlayerEvent index=0,event=org.ngb.media.PlayerEvent[source=class org.ngb.media.PlayerEvent]
11-07 09:45:30.981 D/PlayerHandler( 2358): [TN_MediaManager]sendPlayEvent index=0,type=3,reason=-1,rate=0.00000,size=1
11-07 09:45:30.982 D/ChannelHandler( 2485): [TN_main]processPlayEvent type=3,msgObj=-1
11-07 09:45:31.069 D/ir_user ( 1589): PlayerTimeLineTrace:linux_keycode:0x6a(UP),	protocol: .
11-07 09:45:31.069 V/PT      ( 1581): >>INFO:irkey_task:[     104.353134] /dev/input/event0: type=0001 code=006a val=00000000
11-07 09:45:31.069 V/PT      ( 1581): >>INFO:irkey_send:0x3001 0x0027 up  
11-07 09:45:31.069 V/SUMA    ( 1581): ++++++++++++++  _roc_evtmgr_key_cbk 517:input = 12289, event=39, act=0x400
11-07 09:45:31.069 V/SUMA    ( 1581): lxm:_roc_evtmgr_key_cbk 519 104353
11-07 09:45:31.069 V/SUMA    ( 1581): lxm:_roc_evtmgr_add_key_into_queue 311 104353
11-07 09:45:31.069 V/PT      ( 1581): >>INFO:irkey_task:[     104.353134] /dev/input/event0: type=0000 code=0000 val=00000000
11-07 09:45:31.069 V/SUMA    ( 1581): ===================>> type=0 src=0 evt=39 act=0x400
11-07 09:45:31.069 V/SUMA    ( 1581): [sysset-s][event_manager_cbk 78]lxm cbid=1, cbk_reg=1, cpid=2445
11-07 09:45:31.069 D/NGBEvent( 2445): ngbEventCallBack type:0 source :39
11-07 09:45:31.069 D/NGBEvent( 2445): [NGBEventManager-JNI]-returning:1
11-07 09:45:31.069 D/NGBEvent( 2445): Input key event: keyCode=39
11-07 09:45:31.069 D/NGBEvent( 2445): src:39 = dest:39
11-07 09:45:31.069 I/System.out( 2445): [DEBUG EventManager] LWJ--Add event to java with evt=NgbEvent-[type = 1, subtype = 402, code = 39]
11-07 09:45:31.069 D/NGBEvent( 2445): [NGBEvent_log]--[EventManager--JNI]:		start
11-07 09:45:31.070 I/System.out( 2445): [DEBUG EventManager] broadcastEvent  :len 1
11-07 09:45:31.070 D/KeyEventNgbDealer( 2445): [TN_pool-1-thread-1]handleKeyReleased keyEvent=NgbEvent-[type = 1, subtype = 402, code = 39],time=104353
11-07 09:45:31.070 D/RemoteIME( 2317): RemoteIME--> onKeyUp keyCode = 22
11-07 09:45:31.070 D/Main3DActivity( 2485): [TN_main]dispatchKeyEvent event=KeyEvent { action=ACTION_UP, keyCode=KEYCODE_DPAD_RIGHT, scanCode=106, metaState=0, flags=0x8, repeatCount=0, eventTime=104353, downTime=104252, deviceId=3, source=0x701 },isEventAble=false
11-07 09:45:31.085 D/BackBootDealerNeimeng( 2358): standbyState:
11-07 09:45:31.086 E/NetUtils( 2018): Interface eth0 LinkDown!
11-07 09:45:31.108 D/TextureManager( 2485): loadTexture name:panel_bg_full:textureID:169:recordSize:null
11-07 09:45:31.112 D/BasicFigure( 2485): [TN_GLThread 73]isDrawFocused relyElement=[BaseElement@346a37d9]focusScale[1.15]elementAlpha[-1.0]refectAlpha[-1.0]isFocusAble[true]shadowIndex[-1]autoJumpType[-1]uniqueID[54resSize0]rect[NULL]
11-07 09:45:31.112 D/BasicFigure( 2485): [TN_GLThread 73]isDrawFocused basicFigure=com.suma.midware.view.b.c.c@3914159e
11-07 09:45:31.118 D/BasicRootPanel( 2485): [TN_GLThread 73]getTVFigure curBasicPanel=com.suma.midware.view.b.d.d@1de47414
11-07 09:45:31.118 D/FixedRes( 2485): [TN_GLThread 73]getTVNoteTexture tvNoteType=3,tvNoteSubType=0
11-07 09:45:31.118 D/BasicPanel( 2485): [TN_GLThread 73]onBasicPanelChangeEnd isShow:false:isRight:true:basicPanel:com.suma.midware.view.b.d.d@389bce67
11-07 09:45:31.119 D/HomePanel( 2485): [TN_GLThread 73]onBasicPanelChange basicPanel=com.suma.midware.view.b.d.d@389bce67,isShow=false,isStart=false,isRight=true
11-07 09:45:31.119 D/HomePanel( 2485): [TN_GLThread 73]onBasicPanelChange basicPanelIndex=0,xOffset=0.00000
11-07 09:45:31.119 D/BasicPanel( 2485): [TN_GLThread 73]onBasicPanelChangeEnd isShow:true:isRight:true:basicPanel:com.suma.midware.view.b.d.d@1de47414
11-07 09:45:31.119 D/HomePanel( 2485): [TN_GLThread 73]onBasicPanelChange basicPanel=com.suma.midware.view.b.d.d@1de47414,isShow=true,isStart=false,isRight=true
11-07 09:45:31.119 D/HomePanel( 2485): [TN_GLThread 73]onBasicPanelChange basicPanelIndex=1,xOffset=0.00000
11-07 09:45:31.123 D/BasicFigure( 2485): [TN_GLThread 73]isDrawFocused relyElement=[BaseElement@346a37d9]focusScale[1.15]elementAlpha[-1.0]refectAlpha[-1.0]isFocusAble[true]shadowIndex[-1]autoJumpType[-1]uniqueID[54resSize0]rect[NULL]
11-07 09:45:31.123 D/BasicFigure( 2485): [TN_GLThread 73]isDrawFocused basicFigure=com.suma.midware.view.b.c.c@3914159e
11-07 09:45:31.135 D/BasicFigure( 2485): [TN_GLThread 73]isDrawFocused relyElement=[BaseElement@346a37d9]focusScale[1.15]elementAlpha[-1.0]refectAlpha[-1.0]isFocusAble[true]shadowIndex[-1]autoJumpType[-1]uniqueID[54resSize0]rect[NULL]
11-07 09:45:31.135 D/BasicFigure( 2485): [TN_GLThread 73]isDrawFocused basicFigure=com.suma.midware.view.b.c.c@3914159e
11-07 09:45:31.457 V/PT      ( 1581): >>INFO:irkey_task:[     104.740975] /dev/input/event0: type=0001 code=006a val=00000001
11-07 09:45:31.457 V/PT      ( 1581): >>INFO:irkey_send:0x3001 0x0027 down
11-07 09:45:31.457 V/SUMA    ( 1581): ++++++++++++++  _roc_evtmgr_key_cbk 517:input = 12289, event=39, act=0x100
11-07 09:45:31.457 V/SUMA    ( 1581): lxm:_roc_evtmgr_key_cbk 519 104741
11-07 09:45:31.457 V/SUMA    ( 1581): lxm:_roc_evtmgr_add_evt_into_queue 347 104741
11-07 09:45:31.457 V/PT      ( 1581): >>INFO:irkey_task:[     104.740975] /dev/input/event0: type=0000 code=0000 val=00000000
11-07 09:45:31.457 V/SUMA    ( 1581): ===================>> type=0 src=0 evt=39 act=0x100
11-07 09:45:31.457 V/SUMA    ( 1581): [sysset-s][event_manager_cbk 78]lxm cbid=1, cbk_reg=1, cpid=2445
11-07 09:45:31.457 D/ir_user ( 1589): PlayerTimeLineTrace:linux_keycode:0x6a(DOWN),	protocol: .
11-07 09:45:31.458 D/NGBEvent( 2445): ngbEventCallBack type:0 source :39
11-07 09:45:31.458 D/NGBEvent( 2445): [NGBEventManager-JNI]-returning:1
11-07 09:45:31.458 D/NGBEvent( 2445): Input key event: keyCode=39
11-07 09:45:31.458 D/NGBEvent( 2445): src:39 = dest:39
11-07 09:45:31.458 I/System.out( 2445): [DEBUG EventManager] LWJ--Add event to java with evt=NgbEvent-[type = 1, subtype = 401, code = 39]
11-07 09:45:31.458 D/NGBEvent( 2445): [NGBEvent_log]--[EventManager--JNI]:		start
11-07 09:45:31.458 I/System.out( 2445): [DEBUG EventManager] broadcastEvent  :len 1
11-07 09:45:31.458 D/CombineKeyUtil( 2445): [TN_pool-1-thread-1]dealKeyEvent,combineIndex:-1:keyCode:22
11-07 09:45:31.459 D/KeyEventNgbDealer( 2445): [TN_pool-1-thread-1]handleKeyPressed keyEvent=NgbEvent-[type = 1, subtype = 401, code = 39],time=104742
11-07 09:45:31.459 D/RemoteIME( 2317): onKeyDown event = KeyEvent { action=ACTION_DOWN, keyCode=KEYCODE_DPAD_RIGHT, scanCode=106, metaState=0, flags=0x8, repeatCount=0, eventTime=104740, downTime=104740, deviceId=3, source=0x701 },mSkbContainer=null
11-07 09:45:31.459 D/Main3DActivity( 2485): [TN_main]dispatchKeyEvent event=KeyEvent { action=ACTION_DOWN, keyCode=KEYCODE_DPAD_RIGHT, scanCode=106, metaState=0, flags=0x8, repeatCount=0, eventTime=104740, downTime=104740, deviceId=3, source=0x701 },isEventAble=true
11-07 09:45:31.460 D/InputEventConsistencyVerifier( 2485): KeyEvent: ACTION_DOWN but key is already down and this event is not a key repeat.
11-07 09:45:31.460 D/InputEventConsistencyVerifier( 2485):   in com.android.internal.policy.impl.PhoneWindow$DecorView{dc632b V.E..... R....... 0,0-1280,720}
11-07 09:45:31.460 D/InputEventConsistencyVerifier( 2485):   0: sent at 104740000000, KeyEvent { action=ACTION_DOWN, keyCode=KEYCODE_DPAD_RIGHT, scanCode=106, metaState=0, flags=0x8, repeatCount=0, eventTime=104740, downTime=104740, deviceId=3, source=0x701 }
11-07 09:45:31.460 D/InputEventConsistencyVerifier( 2485):   -- recent events --
11-07 09:45:31.460 D/InputEventConsistencyVerifier( 2485):   1: sent at 104252000000, KeyEvent { action=ACTION_DOWN, keyCode=KEYCODE_DPAD_RIGHT, scanCode=106, metaState=0, flags=0x8, repeatCount=0, eventTime=104252, downTime=104252, deviceId=3, source=0x701 }
11-07 09:45:31.460 D/InputEventConsistencyVerifier( 2485):   2: sent at 103637000000, KeyEvent { action=ACTION_DOWN, keyCode=KEYCODE_DPAD_UP, scanCode=103, metaState=0, flags=0x8, repeatCount=0, eventTime=103637, downTime=103637, deviceId=3, source=0x701 }
11-07 09:45:31.460 D/BasicRootView( 2485): [TN_main]dispatchKeyEvent event=KeyEvent { action=ACTION_DOWN, keyCode=KEYCODE_DPAD_RIGHT, scanCode=106, metaState=0, flags=0x80000008, repeatCount=0, eventTime=104740, downTime=104740, deviceId=3, source=0x701 },curRootPanel=com.suma.midware.home.third.a.a@25f7f74e
11-07 09:45:31.460 D/GLRootRenderer( 2485): dispatchKeyEvent event:KeyEvent { action=ACTION_DOWN, keyCode=KEYCODE_DPAD_RIGHT, scanCode=106, metaState=0, flags=0x80000008, repeatCount=0, eventTime=104740, downTime=104740, deviceId=3, source=0x701 }:lastKeyCode:22:lastKeyAction:0:lastkeycount:0:size:0
11-07 09:45:31.460 D/Scene   ( 2485): dispatchKeyEvent event:KeyEvent { action=ACTION_DOWN, keyCode=KEYCODE_DPAD_RIGHT, scanCode=106, metaState=0, flags=0x80000008, repeatCount=0, eventTime=104740, downTime=104740, deviceId=3, source=0x701 }
11-07 09:45:31.461 D/Scene   ( 2485): dispatchKeyEvent currentFocus = com.suma.midware.view.b.d.b@27f990b3
11-07 09:45:31.461 D/Scene   ( 2485): dispatchKeyEvent nextFocus:null
11-07 09:45:31.461 D/BasicColumn( 2485): [TN_GLThread 73]dealKeyEvent event=KeyEvent { action=ACTION_DOWN, keyCode=KEYCODE_DPAD_RIGHT, scanCode=106, metaState=0, flags=0x80000008, repeatCount=0, eventTime=104740, downTime=104740, deviceId=3, source=0x701 }
11-07 09:45:31.461 D/BasicColumn( 2485): [TN_GLThread 73]movePanelFocus index=1,nextIndex=2
11-07 09:45:31.461 E/BasicColumn( 2485): [TN_GLThread 73]dealPanelAnim illegal size=7,moveDistance=0
11-07 09:45:31.461 D/FixedRes( 2485): [TN_GLThread 73]getNineImgRes nineImgSize=2
11-07 09:45:31.463 D/BasicColumn( 2485): [TN_GLThread 73]dealFocusAnim x=-171.000,y=10.0000,scaleX=0.940075,scaleY=1.00000
11-07 09:45:31.463 D/HomePanel( 2485): [TN_GLThread 73]switchBasicPanel index=1,nextIndex=2,isTitleFocus=true
11-07 09:45:31.464 D/BasicPanel( 2485): [TN_GLThread 73]onBasicPanelChange isShow=false,isTitleFocus=true,isRight=true,animCmd=com.suma.midware.view.b.d.c@224f8388,rightBoard=1863.00,rightGas=40.0000,leftBoard=88.0000,xOffset=0.00000
11-07 09:45:31.466 D/BasicPanel( 2485): [TN_GLThread 73]onBasicPanelChange isShow=true,isTitleFocus=true,isRight=true,animCmd=com.suma.midware.view.b.d.c@224f8388,rightBoard=1831.00,rightGas=40.0000,leftBoard=88.0000,xOffset=0.00000
11-07 09:45:31.467 D/BasicPanel( 2485): [TN_GLThread 73]onBasicPanelChangeStart isShow:false:isRight:true:basicPanel:com.suma.midware.view.b.d.d@1de47414
11-07 09:45:31.467 D/HomePanel( 2485): [TN_GLThread 73]onBasicPanelChange basicPanel=com.suma.midware.view.b.d.d@1de47414,isShow=false,isStart=true,isRight=true
11-07 09:45:31.467 D/HomePanel( 2485): [TN_GLThread 73]onBasicPanelChange basicPanelIndex=1,xOffset=0.00000
11-07 09:45:31.467 D/BasicPanel( 2485): [TN_GLThread 73]onBasicPanelChangeStart isShow:true:isRight:true:basicPanel:com.suma.midware.view.b.d.d@311bb4bd
11-07 09:45:31.467 D/HomePanel( 2485): [TN_GLThread 73]onBasicPanelChange basicPanel=com.suma.midware.view.b.d.d@311bb4bd,isShow=true,isStart=true,isRight=true
11-07 09:45:31.467 D/HomePanel( 2485): [TN_GLThread 73]onBasicPanelChange basicPanelIndex=2,xOffset=0.00000
11-07 09:45:31.468 W/BasicRootPanel( 2485): [TN_GLThread 73]changeBgAttr coverImgRes null
11-07 09:45:31.472 D/BasicFigure( 2485): [TN_GLThread 73]isDrawFocused relyElement=[BaseElement@346a37d9]focusScale[1.15]elementAlpha[-1.0]refectAlpha[-1.0]isFocusAble[true]shadowIndex[-1]autoJumpType[-1]uniqueID[54resSize0]rect[NULL]
11-07 09:45:31.472 D/BasicFigure( 2485): [TN_GLThread 73]isDrawFocused basicFigure=com.suma.midware.view.b.c.c@3914159e
11-07 09:45:31.476 D/BasicPanel( 2485): [TN_GLThread 73]onBasicPanelChangeEnd isShow:false:isRight:true:basicPanel:com.suma.midware.view.b.d.d@1de47414
11-07 09:45:31.476 D/HomePanel( 2485): [TN_GLThread 73]onBasicPanelChange basicPanel=com.suma.midware.view.b.d.d@1de47414,isShow=false,isStart=false,isRight=true
11-07 09:45:31.477 D/HomePanel( 2485): [TN_GLThread 73]onBasicPanelChange basicPanelIndex=1,xOffset=0.00000
11-07 09:45:31.477 D/BasicPanel( 2485): [TN_GLThread 73]onBasicPanelChangeEnd isShow:true:isRight:true:basicPanel:com.suma.midware.view.b.d.d@311bb4bd
11-07 09:45:31.477 D/HomePanel( 2485): [TN_GLThread 73]onBasicPanelChange basicPanel=com.suma.midware.view.b.d.d@311bb4bd,isShow=true,isStart=false,isRight=true
11-07 09:45:31.477 D/HomePanel( 2485): [TN_GLThread 73]onBasicPanelChange basicPanelIndex=2,xOffset=0.00000
11-07 09:45:31.481 D/BasicFigure( 2485): [TN_GLThread 73]isDrawFocused relyElement=[BaseElement@346a37d9]focusScale[1.15]elementAlpha[-1.0]refectAlpha[-1.0]isFocusAble[true]shadowIndex[-1]autoJumpType[-1]uniqueID[54resSize0]rect[NULL]
11-07 09:45:31.481 D/BasicFigure( 2485): [TN_GLThread 73]isDrawFocused basicFigure=com.suma.midware.view.b.c.c@3914159e
11-07 09:45:31.494 D/BasicFigure( 2485): [TN_GLThread 73]isDrawFocused relyElement=[BaseElement@346a37d9]focusScale[1.15]elementAlpha[-1.0]refectAlpha[-1.0]isFocusAble[true]shadowIndex[-1]autoJumpType[-1]uniqueID[54resSize0]rect[NULL]
11-07 09:45:31.494 D/BasicFigure( 2485): [TN_GLThread 73]isDrawFocused basicFigure=com.suma.midware.view.b.c.c@3914159e
11-07 09:45:31.507 D/BasicFigure( 2485): [TN_GLThread 73]isDrawFocused relyElement=[BaseElement@346a37d9]focusScale[1.15]elementAlpha[-1.0]refectAlpha[-1.0]isFocusAble[true]shadowIndex[-1]autoJumpType[-1]uniqueID[54resSize0]rect[NULL]
11-07 09:45:31.507 D/BasicFigure( 2485): [TN_GLThread 73]isDrawFocused basicFigure=com.suma.midware.view.b.c.c@3914159e
11-07 09:45:31.586 D/BackBootDealerNeimeng( 2358): standbyState:
11-07 09:45:31.587 E/NetUtils( 2018): Interface eth0 LinkDown!
11-07 09:45:31.666 V/PT      ( 1581): >>INFO:irkey_task:[     104.950335] /dev/input/event0: type=0001 code=006a val=00000000
11-07 09:45:31.666 V/PT      ( 1581): >>INFO:irkey_send:0x3001 0x0027 up  
11-07 09:45:31.666 V/SUMA    ( 1581): ++++++++++++++  _roc_evtmgr_key_cbk 517:input = 12289, event=39, act=0x400
11-07 09:45:31.666 V/SUMA    ( 1581): lxm:_roc_evtmgr_key_cbk 519 104950
11-07 09:45:31.667 V/SUMA    ( 1581): lxm:_roc_evtmgr_add_key_into_queue 311 104950
11-07 09:45:31.667 V/PT      ( 1581): >>INFO:irkey_task:[     104.950335] /dev/input/event0: type=0000 code=0000 val=00000000
11-07 09:45:31.667 D/ir_user ( 1589): PlayerTimeLineTrace:linux_keycode:0x6a(UP),	protocol: .
11-07 09:45:31.667 V/SUMA    ( 1581): ===================>> type=0 src=0 evt=39 act=0x400
11-07 09:45:31.667 V/SUMA    ( 1581): [sysset-s][event_manager_cbk 78]lxm cbid=1, cbk_reg=1, cpid=2445
11-07 09:45:31.667 D/NGBEvent( 2445): ngbEventCallBack type:0 source :39
11-07 09:45:31.667 D/NGBEvent( 2445): [NGBEventManager-JNI]-returning:1
11-07 09:45:31.667 D/NGBEvent( 2445): Input key event: keyCode=39
11-07 09:45:31.667 D/NGBEvent( 2445): src:39 = dest:39
11-07 09:45:31.667 I/System.out( 2445): [DEBUG EventManager] LWJ--Add event to java with evt=NgbEvent-[type = 1, subtype = 402, code = 39]
11-07 09:45:31.668 D/NGBEvent( 2445): [NGBEvent_log]--[EventManager--JNI]:		start
11-07 09:45:31.668 I/System.out( 2445): [DEBUG EventManager] broadcastEvent  :len 1
11-07 09:45:31.668 D/KeyEventNgbDealer( 2445): [TN_pool-1-thread-1]handleKeyReleased keyEvent=NgbEvent-[type = 1, subtype = 402, code = 39],time=104952
11-07 09:45:31.668 D/RemoteIME( 2317): RemoteIME--> onKeyUp keyCode = 22
11-07 09:45:31.669 D/Main3DActivity( 2485): [TN_main]dispatchKeyEvent event=KeyEvent { action=ACTION_UP, keyCode=KEYCODE_DPAD_RIGHT, scanCode=106, metaState=0, flags=0x8, repeatCount=0, eventTime=104950, downTime=104740, deviceId=3, source=0x701 },isEventAble=true
11-07 09:45:31.738 D/ir_user ( 1589): PlayerTimeLineTrace:linux_keycode:0x6a(DOWN),	protocol: .
11-07 09:45:31.738 V/PT      ( 1581): >>INFO:irkey_task:[     105.021953] /dev/input/event0: type=0001 code=006a val=00000001
11-07 09:45:31.738 V/PT      ( 1581): >>INFO:irkey_send:0x3001 0x0027 down
11-07 09:45:31.738 V/SUMA    ( 1581): ++++++++++++++  _roc_evtmgr_key_cbk 517:input = 12289, event=39, act=0x100
11-07 09:45:31.738 V/SUMA    ( 1581): lxm:_roc_evtmgr_key_cbk 519 105022
11-07 09:45:31.738 V/SUMA    ( 1581): lxm:_roc_evtmgr_add_evt_into_queue 347 105022
11-07 09:45:31.738 V/PT      ( 1581): >>INFO:irkey_task:[     105.021953] /dev/input/event0: type=0000 code=0000 val=00000000
11-07 09:45:31.738 V/SUMA    ( 1581): ===================>> type=0 src=0 evt=39 act=0x100
11-07 09:45:31.738 V/SUMA    ( 1581): [sysset-s][event_manager_cbk 78]lxm cbid=1, cbk_reg=1, cpid=2445
11-07 09:45:31.738 D/NGBEvent( 2445): ngbEventCallBack type:0 source :39
11-07 09:45:31.738 D/NGBEvent( 2445): [NGBEventManager-JNI]-returning:1
11-07 09:45:31.738 D/NGBEvent( 2445): Input key event: keyCode=39
11-07 09:45:31.738 D/NGBEvent( 2445): src:39 = dest:39
11-07 09:45:31.738 I/System.out( 2445): [DEBUG EventManager] LWJ--Add event to java with evt=NgbEvent-[type = 1, subtype = 401, code = 39]
11-07 09:45:31.738 D/NGBEvent( 2445): [NGBEvent_log]--[EventManager--JNI]:		start
11-07 09:45:31.738 I/System.out( 2445): [DEBUG EventManager] broadcastEvent  :len 1
11-07 09:45:31.738 D/CombineKeyUtil( 2445): [TN_pool-1-thread-1]dealKeyEvent,combineIndex:-1:keyCode:22
11-07 09:45:31.738 D/KeyEventNgbDealer( 2445): [TN_pool-1-thread-1]handleKeyPressed keyEvent=NgbEvent-[type = 1, subtype = 401, code = 39],time=105022
11-07 09:45:31.738 D/RemoteIME( 2317): onKeyDown event = KeyEvent { action=ACTION_DOWN, keyCode=KEYCODE_DPAD_RIGHT, scanCode=106, metaState=0, flags=0x8, repeatCount=0, eventTime=105021, downTime=105021, deviceId=3, source=0x701 },mSkbContainer=null
11-07 09:45:31.739 D/Main3DActivity( 2485): [TN_main]dispatchKeyEvent event=KeyEvent { action=ACTION_DOWN, keyCode=KEYCODE_DPAD_RIGHT, scanCode=106, metaState=0, flags=0x8, repeatCount=0, eventTime=105021, downTime=105021, deviceId=3, source=0x701 },isEventAble=true
11-07 09:45:31.739 D/InputEventConsistencyVerifier( 2485): KeyEvent: ACTION_DOWN but key is already down and this event is not a key repeat.
11-07 09:45:31.739 D/InputEventConsistencyVerifier( 2485):   in com.android.internal.policy.impl.PhoneWindow$DecorView{dc632b V.E..... R....... 0,0-1280,720}
11-07 09:45:31.739 D/InputEventConsistencyVerifier( 2485):   0: sent at 105021000000, KeyEvent { action=ACTION_DOWN, keyCode=KEYCODE_DPAD_RIGHT, scanCode=106, metaState=0, flags=0x8, repeatCount=0, eventTime=105021, downTime=105021, deviceId=3, source=0x701 }
11-07 09:45:31.739 D/InputEventConsistencyVerifier( 2485):   -- recent events --
11-07 09:45:31.739 D/InputEventConsistencyVerifier( 2485):   1: sent at 104740000000, KeyEvent { action=ACTION_DOWN, keyCode=KEYCODE_DPAD_RIGHT, scanCode=106, metaState=0, flags=0x80000008, repeatCount=0, eventTime=104740, downTime=104740, deviceId=3, source=0x701 }
11-07 09:45:31.739 D/InputEventConsistencyVerifier( 2485):   2: sent at 104252000000, KeyEvent { action=ACTION_DOWN, keyCode=KEYCODE_DPAD_RIGHT, scanCode=106, metaState=0, flags=0x8, repeatCount=0, eventTime=104252, downTime=104252, deviceId=3, source=0x701 }
11-07 09:45:31.739 D/InputEventConsistencyVerifier( 2485):   3: sent at 103637000000, KeyEvent { action=ACTION_DOWN, keyCode=KEYCODE_DPAD_UP, scanCode=103, metaState=0, flags=0x8, repeatCount=0, eventTime=103637, downTime=103637, deviceId=3, source=0x701 }
11-07 09:45:31.739 D/BasicRootView( 2485): [TN_main]dispatchKeyEvent event=KeyEvent { action=ACTION_DOWN, keyCode=KEYCODE_DPAD_RIGHT, scanCode=106, metaState=0, flags=0x80000008, repeatCount=0, eventTime=105021, downTime=105021, deviceId=3, source=0x701 },curRootPanel=com.suma.midware.home.third.a.a@25f7f74e
11-07 09:45:31.739 D/GLRootRenderer( 2485): dispatchKeyEvent event:KeyEvent { action=ACTION_DOWN, keyCode=KEYCODE_DPAD_RIGHT, scanCode=106, metaState=0, flags=0x80000008, repeatCount=0, eventTime=105021, downTime=105021, deviceId=3, source=0x701 }:lastKeyCode:22:lastKeyAction:0:lastkeycount:1:size:0
11-07 09:45:31.739 D/Scene   ( 2485): dispatchKeyEvent event:KeyEvent { action=ACTION_DOWN, keyCode=KEYCODE_DPAD_RIGHT, scanCode=106, metaState=0, flags=0x80000008, repeatCount=0, eventTime=105021, downTime=105021, deviceId=3, source=0x701 }
11-07 09:45:31.739 D/Scene   ( 2485): dispatchKeyEvent currentFocus = com.suma.midware.view.b.d.b@27f990b3
11-07 09:45:31.739 D/Scene   ( 2485): dispatchKeyEvent nextFocus:null
11-07 09:45:31.739 D/BasicColumn( 2485): [TN_GLThread 73]dealKeyEvent event=KeyEvent { action=ACTION_DOWN, keyCode=KEYCODE_DPAD_RIGHT, scanCode=106, metaState=0, flags=0x80000008, repeatCount=0, eventTime=105021, downTime=105021, deviceId=3, source=0x701 }
11-07 09:45:31.739 D/BasicColumn( 2485): [TN_GLThread 73]movePanelFocus index=2,nextIndex=3
11-07 09:45:31.739 E/BasicColumn( 2485): [TN_GLThread 73]dealPanelAnim illegal size=7,moveDistance=0
11-07 09:45:31.739 D/FixedRes( 2485): [TN_GLThread 73]getNineImgRes nineImgSize=2
11-07 09:45:31.740 D/BasicColumn( 2485): [TN_GLThread 73]dealFocusAnim x=-63.0000,y=10.0000,scaleX=0.940075,scaleY=1.00000
11-07 09:45:31.740 D/HomePanel( 2485): [TN_GLThread 73]switchBasicPanel index=2,nextIndex=3,isTitleFocus=true
11-07 09:45:31.740 D/BasicPanel( 2485): [TN_GLThread 73]onBasicPanelChange isShow=false,isTitleFocus=true,isRight=true,animCmd=com.suma.midware.view.b.d.c@7a8d946,rightBoard=1831.00,rightGas=40.0000,leftBoard=88.0000,xOffset=0.00000
11-07 09:45:31.741 D/BasicPanel( 2485): [TN_GLThread 73]onBasicPanelChange isShow=true,isTitleFocus=true,isRight=true,animCmd=com.suma.midware.view.b.d.c@7a8d946,rightBoard=1863.00,rightGas=40.0000,leftBoard=88.0000,xOffset=0.00000
11-07 09:45:31.741 D/BasicPanel( 2485): [TN_GLThread 73]onBasicPanelChangeStart isShow:false:isRight:true:basicPanel:com.suma.midware.view.b.d.d@311bb4bd
11-07 09:45:31.741 D/HomePanel( 2485): [TN_GLThread 73]onBasicPanelChange basicPanel=com.suma.midware.view.b.d.d@311bb4bd,isShow=false,isStart=true,isRight=true
11-07 09:45:31.741 D/HomePanel( 2485): [TN_GLThread 73]onBasicPanelChange basicPanelIndex=2,xOffset=0.00000
11-07 09:45:31.741 D/BasicPanel( 2485): [TN_GLThread 73]onBasicPanelChangeStart isShow:true:isRight:true:basicPanel:com.suma.midware.view.b.d.d@210bbab2
11-07 09:45:31.741 D/HomePanel( 2485): [TN_GLThread 73]onBasicPanelChange basicPanel=com.suma.midware.view.b.d.d@210bbab2,isShow=true,isStart=true,isRight=true
11-07 09:45:31.741 D/HomePanel( 2485): [TN_GLThread 73]onBasicPanelChange basicPanelIndex=3,xOffset=0.00000
11-07 09:45:31.741 W/BasicRootPanel( 2485): [TN_GLThread 73]changeBgAttr coverImgRes null
11-07 09:45:31.746 D/BasicFigure( 2485): [TN_GLThread 73]isDrawFocused relyElement=[BaseElement@346a37d9]focusScale[1.15]elementAlpha[-1.0]refectAlpha[-1.0]isFocusAble[true]shadowIndex[-1]autoJumpType[-1]uniqueID[54resSize0]rect[NULL]
11-07 09:45:31.746 D/BasicFigure( 2485): [TN_GLThread 73]isDrawFocused basicFigure=com.suma.midware.view.b.c.c@3914159e
11-07 09:45:31.755 D/BasicFigure( 2485): [TN_GLThread 73]isDrawFocused relyElement=[BaseElement@346a37d9]focusScale[1.15]elementAlpha[-1.0]refectAlpha[-1.0]isFocusAble[true]shadowIndex[-1]autoJumpType[-1]uniqueID[54resSize0]rect[NULL]
11-07 09:45:31.755 D/BasicFigure( 2485): [TN_GLThread 73]isDrawFocused basicFigure=com.suma.midware.view.b.c.c@3914159e
11-07 09:45:31.769 D/BasicFigure( 2485): [TN_GLThread 73]isDrawFocused relyElement=[BaseElement@346a37d9]focusScale[1.15]elementAlpha[-1.0]refectAlpha[-1.0]isFocusAble[true]shadowIndex[-1]autoJumpType[-1]uniqueID[54resSize0]rect[NULL]
11-07 09:45:31.769 D/BasicFigure( 2485): [TN_GLThread 73]isDrawFocused basicFigure=com.suma.midware.view.b.c.c@3914159e
11-07 09:45:31.781 D/BasicFigure( 2485): [TN_GLThread 73]isDrawFocused relyElement=[BaseElement@346a37d9]focusScale[1.15]elementAlpha[-1.0]refectAlpha[-1.0]isFocusAble[true]shadowIndex[-1]autoJumpType[-1]uniqueID[54resSize0]rect[NULL]
11-07 09:45:31.781 D/BasicFigure( 2485): [TN_GLThread 73]isDrawFocused basicFigure=com.suma.midware.view.b.c.c@3914159e
11-07 09:45:31.796 D/BasicPanel( 2485): [TN_GLThread 73]onBasicPanelChangeEnd isShow:false:isRight:true:basicPanel:com.suma.midware.view.b.d.d@311bb4bd
11-07 09:45:31.796 D/HomePanel( 2485): [TN_GLThread 73]onBasicPanelChange basicPanel=com.suma.midware.view.b.d.d@311bb4bd,isShow=false,isStart=false,isRight=true
11-07 09:45:31.796 D/HomePanel( 2485): [TN_GLThread 73]onBasicPanelChange basicPanelIndex=2,xOffset=0.00000
11-07 09:45:31.796 D/BasicPanel( 2485): [TN_GLThread 73]onBasicPanelChangeEnd isShow:true:isRight:true:basicPanel:com.suma.midware.view.b.d.d@210bbab2
11-07 09:45:31.796 D/HomePanel( 2485): [TN_GLThread 73]onBasicPanelChange basicPanel=com.suma.midware.view.b.d.d@210bbab2,isShow=true,isStart=false,isRight=true
11-07 09:45:31.796 D/HomePanel( 2485): [TN_GLThread 73]onBasicPanelChange basicPanelIndex=3,xOffset=0.00000
11-07 09:45:31.800 D/BasicFigure( 2485): [TN_GLThread 73]isDrawFocused relyElement=[BaseElement@346a37d9]focusScale[1.15]elementAlpha[-1.0]refectAlpha[-1.0]isFocusAble[true]shadowIndex[-1]autoJumpType[-1]uniqueID[54resSize0]rect[NULL]
11-07 09:45:31.800 D/BasicFigure( 2485): [TN_GLThread 73]isDrawFocused basicFigure=com.suma.midware.view.b.c.c@3914159e
11-07 09:45:31.818 D/BasicFigure( 2485): [TN_GLThread 73]isDrawFocused relyElement=[BaseElement@346a37d9]focusScale[1.15]elementAlpha[-1.0]refectAlpha[-1.0]isFocusAble[true]shadowIndex[-1]autoJumpType[-1]uniqueID[54resSize0]rect[NULL]
11-07 09:45:31.818 D/BasicFigure( 2485): [TN_GLThread 73]isDrawFocused basicFigure=com.suma.midware.view.b.c.c@3914159e
11-07 09:45:31.837 D/BasicFigure( 2485): [TN_GLThread 73]isDrawFocused relyElement=[BaseElement@346a37d9]focusScale[1.15]elementAlpha[-1.0]refectAlpha[-1.0]isFocusAble[true]shadowIndex[-1]autoJumpType[-1]uniqueID[54resSize0]rect[NULL]
11-07 09:45:31.837 D/BasicFigure( 2485): [TN_GLThread 73]isDrawFocused basicFigure=com.suma.midware.view.b.c.c@3914159e
11-07 09:45:31.859 D/BasicFigure( 2485): [TN_GLThread 73]isDrawFocused relyElement=[BaseElement@346a37d9]focusScale[1.15]elementAlpha[-1.0]refectAlpha[-1.0]isFocusAble[true]shadowIndex[-1]autoJumpType[-1]uniqueID[54resSize0]rect[NULL]
11-07 09:45:31.859 D/BasicFigure( 2485): [TN_GLThread 73]isDrawFocused basicFigure=com.suma.midware.view.b.c.c@3914159e
11-07 09:45:31.878 D/BasicFigure( 2485): [TN_GLThread 73]isDrawFocused relyElement=[BaseElement@346a37d9]focusScale[1.15]elementAlpha[-1.0]refectAlpha[-1.0]isFocusAble[true]shadowIndex[-1]autoJumpType[-1]uniqueID[54resSize0]rect[NULL]
11-07 09:45:31.878 D/BasicFigure( 2485): [TN_GLThread 73]isDrawFocused basicFigure=com.suma.midware.view.b.c.c@3914159e
11-07 09:45:31.891 D/BasicFigure( 2485): [TN_GLThread 73]isDrawFocused relyElement=[BaseElement@346a37d9]focusScale[1.15]elementAlpha[-1.0]refectAlpha[-1.0]isFocusAble[true]shadowIndex[-1]autoJumpType[-1]uniqueID[54resSize0]rect[NULL]
11-07 09:45:31.891 D/BasicFigure( 2485): [TN_GLThread 73]isDrawFocused basicFigure=com.suma.midware.view.b.c.c@3914159e
11-07 09:45:31.947 D/ir_user ( 1589): PlayerTimeLineTrace:linux_keycode:0x6a(UP),	protocol: .
11-07 09:45:31.947 V/PT      ( 1581): >>INFO:irkey_task:[     105.231323] /dev/input/event0: type=0001 code=006a val=00000000
11-07 09:45:31.947 V/PT      ( 1581): >>INFO:irkey_send:0x3001 0x0027 up  
11-07 09:45:31.947 V/SUMA    ( 1581): ++++++++++++++  _roc_evtmgr_key_cbk 517:input = 12289, event=39, act=0x400
11-07 09:45:31.947 V/SUMA    ( 1581): lxm:_roc_evtmgr_key_cbk 519 105231
