01-01 08:00:34.896 W/System.err( 2358): 	at java.net.InetAddress.lookupHostByName(InetAddress.java:427)
01-01 08:00:34.896 W/System.err( 2358): 	at java.net.InetAddress.getAllByNameImpl(InetAddress.java:252)
01-01 08:00:34.897 W/System.err( 2358): 	at java.net.InetAddress.getAllByName(InetAddress.java:215)
01-01 08:00:34.897 W/System.err( 2358): 	at com.android.okhttp.HostResolver$1.getAllByName(HostResolver.java:29)
01-01 08:00:34.897 W/System.err( 2358): 	at com.android.okhttp.internal.http.RouteSelector.resetNextInetSocketAddress(RouteSelector.java:232)
01-01 08:00:34.897 W/System.err( 2358): 	at com.android.okhttp.internal.http.RouteSelector.next(RouteSelector.java:124)
01-01 08:00:34.897 W/System.err( 2358): 	at com.android.okhttp.internal.http.HttpEngine.connect(HttpEngine.java:272)
01-01 08:00:34.897 W/System.err( 2358): 	at com.android.okhttp.internal.http.HttpEngine.sendRequest(HttpEngine.java:211)
01-01 08:00:34.897 W/System.err( 2358): 	at com.android.okhttp.internal.http.HttpURLConnectionImpl.execute(HttpURLConnectionImpl.java:382)
01-01 08:00:34.897 W/System.err( 2358): 	at com.android.okhttp.internal.http.HttpURLConnectionImpl.connect(HttpURLConnectionImpl.java:106)
01-01 08:00:34.897 W/System.err( 2358): 	at com.suma.midware.prop.download.LoadHttpHandler.c(Unknown Source)
01-01 08:00:34.897 W/System.err( 2358): 	at com.suma.midware.prop.download.LoadHttpHandler.a(Unknown Source)
01-01 08:00:34.897 W/System.err( 2358): 	at com.suma.midware.prop.download.b.a(Unknown Source)
01-01 08:00:34.897 W/System.err( 2358): 	at com.suma.midware.prop.ivideo.a.d.a(Unknown Source)
01-01 08:00:34.897 W/System.err( 2358): 	at com.suma.midware.prop.ivideo.a.b.a(Unknown Source)
01-01 08:00:34.897 W/System.err( 2358): 	at com.suma.midware.back.ivideo.neimeng.IvideoDealerNeimeng.e(Unknown Source)
01-01 08:00:34.897 W/System.err( 2358): 	at com.suma.midware.back.ivideo.neimeng.IvideoDealerNeimeng.e(Unknown Source)
01-01 08:00:34.897 W/System.err( 2358): 	at com.suma.midware.back.ivideo.e.run(Unknown Source)
01-01 08:00:34.897 W/System.err( 2358): 	at com.suma.midware.prop.util.c.run(Unknown Source)
01-01 08:00:34.897 W/System.err( 2358): 	at java.lang.Thread.run(Thread.java:818)
01-01 08:00:34.897 E/IvideoReqCmd( 2358): [TN_ThreadUtil-15]startIvideoReq httpTask download failed
01-01 08:00:34.897 E/IvideoConfig( 2358): getLocationMap locations null
01-01 08:00:34.897 D/IvideoReqCmd( 2358): [TN_ThreadUtil-15]getHttpgetTask url=http://ipvod-portal.96066.com:8030/PortalServer-App/new/ptl_ipvp_cmn_cmn009?ptype=8&plocation=&puser=&ptoken=00000000000000000000000000000000&pversion=040101&pserverAddress=http://ipvod-portal.96066.com:8030/PortalServer-App/&pserialNumber=15510217310112851
01-01 08:00:34.898 D/LoadHttpHandler( 2358): [TN_ThreadUtil-15]doNormal proxyConfig=null
01-01 08:00:34.900 E/LoadHttpHandler( 2358): [TN_ThreadUtil-15]doNormal illegal url=http://ipvod-portal.96066.com:8030/PortalServer-App/new/ptl_ipvp_cmn_cmn009?ptype=8&plocation=&puser=&ptoken=00000000000000000000000000000000&pversion=040101&pserverAddress=http://ipvod-portal.96066.com:8030/PortalServer-App/&pserialNumber=15510217310112851,exceptionName=java.net.UnknownHostException
01-01 08:00:34.900 W/System.err( 2358): java.net.UnknownHostException: Unable to resolve host "ipvod-portal.96066.com": No address associated with hostname
01-01 08:00:34.900 W/System.err( 2358): 	at java.net.InetAddress.lookupHostByName(InetAddress.java:427)
01-01 08:00:34.900 W/System.err( 2358): 	at java.net.InetAddress.getAllByNameImpl(InetAddress.java:252)
01-01 08:00:34.900 W/System.err( 2358): 	at java.net.InetAddress.getAllByName(InetAddress.java:215)
01-01 08:00:34.900 W/System.err( 2358): 	at com.android.okhttp.HostResolver$1.getAllByName(HostResolver.java:29)
01-01 08:00:34.900 W/System.err( 2358): 	at com.android.okhttp.internal.http.RouteSelector.resetNextInetSocketAddress(RouteSelector.java:232)
01-01 08:00:34.900 W/System.err( 2358): 	at com.android.okhttp.internal.http.RouteSelector.next(RouteSelector.java:124)
01-01 08:00:34.900 W/System.err( 2358): 	at com.android.okhttp.internal.http.HttpEngine.connect(HttpEngine.java:272)
01-01 08:00:34.900 W/System.err( 2358): 	at com.android.okhttp.internal.http.HttpEngine.sendRequest(HttpEngine.java:211)
01-01 08:00:34.900 W/System.err( 2358): 	at com.android.okhttp.internal.http.HttpURLConnectionImpl.execute(HttpURLConnectionImpl.java:382)
01-01 08:00:34.901 W/System.err( 2358): 	at com.android.okhttp.internal.http.HttpURLConnectionImpl.connect(HttpURLConnectionImpl.java:106)
01-01 08:00:34.901 W/System.err( 2358): 	at com.suma.midware.prop.download.LoadHttpHandler.c(Unknown Source)
01-01 08:00:34.901 W/System.err( 2358): 	at com.suma.midware.prop.download.LoadHttpHandler.a(Unknown Source)
01-01 08:00:34.901 W/System.err( 2358): 	at com.suma.midware.prop.download.b.a(Unknown Source)
01-01 08:00:34.901 W/System.err( 2358): 	at com.suma.midware.prop.ivideo.a.d.a(Unknown Source)
01-01 08:00:34.901 W/System.err( 2358): 	at com.suma.midware.prop.ivideo.a.b.c(Unknown Source)
01-01 08:00:34.901 W/System.err( 2358): 	at com.suma.midware.back.ivideo.neimeng.IvideoDealerNeimeng.f(Unknown Source)
01-01 08:00:34.901 W/System.err( 2358): 	at com.suma.midware.back.ivideo.neimeng.IvideoDealerNeimeng.e(Unknown Source)
01-01 08:00:34.901 W/System.err( 2358): 	at com.suma.midware.back.ivideo.e.run(Unknown Source)
01-01 08:00:34.901 W/System.err( 2358): 	at com.suma.midware.prop.util.c.run(Unknown Source)
01-01 08:00:34.901 W/System.err( 2358): 	at java.lang.Thread.run(Thread.java:818)
01-01 08:00:34.901 E/IvideoReqCmd( 2358): [TN_ThreadUtil-15]startIvideoReq httpTask download failed
01-01 08:00:35.216 D/BackBootDealerNeimeng( 2358): standbyState:
01-01 08:00:35.217 E/NetUtils( 2018): Interface eth0 LinkDown!
01-01 08:00:35.307 D/WifiAdmin( 2485): [TN_main]dealWifiMsg action=android.net.wifi.RSSI_CHANGED,intent=Intent { act=android.net.wifi.RSSI_CHANGED flg=0x4000010 (has extras) }
01-01 08:00:35.307 D/WifiAdmin( 2693): [TN_main]dealWifiMsg action=android.net.wifi.RSSI_CHANGED,intent=Intent { act=android.net.wifi.RSSI_CHANGED flg=0x4000010 (has extras) }
01-01 08:00:35.717 D/BackBootDealerNeimeng( 2358): standbyState:
01-01 08:00:35.718 E/NetUtils( 2018): Interface eth0 LinkDown!
01-01 08:00:35.995 D/DmsService( 2414): [TN_ThreadUtil-restart_dms_service]startDmsService time=39988
01-01 08:00:35.995 I/MediaServer( 2414): start media server:Suma_Server:caEvt:com.suma.midware.dms.c.e@8f68708
01-01 08:00:35.995 D/Device  ( 2414): stop adv=null,doByeBye=true
01-01 08:00:35.995 D/Device  ( 2414): byebye deviceDataBindAddress null
01-01 08:00:36.000 D/Device  ( 2414): byebye 0 bindAddress=192.168.31.115
01-01 08:00:36.000 D/Device  ( 2414): byebye bindAddr=192.168.31.115
01-01 08:00:36.000 D/HTTPMUSocket( 2414): open addr=239.255.255.250,port=1900,bindAddr=192.168.31.115
01-01 08:00:36.005 D/HTTPMUSocket( 2414): send msg:NOTIFY * HTTP/1.1
01-01 08:00:36.005 D/HTTPMUSocket( 2414): NTS: ssdp:byebye
01-01 08:00:36.005 D/HTTPMUSocket( 2414): NT: upnp:rootdevice
01-01 08:00:36.005 D/HTTPMUSocket( 2414): USN: uuid:418c7b66-86de-45d5-90fd-13e1eb88db7e::upnp:rootdevice
01-01 08:00:36.005 D/HTTPMUSocket( 2414): HOST: 239.255.255.250:1900
01-01 08:00:36.005 D/HTTPMUSocket( 2414): 
01-01 08:00:36.005 D/HTTPMUSocket( 2414): bindAddr:null and port:-1
01-01 08:00:36.005 D/HTTPMUSocket( 2414): /192.168.31.115
01-01 08:00:36.006 D/Device  ( 2414): root device bye bye
01-01 08:00:36.006 D/HTTPMUSocket( 2414): send msg:NOTIFY * HTTP/1.1
01-01 08:00:36.006 D/HTTPMUSocket( 2414): NTS: ssdp:byebye
01-01 08:00:36.006 D/HTTPMUSocket( 2414): NT: urn:schemas-upnp-org:device:MediaServer:1
01-01 08:00:36.006 D/HTTPMUSocket( 2414): USN: uuid:418c7b66-86de-45d5-90fd-13e1eb88db7e::urn:schemas-upnp-org:device:MediaServer:1
01-01 08:00:36.006 D/HTTPMUSocket( 2414): HOST: 239.255.255.250:1900
01-01 08:00:36.006 D/HTTPMUSocket( 2414): 
01-01 08:00:36.006 D/HTTPMUSocket( 2414): bindAddr:null and port:-1
01-01 08:00:36.007 D/HTTPMUSocket( 2414): /192.168.31.115
01-01 08:00:36.007 D/Device  ( 2414): not root device bye bye
01-01 08:00:36.008 D/HTTPMUSocket( 2414): open addr=239.255.255.250,port=1900,bindAddr=192.168.31.115
01-01 08:00:36.010 D/TimerUtil( 2414): waitRandom time=300,waitTime=117
01-01 08:00:36.010 D/HTTPMUSocket( 2414): send msg:NOTIFY * HTTP/1.1
01-01 08:00:36.010 D/HTTPMUSocket( 2414): NTS: ssdp:byebye
01-01 08:00:36.010 D/HTTPMUSocket( 2414): NT: urn:schemas-upnp-org:service:ContentDirectory:1
01-01 08:00:36.010 D/HTTPMUSocket( 2414): USN: uuid:418c7b66-86de-45d5-90fd-13e1eb88db7e::urn:schemas-upnp-org:service:ContentDirectory:1
01-01 08:00:36.010 D/HTTPMUSocket( 2414): HOST: 239.255.255.250:1900
01-01 08:00:36.010 D/HTTPMUSocket( 2414): 
01-01 08:00:36.010 D/HTTPMUSocket( 2414): bindAddr:null and port:-1
01-01 08:00:36.010 D/HTTPMUSocket( 2414): /192.168.31.115
01-01 08:00:36.011 D/Service ( 2414): service bye bye:urn:schemas-upnp-org:service:ContentDirectory:1
01-01 08:00:36.011 D/HTTPMUSocket( 2414): open addr=239.255.255.250,port=1900,bindAddr=192.168.31.115
01-01 08:00:36.012 D/TimerUtil( 2414): waitRandom time=300,waitTime=90
01-01 08:00:36.012 D/HTTPMUSocket( 2414): send msg:NOTIFY * HTTP/1.1
01-01 08:00:36.012 D/HTTPMUSocket( 2414): NTS: ssdp:byebye
01-01 08:00:36.012 D/HTTPMUSocket( 2414): NT: urn:schemas-upnp-org:service:ConnectionManager:1
01-01 08:00:36.012 D/HTTPMUSocket( 2414): USN: uuid:418c7b66-86de-45d5-90fd-13e1eb88db7e::urn:schemas-upnp-org:service:ConnectionManager:1
01-01 08:00:36.012 D/HTTPMUSocket( 2414): HOST: 239.255.255.250:1900
01-01 08:00:36.012 D/HTTPMUSocket( 2414): 
01-01 08:00:36.012 D/HTTPMUSocket( 2414): bindAddr:null and port:-1
01-01 08:00:36.012 D/HTTPMUSocket( 2414): /192.168.31.115
01-01 08:00:36.013 D/Service ( 2414): service bye bye:urn:schemas-upnp-org:service:ConnectionManager:1
01-01 08:00:36.013 D/HTTPMUSocket( 2414): open addr=239.255.255.250,port=1900,bindAddr=192.168.31.115
01-01 08:00:36.014 D/TimerUtil( 2414): waitRandom time=300,waitTime=2
01-01 08:00:36.014 D/HTTPMUSocket( 2414): send msg:NOTIFY * HTTP/1.1
01-01 08:00:36.014 D/HTTPMUSocket( 2414): NTS: ssdp:byebye
01-01 08:00:36.014 D/HTTPMUSocket( 2414): NT: urn:schemas-upnp-org:service:AVTransport:1
01-01 08:00:36.014 D/HTTPMUSocket( 2414): USN: uuid:418c7b66-86de-45d5-90fd-13e1eb88db7e::urn:schemas-upnp-org:service:AVTransport:1
01-01 08:00:36.014 D/HTTPMUSocket( 2414): HOST: 239.255.255.250:1900
01-01 08:00:36.014 D/HTTPMUSocket( 2414): 
01-01 08:00:36.014 D/HTTPMUSocket( 2414): bindAddr:null and port:-1
01-01 08:00:36.014 D/HTTPMUSocket( 2414): /192.168.31.115
01-01 08:00:36.015 D/Service ( 2414): service bye bye:urn:schemas-upnp-org:service:AVTransport:1
01-01 08:00:36.015 D/HTTPMUSocket( 2414): open addr=239.255.255.250,port=1900,bindAddr=192.168.31.115
01-01 08:00:36.016 D/TimerUtil( 2414): waitRandom time=300,waitTime=170
01-01 08:00:36.016 D/HTTPMUSocket( 2414): send msg:NOTIFY * HTTP/1.1
01-01 08:00:36.016 D/HTTPMUSocket( 2414): NTS: ssdp:byebye
01-01 08:00:36.016 D/HTTPMUSocket( 2414): NT: urn:sumavision.com:service:X_SUMA_EVENT:1
01-01 08:00:36.016 D/HTTPMUSocket( 2414): USN: uuid:418c7b66-86de-45d5-90fd-13e1eb88db7e::urn:sumavision.com:service:X_SUMA_EVENT:1
01-01 08:00:36.016 D/HTTPMUSocket( 2414): HOST: 239.255.255.250:1900
01-01 08:00:36.016 D/HTTPMUSocket( 2414): 
01-01 08:00:36.016 D/HTTPMUSocket( 2414): bindAddr:null and port:-1
01-01 08:00:36.016 D/HTTPMUSocket( 2414): /192.168.31.115
01-01 08:00:36.017 D/Service ( 2414): service bye bye:urn:sumavision.com:service:X_SUMA_EVENT:1
01-01 08:00:36.017 D/Device  ( 2414): start beginPort=38520
01-01 08:00:36.017 I/HTTPServer( 2414): open socket with port : 38520:addr:
01-01 08:00:36.017 D/Device  ( 2414): start endPort=38520,count=1
01-01 08:00:36.017 D/HTTPServerList( 2414): start...with server size:1
01-01 08:00:36.017 D/HTTPServerList( 2414): Begin start server:org.cybergarage.a.h@a6b03dd
01-01 08:00:36.020 D/HTTPMUSocket( 2414): open addr=239.255.255.250,port=1900,bindAddr=192.168.31.115
01-01 08:00:36.022 D/TimerUtil( 2414): waitRandom time=300,waitTime=125
01-01 08:00:36.022 D/Device  ( 2414): announce deviceDataBindAddress null
01-01 08:00:36.023 D/Device  ( 2414): announce 0 bindAddress=192.168.31.115
01-01 08:00:36.023 D/HTTPMUSocket( 2414): open addr=239.255.255.250,port=1900,bindAddr=192.168.31.115
01-01 08:00:36.025 D/HTTPMUSocket( 2414): send msg:NOTIFY * HTTP/1.1
01-01 08:00:36.025 D/HTTPMUSocket( 2414): Server: Linux/3.18.24_hi3798mv2x UPnP/1.0 CyberLinkJava/1.8
01-01 08:00:36.025 D/HTTPMUSocket( 2414): Cache-Control: max-age=1800
01-01 08:00:36.025 D/HTTPMUSocket( 2414): Location: http://192.168.31.115:38520/description.xml
01-01 08:00:36.025 D/HTTPMUSocket( 2414): NTS: ssdp:alive
01-01 08:00:36.025 D/HTTPMUSocket( 2414): NT: upnp:rootdevice
01-01 08:00:36.025 D/HTTPMUSocket( 2414): USN: uuid:418c7b66-86de-45d5-90fd-13e1eb88db7e::upnp:rootdevice
01-01 08:00:36.025 D/HTTPMUSocket( 2414): HOST: 239.255.255.250:1900
01-01 08:00:36.025 D/HTTPMUSocket( 2414): 
01-01 08:00:36.025 D/HTTPMUSocket( 2414): bindAddr:null and port:-1
01-01 08:00:36.025 D/HTTPMUSocket( 2414): /192.168.31.115
01-01 08:00:36.026 D/HTTPMUSocket( 2414): send msg:NOTIFY * HTTP/1.1
01-01 08:00:36.026 D/HTTPMUSocket( 2414): Server: Linux/3.18.24_hi3798mv2x UPnP/1.0 CyberLinkJava/1.8
01-01 08:00:36.026 D/HTTPMUSocket( 2414): Cache-Control: max-age=1800
01-01 08:00:36.026 D/HTTPMUSocket( 2414): Location: http://192.168.31.115:38520/description.xml
01-01 08:00:36.026 D/HTTPMUSocket( 2414): NTS: ssdp:alive
01-01 08:00:36.026 D/HTTPMUSocket( 2414): NT: uuid:418c7b66-86de-45d5-90fd-13e1eb88db7e
01-01 08:00:36.026 D/HTTPMUSocket( 2414): USN: uuid:418c7b66-86de-45d5-90fd-13e1eb88db7e
01-01 08:00:36.026 D/HTTPMUSocket( 2414): HOST: 239.255.255.250:1900
01-01 08:00:36.026 D/HTTPMUSocket( 2414): 
01-01 08:00:36.026 D/HTTPMUSocket( 2414): bindAddr:null and port:-1
01-01 08:00:36.026 D/HTTPMUSocket( 2414): /192.168.31.115
01-01 08:00:36.026 D/HTTPMUSocket( 2414): send msg:NOTIFY * HTTP/1.1
01-01 08:00:36.026 D/HTTPMUSocket( 2414): Server: Linux/3.18.24_hi3798mv2x UPnP/1.0 CyberLinkJava/1.8
01-01 08:00:36.026 D/HTTPMUSocket( 2414): Cache-Control: max-age=1800
01-01 08:00:36.026 D/HTTPMUSocket( 2414): Location: http://192.168.31.115:38520/description.xml
01-01 08:00:36.026 D/HTTPMUSocket( 2414): NTS: ssdp:alive
01-01 08:00:36.026 D/HTTPMUSocket( 2414): NT: urn:schemas-upnp-org:device:MediaServer:1
01-01 08:00:36.026 D/HTTPMUSocket( 2414): USN: uuid:418c7b66-86de-45d5-90fd-13e1eb88db7e::urn:schemas-upnp-org:device:MediaServer:1
01-01 08:00:36.026 D/HTTPMUSocket( 2414): HOST: 239.255.255.250:1900
01-01 08:00:36.026 D/HTTPMUSocket( 2414): 
01-01 08:00:36.026 D/HTTPMUSocket( 2414): bindAddr:null and port:-1
01-01 08:00:36.027 D/HTTPMUSocket( 2414): /192.168.31.115
01-01 08:00:36.027 D/Device  ( 2414): announce bindAddr=192.168.31.115,devLocation=http://192.168.31.115:38520/description.xml,location=http://192.168.31.115:38520/description.xml
01-01 08:00:36.027 D/Device  ( 2414): announce bindAddr=192.168.31.115,serviceDesUrl=
01-01 08:00:36.027 D/HTTPMUSocket( 2414): open addr=239.255.255.250,port=1900,bindAddr=192.168.31.115
01-01 08:00:36.029 D/TimerUtil( 2414): waitRandom time=300,waitTime=117
01-01 08:00:36.029 D/HTTPMUSocket( 2414): send msg:NOTIFY * HTTP/1.1
01-01 08:00:36.029 D/HTTPMUSocket( 2414): Server: Linux/3.18.24_hi3798mv2x UPnP/1.0 CyberLinkJava/1.8
01-01 08:00:36.029 D/HTTPMUSocket( 2414): Cache-Control: max-age=1800
01-01 08:00:36.029 D/HTTPMUSocket( 2414): Location: http://192.168.31.115:38520/description.xml
01-01 08:00:36.029 D/HTTPMUSocket( 2414): NTS: ssdp:alive
01-01 08:00:36.029 D/HTTPMUSocket( 2414): NT: urn:schemas-upnp-org:service:ContentDirectory:1
01-01 08:00:36.029 D/HTTPMUSocket( 2414): USN: uuid:418c7b66-86de-45d5-90fd-13e1eb88db7e::urn:schemas-upnp-org:service:ContentDirectory:1
01-01 08:00:36.029 D/HTTPMUSocket( 2414): HOST: 239.255.255.250:1900
01-01 08:00:36.029 D/HTTPMUSocket( 2414): 
01-01 08:00:36.029 D/HTTPMUSocket( 2414): bindAddr:null and port:-1
01-01 08:00:36.029 D/HTTPMUSocket( 2414): /192.168.31.115
01-01 08:00:36.029 D/Device  ( 2414): announce bindAddr=192.168.31.115,serviceDesUrl=
01-01 08:00:36.030 D/HTTPMUSocket( 2414): open addr=239.255.255.250,port=1900,bindAddr=192.168.31.115
01-01 08:00:36.032 D/TimerUtil( 2414): waitRandom time=300,waitTime=139
01-01 08:00:36.033 D/HTTPMUSocket( 2414): send msg:NOTIFY * HTTP/1.1
01-01 08:00:36.033 D/HTTPMUSocket( 2414): Server: Linux/3.18.24_hi3798mv2x UPnP/1.0 CyberLinkJava/1.8
01-01 08:00:36.033 D/HTTPMUSocket( 2414): Cache-Control: max-age=1800
01-01 08:00:36.033 D/HTTPMUSocket( 2414): Location: http://192.168.31.115:38520/description.xml
01-01 08:00:36.033 D/HTTPMUSocket( 2414): NTS: ssdp:alive
01-01 08:00:36.033 D/HTTPMUSocket( 2414): NT: urn:schemas-upnp-org:service:ConnectionManager:1
01-01 08:00:36.033 D/HTTPMUSocket( 2414): USN: uuid:418c7b66-86de-45d5-90fd-13e1eb88db7e::urn:schemas-upnp-org:service:ConnectionManager:1
01-01 08:00:36.033 D/HTTPMUSocket( 2414): HOST: 239.255.255.250:1900
01-01 08:00:36.033 D/HTTPMUSocket( 2414): 
01-01 08:00:36.033 D/HTTPMUSocket( 2414): bindAddr:null and port:-1
01-01 08:00:36.033 D/HTTPMUSocket( 2414): /192.168.31.115
01-01 08:00:36.033 D/Device  ( 2414): announce bindAddr=192.168.31.115,serviceDesUrl=
01-01 08:00:36.033 D/HTTPMUSocket( 2414): open addr=239.255.255.250,port=1900,bindAddr=192.168.31.115
01-01 08:00:36.035 D/TimerUtil( 2414): waitRandom time=300,waitTime=222
01-01 08:00:36.036 D/HTTPMUSocket( 2414): send msg:NOTIFY * HTTP/1.1
01-01 08:00:36.036 D/HTTPMUSocket( 2414): Server: Linux/3.18.24_hi3798mv2x UPnP/1.0 CyberLinkJava/1.8
01-01 08:00:36.036 D/HTTPMUSocket( 2414): Cache-Control: max-age=1800
01-01 08:00:36.036 D/HTTPMUSocket( 2414): Location: http://192.168.31.115:38520/description.xml
01-01 08:00:36.036 D/HTTPMUSocket( 2414): NTS: ssdp:alive
01-01 08:00:36.036 D/HTTPMUSocket( 2414): NT: urn:schemas-upnp-org:service:AVTransport:1
01-01 08:00:36.036 D/HTTPMUSocket( 2414): USN: uuid:418c7b66-86de-45d5-90fd-13e1eb88db7e::urn:schemas-upnp-org:service:AVTransport:1
01-01 08:00:36.036 D/HTTPMUSocket( 2414): HOST: 239.255.255.250:1900
01-01 08:00:36.036 D/HTTPMUSocket( 2414): 
01-01 08:00:36.036 D/HTTPMUSocket( 2414): bindAddr:null and port:-1
01-01 08:00:36.036 D/HTTPMUSocket( 2414): /192.168.31.115
01-01 08:00:36.036 D/Device  ( 2414): announce bindAddr=192.168.31.115,serviceDesUrl=
01-01 08:00:36.038 D/HTTPMUSocket( 2414): open addr=239.255.255.250,port=1900,bindAddr=192.168.31.115
01-01 08:00:36.039 D/TimerUtil( 2414): waitRandom time=300,waitTime=53
01-01 08:00:36.039 D/HTTPMUSocket( 2414): send msg:NOTIFY * HTTP/1.1
01-01 08:00:36.039 D/HTTPMUSocket( 2414): Server: Linux/3.18.24_hi3798mv2x UPnP/1.0 CyberLinkJava/1.8
01-01 08:00:36.039 D/HTTPMUSocket( 2414): Cache-Control: max-age=1800
01-01 08:00:36.039 D/HTTPMUSocket( 2414): Location: http://192.168.31.115:38520/description.xml
01-01 08:00:36.039 D/HTTPMUSocket( 2414): NTS: ssdp:alive
01-01 08:00:36.039 D/HTTPMUSocket( 2414): NT: urn:sumavision.com:service:X_SUMA_EVENT:1
01-01 08:00:36.039 D/HTTPMUSocket( 2414): USN: uuid:418c7b66-86de-45d5-90fd-13e1eb88db7e::urn:sumavision.com:service:X_SUMA_EVENT:1
01-01 08:00:36.039 D/HTTPMUSocket( 2414): HOST: 239.255.255.250:1900
01-01 08:00:36.039 D/HTTPMUSocket( 2414): 
01-01 08:00:36.039 D/HTTPMUSocket( 2414): bindAddr:null and port:-1
01-01 08:00:36.039 D/HTTPMUSocket( 2414): /192.168.31.115
01-01 08:00:36.040 I/CAEventService( 2414): startCAEventMonitor mediaServer:com.suma.midware.dms.c.g@114448c6
01-01 08:00:36.040 I/HTTPServer( 2414): open socket with port : 9527:addr:
01-01 08:00:36.040 D/HTTPServerList( 2414): start...with server size:1
01-01 08:00:36.040 D/HTTPServerList( 2414): Begin start server:org.cybergarage.a.h@24ac2b52
01-01 08:00:36.040 D/Advertiser( 2414): Advertise12:45000 at time:1420070436040 with thread:org.cybergarage.d.b.a@25ed9e23
01-01 08:00:36.046 D/FileIOUtil( 2414): [TN_ThreadUtil-restart_dms_service]forceCreateFile filePath=/data/ngb/rma/js/fileinfo.js,isDir=false
01-01 08:00:36.046 D/FileIOUtil( 2414): [TN_ThreadUtil-restart_dms_service]forceCreateFile file=/data/ngb/rma/js/fileinfo.js,isDir=false
01-01 08:00:36.046 E/MediaJs ( 2414): [TN_ThreadUtil-restart_dms_service]writeJsFile path=/data/ngb/rma/js/fileinfo.js create failed
01-01 08:00:36.219 D/BackBootDealerNeimeng( 2358): standbyState:
01-01 08:00:36.219 E/NetUtils( 2018): Interface eth0 LinkDown!
01-01 08:00:36.625 I/ActivityManager( 2018): Waited long enough for: ServiceRecord{182302be u0 com.sumavision.admindm/.Session}
01-01 08:00:36.674 D/GlobalBackService( 2445): [TN_ThreadUtil-0]begin to monitor，injectEpgVersion=0,curEpgVersion=0 
01-01 08:00:36.674 D/GlobalBackService( 2445): [TN_ThreadUtil-0]tim=java.util.GregorianCalendar[time=1420070436674,areFieldsSet=true,lenient=true,zone=Asia/Shanghai,firstDayOfWeek=1,minimalDaysInFirstWeek=1,ERA=1,YEAR=2015,MONTH=0,WEEK_OF_YEAR=1,WEEK_OF_MONTH=1,DAY_OF_MONTH=1,DAY_OF_YEAR=1,DAY_OF_WEEK=5,DAY_OF_WEEK_IN_MONTH=1,AM_PM=0,HOUR=8,HOUR_OF_DAY=8,MINUTE=0,SECOND=36,MILLISECOND=674,ZONE_OFFSET=28800000,DST_OFFSET=0] error
01-01 08:00:36.719 D/BackBootDealerNeimeng( 2358): standbyState:
01-01 08:00:36.720 E/NetUtils( 2018): Interface eth0 LinkDown!
01-01 08:00:36.895 D/PlayActivity( 2761): dealMessageTile,curChannel:[DirectChannel@32501b]channelID[0]oNetID[1]tsID[31]serviceID[3102]freq[371000]name[CCTV-1高清]serviceType[8]attr[16384]serialNum[1]serialNum4[1]pcrPID[49]refServiceID[-1]:isChannelIvideoShift:false
01-01 08:00:36.895 D/PlayActivity( 2761): dealViewAnimation and view is :com.autolayout.AutoRelativeLayout{2e11d461 I.E..... ......ID 0,0-1280,720 #7f0b01e4 app:id/playcontrol_message_tile}, oldState is :0, destiState is :4, isNeedAct is :true, type is :6
01-01 08:00:36.895 D/PlayActivity( 2761): dealViewAnimation and view is :com.autolayout.AutoRelativeLayout{30532b86 I.E..... ........ 905,0-1280,550 #7f0b01e5 app:id/playcontrol_message_adv}, oldState is :0, destiState is :4, isNeedAct is :true, type is :0
01-01 08:00:36.897 D/PlayActivity( 2761): dealViewAnimation and view is :com.autolayout.AutoRelativeLayout{2263edba I.E..... .......D 1024,50-1189,132 #7f0b01e7 app:id/playcontrol_channel_num}, oldState is :0, destiState is :4, isNeedAct is :true, type is :0
01-01 08:00:36.897 D/SoundAndroidAdmin( 2358): [TN_Binder_1]isMute state=false
01-01 08:00:36.897 D/PlayActivity( 2761): PropManager.getSoundManager().isMute():false
01-01 08:00:36.897 D/PlayActivity( 2761): requestCornerMarkDisplay
01-01 08:00:36.897 D/PlayActivity( 2761): requestAdv adv advType :10:channel:null
01-01 08:00:36.898 D/EsgNeiMengDealer( 2358): findRightAdv,curAreaId:0:curAcId:0
01-01 08:00:36.898 D/EsgNeiMengDealer( 2358): [TN_Binder_3]findRightAdv areaCode=0
01-01 08:00:36.898 D/EsgNeiMengDealer( 2358): [TN_Binder_3]findRightAdv groupIndex=0
01-01 08:00:36.898 D/EsgNeiMengDealer( 2358): [TN_Binder_3]findRightAdv adType=10,locator=[EsgLocator@32501b]oNetID[1]tsID[31]serviceID[3102]freq[371000],size=3
01-01 08:00:36.898 D/EsgNeiMengDealer( 2358): [TN_Binder_3]findRightAdv curTime=1420070436898,hasLocalGroup=false,formatTime=20150101 080036
01-01 08:00:36.898 D/PlayActivity( 2761): getAdvs end,advType:10:advs:[]
01-01 08:00:36.898 D/SoundAndroidAdmin( 2358): [TN_Binder_2]isMute state=false
01-01 08:00:36.900 W/art     ( 2761): No such thread id for suspend: 28
01-01 08:00:37.221 D/BackBootDealerNeimeng( 2358): standbyState:
01-01 08:00:37.221 E/NetUtils( 2018): Interface eth0 LinkDown!
01-01 08:00:37.722 D/BackBootDealerNeimeng( 2358): standbyState:
01-01 08:00:37.723 E/NetUtils( 2018): Interface eth0 LinkDown!
01-01 08:00:37.880 D/EpgPFDirectReceiver( 2358): [TN_AndroidTimer-0]pf receive overTime
01-01 08:00:37.880 D/EpgPFDirectReceiver( 2358): [TN_AndroidTimer-0]start channel=[DirectChannel@32501b]channelID[0]oNetID[1]tsID[31]serviceID[3102]freq[371000]name[CCTV-1高清]serviceType[8]attr[16384]serialNum[1]serialNum4[1]pcrPID[49]refServiceID[-1],overTime=600,defaultOverTime=6000
01-01 08:00:37.881 I/System.out( 2358): [DEBUG EPGManager] [EPGManager]-PF-retrieve service with 1st method !
01-01 08:00:37.881 I/System.out( 2358): [DEBUG EPGQuery] send request msg...:org.ngb.toolkit.epg.EPGManager$4@19e6a6e9
01-01 08:00:37.881 D/EPGmanager( 2358): getProgramServiceNFollowing f.frequency:371000   ,f.type: 68 ,setFrequence 0
01-01 08:00:37.882 V/SUMA    ( 1581): [dvb_server_dbs] EIT_GET_TABLE,err[1],[0x1][0x1f][0xc1e]
01-01 08:00:37.882 V/SUMA    ( 1581): [eit] eit_pf_tmr_start() Roc_Timer_Start ok !!! timeout=90000
01-01 08:00:37.882 V/SUMA    ( 1581): [eit] dvb_si_eit_dbs_get_table() leave, chanid=0 freq=371000, onid=0x1, tsid=0x1f, svid=0xc1e, type=0x0
01-01 08:00:37.882 D/EPGmanager( 2358): ProgramServiceNFollowing 
01-01 08:00:37.882 I/System.out( 2358): [DEBUG EPGManager] The service is null !
01-01 08:00:37.882 I/System.out( 2358): [DEBUG EPGQueryThread] Add epg request:org.ngb.toolkit.epg.EPGManager$4@2d3f6da3
01-01 08:00:37.882 D/EpgPFDirectReceiver( 2358): [TN_ThreadUtil-3]postEvent event=org.sumavision.epg.FailureEvent[source=org.sumavision.epg.EGPRequestImpl@67b88a0]
01-01 08:00:37.883 D/EpgPFDirectReceiver( 2358): [TN_ThreadUtil-3]postEvent code=1
01-01 08:00:37.996 I/StateVariable( 2414): curr value 11 value : 11
01-01 08:00:38.223 D/BackBootDealerNeimeng( 2358): standbyState:
01-01 08:00:38.224 E/NetUtils( 2018): Interface eth0 LinkDown!
01-01 08:00:38.308 E/WifiStateMachine( 2018): WifiStateMachine CMD_START_SCAN source -2 txSuccessRate=17.06 rxSuccessRate=8.00 targetRoamBSSID=78:11:dc:10:d5:2d RSSI=-23
01-01 08:00:38.308 E/WifiStateMachine( 2018): WifiStateMachine L2Connected CMD_START_SCAN source -2 4, 5 -> obsolete
01-01 08:00:38.483 I/System.out( 2358): [DEBUG EPGQuery] send request msg...:org.ngb.toolkit.epg.EPGManager$4@2d3f6da3
01-01 08:00:38.483 D/EpgPFDirectReceiver( 2358): [TN_ThreadUtil-3]postEvent event=org.sumavision.epg.FailureEvent[source=org.sumavision.epg.EGPRequestImpl@31fa1c59]
01-01 08:00:38.483 D/EpgPFDirectReceiver( 2358): [TN_ThreadUtil-3]postEvent code=1
01-01 08:00:38.725 D/BackBootDealerNeimeng( 2358): standbyState:
01-01 08:00:38.725 E/NetUtils( 2018): Interface eth0 LinkDown!
01-01 08:00:39.226 D/BackBootDealerNeimeng( 2358): standbyState:
01-01 08:00:39.227 E/NetUtils( 2018): Interface eth0 LinkDown!
01-01 08:00:39.727 D/BackBootDealerNeimeng( 2358): standbyState:
01-01 08:00:39.728 E/NetUtils( 2018): Interface eth0 LinkDown!
01-01 08:00:40.229 D/BackBootDealerNeimeng( 2358): standbyState:
01-01 08:00:40.229 E/NetUtils( 2018): Interface eth0 LinkDown!
01-01 08:00:40.730 D/BackBootDealerNeimeng( 2358): standbyState:
01-01 08:00:40.731 E/NetUtils( 2018): Interface eth0 LinkDown!
01-01 08:00:41.231 D/BackBootDealerNeimeng( 2358): standbyState:
01-01 08:00:41.232 E/NetUtils( 2018): Interface eth0 LinkDown!
01-01 08:00:41.732 D/BackBootDealerNeimeng( 2358): standbyState:
01-01 08:00:41.733 E/NetUtils( 2018): Interface eth0 LinkDown!
01-01 08:00:42.234 D/BackBootDealerNeimeng( 2358): standbyState:
01-01 08:00:42.235 E/NetUtils( 2018): Interface eth0 LinkDown!
01-01 08:00:42.735 D/BackBootDealerNeimeng( 2358): standbyState:
01-01 08:00:42.736 E/NetUtils( 2018): Interface eth0 LinkDown!
01-01 08:00:43.236 D/BackBootDealerNeimeng( 2358): standbyState:
01-01 08:00:43.237 E/NetUtils( 2018): Interface eth0 LinkDown!
01-01 08:00:43.737 D/BackBootDealerNeimeng( 2358): standbyState:
01-01 08:00:43.739 E/NetUtils( 2018): Interface eth0 LinkDown!
01-01 08:00:44.239 D/BackBootDealerNeimeng( 2358): standbyState:
01-01 08:00:44.240 E/NetUtils( 2018): Interface eth0 LinkDown!
01-01 08:00:44.740 D/BackBootDealerNeimeng( 2358): standbyState:
01-01 08:00:44.741 E/NetUtils( 2018): Interface eth0 LinkDown!
01-01 08:00:44.857 D/IvideoBaseDealer( 2358): [TN_Binder_3]startDirect state=1
01-01 08:00:44.858 E/IvideoConfig( 2358): getLocationMap locations null
01-01 08:00:44.859 D/IvideoReqCmd( 2358): [TN_ThreadUtil-15]getHttpgetTask url=http://ipvod-portal.96066.com:8030/PortalServer-App/new/ptl_ipvp_cmn_cmn006?ptype=8&plocation=&puser=&ptoken=00000000000000000000000000000000&pversion=040101&pserverAddress=http://ipvod-portal.96066.com:8030/PortalServer-App/&pserialNumber=15510217310112851&locationID=
01-01 08:00:44.860 D/LoadHttpHandler( 2358): [TN_ThreadUtil-15]doNormal proxyConfig=null
01-01 08:00:44.866 E/LoadHttpHandler( 2358): [TN_ThreadUtil-15]doNormal illegal url=http://ipvod-portal.96066.com:8030/PortalServer-App/new/ptl_ipvp_cmn_cmn006?ptype=8&plocation=&puser=&ptoken=00000000000000000000000000000000&pversion=040101&pserverAddress=http://ipvod-portal.96066.com:8030/PortalServer-App/&pserialNumber=15510217310112851&locationID=,exceptionName=java.net.UnknownHostException
01-01 08:00:44.866 W/System.err( 2358): java.net.UnknownHostException: Unable to resolve host "ipvod-portal.96066.com": No address associated with hostname
01-01 08:00:44.867 W/System.err( 2358): 	at java.net.InetAddress.lookupHostByName(InetAddress.java:457)
01-01 08:00:44.867 W/System.err( 2358): 	at java.net.InetAddress.getAllByNameImpl(InetAddress.java:252)
01-01 08:00:44.867 W/System.err( 2358): 	at java.net.InetAddress.getAllByName(InetAddress.java:215)
01-01 08:00:44.867 W/System.err( 2358): 	at com.android.okhttp.HostResolver$1.getAllByName(HostResolver.java:29)
01-01 08:00:44.867 W/System.err( 2358): 	at com.android.okhttp.internal.http.RouteSelector.resetNextInetSocketAddress(RouteSelector.java:232)
01-01 08:00:44.867 W/System.err( 2358): 	at com.android.okhttp.internal.http.RouteSelector.next(RouteSelector.java:124)
01-01 08:00:44.867 W/System.err( 2358): 	at com.android.okhttp.internal.http.HttpEngine.connect(HttpEngine.java:272)
01-01 08:00:44.867 W/System.err( 2358): 	at com.android.okhttp.internal.http.HttpEngine.sendRequest(HttpEngine.java:211)
01-01 08:00:44.867 W/System.err( 2358): 	at com.android.okhttp.internal.http.HttpURLConnectionImpl.execute(HttpURLConnectionImpl.java:382)
01-01 08:00:44.868 W/System.err( 2358): 	at com.android.okhttp.internal.http.HttpURLConnectionImpl.connect(HttpURLConnectionImpl.java:106)
01-01 08:00:44.868 W/System.err( 2358): 	at com.suma.midware.prop.download.LoadHttpHandler.c(Unknown Source)
01-01 08:00:44.868 W/System.err( 2358): 	at com.suma.midware.prop.download.LoadHttpHandler.a(Unknown Source)
01-01 08:00:44.868 W/System.err( 2358): 	at com.suma.midware.prop.download.b.a(Unknown Source)
01-01 08:00:44.868 W/System.err( 2358): 	at com.suma.midware.prop.ivideo.a.d.a(Unknown Source)
01-01 08:00:44.868 W/System.err( 2358): 	at com.suma.midware.prop.ivideo.a.b.b(Unknown Source)
01-01 08:00:44.868 W/System.err( 2358): 	at com.suma.midware.back.ivideo.neimeng.IvideoDealerNeimeng.a(Unknown Source)
01-01 08:00:44.868 W/System.err( 2358): 	at com.suma.midware.back.ivideo.neimeng.IvideoDealerNeimeng.e(Unknown Source)
01-01 08:00:44.868 W/System.err( 2358): 	at com.suma.midware.back.ivideo.e.run(Unknown Source)
01-01 08:00:44.868 W/System.err( 2358): 	at com.suma.midware.prop.util.c.run(Unknown Source)
01-01 08:00:44.868 W/System.err( 2358): 	at java.lang.Thread.run(Thread.java:818)
01-01 08:00:44.868 W/System.err( 2358): Caused by: android.system.GaiException: android_getaddrinfo failed: EAI_NODATA (No address associated with hostname)
01-01 08:00:44.869 W/System.err( 2358): 	at libcore.io.Posix.android_getaddrinfo(Native Method)
01-01 08:00:44.869 W/System.err( 2358): 	at libcore.io.ForwardingOs.android_getaddrinfo(ForwardingOs.java:55)
01-01 08:00:44.869 W/System.err( 2358): 	at java.net.InetAddress.lookupHostByName(InetAddress.java:438)
01-01 08:00:44.869 W/System.err( 2358): 	... 19 more
01-01 08:00:44.869 E/IvideoReqCmd( 2358): [TN_ThreadUtil-15]startIvideoReq httpTask download failed
01-01 08:00:44.870 E/IvideoConfig( 2358): getLocationMap locations null
01-01 08:00:44.871 D/IvideoReqCmd( 2358): [TN_ThreadUtil-15]getHttpgetTask url=http://ipvod-portal.96066.com:8030/PortalServer-App/new/ptl_ipvp_cmn_cmn007?ptype=8&plocation=&puser=&ptoken=00000000000000000000000000000000&pversion=040101&pserverAddress=http://ipvod-portal.96066.com:8030/PortalServer-App/&pserialNumber=15510217310112851&dateFormat=yyyyMMddHHmmss
01-01 08:00:44.872 D/LoadHttpHandler( 2358): [TN_ThreadUtil-15]doNormal proxyConfig=null
01-01 08:00:44.877 E/LoadHttpHandler( 2358): [TN_ThreadUtil-15]doNormal illegal url=http://ipvod-portal.96066.com:8030/PortalServer-App/new/ptl_ipvp_cmn_cmn007?ptype=8&plocation=&puser=&ptoken=00000000000000000000000000000000&pversion=040101&pserverAddress=http://ipvod-portal.96066.com:8030/PortalServer-App/&pserialNumber=15510217310112851&dateFormat=yyyyMMddHHmmss,exceptionName=java.net.UnknownHostException
01-01 08:00:44.877 W/System.err( 2358): java.net.UnknownHostException: Unable to resolve host "ipvod-portal.96066.com": No address associated with hostname
01-01 08:00:44.877 W/System.err( 2358): 	at java.net.InetAddress.lookupHostByName(InetAddress.java:427)
01-01 08:00:44.877 W/System.err( 2358): 	at java.net.InetAddress.getAllByNameImpl(InetAddress.java:252)
01-01 08:00:44.877 W/System.err( 2358): 	at java.net.InetAddress.getAllByName(InetAddress.java:215)
01-01 08:00:44.877 W/System.err( 2358): 	at com.android.okhttp.HostResolver$1.getAllByName(HostResolver.java:29)
01-01 08:00:44.877 W/System.err( 2358): 	at com.android.okhttp.internal.http.RouteSelector.resetNextInetSocketAddress(RouteSelector.java:232)
01-01 08:00:44.877 W/System.err( 2358): 	at com.android.okhttp.internal.http.RouteSelector.next(RouteSelector.java:124)
01-01 08:00:44.878 W/System.err( 2358): 	at com.android.okhttp.internal.http.HttpEngine.connect(HttpEngine.java:272)
01-01 08:00:44.878 W/System.err( 2358): 	at com.android.okhttp.internal.http.HttpEngine.sendRequest(HttpEngine.java:211)
01-01 08:00:44.878 W/System.err( 2358): 	at com.android.okhttp.internal.http.HttpURLConnectionImpl.execute(HttpURLConnectionImpl.java:382)
01-01 08:00:44.878 W/System.err( 2358): 	at com.android.okhttp.internal.http.HttpURLConnectionImpl.connect(HttpURLConnectionImpl.java:106)
01-01 08:00:44.878 W/System.err( 2358): 	at com.suma.midware.prop.download.LoadHttpHandler.c(Unknown Source)
01-01 08:00:44.878 W/System.err( 2358): 	at com.suma.midware.prop.download.LoadHttpHandler.a(Unknown Source)
01-01 08:00:44.878 W/System.err( 2358): 	at com.suma.midware.prop.download.b.a(Unknown Source)
01-01 08:00:44.878 W/System.err( 2358): 	at com.suma.midware.prop.ivideo.a.d.a(Unknown Source)
01-01 08:00:44.878 W/System.err( 2358): 	at com.suma.midware.prop.ivideo.a.b.d(Unknown Source)
01-01 08:00:44.878 W/System.err( 2358): 	at com.suma.midware.back.ivideo.neimeng.IvideoDealerNeimeng.b(Unknown Source)
01-01 08:00:44.878 W/System.err( 2358): 	at com.suma.midware.back.ivideo.neimeng.IvideoDealerNeimeng.e(Unknown Source)
01-01 08:00:44.878 W/System.err( 2358): 	at com.suma.midware.back.ivideo.e.run(Unknown Source)
01-01 08:00:44.878 W/System.err( 2358): 	at com.suma.midware.prop.util.c.run(Unknown Source)
01-01 08:00:44.878 W/System.err( 2358): 	at java.lang.Thread.run(Thread.java:818)
01-01 08:00:44.878 E/IvideoReqCmd( 2358): [TN_ThreadUtil-15]startIvideoReq httpTask download failed
01-01 08:00:44.879 E/IvideoConfig( 2358): getLocationMap locations null
01-01 08:00:44.880 D/IvideoReqCmd( 2358): [TN_ThreadUtil-15]getHttpgetTask url=http://ipvod-portal.96066.com:8030/PortalServer-App/new/ptl_ipvp_cmn_cmn004?ptype=8&plocation=&puser=&ptoken=00000000000000000000000000000000&pversion=040101&pserverAddress=http://ipvod-portal.96066.com:8030/PortalServer-App/&pserialNumber=15510217310112851&what=0
01-01 08:00:44.882 D/LoadHttpHandler( 2358): [TN_ThreadUtil-15]doNormal proxyConfig=null
01-01 08:00:44.884 E/LoadHttpHandler( 2358): [TN_ThreadUtil-15]doNormal illegal url=http://ipvod-portal.96066.com:8030/PortalServer-App/new/ptl_ipvp_cmn_cmn004?ptype=8&plocation=&puser=&ptoken=00000000000000000000000000000000&pversion=040101&pserverAddress=http://ipvod-portal.96066.com:8030/PortalServer-App/&pserialNumber=15510217310112851&what=0,exceptionName=java.net.UnknownHostException
01-01 08:00:44.884 W/System.err( 2358): java.net.UnknownHostException: Unable to resolve host "ipvod-portal.96066.com": No address associated with hostname
01-01 08:00:44.885 W/System.err( 2358): 	at java.net.InetAddress.lookupHostByName(InetAddress.java:427)
01-01 08:00:44.885 W/System.err( 2358): 	at java.net.InetAddress.getAllByNameImpl(InetAddress.java:252)
01-01 08:00:44.885 W/System.err( 2358): 	at java.net.InetAddress.getAllByName(InetAddress.java:215)
01-01 08:00:44.885 W/System.err( 2358): 	at com.android.okhttp.HostResolver$1.getAllByName(HostResolver.java:29)
01-01 08:00:44.885 W/System.err( 2358): 	at com.android.okhttp.internal.http.RouteSelector.resetNextInetSocketAddress(RouteSelector.java:232)
01-01 08:00:44.885 W/System.err( 2358): 	at com.android.okhttp.internal.http.RouteSelector.next(RouteSelector.java:124)
01-01 08:00:44.885 W/System.err( 2358): 	at com.android.okhttp.internal.http.HttpEngine.connect(HttpEngine.java:272)
01-01 08:00:44.885 W/System.err( 2358): 	at com.android.okhttp.internal.http.HttpEngine.sendRequest(HttpEngine.java:211)
01-01 08:00:44.885 W/System.err( 2358): 	at com.android.okhttp.internal.http.HttpURLConnectionImpl.execute(HttpURLConnectionImpl.java:382)
01-01 08:00:44.886 W/System.err( 2358): 	at com.android.okhttp.internal.http.HttpURLConnectionImpl.connect(HttpURLConnectionImpl.java:106)
01-01 08:00:44.886 W/System.err( 2358): 	at com.suma.midware.prop.download.LoadHttpHandler.c(Unknown Source)
01-01 08:00:44.886 W/System.err( 2358): 	at com.suma.midware.prop.download.LoadHttpHandler.a(Unknown Source)
01-01 08:00:44.886 W/System.err( 2358): 	at com.suma.midware.prop.download.b.a(Unknown Source)
01-01 08:00:44.886 W/System.err( 2358): 	at com.suma.midware.prop.ivideo.a.d.a(Unknown Source)
01-01 08:00:44.886 W/System.err( 2358): 	at com.suma.midware.prop.ivideo.a.b.a(Unknown Source)
01-01 08:00:44.886 W/System.err( 2358): 	at com.suma.midware.back.ivideo.neimeng.IvideoDealerNeimeng.e(Unknown Source)
01-01 08:00:44.886 W/System.err( 2358): 	at com.suma.midware.back.ivideo.neimeng.IvideoDealerNeimeng.e(Unknown Source)
01-01 08:00:44.886 W/System.err( 2358): 	at com.suma.midware.back.ivideo.e.run(Unknown Source)
01-01 08:00:44.886 W/System.err( 2358): 	at com.suma.midware.prop.util.c.run(Unknown Source)
01-01 08:00:44.886 W/System.err( 2358): 	at java.lang.Thread.run(Thread.java:818)
01-01 08:00:44.886 E/IvideoReqCmd( 2358): [TN_ThreadUtil-15]startIvideoReq httpTask download failed
01-01 08:00:44.887 E/IvideoConfig( 2358): getLocationMap locations null
01-01 08:00:44.888 D/IvideoReqCmd( 2358): [TN_ThreadUtil-15]getHttpgetTask url=http://ipvod-portal.96066.com:8030/PortalServer-App/new/ptl_ipvp_cmn_cmn009?ptype=8&plocation=&puser=&ptoken=00000000000000000000000000000000&pversion=040101&pserverAddress=http://ipvod-portal.96066.com:8030/PortalServer-App/&pserialNumber=15510217310112851
01-01 08:00:44.889 D/LoadHttpHandler( 2358): [TN_ThreadUtil-15]doNormal proxyConfig=null
01-01 08:00:44.894 E/LoadHttpHandler( 2358): [TN_ThreadUtil-15]doNormal illegal url=http://ipvod-portal.96066.com:8030/PortalServer-App/new/ptl_ipvp_cmn_cmn009?ptype=8&plocation=&puser=&ptoken=00000000000000000000000000000000&pversion=040101&pserverAddress=http://ipvod-portal.96066.com:8030/PortalServer-App/&pserialNumber=15510217310112851,exceptionName=java.net.UnknownHostException
01-01 08:00:44.894 W/System.err( 2358): java.net.UnknownHostException: Unable to resolve host "ipvod-portal.96066.com": No address associated with hostname
01-01 08:00:44.894 W/System.err( 2358): 	at java.net.InetAddress.lookupHostByName(InetAddress.java:427)
01-01 08:00:44.894 W/System.err( 2358): 	at java.net.InetAddress.getAllByNameImpl(InetAddress.java:252)
01-01 08:00:44.894 W/System.err( 2358): 	at java.net.InetAddress.getAllByName(InetAddress.java:215)
01-01 08:00:44.895 W/System.err( 2358): 	at com.android.okhttp.HostResolver$1.getAllByName(HostResolver.java:29)
01-01 08:00:44.895 W/System.err( 2358): 	at com.android.okhttp.internal.http.RouteSelector.resetNextInetSocketAddress(RouteSelector.java:232)
01-01 08:00:44.895 W/System.err( 2358): 	at com.android.okhttp.internal.http.RouteSelector.next(RouteSelector.java:124)
01-01 08:00:44.895 W/System.err( 2358): 	at com.android.okhttp.internal.http.HttpEngine.connect(HttpEngine.java:272)
01-01 08:00:44.895 W/System.err( 2358): 	at com.android.okhttp.internal.http.HttpEngine.sendRequest(HttpEngine.java:211)
01-01 08:00:44.895 W/System.err( 2358): 	at com.android.okhttp.internal.http.HttpURLConnectionImpl.execute(HttpURLConnectionImpl.java:382)
01-01 08:00:44.895 W/System.err( 2358): 	at com.android.okhttp.internal.http.HttpURLConnectionImpl.connect(HttpURLConnectionImpl.java:106)
01-01 08:00:44.895 W/System.err( 2358): 	at com.suma.midware.prop.download.LoadHttpHandler.c(Unknown Source)
01-01 08:00:44.895 W/System.err( 2358): 	at com.suma.midware.prop.download.LoadHttpHandler.a(Unknown Source)
01-01 08:00:44.895 W/System.err( 2358): 	at com.suma.midware.prop.download.b.a(Unknown Source)
01-01 08:00:44.895 W/System.err( 2358): 	at com.suma.midware.prop.ivideo.a.d.a(Unknown Source)
01-01 08:00:44.895 W/System.err( 2358): 	at com.suma.midware.prop.ivideo.a.b.c(Unknown Source)
01-01 08:00:44.895 W/System.err( 2358): 	at com.suma.midware.back.ivideo.neimeng.IvideoDealerNeimeng.f(Unknown Source)
01-01 08:00:44.895 W/System.err( 2358): 	at com.suma.midware.back.ivideo.neimeng.IvideoDealerNeimeng.e(Unknown Source)
01-01 08:00:44.895 W/System.err( 2358): 	at com.suma.midware.back.ivideo.e.run(Unknown Source)
01-01 08:00:44.895 W/System.err( 2358): 	at com.suma.midware.prop.util.c.run(Unknown Source)
01-01 08:00:44.895 W/System.err( 2358): 	at java.lang.Thread.run(Thread.java:818)
01-01 08:00:44.896 E/IvideoReqCmd( 2358): [TN_ThreadUtil-15]startIvideoReq httpTask download failed
01-01 08:00:45.241 D/BackBootDealerNeimeng( 2358): standbyState:
01-01 08:00:45.242 E/NetUtils( 2018): Interface eth0 LinkDown!
01-01 08:00:45.742 D/BackBootDealerNeimeng( 2358): standbyState:
01-01 08:00:45.743 E/NetUtils( 2018): Interface eth0 LinkDown!
01-01 08:00:46.243 D/BackBootDealerNeimeng( 2358): standbyState:
01-01 08:00:46.244 E/NetUtils( 2018): Interface eth0 LinkDown!
01-01 08:00:46.675 D/GlobalBackService( 2445): [TN_ThreadUtil-0]begin to monitor，injectEpgVersion=0,curEpgVersion=0 
01-01 08:00:46.675 D/GlobalBackService( 2445): [TN_ThreadUtil-0]tim=java.util.GregorianCalendar[time=1420070446675,areFieldsSet=true,lenient=true,zone=Asia/Shanghai,firstDayOfWeek=1,minimalDaysInFirstWeek=1,ERA=1,YEAR=2015,MONTH=0,WEEK_OF_YEAR=1,WEEK_OF_MONTH=1,DAY_OF_MONTH=1,DAY_OF_YEAR=1,DAY_OF_WEEK=5,DAY_OF_WEEK_IN_MONTH=1,AM_PM=0,HOUR=8,HOUR_OF_DAY=8,MINUTE=0,SECOND=46,MILLISECOND=675,ZONE_OFFSET=28800000,DST_OFFSET=0] error
01-01 08:00:46.744 D/BackBootDealerNeimeng( 2358): standbyState:
01-01 08:00:46.745 E/NetUtils( 2018): Interface eth0 LinkDown!
01-01 08:00:47.246 D/BackBootDealerNeimeng( 2358): standbyState:
01-01 08:00:47.246 E/NetUtils( 2018): Interface eth0 LinkDown!
01-01 08:00:47.747 D/BackBootDealerNeimeng( 2358): standbyState:
01-01 08:00:47.748 E/NetUtils( 2018): Interface eth0 LinkDown!
01-01 08:00:48.248 D/BackBootDealerNeimeng( 2358): standbyState:
01-01 08:00:48.249 E/NetUtils( 2018): Interface eth0 LinkDown!
01-01 08:00:48.750 D/BackBootDealerNeimeng( 2358): standbyState:
01-01 08:00:48.750 E/NetUtils( 2018): Interface eth0 LinkDown!
01-01 08:00:49.251 D/BackBootDealerNeimeng( 2358): standbyState:
01-01 08:00:49.252 E/NetUtils( 2018): Interface eth0 LinkDown!
01-01 08:00:49.752 D/BackBootDealerNeimeng( 2358): standbyState:
01-01 08:00:49.753 E/NetUtils( 2018): Interface eth0 LinkDown!
01-01 08:00:50.254 D/BackBootDealerNeimeng( 2358): standbyState:
01-01 08:00:50.254 E/NetUtils( 2018): Interface eth0 LinkDown!
01-01 08:00:50.591 D/IPLoaderNeimeng( 2358): after wait time08:00:50:monitorInterval:5000
01-01 08:00:50.591 D/IPLoaderNeimeng( 2358): before dealUpdateCheck time:08:00:50:isMsgBroadcast:false:monitorInterval:5000:processState:1
01-01 08:00:50.591 D/IPLoaderNeimeng( 2358): dealUpdateCheck isFirstSuccessUpdate:false:monitorInterval:5000
01-01 08:00:50.591 D/LoadHttpHandler( 2358): [TN_ThreadUtil-4]doNormal proxyConfig=null
01-01 08:00:50.755 D/BackBootDealerNeimeng( 2358): standbyState:
01-01 08:00:50.756 E/NetUtils( 2018): Interface eth0 LinkDown!
01-01 08:00:50.878 D/AppUtil ( 2358): [TN_ThreadUtil-1]getActivityPkg index=0,comp=ComponentInfo{com.suma.midware.dvb/com.suma.midware.dvb.play.PlayActivity}
01-01 08:00:50.878 D/AppKiller( 2358): [TN_ThreadUtil-1]backKill curPkgName=com.suma.midware.dvb
01-01 08:00:51.256 D/BackBootDealerNeimeng( 2358): standbyState:
01-01 08:00:51.257 E/NetUtils( 2018): Interface eth0 LinkDown!
01-01 08:00:51.757 D/BackBootDealerNeimeng( 2358): standbyState:
01-01 08:00:51.758 E/NetUtils( 2018): Interface eth0 LinkDown!
01-01 08:00:52.076 D/LoadHttpHandler( 2358): [TN_ThreadUtil-4]doNormal responseCode=404
01-01 08:00:52.076 D/LoadHttpTask( 2358): dealUpdateCheck responseCode:404:data:null:downloadResult:false
01-01 08:00:52.077 D/IPLoaderNeimeng( 2358): after dealUpdateCheck time:08:00:52:isMsgBroadcast:false:monitorInterval:5000:processState:1
01-01 08:00:52.077 D/IPLoaderNeimeng( 2358): before wait time08:00:52:monitorInterval:5000
01-01 08:00:52.259 D/BackBootDealerNeimeng( 2358): standbyState:
01-01 08:00:52.260 E/NetUtils( 2018): Interface eth0 LinkDown!
01-01 08:00:52.760 D/BackBootDealerNeimeng( 2358): standbyState:
01-01 08:00:52.761 E/NetUtils( 2018): Interface eth0 LinkDown!
01-01 08:00:52.923 E/WifiStateMachine( 2018): WifiStateMachine CMD_START_SCAN source -2 txSuccessRate=2.47 rxSuccessRate=1.78 targetRoamBSSID=78:11:dc:10:d5:2d RSSI=-20
01-01 08:00:53.261 D/BackBootDealerNeimeng( 2358): standbyState:
01-01 08:00:53.262 E/NetUtils( 2018): Interface eth0 LinkDown!
01-01 08:00:53.762 D/BackBootDealerNeimeng( 2358): standbyState:
01-01 08:00:53.764 E/NetUtils( 2018): Interface eth0 LinkDown!
01-01 08:00:54.264 D/BackBootDealerNeimeng( 2358): standbyState:
01-01 08:00:54.265 E/NetUtils( 2018): Interface eth0 LinkDown!
01-01 08:00:54.655 I/EthernetNetworkFactory( 2018): updateInterfaceState :the mIface is:eth0iface is wlan0 true
01-01 08:00:54.674 E/WifiAutoJoinController ( 2018): Xiaomi_D52C 78:11:dc:10:d5:2d rssi=-20 cap [WPA-PSK-CCMP+TKIP][WPA2-PSK-CCMP+TKIP][WPS][ESS] is not scored
01-01 08:00:54.675 E/WifiAutoJoinController ( 2018): MERCURY_AD88 e4:f3:f5:aa:ad:88 rssi=-34 cap [WPA-PSK-CCMP][WPA2-PSK-CCMP][ESS] is not scored
01-01 08:00:54.675 E/WifiAutoJoinController ( 2018): GDWL 86:79:73:27:8c:0d rssi=-50 cap [WPA-PSK-CCMP][WPA2-PSK-CCMP][ESS] is not scored
01-01 08:00:54.676 E/WifiAutoJoinController ( 2018): TP-LINK_11AF56 9c:21:6a:11:af:56 rssi=-53 cap [WPA-PSK-CCMP][WPA2-PSK-CCMP][WPS][ESS] is not scored
01-01 08:00:54.676 E/WifiAutoJoinController ( 2018): GDWL 86:79:73:27:8c:19 rssi=-38 cap [WPA-PSK-CCMP][WPA2-PSK-CCMP][ESS] is not scored
01-01 08:00:54.676 E/WifiAutoJoinController ( 2018): TP-LINK_BAF2C2 0c:72:2c:ba:f2:c2 rssi=-57 cap [WPA-PSK-CCMP][WPA2-PSK-CCMP][WPS][ESS] is not scored
01-01 08:00:54.677 E/WifiAutoJoinController ( 2018): GDWL 86:79:73:27:8c:13 rssi=-69 cap [WPA-PSK-CCMP][WPA2-PSK-CCMP][ESS] is not scored
01-01 08:00:54.677 E/WifiAutoJoinController ( 2018): GDWL 86:79:73:27:8c:11 rssi=-68 cap [WPA-PSK-CCMP][WPA2-PSK-CCMP][ESS] is not scored
01-01 08:00:54.677 E/WifiAutoJoinController ( 2018): GDWL 86:79:73:27:8c:1d rssi=-72 cap [WPA-PSK-CCMP][WPA2-PSK-CCMP][ESS] is not scored
01-01 08:00:54.678 E/WifiAutoJoinController ( 2018): WLGS 1c:fa:68:05:a3:5a rssi=-76 cap [WPA-PSK-CCMP][WPA2-PSK-CCMP][WPS][ESS] is not scored
01-01 08:00:54.678 E/WifiAutoJoinController ( 2018): CMCC 06:11:b5:17:bd:d5 rssi=-70 cap [WPA-EAP-CCMP+TKIP][WPA2-EAP-CCMP+TKIP][ESS] is not scored
01-01 08:00:54.679 E/WifiAutoJoinController ( 2018): GDWL 86:79:73:27:8c:27 rssi=-76 cap [WPA-PSK-CCMP][WPA2-PSK-CCMP][ESS] is not scored
01-01 08:00:54.679 E/WifiAutoJoinController ( 2018): GDWL 86:79:73:27:87:8f rssi=-75 cap [WPA-PSK-CCMP][WPA2-PSK-CCMP][ESS] is not scored
01-01 08:00:54.679 E/WifiAutoJoinController ( 2018): 17WiFi_LAFA_2G 78:a3:51:32:07:f0 rssi=-80 cap [WPA-PSK-CCMP][WPA2-PSK-CCMP][ESS] is not scored
01-01 08:00:54.680 E/WifiAutoJoinController ( 2018):  84:79:73:27:8c:19 rssi=-32 cap [WEP][ESS] is not scored
01-01 08:00:54.680 E/WifiAutoJoinController ( 2018):  84:79:73:27:8c:0d rssi=-52 cap [WEP][ESS] is not scored
01-01 08:00:54.681 E/WifiAutoJoinController ( 2018):  84:79:73:27:8c:1d rssi=-73 cap [WEP][ESS] is not scored
01-01 08:00:54.681 E/WifiAutoJoinController ( 2018):  84:79:73:27:87:8f rssi=-72 cap [WEP][ESS] is not scored
01-01 08:00:54.682 E/WifiAutoJoinController ( 2018):  84:79:73:27:8c:11 rssi=-68 cap [WEP][ESS] is not scored
01-01 08:00:54.682 E/WifiAutoJoinController ( 2018): MERCURY_EDE4 e4:f3:f5:6a:ed:e4 rssi=-47 cap [ESS] is not scored
01-01 08:00:54.683 E/WifiAutoJoinController ( 2018): CMCC-family 0a:11:b5:17:bd:d5 rssi=-68 cap [ESS] is not scored
01-01 08:00:54.683 E/WifiAutoJoinController ( 2018): CMCC-WEB 00:11:b5:17:bd:d5 rssi=-68 cap [ESS] is not scored
01-01 08:00:54.683 E/WifiAutoJoinController ( 2018): and-Business 0e:11:b5:17:bd:d5 rssi=-72 cap [ESS] is not scored
01-01 08:00:54.684 E/WifiAutoJoinController ( 2018): Office_Net e4:f3:f5:a4:00:c0 rssi=-69 cap [WPA-PSK-CCMP][WPA2-PSK-CCMP][ESS] is not scored
