01-01 08:00:16.638 W/PackageManager( 2018): Not granting permission android.permission.DELETE_PACKAGES to package com.newayte.nvideo.tv (protectionLevel=18 flags=0x88be44)
01-01 08:00:16.638 W/PackageManager( 2018): Not granting permission android.permission.INSTALL_PACKAGES to package com.newayte.nvideo.tv (protectionLevel=18 flags=0x88be44)
01-01 08:00:16.638 W/PackageManager( 2018): Unknown permission com.android.smspush.WAPPUSH_MANAGER_BIND in package com.android.phone
01-01 08:00:16.639 W/PackageManager( 2018): Unknown permission com.android.launcher.permission.WRITE_SETTINGS in package com.suma.midware.setting
01-01 08:00:16.640 W/PackageManager( 2018): Unknown permission com.android.launcher.permission.READ_SETTINGS in package com.suma.midware.setting
01-01 08:00:16.640 W/PackageManager( 2018): Unknown permission android.permission.SYSTEM_OVERLAY_WINDOW in package com.hisilicon.android.pqsetting
01-01 08:00:16.728 V/FingerprintService( 2018): startListening(android.service.fingerprint.IFingerprintServiceReceiver$Stub$Proxy@2fce712d)
01-01 08:00:16.769 I/ActivityManager( 2018): Start proc 2218:com.android.externalstorage/u0a3 for broadcast com.android.externalstorage/.MountReceiver
01-01 08:00:16.874 I/SystemServiceManager( 2018): Starting phase 600
01-01 08:00:16.877 I/BackupManagerService( 2018): Backup enabled => false
01-01 08:00:16.877 I/BackupManagerService( 2018): Opting out of backup
01-01 08:00:16.882 E/InputMethodManagerService( 2018): Ignoring setImeWindowStatus due to an invalid token. uid:1000 token:null
01-01 08:00:16.884 W/InputMethodManagerService( 2018): Skipping input method ComponentInfo{com.suma.midware.back/com.suma.midware.back.sanping.input.SoftInputService}: it does not require the permission android.permission.BIND_INPUT_METHOD
01-01 08:00:16.919 I/ActivityManager( 2018): Start proc 2317:com.amlogic.inputmethod.remote/u0a19 for service com.amlogic.inputmethod.remote/.RemoteIME
01-01 08:00:16.919 V/InputMethodManagerService( 2018): Adding window token: android.os.Binder@103b14fc
01-01 08:00:16.938 W/LocationManagerService( 2018): no network location provider found
01-01 08:00:16.940 E/LocationManagerService( 2018): no geocoder provider found
01-01 08:00:16.941 E/LocationManagerService( 2018): FLP HAL not supported
01-01 08:00:16.943 E/LocationManagerService( 2018): Unable to bind FLP Geofence proxy.
01-01 08:00:16.944 E/LocationManagerService( 2018): Hardware Activity-Recognition not supported.
01-01 08:00:16.949 I/MmsServiceBroker( 2018): Delay connecting to MmsService until an API is called
01-01 08:00:16.993 I/ActivityManager( 2018): Start proc 2358:com.suma.midware.back/1000 for added application com.suma.midware.back
01-01 08:00:17.025 I/ActivityManager( 2018): Start proc 2380:com.hisilicon.android.hiRMService/1000 for added application com.hisilicon.android.hiRMService
01-01 08:00:17.058 I/ActivityManager( 2018): Start proc 2414:com.suma.midware.dms/1000 for added application com.suma.midware.dms
01-01 08:00:17.137 I/ActivityManager( 2018): Start proc 2445:com.suma.midware.global/1000 for added application com.suma.midware.global
01-01 08:00:17.169 I/ActivityManager( 2018): Start proc 2464:com.android.phone/1001 for added application com.android.phone
01-01 08:00:17.170 I/ActivityManager( 2018): START u0 {act=android.intent.action.MAIN cat=[android.intent.category.HOME] flg=0x10000000 cmp=com.suma.midware.home/.third.Main3DActivity} from uid 0 on display 0
01-01 08:00:17.177 V/WindowManager( 2018): addAppToken: AppWindowToken{38e06854 token=Token{2979eba7 ActivityRecord{1292ec66 u0 com.suma.midware.home/.third.Main3DActivity t547}}} to stack=0 task=547 at 0
01-01 08:00:17.211 I/ActivityManager( 2018): Start proc 2485:com.suma.midware.home/1000 for activity com.suma.midware.home/.third.Main3DActivity
01-01 08:00:17.212 I/SystemServer( 2018): NGB ClassLoader dalvik.system.PathClassLoader[DexPathList[[],nativeLibraryDirectories=[/vendor/lib, /system/lib]]], parent dalvik.system.PathClassLoader[DexPathList[[zip file "/system/framework/services.jar", zip file "/system/framework/ethernet-service.jar", zip file "/system/framework/wifi-service.jar"],nativeLibraryDirectories=[/vendor/lib, /system/lib]]]
01-01 08:00:17.213 E/SystemServer( 2018): Some exception in loading class com.android.server.NgbEventManagerService
01-01 08:00:17.214 E/SystemServer( 2018): Can not get NGB Event Manager Service
01-01 08:00:17.215 W/SystemServer( 2018): ***********************************************
01-01 08:00:17.215 F/SystemServer( 2018): BOOT FAILURE making NGB Event Manager Service ready
01-01 08:00:17.215 F/SystemServer( 2018): java.lang.ClassNotFoundException: com.android.server.NgbEventManagerService
01-01 08:00:17.215 F/SystemServer( 2018): 	at java.lang.Class.classForName(Native Method)
01-01 08:00:17.215 F/SystemServer( 2018): 	at java.lang.Class.forName(Class.java:309)
01-01 08:00:17.215 F/SystemServer( 2018): 	at java.lang.Class.forName(Class.java:273)
01-01 08:00:17.215 F/SystemServer( 2018): 	at com.android.server.SystemServer.run(SystemServer.java:304)
01-01 08:00:17.215 F/SystemServer( 2018): 	at com.android.server.SystemServer.main(SystemServer.java:178)
01-01 08:00:17.215 F/SystemServer( 2018): 	at java.lang.reflect.Method.invoke(Native Method)
01-01 08:00:17.215 F/SystemServer( 2018): 	at java.lang.reflect.Method.invoke(Method.java:372)
01-01 08:00:17.215 F/SystemServer( 2018): 	at com.android.internal.os.ZygoteInit$MethodAndArgsCaller.run(ZygoteInit.java:903)
01-01 08:00:17.215 F/SystemServer( 2018): 	at com.android.internal.os.ZygoteInit.main(ZygoteInit.java:698)
01-01 08:00:17.215 F/SystemServer( 2018): Caused by: java.lang.ClassNotFoundException: Didn't find class "com.android.server.NgbEventManagerService" on path: DexPathList[[zip file "/system/framework/services.jar", zip file "/system/framework/ethernet-service.jar", zip file "/system/framework/wifi-service.jar"],nativeLibraryDirectories=[/vendor/lib, /system/lib]]
01-01 08:00:17.215 F/SystemServer( 2018): 	at dalvik.system.BaseDexClassLoader.findClass(BaseDexClassLoader.java:56)
01-01 08:00:17.215 F/SystemServer( 2018): 	at java.lang.ClassLoader.loadClass(ClassLoader.java:511)
01-01 08:00:17.215 F/SystemServer( 2018): 	at java.lang.ClassLoader.loadClass(ClassLoader.java:469)
01-01 08:00:17.215 F/SystemServer( 2018): 	... 9 more
01-01 08:00:17.215 F/SystemServer( 2018): 	Suppressed: java.lang.ClassNotFoundException: Didn't find class "com.android.server.NgbEventManagerService" on path: DexPathList[[directory "."],nativeLibraryDirectories=[/vendor/lib, /system/lib]]
01-01 08:00:17.215 F/SystemServer( 2018): 		at dalvik.system.BaseDexClassLoader.findClass(BaseDexClassLoader.java:56)
01-01 08:00:17.215 F/SystemServer( 2018): 		at java.lang.ClassLoader.loadClass(ClassLoader.java:511)
01-01 08:00:17.215 F/SystemServer( 2018): 		at java.lang.ClassLoader.loadClass(ClassLoader.java:504)
01-01 08:00:17.215 F/SystemServer( 2018): 		... 10 more
01-01 08:00:17.215 F/SystemServer( 2018): 		Suppressed: java.lang.ClassNotFoundException: com.android.server.NgbEventManagerService
01-01 08:00:17.215 F/SystemServer( 2018): 			at java.lang.Class.classForName(Native Method)
01-01 08:00:17.215 F/SystemServer( 2018): 			at java.lang.BootClassLoader.findClass(ClassLoader.java:781)
01-01 08:00:17.215 F/SystemServer( 2018): 			at java.lang.BootClassLoader.loadClass(ClassLoader.java:841)
01-01 08:00:17.215 F/SystemServer( 2018): 			at java.lang.ClassLoader.loadClass(ClassLoader.java:504)
01-01 08:00:17.215 F/SystemServer( 2018): 			... 11 more
01-01 08:00:17.215 F/SystemServer( 2018): 		Caused by: java.lang.NoClassDefFoundError: Class not found using the boot class loader; no stack available
01-01 08:00:17.232 W/ActivityManager( 2018): Unable to start service Intent { cmp=com.android.printspooler/.model.PrintSpoolerService } U=0: not found
01-01 08:00:17.236 E/SystemServer( 2018): Some exception in loading class com.android.server.NgbInputEventService
01-01 08:00:17.238 E/SystemServer( 2018): Can not get NGB Input Event Service
01-01 08:00:17.238 I/SystemServer( 2018): [DCAS] CASEventManagerService
01-01 08:00:17.238 I/SystemServer( 2018): catch throw
01-01 08:00:17.239 I/SystemServer( 2018): Enabled StrictMode for system server main thread.
01-01 08:00:17.240 V/ActivityManager( 2018): Display changed displayId=0
01-01 08:00:17.275 V/ActivityManager( 2018): Display changed displayId=0
01-01 08:00:17.333 I/Telecom ( 2018): TelecomGlobals: TelecomGlobals initializing
01-01 08:00:17.335 E/ActivityThread( 2018): Failed to find provider info for call_log
01-01 08:00:17.400 I/Telecom ( 2018): TelecomGlobals: CallsManager initialized
01-01 08:00:17.400 W/ContextImpl( 2018): Calling a method in the system process without a qualified user: android.app.ContextImpl.startService:1710 android.content.ContextWrapper.startService:516 com.android.server.telecom.BluetoothPhoneService.start:440 com.android.server.telecom.TelecomGlobals.initialize:93 com.android.server.telecom.TelecomService.onCreate:164 
01-01 08:00:17.402 V/CameraObserver( 2018): Intent.ACTION_CAMERA_PLUG: state: 0:name:video0
01-01 08:00:17.403 W/ContextImpl( 2018): Calling a method in the system process without a qualified user: android.app.ContextImpl.sendBroadcast:1345 com.android.server.CameraObserver.sendIntent:116 com.android.server.CameraObserver.access$000:37 com.android.server.CameraObserver$1.handleMessage:122 android.os.Handler.dispatchMessage:102 
01-01 08:00:17.404 D/ZenLog  ( 2018): downtime: Autotrigger skipped: not in downtime
01-01 08:00:17.408 W/ResourcesManager( 2018): Asset path '/system/framework/com.android.location.provider.jar' does not exist or contains no resources.
01-01 08:00:17.412 V/WiredAccessoryManager( 2018): init()
01-01 08:00:17.415 V/WiredAccessoryManager( 2018): newName=hdmi newState=16 headsetState=16 prev headsetState=0
01-01 08:00:17.436 W/AppWidgetServiceImpl( 2018): Failed to read state: java.io.FileNotFoundException: /data/system/users/0/appwidgets.xml: open failed: ENOENT (No such file or directory)
01-01 08:00:17.436 V/AppWidgetServiceImpl( 2018): Upgrading widget database from 0 to 1
01-01 08:00:17.443 V/BackupManagerService( 2018): Connected to transport ComponentInfo{android/com.android.internal.backup.LocalTransportService}
01-01 08:00:17.444 V/BackupManagerService( 2018): Registering transport android/com.android.internal.backup.LocalTransportService::android/com.android.internal.backup.LocalTransport = android.app.backup.BackupTransport$TransportImpl@3e571767
01-01 08:00:17.448 W/ContextImpl( 2414): Calling a method in the system process without a qualified user: android.app.ContextImpl.bindService:1774 android.content.ContextWrapper.bindService:539 com.suma.midware.prop.i.b:-1 com.suma.midware.prop.i.a:-1 com.suma.midware.prop.BaseClientApplication.onCreate:-1 
01-01 08:00:17.465 V/WiredAccessoryManager( 2018): device hdmi connected
01-01 08:00:17.495 W/ContextImpl( 2445): Calling a method in the system process without a qualified user: android.app.ContextImpl.bindService:1774 android.content.ContextWrapper.bindService:539 com.suma.midware.prop.i.b:-1 com.suma.midware.prop.i.a:-1 com.suma.midware.global.GlobalApplication.onCreate:-1 
01-01 08:00:17.536 W/ContextImpl( 2485): Calling a method in the system process without a qualified user: android.app.ContextImpl.bindService:1774 android.content.ContextWrapper.bindService:539 com.suma.midware.prop.i.b:-1 com.suma.midware.prop.i.a:-1 com.suma.midware.home.HomeApplication.onCreate:-1 
01-01 08:00:17.592 W/ContextImpl( 2358): Calling a method in the system process without a qualified user: android.app.ContextImpl.startService:1710 android.content.ContextWrapper.startService:516 com.suma.midware.back.boot.ServiceBoot.b:-1 com.suma.midware.back.BackService.onCreate:-1 android.app.ActivityThread.handleCreateService:2761 
01-01 08:00:17.593 W/ContextImpl( 2358): Calling a method in the system process without a qualified user: android.app.ContextImpl.startService:1710 android.content.ContextWrapper.startService:516 com.suma.midware.back.boot.ServiceBoot.b:-1 com.suma.midware.back.BackService.onCreate:-1 android.app.ActivityThread.handleCreateService:2761 
01-01 08:00:17.604 W/ContextImpl( 2358): Calling a method in the system process without a qualified user: android.app.ContextImpl.startService:1710 android.content.ContextWrapper.startService:516 com.suma.midware.back.boot.neimeng.BackBootDealerNeimeng.a:-1 com.suma.midware.back.boot.ServiceBoot.b:-1 com.suma.midware.back.BackService.onCreate:-1 
01-01 08:00:17.650 D/WifiService( 2018): New client listening to asynchronous messages
01-01 08:00:17.723 E/ConnectivityService( 2018): Failed to find Messenger in unregisterNetworkFactory
01-01 08:00:17.724 D/ConnectivityService( 2018): Got NetworkFactory Messenger for Telephony
01-01 08:00:17.810 I/ActivityManager( 2018): Start proc 2569:com.sumavision.android.media.v/u0a22 for broadcast com.sumavision.android.media.v/com.sumavision.android.media.c.MediaAppProReceiver
01-01 08:00:17.811 E/ActivityThread( 2464): Failed to find provider info for com.android.contacts
01-01 08:00:17.861 I/StatusBarManagerService( 2018): registerStatusBar bar=com.android.internal.statusbar.IStatusBar$Stub$Proxy@1f9d671b
01-01 08:00:18.351 D/WifiService( 2018): New client listening to asynchronous messages
01-01 08:00:18.373 D/ConnectivityService( 2018): listenForNetwork for NetworkRequest [ id=2, legacyType=-1, [] ]
01-01 08:00:18.423 E/ActivityThread( 2160): Failed to find provider info for com.android.contacts
01-01 08:00:18.970 D/WifiService( 2018): New client listening to asynchronous messages
01-01 08:00:19.936 D/ConnectivityService( 2018): Got NetworkFactory Messenger for WIFI
01-01 08:00:19.936 D/ConnectivityService( 2018): Got NetworkFactory Messenger for WIFI_UT
01-01 08:00:21.103 W/ContextImpl( 2485): Calling a method in the system process without a qualified user: android.app.ContextImpl.sendBroadcast:1345 android.content.ContextWrapper.sendBroadcast:377 com.suma.midware.view.ext.BluetoothUpdate.b:-1 com.suma.midware.home.third.Main3DActivity.onResume:-1 android.app.Instrumentation.callActivityOnResume:1257 
01-01 08:00:21.117 D/WifiService( 2018): New client listening to asynchronous messages
01-01 08:00:21.122 W/ContextImpl( 2485): Calling a method in the system process without a qualified user: android.app.ContextImpl.sendBroadcast:1345 android.content.ContextWrapper.sendBroadcast:377 android.app.ActivityThread.performResumeActivity:2982 android.app.ActivityThread.handleResumeActivity:3023 android.app.ActivityThread.handleLaunchActivity:2392 
01-01 08:00:21.135 V/WindowManager( 2018): Based on layer: Adding window Window{136c75dc u0 com.suma.midware.home/com.suma.midware.home.third.Main3DActivity} at 1 of 6
01-01 08:00:21.172 V/WindowManager( 2018): Adding window Window{1776c5ba u0 SurfaceView} at 1 of 7 (before Window{136c75dc u0 com.suma.midware.home/com.suma.midware.home.third.Main3DActivity})
01-01 08:00:21.177 V/WindowManager( 2018): Adding window Window{3a3913c8 u0 SurfaceView} at 2 of 8 (before Window{136c75dc u0 com.suma.midware.home/com.suma.midware.home.third.Main3DActivity})
01-01 08:00:21.212 W/KeyguardServiceDelegate( 2018): onScreenTurnedOn(): no keyguard service!
01-01 08:00:21.459 I/SystemServiceManager( 2018): Starting phase 1000
01-01 08:00:21.486 I/ActivityManager( 2018): Start proc 2647:com.android.keychain/1000 for service com.android.keychain/.KeyChainService
01-01 08:00:21.486 V/ActivityManager( 2018): Display changed displayId=0
01-01 08:00:21.486 W/BroadcastQueue( 2018): Permission Denial: receiving Intent { act=android.intent.action.BOOT_COMPLETED flg=0x8000010 (has extras) } to ProcessRecord{1bcde65b 2160:com.android.systemui/u0a7} (pid=2160, uid=10007) requires android.permission.RECEIVE_BOOT_COMPLETED due to sender null (uid 1000)
01-01 08:00:21.487 W/BroadcastQueue( 2018): Permission Denial: receiving Intent { act=android.intent.action.BOOT_COMPLETED flg=0x8000010 (has extras) } to ProcessRecord{1bcde65b 2160:com.android.systemui/u0a7} (pid=2160, uid=10007) requires android.permission.RECEIVE_BOOT_COMPLETED due to sender null (uid 1000)
01-01 08:00:21.488 W/BroadcastQueue( 2018): Permission Denial: receiving Intent { act=android.intent.action.BOOT_COMPLETED flg=0x8000010 (has extras) } to com.android.systemui/.BootReceiver requires android.permission.RECEIVE_BOOT_COMPLETED due to sender null (uid 1000)
01-01 08:00:21.489 W/BroadcastQueue( 2018): Permission Denial: receiving Intent { act=android.intent.action.BOOT_COMPLETED flg=0x8000010 (has extras) } to com.android.phone/.OtaStartupReceiver requires android.permission.RECEIVE_BOOT_COMPLETED due to sender null (uid 1000)
01-01 08:00:21.489 W/BroadcastQueue( 2018): Permission Denial: receiving Intent { act=android.intent.action.BOOT_COMPLETED flg=0x8000010 (has extras) } to com.newayte.nvideo.tv/com.newayte.nvideo.BootCompletedReceiver requires android.permission.RECEIVE_BOOT_COMPLETED due to sender null (uid 1000)
01-01 08:00:21.490 W/BroadcastQueue( 2018): Permission Denial: receiving Intent { act=android.intent.action.BOOT_COMPLETED flg=0x8000010 (has extras) } to com.android.providers.downloads/.DownloadReceiver requires android.permission.RECEIVE_BOOT_COMPLETED due to sender null (uid 1000)
01-01 08:00:21.490 W/BroadcastQueue( 2018): Permission Denial: receiving Intent { act=android.intent.action.BOOT_COMPLETED flg=0x8000010 (has extras) } to com.android.managedprovisioning/.BootReminder requires android.permission.RECEIVE_BOOT_COMPLETED due to sender null (uid 1000)
01-01 08:00:21.490 W/BroadcastQueue( 2018): Permission Denial: receiving Intent { act=android.intent.action.BOOT_COMPLETED flg=0x8000010 (has extras) } to com.android.providers.media/.MediaScannerReceiver requires android.permission.RECEIVE_BOOT_COMPLETED due to sender null (uid 1000)
01-01 08:00:21.490 W/BroadcastQueue( 2018): Permission Denial: receiving Intent { act=android.intent.action.BOOT_COMPLETED flg=0x8000010 (has extras) } to com.android.providers.media/.MtpReceiver requires android.permission.RECEIVE_BOOT_COMPLETED due to sender null (uid 1000)
01-01 08:00:21.492 W/ContextImpl( 2380): Calling a method in the system process without a qualified user: android.app.ContextImpl.startService:1710 android.content.ContextWrapper.startService:516 android.content.ContextWrapper.startService:516 com.hisilicon.android.hiRMService.HiRMBroadcastReceiver.onReceive:21 android.app.ActivityThread.handleReceiver:2609 
01-01 08:00:21.497 I/BootReceiver( 2018): Copying audit failures to DropBox
01-01 08:00:21.497 I/BootReceiver( 2018): Checking for fsck errors
01-01 08:00:21.513 D/WifiService( 2018): New client listening to asynchronous messages
01-01 08:00:21.553 W/BroadcastQueue( 2018): Permission Denial: receiving Intent { act=android.intent.action.BOOT_COMPLETED flg=0x8000010 (has extras) } to com.huan.appstore/.receiver.DeviceBootReceiver requires android.permission.RECEIVE_BOOT_COMPLETED due to sender null (uid 1000)
01-01 08:00:21.585 I/ActivityManager( 2018): Start proc 2673:com.sumavision.admindm/1000 for broadcast com.sumavision.admindm/.StartSessionBroadcastReceiver
01-01 08:00:21.623 W/ContextImpl( 2673): Calling a method in the system process without a qualified user: android.app.ContextImpl.startService:1710 android.content.ContextWrapper.startService:516 android.content.ContextWrapper.startService:516 com.sumavision.admindm.StartSessionBroadcastReceiver.onReceive:-1 android.app.ActivityThread.handleReceiver:2609 
01-01 08:00:21.627 W/ContextImpl( 2414): Calling a method in the system process without a qualified user: android.app.ContextImpl.startService:1710 android.content.ContextWrapper.startService:516 android.content.ContextWrapper.startService:516 com.suma.midware.dms.util.DmsUtil.a:-1 com.suma.midware.dms.util.DmsUtil.a:-1 
01-01 08:00:21.628 W/AlarmManager( 2018): Suspiciously short interval 5000 millis; expanding to 60 seconds
01-01 08:00:21.630 W/ContextImpl( 2445): Calling a method in the system process without a qualified user: android.app.ContextImpl.startService:1710 android.content.ContextWrapper.startService:516 com.suma.midware.global.receiver.BootReceiver.onReceive:-1 android.app.ActivityThread.handleReceiver:2609 android.app.ActivityThread.access$1700:151 
01-01 08:00:21.632 W/AlarmManager( 2018): Suspiciously short interval 10000 millis; expanding to 60 seconds
01-01 08:00:21.637 W/ContextImpl( 2358): Calling a method in the system process without a qualified user: android.app.ContextImpl.startService:1710 android.content.ContextWrapper.startService:516 android.content.ContextWrapper.startService:516 com.suma.midware.back.BackReceiver.onReceive:-1 android.app.ActivityThread.handleReceiver:2609 
01-01 08:00:21.671 I/ActivityManager( 2018): Start proc 2693:com.suma.midware.setting/1000 for broadcast com.suma.midware.setting/.BootReceiver
01-01 08:00:21.674 W/AlarmManager( 2018): Suspiciously short interval 5000 millis; expanding to 60 seconds
01-01 08:00:21.724 W/ContextImpl( 2673): Calling a method in the system process without a qualified user: android.app.ContextImpl.bindService:1774 android.content.ContextWrapper.bindService:539 com.suma.midware.prop.i.c:-1 com.suma.midware.prop.i.a:-1 com.sumavision.b.a.<init>:-1 
01-01 08:00:21.746 W/ContextImpl( 2485): Calling a method in the system process without a qualified user: android.app.ContextImpl.sendBroadcast:1345 android.content.ContextWrapper.sendBroadcast:377 com.suma.midware.home.third.Main3DActivity.a:-1 com.suma.midware.home.third.h.a:-1 com.sumavision.engine.core.base.c.onDrawFrame:-1 
01-01 08:00:21.750 W/ContextImpl( 2693): Calling a method in the system process without a qualified user: android.app.ContextImpl.bindService:1774 android.content.ContextWrapper.bindService:539 com.suma.midware.prop.i.b:-1 com.suma.midware.prop.i.a:-1 com.suma.midware.setting.SetApplication.onCreate:-1 
01-01 08:00:21.763 W/ContextImpl( 2693): Calling a method in the system process without a qualified user: android.app.ContextImpl.startService:1710 android.content.ContextWrapper.startService:516 android.content.ContextWrapper.startService:516 com.suma.midware.setting.BootReceiver.onReceive:-1 android.app.ActivityThread.handleReceiver:2609 
01-01 08:00:21.766 W/AlarmManager( 2018): Suspiciously short interval 10000 millis; expanding to 60 seconds
01-01 08:00:21.767 W/BroadcastQueue( 2018): Permission Denial: receiving Intent { act=android.intent.action.BOOT_COMPLETED flg=0x8000010 (has extras) } to com.ktcp.video/.receiver.CHRestoreBroadcastReceiver requires android.permission.RECEIVE_BOOT_COMPLETED due to sender null (uid 1000)
01-01 08:00:21.768 W/BroadcastQueue( 2018): Permission Denial: receiving Intent { act=android.intent.action.BOOT_COMPLETED flg=0x8000010 (has extras) } to com.ktcp.video/com.ktcp.msg.lib.BootCompletedReceiver requires android.permission.RECEIVE_BOOT_COMPLETED due to sender null (uid 1000)
01-01 08:00:21.768 W/BroadcastQueue( 2018): Permission Denial: receiving Intent { act=android.intent.action.BOOT_COMPLETED flg=0x8000010 (has extras) } to com.ktcp.video/com.tencent.oma.push.BootstrapReceiver requires android.permission.RECEIVE_BOOT_COMPLETED due to sender null (uid 1000)
01-01 08:00:21.768 W/BroadcastQueue( 2018): Permission Denial: receiving Intent { act=android.intent.action.BOOT_COMPLETED flg=0x8000010 (has extras) } to com.ktcp.video/.receiver.BootstrapProjectionReceiver requires android.permission.RECEIVE_BOOT_COMPLETED due to sender null (uid 1000)
01-01 08:00:21.768 W/BroadcastQueue( 2018): Permission Denial: receiving Intent { act=android.intent.action.BOOT_COMPLETED flg=0x8000010 (has extras) } to com.ktcp.video/com.tencent.qqlivetv.android.recommendation.RecommendReceiver requires android.permission.RECEIVE_BOOT_COMPLETED due to sender null (uid 1000)
01-01 08:00:21.768 W/BroadcastQueue( 2018): Permission Denial: receiving Intent { act=android.intent.action.BOOT_COMPLETED flg=0x8000010 (has extras) } to com.ktcp.video/.receiver.AutoBootReceiver requires android.permission.RECEIVE_BOOT_COMPLETED due to sender null (uid 1000)
01-01 08:00:21.814 D/WifiService( 2018): New client listening to asynchronous messages
01-01 08:00:31.124 I/ActivityManager( 2018): START u0 {act=com.suma.midware.action.channel.play cmp=com.suma.midware.dvb/.play.PlayActivity (has extras)} from uid 1000 on display 0
01-01 08:00:31.131 V/WindowManager( 2018): addAppToken: AppWindowToken{191fa6cc token=Token{257db8ff ActivityRecord{322ab81e u0 com.suma.midware.dvb/.play.PlayActivity t548}}} to stack=1 task=548 at 0
01-01 08:00:31.143 V/WindowManager( 2018): Adding window Window{1b6ab591 u0 Starting com.suma.midware.dvb} at 4 of 9 (after Window{136c75dc u0 com.suma.midware.home/com.suma.midware.home.third.Main3DActivity})
01-01 08:00:31.143 W/ContextImpl( 2485): Calling a method in the system process without a qualified user: android.app.ContextImpl.sendBroadcast:1345 android.content.ContextWrapper.sendBroadcast:377 android.app.ActivityThread.performPauseActivity:3259 android.app.ActivityThread.performPauseActivity:3225 android.app.ActivityThread.handlePauseActivity:3200 
01-01 08:00:31.200 I/ActivityManager( 2018): Start proc 2761:com.suma.midware.dvb/1000 for activity com.suma.midware.dvb/.play.PlayActivity
01-01 08:00:31.338 W/ContextImpl( 2761): Calling a method in the system process without a qualified user: android.app.ContextImpl.bindService:1774 android.content.ContextWrapper.bindService:539 com.suma.midware.prop.i.b:-1 com.suma.midware.prop.i.a:-1 com.suma.midware.dvb.DvbApplication.onCreate:-1 
01-01 08:00:31.758 D/WifiService( 2018): New client listening to asynchronous messages
01-01 08:00:31.803 E/ActivityThread( 2761): Failed to find provider info for com.suma.midware.update
01-01 08:00:31.805 I/ActivityManager( 2018): Force stopping com.suma.midware.vod appid=1000 user=0: from pid 2761
01-01 08:00:31.807 D/ActivityThread( 2761): Loading provider com.suma.midware.provider.ubas: com.suma.midware.back.db.UbaProvider
--------- beginning of main
01-01 08:00:31.871 D/Media   ( 2358): [[[[[[[[[]]]]]]]]]]ngb-media-player-event:12b128a
01-01 08:00:31.872 D/PlayNgbDealer( 2358): [TN_MediaManager]onPlayerEvent index=0,event=org.ngb.media.PlayerEvent[source=class org.ngb.media.PlayerEvent]
01-01 08:00:31.872 I/System.out( 2358): [DEBUG NGB_FRONT_PANEL] Invoke the method clear to clear the content on the front panel
01-01 08:00:31.872 D/PlayerHandler( 2358): [TN_MediaManager]sendPlayEvent index=0,type=3,reason=-1,rate=0.00000,size=0
01-01 08:00:31.873 I/System.out( 2358): [DEBUG EPGManager] Get instance of epg manager
01-01 08:00:31.874 D/PropManager( 2761): [TN_ThreadUtil-2]getBaseManager className=TunerManager,pkgName=com.suma.midware.dvb
01-01 08:00:31.874 V/SUMA    ( 1581): [adapter][info] rocme_adapter_frontpanel_show_time:on_off=0
01-01 08:00:31.874 V/PT      ( 1581): >>INFO:rocme_porting_frontpanel_show_string:not have keyled
01-01 08:00:31.875 V/SUMA    ( 1581): [resman-s][onTransact 216]code[0x12000105] client pid = 2358
01-01 08:00:31.875 V/SUMA    ( 1581): [resman-s][onTransact 1574]leave transact client pid = 2358
01-01 08:00:31.875 V/SUMA    ( 2358): [resman-c][Roc_Tuner_GetNumber 933]leave !!!
01-01 08:00:31.875 D/EPGmanager( 2358): [EPGManagerNative-JNI]		Get number of tuner :1
01-01 08:00:31.876 D/FrontPanelNative( 2358): the String length 0, the max 4
01-01 08:00:31.878 D/TunerNgbDealer( 2358): [TN_Binder_1]scanFreqImpl 0 channel=[DirectChannel@32501b]channelID[0]oNetID[1]tsID[31]serviceID[3102]freq[371000]name[CCTV-1高清]serviceType[8]attr[16384]serialNum[1]serialNum4[1]pcrPID[49]refServiceID[-1],isAsy=true
01-01 08:00:31.878 D/TunerNgbDealer( 2358): [TN_Binder_1]reserveTuner 0 tunerDes=[TunerDes@164ce9ee]isLock[false]isReserve[true]nHandle[0]moduleName[null]ni[org.davic.net.tuning.NetworkInterface@a1a4e8f]nic[org.ngb.broadcast.dvb.tuning.DvbNetworkInterfaceController@22bd351c]ds[[CableDeliverySystem@1544d8dd]freq[371000]fecOuter[0]modulation[3]symbolRate[6875]fecInner[0]]
01-01 08:00:31.878 V/SUMA    ( 1581): [adapter][info] rocme_adapter_frontpanel_show_time:on_off=0
01-01 08:00:31.878 V/PT      ( 1581): >>INFO:rocme_porting_frontpanel_show_string:not have keyled
01-01 08:00:31.878 D/tuning  ( 2358): ^^^^ts.type=0x44
01-01 08:00:31.878 D/tuning  ( 2358): ^^^^call tuner with type=0x44, freq=371000, symbolRate=6875, modulation=3,pos = 0
01-01 08:00:31.878 D/tuning  ( 2358): ^^^^Calling tune with freq=371000, symbol=6875, modulation=3
01-01 08:00:31.878 V/SUMA    ( 2358): [vtuner-c][vtuner_scanning 219]enter! 
01-01 08:00:31.878 V/SUMA    ( 1581): [vtuner-s][onTransact]enter!!! TRANS_CODE_VTUNER_SCAN
01-01 08:00:31.878 I/System.out( 2358): [DEBUG networkInterface] You see: NI listener's size=1
01-01 08:00:31.878 V/SUMA    ( 1581): [VTUNER] vtuner_scanning() enter !!! freq=[371000 6875 3] type=0 index=0
01-01 08:00:31.878 V/SUMA    ( 1581): >> Roc_Tuner_CableScanning beginning : time = 35871 ms 
01-01 08:00:31.878 V/SUMA    ( 1581): [VTUNER] resman_tuner_lock() leave !!! tuner id=0 ret=0
01-01 08:00:31.878 D/TunerNgbDealer( 2358): [TN_Thread-86]receiveNIEvent event=org.davic.net.tuning.NetworkInterfaceTuningEvent[source=org.davic.net.tuning.NetworkInterface@a1a4e8f]
01-01 08:00:31.878 V/SUMA    ( 1581): [VTUNER] vtuner_scanning() leave!!! tuner_index=0 ret=0
01-01 08:00:31.878 V/SUMA    ( 1581): [vtuner-s][onTransact]leave!!! TRANS_CODE_VTUNER_SCAN tuner_index=0x0 ret=0
01-01 08:00:31.878 V/PT      ( 1581): >>INFO:rocme_porting_frontpanel_show_string:not have keyled
01-01 08:00:31.879 V/SUMA    ( 2358): [vtuner-c][vtuner_scanning 234]leave! tuner_index=0 ret=0 
01-01 08:00:31.879 D/tuning  ( 2358): cable. result=0
01-01 08:00:31.879 D/EpgPFDirectReceiver( 2358): [TN_Binder_3]start channel=[DirectChannel@32501b]channelID[0]oNetID[1]tsID[31]serviceID[3102]freq[371000]name[CCTV-1高清]serviceType[8]attr[16384]serialNum[1]serialNum4[1]pcrPID[49]refServiceID[-1],overTime=0,defaultOverTime=6000
01-01 08:00:31.880 I/System.out( 2358): [DEBUG EPGManager] [EPGManager]-PF-retrieve service with 1st method !
01-01 08:00:31.881 I/System.out( 2358): [DEBUG NGB_FRONT_PANEL] To display text on the front panel, and the text is:P001::the align is 0--align_center
01-01 08:00:31.881 V/SUMA    ( 1581): [adapter][info] rocme_adapter_frontpanel_show_time:on_off=0
01-01 08:00:31.881 V/PT      ( 1581): >>INFO:rocme_porting_frontpanel_show_string:not have keyled
01-01 08:00:31.881 V/PT      ( 1581): >>INFO:rocme_porting_frontpanel_show_string:not have keyled
01-01 08:00:31.882 D/SysEventBaseDealer( 2358): [TN_Binder_1]resetSignalState index=0,infos=[Lcom.suma.midware.back.sysevent.g;@6247009
01-01 08:00:31.882 D/SysEventBaseDealer( 2358): [TN_Binder_1]resetSignalState index=0,info=[PlayStateInfo@3ebb5ddc]index[0]signalState[1]caState[-1]caErrCode[0]channel[null]
01-01 08:00:31.882 D/PlayActivity( 2761): the notes is::visible is:1:the dialog visible is:4
01-01 08:00:31.883 D/EPGmanager( 2358): [EPGManagerNative-JNI]		Registering monitor, and type = 4
01-01 08:00:31.883 V/SUMA    ( 1581): [si-s][onTransact 171][onTransact 171] code[0x10000018]
01-01 08:00:31.883 V/SUMA    ( 2358): [si-c][dvb_si_evt_cbk_enreg 1659]leave !!!
01-01 08:00:31.884 D/EPGmanager( 2358): [EPGManagerNative-JNI]		Registering monitor, and type = 0
01-01 08:00:31.884 V/SUMA    ( 1581): [si-s][onTransact 171][onTransact 171] code[0x10000018]
01-01 08:00:31.884 V/SUMA    ( 2358): [si-c][dvb_si_evt_cbk_enreg 1659]leave !!!
01-01 08:00:31.884 I/System.out( 2358): [DEBUG EPGQueryThread] screg key=24614, handle =1
01-01 08:00:31.884 D/EPGmanager( 2358): [EPGManagerNative-JNI]		Registering monitor, and type = 5
01-01 08:00:31.884 D/DataBase( 2358): [TN_Binder_2]setCurChannel index=0,lastChannelNum=2,channel=[DirectChannel@32501b]channelID[0]oNetID[1]tsID[31]serviceID[3102]freq[371000]name[CCTV-1高清]serviceType[8]attr[16384]serialNum[1]serialNum4[1]pcrPID[49]refServiceID[-1],database=com.suma.midware.back.database.neimeng.DirectDataBaseNeimeng@20ebee0a
01-01 08:00:31.884 V/SUMA    ( 1581): [si-s][onTransact 171][onTransact 171] code[0x10000018]
01-01 08:00:31.884 D/DataBase( 2358): [TN_Binder_2]setCurChannel index=0,curChannel=[DirectChannel@32501b]channelID[0]oNetID[1]tsID[31]serviceID[3102]freq[371000]name[CCTV-1高清]serviceType[8]attr[16384]serialNum[1]serialNum4[1]pcrPID[49]refServiceID[-1]
01-01 08:00:31.884 V/SUMA    ( 2358): [si-c][dvb_si_evt_cbk_enreg 1659]leave !!!
01-01 08:00:31.884 I/System.out( 2358): [DEBUG EPGQueryThread] screg event key=24614, handle =2
01-01 08:00:31.884 D/skia    ( 2761): ---- fAsset->read(1024) returned 0
01-01 08:00:31.887 D/PlayActivity( 2761): requestAdv adv advType :6:channel:[DirectChannel@32501b]channelID[0]oNetID[1]tsID[31]serviceID[3102]freq[371000]name[CCTV-1高清]serviceType[8]attr[16384]serialNum[1]serialNum4[1]pcrPID[49]refServiceID[-1]
01-01 08:00:31.887 D/EPGmanager( 2358): getProgramServiceNFollowing f.frequency:371000   ,f.type: 68 ,setFrequence 0
01-01 08:00:31.887 D/EsgNeiMengDealer( 2358): findRightAdv,curAreaId:0:curAcId:0
01-01 08:00:31.887 V/SUMA    ( 1581): [dvb_server_dbs] EIT_GET_TABLE,err[1],[0x1][0x1f][0xc1e]
01-01 08:00:31.887 D/EsgNeiMengDealer( 2358): [TN_Binder_2]findRightAdv areaCode=0
01-01 08:00:31.887 V/SUMA    ( 1581): [eit] eit_pf_tmr_start() Roc_Timer_Start ok !!! timeout=90000
01-01 08:00:31.887 D/EsgNeiMengDealer( 2358): [TN_Binder_2]findRightAdv groupIndex=0
01-01 08:00:31.887 D/EsgNeiMengDealer( 2358): [TN_Binder_2]findRightAdv adType=6,locator=[EsgLocator@32501b]oNetID[1]tsID[31]serviceID[3102]freq[371000],size=3
01-01 08:00:31.887 V/SUMA    ( 1581): [eit] dvb_si_eit_dbs_get_table() leave, chanid=0 freq=371000, onid=0x1, tsid=0x1f, svid=0xc1e, type=0x0
01-01 08:00:31.887 D/EPGmanager( 2358): ProgramServiceNFollowing 
01-01 08:00:31.887 D/EsgNeiMengDealer( 2358): [TN_Binder_2]findRightAdv curTime=1420070431887,hasLocalGroup=false,formatTime=20150101 080031
01-01 08:00:31.888 D/PlayActivity( 2761): getAdvs end,advType:6:advs:[]
01-01 08:00:31.888 D/PropManager( 2761): [TN_ThreadUtil-2]getBaseManager className=SoundManager,pkgName=com.suma.midware.dvb
01-01 08:00:31.888 V/SUMA    ( 1581): Roc_ResMan_Tuner_Modify(index=0)[new: 371000, old: 371000 ver=123]. 
01-01 08:00:31.888 V/PT      ( 1581): >> HI3798C_INFO:rocme_porting_tuner_scanning- 
01-01 08:00:31.889 V/PT      ( 1581): Freq = 371000, Sym = 6875, QAM = 3 
01-01 08:00:31.889 V/PT      ( 1581):  
01-01 08:00:31.889 D/PlayActivity( 2761): dealMessageTile,curChannel:[DirectChannel@32501b]channelID[0]oNetID[1]tsID[31]serviceID[3102]freq[371000]name[CCTV-1高清]serviceType[8]attr[16384]serialNum[1]serialNum4[1]pcrPID[49]refServiceID[-1]:isChannelIvideoShift:false
01-01 08:00:31.889 D/PlayActivity( 2761): dealViewAnimation and view is :com.autolayout.AutoRelativeLayout{2e11d461 V.E..... ......I. 0,0-0,0 #7f0b01e4 app:id/playcontrol_message_tile}, oldState is :4, destiState is :0, isNeedAct is :false, type is :6
01-01 08:00:31.891 D/PlayActivity( 2761): dealViewAnimation and view is :com.autolayout.AutoRelativeLayout{2263edba V.E..... ......I. 0,0-0,0 #7f0b01e7 app:id/playcontrol_channel_num}, oldState is :4, destiState is :0, isNeedAct is :false, type is :0
01-01 08:00:31.892 I/System.out( 2358): [DEBUG EPGManager] The service is null !
01-01 08:00:31.893 I/System.out( 2358): [DEBUG EPGQueryThread] Add epg request:org.ngb.toolkit.epg.EPGManager$4@19e6a6e9
01-01 08:00:31.893 W/System.err( 2761): java.lang.NumberFormatException: Invalid int: "null"
01-01 08:00:31.893 D/PlayExcuter( 2761): [TN_ThreadUtil-2]setSound sound=7,tract=1,soundType=2
01-01 08:00:31.893 D/PlayExcuter( 2761): [TN_ThreadUtil-2]setSound sound=7,tract=1
01-01 08:00:31.894 D/SoundAndroidAdmin( 2358): [TN_Binder_4]checkVolume volume=7,nowVolume=1,maxVolume=15,lastVolume=1
01-01 08:00:31.894 D/SoundNgbAdmin( 2358): [TN_Binder_4]setVolume volume=7,isEffect=false,result=true
01-01 08:00:31.894 W/System.err( 2761): 	at java.lang.Integer.invalidInt(Integer.java:138)
01-01 08:00:31.894 W/System.err( 2761): 	at java.lang.Integer.parseInt(Integer.java:358)
01-01 08:00:31.894 W/System.err( 2761): 	at java.lang.Integer.parseInt(Integer.java:334)
01-01 08:00:31.894 W/System.err( 2761): 	at java.lang.Integer.valueOf(Integer.java:525)
01-01 08:00:31.894 W/System.err( 2761): 	at com.suma.midware.dvb.play.a.e(Unknown Source)
01-01 08:00:31.894 W/System.err( 2761): 	at com.suma.midware.dvb.play.PlayActivity.onResume(Unknown Source)
01-01 08:00:31.894 W/System.err( 2761): 	at android.app.Instrumentation.callActivityOnResume(Instrumentation.java:1257)
01-01 08:00:31.894 W/System.err( 2761): 	at android.app.Activity.performResume(Activity.java:6076)
01-01 08:00:31.894 W/System.err( 2761): 	at android.app.ActivityThread.performResumeActivity(ActivityThread.java:2975)
01-01 08:00:31.894 W/System.err( 2761): 	at android.app.ActivityThread.handleResumeActivity(ActivityThread.java:3023)
01-01 08:00:31.894 W/System.err( 2761): 	at android.app.ActivityThread.handleLaunchActivity(ActivityThread.java:2392)
01-01 08:00:31.894 W/System.err( 2761): 	at android.app.ActivityThread.access$800(ActivityThread.java:151)
01-01 08:00:31.894 W/System.err( 2761): 	at android.app.ActivityThread$H.handleMessage(ActivityThread.java:1303)
01-01 08:00:31.894 W/System.err( 2761): 	at android.os.Handler.dispatchMessage(Handler.java:102)
01-01 08:00:31.894 W/System.err( 2761): 	at android.os.Looper.loop(Looper.java:135)
01-01 08:00:31.894 W/System.err( 2761): 	at android.app.ActivityThread.main(ActivityThread.java:5267)
01-01 08:00:31.894 W/System.err( 2761): 	at java.lang.reflect.Method.invoke(Native Method)
01-01 08:00:31.894 W/System.err( 2761): 	at java.lang.reflect.Method.invoke(Method.java:372)
01-01 08:00:31.894 W/System.err( 2761): 	at com.android.internal.os.ZygoteInit$MethodAndArgsCaller.run(ZygoteInit.java:903)
01-01 08:00:31.894 W/System.err( 2761): 	at com.android.internal.os.ZygoteInit.main(ZygoteInit.java:698)
01-01 08:00:31.895 V/SUMA    ( 1581): roc_ss_get_item:get ROC_SYSSET_MUTE OK 
01-01 08:00:31.895 D/SoundNgbAdmin( 2358): [TN_Binder_4]isMute state=false
01-01 08:00:31.895 D/SoundAndroidAdmin( 2358): [TN_Binder_4]setVolume volume=7,isMute=false,isEffect=false,maxVolume=15,lastVolume=1
01-01 08:00:31.896 V/SUMA    ( 1581): roc_ss_set_item:set ROC_SYSSET_TRACK OK 
01-01 08:00:31.896 D/SoundNgbAdmin( 2358): [TN_Binder_3]setTrack track=1,result=true
01-01 08:00:31.896 D/SoundAndroidAdmin( 2358): [TN_Binder_3]setTrack track=1
01-01 08:00:31.896 D/CaNgbDealer( 2358): [TN_Binder_2]getEmailCount type=0
01-01 08:00:31.898 V/SUMA    ( 2358): [cas-c][CA_Manager_GetCAProvider 922]enter !!!
01-01 08:00:31.898 V/SUMA    ( 2358): [cas-c][CA_Manager_GetCAProvider 936]leave !!!
01-01 08:00:31.898 V/SUMA    ( 2358): [cas-c][CA_Manager_GetEmailCount 1179]leave !!!
01-01 08:00:31.898 D/CAManagerNative( 2358): getAllCAMail emailCount=0
01-01 08:00:31.898 D/CAManagerNative( 2358): getAllCAMail totleCount=0,newCount=0,freeSpace=-1
01-01 08:00:31.898 D/PlayActivity( 2761): the mail note dealing is:0:visible:1
01-01 08:00:31.899 I/System.out( 2358): [DEBUG NGB_FRONT_PANEL] To display text on the front panel, and the text is:P001::the align is 0--align_center
01-01 08:00:31.899 V/SUMA    ( 1581): [adapter][info] rocme_adapter_frontpanel_show_time:on_off=0
01-01 08:00:31.899 V/PT      ( 1581): >>INFO:rocme_porting_frontpanel_show_string:not have keyled
01-01 08:00:31.899 V/PT      ( 1581): >>INFO:rocme_porting_frontpanel_show_string:not have keyled
01-01 08:00:31.899 D/PlayActivity( 2761): onResume end:35892
01-01 08:00:31.900 W/ContextImpl( 2761): Calling a method in the system process without a qualified user: android.app.ContextImpl.sendBroadcast:1345 android.content.ContextWrapper.sendBroadcast:377 android.app.ActivityThread.performResumeActivity:2982 android.app.ActivityThread.handleResumeActivity:3023 android.app.ActivityThread.handleLaunchActivity:2392 
01-01 08:00:31.906 D/OpenGLRenderer( 2761): Use EGL_SWAP_BEHAVIOR_PRESERVED: false
01-01 08:00:31.913 D/Atlas   ( 2761): Validating map...
01-01 08:00:31.917 V/WindowManager( 2018): Adding window Window{b7a09f5 u0 com.suma.midware.dvb/com.suma.midware.dvb.play.PlayActivity} at 4 of 10 (before Window{1b6ab591 u0 Starting com.suma.midware.dvb})
01-01 08:00:31.919 D/PropManager( 2761): [TN_main]onServiceConnected comp=ComponentInfo{com.suma.midware.back/com.suma.midware.back.BackService},binder=android.os.BinderProxy@30311d10,this.binder=android.os.BinderProxy@30311d10,pkgName=com.suma.midware.dvb,curCount=0,initState=2
01-01 08:00:31.919 D/PropManager( 2761): [TN_main]checkBinder already OK
01-01 08:00:31.919 D/PlayActivity( 2761): audioAdHandler.msg{ when=-74ms what=0 target=com.suma.midware.dvb.play.av }
01-01 08:00:32.150 D/SearchResult2DLayout( 2761): SearchResult2DLayout.thiscom.suma.midware.dvb.play.menu.a.dh{d634a21 V.E..... ......I. 0,0-0,0}
01-01 08:00:32.211 D/BackBootDealerNeimeng( 2358): standbyState:
01-01 08:00:32.211 E/NetUtils( 2018): Interface eth0 LinkDown!
01-01 08:00:32.252 D/WifiAdmin( 2485): [TN_main]dealWifiMsg action=android.net.wifi.STATE_CHANGE,intent=Intent { act=android.net.wifi.STATE_CHANGE flg=0x4000010 (has extras) }
01-01 08:00:32.252 D/HiRMService( 2380): mNetReceiver onReceive --android.net.wifi.STATE_CHANGE
01-01 08:00:32.252 D/WifiAdmin( 2693): [TN_main]dealWifiMsg action=android.net.wifi.STATE_CHANGE,intent=Intent { act=android.net.wifi.STATE_CHANGE flg=0x4000010 (has extras) }
01-01 08:00:32.253 D/WifiAdmin( 2485): [TN_main]dealWifiMsg action=android.net.wifi.supplicant.STATE_CHANGE,intent=Intent { act=android.net.wifi.supplicant.STATE_CHANGE flg=0x24000010 (has extras) }
01-01 08:00:32.253 D/WifiAdmin( 2693): [TN_main]dealWifiMsg action=android.net.wifi.supplicant.STATE_CHANGE,intent=Intent { act=android.net.wifi.supplicant.STATE_CHANGE flg=0x24000010 (has extras) }
01-01 08:00:32.277 I/wpa_supplicant( 2463): wlan0: WPA: Key negotiation completed with 78:11:dc:10:d5:2d [PTK=CCMP GTK=TKIP]
01-01 08:00:32.277 I/wpa_supplicant( 2463): wlan0: CTRL-EVENT-CONNECTED - Connection to 78:11:dc:10:d5:2d completed [id=3 id_str=]
01-01 08:00:32.278 I/EthernetNetworkFactory( 2018): updateInterfaceState :the mIface is:eth0iface is wlan0 true
01-01 08:00:32.280 D/HiRMService( 2380): mNetReceiver onReceive --android.net.wifi.STATE_CHANGE
01-01 08:00:32.280 D/WifiAdmin( 2485): [TN_main]dealWifiMsg action=android.net.wifi.STATE_CHANGE,intent=Intent { act=android.net.wifi.STATE_CHANGE flg=0x4000010 (has extras) }
01-01 08:00:32.280 D/WifiAdmin( 2693): [TN_main]dealWifiMsg action=android.net.wifi.STATE_CHANGE,intent=Intent { act=android.net.wifi.STATE_CHANGE flg=0x4000010 (has extras) }
01-01 08:00:32.281 D/HiRMService( 2380): mNetReceiver onReceive --android.net.wifi.STATE_CHANGE
01-01 08:00:32.283 D/WifiAdmin( 2693): [TN_main]dealWifiMsg action=android.net.wifi.STATE_CHANGE,intent=Intent { act=android.net.wifi.STATE_CHANGE flg=0x4000010 (has extras) }
01-01 08:00:32.283 D/WifiAdmin( 2485): [TN_main]dealWifiMsg action=android.net.wifi.STATE_CHANGE,intent=Intent { act=android.net.wifi.STATE_CHANGE flg=0x4000010 (has extras) }
01-01 08:00:32.287 D/ConnectivityService( 2018): registerNetworkAgent NetworkAgentInfo{ ni{[type: WIFI[], state: CONNECTING/CONNECTING, reason: (unspecified), extra: "Xiaomi_D52C", roaming: false, failover: false, isAvailable: true, isConnectedToProvisioningNetwork: false]}  network{null}  lp{{LinkAddresses: []  Routes: [] DnsAddresses: [] Domains: null MTU: 0 TcpBufferSizes: 524288,1048576,2097152,262144,524288,1048576}}  nc{[ Transports: WIFI Capabilities: INTERNET&NOT_RESTRICTED&TRUSTED&NOT_VPN LinkUpBandwidth>=1048576Kbps LinkDnBandwidth>=1048576Kbps]}  Score{20}  everValidated{false}  lastValidated{false}  created{false}  explicitlySelected{false} }
01-01 08:00:32.287 E/WifiConfigStore( 2018): saveWifiConfigBSSID Setting BSSID for "Xiaomi_D52C"WPA_PSK to any
01-01 08:00:32.287 D/ConnectivityService( 2018): NetworkAgentInfo [WIFI () - 100] EVENT_NETWORK_INFO_CHANGED, going from null to CONNECTING
01-01 08:00:32.289 E/WifiConfigStore( 2018): saveWifiConfigBSSID Setting BSSID for "Xiaomi_D52C"WPA_PSK to any
01-01 08:00:32.290 D/WifiAdmin( 2693): [TN_main]dealWifiMsg action=android.net.wifi.STATE_CHANGE,intent=Intent { act=android.net.wifi.STATE_CHANGE flg=0x4000010 (has extras) }
01-01 08:00:32.290 D/HiRMService( 2380): mNetReceiver onReceive --android.net.wifi.STATE_CHANGE
01-01 08:00:32.290 D/WifiAdmin( 2485): [TN_main]dealWifiMsg action=android.net.wifi.STATE_CHANGE,intent=Intent { act=android.net.wifi.STATE_CHANGE flg=0x4000010 (has extras) }
01-01 08:00:32.294 D/CommandListener( 1565): Setting iface cfg
01-01 08:00:32.296 E/WifiStateMachine( 2018): Start Dhcp Watchdog 1
01-01 08:00:32.296 D/PlayActivity( 2761): audioAdHandler.msg{ when=-427ms what=0 target=com.suma.midware.dvb.play.av }
01-01 08:00:32.297 D/PlayActivity( 2761): playHandler.msg{ when=-401ms what=244 obj=[Ljava.lang.Object;@ce1fd91 target=com.suma.midware.dvb.play.aw }
01-01 08:00:32.299 D/WifiAdmin( 2485): [TN_main]dealWifiMsg action=android.net.wifi.supplicant.STATE_CHANGE,intent=Intent { act=android.net.wifi.supplicant.STATE_CHANGE flg=0x24000010 (has extras) }
01-01 08:00:32.299 D/PlayNgbDealer( 2358): [TN_Binder_3]operatePlayerWindow index=0,playerNum=1,isAble=true
01-01 08:00:32.299 D/WifiAdmin( 2693): [TN_main]dealWifiMsg action=android.net.wifi.supplicant.STATE_CHANGE,intent=Intent { act=android.net.wifi.supplicant.STATE_CHANGE flg=0x24000010 (has extras) }
01-01 08:00:32.299 D/PlayNgbDealer( 2358): [TN_Binder_3]findPlayer index=0,findType=2,channelIndex=0
01-01 08:00:32.301 D/Media   ( 2358): ^^^^player openVideo.
01-01 08:00:32.301 V/SUMA    ( 1581): [NGBM] ngb_media_player_set_video_display enter !!! hplayer=0xff0000
01-01 08:00:32.301 V/SUMA    ( 1581): [NGBM] ngb_media_player_set_video_display leave hplayer=0xff0000 ret=0
01-01 08:00:32.301 D/PlayActivity( 2761): dealPlayNote data[0]:[DirectChannel@32501b]channelID[0]oNetID[1]tsID[31]serviceID[3102]freq[371000]name[CCTV-1高清]serviceType[8]attr[16384]serialNum[1]serialNum4[1]pcrPID[49]refServiceID[-1]:data[1]:SIGNAL
01-01 08:00:32.302 D/WifiAdmin( 2485): [TN_main]dealWifiMsg action=android.net.wifi.RSSI_CHANGED,intent=Intent { act=android.net.wifi.RSSI_CHANGED flg=0x4000010 (has extras) }
01-01 08:00:32.302 D/WifiAdmin( 2693): [TN_main]dealWifiMsg action=android.net.wifi.RSSI_CHANGED,intent=Intent { act=android.net.wifi.RSSI_CHANGED flg=0x4000010 (has extras) }
01-01 08:00:32.302 D/UbaDBOPerator( 2761): [TN_main]addAction ubaAction=[ChannelPlayAction@6b22db03]operateType[1]switchType[0]channelPlayStatus[4]actionTime[2015-01-01 08:00:31]status[0]channel[[DirectChannel@32501b]channelID[0]oNetID[1]tsID[31]serviceID[3102]freq[371000]name[CCTV-1高清]serviceType[8]attr[16384]serialNum[1]serialNum4[1]pcrPID[49]refServiceID[-1]]
01-01 08:00:32.302 D/ConnectivityService( 2018): updateNetworkScore for NetworkAgentInfo [WIFI () - 100] to 60
01-01 08:00:32.304 D/WifiAdmin( 2485): [TN_main]dealWifiMsg action=android.net.wifi.supplicant.STATE_CHANGE,intent=Intent { act=android.net.wifi.supplicant.STATE_CHANGE flg=0x24000010 (has extras) }
01-01 08:00:32.305 D/WifiAdmin( 2693): [TN_main]dealWifiMsg action=android.net.wifi.supplicant.STATE_CHANGE,intent=Intent { act=android.net.wifi.supplicant.STATE_CHANGE flg=0x24000010 (has extras) }
01-01 08:00:32.305 E/native  ( 2018): do suspend false
01-01 08:00:32.307 E/WifiStateMachine( 2018): Unexpected BatchedScanResults :OK
01-01 08:00:32.313 D/PlayActivity( 2761): dealLockDialog:type-1:value:-1
01-01 08:00:32.314 D/PlayActivity( 2761): dealViewAnimation and view is :com.autolayout.AutoRelativeLayout{4f38c74 I.E..... ......I. 0,0-0,0 #7f0b011b app:id/dialog_password_input}, oldState is :4, destiState is :4, isNeedAct is :false, type is :0
01-01 08:00:32.314 D/PlayActivity( 2761): the notes is:系统无信号:visible is:0:the dialog visible is:4
01-01 08:00:32.337 D/Model   ( 2673): addProfilBaseline1 and end addProfilBaseline1
01-01 08:00:32.337 D/Model   ( 2673): addDeviceInfoExt and start addDeviceInfoExt
01-01 08:00:32.347 D/Model   ( 2673): addDeviceInfoExt and end addDeviceInfoExt
01-01 08:00:32.347 D/Model   ( 2673): addTMSServiceInfo and start TMSServiceInfo
01-01 08:00:32.353 D/Model   ( 2673): addTMSServiceInfo and end TMSServiceInfo
01-01 08:00:32.353 D/Model   ( 2673): addSystemStatus and start SystemStatus
01-01 08:00:32.361 D/Model   ( 2673): addSystemStatus and end SystemStatus
01-01 08:00:32.361 D/Model   ( 2673): addServiceStatus and start addServiceStatus
01-01 08:00:32.371 D/Model   ( 2673): addServiceStatus and end addServiceStatus
01-01 08:00:32.371 D/Model   ( 2673): addHardwareStatus and start addHardwareStatus
01-01 08:00:32.375 D/Model   ( 2673): addHardwareStatus and start usbinfo
01-01 08:00:32.375 D/Model   ( 2673): addHardwareStatus and start BluetoothInfo
01-01 08:00:32.377 D/BluetoothManagerService( 2018): Message: 20
01-01 08:00:32.377 D/BluetoothManagerService( 2018): Added callback: android.bluetooth.IBluetoothManagerCallback$Stub$Proxy@e90e5f4:true
01-01 08:00:32.379 D/BluetoothAdapter( 2673): 751400920: getState() :  mService = null. Returning STATE_OFF
01-01 08:00:32.381 D/BluetoothManagerService( 2018): Message: 30
01-01 08:00:32.381 E/BluetoothInputDevice( 2673): Could not bind to Bluetooth HID Service with Intent { act=android.bluetooth.IBluetoothInputDevice }
01-01 08:00:32.382 D/BluetoothManagerService( 2018): Message: 30
01-01 08:00:32.383 E/BluetoothPan( 2673): Could not bind to Bluetooth Pan Service with Intent { act=android.bluetooth.IBluetoothPan }
01-01 08:00:32.384 D/BluetoothManagerService( 2018): Message: 30
